Java HotSpot(TM) 64-Bit Server VM (25.171-b11) for linux-amd64 JRE (1.8.0_171-b11), built on Mar 28 2018 17:07:08 by "java_re" with gcc 4.3.0 20080428 (Red Hat 4.3.0-8)
Memory: 4k page, physical 32883000k(29407444k free), swap 8000508k(8000508k free)
CommandLine flags: -XX:InitialHeapSize=1073741824 -XX:MaxHeapSize=1073741824 -XX:+PrintGC -XX:+PrintGCApplicationStoppedTime -XX:+PrintGCTimeStamps -XX:+UseCompressedClassPointers -XX:+UseCompressedOops -XX:+UseParallelGC 
0.207: Total time for which application threads were stopped: 0.0001247 seconds, Stopping threads took: 0.0000207 seconds
0.883: [GC (Allocation Failure)  262144K->7577K(1005056K), 0.0043238 secs]
0.888: Total time for which application threads were stopped: 0.0045836 seconds, Stopping threads took: 0.0000173 seconds
1.439: [GC (Allocation Failure)  269721K->5110K(1005056K), 0.0031108 secs]
1.442: Total time for which application threads were stopped: 0.0032673 seconds, Stopping threads took: 0.0000175 seconds
1.996: [GC (Allocation Failure)  267254K->2808K(1005056K), 0.0015153 secs]
1.997: Total time for which application threads were stopped: 0.0016569 seconds, Stopping threads took: 0.0000192 seconds
2.549: [GC (Allocation Failure)  264952K->5302K(1005056K), 0.0030298 secs]
2.552: Total time for which application threads were stopped: 0.0032011 seconds, Stopping threads took: 0.0000195 seconds
3.107: [GC (Allocation Failure)  267446K->5406K(1005056K), 0.0029703 secs]
3.110: Total time for which application threads were stopped: 0.0031608 seconds, Stopping threads took: 0.0000198 seconds
3.658: [GC (Allocation Failure)  267550K->5040K(1040896K), 0.0024468 secs]
3.661: Total time for which application threads were stopped: 0.0026374 seconds, Stopping threads took: 0.0000246 seconds
4.057: Total time for which application threads were stopped: 0.0001440 seconds, Stopping threads took: 0.0000589 seconds
4.362: [GC (Allocation Failure)  338864K->5064K(1040896K), 0.0029661 secs]
4.365: Total time for which application threads were stopped: 0.0031585 seconds, Stopping threads took: 0.0000317 seconds
5.029: [GC (Allocation Failure)  338888K->5136K(1041408K), 0.0021889 secs]
5.031: Total time for which application threads were stopped: 0.0023580 seconds, Stopping threads took: 0.0000271 seconds
5.695: [GC (Allocation Failure)  339984K->5280K(1041408K), 0.0023694 secs]
5.697: Total time for which application threads were stopped: 0.0025439 seconds, Stopping threads took: 0.0000195 seconds
6.359: [GC (Allocation Failure)  340128K->5496K(1041920K), 0.0024976 secs]
6.361: Total time for which application threads were stopped: 0.0026648 seconds, Stopping threads took: 0.0000272 seconds
7.030: [GC (Allocation Failure)  340856K->5160K(1041408K), 0.0021986 secs]
7.032: Total time for which application threads were stopped: 0.0023739 seconds, Stopping threads took: 0.0000185 seconds
7.694: [GC (Allocation Failure)  340520K->5368K(1041920K), 0.0024490 secs]
7.697: Total time for which application threads were stopped: 0.0025998 seconds, Stopping threads took: 0.0000183 seconds
8.369: [GC (Allocation Failure)  341240K->1153K(1035776K), 0.0005207 secs]
8.370: Total time for which application threads were stopped: 0.0006466 seconds, Stopping threads took: 0.0000194 seconds
9.034: [GC (Allocation Failure)  337025K->3361K(1041408K), 0.0011518 secs]
9.035: Total time for which application threads were stopped: 0.0012852 seconds, Stopping threads took: 0.0000192 seconds
9.700: [GC (Allocation Failure)  338209K->4865K(1041408K), 0.0017598 secs]
9.702: Total time for which application threads were stopped: 0.0019079 seconds, Stopping threads took: 0.0000195 seconds
10.367: [GC (Allocation Failure)  339713K->5128K(1041920K), 0.0021120 secs]
10.369: Total time for which application threads were stopped: 0.0022966 seconds, Stopping threads took: 0.0000185 seconds
11.035: [GC (Allocation Failure)  340488K->5336K(1041408K), 0.0023226 secs]
11.037: Total time for which application threads were stopped: 0.0025004 seconds, Stopping threads took: 0.0000269 seconds
11.702: [GC (Allocation Failure)  340696K->5576K(1041920K), 0.0027166 secs]
11.704: Total time for which application threads were stopped: 0.0028709 seconds, Stopping threads took: 0.0000181 seconds
12.374: [GC (Allocation Failure)  341448K->5272K(1041920K), 0.0022428 secs]
12.376: Total time for which application threads were stopped: 0.0024042 seconds, Stopping threads took: 0.0000187 seconds
13.043: [GC (Allocation Failure)  341144K->5528K(1041920K), 0.0026060 secs]
13.045: Total time for which application threads were stopped: 0.0027802 seconds, Stopping threads took: 0.0000257 seconds
13.711: [GC (Allocation Failure)  341400K->2529K(1041920K), 0.0009008 secs]
13.711: Total time for which application threads were stopped: 0.0010246 seconds, Stopping threads took: 0.0000172 seconds
14.374: [GC (Allocation Failure)  338401K->4769K(1041920K), 0.0016287 secs]
14.376: Total time for which application threads were stopped: 0.0017893 seconds, Stopping threads took: 0.0000196 seconds
15.041: [GC (Allocation Failure)  340641K->5208K(1041920K), 0.0023458 secs]
15.043: Total time for which application threads were stopped: 0.0025117 seconds, Stopping threads took: 0.0000269 seconds
15.706: [GC (Allocation Failure)  341080K->5480K(1041920K), 0.0026680 secs]
15.708: Total time for which application threads were stopped: 0.0028561 seconds, Stopping threads took: 0.0000278 seconds
16.371: [GC (Allocation Failure)  341352K->5192K(1041920K), 0.0023305 secs]
16.374: Total time for which application threads were stopped: 0.0025283 seconds, Stopping threads took: 0.0000269 seconds
17.035: [GC (Allocation Failure)  341064K->5448K(1041920K), 0.0023993 secs]
17.038: Total time for which application threads were stopped: 0.0025751 seconds, Stopping threads took: 0.0000193 seconds
17.702: [GC (Allocation Failure)  341320K->1633K(1041920K), 0.0008385 secs]
17.703: Total time for which application threads were stopped: 0.0009730 seconds, Stopping threads took: 0.0000183 seconds
18.361: [GC (Allocation Failure)  337505K->3905K(1041920K), 0.0013470 secs]
18.363: Total time for which application threads were stopped: 0.0014910 seconds, Stopping threads took: 0.0000196 seconds
19.026: [GC (Allocation Failure)  339777K->5128K(1041920K), 0.0022926 secs]
19.029: Total time for which application threads were stopped: 0.0024545 seconds, Stopping threads took: 0.0000259 seconds
19.690: [GC (Allocation Failure)  341000K->5320K(1041920K), 0.0025175 secs]
19.693: Total time for which application threads were stopped: 0.0026824 seconds, Stopping threads took: 0.0000271 seconds
20.357: [GC (Allocation Failure)  341192K->5032K(1041920K), 0.0022779 secs]
20.359: Total time for which application threads were stopped: 0.0024459 seconds, Stopping threads took: 0.0000265 seconds
21.021: [GC (Allocation Failure)  340904K->5400K(1041920K), 0.0023037 secs]
21.023: Total time for which application threads were stopped: 0.0024593 seconds, Stopping threads took: 0.0000256 seconds
21.686: [GC (Allocation Failure)  341272K->801K(1035776K), 0.0007183 secs]
21.687: Total time for which application threads were stopped: 0.0008718 seconds, Stopping threads took: 0.0000329 seconds
22.347: [GC (Allocation Failure)  336673K->3105K(1041408K), 0.0010921 secs]
22.349: Total time for which application threads were stopped: 0.0012381 seconds, Stopping threads took: 0.0000190 seconds
23.010: [GC (Allocation Failure)  337953K->4545K(1041408K), 0.0016295 secs]
23.012: Total time for which application threads were stopped: 0.0017799 seconds, Stopping threads took: 0.0000194 seconds
23.676: [GC (Allocation Failure)  339393K->5096K(1041920K), 0.0021538 secs]
23.678: Total time for which application threads were stopped: 0.0023203 seconds, Stopping threads took: 0.0000200 seconds
24.341: [GC (Allocation Failure)  340968K->5336K(1041920K), 0.0023484 secs]
24.343: Total time for which application threads were stopped: 0.0025127 seconds, Stopping threads took: 0.0000187 seconds
25.006: [GC (Allocation Failure)  341208K->5064K(1041920K), 0.0021081 secs]
25.009: Total time for which application threads were stopped: 0.0022729 seconds, Stopping threads took: 0.0000199 seconds
25.673: [GC (Allocation Failure)  340936K->5352K(1041920K), 0.0024453 secs]
25.675: Total time for which application threads were stopped: 0.0026137 seconds, Stopping threads took: 0.0000267 seconds
26.339: [GC (Allocation Failure)  341224K->5624K(1040896K), 0.0025685 secs]
26.341: Total time for which application threads were stopped: 0.0027388 seconds, Stopping threads took: 0.0000269 seconds
27.002: [GC (Allocation Failure)  340472K->2177K(1041408K), 0.0008468 secs]
27.003: Total time for which application threads were stopped: 0.0009892 seconds, Stopping threads took: 0.0000187 seconds
27.661: [GC (Allocation Failure)  337025K->3681K(1041408K), 0.0012464 secs]
27.662: Total time for which application threads were stopped: 0.0014001 seconds, Stopping threads took: 0.0000196 seconds
28.324: [GC (Allocation Failure)  338529K->5057K(1041408K), 0.0017342 secs]
28.325: Total time for which application threads were stopped: 0.0019074 seconds, Stopping threads took: 0.0000196 seconds
28.984: [GC (Allocation Failure)  339905K->5160K(1041920K), 0.0023527 secs]
28.986: Total time for which application threads were stopped: 0.0025207 seconds, Stopping threads took: 0.0000196 seconds
29.648: [GC (Allocation Failure)  341032K->5432K(1040384K), 0.0026665 secs]
29.651: Total time for which application threads were stopped: 0.0028348 seconds, Stopping threads took: 0.0000188 seconds
30.315: [GC (Allocation Failure)  341304K->5128K(1041920K), 0.0021052 secs]
30.317: Total time for which application threads were stopped: 0.0022679 seconds, Stopping threads took: 0.0000194 seconds
30.978: [GC (Allocation Failure)  340488K->5336K(1041408K), 0.0024063 secs]
30.980: Total time for which application threads were stopped: 0.0026222 seconds, Stopping threads took: 0.0000579 seconds
31.644: [GC (Allocation Failure)  340696K->5544K(1041920K), 0.0026354 secs]
31.647: Total time for which application threads were stopped: 0.0027930 seconds, Stopping threads took: 0.0000189 seconds
32.305: [GC (Allocation Failure)  341416K->2593K(1037312K), 0.0009748 secs]
32.306: Total time for which application threads were stopped: 0.0011120 seconds, Stopping threads took: 0.0000193 seconds
32.964: [GC (Allocation Failure)  338465K->4769K(1041920K), 0.0017430 secs]
32.966: Total time for which application threads were stopped: 0.0018878 seconds, Stopping threads took: 0.0000195 seconds
33.624: [GC (Allocation Failure)  340129K->5192K(1041408K), 0.0023287 secs]
33.626: Total time for which application threads were stopped: 0.0025165 seconds, Stopping threads took: 0.0000188 seconds
34.291: [GC (Allocation Failure)  340552K->5352K(1041920K), 0.0023638 secs]
34.293: Total time for which application threads were stopped: 0.0025640 seconds, Stopping threads took: 0.0000270 seconds
34.960: [GC (Allocation Failure)  341224K->5064K(1041920K), 0.0023604 secs]
34.962: Total time for which application threads were stopped: 0.0025491 seconds, Stopping threads took: 0.0000196 seconds
35.633: [GC (Allocation Failure)  340936K->5336K(1041920K), 0.0024417 secs]
35.636: Total time for which application threads were stopped: 0.0026028 seconds, Stopping threads took: 0.0000184 seconds
36.299: [GC (Allocation Failure)  341208K->801K(1035776K), 0.0006271 secs]
36.299: Total time for which application threads were stopped: 0.0007621 seconds, Stopping threads took: 0.0000266 seconds
36.957: [GC (Allocation Failure)  336673K->3113K(1041408K), 0.0010248 secs]
36.958: Total time for which application threads were stopped: 0.0011706 seconds, Stopping threads took: 0.0000195 seconds
37.618: [GC (Allocation Failure)  337961K->4521K(1041408K), 0.0015732 secs]
37.620: Total time for which application threads were stopped: 0.0017122 seconds, Stopping threads took: 0.0000166 seconds
38.284: [GC (Allocation Failure)  339369K->5104K(1041920K), 0.0021405 secs]
38.287: Total time for which application threads were stopped: 0.0023117 seconds, Stopping threads took: 0.0000280 seconds
38.949: [GC (Allocation Failure)  340976K->5344K(1041920K), 0.0025298 secs]
38.952: Total time for which application threads were stopped: 0.0027287 seconds, Stopping threads took: 0.0000193 seconds
39.620: [GC (Allocation Failure)  341216K->5072K(1041920K), 0.0021224 secs]
39.622: Total time for which application threads were stopped: 0.0022831 seconds, Stopping threads took: 0.0000241 seconds
40.289: [GC (Allocation Failure)  340944K->5296K(1041920K), 0.0024967 secs]
40.291: Total time for which application threads were stopped: 0.0026709 seconds, Stopping threads took: 0.0000270 seconds
40.955: [GC (Allocation Failure)  341168K->5584K(1041920K), 0.0027931 secs]
40.958: Total time for which application threads were stopped: 0.0029518 seconds, Stopping threads took: 0.0000197 seconds
41.622: [GC (Allocation Failure)  341456K->2889K(1037824K), 0.0010538 secs]
41.623: Total time for which application threads were stopped: 0.0011842 seconds, Stopping threads took: 0.0000191 seconds
42.283: [GC (Allocation Failure)  338761K->5065K(1041920K), 0.0019584 secs]
42.285: Total time for which application threads were stopped: 0.0021110 seconds, Stopping threads took: 0.0000198 seconds
42.950: [GC (Allocation Failure)  340425K->5232K(1041408K), 0.0022224 secs]
42.953: Total time for which application threads were stopped: 0.0023799 seconds, Stopping threads took: 0.0000195 seconds
43.624: [GC (Allocation Failure)  340592K->5456K(1041920K), 0.0025640 secs]
43.626: Total time for which application threads were stopped: 0.0027261 seconds, Stopping threads took: 0.0000179 seconds
44.291: [GC (Allocation Failure)  341328K->5136K(1041920K), 0.0022298 secs]
44.294: Total time for which application threads were stopped: 0.0023993 seconds, Stopping threads took: 0.0000181 seconds
44.958: [GC (Allocation Failure)  341008K->5392K(1041920K), 0.0023490 secs]
44.960: Total time for which application threads were stopped: 0.0025218 seconds, Stopping threads took: 0.0000275 seconds
45.621: [GC (Allocation Failure)  341264K->1161K(1035776K), 0.0006408 secs]
45.622: Total time for which application threads were stopped: 0.0007574 seconds, Stopping threads took: 0.0000189 seconds
46.278: [GC (Allocation Failure)  337033K->3369K(1041408K), 0.0011871 secs]
46.279: Total time for which application threads were stopped: 0.0013169 seconds, Stopping threads took: 0.0000188 seconds
46.935: [GC (Allocation Failure)  338217K->4873K(1041408K), 0.0017495 secs]
46.937: Total time for which application threads were stopped: 0.0019019 seconds, Stopping threads took: 0.0000194 seconds
47.593: [GC (Allocation Failure)  339721K->5136K(1041920K), 0.0027962 secs]
47.596: Total time for which application threads were stopped: 0.0029519 seconds, Stopping threads took: 0.0000202 seconds
48.253: [GC (Allocation Failure)  340496K->5328K(1041408K), 0.0023647 secs]
48.255: Total time for which application threads were stopped: 0.0025628 seconds, Stopping threads took: 0.0000273 seconds
48.917: [GC (Allocation Failure)  340688K->5584K(1041408K), 0.0028056 secs]
48.920: Total time for which application threads were stopped: 0.0029637 seconds, Stopping threads took: 0.0000196 seconds
49.587: [GC (Allocation Failure)  340432K->5200K(1041408K), 0.0021551 secs]
49.589: Total time for which application threads were stopped: 0.0023343 seconds, Stopping threads took: 0.0000257 seconds
50.247: [GC (Allocation Failure)  340048K->5360K(1041408K), 0.0022482 secs]
50.249: Total time for which application threads were stopped: 0.0024071 seconds, Stopping threads took: 0.0000196 seconds
50.907: [GC (Allocation Failure)  340208K->5488K(1041408K), 0.0027506 secs]
50.910: Total time for which application threads were stopped: 0.0029131 seconds, Stopping threads took: 0.0000269 seconds
51.566: [GC (Allocation Failure)  340336K->1577K(1041408K), 0.0006075 secs]
51.567: Total time for which application threads were stopped: 0.0007324 seconds, Stopping threads took: 0.0000266 seconds
52.225: [GC (Allocation Failure)  336425K->3113K(1041408K), 0.0011087 secs]
52.226: Total time for which application threads were stopped: 0.0012411 seconds, Stopping threads took: 0.0000187 seconds
52.885: [GC (Allocation Failure)  337961K->4521K(1041920K), 0.0016097 secs]
52.887: Total time for which application threads were stopped: 0.0017624 seconds, Stopping threads took: 0.0000189 seconds
53.550: [GC (Allocation Failure)  339881K->5136K(1041408K), 0.0021768 secs]
53.552: Total time for which application threads were stopped: 0.0023394 seconds, Stopping threads took: 0.0000197 seconds
54.223: [GC (Allocation Failure)  340496K->5344K(1040896K), 0.0025493 secs]
54.226: Total time for which application threads were stopped: 0.0027372 seconds, Stopping threads took: 0.0000257 seconds
54.889: [GC (Allocation Failure)  340192K->5560K(1041408K), 0.0025047 secs]
54.892: Total time for which application threads were stopped: 0.0026711 seconds, Stopping threads took: 0.0000193 seconds
55.556: [GC (Allocation Failure)  340408K->5144K(1041408K), 0.0022109 secs]
55.558: Total time for which application threads were stopped: 0.0024213 seconds, Stopping threads took: 0.0000191 seconds
56.221: [GC (Allocation Failure)  339992K->5352K(1041408K), 0.0024835 secs]
56.224: Total time for which application threads were stopped: 0.0026599 seconds, Stopping threads took: 0.0000267 seconds
56.881: [GC (Allocation Failure)  340200K->5464K(1041920K), 0.0025444 secs]
56.884: Total time for which application threads were stopped: 0.0027107 seconds, Stopping threads took: 0.0000195 seconds
57.539: [GC (Allocation Failure)  341336K->2161K(1036800K), 0.0007971 secs]
57.540: Total time for which application threads were stopped: 0.0009145 seconds, Stopping threads took: 0.0000184 seconds
58.200: [GC (Allocation Failure)  338033K->4305K(1041920K), 0.0017346 secs]
58.202: Total time for which application threads were stopped: 0.0018791 seconds, Stopping threads took: 0.0000196 seconds
58.859: [GC (Allocation Failure)  339665K->5112K(1041408K), 0.0021996 secs]
58.861: Total time for which application threads were stopped: 0.0023808 seconds, Stopping threads took: 0.0000276 seconds
59.519: [GC (Allocation Failure)  340472K->5304K(1041920K), 0.0024225 secs]
59.521: Total time for which application threads were stopped: 0.0025862 seconds, Stopping threads took: 0.0000267 seconds
60.182: [GC (Allocation Failure)  341176K->5016K(1041920K), 0.0020159 secs]
60.185: Total time for which application threads were stopped: 0.0021736 seconds, Stopping threads took: 0.0000189 seconds
60.845: [GC (Allocation Failure)  340888K->5288K(1041920K), 0.0023845 secs]
60.847: Total time for which application threads were stopped: 0.0025410 seconds, Stopping threads took: 0.0000183 seconds
61.508: [GC (Allocation Failure)  341160K->5560K(1041920K), 0.0025606 secs]
61.511: Total time for which application threads were stopped: 0.0027682 seconds, Stopping threads took: 0.0000538 seconds
62.173: [GC (Allocation Failure)  341432K->2673K(1041920K), 0.0010001 secs]
62.174: Total time for which application threads were stopped: 0.0011357 seconds, Stopping threads took: 0.0000270 seconds
62.839: [GC (Allocation Failure)  338545K->4913K(1041920K), 0.0016818 secs]
62.841: Total time for which application threads were stopped: 0.0018331 seconds, Stopping threads took: 0.0000196 seconds
63.503: [GC (Allocation Failure)  340785K->5224K(1041920K), 0.0021712 secs]
63.505: Total time for which application threads were stopped: 0.0023555 seconds, Stopping threads took: 0.0000246 seconds
64.170: [GC (Allocation Failure)  341096K->5512K(1041920K), 0.0025890 secs]
64.173: Total time for which application threads were stopped: 0.0027684 seconds, Stopping threads took: 0.0000261 seconds
64.839: [GC (Allocation Failure)  341384K->5216K(1041920K), 0.0021752 secs]
64.841: Total time for which application threads were stopped: 0.0023394 seconds, Stopping threads took: 0.0000190 seconds
65.503: [GC (Allocation Failure)  341088K->5472K(1041920K), 0.0025448 secs]
65.506: Total time for which application threads were stopped: 0.0027499 seconds, Stopping threads took: 0.0000274 seconds
66.169: [GC (Allocation Failure)  341344K->1753K(1040896K), 0.0006888 secs]
66.169: Total time for which application threads were stopped: 0.0008076 seconds, Stopping threads took: 0.0000191 seconds
66.832: [GC (Allocation Failure)  336601K->3257K(1041408K), 0.0014478 secs]
66.833: Total time for which application threads were stopped: 0.0015836 seconds, Stopping threads took: 0.0000187 seconds
67.489: [GC (Allocation Failure)  338105K->4761K(1041920K), 0.0017447 secs]
67.490: Total time for which application threads were stopped: 0.0018895 seconds, Stopping threads took: 0.0000193 seconds
68.150: [GC (Allocation Failure)  340121K->5216K(1041408K), 0.0021216 secs]
68.152: Total time for which application threads were stopped: 0.0022835 seconds, Stopping threads took: 0.0000200 seconds
68.817: [GC (Allocation Failure)  340576K->5376K(1041920K), 0.0025808 secs]
68.819: Total time for which application threads were stopped: 0.0027455 seconds, Stopping threads took: 0.0000196 seconds
69.486: [GC (Allocation Failure)  341248K->5088K(1041920K), 0.0022801 secs]
69.488: Total time for which application threads were stopped: 0.0024454 seconds, Stopping threads took: 0.0000191 seconds
70.153: [GC (Allocation Failure)  340960K->5360K(1041920K), 0.0024598 secs]
70.155: Total time for which application threads were stopped: 0.0026255 seconds, Stopping threads took: 0.0000194 seconds
70.820: [GC (Allocation Failure)  341232K->5632K(1041920K), 0.0026712 secs]
70.823: Total time for which application threads were stopped: 0.0028283 seconds, Stopping threads took: 0.0000189 seconds
71.485: [GC (Allocation Failure)  341504K->2969K(1041920K), 0.0010167 secs]
71.486: Total time for which application threads were stopped: 0.0011463 seconds, Stopping threads took: 0.0000190 seconds
72.147: [GC (Allocation Failure)  338841K->5113K(1041920K), 0.0019129 secs]
72.149: Total time for which application threads were stopped: 0.0020833 seconds, Stopping threads took: 0.0000267 seconds
72.808: [GC (Allocation Failure)  340985K->5248K(1041920K), 0.0022752 secs]
72.810: Total time for which application threads were stopped: 0.0024377 seconds, Stopping threads took: 0.0000196 seconds
73.469: [GC (Allocation Failure)  341120K->5536K(1041920K), 0.0025587 secs]
73.472: Total time for which application threads were stopped: 0.0027370 seconds, Stopping threads took: 0.0000190 seconds
74.137: [GC (Allocation Failure)  341408K->5248K(1041920K), 0.0021375 secs]
74.139: Total time for which application threads were stopped: 0.0023182 seconds, Stopping threads took: 0.0000257 seconds
74.798: [GC (Allocation Failure)  341120K->5472K(1041920K), 0.0025656 secs]
74.801: Total time for which application threads were stopped: 0.0027328 seconds, Stopping threads took: 0.0000269 seconds
75.460: [GC (Allocation Failure)  341344K->1785K(1040896K), 0.0009126 secs]
75.461: Total time for which application threads were stopped: 0.0010336 seconds, Stopping threads took: 0.0000193 seconds
76.117: [GC (Allocation Failure)  336633K->3289K(1041408K), 0.0011408 secs]
76.119: Total time for which application threads were stopped: 0.0012855 seconds, Stopping threads took: 0.0000252 seconds
76.774: [GC (Allocation Failure)  338137K->4729K(1041920K), 0.0016632 secs]
76.776: Total time for which application threads were stopped: 0.0018095 seconds, Stopping threads took: 0.0000192 seconds
77.432: [GC (Allocation Failure)  340089K->5216K(1041408K), 0.0022754 secs]
77.434: Total time for which application threads were stopped: 0.0024499 seconds, Stopping threads took: 0.0000273 seconds
78.093: [GC (Allocation Failure)  340576K->5376K(1041920K), 0.0023617 secs]
78.096: Total time for which application threads were stopped: 0.0025157 seconds, Stopping threads took: 0.0000255 seconds
78.758: [GC (Allocation Failure)  341248K->5088K(1041920K), 0.0022182 secs]
78.760: Total time for which application threads were stopped: 0.0023941 seconds, Stopping threads took: 0.0000188 seconds
79.419: [GC (Allocation Failure)  340960K->5360K(1041920K), 0.0023238 secs]
79.422: Total time for which application threads were stopped: 0.0024853 seconds, Stopping threads took: 0.0000271 seconds
80.084: [GC (Allocation Failure)  341232K->5600K(1041920K), 0.0027186 secs]
80.087: Total time for which application threads were stopped: 0.0028817 seconds, Stopping threads took: 0.0000187 seconds
80.745: [GC (Allocation Failure)  341472K->2969K(1041920K), 0.0011402 secs]
80.747: Total time for which application threads were stopped: 0.0012688 seconds, Stopping threads took: 0.0000184 seconds
81.404: [GC (Allocation Failure)  338841K->5081K(1041920K), 0.0018066 secs]
81.406: Total time for which application threads were stopped: 0.0019601 seconds, Stopping threads took: 0.0000200 seconds
82.065: [GC (Allocation Failure)  340953K->5296K(1041920K), 0.0024029 secs]
82.068: Total time for which application threads were stopped: 0.0025704 seconds, Stopping threads took: 0.0000199 seconds
82.742: [GC (Allocation Failure)  341168K->5536K(1041920K), 0.0025851 secs]
82.744: Total time for which application threads were stopped: 0.0027560 seconds, Stopping threads took: 0.0000272 seconds
83.407: [GC (Allocation Failure)  341408K->5216K(1041920K), 0.0022707 secs]
83.409: Total time for which application threads were stopped: 0.0024322 seconds, Stopping threads took: 0.0000195 seconds
84.067: [GC (Allocation Failure)  341088K->5424K(1041920K), 0.0024810 secs]
84.069: Total time for which application threads were stopped: 0.0026468 seconds, Stopping threads took: 0.0000188 seconds
84.729: [GC (Allocation Failure)  341296K->1785K(1040896K), 0.0006673 secs]
84.729: Total time for which application threads were stopped: 0.0007869 seconds, Stopping threads took: 0.0000193 seconds
85.385: [GC (Allocation Failure)  336633K->3289K(1041408K), 0.0011618 secs]
85.386: Total time for which application threads were stopped: 0.0013129 seconds, Stopping threads took: 0.0000191 seconds
86.044: [GC (Allocation Failure)  338137K->4761K(1041920K), 0.0017040 secs]
86.046: Total time for which application threads were stopped: 0.0018718 seconds, Stopping threads took: 0.0000194 seconds
86.711: [GC (Allocation Failure)  340121K->5184K(1041408K), 0.0021249 secs]
86.713: Total time for which application threads were stopped: 0.0022978 seconds, Stopping threads took: 0.0000270 seconds
87.373: [GC (Allocation Failure)  340544K->5360K(1041920K), 0.0025001 secs]
87.376: Total time for which application threads were stopped: 0.0026572 seconds, Stopping threads took: 0.0000191 seconds
88.036: [GC (Allocation Failure)  341232K->5088K(1041920K), 0.0020797 secs]
88.039: Total time for which application threads were stopped: 0.0022432 seconds, Stopping threads took: 0.0000195 seconds
88.698: [GC (Allocation Failure)  340960K->5360K(1041920K), 0.0024082 secs]
88.701: Total time for which application threads were stopped: 0.0025708 seconds, Stopping threads took: 0.0000184 seconds
89.363: [GC (Allocation Failure)  341232K->5600K(1041920K), 0.0027594 secs]
89.365: Total time for which application threads were stopped: 0.0029189 seconds, Stopping threads took: 0.0000191 seconds
90.022: [GC (Allocation Failure)  341472K->2969K(1041920K), 0.0010192 secs]
90.023: Total time for which application threads were stopped: 0.0011622 seconds, Stopping threads took: 0.0000335 seconds
90.690: [GC (Allocation Failure)  338841K->5081K(1041920K), 0.0017186 secs]
90.691: Total time for which application threads were stopped: 0.0018597 seconds, Stopping threads took: 0.0000164 seconds
91.356: [GC (Allocation Failure)  340953K->5264K(1041920K), 0.0022752 secs]
91.358: Total time for which application threads were stopped: 0.0024335 seconds, Stopping threads took: 0.0000198 seconds
92.021: [GC (Allocation Failure)  341136K->5552K(1041920K), 0.0025709 secs]
92.024: Total time for which application threads were stopped: 0.0027393 seconds, Stopping threads took: 0.0000270 seconds
92.685: [GC (Allocation Failure)  341424K->5216K(1041920K), 0.0022195 secs]
92.688: Total time for which application threads were stopped: 0.0023831 seconds, Stopping threads took: 0.0000269 seconds
93.349: [GC (Allocation Failure)  341088K->5456K(1041920K), 0.0026739 secs]
93.352: Total time for which application threads were stopped: 0.0028507 seconds, Stopping threads took: 0.0000282 seconds
94.012: [GC (Allocation Failure)  341328K->1785K(1040896K), 0.0007282 secs]
94.012: Total time for which application threads were stopped: 0.0008452 seconds, Stopping threads took: 0.0000184 seconds
94.671: [GC (Allocation Failure)  336633K->3289K(1041408K), 0.0011311 secs]
94.672: Total time for which application threads were stopped: 0.0012655 seconds, Stopping threads took: 0.0000188 seconds
95.334: [GC (Allocation Failure)  338137K->4761K(1041920K), 0.0016102 secs]
95.335: Total time for which application threads were stopped: 0.0019302 seconds, Stopping threads took: 0.0001599 seconds
95.991: [GC (Allocation Failure)  340121K->5184K(1041408K), 0.0022551 secs]
95.993: Total time for which application threads were stopped: 0.0024269 seconds, Stopping threads took: 0.0000269 seconds
96.655: [GC (Allocation Failure)  340544K->5360K(1041920K), 0.0025721 secs]
96.658: Total time for which application threads were stopped: 0.0027311 seconds, Stopping threads took: 0.0000195 seconds
97.319: [GC (Allocation Failure)  341232K->5088K(1041920K), 0.0020402 secs]
97.321: Total time for which application threads were stopped: 0.0022112 seconds, Stopping threads took: 0.0000200 seconds
97.991: [GC (Allocation Failure)  340960K->5344K(1041920K), 0.0023794 secs]
97.993: Total time for which application threads were stopped: 0.0025453 seconds, Stopping threads took: 0.0000192 seconds
98.656: [GC (Allocation Failure)  341216K->5616K(1041920K), 0.0026478 secs]
98.659: Total time for which application threads were stopped: 0.0027936 seconds, Stopping threads took: 0.0000171 seconds
99.321: [GC (Allocation Failure)  341488K->2873K(1041920K), 0.0009929 secs]
99.322: Total time for which application threads were stopped: 0.0011236 seconds, Stopping threads took: 0.0000195 seconds
99.982: [GC (Allocation Failure)  338745K->5081K(1041920K), 0.0020278 secs]
99.984: Total time for which application threads were stopped: 0.0021776 seconds, Stopping threads took: 0.0000198 seconds
100.656: [GC (Allocation Failure)  340953K->5312K(1041920K), 0.0022139 secs]
100.658: Total time for which application threads were stopped: 0.0023777 seconds, Stopping threads took: 0.0000195 seconds
101.327: [GC (Allocation Failure)  341184K->5552K(1041920K), 0.0027402 secs]
101.330: Total time for which application threads were stopped: 0.0029070 seconds, Stopping threads took: 0.0000197 seconds
101.994: [GC (Allocation Failure)  341424K->5248K(1041920K), 0.0023188 secs]
101.997: Total time for which application threads were stopped: 0.0024846 seconds, Stopping threads took: 0.0000188 seconds
102.660: [GC (Allocation Failure)  341120K->5456K(1041920K), 0.0024922 secs]
102.663: Total time for which application threads were stopped: 0.0026569 seconds, Stopping threads took: 0.0000193 seconds
103.328: [GC (Allocation Failure)  341328K->1977K(1040896K), 0.0007618 secs]
103.329: Total time for which application threads were stopped: 0.0008812 seconds, Stopping threads took: 0.0000256 seconds
103.990: [GC (Allocation Failure)  336825K->3385K(1041408K), 0.0015173 secs]
103.991: Total time for which application threads were stopped: 0.0016558 seconds, Stopping threads took: 0.0000186 seconds
104.653: [GC (Allocation Failure)  338233K->4889K(1041920K), 0.0016831 secs]
104.655: Total time for which application threads were stopped: 0.0018567 seconds, Stopping threads took: 0.0000197 seconds
105.319: [GC (Allocation Failure)  340249K->5184K(1041408K), 0.0022792 secs]
105.321: Total time for which application threads were stopped: 0.0024550 seconds, Stopping threads took: 0.0000197 seconds
105.988: [GC (Allocation Failure)  340544K->5392K(1041920K), 0.0024262 secs]
105.991: Total time for which application threads were stopped: 0.0025932 seconds, Stopping threads took: 0.0000193 seconds
106.654: [GC (Allocation Failure)  341264K->5088K(1041920K), 0.0021392 secs]
106.656: Total time for which application threads were stopped: 0.0023436 seconds, Stopping threads took: 0.0000271 seconds
107.326: [GC (Allocation Failure)  340960K->5392K(1041920K), 0.0023942 secs]
107.328: Total time for which application threads were stopped: 0.0025569 seconds, Stopping threads took: 0.0000189 seconds
107.995: [GC (Allocation Failure)  341264K->825K(1035776K), 0.0004799 secs]
107.996: Total time for which application threads were stopped: 0.0006025 seconds, Stopping threads took: 0.0000324 seconds
108.658: [GC (Allocation Failure)  336697K->3097K(1041408K), 0.0010949 secs]
108.659: Total time for which application threads were stopped: 0.0012304 seconds, Stopping threads took: 0.0000192 seconds
109.317: [GC (Allocation Failure)  337945K->4537K(1041408K), 0.0016462 secs]
109.318: Total time for which application threads were stopped: 0.0018002 seconds, Stopping threads took: 0.0000191 seconds
109.977: [GC (Allocation Failure)  339385K->5184K(1041920K), 0.0020717 secs]
109.979: Total time for which application threads were stopped: 0.0022519 seconds, Stopping threads took: 0.0000187 seconds
110.641: [GC (Allocation Failure)  341056K->5400K(1040384K), 0.0023124 secs]
110.644: Total time for which application threads were stopped: 0.0024859 seconds, Stopping threads took: 0.0000247 seconds
111.303: [GC (Allocation Failure)  341272K->5080K(1041920K), 0.0020354 secs]
111.305: Total time for which application threads were stopped: 0.0021977 seconds, Stopping threads took: 0.0000193 seconds
111.968: [GC (Allocation Failure)  340440K->5304K(1041408K), 0.0023619 secs]
111.970: Total time for which application threads were stopped: 0.0025269 seconds, Stopping threads took: 0.0000270 seconds
112.634: [GC (Allocation Failure)  340664K->5528K(1040896K), 0.0025731 secs]
112.636: Total time for which application threads were stopped: 0.0027403 seconds, Stopping threads took: 0.0000303 seconds
113.297: [GC (Allocation Failure)  340376K->1425K(1041408K), 0.0005552 secs]
113.298: Total time for which application threads were stopped: 0.0006785 seconds, Stopping threads took: 0.0000269 seconds
113.961: [GC (Allocation Failure)  336273K->2865K(1041408K), 0.0010084 secs]
113.962: Total time for which application threads were stopped: 0.0011386 seconds, Stopping threads took: 0.0000190 seconds
114.625: [GC (Allocation Failure)  337713K->4305K(1041408K), 0.0015018 secs]
114.626: Total time for which application threads were stopped: 0.0016372 seconds, Stopping threads took: 0.0000169 seconds
115.283: [GC (Allocation Failure)  339153K->5112K(1041920K), 0.0020218 secs]
115.285: Total time for which application threads were stopped: 0.0021965 seconds, Stopping threads took: 0.0000282 seconds
115.947: [GC (Allocation Failure)  340984K->5368K(1040384K), 0.0022806 secs]
115.950: Total time for which application threads were stopped: 0.0024395 seconds, Stopping threads took: 0.0000203 seconds
116.610: [GC (Allocation Failure)  341240K->5608K(1041408K), 0.0060896 secs]
116.616: Total time for which application threads were stopped: 0.0062585 seconds, Stopping threads took: 0.0000163 seconds
