Java HotSpot(TM) 64-Bit Server VM (25.171-b11) for linux-amd64 JRE (1.8.0_171-b11), built on Mar 28 2018 17:07:08 by "java_re" with gcc 4.3.0 20080428 (Red Hat 4.3.0-8)
Memory: 4k page, physical 32883000k(29390204k free), swap 8000508k(8000508k free)
CommandLine flags: -XX:InitialHeapSize=1073741824 -XX:MaxHeapSize=1073741824 -XX:+PrintGC -XX:+PrintGCApplicationStoppedTime -XX:+PrintGCTimeStamps -XX:+UseCompressedClassPointers -XX:+UseCompressedOops -XX:+UseParallelGC 
0.211: Total time for which application threads were stopped: 0.0001249 seconds, Stopping threads took: 0.0000223 seconds
0.881: [GC (Allocation Failure)  262144K->7559K(1005056K), 0.0042230 secs]
0.885: Total time for which application threads were stopped: 0.0044610 seconds, Stopping threads took: 0.0000165 seconds
1.433: [GC (Allocation Failure)  269703K->5142K(1005056K), 0.0030315 secs]
1.436: Total time for which application threads were stopped: 0.0031962 seconds, Stopping threads took: 0.0000236 seconds
1.985: [GC (Allocation Failure)  267286K->2776K(1005056K), 0.0015490 secs]
1.987: Total time for which application threads were stopped: 0.0017010 seconds, Stopping threads took: 0.0000272 seconds
2.534: [GC (Allocation Failure)  264920K->5302K(1005056K), 0.0030593 secs]
2.538: Total time for which application threads were stopped: 0.0032291 seconds, Stopping threads took: 0.0000195 seconds
3.089: [GC (Allocation Failure)  267446K->5398K(1005056K), 0.0031359 secs]
3.092: Total time for which application threads were stopped: 0.0032999 seconds, Stopping threads took: 0.0000191 seconds
3.641: [GC (Allocation Failure)  267542K->5016K(1040896K), 0.0026375 secs]
3.643: Total time for which application threads were stopped: 0.0028013 seconds, Stopping threads took: 0.0000199 seconds
4.060: Total time for which application threads were stopped: 0.0001270 seconds, Stopping threads took: 0.0000452 seconds
4.337: [GC (Allocation Failure)  338840K->5024K(1040896K), 0.0029647 secs]
4.340: Total time for which application threads were stopped: 0.0031242 seconds, Stopping threads took: 0.0000331 seconds
5.000: [GC (Allocation Failure)  338848K->5160K(1041408K), 0.0022741 secs]
5.002: Total time for which application threads were stopped: 0.0024344 seconds, Stopping threads took: 0.0000187 seconds
5.669: [GC (Allocation Failure)  340008K->5272K(1041408K), 0.0023946 secs]
5.672: Total time for which application threads were stopped: 0.0025767 seconds, Stopping threads took: 0.0000276 seconds
6.336: [GC (Allocation Failure)  340120K->5512K(1041920K), 0.0025357 secs]
6.339: Total time for which application threads were stopped: 0.0027096 seconds, Stopping threads took: 0.0000189 seconds
7.001: [GC (Allocation Failure)  340872K->5128K(1041408K), 0.0024209 secs]
7.004: Total time for which application threads were stopped: 0.0025950 seconds, Stopping threads took: 0.0000266 seconds
7.665: [GC (Allocation Failure)  340488K->5320K(1041920K), 0.0023415 secs]
7.668: Total time for which application threads were stopped: 0.0024923 seconds, Stopping threads took: 0.0000189 seconds
8.329: [GC (Allocation Failure)  341192K->1089K(1035776K), 0.0005326 secs]
8.330: Total time for which application threads were stopped: 0.0006694 seconds, Stopping threads took: 0.0000190 seconds
8.988: [GC (Allocation Failure)  336961K->3361K(1041408K), 0.0011199 secs]
8.989: Total time for which application threads were stopped: 0.0012412 seconds, Stopping threads took: 0.0000191 seconds
9.652: [GC (Allocation Failure)  338209K->4865K(1041408K), 0.0017145 secs]
9.654: Total time for which application threads were stopped: 0.0018812 seconds, Stopping threads took: 0.0000194 seconds
10.314: [GC (Allocation Failure)  339713K->5128K(1041920K), 0.0021154 secs]
10.316: Total time for which application threads were stopped: 0.0022776 seconds, Stopping threads took: 0.0000195 seconds
10.978: [GC (Allocation Failure)  340488K->5320K(1041408K), 0.0024587 secs]
10.981: Total time for which application threads were stopped: 0.0026401 seconds, Stopping threads took: 0.0000191 seconds
11.638: [GC (Allocation Failure)  340680K->5560K(1041920K), 0.0025616 secs]
11.641: Total time for which application threads were stopped: 0.0027353 seconds, Stopping threads took: 0.0000277 seconds
12.304: [GC (Allocation Failure)  341432K->5256K(1041920K), 0.0022685 secs]
12.307: Total time for which application threads were stopped: 0.0024499 seconds, Stopping threads took: 0.0000280 seconds
12.964: [GC (Allocation Failure)  341128K->5496K(1041920K), 0.0025355 secs]
12.967: Total time for which application threads were stopped: 0.0027212 seconds, Stopping threads took: 0.0000273 seconds
13.631: [GC (Allocation Failure)  341368K->2433K(1041920K), 0.0011175 secs]
13.633: Total time for which application threads were stopped: 0.0012496 seconds, Stopping threads took: 0.0000199 seconds
14.290: [GC (Allocation Failure)  338305K->4705K(1041920K), 0.0018367 secs]
14.292: Total time for which application threads were stopped: 0.0020083 seconds, Stopping threads took: 0.0000197 seconds
14.965: [GC (Allocation Failure)  340577K->5192K(1041920K), 0.0022246 secs]
14.968: Total time for which application threads were stopped: 0.0023820 seconds, Stopping threads took: 0.0000195 seconds
15.632: [GC (Allocation Failure)  341064K->5464K(1041920K), 0.0024805 secs]
15.635: Total time for which application threads were stopped: 0.0026884 seconds, Stopping threads took: 0.0000264 seconds
16.299: [GC (Allocation Failure)  341336K->5128K(1041920K), 0.0021475 secs]
16.301: Total time for which application threads were stopped: 0.0023049 seconds, Stopping threads took: 0.0000185 seconds
16.959: [GC (Allocation Failure)  341000K->5384K(1041920K), 0.0024581 secs]
16.962: Total time for which application threads were stopped: 0.0026250 seconds, Stopping threads took: 0.0000194 seconds
17.619: [GC (Allocation Failure)  341256K->1633K(1041920K), 0.0006238 secs]
17.619: Total time for which application threads were stopped: 0.0007566 seconds, Stopping threads took: 0.0000265 seconds
18.275: [GC (Allocation Failure)  337505K->3905K(1041920K), 0.0013582 secs]
18.276: Total time for which application threads were stopped: 0.0014989 seconds, Stopping threads took: 0.0000182 seconds
18.932: [GC (Allocation Failure)  339777K->5096K(1041920K), 0.0020676 secs]
18.934: Total time for which application threads were stopped: 0.0022286 seconds, Stopping threads took: 0.0000271 seconds
19.598: [GC (Allocation Failure)  340968K->5368K(1041920K), 0.0025278 secs]
19.600: Total time for which application threads were stopped: 0.0026927 seconds, Stopping threads took: 0.0000192 seconds
20.259: [GC (Allocation Failure)  341240K->5000K(1041920K), 0.0021509 secs]
20.262: Total time for which application threads were stopped: 0.0023166 seconds, Stopping threads took: 0.0000193 seconds
20.924: [GC (Allocation Failure)  340872K->5288K(1041920K), 0.0025382 secs]
20.926: Total time for which application threads were stopped: 0.0027084 seconds, Stopping threads took: 0.0000269 seconds
21.584: [GC (Allocation Failure)  341160K->769K(1035776K), 0.0005722 secs]
21.585: Total time for which application threads were stopped: 0.0007036 seconds, Stopping threads took: 0.0000272 seconds
22.248: [GC (Allocation Failure)  336641K->3009K(1041408K), 0.0011374 secs]
22.249: Total time for which application threads were stopped: 0.0012581 seconds, Stopping threads took: 0.0000161 seconds
22.903: [GC (Allocation Failure)  337857K->4513K(1041408K), 0.0016204 secs]
22.904: Total time for which application threads were stopped: 0.0017703 seconds, Stopping threads took: 0.0000189 seconds
23.559: [GC (Allocation Failure)  339361K->5032K(1041920K), 0.0021719 secs]
23.562: Total time for which application threads were stopped: 0.0023273 seconds, Stopping threads took: 0.0000186 seconds
24.218: [GC (Allocation Failure)  340904K->5320K(1041920K), 0.0024221 secs]
24.221: Total time for which application threads were stopped: 0.0025869 seconds, Stopping threads took: 0.0000273 seconds
24.884: [GC (Allocation Failure)  341192K->5032K(1041920K), 0.0020785 secs]
24.887: Total time for which application threads were stopped: 0.0022454 seconds, Stopping threads took: 0.0000187 seconds
25.543: [GC (Allocation Failure)  340904K->5288K(1041920K), 0.0024041 secs]
25.546: Total time for which application threads were stopped: 0.0026072 seconds, Stopping threads took: 0.0000272 seconds
26.216: [GC (Allocation Failure)  341160K->5528K(1041920K), 0.0027379 secs]
26.219: Total time for which application threads were stopped: 0.0029136 seconds, Stopping threads took: 0.0000256 seconds
26.874: [GC (Allocation Failure)  341400K->2849K(1037824K), 0.0010581 secs]
26.875: Total time for which application threads were stopped: 0.0011883 seconds, Stopping threads took: 0.0000186 seconds
27.538: [GC (Allocation Failure)  338701K->5025K(1041920K), 0.0018231 secs]
27.540: Total time for which application threads were stopped: 0.0019986 seconds, Stopping threads took: 0.0000277 seconds
28.196: [GC (Allocation Failure)  340385K->5144K(1041408K), 0.0021625 secs]
28.198: Total time for which application threads were stopped: 0.0023253 seconds, Stopping threads took: 0.0000192 seconds
28.862: [GC (Allocation Failure)  340504K->5400K(1041920K), 0.0024244 secs]
28.865: Total time for which application threads were stopped: 0.0026009 seconds, Stopping threads took: 0.0000272 seconds
29.527: [GC (Allocation Failure)  341272K->5096K(1041920K), 0.0021111 secs]
29.529: Total time for which application threads were stopped: 0.0022816 seconds, Stopping threads took: 0.0000197 seconds
30.190: [GC (Allocation Failure)  340968K->5352K(1041920K), 0.0023920 secs]
30.192: Total time for which application threads were stopped: 0.0025811 seconds, Stopping threads took: 0.0000281 seconds
30.849: [GC (Allocation Failure)  341224K->1121K(1035776K), 0.0005577 secs]
30.850: Total time for which application threads were stopped: 0.0006788 seconds, Stopping threads took: 0.0000188 seconds
31.503: [GC (Allocation Failure)  336993K->3361K(1041408K), 0.0011912 secs]
31.504: Total time for which application threads were stopped: 0.0013309 seconds, Stopping threads took: 0.0000197 seconds
32.159: [GC (Allocation Failure)  338209K->4897K(1041408K), 0.0017968 secs]
32.161: Total time for which application threads were stopped: 0.0019688 seconds, Stopping threads took: 0.0000190 seconds
32.823: [GC (Allocation Failure)  339745K->5128K(1041408K), 0.0021157 secs]
32.825: Total time for which application threads were stopped: 0.0022764 seconds, Stopping threads took: 0.0000194 seconds
33.482: [GC (Allocation Failure)  339976K->5256K(1041408K), 0.0025155 secs]
33.485: Total time for which application threads were stopped: 0.0026875 seconds, Stopping threads took: 0.0000192 seconds
34.141: [GC (Allocation Failure)  340104K->5448K(1041408K), 0.0026071 secs]
34.144: Total time for which application threads were stopped: 0.0027749 seconds, Stopping threads took: 0.0000187 seconds
34.803: [GC (Allocation Failure)  340296K->5000K(1041408K), 0.0022002 secs]
34.805: Total time for which application threads were stopped: 0.0024044 seconds, Stopping threads took: 0.0000590 seconds
35.463: [GC (Allocation Failure)  339848K->5192K(1041920K), 0.0022584 secs]
35.465: Total time for which application threads were stopped: 0.0024384 seconds, Stopping threads took: 0.0000188 seconds
36.126: [GC (Allocation Failure)  341064K->5464K(1041920K), 0.0024921 secs]
36.128: Total time for which application threads were stopped: 0.0026874 seconds, Stopping threads took: 0.0000261 seconds
36.783: [GC (Allocation Failure)  341336K->2353K(1040896K), 0.0041694 secs]
36.787: Total time for which application threads were stopped: 0.0043133 seconds, Stopping threads took: 0.0000247 seconds
37.443: [GC (Allocation Failure)  337201K->3825K(1041408K), 0.0014254 secs]
37.445: Total time for which application threads were stopped: 0.0015849 seconds, Stopping threads took: 0.0000187 seconds
38.104: [GC (Allocation Failure)  338673K->5041K(1041920K), 0.0019516 secs]
38.106: Total time for which application threads were stopped: 0.0021185 seconds, Stopping threads took: 0.0000192 seconds
38.761: [GC (Allocation Failure)  340913K->5224K(1041920K), 0.0024685 secs]
38.763: Total time for which application threads were stopped: 0.0026594 seconds, Stopping threads took: 0.0000269 seconds
39.421: [GC (Allocation Failure)  341096K->5496K(1041920K), 0.0025044 secs]
39.424: Total time for which application threads were stopped: 0.0026626 seconds, Stopping threads took: 0.0000197 seconds
40.087: [GC (Allocation Failure)  341368K->5176K(1041920K), 0.0021561 secs]
40.089: Total time for which application threads were stopped: 0.0023115 seconds, Stopping threads took: 0.0000261 seconds
40.745: [GC (Allocation Failure)  341048K->5384K(1041920K), 0.0025858 secs]
40.747: Total time for which application threads were stopped: 0.0027516 seconds, Stopping threads took: 0.0000266 seconds
41.412: [GC (Allocation Failure)  341256K->1713K(1036800K), 0.0007365 secs]
41.412: Total time for which application threads were stopped: 0.0008585 seconds, Stopping threads took: 0.0000190 seconds
42.073: [GC (Allocation Failure)  337585K->3985K(1041920K), 0.0013653 secs]
42.074: Total time for which application threads were stopped: 0.0015138 seconds, Stopping threads took: 0.0000191 seconds
42.734: [GC (Allocation Failure)  339345K->5080K(1041408K), 0.0022878 secs]
42.737: Total time for which application threads were stopped: 0.0024628 seconds, Stopping threads took: 0.0000282 seconds
43.401: [GC (Allocation Failure)  340440K->5304K(1041920K), 0.0023699 secs]
43.404: Total time for which application threads were stopped: 0.0025381 seconds, Stopping threads took: 0.0000274 seconds
44.066: [GC (Allocation Failure)  341176K->5576K(1040384K), 0.0027281 secs]
44.069: Total time for which application threads were stopped: 0.0028928 seconds, Stopping threads took: 0.0000195 seconds
44.737: [GC (Allocation Failure)  341448K->5224K(1041920K), 0.0023744 secs]
44.739: Total time for which application threads were stopped: 0.0025318 seconds, Stopping threads took: 0.0000195 seconds
45.398: [GC (Allocation Failure)  340584K->5448K(1041408K), 0.0024226 secs]
45.401: Total time for which application threads were stopped: 0.0025888 seconds, Stopping threads took: 0.0000194 seconds
46.062: [GC (Allocation Failure)  340808K->1521K(1040896K), 0.0006581 secs]
46.062: Total time for which application threads were stopped: 0.0007797 seconds, Stopping threads took: 0.0000196 seconds
46.722: [GC (Allocation Failure)  336369K->3057K(1041408K), 0.0010931 secs]
46.723: Total time for which application threads were stopped: 0.0012328 seconds, Stopping threads took: 0.0000275 seconds
47.378: [GC (Allocation Failure)  337905K->4465K(1041920K), 0.0016995 secs]
47.380: Total time for which application threads were stopped: 0.0018519 seconds, Stopping threads took: 0.0000190 seconds
48.038: [GC (Allocation Failure)  339825K->5112K(1041408K), 0.0022212 secs]
48.040: Total time for which application threads were stopped: 0.0023905 seconds, Stopping threads took: 0.0000251 seconds
48.702: [GC (Allocation Failure)  340472K->5320K(1041920K), 0.0023899 secs]
48.704: Total time for which application threads were stopped: 0.0025731 seconds, Stopping threads took: 0.0000200 seconds
49.367: [GC (Allocation Failure)  341192K->5016K(1041920K), 0.0022999 secs]
49.370: Total time for which application threads were stopped: 0.0024754 seconds, Stopping threads took: 0.0000272 seconds
50.025: [GC (Allocation Failure)  340888K->5288K(1041920K), 0.0024872 secs]
50.027: Total time for which application threads were stopped: 0.0026570 seconds, Stopping threads took: 0.0000189 seconds
50.684: [GC (Allocation Failure)  341160K->5544K(1041920K), 0.0027157 secs]
50.687: Total time for which application threads were stopped: 0.0028919 seconds, Stopping threads took: 0.0000193 seconds
51.351: [GC (Allocation Failure)  341416K->2897K(1040896K), 0.0011296 secs]
51.353: Total time for which application threads were stopped: 0.0012598 seconds, Stopping threads took: 0.0000193 seconds
52.013: [GC (Allocation Failure)  337745K->4401K(1041408K), 0.0017058 secs]
52.015: Total time for which application threads were stopped: 0.0018801 seconds, Stopping threads took: 0.0000185 seconds
52.678: [GC (Allocation Failure)  339249K->5080K(1041920K), 0.0020898 secs]
52.680: Total time for which application threads were stopped: 0.0022479 seconds, Stopping threads took: 0.0000264 seconds
53.342: [GC (Allocation Failure)  340952K->5304K(1041920K), 0.0025572 secs]
53.345: Total time for which application threads were stopped: 0.0027328 seconds, Stopping threads took: 0.0000188 seconds
54.006: [GC (Allocation Failure)  341176K->5048K(1041920K), 0.0020898 secs]
54.008: Total time for which application threads were stopped: 0.0022517 seconds, Stopping threads took: 0.0000189 seconds
54.669: [GC (Allocation Failure)  340920K->5280K(1041920K), 0.0024616 secs]
54.672: Total time for which application threads were stopped: 0.0026309 seconds, Stopping threads took: 0.0000265 seconds
55.329: [GC (Allocation Failure)  341152K->5552K(1041920K), 0.0025122 secs]
55.332: Total time for which application threads were stopped: 0.0027404 seconds, Stopping threads took: 0.0000189 seconds
55.991: [GC (Allocation Failure)  341424K->2617K(1041920K), 0.0009680 secs]
55.992: Total time for which application threads were stopped: 0.0011033 seconds, Stopping threads took: 0.0000194 seconds
56.645: [GC (Allocation Failure)  338489K->4889K(1041920K), 0.0018329 secs]
56.647: Total time for which application threads were stopped: 0.0019865 seconds, Stopping threads took: 0.0000265 seconds
57.302: [GC (Allocation Failure)  340761K->5264K(1041920K), 0.0022042 secs]
57.304: Total time for which application threads were stopped: 0.0023678 seconds, Stopping threads took: 0.0000196 seconds
57.961: [GC (Allocation Failure)  341136K->5504K(1041920K), 0.0027404 secs]
57.964: Total time for which application threads were stopped: 0.0029152 seconds, Stopping threads took: 0.0000273 seconds
58.622: [GC (Allocation Failure)  341376K->5184K(1041920K), 0.0021838 secs]
58.624: Total time for which application threads were stopped: 0.0023421 seconds, Stopping threads took: 0.0000193 seconds
59.288: [GC (Allocation Failure)  341056K->5424K(1041920K), 0.0024857 secs]
59.290: Total time for which application threads were stopped: 0.0026605 seconds, Stopping threads took: 0.0000252 seconds
59.952: [GC (Allocation Failure)  341296K->1785K(1036800K), 0.0007530 secs]
59.953: Total time for which application threads were stopped: 0.0008595 seconds, Stopping threads took: 0.0000163 seconds
60.605: [GC (Allocation Failure)  337657K->4025K(1041920K), 0.0013462 secs]
60.607: Total time for which application threads were stopped: 0.0014925 seconds, Stopping threads took: 0.0000195 seconds
61.260: [GC (Allocation Failure)  339385K->5088K(1041408K), 0.0021865 secs]
61.262: Total time for which application threads were stopped: 0.0023533 seconds, Stopping threads took: 0.0000201 seconds
61.921: [GC (Allocation Failure)  340448K->5312K(1041920K), 0.0023108 secs]
61.923: Total time for which application threads were stopped: 0.0024875 seconds, Stopping threads took: 0.0000271 seconds
62.585: [GC (Allocation Failure)  341184K->5568K(1041920K), 0.0027401 secs]
62.588: Total time for which application threads were stopped: 0.0029341 seconds, Stopping threads took: 0.0000195 seconds
63.257: [GC (Allocation Failure)  341440K->5280K(1041920K), 0.0021890 secs]
63.259: Total time for which application threads were stopped: 0.0023473 seconds, Stopping threads took: 0.0000189 seconds
63.921: [GC (Allocation Failure)  341152K->5472K(1041920K), 0.0025745 secs]
63.923: Total time for which application threads were stopped: 0.0027489 seconds, Stopping threads took: 0.0000195 seconds
64.582: [GC (Allocation Failure)  341344K->2241K(1040896K), 0.0008740 secs]
64.583: Total time for which application threads were stopped: 0.0010000 seconds, Stopping threads took: 0.0000188 seconds
65.242: [GC (Allocation Failure)  337089K->3713K(1041408K), 0.0012666 secs]
65.243: Total time for which application threads were stopped: 0.0014517 seconds, Stopping threads took: 0.0000576 seconds
65.898: [GC (Allocation Failure)  338561K->5057K(1041920K), 0.0019540 secs]
65.900: Total time for which application threads were stopped: 0.0021186 seconds, Stopping threads took: 0.0000192 seconds
66.562: [GC (Allocation Failure)  340929K->5240K(1041920K), 0.0022552 secs]
66.565: Total time for which application threads were stopped: 0.0024096 seconds, Stopping threads took: 0.0000189 seconds
67.228: [GC (Allocation Failure)  341112K->5496K(1041920K), 0.0025429 secs]
67.230: Total time for which application threads were stopped: 0.0027017 seconds, Stopping threads took: 0.0000191 seconds
67.899: [GC (Allocation Failure)  341368K->5192K(1041920K), 0.0021623 secs]
67.901: Total time for which application threads were stopped: 0.0023514 seconds, Stopping threads took: 0.0000276 seconds
68.564: [GC (Allocation Failure)  341064K->5432K(1041920K), 0.0025616 secs]
68.566: Total time for which application threads were stopped: 0.0027404 seconds, Stopping threads took: 0.0000190 seconds
69.231: [GC (Allocation Failure)  341304K->1825K(1036800K), 0.0007035 secs]
69.232: Total time for which application threads were stopped: 0.0008222 seconds, Stopping threads took: 0.0000192 seconds
69.894: [GC (Allocation Failure)  337697K->4033K(1041920K), 0.0013322 secs]
69.896: Total time for which application threads were stopped: 0.0014641 seconds, Stopping threads took: 0.0000163 seconds
70.556: [GC (Allocation Failure)  339393K->5096K(1041408K), 0.0021380 secs]
70.558: Total time for which application threads were stopped: 0.0023047 seconds, Stopping threads took: 0.0000196 seconds
71.223: [GC (Allocation Failure)  340456K->5304K(1041920K), 0.0024522 secs]
71.226: Total time for which application threads were stopped: 0.0026331 seconds, Stopping threads took: 0.0000255 seconds
71.888: [GC (Allocation Failure)  341176K->5608K(1040384K), 0.0025449 secs]
71.890: Total time for which application threads were stopped: 0.0027124 seconds, Stopping threads took: 0.0000190 seconds
72.552: [GC (Allocation Failure)  341480K->5256K(1041920K), 0.0022633 secs]
72.554: Total time for which application threads were stopped: 0.0024363 seconds, Stopping threads took: 0.0000275 seconds
73.216: [GC (Allocation Failure)  340616K->5448K(1041408K), 0.0026690 secs]
73.219: Total time for which application threads were stopped: 0.0028367 seconds, Stopping threads took: 0.0000195 seconds
73.881: [GC (Allocation Failure)  340808K->1633K(1040896K), 0.0007574 secs]
73.881: Total time for which application threads were stopped: 0.0008875 seconds, Stopping threads took: 0.0000187 seconds
74.536: [GC (Allocation Failure)  336481K->3105K(1041408K), 0.0062457 secs]
74.542: Total time for which application threads were stopped: 0.0063831 seconds, Stopping threads took: 0.0000194 seconds
75.200: [GC (Allocation Failure)  337953K->4641K(1041920K), 0.0017640 secs]
75.202: Total time for which application threads were stopped: 0.0019387 seconds, Stopping threads took: 0.0000264 seconds
75.860: [GC (Allocation Failure)  340001K->5128K(1041408K), 0.0020743 secs]
75.862: Total time for which application threads were stopped: 0.0022362 seconds, Stopping threads took: 0.0000169 seconds
76.519: [GC (Allocation Failure)  340488K->5352K(1040896K), 0.0025353 secs]
76.521: Total time for which application threads were stopped: 0.0026984 seconds, Stopping threads took: 0.0000272 seconds
77.177: [GC (Allocation Failure)  340200K->5576K(1041408K), 0.0026821 secs]
77.180: Total time for which application threads were stopped: 0.0028768 seconds, Stopping threads took: 0.0000274 seconds
77.838: [GC (Allocation Failure)  340424K->5128K(1041408K), 0.0021119 secs]
77.841: Total time for which application threads were stopped: 0.0022796 seconds, Stopping threads took: 0.0000190 seconds
78.493: [GC (Allocation Failure)  339976K->5336K(1041408K), 0.0024910 secs]
78.496: Total time for which application threads were stopped: 0.0026582 seconds, Stopping threads took: 0.0000194 seconds
79.151: [GC (Allocation Failure)  340184K->5496K(1041920K), 0.0024761 secs]
79.153: Total time for which application threads were stopped: 0.0026413 seconds, Stopping threads took: 0.0000196 seconds
79.808: [GC (Allocation Failure)  341368K->2209K(1037312K), 0.0008609 secs]
79.809: Total time for which application threads were stopped: 0.0009892 seconds, Stopping threads took: 0.0000253 seconds
80.466: [GC (Allocation Failure)  338081K->4481K(1041920K), 0.0015488 secs]
80.467: Total time for which application threads were stopped: 0.0018303 seconds, Stopping threads took: 0.0000195 seconds
81.122: [GC (Allocation Failure)  339841K->5128K(1041408K), 0.0023288 secs]
81.125: Total time for which application threads were stopped: 0.0024945 seconds, Stopping threads took: 0.0000278 seconds
81.778: [GC (Allocation Failure)  340488K->5368K(1041920K), 0.0029587 secs]
81.781: Total time for which application threads were stopped: 0.0031615 seconds, Stopping threads took: 0.0000281 seconds
82.442: [GC (Allocation Failure)  341240K->5032K(1041920K), 0.0022711 secs]
82.444: Total time for which application threads were stopped: 0.0024476 seconds, Stopping threads took: 0.0000272 seconds
83.111: [GC (Allocation Failure)  340904K->5320K(1041920K), 0.0022721 secs]
83.113: Total time for which application threads were stopped: 0.0024313 seconds, Stopping threads took: 0.0000193 seconds
83.779: [GC (Allocation Failure)  341192K->5544K(1041920K), 0.0036735 secs]
83.783: Total time for which application threads were stopped: 0.0038626 seconds, Stopping threads took: 0.0000243 seconds
84.441: [GC (Allocation Failure)  341416K->2753K(1041920K), 0.0009790 secs]
84.442: Total time for which application threads were stopped: 0.0011192 seconds, Stopping threads took: 0.0000276 seconds
85.105: [GC (Allocation Failure)  338625K->4961K(1041920K), 0.0017780 secs]
85.107: Total time for which application threads were stopped: 0.0019399 seconds, Stopping threads took: 0.0000197 seconds
85.768: [GC (Allocation Failure)  340833K->5224K(1041920K), 0.0027547 secs]
85.771: Total time for which application threads were stopped: 0.0029491 seconds, Stopping threads took: 0.0000249 seconds
86.429: [GC (Allocation Failure)  341096K->5512K(1041920K), 0.0028712 secs]
86.432: Total time for which application threads were stopped: 0.0030373 seconds, Stopping threads took: 0.0000189 seconds
87.091: [GC (Allocation Failure)  341384K->5192K(1041920K), 0.0024224 secs]
87.093: Total time for which application threads were stopped: 0.0025872 seconds, Stopping threads took: 0.0000187 seconds
87.748: [GC (Allocation Failure)  341064K->5464K(1041920K), 0.0025994 secs]
87.751: Total time for which application threads were stopped: 0.0027820 seconds, Stopping threads took: 0.0000273 seconds
88.407: [GC (Allocation Failure)  341336K->1761K(1040896K), 0.0008137 secs]
88.408: Total time for which application threads were stopped: 0.0009292 seconds, Stopping threads took: 0.0000193 seconds
89.060: [GC (Allocation Failure)  336609K->3233K(1041408K), 0.0011884 secs]
89.061: Total time for which application threads were stopped: 0.0013221 seconds, Stopping threads took: 0.0000184 seconds
89.716: [GC (Allocation Failure)  338081K->4737K(1041920K), 0.0018544 secs]
89.718: Total time for which application threads were stopped: 0.0020203 seconds, Stopping threads took: 0.0000193 seconds
90.371: [GC (Allocation Failure)  340097K->5192K(1041408K), 0.0023775 secs]
90.374: Total time for which application threads were stopped: 0.0025541 seconds, Stopping threads took: 0.0000194 seconds
91.031: [GC (Allocation Failure)  340552K->5352K(1041920K), 0.0024537 secs]
91.034: Total time for which application threads were stopped: 0.0026214 seconds, Stopping threads took: 0.0000193 seconds
91.692: [GC (Allocation Failure)  341224K->5064K(1041920K), 0.0020736 secs]
91.694: Total time for which application threads were stopped: 0.0022417 seconds, Stopping threads took: 0.0000186 seconds
92.357: [GC (Allocation Failure)  340936K->5352K(1041920K), 0.0024602 secs]
92.359: Total time for which application threads were stopped: 0.0026525 seconds, Stopping threads took: 0.0000186 seconds
93.021: [GC (Allocation Failure)  341224K->801K(1035776K), 0.0004507 secs]
93.021: Total time for which application threads were stopped: 0.0005690 seconds, Stopping threads took: 0.0000199 seconds
93.676: [GC (Allocation Failure)  336673K->3041K(1041408K), 0.0010278 secs]
93.677: Total time for which application threads were stopped: 0.0011598 seconds, Stopping threads took: 0.0000191 seconds
94.337: [GC (Allocation Failure)  337889K->4545K(1041408K), 0.0015185 secs]
94.338: Total time for which application threads were stopped: 0.0016726 seconds, Stopping threads took: 0.0000257 seconds
94.991: [GC (Allocation Failure)  339393K->5096K(1041920K), 0.0022995 secs]
94.993: Total time for which application threads were stopped: 0.0024765 seconds, Stopping threads took: 0.0000193 seconds
95.649: [GC (Allocation Failure)  340968K->5336K(1040384K), 0.0022739 secs]
95.651: Total time for which application threads were stopped: 0.0024518 seconds, Stopping threads took: 0.0000192 seconds
96.316: [GC (Allocation Failure)  341208K->5064K(1041920K), 0.0020245 secs]
96.318: Total time for which application threads were stopped: 0.0021959 seconds, Stopping threads took: 0.0000192 seconds
96.979: [GC (Allocation Failure)  340424K->5320K(1041408K), 0.0023588 secs]
96.981: Total time for which application threads were stopped: 0.0025240 seconds, Stopping threads took: 0.0000188 seconds
97.637: [GC (Allocation Failure)  340680K->5448K(1040896K), 0.0024327 secs]
97.640: Total time for which application threads were stopped: 0.0026224 seconds, Stopping threads took: 0.0000189 seconds
98.300: [GC (Allocation Failure)  340296K->1377K(1041408K), 0.0006905 secs]
98.301: Total time for which application threads were stopped: 0.0008078 seconds, Stopping threads took: 0.0000197 seconds
98.953: [GC (Allocation Failure)  336225K->2913K(1041408K), 0.0011665 secs]
98.955: Total time for which application threads were stopped: 0.0012980 seconds, Stopping threads took: 0.0000195 seconds
99.607: [GC (Allocation Failure)  337761K->4417K(1041408K), 0.0014780 secs]
99.608: Total time for which application threads were stopped: 0.0016272 seconds, Stopping threads took: 0.0000194 seconds
100.269: [GC (Allocation Failure)  339265K->5064K(1041920K), 0.0020735 secs]
100.271: Total time for which application threads were stopped: 0.0022353 seconds, Stopping threads took: 0.0000269 seconds
100.933: [GC (Allocation Failure)  340936K->5320K(1040384K), 0.0024924 secs]
100.936: Total time for which application threads were stopped: 0.0026554 seconds, Stopping threads took: 0.0000274 seconds
101.593: [GC (Allocation Failure)  341192K->5032K(1041408K), 0.0020574 secs]
101.595: Total time for which application threads were stopped: 0.0022177 seconds, Stopping threads took: 0.0000190 seconds
102.254: [GC (Allocation Failure)  339880K->5224K(1041408K), 0.0021889 secs]
102.256: Total time for which application threads were stopped: 0.0023521 seconds, Stopping threads took: 0.0000263 seconds
102.914: [GC (Allocation Failure)  340072K->5416K(1041408K), 0.0024919 secs]
102.917: Total time for which application threads were stopped: 0.0026444 seconds, Stopping threads took: 0.0000162 seconds
103.571: [GC (Allocation Failure)  340264K->5544K(1041408K), 0.0025549 secs]
103.574: Total time for which application threads were stopped: 0.0027293 seconds, Stopping threads took: 0.0000276 seconds
104.229: [GC (Allocation Failure)  340392K->1985K(1041408K), 0.0007340 secs]
104.230: Total time for which application threads were stopped: 0.0008578 seconds, Stopping threads took: 0.0000193 seconds
104.882: [GC (Allocation Failure)  336833K->3553K(1041408K), 0.0012825 secs]
104.883: Total time for which application threads were stopped: 0.0014209 seconds, Stopping threads took: 0.0000189 seconds
105.536: [GC (Allocation Failure)  338401K->5057K(1041408K), 0.0019393 secs]
105.538: Total time for which application threads were stopped: 0.0021139 seconds, Stopping threads took: 0.0000200 seconds
106.198: [GC (Allocation Failure)  339905K->5128K(1041408K), 0.0021278 secs]
106.201: Total time for which application threads were stopped: 0.0022974 seconds, Stopping threads took: 0.0000263 seconds
106.858: [GC (Allocation Failure)  339976K->5352K(1041408K), 0.0024391 secs]
106.861: Total time for which application threads were stopped: 0.0026289 seconds, Stopping threads took: 0.0000270 seconds
107.511: [GC (Allocation Failure)  340200K->5544K(1041408K), 0.0025398 secs]
107.513: Total time for which application threads were stopped: 0.0027054 seconds, Stopping threads took: 0.0000192 seconds
108.170: [GC (Allocation Failure)  340392K->5128K(1041408K), 0.0022474 secs]
108.173: Total time for which application threads were stopped: 0.0024197 seconds, Stopping threads took: 0.0000192 seconds
108.823: [GC (Allocation Failure)  339976K->5304K(1041408K), 0.0024004 secs]
108.826: Total time for which application threads were stopped: 0.0025664 seconds, Stopping threads took: 0.0000192 seconds
109.481: [GC (Allocation Failure)  340152K->5480K(1041408K), 0.0025796 secs]
109.483: Total time for which application threads were stopped: 0.0027862 seconds, Stopping threads took: 0.0000183 seconds
110.141: [GC (Allocation Failure)  340328K->1009K(1041408K), 0.0005097 secs]
110.141: Total time for which application threads were stopped: 0.0006391 seconds, Stopping threads took: 0.0000196 seconds
110.805: [GC (Allocation Failure)  335857K->2513K(1041408K), 0.0009135 secs]
110.806: Total time for which application threads were stopped: 0.0010520 seconds, Stopping threads took: 0.0000198 seconds
111.457: [GC (Allocation Failure)  337361K->3921K(1041408K), 0.0016135 secs]
111.459: Total time for which application threads were stopped: 0.0017749 seconds, Stopping threads took: 0.0000188 seconds
112.116: [GC (Allocation Failure)  338769K->5048K(1041408K), 0.0021270 secs]
112.119: Total time for which application threads were stopped: 0.0022919 seconds, Stopping threads took: 0.0000275 seconds
112.774: [GC (Allocation Failure)  339896K->5176K(1041408K), 0.0028250 secs]
112.777: Total time for which application threads were stopped: 0.0030071 seconds, Stopping threads took: 0.0000191 seconds
113.433: [GC (Allocation Failure)  340024K->5336K(1041408K), 0.0024903 secs]
113.436: Total time for which application threads were stopped: 0.0026652 seconds, Stopping threads took: 0.0000192 seconds
114.090: [GC (Allocation Failure)  340184K->5544K(1041408K), 0.0025364 secs]
114.093: Total time for which application threads were stopped: 0.0027055 seconds, Stopping threads took: 0.0000281 seconds
114.745: [GC (Allocation Failure)  340392K->5144K(1041408K), 0.0021292 secs]
114.747: Total time for which application threads were stopped: 0.0022969 seconds, Stopping threads took: 0.0000245 seconds
115.398: [GC (Allocation Failure)  339992K->5368K(1041408K), 0.0023963 secs]
115.401: Total time for which application threads were stopped: 0.0025714 seconds, Stopping threads took: 0.0000190 seconds
116.057: [GC (Allocation Failure)  340216K->5512K(1041408K), 0.0024722 secs]
116.059: Total time for which application threads were stopped: 0.0026633 seconds, Stopping threads took: 0.0000189 seconds
