Java HotSpot(TM) 64-Bit Server VM (25.171-b11) for linux-amd64 JRE (1.8.0_171-b11), built on Mar 28 2018 17:07:08 by "java_re" with gcc 4.3.0 20080428 (Red Hat 4.3.0-8)
Memory: 4k page, physical 32883000k(29375140k free), swap 8000508k(8000508k free)
CommandLine flags: -XX:InitialHeapSize=1073741824 -XX:MaxHeapSize=1073741824 -XX:+PrintGC -XX:+PrintGCApplicationStoppedTime -XX:+PrintGCTimeStamps -XX:+UseCompressedClassPointers -XX:+UseCompressedOops -XX:+UseParallelGC 
0.210: Total time for which application threads were stopped: 0.0001187 seconds, Stopping threads took: 0.0000183 seconds
0.878: [GC (Allocation Failure)  262144K->7543K(1005056K), 0.0043627 secs]
0.883: Total time for which application threads were stopped: 0.0047289 seconds, Stopping threads took: 0.0000172 seconds
1.429: [GC (Allocation Failure)  269687K->5126K(1005056K), 0.0031542 secs]
1.433: Total time for which application threads were stopped: 0.0034687 seconds, Stopping threads took: 0.0000256 seconds
1.980: [GC (Allocation Failure)  267270K->2984K(1005056K), 0.0015602 secs]
1.982: Total time for which application threads were stopped: 0.0017293 seconds, Stopping threads took: 0.0000256 seconds
2.527: [GC (Allocation Failure)  265128K->5318K(1005056K), 0.0031183 secs]
2.530: Total time for which application threads were stopped: 0.0032890 seconds, Stopping threads took: 0.0000189 seconds
3.085: [GC (Allocation Failure)  267462K->5422K(1005056K), 0.0033172 secs]
3.089: Total time for which application threads were stopped: 0.0035018 seconds, Stopping threads took: 0.0000290 seconds
3.630: [GC (Allocation Failure)  267566K->5024K(1041408K), 0.0024409 secs]
3.632: Total time for which application threads were stopped: 0.0026004 seconds, Stopping threads took: 0.0000251 seconds
4.057: Total time for which application threads were stopped: 0.0001618 seconds, Stopping threads took: 0.0000827 seconds
4.317: [GC (Allocation Failure)  339360K->5096K(1040896K), 0.0035872 secs]
4.321: Total time for which application threads were stopped: 0.0037696 seconds, Stopping threads took: 0.0000319 seconds
4.973: [GC (Allocation Failure)  339432K->5240K(1041408K), 0.0023019 secs]
4.975: Total time for which application threads were stopped: 0.0024750 seconds, Stopping threads took: 0.0000258 seconds
5.633: [GC (Allocation Failure)  340088K->5408K(1041408K), 0.0026701 secs]
5.635: Total time for which application threads were stopped: 0.0028662 seconds, Stopping threads took: 0.0000274 seconds
6.292: [GC (Allocation Failure)  340256K->5576K(1041920K), 0.0026814 secs]
6.294: Total time for which application threads were stopped: 0.0028626 seconds, Stopping threads took: 0.0000197 seconds
6.952: [GC (Allocation Failure)  340936K->5240K(1041408K), 0.0023143 secs]
6.954: Total time for which application threads were stopped: 0.0025120 seconds, Stopping threads took: 0.0000192 seconds
7.612: [GC (Allocation Failure)  340600K->5432K(1041920K), 0.0024413 secs]
7.615: Total time for which application threads were stopped: 0.0026272 seconds, Stopping threads took: 0.0000260 seconds
8.271: [GC (Allocation Failure)  341304K->1825K(1036800K), 0.0009253 secs]
8.272: Total time for which application threads were stopped: 0.0010633 seconds, Stopping threads took: 0.0000196 seconds
8.925: [GC (Allocation Failure)  337697K->4097K(1041408K), 0.0015159 secs]
8.927: Total time for which application threads were stopped: 0.0017248 seconds, Stopping threads took: 0.0000530 seconds
9.579: [GC (Allocation Failure)  338945K->5032K(1041408K), 0.0022930 secs]
9.582: Total time for which application threads were stopped: 0.0024465 seconds, Stopping threads took: 0.0000189 seconds
10.235: [GC (Allocation Failure)  339880K->5224K(1041920K), 0.0021890 secs]
10.238: Total time for which application threads were stopped: 0.0023591 seconds, Stopping threads took: 0.0000192 seconds
10.892: [GC (Allocation Failure)  341096K->5464K(1041920K), 0.0025434 secs]
10.895: Total time for which application threads were stopped: 0.0027260 seconds, Stopping threads took: 0.0000201 seconds
11.557: [GC (Allocation Failure)  341336K->5160K(1041920K), 0.0021297 secs]
11.559: Total time for which application threads were stopped: 0.0022960 seconds, Stopping threads took: 0.0000189 seconds
12.218: [GC (Allocation Failure)  341032K->5432K(1041920K), 0.0025241 secs]
12.221: Total time for which application threads were stopped: 0.0026969 seconds, Stopping threads took: 0.0000270 seconds
12.875: [GC (Allocation Failure)  341304K->1633K(1041408K), 0.0007001 secs]
12.875: Total time for which application threads were stopped: 0.0008186 seconds, Stopping threads took: 0.0000189 seconds
13.529: [GC (Allocation Failure)  337505K->3937K(1041920K), 0.0013752 secs]
13.530: Total time for which application threads were stopped: 0.0015330 seconds, Stopping threads took: 0.0000262 seconds
14.189: [GC (Allocation Failure)  339809K->5096K(1041920K), 0.0020848 secs]
14.191: Total time for which application threads were stopped: 0.0022879 seconds, Stopping threads took: 0.0000520 seconds
14.846: [GC (Allocation Failure)  340968K->5368K(1041920K), 0.0024264 secs]
14.849: Total time for which application threads were stopped: 0.0027262 seconds, Stopping threads took: 0.0000201 seconds
15.507: [GC (Allocation Failure)  341240K->5064K(1041920K), 0.0020235 secs]
15.510: Total time for which application threads were stopped: 0.0021967 seconds, Stopping threads took: 0.0000281 seconds
16.164: [GC (Allocation Failure)  340936K->5320K(1041920K), 0.0025454 secs]
16.166: Total time for which application threads were stopped: 0.0027186 seconds, Stopping threads took: 0.0000273 seconds
16.820: [GC (Allocation Failure)  341192K->833K(1040896K), 0.0005410 secs]
16.820: Total time for which application threads were stopped: 0.0006564 seconds, Stopping threads took: 0.0000183 seconds
17.469: [GC (Allocation Failure)  335681K->2337K(1041408K), 0.0008076 secs]
17.470: Total time for which application threads were stopped: 0.0009325 seconds, Stopping threads took: 0.0000193 seconds
18.130: [GC (Allocation Failure)  337185K->3809K(1041920K), 0.0017483 secs]
18.132: Total time for which application threads were stopped: 0.0018931 seconds, Stopping threads took: 0.0000244 seconds
18.786: [GC (Allocation Failure)  339169K->5064K(1041408K), 0.0019699 secs]
18.789: Total time for which application threads were stopped: 0.0021333 seconds, Stopping threads took: 0.0000167 seconds
19.440: [GC (Allocation Failure)  340424K->5336K(1040896K), 0.0023798 secs]
19.443: Total time for which application threads were stopped: 0.0025441 seconds, Stopping threads took: 0.0000189 seconds
20.100: [GC (Allocation Failure)  340184K->5464K(1041408K), 0.0024692 secs]
20.102: Total time for which application threads were stopped: 0.0026426 seconds, Stopping threads took: 0.0000278 seconds
20.758: [GC (Allocation Failure)  340312K->5064K(1041408K), 0.0022529 secs]
20.760: Total time for which application threads were stopped: 0.0024195 seconds, Stopping threads took: 0.0000189 seconds
21.415: [GC (Allocation Failure)  339912K->5256K(1041408K), 0.0022442 secs]
21.417: Total time for which application threads were stopped: 0.0024179 seconds, Stopping threads took: 0.0000191 seconds
22.070: [GC (Allocation Failure)  340104K->5448K(1040896K), 0.0025667 secs]
22.073: Total time for which application threads were stopped: 0.0027317 seconds, Stopping threads took: 0.0000263 seconds
22.726: [GC (Allocation Failure)  340296K->5000K(1041408K), 0.0020997 secs]
22.729: Total time for which application threads were stopped: 0.0022632 seconds, Stopping threads took: 0.0000195 seconds
23.378: [GC (Allocation Failure)  339848K->2177K(1040896K), 0.0008333 secs]
23.378: Total time for which application threads were stopped: 0.0009574 seconds, Stopping threads took: 0.0000185 seconds
24.027: [GC (Allocation Failure)  337025K->3713K(1041408K), 0.0012870 secs]
24.028: Total time for which application threads were stopped: 0.0014656 seconds, Stopping threads took: 0.0000245 seconds
24.684: [GC (Allocation Failure)  338561K->5057K(1041920K), 0.0018823 secs]
24.686: Total time for which application threads were stopped: 0.0020662 seconds, Stopping threads took: 0.0000193 seconds
25.343: [GC (Allocation Failure)  340929K->5288K(1041920K), 0.0023886 secs]
25.346: Total time for which application threads were stopped: 0.0025591 seconds, Stopping threads took: 0.0000191 seconds
25.999: [GC (Allocation Failure)  341160K->5528K(1041920K), 0.0025351 secs]
26.002: Total time for which application threads were stopped: 0.0026967 seconds, Stopping threads took: 0.0000191 seconds
26.658: [GC (Allocation Failure)  341400K->5224K(1041920K), 0.0021433 secs]
26.660: Total time for which application threads were stopped: 0.0023072 seconds, Stopping threads took: 0.0000191 seconds
27.316: [GC (Allocation Failure)  341096K->5464K(1041920K), 0.0024523 secs]
27.319: Total time for which application threads were stopped: 0.0026140 seconds, Stopping threads took: 0.0000271 seconds
27.969: [GC (Allocation Failure)  341336K->1825K(1036800K), 0.0006790 secs]
27.969: Total time for which application threads were stopped: 0.0007994 seconds, Stopping threads took: 0.0000185 seconds
28.625: [GC (Allocation Failure)  337697K->4001K(1041408K), 0.0014133 secs]
28.626: Total time for which application threads were stopped: 0.0015701 seconds, Stopping threads took: 0.0000186 seconds
29.283: [GC (Allocation Failure)  338774K->5057K(1041408K), 0.0018072 secs]
29.285: Total time for which application threads were stopped: 0.0019707 seconds, Stopping threads took: 0.0000261 seconds
29.939: [GC (Allocation Failure)  339905K->5160K(1041920K), 0.0022522 secs]
29.941: Total time for which application threads were stopped: 0.0024416 seconds, Stopping threads took: 0.0000276 seconds
30.599: [GC (Allocation Failure)  341032K->5432K(1041920K), 0.0023970 secs]
30.602: Total time for which application threads were stopped: 0.0025611 seconds, Stopping threads took: 0.0000194 seconds
31.255: [GC (Allocation Failure)  341304K->5128K(1041920K), 0.0021107 secs]
31.258: Total time for which application threads were stopped: 0.0022689 seconds, Stopping threads took: 0.0000183 seconds
31.910: [GC (Allocation Failure)  341000K->5384K(1041920K), 0.0023533 secs]
31.913: Total time for which application threads were stopped: 0.0025422 seconds, Stopping threads took: 0.0000192 seconds
32.573: [GC (Allocation Failure)  341256K->1121K(1040896K), 0.0005908 secs]
32.573: Total time for which application threads were stopped: 0.0007230 seconds, Stopping threads took: 0.0000191 seconds
33.222: [GC (Allocation Failure)  335969K->2657K(1041408K), 0.0009745 secs]
33.223: Total time for which application threads were stopped: 0.0011130 seconds, Stopping threads took: 0.0000190 seconds
33.872: [GC (Allocation Failure)  337505K->4193K(1041920K), 0.0015089 secs]
33.874: Total time for which application threads were stopped: 0.0016663 seconds, Stopping threads took: 0.0000190 seconds
34.526: [GC (Allocation Failure)  339553K->5064K(1041408K), 0.0020802 secs]
34.528: Total time for which application threads were stopped: 0.0022457 seconds, Stopping threads took: 0.0000254 seconds
35.181: [GC (Allocation Failure)  340424K->5304K(1040896K), 0.0024230 secs]
35.183: Total time for which application threads were stopped: 0.0025987 seconds, Stopping threads took: 0.0000192 seconds
35.836: [GC (Allocation Failure)  340152K->5544K(1041408K), 0.0026945 secs]
35.839: Total time for which application threads were stopped: 0.0028877 seconds, Stopping threads took: 0.0000189 seconds
36.501: [GC (Allocation Failure)  340392K->5128K(1041408K), 0.0020876 secs]
36.503: Total time for which application threads were stopped: 0.0022598 seconds, Stopping threads took: 0.0000194 seconds
37.158: [GC (Allocation Failure)  339976K->5312K(1041408K), 0.0024119 secs]
37.160: Total time for which application threads were stopped: 0.0025695 seconds, Stopping threads took: 0.0000194 seconds
37.813: [GC (Allocation Failure)  340160K->5408K(1041408K), 0.0024682 secs]
37.815: Total time for which application threads were stopped: 0.0026310 seconds, Stopping threads took: 0.0000189 seconds
38.471: [GC (Allocation Failure)  340256K->1065K(1041408K), 0.0005187 secs]
38.472: Total time for which application threads were stopped: 0.0006587 seconds, Stopping threads took: 0.0000185 seconds
39.127: [GC (Allocation Failure)  335913K->2569K(1041408K), 0.0012445 secs]
39.128: Total time for which application threads were stopped: 0.0014436 seconds, Stopping threads took: 0.0000242 seconds
39.784: [GC (Allocation Failure)  337417K->4073K(1041408K), 0.0014958 secs]
39.786: Total time for which application threads were stopped: 0.0016362 seconds, Stopping threads took: 0.0000185 seconds
40.435: [GC (Allocation Failure)  338921K->5008K(1041408K), 0.0020641 secs]
40.437: Total time for which application threads were stopped: 0.0022393 seconds, Stopping threads took: 0.0000267 seconds
41.089: [GC (Allocation Failure)  339856K->5264K(1041408K), 0.0022082 secs]
41.091: Total time for which application threads were stopped: 0.0023859 seconds, Stopping threads took: 0.0000191 seconds
41.740: [GC (Allocation Failure)  340112K->5376K(1041408K), 0.0027377 secs]
41.743: Total time for which application threads were stopped: 0.0029076 seconds, Stopping threads took: 0.0000277 seconds
42.394: [GC (Allocation Failure)  340224K->5616K(1041408K), 0.0027135 secs]
42.397: Total time for which application threads were stopped: 0.0029044 seconds, Stopping threads took: 0.0000187 seconds
43.057: [GC (Allocation Failure)  340464K->5136K(1041408K), 0.0021036 secs]
43.059: Total time for which application threads were stopped: 0.0022627 seconds, Stopping threads took: 0.0000182 seconds
43.712: [GC (Allocation Failure)  339984K->5392K(1041408K), 0.0024890 secs]
43.715: Total time for which application threads were stopped: 0.0026442 seconds, Stopping threads took: 0.0000191 seconds
44.374: [GC (Allocation Failure)  340240K->5488K(1041408K), 0.0025361 secs]
44.376: Total time for which application threads were stopped: 0.0026988 seconds, Stopping threads took: 0.0000189 seconds
45.034: [GC (Allocation Failure)  340336K->1609K(1041408K), 0.0006366 secs]
45.034: Total time for which application threads were stopped: 0.0007582 seconds, Stopping threads took: 0.0000251 seconds
45.687: [GC (Allocation Failure)  336457K->3081K(1041408K), 0.0010382 secs]
45.689: Total time for which application threads were stopped: 0.0011777 seconds, Stopping threads took: 0.0000272 seconds
46.341: [GC (Allocation Failure)  337929K->4553K(1041408K), 0.0015891 secs]
46.343: Total time for which application threads were stopped: 0.0017419 seconds, Stopping threads took: 0.0000200 seconds
46.994: [GC (Allocation Failure)  339401K->5136K(1041408K), 0.0020943 secs]
46.997: Total time for which application threads were stopped: 0.0022615 seconds, Stopping threads took: 0.0000197 seconds
47.647: [GC (Allocation Failure)  339984K->5264K(1041408K), 0.0023668 secs]
47.649: Total time for which application threads were stopped: 0.0025230 seconds, Stopping threads took: 0.0000190 seconds
48.303: [GC (Allocation Failure)  340112K->5472K(1041408K), 0.0024393 secs]
48.305: Total time for which application threads were stopped: 0.0026240 seconds, Stopping threads took: 0.0000263 seconds
48.960: [GC (Allocation Failure)  340320K->5040K(1041408K), 0.0022851 secs]
48.962: Total time for which application threads were stopped: 0.0024476 seconds, Stopping threads took: 0.0000190 seconds
49.612: [GC (Allocation Failure)  339888K->5264K(1041408K), 0.0024374 secs]
49.615: Total time for which application threads were stopped: 0.0025937 seconds, Stopping threads took: 0.0000185 seconds
50.265: [GC (Allocation Failure)  340112K->5408K(1041408K), 0.0024530 secs]
50.268: Total time for which application threads were stopped: 0.0026181 seconds, Stopping threads took: 0.0000194 seconds
50.917: [GC (Allocation Failure)  340256K->5600K(1041408K), 0.0027216 secs]
50.920: Total time for which application threads were stopped: 0.0028844 seconds, Stopping threads took: 0.0000192 seconds
51.569: [GC (Allocation Failure)  340448K->2185K(1041408K), 0.0008009 secs]
51.570: Total time for which application threads were stopped: 0.0009199 seconds, Stopping threads took: 0.0000189 seconds
52.220: [GC (Allocation Failure)  337033K->3657K(1041408K), 0.0013184 secs]
52.222: Total time for which application threads were stopped: 0.0014692 seconds, Stopping threads took: 0.0000185 seconds
52.874: [GC (Allocation Failure)  338505K->5065K(1041408K), 0.0017492 secs]
52.876: Total time for which application threads were stopped: 0.0018958 seconds, Stopping threads took: 0.0000185 seconds
53.525: [GC (Allocation Failure)  339913K->5168K(1041920K), 0.0021478 secs]
53.527: Total time for which application threads were stopped: 0.0023179 seconds, Stopping threads took: 0.0000196 seconds
54.179: [GC (Allocation Failure)  340528K->5384K(1041408K), 0.0025514 secs]
54.181: Total time for which application threads were stopped: 0.0027012 seconds, Stopping threads took: 0.0000176 seconds
54.841: [GC (Allocation Failure)  340744K->5048K(1041920K), 0.0023486 secs]
54.843: Total time for which application threads were stopped: 0.0025224 seconds, Stopping threads took: 0.0000188 seconds
55.502: [GC (Allocation Failure)  340920K->5320K(1041920K), 0.0022506 secs]
55.505: Total time for which application threads were stopped: 0.0024183 seconds, Stopping threads took: 0.0000273 seconds
56.163: [GC (Allocation Failure)  341192K->5576K(1041920K), 0.0025647 secs]
56.166: Total time for which application threads were stopped: 0.0027381 seconds, Stopping threads took: 0.0000195 seconds
56.819: [GC (Allocation Failure)  341448K->2673K(1037312K), 0.0010809 secs]
56.820: Total time for which application threads were stopped: 0.0012036 seconds, Stopping threads took: 0.0000184 seconds
57.476: [GC (Allocation Failure)  338545K->4977K(1041920K), 0.0017702 secs]
57.478: Total time for which application threads were stopped: 0.0019312 seconds, Stopping threads took: 0.0000180 seconds
58.130: [GC (Allocation Failure)  340337K->5208K(1041408K), 0.0030845 secs]
58.133: Total time for which application threads were stopped: 0.0032133 seconds, Stopping threads took: 0.0000167 seconds
58.784: [GC (Allocation Failure)  340568K->5432K(1041920K), 0.0024785 secs]
58.786: Total time for which application threads were stopped: 0.0026212 seconds, Stopping threads took: 0.0000161 seconds
59.444: [GC (Allocation Failure)  341304K->5144K(1041920K), 0.0022473 secs]
59.446: Total time for which application threads were stopped: 0.0024113 seconds, Stopping threads took: 0.0000186 seconds
60.108: [GC (Allocation Failure)  341016K->5416K(1041920K), 0.0024278 secs]
60.110: Total time for which application threads were stopped: 0.0025869 seconds, Stopping threads took: 0.0000281 seconds
60.767: [GC (Allocation Failure)  341288K->1073K(1035776K), 0.0005630 secs]
60.767: Total time for which application threads were stopped: 0.0006785 seconds, Stopping threads took: 0.0000188 seconds
61.415: [GC (Allocation Failure)  336945K->3377K(1041408K), 0.0011592 secs]
61.417: Total time for which application threads were stopped: 0.0012939 seconds, Stopping threads took: 0.0000185 seconds
62.065: [GC (Allocation Failure)  338225K->4849K(1041408K), 0.0015993 secs]
62.067: Total time for which application threads were stopped: 0.0017543 seconds, Stopping threads took: 0.0000190 seconds
62.716: [GC (Allocation Failure)  339697K->5144K(1041920K), 0.0022193 secs]
62.718: Total time for which application threads were stopped: 0.0023870 seconds, Stopping threads took: 0.0000266 seconds
63.371: [GC (Allocation Failure)  341016K->5384K(1041920K), 0.0025502 secs]
63.373: Total time for which application threads were stopped: 0.0027121 seconds, Stopping threads took: 0.0000193 seconds
64.030: [GC (Allocation Failure)  341256K->5056K(1041920K), 0.0023463 secs]
64.032: Total time for which application threads were stopped: 0.0025101 seconds, Stopping threads took: 0.0000189 seconds
64.685: [GC (Allocation Failure)  340928K->5392K(1041920K), 0.0023043 secs]
64.688: Total time for which application threads were stopped: 0.0024691 seconds, Stopping threads took: 0.0000274 seconds
65.339: [GC (Allocation Failure)  341264K->857K(1040896K), 0.0004206 secs]
65.340: Total time for which application threads were stopped: 0.0005341 seconds, Stopping threads took: 0.0000182 seconds
65.992: [GC (Allocation Failure)  335705K->2393K(1041408K), 0.0008954 secs]
65.993: Total time for which application threads were stopped: 0.0010202 seconds, Stopping threads took: 0.0000186 seconds
66.644: [GC (Allocation Failure)  337241K->3865K(1041920K), 0.0014419 secs]
66.646: Total time for which application threads were stopped: 0.0015847 seconds, Stopping threads took: 0.0000189 seconds
67.295: [GC (Allocation Failure)  339225K->5056K(1041408K), 0.0020978 secs]
67.297: Total time for which application threads were stopped: 0.0022860 seconds, Stopping threads took: 0.0000273 seconds
67.949: [GC (Allocation Failure)  340416K->5296K(1041408K), 0.0024262 secs]
67.952: Total time for which application threads were stopped: 0.0025946 seconds, Stopping threads took: 0.0000191 seconds
68.611: [GC (Allocation Failure)  340144K->5536K(1041408K), 0.0024349 secs]
68.613: Total time for which application threads were stopped: 0.0026088 seconds, Stopping threads took: 0.0000279 seconds
69.271: [GC (Allocation Failure)  340384K->5056K(1041408K), 0.0022118 secs]
69.273: Total time for which application threads were stopped: 0.0023772 seconds, Stopping threads took: 0.0000191 seconds
69.927: [GC (Allocation Failure)  339904K->5296K(1041408K), 0.0024413 secs]
69.930: Total time for which application threads were stopped: 0.0026107 seconds, Stopping threads took: 0.0000201 seconds
70.585: [GC (Allocation Failure)  340144K->5456K(1041408K), 0.0023441 secs]
70.588: Total time for which application threads were stopped: 0.0025065 seconds, Stopping threads took: 0.0000197 seconds
71.240: [GC (Allocation Failure)  340304K->5568K(1041408K), 0.0026142 secs]
71.243: Total time for which application threads were stopped: 0.0027726 seconds, Stopping threads took: 0.0000191 seconds
71.895: [GC (Allocation Failure)  340416K->2233K(1041408K), 0.0008640 secs]
71.896: Total time for which application threads were stopped: 0.0010098 seconds, Stopping threads took: 0.0000260 seconds
72.544: [GC (Allocation Failure)  337081K->3673K(1041408K), 0.0012485 secs]
72.545: Total time for which application threads were stopped: 0.0013886 seconds, Stopping threads took: 0.0000189 seconds
73.195: [GC (Allocation Failure)  338521K->5081K(1041408K), 0.0021007 secs]
73.197: Total time for which application threads were stopped: 0.0022657 seconds, Stopping threads took: 0.0000192 seconds
73.854: [GC (Allocation Failure)  339929K->5184K(1041408K), 0.0021210 secs]
73.856: Total time for which application threads were stopped: 0.0022971 seconds, Stopping threads took: 0.0000278 seconds
74.511: [GC (Allocation Failure)  340032K->5312K(1041408K), 0.0024678 secs]
74.514: Total time for which application threads were stopped: 0.0026311 seconds, Stopping threads took: 0.0000192 seconds
75.172: [GC (Allocation Failure)  340160K->5552K(1041408K), 0.0027405 secs]
75.175: Total time for which application threads were stopped: 0.0029238 seconds, Stopping threads took: 0.0000194 seconds
75.834: [GC (Allocation Failure)  340400K->5120K(1041408K), 0.0021235 secs]
75.837: Total time for which application threads were stopped: 0.0023138 seconds, Stopping threads took: 0.0000191 seconds
76.491: [GC (Allocation Failure)  339968K->5296K(1041408K), 0.0022484 secs]
76.494: Total time for which application threads were stopped: 0.0024065 seconds, Stopping threads took: 0.0000186 seconds
77.153: [GC (Allocation Failure)  340144K->5488K(1041920K), 0.0024517 secs]
77.156: Total time for which application threads were stopped: 0.0026183 seconds, Stopping threads took: 0.0000196 seconds
77.811: [GC (Allocation Failure)  341360K->1881K(1036800K), 0.0007318 secs]
77.811: Total time for which application threads were stopped: 0.0008494 seconds, Stopping threads took: 0.0000186 seconds
78.465: [GC (Allocation Failure)  337753K->4121K(1041408K), 0.0014997 secs]
78.467: Total time for which application threads were stopped: 0.0016581 seconds, Stopping threads took: 0.0000193 seconds
79.123: [GC (Allocation Failure)  338969K->5024K(1041408K), 0.0030869 secs]
79.127: Total time for which application threads were stopped: 0.0032742 seconds, Stopping threads took: 0.0000254 seconds
79.781: [GC (Allocation Failure)  339872K->5264K(1041920K), 0.0023111 secs]
79.784: Total time for which application threads were stopped: 0.0024712 seconds, Stopping threads took: 0.0000188 seconds
80.442: [GC (Allocation Failure)  341136K->5536K(1041920K), 0.0030611 secs]
80.445: Total time for which application threads were stopped: 0.0032162 seconds, Stopping threads took: 0.0000193 seconds
81.107: [GC (Allocation Failure)  341408K->5216K(1041920K), 0.0022986 secs]
81.110: Total time for which application threads were stopped: 0.0024603 seconds, Stopping threads took: 0.0000200 seconds
81.768: [GC (Allocation Failure)  341088K->5456K(1041920K), 0.0025352 secs]
81.771: Total time for which application threads were stopped: 0.0027019 seconds, Stopping threads took: 0.0000195 seconds
82.427: [GC (Allocation Failure)  341328K->1689K(1040896K), 0.0006690 secs]
82.428: Total time for which application threads were stopped: 0.0007862 seconds, Stopping threads took: 0.0000190 seconds
83.079: [GC (Allocation Failure)  336537K->3161K(1041408K), 0.0010646 secs]
83.080: Total time for which application threads were stopped: 0.0012094 seconds, Stopping threads took: 0.0000276 seconds
83.733: [GC (Allocation Failure)  338009K->4697K(1041920K), 0.0017643 secs]
83.735: Total time for which application threads were stopped: 0.0019037 seconds, Stopping threads took: 0.0000161 seconds
84.385: [GC (Allocation Failure)  340057K->5184K(1041408K), 0.0023087 secs]
84.388: Total time for which application threads were stopped: 0.0024618 seconds, Stopping threads took: 0.0000194 seconds
85.044: [GC (Allocation Failure)  340544K->5360K(1041920K), 0.0023801 secs]
85.046: Total time for which application threads were stopped: 0.0025373 seconds, Stopping threads took: 0.0000185 seconds
85.702: [GC (Allocation Failure)  341232K->5056K(1041920K), 0.0020734 secs]
85.704: Total time for which application threads were stopped: 0.0022381 seconds, Stopping threads took: 0.0000191 seconds
86.356: [GC (Allocation Failure)  340928K->5344K(1041920K), 0.0025257 secs]
86.359: Total time for which application threads were stopped: 0.0026837 seconds, Stopping threads took: 0.0000197 seconds
87.014: [GC (Allocation Failure)  341216K->857K(1035776K), 0.0005134 secs]
87.015: Total time for which application threads were stopped: 0.0006299 seconds, Stopping threads took: 0.0000189 seconds
87.665: [GC (Allocation Failure)  336729K->3097K(1041408K), 0.0010878 secs]
87.666: Total time for which application threads were stopped: 0.0012248 seconds, Stopping threads took: 0.0000203 seconds
88.314: [GC (Allocation Failure)  337945K->4569K(1041408K), 0.0016885 secs]
88.316: Total time for which application threads were stopped: 0.0018630 seconds, Stopping threads took: 0.0000187 seconds
88.964: [GC (Allocation Failure)  339417K->5152K(1040896K), 0.0022625 secs]
88.967: Total time for which application threads were stopped: 0.0024270 seconds, Stopping threads took: 0.0000198 seconds
89.617: [GC (Allocation Failure)  340000K->5328K(1041408K), 0.0022718 secs]
89.620: Total time for which application threads were stopped: 0.0024335 seconds, Stopping threads took: 0.0000273 seconds
90.269: [GC (Allocation Failure)  340176K->5520K(1041408K), 0.0024548 secs]
90.271: Total time for which application threads were stopped: 0.0026101 seconds, Stopping threads took: 0.0000188 seconds
90.923: [GC (Allocation Failure)  340368K->5088K(1041408K), 0.0022394 secs]
90.926: Total time for which application threads were stopped: 0.0024027 seconds, Stopping threads took: 0.0000185 seconds
91.577: [GC (Allocation Failure)  339936K->5248K(1041408K), 0.0021755 secs]
91.579: Total time for which application threads were stopped: 0.0023301 seconds, Stopping threads took: 0.0000254 seconds
92.231: [GC (Allocation Failure)  340096K->5456K(1041408K), 0.0025358 secs]
92.234: Total time for which application threads were stopped: 0.0026911 seconds, Stopping threads took: 0.0000195 seconds
92.889: [GC (Allocation Failure)  340304K->5600K(1041408K), 0.0026208 secs]
92.891: Total time for which application threads were stopped: 0.0027876 seconds, Stopping threads took: 0.0000279 seconds
93.541: [GC (Allocation Failure)  340448K->2201K(1041408K), 0.0007891 secs]
93.542: Total time for which application threads were stopped: 0.0009051 seconds, Stopping threads took: 0.0000183 seconds
94.201: [GC (Allocation Failure)  337049K->3673K(1041408K), 0.0014029 secs]
94.202: Total time for which application threads were stopped: 0.0015470 seconds, Stopping threads took: 0.0000187 seconds
94.852: [GC (Allocation Failure)  338521K->5081K(1041408K), 0.0017973 secs]
94.854: Total time for which application threads were stopped: 0.0019573 seconds, Stopping threads took: 0.0000191 seconds
95.506: [GC (Allocation Failure)  339929K->5184K(1041408K), 0.0022928 secs]
95.508: Total time for which application threads were stopped: 0.0024608 seconds, Stopping threads took: 0.0000191 seconds
96.160: [GC (Allocation Failure)  340032K->5360K(1041408K), 0.0025415 secs]
96.162: Total time for which application threads were stopped: 0.0027089 seconds, Stopping threads took: 0.0000197 seconds
96.812: [GC (Allocation Failure)  340208K->5552K(1041408K), 0.0025526 secs]
96.815: Total time for which application threads were stopped: 0.0027201 seconds, Stopping threads took: 0.0000196 seconds
97.468: [GC (Allocation Failure)  340400K->5152K(1041408K), 0.0021145 secs]
97.470: Total time for which application threads were stopped: 0.0022764 seconds, Stopping threads took: 0.0000191 seconds
98.122: [GC (Allocation Failure)  339990K->5328K(1041920K), 0.0064839 secs]
98.129: Total time for which application threads were stopped: 0.0066385 seconds, Stopping threads took: 0.0000277 seconds
98.780: [GC (Allocation Failure)  341200K->5568K(1041920K), 0.0026672 secs]
98.782: Total time for which application threads were stopped: 0.0028390 seconds, Stopping threads took: 0.0000272 seconds
99.432: [GC (Allocation Failure)  341440K->2617K(1040896K), 0.0009244 secs]
99.432: Total time for which application threads were stopped: 0.0010509 seconds, Stopping threads took: 0.0000185 seconds
100.079: [GC (Allocation Failure)  337465K->4121K(1041408K), 0.0014565 secs]
100.081: Total time for which application threads were stopped: 0.0016104 seconds, Stopping threads took: 0.0000188 seconds
100.730: [GC (Allocation Failure)  338969K->5088K(1041920K), 0.0020946 secs]
100.732: Total time for which application threads were stopped: 0.0022634 seconds, Stopping threads took: 0.0000195 seconds
101.384: [GC (Allocation Failure)  340960K->5344K(1041920K), 0.0022863 secs]
101.386: Total time for which application threads were stopped: 0.0024521 seconds, Stopping threads took: 0.0000188 seconds
102.038: [GC (Allocation Failure)  341216K->5632K(1041920K), 0.0025343 secs]
102.040: Total time for which application threads were stopped: 0.0026898 seconds, Stopping threads took: 0.0000198 seconds
102.702: [GC (Allocation Failure)  341504K->5280K(1041920K), 0.0022946 secs]
102.704: Total time for which application threads were stopped: 0.0024673 seconds, Stopping threads took: 0.0000260 seconds
103.359: [GC (Allocation Failure)  341152K->5488K(1041920K), 0.0026257 secs]
103.362: Total time for which application threads were stopped: 0.0027900 seconds, Stopping threads took: 0.0000197 seconds
104.015: [GC (Allocation Failure)  341360K->2233K(1037312K), 0.0009586 secs]
104.016: Total time for which application threads were stopped: 0.0010915 seconds, Stopping threads took: 0.0000191 seconds
104.671: [GC (Allocation Failure)  338105K->4505K(1041920K), 0.0015480 secs]
104.673: Total time for which application threads were stopped: 0.0016979 seconds, Stopping threads took: 0.0000257 seconds
105.327: [GC (Allocation Failure)  339865K->5152K(1041408K), 0.0020728 secs]
105.329: Total time for which application threads were stopped: 0.0022310 seconds, Stopping threads took: 0.0000188 seconds
105.986: [GC (Allocation Failure)  340512K->5392K(1041920K), 0.0023761 secs]
105.989: Total time for which application threads were stopped: 0.0025489 seconds, Stopping threads took: 0.0000278 seconds
106.650: [GC (Allocation Failure)  341264K->5056K(1041920K), 0.0020996 secs]
106.652: Total time for which application threads were stopped: 0.0022595 seconds, Stopping threads took: 0.0000256 seconds
107.310: [GC (Allocation Failure)  340928K->5328K(1041920K), 0.0025314 secs]
107.313: Total time for which application threads were stopped: 0.0027018 seconds, Stopping threads took: 0.0000191 seconds
107.969: [GC (Allocation Failure)  341200K->5600K(1041920K), 0.0025927 secs]
107.971: Total time for which application threads were stopped: 0.0027575 seconds, Stopping threads took: 0.0000191 seconds
108.631: [GC (Allocation Failure)  341472K->2841K(1041920K), 0.0010072 secs]
108.632: Total time for which application threads were stopped: 0.0011678 seconds, Stopping threads took: 0.0000255 seconds
109.286: [GC (Allocation Failure)  338713K->5065K(1041920K), 0.0017458 secs]
109.288: Total time for which application threads were stopped: 0.0019125 seconds, Stopping threads took: 0.0000192 seconds
109.945: [GC (Allocation Failure)  340937K->5312K(1041920K), 0.0023310 secs]
109.947: Total time for which application threads were stopped: 0.0024991 seconds, Stopping threads took: 0.0000199 seconds
110.604: [GC (Allocation Failure)  341184K->5568K(1041920K), 0.0025645 secs]
110.607: Total time for which application threads were stopped: 0.0027551 seconds, Stopping threads took: 0.0000191 seconds
111.266: [GC (Allocation Failure)  341440K->5232K(1041920K), 0.0022119 secs]
111.268: Total time for which application threads were stopped: 0.0023770 seconds, Stopping threads took: 0.0000198 seconds
111.928: [GC (Allocation Failure)  341104K->5488K(1041920K), 0.0024546 secs]
111.931: Total time for which application threads were stopped: 0.0026135 seconds, Stopping threads took: 0.0000193 seconds
112.588: [GC (Allocation Failure)  341360K->1545K(1040896K), 0.0007104 secs]
112.589: Total time for which application threads were stopped: 0.0008275 seconds, Stopping threads took: 0.0000188 seconds
113.245: [GC (Allocation Failure)  336393K->3049K(1041408K), 0.0010947 secs]
113.246: Total time for which application threads were stopped: 0.0012231 seconds, Stopping threads took: 0.0000184 seconds
113.897: [GC (Allocation Failure)  337897K->4521K(1041920K), 0.0015852 secs]
113.898: Total time for which application threads were stopped: 0.0017364 seconds, Stopping threads took: 0.0000191 seconds
114.549: [GC (Allocation Failure)  339881K->5136K(1041408K), 0.0023408 secs]
114.551: Total time for which application threads were stopped: 0.0025055 seconds, Stopping threads took: 0.0000197 seconds
115.203: [GC (Allocation Failure)  340496K->5408K(1041920K), 0.0023600 secs]
115.206: Total time for which application threads were stopped: 0.0025244 seconds, Stopping threads took: 0.0000195 seconds
