Java HotSpot(TM) 64-Bit Server VM (25.171-b11) for linux-amd64 JRE (1.8.0_171-b11), built on Mar 28 2018 17:07:08 by "java_re" with gcc 4.3.0 20080428 (Red Hat 4.3.0-8)
Memory: 4k page, physical 32883000k(29643484k free), swap 8000508k(8000508k free)
CommandLine flags: -XX:InitialHeapSize=526128000 -XX:MaxHeapSize=8418048000 -XX:+PrintGC -XX:+PrintGCApplicationStoppedTime -XX:+PrintGCTimeStamps -XX:+UseCompressedClassPointers -XX:+UseCompressedOops -XX:+UseParallelGC 
0.336: [GC (Allocation Failure)  129024K->2424K(493056K), 0.0020983 secs]
0.338: Total time for which application threads were stopped: 0.0023087 seconds, Stopping threads took: 0.0000207 seconds
0.423: [GC (Allocation Failure)  131448K->576K(493056K), 0.0009213 secs]
0.424: Total time for which application threads were stopped: 0.0010742 seconds, Stopping threads took: 0.0000278 seconds
0.509: [GC (Allocation Failure)  129600K->584K(493056K), 0.0009132 secs]
0.510: Total time for which application threads were stopped: 0.0010563 seconds, Stopping threads took: 0.0000273 seconds
0.596: [GC (Allocation Failure)  129608K->568K(493056K), 0.0010517 secs]
0.597: Total time for which application threads were stopped: 0.0011975 seconds, Stopping threads took: 0.0000274 seconds
0.731: [GC (Allocation Failure)  129592K->607K(470016K), 0.0011261 secs]
0.732: Total time for which application threads were stopped: 0.0012445 seconds, Stopping threads took: 0.0000259 seconds
0.874: [GC (Allocation Failure)  126559K->592K(466944K), 0.0008919 secs]
0.875: Total time for which application threads were stopped: 0.0010027 seconds, Stopping threads took: 0.0000191 seconds
0.937: [GC (Allocation Failure)  123472K->573K(463872K), 0.0010746 secs]
0.938: Total time for which application threads were stopped: 0.0011863 seconds, Stopping threads took: 0.0000220 seconds
0.996: [GC (Allocation Failure)  120893K->605K(461312K), 0.0005951 secs]
0.997: Total time for which application threads were stopped: 0.0006959 seconds, Stopping threads took: 0.0000165 seconds
1.058: [GC (Allocation Failure)  118365K->605K(460800K), 0.0005406 secs]
1.059: Total time for which application threads were stopped: 0.0006597 seconds, Stopping threads took: 0.0000308 seconds
1.113: [GC (Allocation Failure)  115805K->605K(456192K), 0.0003733 secs]
1.113: Total time for which application threads were stopped: 0.0004922 seconds, Stopping threads took: 0.0000216 seconds
1.165: [GC (Allocation Failure)  113245K->573K(455680K), 0.0005600 secs]
1.166: Total time for which application threads were stopped: 0.0006713 seconds, Stopping threads took: 0.0000187 seconds
1.217: [GC (Allocation Failure)  110653K->605K(451584K), 0.0004317 secs]
1.217: Total time for which application threads were stopped: 0.0005252 seconds, Stopping threads took: 0.0000135 seconds
1.267: [GC (Allocation Failure)  108637K->605K(451072K), 0.0005040 secs]
1.267: Total time for which application threads were stopped: 0.0006158 seconds, Stopping threads took: 0.0000181 seconds
1.316: [GC (Allocation Failure)  106589K->605K(447488K), 0.0006515 secs]
1.317: Total time for which application threads were stopped: 0.0007408 seconds, Stopping threads took: 0.0000119 seconds
1.365: [GC (Allocation Failure)  104541K->573K(446976K), 0.0003533 secs]
1.365: Total time for which application threads were stopped: 0.0004541 seconds, Stopping threads took: 0.0000218 seconds
1.416: [GC (Allocation Failure)  102461K->573K(443392K), 0.0005633 secs]
1.417: Total time for which application threads were stopped: 0.0006690 seconds, Stopping threads took: 0.0000177 seconds
1.465: [GC (Allocation Failure)  100413K->605K(442880K), 0.0003680 secs]
1.465: Total time for which application threads were stopped: 0.0005459 seconds, Stopping threads took: 0.0000198 seconds
1.510: [GC (Allocation Failure)  98397K->605K(439296K), 0.0004238 secs]
1.511: Total time for which application threads were stopped: 0.0005390 seconds, Stopping threads took: 0.0000168 seconds
1.555: [GC (Allocation Failure)  96349K->605K(438784K), 0.0004972 secs]
1.555: Total time for which application threads were stopped: 0.0006232 seconds, Stopping threads took: 0.0000177 seconds
1.600: [GC (Allocation Failure)  94813K->573K(436224K), 0.0004938 secs]
1.601: Total time for which application threads were stopped: 0.0006267 seconds, Stopping threads took: 0.0000191 seconds
1.647: [GC (Allocation Failure)  93245K->573K(435712K), 0.0004666 secs]
1.647: Total time for which application threads were stopped: 0.0005979 seconds, Stopping threads took: 0.0000233 seconds
1.689: [GC (Allocation Failure)  91709K->605K(433152K), 0.0005601 secs]
1.690: Total time for which application threads were stopped: 0.0006642 seconds, Stopping threads took: 0.0000152 seconds
1.731: [GC (Allocation Failure)  90205K->573K(470016K), 0.0006680 secs]
1.732: Total time for which application threads were stopped: 0.0008039 seconds, Stopping threads took: 0.0000179 seconds
1.789: [GC (Allocation Failure)  126013K->573K(478720K), 0.0007672 secs]
1.790: Total time for which application threads were stopped: 0.0008880 seconds, Stopping threads took: 0.0000170 seconds
1.853: [GC (Allocation Failure)  134717K->573K(474624K), 0.0005266 secs]
1.853: Total time for which application threads were stopped: 0.0006421 seconds, Stopping threads took: 0.0000177 seconds
1.913: [GC (Allocation Failure)  131645K->573K(471552K), 0.0005245 secs]
1.914: Total time for which application threads were stopped: 0.0006471 seconds, Stopping threads took: 0.0000221 seconds
1.973: [GC (Allocation Failure)  128573K->573K(468992K), 0.0005678 secs]
1.973: Total time for which application threads were stopped: 0.0007029 seconds, Stopping threads took: 0.0000186 seconds
2.036: [GC (Allocation Failure)  125501K->573K(465408K), 0.0005090 secs]
2.036: Total time for which application threads were stopped: 0.0005987 seconds, Stopping threads took: 0.0000122 seconds
2.092: [GC (Allocation Failure)  122429K->573K(463360K), 0.0004894 secs]
2.093: Total time for which application threads were stopped: 0.0006002 seconds, Stopping threads took: 0.0000236 seconds
2.154: [GC (Allocation Failure)  119869K->605K(460288K), 0.0004706 secs]
2.155: Total time for which application threads were stopped: 0.0005848 seconds, Stopping threads took: 0.0000114 seconds
2.214: [GC (Allocation Failure)  117341K->573K(458240K), 0.0003371 secs]
2.215: Total time for which application threads were stopped: 0.0004224 seconds, Stopping threads took: 0.0000118 seconds
2.267: [GC (Allocation Failure)  114749K->605K(455168K), 0.0006505 secs]
2.268: Total time for which application threads were stopped: 0.0007464 seconds, Stopping threads took: 0.0000139 seconds
2.320: [GC (Allocation Failure)  112221K->605K(453120K), 0.0005854 secs]
2.320: Total time for which application threads were stopped: 0.0007066 seconds, Stopping threads took: 0.0000159 seconds
2.371: [GC (Allocation Failure)  109661K->573K(450560K), 0.0005639 secs]
2.371: Total time for which application threads were stopped: 0.0006742 seconds, Stopping threads took: 0.0000236 seconds
2.426: [GC (Allocation Failure)  107581K->573K(448512K), 0.0005172 secs]
2.427: Total time for which application threads were stopped: 0.0006380 seconds, Stopping threads took: 0.0000185 seconds
2.475: [GC (Allocation Failure)  105533K->573K(446464K), 0.0005311 secs]
2.475: Total time for which application threads were stopped: 0.0006322 seconds, Stopping threads took: 0.0000122 seconds
2.522: [GC (Allocation Failure)  103485K->605K(444416K), 0.0005207 secs]
2.523: Total time for which application threads were stopped: 0.0006190 seconds, Stopping threads took: 0.0000145 seconds
2.574: [GC (Allocation Failure)  101469K->637K(442368K), 0.0003123 secs]
2.575: Total time for which application threads were stopped: 0.0003954 seconds, Stopping threads took: 0.0000094 seconds
2.621: [GC (Allocation Failure)  99453K->637K(440320K), 0.0005955 secs]
2.622: Total time for which application threads were stopped: 0.0006998 seconds, Stopping threads took: 0.0000146 seconds
2.672: [GC (Allocation Failure)  97405K->573K(438272K), 0.0004315 secs]
2.672: Total time for which application threads were stopped: 0.0005241 seconds, Stopping threads took: 0.0000130 seconds
2.721: [GC (Allocation Failure)  95293K->605K(436736K), 0.0005470 secs]
2.722: Total time for which application threads were stopped: 0.0006555 seconds, Stopping threads took: 0.0000129 seconds
2.772: [GC (Allocation Failure)  93789K->573K(435200K), 0.0005649 secs]
2.772: Total time for which application threads were stopped: 0.0006667 seconds, Stopping threads took: 0.0000216 seconds
