Java HotSpot(TM) 64-Bit Server VM (25.171-b11) for linux-amd64 JRE (1.8.0_171-b11), built on Mar 28 2018 17:07:08 by "java_re" with gcc 4.3.0 20080428 (Red Hat 4.3.0-8)
Memory: 4k page, physical 32883000k(29644268k free), swap 8000508k(8000508k free)
CommandLine flags: -XX:InitialHeapSize=526128000 -XX:MaxHeapSize=8418048000 -XX:+PrintGC -XX:+PrintGCApplicationStoppedTime -XX:+PrintGCTimeStamps -XX:+UseCompressedClassPointers -XX:+UseCompressedOops -XX:+UseParallelGC 
0.335: [GC (Allocation Failure)  129024K->2475K(493056K), 0.0018565 secs]
0.337: Total time for which application threads were stopped: 0.0020153 seconds, Stopping threads took: 0.0000188 seconds
0.480: [GC (Allocation Failure)  131499K->576K(493056K), 0.0008229 secs]
0.481: Total time for which application threads were stopped: 0.0009395 seconds, Stopping threads took: 0.0000224 seconds
0.544: [GC (Allocation Failure)  129600K->600K(493056K), 0.0008621 secs]
0.545: Total time for which application threads were stopped: 0.0009747 seconds, Stopping threads took: 0.0000241 seconds
0.606: [GC (Allocation Failure)  129624K->624K(493056K), 0.0008784 secs]
0.607: Total time for which application threads were stopped: 0.0009733 seconds, Stopping threads took: 0.0000232 seconds
0.670: [GC (Allocation Failure)  129648K->600K(470016K), 0.0009579 secs]
0.671: Total time for which application threads were stopped: 0.0010565 seconds, Stopping threads took: 0.0000161 seconds
0.730: [GC (Allocation Failure)  126552K->576K(491008K), 0.0011322 secs]
0.731: Total time for which application threads were stopped: 0.0012497 seconds, Stopping threads took: 0.0000175 seconds
0.804: [GC (Allocation Failure)  145984K->585K(491008K), 0.0010948 secs]
0.805: Total time for which application threads were stopped: 0.0012136 seconds, Stopping threads took: 0.0000161 seconds
0.873: [GC (Allocation Failure)  145993K->585K(485376K), 0.0005115 secs]
0.873: Total time for which application threads were stopped: 0.0006051 seconds, Stopping threads took: 0.0000127 seconds
0.940: [GC (Allocation Failure)  142409K->585K(483840K), 0.0005022 secs]
0.941: Total time for which application threads were stopped: 0.0005968 seconds, Stopping threads took: 0.0000157 seconds
1.005: [GC (Allocation Failure)  138825K->617K(478720K), 0.0004627 secs]
1.005: Total time for which application threads were stopped: 0.0005669 seconds, Stopping threads took: 0.0000221 seconds
1.071: [GC (Allocation Failure)  135785K->617K(477696K), 0.0005112 secs]
1.072: Total time for which application threads were stopped: 0.0006101 seconds, Stopping threads took: 0.0000145 seconds
1.133: [GC (Allocation Failure)  132713K->617K(472576K), 0.0005005 secs]
1.133: Total time for which application threads were stopped: 0.0005860 seconds, Stopping threads took: 0.0000116 seconds
1.193: [GC (Allocation Failure)  129641K->649K(471040K), 0.0004498 secs]
1.193: Total time for which application threads were stopped: 0.0005431 seconds, Stopping threads took: 0.0000215 seconds
1.258: [GC (Allocation Failure)  126601K->585K(466432K), 0.0005292 secs]
1.258: Total time for which application threads were stopped: 0.0006425 seconds, Stopping threads took: 0.0000145 seconds
1.318: [GC (Allocation Failure)  123465K->585K(465408K), 0.0004551 secs]
1.319: Total time for which application threads were stopped: 0.0005631 seconds, Stopping threads took: 0.0000134 seconds
1.375: [GC (Allocation Failure)  120905K->585K(461312K), 0.0004227 secs]
1.375: Total time for which application threads were stopped: 0.0005261 seconds, Stopping threads took: 0.0000195 seconds
1.432: [GC (Allocation Failure)  118345K->585K(460288K), 0.0004933 secs]
1.433: Total time for which application threads were stopped: 0.0005885 seconds, Stopping threads took: 0.0000222 seconds
1.487: [GC (Allocation Failure)  115785K->617K(456192K), 0.0004119 secs]
1.488: Total time for which application threads were stopped: 0.0005124 seconds, Stopping threads took: 0.0000100 seconds
1.541: [GC (Allocation Failure)  113257K->585K(454656K), 0.0005030 secs]
1.541: Total time for which application threads were stopped: 0.0006039 seconds, Stopping threads took: 0.0000217 seconds
1.593: [GC (Allocation Failure)  110665K->585K(497664K), 0.0019142 secs]
1.595: Total time for which application threads were stopped: 0.0020360 seconds, Stopping threads took: 0.0000229 seconds
1.668: [GC (Allocation Failure)  154697K->617K(560640K), 0.0005593 secs]
1.669: Total time for which application threads were stopped: 0.0006716 seconds, Stopping threads took: 0.0000230 seconds
1.783: [GC (Allocation Failure)  216681K->585K(626176K), 0.0005868 secs]
1.783: Total time for which application threads were stopped: 0.0007048 seconds, Stopping threads took: 0.0000176 seconds
1.929: [GC (Allocation Failure)  282185K->617K(615936K), 0.0006556 secs]
1.930: Total time for which application threads were stopped: 0.0007949 seconds, Stopping threads took: 0.0000252 seconds
2.055: [GC (Allocation Failure)  273001K->585K(606720K), 0.0005699 secs]
2.055: Total time for which application threads were stopped: 0.0006758 seconds, Stopping threads took: 0.0000224 seconds
2.177: [GC (Allocation Failure)  263753K->585K(598528K), 0.0005620 secs]
2.178: Total time for which application threads were stopped: 0.0006906 seconds, Stopping threads took: 0.0000194 seconds
2.294: [GC (Allocation Failure)  255049K->585K(589824K), 0.0004428 secs]
2.295: Total time for which application threads were stopped: 0.0005509 seconds, Stopping threads took: 0.0000131 seconds
2.412: [GC (Allocation Failure)  246857K->617K(582656K), 0.0005094 secs]
2.413: Total time for which application threads were stopped: 0.0006055 seconds, Stopping threads took: 0.0000134 seconds
2.522: [GC (Allocation Failure)  239209K->585K(574464K), 0.0004915 secs]
2.522: Total time for which application threads were stopped: 0.0006114 seconds, Stopping threads took: 0.0000219 seconds
