Java HotSpot(TM) 64-Bit Server VM (25.171-b11) for linux-amd64 JRE (1.8.0_171-b11), built on Mar 28 2018 17:07:08 by "java_re" with gcc 4.3.0 20080428 (Red Hat 4.3.0-8)
Memory: 4k page, physical 32883000k(29644208k free), swap 8000508k(8000508k free)
CommandLine flags: -XX:InitialHeapSize=526128000 -XX:MaxHeapSize=8418048000 -XX:+PrintGC -XX:+PrintGCApplicationStoppedTime -XX:+PrintGCTimeStamps -XX:+UseCompressedClassPointers -XX:+UseCompressedOops -XX:+UseParallelGC 
0.333: [GC (Allocation Failure)  129024K->2475K(493056K), 0.0019605 secs]
0.335: Total time for which application threads were stopped: 0.0021458 seconds, Stopping threads took: 0.0000202 seconds
0.464: [GC (Allocation Failure)  131499K->551K(493056K), 0.0009036 secs]
0.465: Total time for which application threads were stopped: 0.0010254 seconds, Stopping threads took: 0.0000176 seconds
0.530: [GC (Allocation Failure)  129575K->616K(493056K), 0.0009016 secs]
0.531: Total time for which application threads were stopped: 0.0009949 seconds, Stopping threads took: 0.0000137 seconds
0.591: [GC (Allocation Failure)  129640K->584K(493056K), 0.0008241 secs]
0.592: Total time for which application threads were stopped: 0.0009422 seconds, Stopping threads took: 0.0000163 seconds
0.655: [GC (Allocation Failure)  129608K->552K(470016K), 0.0010867 secs]
0.656: Total time for which application threads were stopped: 0.0012106 seconds, Stopping threads took: 0.0000311 seconds
0.714: [GC (Allocation Failure)  126504K->592K(491008K), 0.0010178 secs]
0.716: Total time for which application threads were stopped: 0.0011536 seconds, Stopping threads took: 0.0000257 seconds
0.786: [GC (Allocation Failure)  146000K->573K(491008K), 0.0010989 secs]
0.788: Total time for which application threads were stopped: 0.0012370 seconds, Stopping threads took: 0.0000215 seconds
0.858: [GC (Allocation Failure)  145981K->605K(636416K), 0.0006032 secs]
0.859: Total time for which application threads were stopped: 0.0007055 seconds, Stopping threads took: 0.0000147 seconds
1.026: [GC (Allocation Failure)  291421K->605K(624640K), 0.0005017 secs]
1.026: Total time for which application threads were stopped: 0.0006365 seconds, Stopping threads took: 0.0000276 seconds
1.161: [GC (Allocation Failure)  281693K->605K(615424K), 0.0005501 secs]
1.162: Total time for which application threads were stopped: 0.0006486 seconds, Stopping threads took: 0.0000140 seconds
1.289: [GC (Allocation Failure)  272477K->573K(608256K), 0.0005316 secs]
1.289: Total time for which application threads were stopped: 0.0006540 seconds, Stopping threads took: 0.0000243 seconds
1.413: [GC (Allocation Failure)  263229K->605K(597504K), 0.0006421 secs]
1.414: Total time for which application threads were stopped: 0.0007733 seconds, Stopping threads took: 0.0000207 seconds
1.530: [GC (Allocation Failure)  254557K->573K(590848K), 0.0005802 secs]
1.530: Total time for which application threads were stopped: 0.0006867 seconds, Stopping threads took: 0.0000137 seconds
1.647: [GC (Allocation Failure)  246333K->573K(581632K), 0.0006005 secs]
1.648: Total time for which application threads were stopped: 0.0007296 seconds, Stopping threads took: 0.0000193 seconds
1.762: [GC (Allocation Failure)  238653K->605K(575488K), 0.0005175 secs]
1.763: Total time for which application threads were stopped: 0.0006218 seconds, Stopping threads took: 0.0000214 seconds
1.873: [GC (Allocation Failure)  231005K->605K(566784K), 0.0005179 secs]
1.874: Total time for which application threads were stopped: 0.0006201 seconds, Stopping threads took: 0.0000202 seconds
1.976: [GC (Allocation Failure)  223837K->605K(561664K), 0.0005927 secs]
1.977: Total time for which application threads were stopped: 0.0007008 seconds, Stopping threads took: 0.0000183 seconds
2.076: [GC (Allocation Failure)  217181K->605K(553472K), 0.0006701 secs]
2.077: Total time for which application threads were stopped: 0.0007756 seconds, Stopping threads took: 0.0000125 seconds
2.173: [GC (Allocation Failure)  210525K->573K(548352K), 0.0005112 secs]
2.173: Total time for which application threads were stopped: 0.0006250 seconds, Stopping threads took: 0.0000203 seconds
2.268: [GC (Allocation Failure)  204349K->605K(541184K), 0.0006026 secs]
2.269: Total time for which application threads were stopped: 0.0006964 seconds, Stopping threads took: 0.0000096 seconds
2.360: [GC (Allocation Failure)  198237K->605K(536576K), 0.0004554 secs]
2.360: Total time for which application threads were stopped: 0.0005659 seconds, Stopping threads took: 0.0000146 seconds
2.449: [GC (Allocation Failure)  192605K->573K(529920K), 0.0005241 secs]
2.449: Total time for which application threads were stopped: 0.0006267 seconds, Stopping threads took: 0.0000135 seconds
2.535: [GC (Allocation Failure)  186941K->573K(525824K), 0.0005409 secs]
2.535: Total time for which application threads were stopped: 0.0006493 seconds, Stopping threads took: 0.0000184 seconds
