Java HotSpot(TM) 64-Bit Server VM (25.171-b11) for linux-amd64 JRE (1.8.0_171-b11), built on Mar 28 2018 17:07:08 by "java_re" with gcc 4.3.0 20080428 (Red Hat 4.3.0-8)
Memory: 4k page, physical 32883000k(29641916k free), swap 8000508k(8000508k free)
CommandLine flags: -XX:InitialHeapSize=526128000 -XX:MaxHeapSize=8418048000 -XX:+PrintGC -XX:+PrintGCApplicationStoppedTime -XX:+PrintGCTimeStamps -XX:+UseCompressedClassPointers -XX:+UseCompressedOops -XX:+UseParallelGC 
0.339: [GC (Allocation Failure)  129024K->2530K(493056K), 0.0018981 secs]
0.341: Total time for which application threads were stopped: 0.0020884 seconds, Stopping threads took: 0.0000196 seconds
0.444: [GC (Allocation Failure)  131554K->972K(493056K), 0.0013138 secs]
0.445: Total time for which application threads were stopped: 0.0014618 seconds, Stopping threads took: 0.0000225 seconds
0.540: [GC (Allocation Failure)  129996K->740K(493056K), 0.0009274 secs]
0.541: Total time for which application threads were stopped: 0.0010591 seconds, Stopping threads took: 0.0000286 seconds
0.630: [GC (Allocation Failure)  129764K->908K(493056K), 0.0010101 secs]
0.631: Total time for which application threads were stopped: 0.0011175 seconds, Stopping threads took: 0.0000158 seconds
0.721: [GC (Allocation Failure)  129932K->1076K(470528K), 0.0010939 secs]
0.722: Total time for which application threads were stopped: 0.0011946 seconds, Stopping threads took: 0.0000145 seconds
0.812: [GC (Allocation Failure)  127028K->860K(466944K), 0.0011621 secs]
0.813: Total time for which application threads were stopped: 0.0012710 seconds, Stopping threads took: 0.0000153 seconds
0.895: [GC (Allocation Failure)  123740K->1086K(463872K), 0.0012087 secs]
0.896: Total time for which application threads were stopped: 0.0013221 seconds, Stopping threads took: 0.0000146 seconds
0.977: [GC (Allocation Failure)  121406K->1118K(461312K), 0.0007090 secs]
0.978: Total time for which application threads were stopped: 0.0008248 seconds, Stopping threads took: 0.0000152 seconds
1.062: [GC (Allocation Failure)  118878K->894K(460800K), 0.0008187 secs]
1.063: Total time for which application threads were stopped: 0.0009383 seconds, Stopping threads took: 0.0000241 seconds
1.147: [GC (Allocation Failure)  116094K->766K(456192K), 0.0005732 secs]
1.148: Total time for which application threads were stopped: 0.0007077 seconds, Stopping threads took: 0.0000174 seconds
1.230: [GC (Allocation Failure)  113406K->894K(455680K), 0.0005795 secs]
1.231: Total time for which application threads were stopped: 0.0007133 seconds, Stopping threads took: 0.0000172 seconds
1.310: [GC (Allocation Failure)  110974K->766K(451584K), 0.0004907 secs]
1.311: Total time for which application threads were stopped: 0.0005835 seconds, Stopping threads took: 0.0000129 seconds
1.388: [GC (Allocation Failure)  108798K->926K(451584K), 0.0006372 secs]
1.389: Total time for which application threads were stopped: 0.0007729 seconds, Stopping threads took: 0.0000220 seconds
1.464: [GC (Allocation Failure)  106910K->1022K(447488K), 0.0009084 secs]
1.465: Total time for which application threads were stopped: 0.0010400 seconds, Stopping threads took: 0.0000240 seconds
1.536: [GC (Allocation Failure)  104958K->990K(446976K), 0.0005802 secs]
1.537: Total time for which application threads were stopped: 0.0007020 seconds, Stopping threads took: 0.0000213 seconds
1.608: [GC (Allocation Failure)  102878K->894K(443392K), 0.0005932 secs]
1.609: Total time for which application threads were stopped: 0.0006942 seconds, Stopping threads took: 0.0000096 seconds
1.676: [GC (Allocation Failure)  100734K->1022K(442880K), 0.0007567 secs]
1.677: Total time for which application threads were stopped: 0.0008524 seconds, Stopping threads took: 0.0000135 seconds
1.743: [GC (Allocation Failure)  98814K->1086K(439296K), 0.0006638 secs]
1.743: Total time for which application threads were stopped: 0.0007644 seconds, Stopping threads took: 0.0000210 seconds
1.813: [GC (Allocation Failure)  96830K->1022K(439296K), 0.0006325 secs]
1.813: Total time for which application threads were stopped: 0.0007387 seconds, Stopping threads took: 0.0000140 seconds
1.877: [GC (Allocation Failure)  95230K->1022K(436224K), 0.0008128 secs]
1.877: Total time for which application threads were stopped: 0.0009092 seconds, Stopping threads took: 0.0000124 seconds
1.940: [GC (Allocation Failure)  93694K->1022K(435712K), 0.0007140 secs]
1.941: Total time for which application threads were stopped: 0.0008065 seconds, Stopping threads took: 0.0000129 seconds
2.009: [GC (Allocation Failure)  92158K->1022K(433152K), 0.0005904 secs]
2.010: Total time for which application threads were stopped: 0.0006869 seconds, Stopping threads took: 0.0000101 seconds
2.070: [GC (Allocation Failure)  90622K->1022K(432640K), 0.0005846 secs]
2.071: Total time for which application threads were stopped: 0.0006953 seconds, Stopping threads took: 0.0000182 seconds
2.130: [GC (Allocation Failure)  89086K->702K(430080K), 0.0006074 secs]
2.131: Total time for which application threads were stopped: 0.0007155 seconds, Stopping threads took: 0.0000122 seconds
2.192: [GC (Allocation Failure)  87230K->766K(429568K), 0.0004526 secs]
2.193: Total time for which application threads were stopped: 0.0005505 seconds, Stopping threads took: 0.0000123 seconds
2.250: [GC (Allocation Failure)  85758K->894K(427008K), 0.0006222 secs]
2.251: Total time for which application threads were stopped: 0.0007252 seconds, Stopping threads took: 0.0000270 seconds
2.307: [GC (Allocation Failure)  84350K->1022K(426496K), 0.0007166 secs]
2.308: Total time for which application threads were stopped: 0.0008484 seconds, Stopping threads took: 0.0000203 seconds
2.363: [GC (Allocation Failure)  82942K->766K(423936K), 0.0005655 secs]
2.364: Total time for which application threads were stopped: 0.0006942 seconds, Stopping threads took: 0.0000189 seconds
2.419: [GC (Allocation Failure)  81150K->990K(423424K), 0.0005897 secs]
2.420: Total time for which application threads were stopped: 0.0006952 seconds, Stopping threads took: 0.0000142 seconds
2.473: [GC (Allocation Failure)  79838K->766K(421376K), 0.0006730 secs]
2.474: Total time for which application threads were stopped: 0.0008096 seconds, Stopping threads took: 0.0000276 seconds
2.527: [GC (Allocation Failure)  78590K->1118K(420864K), 0.0006778 secs]
2.527: Total time for which application threads were stopped: 0.0007909 seconds, Stopping threads took: 0.0000141 seconds
2.579: [GC (Allocation Failure)  77918K->798K(419328K), 0.0006284 secs]
2.580: Total time for which application threads were stopped: 0.0007258 seconds, Stopping threads took: 0.0000131 seconds
2.631: [GC (Allocation Failure)  76574K->1022K(418816K), 0.0005840 secs]
2.631: Total time for which application threads were stopped: 0.0007059 seconds, Stopping threads took: 0.0000184 seconds
2.682: [GC (Allocation Failure)  75774K->1022K(437248K), 0.0006400 secs]
2.683: Total time for which application threads were stopped: 0.0007579 seconds, Stopping threads took: 0.0000203 seconds
2.749: [GC (Allocation Failure)  94718K->894K(436224K), 0.0005002 secs]
2.750: Total time for which application threads were stopped: 0.0006243 seconds, Stopping threads took: 0.0000185 seconds
2.812: [GC (Allocation Failure)  93054K->734K(434176K), 0.0005382 secs]
2.812: Total time for which application threads were stopped: 0.0006455 seconds, Stopping threads took: 0.0000189 seconds
2.879: [GC (Allocation Failure)  91358K->1022K(433152K), 0.0006969 secs]
2.880: Total time for which application threads were stopped: 0.0008102 seconds, Stopping threads took: 0.0000156 seconds
2.940: [GC (Allocation Failure)  90110K->958K(431104K), 0.0007698 secs]
2.941: Total time for which application threads were stopped: 0.0008962 seconds, Stopping threads took: 0.0000147 seconds
3.000: [GC (Allocation Failure)  88510K->894K(430080K), 0.0006303 secs]
3.001: Total time for which application threads were stopped: 0.0007568 seconds, Stopping threads took: 0.0000178 seconds
3.061: [GC (Allocation Failure)  86910K->894K(428032K), 0.0005870 secs]
3.061: Total time for which application threads were stopped: 0.0007127 seconds, Stopping threads took: 0.0000101 seconds
3.124: [GC (Allocation Failure)  85374K->830K(427008K), 0.0004845 secs]
3.124: Total time for which application threads were stopped: 0.0005860 seconds, Stopping threads took: 0.0000157 seconds
3.180: [GC (Allocation Failure)  83774K->862K(424960K), 0.0006162 secs]
3.181: Total time for which application threads were stopped: 0.0007051 seconds, Stopping threads took: 0.0000119 seconds
3.236: [GC (Allocation Failure)  82270K->894K(423936K), 0.0005586 secs]
3.236: Total time for which application threads were stopped: 0.0006507 seconds, Stopping threads took: 0.0000121 seconds
3.294: [GC (Allocation Failure)  80766K->894K(422400K), 0.0005219 secs]
3.294: Total time for which application threads were stopped: 0.0006108 seconds, Stopping threads took: 0.0000115 seconds
3.352: [GC (Allocation Failure)  79742K->1118K(421888K), 0.0006797 secs]
3.353: Total time for which application threads were stopped: 0.0007713 seconds, Stopping threads took: 0.0000192 seconds
3.409: [GC (Allocation Failure)  78942K->1022K(438784K), 0.0016761 secs]
3.411: Total time for which application threads were stopped: 0.0018000 seconds, Stopping threads took: 0.0000315 seconds
3.478: [GC (Allocation Failure)  96254K->862K(460288K), 0.0005106 secs]
3.479: Total time for which application threads were stopped: 0.0006417 seconds, Stopping threads took: 0.0000206 seconds
3.558: [GC (Allocation Failure)  117086K->1086K(468992K), 0.0007454 secs]
3.559: Total time for which application threads were stopped: 0.0008689 seconds, Stopping threads took: 0.0000200 seconds
3.647: [GC (Allocation Failure)  126014K->1022K(465408K), 0.0005871 secs]
3.648: Total time for which application threads were stopped: 0.0006767 seconds, Stopping threads took: 0.0000120 seconds
