Java HotSpot(TM) 64-Bit Server VM (25.171-b11) for linux-amd64 JRE (1.8.0_171-b11), built on Mar 28 2018 17:07:08 by "java_re" with gcc 4.3.0 20080428 (Red Hat 4.3.0-8)
Memory: 4k page, physical 32883000k(29641744k free), swap 8000508k(8000508k free)
CommandLine flags: -XX:InitialHeapSize=526128000 -XX:MaxHeapSize=8418048000 -XX:+PrintGC -XX:+PrintGCApplicationStoppedTime -XX:+PrintGCTimeStamps -XX:+UseCompressedClassPointers -XX:+UseCompressedOops -XX:+UseParallelGC 
0.473: [GC (Allocation Failure)  129024K->2529K(493056K), 0.0019302 secs]
0.475: Total time for which application threads were stopped: 0.0021902 seconds, Stopping threads took: 0.0000620 seconds
0.575: [GC (Allocation Failure)  131553K->996K(493056K), 0.0011225 secs]
0.577: Total time for which application threads were stopped: 0.0012542 seconds, Stopping threads took: 0.0000255 seconds
0.663: [GC (Allocation Failure)  130020K->748K(493056K), 0.0011221 secs]
0.664: Total time for which application threads were stopped: 0.0012426 seconds, Stopping threads took: 0.0000262 seconds
0.749: [GC (Allocation Failure)  129772K->948K(493056K), 0.0010354 secs]
0.750: Total time for which application threads were stopped: 0.0011675 seconds, Stopping threads took: 0.0000266 seconds
0.838: [GC (Allocation Failure)  129972K->1052K(470016K), 0.0010165 secs]
0.839: Total time for which application threads were stopped: 0.0011199 seconds, Stopping threads took: 0.0000151 seconds
0.924: [GC (Allocation Failure)  127004K->828K(466944K), 0.0011532 secs]
0.925: Total time for which application threads were stopped: 0.0012874 seconds, Stopping threads took: 0.0000256 seconds
1.006: [GC (Allocation Failure)  123708K->1078K(463872K), 0.0011302 secs]
1.007: Total time for which application threads were stopped: 0.0012459 seconds, Stopping threads took: 0.0000145 seconds
1.086: [GC (Allocation Failure)  121398K->1110K(461312K), 0.0006580 secs]
1.087: Total time for which application threads were stopped: 0.0007779 seconds, Stopping threads took: 0.0000194 seconds
1.170: [GC (Allocation Failure)  118870K->854K(460800K), 0.0008427 secs]
1.171: Total time for which application threads were stopped: 0.0009675 seconds, Stopping threads took: 0.0000197 seconds
1.246: [GC (Allocation Failure)  116054K->758K(456192K), 0.0004597 secs]
1.247: Total time for which application threads were stopped: 0.0005626 seconds, Stopping threads took: 0.0000135 seconds
1.321: [GC (Allocation Failure)  113398K->886K(455680K), 0.0006740 secs]
1.321: Total time for which application threads were stopped: 0.0008079 seconds, Stopping threads took: 0.0000188 seconds
1.400: [GC (Allocation Failure)  110966K->758K(451584K), 0.0004838 secs]
1.401: Total time for which application threads were stopped: 0.0005886 seconds, Stopping threads took: 0.0000139 seconds
1.479: [GC (Allocation Failure)  108790K->950K(451584K), 0.0005286 secs]
1.479: Total time for which application threads were stopped: 0.0006121 seconds, Stopping threads took: 0.0000099 seconds
1.549: [GC (Allocation Failure)  106934K->1046K(447488K), 0.0006691 secs]
1.549: Total time for which application threads were stopped: 0.0007613 seconds, Stopping threads took: 0.0000124 seconds
1.617: [GC (Allocation Failure)  104982K->982K(446976K), 0.0005433 secs]
1.618: Total time for which application threads were stopped: 0.0006294 seconds, Stopping threads took: 0.0000120 seconds
1.691: [GC (Allocation Failure)  102870K->886K(443392K), 0.0007495 secs]
1.691: Total time for which application threads were stopped: 0.0008819 seconds, Stopping threads took: 0.0000174 seconds
1.761: [GC (Allocation Failure)  100726K->1014K(442880K), 0.0006814 secs]
1.762: Total time for which application threads were stopped: 0.0008044 seconds, Stopping threads took: 0.0000211 seconds
1.826: [GC (Allocation Failure)  98806K->1078K(439296K), 0.0007811 secs]
1.827: Total time for which application threads were stopped: 0.0008954 seconds, Stopping threads took: 0.0000189 seconds
1.890: [GC (Allocation Failure)  96822K->1014K(439296K), 0.0006560 secs]
1.890: Total time for which application threads were stopped: 0.0007829 seconds, Stopping threads took: 0.0000189 seconds
1.952: [GC (Allocation Failure)  95222K->1014K(436224K), 0.0006490 secs]
1.953: Total time for which application threads were stopped: 0.0007743 seconds, Stopping threads took: 0.0000178 seconds
2.021: [GC (Allocation Failure)  93686K->1014K(435712K), 0.0005588 secs]
2.022: Total time for which application threads were stopped: 0.0006725 seconds, Stopping threads took: 0.0000187 seconds
2.081: [GC (Allocation Failure)  92150K->1014K(433152K), 0.0006107 secs]
2.082: Total time for which application threads were stopped: 0.0007218 seconds, Stopping threads took: 0.0000182 seconds
2.141: [GC (Allocation Failure)  90614K->1046K(432640K), 0.0005855 secs]
2.142: Total time for which application threads were stopped: 0.0007057 seconds, Stopping threads took: 0.0000330 seconds
2.199: [GC (Allocation Failure)  89110K->694K(430080K), 0.0005853 secs]
2.200: Total time for which application threads were stopped: 0.0006923 seconds, Stopping threads took: 0.0000176 seconds
2.257: [GC (Allocation Failure)  87222K->790K(429568K), 0.0003254 secs]
2.258: Total time for which application threads were stopped: 0.0004319 seconds, Stopping threads took: 0.0000185 seconds
2.319: [GC (Allocation Failure)  85782K->918K(427008K), 0.0006221 secs]
2.319: Total time for which application threads were stopped: 0.0007527 seconds, Stopping threads took: 0.0000245 seconds
2.374: [GC (Allocation Failure)  84374K->1014K(426496K), 0.0005850 secs]
2.375: Total time for which application threads were stopped: 0.0007002 seconds, Stopping threads took: 0.0000150 seconds
2.435: [GC (Allocation Failure)  82934K->790K(423936K), 0.0005664 secs]
2.435: Total time for which application threads were stopped: 0.0006827 seconds, Stopping threads took: 0.0000182 seconds
2.488: [GC (Allocation Failure)  81174K->950K(423424K), 0.0005412 secs]
2.489: Total time for which application threads were stopped: 0.0006351 seconds, Stopping threads took: 0.0000144 seconds
2.540: [GC (Allocation Failure)  79798K->758K(421376K), 0.0003684 secs]
2.541: Total time for which application threads were stopped: 0.0004811 seconds, Stopping threads took: 0.0000185 seconds
2.592: [GC (Allocation Failure)  78582K->1142K(420864K), 0.0006458 secs]
2.592: Total time for which application threads were stopped: 0.0007277 seconds, Stopping threads took: 0.0000098 seconds
2.643: [GC (Allocation Failure)  77942K->790K(419328K), 0.0005792 secs]
2.644: Total time for which application threads were stopped: 0.0007297 seconds, Stopping threads took: 0.0000252 seconds
2.698: [GC (Allocation Failure)  76566K->1014K(418816K), 0.0007228 secs]
2.699: Total time for which application threads were stopped: 0.0008398 seconds, Stopping threads took: 0.0000217 seconds
2.751: [GC (Allocation Failure)  75766K->1014K(417280K), 0.0005988 secs]
2.752: Total time for which application threads were stopped: 0.0007025 seconds, Stopping threads took: 0.0000198 seconds
2.801: [GC (Allocation Failure)  74742K->758K(416768K), 0.0004139 secs]
2.801: Total time for which application threads were stopped: 0.0005265 seconds, Stopping threads took: 0.0000181 seconds
2.856: [GC (Allocation Failure)  73462K->1046K(415232K), 0.0007490 secs]
2.856: Total time for which application threads were stopped: 0.0008743 seconds, Stopping threads took: 0.0000172 seconds
2.907: [GC (Allocation Failure)  72726K->1078K(433664K), 0.0006515 secs]
2.908: Total time for which application threads were stopped: 0.0007841 seconds, Stopping threads took: 0.0000178 seconds
2.971: [GC (Allocation Failure)  90678K->726K(431616K), 0.0005886 secs]
2.972: Total time for which application threads were stopped: 0.0006849 seconds, Stopping threads took: 0.0000140 seconds
3.030: [GC (Allocation Failure)  88790K->758K(430592K), 0.0005743 secs]
3.030: Total time for which application threads were stopped: 0.0006804 seconds, Stopping threads took: 0.0000185 seconds
3.090: [GC (Allocation Failure)  87286K->886K(428544K), 0.0006644 secs]
3.090: Total time for which application threads were stopped: 0.0007802 seconds, Stopping threads took: 0.0000172 seconds
3.152: [GC (Allocation Failure)  85878K->982K(427520K), 0.0006154 secs]
3.153: Total time for which application threads were stopped: 0.0007218 seconds, Stopping threads took: 0.0000119 seconds
3.207: [GC (Allocation Failure)  84438K->1110K(445440K), 0.0007936 secs]
3.208: Total time for which application threads were stopped: 0.0008943 seconds, Stopping threads took: 0.0000120 seconds
3.276: [GC (Allocation Failure)  102998K->982K(443904K), 0.0005406 secs]
3.276: Total time for which application threads were stopped: 0.0006495 seconds, Stopping threads took: 0.0000099 seconds
3.342: [GC (Allocation Failure)  100822K->758K(441344K), 0.0006052 secs]
3.343: Total time for which application threads were stopped: 0.0007182 seconds, Stopping threads took: 0.0000095 seconds
3.413: [GC (Allocation Failure)  98550K->758K(439808K), 0.0005000 secs]
3.414: Total time for which application threads were stopped: 0.0006134 seconds, Stopping threads took: 0.0000194 seconds
3.477: [GC (Allocation Failure)  96502K->758K(437760K), 0.0006409 secs]
3.478: Total time for which application threads were stopped: 0.0007518 seconds, Stopping threads took: 0.0000135 seconds
3.546: [GC (Allocation Failure)  94966K->1110K(436736K), 0.0006939 secs]
3.546: Total time for which application threads were stopped: 0.0008102 seconds, Stopping threads took: 0.0000184 seconds
3.607: [GC (Allocation Failure)  93782K->1110K(434688K), 0.0008017 secs]
3.608: Total time for which application threads were stopped: 0.0009089 seconds, Stopping threads took: 0.0000168 seconds
3.670: [GC (Allocation Failure)  92246K->726K(433664K), 0.0005032 secs]
3.671: Total time for which application threads were stopped: 0.0006171 seconds, Stopping threads took: 0.0000165 seconds
3.733: [GC (Allocation Failure)  90326K->758K(431616K), 0.0007005 secs]
3.733: Total time for which application threads were stopped: 0.0008216 seconds, Stopping threads took: 0.0000191 seconds
