Java HotSpot(TM) 64-Bit Server VM (25.171-b11) for linux-amd64 JRE (1.8.0_171-b11), built on Mar 28 2018 17:07:08 by "java_re" with gcc 4.3.0 20080428 (Red Hat 4.3.0-8)
Memory: 4k page, physical 32883000k(29644184k free), swap 8000508k(8000508k free)
CommandLine flags: -XX:InitialHeapSize=526128000 -XX:MaxHeapSize=8418048000 -XX:+PrintGC -XX:+PrintGCApplicationStoppedTime -XX:+PrintGCTimeStamps -XX:+UseCompressedClassPointers -XX:+UseCompressedOops -XX:+UseParallelGC 
0.372: [GC (Allocation Failure)  129024K->2529K(493056K), 0.0019579 secs]
0.374: Total time for which application threads were stopped: 0.0021163 seconds, Stopping threads took: 0.0000208 seconds
0.505: [GC (Allocation Failure)  131553K->988K(493056K), 0.0015440 secs]
0.506: Total time for which application threads were stopped: 0.0016761 seconds, Stopping threads took: 0.0000231 seconds
0.611: [GC (Allocation Failure)  130012K->756K(493056K), 0.0011255 secs]
0.612: Total time for which application threads were stopped: 0.0012361 seconds, Stopping threads took: 0.0000185 seconds
0.698: [GC (Allocation Failure)  129780K->924K(493056K), 0.0010875 secs]
0.699: Total time for which application threads were stopped: 0.0011927 seconds, Stopping threads took: 0.0000151 seconds
0.791: [GC (Allocation Failure)  129948K->1076K(470528K), 0.0012764 secs]
0.793: Total time for which application threads were stopped: 0.0014169 seconds, Stopping threads took: 0.0000198 seconds
0.877: [GC (Allocation Failure)  127028K->836K(466944K), 0.0013009 secs]
0.879: Total time for which application threads were stopped: 0.0014252 seconds, Stopping threads took: 0.0000215 seconds
0.961: [GC (Allocation Failure)  123716K->1094K(489472K), 0.0013215 secs]
0.962: Total time for which application threads were stopped: 0.0014588 seconds, Stopping threads took: 0.0000311 seconds
1.067: [GC (Allocation Failure)  144966K->870K(483840K), 0.0006051 secs]
1.068: Total time for which application threads were stopped: 0.0007298 seconds, Stopping threads took: 0.0000282 seconds
1.166: [GC (Allocation Failure)  141158K->966K(482304K), 0.0006508 secs]
1.167: Total time for which application threads were stopped: 0.0007808 seconds, Stopping threads took: 0.0000280 seconds
1.258: [GC (Allocation Failure)  137670K->998K(477184K), 0.0006783 secs]
1.259: Total time for which application threads were stopped: 0.0007945 seconds, Stopping threads took: 0.0000192 seconds
1.349: [GC (Allocation Failure)  134630K->1094K(476160K), 0.0006336 secs]
1.350: Total time for which application threads were stopped: 0.0007496 seconds, Stopping threads took: 0.0000201 seconds
1.442: [GC (Allocation Failure)  131654K->774K(471040K), 0.0005984 secs]
1.443: Total time for which application threads were stopped: 0.0007519 seconds, Stopping threads took: 0.0000301 seconds
1.529: [GC (Allocation Failure)  128262K->998K(470016K), 0.0006028 secs]
1.529: Total time for which application threads were stopped: 0.0007083 seconds, Stopping threads took: 0.0000184 seconds
1.616: [GC (Allocation Failure)  125414K->742K(465408K), 0.0006804 secs]
1.617: Total time for which application threads were stopped: 0.0007942 seconds, Stopping threads took: 0.0000190 seconds
1.699: [GC (Allocation Failure)  122598K->710K(464896K), 0.0004882 secs]
1.700: Total time for which application threads were stopped: 0.0006053 seconds, Stopping threads took: 0.0000210 seconds
1.780: [GC (Allocation Failure)  120006K->870K(460288K), 0.0006007 secs]
1.781: Total time for which application threads were stopped: 0.0007251 seconds, Stopping threads took: 0.0000263 seconds
1.860: [GC (Allocation Failure)  117606K->774K(459264K), 0.0007351 secs]
1.861: Total time for which application threads were stopped: 0.0008793 seconds, Stopping threads took: 0.0000255 seconds
1.937: [GC (Allocation Failure)  114950K->870K(455168K), 0.0006526 secs]
1.938: Total time for which application threads were stopped: 0.0007938 seconds, Stopping threads took: 0.0000224 seconds
2.019: [GC (Allocation Failure)  112486K->742K(454144K), 0.0007150 secs]
2.020: Total time for which application threads were stopped: 0.0008473 seconds, Stopping threads took: 0.0000288 seconds
2.093: [GC (Allocation Failure)  109798K->742K(450560K), 0.0006315 secs]
2.094: Total time for which application threads were stopped: 0.0007458 seconds, Stopping threads took: 0.0000192 seconds
2.168: [GC (Allocation Failure)  107750K->1126K(450048K), 0.0007344 secs]
2.169: Total time for which application threads were stopped: 0.0008471 seconds, Stopping threads took: 0.0000203 seconds
2.239: [GC (Allocation Failure)  106086K->902K(446464K), 0.0006166 secs]
2.240: Total time for which application threads were stopped: 0.0007363 seconds, Stopping threads took: 0.0000197 seconds
2.309: [GC (Allocation Failure)  103814K->998K(445440K), 0.0006971 secs]
2.310: Total time for which application threads were stopped: 0.0008022 seconds, Stopping threads took: 0.0000167 seconds
2.381: [GC (Allocation Failure)  101862K->1030K(442368K), 0.0008271 secs]
2.382: Total time for which application threads were stopped: 0.0009455 seconds, Stopping threads took: 0.0000197 seconds
2.452: [GC (Allocation Failure)  99846K->966K(441344K), 0.0006015 secs]
2.453: Total time for which application threads were stopped: 0.0007438 seconds, Stopping threads took: 0.0000305 seconds
2.525: [GC (Allocation Failure)  97734K->742K(438272K), 0.0005508 secs]
2.526: Total time for which application threads were stopped: 0.0006837 seconds, Stopping threads took: 0.0000284 seconds
2.589: [GC (Allocation Failure)  95462K->838K(437760K), 0.0005680 secs]
2.590: Total time for which application threads were stopped: 0.0007001 seconds, Stopping threads took: 0.0000307 seconds
2.652: [GC (Allocation Failure)  94022K->998K(435200K), 0.0007363 secs]
2.653: Total time for which application threads were stopped: 0.0008550 seconds, Stopping threads took: 0.0000263 seconds
2.720: [GC (Allocation Failure)  92646K->742K(434688K), 0.0005046 secs]
2.721: Total time for which application threads were stopped: 0.0006383 seconds, Stopping threads took: 0.0000227 seconds
2.781: [GC (Allocation Failure)  90854K->870K(432128K), 0.0006314 secs]
2.782: Total time for which application threads were stopped: 0.0007636 seconds, Stopping threads took: 0.0000207 seconds
2.841: [GC (Allocation Failure)  89446K->1094K(431104K), 0.0006413 secs]
2.842: Total time for which application threads were stopped: 0.0007652 seconds, Stopping threads took: 0.0000235 seconds
2.904: [GC (Allocation Failure)  88134K->870K(429056K), 0.0006011 secs]
2.905: Total time for which application threads were stopped: 0.0007045 seconds, Stopping threads took: 0.0000164 seconds
2.966: [GC (Allocation Failure)  86374K->742K(428032K), 0.0006025 secs]
2.966: Total time for which application threads were stopped: 0.0007341 seconds, Stopping threads took: 0.0000197 seconds
3.023: [GC (Allocation Failure)  84710K->998K(425984K), 0.0007994 secs]
3.024: Total time for which application threads were stopped: 0.0009452 seconds, Stopping threads took: 0.0000261 seconds
3.085: [GC (Allocation Failure)  83430K->838K(424960K), 0.0005543 secs]
3.086: Total time for which application threads were stopped: 0.0006883 seconds, Stopping threads took: 0.0000280 seconds
3.145: [GC (Allocation Failure)  81734K->742K(422912K), 0.0006263 secs]
3.146: Total time for which application threads were stopped: 0.0007675 seconds, Stopping threads took: 0.0000287 seconds
3.205: [GC (Allocation Failure)  80102K->1094K(422400K), 0.0008041 secs]
3.205: Total time for which application threads were stopped: 0.0009279 seconds, Stopping threads took: 0.0000221 seconds
3.261: [GC (Allocation Failure)  79430K->742K(420864K), 0.0005210 secs]
3.262: Total time for which application threads were stopped: 0.0006355 seconds, Stopping threads took: 0.0000194 seconds
3.314: [GC (Allocation Failure)  78054K->966K(420352K), 0.0005887 secs]
3.315: Total time for which application threads were stopped: 0.0007374 seconds, Stopping threads took: 0.0000253 seconds
3.367: [GC (Allocation Failure)  77254K->902K(418816K), 0.0007524 secs]
3.367: Total time for which application threads were stopped: 0.0008939 seconds, Stopping threads took: 0.0000273 seconds
3.418: [GC (Allocation Failure)  76166K->1030K(436224K), 0.0007385 secs]
3.419: Total time for which application threads were stopped: 0.0008655 seconds, Stopping threads took: 0.0000211 seconds
3.485: [GC (Allocation Failure)  93190K->902K(434176K), 0.0006481 secs]
3.486: Total time for which application threads were stopped: 0.0007687 seconds, Stopping threads took: 0.0000256 seconds
3.547: [GC (Allocation Failure)  91526K->742K(433152K), 0.0005900 secs]
3.547: Total time for which application threads were stopped: 0.0007098 seconds, Stopping threads took: 0.0000275 seconds
3.607: [GC (Allocation Failure)  89830K->710K(431104K), 0.0005832 secs]
3.608: Total time for which application threads were stopped: 0.0006942 seconds, Stopping threads took: 0.0000192 seconds
3.666: [GC (Allocation Failure)  88262K->1030K(430080K), 0.0007667 secs]
3.667: Total time for which application threads were stopped: 0.0008863 seconds, Stopping threads took: 0.0000272 seconds
3.732: [GC (Allocation Failure)  87046K->998K(448512K), 0.0008515 secs]
3.733: Total time for which application threads were stopped: 0.0009645 seconds, Stopping threads took: 0.0000194 seconds
