Java HotSpot(TM) 64-Bit Server VM (25.171-b11) for linux-amd64 JRE (1.8.0_171-b11), built on Mar 28 2018 17:07:08 by "java_re" with gcc 4.3.0 20080428 (Red Hat 4.3.0-8)
Memory: 4k page, physical 32883000k(29644360k free), swap 8000508k(8000508k free)
CommandLine flags: -XX:InitialHeapSize=526128000 -XX:MaxHeapSize=8418048000 -XX:+PrintGC -XX:+PrintGCApplicationStoppedTime -XX:+PrintGCTimeStamps -XX:+UseCompressedClassPointers -XX:+UseCompressedOops -XX:+UseParallelGC 
0.357: [GC (Allocation Failure)  129024K->2502K(493056K), 0.0025380 secs]
0.360: Total time for which application threads were stopped: 0.0027222 seconds, Stopping threads took: 0.0000210 seconds
0.477: [GC (Allocation Failure)  131526K->988K(493056K), 0.0015211 secs]
0.479: Total time for which application threads were stopped: 0.0016505 seconds, Stopping threads took: 0.0000219 seconds
0.580: [GC (Allocation Failure)  130012K->772K(493056K), 0.0009478 secs]
0.581: Total time for which application threads were stopped: 0.0010996 seconds, Stopping threads took: 0.0000289 seconds
0.670: [GC (Allocation Failure)  129796K->940K(493056K), 0.0009551 secs]
0.671: Total time for which application threads were stopped: 0.0010581 seconds, Stopping threads took: 0.0000136 seconds
0.760: [GC (Allocation Failure)  129964K->1060K(470528K), 0.0011890 secs]
0.761: Total time for which application threads were stopped: 0.0012969 seconds, Stopping threads took: 0.0000188 seconds
0.848: [GC (Allocation Failure)  127012K->812K(466944K), 0.0011195 secs]
0.849: Total time for which application threads were stopped: 0.0012451 seconds, Stopping threads took: 0.0000195 seconds
0.933: [GC (Allocation Failure)  123692K->1106K(463872K), 0.0011342 secs]
0.934: Total time for which application threads were stopped: 0.0012588 seconds, Stopping threads took: 0.0000282 seconds
1.020: [GC (Allocation Failure)  121426K->1138K(461312K), 0.0007155 secs]
1.021: Total time for which application threads were stopped: 0.0008429 seconds, Stopping threads took: 0.0000190 seconds
1.101: [GC (Allocation Failure)  118898K->882K(460800K), 0.0005765 secs]
1.102: Total time for which application threads were stopped: 0.0007275 seconds, Stopping threads took: 0.0000294 seconds
1.186: [GC (Allocation Failure)  116082K->786K(456192K), 0.0006838 secs]
1.187: Total time for which application threads were stopped: 0.0007982 seconds, Stopping threads took: 0.0000223 seconds
1.270: [GC (Allocation Failure)  113426K->882K(455680K), 0.0007059 secs]
1.271: Total time for which application threads were stopped: 0.0008107 seconds, Stopping threads took: 0.0000138 seconds
1.347: [GC (Allocation Failure)  110962K->754K(451584K), 0.0006062 secs]
1.348: Total time for which application threads were stopped: 0.0007242 seconds, Stopping threads took: 0.0000196 seconds
1.426: [GC (Allocation Failure)  108786K->978K(451584K), 0.0005847 secs]
1.426: Total time for which application threads were stopped: 0.0006880 seconds, Stopping threads took: 0.0000154 seconds
1.499: [GC (Allocation Failure)  106962K->1010K(447488K), 0.0007734 secs]
1.500: Total time for which application threads were stopped: 0.0008839 seconds, Stopping threads took: 0.0000137 seconds
1.570: [GC (Allocation Failure)  104946K->1010K(446976K), 0.0007103 secs]
1.571: Total time for which application threads were stopped: 0.0008261 seconds, Stopping threads took: 0.0000153 seconds
1.641: [GC (Allocation Failure)  102898K->882K(443392K), 0.0007513 secs]
1.642: Total time for which application threads were stopped: 0.0008515 seconds, Stopping threads took: 0.0000133 seconds
1.710: [GC (Allocation Failure)  100722K->1010K(442880K), 0.0006079 secs]
1.711: Total time for which application threads were stopped: 0.0007325 seconds, Stopping threads took: 0.0000234 seconds
1.778: [GC (Allocation Failure)  98802K->1074K(439296K), 0.0006821 secs]
1.779: Total time for which application threads were stopped: 0.0007894 seconds, Stopping threads took: 0.0000147 seconds
1.844: [GC (Allocation Failure)  96818K->1010K(439296K), 0.0005739 secs]
1.845: Total time for which application threads were stopped: 0.0006889 seconds, Stopping threads took: 0.0000229 seconds
1.909: [GC (Allocation Failure)  95218K->1010K(436224K), 0.0007934 secs]
1.910: Total time for which application threads were stopped: 0.0009014 seconds, Stopping threads took: 0.0000210 seconds
1.974: [GC (Allocation Failure)  93682K->1010K(435712K), 0.0006423 secs]
1.974: Total time for which application threads were stopped: 0.0007372 seconds, Stopping threads took: 0.0000136 seconds
2.041: [GC (Allocation Failure)  92146K->1010K(433152K), 0.0007032 secs]
2.042: Total time for which application threads were stopped: 0.0008036 seconds, Stopping threads took: 0.0000102 seconds
2.104: [GC (Allocation Failure)  90610K->1010K(432640K), 0.0006450 secs]
2.105: Total time for which application threads were stopped: 0.0007596 seconds, Stopping threads took: 0.0000235 seconds
2.169: [GC (Allocation Failure)  89074K->690K(430080K), 0.0004825 secs]
2.169: Total time for which application threads were stopped: 0.0005945 seconds, Stopping threads took: 0.0000131 seconds
2.229: [GC (Allocation Failure)  87218K->754K(429568K), 0.0005342 secs]
2.229: Total time for which application threads were stopped: 0.0006587 seconds, Stopping threads took: 0.0000182 seconds
2.293: [GC (Allocation Failure)  85746K->914K(427008K), 0.0006173 secs]
2.293: Total time for which application threads were stopped: 0.0007502 seconds, Stopping threads took: 0.0000249 seconds
2.351: [GC (Allocation Failure)  84370K->1010K(426496K), 0.0006589 secs]
2.352: Total time for which application threads were stopped: 0.0007704 seconds, Stopping threads took: 0.0000225 seconds
2.408: [GC (Allocation Failure)  82930K->786K(423936K), 0.0007557 secs]
2.409: Total time for which application threads were stopped: 0.0008671 seconds, Stopping threads took: 0.0000141 seconds
2.464: [GC (Allocation Failure)  81170K->946K(423424K), 0.0005574 secs]
2.464: Total time for which application threads were stopped: 0.0006515 seconds, Stopping threads took: 0.0000132 seconds
2.518: [GC (Allocation Failure)  79794K->754K(421376K), 0.0006402 secs]
2.519: Total time for which application threads were stopped: 0.0007316 seconds, Stopping threads took: 0.0000123 seconds
2.579: [GC (Allocation Failure)  78578K->1106K(420864K), 0.0005795 secs]
2.579: Total time for which application threads were stopped: 0.0006907 seconds, Stopping threads took: 0.0000182 seconds
2.639: [GC (Allocation Failure)  77906K->754K(419328K), 0.0004447 secs]
2.639: Total time for which application threads were stopped: 0.0005294 seconds, Stopping threads took: 0.0000097 seconds
2.692: [GC (Allocation Failure)  76530K->1010K(418816K), 0.0007249 secs]
2.693: Total time for which application threads were stopped: 0.0008470 seconds, Stopping threads took: 0.0000229 seconds
2.747: [GC (Allocation Failure)  75762K->1010K(417280K), 0.0006897 secs]
2.748: Total time for which application threads were stopped: 0.0007852 seconds, Stopping threads took: 0.0000133 seconds
2.802: [GC (Allocation Failure)  74738K->754K(416768K), 0.0006181 secs]
2.803: Total time for which application threads were stopped: 0.0007520 seconds, Stopping threads took: 0.0000189 seconds
2.853: [GC (Allocation Failure)  73458K->1042K(434688K), 0.0008006 secs]
2.854: Total time for which application threads were stopped: 0.0009068 seconds, Stopping threads took: 0.0000126 seconds
2.920: [GC (Allocation Failure)  92178K->1074K(458240K), 0.0006892 secs]
2.921: Total time for which application threads were stopped: 0.0008090 seconds, Stopping threads took: 0.0000182 seconds
2.999: [GC (Allocation Failure)  115250K->722K(455168K), 0.0005108 secs]
2.999: Total time for which application threads were stopped: 0.0006039 seconds, Stopping threads took: 0.0000128 seconds
3.079: [GC (Allocation Failure)  112338K->978K(453120K), 0.0006720 secs]
3.080: Total time for which application threads were stopped: 0.0007683 seconds, Stopping threads took: 0.0000133 seconds
3.160: [GC (Allocation Failure)  110034K->1010K(450560K), 0.0007532 secs]
3.161: Total time for which application threads were stopped: 0.0008489 seconds, Stopping threads took: 0.0000129 seconds
3.234: [GC (Allocation Failure)  108018K->978K(449024K), 0.0006180 secs]
3.235: Total time for which application threads were stopped: 0.0007289 seconds, Stopping threads took: 0.0000187 seconds
3.306: [GC (Allocation Failure)  105938K->754K(446464K), 0.0005722 secs]
3.307: Total time for which application threads were stopped: 0.0007046 seconds, Stopping threads took: 0.0000179 seconds
3.378: [GC (Allocation Failure)  103666K->882K(444928K), 0.0005265 secs]
3.379: Total time for which application threads were stopped: 0.0006329 seconds, Stopping threads took: 0.0000220 seconds
3.452: [GC (Allocation Failure)  101746K->882K(442368K), 0.0004882 secs]
3.452: Total time for which application threads were stopped: 0.0005899 seconds, Stopping threads took: 0.0000203 seconds
3.520: [GC (Allocation Failure)  99698K->786K(440832K), 0.0004011 secs]
3.520: Total time for which application threads were stopped: 0.0004923 seconds, Stopping threads took: 0.0000188 seconds
3.586: [GC (Allocation Failure)  97554K->1010K(438272K), 0.0007171 secs]
3.587: Total time for which application threads were stopped: 0.0008408 seconds, Stopping threads took: 0.0000180 seconds
3.652: [GC (Allocation Failure)  95730K->690K(437248K), 0.0004615 secs]
3.652: Total time for which application threads were stopped: 0.0005823 seconds, Stopping threads took: 0.0000226 seconds
3.717: [GC (Allocation Failure)  93874K->818K(435200K), 0.0007355 secs]
3.717: Total time for which application threads were stopped: 0.0008609 seconds, Stopping threads took: 0.0000155 seconds
