Java HotSpot(TM) 64-Bit Server VM (25.171-b11) for linux-amd64 JRE (1.8.0_171-b11), built on Mar 28 2018 17:07:08 by "java_re" with gcc 4.3.0 20080428 (Red Hat 4.3.0-8)
Memory: 4k page, physical 32883000k(29643140k free), swap 8000508k(8000508k free)
CommandLine flags: -XX:InitialHeapSize=526128000 -XX:MaxHeapSize=8418048000 -XX:+PrintGC -XX:+PrintGCApplicationStoppedTime -XX:+PrintGCTimeStamps -XX:+UseCompressedClassPointers -XX:+UseCompressedOops -XX:+UseParallelGC 
0.365: [GC (Allocation Failure)  129024K->2537K(493056K), 0.0018805 secs]
0.367: Total time for which application threads were stopped: 0.0020747 seconds, Stopping threads took: 0.0000232 seconds
0.497: [GC (Allocation Failure)  131561K->996K(493056K), 0.0014321 secs]
0.499: Total time for which application threads were stopped: 0.0015732 seconds, Stopping threads took: 0.0000227 seconds
0.601: [GC (Allocation Failure)  130020K->780K(493056K), 0.0009381 secs]
0.602: Total time for which application threads were stopped: 0.0010847 seconds, Stopping threads took: 0.0000252 seconds
0.689: [GC (Allocation Failure)  129804K->900K(493056K), 0.0010508 secs]
0.690: Total time for which application threads were stopped: 0.0011843 seconds, Stopping threads took: 0.0000256 seconds
0.779: [GC (Allocation Failure)  129924K->1084K(470528K), 0.0011881 secs]
0.780: Total time for which application threads were stopped: 0.0013083 seconds, Stopping threads took: 0.0000168 seconds
0.865: [GC (Allocation Failure)  127036K->836K(466944K), 0.0012653 secs]
0.866: Total time for which application threads were stopped: 0.0013911 seconds, Stopping threads took: 0.0000171 seconds
0.955: [GC (Allocation Failure)  123716K->1118K(489472K), 0.0014709 secs]
0.956: Total time for which application threads were stopped: 0.0015994 seconds, Stopping threads took: 0.0000260 seconds
1.058: [GC (Allocation Failure)  144990K->894K(483840K), 0.0006047 secs]
1.059: Total time for which application threads were stopped: 0.0007352 seconds, Stopping threads took: 0.0000258 seconds
1.154: [GC (Allocation Failure)  141182K->1022K(482304K), 0.0006133 secs]
1.155: Total time for which application threads were stopped: 0.0007505 seconds, Stopping threads took: 0.0000135 seconds
1.247: [GC (Allocation Failure)  137726K->1022K(477184K), 0.0006701 secs]
1.248: Total time for which application threads were stopped: 0.0007972 seconds, Stopping threads took: 0.0000196 seconds
1.344: [GC (Allocation Failure)  134654K->1118K(476160K), 0.0007596 secs]
1.345: Total time for which application threads were stopped: 0.0008756 seconds, Stopping threads took: 0.0000196 seconds
1.432: [GC (Allocation Failure)  131678K->798K(471040K), 0.0005636 secs]
1.433: Total time for which application threads were stopped: 0.0006886 seconds, Stopping threads took: 0.0000272 seconds
1.518: [GC (Allocation Failure)  128286K->990K(470016K), 0.0006251 secs]
1.519: Total time for which application threads were stopped: 0.0007385 seconds, Stopping threads took: 0.0000196 seconds
1.606: [GC (Allocation Failure)  125406K->766K(465408K), 0.0006673 secs]
1.607: Total time for which application threads were stopped: 0.0007917 seconds, Stopping threads took: 0.0000274 seconds
1.694: [GC (Allocation Failure)  122622K->766K(464896K), 0.0005538 secs]
1.695: Total time for which application threads were stopped: 0.0006745 seconds, Stopping threads took: 0.0000209 seconds
1.775: [GC (Allocation Failure)  120062K->862K(460288K), 0.0006355 secs]
1.776: Total time for which application threads were stopped: 0.0007623 seconds, Stopping threads took: 0.0000265 seconds
1.857: [GC (Allocation Failure)  117598K->798K(459264K), 0.0004885 secs]
1.857: Total time for which application threads were stopped: 0.0006097 seconds, Stopping threads took: 0.0000184 seconds
1.935: [GC (Allocation Failure)  114974K->894K(455168K), 0.0006258 secs]
1.936: Total time for which application threads were stopped: 0.0007435 seconds, Stopping threads took: 0.0000174 seconds
2.011: [GC (Allocation Failure)  112510K->766K(454144K), 0.0005797 secs]
2.012: Total time for which application threads were stopped: 0.0007173 seconds, Stopping threads took: 0.0000200 seconds
2.091: [GC (Allocation Failure)  109822K->766K(450560K), 0.0006477 secs]
2.092: Total time for which application threads were stopped: 0.0007812 seconds, Stopping threads took: 0.0000242 seconds
2.164: [GC (Allocation Failure)  107774K->1150K(450048K), 0.0007143 secs]
2.165: Total time for which application threads were stopped: 0.0008205 seconds, Stopping threads took: 0.0000152 seconds
2.235: [GC (Allocation Failure)  106110K->926K(446464K), 0.0007419 secs]
2.236: Total time for which application threads were stopped: 0.0008701 seconds, Stopping threads took: 0.0000278 seconds
2.305: [GC (Allocation Failure)  103838K->1022K(445440K), 0.0006485 secs]
2.306: Total time for which application threads were stopped: 0.0007724 seconds, Stopping threads took: 0.0000283 seconds
2.375: [GC (Allocation Failure)  101886K->1054K(442368K), 0.0008700 secs]
2.376: Total time for which application threads were stopped: 0.0009918 seconds, Stopping threads took: 0.0000272 seconds
2.442: [GC (Allocation Failure)  99870K->990K(441344K), 0.0006111 secs]
2.443: Total time for which application threads were stopped: 0.0007253 seconds, Stopping threads took: 0.0000203 seconds
2.512: [GC (Allocation Failure)  97758K->734K(438272K), 0.0005715 secs]
2.512: Total time for which application threads were stopped: 0.0006761 seconds, Stopping threads took: 0.0000158 seconds
2.579: [GC (Allocation Failure)  95454K->862K(437760K), 0.0006194 secs]
2.580: Total time for which application threads were stopped: 0.0007472 seconds, Stopping threads took: 0.0000272 seconds
2.649: [GC (Allocation Failure)  94046K->1022K(435200K), 0.0006214 secs]
2.650: Total time for which application threads were stopped: 0.0007271 seconds, Stopping threads took: 0.0000154 seconds
2.712: [GC (Allocation Failure)  92670K->734K(434688K), 0.0005168 secs]
2.712: Total time for which application threads were stopped: 0.0006203 seconds, Stopping threads took: 0.0000156 seconds
2.773: [GC (Allocation Failure)  90846K->894K(432128K), 0.0006817 secs]
2.774: Total time for which application threads were stopped: 0.0007848 seconds, Stopping threads took: 0.0000138 seconds
2.841: [GC (Allocation Failure)  89470K->1086K(431104K), 0.0005825 secs]
2.842: Total time for which application threads were stopped: 0.0006853 seconds, Stopping threads took: 0.0000117 seconds
2.903: [GC (Allocation Failure)  88126K->894K(429056K), 0.0006379 secs]
2.903: Total time for which application threads were stopped: 0.0007562 seconds, Stopping threads took: 0.0000188 seconds
2.965: [GC (Allocation Failure)  86398K->766K(428032K), 0.0005226 secs]
2.965: Total time for which application threads were stopped: 0.0006323 seconds, Stopping threads took: 0.0000160 seconds
3.022: [GC (Allocation Failure)  84734K->990K(425984K), 0.0007011 secs]
3.022: Total time for which application threads were stopped: 0.0007954 seconds, Stopping threads took: 0.0000129 seconds
3.078: [GC (Allocation Failure)  83422K->894K(424960K), 0.0007579 secs]
3.079: Total time for which application threads were stopped: 0.0008732 seconds, Stopping threads took: 0.0000155 seconds
3.138: [GC (Allocation Failure)  81790K->734K(422912K), 0.0005796 secs]
3.139: Total time for which application threads were stopped: 0.0006932 seconds, Stopping threads took: 0.0000227 seconds
3.194: [GC (Allocation Failure)  80094K->1086K(422400K), 0.0006808 secs]
3.195: Total time for which application threads were stopped: 0.0008186 seconds, Stopping threads took: 0.0000269 seconds
3.247: [GC (Allocation Failure)  79422K->766K(420864K), 0.0006534 secs]
3.248: Total time for which application threads were stopped: 0.0007974 seconds, Stopping threads took: 0.0000252 seconds
3.306: [GC (Allocation Failure)  78078K->990K(440832K), 0.0007663 secs]
3.307: Total time for which application threads were stopped: 0.0008864 seconds, Stopping threads took: 0.0000172 seconds
3.372: [GC (Allocation Failure)  97758K->766K(438272K), 0.0004665 secs]
3.373: Total time for which application threads were stopped: 0.0005938 seconds, Stopping threads took: 0.0000241 seconds
3.440: [GC (Allocation Failure)  95486K->894K(437248K), 0.0006601 secs]
3.440: Total time for which application threads were stopped: 0.0007753 seconds, Stopping threads took: 0.0000148 seconds
3.510: [GC (Allocation Failure)  94078K->1022K(435200K), 0.0007685 secs]
3.510: Total time for which application threads were stopped: 0.0008716 seconds, Stopping threads took: 0.0000152 seconds
3.572: [GC (Allocation Failure)  92670K->766K(434176K), 0.0005135 secs]
3.572: Total time for which application threads were stopped: 0.0006221 seconds, Stopping threads took: 0.0000149 seconds
3.633: [GC (Allocation Failure)  90878K->894K(432128K), 0.0005546 secs]
3.634: Total time for which application threads were stopped: 0.0006526 seconds, Stopping threads took: 0.0000139 seconds
3.693: [GC (Allocation Failure)  89470K->1118K(431104K), 0.0006963 secs]
3.694: Total time for which application threads were stopped: 0.0008095 seconds, Stopping threads took: 0.0000197 seconds
3.752: [GC (Allocation Failure)  88158K->894K(429056K), 0.0005345 secs]
3.753: Total time for which application threads were stopped: 0.0006453 seconds, Stopping threads took: 0.0000182 seconds
