Java HotSpot(TM) 64-Bit Server VM (25.171-b11) for linux-amd64 JRE (1.8.0_171-b11), built on Mar 28 2018 17:07:08 by "java_re" with gcc 4.3.0 20080428 (Red Hat 4.3.0-8)
Memory: 4k page, physical 32883000k(29642664k free), swap 8000508k(8000508k free)
CommandLine flags: -XX:InitialHeapSize=526128000 -XX:MaxHeapSize=8418048000 -XX:+PrintGC -XX:+PrintGCApplicationStoppedTime -XX:+PrintGCTimeStamps -XX:+UseCompressedClassPointers -XX:+UseCompressedOops -XX:+UseParallelGC 
0.372: [GC (Allocation Failure)  129024K->2505K(493056K), 0.0024733 secs]
0.374: Total time for which application threads were stopped: 0.0026497 seconds, Stopping threads took: 0.0000191 seconds
0.513: [GC (Allocation Failure)  131529K->1004K(493056K), 0.0015159 secs]
0.515: Total time for which application threads were stopped: 0.0016541 seconds, Stopping threads took: 0.0000308 seconds
0.614: [GC (Allocation Failure)  130028K->740K(493056K), 0.0010784 secs]
0.616: Total time for which application threads were stopped: 0.0012027 seconds, Stopping threads took: 0.0000269 seconds
0.709: [GC (Allocation Failure)  129764K->924K(493056K), 0.0010402 secs]
0.710: Total time for which application threads were stopped: 0.0011674 seconds, Stopping threads took: 0.0000273 seconds
0.801: [GC (Allocation Failure)  129948K->1044K(470016K), 0.0012976 secs]
0.802: Total time for which application threads were stopped: 0.0014165 seconds, Stopping threads took: 0.0000257 seconds
0.890: [GC (Allocation Failure)  126996K->812K(466944K), 0.0009844 secs]
0.891: Total time for which application threads were stopped: 0.0011062 seconds, Stopping threads took: 0.0000267 seconds
0.977: [GC (Allocation Failure)  123692K->1114K(463872K), 0.0010670 secs]
0.979: Total time for which application threads were stopped: 0.0011907 seconds, Stopping threads took: 0.0000278 seconds
1.060: [GC (Allocation Failure)  121434K->1114K(461312K), 0.0007534 secs]
1.061: Total time for which application threads were stopped: 0.0008804 seconds, Stopping threads took: 0.0000286 seconds
1.141: [GC (Allocation Failure)  118874K->858K(460800K), 0.0007658 secs]
1.142: Total time for which application threads were stopped: 0.0008897 seconds, Stopping threads took: 0.0000235 seconds
1.221: [GC (Allocation Failure)  116058K->762K(456192K), 0.0005976 secs]
1.221: Total time for which application threads were stopped: 0.0007303 seconds, Stopping threads took: 0.0000196 seconds
1.298: [GC (Allocation Failure)  113402K->890K(455680K), 0.0005494 secs]
1.299: Total time for which application threads were stopped: 0.0006640 seconds, Stopping threads took: 0.0000204 seconds
1.374: [GC (Allocation Failure)  110970K->762K(451584K), 0.0005754 secs]
1.375: Total time for which application threads were stopped: 0.0007094 seconds, Stopping threads took: 0.0000277 seconds
1.448: [GC (Allocation Failure)  108794K->986K(451584K), 0.0006211 secs]
1.449: Total time for which application threads were stopped: 0.0007607 seconds, Stopping threads took: 0.0000299 seconds
1.521: [GC (Allocation Failure)  106970K->1018K(447488K), 0.0007572 secs]
1.522: Total time for which application threads were stopped: 0.0008934 seconds, Stopping threads took: 0.0000295 seconds
1.593: [GC (Allocation Failure)  104954K->986K(446976K), 0.0006142 secs]
1.594: Total time for which application threads were stopped: 0.0007323 seconds, Stopping threads took: 0.0000197 seconds
1.670: [GC (Allocation Failure)  102874K->858K(443392K), 0.0007371 secs]
1.671: Total time for which application threads were stopped: 0.0008438 seconds, Stopping threads took: 0.0000256 seconds
1.742: [GC (Allocation Failure)  100698K->1018K(442880K), 0.0007898 secs]
1.743: Total time for which application threads were stopped: 0.0009266 seconds, Stopping threads took: 0.0000219 seconds
1.813: [GC (Allocation Failure)  98810K->1050K(439296K), 0.0007098 secs]
1.814: Total time for which application threads were stopped: 0.0008244 seconds, Stopping threads took: 0.0000187 seconds
1.879: [GC (Allocation Failure)  96794K->1018K(439296K), 0.0006156 secs]
1.880: Total time for which application threads were stopped: 0.0007373 seconds, Stopping threads took: 0.0000204 seconds
1.947: [GC (Allocation Failure)  95226K->1018K(436224K), 0.0006665 secs]
1.948: Total time for which application threads were stopped: 0.0007899 seconds, Stopping threads took: 0.0000274 seconds
2.016: [GC (Allocation Failure)  93690K->986K(435712K), 0.0007467 secs]
2.017: Total time for which application threads were stopped: 0.0008747 seconds, Stopping threads took: 0.0000198 seconds
2.080: [GC (Allocation Failure)  92122K->1018K(433152K), 0.0007083 secs]
2.080: Total time for which application threads were stopped: 0.0008283 seconds, Stopping threads took: 0.0000192 seconds
2.142: [GC (Allocation Failure)  90618K->1050K(432640K), 0.0006395 secs]
2.142: Total time for which application threads were stopped: 0.0007789 seconds, Stopping threads took: 0.0000281 seconds
2.209: [GC (Allocation Failure)  89114K->730K(430080K), 0.0006434 secs]
2.209: Total time for which application threads were stopped: 0.0007773 seconds, Stopping threads took: 0.0000224 seconds
2.269: [GC (Allocation Failure)  87258K->762K(429568K), 0.0006172 secs]
2.269: Total time for which application threads were stopped: 0.0007485 seconds, Stopping threads took: 0.0000216 seconds
2.332: [GC (Allocation Failure)  85754K->890K(427008K), 0.0006977 secs]
2.333: Total time for which application threads were stopped: 0.0008187 seconds, Stopping threads took: 0.0000220 seconds
2.390: [GC (Allocation Failure)  84346K->1050K(426496K), 0.0006951 secs]
2.391: Total time for which application threads were stopped: 0.0008065 seconds, Stopping threads took: 0.0000237 seconds
2.453: [GC (Allocation Failure)  82970K->762K(423936K), 0.0006120 secs]
2.453: Total time for which application threads were stopped: 0.0007311 seconds, Stopping threads took: 0.0000226 seconds
2.508: [GC (Allocation Failure)  81146K->1018K(423424K), 0.0007520 secs]
2.509: Total time for which application threads were stopped: 0.0008548 seconds, Stopping threads took: 0.0000150 seconds
2.569: [GC (Allocation Failure)  79866K->762K(421376K), 0.0005414 secs]
2.569: Total time for which application threads were stopped: 0.0006681 seconds, Stopping threads took: 0.0000233 seconds
2.622: [GC (Allocation Failure)  78586K->1114K(420864K), 0.0005994 secs]
2.623: Total time for which application threads were stopped: 0.0006982 seconds, Stopping threads took: 0.0000145 seconds
2.676: [GC (Allocation Failure)  77914K->762K(419328K), 0.0005477 secs]
2.677: Total time for which application threads were stopped: 0.0006535 seconds, Stopping threads took: 0.0000169 seconds
2.735: [GC (Allocation Failure)  76538K->1018K(418816K), 0.0007876 secs]
2.736: Total time for which application threads were stopped: 0.0009073 seconds, Stopping threads took: 0.0000202 seconds
2.791: [GC (Allocation Failure)  75770K->1018K(417280K), 0.0007053 secs]
2.792: Total time for which application threads were stopped: 0.0008513 seconds, Stopping threads took: 0.0000228 seconds
2.846: [GC (Allocation Failure)  74746K->762K(436224K), 0.0006658 secs]
2.847: Total time for which application threads were stopped: 0.0008092 seconds, Stopping threads took: 0.0000223 seconds
2.910: [GC (Allocation Failure)  92922K->1018K(458752K), 0.0008413 secs]
2.910: Total time for which application threads were stopped: 0.0009660 seconds, Stopping threads took: 0.0000273 seconds
2.995: [GC (Allocation Failure)  116218K->986K(456704K), 0.0005788 secs]
2.996: Total time for which application threads were stopped: 0.0007033 seconds, Stopping threads took: 0.0000224 seconds
3.078: [GC (Allocation Failure)  113626K->1082K(453632K), 0.0006823 secs]
3.079: Total time for which application threads were stopped: 0.0007991 seconds, Stopping threads took: 0.0000180 seconds
3.157: [GC (Allocation Failure)  111162K->954K(452096K), 0.0005504 secs]
3.158: Total time for which application threads were stopped: 0.0006737 seconds, Stopping threads took: 0.0000272 seconds
3.234: [GC (Allocation Failure)  108986K->730K(449536K), 0.0007139 secs]
3.235: Total time for which application threads were stopped: 0.0008174 seconds, Stopping threads took: 0.0000167 seconds
3.308: [GC (Allocation Failure)  106714K->762K(448000K), 0.0005756 secs]
3.309: Total time for which application threads were stopped: 0.0007102 seconds, Stopping threads took: 0.0000211 seconds
3.383: [GC (Allocation Failure)  104698K->762K(445440K), 0.0007632 secs]
3.384: Total time for which application threads were stopped: 0.0009109 seconds, Stopping threads took: 0.0000293 seconds
3.454: [GC (Allocation Failure)  102650K->1018K(443904K), 0.0006364 secs]
3.454: Total time for which application threads were stopped: 0.0007786 seconds, Stopping threads took: 0.0000304 seconds
3.523: [GC (Allocation Failure)  100858K->794K(441344K), 0.0005807 secs]
3.523: Total time for which application threads were stopped: 0.0007025 seconds, Stopping threads took: 0.0000200 seconds
3.590: [GC (Allocation Failure)  98586K->858K(439808K), 0.0005285 secs]
3.590: Total time for which application threads were stopped: 0.0006510 seconds, Stopping threads took: 0.0000223 seconds
3.656: [GC (Allocation Failure)  96602K->762K(437760K), 0.0006467 secs]
3.657: Total time for which application threads were stopped: 0.0007593 seconds, Stopping threads took: 0.0000239 seconds
3.725: [GC (Allocation Failure)  94970K->762K(436736K), 0.0005843 secs]
3.725: Total time for which application threads were stopped: 0.0007236 seconds, Stopping threads took: 0.0000296 seconds
3.788: [GC (Allocation Failure)  93434K->762K(434688K), 0.0005572 secs]
3.789: Total time for which application threads were stopped: 0.0006802 seconds, Stopping threads took: 0.0000214 seconds
