Java HotSpot(TM) 64-Bit Server VM (25.171-b11) for linux-amd64 JRE (1.8.0_171-b11), built on Mar 28 2018 17:07:08 by "java_re" with gcc 4.3.0 20080428 (Red Hat 4.3.0-8)
Memory: 4k page, physical 32883000k(29642864k free), swap 8000508k(8000508k free)
CommandLine flags: -XX:InitialHeapSize=526128000 -XX:MaxHeapSize=8418048000 -XX:+PrintGC -XX:+PrintGCApplicationStoppedTime -XX:+PrintGCTimeStamps -XX:+UseCompressedClassPointers -XX:+UseCompressedOops -XX:+UseParallelGC 
0.474: [GC (Allocation Failure)  129024K->2529K(493056K), 0.0020106 secs]
0.476: Total time for which application threads were stopped: 0.0022046 seconds, Stopping threads took: 0.0000200 seconds
0.579: [GC (Allocation Failure)  131553K->1012K(493056K), 0.0010010 secs]
0.580: Total time for which application threads were stopped: 0.0011176 seconds, Stopping threads took: 0.0000244 seconds
0.668: [GC (Allocation Failure)  130036K->812K(493056K), 0.0010270 secs]
0.669: Total time for which application threads were stopped: 0.0011350 seconds, Stopping threads took: 0.0000162 seconds
0.755: [GC (Allocation Failure)  129836K->932K(493056K), 0.0011574 secs]
0.757: Total time for which application threads were stopped: 0.0012757 seconds, Stopping threads took: 0.0000181 seconds
0.846: [GC (Allocation Failure)  129956K->1052K(470016K), 0.0009961 secs]
0.847: Total time for which application threads were stopped: 0.0011079 seconds, Stopping threads took: 0.0000237 seconds
0.936: [GC (Allocation Failure)  127004K->836K(466944K), 0.0011662 secs]
0.937: Total time for which application threads were stopped: 0.0012882 seconds, Stopping threads took: 0.0000186 seconds
1.019: [GC (Allocation Failure)  123716K->1078K(463872K), 0.0011161 secs]
1.020: Total time for which application threads were stopped: 0.0012418 seconds, Stopping threads took: 0.0000208 seconds
1.100: [GC (Allocation Failure)  121398K->1110K(461312K), 0.0008412 secs]
1.101: Total time for which application threads were stopped: 0.0009684 seconds, Stopping threads took: 0.0000278 seconds
1.183: [GC (Allocation Failure)  118870K->886K(460800K), 0.0007155 secs]
1.184: Total time for which application threads were stopped: 0.0008567 seconds, Stopping threads took: 0.0000301 seconds
1.265: [GC (Allocation Failure)  116086K->758K(456192K), 0.0005546 secs]
1.265: Total time for which application threads were stopped: 0.0006739 seconds, Stopping threads took: 0.0000253 seconds
1.339: [GC (Allocation Failure)  113398K->886K(455680K), 0.0005491 secs]
1.340: Total time for which application threads were stopped: 0.0006622 seconds, Stopping threads took: 0.0000194 seconds
1.413: [GC (Allocation Failure)  110966K->758K(451584K), 0.0005534 secs]
1.413: Total time for which application threads were stopped: 0.0006783 seconds, Stopping threads took: 0.0000262 seconds
1.491: [GC (Allocation Failure)  108790K->982K(451584K), 0.0005936 secs]
1.492: Total time for which application threads were stopped: 0.0007328 seconds, Stopping threads took: 0.0000265 seconds
1.562: [GC (Allocation Failure)  106966K->1014K(447488K), 0.0006465 secs]
1.563: Total time for which application threads were stopped: 0.0007719 seconds, Stopping threads took: 0.0000205 seconds
1.635: [GC (Allocation Failure)  104950K->1014K(447488K), 0.0006539 secs]
1.636: Total time for which application threads were stopped: 0.0007435 seconds, Stopping threads took: 0.0000118 seconds
1.703: [GC (Allocation Failure)  102902K->886K(443392K), 0.0006048 secs]
1.704: Total time for which application threads were stopped: 0.0007107 seconds, Stopping threads took: 0.0000214 seconds
1.770: [GC (Allocation Failure)  100726K->1014K(442880K), 0.0005716 secs]
1.771: Total time for which application threads were stopped: 0.0007028 seconds, Stopping threads took: 0.0000192 seconds
1.841: [GC (Allocation Failure)  98806K->1078K(439296K), 0.0008137 secs]
1.842: Total time for which application threads were stopped: 0.0009277 seconds, Stopping threads took: 0.0000185 seconds
1.906: [GC (Allocation Failure)  96822K->1014K(439296K), 0.0005861 secs]
1.906: Total time for which application threads were stopped: 0.0007024 seconds, Stopping threads took: 0.0000183 seconds
1.969: [GC (Allocation Failure)  95222K->982K(436224K), 0.0008427 secs]
1.970: Total time for which application threads were stopped: 0.0009467 seconds, Stopping threads took: 0.0000141 seconds
2.031: [GC (Allocation Failure)  93654K->950K(474624K), 0.0009824 secs]
2.032: Total time for which application threads were stopped: 0.0011085 seconds, Stopping threads took: 0.0000303 seconds
2.119: [GC (Allocation Failure)  130998K->1014K(470528K), 0.0007267 secs]
2.120: Total time for which application threads were stopped: 0.0008487 seconds, Stopping threads took: 0.0000178 seconds
2.207: [GC (Allocation Failure)  127990K->1014K(468480K), 0.0006294 secs]
2.207: Total time for which application threads were stopped: 0.0007522 seconds, Stopping threads took: 0.0000180 seconds
2.290: [GC (Allocation Failure)  124918K->1110K(464896K), 0.0007255 secs]
2.290: Total time for which application threads were stopped: 0.0008583 seconds, Stopping threads took: 0.0000265 seconds
2.371: [GC (Allocation Failure)  122454K->950K(463360K), 0.0006197 secs]
2.372: Total time for which application threads were stopped: 0.0007464 seconds, Stopping threads took: 0.0000271 seconds
2.455: [GC (Allocation Failure)  119734K->982K(459776K), 0.0006547 secs]
2.455: Total time for which application threads were stopped: 0.0007819 seconds, Stopping threads took: 0.0000268 seconds
2.532: [GC (Allocation Failure)  117206K->758K(458240K), 0.0005762 secs]
2.533: Total time for which application threads were stopped: 0.0007238 seconds, Stopping threads took: 0.0000257 seconds
2.613: [GC (Allocation Failure)  114422K->726K(454656K), 0.0005258 secs]
2.613: Total time for which application threads were stopped: 0.0006439 seconds, Stopping threads took: 0.0000148 seconds
2.690: [GC (Allocation Failure)  111830K->854K(453120K), 0.0006506 secs]
2.691: Total time for which application threads were stopped: 0.0007809 seconds, Stopping threads took: 0.0000171 seconds
2.768: [GC (Allocation Failure)  109398K->758K(450048K), 0.0005810 secs]
2.769: Total time for which application threads were stopped: 0.0007096 seconds, Stopping threads took: 0.0000237 seconds
2.839: [GC (Allocation Failure)  107254K->918K(449024K), 0.0006555 secs]
2.839: Total time for which application threads were stopped: 0.0007832 seconds, Stopping threads took: 0.0000162 seconds
2.908: [GC (Allocation Failure)  105366K->1046K(445952K), 0.0007954 secs]
2.909: Total time for which application threads were stopped: 0.0009258 seconds, Stopping threads took: 0.0000182 seconds
2.977: [GC (Allocation Failure)  103446K->1014K(444416K), 0.0005700 secs]
2.977: Total time for which application threads were stopped: 0.0006755 seconds, Stopping threads took: 0.0000157 seconds
3.050: [GC (Allocation Failure)  101366K->886K(441856K), 0.0006005 secs]
3.050: Total time for which application threads were stopped: 0.0007194 seconds, Stopping threads took: 0.0000156 seconds
3.115: [GC (Allocation Failure)  99190K->1110K(440320K), 0.0006503 secs]
3.116: Total time for which application threads were stopped: 0.0007800 seconds, Stopping threads took: 0.0000278 seconds
3.184: [GC (Allocation Failure)  97366K->758K(437760K), 0.0005481 secs]
3.184: Total time for which application threads were stopped: 0.0006687 seconds, Stopping threads took: 0.0000186 seconds
3.248: [GC (Allocation Failure)  94966K->758K(436736K), 0.0004145 secs]
3.248: Total time for which application threads were stopped: 0.0005252 seconds, Stopping threads took: 0.0000232 seconds
3.311: [GC (Allocation Failure)  93430K->758K(434688K), 0.0003725 secs]
3.311: Total time for which application threads were stopped: 0.0004803 seconds, Stopping threads took: 0.0000101 seconds
3.372: [GC (Allocation Failure)  91894K->758K(433664K), 0.0004496 secs]
3.372: Total time for which application threads were stopped: 0.0005388 seconds, Stopping threads took: 0.0000108 seconds
3.432: [GC (Allocation Failure)  90358K->822K(431616K), 0.0005853 secs]
3.433: Total time for which application threads were stopped: 0.0006828 seconds, Stopping threads took: 0.0000139 seconds
3.496: [GC (Allocation Failure)  88886K->886K(430592K), 0.0004868 secs]
3.497: Total time for which application threads were stopped: 0.0005981 seconds, Stopping threads took: 0.0000185 seconds
3.554: [GC (Allocation Failure)  87414K->950K(428544K), 0.0005537 secs]
3.554: Total time for which application threads were stopped: 0.0006585 seconds, Stopping threads took: 0.0000177 seconds
3.610: [GC (Allocation Failure)  85942K->1046K(427520K), 0.0005688 secs]
3.611: Total time for which application threads were stopped: 0.0006720 seconds, Stopping threads took: 0.0000125 seconds
3.672: [GC (Allocation Failure)  84502K->758K(425472K), 0.0004926 secs]
3.673: Total time for which application threads were stopped: 0.0006052 seconds, Stopping threads took: 0.0000173 seconds
3.727: [GC (Allocation Failure)  82678K->918K(424448K), 0.0004877 secs]
3.728: Total time for which application threads were stopped: 0.0005888 seconds, Stopping threads took: 0.0000204 seconds
