Java HotSpot(TM) 64-Bit Server VM (25.171-b11) for linux-amd64 JRE (1.8.0_171-b11), built on Mar 28 2018 17:07:08 by "java_re" with gcc 4.3.0 20080428 (Red Hat 4.3.0-8)
Memory: 4k page, physical 32883000k(29641648k free), swap 8000508k(8000508k free)
CommandLine flags: -XX:InitialHeapSize=526128000 -XX:MaxHeapSize=8418048000 -XX:+PrintGC -XX:+PrintGCApplicationStoppedTime -XX:+PrintGCTimeStamps -XX:+UseCompressedClassPointers -XX:+UseCompressedOops -XX:+UseParallelGC 
0.375: [GC (Allocation Failure)  129024K->2537K(493056K), 0.0019507 secs]
0.377: Total time for which application threads were stopped: 0.0021487 seconds, Stopping threads took: 0.0000239 seconds
0.510: [GC (Allocation Failure)  131561K->964K(493056K), 0.0014608 secs]
0.512: Total time for which application threads were stopped: 0.0016013 seconds, Stopping threads took: 0.0000235 seconds
0.617: [GC (Allocation Failure)  129988K->748K(493056K), 0.0009673 secs]
0.618: Total time for which application threads were stopped: 0.0011050 seconds, Stopping threads took: 0.0000274 seconds
0.708: [GC (Allocation Failure)  129772K->892K(493056K), 0.0010561 secs]
0.709: Total time for which application threads were stopped: 0.0011929 seconds, Stopping threads took: 0.0000283 seconds
0.798: [GC (Allocation Failure)  129916K->1052K(470016K), 0.0012381 secs]
0.799: Total time for which application threads were stopped: 0.0013566 seconds, Stopping threads took: 0.0000279 seconds
0.886: [GC (Allocation Failure)  127004K->852K(466944K), 0.0012260 secs]
0.887: Total time for which application threads were stopped: 0.0013454 seconds, Stopping threads took: 0.0000190 seconds
0.974: [GC (Allocation Failure)  123732K->1078K(489472K), 0.0014532 secs]
0.976: Total time for which application threads were stopped: 0.0015804 seconds, Stopping threads took: 0.0000248 seconds
1.080: [GC (Allocation Failure)  144950K->886K(483840K), 0.0006337 secs]
1.081: Total time for which application threads were stopped: 0.0007501 seconds, Stopping threads took: 0.0000193 seconds
1.177: [GC (Allocation Failure)  141174K->982K(482304K), 0.0008029 secs]
1.178: Total time for which application threads were stopped: 0.0009340 seconds, Stopping threads took: 0.0000285 seconds
1.275: [GC (Allocation Failure)  137686K->982K(477184K), 0.0007298 secs]
1.275: Total time for which application threads were stopped: 0.0008402 seconds, Stopping threads took: 0.0000159 seconds
1.372: [GC (Allocation Failure)  134614K->1110K(476160K), 0.0006724 secs]
1.373: Total time for which application threads were stopped: 0.0007921 seconds, Stopping threads took: 0.0000251 seconds
1.467: [GC (Allocation Failure)  131670K->822K(471040K), 0.0005471 secs]
1.467: Total time for which application threads were stopped: 0.0006479 seconds, Stopping threads took: 0.0000141 seconds
1.554: [GC (Allocation Failure)  128310K->982K(470016K), 0.0006190 secs]
1.554: Total time for which application threads were stopped: 0.0007193 seconds, Stopping threads took: 0.0000142 seconds
1.639: [GC (Allocation Failure)  125398K->758K(465408K), 0.0005530 secs]
1.639: Total time for which application threads were stopped: 0.0006668 seconds, Stopping threads took: 0.0000224 seconds
1.729: [GC (Allocation Failure)  122614K->758K(464384K), 0.0005279 secs]
1.729: Total time for which application threads were stopped: 0.0006365 seconds, Stopping threads took: 0.0000217 seconds
1.810: [GC (Allocation Failure)  120054K->886K(460288K), 0.0006216 secs]
1.811: Total time for which application threads were stopped: 0.0007208 seconds, Stopping threads took: 0.0000128 seconds
1.891: [GC (Allocation Failure)  117622K->758K(459264K), 0.0007511 secs]
1.891: Total time for which application threads were stopped: 0.0008729 seconds, Stopping threads took: 0.0000195 seconds
1.969: [GC (Allocation Failure)  114934K->886K(455168K), 0.0007889 secs]
1.970: Total time for which application threads were stopped: 0.0009025 seconds, Stopping threads took: 0.0000211 seconds
2.050: [GC (Allocation Failure)  112502K->758K(454144K), 0.0005331 secs]
2.051: Total time for which application threads were stopped: 0.0006498 seconds, Stopping threads took: 0.0000175 seconds
2.130: [GC (Allocation Failure)  109814K->758K(450560K), 0.0005752 secs]
2.130: Total time for which application threads were stopped: 0.0006839 seconds, Stopping threads took: 0.0000115 seconds
2.204: [GC (Allocation Failure)  107766K->1110K(450048K), 0.0007148 secs]
2.205: Total time for which application threads were stopped: 0.0008300 seconds, Stopping threads took: 0.0000226 seconds
2.279: [GC (Allocation Failure)  106070K->918K(446464K), 0.0006648 secs]
2.279: Total time for which application threads were stopped: 0.0007880 seconds, Stopping threads took: 0.0000189 seconds
2.349: [GC (Allocation Failure)  103830K->1014K(445440K), 0.0006617 secs]
2.350: Total time for which application threads were stopped: 0.0007864 seconds, Stopping threads took: 0.0000186 seconds
2.418: [GC (Allocation Failure)  101878K->1014K(442368K), 0.0007593 secs]
2.419: Total time for which application threads were stopped: 0.0008804 seconds, Stopping threads took: 0.0000155 seconds
2.492: [GC (Allocation Failure)  99830K->982K(441344K), 0.0006298 secs]
2.493: Total time for which application threads were stopped: 0.0007601 seconds, Stopping threads took: 0.0000152 seconds
2.564: [GC (Allocation Failure)  97750K->758K(438272K), 0.0007122 secs]
2.564: Total time for which application threads were stopped: 0.0008299 seconds, Stopping threads took: 0.0000147 seconds
2.630: [GC (Allocation Failure)  95478K->886K(437760K), 0.0005590 secs]
2.630: Total time for which application threads were stopped: 0.0006703 seconds, Stopping threads took: 0.0000211 seconds
2.694: [GC (Allocation Failure)  94070K->1014K(435200K), 0.0009950 secs]
2.695: Total time for which application threads were stopped: 0.0011132 seconds, Stopping threads took: 0.0000173 seconds
2.758: [GC (Allocation Failure)  92662K->726K(434176K), 0.0006182 secs]
2.758: Total time for which application threads were stopped: 0.0007294 seconds, Stopping threads took: 0.0000153 seconds
2.820: [GC (Allocation Failure)  90838K->886K(432128K), 0.0006705 secs]
2.820: Total time for which application threads were stopped: 0.0008083 seconds, Stopping threads took: 0.0000178 seconds
2.886: [GC (Allocation Failure)  89462K->1110K(431104K), 0.0006950 secs]
2.887: Total time for which application threads were stopped: 0.0008137 seconds, Stopping threads took: 0.0000181 seconds
2.946: [GC (Allocation Failure)  88150K->886K(429056K), 0.0006234 secs]
2.946: Total time for which application threads were stopped: 0.0007127 seconds, Stopping threads took: 0.0000118 seconds
3.010: [GC (Allocation Failure)  86390K->758K(428032K), 0.0006209 secs]
3.011: Total time for which application threads were stopped: 0.0007295 seconds, Stopping threads took: 0.0000135 seconds
3.072: [GC (Allocation Failure)  84726K->982K(425984K), 0.0007376 secs]
3.073: Total time for which application threads were stopped: 0.0008443 seconds, Stopping threads took: 0.0000160 seconds
3.129: [GC (Allocation Failure)  83414K->854K(424960K), 0.0005200 secs]
3.129: Total time for which application threads were stopped: 0.0006555 seconds, Stopping threads took: 0.0000236 seconds
3.184: [GC (Allocation Failure)  81750K->758K(422912K), 0.0005370 secs]
3.185: Total time for which application threads were stopped: 0.0006348 seconds, Stopping threads took: 0.0000129 seconds
3.244: [GC (Allocation Failure)  80118K->1046K(422400K), 0.0008356 secs]
3.245: Total time for which application threads were stopped: 0.0009651 seconds, Stopping threads took: 0.0000186 seconds
3.303: [GC (Allocation Failure)  79382K->758K(420864K), 0.0005803 secs]
3.304: Total time for which application threads were stopped: 0.0007025 seconds, Stopping threads took: 0.0000178 seconds
3.356: [GC (Allocation Failure)  78070K->982K(420352K), 0.0005941 secs]
3.357: Total time for which application threads were stopped: 0.0007047 seconds, Stopping threads took: 0.0000145 seconds
3.409: [GC (Allocation Failure)  77270K->950K(439296K), 0.0007121 secs]
3.410: Total time for which application threads were stopped: 0.0008042 seconds, Stopping threads took: 0.0000122 seconds
3.475: [GC (Allocation Failure)  96694K->886K(438272K), 0.0006179 secs]
3.476: Total time for which application threads were stopped: 0.0007374 seconds, Stopping threads took: 0.0000183 seconds
3.540: [GC (Allocation Failure)  95094K->886K(436224K), 0.0007764 secs]
3.541: Total time for which application threads were stopped: 0.0008981 seconds, Stopping threads took: 0.0000140 seconds
3.610: [GC (Allocation Failure)  93558K->854K(435200K), 0.0005497 secs]
3.610: Total time for which application threads were stopped: 0.0006529 seconds, Stopping threads took: 0.0000102 seconds
3.672: [GC (Allocation Failure)  91990K->886K(433152K), 0.0006849 secs]
3.673: Total time for which application threads were stopped: 0.0007905 seconds, Stopping threads took: 0.0000138 seconds
3.733: [GC (Allocation Failure)  90486K->886K(432128K), 0.0006984 secs]
3.734: Total time for which application threads were stopped: 0.0007928 seconds, Stopping threads took: 0.0000130 seconds
3.794: [GC (Allocation Failure)  88950K->1014K(430080K), 0.0006490 secs]
3.795: Total time for which application threads were stopped: 0.0007622 seconds, Stopping threads took: 0.0000217 seconds
