Java HotSpot(TM) 64-Bit Server VM (25.171-b11) for linux-amd64 JRE (1.8.0_171-b11), built on Mar 28 2018 17:07:08 by "java_re" with gcc 4.3.0 20080428 (Red Hat 4.3.0-8)
Memory: 4k page, physical 32883000k(29642540k free), swap 8000508k(8000508k free)
CommandLine flags: -XX:InitialHeapSize=526128000 -XX:MaxHeapSize=8418048000 -XX:+PrintGC -XX:+PrintGCApplicationStoppedTime -XX:+PrintGCTimeStamps -XX:+UseCompressedClassPointers -XX:+UseCompressedOops -XX:+UseParallelGC 
0.359: [GC (Allocation Failure)  129024K->2529K(493056K), 0.0025009 secs]
0.361: Total time for which application threads were stopped: 0.0026633 seconds, Stopping threads took: 0.0000182 seconds
0.479: [GC (Allocation Failure)  131553K->1004K(493056K), 0.0014384 secs]
0.480: Total time for which application threads were stopped: 0.0016034 seconds, Stopping threads took: 0.0000321 seconds
0.581: [GC (Allocation Failure)  130028K->756K(493056K), 0.0010008 secs]
0.582: Total time for which application threads were stopped: 0.0011103 seconds, Stopping threads took: 0.0000291 seconds
0.671: [GC (Allocation Failure)  129780K->924K(493056K), 0.0010014 secs]
0.672: Total time for which application threads were stopped: 0.0011241 seconds, Stopping threads took: 0.0000251 seconds
0.764: [GC (Allocation Failure)  129948K->1076K(470528K), 0.0010428 secs]
0.765: Total time for which application threads were stopped: 0.0011524 seconds, Stopping threads took: 0.0000215 seconds
0.850: [GC (Allocation Failure)  127028K->852K(466944K), 0.0009979 secs]
0.852: Total time for which application threads were stopped: 0.0011047 seconds, Stopping threads took: 0.0000147 seconds
0.939: [GC (Allocation Failure)  123732K->1094K(463872K), 0.0010858 secs]
0.940: Total time for which application threads were stopped: 0.0012148 seconds, Stopping threads took: 0.0000200 seconds
1.026: [GC (Allocation Failure)  121414K->1094K(461312K), 0.0007253 secs]
1.027: Total time for which application threads were stopped: 0.0008282 seconds, Stopping threads took: 0.0000201 seconds
1.110: [GC (Allocation Failure)  118854K->838K(460800K), 0.0005823 secs]
1.111: Total time for which application threads were stopped: 0.0006777 seconds, Stopping threads took: 0.0000132 seconds
1.189: [GC (Allocation Failure)  116038K->774K(456192K), 0.0005266 secs]
1.190: Total time for which application threads were stopped: 0.0006384 seconds, Stopping threads took: 0.0000160 seconds
1.266: [GC (Allocation Failure)  113414K->870K(455680K), 0.0005488 secs]
1.267: Total time for which application threads were stopped: 0.0006514 seconds, Stopping threads took: 0.0000130 seconds
1.342: [GC (Allocation Failure)  110950K->742K(451584K), 0.0004862 secs]
1.342: Total time for which application threads were stopped: 0.0006161 seconds, Stopping threads took: 0.0000194 seconds
1.415: [GC (Allocation Failure)  108774K->934K(451584K), 0.0006140 secs]
1.416: Total time for which application threads were stopped: 0.0007316 seconds, Stopping threads took: 0.0000188 seconds
1.488: [GC (Allocation Failure)  106918K->998K(447488K), 0.0006723 secs]
1.489: Total time for which application threads were stopped: 0.0007838 seconds, Stopping threads took: 0.0000186 seconds
1.559: [GC (Allocation Failure)  104934K->966K(447488K), 0.0005674 secs]
1.559: Total time for which application threads were stopped: 0.0006786 seconds, Stopping threads took: 0.0000187 seconds
1.629: [GC (Allocation Failure)  102854K->838K(443392K), 0.0007581 secs]
1.629: Total time for which application threads were stopped: 0.0008681 seconds, Stopping threads took: 0.0000179 seconds
1.697: [GC (Allocation Failure)  100678K->998K(442880K), 0.0005618 secs]
1.698: Total time for which application threads were stopped: 0.0006656 seconds, Stopping threads took: 0.0000126 seconds
1.770: [GC (Allocation Failure)  98790K->1030K(439296K), 0.0006043 secs]
1.771: Total time for which application threads were stopped: 0.0007181 seconds, Stopping threads took: 0.0000187 seconds
1.836: [GC (Allocation Failure)  96774K->998K(439296K), 0.0006825 secs]
1.837: Total time for which application threads were stopped: 0.0007824 seconds, Stopping threads took: 0.0000128 seconds
1.901: [GC (Allocation Failure)  95206K->998K(436224K), 0.0009317 secs]
1.902: Total time for which application threads were stopped: 0.0010442 seconds, Stopping threads took: 0.0000197 seconds
1.964: [GC (Allocation Failure)  93670K->998K(435712K), 0.0005539 secs]
1.965: Total time for which application threads were stopped: 0.0006818 seconds, Stopping threads took: 0.0000204 seconds
2.027: [GC (Allocation Failure)  92134K->998K(433152K), 0.0006947 secs]
2.028: Total time for which application threads were stopped: 0.0008011 seconds, Stopping threads took: 0.0000142 seconds
2.088: [GC (Allocation Failure)  90598K->1030K(432640K), 0.0006914 secs]
2.089: Total time for which application threads were stopped: 0.0008111 seconds, Stopping threads took: 0.0000141 seconds
2.149: [GC (Allocation Failure)  89094K->678K(430080K), 0.0005427 secs]
2.150: Total time for which application threads were stopped: 0.0006549 seconds, Stopping threads took: 0.0000222 seconds
2.209: [GC (Allocation Failure)  87206K->742K(429568K), 0.0004576 secs]
2.209: Total time for which application threads were stopped: 0.0005732 seconds, Stopping threads took: 0.0000139 seconds
2.267: [GC (Allocation Failure)  85734K->902K(427008K), 0.0006191 secs]
2.268: Total time for which application threads were stopped: 0.0007565 seconds, Stopping threads took: 0.0000258 seconds
2.325: [GC (Allocation Failure)  84358K->998K(426496K), 0.0005926 secs]
2.325: Total time for which application threads were stopped: 0.0007000 seconds, Stopping threads took: 0.0000154 seconds
2.385: [GC (Allocation Failure)  82918K->742K(423936K), 0.0007315 secs]
2.386: Total time for which application threads were stopped: 0.0008487 seconds, Stopping threads took: 0.0000194 seconds
2.447: [GC (Allocation Failure)  81126K->966K(423424K), 0.0005191 secs]
2.447: Total time for which application threads were stopped: 0.0006167 seconds, Stopping threads took: 0.0000127 seconds
2.501: [GC (Allocation Failure)  79814K->742K(421376K), 0.0004921 secs]
2.501: Total time for which application threads were stopped: 0.0006082 seconds, Stopping threads took: 0.0000179 seconds
2.555: [GC (Allocation Failure)  78566K->1094K(420864K), 0.0007192 secs]
2.555: Total time for which application threads were stopped: 0.0008259 seconds, Stopping threads took: 0.0000137 seconds
2.608: [GC (Allocation Failure)  77894K->742K(419328K), 0.0005151 secs]
2.608: Total time for which application threads were stopped: 0.0006262 seconds, Stopping threads took: 0.0000180 seconds
2.660: [GC (Allocation Failure)  76518K->998K(418816K), 0.0005801 secs]
2.660: Total time for which application threads were stopped: 0.0006768 seconds, Stopping threads took: 0.0000130 seconds
2.716: [GC (Allocation Failure)  75750K->998K(417280K), 0.0006438 secs]
2.717: Total time for which application threads were stopped: 0.0007413 seconds, Stopping threads took: 0.0000142 seconds
2.773: [GC (Allocation Failure)  74726K->742K(416768K), 0.0003541 secs]
2.774: Total time for which application threads were stopped: 0.0004358 seconds, Stopping threads took: 0.0000184 seconds
2.827: [GC (Allocation Failure)  73446K->998K(415232K), 0.0005908 secs]
2.828: Total time for which application threads were stopped: 0.0006919 seconds, Stopping threads took: 0.0000085 seconds
2.881: [GC (Allocation Failure)  72678K->1062K(414720K), 0.0006095 secs]
2.882: Total time for which application threads were stopped: 0.0007334 seconds, Stopping threads took: 0.0000177 seconds
2.937: [GC (Allocation Failure)  71718K->870K(413184K), 0.0007445 secs]
2.937: Total time for which application threads were stopped: 0.0008764 seconds, Stopping threads took: 0.0000174 seconds
2.991: [GC (Allocation Failure)  70502K->742K(412672K), 0.0004281 secs]
2.991: Total time for which application threads were stopped: 0.0005246 seconds, Stopping threads took: 0.0000145 seconds
3.042: [GC (Allocation Failure)  69350K->838K(411136K), 0.0006437 secs]
3.043: Total time for which application threads were stopped: 0.0007483 seconds, Stopping threads took: 0.0000167 seconds
3.092: [GC (Allocation Failure)  68422K->1062K(427008K), 0.0007995 secs]
3.093: Total time for which application threads were stopped: 0.0009087 seconds, Stopping threads took: 0.0000172 seconds
3.150: [GC (Allocation Failure)  84006K->1126K(444928K), 0.0006916 secs]
3.151: Total time for which application threads were stopped: 0.0008141 seconds, Stopping threads took: 0.0000222 seconds
3.222: [GC (Allocation Failure)  102502K->838K(443392K), 0.0004850 secs]
3.223: Total time for which application threads were stopped: 0.0005843 seconds, Stopping threads took: 0.0000138 seconds
3.294: [GC (Allocation Failure)  100166K->838K(440832K), 0.0006844 secs]
3.294: Total time for which application threads were stopped: 0.0008033 seconds, Stopping threads took: 0.0000194 seconds
3.360: [GC (Allocation Failure)  98118K->742K(439296K), 0.0004286 secs]
3.361: Total time for which application threads were stopped: 0.0005464 seconds, Stopping threads took: 0.0000200 seconds
3.425: [GC (Allocation Failure)  95974K->998K(437248K), 0.0006874 secs]
3.426: Total time for which application threads were stopped: 0.0007934 seconds, Stopping threads took: 0.0000139 seconds
3.490: [GC (Allocation Failure)  94694K->838K(436224K), 0.0004755 secs]
3.490: Total time for which application threads were stopped: 0.0005988 seconds, Stopping threads took: 0.0000190 seconds
3.553: [GC (Allocation Failure)  92998K->710K(434176K), 0.0006081 secs]
3.553: Total time for which application threads were stopped: 0.0007455 seconds, Stopping threads took: 0.0000179 seconds
3.615: [GC (Allocation Failure)  91334K->1030K(433152K), 0.0005568 secs]
3.616: Total time for which application threads were stopped: 0.0006746 seconds, Stopping threads took: 0.0000161 seconds
3.681: [GC (Allocation Failure)  90118K->934K(431104K), 0.0006364 secs]
3.682: Total time for which application threads were stopped: 0.0007348 seconds, Stopping threads took: 0.0000192 seconds
3.742: [GC (Allocation Failure)  88486K->870K(430080K), 0.0005760 secs]
3.742: Total time for which application threads were stopped: 0.0006750 seconds, Stopping threads took: 0.0000136 seconds
