Java HotSpot(TM) 64-Bit Server VM (25.171-b11) for linux-amd64 JRE (1.8.0_171-b11), built on Mar 28 2018 17:07:08 by "java_re" with gcc 4.3.0 20080428 (Red Hat 4.3.0-8)
Memory: 4k page, physical 32883000k(29641912k free), swap 8000508k(8000508k free)
CommandLine flags: -XX:InitialHeapSize=526128000 -XX:MaxHeapSize=8418048000 -XX:+PrintGC -XX:+PrintGCApplicationStoppedTime -XX:+PrintGCTimeStamps -XX:+UseCompressedClassPointers -XX:+UseCompressedOops -XX:+UseParallelGC 
0.353: [GC (Allocation Failure)  129024K->2537K(493056K), 0.0020250 secs]
0.355: Total time for which application threads were stopped: 0.0021889 seconds, Stopping threads took: 0.0000212 seconds
0.470: [GC (Allocation Failure)  131561K->980K(493056K), 0.0014624 secs]
0.472: Total time for which application threads were stopped: 0.0016186 seconds, Stopping threads took: 0.0000313 seconds
0.583: [GC (Allocation Failure)  130004K->740K(493056K), 0.0009876 secs]
0.584: Total time for which application threads were stopped: 0.0011024 seconds, Stopping threads took: 0.0000320 seconds
0.678: [GC (Allocation Failure)  129764K->868K(493056K), 0.0013913 secs]
0.680: Total time for which application threads were stopped: 0.0015105 seconds, Stopping threads took: 0.0000310 seconds
0.771: [GC (Allocation Failure)  129892K->1052K(470528K), 0.0011586 secs]
0.773: Total time for which application threads were stopped: 0.0012670 seconds, Stopping threads took: 0.0000183 seconds
0.862: [GC (Allocation Failure)  127004K->812K(466944K), 0.0010940 secs]
0.863: Total time for which application threads were stopped: 0.0012168 seconds, Stopping threads took: 0.0000213 seconds
0.951: [GC (Allocation Failure)  123692K->1066K(463872K), 0.0012878 secs]
0.952: Total time for which application threads were stopped: 0.0014071 seconds, Stopping threads took: 0.0000191 seconds
1.033: [GC (Allocation Failure)  121386K->1098K(488960K), 0.0011029 secs]
1.035: Total time for which application threads were stopped: 0.0012597 seconds, Stopping threads took: 0.0000276 seconds
1.136: [GC (Allocation Failure)  144458K->746K(483328K), 0.0006516 secs]
1.137: Total time for which application threads were stopped: 0.0008057 seconds, Stopping threads took: 0.0000282 seconds
1.237: [GC (Allocation Failure)  140522K->746K(479744K), 0.0005935 secs]
1.238: Total time for which application threads were stopped: 0.0006977 seconds, Stopping threads took: 0.0000149 seconds
1.330: [GC (Allocation Failure)  136938K->1002K(478720K), 0.0006463 secs]
1.331: Total time for which application threads were stopped: 0.0007664 seconds, Stopping threads took: 0.0000237 seconds
1.427: [GC (Allocation Failure)  134122K->970K(473600K), 0.0007762 secs]
1.428: Total time for which application threads were stopped: 0.0009066 seconds, Stopping threads took: 0.0000222 seconds
1.516: [GC (Allocation Failure)  131018K->970K(472576K), 0.0006401 secs]
1.517: Total time for which application threads were stopped: 0.0007665 seconds, Stopping threads took: 0.0000225 seconds
1.603: [GC (Allocation Failure)  127946K->1002K(467456K), 0.0008894 secs]
1.604: Total time for which application threads were stopped: 0.0010128 seconds, Stopping threads took: 0.0000155 seconds
1.694: [GC (Allocation Failure)  124906K->1098K(466432K), 0.0005932 secs]
1.695: Total time for which application threads were stopped: 0.0006989 seconds, Stopping threads took: 0.0000146 seconds
1.783: [GC (Allocation Failure)  122442K->874K(462336K), 0.0007417 secs]
1.784: Total time for which application threads were stopped: 0.0008983 seconds, Stopping threads took: 0.0000249 seconds
1.865: [GC (Allocation Failure)  119658K->970K(461312K), 0.0006762 secs]
1.866: Total time for which application threads were stopped: 0.0008238 seconds, Stopping threads took: 0.0000254 seconds
1.951: [GC (Allocation Failure)  117194K->746K(457216K), 0.0006331 secs]
1.952: Total time for which application threads were stopped: 0.0007617 seconds, Stopping threads took: 0.0000194 seconds
2.029: [GC (Allocation Failure)  114410K->714K(456192K), 0.0005018 secs]
2.029: Total time for which application threads were stopped: 0.0006081 seconds, Stopping threads took: 0.0000151 seconds
2.104: [GC (Allocation Failure)  111818K->842K(452096K), 0.0008948 secs]
2.105: Total time for which application threads were stopped: 0.0010437 seconds, Stopping threads took: 0.0000186 seconds
2.179: [GC (Allocation Failure)  109386K->746K(451584K), 0.0006394 secs]
2.180: Total time for which application threads were stopped: 0.0007767 seconds, Stopping threads took: 0.0000197 seconds
2.252: [GC (Allocation Failure)  107242K->906K(448000K), 0.0008301 secs]
2.253: Total time for which application threads were stopped: 0.0009536 seconds, Stopping threads took: 0.0000166 seconds
2.326: [GC (Allocation Failure)  105354K->1002K(446976K), 0.0006705 secs]
2.326: Total time for which application threads were stopped: 0.0007903 seconds, Stopping threads took: 0.0000223 seconds
2.399: [GC (Allocation Failure)  103402K->1002K(443904K), 0.0007528 secs]
2.400: Total time for which application threads were stopped: 0.0008699 seconds, Stopping threads took: 0.0000188 seconds
2.474: [GC (Allocation Failure)  101354K->874K(442880K), 0.0005599 secs]
2.475: Total time for which application threads were stopped: 0.0006544 seconds, Stopping threads took: 0.0000131 seconds
2.541: [GC (Allocation Failure)  99178K->1066K(439808K), 0.0008276 secs]
2.542: Total time for which application threads were stopped: 0.0009312 seconds, Stopping threads took: 0.0000139 seconds
2.611: [GC (Allocation Failure)  97322K->746K(438784K), 0.0005171 secs]
2.612: Total time for which application threads were stopped: 0.0006087 seconds, Stopping threads took: 0.0000127 seconds
2.676: [GC (Allocation Failure)  94954K->746K(436224K), 0.0006123 secs]
2.677: Total time for which application threads were stopped: 0.0007495 seconds, Stopping threads took: 0.0000221 seconds
2.739: [GC (Allocation Failure)  93418K->746K(435712K), 0.0006227 secs]
2.740: Total time for which application threads were stopped: 0.0007547 seconds, Stopping threads took: 0.0000192 seconds
2.803: [GC (Allocation Failure)  91882K->746K(433152K), 0.0005330 secs]
2.804: Total time for which application threads were stopped: 0.0006800 seconds, Stopping threads took: 0.0000227 seconds
2.871: [GC (Allocation Failure)  90346K->778K(432128K), 0.0005823 secs]
2.871: Total time for which application threads were stopped: 0.0006759 seconds, Stopping threads took: 0.0000128 seconds
2.931: [GC (Allocation Failure)  88842K->842K(430080K), 0.0005480 secs]
2.932: Total time for which application threads were stopped: 0.0006631 seconds, Stopping threads took: 0.0000181 seconds
2.997: [GC (Allocation Failure)  87370K->938K(429056K), 0.0005891 secs]
2.997: Total time for which application threads were stopped: 0.0007167 seconds, Stopping threads took: 0.0000229 seconds
3.058: [GC (Allocation Failure)  85930K->1034K(427008K), 0.0007112 secs]
3.059: Total time for which application threads were stopped: 0.0008084 seconds, Stopping threads took: 0.0000120 seconds
3.116: [GC (Allocation Failure)  84490K->746K(425984K), 0.0004784 secs]
3.116: Total time for which application threads were stopped: 0.0005865 seconds, Stopping threads took: 0.0000208 seconds
3.172: [GC (Allocation Failure)  82666K->874K(423936K), 0.0007518 secs]
3.173: Total time for which application threads were stopped: 0.0008751 seconds, Stopping threads took: 0.0000103 seconds
3.228: [GC (Allocation Failure)  81258K->1098K(422912K), 0.0007557 secs]
3.229: Total time for which application threads were stopped: 0.0008714 seconds, Stopping threads took: 0.0000094 seconds
3.288: [GC (Allocation Failure)  79946K->874K(421376K), 0.0005779 secs]
3.289: Total time for which application threads were stopped: 0.0006744 seconds, Stopping threads took: 0.0000102 seconds
3.346: [GC (Allocation Failure)  78698K->810K(420864K), 0.0006441 secs]
3.346: Total time for which application threads were stopped: 0.0007480 seconds, Stopping threads took: 0.0000206 seconds
3.399: [GC (Allocation Failure)  77610K->906K(439808K), 0.0007943 secs]
3.399: Total time for which application threads were stopped: 0.0009308 seconds, Stopping threads took: 0.0000179 seconds
3.465: [GC (Allocation Failure)  97162K->1002K(461824K), 0.0006764 secs]
3.465: Total time for which application threads were stopped: 0.0007853 seconds, Stopping threads took: 0.0000157 seconds
3.545: [GC (Allocation Failure)  118762K->746K(458752K), 0.0006957 secs]
3.546: Total time for which application threads were stopped: 0.0007974 seconds, Stopping threads took: 0.0000133 seconds
3.624: [GC (Allocation Failure)  115946K->746K(456704K), 0.0007711 secs]
3.625: Total time for which application threads were stopped: 0.0009086 seconds, Stopping threads took: 0.0000186 seconds
3.701: [GC (Allocation Failure)  113386K->842K(453632K), 0.0006965 secs]
3.702: Total time for which application threads were stopped: 0.0008213 seconds, Stopping threads took: 0.0000162 seconds
