Java HotSpot(TM) 64-Bit Server VM (25.171-b11) for linux-amd64 JRE (1.8.0_171-b11), built on Mar 28 2018 17:07:08 by "java_re" with gcc 4.3.0 20080428 (Red Hat 4.3.0-8)
Memory: 4k page, physical 32883000k(29644044k free), swap 8000508k(8000508k free)
CommandLine flags: -XX:InitialHeapSize=526128000 -XX:MaxHeapSize=8418048000 -XX:+PrintGC -XX:+PrintGCApplicationStoppedTime -XX:+PrintGCTimeStamps -XX:+UseCompressedClassPointers -XX:+UseCompressedOops -XX:+UseParallelGC 
0.367: [GC (Allocation Failure)  129024K->2543K(493056K), 0.0023237 secs]
0.370: Total time for which application threads were stopped: 0.0024881 seconds, Stopping threads took: 0.0000231 seconds
0.497: [GC (Allocation Failure)  131567K->1012K(493056K), 0.0014594 secs]
0.499: Total time for which application threads were stopped: 0.0016173 seconds, Stopping threads took: 0.0000353 seconds
0.597: [GC (Allocation Failure)  130036K->748K(493056K), 0.0011194 secs]
0.598: Total time for which application threads were stopped: 0.0012485 seconds, Stopping threads took: 0.0000185 seconds
0.689: [GC (Allocation Failure)  129772K->932K(493056K), 0.0009969 secs]
0.690: Total time for which application threads were stopped: 0.0011122 seconds, Stopping threads took: 0.0000241 seconds
0.777: [GC (Allocation Failure)  129956K->1052K(470016K), 0.0012402 secs]
0.778: Total time for which application threads were stopped: 0.0013536 seconds, Stopping threads took: 0.0000218 seconds
0.869: [GC (Allocation Failure)  127004K->868K(466944K), 0.0010281 secs]
0.870: Total time for which application threads were stopped: 0.0011490 seconds, Stopping threads took: 0.0000273 seconds
0.958: [GC (Allocation Failure)  123748K->1154K(463872K), 0.0010005 secs]
0.959: Total time for which application threads were stopped: 0.0011042 seconds, Stopping threads took: 0.0000174 seconds
1.043: [GC (Allocation Failure)  121474K->1154K(461312K), 0.0006797 secs]
1.043: Total time for which application threads were stopped: 0.0007852 seconds, Stopping threads took: 0.0000171 seconds
1.129: [GC (Allocation Failure)  118914K->898K(460800K), 0.0005244 secs]
1.130: Total time for which application threads were stopped: 0.0006398 seconds, Stopping threads took: 0.0000188 seconds
1.208: [GC (Allocation Failure)  116098K->834K(456192K), 0.0006414 secs]
1.209: Total time for which application threads were stopped: 0.0007851 seconds, Stopping threads took: 0.0000291 seconds
1.286: [GC (Allocation Failure)  113474K->898K(455680K), 0.0005440 secs]
1.286: Total time for which application threads were stopped: 0.0006674 seconds, Stopping threads took: 0.0000271 seconds
1.367: [GC (Allocation Failure)  110978K->770K(451584K), 0.0005337 secs]
1.367: Total time for which application threads were stopped: 0.0006595 seconds, Stopping threads took: 0.0000285 seconds
1.446: [GC (Allocation Failure)  108802K->962K(451584K), 0.0005849 secs]
1.447: Total time for which application threads were stopped: 0.0007131 seconds, Stopping threads took: 0.0000287 seconds
1.525: [GC (Allocation Failure)  106946K->1026K(447488K), 0.0008350 secs]
1.526: Total time for which application threads were stopped: 0.0009478 seconds, Stopping threads took: 0.0000173 seconds
1.599: [GC (Allocation Failure)  104962K->994K(446976K), 0.0006168 secs]
1.600: Total time for which application threads were stopped: 0.0007398 seconds, Stopping threads took: 0.0000245 seconds
1.674: [GC (Allocation Failure)  102882K->866K(443392K), 0.0005827 secs]
1.674: Total time for which application threads were stopped: 0.0007098 seconds, Stopping threads took: 0.0000190 seconds
1.742: [GC (Allocation Failure)  100706K->1026K(442880K), 0.0006167 secs]
1.742: Total time for which application threads were stopped: 0.0007382 seconds, Stopping threads took: 0.0000197 seconds
1.815: [GC (Allocation Failure)  98818K->1122K(439296K), 0.0006373 secs]
1.816: Total time for which application threads were stopped: 0.0007383 seconds, Stopping threads took: 0.0000186 seconds
1.881: [GC (Allocation Failure)  96866K->1026K(439296K), 0.0006446 secs]
1.882: Total time for which application threads were stopped: 0.0007896 seconds, Stopping threads took: 0.0000262 seconds
1.945: [GC (Allocation Failure)  95234K->1026K(436224K), 0.0007166 secs]
1.946: Total time for which application threads were stopped: 0.0008553 seconds, Stopping threads took: 0.0000184 seconds
2.015: [GC (Allocation Failure)  93698K->994K(435712K), 0.0006429 secs]
2.016: Total time for which application threads were stopped: 0.0007606 seconds, Stopping threads took: 0.0000167 seconds
2.077: [GC (Allocation Failure)  92130K->1026K(433152K), 0.0007562 secs]
2.078: Total time for which application threads were stopped: 0.0008770 seconds, Stopping threads took: 0.0000193 seconds
2.138: [GC (Allocation Failure)  90626K->1026K(432640K), 0.0006794 secs]
2.139: Total time for which application threads were stopped: 0.0007944 seconds, Stopping threads took: 0.0000191 seconds
2.201: [GC (Allocation Failure)  89090K->770K(430080K), 0.0004127 secs]
2.202: Total time for which application threads were stopped: 0.0005169 seconds, Stopping threads took: 0.0000210 seconds
2.260: [GC (Allocation Failure)  87298K->802K(429568K), 0.0004528 secs]
2.261: Total time for which application threads were stopped: 0.0005449 seconds, Stopping threads took: 0.0000126 seconds
2.325: [GC (Allocation Failure)  85794K->930K(427008K), 0.0007791 secs]
2.326: Total time for which application threads were stopped: 0.0008692 seconds, Stopping threads took: 0.0000118 seconds
2.382: [GC (Allocation Failure)  84386K->1026K(426496K), 0.0005428 secs]
2.383: Total time for which application threads were stopped: 0.0006349 seconds, Stopping threads took: 0.0000130 seconds
2.441: [GC (Allocation Failure)  82946K->770K(423936K), 0.0004817 secs]
2.442: Total time for which application threads were stopped: 0.0005609 seconds, Stopping threads took: 0.0000097 seconds
2.497: [GC (Allocation Failure)  81154K->994K(423424K), 0.0005348 secs]
2.498: Total time for which application threads were stopped: 0.0006255 seconds, Stopping threads took: 0.0000105 seconds
2.553: [GC (Allocation Failure)  79842K->770K(421376K), 0.0006002 secs]
2.553: Total time for which application threads were stopped: 0.0006967 seconds, Stopping threads took: 0.0000127 seconds
2.611: [GC (Allocation Failure)  78594K->1122K(420864K), 0.0006182 secs]
2.612: Total time for which application threads were stopped: 0.0007191 seconds, Stopping threads took: 0.0000136 seconds
2.664: [GC (Allocation Failure)  77922K->802K(419328K), 0.0005490 secs]
2.665: Total time for which application threads were stopped: 0.0006361 seconds, Stopping threads took: 0.0000119 seconds
2.716: [GC (Allocation Failure)  76578K->1058K(438784K), 0.0008287 secs]
2.716: Total time for which application threads were stopped: 0.0009316 seconds, Stopping threads took: 0.0000121 seconds
2.785: [GC (Allocation Failure)  95778K->770K(436736K), 0.0005885 secs]
2.786: Total time for which application threads were stopped: 0.0007111 seconds, Stopping threads took: 0.0000168 seconds
2.856: [GC (Allocation Failure)  93954K->898K(435712K), 0.0006486 secs]
2.856: Total time for which application threads were stopped: 0.0007677 seconds, Stopping threads took: 0.0000167 seconds
2.918: [GC (Allocation Failure)  92546K->994K(433664K), 0.0007746 secs]
2.919: Total time for which application threads were stopped: 0.0008960 seconds, Stopping threads took: 0.0000254 seconds
2.984: [GC (Allocation Failure)  91106K->770K(432640K), 0.0004248 secs]
2.984: Total time for which application threads were stopped: 0.0005469 seconds, Stopping threads took: 0.0000239 seconds
3.044: [GC (Allocation Failure)  89346K->994K(430592K), 0.0008315 secs]
3.045: Total time for which application threads were stopped: 0.0009471 seconds, Stopping threads took: 0.0000203 seconds
3.109: [GC (Allocation Failure)  88034K->738K(429568K), 0.0004986 secs]
3.110: Total time for which application threads were stopped: 0.0006437 seconds, Stopping threads took: 0.0000301 seconds
3.170: [GC (Allocation Failure)  86242K->994K(427520K), 0.0006714 secs]
3.170: Total time for which application threads were stopped: 0.0007961 seconds, Stopping threads took: 0.0000217 seconds
3.231: [GC (Allocation Failure)  84962K->898K(426496K), 0.0005016 secs]
3.232: Total time for which application threads were stopped: 0.0006088 seconds, Stopping threads took: 0.0000201 seconds
3.288: [GC (Allocation Failure)  83330K->738K(424448K), 0.0005054 secs]
3.288: Total time for which application threads were stopped: 0.0006314 seconds, Stopping threads took: 0.0000179 seconds
3.348: [GC (Allocation Failure)  81634K->1058K(423424K), 0.0006599 secs]
3.348: Total time for which application threads were stopped: 0.0007623 seconds, Stopping threads took: 0.0000153 seconds
3.406: [GC (Allocation Failure)  80418K->994K(421888K), 0.0005935 secs]
3.407: Total time for which application threads were stopped: 0.0006986 seconds, Stopping threads took: 0.0000176 seconds
3.466: [GC (Allocation Failure)  79330K->1026K(421376K), 0.0007465 secs]
3.466: Total time for which application threads were stopped: 0.0008742 seconds, Stopping threads took: 0.0000334 seconds
3.521: [GC (Allocation Failure)  78338K->866K(419840K), 0.0007566 secs]
3.522: Total time for which application threads were stopped: 0.0008611 seconds, Stopping threads took: 0.0000112 seconds
3.573: [GC (Allocation Failure)  77154K->834K(419328K), 0.0005303 secs]
3.574: Total time for which application threads were stopped: 0.0006450 seconds, Stopping threads took: 0.0000150 seconds
3.625: [GC (Allocation Failure)  76098K->898K(435712K), 0.0006803 secs]
3.626: Total time for which application threads were stopped: 0.0007974 seconds, Stopping threads took: 0.0000194 seconds
3.688: [GC (Allocation Failure)  93058K->770K(434688K), 0.0004838 secs]
3.689: Total time for which application threads were stopped: 0.0006093 seconds, Stopping threads took: 0.0000183 seconds
3.750: [GC (Allocation Failure)  91394K->1122K(432640K), 0.0006624 secs]
3.751: Total time for which application threads were stopped: 0.0007805 seconds, Stopping threads took: 0.0000180 seconds
