Java HotSpot(TM) 64-Bit Server VM (25.171-b11) for linux-amd64 JRE (1.8.0_171-b11), built on Mar 28 2018 17:07:08 by "java_re" with gcc 4.3.0 20080428 (Red Hat 4.3.0-8)
Memory: 4k page, physical 32883000k(29643844k free), swap 8000508k(8000508k free)
CommandLine flags: -XX:InitialHeapSize=526128000 -XX:MaxHeapSize=8418048000 -XX:+PrintGC -XX:+PrintGCApplicationStoppedTime -XX:+PrintGCTimeStamps -XX:+UseCompressedClassPointers -XX:+UseCompressedOops -XX:+UseParallelGC 
0.373: [GC (Allocation Failure)  129024K->2497K(493056K), 0.0032363 secs]
0.376: Total time for which application threads were stopped: 0.0034109 seconds, Stopping threads took: 0.0000230 seconds
0.505: [GC (Allocation Failure)  131521K->1020K(493056K), 0.0016373 secs]
0.507: Total time for which application threads were stopped: 0.0017761 seconds, Stopping threads took: 0.0000233 seconds
0.608: [GC (Allocation Failure)  130044K->756K(493056K), 0.0008343 secs]
0.609: Total time for which application threads were stopped: 0.0009467 seconds, Stopping threads took: 0.0000251 seconds
0.700: [GC (Allocation Failure)  129780K->940K(493056K), 0.0011075 secs]
0.701: Total time for which application threads were stopped: 0.0012316 seconds, Stopping threads took: 0.0000271 seconds
0.787: [GC (Allocation Failure)  129964K->1044K(470016K), 0.0013453 secs]
0.788: Total time for which application threads were stopped: 0.0014592 seconds, Stopping threads took: 0.0000157 seconds
0.875: [GC (Allocation Failure)  126996K->820K(466944K), 0.0010942 secs]
0.876: Total time for which application threads were stopped: 0.0012262 seconds, Stopping threads took: 0.0000267 seconds
0.958: [GC (Allocation Failure)  123700K->1062K(463872K), 0.0011135 secs]
0.959: Total time for which application threads were stopped: 0.0012227 seconds, Stopping threads took: 0.0000150 seconds
1.043: [GC (Allocation Failure)  121382K->1094K(461312K), 0.0008280 secs]
1.044: Total time for which application threads were stopped: 0.0009539 seconds, Stopping threads took: 0.0000176 seconds
1.122: [GC (Allocation Failure)  118854K->870K(460800K), 0.0005051 secs]
1.123: Total time for which application threads were stopped: 0.0006309 seconds, Stopping threads took: 0.0000261 seconds
1.205: [GC (Allocation Failure)  116070K->774K(456192K), 0.0004987 secs]
1.206: Total time for which application threads were stopped: 0.0006476 seconds, Stopping threads took: 0.0000195 seconds
1.281: [GC (Allocation Failure)  113414K->870K(455680K), 0.0004976 secs]
1.281: Total time for which application threads were stopped: 0.0005957 seconds, Stopping threads took: 0.0000113 seconds
1.358: [GC (Allocation Failure)  110950K->742K(451584K), 0.0005821 secs]
1.359: Total time for which application threads were stopped: 0.0007000 seconds, Stopping threads took: 0.0000192 seconds
1.431: [GC (Allocation Failure)  108774K->966K(451584K), 0.0005475 secs]
1.432: Total time for which application threads were stopped: 0.0006476 seconds, Stopping threads took: 0.0000145 seconds
1.503: [GC (Allocation Failure)  106950K->998K(447488K), 0.0006462 secs]
1.503: Total time for which application threads were stopped: 0.0007415 seconds, Stopping threads took: 0.0000135 seconds
1.579: [GC (Allocation Failure)  104934K->998K(446976K), 0.0005583 secs]
1.580: Total time for which application threads were stopped: 0.0006763 seconds, Stopping threads took: 0.0000194 seconds
1.648: [GC (Allocation Failure)  102886K->838K(443392K), 0.0005769 secs]
1.648: Total time for which application threads were stopped: 0.0006751 seconds, Stopping threads took: 0.0000135 seconds
1.720: [GC (Allocation Failure)  100678K->998K(442880K), 0.0007905 secs]
1.721: Total time for which application threads were stopped: 0.0008876 seconds, Stopping threads took: 0.0000133 seconds
1.786: [GC (Allocation Failure)  98790K->1062K(439296K), 0.0006651 secs]
1.787: Total time for which application threads were stopped: 0.0007749 seconds, Stopping threads took: 0.0000183 seconds
1.851: [GC (Allocation Failure)  96806K->998K(439296K), 0.0006820 secs]
1.852: Total time for which application threads were stopped: 0.0007976 seconds, Stopping threads took: 0.0000194 seconds
1.920: [GC (Allocation Failure)  95206K->998K(436224K), 0.0007230 secs]
1.921: Total time for which application threads were stopped: 0.0008384 seconds, Stopping threads took: 0.0000141 seconds
1.984: [GC (Allocation Failure)  93670K->998K(435712K), 0.0006700 secs]
1.984: Total time for which application threads were stopped: 0.0008114 seconds, Stopping threads took: 0.0000224 seconds
2.048: [GC (Allocation Failure)  92134K->998K(433152K), 0.0007897 secs]
2.049: Total time for which application threads were stopped: 0.0009014 seconds, Stopping threads took: 0.0000157 seconds
2.113: [GC (Allocation Failure)  90598K->1030K(432640K), 0.0006066 secs]
2.114: Total time for which application threads were stopped: 0.0006948 seconds, Stopping threads took: 0.0000114 seconds
2.175: [GC (Allocation Failure)  89094K->710K(430080K), 0.0004584 secs]
2.175: Total time for which application threads were stopped: 0.0005759 seconds, Stopping threads took: 0.0000113 seconds
2.239: [GC (Allocation Failure)  87238K->742K(429568K), 0.0004895 secs]
2.240: Total time for which application threads were stopped: 0.0006264 seconds, Stopping threads took: 0.0000183 seconds
2.302: [GC (Allocation Failure)  85734K->902K(427008K), 0.0006465 secs]
2.303: Total time for which application threads were stopped: 0.0007811 seconds, Stopping threads took: 0.0000258 seconds
2.360: [GC (Allocation Failure)  84358K->1030K(426496K), 0.0007012 secs]
2.361: Total time for which application threads were stopped: 0.0009562 seconds, Stopping threads took: 0.0000216 seconds
2.415: [GC (Allocation Failure)  82950K->742K(423936K), 0.0005321 secs]
2.416: Total time for which application threads were stopped: 0.0006577 seconds, Stopping threads took: 0.0000182 seconds
2.469: [GC (Allocation Failure)  81126K->966K(423424K), 0.0005219 secs]
2.470: Total time for which application threads were stopped: 0.0006145 seconds, Stopping threads took: 0.0000134 seconds
2.522: [GC (Allocation Failure)  79814K->742K(421376K), 0.0005160 secs]
2.523: Total time for which application threads were stopped: 0.0006165 seconds, Stopping threads took: 0.0000188 seconds
2.575: [GC (Allocation Failure)  78566K->1094K(420864K), 0.0006336 secs]
2.575: Total time for which application threads were stopped: 0.0007571 seconds, Stopping threads took: 0.0000177 seconds
2.627: [GC (Allocation Failure)  77894K->742K(419328K), 0.0005115 secs]
2.627: Total time for which application threads were stopped: 0.0006172 seconds, Stopping threads took: 0.0000198 seconds
2.678: [GC (Allocation Failure)  76518K->998K(418816K), 0.0005555 secs]
2.679: Total time for which application threads were stopped: 0.0006500 seconds, Stopping threads took: 0.0000085 seconds
2.729: [GC (Allocation Failure)  75750K->998K(417280K), 0.0006936 secs]
2.730: Total time for which application threads were stopped: 0.0008250 seconds, Stopping threads took: 0.0000174 seconds
2.779: [GC (Allocation Failure)  74726K->742K(416768K), 0.0004159 secs]
2.779: Total time for which application threads were stopped: 0.0005427 seconds, Stopping threads took: 0.0000179 seconds
2.828: [GC (Allocation Failure)  73446K->998K(415232K), 0.0006191 secs]
2.828: Total time for which application threads were stopped: 0.0007138 seconds, Stopping threads took: 0.0000128 seconds
2.876: [GC (Allocation Failure)  72678K->1062K(433664K), 0.0007851 secs]
2.877: Total time for which application threads were stopped: 0.0009088 seconds, Stopping threads took: 0.0000134 seconds
2.937: [GC (Allocation Failure)  90662K->742K(455680K), 0.0006607 secs]
2.937: Total time for which application threads were stopped: 0.0008019 seconds, Stopping threads took: 0.0000176 seconds
3.019: [GC (Allocation Failure)  112870K->1094K(453632K), 0.0006607 secs]
3.020: Total time for which application threads were stopped: 0.0007856 seconds, Stopping threads took: 0.0000235 seconds
3.097: [GC (Allocation Failure)  110662K->838K(451072K), 0.0006080 secs]
3.098: Total time for which application threads were stopped: 0.0007273 seconds, Stopping threads took: 0.0000146 seconds
3.175: [GC (Allocation Failure)  108358K->870K(449536K), 0.0004934 secs]
3.175: Total time for which application threads were stopped: 0.0006044 seconds, Stopping threads took: 0.0000116 seconds
3.246: [GC (Allocation Failure)  106342K->838K(446976K), 0.0006380 secs]
3.246: Total time for which application threads were stopped: 0.0007526 seconds, Stopping threads took: 0.0000113 seconds
3.317: [GC (Allocation Failure)  104262K->1094K(445440K), 0.0006125 secs]
3.318: Total time for which application threads were stopped: 0.0007148 seconds, Stopping threads took: 0.0000140 seconds
3.385: [GC (Allocation Failure)  102470K->806K(442880K), 0.0006560 secs]
3.386: Total time for which application threads were stopped: 0.0007748 seconds, Stopping threads took: 0.0000188 seconds
3.452: [GC (Allocation Failure)  100134K->870K(441344K), 0.0005324 secs]
3.453: Total time for which application threads were stopped: 0.0006331 seconds, Stopping threads took: 0.0000148 seconds
3.517: [GC (Allocation Failure)  98150K->742K(438784K), 0.0006333 secs]
3.518: Total time for which application threads were stopped: 0.0007268 seconds, Stopping threads took: 0.0000135 seconds
3.588: [GC (Allocation Failure)  95974K->966K(437760K), 0.0005394 secs]
3.588: Total time for which application threads were stopped: 0.0006302 seconds, Stopping threads took: 0.0000196 seconds
3.651: [GC (Allocation Failure)  94662K->838K(435712K), 0.0006109 secs]
3.652: Total time for which application threads were stopped: 0.0007132 seconds, Stopping threads took: 0.0000101 seconds
3.713: [GC (Allocation Failure)  92998K->710K(434688K), 0.0004255 secs]
3.714: Total time for which application threads were stopped: 0.0005319 seconds, Stopping threads took: 0.0000140 seconds
