Java HotSpot(TM) 64-Bit Server VM (25.171-b11) for linux-amd64 JRE (1.8.0_171-b11), built on Mar 28 2018 17:07:08 by "java_re" with gcc 4.3.0 20080428 (Red Hat 4.3.0-8)
Memory: 4k page, physical 32883000k(29640632k free), swap 8000508k(8000508k free)
CommandLine flags: -XX:InitialHeapSize=526128000 -XX:MaxHeapSize=8418048000 -XX:+PrintGC -XX:+PrintGCApplicationStoppedTime -XX:+PrintGCTimeStamps -XX:+UseCompressedClassPointers -XX:+UseCompressedOops -XX:+UseParallelGC 
0.390: [GC (Allocation Failure)  129024K->2405K(493056K), 0.0020236 secs]
0.392: Total time for which application threads were stopped: 0.0022339 seconds, Stopping threads took: 0.0000244 seconds
0.481: [GC (Allocation Failure)  131429K->640K(493056K), 0.0011559 secs]
0.483: Total time for which application threads were stopped: 0.0013030 seconds, Stopping threads took: 0.0000214 seconds
0.568: [GC (Allocation Failure)  129664K->608K(493056K), 0.0008999 secs]
0.569: Total time for which application threads were stopped: 0.0010389 seconds, Stopping threads took: 0.0000298 seconds
0.655: [GC (Allocation Failure)  129632K->616K(493056K), 0.0008981 secs]
0.656: Total time for which application threads were stopped: 0.0010278 seconds, Stopping threads took: 0.0000200 seconds
0.737: [GC (Allocation Failure)  129640K->616K(470016K), 0.0009296 secs]
0.738: Total time for which application threads were stopped: 0.0010463 seconds, Stopping threads took: 0.0000270 seconds
0.822: [GC (Allocation Failure)  126568K->656K(466944K), 0.0011417 secs]
0.823: Total time for which application threads were stopped: 0.0012589 seconds, Stopping threads took: 0.0000195 seconds
0.900: [GC (Allocation Failure)  123536K->629K(463872K), 0.0010817 secs]
0.902: Total time for which application threads were stopped: 0.0012089 seconds, Stopping threads took: 0.0000275 seconds
0.980: [GC (Allocation Failure)  120949K->693K(461312K), 0.0006148 secs]
0.980: Total time for which application threads were stopped: 0.0007450 seconds, Stopping threads took: 0.0000208 seconds
1.061: [GC (Allocation Failure)  118453K->597K(460800K), 0.0005662 secs]
1.061: Total time for which application threads were stopped: 0.0006889 seconds, Stopping threads took: 0.0000290 seconds
1.133: [GC (Allocation Failure)  115797K->597K(456192K), 0.0005019 secs]
1.134: Total time for which application threads were stopped: 0.0006186 seconds, Stopping threads took: 0.0000281 seconds
1.206: [GC (Allocation Failure)  113237K->629K(455680K), 0.0005089 secs]
1.206: Total time for which application threads were stopped: 0.0006078 seconds, Stopping threads took: 0.0000165 seconds
1.276: [GC (Allocation Failure)  110709K->725K(451584K), 0.0005230 secs]
1.276: Total time for which application threads were stopped: 0.0006404 seconds, Stopping threads took: 0.0000267 seconds
1.344: [GC (Allocation Failure)  108757K->661K(451072K), 0.0005154 secs]
1.345: Total time for which application threads were stopped: 0.0006384 seconds, Stopping threads took: 0.0000215 seconds
1.411: [GC (Allocation Failure)  106645K->629K(447488K), 0.0005547 secs]
1.412: Total time for which application threads were stopped: 0.0006891 seconds, Stopping threads took: 0.0000198 seconds
1.483: [GC (Allocation Failure)  104565K->661K(446976K), 0.0004890 secs]
1.484: Total time for which application threads were stopped: 0.0006206 seconds, Stopping threads took: 0.0000291 seconds
1.548: [GC (Allocation Failure)  102549K->661K(443392K), 0.0005033 secs]
1.548: Total time for which application threads were stopped: 0.0006229 seconds, Stopping threads took: 0.0000270 seconds
1.615: [GC (Allocation Failure)  100501K->629K(442880K), 0.0003509 secs]
1.615: Total time for which application threads were stopped: 0.0004641 seconds, Stopping threads took: 0.0000256 seconds
1.681: [GC (Allocation Failure)  98421K->661K(439296K), 0.0004567 secs]
1.682: Total time for which application threads were stopped: 0.0005895 seconds, Stopping threads took: 0.0000341 seconds
1.742: [GC (Allocation Failure)  96405K->597K(438784K), 0.0005423 secs]
1.743: Total time for which application threads were stopped: 0.0006567 seconds, Stopping threads took: 0.0000204 seconds
1.802: [GC (Allocation Failure)  94805K->629K(436224K), 0.0005179 secs]
1.803: Total time for which application threads were stopped: 0.0006559 seconds, Stopping threads took: 0.0000198 seconds
1.867: [GC (Allocation Failure)  93301K->661K(435712K), 0.0005286 secs]
1.868: Total time for which application threads were stopped: 0.0006701 seconds, Stopping threads took: 0.0000232 seconds
1.926: [GC (Allocation Failure)  91797K->661K(433152K), 0.0004792 secs]
1.927: Total time for which application threads were stopped: 0.0005762 seconds, Stopping threads took: 0.0000171 seconds
1.983: [GC (Allocation Failure)  90261K->629K(432640K), 0.0004600 secs]
1.984: Total time for which application threads were stopped: 0.0005686 seconds, Stopping threads took: 0.0000262 seconds
2.039: [GC (Allocation Failure)  88693K->629K(430080K), 0.0004558 secs]
2.039: Total time for which application threads were stopped: 0.0005565 seconds, Stopping threads took: 0.0000175 seconds
2.094: [GC (Allocation Failure)  87157K->629K(429568K), 0.0005060 secs]
2.094: Total time for which application threads were stopped: 0.0006226 seconds, Stopping threads took: 0.0000188 seconds
2.148: [GC (Allocation Failure)  85621K->661K(427008K), 0.0005692 secs]
2.149: Total time for which application threads were stopped: 0.0007012 seconds, Stopping threads took: 0.0000207 seconds
2.202: [GC (Allocation Failure)  84117K->597K(425984K), 0.0004818 secs]
2.202: Total time for which application threads were stopped: 0.0006125 seconds, Stopping threads took: 0.0000203 seconds
2.254: [GC (Allocation Failure)  82517K->661K(423936K), 0.0005732 secs]
2.254: Total time for which application threads were stopped: 0.0007081 seconds, Stopping threads took: 0.0000197 seconds
2.311: [GC (Allocation Failure)  81045K->597K(422912K), 0.0004672 secs]
2.311: Total time for which application threads were stopped: 0.0005936 seconds, Stopping threads took: 0.0000235 seconds
2.361: [GC (Allocation Failure)  79445K->629K(421376K), 0.0004946 secs]
2.362: Total time for which application threads were stopped: 0.0006183 seconds, Stopping threads took: 0.0000165 seconds
2.411: [GC (Allocation Failure)  78453K->629K(420864K), 0.0006204 secs]
2.412: Total time for which application threads were stopped: 0.0007374 seconds, Stopping threads took: 0.0000202 seconds
2.461: [GC (Allocation Failure)  77429K->661K(419328K), 0.0005622 secs]
2.461: Total time for which application threads were stopped: 0.0006968 seconds, Stopping threads took: 0.0000206 seconds
2.509: [GC (Allocation Failure)  76437K->661K(418816K), 0.0005295 secs]
2.510: Total time for which application threads were stopped: 0.0006620 seconds, Stopping threads took: 0.0000220 seconds
2.557: [GC (Allocation Failure)  75413K->693K(417280K), 0.0005290 secs]
2.558: Total time for which application threads were stopped: 0.0006569 seconds, Stopping threads took: 0.0000216 seconds
2.610: [GC (Allocation Failure)  74421K->629K(416768K), 0.0004691 secs]
2.610: Total time for which application threads were stopped: 0.0006109 seconds, Stopping threads took: 0.0000271 seconds
2.662: [GC (Allocation Failure)  73333K->629K(415232K), 0.0006192 secs]
2.662: Total time for which application threads were stopped: 0.0007231 seconds, Stopping threads took: 0.0000172 seconds
2.713: [GC (Allocation Failure)  72309K->661K(414208K), 0.0004834 secs]
2.713: Total time for which application threads were stopped: 0.0006070 seconds, Stopping threads took: 0.0000193 seconds
2.758: [GC (Allocation Failure)  71317K->661K(413184K), 0.0006080 secs]
2.759: Total time for which application threads were stopped: 0.0007440 seconds, Stopping threads took: 0.0000185 seconds
2.808: [GC (Allocation Failure)  70293K->597K(412160K), 0.0004951 secs]
2.809: Total time for which application threads were stopped: 0.0006263 seconds, Stopping threads took: 0.0000213 seconds
2.852: [GC (Allocation Failure)  69205K->629K(411136K), 0.0005011 secs]
2.852: Total time for which application threads were stopped: 0.0006176 seconds, Stopping threads took: 0.0000194 seconds
2.895: [GC (Allocation Failure)  68213K->597K(410112K), 0.0005246 secs]
2.896: Total time for which application threads were stopped: 0.0006392 seconds, Stopping threads took: 0.0000241 seconds
2.939: [GC (Allocation Failure)  67157K->629K(409088K), 0.0004872 secs]
2.940: Total time for which application threads were stopped: 0.0006323 seconds, Stopping threads took: 0.0000212 seconds
2.981: [GC (Allocation Failure)  66165K->661K(408064K), 0.0005009 secs]
2.981: Total time for which application threads were stopped: 0.0006342 seconds, Stopping threads took: 0.0000284 seconds
3.022: [GC (Allocation Failure)  65173K->629K(407040K), 0.0005125 secs]
3.022: Total time for which application threads were stopped: 0.0006524 seconds, Stopping threads took: 0.0000208 seconds
3.067: [GC (Allocation Failure)  64117K->661K(406016K), 0.0005132 secs]
3.068: Total time for which application threads were stopped: 0.0006211 seconds, Stopping threads took: 0.0000173 seconds
3.107: [GC (Allocation Failure)  63125K->701K(419840K), 0.0006962 secs]
3.108: Total time for which application threads were stopped: 0.0008376 seconds, Stopping threads took: 0.0000258 seconds
3.161: [GC (Allocation Failure)  76989K->605K(436736K), 0.0006223 secs]
3.162: Total time for which application threads were stopped: 0.0007497 seconds, Stopping threads took: 0.0000209 seconds
3.226: [GC (Allocation Failure)  93789K->701K(435200K), 0.0003949 secs]
3.226: Total time for which application threads were stopped: 0.0005003 seconds, Stopping threads took: 0.0000173 seconds
3.284: [GC (Allocation Failure)  92349K->637K(433664K), 0.0005452 secs]
3.284: Total time for which application threads were stopped: 0.0006532 seconds, Stopping threads took: 0.0000167 seconds
3.344: [GC (Allocation Failure)  90749K->669K(432128K), 0.0004826 secs]
3.345: Total time for which application threads were stopped: 0.0005980 seconds, Stopping threads took: 0.0000191 seconds
3.400: [GC (Allocation Failure)  89245K->605K(430592K), 0.0004667 secs]
3.401: Total time for which application threads were stopped: 0.0005919 seconds, Stopping threads took: 0.0000274 seconds
3.462: [GC (Allocation Failure)  87645K->637K(429056K), 0.0004622 secs]
3.462: Total time for which application threads were stopped: 0.0005823 seconds, Stopping threads took: 0.0000259 seconds
3.521: [GC (Allocation Failure)  86141K->637K(427520K), 0.0005476 secs]
3.522: Total time for which application threads were stopped: 0.0006686 seconds, Stopping threads took: 0.0000190 seconds
3.578: [GC (Allocation Failure)  84605K->669K(425984K), 0.0007035 secs]
3.578: Total time for which application threads were stopped: 0.0008509 seconds, Stopping threads took: 0.0000268 seconds
3.636: [GC (Allocation Failure)  83101K->637K(424448K), 0.0004352 secs]
3.636: Total time for which application threads were stopped: 0.0005492 seconds, Stopping threads took: 0.0000254 seconds
3.687: [GC (Allocation Failure)  81533K->605K(422912K), 0.0006144 secs]
3.688: Total time for which application threads were stopped: 0.0007318 seconds, Stopping threads took: 0.0000192 seconds
3.738: [GC (Allocation Failure)  79965K->573K(421888K), 0.0004408 secs]
3.738: Total time for which application threads were stopped: 0.0005603 seconds, Stopping threads took: 0.0000280 seconds
3.793: [GC (Allocation Failure)  78909K->733K(420864K), 0.0005517 secs]
3.793: Total time for which application threads were stopped: 0.0006448 seconds, Stopping threads took: 0.0000162 seconds
3.848: [GC (Allocation Failure)  78045K->637K(419840K), 0.0004508 secs]
3.848: Total time for which application threads were stopped: 0.0005622 seconds, Stopping threads took: 0.0000162 seconds
3.897: [GC (Allocation Failure)  76925K->605K(435200K), 0.0025794 secs]
3.899: Total time for which application threads were stopped: 0.0027004 seconds, Stopping threads took: 0.0000193 seconds
3.957: [GC (Allocation Failure)  92253K->669K(453632K), 0.0004504 secs]
3.958: Total time for which application threads were stopped: 0.0005626 seconds, Stopping threads took: 0.0000183 seconds
4.032: [GC (Allocation Failure)  110749K->669K(475648K), 0.0004164 secs]
4.032: Total time for which application threads were stopped: 0.0005225 seconds, Stopping threads took: 0.0000169 seconds
4.053: Total time for which application threads were stopped: 0.0001275 seconds, Stopping threads took: 0.0000576 seconds
4.115: [GC (Allocation Failure)  132765K->637K(475648K), 0.0005617 secs]
4.116: Total time for which application threads were stopped: 0.0006973 seconds, Stopping threads took: 0.0000267 seconds
4.202: [GC (Allocation Failure)  132733K->669K(472576K), 0.0004980 secs]
4.203: Total time for which application threads were stopped: 0.0006177 seconds, Stopping threads took: 0.0000204 seconds
4.284: [GC (Allocation Failure)  129693K->605K(469504K), 0.0005980 secs]
4.284: Total time for which application threads were stopped: 0.0007295 seconds, Stopping threads took: 0.0000204 seconds
4.369: [GC (Allocation Failure)  126557K->669K(466432K), 0.0004668 secs]
4.369: Total time for which application threads were stopped: 0.0005896 seconds, Stopping threads took: 0.0000205 seconds
4.451: [GC (Allocation Failure)  123549K->669K(463872K), 0.0005681 secs]
4.451: Total time for which application threads were stopped: 0.0006860 seconds, Stopping threads took: 0.0000191 seconds
4.526: [GC (Allocation Failure)  120989K->605K(461312K), 0.0006554 secs]
4.527: Total time for which application threads were stopped: 0.0007809 seconds, Stopping threads took: 0.0000195 seconds
4.608: [GC (Allocation Failure)  118365K->605K(458752K), 0.0006530 secs]
4.608: Total time for which application threads were stopped: 0.0007782 seconds, Stopping threads took: 0.0000277 seconds
4.686: [GC (Allocation Failure)  115805K->669K(456192K), 0.0006166 secs]
4.686: Total time for which application threads were stopped: 0.0007622 seconds, Stopping threads took: 0.0000273 seconds
4.757: [GC (Allocation Failure)  113309K->637K(453632K), 0.0004713 secs]
4.757: Total time for which application threads were stopped: 0.0006008 seconds, Stopping threads took: 0.0000283 seconds
4.826: [GC (Allocation Failure)  110717K->669K(451584K), 0.0005128 secs]
4.827: Total time for which application threads were stopped: 0.0006541 seconds, Stopping threads took: 0.0000298 seconds
4.894: [GC (Allocation Failure)  108701K->669K(449536K), 0.0006639 secs]
4.895: Total time for which application threads were stopped: 0.0007877 seconds, Stopping threads took: 0.0000264 seconds
4.964: [GC (Allocation Failure)  106653K->605K(447488K), 0.0004883 secs]
4.964: Total time for which application threads were stopped: 0.0006113 seconds, Stopping threads took: 0.0000189 seconds
5.030: [GC (Allocation Failure)  104541K->669K(445440K), 0.0004781 secs]
5.030: Total time for which application threads were stopped: 0.0006161 seconds, Stopping threads took: 0.0000212 seconds
5.099: [GC (Allocation Failure)  102557K->733K(443392K), 0.0005262 secs]
5.099: Total time for which application threads were stopped: 0.0006655 seconds, Stopping threads took: 0.0000214 seconds
5.162: [GC (Allocation Failure)  100573K->637K(441344K), 0.0004322 secs]
5.163: Total time for which application threads were stopped: 0.0005582 seconds, Stopping threads took: 0.0000278 seconds
5.224: [GC (Allocation Failure)  98429K->669K(439296K), 0.0004747 secs]
5.225: Total time for which application threads were stopped: 0.0006086 seconds, Stopping threads took: 0.0000191 seconds
5.291: [GC (Allocation Failure)  96413K->637K(437760K), 0.0004948 secs]
5.291: Total time for which application threads were stopped: 0.0006123 seconds, Stopping threads took: 0.0000195 seconds
5.357: [GC (Allocation Failure)  94845K->637K(436224K), 0.0005349 secs]
5.357: Total time for which application threads were stopped: 0.0006756 seconds, Stopping threads took: 0.0000213 seconds
5.416: [GC (Allocation Failure)  93309K->637K(434688K), 0.0004862 secs]
5.416: Total time for which application threads were stopped: 0.0006369 seconds, Stopping threads took: 0.0000290 seconds
5.478: [GC (Allocation Failure)  91773K->701K(433152K), 0.0005198 secs]
5.479: Total time for which application threads were stopped: 0.0006774 seconds, Stopping threads took: 0.0000214 seconds
5.535: [GC (Allocation Failure)  90301K->637K(431616K), 0.0005078 secs]
5.535: Total time for which application threads were stopped: 0.0006486 seconds, Stopping threads took: 0.0000210 seconds
5.590: [GC (Allocation Failure)  88701K->637K(430080K), 0.0005494 secs]
5.591: Total time for which application threads were stopped: 0.0006761 seconds, Stopping threads took: 0.0000215 seconds
5.646: [GC (Allocation Failure)  87165K->637K(428544K), 0.0004706 secs]
5.646: Total time for which application threads were stopped: 0.0005969 seconds, Stopping threads took: 0.0000281 seconds
5.705: [GC (Allocation Failure)  85629K->637K(427008K), 0.0004641 secs]
5.706: Total time for which application threads were stopped: 0.0005813 seconds, Stopping threads took: 0.0000197 seconds
5.758: [GC (Allocation Failure)  84093K->669K(425472K), 0.0005050 secs]
5.759: Total time for which application threads were stopped: 0.0006274 seconds, Stopping threads took: 0.0000263 seconds
5.810: [GC (Allocation Failure)  82589K->605K(423936K), 0.0006073 secs]
5.811: Total time for which application threads were stopped: 0.0007245 seconds, Stopping threads took: 0.0000188 seconds
5.866: [GC (Allocation Failure)  80989K->637K(422400K), 0.0004883 secs]
5.867: Total time for which application threads were stopped: 0.0006226 seconds, Stopping threads took: 0.0000291 seconds
5.920: [GC (Allocation Failure)  79485K->701K(421376K), 0.0005998 secs]
5.921: Total time for which application threads were stopped: 0.0007197 seconds, Stopping threads took: 0.0000257 seconds
5.970: [GC (Allocation Failure)  78525K->605K(420352K), 0.0005022 secs]
5.970: Total time for which application threads were stopped: 0.0006316 seconds, Stopping threads took: 0.0000208 seconds
6.022: [GC (Allocation Failure)  77405K->669K(419328K), 0.0005659 secs]
6.023: Total time for which application threads were stopped: 0.0006860 seconds, Stopping threads took: 0.0000208 seconds
6.076: [GC (Allocation Failure)  76445K->605K(418304K), 0.0005126 secs]
6.076: Total time for which application threads were stopped: 0.0006555 seconds, Stopping threads took: 0.0000202 seconds
6.123: [GC (Allocation Failure)  75357K->637K(417280K), 0.0004552 secs]
6.124: Total time for which application threads were stopped: 0.0005694 seconds, Stopping threads took: 0.0000260 seconds
6.170: [GC (Allocation Failure)  74365K->701K(416256K), 0.0005158 secs]
6.171: Total time for which application threads were stopped: 0.0006457 seconds, Stopping threads took: 0.0000195 seconds
6.217: [GC (Allocation Failure)  73405K->701K(415232K), 0.0004260 secs]
6.217: Total time for which application threads were stopped: 0.0005532 seconds, Stopping threads took: 0.0000267 seconds
6.268: [GC (Allocation Failure)  72381K->669K(414208K), 0.0006507 secs]
6.268: Total time for which application threads were stopped: 0.0007912 seconds, Stopping threads took: 0.0000427 seconds
6.313: [GC (Allocation Failure)  71325K->701K(413184K), 0.0005759 secs]
6.313: Total time for which application threads were stopped: 0.0007054 seconds, Stopping threads took: 0.0000182 seconds
6.357: [GC (Allocation Failure)  70333K->669K(412160K), 0.0004984 secs]
6.358: Total time for which application threads were stopped: 0.0006180 seconds, Stopping threads took: 0.0000215 seconds
6.404: [GC (Allocation Failure)  69277K->701K(411136K), 0.0004842 secs]
6.404: Total time for which application threads were stopped: 0.0006091 seconds, Stopping threads took: 0.0000193 seconds
6.447: [GC (Allocation Failure)  68285K->605K(424960K), 0.0007217 secs]
6.448: Total time for which application threads were stopped: 0.0008538 seconds, Stopping threads took: 0.0000208 seconds
6.499: [GC (Allocation Failure)  82013K->605K(441344K), 0.0005064 secs]
6.500: Total time for which application threads were stopped: 0.0006575 seconds, Stopping threads took: 0.0000221 seconds
6.561: [GC (Allocation Failure)  98397K->605K(439296K), 0.0004506 secs]
6.562: Total time for which application threads were stopped: 0.0006076 seconds, Stopping threads took: 0.0000207 seconds
6.626: [GC (Allocation Failure)  96349K->701K(437760K), 0.0004506 secs]
6.627: Total time for which application threads were stopped: 0.0005741 seconds, Stopping threads took: 0.0000259 seconds
6.690: [GC (Allocation Failure)  94909K->669K(436224K), 0.0004637 secs]
6.690: Total time for which application threads were stopped: 0.0005731 seconds, Stopping threads took: 0.0000187 seconds
6.752: [GC (Allocation Failure)  93341K->637K(434688K), 0.0004699 secs]
6.753: Total time for which application threads were stopped: 0.0006001 seconds, Stopping threads took: 0.0000271 seconds
6.815: [GC (Allocation Failure)  91773K->605K(433152K), 0.0004619 secs]
6.816: Total time for which application threads were stopped: 0.0005763 seconds, Stopping threads took: 0.0000264 seconds
6.876: [GC (Allocation Failure)  90205K->605K(431616K), 0.0005543 secs]
6.877: Total time for which application threads were stopped: 0.0006583 seconds, Stopping threads took: 0.0000171 seconds
6.933: [GC (Allocation Failure)  88669K->637K(430080K), 0.0004725 secs]
6.933: Total time for which application threads were stopped: 0.0005896 seconds, Stopping threads took: 0.0000195 seconds
6.991: [GC (Allocation Failure)  87165K->605K(428544K), 0.0007010 secs]
6.992: Total time for which application threads were stopped: 0.0008281 seconds, Stopping threads took: 0.0000206 seconds
7.045: [GC (Allocation Failure)  85597K->669K(427008K), 0.0004888 secs]
7.046: Total time for which application threads were stopped: 0.0006466 seconds, Stopping threads took: 0.0000305 seconds
7.098: [GC (Allocation Failure)  84125K->669K(425472K), 0.0004970 secs]
7.099: Total time for which application threads were stopped: 0.0006477 seconds, Stopping threads took: 0.0000313 seconds
7.151: [GC (Allocation Failure)  82589K->637K(423936K), 0.0005330 secs]
7.152: Total time for which application threads were stopped: 0.0006883 seconds, Stopping threads took: 0.0000285 seconds
7.208: [GC (Allocation Failure)  81021K->701K(422400K), 0.0007809 secs]
7.208: Total time for which application threads were stopped: 0.0009307 seconds, Stopping threads took: 0.0000276 seconds
7.261: [GC (Allocation Failure)  79549K->637K(421376K), 0.0005171 secs]
7.262: Total time for which application threads were stopped: 0.0006641 seconds, Stopping threads took: 0.0000216 seconds
7.310: [GC (Allocation Failure)  78461K->669K(420352K), 0.0004446 secs]
7.311: Total time for which application threads were stopped: 0.0005712 seconds, Stopping threads took: 0.0000274 seconds
7.359: [GC (Allocation Failure)  77469K->669K(419328K), 0.0004652 secs]
7.360: Total time for which application threads were stopped: 0.0006091 seconds, Stopping threads took: 0.0000217 seconds
7.413: [GC (Allocation Failure)  76445K->669K(418304K), 0.0005336 secs]
7.414: Total time for which application threads were stopped: 0.0006867 seconds, Stopping threads took: 0.0000283 seconds
7.461: [GC (Allocation Failure)  75421K->669K(417280K), 0.0005259 secs]
7.462: Total time for which application threads were stopped: 0.0006782 seconds, Stopping threads took: 0.0000291 seconds
7.508: [GC (Allocation Failure)  74397K->669K(416256K), 0.0005217 secs]
7.509: Total time for which application threads were stopped: 0.0006643 seconds, Stopping threads took: 0.0000223 seconds
7.555: [GC (Allocation Failure)  73373K->637K(415232K), 0.0005315 secs]
7.555: Total time for which application threads were stopped: 0.0006886 seconds, Stopping threads took: 0.0000302 seconds
7.605: [GC (Allocation Failure)  72317K->637K(414208K), 0.0005759 secs]
7.606: Total time for which application threads were stopped: 0.0007270 seconds, Stopping threads took: 0.0000232 seconds
7.655: [GC (Allocation Failure)  71293K->637K(413184K), 0.0005072 secs]
7.656: Total time for which application threads were stopped: 0.0006278 seconds, Stopping threads took: 0.0000195 seconds
7.706: [GC (Allocation Failure)  70269K->733K(412160K), 0.0006153 secs]
7.706: Total time for which application threads were stopped: 0.0007325 seconds, Stopping threads took: 0.0000166 seconds
7.753: [GC (Allocation Failure)  69341K->669K(411136K), 0.0005402 secs]
7.754: Total time for which application threads were stopped: 0.0006743 seconds, Stopping threads took: 0.0000211 seconds
7.796: [GC (Allocation Failure)  68253K->637K(410112K), 0.0005280 secs]
7.797: Total time for which application threads were stopped: 0.0006776 seconds, Stopping threads took: 0.0000298 seconds
7.844: [GC (Allocation Failure)  67197K->605K(409088K), 0.0005973 secs]
7.845: Total time for which application threads were stopped: 0.0007372 seconds, Stopping threads took: 0.0000214 seconds
7.886: [GC (Allocation Failure)  66141K->669K(422400K), 0.0005167 secs]
7.887: Total time for which application threads were stopped: 0.0006670 seconds, Stopping threads took: 0.0000235 seconds
7.937: [GC (Allocation Failure)  79517K->669K(421376K), 0.0004759 secs]
7.937: Total time for which application threads were stopped: 0.0006182 seconds, Stopping threads took: 0.0000279 seconds
7.989: [GC (Allocation Failure)  78493K->637K(420352K), 0.0004991 secs]
7.990: Total time for which application threads were stopped: 0.0006372 seconds, Stopping threads took: 0.0000227 seconds
8.038: [GC (Allocation Failure)  77437K->637K(419328K), 0.0005405 secs]
8.039: Total time for which application threads were stopped: 0.0006862 seconds, Stopping threads took: 0.0000223 seconds
8.086: [GC (Allocation Failure)  76413K->669K(434688K), 0.0006933 secs]
8.087: Total time for which application threads were stopped: 0.0008534 seconds, Stopping threads took: 0.0000219 seconds
8.152: [GC (Allocation Failure)  91805K->701K(433152K), 0.0005179 secs]
8.153: Total time for which application threads were stopped: 0.0006518 seconds, Stopping threads took: 0.0000254 seconds
8.209: [GC (Allocation Failure)  90301K->669K(431616K), 0.0004422 secs]
8.209: Total time for which application threads were stopped: 0.0005560 seconds, Stopping threads took: 0.0000254 seconds
8.265: [GC (Allocation Failure)  88733K->637K(430080K), 0.0004923 secs]
8.266: Total time for which application threads were stopped: 0.0006101 seconds, Stopping threads took: 0.0000194 seconds
8.320: [GC (Allocation Failure)  87165K->637K(428544K), 0.0005069 secs]
8.321: Total time for which application threads were stopped: 0.0006472 seconds, Stopping threads took: 0.0000206 seconds
8.374: [GC (Allocation Failure)  85629K->701K(427008K), 0.0004761 secs]
8.375: Total time for which application threads were stopped: 0.0005986 seconds, Stopping threads took: 0.0000220 seconds
8.432: [GC (Allocation Failure)  84157K->637K(425472K), 0.0004845 secs]
8.433: Total time for which application threads were stopped: 0.0006109 seconds, Stopping threads took: 0.0000272 seconds
8.484: [GC (Allocation Failure)  82557K->637K(423936K), 0.0004594 secs]
8.485: Total time for which application threads were stopped: 0.0005839 seconds, Stopping threads took: 0.0000276 seconds
8.535: [GC (Allocation Failure)  81021K->637K(422400K), 0.0005023 secs]
8.536: Total time for which application threads were stopped: 0.0006266 seconds, Stopping threads took: 0.0000270 seconds
8.585: [GC (Allocation Failure)  79485K->701K(421376K), 0.0005052 secs]
8.586: Total time for which application threads were stopped: 0.0006335 seconds, Stopping threads took: 0.0000192 seconds
8.641: [GC (Allocation Failure)  78525K->637K(420352K), 0.0004571 secs]
8.642: Total time for which application threads were stopped: 0.0005776 seconds, Stopping threads took: 0.0000196 seconds
8.690: [GC (Allocation Failure)  77437K->669K(419328K), 0.0005166 secs]
8.691: Total time for which application threads were stopped: 0.0006465 seconds, Stopping threads took: 0.0000207 seconds
8.738: [GC (Allocation Failure)  76445K->669K(418304K), 0.0005071 secs]
8.739: Total time for which application threads were stopped: 0.0006273 seconds, Stopping threads took: 0.0000191 seconds
8.786: [GC (Allocation Failure)  75421K->669K(417280K), 0.0004912 secs]
8.786: Total time for which application threads were stopped: 0.0006164 seconds, Stopping threads took: 0.0000206 seconds
8.838: [GC (Allocation Failure)  74397K->669K(416256K), 0.0004780 secs]
8.838: Total time for which application threads were stopped: 0.0005992 seconds, Stopping threads took: 0.0000202 seconds
8.884: [GC (Allocation Failure)  73373K->701K(415232K), 0.0004807 secs]
8.884: Total time for which application threads were stopped: 0.0006078 seconds, Stopping threads took: 0.0000278 seconds
8.930: [GC (Allocation Failure)  72381K->637K(414208K), 0.0006560 secs]
8.931: Total time for which application threads were stopped: 0.0007961 seconds, Stopping threads took: 0.0000272 seconds
8.981: [GC (Allocation Failure)  71293K->637K(413184K), 0.0004831 secs]
8.982: Total time for which application threads were stopped: 0.0006063 seconds, Stopping threads took: 0.0000267 seconds
9.030: [GC (Allocation Failure)  70269K->669K(412160K), 0.0006016 secs]
9.031: Total time for which application threads were stopped: 0.0007240 seconds, Stopping threads took: 0.0000195 seconds
9.074: [GC (Allocation Failure)  69277K->669K(411136K), 0.0004855 secs]
9.074: Total time for which application threads were stopped: 0.0005993 seconds, Stopping threads took: 0.0000186 seconds
9.121: [GC (Allocation Failure)  68253K->637K(410112K), 0.0005787 secs]
9.121: Total time for which application threads were stopped: 0.0007045 seconds, Stopping threads took: 0.0000256 seconds
9.169: [GC (Allocation Failure)  67197K->605K(409088K), 0.0005926 secs]
9.170: Total time for which application threads were stopped: 0.0007182 seconds, Stopping threads took: 0.0000268 seconds
9.217: [GC (Allocation Failure)  66141K->637K(408064K), 0.0005431 secs]
9.217: Total time for which application threads were stopped: 0.0006727 seconds, Stopping threads took: 0.0000276 seconds
9.258: [GC (Allocation Failure)  65149K->637K(407040K), 0.0004845 secs]
9.258: Total time for which application threads were stopped: 0.0006025 seconds, Stopping threads took: 0.0000194 seconds
9.298: [GC (Allocation Failure)  64125K->605K(419840K), 0.0044916 secs]
9.303: Total time for which application threads were stopped: 0.0046146 seconds, Stopping threads took: 0.0000266 seconds
9.351: [GC (Allocation Failure)  76893K->669K(435200K), 0.0004698 secs]
9.351: Total time for which application threads were stopped: 0.0005974 seconds, Stopping threads took: 0.0000276 seconds
9.409: [GC (Allocation Failure)  92317K->669K(453632K), 0.0004131 secs]
9.409: Total time for which application threads were stopped: 0.0005302 seconds, Stopping threads took: 0.0000186 seconds
9.478: [GC (Allocation Failure)  110749K->733K(475648K), 0.0005208 secs]
9.479: Total time for which application threads were stopped: 0.0006480 seconds, Stopping threads took: 0.0000198 seconds
9.561: [GC (Allocation Failure)  132829K->605K(502272K), 0.0005056 secs]
9.562: Total time for which application threads were stopped: 0.0006470 seconds, Stopping threads took: 0.0000210 seconds
9.675: [GC (Allocation Failure)  159325K->637K(502272K), 0.0006190 secs]
9.676: Total time for which application threads were stopped: 0.0007411 seconds, Stopping threads took: 0.0000162 seconds
9.781: [GC (Allocation Failure)  159357K->637K(534016K), 0.0005641 secs]
9.782: Total time for which application threads were stopped: 0.0007055 seconds, Stopping threads took: 0.0000287 seconds
9.908: [GC (Allocation Failure)  191101K->669K(528384K), 0.0004844 secs]
9.909: Total time for which application threads were stopped: 0.0006011 seconds, Stopping threads took: 0.0000138 seconds
10.024: [GC (Allocation Failure)  185501K->669K(523264K), 0.0004885 secs]
10.024: Total time for which application threads were stopped: 0.0006391 seconds, Stopping threads took: 0.0000288 seconds
10.137: [GC (Allocation Failure)  180381K->605K(518144K), 0.0012355 secs]
10.138: Total time for which application threads were stopped: 0.0013563 seconds, Stopping threads took: 0.0000197 seconds
10.249: [GC (Allocation Failure)  175197K->669K(513536K), 0.0004598 secs]
10.250: Total time for which application threads were stopped: 0.0005839 seconds, Stopping threads took: 0.0000271 seconds
10.355: [GC (Allocation Failure)  170653K->637K(508928K), 0.0006111 secs]
10.356: Total time for which application threads were stopped: 0.0007273 seconds, Stopping threads took: 0.0000193 seconds
10.465: [GC (Allocation Failure)  166013K->605K(504320K), 0.0004233 secs]
10.465: Total time for which application threads were stopped: 0.0005376 seconds, Stopping threads took: 0.0000186 seconds
10.565: [GC (Allocation Failure)  161373K->637K(500224K), 0.0004511 secs]
10.566: Total time for which application threads were stopped: 0.0005681 seconds, Stopping threads took: 0.0000192 seconds
10.663: [GC (Allocation Failure)  157309K->637K(496128K), 0.0007062 secs]
10.664: Total time for which application threads were stopped: 0.0008367 seconds, Stopping threads took: 0.0000277 seconds
10.765: [GC (Allocation Failure)  153213K->669K(492032K), 0.0004903 secs]
10.765: Total time for which application threads were stopped: 0.0006098 seconds, Stopping threads took: 0.0000187 seconds
10.858: [GC (Allocation Failure)  149149K->605K(488448K), 0.0005433 secs]
10.858: Total time for which application threads were stopped: 0.0006853 seconds, Stopping threads took: 0.0000207 seconds
10.950: [GC (Allocation Failure)  145501K->701K(484864K), 0.0005078 secs]
10.950: Total time for which application threads were stopped: 0.0006090 seconds, Stopping threads took: 0.0000178 seconds
11.042: [GC (Allocation Failure)  142013K->605K(481280K), 0.0005355 secs]
11.042: Total time for which application threads were stopped: 0.0006522 seconds, Stopping threads took: 0.0000203 seconds
11.134: [GC (Allocation Failure)  138333K->605K(478208K), 0.0005412 secs]
11.134: Total time for which application threads were stopped: 0.0006681 seconds, Stopping threads took: 0.0000268 seconds
11.218: [GC (Allocation Failure)  135261K->701K(475136K), 0.0005345 secs]
11.219: Total time for which application threads were stopped: 0.0006533 seconds, Stopping threads took: 0.0000191 seconds
11.308: [GC (Allocation Failure)  132285K->669K(472064K), 0.0005024 secs]
11.308: Total time for which application threads were stopped: 0.0006296 seconds, Stopping threads took: 0.0000190 seconds
11.388: [GC (Allocation Failure)  129181K->605K(468992K), 0.0005125 secs]
11.389: Total time for which application threads were stopped: 0.0006578 seconds, Stopping threads took: 0.0000218 seconds
11.473: [GC (Allocation Failure)  126045K->637K(465920K), 0.0005375 secs]
11.474: Total time for which application threads were stopped: 0.0006870 seconds, Stopping threads took: 0.0000227 seconds
11.555: [GC (Allocation Failure)  123005K->669K(463360K), 0.0004632 secs]
11.556: Total time for which application threads were stopped: 0.0006035 seconds, Stopping threads took: 0.0000222 seconds
11.636: [GC (Allocation Failure)  120477K->637K(460800K), 0.0003726 secs]
11.637: Total time for which application threads were stopped: 0.0004874 seconds, Stopping threads took: 0.0000251 seconds
11.710: [GC (Allocation Failure)  117885K->701K(458240K), 0.0005004 secs]
11.710: Total time for which application threads were stopped: 0.0006268 seconds, Stopping threads took: 0.0000263 seconds
11.782: [GC (Allocation Failure)  115389K->669K(455680K), 0.0005585 secs]
11.783: Total time for which application threads were stopped: 0.0006782 seconds, Stopping threads took: 0.0000196 seconds
11.853: [GC (Allocation Failure)  112797K->637K(453120K), 0.0005419 secs]
11.854: Total time for which application threads were stopped: 0.0006627 seconds, Stopping threads took: 0.0000203 seconds
11.929: [GC (Allocation Failure)  110205K->605K(451072K), 0.0004910 secs]
11.930: Total time for which application threads were stopped: 0.0006178 seconds, Stopping threads took: 0.0000271 seconds
11.997: [GC (Allocation Failure)  108125K->669K(449024K), 0.0005049 secs]
11.997: Total time for which application threads were stopped: 0.0007493 seconds, Stopping threads took: 0.0000192 seconds
12.069: [GC (Allocation Failure)  106141K->637K(446976K), 0.0005072 secs]
12.069: Total time for which application threads were stopped: 0.0006259 seconds, Stopping threads took: 0.0000167 seconds
12.135: [GC (Allocation Failure)  104061K->701K(444928K), 0.0004454 secs]
12.135: Total time for which application threads were stopped: 0.0005709 seconds, Stopping threads took: 0.0000276 seconds
12.203: [GC (Allocation Failure)  102077K->637K(442880K), 0.0004083 secs]
12.204: Total time for which application threads were stopped: 0.0005140 seconds, Stopping threads took: 0.0000174 seconds
12.267: [GC (Allocation Failure)  99965K->701K(440832K), 0.0004847 secs]
12.267: Total time for which application threads were stopped: 0.0006024 seconds, Stopping threads took: 0.0000201 seconds
12.332: [GC (Allocation Failure)  97981K->669K(438784K), 0.0005858 secs]
12.332: Total time for which application threads were stopped: 0.0007057 seconds, Stopping threads took: 0.0000190 seconds
12.396: [GC (Allocation Failure)  95901K->669K(437248K), 0.0007926 secs]
12.397: Total time for which application threads were stopped: 0.0009322 seconds, Stopping threads took: 0.0000195 seconds
12.459: [GC (Allocation Failure)  94365K->701K(435712K), 0.0004776 secs]
12.460: Total time for which application threads were stopped: 0.0005938 seconds, Stopping threads took: 0.0000192 seconds
12.517: [GC (Allocation Failure)  92861K->637K(434176K), 0.0004773 secs]
12.518: Total time for which application threads were stopped: 0.0006049 seconds, Stopping threads took: 0.0000274 seconds
12.580: [GC (Allocation Failure)  91261K->637K(432640K), 0.0004825 secs]
12.581: Total time for which application threads were stopped: 0.0005834 seconds, Stopping threads took: 0.0000169 seconds
12.637: [GC (Allocation Failure)  89725K->637K(431104K), 0.0004339 secs]
12.638: Total time for which application threads were stopped: 0.0005501 seconds, Stopping threads took: 0.0000258 seconds
12.695: [GC (Allocation Failure)  88189K->701K(429568K), 0.0005158 secs]
12.696: Total time for which application threads were stopped: 0.0006521 seconds, Stopping threads took: 0.0000205 seconds
12.750: [GC (Allocation Failure)  86717K->637K(428032K), 0.0006144 secs]
12.750: Total time for which application threads were stopped: 0.0007412 seconds, Stopping threads took: 0.0000279 seconds
12.808: [GC (Allocation Failure)  85117K->701K(426496K), 0.0005190 secs]
12.809: Total time for which application threads were stopped: 0.0006469 seconds, Stopping threads took: 0.0000175 seconds
12.865: [GC (Allocation Failure)  83645K->669K(424960K), 0.0005359 secs]
12.866: Total time for which application threads were stopped: 0.0006725 seconds, Stopping threads took: 0.0000191 seconds
12.923: [GC (Allocation Failure)  82077K->637K(423424K), 0.0005145 secs]
12.924: Total time for which application threads were stopped: 0.0006214 seconds, Stopping threads took: 0.0000171 seconds
12.974: [GC (Allocation Failure)  80509K->669K(422400K), 0.0004623 secs]
12.974: Total time for which application threads were stopped: 0.0005935 seconds, Stopping threads took: 0.0000276 seconds
13.023: [GC (Allocation Failure)  79517K->701K(421376K), 0.0006839 secs]
13.024: Total time for which application threads were stopped: 0.0008268 seconds, Stopping threads took: 0.0000284 seconds
13.073: [GC (Allocation Failure)  78525K->605K(420352K), 0.0004220 secs]
13.073: Total time for which application threads were stopped: 0.0005415 seconds, Stopping threads took: 0.0000191 seconds
13.127: [GC (Allocation Failure)  77405K->637K(419328K), 0.0003585 secs]
13.127: Total time for which application threads were stopped: 0.0004713 seconds, Stopping threads took: 0.0000249 seconds
13.175: [GC (Allocation Failure)  76413K->669K(418304K), 0.0004527 secs]
13.176: Total time for which application threads were stopped: 0.0006090 seconds, Stopping threads took: 0.0000196 seconds
13.226: [GC (Allocation Failure)  75421K->605K(417280K), 0.0006699 secs]
13.226: Total time for which application threads were stopped: 0.0008105 seconds, Stopping threads took: 0.0000207 seconds
13.273: [GC (Allocation Failure)  74333K->605K(416256K), 0.0005512 secs]
13.273: Total time for which application threads were stopped: 0.0007143 seconds, Stopping threads took: 0.0000299 seconds
13.325: [GC (Allocation Failure)  73309K->669K(415232K), 0.0004690 secs]
13.325: Total time for which application threads were stopped: 0.0005980 seconds, Stopping threads took: 0.0000275 seconds
13.370: [GC (Allocation Failure)  72349K->669K(414208K), 0.0004754 secs]
13.371: Total time for which application threads were stopped: 0.0005920 seconds, Stopping threads took: 0.0000186 seconds
13.415: [GC (Allocation Failure)  71325K->701K(413184K), 0.0004772 secs]
13.415: Total time for which application threads were stopped: 0.0006042 seconds, Stopping threads took: 0.0000272 seconds
13.459: [GC (Allocation Failure)  70333K->637K(412160K), 0.0005697 secs]
13.460: Total time for which application threads were stopped: 0.0006908 seconds, Stopping threads took: 0.0000194 seconds
13.509: [GC (Allocation Failure)  69245K->605K(411136K), 0.0006014 secs]
13.509: Total time for which application threads were stopped: 0.0007242 seconds, Stopping threads took: 0.0000200 seconds
13.555: [GC (Allocation Failure)  68189K->669K(410112K), 0.0005319 secs]
13.556: Total time for which application threads were stopped: 0.0006479 seconds, Stopping threads took: 0.0000186 seconds
13.601: [GC (Allocation Failure)  67229K->605K(423424K), 0.0006296 secs]
13.602: Total time for which application threads were stopped: 0.0007570 seconds, Stopping threads took: 0.0000272 seconds
13.653: [GC (Allocation Failure)  80477K->605K(422400K), 0.0004321 secs]
13.653: Total time for which application threads were stopped: 0.0005641 seconds, Stopping threads took: 0.0000193 seconds
13.706: [GC (Allocation Failure)  79453K->701K(421376K), 0.0005037 secs]
13.706: Total time for which application threads were stopped: 0.0006413 seconds, Stopping threads took: 0.0000199 seconds
13.760: [GC (Allocation Failure)  78525K->733K(420352K), 0.0004996 secs]
13.761: Total time for which application threads were stopped: 0.0006261 seconds, Stopping threads took: 0.0000167 seconds
13.809: [GC (Allocation Failure)  77533K->637K(419328K), 0.0005833 secs]
13.810: Total time for which application threads were stopped: 0.0007238 seconds, Stopping threads took: 0.0000302 seconds
13.863: [GC (Allocation Failure)  76413K->637K(418304K), 0.0005067 secs]
13.863: Total time for which application threads were stopped: 0.0006527 seconds, Stopping threads took: 0.0000214 seconds
13.918: [GC (Allocation Failure)  75389K->701K(417280K), 0.0005263 secs]
13.919: Total time for which application threads were stopped: 0.0006632 seconds, Stopping threads took: 0.0000257 seconds
13.969: [GC (Allocation Failure)  74429K->669K(416256K), 0.0005149 secs]
13.969: Total time for which application threads were stopped: 0.0006513 seconds, Stopping threads took: 0.0000213 seconds
14.015: [GC (Allocation Failure)  73373K->637K(415232K), 0.0007168 secs]
14.015: Total time for which application threads were stopped: 0.0008718 seconds, Stopping threads took: 0.0000303 seconds
14.063: [GC (Allocation Failure)  72317K->669K(414208K), 0.0005399 secs]
14.063: Total time for which application threads were stopped: 0.0006831 seconds, Stopping threads took: 0.0000220 seconds
14.108: [GC (Allocation Failure)  71325K->669K(413184K), 0.0004892 secs]
14.109: Total time for which application threads were stopped: 0.0006090 seconds, Stopping threads took: 0.0000195 seconds
14.153: [GC (Allocation Failure)  70301K->669K(412160K), 0.0004305 secs]
14.154: Total time for which application threads were stopped: 0.0005682 seconds, Stopping threads took: 0.0000260 seconds
14.202: [GC (Allocation Failure)  69277K->637K(411136K), 0.0004061 secs]
14.202: Total time for which application threads were stopped: 0.0005116 seconds, Stopping threads took: 0.0000170 seconds
14.250: [GC (Allocation Failure)  68221K->637K(410112K), 0.0004337 secs]
14.250: Total time for which application threads were stopped: 0.0005433 seconds, Stopping threads took: 0.0000170 seconds
14.297: [GC (Allocation Failure)  67197K->733K(409088K), 0.0004906 secs]
14.297: Total time for which application threads were stopped: 0.0006316 seconds, Stopping threads took: 0.0000189 seconds
14.338: [GC (Allocation Failure)  66269K->669K(408064K), 0.0005603 secs]
14.339: Total time for which application threads were stopped: 0.0006890 seconds, Stopping threads took: 0.0000196 seconds
14.379: [GC (Allocation Failure)  65181K->669K(421376K), 0.0007465 secs]
14.380: Total time for which application threads were stopped: 0.0008716 seconds, Stopping threads took: 0.0000212 seconds
14.429: [GC (Allocation Failure)  78493K->669K(437248K), 0.0004673 secs]
14.429: Total time for which application threads were stopped: 0.0005916 seconds, Stopping threads took: 0.0000273 seconds
14.494: [GC (Allocation Failure)  94365K->637K(435712K), 0.0004590 secs]
14.494: Total time for which application threads were stopped: 0.0005679 seconds, Stopping threads took: 0.0000164 seconds
14.551: [GC (Allocation Failure)  92797K->701K(434176K), 0.0005258 secs]
14.552: Total time for which application threads were stopped: 0.0006316 seconds, Stopping threads took: 0.0000164 seconds
14.609: [GC (Allocation Failure)  91325K->669K(432640K), 0.0004885 secs]
14.609: Total time for which application threads were stopped: 0.0006075 seconds, Stopping threads took: 0.0000260 seconds
14.666: [GC (Allocation Failure)  89757K->637K(431104K), 0.0004347 secs]
14.667: Total time for which application threads were stopped: 0.0005629 seconds, Stopping threads took: 0.0000203 seconds
14.726: [GC (Allocation Failure)  88189K->733K(429568K), 0.0005195 secs]
14.727: Total time for which application threads were stopped: 0.0006465 seconds, Stopping threads took: 0.0000204 seconds
14.781: [GC (Allocation Failure)  86749K->605K(428032K), 0.0004807 secs]
14.781: Total time for which application threads were stopped: 0.0006053 seconds, Stopping threads took: 0.0000203 seconds
14.840: [GC (Allocation Failure)  85085K->637K(426496K), 0.0004790 secs]
14.840: Total time for which application threads were stopped: 0.0005967 seconds, Stopping threads took: 0.0000193 seconds
14.892: [GC (Allocation Failure)  83581K->669K(424960K), 0.0005733 secs]
14.893: Total time for which application threads were stopped: 0.0007153 seconds, Stopping threads took: 0.0000248 seconds
14.946: [GC (Allocation Failure)  82077K->701K(423424K), 0.0005609 secs]
14.947: Total time for which application threads were stopped: 0.0006851 seconds, Stopping threads took: 0.0000208 seconds
14.997: [GC (Allocation Failure)  80573K->669K(422400K), 0.0005461 secs]
14.997: Total time for which application threads were stopped: 0.0006741 seconds, Stopping threads took: 0.0000205 seconds
15.050: [GC (Allocation Failure)  79517K->701K(421376K), 0.0004871 secs]
15.050: Total time for which application threads were stopped: 0.0006214 seconds, Stopping threads took: 0.0000285 seconds
15.099: [GC (Allocation Failure)  78525K->637K(420352K), 0.0005489 secs]
15.100: Total time for which application threads were stopped: 0.0006936 seconds, Stopping threads took: 0.0000272 seconds
15.152: [GC (Allocation Failure)  77437K->637K(419328K), 0.0003705 secs]
15.153: Total time for which application threads were stopped: 0.0004800 seconds, Stopping threads took: 0.0000162 seconds
15.201: [GC (Allocation Failure)  76413K->637K(418304K), 0.0004297 secs]
15.202: Total time for which application threads were stopped: 0.0005549 seconds, Stopping threads took: 0.0000247 seconds
15.249: [GC (Allocation Failure)  75389K->637K(417280K), 0.0005012 secs]
15.250: Total time for which application threads were stopped: 0.0006374 seconds, Stopping threads took: 0.0000203 seconds
15.301: [GC (Allocation Failure)  74365K->701K(416256K), 0.0005294 secs]
15.302: Total time for which application threads were stopped: 0.0006725 seconds, Stopping threads took: 0.0000280 seconds
15.353: [GC (Allocation Failure)  73405K->573K(415232K), 0.0004453 secs]
15.353: Total time for which application threads were stopped: 0.0005611 seconds, Stopping threads took: 0.0000202 seconds
15.404: [GC (Allocation Failure)  72253K->637K(414208K), 0.0004944 secs]
15.405: Total time for which application threads were stopped: 0.0005997 seconds, Stopping threads took: 0.0000168 seconds
15.449: [GC (Allocation Failure)  71293K->669K(413184K), 0.0004487 secs]
15.450: Total time for which application threads were stopped: 0.0005682 seconds, Stopping threads took: 0.0000189 seconds
15.493: [GC (Allocation Failure)  70301K->637K(412160K), 0.0004885 secs]
15.494: Total time for which application threads were stopped: 0.0006320 seconds, Stopping threads took: 0.0000213 seconds
15.542: [GC (Allocation Failure)  69245K->701K(411136K), 0.0005232 secs]
15.543: Total time for which application threads were stopped: 0.0006689 seconds, Stopping threads took: 0.0000224 seconds
15.585: [GC (Allocation Failure)  68285K->669K(410112K), 0.0004989 secs]
15.586: Total time for which application threads were stopped: 0.0006373 seconds, Stopping threads took: 0.0000217 seconds
15.628: [GC (Allocation Failure)  67229K->637K(409088K), 0.0004529 secs]
15.629: Total time for which application threads were stopped: 0.0005727 seconds, Stopping threads took: 0.0000248 seconds
15.673: [GC (Allocation Failure)  66173K->573K(408064K), 0.0004916 secs]
15.674: Total time for which application threads were stopped: 0.0006228 seconds, Stopping threads took: 0.0000271 seconds
15.719: [GC (Allocation Failure)  65085K->637K(407040K), 0.0005022 secs]
15.720: Total time for which application threads were stopped: 0.0006394 seconds, Stopping threads took: 0.0000203 seconds
15.760: [GC (Allocation Failure)  64125K->637K(406016K), 0.0005012 secs]
15.760: Total time for which application threads were stopped: 0.0006527 seconds, Stopping threads took: 0.0000215 seconds
15.800: [GC (Allocation Failure)  63101K->637K(405504K), 0.0004659 secs]
15.800: Total time for which application threads were stopped: 0.0006001 seconds, Stopping threads took: 0.0000294 seconds
15.843: [GC (Allocation Failure)  62589K->605K(404992K), 0.0005739 secs]
15.844: Total time for which application threads were stopped: 0.0007024 seconds, Stopping threads took: 0.0000277 seconds
15.883: [GC (Allocation Failure)  62045K->637K(417280K), 0.0005989 secs]
15.883: Total time for which application threads were stopped: 0.0007263 seconds, Stopping threads took: 0.0000266 seconds
15.930: [GC (Allocation Failure)  74365K->605K(432128K), 0.0005468 secs]
15.931: Total time for which application threads were stopped: 0.0006901 seconds, Stopping threads took: 0.0000273 seconds
15.986: [GC (Allocation Failure)  89181K->669K(430592K), 0.0005303 secs]
15.987: Total time for which application threads were stopped: 0.0006639 seconds, Stopping threads took: 0.0000215 seconds
16.042: [GC (Allocation Failure)  87709K->637K(429056K), 0.0004679 secs]
16.042: Total time for which application threads were stopped: 0.0005881 seconds, Stopping threads took: 0.0000196 seconds
16.101: [GC (Allocation Failure)  86141K->637K(427520K), 0.0005398 secs]
16.102: Total time for which application threads were stopped: 0.0006623 seconds, Stopping threads took: 0.0000270 seconds
16.155: [GC (Allocation Failure)  84605K->669K(425984K), 0.0004737 secs]
16.156: Total time for which application threads were stopped: 0.0005925 seconds, Stopping threads took: 0.0000192 seconds
16.207: [GC (Allocation Failure)  83101K->637K(424448K), 0.0004868 secs]
16.208: Total time for which application threads were stopped: 0.0006035 seconds, Stopping threads took: 0.0000188 seconds
16.264: [GC (Allocation Failure)  81533K->637K(422912K), 0.0004690 secs]
16.265: Total time for which application threads were stopped: 0.0005932 seconds, Stopping threads took: 0.0000269 seconds
16.314: [GC (Allocation Failure)  79997K->637K(421888K), 0.0004767 secs]
16.315: Total time for which application threads were stopped: 0.0005909 seconds, Stopping threads took: 0.0000187 seconds
16.364: [GC (Allocation Failure)  78973K->701K(420864K), 0.0004620 secs]
16.365: Total time for which application threads were stopped: 0.0005997 seconds, Stopping threads took: 0.0000192 seconds
16.419: [GC (Allocation Failure)  78013K->669K(419840K), 0.0005790 secs]
16.420: Total time for which application threads were stopped: 0.0007189 seconds, Stopping threads took: 0.0000196 seconds
16.467: [GC (Allocation Failure)  76957K->637K(418816K), 0.0004883 secs]
16.468: Total time for which application threads were stopped: 0.0006148 seconds, Stopping threads took: 0.0000272 seconds
16.521: [GC (Allocation Failure)  75901K->669K(417792K), 0.0004482 secs]
16.521: Total time for which application threads were stopped: 0.0005633 seconds, Stopping threads took: 0.0000193 seconds
16.568: [GC (Allocation Failure)  74909K->669K(416768K), 0.0004629 secs]
16.568: Total time for which application threads were stopped: 0.0005920 seconds, Stopping threads took: 0.0000277 seconds
16.614: [GC (Allocation Failure)  73885K->637K(415744K), 0.0006751 secs]
16.615: Total time for which application threads were stopped: 0.0008123 seconds, Stopping threads took: 0.0000274 seconds
16.660: [GC (Allocation Failure)  72829K->701K(414720K), 0.0005139 secs]
16.661: Total time for which application threads were stopped: 0.0006611 seconds, Stopping threads took: 0.0000284 seconds
16.711: [GC (Allocation Failure)  71869K->701K(413696K), 0.0004921 secs]
16.711: Total time for which application threads were stopped: 0.0006202 seconds, Stopping threads took: 0.0000198 seconds
16.756: [GC (Allocation Failure)  70845K->605K(412672K), 0.0005014 secs]
16.756: Total time for which application threads were stopped: 0.0006492 seconds, Stopping threads took: 0.0000212 seconds
16.804: [GC (Allocation Failure)  69725K->605K(411648K), 0.0006017 secs]
16.805: Total time for which application threads were stopped: 0.0007259 seconds, Stopping threads took: 0.0000201 seconds
16.847: [GC (Allocation Failure)  68701K->605K(410624K), 0.0005060 secs]
16.848: Total time for which application threads were stopped: 0.0006461 seconds, Stopping threads took: 0.0000271 seconds
16.896: [GC (Allocation Failure)  67677K->605K(424448K), 0.0007895 secs]
16.897: Total time for which application threads were stopped: 0.0009068 seconds, Stopping threads took: 0.0000260 seconds
16.948: [GC (Allocation Failure)  81501K->637K(440832K), 0.0004852 secs]
16.949: Total time for which application threads were stopped: 0.0006159 seconds, Stopping threads took: 0.0000194 seconds
17.012: [GC (Allocation Failure)  97917K->669K(438784K), 0.0004979 secs]
17.013: Total time for which application threads were stopped: 0.0006173 seconds, Stopping threads took: 0.0000198 seconds
17.073: [GC (Allocation Failure)  95901K->605K(437248K), 0.0004948 secs]
17.073: Total time for which application threads were stopped: 0.0006245 seconds, Stopping threads took: 0.0000211 seconds
17.138: [GC (Allocation Failure)  94301K->637K(435712K), 0.0004547 secs]
17.138: Total time for which application threads were stopped: 0.0005862 seconds, Stopping threads took: 0.0000251 seconds
17.199: [GC (Allocation Failure)  92797K->733K(434176K), 0.0004352 secs]
17.200: Total time for which application threads were stopped: 0.0005438 seconds, Stopping threads took: 0.0000168 seconds
17.257: [GC (Allocation Failure)  91357K->701K(432640K), 0.0004833 secs]
17.257: Total time for which application threads were stopped: 0.0006110 seconds, Stopping threads took: 0.0000200 seconds
17.313: [GC (Allocation Failure)  89789K->605K(431104K), 0.0007263 secs]
17.313: Total time for which application threads were stopped: 0.0008668 seconds, Stopping threads took: 0.0000288 seconds
17.368: [GC (Allocation Failure)  88157K->637K(429568K), 0.0004846 secs]
17.369: Total time for which application threads were stopped: 0.0006291 seconds, Stopping threads took: 0.0000286 seconds
17.423: [GC (Allocation Failure)  86653K->701K(428032K), 0.0005209 secs]
17.423: Total time for which application threads were stopped: 0.0006569 seconds, Stopping threads took: 0.0000208 seconds
17.476: [GC (Allocation Failure)  85181K->637K(426496K), 0.0005216 secs]
17.477: Total time for which application threads were stopped: 0.0006771 seconds, Stopping threads took: 0.0000302 seconds
17.534: [GC (Allocation Failure)  83581K->637K(424960K), 0.0007050 secs]
17.535: Total time for which application threads were stopped: 0.0008444 seconds, Stopping threads took: 0.0000223 seconds
17.586: [GC (Allocation Failure)  82045K->573K(423424K), 0.0005100 secs]
17.587: Total time for which application threads were stopped: 0.0006591 seconds, Stopping threads took: 0.0000294 seconds
17.641: [GC (Allocation Failure)  80445K->637K(422400K), 0.0004541 secs]
17.641: Total time for which application threads were stopped: 0.0005778 seconds, Stopping threads took: 0.0000261 seconds
17.696: [GC (Allocation Failure)  79485K->637K(421376K), 0.0005625 secs]
17.697: Total time for which application threads were stopped: 0.0006717 seconds, Stopping threads took: 0.0000172 seconds
17.749: [GC (Allocation Failure)  78461K->669K(420352K), 0.0005598 secs]
17.750: Total time for which application threads were stopped: 0.0006870 seconds, Stopping threads took: 0.0000272 seconds
17.803: [GC (Allocation Failure)  77469K->605K(419328K), 0.0004939 secs]
17.804: Total time for which application threads were stopped: 0.0006257 seconds, Stopping threads took: 0.0000190 seconds
17.855: [GC (Allocation Failure)  76381K->669K(418304K), 0.0005877 secs]
17.856: Total time for which application threads were stopped: 0.0007516 seconds, Stopping threads took: 0.0000301 seconds
17.909: [GC (Allocation Failure)  75421K->605K(417280K), 0.0005448 secs]
17.910: Total time for which application threads were stopped: 0.0006663 seconds, Stopping threads took: 0.0000172 seconds
17.956: [GC (Allocation Failure)  74333K->637K(416256K), 0.0004787 secs]
17.956: Total time for which application threads were stopped: 0.0005938 seconds, Stopping threads took: 0.0000183 seconds
18.002: [GC (Allocation Failure)  73341K->637K(415232K), 0.0004722 secs]
18.002: Total time for which application threads were stopped: 0.0005970 seconds, Stopping threads took: 0.0000263 seconds
18.053: [GC (Allocation Failure)  72317K->669K(414208K), 0.0004921 secs]
18.053: Total time for which application threads were stopped: 0.0006105 seconds, Stopping threads took: 0.0000187 seconds
18.097: [GC (Allocation Failure)  71325K->669K(413184K), 0.0004624 secs]
18.098: Total time for which application threads were stopped: 0.0005788 seconds, Stopping threads took: 0.0000189 seconds
18.142: [GC (Allocation Failure)  70301K->637K(412160K), 0.0004407 secs]
18.143: Total time for which application threads were stopped: 0.0005559 seconds, Stopping threads took: 0.0000252 seconds
18.185: [GC (Allocation Failure)  69245K->605K(411136K), 0.0006443 secs]
18.186: Total time for which application threads were stopped: 0.0007675 seconds, Stopping threads took: 0.0000272 seconds
18.228: [GC (Allocation Failure)  68189K->637K(410112K), 0.0004719 secs]
18.229: Total time for which application threads were stopped: 0.0005978 seconds, Stopping threads took: 0.0000267 seconds
18.274: [GC (Allocation Failure)  67197K->701K(409088K), 0.0004816 secs]
18.274: Total time for which application threads were stopped: 0.0006040 seconds, Stopping threads took: 0.0000184 seconds
18.316: [GC (Allocation Failure)  66237K->637K(408064K), 0.0004561 secs]
18.316: Total time for which application threads were stopped: 0.0006069 seconds, Stopping threads took: 0.0000202 seconds
18.357: [GC (Allocation Failure)  65149K->701K(407040K), 0.0004673 secs]
18.357: Total time for which application threads were stopped: 0.0005900 seconds, Stopping threads took: 0.0000197 seconds
18.397: [GC (Allocation Failure)  64189K->669K(419840K), 0.0005748 secs]
18.397: Total time for which application threads were stopped: 0.0006923 seconds, Stopping threads took: 0.0000192 seconds
18.445: [GC (Allocation Failure)  76957K->701K(418816K), 0.0005014 secs]
18.446: Total time for which application threads were stopped: 0.0006328 seconds, Stopping threads took: 0.0000202 seconds
18.493: [GC (Allocation Failure)  75965K->669K(417792K), 0.0005235 secs]
18.494: Total time for which application threads were stopped: 0.0006572 seconds, Stopping threads took: 0.0000212 seconds
18.540: [GC (Allocation Failure)  74909K->669K(416768K), 0.0006050 secs]
18.541: Total time for which application threads were stopped: 0.0007439 seconds, Stopping threads took: 0.0000215 seconds
18.587: [GC (Allocation Failure)  73885K->669K(415744K), 0.0005368 secs]
18.587: Total time for which application threads were stopped: 0.0006846 seconds, Stopping threads took: 0.0000224 seconds
18.633: [GC (Allocation Failure)  72861K->669K(414720K), 0.0004838 secs]
18.633: Total time for which application threads were stopped: 0.0006241 seconds, Stopping threads took: 0.0000252 seconds
18.678: [GC (Allocation Failure)  71837K->637K(413696K), 0.0005061 secs]
18.679: Total time for which application threads were stopped: 0.0006641 seconds, Stopping threads took: 0.0000311 seconds
18.725: [GC (Allocation Failure)  70781K->669K(412672K), 0.0005433 secs]
18.726: Total time for which application threads were stopped: 0.0006772 seconds, Stopping threads took: 0.0000208 seconds
18.770: [GC (Allocation Failure)  69789K->669K(426496K), 0.0005878 secs]
18.770: Total time for which application threads were stopped: 0.0007236 seconds, Stopping threads took: 0.0000214 seconds
18.823: [GC (Allocation Failure)  83613K->573K(443392K), 0.0006169 secs]
18.823: Total time for which application threads were stopped: 0.0007418 seconds, Stopping threads took: 0.0000217 seconds
18.890: [GC (Allocation Failure)  100413K->637K(463360K), 0.0007693 secs]
18.891: Total time for which application threads were stopped: 0.0008933 seconds, Stopping threads took: 0.0000249 seconds
18.968: [GC (Allocation Failure)  120445K->637K(460800K), 0.0005999 secs]
18.968: Total time for which application threads were stopped: 0.0007208 seconds, Stopping threads took: 0.0000195 seconds
19.047: [GC (Allocation Failure)  117885K->669K(458240K), 0.0006460 secs]
19.048: Total time for which application threads were stopped: 0.0007972 seconds, Stopping threads took: 0.0000219 seconds
19.125: [GC (Allocation Failure)  115357K->637K(455680K), 0.0004098 secs]
19.126: Total time for which application threads were stopped: 0.0005160 seconds, Stopping threads took: 0.0000179 seconds
19.198: [GC (Allocation Failure)  112765K->637K(453120K), 0.0004903 secs]
19.198: Total time for which application threads were stopped: 0.0006112 seconds, Stopping threads took: 0.0000270 seconds
19.266: [GC (Allocation Failure)  110205K->637K(451072K), 0.0004741 secs]
19.267: Total time for which application threads were stopped: 0.0006027 seconds, Stopping threads took: 0.0000275 seconds
19.340: [GC (Allocation Failure)  108157K->637K(449024K), 0.0004621 secs]
19.341: Total time for which application threads were stopped: 0.0005826 seconds, Stopping threads took: 0.0000193 seconds
19.412: [GC (Allocation Failure)  106109K->669K(446976K), 0.0004686 secs]
19.413: Total time for which application threads were stopped: 0.0005897 seconds, Stopping threads took: 0.0000201 seconds
19.477: [GC (Allocation Failure)  104093K->605K(444928K), 0.0005909 secs]
19.478: Total time for which application threads were stopped: 0.0007256 seconds, Stopping threads took: 0.0000197 seconds
19.541: [GC (Allocation Failure)  101981K->701K(442880K), 0.0006422 secs]
19.542: Total time for which application threads were stopped: 0.0007736 seconds, Stopping threads took: 0.0000222 seconds
19.610: [GC (Allocation Failure)  100029K->669K(440832K), 0.0004662 secs]
19.611: Total time for which application threads were stopped: 0.0005888 seconds, Stopping threads took: 0.0000213 seconds
19.673: [GC (Allocation Failure)  97949K->669K(438784K), 0.0005579 secs]
19.673: Total time for which application threads were stopped: 0.0006789 seconds, Stopping threads took: 0.0000203 seconds
19.733: [GC (Allocation Failure)  95901K->733K(437248K), 0.0004918 secs]
19.734: Total time for which application threads were stopped: 0.0006107 seconds, Stopping threads took: 0.0000192 seconds
19.793: [GC (Allocation Failure)  94429K->637K(435712K), 0.0004884 secs]
19.793: Total time for which application threads were stopped: 0.0006059 seconds, Stopping threads took: 0.0000162 seconds
19.854: [GC (Allocation Failure)  92797K->669K(434176K), 0.0005045 secs]
19.855: Total time for which application threads were stopped: 0.0006240 seconds, Stopping threads took: 0.0000170 seconds
19.916: [GC (Allocation Failure)  91293K->637K(432640K), 0.0004408 secs]
19.917: Total time for which application threads were stopped: 0.0005600 seconds, Stopping threads took: 0.0000185 seconds
19.975: [GC (Allocation Failure)  89725K->669K(431104K), 0.0005405 secs]
19.976: Total time for which application threads were stopped: 0.0006757 seconds, Stopping threads took: 0.0000221 seconds
20.030: [GC (Allocation Failure)  88221K->669K(429568K), 0.0005790 secs]
20.031: Total time for which application threads were stopped: 0.0007221 seconds, Stopping threads took: 0.0000298 seconds
20.085: [GC (Allocation Failure)  86685K->637K(428032K), 0.0006680 secs]
20.085: Total time for which application threads were stopped: 0.0008282 seconds, Stopping threads took: 0.0000313 seconds
20.143: [GC (Allocation Failure)  85117K->637K(426496K), 0.0004268 secs]
20.144: Total time for which application threads were stopped: 0.0005517 seconds, Stopping threads took: 0.0000256 seconds
20.199: [GC (Allocation Failure)  83581K->637K(424960K), 0.0004402 secs]
20.199: Total time for which application threads were stopped: 0.0005527 seconds, Stopping threads took: 0.0000172 seconds
20.254: [GC (Allocation Failure)  82045K->701K(423424K), 0.0004998 secs]
20.254: Total time for which application threads were stopped: 0.0006407 seconds, Stopping threads took: 0.0000202 seconds
20.308: [GC (Allocation Failure)  80573K->637K(422400K), 0.0006383 secs]
20.309: Total time for which application threads were stopped: 0.0007819 seconds, Stopping threads took: 0.0000219 seconds
20.364: [GC (Allocation Failure)  79485K->605K(421376K), 0.0006392 secs]
20.365: Total time for which application threads were stopped: 0.0007666 seconds, Stopping threads took: 0.0000210 seconds
20.414: [GC (Allocation Failure)  78429K->669K(420352K), 0.0005174 secs]
20.414: Total time for which application threads were stopped: 0.0006588 seconds, Stopping threads took: 0.0000191 seconds
20.469: [GC (Allocation Failure)  77469K->637K(419328K), 0.0005851 secs]
20.469: Total time for which application threads were stopped: 0.0007062 seconds, Stopping threads took: 0.0000195 seconds
20.517: [GC (Allocation Failure)  76413K->669K(418304K), 0.0005644 secs]
20.517: Total time for which application threads were stopped: 0.0006910 seconds, Stopping threads took: 0.0000267 seconds
20.564: [GC (Allocation Failure)  75421K->637K(417280K), 0.0004979 secs]
20.564: Total time for which application threads were stopped: 0.0006420 seconds, Stopping threads took: 0.0000277 seconds
20.617: [GC (Allocation Failure)  74365K->605K(416256K), 0.0004675 secs]
20.617: Total time for which application threads were stopped: 0.0005964 seconds, Stopping threads took: 0.0000276 seconds
20.664: [GC (Allocation Failure)  73309K->637K(415232K), 0.0004100 secs]
20.664: Total time for which application threads were stopped: 0.0005515 seconds, Stopping threads took: 0.0000262 seconds
20.712: [GC (Allocation Failure)  72317K->637K(414208K), 0.0004297 secs]
20.713: Total time for which application threads were stopped: 0.0005358 seconds, Stopping threads took: 0.0000165 seconds
20.757: [GC (Allocation Failure)  71293K->701K(413184K), 0.0006016 secs]
20.758: Total time for which application threads were stopped: 0.0007087 seconds, Stopping threads took: 0.0000171 seconds
20.807: [GC (Allocation Failure)  70333K->637K(412160K), 0.0005455 secs]
20.808: Total time for which application threads were stopped: 0.0006568 seconds, Stopping threads took: 0.0000168 seconds
20.850: [GC (Allocation Failure)  69245K->669K(411136K), 0.0004904 secs]
20.851: Total time for which application threads were stopped: 0.0006113 seconds, Stopping threads took: 0.0000196 seconds
20.893: [GC (Allocation Failure)  68253K->637K(410112K), 0.0004255 secs]
20.894: Total time for which application threads were stopped: 0.0005472 seconds, Stopping threads took: 0.0000254 seconds
20.938: [GC (Allocation Failure)  67197K->669K(423424K), 0.0006845 secs]
20.939: Total time for which application threads were stopped: 0.0008085 seconds, Stopping threads took: 0.0000188 seconds
20.992: [GC (Allocation Failure)  80541K->605K(422400K), 0.0005956 secs]
20.993: Total time for which application threads were stopped: 0.0007169 seconds, Stopping threads took: 0.0000189 seconds
21.042: [GC (Allocation Failure)  79453K->669K(421376K), 0.0004665 secs]
21.042: Total time for which application threads were stopped: 0.0005834 seconds, Stopping threads took: 0.0000186 seconds
21.091: [GC (Allocation Failure)  78493K->701K(437248K), 0.0037630 secs]
21.095: Total time for which application threads were stopped: 0.0038805 seconds, Stopping threads took: 0.0000190 seconds
21.154: [GC (Allocation Failure)  94397K->637K(456192K), 0.0004122 secs]
21.155: Total time for which application threads were stopped: 0.0005319 seconds, Stopping threads took: 0.0000204 seconds
21.230: [GC (Allocation Failure)  113277K->605K(478720K), 0.0005876 secs]
21.231: Total time for which application threads were stopped: 0.0007112 seconds, Stopping threads took: 0.0000275 seconds
21.315: [GC (Allocation Failure)  135773K->637K(505856K), 0.0004806 secs]
21.315: Total time for which application threads were stopped: 0.0006219 seconds, Stopping threads took: 0.0000272 seconds
21.421: [GC (Allocation Failure)  162941K->669K(534016K), 0.0006710 secs]
21.422: Total time for which application threads were stopped: 0.0008092 seconds, Stopping threads took: 0.0000212 seconds
21.546: [GC (Allocation Failure)  191133K->669K(528384K), 0.0005835 secs]
21.547: Total time for which application threads were stopped: 0.0007041 seconds, Stopping threads took: 0.0000215 seconds
21.663: [GC (Allocation Failure)  185501K->669K(523264K), 0.0004396 secs]
21.663: Total time for which application threads were stopped: 0.0005643 seconds, Stopping threads took: 0.0000209 seconds
21.775: [GC (Allocation Failure)  180381K->605K(518144K), 0.0004429 secs]
21.776: Total time for which application threads were stopped: 0.0005668 seconds, Stopping threads took: 0.0000192 seconds
21.885: [GC (Allocation Failure)  175197K->605K(513536K), 0.0004282 secs]
21.886: Total time for which application threads were stopped: 0.0005484 seconds, Stopping threads took: 0.0000189 seconds
21.993: [GC (Allocation Failure)  170589K->637K(508928K), 0.0005160 secs]
21.994: Total time for which application threads were stopped: 0.0006369 seconds, Stopping threads took: 0.0000196 seconds
22.102: [GC (Allocation Failure)  166013K->605K(504320K), 0.0006383 secs]
22.103: Total time for which application threads were stopped: 0.0007727 seconds, Stopping threads took: 0.0000205 seconds
22.208: [GC (Allocation Failure)  161373K->669K(500224K), 0.0004052 secs]
22.208: Total time for which application threads were stopped: 0.0005222 seconds, Stopping threads took: 0.0000199 seconds
22.306: [GC (Allocation Failure)  157341K->637K(496128K), 0.0004362 secs]
22.306: Total time for which application threads were stopped: 0.0005370 seconds, Stopping threads took: 0.0000163 seconds
22.401: [GC (Allocation Failure)  153213K->605K(492032K), 0.0005207 secs]
22.402: Total time for which application threads were stopped: 0.0006473 seconds, Stopping threads took: 0.0000281 seconds
22.497: [GC (Allocation Failure)  149085K->701K(488448K), 0.0005265 secs]
22.498: Total time for which application threads were stopped: 0.0006564 seconds, Stopping threads took: 0.0000276 seconds
22.588: [GC (Allocation Failure)  145597K->637K(484864K), 0.0004686 secs]
22.589: Total time for which application threads were stopped: 0.0005957 seconds, Stopping threads took: 0.0000279 seconds
22.683: [GC (Allocation Failure)  141949K->637K(481280K), 0.0004297 secs]
22.683: Total time for which application threads were stopped: 0.0005524 seconds, Stopping threads took: 0.0000270 seconds
22.769: [GC (Allocation Failure)  138365K->637K(478208K), 0.0005555 secs]
22.769: Total time for which application threads were stopped: 0.0006979 seconds, Stopping threads took: 0.0000191 seconds
22.853: [GC (Allocation Failure)  135293K->669K(475136K), 0.0005080 secs]
22.854: Total time for which application threads were stopped: 0.0006288 seconds, Stopping threads took: 0.0000192 seconds
22.937: [GC (Allocation Failure)  132253K->733K(472064K), 0.0004854 secs]
22.937: Total time for which application threads were stopped: 0.0006129 seconds, Stopping threads took: 0.0000272 seconds
23.017: [GC (Allocation Failure)  129245K->637K(468992K), 0.0005040 secs]
23.018: Total time for which application threads were stopped: 0.0006434 seconds, Stopping threads took: 0.0000209 seconds
23.096: [GC (Allocation Failure)  126077K->669K(465920K), 0.0004932 secs]
23.097: Total time for which application threads were stopped: 0.0006420 seconds, Stopping threads took: 0.0000279 seconds
23.178: [GC (Allocation Failure)  123037K->669K(463360K), 0.0005565 secs]
23.179: Total time for which application threads were stopped: 0.0006793 seconds, Stopping threads took: 0.0000200 seconds
23.258: [GC (Allocation Failure)  120477K->637K(460800K), 0.0004748 secs]
23.259: Total time for which application threads were stopped: 0.0005950 seconds, Stopping threads took: 0.0000198 seconds
23.332: [GC (Allocation Failure)  117885K->669K(458240K), 0.0004537 secs]
23.333: Total time for which application threads were stopped: 0.0005808 seconds, Stopping threads took: 0.0000277 seconds
23.410: [GC (Allocation Failure)  115357K->701K(455680K), 0.0004963 secs]
23.410: Total time for which application threads were stopped: 0.0006161 seconds, Stopping threads took: 0.0000194 seconds
23.480: [GC (Allocation Failure)  112829K->733K(453120K), 0.0004841 secs]
23.481: Total time for which application threads were stopped: 0.0006005 seconds, Stopping threads took: 0.0000193 seconds
23.549: [GC (Allocation Failure)  110301K->701K(451072K), 0.0005368 secs]
23.550: Total time for which application threads were stopped: 0.0006786 seconds, Stopping threads took: 0.0000272 seconds
23.623: [GC (Allocation Failure)  108221K->669K(449024K), 0.0005550 secs]
23.623: Total time for which application threads were stopped: 0.0006703 seconds, Stopping threads took: 0.0000194 seconds
23.694: [GC (Allocation Failure)  106141K->733K(446976K), 0.0004415 secs]
23.695: Total time for which application threads were stopped: 0.0005623 seconds, Stopping threads took: 0.0000255 seconds
23.759: [GC (Allocation Failure)  104157K->605K(444928K), 0.0005860 secs]
23.760: Total time for which application threads were stopped: 0.0007054 seconds, Stopping threads took: 0.0000203 seconds
23.827: [GC (Allocation Failure)  101981K->669K(442880K), 0.0004464 secs]
23.828: Total time for which application threads were stopped: 0.0005588 seconds, Stopping threads took: 0.0000171 seconds
23.893: [GC (Allocation Failure)  99997K->605K(440832K), 0.0005432 secs]
23.894: Total time for which application threads were stopped: 0.0006690 seconds, Stopping threads took: 0.0000259 seconds
23.955: [GC (Allocation Failure)  97885K->669K(438784K), 0.0004934 secs]
23.956: Total time for which application threads were stopped: 0.0006220 seconds, Stopping threads took: 0.0000195 seconds
24.020: [GC (Allocation Failure)  95901K->701K(437248K), 0.0004857 secs]
24.020: Total time for which application threads were stopped: 0.0006063 seconds, Stopping threads took: 0.0000194 seconds
24.085: [GC (Allocation Failure)  94397K->701K(435712K), 0.0005795 secs]
24.085: Total time for which application threads were stopped: 0.0007225 seconds, Stopping threads took: 0.0000263 seconds
24.144: [GC (Allocation Failure)  92861K->701K(434176K), 0.0004034 secs]
24.144: Total time for which application threads were stopped: 0.0005213 seconds, Stopping threads took: 0.0000259 seconds
24.202: [GC (Allocation Failure)  91325K->701K(432640K), 0.0004946 secs]
24.202: Total time for which application threads were stopped: 0.0006393 seconds, Stopping threads took: 0.0000244 seconds
24.263: [GC (Allocation Failure)  89789K->637K(431104K), 0.0005362 secs]
24.264: Total time for which application threads were stopped: 0.0006915 seconds, Stopping threads took: 0.0000296 seconds
24.322: [GC (Allocation Failure)  88189K->637K(429568K), 0.0005157 secs]
24.323: Total time for which application threads were stopped: 0.0006544 seconds, Stopping threads took: 0.0000214 seconds
24.382: [GC (Allocation Failure)  86653K->605K(428032K), 0.0005462 secs]
24.382: Total time for which application threads were stopped: 0.0006793 seconds, Stopping threads took: 0.0000214 seconds
24.435: [GC (Allocation Failure)  85085K->669K(426496K), 0.0006669 secs]
24.436: Total time for which application threads were stopped: 0.0007934 seconds, Stopping threads took: 0.0000212 seconds
24.488: [GC (Allocation Failure)  83613K->637K(424960K), 0.0005199 secs]
24.489: Total time for which application threads were stopped: 0.0006591 seconds, Stopping threads took: 0.0000214 seconds
24.546: [GC (Allocation Failure)  82045K->669K(423424K), 0.0005098 secs]
24.547: Total time for which application threads were stopped: 0.0006569 seconds, Stopping threads took: 0.0000296 seconds
24.597: [GC (Allocation Failure)  80541K->669K(422400K), 0.0005343 secs]
24.598: Total time for which application threads were stopped: 0.0006869 seconds, Stopping threads took: 0.0000306 seconds
24.647: [GC (Allocation Failure)  79517K->637K(421376K), 0.0004285 secs]
24.648: Total time for which application threads were stopped: 0.0005503 seconds, Stopping threads took: 0.0000265 seconds
24.703: [GC (Allocation Failure)  78461K->669K(420352K), 0.0005775 secs]
24.703: Total time for which application threads were stopped: 0.0007132 seconds, Stopping threads took: 0.0000218 seconds
24.751: [GC (Allocation Failure)  77469K->605K(419328K), 0.0004310 secs]
24.752: Total time for which application threads were stopped: 0.0005407 seconds, Stopping threads took: 0.0000175 seconds
24.799: [GC (Allocation Failure)  76381K->669K(418304K), 0.0006265 secs]
24.800: Total time for which application threads were stopped: 0.0007527 seconds, Stopping threads took: 0.0000268 seconds
24.851: [GC (Allocation Failure)  75421K->669K(417280K), 0.0004875 secs]
24.852: Total time for which application threads were stopped: 0.0006126 seconds, Stopping threads took: 0.0000275 seconds
24.898: [GC (Allocation Failure)  74397K->637K(416256K), 0.0005815 secs]
24.899: Total time for which application threads were stopped: 0.0007007 seconds, Stopping threads took: 0.0000190 seconds
24.947: [GC (Allocation Failure)  73341K->637K(415232K), 0.0005102 secs]
24.948: Total time for which application threads were stopped: 0.0006551 seconds, Stopping threads took: 0.0000217 seconds
24.996: [GC (Allocation Failure)  72317K->669K(414208K), 0.0004534 secs]
24.997: Total time for which application threads were stopped: 0.0005763 seconds, Stopping threads took: 0.0000288 seconds
25.044: [GC (Allocation Failure)  71325K->605K(413184K), 0.0004762 secs]
25.045: Total time for which application threads were stopped: 0.0005810 seconds, Stopping threads took: 0.0000159 seconds
25.089: [GC (Allocation Failure)  70237K->637K(412160K), 0.0003928 secs]
25.089: Total time for which application threads were stopped: 0.0005011 seconds, Stopping threads took: 0.0000168 seconds
25.132: [GC (Allocation Failure)  69245K->669K(411136K), 0.0004416 secs]
25.133: Total time for which application threads were stopped: 0.0005606 seconds, Stopping threads took: 0.0000191 seconds
25.176: [GC (Allocation Failure)  68253K->701K(410112K), 0.0005039 secs]
25.177: Total time for which application threads were stopped: 0.0006356 seconds, Stopping threads took: 0.0000218 seconds
25.218: [GC (Allocation Failure)  67261K->637K(409088K), 0.0005259 secs]
25.219: Total time for which application threads were stopped: 0.0006516 seconds, Stopping threads took: 0.0000277 seconds
25.265: [GC (Allocation Failure)  66173K->701K(408064K), 0.0004789 secs]
25.265: Total time for which application threads were stopped: 0.0005972 seconds, Stopping threads took: 0.0000189 seconds
25.306: [GC (Allocation Failure)  65213K->637K(421376K), 0.0006343 secs]
25.306: Total time for which application threads were stopped: 0.0007663 seconds, Stopping threads took: 0.0000196 seconds
25.359: [GC (Allocation Failure)  78461K->669K(420352K), 0.0005419 secs]
25.359: Total time for which application threads were stopped: 0.0006650 seconds, Stopping threads took: 0.0000203 seconds
25.407: [GC (Allocation Failure)  77469K->605K(419328K), 0.0005632 secs]
25.408: Total time for which application threads were stopped: 0.0006867 seconds, Stopping threads took: 0.0000192 seconds
25.455: [GC (Allocation Failure)  76381K->637K(418304K), 0.0005616 secs]
25.456: Total time for which application threads were stopped: 0.0007075 seconds, Stopping threads took: 0.0000211 seconds
25.509: [GC (Allocation Failure)  75389K->669K(417280K), 0.0005221 secs]
25.509: Total time for which application threads were stopped: 0.0006603 seconds, Stopping threads took: 0.0000216 seconds
25.556: [GC (Allocation Failure)  74397K->637K(432128K), 0.0006899 secs]
25.556: Total time for which application threads were stopped: 0.0008328 seconds, Stopping threads took: 0.0000221 seconds
25.612: [GC (Allocation Failure)  89213K->701K(430592K), 0.0005388 secs]
25.612: Total time for which application threads were stopped: 0.0006673 seconds, Stopping threads took: 0.0000216 seconds
25.668: [GC (Allocation Failure)  87741K->605K(429056K), 0.0005005 secs]
25.669: Total time for which application threads were stopped: 0.0006207 seconds, Stopping threads took: 0.0000194 seconds
25.728: [GC (Allocation Failure)  86109K->701K(427520K), 0.0004881 secs]
25.729: Total time for which application threads were stopped: 0.0006162 seconds, Stopping threads took: 0.0000278 seconds
25.781: [GC (Allocation Failure)  84669K->605K(425984K), 0.0004665 secs]
25.781: Total time for which application threads were stopped: 0.0005829 seconds, Stopping threads took: 0.0000188 seconds
25.836: [GC (Allocation Failure)  83037K->669K(424448K), 0.0005272 secs]
25.836: Total time for which application threads were stopped: 0.0006443 seconds, Stopping threads took: 0.0000185 seconds
25.893: [GC (Allocation Failure)  81565K->605K(422912K), 0.0004971 secs]
25.894: Total time for which application threads were stopped: 0.0006159 seconds, Stopping threads took: 0.0000166 seconds
25.944: [GC (Allocation Failure)  79965K->637K(421888K), 0.0004076 secs]
25.945: Total time for which application threads were stopped: 0.0005242 seconds, Stopping threads took: 0.0000174 seconds
25.994: [GC (Allocation Failure)  78973K->669K(420864K), 0.0005156 secs]
25.994: Total time for which application threads were stopped: 0.0006504 seconds, Stopping threads took: 0.0000278 seconds
26.043: [GC (Allocation Failure)  77981K->605K(419840K), 0.0006448 secs]
26.043: Total time for which application threads were stopped: 0.0007896 seconds, Stopping threads took: 0.0000273 seconds
26.096: [GC (Allocation Failure)  76893K->637K(418816K), 0.0005403 secs]
26.097: Total time for which application threads were stopped: 0.0006822 seconds, Stopping threads took: 0.0000224 seconds
26.149: [GC (Allocation Failure)  75901K->605K(417792K), 0.0004864 secs]
26.150: Total time for which application threads were stopped: 0.0006198 seconds, Stopping threads took: 0.0000224 seconds
26.196: [GC (Allocation Failure)  74845K->701K(416768K), 0.0006090 secs]
26.197: Total time for which application threads were stopped: 0.0007293 seconds, Stopping threads took: 0.0000195 seconds
26.243: [GC (Allocation Failure)  73917K->637K(415744K), 0.0004757 secs]
26.243: Total time for which application threads were stopped: 0.0005916 seconds, Stopping threads took: 0.0000185 seconds
26.293: [GC (Allocation Failure)  72829K->637K(414720K), 0.0006116 secs]
26.294: Total time for which application threads were stopped: 0.0007524 seconds, Stopping threads took: 0.0000192 seconds
26.339: [GC (Allocation Failure)  71805K->701K(413696K), 0.0004811 secs]
26.339: Total time for which application threads were stopped: 0.0006195 seconds, Stopping threads took: 0.0000199 seconds
26.390: [GC (Allocation Failure)  70845K->637K(412672K), 0.0005451 secs]
26.390: Total time for which application threads were stopped: 0.0006500 seconds, Stopping threads took: 0.0000159 seconds
26.434: [GC (Allocation Failure)  69757K->637K(411648K), 0.0003959 secs]
26.434: Total time for which application threads were stopped: 0.0005027 seconds, Stopping threads took: 0.0000166 seconds
26.477: [GC (Allocation Failure)  68733K->605K(425472K), 0.0006712 secs]
26.478: Total time for which application threads were stopped: 0.0007917 seconds, Stopping threads took: 0.0000203 seconds
26.532: [GC (Allocation Failure)  82525K->637K(423936K), 0.0006093 secs]
26.533: Total time for which application threads were stopped: 0.0007384 seconds, Stopping threads took: 0.0000203 seconds
26.589: [GC (Allocation Failure)  81021K->669K(422400K), 0.0005522 secs]
26.590: Total time for which application threads were stopped: 0.0006885 seconds, Stopping threads took: 0.0000214 seconds
26.644: [GC (Allocation Failure)  79517K->637K(421376K), 0.0004402 secs]
26.645: Total time for which application threads were stopped: 0.0005601 seconds, Stopping threads took: 0.0000265 seconds
26.694: [GC (Allocation Failure)  78461K->669K(420352K), 0.0005309 secs]
26.694: Total time for which application threads were stopped: 0.0006648 seconds, Stopping threads took: 0.0000207 seconds
26.743: [GC (Allocation Failure)  77469K->669K(419328K), 0.0005302 secs]
26.743: Total time for which application threads were stopped: 0.0006787 seconds, Stopping threads took: 0.0000294 seconds
26.791: [GC (Allocation Failure)  76445K->701K(418304K), 0.0007130 secs]
26.792: Total time for which application threads were stopped: 0.0008604 seconds, Stopping threads took: 0.0000212 seconds
26.839: [GC (Allocation Failure)  75453K->669K(417280K), 0.0005279 secs]
26.839: Total time for which application threads were stopped: 0.0006697 seconds, Stopping threads took: 0.0000309 seconds
26.886: [GC (Allocation Failure)  74397K->669K(416256K), 0.0004810 secs]
26.887: Total time for which application threads were stopped: 0.0006055 seconds, Stopping threads took: 0.0000253 seconds
26.938: [GC (Allocation Failure)  73373K->637K(415232K), 0.0004924 secs]
26.938: Total time for which application threads were stopped: 0.0006104 seconds, Stopping threads took: 0.0000192 seconds
26.983: [GC (Allocation Failure)  72317K->637K(414208K), 0.0005240 secs]
26.984: Total time for which application threads were stopped: 0.0006752 seconds, Stopping threads took: 0.0000293 seconds
27.031: [GC (Allocation Failure)  71293K->637K(413184K), 0.0005087 secs]
27.032: Total time for which application threads were stopped: 0.0006440 seconds, Stopping threads took: 0.0000299 seconds
27.075: [GC (Allocation Failure)  70269K->669K(412160K), 0.0004589 secs]
27.076: Total time for which application threads were stopped: 0.0005853 seconds, Stopping threads took: 0.0000270 seconds
27.119: [GC (Allocation Failure)  69277K->669K(411136K), 0.0005522 secs]
27.119: Total time for which application threads were stopped: 0.0006715 seconds, Stopping threads took: 0.0000193 seconds
27.167: [GC (Allocation Failure)  68253K->605K(410112K), 0.0004344 secs]
27.168: Total time for which application threads were stopped: 0.0005685 seconds, Stopping threads took: 0.0000195 seconds
27.214: [GC (Allocation Failure)  67165K->637K(409088K), 0.0004774 secs]
27.215: Total time for which application threads were stopped: 0.0006104 seconds, Stopping threads took: 0.0000163 seconds
27.259: [GC (Allocation Failure)  66173K->637K(408064K), 0.0006685 secs]
27.260: Total time for which application threads were stopped: 0.0008048 seconds, Stopping threads took: 0.0000215 seconds
27.301: [GC (Allocation Failure)  65149K->669K(421376K), 0.0005171 secs]
27.301: Total time for which application threads were stopped: 0.0006529 seconds, Stopping threads took: 0.0000280 seconds
27.350: [GC (Allocation Failure)  78493K->733K(420352K), 0.0004997 secs]
27.350: Total time for which application threads were stopped: 0.0006350 seconds, Stopping threads took: 0.0000290 seconds
27.403: [GC (Allocation Failure)  77533K->605K(435712K), 0.0006990 secs]
27.404: Total time for which application threads were stopped: 0.0008228 seconds, Stopping threads took: 0.0000193 seconds
27.468: [GC (Allocation Failure)  92765K->669K(434176K), 0.0005115 secs]
27.469: Total time for which application threads were stopped: 0.0006413 seconds, Stopping threads took: 0.0000204 seconds
27.526: [GC (Allocation Failure)  91293K->605K(432640K), 0.0005843 secs]
27.526: Total time for which application threads were stopped: 0.0007308 seconds, Stopping threads took: 0.0000261 seconds
27.587: [GC (Allocation Failure)  89693K->637K(431104K), 0.0006708 secs]
27.588: Total time for which application threads were stopped: 0.0008127 seconds, Stopping threads took: 0.0000227 seconds
27.644: [GC (Allocation Failure)  88189K->637K(429568K), 0.0004607 secs]
27.644: Total time for which application threads were stopped: 0.0006149 seconds, Stopping threads took: 0.0000265 seconds
27.704: [GC (Allocation Failure)  86653K->605K(428032K), 0.0007208 secs]
27.705: Total time for which application threads were stopped: 0.0008780 seconds, Stopping threads took: 0.0000280 seconds
27.761: [GC (Allocation Failure)  85085K->733K(426496K), 0.0004340 secs]
27.761: Total time for which application threads were stopped: 0.0005664 seconds, Stopping threads took: 0.0000301 seconds
27.813: [GC (Allocation Failure)  83677K->637K(424960K), 0.0004651 secs]
27.813: Total time for which application threads were stopped: 0.0005943 seconds, Stopping threads took: 0.0000166 seconds
27.867: [GC (Allocation Failure)  82045K->637K(423424K), 0.0005214 secs]
27.868: Total time for which application threads were stopped: 0.0006307 seconds, Stopping threads took: 0.0000172 seconds
27.924: [GC (Allocation Failure)  80509K->637K(422400K), 0.0005824 secs]
27.925: Total time for which application threads were stopped: 0.0007037 seconds, Stopping threads took: 0.0000193 seconds
27.977: [GC (Allocation Failure)  79485K->669K(421376K), 0.0005006 secs]
27.978: Total time for which application threads were stopped: 0.0006285 seconds, Stopping threads took: 0.0000208 seconds
28.027: [GC (Allocation Failure)  78493K->637K(420352K), 0.0004857 secs]
28.027: Total time for which application threads were stopped: 0.0006227 seconds, Stopping threads took: 0.0000215 seconds
28.083: [GC (Allocation Failure)  77437K->605K(419328K), 0.0005158 secs]
28.083: Total time for which application threads were stopped: 0.0006649 seconds, Stopping threads took: 0.0000294 seconds
28.134: [GC (Allocation Failure)  76381K->637K(418304K), 0.0006767 secs]
28.135: Total time for which application threads were stopped: 0.0007939 seconds, Stopping threads took: 0.0000198 seconds
28.182: [GC (Allocation Failure)  75389K->669K(417280K), 0.0005188 secs]
28.183: Total time for which application threads were stopped: 0.0006567 seconds, Stopping threads took: 0.0000194 seconds
28.229: [GC (Allocation Failure)  74397K->637K(416256K), 0.0005908 secs]
28.229: Total time for which application threads were stopped: 0.0007377 seconds, Stopping threads took: 0.0000219 seconds
28.279: [GC (Allocation Failure)  73341K->637K(415232K), 0.0005464 secs]
28.280: Total time for which application threads were stopped: 0.0006762 seconds, Stopping threads took: 0.0000232 seconds
28.325: [GC (Allocation Failure)  72317K->669K(414208K), 0.0004420 secs]
28.325: Total time for which application threads were stopped: 0.0005695 seconds, Stopping threads took: 0.0000193 seconds
28.370: [GC (Allocation Failure)  71325K->605K(413184K), 0.0006498 secs]
28.371: Total time for which application threads were stopped: 0.0007850 seconds, Stopping threads took: 0.0000198 seconds
28.415: [GC (Allocation Failure)  70237K->701K(427520K), 0.0006251 secs]
28.415: Total time for which application threads were stopped: 0.0007671 seconds, Stopping threads took: 0.0000214 seconds
28.472: [GC (Allocation Failure)  84669K->669K(425984K), 0.0005045 secs]
28.473: Total time for which application threads were stopped: 0.0006312 seconds, Stopping threads took: 0.0000196 seconds
28.524: [GC (Allocation Failure)  83101K->669K(424448K), 0.0005311 secs]
28.525: Total time for which application threads were stopped: 0.0006478 seconds, Stopping threads took: 0.0000191 seconds
28.576: [GC (Allocation Failure)  81565K->637K(422912K), 0.0004714 secs]
28.576: Total time for which application threads were stopped: 0.0005884 seconds, Stopping threads took: 0.0000193 seconds
28.632: [GC (Allocation Failure)  79997K->637K(421888K), 0.0005342 secs]
28.632: Total time for which application threads were stopped: 0.0006628 seconds, Stopping threads took: 0.0000281 seconds
28.683: [GC (Allocation Failure)  78973K->701K(420864K), 0.0005007 secs]
28.683: Total time for which application threads were stopped: 0.0006332 seconds, Stopping threads took: 0.0000201 seconds
28.736: [GC (Allocation Failure)  78013K->637K(419840K), 0.0004686 secs]
28.737: Total time for which application threads were stopped: 0.0005947 seconds, Stopping threads took: 0.0000274 seconds
28.785: [GC (Allocation Failure)  76925K->637K(418816K), 0.0005434 secs]
28.785: Total time for which application threads were stopped: 0.0006633 seconds, Stopping threads took: 0.0000193 seconds
28.838: [GC (Allocation Failure)  75901K->669K(417792K), 0.0004835 secs]
28.838: Total time for which application threads were stopped: 0.0006045 seconds, Stopping threads took: 0.0000195 seconds
28.885: [GC (Allocation Failure)  74909K->637K(416768K), 0.0005127 secs]
28.885: Total time for which application threads were stopped: 0.0006377 seconds, Stopping threads took: 0.0000274 seconds
28.936: [GC (Allocation Failure)  73853K->605K(415744K), 0.0005499 secs]
28.937: Total time for which application threads were stopped: 0.0006732 seconds, Stopping threads took: 0.0000194 seconds
28.986: [GC (Allocation Failure)  72797K->605K(414720K), 0.0005896 secs]
28.987: Total time for which application threads were stopped: 0.0007088 seconds, Stopping threads took: 0.0000196 seconds
29.031: [GC (Allocation Failure)  71773K->637K(413696K), 0.0004973 secs]
29.032: Total time for which application threads were stopped: 0.0006182 seconds, Stopping threads took: 0.0000191 seconds
29.079: [GC (Allocation Failure)  70781K->701K(412672K), 0.0005487 secs]
29.080: Total time for which application threads were stopped: 0.0006660 seconds, Stopping threads took: 0.0000194 seconds
29.129: [GC (Allocation Failure)  69821K->701K(411648K), 0.0004576 secs]
29.129: Total time for which application threads were stopped: 0.0005678 seconds, Stopping threads took: 0.0000173 seconds
29.176: [GC (Allocation Failure)  68797K->605K(410624K), 0.0003818 secs]
29.177: Total time for which application threads were stopped: 0.0005041 seconds, Stopping threads took: 0.0000264 seconds
29.219: [GC (Allocation Failure)  67677K->669K(409600K), 0.0004887 secs]
29.220: Total time for which application threads were stopped: 0.0006394 seconds, Stopping threads took: 0.0000290 seconds
29.267: [GC (Allocation Failure)  66717K->669K(408576K), 0.0006313 secs]
29.268: Total time for which application threads were stopped: 0.0007780 seconds, Stopping threads took: 0.0000290 seconds
29.309: [GC (Allocation Failure)  65693K->637K(407552K), 0.0004932 secs]
29.310: Total time for which application threads were stopped: 0.0006131 seconds, Stopping threads took: 0.0000192 seconds
29.353: [GC (Allocation Failure)  64637K->637K(406528K), 0.0005109 secs]
29.353: Total time for which application threads were stopped: 0.0006400 seconds, Stopping threads took: 0.0000210 seconds
29.399: [GC (Allocation Failure)  63613K->637K(405504K), 0.0005203 secs]
29.400: Total time for which application threads were stopped: 0.0006574 seconds, Stopping threads took: 0.0000197 seconds
29.442: [GC (Allocation Failure)  62589K->605K(418304K), 0.0005717 secs]
29.442: Total time for which application threads were stopped: 0.0007052 seconds, Stopping threads took: 0.0000201 seconds
29.489: [GC (Allocation Failure)  75357K->669K(433664K), 0.0007241 secs]
29.490: Total time for which application threads were stopped: 0.0008676 seconds, Stopping threads took: 0.0000213 seconds
29.546: [GC (Allocation Failure)  90781K->669K(452096K), 0.0005152 secs]
29.547: Total time for which application threads were stopped: 0.0006360 seconds, Stopping threads took: 0.0000192 seconds
29.615: [GC (Allocation Failure)  109213K->637K(450048K), 0.0004557 secs]
29.615: Total time for which application threads were stopped: 0.0005891 seconds, Stopping threads took: 0.0000296 seconds
29.682: [GC (Allocation Failure)  107133K->669K(448000K), 0.0004206 secs]
29.682: Total time for which application threads were stopped: 0.0005521 seconds, Stopping threads took: 0.0000272 seconds
29.747: [GC (Allocation Failure)  105117K->637K(445952K), 0.0005264 secs]
29.748: Total time for which application threads were stopped: 0.0006501 seconds, Stopping threads took: 0.0000275 seconds
29.812: [GC (Allocation Failure)  103037K->637K(443904K), 0.0005157 secs]
29.813: Total time for which application threads were stopped: 0.0006535 seconds, Stopping threads took: 0.0000204 seconds
29.875: [GC (Allocation Failure)  100989K->605K(441856K), 0.0005633 secs]
29.876: Total time for which application threads were stopped: 0.0006979 seconds, Stopping threads took: 0.0000212 seconds
29.939: [GC (Allocation Failure)  98909K->669K(439808K), 0.0005743 secs]
29.940: Total time for which application threads were stopped: 0.0007005 seconds, Stopping threads took: 0.0000268 seconds
30.000: [GC (Allocation Failure)  96925K->669K(437760K), 0.0004872 secs]
30.000: Total time for which application threads were stopped: 0.0006144 seconds, Stopping threads took: 0.0000210 seconds
30.066: [GC (Allocation Failure)  94877K->637K(436224K), 0.0005015 secs]
30.067: Total time for which application threads were stopped: 0.0006243 seconds, Stopping threads took: 0.0000263 seconds
30.125: [GC (Allocation Failure)  93309K->701K(434688K), 0.0004741 secs]
30.125: Total time for which application threads were stopped: 0.0005935 seconds, Stopping threads took: 0.0000189 seconds
30.183: [GC (Allocation Failure)  91837K->637K(433152K), 0.0005277 secs]
30.184: Total time for which application threads were stopped: 0.0006588 seconds, Stopping threads took: 0.0000198 seconds
30.244: [GC (Allocation Failure)  90237K->669K(431616K), 0.0004743 secs]
30.245: Total time for which application threads were stopped: 0.0005969 seconds, Stopping threads took: 0.0000195 seconds
30.300: [GC (Allocation Failure)  88733K->605K(430080K), 0.0006112 secs]
30.301: Total time for which application threads were stopped: 0.0007610 seconds, Stopping threads took: 0.0000277 seconds
30.359: [GC (Allocation Failure)  87133K->733K(428544K), 0.0005327 secs]
30.360: Total time for which application threads were stopped: 0.0006638 seconds, Stopping threads took: 0.0000221 seconds
30.413: [GC (Allocation Failure)  85725K->637K(427008K), 0.0005215 secs]
30.414: Total time for which application threads were stopped: 0.0006482 seconds, Stopping threads took: 0.0000273 seconds
30.472: [GC (Allocation Failure)  84093K->637K(425472K), 0.0004308 secs]
30.472: Total time for which application threads were stopped: 0.0005451 seconds, Stopping threads took: 0.0000190 seconds
30.523: [GC (Allocation Failure)  82557K->637K(423936K), 0.0004743 secs]
30.524: Total time for which application threads were stopped: 0.0005934 seconds, Stopping threads took: 0.0000198 seconds
30.574: [GC (Allocation Failure)  81021K->669K(422400K), 0.0004783 secs]
30.575: Total time for which application threads were stopped: 0.0006079 seconds, Stopping threads took: 0.0000194 seconds
30.624: [GC (Allocation Failure)  79517K->669K(421376K), 0.0004646 secs]
30.625: Total time for which application threads were stopped: 0.0005917 seconds, Stopping threads took: 0.0000198 seconds
30.674: [GC (Allocation Failure)  78493K->701K(420352K), 0.0004461 secs]
30.674: Total time for which application threads were stopped: 0.0005818 seconds, Stopping threads took: 0.0000290 seconds
30.723: [GC (Allocation Failure)  77501K->637K(419328K), 0.0004553 secs]
30.723: Total time for which application threads were stopped: 0.0005723 seconds, Stopping threads took: 0.0000188 seconds
30.770: [GC (Allocation Failure)  76413K->669K(418304K), 0.0005018 secs]
30.771: Total time for which application threads were stopped: 0.0006228 seconds, Stopping threads took: 0.0000205 seconds
30.818: [GC (Allocation Failure)  75421K->701K(417280K), 0.0004749 secs]
30.818: Total time for which application threads were stopped: 0.0005923 seconds, Stopping threads took: 0.0000194 seconds
30.865: [GC (Allocation Failure)  74429K->669K(416256K), 0.0004613 secs]
30.865: Total time for which application threads were stopped: 0.0005897 seconds, Stopping threads took: 0.0000277 seconds
30.911: [GC (Allocation Failure)  73373K->669K(415232K), 0.0003999 secs]
30.912: Total time for which application threads were stopped: 0.0004890 seconds, Stopping threads took: 0.0000133 seconds
30.960: [GC (Allocation Failure)  72349K->669K(414208K), 0.0004263 secs]
30.960: Total time for which application threads were stopped: 0.0005438 seconds, Stopping threads took: 0.0000195 seconds
31.004: [GC (Allocation Failure)  71325K->637K(413184K), 0.0005006 secs]
31.005: Total time for which application threads were stopped: 0.0006211 seconds, Stopping threads took: 0.0000195 seconds
31.055: [GC (Allocation Failure)  70269K->637K(412160K), 0.0004537 secs]
31.055: Total time for which application threads were stopped: 0.0005767 seconds, Stopping threads took: 0.0000208 seconds
31.098: [GC (Allocation Failure)  69245K->605K(411136K), 0.0005262 secs]
31.099: Total time for which application threads were stopped: 0.0006323 seconds, Stopping threads took: 0.0000167 seconds
31.141: [GC (Allocation Failure)  68189K->637K(410112K), 0.0004234 secs]
31.142: Total time for which application threads were stopped: 0.0005426 seconds, Stopping threads took: 0.0000195 seconds
31.184: [GC (Allocation Failure)  67197K->733K(409088K), 0.0004079 secs]
31.184: Total time for which application threads were stopped: 0.0005265 seconds, Stopping threads took: 0.0000252 seconds
31.226: [GC (Allocation Failure)  66269K->669K(408064K), 0.0004823 secs]
31.226: Total time for which application threads were stopped: 0.0006084 seconds, Stopping threads took: 0.0000198 seconds
31.267: [GC (Allocation Failure)  65181K->637K(407040K), 0.0005214 secs]
31.268: Total time for which application threads were stopped: 0.0007004 seconds, Stopping threads took: 0.0000199 seconds
31.313: [GC (Allocation Failure)  64125K->669K(406016K), 0.0005536 secs]
31.314: Total time for which application threads were stopped: 0.0007009 seconds, Stopping threads took: 0.0000303 seconds
31.353: [GC (Allocation Failure)  63133K->637K(418816K), 0.0006071 secs]
31.354: Total time for which application threads were stopped: 0.0007558 seconds, Stopping threads took: 0.0000290 seconds
31.401: [GC (Allocation Failure)  75901K->669K(434176K), 0.0005480 secs]
31.401: Total time for which application threads were stopped: 0.0007049 seconds, Stopping threads took: 0.0000238 seconds
31.458: [GC (Allocation Failure)  91293K->605K(452608K), 0.0006334 secs]
31.459: Total time for which application threads were stopped: 0.0007834 seconds, Stopping threads took: 0.0000224 seconds
31.532: [GC (Allocation Failure)  109661K->733K(450560K), 0.0004751 secs]
31.532: Total time for which application threads were stopped: 0.0006143 seconds, Stopping threads took: 0.0000304 seconds
31.599: [GC (Allocation Failure)  107741K->669K(448512K), 0.0004914 secs]
31.600: Total time for which application threads were stopped: 0.0006190 seconds, Stopping threads took: 0.0000275 seconds
31.666: [GC (Allocation Failure)  105629K->605K(446464K), 0.0005456 secs]
31.666: Total time for which application threads were stopped: 0.0006747 seconds, Stopping threads took: 0.0000277 seconds
31.736: [GC (Allocation Failure)  103517K->701K(444416K), 0.0005191 secs]
31.736: Total time for which application threads were stopped: 0.0006495 seconds, Stopping threads took: 0.0000215 seconds
31.799: [GC (Allocation Failure)  101565K->733K(442368K), 0.0006005 secs]
31.800: Total time for which application threads were stopped: 0.0007406 seconds, Stopping threads took: 0.0000205 seconds
31.862: [GC (Allocation Failure)  99549K->605K(440320K), 0.0005271 secs]
31.862: Total time for which application threads were stopped: 0.0006586 seconds, Stopping threads took: 0.0000220 seconds
31.924: [GC (Allocation Failure)  97373K->733K(438272K), 0.0005262 secs]
31.925: Total time for which application threads were stopped: 0.0006477 seconds, Stopping threads took: 0.0000196 seconds
31.990: [GC (Allocation Failure)  95453K->605K(436736K), 0.0006857 secs]
31.991: Total time for which application threads were stopped: 0.0008202 seconds, Stopping threads took: 0.0000210 seconds
32.054: [GC (Allocation Failure)  93789K->637K(435200K), 0.0004796 secs]
32.055: Total time for which application threads were stopped: 0.0006185 seconds, Stopping threads took: 0.0000301 seconds
32.117: [GC (Allocation Failure)  92285K->637K(433664K), 0.0005819 secs]
32.117: Total time for which application threads were stopped: 0.0007097 seconds, Stopping threads took: 0.0000191 seconds
32.180: [GC (Allocation Failure)  90749K->669K(432128K), 0.0004889 secs]
32.181: Total time for which application threads were stopped: 0.0006042 seconds, Stopping threads took: 0.0000192 seconds
32.236: [GC (Allocation Failure)  89245K->637K(430592K), 0.0004597 secs]
32.236: Total time for which application threads were stopped: 0.0005883 seconds, Stopping threads took: 0.0000267 seconds
32.295: [GC (Allocation Failure)  87677K->669K(429056K), 0.0005277 secs]
32.295: Total time for which application threads were stopped: 0.0006529 seconds, Stopping threads took: 0.0000192 seconds
32.355: [GC (Allocation Failure)  86173K->669K(427520K), 0.0004781 secs]
32.355: Total time for which application threads were stopped: 0.0006079 seconds, Stopping threads took: 0.0000281 seconds
32.414: [GC (Allocation Failure)  84637K->733K(425984K), 0.0004765 secs]
32.414: Total time for which application threads were stopped: 0.0005975 seconds, Stopping threads took: 0.0000188 seconds
32.471: [GC (Allocation Failure)  83165K->669K(424448K), 0.0005599 secs]
32.471: Total time for which application threads were stopped: 0.0006994 seconds, Stopping threads took: 0.0000206 seconds
32.528: [GC (Allocation Failure)  81565K->637K(422912K), 0.0005928 secs]
32.529: Total time for which application threads were stopped: 0.0007283 seconds, Stopping threads took: 0.0000209 seconds
32.579: [GC (Allocation Failure)  79997K->669K(421888K), 0.0006944 secs]
32.579: Total time for which application threads were stopped: 0.0008349 seconds, Stopping threads took: 0.0000219 seconds
32.629: [GC (Allocation Failure)  79005K->605K(420864K), 0.0006555 secs]
32.629: Total time for which application threads were stopped: 0.0007943 seconds, Stopping threads took: 0.0000218 seconds
32.679: [GC (Allocation Failure)  77917K->701K(436736K), 0.0007191 secs]
32.679: Total time for which application threads were stopped: 0.0008516 seconds, Stopping threads took: 0.0000276 seconds
32.742: [GC (Allocation Failure)  93885K->669K(435200K), 0.0004789 secs]
32.742: Total time for which application threads were stopped: 0.0005979 seconds, Stopping threads took: 0.0000201 seconds
32.799: [GC (Allocation Failure)  92317K->637K(433664K), 0.0005411 secs]
32.800: Total time for which application threads were stopped: 0.0006656 seconds, Stopping threads took: 0.0000270 seconds
32.856: [GC (Allocation Failure)  90749K->637K(432128K), 0.0005781 secs]
32.857: Total time for which application threads were stopped: 0.0007041 seconds, Stopping threads took: 0.0000269 seconds
32.919: [GC (Allocation Failure)  89213K->637K(430592K), 0.0005033 secs]
32.919: Total time for which application threads were stopped: 0.0006312 seconds, Stopping threads took: 0.0000266 seconds
32.974: [GC (Allocation Failure)  87677K->669K(429056K), 0.0005523 secs]
32.974: Total time for which application threads were stopped: 0.0006710 seconds, Stopping threads took: 0.0000194 seconds
33.028: [GC (Allocation Failure)  86173K->669K(427520K), 0.0004121 secs]
33.028: Total time for which application threads were stopped: 0.0005636 seconds, Stopping threads took: 0.0000195 seconds
33.087: [GC (Allocation Failure)  84637K->701K(425984K), 0.0006538 secs]
33.088: Total time for which application threads were stopped: 0.0007579 seconds, Stopping threads took: 0.0000161 seconds
33.139: [GC (Allocation Failure)  83133K->637K(424448K), 0.0004382 secs]
33.140: Total time for which application threads were stopped: 0.0005568 seconds, Stopping threads took: 0.0000168 seconds
33.196: [GC (Allocation Failure)  81533K->701K(422912K), 0.0005686 secs]
33.197: Total time for which application threads were stopped: 0.0006962 seconds, Stopping threads took: 0.0000212 seconds
33.247: [GC (Allocation Failure)  80061K->669K(421888K), 0.0004452 secs]
33.248: Total time for which application threads were stopped: 0.0005692 seconds, Stopping threads took: 0.0000252 seconds
33.297: [GC (Allocation Failure)  79005K->669K(420864K), 0.0005996 secs]
33.298: Total time for which application threads were stopped: 0.0007205 seconds, Stopping threads took: 0.0000197 seconds
33.346: [GC (Allocation Failure)  77981K->669K(419840K), 0.0005244 secs]
33.347: Total time for which application threads were stopped: 0.0006457 seconds, Stopping threads took: 0.0000200 seconds
33.395: [GC (Allocation Failure)  76957K->637K(418816K), 0.0004997 secs]
33.395: Total time for which application threads were stopped: 0.0006376 seconds, Stopping threads took: 0.0000198 seconds
33.447: [GC (Allocation Failure)  75901K->605K(417792K), 0.0006311 secs]
33.448: Total time for which application threads were stopped: 0.0007697 seconds, Stopping threads took: 0.0000298 seconds
33.494: [GC (Allocation Failure)  74845K->669K(416768K), 0.0006019 secs]
33.495: Total time for which application threads were stopped: 0.0007251 seconds, Stopping threads took: 0.0000204 seconds
33.541: [GC (Allocation Failure)  73885K->701K(431616K), 0.0006268 secs]
33.542: Total time for which application threads were stopped: 0.0007537 seconds, Stopping threads took: 0.0000250 seconds
33.597: [GC (Allocation Failure)  88765K->669K(430080K), 0.0005131 secs]
33.597: Total time for which application threads were stopped: 0.0006440 seconds, Stopping threads took: 0.0000274 seconds
33.651: [GC (Allocation Failure)  87197K->733K(428544K), 0.0005535 secs]
33.652: Total time for which application threads were stopped: 0.0006753 seconds, Stopping threads took: 0.0000252 seconds
33.706: [GC (Allocation Failure)  85725K->733K(427008K), 0.0004746 secs]
33.706: Total time for which application threads were stopped: 0.0006259 seconds, Stopping threads took: 0.0000449 seconds
33.758: [GC (Allocation Failure)  84189K->669K(425472K), 0.0005287 secs]
33.759: Total time for which application threads were stopped: 0.0006710 seconds, Stopping threads took: 0.0000300 seconds
33.816: [GC (Allocation Failure)  82589K->637K(423936K), 0.0005667 secs]
33.817: Total time for which application threads were stopped: 0.0007168 seconds, Stopping threads took: 0.0000220 seconds
33.867: [GC (Allocation Failure)  81021K->637K(422400K), 0.0005576 secs]
33.868: Total time for which application threads were stopped: 0.0007027 seconds, Stopping threads took: 0.0000305 seconds
33.918: [GC (Allocation Failure)  79485K->701K(421376K), 0.0004424 secs]
33.918: Total time for which application threads were stopped: 0.0005520 seconds, Stopping threads took: 0.0000163 seconds
33.970: [GC (Allocation Failure)  78525K->733K(420352K), 0.0004655 secs]
33.971: Total time for which application threads were stopped: 0.0005849 seconds, Stopping threads took: 0.0000194 seconds
34.026: [GC (Allocation Failure)  77533K->669K(419328K), 0.0005464 secs]
34.026: Total time for which application threads were stopped: 0.0006666 seconds, Stopping threads took: 0.0000202 seconds
34.074: [GC (Allocation Failure)  76445K->669K(418304K), 0.0005547 secs]
34.075: Total time for which application threads were stopped: 0.0006902 seconds, Stopping threads took: 0.0000217 seconds
34.122: [GC (Allocation Failure)  75421K->701K(417280K), 0.0005704 secs]
34.122: Total time for which application threads were stopped: 0.0007501 seconds, Stopping threads took: 0.0000212 seconds
34.175: [GC (Allocation Failure)  74429K->669K(416256K), 0.0005505 secs]
34.175: Total time for which application threads were stopped: 0.0006905 seconds, Stopping threads took: 0.0000194 seconds
34.221: [GC (Allocation Failure)  73373K->669K(415232K), 0.0005403 secs]
34.221: Total time for which application threads were stopped: 0.0006727 seconds, Stopping threads took: 0.0000222 seconds
34.272: [GC (Allocation Failure)  72349K->669K(414208K), 0.0005599 secs]
34.273: Total time for which application threads were stopped: 0.0006807 seconds, Stopping threads took: 0.0000193 seconds
34.320: [GC (Allocation Failure)  71325K->701K(413184K), 0.0004684 secs]
34.320: Total time for which application threads were stopped: 0.0005902 seconds, Stopping threads took: 0.0000197 seconds
34.364: [GC (Allocation Failure)  70333K->669K(412160K), 0.0006016 secs]
34.365: Total time for which application threads were stopped: 0.0007414 seconds, Stopping threads took: 0.0000288 seconds
34.408: [GC (Allocation Failure)  69277K->669K(411136K), 0.0004888 secs]
34.408: Total time for which application threads were stopped: 0.0006641 seconds, Stopping threads took: 0.0000611 seconds
34.456: [GC (Allocation Failure)  68253K->605K(410112K), 0.0004699 secs]
34.457: Total time for which application threads were stopped: 0.0006029 seconds, Stopping threads took: 0.0000284 seconds
34.498: [GC (Allocation Failure)  67165K->733K(423424K), 0.0007009 secs]
34.499: Total time for which application threads were stopped: 0.0008270 seconds, Stopping threads took: 0.0000271 seconds
34.549: [GC (Allocation Failure)  80605K->733K(439808K), 0.0004953 secs]
34.550: Total time for which application threads were stopped: 0.0006278 seconds, Stopping threads took: 0.0000191 seconds
34.614: [GC (Allocation Failure)  96989K->637K(437760K), 0.0004819 secs]
34.615: Total time for which application threads were stopped: 0.0006109 seconds, Stopping threads took: 0.0000203 seconds
34.675: [GC (Allocation Failure)  94845K->669K(436224K), 0.0004154 secs]
34.676: Total time for which application threads were stopped: 0.0005457 seconds, Stopping threads took: 0.0000190 seconds
34.734: [GC (Allocation Failure)  93341K->669K(434688K), 0.0005286 secs]
34.734: Total time for which application threads were stopped: 0.0006549 seconds, Stopping threads took: 0.0000273 seconds
34.797: [GC (Allocation Failure)  91805K->605K(433152K), 0.0006807 secs]
34.797: Total time for which application threads were stopped: 0.0008328 seconds, Stopping threads took: 0.0000271 seconds
34.857: [GC (Allocation Failure)  90205K->669K(431616K), 0.0005669 secs]
34.857: Total time for which application threads were stopped: 0.0007030 seconds, Stopping threads took: 0.0000212 seconds
34.913: [GC (Allocation Failure)  88733K->605K(430080K), 0.0004010 secs]
34.914: Total time for which application threads were stopped: 0.0005105 seconds, Stopping threads took: 0.0000236 seconds
34.968: [GC (Allocation Failure)  87133K->669K(428544K), 0.0004434 secs]
34.968: Total time for which application threads were stopped: 0.0005485 seconds, Stopping threads took: 0.0000179 seconds
35.022: [GC (Allocation Failure)  85661K->605K(427008K), 0.0006293 secs]
35.022: Total time for which application threads were stopped: 0.0007531 seconds, Stopping threads took: 0.0000196 seconds
35.074: [GC (Allocation Failure)  84061K->669K(425472K), 0.0006194 secs]
35.075: Total time for which application threads were stopped: 0.0007450 seconds, Stopping threads took: 0.0000268 seconds
35.126: [GC (Allocation Failure)  82589K->701K(423936K), 0.0004553 secs]
35.127: Total time for which application threads were stopped: 0.0005755 seconds, Stopping threads took: 0.0000194 seconds
35.178: [GC (Allocation Failure)  81085K->637K(422400K), 0.0005892 secs]
35.178: Total time for which application threads were stopped: 0.0007083 seconds, Stopping threads took: 0.0000190 seconds
35.228: [GC (Allocation Failure)  79485K->701K(421376K), 0.0005745 secs]
35.228: Total time for which application threads were stopped: 0.0006952 seconds, Stopping threads took: 0.0000191 seconds
35.277: [GC (Allocation Failure)  78525K->669K(420352K), 0.0004900 secs]
35.278: Total time for which application threads were stopped: 0.0006140 seconds, Stopping threads took: 0.0000201 seconds
35.326: [GC (Allocation Failure)  77469K->701K(419328K), 0.0005403 secs]
35.326: Total time for which application threads were stopped: 0.0006826 seconds, Stopping threads took: 0.0000290 seconds
35.374: [GC (Allocation Failure)  76477K->637K(418304K), 0.0005853 secs]
35.374: Total time for which application threads were stopped: 0.0007285 seconds, Stopping threads took: 0.0000211 seconds
35.421: [GC (Allocation Failure)  75389K->669K(417280K), 0.0005139 secs]
35.422: Total time for which application threads were stopped: 0.0006602 seconds, Stopping threads took: 0.0000217 seconds
35.474: [GC (Allocation Failure)  74397K->701K(416256K), 0.0004847 secs]
35.474: Total time for which application threads were stopped: 0.0006205 seconds, Stopping threads took: 0.0000265 seconds
35.520: [GC (Allocation Failure)  73405K->669K(415232K), 0.0005946 secs]
35.520: Total time for which application threads were stopped: 0.0007145 seconds, Stopping threads took: 0.0000197 seconds
35.565: [GC (Allocation Failure)  72349K->637K(414208K), 0.0005015 secs]
35.566: Total time for which application threads were stopped: 0.0006467 seconds, Stopping threads took: 0.0000277 seconds
35.614: [GC (Allocation Failure)  71293K->637K(413184K), 0.0004959 secs]
35.615: Total time for which application threads were stopped: 0.0006442 seconds, Stopping threads took: 0.0000194 seconds
35.659: [GC (Allocation Failure)  70269K->701K(412160K), 0.0005596 secs]
35.660: Total time for which application threads were stopped: 0.0007031 seconds, Stopping threads took: 0.0000269 seconds
35.708: [GC (Allocation Failure)  69309K->605K(411136K), 0.0005611 secs]
35.709: Total time for which application threads were stopped: 0.0006935 seconds, Stopping threads took: 0.0000198 seconds
35.757: [GC (Allocation Failure)  68189K->669K(410112K), 0.0004751 secs]
35.758: Total time for which application threads were stopped: 0.0005992 seconds, Stopping threads took: 0.0000272 seconds
35.799: [GC (Allocation Failure)  67229K->637K(409088K), 0.0005407 secs]
35.800: Total time for which application threads were stopped: 0.0006565 seconds, Stopping threads took: 0.0000188 seconds
35.845: [GC (Allocation Failure)  66173K->669K(408064K), 0.0004975 secs]
35.845: Total time for which application threads were stopped: 0.0006172 seconds, Stopping threads took: 0.0000189 seconds
35.885: [GC (Allocation Failure)  65181K->637K(407040K), 0.0004921 secs]
35.886: Total time for which application threads were stopped: 0.0006112 seconds, Stopping threads took: 0.0000190 seconds
35.926: [GC (Allocation Failure)  64125K->669K(406016K), 0.0004752 secs]
35.927: Total time for which application threads were stopped: 0.0006014 seconds, Stopping threads took: 0.0000270 seconds
35.966: [GC (Allocation Failure)  63133K->637K(405504K), 0.0004768 secs]
35.967: Total time for which application threads were stopped: 0.0005965 seconds, Stopping threads took: 0.0000194 seconds
36.006: [GC (Allocation Failure)  62589K->669K(418304K), 0.0005156 secs]
36.006: Total time for which application threads were stopped: 0.0006359 seconds, Stopping threads took: 0.0000195 seconds
36.053: [GC (Allocation Failure)  75421K->669K(417280K), 0.0004236 secs]
36.054: Total time for which application threads were stopped: 0.0005431 seconds, Stopping threads took: 0.0000191 seconds
36.100: [GC (Allocation Failure)  74397K->637K(416256K), 0.0004539 secs]
36.100: Total time for which application threads were stopped: 0.0005901 seconds, Stopping threads took: 0.0000393 seconds
36.152: [GC (Allocation Failure)  73341K->701K(415232K), 0.0004515 secs]
36.152: Total time for which application threads were stopped: 0.0005712 seconds, Stopping threads took: 0.0000190 seconds
36.197: [GC (Allocation Failure)  72381K->733K(429568K), 0.0007556 secs]
36.198: Total time for which application threads were stopped: 0.0008874 seconds, Stopping threads took: 0.0000264 seconds
36.252: [GC (Allocation Failure)  86749K->669K(428032K), 0.0004994 secs]
36.253: Total time for which application threads were stopped: 0.0006337 seconds, Stopping threads took: 0.0000292 seconds
36.306: [GC (Allocation Failure)  85149K->637K(426496K), 0.0004934 secs]
36.306: Total time for which application threads were stopped: 0.0006147 seconds, Stopping threads took: 0.0000192 seconds
36.364: [GC (Allocation Failure)  83581K->637K(424960K), 0.0005490 secs]
36.364: Total time for which application threads were stopped: 0.0006697 seconds, Stopping threads took: 0.0000190 seconds
36.421: [GC (Allocation Failure)  82045K->605K(423424K), 0.0005160 secs]
36.422: Total time for which application threads were stopped: 0.0006395 seconds, Stopping threads took: 0.0000213 seconds
36.476: [GC (Allocation Failure)  80477K->573K(422400K), 0.0005391 secs]
36.477: Total time for which application threads were stopped: 0.0006439 seconds, Stopping threads took: 0.0000165 seconds
36.526: [GC (Allocation Failure)  79421K->701K(421376K), 0.0004778 secs]
36.527: Total time for which application threads were stopped: 0.0005862 seconds, Stopping threads took: 0.0000174 seconds
36.575: [GC (Allocation Failure)  78525K->701K(420352K), 0.0004796 secs]
36.576: Total time for which application threads were stopped: 0.0006049 seconds, Stopping threads took: 0.0000250 seconds
36.624: [GC (Allocation Failure)  77501K->637K(419328K), 0.0006784 secs]
36.625: Total time for which application threads were stopped: 0.0008095 seconds, Stopping threads took: 0.0000209 seconds
36.672: [GC (Allocation Failure)  76413K->637K(418304K), 0.0005476 secs]
36.673: Total time for which application threads were stopped: 0.0006976 seconds, Stopping threads took: 0.0000295 seconds
36.725: [GC (Allocation Failure)  75389K->637K(433664K), 0.0007203 secs]
36.726: Total time for which application threads were stopped: 0.0008605 seconds, Stopping threads took: 0.0000208 seconds
36.788: [GC (Allocation Failure)  90749K->733K(432128K), 0.0005221 secs]
36.789: Total time for which application threads were stopped: 0.0006465 seconds, Stopping threads took: 0.0000214 seconds
36.850: [GC (Allocation Failure)  89309K->637K(430592K), 0.0004844 secs]
36.850: Total time for which application threads were stopped: 0.0006293 seconds, Stopping threads took: 0.0000280 seconds
36.910: [GC (Allocation Failure)  87677K->637K(429056K), 0.0004301 secs]
36.911: Total time for which application threads were stopped: 0.0005377 seconds, Stopping threads took: 0.0000221 seconds
36.964: [GC (Allocation Failure)  86141K->637K(427520K), 0.0004606 secs]
36.965: Total time for which application threads were stopped: 0.0005841 seconds, Stopping threads took: 0.0000202 seconds
37.021: [GC (Allocation Failure)  84605K->637K(425984K), 0.0005024 secs]
37.021: Total time for which application threads were stopped: 0.0006249 seconds, Stopping threads took: 0.0000213 seconds
37.073: [GC (Allocation Failure)  83069K->669K(424448K), 0.0005945 secs]
37.074: Total time for which application threads were stopped: 0.0007001 seconds, Stopping threads took: 0.0000172 seconds
37.124: [GC (Allocation Failure)  81565K->701K(422912K), 0.0004728 secs]
37.125: Total time for which application threads were stopped: 0.0006074 seconds, Stopping threads took: 0.0000168 seconds
37.182: [GC (Allocation Failure)  80061K->637K(421888K), 0.0004266 secs]
37.182: Total time for which application threads were stopped: 0.0005452 seconds, Stopping threads took: 0.0000248 seconds
37.231: [GC (Allocation Failure)  78973K->669K(420864K), 0.0004935 secs]
37.232: Total time for which application threads were stopped: 0.0006391 seconds, Stopping threads took: 0.0000194 seconds
37.280: [GC (Allocation Failure)  77981K->701K(419840K), 0.0004772 secs]
37.280: Total time for which application threads were stopped: 0.0006072 seconds, Stopping threads took: 0.0000232 seconds
37.336: [GC (Allocation Failure)  76989K->669K(418816K), 0.0007772 secs]
37.336: Total time for which application threads were stopped: 0.0008958 seconds, Stopping threads took: 0.0000199 seconds
37.391: [GC (Allocation Failure)  75933K->733K(417792K), 0.0004613 secs]
37.392: Total time for which application threads were stopped: 0.0005801 seconds, Stopping threads took: 0.0000196 seconds
37.441: [GC (Allocation Failure)  74973K->701K(416768K), 0.0004704 secs]
37.442: Total time for which application threads were stopped: 0.0005877 seconds, Stopping threads took: 0.0000194 seconds
37.488: [GC (Allocation Failure)  73917K->637K(415744K), 0.0004673 secs]
37.488: Total time for which application threads were stopped: 0.0005724 seconds, Stopping threads took: 0.0000169 seconds
37.539: [GC (Allocation Failure)  72829K->605K(414720K), 0.0007041 secs]
37.540: Total time for which application threads were stopped: 0.0008278 seconds, Stopping threads took: 0.0000188 seconds
37.588: [GC (Allocation Failure)  71773K->637K(413696K), 0.0005767 secs]
37.589: Total time for which application threads were stopped: 0.0007263 seconds, Stopping threads took: 0.0000295 seconds
37.633: [GC (Allocation Failure)  70781K->701K(412672K), 0.0005221 secs]
37.633: Total time for which application threads were stopped: 0.0006646 seconds, Stopping threads took: 0.0000204 seconds
37.682: [GC (Allocation Failure)  69821K->701K(411648K), 0.0005092 secs]
37.683: Total time for which application threads were stopped: 0.0006368 seconds, Stopping threads took: 0.0000205 seconds
37.725: [GC (Allocation Failure)  68797K->637K(410624K), 0.0004999 secs]
37.726: Total time for which application threads were stopped: 0.0006303 seconds, Stopping threads took: 0.0000208 seconds
37.768: [GC (Allocation Failure)  67709K->669K(424448K), 0.0007842 secs]
37.769: Total time for which application threads were stopped: 0.0009227 seconds, Stopping threads took: 0.0000214 seconds
37.820: [GC (Allocation Failure)  81565K->637K(440832K), 0.0005624 secs]
37.820: Total time for which application threads were stopped: 0.0007386 seconds, Stopping threads took: 0.0000219 seconds
37.887: [GC (Allocation Failure)  97917K->701K(438784K), 0.0005704 secs]
37.888: Total time for which application threads were stopped: 0.0007108 seconds, Stopping threads took: 0.0000264 seconds
37.951: [GC (Allocation Failure)  95933K->669K(437248K), 0.0005008 secs]
37.952: Total time for which application threads were stopped: 0.0006253 seconds, Stopping threads took: 0.0000195 seconds
38.011: [GC (Allocation Failure)  94365K->669K(435712K), 0.0005231 secs]
38.011: Total time for which application threads were stopped: 0.0006433 seconds, Stopping threads took: 0.0000193 seconds
38.069: [GC (Allocation Failure)  92829K->701K(434176K), 0.0006411 secs]
38.070: Total time for which application threads were stopped: 0.0007894 seconds, Stopping threads took: 0.0000289 seconds
38.132: [GC (Allocation Failure)  91325K->669K(432640K), 0.0005165 secs]
38.133: Total time for which application threads were stopped: 0.0006610 seconds, Stopping threads took: 0.0000223 seconds
38.190: [GC (Allocation Failure)  89757K->637K(431104K), 0.0004507 secs]
38.191: Total time for which application threads were stopped: 0.0005835 seconds, Stopping threads took: 0.0000273 seconds
38.252: [GC (Allocation Failure)  88189K->669K(429568K), 0.0005231 secs]
38.252: Total time for which application threads were stopped: 0.0006986 seconds, Stopping threads took: 0.0000235 seconds
38.306: [GC (Allocation Failure)  86685K->669K(428032K), 0.0005920 secs]
38.307: Total time for which application threads were stopped: 0.0007113 seconds, Stopping threads took: 0.0000198 seconds
38.363: [GC (Allocation Failure)  85149K->637K(426496K), 0.0007231 secs]
38.364: Total time for which application threads were stopped: 0.0008657 seconds, Stopping threads took: 0.0000293 seconds
38.416: [GC (Allocation Failure)  83581K->669K(424960K), 0.0006140 secs]
38.417: Total time for which application threads were stopped: 0.0007558 seconds, Stopping threads took: 0.0000293 seconds
38.468: [GC (Allocation Failure)  82077K->637K(423424K), 0.0006559 secs]
38.468: Total time for which application threads were stopped: 0.0008117 seconds, Stopping threads took: 0.0000302 seconds
38.524: [GC (Allocation Failure)  80509K->637K(422400K), 0.0006748 secs]
38.524: Total time for which application threads were stopped: 0.0008153 seconds, Stopping threads took: 0.0000220 seconds
38.574: [GC (Allocation Failure)  79485K->669K(421376K), 0.0005233 secs]
38.575: Total time for which application threads were stopped: 0.0006721 seconds, Stopping threads took: 0.0000223 seconds
38.624: [GC (Allocation Failure)  78493K->669K(420352K), 0.0004754 secs]
38.624: Total time for which application threads were stopped: 0.0006041 seconds, Stopping threads took: 0.0000199 seconds
38.674: [GC (Allocation Failure)  77469K->669K(419328K), 0.0004003 secs]
38.674: Total time for which application threads were stopped: 0.0005527 seconds, Stopping threads took: 0.0000269 seconds
38.722: [GC (Allocation Failure)  76445K->701K(418304K), 0.0005302 secs]
38.723: Total time for which application threads were stopped: 0.0006632 seconds, Stopping threads took: 0.0000219 seconds
38.774: [GC (Allocation Failure)  75453K->669K(417280K), 0.0004787 secs]
38.775: Total time for which application threads were stopped: 0.0006022 seconds, Stopping threads took: 0.0000212 seconds
38.828: [GC (Allocation Failure)  74397K->669K(416256K), 0.0006676 secs]
38.828: Total time for which application threads were stopped: 0.0007875 seconds, Stopping threads took: 0.0000190 seconds
38.881: [GC (Allocation Failure)  73373K->701K(415232K), 0.0005024 secs]
38.881: Total time for which application threads were stopped: 0.0006310 seconds, Stopping threads took: 0.0000276 seconds
38.927: [GC (Allocation Failure)  72381K->701K(414208K), 0.0006044 secs]
38.928: Total time for which application threads were stopped: 0.0007192 seconds, Stopping threads took: 0.0000247 seconds
38.978: [GC (Allocation Failure)  71357K->605K(413184K), 0.0004217 secs]
38.978: Total time for which application threads were stopped: 0.0005284 seconds, Stopping threads took: 0.0000167 seconds
39.026: [GC (Allocation Failure)  70237K->669K(412160K), 0.0004564 secs]
39.026: Total time for which application threads were stopped: 0.0005777 seconds, Stopping threads took: 0.0000193 seconds
39.070: [GC (Allocation Failure)  69277K->637K(411136K), 0.0004953 secs]
39.070: Total time for which application threads were stopped: 0.0006197 seconds, Stopping threads took: 0.0000198 seconds
39.113: [GC (Allocation Failure)  68221K->669K(410112K), 0.0005227 secs]
39.113: Total time for which application threads were stopped: 0.0006656 seconds, Stopping threads took: 0.0000287 seconds
39.156: [GC (Allocation Failure)  67229K->637K(409088K), 0.0004544 secs]
39.156: Total time for which application threads were stopped: 0.0005823 seconds, Stopping threads took: 0.0000267 seconds
39.199: [GC (Allocation Failure)  66173K->637K(408064K), 0.0004250 secs]
39.199: Total time for which application threads were stopped: 0.0005589 seconds, Stopping threads took: 0.0000207 seconds
39.240: [GC (Allocation Failure)  65149K->701K(407040K), 0.0005317 secs]
39.240: Total time for which application threads were stopped: 0.0006691 seconds, Stopping threads took: 0.0000212 seconds
39.280: [GC (Allocation Failure)  64189K->637K(406016K), 0.0004928 secs]
39.281: Total time for which application threads were stopped: 0.0006160 seconds, Stopping threads took: 0.0000199 seconds
39.327: [GC (Allocation Failure)  63101K->669K(405504K), 0.0004470 secs]
39.328: Total time for which application threads were stopped: 0.0005635 seconds, Stopping threads took: 0.0000192 seconds
39.373: [GC (Allocation Failure)  62621K->669K(404992K), 0.0005703 secs]
39.373: Total time for which application threads were stopped: 0.0007143 seconds, Stopping threads took: 0.0000221 seconds
39.412: [GC (Allocation Failure)  62109K->605K(417280K), 0.0006518 secs]
39.413: Total time for which application threads were stopped: 0.0007982 seconds, Stopping threads took: 0.0000209 seconds
39.459: [GC (Allocation Failure)  74333K->605K(432128K), 0.0007021 secs]
39.460: Total time for which application threads were stopped: 0.0008382 seconds, Stopping threads took: 0.0000218 seconds
39.515: [GC (Allocation Failure)  89181K->669K(450048K), 0.0004884 secs]
39.515: Total time for which application threads were stopped: 0.0006191 seconds, Stopping threads took: 0.0000214 seconds
39.586: [GC (Allocation Failure)  107165K->637K(448000K), 0.0004780 secs]
39.587: Total time for which application threads were stopped: 0.0005971 seconds, Stopping threads took: 0.0000193 seconds
39.658: [GC (Allocation Failure)  105085K->637K(445952K), 0.0004551 secs]
39.658: Total time for which application threads were stopped: 0.0005787 seconds, Stopping threads took: 0.0000187 seconds
39.729: [GC (Allocation Failure)  103037K->669K(443904K), 0.0004645 secs]
39.730: Total time for which application threads were stopped: 0.0005898 seconds, Stopping threads took: 0.0000272 seconds
39.792: [GC (Allocation Failure)  101021K->637K(441856K), 0.0005780 secs]
39.793: Total time for which application threads were stopped: 0.0006935 seconds, Stopping threads took: 0.0000196 seconds
39.854: [GC (Allocation Failure)  98941K->669K(439808K), 0.0004626 secs]
39.855: Total time for which application threads were stopped: 0.0005807 seconds, Stopping threads took: 0.0000192 seconds
39.922: [GC (Allocation Failure)  96925K->733K(437760K), 0.0005853 secs]
39.923: Total time for which application threads were stopped: 0.0006997 seconds, Stopping threads took: 0.0000188 seconds
39.986: [GC (Allocation Failure)  94941K->637K(436224K), 0.0004528 secs]
39.986: Total time for which application threads were stopped: 0.0005581 seconds, Stopping threads took: 0.0000166 seconds
40.044: [GC (Allocation Failure)  93309K->669K(434688K), 0.0004877 secs]
40.045: Total time for which application threads were stopped: 0.0006217 seconds, Stopping threads took: 0.0000274 seconds
40.102: [GC (Allocation Failure)  91805K->605K(433152K), 0.0004326 secs]
40.102: Total time for which application threads were stopped: 0.0005544 seconds, Stopping threads took: 0.0000203 seconds
40.159: [GC (Allocation Failure)  90205K->637K(431616K), 0.0005200 secs]
40.159: Total time for which application threads were stopped: 0.0006486 seconds, Stopping threads took: 0.0000191 seconds
40.218: [GC (Allocation Failure)  88701K->605K(430080K), 0.0004649 secs]
40.218: Total time for which application threads were stopped: 0.0005825 seconds, Stopping threads took: 0.0000254 seconds
40.273: [GC (Allocation Failure)  87133K->669K(428544K), 0.0005084 secs]
40.273: Total time for which application threads were stopped: 0.0006500 seconds, Stopping threads took: 0.0000275 seconds
40.332: [GC (Allocation Failure)  85661K->669K(427008K), 0.0004800 secs]
40.333: Total time for which application threads were stopped: 0.0006066 seconds, Stopping threads took: 0.0000268 seconds
40.385: [GC (Allocation Failure)  84125K->637K(425472K), 0.0005119 secs]
40.386: Total time for which application threads were stopped: 0.0006400 seconds, Stopping threads took: 0.0000205 seconds
40.437: [GC (Allocation Failure)  82557K->637K(423936K), 0.0006914 secs]
40.438: Total time for which application threads were stopped: 0.0008253 seconds, Stopping threads took: 0.0000201 seconds
40.494: [GC (Allocation Failure)  81021K->733K(422400K), 0.0004760 secs]
40.494: Total time for which application threads were stopped: 0.0005982 seconds, Stopping threads took: 0.0000202 seconds
40.543: [GC (Allocation Failure)  79581K->669K(421376K), 0.0006287 secs]
40.544: Total time for which application threads were stopped: 0.0007538 seconds, Stopping threads took: 0.0000190 seconds
40.593: [GC (Allocation Failure)  78493K->605K(420352K), 0.0004539 secs]
40.593: Total time for which application threads were stopped: 0.0005710 seconds, Stopping threads took: 0.0000195 seconds
40.647: [GC (Allocation Failure)  77405K->669K(419328K), 0.0004814 secs]
40.647: Total time for which application threads were stopped: 0.0006068 seconds, Stopping threads took: 0.0000267 seconds
40.695: [GC (Allocation Failure)  76445K->637K(418304K), 0.0005308 secs]
40.696: Total time for which application threads were stopped: 0.0006517 seconds, Stopping threads took: 0.0000287 seconds
40.746: [GC (Allocation Failure)  75389K->637K(417280K), 0.0004700 secs]
40.747: Total time for which application threads were stopped: 0.0006121 seconds, Stopping threads took: 0.0000278 seconds
40.793: [GC (Allocation Failure)  74365K->637K(416256K), 0.0004906 secs]
40.793: Total time for which application threads were stopped: 0.0006317 seconds, Stopping threads took: 0.0000205 seconds
40.839: [GC (Allocation Failure)  73341K->669K(415232K), 0.0004974 secs]
40.839: Total time for which application threads were stopped: 0.0006260 seconds, Stopping threads took: 0.0000211 seconds
40.884: [GC (Allocation Failure)  72349K->701K(414208K), 0.0005652 secs]
40.885: Total time for which application threads were stopped: 0.0006860 seconds, Stopping threads took: 0.0000190 seconds
40.934: [GC (Allocation Failure)  71357K->669K(413184K), 0.0004838 secs]
40.935: Total time for which application threads were stopped: 0.0006033 seconds, Stopping threads took: 0.0000192 seconds
40.978: [GC (Allocation Failure)  70301K->637K(412160K), 0.0005861 secs]
40.979: Total time for which application threads were stopped: 0.0007101 seconds, Stopping threads took: 0.0000195 seconds
41.022: [GC (Allocation Failure)  69245K->669K(411136K), 0.0004734 secs]
41.022: Total time for which application threads were stopped: 0.0005990 seconds, Stopping threads took: 0.0000277 seconds
41.065: [GC (Allocation Failure)  68253K->637K(410112K), 0.0004598 secs]
41.065: Total time for which application threads were stopped: 0.0005836 seconds, Stopping threads took: 0.0000264 seconds
41.110: [GC (Allocation Failure)  67197K->733K(423424K), 0.0006864 secs]
41.111: Total time for which application threads were stopped: 0.0008066 seconds, Stopping threads took: 0.0000192 seconds
41.161: [GC (Allocation Failure)  80605K->669K(422400K), 0.0004331 secs]
41.162: Total time for which application threads were stopped: 0.0005690 seconds, Stopping threads took: 0.0000268 seconds
41.211: [GC (Allocation Failure)  79517K->669K(421376K), 0.0004909 secs]
41.212: Total time for which application threads were stopped: 0.0006207 seconds, Stopping threads took: 0.0000195 seconds
41.265: [GC (Allocation Failure)  78493K->637K(420352K), 0.0004918 secs]
41.266: Total time for which application threads were stopped: 0.0005970 seconds, Stopping threads took: 0.0000171 seconds
41.314: [GC (Allocation Failure)  77437K->701K(419328K), 0.0004192 secs]
41.314: Total time for which application threads were stopped: 0.0005288 seconds, Stopping threads took: 0.0000171 seconds
41.364: [GC (Allocation Failure)  76477K->733K(418304K), 0.0005043 secs]
41.365: Total time for which application threads were stopped: 0.0006276 seconds, Stopping threads took: 0.0000189 seconds
41.412: [GC (Allocation Failure)  75485K->605K(417280K), 0.0006120 secs]
41.412: Total time for which application threads were stopped: 0.0008002 seconds, Stopping threads took: 0.0000189 seconds
41.462: [GC (Allocation Failure)  74333K->605K(416256K), 0.0005143 secs]
41.463: Total time for which application threads were stopped: 0.0006429 seconds, Stopping threads took: 0.0000212 seconds
41.508: [GC (Allocation Failure)  73309K->669K(415232K), 0.0004806 secs]
41.509: Total time for which application threads were stopped: 0.0006115 seconds, Stopping threads took: 0.0000186 seconds
41.554: [GC (Allocation Failure)  72349K->701K(414208K), 0.0004591 secs]
41.554: Total time for which application threads were stopped: 0.0005799 seconds, Stopping threads took: 0.0000189 seconds
41.604: [GC (Allocation Failure)  71357K->637K(413184K), 0.0005114 secs]
41.605: Total time for which application threads were stopped: 0.0006520 seconds, Stopping threads took: 0.0000284 seconds
41.655: [GC (Allocation Failure)  70269K->669K(412160K), 0.0004905 secs]
41.655: Total time for which application threads were stopped: 0.0006336 seconds, Stopping threads took: 0.0000266 seconds
41.698: [GC (Allocation Failure)  69277K->605K(411136K), 0.0005883 secs]
41.699: Total time for which application threads were stopped: 0.0007214 seconds, Stopping threads took: 0.0000294 seconds
41.747: [GC (Allocation Failure)  68189K->669K(410112K), 0.0005003 secs]
41.747: Total time for which application threads were stopped: 0.0006292 seconds, Stopping threads took: 0.0000269 seconds
41.789: [GC (Allocation Failure)  67229K->701K(409088K), 0.0005861 secs]
41.789: Total time for which application threads were stopped: 0.0007065 seconds, Stopping threads took: 0.0000191 seconds
41.836: [GC (Allocation Failure)  66237K->637K(408064K), 0.0004666 secs]
41.836: Total time for which application threads were stopped: 0.0005750 seconds, Stopping threads took: 0.0000163 seconds
41.880: [GC (Allocation Failure)  65149K->605K(407040K), 0.0005352 secs]
41.881: Total time for which application threads were stopped: 0.0006644 seconds, Stopping threads took: 0.0000277 seconds
41.921: [GC (Allocation Failure)  64093K->669K(406016K), 0.0004561 secs]
41.922: Total time for which application threads were stopped: 0.0005812 seconds, Stopping threads took: 0.0000262 seconds
41.961: [GC (Allocation Failure)  63133K->637K(418816K), 0.0005564 secs]
41.962: Total time for which application threads were stopped: 0.0006747 seconds, Stopping threads took: 0.0000188 seconds
42.014: [GC (Allocation Failure)  75901K->637K(417792K), 0.0004600 secs]
42.015: Total time for which application threads were stopped: 0.0005929 seconds, Stopping threads took: 0.0000320 seconds
42.065: [GC (Allocation Failure)  74877K->637K(416768K), 0.0004392 secs]
42.065: Total time for which application threads were stopped: 0.0005595 seconds, Stopping threads took: 0.0000190 seconds
42.114: [GC (Allocation Failure)  73853K->605K(415744K), 0.0005663 secs]
42.114: Total time for which application threads were stopped: 0.0007036 seconds, Stopping threads took: 0.0000271 seconds
42.160: [GC (Allocation Failure)  72797K->637K(414720K), 0.0004965 secs]
42.161: Total time for which application threads were stopped: 0.0006249 seconds, Stopping threads took: 0.0000199 seconds
42.205: [GC (Allocation Failure)  71805K->637K(429056K), 0.0006523 secs]
42.206: Total time for which application threads were stopped: 0.0007964 seconds, Stopping threads took: 0.0000253 seconds
42.262: [GC (Allocation Failure)  86141K->605K(427520K), 0.0005703 secs]
42.263: Total time for which application threads were stopped: 0.0007054 seconds, Stopping threads took: 0.0000256 seconds
42.319: [GC (Allocation Failure)  84573K->637K(425984K), 0.0004946 secs]
42.319: Total time for which application threads were stopped: 0.0006251 seconds, Stopping threads took: 0.0000261 seconds
42.377: [GC (Allocation Failure)  83069K->669K(424448K), 0.0005910 secs]
42.378: Total time for which application threads were stopped: 0.0007405 seconds, Stopping threads took: 0.0000219 seconds
42.434: [GC (Allocation Failure)  81565K->701K(422912K), 0.0004806 secs]
42.435: Total time for which application threads were stopped: 0.0006120 seconds, Stopping threads took: 0.0000209 seconds
42.484: [GC (Allocation Failure)  80061K->669K(421888K), 0.0006283 secs]
42.485: Total time for which application threads were stopped: 0.0007578 seconds, Stopping threads took: 0.0000205 seconds
42.534: [GC (Allocation Failure)  79005K->701K(420864K), 0.0004972 secs]
42.534: Total time for which application threads were stopped: 0.0006238 seconds, Stopping threads took: 0.0000203 seconds
42.583: [GC (Allocation Failure)  78013K->637K(419840K), 0.0005489 secs]
42.583: Total time for which application threads were stopped: 0.0006780 seconds, Stopping threads took: 0.0000271 seconds
42.631: [GC (Allocation Failure)  76925K->701K(418816K), 0.0005166 secs]
42.631: Total time for which application threads were stopped: 0.0006421 seconds, Stopping threads took: 0.0000268 seconds
42.686: [GC (Allocation Failure)  75965K->637K(417792K), 0.0004206 secs]
42.686: Total time for which application threads were stopped: 0.0005696 seconds, Stopping threads took: 0.0000263 seconds
42.732: [GC (Allocation Failure)  74877K->669K(416768K), 0.0005211 secs]
42.733: Total time for which application threads were stopped: 0.0006498 seconds, Stopping threads took: 0.0000275 seconds
42.779: [GC (Allocation Failure)  73885K->637K(415744K), 0.0005079 secs]
42.780: Total time for which application threads were stopped: 0.0006523 seconds, Stopping threads took: 0.0000271 seconds
42.825: [GC (Allocation Failure)  72829K->669K(414720K), 0.0005880 secs]
42.825: Total time for which application threads were stopped: 0.0007105 seconds, Stopping threads took: 0.0000214 seconds
42.875: [GC (Allocation Failure)  71837K->669K(413696K), 0.0005441 secs]
42.876: Total time for which application threads were stopped: 0.0006628 seconds, Stopping threads took: 0.0000163 seconds
42.921: [GC (Allocation Failure)  70813K->669K(412672K), 0.0004926 secs]
42.921: Total time for which application threads were stopped: 0.0006039 seconds, Stopping threads took: 0.0000247 seconds
42.969: [GC (Allocation Failure)  69789K->669K(411648K), 0.0005416 secs]
42.970: Total time for which application threads were stopped: 0.0006812 seconds, Stopping threads took: 0.0000278 seconds
43.013: [GC (Allocation Failure)  68765K->669K(410624K), 0.0005378 secs]
43.013: Total time for which application threads were stopped: 0.0006701 seconds, Stopping threads took: 0.0000277 seconds
43.058: [GC (Allocation Failure)  67741K->637K(409600K), 0.0005306 secs]
43.059: Total time for which application threads were stopped: 0.0006650 seconds, Stopping threads took: 0.0000207 seconds
43.107: [GC (Allocation Failure)  66685K->669K(408576K), 0.0005577 secs]
43.108: Total time for which application threads were stopped: 0.0007194 seconds, Stopping threads took: 0.0000221 seconds
43.152: [GC (Allocation Failure)  65693K->637K(421888K), 0.0005806 secs]
43.152: Total time for which application threads were stopped: 0.0007345 seconds, Stopping threads took: 0.0000225 seconds
43.207: [GC (Allocation Failure)  78973K->669K(420864K), 0.0005342 secs]
43.208: Total time for which application threads were stopped: 0.0006894 seconds, Stopping threads took: 0.0000295 seconds
43.261: [GC (Allocation Failure)  77981K->701K(419840K), 0.0005490 secs]
43.262: Total time for which application threads were stopped: 0.0008318 seconds, Stopping threads took: 0.0000196 seconds
43.310: [GC (Allocation Failure)  76989K->637K(418816K), 0.0005515 secs]
43.310: Total time for which application threads were stopped: 0.0006814 seconds, Stopping threads took: 0.0000194 seconds
43.357: [GC (Allocation Failure)  75901K->669K(417792K), 0.0005229 secs]
43.358: Total time for which application threads were stopped: 0.0006383 seconds, Stopping threads took: 0.0000184 seconds
43.404: [GC (Allocation Failure)  74909K->637K(432640K), 0.0006744 secs]
43.405: Total time for which application threads were stopped: 0.0007891 seconds, Stopping threads took: 0.0000190 seconds
43.461: [GC (Allocation Failure)  89725K->637K(431104K), 0.0004829 secs]
43.461: Total time for which application threads were stopped: 0.0006193 seconds, Stopping threads took: 0.0000192 seconds
43.522: [GC (Allocation Failure)  88189K->637K(429568K), 0.0004952 secs]
43.522: Total time for which application threads were stopped: 0.0006238 seconds, Stopping threads took: 0.0000272 seconds
43.576: [GC (Allocation Failure)  86653K->637K(428032K), 0.0004930 secs]
43.577: Total time for which application threads were stopped: 0.0006209 seconds, Stopping threads took: 0.0000278 seconds
43.629: [GC (Allocation Failure)  85117K->669K(426496K), 0.0004646 secs]
43.630: Total time for which application threads were stopped: 0.0005813 seconds, Stopping threads took: 0.0000195 seconds
43.682: [GC (Allocation Failure)  83613K->637K(424960K), 0.0004680 secs]
43.683: Total time for which application threads were stopped: 0.0005887 seconds, Stopping threads took: 0.0000195 seconds
43.739: [GC (Allocation Failure)  82045K->605K(423424K), 0.0005081 secs]
43.739: Total time for which application threads were stopped: 0.0006600 seconds, Stopping threads took: 0.0000193 seconds
43.793: [GC (Allocation Failure)  80477K->701K(422400K), 0.0005212 secs]
43.794: Total time for which application threads were stopped: 0.0006367 seconds, Stopping threads took: 0.0000196 seconds
43.847: [GC (Allocation Failure)  79549K->669K(421376K), 0.0004954 secs]
43.847: Total time for which application threads were stopped: 0.0006068 seconds, Stopping threads took: 0.0000165 seconds
43.896: [GC (Allocation Failure)  78493K->669K(420352K), 0.0007924 secs]
43.897: Total time for which application threads were stopped: 0.0009145 seconds, Stopping threads took: 0.0000195 seconds
43.945: [GC (Allocation Failure)  77469K->637K(419328K), 0.0004205 secs]
43.946: Total time for which application threads were stopped: 0.0005383 seconds, Stopping threads took: 0.0000196 seconds
43.993: [GC (Allocation Failure)  76413K->669K(418304K), 0.0005502 secs]
43.994: Total time for which application threads were stopped: 0.0006741 seconds, Stopping threads took: 0.0000182 seconds
44.046: [GC (Allocation Failure)  75421K->733K(417280K), 0.0004963 secs]
44.047: Total time for which application threads were stopped: 0.0006159 seconds, Stopping threads took: 0.0000190 seconds
44.098: [GC (Allocation Failure)  74461K->669K(416256K), 0.0004626 secs]
44.098: Total time for which application threads were stopped: 0.0005797 seconds, Stopping threads took: 0.0000202 seconds
44.144: [GC (Allocation Failure)  73373K->669K(415232K), 0.0005830 secs]
44.145: Total time for which application threads were stopped: 0.0007013 seconds, Stopping threads took: 0.0000194 seconds
44.190: [GC (Allocation Failure)  72349K->669K(414208K), 0.0005396 secs]
44.191: Total time for which application threads were stopped: 0.0006758 seconds, Stopping threads took: 0.0000191 seconds
44.240: [GC (Allocation Failure)  71325K->637K(413184K), 0.0004076 secs]
44.240: Total time for which application threads were stopped: 0.0005140 seconds, Stopping threads took: 0.0000158 seconds
44.284: [GC (Allocation Failure)  70269K->637K(412160K), 0.0004113 secs]
44.285: Total time for which application threads were stopped: 0.0005175 seconds, Stopping threads took: 0.0000172 seconds
44.328: [GC (Allocation Failure)  69245K->669K(411136K), 0.0004820 secs]
44.329: Total time for which application threads were stopped: 0.0006070 seconds, Stopping threads took: 0.0000275 seconds
44.374: [GC (Allocation Failure)  68253K->637K(410112K), 0.0004622 secs]
44.375: Total time for which application threads were stopped: 0.0006026 seconds, Stopping threads took: 0.0000275 seconds
44.422: [GC (Allocation Failure)  67197K->669K(409088K), 0.0004808 secs]
44.422: Total time for which application threads were stopped: 0.0006097 seconds, Stopping threads took: 0.0000273 seconds
44.464: [GC (Allocation Failure)  66205K->637K(408064K), 0.0005191 secs]
44.464: Total time for which application threads were stopped: 0.0006800 seconds, Stopping threads took: 0.0000192 seconds
44.509: [GC (Allocation Failure)  65149K->669K(407040K), 0.0004523 secs]
44.509: Total time for which application threads were stopped: 0.0005817 seconds, Stopping threads took: 0.0000196 seconds
44.549: [GC (Allocation Failure)  64157K->669K(419840K), 0.0006275 secs]
44.550: Total time for which application threads were stopped: 0.0007726 seconds, Stopping threads took: 0.0000299 seconds
44.597: [GC (Allocation Failure)  76957K->733K(435200K), 0.0006021 secs]
44.598: Total time for which application threads were stopped: 0.0007498 seconds, Stopping threads took: 0.0000219 seconds
44.655: [GC (Allocation Failure)  92381K->605K(433664K), 0.0004975 secs]
44.656: Total time for which application threads were stopped: 0.0006345 seconds, Stopping threads took: 0.0000294 seconds
44.719: [GC (Allocation Failure)  90717K->733K(432128K), 0.0004862 secs]
44.720: Total time for which application threads were stopped: 0.0006138 seconds, Stopping threads took: 0.0000270 seconds
44.775: [GC (Allocation Failure)  89309K->637K(430592K), 0.0005712 secs]
44.776: Total time for which application threads were stopped: 0.0007061 seconds, Stopping threads took: 0.0000276 seconds
44.830: [GC (Allocation Failure)  87677K->637K(429056K), 0.0004821 secs]
44.831: Total time for which application threads were stopped: 0.0005982 seconds, Stopping threads took: 0.0000190 seconds
44.884: [GC (Allocation Failure)  86141K->701K(427520K), 0.0005368 secs]
44.885: Total time for which application threads were stopped: 0.0006648 seconds, Stopping threads took: 0.0000275 seconds
44.938: [GC (Allocation Failure)  84669K->637K(425984K), 0.0006590 secs]
44.939: Total time for which application threads were stopped: 0.0007884 seconds, Stopping threads took: 0.0000272 seconds
44.995: [GC (Allocation Failure)  83069K->669K(424448K), 0.0004772 secs]
44.995: Total time for which application threads were stopped: 0.0005990 seconds, Stopping threads took: 0.0000196 seconds
45.046: [GC (Allocation Failure)  81565K->701K(422912K), 0.0007031 secs]
45.047: Total time for which application threads were stopped: 0.0008509 seconds, Stopping threads took: 0.0000300 seconds
45.096: [GC (Allocation Failure)  80061K->669K(421888K), 0.0005515 secs]
45.097: Total time for which application threads were stopped: 0.0006825 seconds, Stopping threads took: 0.0000222 seconds
45.146: [GC (Allocation Failure)  79005K->669K(420864K), 0.0005651 secs]
45.147: Total time for which application threads were stopped: 0.0006844 seconds, Stopping threads took: 0.0000196 seconds
45.202: [GC (Allocation Failure)  77981K->669K(419840K), 0.0004495 secs]
45.202: Total time for which application threads were stopped: 0.0005902 seconds, Stopping threads took: 0.0000280 seconds
45.250: [GC (Allocation Failure)  76957K->605K(418816K), 0.0006301 secs]
45.251: Total time for which application threads were stopped: 0.0007699 seconds, Stopping threads took: 0.0000261 seconds
45.305: [GC (Allocation Failure)  75869K->669K(417792K), 0.0005322 secs]
45.306: Total time for which application threads were stopped: 0.0006906 seconds, Stopping threads took: 0.0000221 seconds
45.352: [GC (Allocation Failure)  74909K->669K(416768K), 0.0005637 secs]
45.353: Total time for which application threads were stopped: 0.0007099 seconds, Stopping threads took: 0.0000223 seconds
45.399: [GC (Allocation Failure)  73885K->637K(415744K), 0.0005962 secs]
45.400: Total time for which application threads were stopped: 0.0007471 seconds, Stopping threads took: 0.0000224 seconds
45.450: [GC (Allocation Failure)  72829K->669K(430592K), 0.0006480 secs]
45.450: Total time for which application threads were stopped: 0.0008012 seconds, Stopping threads took: 0.0000226 seconds
45.509: [GC (Allocation Failure)  87709K->637K(429056K), 0.0005470 secs]
45.509: Total time for which application threads were stopped: 0.0006991 seconds, Stopping threads took: 0.0000218 seconds
45.569: [GC (Allocation Failure)  86141K->701K(427520K), 0.0004851 secs]
45.570: Total time for which application threads were stopped: 0.0006003 seconds, Stopping threads took: 0.0000196 seconds
45.629: [GC (Allocation Failure)  84669K->637K(425984K), 0.0004310 secs]
45.629: Total time for which application threads were stopped: 0.0005336 seconds, Stopping threads took: 0.0000172 seconds
45.682: [GC (Allocation Failure)  83069K->637K(424448K), 0.0004332 secs]
45.682: Total time for which application threads were stopped: 0.0005622 seconds, Stopping threads took: 0.0000261 seconds
45.738: [GC (Allocation Failure)  81533K->605K(422912K), 0.0005863 secs]
45.739: Total time for which application threads were stopped: 0.0007331 seconds, Stopping threads took: 0.0000211 seconds
45.793: [GC (Allocation Failure)  79965K->701K(421888K), 0.0007496 secs]
45.794: Total time for which application threads were stopped: 0.0008898 seconds, Stopping threads took: 0.0000221 seconds
45.844: [GC (Allocation Failure)  79037K->637K(420864K), 0.0005440 secs]
45.844: Total time for which application threads were stopped: 0.0007186 seconds, Stopping threads took: 0.0000214 seconds
45.896: [GC (Allocation Failure)  77949K->637K(419840K), 0.0006397 secs]
45.897: Total time for which application threads were stopped: 0.0007581 seconds, Stopping threads took: 0.0000189 seconds
45.947: [GC (Allocation Failure)  76925K->605K(418816K), 0.0006066 secs]
45.948: Total time for which application threads were stopped: 0.0007507 seconds, Stopping threads took: 0.0000275 seconds
45.995: [GC (Allocation Failure)  75869K->637K(417792K), 0.0004572 secs]
45.995: Total time for which application threads were stopped: 0.0005830 seconds, Stopping threads took: 0.0000196 seconds
46.042: [GC (Allocation Failure)  74877K->605K(416768K), 0.0005161 secs]
46.042: Total time for which application threads were stopped: 0.0006666 seconds, Stopping threads took: 0.0000247 seconds
46.093: [GC (Allocation Failure)  73821K->669K(431616K), 0.0008054 secs]
46.094: Total time for which application threads were stopped: 0.0009452 seconds, Stopping threads took: 0.0000225 seconds
46.149: [GC (Allocation Failure)  88733K->637K(430080K), 0.0005077 secs]
46.150: Total time for which application threads were stopped: 0.0006245 seconds, Stopping threads took: 0.0000189 seconds
46.208: [GC (Allocation Failure)  87165K->701K(428544K), 0.0005340 secs]
46.208: Total time for which application threads were stopped: 0.0006719 seconds, Stopping threads took: 0.0000266 seconds
46.262: [GC (Allocation Failure)  85693K->669K(427008K), 0.0005911 secs]
46.262: Total time for which application threads were stopped: 0.0007372 seconds, Stopping threads took: 0.0000218 seconds
46.315: [GC (Allocation Failure)  84125K->637K(425472K), 0.0005200 secs]
46.315: Total time for which application threads were stopped: 0.0006763 seconds, Stopping threads took: 0.0000301 seconds
46.370: [GC (Allocation Failure)  82557K->573K(423936K), 0.0005795 secs]
46.370: Total time for which application threads were stopped: 0.0007172 seconds, Stopping threads took: 0.0000218 seconds
46.421: [GC (Allocation Failure)  80957K->669K(422400K), 0.0005046 secs]
46.421: Total time for which application threads were stopped: 0.0006376 seconds, Stopping threads took: 0.0000191 seconds
46.477: [GC (Allocation Failure)  79517K->701K(421376K), 0.0005192 secs]
46.477: Total time for which application threads were stopped: 0.0006553 seconds, Stopping threads took: 0.0000214 seconds
46.526: [GC (Allocation Failure)  78525K->733K(420352K), 0.0005180 secs]
46.527: Total time for which application threads were stopped: 0.0006724 seconds, Stopping threads took: 0.0000296 seconds
46.579: [GC (Allocation Failure)  77533K->605K(419328K), 0.0006178 secs]
46.580: Total time for which application threads were stopped: 0.0007708 seconds, Stopping threads took: 0.0000295 seconds
46.627: [GC (Allocation Failure)  76381K->637K(418304K), 0.0006014 secs]
46.628: Total time for which application threads were stopped: 0.0007344 seconds, Stopping threads took: 0.0000299 seconds
46.679: [GC (Allocation Failure)  75389K->637K(417280K), 0.0005663 secs]
46.680: Total time for which application threads were stopped: 0.0006809 seconds, Stopping threads took: 0.0000249 seconds
46.726: [GC (Allocation Failure)  74365K->637K(416256K), 0.0004133 secs]
46.727: Total time for which application threads were stopped: 0.0005181 seconds, Stopping threads took: 0.0000158 seconds
46.772: [GC (Allocation Failure)  73341K->669K(415232K), 0.0005816 secs]
46.773: Total time for which application threads were stopped: 0.0007092 seconds, Stopping threads took: 0.0000268 seconds
46.818: [GC (Allocation Failure)  72349K->701K(414208K), 0.0004619 secs]
46.818: Total time for which application threads were stopped: 0.0005795 seconds, Stopping threads took: 0.0000193 seconds
46.868: [GC (Allocation Failure)  71357K->701K(413184K), 0.0005025 secs]
46.868: Total time for which application threads were stopped: 0.0006083 seconds, Stopping threads took: 0.0000164 seconds
46.919: [GC (Allocation Failure)  70333K->637K(412160K), 0.0004514 secs]
46.919: Total time for which application threads were stopped: 0.0005613 seconds, Stopping threads took: 0.0000162 seconds
46.966: [GC (Allocation Failure)  69245K->701K(411136K), 0.0004969 secs]
46.966: Total time for which application threads were stopped: 0.0006253 seconds, Stopping threads took: 0.0000277 seconds
47.009: [GC (Allocation Failure)  68285K->669K(410112K), 0.0005204 secs]
47.009: Total time for which application threads were stopped: 0.0006561 seconds, Stopping threads took: 0.0000217 seconds
47.051: [GC (Allocation Failure)  67229K->605K(409088K), 0.0004967 secs]
47.051: Total time for which application threads were stopped: 0.0006306 seconds, Stopping threads took: 0.0000199 seconds
47.099: [GC (Allocation Failure)  66141K->637K(408064K), 0.0005155 secs]
47.099: Total time for which application threads were stopped: 0.0006523 seconds, Stopping threads took: 0.0000203 seconds
47.140: [GC (Allocation Failure)  65149K->669K(421376K), 0.0006245 secs]
47.141: Total time for which application threads were stopped: 0.0007684 seconds, Stopping threads took: 0.0000212 seconds
47.190: [GC (Allocation Failure)  78493K->637K(420352K), 0.0004233 secs]
47.191: Total time for which application threads were stopped: 0.0005825 seconds, Stopping threads took: 0.0000272 seconds
47.246: [GC (Allocation Failure)  77437K->573K(419328K), 0.0004690 secs]
47.246: Total time for which application threads were stopped: 0.0005847 seconds, Stopping threads took: 0.0000191 seconds
47.297: [GC (Allocation Failure)  76349K->637K(418304K), 0.0004506 secs]
47.298: Total time for which application threads were stopped: 0.0005748 seconds, Stopping threads took: 0.0000271 seconds
47.345: [GC (Allocation Failure)  75389K->605K(417280K), 0.0005912 secs]
47.345: Total time for which application threads were stopped: 0.0007114 seconds, Stopping threads took: 0.0000197 seconds
47.392: [GC (Allocation Failure)  74333K->701K(416256K), 0.0005746 secs]
47.392: Total time for which application threads were stopped: 0.0007039 seconds, Stopping threads took: 0.0000197 seconds
47.438: [GC (Allocation Failure)  73405K->637K(415232K), 0.0005246 secs]
47.438: Total time for which application threads were stopped: 0.0006414 seconds, Stopping threads took: 0.0000182 seconds
47.483: [GC (Allocation Failure)  72317K->669K(414208K), 0.0005109 secs]
47.483: Total time for which application threads were stopped: 0.0006383 seconds, Stopping threads took: 0.0000267 seconds
47.532: [GC (Allocation Failure)  71325K->669K(413184K), 0.0004535 secs]
47.533: Total time for which application threads were stopped: 0.0005705 seconds, Stopping threads took: 0.0000190 seconds
47.577: [GC (Allocation Failure)  70301K->637K(412160K), 0.0004769 secs]
47.577: Total time for which application threads were stopped: 0.0006041 seconds, Stopping threads took: 0.0000269 seconds
47.620: [GC (Allocation Failure)  69245K->701K(411136K), 0.0005860 secs]
47.621: Total time for which application threads were stopped: 0.0007161 seconds, Stopping threads took: 0.0000197 seconds
47.663: [GC (Allocation Failure)  68285K->701K(410112K), 0.0004361 secs]
47.664: Total time for which application threads were stopped: 0.0005641 seconds, Stopping threads took: 0.0000256 seconds
47.706: [GC (Allocation Failure)  67261K->669K(409088K), 0.0004835 secs]
47.706: Total time for which application threads were stopped: 0.0006081 seconds, Stopping threads took: 0.0000257 seconds
47.747: [GC (Allocation Failure)  66205K->637K(408064K), 0.0005142 secs]
47.748: Total time for which application threads were stopped: 0.0006586 seconds, Stopping threads took: 0.0000273 seconds
47.794: [GC (Allocation Failure)  65149K->669K(407040K), 0.0005677 secs]
47.795: Total time for which application threads were stopped: 0.0006934 seconds, Stopping threads took: 0.0000210 seconds
47.835: [GC (Allocation Failure)  64157K->637K(406016K), 0.0004961 secs]
47.835: Total time for which application threads were stopped: 0.0006368 seconds, Stopping threads took: 0.0000218 seconds
47.875: [GC (Allocation Failure)  63101K->733K(418816K), 0.0007440 secs]
47.875: Total time for which application threads were stopped: 0.0008925 seconds, Stopping threads took: 0.0000214 seconds
47.927: [GC (Allocation Failure)  75997K->669K(434176K), 0.0004926 secs]
47.928: Total time for which application threads were stopped: 0.0006199 seconds, Stopping threads took: 0.0000272 seconds
47.985: [GC (Allocation Failure)  91293K->637K(432640K), 0.0004941 secs]
47.985: Total time for which application threads were stopped: 0.0006251 seconds, Stopping threads took: 0.0000210 seconds
48.041: [GC (Allocation Failure)  89725K->701K(431104K), 0.0006532 secs]
48.042: Total time for which application threads were stopped: 0.0007707 seconds, Stopping threads took: 0.0000201 seconds
48.097: [GC (Allocation Failure)  88253K->669K(429568K), 0.0004661 secs]
48.098: Total time for which application threads were stopped: 0.0005931 seconds, Stopping threads took: 0.0000270 seconds
48.152: [GC (Allocation Failure)  86685K->733K(428032K), 0.0004768 secs]
48.152: Total time for which application threads were stopped: 0.0005932 seconds, Stopping threads took: 0.0000198 seconds
48.210: [GC (Allocation Failure)  85213K->637K(426496K), 0.0004548 secs]
48.211: Total time for which application threads were stopped: 0.0005785 seconds, Stopping threads took: 0.0000263 seconds
48.263: [GC (Allocation Failure)  83581K->669K(424960K), 0.0005267 secs]
48.263: Total time for which application threads were stopped: 0.0006503 seconds, Stopping threads took: 0.0000269 seconds
48.319: [GC (Allocation Failure)  82077K->637K(423424K), 0.0004773 secs]
48.319: Total time for which application threads were stopped: 0.0005863 seconds, Stopping threads took: 0.0000167 seconds
48.369: [GC (Allocation Failure)  80509K->605K(422400K), 0.0004976 secs]
48.370: Total time for which application threads were stopped: 0.0006224 seconds, Stopping threads took: 0.0000189 seconds
48.419: [GC (Allocation Failure)  79453K->669K(421376K), 0.0004952 secs]
48.419: Total time for which application threads were stopped: 0.0006383 seconds, Stopping threads took: 0.0000211 seconds
48.468: [GC (Allocation Failure)  78493K->637K(420352K), 0.0006454 secs]
48.469: Total time for which application threads were stopped: 0.0007869 seconds, Stopping threads took: 0.0000297 seconds
48.524: [GC (Allocation Failure)  77437K->637K(419328K), 0.0004754 secs]
48.524: Total time for which application threads were stopped: 0.0005935 seconds, Stopping threads took: 0.0000190 seconds
48.579: [GC (Allocation Failure)  76413K->701K(418304K), 0.0005075 secs]
48.579: Total time for which application threads were stopped: 0.0006297 seconds, Stopping threads took: 0.0000259 seconds
48.632: [GC (Allocation Failure)  75453K->637K(417280K), 0.0004807 secs]
48.633: Total time for which application threads were stopped: 0.0006082 seconds, Stopping threads took: 0.0000271 seconds
48.679: [GC (Allocation Failure)  74365K->669K(416256K), 0.0004116 secs]
48.680: Total time for which application threads were stopped: 0.0005319 seconds, Stopping threads took: 0.0000194 seconds
48.731: [GC (Allocation Failure)  73373K->669K(415232K), 0.0007279 secs]
48.732: Total time for which application threads were stopped: 0.0008554 seconds, Stopping threads took: 0.0000270 seconds
48.777: [GC (Allocation Failure)  72349K->637K(414208K), 0.0004585 secs]
48.778: Total time for which application threads were stopped: 0.0005817 seconds, Stopping threads took: 0.0000195 seconds
48.822: [GC (Allocation Failure)  71293K->637K(413184K), 0.0005956 secs]
48.823: Total time for which application threads were stopped: 0.0007191 seconds, Stopping threads took: 0.0000207 seconds
48.871: [GC (Allocation Failure)  70269K->637K(412160K), 0.0004241 secs]
48.872: Total time for which application threads were stopped: 0.0005307 seconds, Stopping threads took: 0.0000175 seconds
48.916: [GC (Allocation Failure)  69245K->669K(411136K), 0.0005428 secs]
48.916: Total time for which application threads were stopped: 0.0006461 seconds, Stopping threads took: 0.0000168 seconds
48.962: [GC (Allocation Failure)  68253K->637K(424960K), 0.0006987 secs]
48.963: Total time for which application threads were stopped: 0.0007993 seconds, Stopping threads took: 0.0000173 seconds
49.014: [GC (Allocation Failure)  82045K->605K(423424K), 0.0004579 secs]
49.014: Total time for which application threads were stopped: 0.0005829 seconds, Stopping threads took: 0.0000285 seconds
49.069: [GC (Allocation Failure)  80477K->701K(422400K), 0.0005541 secs]
49.070: Total time for which application threads were stopped: 0.0006702 seconds, Stopping threads took: 0.0000188 seconds
49.125: [GC (Allocation Failure)  79549K->637K(421376K), 0.0005073 secs]
49.125: Total time for which application threads were stopped: 0.0006424 seconds, Stopping threads took: 0.0000203 seconds
49.177: [GC (Allocation Failure)  78461K->605K(420352K), 0.0005123 secs]
49.178: Total time for which application threads were stopped: 0.0006529 seconds, Stopping threads took: 0.0000273 seconds
49.229: [GC (Allocation Failure)  77405K->701K(419328K), 0.0004940 secs]
49.229: Total time for which application threads were stopped: 0.0006379 seconds, Stopping threads took: 0.0000168 seconds
49.281: [GC (Allocation Failure)  76477K->605K(418304K), 0.0005045 secs]
49.281: Total time for which application threads were stopped: 0.0006240 seconds, Stopping threads took: 0.0000195 seconds
49.329: [GC (Allocation Failure)  75357K->637K(417280K), 0.0004671 secs]
49.329: Total time for which application threads were stopped: 0.0005962 seconds, Stopping threads took: 0.0000268 seconds
49.375: [GC (Allocation Failure)  74365K->669K(416256K), 0.0004874 secs]
49.376: Total time for which application threads were stopped: 0.0006167 seconds, Stopping threads took: 0.0000202 seconds
49.421: [GC (Allocation Failure)  73373K->669K(415232K), 0.0005855 secs]
49.422: Total time for which application threads were stopped: 0.0007157 seconds, Stopping threads took: 0.0000222 seconds
49.472: [GC (Allocation Failure)  72349K->701K(414208K), 0.0005193 secs]
49.473: Total time for which application threads were stopped: 0.0006367 seconds, Stopping threads took: 0.0000190 seconds
49.524: [GC (Allocation Failure)  71357K->637K(413184K), 0.0004225 secs]
49.524: Total time for which application threads were stopped: 0.0005274 seconds, Stopping threads took: 0.0000167 seconds
49.568: [GC (Allocation Failure)  70269K->669K(412160K), 0.0005599 secs]
49.569: Total time for which application threads were stopped: 0.0006797 seconds, Stopping threads took: 0.0000192 seconds
49.619: [GC (Allocation Failure)  69277K->669K(411136K), 0.0005597 secs]
49.619: Total time for which application threads were stopped: 0.0006950 seconds, Stopping threads took: 0.0000219 seconds
49.667: [GC (Allocation Failure)  68253K->637K(410112K), 0.0003353 secs]
49.667: Total time for which application threads were stopped: 0.0004409 seconds, Stopping threads took: 0.0000170 seconds
49.710: [GC (Allocation Failure)  67197K->733K(409088K), 0.0005472 secs]
49.711: Total time for which application threads were stopped: 0.0006681 seconds, Stopping threads took: 0.0000187 seconds
49.752: [GC (Allocation Failure)  66269K->637K(408064K), 0.0005829 secs]
49.753: Total time for which application threads were stopped: 0.0007173 seconds, Stopping threads took: 0.0000207 seconds
49.797: [GC (Allocation Failure)  65149K->669K(407040K), 0.0005246 secs]
49.797: Total time for which application threads were stopped: 0.0006646 seconds, Stopping threads took: 0.0000221 seconds
49.837: [GC (Allocation Failure)  64157K->637K(406016K), 0.0004909 secs]
49.837: Total time for which application threads were stopped: 0.0006191 seconds, Stopping threads took: 0.0000272 seconds
49.877: [GC (Allocation Failure)  63101K->637K(418816K), 0.0005029 secs]
49.877: Total time for which application threads were stopped: 0.0006292 seconds, Stopping threads took: 0.0000190 seconds
49.928: [GC (Allocation Failure)  75901K->637K(434176K), 0.0006091 secs]
49.929: Total time for which application threads were stopped: 0.0007215 seconds, Stopping threads took: 0.0000163 seconds
49.988: [GC (Allocation Failure)  91261K->637K(432640K), 0.0004970 secs]
49.989: Total time for which application threads were stopped: 0.0006176 seconds, Stopping threads took: 0.0000203 seconds
50.045: [GC (Allocation Failure)  89725K->605K(431104K), 0.0007341 secs]
50.045: Total time for which application threads were stopped: 0.0008442 seconds, Stopping threads took: 0.0000172 seconds
50.100: [GC (Allocation Failure)  88157K->637K(429568K), 0.0005195 secs]
50.101: Total time for which application threads were stopped: 0.0006605 seconds, Stopping threads took: 0.0000212 seconds
50.160: [GC (Allocation Failure)  86653K->637K(428032K), 0.0005055 secs]
50.161: Total time for which application threads were stopped: 0.0006475 seconds, Stopping threads took: 0.0000216 seconds
50.218: [GC (Allocation Failure)  85117K->701K(426496K), 0.0007202 secs]
50.219: Total time for which application threads were stopped: 0.0008639 seconds, Stopping threads took: 0.0000269 seconds
50.279: [GC (Allocation Failure)  83645K->605K(424960K), 0.0006533 secs]
50.280: Total time for which application threads were stopped: 0.0008145 seconds, Stopping threads took: 0.0000299 seconds
50.331: [GC (Allocation Failure)  82013K->605K(423424K), 0.0004828 secs]
50.331: Total time for which application threads were stopped: 0.0006313 seconds, Stopping threads took: 0.0000225 seconds
50.381: [GC (Allocation Failure)  80477K->605K(422400K), 0.0005360 secs]
50.382: Total time for which application threads were stopped: 0.0006925 seconds, Stopping threads took: 0.0000291 seconds
50.431: [GC (Allocation Failure)  79453K->669K(421376K), 0.0004604 secs]
50.432: Total time for which application threads were stopped: 0.0005772 seconds, Stopping threads took: 0.0000190 seconds
50.485: [GC (Allocation Failure)  78493K->637K(420352K), 0.0004632 secs]
50.485: Total time for which application threads were stopped: 0.0005673 seconds, Stopping threads took: 0.0000166 seconds
50.533: [GC (Allocation Failure)  77437K->669K(419328K), 0.0004927 secs]
50.534: Total time for which application threads were stopped: 0.0006206 seconds, Stopping threads took: 0.0000192 seconds
50.581: [GC (Allocation Failure)  76445K->669K(418304K), 0.0005571 secs]
50.582: Total time for which application threads were stopped: 0.0006927 seconds, Stopping threads took: 0.0000207 seconds
50.629: [GC (Allocation Failure)  75421K->701K(417280K), 0.0006873 secs]
50.629: Total time for which application threads were stopped: 0.0008446 seconds, Stopping threads took: 0.0000204 seconds
50.680: [GC (Allocation Failure)  74429K->669K(416256K), 0.0004429 secs]
50.681: Total time for which application threads were stopped: 0.0005679 seconds, Stopping threads took: 0.0000190 seconds
50.727: [GC (Allocation Failure)  73373K->669K(415232K), 0.0004777 secs]
50.727: Total time for which application threads were stopped: 0.0006059 seconds, Stopping threads took: 0.0000280 seconds
50.772: [GC (Allocation Failure)  72349K->637K(414208K), 0.0004730 secs]
50.773: Total time for which application threads were stopped: 0.0005919 seconds, Stopping threads took: 0.0000190 seconds
50.823: [GC (Allocation Failure)  71293K->701K(413184K), 0.0004985 secs]
50.824: Total time for which application threads were stopped: 0.0006236 seconds, Stopping threads took: 0.0000197 seconds
50.867: [GC (Allocation Failure)  70333K->669K(412160K), 0.0004783 secs]
50.868: Total time for which application threads were stopped: 0.0005981 seconds, Stopping threads took: 0.0000190 seconds
50.912: [GC (Allocation Failure)  69277K->637K(411136K), 0.0004337 secs]
50.912: Total time for which application threads were stopped: 0.0005662 seconds, Stopping threads took: 0.0000273 seconds
50.955: [GC (Allocation Failure)  68221K->637K(410112K), 0.0005550 secs]
50.955: Total time for which application threads were stopped: 0.0006732 seconds, Stopping threads took: 0.0000193 seconds
51.003: [GC (Allocation Failure)  67197K->733K(409088K), 0.0004535 secs]
51.004: Total time for which application threads were stopped: 0.0005762 seconds, Stopping threads took: 0.0000192 seconds
51.045: [GC (Allocation Failure)  66269K->669K(408064K), 0.0004312 secs]
51.045: Total time for which application threads were stopped: 0.0005388 seconds, Stopping threads took: 0.0000175 seconds
51.089: [GC (Allocation Failure)  65181K->637K(407040K), 0.0005892 secs]
51.089: Total time for which application threads were stopped: 0.0007216 seconds, Stopping threads took: 0.0000189 seconds
51.129: [GC (Allocation Failure)  64125K->669K(406016K), 0.0005205 secs]
51.130: Total time for which application threads were stopped: 0.0006512 seconds, Stopping threads took: 0.0000345 seconds
51.173: [GC (Allocation Failure)  63133K->637K(405504K), 0.0004142 secs]
51.173: Total time for which application threads were stopped: 0.0005375 seconds, Stopping threads took: 0.0000259 seconds
51.216: [GC (Allocation Failure)  62589K->669K(404992K), 0.0005547 secs]
51.217: Total time for which application threads were stopped: 0.0006903 seconds, Stopping threads took: 0.0000261 seconds
51.260: [GC (Allocation Failure)  62109K->701K(417280K), 0.0005424 secs]
51.261: Total time for which application threads were stopped: 0.0006829 seconds, Stopping threads took: 0.0000287 seconds
51.307: [GC (Allocation Failure)  74429K->637K(416256K), 0.0005200 secs]
51.308: Total time for which application threads were stopped: 0.0006696 seconds, Stopping threads took: 0.0000211 seconds
51.360: [GC (Allocation Failure)  73341K->669K(415232K), 0.0004923 secs]
51.360: Total time for which application threads were stopped: 0.0006386 seconds, Stopping threads took: 0.0000367 seconds
51.405: [GC (Allocation Failure)  72349K->605K(429568K), 0.0006412 secs]
51.406: Total time for which application threads were stopped: 0.0007898 seconds, Stopping threads took: 0.0000271 seconds
51.465: [GC (Allocation Failure)  86621K->669K(428032K), 0.0005662 secs]
51.465: Total time for which application threads were stopped: 0.0007043 seconds, Stopping threads took: 0.0000316 seconds
51.522: [GC (Allocation Failure)  85149K->637K(426496K), 0.0004398 secs]
51.522: Total time for which application threads were stopped: 0.0005494 seconds, Stopping threads took: 0.0000169 seconds
51.574: [GC (Allocation Failure)  83581K->669K(424960K), 0.0005134 secs]
51.575: Total time for which application threads were stopped: 0.0006544 seconds, Stopping threads took: 0.0000192 seconds
51.631: [GC (Allocation Failure)  82077K->605K(423424K), 0.0005221 secs]
51.632: Total time for which application threads were stopped: 0.0006776 seconds, Stopping threads took: 0.0000217 seconds
51.690: [GC (Allocation Failure)  80477K->637K(422400K), 0.0004643 secs]
51.690: Total time for which application threads were stopped: 0.0005860 seconds, Stopping threads took: 0.0000267 seconds
51.743: [GC (Allocation Failure)  79485K->669K(421376K), 0.0005519 secs]
51.744: Total time for which application threads were stopped: 0.0006726 seconds, Stopping threads took: 0.0000194 seconds
51.793: [GC (Allocation Failure)  78493K->637K(420352K), 0.0004969 secs]
51.793: Total time for which application threads were stopped: 0.0006178 seconds, Stopping threads took: 0.0000193 seconds
51.848: [GC (Allocation Failure)  77437K->669K(419328K), 0.0004914 secs]
51.848: Total time for which application threads were stopped: 0.0006303 seconds, Stopping threads took: 0.0000275 seconds
51.899: [GC (Allocation Failure)  76445K->605K(418304K), 0.0006454 secs]
51.900: Total time for which application threads were stopped: 0.0007589 seconds, Stopping threads took: 0.0000182 seconds
51.947: [GC (Allocation Failure)  75357K->669K(417280K), 0.0004561 secs]
51.948: Total time for which application threads were stopped: 0.0005734 seconds, Stopping threads took: 0.0000192 seconds
51.994: [GC (Allocation Failure)  74397K->637K(416256K), 0.0004764 secs]
51.995: Total time for which application threads were stopped: 0.0005953 seconds, Stopping threads took: 0.0000188 seconds
52.045: [GC (Allocation Failure)  73341K->637K(415232K), 0.0004709 secs]
52.045: Total time for which application threads were stopped: 0.0005947 seconds, Stopping threads took: 0.0000268 seconds
52.094: [GC (Allocation Failure)  72317K->733K(414208K), 0.0005636 secs]
52.095: Total time for which application threads were stopped: 0.0006802 seconds, Stopping threads took: 0.0000201 seconds
52.139: [GC (Allocation Failure)  71389K->637K(413184K), 0.0006136 secs]
52.140: Total time for which application threads were stopped: 0.0007430 seconds, Stopping threads took: 0.0000270 seconds
52.184: [GC (Allocation Failure)  70269K->637K(412160K), 0.0004290 secs]
52.184: Total time for which application threads were stopped: 0.0005825 seconds, Stopping threads took: 0.0000258 seconds
52.231: [GC (Allocation Failure)  69245K->701K(411136K), 0.0004276 secs]
52.232: Total time for which application threads were stopped: 0.0005440 seconds, Stopping threads took: 0.0000166 seconds
52.274: [GC (Allocation Failure)  68285K->669K(410112K), 0.0004676 secs]
52.274: Total time for which application threads were stopped: 0.0005897 seconds, Stopping threads took: 0.0000198 seconds
52.322: [GC (Allocation Failure)  67229K->669K(409088K), 0.0004609 secs]
52.322: Total time for which application threads were stopped: 0.0005802 seconds, Stopping threads took: 0.0000185 seconds
52.363: [GC (Allocation Failure)  66205K->605K(408064K), 0.0005049 secs]
52.364: Total time for which application threads were stopped: 0.0006364 seconds, Stopping threads took: 0.0000203 seconds
52.409: [GC (Allocation Failure)  65117K->733K(407040K), 0.0006427 secs]
52.410: Total time for which application threads were stopped: 0.0007821 seconds, Stopping threads took: 0.0000216 seconds
52.449: [GC (Allocation Failure)  64221K->605K(419840K), 0.0006046 secs]
52.450: Total time for which application threads were stopped: 0.0007548 seconds, Stopping threads took: 0.0000305 seconds
52.504: [GC (Allocation Failure)  76893K->637K(418816K), 0.0005272 secs]
52.504: Total time for which application threads were stopped: 0.0006625 seconds, Stopping threads took: 0.0000217 seconds
52.557: [GC (Allocation Failure)  75901K->637K(417792K), 0.0005113 secs]
52.558: Total time for which application threads were stopped: 0.0006503 seconds, Stopping threads took: 0.0000216 seconds
52.605: [GC (Allocation Failure)  74877K->669K(416768K), 0.0006155 secs]
52.605: Total time for which application threads were stopped: 0.0007396 seconds, Stopping threads took: 0.0000197 seconds
52.652: [GC (Allocation Failure)  73885K->637K(415744K), 0.0005133 secs]
52.652: Total time for which application threads were stopped: 0.0006476 seconds, Stopping threads took: 0.0000212 seconds
52.702: [GC (Allocation Failure)  72829K->637K(414720K), 0.0004563 secs]
52.703: Total time for which application threads were stopped: 0.0005767 seconds, Stopping threads took: 0.0000193 seconds
52.754: [GC (Allocation Failure)  71805K->669K(413696K), 0.0003810 secs]
52.754: Total time for which application threads were stopped: 0.0004994 seconds, Stopping threads took: 0.0000203 seconds
52.804: [GC (Allocation Failure)  70813K->637K(412672K), 0.0004141 secs]
52.804: Total time for which application threads were stopped: 0.0005187 seconds, Stopping threads took: 0.0000167 seconds
52.848: [GC (Allocation Failure)  69757K->701K(411648K), 0.0005930 secs]
52.848: Total time for which application threads were stopped: 0.0007144 seconds, Stopping threads took: 0.0000195 seconds
52.891: [GC (Allocation Failure)  68797K->605K(410624K), 0.0005922 secs]
52.892: Total time for which application threads were stopped: 0.0007305 seconds, Stopping threads took: 0.0000234 seconds
52.938: [GC (Allocation Failure)  67677K->605K(409600K), 0.0004444 secs]
52.939: Total time for which application threads were stopped: 0.0005669 seconds, Stopping threads took: 0.0000259 seconds
52.984: [GC (Allocation Failure)  66653K->637K(408576K), 0.0004825 secs]
52.985: Total time for which application threads were stopped: 0.0006074 seconds, Stopping threads took: 0.0000278 seconds
53.026: [GC (Allocation Failure)  65661K->701K(407552K), 0.0005050 secs]
53.026: Total time for which application threads were stopped: 0.0006318 seconds, Stopping threads took: 0.0000195 seconds
53.072: [GC (Allocation Failure)  64701K->573K(406528K), 0.0005078 secs]
53.073: Total time for which application threads were stopped: 0.0006790 seconds, Stopping threads took: 0.0000226 seconds
53.112: [GC (Allocation Failure)  63549K->605K(419328K), 0.0005942 secs]
53.113: Total time for which application threads were stopped: 0.0007378 seconds, Stopping threads took: 0.0000218 seconds
53.163: [GC (Allocation Failure)  76381K->637K(418304K), 0.0005219 secs]
53.164: Total time for which application threads were stopped: 0.0006558 seconds, Stopping threads took: 0.0000209 seconds
53.213: [GC (Allocation Failure)  75389K->637K(417280K), 0.0004437 secs]
53.213: Total time for which application threads were stopped: 0.0005667 seconds, Stopping threads took: 0.0000194 seconds
53.265: [GC (Allocation Failure)  74365K->637K(416256K), 0.0006629 secs]
53.266: Total time for which application threads were stopped: 0.0007795 seconds, Stopping threads took: 0.0000193 seconds
53.311: [GC (Allocation Failure)  73341K->637K(415232K), 0.0006408 secs]
53.312: Total time for which application threads were stopped: 0.0007659 seconds, Stopping threads took: 0.0000188 seconds
53.361: [GC (Allocation Failure)  72317K->669K(429568K), 0.0006377 secs]
53.362: Total time for which application threads were stopped: 0.0008963 seconds, Stopping threads took: 0.0000189 seconds
53.421: [GC (Allocation Failure)  86685K->669K(428032K), 0.0004955 secs]
53.422: Total time for which application threads were stopped: 0.0006205 seconds, Stopping threads took: 0.0000187 seconds
53.474: [GC (Allocation Failure)  85149K->701K(444928K), 0.0007397 secs]
53.475: Total time for which application threads were stopped: 0.0008732 seconds, Stopping threads took: 0.0000211 seconds
53.542: [GC (Allocation Failure)  102077K->701K(442880K), 0.0005112 secs]
53.542: Total time for which application threads were stopped: 0.0006468 seconds, Stopping threads took: 0.0000218 seconds
53.604: [GC (Allocation Failure)  100029K->637K(440832K), 0.0005144 secs]
53.605: Total time for which application threads were stopped: 0.0006540 seconds, Stopping threads took: 0.0000214 seconds
53.666: [GC (Allocation Failure)  97917K->733K(438784K), 0.0004963 secs]
53.666: Total time for which application threads were stopped: 0.0006243 seconds, Stopping threads took: 0.0000215 seconds
53.728: [GC (Allocation Failure)  95965K->637K(437248K), 0.0005524 secs]
53.728: Total time for which application threads were stopped: 0.0006835 seconds, Stopping threads took: 0.0000195 seconds
53.792: [GC (Allocation Failure)  94333K->605K(435712K), 0.0004720 secs]
53.793: Total time for which application threads were stopped: 0.0005956 seconds, Stopping threads took: 0.0000195 seconds
53.857: [GC (Allocation Failure)  92765K->637K(434176K), 0.0004877 secs]
53.857: Total time for which application threads were stopped: 0.0006043 seconds, Stopping threads took: 0.0000184 seconds
53.919: [GC (Allocation Failure)  91261K->605K(432640K), 0.0004417 secs]
53.919: Total time for which application threads were stopped: 0.0005610 seconds, Stopping threads took: 0.0000265 seconds
53.979: [GC (Allocation Failure)  89693K->669K(431104K), 0.0005323 secs]
53.980: Total time for which application threads were stopped: 0.0006695 seconds, Stopping threads took: 0.0000199 seconds
54.041: [GC (Allocation Failure)  88221K->701K(429568K), 0.0004635 secs]
54.041: Total time for which application threads were stopped: 0.0005896 seconds, Stopping threads took: 0.0000192 seconds
54.095: [GC (Allocation Failure)  86717K->637K(428032K), 0.0005576 secs]
54.096: Total time for which application threads were stopped: 0.0006817 seconds, Stopping threads took: 0.0000202 seconds
54.149: [GC (Allocation Failure)  85117K->733K(426496K), 0.0006089 secs]
54.149: Total time for which application threads were stopped: 0.0007286 seconds, Stopping threads took: 0.0000190 seconds
54.202: [GC (Allocation Failure)  83677K->669K(424960K), 0.0004765 secs]
54.202: Total time for which application threads were stopped: 0.0005982 seconds, Stopping threads took: 0.0000203 seconds
54.253: [GC (Allocation Failure)  82077K->637K(423424K), 0.0005341 secs]
54.254: Total time for which application threads were stopped: 0.0006813 seconds, Stopping threads took: 0.0000203 seconds
54.309: [GC (Allocation Failure)  80509K->669K(422400K), 0.0005878 secs]
54.310: Total time for which application threads were stopped: 0.0007155 seconds, Stopping threads took: 0.0000196 seconds
54.359: [GC (Allocation Failure)  79517K->637K(421376K), 0.0004483 secs]
54.360: Total time for which application threads were stopped: 0.0006054 seconds, Stopping threads took: 0.0000193 seconds
54.408: [GC (Allocation Failure)  78461K->637K(420352K), 0.0004808 secs]
54.409: Total time for which application threads were stopped: 0.0006086 seconds, Stopping threads took: 0.0000274 seconds
54.457: [GC (Allocation Failure)  77437K->669K(419328K), 0.0007017 secs]
54.458: Total time for which application threads were stopped: 0.0008490 seconds, Stopping threads took: 0.0000213 seconds
54.505: [GC (Allocation Failure)  76445K->701K(418304K), 0.0005199 secs]
54.506: Total time for which application threads were stopped: 0.0006672 seconds, Stopping threads took: 0.0000219 seconds
54.558: [GC (Allocation Failure)  75453K->669K(417280K), 0.0004282 secs]
54.559: Total time for which application threads were stopped: 0.0005381 seconds, Stopping threads took: 0.0000168 seconds
54.605: [GC (Allocation Failure)  74397K->669K(416256K), 0.0004939 secs]
54.605: Total time for which application threads were stopped: 0.0006135 seconds, Stopping threads took: 0.0000193 seconds
54.651: [GC (Allocation Failure)  73373K->701K(415232K), 0.0004416 secs]
54.651: Total time for which application threads were stopped: 0.0005512 seconds, Stopping threads took: 0.0000170 seconds
54.697: [GC (Allocation Failure)  72381K->637K(414208K), 0.0004848 secs]
54.698: Total time for which application threads were stopped: 0.0006203 seconds, Stopping threads took: 0.0000199 seconds
54.742: [GC (Allocation Failure)  71293K->637K(413184K), 0.0004853 secs]
54.742: Total time for which application threads were stopped: 0.0006368 seconds, Stopping threads took: 0.0000293 seconds
54.789: [GC (Allocation Failure)  70269K->669K(412160K), 0.0005575 secs]
54.789: Total time for which application threads were stopped: 0.0007046 seconds, Stopping threads took: 0.0000223 seconds
54.833: [GC (Allocation Failure)  69277K->669K(411136K), 0.0006325 secs]
54.833: Total time for which application threads were stopped: 0.0007700 seconds, Stopping threads took: 0.0000221 seconds
54.878: [GC (Allocation Failure)  68253K->669K(424960K), 0.0005742 secs]
54.879: Total time for which application threads were stopped: 0.0007383 seconds, Stopping threads took: 0.0000306 seconds
54.931: [GC (Allocation Failure)  82077K->637K(423424K), 0.0004992 secs]
54.932: Total time for which application threads were stopped: 0.0006275 seconds, Stopping threads took: 0.0000273 seconds
54.982: [GC (Allocation Failure)  80509K->637K(422400K), 0.0004588 secs]
54.982: Total time for which application threads were stopped: 0.0005882 seconds, Stopping threads took: 0.0000283 seconds
55.031: [GC (Allocation Failure)  79485K->637K(421376K), 0.0005130 secs]
55.032: Total time for which application threads were stopped: 0.0006581 seconds, Stopping threads took: 0.0000279 seconds
55.081: [GC (Allocation Failure)  78461K->669K(420352K), 0.0006086 secs]
55.081: Total time for which application threads were stopped: 0.0007643 seconds, Stopping threads took: 0.0000294 seconds
55.129: [GC (Allocation Failure)  77469K->605K(419328K), 0.0004638 secs]
55.130: Total time for which application threads were stopped: 0.0006010 seconds, Stopping threads took: 0.0000311 seconds
55.184: [GC (Allocation Failure)  76381K->637K(418304K), 0.0003723 secs]
55.185: Total time for which application threads were stopped: 0.0004906 seconds, Stopping threads took: 0.0000248 seconds
55.234: [GC (Allocation Failure)  75389K->637K(417280K), 0.0003839 secs]
55.235: Total time for which application threads were stopped: 0.0005106 seconds, Stopping threads took: 0.0000163 seconds
55.281: [GC (Allocation Failure)  74365K->669K(416256K), 0.0004561 secs]
55.281: Total time for which application threads were stopped: 0.0005742 seconds, Stopping threads took: 0.0000193 seconds
55.327: [GC (Allocation Failure)  73373K->637K(415232K), 0.0004804 secs]
55.327: Total time for which application threads were stopped: 0.0006069 seconds, Stopping threads took: 0.0000266 seconds
55.372: [GC (Allocation Failure)  72317K->669K(414208K), 0.0004939 secs]
55.373: Total time for which application threads were stopped: 0.0006548 seconds, Stopping threads took: 0.0000212 seconds
55.423: [GC (Allocation Failure)  71325K->669K(413184K), 0.0005199 secs]
55.423: Total time for which application threads were stopped: 0.0006671 seconds, Stopping threads took: 0.0000226 seconds
55.467: [GC (Allocation Failure)  70301K->637K(412160K), 0.0006185 secs]
55.468: Total time for which application threads were stopped: 0.0007754 seconds, Stopping threads took: 0.0000229 seconds
55.518: [GC (Allocation Failure)  69245K->669K(411136K), 0.0005547 secs]
55.518: Total time for which application threads were stopped: 0.0007124 seconds, Stopping threads took: 0.0000237 seconds
55.567: [GC (Allocation Failure)  68253K->637K(410112K), 0.0004806 secs]
55.567: Total time for which application threads were stopped: 0.0006007 seconds, Stopping threads took: 0.0000168 seconds
55.609: [GC (Allocation Failure)  67197K->669K(409088K), 0.0004696 secs]
55.610: Total time for which application threads were stopped: 0.0006003 seconds, Stopping threads took: 0.0000281 seconds
55.654: [GC (Allocation Failure)  66205K->637K(408064K), 0.0005281 secs]
55.655: Total time for which application threads were stopped: 0.0006654 seconds, Stopping threads took: 0.0000188 seconds
55.695: [GC (Allocation Failure)  65149K->669K(407040K), 0.0005055 secs]
55.696: Total time for which application threads were stopped: 0.0006397 seconds, Stopping threads took: 0.0000194 seconds
55.742: [GC (Allocation Failure)  64157K->669K(406016K), 0.0005013 secs]
55.742: Total time for which application threads were stopped: 0.0006352 seconds, Stopping threads took: 0.0000213 seconds
55.782: [GC (Allocation Failure)  63133K->637K(405504K), 0.0005199 secs]
55.782: Total time for which application threads were stopped: 0.0006658 seconds, Stopping threads took: 0.0000215 seconds
55.826: [GC (Allocation Failure)  62589K->701K(418304K), 0.0006918 secs]
55.826: Total time for which application threads were stopped: 0.0008319 seconds, Stopping threads took: 0.0000221 seconds
55.873: [GC (Allocation Failure)  75453K->637K(433664K), 0.0006015 secs]
55.874: Total time for which application threads were stopped: 0.0007309 seconds, Stopping threads took: 0.0000209 seconds
55.937: [GC (Allocation Failure)  90749K->637K(452096K), 0.0005797 secs]
55.937: Total time for which application threads were stopped: 0.0007091 seconds, Stopping threads took: 0.0000276 seconds
56.010: [GC (Allocation Failure)  109181K->669K(450048K), 0.0005777 secs]
56.011: Total time for which application threads were stopped: 0.0007051 seconds, Stopping threads took: 0.0000281 seconds
56.077: [GC (Allocation Failure)  107165K->701K(448000K), 0.0004390 secs]
56.078: Total time for which application threads were stopped: 0.0005558 seconds, Stopping threads took: 0.0000195 seconds
56.148: [GC (Allocation Failure)  105149K->637K(445952K), 0.0006227 secs]
56.149: Total time for which application threads were stopped: 0.0007441 seconds, Stopping threads took: 0.0000195 seconds
56.213: [GC (Allocation Failure)  103037K->605K(443904K), 0.0005630 secs]
56.214: Total time for which application threads were stopped: 0.0006921 seconds, Stopping threads took: 0.0000288 seconds
56.280: [GC (Allocation Failure)  100957K->637K(441856K), 0.0004789 secs]
56.281: Total time for which application threads were stopped: 0.0006058 seconds, Stopping threads took: 0.0000281 seconds
56.348: [GC (Allocation Failure)  98941K->637K(439808K), 0.0004969 secs]
56.349: Total time for which application threads were stopped: 0.0006578 seconds, Stopping threads took: 0.0000279 seconds
56.413: [GC (Allocation Failure)  96893K->669K(437760K), 0.0005361 secs]
56.414: Total time for which application threads were stopped: 0.0006648 seconds, Stopping threads took: 0.0000277 seconds
56.476: [GC (Allocation Failure)  94877K->637K(436224K), 0.0004301 secs]
56.476: Total time for which application threads were stopped: 0.0005459 seconds, Stopping threads took: 0.0000191 seconds
56.535: [GC (Allocation Failure)  93309K->605K(434688K), 0.0004957 secs]
56.535: Total time for which application threads were stopped: 0.0006167 seconds, Stopping threads took: 0.0000198 seconds
56.593: [GC (Allocation Failure)  91741K->637K(433152K), 0.0005032 secs]
56.593: Total time for which application threads were stopped: 0.0006545 seconds, Stopping threads took: 0.0000286 seconds
56.650: [GC (Allocation Failure)  90237K->701K(431616K), 0.0004678 secs]
56.651: Total time for which application threads were stopped: 0.0005933 seconds, Stopping threads took: 0.0000220 seconds
56.713: [GC (Allocation Failure)  88765K->637K(430080K), 0.0004720 secs]
56.713: Total time for which application threads were stopped: 0.0006036 seconds, Stopping threads took: 0.0000278 seconds
56.768: [GC (Allocation Failure)  87165K->669K(428544K), 0.0004913 secs]
56.768: Total time for which application threads were stopped: 0.0006211 seconds, Stopping threads took: 0.0000271 seconds
56.821: [GC (Allocation Failure)  85661K->669K(427008K), 0.0004802 secs]
56.822: Total time for which application threads were stopped: 0.0006019 seconds, Stopping threads took: 0.0000192 seconds
56.874: [GC (Allocation Failure)  84125K->637K(425472K), 0.0005258 secs]
56.874: Total time for which application threads were stopped: 0.0006679 seconds, Stopping threads took: 0.0000206 seconds
56.932: [GC (Allocation Failure)  82557K->701K(423936K), 0.0005777 secs]
56.932: Total time for which application threads were stopped: 0.0006838 seconds, Stopping threads took: 0.0000179 seconds
56.987: [GC (Allocation Failure)  81085K->669K(422400K), 0.0004902 secs]
56.988: Total time for which application threads were stopped: 0.0006105 seconds, Stopping threads took: 0.0000196 seconds
57.038: [GC (Allocation Failure)  79517K->733K(421376K), 0.0004710 secs]
57.038: Total time for which application threads were stopped: 0.0005951 seconds, Stopping threads took: 0.0000202 seconds
57.092: [GC (Allocation Failure)  78557K->637K(420352K), 0.0004359 secs]
57.093: Total time for which application threads were stopped: 0.0005452 seconds, Stopping threads took: 0.0000168 seconds
57.141: [GC (Allocation Failure)  77437K->637K(419328K), 0.0004288 secs]
57.141: Total time for which application threads were stopped: 0.0005409 seconds, Stopping threads took: 0.0000174 seconds
57.192: [GC (Allocation Failure)  76413K->669K(418304K), 0.0004645 secs]
57.193: Total time for which application threads were stopped: 0.0005944 seconds, Stopping threads took: 0.0000257 seconds
57.240: [GC (Allocation Failure)  75421K->637K(417280K), 0.0005284 secs]
57.240: Total time for which application threads were stopped: 0.0006628 seconds, Stopping threads took: 0.0000243 seconds
57.289: [GC (Allocation Failure)  74365K->669K(416256K), 0.0004823 secs]
57.290: Total time for which application threads were stopped: 0.0006029 seconds, Stopping threads took: 0.0000189 seconds
57.336: [GC (Allocation Failure)  73373K->637K(415232K), 0.0005155 secs]
57.337: Total time for which application threads were stopped: 0.0006413 seconds, Stopping threads took: 0.0000260 seconds
57.382: [GC (Allocation Failure)  72317K->605K(414208K), 0.0005330 secs]
57.382: Total time for which application threads were stopped: 0.0006527 seconds, Stopping threads took: 0.0000168 seconds
57.427: [GC (Allocation Failure)  71261K->573K(413184K), 0.0005918 secs]
57.428: Total time for which application threads were stopped: 0.0007116 seconds, Stopping threads took: 0.0000201 seconds
57.476: [GC (Allocation Failure)  70205K->669K(412160K), 0.0004310 secs]
57.476: Total time for which application threads were stopped: 0.0005606 seconds, Stopping threads took: 0.0000283 seconds
57.521: [GC (Allocation Failure)  69277K->669K(411136K), 0.0004983 secs]
57.521: Total time for which application threads were stopped: 0.0006193 seconds, Stopping threads took: 0.0000198 seconds
57.565: [GC (Allocation Failure)  68253K->669K(410112K), 0.0004968 secs]
57.565: Total time for which application threads were stopped: 0.0006422 seconds, Stopping threads took: 0.0000191 seconds
57.611: [GC (Allocation Failure)  67229K->637K(409088K), 0.0006126 secs]
57.612: Total time for which application threads were stopped: 0.0007426 seconds, Stopping threads took: 0.0000271 seconds
57.658: [GC (Allocation Failure)  66173K->669K(408064K), 0.0005169 secs]
57.658: Total time for which application threads were stopped: 0.0006358 seconds, Stopping threads took: 0.0000187 seconds
57.699: [GC (Allocation Failure)  65181K->637K(407040K), 0.0004610 secs]
57.700: Total time for which application threads were stopped: 0.0006055 seconds, Stopping threads took: 0.0000253 seconds
57.745: [GC (Allocation Failure)  64125K->669K(406016K), 0.0004639 secs]
57.746: Total time for which application threads were stopped: 0.0005894 seconds, Stopping threads took: 0.0000196 seconds
57.786: [GC (Allocation Failure)  63133K->637K(405504K), 0.0004843 secs]
57.786: Total time for which application threads were stopped: 0.0006099 seconds, Stopping threads took: 0.0000276 seconds
57.827: [GC (Allocation Failure)  62589K->701K(418304K), 0.0007177 secs]
57.828: Total time for which application threads were stopped: 0.0008385 seconds, Stopping threads took: 0.0000197 seconds
57.879: [GC (Allocation Failure)  75453K->637K(433664K), 0.0005142 secs]
57.879: Total time for which application threads were stopped: 0.0006589 seconds, Stopping threads took: 0.0000286 seconds
57.941: [GC (Allocation Failure)  90749K->605K(432128K), 0.0005298 secs]
57.941: Total time for which application threads were stopped: 0.0006512 seconds, Stopping threads took: 0.0000189 seconds
57.998: [GC (Allocation Failure)  89181K->669K(430592K), 0.0004543 secs]
57.998: Total time for which application threads were stopped: 0.0005696 seconds, Stopping threads took: 0.0000165 seconds
58.055: [GC (Allocation Failure)  87709K->669K(429056K), 0.0004832 secs]
58.055: Total time for which application threads were stopped: 0.0006148 seconds, Stopping threads took: 0.0000271 seconds
58.110: [GC (Allocation Failure)  86173K->669K(427520K), 0.0006793 secs]
58.110: Total time for which application threads were stopped: 0.0008201 seconds, Stopping threads took: 0.0000287 seconds
58.165: [GC (Allocation Failure)  84637K->637K(425984K), 0.0005145 secs]
58.165: Total time for which application threads were stopped: 0.0006345 seconds, Stopping threads took: 0.0000195 seconds
58.218: [GC (Allocation Failure)  83069K->637K(424448K), 0.0005139 secs]
58.218: Total time for which application threads were stopped: 0.0006467 seconds, Stopping threads took: 0.0000195 seconds
58.269: [GC (Allocation Failure)  81533K->637K(422912K), 0.0005075 secs]
58.270: Total time for which application threads were stopped: 0.0006626 seconds, Stopping threads took: 0.0000296 seconds
58.325: [GC (Allocation Failure)  79997K->701K(421888K), 0.0005932 secs]
58.326: Total time for which application threads were stopped: 0.0007443 seconds, Stopping threads took: 0.0000220 seconds
58.378: [GC (Allocation Failure)  79037K->669K(420864K), 0.0005619 secs]
58.378: Total time for which application threads were stopped: 0.0007048 seconds, Stopping threads took: 0.0000198 seconds
58.430: [GC (Allocation Failure)  77981K->669K(419840K), 0.0005159 secs]
58.431: Total time for which application threads were stopped: 0.0006468 seconds, Stopping threads took: 0.0000284 seconds
58.482: [GC (Allocation Failure)  76957K->605K(418816K), 0.0005153 secs]
58.482: Total time for which application threads were stopped: 0.0006524 seconds, Stopping threads took: 0.0000287 seconds
58.529: [GC (Allocation Failure)  75869K->701K(417792K), 0.0006742 secs]
58.530: Total time for which application threads were stopped: 0.0008212 seconds, Stopping threads took: 0.0000214 seconds
58.577: [GC (Allocation Failure)  74941K->669K(416768K), 0.0005557 secs]
58.577: Total time for which application threads were stopped: 0.0006967 seconds, Stopping threads took: 0.0000221 seconds
58.623: [GC (Allocation Failure)  73885K->701K(415744K), 0.0005987 secs]
58.624: Total time for which application threads were stopped: 0.0007602 seconds, Stopping threads took: 0.0000282 seconds
58.675: [GC (Allocation Failure)  72893K->637K(414720K), 0.0004262 secs]
58.675: Total time for which application threads were stopped: 0.0005507 seconds, Stopping threads took: 0.0000256 seconds
58.724: [GC (Allocation Failure)  71805K->669K(413696K), 0.0004271 secs]
58.725: Total time for which application threads were stopped: 0.0005518 seconds, Stopping threads took: 0.0000202 seconds
58.772: [GC (Allocation Failure)  70813K->637K(412672K), 0.0004648 secs]
58.773: Total time for which application threads were stopped: 0.0005692 seconds, Stopping threads took: 0.0000174 seconds
58.822: [GC (Allocation Failure)  69757K->637K(411648K), 0.0004031 secs]
58.823: Total time for which application threads were stopped: 0.0005297 seconds, Stopping threads took: 0.0000163 seconds
58.871: [GC (Allocation Failure)  68733K->637K(410624K), 0.0005910 secs]
58.871: Total time for which application threads were stopped: 0.0007116 seconds, Stopping threads took: 0.0000195 seconds
58.915: [GC (Allocation Failure)  67709K->669K(409600K), 0.0004719 secs]
58.915: Total time for which application threads were stopped: 0.0005988 seconds, Stopping threads took: 0.0000267 seconds
58.957: [GC (Allocation Failure)  66717K->637K(408576K), 0.0005004 secs]
58.957: Total time for which application threads were stopped: 0.0006266 seconds, Stopping threads took: 0.0000201 seconds
59.002: [GC (Allocation Failure)  65661K->637K(407552K), 0.0005116 secs]
59.002: Total time for which application threads were stopped: 0.0006540 seconds, Stopping threads took: 0.0000214 seconds
59.042: [GC (Allocation Failure)  64637K->669K(406528K), 0.0005480 secs]
59.043: Total time for which application threads were stopped: 0.0006854 seconds, Stopping threads took: 0.0000280 seconds
59.087: [GC (Allocation Failure)  63645K->637K(405504K), 0.0005250 secs]
59.088: Total time for which application threads were stopped: 0.0006536 seconds, Stopping threads took: 0.0000204 seconds
59.134: [GC (Allocation Failure)  62589K->637K(404992K), 0.0005251 secs]
59.134: Total time for which application threads were stopped: 0.0006580 seconds, Stopping threads took: 0.0000208 seconds
59.173: [GC (Allocation Failure)  62077K->669K(417280K), 0.0005118 secs]
59.173: Total time for which application threads were stopped: 0.0006461 seconds, Stopping threads took: 0.0000214 seconds
59.221: [GC (Allocation Failure)  74397K->669K(416256K), 0.0004911 secs]
59.221: Total time for which application threads were stopped: 0.0006269 seconds, Stopping threads took: 0.0000274 seconds
59.267: [GC (Allocation Failure)  73373K->637K(415232K), 0.0005137 secs]
59.268: Total time for which application threads were stopped: 0.0006954 seconds, Stopping threads took: 0.0000282 seconds
59.313: [GC (Allocation Failure)  72317K->669K(429568K), 0.0005835 secs]
59.314: Total time for which application threads were stopped: 0.0007018 seconds, Stopping threads took: 0.0000195 seconds
59.367: [GC (Allocation Failure)  86685K->637K(428032K), 0.0005543 secs]
59.368: Total time for which application threads were stopped: 0.0006732 seconds, Stopping threads took: 0.0000192 seconds
59.421: [GC (Allocation Failure)  85117K->733K(426496K), 0.0004741 secs]
59.421: Total time for which application threads were stopped: 0.0005964 seconds, Stopping threads took: 0.0000203 seconds
59.473: [GC (Allocation Failure)  83677K->637K(424960K), 0.0004835 secs]
59.474: Total time for which application threads were stopped: 0.0006072 seconds, Stopping threads took: 0.0000206 seconds
59.529: [GC (Allocation Failure)  82045K->637K(423424K), 0.0004740 secs]
59.529: Total time for which application threads were stopped: 0.0005827 seconds, Stopping threads took: 0.0000159 seconds
59.582: [GC (Allocation Failure)  80509K->701K(422400K), 0.0005121 secs]
59.583: Total time for which application threads were stopped: 0.0006411 seconds, Stopping threads took: 0.0000211 seconds
59.633: [GC (Allocation Failure)  79549K->637K(421376K), 0.0004920 secs]
59.634: Total time for which application threads were stopped: 0.0006131 seconds, Stopping threads took: 0.0000198 seconds
59.684: [GC (Allocation Failure)  78461K->637K(420352K), 0.0003955 secs]
59.684: Total time for which application threads were stopped: 0.0005130 seconds, Stopping threads took: 0.0000256 seconds
59.733: [GC (Allocation Failure)  77437K->637K(419328K), 0.0006452 secs]
59.734: Total time for which application threads were stopped: 0.0007620 seconds, Stopping threads took: 0.0000192 seconds
59.784: [GC (Allocation Failure)  76413K->669K(418304K), 0.0006098 secs]
59.785: Total time for which application threads were stopped: 0.0007252 seconds, Stopping threads took: 0.0000195 seconds
59.837: [GC (Allocation Failure)  75421K->605K(417280K), 0.0005358 secs]
59.838: Total time for which application threads were stopped: 0.0006560 seconds, Stopping threads took: 0.0000170 seconds
59.884: [GC (Allocation Failure)  74333K->669K(416256K), 0.0005478 secs]
59.885: Total time for which application threads were stopped: 0.0006917 seconds, Stopping threads took: 0.0000213 seconds
59.931: [GC (Allocation Failure)  73373K->701K(415232K), 0.0004646 secs]
59.931: Total time for which application threads were stopped: 0.0005961 seconds, Stopping threads took: 0.0000277 seconds
59.980: [GC (Allocation Failure)  72381K->669K(414208K), 0.0005351 secs]
59.981: Total time for which application threads were stopped: 0.0006553 seconds, Stopping threads took: 0.0000197 seconds
60.025: [GC (Allocation Failure)  71325K->669K(413184K), 0.0005709 secs]
60.026: Total time for which application threads were stopped: 0.0006963 seconds, Stopping threads took: 0.0000195 seconds
60.070: [GC (Allocation Failure)  70301K->637K(412160K), 0.0004198 secs]
60.071: Total time for which application threads were stopped: 0.0005333 seconds, Stopping threads took: 0.0000187 seconds
60.114: [GC (Allocation Failure)  69245K->669K(411136K), 0.0004309 secs]
60.114: Total time for which application threads were stopped: 0.0005481 seconds, Stopping threads took: 0.0000173 seconds
60.160: [GC (Allocation Failure)  68253K->669K(410112K), 0.0004824 secs]
60.161: Total time for which application threads were stopped: 0.0006069 seconds, Stopping threads took: 0.0000207 seconds
60.204: [GC (Allocation Failure)  67229K->637K(409088K), 0.0004801 secs]
60.204: Total time for which application threads were stopped: 0.0006085 seconds, Stopping threads took: 0.0000275 seconds
60.245: [GC (Allocation Failure)  66173K->701K(408064K), 0.0005147 secs]
60.246: Total time for which application threads were stopped: 0.0006420 seconds, Stopping threads took: 0.0000205 seconds
60.286: [GC (Allocation Failure)  65213K->701K(407040K), 0.0004534 secs]
60.287: Total time for which application threads were stopped: 0.0005798 seconds, Stopping threads took: 0.0000276 seconds
60.329: [GC (Allocation Failure)  64189K->701K(406016K), 0.0005105 secs]
60.330: Total time for which application threads were stopped: 0.0006279 seconds, Stopping threads took: 0.0000192 seconds
60.375: [GC (Allocation Failure)  63165K->637K(418816K), 0.0005989 secs]
60.376: Total time for which application threads were stopped: 0.0007179 seconds, Stopping threads took: 0.0000161 seconds
60.423: [GC (Allocation Failure)  75901K->701K(434176K), 0.0008195 secs]
60.424: Total time for which application threads were stopped: 0.0009486 seconds, Stopping threads took: 0.0000226 seconds
60.485: [GC (Allocation Failure)  91325K->701K(452608K), 0.0004712 secs]
60.485: Total time for which application threads were stopped: 0.0005912 seconds, Stopping threads took: 0.0000205 seconds
60.553: [GC (Allocation Failure)  109757K->669K(450560K), 0.0004854 secs]
60.554: Total time for which application threads were stopped: 0.0006060 seconds, Stopping threads took: 0.0000196 seconds
60.621: [GC (Allocation Failure)  107677K->669K(448512K), 0.0005709 secs]
60.621: Total time for which application threads were stopped: 0.0006873 seconds, Stopping threads took: 0.0000183 seconds
60.687: [GC (Allocation Failure)  105629K->669K(446464K), 0.0004040 secs]
60.688: Total time for which application threads were stopped: 0.0005237 seconds, Stopping threads took: 0.0000193 seconds
60.752: [GC (Allocation Failure)  103581K->637K(444416K), 0.0005271 secs]
60.752: Total time for which application threads were stopped: 0.0006658 seconds, Stopping threads took: 0.0000361 seconds
60.815: [GC (Allocation Failure)  101501K->637K(442368K), 0.0004623 secs]
60.815: Total time for which application threads were stopped: 0.0005900 seconds, Stopping threads took: 0.0000272 seconds
60.877: [GC (Allocation Failure)  99453K->669K(440320K), 0.0007107 secs]
60.878: Total time for which application threads were stopped: 0.0008390 seconds, Stopping threads took: 0.0000197 seconds
60.943: [GC (Allocation Failure)  97437K->669K(438272K), 0.0005339 secs]
60.944: Total time for which application threads were stopped: 0.0006687 seconds, Stopping threads took: 0.0000203 seconds
61.009: [GC (Allocation Failure)  95389K->701K(436736K), 0.0005137 secs]
61.010: Total time for which application threads were stopped: 0.0006376 seconds, Stopping threads took: 0.0000197 seconds
61.068: [GC (Allocation Failure)  93885K->637K(435200K), 0.0005159 secs]
61.068: Total time for which application threads were stopped: 0.0006629 seconds, Stopping threads took: 0.0000225 seconds
61.125: [GC (Allocation Failure)  92285K->605K(433664K), 0.0004998 secs]
61.126: Total time for which application threads were stopped: 0.0006494 seconds, Stopping threads took: 0.0000223 seconds
61.188: [GC (Allocation Failure)  90717K->637K(432128K), 0.0003900 secs]
61.189: Total time for which application threads were stopped: 0.0005055 seconds, Stopping threads took: 0.0000255 seconds
61.245: [GC (Allocation Failure)  89213K->605K(430592K), 0.0005889 secs]
61.246: Total time for which application threads were stopped: 0.0007145 seconds, Stopping threads took: 0.0000193 seconds
61.303: [GC (Allocation Failure)  87645K->637K(429056K), 0.0005098 secs]
61.304: Total time for which application threads were stopped: 0.0006377 seconds, Stopping threads took: 0.0000280 seconds
61.358: [GC (Allocation Failure)  86141K->733K(427520K), 0.0005647 secs]
61.358: Total time for which application threads were stopped: 0.0006815 seconds, Stopping threads took: 0.0000194 seconds
61.416: [GC (Allocation Failure)  84701K->669K(425984K), 0.0006218 secs]
61.417: Total time for which application threads were stopped: 0.0007420 seconds, Stopping threads took: 0.0000197 seconds
61.468: [GC (Allocation Failure)  83101K->637K(424448K), 0.0005041 secs]
61.469: Total time for which application threads were stopped: 0.0006245 seconds, Stopping threads took: 0.0000197 seconds
61.526: [GC (Allocation Failure)  81533K->701K(422912K), 0.0005719 secs]
61.527: Total time for which application threads were stopped: 0.0006874 seconds, Stopping threads took: 0.0000196 seconds
61.581: [GC (Allocation Failure)  80061K->637K(421888K), 0.0005836 secs]
61.582: Total time for which application threads were stopped: 0.0007135 seconds, Stopping threads took: 0.0000277 seconds
61.631: [GC (Allocation Failure)  78973K->669K(420864K), 0.0004930 secs]
61.631: Total time for which application threads were stopped: 0.0006107 seconds, Stopping threads took: 0.0000199 seconds
61.685: [GC (Allocation Failure)  77981K->637K(419840K), 0.0004068 secs]
61.685: Total time for which application threads were stopped: 0.0005328 seconds, Stopping threads took: 0.0000271 seconds
61.737: [GC (Allocation Failure)  76925K->637K(418816K), 0.0004479 secs]
61.738: Total time for which application threads were stopped: 0.0005590 seconds, Stopping threads took: 0.0000184 seconds
61.784: [GC (Allocation Failure)  75901K->701K(417792K), 0.0005398 secs]
61.785: Total time for which application threads were stopped: 0.0006564 seconds, Stopping threads took: 0.0000188 seconds
61.838: [GC (Allocation Failure)  74941K->669K(416768K), 0.0005736 secs]
61.838: Total time for which application threads were stopped: 0.0006836 seconds, Stopping threads took: 0.0000172 seconds
61.889: [GC (Allocation Failure)  73885K->669K(415744K), 0.0005025 secs]
61.889: Total time for which application threads were stopped: 0.0006460 seconds, Stopping threads took: 0.0000257 seconds
61.938: [GC (Allocation Failure)  72861K->669K(414720K), 0.0004348 secs]
61.938: Total time for which application threads were stopped: 0.0005561 seconds, Stopping threads took: 0.0000198 seconds
61.983: [GC (Allocation Failure)  71837K->701K(413696K), 0.0005055 secs]
61.983: Total time for which application threads were stopped: 0.0006408 seconds, Stopping threads took: 0.0000210 seconds
62.031: [GC (Allocation Failure)  70845K->669K(412672K), 0.0006288 secs]
62.032: Total time for which application threads were stopped: 0.0007700 seconds, Stopping threads took: 0.0000283 seconds
62.075: [GC (Allocation Failure)  69789K->733K(411648K), 0.0005796 secs]
62.076: Total time for which application threads were stopped: 0.0007391 seconds, Stopping threads took: 0.0000268 seconds
62.124: [GC (Allocation Failure)  68829K->637K(410624K), 0.0005080 secs]
62.124: Total time for which application threads were stopped: 0.0006253 seconds, Stopping threads took: 0.0000190 seconds
62.166: [GC (Allocation Failure)  67709K->637K(409600K), 0.0004989 secs]
62.167: Total time for which application threads were stopped: 0.0006271 seconds, Stopping threads took: 0.0000282 seconds
62.209: [GC (Allocation Failure)  66685K->605K(408576K), 0.0004298 secs]
62.209: Total time for which application threads were stopped: 0.0005484 seconds, Stopping threads took: 0.0000191 seconds
62.250: [GC (Allocation Failure)  65629K->669K(407552K), 0.0005122 secs]
62.251: Total time for which application threads were stopped: 0.0006316 seconds, Stopping threads took: 0.0000195 seconds
62.291: [GC (Allocation Failure)  64669K->701K(406528K), 0.0004755 secs]
62.291: Total time for which application threads were stopped: 0.0005964 seconds, Stopping threads took: 0.0000193 seconds
62.335: [GC (Allocation Failure)  63677K->733K(405504K), 0.0005598 secs]
62.336: Total time for which application threads were stopped: 0.0006880 seconds, Stopping threads took: 0.0000274 seconds
62.375: [GC (Allocation Failure)  62685K->637K(404992K), 0.0004699 secs]
62.375: Total time for which application threads were stopped: 0.0005848 seconds, Stopping threads took: 0.0000193 seconds
62.414: [GC (Allocation Failure)  62077K->637K(417280K), 0.0004913 secs]
62.415: Total time for which application threads were stopped: 0.0006200 seconds, Stopping threads took: 0.0000282 seconds
62.461: [GC (Allocation Failure)  74365K->637K(432128K), 0.0008240 secs]
62.461: Total time for which application threads were stopped: 0.0009574 seconds, Stopping threads took: 0.0000194 seconds
62.517: [GC (Allocation Failure)  89213K->669K(450048K), 0.0004556 secs]
62.517: Total time for which application threads were stopped: 0.0005723 seconds, Stopping threads took: 0.0000191 seconds
62.584: [GC (Allocation Failure)  107165K->637K(448000K), 0.0004606 secs]
62.584: Total time for which application threads were stopped: 0.0005835 seconds, Stopping threads took: 0.0000197 seconds
62.649: [GC (Allocation Failure)  105085K->637K(445952K), 0.0004715 secs]
62.650: Total time for which application threads were stopped: 0.0005966 seconds, Stopping threads took: 0.0000273 seconds
62.714: [GC (Allocation Failure)  103037K->605K(443904K), 0.0005411 secs]
62.715: Total time for which application threads were stopped: 0.0006682 seconds, Stopping threads took: 0.0000274 seconds
62.783: [GC (Allocation Failure)  100957K->669K(441856K), 0.0007779 secs]
62.783: Total time for which application threads were stopped: 0.0009036 seconds, Stopping threads took: 0.0000278 seconds
62.849: [GC (Allocation Failure)  98973K->669K(439808K), 0.0004588 secs]
62.850: Total time for which application threads were stopped: 0.0006095 seconds, Stopping threads took: 0.0000186 seconds
62.914: [GC (Allocation Failure)  96925K->637K(437760K), 0.0004668 secs]
62.915: Total time for which application threads were stopped: 0.0005769 seconds, Stopping threads took: 0.0000157 seconds
62.975: [GC (Allocation Failure)  94845K->701K(436224K), 0.0004729 secs]
62.975: Total time for which application threads were stopped: 0.0005936 seconds, Stopping threads took: 0.0000195 seconds
63.033: [GC (Allocation Failure)  93373K->669K(434688K), 0.0005432 secs]
63.034: Total time for which application threads were stopped: 0.0006600 seconds, Stopping threads took: 0.0000194 seconds
63.091: [GC (Allocation Failure)  91805K->669K(433152K), 0.0004794 secs]
63.091: Total time for which application threads were stopped: 0.0005986 seconds, Stopping threads took: 0.0000193 seconds
63.148: [GC (Allocation Failure)  90269K->669K(431616K), 0.0004898 secs]
63.148: Total time for which application threads were stopped: 0.0006116 seconds, Stopping threads took: 0.0000273 seconds
63.204: [GC (Allocation Failure)  88733K->605K(430080K), 0.0004184 secs]
63.204: Total time for which application threads were stopped: 0.0005460 seconds, Stopping threads took: 0.0000259 seconds
63.264: [GC (Allocation Failure)  87133K->637K(428544K), 0.0005253 secs]
63.265: Total time for which application threads were stopped: 0.0006611 seconds, Stopping threads took: 0.0000273 seconds
63.318: [GC (Allocation Failure)  85629K->701K(427008K), 0.0004660 secs]
63.319: Total time for which application threads were stopped: 0.0005833 seconds, Stopping threads took: 0.0000182 seconds
63.371: [GC (Allocation Failure)  84157K->637K(425472K), 0.0004978 secs]
63.372: Total time for which application threads were stopped: 0.0006248 seconds, Stopping threads took: 0.0000260 seconds
63.429: [GC (Allocation Failure)  82557K->637K(423936K), 0.0004505 secs]
63.429: Total time for which application threads were stopped: 0.0005802 seconds, Stopping threads took: 0.0000282 seconds
63.483: [GC (Allocation Failure)  81021K->669K(422400K), 0.0004968 secs]
63.483: Total time for which application threads were stopped: 0.0006260 seconds, Stopping threads took: 0.0000282 seconds
63.539: [GC (Allocation Failure)  79517K->701K(421376K), 0.0004436 secs]
63.539: Total time for which application threads were stopped: 0.0005725 seconds, Stopping threads took: 0.0000271 seconds
63.589: [GC (Allocation Failure)  78525K->637K(420352K), 0.0005767 secs]
63.590: Total time for which application threads were stopped: 0.0006983 seconds, Stopping threads took: 0.0000189 seconds
63.640: [GC (Allocation Failure)  77437K->637K(419328K), 0.0005632 secs]
63.640: Total time for which application threads were stopped: 0.0007020 seconds, Stopping threads took: 0.0000273 seconds
63.692: [GC (Allocation Failure)  76413K->637K(418304K), 0.0004146 secs]
63.693: Total time for which application threads were stopped: 0.0005521 seconds, Stopping threads took: 0.0000262 seconds
63.740: [GC (Allocation Failure)  75389K->605K(417280K), 0.0005542 secs]
63.741: Total time for which application threads were stopped: 0.0006799 seconds, Stopping threads took: 0.0000275 seconds
63.791: [GC (Allocation Failure)  74333K->637K(416256K), 0.0004505 secs]
63.792: Total time for which application threads were stopped: 0.0005702 seconds, Stopping threads took: 0.0000191 seconds
63.844: [GC (Allocation Failure)  73341K->669K(415232K), 0.0006907 secs]
63.845: Total time for which application threads were stopped: 0.0008117 seconds, Stopping threads took: 0.0000195 seconds
63.891: [GC (Allocation Failure)  72349K->605K(414208K), 0.0005921 secs]
63.891: Total time for which application threads were stopped: 0.0007227 seconds, Stopping threads took: 0.0000257 seconds
63.937: [GC (Allocation Failure)  71261K->637K(413184K), 0.0004108 secs]
63.937: Total time for which application threads were stopped: 0.0005359 seconds, Stopping threads took: 0.0000160 seconds
63.982: [GC (Allocation Failure)  70269K->637K(412160K), 0.0004188 secs]
63.983: Total time for which application threads were stopped: 0.0005722 seconds, Stopping threads took: 0.0000191 seconds
64.028: [GC (Allocation Failure)  69245K->669K(411136K), 0.0004504 secs]
64.029: Total time for which application threads were stopped: 0.0005778 seconds, Stopping threads took: 0.0000271 seconds
64.072: [GC (Allocation Failure)  68253K->637K(410112K), 0.0004978 secs]
64.072: Total time for which application threads were stopped: 0.0006289 seconds, Stopping threads took: 0.0000295 seconds
64.118: [GC (Allocation Failure)  67197K->605K(409088K), 0.0006476 secs]
64.119: Total time for which application threads were stopped: 0.0007802 seconds, Stopping threads took: 0.0000185 seconds
64.160: [GC (Allocation Failure)  66141K->669K(422400K), 0.0005657 secs]
64.161: Total time for which application threads were stopped: 0.0006884 seconds, Stopping threads took: 0.0000196 seconds
64.216: [GC (Allocation Failure)  79517K->637K(421376K), 0.0004712 secs]
64.217: Total time for which application threads were stopped: 0.0005920 seconds, Stopping threads took: 0.0000198 seconds
64.266: [GC (Allocation Failure)  78461K->669K(437248K), 0.0006654 secs]
64.266: Total time for which application threads were stopped: 0.0008051 seconds, Stopping threads took: 0.0000205 seconds
64.325: [GC (Allocation Failure)  94365K->605K(435712K), 0.0005679 secs]
64.326: Total time for which application threads were stopped: 0.0007093 seconds, Stopping threads took: 0.0000289 seconds
64.387: [GC (Allocation Failure)  92765K->637K(434176K), 0.0004421 secs]
64.387: Total time for which application threads were stopped: 0.0005970 seconds, Stopping threads took: 0.0000509 seconds
64.450: [GC (Allocation Failure)  91261K->701K(432640K), 0.0005044 secs]
64.451: Total time for which application threads were stopped: 0.0006281 seconds, Stopping threads took: 0.0000266 seconds
64.514: [GC (Allocation Failure)  89789K->637K(431104K), 0.0004639 secs]
64.514: Total time for which application threads were stopped: 0.0005850 seconds, Stopping threads took: 0.0000265 seconds
64.575: [GC (Allocation Failure)  88189K->669K(429568K), 0.0005128 secs]
64.575: Total time for which application threads were stopped: 0.0006300 seconds, Stopping threads took: 0.0000197 seconds
64.634: [GC (Allocation Failure)  86685K->669K(428032K), 0.0005313 secs]
64.634: Total time for which application threads were stopped: 0.0006509 seconds, Stopping threads took: 0.0000197 seconds
64.687: [GC (Allocation Failure)  85149K->637K(426496K), 0.0003934 secs]
64.688: Total time for which application threads were stopped: 0.0005149 seconds, Stopping threads took: 0.0000189 seconds
64.740: [GC (Allocation Failure)  83581K->701K(424960K), 0.0004907 secs]
64.740: Total time for which application threads were stopped: 0.0006162 seconds, Stopping threads took: 0.0000270 seconds
64.791: [GC (Allocation Failure)  82109K->669K(423424K), 0.0004769 secs]
64.792: Total time for which application threads were stopped: 0.0006199 seconds, Stopping threads took: 0.0000201 seconds
64.848: [GC (Allocation Failure)  80541K->605K(422400K), 0.0005463 secs]
64.849: Total time for which application threads were stopped: 0.0006739 seconds, Stopping threads took: 0.0000281 seconds
64.899: [GC (Allocation Failure)  79453K->637K(421376K), 0.0005172 secs]
64.899: Total time for which application threads were stopped: 0.0006437 seconds, Stopping threads took: 0.0000274 seconds
64.950: [GC (Allocation Failure)  78461K->605K(420352K), 0.0005488 secs]
64.950: Total time for which application threads were stopped: 0.0006649 seconds, Stopping threads took: 0.0000186 seconds
65.002: [GC (Allocation Failure)  77405K->701K(419328K), 0.0004770 secs]
65.003: Total time for which application threads were stopped: 0.0006029 seconds, Stopping threads took: 0.0000266 seconds
65.050: [GC (Allocation Failure)  76477K->669K(418304K), 0.0005986 secs]
65.051: Total time for which application threads were stopped: 0.0007175 seconds, Stopping threads took: 0.0000188 seconds
65.098: [GC (Allocation Failure)  75421K->669K(417280K), 0.0005226 secs]
65.098: Total time for which application threads were stopped: 0.0006468 seconds, Stopping threads took: 0.0000268 seconds
65.145: [GC (Allocation Failure)  74397K->637K(416256K), 0.0005058 secs]
65.145: Total time for which application threads were stopped: 0.0006250 seconds, Stopping threads took: 0.0000195 seconds
65.191: [GC (Allocation Failure)  73341K->637K(415232K), 0.0004134 secs]
65.191: Total time for which application threads were stopped: 0.0005312 seconds, Stopping threads took: 0.0000252 seconds
65.242: [GC (Allocation Failure)  72317K->733K(414208K), 0.0005496 secs]
65.243: Total time for which application threads were stopped: 0.0006607 seconds, Stopping threads took: 0.0000168 seconds
65.287: [GC (Allocation Failure)  71389K->637K(413184K), 0.0005588 secs]
65.288: Total time for which application threads were stopped: 0.0006781 seconds, Stopping threads took: 0.0000196 seconds
65.332: [GC (Allocation Failure)  70269K->669K(412160K), 0.0005394 secs]
65.332: Total time for which application threads were stopped: 0.0006652 seconds, Stopping threads took: 0.0000275 seconds
65.381: [GC (Allocation Failure)  69277K->733K(411136K), 0.0004484 secs]
65.382: Total time for which application threads were stopped: 0.0005589 seconds, Stopping threads took: 0.0000199 seconds
65.424: [GC (Allocation Failure)  68317K->733K(410112K), 0.0004498 secs]
65.424: Total time for which application threads were stopped: 0.0005572 seconds, Stopping threads took: 0.0000169 seconds
65.469: [GC (Allocation Failure)  67293K->637K(409088K), 0.0003983 secs]
65.470: Total time for which application threads were stopped: 0.0005081 seconds, Stopping threads took: 0.0000164 seconds
65.514: [GC (Allocation Failure)  66173K->701K(408064K), 0.0004283 secs]
65.515: Total time for which application threads were stopped: 0.0005382 seconds, Stopping threads took: 0.0000166 seconds
65.559: [GC (Allocation Failure)  65213K->637K(407040K), 0.0004652 secs]
65.559: Total time for which application threads were stopped: 0.0005698 seconds, Stopping threads took: 0.0000168 seconds
65.599: [GC (Allocation Failure)  64125K->701K(419840K), 0.0007250 secs]
65.600: Total time for which application threads were stopped: 0.0008527 seconds, Stopping threads took: 0.0000193 seconds
65.653: [GC (Allocation Failure)  76989K->637K(418816K), 0.0004893 secs]
65.654: Total time for which application threads were stopped: 0.0006284 seconds, Stopping threads took: 0.0000302 seconds
65.704: [GC (Allocation Failure)  75901K->701K(417792K), 0.0005431 secs]
65.705: Total time for which application threads were stopped: 0.0006744 seconds, Stopping threads took: 0.0000196 seconds
65.751: [GC (Allocation Failure)  74941K->701K(432640K), 0.0006387 secs]
65.752: Total time for which application threads were stopped: 0.0007820 seconds, Stopping threads took: 0.0000211 seconds
65.814: [GC (Allocation Failure)  89789K->669K(431104K), 0.0005254 secs]
65.815: Total time for which application threads were stopped: 0.0006694 seconds, Stopping threads took: 0.0000223 seconds
65.870: [GC (Allocation Failure)  88221K->637K(429568K), 0.0005154 secs]
65.870: Total time for which application threads were stopped: 0.0006421 seconds, Stopping threads took: 0.0000196 seconds
65.930: [GC (Allocation Failure)  86653K->701K(428032K), 0.0004858 secs]
65.931: Total time for which application threads were stopped: 0.0006050 seconds, Stopping threads took: 0.0000191 seconds
65.984: [GC (Allocation Failure)  85181K->637K(426496K), 0.0005203 secs]
65.984: Total time for which application threads were stopped: 0.0006652 seconds, Stopping threads took: 0.0000216 seconds
66.042: [GC (Allocation Failure)  83581K->637K(424960K), 0.0004716 secs]
66.043: Total time for which application threads were stopped: 0.0006072 seconds, Stopping threads took: 0.0000294 seconds
66.098: [GC (Allocation Failure)  82045K->573K(423424K), 0.0005472 secs]
66.099: Total time for which application threads were stopped: 0.0006699 seconds, Stopping threads took: 0.0000277 seconds
66.149: [GC (Allocation Failure)  80445K->637K(422400K), 0.0004457 secs]
66.149: Total time for which application threads were stopped: 0.0005486 seconds, Stopping threads took: 0.0000173 seconds
66.199: [GC (Allocation Failure)  79485K->605K(421376K), 0.0004243 secs]
66.200: Total time for which application threads were stopped: 0.0005479 seconds, Stopping threads took: 0.0000255 seconds
66.255: [GC (Allocation Failure)  78429K->733K(420352K), 0.0005451 secs]
66.255: Total time for which application threads were stopped: 0.0006724 seconds, Stopping threads took: 0.0000164 seconds
66.306: [GC (Allocation Failure)  77533K->669K(419328K), 0.0005664 secs]
66.307: Total time for which application threads were stopped: 0.0007001 seconds, Stopping threads took: 0.0000197 seconds
66.361: [GC (Allocation Failure)  76445K->701K(418304K), 0.0004885 secs]
66.362: Total time for which application threads were stopped: 0.0006177 seconds, Stopping threads took: 0.0000224 seconds
66.408: [GC (Allocation Failure)  75453K->637K(417280K), 0.0006262 secs]
66.409: Total time for which application threads were stopped: 0.0007531 seconds, Stopping threads took: 0.0000280 seconds
66.455: [GC (Allocation Failure)  74365K->637K(416256K), 0.0006473 secs]
66.456: Total time for which application threads were stopped: 0.0007735 seconds, Stopping threads took: 0.0000258 seconds
66.501: [GC (Allocation Failure)  73341K->669K(415232K), 0.0004413 secs]
66.502: Total time for which application threads were stopped: 0.0005623 seconds, Stopping threads took: 0.0000201 seconds
66.547: [GC (Allocation Failure)  72349K->669K(414208K), 0.0005224 secs]
66.547: Total time for which application threads were stopped: 0.0006513 seconds, Stopping threads took: 0.0000277 seconds
66.591: [GC (Allocation Failure)  71325K->701K(413184K), 0.0004934 secs]
66.592: Total time for which application threads were stopped: 0.0006226 seconds, Stopping threads took: 0.0000193 seconds
66.636: [GC (Allocation Failure)  70333K->605K(412160K), 0.0004522 secs]
66.636: Total time for which application threads were stopped: 0.0005842 seconds, Stopping threads took: 0.0000192 seconds
66.686: [GC (Allocation Failure)  69213K->637K(411136K), 0.0004177 secs]
66.686: Total time for which application threads were stopped: 0.0005393 seconds, Stopping threads took: 0.0000260 seconds
66.729: [GC (Allocation Failure)  68221K->637K(410112K), 0.0005109 secs]
66.729: Total time for which application threads were stopped: 0.0006326 seconds, Stopping threads took: 0.0000196 seconds
66.777: [GC (Allocation Failure)  67197K->637K(409088K), 0.0006510 secs]
66.778: Total time for which application threads were stopped: 0.0007756 seconds, Stopping threads took: 0.0000202 seconds
66.822: [GC (Allocation Failure)  66173K->573K(408064K), 0.0005660 secs]
66.823: Total time for which application threads were stopped: 0.0007044 seconds, Stopping threads took: 0.0000208 seconds
66.867: [GC (Allocation Failure)  65085K->669K(407040K), 0.0004944 secs]
66.867: Total time for which application threads were stopped: 0.0006139 seconds, Stopping threads took: 0.0000194 seconds
66.914: [GC (Allocation Failure)  64157K->637K(406016K), 0.0004156 secs]
66.914: Total time for which application threads were stopped: 0.0005169 seconds, Stopping threads took: 0.0000154 seconds
66.958: [GC (Allocation Failure)  63101K->701K(405504K), 0.0005523 secs]
66.959: Total time for which application threads were stopped: 0.0006881 seconds, Stopping threads took: 0.0000198 seconds
67.002: [GC (Allocation Failure)  62653K->669K(404992K), 0.0004753 secs]
67.003: Total time for which application threads were stopped: 0.0006052 seconds, Stopping threads took: 0.0000215 seconds
67.041: [GC (Allocation Failure)  62109K->605K(417280K), 0.0006533 secs]
67.042: Total time for which application threads were stopped: 0.0007815 seconds, Stopping threads took: 0.0000275 seconds
67.088: [GC (Allocation Failure)  74333K->701K(432128K), 0.0004617 secs]
67.089: Total time for which application threads were stopped: 0.0005821 seconds, Stopping threads took: 0.0000193 seconds
67.150: [GC (Allocation Failure)  89277K->637K(430592K), 0.0005473 secs]
67.150: Total time for which application threads were stopped: 0.0006558 seconds, Stopping threads took: 0.0000167 seconds
67.205: [GC (Allocation Failure)  87677K->637K(429056K), 0.0004779 secs]
67.206: Total time for which application threads were stopped: 0.0006057 seconds, Stopping threads took: 0.0000258 seconds
67.262: [GC (Allocation Failure)  86141K->669K(427520K), 0.0004781 secs]
67.262: Total time for which application threads were stopped: 0.0006199 seconds, Stopping threads took: 0.0000218 seconds
67.315: [GC (Allocation Failure)  84637K->669K(425984K), 0.0004973 secs]
67.316: Total time for which application threads were stopped: 0.0006420 seconds, Stopping threads took: 0.0000294 seconds
67.367: [GC (Allocation Failure)  83101K->669K(424448K), 0.0004806 secs]
67.368: Total time for which application threads were stopped: 0.0006289 seconds, Stopping threads took: 0.0000215 seconds
67.418: [GC (Allocation Failure)  81565K->669K(422912K), 0.0005310 secs]
67.419: Total time for which application threads were stopped: 0.0006578 seconds, Stopping threads took: 0.0000195 seconds
67.468: [GC (Allocation Failure)  80029K->701K(421888K), 0.0005867 secs]
67.469: Total time for which application threads were stopped: 0.0007255 seconds, Stopping threads took: 0.0000285 seconds
67.518: [GC (Allocation Failure)  79037K->637K(420864K), 0.0004944 secs]
67.519: Total time for which application threads were stopped: 0.0006338 seconds, Stopping threads took: 0.0000206 seconds
67.567: [GC (Allocation Failure)  77949K->669K(419840K), 0.0005539 secs]
67.567: Total time for which application threads were stopped: 0.0006844 seconds, Stopping threads took: 0.0000284 seconds
67.619: [GC (Allocation Failure)  76957K->669K(418816K), 0.0005941 secs]
67.619: Total time for which application threads were stopped: 0.0006990 seconds, Stopping threads took: 0.0000166 seconds
67.667: [GC (Allocation Failure)  75933K->669K(417792K), 0.0004618 secs]
67.667: Total time for which application threads were stopped: 0.0005802 seconds, Stopping threads took: 0.0000190 seconds
67.715: [GC (Allocation Failure)  74909K->733K(416768K), 0.0004644 secs]
67.715: Total time for which application threads were stopped: 0.0005929 seconds, Stopping threads took: 0.0000259 seconds
67.765: [GC (Allocation Failure)  73949K->669K(415744K), 0.0004947 secs]
67.766: Total time for which application threads were stopped: 0.0006184 seconds, Stopping threads took: 0.0000271 seconds
67.811: [GC (Allocation Failure)  72861K->637K(414720K), 0.0004790 secs]
67.811: Total time for which application threads were stopped: 0.0005954 seconds, Stopping threads took: 0.0000193 seconds
67.862: [GC (Allocation Failure)  71805K->669K(413696K), 0.0005216 secs]
67.863: Total time for which application threads were stopped: 0.0006358 seconds, Stopping threads took: 0.0000189 seconds
67.913: [GC (Allocation Failure)  70813K->637K(412672K), 0.0006275 secs]
67.913: Total time for which application threads were stopped: 0.0007283 seconds, Stopping threads took: 0.0000132 seconds
67.957: [GC (Allocation Failure)  69757K->637K(411648K), 0.0004236 secs]
67.957: Total time for which application threads were stopped: 0.0005298 seconds, Stopping threads took: 0.0000168 seconds
68.003: [GC (Allocation Failure)  68733K->605K(410624K), 0.0004456 secs]
68.003: Total time for which application threads were stopped: 0.0005529 seconds, Stopping threads took: 0.0000167 seconds
68.052: [GC (Allocation Failure)  67677K->637K(409600K), 0.0004620 secs]
68.052: Total time for which application threads were stopped: 0.0006005 seconds, Stopping threads took: 0.0000196 seconds
68.098: [GC (Allocation Failure)  66685K->637K(408576K), 0.0005537 secs]
68.099: Total time for which application threads were stopped: 0.0006812 seconds, Stopping threads took: 0.0000274 seconds
68.139: [GC (Allocation Failure)  65661K->669K(407552K), 0.0004996 secs]
68.140: Total time for which application threads were stopped: 0.0006207 seconds, Stopping threads took: 0.0000209 seconds
68.183: [GC (Allocation Failure)  64669K->733K(406528K), 0.0005410 secs]
68.184: Total time for which application threads were stopped: 0.0006857 seconds, Stopping threads took: 0.0000208 seconds
68.225: [GC (Allocation Failure)  63709K->605K(405504K), 0.0004432 secs]
68.225: Total time for which application threads were stopped: 0.0005738 seconds, Stopping threads took: 0.0000278 seconds
68.265: [GC (Allocation Failure)  62557K->669K(404992K), 0.0004633 secs]
68.265: Total time for which application threads were stopped: 0.0005839 seconds, Stopping threads took: 0.0000208 seconds
68.309: [GC (Allocation Failure)  62109K->669K(404480K), 0.0004983 secs]
68.310: Total time for which application threads were stopped: 0.0006288 seconds, Stopping threads took: 0.0000278 seconds
68.352: [GC (Allocation Failure)  61597K->637K(403968K), 0.0005217 secs]
68.353: Total time for which application threads were stopped: 0.0006412 seconds, Stopping threads took: 0.0000201 seconds
68.390: [GC (Allocation Failure)  61053K->669K(416256K), 0.0005113 secs]
68.391: Total time for which application threads were stopped: 0.0006496 seconds, Stopping threads took: 0.0000188 seconds
68.442: [GC (Allocation Failure)  73373K->701K(415232K), 0.0005329 secs]
68.442: Total time for which application threads were stopped: 0.0006768 seconds, Stopping threads took: 0.0000217 seconds
68.487: [GC (Allocation Failure)  72381K->605K(429568K), 0.0006180 secs]
68.488: Total time for which application threads were stopped: 0.0007617 seconds, Stopping threads took: 0.0000223 seconds
68.549: [GC (Allocation Failure)  86621K->605K(428032K), 0.0004845 secs]
68.549: Total time for which application threads were stopped: 0.0006197 seconds, Stopping threads took: 0.0000286 seconds
68.609: [GC (Allocation Failure)  85085K->701K(426496K), 0.0004509 secs]
68.609: Total time for which application threads were stopped: 0.0005721 seconds, Stopping threads took: 0.0000271 seconds
68.661: [GC (Allocation Failure)  83645K->637K(424960K), 0.0004672 secs]
68.661: Total time for which application threads were stopped: 0.0005958 seconds, Stopping threads took: 0.0000275 seconds
68.718: [GC (Allocation Failure)  82045K->637K(423424K), 0.0004563 secs]
68.719: Total time for which application threads were stopped: 0.0005825 seconds, Stopping threads took: 0.0000271 seconds
68.769: [GC (Allocation Failure)  80509K->637K(422400K), 0.0005198 secs]
68.769: Total time for which application threads were stopped: 0.0006583 seconds, Stopping threads took: 0.0000208 seconds
68.819: [GC (Allocation Failure)  79485K->669K(421376K), 0.0005621 secs]
68.819: Total time for which application threads were stopped: 0.0006834 seconds, Stopping threads took: 0.0000204 seconds
68.868: [GC (Allocation Failure)  78493K->637K(420352K), 0.0004462 secs]
68.869: Total time for which application threads were stopped: 0.0005625 seconds, Stopping threads took: 0.0000190 seconds
68.923: [GC (Allocation Failure)  77437K->669K(419328K), 0.0004611 secs]
68.924: Total time for which application threads were stopped: 0.0005989 seconds, Stopping threads took: 0.0000274 seconds
68.971: [GC (Allocation Failure)  76445K->669K(418304K), 0.0004822 secs]
68.972: Total time for which application threads were stopped: 0.0006025 seconds, Stopping threads took: 0.0000194 seconds
69.019: [GC (Allocation Failure)  75421K->669K(417280K), 0.0005071 secs]
69.019: Total time for which application threads were stopped: 0.0006271 seconds, Stopping threads took: 0.0000198 seconds
69.066: [GC (Allocation Failure)  74397K->637K(416256K), 0.0005005 secs]
69.066: Total time for which application threads were stopped: 0.0006418 seconds, Stopping threads took: 0.0000282 seconds
69.119: [GC (Allocation Failure)  73341K->637K(415232K), 0.0005115 secs]
69.120: Total time for which application threads were stopped: 0.0006761 seconds, Stopping threads took: 0.0000260 seconds
69.171: [GC (Allocation Failure)  72317K->637K(414208K), 0.0005176 secs]
69.171: Total time for which application threads were stopped: 0.0006618 seconds, Stopping threads took: 0.0000216 seconds
69.221: [GC (Allocation Failure)  71293K->637K(413184K), 0.0004876 secs]
69.221: Total time for which application threads were stopped: 0.0006274 seconds, Stopping threads took: 0.0000304 seconds
69.270: [GC (Allocation Failure)  70269K->637K(412160K), 0.0005702 secs]
69.271: Total time for which application threads were stopped: 0.0006942 seconds, Stopping threads took: 0.0000256 seconds
69.318: [GC (Allocation Failure)  69245K->669K(411136K), 0.0004361 secs]
69.319: Total time for which application threads were stopped: 0.0005645 seconds, Stopping threads took: 0.0000270 seconds
69.361: [GC (Allocation Failure)  68253K->605K(410112K), 0.0004729 secs]
69.362: Total time for which application threads were stopped: 0.0005947 seconds, Stopping threads took: 0.0000194 seconds
69.406: [GC (Allocation Failure)  67165K->701K(409088K), 0.0005393 secs]
69.407: Total time for which application threads were stopped: 0.0006681 seconds, Stopping threads took: 0.0000267 seconds
69.453: [GC (Allocation Failure)  66237K->669K(408064K), 0.0004442 secs]
69.454: Total time for which application threads were stopped: 0.0005667 seconds, Stopping threads took: 0.0000261 seconds
69.499: [GC (Allocation Failure)  65181K->605K(407040K), 0.0006393 secs]
69.499: Total time for which application threads were stopped: 0.0007838 seconds, Stopping threads took: 0.0000183 seconds
69.545: [GC (Allocation Failure)  64093K->637K(406016K), 0.0004074 secs]
69.546: Total time for which application threads were stopped: 0.0005152 seconds, Stopping threads took: 0.0000163 seconds
69.588: [GC (Allocation Failure)  63101K->605K(405504K), 0.0005347 secs]
69.589: Total time for which application threads were stopped: 0.0006389 seconds, Stopping threads took: 0.0000168 seconds
69.631: [GC (Allocation Failure)  62557K->637K(404992K), 0.0004750 secs]
69.632: Total time for which application threads were stopped: 0.0006113 seconds, Stopping threads took: 0.0000207 seconds
69.675: [GC (Allocation Failure)  62077K->669K(404480K), 0.0005639 secs]
69.676: Total time for which application threads were stopped: 0.0006881 seconds, Stopping threads took: 0.0000203 seconds
69.716: [GC (Allocation Failure)  61597K->701K(416768K), 0.0005526 secs]
69.716: Total time for which application threads were stopped: 0.0006651 seconds, Stopping threads took: 0.0000145 seconds
69.763: [GC (Allocation Failure)  73917K->605K(431616K), 0.0005711 secs]
69.764: Total time for which application threads were stopped: 0.0006771 seconds, Stopping threads took: 0.0000168 seconds
69.821: [GC (Allocation Failure)  88669K->637K(430080K), 0.0004605 secs]
69.821: Total time for which application threads were stopped: 0.0005864 seconds, Stopping threads took: 0.0000272 seconds
69.878: [GC (Allocation Failure)  87165K->605K(428544K), 0.0004590 secs]
69.879: Total time for which application threads were stopped: 0.0005849 seconds, Stopping threads took: 0.0000276 seconds
69.937: [GC (Allocation Failure)  85597K->669K(427008K), 0.0004794 secs]
69.937: Total time for which application threads were stopped: 0.0006088 seconds, Stopping threads took: 0.0000268 seconds
69.996: [GC (Allocation Failure)  84125K->669K(425472K), 0.0004383 secs]
69.996: Total time for which application threads were stopped: 0.0005534 seconds, Stopping threads took: 0.0000193 seconds
70.051: [GC (Allocation Failure)  82589K->637K(423936K), 0.0005029 secs]
70.052: Total time for which application threads were stopped: 0.0006315 seconds, Stopping threads took: 0.0000268 seconds
70.102: [GC (Allocation Failure)  81021K->605K(422400K), 0.0005041 secs]
70.103: Total time for which application threads were stopped: 0.0006310 seconds, Stopping threads took: 0.0000271 seconds
70.153: [GC (Allocation Failure)  79453K->669K(421376K), 0.0004479 secs]
70.153: Total time for which application threads were stopped: 0.0005749 seconds, Stopping threads took: 0.0000273 seconds
70.203: [GC (Allocation Failure)  78493K->701K(420352K), 0.0004415 secs]
70.203: Total time for which application threads were stopped: 0.0005764 seconds, Stopping threads took: 0.0000275 seconds
70.251: [GC (Allocation Failure)  77501K->637K(419328K), 0.0005902 secs]
70.252: Total time for which application threads were stopped: 0.0007409 seconds, Stopping threads took: 0.0000291 seconds
70.300: [GC (Allocation Failure)  76413K->701K(418304K), 0.0006113 secs]
70.300: Total time for which application threads were stopped: 0.0007791 seconds, Stopping threads took: 0.0000446 seconds
70.353: [GC (Allocation Failure)  75453K->669K(417280K), 0.0007474 secs]
70.354: Total time for which application threads were stopped: 0.0008952 seconds, Stopping threads took: 0.0000214 seconds
70.400: [GC (Allocation Failure)  74397K->669K(416256K), 0.0005076 secs]
70.401: Total time for which application threads were stopped: 0.0006516 seconds, Stopping threads took: 0.0000218 seconds
70.453: [GC (Allocation Failure)  73373K->637K(415232K), 0.0006628 secs]
70.453: Total time for which application threads were stopped: 0.0008144 seconds, Stopping threads took: 0.0000217 seconds
70.502: [GC (Allocation Failure)  72317K->637K(414208K), 0.0005163 secs]
70.503: Total time for which application threads were stopped: 0.0006780 seconds, Stopping threads took: 0.0000301 seconds
70.547: [GC (Allocation Failure)  71293K->669K(413184K), 0.0004666 secs]
70.547: Total time for which application threads were stopped: 0.0006045 seconds, Stopping threads took: 0.0000307 seconds
70.595: [GC (Allocation Failure)  70301K->637K(412160K), 0.0004121 secs]
70.595: Total time for which application threads were stopped: 0.0005177 seconds, Stopping threads took: 0.0000166 seconds
70.643: [GC (Allocation Failure)  69245K->669K(411136K), 0.0005149 secs]
70.643: Total time for which application threads were stopped: 0.0006261 seconds, Stopping threads took: 0.0000171 seconds
70.685: [GC (Allocation Failure)  68253K->605K(410112K), 0.0004888 secs]
70.686: Total time for which application threads were stopped: 0.0006170 seconds, Stopping threads took: 0.0000214 seconds
70.728: [GC (Allocation Failure)  67165K->637K(409088K), 0.0004604 secs]
70.729: Total time for which application threads were stopped: 0.0005877 seconds, Stopping threads took: 0.0000269 seconds
70.770: [GC (Allocation Failure)  66173K->637K(408064K), 0.0004853 secs]
70.770: Total time for which application threads were stopped: 0.0006046 seconds, Stopping threads took: 0.0000196 seconds
70.810: [GC (Allocation Failure)  65149K->637K(407040K), 0.0006274 secs]
70.811: Total time for which application threads were stopped: 0.0007537 seconds, Stopping threads took: 0.0000195 seconds
70.856: [GC (Allocation Failure)  64125K->637K(406016K), 0.0005286 secs]
70.857: Total time for which application threads were stopped: 0.0006415 seconds, Stopping threads took: 0.0000168 seconds
70.896: [GC (Allocation Failure)  63101K->701K(418816K), 0.0005160 secs]
70.897: Total time for which application threads were stopped: 0.0006590 seconds, Stopping threads took: 0.0000203 seconds
70.945: [GC (Allocation Failure)  75965K->701K(434176K), 0.0005665 secs]
70.945: Total time for which application threads were stopped: 0.0006848 seconds, Stopping threads took: 0.0000196 seconds
71.006: [GC (Allocation Failure)  91325K->637K(432640K), 0.0005797 secs]
71.006: Total time for which application threads were stopped: 0.0006981 seconds, Stopping threads took: 0.0000192 seconds
71.066: [GC (Allocation Failure)  89725K->669K(431104K), 0.0004755 secs]
71.067: Total time for which application threads were stopped: 0.0006052 seconds, Stopping threads took: 0.0000281 seconds
71.125: [GC (Allocation Failure)  88221K->637K(429568K), 0.0004102 secs]
71.126: Total time for which application threads were stopped: 0.0005196 seconds, Stopping threads took: 0.0000180 seconds
71.179: [GC (Allocation Failure)  86653K->637K(428032K), 0.0005431 secs]
71.180: Total time for which application threads were stopped: 0.0006715 seconds, Stopping threads took: 0.0000272 seconds
71.233: [GC (Allocation Failure)  85117K->701K(426496K), 0.0006315 secs]
71.234: Total time for which application threads were stopped: 0.0007599 seconds, Stopping threads took: 0.0000274 seconds
71.286: [GC (Allocation Failure)  83645K->733K(424960K), 0.0004941 secs]
71.286: Total time for which application threads were stopped: 0.0006113 seconds, Stopping threads took: 0.0000199 seconds
71.337: [GC (Allocation Failure)  82141K->637K(423424K), 0.0004877 secs]
71.338: Total time for which application threads were stopped: 0.0006079 seconds, Stopping threads took: 0.0000202 seconds
71.388: [GC (Allocation Failure)  80509K->605K(422400K), 0.0006213 secs]
71.389: Total time for which application threads were stopped: 0.0007574 seconds, Stopping threads took: 0.0000197 seconds
71.442: [GC (Allocation Failure)  79453K->637K(421376K), 0.0005048 secs]
71.443: Total time for which application threads were stopped: 0.0006436 seconds, Stopping threads took: 0.0000202 seconds
71.492: [GC (Allocation Failure)  78461K->637K(420352K), 0.0004910 secs]
71.492: Total time for which application threads were stopped: 0.0006233 seconds, Stopping threads took: 0.0000220 seconds
71.545: [GC (Allocation Failure)  77437K->637K(419328K), 0.0006094 secs]
71.546: Total time for which application threads were stopped: 0.0007649 seconds, Stopping threads took: 0.0000302 seconds
71.599: [GC (Allocation Failure)  76413K->669K(418304K), 0.0004796 secs]
71.599: Total time for which application threads were stopped: 0.0006094 seconds, Stopping threads took: 0.0000217 seconds
71.646: [GC (Allocation Failure)  75421K->637K(417280K), 0.0005238 secs]
71.647: Total time for which application threads were stopped: 0.0006598 seconds, Stopping threads took: 0.0000273 seconds
71.699: [GC (Allocation Failure)  74365K->637K(416256K), 0.0004926 secs]
71.699: Total time for which application threads were stopped: 0.0006305 seconds, Stopping threads took: 0.0000208 seconds
71.749: [GC (Allocation Failure)  73341K->637K(415232K), 0.0004784 secs]
71.750: Total time for which application threads were stopped: 0.0006101 seconds, Stopping threads took: 0.0000281 seconds
71.795: [GC (Allocation Failure)  72317K->701K(414208K), 0.0004913 secs]
71.795: Total time for which application threads were stopped: 0.0006151 seconds, Stopping threads took: 0.0000272 seconds
71.840: [GC (Allocation Failure)  71357K->669K(413184K), 0.0004765 secs]
71.840: Total time for which application threads were stopped: 0.0005955 seconds, Stopping threads took: 0.0000192 seconds
71.890: [GC (Allocation Failure)  70301K->701K(412160K), 0.0006387 secs]
71.891: Total time for which application threads were stopped: 0.0007591 seconds, Stopping threads took: 0.0000235 seconds
71.938: [GC (Allocation Failure)  69309K->669K(411136K), 0.0004949 secs]
71.938: Total time for which application threads were stopped: 0.0006235 seconds, Stopping threads took: 0.0000211 seconds
71.980: [GC (Allocation Failure)  68253K->669K(410112K), 0.0004944 secs]
71.981: Total time for which application threads were stopped: 0.0006332 seconds, Stopping threads took: 0.0000188 seconds
72.023: [GC (Allocation Failure)  67229K->669K(409088K), 0.0005317 secs]
72.023: Total time for which application threads were stopped: 0.0006780 seconds, Stopping threads took: 0.0000285 seconds
72.069: [GC (Allocation Failure)  66205K->637K(422400K), 0.0005884 secs]
72.070: Total time for which application threads were stopped: 0.0007202 seconds, Stopping threads took: 0.0000287 seconds
72.125: [GC (Allocation Failure)  79485K->605K(421376K), 0.0005148 secs]
72.125: Total time for which application threads were stopped: 0.0006365 seconds, Stopping threads took: 0.0000192 seconds
72.174: [GC (Allocation Failure)  78429K->637K(420352K), 0.0005008 secs]
72.175: Total time for which application threads were stopped: 0.0006382 seconds, Stopping threads took: 0.0000288 seconds
72.229: [GC (Allocation Failure)  77437K->637K(419328K), 0.0004645 secs]
72.230: Total time for which application threads were stopped: 0.0005972 seconds, Stopping threads took: 0.0000196 seconds
72.277: [GC (Allocation Failure)  76413K->573K(418304K), 0.0005384 secs]
72.278: Total time for which application threads were stopped: 0.0006543 seconds, Stopping threads took: 0.0000194 seconds
72.328: [GC (Allocation Failure)  75325K->637K(417280K), 0.0005874 secs]
72.328: Total time for which application threads were stopped: 0.0007377 seconds, Stopping threads took: 0.0000294 seconds
72.380: [GC (Allocation Failure)  74365K->701K(416256K), 0.0005304 secs]
72.380: Total time for which application threads were stopped: 0.0006629 seconds, Stopping threads took: 0.0000299 seconds
72.430: [GC (Allocation Failure)  73405K->637K(415232K), 0.0005117 secs]
72.431: Total time for which application threads were stopped: 0.0006293 seconds, Stopping threads took: 0.0000162 seconds
72.481: [GC (Allocation Failure)  72317K->637K(414208K), 0.0004871 secs]
72.481: Total time for which application threads were stopped: 0.0006159 seconds, Stopping threads took: 0.0000277 seconds
72.525: [GC (Allocation Failure)  71293K->669K(413184K), 0.0006675 secs]
72.526: Total time for which application threads were stopped: 0.0008002 seconds, Stopping threads took: 0.0000191 seconds
72.570: [GC (Allocation Failure)  70301K->701K(427520K), 0.0006437 secs]
72.570: Total time for which application threads were stopped: 0.0007629 seconds, Stopping threads took: 0.0000201 seconds
72.623: [GC (Allocation Failure)  84669K->669K(425984K), 0.0004898 secs]
72.624: Total time for which application threads were stopped: 0.0006253 seconds, Stopping threads took: 0.0000194 seconds
72.675: [GC (Allocation Failure)  83101K->637K(424448K), 0.0005925 secs]
72.676: Total time for which application threads were stopped: 0.0007136 seconds, Stopping threads took: 0.0000201 seconds
72.733: [GC (Allocation Failure)  81533K->637K(422912K), 0.0004910 secs]
72.733: Total time for which application threads were stopped: 0.0006101 seconds, Stopping threads took: 0.0000195 seconds
72.789: [GC (Allocation Failure)  79997K->701K(421888K), 0.0005002 secs]
72.789: Total time for which application threads were stopped: 0.0006290 seconds, Stopping threads took: 0.0000187 seconds
72.838: [GC (Allocation Failure)  79037K->701K(420864K), 0.0004455 secs]
72.839: Total time for which application threads were stopped: 0.0005741 seconds, Stopping threads took: 0.0000214 seconds
72.892: [GC (Allocation Failure)  78013K->701K(419840K), 0.0005339 secs]
72.893: Total time for which application threads were stopped: 0.0006605 seconds, Stopping threads took: 0.0000271 seconds
72.943: [GC (Allocation Failure)  76989K->669K(418816K), 0.0004809 secs]
72.944: Total time for which application threads were stopped: 0.0006208 seconds, Stopping threads took: 0.0000206 seconds
72.991: [GC (Allocation Failure)  75933K->701K(417792K), 0.0005611 secs]
72.991: Total time for which application threads were stopped: 0.0007000 seconds, Stopping threads took: 0.0000205 seconds
73.042: [GC (Allocation Failure)  74941K->669K(416768K), 0.0005262 secs]
73.043: Total time for which application threads were stopped: 0.0006689 seconds, Stopping threads took: 0.0000215 seconds
73.089: [GC (Allocation Failure)  73885K->669K(415744K), 0.0006329 secs]
73.090: Total time for which application threads were stopped: 0.0007839 seconds, Stopping threads took: 0.0000219 seconds
73.141: [GC (Allocation Failure)  72861K->669K(414720K), 0.0005162 secs]
73.141: Total time for which application threads were stopped: 0.0006691 seconds, Stopping threads took: 0.0000299 seconds
73.186: [GC (Allocation Failure)  71837K->669K(413696K), 0.0005179 secs]
73.186: Total time for which application threads were stopped: 0.0006628 seconds, Stopping threads took: 0.0000223 seconds
73.231: [GC (Allocation Failure)  70813K->637K(412672K), 0.0005415 secs]
73.231: Total time for which application threads were stopped: 0.0006948 seconds, Stopping threads took: 0.0000217 seconds
73.275: [GC (Allocation Failure)  69757K->605K(426496K), 0.0005973 secs]
73.276: Total time for which application threads were stopped: 0.0007592 seconds, Stopping threads took: 0.0000265 seconds
73.327: [GC (Allocation Failure)  83549K->605K(443392K), 0.0006316 secs]
73.328: Total time for which application threads were stopped: 0.0007848 seconds, Stopping threads took: 0.0000216 seconds
73.397: [GC (Allocation Failure)  100445K->637K(441344K), 0.0005723 secs]
73.398: Total time for which application threads were stopped: 0.0006987 seconds, Stopping threads took: 0.0000272 seconds
73.459: [GC (Allocation Failure)  98429K->701K(439296K), 0.0005142 secs]
73.460: Total time for which application threads were stopped: 0.0006596 seconds, Stopping threads took: 0.0000193 seconds
73.525: [GC (Allocation Failure)  96445K->637K(437760K), 0.0005282 secs]
73.526: Total time for which application threads were stopped: 0.0006474 seconds, Stopping threads took: 0.0000192 seconds
73.590: [GC (Allocation Failure)  94845K->637K(436224K), 0.0004658 secs]
73.591: Total time for which application threads were stopped: 0.0005949 seconds, Stopping threads took: 0.0000268 seconds
73.652: [GC (Allocation Failure)  93309K->637K(434688K), 0.0004793 secs]
73.652: Total time for which application threads were stopped: 0.0006075 seconds, Stopping threads took: 0.0000276 seconds
73.710: [GC (Allocation Failure)  91773K->605K(433152K), 0.0004917 secs]
73.710: Total time for which application threads were stopped: 0.0006241 seconds, Stopping threads took: 0.0000274 seconds
73.766: [GC (Allocation Failure)  90205K->733K(431616K), 0.0005107 secs]
73.767: Total time for which application threads were stopped: 0.0006480 seconds, Stopping threads took: 0.0000258 seconds
73.822: [GC (Allocation Failure)  88797K->637K(430080K), 0.0004894 secs]
73.822: Total time for which application threads were stopped: 0.0006308 seconds, Stopping threads took: 0.0000281 seconds
73.877: [GC (Allocation Failure)  87165K->669K(428544K), 0.0004838 secs]
73.877: Total time for which application threads were stopped: 0.0006240 seconds, Stopping threads took: 0.0000205 seconds
73.936: [GC (Allocation Failure)  85661K->637K(427008K), 0.0006395 secs]
73.937: Total time for which application threads were stopped: 0.0007676 seconds, Stopping threads took: 0.0000190 seconds
73.989: [GC (Allocation Failure)  84093K->669K(425472K), 0.0007791 secs]
73.990: Total time for which application threads were stopped: 0.0009129 seconds, Stopping threads took: 0.0000214 seconds
74.041: [GC (Allocation Failure)  82589K->669K(423936K), 0.0005880 secs]
74.042: Total time for which application threads were stopped: 0.0007318 seconds, Stopping threads took: 0.0000224 seconds
74.092: [GC (Allocation Failure)  81053K->605K(422400K), 0.0006479 secs]
74.093: Total time for which application threads were stopped: 0.0007807 seconds, Stopping threads took: 0.0000224 seconds
74.142: [GC (Allocation Failure)  79453K->669K(438272K), 0.0006306 secs]
74.143: Total time for which application threads were stopped: 0.0007488 seconds, Stopping threads took: 0.0000201 seconds
74.208: [GC (Allocation Failure)  95389K->637K(436736K), 0.0005748 secs]
74.209: Total time for which application threads were stopped: 0.0007018 seconds, Stopping threads took: 0.0000251 seconds
74.273: [GC (Allocation Failure)  93821K->701K(435200K), 0.0005362 secs]
74.273: Total time for which application threads were stopped: 0.0006670 seconds, Stopping threads took: 0.0000285 seconds
74.338: [GC (Allocation Failure)  92349K->637K(433664K), 0.0005448 secs]
74.338: Total time for which application threads were stopped: 0.0007039 seconds, Stopping threads took: 0.0000297 seconds
74.395: [GC (Allocation Failure)  90749K->637K(432128K), 0.0004248 secs]
74.395: Total time for which application threads were stopped: 0.0005594 seconds, Stopping threads took: 0.0000247 seconds
74.454: [GC (Allocation Failure)  89213K->701K(430592K), 0.0005301 secs]
74.455: Total time for which application threads were stopped: 0.0006357 seconds, Stopping threads took: 0.0000167 seconds
74.510: [GC (Allocation Failure)  87741K->637K(429056K), 0.0005328 secs]
74.510: Total time for which application threads were stopped: 0.0006587 seconds, Stopping threads took: 0.0000201 seconds
74.564: [GC (Allocation Failure)  86141K->637K(427520K), 0.0005370 secs]
74.565: Total time for which application threads were stopped: 0.0007073 seconds, Stopping threads took: 0.0000266 seconds
74.618: [GC (Allocation Failure)  84605K->669K(425984K), 0.0004974 secs]
74.618: Total time for which application threads were stopped: 0.0006275 seconds, Stopping threads took: 0.0000209 seconds
74.675: [GC (Allocation Failure)  83101K->637K(424448K), 0.0005089 secs]
74.676: Total time for which application threads were stopped: 0.0006629 seconds, Stopping threads took: 0.0000207 seconds
74.727: [GC (Allocation Failure)  81533K->669K(422912K), 0.0004947 secs]
74.727: Total time for which application threads were stopped: 0.0006213 seconds, Stopping threads took: 0.0000217 seconds
74.777: [GC (Allocation Failure)  80029K->733K(421888K), 0.0005652 secs]
74.777: Total time for which application threads were stopped: 0.0006924 seconds, Stopping threads took: 0.0000212 seconds
74.829: [GC (Allocation Failure)  79069K->605K(420864K), 0.0006758 secs]
74.830: Total time for which application threads were stopped: 0.0008018 seconds, Stopping threads took: 0.0000269 seconds
74.878: [GC (Allocation Failure)  77917K->669K(419840K), 0.0005157 secs]
74.879: Total time for which application threads were stopped: 0.0006311 seconds, Stopping threads took: 0.0000189 seconds
74.928: [GC (Allocation Failure)  76957K->573K(418816K), 0.0005752 secs]
74.928: Total time for which application threads were stopped: 0.0007030 seconds, Stopping threads took: 0.0000268 seconds
74.975: [GC (Allocation Failure)  75837K->637K(434176K), 0.0007000 secs]
74.976: Total time for which application threads were stopped: 0.0008269 seconds, Stopping threads took: 0.0000193 seconds
75.039: [GC (Allocation Failure)  91261K->733K(432640K), 0.0005570 secs]
75.039: Total time for which application threads were stopped: 0.0006921 seconds, Stopping threads took: 0.0000213 seconds
75.095: [GC (Allocation Failure)  89821K->669K(431104K), 0.0007015 secs]
75.096: Total time for which application threads were stopped: 0.0008496 seconds, Stopping threads took: 0.0000275 seconds
75.151: [GC (Allocation Failure)  88221K->701K(429568K), 0.0005037 secs]
75.151: Total time for which application threads were stopped: 0.0006292 seconds, Stopping threads took: 0.0000199 seconds
75.212: [GC (Allocation Failure)  86717K->669K(428032K), 0.0004158 secs]
75.212: Total time for which application threads were stopped: 0.0005713 seconds, Stopping threads took: 0.0000276 seconds
75.267: [GC (Allocation Failure)  85149K->605K(426496K), 0.0004670 secs]
75.268: Total time for which application threads were stopped: 0.0005896 seconds, Stopping threads took: 0.0000235 seconds
75.322: [GC (Allocation Failure)  83549K->605K(424960K), 0.0008286 secs]
75.322: Total time for which application threads were stopped: 0.0009718 seconds, Stopping threads took: 0.0000294 seconds
75.375: [GC (Allocation Failure)  82013K->733K(423424K), 0.0004951 secs]
75.375: Total time for which application threads were stopped: 0.0006279 seconds, Stopping threads took: 0.0000290 seconds
75.426: [GC (Allocation Failure)  80605K->637K(422400K), 0.0005706 secs]
75.427: Total time for which application threads were stopped: 0.0007011 seconds, Stopping threads took: 0.0000199 seconds
75.481: [GC (Allocation Failure)  79485K->637K(421376K), 0.0005731 secs]
75.481: Total time for which application threads were stopped: 0.0006934 seconds, Stopping threads took: 0.0000192 seconds
75.531: [GC (Allocation Failure)  78461K->701K(420352K), 0.0005140 secs]
75.531: Total time for which application threads were stopped: 0.0006681 seconds, Stopping threads took: 0.0000269 seconds
75.583: [GC (Allocation Failure)  77501K->605K(419328K), 0.0005136 secs]
75.584: Total time for which application threads were stopped: 0.0006338 seconds, Stopping threads took: 0.0000195 seconds
75.631: [GC (Allocation Failure)  76381K->637K(434688K), 0.0007303 secs]
75.632: Total time for which application threads were stopped: 0.0008614 seconds, Stopping threads took: 0.0000279 seconds
