Java HotSpot(TM) 64-Bit Server VM (25.171-b11) for linux-amd64 JRE (1.8.0_171-b11), built on Mar 28 2018 17:07:08 by "java_re" with gcc 4.3.0 20080428 (Red Hat 4.3.0-8)
Memory: 4k page, physical 32883000k(29642424k free), swap 8000508k(8000508k free)
CommandLine flags: -XX:InitialHeapSize=526128000 -XX:MaxHeapSize=8418048000 -XX:+PrintGC -XX:+PrintGCApplicationStoppedTime -XX:+PrintGCTimeStamps -XX:+UseCompressedClassPointers -XX:+UseCompressedOops -XX:+UseParallelGC 
0.402: [GC (Allocation Failure)  129024K->2381K(493056K), 0.0020366 secs]
0.404: Total time for which application threads were stopped: 0.0022469 seconds, Stopping threads took: 0.0000342 seconds
0.524: [GC (Allocation Failure)  131405K->576K(493056K), 0.0011067 secs]
0.525: Total time for which application threads were stopped: 0.0012341 seconds, Stopping threads took: 0.0000351 seconds
0.618: [GC (Allocation Failure)  129600K->672K(493056K), 0.0009165 secs]
0.619: Total time for which application threads were stopped: 0.0010415 seconds, Stopping threads took: 0.0000227 seconds
0.703: [GC (Allocation Failure)  129696K->584K(493056K), 0.0008780 secs]
0.704: Total time for which application threads were stopped: 0.0009942 seconds, Stopping threads took: 0.0000174 seconds
0.785: [GC (Allocation Failure)  129608K->592K(470016K), 0.0009185 secs]
0.785: Total time for which application threads were stopped: 0.0010379 seconds, Stopping threads took: 0.0000192 seconds
0.864: [GC (Allocation Failure)  126544K->728K(466944K), 0.0011432 secs]
0.866: Total time for which application threads were stopped: 0.0012714 seconds, Stopping threads took: 0.0000197 seconds
0.942: [GC (Allocation Failure)  123608K->569K(463872K), 0.0010383 secs]
0.943: Total time for which application threads were stopped: 0.0011631 seconds, Stopping threads took: 0.0000228 seconds
1.024: [GC (Allocation Failure)  120889K->633K(461312K), 0.0005173 secs]
1.025: Total time for which application threads were stopped: 0.0006386 seconds, Stopping threads took: 0.0000203 seconds
1.104: [GC (Allocation Failure)  118393K->601K(460800K), 0.0006202 secs]
1.105: Total time for which application threads were stopped: 0.0007633 seconds, Stopping threads took: 0.0000236 seconds
1.177: [GC (Allocation Failure)  115801K->697K(456192K), 0.0005016 secs]
1.178: Total time for which application threads were stopped: 0.0006364 seconds, Stopping threads took: 0.0000289 seconds
1.250: [GC (Allocation Failure)  113337K->665K(455168K), 0.0005463 secs]
1.251: Total time for which application threads were stopped: 0.0007694 seconds, Stopping threads took: 0.0001213 seconds
1.321: [GC (Allocation Failure)  110745K->665K(451584K), 0.0005300 secs]
1.322: Total time for which application threads were stopped: 0.0006502 seconds, Stopping threads took: 0.0000268 seconds
1.394: [GC (Allocation Failure)  108697K->665K(451072K), 0.0005166 secs]
1.394: Total time for which application threads were stopped: 0.0006445 seconds, Stopping threads took: 0.0000286 seconds
1.461: [GC (Allocation Failure)  106649K->665K(447488K), 0.0005270 secs]
1.461: Total time for which application threads were stopped: 0.0006521 seconds, Stopping threads took: 0.0000276 seconds
1.527: [GC (Allocation Failure)  104601K->633K(446976K), 0.0005833 secs]
1.527: Total time for which application threads were stopped: 0.0007000 seconds, Stopping threads took: 0.0000259 seconds
1.591: [GC (Allocation Failure)  102521K->633K(443392K), 0.0005139 secs]
1.592: Total time for which application threads were stopped: 0.0006433 seconds, Stopping threads took: 0.0000284 seconds
1.661: [GC (Allocation Failure)  100473K->665K(442880K), 0.0005012 secs]
1.662: Total time for which application threads were stopped: 0.0006344 seconds, Stopping threads took: 0.0000262 seconds
1.728: [GC (Allocation Failure)  98457K->601K(439296K), 0.0004932 secs]
1.729: Total time for which application threads were stopped: 0.0006190 seconds, Stopping threads took: 0.0000269 seconds
1.790: [GC (Allocation Failure)  96345K->601K(438784K), 0.0005371 secs]
1.790: Total time for which application threads were stopped: 0.0006705 seconds, Stopping threads took: 0.0000258 seconds
1.850: [GC (Allocation Failure)  94809K->633K(436224K), 0.0005231 secs]
1.851: Total time for which application threads were stopped: 0.0006475 seconds, Stopping threads took: 0.0000249 seconds
1.910: [GC (Allocation Failure)  93305K->633K(435712K), 0.0012033 secs]
1.911: Total time for which application threads were stopped: 0.0013359 seconds, Stopping threads took: 0.0000257 seconds
1.969: [GC (Allocation Failure)  91769K->601K(433152K), 0.0004647 secs]
1.969: Total time for which application threads were stopped: 0.0005842 seconds, Stopping threads took: 0.0000247 seconds
2.027: [GC (Allocation Failure)  90201K->601K(432640K), 0.0004440 secs]
2.028: Total time for which application threads were stopped: 0.0005739 seconds, Stopping threads took: 0.0000250 seconds
2.083: [GC (Allocation Failure)  88665K->633K(430080K), 0.0004648 secs]
2.084: Total time for which application threads were stopped: 0.0005970 seconds, Stopping threads took: 0.0000250 seconds
2.139: [GC (Allocation Failure)  87161K->601K(429056K), 0.0005167 secs]
2.140: Total time for which application threads were stopped: 0.0006389 seconds, Stopping threads took: 0.0000162 seconds
2.194: [GC (Allocation Failure)  85593K->601K(427008K), 0.0004685 secs]
2.194: Total time for which application threads were stopped: 0.0006020 seconds, Stopping threads took: 0.0000248 seconds
2.249: [GC (Allocation Failure)  84057K->601K(425984K), 0.0004965 secs]
2.249: Total time for which application threads were stopped: 0.0006078 seconds, Stopping threads took: 0.0000249 seconds
2.301: [GC (Allocation Failure)  82521K->633K(423936K), 0.0004634 secs]
2.302: Total time for which application threads were stopped: 0.0005932 seconds, Stopping threads took: 0.0000249 seconds
2.353: [GC (Allocation Failure)  81017K->601K(422912K), 0.0007518 secs]
2.354: Total time for which application threads were stopped: 0.0008834 seconds, Stopping threads took: 0.0000253 seconds
2.404: [GC (Allocation Failure)  79449K->697K(421376K), 0.0004905 secs]
2.405: Total time for which application threads were stopped: 0.0006039 seconds, Stopping threads took: 0.0000245 seconds
2.454: [GC (Allocation Failure)  78521K->601K(420864K), 0.0004553 secs]
2.454: Total time for which application threads were stopped: 0.0005599 seconds, Stopping threads took: 0.0000167 seconds
2.503: [GC (Allocation Failure)  77401K->601K(419328K), 0.0004857 secs]
2.504: Total time for which application threads were stopped: 0.0006076 seconds, Stopping threads took: 0.0000255 seconds
2.553: [GC (Allocation Failure)  76377K->601K(418816K), 0.0004440 secs]
2.553: Total time for which application threads were stopped: 0.0005769 seconds, Stopping threads took: 0.0000257 seconds
2.600: [GC (Allocation Failure)  75353K->601K(417280K), 0.0005655 secs]
2.601: Total time for which application threads were stopped: 0.0006835 seconds, Stopping threads took: 0.0000243 seconds
2.649: [GC (Allocation Failure)  74329K->633K(416768K), 0.0004442 secs]
2.649: Total time for which application threads were stopped: 0.0005744 seconds, Stopping threads took: 0.0000255 seconds
2.695: [GC (Allocation Failure)  73337K->601K(415232K), 0.0005665 secs]
2.696: Total time for which application threads were stopped: 0.0006798 seconds, Stopping threads took: 0.0000244 seconds
2.745: [GC (Allocation Failure)  72281K->601K(414208K), 0.0005989 secs]
2.745: Total time for which application threads were stopped: 0.0006867 seconds, Stopping threads took: 0.0000159 seconds
2.791: [GC (Allocation Failure)  71257K->665K(413184K), 0.0004938 secs]
2.792: Total time for which application threads were stopped: 0.0006068 seconds, Stopping threads took: 0.0000166 seconds
2.836: [GC (Allocation Failure)  70297K->665K(412160K), 0.0004616 secs]
2.837: Total time for which application threads were stopped: 0.0005861 seconds, Stopping threads took: 0.0000272 seconds
2.880: [GC (Allocation Failure)  69273K->601K(411136K), 0.0005513 secs]
2.881: Total time for which application threads were stopped: 0.0006782 seconds, Stopping threads took: 0.0000274 seconds
2.923: [GC (Allocation Failure)  68185K->665K(410112K), 0.0005509 secs]
2.924: Total time for which application threads were stopped: 0.0006664 seconds, Stopping threads took: 0.0000185 seconds
2.967: [GC (Allocation Failure)  67225K->601K(424960K), 0.0015715 secs]
2.968: Total time for which application threads were stopped: 0.0016609 seconds, Stopping threads took: 0.0000137 seconds
3.021: [GC (Allocation Failure)  82009K->569K(442880K), 0.0006956 secs]
3.021: Total time for which application threads were stopped: 0.0007994 seconds, Stopping threads took: 0.0000159 seconds
3.085: [GC (Allocation Failure)  99897K->697K(464896K), 0.0004560 secs]
3.086: Total time for which application threads were stopped: 0.0005822 seconds, Stopping threads took: 0.0000277 seconds
3.162: [GC (Allocation Failure)  122041K->665K(475648K), 0.0004992 secs]
3.162: Total time for which application threads were stopped: 0.0006169 seconds, Stopping threads took: 0.0000193 seconds
3.251: [GC (Allocation Failure)  132761K->609K(472576K), 0.0004647 secs]
3.252: Total time for which application threads were stopped: 0.0005804 seconds, Stopping threads took: 0.0000202 seconds
3.336: [GC (Allocation Failure)  129633K->705K(469504K), 0.0005742 secs]
3.337: Total time for which application threads were stopped: 0.0006819 seconds, Stopping threads took: 0.0000168 seconds
3.415: [GC (Allocation Failure)  126657K->673K(466432K), 0.0005000 secs]
3.415: Total time for which application threads were stopped: 0.0006326 seconds, Stopping threads took: 0.0000276 seconds
3.492: [GC (Allocation Failure)  123553K->641K(463872K), 0.0005498 secs]
3.492: Total time for which application threads were stopped: 0.0006978 seconds, Stopping threads took: 0.0000290 seconds
3.568: [GC (Allocation Failure)  120961K->641K(461312K), 0.0004642 secs]
3.569: Total time for which application threads were stopped: 0.0005927 seconds, Stopping threads took: 0.0000285 seconds
3.649: [GC (Allocation Failure)  118401K->673K(458752K), 0.0004763 secs]
3.649: Total time for which application threads were stopped: 0.0006248 seconds, Stopping threads took: 0.0000287 seconds
3.721: [GC (Allocation Failure)  115873K->673K(456192K), 0.0007915 secs]
3.722: Total time for which application threads were stopped: 0.0009233 seconds, Stopping threads took: 0.0000209 seconds
3.796: [GC (Allocation Failure)  113313K->641K(453632K), 0.0005714 secs]
3.797: Total time for which application threads were stopped: 0.0007161 seconds, Stopping threads took: 0.0000225 seconds
3.865: [GC (Allocation Failure)  110721K->641K(451584K), 0.0004873 secs]
3.866: Total time for which application threads were stopped: 0.0006184 seconds, Stopping threads took: 0.0000214 seconds
3.938: [GC (Allocation Failure)  108673K->673K(449536K), 0.0005611 secs]
3.938: Total time for which application threads were stopped: 0.0006951 seconds, Stopping threads took: 0.0000209 seconds
4.008: [GC (Allocation Failure)  106657K->609K(447488K), 0.0004299 secs]
4.009: Total time for which application threads were stopped: 0.0005480 seconds, Stopping threads took: 0.0000199 seconds
4.057: Total time for which application threads were stopped: 0.0001200 seconds, Stopping threads took: 0.0000486 seconds
4.076: [GC (Allocation Failure)  104545K->641K(445440K), 0.0004936 secs]
4.076: Total time for which application threads were stopped: 0.0006316 seconds, Stopping threads took: 0.0000206 seconds
4.140: [GC (Allocation Failure)  102529K->673K(443392K), 0.0005541 secs]
4.141: Total time for which application threads were stopped: 0.0006897 seconds, Stopping threads took: 0.0000213 seconds
4.209: [GC (Allocation Failure)  100513K->641K(441344K), 0.0004911 secs]
4.210: Total time for which application threads were stopped: 0.0006341 seconds, Stopping threads took: 0.0000269 seconds
4.274: [GC (Allocation Failure)  98433K->673K(439296K), 0.0004633 secs]
4.274: Total time for which application threads were stopped: 0.0005714 seconds, Stopping threads took: 0.0000187 seconds
4.337: [GC (Allocation Failure)  96417K->673K(437760K), 0.0004684 secs]
4.338: Total time for which application threads were stopped: 0.0005756 seconds, Stopping threads took: 0.0000193 seconds
4.397: [GC (Allocation Failure)  94881K->705K(436224K), 0.0005564 secs]
4.398: Total time for which application threads were stopped: 0.0006744 seconds, Stopping threads took: 0.0000194 seconds
4.456: [GC (Allocation Failure)  93377K->705K(434688K), 0.0005317 secs]
4.457: Total time for which application threads were stopped: 0.0006702 seconds, Stopping threads took: 0.0000208 seconds
4.519: [GC (Allocation Failure)  91841K->705K(433152K), 0.0004261 secs]
4.520: Total time for which application threads were stopped: 0.0005607 seconds, Stopping threads took: 0.0000276 seconds
4.576: [GC (Allocation Failure)  90305K->673K(431616K), 0.0004896 secs]
4.576: Total time for which application threads were stopped: 0.0006354 seconds, Stopping threads took: 0.0000277 seconds
4.631: [GC (Allocation Failure)  88737K->737K(430080K), 0.0004876 secs]
4.632: Total time for which application threads were stopped: 0.0006272 seconds, Stopping threads took: 0.0000288 seconds
4.686: [GC (Allocation Failure)  87265K->673K(428544K), 0.0004762 secs]
4.686: Total time for which application threads were stopped: 0.0005937 seconds, Stopping threads took: 0.0000197 seconds
4.740: [GC (Allocation Failure)  85665K->705K(427008K), 0.0006219 secs]
4.740: Total time for which application threads were stopped: 0.0007392 seconds, Stopping threads took: 0.0000201 seconds
4.792: [GC (Allocation Failure)  84161K->705K(425472K), 0.0004931 secs]
4.793: Total time for which application threads were stopped: 0.0006264 seconds, Stopping threads took: 0.0000216 seconds
4.844: [GC (Allocation Failure)  82625K->641K(423936K), 0.0004636 secs]
4.845: Total time for which application threads were stopped: 0.0005792 seconds, Stopping threads took: 0.0000200 seconds
4.901: [GC (Allocation Failure)  81025K->609K(422400K), 0.0004769 secs]
4.901: Total time for which application threads were stopped: 0.0005959 seconds, Stopping threads took: 0.0000198 seconds
4.951: [GC (Allocation Failure)  79457K->673K(421376K), 0.0006823 secs]
4.951: Total time for which application threads were stopped: 0.0008150 seconds, Stopping threads took: 0.0000185 seconds
5.000: [GC (Allocation Failure)  78497K->609K(420352K), 0.0005436 secs]
5.001: Total time for which application threads were stopped: 0.0006832 seconds, Stopping threads took: 0.0000270 seconds
5.051: [GC (Allocation Failure)  77409K->641K(419328K), 0.0004589 secs]
5.051: Total time for which application threads were stopped: 0.0005841 seconds, Stopping threads took: 0.0000198 seconds
5.099: [GC (Allocation Failure)  76417K->673K(418304K), 0.0005827 secs]
5.099: Total time for which application threads were stopped: 0.0007002 seconds, Stopping threads took: 0.0000199 seconds
5.146: [GC (Allocation Failure)  75425K->641K(417280K), 0.0005586 secs]
5.147: Total time for which application threads were stopped: 0.0006929 seconds, Stopping threads took: 0.0000202 seconds
5.198: [GC (Allocation Failure)  74369K->609K(432128K), 0.0016991 secs]
5.200: Total time for which application threads were stopped: 0.0018319 seconds, Stopping threads took: 0.0000270 seconds
5.256: [GC (Allocation Failure)  89185K->673K(450048K), 0.0005800 secs]
5.257: Total time for which application threads were stopped: 0.0007066 seconds, Stopping threads took: 0.0000280 seconds
5.326: [GC (Allocation Failure)  107169K->609K(471552K), 0.0006249 secs]
5.327: Total time for which application threads were stopped: 0.0007555 seconds, Stopping threads took: 0.0000202 seconds
5.413: [GC (Allocation Failure)  128609K->641K(492032K), 0.0005263 secs]
5.414: Total time for which application threads were stopped: 0.0006599 seconds, Stopping threads took: 0.0000298 seconds
5.515: [GC (Allocation Failure)  149121K->673K(488448K), 0.0004549 secs]
5.516: Total time for which application threads were stopped: 0.0005891 seconds, Stopping threads took: 0.0000271 seconds
5.613: [GC (Allocation Failure)  145569K->641K(484864K), 0.0005158 secs]
5.614: Total time for which application threads were stopped: 0.0006506 seconds, Stopping threads took: 0.0000175 seconds
5.707: [GC (Allocation Failure)  141953K->673K(481280K), 0.0004902 secs]
5.708: Total time for which application threads were stopped: 0.0006541 seconds, Stopping threads took: 0.0000265 seconds
5.798: [GC (Allocation Failure)  138401K->641K(478208K), 0.0004239 secs]
5.799: Total time for which application threads were stopped: 0.0005270 seconds, Stopping threads took: 0.0000176 seconds
5.885: [GC (Allocation Failure)  135297K->705K(475136K), 0.0004862 secs]
5.886: Total time for which application threads were stopped: 0.0006210 seconds, Stopping threads took: 0.0000198 seconds
5.970: [GC (Allocation Failure)  132289K->673K(472064K), 0.0005026 secs]
5.970: Total time for which application threads were stopped: 0.0006433 seconds, Stopping threads took: 0.0000218 seconds
6.057: [GC (Allocation Failure)  129185K->641K(468992K), 0.0004669 secs]
6.057: Total time for which application threads were stopped: 0.0005949 seconds, Stopping threads took: 0.0000276 seconds
6.139: [GC (Allocation Failure)  126081K->641K(465920K), 0.0004857 secs]
6.139: Total time for which application threads were stopped: 0.0006035 seconds, Stopping threads took: 0.0000189 seconds
6.220: [GC (Allocation Failure)  123009K->609K(463360K), 0.0004461 secs]
6.220: Total time for which application threads were stopped: 0.0005778 seconds, Stopping threads took: 0.0000244 seconds
6.299: [GC (Allocation Failure)  120417K->641K(460800K), 0.0004620 secs]
6.299: Total time for which application threads were stopped: 0.0005874 seconds, Stopping threads took: 0.0000274 seconds
6.377: [GC (Allocation Failure)  117889K->609K(458240K), 0.0005275 secs]
6.377: Total time for which application threads were stopped: 0.0006552 seconds, Stopping threads took: 0.0000283 seconds
6.449: [GC (Allocation Failure)  115297K->673K(455680K), 0.0004958 secs]
6.450: Total time for which application threads were stopped: 0.0006136 seconds, Stopping threads took: 0.0000190 seconds
6.520: [GC (Allocation Failure)  112801K->609K(453120K), 0.0004486 secs]
6.521: Total time for which application threads were stopped: 0.0005693 seconds, Stopping threads took: 0.0000196 seconds
6.590: [GC (Allocation Failure)  110177K->705K(451072K), 0.0005278 secs]
6.590: Total time for which application threads were stopped: 0.0006411 seconds, Stopping threads took: 0.0000192 seconds
6.658: [GC (Allocation Failure)  108225K->641K(449024K), 0.0005228 secs]
6.658: Total time for which application threads were stopped: 0.0006628 seconds, Stopping threads took: 0.0000277 seconds
6.724: [GC (Allocation Failure)  106113K->673K(446976K), 0.0004446 secs]
6.725: Total time for which application threads were stopped: 0.0005746 seconds, Stopping threads took: 0.0000283 seconds
6.789: [GC (Allocation Failure)  104097K->705K(444928K), 0.0004696 secs]
6.790: Total time for which application threads were stopped: 0.0005929 seconds, Stopping threads took: 0.0000206 seconds
6.853: [GC (Allocation Failure)  102081K->737K(442880K), 0.0005829 secs]
6.854: Total time for which application threads were stopped: 0.0007103 seconds, Stopping threads took: 0.0000276 seconds
6.921: [GC (Allocation Failure)  100065K->673K(440832K), 0.0005508 secs]
6.922: Total time for which application threads were stopped: 0.0006794 seconds, Stopping threads took: 0.0000214 seconds
6.982: [GC (Allocation Failure)  97953K->673K(438784K), 0.0004831 secs]
6.983: Total time for which application threads were stopped: 0.0006008 seconds, Stopping threads took: 0.0000197 seconds
7.043: [GC (Allocation Failure)  95905K->737K(437248K), 0.0004265 secs]
7.043: Total time for which application threads were stopped: 0.0005565 seconds, Stopping threads took: 0.0000253 seconds
7.102: [GC (Allocation Failure)  94433K->673K(435712K), 0.0005049 secs]
7.102: Total time for which application threads were stopped: 0.0006216 seconds, Stopping threads took: 0.0000191 seconds
7.160: [GC (Allocation Failure)  92833K->673K(434176K), 0.0004846 secs]
7.160: Total time for which application threads were stopped: 0.0006375 seconds, Stopping threads took: 0.0000272 seconds
7.217: [GC (Allocation Failure)  91297K->737K(432640K), 0.0003962 secs]
7.218: Total time for which application threads were stopped: 0.0005146 seconds, Stopping threads took: 0.0000252 seconds
7.274: [GC (Allocation Failure)  89825K->737K(431104K), 0.0005877 secs]
7.274: Total time for which application threads were stopped: 0.0007132 seconds, Stopping threads took: 0.0000278 seconds
7.329: [GC (Allocation Failure)  88289K->673K(429568K), 0.0005116 secs]
7.330: Total time for which application threads were stopped: 0.0006467 seconds, Stopping threads took: 0.0000206 seconds
7.383: [GC (Allocation Failure)  86689K->673K(428032K), 0.0005254 secs]
7.384: Total time for which application threads were stopped: 0.0006444 seconds, Stopping threads took: 0.0000198 seconds
7.437: [GC (Allocation Failure)  85153K->577K(426496K), 0.0005026 secs]
7.437: Total time for which application threads were stopped: 0.0006416 seconds, Stopping threads took: 0.0000210 seconds
7.489: [GC (Allocation Failure)  83521K->673K(424960K), 0.0004759 secs]
7.490: Total time for which application threads were stopped: 0.0006155 seconds, Stopping threads took: 0.0000318 seconds
7.541: [GC (Allocation Failure)  82081K->641K(423424K), 0.0005563 secs]
7.542: Total time for which application threads were stopped: 0.0006884 seconds, Stopping threads took: 0.0000208 seconds
7.591: [GC (Allocation Failure)  80513K->673K(422400K), 0.0004799 secs]
7.592: Total time for which application threads were stopped: 0.0006168 seconds, Stopping threads took: 0.0000210 seconds
7.641: [GC (Allocation Failure)  79521K->673K(421376K), 0.0005167 secs]
7.642: Total time for which application threads were stopped: 0.0006689 seconds, Stopping threads took: 0.0000310 seconds
7.691: [GC (Allocation Failure)  78497K->577K(420352K), 0.0006457 secs]
7.691: Total time for which application threads were stopped: 0.0007728 seconds, Stopping threads took: 0.0000230 seconds
7.743: [GC (Allocation Failure)  77377K->641K(419328K), 0.0004869 secs]
7.744: Total time for which application threads were stopped: 0.0005958 seconds, Stopping threads took: 0.0000169 seconds
7.791: [GC (Allocation Failure)  76417K->609K(418304K), 0.0006163 secs]
7.792: Total time for which application threads were stopped: 0.0007409 seconds, Stopping threads took: 0.0000194 seconds
7.843: [GC (Allocation Failure)  75361K->641K(417280K), 0.0005333 secs]
7.843: Total time for which application threads were stopped: 0.0006622 seconds, Stopping threads took: 0.0000198 seconds
7.890: [GC (Allocation Failure)  74369K->705K(416256K), 0.0004841 secs]
7.890: Total time for which application threads were stopped: 0.0006234 seconds, Stopping threads took: 0.0000213 seconds
7.936: [GC (Allocation Failure)  73409K->673K(415232K), 0.0004829 secs]
7.936: Total time for which application threads were stopped: 0.0006220 seconds, Stopping threads took: 0.0000223 seconds
7.981: [GC (Allocation Failure)  72353K->609K(414208K), 0.0005937 secs]
7.982: Total time for which application threads were stopped: 0.0007087 seconds, Stopping threads took: 0.0000190 seconds
8.026: [GC (Allocation Failure)  71265K->609K(413184K), 0.0004343 secs]
8.027: Total time for which application threads were stopped: 0.0005640 seconds, Stopping threads took: 0.0000269 seconds
8.071: [GC (Allocation Failure)  70241K->673K(427520K), 0.0006337 secs]
8.071: Total time for which application threads were stopped: 0.0007776 seconds, Stopping threads took: 0.0000285 seconds
8.124: [GC (Allocation Failure)  84641K->641K(425984K), 0.0004974 secs]
8.124: Total time for which application threads were stopped: 0.0006417 seconds, Stopping threads took: 0.0000223 seconds
8.176: [GC (Allocation Failure)  83073K->641K(424448K), 0.0004852 secs]
8.176: Total time for which application threads were stopped: 0.0006311 seconds, Stopping threads took: 0.0000224 seconds
8.233: [GC (Allocation Failure)  81537K->609K(422912K), 0.0006115 secs]
8.234: Total time for which application threads were stopped: 0.0007445 seconds, Stopping threads took: 0.0000172 seconds
8.284: [GC (Allocation Failure)  79969K->673K(421888K), 0.0004559 secs]
8.284: Total time for which application threads were stopped: 0.0005756 seconds, Stopping threads took: 0.0000199 seconds
8.334: [GC (Allocation Failure)  79009K->673K(420864K), 0.0004659 secs]
8.334: Total time for which application threads were stopped: 0.0006043 seconds, Stopping threads took: 0.0000216 seconds
8.383: [GC (Allocation Failure)  77985K->673K(419840K), 0.0004984 secs]
8.384: Total time for which application threads were stopped: 0.0006306 seconds, Stopping threads took: 0.0000198 seconds
8.432: [GC (Allocation Failure)  76961K->641K(418816K), 0.0004650 secs]
8.432: Total time for which application threads were stopped: 0.0005942 seconds, Stopping threads took: 0.0000201 seconds
8.485: [GC (Allocation Failure)  75905K->609K(417792K), 0.0006290 secs]
8.485: Total time for which application threads were stopped: 0.0007485 seconds, Stopping threads took: 0.0000202 seconds
8.538: [GC (Allocation Failure)  74849K->673K(416768K), 0.0005533 secs]
8.538: Total time for which application threads were stopped: 0.0006939 seconds, Stopping threads took: 0.0000285 seconds
8.585: [GC (Allocation Failure)  73889K->705K(415744K), 0.0004408 secs]
8.585: Total time for which application threads were stopped: 0.0005672 seconds, Stopping threads took: 0.0000282 seconds
8.636: [GC (Allocation Failure)  72897K->641K(414720K), 0.0003977 secs]
8.636: Total time for which application threads were stopped: 0.0005021 seconds, Stopping threads took: 0.0000162 seconds
8.685: [GC (Allocation Failure)  71809K->705K(413696K), 0.0004950 secs]
8.686: Total time for which application threads were stopped: 0.0006276 seconds, Stopping threads took: 0.0000192 seconds
8.730: [GC (Allocation Failure)  70849K->705K(412672K), 0.0006236 secs]
8.730: Total time for which application threads were stopped: 0.0007687 seconds, Stopping threads took: 0.0000221 seconds
8.774: [GC (Allocation Failure)  69825K->641K(411648K), 0.0004822 secs]
8.774: Total time for which application threads were stopped: 0.0006281 seconds, Stopping threads took: 0.0000302 seconds
8.817: [GC (Allocation Failure)  68737K->641K(410624K), 0.0005370 secs]
8.817: Total time for which application threads were stopped: 0.0006756 seconds, Stopping threads took: 0.0000218 seconds
8.859: [GC (Allocation Failure)  67713K->641K(409600K), 0.0004775 secs]
8.860: Total time for which application threads were stopped: 0.0006062 seconds, Stopping threads took: 0.0000284 seconds
8.901: [GC (Allocation Failure)  66689K->705K(408576K), 0.0004800 secs]
8.902: Total time for which application threads were stopped: 0.0006007 seconds, Stopping threads took: 0.0000189 seconds
8.948: [GC (Allocation Failure)  65729K->673K(421888K), 0.0006633 secs]
8.948: Total time for which application threads were stopped: 0.0008164 seconds, Stopping threads took: 0.0000235 seconds
8.998: [GC (Allocation Failure)  79009K->673K(437760K), 0.0005757 secs]
8.998: Total time for which application threads were stopped: 0.0007298 seconds, Stopping threads took: 0.0000235 seconds
9.058: [GC (Allocation Failure)  94881K->673K(436224K), 0.0005161 secs]
9.058: Total time for which application threads were stopped: 0.0006349 seconds, Stopping threads took: 0.0000197 seconds
9.116: [GC (Allocation Failure)  93345K->705K(434688K), 0.0004840 secs]
9.117: Total time for which application threads were stopped: 0.0006290 seconds, Stopping threads took: 0.0000198 seconds
9.177: [GC (Allocation Failure)  91841K->673K(433152K), 0.0005175 secs]
9.177: Total time for which application threads were stopped: 0.0006437 seconds, Stopping threads took: 0.0000201 seconds
9.234: [GC (Allocation Failure)  90273K->641K(431616K), 0.0005968 secs]
9.235: Total time for which application threads were stopped: 0.0007271 seconds, Stopping threads took: 0.0000174 seconds
9.296: [GC (Allocation Failure)  88705K->673K(430080K), 0.0004864 secs]
9.297: Total time for which application threads were stopped: 0.0006132 seconds, Stopping threads took: 0.0000213 seconds
9.351: [GC (Allocation Failure)  87201K->609K(428544K), 0.0005661 secs]
9.351: Total time for which application threads were stopped: 0.0007122 seconds, Stopping threads took: 0.0000222 seconds
9.404: [GC (Allocation Failure)  85601K->673K(427008K), 0.0004345 secs]
9.405: Total time for which application threads were stopped: 0.0005484 seconds, Stopping threads took: 0.0000197 seconds
9.461: [GC (Allocation Failure)  84129K->609K(425472K), 0.0004917 secs]
9.462: Total time for which application threads were stopped: 0.0006337 seconds, Stopping threads took: 0.0000301 seconds
9.513: [GC (Allocation Failure)  82529K->641K(423936K), 0.0004921 secs]
9.514: Total time for which application threads were stopped: 0.0006309 seconds, Stopping threads took: 0.0000217 seconds
9.569: [GC (Allocation Failure)  81025K->641K(422400K), 0.0004818 secs]
9.570: Total time for which application threads were stopped: 0.0006089 seconds, Stopping threads took: 0.0000196 seconds
9.623: [GC (Allocation Failure)  79489K->577K(421376K), 0.0005068 secs]
9.624: Total time for which application threads were stopped: 0.0006157 seconds, Stopping threads took: 0.0000169 seconds
9.673: [GC (Allocation Failure)  78401K->609K(420352K), 0.0005370 secs]
9.673: Total time for which application threads were stopped: 0.0006667 seconds, Stopping threads took: 0.0000282 seconds
9.728: [GC (Allocation Failure)  77409K->673K(419328K), 0.0006931 secs]
9.729: Total time for which application threads were stopped: 0.0008199 seconds, Stopping threads took: 0.0000277 seconds
9.776: [GC (Allocation Failure)  76449K->641K(418304K), 0.0004839 secs]
9.776: Total time for which application threads were stopped: 0.0006119 seconds, Stopping threads took: 0.0000278 seconds
9.826: [GC (Allocation Failure)  75393K->577K(417280K), 0.0005220 secs]
9.827: Total time for which application threads were stopped: 0.0006621 seconds, Stopping threads took: 0.0000293 seconds
9.878: [GC (Allocation Failure)  74305K->641K(416256K), 0.0005967 secs]
9.879: Total time for which application threads were stopped: 0.0007268 seconds, Stopping threads took: 0.0000210 seconds
9.925: [GC (Allocation Failure)  73345K->673K(415232K), 0.0005552 secs]
9.926: Total time for which application threads were stopped: 0.0006719 seconds, Stopping threads took: 0.0000197 seconds
9.974: [GC (Allocation Failure)  72353K->673K(414208K), 0.0003957 secs]
9.974: Total time for which application threads were stopped: 0.0005167 seconds, Stopping threads took: 0.0000264 seconds
10.025: [GC (Allocation Failure)  71329K->641K(413184K), 0.0003768 secs]
10.025: Total time for which application threads were stopped: 0.0005108 seconds, Stopping threads took: 0.0000247 seconds
10.074: [GC (Allocation Failure)  70273K->641K(412160K), 0.0003963 secs]
10.074: Total time for which application threads were stopped: 0.0005038 seconds, Stopping threads took: 0.0000169 seconds
10.121: [GC (Allocation Failure)  69249K->673K(411136K), 0.0004543 secs]
10.121: Total time for which application threads were stopped: 0.0005793 seconds, Stopping threads took: 0.0000280 seconds
10.163: [GC (Allocation Failure)  68257K->673K(410112K), 0.0004498 secs]
10.164: Total time for which application threads were stopped: 0.0005774 seconds, Stopping threads took: 0.0000278 seconds
10.206: [GC (Allocation Failure)  67233K->641K(409088K), 0.0004964 secs]
10.206: Total time for which application threads were stopped: 0.0006217 seconds, Stopping threads took: 0.0000261 seconds
10.250: [GC (Allocation Failure)  66177K->641K(408064K), 0.0005941 secs]
10.251: Total time for which application threads were stopped: 0.0007438 seconds, Stopping threads took: 0.0000222 seconds
10.298: [GC (Allocation Failure)  65153K->737K(407040K), 0.0005693 secs]
10.299: Total time for which application threads were stopped: 0.0006957 seconds, Stopping threads took: 0.0000194 seconds
10.339: [GC (Allocation Failure)  64225K->737K(406016K), 0.0004857 secs]
10.339: Total time for which application threads were stopped: 0.0006031 seconds, Stopping threads took: 0.0000190 seconds
10.378: [GC (Allocation Failure)  63201K->641K(405504K), 0.0004944 secs]
10.379: Total time for which application threads were stopped: 0.0006177 seconds, Stopping threads took: 0.0000199 seconds
10.418: [GC (Allocation Failure)  62593K->641K(404992K), 0.0004766 secs]
10.418: Total time for which application threads were stopped: 0.0006224 seconds, Stopping threads took: 0.0000356 seconds
10.460: [GC (Allocation Failure)  62081K->705K(417280K), 0.0006798 secs]
10.461: Total time for which application threads were stopped: 0.0008122 seconds, Stopping threads took: 0.0000201 seconds
10.513: [GC (Allocation Failure)  74433K->673K(432128K), 0.0006167 secs]
10.514: Total time for which application threads were stopped: 0.0007506 seconds, Stopping threads took: 0.0000202 seconds
10.577: [GC (Allocation Failure)  89249K->609K(430592K), 0.0004492 secs]
10.577: Total time for which application threads were stopped: 0.0005803 seconds, Stopping threads took: 0.0000269 seconds
10.631: [GC (Allocation Failure)  87649K->641K(429056K), 0.0006687 secs]
10.632: Total time for which application threads were stopped: 0.0007872 seconds, Stopping threads took: 0.0000196 seconds
10.686: [GC (Allocation Failure)  86145K->609K(427520K), 0.0006193 secs]
10.686: Total time for which application threads were stopped: 0.0007594 seconds, Stopping threads took: 0.0000286 seconds
10.739: [GC (Allocation Failure)  84577K->641K(425984K), 0.0004861 secs]
10.739: Total time for which application threads were stopped: 0.0006211 seconds, Stopping threads took: 0.0000195 seconds
10.791: [GC (Allocation Failure)  83073K->673K(424448K), 0.0005172 secs]
10.792: Total time for which application threads were stopped: 0.0006863 seconds, Stopping threads took: 0.0000227 seconds
10.846: [GC (Allocation Failure)  81569K->673K(422912K), 0.0004853 secs]
10.847: Total time for which application threads were stopped: 0.0006137 seconds, Stopping threads took: 0.0000211 seconds
10.901: [GC (Allocation Failure)  80033K->673K(421888K), 0.0005230 secs]
10.901: Total time for which application threads were stopped: 0.0006498 seconds, Stopping threads took: 0.0000209 seconds
10.950: [GC (Allocation Failure)  79009K->609K(420864K), 0.0005925 secs]
10.951: Total time for which application threads were stopped: 0.0007374 seconds, Stopping threads took: 0.0000214 seconds
11.003: [GC (Allocation Failure)  77921K->641K(419840K), 0.0005202 secs]
11.003: Total time for which application threads were stopped: 0.0006635 seconds, Stopping threads took: 0.0000221 seconds
11.056: [GC (Allocation Failure)  76929K->641K(418816K), 0.0004661 secs]
11.057: Total time for which application threads were stopped: 0.0005920 seconds, Stopping threads took: 0.0000261 seconds
11.109: [GC (Allocation Failure)  75905K->705K(417792K), 0.0004957 secs]
11.110: Total time for which application threads were stopped: 0.0006149 seconds, Stopping threads took: 0.0000200 seconds
11.156: [GC (Allocation Failure)  74945K->609K(416768K), 0.0006864 secs]
11.157: Total time for which application threads were stopped: 0.0008080 seconds, Stopping threads took: 0.0000271 seconds
11.202: [GC (Allocation Failure)  73825K->609K(431616K), 0.0006615 secs]
11.203: Total time for which application threads were stopped: 0.0008036 seconds, Stopping threads took: 0.0000246 seconds
11.261: [GC (Allocation Failure)  88673K->705K(430080K), 0.0004779 secs]
11.261: Total time for which application threads were stopped: 0.0005987 seconds, Stopping threads took: 0.0000201 seconds
11.315: [GC (Allocation Failure)  87233K->673K(428544K), 0.0005082 secs]
11.316: Total time for which application threads were stopped: 0.0006417 seconds, Stopping threads took: 0.0000212 seconds
11.369: [GC (Allocation Failure)  85665K->673K(427008K), 0.0005032 secs]
11.369: Total time for which application threads were stopped: 0.0006439 seconds, Stopping threads took: 0.0000212 seconds
11.427: [GC (Allocation Failure)  84129K->609K(425472K), 0.0004782 secs]
11.428: Total time for which application threads were stopped: 0.0006085 seconds, Stopping threads took: 0.0000223 seconds
11.486: [GC (Allocation Failure)  82529K->609K(423936K), 0.0006739 secs]
11.486: Total time for which application threads were stopped: 0.0008095 seconds, Stopping threads took: 0.0000198 seconds
11.537: [GC (Allocation Failure)  80993K->737K(422400K), 0.0004223 secs]
11.538: Total time for which application threads were stopped: 0.0005449 seconds, Stopping threads took: 0.0000269 seconds
11.587: [GC (Allocation Failure)  79585K->673K(421376K), 0.0005147 secs]
11.588: Total time for which application threads were stopped: 0.0006339 seconds, Stopping threads took: 0.0000271 seconds
11.637: [GC (Allocation Failure)  78497K->673K(420352K), 0.0005477 secs]
11.638: Total time for which application threads were stopped: 0.0006765 seconds, Stopping threads took: 0.0000282 seconds
11.686: [GC (Allocation Failure)  77473K->609K(419328K), 0.0005211 secs]
11.687: Total time for which application threads were stopped: 0.0006501 seconds, Stopping threads took: 0.0000276 seconds
11.734: [GC (Allocation Failure)  76385K->609K(418304K), 0.0005834 secs]
11.735: Total time for which application threads were stopped: 0.0007101 seconds, Stopping threads took: 0.0000267 seconds
11.786: [GC (Allocation Failure)  75361K->705K(417280K), 0.0004482 secs]
11.787: Total time for which application threads were stopped: 0.0005685 seconds, Stopping threads took: 0.0000192 seconds
11.833: [GC (Allocation Failure)  74433K->673K(416256K), 0.0004770 secs]
11.834: Total time for which application threads were stopped: 0.0006022 seconds, Stopping threads took: 0.0000276 seconds
11.883: [GC (Allocation Failure)  73377K->673K(415232K), 0.0005669 secs]
11.884: Total time for which application threads were stopped: 0.0006869 seconds, Stopping threads took: 0.0000195 seconds
11.929: [GC (Allocation Failure)  72353K->641K(414208K), 0.0005722 secs]
11.930: Total time for which application threads were stopped: 0.0006996 seconds, Stopping threads took: 0.0000271 seconds
11.979: [GC (Allocation Failure)  71297K->609K(413184K), 0.0004617 secs]
11.980: Total time for which application threads were stopped: 0.0005916 seconds, Stopping threads took: 0.0000276 seconds
12.025: [GC (Allocation Failure)  70241K->641K(427520K), 0.0006811 secs]
12.026: Total time for which application threads were stopped: 0.0008186 seconds, Stopping threads took: 0.0000230 seconds
12.084: [GC (Allocation Failure)  84609K->641K(425984K), 0.0005001 secs]
12.084: Total time for which application threads were stopped: 0.0006240 seconds, Stopping threads took: 0.0000197 seconds
12.136: [GC (Allocation Failure)  83073K->673K(424448K), 0.0004551 secs]
12.137: Total time for which application threads were stopped: 0.0005820 seconds, Stopping threads took: 0.0000272 seconds
12.187: [GC (Allocation Failure)  81569K->641K(422912K), 0.0004973 secs]
12.188: Total time for which application threads were stopped: 0.0006192 seconds, Stopping threads took: 0.0000194 seconds
12.239: [GC (Allocation Failure)  80001K->641K(421888K), 0.0004588 secs]
12.239: Total time for which application threads were stopped: 0.0005885 seconds, Stopping threads took: 0.0000271 seconds
12.288: [GC (Allocation Failure)  78977K->641K(420864K), 0.0004595 secs]
12.289: Total time for which application threads were stopped: 0.0005803 seconds, Stopping threads took: 0.0000196 seconds
12.338: [GC (Allocation Failure)  77953K->673K(419840K), 0.0006450 secs]
12.338: Total time for which application threads were stopped: 0.0007639 seconds, Stopping threads took: 0.0000284 seconds
12.391: [GC (Allocation Failure)  76961K->673K(418816K), 0.0006329 secs]
12.392: Total time for which application threads were stopped: 0.0007666 seconds, Stopping threads took: 0.0000164 seconds
12.443: [GC (Allocation Failure)  75937K->609K(417792K), 0.0005600 secs]
12.444: Total time for which application threads were stopped: 0.0006741 seconds, Stopping threads took: 0.0000188 seconds
12.496: [GC (Allocation Failure)  74849K->673K(416768K), 0.0005153 secs]
12.497: Total time for which application threads were stopped: 0.0006868 seconds, Stopping threads took: 0.0000285 seconds
12.544: [GC (Allocation Failure)  73889K->673K(415744K), 0.0004420 secs]
12.545: Total time for which application threads were stopped: 0.0005784 seconds, Stopping threads took: 0.0000192 seconds
12.590: [GC (Allocation Failure)  72865K->641K(414720K), 0.0005565 secs]
12.591: Total time for which application threads were stopped: 0.0007091 seconds, Stopping threads took: 0.0000263 seconds
12.635: [GC (Allocation Failure)  71809K->641K(413696K), 0.0005546 secs]
12.636: Total time for which application threads were stopped: 0.0007000 seconds, Stopping threads took: 0.0000304 seconds
12.680: [GC (Allocation Failure)  70785K->641K(412672K), 0.0004855 secs]
12.681: Total time for which application threads were stopped: 0.0006337 seconds, Stopping threads took: 0.0000222 seconds
12.725: [GC (Allocation Failure)  69761K->673K(411648K), 0.0005349 secs]
12.725: Total time for which application threads were stopped: 0.0006548 seconds, Stopping threads took: 0.0000220 seconds
12.773: [GC (Allocation Failure)  68769K->705K(410624K), 0.0005269 secs]
12.774: Total time for which application threads were stopped: 0.0006454 seconds, Stopping threads took: 0.0000191 seconds
12.815: [GC (Allocation Failure)  67777K->673K(409600K), 0.0005355 secs]
12.816: Total time for which application threads were stopped: 0.0006575 seconds, Stopping threads took: 0.0000197 seconds
12.857: [GC (Allocation Failure)  66721K->673K(408576K), 0.0004931 secs]
12.858: Total time for which application threads were stopped: 0.0006325 seconds, Stopping threads took: 0.0000291 seconds
12.899: [GC (Allocation Failure)  65697K->673K(421888K), 0.0005710 secs]
12.899: Total time for which application threads were stopped: 0.0007097 seconds, Stopping threads took: 0.0000218 seconds
12.948: [GC (Allocation Failure)  79009K->641K(437760K), 0.0006236 secs]
12.949: Total time for which application threads were stopped: 0.0007581 seconds, Stopping threads took: 0.0000225 seconds
13.008: [GC (Allocation Failure)  94849K->673K(436224K), 0.0004899 secs]
13.008: Total time for which application threads were stopped: 0.0006276 seconds, Stopping threads took: 0.0000285 seconds
13.067: [GC (Allocation Failure)  93345K->705K(455168K), 0.0007455 secs]
13.067: Total time for which application threads were stopped: 0.0008764 seconds, Stopping threads took: 0.0000263 seconds
13.137: [GC (Allocation Failure)  112321K->673K(452608K), 0.0005095 secs]
13.137: Total time for which application threads were stopped: 0.0006545 seconds, Stopping threads took: 0.0000210 seconds
13.206: [GC (Allocation Failure)  109729K->609K(474624K), 0.0009713 secs]
13.207: Total time for which application threads were stopped: 0.0010985 seconds, Stopping threads took: 0.0000189 seconds
13.290: [GC (Allocation Failure)  131681K->673K(471552K), 0.0006805 secs]
13.291: Total time for which application threads were stopped: 0.0008007 seconds, Stopping threads took: 0.0000198 seconds
13.371: [GC (Allocation Failure)  128673K->641K(468480K), 0.0004270 secs]
13.372: Total time for which application threads were stopped: 0.0005454 seconds, Stopping threads took: 0.0000204 seconds
13.456: [GC (Allocation Failure)  125569K->673K(465408K), 0.0004813 secs]
13.456: Total time for which application threads were stopped: 0.0006119 seconds, Stopping threads took: 0.0000281 seconds
13.532: [GC (Allocation Failure)  122529K->641K(462848K), 0.0004439 secs]
13.533: Total time for which application threads were stopped: 0.0005674 seconds, Stopping threads took: 0.0000261 seconds
13.607: [GC (Allocation Failure)  119937K->673K(460288K), 0.0012574 secs]
13.608: Total time for which application threads were stopped: 0.0014038 seconds, Stopping threads took: 0.0000277 seconds
13.684: [GC (Allocation Failure)  117409K->705K(457728K), 0.0004640 secs]
13.684: Total time for which application threads were stopped: 0.0005814 seconds, Stopping threads took: 0.0000199 seconds
13.755: [GC (Allocation Failure)  114881K->673K(455168K), 0.0005882 secs]
13.756: Total time for which application threads were stopped: 0.0007269 seconds, Stopping threads took: 0.0000208 seconds
13.825: [GC (Allocation Failure)  112289K->641K(452608K), 0.0005190 secs]
13.826: Total time for which application threads were stopped: 0.0006380 seconds, Stopping threads took: 0.0000194 seconds
13.898: [GC (Allocation Failure)  109697K->641K(450560K), 0.0005053 secs]
13.899: Total time for which application threads were stopped: 0.0006403 seconds, Stopping threads took: 0.0000197 seconds
13.969: [GC (Allocation Failure)  107649K->641K(448512K), 0.0005356 secs]
13.970: Total time for which application threads were stopped: 0.0006818 seconds, Stopping threads took: 0.0000220 seconds
14.036: [GC (Allocation Failure)  105601K->609K(446464K), 0.0005226 secs]
14.036: Total time for which application threads were stopped: 0.0006627 seconds, Stopping threads took: 0.0000260 seconds
14.106: [GC (Allocation Failure)  103521K->673K(444416K), 0.0004495 secs]
14.107: Total time for which application threads were stopped: 0.0005834 seconds, Stopping threads took: 0.0000307 seconds
14.172: [GC (Allocation Failure)  101537K->641K(442368K), 0.0003888 secs]
14.173: Total time for which application threads were stopped: 0.0004930 seconds, Stopping threads took: 0.0000176 seconds
14.235: [GC (Allocation Failure)  99457K->641K(440320K), 0.0004794 secs]
14.236: Total time for which application threads were stopped: 0.0006084 seconds, Stopping threads took: 0.0000280 seconds
14.300: [GC (Allocation Failure)  97409K->609K(438272K), 0.0004820 secs]
14.300: Total time for which application threads were stopped: 0.0006101 seconds, Stopping threads took: 0.0000222 seconds
14.365: [GC (Allocation Failure)  95329K->673K(436736K), 0.0004651 secs]
14.365: Total time for which application threads were stopped: 0.0006034 seconds, Stopping threads took: 0.0000193 seconds
14.423: [GC (Allocation Failure)  93857K->673K(435200K), 0.0005473 secs]
14.424: Total time for which application threads were stopped: 0.0006832 seconds, Stopping threads took: 0.0000299 seconds
14.484: [GC (Allocation Failure)  92321K->705K(433664K), 0.0005147 secs]
14.485: Total time for which application threads were stopped: 0.0006468 seconds, Stopping threads took: 0.0000211 seconds
14.541: [GC (Allocation Failure)  90817K->641K(432128K), 0.0004743 secs]
14.542: Total time for which application threads were stopped: 0.0006005 seconds, Stopping threads took: 0.0000266 seconds
14.603: [GC (Allocation Failure)  89217K->673K(430592K), 0.0005779 secs]
14.603: Total time for which application threads were stopped: 0.0007119 seconds, Stopping threads took: 0.0000212 seconds
14.657: [GC (Allocation Failure)  87713K->609K(429056K), 0.0004649 secs]
14.658: Total time for which application threads were stopped: 0.0005998 seconds, Stopping threads took: 0.0000309 seconds
14.716: [GC (Allocation Failure)  86113K->705K(427520K), 0.0006498 secs]
14.717: Total time for which application threads were stopped: 0.0007793 seconds, Stopping threads took: 0.0000199 seconds
14.774: [GC (Allocation Failure)  84673K->737K(425984K), 0.0004040 secs]
14.775: Total time for which application threads were stopped: 0.0005283 seconds, Stopping threads took: 0.0000170 seconds
14.826: [GC (Allocation Failure)  83169K->641K(424448K), 0.0003927 secs]
14.826: Total time for which application threads were stopped: 0.0004974 seconds, Stopping threads took: 0.0000169 seconds
14.882: [GC (Allocation Failure)  81537K->673K(422912K), 0.0005337 secs]
14.882: Total time for which application threads were stopped: 0.0006628 seconds, Stopping threads took: 0.0000286 seconds
14.933: [GC (Allocation Failure)  80033K->673K(421888K), 0.0005536 secs]
14.933: Total time for which application threads were stopped: 0.0006970 seconds, Stopping threads took: 0.0000301 seconds
14.983: [GC (Allocation Failure)  79009K->609K(420864K), 0.0004704 secs]
14.983: Total time for which application threads were stopped: 0.0006091 seconds, Stopping threads took: 0.0000205 seconds
15.032: [GC (Allocation Failure)  77921K->641K(419840K), 0.0004487 secs]
15.032: Total time for which application threads were stopped: 0.0005785 seconds, Stopping threads took: 0.0000273 seconds
15.081: [GC (Allocation Failure)  76929K->641K(418816K), 0.0004777 secs]
15.081: Total time for which application threads were stopped: 0.0006157 seconds, Stopping threads took: 0.0000208 seconds
15.129: [GC (Allocation Failure)  75905K->641K(417792K), 0.0005178 secs]
15.129: Total time for which application threads were stopped: 0.0006416 seconds, Stopping threads took: 0.0000214 seconds
15.181: [GC (Allocation Failure)  74881K->641K(416768K), 0.0004739 secs]
15.182: Total time for which application threads were stopped: 0.0006011 seconds, Stopping threads took: 0.0000272 seconds
15.228: [GC (Allocation Failure)  73857K->641K(415744K), 0.0004585 secs]
15.229: Total time for which application threads were stopped: 0.0005764 seconds, Stopping threads took: 0.0000185 seconds
15.274: [GC (Allocation Failure)  72833K->641K(414720K), 0.0004861 secs]
15.274: Total time for which application threads were stopped: 0.0006111 seconds, Stopping threads took: 0.0000272 seconds
15.319: [GC (Allocation Failure)  71809K->673K(413696K), 0.0004870 secs]
15.319: Total time for which application threads were stopped: 0.0006225 seconds, Stopping threads took: 0.0000195 seconds
15.363: [GC (Allocation Failure)  70817K->609K(412672K), 0.0004570 secs]
15.363: Total time for which application threads were stopped: 0.0005770 seconds, Stopping threads took: 0.0000209 seconds
15.411: [GC (Allocation Failure)  69729K->641K(411648K), 0.0004989 secs]
15.411: Total time for which application threads were stopped: 0.0006096 seconds, Stopping threads took: 0.0000170 seconds
15.454: [GC (Allocation Failure)  68737K->641K(410624K), 0.0004094 secs]
15.454: Total time for which application threads were stopped: 0.0005144 seconds, Stopping threads took: 0.0000168 seconds
15.496: [GC (Allocation Failure)  67713K->673K(409600K), 0.0004716 secs]
15.497: Total time for which application threads were stopped: 0.0006116 seconds, Stopping threads took: 0.0000198 seconds
15.543: [GC (Allocation Failure)  66721K->641K(408576K), 0.0005278 secs]
15.543: Total time for which application threads were stopped: 0.0006497 seconds, Stopping threads took: 0.0000265 seconds
15.584: [GC (Allocation Failure)  65665K->641K(407552K), 0.0005060 secs]
15.584: Total time for which application threads were stopped: 0.0006442 seconds, Stopping threads took: 0.0000210 seconds
15.630: [GC (Allocation Failure)  64641K->673K(406528K), 0.0004489 secs]
15.630: Total time for which application threads were stopped: 0.0005779 seconds, Stopping threads took: 0.0000287 seconds
15.675: [GC (Allocation Failure)  63649K->641K(405504K), 0.0004700 secs]
15.675: Total time for which application threads were stopped: 0.0005952 seconds, Stopping threads took: 0.0000279 seconds
15.714: [GC (Allocation Failure)  62593K->673K(404992K), 0.0005511 secs]
15.715: Total time for which application threads were stopped: 0.0006694 seconds, Stopping threads took: 0.0000189 seconds
15.759: [GC (Allocation Failure)  62113K->673K(417280K), 0.0005840 secs]
15.760: Total time for which application threads were stopped: 0.0007034 seconds, Stopping threads took: 0.0000203 seconds
15.806: [GC (Allocation Failure)  74401K->737K(432128K), 0.0005538 secs]
15.806: Total time for which application threads were stopped: 0.0006831 seconds, Stopping threads took: 0.0000277 seconds
15.867: [GC (Allocation Failure)  89313K->609K(430592K), 0.0006219 secs]
15.867: Total time for which application threads were stopped: 0.0007496 seconds, Stopping threads took: 0.0000195 seconds
15.922: [GC (Allocation Failure)  87649K->673K(429056K), 0.0006181 secs]
15.922: Total time for which application threads were stopped: 0.0007614 seconds, Stopping threads took: 0.0000293 seconds
15.976: [GC (Allocation Failure)  86177K->641K(427520K), 0.0004609 secs]
15.976: Total time for which application threads were stopped: 0.0005957 seconds, Stopping threads took: 0.0000254 seconds
16.029: [GC (Allocation Failure)  84609K->641K(425984K), 0.0004751 secs]
16.030: Total time for which application threads were stopped: 0.0005947 seconds, Stopping threads took: 0.0000278 seconds
16.087: [GC (Allocation Failure)  83073K->737K(424448K), 0.0006353 secs]
16.088: Total time for which application threads were stopped: 0.0007778 seconds, Stopping threads took: 0.0000301 seconds
16.139: [GC (Allocation Failure)  81633K->641K(422912K), 0.0005140 secs]
16.139: Total time for which application threads were stopped: 0.0006582 seconds, Stopping threads took: 0.0000215 seconds
16.195: [GC (Allocation Failure)  80001K->673K(421888K), 0.0007050 secs]
16.196: Total time for which application threads were stopped: 0.0008444 seconds, Stopping threads took: 0.0000212 seconds
16.247: [GC (Allocation Failure)  79009K->641K(420864K), 0.0004443 secs]
16.248: Total time for which application threads were stopped: 0.0005548 seconds, Stopping threads took: 0.0000164 seconds
16.302: [GC (Allocation Failure)  77953K->641K(419840K), 0.0004857 secs]
16.303: Total time for which application threads were stopped: 0.0006041 seconds, Stopping threads took: 0.0000195 seconds
16.351: [GC (Allocation Failure)  76929K->673K(418816K), 0.0005548 secs]
16.351: Total time for which application threads were stopped: 0.0006999 seconds, Stopping threads took: 0.0000223 seconds
16.399: [GC (Allocation Failure)  75937K->641K(417792K), 0.0005613 secs]
16.399: Total time for which application threads were stopped: 0.0006909 seconds, Stopping threads took: 0.0000210 seconds
16.446: [GC (Allocation Failure)  74881K->673K(416768K), 0.0005781 secs]
16.447: Total time for which application threads were stopped: 0.0007321 seconds, Stopping threads took: 0.0000211 seconds
16.497: [GC (Allocation Failure)  73889K->673K(415744K), 0.0004205 secs]
16.498: Total time for which application threads were stopped: 0.0005390 seconds, Stopping threads took: 0.0000195 seconds
16.548: [GC (Allocation Failure)  72865K->705K(414720K), 0.0005631 secs]
16.549: Total time for which application threads were stopped: 0.0006837 seconds, Stopping threads took: 0.0000195 seconds
16.593: [GC (Allocation Failure)  71873K->641K(413696K), 0.0005255 secs]
16.594: Total time for which application threads were stopped: 0.0006621 seconds, Stopping threads took: 0.0000198 seconds
16.643: [GC (Allocation Failure)  70785K->705K(412672K), 0.0005259 secs]
16.643: Total time for which application threads were stopped: 0.0006790 seconds, Stopping threads took: 0.0000319 seconds
16.686: [GC (Allocation Failure)  69825K->705K(411648K), 0.0004980 secs]
16.687: Total time for which application threads were stopped: 0.0006082 seconds, Stopping threads took: 0.0000177 seconds
16.730: [GC (Allocation Failure)  68801K->673K(410624K), 0.0004468 secs]
16.730: Total time for which application threads were stopped: 0.0005692 seconds, Stopping threads took: 0.0000207 seconds
16.776: [GC (Allocation Failure)  67745K->641K(409600K), 0.0004787 secs]
16.777: Total time for which application threads were stopped: 0.0006126 seconds, Stopping threads took: 0.0000202 seconds
16.818: [GC (Allocation Failure)  66689K->705K(408576K), 0.0005847 secs]
16.819: Total time for which application threads were stopped: 0.0007148 seconds, Stopping threads took: 0.0000207 seconds
16.864: [GC (Allocation Failure)  65729K->737K(407552K), 0.0005140 secs]
16.865: Total time for which application threads were stopped: 0.0006544 seconds, Stopping threads took: 0.0000213 seconds
16.911: [GC (Allocation Failure)  64737K->673K(420352K), 0.0006818 secs]
16.912: Total time for which application threads were stopped: 0.0008369 seconds, Stopping threads took: 0.0000237 seconds
16.965: [GC (Allocation Failure)  77473K->673K(435712K), 0.0006833 secs]
16.966: Total time for which application threads were stopped: 0.0008345 seconds, Stopping threads took: 0.0000237 seconds
17.029: [GC (Allocation Failure)  92833K->673K(434176K), 0.0004499 secs]
17.029: Total time for which application threads were stopped: 0.0005863 seconds, Stopping threads took: 0.0000258 seconds
17.091: [GC (Allocation Failure)  91297K->641K(432640K), 0.0006062 secs]
17.092: Total time for which application threads were stopped: 0.0007418 seconds, Stopping threads took: 0.0000219 seconds
17.147: [GC (Allocation Failure)  89729K->673K(431104K), 0.0005178 secs]
17.148: Total time for which application threads were stopped: 0.0006580 seconds, Stopping threads took: 0.0000215 seconds
17.203: [GC (Allocation Failure)  88225K->609K(429568K), 0.0005520 secs]
17.203: Total time for which application threads were stopped: 0.0007734 seconds, Stopping threads took: 0.0000244 seconds
17.261: [GC (Allocation Failure)  86625K->673K(428032K), 0.0005108 secs]
17.261: Total time for which application threads were stopped: 0.0006299 seconds, Stopping threads took: 0.0000199 seconds
17.314: [GC (Allocation Failure)  85153K->641K(426496K), 0.0004742 secs]
17.314: Total time for which application threads were stopped: 0.0005964 seconds, Stopping threads took: 0.0000199 seconds
17.366: [GC (Allocation Failure)  83585K->609K(424960K), 0.0007197 secs]
17.367: Total time for which application threads were stopped: 0.0008385 seconds, Stopping threads took: 0.0000194 seconds
17.424: [GC (Allocation Failure)  82017K->609K(423424K), 0.0005685 secs]
17.425: Total time for which application threads were stopped: 0.0007208 seconds, Stopping threads took: 0.0000277 seconds
17.478: [GC (Allocation Failure)  80481K->673K(422400K), 0.0005164 secs]
17.479: Total time for which application threads were stopped: 0.0006436 seconds, Stopping threads took: 0.0000203 seconds
17.528: [GC (Allocation Failure)  79521K->705K(421376K), 0.0004947 secs]
17.529: Total time for which application threads were stopped: 0.0006233 seconds, Stopping threads took: 0.0000265 seconds
17.579: [GC (Allocation Failure)  78529K->609K(420352K), 0.0006713 secs]
17.579: Total time for which application threads were stopped: 0.0008026 seconds, Stopping threads took: 0.0000210 seconds
17.628: [GC (Allocation Failure)  77409K->641K(419328K), 0.0004711 secs]
17.628: Total time for which application threads were stopped: 0.0005919 seconds, Stopping threads took: 0.0000206 seconds
17.676: [GC (Allocation Failure)  76417K->641K(418304K), 0.0004826 secs]
17.676: Total time for which application threads were stopped: 0.0006232 seconds, Stopping threads took: 0.0000275 seconds
17.723: [GC (Allocation Failure)  75393K->705K(417280K), 0.0006440 secs]
17.724: Total time for which application threads were stopped: 0.0007669 seconds, Stopping threads took: 0.0000208 seconds
17.770: [GC (Allocation Failure)  74433K->641K(432128K), 0.0006884 secs]
17.771: Total time for which application threads were stopped: 0.0008244 seconds, Stopping threads took: 0.0000213 seconds
17.831: [GC (Allocation Failure)  89217K->705K(430592K), 0.0005584 secs]
17.832: Total time for which application threads were stopped: 0.0007247 seconds, Stopping threads took: 0.0000307 seconds
17.891: [GC (Allocation Failure)  87745K->609K(429056K), 0.0005810 secs]
17.891: Total time for which application threads were stopped: 0.0007267 seconds, Stopping threads took: 0.0000225 seconds
17.944: [GC (Allocation Failure)  86113K->673K(427520K), 0.0005194 secs]
17.945: Total time for which application threads were stopped: 0.0006450 seconds, Stopping threads took: 0.0000200 seconds
18.001: [GC (Allocation Failure)  84641K->641K(425984K), 0.0005110 secs]
18.001: Total time for which application threads were stopped: 0.0006300 seconds, Stopping threads took: 0.0000195 seconds
18.053: [GC (Allocation Failure)  83073K->641K(424448K), 0.0005287 secs]
18.054: Total time for which application threads were stopped: 0.0006745 seconds, Stopping threads took: 0.0000274 seconds
18.110: [GC (Allocation Failure)  81537K->737K(422912K), 0.0004822 secs]
18.110: Total time for which application threads were stopped: 0.0006037 seconds, Stopping threads took: 0.0000211 seconds
18.164: [GC (Allocation Failure)  80097K->705K(421888K), 0.0005044 secs]
18.165: Total time for which application threads were stopped: 0.0006229 seconds, Stopping threads took: 0.0000204 seconds
18.221: [GC (Allocation Failure)  79041K->673K(420864K), 0.0005028 secs]
18.221: Total time for which application threads were stopped: 0.0006096 seconds, Stopping threads took: 0.0000222 seconds
18.270: [GC (Allocation Failure)  77985K->737K(419840K), 0.0006101 secs]
18.271: Total time for which application threads were stopped: 0.0007413 seconds, Stopping threads took: 0.0000204 seconds
18.318: [GC (Allocation Failure)  77025K->641K(418816K), 0.0005760 secs]
18.319: Total time for which application threads were stopped: 0.0007201 seconds, Stopping threads took: 0.0000218 seconds
18.369: [GC (Allocation Failure)  75905K->673K(417792K), 0.0005002 secs]
18.370: Total time for which application threads were stopped: 0.0006382 seconds, Stopping threads took: 0.0000219 seconds
18.416: [GC (Allocation Failure)  74913K->577K(416768K), 0.0005993 secs]
18.417: Total time for which application threads were stopped: 0.0007477 seconds, Stopping threads took: 0.0000225 seconds
18.468: [GC (Allocation Failure)  73793K->705K(415744K), 0.0005333 secs]
18.469: Total time for which application threads were stopped: 0.0006717 seconds, Stopping threads took: 0.0000215 seconds
18.519: [GC (Allocation Failure)  72897K->641K(414720K), 0.0005455 secs]
18.520: Total time for which application threads were stopped: 0.0006982 seconds, Stopping threads took: 0.0000224 seconds
18.565: [GC (Allocation Failure)  71809K->609K(413696K), 0.0004346 secs]
18.565: Total time for which application threads were stopped: 0.0005647 seconds, Stopping threads took: 0.0000284 seconds
18.614: [GC (Allocation Failure)  70753K->705K(412672K), 0.0005018 secs]
18.614: Total time for which application threads were stopped: 0.0006318 seconds, Stopping threads took: 0.0000204 seconds
18.657: [GC (Allocation Failure)  69825K->641K(411648K), 0.0005539 secs]
18.658: Total time for which application threads were stopped: 0.0007144 seconds, Stopping threads took: 0.0000304 seconds
18.706: [GC (Allocation Failure)  68737K->641K(410624K), 0.0004872 secs]
18.707: Total time for which application threads were stopped: 0.0006053 seconds, Stopping threads took: 0.0000203 seconds
18.752: [GC (Allocation Failure)  67713K->641K(409600K), 0.0004777 secs]
18.753: Total time for which application threads were stopped: 0.0006188 seconds, Stopping threads took: 0.0000272 seconds
18.794: [GC (Allocation Failure)  66689K->641K(408576K), 0.0005114 secs]
18.794: Total time for which application threads were stopped: 0.0006295 seconds, Stopping threads took: 0.0000191 seconds
18.840: [GC (Allocation Failure)  65665K->673K(407552K), 0.0005283 secs]
18.841: Total time for which application threads were stopped: 0.0006438 seconds, Stopping threads took: 0.0000188 seconds
18.887: [GC (Allocation Failure)  64673K->641K(406528K), 0.0004176 secs]
18.887: Total time for which application threads were stopped: 0.0005343 seconds, Stopping threads took: 0.0000200 seconds
18.931: [GC (Allocation Failure)  63617K->641K(405504K), 0.0005066 secs]
18.932: Total time for which application threads were stopped: 0.0006148 seconds, Stopping threads took: 0.0000169 seconds
18.971: [GC (Allocation Failure)  62593K->705K(404992K), 0.0005311 secs]
18.972: Total time for which application threads were stopped: 0.0006702 seconds, Stopping threads took: 0.0000490 seconds
19.015: [GC (Allocation Failure)  62145K->641K(404480K), 0.0004797 secs]
19.015: Total time for which application threads were stopped: 0.0005971 seconds, Stopping threads took: 0.0000199 seconds
19.054: [GC (Allocation Failure)  61569K->641K(403968K), 0.0004378 secs]
19.054: Total time for which application threads were stopped: 0.0005565 seconds, Stopping threads took: 0.0000194 seconds
19.097: [GC (Allocation Failure)  61057K->673K(403456K), 0.0004593 secs]
19.097: Total time for which application threads were stopped: 0.0005756 seconds, Stopping threads took: 0.0000191 seconds
19.135: [GC (Allocation Failure)  60577K->641K(415744K), 0.0005168 secs]
19.135: Total time for which application threads were stopped: 0.0006359 seconds, Stopping threads took: 0.0000190 seconds
19.180: [GC (Allocation Failure)  72833K->641K(414720K), 0.0004883 secs]
19.181: Total time for which application threads were stopped: 0.0006078 seconds, Stopping threads took: 0.0000195 seconds
19.232: [GC (Allocation Failure)  71809K->609K(413696K), 0.0006248 secs]
19.232: Total time for which application threads were stopped: 0.0007429 seconds, Stopping threads took: 0.0000194 seconds
19.276: [GC (Allocation Failure)  70753K->641K(428032K), 0.0005918 secs]
19.277: Total time for which application threads were stopped: 0.0007163 seconds, Stopping threads took: 0.0000279 seconds
19.329: [GC (Allocation Failure)  85121K->609K(426496K), 0.0005423 secs]
19.330: Total time for which application threads were stopped: 0.0006582 seconds, Stopping threads took: 0.0000194 seconds
19.388: [GC (Allocation Failure)  83553K->673K(424960K), 0.0004895 secs]
19.389: Total time for which application threads were stopped: 0.0006169 seconds, Stopping threads took: 0.0000273 seconds
19.445: [GC (Allocation Failure)  82081K->673K(423424K), 0.0004690 secs]
19.445: Total time for which application threads were stopped: 0.0005882 seconds, Stopping threads took: 0.0000190 seconds
19.495: [GC (Allocation Failure)  80545K->673K(422400K), 0.0005146 secs]
19.496: Total time for which application threads were stopped: 0.0006522 seconds, Stopping threads took: 0.0000197 seconds
19.546: [GC (Allocation Failure)  79521K->673K(421376K), 0.0004346 secs]
19.546: Total time for which application threads were stopped: 0.0005531 seconds, Stopping threads took: 0.0000197 seconds
19.600: [GC (Allocation Failure)  78497K->641K(420352K), 0.0004428 secs]
19.600: Total time for which application threads were stopped: 0.0005559 seconds, Stopping threads took: 0.0000257 seconds
19.649: [GC (Allocation Failure)  77441K->641K(419328K), 0.0005548 secs]
19.649: Total time for which application threads were stopped: 0.0006764 seconds, Stopping threads took: 0.0000195 seconds
19.697: [GC (Allocation Failure)  76417K->673K(418304K), 0.0005222 secs]
19.697: Total time for which application threads were stopped: 0.0006439 seconds, Stopping threads took: 0.0000196 seconds
19.749: [GC (Allocation Failure)  75425K->673K(417280K), 0.0005552 secs]
19.750: Total time for which application threads were stopped: 0.0006893 seconds, Stopping threads took: 0.0000212 seconds
19.796: [GC (Allocation Failure)  74401K->673K(416256K), 0.0004446 secs]
19.797: Total time for which application threads were stopped: 0.0005728 seconds, Stopping threads took: 0.0000217 seconds
19.846: [GC (Allocation Failure)  73377K->641K(415232K), 0.0004691 secs]
19.846: Total time for which application threads were stopped: 0.0005838 seconds, Stopping threads took: 0.0000189 seconds
19.896: [GC (Allocation Failure)  72321K->641K(414208K), 0.0004806 secs]
19.896: Total time for which application threads were stopped: 0.0006047 seconds, Stopping threads took: 0.0000271 seconds
19.944: [GC (Allocation Failure)  71297K->609K(413184K), 0.0004443 secs]
19.944: Total time for which application threads were stopped: 0.0005604 seconds, Stopping threads took: 0.0000201 seconds
19.988: [GC (Allocation Failure)  70241K->641K(412160K), 0.0005284 secs]
19.988: Total time for which application threads were stopped: 0.0006557 seconds, Stopping threads took: 0.0000279 seconds
20.037: [GC (Allocation Failure)  69249K->705K(411136K), 0.0005195 secs]
20.038: Total time for which application threads were stopped: 0.0006615 seconds, Stopping threads took: 0.0000272 seconds
20.080: [GC (Allocation Failure)  68289K->705K(410112K), 0.0006164 secs]
20.081: Total time for which application threads were stopped: 0.0007588 seconds, Stopping threads took: 0.0000294 seconds
20.128: [GC (Allocation Failure)  67265K->641K(409088K), 0.0004917 secs]
20.128: Total time for which application threads were stopped: 0.0006180 seconds, Stopping threads took: 0.0000254 seconds
20.169: [GC (Allocation Failure)  66177K->641K(408064K), 0.0004516 secs]
20.170: Total time for which application threads were stopped: 0.0005695 seconds, Stopping threads took: 0.0000188 seconds
20.211: [GC (Allocation Failure)  65153K->609K(407040K), 0.0004581 secs]
20.212: Total time for which application threads were stopped: 0.0005920 seconds, Stopping threads took: 0.0000172 seconds
20.252: [GC (Allocation Failure)  64097K->673K(406016K), 0.0005064 secs]
20.252: Total time for which application threads were stopped: 0.0006264 seconds, Stopping threads took: 0.0000198 seconds
20.292: [GC (Allocation Failure)  63137K->609K(405504K), 0.0004589 secs]
20.292: Total time for which application threads were stopped: 0.0005887 seconds, Stopping threads took: 0.0000287 seconds
20.331: [GC (Allocation Failure)  62561K->673K(418304K), 0.0005952 secs]
20.332: Total time for which application threads were stopped: 0.0007196 seconds, Stopping threads took: 0.0000196 seconds
20.383: [GC (Allocation Failure)  75425K->705K(433664K), 0.0005217 secs]
20.383: Total time for which application threads were stopped: 0.0006705 seconds, Stopping threads took: 0.0000223 seconds
20.446: [GC (Allocation Failure)  90817K->609K(432128K), 0.0005527 secs]
20.447: Total time for which application threads were stopped: 0.0006728 seconds, Stopping threads took: 0.0000199 seconds
20.508: [GC (Allocation Failure)  89185K->673K(430592K), 0.0004938 secs]
20.509: Total time for which application threads were stopped: 0.0005987 seconds, Stopping threads took: 0.0000169 seconds
20.564: [GC (Allocation Failure)  87713K->641K(429056K), 0.0004141 secs]
20.564: Total time for which application threads were stopped: 0.0005489 seconds, Stopping threads took: 0.0000262 seconds
20.621: [GC (Allocation Failure)  86145K->673K(427520K), 0.0004856 secs]
20.621: Total time for which application threads were stopped: 0.0006093 seconds, Stopping threads took: 0.0000203 seconds
20.674: [GC (Allocation Failure)  84641K->673K(425984K), 0.0004867 secs]
20.674: Total time for which application threads were stopped: 0.0006058 seconds, Stopping threads took: 0.0000187 seconds
20.725: [GC (Allocation Failure)  83105K->641K(424448K), 0.0005689 secs]
20.726: Total time for which application threads were stopped: 0.0006973 seconds, Stopping threads took: 0.0000273 seconds
20.782: [GC (Allocation Failure)  81537K->641K(422912K), 0.0004662 secs]
20.783: Total time for which application threads were stopped: 0.0005934 seconds, Stopping threads took: 0.0000212 seconds
20.833: [GC (Allocation Failure)  80001K->609K(421888K), 0.0004867 secs]
20.833: Total time for which application threads were stopped: 0.0006187 seconds, Stopping threads took: 0.0000271 seconds
20.882: [GC (Allocation Failure)  78945K->609K(420864K), 0.0005825 secs]
20.883: Total time for which application threads were stopped: 0.0007019 seconds, Stopping threads took: 0.0000193 seconds
20.931: [GC (Allocation Failure)  77921K->705K(419840K), 0.0005160 secs]
20.931: Total time for which application threads were stopped: 0.0006417 seconds, Stopping threads took: 0.0000274 seconds
20.979: [GC (Allocation Failure)  76993K->673K(418816K), 0.0005088 secs]
20.980: Total time for which application threads were stopped: 0.0006414 seconds, Stopping threads took: 0.0000275 seconds
21.026: [GC (Allocation Failure)  75937K->641K(417792K), 0.0004933 secs]
21.027: Total time for which application threads were stopped: 0.0006102 seconds, Stopping threads took: 0.0000193 seconds
21.079: [GC (Allocation Failure)  74881K->641K(416768K), 0.0004931 secs]
21.080: Total time for which application threads were stopped: 0.0006049 seconds, Stopping threads took: 0.0000172 seconds
21.126: [GC (Allocation Failure)  73857K->609K(415744K), 0.0006498 secs]
21.126: Total time for which application threads were stopped: 0.0007780 seconds, Stopping threads took: 0.0000190 seconds
21.171: [GC (Allocation Failure)  72801K->641K(414720K), 0.0005468 secs]
21.172: Total time for which application threads were stopped: 0.0006760 seconds, Stopping threads took: 0.0000204 seconds
21.217: [GC (Allocation Failure)  71809K->609K(429056K), 0.0005643 secs]
21.218: Total time for which application threads were stopped: 0.0006974 seconds, Stopping threads took: 0.0000249 seconds
21.271: [GC (Allocation Failure)  86113K->641K(427520K), 0.0005066 secs]
21.272: Total time for which application threads were stopped: 0.0006484 seconds, Stopping threads took: 0.0000245 seconds
21.327: [GC (Allocation Failure)  84609K->641K(425984K), 0.0005172 secs]
21.328: Total time for which application threads were stopped: 0.0006385 seconds, Stopping threads took: 0.0000207 seconds
21.385: [GC (Allocation Failure)  83073K->641K(424448K), 0.0006051 secs]
21.386: Total time for which application threads were stopped: 0.0007579 seconds, Stopping threads took: 0.0000225 seconds
21.436: [GC (Allocation Failure)  81537K->641K(422912K), 0.0004459 secs]
21.437: Total time for which application threads were stopped: 0.0005614 seconds, Stopping threads took: 0.0000191 seconds
21.486: [GC (Allocation Failure)  80001K->641K(421888K), 0.0004948 secs]
21.487: Total time for which application threads were stopped: 0.0006452 seconds, Stopping threads took: 0.0000291 seconds
21.536: [GC (Allocation Failure)  78977K->705K(420864K), 0.0004499 secs]
21.536: Total time for which application threads were stopped: 0.0005804 seconds, Stopping threads took: 0.0000204 seconds
21.585: [GC (Allocation Failure)  78017K->641K(419840K), 0.0005643 secs]
21.585: Total time for which application threads were stopped: 0.0007011 seconds, Stopping threads took: 0.0000218 seconds
21.633: [GC (Allocation Failure)  76929K->673K(418816K), 0.0005068 secs]
21.633: Total time for which application threads were stopped: 0.0006495 seconds, Stopping threads took: 0.0000221 seconds
21.680: [GC (Allocation Failure)  75937K->641K(417792K), 0.0004656 secs]
21.681: Total time for which application threads were stopped: 0.0005839 seconds, Stopping threads took: 0.0000197 seconds
21.727: [GC (Allocation Failure)  74881K->609K(416768K), 0.0005346 secs]
21.727: Total time for which application threads were stopped: 0.0006513 seconds, Stopping threads took: 0.0000201 seconds
21.777: [GC (Allocation Failure)  73825K->705K(415744K), 0.0004158 secs]
21.778: Total time for which application threads were stopped: 0.0005245 seconds, Stopping threads took: 0.0000175 seconds
21.823: [GC (Allocation Failure)  72897K->641K(414720K), 0.0004251 secs]
21.824: Total time for which application threads were stopped: 0.0005337 seconds, Stopping threads took: 0.0000171 seconds
21.871: [GC (Allocation Failure)  71809K->673K(413696K), 0.0006457 secs]
21.872: Total time for which application threads were stopped: 0.0007662 seconds, Stopping threads took: 0.0000203 seconds
21.916: [GC (Allocation Failure)  70817K->673K(412672K), 0.0004932 secs]
21.917: Total time for which application threads were stopped: 0.0006157 seconds, Stopping threads took: 0.0000200 seconds
21.960: [GC (Allocation Failure)  69793K->577K(411648K), 0.0004909 secs]
21.961: Total time for which application threads were stopped: 0.0006282 seconds, Stopping threads took: 0.0000210 seconds
22.009: [GC (Allocation Failure)  68673K->705K(410624K), 0.0005345 secs]
22.010: Total time for which application threads were stopped: 0.0006884 seconds, Stopping threads took: 0.0000316 seconds
22.052: [GC (Allocation Failure)  67777K->641K(409600K), 0.0004893 secs]
22.053: Total time for which application threads were stopped: 0.0006217 seconds, Stopping threads took: 0.0000263 seconds
22.100: [GC (Allocation Failure)  66689K->737K(408576K), 0.0003901 secs]
22.100: Total time for which application threads were stopped: 0.0004968 seconds, Stopping threads took: 0.0000166 seconds
22.147: [GC (Allocation Failure)  65761K->641K(407552K), 0.0005431 secs]
22.147: Total time for which application threads were stopped: 0.0006519 seconds, Stopping threads took: 0.0000170 seconds
22.187: [GC (Allocation Failure)  64641K->641K(406528K), 0.0005736 secs]
22.188: Total time for which application threads were stopped: 0.0006915 seconds, Stopping threads took: 0.0000191 seconds
22.228: [GC (Allocation Failure)  63617K->641K(405504K), 0.0004705 secs]
22.229: Total time for which application threads were stopped: 0.0006076 seconds, Stopping threads took: 0.0000185 seconds
22.268: [GC (Allocation Failure)  62593K->641K(418304K), 0.0005105 secs]
22.269: Total time for which application threads were stopped: 0.0006448 seconds, Stopping threads took: 0.0000193 seconds
22.315: [GC (Allocation Failure)  75393K->673K(433664K), 0.0005701 secs]
22.316: Total time for which application threads were stopped: 0.0007139 seconds, Stopping threads took: 0.0000217 seconds
22.373: [GC (Allocation Failure)  90785K->673K(432128K), 0.0005126 secs]
22.373: Total time for which application threads were stopped: 0.0006599 seconds, Stopping threads took: 0.0000211 seconds
22.434: [GC (Allocation Failure)  89249K->641K(430592K), 0.0004667 secs]
22.435: Total time for which application threads were stopped: 0.0005942 seconds, Stopping threads took: 0.0000227 seconds
22.494: [GC (Allocation Failure)  87681K->705K(429056K), 0.0008047 secs]
22.495: Total time for which application threads were stopped: 0.0009299 seconds, Stopping threads took: 0.0000193 seconds
22.548: [GC (Allocation Failure)  86209K->737K(427520K), 0.0005949 secs]
22.549: Total time for which application threads were stopped: 0.0007194 seconds, Stopping threads took: 0.0000257 seconds
22.607: [GC (Allocation Failure)  84705K->705K(425984K), 0.0004773 secs]
22.608: Total time for which application threads were stopped: 0.0006046 seconds, Stopping threads took: 0.0000277 seconds
22.659: [GC (Allocation Failure)  83137K->705K(424448K), 0.0005664 secs]
22.660: Total time for which application threads were stopped: 0.0006837 seconds, Stopping threads took: 0.0000191 seconds
22.711: [GC (Allocation Failure)  81601K->673K(422912K), 0.0004900 secs]
22.711: Total time for which application threads were stopped: 0.0006161 seconds, Stopping threads took: 0.0000272 seconds
22.761: [GC (Allocation Failure)  80033K->673K(421888K), 0.0004705 secs]
22.761: Total time for which application threads were stopped: 0.0005978 seconds, Stopping threads took: 0.0000276 seconds
22.810: [GC (Allocation Failure)  79009K->641K(420864K), 0.0004927 secs]
22.811: Total time for which application threads were stopped: 0.0006200 seconds, Stopping threads took: 0.0000271 seconds
22.865: [GC (Allocation Failure)  77953K->673K(419840K), 0.0006253 secs]
22.866: Total time for which application threads were stopped: 0.0007467 seconds, Stopping threads took: 0.0000202 seconds
22.918: [GC (Allocation Failure)  76961K->641K(418816K), 0.0006239 secs]
22.919: Total time for which application threads were stopped: 0.0007639 seconds, Stopping threads took: 0.0000202 seconds
22.966: [GC (Allocation Failure)  75905K->673K(417792K), 0.0005029 secs]
22.966: Total time for which application threads were stopped: 0.0006453 seconds, Stopping threads took: 0.0000211 seconds
23.017: [GC (Allocation Failure)  74913K->705K(416768K), 0.0005438 secs]
23.017: Total time for which application threads were stopped: 0.0006818 seconds, Stopping threads took: 0.0000215 seconds
23.070: [GC (Allocation Failure)  73921K->673K(415744K), 0.0005391 secs]
23.070: Total time for which application threads were stopped: 0.0006679 seconds, Stopping threads took: 0.0000276 seconds
23.115: [GC (Allocation Failure)  72865K->705K(414720K), 0.0006428 secs]
23.116: Total time for which application threads were stopped: 0.0007780 seconds, Stopping threads took: 0.0000216 seconds
23.161: [GC (Allocation Failure)  71873K->673K(429056K), 0.0006414 secs]
23.162: Total time for which application threads were stopped: 0.0007971 seconds, Stopping threads took: 0.0000297 seconds
23.221: [GC (Allocation Failure)  86177K->609K(427520K), 0.0005234 secs]
23.221: Total time for which application threads were stopped: 0.0006406 seconds, Stopping threads took: 0.0000163 seconds
23.274: [GC (Allocation Failure)  84577K->641K(425984K), 0.0005064 secs]
23.274: Total time for which application threads were stopped: 0.0006536 seconds, Stopping threads took: 0.0000287 seconds
23.330: [GC (Allocation Failure)  83073K->673K(424448K), 0.0004943 secs]
23.331: Total time for which application threads were stopped: 0.0006611 seconds, Stopping threads took: 0.0000222 seconds
23.381: [GC (Allocation Failure)  81569K->641K(422912K), 0.0004974 secs]
23.382: Total time for which application threads were stopped: 0.0006294 seconds, Stopping threads took: 0.0000197 seconds
23.432: [GC (Allocation Failure)  80001K->705K(421888K), 0.0006082 secs]
23.432: Total time for which application threads were stopped: 0.0007399 seconds, Stopping threads took: 0.0000215 seconds
23.487: [GC (Allocation Failure)  79041K->641K(420864K), 0.0006514 secs]
23.488: Total time for which application threads were stopped: 0.0008084 seconds, Stopping threads took: 0.0000215 seconds
23.543: [GC (Allocation Failure)  77953K->641K(419840K), 0.0005214 secs]
23.544: Total time for which application threads were stopped: 0.0006553 seconds, Stopping threads took: 0.0000189 seconds
23.591: [GC (Allocation Failure)  76929K->641K(418816K), 0.0005735 secs]
23.592: Total time for which application threads were stopped: 0.0006994 seconds, Stopping threads took: 0.0000270 seconds
23.644: [GC (Allocation Failure)  75905K->609K(417792K), 0.0004671 secs]
23.644: Total time for which application threads were stopped: 0.0005942 seconds, Stopping threads took: 0.0000281 seconds
23.696: [GC (Allocation Failure)  74849K->673K(416768K), 0.0004621 secs]
23.697: Total time for which application threads were stopped: 0.0005859 seconds, Stopping threads took: 0.0000270 seconds
23.742: [GC (Allocation Failure)  73889K->673K(415744K), 0.0004752 secs]
23.743: Total time for which application threads were stopped: 0.0006204 seconds, Stopping threads took: 0.0000266 seconds
23.794: [GC (Allocation Failure)  72865K->641K(414720K), 0.0004959 secs]
23.795: Total time for which application threads were stopped: 0.0006017 seconds, Stopping threads took: 0.0000174 seconds
23.839: [GC (Allocation Failure)  71809K->705K(413696K), 0.0005312 secs]
23.840: Total time for which application threads were stopped: 0.0006350 seconds, Stopping threads took: 0.0000164 seconds
23.884: [GC (Allocation Failure)  70849K->641K(412672K), 0.0004617 secs]
23.885: Total time for which application threads were stopped: 0.0005822 seconds, Stopping threads took: 0.0000249 seconds
23.934: [GC (Allocation Failure)  69761K->673K(411648K), 0.0004856 secs]
23.935: Total time for which application threads were stopped: 0.0006251 seconds, Stopping threads took: 0.0000212 seconds
23.977: [GC (Allocation Failure)  68769K->609K(410624K), 0.0005174 secs]
23.978: Total time for which application threads were stopped: 0.0006492 seconds, Stopping threads took: 0.0000286 seconds
24.020: [GC (Allocation Failure)  67681K->673K(409600K), 0.0004922 secs]
24.021: Total time for which application threads were stopped: 0.0006245 seconds, Stopping threads took: 0.0000200 seconds
24.067: [GC (Allocation Failure)  66721K->673K(408576K), 0.0005228 secs]
24.067: Total time for which application threads were stopped: 0.0006633 seconds, Stopping threads took: 0.0000286 seconds
24.108: [GC (Allocation Failure)  65697K->609K(421888K), 0.0005932 secs]
24.108: Total time for which application threads were stopped: 0.0007471 seconds, Stopping threads took: 0.0000214 seconds
24.157: [GC (Allocation Failure)  78945K->705K(420864K), 0.0005481 secs]
24.158: Total time for which application threads were stopped: 0.0007037 seconds, Stopping threads took: 0.0000312 seconds
24.206: [GC (Allocation Failure)  78017K->641K(419840K), 0.0004078 secs]
24.207: Total time for which application threads were stopped: 0.0005236 seconds, Stopping threads took: 0.0000186 seconds
24.257: [GC (Allocation Failure)  76929K->673K(418816K), 0.0006598 secs]
24.258: Total time for which application threads were stopped: 0.0007916 seconds, Stopping threads took: 0.0000205 seconds
24.305: [GC (Allocation Failure)  75937K->705K(434176K), 0.0006449 secs]
24.305: Total time for which application threads were stopped: 0.0007765 seconds, Stopping threads took: 0.0000223 seconds
24.362: [GC (Allocation Failure)  91329K->609K(432640K), 0.0005619 secs]
24.362: Total time for which application threads were stopped: 0.0006857 seconds, Stopping threads took: 0.0000275 seconds
24.418: [GC (Allocation Failure)  89697K->673K(431104K), 0.0005814 secs]
24.418: Total time for which application threads were stopped: 0.0007152 seconds, Stopping threads took: 0.0000189 seconds
24.473: [GC (Allocation Failure)  88225K->641K(429568K), 0.0004825 secs]
24.473: Total time for which application threads were stopped: 0.0006034 seconds, Stopping threads took: 0.0000196 seconds
24.527: [GC (Allocation Failure)  86657K->673K(428032K), 0.0004872 secs]
24.528: Total time for which application threads were stopped: 0.0006285 seconds, Stopping threads took: 0.0000195 seconds
24.581: [GC (Allocation Failure)  85153K->673K(426496K), 0.0004609 secs]
24.582: Total time for which application threads were stopped: 0.0006192 seconds, Stopping threads took: 0.0000520 seconds
24.633: [GC (Allocation Failure)  83617K->673K(424960K), 0.0004883 secs]
24.634: Total time for which application threads were stopped: 0.0006031 seconds, Stopping threads took: 0.0000185 seconds
24.685: [GC (Allocation Failure)  82081K->609K(423424K), 0.0005657 secs]
24.685: Total time for which application threads were stopped: 0.0006807 seconds, Stopping threads took: 0.0000191 seconds
24.741: [GC (Allocation Failure)  80481K->673K(422400K), 0.0004765 secs]
24.741: Total time for which application threads were stopped: 0.0006023 seconds, Stopping threads took: 0.0000272 seconds
24.790: [GC (Allocation Failure)  79521K->673K(421376K), 0.0004509 secs]
24.791: Total time for which application threads were stopped: 0.0005811 seconds, Stopping threads took: 0.0000268 seconds
24.840: [GC (Allocation Failure)  78497K->609K(420352K), 0.0005407 secs]
24.840: Total time for which application threads were stopped: 0.0006624 seconds, Stopping threads took: 0.0000193 seconds
24.888: [GC (Allocation Failure)  77409K->609K(419328K), 0.0005959 secs]
24.889: Total time for which application threads were stopped: 0.0007174 seconds, Stopping threads took: 0.0000201 seconds
24.936: [GC (Allocation Failure)  76385K->673K(418304K), 0.0004907 secs]
24.937: Total time for which application threads were stopped: 0.0006291 seconds, Stopping threads took: 0.0000283 seconds
24.983: [GC (Allocation Failure)  75425K->705K(417280K), 0.0004810 secs]
24.984: Total time for which application threads were stopped: 0.0006124 seconds, Stopping threads took: 0.0000289 seconds
25.035: [GC (Allocation Failure)  74433K->737K(416256K), 0.0004229 secs]
25.036: Total time for which application threads were stopped: 0.0005571 seconds, Stopping threads took: 0.0000278 seconds
25.082: [GC (Allocation Failure)  73441K->705K(415232K), 0.0004761 secs]
25.082: Total time for which application threads were stopped: 0.0006076 seconds, Stopping threads took: 0.0000254 seconds
25.127: [GC (Allocation Failure)  72385K->609K(414208K), 0.0005140 secs]
25.128: Total time for which application threads were stopped: 0.0006519 seconds, Stopping threads took: 0.0000283 seconds
25.178: [GC (Allocation Failure)  71265K->641K(413184K), 0.0004496 secs]
25.179: Total time for which application threads were stopped: 0.0005772 seconds, Stopping threads took: 0.0000219 seconds
25.223: [GC (Allocation Failure)  70273K->673K(412160K), 0.0004518 secs]
25.224: Total time for which application threads were stopped: 0.0005849 seconds, Stopping threads took: 0.0000336 seconds
25.268: [GC (Allocation Failure)  69281K->641K(411136K), 0.0005692 secs]
25.269: Total time for which application threads were stopped: 0.0007090 seconds, Stopping threads took: 0.0000287 seconds
25.316: [GC (Allocation Failure)  68225K->673K(424960K), 0.0007115 secs]
25.317: Total time for which application threads were stopped: 0.0008359 seconds, Stopping threads took: 0.0000220 seconds
25.368: [GC (Allocation Failure)  82081K->673K(423424K), 0.0005586 secs]
25.368: Total time for which application threads were stopped: 0.0006649 seconds, Stopping threads took: 0.0000170 seconds
25.418: [GC (Allocation Failure)  80545K->641K(422400K), 0.0004811 secs]
25.419: Total time for which application threads were stopped: 0.0005913 seconds, Stopping threads took: 0.0000174 seconds
25.473: [GC (Allocation Failure)  79489K->641K(421376K), 0.0005840 secs]
25.473: Total time for which application threads were stopped: 0.0007014 seconds, Stopping threads took: 0.0000193 seconds
25.522: [GC (Allocation Failure)  78465K->641K(420352K), 0.0004825 secs]
25.523: Total time for which application threads were stopped: 0.0006020 seconds, Stopping threads took: 0.0000201 seconds
25.572: [GC (Allocation Failure)  77441K->641K(419328K), 0.0004127 secs]
25.573: Total time for which application threads were stopped: 0.0005411 seconds, Stopping threads took: 0.0000263 seconds
25.620: [GC (Allocation Failure)  76417K->673K(418304K), 0.0007401 secs]
25.621: Total time for which application threads were stopped: 0.0008840 seconds, Stopping threads took: 0.0000216 seconds
25.668: [GC (Allocation Failure)  75425K->609K(433664K), 0.0006037 secs]
25.669: Total time for which application threads were stopped: 0.0007562 seconds, Stopping threads took: 0.0000214 seconds
25.730: [GC (Allocation Failure)  90721K->609K(432128K), 0.0006318 secs]
25.731: Total time for which application threads were stopped: 0.0007689 seconds, Stopping threads took: 0.0000227 seconds
25.791: [GC (Allocation Failure)  89185K->641K(430592K), 0.0005214 secs]
25.792: Total time for which application threads were stopped: 0.0006668 seconds, Stopping threads took: 0.0000297 seconds
25.846: [GC (Allocation Failure)  87681K->705K(429056K), 0.0006797 secs]
25.847: Total time for which application threads were stopped: 0.0008074 seconds, Stopping threads took: 0.0000275 seconds
25.900: [GC (Allocation Failure)  86209K->705K(427520K), 0.0005545 secs]
25.901: Total time for which application threads were stopped: 0.0006976 seconds, Stopping threads took: 0.0000216 seconds
25.953: [GC (Allocation Failure)  84673K->673K(425984K), 0.0006137 secs]
25.954: Total time for which application threads were stopped: 0.0007609 seconds, Stopping threads took: 0.0000227 seconds
26.010: [GC (Allocation Failure)  83105K->705K(424448K), 0.0004916 secs]
26.011: Total time for which application threads were stopped: 0.0006139 seconds, Stopping threads took: 0.0000198 seconds
26.069: [GC (Allocation Failure)  81601K->641K(422912K), 0.0004653 secs]
26.070: Total time for which application threads were stopped: 0.0005885 seconds, Stopping threads took: 0.0000259 seconds
26.122: [GC (Allocation Failure)  80001K->641K(421888K), 0.0004952 secs]
26.123: Total time for which application threads were stopped: 0.0006627 seconds, Stopping threads took: 0.0000215 seconds
26.175: [GC (Allocation Failure)  78977K->737K(420864K), 0.0004750 secs]
26.175: Total time for which application threads were stopped: 0.0005941 seconds, Stopping threads took: 0.0000193 seconds
26.225: [GC (Allocation Failure)  78049K->609K(419840K), 0.0004886 secs]
26.225: Total time for which application threads were stopped: 0.0006060 seconds, Stopping threads took: 0.0000184 seconds
26.273: [GC (Allocation Failure)  76897K->705K(418816K), 0.0005260 secs]
26.274: Total time for which application threads were stopped: 0.0006475 seconds, Stopping threads took: 0.0000204 seconds
26.324: [GC (Allocation Failure)  75969K->705K(417792K), 0.0005465 secs]
26.325: Total time for which application threads were stopped: 0.0006657 seconds, Stopping threads took: 0.0000195 seconds
26.371: [GC (Allocation Failure)  74945K->673K(416768K), 0.0005110 secs]
26.372: Total time for which application threads were stopped: 0.0006250 seconds, Stopping threads took: 0.0000272 seconds
26.424: [GC (Allocation Failure)  73889K->609K(415744K), 0.0004415 secs]
26.425: Total time for which application threads were stopped: 0.0005485 seconds, Stopping threads took: 0.0000171 seconds
26.470: [GC (Allocation Failure)  72801K->641K(414720K), 0.0004583 secs]
26.470: Total time for which application threads were stopped: 0.0005683 seconds, Stopping threads took: 0.0000170 seconds
26.518: [GC (Allocation Failure)  71809K->673K(413696K), 0.0004469 secs]
26.519: Total time for which application threads were stopped: 0.0005686 seconds, Stopping threads took: 0.0000197 seconds
26.563: [GC (Allocation Failure)  70817K->673K(412672K), 0.0004678 secs]
26.563: Total time for which application threads were stopped: 0.0005987 seconds, Stopping threads took: 0.0000190 seconds
26.611: [GC (Allocation Failure)  69793K->673K(411648K), 0.0005641 secs]
26.611: Total time for which application threads were stopped: 0.0007053 seconds, Stopping threads took: 0.0000288 seconds
26.654: [GC (Allocation Failure)  68769K->641K(410624K), 0.0006604 secs]
26.654: Total time for which application threads were stopped: 0.0008152 seconds, Stopping threads took: 0.0000228 seconds
26.702: [GC (Allocation Failure)  67713K->641K(409600K), 0.0005065 secs]
26.702: Total time for which application threads were stopped: 0.0006204 seconds, Stopping threads took: 0.0000185 seconds
26.749: [GC (Allocation Failure)  66689K->673K(408576K), 0.0004523 secs]
26.749: Total time for which application threads were stopped: 0.0005728 seconds, Stopping threads took: 0.0000197 seconds
26.790: [GC (Allocation Failure)  65697K->673K(421888K), 0.0006603 secs]
26.791: Total time for which application threads were stopped: 0.0007976 seconds, Stopping threads took: 0.0000296 seconds
26.846: [GC (Allocation Failure)  79009K->641K(420864K), 0.0004894 secs]
26.846: Total time for which application threads were stopped: 0.0006347 seconds, Stopping threads took: 0.0000272 seconds
26.895: [GC (Allocation Failure)  77953K->673K(419840K), 0.0004833 secs]
26.895: Total time for which application threads were stopped: 0.0006427 seconds, Stopping threads took: 0.0000297 seconds
26.943: [GC (Allocation Failure)  76961K->737K(435200K), 0.0007104 secs]
26.944: Total time for which application threads were stopped: 0.0008509 seconds, Stopping threads took: 0.0000215 seconds
27.001: [GC (Allocation Failure)  92385K->609K(433664K), 0.0004535 secs]
27.001: Total time for which application threads were stopped: 0.0005794 seconds, Stopping threads took: 0.0000222 seconds
27.064: [GC (Allocation Failure)  90721K->609K(432128K), 0.0004771 secs]
27.064: Total time for which application threads were stopped: 0.0005986 seconds, Stopping threads took: 0.0000201 seconds
27.120: [GC (Allocation Failure)  89185K->641K(430592K), 0.0005073 secs]
27.120: Total time for which application threads were stopped: 0.0006456 seconds, Stopping threads took: 0.0000205 seconds
27.175: [GC (Allocation Failure)  87681K->673K(429056K), 0.0005803 secs]
27.176: Total time for which application threads were stopped: 0.0007153 seconds, Stopping threads took: 0.0000216 seconds
27.235: [GC (Allocation Failure)  86177K->641K(427520K), 0.0004902 secs]
27.236: Total time for which application threads were stopped: 0.0006344 seconds, Stopping threads took: 0.0000269 seconds
27.288: [GC (Allocation Failure)  84609K->737K(425984K), 0.0004622 secs]
27.288: Total time for which application threads were stopped: 0.0005860 seconds, Stopping threads took: 0.0000272 seconds
27.345: [GC (Allocation Failure)  83169K->641K(424448K), 0.0005649 secs]
27.346: Total time for which application threads were stopped: 0.0006835 seconds, Stopping threads took: 0.0000200 seconds
27.396: [GC (Allocation Failure)  81537K->673K(422912K), 0.0004779 secs]
27.397: Total time for which application threads were stopped: 0.0006065 seconds, Stopping threads took: 0.0000278 seconds
27.446: [GC (Allocation Failure)  80033K->673K(421888K), 0.0004095 secs]
27.447: Total time for which application threads were stopped: 0.0005291 seconds, Stopping threads took: 0.0000198 seconds
27.496: [GC (Allocation Failure)  79009K->673K(420864K), 0.0005901 secs]
27.496: Total time for which application threads were stopped: 0.0007233 seconds, Stopping threads took: 0.0000237 seconds
27.551: [GC (Allocation Failure)  77985K->641K(419840K), 0.0003854 secs]
27.551: Total time for which application threads were stopped: 0.0004953 seconds, Stopping threads took: 0.0000243 seconds
27.599: [GC (Allocation Failure)  76929K->609K(418816K), 0.0006388 secs]
27.600: Total time for which application threads were stopped: 0.0007570 seconds, Stopping threads took: 0.0000191 seconds
27.652: [GC (Allocation Failure)  75873K->673K(417792K), 0.0005186 secs]
27.653: Total time for which application threads were stopped: 0.0006573 seconds, Stopping threads took: 0.0000280 seconds
27.700: [GC (Allocation Failure)  74913K->673K(416768K), 0.0005126 secs]
27.700: Total time for which application threads were stopped: 0.0006591 seconds, Stopping threads took: 0.0000296 seconds
27.746: [GC (Allocation Failure)  73889K->673K(415744K), 0.0004981 secs]
27.747: Total time for which application threads were stopped: 0.0006456 seconds, Stopping threads took: 0.0000301 seconds
27.792: [GC (Allocation Failure)  72865K->641K(414720K), 0.0005371 secs]
27.793: Total time for which application threads were stopped: 0.0006835 seconds, Stopping threads took: 0.0000224 seconds
27.843: [GC (Allocation Failure)  71809K->641K(413696K), 0.0005394 secs]
27.843: Total time for which application threads were stopped: 0.0006891 seconds, Stopping threads took: 0.0000229 seconds
27.893: [GC (Allocation Failure)  70785K->673K(412672K), 0.0004679 secs]
27.894: Total time for which application threads were stopped: 0.0006082 seconds, Stopping threads took: 0.0000311 seconds
27.942: [GC (Allocation Failure)  69793K->641K(411648K), 0.0006188 secs]
27.943: Total time for which application threads were stopped: 0.0007561 seconds, Stopping threads took: 0.0000198 seconds
27.990: [GC (Allocation Failure)  68737K->673K(410624K), 0.0005225 secs]
27.991: Total time for which application threads were stopped: 0.0006497 seconds, Stopping threads took: 0.0000279 seconds
28.040: [GC (Allocation Failure)  67745K->737K(409600K), 0.0003810 secs]
28.040: Total time for which application threads were stopped: 0.0005011 seconds, Stopping threads took: 0.0000164 seconds
28.085: [GC (Allocation Failure)  66785K->641K(408576K), 0.0005535 secs]
28.086: Total time for which application threads were stopped: 0.0006750 seconds, Stopping threads took: 0.0000198 seconds
28.126: [GC (Allocation Failure)  65665K->641K(407552K), 0.0004760 secs]
28.127: Total time for which application threads were stopped: 0.0005957 seconds, Stopping threads took: 0.0000189 seconds
28.167: [GC (Allocation Failure)  64641K->673K(420352K), 0.0007289 secs]
28.168: Total time for which application threads were stopped: 0.0008604 seconds, Stopping threads took: 0.0000204 seconds
28.216: [GC (Allocation Failure)  77473K->609K(435712K), 0.0004360 secs]
28.216: Total time for which application threads were stopped: 0.0005811 seconds, Stopping threads took: 0.0000250 seconds
28.277: [GC (Allocation Failure)  92769K->609K(434176K), 0.0004992 secs]
28.277: Total time for which application threads were stopped: 0.0006040 seconds, Stopping threads took: 0.0000167 seconds
28.334: [GC (Allocation Failure)  91233K->705K(432640K), 0.0006744 secs]
28.335: Total time for which application threads were stopped: 0.0008031 seconds, Stopping threads took: 0.0000205 seconds
28.390: [GC (Allocation Failure)  89793K->641K(431104K), 0.0005309 secs]
28.391: Total time for which application threads were stopped: 0.0006895 seconds, Stopping threads took: 0.0000215 seconds
28.449: [GC (Allocation Failure)  88193K->673K(429568K), 0.0005238 secs]
28.450: Total time for which application threads were stopped: 0.0006676 seconds, Stopping threads took: 0.0000215 seconds
28.504: [GC (Allocation Failure)  86689K->673K(428032K), 0.0005803 secs]
28.504: Total time for which application threads were stopped: 0.0007010 seconds, Stopping threads took: 0.0000198 seconds
28.563: [GC (Allocation Failure)  85153K->673K(426496K), 0.0004876 secs]
28.564: Total time for which application threads were stopped: 0.0006491 seconds, Stopping threads took: 0.0000267 seconds
28.615: [GC (Allocation Failure)  83617K->641K(424960K), 0.0005258 secs]
28.616: Total time for which application threads were stopped: 0.0006491 seconds, Stopping threads took: 0.0000211 seconds
28.670: [GC (Allocation Failure)  82049K->609K(423424K), 0.0006522 secs]
28.671: Total time for which application threads were stopped: 0.0008030 seconds, Stopping threads took: 0.0000205 seconds
28.721: [GC (Allocation Failure)  80481K->673K(422400K), 0.0004563 secs]
28.721: Total time for which application threads were stopped: 0.0005773 seconds, Stopping threads took: 0.0000196 seconds
28.770: [GC (Allocation Failure)  79521K->641K(421376K), 0.0006584 secs]
28.771: Total time for which application threads were stopped: 0.0007819 seconds, Stopping threads took: 0.0000196 seconds
28.823: [GC (Allocation Failure)  78465K->705K(420352K), 0.0004677 secs]
28.824: Total time for which application threads were stopped: 0.0006028 seconds, Stopping threads took: 0.0000215 seconds
28.879: [GC (Allocation Failure)  77505K->673K(419328K), 0.0005442 secs]
28.879: Total time for which application threads were stopped: 0.0006711 seconds, Stopping threads took: 0.0000204 seconds
28.927: [GC (Allocation Failure)  76449K->641K(418304K), 0.0005574 secs]
28.927: Total time for which application threads were stopped: 0.0007087 seconds, Stopping threads took: 0.0000293 seconds
28.974: [GC (Allocation Failure)  75393K->641K(417280K), 0.0005074 secs]
28.974: Total time for which application threads were stopped: 0.0006612 seconds, Stopping threads took: 0.0000300 seconds
29.026: [GC (Allocation Failure)  74369K->673K(416256K), 0.0004543 secs]
29.026: Total time for which application threads were stopped: 0.0005887 seconds, Stopping threads took: 0.0000299 seconds
29.072: [GC (Allocation Failure)  73377K->673K(415232K), 0.0004718 secs]
29.072: Total time for which application threads were stopped: 0.0006008 seconds, Stopping threads took: 0.0000287 seconds
29.117: [GC (Allocation Failure)  72353K->705K(414208K), 0.0005988 secs]
29.118: Total time for which application threads were stopped: 0.0007446 seconds, Stopping threads took: 0.0000215 seconds
29.162: [GC (Allocation Failure)  71361K->673K(428544K), 0.0006636 secs]
29.163: Total time for which application threads were stopped: 0.0007986 seconds, Stopping threads took: 0.0000213 seconds
29.216: [GC (Allocation Failure)  85665K->641K(427008K), 0.0004522 secs]
29.217: Total time for which application threads were stopped: 0.0005981 seconds, Stopping threads took: 0.0000263 seconds
29.269: [GC (Allocation Failure)  84097K->673K(425472K), 0.0004875 secs]
29.270: Total time for which application threads were stopped: 0.0006044 seconds, Stopping threads took: 0.0000191 seconds
29.320: [GC (Allocation Failure)  82593K->641K(423936K), 0.0006234 secs]
29.321: Total time for which application threads were stopped: 0.0007446 seconds, Stopping threads took: 0.0000188 seconds
29.375: [GC (Allocation Failure)  81025K->641K(422400K), 0.0004759 secs]
29.376: Total time for which application threads were stopped: 0.0006155 seconds, Stopping threads took: 0.0000285 seconds
29.428: [GC (Allocation Failure)  79489K->673K(421376K), 0.0005146 secs]
29.429: Total time for which application threads were stopped: 0.0006323 seconds, Stopping threads took: 0.0000196 seconds
29.481: [GC (Allocation Failure)  78497K->641K(420352K), 0.0005638 secs]
29.482: Total time for which application threads were stopped: 0.0006819 seconds, Stopping threads took: 0.0000200 seconds
29.530: [GC (Allocation Failure)  77441K->641K(419328K), 0.0004815 secs]
29.530: Total time for which application threads were stopped: 0.0006034 seconds, Stopping threads took: 0.0000205 seconds
29.582: [GC (Allocation Failure)  76417K->641K(418304K), 0.0007913 secs]
29.583: Total time for which application threads were stopped: 0.0009203 seconds, Stopping threads took: 0.0000196 seconds
29.636: [GC (Allocation Failure)  75393K->737K(433664K), 0.0007097 secs]
29.637: Total time for which application threads were stopped: 0.0008331 seconds, Stopping threads took: 0.0000198 seconds
29.693: [GC (Allocation Failure)  90849K->609K(452096K), 0.0006308 secs]
29.693: Total time for which application threads were stopped: 0.0007577 seconds, Stopping threads took: 0.0000273 seconds
29.761: [GC (Allocation Failure)  109153K->641K(450048K), 0.0005140 secs]
29.762: Total time for which application threads were stopped: 0.0006596 seconds, Stopping threads took: 0.0000271 seconds
29.832: [GC (Allocation Failure)  107137K->673K(448000K), 0.0004910 secs]
29.833: Total time for which application threads were stopped: 0.0006178 seconds, Stopping threads took: 0.0000218 seconds
29.898: [GC (Allocation Failure)  105121K->609K(445952K), 0.0005025 secs]
29.898: Total time for which application threads were stopped: 0.0006179 seconds, Stopping threads took: 0.0000198 seconds
29.967: [GC (Allocation Failure)  103009K->705K(443904K), 0.0004840 secs]
29.968: Total time for which application threads were stopped: 0.0006265 seconds, Stopping threads took: 0.0000194 seconds
30.030: [GC (Allocation Failure)  101057K->673K(441856K), 0.0005203 secs]
30.030: Total time for which application threads were stopped: 0.0006715 seconds, Stopping threads took: 0.0000296 seconds
30.097: [GC (Allocation Failure)  98977K->705K(439808K), 0.0004793 secs]
30.097: Total time for which application threads were stopped: 0.0006255 seconds, Stopping threads took: 0.0000225 seconds
30.157: [GC (Allocation Failure)  96961K->673K(437760K), 0.0004862 secs]
30.157: Total time for which application threads were stopped: 0.0006376 seconds, Stopping threads took: 0.0000308 seconds
30.222: [GC (Allocation Failure)  94881K->673K(436224K), 0.0004267 secs]
30.223: Total time for which application threads were stopped: 0.0005259 seconds, Stopping threads took: 0.0000144 seconds
30.284: [GC (Allocation Failure)  93345K->641K(434688K), 0.0004777 secs]
30.285: Total time for which application threads were stopped: 0.0005930 seconds, Stopping threads took: 0.0000194 seconds
30.347: [GC (Allocation Failure)  91777K->705K(433152K), 0.0007227 secs]
30.348: Total time for which application threads were stopped: 0.0008603 seconds, Stopping threads took: 0.0000206 seconds
30.407: [GC (Allocation Failure)  90305K->641K(431616K), 0.0005535 secs]
30.408: Total time for which application threads were stopped: 0.0006929 seconds, Stopping threads took: 0.0000300 seconds
30.467: [GC (Allocation Failure)  88705K->609K(430080K), 0.0007125 secs]
30.468: Total time for which application threads were stopped: 0.0008321 seconds, Stopping threads took: 0.0000203 seconds
30.528: [GC (Allocation Failure)  87137K->705K(428544K), 0.0005223 secs]
30.529: Total time for which application threads were stopped: 0.0006393 seconds, Stopping threads took: 0.0000192 seconds
30.590: [GC (Allocation Failure)  85697K->641K(427008K), 0.0004073 secs]
30.590: Total time for which application threads were stopped: 0.0005460 seconds, Stopping threads took: 0.0000207 seconds
30.647: [GC (Allocation Failure)  84097K->609K(425472K), 0.0004945 secs]
30.648: Total time for which application threads were stopped: 0.0006287 seconds, Stopping threads took: 0.0000185 seconds
30.699: [GC (Allocation Failure)  82529K->673K(423936K), 0.0005594 secs]
30.699: Total time for which application threads were stopped: 0.0006989 seconds, Stopping threads took: 0.0000222 seconds
30.755: [GC (Allocation Failure)  81057K->737K(422400K), 0.0005275 secs]
30.756: Total time for which application threads were stopped: 0.0006690 seconds, Stopping threads took: 0.0000284 seconds
30.805: [GC (Allocation Failure)  79585K->641K(421376K), 0.0004872 secs]
30.806: Total time for which application threads were stopped: 0.0006114 seconds, Stopping threads took: 0.0000273 seconds
30.858: [GC (Allocation Failure)  78465K->641K(420352K), 0.0005494 secs]
30.859: Total time for which application threads were stopped: 0.0006786 seconds, Stopping threads took: 0.0000274 seconds
30.907: [GC (Allocation Failure)  77441K->673K(419328K), 0.0004535 secs]
30.907: Total time for which application threads were stopped: 0.0005808 seconds, Stopping threads took: 0.0000275 seconds
30.955: [GC (Allocation Failure)  76449K->673K(418304K), 0.0006447 secs]
30.955: Total time for which application threads were stopped: 0.0007966 seconds, Stopping threads took: 0.0000296 seconds
31.009: [GC (Allocation Failure)  75425K->673K(417280K), 0.0004649 secs]
31.009: Total time for which application threads were stopped: 0.0005885 seconds, Stopping threads took: 0.0000279 seconds
31.056: [GC (Allocation Failure)  74401K->641K(416256K), 0.0004743 secs]
31.056: Total time for which application threads were stopped: 0.0006123 seconds, Stopping threads took: 0.0000171 seconds
31.102: [GC (Allocation Failure)  73345K->641K(415232K), 0.0004929 secs]
31.102: Total time for which application threads were stopped: 0.0006410 seconds, Stopping threads took: 0.0000288 seconds
31.147: [GC (Allocation Failure)  72321K->673K(414208K), 0.0005111 secs]
31.148: Total time for which application threads were stopped: 0.0006643 seconds, Stopping threads took: 0.0000219 seconds
31.197: [GC (Allocation Failure)  71329K->705K(413184K), 0.0005785 secs]
31.197: Total time for which application threads were stopped: 0.0007087 seconds, Stopping threads took: 0.0000229 seconds
31.248: [GC (Allocation Failure)  70337K->641K(412160K), 0.0004624 secs]
31.248: Total time for which application threads were stopped: 0.0005835 seconds, Stopping threads took: 0.0000199 seconds
31.294: [GC (Allocation Failure)  69249K->673K(411136K), 0.0005136 secs]
31.295: Total time for which application threads were stopped: 0.0006422 seconds, Stopping threads took: 0.0000220 seconds
31.337: [GC (Allocation Failure)  68257K->641K(410112K), 0.0006071 secs]
31.337: Total time for which application threads were stopped: 0.0007315 seconds, Stopping threads took: 0.0000201 seconds
31.379: [GC (Allocation Failure)  67201K->609K(409088K), 0.0004593 secs]
31.380: Total time for which application threads were stopped: 0.0005907 seconds, Stopping threads took: 0.0000198 seconds
31.420: [GC (Allocation Failure)  66145K->577K(422400K), 0.0005730 secs]
31.421: Total time for which application threads were stopped: 0.0006822 seconds, Stopping threads took: 0.0000173 seconds
31.470: [GC (Allocation Failure)  79425K->641K(438272K), 0.0006370 secs]
31.471: Total time for which application threads were stopped: 0.0007708 seconds, Stopping threads took: 0.0000202 seconds
31.533: [GC (Allocation Failure)  95361K->673K(436736K), 0.0004506 secs]
31.534: Total time for which application threads were stopped: 0.0005729 seconds, Stopping threads took: 0.0000206 seconds
31.592: [GC (Allocation Failure)  93857K->641K(435200K), 0.0004719 secs]
31.593: Total time for which application threads were stopped: 0.0005860 seconds, Stopping threads took: 0.0000166 seconds
31.650: [GC (Allocation Failure)  92289K->705K(433664K), 0.0005112 secs]
31.651: Total time for which application threads were stopped: 0.0006288 seconds, Stopping threads took: 0.0000196 seconds
31.712: [GC (Allocation Failure)  90817K->641K(432128K), 0.0004543 secs]
31.712: Total time for which application threads were stopped: 0.0005628 seconds, Stopping threads took: 0.0000177 seconds
31.768: [GC (Allocation Failure)  89217K->705K(430592K), 0.0005509 secs]
31.768: Total time for which application threads were stopped: 0.0006512 seconds, Stopping threads took: 0.0000174 seconds
31.828: [GC (Allocation Failure)  87745K->641K(429056K), 0.0005049 secs]
31.829: Total time for which application threads were stopped: 0.0006397 seconds, Stopping threads took: 0.0000247 seconds
31.887: [GC (Allocation Failure)  86145K->673K(427520K), 0.0005122 secs]
31.888: Total time for which application threads were stopped: 0.0006525 seconds, Stopping threads took: 0.0000280 seconds
31.940: [GC (Allocation Failure)  84641K->641K(425984K), 0.0005391 secs]
31.941: Total time for which application threads were stopped: 0.0006667 seconds, Stopping threads took: 0.0000275 seconds
31.998: [GC (Allocation Failure)  83073K->673K(424448K), 0.0005182 secs]
31.998: Total time for which application threads were stopped: 0.0006579 seconds, Stopping threads took: 0.0000212 seconds
32.049: [GC (Allocation Failure)  81569K->705K(422912K), 0.0004235 secs]
32.050: Total time for which application threads were stopped: 0.0005651 seconds, Stopping threads took: 0.0000192 seconds
32.100: [GC (Allocation Failure)  80065K->641K(421888K), 0.0004704 secs]
32.100: Total time for which application threads were stopped: 0.0006044 seconds, Stopping threads took: 0.0000197 seconds
32.155: [GC (Allocation Failure)  78977K->705K(420864K), 0.0004836 secs]
32.155: Total time for which application threads were stopped: 0.0006195 seconds, Stopping threads took: 0.0000212 seconds
32.208: [GC (Allocation Failure)  78017K->609K(419840K), 0.0004929 secs]
32.208: Total time for which application threads were stopped: 0.0006131 seconds, Stopping threads took: 0.0000248 seconds
32.257: [GC (Allocation Failure)  76897K->737K(418816K), 0.0004842 secs]
32.258: Total time for which application threads were stopped: 0.0006094 seconds, Stopping threads took: 0.0000276 seconds
32.305: [GC (Allocation Failure)  76001K->641K(417792K), 0.0005613 secs]
32.305: Total time for which application threads were stopped: 0.0006770 seconds, Stopping threads took: 0.0000188 seconds
32.351: [GC (Allocation Failure)  74881K->641K(416768K), 0.0004945 secs]
32.352: Total time for which application threads were stopped: 0.0006120 seconds, Stopping threads took: 0.0000195 seconds
32.401: [GC (Allocation Failure)  73857K->641K(415744K), 0.0005698 secs]
32.402: Total time for which application threads were stopped: 0.0006911 seconds, Stopping threads took: 0.0000198 seconds
32.447: [GC (Allocation Failure)  72833K->673K(414720K), 0.0005200 secs]
32.447: Total time for which application threads were stopped: 0.0006401 seconds, Stopping threads took: 0.0000194 seconds
32.495: [GC (Allocation Failure)  71841K->641K(413696K), 0.0004878 secs]
32.496: Total time for which application threads were stopped: 0.0006098 seconds, Stopping threads took: 0.0000201 seconds
32.539: [GC (Allocation Failure)  70785K->673K(412672K), 0.0004730 secs]
32.540: Total time for which application threads were stopped: 0.0005944 seconds, Stopping threads took: 0.0000199 seconds
32.584: [GC (Allocation Failure)  69793K->641K(411648K), 0.0004478 secs]
32.585: Total time for which application threads were stopped: 0.0005811 seconds, Stopping threads took: 0.0000273 seconds
32.628: [GC (Allocation Failure)  68737K->641K(410624K), 0.0004967 secs]
32.628: Total time for which application threads were stopped: 0.0006359 seconds, Stopping threads took: 0.0000213 seconds
32.676: [GC (Allocation Failure)  67713K->705K(409600K), 0.0006736 secs]
32.677: Total time for which application threads were stopped: 0.0008048 seconds, Stopping threads took: 0.0000212 seconds
32.718: [GC (Allocation Failure)  66753K->641K(422912K), 0.0005212 secs]
32.719: Total time for which application threads were stopped: 0.0006652 seconds, Stopping threads took: 0.0000193 seconds
32.772: [GC (Allocation Failure)  80001K->641K(421888K), 0.0005313 secs]
32.772: Total time for which application threads were stopped: 0.0006864 seconds, Stopping threads took: 0.0000234 seconds
32.828: [GC (Allocation Failure)  78977K->673K(420864K), 0.0005449 secs]
32.829: Total time for which application threads were stopped: 0.0006974 seconds, Stopping threads took: 0.0000224 seconds
32.878: [GC (Allocation Failure)  77985K->673K(419840K), 0.0006352 secs]
32.878: Total time for which application threads were stopped: 0.0007847 seconds, Stopping threads took: 0.0000223 seconds
32.926: [GC (Allocation Failure)  76961K->673K(418816K), 0.0005974 secs]
32.927: Total time for which application threads were stopped: 0.0007350 seconds, Stopping threads took: 0.0000310 seconds
32.979: [GC (Allocation Failure)  75937K->641K(417792K), 0.0004546 secs]
32.980: Total time for which application threads were stopped: 0.0005750 seconds, Stopping threads took: 0.0000189 seconds
33.027: [GC (Allocation Failure)  74881K->609K(416768K), 0.0005991 secs]
33.027: Total time for which application threads were stopped: 0.0007197 seconds, Stopping threads took: 0.0000196 seconds
33.074: [GC (Allocation Failure)  73825K->641K(415744K), 0.0005047 secs]
33.074: Total time for which application threads were stopped: 0.0006864 seconds, Stopping threads took: 0.0000270 seconds
33.124: [GC (Allocation Failure)  72833K->673K(414720K), 0.0004484 secs]
33.125: Total time for which application threads were stopped: 0.0005697 seconds, Stopping threads took: 0.0000198 seconds
33.169: [GC (Allocation Failure)  71841K->705K(413696K), 0.0004823 secs]
33.170: Total time for which application threads were stopped: 0.0006025 seconds, Stopping threads took: 0.0000194 seconds
33.214: [GC (Allocation Failure)  70849K->609K(412672K), 0.0005813 secs]
33.215: Total time for which application threads were stopped: 0.0006972 seconds, Stopping threads took: 0.0000250 seconds
33.258: [GC (Allocation Failure)  69729K->641K(411648K), 0.0005323 secs]
33.259: Total time for which application threads were stopped: 0.0006411 seconds, Stopping threads took: 0.0000167 seconds
33.301: [GC (Allocation Failure)  68737K->641K(410624K), 0.0004671 secs]
33.302: Total time for which application threads were stopped: 0.0006011 seconds, Stopping threads took: 0.0000188 seconds
33.343: [GC (Allocation Failure)  67713K->673K(409600K), 0.0004957 secs]
33.344: Total time for which application threads were stopped: 0.0006128 seconds, Stopping threads took: 0.0000197 seconds
33.385: [GC (Allocation Failure)  66721K->673K(408576K), 0.0004543 secs]
33.386: Total time for which application threads were stopped: 0.0005698 seconds, Stopping threads took: 0.0000192 seconds
33.426: [GC (Allocation Failure)  65697K->673K(407552K), 0.0004601 secs]
33.427: Total time for which application threads were stopped: 0.0005719 seconds, Stopping threads took: 0.0000195 seconds
33.471: [GC (Allocation Failure)  64673K->673K(420352K), 0.0006368 secs]
33.472: Total time for which application threads were stopped: 0.0007644 seconds, Stopping threads took: 0.0000201 seconds
33.524: [GC (Allocation Failure)  77473K->641K(419328K), 0.0005198 secs]
33.525: Total time for which application threads were stopped: 0.0006640 seconds, Stopping threads took: 0.0000217 seconds
33.576: [GC (Allocation Failure)  76417K->609K(418304K), 0.0005138 secs]
33.576: Total time for which application threads were stopped: 0.0006545 seconds, Stopping threads took: 0.0000204 seconds
33.627: [GC (Allocation Failure)  75361K->641K(417280K), 0.0005456 secs]
33.628: Total time for which application threads were stopped: 0.0006650 seconds, Stopping threads took: 0.0000200 seconds
33.678: [GC (Allocation Failure)  74369K->641K(416256K), 0.0004439 secs]
33.679: Total time for which application threads were stopped: 0.0005555 seconds, Stopping threads took: 0.0000178 seconds
33.724: [GC (Allocation Failure)  73345K->641K(415232K), 0.0006159 secs]
33.725: Total time for which application threads were stopped: 0.0007476 seconds, Stopping threads took: 0.0000286 seconds
33.770: [GC (Allocation Failure)  72321K->673K(429568K), 0.0006312 secs]
33.770: Total time for which application threads were stopped: 0.0007747 seconds, Stopping threads took: 0.0000220 seconds
33.824: [GC (Allocation Failure)  86689K->641K(428032K), 0.0005034 secs]
33.825: Total time for which application threads were stopped: 0.0006309 seconds, Stopping threads took: 0.0000263 seconds
33.883: [GC (Allocation Failure)  85121K->673K(426496K), 0.0004744 secs]
33.884: Total time for which application threads were stopped: 0.0006019 seconds, Stopping threads took: 0.0000230 seconds
33.942: [GC (Allocation Failure)  83617K->609K(424960K), 0.0006641 secs]
33.943: Total time for which application threads were stopped: 0.0007898 seconds, Stopping threads took: 0.0000172 seconds
33.997: [GC (Allocation Failure)  82017K->641K(423424K), 0.0005080 secs]
33.997: Total time for which application threads were stopped: 0.0006496 seconds, Stopping threads took: 0.0000224 seconds
34.047: [GC (Allocation Failure)  80513K->641K(422400K), 0.0004141 secs]
34.047: Total time for which application threads were stopped: 0.0005354 seconds, Stopping threads took: 0.0000264 seconds
34.097: [GC (Allocation Failure)  79489K->673K(421376K), 0.0004848 secs]
34.097: Total time for which application threads were stopped: 0.0006119 seconds, Stopping threads took: 0.0000273 seconds
34.146: [GC (Allocation Failure)  78497K->673K(420352K), 0.0005038 secs]
34.146: Total time for which application threads were stopped: 0.0006347 seconds, Stopping threads took: 0.0000215 seconds
34.194: [GC (Allocation Failure)  77473K->609K(419328K), 0.0006001 secs]
34.195: Total time for which application threads were stopped: 0.0007461 seconds, Stopping threads took: 0.0000223 seconds
34.246: [GC (Allocation Failure)  76385K->673K(418304K), 0.0004756 secs]
34.247: Total time for which application threads were stopped: 0.0006186 seconds, Stopping threads took: 0.0000201 seconds
34.300: [GC (Allocation Failure)  75425K->609K(417280K), 0.0006112 secs]
34.300: Total time for which application threads were stopped: 0.0007290 seconds, Stopping threads took: 0.0000192 seconds
34.346: [GC (Allocation Failure)  74337K->641K(416256K), 0.0004849 secs]
34.347: Total time for which application threads were stopped: 0.0006012 seconds, Stopping threads took: 0.0000189 seconds
34.392: [GC (Allocation Failure)  73345K->705K(415232K), 0.0004855 secs]
34.393: Total time for which application threads were stopped: 0.0006149 seconds, Stopping threads took: 0.0000269 seconds
34.438: [GC (Allocation Failure)  72385K->609K(414208K), 0.0004888 secs]
34.438: Total time for which application threads were stopped: 0.0006226 seconds, Stopping threads took: 0.0000304 seconds
34.487: [GC (Allocation Failure)  71265K->641K(413184K), 0.0004857 secs]
34.488: Total time for which application threads were stopped: 0.0006050 seconds, Stopping threads took: 0.0000196 seconds
34.538: [GC (Allocation Failure)  70273K->641K(412160K), 0.0004913 secs]
34.539: Total time for which application threads were stopped: 0.0006330 seconds, Stopping threads took: 0.0000276 seconds
34.583: [GC (Allocation Failure)  69249K->641K(411136K), 0.0004687 secs]
34.583: Total time for which application threads were stopped: 0.0006094 seconds, Stopping threads took: 0.0000258 seconds
34.626: [GC (Allocation Failure)  68225K->673K(410112K), 0.0005379 secs]
34.626: Total time for which application threads were stopped: 0.0006715 seconds, Stopping threads took: 0.0000265 seconds
34.674: [GC (Allocation Failure)  67233K->673K(409088K), 0.0005794 secs]
34.674: Total time for which application threads were stopped: 0.0007147 seconds, Stopping threads took: 0.0000219 seconds
34.720: [GC (Allocation Failure)  66209K->609K(408064K), 0.0005190 secs]
34.721: Total time for which application threads were stopped: 0.0006394 seconds, Stopping threads took: 0.0000202 seconds
34.765: [GC (Allocation Failure)  65121K->641K(421376K), 0.0006062 secs]
34.765: Total time for which application threads were stopped: 0.0007358 seconds, Stopping threads took: 0.0000280 seconds
34.814: [GC (Allocation Failure)  78465K->641K(437248K), 0.0006073 secs]
34.815: Total time for which application threads were stopped: 0.0007271 seconds, Stopping threads took: 0.0000174 seconds
34.878: [GC (Allocation Failure)  94337K->673K(435712K), 0.0005709 secs]
34.878: Total time for which application threads were stopped: 0.0007200 seconds, Stopping threads took: 0.0000226 seconds
34.939: [GC (Allocation Failure)  92833K->673K(434176K), 0.0005971 secs]
34.940: Total time for which application threads were stopped: 0.0007505 seconds, Stopping threads took: 0.0000310 seconds
34.997: [GC (Allocation Failure)  91297K->673K(432640K), 0.0005519 secs]
34.997: Total time for which application threads were stopped: 0.0006763 seconds, Stopping threads took: 0.0000206 seconds
35.053: [GC (Allocation Failure)  89761K->641K(431104K), 0.0005267 secs]
35.053: Total time for which application threads were stopped: 0.0006572 seconds, Stopping threads took: 0.0000272 seconds
35.108: [GC (Allocation Failure)  88193K->673K(429568K), 0.0005288 secs]
35.108: Total time for which application threads were stopped: 0.0006483 seconds, Stopping threads took: 0.0000187 seconds
35.162: [GC (Allocation Failure)  86689K->609K(428032K), 0.0005569 secs]
35.162: Total time for which application threads were stopped: 0.0006941 seconds, Stopping threads took: 0.0000276 seconds
35.221: [GC (Allocation Failure)  85089K->641K(426496K), 0.0004561 secs]
35.222: Total time for which application threads were stopped: 0.0005816 seconds, Stopping threads took: 0.0000251 seconds
35.273: [GC (Allocation Failure)  83585K->641K(424960K), 0.0004781 secs]
35.274: Total time for which application threads were stopped: 0.0006001 seconds, Stopping threads took: 0.0000202 seconds
35.330: [GC (Allocation Failure)  82049K->737K(423424K), 0.0005047 secs]
35.330: Total time for which application threads were stopped: 0.0006258 seconds, Stopping threads took: 0.0000195 seconds
35.380: [GC (Allocation Failure)  80609K->705K(422400K), 0.0004652 secs]
35.381: Total time for which application threads were stopped: 0.0005811 seconds, Stopping threads took: 0.0000198 seconds
35.429: [GC (Allocation Failure)  79553K->641K(421376K), 0.0004756 secs]
35.430: Total time for which application threads were stopped: 0.0005977 seconds, Stopping threads took: 0.0000200 seconds
35.484: [GC (Allocation Failure)  78465K->641K(420352K), 0.0006416 secs]
35.484: Total time for which application threads were stopped: 0.0007635 seconds, Stopping threads took: 0.0000202 seconds
35.538: [GC (Allocation Failure)  77441K->641K(419328K), 0.0004603 secs]
35.539: Total time for which application threads were stopped: 0.0006035 seconds, Stopping threads took: 0.0000213 seconds
35.587: [GC (Allocation Failure)  76417K->641K(418304K), 0.0006269 secs]
35.588: Total time for which application threads were stopped: 0.0007757 seconds, Stopping threads took: 0.0000290 seconds
35.638: [GC (Allocation Failure)  75393K->641K(417280K), 0.0004046 secs]
35.639: Total time for which application threads were stopped: 0.0005418 seconds, Stopping threads took: 0.0000171 seconds
35.685: [GC (Allocation Failure)  74369K->641K(416256K), 0.0004878 secs]
35.685: Total time for which application threads were stopped: 0.0006179 seconds, Stopping threads took: 0.0000275 seconds
35.731: [GC (Allocation Failure)  73345K->737K(415232K), 0.0005992 secs]
35.731: Total time for which application threads were stopped: 0.0007159 seconds, Stopping threads took: 0.0000215 seconds
35.779: [GC (Allocation Failure)  72417K->641K(414208K), 0.0004080 secs]
35.780: Total time for which application threads were stopped: 0.0005330 seconds, Stopping threads took: 0.0000172 seconds
35.824: [GC (Allocation Failure)  71297K->641K(413184K), 0.0004990 secs]
35.825: Total time for which application threads were stopped: 0.0006411 seconds, Stopping threads took: 0.0000205 seconds
35.868: [GC (Allocation Failure)  70273K->705K(412160K), 0.0005467 secs]
35.869: Total time for which application threads were stopped: 0.0006725 seconds, Stopping threads took: 0.0000215 seconds
35.912: [GC (Allocation Failure)  69313K->737K(411136K), 0.0005848 secs]
35.912: Total time for which application threads were stopped: 0.0007098 seconds, Stopping threads took: 0.0000187 seconds
35.955: [GC (Allocation Failure)  68321K->641K(410112K), 0.0004972 secs]
35.955: Total time for which application threads were stopped: 0.0006410 seconds, Stopping threads took: 0.0000212 seconds
36.001: [GC (Allocation Failure)  67201K->641K(409088K), 0.0005332 secs]
36.002: Total time for which application threads were stopped: 0.0006812 seconds, Stopping threads took: 0.0000225 seconds
36.042: [GC (Allocation Failure)  66177K->641K(408064K), 0.0004877 secs]
36.043: Total time for which application threads were stopped: 0.0006284 seconds, Stopping threads took: 0.0000223 seconds
36.089: [GC (Allocation Failure)  65153K->641K(421376K), 0.0005678 secs]
36.089: Total time for which application threads were stopped: 0.0007114 seconds, Stopping threads took: 0.0000219 seconds
36.138: [GC (Allocation Failure)  78465K->673K(437248K), 0.0007259 secs]
36.139: Total time for which application threads were stopped: 0.0008794 seconds, Stopping threads took: 0.0000299 seconds
36.198: [GC (Allocation Failure)  94369K->609K(456192K), 0.0006518 secs]
36.199: Total time for which application threads were stopped: 0.0007972 seconds, Stopping threads took: 0.0000220 seconds
36.271: [GC (Allocation Failure)  113249K->705K(453632K), 0.0005124 secs]
36.272: Total time for which application threads were stopped: 0.0006307 seconds, Stopping threads took: 0.0000167 seconds
36.343: [GC (Allocation Failure)  110785K->673K(451584K), 0.0004875 secs]
36.344: Total time for which application threads were stopped: 0.0006120 seconds, Stopping threads took: 0.0000268 seconds
36.411: [GC (Allocation Failure)  108705K->705K(449536K), 0.0006588 secs]
36.412: Total time for which application threads were stopped: 0.0007831 seconds, Stopping threads took: 0.0000264 seconds
36.478: [GC (Allocation Failure)  106689K->641K(447488K), 0.0004812 secs]
36.479: Total time for which application threads were stopped: 0.0006064 seconds, Stopping threads took: 0.0000213 seconds
36.550: [GC (Allocation Failure)  104577K->673K(445440K), 0.0004064 secs]
36.550: Total time for which application threads were stopped: 0.0005274 seconds, Stopping threads took: 0.0000262 seconds
36.613: [GC (Allocation Failure)  102561K->641K(443392K), 0.0005474 secs]
36.614: Total time for which application threads were stopped: 0.0006638 seconds, Stopping threads took: 0.0000189 seconds
36.676: [GC (Allocation Failure)  100481K->641K(441344K), 0.0004818 secs]
36.676: Total time for which application threads were stopped: 0.0006051 seconds, Stopping threads took: 0.0000270 seconds
36.743: [GC (Allocation Failure)  98433K->673K(439296K), 0.0005491 secs]
36.744: Total time for which application threads were stopped: 0.0006692 seconds, Stopping threads took: 0.0000197 seconds
36.810: [GC (Allocation Failure)  96417K->609K(437760K), 0.0005861 secs]
36.811: Total time for which application threads were stopped: 0.0006999 seconds, Stopping threads took: 0.0000193 seconds
36.869: [GC (Allocation Failure)  94817K->641K(436224K), 0.0004173 secs]
36.870: Total time for which application threads were stopped: 0.0005271 seconds, Stopping threads took: 0.0000175 seconds
36.933: [GC (Allocation Failure)  93313K->705K(434688K), 0.0004759 secs]
36.933: Total time for which application threads were stopped: 0.0005977 seconds, Stopping threads took: 0.0000201 seconds
36.994: [GC (Allocation Failure)  91841K->705K(433152K), 0.0004847 secs]
36.995: Total time for which application threads were stopped: 0.0006469 seconds, Stopping threads took: 0.0000218 seconds
37.058: [GC (Allocation Failure)  90305K->641K(431616K), 0.0004620 secs]
37.058: Total time for which application threads were stopped: 0.0006008 seconds, Stopping threads took: 0.0000262 seconds
37.113: [GC (Allocation Failure)  88705K->609K(430080K), 0.0006220 secs]
37.114: Total time for which application threads were stopped: 0.0007599 seconds, Stopping threads took: 0.0000207 seconds
37.168: [GC (Allocation Failure)  87137K->673K(428544K), 0.0004690 secs]
37.169: Total time for which application threads were stopped: 0.0006261 seconds, Stopping threads took: 0.0000251 seconds
37.226: [GC (Allocation Failure)  85665K->673K(427008K), 0.0004595 secs]
37.226: Total time for which application threads were stopped: 0.0005860 seconds, Stopping threads took: 0.0000263 seconds
37.278: [GC (Allocation Failure)  84129K->641K(425472K), 0.0004395 secs]
37.279: Total time for which application threads were stopped: 0.0005460 seconds, Stopping threads took: 0.0000181 seconds
37.333: [GC (Allocation Failure)  82561K->705K(423936K), 0.0004568 secs]
37.334: Total time for which application threads were stopped: 0.0005623 seconds, Stopping threads took: 0.0000183 seconds
37.389: [GC (Allocation Failure)  81089K->641K(422400K), 0.0006336 secs]
37.390: Total time for which application threads were stopped: 0.0007731 seconds, Stopping threads took: 0.0000277 seconds
37.443: [GC (Allocation Failure)  79489K->641K(421376K), 0.0005527 secs]
37.443: Total time for which application threads were stopped: 0.0006853 seconds, Stopping threads took: 0.0000301 seconds
37.498: [GC (Allocation Failure)  78465K->641K(420352K), 0.0005738 secs]
37.498: Total time for which application threads were stopped: 0.0006790 seconds, Stopping threads took: 0.0000171 seconds
37.546: [GC (Allocation Failure)  77441K->641K(419328K), 0.0003952 secs]
37.547: Total time for which application threads were stopped: 0.0005010 seconds, Stopping threads took: 0.0000166 seconds
37.594: [GC (Allocation Failure)  76417K->673K(418304K), 0.0006178 secs]
37.595: Total time for which application threads were stopped: 0.0007348 seconds, Stopping threads took: 0.0000198 seconds
37.648: [GC (Allocation Failure)  75425K->641K(417280K), 0.0004484 secs]
37.648: Total time for which application threads were stopped: 0.0005685 seconds, Stopping threads took: 0.0000185 seconds
37.695: [GC (Allocation Failure)  74369K->737K(416256K), 0.0007106 secs]
37.695: Total time for which application threads were stopped: 0.0008514 seconds, Stopping threads took: 0.0000206 seconds
37.741: [GC (Allocation Failure)  73441K->673K(415232K), 0.0005152 secs]
37.742: Total time for which application threads were stopped: 0.0006714 seconds, Stopping threads took: 0.0000226 seconds
37.792: [GC (Allocation Failure)  72353K->673K(414208K), 0.0005359 secs]
37.793: Total time for which application threads were stopped: 0.0006875 seconds, Stopping threads took: 0.0000238 seconds
37.837: [GC (Allocation Failure)  71329K->609K(428544K), 0.0007237 secs]
37.838: Total time for which application threads were stopped: 0.0008685 seconds, Stopping threads took: 0.0000203 seconds
37.894: [GC (Allocation Failure)  85601K->673K(427008K), 0.0005111 secs]
37.895: Total time for which application threads were stopped: 0.0006655 seconds, Stopping threads took: 0.0000308 seconds
37.947: [GC (Allocation Failure)  84129K->641K(425472K), 0.0005424 secs]
37.948: Total time for which application threads were stopped: 0.0007152 seconds, Stopping threads took: 0.0000233 seconds
38.002: [GC (Allocation Failure)  82561K->673K(423936K), 0.0005889 secs]
38.003: Total time for which application threads were stopped: 0.0007487 seconds, Stopping threads took: 0.0000214 seconds
38.053: [GC (Allocation Failure)  81057K->673K(422400K), 0.0004733 secs]
38.054: Total time for which application threads were stopped: 0.0005927 seconds, Stopping threads took: 0.0000256 seconds
38.107: [GC (Allocation Failure)  79521K->609K(421376K), 0.0006970 secs]
38.108: Total time for which application threads were stopped: 0.0008361 seconds, Stopping threads took: 0.0000208 seconds
38.157: [GC (Allocation Failure)  78433K->641K(420352K), 0.0004639 secs]
38.157: Total time for which application threads were stopped: 0.0006235 seconds, Stopping threads took: 0.0000274 seconds
38.210: [GC (Allocation Failure)  77441K->609K(419328K), 0.0005390 secs]
38.211: Total time for which application threads were stopped: 0.0006664 seconds, Stopping threads took: 0.0000281 seconds
38.262: [GC (Allocation Failure)  76385K->673K(418304K), 0.0006290 secs]
38.262: Total time for which application threads were stopped: 0.0007697 seconds, Stopping threads took: 0.0000223 seconds
38.309: [GC (Allocation Failure)  75425K->609K(417280K), 0.0004937 secs]
38.310: Total time for which application threads were stopped: 0.0006207 seconds, Stopping threads took: 0.0000279 seconds
38.356: [GC (Allocation Failure)  74337K->673K(416256K), 0.0004812 secs]
38.357: Total time for which application threads were stopped: 0.0006148 seconds, Stopping threads took: 0.0000274 seconds
38.402: [GC (Allocation Failure)  73377K->673K(415232K), 0.0005469 secs]
38.403: Total time for which application threads were stopped: 0.0006915 seconds, Stopping threads took: 0.0000221 seconds
38.448: [GC (Allocation Failure)  72353K->673K(429568K), 0.0007379 secs]
38.448: Total time for which application threads were stopped: 0.0008828 seconds, Stopping threads took: 0.0000228 seconds
38.502: [GC (Allocation Failure)  86689K->641K(446976K), 0.0005848 secs]
38.503: Total time for which application threads were stopped: 0.0007402 seconds, Stopping threads took: 0.0000222 seconds
38.574: [GC (Allocation Failure)  104065K->673K(444928K), 0.0004889 secs]
38.574: Total time for which application threads were stopped: 0.0006144 seconds, Stopping threads took: 0.0000271 seconds
38.637: [GC (Allocation Failure)  102049K->673K(442880K), 0.0006964 secs]
38.638: Total time for which application threads were stopped: 0.0008335 seconds, Stopping threads took: 0.0000216 seconds
38.700: [GC (Allocation Failure)  100001K->641K(440832K), 0.0004671 secs]
38.700: Total time for which application threads were stopped: 0.0005987 seconds, Stopping threads took: 0.0000225 seconds
38.761: [GC (Allocation Failure)  97921K->673K(438784K), 0.0007229 secs]
38.762: Total time for which application threads were stopped: 0.0008658 seconds, Stopping threads took: 0.0000213 seconds
38.826: [GC (Allocation Failure)  95905K->673K(437248K), 0.0004702 secs]
38.826: Total time for which application threads were stopped: 0.0005898 seconds, Stopping threads took: 0.0000192 seconds
38.885: [GC (Allocation Failure)  94369K->705K(435712K), 0.0005092 secs]
38.885: Total time for which application threads were stopped: 0.0006408 seconds, Stopping threads took: 0.0000212 seconds
38.943: [GC (Allocation Failure)  92865K->609K(434176K), 0.0006525 secs]
38.943: Total time for which application threads were stopped: 0.0007724 seconds, Stopping threads took: 0.0000190 seconds
39.000: [GC (Allocation Failure)  91233K->705K(432640K), 0.0005559 secs]
39.000: Total time for which application threads were stopped: 0.0006767 seconds, Stopping threads took: 0.0000199 seconds
39.056: [GC (Allocation Failure)  89793K->641K(431104K), 0.0004008 secs]
39.057: Total time for which application threads were stopped: 0.0005240 seconds, Stopping threads took: 0.0000284 seconds
39.111: [GC (Allocation Failure)  88193K->609K(429568K), 0.0004788 secs]
39.112: Total time for which application threads were stopped: 0.0006195 seconds, Stopping threads took: 0.0000276 seconds
39.166: [GC (Allocation Failure)  86625K->641K(428032K), 0.0005804 secs]
39.166: Total time for which application threads were stopped: 0.0007236 seconds, Stopping threads took: 0.0000209 seconds
39.224: [GC (Allocation Failure)  85121K->641K(426496K), 0.0004977 secs]
39.225: Total time for which application threads were stopped: 0.0005995 seconds, Stopping threads took: 0.0000146 seconds
39.277: [GC (Allocation Failure)  83585K->641K(424960K), 0.0005763 secs]
39.277: Total time for which application threads were stopped: 0.0006892 seconds, Stopping threads took: 0.0000178 seconds
39.328: [GC (Allocation Failure)  82049K->641K(423424K), 0.0005027 secs]
39.328: Total time for which application threads were stopped: 0.0006309 seconds, Stopping threads took: 0.0000204 seconds
39.378: [GC (Allocation Failure)  80513K->641K(422400K), 0.0005449 secs]
39.379: Total time for which application threads were stopped: 0.0007199 seconds, Stopping threads took: 0.0000200 seconds
39.428: [GC (Allocation Failure)  79489K->673K(421376K), 0.0004999 secs]
39.429: Total time for which application threads were stopped: 0.0006413 seconds, Stopping threads took: 0.0000228 seconds
39.477: [GC (Allocation Failure)  78497K->641K(420352K), 0.0005254 secs]
39.478: Total time for which application threads were stopped: 0.0006903 seconds, Stopping threads took: 0.0000315 seconds
39.531: [GC (Allocation Failure)  77441K->673K(419328K), 0.0005266 secs]
39.532: Total time for which application threads were stopped: 0.0006713 seconds, Stopping threads took: 0.0000222 seconds
39.580: [GC (Allocation Failure)  76449K->673K(418304K), 0.0005141 secs]
39.580: Total time for which application threads were stopped: 0.0006464 seconds, Stopping threads took: 0.0000284 seconds
39.627: [GC (Allocation Failure)  75425K->609K(417280K), 0.0006343 secs]
39.627: Total time for which application threads were stopped: 0.0007599 seconds, Stopping threads took: 0.0000203 seconds
39.677: [GC (Allocation Failure)  74337K->641K(416256K), 0.0005226 secs]
39.678: Total time for which application threads were stopped: 0.0006632 seconds, Stopping threads took: 0.0000206 seconds
39.729: [GC (Allocation Failure)  73345K->641K(415232K), 0.0004895 secs]
39.730: Total time for which application threads were stopped: 0.0006132 seconds, Stopping threads took: 0.0000220 seconds
39.774: [GC (Allocation Failure)  72321K->641K(414208K), 0.0004190 secs]
39.775: Total time for which application threads were stopped: 0.0005364 seconds, Stopping threads took: 0.0000175 seconds
39.819: [GC (Allocation Failure)  71297K->705K(413184K), 0.0004609 secs]
39.820: Total time for which application threads were stopped: 0.0005805 seconds, Stopping threads took: 0.0000198 seconds
39.864: [GC (Allocation Failure)  70337K->609K(412160K), 0.0004388 secs]
39.864: Total time for which application threads were stopped: 0.0005597 seconds, Stopping threads took: 0.0000203 seconds
39.913: [GC (Allocation Failure)  69217K->641K(411136K), 0.0005852 secs]
39.914: Total time for which application threads were stopped: 0.0007104 seconds, Stopping threads took: 0.0000197 seconds
39.960: [GC (Allocation Failure)  68225K->641K(410112K), 0.0004728 secs]
39.961: Total time for which application threads were stopped: 0.0006029 seconds, Stopping threads took: 0.0000295 seconds
40.007: [GC (Allocation Failure)  67201K->641K(409088K), 0.0005802 secs]
40.007: Total time for which application threads were stopped: 0.0006906 seconds, Stopping threads took: 0.0000177 seconds
40.048: [GC (Allocation Failure)  66177K->641K(422400K), 0.0005920 secs]
40.049: Total time for which application threads were stopped: 0.0007205 seconds, Stopping threads took: 0.0000196 seconds
40.103: [GC (Allocation Failure)  79489K->705K(421376K), 0.0005270 secs]
40.104: Total time for which application threads were stopped: 0.0006502 seconds, Stopping threads took: 0.0000196 seconds
40.153: [GC (Allocation Failure)  78529K->673K(420352K), 0.0005204 secs]
40.153: Total time for which application threads were stopped: 0.0006578 seconds, Stopping threads took: 0.0000222 seconds
40.201: [GC (Allocation Failure)  77473K->705K(419328K), 0.0005297 secs]
40.202: Total time for which application threads were stopped: 0.0006508 seconds, Stopping threads took: 0.0000242 seconds
40.252: [GC (Allocation Failure)  76481K->641K(418304K), 0.0004767 secs]
40.252: Total time for which application threads were stopped: 0.0006022 seconds, Stopping threads took: 0.0000196 seconds
40.302: [GC (Allocation Failure)  75393K->705K(417280K), 0.0005110 secs]
40.303: Total time for which application threads were stopped: 0.0006291 seconds, Stopping threads took: 0.0000195 seconds
40.354: [GC (Allocation Failure)  74433K->641K(416256K), 0.0004658 secs]
40.354: Total time for which application threads were stopped: 0.0005750 seconds, Stopping threads took: 0.0000171 seconds
40.400: [GC (Allocation Failure)  73345K->641K(415232K), 0.0005570 secs]
40.401: Total time for which application threads were stopped: 0.0006817 seconds, Stopping threads took: 0.0000192 seconds
40.451: [GC (Allocation Failure)  72321K->737K(414208K), 0.0004805 secs]
40.451: Total time for which application threads were stopped: 0.0006040 seconds, Stopping threads took: 0.0000212 seconds
40.499: [GC (Allocation Failure)  71393K->641K(413184K), 0.0005404 secs]
40.500: Total time for which application threads were stopped: 0.0006808 seconds, Stopping threads took: 0.0000193 seconds
40.543: [GC (Allocation Failure)  70273K->673K(412160K), 0.0005736 secs]
40.544: Total time for which application threads were stopped: 0.0007105 seconds, Stopping threads took: 0.0000281 seconds
40.592: [GC (Allocation Failure)  69281K->705K(425984K), 0.0006490 secs]
40.593: Total time for which application threads were stopped: 0.0007845 seconds, Stopping threads took: 0.0000219 seconds
40.645: [GC (Allocation Failure)  83137K->641K(424448K), 0.0004823 secs]
40.645: Total time for which application threads were stopped: 0.0006236 seconds, Stopping threads took: 0.0000214 seconds
40.701: [GC (Allocation Failure)  81537K->641K(422912K), 0.0006795 secs]
40.702: Total time for which application threads were stopped: 0.0008142 seconds, Stopping threads took: 0.0000205 seconds
40.757: [GC (Allocation Failure)  80001K->641K(421888K), 0.0004835 secs]
40.757: Total time for which application threads were stopped: 0.0006224 seconds, Stopping threads took: 0.0000301 seconds
40.806: [GC (Allocation Failure)  78977K->673K(420864K), 0.0005723 secs]
40.807: Total time for which application threads were stopped: 0.0006938 seconds, Stopping threads took: 0.0000200 seconds
40.858: [GC (Allocation Failure)  77985K->641K(419840K), 0.0004012 secs]
40.859: Total time for which application threads were stopped: 0.0005094 seconds, Stopping threads took: 0.0000166 seconds
40.910: [GC (Allocation Failure)  76929K->641K(418816K), 0.0004895 secs]
40.910: Total time for which application threads were stopped: 0.0005996 seconds, Stopping threads took: 0.0000169 seconds
40.958: [GC (Allocation Failure)  75905K->641K(417792K), 0.0006093 secs]
40.958: Total time for which application threads were stopped: 0.0007429 seconds, Stopping threads took: 0.0000274 seconds
41.009: [GC (Allocation Failure)  74881K->673K(416768K), 0.0006635 secs]
41.010: Total time for which application threads were stopped: 0.0008111 seconds, Stopping threads took: 0.0000282 seconds
41.062: [GC (Allocation Failure)  73889K->641K(415744K), 0.0005066 secs]
41.062: Total time for which application threads were stopped: 0.0006515 seconds, Stopping threads took: 0.0000226 seconds
41.108: [GC (Allocation Failure)  72833K->641K(414720K), 0.0005008 secs]
41.108: Total time for which application threads were stopped: 0.0006324 seconds, Stopping threads took: 0.0000197 seconds
41.152: [GC (Allocation Failure)  71809K->641K(413696K), 0.0005707 secs]
41.153: Total time for which application threads were stopped: 0.0006908 seconds, Stopping threads took: 0.0000211 seconds
41.202: [GC (Allocation Failure)  70785K->641K(428032K), 0.0006305 secs]
41.202: Total time for which application threads were stopped: 0.0007710 seconds, Stopping threads took: 0.0000247 seconds
41.258: [GC (Allocation Failure)  85121K->641K(426496K), 0.0005714 secs]
41.259: Total time for which application threads were stopped: 0.0006944 seconds, Stopping threads took: 0.0000270 seconds
41.311: [GC (Allocation Failure)  83585K->673K(424960K), 0.0005223 secs]
41.311: Total time for which application threads were stopped: 0.0006627 seconds, Stopping threads took: 0.0000204 seconds
41.368: [GC (Allocation Failure)  82081K->641K(423424K), 0.0005165 secs]
41.369: Total time for which application threads were stopped: 0.0006604 seconds, Stopping threads took: 0.0000224 seconds
41.419: [GC (Allocation Failure)  80513K->673K(422400K), 0.0005827 secs]
41.419: Total time for which application threads were stopped: 0.0007340 seconds, Stopping threads took: 0.0000288 seconds
41.469: [GC (Allocation Failure)  79521K->673K(421376K), 0.0005479 secs]
41.469: Total time for which application threads were stopped: 0.0006919 seconds, Stopping threads took: 0.0000223 seconds
41.518: [GC (Allocation Failure)  78497K->641K(420352K), 0.0005885 secs]
41.519: Total time for which application threads were stopped: 0.0007339 seconds, Stopping threads took: 0.0000230 seconds
41.568: [GC (Allocation Failure)  77441K->641K(419328K), 0.0005099 secs]
41.568: Total time for which application threads were stopped: 0.0006532 seconds, Stopping threads took: 0.0000262 seconds
41.617: [GC (Allocation Failure)  76417K->641K(418304K), 0.0004838 secs]
41.617: Total time for which application threads were stopped: 0.0006134 seconds, Stopping threads took: 0.0000295 seconds
41.669: [GC (Allocation Failure)  75393K->641K(417280K), 0.0004746 secs]
41.670: Total time for which application threads were stopped: 0.0005907 seconds, Stopping threads took: 0.0000188 seconds
41.718: [GC (Allocation Failure)  74369K->673K(416256K), 0.0005412 secs]
41.719: Total time for which application threads were stopped: 0.0006682 seconds, Stopping threads took: 0.0000270 seconds
41.764: [GC (Allocation Failure)  73377K->641K(415232K), 0.0006496 secs]
41.765: Total time for which application threads were stopped: 0.0007858 seconds, Stopping threads took: 0.0000189 seconds
41.810: [GC (Allocation Failure)  72321K->609K(414208K), 0.0005412 secs]
41.810: Total time for which application threads were stopped: 0.0006795 seconds, Stopping threads took: 0.0000201 seconds
41.860: [GC (Allocation Failure)  71265K->673K(413184K), 0.0005513 secs]
41.861: Total time for which application threads were stopped: 0.0006843 seconds, Stopping threads took: 0.0000217 seconds
41.905: [GC (Allocation Failure)  70305K->609K(412160K), 0.0004447 secs]
41.905: Total time for which application threads were stopped: 0.0005749 seconds, Stopping threads took: 0.0000218 seconds
41.949: [GC (Allocation Failure)  69217K->673K(411136K), 0.0004965 secs]
41.949: Total time for which application threads were stopped: 0.0006418 seconds, Stopping threads took: 0.0000193 seconds
41.992: [GC (Allocation Failure)  68257K->673K(410112K), 0.0004561 secs]
41.992: Total time for which application threads were stopped: 0.0005814 seconds, Stopping threads took: 0.0000221 seconds
42.040: [GC (Allocation Failure)  67233K->673K(409088K), 0.0004790 secs]
42.040: Total time for which application threads were stopped: 0.0006074 seconds, Stopping threads took: 0.0000276 seconds
42.086: [GC (Allocation Failure)  66209K->641K(408064K), 0.0004671 secs]
42.087: Total time for which application threads were stopped: 0.0005992 seconds, Stopping threads took: 0.0000262 seconds
42.127: [GC (Allocation Failure)  65153K->641K(407040K), 0.0004483 secs]
42.128: Total time for which application threads were stopped: 0.0005724 seconds, Stopping threads took: 0.0000251 seconds
42.168: [GC (Allocation Failure)  64129K->641K(406016K), 0.0004606 secs]
42.168: Total time for which application threads were stopped: 0.0005881 seconds, Stopping threads took: 0.0000282 seconds
42.211: [GC (Allocation Failure)  63105K->673K(405504K), 0.0004625 secs]
42.211: Total time for which application threads were stopped: 0.0006095 seconds, Stopping threads took: 0.0000253 seconds
42.253: [GC (Allocation Failure)  62625K->641K(404992K), 0.0004421 secs]
42.253: Total time for which application threads were stopped: 0.0005557 seconds, Stopping threads took: 0.0000186 seconds
42.295: [GC (Allocation Failure)  62081K->641K(404480K), 0.0004780 secs]
42.296: Total time for which application threads were stopped: 0.0006155 seconds, Stopping threads took: 0.0000306 seconds
42.333: [GC (Allocation Failure)  61569K->641K(403968K), 0.0004608 secs]
42.334: Total time for which application threads were stopped: 0.0005924 seconds, Stopping threads took: 0.0000194 seconds
42.372: [GC (Allocation Failure)  61057K->705K(403456K), 0.0004661 secs]
42.372: Total time for which application threads were stopped: 0.0005912 seconds, Stopping threads took: 0.0000272 seconds
42.415: [GC (Allocation Failure)  60609K->641K(415744K), 0.0006090 secs]
42.416: Total time for which application threads were stopped: 0.0007457 seconds, Stopping threads took: 0.0000273 seconds
42.461: [GC (Allocation Failure)  72833K->673K(414720K), 0.0004467 secs]
42.461: Total time for which application threads were stopped: 0.0005738 seconds, Stopping threads took: 0.0000227 seconds
42.512: [GC (Allocation Failure)  71841K->641K(413696K), 0.0005665 secs]
42.512: Total time for which application threads were stopped: 0.0006758 seconds, Stopping threads took: 0.0000168 seconds
42.557: [GC (Allocation Failure)  70785K->641K(412672K), 0.0004059 secs]
42.557: Total time for which application threads were stopped: 0.0005234 seconds, Stopping threads took: 0.0000265 seconds
42.601: [GC (Allocation Failure)  69761K->641K(411648K), 0.0004967 secs]
42.601: Total time for which application threads were stopped: 0.0006262 seconds, Stopping threads took: 0.0000282 seconds
42.649: [GC (Allocation Failure)  68737K->641K(410624K), 0.0005974 secs]
42.650: Total time for which application threads were stopped: 0.0007356 seconds, Stopping threads took: 0.0000214 seconds
42.692: [GC (Allocation Failure)  67713K->673K(409600K), 0.0004770 secs]
42.693: Total time for which application threads were stopped: 0.0006357 seconds, Stopping threads took: 0.0000254 seconds
42.734: [GC (Allocation Failure)  66721K->673K(408576K), 0.0005392 secs]
42.734: Total time for which application threads were stopped: 0.0006909 seconds, Stopping threads took: 0.0000299 seconds
42.775: [GC (Allocation Failure)  65697K->673K(421888K), 0.0005377 secs]
42.776: Total time for which application threads were stopped: 0.0006830 seconds, Stopping threads took: 0.0000229 seconds
42.825: [GC (Allocation Failure)  79009K->641K(437760K), 0.0006178 secs]
42.825: Total time for which application threads were stopped: 0.0007688 seconds, Stopping threads took: 0.0000309 seconds
42.884: [GC (Allocation Failure)  94849K->609K(456704K), 0.0006320 secs]
42.884: Total time for which application threads were stopped: 0.0007812 seconds, Stopping threads took: 0.0000225 seconds
42.958: [GC (Allocation Failure)  113761K->641K(454144K), 0.0004794 secs]
42.959: Total time for which application threads were stopped: 0.0006089 seconds, Stopping threads took: 0.0000274 seconds
43.028: [GC (Allocation Failure)  111233K->673K(452096K), 0.0005592 secs]
43.028: Total time for which application threads were stopped: 0.0006795 seconds, Stopping threads took: 0.0000201 seconds
43.097: [GC (Allocation Failure)  109217K->673K(450048K), 0.0005480 secs]
43.097: Total time for which application threads were stopped: 0.0006762 seconds, Stopping threads took: 0.0000279 seconds
43.164: [GC (Allocation Failure)  107169K->609K(448000K), 0.0004728 secs]
43.164: Total time for which application threads were stopped: 0.0005937 seconds, Stopping threads took: 0.0000197 seconds
43.235: [GC (Allocation Failure)  105057K->737K(445952K), 0.0005948 secs]
43.236: Total time for which application threads were stopped: 0.0006971 seconds, Stopping threads took: 0.0000182 seconds
43.303: [GC (Allocation Failure)  103137K->641K(443904K), 0.0005059 secs]
43.304: Total time for which application threads were stopped: 0.0006368 seconds, Stopping threads took: 0.0000204 seconds
43.370: [GC (Allocation Failure)  100993K->673K(441856K), 0.0005718 secs]
43.371: Total time for which application threads were stopped: 0.0007119 seconds, Stopping threads took: 0.0000267 seconds
43.436: [GC (Allocation Failure)  98977K->641K(439808K), 0.0005320 secs]
43.436: Total time for which application threads were stopped: 0.0006491 seconds, Stopping threads took: 0.0000199 seconds
43.496: [GC (Allocation Failure)  96897K->673K(437760K), 0.0004418 secs]
43.497: Total time for which application threads were stopped: 0.0005614 seconds, Stopping threads took: 0.0000201 seconds
43.556: [GC (Allocation Failure)  94881K->673K(436224K), 0.0004838 secs]
43.556: Total time for which application threads were stopped: 0.0005971 seconds, Stopping threads took: 0.0000197 seconds
43.616: [GC (Allocation Failure)  93345K->641K(434688K), 0.0004927 secs]
43.617: Total time for which application threads were stopped: 0.0006235 seconds, Stopping threads took: 0.0000204 seconds
43.674: [GC (Allocation Failure)  91777K->641K(433152K), 0.0006171 secs]
43.675: Total time for which application threads were stopped: 0.0007586 seconds, Stopping threads took: 0.0000215 seconds
43.731: [GC (Allocation Failure)  90241K->609K(431616K), 0.0005012 secs]
43.731: Total time for which application threads were stopped: 0.0006503 seconds, Stopping threads took: 0.0000208 seconds
43.787: [GC (Allocation Failure)  88673K->641K(430080K), 0.0005353 secs]
43.787: Total time for which application threads were stopped: 0.0006627 seconds, Stopping threads took: 0.0000204 seconds
43.841: [GC (Allocation Failure)  87169K->673K(428544K), 0.0006472 secs]
43.842: Total time for which application threads were stopped: 0.0007666 seconds, Stopping threads took: 0.0000201 seconds
43.901: [GC (Allocation Failure)  85665K->673K(427008K), 0.0007372 secs]
43.901: Total time for which application threads were stopped: 0.0008612 seconds, Stopping threads took: 0.0000268 seconds
43.953: [GC (Allocation Failure)  84129K->641K(425472K), 0.0005516 secs]
43.954: Total time for which application threads were stopped: 0.0008133 seconds, Stopping threads took: 0.0001378 seconds
44.011: [GC (Allocation Failure)  82561K->673K(423936K), 0.0005865 secs]
44.011: Total time for which application threads were stopped: 0.0007023 seconds, Stopping threads took: 0.0000199 seconds
44.069: [GC (Allocation Failure)  81057K->673K(422400K), 0.0004353 secs]
44.070: Total time for which application threads were stopped: 0.0005618 seconds, Stopping threads took: 0.0000263 seconds
44.120: [GC (Allocation Failure)  79521K->641K(421376K), 0.0004969 secs]
44.120: Total time for which application threads were stopped: 0.0006177 seconds, Stopping threads took: 0.0000253 seconds
44.174: [GC (Allocation Failure)  78465K->673K(420352K), 0.0004993 secs]
44.175: Total time for which application threads were stopped: 0.0006198 seconds, Stopping threads took: 0.0000191 seconds
44.227: [GC (Allocation Failure)  77473K->673K(419328K), 0.0005136 secs]
44.228: Total time for which application threads were stopped: 0.0006510 seconds, Stopping threads took: 0.0000356 seconds
44.275: [GC (Allocation Failure)  76449K->705K(418304K), 0.0005285 secs]
44.275: Total time for which application threads were stopped: 0.0006480 seconds, Stopping threads took: 0.0000190 seconds
44.322: [GC (Allocation Failure)  75457K->705K(417280K), 0.0006300 secs]
44.323: Total time for which application threads were stopped: 0.0007548 seconds, Stopping threads took: 0.0000295 seconds
44.369: [GC (Allocation Failure)  74433K->609K(416256K), 0.0004604 secs]
44.369: Total time for which application threads were stopped: 0.0005805 seconds, Stopping threads took: 0.0000203 seconds
44.419: [GC (Allocation Failure)  73313K->641K(415232K), 0.0005587 secs]
44.420: Total time for which application threads were stopped: 0.0006675 seconds, Stopping threads took: 0.0000169 seconds
44.465: [GC (Allocation Failure)  72321K->641K(414208K), 0.0004495 secs]
44.465: Total time for which application threads were stopped: 0.0005557 seconds, Stopping threads took: 0.0000172 seconds
44.509: [GC (Allocation Failure)  71297K->641K(413184K), 0.0005355 secs]
44.510: Total time for which application threads were stopped: 0.0006443 seconds, Stopping threads took: 0.0000167 seconds
44.554: [GC (Allocation Failure)  70273K->641K(412160K), 0.0004459 secs]
44.554: Total time for which application threads were stopped: 0.0005739 seconds, Stopping threads took: 0.0000278 seconds
44.598: [GC (Allocation Failure)  69249K->641K(411136K), 0.0004919 secs]
44.599: Total time for which application threads were stopped: 0.0006378 seconds, Stopping threads took: 0.0000261 seconds
44.641: [GC (Allocation Failure)  68225K->673K(410112K), 0.0004660 secs]
44.642: Total time for which application threads were stopped: 0.0006076 seconds, Stopping threads took: 0.0000287 seconds
44.684: [GC (Allocation Failure)  67233K->609K(423424K), 0.0006473 secs]
44.684: Total time for which application threads were stopped: 0.0007714 seconds, Stopping threads took: 0.0000200 seconds
44.741: [GC (Allocation Failure)  80481K->641K(422400K), 0.0004942 secs]
44.741: Total time for which application threads were stopped: 0.0006366 seconds, Stopping threads took: 0.0000268 seconds
44.795: [GC (Allocation Failure)  79489K->705K(421376K), 0.0005140 secs]
44.796: Total time for which application threads were stopped: 0.0006294 seconds, Stopping threads took: 0.0000197 seconds
44.850: [GC (Allocation Failure)  78529K->673K(420352K), 0.0004986 secs]
44.851: Total time for which application threads were stopped: 0.0006089 seconds, Stopping threads took: 0.0000172 seconds
44.902: [GC (Allocation Failure)  77473K->609K(419328K), 0.0005475 secs]
44.903: Total time for which application threads were stopped: 0.0006879 seconds, Stopping threads took: 0.0000217 seconds
44.950: [GC (Allocation Failure)  76385K->673K(418304K), 0.0004856 secs]
44.951: Total time for which application threads were stopped: 0.0006216 seconds, Stopping threads took: 0.0000214 seconds
44.997: [GC (Allocation Failure)  75425K->641K(417280K), 0.0005336 secs]
44.998: Total time for which application threads were stopped: 0.0006589 seconds, Stopping threads took: 0.0000202 seconds
45.044: [GC (Allocation Failure)  74369K->641K(416256K), 0.0005031 secs]
45.044: Total time for which application threads were stopped: 0.0006370 seconds, Stopping threads took: 0.0000198 seconds
45.090: [GC (Allocation Failure)  73345K->641K(415232K), 0.0004678 secs]
45.091: Total time for which application threads were stopped: 0.0005979 seconds, Stopping threads took: 0.0000260 seconds
45.142: [GC (Allocation Failure)  72321K->705K(414208K), 0.0004679 secs]
45.142: Total time for which application threads were stopped: 0.0005874 seconds, Stopping threads took: 0.0000195 seconds
45.186: [GC (Allocation Failure)  71361K->609K(413184K), 0.0005626 secs]
45.187: Total time for which application threads were stopped: 0.0006893 seconds, Stopping threads took: 0.0000201 seconds
45.232: [GC (Allocation Failure)  70241K->641K(412160K), 0.0004014 secs]
45.232: Total time for which application threads were stopped: 0.0005007 seconds, Stopping threads took: 0.0000173 seconds
45.275: [GC (Allocation Failure)  69249K->641K(411136K), 0.0004408 secs]
45.276: Total time for which application threads were stopped: 0.0005495 seconds, Stopping threads took: 0.0000255 seconds
45.318: [GC (Allocation Failure)  68225K->673K(410112K), 0.0004695 secs]
45.318: Total time for which application threads were stopped: 0.0005806 seconds, Stopping threads took: 0.0000171 seconds
45.365: [GC (Allocation Failure)  67233K->673K(409088K), 0.0005344 secs]
45.366: Total time for which application threads were stopped: 0.0006587 seconds, Stopping threads took: 0.0000277 seconds
45.412: [GC (Allocation Failure)  66209K->641K(408064K), 0.0004627 secs]
45.412: Total time for which application threads were stopped: 0.0005670 seconds, Stopping threads took: 0.0000169 seconds
45.453: [GC (Allocation Failure)  65153K->641K(407040K), 0.0005385 secs]
45.453: Total time for which application threads were stopped: 0.0006728 seconds, Stopping threads took: 0.0000202 seconds
45.493: [GC (Allocation Failure)  64129K->705K(419840K), 0.0006250 secs]
45.494: Total time for which application threads were stopped: 0.0007616 seconds, Stopping threads took: 0.0000304 seconds
45.547: [GC (Allocation Failure)  76993K->673K(418816K), 0.0004579 secs]
45.547: Total time for which application threads were stopped: 0.0005783 seconds, Stopping threads took: 0.0000198 seconds
45.602: [GC (Allocation Failure)  75937K->673K(417792K), 0.0004368 secs]
45.602: Total time for which application threads were stopped: 0.0005578 seconds, Stopping threads took: 0.0000265 seconds
45.649: [GC (Allocation Failure)  74913K->641K(416768K), 0.0005257 secs]
45.649: Total time for which application threads were stopped: 0.0006619 seconds, Stopping threads took: 0.0000220 seconds
45.695: [GC (Allocation Failure)  73857K->737K(431616K), 0.0008098 secs]
45.696: Total time for which application threads were stopped: 0.0009650 seconds, Stopping threads took: 0.0000306 seconds
45.757: [GC (Allocation Failure)  88801K->705K(449536K), 0.0006903 secs]
45.758: Total time for which application threads were stopped: 0.0008319 seconds, Stopping threads took: 0.0000229 seconds
45.828: [GC (Allocation Failure)  106689K->641K(447488K), 0.0005966 secs]
45.829: Total time for which application threads were stopped: 0.0007177 seconds, Stopping threads took: 0.0000195 seconds
45.897: [GC (Allocation Failure)  104577K->609K(445440K), 0.0005916 secs]
45.898: Total time for which application threads were stopped: 0.0007191 seconds, Stopping threads took: 0.0000278 seconds
45.967: [GC (Allocation Failure)  102497K->673K(443392K), 0.0005348 secs]
45.968: Total time for which application threads were stopped: 0.0006777 seconds, Stopping threads took: 0.0000217 seconds
46.034: [GC (Allocation Failure)  100513K->673K(441344K), 0.0005378 secs]
46.035: Total time for which application threads were stopped: 0.0006895 seconds, Stopping threads took: 0.0000236 seconds
46.096: [GC (Allocation Failure)  98465K->641K(439296K), 0.0006751 secs]
46.097: Total time for which application threads were stopped: 0.0008016 seconds, Stopping threads took: 0.0000266 seconds
46.156: [GC (Allocation Failure)  96385K->641K(437760K), 0.0005260 secs]
46.157: Total time for which application threads were stopped: 0.0006712 seconds, Stopping threads took: 0.0000254 seconds
46.221: [GC (Allocation Failure)  94849K->705K(436224K), 0.0004641 secs]
46.221: Total time for which application threads were stopped: 0.0005809 seconds, Stopping threads took: 0.0000167 seconds
46.279: [GC (Allocation Failure)  93377K->673K(434688K), 0.0006509 secs]
46.279: Total time for which application threads were stopped: 0.0007748 seconds, Stopping threads took: 0.0000198 seconds
46.336: [GC (Allocation Failure)  91809K->673K(433152K), 0.0005112 secs]
46.337: Total time for which application threads were stopped: 0.0006383 seconds, Stopping threads took: 0.0000216 seconds
46.392: [GC (Allocation Failure)  90273K->673K(431616K), 0.0005378 secs]
46.393: Total time for which application threads were stopped: 0.0006871 seconds, Stopping threads took: 0.0000291 seconds
46.448: [GC (Allocation Failure)  88737K->641K(430080K), 0.0005078 secs]
46.449: Total time for which application threads were stopped: 0.0006552 seconds, Stopping threads took: 0.0000301 seconds
46.503: [GC (Allocation Failure)  87169K->673K(428544K), 0.0006229 secs]
46.503: Total time for which application threads were stopped: 0.0007692 seconds, Stopping threads took: 0.0000216 seconds
46.556: [GC (Allocation Failure)  85665K->641K(427008K), 0.0005191 secs]
46.557: Total time for which application threads were stopped: 0.0006652 seconds, Stopping threads took: 0.0000221 seconds
46.614: [GC (Allocation Failure)  84097K->705K(425472K), 0.0004791 secs]
46.615: Total time for which application threads were stopped: 0.0006165 seconds, Stopping threads took: 0.0000268 seconds
46.672: [GC (Allocation Failure)  82625K->673K(423936K), 0.0004927 secs]
46.673: Total time for which application threads were stopped: 0.0006246 seconds, Stopping threads took: 0.0000223 seconds
46.723: [GC (Allocation Failure)  81057K->705K(422400K), 0.0004770 secs]
46.724: Total time for which application threads were stopped: 0.0006142 seconds, Stopping threads took: 0.0000213 seconds
46.778: [GC (Allocation Failure)  79553K->673K(421376K), 0.0006408 secs]
46.778: Total time for which application threads were stopped: 0.0007876 seconds, Stopping threads took: 0.0000301 seconds
46.827: [GC (Allocation Failure)  78497K->705K(420352K), 0.0005790 secs]
46.828: Total time for which application threads were stopped: 0.0007236 seconds, Stopping threads took: 0.0000220 seconds
46.876: [GC (Allocation Failure)  77505K->673K(419328K), 0.0005713 secs]
46.876: Total time for which application threads were stopped: 0.0007153 seconds, Stopping threads took: 0.0000229 seconds
46.923: [GC (Allocation Failure)  76449K->705K(418304K), 0.0004994 secs]
46.924: Total time for which application threads were stopped: 0.0006312 seconds, Stopping threads took: 0.0000236 seconds
46.971: [GC (Allocation Failure)  75457K->641K(417280K), 0.0004309 secs]
46.971: Total time for which application threads were stopped: 0.0005565 seconds, Stopping threads took: 0.0000271 seconds
47.017: [GC (Allocation Failure)  74369K->673K(416256K), 0.0004823 secs]
47.018: Total time for which application threads were stopped: 0.0006031 seconds, Stopping threads took: 0.0000192 seconds
47.064: [GC (Allocation Failure)  73377K->641K(415232K), 0.0004513 secs]
47.064: Total time for which application threads were stopped: 0.0005806 seconds, Stopping threads took: 0.0000258 seconds
47.109: [GC (Allocation Failure)  72321K->673K(414208K), 0.0004413 secs]
47.109: Total time for which application threads were stopped: 0.0005650 seconds, Stopping threads took: 0.0000271 seconds
47.159: [GC (Allocation Failure)  71329K->641K(413184K), 0.0005227 secs]
47.159: Total time for which application threads were stopped: 0.0006355 seconds, Stopping threads took: 0.0000178 seconds
47.203: [GC (Allocation Failure)  70273K->673K(427520K), 0.0008778 secs]
47.204: Total time for which application threads were stopped: 0.0010003 seconds, Stopping threads took: 0.0000144 seconds
47.257: [GC (Allocation Failure)  84641K->609K(444416K), 0.0005502 secs]
47.258: Total time for which application threads were stopped: 0.0006920 seconds, Stopping threads took: 0.0000289 seconds
47.325: [GC (Allocation Failure)  101473K->705K(442368K), 0.0006290 secs]
47.326: Total time for which application threads were stopped: 0.0007753 seconds, Stopping threads took: 0.0000212 seconds
47.392: [GC (Allocation Failure)  99521K->673K(440320K), 0.0006830 secs]
47.393: Total time for which application threads were stopped: 0.0008294 seconds, Stopping threads took: 0.0000287 seconds
47.453: [GC (Allocation Failure)  97441K->673K(438272K), 0.0005733 secs]
47.454: Total time for which application threads were stopped: 0.0007018 seconds, Stopping threads took: 0.0000210 seconds
47.513: [GC (Allocation Failure)  95393K->609K(436736K), 0.0006630 secs]
47.514: Total time for which application threads were stopped: 0.0008086 seconds, Stopping threads took: 0.0000204 seconds
47.572: [GC (Allocation Failure)  93793K->737K(435200K), 0.0003939 secs]
47.573: Total time for which application threads were stopped: 0.0005129 seconds, Stopping threads took: 0.0000255 seconds
47.632: [GC (Allocation Failure)  92385K->577K(433664K), 0.0005660 secs]
47.633: Total time for which application threads were stopped: 0.0007029 seconds, Stopping threads took: 0.0000286 seconds
47.689: [GC (Allocation Failure)  90689K->737K(432128K), 0.0004953 secs]
47.690: Total time for which application threads were stopped: 0.0006234 seconds, Stopping threads took: 0.0000218 seconds
47.751: [GC (Allocation Failure)  89313K->705K(430592K), 0.0005352 secs]
47.751: Total time for which application threads were stopped: 0.0006503 seconds, Stopping threads took: 0.0000196 seconds
47.809: [GC (Allocation Failure)  87745K->641K(429056K), 0.0005910 secs]
47.810: Total time for which application threads were stopped: 0.0006970 seconds, Stopping threads took: 0.0000178 seconds
47.867: [GC (Allocation Failure)  86145K->673K(427520K), 0.0005187 secs]
47.868: Total time for which application threads were stopped: 0.0006468 seconds, Stopping threads took: 0.0000271 seconds
47.926: [GC (Allocation Failure)  84641K->705K(425984K), 0.0004476 secs]
47.926: Total time for which application threads were stopped: 0.0005675 seconds, Stopping threads took: 0.0000197 seconds
47.978: [GC (Allocation Failure)  83137K->641K(424448K), 0.0004180 secs]
47.978: Total time for which application threads were stopped: 0.0005441 seconds, Stopping threads took: 0.0000246 seconds
48.032: [GC (Allocation Failure)  81537K->737K(422912K), 0.0005110 secs]
48.033: Total time for which application threads were stopped: 0.0006433 seconds, Stopping threads took: 0.0000206 seconds
48.084: [GC (Allocation Failure)  80097K->641K(421888K), 0.0004181 secs]
48.084: Total time for which application threads were stopped: 0.0005464 seconds, Stopping threads took: 0.0000276 seconds
48.133: [GC (Allocation Failure)  78977K->705K(420864K), 0.0004897 secs]
48.134: Total time for which application threads were stopped: 0.0006211 seconds, Stopping threads took: 0.0000218 seconds
48.182: [GC (Allocation Failure)  78017K->673K(419840K), 0.0005304 secs]
48.183: Total time for which application threads were stopped: 0.0006509 seconds, Stopping threads took: 0.0000200 seconds
48.232: [GC (Allocation Failure)  76961K->673K(418816K), 0.0005743 secs]
48.232: Total time for which application threads were stopped: 0.0007058 seconds, Stopping threads took: 0.0000201 seconds
48.280: [GC (Allocation Failure)  75937K->673K(417792K), 0.0005012 secs]
48.280: Total time for which application threads were stopped: 0.0006354 seconds, Stopping threads took: 0.0000206 seconds
48.327: [GC (Allocation Failure)  74913K->641K(416768K), 0.0004697 secs]
48.327: Total time for which application threads were stopped: 0.0006097 seconds, Stopping threads took: 0.0000214 seconds
48.373: [GC (Allocation Failure)  73857K->705K(415744K), 0.0005335 secs]
48.374: Total time for which application threads were stopped: 0.0006792 seconds, Stopping threads took: 0.0000220 seconds
48.419: [GC (Allocation Failure)  72897K->673K(414720K), 0.0005265 secs]
48.420: Total time for which application threads were stopped: 0.0006765 seconds, Stopping threads took: 0.0000234 seconds
48.467: [GC (Allocation Failure)  71841K->705K(413696K), 0.0005728 secs]
48.468: Total time for which application threads were stopped: 0.0007254 seconds, Stopping threads took: 0.0000306 seconds
48.512: [GC (Allocation Failure)  70849K->737K(412672K), 0.0004876 secs]
48.512: Total time for which application threads were stopped: 0.0006208 seconds, Stopping threads took: 0.0000193 seconds
48.561: [GC (Allocation Failure)  69857K->705K(411648K), 0.0005567 secs]
48.561: Total time for which application threads were stopped: 0.0006970 seconds, Stopping threads took: 0.0000214 seconds
48.611: [GC (Allocation Failure)  68801K->673K(410624K), 0.0005230 secs]
48.611: Total time for which application threads were stopped: 0.0006599 seconds, Stopping threads took: 0.0000210 seconds
48.653: [GC (Allocation Failure)  67745K->673K(409600K), 0.0005039 secs]
48.654: Total time for which application threads were stopped: 0.0006166 seconds, Stopping threads took: 0.0000175 seconds
48.695: [GC (Allocation Failure)  66721K->673K(408576K), 0.0005395 secs]
48.696: Total time for which application threads were stopped: 0.0006863 seconds, Stopping threads took: 0.0000221 seconds
48.737: [GC (Allocation Failure)  65697K->641K(407552K), 0.0004894 secs]
48.737: Total time for which application threads were stopped: 0.0006174 seconds, Stopping threads took: 0.0000278 seconds
48.778: [GC (Allocation Failure)  64641K->673K(420352K), 0.0005629 secs]
48.778: Total time for which application threads were stopped: 0.0006850 seconds, Stopping threads took: 0.0000195 seconds
48.833: [GC (Allocation Failure)  77473K->737K(435712K), 0.0007171 secs]
48.834: Total time for which application threads were stopped: 0.0008479 seconds, Stopping threads took: 0.0000205 seconds
48.891: [GC (Allocation Failure)  92897K->641K(454144K), 0.0005689 secs]
48.892: Total time for which application threads were stopped: 0.0007158 seconds, Stopping threads took: 0.0000206 seconds
48.966: [GC (Allocation Failure)  111233K->673K(452096K), 0.0007638 secs]
48.967: Total time for which application threads were stopped: 0.0009166 seconds, Stopping threads took: 0.0000214 seconds
49.040: [GC (Allocation Failure)  109217K->673K(450048K), 0.0006441 secs]
49.041: Total time for which application threads were stopped: 0.0007968 seconds, Stopping threads took: 0.0000236 seconds
49.108: [GC (Allocation Failure)  107169K->673K(448000K), 0.0004133 secs]
49.109: Total time for which application threads were stopped: 0.0005338 seconds, Stopping threads took: 0.0000201 seconds
49.174: [GC (Allocation Failure)  105121K->673K(445952K), 0.0004984 secs]
49.175: Total time for which application threads were stopped: 0.0006266 seconds, Stopping threads took: 0.0000220 seconds
49.246: [GC (Allocation Failure)  103073K->641K(443904K), 0.0004818 secs]
49.247: Total time for which application threads were stopped: 0.0006018 seconds, Stopping threads took: 0.0000190 seconds
49.314: [GC (Allocation Failure)  100993K->673K(441856K), 0.0004765 secs]
49.314: Total time for which application threads were stopped: 0.0006203 seconds, Stopping threads took: 0.0000222 seconds
49.381: [GC (Allocation Failure)  98977K->673K(439808K), 0.0004531 secs]
49.381: Total time for which application threads were stopped: 0.0005700 seconds, Stopping threads took: 0.0000194 seconds
49.448: [GC (Allocation Failure)  96929K->705K(437760K), 0.0006290 secs]
49.448: Total time for which application threads were stopped: 0.0007698 seconds, Stopping threads took: 0.0000219 seconds
49.507: [GC (Allocation Failure)  94913K->737K(436224K), 0.0005069 secs]
49.507: Total time for which application threads were stopped: 0.0006373 seconds, Stopping threads took: 0.0000205 seconds
49.565: [GC (Allocation Failure)  93409K->641K(434688K), 0.0004907 secs]
49.566: Total time for which application threads were stopped: 0.0006271 seconds, Stopping threads took: 0.0000263 seconds
49.622: [GC (Allocation Failure)  91777K->641K(433152K), 0.0004665 secs]
49.623: Total time for which application threads were stopped: 0.0006047 seconds, Stopping threads took: 0.0000292 seconds
49.685: [GC (Allocation Failure)  90241K->705K(431616K), 0.0004721 secs]
49.685: Total time for which application threads were stopped: 0.0006038 seconds, Stopping threads took: 0.0000170 seconds
49.740: [GC (Allocation Failure)  88769K->705K(430080K), 0.0004853 secs]
49.741: Total time for which application threads were stopped: 0.0006271 seconds, Stopping threads took: 0.0000290 seconds
49.795: [GC (Allocation Failure)  87233K->641K(428544K), 0.0005453 secs]
49.795: Total time for which application threads were stopped: 0.0006830 seconds, Stopping threads took: 0.0000208 seconds
49.854: [GC (Allocation Failure)  85633K->641K(427008K), 0.0004920 secs]
49.855: Total time for which application threads were stopped: 0.0006191 seconds, Stopping threads took: 0.0000204 seconds
49.907: [GC (Allocation Failure)  84097K->641K(425472K), 0.0004849 secs]
49.908: Total time for which application threads were stopped: 0.0006057 seconds, Stopping threads took: 0.0000193 seconds
49.965: [GC (Allocation Failure)  82561K->641K(423936K), 0.0004766 secs]
49.966: Total time for which application threads were stopped: 0.0005948 seconds, Stopping threads took: 0.0000196 seconds
50.021: [GC (Allocation Failure)  81025K->641K(422400K), 0.0004785 secs]
50.022: Total time for which application threads were stopped: 0.0006017 seconds, Stopping threads took: 0.0000302 seconds
50.074: [GC (Allocation Failure)  79489K->737K(421376K), 0.0003655 secs]
50.075: Total time for which application threads were stopped: 0.0004941 seconds, Stopping threads took: 0.0000172 seconds
50.123: [GC (Allocation Failure)  78561K->673K(420352K), 0.0004717 secs]
50.124: Total time for which application threads were stopped: 0.0005879 seconds, Stopping threads took: 0.0000268 seconds
50.172: [GC (Allocation Failure)  77473K->641K(419328K), 0.0004840 secs]
50.173: Total time for which application threads were stopped: 0.0006073 seconds, Stopping threads took: 0.0000201 seconds
50.221: [GC (Allocation Failure)  76417K->673K(418304K), 0.0005051 secs]
50.222: Total time for which application threads were stopped: 0.0006368 seconds, Stopping threads took: 0.0000187 seconds
50.268: [GC (Allocation Failure)  75425K->641K(417280K), 0.0005668 secs]
50.269: Total time for which application threads were stopped: 0.0007085 seconds, Stopping threads took: 0.0000209 seconds
50.315: [GC (Allocation Failure)  74369K->641K(416256K), 0.0005090 secs]
50.316: Total time for which application threads were stopped: 0.0006406 seconds, Stopping threads took: 0.0000221 seconds
50.368: [GC (Allocation Failure)  73345K->609K(415232K), 0.0005356 secs]
50.368: Total time for which application threads were stopped: 0.0006661 seconds, Stopping threads took: 0.0000294 seconds
50.417: [GC (Allocation Failure)  72289K->705K(414208K), 0.0004354 secs]
50.418: Total time for which application threads were stopped: 0.0005406 seconds, Stopping threads took: 0.0000173 seconds
50.462: [GC (Allocation Failure)  71361K->641K(413184K), 0.0004658 secs]
50.462: Total time for which application threads were stopped: 0.0005722 seconds, Stopping threads took: 0.0000176 seconds
50.513: [GC (Allocation Failure)  70273K->641K(412160K), 0.0005727 secs]
50.513: Total time for which application threads were stopped: 0.0006959 seconds, Stopping threads took: 0.0000203 seconds
50.556: [GC (Allocation Failure)  69249K->609K(411136K), 0.0005138 secs]
50.557: Total time for which application threads were stopped: 0.0006594 seconds, Stopping threads took: 0.0000215 seconds
50.600: [GC (Allocation Failure)  68193K->641K(410112K), 0.0004886 secs]
50.601: Total time for which application threads were stopped: 0.0006432 seconds, Stopping threads took: 0.0000275 seconds
50.648: [GC (Allocation Failure)  67201K->641K(409088K), 0.0006125 secs]
50.649: Total time for which application threads were stopped: 0.0007671 seconds, Stopping threads took: 0.0000295 seconds
50.693: [GC (Allocation Failure)  66177K->673K(408064K), 0.0005172 secs]
50.694: Total time for which application threads were stopped: 0.0006422 seconds, Stopping threads took: 0.0000225 seconds
50.735: [GC (Allocation Failure)  65185K->641K(407040K), 0.0004953 secs]
50.735: Total time for which application threads were stopped: 0.0006153 seconds, Stopping threads took: 0.0000195 seconds
50.778: [GC (Allocation Failure)  64129K->705K(419840K), 0.0005667 secs]
50.779: Total time for which application threads were stopped: 0.0006880 seconds, Stopping threads took: 0.0000195 seconds
50.831: [GC (Allocation Failure)  76993K->641K(435200K), 0.0006618 secs]
50.832: Total time for which application threads were stopped: 0.0008100 seconds, Stopping threads took: 0.0000214 seconds
50.889: [GC (Allocation Failure)  92289K->673K(453632K), 0.0006253 secs]
50.889: Total time for which application threads were stopped: 0.0007618 seconds, Stopping threads took: 0.0000211 seconds
50.958: [GC (Allocation Failure)  110753K->673K(451584K), 0.0005082 secs]
50.958: Total time for which application threads were stopped: 0.0006572 seconds, Stopping threads took: 0.0000305 seconds
51.026: [GC (Allocation Failure)  108705K->673K(449536K), 0.0004780 secs]
51.026: Total time for which application threads were stopped: 0.0006083 seconds, Stopping threads took: 0.0000283 seconds
51.093: [GC (Allocation Failure)  106657K->641K(447488K), 0.0005728 secs]
51.093: Total time for which application threads were stopped: 0.0007109 seconds, Stopping threads took: 0.0000278 seconds
51.158: [GC (Allocation Failure)  104577K->705K(445440K), 0.0005550 secs]
51.158: Total time for which application threads were stopped: 0.0006959 seconds, Stopping threads took: 0.0000289 seconds
51.223: [GC (Allocation Failure)  102593K->609K(443392K), 0.0005246 secs]
51.223: Total time for which application threads were stopped: 0.0006322 seconds, Stopping threads took: 0.0000140 seconds
51.286: [GC (Allocation Failure)  100449K->673K(441344K), 0.0005473 secs]
51.287: Total time for which application threads were stopped: 0.0006800 seconds, Stopping threads took: 0.0000286 seconds
51.348: [GC (Allocation Failure)  98465K->705K(439296K), 0.0005197 secs]
51.348: Total time for which application threads were stopped: 0.0006627 seconds, Stopping threads took: 0.0000299 seconds
51.408: [GC (Allocation Failure)  96449K->641K(437760K), 0.0005586 secs]
51.409: Total time for which application threads were stopped: 0.0007113 seconds, Stopping threads took: 0.0000296 seconds
51.473: [GC (Allocation Failure)  94849K->641K(436224K), 0.0005247 secs]
51.474: Total time for which application threads were stopped: 0.0006719 seconds, Stopping threads took: 0.0000218 seconds
51.537: [GC (Allocation Failure)  93313K->609K(434688K), 0.0005966 secs]
51.537: Total time for which application threads were stopped: 0.0007253 seconds, Stopping threads took: 0.0000190 seconds
51.594: [GC (Allocation Failure)  91745K->673K(433152K), 0.0006459 secs]
51.595: Total time for which application threads were stopped: 0.0007655 seconds, Stopping threads took: 0.0000193 seconds
51.651: [GC (Allocation Failure)  90273K->673K(431616K), 0.0004871 secs]
51.651: Total time for which application threads were stopped: 0.0006068 seconds, Stopping threads took: 0.0000202 seconds
51.706: [GC (Allocation Failure)  88737K->641K(430080K), 0.0005078 secs]
51.706: Total time for which application threads were stopped: 0.0006335 seconds, Stopping threads took: 0.0000280 seconds
51.766: [GC (Allocation Failure)  87169K->673K(428544K), 0.0004805 secs]
51.766: Total time for which application threads were stopped: 0.0006007 seconds, Stopping threads took: 0.0000193 seconds
51.824: [GC (Allocation Failure)  85665K->609K(427008K), 0.0006137 secs]
51.825: Total time for which application threads were stopped: 0.0007690 seconds, Stopping threads took: 0.0000281 seconds
51.882: [GC (Allocation Failure)  84065K->641K(425472K), 0.0005438 secs]
51.882: Total time for which application threads were stopped: 0.0006801 seconds, Stopping threads took: 0.0000199 seconds
51.938: [GC (Allocation Failure)  82561K->673K(423936K), 0.0004752 secs]
51.938: Total time for which application threads were stopped: 0.0006209 seconds, Stopping threads took: 0.0000303 seconds
51.994: [GC (Allocation Failure)  81057K->705K(422400K), 0.0004848 secs]
51.994: Total time for which application threads were stopped: 0.0006049 seconds, Stopping threads took: 0.0000197 seconds
52.044: [GC (Allocation Failure)  79553K->609K(421376K), 0.0005327 secs]
52.044: Total time for which application threads were stopped: 0.0006487 seconds, Stopping threads took: 0.0000277 seconds
52.099: [GC (Allocation Failure)  78433K->609K(420352K), 0.0004733 secs]
52.099: Total time for which application threads were stopped: 0.0006171 seconds, Stopping threads took: 0.0000281 seconds
52.153: [GC (Allocation Failure)  77409K->705K(419328K), 0.0004744 secs]
52.154: Total time for which application threads were stopped: 0.0005991 seconds, Stopping threads took: 0.0000277 seconds
52.205: [GC (Allocation Failure)  76481K->641K(418304K), 0.0005171 secs]
52.205: Total time for which application threads were stopped: 0.0006413 seconds, Stopping threads took: 0.0000259 seconds
52.254: [GC (Allocation Failure)  75393K->673K(417280K), 0.0005378 secs]
52.255: Total time for which application threads were stopped: 0.0006781 seconds, Stopping threads took: 0.0000278 seconds
52.301: [GC (Allocation Failure)  74401K->737K(416256K), 0.0004804 secs]
52.301: Total time for which application threads were stopped: 0.0006000 seconds, Stopping threads took: 0.0000191 seconds
52.347: [GC (Allocation Failure)  73441K->641K(415232K), 0.0004678 secs]
52.347: Total time for which application threads were stopped: 0.0005859 seconds, Stopping threads took: 0.0000198 seconds
52.398: [GC (Allocation Failure)  72321K->609K(414208K), 0.0005686 secs]
52.399: Total time for which application threads were stopped: 0.0006830 seconds, Stopping threads took: 0.0000188 seconds
52.448: [GC (Allocation Failure)  71265K->673K(413184K), 0.0007265 secs]
52.448: Total time for which application threads were stopped: 0.0008651 seconds, Stopping threads took: 0.0000206 seconds
52.498: [GC (Allocation Failure)  70305K->673K(412160K), 0.0005520 secs]
52.498: Total time for which application threads were stopped: 0.0007032 seconds, Stopping threads took: 0.0000298 seconds
52.547: [GC (Allocation Failure)  69281K->673K(411136K), 0.0005669 secs]
52.547: Total time for which application threads were stopped: 0.0007010 seconds, Stopping threads took: 0.0000287 seconds
52.590: [GC (Allocation Failure)  68257K->609K(424960K), 0.0005288 secs]
52.590: Total time for which application threads were stopped: 0.0006472 seconds, Stopping threads took: 0.0000198 seconds
52.641: [GC (Allocation Failure)  82017K->673K(423424K), 0.0005265 secs]
52.642: Total time for which application threads were stopped: 0.0006694 seconds, Stopping threads took: 0.0000297 seconds
52.692: [GC (Allocation Failure)  80545K->673K(422400K), 0.0005328 secs]
52.692: Total time for which application threads were stopped: 0.0006716 seconds, Stopping threads took: 0.0000217 seconds
52.742: [GC (Allocation Failure)  79521K->641K(421376K), 0.0005298 secs]
52.742: Total time for which application threads were stopped: 0.0006855 seconds, Stopping threads took: 0.0000297 seconds
52.796: [GC (Allocation Failure)  78465K->673K(420352K), 0.0005247 secs]
52.796: Total time for which application threads were stopped: 0.0006649 seconds, Stopping threads took: 0.0000216 seconds
52.844: [GC (Allocation Failure)  77473K->673K(419328K), 0.0005264 secs]
52.845: Total time for which application threads were stopped: 0.0006739 seconds, Stopping threads took: 0.0000301 seconds
52.892: [GC (Allocation Failure)  76449K->673K(418304K), 0.0005297 secs]
52.893: Total time for which application threads were stopped: 0.0007086 seconds, Stopping threads took: 0.0000314 seconds
52.939: [GC (Allocation Failure)  75425K->641K(417280K), 0.0005225 secs]
52.940: Total time for which application threads were stopped: 0.0006696 seconds, Stopping threads took: 0.0000216 seconds
52.989: [GC (Allocation Failure)  74369K->705K(416256K), 0.0004688 secs]
52.990: Total time for which application threads were stopped: 0.0005967 seconds, Stopping threads took: 0.0000272 seconds
53.035: [GC (Allocation Failure)  73409K->673K(415232K), 0.0004886 secs]
53.036: Total time for which application threads were stopped: 0.0006287 seconds, Stopping threads took: 0.0000294 seconds
53.088: [GC (Allocation Failure)  72353K->705K(414208K), 0.0005409 secs]
53.088: Total time for which application threads were stopped: 0.0006622 seconds, Stopping threads took: 0.0000199 seconds
53.135: [GC (Allocation Failure)  71361K->673K(413184K), 0.0004766 secs]
53.136: Total time for which application threads were stopped: 0.0005990 seconds, Stopping threads took: 0.0000247 seconds
53.180: [GC (Allocation Failure)  70305K->673K(412160K), 0.0004908 secs]
53.180: Total time for which application threads were stopped: 0.0006333 seconds, Stopping threads took: 0.0000214 seconds
53.230: [GC (Allocation Failure)  69281K->641K(411136K), 0.0004826 secs]
53.231: Total time for which application threads were stopped: 0.0006288 seconds, Stopping threads took: 0.0000296 seconds
53.277: [GC (Allocation Failure)  68225K->609K(410112K), 0.0005122 secs]
53.277: Total time for which application threads were stopped: 0.0006668 seconds, Stopping threads took: 0.0000309 seconds
53.325: [GC (Allocation Failure)  67169K->641K(409088K), 0.0005449 secs]
53.326: Total time for which application threads were stopped: 0.0006831 seconds, Stopping threads took: 0.0000217 seconds
53.370: [GC (Allocation Failure)  66177K->673K(408064K), 0.0005523 secs]
53.371: Total time for which application threads were stopped: 0.0007075 seconds, Stopping threads took: 0.0000303 seconds
53.411: [GC (Allocation Failure)  65185K->673K(407040K), 0.0005024 secs]
53.411: Total time for which application threads were stopped: 0.0006505 seconds, Stopping threads took: 0.0000220 seconds
53.457: [GC (Allocation Failure)  64161K->673K(419840K), 0.0006020 secs]
53.458: Total time for which application threads were stopped: 0.0007315 seconds, Stopping threads took: 0.0000283 seconds
53.510: [GC (Allocation Failure)  76961K->673K(418816K), 0.0004989 secs]
53.510: Total time for which application threads were stopped: 0.0006289 seconds, Stopping threads took: 0.0000204 seconds
53.558: [GC (Allocation Failure)  75937K->673K(417792K), 0.0005479 secs]
53.558: Total time for which application threads were stopped: 0.0006708 seconds, Stopping threads took: 0.0000199 seconds
53.606: [GC (Allocation Failure)  74913K->641K(416768K), 0.0004626 secs]
53.607: Total time for which application threads were stopped: 0.0005914 seconds, Stopping threads took: 0.0000286 seconds
53.656: [GC (Allocation Failure)  73857K->673K(415744K), 0.0006088 secs]
53.657: Total time for which application threads were stopped: 0.0007518 seconds, Stopping threads took: 0.0000219 seconds
53.702: [GC (Allocation Failure)  72865K->641K(414720K), 0.0005432 secs]
53.703: Total time for which application threads were stopped: 0.0006810 seconds, Stopping threads took: 0.0000200 seconds
53.753: [GC (Allocation Failure)  71809K->673K(413696K), 0.0005338 secs]
53.754: Total time for which application threads were stopped: 0.0006852 seconds, Stopping threads took: 0.0000306 seconds
53.798: [GC (Allocation Failure)  70817K->705K(412672K), 0.0004699 secs]
53.798: Total time for which application threads were stopped: 0.0005955 seconds, Stopping threads took: 0.0000225 seconds
53.846: [GC (Allocation Failure)  69825K->609K(411648K), 0.0004397 secs]
53.847: Total time for which application threads were stopped: 0.0005489 seconds, Stopping threads took: 0.0000168 seconds
53.890: [GC (Allocation Failure)  68705K->641K(410624K), 0.0005891 secs]
53.890: Total time for which application threads were stopped: 0.0007223 seconds, Stopping threads took: 0.0000191 seconds
53.935: [GC (Allocation Failure)  67713K->673K(424448K), 0.0006847 secs]
53.936: Total time for which application threads were stopped: 0.0008147 seconds, Stopping threads took: 0.0000213 seconds
53.987: [GC (Allocation Failure)  81569K->641K(440832K), 0.0006263 secs]
53.987: Total time for which application threads were stopped: 0.0007701 seconds, Stopping threads took: 0.0000229 seconds
54.048: [GC (Allocation Failure)  97921K->673K(438784K), 0.0005231 secs]
54.048: Total time for which application threads were stopped: 0.0006672 seconds, Stopping threads took: 0.0000221 seconds
54.108: [GC (Allocation Failure)  95905K->641K(437248K), 0.0005817 secs]
54.109: Total time for which application threads were stopped: 0.0007354 seconds, Stopping threads took: 0.0000276 seconds
54.173: [GC (Allocation Failure)  94337K->641K(435712K), 0.0004882 secs]
54.173: Total time for which application threads were stopped: 0.0006234 seconds, Stopping threads took: 0.0000299 seconds
54.231: [GC (Allocation Failure)  92801K->609K(434176K), 0.0004652 secs]
54.232: Total time for which application threads were stopped: 0.0005927 seconds, Stopping threads took: 0.0000271 seconds
54.288: [GC (Allocation Failure)  91233K->641K(432640K), 0.0005766 secs]
54.289: Total time for which application threads were stopped: 0.0007060 seconds, Stopping threads took: 0.0000279 seconds
54.345: [GC (Allocation Failure)  89729K->705K(431104K), 0.0005107 secs]
54.345: Total time for which application threads were stopped: 0.0006404 seconds, Stopping threads took: 0.0000278 seconds
54.406: [GC (Allocation Failure)  88257K->705K(429568K), 0.0005115 secs]
54.407: Total time for which application threads were stopped: 0.0006531 seconds, Stopping threads took: 0.0000289 seconds
54.461: [GC (Allocation Failure)  86721K->641K(428032K), 0.0005199 secs]
54.461: Total time for which application threads were stopped: 0.0006661 seconds, Stopping threads took: 0.0000226 seconds
54.520: [GC (Allocation Failure)  85121K->705K(426496K), 0.0005672 secs]
54.521: Total time for which application threads were stopped: 0.0007070 seconds, Stopping threads took: 0.0000225 seconds
54.573: [GC (Allocation Failure)  83649K->673K(424960K), 0.0004568 secs]
54.574: Total time for which application threads were stopped: 0.0005917 seconds, Stopping threads took: 0.0000194 seconds
54.625: [GC (Allocation Failure)  82081K->673K(423424K), 0.0005042 secs]
54.625: Total time for which application threads were stopped: 0.0006310 seconds, Stopping threads took: 0.0000211 seconds
54.679: [GC (Allocation Failure)  80545K->609K(422400K), 0.0004863 secs]
54.680: Total time for which application threads were stopped: 0.0006193 seconds, Stopping threads took: 0.0000190 seconds
54.729: [GC (Allocation Failure)  79457K->641K(421376K), 0.0004785 secs]
54.730: Total time for which application threads were stopped: 0.0006202 seconds, Stopping threads took: 0.0000212 seconds
54.778: [GC (Allocation Failure)  78465K->673K(420352K), 0.0004778 secs]
54.779: Total time for which application threads were stopped: 0.0006083 seconds, Stopping threads took: 0.0000224 seconds
54.827: [GC (Allocation Failure)  77473K->609K(419328K), 0.0005354 secs]
54.827: Total time for which application threads were stopped: 0.0006722 seconds, Stopping threads took: 0.0000198 seconds
54.880: [GC (Allocation Failure)  76385K->705K(418304K), 0.0004826 secs]
54.881: Total time for which application threads were stopped: 0.0006133 seconds, Stopping threads took: 0.0000231 seconds
54.928: [GC (Allocation Failure)  75457K->673K(417280K), 0.0004870 secs]
54.928: Total time for which application threads were stopped: 0.0006155 seconds, Stopping threads took: 0.0000199 seconds
54.975: [GC (Allocation Failure)  74401K->737K(416256K), 0.0005741 secs]
54.976: Total time for which application threads were stopped: 0.0007283 seconds, Stopping threads took: 0.0000220 seconds
55.028: [GC (Allocation Failure)  73441K->641K(415232K), 0.0004803 secs]
55.029: Total time for which application threads were stopped: 0.0006037 seconds, Stopping threads took: 0.0000267 seconds
55.078: [GC (Allocation Failure)  72321K->641K(414208K), 0.0004741 secs]
55.078: Total time for which application threads were stopped: 0.0006009 seconds, Stopping threads took: 0.0000271 seconds
55.123: [GC (Allocation Failure)  71297K->609K(413184K), 0.0005739 secs]
55.123: Total time for which application threads were stopped: 0.0006956 seconds, Stopping threads took: 0.0000272 seconds
55.170: [GC (Allocation Failure)  70241K->577K(412160K), 0.0005797 secs]
55.171: Total time for which application threads were stopped: 0.0006904 seconds, Stopping threads took: 0.0000171 seconds
55.214: [GC (Allocation Failure)  69185K->641K(411136K), 0.0005138 secs]
55.215: Total time for which application threads were stopped: 0.0006589 seconds, Stopping threads took: 0.0000273 seconds
55.260: [GC (Allocation Failure)  68225K->641K(410112K), 0.0004353 secs]
55.260: Total time for which application threads were stopped: 0.0005924 seconds, Stopping threads took: 0.0000474 seconds
55.307: [GC (Allocation Failure)  67201K->641K(409088K), 0.0005222 secs]
55.307: Total time for which application threads were stopped: 0.0006659 seconds, Stopping threads took: 0.0000204 seconds
55.353: [GC (Allocation Failure)  66177K->641K(408064K), 0.0005256 secs]
55.354: Total time for which application threads were stopped: 0.0006648 seconds, Stopping threads took: 0.0000225 seconds
55.397: [GC (Allocation Failure)  65153K->673K(421376K), 0.0007856 secs]
55.398: Total time for which application threads were stopped: 0.0009444 seconds, Stopping threads took: 0.0000300 seconds
55.447: [GC (Allocation Failure)  78497K->641K(437248K), 0.0005093 secs]
55.447: Total time for which application threads were stopped: 0.0006604 seconds, Stopping threads took: 0.0000306 seconds
55.512: [GC (Allocation Failure)  94337K->673K(435712K), 0.0004857 secs]
55.513: Total time for which application threads were stopped: 0.0006096 seconds, Stopping threads took: 0.0000281 seconds
55.570: [GC (Allocation Failure)  92833K->673K(434176K), 0.0006751 secs]
55.571: Total time for which application threads were stopped: 0.0008011 seconds, Stopping threads took: 0.0000202 seconds
55.629: [GC (Allocation Failure)  91297K->673K(432640K), 0.0004803 secs]
55.630: Total time for which application threads were stopped: 0.0006065 seconds, Stopping threads took: 0.0000205 seconds
55.691: [GC (Allocation Failure)  89761K->641K(431104K), 0.0006047 secs]
55.691: Total time for which application threads were stopped: 0.0007615 seconds, Stopping threads took: 0.0000290 seconds
55.752: [GC (Allocation Failure)  88193K->609K(429568K), 0.0004521 secs]
55.753: Total time for which application threads were stopped: 0.0005711 seconds, Stopping threads took: 0.0000193 seconds
55.812: [GC (Allocation Failure)  86625K->641K(428032K), 0.0004831 secs]
55.812: Total time for which application threads were stopped: 0.0006025 seconds, Stopping threads took: 0.0000197 seconds
55.871: [GC (Allocation Failure)  85121K->641K(426496K), 0.0004859 secs]
55.871: Total time for which application threads were stopped: 0.0006229 seconds, Stopping threads took: 0.0000277 seconds
55.923: [GC (Allocation Failure)  83585K->673K(424960K), 0.0006564 secs]
55.924: Total time for which application threads were stopped: 0.0008016 seconds, Stopping threads took: 0.0000287 seconds
55.975: [GC (Allocation Failure)  82081K->641K(423424K), 0.0004983 secs]
55.975: Total time for which application threads were stopped: 0.0006162 seconds, Stopping threads took: 0.0000191 seconds
56.025: [GC (Allocation Failure)  80513K->673K(422400K), 0.0004405 secs]
56.025: Total time for which application threads were stopped: 0.0005687 seconds, Stopping threads took: 0.0000278 seconds
56.075: [GC (Allocation Failure)  79521K->737K(421376K), 0.0004834 secs]
56.075: Total time for which application threads were stopped: 0.0005991 seconds, Stopping threads took: 0.0000257 seconds
56.124: [GC (Allocation Failure)  78561K->609K(420352K), 0.0005073 secs]
56.125: Total time for which application threads were stopped: 0.0006415 seconds, Stopping threads took: 0.0000300 seconds
56.178: [GC (Allocation Failure)  77409K->673K(419328K), 0.0004985 secs]
56.179: Total time for which application threads were stopped: 0.0006279 seconds, Stopping threads took: 0.0000190 seconds
56.227: [GC (Allocation Failure)  76449K->705K(418304K), 0.0006758 secs]
56.228: Total time for which application threads were stopped: 0.0008062 seconds, Stopping threads took: 0.0000191 seconds
56.277: [GC (Allocation Failure)  75457K->609K(417280K), 0.0005831 secs]
56.277: Total time for which application threads were stopped: 0.0007055 seconds, Stopping threads took: 0.0000199 seconds
56.323: [GC (Allocation Failure)  74337K->673K(416256K), 0.0004494 secs]
56.324: Total time for which application threads were stopped: 0.0005685 seconds, Stopping threads took: 0.0000193 seconds
56.369: [GC (Allocation Failure)  73377K->705K(415232K), 0.0004710 secs]
56.370: Total time for which application threads were stopped: 0.0005942 seconds, Stopping threads took: 0.0000195 seconds
56.414: [GC (Allocation Failure)  72385K->609K(429568K), 0.0006949 secs]
56.415: Total time for which application threads were stopped: 0.0008255 seconds, Stopping threads took: 0.0000200 seconds
56.475: [GC (Allocation Failure)  86625K->705K(446976K), 0.0006779 secs]
56.476: Total time for which application threads were stopped: 0.0008310 seconds, Stopping threads took: 0.0000237 seconds
56.546: [GC (Allocation Failure)  104129K->705K(444928K), 0.0006533 secs]
56.547: Total time for which application threads were stopped: 0.0007931 seconds, Stopping threads took: 0.0000279 seconds
56.611: [GC (Allocation Failure)  102081K->641K(442880K), 0.0006021 secs]
56.611: Total time for which application threads were stopped: 0.0007343 seconds, Stopping threads took: 0.0000287 seconds
56.673: [GC (Allocation Failure)  99969K->673K(440832K), 0.0004614 secs]
56.674: Total time for which application threads were stopped: 0.0005873 seconds, Stopping threads took: 0.0000277 seconds
56.734: [GC (Allocation Failure)  97953K->673K(438784K), 0.0004837 secs]
56.735: Total time for which application threads were stopped: 0.0006001 seconds, Stopping threads took: 0.0000186 seconds
56.794: [GC (Allocation Failure)  95905K->641K(437248K), 0.0005540 secs]
56.794: Total time for which application threads were stopped: 0.0006795 seconds, Stopping threads took: 0.0000272 seconds
56.856: [GC (Allocation Failure)  94337K->577K(435712K), 0.0007205 secs]
56.856: Total time for which application threads were stopped: 0.0008438 seconds, Stopping threads took: 0.0000274 seconds
56.914: [GC (Allocation Failure)  92737K->673K(434176K), 0.0004770 secs]
56.914: Total time for which application threads were stopped: 0.0006039 seconds, Stopping threads took: 0.0000196 seconds
56.971: [GC (Allocation Failure)  91297K->641K(432640K), 0.0006312 secs]
56.971: Total time for which application threads were stopped: 0.0007602 seconds, Stopping threads took: 0.0000279 seconds
57.033: [GC (Allocation Failure)  89729K->641K(431104K), 0.0005150 secs]
57.033: Total time for which application threads were stopped: 0.0006320 seconds, Stopping threads took: 0.0000193 seconds
57.092: [GC (Allocation Failure)  88193K->641K(429568K), 0.0003826 secs]
57.092: Total time for which application threads were stopped: 0.0004985 seconds, Stopping threads took: 0.0000200 seconds
57.149: [GC (Allocation Failure)  86657K->641K(428032K), 0.0006495 secs]
57.150: Total time for which application threads were stopped: 0.0007547 seconds, Stopping threads took: 0.0000171 seconds
57.208: [GC (Allocation Failure)  85121K->609K(426496K), 0.0007764 secs]
57.208: Total time for which application threads were stopped: 0.0009014 seconds, Stopping threads took: 0.0000192 seconds
57.261: [GC (Allocation Failure)  83553K->673K(424960K), 0.0005201 secs]
57.261: Total time for which application threads were stopped: 0.0006519 seconds, Stopping threads took: 0.0000208 seconds
57.313: [GC (Allocation Failure)  82081K->673K(423424K), 0.0005263 secs]
57.313: Total time for which application threads were stopped: 0.0006585 seconds, Stopping threads took: 0.0000213 seconds
57.363: [GC (Allocation Failure)  80545K->673K(422400K), 0.0005089 secs]
57.364: Total time for which application threads were stopped: 0.0006363 seconds, Stopping threads took: 0.0000213 seconds
57.413: [GC (Allocation Failure)  79521K->673K(421376K), 0.0004877 secs]
57.414: Total time for which application threads were stopped: 0.0006114 seconds, Stopping threads took: 0.0000197 seconds
57.463: [GC (Allocation Failure)  78497K->641K(420352K), 0.0006047 secs]
57.464: Total time for which application threads were stopped: 0.0007548 seconds, Stopping threads took: 0.0000294 seconds
57.512: [GC (Allocation Failure)  77441K->673K(419328K), 0.0004752 secs]
57.512: Total time for which application threads were stopped: 0.0005959 seconds, Stopping threads took: 0.0000191 seconds
57.560: [GC (Allocation Failure)  76449K->673K(418304K), 0.0004825 secs]
57.560: Total time for which application threads were stopped: 0.0006114 seconds, Stopping threads took: 0.0000278 seconds
57.608: [GC (Allocation Failure)  75425K->673K(417280K), 0.0005103 secs]
57.609: Total time for which application threads were stopped: 0.0006335 seconds, Stopping threads took: 0.0000189 seconds
57.660: [GC (Allocation Failure)  74401K->673K(416256K), 0.0005484 secs]
57.661: Total time for which application threads were stopped: 0.0006844 seconds, Stopping threads took: 0.0000218 seconds
57.706: [GC (Allocation Failure)  73377K->673K(415232K), 0.0005004 secs]
57.707: Total time for which application threads were stopped: 0.0006391 seconds, Stopping threads took: 0.0000281 seconds
57.751: [GC (Allocation Failure)  72353K->673K(414208K), 0.0005670 secs]
57.752: Total time for which application threads were stopped: 0.0006984 seconds, Stopping threads took: 0.0000211 seconds
57.796: [GC (Allocation Failure)  71329K->673K(413184K), 0.0005164 secs]
57.797: Total time for which application threads were stopped: 0.0006561 seconds, Stopping threads took: 0.0000221 seconds
57.840: [GC (Allocation Failure)  70305K->641K(412160K), 0.0005251 secs]
57.841: Total time for which application threads were stopped: 0.0006747 seconds, Stopping threads took: 0.0000218 seconds
57.884: [GC (Allocation Failure)  69249K->641K(425984K), 0.0005805 secs]
57.884: Total time for which application threads were stopped: 0.0007249 seconds, Stopping threads took: 0.0000229 seconds
57.943: [GC (Allocation Failure)  83073K->641K(424448K), 0.0006001 secs]
57.943: Total time for which application threads were stopped: 0.0007293 seconds, Stopping threads took: 0.0000279 seconds
57.994: [GC (Allocation Failure)  81537K->673K(422912K), 0.0004694 secs]
57.994: Total time for which application threads were stopped: 0.0006204 seconds, Stopping threads took: 0.0000288 seconds
58.044: [GC (Allocation Failure)  80033K->641K(421888K), 0.0005301 secs]
58.045: Total time for which application threads were stopped: 0.0006870 seconds, Stopping threads took: 0.0000298 seconds
58.098: [GC (Allocation Failure)  78977K->673K(420864K), 0.0004387 secs]
58.098: Total time for which application threads were stopped: 0.0005614 seconds, Stopping threads took: 0.0000257 seconds
58.150: [GC (Allocation Failure)  77985K->673K(419840K), 0.0004914 secs]
58.151: Total time for which application threads were stopped: 0.0006347 seconds, Stopping threads took: 0.0000292 seconds
58.199: [GC (Allocation Failure)  76961K->705K(435200K), 0.0010176 secs]
58.200: Total time for which application threads were stopped: 0.0011577 seconds, Stopping threads took: 0.0000267 seconds
58.260: [GC (Allocation Failure)  92353K->609K(433664K), 0.0004490 secs]
58.261: Total time for which application threads were stopped: 0.0005713 seconds, Stopping threads took: 0.0000204 seconds
58.317: [GC (Allocation Failure)  90721K->609K(432128K), 0.0004989 secs]
58.317: Total time for which application threads were stopped: 0.0006242 seconds, Stopping threads took: 0.0000197 seconds
58.372: [GC (Allocation Failure)  89185K->641K(430592K), 0.0005320 secs]
58.373: Total time for which application threads were stopped: 0.0006834 seconds, Stopping threads took: 0.0000221 seconds
58.427: [GC (Allocation Failure)  87681K->673K(429056K), 0.0006672 secs]
58.428: Total time for which application threads were stopped: 0.0008134 seconds, Stopping threads took: 0.0000226 seconds
58.489: [GC (Allocation Failure)  86177K->609K(427520K), 0.0007292 secs]
58.489: Total time for which application threads were stopped: 0.0008847 seconds, Stopping threads took: 0.0000308 seconds
58.545: [GC (Allocation Failure)  84577K->737K(425984K), 0.0004919 secs]
58.545: Total time for which application threads were stopped: 0.0006174 seconds, Stopping threads took: 0.0000200 seconds
58.601: [GC (Allocation Failure)  83169K->673K(424448K), 0.0005749 secs]
58.601: Total time for which application threads were stopped: 0.0007082 seconds, Stopping threads took: 0.0000201 seconds
58.658: [GC (Allocation Failure)  81569K->641K(422912K), 0.0003952 secs]
58.658: Total time for which application threads were stopped: 0.0005126 seconds, Stopping threads took: 0.0000162 seconds
58.708: [GC (Allocation Failure)  80001K->705K(421888K), 0.0006194 secs]
58.709: Total time for which application threads were stopped: 0.0007262 seconds, Stopping threads took: 0.0000169 seconds
58.763: [GC (Allocation Failure)  79041K->673K(420864K), 0.0006215 secs]
58.764: Total time for which application threads were stopped: 0.0007286 seconds, Stopping threads took: 0.0000169 seconds
58.812: [GC (Allocation Failure)  77985K->641K(419840K), 0.0004878 secs]
58.813: Total time for which application threads were stopped: 0.0006083 seconds, Stopping threads took: 0.0000203 seconds
58.860: [GC (Allocation Failure)  76929K->673K(418816K), 0.0005049 secs]
58.861: Total time for which application threads were stopped: 0.0006453 seconds, Stopping threads took: 0.0000212 seconds
58.908: [GC (Allocation Failure)  75937K->641K(417792K), 0.0006420 secs]
58.909: Total time for which application threads were stopped: 0.0007838 seconds, Stopping threads took: 0.0000298 seconds
58.955: [GC (Allocation Failure)  74881K->641K(416768K), 0.0005637 secs]
58.955: Total time for which application threads were stopped: 0.0007156 seconds, Stopping threads took: 0.0000296 seconds
59.008: [GC (Allocation Failure)  73857K->673K(431616K), 0.0006912 secs]
59.009: Total time for which application threads were stopped: 0.0008301 seconds, Stopping threads took: 0.0000216 seconds
59.070: [GC (Allocation Failure)  88737K->673K(430080K), 0.0004936 secs]
59.070: Total time for which application threads were stopped: 0.0006381 seconds, Stopping threads took: 0.0000282 seconds
59.127: [GC (Allocation Failure)  87201K->609K(428544K), 0.0005541 secs]
59.127: Total time for which application threads were stopped: 0.0006846 seconds, Stopping threads took: 0.0000219 seconds
59.180: [GC (Allocation Failure)  85601K->705K(427008K), 0.0006493 secs]
59.181: Total time for which application threads were stopped: 0.0007586 seconds, Stopping threads took: 0.0000200 seconds
59.240: [GC (Allocation Failure)  84161K->705K(425472K), 0.0005264 secs]
59.240: Total time for which application threads were stopped: 0.0006545 seconds, Stopping threads took: 0.0000277 seconds
59.291: [GC (Allocation Failure)  82625K->673K(423936K), 0.0005165 secs]
59.292: Total time for which application threads were stopped: 0.0006447 seconds, Stopping threads took: 0.0000282 seconds
59.342: [GC (Allocation Failure)  81057K->641K(422400K), 0.0006441 secs]
59.343: Total time for which application threads were stopped: 0.0007736 seconds, Stopping threads took: 0.0000281 seconds
59.392: [GC (Allocation Failure)  79489K->705K(421376K), 0.0005216 secs]
59.392: Total time for which application threads were stopped: 0.0006772 seconds, Stopping threads took: 0.0000288 seconds
59.447: [GC (Allocation Failure)  78529K->641K(420352K), 0.0006029 secs]
59.448: Total time for which application threads were stopped: 0.0007323 seconds, Stopping threads took: 0.0000230 seconds
59.499: [GC (Allocation Failure)  77441K->641K(419328K), 0.0004554 secs]
59.500: Total time for which application threads were stopped: 0.0005644 seconds, Stopping threads took: 0.0000169 seconds
59.547: [GC (Allocation Failure)  76417K->641K(418304K), 0.0005176 secs]
59.547: Total time for which application threads were stopped: 0.0006341 seconds, Stopping threads took: 0.0000267 seconds
59.600: [GC (Allocation Failure)  75393K->705K(417280K), 0.0004290 secs]
59.601: Total time for which application threads were stopped: 0.0005840 seconds, Stopping threads took: 0.0000263 seconds
59.651: [GC (Allocation Failure)  74433K->609K(416256K), 0.0004846 secs]
59.652: Total time for which application threads were stopped: 0.0005923 seconds, Stopping threads took: 0.0000167 seconds
59.698: [GC (Allocation Failure)  73313K->673K(415232K), 0.0005101 secs]
59.698: Total time for which application threads were stopped: 0.0006284 seconds, Stopping threads took: 0.0000186 seconds
59.743: [GC (Allocation Failure)  72353K->673K(414208K), 0.0004954 secs]
59.744: Total time for which application threads were stopped: 0.0006391 seconds, Stopping threads took: 0.0000218 seconds
59.794: [GC (Allocation Failure)  71329K->673K(413184K), 0.0005402 secs]
59.794: Total time for which application threads were stopped: 0.0006742 seconds, Stopping threads took: 0.0000210 seconds
59.838: [GC (Allocation Failure)  70305K->641K(412160K), 0.0005163 secs]
59.838: Total time for which application threads were stopped: 0.0006682 seconds, Stopping threads took: 0.0000300 seconds
59.886: [GC (Allocation Failure)  69249K->673K(411136K), 0.0007019 secs]
59.887: Total time for which application threads were stopped: 0.0008567 seconds, Stopping threads took: 0.0000230 seconds
59.932: [GC (Allocation Failure)  68257K->673K(410112K), 0.0004662 secs]
59.933: Total time for which application threads were stopped: 0.0005950 seconds, Stopping threads took: 0.0000219 seconds
59.974: [GC (Allocation Failure)  67233K->641K(409088K), 0.0004676 secs]
59.975: Total time for which application threads were stopped: 0.0005904 seconds, Stopping threads took: 0.0000271 seconds
60.016: [GC (Allocation Failure)  66177K->673K(408064K), 0.0004869 secs]
60.017: Total time for which application threads were stopped: 0.0006101 seconds, Stopping threads took: 0.0000196 seconds
60.057: [GC (Allocation Failure)  65185K->609K(421376K), 0.0006511 secs]
60.057: Total time for which application threads were stopped: 0.0007801 seconds, Stopping threads took: 0.0000285 seconds
60.113: [GC (Allocation Failure)  78433K->641K(420352K), 0.0004253 secs]
60.113: Total time for which application threads were stopped: 0.0005509 seconds, Stopping threads took: 0.0000262 seconds
60.165: [GC (Allocation Failure)  77441K->705K(419328K), 0.0004616 secs]
60.166: Total time for which application threads were stopped: 0.0005714 seconds, Stopping threads took: 0.0000168 seconds
60.214: [GC (Allocation Failure)  76481K->641K(418304K), 0.0003787 secs]
60.214: Total time for which application threads were stopped: 0.0005109 seconds, Stopping threads took: 0.0000253 seconds
60.263: [GC (Allocation Failure)  75393K->673K(417280K), 0.0007154 secs]
60.264: Total time for which application threads were stopped: 0.0008621 seconds, Stopping threads took: 0.0000272 seconds
60.310: [GC (Allocation Failure)  74401K->673K(416256K), 0.0005496 secs]
60.310: Total time for which application threads were stopped: 0.0006886 seconds, Stopping threads took: 0.0000217 seconds
60.356: [GC (Allocation Failure)  73377K->673K(415232K), 0.0004974 secs]
60.356: Total time for which application threads were stopped: 0.0006279 seconds, Stopping threads took: 0.0000212 seconds
60.401: [GC (Allocation Failure)  72353K->673K(414208K), 0.0005171 secs]
60.402: Total time for which application threads were stopped: 0.0006707 seconds, Stopping threads took: 0.0000254 seconds
60.446: [GC (Allocation Failure)  71329K->673K(413184K), 0.0005052 secs]
60.446: Total time for which application threads were stopped: 0.0006439 seconds, Stopping threads took: 0.0000221 seconds
60.490: [GC (Allocation Failure)  70305K->609K(412160K), 0.0005668 secs]
60.491: Total time for which application threads were stopped: 0.0006913 seconds, Stopping threads took: 0.0000272 seconds
60.534: [GC (Allocation Failure)  69217K->673K(425984K), 0.0005870 secs]
60.534: Total time for which application threads were stopped: 0.0007094 seconds, Stopping threads took: 0.0000208 seconds
60.591: [GC (Allocation Failure)  83105K->641K(424448K), 0.0004671 secs]
60.592: Total time for which application threads were stopped: 0.0006000 seconds, Stopping threads took: 0.0000278 seconds
60.642: [GC (Allocation Failure)  81537K->673K(422912K), 0.0005251 secs]
60.642: Total time for which application threads were stopped: 0.0006600 seconds, Stopping threads took: 0.0000271 seconds
60.692: [GC (Allocation Failure)  80033K->705K(421888K), 0.0005941 secs]
60.693: Total time for which application threads were stopped: 0.0007138 seconds, Stopping threads took: 0.0000197 seconds
60.748: [GC (Allocation Failure)  79041K->673K(420864K), 0.0005535 secs]
60.748: Total time for which application threads were stopped: 0.0006814 seconds, Stopping threads took: 0.0000192 seconds
60.796: [GC (Allocation Failure)  77985K->641K(419840K), 0.0005616 secs]
60.797: Total time for which application threads were stopped: 0.0006784 seconds, Stopping threads took: 0.0000188 seconds
60.850: [GC (Allocation Failure)  76929K->673K(418816K), 0.0006506 secs]
60.850: Total time for which application threads were stopped: 0.0007752 seconds, Stopping threads took: 0.0000205 seconds
60.900: [GC (Allocation Failure)  75937K->673K(417792K), 0.0004519 secs]
60.901: Total time for which application threads were stopped: 0.0005684 seconds, Stopping threads took: 0.0000199 seconds
60.952: [GC (Allocation Failure)  74913K->641K(416768K), 0.0005558 secs]
60.952: Total time for which application threads were stopped: 0.0006661 seconds, Stopping threads took: 0.0000170 seconds
60.998: [GC (Allocation Failure)  73857K->641K(415744K), 0.0005329 secs]
60.999: Total time for which application threads were stopped: 0.0006716 seconds, Stopping threads took: 0.0000213 seconds
61.051: [GC (Allocation Failure)  72833K->641K(414720K), 0.0005237 secs]
61.051: Total time for which application threads were stopped: 0.0006799 seconds, Stopping threads took: 0.0000293 seconds
61.103: [GC (Allocation Failure)  71809K->673K(413696K), 0.0006022 secs]
61.103: Total time for which application threads were stopped: 0.0007351 seconds, Stopping threads took: 0.0000200 seconds
61.147: [GC (Allocation Failure)  70817K->609K(428032K), 0.0006350 secs]
61.148: Total time for which application threads were stopped: 0.0007738 seconds, Stopping threads took: 0.0000213 seconds
61.201: [GC (Allocation Failure)  85089K->705K(426496K), 0.0005223 secs]
61.201: Total time for which application threads were stopped: 0.0006427 seconds, Stopping threads took: 0.0000245 seconds
61.256: [GC (Allocation Failure)  83649K->641K(424960K), 0.0004231 secs]
61.257: Total time for which application threads were stopped: 0.0005309 seconds, Stopping threads took: 0.0000164 seconds
61.308: [GC (Allocation Failure)  82049K->641K(423424K), 0.0004128 secs]
61.309: Total time for which application threads were stopped: 0.0005216 seconds, Stopping threads took: 0.0000169 seconds
61.358: [GC (Allocation Failure)  80513K->673K(422400K), 0.0004927 secs]
61.359: Total time for which application threads were stopped: 0.0006144 seconds, Stopping threads took: 0.0000203 seconds
61.408: [GC (Allocation Failure)  79521K->673K(421376K), 0.0005261 secs]
61.409: Total time for which application threads were stopped: 0.0006719 seconds, Stopping threads took: 0.0000297 seconds
61.457: [GC (Allocation Failure)  78497K->673K(420352K), 0.0005210 secs]
61.458: Total time for which application threads were stopped: 0.0006583 seconds, Stopping threads took: 0.0000303 seconds
61.506: [GC (Allocation Failure)  77473K->673K(419328K), 0.0004707 secs]
61.506: Total time for which application threads were stopped: 0.0005966 seconds, Stopping threads took: 0.0000287 seconds
61.558: [GC (Allocation Failure)  76449K->705K(418304K), 0.0005920 secs]
61.559: Total time for which application threads were stopped: 0.0006986 seconds, Stopping threads took: 0.0000172 seconds
61.612: [GC (Allocation Failure)  75457K->705K(417280K), 0.0005406 secs]
61.612: Total time for which application threads were stopped: 0.0006711 seconds, Stopping threads took: 0.0000278 seconds
61.659: [GC (Allocation Failure)  74433K->673K(416256K), 0.0005098 secs]
61.659: Total time for which application threads were stopped: 0.0006637 seconds, Stopping threads took: 0.0000289 seconds
61.712: [GC (Allocation Failure)  73377K->641K(415232K), 0.0005535 secs]
61.712: Total time for which application threads were stopped: 0.0007060 seconds, Stopping threads took: 0.0000297 seconds
61.761: [GC (Allocation Failure)  72321K->705K(414208K), 0.0005749 secs]
61.762: Total time for which application threads were stopped: 0.0007155 seconds, Stopping threads took: 0.0000215 seconds
61.812: [GC (Allocation Failure)  71361K->641K(413184K), 0.0005807 secs]
61.812: Total time for which application threads were stopped: 0.0007108 seconds, Stopping threads took: 0.0000206 seconds
61.856: [GC (Allocation Failure)  70273K->673K(412160K), 0.0005177 secs]
61.856: Total time for which application threads were stopped: 0.0006618 seconds, Stopping threads took: 0.0000291 seconds
61.899: [GC (Allocation Failure)  69281K->641K(411136K), 0.0005258 secs]
61.900: Total time for which application threads were stopped: 0.0006802 seconds, Stopping threads took: 0.0000295 seconds
61.942: [GC (Allocation Failure)  68225K->673K(410112K), 0.0004984 secs]
61.943: Total time for which application threads were stopped: 0.0006538 seconds, Stopping threads took: 0.0000295 seconds
61.990: [GC (Allocation Failure)  67233K->641K(423424K), 0.0006629 secs]
61.991: Total time for which application threads were stopped: 0.0008082 seconds, Stopping threads took: 0.0000212 seconds
62.041: [GC (Allocation Failure)  80513K->641K(422400K), 0.0004638 secs]
62.041: Total time for which application threads were stopped: 0.0005923 seconds, Stopping threads took: 0.0000209 seconds
62.091: [GC (Allocation Failure)  79489K->705K(421376K), 0.0004123 secs]
62.092: Total time for which application threads were stopped: 0.0005490 seconds, Stopping threads took: 0.0000193 seconds
62.145: [GC (Allocation Failure)  78529K->641K(420352K), 0.0004842 secs]
62.146: Total time for which application threads were stopped: 0.0006275 seconds, Stopping threads took: 0.0000206 seconds
62.194: [GC (Allocation Failure)  77441K->673K(419328K), 0.0004983 secs]
62.194: Total time for which application threads were stopped: 0.0006375 seconds, Stopping threads took: 0.0000223 seconds
62.243: [GC (Allocation Failure)  76449K->673K(418304K), 0.0005485 secs]
62.243: Total time for which application threads were stopped: 0.0006700 seconds, Stopping threads took: 0.0000200 seconds
62.290: [GC (Allocation Failure)  75425K->641K(417280K), 0.0006173 secs]
62.291: Total time for which application threads were stopped: 0.0007680 seconds, Stopping threads took: 0.0000293 seconds
62.340: [GC (Allocation Failure)  74369K->641K(416256K), 0.0005227 secs]
62.341: Total time for which application threads were stopped: 0.0006789 seconds, Stopping threads took: 0.0000300 seconds
62.391: [GC (Allocation Failure)  73345K->609K(415232K), 0.0005001 secs]
62.391: Total time for which application threads were stopped: 0.0006509 seconds, Stopping threads took: 0.0000306 seconds
62.443: [GC (Allocation Failure)  72289K->673K(414208K), 0.0006119 secs]
62.444: Total time for which application threads were stopped: 0.0007656 seconds, Stopping threads took: 0.0000231 seconds
62.494: [GC (Allocation Failure)  71329K->641K(413184K), 0.0004971 secs]
62.494: Total time for which application threads were stopped: 0.0006381 seconds, Stopping threads took: 0.0000230 seconds
62.538: [GC (Allocation Failure)  70273K->737K(427520K), 0.0007344 secs]
62.539: Total time for which application threads were stopped: 0.0009251 seconds, Stopping threads took: 0.0000309 seconds
62.595: [GC (Allocation Failure)  84705K->641K(425984K), 0.0003836 secs]
62.595: Total time for which application threads were stopped: 0.0005223 seconds, Stopping threads took: 0.0000168 seconds
62.647: [GC (Allocation Failure)  83073K->673K(424448K), 0.0004739 secs]
62.647: Total time for which application threads were stopped: 0.0006108 seconds, Stopping threads took: 0.0000203 seconds
62.704: [GC (Allocation Failure)  81569K->609K(422912K), 0.0006101 secs]
62.704: Total time for which application threads were stopped: 0.0007509 seconds, Stopping threads took: 0.0000298 seconds
62.754: [GC (Allocation Failure)  79969K->673K(421888K), 0.0005685 secs]
62.755: Total time for which application threads were stopped: 0.0006765 seconds, Stopping threads took: 0.0000193 seconds
62.811: [GC (Allocation Failure)  79009K->641K(420864K), 0.0005446 secs]
62.811: Total time for which application threads were stopped: 0.0006625 seconds, Stopping threads took: 0.0000170 seconds
62.859: [GC (Allocation Failure)  77953K->673K(419840K), 0.0005421 secs]
62.860: Total time for which application threads were stopped: 0.0006848 seconds, Stopping threads took: 0.0000290 seconds
62.908: [GC (Allocation Failure)  76961K->641K(418816K), 0.0005370 secs]
62.908: Total time for which application threads were stopped: 0.0006928 seconds, Stopping threads took: 0.0000306 seconds
62.955: [GC (Allocation Failure)  75905K->641K(417792K), 0.0004887 secs]
62.956: Total time for which application threads were stopped: 0.0006099 seconds, Stopping threads took: 0.0000200 seconds
63.006: [GC (Allocation Failure)  74881K->673K(416768K), 0.0004496 secs]
63.007: Total time for which application threads were stopped: 0.0005777 seconds, Stopping threads took: 0.0000276 seconds
63.053: [GC (Allocation Failure)  73889K->641K(415744K), 0.0005055 secs]
63.053: Total time for which application threads were stopped: 0.0006155 seconds, Stopping threads took: 0.0000170 seconds
63.102: [GC (Allocation Failure)  72833K->673K(414720K), 0.0004663 secs]
63.103: Total time for which application threads were stopped: 0.0005866 seconds, Stopping threads took: 0.0000200 seconds
63.152: [GC (Allocation Failure)  71841K->705K(413696K), 0.0005363 secs]
63.152: Total time for which application threads were stopped: 0.0006760 seconds, Stopping threads took: 0.0000273 seconds
63.196: [GC (Allocation Failure)  70849K->737K(412672K), 0.0005474 secs]
63.197: Total time for which application threads were stopped: 0.0006709 seconds, Stopping threads took: 0.0000211 seconds
63.240: [GC (Allocation Failure)  69857K->673K(411648K), 0.0004555 secs]
63.241: Total time for which application threads were stopped: 0.0005838 seconds, Stopping threads took: 0.0000276 seconds
63.289: [GC (Allocation Failure)  68769K->673K(410624K), 0.0005451 secs]
63.289: Total time for which application threads were stopped: 0.0006626 seconds, Stopping threads took: 0.0000189 seconds
63.336: [GC (Allocation Failure)  67745K->673K(409600K), 0.0006319 secs]
63.336: Total time for which application threads were stopped: 0.0007755 seconds, Stopping threads took: 0.0000204 seconds
63.383: [GC (Allocation Failure)  66721K->737K(422912K), 0.0005835 secs]
63.384: Total time for which application threads were stopped: 0.0007045 seconds, Stopping threads took: 0.0000200 seconds
63.433: [GC (Allocation Failure)  80097K->641K(421888K), 0.0004874 secs]
63.434: Total time for which application threads were stopped: 0.0006228 seconds, Stopping threads took: 0.0000198 seconds
63.483: [GC (Allocation Failure)  78977K->641K(420864K), 0.0005320 secs]
63.483: Total time for which application threads were stopped: 0.0006648 seconds, Stopping threads took: 0.0000219 seconds
63.539: [GC (Allocation Failure)  77953K->673K(419840K), 0.0005158 secs]
63.539: Total time for which application threads were stopped: 0.0006522 seconds, Stopping threads took: 0.0000281 seconds
63.587: [GC (Allocation Failure)  76961K->641K(418816K), 0.0003992 secs]
63.588: Total time for which application threads were stopped: 0.0005398 seconds, Stopping threads took: 0.0000264 seconds
63.636: [GC (Allocation Failure)  75905K->641K(417792K), 0.0006333 secs]
63.636: Total time for which application threads were stopped: 0.0007599 seconds, Stopping threads took: 0.0000278 seconds
63.683: [GC (Allocation Failure)  74881K->641K(416768K), 0.0005542 secs]
63.683: Total time for which application threads were stopped: 0.0006757 seconds, Stopping threads took: 0.0000194 seconds
63.735: [GC (Allocation Failure)  73857K->673K(415744K), 0.0004739 secs]
63.736: Total time for which application threads were stopped: 0.0006019 seconds, Stopping threads took: 0.0000213 seconds
63.781: [GC (Allocation Failure)  72865K->705K(414720K), 0.0005308 secs]
63.782: Total time for which application threads were stopped: 0.0006611 seconds, Stopping threads took: 0.0000210 seconds
63.827: [GC (Allocation Failure)  71873K->609K(413696K), 0.0005817 secs]
63.827: Total time for which application threads were stopped: 0.0007092 seconds, Stopping threads took: 0.0000214 seconds
63.877: [GC (Allocation Failure)  70753K->673K(412672K), 0.0005348 secs]
63.878: Total time for which application threads were stopped: 0.0006711 seconds, Stopping threads took: 0.0000210 seconds
63.921: [GC (Allocation Failure)  69793K->609K(426496K), 0.0006349 secs]
63.922: Total time for which application threads were stopped: 0.0007921 seconds, Stopping threads took: 0.0000309 seconds
63.977: [GC (Allocation Failure)  83553K->673K(424960K), 0.0004685 secs]
63.978: Total time for which application threads were stopped: 0.0006090 seconds, Stopping threads took: 0.0000305 seconds
64.029: [GC (Allocation Failure)  82081K->641K(423424K), 0.0004790 secs]
64.029: Total time for which application threads were stopped: 0.0006224 seconds, Stopping threads took: 0.0000292 seconds
64.085: [GC (Allocation Failure)  80513K->737K(422400K), 0.0004010 secs]
64.085: Total time for which application threads were stopped: 0.0005178 seconds, Stopping threads took: 0.0000254 seconds
64.139: [GC (Allocation Failure)  79585K->641K(421376K), 0.0004730 secs]
64.140: Total time for which application threads were stopped: 0.0006173 seconds, Stopping threads took: 0.0000261 seconds
64.188: [GC (Allocation Failure)  78465K->673K(420352K), 0.0004816 secs]
64.189: Total time for which application threads were stopped: 0.0006139 seconds, Stopping threads took: 0.0000284 seconds
64.238: [GC (Allocation Failure)  77473K->641K(419328K), 0.0005411 secs]
64.238: Total time for which application threads were stopped: 0.0006718 seconds, Stopping threads took: 0.0000285 seconds
64.290: [GC (Allocation Failure)  76417K->641K(418304K), 0.0005242 secs]
64.290: Total time for which application threads were stopped: 0.0006722 seconds, Stopping threads took: 0.0000290 seconds
64.341: [GC (Allocation Failure)  75393K->673K(417280K), 0.0005470 secs]
64.342: Total time for which application threads were stopped: 0.0006921 seconds, Stopping threads took: 0.0000232 seconds
64.388: [GC (Allocation Failure)  74401K->673K(416256K), 0.0006515 secs]
64.389: Total time for which application threads were stopped: 0.0007884 seconds, Stopping threads took: 0.0000211 seconds
64.435: [GC (Allocation Failure)  73377K->609K(415232K), 0.0005103 secs]
64.435: Total time for which application threads were stopped: 0.0006699 seconds, Stopping threads took: 0.0000217 seconds
64.480: [GC (Allocation Failure)  72289K->641K(414208K), 0.0005293 secs]
64.481: Total time for which application threads were stopped: 0.0006789 seconds, Stopping threads took: 0.0000226 seconds
64.531: [GC (Allocation Failure)  71297K->641K(413184K), 0.0005651 secs]
64.531: Total time for which application threads were stopped: 0.0007163 seconds, Stopping threads took: 0.0000221 seconds
64.582: [GC (Allocation Failure)  70273K->673K(412160K), 0.0004756 secs]
64.583: Total time for which application threads were stopped: 0.0006277 seconds, Stopping threads took: 0.0000312 seconds
64.626: [GC (Allocation Failure)  69281K->705K(411136K), 0.0005297 secs]
64.626: Total time for which application threads were stopped: 0.0006700 seconds, Stopping threads took: 0.0000220 seconds
64.668: [GC (Allocation Failure)  68289K->705K(410112K), 0.0005774 secs]
64.669: Total time for which application threads were stopped: 0.0007236 seconds, Stopping threads took: 0.0000230 seconds
64.711: [GC (Allocation Failure)  67265K->641K(423424K), 0.0005426 secs]
64.711: Total time for which application threads were stopped: 0.0007011 seconds, Stopping threads took: 0.0000310 seconds
64.767: [GC (Allocation Failure)  80513K->705K(439808K), 0.0007506 secs]
64.768: Total time for which application threads were stopped: 0.0009095 seconds, Stopping threads took: 0.0000234 seconds
64.834: [GC (Allocation Failure)  96961K->673K(437760K), 0.0005367 secs]
64.835: Total time for which application threads were stopped: 0.0006887 seconds, Stopping threads took: 0.0000238 seconds
64.893: [GC (Allocation Failure)  94881K->609K(436224K), 0.0006091 secs]
64.894: Total time for which application threads were stopped: 0.0007709 seconds, Stopping threads took: 0.0000238 seconds
64.952: [GC (Allocation Failure)  93281K->705K(434688K), 0.0005130 secs]
64.952: Total time for which application threads were stopped: 0.0006604 seconds, Stopping threads took: 0.0000232 seconds
65.009: [GC (Allocation Failure)  91841K->673K(433152K), 0.0005047 secs]
65.010: Total time for which application threads were stopped: 0.0006485 seconds, Stopping threads took: 0.0000283 seconds
65.066: [GC (Allocation Failure)  90273K->673K(431616K), 0.0005165 secs]
65.066: Total time for which application threads were stopped: 0.0006379 seconds, Stopping threads took: 0.0000198 seconds
65.122: [GC (Allocation Failure)  88737K->673K(430080K), 0.0004442 secs]
65.123: Total time for which application threads were stopped: 0.0005657 seconds, Stopping threads took: 0.0000201 seconds
65.177: [GC (Allocation Failure)  87201K->609K(428544K), 0.0006152 secs]
65.177: Total time for which application threads were stopped: 0.0007392 seconds, Stopping threads took: 0.0000269 seconds
65.231: [GC (Allocation Failure)  85601K->705K(427008K), 0.0005829 secs]
65.232: Total time for which application threads were stopped: 0.0006929 seconds, Stopping threads took: 0.0000257 seconds
65.284: [GC (Allocation Failure)  84161K->609K(425472K), 0.0005785 secs]
65.285: Total time for which application threads were stopped: 0.0006799 seconds, Stopping threads took: 0.0000175 seconds
65.336: [GC (Allocation Failure)  82529K->641K(423936K), 0.0004809 secs]
65.336: Total time for which application threads were stopped: 0.0005934 seconds, Stopping threads took: 0.0000252 seconds
65.390: [GC (Allocation Failure)  81025K->673K(422400K), 0.0004899 secs]
65.390: Total time for which application threads were stopped: 0.0006170 seconds, Stopping threads took: 0.0000198 seconds
65.440: [GC (Allocation Failure)  79521K->609K(421376K), 0.0005694 secs]
65.440: Total time for which application threads were stopped: 0.0007187 seconds, Stopping threads took: 0.0000203 seconds
65.493: [GC (Allocation Failure)  78433K->705K(420352K), 0.0006086 secs]
65.494: Total time for which application threads were stopped: 0.0007340 seconds, Stopping threads took: 0.0000270 seconds
65.542: [GC (Allocation Failure)  77505K->705K(419328K), 0.0005254 secs]
65.542: Total time for which application threads were stopped: 0.0006464 seconds, Stopping threads took: 0.0000191 seconds
65.590: [GC (Allocation Failure)  76481K->737K(418304K), 0.0005266 secs]
65.590: Total time for which application threads were stopped: 0.0006526 seconds, Stopping threads took: 0.0000257 seconds
65.637: [GC (Allocation Failure)  75489K->673K(417280K), 0.0004860 secs]
65.638: Total time for which application threads were stopped: 0.0006146 seconds, Stopping threads took: 0.0000274 seconds
65.684: [GC (Allocation Failure)  74401K->609K(416256K), 0.0006019 secs]
65.684: Total time for which application threads were stopped: 0.0007201 seconds, Stopping threads took: 0.0000200 seconds
65.735: [GC (Allocation Failure)  73313K->673K(431104K), 0.0006725 secs]
65.736: Total time for which application threads were stopped: 0.0008083 seconds, Stopping threads took: 0.0000194 seconds
65.791: [GC (Allocation Failure)  88225K->641K(429568K), 0.0004920 secs]
65.791: Total time for which application threads were stopped: 0.0006200 seconds, Stopping threads took: 0.0000271 seconds
65.845: [GC (Allocation Failure)  86657K->673K(428032K), 0.0005718 secs]
65.845: Total time for which application threads were stopped: 0.0006916 seconds, Stopping threads took: 0.0000197 seconds
65.904: [GC (Allocation Failure)  85153K->641K(426496K), 0.0004673 secs]
65.904: Total time for which application threads were stopped: 0.0005949 seconds, Stopping threads took: 0.0000275 seconds
65.962: [GC (Allocation Failure)  83585K->673K(424960K), 0.0005201 secs]
65.962: Total time for which application threads were stopped: 0.0006403 seconds, Stopping threads took: 0.0000197 seconds
66.018: [GC (Allocation Failure)  82081K->705K(423424K), 0.0004476 secs]
66.019: Total time for which application threads were stopped: 0.0005561 seconds, Stopping threads took: 0.0000174 seconds
66.069: [GC (Allocation Failure)  80577K->737K(422400K), 0.0006181 secs]
66.069: Total time for which application threads were stopped: 0.0007382 seconds, Stopping threads took: 0.0000192 seconds
66.124: [GC (Allocation Failure)  79585K->641K(421376K), 0.0004526 secs]
66.124: Total time for which application threads were stopped: 0.0005755 seconds, Stopping threads took: 0.0000192 seconds
66.178: [GC (Allocation Failure)  78465K->641K(420352K), 0.0005301 secs]
66.178: Total time for which application threads were stopped: 0.0006739 seconds, Stopping threads took: 0.0000216 seconds
66.227: [GC (Allocation Failure)  77441K->641K(419328K), 0.0004676 secs]
66.228: Total time for which application threads were stopped: 0.0006002 seconds, Stopping threads took: 0.0000189 seconds
66.278: [GC (Allocation Failure)  76417K->673K(418304K), 0.0005180 secs]
66.279: Total time for which application threads were stopped: 0.0006423 seconds, Stopping threads took: 0.0000204 seconds
66.325: [GC (Allocation Failure)  75425K->705K(417280K), 0.0005108 secs]
66.326: Total time for which application threads were stopped: 0.0006470 seconds, Stopping threads took: 0.0000217 seconds
66.372: [GC (Allocation Failure)  74433K->641K(416256K), 0.0005889 secs]
66.372: Total time for which application threads were stopped: 0.0007399 seconds, Stopping threads took: 0.0000216 seconds
66.422: [GC (Allocation Failure)  73345K->705K(415232K), 0.0006151 secs]
66.423: Total time for which application threads were stopped: 0.0007592 seconds, Stopping threads took: 0.0000291 seconds
66.468: [GC (Allocation Failure)  72385K->641K(414208K), 0.0004896 secs]
66.468: Total time for which application threads were stopped: 0.0006112 seconds, Stopping threads took: 0.0000191 seconds
66.512: [GC (Allocation Failure)  71297K->609K(413184K), 0.0005569 secs]
66.513: Total time for which application threads were stopped: 0.0006861 seconds, Stopping threads took: 0.0000189 seconds
66.556: [GC (Allocation Failure)  70241K->641K(412160K), 0.0005178 secs]
66.557: Total time for which application threads were stopped: 0.0006654 seconds, Stopping threads took: 0.0000220 seconds
66.600: [GC (Allocation Failure)  69249K->641K(411136K), 0.0004407 secs]
66.601: Total time for which application threads were stopped: 0.0005819 seconds, Stopping threads took: 0.0000265 seconds
66.648: [GC (Allocation Failure)  68225K->609K(410112K), 0.0004618 secs]
66.649: Total time for which application threads were stopped: 0.0005939 seconds, Stopping threads took: 0.0000248 seconds
66.690: [GC (Allocation Failure)  67169K->673K(423424K), 0.0006444 secs]
66.691: Total time for which application threads were stopped: 0.0007835 seconds, Stopping threads took: 0.0000221 seconds
66.741: [GC (Allocation Failure)  80545K->641K(422400K), 0.0005153 secs]
66.742: Total time for which application threads were stopped: 0.0006662 seconds, Stopping threads took: 0.0000226 seconds
66.791: [GC (Allocation Failure)  79489K->705K(438272K), 0.0007087 secs]
66.792: Total time for which application threads were stopped: 0.0008596 seconds, Stopping threads took: 0.0000221 seconds
66.851: [GC (Allocation Failure)  95425K->641K(436736K), 0.0005072 secs]
66.852: Total time for which application threads were stopped: 0.0006410 seconds, Stopping threads took: 0.0000219 seconds
66.917: [GC (Allocation Failure)  93825K->609K(435200K), 0.0006278 secs]
66.917: Total time for which application threads were stopped: 0.0007602 seconds, Stopping threads took: 0.0000209 seconds
66.981: [GC (Allocation Failure)  92257K->641K(433664K), 0.0005115 secs]
66.982: Total time for which application threads were stopped: 0.0006600 seconds, Stopping threads took: 0.0000222 seconds
67.038: [GC (Allocation Failure)  90753K->641K(432128K), 0.0006706 secs]
67.038: Total time for which application threads were stopped: 0.0008307 seconds, Stopping threads took: 0.0000307 seconds
67.094: [GC (Allocation Failure)  89217K->641K(430592K), 0.0005427 secs]
67.095: Total time for which application threads were stopped: 0.0006815 seconds, Stopping threads took: 0.0000270 seconds
67.155: [GC (Allocation Failure)  87681K->609K(429056K), 0.0005407 secs]
67.156: Total time for which application threads were stopped: 0.0006809 seconds, Stopping threads took: 0.0000208 seconds
67.214: [GC (Allocation Failure)  86113K->641K(427520K), 0.0004629 secs]
67.214: Total time for which application threads were stopped: 0.0006070 seconds, Stopping threads took: 0.0000251 seconds
67.267: [GC (Allocation Failure)  84609K->641K(425984K), 0.0004407 secs]
67.268: Total time for which application threads were stopped: 0.0005596 seconds, Stopping threads took: 0.0000205 seconds
67.323: [GC (Allocation Failure)  83073K->673K(424448K), 0.0005045 secs]
67.323: Total time for which application threads were stopped: 0.0006492 seconds, Stopping threads took: 0.0000299 seconds
67.374: [GC (Allocation Failure)  81569K->673K(422912K), 0.0005196 secs]
67.374: Total time for which application threads were stopped: 0.0006720 seconds, Stopping threads took: 0.0000306 seconds
67.424: [GC (Allocation Failure)  80033K->673K(421888K), 0.0006222 secs]
67.425: Total time for which application threads were stopped: 0.0007783 seconds, Stopping threads took: 0.0000317 seconds
67.474: [GC (Allocation Failure)  79009K->673K(420864K), 0.0004856 secs]
67.474: Total time for which application threads were stopped: 0.0006312 seconds, Stopping threads took: 0.0000231 seconds
67.522: [GC (Allocation Failure)  77985K->641K(419840K), 0.0005985 secs]
67.523: Total time for which application threads were stopped: 0.0007472 seconds, Stopping threads took: 0.0000295 seconds
67.575: [GC (Allocation Failure)  76929K->673K(418816K), 0.0005322 secs]
67.575: Total time for which application threads were stopped: 0.0006725 seconds, Stopping threads took: 0.0000218 seconds
67.624: [GC (Allocation Failure)  75937K->641K(417792K), 0.0004407 secs]
67.624: Total time for which application threads were stopped: 0.0005659 seconds, Stopping threads took: 0.0000206 seconds
67.671: [GC (Allocation Failure)  74881K->609K(416768K), 0.0006043 secs]
67.671: Total time for which application threads were stopped: 0.0007308 seconds, Stopping threads took: 0.0000199 seconds
67.722: [GC (Allocation Failure)  73825K->705K(415744K), 0.0006591 secs]
67.722: Total time for which application threads were stopped: 0.0007926 seconds, Stopping threads took: 0.0000285 seconds
67.767: [GC (Allocation Failure)  72897K->641K(414720K), 0.0005184 secs]
67.768: Total time for which application threads were stopped: 0.0006685 seconds, Stopping threads took: 0.0000218 seconds
67.819: [GC (Allocation Failure)  71809K->641K(413696K), 0.0005646 secs]
67.820: Total time for which application threads were stopped: 0.0006927 seconds, Stopping threads took: 0.0000225 seconds
67.864: [GC (Allocation Failure)  70785K->641K(412672K), 0.0005502 secs]
67.864: Total time for which application threads were stopped: 0.0006476 seconds, Stopping threads took: 0.0000168 seconds
67.907: [GC (Allocation Failure)  69761K->641K(426496K), 0.0006699 secs]
67.908: Total time for which application threads were stopped: 0.0007991 seconds, Stopping threads took: 0.0000279 seconds
67.960: [GC (Allocation Failure)  83585K->641K(443392K), 0.0005040 secs]
67.960: Total time for which application threads were stopped: 0.0006392 seconds, Stopping threads took: 0.0000286 seconds
68.022: [GC (Allocation Failure)  100481K->737K(441344K), 0.0005958 secs]
68.023: Total time for which application threads were stopped: 0.0007447 seconds, Stopping threads took: 0.0000225 seconds
68.084: [GC (Allocation Failure)  98529K->641K(439296K), 0.0004937 secs]
68.084: Total time for which application threads were stopped: 0.0006407 seconds, Stopping threads took: 0.0000232 seconds
68.149: [GC (Allocation Failure)  96385K->641K(437760K), 0.0005961 secs]
68.149: Total time for which application threads were stopped: 0.0007289 seconds, Stopping threads took: 0.0000206 seconds
68.214: [GC (Allocation Failure)  94849K->673K(436224K), 0.0004989 secs]
68.215: Total time for which application threads were stopped: 0.0006133 seconds, Stopping threads took: 0.0000254 seconds
68.275: [GC (Allocation Failure)  93345K->705K(434688K), 0.0005093 secs]
68.275: Total time for which application threads were stopped: 0.0006301 seconds, Stopping threads took: 0.0000196 seconds
68.332: [GC (Allocation Failure)  91841K->737K(433152K), 0.0004846 secs]
68.333: Total time for which application threads were stopped: 0.0006088 seconds, Stopping threads took: 0.0000193 seconds
68.389: [GC (Allocation Failure)  90337K->673K(431616K), 0.0004905 secs]
68.389: Total time for which application threads were stopped: 0.0006190 seconds, Stopping threads took: 0.0000205 seconds
68.444: [GC (Allocation Failure)  88737K->673K(430080K), 0.0005098 secs]
68.445: Total time for which application threads were stopped: 0.0006487 seconds, Stopping threads took: 0.0000223 seconds
68.498: [GC (Allocation Failure)  87201K->673K(428544K), 0.0005817 secs]
68.499: Total time for which application threads were stopped: 0.0007262 seconds, Stopping threads took: 0.0000232 seconds
68.552: [GC (Allocation Failure)  85665K->705K(427008K), 0.0005191 secs]
68.553: Total time for which application threads were stopped: 0.0006567 seconds, Stopping threads took: 0.0000311 seconds
68.605: [GC (Allocation Failure)  84161K->673K(425472K), 0.0004528 secs]
68.605: Total time for which application threads were stopped: 0.0005729 seconds, Stopping threads took: 0.0000197 seconds
68.657: [GC (Allocation Failure)  82593K->641K(423936K), 0.0005297 secs]
68.657: Total time for which application threads were stopped: 0.0006501 seconds, Stopping threads took: 0.0000195 seconds
68.707: [GC (Allocation Failure)  81025K->673K(422400K), 0.0005740 secs]
68.708: Total time for which application threads were stopped: 0.0007222 seconds, Stopping threads took: 0.0000223 seconds
68.757: [GC (Allocation Failure)  79521K->673K(421376K), 0.0005094 secs]
68.758: Total time for which application threads were stopped: 0.0006568 seconds, Stopping threads took: 0.0000217 seconds
68.806: [GC (Allocation Failure)  78497K->609K(420352K), 0.0005639 secs]
68.807: Total time for which application threads were stopped: 0.0007052 seconds, Stopping threads took: 0.0000304 seconds
68.859: [GC (Allocation Failure)  77409K->641K(419328K), 0.0004966 secs]
68.860: Total time for which application threads were stopped: 0.0006079 seconds, Stopping threads took: 0.0000171 seconds
68.907: [GC (Allocation Failure)  76417K->673K(418304K), 0.0004763 secs]
68.908: Total time for which application threads were stopped: 0.0006059 seconds, Stopping threads took: 0.0000283 seconds
68.955: [GC (Allocation Failure)  75425K->641K(417280K), 0.0004495 secs]
68.955: Total time for which application threads were stopped: 0.0005700 seconds, Stopping threads took: 0.0000196 seconds
69.002: [GC (Allocation Failure)  74369K->673K(416256K), 0.0007505 secs]
69.002: Total time for which application threads were stopped: 0.0008730 seconds, Stopping threads took: 0.0000197 seconds
69.052: [GC (Allocation Failure)  73377K->705K(415232K), 0.0005166 secs]
69.052: Total time for which application threads were stopped: 0.0006452 seconds, Stopping threads took: 0.0000194 seconds
69.098: [GC (Allocation Failure)  72385K->641K(414208K), 0.0004186 secs]
69.098: Total time for which application threads were stopped: 0.0005463 seconds, Stopping threads took: 0.0000274 seconds
69.143: [GC (Allocation Failure)  71297K->705K(413184K), 0.0005809 secs]
69.143: Total time for which application threads were stopped: 0.0007024 seconds, Stopping threads took: 0.0000197 seconds
69.191: [GC (Allocation Failure)  70337K->609K(412160K), 0.0004637 secs]
69.192: Total time for which application threads were stopped: 0.0005913 seconds, Stopping threads took: 0.0000299 seconds
69.241: [GC (Allocation Failure)  69217K->641K(411136K), 0.0005100 secs]
69.242: Total time for which application threads were stopped: 0.0006444 seconds, Stopping threads took: 0.0000199 seconds
69.284: [GC (Allocation Failure)  68225K->705K(410112K), 0.0006292 secs]
69.285: Total time for which application threads were stopped: 0.0007774 seconds, Stopping threads took: 0.0000215 seconds
69.332: [GC (Allocation Failure)  67265K->641K(409088K), 0.0004799 secs]
69.332: Total time for which application threads were stopped: 0.0006261 seconds, Stopping threads took: 0.0000228 seconds
69.380: [GC (Allocation Failure)  66177K->609K(422400K), 0.0006456 secs]
69.381: Total time for which application threads were stopped: 0.0007769 seconds, Stopping threads took: 0.0000207 seconds
69.434: [GC (Allocation Failure)  79457K->641K(421376K), 0.0004915 secs]
69.435: Total time for which application threads were stopped: 0.0006215 seconds, Stopping threads took: 0.0000202 seconds
69.483: [GC (Allocation Failure)  78465K->609K(420352K), 0.0006146 secs]
69.484: Total time for which application threads were stopped: 0.0007596 seconds, Stopping threads took: 0.0000222 seconds
69.535: [GC (Allocation Failure)  77409K->705K(419328K), 0.0006254 secs]
69.536: Total time for which application threads were stopped: 0.0007662 seconds, Stopping threads took: 0.0000233 seconds
69.583: [GC (Allocation Failure)  76481K->641K(418304K), 0.0005071 secs]
69.584: Total time for which application threads were stopped: 0.0006475 seconds, Stopping threads took: 0.0000196 seconds
69.636: [GC (Allocation Failure)  75393K->705K(417280K), 0.0006484 secs]
69.637: Total time for which application threads were stopped: 0.0007893 seconds, Stopping threads took: 0.0000272 seconds
69.686: [GC (Allocation Failure)  74433K->673K(416256K), 0.0005291 secs]
69.687: Total time for which application threads were stopped: 0.0006688 seconds, Stopping threads took: 0.0000214 seconds
69.732: [GC (Allocation Failure)  73377K->641K(415232K), 0.0005203 secs]
69.733: Total time for which application threads were stopped: 0.0006440 seconds, Stopping threads took: 0.0000207 seconds
69.778: [GC (Allocation Failure)  72321K->609K(414208K), 0.0004685 secs]
69.779: Total time for which application threads were stopped: 0.0006102 seconds, Stopping threads took: 0.0000217 seconds
69.823: [GC (Allocation Failure)  71265K->641K(413184K), 0.0004916 secs]
69.824: Total time for which application threads were stopped: 0.0006512 seconds, Stopping threads took: 0.0000218 seconds
69.874: [GC (Allocation Failure)  70273K->609K(412160K), 0.0006039 secs]
69.875: Total time for which application threads were stopped: 0.0007388 seconds, Stopping threads took: 0.0000298 seconds
69.922: [GC (Allocation Failure)  69217K->673K(411136K), 0.0004290 secs]
69.923: Total time for which application threads were stopped: 0.0005572 seconds, Stopping threads took: 0.0000276 seconds
69.965: [GC (Allocation Failure)  68257K->641K(410112K), 0.0005648 secs]
69.965: Total time for which application threads were stopped: 0.0006986 seconds, Stopping threads took: 0.0000280 seconds
70.011: [GC (Allocation Failure)  67201K->705K(409088K), 0.0005188 secs]
70.012: Total time for which application threads were stopped: 0.0006540 seconds, Stopping threads took: 0.0000216 seconds
70.053: [GC (Allocation Failure)  66241K->641K(408064K), 0.0005440 secs]
70.053: Total time for which application threads were stopped: 0.0006981 seconds, Stopping threads took: 0.0000282 seconds
70.097: [GC (Allocation Failure)  65153K->641K(407040K), 0.0003851 secs]
70.097: Total time for which application threads were stopped: 0.0005206 seconds, Stopping threads took: 0.0000256 seconds
70.137: [GC (Allocation Failure)  64129K->609K(406016K), 0.0004389 secs]
70.138: Total time for which application threads were stopped: 0.0005583 seconds, Stopping threads took: 0.0000205 seconds
70.177: [GC (Allocation Failure)  63073K->705K(405504K), 0.0005069 secs]
70.177: Total time for which application threads were stopped: 0.0006287 seconds, Stopping threads took: 0.0000205 seconds
70.217: [GC (Allocation Failure)  62657K->609K(418304K), 0.0034474 secs]
70.220: Total time for which application threads were stopped: 0.0035758 seconds, Stopping threads took: 0.0000243 seconds
70.270: [GC (Allocation Failure)  75361K->705K(433664K), 0.0006816 secs]
70.271: Total time for which application threads were stopped: 0.0007991 seconds, Stopping threads took: 0.0000189 seconds
70.327: [GC (Allocation Failure)  90817K->641K(452096K), 0.0005377 secs]
70.327: Total time for which application threads were stopped: 0.0006576 seconds, Stopping threads took: 0.0000197 seconds
70.395: [GC (Allocation Failure)  109185K->609K(474112K), 0.0005632 secs]
70.396: Total time for which application threads were stopped: 0.0006974 seconds, Stopping threads took: 0.0000204 seconds
70.483: [GC (Allocation Failure)  131169K->673K(492032K), 0.0005124 secs]
70.483: Total time for which application threads were stopped: 0.0006434 seconds, Stopping threads took: 0.0000222 seconds
70.576: [GC (Allocation Failure)  149153K->673K(492032K), 0.0005574 secs]
70.576: Total time for which application threads were stopped: 0.0006855 seconds, Stopping threads took: 0.0000203 seconds
70.670: [GC (Allocation Failure)  149153K->641K(488448K), 0.0004395 secs]
70.671: Total time for which application threads were stopped: 0.0005838 seconds, Stopping threads took: 0.0000269 seconds
70.767: [GC (Allocation Failure)  145537K->641K(484864K), 0.0004847 secs]
70.767: Total time for which application threads were stopped: 0.0006050 seconds, Stopping threads took: 0.0000201 seconds
70.862: [GC (Allocation Failure)  141953K->673K(481280K), 0.0004930 secs]
70.862: Total time for which application threads were stopped: 0.0006288 seconds, Stopping threads took: 0.0000214 seconds
70.948: [GC (Allocation Failure)  138401K->641K(478208K), 0.0005313 secs]
70.948: Total time for which application threads were stopped: 0.0006595 seconds, Stopping threads took: 0.0000271 seconds
71.035: [GC (Allocation Failure)  135297K->609K(475136K), 0.0007875 secs]
71.036: Total time for which application threads were stopped: 0.0009302 seconds, Stopping threads took: 0.0000214 seconds
71.119: [GC (Allocation Failure)  132193K->641K(472064K), 0.0005208 secs]
71.119: Total time for which application threads were stopped: 0.0006407 seconds, Stopping threads took: 0.0000201 seconds
71.200: [GC (Allocation Failure)  129153K->641K(468992K), 0.0006542 secs]
71.201: Total time for which application threads were stopped: 0.0007873 seconds, Stopping threads took: 0.0000169 seconds
71.282: [GC (Allocation Failure)  126081K->673K(465920K), 0.0004954 secs]
71.282: Total time for which application threads were stopped: 0.0006126 seconds, Stopping threads took: 0.0000197 seconds
71.363: [GC (Allocation Failure)  123041K->641K(463360K), 0.0005012 secs]
71.364: Total time for which application threads were stopped: 0.0006274 seconds, Stopping threads took: 0.0000196 seconds
71.442: [GC (Allocation Failure)  120449K->641K(460800K), 0.0005101 secs]
71.442: Total time for which application threads were stopped: 0.0006285 seconds, Stopping threads took: 0.0000198 seconds
71.518: [GC (Allocation Failure)  117889K->673K(458240K), 0.0006048 secs]
71.519: Total time for which application threads were stopped: 0.0007397 seconds, Stopping threads took: 0.0000271 seconds
71.597: [GC (Allocation Failure)  115361K->705K(455680K), 0.0003631 secs]
71.597: Total time for which application threads were stopped: 0.0004793 seconds, Stopping threads took: 0.0000246 seconds
71.671: [GC (Allocation Failure)  112833K->641K(453120K), 0.0004007 secs]
71.672: Total time for which application threads were stopped: 0.0005080 seconds, Stopping threads took: 0.0000177 seconds
71.740: [GC (Allocation Failure)  110209K->673K(451072K), 0.0005803 secs]
71.741: Total time for which application threads were stopped: 0.0007002 seconds, Stopping threads took: 0.0000197 seconds
71.808: [GC (Allocation Failure)  108193K->705K(449024K), 0.0006229 secs]
71.809: Total time for which application threads were stopped: 0.0007769 seconds, Stopping threads took: 0.0000296 seconds
71.881: [GC (Allocation Failure)  106177K->609K(446976K), 0.0006595 secs]
71.881: Total time for which application threads were stopped: 0.0008046 seconds, Stopping threads took: 0.0000220 seconds
71.952: [GC (Allocation Failure)  104033K->705K(444928K), 0.0007369 secs]
71.953: Total time for which application threads were stopped: 0.0008674 seconds, Stopping threads took: 0.0000200 seconds
72.020: [GC (Allocation Failure)  102081K->609K(442880K), 0.0004472 secs]
72.020: Total time for which application threads were stopped: 0.0005693 seconds, Stopping threads took: 0.0000269 seconds
72.088: [GC (Allocation Failure)  99937K->673K(440832K), 0.0004764 secs]
72.088: Total time for which application threads were stopped: 0.0006048 seconds, Stopping threads took: 0.0000278 seconds
72.153: [GC (Allocation Failure)  97953K->705K(438784K), 0.0004823 secs]
72.154: Total time for which application threads were stopped: 0.0006101 seconds, Stopping threads took: 0.0000276 seconds
72.213: [GC (Allocation Failure)  95937K->641K(437248K), 0.0004592 secs]
72.214: Total time for which application threads were stopped: 0.0005930 seconds, Stopping threads took: 0.0000255 seconds
72.273: [GC (Allocation Failure)  94337K->641K(435712K), 0.0004415 secs]
72.273: Total time for which application threads were stopped: 0.0005582 seconds, Stopping threads took: 0.0000193 seconds
72.330: [GC (Allocation Failure)  92801K->609K(434176K), 0.0006383 secs]
72.331: Total time for which application threads were stopped: 0.0007597 seconds, Stopping threads took: 0.0000195 seconds
72.387: [GC (Allocation Failure)  91233K->609K(432640K), 0.0004320 secs]
72.388: Total time for which application threads were stopped: 0.0005510 seconds, Stopping threads took: 0.0000278 seconds
72.443: [GC (Allocation Failure)  89697K->641K(431104K), 0.0005271 secs]
72.444: Total time for which application threads were stopped: 0.0006642 seconds, Stopping threads took: 0.0000214 seconds
72.504: [GC (Allocation Failure)  88193K->609K(429568K), 0.0005934 secs]
72.505: Total time for which application threads were stopped: 0.0007188 seconds, Stopping threads took: 0.0000202 seconds
72.561: [GC (Allocation Failure)  86625K->705K(428032K), 0.0005576 secs]
72.562: Total time for which application threads were stopped: 0.0006777 seconds, Stopping threads took: 0.0000197 seconds
72.616: [GC (Allocation Failure)  85185K->705K(426496K), 0.0005030 secs]
72.616: Total time for which application threads were stopped: 0.0006385 seconds, Stopping threads took: 0.0000210 seconds
72.668: [GC (Allocation Failure)  83649K->673K(424960K), 0.0004882 secs]
72.669: Total time for which application threads were stopped: 0.0006236 seconds, Stopping threads took: 0.0000212 seconds
72.720: [GC (Allocation Failure)  82081K->673K(423424K), 0.0006488 secs]
72.721: Total time for which application threads were stopped: 0.0007940 seconds, Stopping threads took: 0.0000224 seconds
72.771: [GC (Allocation Failure)  80545K->705K(422400K), 0.0005220 secs]
72.772: Total time for which application threads were stopped: 0.0006952 seconds, Stopping threads took: 0.0000316 seconds
72.821: [GC (Allocation Failure)  79553K->641K(421376K), 0.0005877 secs]
72.822: Total time for which application threads were stopped: 0.0007940 seconds, Stopping threads took: 0.0000309 seconds
72.871: [GC (Allocation Failure)  78465K->641K(420352K), 0.0004908 secs]
72.871: Total time for which application threads were stopped: 0.0006184 seconds, Stopping threads took: 0.0000204 seconds
72.920: [GC (Allocation Failure)  77441K->609K(419328K), 0.0006356 secs]
72.920: Total time for which application threads were stopped: 0.0007680 seconds, Stopping threads took: 0.0000213 seconds
72.972: [GC (Allocation Failure)  76385K->705K(418304K), 0.0004930 secs]
72.972: Total time for which application threads were stopped: 0.0006324 seconds, Stopping threads took: 0.0000283 seconds
73.022: [GC (Allocation Failure)  75457K->673K(417280K), 0.0004945 secs]
73.023: Total time for which application threads were stopped: 0.0006284 seconds, Stopping threads took: 0.0000211 seconds
73.069: [GC (Allocation Failure)  74401K->673K(416256K), 0.0006096 secs]
73.069: Total time for which application threads were stopped: 0.0007305 seconds, Stopping threads took: 0.0000191 seconds
73.116: [GC (Allocation Failure)  73377K->641K(415232K), 0.0004136 secs]
73.116: Total time for which application threads were stopped: 0.0005326 seconds, Stopping threads took: 0.0000268 seconds
73.162: [GC (Allocation Failure)  72321K->737K(429568K), 0.0007467 secs]
73.162: Total time for which application threads were stopped: 0.0008932 seconds, Stopping threads took: 0.0000218 seconds
73.217: [GC (Allocation Failure)  86753K->673K(428032K), 0.0004650 secs]
73.218: Total time for which application threads were stopped: 0.0006062 seconds, Stopping threads took: 0.0000167 seconds
73.271: [GC (Allocation Failure)  85153K->641K(426496K), 0.0005142 secs]
73.272: Total time for which application threads were stopped: 0.0006330 seconds, Stopping threads took: 0.0000192 seconds
73.324: [GC (Allocation Failure)  83585K->673K(424960K), 0.0005004 secs]
73.324: Total time for which application threads were stopped: 0.0006314 seconds, Stopping threads took: 0.0000212 seconds
73.375: [GC (Allocation Failure)  82081K->673K(423424K), 0.0005209 secs]
73.376: Total time for which application threads were stopped: 0.0006627 seconds, Stopping threads took: 0.0000216 seconds
73.426: [GC (Allocation Failure)  80545K->673K(422400K), 0.0005666 secs]
73.427: Total time for which application threads were stopped: 0.0007185 seconds, Stopping threads took: 0.0000304 seconds
73.476: [GC (Allocation Failure)  79521K->641K(421376K), 0.0005470 secs]
73.477: Total time for which application threads were stopped: 0.0006681 seconds, Stopping threads took: 0.0000194 seconds
73.526: [GC (Allocation Failure)  78465K->673K(420352K), 0.0004766 secs]
73.526: Total time for which application threads were stopped: 0.0006003 seconds, Stopping threads took: 0.0000197 seconds
73.579: [GC (Allocation Failure)  77473K->673K(419328K), 0.0006027 secs]
73.580: Total time for which application threads were stopped: 0.0007473 seconds, Stopping threads took: 0.0000300 seconds
73.628: [GC (Allocation Failure)  76449K->609K(418304K), 0.0005613 secs]
73.629: Total time for which application threads were stopped: 0.0006832 seconds, Stopping threads took: 0.0000203 seconds
73.678: [GC (Allocation Failure)  75361K->609K(417280K), 0.0004919 secs]
73.679: Total time for which application threads were stopped: 0.0006240 seconds, Stopping threads took: 0.0000215 seconds
73.725: [GC (Allocation Failure)  74337K->673K(416256K), 0.0005161 secs]
73.725: Total time for which application threads were stopped: 0.0006592 seconds, Stopping threads took: 0.0000296 seconds
73.771: [GC (Allocation Failure)  73377K->737K(415232K), 0.0005120 secs]
73.771: Total time for which application threads were stopped: 0.0006488 seconds, Stopping threads took: 0.0000292 seconds
73.819: [GC (Allocation Failure)  72417K->641K(414208K), 0.0004338 secs]
73.820: Total time for which application threads were stopped: 0.0005620 seconds, Stopping threads took: 0.0000193 seconds
73.867: [GC (Allocation Failure)  71297K->641K(413184K), 0.0006436 secs]
73.868: Total time for which application threads were stopped: 0.0007772 seconds, Stopping threads took: 0.0000162 seconds
73.914: [GC (Allocation Failure)  70273K->641K(427520K), 0.0006812 secs]
73.915: Total time for which application threads were stopped: 0.0008287 seconds, Stopping threads took: 0.0000220 seconds
73.971: [GC (Allocation Failure)  84609K->673K(425984K), 0.0005240 secs]
73.971: Total time for which application threads were stopped: 0.0006569 seconds, Stopping threads took: 0.0000215 seconds
74.023: [GC (Allocation Failure)  83105K->673K(424448K), 0.0005273 secs]
74.023: Total time for which application threads were stopped: 0.0006669 seconds, Stopping threads took: 0.0000302 seconds
74.074: [GC (Allocation Failure)  81569K->609K(422912K), 0.0006654 secs]
74.074: Total time for which application threads were stopped: 0.0008192 seconds, Stopping threads took: 0.0000291 seconds
74.125: [GC (Allocation Failure)  79969K->641K(421888K), 0.0004772 secs]
74.126: Total time for which application threads were stopped: 0.0006038 seconds, Stopping threads took: 0.0000264 seconds
74.175: [GC (Allocation Failure)  78977K->705K(420864K), 0.0004980 secs]
74.175: Total time for which application threads were stopped: 0.0006380 seconds, Stopping threads took: 0.0000293 seconds
74.224: [GC (Allocation Failure)  78017K->641K(419840K), 0.0004783 secs]
74.225: Total time for which application threads were stopped: 0.0005946 seconds, Stopping threads took: 0.0000171 seconds
74.272: [GC (Allocation Failure)  76929K->641K(418816K), 0.0005776 secs]
74.273: Total time for which application threads were stopped: 0.0007070 seconds, Stopping threads took: 0.0000279 seconds
74.320: [GC (Allocation Failure)  75905K->705K(434176K), 0.0006571 secs]
74.321: Total time for which application threads were stopped: 0.0007927 seconds, Stopping threads took: 0.0000199 seconds
74.383: [GC (Allocation Failure)  91329K->673K(432640K), 0.0004781 secs]
74.383: Total time for which application threads were stopped: 0.0005996 seconds, Stopping threads took: 0.0000208 seconds
74.445: [GC (Allocation Failure)  89761K->609K(431104K), 0.0006496 secs]
74.446: Total time for which application threads were stopped: 0.0007675 seconds, Stopping threads took: 0.0000198 seconds
74.500: [GC (Allocation Failure)  88161K->673K(429568K), 0.0005261 secs]
74.501: Total time for which application threads were stopped: 0.0006464 seconds, Stopping threads took: 0.0000197 seconds
74.557: [GC (Allocation Failure)  86689K->641K(428032K), 0.0004757 secs]
74.558: Total time for which application threads were stopped: 0.0006001 seconds, Stopping threads took: 0.0000267 seconds
74.611: [GC (Allocation Failure)  85121K->641K(426496K), 0.0005875 secs]
74.611: Total time for which application threads were stopped: 0.0007148 seconds, Stopping threads took: 0.0000197 seconds
74.669: [GC (Allocation Failure)  83585K->673K(424960K), 0.0006266 secs]
74.670: Total time for which application threads were stopped: 0.0007414 seconds, Stopping threads took: 0.0000174 seconds
74.725: [GC (Allocation Failure)  82081K->673K(423424K), 0.0005193 secs]
74.725: Total time for which application threads were stopped: 0.0006634 seconds, Stopping threads took: 0.0000214 seconds
74.775: [GC (Allocation Failure)  80545K->705K(422400K), 0.0007277 secs]
74.776: Total time for which application threads were stopped: 0.0008761 seconds, Stopping threads took: 0.0000296 seconds
74.826: [GC (Allocation Failure)  79553K->641K(421376K), 0.0005839 secs]
74.826: Total time for which application threads were stopped: 0.0007481 seconds, Stopping threads took: 0.0000306 seconds
74.875: [GC (Allocation Failure)  78465K->609K(437248K), 0.0007105 secs]
74.876: Total time for which application threads were stopped: 0.0008876 seconds, Stopping threads took: 0.0000325 seconds
74.940: [GC (Allocation Failure)  94305K->609K(435712K), 0.0005926 secs]
74.940: Total time for which application threads were stopped: 0.0007229 seconds, Stopping threads took: 0.0000286 seconds
74.997: [GC (Allocation Failure)  92769K->609K(434176K), 0.0005082 secs]
74.998: Total time for which application threads were stopped: 0.0006362 seconds, Stopping threads took: 0.0000194 seconds
75.059: [GC (Allocation Failure)  91233K->641K(432640K), 0.0004415 secs]
75.060: Total time for which application threads were stopped: 0.0005600 seconds, Stopping threads took: 0.0000202 seconds
75.116: [GC (Allocation Failure)  89729K->673K(431104K), 0.0004421 secs]
75.116: Total time for which application threads were stopped: 0.0005658 seconds, Stopping threads took: 0.0000198 seconds
75.171: [GC (Allocation Failure)  88225K->705K(429568K), 0.0005157 secs]
75.171: Total time for which application threads were stopped: 0.0006330 seconds, Stopping threads took: 0.0000202 seconds
75.227: [GC (Allocation Failure)  86721K->641K(428032K), 0.0004508 secs]
75.228: Total time for which application threads were stopped: 0.0005695 seconds, Stopping threads took: 0.0000189 seconds
75.284: [GC (Allocation Failure)  85121K->673K(426496K), 0.0004993 secs]
75.284: Total time for which application threads were stopped: 0.0006355 seconds, Stopping threads took: 0.0000216 seconds
75.336: [GC (Allocation Failure)  83617K->641K(424960K), 0.0005185 secs]
75.337: Total time for which application threads were stopped: 0.0006711 seconds, Stopping threads took: 0.0000218 seconds
75.393: [GC (Allocation Failure)  82049K->673K(423424K), 0.0005325 secs]
75.394: Total time for which application threads were stopped: 0.0006727 seconds, Stopping threads took: 0.0000220 seconds
75.444: [GC (Allocation Failure)  80545K->641K(422400K), 0.0005269 secs]
75.444: Total time for which application threads were stopped: 0.0006756 seconds, Stopping threads took: 0.0000218 seconds
75.499: [GC (Allocation Failure)  79489K->641K(421376K), 0.0005841 secs]
75.500: Total time for which application threads were stopped: 0.0007283 seconds, Stopping threads took: 0.0000228 seconds
75.555: [GC (Allocation Failure)  78465K->673K(420352K), 0.0004864 secs]
75.555: Total time for which application threads were stopped: 0.0006179 seconds, Stopping threads took: 0.0000227 seconds
75.604: [GC (Allocation Failure)  77473K->673K(419328K), 0.0003863 secs]
75.604: Total time for which application threads were stopped: 0.0005042 seconds, Stopping threads took: 0.0000198 seconds
75.656: [GC (Allocation Failure)  76449K->609K(418304K), 0.0004289 secs]
75.656: Total time for which application threads were stopped: 0.0005535 seconds, Stopping threads took: 0.0000276 seconds
75.707: [GC (Allocation Failure)  75361K->641K(417280K), 0.0004018 secs]
75.707: Total time for which application threads were stopped: 0.0005077 seconds, Stopping threads took: 0.0000164 seconds
75.758: [GC (Allocation Failure)  74369K->641K(416256K), 0.0006875 secs]
75.758: Total time for which application threads were stopped: 0.0008283 seconds, Stopping threads took: 0.0000200 seconds
75.809: [GC (Allocation Failure)  73345K->609K(415232K), 0.0004943 secs]
75.810: Total time for which application threads were stopped: 0.0006125 seconds, Stopping threads took: 0.0000194 seconds
