Java HotSpot(TM) 64-Bit Server VM (25.171-b11) for linux-amd64 JRE (1.8.0_171-b11), built on Mar 28 2018 17:07:08 by "java_re" with gcc 4.3.0 20080428 (Red Hat 4.3.0-8)
Memory: 4k page, physical 32883000k(29631956k free), swap 8000508k(8000508k free)
CommandLine flags: -XX:InitialHeapSize=526128000 -XX:MaxHeapSize=8418048000 -XX:+PrintGC -XX:+PrintGCApplicationStoppedTime -XX:+PrintGCTimeStamps -XX:+UseCompressedClassPointers -XX:+UseCompressedOops -XX:+UseParallelGC 
0.381: [GC (Allocation Failure)  129024K->2445K(493056K), 0.0019229 secs]
0.383: Total time for which application threads were stopped: 0.0021092 seconds, Stopping threads took: 0.0000226 seconds
0.469: [GC (Allocation Failure)  131469K->640K(493056K), 0.0009103 secs]
0.470: Total time for which application threads were stopped: 0.0010582 seconds, Stopping threads took: 0.0000289 seconds
0.555: [GC (Allocation Failure)  129664K->584K(493056K), 0.0008884 secs]
0.556: Total time for which application threads were stopped: 0.0010279 seconds, Stopping threads took: 0.0000206 seconds
0.642: [GC (Allocation Failure)  129608K->616K(493056K), 0.0009274 secs]
0.643: Total time for which application threads were stopped: 0.0010628 seconds, Stopping threads took: 0.0000295 seconds
0.725: [GC (Allocation Failure)  129640K->592K(470016K), 0.0009000 secs]
0.726: Total time for which application threads were stopped: 0.0010166 seconds, Stopping threads took: 0.0000188 seconds
0.805: [GC (Allocation Failure)  126544K->688K(466944K), 0.0009027 secs]
0.806: Total time for which application threads were stopped: 0.0010109 seconds, Stopping threads took: 0.0000170 seconds
0.884: [GC (Allocation Failure)  123568K->589K(463872K), 0.0009465 secs]
0.885: Total time for which application threads were stopped: 0.0010650 seconds, Stopping threads took: 0.0000197 seconds
0.966: [GC (Allocation Failure)  120909K->653K(461312K), 0.0006166 secs]
0.967: Total time for which application threads were stopped: 0.0007320 seconds, Stopping threads took: 0.0000267 seconds
1.043: [GC (Allocation Failure)  118413K->621K(460800K), 0.0006213 secs]
1.043: Total time for which application threads were stopped: 0.0007598 seconds, Stopping threads took: 0.0000319 seconds
1.118: [GC (Allocation Failure)  115821K->589K(456192K), 0.0004778 secs]
1.119: Total time for which application threads were stopped: 0.0005885 seconds, Stopping threads took: 0.0000215 seconds
1.189: [GC (Allocation Failure)  113229K->621K(455680K), 0.0005327 secs]
1.189: Total time for which application threads were stopped: 0.0006538 seconds, Stopping threads took: 0.0000196 seconds
1.257: [GC (Allocation Failure)  110701K->653K(451584K), 0.0005014 secs]
1.258: Total time for which application threads were stopped: 0.0006315 seconds, Stopping threads took: 0.0000268 seconds
1.327: [GC (Allocation Failure)  108685K->621K(451072K), 0.0004990 secs]
1.328: Total time for which application threads were stopped: 0.0006391 seconds, Stopping threads took: 0.0000220 seconds
1.400: [GC (Allocation Failure)  106605K->621K(447488K), 0.0004845 secs]
1.401: Total time for which application threads were stopped: 0.0006085 seconds, Stopping threads took: 0.0000273 seconds
1.471: [GC (Allocation Failure)  104557K->653K(446976K), 0.0004722 secs]
1.471: Total time for which application threads were stopped: 0.0005883 seconds, Stopping threads took: 0.0000173 seconds
1.534: [GC (Allocation Failure)  102541K->653K(443392K), 0.0005267 secs]
1.535: Total time for which application threads were stopped: 0.0006483 seconds, Stopping threads took: 0.0000193 seconds
1.600: [GC (Allocation Failure)  100493K->685K(442880K), 0.0005868 secs]
1.601: Total time for which application threads were stopped: 0.0007148 seconds, Stopping threads took: 0.0000294 seconds
1.667: [GC (Allocation Failure)  98477K->621K(439296K), 0.0005107 secs]
1.668: Total time for which application threads were stopped: 0.0006323 seconds, Stopping threads took: 0.0000181 seconds
1.728: [GC (Allocation Failure)  96365K->685K(438784K), 0.0006095 secs]
1.728: Total time for which application threads were stopped: 0.0007264 seconds, Stopping threads took: 0.0000193 seconds
1.792: [GC (Allocation Failure)  94893K->621K(436224K), 0.0005454 secs]
1.793: Total time for which application threads were stopped: 0.0006779 seconds, Stopping threads took: 0.0000280 seconds
1.853: [GC (Allocation Failure)  93293K->653K(435712K), 0.0004594 secs]
1.854: Total time for which application threads were stopped: 0.0005873 seconds, Stopping threads took: 0.0000285 seconds
1.911: [GC (Allocation Failure)  91789K->653K(433152K), 0.0005362 secs]
1.912: Total time for which application threads were stopped: 0.0006715 seconds, Stopping threads took: 0.0000288 seconds
1.967: [GC (Allocation Failure)  90253K->653K(432640K), 0.0004934 secs]
1.968: Total time for which application threads were stopped: 0.0006110 seconds, Stopping threads took: 0.0000202 seconds
2.022: [GC (Allocation Failure)  88717K->589K(430080K), 0.0006890 secs]
2.023: Total time for which application threads were stopped: 0.0008266 seconds, Stopping threads took: 0.0000267 seconds
2.081: [GC (Allocation Failure)  87117K->653K(429568K), 0.0005537 secs]
2.082: Total time for which application threads were stopped: 0.0006985 seconds, Stopping threads took: 0.0000223 seconds
2.140: [GC (Allocation Failure)  85645K->653K(427008K), 0.0006009 secs]
2.141: Total time for which application threads were stopped: 0.0007436 seconds, Stopping threads took: 0.0000222 seconds
2.194: [GC (Allocation Failure)  84109K->653K(425984K), 0.0004430 secs]
2.194: Total time for which application threads were stopped: 0.0005718 seconds, Stopping threads took: 0.0000292 seconds
2.245: [GC (Allocation Failure)  82573K->653K(423936K), 0.0005866 secs]
2.246: Total time for which application threads were stopped: 0.0007183 seconds, Stopping threads took: 0.0000259 seconds
2.296: [GC (Allocation Failure)  81037K->653K(422912K), 0.0005709 secs]
2.296: Total time for which application threads were stopped: 0.0007003 seconds, Stopping threads took: 0.0000205 seconds
2.351: [GC (Allocation Failure)  79501K->717K(421376K), 0.0004930 secs]
2.351: Total time for which application threads were stopped: 0.0006183 seconds, Stopping threads took: 0.0000253 seconds
2.403: [GC (Allocation Failure)  78541K->685K(420864K), 0.0005009 secs]
2.404: Total time for which application threads were stopped: 0.0006301 seconds, Stopping threads took: 0.0000202 seconds
2.451: [GC (Allocation Failure)  77485K->653K(419328K), 0.0005753 secs]
2.452: Total time for which application threads were stopped: 0.0006946 seconds, Stopping threads took: 0.0000191 seconds
2.505: [GC (Allocation Failure)  76429K->685K(418816K), 0.0006212 secs]
2.506: Total time for which application threads were stopped: 0.0007458 seconds, Stopping threads took: 0.0000278 seconds
2.552: [GC (Allocation Failure)  75437K->653K(417280K), 0.0005309 secs]
2.552: Total time for which application threads were stopped: 0.0006432 seconds, Stopping threads took: 0.0000196 seconds
2.599: [GC (Allocation Failure)  74381K->621K(416768K), 0.0004769 secs]
2.599: Total time for which application threads were stopped: 0.0006017 seconds, Stopping threads took: 0.0000281 seconds
2.651: [GC (Allocation Failure)  73325K->621K(415232K), 0.0004901 secs]
2.651: Total time for which application threads were stopped: 0.0006167 seconds, Stopping threads took: 0.0000190 seconds
2.700: [GC (Allocation Failure)  72301K->621K(414208K), 0.0004882 secs]
2.700: Total time for which application threads were stopped: 0.0006101 seconds, Stopping threads took: 0.0000208 seconds
2.744: [GC (Allocation Failure)  71277K->621K(413184K), 0.0005718 secs]
2.745: Total time for which application threads were stopped: 0.0006930 seconds, Stopping threads took: 0.0000242 seconds
2.789: [GC (Allocation Failure)  70253K->621K(412160K), 0.0004819 secs]
2.789: Total time for which application threads were stopped: 0.0005964 seconds, Stopping threads took: 0.0000187 seconds
2.835: [GC (Allocation Failure)  69229K->653K(411136K), 0.0005535 secs]
2.836: Total time for which application threads were stopped: 0.0006678 seconds, Stopping threads took: 0.0000186 seconds
2.884: [GC (Allocation Failure)  68237K->653K(410112K), 0.0004585 secs]
2.884: Total time for which application threads were stopped: 0.0005750 seconds, Stopping threads took: 0.0000264 seconds
2.929: [GC (Allocation Failure)  67213K->653K(409088K), 0.0004881 secs]
2.929: Total time for which application threads were stopped: 0.0006354 seconds, Stopping threads took: 0.0000273 seconds
2.975: [GC (Allocation Failure)  66189K->685K(408064K), 0.0006176 secs]
2.976: Total time for which application threads were stopped: 0.0007625 seconds, Stopping threads took: 0.0000215 seconds
3.016: [GC (Allocation Failure)  65197K->685K(407040K), 0.0004623 secs]
3.017: Total time for which application threads were stopped: 0.0005746 seconds, Stopping threads took: 0.0000200 seconds
3.056: [GC (Allocation Failure)  64173K->637K(406016K), 0.0004893 secs]
3.057: Total time for which application threads were stopped: 0.0006041 seconds, Stopping threads took: 0.0000167 seconds
3.096: [GC (Allocation Failure)  63101K->637K(419840K), 0.0004833 secs]
3.096: Total time for which application threads were stopped: 0.0006113 seconds, Stopping threads took: 0.0000201 seconds
3.144: [GC (Allocation Failure)  76925K->637K(418816K), 0.0005496 secs]
3.144: Total time for which application threads were stopped: 0.0006936 seconds, Stopping threads took: 0.0000217 seconds
3.195: [GC (Allocation Failure)  75901K->701K(417792K), 0.0004978 secs]
3.195: Total time for which application threads were stopped: 0.0006244 seconds, Stopping threads took: 0.0000207 seconds
3.241: [GC (Allocation Failure)  74941K->669K(416768K), 0.0005025 secs]
3.242: Total time for which application threads were stopped: 0.0006253 seconds, Stopping threads took: 0.0000194 seconds
3.287: [GC (Allocation Failure)  73885K->669K(415744K), 0.0005128 secs]
3.287: Total time for which application threads were stopped: 0.0006436 seconds, Stopping threads took: 0.0000213 seconds
3.332: [GC (Allocation Failure)  72861K->669K(414720K), 0.0004860 secs]
3.333: Total time for which application threads were stopped: 0.0006059 seconds, Stopping threads took: 0.0000189 seconds
3.377: [GC (Allocation Failure)  71837K->669K(413696K), 0.0004639 secs]
3.378: Total time for which application threads were stopped: 0.0005825 seconds, Stopping threads took: 0.0000191 seconds
3.421: [GC (Allocation Failure)  70813K->637K(412672K), 0.0005039 secs]
3.422: Total time for which application threads were stopped: 0.0006362 seconds, Stopping threads took: 0.0000197 seconds
3.468: [GC (Allocation Failure)  69757K->605K(411648K), 0.0005937 secs]
3.469: Total time for which application threads were stopped: 0.0007254 seconds, Stopping threads took: 0.0000211 seconds
3.511: [GC (Allocation Failure)  68701K->637K(410624K), 0.0005149 secs]
3.512: Total time for which application threads were stopped: 0.0006545 seconds, Stopping threads took: 0.0000188 seconds
3.558: [GC (Allocation Failure)  67709K->701K(424960K), 0.0006800 secs]
3.559: Total time for which application threads were stopped: 0.0008370 seconds, Stopping threads took: 0.0000283 seconds
3.614: [GC (Allocation Failure)  82109K->605K(441344K), 0.0006339 secs]
3.615: Total time for which application threads were stopped: 0.0007705 seconds, Stopping threads took: 0.0000274 seconds
3.682: [GC (Allocation Failure)  98397K->605K(461312K), 0.0011880 secs]
3.683: Total time for which application threads were stopped: 0.0013208 seconds, Stopping threads took: 0.0000216 seconds
3.756: [GC (Allocation Failure)  118365K->637K(475648K), 0.0006566 secs]
3.756: Total time for which application threads were stopped: 0.0007793 seconds, Stopping threads took: 0.0000189 seconds
3.838: [GC (Allocation Failure)  132733K->637K(472576K), 0.0003915 secs]
3.839: Total time for which application threads were stopped: 0.0005181 seconds, Stopping threads took: 0.0000168 seconds
3.918: [GC (Allocation Failure)  129661K->669K(469504K), 0.0004829 secs]
3.919: Total time for which application threads were stopped: 0.0005947 seconds, Stopping threads took: 0.0000187 seconds
3.996: [GC (Allocation Failure)  126621K->701K(466432K), 0.0005487 secs]
3.996: Total time for which application threads were stopped: 0.0006648 seconds, Stopping threads took: 0.0000192 seconds
4.056: Total time for which application threads were stopped: 0.0001254 seconds, Stopping threads took: 0.0000562 seconds
4.078: [GC (Allocation Failure)  123581K->669K(463872K), 0.0004935 secs]
4.078: Total time for which application threads were stopped: 0.0006100 seconds, Stopping threads took: 0.0000191 seconds
4.152: [GC (Allocation Failure)  120989K->701K(461312K), 0.0005300 secs]
4.153: Total time for which application threads were stopped: 0.0006452 seconds, Stopping threads took: 0.0000190 seconds
4.225: [GC (Allocation Failure)  118461K->605K(458752K), 0.0004432 secs]
4.225: Total time for which application threads were stopped: 0.0005679 seconds, Stopping threads took: 0.0000270 seconds
4.296: [GC (Allocation Failure)  115805K->637K(456192K), 0.0004657 secs]
4.296: Total time for which application threads were stopped: 0.0005812 seconds, Stopping threads took: 0.0000198 seconds
4.366: [GC (Allocation Failure)  113277K->637K(453632K), 0.0004235 secs]
4.367: Total time for which application threads were stopped: 0.0005656 seconds, Stopping threads took: 0.0000261 seconds
4.439: [GC (Allocation Failure)  110717K->637K(451584K), 0.0004786 secs]
4.439: Total time for which application threads were stopped: 0.0005767 seconds, Stopping threads took: 0.0000168 seconds
4.512: [GC (Allocation Failure)  108669K->669K(449536K), 0.0004735 secs]
4.512: Total time for which application threads were stopped: 0.0005776 seconds, Stopping threads took: 0.0000160 seconds
4.583: [GC (Allocation Failure)  106653K->637K(447488K), 0.0004422 secs]
4.583: Total time for which application threads were stopped: 0.0005729 seconds, Stopping threads took: 0.0000283 seconds
4.654: [GC (Allocation Failure)  104573K->637K(445440K), 0.0004686 secs]
4.654: Total time for which application threads were stopped: 0.0005823 seconds, Stopping threads took: 0.0000187 seconds
4.717: [GC (Allocation Failure)  102525K->637K(443392K), 0.0004689 secs]
4.717: Total time for which application threads were stopped: 0.0005859 seconds, Stopping threads took: 0.0000193 seconds
4.780: [GC (Allocation Failure)  100477K->637K(441344K), 0.0004527 secs]
4.780: Total time for which application threads were stopped: 0.0005709 seconds, Stopping threads took: 0.0000201 seconds
4.845: [GC (Allocation Failure)  98429K->669K(439296K), 0.0004495 secs]
4.845: Total time for which application threads were stopped: 0.0005624 seconds, Stopping threads took: 0.0000193 seconds
4.906: [GC (Allocation Failure)  96413K->701K(437760K), 0.0004740 secs]
4.907: Total time for which application threads were stopped: 0.0006121 seconds, Stopping threads took: 0.0000281 seconds
4.971: [GC (Allocation Failure)  94909K->669K(436224K), 0.0005041 secs]
4.972: Total time for which application threads were stopped: 0.0006380 seconds, Stopping threads took: 0.0000200 seconds
5.035: [GC (Allocation Failure)  93341K->605K(434688K), 0.0004764 secs]
5.036: Total time for which application threads were stopped: 0.0006300 seconds, Stopping threads took: 0.0000288 seconds
5.092: [GC (Allocation Failure)  91741K->637K(433152K), 0.0005851 secs]
5.093: Total time for which application threads were stopped: 0.0007248 seconds, Stopping threads took: 0.0000296 seconds
5.154: [GC (Allocation Failure)  90237K->605K(431616K), 0.0005029 secs]
5.155: Total time for which application threads were stopped: 0.0006417 seconds, Stopping threads took: 0.0000213 seconds
5.214: [GC (Allocation Failure)  88669K->669K(430080K), 0.0005014 secs]
5.214: Total time for which application threads were stopped: 0.0006385 seconds, Stopping threads took: 0.0000307 seconds
5.271: [GC (Allocation Failure)  87197K->733K(428544K), 0.0005208 secs]
5.272: Total time for which application threads were stopped: 0.0006543 seconds, Stopping threads took: 0.0000198 seconds
5.324: [GC (Allocation Failure)  85725K->637K(427008K), 0.0004480 secs]
5.325: Total time for which application threads were stopped: 0.0005891 seconds, Stopping threads took: 0.0000260 seconds
5.376: [GC (Allocation Failure)  84093K->701K(425472K), 0.0004911 secs]
5.377: Total time for which application threads were stopped: 0.0006071 seconds, Stopping threads took: 0.0000197 seconds
5.427: [GC (Allocation Failure)  82621K->733K(423936K), 0.0005262 secs]
5.428: Total time for which application threads were stopped: 0.0006491 seconds, Stopping threads took: 0.0000266 seconds
5.478: [GC (Allocation Failure)  81117K->669K(422400K), 0.0005613 secs]
5.478: Total time for which application threads were stopped: 0.0006850 seconds, Stopping threads took: 0.0000279 seconds
5.527: [GC (Allocation Failure)  79517K->669K(421376K), 0.0005471 secs]
5.527: Total time for which application threads were stopped: 0.0006689 seconds, Stopping threads took: 0.0000280 seconds
5.575: [GC (Allocation Failure)  78493K->605K(420352K), 0.0004088 secs]
5.576: Total time for which application threads were stopped: 0.0005238 seconds, Stopping threads took: 0.0000199 seconds
5.629: [GC (Allocation Failure)  77405K->669K(419328K), 0.0004616 secs]
5.630: Total time for which application threads were stopped: 0.0005825 seconds, Stopping threads took: 0.0000269 seconds
5.676: [GC (Allocation Failure)  76445K->637K(418304K), 0.0005348 secs]
5.677: Total time for which application threads were stopped: 0.0006588 seconds, Stopping threads took: 0.0000278 seconds
5.723: [GC (Allocation Failure)  75389K->637K(417280K), 0.0007293 secs]
5.724: Total time for which application threads were stopped: 0.0008528 seconds, Stopping threads took: 0.0000194 seconds
5.770: [GC (Allocation Failure)  74365K->605K(416256K), 0.0005303 secs]
5.771: Total time for which application threads were stopped: 0.0006547 seconds, Stopping threads took: 0.0000266 seconds
5.822: [GC (Allocation Failure)  73309K->701K(415232K), 0.0004581 secs]
5.822: Total time for which application threads were stopped: 0.0005710 seconds, Stopping threads took: 0.0000187 seconds
5.867: [GC (Allocation Failure)  72381K->637K(414208K), 0.0004314 secs]
5.868: Total time for which application threads were stopped: 0.0005528 seconds, Stopping threads took: 0.0000253 seconds
5.913: [GC (Allocation Failure)  71293K->637K(413184K), 0.0004164 secs]
5.913: Total time for which application threads were stopped: 0.0005284 seconds, Stopping threads took: 0.0000243 seconds
5.962: [GC (Allocation Failure)  70269K->605K(412160K), 0.0004835 secs]
5.963: Total time for which application threads were stopped: 0.0006118 seconds, Stopping threads took: 0.0000270 seconds
6.006: [GC (Allocation Failure)  69213K->669K(411136K), 0.0004539 secs]
6.006: Total time for which application threads were stopped: 0.0005747 seconds, Stopping threads took: 0.0000204 seconds
6.053: [GC (Allocation Failure)  68253K->637K(410112K), 0.0004998 secs]
6.053: Total time for which application threads were stopped: 0.0006185 seconds, Stopping threads took: 0.0000198 seconds
6.095: [GC (Allocation Failure)  67197K->669K(409088K), 0.0004734 secs]
6.095: Total time for which application threads were stopped: 0.0005955 seconds, Stopping threads took: 0.0000270 seconds
6.142: [GC (Allocation Failure)  66205K->637K(408064K), 0.0004446 secs]
6.142: Total time for which application threads were stopped: 0.0005681 seconds, Stopping threads took: 0.0000266 seconds
6.187: [GC (Allocation Failure)  65149K->637K(407040K), 0.0004634 secs]
6.188: Total time for which application threads were stopped: 0.0005808 seconds, Stopping threads took: 0.0000308 seconds
6.227: [GC (Allocation Failure)  64125K->637K(406016K), 0.0004850 secs]
6.227: Total time for which application threads were stopped: 0.0005831 seconds, Stopping threads took: 0.0000169 seconds
6.270: [GC (Allocation Failure)  63101K->637K(405504K), 0.0004090 secs]
6.270: Total time for which application threads were stopped: 0.0005131 seconds, Stopping threads took: 0.0000162 seconds
6.309: [GC (Allocation Failure)  62589K->637K(404992K), 0.0004185 secs]
6.309: Total time for which application threads were stopped: 0.0005605 seconds, Stopping threads took: 0.0000167 seconds
6.352: [GC (Allocation Failure)  62077K->669K(404480K), 0.0005267 secs]
6.353: Total time for which application threads were stopped: 0.0006539 seconds, Stopping threads took: 0.0000198 seconds
6.391: [GC (Allocation Failure)  61597K->669K(403968K), 0.0004761 secs]
6.391: Total time for which application threads were stopped: 0.0006093 seconds, Stopping threads took: 0.0000273 seconds
6.429: [GC (Allocation Failure)  61085K->605K(416256K), 0.0005824 secs]
6.429: Total time for which application threads were stopped: 0.0007115 seconds, Stopping threads took: 0.0000199 seconds
6.480: [GC (Allocation Failure)  73309K->701K(415232K), 0.0004784 secs]
6.480: Total time for which application threads were stopped: 0.0006194 seconds, Stopping threads took: 0.0000297 seconds
6.524: [GC (Allocation Failure)  72381K->669K(414208K), 0.0004724 secs]
6.525: Total time for which application threads were stopped: 0.0005941 seconds, Stopping threads took: 0.0000191 seconds
6.569: [GC (Allocation Failure)  71325K->605K(428544K), 0.0006412 secs]
6.569: Total time for which application threads were stopped: 0.0007655 seconds, Stopping threads took: 0.0000271 seconds
6.628: [GC (Allocation Failure)  85597K->701K(427008K), 0.0004604 secs]
6.628: Total time for which application threads were stopped: 0.0005856 seconds, Stopping threads took: 0.0000271 seconds
6.680: [GC (Allocation Failure)  84157K->669K(425472K), 0.0004511 secs]
6.681: Total time for which application threads were stopped: 0.0005844 seconds, Stopping threads took: 0.0000276 seconds
6.732: [GC (Allocation Failure)  82589K->637K(423936K), 0.0004955 secs]
6.732: Total time for which application threads were stopped: 0.0006284 seconds, Stopping threads took: 0.0000216 seconds
6.786: [GC (Allocation Failure)  81021K->637K(422400K), 0.0004252 secs]
6.786: Total time for which application threads were stopped: 0.0005212 seconds, Stopping threads took: 0.0000170 seconds
6.840: [GC (Allocation Failure)  79485K->637K(421376K), 0.0005379 secs]
6.840: Total time for which application threads were stopped: 0.0006422 seconds, Stopping threads took: 0.0000160 seconds
6.889: [GC (Allocation Failure)  78461K->637K(420352K), 0.0004282 secs]
6.889: Total time for which application threads were stopped: 0.0005445 seconds, Stopping threads took: 0.0000198 seconds
6.939: [GC (Allocation Failure)  77437K->637K(419328K), 0.0004066 secs]
6.940: Total time for which application threads were stopped: 0.0005115 seconds, Stopping threads took: 0.0000166 seconds
6.986: [GC (Allocation Failure)  76413K->701K(418304K), 0.0004670 secs]
6.987: Total time for which application threads were stopped: 0.0006148 seconds, Stopping threads took: 0.0000189 seconds
7.033: [GC (Allocation Failure)  75453K->669K(417280K), 0.0005248 secs]
7.034: Total time for which application threads were stopped: 0.0006649 seconds, Stopping threads took: 0.0000210 seconds
7.079: [GC (Allocation Failure)  74397K->605K(416256K), 0.0006160 secs]
7.080: Total time for which application threads were stopped: 0.0007409 seconds, Stopping threads took: 0.0000219 seconds
7.131: [GC (Allocation Failure)  73309K->669K(415232K), 0.0005580 secs]
7.131: Total time for which application threads were stopped: 0.0006771 seconds, Stopping threads took: 0.0000197 seconds
7.176: [GC (Allocation Failure)  72349K->701K(429568K), 0.0007797 secs]
7.176: Total time for which application threads were stopped: 0.0009054 seconds, Stopping threads took: 0.0000278 seconds
7.229: [GC (Allocation Failure)  86717K->669K(446976K), 0.0005457 secs]
7.230: Total time for which application threads were stopped: 0.0006680 seconds, Stopping threads took: 0.0000189 seconds
7.294: [GC (Allocation Failure)  104093K->669K(444928K), 0.0004981 secs]
7.294: Total time for which application threads were stopped: 0.0006356 seconds, Stopping threads took: 0.0000295 seconds
7.357: [GC (Allocation Failure)  102045K->637K(442880K), 0.0004564 secs]
7.357: Total time for which application threads were stopped: 0.0005773 seconds, Stopping threads took: 0.0000268 seconds
7.420: [GC (Allocation Failure)  99965K->669K(440832K), 0.0004384 secs]
7.420: Total time for which application threads were stopped: 0.0005574 seconds, Stopping threads took: 0.0000253 seconds
7.486: [GC (Allocation Failure)  97949K->669K(438784K), 0.0005627 secs]
7.487: Total time for which application threads were stopped: 0.0006866 seconds, Stopping threads took: 0.0000196 seconds
7.546: [GC (Allocation Failure)  95901K->669K(437248K), 0.0004727 secs]
7.547: Total time for which application threads were stopped: 0.0005884 seconds, Stopping threads took: 0.0000193 seconds
7.605: [GC (Allocation Failure)  94365K->701K(435712K), 0.0004754 secs]
7.605: Total time for which application threads were stopped: 0.0005940 seconds, Stopping threads took: 0.0000195 seconds
7.662: [GC (Allocation Failure)  92861K->605K(434176K), 0.0006157 secs]
7.663: Total time for which application threads were stopped: 0.0007299 seconds, Stopping threads took: 0.0000189 seconds
7.722: [GC (Allocation Failure)  91229K->733K(432640K), 0.0004856 secs]
7.723: Total time for which application threads were stopped: 0.0006113 seconds, Stopping threads took: 0.0000214 seconds
7.779: [GC (Allocation Failure)  89821K->733K(431104K), 0.0004947 secs]
7.779: Total time for which application threads were stopped: 0.0006111 seconds, Stopping threads took: 0.0000197 seconds
7.833: [GC (Allocation Failure)  88285K->605K(429568K), 0.0005994 secs]
7.834: Total time for which application threads were stopped: 0.0007145 seconds, Stopping threads took: 0.0000192 seconds
7.893: [GC (Allocation Failure)  86621K->669K(428032K), 0.0005412 secs]
7.894: Total time for which application threads were stopped: 0.0006668 seconds, Stopping threads took: 0.0000281 seconds
7.946: [GC (Allocation Failure)  85149K->637K(426496K), 0.0004675 secs]
7.946: Total time for which application threads were stopped: 0.0005901 seconds, Stopping threads took: 0.0000273 seconds
8.004: [GC (Allocation Failure)  83581K->637K(424960K), 0.0004619 secs]
8.004: Total time for which application threads were stopped: 0.0005866 seconds, Stopping threads took: 0.0000277 seconds
8.061: [GC (Allocation Failure)  82045K->669K(423424K), 0.0003954 secs]
8.062: Total time for which application threads were stopped: 0.0005095 seconds, Stopping threads took: 0.0000203 seconds
8.111: [GC (Allocation Failure)  80541K->605K(422400K), 0.0006300 secs]
8.112: Total time for which application threads were stopped: 0.0007679 seconds, Stopping threads took: 0.0000271 seconds
8.160: [GC (Allocation Failure)  79453K->701K(421376K), 0.0004953 secs]
8.161: Total time for which application threads were stopped: 0.0006456 seconds, Stopping threads took: 0.0000288 seconds
8.212: [GC (Allocation Failure)  78525K->701K(420352K), 0.0005561 secs]
8.212: Total time for which application threads were stopped: 0.0006993 seconds, Stopping threads took: 0.0000219 seconds
8.265: [GC (Allocation Failure)  77501K->605K(419328K), 0.0006954 secs]
8.266: Total time for which application threads were stopped: 0.0008403 seconds, Stopping threads took: 0.0000219 seconds
8.316: [GC (Allocation Failure)  76381K->605K(418304K), 0.0006586 secs]
8.317: Total time for which application threads were stopped: 0.0008133 seconds, Stopping threads took: 0.0000295 seconds
8.366: [GC (Allocation Failure)  75357K->637K(417280K), 0.0004680 secs]
8.367: Total time for which application threads were stopped: 0.0005948 seconds, Stopping threads took: 0.0000263 seconds
8.416: [GC (Allocation Failure)  74365K->669K(416256K), 0.0005065 secs]
8.416: Total time for which application threads were stopped: 0.0006253 seconds, Stopping threads took: 0.0000183 seconds
8.462: [GC (Allocation Failure)  73373K->669K(415232K), 0.0004917 secs]
8.462: Total time for which application threads were stopped: 0.0006162 seconds, Stopping threads took: 0.0000205 seconds
8.507: [GC (Allocation Failure)  72349K->637K(414208K), 0.0005281 secs]
8.507: Total time for which application threads were stopped: 0.0006509 seconds, Stopping threads took: 0.0000203 seconds
8.554: [GC (Allocation Failure)  71293K->637K(413184K), 0.0005484 secs]
8.555: Total time for which application threads were stopped: 0.0006936 seconds, Stopping threads took: 0.0000218 seconds
8.598: [GC (Allocation Failure)  70269K->637K(412160K), 0.0005299 secs]
8.598: Total time for which application threads were stopped: 0.0006556 seconds, Stopping threads took: 0.0000227 seconds
8.646: [GC (Allocation Failure)  69245K->669K(411136K), 0.0006081 secs]
8.646: Total time for which application threads were stopped: 0.0007576 seconds, Stopping threads took: 0.0000300 seconds
8.688: [GC (Allocation Failure)  68253K->669K(410112K), 0.0004524 secs]
8.689: Total time for which application threads were stopped: 0.0005902 seconds, Stopping threads took: 0.0000290 seconds
8.730: [GC (Allocation Failure)  67229K->637K(423424K), 0.0006256 secs]
8.731: Total time for which application threads were stopped: 0.0007778 seconds, Stopping threads took: 0.0000226 seconds
8.787: [GC (Allocation Failure)  80509K->669K(422400K), 0.0004719 secs]
8.787: Total time for which application threads were stopped: 0.0005906 seconds, Stopping threads took: 0.0000193 seconds
8.836: [GC (Allocation Failure)  79517K->701K(421376K), 0.0004601 secs]
8.836: Total time for which application threads were stopped: 0.0005841 seconds, Stopping threads took: 0.0000188 seconds
8.885: [GC (Allocation Failure)  78525K->701K(420352K), 0.0004453 secs]
8.886: Total time for which application threads were stopped: 0.0005621 seconds, Stopping threads took: 0.0000194 seconds
8.938: [GC (Allocation Failure)  77501K->637K(419328K), 0.0004638 secs]
8.938: Total time for which application threads were stopped: 0.0005833 seconds, Stopping threads took: 0.0000188 seconds
8.989: [GC (Allocation Failure)  76413K->669K(418304K), 0.0004923 secs]
8.989: Total time for which application threads were stopped: 0.0006114 seconds, Stopping threads took: 0.0000264 seconds
9.035: [GC (Allocation Failure)  75421K->669K(417280K), 0.0007094 secs]
9.036: Total time for which application threads were stopped: 0.0008371 seconds, Stopping threads took: 0.0000207 seconds
9.082: [GC (Allocation Failure)  74397K->637K(416256K), 0.0005536 secs]
9.082: Total time for which application threads were stopped: 0.0006924 seconds, Stopping threads took: 0.0000209 seconds
9.127: [GC (Allocation Failure)  73341K->669K(415232K), 0.0005094 secs]
9.128: Total time for which application threads were stopped: 0.0006382 seconds, Stopping threads took: 0.0000302 seconds
9.178: [GC (Allocation Failure)  72349K->637K(414208K), 0.0004631 secs]
9.178: Total time for which application threads were stopped: 0.0005849 seconds, Stopping threads took: 0.0000205 seconds
9.228: [GC (Allocation Failure)  71293K->669K(428544K), 0.0007357 secs]
9.229: Total time for which application threads were stopped: 0.0008506 seconds, Stopping threads took: 0.0000188 seconds
9.281: [GC (Allocation Failure)  85661K->605K(427008K), 0.0005360 secs]
9.282: Total time for which application threads were stopped: 0.0006701 seconds, Stopping threads took: 0.0000191 seconds
9.339: [GC (Allocation Failure)  84061K->669K(425472K), 0.0006347 secs]
9.340: Total time for which application threads were stopped: 0.0007803 seconds, Stopping threads took: 0.0000218 seconds
9.395: [GC (Allocation Failure)  82589K->669K(423936K), 0.0005200 secs]
9.395: Total time for which application threads were stopped: 0.0006574 seconds, Stopping threads took: 0.0000225 seconds
9.445: [GC (Allocation Failure)  81053K->701K(422400K), 0.0004899 secs]
9.446: Total time for which application threads were stopped: 0.0006128 seconds, Stopping threads took: 0.0000206 seconds
9.495: [GC (Allocation Failure)  79549K->669K(421376K), 0.0004638 secs]
9.496: Total time for which application threads were stopped: 0.0005793 seconds, Stopping threads took: 0.0000199 seconds
9.550: [GC (Allocation Failure)  78493K->637K(420352K), 0.0004529 secs]
9.550: Total time for which application threads were stopped: 0.0005679 seconds, Stopping threads took: 0.0000201 seconds
9.598: [GC (Allocation Failure)  77437K->669K(419328K), 0.0005368 secs]
9.598: Total time for which application threads were stopped: 0.0006627 seconds, Stopping threads took: 0.0000194 seconds
9.651: [GC (Allocation Failure)  76445K->701K(418304K), 0.0005616 secs]
9.651: Total time for which application threads were stopped: 0.0006951 seconds, Stopping threads took: 0.0000291 seconds
9.701: [GC (Allocation Failure)  75453K->637K(417280K), 0.0004953 secs]
9.701: Total time for which application threads were stopped: 0.0006044 seconds, Stopping threads took: 0.0000164 seconds
9.747: [GC (Allocation Failure)  74365K->701K(416256K), 0.0005658 secs]
9.748: Total time for which application threads were stopped: 0.0007005 seconds, Stopping threads took: 0.0000186 seconds
9.795: [GC (Allocation Failure)  73405K->669K(415232K), 0.0005496 secs]
9.796: Total time for which application threads were stopped: 0.0006972 seconds, Stopping threads took: 0.0000281 seconds
9.840: [GC (Allocation Failure)  72349K->637K(414208K), 0.0004795 secs]
9.841: Total time for which application threads were stopped: 0.0006021 seconds, Stopping threads took: 0.0000272 seconds
9.890: [GC (Allocation Failure)  71293K->669K(413184K), 0.0005337 secs]
9.891: Total time for which application threads were stopped: 0.0006745 seconds, Stopping threads took: 0.0000282 seconds
9.934: [GC (Allocation Failure)  70301K->669K(412160K), 0.0005771 secs]
9.935: Total time for which application threads were stopped: 0.0007170 seconds, Stopping threads took: 0.0000221 seconds
9.977: [GC (Allocation Failure)  69277K->637K(411136K), 0.0004886 secs]
9.978: Total time for which application threads were stopped: 0.0006156 seconds, Stopping threads took: 0.0000273 seconds
10.020: [GC (Allocation Failure)  68221K->637K(410112K), 0.0004927 secs]
10.020: Total time for which application threads were stopped: 0.0006302 seconds, Stopping threads took: 0.0000288 seconds
10.062: [GC (Allocation Failure)  67197K->637K(409088K), 0.0005033 secs]
10.062: Total time for which application threads were stopped: 0.0006371 seconds, Stopping threads took: 0.0000212 seconds
10.108: [GC (Allocation Failure)  66173K->637K(408064K), 0.0004879 secs]
10.109: Total time for which application threads were stopped: 0.0006200 seconds, Stopping threads took: 0.0000281 seconds
10.153: [GC (Allocation Failure)  65149K->669K(407040K), 0.0004681 secs]
10.153: Total time for which application threads were stopped: 0.0005982 seconds, Stopping threads took: 0.0000262 seconds
10.195: [GC (Allocation Failure)  64157K->701K(419840K), 0.0006045 secs]
10.196: Total time for which application threads were stopped: 0.0007513 seconds, Stopping threads took: 0.0000211 seconds
10.243: [GC (Allocation Failure)  76989K->669K(435200K), 0.0006108 secs]
10.244: Total time for which application threads were stopped: 0.0007374 seconds, Stopping threads took: 0.0000219 seconds
10.305: [GC (Allocation Failure)  92317K->701K(433664K), 0.0004680 secs]
10.305: Total time for which application threads were stopped: 0.0005880 seconds, Stopping threads took: 0.0000203 seconds
10.367: [GC (Allocation Failure)  90813K->637K(432128K), 0.0004218 secs]
10.368: Total time for which application threads were stopped: 0.0005419 seconds, Stopping threads took: 0.0000187 seconds
10.423: [GC (Allocation Failure)  89213K->605K(430592K), 0.0006295 secs]
10.424: Total time for which application threads were stopped: 0.0007611 seconds, Stopping threads took: 0.0000278 seconds
10.477: [GC (Allocation Failure)  87645K->637K(429056K), 0.0005073 secs]
10.478: Total time for which application threads were stopped: 0.0006495 seconds, Stopping threads took: 0.0000289 seconds
10.535: [GC (Allocation Failure)  86141K->605K(427520K), 0.0005745 secs]
10.536: Total time for which application threads were stopped: 0.0007120 seconds, Stopping threads took: 0.0000221 seconds
10.593: [GC (Allocation Failure)  84573K->637K(425984K), 0.0004045 secs]
10.594: Total time for which application threads were stopped: 0.0005125 seconds, Stopping threads took: 0.0000170 seconds
10.645: [GC (Allocation Failure)  83069K->669K(424448K), 0.0004665 secs]
10.645: Total time for which application threads were stopped: 0.0005937 seconds, Stopping threads took: 0.0000275 seconds
10.701: [GC (Allocation Failure)  81565K->669K(422912K), 0.0005147 secs]
10.701: Total time for which application threads were stopped: 0.0006649 seconds, Stopping threads took: 0.0000237 seconds
10.751: [GC (Allocation Failure)  80029K->637K(438784K), 0.0061859 secs]
10.757: Total time for which application threads were stopped: 0.0063373 seconds, Stopping threads took: 0.0000245 seconds
10.817: [GC (Allocation Failure)  95869K->605K(458240K), 0.0005178 secs]
10.817: Total time for which application threads were stopped: 0.0006445 seconds, Stopping threads took: 0.0000203 seconds
10.889: [GC (Allocation Failure)  115293K->637K(481280K), 0.0003942 secs]
10.889: Total time for which application threads were stopped: 0.0005270 seconds, Stopping threads took: 0.0000199 seconds
10.976: [GC (Allocation Failure)  138365K->605K(484864K), 0.0006110 secs]
10.976: Total time for which application threads were stopped: 0.0007239 seconds, Stopping threads took: 0.0000193 seconds
11.069: [GC (Allocation Failure)  141917K->637K(508928K), 0.0005763 secs]
11.070: Total time for which application threads were stopped: 0.0007029 seconds, Stopping threads took: 0.0000274 seconds
11.179: [GC (Allocation Failure)  166013K->637K(508928K), 0.0006285 secs]
11.180: Total time for which application threads were stopped: 0.0007572 seconds, Stopping threads took: 0.0000196 seconds
11.286: [GC (Allocation Failure)  166013K->733K(542208K), 0.0006174 secs]
11.287: Total time for which application threads were stopped: 0.0007378 seconds, Stopping threads took: 0.0000204 seconds
11.421: [GC (Allocation Failure)  199389K->637K(536576K), 0.0003980 secs]
11.421: Total time for which application threads were stopped: 0.0005209 seconds, Stopping threads took: 0.0000269 seconds
11.539: [GC (Allocation Failure)  193661K->669K(530944K), 0.0005998 secs]
11.540: Total time for which application threads were stopped: 0.0007437 seconds, Stopping threads took: 0.0000195 seconds
11.658: [GC (Allocation Failure)  188061K->637K(525824K), 0.0004563 secs]
11.659: Total time for which application threads were stopped: 0.0005858 seconds, Stopping threads took: 0.0000278 seconds
11.775: [GC (Allocation Failure)  182909K->637K(520704K), 0.0004999 secs]
11.775: Total time for which application threads were stopped: 0.0006085 seconds, Stopping threads took: 0.0000253 seconds
11.891: [GC (Allocation Failure)  177789K->637K(515584K), 0.0004153 secs]
11.891: Total time for which application threads were stopped: 0.0005337 seconds, Stopping threads took: 0.0000255 seconds
11.996: [GC (Allocation Failure)  172669K->669K(510976K), 0.0004940 secs]
11.997: Total time for which application threads were stopped: 0.0006181 seconds, Stopping threads took: 0.0000251 seconds
12.099: [GC (Allocation Failure)  168093K->701K(506368K), 0.0006746 secs]
12.100: Total time for which application threads were stopped: 0.0007940 seconds, Stopping threads took: 0.0000203 seconds
12.206: [GC (Allocation Failure)  163517K->669K(502272K), 0.0005587 secs]
12.206: Total time for which application threads were stopped: 0.0006786 seconds, Stopping threads took: 0.0000194 seconds
12.304: [GC (Allocation Failure)  159389K->669K(498176K), 0.0004647 secs]
12.305: Total time for which application threads were stopped: 0.0005996 seconds, Stopping threads took: 0.0000200 seconds
12.401: [GC (Allocation Failure)  155293K->637K(494080K), 0.0004508 secs]
12.401: Total time for which application threads were stopped: 0.0005842 seconds, Stopping threads took: 0.0000186 seconds
12.498: [GC (Allocation Failure)  151165K->669K(490496K), 0.0004669 secs]
12.499: Total time for which application threads were stopped: 0.0005839 seconds, Stopping threads took: 0.0000191 seconds
12.589: [GC (Allocation Failure)  147613K->669K(486912K), 0.0005199 secs]
12.589: Total time for which application threads were stopped: 0.0006378 seconds, Stopping threads took: 0.0000194 seconds
12.677: [GC (Allocation Failure)  144029K->669K(483328K), 0.0005012 secs]
12.678: Total time for which application threads were stopped: 0.0006279 seconds, Stopping threads took: 0.0000263 seconds
12.764: [GC (Allocation Failure)  140445K->637K(479744K), 0.0005326 secs]
12.765: Total time for which application threads were stopped: 0.0006479 seconds, Stopping threads took: 0.0000169 seconds
12.849: [GC (Allocation Failure)  136829K->637K(476672K), 0.0004368 secs]
12.850: Total time for which application threads were stopped: 0.0005556 seconds, Stopping threads took: 0.0000194 seconds
12.932: [GC (Allocation Failure)  133757K->605K(473600K), 0.0004886 secs]
12.932: Total time for which application threads were stopped: 0.0006278 seconds, Stopping threads took: 0.0000193 seconds
13.017: [GC (Allocation Failure)  130653K->637K(470528K), 0.0004671 secs]
13.018: Total time for which application threads were stopped: 0.0005918 seconds, Stopping threads took: 0.0000197 seconds
13.101: [GC (Allocation Failure)  127613K->701K(467456K), 0.0005384 secs]
13.102: Total time for which application threads were stopped: 0.0006816 seconds, Stopping threads took: 0.0000213 seconds
13.183: [GC (Allocation Failure)  124605K->669K(464896K), 0.0004735 secs]
13.184: Total time for which application threads were stopped: 0.0006205 seconds, Stopping threads took: 0.0000194 seconds
13.265: [GC (Allocation Failure)  122013K->637K(462336K), 0.0004666 secs]
13.265: Total time for which application threads were stopped: 0.0005759 seconds, Stopping threads took: 0.0000167 seconds
13.338: [GC (Allocation Failure)  119421K->669K(459776K), 0.0005641 secs]
13.339: Total time for which application threads were stopped: 0.0006894 seconds, Stopping threads took: 0.0000209 seconds
13.411: [GC (Allocation Failure)  116893K->669K(457216K), 0.0004643 secs]
13.411: Total time for which application threads were stopped: 0.0005926 seconds, Stopping threads took: 0.0000262 seconds
13.487: [GC (Allocation Failure)  114333K->637K(454656K), 0.0005597 secs]
13.488: Total time for which application threads were stopped: 0.0006849 seconds, Stopping threads took: 0.0000272 seconds
13.556: [GC (Allocation Failure)  111741K->669K(452096K), 0.0004586 secs]
13.557: Total time for which application threads were stopped: 0.0005881 seconds, Stopping threads took: 0.0000195 seconds
13.623: [GC (Allocation Failure)  109213K->669K(450048K), 0.0004697 secs]
13.624: Total time for which application threads were stopped: 0.0005873 seconds, Stopping threads took: 0.0000189 seconds
13.689: [GC (Allocation Failure)  107165K->669K(448000K), 0.0004784 secs]
13.690: Total time for which application threads were stopped: 0.0006054 seconds, Stopping threads took: 0.0000269 seconds
13.754: [GC (Allocation Failure)  105117K->669K(445952K), 0.0004572 secs]
13.755: Total time for which application threads were stopped: 0.0005823 seconds, Stopping threads took: 0.0000255 seconds
13.818: [GC (Allocation Failure)  103069K->669K(443904K), 0.0005997 secs]
13.818: Total time for which application threads were stopped: 0.0007156 seconds, Stopping threads took: 0.0000190 seconds
13.881: [GC (Allocation Failure)  101021K->637K(441856K), 0.0004356 secs]
13.882: Total time for which application threads were stopped: 0.0005658 seconds, Stopping threads took: 0.0000265 seconds
13.942: [GC (Allocation Failure)  98941K->669K(439808K), 0.0005113 secs]
13.942: Total time for which application threads were stopped: 0.0006335 seconds, Stopping threads took: 0.0000278 seconds
14.002: [GC (Allocation Failure)  96925K->605K(437760K), 0.0004246 secs]
14.002: Total time for which application threads were stopped: 0.0005389 seconds, Stopping threads took: 0.0000182 seconds
14.064: [GC (Allocation Failure)  94813K->605K(436224K), 0.0006220 secs]
14.065: Total time for which application threads were stopped: 0.0007389 seconds, Stopping threads took: 0.0000198 seconds
14.122: [GC (Allocation Failure)  93277K->637K(434688K), 0.0005896 secs]
14.122: Total time for which application threads were stopped: 0.0007370 seconds, Stopping threads took: 0.0000206 seconds
14.185: [GC (Allocation Failure)  91773K->669K(433152K), 0.0005261 secs]
14.185: Total time for which application threads were stopped: 0.0006423 seconds, Stopping threads took: 0.0000198 seconds
14.244: [GC (Allocation Failure)  90269K->669K(431616K), 0.0005174 secs]
14.245: Total time for which application threads were stopped: 0.0006456 seconds, Stopping threads took: 0.0000275 seconds
14.302: [GC (Allocation Failure)  88733K->669K(430080K), 0.0004399 secs]
14.302: Total time for which application threads were stopped: 0.0005480 seconds, Stopping threads took: 0.0000163 seconds
14.356: [GC (Allocation Failure)  87197K->637K(428544K), 0.0004886 secs]
14.356: Total time for which application threads were stopped: 0.0005982 seconds, Stopping threads took: 0.0000173 seconds
14.409: [GC (Allocation Failure)  85629K->669K(427008K), 0.0004616 secs]
14.409: Total time for which application threads were stopped: 0.0005828 seconds, Stopping threads took: 0.0000266 seconds
14.461: [GC (Allocation Failure)  84125K->733K(425472K), 0.0004985 secs]
14.461: Total time for which application threads were stopped: 0.0006178 seconds, Stopping threads took: 0.0000199 seconds
14.517: [GC (Allocation Failure)  82653K->701K(423936K), 0.0004458 secs]
14.517: Total time for which application threads were stopped: 0.0005653 seconds, Stopping threads took: 0.0000193 seconds
14.572: [GC (Allocation Failure)  81085K->605K(422400K), 0.0005829 secs]
14.573: Total time for which application threads were stopped: 0.0007046 seconds, Stopping threads took: 0.0000195 seconds
14.628: [GC (Allocation Failure)  79453K->669K(421376K), 0.0005199 secs]
14.628: Total time for which application threads were stopped: 0.0006395 seconds, Stopping threads took: 0.0000198 seconds
14.682: [GC (Allocation Failure)  78493K->605K(420352K), 0.0004594 secs]
14.683: Total time for which application threads were stopped: 0.0005801 seconds, Stopping threads took: 0.0000192 seconds
14.730: [GC (Allocation Failure)  77405K->637K(419328K), 0.0004715 secs]
14.731: Total time for which application threads were stopped: 0.0006101 seconds, Stopping threads took: 0.0000273 seconds
14.784: [GC (Allocation Failure)  76413K->637K(418304K), 0.0004137 secs]
14.785: Total time for which application threads were stopped: 0.0005217 seconds, Stopping threads took: 0.0000164 seconds
14.831: [GC (Allocation Failure)  75389K->637K(417280K), 0.0004310 secs]
14.831: Total time for which application threads were stopped: 0.0005391 seconds, Stopping threads took: 0.0000167 seconds
14.878: [GC (Allocation Failure)  74365K->637K(416256K), 0.0004178 secs]
14.878: Total time for which application threads were stopped: 0.0005330 seconds, Stopping threads took: 0.0000188 seconds
14.924: [GC (Allocation Failure)  73341K->669K(415232K), 0.0005816 secs]
14.924: Total time for which application threads were stopped: 0.0007037 seconds, Stopping threads took: 0.0000244 seconds
14.972: [GC (Allocation Failure)  72349K->637K(414208K), 0.0004966 secs]
14.972: Total time for which application threads were stopped: 0.0006248 seconds, Stopping threads took: 0.0000208 seconds
15.016: [GC (Allocation Failure)  71293K->605K(413184K), 0.0006175 secs]
15.017: Total time for which application threads were stopped: 0.0007416 seconds, Stopping threads took: 0.0000215 seconds
15.060: [GC (Allocation Failure)  70237K->637K(412160K), 0.0004801 secs]
15.060: Total time for which application threads were stopped: 0.0006186 seconds, Stopping threads took: 0.0000269 seconds
15.107: [GC (Allocation Failure)  69245K->637K(411136K), 0.0005150 secs]
15.107: Total time for which application threads were stopped: 0.0006516 seconds, Stopping threads took: 0.0000270 seconds
15.149: [GC (Allocation Failure)  68221K->637K(410112K), 0.0004564 secs]
15.150: Total time for which application threads were stopped: 0.0005754 seconds, Stopping threads took: 0.0000192 seconds
15.191: [GC (Allocation Failure)  67197K->701K(423424K), 0.0007002 secs]
15.192: Total time for which application threads were stopped: 0.0008865 seconds, Stopping threads took: 0.0000289 seconds
15.244: [GC (Allocation Failure)  80573K->573K(439808K), 0.0005155 secs]
15.245: Total time for which application threads were stopped: 0.0006569 seconds, Stopping threads took: 0.0000226 seconds
15.304: [GC (Allocation Failure)  96829K->637K(437760K), 0.0006405 secs]
15.305: Total time for which application threads were stopped: 0.0007832 seconds, Stopping threads took: 0.0000302 seconds
15.363: [GC (Allocation Failure)  94845K->701K(436224K), 0.0006136 secs]
15.364: Total time for which application threads were stopped: 0.0007583 seconds, Stopping threads took: 0.0000221 seconds
15.423: [GC (Allocation Failure)  93373K->637K(434688K), 0.0005417 secs]
15.424: Total time for which application threads were stopped: 0.0006602 seconds, Stopping threads took: 0.0000207 seconds
15.481: [GC (Allocation Failure)  91773K->637K(433152K), 0.0003672 secs]
15.482: Total time for which application threads were stopped: 0.0004780 seconds, Stopping threads took: 0.0000178 seconds
15.542: [GC (Allocation Failure)  90237K->701K(431616K), 0.0005596 secs]
15.543: Total time for which application threads were stopped: 0.0006898 seconds, Stopping threads took: 0.0000207 seconds
15.597: [GC (Allocation Failure)  88765K->637K(430080K), 0.0004957 secs]
15.598: Total time for which application threads were stopped: 0.0006344 seconds, Stopping threads took: 0.0000216 seconds
15.656: [GC (Allocation Failure)  87165K->669K(428544K), 0.0005800 secs]
15.657: Total time for which application threads were stopped: 0.0007072 seconds, Stopping threads took: 0.0000277 seconds
15.709: [GC (Allocation Failure)  85661K->733K(427008K), 0.0006989 secs]
15.710: Total time for which application threads were stopped: 0.0008444 seconds, Stopping threads took: 0.0000285 seconds
15.766: [GC (Allocation Failure)  84189K->637K(425472K), 0.0005040 secs]
15.767: Total time for which application threads were stopped: 0.0006302 seconds, Stopping threads took: 0.0000268 seconds
15.817: [GC (Allocation Failure)  82557K->605K(423936K), 0.0004848 secs]
15.818: Total time for which application threads were stopped: 0.0006072 seconds, Stopping threads took: 0.0000201 seconds
15.868: [GC (Allocation Failure)  80989K->637K(422400K), 0.0004110 secs]
15.869: Total time for which application threads were stopped: 0.0005275 seconds, Stopping threads took: 0.0000259 seconds
15.920: [GC (Allocation Failure)  79485K->669K(421376K), 0.0005817 secs]
15.921: Total time for which application threads were stopped: 0.0007142 seconds, Stopping threads took: 0.0000256 seconds
15.969: [GC (Allocation Failure)  78493K->637K(420352K), 0.0004905 secs]
15.970: Total time for which application threads were stopped: 0.0006179 seconds, Stopping threads took: 0.0000219 seconds
16.022: [GC (Allocation Failure)  77437K->669K(419328K), 0.0004668 secs]
16.023: Total time for which application threads were stopped: 0.0005837 seconds, Stopping threads took: 0.0000190 seconds
16.070: [GC (Allocation Failure)  76445K->637K(418304K), 0.0004241 secs]
16.070: Total time for which application threads were stopped: 0.0005327 seconds, Stopping threads took: 0.0000167 seconds
16.116: [GC (Allocation Failure)  75389K->637K(417280K), 0.0005425 secs]
16.117: Total time for which application threads were stopped: 0.0006755 seconds, Stopping threads took: 0.0000203 seconds
16.162: [GC (Allocation Failure)  74365K->669K(416256K), 0.0005934 secs]
16.163: Total time for which application threads were stopped: 0.0007378 seconds, Stopping threads took: 0.0000216 seconds
16.215: [GC (Allocation Failure)  73373K->637K(415232K), 0.0003722 secs]
16.215: Total time for which application threads were stopped: 0.0004872 seconds, Stopping threads took: 0.0000260 seconds
16.259: [GC (Allocation Failure)  72317K->669K(414208K), 0.0006314 secs]
16.260: Total time for which application threads were stopped: 0.0007394 seconds, Stopping threads took: 0.0000165 seconds
16.310: [GC (Allocation Failure)  71325K->701K(413184K), 0.0004984 secs]
16.310: Total time for which application threads were stopped: 0.0006053 seconds, Stopping threads took: 0.0000167 seconds
16.353: [GC (Allocation Failure)  70333K->605K(412160K), 0.0005776 secs]
16.354: Total time for which application threads were stopped: 0.0006854 seconds, Stopping threads took: 0.0000162 seconds
16.397: [GC (Allocation Failure)  69213K->669K(425984K), 0.0005479 secs]
16.398: Total time for which application threads were stopped: 0.0006728 seconds, Stopping threads took: 0.0000259 seconds
16.449: [GC (Allocation Failure)  83101K->605K(424448K), 0.0005572 secs]
16.449: Total time for which application threads were stopped: 0.0006814 seconds, Stopping threads took: 0.0000241 seconds
16.505: [GC (Allocation Failure)  81501K->701K(422912K), 0.0005051 secs]
16.505: Total time for which application threads were stopped: 0.0006244 seconds, Stopping threads took: 0.0000206 seconds
16.554: [GC (Allocation Failure)  80061K->637K(421888K), 0.0005674 secs]
16.555: Total time for which application threads were stopped: 0.0006959 seconds, Stopping threads took: 0.0000196 seconds
16.603: [GC (Allocation Failure)  78973K->637K(420864K), 0.0004671 secs]
16.604: Total time for which application threads were stopped: 0.0005896 seconds, Stopping threads took: 0.0000206 seconds
16.658: [GC (Allocation Failure)  77949K->637K(419840K), 0.0004966 secs]
16.658: Total time for which application threads were stopped: 0.0006412 seconds, Stopping threads took: 0.0000196 seconds
16.706: [GC (Allocation Failure)  76925K->669K(418816K), 0.0004467 secs]
16.707: Total time for which application threads were stopped: 0.0005731 seconds, Stopping threads took: 0.0000208 seconds
16.754: [GC (Allocation Failure)  75933K->701K(417792K), 0.0004772 secs]
16.754: Total time for which application threads were stopped: 0.0006135 seconds, Stopping threads took: 0.0000255 seconds
16.801: [GC (Allocation Failure)  74941K->637K(416768K), 0.0004915 secs]
16.801: Total time for which application threads were stopped: 0.0006106 seconds, Stopping threads took: 0.0000194 seconds
16.847: [GC (Allocation Failure)  73853K->701K(415744K), 0.0004545 secs]
16.847: Total time for which application threads were stopped: 0.0005848 seconds, Stopping threads took: 0.0000272 seconds
16.893: [GC (Allocation Failure)  72893K->669K(414720K), 0.0006374 secs]
16.894: Total time for which application threads were stopped: 0.0007569 seconds, Stopping threads took: 0.0000194 seconds
16.939: [GC (Allocation Failure)  71837K->669K(413696K), 0.0004771 secs]
16.939: Total time for which application threads were stopped: 0.0006220 seconds, Stopping threads took: 0.0000253 seconds
16.987: [GC (Allocation Failure)  70813K->605K(412672K), 0.0004848 secs]
16.988: Total time for which application threads were stopped: 0.0006033 seconds, Stopping threads took: 0.0000189 seconds
17.036: [GC (Allocation Failure)  69725K->573K(426496K), 0.0007173 secs]
17.037: Total time for which application threads were stopped: 0.0008550 seconds, Stopping threads took: 0.0000205 seconds
17.088: [GC (Allocation Failure)  83517K->701K(443392K), 0.0006565 secs]
17.089: Total time for which application threads were stopped: 0.0008160 seconds, Stopping threads took: 0.0000307 seconds
17.150: [GC (Allocation Failure)  100541K->669K(441344K), 0.0005161 secs]
17.151: Total time for which application threads were stopped: 0.0006680 seconds, Stopping threads took: 0.0000233 seconds
17.211: [GC (Allocation Failure)  98461K->669K(439296K), 0.0005287 secs]
17.211: Total time for which application threads were stopped: 0.0006727 seconds, Stopping threads took: 0.0000275 seconds
17.270: [GC (Allocation Failure)  96413K->605K(437760K), 0.0006228 secs]
17.271: Total time for which application threads were stopped: 0.0007535 seconds, Stopping threads took: 0.0000234 seconds
17.335: [GC (Allocation Failure)  94813K->701K(436224K), 0.0005520 secs]
17.335: Total time for which application threads were stopped: 0.0006819 seconds, Stopping threads took: 0.0000206 seconds
17.394: [GC (Allocation Failure)  93373K->669K(434688K), 0.0004774 secs]
17.395: Total time for which application threads were stopped: 0.0006150 seconds, Stopping threads took: 0.0000174 seconds
17.451: [GC (Allocation Failure)  91805K->605K(433152K), 0.0006725 secs]
17.452: Total time for which application threads were stopped: 0.0008118 seconds, Stopping threads took: 0.0000227 seconds
17.511: [GC (Allocation Failure)  90205K->669K(431616K), 0.0004985 secs]
17.511: Total time for which application threads were stopped: 0.0006506 seconds, Stopping threads took: 0.0000304 seconds
17.566: [GC (Allocation Failure)  88733K->637K(430080K), 0.0005393 secs]
17.566: Total time for which application threads were stopped: 0.0006899 seconds, Stopping threads took: 0.0000232 seconds
17.623: [GC (Allocation Failure)  87165K->701K(428544K), 0.0005423 secs]
17.624: Total time for which application threads were stopped: 0.0006833 seconds, Stopping threads took: 0.0000194 seconds
17.680: [GC (Allocation Failure)  85693K->637K(427008K), 0.0004974 secs]
17.681: Total time for which application threads were stopped: 0.0006329 seconds, Stopping threads took: 0.0000206 seconds
17.738: [GC (Allocation Failure)  84093K->637K(425472K), 0.0005421 secs]
17.738: Total time for which application threads were stopped: 0.0006723 seconds, Stopping threads took: 0.0000227 seconds
17.795: [GC (Allocation Failure)  82557K->605K(423936K), 0.0005764 secs]
17.795: Total time for which application threads were stopped: 0.0006955 seconds, Stopping threads took: 0.0000197 seconds
17.845: [GC (Allocation Failure)  80989K->669K(422400K), 0.0004867 secs]
17.846: Total time for which application threads were stopped: 0.0006217 seconds, Stopping threads took: 0.0000217 seconds
17.900: [GC (Allocation Failure)  79517K->701K(421376K), 0.0004568 secs]
17.901: Total time for which application threads were stopped: 0.0005867 seconds, Stopping threads took: 0.0000264 seconds
17.949: [GC (Allocation Failure)  78525K->637K(420352K), 0.0005951 secs]
17.949: Total time for which application threads were stopped: 0.0007116 seconds, Stopping threads took: 0.0000197 seconds
18.002: [GC (Allocation Failure)  77437K->637K(419328K), 0.0004842 secs]
18.003: Total time for which application threads were stopped: 0.0006027 seconds, Stopping threads took: 0.0000191 seconds
18.056: [GC (Allocation Failure)  76413K->701K(418304K), 0.0005741 secs]
18.057: Total time for which application threads were stopped: 0.0006887 seconds, Stopping threads took: 0.0000186 seconds
18.107: [GC (Allocation Failure)  75453K->733K(417280K), 0.0006275 secs]
18.107: Total time for which application threads were stopped: 0.0007478 seconds, Stopping threads took: 0.0000202 seconds
18.153: [GC (Allocation Failure)  74461K->637K(416256K), 0.0005311 secs]
18.154: Total time for which application threads were stopped: 0.0006687 seconds, Stopping threads took: 0.0000212 seconds
18.204: [GC (Allocation Failure)  73341K->701K(415232K), 0.0004752 secs]
18.204: Total time for which application threads were stopped: 0.0006009 seconds, Stopping threads took: 0.0000216 seconds
18.254: [GC (Allocation Failure)  72381K->605K(414208K), 0.0005105 secs]
18.255: Total time for which application threads were stopped: 0.0006262 seconds, Stopping threads took: 0.0000198 seconds
18.305: [GC (Allocation Failure)  71261K->637K(413184K), 0.0004173 secs]
18.306: Total time for which application threads were stopped: 0.0005255 seconds, Stopping threads took: 0.0000162 seconds
18.353: [GC (Allocation Failure)  70269K->605K(412160K), 0.0004960 secs]
18.354: Total time for which application threads were stopped: 0.0006225 seconds, Stopping threads took: 0.0000194 seconds
18.400: [GC (Allocation Failure)  69213K->669K(411136K), 0.0005822 secs]
18.401: Total time for which application threads were stopped: 0.0007236 seconds, Stopping threads took: 0.0000261 seconds
18.442: [GC (Allocation Failure)  68253K->637K(410112K), 0.0005230 secs]
18.443: Total time for which application threads were stopped: 0.0006765 seconds, Stopping threads took: 0.0000303 seconds
18.488: [GC (Allocation Failure)  67197K->669K(423424K), 0.0006508 secs]
18.489: Total time for which application threads were stopped: 0.0007961 seconds, Stopping threads took: 0.0000291 seconds
18.538: [GC (Allocation Failure)  80541K->701K(422400K), 0.0005099 secs]
18.538: Total time for which application threads were stopped: 0.0006390 seconds, Stopping threads took: 0.0000205 seconds
18.587: [GC (Allocation Failure)  79549K->701K(421376K), 0.0006044 secs]
18.588: Total time for which application threads were stopped: 0.0007454 seconds, Stopping threads took: 0.0000217 seconds
18.642: [GC (Allocation Failure)  78525K->637K(420352K), 0.0003930 secs]
18.643: Total time for which application threads were stopped: 0.0005000 seconds, Stopping threads took: 0.0000169 seconds
18.693: [GC (Allocation Failure)  77437K->637K(419328K), 0.0004523 secs]
18.694: Total time for which application threads were stopped: 0.0005733 seconds, Stopping threads took: 0.0000206 seconds
18.747: [GC (Allocation Failure)  76413K->605K(418304K), 0.0005073 secs]
18.747: Total time for which application threads were stopped: 0.0006292 seconds, Stopping threads took: 0.0000269 seconds
18.796: [GC (Allocation Failure)  75357K->701K(417280K), 0.0005052 secs]
18.796: Total time for which application threads were stopped: 0.0006294 seconds, Stopping threads took: 0.0000271 seconds
18.841: [GC (Allocation Failure)  74429K->637K(416256K), 0.0004587 secs]
18.842: Total time for which application threads were stopped: 0.0005779 seconds, Stopping threads took: 0.0000198 seconds
18.887: [GC (Allocation Failure)  73341K->701K(415232K), 0.0004728 secs]
18.888: Total time for which application threads were stopped: 0.0007348 seconds, Stopping threads took: 0.0000196 seconds
18.938: [GC (Allocation Failure)  72381K->637K(414208K), 0.0004078 secs]
18.939: Total time for which application threads were stopped: 0.0005163 seconds, Stopping threads took: 0.0000167 seconds
18.982: [GC (Allocation Failure)  71293K->605K(413184K), 0.0004347 secs]
18.983: Total time for which application threads were stopped: 0.0005621 seconds, Stopping threads took: 0.0000274 seconds
19.026: [GC (Allocation Failure)  70237K->701K(412160K), 0.0005432 secs]
19.026: Total time for which application threads were stopped: 0.0006655 seconds, Stopping threads took: 0.0000266 seconds
19.074: [GC (Allocation Failure)  69309K->637K(411136K), 0.0004680 secs]
19.075: Total time for which application threads were stopped: 0.0005970 seconds, Stopping threads took: 0.0000281 seconds
19.120: [GC (Allocation Failure)  68221K->605K(410112K), 0.0005014 secs]
19.121: Total time for which application threads were stopped: 0.0006433 seconds, Stopping threads took: 0.0000216 seconds
19.168: [GC (Allocation Failure)  67165K->669K(409088K), 0.0006021 secs]
19.168: Total time for which application threads were stopped: 0.0007310 seconds, Stopping threads took: 0.0000222 seconds
19.215: [GC (Allocation Failure)  66205K->637K(408064K), 0.0005403 secs]
19.215: Total time for which application threads were stopped: 0.0006719 seconds, Stopping threads took: 0.0000186 seconds
19.255: [GC (Allocation Failure)  65149K->669K(407040K), 0.0005535 secs]
19.256: Total time for which application threads were stopped: 0.0006921 seconds, Stopping threads took: 0.0000215 seconds
19.301: [GC (Allocation Failure)  64157K->701K(406016K), 0.0005067 secs]
19.301: Total time for which application threads were stopped: 0.0006494 seconds, Stopping threads took: 0.0000262 seconds
19.340: [GC (Allocation Failure)  63165K->669K(405504K), 0.0004717 secs]
19.340: Total time for which application threads were stopped: 0.0006023 seconds, Stopping threads took: 0.0000279 seconds
19.379: [GC (Allocation Failure)  62621K->637K(404992K), 0.0004684 secs]
19.380: Total time for which application threads were stopped: 0.0006024 seconds, Stopping threads took: 0.0000209 seconds
19.418: [GC (Allocation Failure)  62077K->669K(417280K), 0.0005913 secs]
19.418: Total time for which application threads were stopped: 0.0007399 seconds, Stopping threads took: 0.0000287 seconds
19.469: [GC (Allocation Failure)  74397K->669K(432128K), 0.0005604 secs]
19.470: Total time for which application threads were stopped: 0.0007110 seconds, Stopping threads took: 0.0000305 seconds
19.525: [GC (Allocation Failure)  89245K->637K(450048K), 0.0006539 secs]
19.526: Total time for which application threads were stopped: 0.0008139 seconds, Stopping threads took: 0.0000311 seconds
19.596: [GC (Allocation Failure)  107133K->605K(448000K), 0.0005519 secs]
19.597: Total time for which application threads were stopped: 0.0007011 seconds, Stopping threads took: 0.0000228 seconds
19.666: [GC (Allocation Failure)  105053K->733K(445952K), 0.0006970 secs]
19.667: Total time for which application threads were stopped: 0.0008217 seconds, Stopping threads took: 0.0000193 seconds
19.730: [GC (Allocation Failure)  103133K->669K(443904K), 0.0006095 secs]
19.731: Total time for which application threads were stopped: 0.0007298 seconds, Stopping threads took: 0.0000193 seconds
19.793: [GC (Allocation Failure)  101021K->637K(441856K), 0.0005268 secs]
19.794: Total time for which application threads were stopped: 0.0006550 seconds, Stopping threads took: 0.0000281 seconds
19.859: [GC (Allocation Failure)  98941K->605K(439808K), 0.0007277 secs]
19.860: Total time for which application threads were stopped: 0.0008654 seconds, Stopping threads took: 0.0000220 seconds
19.921: [GC (Allocation Failure)  96861K->701K(437760K), 0.0004742 secs]
19.921: Total time for which application threads were stopped: 0.0006063 seconds, Stopping threads took: 0.0000264 seconds
19.979: [GC (Allocation Failure)  94909K->669K(436224K), 0.0006540 secs]
19.980: Total time for which application threads were stopped: 0.0007970 seconds, Stopping threads took: 0.0000219 seconds
20.044: [GC (Allocation Failure)  93341K->637K(434688K), 0.0005028 secs]
20.044: Total time for which application threads were stopped: 0.0006500 seconds, Stopping threads took: 0.0000299 seconds
20.107: [GC (Allocation Failure)  91773K->637K(433152K), 0.0005073 secs]
20.108: Total time for which application threads were stopped: 0.0006454 seconds, Stopping threads took: 0.0000224 seconds
20.163: [GC (Allocation Failure)  90237K->733K(431616K), 0.0005019 secs]
20.164: Total time for which application threads were stopped: 0.0006579 seconds, Stopping threads took: 0.0000281 seconds
20.218: [GC (Allocation Failure)  88797K->701K(430080K), 0.0005347 secs]
20.218: Total time for which application threads were stopped: 0.0006762 seconds, Stopping threads took: 0.0000210 seconds
20.277: [GC (Allocation Failure)  87229K->637K(428544K), 0.0006087 secs]
20.277: Total time for which application threads were stopped: 0.0007483 seconds, Stopping threads took: 0.0000223 seconds
20.335: [GC (Allocation Failure)  85629K->637K(427008K), 0.0005886 secs]
20.335: Total time for which application threads were stopped: 0.0007257 seconds, Stopping threads took: 0.0000279 seconds
20.388: [GC (Allocation Failure)  84093K->701K(425472K), 0.0003771 secs]
20.388: Total time for which application threads were stopped: 0.0005021 seconds, Stopping threads took: 0.0000267 seconds
20.444: [GC (Allocation Failure)  82621K->637K(423936K), 0.0004820 secs]
20.444: Total time for which application threads were stopped: 0.0005872 seconds, Stopping threads took: 0.0000174 seconds
20.499: [GC (Allocation Failure)  81021K->637K(422400K), 0.0006361 secs]
20.499: Total time for which application threads were stopped: 0.0007637 seconds, Stopping threads took: 0.0000274 seconds
20.551: [GC (Allocation Failure)  79485K->637K(421376K), 0.0005106 secs]
20.552: Total time for which application threads were stopped: 0.0006437 seconds, Stopping threads took: 0.0000208 seconds
20.600: [GC (Allocation Failure)  78461K->637K(420352K), 0.0005205 secs]
20.600: Total time for which application threads were stopped: 0.0006628 seconds, Stopping threads took: 0.0000215 seconds
20.653: [GC (Allocation Failure)  77437K->637K(419328K), 0.0005589 secs]
20.654: Total time for which application threads were stopped: 0.0006761 seconds, Stopping threads took: 0.0000199 seconds
20.701: [GC (Allocation Failure)  76413K->637K(418304K), 0.0006306 secs]
20.701: Total time for which application threads were stopped: 0.0007617 seconds, Stopping threads took: 0.0000199 seconds
20.748: [GC (Allocation Failure)  75389K->605K(417280K), 0.0005827 secs]
20.749: Total time for which application threads were stopped: 0.0009178 seconds, Stopping threads took: 0.0000250 seconds
20.796: [GC (Allocation Failure)  74333K->669K(416256K), 0.0005068 secs]
20.797: Total time for which application threads were stopped: 0.0006328 seconds, Stopping threads took: 0.0000222 seconds
20.848: [GC (Allocation Failure)  73373K->669K(415232K), 0.0004955 secs]
20.848: Total time for which application threads were stopped: 0.0006222 seconds, Stopping threads took: 0.0000197 seconds
20.893: [GC (Allocation Failure)  72349K->669K(414208K), 0.0004739 secs]
20.893: Total time for which application threads were stopped: 0.0006009 seconds, Stopping threads took: 0.0000267 seconds
20.937: [GC (Allocation Failure)  71325K->669K(413184K), 0.0006042 secs]
20.938: Total time for which application threads were stopped: 0.0007474 seconds, Stopping threads took: 0.0000292 seconds
20.981: [GC (Allocation Failure)  70301K->637K(412160K), 0.0005395 secs]
20.981: Total time for which application threads were stopped: 0.0006818 seconds, Stopping threads took: 0.0000212 seconds
21.029: [GC (Allocation Failure)  69245K->669K(411136K), 0.0004720 secs]
21.029: Total time for which application threads were stopped: 0.0006041 seconds, Stopping threads took: 0.0000203 seconds
21.077: [GC (Allocation Failure)  68253K->605K(410112K), 0.0005761 secs]
21.077: Total time for which application threads were stopped: 0.0006941 seconds, Stopping threads took: 0.0000197 seconds
21.124: [GC (Allocation Failure)  67165K->669K(409088K), 0.0004803 secs]
21.124: Total time for which application threads were stopped: 0.0006042 seconds, Stopping threads took: 0.0000270 seconds
21.171: [GC (Allocation Failure)  66205K->637K(408064K), 0.0005731 secs]
21.172: Total time for which application threads were stopped: 0.0006831 seconds, Stopping threads took: 0.0000172 seconds
21.212: [GC (Allocation Failure)  65149K->733K(421376K), 0.0005802 secs]
21.212: Total time for which application threads were stopped: 0.0007246 seconds, Stopping threads took: 0.0000270 seconds
21.260: [GC (Allocation Failure)  78557K->637K(420352K), 0.0004797 secs]
21.261: Total time for which application threads were stopped: 0.0006127 seconds, Stopping threads took: 0.0000261 seconds
21.313: [GC (Allocation Failure)  77437K->669K(419328K), 0.0005810 secs]
21.314: Total time for which application threads were stopped: 0.0007172 seconds, Stopping threads took: 0.0000207 seconds
21.366: [GC (Allocation Failure)  76445K->669K(418304K), 0.0005217 secs]
21.367: Total time for which application threads were stopped: 0.0006645 seconds, Stopping threads took: 0.0000220 seconds
21.413: [GC (Allocation Failure)  75421K->605K(417280K), 0.0005634 secs]
21.414: Total time for which application threads were stopped: 0.0006840 seconds, Stopping threads took: 0.0000194 seconds
21.459: [GC (Allocation Failure)  74333K->669K(416256K), 0.0005044 secs]
21.460: Total time for which application threads were stopped: 0.0006356 seconds, Stopping threads took: 0.0000286 seconds
21.505: [GC (Allocation Failure)  73373K->605K(415232K), 0.0004104 secs]
21.505: Total time for which application threads were stopped: 0.0005166 seconds, Stopping threads took: 0.0000179 seconds
21.552: [GC (Allocation Failure)  72285K->637K(414208K), 0.0004766 secs]
21.553: Total time for which application threads were stopped: 0.0005948 seconds, Stopping threads took: 0.0000191 seconds
21.602: [GC (Allocation Failure)  71293K->637K(413184K), 0.0004782 secs]
21.602: Total time for which application threads were stopped: 0.0006099 seconds, Stopping threads took: 0.0000274 seconds
21.648: [GC (Allocation Failure)  70269K->669K(427520K), 0.0028891 secs]
21.651: Total time for which application threads were stopped: 0.0030056 seconds, Stopping threads took: 0.0000191 seconds
21.704: [GC (Allocation Failure)  84637K->669K(444416K), 0.0005704 secs]
21.704: Total time for which application threads were stopped: 0.0006994 seconds, Stopping threads took: 0.0000283 seconds
21.767: [GC (Allocation Failure)  101533K->637K(464896K), 0.0004598 secs]
21.767: Total time for which application threads were stopped: 0.0005851 seconds, Stopping threads took: 0.0000264 seconds
21.842: [GC (Allocation Failure)  121981K->701K(489472K), 0.0005596 secs]
21.842: Total time for which application threads were stopped: 0.0006841 seconds, Stopping threads took: 0.0000272 seconds
21.936: [GC (Allocation Failure)  146621K->605K(518656K), 0.0028994 secs]
21.939: Total time for which application threads were stopped: 0.0030185 seconds, Stopping threads took: 0.0000191 seconds
22.046: [GC (Allocation Failure)  175709K->637K(542208K), 0.0005638 secs]
22.047: Total time for which application threads were stopped: 0.0006887 seconds, Stopping threads took: 0.0000271 seconds
22.175: [GC (Allocation Failure)  199293K->669K(542208K), 0.0006593 secs]
22.175: Total time for which application threads were stopped: 0.0007855 seconds, Stopping threads took: 0.0000282 seconds
22.296: [GC (Allocation Failure)  199325K->637K(536576K), 0.0004974 secs]
22.297: Total time for which application threads were stopped: 0.0006158 seconds, Stopping threads took: 0.0000195 seconds
22.416: [GC (Allocation Failure)  193661K->701K(530944K), 0.0004528 secs]
22.416: Total time for which application threads were stopped: 0.0005815 seconds, Stopping threads took: 0.0000276 seconds
22.532: [GC (Allocation Failure)  188093K->701K(525824K), 0.0005663 secs]
22.533: Total time for which application threads were stopped: 0.0006813 seconds, Stopping threads took: 0.0000189 seconds
22.650: [GC (Allocation Failure)  182973K->701K(520704K), 0.0004917 secs]
22.650: Total time for which application threads were stopped: 0.0006106 seconds, Stopping threads took: 0.0000195 seconds
22.760: [GC (Allocation Failure)  177853K->605K(515584K), 0.0013534 secs]
22.761: Total time for which application threads were stopped: 0.0014646 seconds, Stopping threads took: 0.0000165 seconds
22.866: [GC (Allocation Failure)  172637K->733K(510976K), 0.0004649 secs]
22.867: Total time for which application threads were stopped: 0.0005915 seconds, Stopping threads took: 0.0000171 seconds
22.970: [GC (Allocation Failure)  168157K->637K(506368K), 0.0005465 secs]
22.970: Total time for which application threads were stopped: 0.0006656 seconds, Stopping threads took: 0.0000203 seconds
23.070: [GC (Allocation Failure)  163453K->701K(502272K), 0.0006698 secs]
23.070: Total time for which application threads were stopped: 0.0008138 seconds, Stopping threads took: 0.0000198 seconds
23.167: [GC (Allocation Failure)  159421K->637K(498176K), 0.0005959 secs]
23.168: Total time for which application threads were stopped: 0.0007341 seconds, Stopping threads took: 0.0000194 seconds
23.269: [GC (Allocation Failure)  155261K->701K(494080K), 0.0004852 secs]
23.270: Total time for which application threads were stopped: 0.0006192 seconds, Stopping threads took: 0.0000226 seconds
23.362: [GC (Allocation Failure)  151229K->637K(490496K), 0.0005658 secs]
23.362: Total time for which application threads were stopped: 0.0007094 seconds, Stopping threads took: 0.0000267 seconds
23.455: [GC (Allocation Failure)  147581K->637K(486912K), 0.0004785 secs]
23.455: Total time for which application threads were stopped: 0.0006238 seconds, Stopping threads took: 0.0000266 seconds
23.548: [GC (Allocation Failure)  143997K->669K(483328K), 0.0004888 secs]
23.549: Total time for which application threads were stopped: 0.0006155 seconds, Stopping threads took: 0.0000211 seconds
23.641: [GC (Allocation Failure)  140445K->637K(479744K), 0.0005690 secs]
23.641: Total time for which application threads were stopped: 0.0006892 seconds, Stopping threads took: 0.0000189 seconds
23.725: [GC (Allocation Failure)  136829K->669K(476672K), 0.0006148 secs]
23.725: Total time for which application threads were stopped: 0.0007585 seconds, Stopping threads took: 0.0000190 seconds
23.808: [GC (Allocation Failure)  133789K->669K(473600K), 0.0004615 secs]
23.808: Total time for which application threads were stopped: 0.0005876 seconds, Stopping threads took: 0.0000268 seconds
23.888: [GC (Allocation Failure)  130717K->669K(470528K), 0.0004398 secs]
23.889: Total time for which application threads were stopped: 0.0006950 seconds, Stopping threads took: 0.0000261 seconds
23.967: [GC (Allocation Failure)  127645K->669K(467456K), 0.0005014 secs]
23.967: Total time for which application threads were stopped: 0.0006213 seconds, Stopping threads took: 0.0000197 seconds
24.050: [GC (Allocation Failure)  124573K->669K(464896K), 0.0005069 secs]
24.050: Total time for which application threads were stopped: 0.0006160 seconds, Stopping threads took: 0.0000176 seconds
24.131: [GC (Allocation Failure)  122013K->701K(462336K), 0.0005136 secs]
24.131: Total time for which application threads were stopped: 0.0006477 seconds, Stopping threads took: 0.0000196 seconds
24.204: [GC (Allocation Failure)  119485K->605K(459776K), 0.0006274 secs]
24.205: Total time for which application threads were stopped: 0.0007602 seconds, Stopping threads took: 0.0000220 seconds
24.282: [GC (Allocation Failure)  116829K->669K(457216K), 0.0005887 secs]
24.283: Total time for which application threads were stopped: 0.0007330 seconds, Stopping threads took: 0.0000222 seconds
24.356: [GC (Allocation Failure)  114333K->669K(454656K), 0.0006319 secs]
24.356: Total time for which application threads were stopped: 0.0007733 seconds, Stopping threads took: 0.0000231 seconds
24.426: [GC (Allocation Failure)  111773K->637K(452096K), 0.0005129 secs]
24.426: Total time for which application threads were stopped: 0.0006525 seconds, Stopping threads took: 0.0000195 seconds
24.493: [GC (Allocation Failure)  109181K->701K(450048K), 0.0004656 secs]
24.493: Total time for which application threads were stopped: 0.0005840 seconds, Stopping threads took: 0.0000185 seconds
24.559: [GC (Allocation Failure)  107197K->637K(448000K), 0.0008264 secs]
24.560: Total time for which application threads were stopped: 0.0009748 seconds, Stopping threads took: 0.0000312 seconds
24.624: [GC (Allocation Failure)  105085K->637K(445952K), 0.0005364 secs]
24.625: Total time for which application threads were stopped: 0.0006812 seconds, Stopping threads took: 0.0000215 seconds
24.687: [GC (Allocation Failure)  103037K->637K(443904K), 0.0004135 secs]
24.688: Total time for which application threads were stopped: 0.0005222 seconds, Stopping threads took: 0.0000168 seconds
24.750: [GC (Allocation Failure)  100989K->605K(441856K), 0.0006050 secs]
24.751: Total time for which application threads were stopped: 0.0007332 seconds, Stopping threads took: 0.0000272 seconds
24.812: [GC (Allocation Failure)  98909K->669K(439808K), 0.0005832 secs]
24.813: Total time for which application threads were stopped: 0.0007106 seconds, Stopping threads took: 0.0000281 seconds
24.876: [GC (Allocation Failure)  96925K->701K(437760K), 0.0003795 secs]
24.877: Total time for which application threads were stopped: 0.0004792 seconds, Stopping threads took: 0.0000166 seconds
24.936: [GC (Allocation Failure)  94909K->733K(436224K), 0.0005018 secs]
24.936: Total time for which application threads were stopped: 0.0006217 seconds, Stopping threads took: 0.0000203 seconds
24.993: [GC (Allocation Failure)  93405K->669K(434688K), 0.0004265 secs]
24.994: Total time for which application threads were stopped: 0.0005450 seconds, Stopping threads took: 0.0000196 seconds
25.050: [GC (Allocation Failure)  91805K->669K(433152K), 0.0004661 secs]
25.051: Total time for which application threads were stopped: 0.0005874 seconds, Stopping threads took: 0.0000203 seconds
25.106: [GC (Allocation Failure)  90269K->637K(431616K), 0.0006932 secs]
25.107: Total time for which application threads were stopped: 0.0008382 seconds, Stopping threads took: 0.0000191 seconds
25.168: [GC (Allocation Failure)  88701K->701K(430080K), 0.0005535 secs]
25.169: Total time for which application threads were stopped: 0.0006741 seconds, Stopping threads took: 0.0000207 seconds
25.222: [GC (Allocation Failure)  87229K->701K(428544K), 0.0005694 secs]
25.222: Total time for which application threads were stopped: 0.0006774 seconds, Stopping threads took: 0.0000169 seconds
25.275: [GC (Allocation Failure)  85693K->701K(427008K), 0.0004880 secs]
25.275: Total time for which application threads were stopped: 0.0006152 seconds, Stopping threads took: 0.0000194 seconds
25.327: [GC (Allocation Failure)  84157K->669K(425472K), 0.0005186 secs]
25.327: Total time for which application threads were stopped: 0.0006475 seconds, Stopping threads took: 0.0000208 seconds
25.378: [GC (Allocation Failure)  82589K->669K(423936K), 0.0006541 secs]
25.378: Total time for which application threads were stopped: 0.0007844 seconds, Stopping threads took: 0.0000271 seconds
25.428: [GC (Allocation Failure)  81053K->605K(422400K), 0.0005646 secs]
25.428: Total time for which application threads were stopped: 0.0007130 seconds, Stopping threads took: 0.0000292 seconds
25.477: [GC (Allocation Failure)  79453K->637K(421376K), 0.0005115 secs]
25.478: Total time for which application threads were stopped: 0.0006317 seconds, Stopping threads took: 0.0000216 seconds
25.531: [GC (Allocation Failure)  78461K->669K(420352K), 0.0004666 secs]
25.532: Total time for which application threads were stopped: 0.0005746 seconds, Stopping threads took: 0.0000170 seconds
25.579: [GC (Allocation Failure)  77469K->637K(419328K), 0.0004599 secs]
25.580: Total time for which application threads were stopped: 0.0005787 seconds, Stopping threads took: 0.0000167 seconds
25.626: [GC (Allocation Failure)  76413K->669K(418304K), 0.0004575 secs]
25.627: Total time for which application threads were stopped: 0.0005843 seconds, Stopping threads took: 0.0000284 seconds
25.678: [GC (Allocation Failure)  75421K->637K(417280K), 0.0004787 secs]
25.679: Total time for which application threads were stopped: 0.0005865 seconds, Stopping threads took: 0.0000164 seconds
25.724: [GC (Allocation Failure)  74365K->637K(416256K), 0.0004354 secs]
25.725: Total time for which application threads were stopped: 0.0005475 seconds, Stopping threads took: 0.0000185 seconds
25.776: [GC (Allocation Failure)  73341K->637K(415232K), 0.0004861 secs]
25.777: Total time for which application threads were stopped: 0.0006125 seconds, Stopping threads took: 0.0000268 seconds
25.821: [GC (Allocation Failure)  72317K->669K(414208K), 0.0005052 secs]
25.822: Total time for which application threads were stopped: 0.0006390 seconds, Stopping threads took: 0.0000193 seconds
25.865: [GC (Allocation Failure)  71325K->605K(413184K), 0.0006031 secs]
25.866: Total time for which application threads were stopped: 0.0007462 seconds, Stopping threads took: 0.0000220 seconds
25.914: [GC (Allocation Failure)  70237K->637K(412160K), 0.0004871 secs]
25.915: Total time for which application threads were stopped: 0.0006570 seconds, Stopping threads took: 0.0000274 seconds
25.964: [GC (Allocation Failure)  69245K->669K(411136K), 0.0005049 secs]
25.964: Total time for which application threads were stopped: 0.0006492 seconds, Stopping threads took: 0.0000219 seconds
26.006: [GC (Allocation Failure)  68253K->669K(410112K), 0.0005480 secs]
26.006: Total time for which application threads were stopped: 0.0006833 seconds, Stopping threads took: 0.0000210 seconds
26.048: [GC (Allocation Failure)  67229K->637K(409088K), 0.0005342 secs]
26.048: Total time for which application threads were stopped: 0.0006889 seconds, Stopping threads took: 0.0000291 seconds
26.095: [GC (Allocation Failure)  66173K->669K(408064K), 0.0005550 secs]
26.096: Total time for which application threads were stopped: 0.0006923 seconds, Stopping threads took: 0.0000220 seconds
26.136: [GC (Allocation Failure)  65181K->637K(421376K), 0.0005719 secs]
26.136: Total time for which application threads were stopped: 0.0007210 seconds, Stopping threads took: 0.0000215 seconds
26.184: [GC (Allocation Failure)  78461K->637K(420352K), 0.0005057 secs]
26.185: Total time for which application threads were stopped: 0.0006402 seconds, Stopping threads took: 0.0000232 seconds
26.232: [GC (Allocation Failure)  77437K->637K(419328K), 0.0004715 secs]
26.233: Total time for which application threads were stopped: 0.0006066 seconds, Stopping threads took: 0.0000196 seconds
26.285: [GC (Allocation Failure)  76413K->701K(418304K), 0.0004968 secs]
26.286: Total time for which application threads were stopped: 0.0006231 seconds, Stopping threads took: 0.0000211 seconds
26.332: [GC (Allocation Failure)  75453K->637K(417280K), 0.0004623 secs]
26.333: Total time for which application threads were stopped: 0.0005782 seconds, Stopping threads took: 0.0000189 seconds
26.384: [GC (Allocation Failure)  74365K->669K(416256K), 0.0004621 secs]
26.385: Total time for which application threads were stopped: 0.0005955 seconds, Stopping threads took: 0.0000273 seconds
26.430: [GC (Allocation Failure)  73373K->669K(415232K), 0.0004528 secs]
26.430: Total time for which application threads were stopped: 0.0005848 seconds, Stopping threads took: 0.0000248 seconds
26.481: [GC (Allocation Failure)  72349K->669K(414208K), 0.0005134 secs]
26.481: Total time for which application threads were stopped: 0.0006480 seconds, Stopping threads took: 0.0000212 seconds
26.525: [GC (Allocation Failure)  71325K->669K(413184K), 0.0005305 secs]
26.526: Total time for which application threads were stopped: 0.0006698 seconds, Stopping threads took: 0.0000210 seconds
26.569: [GC (Allocation Failure)  70301K->701K(412160K), 0.0005090 secs]
26.569: Total time for which application threads were stopped: 0.0006466 seconds, Stopping threads took: 0.0000219 seconds
26.612: [GC (Allocation Failure)  69309K->637K(411136K), 0.0004789 secs]
26.613: Total time for which application threads were stopped: 0.0005958 seconds, Stopping threads took: 0.0000189 seconds
26.660: [GC (Allocation Failure)  68221K->701K(410112K), 0.0004935 secs]
26.661: Total time for which application threads were stopped: 0.0006352 seconds, Stopping threads took: 0.0000224 seconds
26.708: [GC (Allocation Failure)  67261K->637K(409088K), 0.0004583 secs]
26.708: Total time for which application threads were stopped: 0.0005819 seconds, Stopping threads took: 0.0000267 seconds
26.749: [GC (Allocation Failure)  66173K->637K(422400K), 0.0006604 secs]
26.750: Total time for which application threads were stopped: 0.0007836 seconds, Stopping threads took: 0.0000272 seconds
26.800: [GC (Allocation Failure)  79485K->605K(438272K), 0.0006572 secs]
26.800: Total time for which application threads were stopped: 0.0007933 seconds, Stopping threads took: 0.0000193 seconds
26.864: [GC (Allocation Failure)  95325K->669K(457216K), 0.0006432 secs]
26.865: Total time for which application threads were stopped: 0.0007581 seconds, Stopping threads took: 0.0000194 seconds
26.939: [GC (Allocation Failure)  114333K->669K(454656K), 0.0005790 secs]
26.939: Total time for which application threads were stopped: 0.0007049 seconds, Stopping threads took: 0.0000278 seconds
27.007: [GC (Allocation Failure)  111773K->637K(452096K), 0.0005119 secs]
27.008: Total time for which application threads were stopped: 0.0006356 seconds, Stopping threads took: 0.0000273 seconds
27.080: [GC (Allocation Failure)  109181K->701K(450048K), 0.0005282 secs]
27.081: Total time for which application threads were stopped: 0.0006473 seconds, Stopping threads took: 0.0000187 seconds
27.152: [GC (Allocation Failure)  107197K->669K(448000K), 0.0004968 secs]
27.152: Total time for which application threads were stopped: 0.0006117 seconds, Stopping threads took: 0.0000190 seconds
27.216: [GC (Allocation Failure)  105117K->637K(445952K), 0.0005123 secs]
27.217: Total time for which application threads were stopped: 0.0006276 seconds, Stopping threads took: 0.0000192 seconds
27.280: [GC (Allocation Failure)  103037K->669K(443904K), 0.0005001 secs]
27.280: Total time for which application threads were stopped: 0.0006362 seconds, Stopping threads took: 0.0000193 seconds
27.342: [GC (Allocation Failure)  101021K->637K(441856K), 0.0005293 secs]
27.342: Total time for which application threads were stopped: 0.0006592 seconds, Stopping threads took: 0.0000274 seconds
27.408: [GC (Allocation Failure)  98941K->669K(439808K), 0.0004710 secs]
27.409: Total time for which application threads were stopped: 0.0005960 seconds, Stopping threads took: 0.0000272 seconds
27.468: [GC (Allocation Failure)  96925K->637K(437760K), 0.0005107 secs]
27.468: Total time for which application threads were stopped: 0.0006261 seconds, Stopping threads took: 0.0000192 seconds
27.533: [GC (Allocation Failure)  94845K->669K(436224K), 0.0004754 secs]
27.533: Total time for which application threads were stopped: 0.0005915 seconds, Stopping threads took: 0.0000188 seconds
27.590: [GC (Allocation Failure)  93341K->669K(434688K), 0.0004715 secs]
27.591: Total time for which application threads were stopped: 0.0005961 seconds, Stopping threads took: 0.0000269 seconds
27.647: [GC (Allocation Failure)  91805K->605K(433152K), 0.0005390 secs]
27.647: Total time for which application threads were stopped: 0.0006610 seconds, Stopping threads took: 0.0000270 seconds
27.706: [GC (Allocation Failure)  90205K->669K(431616K), 0.0006128 secs]
27.707: Total time for which application threads were stopped: 0.0007371 seconds, Stopping threads took: 0.0000195 seconds
27.767: [GC (Allocation Failure)  88733K->669K(430080K), 0.0006015 secs]
27.768: Total time for which application threads were stopped: 0.0007276 seconds, Stopping threads took: 0.0000259 seconds
27.821: [GC (Allocation Failure)  87197K->669K(428544K), 0.0006765 secs]
27.822: Total time for which application threads were stopped: 0.0007925 seconds, Stopping threads took: 0.0000188 seconds
27.880: [GC (Allocation Failure)  85661K->669K(427008K), 0.0003805 secs]
27.880: Total time for which application threads were stopped: 0.0004987 seconds, Stopping threads took: 0.0000182 seconds
27.932: [GC (Allocation Failure)  84125K->605K(425472K), 0.0004972 secs]
27.932: Total time for which application threads were stopped: 0.0006004 seconds, Stopping threads took: 0.0000164 seconds
27.989: [GC (Allocation Failure)  82525K->637K(423936K), 0.0005348 secs]
27.989: Total time for which application threads were stopped: 0.0006400 seconds, Stopping threads took: 0.0000164 seconds
28.039: [GC (Allocation Failure)  81021K->669K(422400K), 0.0006148 secs]
28.040: Total time for which application threads were stopped: 0.0007234 seconds, Stopping threads took: 0.0000167 seconds
28.091: [GC (Allocation Failure)  79517K->637K(421376K), 0.0004854 secs]
28.092: Total time for which application threads were stopped: 0.0006109 seconds, Stopping threads took: 0.0000270 seconds
28.140: [GC (Allocation Failure)  78461K->701K(420352K), 0.0005866 secs]
28.140: Total time for which application threads were stopped: 0.0007270 seconds, Stopping threads took: 0.0000271 seconds
28.188: [GC (Allocation Failure)  77501K->669K(419328K), 0.0006123 secs]
28.188: Total time for which application threads were stopped: 0.0007560 seconds, Stopping threads took: 0.0000289 seconds
28.235: [GC (Allocation Failure)  76445K->637K(434688K), 0.0006491 secs]
28.236: Total time for which application threads were stopped: 0.0007736 seconds, Stopping threads took: 0.0000192 seconds
28.298: [GC (Allocation Failure)  91773K->669K(433152K), 0.0005113 secs]
28.299: Total time for which application threads were stopped: 0.0006574 seconds, Stopping threads took: 0.0000291 seconds
28.354: [GC (Allocation Failure)  90269K->637K(431616K), 0.0005707 secs]
28.354: Total time for which application threads were stopped: 0.0006886 seconds, Stopping threads took: 0.0000185 seconds
28.415: [GC (Allocation Failure)  88701K->669K(430080K), 0.0004748 secs]
28.415: Total time for which application threads were stopped: 0.0006031 seconds, Stopping threads took: 0.0000288 seconds
28.469: [GC (Allocation Failure)  87197K->733K(428544K), 0.0004074 secs]
28.469: Total time for which application threads were stopped: 0.0005243 seconds, Stopping threads took: 0.0000246 seconds
28.525: [GC (Allocation Failure)  85725K->637K(427008K), 0.0005172 secs]
28.525: Total time for which application threads were stopped: 0.0006616 seconds, Stopping threads took: 0.0000283 seconds
28.580: [GC (Allocation Failure)  84093K->669K(425472K), 0.0004440 secs]
28.581: Total time for which application threads were stopped: 0.0005661 seconds, Stopping threads took: 0.0000217 seconds
28.636: [GC (Allocation Failure)  82589K->701K(423936K), 0.0004970 secs]
28.636: Total time for which application threads were stopped: 0.0006128 seconds, Stopping threads took: 0.0000196 seconds
28.689: [GC (Allocation Failure)  81085K->637K(422400K), 0.0005391 secs]
28.689: Total time for which application threads were stopped: 0.0006463 seconds, Stopping threads took: 0.0000167 seconds
28.738: [GC (Allocation Failure)  79485K->669K(421376K), 0.0004324 secs]
28.738: Total time for which application threads were stopped: 0.0005627 seconds, Stopping threads took: 0.0000276 seconds
28.787: [GC (Allocation Failure)  78493K->669K(420352K), 0.0004972 secs]
28.788: Total time for which application threads were stopped: 0.0006241 seconds, Stopping threads took: 0.0000274 seconds
28.839: [GC (Allocation Failure)  77469K->605K(419328K), 0.0006313 secs]
28.840: Total time for which application threads were stopped: 0.0007744 seconds, Stopping threads took: 0.0000272 seconds
28.887: [GC (Allocation Failure)  76381K->637K(418304K), 0.0004575 secs]
28.888: Total time for which application threads were stopped: 0.0005791 seconds, Stopping threads took: 0.0000256 seconds
28.934: [GC (Allocation Failure)  75389K->669K(417280K), 0.0004485 secs]
28.934: Total time for which application threads were stopped: 0.0005674 seconds, Stopping threads took: 0.0000190 seconds
28.980: [GC (Allocation Failure)  74397K->637K(416256K), 0.0005448 secs]
28.980: Total time for which application threads were stopped: 0.0006643 seconds, Stopping threads took: 0.0000197 seconds
29.031: [GC (Allocation Failure)  73341K->637K(415232K), 0.0006087 secs]
29.031: Total time for which application threads were stopped: 0.0007262 seconds, Stopping threads took: 0.0000195 seconds
29.076: [GC (Allocation Failure)  72317K->669K(414208K), 0.0004930 secs]
29.076: Total time for which application threads were stopped: 0.0006361 seconds, Stopping threads took: 0.0000279 seconds
29.123: [GC (Allocation Failure)  71325K->637K(413184K), 0.0004424 secs]
29.124: Total time for which application threads were stopped: 0.0005500 seconds, Stopping threads took: 0.0000168 seconds
29.174: [GC (Allocation Failure)  70269K->701K(412160K), 0.0004667 secs]
29.174: Total time for which application threads were stopped: 0.0005939 seconds, Stopping threads took: 0.0000272 seconds
29.221: [GC (Allocation Failure)  69309K->605K(411136K), 0.0004260 secs]
29.222: Total time for which application threads were stopped: 0.0005410 seconds, Stopping threads took: 0.0000190 seconds
29.263: [GC (Allocation Failure)  68189K->637K(410112K), 0.0004309 secs]
29.264: Total time for which application threads were stopped: 0.0005383 seconds, Stopping threads took: 0.0000163 seconds
29.310: [GC (Allocation Failure)  67197K->733K(409088K), 0.0004994 secs]
29.311: Total time for which application threads were stopped: 0.0006359 seconds, Stopping threads took: 0.0000201 seconds
29.352: [GC (Allocation Failure)  66269K->637K(408064K), 0.0005068 secs]
29.352: Total time for which application threads were stopped: 0.0006471 seconds, Stopping threads took: 0.0000208 seconds
29.399: [GC (Allocation Failure)  65149K->637K(407040K), 0.0004616 secs]
29.399: Total time for which application threads were stopped: 0.0005967 seconds, Stopping threads took: 0.0000252 seconds
29.438: [GC (Allocation Failure)  64125K->637K(406016K), 0.0004704 secs]
29.439: Total time for which application threads were stopped: 0.0006024 seconds, Stopping threads took: 0.0000206 seconds
29.477: [GC (Allocation Failure)  63101K->637K(418816K), 0.0007106 secs]
29.478: Total time for which application threads were stopped: 0.0008633 seconds, Stopping threads took: 0.0000219 seconds
29.524: [GC (Allocation Failure)  75901K->669K(434176K), 0.0005951 secs]
29.525: Total time for which application threads were stopped: 0.0007552 seconds, Stopping threads took: 0.0000239 seconds
29.584: [GC (Allocation Failure)  91293K->669K(432640K), 0.0005352 secs]
29.584: Total time for which application threads were stopped: 0.0006601 seconds, Stopping threads took: 0.0000213 seconds
29.642: [GC (Allocation Failure)  89757K->637K(431104K), 0.0004851 secs]
29.643: Total time for which application threads were stopped: 0.0006103 seconds, Stopping threads took: 0.0000274 seconds
29.697: [GC (Allocation Failure)  88189K->669K(429568K), 0.0006119 secs]
29.697: Total time for which application threads were stopped: 0.0007340 seconds, Stopping threads took: 0.0000271 seconds
29.756: [GC (Allocation Failure)  86685K->605K(428032K), 0.0005573 secs]
29.757: Total time for which application threads were stopped: 0.0006714 seconds, Stopping threads took: 0.0000253 seconds
29.812: [GC (Allocation Failure)  85085K->605K(426496K), 0.0006125 secs]
29.813: Total time for which application threads were stopped: 0.0007482 seconds, Stopping threads took: 0.0000291 seconds
29.864: [GC (Allocation Failure)  83549K->605K(424960K), 0.0006134 secs]
29.865: Total time for which application threads were stopped: 0.0007472 seconds, Stopping threads took: 0.0000293 seconds
29.922: [GC (Allocation Failure)  82013K->573K(423424K), 0.0005074 secs]
29.922: Total time for which application threads were stopped: 0.0006245 seconds, Stopping threads took: 0.0000189 seconds
29.972: [GC (Allocation Failure)  80445K->605K(422400K), 0.0005963 secs]
29.973: Total time for which application threads were stopped: 0.0007262 seconds, Stopping threads took: 0.0000193 seconds
30.022: [GC (Allocation Failure)  79453K->669K(421376K), 0.0004748 secs]
30.022: Total time for which application threads were stopped: 0.0005903 seconds, Stopping threads took: 0.0000191 seconds
30.070: [GC (Allocation Failure)  78493K->637K(420352K), 0.0004943 secs]
30.071: Total time for which application threads were stopped: 0.0006215 seconds, Stopping threads took: 0.0000196 seconds
30.123: [GC (Allocation Failure)  77437K->669K(419328K), 0.0005202 secs]
30.124: Total time for which application threads were stopped: 0.0006649 seconds, Stopping threads took: 0.0000222 seconds
30.170: [GC (Allocation Failure)  76445K->637K(418304K), 0.0004631 secs]
30.171: Total time for which application threads were stopped: 0.0005907 seconds, Stopping threads took: 0.0000269 seconds
30.217: [GC (Allocation Failure)  75389K->669K(417280K), 0.0004667 secs]
30.218: Total time for which application threads were stopped: 0.0005913 seconds, Stopping threads took: 0.0000208 seconds
30.268: [GC (Allocation Failure)  74397K->605K(416256K), 0.0004867 secs]
30.269: Total time for which application threads were stopped: 0.0006135 seconds, Stopping threads took: 0.0000188 seconds
30.314: [GC (Allocation Failure)  73309K->669K(415232K), 0.0005107 secs]
30.314: Total time for which application threads were stopped: 0.0006454 seconds, Stopping threads took: 0.0000212 seconds
30.359: [GC (Allocation Failure)  72349K->669K(414208K), 0.0005262 secs]
30.359: Total time for which application threads were stopped: 0.0006721 seconds, Stopping threads took: 0.0000298 seconds
30.404: [GC (Allocation Failure)  71325K->733K(413184K), 0.0005795 secs]
30.404: Total time for which application threads were stopped: 0.0007083 seconds, Stopping threads took: 0.0000279 seconds
30.447: [GC (Allocation Failure)  70365K->669K(412160K), 0.0005383 secs]
30.448: Total time for which application threads were stopped: 0.0006698 seconds, Stopping threads took: 0.0000195 seconds
30.490: [GC (Allocation Failure)  69277K->605K(411136K), 0.0005024 secs]
30.490: Total time for which application threads were stopped: 0.0006315 seconds, Stopping threads took: 0.0000272 seconds
30.537: [GC (Allocation Failure)  68189K->637K(410112K), 0.0005121 secs]
30.537: Total time for which application threads were stopped: 0.0006391 seconds, Stopping threads took: 0.0000190 seconds
30.578: [GC (Allocation Failure)  67197K->669K(409088K), 0.0005131 secs]
30.579: Total time for which application threads were stopped: 0.0006305 seconds, Stopping threads took: 0.0000190 seconds
30.620: [GC (Allocation Failure)  66205K->637K(408064K), 0.0004717 secs]
30.620: Total time for which application threads were stopped: 0.0005968 seconds, Stopping threads took: 0.0000267 seconds
30.660: [GC (Allocation Failure)  65149K->669K(421376K), 0.0005847 secs]
30.660: Total time for which application threads were stopped: 0.0007090 seconds, Stopping threads took: 0.0000269 seconds
30.708: [GC (Allocation Failure)  78493K->669K(437248K), 0.0005068 secs]
30.709: Total time for which application threads were stopped: 0.0006255 seconds, Stopping threads took: 0.0000192 seconds
30.774: [GC (Allocation Failure)  94365K->701K(435712K), 0.0004741 secs]
30.775: Total time for which application threads were stopped: 0.0006008 seconds, Stopping threads took: 0.0000279 seconds
30.832: [GC (Allocation Failure)  92861K->669K(434176K), 0.0005380 secs]
30.832: Total time for which application threads were stopped: 0.0006556 seconds, Stopping threads took: 0.0000196 seconds
30.894: [GC (Allocation Failure)  91293K->669K(432640K), 0.0005082 secs]
30.895: Total time for which application threads were stopped: 0.0006318 seconds, Stopping threads took: 0.0000264 seconds
30.956: [GC (Allocation Failure)  89757K->701K(431104K), 0.0005230 secs]
30.956: Total time for which application threads were stopped: 0.0006501 seconds, Stopping threads took: 0.0000267 seconds
31.014: [GC (Allocation Failure)  88253K->637K(429568K), 0.0005472 secs]
31.015: Total time for which application threads were stopped: 0.0006743 seconds, Stopping threads took: 0.0000275 seconds
31.068: [GC (Allocation Failure)  86653K->605K(428032K), 0.0006201 secs]
31.068: Total time for which application threads were stopped: 0.0007403 seconds, Stopping threads took: 0.0000202 seconds
31.121: [GC (Allocation Failure)  85085K->637K(426496K), 0.0005200 secs]
31.121: Total time for which application threads were stopped: 0.0006609 seconds, Stopping threads took: 0.0000204 seconds
31.178: [GC (Allocation Failure)  83581K->701K(424960K), 0.0006411 secs]
31.179: Total time for which application threads were stopped: 0.0007932 seconds, Stopping threads took: 0.0000298 seconds
31.233: [GC (Allocation Failure)  82109K->637K(423424K), 0.0005319 secs]
31.233: Total time for which application threads were stopped: 0.0006483 seconds, Stopping threads took: 0.0000192 seconds
31.283: [GC (Allocation Failure)  80509K->637K(422400K), 0.0005094 secs]
31.283: Total time for which application threads were stopped: 0.0006407 seconds, Stopping threads took: 0.0000211 seconds
31.332: [GC (Allocation Failure)  79485K->701K(421376K), 0.0006217 secs]
31.332: Total time for which application threads were stopped: 0.0007688 seconds, Stopping threads took: 0.0000223 seconds
31.380: [GC (Allocation Failure)  78525K->669K(420352K), 0.0005042 secs]
31.381: Total time for which application threads were stopped: 0.0006433 seconds, Stopping threads took: 0.0000219 seconds
31.430: [GC (Allocation Failure)  77469K->669K(419328K), 0.0004545 secs]
31.431: Total time for which application threads were stopped: 0.0005739 seconds, Stopping threads took: 0.0000193 seconds
31.477: [GC (Allocation Failure)  76445K->605K(418304K), 0.0005112 secs]
31.478: Total time for which application threads were stopped: 0.0006634 seconds, Stopping threads took: 0.0000296 seconds
31.529: [GC (Allocation Failure)  75357K->637K(417280K), 0.0005095 secs]
31.530: Total time for which application threads were stopped: 0.0006566 seconds, Stopping threads took: 0.0000223 seconds
31.575: [GC (Allocation Failure)  74365K->669K(416256K), 0.0004784 secs]
31.576: Total time for which application threads were stopped: 0.0006054 seconds, Stopping threads took: 0.0000210 seconds
31.621: [GC (Allocation Failure)  73373K->701K(415232K), 0.0005073 secs]
31.621: Total time for which application threads were stopped: 0.0006465 seconds, Stopping threads took: 0.0000209 seconds
31.672: [GC (Allocation Failure)  72381K->637K(414208K), 0.0005364 secs]
31.672: Total time for which application threads were stopped: 0.0006803 seconds, Stopping threads took: 0.0000222 seconds
31.716: [GC (Allocation Failure)  71293K->573K(413184K), 0.0005172 secs]
31.717: Total time for which application threads were stopped: 0.0006658 seconds, Stopping threads took: 0.0000222 seconds
31.763: [GC (Allocation Failure)  70205K->637K(412160K), 0.0004921 secs]
31.764: Total time for which application threads were stopped: 0.0006405 seconds, Stopping threads took: 0.0000271 seconds
31.806: [GC (Allocation Failure)  69245K->605K(411136K), 0.0005368 secs]
31.807: Total time for which application threads were stopped: 0.0006939 seconds, Stopping threads took: 0.0000300 seconds
31.854: [GC (Allocation Failure)  68189K->669K(410112K), 0.0005703 secs]
31.854: Total time for which application threads were stopped: 0.0007077 seconds, Stopping threads took: 0.0000211 seconds
31.896: [GC (Allocation Failure)  67229K->637K(409088K), 0.0004023 secs]
31.897: Total time for which application threads were stopped: 0.0005090 seconds, Stopping threads took: 0.0000245 seconds
31.938: [GC (Allocation Failure)  66173K->637K(408064K), 0.0005425 secs]
31.938: Total time for which application threads were stopped: 0.0006797 seconds, Stopping threads took: 0.0000260 seconds
31.983: [GC (Allocation Failure)  65149K->669K(407040K), 0.0005101 secs]
31.983: Total time for which application threads were stopped: 0.0006377 seconds, Stopping threads took: 0.0000199 seconds
32.022: [GC (Allocation Failure)  64157K->637K(419840K), 0.0006021 secs]
32.023: Total time for which application threads were stopped: 0.0007468 seconds, Stopping threads took: 0.0000217 seconds
32.070: [GC (Allocation Failure)  76925K->669K(435200K), 0.0004835 secs]
32.070: Total time for which application threads were stopped: 0.0006265 seconds, Stopping threads took: 0.0000214 seconds
32.127: [GC (Allocation Failure)  92317K->701K(453632K), 0.0006681 secs]
32.128: Total time for which application threads were stopped: 0.0008228 seconds, Stopping threads took: 0.0000312 seconds
32.196: [GC (Allocation Failure)  110781K->669K(451584K), 0.0004793 secs]
32.196: Total time for which application threads were stopped: 0.0006062 seconds, Stopping threads took: 0.0000207 seconds
32.263: [GC (Allocation Failure)  108701K->669K(449536K), 0.0004959 secs]
32.263: Total time for which application threads were stopped: 0.0006218 seconds, Stopping threads took: 0.0000201 seconds
32.328: [GC (Allocation Failure)  106653K->637K(447488K), 0.0005197 secs]
32.329: Total time for which application threads were stopped: 0.0006696 seconds, Stopping threads took: 0.0000297 seconds
32.393: [GC (Allocation Failure)  104573K->637K(445440K), 0.0004091 secs]
32.393: Total time for which application threads were stopped: 0.0005269 seconds, Stopping threads took: 0.0000253 seconds
32.461: [GC (Allocation Failure)  102525K->637K(443392K), 0.0004789 secs]
32.461: Total time for which application threads were stopped: 0.0005854 seconds, Stopping threads took: 0.0000170 seconds
32.526: [GC (Allocation Failure)  100477K->637K(441344K), 0.0004925 secs]
32.526: Total time for which application threads were stopped: 0.0006200 seconds, Stopping threads took: 0.0000281 seconds
32.591: [GC (Allocation Failure)  98429K->669K(439296K), 0.0008131 secs]
32.592: Total time for which application threads were stopped: 0.0009334 seconds, Stopping threads took: 0.0000201 seconds
32.651: [GC (Allocation Failure)  96413K->733K(437760K), 0.0005248 secs]
32.652: Total time for which application threads were stopped: 0.0006467 seconds, Stopping threads took: 0.0000195 seconds
32.714: [GC (Allocation Failure)  94941K->701K(436224K), 0.0005077 secs]
32.714: Total time for which application threads were stopped: 0.0006336 seconds, Stopping threads took: 0.0000213 seconds
32.775: [GC (Allocation Failure)  93373K->701K(434688K), 0.0004865 secs]
32.776: Total time for which application threads were stopped: 0.0006075 seconds, Stopping threads took: 0.0000263 seconds
32.832: [GC (Allocation Failure)  91837K->637K(433152K), 0.0004866 secs]
32.833: Total time for which application threads were stopped: 0.0006127 seconds, Stopping threads took: 0.0000283 seconds
32.894: [GC (Allocation Failure)  90237K->637K(431616K), 0.0003915 secs]
32.895: Total time for which application threads were stopped: 0.0005056 seconds, Stopping threads took: 0.0000248 seconds
32.949: [GC (Allocation Failure)  88701K->669K(430080K), 0.0005616 secs]
32.950: Total time for which application threads were stopped: 0.0006803 seconds, Stopping threads took: 0.0000201 seconds
33.008: [GC (Allocation Failure)  87197K->669K(428544K), 0.0004431 secs]
33.008: Total time for which application threads were stopped: 0.0005709 seconds, Stopping threads took: 0.0000274 seconds
33.061: [GC (Allocation Failure)  85661K->701K(427008K), 0.0004709 secs]
33.061: Total time for which application threads were stopped: 0.0005977 seconds, Stopping threads took: 0.0000268 seconds
33.112: [GC (Allocation Failure)  84157K->605K(425472K), 0.0005357 secs]
33.113: Total time for which application threads were stopped: 0.0006557 seconds, Stopping threads took: 0.0000196 seconds
33.163: [GC (Allocation Failure)  82525K->669K(423936K), 0.0004882 secs]
33.164: Total time for which application threads were stopped: 0.0006050 seconds, Stopping threads took: 0.0000202 seconds
33.213: [GC (Allocation Failure)  81053K->637K(422400K), 0.0004960 secs]
33.214: Total time for which application threads were stopped: 0.0006159 seconds, Stopping threads took: 0.0000196 seconds
33.262: [GC (Allocation Failure)  79485K->701K(421376K), 0.0004976 secs]
33.263: Total time for which application threads were stopped: 0.0006131 seconds, Stopping threads took: 0.0000195 seconds
33.317: [GC (Allocation Failure)  78525K->637K(420352K), 0.0004721 secs]
33.318: Total time for which application threads were stopped: 0.0005823 seconds, Stopping threads took: 0.0000170 seconds
33.365: [GC (Allocation Failure)  77437K->637K(419328K), 0.0004892 secs]
33.366: Total time for which application threads were stopped: 0.0005962 seconds, Stopping threads took: 0.0000172 seconds
33.418: [GC (Allocation Failure)  76413K->637K(418304K), 0.0005099 secs]
33.418: Total time for which application threads were stopped: 0.0006020 seconds, Stopping threads took: 0.0000169 seconds
33.465: [GC (Allocation Failure)  75389K->637K(417280K), 0.0004242 secs]
33.466: Total time for which application threads were stopped: 0.0005432 seconds, Stopping threads took: 0.0000254 seconds
33.511: [GC (Allocation Failure)  74365K->637K(416256K), 0.0004826 secs]
33.512: Total time for which application threads were stopped: 0.0006006 seconds, Stopping threads took: 0.0000191 seconds
33.557: [GC (Allocation Failure)  73341K->669K(415232K), 0.0004847 secs]
33.557: Total time for which application threads were stopped: 0.0006201 seconds, Stopping threads took: 0.0000193 seconds
33.602: [GC (Allocation Failure)  72349K->637K(414208K), 0.0004888 secs]
33.602: Total time for which application threads were stopped: 0.0006169 seconds, Stopping threads took: 0.0000206 seconds
33.651: [GC (Allocation Failure)  71293K->637K(413184K), 0.0005089 secs]
33.652: Total time for which application threads were stopped: 0.0006380 seconds, Stopping threads took: 0.0000189 seconds
33.701: [GC (Allocation Failure)  70269K->669K(412160K), 0.0007055 secs]
33.702: Total time for which application threads were stopped: 0.0008560 seconds, Stopping threads took: 0.0000299 seconds
33.744: [GC (Allocation Failure)  69277K->637K(411136K), 0.0004886 secs]
33.744: Total time for which application threads were stopped: 0.0006018 seconds, Stopping threads took: 0.0000156 seconds
33.790: [GC (Allocation Failure)  68221K->637K(410112K), 0.0004693 secs]
33.791: Total time for which application threads were stopped: 0.0006068 seconds, Stopping threads took: 0.0000275 seconds
33.832: [GC (Allocation Failure)  67197K->701K(423424K), 0.0006315 secs]
33.832: Total time for which application threads were stopped: 0.0007972 seconds, Stopping threads took: 0.0000207 seconds
33.888: [GC (Allocation Failure)  80573K->637K(422400K), 0.0004378 secs]
33.888: Total time for which application threads were stopped: 0.0005589 seconds, Stopping threads took: 0.0000260 seconds
33.937: [GC (Allocation Failure)  79485K->637K(421376K), 0.0004672 secs]
33.938: Total time for which application threads were stopped: 0.0006016 seconds, Stopping threads took: 0.0000199 seconds
33.986: [GC (Allocation Failure)  78461K->669K(420352K), 0.0004985 secs]
33.986: Total time for which application threads were stopped: 0.0006183 seconds, Stopping threads took: 0.0000193 seconds
34.033: [GC (Allocation Failure)  77469K->637K(419328K), 0.0005501 secs]
34.034: Total time for which application threads were stopped: 0.0006652 seconds, Stopping threads took: 0.0000193 seconds
34.081: [GC (Allocation Failure)  76413K->605K(418304K), 0.0004177 secs]
34.081: Total time for which application threads were stopped: 0.0005373 seconds, Stopping threads took: 0.0000199 seconds
34.127: [GC (Allocation Failure)  75357K->669K(417280K), 0.0005165 secs]
34.128: Total time for which application threads were stopped: 0.0006369 seconds, Stopping threads took: 0.0000197 seconds
34.173: [GC (Allocation Failure)  74397K->605K(416256K), 0.0005972 secs]
34.174: Total time for which application threads were stopped: 0.0007218 seconds, Stopping threads took: 0.0000280 seconds
34.219: [GC (Allocation Failure)  73309K->637K(415232K), 0.0005004 secs]
34.219: Total time for which application threads were stopped: 0.0006304 seconds, Stopping threads took: 0.0000182 seconds
34.263: [GC (Allocation Failure)  72317K->605K(414208K), 0.0005229 secs]
34.264: Total time for which application threads were stopped: 0.0006684 seconds, Stopping threads took: 0.0000284 seconds
34.308: [GC (Allocation Failure)  71261K->637K(413184K), 0.0004264 secs]
34.308: Total time for which application threads were stopped: 0.0005878 seconds, Stopping threads took: 0.0000501 seconds
34.351: [GC (Allocation Failure)  70269K->637K(412160K), 0.0004917 secs]
34.352: Total time for which application threads were stopped: 0.0006401 seconds, Stopping threads took: 0.0000228 seconds
34.394: [GC (Allocation Failure)  69245K->669K(411136K), 0.0005672 secs]
34.395: Total time for which application threads were stopped: 0.0007336 seconds, Stopping threads took: 0.0000272 seconds
34.443: [GC (Allocation Failure)  68253K->637K(410112K), 0.0005191 secs]
34.444: Total time for which application threads were stopped: 0.0006571 seconds, Stopping threads took: 0.0000220 seconds
34.488: [GC (Allocation Failure)  67197K->701K(409088K), 0.0004742 secs]
34.489: Total time for which application threads were stopped: 0.0006037 seconds, Stopping threads took: 0.0000223 seconds
34.533: [GC (Allocation Failure)  66237K->637K(408064K), 0.0005202 secs]
34.534: Total time for which application threads were stopped: 0.0006620 seconds, Stopping threads took: 0.0000216 seconds
34.574: [GC (Allocation Failure)  65149K->701K(421376K), 0.0005890 secs]
34.574: Total time for which application threads were stopped: 0.0007365 seconds, Stopping threads took: 0.0000295 seconds
34.626: [GC (Allocation Failure)  78525K->669K(420352K), 0.0005079 secs]
34.626: Total time for which application threads were stopped: 0.0006549 seconds, Stopping threads took: 0.0000302 seconds
34.674: [GC (Allocation Failure)  77469K->669K(419328K), 0.0005108 secs]
34.674: Total time for which application threads were stopped: 0.0006486 seconds, Stopping threads took: 0.0000223 seconds
34.721: [GC (Allocation Failure)  76445K->669K(418304K), 0.0005425 secs]
34.721: Total time for which application threads were stopped: 0.0006964 seconds, Stopping threads took: 0.0000231 seconds
34.769: [GC (Allocation Failure)  75421K->701K(417280K), 0.0004878 secs]
34.769: Total time for which application threads were stopped: 0.0006349 seconds, Stopping threads took: 0.0000217 seconds
34.814: [GC (Allocation Failure)  74429K->669K(416256K), 0.0005121 secs]
34.815: Total time for which application threads were stopped: 0.0006692 seconds, Stopping threads took: 0.0000219 seconds
34.860: [GC (Allocation Failure)  73373K->701K(415232K), 0.0005326 secs]
34.861: Total time for which application threads were stopped: 0.0006668 seconds, Stopping threads took: 0.0000278 seconds
34.905: [GC (Allocation Failure)  72381K->669K(414208K), 0.0005033 secs]
34.906: Total time for which application threads were stopped: 0.0006288 seconds, Stopping threads took: 0.0000263 seconds
34.949: [GC (Allocation Failure)  71325K->669K(428544K), 0.0006641 secs]
34.950: Total time for which application threads were stopped: 0.0007914 seconds, Stopping threads took: 0.0000276 seconds
35.003: [GC (Allocation Failure)  85661K->701K(427008K), 0.0004749 secs]
35.003: Total time for which application threads were stopped: 0.0005933 seconds, Stopping threads took: 0.0000196 seconds
35.055: [GC (Allocation Failure)  84157K->637K(425472K), 0.0005421 secs]
35.055: Total time for which application threads were stopped: 0.0006760 seconds, Stopping threads took: 0.0000282 seconds
35.106: [GC (Allocation Failure)  82557K->605K(423936K), 0.0005742 secs]
35.106: Total time for which application threads were stopped: 0.0007121 seconds, Stopping threads took: 0.0000193 seconds
35.161: [GC (Allocation Failure)  80989K->669K(422400K), 0.0004533 secs]
35.161: Total time for which application threads were stopped: 0.0005826 seconds, Stopping threads took: 0.0000286 seconds
35.215: [GC (Allocation Failure)  79517K->701K(421376K), 0.0005547 secs]
35.216: Total time for which application threads were stopped: 0.0006682 seconds, Stopping threads took: 0.0000190 seconds
35.268: [GC (Allocation Failure)  78525K->637K(420352K), 0.0005453 secs]
35.269: Total time for which application threads were stopped: 0.0006527 seconds, Stopping threads took: 0.0000167 seconds
35.316: [GC (Allocation Failure)  77437K->637K(419328K), 0.0004212 secs]
35.316: Total time for which application threads were stopped: 0.0005319 seconds, Stopping threads took: 0.0000170 seconds
35.369: [GC (Allocation Failure)  76413K->637K(418304K), 0.0003873 secs]
35.370: Total time for which application threads were stopped: 0.0004935 seconds, Stopping threads took: 0.0000168 seconds
35.417: [GC (Allocation Failure)  75389K->637K(417280K), 0.0004077 secs]
35.418: Total time for which application threads were stopped: 0.0005310 seconds, Stopping threads took: 0.0000251 seconds
35.469: [GC (Allocation Failure)  74365K->701K(416256K), 0.0005857 secs]
35.469: Total time for which application threads were stopped: 0.0007248 seconds, Stopping threads took: 0.0000211 seconds
35.514: [GC (Allocation Failure)  73405K->637K(415232K), 0.0004304 secs]
35.515: Total time for which application threads were stopped: 0.0005491 seconds, Stopping threads took: 0.0000191 seconds
35.559: [GC (Allocation Failure)  72317K->669K(414208K), 0.0007578 secs]
35.560: Total time for which application threads were stopped: 0.0008792 seconds, Stopping threads took: 0.0000198 seconds
35.604: [GC (Allocation Failure)  71325K->669K(428544K), 0.0005398 secs]
35.605: Total time for which application threads were stopped: 0.0006595 seconds, Stopping threads took: 0.0000199 seconds
35.663: [GC (Allocation Failure)  85661K->701K(427008K), 0.0005372 secs]
35.663: Total time for which application threads were stopped: 0.0006636 seconds, Stopping threads took: 0.0000269 seconds
35.715: [GC (Allocation Failure)  84157K->637K(425472K), 0.0005230 secs]
35.715: Total time for which application threads were stopped: 0.0006525 seconds, Stopping threads took: 0.0000198 seconds
35.774: [GC (Allocation Failure)  82557K->669K(423936K), 0.0004759 secs]
35.774: Total time for which application threads were stopped: 0.0005945 seconds, Stopping threads took: 0.0000195 seconds
35.824: [GC (Allocation Failure)  81053K->605K(422400K), 0.0005779 secs]
35.824: Total time for which application threads were stopped: 0.0007034 seconds, Stopping threads took: 0.0000209 seconds
35.873: [GC (Allocation Failure)  79453K->669K(421376K), 0.0005352 secs]
35.873: Total time for which application threads were stopped: 0.0006811 seconds, Stopping threads took: 0.0000306 seconds
35.923: [GC (Allocation Failure)  78493K->701K(420352K), 0.0005204 secs]
35.923: Total time for which application threads were stopped: 0.0006453 seconds, Stopping threads took: 0.0000254 seconds
35.971: [GC (Allocation Failure)  77501K->669K(419328K), 0.0005314 secs]
35.971: Total time for which application threads were stopped: 0.0006662 seconds, Stopping threads took: 0.0000202 seconds
36.023: [GC (Allocation Failure)  76445K->669K(418304K), 0.0004644 secs]
36.023: Total time for which application threads were stopped: 0.0005893 seconds, Stopping threads took: 0.0000225 seconds
36.073: [GC (Allocation Failure)  75421K->701K(417280K), 0.0004681 secs]
36.074: Total time for which application threads were stopped: 0.0005885 seconds, Stopping threads took: 0.0000194 seconds
36.119: [GC (Allocation Failure)  74429K->669K(416256K), 0.0004729 secs]
36.120: Total time for which application threads were stopped: 0.0006010 seconds, Stopping threads took: 0.0000195 seconds
36.170: [GC (Allocation Failure)  73373K->637K(415232K), 0.0005446 secs]
36.171: Total time for which application threads were stopped: 0.0006794 seconds, Stopping threads took: 0.0000295 seconds
36.215: [GC (Allocation Failure)  72317K->605K(414208K), 0.0006288 secs]
36.216: Total time for which application threads were stopped: 0.0007656 seconds, Stopping threads took: 0.0000191 seconds
36.266: [GC (Allocation Failure)  71261K->669K(413184K), 0.0004957 secs]
36.267: Total time for which application threads were stopped: 0.0006317 seconds, Stopping threads took: 0.0000204 seconds
36.310: [GC (Allocation Failure)  70301K->637K(412160K), 0.0005596 secs]
36.310: Total time for which application threads were stopped: 0.0007044 seconds, Stopping threads took: 0.0000287 seconds
36.353: [GC (Allocation Failure)  69245K->637K(425984K), 0.0006427 secs]
36.354: Total time for which application threads were stopped: 0.0007900 seconds, Stopping threads took: 0.0000214 seconds
36.410: [GC (Allocation Failure)  83069K->669K(424448K), 0.0004497 secs]
36.411: Total time for which application threads were stopped: 0.0005796 seconds, Stopping threads took: 0.0000248 seconds
36.461: [GC (Allocation Failure)  81565K->637K(422912K), 0.0004452 secs]
36.461: Total time for which application threads were stopped: 0.0005640 seconds, Stopping threads took: 0.0000191 seconds
36.514: [GC (Allocation Failure)  79997K->605K(421888K), 0.0005098 secs]
36.514: Total time for which application threads were stopped: 0.0006365 seconds, Stopping threads took: 0.0000277 seconds
36.563: [GC (Allocation Failure)  78941K->733K(420864K), 0.0004706 secs]
36.563: Total time for which application threads were stopped: 0.0006146 seconds, Stopping threads took: 0.0000275 seconds
36.611: [GC (Allocation Failure)  78045K->701K(419840K), 0.0004724 secs]
36.611: Total time for which application threads were stopped: 0.0005902 seconds, Stopping threads took: 0.0000188 seconds
36.661: [GC (Allocation Failure)  76989K->637K(418816K), 0.0004855 secs]
36.662: Total time for which application threads were stopped: 0.0006198 seconds, Stopping threads took: 0.0000198 seconds
36.708: [GC (Allocation Failure)  75901K->701K(417792K), 0.0004710 secs]
36.709: Total time for which application threads were stopped: 0.0005986 seconds, Stopping threads took: 0.0000214 seconds
36.762: [GC (Allocation Failure)  74941K->733K(416768K), 0.0005018 secs]
36.762: Total time for which application threads were stopped: 0.0006242 seconds, Stopping threads took: 0.0000239 seconds
36.807: [GC (Allocation Failure)  73949K->669K(415744K), 0.0004810 secs]
36.808: Total time for which application threads were stopped: 0.0006044 seconds, Stopping threads took: 0.0000265 seconds
36.856: [GC (Allocation Failure)  72861K->605K(414720K), 0.0004721 secs]
36.857: Total time for which application threads were stopped: 0.0005983 seconds, Stopping threads took: 0.0000274 seconds
36.901: [GC (Allocation Failure)  71773K->637K(413696K), 0.0004033 secs]
36.902: Total time for which application threads were stopped: 0.0005257 seconds, Stopping threads took: 0.0000256 seconds
36.949: [GC (Allocation Failure)  70781K->701K(412672K), 0.0006811 secs]
36.950: Total time for which application threads were stopped: 0.0008030 seconds, Stopping threads took: 0.0000171 seconds
36.997: [GC (Allocation Failure)  69821K->669K(411648K), 0.0004822 secs]
36.998: Total time for which application threads were stopped: 0.0006038 seconds, Stopping threads took: 0.0000205 seconds
37.040: [GC (Allocation Failure)  68765K->701K(410624K), 0.0004275 secs]
37.040: Total time for which application threads were stopped: 0.0005431 seconds, Stopping threads took: 0.0000197 seconds
37.085: [GC (Allocation Failure)  67773K->637K(409600K), 0.0004309 secs]
37.085: Total time for which application threads were stopped: 0.0005275 seconds, Stopping threads took: 0.0000169 seconds
37.126: [GC (Allocation Failure)  66685K->637K(408576K), 0.0006066 secs]
37.127: Total time for which application threads were stopped: 0.0007275 seconds, Stopping threads took: 0.0000202 seconds
37.172: [GC (Allocation Failure)  65661K->605K(421888K), 0.0005627 secs]
37.173: Total time for which application threads were stopped: 0.0006843 seconds, Stopping threads took: 0.0000249 seconds
37.225: [GC (Allocation Failure)  78941K->637K(420864K), 0.0004622 secs]
37.226: Total time for which application threads were stopped: 0.0005838 seconds, Stopping threads took: 0.0000205 seconds
37.273: [GC (Allocation Failure)  77949K->605K(419840K), 0.0005363 secs]
37.274: Total time for which application threads were stopped: 0.0006618 seconds, Stopping threads took: 0.0000212 seconds
37.326: [GC (Allocation Failure)  76893K->637K(418816K), 0.0004822 secs]
37.327: Total time for which application threads were stopped: 0.0006176 seconds, Stopping threads took: 0.0000297 seconds
37.373: [GC (Allocation Failure)  75901K->637K(417792K), 0.0004543 secs]
37.374: Total time for which application threads were stopped: 0.0005800 seconds, Stopping threads took: 0.0000272 seconds
37.425: [GC (Allocation Failure)  74877K->669K(416768K), 0.0005056 secs]
37.426: Total time for which application threads were stopped: 0.0006327 seconds, Stopping threads took: 0.0000269 seconds
37.471: [GC (Allocation Failure)  73885K->669K(415744K), 0.0004408 secs]
37.472: Total time for which application threads were stopped: 0.0005575 seconds, Stopping threads took: 0.0000193 seconds
37.516: [GC (Allocation Failure)  72861K->669K(414720K), 0.0004143 secs]
37.517: Total time for which application threads were stopped: 0.0005239 seconds, Stopping threads took: 0.0000169 seconds
37.560: [GC (Allocation Failure)  71837K->669K(413696K), 0.0006007 secs]
37.561: Total time for which application threads were stopped: 0.0007281 seconds, Stopping threads took: 0.0000277 seconds
37.607: [GC (Allocation Failure)  70813K->669K(412672K), 0.0004368 secs]
37.607: Total time for which application threads were stopped: 0.0005597 seconds, Stopping threads took: 0.0000265 seconds
37.650: [GC (Allocation Failure)  69789K->637K(411648K), 0.0005280 secs]
37.651: Total time for which application threads were stopped: 0.0006480 seconds, Stopping threads took: 0.0000190 seconds
37.697: [GC (Allocation Failure)  68733K->669K(410624K), 0.0004716 secs]
37.698: Total time for which application threads were stopped: 0.0005987 seconds, Stopping threads took: 0.0000274 seconds
37.739: [GC (Allocation Failure)  67741K->669K(409600K), 0.0005648 secs]
37.740: Total time for which application threads were stopped: 0.0006917 seconds, Stopping threads took: 0.0000248 seconds
37.784: [GC (Allocation Failure)  66717K->701K(422912K), 0.0007123 secs]
37.785: Total time for which application threads were stopped: 0.0008402 seconds, Stopping threads took: 0.0000196 seconds
37.834: [GC (Allocation Failure)  80061K->637K(438784K), 0.0004789 secs]
37.835: Total time for which application threads were stopped: 0.0005980 seconds, Stopping threads took: 0.0000198 seconds
37.893: [GC (Allocation Failure)  95869K->637K(437248K), 0.0004481 secs]
37.894: Total time for which application threads were stopped: 0.0005672 seconds, Stopping threads took: 0.0000190 seconds
37.954: [GC (Allocation Failure)  94333K->669K(435712K), 0.0005586 secs]
37.955: Total time for which application threads were stopped: 0.0007128 seconds, Stopping threads took: 0.0000202 seconds
38.018: [GC (Allocation Failure)  92829K->669K(434176K), 0.0004639 secs]
38.019: Total time for which application threads were stopped: 0.0005875 seconds, Stopping threads took: 0.0000272 seconds
38.075: [GC (Allocation Failure)  91293K->669K(432640K), 0.0004838 secs]
38.075: Total time for which application threads were stopped: 0.0006022 seconds, Stopping threads took: 0.0000194 seconds
38.136: [GC (Allocation Failure)  89757K->637K(431104K), 0.0004764 secs]
38.137: Total time for which application threads were stopped: 0.0005967 seconds, Stopping threads took: 0.0000196 seconds
38.191: [GC (Allocation Failure)  88189K->669K(429568K), 0.0006005 secs]
38.191: Total time for which application threads were stopped: 0.0007300 seconds, Stopping threads took: 0.0000284 seconds
38.244: [GC (Allocation Failure)  86685K->637K(428032K), 0.0004985 secs]
38.245: Total time for which application threads were stopped: 0.0006264 seconds, Stopping threads took: 0.0000275 seconds
38.297: [GC (Allocation Failure)  85117K->701K(426496K), 0.0005350 secs]
38.297: Total time for which application threads were stopped: 0.0006613 seconds, Stopping threads took: 0.0000204 seconds
38.348: [GC (Allocation Failure)  83645K->701K(424960K), 0.0004711 secs]
38.349: Total time for which application threads were stopped: 0.0005940 seconds, Stopping threads took: 0.0000209 seconds
38.403: [GC (Allocation Failure)  82109K->637K(423424K), 0.0003688 secs]
38.404: Total time for which application threads were stopped: 0.0004831 seconds, Stopping threads took: 0.0000248 seconds
38.454: [GC (Allocation Failure)  80509K->637K(422400K), 0.0004200 secs]
38.454: Total time for which application threads were stopped: 0.0005288 seconds, Stopping threads took: 0.0000177 seconds
38.508: [GC (Allocation Failure)  79485K->701K(421376K), 0.0004501 secs]
38.508: Total time for which application threads were stopped: 0.0005612 seconds, Stopping threads took: 0.0000171 seconds
38.556: [GC (Allocation Failure)  78525K->605K(420352K), 0.0004563 secs]
38.557: Total time for which application threads were stopped: 0.0005754 seconds, Stopping threads took: 0.0000199 seconds
38.604: [GC (Allocation Failure)  77405K->605K(419328K), 0.0004837 secs]
38.605: Total time for which application threads were stopped: 0.0006106 seconds, Stopping threads took: 0.0000200 seconds
38.652: [GC (Allocation Failure)  76381K->669K(418304K), 0.0005818 secs]
38.653: Total time for which application threads were stopped: 0.0007177 seconds, Stopping threads took: 0.0000216 seconds
38.703: [GC (Allocation Failure)  75421K->701K(417280K), 0.0004244 secs]
38.704: Total time for which application threads were stopped: 0.0005689 seconds, Stopping threads took: 0.0000283 seconds
38.756: [GC (Allocation Failure)  74429K->605K(416256K), 0.0007693 secs]
38.757: Total time for which application threads were stopped: 0.0009140 seconds, Stopping threads took: 0.0000343 seconds
38.802: [GC (Allocation Failure)  73309K->701K(415232K), 0.0004769 secs]
38.802: Total time for which application threads were stopped: 0.0005985 seconds, Stopping threads took: 0.0000199 seconds
38.850: [GC (Allocation Failure)  72381K->605K(414208K), 0.0004888 secs]
38.850: Total time for which application threads were stopped: 0.0006224 seconds, Stopping threads took: 0.0000205 seconds
38.900: [GC (Allocation Failure)  71261K->605K(413184K), 0.0004629 secs]
38.901: Total time for which application threads were stopped: 0.0005959 seconds, Stopping threads took: 0.0000191 seconds
38.943: [GC (Allocation Failure)  70237K->669K(412160K), 0.0005222 secs]
38.944: Total time for which application threads were stopped: 0.0006468 seconds, Stopping threads took: 0.0000272 seconds
38.986: [GC (Allocation Failure)  69277K->637K(411136K), 0.0004998 secs]
38.987: Total time for which application threads were stopped: 0.0006188 seconds, Stopping threads took: 0.0000191 seconds
39.029: [GC (Allocation Failure)  68221K->605K(410112K), 0.0004862 secs]
39.029: Total time for which application threads were stopped: 0.0006015 seconds, Stopping threads took: 0.0000191 seconds
39.070: [GC (Allocation Failure)  67165K->637K(409088K), 0.0005016 secs]
39.071: Total time for which application threads were stopped: 0.0006407 seconds, Stopping threads took: 0.0000195 seconds
39.117: [GC (Allocation Failure)  66173K->733K(408064K), 0.0005014 secs]
39.118: Total time for which application threads were stopped: 0.0006394 seconds, Stopping threads took: 0.0000217 seconds
39.158: [GC (Allocation Failure)  65245K->669K(421376K), 0.0006791 secs]
39.158: Total time for which application threads were stopped: 0.0008253 seconds, Stopping threads took: 0.0000300 seconds
39.206: [GC (Allocation Failure)  78493K->701K(437248K), 0.0005116 secs]
39.207: Total time for which application threads were stopped: 0.0006460 seconds, Stopping threads took: 0.0000206 seconds
39.265: [GC (Allocation Failure)  94397K->669K(435712K), 0.0005718 secs]
39.265: Total time for which application threads were stopped: 0.0007110 seconds, Stopping threads took: 0.0000223 seconds
39.322: [GC (Allocation Failure)  92829K->669K(434176K), 0.0004956 secs]
39.323: Total time for which application threads were stopped: 0.0006291 seconds, Stopping threads took: 0.0000280 seconds
39.383: [GC (Allocation Failure)  91293K->637K(432640K), 0.0004923 secs]
39.383: Total time for which application threads were stopped: 0.0006203 seconds, Stopping threads took: 0.0000202 seconds
39.445: [GC (Allocation Failure)  89725K->701K(431104K), 0.0007245 secs]
39.445: Total time for which application threads were stopped: 0.0008657 seconds, Stopping threads took: 0.0000223 seconds
39.499: [GC (Allocation Failure)  88253K->605K(429568K), 0.0004975 secs]
39.500: Total time for which application threads were stopped: 0.0006478 seconds, Stopping threads took: 0.0000287 seconds
39.558: [GC (Allocation Failure)  86621K->701K(428032K), 0.0005730 secs]
39.559: Total time for which application threads were stopped: 0.0006922 seconds, Stopping threads took: 0.0000199 seconds
39.611: [GC (Allocation Failure)  85181K->637K(426496K), 0.0005412 secs]
39.612: Total time for which application threads were stopped: 0.0006597 seconds, Stopping threads took: 0.0000193 seconds
39.663: [GC (Allocation Failure)  83581K->669K(424960K), 0.0006174 secs]
39.664: Total time for which application threads were stopped: 0.0007656 seconds, Stopping threads took: 0.0000227 seconds
39.719: [GC (Allocation Failure)  82077K->637K(423424K), 0.0005315 secs]
39.719: Total time for which application threads were stopped: 0.0006796 seconds, Stopping threads took: 0.0000281 seconds
39.769: [GC (Allocation Failure)  80509K->637K(422400K), 0.0004770 secs]
39.770: Total time for which application threads were stopped: 0.0005959 seconds, Stopping threads took: 0.0000247 seconds
39.823: [GC (Allocation Failure)  79485K->669K(421376K), 0.0006427 secs]
39.823: Total time for which application threads were stopped: 0.0007633 seconds, Stopping threads took: 0.0000194 seconds
39.871: [GC (Allocation Failure)  78493K->637K(420352K), 0.0005431 secs]
39.872: Total time for which application threads were stopped: 0.0006688 seconds, Stopping threads took: 0.0000221 seconds
39.926: [GC (Allocation Failure)  77437K->637K(419328K), 0.0005329 secs]
39.926: Total time for which application threads were stopped: 0.0006577 seconds, Stopping threads took: 0.0000277 seconds
39.978: [GC (Allocation Failure)  76413K->637K(418304K), 0.0005510 secs]
39.979: Total time for which application threads were stopped: 0.0006965 seconds, Stopping threads took: 0.0000171 seconds
40.025: [GC (Allocation Failure)  75389K->637K(417280K), 0.0004835 secs]
40.026: Total time for which application threads were stopped: 0.0006109 seconds, Stopping threads took: 0.0000277 seconds
40.071: [GC (Allocation Failure)  74365K->701K(416256K), 0.0005043 secs]
40.072: Total time for which application threads were stopped: 0.0006443 seconds, Stopping threads took: 0.0000391 seconds
40.117: [GC (Allocation Failure)  73405K->637K(415232K), 0.0006542 secs]
40.117: Total time for which application threads were stopped: 0.0007753 seconds, Stopping threads took: 0.0000195 seconds
40.162: [GC (Allocation Failure)  72317K->701K(414208K), 0.0005024 secs]
40.162: Total time for which application threads were stopped: 0.0006442 seconds, Stopping threads took: 0.0000291 seconds
40.206: [GC (Allocation Failure)  71357K->637K(413184K), 0.0004707 secs]
40.206: Total time for which application threads were stopped: 0.0006057 seconds, Stopping threads took: 0.0000349 seconds
40.249: [GC (Allocation Failure)  70269K->669K(427520K), 0.0005987 secs]
40.250: Total time for which application threads were stopped: 0.0007322 seconds, Stopping threads took: 0.0000197 seconds
40.307: [GC (Allocation Failure)  84637K->669K(425984K), 0.0006137 secs]
40.308: Total time for which application threads were stopped: 0.0007856 seconds, Stopping threads took: 0.0000202 seconds
40.365: [GC (Allocation Failure)  83101K->637K(424448K), 0.0005839 secs]
40.365: Total time for which application threads were stopped: 0.0007433 seconds, Stopping threads took: 0.0000230 seconds
40.416: [GC (Allocation Failure)  81533K->637K(422912K), 0.0006315 secs]
40.416: Total time for which application threads were stopped: 0.0007789 seconds, Stopping threads took: 0.0000272 seconds
40.465: [GC (Allocation Failure)  79997K->669K(421888K), 0.0005527 secs]
40.466: Total time for which application threads were stopped: 0.0006870 seconds, Stopping threads took: 0.0000212 seconds
40.514: [GC (Allocation Failure)  79005K->573K(420864K), 0.0004907 secs]
40.515: Total time for which application threads were stopped: 0.0006243 seconds, Stopping threads took: 0.0000206 seconds
40.566: [GC (Allocation Failure)  77885K->637K(419840K), 0.0004434 secs]
40.567: Total time for which application threads were stopped: 0.0005635 seconds, Stopping threads took: 0.0000209 seconds
40.620: [GC (Allocation Failure)  76925K->637K(418816K), 0.0004820 secs]
40.621: Total time for which application threads were stopped: 0.0006204 seconds, Stopping threads took: 0.0000394 seconds
40.667: [GC (Allocation Failure)  75901K->669K(417792K), 0.0006989 secs]
40.668: Total time for which application threads were stopped: 0.0008187 seconds, Stopping threads took: 0.0000197 seconds
40.718: [GC (Allocation Failure)  74909K->637K(416768K), 0.0004862 secs]
40.718: Total time for which application threads were stopped: 0.0006094 seconds, Stopping threads took: 0.0000212 seconds
40.772: [GC (Allocation Failure)  73853K->637K(415744K), 0.0005238 secs]
40.772: Total time for which application threads were stopped: 0.0006302 seconds, Stopping threads took: 0.0000246 seconds
40.817: [GC (Allocation Failure)  72829K->701K(414720K), 0.0005528 secs]
40.817: Total time for which application threads were stopped: 0.0006615 seconds, Stopping threads took: 0.0000163 seconds
40.861: [GC (Allocation Failure)  71869K->669K(413696K), 0.0004433 secs]
40.862: Total time for which application threads were stopped: 0.0005719 seconds, Stopping threads took: 0.0000278 seconds
40.906: [GC (Allocation Failure)  70813K->701K(412672K), 0.0005278 secs]
40.906: Total time for which application threads were stopped: 0.0006732 seconds, Stopping threads took: 0.0000278 seconds
40.954: [GC (Allocation Failure)  69821K->637K(411648K), 0.0004595 secs]
40.954: Total time for which application threads were stopped: 0.0005854 seconds, Stopping threads took: 0.0000168 seconds
40.996: [GC (Allocation Failure)  68733K->637K(425472K), 0.0006685 secs]
40.997: Total time for which application threads were stopped: 0.0007956 seconds, Stopping threads took: 0.0000218 seconds
41.047: [GC (Allocation Failure)  82557K->637K(423936K), 0.0004714 secs]
41.048: Total time for which application threads were stopped: 0.0005909 seconds, Stopping threads took: 0.0000196 seconds
41.097: [GC (Allocation Failure)  81021K->669K(422400K), 0.0005937 secs]
41.098: Total time for which application threads were stopped: 0.0007272 seconds, Stopping threads took: 0.0000211 seconds
41.147: [GC (Allocation Failure)  79517K->637K(421376K), 0.0004737 secs]
41.147: Total time for which application threads were stopped: 0.0005999 seconds, Stopping threads took: 0.0000277 seconds
41.195: [GC (Allocation Failure)  78461K->669K(420352K), 0.0004591 secs]
41.195: Total time for which application threads were stopped: 0.0005768 seconds, Stopping threads took: 0.0000199 seconds
41.249: [GC (Allocation Failure)  77469K->605K(419328K), 0.0003975 secs]
41.249: Total time for which application threads were stopped: 0.0005059 seconds, Stopping threads took: 0.0000171 seconds
41.301: [GC (Allocation Failure)  76381K->637K(418304K), 0.0005639 secs]
41.302: Total time for which application threads were stopped: 0.0006919 seconds, Stopping threads took: 0.0000271 seconds
41.353: [GC (Allocation Failure)  75389K->669K(417280K), 0.0004887 secs]
41.354: Total time for which application threads were stopped: 0.0006088 seconds, Stopping threads took: 0.0000197 seconds
41.400: [GC (Allocation Failure)  74397K->637K(416256K), 0.0004407 secs]
41.400: Total time for which application threads were stopped: 0.0005612 seconds, Stopping threads took: 0.0000255 seconds
41.445: [GC (Allocation Failure)  73341K->605K(415232K), 0.0005142 secs]
41.446: Total time for which application threads were stopped: 0.0006532 seconds, Stopping threads took: 0.0000207 seconds
41.490: [GC (Allocation Failure)  72285K->637K(414208K), 0.0004992 secs]
41.491: Total time for which application threads were stopped: 0.0006329 seconds, Stopping threads took: 0.0000226 seconds
41.542: [GC (Allocation Failure)  71293K->637K(413184K), 0.0005654 secs]
41.542: Total time for which application threads were stopped: 0.0007090 seconds, Stopping threads took: 0.0000284 seconds
41.585: [GC (Allocation Failure)  70269K->701K(412160K), 0.0006442 secs]
41.586: Total time for which application threads were stopped: 0.0007888 seconds, Stopping threads took: 0.0000215 seconds
41.633: [GC (Allocation Failure)  69309K->669K(411136K), 0.0005545 secs]
41.634: Total time for which application threads were stopped: 0.0006880 seconds, Stopping threads took: 0.0000209 seconds
41.676: [GC (Allocation Failure)  68253K->701K(424960K), 0.0005596 secs]
41.677: Total time for which application threads were stopped: 0.0006996 seconds, Stopping threads took: 0.0000209 seconds
41.727: [GC (Allocation Failure)  82109K->669K(423424K), 0.0005133 secs]
41.728: Total time for which application threads were stopped: 0.0006529 seconds, Stopping threads took: 0.0000308 seconds
41.778: [GC (Allocation Failure)  80541K->701K(422400K), 0.0005972 secs]
41.779: Total time for which application threads were stopped: 0.0007098 seconds, Stopping threads took: 0.0000173 seconds
41.828: [GC (Allocation Failure)  79549K->605K(438272K), 0.0006477 secs]
41.828: Total time for which application threads were stopped: 0.0007786 seconds, Stopping threads took: 0.0000202 seconds
41.892: [GC (Allocation Failure)  95325K->669K(436736K), 0.0006295 secs]
41.893: Total time for which application threads were stopped: 0.0007685 seconds, Stopping threads took: 0.0000219 seconds
41.951: [GC (Allocation Failure)  93853K->637K(435200K), 0.0005838 secs]
41.951: Total time for which application threads were stopped: 0.0007273 seconds, Stopping threads took: 0.0000280 seconds
42.008: [GC (Allocation Failure)  92285K->605K(433664K), 0.0005660 secs]
42.009: Total time for which application threads were stopped: 0.0007032 seconds, Stopping threads took: 0.0000267 seconds
42.068: [GC (Allocation Failure)  90717K->669K(432128K), 0.0003800 secs]
42.068: Total time for which application threads were stopped: 0.0004818 seconds, Stopping threads took: 0.0000169 seconds
42.122: [GC (Allocation Failure)  89245K->637K(430592K), 0.0004756 secs]
42.123: Total time for which application threads were stopped: 0.0005964 seconds, Stopping threads took: 0.0000189 seconds
42.177: [GC (Allocation Failure)  87677K->701K(429056K), 0.0005046 secs]
42.178: Total time for which application threads were stopped: 0.0006239 seconds, Stopping threads took: 0.0000194 seconds
42.231: [GC (Allocation Failure)  86205K->669K(427520K), 0.0006593 secs]
42.231: Total time for which application threads were stopped: 0.0007756 seconds, Stopping threads took: 0.0000198 seconds
42.283: [GC (Allocation Failure)  84637K->669K(425984K), 0.0004706 secs]
42.284: Total time for which application threads were stopped: 0.0006016 seconds, Stopping threads took: 0.0000199 seconds
42.334: [GC (Allocation Failure)  83101K->605K(424448K), 0.0006042 secs]
42.335: Total time for which application threads were stopped: 0.0007262 seconds, Stopping threads took: 0.0000275 seconds
42.385: [GC (Allocation Failure)  81501K->701K(422912K), 0.0004793 secs]
42.385: Total time for which application threads were stopped: 0.0005975 seconds, Stopping threads took: 0.0000192 seconds
42.436: [GC (Allocation Failure)  80061K->605K(421888K), 0.0004250 secs]
42.436: Total time for which application threads were stopped: 0.0005716 seconds, Stopping threads took: 0.0000286 seconds
42.488: [GC (Allocation Failure)  78941K->701K(420864K), 0.0005311 secs]
42.489: Total time for which application threads were stopped: 0.0006698 seconds, Stopping threads took: 0.0000270 seconds
42.537: [GC (Allocation Failure)  78013K->669K(419840K), 0.0005208 secs]
42.537: Total time for which application threads were stopped: 0.0006603 seconds, Stopping threads took: 0.0000228 seconds
42.584: [GC (Allocation Failure)  76957K->637K(418816K), 0.0005123 secs]
42.585: Total time for which application threads were stopped: 0.0006503 seconds, Stopping threads took: 0.0000221 seconds
42.631: [GC (Allocation Failure)  75901K->637K(417792K), 0.0006635 secs]
42.632: Total time for which application threads were stopped: 0.0008045 seconds, Stopping threads took: 0.0000294 seconds
42.683: [GC (Allocation Failure)  74877K->637K(416768K), 0.0005062 secs]
42.684: Total time for which application threads were stopped: 0.0006491 seconds, Stopping threads took: 0.0000210 seconds
42.730: [GC (Allocation Failure)  73853K->669K(415744K), 0.0004976 secs]
42.731: Total time for which application threads were stopped: 0.0006376 seconds, Stopping threads took: 0.0000218 seconds
42.776: [GC (Allocation Failure)  72861K->637K(414720K), 0.0004811 secs]
42.777: Total time for which application threads were stopped: 0.0006091 seconds, Stopping threads took: 0.0000276 seconds
42.826: [GC (Allocation Failure)  71805K->669K(413696K), 0.0004005 secs]
42.826: Total time for which application threads were stopped: 0.0005052 seconds, Stopping threads took: 0.0000167 seconds
42.870: [GC (Allocation Failure)  70813K->701K(412672K), 0.0004680 secs]
42.870: Total time for which application threads were stopped: 0.0005945 seconds, Stopping threads took: 0.0000266 seconds
42.914: [GC (Allocation Failure)  69821K->669K(411648K), 0.0004822 secs]
42.914: Total time for which application threads were stopped: 0.0006008 seconds, Stopping threads took: 0.0000192 seconds
42.956: [GC (Allocation Failure)  68765K->637K(410624K), 0.0005762 secs]
42.957: Total time for which application threads were stopped: 0.0007240 seconds, Stopping threads took: 0.0000288 seconds
42.998: [GC (Allocation Failure)  67709K->701K(409600K), 0.0004981 secs]
42.999: Total time for which application threads were stopped: 0.0006426 seconds, Stopping threads took: 0.0000219 seconds
43.044: [GC (Allocation Failure)  66749K->669K(408576K), 0.0005133 secs]
43.045: Total time for which application threads were stopped: 0.0006597 seconds, Stopping threads took: 0.0000294 seconds
43.091: [GC (Allocation Failure)  65693K->605K(421888K), 0.0007128 secs]
43.092: Total time for which application threads were stopped: 0.0008589 seconds, Stopping threads took: 0.0000301 seconds
43.140: [GC (Allocation Failure)  78941K->669K(437760K), 0.0005441 secs]
43.141: Total time for which application threads were stopped: 0.0007222 seconds, Stopping threads took: 0.0000302 seconds
43.199: [GC (Allocation Failure)  94877K->669K(456704K), 0.0006956 secs]
43.199: Total time for which application threads were stopped: 0.0008362 seconds, Stopping threads took: 0.0000231 seconds
43.269: [GC (Allocation Failure)  113821K->637K(454144K), 0.0005065 secs]
43.269: Total time for which application threads were stopped: 0.0006274 seconds, Stopping threads took: 0.0000202 seconds
43.337: [GC (Allocation Failure)  111229K->605K(452096K), 0.0005718 secs]
43.338: Total time for which application threads were stopped: 0.0007020 seconds, Stopping threads took: 0.0000197 seconds
43.410: [GC (Allocation Failure)  109149K->701K(450048K), 0.0004890 secs]
43.410: Total time for which application threads were stopped: 0.0006101 seconds, Stopping threads took: 0.0000201 seconds
43.476: [GC (Allocation Failure)  107197K->637K(448000K), 0.0004858 secs]
43.476: Total time for which application threads were stopped: 0.0006138 seconds, Stopping threads took: 0.0000277 seconds
43.540: [GC (Allocation Failure)  105085K->637K(445952K), 0.0005129 secs]
43.541: Total time for which application threads were stopped: 0.0006609 seconds, Stopping threads took: 0.0000288 seconds
43.610: [GC (Allocation Failure)  103037K->669K(443904K), 0.0005008 secs]
43.610: Total time for which application threads were stopped: 0.0006325 seconds, Stopping threads took: 0.0000211 seconds
43.672: [GC (Allocation Failure)  101021K->637K(441856K), 0.0004994 secs]
43.673: Total time for which application threads were stopped: 0.0006253 seconds, Stopping threads took: 0.0000212 seconds
43.733: [GC (Allocation Failure)  98941K->637K(439808K), 0.0005270 secs]
43.734: Total time for which application threads were stopped: 0.0006639 seconds, Stopping threads took: 0.0000199 seconds
43.794: [GC (Allocation Failure)  96893K->637K(437760K), 0.0005098 secs]
43.794: Total time for which application threads were stopped: 0.0006389 seconds, Stopping threads took: 0.0000274 seconds
43.852: [GC (Allocation Failure)  94845K->669K(436224K), 0.0004707 secs]
43.853: Total time for which application threads were stopped: 0.0005893 seconds, Stopping threads took: 0.0000196 seconds
43.916: [GC (Allocation Failure)  93341K->637K(434688K), 0.0004672 secs]
43.917: Total time for which application threads were stopped: 0.0005872 seconds, Stopping threads took: 0.0000264 seconds
43.973: [GC (Allocation Failure)  91773K->701K(433152K), 0.0004834 secs]
43.974: Total time for which application threads were stopped: 0.0006094 seconds, Stopping threads took: 0.0000260 seconds
44.029: [GC (Allocation Failure)  90301K->669K(431616K), 0.0005085 secs]
44.030: Total time for which application threads were stopped: 0.0006399 seconds, Stopping threads took: 0.0000203 seconds
44.084: [GC (Allocation Failure)  88733K->605K(430080K), 0.0006915 secs]
44.085: Total time for which application threads were stopped: 0.0008267 seconds, Stopping threads took: 0.0000219 seconds
44.138: [GC (Allocation Failure)  87133K->637K(428544K), 0.0004992 secs]
44.139: Total time for which application threads were stopped: 0.0006512 seconds, Stopping threads took: 0.0000216 seconds
44.192: [GC (Allocation Failure)  85629K->605K(427008K), 0.0004657 secs]
44.192: Total time for which application threads were stopped: 0.0005892 seconds, Stopping threads took: 0.0000216 seconds
44.249: [GC (Allocation Failure)  84061K->701K(425472K), 0.0006958 secs]
44.250: Total time for which application threads were stopped: 0.0008124 seconds, Stopping threads took: 0.0000195 seconds
44.308: [GC (Allocation Failure)  82621K->605K(423936K), 0.0005873 secs]
44.309: Total time for which application threads were stopped: 0.0007078 seconds, Stopping threads took: 0.0000169 seconds
44.358: [GC (Allocation Failure)  80989K->637K(422400K), 0.0006688 secs]
44.359: Total time for which application threads were stopped: 0.0007934 seconds, Stopping threads took: 0.0000198 seconds
44.411: [GC (Allocation Failure)  79485K->637K(421376K), 0.0005435 secs]
44.412: Total time for which application threads were stopped: 0.0006864 seconds, Stopping threads took: 0.0000201 seconds
44.460: [GC (Allocation Failure)  78461K->669K(437248K), 0.0006821 secs]
44.461: Total time for which application threads were stopped: 0.0008087 seconds, Stopping threads took: 0.0000202 seconds
44.519: [GC (Allocation Failure)  94365K->637K(435712K), 0.0005981 secs]
44.520: Total time for which application threads were stopped: 0.0007577 seconds, Stopping threads took: 0.0000197 seconds
44.582: [GC (Allocation Failure)  92797K->701K(434176K), 0.0006521 secs]
44.583: Total time for which application threads were stopped: 0.0007931 seconds, Stopping threads took: 0.0000222 seconds
44.644: [GC (Allocation Failure)  91325K->733K(432640K), 0.0004953 secs]
44.644: Total time for which application threads were stopped: 0.0006480 seconds, Stopping threads took: 0.0000300 seconds
44.699: [GC (Allocation Failure)  89821K->669K(431104K), 0.0004347 secs]
44.700: Total time for which application threads were stopped: 0.0005824 seconds, Stopping threads took: 0.0000463 seconds
44.761: [GC (Allocation Failure)  88221K->637K(429568K), 0.0004904 secs]
44.761: Total time for which application threads were stopped: 0.0006138 seconds, Stopping threads took: 0.0000138 seconds
44.819: [GC (Allocation Failure)  86653K->637K(428032K), 0.0004924 secs]
44.820: Total time for which application threads were stopped: 0.0006240 seconds, Stopping threads took: 0.0000200 seconds
44.876: [GC (Allocation Failure)  85117K->669K(426496K), 0.0005394 secs]
44.876: Total time for which application threads were stopped: 0.0006821 seconds, Stopping threads took: 0.0000210 seconds
44.928: [GC (Allocation Failure)  83613K->701K(424960K), 0.0004963 secs]
44.929: Total time for which application threads were stopped: 0.0006208 seconds, Stopping threads took: 0.0000277 seconds
44.981: [GC (Allocation Failure)  82109K->637K(423424K), 0.0004660 secs]
44.982: Total time for which application threads were stopped: 0.0005748 seconds, Stopping threads took: 0.0000168 seconds
45.031: [GC (Allocation Failure)  80509K->701K(422400K), 0.0005157 secs]
45.032: Total time for which application threads were stopped: 0.0006579 seconds, Stopping threads took: 0.0000193 seconds
45.080: [GC (Allocation Failure)  79549K->669K(421376K), 0.0004801 secs]
45.081: Total time for which application threads were stopped: 0.0006153 seconds, Stopping threads took: 0.0000276 seconds
45.129: [GC (Allocation Failure)  78493K->637K(420352K), 0.0005245 secs]
45.129: Total time for which application threads were stopped: 0.0006788 seconds, Stopping threads took: 0.0000288 seconds
45.182: [GC (Allocation Failure)  77437K->669K(419328K), 0.0005507 secs]
45.183: Total time for which application threads were stopped: 0.0007027 seconds, Stopping threads took: 0.0000222 seconds
45.233: [GC (Allocation Failure)  76445K->637K(418304K), 0.0005014 secs]
45.234: Total time for which application threads were stopped: 0.0006420 seconds, Stopping threads took: 0.0000223 seconds
45.280: [GC (Allocation Failure)  75389K->669K(417280K), 0.0005718 secs]
45.280: Total time for which application threads were stopped: 0.0006960 seconds, Stopping threads took: 0.0000204 seconds
45.326: [GC (Allocation Failure)  74397K->733K(416256K), 0.0005648 secs]
45.326: Total time for which application threads were stopped: 0.0006876 seconds, Stopping threads took: 0.0000205 seconds
45.376: [GC (Allocation Failure)  73437K->637K(415232K), 0.0003978 secs]
45.376: Total time for which application threads were stopped: 0.0005064 seconds, Stopping threads took: 0.0000166 seconds
45.425: [GC (Allocation Failure)  72317K->669K(414208K), 0.0004212 secs]
45.426: Total time for which application threads were stopped: 0.0005644 seconds, Stopping threads took: 0.0000280 seconds
45.472: [GC (Allocation Failure)  71325K->733K(413184K), 0.0004823 secs]
45.473: Total time for which application threads were stopped: 0.0006081 seconds, Stopping threads took: 0.0000213 seconds
45.516: [GC (Allocation Failure)  70365K->669K(412160K), 0.0004958 secs]
45.516: Total time for which application threads were stopped: 0.0006204 seconds, Stopping threads took: 0.0000196 seconds
45.564: [GC (Allocation Failure)  69277K->637K(411136K), 0.0007188 secs]
45.565: Total time for which application threads were stopped: 0.0008404 seconds, Stopping threads took: 0.0000189 seconds
45.612: [GC (Allocation Failure)  68221K->669K(410112K), 0.0005015 secs]
45.612: Total time for which application threads were stopped: 0.0006200 seconds, Stopping threads took: 0.0000191 seconds
45.654: [GC (Allocation Failure)  67229K->669K(409088K), 0.0005030 secs]
45.654: Total time for which application threads were stopped: 0.0006294 seconds, Stopping threads took: 0.0000272 seconds
45.695: [GC (Allocation Failure)  66205K->637K(422400K), 0.0005145 secs]
45.695: Total time for which application threads were stopped: 0.0006496 seconds, Stopping threads took: 0.0000195 seconds
45.750: [GC (Allocation Failure)  79485K->669K(421376K), 0.0005376 secs]
45.751: Total time for which application threads were stopped: 0.0006636 seconds, Stopping threads took: 0.0000282 seconds
45.800: [GC (Allocation Failure)  78493K->637K(420352K), 0.0005664 secs]
45.801: Total time for which application threads were stopped: 0.0006674 seconds, Stopping threads took: 0.0000170 seconds
45.848: [GC (Allocation Failure)  77437K->701K(435712K), 0.0007540 secs]
45.849: Total time for which application threads were stopped: 0.0008733 seconds, Stopping threads took: 0.0000193 seconds
45.907: [GC (Allocation Failure)  92861K->637K(434176K), 0.0004677 secs]
45.907: Total time for which application threads were stopped: 0.0006120 seconds, Stopping threads took: 0.0000261 seconds
45.963: [GC (Allocation Failure)  91261K->669K(432640K), 0.0005239 secs]
45.964: Total time for which application threads were stopped: 0.0006890 seconds, Stopping threads took: 0.0000227 seconds
46.019: [GC (Allocation Failure)  89757K->637K(431104K), 0.0004492 secs]
46.019: Total time for which application threads were stopped: 0.0005741 seconds, Stopping threads took: 0.0000221 seconds
46.080: [GC (Allocation Failure)  88189K->637K(429568K), 0.0004545 secs]
46.081: Total time for which application threads were stopped: 0.0005819 seconds, Stopping threads took: 0.0000275 seconds
46.139: [GC (Allocation Failure)  86653K->605K(428032K), 0.0006547 secs]
46.140: Total time for which application threads were stopped: 0.0007705 seconds, Stopping threads took: 0.0000196 seconds
46.198: [GC (Allocation Failure)  85085K->637K(426496K), 0.0005578 secs]
46.199: Total time for which application threads were stopped: 0.0006759 seconds, Stopping threads took: 0.0000197 seconds
46.250: [GC (Allocation Failure)  83581K->637K(424960K), 0.0005222 secs]
46.250: Total time for which application threads were stopped: 0.0006378 seconds, Stopping threads took: 0.0000193 seconds
46.300: [GC (Allocation Failure)  82045K->701K(423424K), 0.0006432 secs]
46.301: Total time for which application threads were stopped: 0.0007629 seconds, Stopping threads took: 0.0000192 seconds
46.356: [GC (Allocation Failure)  80573K->637K(422400K), 0.0004789 secs]
46.357: Total time for which application threads were stopped: 0.0006072 seconds, Stopping threads took: 0.0000274 seconds
46.412: [GC (Allocation Failure)  79485K->637K(421376K), 0.0004345 secs]
46.412: Total time for which application threads were stopped: 0.0005598 seconds, Stopping threads took: 0.0000271 seconds
46.462: [GC (Allocation Failure)  78461K->605K(420352K), 0.0004283 secs]
46.462: Total time for which application threads were stopped: 0.0005525 seconds, Stopping threads took: 0.0000255 seconds
46.509: [GC (Allocation Failure)  77405K->637K(419328K), 0.0004904 secs]
46.510: Total time for which application threads were stopped: 0.0006293 seconds, Stopping threads took: 0.0000211 seconds
46.557: [GC (Allocation Failure)  76413K->637K(418304K), 0.0004858 secs]
46.557: Total time for which application threads were stopped: 0.0006283 seconds, Stopping threads took: 0.0000300 seconds
46.609: [GC (Allocation Failure)  75389K->637K(417280K), 0.0005240 secs]
46.610: Total time for which application threads were stopped: 0.0006337 seconds, Stopping threads took: 0.0000175 seconds
46.656: [GC (Allocation Failure)  74365K->669K(416256K), 0.0004933 secs]
46.656: Total time for which application threads were stopped: 0.0007614 seconds, Stopping threads took: 0.0000197 seconds
46.701: [GC (Allocation Failure)  73373K->669K(415232K), 0.0004655 secs]
46.701: Total time for which application threads were stopped: 0.0005906 seconds, Stopping threads took: 0.0000267 seconds
46.746: [GC (Allocation Failure)  72349K->701K(414208K), 0.0005278 secs]
46.746: Total time for which application threads were stopped: 0.0006531 seconds, Stopping threads took: 0.0000265 seconds
46.794: [GC (Allocation Failure)  71357K->701K(413184K), 0.0005534 secs]
46.794: Total time for which application threads were stopped: 0.0006923 seconds, Stopping threads took: 0.0000200 seconds
46.837: [GC (Allocation Failure)  70333K->637K(412160K), 0.0005267 secs]
46.838: Total time for which application threads were stopped: 0.0006743 seconds, Stopping threads took: 0.0000215 seconds
46.885: [GC (Allocation Failure)  69245K->701K(411136K), 0.0004438 secs]
46.886: Total time for which application threads were stopped: 0.0005603 seconds, Stopping threads took: 0.0000175 seconds
46.932: [GC (Allocation Failure)  68285K->669K(410112K), 0.0004786 secs]
46.933: Total time for which application threads were stopped: 0.0005966 seconds, Stopping threads took: 0.0000197 seconds
46.980: [GC (Allocation Failure)  67229K->701K(409088K), 0.0004864 secs]
46.980: Total time for which application threads were stopped: 0.0006155 seconds, Stopping threads took: 0.0000217 seconds
47.021: [GC (Allocation Failure)  66237K->669K(408064K), 0.0004667 secs]
47.021: Total time for which application threads were stopped: 0.0005854 seconds, Stopping threads took: 0.0000195 seconds
47.061: [GC (Allocation Failure)  65181K->669K(407040K), 0.0005012 secs]
47.062: Total time for which application threads were stopped: 0.0006198 seconds, Stopping threads took: 0.0000192 seconds
47.101: [GC (Allocation Failure)  64157K->669K(406016K), 0.0004859 secs]
47.101: Total time for which application threads were stopped: 0.0006050 seconds, Stopping threads took: 0.0000190 seconds
47.140: [GC (Allocation Failure)  63133K->637K(405504K), 0.0004767 secs]
47.141: Total time for which application threads were stopped: 0.0006053 seconds, Stopping threads took: 0.0000274 seconds
47.179: [GC (Allocation Failure)  62589K->637K(404992K), 0.0004192 secs]
47.179: Total time for which application threads were stopped: 0.0005353 seconds, Stopping threads took: 0.0000194 seconds
47.223: [GC (Allocation Failure)  62077K->637K(417280K), 0.0005968 secs]
47.224: Total time for which application threads were stopped: 0.0007008 seconds, Stopping threads took: 0.0000165 seconds
47.269: [GC (Allocation Failure)  74365K->637K(416256K), 0.0004582 secs]
47.270: Total time for which application threads were stopped: 0.0005631 seconds, Stopping threads took: 0.0000164 seconds
47.315: [GC (Allocation Failure)  73341K->733K(415232K), 0.0004386 secs]
47.315: Total time for which application threads were stopped: 0.0005489 seconds, Stopping threads took: 0.0000164 seconds
47.366: [GC (Allocation Failure)  72413K->669K(429568K), 0.0007605 secs]
47.367: Total time for which application threads were stopped: 0.0009042 seconds, Stopping threads took: 0.0000214 seconds
47.424: [GC (Allocation Failure)  86685K->701K(428032K), 0.0005064 secs]
47.424: Total time for which application threads were stopped: 0.0006447 seconds, Stopping threads took: 0.0000266 seconds
47.479: [GC (Allocation Failure)  85181K->637K(426496K), 0.0005029 secs]
47.480: Total time for which application threads were stopped: 0.0006547 seconds, Stopping threads took: 0.0000303 seconds
47.535: [GC (Allocation Failure)  83581K->637K(424960K), 0.0005983 secs]
47.535: Total time for which application threads were stopped: 0.0007399 seconds, Stopping threads took: 0.0000233 seconds
47.586: [GC (Allocation Failure)  82045K->669K(423424K), 0.0005044 secs]
47.586: Total time for which application threads were stopped: 0.0006345 seconds, Stopping threads took: 0.0000234 seconds
47.641: [GC (Allocation Failure)  80541K->669K(422400K), 0.0004621 secs]
47.642: Total time for which application threads were stopped: 0.0005896 seconds, Stopping threads took: 0.0000279 seconds
47.690: [GC (Allocation Failure)  79517K->669K(421376K), 0.0004844 secs]
47.691: Total time for which application threads were stopped: 0.0006086 seconds, Stopping threads took: 0.0000275 seconds
47.739: [GC (Allocation Failure)  78493K->669K(420352K), 0.0004635 secs]
47.739: Total time for which application threads were stopped: 0.0005766 seconds, Stopping threads took: 0.0000224 seconds
47.789: [GC (Allocation Failure)  77469K->605K(419328K), 0.0006255 secs]
47.790: Total time for which application threads were stopped: 0.0007608 seconds, Stopping threads took: 0.0000277 seconds
47.837: [GC (Allocation Failure)  76381K->637K(418304K), 0.0005408 secs]
47.837: Total time for which application threads were stopped: 0.0006672 seconds, Stopping threads took: 0.0000215 seconds
47.883: [GC (Allocation Failure)  75389K->637K(417280K), 0.0005176 secs]
47.884: Total time for which application threads were stopped: 0.0006321 seconds, Stopping threads took: 0.0000190 seconds
47.937: [GC (Allocation Failure)  74365K->701K(416256K), 0.0004238 secs]
47.937: Total time for which application threads were stopped: 0.0005481 seconds, Stopping threads took: 0.0000259 seconds
47.988: [GC (Allocation Failure)  73405K->669K(415232K), 0.0004644 secs]
47.988: Total time for which application threads were stopped: 0.0005847 seconds, Stopping threads took: 0.0000196 seconds
48.033: [GC (Allocation Failure)  72349K->605K(414208K), 0.0005831 secs]
48.033: Total time for which application threads were stopped: 0.0007249 seconds, Stopping threads took: 0.0000291 seconds
48.082: [GC (Allocation Failure)  71261K->637K(413184K), 0.0006216 secs]
48.083: Total time for which application threads were stopped: 0.0007741 seconds, Stopping threads took: 0.0000298 seconds
48.129: [GC (Allocation Failure)  70269K->637K(412160K), 0.0006191 secs]
48.130: Total time for which application threads were stopped: 0.0007798 seconds, Stopping threads took: 0.0000301 seconds
48.178: [GC (Allocation Failure)  69245K->733K(411136K), 0.0005213 secs]
48.179: Total time for which application threads were stopped: 0.0006807 seconds, Stopping threads took: 0.0000292 seconds
48.226: [GC (Allocation Failure)  68317K->669K(410112K), 0.0005065 secs]
48.226: Total time for which application threads were stopped: 0.0006433 seconds, Stopping threads took: 0.0000308 seconds
48.271: [GC (Allocation Failure)  67229K->637K(423424K), 0.0005836 secs]
48.271: Total time for which application threads were stopped: 0.0007085 seconds, Stopping threads took: 0.0000172 seconds
48.324: [GC (Allocation Failure)  80509K->669K(422400K), 0.0004281 secs]
48.324: Total time for which application threads were stopped: 0.0005497 seconds, Stopping threads took: 0.0000210 seconds
48.379: [GC (Allocation Failure)  79517K->605K(421376K), 0.0005134 secs]
48.379: Total time for which application threads were stopped: 0.0006312 seconds, Stopping threads took: 0.0000195 seconds
48.428: [GC (Allocation Failure)  78429K->669K(420352K), 0.0004161 secs]
48.428: Total time for which application threads were stopped: 0.0005361 seconds, Stopping threads took: 0.0000198 seconds
48.475: [GC (Allocation Failure)  77469K->701K(419328K), 0.0006365 secs]
48.476: Total time for which application threads were stopped: 0.0007577 seconds, Stopping threads took: 0.0000201 seconds
48.529: [GC (Allocation Failure)  76477K->669K(418304K), 0.0005774 secs]
48.530: Total time for which application threads were stopped: 0.0007058 seconds, Stopping threads took: 0.0000277 seconds
48.581: [GC (Allocation Failure)  75421K->637K(417280K), 0.0004752 secs]
48.581: Total time for which application threads were stopped: 0.0006024 seconds, Stopping threads took: 0.0000272 seconds
48.627: [GC (Allocation Failure)  74365K->637K(416256K), 0.0005223 secs]
48.627: Total time for which application threads were stopped: 0.0006475 seconds, Stopping threads took: 0.0000268 seconds
48.672: [GC (Allocation Failure)  73341K->605K(431104K), 0.0007203 secs]
48.673: Total time for which application threads were stopped: 0.0008481 seconds, Stopping threads took: 0.0000197 seconds
48.726: [GC (Allocation Failure)  88157K->669K(429568K), 0.0004818 secs]
48.727: Total time for which application threads were stopped: 0.0006193 seconds, Stopping threads took: 0.0000275 seconds
48.781: [GC (Allocation Failure)  86685K->701K(428032K), 0.0004610 secs]
48.781: Total time for which application threads were stopped: 0.0005875 seconds, Stopping threads took: 0.0000271 seconds
48.839: [GC (Allocation Failure)  85181K->637K(426496K), 0.0004741 secs]
48.839: Total time for which application threads were stopped: 0.0005941 seconds, Stopping threads took: 0.0000195 seconds
48.897: [GC (Allocation Failure)  83581K->637K(424960K), 0.0004958 secs]
48.898: Total time for which application threads were stopped: 0.0006132 seconds, Stopping threads took: 0.0000195 seconds
48.950: [GC (Allocation Failure)  82045K->669K(423424K), 0.0004024 secs]
48.951: Total time for which application threads were stopped: 0.0005255 seconds, Stopping threads took: 0.0000271 seconds
49.002: [GC (Allocation Failure)  80541K->701K(422400K), 0.0007028 secs]
49.003: Total time for which application threads were stopped: 0.0008283 seconds, Stopping threads took: 0.0000202 seconds
49.051: [GC (Allocation Failure)  79549K->669K(421376K), 0.0005484 secs]
49.052: Total time for which application threads were stopped: 0.0006861 seconds, Stopping threads took: 0.0000210 seconds
49.100: [GC (Allocation Failure)  78493K->669K(420352K), 0.0005475 secs]
49.100: Total time for which application threads were stopped: 0.0007038 seconds, Stopping threads took: 0.0000309 seconds
49.148: [GC (Allocation Failure)  77469K->701K(419328K), 0.0005791 secs]
49.148: Total time for which application threads were stopped: 0.0007385 seconds, Stopping threads took: 0.0000308 seconds
49.195: [GC (Allocation Failure)  76477K->733K(418304K), 0.0005177 secs]
49.196: Total time for which application threads were stopped: 0.0006701 seconds, Stopping threads took: 0.0000220 seconds
49.242: [GC (Allocation Failure)  75485K->669K(417280K), 0.0005261 secs]
49.242: Total time for which application threads were stopped: 0.0006793 seconds, Stopping threads took: 0.0000231 seconds
49.288: [GC (Allocation Failure)  74397K->637K(416256K), 0.0005355 secs]
49.288: Total time for which application threads were stopped: 0.0006876 seconds, Stopping threads took: 0.0000225 seconds
49.333: [GC (Allocation Failure)  73341K->669K(415232K), 0.0004692 secs]
49.334: Total time for which application threads were stopped: 0.0005997 seconds, Stopping threads took: 0.0000220 seconds
49.384: [GC (Allocation Failure)  72349K->637K(414208K), 0.0004234 secs]
49.384: Total time for which application threads were stopped: 0.0005286 seconds, Stopping threads took: 0.0000164 seconds
49.428: [GC (Allocation Failure)  71293K->637K(413184K), 0.0004395 secs]
49.429: Total time for which application threads were stopped: 0.0005477 seconds, Stopping threads took: 0.0000250 seconds
49.472: [GC (Allocation Failure)  70269K->669K(412160K), 0.0005762 secs]
49.473: Total time for which application threads were stopped: 0.0006790 seconds, Stopping threads took: 0.0000153 seconds
49.519: [GC (Allocation Failure)  69277K->669K(411136K), 0.0003983 secs]
49.519: Total time for which application threads were stopped: 0.0005084 seconds, Stopping threads took: 0.0000169 seconds
49.561: [GC (Allocation Failure)  68253K->605K(410112K), 0.0004791 secs]
49.562: Total time for which application threads were stopped: 0.0005865 seconds, Stopping threads took: 0.0000169 seconds
49.603: [GC (Allocation Failure)  67165K->573K(409088K), 0.0005798 secs]
49.604: Total time for which application threads were stopped: 0.0006997 seconds, Stopping threads took: 0.0000196 seconds
49.650: [GC (Allocation Failure)  66109K->605K(422400K), 0.0006410 secs]
49.651: Total time for which application threads were stopped: 0.0007688 seconds, Stopping threads took: 0.0000195 seconds
49.704: [GC (Allocation Failure)  79453K->669K(421376K), 0.0005376 secs]
49.704: Total time for which application threads were stopped: 0.0006570 seconds, Stopping threads took: 0.0000198 seconds
49.753: [GC (Allocation Failure)  78493K->669K(437248K), 0.0009338 secs]
49.754: Total time for which application threads were stopped: 0.0010569 seconds, Stopping threads took: 0.0000275 seconds
49.812: [GC (Allocation Failure)  94365K->669K(456192K), 0.0004541 secs]
49.812: Total time for which application threads were stopped: 0.0005809 seconds, Stopping threads took: 0.0000274 seconds
49.881: [GC (Allocation Failure)  113309K->637K(453632K), 0.0004915 secs]
49.882: Total time for which application threads were stopped: 0.0006093 seconds, Stopping threads took: 0.0000194 seconds
49.955: [GC (Allocation Failure)  110717K->637K(451584K), 0.0003882 secs]
49.955: Total time for which application threads were stopped: 0.0006146 seconds, Stopping threads took: 0.0000250 seconds
50.022: [GC (Allocation Failure)  108669K->637K(449536K), 0.0007789 secs]
50.023: Total time for which application threads were stopped: 0.0009004 seconds, Stopping threads took: 0.0000192 seconds
50.087: [GC (Allocation Failure)  106621K->669K(447488K), 0.0004846 secs]
50.088: Total time for which application threads were stopped: 0.0006007 seconds, Stopping threads took: 0.0000193 seconds
50.152: [GC (Allocation Failure)  104605K->637K(445440K), 0.0006558 secs]
50.152: Total time for which application threads were stopped: 0.0007830 seconds, Stopping threads took: 0.0000278 seconds
50.215: [GC (Allocation Failure)  102525K->605K(443392K), 0.0004776 secs]
50.215: Total time for which application threads were stopped: 0.0005952 seconds, Stopping threads took: 0.0000189 seconds
50.282: [GC (Allocation Failure)  100445K->669K(441344K), 0.0006384 secs]
50.283: Total time for which application threads were stopped: 0.0007477 seconds, Stopping threads took: 0.0000171 seconds
50.343: [GC (Allocation Failure)  98461K->669K(439296K), 0.0005256 secs]
50.344: Total time for which application threads were stopped: 0.0006732 seconds, Stopping threads took: 0.0000276 seconds
50.403: [GC (Allocation Failure)  96413K->637K(437760K), 0.0008339 secs]
50.404: Total time for which application threads were stopped: 0.0009848 seconds, Stopping threads took: 0.0000288 seconds
50.462: [GC (Allocation Failure)  94845K->669K(436224K), 0.0005359 secs]
50.462: Total time for which application threads were stopped: 0.0006790 seconds, Stopping threads took: 0.0000221 seconds
50.524: [GC (Allocation Failure)  93341K->701K(434688K), 0.0004756 secs]
50.525: Total time for which application threads were stopped: 0.0006184 seconds, Stopping threads took: 0.0000320 seconds
50.581: [GC (Allocation Failure)  91837K->733K(433152K), 0.0006034 secs]
50.581: Total time for which application threads were stopped: 0.0007426 seconds, Stopping threads took: 0.0000192 seconds
50.637: [GC (Allocation Failure)  90333K->669K(431616K), 0.0006632 secs]
50.637: Total time for which application threads were stopped: 0.0008249 seconds, Stopping threads took: 0.0000306 seconds
50.698: [GC (Allocation Failure)  88733K->637K(430080K), 0.0005344 secs]
50.698: Total time for which application threads were stopped: 0.0006740 seconds, Stopping threads took: 0.0000209 seconds
50.752: [GC (Allocation Failure)  87165K->669K(428544K), 0.0004696 secs]
50.752: Total time for which application threads were stopped: 0.0006005 seconds, Stopping threads took: 0.0000241 seconds
50.807: [GC (Allocation Failure)  85661K->669K(427008K), 0.0005518 secs]
50.808: Total time for which application threads were stopped: 0.0006694 seconds, Stopping threads took: 0.0000194 seconds
50.862: [GC (Allocation Failure)  84125K->669K(425472K), 0.0005037 secs]
50.863: Total time for which application threads were stopped: 0.0006342 seconds, Stopping threads took: 0.0000291 seconds
50.914: [GC (Allocation Failure)  82589K->637K(423936K), 0.0004351 secs]
50.914: Total time for which application threads were stopped: 0.0005540 seconds, Stopping threads took: 0.0000259 seconds
50.965: [GC (Allocation Failure)  81021K->701K(422400K), 0.0004852 secs]
50.965: Total time for which application threads were stopped: 0.0006161 seconds, Stopping threads took: 0.0000288 seconds
51.019: [GC (Allocation Failure)  79549K->637K(421376K), 0.0004957 secs]
51.020: Total time for which application threads were stopped: 0.0006327 seconds, Stopping threads took: 0.0000192 seconds
51.072: [GC (Allocation Failure)  78461K->605K(420352K), 0.0007442 secs]
51.073: Total time for which application threads were stopped: 0.0008892 seconds, Stopping threads took: 0.0000227 seconds
51.123: [GC (Allocation Failure)  77405K->669K(419328K), 0.0005043 secs]
51.123: Total time for which application threads were stopped: 0.0006467 seconds, Stopping threads took: 0.0000221 seconds
51.170: [GC (Allocation Failure)  76445K->733K(418304K), 0.0004720 secs]
51.170: Total time for which application threads were stopped: 0.0005989 seconds, Stopping threads took: 0.0000220 seconds
51.222: [GC (Allocation Failure)  75485K->701K(417280K), 0.0004660 secs]
51.223: Total time for which application threads were stopped: 0.0005813 seconds, Stopping threads took: 0.0000194 seconds
51.268: [GC (Allocation Failure)  74429K->669K(416256K), 0.0004724 secs]
51.269: Total time for which application threads were stopped: 0.0005882 seconds, Stopping threads took: 0.0000189 seconds
51.313: [GC (Allocation Failure)  73373K->669K(415232K), 0.0004784 secs]
51.314: Total time for which application threads were stopped: 0.0005969 seconds, Stopping threads took: 0.0000193 seconds
51.358: [GC (Allocation Failure)  72349K->669K(414208K), 0.0004668 secs]
51.359: Total time for which application threads were stopped: 0.0005916 seconds, Stopping threads took: 0.0000269 seconds
51.402: [GC (Allocation Failure)  71325K->701K(413184K), 0.0004832 secs]
51.403: Total time for which application threads were stopped: 0.0006035 seconds, Stopping threads took: 0.0000200 seconds
51.446: [GC (Allocation Failure)  70333K->669K(412160K), 0.0004583 secs]
51.446: Total time for which application threads were stopped: 0.0005765 seconds, Stopping threads took: 0.0000198 seconds
51.489: [GC (Allocation Failure)  69277K->605K(425984K), 0.0006610 secs]
51.490: Total time for which application threads were stopped: 0.0007958 seconds, Stopping threads took: 0.0000202 seconds
51.546: [GC (Allocation Failure)  83037K->701K(424448K), 0.0005162 secs]
51.547: Total time for which application threads were stopped: 0.0006555 seconds, Stopping threads took: 0.0000192 seconds
51.597: [GC (Allocation Failure)  81597K->669K(422912K), 0.0006013 secs]
51.597: Total time for which application threads were stopped: 0.0007405 seconds, Stopping threads took: 0.0000225 seconds
51.646: [GC (Allocation Failure)  80029K->637K(421888K), 0.0006077 secs]
51.647: Total time for which application threads were stopped: 0.0007471 seconds, Stopping threads took: 0.0000301 seconds
51.695: [GC (Allocation Failure)  78973K->637K(420864K), 0.0005133 secs]
51.696: Total time for which application threads were stopped: 0.0006428 seconds, Stopping threads took: 0.0000194 seconds
51.750: [GC (Allocation Failure)  77949K->669K(419840K), 0.0004982 secs]
51.751: Total time for which application threads were stopped: 0.0006285 seconds, Stopping threads took: 0.0000196 seconds
51.801: [GC (Allocation Failure)  76957K->669K(418816K), 0.0004877 secs]
51.801: Total time for which application threads were stopped: 0.0006167 seconds, Stopping threads took: 0.0000196 seconds
51.851: [GC (Allocation Failure)  75933K->637K(417792K), 0.0005287 secs]
51.852: Total time for which application threads were stopped: 0.0006732 seconds, Stopping threads took: 0.0000220 seconds
51.904: [GC (Allocation Failure)  74877K->669K(416768K), 0.0004690 secs]
51.905: Total time for which application threads were stopped: 0.0005965 seconds, Stopping threads took: 0.0000218 seconds
51.952: [GC (Allocation Failure)  73885K->637K(415744K), 0.0003951 secs]
51.952: Total time for which application threads were stopped: 0.0005109 seconds, Stopping threads took: 0.0000254 seconds
51.997: [GC (Allocation Failure)  72829K->733K(414720K), 0.0006467 secs]
51.997: Total time for which application threads were stopped: 0.0007632 seconds, Stopping threads took: 0.0000193 seconds
52.041: [GC (Allocation Failure)  71901K->637K(413696K), 0.0004615 secs]
52.041: Total time for which application threads were stopped: 0.0005848 seconds, Stopping threads took: 0.0000267 seconds
52.091: [GC (Allocation Failure)  70781K->669K(412672K), 0.0004665 secs]
52.091: Total time for which application threads were stopped: 0.0005904 seconds, Stopping threads took: 0.0000271 seconds
52.134: [GC (Allocation Failure)  69789K->605K(411648K), 0.0005824 secs]
52.135: Total time for which application threads were stopped: 0.0007045 seconds, Stopping threads took: 0.0000264 seconds
52.181: [GC (Allocation Failure)  68701K->637K(410624K), 0.0004671 secs]
52.181: Total time for which application threads were stopped: 0.0005859 seconds, Stopping threads took: 0.0000196 seconds
52.228: [GC (Allocation Failure)  67709K->637K(409600K), 0.0004405 secs]
52.228: Total time for which application threads were stopped: 0.0005641 seconds, Stopping threads took: 0.0000268 seconds
52.269: [GC (Allocation Failure)  66685K->637K(408576K), 0.0004744 secs]
52.270: Total time for which application threads were stopped: 0.0005944 seconds, Stopping threads took: 0.0000197 seconds
52.310: [GC (Allocation Failure)  65661K->605K(421888K), 0.0005888 secs]
52.310: Total time for which application threads were stopped: 0.0007118 seconds, Stopping threads took: 0.0000272 seconds
52.358: [GC (Allocation Failure)  78941K->637K(420864K), 0.0004718 secs]
52.359: Total time for which application threads were stopped: 0.0005943 seconds, Stopping threads took: 0.0000272 seconds
52.413: [GC (Allocation Failure)  77949K->637K(419840K), 0.0003906 secs]
52.413: Total time for which application threads were stopped: 0.0005086 seconds, Stopping threads took: 0.0000255 seconds
52.461: [GC (Allocation Failure)  76925K->733K(418816K), 0.0005553 secs]
52.462: Total time for which application threads were stopped: 0.0006754 seconds, Stopping threads took: 0.0000197 seconds
52.513: [GC (Allocation Failure)  75997K->669K(417792K), 0.0004679 secs]
52.514: Total time for which application threads were stopped: 0.0005951 seconds, Stopping threads took: 0.0000193 seconds
52.560: [GC (Allocation Failure)  74909K->669K(416768K), 0.0004771 secs]
52.560: Total time for which application threads were stopped: 0.0006174 seconds, Stopping threads took: 0.0000270 seconds
52.610: [GC (Allocation Failure)  73885K->701K(415744K), 0.0004838 secs]
52.611: Total time for which application threads were stopped: 0.0006083 seconds, Stopping threads took: 0.0000212 seconds
52.660: [GC (Allocation Failure)  72893K->669K(414720K), 0.0004475 secs]
52.661: Total time for which application threads were stopped: 0.0005740 seconds, Stopping threads took: 0.0000212 seconds
52.705: [GC (Allocation Failure)  71837K->669K(413696K), 0.0005017 secs]
52.705: Total time for which application threads were stopped: 0.0006424 seconds, Stopping threads took: 0.0000279 seconds
52.754: [GC (Allocation Failure)  70813K->605K(412672K), 0.0004435 secs]
52.755: Total time for which application threads were stopped: 0.0005779 seconds, Stopping threads took: 0.0000251 seconds
52.800: [GC (Allocation Failure)  69725K->701K(411648K), 0.0004964 secs]
52.800: Total time for which application threads were stopped: 0.0006055 seconds, Stopping threads took: 0.0000165 seconds
52.845: [GC (Allocation Failure)  68797K->605K(410624K), 0.0006172 secs]
52.846: Total time for which application threads were stopped: 0.0007434 seconds, Stopping threads took: 0.0000270 seconds
52.893: [GC (Allocation Failure)  67677K->637K(409600K), 0.0004986 secs]
52.894: Total time for which application threads were stopped: 0.0006605 seconds, Stopping threads took: 0.0000269 seconds
52.940: [GC (Allocation Failure)  66685K->637K(408576K), 0.0004425 secs]
52.941: Total time for which application threads were stopped: 0.0005661 seconds, Stopping threads took: 0.0000260 seconds
52.987: [GC (Allocation Failure)  65661K->637K(407552K), 0.0005051 secs]
52.987: Total time for which application threads were stopped: 0.0006501 seconds, Stopping threads took: 0.0000271 seconds
53.027: [GC (Allocation Failure)  64637K->669K(406528K), 0.0005107 secs]
53.027: Total time for which application threads were stopped: 0.0006575 seconds, Stopping threads took: 0.0000218 seconds
53.071: [GC (Allocation Failure)  63645K->701K(419328K), 0.0006115 secs]
53.072: Total time for which application threads were stopped: 0.0007523 seconds, Stopping threads took: 0.0000224 seconds
53.122: [GC (Allocation Failure)  76477K->637K(434688K), 0.0005923 secs]
53.123: Total time for which application threads were stopped: 0.0007244 seconds, Stopping threads took: 0.0000273 seconds
53.179: [GC (Allocation Failure)  91773K->701K(433152K), 0.0005246 secs]
53.180: Total time for which application threads were stopped: 0.0006652 seconds, Stopping threads took: 0.0000219 seconds
53.235: [GC (Allocation Failure)  90301K->637K(431616K), 0.0005075 secs]
53.235: Total time for which application threads were stopped: 0.0006334 seconds, Stopping threads took: 0.0000212 seconds
53.296: [GC (Allocation Failure)  88701K->669K(430080K), 0.0006567 secs]
53.297: Total time for which application threads were stopped: 0.0007763 seconds, Stopping threads took: 0.0000197 seconds
53.357: [GC (Allocation Failure)  87197K->637K(428544K), 0.0006296 secs]
53.357: Total time for which application threads were stopped: 0.0007562 seconds, Stopping threads took: 0.0000272 seconds
53.410: [GC (Allocation Failure)  85629K->637K(427008K), 0.0003785 secs]
53.410: Total time for which application threads were stopped: 0.0005002 seconds, Stopping threads took: 0.0000266 seconds
53.466: [GC (Allocation Failure)  84093K->637K(425472K), 0.0004148 secs]
53.466: Total time for which application threads were stopped: 0.0005163 seconds, Stopping threads took: 0.0000172 seconds
53.519: [GC (Allocation Failure)  82557K->669K(423936K), 0.0004227 secs]
53.520: Total time for which application threads were stopped: 0.0005545 seconds, Stopping threads took: 0.0000324 seconds
53.569: [GC (Allocation Failure)  81053K->669K(422400K), 0.0005576 secs]
53.570: Total time for which application threads were stopped: 0.0006781 seconds, Stopping threads took: 0.0000196 seconds
53.618: [GC (Allocation Failure)  79517K->701K(421376K), 0.0005616 secs]
53.619: Total time for which application threads were stopped: 0.0006775 seconds, Stopping threads took: 0.0000195 seconds
53.667: [GC (Allocation Failure)  78525K->669K(420352K), 0.0005293 secs]
53.667: Total time for which application threads were stopped: 0.0006449 seconds, Stopping threads took: 0.0000192 seconds
53.720: [GC (Allocation Failure)  77469K->637K(419328K), 0.0004534 secs]
53.721: Total time for which application threads were stopped: 0.0005797 seconds, Stopping threads took: 0.0000271 seconds
53.772: [GC (Allocation Failure)  76413K->701K(418304K), 0.0006719 secs]
53.773: Total time for which application threads were stopped: 0.0008002 seconds, Stopping threads took: 0.0000280 seconds
53.819: [GC (Allocation Failure)  75453K->637K(417280K), 0.0005025 secs]
53.820: Total time for which application threads were stopped: 0.0006509 seconds, Stopping threads took: 0.0000215 seconds
53.872: [GC (Allocation Failure)  74365K->573K(416256K), 0.0005927 secs]
53.872: Total time for which application threads were stopped: 0.0007197 seconds, Stopping threads took: 0.0000228 seconds
53.920: [GC (Allocation Failure)  73277K->637K(415232K), 0.0004612 secs]
53.921: Total time for which application threads were stopped: 0.0005941 seconds, Stopping threads took: 0.0000245 seconds
53.971: [GC (Allocation Failure)  72317K->637K(414208K), 0.0004992 secs]
53.972: Total time for which application threads were stopped: 0.0006390 seconds, Stopping threads took: 0.0000171 seconds
54.022: [GC (Allocation Failure)  71293K->637K(413184K), 0.0004884 secs]
54.023: Total time for which application threads were stopped: 0.0006163 seconds, Stopping threads took: 0.0000278 seconds
54.069: [GC (Allocation Failure)  70269K->669K(412160K), 0.0005171 secs]
54.070: Total time for which application threads were stopped: 0.0006367 seconds, Stopping threads took: 0.0000193 seconds
54.112: [GC (Allocation Failure)  69277K->637K(411136K), 0.0006275 secs]
54.113: Total time for which application threads were stopped: 0.0007775 seconds, Stopping threads took: 0.0000291 seconds
54.155: [GC (Allocation Failure)  68221K->637K(424960K), 0.0006243 secs]
54.156: Total time for which application threads were stopped: 0.0007767 seconds, Stopping threads took: 0.0000386 seconds
54.206: [GC (Allocation Failure)  82045K->701K(441344K), 0.0005622 secs]
54.207: Total time for which application threads were stopped: 0.0006949 seconds, Stopping threads took: 0.0000249 seconds
54.267: [GC (Allocation Failure)  98493K->605K(439296K), 0.0005237 secs]
54.268: Total time for which application threads were stopped: 0.0006533 seconds, Stopping threads took: 0.0000219 seconds
54.333: [GC (Allocation Failure)  96349K->669K(437760K), 0.0005139 secs]
54.333: Total time for which application threads were stopped: 0.0006736 seconds, Stopping threads took: 0.0000296 seconds
54.397: [GC (Allocation Failure)  94877K->605K(436224K), 0.0005266 secs]
54.398: Total time for which application threads were stopped: 0.0006706 seconds, Stopping threads took: 0.0000234 seconds
54.458: [GC (Allocation Failure)  93277K->669K(434688K), 0.0004848 secs]
54.459: Total time for which application threads were stopped: 0.0006237 seconds, Stopping threads took: 0.0000220 seconds
54.515: [GC (Allocation Failure)  91805K->637K(433152K), 0.0005614 secs]
54.515: Total time for which application threads were stopped: 0.0007124 seconds, Stopping threads took: 0.0000239 seconds
54.571: [GC (Allocation Failure)  90237K->669K(431616K), 0.0005628 secs]
54.571: Total time for which application threads were stopped: 0.0006935 seconds, Stopping threads took: 0.0000229 seconds
54.625: [GC (Allocation Failure)  88733K->637K(430080K), 0.0006505 secs]
54.626: Total time for which application threads were stopped: 0.0007772 seconds, Stopping threads took: 0.0000269 seconds
54.683: [GC (Allocation Failure)  87165K->669K(428544K), 0.0004628 secs]
54.684: Total time for which application threads were stopped: 0.0005785 seconds, Stopping threads took: 0.0000195 seconds
54.743: [GC (Allocation Failure)  85661K->669K(445952K), 0.0010701 secs]
54.744: Total time for which application threads were stopped: 0.0011957 seconds, Stopping threads took: 0.0000254 seconds
54.809: [GC (Allocation Failure)  103069K->733K(443904K), 0.0004998 secs]
54.810: Total time for which application threads were stopped: 0.0006334 seconds, Stopping threads took: 0.0000198 seconds
54.872: [GC (Allocation Failure)  101085K->573K(441856K), 0.0005819 secs]
54.872: Total time for which application threads were stopped: 0.0007048 seconds, Stopping threads took: 0.0000212 seconds
54.934: [GC (Allocation Failure)  98877K->669K(439808K), 0.0004666 secs]
54.934: Total time for which application threads were stopped: 0.0005875 seconds, Stopping threads took: 0.0000206 seconds
54.994: [GC (Allocation Failure)  96925K->669K(437760K), 0.0004701 secs]
54.994: Total time for which application threads were stopped: 0.0005968 seconds, Stopping threads took: 0.0000273 seconds
55.053: [GC (Allocation Failure)  94877K->701K(436224K), 0.0005039 secs]
55.053: Total time for which application threads were stopped: 0.0006339 seconds, Stopping threads took: 0.0000220 seconds
55.111: [GC (Allocation Failure)  93373K->669K(434688K), 0.0005350 secs]
55.111: Total time for which application threads were stopped: 0.0006744 seconds, Stopping threads took: 0.0000221 seconds
55.168: [GC (Allocation Failure)  91805K->637K(433152K), 0.0005014 secs]
55.168: Total time for which application threads were stopped: 0.0006355 seconds, Stopping threads took: 0.0000231 seconds
55.224: [GC (Allocation Failure)  90237K->669K(431616K), 0.0006598 secs]
55.224: Total time for which application threads were stopped: 0.0007956 seconds, Stopping threads took: 0.0000219 seconds
55.284: [GC (Allocation Failure)  88733K->669K(430080K), 0.0005557 secs]
55.285: Total time for which application threads were stopped: 0.0006999 seconds, Stopping threads took: 0.0000219 seconds
55.338: [GC (Allocation Failure)  87197K->701K(428544K), 0.0006230 secs]
55.338: Total time for which application threads were stopped: 0.0007676 seconds, Stopping threads took: 0.0000224 seconds
55.391: [GC (Allocation Failure)  85693K->669K(427008K), 0.0006524 secs]
55.391: Total time for which application threads were stopped: 0.0008054 seconds, Stopping threads took: 0.0000226 seconds
55.447: [GC (Allocation Failure)  84125K->669K(425472K), 0.0003886 secs]
55.448: Total time for which application threads were stopped: 0.0005196 seconds, Stopping threads took: 0.0000290 seconds
55.498: [GC (Allocation Failure)  82589K->637K(423936K), 0.0004637 secs]
55.498: Total time for which application threads were stopped: 0.0005717 seconds, Stopping threads took: 0.0000168 seconds
55.555: [GC (Allocation Failure)  81021K->669K(422400K), 0.0004927 secs]
55.555: Total time for which application threads were stopped: 0.0007688 seconds, Stopping threads took: 0.0000280 seconds
55.604: [GC (Allocation Failure)  79517K->669K(421376K), 0.0004576 secs]
55.604: Total time for which application threads were stopped: 0.0005770 seconds, Stopping threads took: 0.0000198 seconds
55.652: [GC (Allocation Failure)  78493K->733K(420352K), 0.0005716 secs]
55.653: Total time for which application threads were stopped: 0.0006910 seconds, Stopping threads took: 0.0000192 seconds
55.700: [GC (Allocation Failure)  77533K->669K(419328K), 0.0005369 secs]
55.701: Total time for which application threads were stopped: 0.0006751 seconds, Stopping threads took: 0.0000201 seconds
55.748: [GC (Allocation Failure)  76445K->733K(434688K), 0.0013698 secs]
55.749: Total time for which application threads were stopped: 0.0015209 seconds, Stopping threads took: 0.0000199 seconds
55.806: [GC (Allocation Failure)  91869K->669K(453120K), 0.0004569 secs]
55.807: Total time for which application threads were stopped: 0.0005759 seconds, Stopping threads took: 0.0000196 seconds
55.874: [GC (Allocation Failure)  110237K->605K(475136K), 0.0006629 secs]
55.875: Total time for which application threads were stopped: 0.0008053 seconds, Stopping threads took: 0.0000211 seconds
55.960: [GC (Allocation Failure)  132189K->605K(472064K), 0.0005502 secs]
55.961: Total time for which application threads were stopped: 0.0006858 seconds, Stopping threads took: 0.0000274 seconds
56.045: [GC (Allocation Failure)  129117K->605K(468992K), 0.0005781 secs]
56.046: Total time for which application threads were stopped: 0.0007179 seconds, Stopping threads took: 0.0000285 seconds
56.123: [GC (Allocation Failure)  126045K->669K(465920K), 0.0007733 secs]
56.124: Total time for which application threads were stopped: 0.0009210 seconds, Stopping threads took: 0.0000224 seconds
56.199: [GC (Allocation Failure)  123037K->637K(463360K), 0.0004925 secs]
56.199: Total time for which application threads were stopped: 0.0006373 seconds, Stopping threads took: 0.0000275 seconds
56.278: [GC (Allocation Failure)  120445K->733K(460800K), 0.0004761 secs]
56.279: Total time for which application threads were stopped: 0.0005941 seconds, Stopping threads took: 0.0000189 seconds
56.351: [GC (Allocation Failure)  117981K->669K(458240K), 0.0005592 secs]
56.351: Total time for which application threads were stopped: 0.0006904 seconds, Stopping threads took: 0.0000192 seconds
56.422: [GC (Allocation Failure)  115357K->637K(455680K), 0.0004758 secs]
56.423: Total time for which application threads were stopped: 0.0006177 seconds, Stopping threads took: 0.0000268 seconds
56.491: [GC (Allocation Failure)  112765K->669K(453120K), 0.0004747 secs]
56.492: Total time for which application threads were stopped: 0.0006004 seconds, Stopping threads took: 0.0000219 seconds
56.563: [GC (Allocation Failure)  110237K->605K(451072K), 0.0005471 secs]
56.564: Total time for which application threads were stopped: 0.0006563 seconds, Stopping threads took: 0.0000162 seconds
56.630: [GC (Allocation Failure)  108125K->669K(449024K), 0.0005283 secs]
56.631: Total time for which application threads were stopped: 0.0006839 seconds, Stopping threads took: 0.0000294 seconds
56.702: [GC (Allocation Failure)  106141K->637K(446976K), 0.0005277 secs]
56.702: Total time for which application threads were stopped: 0.0006542 seconds, Stopping threads took: 0.0000217 seconds
56.766: [GC (Allocation Failure)  104061K->637K(444928K), 0.0004232 secs]
56.767: Total time for which application threads were stopped: 0.0005555 seconds, Stopping threads took: 0.0000267 seconds
56.829: [GC (Allocation Failure)  102013K->637K(442880K), 0.0004651 secs]
56.830: Total time for which application threads were stopped: 0.0005800 seconds, Stopping threads took: 0.0000191 seconds
56.891: [GC (Allocation Failure)  99965K->605K(440832K), 0.0005002 secs]
56.891: Total time for which application threads were stopped: 0.0006256 seconds, Stopping threads took: 0.0000281 seconds
56.958: [GC (Allocation Failure)  97885K->669K(438784K), 0.0005830 secs]
56.959: Total time for which application threads were stopped: 0.0007023 seconds, Stopping threads took: 0.0000192 seconds
57.018: [GC (Allocation Failure)  95901K->669K(437248K), 0.0005199 secs]
57.018: Total time for which application threads were stopped: 0.0006472 seconds, Stopping threads took: 0.0000270 seconds
57.076: [GC (Allocation Failure)  94365K->605K(435712K), 0.0005339 secs]
57.076: Total time for which application threads were stopped: 0.0006594 seconds, Stopping threads took: 0.0000275 seconds
57.139: [GC (Allocation Failure)  92765K->669K(434176K), 0.0004407 secs]
57.139: Total time for which application threads were stopped: 0.0005685 seconds, Stopping threads took: 0.0000287 seconds
57.201: [GC (Allocation Failure)  91293K->669K(432640K), 0.0005034 secs]
57.202: Total time for which application threads were stopped: 0.0006293 seconds, Stopping threads took: 0.0000279 seconds
57.257: [GC (Allocation Failure)  89757K->637K(431104K), 0.0004678 secs]
57.257: Total time for which application threads were stopped: 0.0005939 seconds, Stopping threads took: 0.0000275 seconds
57.317: [GC (Allocation Failure)  88189K->637K(429568K), 0.0004706 secs]
57.317: Total time for which application threads were stopped: 0.0005944 seconds, Stopping threads took: 0.0000276 seconds
57.376: [GC (Allocation Failure)  86653K->669K(428032K), 0.0005107 secs]
57.376: Total time for which application threads were stopped: 0.0006602 seconds, Stopping threads took: 0.0000279 seconds
57.429: [GC (Allocation Failure)  85149K->669K(426496K), 0.0004796 secs]
57.429: Total time for which application threads were stopped: 0.0006043 seconds, Stopping threads took: 0.0000197 seconds
57.480: [GC (Allocation Failure)  83613K->637K(424960K), 0.0005606 secs]
57.481: Total time for which application threads were stopped: 0.0007014 seconds, Stopping threads took: 0.0000264 seconds
57.537: [GC (Allocation Failure)  82045K->605K(423424K), 0.0005311 secs]
57.537: Total time for which application threads were stopped: 0.0006534 seconds, Stopping threads took: 0.0000213 seconds
57.592: [GC (Allocation Failure)  80477K->637K(422400K), 0.0004764 secs]
57.592: Total time for which application threads were stopped: 0.0006043 seconds, Stopping threads took: 0.0000272 seconds
57.641: [GC (Allocation Failure)  79485K->637K(421376K), 0.0005530 secs]
57.641: Total time for which application threads were stopped: 0.0006785 seconds, Stopping threads took: 0.0000277 seconds
57.689: [GC (Allocation Failure)  78461K->669K(420352K), 0.0005118 secs]
57.690: Total time for which application threads were stopped: 0.0006279 seconds, Stopping threads took: 0.0000190 seconds
57.742: [GC (Allocation Failure)  77469K->701K(419328K), 0.0005647 secs]
57.743: Total time for which application threads were stopped: 0.0006876 seconds, Stopping threads took: 0.0000243 seconds
57.792: [GC (Allocation Failure)  76477K->637K(418304K), 0.0004676 secs]
57.793: Total time for which application threads were stopped: 0.0005915 seconds, Stopping threads took: 0.0000208 seconds
57.839: [GC (Allocation Failure)  75389K->701K(417280K), 0.0004661 secs]
57.840: Total time for which application threads were stopped: 0.0005862 seconds, Stopping threads took: 0.0000196 seconds
57.885: [GC (Allocation Failure)  74429K->637K(416256K), 0.0005151 secs]
57.886: Total time for which application threads were stopped: 0.0006513 seconds, Stopping threads took: 0.0000199 seconds
57.932: [GC (Allocation Failure)  73341K->669K(415232K), 0.0004576 secs]
57.932: Total time for which application threads were stopped: 0.0005889 seconds, Stopping threads took: 0.0000277 seconds
57.977: [GC (Allocation Failure)  72349K->605K(414208K), 0.0004617 secs]
57.977: Total time for which application threads were stopped: 0.0005830 seconds, Stopping threads took: 0.0000256 seconds
58.027: [GC (Allocation Failure)  71261K->701K(413184K), 0.0004887 secs]
58.028: Total time for which application threads were stopped: 0.0006264 seconds, Stopping threads took: 0.0000269 seconds
58.070: [GC (Allocation Failure)  70333K->637K(412160K), 0.0005220 secs]
58.071: Total time for which application threads were stopped: 0.0006497 seconds, Stopping threads took: 0.0000195 seconds
58.113: [GC (Allocation Failure)  69245K->637K(411136K), 0.0004626 secs]
58.114: Total time for which application threads were stopped: 0.0005834 seconds, Stopping threads took: 0.0000198 seconds
58.156: [GC (Allocation Failure)  68221K->637K(410112K), 0.0004994 secs]
58.156: Total time for which application threads were stopped: 0.0006474 seconds, Stopping threads took: 0.0000301 seconds
58.203: [GC (Allocation Failure)  67197K->701K(423424K), 0.0007735 secs]
58.204: Total time for which application threads were stopped: 0.0009140 seconds, Stopping threads took: 0.0000217 seconds
58.254: [GC (Allocation Failure)  80573K->669K(439808K), 0.0005202 secs]
58.254: Total time for which application threads were stopped: 0.0006658 seconds, Stopping threads took: 0.0000219 seconds
58.317: [GC (Allocation Failure)  96925K->701K(437760K), 0.0006762 secs]
58.318: Total time for which application threads were stopped: 0.0008204 seconds, Stopping threads took: 0.0000220 seconds
58.381: [GC (Allocation Failure)  94909K->701K(436224K), 0.0006020 secs]
58.382: Total time for which application threads were stopped: 0.0007366 seconds, Stopping threads took: 0.0000206 seconds
58.439: [GC (Allocation Failure)  93373K->605K(434688K), 0.0004356 secs]
58.439: Total time for which application threads were stopped: 0.0005762 seconds, Stopping threads took: 0.0000192 seconds
58.500: [GC (Allocation Failure)  91741K->637K(433152K), 0.0004908 secs]
58.501: Total time for which application threads were stopped: 0.0006333 seconds, Stopping threads took: 0.0000214 seconds
58.562: [GC (Allocation Failure)  90237K->701K(431616K), 0.0005110 secs]
58.563: Total time for which application threads were stopped: 0.0006480 seconds, Stopping threads took: 0.0000213 seconds
58.617: [GC (Allocation Failure)  88765K->733K(430080K), 0.0006685 secs]
58.618: Total time for which application threads were stopped: 0.0008118 seconds, Stopping threads took: 0.0000223 seconds
58.671: [GC (Allocation Failure)  87261K->669K(428544K), 0.0005998 secs]
58.672: Total time for which application threads were stopped: 0.0007451 seconds, Stopping threads took: 0.0000202 seconds
58.730: [GC (Allocation Failure)  85661K->605K(427008K), 0.0004641 secs]
58.730: Total time for which application threads were stopped: 0.0005882 seconds, Stopping threads took: 0.0000202 seconds
58.788: [GC (Allocation Failure)  84061K->637K(425472K), 0.0004012 secs]
58.788: Total time for which application threads were stopped: 0.0005082 seconds, Stopping threads took: 0.0000170 seconds
58.842: [GC (Allocation Failure)  82557K->669K(423936K), 0.0004610 secs]
58.842: Total time for which application threads were stopped: 0.0005853 seconds, Stopping threads took: 0.0000273 seconds
58.892: [GC (Allocation Failure)  81053K->701K(422400K), 0.0004008 secs]
58.892: Total time for which application threads were stopped: 0.0005095 seconds, Stopping threads took: 0.0000171 seconds
58.942: [GC (Allocation Failure)  79549K->637K(421376K), 0.0003708 secs]
58.942: Total time for which application threads were stopped: 0.0004880 seconds, Stopping threads took: 0.0000250 seconds
58.994: [GC (Allocation Failure)  78461K->669K(420352K), 0.0004906 secs]
58.995: Total time for which application threads were stopped: 0.0006118 seconds, Stopping threads took: 0.0000196 seconds
59.043: [GC (Allocation Failure)  77469K->701K(419328K), 0.0005428 secs]
59.043: Total time for which application threads were stopped: 0.0006897 seconds, Stopping threads took: 0.0000300 seconds
59.090: [GC (Allocation Failure)  76477K->637K(418304K), 0.0005178 secs]
59.091: Total time for which application threads were stopped: 0.0006391 seconds, Stopping threads took: 0.0000216 seconds
59.143: [GC (Allocation Failure)  75389K->637K(417280K), 0.0004575 secs]
59.143: Total time for which application threads were stopped: 0.0005998 seconds, Stopping threads took: 0.0000266 seconds
59.189: [GC (Allocation Failure)  74365K->605K(416256K), 0.0004455 secs]
59.189: Total time for which application threads were stopped: 0.0005629 seconds, Stopping threads took: 0.0000194 seconds
59.239: [GC (Allocation Failure)  73309K->669K(415232K), 0.0005294 secs]
59.240: Total time for which application threads were stopped: 0.0006522 seconds, Stopping threads took: 0.0000165 seconds
59.284: [GC (Allocation Failure)  72349K->637K(414208K), 0.0005535 secs]
59.285: Total time for which application threads were stopped: 0.0007026 seconds, Stopping threads took: 0.0000225 seconds
59.333: [GC (Allocation Failure)  71293K->701K(413184K), 0.0005152 secs]
59.333: Total time for which application threads were stopped: 0.0006449 seconds, Stopping threads took: 0.0000234 seconds
59.379: [GC (Allocation Failure)  70333K->637K(427520K), 0.0006985 secs]
59.380: Total time for which application threads were stopped: 0.0008187 seconds, Stopping threads took: 0.0000176 seconds
59.432: [GC (Allocation Failure)  84605K->637K(425984K), 0.0004030 secs]
59.433: Total time for which application threads were stopped: 0.0005282 seconds, Stopping threads took: 0.0000194 seconds
59.489: [GC (Allocation Failure)  83069K->605K(424448K), 0.0006061 secs]
59.490: Total time for which application threads were stopped: 0.0007133 seconds, Stopping threads took: 0.0000191 seconds
59.545: [GC (Allocation Failure)  81501K->605K(422912K), 0.0004777 secs]
59.545: Total time for which application threads were stopped: 0.0005955 seconds, Stopping threads took: 0.0000195 seconds
59.600: [GC (Allocation Failure)  79965K->669K(421888K), 0.0005347 secs]
59.601: Total time for which application threads were stopped: 0.0006515 seconds, Stopping threads took: 0.0000185 seconds
59.654: [GC (Allocation Failure)  79005K->637K(420864K), 0.0005060 secs]
59.655: Total time for which application threads were stopped: 0.0007972 seconds, Stopping threads took: 0.0000198 seconds
59.703: [GC (Allocation Failure)  77949K->701K(419840K), 0.0004826 secs]
59.703: Total time for which application threads were stopped: 0.0006163 seconds, Stopping threads took: 0.0000196 seconds
59.755: [GC (Allocation Failure)  76989K->637K(418816K), 0.0004861 secs]
59.755: Total time for which application threads were stopped: 0.0005943 seconds, Stopping threads took: 0.0000255 seconds
59.802: [GC (Allocation Failure)  75901K->605K(417792K), 0.0005294 secs]
59.802: Total time for which application threads were stopped: 0.0006488 seconds, Stopping threads took: 0.0000199 seconds
59.848: [GC (Allocation Failure)  74845K->701K(416768K), 0.0006170 secs]
59.849: Total time for which application threads were stopped: 0.0007588 seconds, Stopping threads took: 0.0000214 seconds
59.898: [GC (Allocation Failure)  73917K->669K(415744K), 0.0004611 secs]
59.899: Total time for which application threads were stopped: 0.0005796 seconds, Stopping threads took: 0.0000195 seconds
59.950: [GC (Allocation Failure)  72861K->637K(414720K), 0.0003582 secs]
59.950: Total time for which application threads were stopped: 0.0004733 seconds, Stopping threads took: 0.0000247 seconds
59.995: [GC (Allocation Failure)  71805K->669K(413696K), 0.0004748 secs]
59.996: Total time for which application threads were stopped: 0.0006034 seconds, Stopping threads took: 0.0000246 seconds
60.039: [GC (Allocation Failure)  70813K->605K(412672K), 0.0006739 secs]
60.040: Total time for which application threads were stopped: 0.0008249 seconds, Stopping threads took: 0.0000205 seconds
60.083: [GC (Allocation Failure)  69725K->701K(426496K), 0.0020262 secs]
60.085: Total time for which application threads were stopped: 0.0021583 seconds, Stopping threads took: 0.0000219 seconds
60.139: [GC (Allocation Failure)  83645K->669K(443392K), 0.0005171 secs]
60.140: Total time for which application threads were stopped: 0.0006615 seconds, Stopping threads took: 0.0000205 seconds
60.201: [GC (Allocation Failure)  100509K->669K(463360K), 0.0005231 secs]
60.201: Total time for which application threads were stopped: 0.0006514 seconds, Stopping threads took: 0.0000221 seconds
60.275: [GC (Allocation Failure)  120477K->669K(487424K), 0.0005709 secs]
60.275: Total time for which application threads were stopped: 0.0006931 seconds, Stopping threads took: 0.0000274 seconds
60.369: [GC (Allocation Failure)  144541K->637K(516608K), 0.0005707 secs]
60.370: Total time for which application threads were stopped: 0.0006841 seconds, Stopping threads took: 0.0000167 seconds
60.482: [GC (Allocation Failure)  173693K->637K(512000K), 0.0005051 secs]
60.482: Total time for which application threads were stopped: 0.0006401 seconds, Stopping threads took: 0.0000276 seconds
60.586: [GC (Allocation Failure)  169085K->605K(507392K), 0.0004889 secs]
60.586: Total time for which application threads were stopped: 0.0006214 seconds, Stopping threads took: 0.0000194 seconds
60.691: [GC (Allocation Failure)  164445K->637K(503296K), 0.0004836 secs]
60.692: Total time for which application threads were stopped: 0.0006124 seconds, Stopping threads took: 0.0000200 seconds
60.796: [GC (Allocation Failure)  160381K->669K(499200K), 0.0004527 secs]
60.796: Total time for which application threads were stopped: 0.0005683 seconds, Stopping threads took: 0.0000197 seconds
60.895: [GC (Allocation Failure)  156317K->637K(495104K), 0.0005446 secs]
60.896: Total time for which application threads were stopped: 0.0006708 seconds, Stopping threads took: 0.0000198 seconds
60.989: [GC (Allocation Failure)  152189K->605K(491520K), 0.0004772 secs]
60.989: Total time for which application threads were stopped: 0.0006216 seconds, Stopping threads took: 0.0000286 seconds
61.086: [GC (Allocation Failure)  148573K->701K(487936K), 0.0004774 secs]
61.086: Total time for which application threads were stopped: 0.0006038 seconds, Stopping threads took: 0.0000194 seconds
61.175: [GC (Allocation Failure)  145085K->733K(484352K), 0.0005092 secs]
61.175: Total time for which application threads were stopped: 0.0006470 seconds, Stopping threads took: 0.0000288 seconds
61.261: [GC (Allocation Failure)  141533K->605K(480768K), 0.0006174 secs]
61.262: Total time for which application threads were stopped: 0.0007629 seconds, Stopping threads took: 0.0000216 seconds
61.351: [GC (Allocation Failure)  137821K->669K(477696K), 0.0005255 secs]
61.352: Total time for which application threads were stopped: 0.0006648 seconds, Stopping threads took: 0.0000222 seconds
61.434: [GC (Allocation Failure)  134813K->669K(474624K), 0.0004097 secs]
61.435: Total time for which application threads were stopped: 0.0005384 seconds, Stopping threads took: 0.0000277 seconds
61.515: [GC (Allocation Failure)  131741K->669K(471552K), 0.0004835 secs]
61.516: Total time for which application threads were stopped: 0.0006166 seconds, Stopping threads took: 0.0000210 seconds
61.594: [GC (Allocation Failure)  128669K->733K(468480K), 0.0005106 secs]
61.595: Total time for which application threads were stopped: 0.0006411 seconds, Stopping threads took: 0.0000195 seconds
61.678: [GC (Allocation Failure)  125661K->733K(465408K), 0.0006001 secs]
61.678: Total time for which application threads were stopped: 0.0007207 seconds, Stopping threads took: 0.0000198 seconds
61.755: [GC (Allocation Failure)  122589K->605K(462848K), 0.0007858 secs]
61.755: Total time for which application threads were stopped: 0.0008922 seconds, Stopping threads took: 0.0000187 seconds
61.831: [GC (Allocation Failure)  119901K->733K(460288K), 0.0005217 secs]
61.832: Total time for which application threads were stopped: 0.0006700 seconds, Stopping threads took: 0.0000198 seconds
61.903: [GC (Allocation Failure)  117469K->637K(457728K), 0.0004581 secs]
61.904: Total time for which application threads were stopped: 0.0005891 seconds, Stopping threads took: 0.0000246 seconds
61.975: [GC (Allocation Failure)  114813K->637K(455168K), 0.0004549 secs]
61.975: Total time for which application threads were stopped: 0.0005728 seconds, Stopping threads took: 0.0000197 seconds
62.044: [GC (Allocation Failure)  112253K->701K(452608K), 0.0005592 secs]
62.044: Total time for which application threads were stopped: 0.0006905 seconds, Stopping threads took: 0.0000207 seconds
62.111: [GC (Allocation Failure)  109757K->637K(450560K), 0.0005769 secs]
62.112: Total time for which application threads were stopped: 0.0007234 seconds, Stopping threads took: 0.0000282 seconds
62.184: [GC (Allocation Failure)  107645K->669K(448512K), 0.0004530 secs]
62.185: Total time for which application threads were stopped: 0.0005802 seconds, Stopping threads took: 0.0000280 seconds
62.250: [GC (Allocation Failure)  105629K->637K(446464K), 0.0005455 secs]
62.250: Total time for which application threads were stopped: 0.0006796 seconds, Stopping threads took: 0.0000216 seconds
62.314: [GC (Allocation Failure)  103549K->669K(444416K), 0.0004927 secs]
62.314: Total time for which application threads were stopped: 0.0006379 seconds, Stopping threads took: 0.0000215 seconds
62.377: [GC (Allocation Failure)  101533K->637K(442368K), 0.0004915 secs]
62.377: Total time for which application threads were stopped: 0.0006232 seconds, Stopping threads took: 0.0000225 seconds
62.439: [GC (Allocation Failure)  99453K->637K(440320K), 0.0004594 secs]
62.439: Total time for which application threads were stopped: 0.0005784 seconds, Stopping threads took: 0.0000200 seconds
62.502: [GC (Allocation Failure)  97405K->637K(438272K), 0.0004806 secs]
62.502: Total time for which application threads were stopped: 0.0005976 seconds, Stopping threads took: 0.0000187 seconds
62.561: [GC (Allocation Failure)  95357K->605K(436736K), 0.0004749 secs]
62.561: Total time for which application threads were stopped: 0.0005988 seconds, Stopping threads took: 0.0000272 seconds
62.624: [GC (Allocation Failure)  93789K->669K(435200K), 0.0004283 secs]
62.625: Total time for which application threads were stopped: 0.0005468 seconds, Stopping threads took: 0.0000193 seconds
62.681: [GC (Allocation Failure)  92317K->733K(433664K), 0.0004049 secs]
62.682: Total time for which application threads were stopped: 0.0005148 seconds, Stopping threads took: 0.0000178 seconds
62.737: [GC (Allocation Failure)  90845K->637K(432128K), 0.0004647 secs]
62.738: Total time for which application threads were stopped: 0.0005733 seconds, Stopping threads took: 0.0000170 seconds
62.796: [GC (Allocation Failure)  89213K->637K(430592K), 0.0004568 secs]
62.797: Total time for which application threads were stopped: 0.0005641 seconds, Stopping threads took: 0.0000161 seconds
62.851: [GC (Allocation Failure)  87677K->669K(429056K), 0.0006287 secs]
62.851: Total time for which application threads were stopped: 0.0007381 seconds, Stopping threads took: 0.0000170 seconds
62.904: [GC (Allocation Failure)  86173K->669K(427520K), 0.0004503 secs]
62.905: Total time for which application threads were stopped: 0.0005851 seconds, Stopping threads took: 0.0000249 seconds
62.958: [GC (Allocation Failure)  84637K->669K(425984K), 0.0004389 secs]
62.959: Total time for which application threads were stopped: 0.0005896 seconds, Stopping threads took: 0.0000268 seconds
63.014: [GC (Allocation Failure)  83101K->637K(424448K), 0.0004776 secs]
63.014: Total time for which application threads were stopped: 0.0006071 seconds, Stopping threads took: 0.0000188 seconds
63.071: [GC (Allocation Failure)  81533K->605K(422912K), 0.0006505 secs]
63.071: Total time for which application threads were stopped: 0.0007870 seconds, Stopping threads took: 0.0000216 seconds
63.120: [GC (Allocation Failure)  79965K->669K(421888K), 0.0004854 secs]
63.121: Total time for which application threads were stopped: 0.0006134 seconds, Stopping threads took: 0.0000220 seconds
63.169: [GC (Allocation Failure)  79005K->637K(420864K), 0.0005411 secs]
63.170: Total time for which application threads were stopped: 0.0006608 seconds, Stopping threads took: 0.0000200 seconds
63.218: [GC (Allocation Failure)  77949K->669K(419840K), 0.0005063 secs]
63.218: Total time for which application threads were stopped: 0.0006272 seconds, Stopping threads took: 0.0000199 seconds
63.265: [GC (Allocation Failure)  76957K->669K(418816K), 0.0005102 secs]
63.266: Total time for which application threads were stopped: 0.0006312 seconds, Stopping threads took: 0.0000197 seconds
63.317: [GC (Allocation Failure)  75933K->669K(417792K), 0.0005358 secs]
63.318: Total time for which application threads were stopped: 0.0006681 seconds, Stopping threads took: 0.0000201 seconds
63.368: [GC (Allocation Failure)  74909K->669K(416768K), 0.0005071 secs]
63.369: Total time for which application threads were stopped: 0.0006306 seconds, Stopping threads took: 0.0000197 seconds
63.414: [GC (Allocation Failure)  73885K->669K(415744K), 0.0004729 secs]
63.415: Total time for which application threads were stopped: 0.0005917 seconds, Stopping threads took: 0.0000196 seconds
63.460: [GC (Allocation Failure)  72861K->637K(414720K), 0.0004338 secs]
63.461: Total time for which application threads were stopped: 0.0005546 seconds, Stopping threads took: 0.0000196 seconds
63.506: [GC (Allocation Failure)  71805K->637K(413696K), 0.0004224 secs]
63.506: Total time for which application threads were stopped: 0.0005496 seconds, Stopping threads took: 0.0000276 seconds
63.550: [GC (Allocation Failure)  70781K->605K(412672K), 0.0005959 secs]
63.550: Total time for which application threads were stopped: 0.0007132 seconds, Stopping threads took: 0.0000198 seconds
63.600: [GC (Allocation Failure)  69725K->669K(411648K), 0.0005090 secs]
63.600: Total time for which application threads were stopped: 0.0006266 seconds, Stopping threads took: 0.0000190 seconds
63.649: [GC (Allocation Failure)  68765K->669K(410624K), 0.0004732 secs]
63.649: Total time for which application threads were stopped: 0.0005921 seconds, Stopping threads took: 0.0000195 seconds
63.691: [GC (Allocation Failure)  67741K->637K(409600K), 0.0004817 secs]
63.691: Total time for which application threads were stopped: 0.0005982 seconds, Stopping threads took: 0.0000189 seconds
63.738: [GC (Allocation Failure)  66685K->637K(408576K), 0.0005698 secs]
63.739: Total time for which application threads were stopped: 0.0006909 seconds, Stopping threads took: 0.0000202 seconds
63.780: [GC (Allocation Failure)  65661K->669K(407552K), 0.0005270 secs]
63.780: Total time for which application threads were stopped: 0.0006476 seconds, Stopping threads took: 0.0000198 seconds
63.820: [GC (Allocation Failure)  64669K->637K(420352K), 0.0006809 secs]
63.820: Total time for which application threads were stopped: 0.0007982 seconds, Stopping threads took: 0.0000192 seconds
63.868: [GC (Allocation Failure)  77437K->669K(435712K), 0.0005230 secs]
63.868: Total time for which application threads were stopped: 0.0006462 seconds, Stopping threads took: 0.0000194 seconds
63.925: [GC (Allocation Failure)  92829K->637K(434176K), 0.0004797 secs]
63.926: Total time for which application threads were stopped: 0.0006248 seconds, Stopping threads took: 0.0000180 seconds
63.982: [GC (Allocation Failure)  91261K->637K(432640K), 0.0004480 secs]
63.983: Total time for which application threads were stopped: 0.0005649 seconds, Stopping threads took: 0.0000248 seconds
64.037: [GC (Allocation Failure)  89725K->669K(431104K), 0.0004850 secs]
64.038: Total time for which application threads were stopped: 0.0006041 seconds, Stopping threads took: 0.0000197 seconds
64.092: [GC (Allocation Failure)  88221K->605K(429568K), 0.0005564 secs]
64.093: Total time for which application threads were stopped: 0.0007077 seconds, Stopping threads took: 0.0000282 seconds
64.148: [GC (Allocation Failure)  86621K->605K(428032K), 0.0005635 secs]
64.149: Total time for which application threads were stopped: 0.0006953 seconds, Stopping threads took: 0.0000294 seconds
64.206: [GC (Allocation Failure)  85085K->637K(426496K), 0.0004640 secs]
64.207: Total time for which application threads were stopped: 0.0005705 seconds, Stopping threads took: 0.0000164 seconds
64.258: [GC (Allocation Failure)  83581K->605K(424960K), 0.0004396 secs]
64.259: Total time for which application threads were stopped: 0.0005472 seconds, Stopping threads took: 0.0000167 seconds
64.309: [GC (Allocation Failure)  82013K->637K(423424K), 0.0004066 secs]
64.309: Total time for which application threads were stopped: 0.0005117 seconds, Stopping threads took: 0.0000167 seconds
64.359: [GC (Allocation Failure)  80509K->637K(422400K), 0.0003673 secs]
64.359: Total time for which application threads were stopped: 0.0004750 seconds, Stopping threads took: 0.0000167 seconds
64.411: [GC (Allocation Failure)  79485K->669K(421376K), 0.0004482 secs]
64.412: Total time for which application threads were stopped: 0.0005690 seconds, Stopping threads took: 0.0000203 seconds
64.465: [GC (Allocation Failure)  78493K->669K(420352K), 0.0004791 secs]
64.466: Total time for which application threads were stopped: 0.0006067 seconds, Stopping threads took: 0.0000279 seconds
64.519: [GC (Allocation Failure)  77469K->669K(419328K), 0.0004929 secs]
64.519: Total time for which application threads were stopped: 0.0006161 seconds, Stopping threads took: 0.0000197 seconds
64.566: [GC (Allocation Failure)  76445K->637K(418304K), 0.0004736 secs]
64.566: Total time for which application threads were stopped: 0.0005903 seconds, Stopping threads took: 0.0000191 seconds
64.612: [GC (Allocation Failure)  75389K->605K(417280K), 0.0005514 secs]
64.613: Total time for which application threads were stopped: 0.0006875 seconds, Stopping threads took: 0.0000267 seconds
64.664: [GC (Allocation Failure)  74333K->637K(416256K), 0.0004572 secs]
64.664: Total time for which application threads were stopped: 0.0005761 seconds, Stopping threads took: 0.0000196 seconds
64.709: [GC (Allocation Failure)  73341K->637K(415232K), 0.0005437 secs]
64.710: Total time for which application threads were stopped: 0.0006703 seconds, Stopping threads took: 0.0000277 seconds
64.760: [GC (Allocation Failure)  72317K->637K(429568K), 0.0008255 secs]
64.761: Total time for which application threads were stopped: 0.0009584 seconds, Stopping threads took: 0.0000228 seconds
64.814: [GC (Allocation Failure)  86653K->701K(428032K), 0.0004697 secs]
64.814: Total time for which application threads were stopped: 0.0005922 seconds, Stopping threads took: 0.0000204 seconds
64.866: [GC (Allocation Failure)  85181K->669K(426496K), 0.0005096 secs]
64.866: Total time for which application threads were stopped: 0.0006376 seconds, Stopping threads took: 0.0000197 seconds
64.917: [GC (Allocation Failure)  83613K->701K(424960K), 0.0004891 secs]
64.918: Total time for which application threads were stopped: 0.0006111 seconds, Stopping threads took: 0.0000199 seconds
64.969: [GC (Allocation Failure)  82109K->573K(423424K), 0.0005316 secs]
64.969: Total time for which application threads were stopped: 0.0006679 seconds, Stopping threads took: 0.0000195 seconds
65.019: [GC (Allocation Failure)  80445K->637K(422400K), 0.0004683 secs]
65.019: Total time for which application threads were stopped: 0.0006208 seconds, Stopping threads took: 0.0000520 seconds
65.071: [GC (Allocation Failure)  79485K->637K(421376K), 0.0005819 secs]
65.072: Total time for which application threads were stopped: 0.0007103 seconds, Stopping threads took: 0.0000280 seconds
65.120: [GC (Allocation Failure)  78461K->669K(420352K), 0.0005767 secs]
65.121: Total time for which application threads were stopped: 0.0007188 seconds, Stopping threads took: 0.0000213 seconds
65.174: [GC (Allocation Failure)  77469K->669K(435712K), 0.0008065 secs]
65.174: Total time for which application threads were stopped: 0.0009422 seconds, Stopping threads took: 0.0000217 seconds
65.231: [GC (Allocation Failure)  92829K->669K(434176K), 0.0005040 secs]
65.232: Total time for which application threads were stopped: 0.0006634 seconds, Stopping threads took: 0.0000223 seconds
65.294: [GC (Allocation Failure)  91293K->669K(432640K), 0.0004950 secs]
65.294: Total time for which application threads were stopped: 0.0006217 seconds, Stopping threads took: 0.0000214 seconds
65.354: [GC (Allocation Failure)  89757K->605K(431104K), 0.0005843 secs]
65.355: Total time for which application threads were stopped: 0.0007241 seconds, Stopping threads took: 0.0000293 seconds
65.409: [GC (Allocation Failure)  88157K->637K(429568K), 0.0004780 secs]
65.409: Total time for which application threads were stopped: 0.0006062 seconds, Stopping threads took: 0.0000219 seconds
65.463: [GC (Allocation Failure)  86653K->669K(428032K), 0.0005764 secs]
65.464: Total time for which application threads were stopped: 0.0007034 seconds, Stopping threads took: 0.0000282 seconds
65.522: [GC (Allocation Failure)  85149K->669K(426496K), 0.0005593 secs]
65.522: Total time for which application threads were stopped: 0.0006783 seconds, Stopping threads took: 0.0000194 seconds
65.573: [GC (Allocation Failure)  83613K->605K(424960K), 0.0004729 secs]
65.574: Total time for which application threads were stopped: 0.0005976 seconds, Stopping threads took: 0.0000275 seconds
65.629: [GC (Allocation Failure)  82013K->637K(423424K), 0.0004566 secs]
65.630: Total time for which application threads were stopped: 0.0005711 seconds, Stopping threads took: 0.0000193 seconds
65.679: [GC (Allocation Failure)  80509K->701K(422400K), 0.0006525 secs]
65.680: Total time for which application threads were stopped: 0.0007714 seconds, Stopping threads took: 0.0000193 seconds
65.734: [GC (Allocation Failure)  79549K->637K(421376K), 0.0004708 secs]
65.735: Total time for which application threads were stopped: 0.0005969 seconds, Stopping threads took: 0.0000197 seconds
65.783: [GC (Allocation Failure)  78461K->701K(420352K), 0.0004964 secs]
65.784: Total time for which application threads were stopped: 0.0006140 seconds, Stopping threads took: 0.0000192 seconds
65.831: [GC (Allocation Failure)  77501K->669K(419328K), 0.0004906 secs]
65.832: Total time for which application threads were stopped: 0.0006215 seconds, Stopping threads took: 0.0000313 seconds
65.878: [GC (Allocation Failure)  76445K->605K(418304K), 0.0006451 secs]
65.879: Total time for which application threads were stopped: 0.0007627 seconds, Stopping threads took: 0.0000194 seconds
65.929: [GC (Allocation Failure)  75357K->669K(417280K), 0.0005978 secs]
65.930: Total time for which application threads were stopped: 0.0007193 seconds, Stopping threads took: 0.0000187 seconds
65.976: [GC (Allocation Failure)  74397K->669K(416256K), 0.0005121 secs]
65.976: Total time for which application threads were stopped: 0.0006309 seconds, Stopping threads took: 0.0000195 seconds
66.021: [GC (Allocation Failure)  73373K->637K(415232K), 0.0005726 secs]
66.022: Total time for which application threads were stopped: 0.0006952 seconds, Stopping threads took: 0.0000273 seconds
66.071: [GC (Allocation Failure)  72317K->637K(414208K), 0.0004660 secs]
66.072: Total time for which application threads were stopped: 0.0005867 seconds, Stopping threads took: 0.0000194 seconds
66.120: [GC (Allocation Failure)  71293K->669K(413184K), 0.0004611 secs]
66.120: Total time for which application threads were stopped: 0.0005793 seconds, Stopping threads took: 0.0000202 seconds
66.169: [GC (Allocation Failure)  70301K->669K(412160K), 0.0004654 secs]
66.169: Total time for which application threads were stopped: 0.0005808 seconds, Stopping threads took: 0.0000189 seconds
66.217: [GC (Allocation Failure)  69277K->637K(411136K), 0.0004633 secs]
66.217: Total time for which application threads were stopped: 0.0005793 seconds, Stopping threads took: 0.0000189 seconds
66.259: [GC (Allocation Failure)  68221K->669K(410112K), 0.0005125 secs]
66.260: Total time for which application threads were stopped: 0.0006543 seconds, Stopping threads took: 0.0000455 seconds
66.301: [GC (Allocation Failure)  67229K->605K(409088K), 0.0005265 secs]
66.301: Total time for which application threads were stopped: 0.0006417 seconds, Stopping threads took: 0.0000193 seconds
66.347: [GC (Allocation Failure)  66141K->669K(408064K), 0.0004885 secs]
66.348: Total time for which application threads were stopped: 0.0005979 seconds, Stopping threads took: 0.0000171 seconds
66.387: [GC (Allocation Failure)  65181K->605K(407040K), 0.0004822 secs]
66.388: Total time for which application threads were stopped: 0.0006027 seconds, Stopping threads took: 0.0000196 seconds
66.432: [GC (Allocation Failure)  64093K->669K(406016K), 0.0003955 secs]
66.432: Total time for which application threads were stopped: 0.0005163 seconds, Stopping threads took: 0.0000256 seconds
66.471: [GC (Allocation Failure)  63133K->669K(405504K), 0.0004899 secs]
66.471: Total time for which application threads were stopped: 0.0006202 seconds, Stopping threads took: 0.0000251 seconds
66.510: [GC (Allocation Failure)  62621K->637K(404992K), 0.0004849 secs]
66.510: Total time for which application threads were stopped: 0.0006300 seconds, Stopping threads took: 0.0000279 seconds
66.552: [GC (Allocation Failure)  62077K->701K(404480K), 0.0005263 secs]
66.552: Total time for which application threads were stopped: 0.0006533 seconds, Stopping threads took: 0.0000204 seconds
66.590: [GC (Allocation Failure)  61629K->669K(416768K), 0.0005300 secs]
66.590: Total time for which application threads were stopped: 0.0006750 seconds, Stopping threads took: 0.0000304 seconds
66.636: [GC (Allocation Failure)  73885K->669K(431616K), 0.0005336 secs]
66.636: Total time for which application threads were stopped: 0.0006899 seconds, Stopping threads took: 0.0000309 seconds
66.696: [GC (Allocation Failure)  88733K->669K(430080K), 0.0005437 secs]
66.697: Total time for which application threads were stopped: 0.0006640 seconds, Stopping threads took: 0.0000202 seconds
66.756: [GC (Allocation Failure)  87197K->637K(428544K), 0.0003901 secs]
66.757: Total time for which application threads were stopped: 0.0005231 seconds, Stopping threads took: 0.0000254 seconds
66.812: [GC (Allocation Failure)  85629K->669K(427008K), 0.0004559 secs]
66.813: Total time for which application threads were stopped: 0.0005755 seconds, Stopping threads took: 0.0000192 seconds
66.864: [GC (Allocation Failure)  84125K->669K(425472K), 0.0004703 secs]
66.864: Total time for which application threads were stopped: 0.0005954 seconds, Stopping threads took: 0.0000276 seconds
66.915: [GC (Allocation Failure)  82589K->669K(423936K), 0.0004947 secs]
66.915: Total time for which application threads were stopped: 0.0006147 seconds, Stopping threads took: 0.0000198 seconds
66.966: [GC (Allocation Failure)  81053K->637K(422400K), 0.0005022 secs]
66.966: Total time for which application threads were stopped: 0.0006451 seconds, Stopping threads took: 0.0000266 seconds
67.020: [GC (Allocation Failure)  79485K->669K(421376K), 0.0005504 secs]
67.020: Total time for which application threads were stopped: 0.0006683 seconds, Stopping threads took: 0.0000198 seconds
67.072: [GC (Allocation Failure)  78493K->733K(420352K), 0.0003887 secs]
67.072: Total time for which application threads were stopped: 0.0005026 seconds, Stopping threads took: 0.0000245 seconds
67.126: [GC (Allocation Failure)  77533K->669K(419328K), 0.0005754 secs]
67.127: Total time for which application threads were stopped: 0.0007164 seconds, Stopping threads took: 0.0000271 seconds
67.173: [GC (Allocation Failure)  76445K->669K(418304K), 0.0005083 secs]
67.174: Total time for which application threads were stopped: 0.0006434 seconds, Stopping threads took: 0.0000213 seconds
67.220: [GC (Allocation Failure)  75421K->701K(417280K), 0.0004873 secs]
67.220: Total time for which application threads were stopped: 0.0006161 seconds, Stopping threads took: 0.0000196 seconds
67.272: [GC (Allocation Failure)  74429K->669K(416256K), 0.0006603 secs]
67.273: Total time for which application threads were stopped: 0.0007879 seconds, Stopping threads took: 0.0000207 seconds
67.317: [GC (Allocation Failure)  73373K->669K(415232K), 0.0005002 secs]
67.318: Total time for which application threads were stopped: 0.0006364 seconds, Stopping threads took: 0.0000202 seconds
67.366: [GC (Allocation Failure)  72349K->605K(414208K), 0.0006700 secs]
67.367: Total time for which application threads were stopped: 0.0008111 seconds, Stopping threads took: 0.0000287 seconds
67.411: [GC (Allocation Failure)  71261K->637K(428544K), 0.0005665 secs]
67.411: Total time for which application threads were stopped: 0.0007178 seconds, Stopping threads took: 0.0000211 seconds
67.465: [GC (Allocation Failure)  85629K->701K(427008K), 0.0004569 secs]
67.466: Total time for which application threads were stopped: 0.0005885 seconds, Stopping threads took: 0.0000207 seconds
67.522: [GC (Allocation Failure)  84157K->669K(425472K), 0.0005869 secs]
67.522: Total time for which application threads were stopped: 0.0007179 seconds, Stopping threads took: 0.0000281 seconds
67.573: [GC (Allocation Failure)  82589K->637K(423936K), 0.0004773 secs]
67.573: Total time for which application threads were stopped: 0.0006146 seconds, Stopping threads took: 0.0000273 seconds
67.622: [GC (Allocation Failure)  81021K->637K(422400K), 0.0004829 secs]
67.623: Total time for which application threads were stopped: 0.0006098 seconds, Stopping threads took: 0.0000283 seconds
67.672: [GC (Allocation Failure)  79485K->701K(421376K), 0.0005943 secs]
67.672: Total time for which application threads were stopped: 0.0007118 seconds, Stopping threads took: 0.0000196 seconds
67.724: [GC (Allocation Failure)  78525K->637K(420352K), 0.0005249 secs]
67.725: Total time for which application threads were stopped: 0.0006461 seconds, Stopping threads took: 0.0000173 seconds
67.773: [GC (Allocation Failure)  77437K->701K(419328K), 0.0005227 secs]
67.773: Total time for which application threads were stopped: 0.0006458 seconds, Stopping threads took: 0.0000267 seconds
67.822: [GC (Allocation Failure)  76477K->605K(418304K), 0.0004675 secs]
67.823: Total time for which application threads were stopped: 0.0005897 seconds, Stopping threads took: 0.0000268 seconds
67.869: [GC (Allocation Failure)  75357K->605K(417280K), 0.0005074 secs]
67.869: Total time for which application threads were stopped: 0.0006238 seconds, Stopping threads took: 0.0000196 seconds
67.919: [GC (Allocation Failure)  74333K->637K(416256K), 0.0004924 secs]
67.919: Total time for which application threads were stopped: 0.0006009 seconds, Stopping threads took: 0.0000191 seconds
67.966: [GC (Allocation Failure)  73341K->637K(415232K), 0.0004770 secs]
67.967: Total time for which application threads were stopped: 0.0006100 seconds, Stopping threads took: 0.0000282 seconds
68.011: [GC (Allocation Failure)  72317K->637K(414208K), 0.0005678 secs]
68.012: Total time for which application threads were stopped: 0.0007298 seconds, Stopping threads took: 0.0000244 seconds
68.055: [GC (Allocation Failure)  71293K->669K(413184K), 0.0005777 secs]
68.056: Total time for which application threads were stopped: 0.0007165 seconds, Stopping threads took: 0.0000306 seconds
68.099: [GC (Allocation Failure)  70301K->701K(412160K), 0.0005056 secs]
68.099: Total time for which application threads were stopped: 0.0006415 seconds, Stopping threads took: 0.0000276 seconds
68.142: [GC (Allocation Failure)  69309K->733K(411136K), 0.0005455 secs]
68.142: Total time for which application threads were stopped: 0.0006843 seconds, Stopping threads took: 0.0000194 seconds
68.184: [GC (Allocation Failure)  68317K->605K(424960K), 0.0006551 secs]
68.185: Total time for which application threads were stopped: 0.0008011 seconds, Stopping threads took: 0.0000215 seconds
68.235: [GC (Allocation Failure)  82013K->669K(441344K), 0.0005397 secs]
68.235: Total time for which application threads were stopped: 0.0007104 seconds, Stopping threads took: 0.0000380 seconds
68.296: [GC (Allocation Failure)  98461K->637K(439296K), 0.0004810 secs]
68.296: Total time for which application threads were stopped: 0.0006133 seconds, Stopping threads took: 0.0000262 seconds
68.361: [GC (Allocation Failure)  96381K->605K(437760K), 0.0005861 secs]
68.362: Total time for which application threads were stopped: 0.0007377 seconds, Stopping threads took: 0.0000229 seconds
68.426: [GC (Allocation Failure)  94813K->733K(436224K), 0.0004442 secs]
68.427: Total time for which application threads were stopped: 0.0005468 seconds, Stopping threads took: 0.0000203 seconds
68.484: [GC (Allocation Failure)  93405K->637K(434688K), 0.0003656 secs]
68.485: Total time for which application threads were stopped: 0.0004813 seconds, Stopping threads took: 0.0000172 seconds
68.541: [GC (Allocation Failure)  91773K->669K(433152K), 0.0005169 secs]
68.542: Total time for which application threads were stopped: 0.0006422 seconds, Stopping threads took: 0.0000274 seconds
68.600: [GC (Allocation Failure)  90269K->637K(431616K), 0.0006037 secs]
68.601: Total time for which application threads were stopped: 0.0007464 seconds, Stopping threads took: 0.0000217 seconds
68.659: [GC (Allocation Failure)  88701K->605K(430080K), 0.0005548 secs]
68.659: Total time for which application threads were stopped: 0.0007042 seconds, Stopping threads took: 0.0000305 seconds
68.717: [GC (Allocation Failure)  87133K->637K(428544K), 0.0005550 secs]
68.718: Total time for which application threads were stopped: 0.0006974 seconds, Stopping threads took: 0.0000226 seconds
68.772: [GC (Allocation Failure)  85629K->637K(427008K), 0.0005362 secs]
68.772: Total time for which application threads were stopped: 0.0006637 seconds, Stopping threads took: 0.0000272 seconds
68.827: [GC (Allocation Failure)  84093K->669K(425472K), 0.0006062 secs]
68.828: Total time for which application threads were stopped: 0.0007557 seconds, Stopping threads took: 0.0000297 seconds
68.884: [GC (Allocation Failure)  82589K->637K(423936K), 0.0004930 secs]
68.884: Total time for which application threads were stopped: 0.0006337 seconds, Stopping threads took: 0.0000223 seconds
68.939: [GC (Allocation Failure)  81021K->637K(422400K), 0.0004334 secs]
68.939: Total time for which application threads were stopped: 0.0005708 seconds, Stopping threads took: 0.0000253 seconds
68.988: [GC (Allocation Failure)  79485K->637K(421376K), 0.0005824 secs]
68.989: Total time for which application threads were stopped: 0.0007169 seconds, Stopping threads took: 0.0000201 seconds
69.037: [GC (Allocation Failure)  78461K->669K(420352K), 0.0005463 secs]
69.037: Total time for which application threads were stopped: 0.0006738 seconds, Stopping threads took: 0.0000218 seconds
69.090: [GC (Allocation Failure)  77469K->637K(419328K), 0.0004567 secs]
69.090: Total time for which application threads were stopped: 0.0005885 seconds, Stopping threads took: 0.0000259 seconds
69.141: [GC (Allocation Failure)  76413K->637K(418304K), 0.0005776 secs]
69.142: Total time for which application threads were stopped: 0.0007207 seconds, Stopping threads took: 0.0000299 seconds
69.188: [GC (Allocation Failure)  75389K->669K(417280K), 0.0005347 secs]
69.188: Total time for which application threads were stopped: 0.0006703 seconds, Stopping threads took: 0.0000218 seconds
69.240: [GC (Allocation Failure)  74397K->637K(416256K), 0.0004902 secs]
69.241: Total time for which application threads were stopped: 0.0006183 seconds, Stopping threads took: 0.0000278 seconds
69.288: [GC (Allocation Failure)  73341K->669K(415232K), 0.0005265 secs]
69.289: Total time for which application threads were stopped: 0.0006528 seconds, Stopping threads took: 0.0000270 seconds
69.333: [GC (Allocation Failure)  72349K->701K(414208K), 0.0005073 secs]
69.334: Total time for which application threads were stopped: 0.0006237 seconds, Stopping threads took: 0.0000188 seconds
69.381: [GC (Allocation Failure)  71357K->669K(413184K), 0.0004269 secs]
69.381: Total time for which application threads were stopped: 0.0005475 seconds, Stopping threads took: 0.0000198 seconds
69.424: [GC (Allocation Failure)  70301K->637K(412160K), 0.0005523 secs]
69.425: Total time for which application threads were stopped: 0.0006766 seconds, Stopping threads took: 0.0000266 seconds
69.470: [GC (Allocation Failure)  69245K->637K(411136K), 0.0004561 secs]
69.470: Total time for which application threads were stopped: 0.0005802 seconds, Stopping threads took: 0.0000253 seconds
69.512: [GC (Allocation Failure)  68221K->637K(410112K), 0.0004263 secs]
69.512: Total time for which application threads were stopped: 0.0005476 seconds, Stopping threads took: 0.0000190 seconds
69.553: [GC (Allocation Failure)  67197K->637K(409088K), 0.0005145 secs]
69.554: Total time for which application threads were stopped: 0.0006503 seconds, Stopping threads took: 0.0000255 seconds
69.600: [GC (Allocation Failure)  66173K->669K(408064K), 0.0005024 secs]
69.600: Total time for which application threads were stopped: 0.0006401 seconds, Stopping threads took: 0.0000220 seconds
69.646: [GC (Allocation Failure)  65181K->669K(407040K), 0.0005340 secs]
69.646: Total time for which application threads were stopped: 0.0006690 seconds, Stopping threads took: 0.0000214 seconds
69.689: [GC (Allocation Failure)  64157K->637K(419840K), 0.0006617 secs]
69.690: Total time for which application threads were stopped: 0.0008085 seconds, Stopping threads took: 0.0000302 seconds
69.739: [GC (Allocation Failure)  76925K->701K(435200K), 0.0005053 secs]
69.740: Total time for which application threads were stopped: 0.0006378 seconds, Stopping threads took: 0.0000171 seconds
69.799: [GC (Allocation Failure)  92349K->637K(433664K), 0.0004574 secs]
69.800: Total time for which application threads were stopped: 0.0005776 seconds, Stopping threads took: 0.0000202 seconds
69.855: [GC (Allocation Failure)  90749K->701K(432128K), 0.0007127 secs]
69.856: Total time for which application threads were stopped: 0.0008426 seconds, Stopping threads took: 0.0000300 seconds
69.915: [GC (Allocation Failure)  89277K->669K(430592K), 0.0005053 secs]
69.915: Total time for which application threads were stopped: 0.0006353 seconds, Stopping threads took: 0.0000188 seconds
69.974: [GC (Allocation Failure)  87709K->637K(429056K), 0.0003993 secs]
69.974: Total time for which application threads were stopped: 0.0005206 seconds, Stopping threads took: 0.0000255 seconds
70.027: [GC (Allocation Failure)  86141K->605K(427520K), 0.0004808 secs]
70.027: Total time for which application threads were stopped: 0.0006067 seconds, Stopping threads took: 0.0000280 seconds
70.085: [GC (Allocation Failure)  84573K->701K(425984K), 0.0004426 secs]
70.085: Total time for which application threads were stopped: 0.0005582 seconds, Stopping threads took: 0.0000194 seconds
70.136: [GC (Allocation Failure)  83133K->605K(424448K), 0.0006493 secs]
70.137: Total time for which application threads were stopped: 0.0007777 seconds, Stopping threads took: 0.0000195 seconds
70.187: [GC (Allocation Failure)  81501K->637K(422912K), 0.0006807 secs]
70.188: Total time for which application threads were stopped: 0.0007982 seconds, Stopping threads took: 0.0000224 seconds
70.241: [GC (Allocation Failure)  79997K->669K(421888K), 0.0004726 secs]
70.242: Total time for which application threads were stopped: 0.0005934 seconds, Stopping threads took: 0.0000172 seconds
70.290: [GC (Allocation Failure)  79005K->669K(420864K), 0.0004578 secs]
70.290: Total time for which application threads were stopped: 0.0005882 seconds, Stopping threads took: 0.0000278 seconds
70.343: [GC (Allocation Failure)  77981K->637K(419840K), 0.0005001 secs]
70.343: Total time for which application threads were stopped: 0.0006225 seconds, Stopping threads took: 0.0000197 seconds
70.395: [GC (Allocation Failure)  76925K->637K(418816K), 0.0005024 secs]
70.396: Total time for which application threads were stopped: 0.0006450 seconds, Stopping threads took: 0.0000217 seconds
70.443: [GC (Allocation Failure)  75901K->701K(417792K), 0.0004009 secs]
70.444: Total time for which application threads were stopped: 0.0005273 seconds, Stopping threads took: 0.0000256 seconds
70.492: [GC (Allocation Failure)  74941K->701K(416768K), 0.0003984 secs]
70.492: Total time for which application threads were stopped: 0.0005240 seconds, Stopping threads took: 0.0000261 seconds
70.538: [GC (Allocation Failure)  73917K->605K(415744K), 0.0006396 secs]
70.539: Total time for which application threads were stopped: 0.0007663 seconds, Stopping threads took: 0.0000195 seconds
70.588: [GC (Allocation Failure)  72797K->669K(414720K), 0.0006391 secs]
70.589: Total time for which application threads were stopped: 0.0008965 seconds, Stopping threads took: 0.0001389 seconds
70.633: [GC (Allocation Failure)  71837K->701K(429056K), 0.0006536 secs]
70.633: Total time for which application threads were stopped: 0.0007967 seconds, Stopping threads took: 0.0000273 seconds
70.686: [GC (Allocation Failure)  86205K->669K(427520K), 0.0004801 secs]
70.687: Total time for which application threads were stopped: 0.0006098 seconds, Stopping threads took: 0.0000227 seconds
70.738: [GC (Allocation Failure)  84637K->637K(444416K), 0.0058498 secs]
70.744: Total time for which application threads were stopped: 0.0059930 seconds, Stopping threads took: 0.0000273 seconds
70.807: [GC (Allocation Failure)  101501K->733K(464896K), 0.0004999 secs]
70.808: Total time for which application threads were stopped: 0.0006484 seconds, Stopping threads took: 0.0000407 seconds
70.882: [GC (Allocation Failure)  122077K->701K(489472K), 0.0005279 secs]
70.883: Total time for which application threads were stopped: 0.0006737 seconds, Stopping threads took: 0.0000219 seconds
70.973: [GC (Allocation Failure)  146621K->637K(518656K), 0.0004739 secs]
70.974: Total time for which application threads were stopped: 0.0005951 seconds, Stopping threads took: 0.0000260 seconds
71.081: [GC (Allocation Failure)  175741K->637K(553984K), 0.0004864 secs]
71.081: Total time for which application threads were stopped: 0.0006229 seconds, Stopping threads took: 0.0000192 seconds
71.213: [GC (Allocation Failure)  211069K->733K(582144K), 0.0005124 secs]
71.213: Total time for which application threads were stopped: 0.0006393 seconds, Stopping threads took: 0.0000197 seconds
71.365: [GC (Allocation Failure)  239325K->637K(574464K), 0.0006321 secs]
71.366: Total time for which application threads were stopped: 0.0007624 seconds, Stopping threads took: 0.0000190 seconds
71.512: [GC (Allocation Failure)  231549K->637K(567296K), 0.0004248 secs]
71.513: Total time for which application threads were stopped: 0.0005550 seconds, Stopping threads took: 0.0000259 seconds
71.650: [GC (Allocation Failure)  224381K->701K(560640K), 0.0006383 secs]
71.651: Total time for which application threads were stopped: 0.0007541 seconds, Stopping threads took: 0.0000194 seconds
71.790: [GC (Allocation Failure)  217789K->669K(553984K), 0.0005502 secs]
71.791: Total time for which application threads were stopped: 0.0006752 seconds, Stopping threads took: 0.0000276 seconds
71.923: [GC (Allocation Failure)  211101K->669K(547840K), 0.0004518 secs]
71.924: Total time for which application threads were stopped: 0.0005703 seconds, Stopping threads took: 0.0000193 seconds
72.054: [GC (Allocation Failure)  204957K->637K(541696K), 0.0006555 secs]
72.055: Total time for which application threads were stopped: 0.0007799 seconds, Stopping threads took: 0.0000195 seconds
72.183: [GC (Allocation Failure)  198781K->637K(536064K), 0.0005212 secs]
72.184: Total time for which application threads were stopped: 0.0006409 seconds, Stopping threads took: 0.0000198 seconds
72.301: [GC (Allocation Failure)  193149K->669K(530432K), 0.0005622 secs]
72.302: Total time for which application threads were stopped: 0.0006816 seconds, Stopping threads took: 0.0000203 seconds
72.416: [GC (Allocation Failure)  187549K->605K(525312K), 0.0005029 secs]
72.416: Total time for which application threads were stopped: 0.0006296 seconds, Stopping threads took: 0.0000192 seconds
72.530: [GC (Allocation Failure)  182365K->637K(520192K), 0.0004398 secs]
72.531: Total time for which application threads were stopped: 0.0005611 seconds, Stopping threads took: 0.0000196 seconds
72.642: [GC (Allocation Failure)  177277K->701K(515584K), 0.0004910 secs]
72.642: Total time for which application threads were stopped: 0.0005959 seconds, Stopping threads took: 0.0000164 seconds
72.747: [GC (Allocation Failure)  172733K->573K(510976K), 0.0005078 secs]
72.748: Total time for which application threads were stopped: 0.0006332 seconds, Stopping threads took: 0.0000160 seconds
72.853: [GC (Allocation Failure)  167997K->669K(506368K), 0.0004137 secs]
72.853: Total time for which application threads were stopped: 0.0005209 seconds, Stopping threads took: 0.0000171 seconds
72.953: [GC (Allocation Failure)  163485K->669K(502272K), 0.0004801 secs]
72.954: Total time for which application threads were stopped: 0.0005994 seconds, Stopping threads took: 0.0000272 seconds
73.052: [GC (Allocation Failure)  159389K->701K(498176K), 0.0004721 secs]
73.052: Total time for which application threads were stopped: 0.0006019 seconds, Stopping threads took: 0.0000225 seconds
73.152: [GC (Allocation Failure)  155325K->637K(494080K), 0.0004444 secs]
73.153: Total time for which application threads were stopped: 0.0005641 seconds, Stopping threads took: 0.0000197 seconds
73.245: [GC (Allocation Failure)  151165K->669K(490496K), 0.0004811 secs]
73.245: Total time for which application threads were stopped: 0.0006068 seconds, Stopping threads took: 0.0000266 seconds
73.340: [GC (Allocation Failure)  147613K->669K(486912K), 0.0005462 secs]
73.341: Total time for which application threads were stopped: 0.0006657 seconds, Stopping threads took: 0.0000190 seconds
73.428: [GC (Allocation Failure)  144029K->669K(483328K), 0.0004285 secs]
73.429: Total time for which application threads were stopped: 0.0005444 seconds, Stopping threads took: 0.0000196 seconds
73.520: [GC (Allocation Failure)  140445K->637K(479744K), 0.0005542 secs]
73.521: Total time for which application threads were stopped: 0.0006612 seconds, Stopping threads took: 0.0000164 seconds
73.607: [GC (Allocation Failure)  136829K->669K(476672K), 0.0004725 secs]
73.608: Total time for which application threads were stopped: 0.0005912 seconds, Stopping threads took: 0.0000203 seconds
73.689: [GC (Allocation Failure)  133789K->669K(473600K), 0.0004646 secs]
73.690: Total time for which application threads were stopped: 0.0005934 seconds, Stopping threads took: 0.0000277 seconds
73.770: [GC (Allocation Failure)  130717K->669K(470528K), 0.0004992 secs]
73.771: Total time for which application threads were stopped: 0.0006296 seconds, Stopping threads took: 0.0000194 seconds
73.849: [GC (Allocation Failure)  127645K->669K(467456K), 0.0006055 secs]
73.849: Total time for which application threads were stopped: 0.0007242 seconds, Stopping threads took: 0.0000195 seconds
73.925: [GC (Allocation Failure)  124573K->669K(464896K), 0.0004937 secs]
73.926: Total time for which application threads were stopped: 0.0006265 seconds, Stopping threads took: 0.0000215 seconds
74.001: [GC (Allocation Failure)  122013K->669K(462336K), 0.0005341 secs]
74.001: Total time for which application threads were stopped: 0.0006737 seconds, Stopping threads took: 0.0000221 seconds
74.074: [GC (Allocation Failure)  119453K->733K(459776K), 0.0006857 secs]
74.075: Total time for which application threads were stopped: 0.0008284 seconds, Stopping threads took: 0.0000213 seconds
74.151: [GC (Allocation Failure)  116957K->637K(457216K), 0.0005497 secs]
74.152: Total time for which application threads were stopped: 0.0007114 seconds, Stopping threads took: 0.0000222 seconds
