Java HotSpot(TM) 64-Bit Server VM (25.171-b11) for linux-amd64 JRE (1.8.0_171-b11), built on Mar 28 2018 17:07:08 by "java_re" with gcc 4.3.0 20080428 (Red Hat 4.3.0-8)
Memory: 4k page, physical 32883000k(29631868k free), swap 8000508k(8000508k free)
CommandLine flags: -XX:InitialHeapSize=526128000 -XX:MaxHeapSize=8418048000 -XX:+PrintGC -XX:+PrintGCApplicationStoppedTime -XX:+PrintGCTimeStamps -XX:+UseCompressedClassPointers -XX:+UseCompressedOops -XX:+UseParallelGC 
0.379: [GC (Allocation Failure)  129024K->2357K(493056K), 0.0019278 secs]
0.381: Total time for which application threads were stopped: 0.0021357 seconds, Stopping threads took: 0.0000218 seconds
0.470: [GC (Allocation Failure)  131381K->608K(493056K), 0.0011013 secs]
0.471: Total time for which application threads were stopped: 0.0012314 seconds, Stopping threads took: 0.0000297 seconds
0.557: [GC (Allocation Failure)  129632K->576K(493056K), 0.0008802 secs]
0.558: Total time for which application threads were stopped: 0.0010215 seconds, Stopping threads took: 0.0000209 seconds
0.643: [GC (Allocation Failure)  129600K->608K(493056K), 0.0008778 secs]
0.644: Total time for which application threads were stopped: 0.0010257 seconds, Stopping threads took: 0.0000299 seconds
0.727: [GC (Allocation Failure)  129632K->648K(470016K), 0.0008943 secs]
0.727: Total time for which application threads were stopped: 0.0010188 seconds, Stopping threads took: 0.0000188 seconds
0.807: [GC (Allocation Failure)  126600K->584K(466944K), 0.0009330 secs]
0.808: Total time for which application threads were stopped: 0.0010585 seconds, Stopping threads took: 0.0000288 seconds
0.886: [GC (Allocation Failure)  123464K->585K(463872K), 0.0009649 secs]
0.887: Total time for which application threads were stopped: 0.0010847 seconds, Stopping threads took: 0.0000198 seconds
0.965: [GC (Allocation Failure)  120905K->617K(461312K), 0.0005181 secs]
0.966: Total time for which application threads were stopped: 0.0006346 seconds, Stopping threads took: 0.0000197 seconds
1.042: [GC (Allocation Failure)  118377K->617K(460800K), 0.0005451 secs]
1.042: Total time for which application threads were stopped: 0.0006675 seconds, Stopping threads took: 0.0000311 seconds
1.117: [GC (Allocation Failure)  115817K->585K(456192K), 0.0005891 secs]
1.118: Total time for which application threads were stopped: 0.0007191 seconds, Stopping threads took: 0.0000390 seconds
1.193: [GC (Allocation Failure)  113225K->585K(455168K), 0.0005571 secs]
1.193: Total time for which application threads were stopped: 0.0006769 seconds, Stopping threads took: 0.0000329 seconds
1.265: [GC (Allocation Failure)  110665K->649K(451584K), 0.0004898 secs]
1.265: Total time for which application threads were stopped: 0.0006170 seconds, Stopping threads took: 0.0000290 seconds
1.333: [GC (Allocation Failure)  108681K->585K(451072K), 0.0005590 secs]
1.334: Total time for which application threads were stopped: 0.0006942 seconds, Stopping threads took: 0.0000299 seconds
1.400: [GC (Allocation Failure)  106569K->617K(447488K), 0.0005808 secs]
1.401: Total time for which application threads were stopped: 0.0006912 seconds, Stopping threads took: 0.0000182 seconds
1.466: [GC (Allocation Failure)  104553K->649K(446976K), 0.0005027 secs]
1.467: Total time for which application threads were stopped: 0.0006114 seconds, Stopping threads took: 0.0000200 seconds
1.532: [GC (Allocation Failure)  102537K->617K(443392K), 0.0005171 secs]
1.532: Total time for which application threads were stopped: 0.0006326 seconds, Stopping threads took: 0.0000192 seconds
1.600: [GC (Allocation Failure)  100457K->649K(442880K), 0.0004655 secs]
1.601: Total time for which application threads were stopped: 0.0006130 seconds, Stopping threads took: 0.0000229 seconds
1.667: [GC (Allocation Failure)  98441K->649K(439296K), 0.0005491 secs]
1.668: Total time for which application threads were stopped: 0.0006475 seconds, Stopping threads took: 0.0000156 seconds
1.728: [GC (Allocation Failure)  96393K->649K(438784K), 0.0004609 secs]
1.729: Total time for which application threads were stopped: 0.0005762 seconds, Stopping threads took: 0.0000261 seconds
1.792: [GC (Allocation Failure)  94857K->617K(436224K), 0.0006720 secs]
1.792: Total time for which application threads were stopped: 0.0007872 seconds, Stopping threads took: 0.0000195 seconds
1.851: [GC (Allocation Failure)  93289K->649K(435712K), 0.0005731 secs]
1.851: Total time for which application threads were stopped: 0.0007202 seconds, Stopping threads took: 0.0000403 seconds
1.909: [GC (Allocation Failure)  91785K->649K(433152K), 0.0006219 secs]
1.909: Total time for which application threads were stopped: 0.0007454 seconds, Stopping threads took: 0.0000278 seconds
1.972: [GC (Allocation Failure)  90249K->617K(432640K), 0.0004664 secs]
1.973: Total time for which application threads were stopped: 0.0005926 seconds, Stopping threads took: 0.0000282 seconds
2.028: [GC (Allocation Failure)  88681K->617K(430080K), 0.0005952 secs]
2.028: Total time for which application threads were stopped: 0.0007317 seconds, Stopping threads took: 0.0000193 seconds
2.083: [GC (Allocation Failure)  87145K->649K(429056K), 0.0005127 secs]
2.083: Total time for which application threads were stopped: 0.0006560 seconds, Stopping threads took: 0.0000228 seconds
2.136: [GC (Allocation Failure)  85641K->681K(427008K), 0.0006811 secs]
2.137: Total time for which application threads were stopped: 0.0008270 seconds, Stopping threads took: 0.0000306 seconds
2.190: [GC (Allocation Failure)  84137K->649K(425984K), 0.0004358 secs]
2.191: Total time for which application threads were stopped: 0.0005614 seconds, Stopping threads took: 0.0000275 seconds
2.247: [GC (Allocation Failure)  82569K->617K(423936K), 0.0005661 secs]
2.248: Total time for which application threads were stopped: 0.0006731 seconds, Stopping threads took: 0.0000172 seconds
2.304: [GC (Allocation Failure)  81001K->681K(422912K), 0.0005112 secs]
2.304: Total time for which application threads were stopped: 0.0006361 seconds, Stopping threads took: 0.0000275 seconds
2.354: [GC (Allocation Failure)  79529K->649K(421376K), 0.0006717 secs]
2.355: Total time for which application threads were stopped: 0.0007958 seconds, Stopping threads took: 0.0000198 seconds
2.408: [GC (Allocation Failure)  78473K->649K(420864K), 0.0005339 secs]
2.408: Total time for which application threads were stopped: 0.0006780 seconds, Stopping threads took: 0.0000301 seconds
2.457: [GC (Allocation Failure)  77449K->617K(419328K), 0.0006568 secs]
2.457: Total time for which application threads were stopped: 0.0008132 seconds, Stopping threads took: 0.0000300 seconds
2.506: [GC (Allocation Failure)  76393K->649K(438784K), 0.0014591 secs]
2.507: Total time for which application threads were stopped: 0.0015787 seconds, Stopping threads took: 0.0000199 seconds
2.571: [GC (Allocation Failure)  95369K->617K(462336K), 0.0005244 secs]
2.571: Total time for which application threads were stopped: 0.0006514 seconds, Stopping threads took: 0.0000198 seconds
2.646: [GC (Allocation Failure)  119401K->681K(475136K), 0.0005312 secs]
2.646: Total time for which application threads were stopped: 0.0006684 seconds, Stopping threads took: 0.0000211 seconds
2.735: [GC (Allocation Failure)  131753K->617K(471552K), 0.0004836 secs]
2.736: Total time for which application threads were stopped: 0.0005992 seconds, Stopping threads took: 0.0000194 seconds
2.816: [GC (Allocation Failure)  128617K->649K(468480K), 0.0004696 secs]
2.816: Total time for which application threads were stopped: 0.0005845 seconds, Stopping threads took: 0.0000195 seconds
2.894: [GC (Allocation Failure)  125577K->617K(465408K), 0.0005461 secs]
2.895: Total time for which application threads were stopped: 0.0006723 seconds, Stopping threads took: 0.0000277 seconds
2.977: [GC (Allocation Failure)  122473K->585K(462848K), 0.0004577 secs]
2.977: Total time for which application threads were stopped: 0.0005840 seconds, Stopping threads took: 0.0000197 seconds
3.051: [GC (Allocation Failure)  119881K->649K(460288K), 0.0005240 secs]
3.052: Total time for which application threads were stopped: 0.0006435 seconds, Stopping threads took: 0.0000270 seconds
3.125: [GC (Allocation Failure)  117385K->665K(457728K), 0.0006009 secs]
3.125: Total time for which application threads were stopped: 0.0007259 seconds, Stopping threads took: 0.0000272 seconds
3.197: [GC (Allocation Failure)  114841K->665K(455168K), 0.0004993 secs]
3.198: Total time for which application threads were stopped: 0.0006218 seconds, Stopping threads took: 0.0000258 seconds
3.270: [GC (Allocation Failure)  112281K->665K(452608K), 0.0004215 secs]
3.271: Total time for which application threads were stopped: 0.0005564 seconds, Stopping threads took: 0.0000194 seconds
3.343: [GC (Allocation Failure)  109721K->601K(450560K), 0.0004736 secs]
3.343: Total time for which application threads were stopped: 0.0005948 seconds, Stopping threads took: 0.0000217 seconds
3.411: [GC (Allocation Failure)  107609K->633K(448512K), 0.0004741 secs]
3.411: Total time for which application threads were stopped: 0.0005913 seconds, Stopping threads took: 0.0000191 seconds
3.482: [GC (Allocation Failure)  105593K->665K(446464K), 0.0004924 secs]
3.483: Total time for which application threads were stopped: 0.0006320 seconds, Stopping threads took: 0.0000274 seconds
3.548: [GC (Allocation Failure)  103577K->633K(444416K), 0.0005180 secs]
3.548: Total time for which application threads were stopped: 0.0006543 seconds, Stopping threads took: 0.0000200 seconds
3.615: [GC (Allocation Failure)  101497K->601K(442368K), 0.0006302 secs]
3.615: Total time for which application threads were stopped: 0.0007521 seconds, Stopping threads took: 0.0000201 seconds
3.677: [GC (Allocation Failure)  99417K->633K(440320K), 0.0005030 secs]
3.678: Total time for which application threads were stopped: 0.0006297 seconds, Stopping threads took: 0.0000224 seconds
3.745: [GC (Allocation Failure)  97401K->633K(438272K), 0.0004238 secs]
3.746: Total time for which application threads were stopped: 0.0005496 seconds, Stopping threads took: 0.0000274 seconds
3.805: [GC (Allocation Failure)  95353K->665K(436736K), 0.0005251 secs]
3.806: Total time for which application threads were stopped: 0.0006397 seconds, Stopping threads took: 0.0000188 seconds
3.864: [GC (Allocation Failure)  93849K->697K(435200K), 0.0005348 secs]
3.864: Total time for which application threads were stopped: 0.0006742 seconds, Stopping threads took: 0.0000195 seconds
3.926: [GC (Allocation Failure)  92345K->665K(433664K), 0.0005100 secs]
3.927: Total time for which application threads were stopped: 0.0006493 seconds, Stopping threads took: 0.0000223 seconds
3.983: [GC (Allocation Failure)  90777K->633K(432128K), 0.0004528 secs]
3.984: Total time for which application threads were stopped: 0.0005629 seconds, Stopping threads took: 0.0000202 seconds
4.045: [GC (Allocation Failure)  89209K->633K(430592K), 0.0004714 secs]
4.046: Total time for which application threads were stopped: 0.0005855 seconds, Stopping threads took: 0.0000162 seconds
4.055: Total time for which application threads were stopped: 0.0001088 seconds, Stopping threads took: 0.0000543 seconds
4.107: [GC (Allocation Failure)  87673K->665K(429056K), 0.0005436 secs]
4.107: Total time for which application threads were stopped: 0.0006656 seconds, Stopping threads took: 0.0000195 seconds
4.161: [GC (Allocation Failure)  86169K->665K(427520K), 0.0004973 secs]
4.162: Total time for which application threads were stopped: 0.0006385 seconds, Stopping threads took: 0.0000297 seconds
4.215: [GC (Allocation Failure)  84633K->633K(425984K), 0.0004312 secs]
4.216: Total time for which application threads were stopped: 0.0005483 seconds, Stopping threads took: 0.0000258 seconds
4.272: [GC (Allocation Failure)  83065K->633K(424448K), 0.0004963 secs]
4.273: Total time for which application threads were stopped: 0.0006299 seconds, Stopping threads took: 0.0000204 seconds
4.328: [GC (Allocation Failure)  81529K->633K(422912K), 0.0004907 secs]
4.329: Total time for which application threads were stopped: 0.0006265 seconds, Stopping threads took: 0.0000220 seconds
4.379: [GC (Allocation Failure)  79993K->633K(421888K), 0.0005020 secs]
4.379: Total time for which application threads were stopped: 0.0006431 seconds, Stopping threads took: 0.0000283 seconds
4.433: [GC (Allocation Failure)  78969K->665K(420864K), 0.0005447 secs]
4.434: Total time for which application threads were stopped: 0.0006627 seconds, Stopping threads took: 0.0000237 seconds
4.486: [GC (Allocation Failure)  77977K->633K(419840K), 0.0006179 secs]
4.486: Total time for which application threads were stopped: 0.0007313 seconds, Stopping threads took: 0.0000169 seconds
4.537: [GC (Allocation Failure)  76921K->601K(418816K), 0.0005499 secs]
4.538: Total time for which application threads were stopped: 0.0006840 seconds, Stopping threads took: 0.0000203 seconds
4.589: [GC (Allocation Failure)  75865K->633K(417792K), 0.0004870 secs]
4.590: Total time for which application threads were stopped: 0.0006352 seconds, Stopping threads took: 0.0000221 seconds
4.642: [GC (Allocation Failure)  74873K->665K(416768K), 0.0004845 secs]
4.642: Total time for which application threads were stopped: 0.0005965 seconds, Stopping threads took: 0.0000191 seconds
4.688: [GC (Allocation Failure)  73881K->697K(415744K), 0.0004154 secs]
4.689: Total time for which application threads were stopped: 0.0005318 seconds, Stopping threads took: 0.0000260 seconds
4.734: [GC (Allocation Failure)  72889K->697K(414720K), 0.0004712 secs]
4.735: Total time for which application threads were stopped: 0.0005913 seconds, Stopping threads took: 0.0000266 seconds
4.779: [GC (Allocation Failure)  71865K->697K(413696K), 0.0004943 secs]
4.780: Total time for which application threads were stopped: 0.0006086 seconds, Stopping threads took: 0.0000193 seconds
4.824: [GC (Allocation Failure)  70841K->633K(412672K), 0.0004720 secs]
4.824: Total time for which application threads were stopped: 0.0005901 seconds, Stopping threads took: 0.0000195 seconds
4.872: [GC (Allocation Failure)  69753K->633K(411648K), 0.0004407 secs]
4.873: Total time for which application threads were stopped: 0.0005556 seconds, Stopping threads took: 0.0000202 seconds
4.916: [GC (Allocation Failure)  68729K->633K(410624K), 0.0004723 secs]
4.916: Total time for which application threads were stopped: 0.0006028 seconds, Stopping threads took: 0.0000196 seconds
4.958: [GC (Allocation Failure)  67705K->633K(409600K), 0.0005267 secs]
4.959: Total time for which application threads were stopped: 0.0006329 seconds, Stopping threads took: 0.0000166 seconds
5.000: [GC (Allocation Failure)  66681K->633K(422912K), 0.0007641 secs]
5.001: Total time for which application threads were stopped: 0.0008937 seconds, Stopping threads took: 0.0000214 seconds
5.051: [GC (Allocation Failure)  79993K->665K(438784K), 0.0005646 secs]
5.051: Total time for which application threads were stopped: 0.0006787 seconds, Stopping threads took: 0.0000278 seconds
5.114: [GC (Allocation Failure)  95897K->697K(437248K), 0.0004360 secs]
5.115: Total time for which application threads were stopped: 0.0005453 seconds, Stopping threads took: 0.0000168 seconds
5.177: [GC (Allocation Failure)  94393K->665K(435712K), 0.0004985 secs]
5.177: Total time for which application threads were stopped: 0.0006416 seconds, Stopping threads took: 0.0000196 seconds
5.236: [GC (Allocation Failure)  92825K->633K(434176K), 0.0005189 secs]
5.237: Total time for which application threads were stopped: 0.0006530 seconds, Stopping threads took: 0.0000261 seconds
5.298: [GC (Allocation Failure)  91257K->601K(432640K), 0.0005725 secs]
5.299: Total time for which application threads were stopped: 0.0007190 seconds, Stopping threads took: 0.0000265 seconds
5.354: [GC (Allocation Failure)  89689K->633K(431104K), 0.0005007 secs]
5.355: Total time for which application threads were stopped: 0.0006488 seconds, Stopping threads took: 0.0000293 seconds
5.410: [GC (Allocation Failure)  88185K->601K(429568K), 0.0005742 secs]
5.410: Total time for which application threads were stopped: 0.0007064 seconds, Stopping threads took: 0.0000198 seconds
5.471: [GC (Allocation Failure)  86617K->665K(428032K), 0.0004810 secs]
5.472: Total time for which application threads were stopped: 0.0006315 seconds, Stopping threads took: 0.0000204 seconds
5.531: [GC (Allocation Failure)  85145K->665K(426496K), 0.0006090 secs]
5.531: Total time for which application threads were stopped: 0.0007350 seconds, Stopping threads took: 0.0000275 seconds
5.583: [GC (Allocation Failure)  83609K->697K(424960K), 0.0004863 secs]
5.584: Total time for which application threads were stopped: 0.0006173 seconds, Stopping threads took: 0.0000214 seconds
5.635: [GC (Allocation Failure)  82105K->633K(423424K), 0.0005198 secs]
5.635: Total time for which application threads were stopped: 0.0006656 seconds, Stopping threads took: 0.0000220 seconds
5.685: [GC (Allocation Failure)  80505K->633K(422400K), 0.0004725 secs]
5.686: Total time for which application threads were stopped: 0.0006072 seconds, Stopping threads took: 0.0000208 seconds
5.736: [GC (Allocation Failure)  79481K->633K(421376K), 0.0003527 secs]
5.737: Total time for which application threads were stopped: 0.0004609 seconds, Stopping threads took: 0.0000180 seconds
5.785: [GC (Allocation Failure)  78457K->633K(420352K), 0.0004610 secs]
5.786: Total time for which application threads were stopped: 0.0005821 seconds, Stopping threads took: 0.0000179 seconds
5.834: [GC (Allocation Failure)  77433K->633K(419328K), 0.0007315 secs]
5.834: Total time for which application threads were stopped: 0.0008784 seconds, Stopping threads took: 0.0000291 seconds
5.882: [GC (Allocation Failure)  76409K->697K(418304K), 0.0005429 secs]
5.882: Total time for which application threads were stopped: 0.0006666 seconds, Stopping threads took: 0.0000211 seconds
5.929: [GC (Allocation Failure)  75449K->601K(417280K), 0.0005389 secs]
5.930: Total time for which application threads were stopped: 0.0006666 seconds, Stopping threads took: 0.0000279 seconds
5.982: [GC (Allocation Failure)  74329K->665K(416256K), 0.0005339 secs]
5.983: Total time for which application threads were stopped: 0.0006758 seconds, Stopping threads took: 0.0000302 seconds
6.028: [GC (Allocation Failure)  73369K->665K(415232K), 0.0005204 secs]
6.029: Total time for which application threads were stopped: 0.0006575 seconds, Stopping threads took: 0.0000221 seconds
6.074: [GC (Allocation Failure)  72345K->633K(429568K), 0.0006534 secs]
6.075: Total time for which application threads were stopped: 0.0007978 seconds, Stopping threads took: 0.0000214 seconds
6.129: [GC (Allocation Failure)  86649K->601K(428032K), 0.0006034 secs]
6.129: Total time for which application threads were stopped: 0.0007434 seconds, Stopping threads took: 0.0000201 seconds
6.187: [GC (Allocation Failure)  85081K->633K(426496K), 0.0004238 secs]
6.187: Total time for which application threads were stopped: 0.0005414 seconds, Stopping threads took: 0.0000266 seconds
6.240: [GC (Allocation Failure)  83577K->601K(424960K), 0.0005872 secs]
6.240: Total time for which application threads were stopped: 0.0007181 seconds, Stopping threads took: 0.0000255 seconds
6.291: [GC (Allocation Failure)  82009K->729K(423424K), 0.0004754 secs]
6.292: Total time for which application threads were stopped: 0.0005955 seconds, Stopping threads took: 0.0000270 seconds
6.347: [GC (Allocation Failure)  80601K->633K(422400K), 0.0004891 secs]
6.348: Total time for which application threads were stopped: 0.0006030 seconds, Stopping threads took: 0.0000164 seconds
6.402: [GC (Allocation Failure)  79481K->665K(421376K), 0.0005318 secs]
6.403: Total time for which application threads were stopped: 0.0006819 seconds, Stopping threads took: 0.0000226 seconds
6.451: [GC (Allocation Failure)  78489K->601K(420352K), 0.0005463 secs]
6.452: Total time for which application threads were stopped: 0.0006814 seconds, Stopping threads took: 0.0000300 seconds
6.506: [GC (Allocation Failure)  77401K->601K(419328K), 0.0005489 secs]
6.506: Total time for which application threads were stopped: 0.0006674 seconds, Stopping threads took: 0.0000176 seconds
6.557: [GC (Allocation Failure)  76377K->633K(418304K), 0.0004063 secs]
6.557: Total time for which application threads were stopped: 0.0005814 seconds, Stopping threads took: 0.0000204 seconds
6.604: [GC (Allocation Failure)  75385K->697K(417280K), 0.0005184 secs]
6.605: Total time for which application threads were stopped: 0.0006387 seconds, Stopping threads took: 0.0000210 seconds
6.656: [GC (Allocation Failure)  74425K->633K(416256K), 0.0006195 secs]
6.656: Total time for which application threads were stopped: 0.0007389 seconds, Stopping threads took: 0.0000268 seconds
6.702: [GC (Allocation Failure)  73337K->633K(415232K), 0.0005116 secs]
6.703: Total time for which application threads were stopped: 0.0006309 seconds, Stopping threads took: 0.0000243 seconds
6.751: [GC (Allocation Failure)  72313K->633K(414208K), 0.0004407 secs]
6.751: Total time for which application threads were stopped: 0.0005439 seconds, Stopping threads took: 0.0000248 seconds
6.798: [GC (Allocation Failure)  71289K->665K(413184K), 0.0005345 secs]
6.799: Total time for which application threads were stopped: 0.0006512 seconds, Stopping threads took: 0.0000192 seconds
6.848: [GC (Allocation Failure)  70297K->633K(412160K), 0.0004282 secs]
6.848: Total time for which application threads were stopped: 0.0005568 seconds, Stopping threads took: 0.0000287 seconds
6.891: [GC (Allocation Failure)  69241K->665K(411136K), 0.0006421 secs]
6.892: Total time for which application threads were stopped: 0.0007692 seconds, Stopping threads took: 0.0000277 seconds
6.940: [GC (Allocation Failure)  68249K->601K(424960K), 0.0006789 secs]
6.941: Total time for which application threads were stopped: 0.0008260 seconds, Stopping threads took: 0.0000210 seconds
6.995: [GC (Allocation Failure)  82009K->665K(423424K), 0.0004855 secs]
6.996: Total time for which application threads were stopped: 0.0006155 seconds, Stopping threads took: 0.0000214 seconds
7.046: [GC (Allocation Failure)  80537K->633K(422400K), 0.0006048 secs]
7.046: Total time for which application threads were stopped: 0.0007369 seconds, Stopping threads took: 0.0000217 seconds
7.096: [GC (Allocation Failure)  79481K->601K(421376K), 0.0005523 secs]
7.096: Total time for which application threads were stopped: 0.0006969 seconds, Stopping threads took: 0.0000217 seconds
7.145: [GC (Allocation Failure)  78425K->633K(420352K), 0.0005375 secs]
7.146: Total time for which application threads were stopped: 0.0006671 seconds, Stopping threads took: 0.0000215 seconds
7.194: [GC (Allocation Failure)  77433K->601K(419328K), 0.0004147 secs]
7.194: Total time for which application threads were stopped: 0.0005367 seconds, Stopping threads took: 0.0000255 seconds
7.248: [GC (Allocation Failure)  76377K->633K(418304K), 0.0004990 secs]
7.248: Total time for which application threads were stopped: 0.0006297 seconds, Stopping threads took: 0.0000199 seconds
7.299: [GC (Allocation Failure)  75385K->697K(417280K), 0.0004807 secs]
7.300: Total time for which application threads were stopped: 0.0005981 seconds, Stopping threads took: 0.0000200 seconds
7.346: [GC (Allocation Failure)  74425K->633K(416256K), 0.0003999 secs]
7.346: Total time for which application threads were stopped: 0.0005078 seconds, Stopping threads took: 0.0000168 seconds
7.392: [GC (Allocation Failure)  73337K->633K(415232K), 0.0004570 secs]
7.393: Total time for which application threads were stopped: 0.0005813 seconds, Stopping threads took: 0.0000267 seconds
7.438: [GC (Allocation Failure)  72313K->665K(414208K), 0.0005818 secs]
7.438: Total time for which application threads were stopped: 0.0007101 seconds, Stopping threads took: 0.0000285 seconds
7.483: [GC (Allocation Failure)  71321K->633K(413184K), 0.0005640 secs]
7.483: Total time for which application threads were stopped: 0.0006925 seconds, Stopping threads took: 0.0000283 seconds
7.530: [GC (Allocation Failure)  70265K->601K(412160K), 0.0006130 secs]
7.531: Total time for which application threads were stopped: 0.0007310 seconds, Stopping threads took: 0.0000195 seconds
7.577: [GC (Allocation Failure)  69209K->601K(425984K), 0.0006188 secs]
7.578: Total time for which application threads were stopped: 0.0007459 seconds, Stopping threads took: 0.0000206 seconds
7.630: [GC (Allocation Failure)  83033K->601K(442880K), 0.0006394 secs]
7.630: Total time for which application threads were stopped: 0.0007573 seconds, Stopping threads took: 0.0000200 seconds
7.699: [GC (Allocation Failure)  99929K->633K(440832K), 0.0004187 secs]
7.700: Total time for which application threads were stopped: 0.0005467 seconds, Stopping threads took: 0.0000189 seconds
7.766: [GC (Allocation Failure)  97913K->633K(438784K), 0.0006134 secs]
7.767: Total time for which application threads were stopped: 0.0007317 seconds, Stopping threads took: 0.0000171 seconds
7.831: [GC (Allocation Failure)  95865K->633K(437248K), 0.0004769 secs]
7.832: Total time for which application threads were stopped: 0.0006016 seconds, Stopping threads took: 0.0000200 seconds
7.890: [GC (Allocation Failure)  94329K->697K(435712K), 0.0004835 secs]
7.891: Total time for which application threads were stopped: 0.0006089 seconds, Stopping threads took: 0.0000194 seconds
7.950: [GC (Allocation Failure)  92857K->697K(434176K), 0.0004782 secs]
7.950: Total time for which application threads were stopped: 0.0006100 seconds, Stopping threads took: 0.0000205 seconds
8.012: [GC (Allocation Failure)  91321K->633K(432640K), 0.0005160 secs]
8.013: Total time for which application threads were stopped: 0.0006521 seconds, Stopping threads took: 0.0000202 seconds
8.075: [GC (Allocation Failure)  89721K->633K(431104K), 0.0004613 secs]
8.075: Total time for which application threads were stopped: 0.0005810 seconds, Stopping threads took: 0.0000203 seconds
8.130: [GC (Allocation Failure)  88185K->665K(429568K), 0.0005971 secs]
8.131: Total time for which application threads were stopped: 0.0007142 seconds, Stopping threads took: 0.0000196 seconds
8.184: [GC (Allocation Failure)  86681K->569K(428032K), 0.0006911 secs]
8.185: Total time for which application threads were stopped: 0.0008304 seconds, Stopping threads took: 0.0000276 seconds
8.241: [GC (Allocation Failure)  85049K->601K(426496K), 0.0004474 secs]
8.242: Total time for which application threads were stopped: 0.0005830 seconds, Stopping threads took: 0.0000278 seconds
8.297: [GC (Allocation Failure)  83545K->633K(424960K), 0.0006800 secs]
8.298: Total time for which application threads were stopped: 0.0008044 seconds, Stopping threads took: 0.0000206 seconds
8.353: [GC (Allocation Failure)  82041K->633K(423424K), 0.0006752 secs]
8.354: Total time for which application threads were stopped: 0.0008100 seconds, Stopping threads took: 0.0000274 seconds
8.411: [GC (Allocation Failure)  80505K->633K(422400K), 0.0004940 secs]
8.411: Total time for which application threads were stopped: 0.0006104 seconds, Stopping threads took: 0.0000194 seconds
8.461: [GC (Allocation Failure)  79481K->601K(421376K), 0.0005501 secs]
8.461: Total time for which application threads were stopped: 0.0006923 seconds, Stopping threads took: 0.0000275 seconds
8.515: [GC (Allocation Failure)  78425K->601K(420352K), 0.0004137 secs]
8.515: Total time for which application threads were stopped: 0.0005255 seconds, Stopping threads took: 0.0000274 seconds
8.568: [GC (Allocation Failure)  77401K->601K(419328K), 0.0006481 secs]
8.569: Total time for which application threads were stopped: 0.0007876 seconds, Stopping threads took: 0.0000280 seconds
8.616: [GC (Allocation Failure)  76377K->633K(418304K), 0.0004777 secs]
8.617: Total time for which application threads were stopped: 0.0006101 seconds, Stopping threads took: 0.0000292 seconds
8.670: [GC (Allocation Failure)  75385K->665K(417280K), 0.0004953 secs]
8.670: Total time for which application threads were stopped: 0.0006038 seconds, Stopping threads took: 0.0000171 seconds
8.716: [GC (Allocation Failure)  74393K->665K(416256K), 0.0004336 secs]
8.717: Total time for which application threads were stopped: 0.0006984 seconds, Stopping threads took: 0.0000198 seconds
8.763: [GC (Allocation Failure)  73369K->601K(415232K), 0.0005940 secs]
8.763: Total time for which application threads were stopped: 0.0007086 seconds, Stopping threads took: 0.0000197 seconds
8.811: [GC (Allocation Failure)  72281K->665K(414208K), 0.0005053 secs]
8.811: Total time for which application threads were stopped: 0.0006226 seconds, Stopping threads took: 0.0000190 seconds
8.856: [GC (Allocation Failure)  71321K->633K(413184K), 0.0004119 secs]
8.856: Total time for which application threads were stopped: 0.0005285 seconds, Stopping threads took: 0.0000196 seconds
8.905: [GC (Allocation Failure)  70265K->665K(412160K), 0.0004505 secs]
8.905: Total time for which application threads were stopped: 0.0005762 seconds, Stopping threads took: 0.0000281 seconds
8.954: [GC (Allocation Failure)  69273K->665K(411136K), 0.0005246 secs]
8.954: Total time for which application threads were stopped: 0.0006504 seconds, Stopping threads took: 0.0000199 seconds
8.997: [GC (Allocation Failure)  68249K->633K(410112K), 0.0004370 secs]
8.997: Total time for which application threads were stopped: 0.0005603 seconds, Stopping threads took: 0.0000281 seconds
9.045: [GC (Allocation Failure)  67193K->697K(409088K), 0.0005861 secs]
9.046: Total time for which application threads were stopped: 0.0007057 seconds, Stopping threads took: 0.0000196 seconds
9.087: [GC (Allocation Failure)  66233K->665K(408064K), 0.0004610 secs]
9.088: Total time for which application threads were stopped: 0.0005834 seconds, Stopping threads took: 0.0000268 seconds
9.128: [GC (Allocation Failure)  65177K->633K(407040K), 0.0005015 secs]
9.129: Total time for which application threads were stopped: 0.0006174 seconds, Stopping threads took: 0.0000194 seconds
9.168: [GC (Allocation Failure)  64121K->633K(406016K), 0.0004773 secs]
9.169: Total time for which application threads were stopped: 0.0005919 seconds, Stopping threads took: 0.0000194 seconds
9.214: [GC (Allocation Failure)  63097K->665K(405504K), 0.0004890 secs]
9.215: Total time for which application threads were stopped: 0.0006140 seconds, Stopping threads took: 0.0000263 seconds
9.254: [GC (Allocation Failure)  62617K->665K(404992K), 0.0004542 secs]
9.254: Total time for which application threads were stopped: 0.0005803 seconds, Stopping threads took: 0.0000282 seconds
9.298: [GC (Allocation Failure)  62105K->697K(404480K), 0.0005598 secs]
9.299: Total time for which application threads were stopped: 0.0006771 seconds, Stopping threads took: 0.0000195 seconds
9.343: [GC (Allocation Failure)  61625K->633K(403968K), 0.0004884 secs]
9.344: Total time for which application threads were stopped: 0.0006248 seconds, Stopping threads took: 0.0000276 seconds
9.388: [GC (Allocation Failure)  61049K->601K(403456K), 0.0004835 secs]
9.388: Total time for which application threads were stopped: 0.0006017 seconds, Stopping threads took: 0.0000188 seconds
9.430: [GC (Allocation Failure)  60505K->633K(402944K), 0.0004809 secs]
9.431: Total time for which application threads were stopped: 0.0006057 seconds, Stopping threads took: 0.0000203 seconds
9.475: [GC (Allocation Failure)  60025K->665K(402432K), 0.0004251 secs]
9.475: Total time for which application threads were stopped: 0.0005409 seconds, Stopping threads took: 0.0000187 seconds
9.517: [GC (Allocation Failure)  59545K->633K(401920K), 0.0004221 secs]
9.518: Total time for which application threads were stopped: 0.0005184 seconds, Stopping threads took: 0.0000170 seconds
9.555: [GC (Allocation Failure)  59001K->633K(401408K), 0.0005015 secs]
9.555: Total time for which application threads were stopped: 0.0005993 seconds, Stopping threads took: 0.0000174 seconds
9.591: [GC (Allocation Failure)  58489K->633K(413184K), 0.0005252 secs]
9.592: Total time for which application threads were stopped: 0.0006418 seconds, Stopping threads took: 0.0000252 seconds
9.635: [GC (Allocation Failure)  70265K->633K(427520K), 0.0005823 secs]
9.636: Total time for which application threads were stopped: 0.0007085 seconds, Stopping threads took: 0.0000195 seconds
9.689: [GC (Allocation Failure)  84601K->601K(425984K), 0.0004902 secs]
9.689: Total time for which application threads were stopped: 0.0006249 seconds, Stopping threads took: 0.0000295 seconds
9.743: [GC (Allocation Failure)  83033K->697K(424448K), 0.0004337 secs]
9.743: Total time for which application threads were stopped: 0.0005560 seconds, Stopping threads took: 0.0000201 seconds
9.794: [GC (Allocation Failure)  81593K->633K(422912K), 0.0005683 secs]
9.794: Total time for which application threads were stopped: 0.0007160 seconds, Stopping threads took: 0.0000224 seconds
9.850: [GC (Allocation Failure)  79993K->601K(421888K), 0.0005033 secs]
9.851: Total time for which application threads were stopped: 0.0006132 seconds, Stopping threads took: 0.0000173 seconds
9.900: [GC (Allocation Failure)  78937K->633K(420864K), 0.0004913 secs]
9.900: Total time for which application threads were stopped: 0.0006123 seconds, Stopping threads took: 0.0000192 seconds
9.949: [GC (Allocation Failure)  77945K->633K(419840K), 0.0004736 secs]
9.949: Total time for which application threads were stopped: 0.0007018 seconds, Stopping threads took: 0.0001352 seconds
10.001: [GC (Allocation Failure)  76921K->729K(418816K), 0.0004631 secs]
10.002: Total time for which application threads were stopped: 0.0006046 seconds, Stopping threads took: 0.0000266 seconds
10.049: [GC (Allocation Failure)  75993K->665K(417792K), 0.0005131 secs]
10.049: Total time for which application threads were stopped: 0.0006417 seconds, Stopping threads took: 0.0000206 seconds
10.096: [GC (Allocation Failure)  74905K->633K(416768K), 0.0006705 secs]
10.097: Total time for which application threads were stopped: 0.0008016 seconds, Stopping threads took: 0.0000216 seconds
10.143: [GC (Allocation Failure)  73849K->665K(415744K), 0.0005038 secs]
10.143: Total time for which application threads were stopped: 0.0006486 seconds, Stopping threads took: 0.0000261 seconds
10.194: [GC (Allocation Failure)  72857K->697K(414720K), 0.0004094 secs]
10.195: Total time for which application threads were stopped: 0.0005332 seconds, Stopping threads took: 0.0000189 seconds
10.241: [GC (Allocation Failure)  71865K->697K(413696K), 0.0005028 secs]
10.242: Total time for which application threads were stopped: 0.0006489 seconds, Stopping threads took: 0.0000175 seconds
10.293: [GC (Allocation Failure)  70841K->665K(412672K), 0.0006530 secs]
10.293: Total time for which application threads were stopped: 0.0008072 seconds, Stopping threads took: 0.0000291 seconds
10.336: [GC (Allocation Failure)  69785K->697K(411648K), 0.0005886 secs]
10.337: Total time for which application threads were stopped: 0.0007388 seconds, Stopping threads took: 0.0000229 seconds
10.380: [GC (Allocation Failure)  68793K->665K(410624K), 0.0005200 secs]
10.380: Total time for which application threads were stopped: 0.0006652 seconds, Stopping threads took: 0.0000290 seconds
10.422: [GC (Allocation Failure)  67737K->665K(409600K), 0.0004987 secs]
10.423: Total time for which application threads were stopped: 0.0006422 seconds, Stopping threads took: 0.0000290 seconds
10.464: [GC (Allocation Failure)  66713K->665K(422912K), 0.0005710 secs]
10.464: Total time for which application threads were stopped: 0.0007232 seconds, Stopping threads took: 0.0000293 seconds
10.520: [GC (Allocation Failure)  80025K->633K(421888K), 0.0005373 secs]
10.520: Total time for which application threads were stopped: 0.0006579 seconds, Stopping threads took: 0.0000195 seconds
10.575: [GC (Allocation Failure)  78969K->665K(420864K), 0.0005331 secs]
10.575: Total time for which application threads were stopped: 0.0006576 seconds, Stopping threads took: 0.0000269 seconds
10.624: [GC (Allocation Failure)  77977K->665K(436736K), 0.0006689 secs]
10.624: Total time for which application threads were stopped: 0.0007942 seconds, Stopping threads took: 0.0000271 seconds
10.682: [GC (Allocation Failure)  93849K->633K(455680K), 0.0008232 secs]
10.683: Total time for which application threads were stopped: 0.0009408 seconds, Stopping threads took: 0.0000189 seconds
10.758: [GC (Allocation Failure)  112761K->633K(453120K), 0.0004639 secs]
10.758: Total time for which application threads were stopped: 0.0006109 seconds, Stopping threads took: 0.0000282 seconds
10.833: [GC (Allocation Failure)  110201K->665K(451072K), 0.0006697 secs]
10.833: Total time for which application threads were stopped: 0.0008223 seconds, Stopping threads took: 0.0000225 seconds
10.900: [GC (Allocation Failure)  108185K->601K(449024K), 0.0006723 secs]
10.901: Total time for which application threads were stopped: 0.0008276 seconds, Stopping threads took: 0.0000193 seconds
10.967: [GC (Allocation Failure)  106073K->633K(446976K), 0.0004301 secs]
10.968: Total time for which application threads were stopped: 0.0005629 seconds, Stopping threads took: 0.0000263 seconds
11.037: [GC (Allocation Failure)  104057K->665K(444928K), 0.0004855 secs]
11.038: Total time for which application threads were stopped: 0.0006169 seconds, Stopping threads took: 0.0000278 seconds
11.107: [GC (Allocation Failure)  102041K->633K(442880K), 0.0004870 secs]
11.108: Total time for which application threads were stopped: 0.0006298 seconds, Stopping threads took: 0.0000286 seconds
11.175: [GC (Allocation Failure)  99961K->665K(440832K), 0.0005287 secs]
11.176: Total time for which application threads were stopped: 0.0006638 seconds, Stopping threads took: 0.0000303 seconds
11.237: [GC (Allocation Failure)  97945K->633K(438784K), 0.0005456 secs]
11.237: Total time for which application threads were stopped: 0.0006530 seconds, Stopping threads took: 0.0000165 seconds
11.303: [GC (Allocation Failure)  95865K->633K(437248K), 0.0004955 secs]
11.304: Total time for which application threads were stopped: 0.0006201 seconds, Stopping threads took: 0.0000270 seconds
11.366: [GC (Allocation Failure)  94329K->633K(435712K), 0.0004944 secs]
11.366: Total time for which application threads were stopped: 0.0006198 seconds, Stopping threads took: 0.0000194 seconds
11.424: [GC (Allocation Failure)  92793K->633K(434176K), 0.0004706 secs]
11.424: Total time for which application threads were stopped: 0.0005983 seconds, Stopping threads took: 0.0000274 seconds
11.481: [GC (Allocation Failure)  91257K->633K(432640K), 0.0005407 secs]
11.481: Total time for which application threads were stopped: 0.0006659 seconds, Stopping threads took: 0.0000187 seconds
11.540: [GC (Allocation Failure)  89721K->665K(431104K), 0.0004853 secs]
11.540: Total time for which application threads were stopped: 0.0006068 seconds, Stopping threads took: 0.0000175 seconds
11.595: [GC (Allocation Failure)  88217K->697K(429568K), 0.0006154 secs]
11.596: Total time for which application threads were stopped: 0.0007391 seconds, Stopping threads took: 0.0000202 seconds
11.654: [GC (Allocation Failure)  86713K->601K(428032K), 0.0006939 secs]
11.655: Total time for which application threads were stopped: 0.0008428 seconds, Stopping threads took: 0.0000275 seconds
11.712: [GC (Allocation Failure)  85081K->697K(426496K), 0.0004362 secs]
11.713: Total time for which application threads were stopped: 0.0005669 seconds, Stopping threads took: 0.0000283 seconds
11.765: [GC (Allocation Failure)  83641K->633K(424960K), 0.0005472 secs]
11.765: Total time for which application threads were stopped: 0.0007036 seconds, Stopping threads took: 0.0000292 seconds
11.816: [GC (Allocation Failure)  82041K->633K(423424K), 0.0004713 secs]
11.817: Total time for which application threads were stopped: 0.0005996 seconds, Stopping threads took: 0.0000271 seconds
11.866: [GC (Allocation Failure)  80505K->665K(422400K), 0.0008426 secs]
11.867: Total time for which application threads were stopped: 0.0009797 seconds, Stopping threads took: 0.0000195 seconds
11.920: [GC (Allocation Failure)  79513K->633K(421376K), 0.0004796 secs]
11.921: Total time for which application threads were stopped: 0.0005998 seconds, Stopping threads took: 0.0000198 seconds
11.973: [GC (Allocation Failure)  78457K->665K(420352K), 0.0006117 secs]
11.974: Total time for which application threads were stopped: 0.0007407 seconds, Stopping threads took: 0.0000199 seconds
12.027: [GC (Allocation Failure)  77465K->633K(419328K), 0.0004511 secs]
12.028: Total time for which application threads were stopped: 0.0005711 seconds, Stopping threads took: 0.0000259 seconds
12.075: [GC (Allocation Failure)  76409K->633K(418304K), 0.0006935 secs]
12.076: Total time for which application threads were stopped: 0.0008159 seconds, Stopping threads took: 0.0000252 seconds
12.127: [GC (Allocation Failure)  75385K->633K(417280K), 0.0005381 secs]
12.128: Total time for which application threads were stopped: 0.0006733 seconds, Stopping threads took: 0.0000290 seconds
12.174: [GC (Allocation Failure)  74361K->601K(416256K), 0.0005012 secs]
12.174: Total time for which application threads were stopped: 0.0006309 seconds, Stopping threads took: 0.0000282 seconds
12.225: [GC (Allocation Failure)  73305K->633K(415232K), 0.0003770 secs]
12.225: Total time for which application threads were stopped: 0.0005064 seconds, Stopping threads took: 0.0000258 seconds
12.270: [GC (Allocation Failure)  72313K->601K(414208K), 0.0006055 secs]
12.271: Total time for which application threads were stopped: 0.0007339 seconds, Stopping threads took: 0.0000194 seconds
12.320: [GC (Allocation Failure)  71257K->601K(413184K), 0.0006347 secs]
12.321: Total time for which application threads were stopped: 0.0007604 seconds, Stopping threads took: 0.0000276 seconds
12.369: [GC (Allocation Failure)  70233K->697K(427520K), 0.0006764 secs]
12.369: Total time for which application threads were stopped: 0.0008276 seconds, Stopping threads took: 0.0000213 seconds
12.428: [GC (Allocation Failure)  84665K->729K(425984K), 0.0004916 secs]
12.429: Total time for which application threads were stopped: 0.0006331 seconds, Stopping threads took: 0.0000227 seconds
12.480: [GC (Allocation Failure)  83161K->665K(424448K), 0.0005481 secs]
12.481: Total time for which application threads were stopped: 0.0006867 seconds, Stopping threads took: 0.0000223 seconds
12.532: [GC (Allocation Failure)  81561K->633K(422912K), 0.0005250 secs]
12.533: Total time for which application threads were stopped: 0.0006443 seconds, Stopping threads took: 0.0000201 seconds
12.582: [GC (Allocation Failure)  79993K->633K(421888K), 0.0005010 secs]
12.583: Total time for which application threads were stopped: 0.0006306 seconds, Stopping threads took: 0.0000222 seconds
12.638: [GC (Allocation Failure)  78969K->729K(420864K), 0.0004925 secs]
12.639: Total time for which application threads were stopped: 0.0006207 seconds, Stopping threads took: 0.0000278 seconds
12.687: [GC (Allocation Failure)  78041K->633K(419840K), 0.0006926 secs]
12.688: Total time for which application threads were stopped: 0.0008187 seconds, Stopping threads took: 0.0000276 seconds
12.737: [GC (Allocation Failure)  76921K->697K(418816K), 0.0003984 secs]
12.737: Total time for which application threads were stopped: 0.0005198 seconds, Stopping threads took: 0.0000201 seconds
12.784: [GC (Allocation Failure)  75961K->665K(417792K), 0.0005343 secs]
12.785: Total time for which application threads were stopped: 0.0006630 seconds, Stopping threads took: 0.0000281 seconds
12.831: [GC (Allocation Failure)  74905K->633K(416768K), 0.0004936 secs]
12.832: Total time for which application threads were stopped: 0.0006441 seconds, Stopping threads took: 0.0000297 seconds
12.877: [GC (Allocation Failure)  73849K->633K(415744K), 0.0005074 secs]
12.878: Total time for which application threads were stopped: 0.0006426 seconds, Stopping threads took: 0.0000283 seconds
12.923: [GC (Allocation Failure)  72825K->601K(414720K), 0.0005687 secs]
12.924: Total time for which application threads were stopped: 0.0006731 seconds, Stopping threads took: 0.0000166 seconds
12.968: [GC (Allocation Failure)  71769K->665K(413696K), 0.0005015 secs]
12.968: Total time for which application threads were stopped: 0.0006302 seconds, Stopping threads took: 0.0000279 seconds
13.013: [GC (Allocation Failure)  70809K->665K(412672K), 0.0004957 secs]
13.013: Total time for which application threads were stopped: 0.0006255 seconds, Stopping threads took: 0.0000284 seconds
13.063: [GC (Allocation Failure)  69785K->697K(426496K), 0.0006493 secs]
13.064: Total time for which application threads were stopped: 0.0007698 seconds, Stopping threads took: 0.0000204 seconds
13.116: [GC (Allocation Failure)  83641K->633K(424960K), 0.0005389 secs]
13.116: Total time for which application threads were stopped: 0.0006831 seconds, Stopping threads took: 0.0000220 seconds
13.172: [GC (Allocation Failure)  82041K->633K(423424K), 0.0004875 secs]
13.172: Total time for which application threads were stopped: 0.0006331 seconds, Stopping threads took: 0.0000200 seconds
13.231: [GC (Allocation Failure)  80505K->697K(422400K), 0.0004087 secs]
13.232: Total time for which application threads were stopped: 0.0005346 seconds, Stopping threads took: 0.0000268 seconds
13.286: [GC (Allocation Failure)  79545K->633K(421376K), 0.0006016 secs]
13.287: Total time for which application threads were stopped: 0.0007293 seconds, Stopping threads took: 0.0000276 seconds
13.335: [GC (Allocation Failure)  78457K->633K(420352K), 0.0004997 secs]
13.336: Total time for which application threads were stopped: 0.0006271 seconds, Stopping threads took: 0.0000278 seconds
13.390: [GC (Allocation Failure)  77433K->601K(419328K), 0.0006162 secs]
13.390: Total time for which application threads were stopped: 0.0007463 seconds, Stopping threads took: 0.0000274 seconds
13.444: [GC (Allocation Failure)  76377K->601K(418304K), 0.0005108 secs]
13.444: Total time for which application threads were stopped: 0.0006468 seconds, Stopping threads took: 0.0000221 seconds
13.491: [GC (Allocation Failure)  75353K->601K(417280K), 0.0004668 secs]
13.491: Total time for which application threads were stopped: 0.0005819 seconds, Stopping threads took: 0.0000235 seconds
13.538: [GC (Allocation Failure)  74329K->633K(416256K), 0.0005135 secs]
13.539: Total time for which application threads were stopped: 0.0006448 seconds, Stopping threads took: 0.0000200 seconds
13.589: [GC (Allocation Failure)  73337K->729K(415232K), 0.0005993 secs]
13.590: Total time for which application threads were stopped: 0.0007258 seconds, Stopping threads took: 0.0000204 seconds
13.638: [GC (Allocation Failure)  72409K->601K(414208K), 0.0005569 secs]
13.638: Total time for which application threads were stopped: 0.0006799 seconds, Stopping threads took: 0.0000216 seconds
13.686: [GC (Allocation Failure)  71257K->601K(413184K), 0.0005552 secs]
13.686: Total time for which application threads were stopped: 0.0006826 seconds, Stopping threads took: 0.0000198 seconds
13.731: [GC (Allocation Failure)  70233K->697K(412160K), 0.0005504 secs]
13.732: Total time for which application threads were stopped: 0.0006813 seconds, Stopping threads took: 0.0000268 seconds
13.775: [GC (Allocation Failure)  69305K->665K(411136K), 0.0004904 secs]
13.775: Total time for which application threads were stopped: 0.0006168 seconds, Stopping threads took: 0.0000199 seconds
13.818: [GC (Allocation Failure)  68249K->601K(424960K), 0.0006738 secs]
13.818: Total time for which application threads were stopped: 0.0008186 seconds, Stopping threads took: 0.0000215 seconds
13.869: [GC (Allocation Failure)  82009K->633K(441344K), 0.0006240 secs]
13.870: Total time for which application threads were stopped: 0.0007781 seconds, Stopping threads took: 0.0000419 seconds
13.931: [GC (Allocation Failure)  98425K->665K(461312K), 0.0006615 secs]
13.931: Total time for which application threads were stopped: 0.0007820 seconds, Stopping threads took: 0.0000194 seconds
14.005: [GC (Allocation Failure)  118425K->665K(458752K), 0.0004340 secs]
14.005: Total time for which application threads were stopped: 0.0005613 seconds, Stopping threads took: 0.0000208 seconds
14.082: [GC (Allocation Failure)  115865K->665K(456192K), 0.0003979 secs]
14.082: Total time for which application threads were stopped: 0.0005036 seconds, Stopping threads took: 0.0000172 seconds
14.153: [GC (Allocation Failure)  113305K->601K(453632K), 0.0006343 secs]
14.153: Total time for which application threads were stopped: 0.0007615 seconds, Stopping threads took: 0.0000195 seconds
14.226: [GC (Allocation Failure)  110681K->729K(451584K), 0.0004796 secs]
14.226: Total time for which application threads were stopped: 0.0006520 seconds, Stopping threads took: 0.0000266 seconds
14.299: [GC (Allocation Failure)  108761K->633K(449536K), 0.0004478 secs]
14.299: Total time for which application threads were stopped: 0.0005643 seconds, Stopping threads took: 0.0000196 seconds
14.371: [GC (Allocation Failure)  106617K->633K(447488K), 0.0004983 secs]
14.372: Total time for which application threads were stopped: 0.0006088 seconds, Stopping threads took: 0.0000168 seconds
14.437: [GC (Allocation Failure)  104569K->601K(445440K), 0.0004908 secs]
14.437: Total time for which application threads were stopped: 0.0006151 seconds, Stopping threads took: 0.0000208 seconds
14.502: [GC (Allocation Failure)  102489K->601K(443392K), 0.0008450 secs]
14.503: Total time for which application threads were stopped: 0.0009846 seconds, Stopping threads took: 0.0000254 seconds
14.565: [GC (Allocation Failure)  100441K->665K(441344K), 0.0004609 secs]
14.566: Total time for which application threads were stopped: 0.0005824 seconds, Stopping threads took: 0.0000199 seconds
14.631: [GC (Allocation Failure)  98457K->601K(439296K), 0.0004981 secs]
14.632: Total time for which application threads were stopped: 0.0006402 seconds, Stopping threads took: 0.0000202 seconds
14.696: [GC (Allocation Failure)  96345K->633K(437760K), 0.0003994 secs]
14.697: Total time for which application threads were stopped: 0.0005266 seconds, Stopping threads took: 0.0000187 seconds
14.756: [GC (Allocation Failure)  94841K->633K(436224K), 0.0004622 secs]
14.757: Total time for which application threads were stopped: 0.0005629 seconds, Stopping threads took: 0.0000162 seconds
14.815: [GC (Allocation Failure)  93305K->697K(434688K), 0.0005055 secs]
14.815: Total time for which application threads were stopped: 0.0006499 seconds, Stopping threads took: 0.0000207 seconds
14.878: [GC (Allocation Failure)  91833K->633K(433152K), 0.0005231 secs]
14.879: Total time for which application threads were stopped: 0.0006576 seconds, Stopping threads took: 0.0000274 seconds
14.934: [GC (Allocation Failure)  90233K->665K(431616K), 0.0004749 secs]
14.935: Total time for which application threads were stopped: 0.0005988 seconds, Stopping threads took: 0.0000265 seconds
14.990: [GC (Allocation Failure)  88729K->729K(430080K), 0.0004579 secs]
14.990: Total time for which application threads were stopped: 0.0005732 seconds, Stopping threads took: 0.0000190 seconds
15.050: [GC (Allocation Failure)  87257K->633K(428544K), 0.0005546 secs]
15.051: Total time for which application threads were stopped: 0.0006836 seconds, Stopping threads took: 0.0000211 seconds
15.104: [GC (Allocation Failure)  85625K->665K(427008K), 0.0005617 secs]
15.105: Total time for which application threads were stopped: 0.0006796 seconds, Stopping threads took: 0.0000201 seconds
15.161: [GC (Allocation Failure)  84121K->665K(425472K), 0.0004516 secs]
15.162: Total time for which application threads were stopped: 0.0005683 seconds, Stopping threads took: 0.0000194 seconds
15.214: [GC (Allocation Failure)  82585K->633K(423936K), 0.0003971 secs]
15.214: Total time for which application threads were stopped: 0.0005335 seconds, Stopping threads took: 0.0000262 seconds
15.270: [GC (Allocation Failure)  81017K->633K(422400K), 0.0004303 secs]
15.270: Total time for which application threads were stopped: 0.0005290 seconds, Stopping threads took: 0.0000167 seconds
15.319: [GC (Allocation Failure)  79481K->601K(421376K), 0.0004325 secs]
15.320: Total time for which application threads were stopped: 0.0005413 seconds, Stopping threads took: 0.0000166 seconds
15.372: [GC (Allocation Failure)  78425K->665K(420352K), 0.0004624 secs]
15.373: Total time for which application threads were stopped: 0.0005992 seconds, Stopping threads took: 0.0000275 seconds
15.421: [GC (Allocation Failure)  77465K->633K(419328K), 0.0005100 secs]
15.421: Total time for which application threads were stopped: 0.0006528 seconds, Stopping threads took: 0.0000294 seconds
15.469: [GC (Allocation Failure)  76409K->665K(418304K), 0.0005311 secs]
15.469: Total time for which application threads were stopped: 0.0006958 seconds, Stopping threads took: 0.0000219 seconds
15.522: [GC (Allocation Failure)  75417K->665K(417280K), 0.0004163 secs]
15.522: Total time for which application threads were stopped: 0.0005365 seconds, Stopping threads took: 0.0000283 seconds
15.572: [GC (Allocation Failure)  74393K->665K(416256K), 0.0005032 secs]
15.572: Total time for which application threads were stopped: 0.0006392 seconds, Stopping threads took: 0.0000292 seconds
15.618: [GC (Allocation Failure)  73369K->665K(415232K), 0.0006491 secs]
15.618: Total time for which application threads were stopped: 0.0008000 seconds, Stopping threads took: 0.0000306 seconds
15.663: [GC (Allocation Failure)  72345K->729K(414208K), 0.0005474 secs]
15.664: Total time for which application threads were stopped: 0.0007072 seconds, Stopping threads took: 0.0000304 seconds
15.708: [GC (Allocation Failure)  71385K->729K(413184K), 0.0004226 secs]
15.709: Total time for which application threads were stopped: 0.0005504 seconds, Stopping threads took: 0.0000257 seconds
15.752: [GC (Allocation Failure)  70361K->697K(412160K), 0.0006505 secs]
15.753: Total time for which application threads were stopped: 0.0007794 seconds, Stopping threads took: 0.0000288 seconds
15.802: [GC (Allocation Failure)  69305K->665K(411136K), 0.0005426 secs]
15.803: Total time for which application threads were stopped: 0.0006605 seconds, Stopping threads took: 0.0000198 seconds
15.845: [GC (Allocation Failure)  68249K->633K(424960K), 0.0005933 secs]
15.846: Total time for which application threads were stopped: 0.0007017 seconds, Stopping threads took: 0.0000197 seconds
15.900: [GC (Allocation Failure)  82041K->601K(423424K), 0.0006147 secs]
15.900: Total time for which application threads were stopped: 0.0007231 seconds, Stopping threads took: 0.0000168 seconds
15.955: [GC (Allocation Failure)  80473K->633K(422400K), 0.0005878 secs]
15.956: Total time for which application threads were stopped: 0.0007156 seconds, Stopping threads took: 0.0000279 seconds
16.010: [GC (Allocation Failure)  79481K->665K(421376K), 0.0005617 secs]
16.011: Total time for which application threads were stopped: 0.0006904 seconds, Stopping threads took: 0.0000276 seconds
16.059: [GC (Allocation Failure)  78489K->697K(420352K), 0.0004394 secs]
16.060: Total time for which application threads were stopped: 0.0005558 seconds, Stopping threads took: 0.0000205 seconds
16.108: [GC (Allocation Failure)  77497K->665K(419328K), 0.0004609 secs]
16.108: Total time for which application threads were stopped: 0.0005813 seconds, Stopping threads took: 0.0000192 seconds
16.155: [GC (Allocation Failure)  76441K->697K(418304K), 0.0004717 secs]
16.156: Total time for which application threads were stopped: 0.0006006 seconds, Stopping threads took: 0.0000278 seconds
16.203: [GC (Allocation Failure)  75449K->633K(417280K), 0.0004216 secs]
16.203: Total time for which application threads were stopped: 0.0005420 seconds, Stopping threads took: 0.0000191 seconds
16.251: [GC (Allocation Failure)  74361K->633K(416256K), 0.0004766 secs]
16.251: Total time for which application threads were stopped: 0.0006150 seconds, Stopping threads took: 0.0000278 seconds
16.297: [GC (Allocation Failure)  73337K->665K(415232K), 0.0004699 secs]
16.297: Total time for which application threads were stopped: 0.0006120 seconds, Stopping threads took: 0.0000204 seconds
16.342: [GC (Allocation Failure)  72345K->697K(414208K), 0.0005167 secs]
16.343: Total time for which application threads were stopped: 0.0006599 seconds, Stopping threads took: 0.0000307 seconds
16.392: [GC (Allocation Failure)  71353K->665K(413184K), 0.0006374 secs]
16.393: Total time for which application threads were stopped: 0.0007994 seconds, Stopping threads took: 0.0000219 seconds
16.436: [GC (Allocation Failure)  70297K->697K(412160K), 0.0005127 secs]
16.437: Total time for which application threads were stopped: 0.0006521 seconds, Stopping threads took: 0.0000220 seconds
16.481: [GC (Allocation Failure)  69305K->633K(411136K), 0.0005695 secs]
16.482: Total time for which application threads were stopped: 0.0007267 seconds, Stopping threads took: 0.0000299 seconds
16.525: [GC (Allocation Failure)  68217K->633K(410112K), 0.0004795 secs]
16.526: Total time for which application threads were stopped: 0.0005995 seconds, Stopping threads took: 0.0000195 seconds
16.570: [GC (Allocation Failure)  67193K->665K(409088K), 0.0005149 secs]
16.571: Total time for which application threads were stopped: 0.0006585 seconds, Stopping threads took: 0.0000299 seconds
16.612: [GC (Allocation Failure)  66201K->633K(408064K), 0.0005152 secs]
16.612: Total time for which application threads were stopped: 0.0006634 seconds, Stopping threads took: 0.0000226 seconds
16.658: [GC (Allocation Failure)  65145K->665K(421376K), 0.0008460 secs]
16.659: Total time for which application threads were stopped: 0.0009731 seconds, Stopping threads took: 0.0000224 seconds
16.711: [GC (Allocation Failure)  78489K->697K(437248K), 0.0004285 secs]
16.711: Total time for which application threads were stopped: 0.0005490 seconds, Stopping threads took: 0.0000260 seconds
16.770: [GC (Allocation Failure)  94393K->665K(435712K), 0.0004963 secs]
16.770: Total time for which application threads were stopped: 0.0006274 seconds, Stopping threads took: 0.0000285 seconds
16.828: [GC (Allocation Failure)  92825K->633K(434176K), 0.0005791 secs]
16.828: Total time for which application threads were stopped: 0.0007159 seconds, Stopping threads took: 0.0000198 seconds
16.888: [GC (Allocation Failure)  91257K->697K(432640K), 0.0004980 secs]
16.888: Total time for which application threads were stopped: 0.0006321 seconds, Stopping threads took: 0.0000293 seconds
16.949: [GC (Allocation Failure)  89785K->633K(431104K), 0.0006480 secs]
16.949: Total time for which application threads were stopped: 0.0007678 seconds, Stopping threads took: 0.0000206 seconds
17.004: [GC (Allocation Failure)  88185K->633K(429568K), 0.0005160 secs]
17.005: Total time for which application threads were stopped: 0.0006604 seconds, Stopping threads took: 0.0000219 seconds
17.064: [GC (Allocation Failure)  86649K->601K(428032K), 0.0005251 secs]
17.064: Total time for which application threads were stopped: 0.0006540 seconds, Stopping threads took: 0.0000279 seconds
17.117: [GC (Allocation Failure)  85081K->633K(426496K), 0.0005076 secs]
17.118: Total time for which application threads were stopped: 0.0006981 seconds, Stopping threads took: 0.0000205 seconds
17.174: [GC (Allocation Failure)  83577K->601K(424960K), 0.0006278 secs]
17.175: Total time for which application threads were stopped: 0.0007659 seconds, Stopping threads took: 0.0000299 seconds
17.226: [GC (Allocation Failure)  82009K->665K(423424K), 0.0004003 secs]
17.227: Total time for which application threads were stopped: 0.0005219 seconds, Stopping threads took: 0.0000270 seconds
17.283: [GC (Allocation Failure)  80537K->665K(422400K), 0.0004117 secs]
17.283: Total time for which application threads were stopped: 0.0005177 seconds, Stopping threads took: 0.0000171 seconds
17.336: [GC (Allocation Failure)  79513K->633K(421376K), 0.0004612 secs]
17.336: Total time for which application threads were stopped: 0.0005701 seconds, Stopping threads took: 0.0000170 seconds
17.385: [GC (Allocation Failure)  78457K->729K(420352K), 0.0005038 secs]
17.385: Total time for which application threads were stopped: 0.0006287 seconds, Stopping threads took: 0.0000272 seconds
17.437: [GC (Allocation Failure)  77529K->665K(419328K), 0.0005028 secs]
17.437: Total time for which application threads were stopped: 0.0006106 seconds, Stopping threads took: 0.0000164 seconds
17.485: [GC (Allocation Failure)  76441K->633K(418304K), 0.0005086 secs]
17.486: Total time for which application threads were stopped: 0.0006264 seconds, Stopping threads took: 0.0000174 seconds
17.537: [GC (Allocation Failure)  75385K->697K(417280K), 0.0004805 secs]
17.538: Total time for which application threads were stopped: 0.0006151 seconds, Stopping threads took: 0.0000277 seconds
17.588: [GC (Allocation Failure)  74425K->601K(416256K), 0.0005991 secs]
17.589: Total time for which application threads were stopped: 0.0007224 seconds, Stopping threads took: 0.0000269 seconds
17.634: [GC (Allocation Failure)  73305K->633K(415232K), 0.0004675 secs]
17.635: Total time for which application threads were stopped: 0.0005917 seconds, Stopping threads took: 0.0000268 seconds
17.686: [GC (Allocation Failure)  72313K->633K(414208K), 0.0004754 secs]
17.686: Total time for which application threads were stopped: 0.0006063 seconds, Stopping threads took: 0.0000273 seconds
17.731: [GC (Allocation Failure)  71289K->665K(413184K), 0.0004071 secs]
17.731: Total time for which application threads were stopped: 0.0005290 seconds, Stopping threads took: 0.0000264 seconds
17.775: [GC (Allocation Failure)  70297K->665K(412160K), 0.0004573 secs]
17.775: Total time for which application threads were stopped: 0.0005826 seconds, Stopping threads took: 0.0000286 seconds
17.823: [GC (Allocation Failure)  69273K->601K(411136K), 0.0004688 secs]
17.824: Total time for which application threads were stopped: 0.0006057 seconds, Stopping threads took: 0.0000203 seconds
17.866: [GC (Allocation Failure)  68185K->697K(410112K), 0.0005304 secs]
17.867: Total time for which application threads were stopped: 0.0006809 seconds, Stopping threads took: 0.0000286 seconds
17.914: [GC (Allocation Failure)  67257K->633K(409088K), 0.0005585 secs]
17.915: Total time for which application threads were stopped: 0.0006943 seconds, Stopping threads took: 0.0000277 seconds
17.961: [GC (Allocation Failure)  66169K->665K(408064K), 0.0005177 secs]
17.961: Total time for which application threads were stopped: 0.0006404 seconds, Stopping threads took: 0.0000198 seconds
18.002: [GC (Allocation Failure)  65177K->633K(407040K), 0.0004916 secs]
18.002: Total time for which application threads were stopped: 0.0006165 seconds, Stopping threads took: 0.0000274 seconds
18.042: [GC (Allocation Failure)  64121K->697K(406016K), 0.0004906 secs]
18.042: Total time for which application threads were stopped: 0.0006354 seconds, Stopping threads took: 0.0000208 seconds
18.086: [GC (Allocation Failure)  63161K->697K(418816K), 0.0006904 secs]
18.086: Total time for which application threads were stopped: 0.0008431 seconds, Stopping threads took: 0.0000219 seconds
18.133: [GC (Allocation Failure)  75961K->665K(434176K), 0.0007566 secs]
18.134: Total time for which application threads were stopped: 0.0009058 seconds, Stopping threads took: 0.0000299 seconds
18.191: [GC (Allocation Failure)  91289K->633K(452608K), 0.0005218 secs]
18.191: Total time for which application threads were stopped: 0.0006649 seconds, Stopping threads took: 0.0000221 seconds
18.265: [GC (Allocation Failure)  109689K->633K(450560K), 0.0004732 secs]
18.266: Total time for which application threads were stopped: 0.0006095 seconds, Stopping threads took: 0.0000194 seconds
18.337: [GC (Allocation Failure)  107641K->665K(448512K), 0.0005326 secs]
18.337: Total time for which application threads were stopped: 0.0006714 seconds, Stopping threads took: 0.0000217 seconds
18.403: [GC (Allocation Failure)  105625K->569K(446464K), 0.0004968 secs]
18.404: Total time for which application threads were stopped: 0.0006292 seconds, Stopping threads took: 0.0000220 seconds
18.471: [GC (Allocation Failure)  103481K->633K(444416K), 0.0004668 secs]
18.471: Total time for which application threads were stopped: 0.0005958 seconds, Stopping threads took: 0.0000292 seconds
18.540: [GC (Allocation Failure)  101497K->665K(442368K), 0.0006642 secs]
18.541: Total time for which application threads were stopped: 0.0007809 seconds, Stopping threads took: 0.0000201 seconds
18.607: [GC (Allocation Failure)  99481K->601K(440320K), 0.0005281 secs]
18.607: Total time for which application threads were stopped: 0.0006480 seconds, Stopping threads took: 0.0000205 seconds
18.667: [GC (Allocation Failure)  97369K->665K(438272K), 0.0006011 secs]
18.668: Total time for which application threads were stopped: 0.0007281 seconds, Stopping threads took: 0.0000270 seconds
18.733: [GC (Allocation Failure)  95385K->665K(436736K), 0.0004771 secs]
18.734: Total time for which application threads were stopped: 0.0007635 seconds, Stopping threads took: 0.0000192 seconds
18.792: [GC (Allocation Failure)  93849K->633K(435200K), 0.0004400 secs]
18.792: Total time for which application threads were stopped: 0.0005607 seconds, Stopping threads took: 0.0000197 seconds
18.854: [GC (Allocation Failure)  92281K->665K(433664K), 0.0005902 secs]
18.855: Total time for which application threads were stopped: 0.0007097 seconds, Stopping threads took: 0.0000193 seconds
18.915: [GC (Allocation Failure)  90777K->633K(432128K), 0.0005405 secs]
18.915: Total time for which application threads were stopped: 0.0006614 seconds, Stopping threads took: 0.0000200 seconds
18.975: [GC (Allocation Failure)  89209K->665K(430592K), 0.0004767 secs]
18.976: Total time for which application threads were stopped: 0.0005966 seconds, Stopping threads took: 0.0000195 seconds
19.030: [GC (Allocation Failure)  87705K->697K(429056K), 0.0005580 secs]
19.031: Total time for which application threads were stopped: 0.0006885 seconds, Stopping threads took: 0.0000267 seconds
19.084: [GC (Allocation Failure)  86201K->665K(427520K), 0.0004748 secs]
19.085: Total time for which application threads were stopped: 0.0006129 seconds, Stopping threads took: 0.0000290 seconds
19.137: [GC (Allocation Failure)  84633K->633K(425984K), 0.0005205 secs]
19.138: Total time for which application threads were stopped: 0.0006751 seconds, Stopping threads took: 0.0000299 seconds
19.195: [GC (Allocation Failure)  83065K->601K(424448K), 0.0006840 secs]
19.196: Total time for which application threads were stopped: 0.0008281 seconds, Stopping threads took: 0.0000220 seconds
19.247: [GC (Allocation Failure)  81497K->633K(422912K), 0.0005170 secs]
19.248: Total time for which application threads were stopped: 0.0006718 seconds, Stopping threads took: 0.0000268 seconds
19.297: [GC (Allocation Failure)  79993K->665K(421888K), 0.0004714 secs]
19.298: Total time for which application threads were stopped: 0.0006297 seconds, Stopping threads took: 0.0000220 seconds
19.347: [GC (Allocation Failure)  79001K->665K(420864K), 0.0004962 secs]
19.347: Total time for which application threads were stopped: 0.0006259 seconds, Stopping threads took: 0.0000204 seconds
19.395: [GC (Allocation Failure)  77977K->665K(419840K), 0.0005070 secs]
19.396: Total time for which application threads were stopped: 0.0006347 seconds, Stopping threads took: 0.0000216 seconds
19.444: [GC (Allocation Failure)  76953K->697K(418816K), 0.0005404 secs]
19.444: Total time for which application threads were stopped: 0.0006688 seconds, Stopping threads took: 0.0000283 seconds
19.497: [GC (Allocation Failure)  75961K->601K(417792K), 0.0005603 secs]
19.497: Total time for which application threads were stopped: 0.0007035 seconds, Stopping threads took: 0.0000272 seconds
19.546: [GC (Allocation Failure)  74841K->569K(416768K), 0.0006204 secs]
19.546: Total time for which application threads were stopped: 0.0007361 seconds, Stopping threads took: 0.0000194 seconds
19.592: [GC (Allocation Failure)  73785K->697K(415744K), 0.0004366 secs]
19.593: Total time for which application threads were stopped: 0.0005504 seconds, Stopping threads took: 0.0000193 seconds
19.642: [GC (Allocation Failure)  72889K->633K(414720K), 0.0004364 secs]
19.643: Total time for which application threads were stopped: 0.0005365 seconds, Stopping threads took: 0.0000166 seconds
19.688: [GC (Allocation Failure)  71801K->729K(413696K), 0.0005025 secs]
19.688: Total time for which application threads were stopped: 0.0006178 seconds, Stopping threads took: 0.0000171 seconds
19.733: [GC (Allocation Failure)  70873K->633K(412672K), 0.0003919 secs]
19.733: Total time for which application threads were stopped: 0.0005015 seconds, Stopping threads took: 0.0000175 seconds
19.780: [GC (Allocation Failure)  69753K->633K(411648K), 0.0004475 secs]
19.781: Total time for which application threads were stopped: 0.0005562 seconds, Stopping threads took: 0.0000166 seconds
19.827: [GC (Allocation Failure)  68729K->633K(410624K), 0.0005790 secs]
19.827: Total time for which application threads were stopped: 0.0007054 seconds, Stopping threads took: 0.0000193 seconds
19.875: [GC (Allocation Failure)  67705K->633K(409600K), 0.0005131 secs]
19.875: Total time for which application threads were stopped: 0.0006565 seconds, Stopping threads took: 0.0000220 seconds
19.917: [GC (Allocation Failure)  66681K->665K(408576K), 0.0004777 secs]
19.917: Total time for which application threads were stopped: 0.0006135 seconds, Stopping threads took: 0.0000214 seconds
19.958: [GC (Allocation Failure)  65689K->633K(407552K), 0.0005013 secs]
19.959: Total time for which application threads were stopped: 0.0006499 seconds, Stopping threads took: 0.0000221 seconds
19.999: [GC (Allocation Failure)  64633K->633K(406528K), 0.0004795 secs]
19.999: Total time for which application threads were stopped: 0.0006094 seconds, Stopping threads took: 0.0000218 seconds
20.039: [GC (Allocation Failure)  63609K->633K(419328K), 0.0005794 secs]
20.040: Total time for which application threads were stopped: 0.0007078 seconds, Stopping threads took: 0.0000283 seconds
20.093: [GC (Allocation Failure)  76409K->665K(418304K), 0.0005856 secs]
20.094: Total time for which application threads were stopped: 0.0007138 seconds, Stopping threads took: 0.0000204 seconds
20.140: [GC (Allocation Failure)  75417K->665K(417280K), 0.0005146 secs]
20.141: Total time for which application threads were stopped: 0.0006541 seconds, Stopping threads took: 0.0000223 seconds
20.187: [GC (Allocation Failure)  74393K->633K(432128K), 0.0006266 secs]
20.187: Total time for which application threads were stopped: 0.0007727 seconds, Stopping threads took: 0.0000300 seconds
20.244: [GC (Allocation Failure)  89209K->633K(430592K), 0.0004362 secs]
20.244: Total time for which application threads were stopped: 0.0005557 seconds, Stopping threads took: 0.0000260 seconds
20.302: [GC (Allocation Failure)  87673K->601K(429056K), 0.0006452 secs]
20.303: Total time for which application threads were stopped: 0.0007931 seconds, Stopping threads took: 0.0000215 seconds
20.356: [GC (Allocation Failure)  86105K->665K(427520K), 0.0006914 secs]
20.357: Total time for which application threads were stopped: 0.0008652 seconds, Stopping threads took: 0.0000220 seconds
20.416: [GC (Allocation Failure)  84633K->665K(425984K), 0.0005234 secs]
20.416: Total time for which application threads were stopped: 0.0006494 seconds, Stopping threads took: 0.0000218 seconds
20.468: [GC (Allocation Failure)  83097K->633K(424448K), 0.0004193 secs]
20.468: Total time for which application threads were stopped: 0.0005252 seconds, Stopping threads took: 0.0000167 seconds
20.525: [GC (Allocation Failure)  81529K->633K(422912K), 0.0004151 secs]
20.525: Total time for which application threads were stopped: 0.0005353 seconds, Stopping threads took: 0.0000254 seconds
20.578: [GC (Allocation Failure)  79993K->633K(421888K), 0.0004569 secs]
20.579: Total time for which application threads were stopped: 0.0005672 seconds, Stopping threads took: 0.0000172 seconds
20.633: [GC (Allocation Failure)  78969K->697K(420864K), 0.0004752 secs]
20.634: Total time for which application threads were stopped: 0.0005968 seconds, Stopping threads took: 0.0000198 seconds
20.682: [GC (Allocation Failure)  78009K->601K(419840K), 0.0006941 secs]
20.683: Total time for which application threads were stopped: 0.0008362 seconds, Stopping threads took: 0.0000219 seconds
20.731: [GC (Allocation Failure)  76889K->633K(418816K), 0.0004519 secs]
20.732: Total time for which application threads were stopped: 0.0005731 seconds, Stopping threads took: 0.0000270 seconds
20.779: [GC (Allocation Failure)  75897K->633K(417792K), 0.0004660 secs]
20.779: Total time for which application threads were stopped: 0.0006091 seconds, Stopping threads took: 0.0000263 seconds
20.826: [GC (Allocation Failure)  74873K->601K(416768K), 0.0004375 secs]
20.826: Total time for which application threads were stopped: 0.0005591 seconds, Stopping threads took: 0.0000205 seconds
20.877: [GC (Allocation Failure)  73817K->633K(415744K), 0.0005826 secs]
20.878: Total time for which application threads were stopped: 0.0006887 seconds, Stopping threads took: 0.0000172 seconds
20.923: [GC (Allocation Failure)  72825K->633K(414720K), 0.0004899 secs]
20.924: Total time for which application threads were stopped: 0.0006094 seconds, Stopping threads took: 0.0000192 seconds
20.971: [GC (Allocation Failure)  71801K->633K(413696K), 0.0004759 secs]
20.972: Total time for which application threads were stopped: 0.0006180 seconds, Stopping threads took: 0.0000270 seconds
21.016: [GC (Allocation Failure)  70777K->601K(412672K), 0.0006440 secs]
21.017: Total time for which application threads were stopped: 0.0007871 seconds, Stopping threads took: 0.0000220 seconds
21.060: [GC (Allocation Failure)  69721K->633K(426496K), 0.0005684 secs]
21.060: Total time for which application threads were stopped: 0.0007139 seconds, Stopping threads took: 0.0000222 seconds
21.112: [GC (Allocation Failure)  83577K->633K(424960K), 0.0004806 secs]
21.113: Total time for which application threads were stopped: 0.0006017 seconds, Stopping threads took: 0.0000203 seconds
21.170: [GC (Allocation Failure)  82041K->601K(423424K), 0.0005114 secs]
21.170: Total time for which application threads were stopped: 0.0006456 seconds, Stopping threads took: 0.0000208 seconds
21.221: [GC (Allocation Failure)  80473K->633K(422400K), 0.0004518 secs]
21.221: Total time for which application threads were stopped: 0.0005752 seconds, Stopping threads took: 0.0000261 seconds
21.270: [GC (Allocation Failure)  79481K->665K(421376K), 0.0006398 secs]
21.271: Total time for which application threads were stopped: 0.0007975 seconds, Stopping threads took: 0.0000293 seconds
21.319: [GC (Allocation Failure)  78489K->697K(420352K), 0.0005076 secs]
21.320: Total time for which application threads were stopped: 0.0006397 seconds, Stopping threads took: 0.0000231 seconds
21.373: [GC (Allocation Failure)  77497K->601K(419328K), 0.0005381 secs]
21.374: Total time for which application threads were stopped: 0.0006571 seconds, Stopping threads took: 0.0000192 seconds
21.428: [GC (Allocation Failure)  76377K->665K(418304K), 0.0005334 secs]
21.429: Total time for which application threads were stopped: 0.0006522 seconds, Stopping threads took: 0.0000194 seconds
21.481: [GC (Allocation Failure)  75417K->665K(417280K), 0.0004830 secs]
21.481: Total time for which application threads were stopped: 0.0006099 seconds, Stopping threads took: 0.0000275 seconds
21.528: [GC (Allocation Failure)  74393K->633K(416256K), 0.0004976 secs]
21.529: Total time for which application threads were stopped: 0.0006314 seconds, Stopping threads took: 0.0000190 seconds
21.577: [GC (Allocation Failure)  73337K->665K(415232K), 0.0004617 secs]
21.578: Total time for which application threads were stopped: 0.0005804 seconds, Stopping threads took: 0.0000191 seconds
21.623: [GC (Allocation Failure)  72345K->665K(414208K), 0.0005876 secs]
21.623: Total time for which application threads were stopped: 0.0007042 seconds, Stopping threads took: 0.0000185 seconds
21.667: [GC (Allocation Failure)  71321K->697K(413184K), 0.0005193 secs]
21.668: Total time for which application threads were stopped: 0.0006513 seconds, Stopping threads took: 0.0000269 seconds
21.712: [GC (Allocation Failure)  70329K->633K(412160K), 0.0004211 secs]
21.712: Total time for which application threads were stopped: 0.0005445 seconds, Stopping threads took: 0.0000193 seconds
21.755: [GC (Allocation Failure)  69241K->665K(411136K), 0.0005296 secs]
21.756: Total time for which application threads were stopped: 0.0006543 seconds, Stopping threads took: 0.0000257 seconds
21.804: [GC (Allocation Failure)  68249K->633K(410112K), 0.0005485 secs]
21.804: Total time for which application threads were stopped: 0.0006657 seconds, Stopping threads took: 0.0000164 seconds
21.846: [GC (Allocation Failure)  67193K->729K(409088K), 0.0004790 secs]
21.846: Total time for which application threads were stopped: 0.0005983 seconds, Stopping threads took: 0.0000194 seconds
21.887: [GC (Allocation Failure)  66265K->665K(408064K), 0.0005105 secs]
21.888: Total time for which application threads were stopped: 0.0006530 seconds, Stopping threads took: 0.0000289 seconds
21.928: [GC (Allocation Failure)  65177K->633K(421376K), 0.0005326 secs]
21.929: Total time for which application threads were stopped: 0.0006744 seconds, Stopping threads took: 0.0000208 seconds
21.982: [GC (Allocation Failure)  78457K->601K(420352K), 0.0005023 secs]
21.983: Total time for which application threads were stopped: 0.0006490 seconds, Stopping threads took: 0.0000222 seconds
22.031: [GC (Allocation Failure)  77401K->665K(419328K), 0.0005307 secs]
22.031: Total time for which application threads were stopped: 0.0006756 seconds, Stopping threads took: 0.0000232 seconds
22.079: [GC (Allocation Failure)  76441K->665K(418304K), 0.0005431 secs]
22.079: Total time for which application threads were stopped: 0.0006963 seconds, Stopping threads took: 0.0000231 seconds
22.126: [GC (Allocation Failure)  75417K->633K(417280K), 0.0004416 secs]
22.126: Total time for which application threads were stopped: 0.0005666 seconds, Stopping threads took: 0.0000279 seconds
22.178: [GC (Allocation Failure)  74361K->665K(416256K), 0.0006015 secs]
22.179: Total time for which application threads were stopped: 0.0007073 seconds, Stopping threads took: 0.0000168 seconds
22.224: [GC (Allocation Failure)  73369K->665K(415232K), 0.0004528 secs]
22.225: Total time for which application threads were stopped: 0.0005736 seconds, Stopping threads took: 0.0000273 seconds
22.270: [GC (Allocation Failure)  72345K->697K(414208K), 0.0004872 secs]
22.271: Total time for which application threads were stopped: 0.0006100 seconds, Stopping threads took: 0.0000200 seconds
22.320: [GC (Allocation Failure)  71353K->601K(413184K), 0.0006507 secs]
22.321: Total time for which application threads were stopped: 0.0007817 seconds, Stopping threads took: 0.0000214 seconds
22.365: [GC (Allocation Failure)  70233K->601K(412160K), 0.0005527 secs]
22.365: Total time for which application threads were stopped: 0.0006865 seconds, Stopping threads took: 0.0000211 seconds
22.408: [GC (Allocation Failure)  69209K->697K(425984K), 0.0005742 secs]
22.409: Total time for which application threads were stopped: 0.0007029 seconds, Stopping threads took: 0.0000215 seconds
22.460: [GC (Allocation Failure)  83129K->633K(424448K), 0.0004730 secs]
22.461: Total time for which application threads were stopped: 0.0005907 seconds, Stopping threads took: 0.0000195 seconds
22.519: [GC (Allocation Failure)  81529K->633K(422912K), 0.0004836 secs]
22.520: Total time for which application threads were stopped: 0.0006084 seconds, Stopping threads took: 0.0000271 seconds
22.569: [GC (Allocation Failure)  79993K->633K(421888K), 0.0004793 secs]
22.570: Total time for which application threads were stopped: 0.0006060 seconds, Stopping threads took: 0.0000277 seconds
22.624: [GC (Allocation Failure)  78969K->633K(420864K), 0.0005814 secs]
22.625: Total time for which application threads were stopped: 0.0007090 seconds, Stopping threads took: 0.0000194 seconds
22.677: [GC (Allocation Failure)  77945K->697K(419840K), 0.0004695 secs]
22.677: Total time for which application threads were stopped: 0.0006040 seconds, Stopping threads took: 0.0000195 seconds
22.725: [GC (Allocation Failure)  76985K->633K(418816K), 0.0004834 secs]
22.725: Total time for which application threads were stopped: 0.0006024 seconds, Stopping threads took: 0.0000278 seconds
22.772: [GC (Allocation Failure)  75897K->665K(417792K), 0.0004478 secs]
22.773: Total time for which application threads were stopped: 0.0005731 seconds, Stopping threads took: 0.0000283 seconds
22.823: [GC (Allocation Failure)  74905K->633K(416768K), 0.0004223 secs]
22.823: Total time for which application threads were stopped: 0.0005181 seconds, Stopping threads took: 0.0000171 seconds
22.874: [GC (Allocation Failure)  73849K->665K(415744K), 0.0005908 secs]
22.875: Total time for which application threads were stopped: 0.0007108 seconds, Stopping threads took: 0.0000197 seconds
22.920: [GC (Allocation Failure)  72857K->729K(414720K), 0.0005470 secs]
22.921: Total time for which application threads were stopped: 0.0006890 seconds, Stopping threads took: 0.0000209 seconds
22.965: [GC (Allocation Failure)  71897K->665K(413696K), 0.0005423 secs]
22.966: Total time for which application threads were stopped: 0.0006922 seconds, Stopping threads took: 0.0000239 seconds
23.010: [GC (Allocation Failure)  70809K->665K(412672K), 0.0004830 secs]
23.010: Total time for which application threads were stopped: 0.0005898 seconds, Stopping threads took: 0.0000170 seconds
23.053: [GC (Allocation Failure)  69785K->729K(411648K), 0.0005562 secs]
23.054: Total time for which application threads were stopped: 0.0006958 seconds, Stopping threads took: 0.0000195 seconds
23.101: [GC (Allocation Failure)  68825K->697K(410624K), 0.0004746 secs]
23.101: Total time for which application threads were stopped: 0.0005926 seconds, Stopping threads took: 0.0000195 seconds
23.143: [GC (Allocation Failure)  67769K->633K(409600K), 0.0005046 secs]
23.144: Total time for which application threads were stopped: 0.0006526 seconds, Stopping threads took: 0.0000289 seconds
23.186: [GC (Allocation Failure)  66681K->601K(408576K), 0.0004750 secs]
23.186: Total time for which application threads were stopped: 0.0006126 seconds, Stopping threads took: 0.0000297 seconds
23.231: [GC (Allocation Failure)  65625K->633K(407552K), 0.0004784 secs]
23.232: Total time for which application threads were stopped: 0.0006081 seconds, Stopping threads took: 0.0000278 seconds
23.275: [GC (Allocation Failure)  64633K->665K(406528K), 0.0004305 secs]
23.276: Total time for which application threads were stopped: 0.0005619 seconds, Stopping threads took: 0.0000207 seconds
23.315: [GC (Allocation Failure)  63641K->665K(405504K), 0.0005416 secs]
23.316: Total time for which application threads were stopped: 0.0006770 seconds, Stopping threads took: 0.0000209 seconds
23.354: [GC (Allocation Failure)  62617K->665K(418304K), 0.0005342 secs]
23.355: Total time for which application threads were stopped: 0.0006816 seconds, Stopping threads took: 0.0000303 seconds
23.402: [GC (Allocation Failure)  75417K->601K(433664K), 0.0005766 secs]
23.402: Total time for which application threads were stopped: 0.0007084 seconds, Stopping threads took: 0.0000226 seconds
23.459: [GC (Allocation Failure)  90713K->601K(452096K), 0.0006864 secs]
23.460: Total time for which application threads were stopped: 0.0008349 seconds, Stopping threads took: 0.0000211 seconds
23.532: [GC (Allocation Failure)  109145K->633K(450048K), 0.0004698 secs]
23.532: Total time for which application threads were stopped: 0.0005791 seconds, Stopping threads took: 0.0000173 seconds
23.605: [GC (Allocation Failure)  107129K->633K(448000K), 0.0006152 secs]
23.605: Total time for which application threads were stopped: 0.0007628 seconds, Stopping threads took: 0.0000286 seconds
23.670: [GC (Allocation Failure)  105081K->633K(445952K), 0.0005120 secs]
23.671: Total time for which application threads were stopped: 0.0006652 seconds, Stopping threads took: 0.0000300 seconds
23.735: [GC (Allocation Failure)  103033K->665K(443904K), 0.0005094 secs]
23.736: Total time for which application threads were stopped: 0.0006305 seconds, Stopping threads took: 0.0000264 seconds
23.799: [GC (Allocation Failure)  101017K->665K(441856K), 0.0005212 secs]
23.799: Total time for which application threads were stopped: 0.0006530 seconds, Stopping threads took: 0.0000217 seconds
23.860: [GC (Allocation Failure)  98969K->633K(439808K), 0.0005636 secs]
23.861: Total time for which application threads were stopped: 0.0007134 seconds, Stopping threads took: 0.0000220 seconds
23.928: [GC (Allocation Failure)  96889K->633K(437760K), 0.0005532 secs]
23.928: Total time for which application threads were stopped: 0.0006918 seconds, Stopping threads took: 0.0000224 seconds
23.987: [GC (Allocation Failure)  94841K->665K(436224K), 0.0004672 secs]
23.988: Total time for which application threads were stopped: 0.0006360 seconds, Stopping threads took: 0.0000197 seconds
24.048: [GC (Allocation Failure)  93337K->633K(434688K), 0.0004951 secs]
24.049: Total time for which application threads were stopped: 0.0006185 seconds, Stopping threads took: 0.0000204 seconds
24.105: [GC (Allocation Failure)  91769K->601K(433152K), 0.0004885 secs]
24.106: Total time for which application threads were stopped: 0.0006371 seconds, Stopping threads took: 0.0000288 seconds
24.162: [GC (Allocation Failure)  90201K->601K(431616K), 0.0005313 secs]
24.162: Total time for which application threads were stopped: 0.0006730 seconds, Stopping threads took: 0.0000214 seconds
24.218: [GC (Allocation Failure)  88665K->665K(430080K), 0.0004669 secs]
24.218: Total time for which application threads were stopped: 0.0005934 seconds, Stopping threads took: 0.0000196 seconds
24.278: [GC (Allocation Failure)  87193K->633K(428544K), 0.0005286 secs]
24.279: Total time for which application threads were stopped: 0.0006272 seconds, Stopping threads took: 0.0000173 seconds
24.335: [GC (Allocation Failure)  85625K->601K(427008K), 0.0006310 secs]
24.336: Total time for which application threads were stopped: 0.0007360 seconds, Stopping threads took: 0.0000172 seconds
24.388: [GC (Allocation Failure)  84057K->665K(425472K), 0.0004511 secs]
24.389: Total time for which application threads were stopped: 0.0005701 seconds, Stopping threads took: 0.0000192 seconds
24.444: [GC (Allocation Failure)  82585K->633K(423936K), 0.0004427 secs]
24.445: Total time for which application threads were stopped: 0.0005655 seconds, Stopping threads took: 0.0000277 seconds
24.502: [GC (Allocation Failure)  81017K->601K(422400K), 0.0005950 secs]
24.503: Total time for which application threads were stopped: 0.0007391 seconds, Stopping threads took: 0.0000255 seconds
24.555: [GC (Allocation Failure)  79449K->633K(421376K), 0.0004305 secs]
24.556: Total time for which application threads were stopped: 0.0005396 seconds, Stopping threads took: 0.0000174 seconds
24.604: [GC (Allocation Failure)  78457K->665K(420352K), 0.0005473 secs]
24.605: Total time for which application threads were stopped: 0.0006756 seconds, Stopping threads took: 0.0000277 seconds
24.653: [GC (Allocation Failure)  77465K->633K(419328K), 0.0005130 secs]
24.653: Total time for which application threads were stopped: 0.0006594 seconds, Stopping threads took: 0.0000212 seconds
24.704: [GC (Allocation Failure)  76409K->665K(418304K), 0.0005614 secs]
24.705: Total time for which application threads were stopped: 0.0007076 seconds, Stopping threads took: 0.0000307 seconds
24.752: [GC (Allocation Failure)  75417K->665K(417280K), 0.0004267 secs]
24.752: Total time for which application threads were stopped: 0.0005480 seconds, Stopping threads took: 0.0000202 seconds
24.799: [GC (Allocation Failure)  74393K->633K(416256K), 0.0004959 secs]
24.799: Total time for which application threads were stopped: 0.0006317 seconds, Stopping threads took: 0.0000208 seconds
24.850: [GC (Allocation Failure)  73337K->665K(415232K), 0.0005821 secs]
24.851: Total time for which application threads were stopped: 0.0007284 seconds, Stopping threads took: 0.0000225 seconds
24.896: [GC (Allocation Failure)  72345K->633K(414208K), 0.0005931 secs]
24.896: Total time for which application threads were stopped: 0.0007612 seconds, Stopping threads took: 0.0000229 seconds
24.941: [GC (Allocation Failure)  71289K->633K(413184K), 0.0005270 secs]
24.941: Total time for which application threads were stopped: 0.0006629 seconds, Stopping threads took: 0.0000213 seconds
24.992: [GC (Allocation Failure)  70265K->601K(412160K), 0.0005991 secs]
24.992: Total time for which application threads were stopped: 0.0007174 seconds, Stopping threads took: 0.0000193 seconds
25.035: [GC (Allocation Failure)  69209K->601K(425984K), 0.0005716 secs]
25.036: Total time for which application threads were stopped: 0.0006969 seconds, Stopping threads took: 0.0000274 seconds
25.088: [GC (Allocation Failure)  83033K->665K(424448K), 0.0004286 secs]
25.088: Total time for which application threads were stopped: 0.0005755 seconds, Stopping threads took: 0.0000195 seconds
25.139: [GC (Allocation Failure)  81561K->633K(422912K), 0.0004808 secs]
25.140: Total time for which application threads were stopped: 0.0006026 seconds, Stopping threads took: 0.0000193 seconds
25.189: [GC (Allocation Failure)  79993K->633K(421888K), 0.0006186 secs]
25.190: Total time for which application threads were stopped: 0.0007613 seconds, Stopping threads took: 0.0000211 seconds
25.240: [GC (Allocation Failure)  78969K->633K(420864K), 0.0004539 secs]
25.240: Total time for which application threads were stopped: 0.0005926 seconds, Stopping threads took: 0.0000258 seconds
25.294: [GC (Allocation Failure)  77945K->633K(419840K), 0.0006430 secs]
25.295: Total time for which application threads were stopped: 0.0007708 seconds, Stopping threads took: 0.0000252 seconds
25.348: [GC (Allocation Failure)  76921K->697K(418816K), 0.0006402 secs]
25.349: Total time for which application threads were stopped: 0.0007592 seconds, Stopping threads took: 0.0000194 seconds
25.396: [GC (Allocation Failure)  75961K->665K(417792K), 0.0005128 secs]
25.397: Total time for which application threads were stopped: 0.0006326 seconds, Stopping threads took: 0.0000199 seconds
25.443: [GC (Allocation Failure)  74905K->665K(416768K), 0.0004830 secs]
25.443: Total time for which application threads were stopped: 0.0006168 seconds, Stopping threads took: 0.0000295 seconds
25.489: [GC (Allocation Failure)  73881K->633K(431616K), 0.0016175 secs]
25.491: Total time for which application threads were stopped: 0.0017482 seconds, Stopping threads took: 0.0000274 seconds
25.547: [GC (Allocation Failure)  88697K->569K(449536K), 0.0004698 secs]
25.548: Total time for which application threads were stopped: 0.0005870 seconds, Stopping threads took: 0.0000193 seconds
25.619: [GC (Allocation Failure)  106553K->665K(471040K), 0.0004749 secs]
25.620: Total time for which application threads were stopped: 0.0005958 seconds, Stopping threads took: 0.0000209 seconds
25.702: [GC (Allocation Failure)  128153K->633K(467968K), 0.0004471 secs]
25.703: Total time for which application threads were stopped: 0.0005756 seconds, Stopping threads took: 0.0000282 seconds
25.786: [GC (Allocation Failure)  125049K->665K(465408K), 0.0005415 secs]
25.786: Total time for which application threads were stopped: 0.0006593 seconds, Stopping threads took: 0.0000194 seconds
25.862: [GC (Allocation Failure)  122521K->633K(462848K), 0.0004883 secs]
25.862: Total time for which application threads were stopped: 0.0006204 seconds, Stopping threads took: 0.0000192 seconds
25.936: [GC (Allocation Failure)  119929K->601K(460288K), 0.0005753 secs]
25.937: Total time for which application threads were stopped: 0.0007197 seconds, Stopping threads took: 0.0000275 seconds
26.014: [GC (Allocation Failure)  117337K->665K(457728K), 0.0006321 secs]
26.015: Total time for which application threads were stopped: 0.0007748 seconds, Stopping threads took: 0.0000221 seconds
26.090: [GC (Allocation Failure)  114841K->633K(455168K), 0.0005357 secs]
26.091: Total time for which application threads were stopped: 0.0006947 seconds, Stopping threads took: 0.0000310 seconds
26.165: [GC (Allocation Failure)  112249K->665K(452608K), 0.0005918 secs]
26.166: Total time for which application threads were stopped: 0.0007388 seconds, Stopping threads took: 0.0000226 seconds
26.240: [GC (Allocation Failure)  109721K->633K(450560K), 0.0004185 secs]
26.241: Total time for which application threads were stopped: 0.0005426 seconds, Stopping threads took: 0.0000270 seconds
26.307: [GC (Allocation Failure)  107641K->601K(448512K), 0.0004991 secs]
26.308: Total time for which application threads were stopped: 0.0006367 seconds, Stopping threads took: 0.0000200 seconds
26.373: [GC (Allocation Failure)  105561K->665K(446464K), 0.0005471 secs]
26.374: Total time for which application threads were stopped: 0.0006969 seconds, Stopping threads took: 0.0000284 seconds
26.444: [GC (Allocation Failure)  103577K->665K(444416K), 0.0005265 secs]
26.444: Total time for which application threads were stopped: 0.0006712 seconds, Stopping threads took: 0.0000294 seconds
26.509: [GC (Allocation Failure)  101529K->633K(442368K), 0.0004992 secs]
26.509: Total time for which application threads were stopped: 0.0006274 seconds, Stopping threads took: 0.0000251 seconds
26.571: [GC (Allocation Failure)  99449K->697K(440320K), 0.0005260 secs]
26.571: Total time for which application threads were stopped: 0.0006659 seconds, Stopping threads took: 0.0000278 seconds
26.631: [GC (Allocation Failure)  97465K->633K(438272K), 0.0004770 secs]
26.632: Total time for which application threads were stopped: 0.0006058 seconds, Stopping threads took: 0.0000220 seconds
26.691: [GC (Allocation Failure)  95353K->633K(436736K), 0.0004717 secs]
26.691: Total time for which application threads were stopped: 0.0005867 seconds, Stopping threads took: 0.0000187 seconds
26.755: [GC (Allocation Failure)  93817K->665K(435200K), 0.0004602 secs]
26.756: Total time for which application threads were stopped: 0.0005885 seconds, Stopping threads took: 0.0000266 seconds
26.813: [GC (Allocation Failure)  92313K->633K(433664K), 0.0005280 secs]
26.814: Total time for which application threads were stopped: 0.0006641 seconds, Stopping threads took: 0.0000198 seconds
26.873: [GC (Allocation Failure)  90745K->601K(432128K), 0.0006406 secs]
26.874: Total time for which application threads were stopped: 0.0007744 seconds, Stopping threads took: 0.0000357 seconds
26.929: [GC (Allocation Failure)  89177K->601K(430592K), 0.0005338 secs]
26.930: Total time for which application threads were stopped: 0.0006660 seconds, Stopping threads took: 0.0000195 seconds
26.984: [GC (Allocation Failure)  87641K->601K(429056K), 0.0004842 secs]
26.984: Total time for which application threads were stopped: 0.0006174 seconds, Stopping threads took: 0.0000208 seconds
27.038: [GC (Allocation Failure)  86105K->665K(427520K), 0.0005418 secs]
27.038: Total time for which application threads were stopped: 0.0006914 seconds, Stopping threads took: 0.0000303 seconds
27.091: [GC (Allocation Failure)  84633K->633K(425984K), 0.0005656 secs]
27.092: Total time for which application threads were stopped: 0.0006958 seconds, Stopping threads took: 0.0000222 seconds
27.143: [GC (Allocation Failure)  83065K->665K(424448K), 0.0004704 secs]
27.144: Total time for which application threads were stopped: 0.0006163 seconds, Stopping threads took: 0.0000216 seconds
27.199: [GC (Allocation Failure)  81561K->697K(422912K), 0.0005418 secs]
27.200: Total time for which application threads were stopped: 0.0006381 seconds, Stopping threads took: 0.0000172 seconds
27.250: [GC (Allocation Failure)  80057K->633K(421888K), 0.0004391 secs]
27.251: Total time for which application threads were stopped: 0.0005570 seconds, Stopping threads took: 0.0000265 seconds
27.303: [GC (Allocation Failure)  78969K->633K(420864K), 0.0005092 secs]
27.303: Total time for which application threads were stopped: 0.0006368 seconds, Stopping threads took: 0.0000194 seconds
27.357: [GC (Allocation Failure)  77945K->601K(419840K), 0.0005945 secs]
27.358: Total time for which application threads were stopped: 0.0007363 seconds, Stopping threads took: 0.0000208 seconds
27.405: [GC (Allocation Failure)  76889K->633K(418816K), 0.0005011 secs]
27.406: Total time for which application threads were stopped: 0.0006580 seconds, Stopping threads took: 0.0000303 seconds
27.453: [GC (Allocation Failure)  75897K->633K(417792K), 0.0007542 secs]
27.454: Total time for which application threads were stopped: 0.0008916 seconds, Stopping threads took: 0.0000299 seconds
27.505: [GC (Allocation Failure)  74873K->665K(416768K), 0.0004647 secs]
27.505: Total time for which application threads were stopped: 0.0005990 seconds, Stopping threads took: 0.0000253 seconds
27.554: [GC (Allocation Failure)  73881K->665K(415744K), 0.0004534 secs]
27.554: Total time for which application threads were stopped: 0.0005806 seconds, Stopping threads took: 0.0000277 seconds
27.599: [GC (Allocation Failure)  72857K->665K(414720K), 0.0005593 secs]
27.600: Total time for which application threads were stopped: 0.0008446 seconds, Stopping threads took: 0.0000278 seconds
27.644: [GC (Allocation Failure)  71833K->633K(413696K), 0.0006238 secs]
27.645: Total time for which application threads were stopped: 0.0007376 seconds, Stopping threads took: 0.0000192 seconds
27.689: [GC (Allocation Failure)  70777K->665K(428032K), 0.0005869 secs]
27.689: Total time for which application threads were stopped: 0.0007139 seconds, Stopping threads took: 0.0000271 seconds
27.743: [GC (Allocation Failure)  85145K->665K(426496K), 0.0005305 secs]
27.743: Total time for which application threads were stopped: 0.0006666 seconds, Stopping threads took: 0.0000279 seconds
27.795: [GC (Allocation Failure)  83609K->697K(424960K), 0.0005051 secs]
27.796: Total time for which application threads were stopped: 0.0006261 seconds, Stopping threads took: 0.0000202 seconds
27.847: [GC (Allocation Failure)  82105K->665K(423424K), 0.0006535 secs]
27.847: Total time for which application threads were stopped: 0.0007730 seconds, Stopping threads took: 0.0000191 seconds
27.903: [GC (Allocation Failure)  80537K->633K(422400K), 0.0004487 secs]
27.903: Total time for which application threads were stopped: 0.0005731 seconds, Stopping threads took: 0.0000262 seconds
27.957: [GC (Allocation Failure)  79481K->633K(421376K), 0.0004901 secs]
27.958: Total time for which application threads were stopped: 0.0006205 seconds, Stopping threads took: 0.0000194 seconds
28.006: [GC (Allocation Failure)  78457K->665K(420352K), 0.0004747 secs]
28.007: Total time for which application threads were stopped: 0.0005912 seconds, Stopping threads took: 0.0000193 seconds
28.055: [GC (Allocation Failure)  77465K->633K(419328K), 0.0004673 secs]
28.055: Total time for which application threads were stopped: 0.0005943 seconds, Stopping threads took: 0.0000277 seconds
28.102: [GC (Allocation Failure)  76409K->697K(418304K), 0.0005134 secs]
28.103: Total time for which application threads were stopped: 0.0006340 seconds, Stopping threads took: 0.0000200 seconds
28.150: [GC (Allocation Failure)  75449K->665K(417280K), 0.0005708 secs]
28.150: Total time for which application threads were stopped: 0.0006982 seconds, Stopping threads took: 0.0000272 seconds
28.202: [GC (Allocation Failure)  74393K->633K(416256K), 0.0004989 secs]
28.203: Total time for which application threads were stopped: 0.0006423 seconds, Stopping threads took: 0.0000291 seconds
28.250: [GC (Allocation Failure)  73337K->633K(415232K), 0.0005418 secs]
28.250: Total time for which application threads were stopped: 0.0006764 seconds, Stopping threads took: 0.0000255 seconds
28.301: [GC (Allocation Failure)  72313K->633K(414208K), 0.0005412 secs]
28.301: Total time for which application threads were stopped: 0.0006644 seconds, Stopping threads took: 0.0000213 seconds
28.352: [GC (Allocation Failure)  71289K->665K(413184K), 0.0005589 secs]
28.352: Total time for which application threads were stopped: 0.0006825 seconds, Stopping threads took: 0.0000271 seconds
28.396: [GC (Allocation Failure)  70297K->665K(412160K), 0.0004799 secs]
28.396: Total time for which application threads were stopped: 0.0006164 seconds, Stopping threads took: 0.0000197 seconds
28.439: [GC (Allocation Failure)  69273K->633K(425984K), 0.0006372 secs]
28.440: Total time for which application threads were stopped: 0.0007600 seconds, Stopping threads took: 0.0000203 seconds
28.497: [GC (Allocation Failure)  83065K->601K(424448K), 0.0005629 secs]
28.497: Total time for which application threads were stopped: 0.0006953 seconds, Stopping threads took: 0.0000252 seconds
28.549: [GC (Allocation Failure)  81497K->633K(422912K), 0.0006353 secs]
28.550: Total time for which application threads were stopped: 0.0007646 seconds, Stopping threads took: 0.0000279 seconds
28.600: [GC (Allocation Failure)  79993K->697K(421888K), 0.0004283 secs]
28.600: Total time for which application threads were stopped: 0.0005715 seconds, Stopping threads took: 0.0000213 seconds
28.649: [GC (Allocation Failure)  79033K->601K(420864K), 0.0005309 secs]
28.650: Total time for which application threads were stopped: 0.0006567 seconds, Stopping threads took: 0.0000175 seconds
28.703: [GC (Allocation Failure)  77913K->633K(419840K), 0.0005201 secs]
28.704: Total time for which application threads were stopped: 0.0006492 seconds, Stopping threads took: 0.0000274 seconds
28.752: [GC (Allocation Failure)  76921K->633K(418816K), 0.0005744 secs]
28.753: Total time for which application threads were stopped: 0.0007017 seconds, Stopping threads took: 0.0000272 seconds
28.800: [GC (Allocation Failure)  75897K->601K(417792K), 0.0004943 secs]
28.800: Total time for which application threads were stopped: 0.0006298 seconds, Stopping threads took: 0.0000217 seconds
28.852: [GC (Allocation Failure)  74841K->665K(416768K), 0.0005076 secs]
28.853: Total time for which application threads were stopped: 0.0006421 seconds, Stopping threads took: 0.0000275 seconds
28.899: [GC (Allocation Failure)  73881K->601K(415744K), 0.0006440 secs]
28.899: Total time for which application threads were stopped: 0.0007756 seconds, Stopping threads took: 0.0000201 seconds
28.944: [GC (Allocation Failure)  72793K->633K(414720K), 0.0005576 secs]
28.945: Total time for which application threads were stopped: 0.0007069 seconds, Stopping threads took: 0.0000212 seconds
28.997: [GC (Allocation Failure)  71801K->633K(413696K), 0.0005349 secs]
28.997: Total time for which application threads were stopped: 0.0006745 seconds, Stopping threads took: 0.0000221 seconds
29.044: [GC (Allocation Failure)  70777K->697K(412672K), 0.0004850 secs]
29.045: Total time for which application threads were stopped: 0.0006198 seconds, Stopping threads took: 0.0000301 seconds
29.092: [GC (Allocation Failure)  69817K->729K(411648K), 0.0005828 secs]
29.092: Total time for which application threads were stopped: 0.0007019 seconds, Stopping threads took: 0.0000193 seconds
29.139: [GC (Allocation Failure)  68825K->697K(425472K), 0.0006340 secs]
29.140: Total time for which application threads were stopped: 0.0007594 seconds, Stopping threads took: 0.0000253 seconds
29.191: [GC (Allocation Failure)  82617K->633K(423936K), 0.0004882 secs]
29.192: Total time for which application threads were stopped: 0.0006084 seconds, Stopping threads took: 0.0000197 seconds
29.249: [GC (Allocation Failure)  81017K->633K(422400K), 0.0004269 secs]
29.249: Total time for which application threads were stopped: 0.0005483 seconds, Stopping threads took: 0.0000252 seconds
29.298: [GC (Allocation Failure)  79481K->633K(421376K), 0.0005814 secs]
29.299: Total time for which application threads were stopped: 0.0007102 seconds, Stopping threads took: 0.0000283 seconds
29.348: [GC (Allocation Failure)  78457K->665K(420352K), 0.0005017 secs]
29.348: Total time for which application threads were stopped: 0.0006448 seconds, Stopping threads took: 0.0000293 seconds
29.396: [GC (Allocation Failure)  77465K->665K(419328K), 0.0004763 secs]
29.397: Total time for which application threads were stopped: 0.0005961 seconds, Stopping threads took: 0.0000193 seconds
29.444: [GC (Allocation Failure)  76441K->633K(418304K), 0.0004720 secs]
29.444: Total time for which application threads were stopped: 0.0005919 seconds, Stopping threads took: 0.0000207 seconds
29.496: [GC (Allocation Failure)  75385K->633K(417280K), 0.0005803 secs]
29.496: Total time for which application threads were stopped: 0.0007123 seconds, Stopping threads took: 0.0000277 seconds
29.544: [GC (Allocation Failure)  74361K->697K(416256K), 0.0004835 secs]
29.545: Total time for which application threads were stopped: 0.0006718 seconds, Stopping threads took: 0.0000711 seconds
29.590: [GC (Allocation Failure)  73401K->665K(415232K), 0.0004673 secs]
29.590: Total time for which application threads were stopped: 0.0005846 seconds, Stopping threads took: 0.0000195 seconds
29.635: [GC (Allocation Failure)  72345K->633K(414208K), 0.0004001 secs]
29.636: Total time for which application threads were stopped: 0.0005047 seconds, Stopping threads took: 0.0000171 seconds
29.680: [GC (Allocation Failure)  71289K->697K(413184K), 0.0005266 secs]
29.680: Total time for which application threads were stopped: 0.0006317 seconds, Stopping threads took: 0.0000172 seconds
29.729: [GC (Allocation Failure)  70329K->729K(412160K), 0.0004397 secs]
29.730: Total time for which application threads were stopped: 0.0005681 seconds, Stopping threads took: 0.0000259 seconds
29.773: [GC (Allocation Failure)  69337K->665K(411136K), 0.0004990 secs]
29.773: Total time for which application threads were stopped: 0.0006351 seconds, Stopping threads took: 0.0000205 seconds
29.816: [GC (Allocation Failure)  68249K->633K(410112K), 0.0005110 secs]
29.816: Total time for which application threads were stopped: 0.0007826 seconds, Stopping threads took: 0.0000217 seconds
29.863: [GC (Allocation Failure)  67193K->601K(409088K), 0.0004657 secs]
29.864: Total time for which application threads were stopped: 0.0005805 seconds, Stopping threads took: 0.0000189 seconds
29.910: [GC (Allocation Failure)  66137K->633K(408064K), 0.0004295 secs]
29.910: Total time for which application threads were stopped: 0.0005385 seconds, Stopping threads took: 0.0000171 seconds
29.954: [GC (Allocation Failure)  65145K->697K(407040K), 0.0004389 secs]
29.954: Total time for which application threads were stopped: 0.0005485 seconds, Stopping threads took: 0.0000169 seconds
29.994: [GC (Allocation Failure)  64185K->601K(406016K), 0.0004725 secs]
29.994: Total time for which application threads were stopped: 0.0006027 seconds, Stopping threads took: 0.0000195 seconds
30.033: [GC (Allocation Failure)  63065K->601K(405504K), 0.0005592 secs]
30.034: Total time for which application threads were stopped: 0.0007188 seconds, Stopping threads took: 0.0000271 seconds
30.072: [GC (Allocation Failure)  62553K->633K(404992K), 0.0004858 secs]
30.073: Total time for which application threads were stopped: 0.0006203 seconds, Stopping threads took: 0.0000316 seconds
30.119: [GC (Allocation Failure)  62073K->633K(417280K), 0.0006031 secs]
30.120: Total time for which application threads were stopped: 0.0007212 seconds, Stopping threads took: 0.0000174 seconds
30.166: [GC (Allocation Failure)  74361K->665K(416256K), 0.0004900 secs]
30.166: Total time for which application threads were stopped: 0.0006163 seconds, Stopping threads took: 0.0000201 seconds
30.215: [GC (Allocation Failure)  73369K->633K(415232K), 0.0004769 secs]
30.216: Total time for which application threads were stopped: 0.0005996 seconds, Stopping threads took: 0.0000187 seconds
30.264: [GC (Allocation Failure)  72313K->665K(414208K), 0.0005829 secs]
30.264: Total time for which application threads were stopped: 0.0007307 seconds, Stopping threads took: 0.0000290 seconds
30.314: [GC (Allocation Failure)  71321K->665K(413184K), 0.0004784 secs]
30.314: Total time for which application threads were stopped: 0.0006022 seconds, Stopping threads took: 0.0000206 seconds
30.361: [GC (Allocation Failure)  70297K->729K(412160K), 0.0004868 secs]
30.361: Total time for which application threads were stopped: 0.0006122 seconds, Stopping threads took: 0.0000197 seconds
30.408: [GC (Allocation Failure)  69337K->633K(411136K), 0.0005204 secs]
30.408: Total time for which application threads were stopped: 0.0006655 seconds, Stopping threads took: 0.0000214 seconds
30.451: [GC (Allocation Failure)  68217K->697K(410112K), 0.0005095 secs]
30.451: Total time for which application threads were stopped: 0.0006313 seconds, Stopping threads took: 0.0000196 seconds
30.493: [GC (Allocation Failure)  67257K->601K(423424K), 0.0009812 secs]
30.494: Total time for which application threads were stopped: 0.0011274 seconds, Stopping threads took: 0.0000267 seconds
30.545: [GC (Allocation Failure)  80473K->633K(439808K), 0.0005315 secs]
30.546: Total time for which application threads were stopped: 0.0006426 seconds, Stopping threads took: 0.0000166 seconds
30.609: [GC (Allocation Failure)  96889K->665K(459264K), 0.0004813 secs]
30.610: Total time for which application threads were stopped: 0.0006005 seconds, Stopping threads took: 0.0000195 seconds
30.682: [GC (Allocation Failure)  116377K->729K(456704K), 0.0005418 secs]
30.682: Total time for which application threads were stopped: 0.0006628 seconds, Stopping threads took: 0.0000202 seconds
30.754: [GC (Allocation Failure)  113881K->633K(454144K), 0.0004269 secs]
30.754: Total time for which application threads were stopped: 0.0005590 seconds, Stopping threads took: 0.0000248 seconds
30.823: [GC (Allocation Failure)  111225K->665K(452096K), 0.0005291 secs]
30.823: Total time for which application threads were stopped: 0.0006506 seconds, Stopping threads took: 0.0000203 seconds
30.891: [GC (Allocation Failure)  109209K->633K(450048K), 0.0005224 secs]
30.891: Total time for which application threads were stopped: 0.0006476 seconds, Stopping threads took: 0.0000270 seconds
30.964: [GC (Allocation Failure)  107129K->665K(448000K), 0.0005822 secs]
30.964: Total time for which application threads were stopped: 0.0007210 seconds, Stopping threads took: 0.0000219 seconds
31.030: [GC (Allocation Failure)  105113K->601K(445952K), 0.0006350 secs]
31.030: Total time for which application threads were stopped: 0.0007553 seconds, Stopping threads took: 0.0000199 seconds
31.100: [GC (Allocation Failure)  103001K->697K(443904K), 0.0004690 secs]
31.100: Total time for which application threads were stopped: 0.0005884 seconds, Stopping threads took: 0.0000193 seconds
31.163: [GC (Allocation Failure)  101049K->665K(441856K), 0.0004942 secs]
31.163: Total time for which application threads were stopped: 0.0006256 seconds, Stopping threads took: 0.0000273 seconds
31.225: [GC (Allocation Failure)  98969K->633K(439808K), 0.0004164 secs]
31.225: Total time for which application threads were stopped: 0.0005455 seconds, Stopping threads took: 0.0000278 seconds
31.285: [GC (Allocation Failure)  96889K->633K(437760K), 0.0006002 secs]
31.286: Total time for which application threads were stopped: 0.0007406 seconds, Stopping threads took: 0.0000275 seconds
31.344: [GC (Allocation Failure)  94841K->665K(436224K), 0.0004874 secs]
31.345: Total time for which application threads were stopped: 0.0006202 seconds, Stopping threads took: 0.0000193 seconds
31.409: [GC (Allocation Failure)  93337K->633K(434688K), 0.0005042 secs]
31.409: Total time for which application threads were stopped: 0.0006283 seconds, Stopping threads took: 0.0000203 seconds
31.466: [GC (Allocation Failure)  91769K->633K(433152K), 0.0005922 secs]
31.467: Total time for which application threads were stopped: 0.0007381 seconds, Stopping threads took: 0.0000214 seconds
31.523: [GC (Allocation Failure)  90233K->633K(431616K), 0.0005519 secs]
31.524: Total time for which application threads were stopped: 0.0006840 seconds, Stopping threads took: 0.0000272 seconds
31.579: [GC (Allocation Failure)  88697K->665K(430080K), 0.0004778 secs]
31.580: Total time for which application threads were stopped: 0.0006217 seconds, Stopping threads took: 0.0000216 seconds
31.634: [GC (Allocation Failure)  87193K->633K(428544K), 0.0004492 secs]
31.634: Total time for which application threads were stopped: 0.0005748 seconds, Stopping threads took: 0.0000214 seconds
31.690: [GC (Allocation Failure)  85625K->633K(427008K), 0.0004775 secs]
31.691: Total time for which application threads were stopped: 0.0005921 seconds, Stopping threads took: 0.0000168 seconds
31.743: [GC (Allocation Failure)  84089K->665K(425472K), 0.0004895 secs]
31.744: Total time for which application threads were stopped: 0.0006529 seconds, Stopping threads took: 0.0000582 seconds
31.795: [GC (Allocation Failure)  82585K->665K(423936K), 0.0005653 secs]
31.796: Total time for which application threads were stopped: 0.0006828 seconds, Stopping threads took: 0.0000198 seconds
31.846: [GC (Allocation Failure)  81049K->601K(422400K), 0.0005893 secs]
31.847: Total time for which application threads were stopped: 0.0007165 seconds, Stopping threads took: 0.0000211 seconds
31.900: [GC (Allocation Failure)  79449K->665K(421376K), 0.0005396 secs]
31.901: Total time for which application threads were stopped: 0.0006708 seconds, Stopping threads took: 0.0000204 seconds
31.949: [GC (Allocation Failure)  78489K->697K(420352K), 0.0005489 secs]
31.950: Total time for which application threads were stopped: 0.0006859 seconds, Stopping threads took: 0.0000193 seconds
32.001: [GC (Allocation Failure)  77497K->665K(419328K), 0.0005480 secs]
32.002: Total time for which application threads were stopped: 0.0006747 seconds, Stopping threads took: 0.0000209 seconds
32.049: [GC (Allocation Failure)  76441K->665K(418304K), 0.0004624 secs]
32.050: Total time for which application threads were stopped: 0.0005826 seconds, Stopping threads took: 0.0000196 seconds
32.096: [GC (Allocation Failure)  75417K->729K(417280K), 0.0004758 secs]
32.097: Total time for which application threads were stopped: 0.0005989 seconds, Stopping threads took: 0.0000215 seconds
32.147: [GC (Allocation Failure)  74457K->633K(416256K), 0.0004080 secs]
32.147: Total time for which application threads were stopped: 0.0005139 seconds, Stopping threads took: 0.0000164 seconds
32.193: [GC (Allocation Failure)  73337K->665K(415232K), 0.0007033 secs]
32.194: Total time for which application threads were stopped: 0.0008230 seconds, Stopping threads took: 0.0000198 seconds
32.239: [GC (Allocation Failure)  72345K->633K(414208K), 0.0004678 secs]
32.240: Total time for which application threads were stopped: 0.0006013 seconds, Stopping threads took: 0.0000268 seconds
32.285: [GC (Allocation Failure)  71289K->697K(413184K), 0.0005448 secs]
32.285: Total time for which application threads were stopped: 0.0006823 seconds, Stopping threads took: 0.0000221 seconds
32.329: [GC (Allocation Failure)  70329K->665K(427520K), 0.0006647 secs]
32.330: Total time for which application threads were stopped: 0.0008089 seconds, Stopping threads took: 0.0000228 seconds
32.382: [GC (Allocation Failure)  84633K->665K(425984K), 0.0004557 secs]
32.383: Total time for which application threads were stopped: 0.0006042 seconds, Stopping threads took: 0.0000247 seconds
32.435: [GC (Allocation Failure)  83097K->665K(424448K), 0.0004872 secs]
32.435: Total time for which application threads were stopped: 0.0006283 seconds, Stopping threads took: 0.0000217 seconds
32.487: [GC (Allocation Failure)  81561K->633K(422912K), 0.0004899 secs]
32.487: Total time for which application threads were stopped: 0.0006030 seconds, Stopping threads took: 0.0000167 seconds
32.541: [GC (Allocation Failure)  79993K->633K(421888K), 0.0005247 secs]
32.541: Total time for which application threads were stopped: 0.0006434 seconds, Stopping threads took: 0.0000194 seconds
32.596: [GC (Allocation Failure)  78969K->665K(420864K), 0.0004833 secs]
32.597: Total time for which application threads were stopped: 0.0006138 seconds, Stopping threads took: 0.0000192 seconds
32.652: [GC (Allocation Failure)  77977K->633K(419840K), 0.0004948 secs]
32.653: Total time for which application threads were stopped: 0.0006134 seconds, Stopping threads took: 0.0000195 seconds
32.701: [GC (Allocation Failure)  76921K->601K(418816K), 0.0004506 secs]
32.701: Total time for which application threads were stopped: 0.0005948 seconds, Stopping threads took: 0.0000284 seconds
32.755: [GC (Allocation Failure)  75865K->665K(417792K), 0.0006252 secs]
32.756: Total time for which application threads were stopped: 0.0007497 seconds, Stopping threads took: 0.0000200 seconds
32.802: [GC (Allocation Failure)  74905K->633K(416768K), 0.0005152 secs]
32.802: Total time for which application threads were stopped: 0.0006585 seconds, Stopping threads took: 0.0000212 seconds
32.852: [GC (Allocation Failure)  73849K->697K(415744K), 0.0005964 secs]
32.853: Total time for which application threads were stopped: 0.0007214 seconds, Stopping threads took: 0.0000208 seconds
32.898: [GC (Allocation Failure)  72889K->665K(430592K), 0.0007022 secs]
32.899: Total time for which application threads were stopped: 0.0008221 seconds, Stopping threads took: 0.0000199 seconds
32.956: [GC (Allocation Failure)  87705K->633K(429056K), 0.0004779 secs]
32.957: Total time for which application threads were stopped: 0.0006222 seconds, Stopping threads took: 0.0000190 seconds
33.010: [GC (Allocation Failure)  86137K->665K(427520K), 0.0004747 secs]
33.011: Total time for which application threads were stopped: 0.0006022 seconds, Stopping threads took: 0.0000269 seconds
33.063: [GC (Allocation Failure)  84633K->697K(425984K), 0.0004669 secs]
33.063: Total time for which application threads were stopped: 0.0005913 seconds, Stopping threads took: 0.0000219 seconds
33.120: [GC (Allocation Failure)  83129K->601K(424448K), 0.0006026 secs]
33.121: Total time for which application threads were stopped: 0.0007413 seconds, Stopping threads took: 0.0000270 seconds
33.172: [GC (Allocation Failure)  81497K->697K(422912K), 0.0004685 secs]
33.172: Total time for which application threads were stopped: 0.0006045 seconds, Stopping threads took: 0.0000348 seconds
33.222: [GC (Allocation Failure)  80057K->665K(421888K), 0.0005283 secs]
33.223: Total time for which application threads were stopped: 0.0006527 seconds, Stopping threads took: 0.0000260 seconds
33.276: [GC (Allocation Failure)  79001K->665K(420864K), 0.0004481 secs]
33.276: Total time for which application threads were stopped: 0.0005795 seconds, Stopping threads took: 0.0000210 seconds
33.325: [GC (Allocation Failure)  77977K->665K(419840K), 0.0005185 secs]
33.325: Total time for which application threads were stopped: 0.0006626 seconds, Stopping threads took: 0.0000204 seconds
33.379: [GC (Allocation Failure)  76953K->697K(418816K), 0.0005842 secs]
33.380: Total time for which application threads were stopped: 0.0007309 seconds, Stopping threads took: 0.0000218 seconds
33.427: [GC (Allocation Failure)  75961K->665K(417792K), 0.0006177 secs]
33.428: Total time for which application threads were stopped: 0.0007423 seconds, Stopping threads took: 0.0000205 seconds
33.475: [GC (Allocation Failure)  74905K->665K(416768K), 0.0006118 secs]
33.476: Total time for which application threads were stopped: 0.0007354 seconds, Stopping threads took: 0.0000198 seconds
33.523: [GC (Allocation Failure)  73881K->601K(431616K), 0.0006533 secs]
33.523: Total time for which application threads were stopped: 0.0007797 seconds, Stopping threads took: 0.0000272 seconds
33.579: [GC (Allocation Failure)  88665K->633K(430080K), 0.0005012 secs]
33.579: Total time for which application threads were stopped: 0.0006489 seconds, Stopping threads took: 0.0000214 seconds
33.636: [GC (Allocation Failure)  87161K->633K(428544K), 0.0004870 secs]
33.637: Total time for which application threads were stopped: 0.0006486 seconds, Stopping threads took: 0.0000298 seconds
33.693: [GC (Allocation Failure)  85625K->665K(427008K), 0.0004926 secs]
33.694: Total time for which application threads were stopped: 0.0006241 seconds, Stopping threads took: 0.0000213 seconds
33.748: [GC (Allocation Failure)  84121K->697K(425472K), 0.0004036 secs]
33.748: Total time for which application threads were stopped: 0.0005238 seconds, Stopping threads took: 0.0000264 seconds
33.803: [GC (Allocation Failure)  82617K->569K(423936K), 0.0006024 secs]
33.804: Total time for which application threads were stopped: 0.0007292 seconds, Stopping threads took: 0.0000215 seconds
33.854: [GC (Allocation Failure)  80953K->633K(422400K), 0.0004905 secs]
33.854: Total time for which application threads were stopped: 0.0006104 seconds, Stopping threads took: 0.0000196 seconds
33.903: [GC (Allocation Failure)  79481K->633K(421376K), 0.0004705 secs]
33.904: Total time for which application threads were stopped: 0.0005873 seconds, Stopping threads took: 0.0000194 seconds
33.952: [GC (Allocation Failure)  78457K->697K(420352K), 0.0005072 secs]
33.953: Total time for which application threads were stopped: 0.0006408 seconds, Stopping threads took: 0.0000194 seconds
34.008: [GC (Allocation Failure)  77497K->569K(419328K), 0.0005022 secs]
34.009: Total time for which application threads were stopped: 0.0006364 seconds, Stopping threads took: 0.0000295 seconds
34.056: [GC (Allocation Failure)  76345K->601K(418304K), 0.0006328 secs]
34.057: Total time for which application threads were stopped: 0.0007737 seconds, Stopping threads took: 0.0000194 seconds
34.108: [GC (Allocation Failure)  75353K->633K(417280K), 0.0006546 secs]
34.108: Total time for which application threads were stopped: 0.0007704 seconds, Stopping threads took: 0.0000187 seconds
34.154: [GC (Allocation Failure)  74361K->665K(416256K), 0.0004250 secs]
34.155: Total time for which application threads were stopped: 0.0005589 seconds, Stopping threads took: 0.0000242 seconds
34.200: [GC (Allocation Failure)  73369K->697K(415232K), 0.0004397 secs]
34.201: Total time for which application threads were stopped: 0.0005601 seconds, Stopping threads took: 0.0000202 seconds
34.247: [GC (Allocation Failure)  72377K->665K(414208K), 0.0005338 secs]
34.247: Total time for which application threads were stopped: 0.0006545 seconds, Stopping threads took: 0.0000190 seconds
34.291: [GC (Allocation Failure)  71321K->633K(413184K), 0.0005534 secs]
34.292: Total time for which application threads were stopped: 0.0006809 seconds, Stopping threads took: 0.0000273 seconds
34.335: [GC (Allocation Failure)  70265K->697K(427520K), 0.0007202 secs]
34.336: Total time for which application threads were stopped: 0.0008411 seconds, Stopping threads took: 0.0000198 seconds
34.388: [GC (Allocation Failure)  84665K->665K(425984K), 0.0004729 secs]
34.389: Total time for which application threads were stopped: 0.0006016 seconds, Stopping threads took: 0.0000283 seconds
34.440: [GC (Allocation Failure)  83097K->665K(424448K), 0.0004803 secs]
34.441: Total time for which application threads were stopped: 0.0006014 seconds, Stopping threads took: 0.0000195 seconds
34.491: [GC (Allocation Failure)  81561K->633K(422912K), 0.0004968 secs]
34.492: Total time for which application threads were stopped: 0.0006473 seconds, Stopping threads took: 0.0000286 seconds
34.543: [GC (Allocation Failure)  79993K->665K(421888K), 0.0006037 secs]
34.543: Total time for which application threads were stopped: 0.0007349 seconds, Stopping threads took: 0.0000278 seconds
34.592: [GC (Allocation Failure)  79001K->633K(437760K), 0.0007238 secs]
34.593: Total time for which application threads were stopped: 0.0008632 seconds, Stopping threads took: 0.0000218 seconds
34.652: [GC (Allocation Failure)  94841K->601K(456704K), 0.0006930 secs]
34.653: Total time for which application threads were stopped: 0.0008505 seconds, Stopping threads took: 0.0000237 seconds
34.729: [GC (Allocation Failure)  113753K->601K(454144K), 0.0004394 secs]
34.729: Total time for which application threads were stopped: 0.0005600 seconds, Stopping threads took: 0.0000269 seconds
34.802: [GC (Allocation Failure)  111193K->665K(452096K), 0.0005673 secs]
34.802: Total time for which application threads were stopped: 0.0006903 seconds, Stopping threads took: 0.0000209 seconds
34.873: [GC (Allocation Failure)  109209K->697K(450048K), 0.0005347 secs]
34.874: Total time for which application threads were stopped: 0.0006399 seconds, Stopping threads took: 0.0000168 seconds
34.946: [GC (Allocation Failure)  107193K->665K(448000K), 0.0005073 secs]
34.947: Total time for which application threads were stopped: 0.0006332 seconds, Stopping threads took: 0.0000200 seconds
35.011: [GC (Allocation Failure)  105113K->665K(445952K), 0.0005082 secs]
35.012: Total time for which application threads were stopped: 0.0006507 seconds, Stopping threads took: 0.0000206 seconds
35.076: [GC (Allocation Failure)  103065K->601K(443904K), 0.0004741 secs]
35.076: Total time for which application threads were stopped: 0.0006115 seconds, Stopping threads took: 0.0000295 seconds
35.138: [GC (Allocation Failure)  100953K->633K(441856K), 0.0004890 secs]
35.139: Total time for which application threads were stopped: 0.0006101 seconds, Stopping threads took: 0.0000198 seconds
35.201: [GC (Allocation Failure)  98937K->601K(439808K), 0.0006140 secs]
35.201: Total time for which application threads were stopped: 0.0007368 seconds, Stopping threads took: 0.0000278 seconds
35.266: [GC (Allocation Failure)  96857K->633K(437760K), 0.0005256 secs]
35.267: Total time for which application threads were stopped: 0.0006542 seconds, Stopping threads took: 0.0000276 seconds
35.326: [GC (Allocation Failure)  94841K->697K(436224K), 0.0004601 secs]
35.326: Total time for which application threads were stopped: 0.0005865 seconds, Stopping threads took: 0.0000270 seconds
35.384: [GC (Allocation Failure)  93369K->665K(434688K), 0.0004620 secs]
35.384: Total time for which application threads were stopped: 0.0005820 seconds, Stopping threads took: 0.0000199 seconds
35.441: [GC (Allocation Failure)  91801K->665K(433152K), 0.0004909 secs]
35.442: Total time for which application threads were stopped: 0.0006099 seconds, Stopping threads took: 0.0000191 seconds
35.498: [GC (Allocation Failure)  90265K->665K(431616K), 0.0004698 secs]
35.499: Total time for which application threads were stopped: 0.0006068 seconds, Stopping threads took: 0.0000248 seconds
35.554: [GC (Allocation Failure)  88729K->633K(430080K), 0.0004982 secs]
35.555: Total time for which application threads were stopped: 0.0006269 seconds, Stopping threads took: 0.0000286 seconds
35.609: [GC (Allocation Failure)  87161K->633K(428544K), 0.0004935 secs]
35.609: Total time for which application threads were stopped: 0.0006114 seconds, Stopping threads took: 0.0000190 seconds
35.662: [GC (Allocation Failure)  85625K->601K(427008K), 0.0004751 secs]
35.663: Total time for which application threads were stopped: 0.0006014 seconds, Stopping threads took: 0.0000275 seconds
35.714: [GC (Allocation Failure)  84057K->601K(425472K), 0.0005096 secs]
35.715: Total time for which application threads were stopped: 0.0006451 seconds, Stopping threads took: 0.0000272 seconds
35.767: [GC (Allocation Failure)  82521K->633K(423936K), 0.0004498 secs]
35.768: Total time for which application threads were stopped: 0.0005839 seconds, Stopping threads took: 0.0000198 seconds
35.818: [GC (Allocation Failure)  81017K->633K(422400K), 0.0004793 secs]
35.818: Total time for which application threads were stopped: 0.0006135 seconds, Stopping threads took: 0.0000281 seconds
35.868: [GC (Allocation Failure)  79481K->665K(421376K), 0.0004873 secs]
35.868: Total time for which application threads were stopped: 0.0006237 seconds, Stopping threads took: 0.0000294 seconds
35.917: [GC (Allocation Failure)  78489K->633K(420352K), 0.0005938 secs]
35.917: Total time for which application threads were stopped: 0.0007478 seconds, Stopping threads took: 0.0000300 seconds
35.965: [GC (Allocation Failure)  77433K->633K(419328K), 0.0004528 secs]
35.966: Total time for which application threads were stopped: 0.0005907 seconds, Stopping threads took: 0.0000362 seconds
36.019: [GC (Allocation Failure)  76409K->633K(418304K), 0.0004912 secs]
36.019: Total time for which application threads were stopped: 0.0006002 seconds, Stopping threads took: 0.0000174 seconds
36.066: [GC (Allocation Failure)  75385K->601K(417280K), 0.0007943 secs]
36.067: Total time for which application threads were stopped: 0.0009193 seconds, Stopping threads took: 0.0000197 seconds
36.119: [GC (Allocation Failure)  74329K->665K(416256K), 0.0004797 secs]
36.119: Total time for which application threads were stopped: 0.0006038 seconds, Stopping threads took: 0.0000269 seconds
36.168: [GC (Allocation Failure)  73369K->633K(415232K), 0.0004705 secs]
36.169: Total time for which application threads were stopped: 0.0005954 seconds, Stopping threads took: 0.0000274 seconds
36.218: [GC (Allocation Failure)  72313K->601K(414208K), 0.0005700 secs]
36.219: Total time for which application threads were stopped: 0.0007093 seconds, Stopping threads took: 0.0000272 seconds
36.265: [GC (Allocation Failure)  71257K->665K(428544K), 0.0007253 secs]
36.265: Total time for which application threads were stopped: 0.0008688 seconds, Stopping threads took: 0.0000262 seconds
36.318: [GC (Allocation Failure)  85657K->697K(427008K), 0.0005384 secs]
36.319: Total time for which application threads were stopped: 0.0006795 seconds, Stopping threads took: 0.0000220 seconds
36.371: [GC (Allocation Failure)  84153K->665K(425472K), 0.0005453 secs]
36.372: Total time for which application threads were stopped: 0.0006826 seconds, Stopping threads took: 0.0000311 seconds
36.423: [GC (Allocation Failure)  82585K->665K(423936K), 0.0005337 secs]
36.423: Total time for which application threads were stopped: 0.0006869 seconds, Stopping threads took: 0.0000303 seconds
36.474: [GC (Allocation Failure)  81049K->633K(422400K), 0.0005200 secs]
36.474: Total time for which application threads were stopped: 0.0006711 seconds, Stopping threads took: 0.0000305 seconds
36.524: [GC (Allocation Failure)  79481K->633K(421376K), 0.0004767 secs]
36.525: Total time for which application threads were stopped: 0.0006070 seconds, Stopping threads took: 0.0000282 seconds
36.580: [GC (Allocation Failure)  78457K->633K(420352K), 0.0004679 secs]
36.580: Total time for which application threads were stopped: 0.0006058 seconds, Stopping threads took: 0.0000194 seconds
36.633: [GC (Allocation Failure)  77433K->665K(419328K), 0.0005717 secs]
36.634: Total time for which application threads were stopped: 0.0007099 seconds, Stopping threads took: 0.0000213 seconds
36.681: [GC (Allocation Failure)  76441K->665K(418304K), 0.0005783 secs]
36.682: Total time for which application threads were stopped: 0.0007435 seconds, Stopping threads took: 0.0000226 seconds
36.729: [GC (Allocation Failure)  75417K->697K(417280K), 0.0004380 secs]
36.729: Total time for which application threads were stopped: 0.0005702 seconds, Stopping threads took: 0.0000200 seconds
36.780: [GC (Allocation Failure)  74425K->601K(416256K), 0.0005982 secs]
36.781: Total time for which application threads were stopped: 0.0007408 seconds, Stopping threads took: 0.0000213 seconds
36.830: [GC (Allocation Failure)  73305K->633K(415232K), 0.0004925 secs]
36.830: Total time for which application threads were stopped: 0.0006554 seconds, Stopping threads took: 0.0000309 seconds
36.881: [GC (Allocation Failure)  72313K->633K(414208K), 0.0005134 secs]
36.882: Total time for which application threads were stopped: 0.0006398 seconds, Stopping threads took: 0.0000220 seconds
36.926: [GC (Allocation Failure)  71289K->729K(413184K), 0.0006098 secs]
36.926: Total time for which application threads were stopped: 0.0007355 seconds, Stopping threads took: 0.0000273 seconds
36.975: [GC (Allocation Failure)  70361K->633K(412160K), 0.0004674 secs]
36.976: Total time for which application threads were stopped: 0.0005846 seconds, Stopping threads took: 0.0000202 seconds
37.018: [GC (Allocation Failure)  69241K->665K(411136K), 0.0005290 secs]
37.019: Total time for which application threads were stopped: 0.0006543 seconds, Stopping threads took: 0.0000274 seconds
37.061: [GC (Allocation Failure)  68249K->633K(410112K), 0.0004599 secs]
37.061: Total time for which application threads were stopped: 0.0006119 seconds, Stopping threads took: 0.0000328 seconds
37.107: [GC (Allocation Failure)  67193K->601K(409088K), 0.0004748 secs]
37.107: Total time for which application threads were stopped: 0.0006000 seconds, Stopping threads took: 0.0000276 seconds
37.153: [GC (Allocation Failure)  66137K->633K(408064K), 0.0004791 secs]
37.154: Total time for which application threads were stopped: 0.0006078 seconds, Stopping threads took: 0.0000282 seconds
37.195: [GC (Allocation Failure)  65145K->633K(407040K), 0.0005690 secs]
37.195: Total time for which application threads were stopped: 0.0006999 seconds, Stopping threads took: 0.0000192 seconds
37.235: [GC (Allocation Failure)  64121K->633K(406016K), 0.0004555 secs]
37.236: Total time for which application threads were stopped: 0.0005751 seconds, Stopping threads took: 0.0000263 seconds
37.278: [GC (Allocation Failure)  63097K->665K(405504K), 0.0004874 secs]
37.279: Total time for which application threads were stopped: 0.0006075 seconds, Stopping threads took: 0.0000193 seconds
37.318: [GC (Allocation Failure)  62617K->633K(404992K), 0.0004811 secs]
37.318: Total time for which application threads were stopped: 0.0005994 seconds, Stopping threads took: 0.0000196 seconds
37.363: [GC (Allocation Failure)  62073K->601K(404480K), 0.0005431 secs]
37.363: Total time for which application threads were stopped: 0.0006965 seconds, Stopping threads took: 0.0000299 seconds
37.405: [GC (Allocation Failure)  61529K->601K(416768K), 0.0005996 secs]
37.406: Total time for which application threads were stopped: 0.0007438 seconds, Stopping threads took: 0.0000233 seconds
37.452: [GC (Allocation Failure)  73817K->633K(431616K), 0.0005791 secs]
37.452: Total time for which application threads were stopped: 0.0007397 seconds, Stopping threads took: 0.0000313 seconds
37.519: [GC (Allocation Failure)  88697K->665K(430080K), 0.0004330 secs]
37.520: Total time for which application threads were stopped: 0.0005599 seconds, Stopping threads took: 0.0000276 seconds
37.573: [GC (Allocation Failure)  87193K->697K(428544K), 0.0005669 secs]
37.574: Total time for which application threads were stopped: 0.0007021 seconds, Stopping threads took: 0.0000191 seconds
37.631: [GC (Allocation Failure)  85689K->633K(427008K), 0.0004876 secs]
37.632: Total time for which application threads were stopped: 0.0006296 seconds, Stopping threads took: 0.0000201 seconds
37.684: [GC (Allocation Failure)  84089K->633K(425472K), 0.0005117 secs]
37.684: Total time for which application threads were stopped: 0.0006691 seconds, Stopping threads took: 0.0000232 seconds
37.736: [GC (Allocation Failure)  82553K->633K(423936K), 0.0004068 secs]
37.736: Total time for which application threads were stopped: 0.0005330 seconds, Stopping threads took: 0.0000199 seconds
37.787: [GC (Allocation Failure)  81017K->697K(422400K), 0.0005984 secs]
37.787: Total time for which application threads were stopped: 0.0007405 seconds, Stopping threads took: 0.0000262 seconds
37.842: [GC (Allocation Failure)  79545K->633K(421376K), 0.0004372 secs]
37.842: Total time for which application threads were stopped: 0.0005627 seconds, Stopping threads took: 0.0000279 seconds
37.898: [GC (Allocation Failure)  78457K->729K(420352K), 0.0004484 secs]
37.898: Total time for which application threads were stopped: 0.0005687 seconds, Stopping threads took: 0.0000264 seconds
37.950: [GC (Allocation Failure)  77529K->633K(419328K), 0.0004418 secs]
37.951: Total time for which application threads were stopped: 0.0005658 seconds, Stopping threads took: 0.0000278 seconds
37.998: [GC (Allocation Failure)  76409K->633K(418304K), 0.0004561 secs]
37.999: Total time for which application threads were stopped: 0.0005646 seconds, Stopping threads took: 0.0000181 seconds
38.049: [GC (Allocation Failure)  75385K->633K(417280K), 0.0005497 secs]
38.050: Total time for which application threads were stopped: 0.0006846 seconds, Stopping threads took: 0.0000253 seconds
38.096: [GC (Allocation Failure)  74361K->633K(416256K), 0.0004367 secs]
38.096: Total time for which application threads were stopped: 0.0005534 seconds, Stopping threads took: 0.0000254 seconds
38.142: [GC (Allocation Failure)  73337K->729K(415232K), 0.0004878 secs]
38.142: Total time for which application threads were stopped: 0.0006074 seconds, Stopping threads took: 0.0000201 seconds
38.190: [GC (Allocation Failure)  72409K->633K(414208K), 0.0004897 secs]
38.191: Total time for which application threads were stopped: 0.0006043 seconds, Stopping threads took: 0.0000190 seconds
38.242: [GC (Allocation Failure)  71289K->665K(413184K), 0.0004257 secs]
38.242: Total time for which application threads were stopped: 0.0005631 seconds, Stopping threads took: 0.0000260 seconds
38.286: [GC (Allocation Failure)  70297K->601K(412160K), 0.0005299 secs]
38.287: Total time for which application threads were stopped: 0.0006582 seconds, Stopping threads took: 0.0000260 seconds
38.330: [GC (Allocation Failure)  69209K->665K(411136K), 0.0005281 secs]
38.330: Total time for which application threads were stopped: 0.0006571 seconds, Stopping threads took: 0.0000201 seconds
38.372: [GC (Allocation Failure)  68249K->665K(410112K), 0.0005913 secs]
38.373: Total time for which application threads were stopped: 0.0007573 seconds, Stopping threads took: 0.0000302 seconds
38.415: [GC (Allocation Failure)  67225K->633K(423424K), 0.0006201 secs]
38.415: Total time for which application threads were stopped: 0.0007739 seconds, Stopping threads took: 0.0000221 seconds
38.471: [GC (Allocation Failure)  80505K->665K(422400K), 0.0005068 secs]
38.472: Total time for which application threads were stopped: 0.0006501 seconds, Stopping threads took: 0.0000221 seconds
38.525: [GC (Allocation Failure)  79513K->633K(421376K), 0.0004251 secs]
38.526: Total time for which application threads were stopped: 0.0005306 seconds, Stopping threads took: 0.0000173 seconds
38.580: [GC (Allocation Failure)  78457K->665K(420352K), 0.0004776 secs]
38.581: Total time for which application threads were stopped: 0.0005995 seconds, Stopping threads took: 0.0000200 seconds
38.629: [GC (Allocation Failure)  77465K->665K(419328K), 0.0005620 secs]
38.629: Total time for which application threads were stopped: 0.0006930 seconds, Stopping threads took: 0.0000213 seconds
38.676: [GC (Allocation Failure)  76441K->665K(418304K), 0.0005330 secs]
38.677: Total time for which application threads were stopped: 0.0006728 seconds, Stopping threads took: 0.0000215 seconds
38.724: [GC (Allocation Failure)  75417K->601K(417280K), 0.0005795 secs]
38.724: Total time for which application threads were stopped: 0.0007151 seconds, Stopping threads took: 0.0000219 seconds
38.776: [GC (Allocation Failure)  74329K->633K(416256K), 0.0004562 secs]
38.776: Total time for which application threads were stopped: 0.0005939 seconds, Stopping threads took: 0.0000274 seconds
38.822: [GC (Allocation Failure)  73337K->697K(415232K), 0.0006423 secs]
38.823: Total time for which application threads were stopped: 0.0007829 seconds, Stopping threads took: 0.0000225 seconds
38.868: [GC (Allocation Failure)  72377K->633K(414208K), 0.0005029 secs]
38.868: Total time for which application threads were stopped: 0.0006343 seconds, Stopping threads took: 0.0000200 seconds
38.913: [GC (Allocation Failure)  71289K->697K(413184K), 0.0005808 secs]
38.913: Total time for which application threads were stopped: 0.0007253 seconds, Stopping threads took: 0.0000208 seconds
38.961: [GC (Allocation Failure)  70329K->633K(412160K), 0.0005310 secs]
38.961: Total time for which application threads were stopped: 0.0006675 seconds, Stopping threads took: 0.0000214 seconds
39.010: [GC (Allocation Failure)  69241K->665K(411136K), 0.0005287 secs]
39.010: Total time for which application threads were stopped: 0.0006630 seconds, Stopping threads took: 0.0000213 seconds
39.053: [GC (Allocation Failure)  68249K->633K(410112K), 0.0005380 secs]
39.054: Total time for which application threads were stopped: 0.0007037 seconds, Stopping threads took: 0.0000225 seconds
39.102: [GC (Allocation Failure)  67193K->601K(423424K), 0.0006136 secs]
39.103: Total time for which application threads were stopped: 0.0007529 seconds, Stopping threads took: 0.0000310 seconds
39.157: [GC (Allocation Failure)  80473K->633K(422400K), 0.0004969 secs]
39.158: Total time for which application threads were stopped: 0.0006284 seconds, Stopping threads took: 0.0000190 seconds
39.210: [GC (Allocation Failure)  79481K->665K(421376K), 0.0004748 secs]
39.211: Total time for which application threads were stopped: 0.0005954 seconds, Stopping threads took: 0.0000201 seconds
39.265: [GC (Allocation Failure)  78489K->697K(420352K), 0.0004488 secs]
39.266: Total time for which application threads were stopped: 0.0005806 seconds, Stopping threads took: 0.0000282 seconds
39.320: [GC (Allocation Failure)  77497K->633K(419328K), 0.0004589 secs]
39.320: Total time for which application threads were stopped: 0.0005833 seconds, Stopping threads took: 0.0000279 seconds
39.367: [GC (Allocation Failure)  76409K->601K(418304K), 0.0005396 secs]
39.368: Total time for which application threads were stopped: 0.0006665 seconds, Stopping threads took: 0.0000275 seconds
39.415: [GC (Allocation Failure)  75353K->665K(433664K), 0.0007895 secs]
39.415: Total time for which application threads were stopped: 0.0009122 seconds, Stopping threads took: 0.0000200 seconds
39.472: [GC (Allocation Failure)  90777K->633K(432128K), 0.0004841 secs]
39.472: Total time for which application threads were stopped: 0.0006157 seconds, Stopping threads took: 0.0000209 seconds
39.528: [GC (Allocation Failure)  89209K->665K(430592K), 0.0006067 secs]
39.529: Total time for which application threads were stopped: 0.0007424 seconds, Stopping threads took: 0.0000273 seconds
39.583: [GC (Allocation Failure)  87705K->729K(429056K), 0.0005125 secs]
39.584: Total time for which application threads were stopped: 0.0006486 seconds, Stopping threads took: 0.0000292 seconds
39.640: [GC (Allocation Failure)  86233K->665K(427520K), 0.0004882 secs]
39.640: Total time for which application threads were stopped: 0.0006157 seconds, Stopping threads took: 0.0000210 seconds
39.693: [GC (Allocation Failure)  84633K->697K(425984K), 0.0005167 secs]
39.693: Total time for which application threads were stopped: 0.0006326 seconds, Stopping threads took: 0.0000189 seconds
39.750: [GC (Allocation Failure)  83129K->633K(424448K), 0.0004244 secs]
39.751: Total time for which application threads were stopped: 0.0005471 seconds, Stopping threads took: 0.0000196 seconds
39.801: [GC (Allocation Failure)  81529K->665K(422912K), 0.0005541 secs]
39.802: Total time for which application threads were stopped: 0.0006817 seconds, Stopping threads took: 0.0000268 seconds
39.858: [GC (Allocation Failure)  80025K->665K(421888K), 0.0004743 secs]
39.858: Total time for which application threads were stopped: 0.0006027 seconds, Stopping threads took: 0.0000281 seconds
39.907: [GC (Allocation Failure)  79001K->633K(420864K), 0.0005093 secs]
39.908: Total time for which application threads were stopped: 0.0006273 seconds, Stopping threads took: 0.0000197 seconds
39.961: [GC (Allocation Failure)  77945K->601K(419840K), 0.0004736 secs]
39.962: Total time for which application threads were stopped: 0.0005929 seconds, Stopping threads took: 0.0000195 seconds
40.016: [GC (Allocation Failure)  76889K->665K(418816K), 0.0005890 secs]
40.017: Total time for which application threads were stopped: 0.0007064 seconds, Stopping threads took: 0.0000190 seconds
40.068: [GC (Allocation Failure)  75929K->633K(417792K), 0.0005475 secs]
40.069: Total time for which application threads were stopped: 0.0006630 seconds, Stopping threads took: 0.0000194 seconds
40.115: [GC (Allocation Failure)  74873K->633K(416768K), 0.0005574 secs]
40.116: Total time for which application threads were stopped: 0.0006737 seconds, Stopping threads took: 0.0000184 seconds
40.167: [GC (Allocation Failure)  73849K->665K(415744K), 0.0005225 secs]
40.167: Total time for which application threads were stopped: 0.0006390 seconds, Stopping threads took: 0.0000194 seconds
40.212: [GC (Allocation Failure)  72857K->665K(414720K), 0.0004857 secs]
40.213: Total time for which application threads were stopped: 0.0006022 seconds, Stopping threads took: 0.0000193 seconds
40.258: [GC (Allocation Failure)  71833K->633K(413696K), 0.0004104 secs]
40.259: Total time for which application threads were stopped: 0.0005451 seconds, Stopping threads took: 0.0000277 seconds
40.302: [GC (Allocation Failure)  70777K->665K(412672K), 0.0004731 secs]
40.303: Total time for which application threads were stopped: 0.0006003 seconds, Stopping threads took: 0.0000273 seconds
40.346: [GC (Allocation Failure)  69785K->633K(411648K), 0.0005255 secs]
40.347: Total time for which application threads were stopped: 0.0006602 seconds, Stopping threads took: 0.0000195 seconds
40.389: [GC (Allocation Failure)  68729K->633K(410624K), 0.0004460 secs]
40.390: Total time for which application threads were stopped: 0.0005642 seconds, Stopping threads took: 0.0000195 seconds
40.432: [GC (Allocation Failure)  67705K->633K(409600K), 0.0004847 secs]
40.432: Total time for which application threads were stopped: 0.0006142 seconds, Stopping threads took: 0.0000191 seconds
40.473: [GC (Allocation Failure)  66681K->601K(422912K), 0.0005999 secs]
40.474: Total time for which application threads were stopped: 0.0007198 seconds, Stopping threads took: 0.0000188 seconds
40.526: [GC (Allocation Failure)  79961K->697K(438784K), 0.0007230 secs]
40.526: Total time for which application threads were stopped: 0.0008432 seconds, Stopping threads took: 0.0000193 seconds
40.589: [GC (Allocation Failure)  95929K->697K(437248K), 0.0005226 secs]
40.590: Total time for which application threads were stopped: 0.0006516 seconds, Stopping threads took: 0.0000274 seconds
40.648: [GC (Allocation Failure)  94393K->633K(435712K), 0.0005180 secs]
40.648: Total time for which application threads were stopped: 0.0006338 seconds, Stopping threads took: 0.0000188 seconds
40.709: [GC (Allocation Failure)  92793K->633K(434176K), 0.0005467 secs]
40.710: Total time for which application threads were stopped: 0.0006646 seconds, Stopping threads took: 0.0000191 seconds
40.773: [GC (Allocation Failure)  91257K->633K(432640K), 0.0003998 secs]
40.773: Total time for which application threads were stopped: 0.0005146 seconds, Stopping threads took: 0.0000246 seconds
40.829: [GC (Allocation Failure)  89721K->601K(431104K), 0.0005967 secs]
40.829: Total time for which application threads were stopped: 0.0007059 seconds, Stopping threads took: 0.0000166 seconds
40.884: [GC (Allocation Failure)  88153K->665K(429568K), 0.0005800 secs]
40.885: Total time for which application threads were stopped: 0.0006968 seconds, Stopping threads took: 0.0000192 seconds
40.938: [GC (Allocation Failure)  86681K->633K(428032K), 0.0004995 secs]
40.939: Total time for which application threads were stopped: 0.0006277 seconds, Stopping threads took: 0.0000274 seconds
40.997: [GC (Allocation Failure)  85113K->633K(426496K), 0.0005242 secs]
40.997: Total time for which application threads were stopped: 0.0006469 seconds, Stopping threads took: 0.0000202 seconds
41.049: [GC (Allocation Failure)  83577K->665K(424960K), 0.0006597 secs]
41.050: Total time for which application threads were stopped: 0.0007863 seconds, Stopping threads took: 0.0000205 seconds
41.101: [GC (Allocation Failure)  82073K->665K(423424K), 0.0004962 secs]
41.101: Total time for which application threads were stopped: 0.0006234 seconds, Stopping threads took: 0.0000276 seconds
41.151: [GC (Allocation Failure)  80537K->665K(422400K), 0.0004973 secs]
41.152: Total time for which application threads were stopped: 0.0006255 seconds, Stopping threads took: 0.0000278 seconds
41.201: [GC (Allocation Failure)  79513K->633K(421376K), 0.0005103 secs]
41.201: Total time for which application threads were stopped: 0.0006263 seconds, Stopping threads took: 0.0000204 seconds
41.253: [GC (Allocation Failure)  78457K->665K(420352K), 0.0005435 secs]
41.254: Total time for which application threads were stopped: 0.0006650 seconds, Stopping threads took: 0.0000195 seconds
41.302: [GC (Allocation Failure)  77465K->601K(419328K), 0.0004779 secs]
41.303: Total time for which application threads were stopped: 0.0006122 seconds, Stopping threads took: 0.0000199 seconds
41.355: [GC (Allocation Failure)  76377K->665K(418304K), 0.0005191 secs]
41.356: Total time for which application threads were stopped: 0.0006593 seconds, Stopping threads took: 0.0000218 seconds
41.402: [GC (Allocation Failure)  75417K->633K(417280K), 0.0004731 secs]
41.403: Total time for which application threads were stopped: 0.0005924 seconds, Stopping threads took: 0.0000202 seconds
41.454: [GC (Allocation Failure)  74361K->729K(416256K), 0.0007279 secs]
41.455: Total time for which application threads were stopped: 0.0008652 seconds, Stopping threads took: 0.0000214 seconds
41.504: [GC (Allocation Failure)  73433K->665K(415232K), 0.0005122 secs]
41.505: Total time for which application threads were stopped: 0.0006481 seconds, Stopping threads took: 0.0000288 seconds
41.553: [GC (Allocation Failure)  72345K->633K(414208K), 0.0004230 secs]
41.553: Total time for which application threads were stopped: 0.0005322 seconds, Stopping threads took: 0.0000172 seconds
41.601: [GC (Allocation Failure)  71289K->697K(413184K), 0.0005152 secs]
41.602: Total time for which application threads were stopped: 0.0006645 seconds, Stopping threads took: 0.0000273 seconds
41.649: [GC (Allocation Failure)  70329K->665K(412160K), 0.0004976 secs]
41.650: Total time for which application threads were stopped: 0.0006242 seconds, Stopping threads took: 0.0000281 seconds
41.693: [GC (Allocation Failure)  69273K->633K(411136K), 0.0004663 secs]
41.693: Total time for which application threads were stopped: 0.0005880 seconds, Stopping threads took: 0.0000177 seconds
41.736: [GC (Allocation Failure)  68217K->729K(410112K), 0.0004139 secs]
41.736: Total time for which application threads were stopped: 0.0005313 seconds, Stopping threads took: 0.0000260 seconds
41.782: [GC (Allocation Failure)  67289K->633K(409088K), 0.0004881 secs]
41.782: Total time for which application threads were stopped: 0.0006195 seconds, Stopping threads took: 0.0000204 seconds
41.823: [GC (Allocation Failure)  66169K->633K(422400K), 0.0006721 secs]
41.824: Total time for which application threads were stopped: 0.0008108 seconds, Stopping threads took: 0.0000224 seconds
41.874: [GC (Allocation Failure)  79481K->601K(438272K), 0.0006298 secs]
41.875: Total time for which application threads were stopped: 0.0007850 seconds, Stopping threads took: 0.0000304 seconds
41.939: [GC (Allocation Failure)  95321K->665K(436736K), 0.0004618 secs]
41.940: Total time for which application threads were stopped: 0.0006021 seconds, Stopping threads took: 0.0000221 seconds
41.998: [GC (Allocation Failure)  93849K->697K(435200K), 0.0004773 secs]
41.998: Total time for which application threads were stopped: 0.0006044 seconds, Stopping threads took: 0.0000228 seconds
42.061: [GC (Allocation Failure)  92345K->665K(433664K), 0.0004362 secs]
42.061: Total time for which application threads were stopped: 0.0005424 seconds, Stopping threads took: 0.0000167 seconds
42.124: [GC (Allocation Failure)  90777K->633K(432128K), 0.0005291 secs]
42.125: Total time for which application threads were stopped: 0.0006576 seconds, Stopping threads took: 0.0000276 seconds
42.186: [GC (Allocation Failure)  89209K->665K(430592K), 0.0006909 secs]
42.187: Total time for which application threads were stopped: 0.0008354 seconds, Stopping threads took: 0.0000294 seconds
42.247: [GC (Allocation Failure)  87705K->665K(429056K), 0.0004677 secs]
42.247: Total time for which application threads were stopped: 0.0005924 seconds, Stopping threads took: 0.0000250 seconds
42.305: [GC (Allocation Failure)  86169K->665K(427520K), 0.0004373 secs]
42.305: Total time for which application threads were stopped: 0.0005586 seconds, Stopping threads took: 0.0000195 seconds
42.358: [GC (Allocation Failure)  84633K->601K(425984K), 0.0004914 secs]
42.358: Total time for which application threads were stopped: 0.0006127 seconds, Stopping threads took: 0.0000202 seconds
42.410: [GC (Allocation Failure)  83033K->665K(424448K), 0.0004932 secs]
42.410: Total time for which application threads were stopped: 0.0006133 seconds, Stopping threads took: 0.0000195 seconds
42.461: [GC (Allocation Failure)  81561K->633K(422912K), 0.0004773 secs]
42.461: Total time for which application threads were stopped: 0.0006090 seconds, Stopping threads took: 0.0000194 seconds
42.512: [GC (Allocation Failure)  79993K->633K(421888K), 0.0005395 secs]
42.512: Total time for which application threads were stopped: 0.0006680 seconds, Stopping threads took: 0.0000257 seconds
42.563: [GC (Allocation Failure)  78969K->665K(420864K), 0.0005234 secs]
42.564: Total time for which application threads were stopped: 0.0006403 seconds, Stopping threads took: 0.0000194 seconds
42.617: [GC (Allocation Failure)  77977K->633K(419840K), 0.0004839 secs]
42.617: Total time for which application threads were stopped: 0.0006057 seconds, Stopping threads took: 0.0000164 seconds
42.665: [GC (Allocation Failure)  76921K->697K(418816K), 0.0006131 secs]
42.666: Total time for which application threads were stopped: 0.0007203 seconds, Stopping threads took: 0.0000172 seconds
42.713: [GC (Allocation Failure)  75961K->665K(417792K), 0.0005568 secs]
42.713: Total time for which application threads were stopped: 0.0006884 seconds, Stopping threads took: 0.0000282 seconds
42.760: [GC (Allocation Failure)  74905K->665K(416768K), 0.0004558 secs]
42.760: Total time for which application threads were stopped: 0.0005755 seconds, Stopping threads took: 0.0000193 seconds
42.806: [GC (Allocation Failure)  73881K->633K(415744K), 0.0005601 secs]
42.807: Total time for which application threads were stopped: 0.0007116 seconds, Stopping threads took: 0.0000289 seconds
42.858: [GC (Allocation Failure)  72825K->665K(414720K), 0.0005079 secs]
42.858: Total time for which application threads were stopped: 0.0006499 seconds, Stopping threads took: 0.0000224 seconds
42.903: [GC (Allocation Failure)  71833K->697K(413696K), 0.0006381 secs]
42.904: Total time for which application threads were stopped: 0.0007878 seconds, Stopping threads took: 0.0000215 seconds
42.951: [GC (Allocation Failure)  70841K->697K(412672K), 0.0004939 secs]
42.952: Total time for which application threads were stopped: 0.0006338 seconds, Stopping threads took: 0.0000212 seconds
42.995: [GC (Allocation Failure)  69817K->665K(411648K), 0.0004771 secs]
42.996: Total time for which application threads were stopped: 0.0006021 seconds, Stopping threads took: 0.0000202 seconds
43.038: [GC (Allocation Failure)  68761K->633K(410624K), 0.0005558 secs]
43.039: Total time for which application threads were stopped: 0.0006843 seconds, Stopping threads took: 0.0000277 seconds
43.087: [GC (Allocation Failure)  67705K->665K(409600K), 0.0005053 secs]
43.087: Total time for which application threads were stopped: 0.0006339 seconds, Stopping threads took: 0.0000196 seconds
43.128: [GC (Allocation Failure)  66713K->665K(408576K), 0.0005189 secs]
43.129: Total time for which application threads were stopped: 0.0006480 seconds, Stopping threads took: 0.0000203 seconds
43.170: [GC (Allocation Failure)  65689K->665K(407552K), 0.0004678 secs]
43.170: Total time for which application threads were stopped: 0.0005843 seconds, Stopping threads took: 0.0000191 seconds
43.214: [GC (Allocation Failure)  64665K->601K(406528K), 0.0004410 secs]
43.215: Total time for which application threads were stopped: 0.0005455 seconds, Stopping threads took: 0.0000169 seconds
43.255: [GC (Allocation Failure)  63577K->665K(405504K), 0.0004504 secs]
43.256: Total time for which application threads were stopped: 0.0005583 seconds, Stopping threads took: 0.0000192 seconds
43.299: [GC (Allocation Failure)  62617K->601K(404992K), 0.0004521 secs]
43.300: Total time for which application threads were stopped: 0.0005546 seconds, Stopping threads took: 0.0000165 seconds
43.343: [GC (Allocation Failure)  62041K->697K(404480K), 0.0004842 secs]
43.344: Total time for which application threads were stopped: 0.0005882 seconds, Stopping threads took: 0.0000167 seconds
43.382: [GC (Allocation Failure)  61625K->697K(403968K), 0.0004128 secs]
43.382: Total time for which application threads were stopped: 0.0005176 seconds, Stopping threads took: 0.0000176 seconds
43.420: [GC (Allocation Failure)  61113K->665K(403456K), 0.0004617 secs]
43.421: Total time for which application threads were stopped: 0.0005716 seconds, Stopping threads took: 0.0000171 seconds
43.461: [GC (Allocation Failure)  60569K->665K(402944K), 0.0004474 secs]
43.462: Total time for which application threads were stopped: 0.0005826 seconds, Stopping threads took: 0.0000194 seconds
43.506: [GC (Allocation Failure)  60057K->633K(415232K), 0.0006173 secs]
43.507: Total time for which application threads were stopped: 0.0007429 seconds, Stopping threads took: 0.0000240 seconds
43.552: [GC (Allocation Failure)  72313K->665K(429568K), 0.0005952 secs]
43.552: Total time for which application threads were stopped: 0.0007087 seconds, Stopping threads took: 0.0000201 seconds
43.611: [GC (Allocation Failure)  86681K->665K(428032K), 0.0004553 secs]
43.611: Total time for which application threads were stopped: 0.0005643 seconds, Stopping threads took: 0.0000192 seconds
43.670: [GC (Allocation Failure)  85145K->697K(426496K), 0.0004034 secs]
43.671: Total time for which application threads were stopped: 0.0005510 seconds, Stopping threads took: 0.0000175 seconds
43.722: [GC (Allocation Failure)  83641K->633K(424960K), 0.0004316 secs]
43.723: Total time for which application threads were stopped: 0.0005433 seconds, Stopping threads took: 0.0000180 seconds
43.774: [GC (Allocation Failure)  82041K->633K(423424K), 0.0004782 secs]
43.775: Total time for which application threads were stopped: 0.0005992 seconds, Stopping threads took: 0.0000195 seconds
43.830: [GC (Allocation Failure)  80505K->665K(422400K), 0.0006962 secs]
43.831: Total time for which application threads were stopped: 0.0008404 seconds, Stopping threads took: 0.0000218 seconds
43.880: [GC (Allocation Failure)  79513K->697K(421376K), 0.0005091 secs]
43.881: Total time for which application threads were stopped: 0.0006356 seconds, Stopping threads took: 0.0000200 seconds
43.930: [GC (Allocation Failure)  78521K->601K(420352K), 0.0005557 secs]
43.930: Total time for which application threads were stopped: 0.0006754 seconds, Stopping threads took: 0.0000203 seconds
43.984: [GC (Allocation Failure)  77401K->633K(419328K), 0.0004643 secs]
43.984: Total time for which application threads were stopped: 0.0006073 seconds, Stopping threads took: 0.0000286 seconds
44.036: [GC (Allocation Failure)  76409K->665K(418304K), 0.0004635 secs]
44.037: Total time for which application threads were stopped: 0.0005981 seconds, Stopping threads took: 0.0000308 seconds
44.084: [GC (Allocation Failure)  75417K->633K(417280K), 0.0004635 secs]
44.084: Total time for which application threads were stopped: 0.0005696 seconds, Stopping threads took: 0.0000177 seconds
44.133: [GC (Allocation Failure)  74361K->633K(416256K), 0.0005599 secs]
44.133: Total time for which application threads were stopped: 0.0006656 seconds, Stopping threads took: 0.0000170 seconds
44.179: [GC (Allocation Failure)  73337K->633K(415232K), 0.0004204 secs]
44.180: Total time for which application threads were stopped: 0.0005111 seconds, Stopping threads took: 0.0000168 seconds
44.224: [GC (Allocation Failure)  72313K->601K(414208K), 0.0005297 secs]
44.225: Total time for which application threads were stopped: 0.0006316 seconds, Stopping threads took: 0.0000164 seconds
44.272: [GC (Allocation Failure)  71257K->601K(428544K), 0.0007238 secs]
44.272: Total time for which application threads were stopped: 0.0008426 seconds, Stopping threads took: 0.0000198 seconds
44.325: [GC (Allocation Failure)  85593K->633K(427008K), 0.0005199 secs]
44.326: Total time for which application threads were stopped: 0.0006399 seconds, Stopping threads took: 0.0000195 seconds
44.378: [GC (Allocation Failure)  84089K->633K(425472K), 0.0004976 secs]
44.378: Total time for which application threads were stopped: 0.0006311 seconds, Stopping threads took: 0.0000281 seconds
44.429: [GC (Allocation Failure)  82553K->665K(423936K), 0.0005398 secs]
44.430: Total time for which application threads were stopped: 0.0006547 seconds, Stopping threads took: 0.0000192 seconds
44.487: [GC (Allocation Failure)  81049K->665K(422400K), 0.0005315 secs]
44.487: Total time for which application threads were stopped: 0.0006640 seconds, Stopping threads took: 0.0000182 seconds
44.541: [GC (Allocation Failure)  79513K->633K(421376K), 0.0004758 secs]
44.541: Total time for which application threads were stopped: 0.0006102 seconds, Stopping threads took: 0.0000200 seconds
44.596: [GC (Allocation Failure)  78457K->665K(420352K), 0.0005158 secs]
44.597: Total time for which application threads were stopped: 0.0006652 seconds, Stopping threads took: 0.0000226 seconds
44.645: [GC (Allocation Failure)  77465K->697K(419328K), 0.0005210 secs]
44.645: Total time for which application threads were stopped: 0.0006604 seconds, Stopping threads took: 0.0000221 seconds
44.693: [GC (Allocation Failure)  76473K->665K(418304K), 0.0005968 secs]
44.694: Total time for which application threads were stopped: 0.0007323 seconds, Stopping threads took: 0.0000222 seconds
44.741: [GC (Allocation Failure)  75417K->697K(417280K), 0.0004314 secs]
44.741: Total time for which application threads were stopped: 0.0005791 seconds, Stopping threads took: 0.0000278 seconds
44.788: [GC (Allocation Failure)  74425K->665K(416256K), 0.0005846 secs]
44.788: Total time for which application threads were stopped: 0.0007174 seconds, Stopping threads took: 0.0000190 seconds
44.838: [GC (Allocation Failure)  73369K->633K(415232K), 0.0004931 secs]
44.839: Total time for which application threads were stopped: 0.0006349 seconds, Stopping threads took: 0.0000280 seconds
44.883: [GC (Allocation Failure)  72313K->633K(414208K), 0.0005025 secs]
44.884: Total time for which application threads were stopped: 0.0006503 seconds, Stopping threads took: 0.0000303 seconds
44.931: [GC (Allocation Failure)  71289K->665K(413184K), 0.0005642 secs]
44.931: Total time for which application threads were stopped: 0.0007127 seconds, Stopping threads took: 0.0000310 seconds
44.975: [GC (Allocation Failure)  70297K->633K(412160K), 0.0006097 secs]
44.976: Total time for which application threads were stopped: 0.0007692 seconds, Stopping threads took: 0.0000308 seconds
45.024: [GC (Allocation Failure)  69241K->697K(411136K), 0.0004821 secs]
45.025: Total time for which application threads were stopped: 0.0006134 seconds, Stopping threads took: 0.0000274 seconds
45.067: [GC (Allocation Failure)  68281K->697K(410112K), 0.0004752 secs]
45.068: Total time for which application threads were stopped: 0.0006037 seconds, Stopping threads took: 0.0000285 seconds
45.115: [GC (Allocation Failure)  67257K->665K(409088K), 0.0004814 secs]
45.115: Total time for which application threads were stopped: 0.0006026 seconds, Stopping threads took: 0.0000194 seconds
45.157: [GC (Allocation Failure)  66201K->729K(408064K), 0.0004834 secs]
45.157: Total time for which application threads were stopped: 0.0006211 seconds, Stopping threads took: 0.0000269 seconds
45.205: [GC (Allocation Failure)  65241K->665K(407040K), 0.0004899 secs]
45.206: Total time for which application threads were stopped: 0.0006317 seconds, Stopping threads took: 0.0000279 seconds
45.246: [GC (Allocation Failure)  64153K->665K(406016K), 0.0005308 secs]
45.246: Total time for which application threads were stopped: 0.0006580 seconds, Stopping threads took: 0.0000275 seconds
45.285: [GC (Allocation Failure)  63129K->665K(418816K), 0.0005948 secs]
45.286: Total time for which application threads were stopped: 0.0007234 seconds, Stopping threads took: 0.0000276 seconds
45.333: [GC (Allocation Failure)  75929K->665K(434176K), 0.0004975 secs]
45.334: Total time for which application threads were stopped: 0.0006216 seconds, Stopping threads took: 0.0000204 seconds
45.390: [GC (Allocation Failure)  91289K->697K(432640K), 0.0004837 secs]
45.390: Total time for which application threads were stopped: 0.0006159 seconds, Stopping threads took: 0.0000277 seconds
45.446: [GC (Allocation Failure)  89785K->697K(431104K), 0.0005743 secs]
45.447: Total time for which application threads were stopped: 0.0007020 seconds, Stopping threads took: 0.0000209 seconds
45.502: [GC (Allocation Failure)  88249K->601K(429568K), 0.0004983 secs]
45.502: Total time for which application threads were stopped: 0.0006339 seconds, Stopping threads took: 0.0000251 seconds
45.559: [GC (Allocation Failure)  86617K->697K(428032K), 0.0004913 secs]
45.559: Total time for which application threads were stopped: 0.0006009 seconds, Stopping threads took: 0.0000164 seconds
45.615: [GC (Allocation Failure)  85177K->665K(426496K), 0.0004723 secs]
45.615: Total time for which application threads were stopped: 0.0005933 seconds, Stopping threads took: 0.0000200 seconds
45.667: [GC (Allocation Failure)  83609K->729K(424960K), 0.0006259 secs]
45.667: Total time for which application threads were stopped: 0.0007713 seconds, Stopping threads took: 0.0000287 seconds
45.724: [GC (Allocation Failure)  82137K->665K(423424K), 0.0004820 secs]
45.724: Total time for which application threads were stopped: 0.0006175 seconds, Stopping threads took: 0.0000218 seconds
45.774: [GC (Allocation Failure)  80537K->665K(422400K), 0.0004992 secs]
45.775: Total time for which application threads were stopped: 0.0006264 seconds, Stopping threads took: 0.0000270 seconds
45.830: [GC (Allocation Failure)  79513K->633K(421376K), 0.0004689 secs]
45.830: Total time for which application threads were stopped: 0.0005785 seconds, Stopping threads took: 0.0000168 seconds
45.885: [GC (Allocation Failure)  78457K->633K(420352K), 0.0004691 secs]
45.886: Total time for which application threads were stopped: 0.0005993 seconds, Stopping threads took: 0.0000278 seconds
45.933: [GC (Allocation Failure)  77433K->633K(419328K), 0.0005235 secs]
45.934: Total time for which application threads were stopped: 0.0006480 seconds, Stopping threads took: 0.0000265 seconds
45.981: [GC (Allocation Failure)  76409K->633K(418304K), 0.0004817 secs]
45.982: Total time for which application threads were stopped: 0.0005971 seconds, Stopping threads took: 0.0000196 seconds
46.036: [GC (Allocation Failure)  75385K->633K(417280K), 0.0004814 secs]
46.036: Total time for which application threads were stopped: 0.0005986 seconds, Stopping threads took: 0.0000171 seconds
46.082: [GC (Allocation Failure)  74361K->697K(416256K), 0.0006001 secs]
46.083: Total time for which application threads were stopped: 0.0007206 seconds, Stopping threads took: 0.0000192 seconds
46.128: [GC (Allocation Failure)  73401K->665K(415232K), 0.0006501 secs]
46.129: Total time for which application threads were stopped: 0.0008069 seconds, Stopping threads took: 0.0000292 seconds
46.181: [GC (Allocation Failure)  72345K->665K(414208K), 0.0006546 secs]
46.181: Total time for which application threads were stopped: 0.0008238 seconds, Stopping threads took: 0.0000306 seconds
46.226: [GC (Allocation Failure)  71321K->697K(428544K), 0.0005397 secs]
46.226: Total time for which application threads were stopped: 0.0006674 seconds, Stopping threads took: 0.0000225 seconds
46.285: [GC (Allocation Failure)  85689K->665K(427008K), 0.0004715 secs]
46.286: Total time for which application threads were stopped: 0.0005954 seconds, Stopping threads took: 0.0000256 seconds
46.338: [GC (Allocation Failure)  84121K->633K(425472K), 0.0005160 secs]
46.339: Total time for which application threads were stopped: 0.0006349 seconds, Stopping threads took: 0.0000190 seconds
46.390: [GC (Allocation Failure)  82553K->633K(423936K), 0.0005816 secs]
46.391: Total time for which application threads were stopped: 0.0007321 seconds, Stopping threads took: 0.0000291 seconds
46.446: [GC (Allocation Failure)  81017K->665K(422400K), 0.0005005 secs]
46.447: Total time for which application threads were stopped: 0.0006362 seconds, Stopping threads took: 0.0000219 seconds
46.496: [GC (Allocation Failure)  79513K->697K(421376K), 0.0005260 secs]
46.497: Total time for which application threads were stopped: 0.0006540 seconds, Stopping threads took: 0.0000281 seconds
46.547: [GC (Allocation Failure)  78521K->665K(420352K), 0.0005081 secs]
46.547: Total time for which application threads were stopped: 0.0006198 seconds, Stopping threads took: 0.0000202 seconds
46.595: [GC (Allocation Failure)  77465K->633K(419328K), 0.0005194 secs]
46.596: Total time for which application threads were stopped: 0.0006192 seconds, Stopping threads took: 0.0000171 seconds
46.643: [GC (Allocation Failure)  76409K->601K(418304K), 0.0005500 secs]
46.644: Total time for which application threads were stopped: 0.0006714 seconds, Stopping threads took: 0.0000204 seconds
46.696: [GC (Allocation Failure)  75353K->601K(417280K), 0.0005659 secs]
46.696: Total time for which application threads were stopped: 0.0007060 seconds, Stopping threads took: 0.0000211 seconds
46.743: [GC (Allocation Failure)  74329K->633K(416256K), 0.0004345 secs]
46.743: Total time for which application threads were stopped: 0.0005554 seconds, Stopping threads took: 0.0000254 seconds
46.789: [GC (Allocation Failure)  73337K->633K(415232K), 0.0005455 secs]
46.789: Total time for which application threads were stopped: 0.0006860 seconds, Stopping threads took: 0.0000250 seconds
46.834: [GC (Allocation Failure)  72313K->601K(414208K), 0.0004664 secs]
46.835: Total time for which application threads were stopped: 0.0005987 seconds, Stopping threads took: 0.0000296 seconds
46.884: [GC (Allocation Failure)  71257K->601K(413184K), 0.0005816 secs]
46.885: Total time for which application threads were stopped: 0.0006987 seconds, Stopping threads took: 0.0000168 seconds
46.928: [GC (Allocation Failure)  70233K->665K(412160K), 0.0005441 secs]
46.929: Total time for which application threads were stopped: 0.0006723 seconds, Stopping threads took: 0.0000282 seconds
46.976: [GC (Allocation Failure)  69273K->633K(411136K), 0.0004484 secs]
46.976: Total time for which application threads were stopped: 0.0005623 seconds, Stopping threads took: 0.0000186 seconds
47.019: [GC (Allocation Failure)  68217K->633K(410112K), 0.0005036 secs]
47.019: Total time for which application threads were stopped: 0.0006401 seconds, Stopping threads took: 0.0000298 seconds
47.061: [GC (Allocation Failure)  67193K->633K(409088K), 0.0004982 secs]
47.061: Total time for which application threads were stopped: 0.0006364 seconds, Stopping threads took: 0.0000278 seconds
47.108: [GC (Allocation Failure)  66169K->665K(408064K), 0.0005324 secs]
47.109: Total time for which application threads were stopped: 0.0006731 seconds, Stopping threads took: 0.0000214 seconds
47.149: [GC (Allocation Failure)  65177K->665K(421376K), 0.0006456 secs]
47.150: Total time for which application threads were stopped: 0.0007896 seconds, Stopping threads took: 0.0000214 seconds
47.199: [GC (Allocation Failure)  78489K->665K(437248K), 0.0005560 secs]
47.199: Total time for which application threads were stopped: 0.0007025 seconds, Stopping threads took: 0.0000230 seconds
47.259: [GC (Allocation Failure)  94361K->633K(456192K), 0.0006300 secs]
47.260: Total time for which application threads were stopped: 0.0007602 seconds, Stopping threads took: 0.0000224 seconds
47.330: [GC (Allocation Failure)  113273K->633K(453632K), 0.0004847 secs]
47.331: Total time for which application threads were stopped: 0.0006114 seconds, Stopping threads took: 0.0000276 seconds
47.400: [GC (Allocation Failure)  110713K->665K(451584K), 0.0006494 secs]
47.400: Total time for which application threads were stopped: 0.0007905 seconds, Stopping threads took: 0.0000220 seconds
47.468: [GC (Allocation Failure)  108697K->633K(449536K), 0.0005100 secs]
47.468: Total time for which application threads were stopped: 0.0006492 seconds, Stopping threads took: 0.0000204 seconds
47.540: [GC (Allocation Failure)  106617K->633K(447488K), 0.0004593 secs]
47.540: Total time for which application threads were stopped: 0.0005869 seconds, Stopping threads took: 0.0000278 seconds
47.610: [GC (Allocation Failure)  104569K->665K(445440K), 0.0004675 secs]
47.610: Total time for which application threads were stopped: 0.0005820 seconds, Stopping threads took: 0.0000194 seconds
47.674: [GC (Allocation Failure)  102553K->633K(443392K), 0.0005185 secs]
47.674: Total time for which application threads were stopped: 0.0006369 seconds, Stopping threads took: 0.0000168 seconds
47.743: [GC (Allocation Failure)  100473K->633K(441344K), 0.0004078 secs]
47.744: Total time for which application threads were stopped: 0.0005380 seconds, Stopping threads took: 0.0000263 seconds
47.804: [GC (Allocation Failure)  98425K->633K(439296K), 0.0004735 secs]
47.805: Total time for which application threads were stopped: 0.0006127 seconds, Stopping threads took: 0.0000260 seconds
47.865: [GC (Allocation Failure)  96377K->697K(437760K), 0.0005877 secs]
47.865: Total time for which application threads were stopped: 0.0007203 seconds, Stopping threads took: 0.0000209 seconds
47.925: [GC (Allocation Failure)  94905K->697K(436224K), 0.0004493 secs]
47.925: Total time for which application threads were stopped: 0.0005795 seconds, Stopping threads took: 0.0000282 seconds
47.983: [GC (Allocation Failure)  93369K->665K(434688K), 0.0005239 secs]
47.983: Total time for which application threads were stopped: 0.0006615 seconds, Stopping threads took: 0.0000289 seconds
48.040: [GC (Allocation Failure)  91801K->697K(433152K), 0.0005191 secs]
48.041: Total time for which application threads were stopped: 0.0006467 seconds, Stopping threads took: 0.0000213 seconds
48.101: [GC (Allocation Failure)  90297K->665K(431616K), 0.0004561 secs]
48.102: Total time for which application threads were stopped: 0.0005911 seconds, Stopping threads took: 0.0000206 seconds
48.161: [GC (Allocation Failure)  88729K->601K(430080K), 0.0004678 secs]
48.162: Total time for which application threads were stopped: 0.0005775 seconds, Stopping threads took: 0.0000172 seconds
48.215: [GC (Allocation Failure)  87129K->697K(428544K), 0.0007354 secs]
48.216: Total time for which application threads were stopped: 0.0008713 seconds, Stopping threads took: 0.0000194 seconds
48.274: [GC (Allocation Failure)  85689K->697K(427008K), 0.0004571 secs]
48.275: Total time for which application threads were stopped: 0.0005762 seconds, Stopping threads took: 0.0000188 seconds
48.327: [GC (Allocation Failure)  84153K->697K(425472K), 0.0004985 secs]
48.328: Total time for which application threads were stopped: 0.0006289 seconds, Stopping threads took: 0.0000197 seconds
48.378: [GC (Allocation Failure)  82617K->665K(423936K), 0.0006766 secs]
48.379: Total time for which application threads were stopped: 0.0007942 seconds, Stopping threads took: 0.0000192 seconds
48.429: [GC (Allocation Failure)  81049K->729K(422400K), 0.0004864 secs]
48.430: Total time for which application threads were stopped: 0.0006188 seconds, Stopping threads took: 0.0000269 seconds
48.479: [GC (Allocation Failure)  79577K->665K(421376K), 0.0005110 secs]
48.480: Total time for which application threads were stopped: 0.0006276 seconds, Stopping threads took: 0.0000199 seconds
48.529: [GC (Allocation Failure)  78489K->729K(420352K), 0.0004744 secs]
48.530: Total time for which application threads were stopped: 0.0005928 seconds, Stopping threads took: 0.0000194 seconds
48.577: [GC (Allocation Failure)  77529K->697K(419328K), 0.0005685 secs]
48.578: Total time for which application threads were stopped: 0.0007001 seconds, Stopping threads took: 0.0000192 seconds
48.625: [GC (Allocation Failure)  76473K->601K(418304K), 0.0005996 secs]
48.626: Total time for which application threads were stopped: 0.0007082 seconds, Stopping threads took: 0.0000200 seconds
48.678: [GC (Allocation Failure)  75353K->697K(417280K), 0.0005498 secs]
48.679: Total time for which application threads were stopped: 0.0006607 seconds, Stopping threads took: 0.0000171 seconds
48.730: [GC (Allocation Failure)  74425K->665K(416256K), 0.0004808 secs]
48.731: Total time for which application threads were stopped: 0.0006049 seconds, Stopping threads took: 0.0000196 seconds
48.776: [GC (Allocation Failure)  73369K->665K(415232K), 0.0005442 secs]
48.777: Total time for which application threads were stopped: 0.0006688 seconds, Stopping threads took: 0.0000207 seconds
48.821: [GC (Allocation Failure)  72345K->665K(414208K), 0.0005213 secs]
48.822: Total time for which application threads were stopped: 0.0006665 seconds, Stopping threads took: 0.0000302 seconds
48.866: [GC (Allocation Failure)  71321K->633K(413184K), 0.0005584 secs]
48.867: Total time for which application threads were stopped: 0.0006790 seconds, Stopping threads took: 0.0000198 seconds
48.916: [GC (Allocation Failure)  70265K->633K(412160K), 0.0005102 secs]
48.916: Total time for which application threads were stopped: 0.0006293 seconds, Stopping threads took: 0.0000194 seconds
48.963: [GC (Allocation Failure)  69241K->633K(411136K), 0.0005067 secs]
48.963: Total time for which application threads were stopped: 0.0006174 seconds, Stopping threads took: 0.0000170 seconds
49.006: [GC (Allocation Failure)  68217K->665K(410112K), 0.0005131 secs]
49.007: Total time for which application threads were stopped: 0.0006478 seconds, Stopping threads took: 0.0000212 seconds
49.048: [GC (Allocation Failure)  67225K->665K(409088K), 0.0004837 secs]
49.049: Total time for which application threads were stopped: 0.0006077 seconds, Stopping threads took: 0.0000206 seconds
49.090: [GC (Allocation Failure)  66201K->697K(408064K), 0.0005391 secs]
49.091: Total time for which application threads were stopped: 0.0006705 seconds, Stopping threads took: 0.0000215 seconds
49.131: [GC (Allocation Failure)  65209K->633K(421376K), 0.0005451 secs]
49.132: Total time for which application threads were stopped: 0.0006939 seconds, Stopping threads took: 0.0000213 seconds
49.186: [GC (Allocation Failure)  78457K->665K(420352K), 0.0004802 secs]
49.186: Total time for which application threads were stopped: 0.0006176 seconds, Stopping threads took: 0.0000306 seconds
49.234: [GC (Allocation Failure)  77465K->633K(419328K), 0.0005489 secs]
49.235: Total time for which application threads were stopped: 0.0006707 seconds, Stopping threads took: 0.0000196 seconds
49.283: [GC (Allocation Failure)  76409K->601K(418304K), 0.0006243 secs]
49.283: Total time for which application threads were stopped: 0.0007636 seconds, Stopping threads took: 0.0000199 seconds
49.335: [GC (Allocation Failure)  75353K->633K(417280K), 0.0005717 secs]
49.336: Total time for which application threads were stopped: 0.0007188 seconds, Stopping threads took: 0.0000299 seconds
49.386: [GC (Allocation Failure)  74361K->633K(416256K), 0.0005174 secs]
49.386: Total time for which application threads were stopped: 0.0006748 seconds, Stopping threads took: 0.0000291 seconds
49.438: [GC (Allocation Failure)  73337K->697K(415232K), 0.0004473 secs]
49.439: Total time for which application threads were stopped: 0.0005719 seconds, Stopping threads took: 0.0000279 seconds
49.490: [GC (Allocation Failure)  72377K->601K(414208K), 0.0006988 secs]
49.491: Total time for which application threads were stopped: 0.0008235 seconds, Stopping threads took: 0.0000250 seconds
49.537: [GC (Allocation Failure)  71257K->633K(413184K), 0.0004978 secs]
49.538: Total time for which application threads were stopped: 0.0006272 seconds, Stopping threads took: 0.0000281 seconds
49.581: [GC (Allocation Failure)  70265K->729K(412160K), 0.0005176 secs]
49.582: Total time for which application threads were stopped: 0.0006559 seconds, Stopping threads took: 0.0000214 seconds
49.631: [GC (Allocation Failure)  69337K->665K(411136K), 0.0005718 secs]
49.631: Total time for which application threads were stopped: 0.0007202 seconds, Stopping threads took: 0.0000294 seconds
49.679: [GC (Allocation Failure)  68249K->633K(424960K), 0.0006492 secs]
49.680: Total time for which application threads were stopped: 0.0007882 seconds, Stopping threads took: 0.0000207 seconds
49.734: [GC (Allocation Failure)  82041K->665K(423424K), 0.0005372 secs]
49.734: Total time for which application threads were stopped: 0.0006869 seconds, Stopping threads took: 0.0000218 seconds
49.786: [GC (Allocation Failure)  80537K->665K(422400K), 0.0005714 secs]
49.787: Total time for which application threads were stopped: 0.0007171 seconds, Stopping threads took: 0.0000218 seconds
49.841: [GC (Allocation Failure)  79513K->633K(421376K), 0.0005566 secs]
49.841: Total time for which application threads were stopped: 0.0006908 seconds, Stopping threads took: 0.0000202 seconds
49.893: [GC (Allocation Failure)  78457K->665K(420352K), 0.0005580 secs]
49.894: Total time for which application threads were stopped: 0.0006753 seconds, Stopping threads took: 0.0000194 seconds
49.942: [GC (Allocation Failure)  77465K->633K(419328K), 0.0004753 secs]
49.942: Total time for which application threads were stopped: 0.0006008 seconds, Stopping threads took: 0.0000208 seconds
49.994: [GC (Allocation Failure)  76409K->665K(418304K), 0.0005015 secs]
49.994: Total time for which application threads were stopped: 0.0006171 seconds, Stopping threads took: 0.0000193 seconds
50.045: [GC (Allocation Failure)  75417K->633K(417280K), 0.0006072 secs]
50.046: Total time for which application threads were stopped: 0.0007261 seconds, Stopping threads took: 0.0000194 seconds
50.092: [GC (Allocation Failure)  74361K->665K(416256K), 0.0004074 secs]
50.092: Total time for which application threads were stopped: 0.0005333 seconds, Stopping threads took: 0.0000277 seconds
50.137: [GC (Allocation Failure)  73369K->697K(415232K), 0.0004619 secs]
50.138: Total time for which application threads were stopped: 0.0005758 seconds, Stopping threads took: 0.0000170 seconds
50.183: [GC (Allocation Failure)  72377K->665K(414208K), 0.0005054 secs]
50.183: Total time for which application threads were stopped: 0.0006370 seconds, Stopping threads took: 0.0000196 seconds
50.227: [GC (Allocation Failure)  71321K->665K(413184K), 0.0005093 secs]
50.228: Total time for which application threads were stopped: 0.0006451 seconds, Stopping threads took: 0.0000210 seconds
50.272: [GC (Allocation Failure)  70297K->665K(412160K), 0.0006345 secs]
50.272: Total time for which application threads were stopped: 0.0007762 seconds, Stopping threads took: 0.0000210 seconds
50.315: [GC (Allocation Failure)  69273K->633K(425984K), 0.0006065 secs]
50.316: Total time for which application threads were stopped: 0.0007327 seconds, Stopping threads took: 0.0000208 seconds
50.373: [GC (Allocation Failure)  83065K->665K(424448K), 0.0005302 secs]
50.373: Total time for which application threads were stopped: 0.0006599 seconds, Stopping threads took: 0.0000231 seconds
50.423: [GC (Allocation Failure)  81561K->729K(422912K), 0.0004642 secs]
50.424: Total time for which application threads were stopped: 0.0005714 seconds, Stopping threads took: 0.0000169 seconds
50.480: [GC (Allocation Failure)  80089K->633K(421888K), 0.0005009 secs]
50.481: Total time for which application threads were stopped: 0.0006241 seconds, Stopping threads took: 0.0000201 seconds
50.535: [GC (Allocation Failure)  78969K->665K(420864K), 0.0005784 secs]
50.536: Total time for which application threads were stopped: 0.0007068 seconds, Stopping threads took: 0.0000283 seconds
50.589: [GC (Allocation Failure)  77977K->633K(419840K), 0.0004880 secs]
50.590: Total time for which application threads were stopped: 0.0006093 seconds, Stopping threads took: 0.0000202 seconds
50.638: [GC (Allocation Failure)  76921K->633K(418816K), 0.0005855 secs]
50.638: Total time for which application threads were stopped: 0.0007217 seconds, Stopping threads took: 0.0000289 seconds
50.685: [GC (Allocation Failure)  75897K->665K(417792K), 0.0005032 secs]
50.686: Total time for which application threads were stopped: 0.0006376 seconds, Stopping threads took: 0.0000213 seconds
50.732: [GC (Allocation Failure)  74905K->633K(416768K), 0.0005245 secs]
50.733: Total time for which application threads were stopped: 0.0006666 seconds, Stopping threads took: 0.0000218 seconds
50.780: [GC (Allocation Failure)  73849K->633K(415744K), 0.0004999 secs]
50.781: Total time for which application threads were stopped: 0.0006272 seconds, Stopping threads took: 0.0000264 seconds
50.830: [GC (Allocation Failure)  72825K->633K(414720K), 0.0004341 secs]
50.830: Total time for which application threads were stopped: 0.0005572 seconds, Stopping threads took: 0.0000213 seconds
50.875: [GC (Allocation Failure)  71801K->601K(413696K), 0.0005906 secs]
50.876: Total time for which application threads were stopped: 0.0006968 seconds, Stopping threads took: 0.0000173 seconds
50.920: [GC (Allocation Failure)  70745K->633K(412672K), 0.0003944 secs]
50.920: Total time for which application threads were stopped: 0.0005004 seconds, Stopping threads took: 0.0000176 seconds
50.963: [GC (Allocation Failure)  69753K->665K(411648K), 0.0004916 secs]
50.964: Total time for which application threads were stopped: 0.0006117 seconds, Stopping threads took: 0.0000200 seconds
51.007: [GC (Allocation Failure)  68761K->665K(410624K), 0.0006099 secs]
51.007: Total time for which application threads were stopped: 0.0007411 seconds, Stopping threads took: 0.0000276 seconds
51.049: [GC (Allocation Failure)  67737K->601K(424448K), 0.0005271 secs]
51.050: Total time for which application threads were stopped: 0.0006779 seconds, Stopping threads took: 0.0000290 seconds
51.106: [GC (Allocation Failure)  81497K->633K(422912K), 0.0005902 secs]
51.107: Total time for which application threads were stopped: 0.0007455 seconds, Stopping threads took: 0.0000305 seconds
51.160: [GC (Allocation Failure)  79993K->633K(421888K), 0.0004948 secs]
51.160: Total time for which application threads were stopped: 0.0006219 seconds, Stopping threads took: 0.0000267 seconds
51.214: [GC (Allocation Failure)  78969K->697K(420864K), 0.0004924 secs]
51.215: Total time for which application threads were stopped: 0.0006280 seconds, Stopping threads took: 0.0000222 seconds
51.264: [GC (Allocation Failure)  78009K->665K(419840K), 0.0004878 secs]
51.264: Total time for which application threads were stopped: 0.0006169 seconds, Stopping threads took: 0.0000215 seconds
51.313: [GC (Allocation Failure)  76953K->633K(418816K), 0.0005127 secs]
51.313: Total time for which application threads were stopped: 0.0006455 seconds, Stopping threads took: 0.0000209 seconds
51.360: [GC (Allocation Failure)  75897K->601K(417792K), 0.0005175 secs]
51.361: Total time for which application threads were stopped: 0.0006466 seconds, Stopping threads took: 0.0000201 seconds
51.408: [GC (Allocation Failure)  74841K->729K(416768K), 0.0006889 secs]
51.408: Total time for which application threads were stopped: 0.0008339 seconds, Stopping threads took: 0.0000218 seconds
51.460: [GC (Allocation Failure)  73945K->665K(415744K), 0.0005114 secs]
51.461: Total time for which application threads were stopped: 0.0006496 seconds, Stopping threads took: 0.0000219 seconds
51.506: [GC (Allocation Failure)  72857K->601K(430592K), 0.0044396 secs]
51.511: Total time for which application threads were stopped: 0.0045575 seconds, Stopping threads took: 0.0000251 seconds
51.567: [GC (Allocation Failure)  87641K->633K(448000K), 0.0004518 secs]
51.567: Total time for which application threads were stopped: 0.0005762 seconds, Stopping threads took: 0.0000273 seconds
51.632: [GC (Allocation Failure)  105081K->665K(468992K), 0.0006861 secs]
51.633: Total time for which application threads were stopped: 0.0008142 seconds, Stopping threads took: 0.0000196 seconds
51.714: [GC (Allocation Failure)  126105K->665K(492032K), 0.0005035 secs]
51.715: Total time for which application threads were stopped: 0.0006205 seconds, Stopping threads took: 0.0000197 seconds
51.816: [GC (Allocation Failure)  149145K->633K(494080K), 0.0004662 secs]
51.817: Total time for which application threads were stopped: 0.0005856 seconds, Stopping threads took: 0.0000201 seconds
51.910: [GC (Allocation Failure)  151161K->665K(494080K), 0.0004884 secs]
51.911: Total time for which application threads were stopped: 0.0006073 seconds, Stopping threads took: 0.0000200 seconds
52.004: [GC (Allocation Failure)  151193K->665K(490496K), 0.0005268 secs]
52.005: Total time for which application threads were stopped: 0.0006432 seconds, Stopping threads took: 0.0000201 seconds
52.096: [GC (Allocation Failure)  147609K->665K(486912K), 0.0004934 secs]
52.096: Total time for which application threads were stopped: 0.0006164 seconds, Stopping threads took: 0.0000197 seconds
52.185: [GC (Allocation Failure)  144025K->633K(483328K), 0.0004896 secs]
52.185: Total time for which application threads were stopped: 0.0006079 seconds, Stopping threads took: 0.0000197 seconds
52.279: [GC (Allocation Failure)  140409K->601K(479744K), 0.0004920 secs]
52.279: Total time for which application threads were stopped: 0.0006114 seconds, Stopping threads took: 0.0000170 seconds
52.364: [GC (Allocation Failure)  136793K->633K(476672K), 0.0005015 secs]
52.364: Total time for which application threads were stopped: 0.0006524 seconds, Stopping threads took: 0.0000215 seconds
52.452: [GC (Allocation Failure)  133753K->601K(473600K), 0.0006559 secs]
52.453: Total time for which application threads were stopped: 0.0007773 seconds, Stopping threads took: 0.0000202 seconds
52.534: [GC (Allocation Failure)  130649K->633K(470528K), 0.0004526 secs]
52.534: Total time for which application threads were stopped: 0.0005706 seconds, Stopping threads took: 0.0000189 seconds
52.616: [GC (Allocation Failure)  127609K->697K(467456K), 0.0004772 secs]
52.616: Total time for which application threads were stopped: 0.0006044 seconds, Stopping threads took: 0.0000209 seconds
52.693: [GC (Allocation Failure)  124601K->665K(464896K), 0.0005405 secs]
52.694: Total time for which application threads were stopped: 0.0006682 seconds, Stopping threads took: 0.0000275 seconds
52.770: [GC (Allocation Failure)  122009K->633K(462336K), 0.0004332 secs]
52.771: Total time for which application threads were stopped: 0.0005545 seconds, Stopping threads took: 0.0000262 seconds
52.850: [GC (Allocation Failure)  119417K->697K(459776K), 0.0006054 secs]
52.851: Total time for which application threads were stopped: 0.0007322 seconds, Stopping threads took: 0.0000276 seconds
52.929: [GC (Allocation Failure)  116921K->601K(457216K), 0.0005236 secs]
52.929: Total time for which application threads were stopped: 0.0006820 seconds, Stopping threads took: 0.0000284 seconds
53.006: [GC (Allocation Failure)  114265K->633K(454656K), 0.0006865 secs]
53.006: Total time for which application threads were stopped: 0.0008368 seconds, Stopping threads took: 0.0000221 seconds
53.075: [GC (Allocation Failure)  111737K->633K(452096K), 0.0005116 secs]
53.076: Total time for which application threads were stopped: 0.0006512 seconds, Stopping threads took: 0.0000300 seconds
53.143: [GC (Allocation Failure)  109177K->601K(450048K), 0.0004633 secs]
53.144: Total time for which application threads were stopped: 0.0005803 seconds, Stopping threads took: 0.0000190 seconds
53.210: [GC (Allocation Failure)  107097K->633K(448000K), 0.0005001 secs]
53.211: Total time for which application threads were stopped: 0.0006357 seconds, Stopping threads took: 0.0000196 seconds
53.276: [GC (Allocation Failure)  105081K->665K(445952K), 0.0007455 secs]
53.277: Total time for which application threads were stopped: 0.0008801 seconds, Stopping threads took: 0.0000193 seconds
53.341: [GC (Allocation Failure)  103065K->665K(443904K), 0.0004838 secs]
53.341: Total time for which application threads were stopped: 0.0006128 seconds, Stopping threads took: 0.0000267 seconds
53.404: [GC (Allocation Failure)  101017K->665K(441856K), 0.0005809 secs]
53.405: Total time for which application threads were stopped: 0.0007097 seconds, Stopping threads took: 0.0000279 seconds
53.466: [GC (Allocation Failure)  98969K->601K(439808K), 0.0006470 secs]
53.466: Total time for which application threads were stopped: 0.0007788 seconds, Stopping threads took: 0.0000268 seconds
53.527: [GC (Allocation Failure)  96857K->633K(437760K), 0.0004737 secs]
53.527: Total time for which application threads were stopped: 0.0006062 seconds, Stopping threads took: 0.0000269 seconds
53.586: [GC (Allocation Failure)  94841K->665K(436224K), 0.0004760 secs]
53.587: Total time for which application threads were stopped: 0.0006006 seconds, Stopping threads took: 0.0000272 seconds
53.644: [GC (Allocation Failure)  93337K->633K(434688K), 0.0004818 secs]
53.645: Total time for which application threads were stopped: 0.0006190 seconds, Stopping threads took: 0.0000198 seconds
53.701: [GC (Allocation Failure)  91769K->697K(433152K), 0.0005718 secs]
53.702: Total time for which application threads were stopped: 0.0006978 seconds, Stopping threads took: 0.0000276 seconds
53.759: [GC (Allocation Failure)  90297K->633K(431616K), 0.0004810 secs]
53.759: Total time for which application threads were stopped: 0.0006097 seconds, Stopping threads took: 0.0000258 seconds
53.820: [GC (Allocation Failure)  88697K->633K(430080K), 0.0004637 secs]
53.821: Total time for which application threads were stopped: 0.0005713 seconds, Stopping threads took: 0.0000169 seconds
53.879: [GC (Allocation Failure)  87161K->601K(428544K), 0.0005033 secs]
53.880: Total time for which application threads were stopped: 0.0006454 seconds, Stopping threads took: 0.0000279 seconds
53.933: [GC (Allocation Failure)  85593K->665K(427008K), 0.0005206 secs]
53.933: Total time for which application threads were stopped: 0.0006560 seconds, Stopping threads took: 0.0000286 seconds
53.985: [GC (Allocation Failure)  84121K->665K(425472K), 0.0004904 secs]
53.986: Total time for which application threads were stopped: 0.0006346 seconds, Stopping threads took: 0.0000282 seconds
54.037: [GC (Allocation Failure)  82585K->633K(423936K), 0.0004907 secs]
54.038: Total time for which application threads were stopped: 0.0006330 seconds, Stopping threads took: 0.0000274 seconds
54.088: [GC (Allocation Failure)  81017K->633K(422400K), 0.0004588 secs]
54.088: Total time for which application threads were stopped: 0.0005858 seconds, Stopping threads took: 0.0000276 seconds
54.141: [GC (Allocation Failure)  79481K->665K(421376K), 0.0005727 secs]
54.142: Total time for which application threads were stopped: 0.0007288 seconds, Stopping threads took: 0.0000283 seconds
54.191: [GC (Allocation Failure)  78489K->665K(420352K), 0.0004713 secs]
54.191: Total time for which application threads were stopped: 0.0006039 seconds, Stopping threads took: 0.0000293 seconds
54.243: [GC (Allocation Failure)  77465K->665K(419328K), 0.0004261 secs]
54.244: Total time for which application threads were stopped: 0.0005579 seconds, Stopping threads took: 0.0000294 seconds
54.291: [GC (Allocation Failure)  76441K->601K(418304K), 0.0004942 secs]
54.292: Total time for which application threads were stopped: 0.0006235 seconds, Stopping threads took: 0.0000206 seconds
54.338: [GC (Allocation Failure)  75353K->665K(417280K), 0.0005063 secs]
54.339: Total time for which application threads were stopped: 0.0006295 seconds, Stopping threads took: 0.0000267 seconds
54.388: [GC (Allocation Failure)  74393K->633K(416256K), 0.0004176 secs]
54.389: Total time for which application threads were stopped: 0.0005272 seconds, Stopping threads took: 0.0000171 seconds
54.440: [GC (Allocation Failure)  73337K->569K(415232K), 0.0006357 secs]
54.441: Total time for which application threads were stopped: 0.0007511 seconds, Stopping threads took: 0.0000197 seconds
54.491: [GC (Allocation Failure)  72249K->601K(414208K), 0.0005675 secs]
54.491: Total time for which application threads were stopped: 0.0006781 seconds, Stopping threads took: 0.0000227 seconds
54.536: [GC (Allocation Failure)  71257K->665K(413184K), 0.0003842 secs]
54.536: Total time for which application threads were stopped: 0.0005123 seconds, Stopping threads took: 0.0000170 seconds
54.580: [GC (Allocation Failure)  70297K->729K(412160K), 0.0005096 secs]
54.580: Total time for which application threads were stopped: 0.0006224 seconds, Stopping threads took: 0.0000181 seconds
54.628: [GC (Allocation Failure)  69337K->697K(411136K), 0.0004758 secs]
54.628: Total time for which application threads were stopped: 0.0005972 seconds, Stopping threads took: 0.0000198 seconds
54.670: [GC (Allocation Failure)  68281K->665K(410112K), 0.0004766 secs]
54.671: Total time for which application threads were stopped: 0.0005979 seconds, Stopping threads took: 0.0000193 seconds
54.713: [GC (Allocation Failure)  67225K->665K(409088K), 0.0005651 secs]
54.713: Total time for which application threads were stopped: 0.0007002 seconds, Stopping threads took: 0.0000214 seconds
54.754: [GC (Allocation Failure)  66201K->633K(408064K), 0.0005129 secs]
54.755: Total time for which application threads were stopped: 0.0006669 seconds, Stopping threads took: 0.0000273 seconds
54.795: [GC (Allocation Failure)  65145K->665K(421376K), 0.0005730 secs]
54.796: Total time for which application threads were stopped: 0.0007095 seconds, Stopping threads took: 0.0000205 seconds
54.844: [GC (Allocation Failure)  78489K->633K(437248K), 0.0005511 secs]
54.845: Total time for which application threads were stopped: 0.0006977 seconds, Stopping threads took: 0.0000224 seconds
54.909: [GC (Allocation Failure)  94329K->665K(435712K), 0.0004766 secs]
54.910: Total time for which application threads were stopped: 0.0006001 seconds, Stopping threads took: 0.0000201 seconds
54.967: [GC (Allocation Failure)  92825K->569K(434176K), 0.0005086 secs]
54.968: Total time for which application threads were stopped: 0.0006312 seconds, Stopping threads took: 0.0000269 seconds
55.030: [GC (Allocation Failure)  91193K->697K(432640K), 0.0005205 secs]
55.030: Total time for which application threads were stopped: 0.0006377 seconds, Stopping threads took: 0.0000193 seconds
55.086: [GC (Allocation Failure)  89785K->633K(431104K), 0.0005395 secs]
55.086: Total time for which application threads were stopped: 0.0006687 seconds, Stopping threads took: 0.0000284 seconds
55.141: [GC (Allocation Failure)  88185K->697K(429568K), 0.0004698 secs]
55.141: Total time for which application threads were stopped: 0.0006187 seconds, Stopping threads took: 0.0000197 seconds
55.201: [GC (Allocation Failure)  86713K->601K(428032K), 0.0004898 secs]
55.202: Total time for which application threads were stopped: 0.0006050 seconds, Stopping threads took: 0.0000164 seconds
55.261: [GC (Allocation Failure)  85081K->633K(426496K), 0.0005434 secs]
55.262: Total time for which application threads were stopped: 0.0006567 seconds, Stopping threads took: 0.0000257 seconds
55.320: [GC (Allocation Failure)  83577K->633K(424960K), 0.0003936 secs]
55.320: Total time for which application threads were stopped: 0.0004916 seconds, Stopping threads took: 0.0000159 seconds
55.371: [GC (Allocation Failure)  82041K->633K(423424K), 0.0005314 secs]
55.372: Total time for which application threads were stopped: 0.0006672 seconds, Stopping threads took: 0.0000277 seconds
55.422: [GC (Allocation Failure)  80505K->697K(422400K), 0.0006811 secs]
55.423: Total time for which application threads were stopped: 0.0008206 seconds, Stopping threads took: 0.0000221 seconds
55.472: [GC (Allocation Failure)  79545K->665K(438272K), 0.0008161 secs]
55.473: Total time for which application threads were stopped: 0.0009831 seconds, Stopping threads took: 0.0000226 seconds
55.534: [GC (Allocation Failure)  95385K->665K(436736K), 0.0004785 secs]
55.535: Total time for which application threads were stopped: 0.0006062 seconds, Stopping threads took: 0.0000275 seconds
55.593: [GC (Allocation Failure)  93849K->633K(435200K), 0.0005714 secs]
55.594: Total time for which application threads were stopped: 0.0007198 seconds, Stopping threads took: 0.0000290 seconds
55.651: [GC (Allocation Failure)  92281K->633K(433664K), 0.0005087 secs]
55.652: Total time for which application threads were stopped: 0.0006587 seconds, Stopping threads took: 0.0000203 seconds
55.708: [GC (Allocation Failure)  90745K->665K(432128K), 0.0006589 secs]
55.709: Total time for which application threads were stopped: 0.0008083 seconds, Stopping threads took: 0.0000214 seconds
55.769: [GC (Allocation Failure)  89241K->665K(430592K), 0.0004618 secs]
55.770: Total time for which application threads were stopped: 0.0005825 seconds, Stopping threads took: 0.0000192 seconds
55.824: [GC (Allocation Failure)  87705K->569K(429056K), 0.0004948 secs]
55.825: Total time for which application threads were stopped: 0.0006327 seconds, Stopping threads took: 0.0000209 seconds
55.884: [GC (Allocation Failure)  86073K->633K(427520K), 0.0005081 secs]
55.885: Total time for which application threads were stopped: 0.0006407 seconds, Stopping threads took: 0.0000214 seconds
55.942: [GC (Allocation Failure)  84601K->665K(425984K), 0.0004579 secs]
55.942: Total time for which application threads were stopped: 0.0005733 seconds, Stopping threads took: 0.0000193 seconds
55.996: [GC (Allocation Failure)  83097K->633K(424448K), 0.0006171 secs]
55.997: Total time for which application threads were stopped: 0.0007515 seconds, Stopping threads took: 0.0000173 seconds
56.048: [GC (Allocation Failure)  81529K->633K(422912K), 0.0006007 secs]
56.048: Total time for which application threads were stopped: 0.0007449 seconds, Stopping threads took: 0.0000218 seconds
56.098: [GC (Allocation Failure)  79993K->697K(421888K), 0.0005508 secs]
56.098: Total time for which application threads were stopped: 0.0007003 seconds, Stopping threads took: 0.0000226 seconds
56.151: [GC (Allocation Failure)  79033K->665K(420864K), 0.0005144 secs]
56.152: Total time for which application threads were stopped: 0.0006528 seconds, Stopping threads took: 0.0000218 seconds
56.204: [GC (Allocation Failure)  77977K->665K(419840K), 0.0006712 secs]
56.205: Total time for which application threads were stopped: 0.0008098 seconds, Stopping threads took: 0.0000215 seconds
56.258: [GC (Allocation Failure)  76953K->633K(418816K), 0.0004651 secs]
56.258: Total time for which application threads were stopped: 0.0006073 seconds, Stopping threads took: 0.0000251 seconds
56.311: [GC (Allocation Failure)  75897K->633K(417792K), 0.0005160 secs]
56.311: Total time for which application threads were stopped: 0.0006373 seconds, Stopping threads took: 0.0000201 seconds
56.358: [GC (Allocation Failure)  74873K->633K(416768K), 0.0004558 secs]
56.358: Total time for which application threads were stopped: 0.0005790 seconds, Stopping threads took: 0.0000274 seconds
56.407: [GC (Allocation Failure)  73849K->697K(415744K), 0.0004968 secs]
56.408: Total time for which application threads were stopped: 0.0006224 seconds, Stopping threads took: 0.0000203 seconds
56.453: [GC (Allocation Failure)  72889K->697K(414720K), 0.0005141 secs]
56.453: Total time for which application threads were stopped: 0.0006583 seconds, Stopping threads took: 0.0000287 seconds
56.505: [GC (Allocation Failure)  71865K->601K(413696K), 0.0005174 secs]
56.506: Total time for which application threads were stopped: 0.0006722 seconds, Stopping threads took: 0.0000274 seconds
56.553: [GC (Allocation Failure)  70745K->633K(412672K), 0.0004981 secs]
56.554: Total time for which application threads were stopped: 0.0006091 seconds, Stopping threads took: 0.0000165 seconds
56.597: [GC (Allocation Failure)  69753K->665K(411648K), 0.0004988 secs]
56.598: Total time for which application threads were stopped: 0.0006454 seconds, Stopping threads took: 0.0000284 seconds
56.645: [GC (Allocation Failure)  68761K->633K(410624K), 0.0005132 secs]
56.645: Total time for which application threads were stopped: 0.0006753 seconds, Stopping threads took: 0.0000190 seconds
56.693: [GC (Allocation Failure)  67705K->665K(409600K), 0.0005330 secs]
56.693: Total time for which application threads were stopped: 0.0006718 seconds, Stopping threads took: 0.0000218 seconds
56.735: [GC (Allocation Failure)  66713K->633K(408576K), 0.0004850 secs]
56.736: Total time for which application threads were stopped: 0.0006240 seconds, Stopping threads took: 0.0000227 seconds
56.777: [GC (Allocation Failure)  65657K->665K(407552K), 0.0005104 secs]
56.777: Total time for which application threads were stopped: 0.0006344 seconds, Stopping threads took: 0.0000199 seconds
56.818: [GC (Allocation Failure)  64665K->665K(420352K), 0.0007355 secs]
56.819: Total time for which application threads were stopped: 0.0008724 seconds, Stopping threads took: 0.0000216 seconds
56.867: [GC (Allocation Failure)  77465K->665K(435712K), 0.0004822 secs]
56.867: Total time for which application threads were stopped: 0.0006187 seconds, Stopping threads took: 0.0000215 seconds
56.925: [GC (Allocation Failure)  92825K->633K(434176K), 0.0005713 secs]
56.926: Total time for which application threads were stopped: 0.0007229 seconds, Stopping threads took: 0.0000290 seconds
56.987: [GC (Allocation Failure)  91257K->601K(432640K), 0.0006864 secs]
56.987: Total time for which application threads were stopped: 0.0008439 seconds, Stopping threads took: 0.0000303 seconds
57.048: [GC (Allocation Failure)  89689K->697K(431104K), 0.0004839 secs]
57.049: Total time for which application threads were stopped: 0.0006153 seconds, Stopping threads took: 0.0000211 seconds
57.103: [GC (Allocation Failure)  88249K->665K(429568K), 0.0005088 secs]
57.104: Total time for which application threads were stopped: 0.0006524 seconds, Stopping threads took: 0.0000297 seconds
57.158: [GC (Allocation Failure)  86681K->633K(428032K), 0.0005728 secs]
57.158: Total time for which application threads were stopped: 0.0007214 seconds, Stopping threads took: 0.0000219 seconds
57.217: [GC (Allocation Failure)  85113K->697K(426496K), 0.0005007 secs]
57.217: Total time for which application threads were stopped: 0.0006338 seconds, Stopping threads took: 0.0000196 seconds
57.276: [GC (Allocation Failure)  83641K->697K(424960K), 0.0005415 secs]
57.277: Total time for which application threads were stopped: 0.0006726 seconds, Stopping threads took: 0.0000274 seconds
57.327: [GC (Allocation Failure)  82105K->601K(423424K), 0.0005027 secs]
57.328: Total time for which application threads were stopped: 0.0006350 seconds, Stopping threads took: 0.0000194 seconds
57.384: [GC (Allocation Failure)  80473K->633K(422400K), 0.0004734 secs]
57.385: Total time for which application threads were stopped: 0.0006084 seconds, Stopping threads took: 0.0000285 seconds
57.441: [GC (Allocation Failure)  79481K->633K(421376K), 0.0005092 secs]
57.441: Total time for which application threads were stopped: 0.0006203 seconds, Stopping threads took: 0.0000193 seconds
57.490: [GC (Allocation Failure)  78457K->633K(420352K), 0.0003957 secs]
57.490: Total time for which application threads were stopped: 0.0005040 seconds, Stopping threads took: 0.0000161 seconds
57.543: [GC (Allocation Failure)  77433K->665K(419328K), 0.0004585 secs]
57.543: Total time for which application threads were stopped: 0.0005830 seconds, Stopping threads took: 0.0000200 seconds
57.590: [GC (Allocation Failure)  76441K->697K(418304K), 0.0005000 secs]
57.591: Total time for which application threads were stopped: 0.0006199 seconds, Stopping threads took: 0.0000198 seconds
57.638: [GC (Allocation Failure)  75449K->633K(417280K), 0.0006260 secs]
57.638: Total time for which application threads were stopped: 0.0007496 seconds, Stopping threads took: 0.0000273 seconds
57.690: [GC (Allocation Failure)  74361K->665K(416256K), 0.0004969 secs]
57.691: Total time for which application threads were stopped: 0.0006136 seconds, Stopping threads took: 0.0000188 seconds
57.736: [GC (Allocation Failure)  73369K->665K(415232K), 0.0005493 secs]
57.737: Total time for which application threads were stopped: 0.0006739 seconds, Stopping threads took: 0.0000276 seconds
57.787: [GC (Allocation Failure)  72345K->665K(414208K), 0.0003800 secs]
57.788: Total time for which application threads were stopped: 0.0005227 seconds, Stopping threads took: 0.0000277 seconds
57.832: [GC (Allocation Failure)  71321K->633K(413184K), 0.0005122 secs]
57.833: Total time for which application threads were stopped: 0.0007690 seconds, Stopping threads took: 0.0000200 seconds
57.876: [GC (Allocation Failure)  70265K->665K(412160K), 0.0004959 secs]
57.877: Total time for which application threads were stopped: 0.0006234 seconds, Stopping threads took: 0.0000201 seconds
57.920: [GC (Allocation Failure)  69273K->601K(411136K), 0.0006616 secs]
57.921: Total time for which application threads were stopped: 0.0008077 seconds, Stopping threads took: 0.0000280 seconds
57.968: [GC (Allocation Failure)  68185K->633K(410112K), 0.0004733 secs]
57.968: Total time for which application threads were stopped: 0.0006045 seconds, Stopping threads took: 0.0000284 seconds
58.010: [GC (Allocation Failure)  67193K->633K(409088K), 0.0005209 secs]
58.010: Total time for which application threads were stopped: 0.0006538 seconds, Stopping threads took: 0.0000211 seconds
58.057: [GC (Allocation Failure)  66169K->633K(422400K), 0.0006450 secs]
58.058: Total time for which application threads were stopped: 0.0007753 seconds, Stopping threads took: 0.0000211 seconds
58.107: [GC (Allocation Failure)  79481K->665K(421376K), 0.0004982 secs]
58.108: Total time for which application threads were stopped: 0.0006249 seconds, Stopping threads took: 0.0000210 seconds
58.157: [GC (Allocation Failure)  78489K->665K(420352K), 0.0005164 secs]
58.157: Total time for which application threads were stopped: 0.0006566 seconds, Stopping threads took: 0.0000215 seconds
58.205: [GC (Allocation Failure)  77465K->697K(419328K), 0.0005890 secs]
58.206: Total time for which application threads were stopped: 0.0007418 seconds, Stopping threads took: 0.0000226 seconds
58.254: [GC (Allocation Failure)  76473K->633K(434688K), 0.0006559 secs]
58.255: Total time for which application threads were stopped: 0.0007961 seconds, Stopping threads took: 0.0000275 seconds
58.318: [GC (Allocation Failure)  91769K->633K(433152K), 0.0005130 secs]
58.319: Total time for which application threads were stopped: 0.0006510 seconds, Stopping threads took: 0.0000291 seconds
58.380: [GC (Allocation Failure)  90233K->665K(431616K), 0.0004728 secs]
58.381: Total time for which application threads were stopped: 0.0005931 seconds, Stopping threads took: 0.0000192 seconds
58.436: [GC (Allocation Failure)  88729K->601K(430080K), 0.0005901 secs]
58.437: Total time for which application threads were stopped: 0.0007396 seconds, Stopping threads took: 0.0000300 seconds
58.490: [GC (Allocation Failure)  87129K->665K(428544K), 0.0005090 secs]
58.491: Total time for which application threads were stopped: 0.0006252 seconds, Stopping threads took: 0.0000235 seconds
58.545: [GC (Allocation Failure)  85657K->665K(427008K), 0.0005808 secs]
58.546: Total time for which application threads were stopped: 0.0006929 seconds, Stopping threads took: 0.0000171 seconds
58.601: [GC (Allocation Failure)  84121K->633K(425472K), 0.0005849 secs]
58.601: Total time for which application threads were stopped: 0.0007303 seconds, Stopping threads took: 0.0000275 seconds
58.655: [GC (Allocation Failure)  82553K->633K(423936K), 0.0005110 secs]
58.656: Total time for which application threads were stopped: 0.0006583 seconds, Stopping threads took: 0.0000217 seconds
58.711: [GC (Allocation Failure)  81017K->665K(422400K), 0.0005782 secs]
58.712: Total time for which application threads were stopped: 0.0007187 seconds, Stopping threads took: 0.0000216 seconds
58.761: [GC (Allocation Failure)  79513K->665K(421376K), 0.0005261 secs]
58.762: Total time for which application threads were stopped: 0.0006627 seconds, Stopping threads took: 0.0000280 seconds
58.810: [GC (Allocation Failure)  78489K->665K(420352K), 0.0005816 secs]
58.811: Total time for which application threads were stopped: 0.0007183 seconds, Stopping threads took: 0.0000208 seconds
58.859: [GC (Allocation Failure)  77465K->697K(419328K), 0.0006500 secs]
58.860: Total time for which application threads were stopped: 0.0007995 seconds, Stopping threads took: 0.0000229 seconds
58.907: [GC (Allocation Failure)  76473K->633K(418304K), 0.0005431 secs]
58.908: Total time for which application threads were stopped: 0.0007016 seconds, Stopping threads took: 0.0000233 seconds
58.958: [GC (Allocation Failure)  75385K->665K(417280K), 0.0004636 secs]
58.959: Total time for which application threads were stopped: 0.0005707 seconds, Stopping threads took: 0.0000162 seconds
59.005: [GC (Allocation Failure)  74393K->665K(416256K), 0.0005863 secs]
59.006: Total time for which application threads were stopped: 0.0007131 seconds, Stopping threads took: 0.0000269 seconds
59.051: [GC (Allocation Failure)  73369K->633K(415232K), 0.0005495 secs]
59.052: Total time for which application threads were stopped: 0.0006778 seconds, Stopping threads took: 0.0000284 seconds
59.100: [GC (Allocation Failure)  72313K->665K(429568K), 0.0006393 secs]
59.100: Total time for which application threads were stopped: 0.0007843 seconds, Stopping threads took: 0.0000221 seconds
59.160: [GC (Allocation Failure)  86681K->697K(428032K), 0.0004921 secs]
59.160: Total time for which application threads were stopped: 0.0006166 seconds, Stopping threads took: 0.0000215 seconds
59.218: [GC (Allocation Failure)  85177K->665K(426496K), 0.0005143 secs]
59.219: Total time for which application threads were stopped: 0.0006742 seconds, Stopping threads took: 0.0000268 seconds
59.275: [GC (Allocation Failure)  83609K->633K(424960K), 0.0004198 secs]
59.276: Total time for which application threads were stopped: 0.0005374 seconds, Stopping threads took: 0.0000265 seconds
59.326: [GC (Allocation Failure)  82041K->665K(423424K), 0.0005115 secs]
59.327: Total time for which application threads were stopped: 0.0006485 seconds, Stopping threads took: 0.0000214 seconds
59.377: [GC (Allocation Failure)  80537K->601K(422400K), 0.0005760 secs]
59.378: Total time for which application threads were stopped: 0.0007214 seconds, Stopping threads took: 0.0000198 seconds
59.427: [GC (Allocation Failure)  79449K->601K(421376K), 0.0005421 secs]
59.428: Total time for which application threads were stopped: 0.0006621 seconds, Stopping threads took: 0.0000207 seconds
59.480: [GC (Allocation Failure)  78425K->633K(420352K), 0.0004468 secs]
59.480: Total time for which application threads were stopped: 0.0005512 seconds, Stopping threads took: 0.0000170 seconds
59.533: [GC (Allocation Failure)  77433K->697K(419328K), 0.0005983 secs]
59.534: Total time for which application threads were stopped: 0.0007137 seconds, Stopping threads took: 0.0000183 seconds
59.584: [GC (Allocation Failure)  76473K->601K(418304K), 0.0005764 secs]
59.585: Total time for which application threads were stopped: 0.0007137 seconds, Stopping threads took: 0.0000221 seconds
59.636: [GC (Allocation Failure)  75353K->633K(417280K), 0.0005233 secs]
59.637: Total time for which application threads were stopped: 0.0006665 seconds, Stopping threads took: 0.0000292 seconds
59.683: [GC (Allocation Failure)  74361K->665K(416256K), 0.0004887 secs]
59.683: Total time for which application threads were stopped: 0.0006255 seconds, Stopping threads took: 0.0000300 seconds
59.731: [GC (Allocation Failure)  73369K->665K(415232K), 0.0004829 secs]
59.732: Total time for which application threads were stopped: 0.0006056 seconds, Stopping threads took: 0.0000204 seconds
59.777: [GC (Allocation Failure)  72345K->665K(414208K), 0.0005555 secs]
59.777: Total time for which application threads were stopped: 0.0006829 seconds, Stopping threads took: 0.0000270 seconds
59.821: [GC (Allocation Failure)  71321K->665K(413184K), 0.0004656 secs]
59.822: Total time for which application threads were stopped: 0.0005898 seconds, Stopping threads took: 0.0000267 seconds
59.865: [GC (Allocation Failure)  70297K->633K(412160K), 0.0006138 secs]
59.866: Total time for which application threads were stopped: 0.0007562 seconds, Stopping threads took: 0.0000300 seconds
59.914: [GC (Allocation Failure)  69241K->665K(411136K), 0.0005211 secs]
59.915: Total time for which application threads were stopped: 0.0006431 seconds, Stopping threads took: 0.0000195 seconds
59.957: [GC (Allocation Failure)  68249K->665K(410112K), 0.0004759 secs]
59.958: Total time for which application threads were stopped: 0.0005961 seconds, Stopping threads took: 0.0000195 seconds
59.999: [GC (Allocation Failure)  67225K->633K(409088K), 0.0004324 secs]
59.999: Total time for which application threads were stopped: 0.0005472 seconds, Stopping threads took: 0.0000257 seconds
60.043: [GC (Allocation Failure)  66169K->633K(408064K), 0.0004199 secs]
60.044: Total time for which application threads were stopped: 0.0005263 seconds, Stopping threads took: 0.0000170 seconds
60.087: [GC (Allocation Failure)  65145K->601K(407040K), 0.0005663 secs]
60.088: Total time for which application threads were stopped: 0.0006711 seconds, Stopping threads took: 0.0000170 seconds
60.133: [GC (Allocation Failure)  64089K->665K(406016K), 0.0005406 secs]
60.134: Total time for which application threads were stopped: 0.0006680 seconds, Stopping threads took: 0.0000273 seconds
60.176: [GC (Allocation Failure)  63129K->665K(405504K), 0.0004856 secs]
60.177: Total time for which application threads were stopped: 0.0006269 seconds, Stopping threads took: 0.0000262 seconds
60.216: [GC (Allocation Failure)  62617K->665K(418304K), 0.0005641 secs]
60.216: Total time for which application threads were stopped: 0.0006979 seconds, Stopping threads took: 0.0000210 seconds
60.264: [GC (Allocation Failure)  75417K->633K(417280K), 0.0004891 secs]
60.264: Total time for which application threads were stopped: 0.0006192 seconds, Stopping threads took: 0.0000250 seconds
60.311: [GC (Allocation Failure)  74361K->697K(416256K), 0.0004944 secs]
60.311: Total time for which application threads were stopped: 0.0006259 seconds, Stopping threads took: 0.0000210 seconds
60.357: [GC (Allocation Failure)  73401K->665K(415232K), 0.0005748 secs]
60.357: Total time for which application threads were stopped: 0.0007240 seconds, Stopping threads took: 0.0000223 seconds
60.402: [GC (Allocation Failure)  72345K->697K(414208K), 0.0004971 secs]
60.403: Total time for which application threads were stopped: 0.0006263 seconds, Stopping threads took: 0.0000285 seconds
60.453: [GC (Allocation Failure)  71353K->665K(413184K), 0.0004837 secs]
60.454: Total time for which application threads were stopped: 0.0006135 seconds, Stopping threads took: 0.0000281 seconds
60.498: [GC (Allocation Failure)  70297K->633K(412160K), 0.0004406 secs]
60.498: Total time for which application threads were stopped: 0.0005594 seconds, Stopping threads took: 0.0000194 seconds
60.546: [GC (Allocation Failure)  69241K->665K(411136K), 0.0004485 secs]
60.546: Total time for which application threads were stopped: 0.0005696 seconds, Stopping threads took: 0.0000203 seconds
60.594: [GC (Allocation Failure)  68249K->633K(410112K), 0.0005058 secs]
60.594: Total time for which application threads were stopped: 0.0006238 seconds, Stopping threads took: 0.0000190 seconds
60.636: [GC (Allocation Failure)  67193K->665K(409088K), 0.0006129 secs]
60.636: Total time for which application threads were stopped: 0.0007361 seconds, Stopping threads took: 0.0000266 seconds
60.682: [GC (Allocation Failure)  66201K->665K(408064K), 0.0004911 secs]
60.683: Total time for which application threads were stopped: 0.0006153 seconds, Stopping threads took: 0.0000263 seconds
60.723: [GC (Allocation Failure)  65177K->633K(407040K), 0.0004873 secs]
60.724: Total time for which application threads were stopped: 0.0006045 seconds, Stopping threads took: 0.0000187 seconds
60.764: [GC (Allocation Failure)  64121K->633K(406016K), 0.0004049 secs]
60.764: Total time for which application threads were stopped: 0.0005219 seconds, Stopping threads took: 0.0000266 seconds
60.803: [GC (Allocation Failure)  63097K->633K(405504K), 0.0004231 secs]
60.804: Total time for which application threads were stopped: 0.0005513 seconds, Stopping threads took: 0.0000195 seconds
60.848: [GC (Allocation Failure)  62585K->601K(404992K), 0.0005016 secs]
60.848: Total time for which application threads were stopped: 0.0006297 seconds, Stopping threads took: 0.0000196 seconds
60.892: [GC (Allocation Failure)  62041K->665K(404480K), 0.0004838 secs]
60.892: Total time for which application threads were stopped: 0.0006119 seconds, Stopping threads took: 0.0000216 seconds
60.930: [GC (Allocation Failure)  61593K->601K(416768K), 0.0005865 secs]
60.931: Total time for which application threads were stopped: 0.0007423 seconds, Stopping threads took: 0.0000292 seconds
60.977: [GC (Allocation Failure)  73817K->633K(415744K), 0.0004989 secs]
60.977: Total time for which application threads were stopped: 0.0006249 seconds, Stopping threads took: 0.0000183 seconds
61.028: [GC (Allocation Failure)  72825K->665K(414720K), 0.0004505 secs]
61.029: Total time for which application threads were stopped: 0.0005648 seconds, Stopping threads took: 0.0000190 seconds
61.081: [GC (Allocation Failure)  71833K->633K(413696K), 0.0004346 secs]
61.081: Total time for which application threads were stopped: 0.0005416 seconds, Stopping threads took: 0.0000165 seconds
61.129: [GC (Allocation Failure)  70777K->601K(412672K), 0.0004654 secs]
61.129: Total time for which application threads were stopped: 0.0005808 seconds, Stopping threads took: 0.0000200 seconds
61.180: [GC (Allocation Failure)  69721K->729K(411648K), 0.0004905 secs]
61.180: Total time for which application threads were stopped: 0.0006107 seconds, Stopping threads took: 0.0000196 seconds
61.227: [GC (Allocation Failure)  68825K->601K(410624K), 0.0004914 secs]
61.227: Total time for which application threads were stopped: 0.0006081 seconds, Stopping threads took: 0.0000195 seconds
61.270: [GC (Allocation Failure)  67673K->697K(409600K), 0.0004284 secs]
61.270: Total time for which application threads were stopped: 0.0005634 seconds, Stopping threads took: 0.0000256 seconds
61.317: [GC (Allocation Failure)  66745K->633K(408576K), 0.0005242 secs]
61.317: Total time for which application threads were stopped: 0.0006387 seconds, Stopping threads took: 0.0000168 seconds
61.358: [GC (Allocation Failure)  65657K->665K(407552K), 0.0006181 secs]
61.359: Total time for which application threads were stopped: 0.0007550 seconds, Stopping threads took: 0.0000202 seconds
61.404: [GC (Allocation Failure)  64665K->697K(406528K), 0.0005062 secs]
61.405: Total time for which application threads were stopped: 0.0006348 seconds, Stopping threads took: 0.0000279 seconds
61.452: [GC (Allocation Failure)  63673K->665K(405504K), 0.0004998 secs]
61.452: Total time for which application threads were stopped: 0.0006178 seconds, Stopping threads took: 0.0000164 seconds
61.491: [GC (Allocation Failure)  62617K->633K(404992K), 0.0004963 secs]
61.492: Total time for which application threads were stopped: 0.0006363 seconds, Stopping threads took: 0.0000258 seconds
61.534: [GC (Allocation Failure)  62073K->665K(417280K), 0.0006489 secs]
61.534: Total time for which application threads were stopped: 0.0007806 seconds, Stopping threads took: 0.0000284 seconds
61.580: [GC (Allocation Failure)  74393K->665K(432128K), 0.0005812 secs]
61.581: Total time for which application threads were stopped: 0.0007121 seconds, Stopping threads took: 0.0000208 seconds
61.640: [GC (Allocation Failure)  89241K->633K(450048K), 0.0005551 secs]
61.640: Total time for which application threads were stopped: 0.0006773 seconds, Stopping threads took: 0.0000200 seconds
61.707: [GC (Allocation Failure)  107129K->729K(448000K), 0.0005072 secs]
61.707: Total time for which application threads were stopped: 0.0006410 seconds, Stopping threads took: 0.0000210 seconds
61.773: [GC (Allocation Failure)  105177K->665K(445952K), 0.0005900 secs]
61.773: Total time for which application threads were stopped: 0.0007273 seconds, Stopping threads took: 0.0000268 seconds
61.837: [GC (Allocation Failure)  103065K->633K(443904K), 0.0004974 secs]
61.838: Total time for which application threads were stopped: 0.0006459 seconds, Stopping threads took: 0.0000260 seconds
61.900: [GC (Allocation Failure)  100985K->665K(441856K), 0.0005049 secs]
61.901: Total time for which application threads were stopped: 0.0006503 seconds, Stopping threads took: 0.0000224 seconds
61.962: [GC (Allocation Failure)  98969K->665K(439808K), 0.0005367 secs]
61.962: Total time for which application threads were stopped: 0.0006721 seconds, Stopping threads took: 0.0000216 seconds
62.029: [GC (Allocation Failure)  96921K->633K(437760K), 0.0004943 secs]
62.029: Total time for which application threads were stopped: 0.0006005 seconds, Stopping threads took: 0.0000173 seconds
62.094: [GC (Allocation Failure)  94841K->697K(436224K), 0.0004761 secs]
62.095: Total time for which application threads were stopped: 0.0005815 seconds, Stopping threads took: 0.0000168 seconds
62.152: [GC (Allocation Failure)  93369K->633K(434688K), 0.0004504 secs]
62.153: Total time for which application threads were stopped: 0.0005606 seconds, Stopping threads took: 0.0000168 seconds
62.209: [GC (Allocation Failure)  91769K->665K(433152K), 0.0005600 secs]
62.210: Total time for which application threads were stopped: 0.0006802 seconds, Stopping threads took: 0.0000194 seconds
62.266: [GC (Allocation Failure)  90265K->633K(431616K), 0.0004674 secs]
62.267: Total time for which application threads were stopped: 0.0005863 seconds, Stopping threads took: 0.0000262 seconds
62.325: [GC (Allocation Failure)  88697K->665K(430080K), 0.0005069 secs]
62.325: Total time for which application threads were stopped: 0.0006165 seconds, Stopping threads took: 0.0000198 seconds
62.379: [GC (Allocation Failure)  87193K->665K(428544K), 0.0004144 secs]
62.380: Total time for which application threads were stopped: 0.0005415 seconds, Stopping threads took: 0.0000269 seconds
62.433: [GC (Allocation Failure)  85657K->633K(427008K), 0.0006159 secs]
62.434: Total time for which application threads were stopped: 0.0008070 seconds, Stopping threads took: 0.0000632 seconds
62.487: [GC (Allocation Failure)  84089K->601K(425472K), 0.0005772 secs]
62.488: Total time for which application threads were stopped: 0.0006987 seconds, Stopping threads took: 0.0000249 seconds
62.542: [GC (Allocation Failure)  82521K->633K(423936K), 0.0004775 secs]
62.542: Total time for which application threads were stopped: 0.0006110 seconds, Stopping threads took: 0.0000197 seconds
62.592: [GC (Allocation Failure)  81017K->665K(422400K), 0.0005236 secs]
62.593: Total time for which application threads were stopped: 0.0006779 seconds, Stopping threads took: 0.0000189 seconds
62.648: [GC (Allocation Failure)  79513K->633K(421376K), 0.0005065 secs]
62.649: Total time for which application threads were stopped: 0.0006512 seconds, Stopping threads took: 0.0000211 seconds
62.701: [GC (Allocation Failure)  78457K->665K(420352K), 0.0005068 secs]
62.702: Total time for which application threads were stopped: 0.0006242 seconds, Stopping threads took: 0.0000195 seconds
62.750: [GC (Allocation Failure)  77465K->729K(419328K), 0.0005806 secs]
62.750: Total time for which application threads were stopped: 0.0007088 seconds, Stopping threads took: 0.0000195 seconds
62.804: [GC (Allocation Failure)  76505K->665K(418304K), 0.0005742 secs]
62.804: Total time for which application threads were stopped: 0.0006927 seconds, Stopping threads took: 0.0000194 seconds
62.851: [GC (Allocation Failure)  75417K->665K(417280K), 0.0005069 secs]
62.851: Total time for which application threads were stopped: 0.0006430 seconds, Stopping threads took: 0.0000280 seconds
62.900: [GC (Allocation Failure)  74393K->633K(416256K), 0.0005183 secs]
62.901: Total time for which application threads were stopped: 0.0006570 seconds, Stopping threads took: 0.0000280 seconds
62.947: [GC (Allocation Failure)  73337K->633K(415232K), 0.0006910 secs]
62.947: Total time for which application threads were stopped: 0.0008206 seconds, Stopping threads took: 0.0000210 seconds
62.997: [GC (Allocation Failure)  72313K->633K(429568K), 0.0006091 secs]
62.998: Total time for which application threads were stopped: 0.0007566 seconds, Stopping threads took: 0.0000394 seconds
63.051: [GC (Allocation Failure)  86649K->665K(428032K), 0.0004998 secs]
63.052: Total time for which application threads were stopped: 0.0006199 seconds, Stopping threads took: 0.0000198 seconds
63.105: [GC (Allocation Failure)  85145K->665K(426496K), 0.0005044 secs]
63.105: Total time for which application threads were stopped: 0.0006540 seconds, Stopping threads took: 0.0000191 seconds
63.163: [GC (Allocation Failure)  83609K->601K(424960K), 0.0005203 secs]
63.163: Total time for which application threads were stopped: 0.0006723 seconds, Stopping threads took: 0.0000226 seconds
63.215: [GC (Allocation Failure)  82009K->665K(423424K), 0.0005247 secs]
63.215: Total time for which application threads were stopped: 0.0006731 seconds, Stopping threads took: 0.0000229 seconds
63.266: [GC (Allocation Failure)  80537K->697K(422400K), 0.0004447 secs]
63.267: Total time for which application threads were stopped: 0.0005827 seconds, Stopping threads took: 0.0000279 seconds
63.318: [GC (Allocation Failure)  79545K->633K(421376K), 0.0006647 secs]
63.319: Total time for which application threads were stopped: 0.0008030 seconds, Stopping threads took: 0.0000258 seconds
63.374: [GC (Allocation Failure)  78457K->633K(420352K), 0.0006527 secs]
63.374: Total time for which application threads were stopped: 0.0007965 seconds, Stopping threads took: 0.0000214 seconds
63.423: [GC (Allocation Failure)  77433K->665K(419328K), 0.0004605 secs]
63.423: Total time for which application threads were stopped: 0.0005903 seconds, Stopping threads took: 0.0000276 seconds
63.471: [GC (Allocation Failure)  76441K->665K(418304K), 0.0004799 secs]
63.471: Total time for which application threads were stopped: 0.0006157 seconds, Stopping threads took: 0.0000216 seconds
63.524: [GC (Allocation Failure)  75417K->633K(417280K), 0.0004973 secs]
63.525: Total time for which application threads were stopped: 0.0006225 seconds, Stopping threads took: 0.0000263 seconds
63.575: [GC (Allocation Failure)  74361K->633K(416256K), 0.0004992 secs]
63.575: Total time for which application threads were stopped: 0.0006458 seconds, Stopping threads took: 0.0000194 seconds
63.620: [GC (Allocation Failure)  73337K->697K(415232K), 0.0004927 secs]
63.621: Total time for which application threads were stopped: 0.0006295 seconds, Stopping threads took: 0.0000211 seconds
63.666: [GC (Allocation Failure)  72377K->697K(414208K), 0.0004772 secs]
63.666: Total time for which application threads were stopped: 0.0006022 seconds, Stopping threads took: 0.0000280 seconds
63.710: [GC (Allocation Failure)  71353K->665K(413184K), 0.0005733 secs]
63.711: Total time for which application threads were stopped: 0.0007114 seconds, Stopping threads took: 0.0000281 seconds
63.755: [GC (Allocation Failure)  70297K->633K(412160K), 0.0004920 secs]
63.755: Total time for which application threads were stopped: 0.0006386 seconds, Stopping threads took: 0.0000302 seconds
63.798: [GC (Allocation Failure)  69241K->665K(411136K), 0.0004972 secs]
63.799: Total time for which application threads were stopped: 0.0006334 seconds, Stopping threads took: 0.0000213 seconds
63.841: [GC (Allocation Failure)  68249K->633K(410112K), 0.0005796 secs]
63.842: Total time for which application threads were stopped: 0.0007256 seconds, Stopping threads took: 0.0000222 seconds
63.889: [GC (Allocation Failure)  67193K->665K(409088K), 0.0005589 secs]
63.889: Total time for which application threads were stopped: 0.0007026 seconds, Stopping threads took: 0.0000218 seconds
63.931: [GC (Allocation Failure)  66201K->633K(408064K), 0.0005022 secs]
63.931: Total time for which application threads were stopped: 0.0006408 seconds, Stopping threads took: 0.0000220 seconds
63.972: [GC (Allocation Failure)  65145K->601K(407040K), 0.0004678 secs]
63.972: Total time for which application threads were stopped: 0.0005921 seconds, Stopping threads took: 0.0000218 seconds
64.015: [GC (Allocation Failure)  64089K->697K(419840K), 0.0006957 secs]
64.016: Total time for which application threads were stopped: 0.0008362 seconds, Stopping threads took: 0.0000203 seconds
64.069: [GC (Allocation Failure)  76985K->633K(435200K), 0.0005923 secs]
64.070: Total time for which application threads were stopped: 0.0007357 seconds, Stopping threads took: 0.0000211 seconds
64.130: [GC (Allocation Failure)  92281K->665K(433664K), 0.0005154 secs]
64.131: Total time for which application threads were stopped: 0.0006580 seconds, Stopping threads took: 0.0000224 seconds
64.187: [GC (Allocation Failure)  90777K->633K(432128K), 0.0005217 secs]
64.188: Total time for which application threads were stopped: 0.0006400 seconds, Stopping threads took: 0.0000193 seconds
64.243: [GC (Allocation Failure)  89209K->633K(430592K), 0.0006811 secs]
64.244: Total time for which application threads were stopped: 0.0008153 seconds, Stopping threads took: 0.0000219 seconds
64.298: [GC (Allocation Failure)  87673K->665K(429056K), 0.0004595 secs]
64.299: Total time for which application threads were stopped: 0.0006033 seconds, Stopping threads took: 0.0000301 seconds
64.358: [GC (Allocation Failure)  86169K->633K(427520K), 0.0003713 secs]
64.359: Total time for which application threads were stopped: 0.0004784 seconds, Stopping threads took: 0.0000175 seconds
64.411: [GC (Allocation Failure)  84601K->697K(425984K), 0.0006228 secs]
64.412: Total time for which application threads were stopped: 0.0007507 seconds, Stopping threads took: 0.0000196 seconds
64.468: [GC (Allocation Failure)  83129K->633K(424448K), 0.0004370 secs]
64.468: Total time for which application threads were stopped: 0.0005488 seconds, Stopping threads took: 0.0000170 seconds
64.523: [GC (Allocation Failure)  81529K->697K(422912K), 0.0005681 secs]
64.524: Total time for which application threads were stopped: 0.0006904 seconds, Stopping threads took: 0.0000202 seconds
64.573: [GC (Allocation Failure)  80057K->633K(421888K), 0.0005842 secs]
64.574: Total time for which application threads were stopped: 0.0007059 seconds, Stopping threads took: 0.0000201 seconds
64.623: [GC (Allocation Failure)  78969K->633K(420864K), 0.0004832 secs]
64.623: Total time for which application threads were stopped: 0.0006438 seconds, Stopping threads took: 0.0000198 seconds
64.671: [GC (Allocation Failure)  77945K->665K(419840K), 0.0004971 secs]
64.672: Total time for which application threads were stopped: 0.0006357 seconds, Stopping threads took: 0.0000211 seconds
64.726: [GC (Allocation Failure)  76953K->633K(418816K), 0.0005172 secs]
64.726: Total time for which application threads were stopped: 0.0006605 seconds, Stopping threads took: 0.0000294 seconds
64.780: [GC (Allocation Failure)  75897K->665K(417792K), 0.0004144 secs]
64.780: Total time for which application threads were stopped: 0.0005379 seconds, Stopping threads took: 0.0000268 seconds
64.831: [GC (Allocation Failure)  74905K->729K(416768K), 0.0004678 secs]
64.832: Total time for which application threads were stopped: 0.0005894 seconds, Stopping threads took: 0.0000200 seconds
64.877: [GC (Allocation Failure)  73945K->601K(415744K), 0.0004906 secs]
64.878: Total time for which application threads were stopped: 0.0006252 seconds, Stopping threads took: 0.0000195 seconds
64.929: [GC (Allocation Failure)  72793K->633K(414720K), 0.0005271 secs]
64.930: Total time for which application threads were stopped: 0.0006754 seconds, Stopping threads took: 0.0000276 seconds
64.979: [GC (Allocation Failure)  71801K->633K(413696K), 0.0005301 secs]
64.980: Total time for which application threads were stopped: 0.0006745 seconds, Stopping threads took: 0.0000217 seconds
65.029: [GC (Allocation Failure)  70777K->665K(412672K), 0.0005271 secs]
65.030: Total time for which application threads were stopped: 0.0006600 seconds, Stopping threads took: 0.0000228 seconds
65.079: [GC (Allocation Failure)  69785K->665K(411648K), 0.0004602 secs]
65.080: Total time for which application threads were stopped: 0.0005755 seconds, Stopping threads took: 0.0000191 seconds
65.123: [GC (Allocation Failure)  68761K->697K(410624K), 0.0004967 secs]
65.123: Total time for which application threads were stopped: 0.0006219 seconds, Stopping threads took: 0.0000203 seconds
65.165: [GC (Allocation Failure)  67769K->633K(409600K), 0.0005309 secs]
65.166: Total time for which application threads were stopped: 0.0006560 seconds, Stopping threads took: 0.0000220 seconds
65.213: [GC (Allocation Failure)  66681K->697K(408576K), 0.0005028 secs]
65.213: Total time for which application threads were stopped: 0.0006349 seconds, Stopping threads took: 0.0000193 seconds
65.254: [GC (Allocation Failure)  65721K->697K(407552K), 0.0004926 secs]
65.255: Total time for which application threads were stopped: 0.0006346 seconds, Stopping threads took: 0.0000262 seconds
65.296: [GC (Allocation Failure)  64697K->633K(406528K), 0.0004078 secs]
65.296: Total time for which application threads were stopped: 0.0005243 seconds, Stopping threads took: 0.0000251 seconds
65.336: [GC (Allocation Failure)  63609K->665K(405504K), 0.0004874 secs]
65.336: Total time for which application threads were stopped: 0.0006297 seconds, Stopping threads took: 0.0000257 seconds
65.378: [GC (Allocation Failure)  62617K->633K(418304K), 0.0006976 secs]
65.379: Total time for which application threads were stopped: 0.0008313 seconds, Stopping threads took: 0.0000211 seconds
65.426: [GC (Allocation Failure)  75385K->729K(433664K), 0.0004855 secs]
65.426: Total time for which application threads were stopped: 0.0006359 seconds, Stopping threads took: 0.0000274 seconds
65.486: [GC (Allocation Failure)  90841K->633K(432128K), 0.0005882 secs]
65.487: Total time for which application threads were stopped: 0.0007051 seconds, Stopping threads took: 0.0000170 seconds
65.543: [GC (Allocation Failure)  89209K->633K(430592K), 0.0004807 secs]
65.543: Total time for which application threads were stopped: 0.0006015 seconds, Stopping threads took: 0.0000197 seconds
65.603: [GC (Allocation Failure)  87673K->729K(429056K), 0.0006080 secs]
65.604: Total time for which application threads were stopped: 0.0007282 seconds, Stopping threads took: 0.0000191 seconds
65.661: [GC (Allocation Failure)  86233K->697K(427520K), 0.0005776 secs]
65.661: Total time for which application threads were stopped: 0.0007075 seconds, Stopping threads took: 0.0000276 seconds
65.718: [GC (Allocation Failure)  84665K->633K(425984K), 0.0005423 secs]
65.719: Total time for which application threads were stopped: 0.0006758 seconds, Stopping threads took: 0.0000215 seconds
65.770: [GC (Allocation Failure)  83065K->697K(424448K), 0.0005430 secs]
65.771: Total time for which application threads were stopped: 0.0006818 seconds, Stopping threads took: 0.0000202 seconds
65.827: [GC (Allocation Failure)  81593K->665K(422912K), 0.0004704 secs]
65.828: Total time for which application threads were stopped: 0.0005929 seconds, Stopping threads took: 0.0000204 seconds
65.882: [GC (Allocation Failure)  80025K->665K(421888K), 0.0004824 secs]
65.883: Total time for which application threads were stopped: 0.0006034 seconds, Stopping threads took: 0.0000200 seconds
65.932: [GC (Allocation Failure)  79001K->633K(420864K), 0.0006914 secs]
65.932: Total time for which application threads were stopped: 0.0008319 seconds, Stopping threads took: 0.0000219 seconds
65.981: [GC (Allocation Failure)  77945K->601K(419840K), 0.0005871 secs]
65.981: Total time for which application threads were stopped: 0.0007283 seconds, Stopping threads took: 0.0000207 seconds
66.034: [GC (Allocation Failure)  76889K->633K(418816K), 0.0004547 secs]
66.034: Total time for which application threads were stopped: 0.0005636 seconds, Stopping threads took: 0.0000171 seconds
66.088: [GC (Allocation Failure)  75897K->633K(417792K), 0.0004383 secs]
66.088: Total time for which application threads were stopped: 0.0005470 seconds, Stopping threads took: 0.0000171 seconds
66.138: [GC (Allocation Failure)  74873K->601K(416768K), 0.0005201 secs]
66.139: Total time for which application threads were stopped: 0.0006339 seconds, Stopping threads took: 0.0000187 seconds
66.190: [GC (Allocation Failure)  73817K->569K(415744K), 0.0004399 secs]
66.190: Total time for which application threads were stopped: 0.0005549 seconds, Stopping threads took: 0.0000197 seconds
66.241: [GC (Allocation Failure)  72761K->633K(414720K), 0.0004886 secs]
66.241: Total time for which application threads were stopped: 0.0006033 seconds, Stopping threads took: 0.0000174 seconds
66.287: [GC (Allocation Failure)  71801K->633K(413696K), 0.0003969 secs]
66.287: Total time for which application threads were stopped: 0.0005184 seconds, Stopping threads took: 0.0000253 seconds
66.334: [GC (Allocation Failure)  70777K->633K(412672K), 0.0004228 secs]
66.334: Total time for which application threads were stopped: 0.0005515 seconds, Stopping threads took: 0.0000258 seconds
66.377: [GC (Allocation Failure)  69753K->665K(411648K), 0.0005312 secs]
66.378: Total time for which application threads were stopped: 0.0006585 seconds, Stopping threads took: 0.0000273 seconds
66.421: [GC (Allocation Failure)  68761K->665K(410624K), 0.0005131 secs]
66.421: Total time for which application threads were stopped: 0.0006468 seconds, Stopping threads took: 0.0000218 seconds
66.464: [GC (Allocation Failure)  67737K->729K(409600K), 0.0005120 secs]
66.464: Total time for which application threads were stopped: 0.0006599 seconds, Stopping threads took: 0.0000291 seconds
66.507: [GC (Allocation Failure)  66777K->633K(408576K), 0.0005376 secs]
66.507: Total time for which application threads were stopped: 0.0006496 seconds, Stopping threads took: 0.0000155 seconds
66.552: [GC (Allocation Failure)  65657K->633K(407552K), 0.0005299 secs]
66.553: Total time for which application threads were stopped: 0.0006488 seconds, Stopping threads took: 0.0000194 seconds
66.593: [GC (Allocation Failure)  64633K->633K(406528K), 0.0004779 secs]
66.593: Total time for which application threads were stopped: 0.0005973 seconds, Stopping threads took: 0.0000195 seconds
66.633: [GC (Allocation Failure)  63609K->697K(419328K), 0.0007190 secs]
66.633: Total time for which application threads were stopped: 0.0008659 seconds, Stopping threads took: 0.0000283 seconds
66.681: [GC (Allocation Failure)  76473K->633K(434688K), 0.0006737 secs]
66.681: Total time for which application threads were stopped: 0.0008360 seconds, Stopping threads took: 0.0000306 seconds
66.745: [GC (Allocation Failure)  91769K->633K(453120K), 0.0006382 secs]
66.746: Total time for which application threads were stopped: 0.0007590 seconds, Stopping threads took: 0.0000198 seconds
66.816: [GC (Allocation Failure)  110201K->601K(451072K), 0.0004322 secs]
66.816: Total time for which application threads were stopped: 0.0005580 seconds, Stopping threads took: 0.0000197 seconds
66.883: [GC (Allocation Failure)  108121K->601K(449024K), 0.0006191 secs]
66.884: Total time for which application threads were stopped: 0.0007654 seconds, Stopping threads took: 0.0000272 seconds
66.950: [GC (Allocation Failure)  106073K->697K(446976K), 0.0004750 secs]
66.950: Total time for which application threads were stopped: 0.0006013 seconds, Stopping threads took: 0.0000208 seconds
67.021: [GC (Allocation Failure)  104121K->665K(444928K), 0.0006864 secs]
67.022: Total time for which application threads were stopped: 0.0008066 seconds, Stopping threads took: 0.0000197 seconds
67.085: [GC (Allocation Failure)  102041K->633K(442880K), 0.0006036 secs]
67.086: Total time for which application threads were stopped: 0.0007416 seconds, Stopping threads took: 0.0000278 seconds
67.147: [GC (Allocation Failure)  99961K->665K(440832K), 0.0004569 secs]
67.148: Total time for which application threads were stopped: 0.0005973 seconds, Stopping threads took: 0.0000223 seconds
67.208: [GC (Allocation Failure)  97945K->633K(438784K), 0.0006086 secs]
67.209: Total time for which application threads were stopped: 0.0007639 seconds, Stopping threads took: 0.0000207 seconds
67.272: [GC (Allocation Failure)  95865K->633K(437248K), 0.0004439 secs]
67.273: Total time for which application threads were stopped: 0.0005672 seconds, Stopping threads took: 0.0000260 seconds
67.335: [GC (Allocation Failure)  94329K->633K(435712K), 0.0004288 secs]
67.335: Total time for which application threads were stopped: 0.0005523 seconds, Stopping threads took: 0.0000168 seconds
67.393: [GC (Allocation Failure)  92793K->697K(434176K), 0.0004486 secs]
67.393: Total time for which application threads were stopped: 0.0005587 seconds, Stopping threads took: 0.0000170 seconds
67.450: [GC (Allocation Failure)  91321K->601K(432640K), 0.0005176 secs]
67.451: Total time for which application threads were stopped: 0.0006334 seconds, Stopping threads took: 0.0000273 seconds
67.513: [GC (Allocation Failure)  89689K->665K(431104K), 0.0005756 secs]
67.513: Total time for which application threads were stopped: 0.0006945 seconds, Stopping threads took: 0.0000187 seconds
67.570: [GC (Allocation Failure)  88217K->697K(429568K), 0.0004664 secs]
67.571: Total time for which application threads were stopped: 0.0006010 seconds, Stopping threads took: 0.0000194 seconds
67.630: [GC (Allocation Failure)  86713K->665K(428032K), 0.0005124 secs]
67.631: Total time for which application threads were stopped: 0.0006483 seconds, Stopping threads took: 0.0000211 seconds
67.684: [GC (Allocation Failure)  85145K->697K(426496K), 0.0004950 secs]
67.684: Total time for which application threads were stopped: 0.0006341 seconds, Stopping threads took: 0.0000213 seconds
67.736: [GC (Allocation Failure)  83641K->729K(424960K), 0.0005245 secs]
67.737: Total time for which application threads were stopped: 0.0006717 seconds, Stopping threads took: 0.0000285 seconds
67.795: [GC (Allocation Failure)  82137K->633K(423424K), 0.0005117 secs]
67.795: Total time for which application threads were stopped: 0.0006513 seconds, Stopping threads took: 0.0000215 seconds
67.850: [GC (Allocation Failure)  80505K->697K(422400K), 0.0004534 secs]
67.851: Total time for which application threads were stopped: 0.0005816 seconds, Stopping threads took: 0.0000215 seconds
67.904: [GC (Allocation Failure)  79545K->697K(421376K), 0.0004131 secs]
67.905: Total time for which application threads were stopped: 0.0005498 seconds, Stopping threads took: 0.0000272 seconds
67.953: [GC (Allocation Failure)  78521K->633K(420352K), 0.0006111 secs]
67.954: Total time for which application threads were stopped: 0.0007446 seconds, Stopping threads took: 0.0000201 seconds
68.007: [GC (Allocation Failure)  77433K->601K(419328K), 0.0005964 secs]
68.008: Total time for which application threads were stopped: 0.0007261 seconds, Stopping threads took: 0.0000199 seconds
68.059: [GC (Allocation Failure)  76377K->633K(418304K), 0.0004973 secs]
68.060: Total time for which application threads were stopped: 0.0006473 seconds, Stopping threads took: 0.0000225 seconds
68.110: [GC (Allocation Failure)  75385K->601K(417280K), 0.0005004 secs]
68.110: Total time for which application threads were stopped: 0.0006244 seconds, Stopping threads took: 0.0000221 seconds
68.162: [GC (Allocation Failure)  74329K->633K(416256K), 0.0004724 secs]
68.162: Total time for which application threads were stopped: 0.0005818 seconds, Stopping threads took: 0.0000172 seconds
68.208: [GC (Allocation Failure)  73337K->665K(415232K), 0.0004635 secs]
68.209: Total time for which application threads were stopped: 0.0005944 seconds, Stopping threads took: 0.0000198 seconds
68.254: [GC (Allocation Failure)  72345K->665K(414208K), 0.0005067 secs]
68.254: Total time for which application threads were stopped: 0.0006453 seconds, Stopping threads took: 0.0000222 seconds
68.300: [GC (Allocation Failure)  71321K->633K(413184K), 0.0004029 secs]
68.300: Total time for which application threads were stopped: 0.0005339 seconds, Stopping threads took: 0.0000283 seconds
68.344: [GC (Allocation Failure)  70265K->697K(412160K), 0.0005703 secs]
68.345: Total time for which application threads were stopped: 0.0007075 seconds, Stopping threads took: 0.0000209 seconds
68.388: [GC (Allocation Failure)  69305K->665K(411136K), 0.0004527 secs]
68.388: Total time for which application threads were stopped: 0.0005800 seconds, Stopping threads took: 0.0000258 seconds
68.434: [GC (Allocation Failure)  68249K->665K(410112K), 0.0005911 secs]
68.435: Total time for which application threads were stopped: 0.0007266 seconds, Stopping threads took: 0.0000211 seconds
68.476: [GC (Allocation Failure)  67225K->665K(409088K), 0.0005332 secs]
68.477: Total time for which application threads were stopped: 0.0006673 seconds, Stopping threads took: 0.0000215 seconds
68.518: [GC (Allocation Failure)  66201K->633K(408064K), 0.0004739 secs]
68.519: Total time for which application threads were stopped: 0.0005985 seconds, Stopping threads took: 0.0000272 seconds
68.564: [GC (Allocation Failure)  65145K->633K(407040K), 0.0005371 secs]
68.565: Total time for which application threads were stopped: 0.0006838 seconds, Stopping threads took: 0.0000288 seconds
68.609: [GC (Allocation Failure)  64121K->633K(406016K), 0.0004877 secs]
68.610: Total time for which application threads were stopped: 0.0006303 seconds, Stopping threads took: 0.0000209 seconds
68.649: [GC (Allocation Failure)  63097K->665K(418816K), 0.0007244 secs]
68.650: Total time for which application threads were stopped: 0.0008970 seconds, Stopping threads took: 0.0000213 seconds
68.697: [GC (Allocation Failure)  75929K->665K(434176K), 0.0004657 secs]
68.698: Total time for which application threads were stopped: 0.0005852 seconds, Stopping threads took: 0.0000201 seconds
68.755: [GC (Allocation Failure)  91289K->633K(432640K), 0.0004810 secs]
68.755: Total time for which application threads were stopped: 0.0006111 seconds, Stopping threads took: 0.0000277 seconds
68.812: [GC (Allocation Failure)  89721K->633K(431104K), 0.0004191 secs]
68.813: Total time for which application threads were stopped: 0.0005340 seconds, Stopping threads took: 0.0000195 seconds
68.871: [GC (Allocation Failure)  88185K->665K(429568K), 0.0004136 secs]
68.871: Total time for which application threads were stopped: 0.0005258 seconds, Stopping threads took: 0.0000255 seconds
68.925: [GC (Allocation Failure)  86681K->665K(428032K), 0.0005648 secs]
68.925: Total time for which application threads were stopped: 0.0006985 seconds, Stopping threads took: 0.0000291 seconds
68.978: [GC (Allocation Failure)  85145K->665K(426496K), 0.0005780 secs]
68.978: Total time for which application threads were stopped: 0.0007148 seconds, Stopping threads took: 0.0000210 seconds
69.030: [GC (Allocation Failure)  83609K->665K(424960K), 0.0005132 secs]
69.031: Total time for which application threads were stopped: 0.0006527 seconds, Stopping threads took: 0.0000215 seconds
69.081: [GC (Allocation Failure)  82073K->633K(423424K), 0.0005150 secs]
69.082: Total time for which application threads were stopped: 0.0006714 seconds, Stopping threads took: 0.0000305 seconds
69.132: [GC (Allocation Failure)  80505K->665K(422400K), 0.0006984 secs]
69.132: Total time for which application threads were stopped: 0.0008271 seconds, Stopping threads took: 0.0000226 seconds
69.186: [GC (Allocation Failure)  79513K->665K(421376K), 0.0004744 secs]
69.187: Total time for which application threads were stopped: 0.0006021 seconds, Stopping threads took: 0.0000272 seconds
69.235: [GC (Allocation Failure)  78489K->601K(420352K), 0.0006148 secs]
69.236: Total time for which application threads were stopped: 0.0007512 seconds, Stopping threads took: 0.0000192 seconds
69.290: [GC (Allocation Failure)  77401K->729K(419328K), 0.0004343 secs]
69.291: Total time for which application threads were stopped: 0.0005510 seconds, Stopping threads took: 0.0000255 seconds
69.344: [GC (Allocation Failure)  76505K->665K(418304K), 0.0005233 secs]
69.344: Total time for which application threads were stopped: 0.0006660 seconds, Stopping threads took: 0.0000303 seconds
69.391: [GC (Allocation Failure)  75417K->601K(417280K), 0.0004988 secs]
69.392: Total time for which application threads were stopped: 0.0006019 seconds, Stopping threads took: 0.0000165 seconds
69.442: [GC (Allocation Failure)  74329K->665K(416256K), 0.0005689 secs]
69.443: Total time for which application threads were stopped: 0.0007130 seconds, Stopping threads took: 0.0000278 seconds
69.492: [GC (Allocation Failure)  73369K->697K(415232K), 0.0005530 secs]
69.492: Total time for which application threads were stopped: 0.0006785 seconds, Stopping threads took: 0.0000255 seconds
69.539: [GC (Allocation Failure)  72377K->601K(414208K), 0.0005793 secs]
69.540: Total time for which application threads were stopped: 0.0006985 seconds, Stopping threads took: 0.0000252 seconds
69.587: [GC (Allocation Failure)  71257K->665K(413184K), 0.0004937 secs]
69.588: Total time for which application threads were stopped: 0.0006226 seconds, Stopping threads took: 0.0000285 seconds
69.631: [GC (Allocation Failure)  70297K->633K(412160K), 0.0004830 secs]
69.632: Total time for which application threads were stopped: 0.0006061 seconds, Stopping threads took: 0.0000210 seconds
69.674: [GC (Allocation Failure)  69241K->729K(425984K), 0.0006018 secs]
69.675: Total time for which application threads were stopped: 0.0007335 seconds, Stopping threads took: 0.0000282 seconds
69.726: [GC (Allocation Failure)  83161K->633K(424448K), 0.0005388 secs]
69.727: Total time for which application threads were stopped: 0.0006745 seconds, Stopping threads took: 0.0000216 seconds
69.778: [GC (Allocation Failure)  81529K->697K(422912K), 0.0004316 secs]
69.779: Total time for which application threads were stopped: 0.0005592 seconds, Stopping threads took: 0.0000261 seconds
69.828: [GC (Allocation Failure)  80057K->633K(421888K), 0.0004996 secs]
69.829: Total time for which application threads were stopped: 0.0006208 seconds, Stopping threads took: 0.0000201 seconds
69.882: [GC (Allocation Failure)  78969K->729K(420864K), 0.0004937 secs]
69.882: Total time for which application threads were stopped: 0.0006139 seconds, Stopping threads took: 0.0000201 seconds
69.931: [GC (Allocation Failure)  78041K->601K(419840K), 0.0005640 secs]
69.931: Total time for which application threads were stopped: 0.0007007 seconds, Stopping threads took: 0.0000199 seconds
69.979: [GC (Allocation Failure)  76889K->665K(418816K), 0.0004902 secs]
69.979: Total time for which application threads were stopped: 0.0006422 seconds, Stopping threads took: 0.0000218 seconds
70.030: [GC (Allocation Failure)  75929K->633K(417792K), 0.0005383 secs]
70.031: Total time for which application threads were stopped: 0.0006474 seconds, Stopping threads took: 0.0000175 seconds
70.077: [GC (Allocation Failure)  74873K->665K(416768K), 0.0004478 secs]
70.077: Total time for which application threads were stopped: 0.0005678 seconds, Stopping threads took: 0.0000195 seconds
70.123: [GC (Allocation Failure)  73881K->665K(415744K), 0.0004990 secs]
70.124: Total time for which application threads were stopped: 0.0006282 seconds, Stopping threads took: 0.0000281 seconds
70.169: [GC (Allocation Failure)  72857K->633K(414720K), 0.0005307 secs]
70.169: Total time for which application threads were stopped: 0.0006833 seconds, Stopping threads took: 0.0000294 seconds
70.220: [GC (Allocation Failure)  71801K->697K(413696K), 0.0004821 secs]
70.221: Total time for which application threads were stopped: 0.0006282 seconds, Stopping threads took: 0.0000301 seconds
70.265: [GC (Allocation Failure)  70841K->697K(412672K), 0.0004491 secs]
70.265: Total time for which application threads were stopped: 0.0005775 seconds, Stopping threads took: 0.0000216 seconds
70.309: [GC (Allocation Failure)  69817K->697K(411648K), 0.0004303 secs]
70.310: Total time for which application threads were stopped: 0.0005504 seconds, Stopping threads took: 0.0000256 seconds
70.352: [GC (Allocation Failure)  68793K->633K(410624K), 0.0006539 secs]
70.353: Total time for which application threads were stopped: 0.0008139 seconds, Stopping threads took: 0.0000300 seconds
70.395: [GC (Allocation Failure)  67705K->601K(409600K), 0.0004896 secs]
70.396: Total time for which application threads were stopped: 0.0006265 seconds, Stopping threads took: 0.0000297 seconds
70.437: [GC (Allocation Failure)  66649K->665K(422912K), 0.0006169 secs]
70.438: Total time for which application threads were stopped: 0.0007540 seconds, Stopping threads took: 0.0000273 seconds
70.494: [GC (Allocation Failure)  80025K->633K(438784K), 0.0007663 secs]
70.494: Total time for which application threads were stopped: 0.0009175 seconds, Stopping threads took: 0.0000291 seconds
70.555: [GC (Allocation Failure)  95865K->665K(437248K), 0.0004551 secs]
70.555: Total time for which application threads were stopped: 0.0005964 seconds, Stopping threads took: 0.0000212 seconds
70.614: [GC (Allocation Failure)  94361K->633K(435712K), 0.0004983 secs]
70.614: Total time for which application threads were stopped: 0.0006209 seconds, Stopping threads took: 0.0000204 seconds
70.672: [GC (Allocation Failure)  92793K->633K(434176K), 0.0005059 secs]
70.673: Total time for which application threads were stopped: 0.0006454 seconds, Stopping threads took: 0.0000214 seconds
70.736: [GC (Allocation Failure)  91257K->601K(432640K), 0.0006350 secs]
70.736: Total time for which application threads were stopped: 0.0007850 seconds, Stopping threads took: 0.0000305 seconds
70.799: [GC (Allocation Failure)  89689K->633K(431104K), 0.0004890 secs]
70.800: Total time for which application threads were stopped: 0.0006300 seconds, Stopping threads took: 0.0000290 seconds
70.854: [GC (Allocation Failure)  88185K->633K(429568K), 0.0004834 secs]
70.855: Total time for which application threads were stopped: 0.0006345 seconds, Stopping threads took: 0.0000296 seconds
70.908: [GC (Allocation Failure)  86649K->697K(428032K), 0.0005662 secs]
70.909: Total time for which application threads were stopped: 0.0006868 seconds, Stopping threads took: 0.0000199 seconds
70.968: [GC (Allocation Failure)  85177K->665K(426496K), 0.0004593 secs]
70.969: Total time for which application threads were stopped: 0.0005930 seconds, Stopping threads took: 0.0000301 seconds
71.026: [GC (Allocation Failure)  83609K->633K(424960K), 0.0006158 secs]
71.027: Total time for which application threads were stopped: 0.0007321 seconds, Stopping threads took: 0.0000196 seconds
71.078: [GC (Allocation Failure)  82041K->665K(423424K), 0.0005950 secs]
71.078: Total time for which application threads were stopped: 0.0007320 seconds, Stopping threads took: 0.0000192 seconds
71.132: [GC (Allocation Failure)  80537K->633K(422400K), 0.0005251 secs]
71.133: Total time for which application threads were stopped: 0.0006609 seconds, Stopping threads took: 0.0000309 seconds
71.182: [GC (Allocation Failure)  79481K->601K(421376K), 0.0005367 secs]
71.182: Total time for which application threads were stopped: 0.0006579 seconds, Stopping threads took: 0.0000193 seconds
71.235: [GC (Allocation Failure)  78425K->633K(420352K), 0.0005066 secs]
71.236: Total time for which application threads were stopped: 0.0006524 seconds, Stopping threads took: 0.0000214 seconds
71.285: [GC (Allocation Failure)  77433K->633K(419328K), 0.0004446 secs]
71.285: Total time for which application threads were stopped: 0.0005727 seconds, Stopping threads took: 0.0000253 seconds
71.338: [GC (Allocation Failure)  76409K->633K(418304K), 0.0005731 secs]
71.339: Total time for which application threads were stopped: 0.0007059 seconds, Stopping threads took: 0.0000175 seconds
71.392: [GC (Allocation Failure)  75385K->633K(417280K), 0.0005716 secs]
71.392: Total time for which application threads were stopped: 0.0007147 seconds, Stopping threads took: 0.0000281 seconds
71.438: [GC (Allocation Failure)  74361K->697K(416256K), 0.0004948 secs]
71.439: Total time for which application threads were stopped: 0.0006386 seconds, Stopping threads took: 0.0000214 seconds
71.491: [GC (Allocation Failure)  73401K->633K(415232K), 0.0004941 secs]
71.491: Total time for which application threads were stopped: 0.0006184 seconds, Stopping threads took: 0.0000257 seconds
71.538: [GC (Allocation Failure)  72313K->697K(414208K), 0.0004651 secs]
71.539: Total time for which application threads were stopped: 0.0005919 seconds, Stopping threads took: 0.0000277 seconds
71.583: [GC (Allocation Failure)  71353K->665K(413184K), 0.0004653 secs]
71.583: Total time for which application threads were stopped: 0.0005899 seconds, Stopping threads took: 0.0000273 seconds
71.627: [GC (Allocation Failure)  70297K->665K(412160K), 0.0004649 secs]
71.627: Total time for which application threads were stopped: 0.0005839 seconds, Stopping threads took: 0.0000194 seconds
71.676: [GC (Allocation Failure)  69273K->665K(411136K), 0.0005500 secs]
71.676: Total time for which application threads were stopped: 0.0006683 seconds, Stopping threads took: 0.0000196 seconds
71.719: [GC (Allocation Failure)  68249K->665K(410112K), 0.0005095 secs]
71.719: Total time for which application threads were stopped: 0.0006366 seconds, Stopping threads took: 0.0000272 seconds
71.761: [GC (Allocation Failure)  67225K->665K(409088K), 0.0004396 secs]
71.761: Total time for which application threads were stopped: 0.0005557 seconds, Stopping threads took: 0.0000194 seconds
71.808: [GC (Allocation Failure)  66201K->665K(408064K), 0.0005000 secs]
71.809: Total time for which application threads were stopped: 0.0006274 seconds, Stopping threads took: 0.0000197 seconds
71.854: [GC (Allocation Failure)  65177K->697K(407040K), 0.0006602 secs]
71.855: Total time for which application threads were stopped: 0.0008006 seconds, Stopping threads took: 0.0000256 seconds
71.900: [GC (Allocation Failure)  64185K->601K(406016K), 0.0004873 secs]
71.901: Total time for which application threads were stopped: 0.0006081 seconds, Stopping threads took: 0.0000206 seconds
71.945: [GC (Allocation Failure)  63065K->665K(405504K), 0.0004944 secs]
71.946: Total time for which application threads were stopped: 0.0006031 seconds, Stopping threads took: 0.0000168 seconds
71.984: [GC (Allocation Failure)  62617K->697K(404992K), 0.0004803 secs]
71.985: Total time for which application threads were stopped: 0.0005988 seconds, Stopping threads took: 0.0000191 seconds
72.023: [GC (Allocation Failure)  62137K->633K(404480K), 0.0004726 secs]
72.024: Total time for which application threads were stopped: 0.0005970 seconds, Stopping threads took: 0.0000270 seconds
72.062: [GC (Allocation Failure)  61561K->665K(416768K), 0.0004727 secs]
72.062: Total time for which application threads were stopped: 0.0006029 seconds, Stopping threads took: 0.0000195 seconds
72.114: [GC (Allocation Failure)  73881K->665K(415744K), 0.0004946 secs]
72.115: Total time for which application threads were stopped: 0.0006122 seconds, Stopping threads took: 0.0000197 seconds
72.160: [GC (Allocation Failure)  72857K->633K(414720K), 0.0004614 secs]
72.160: Total time for which application threads were stopped: 0.0005668 seconds, Stopping threads took: 0.0000175 seconds
72.212: [GC (Allocation Failure)  71801K->601K(413696K), 0.0005391 secs]
72.213: Total time for which application threads were stopped: 0.0006544 seconds, Stopping threads took: 0.0000196 seconds
72.261: [GC (Allocation Failure)  70745K->697K(412672K), 0.0004741 secs]
72.262: Total time for which application threads were stopped: 0.0005970 seconds, Stopping threads took: 0.0000197 seconds
72.306: [GC (Allocation Failure)  69817K->665K(411648K), 0.0005389 secs]
72.307: Total time for which application threads were stopped: 0.0006764 seconds, Stopping threads took: 0.0000253 seconds
72.355: [GC (Allocation Failure)  68761K->665K(410624K), 0.0005019 secs]
72.356: Total time for which application threads were stopped: 0.0006548 seconds, Stopping threads took: 0.0000219 seconds
72.403: [GC (Allocation Failure)  67737K->665K(409600K), 0.0004392 secs]
72.404: Total time for which application threads were stopped: 0.0005676 seconds, Stopping threads took: 0.0000283 seconds
72.445: [GC (Allocation Failure)  66713K->633K(408576K), 0.0004253 secs]
72.446: Total time for which application threads were stopped: 0.0005452 seconds, Stopping threads took: 0.0000288 seconds
72.486: [GC (Allocation Failure)  65657K->633K(407552K), 0.0006112 secs]
72.487: Total time for which application threads were stopped: 0.0007319 seconds, Stopping threads took: 0.0000247 seconds
72.531: [GC (Allocation Failure)  64633K->601K(420352K), 0.0006374 secs]
72.531: Total time for which application threads were stopped: 0.0007729 seconds, Stopping threads took: 0.0000213 seconds
72.583: [GC (Allocation Failure)  77401K->633K(435712K), 0.0005246 secs]
72.583: Total time for which application threads were stopped: 0.0006552 seconds, Stopping threads took: 0.0000280 seconds
72.644: [GC (Allocation Failure)  92793K->665K(434176K), 0.0004465 secs]
72.644: Total time for which application threads were stopped: 0.0005758 seconds, Stopping threads took: 0.0000278 seconds
72.701: [GC (Allocation Failure)  91289K->665K(432640K), 0.0005233 secs]
72.702: Total time for which application threads were stopped: 0.0006678 seconds, Stopping threads took: 0.0000296 seconds
72.757: [GC (Allocation Failure)  89753K->697K(431104K), 0.0005015 secs]
72.758: Total time for which application threads were stopped: 0.0006691 seconds, Stopping threads took: 0.0000471 seconds
72.818: [GC (Allocation Failure)  88249K->633K(429568K), 0.0004699 secs]
72.819: Total time for which application threads were stopped: 0.0006029 seconds, Stopping threads took: 0.0000274 seconds
72.873: [GC (Allocation Failure)  86649K->697K(428032K), 0.0004913 secs]
72.874: Total time for which application threads were stopped: 0.0006188 seconds, Stopping threads took: 0.0000296 seconds
72.932: [GC (Allocation Failure)  85177K->697K(426496K), 0.0005138 secs]
72.933: Total time for which application threads were stopped: 0.0006348 seconds, Stopping threads took: 0.0000204 seconds
72.985: [GC (Allocation Failure)  83641K->633K(424960K), 0.0004829 secs]
72.985: Total time for which application threads were stopped: 0.0006116 seconds, Stopping threads took: 0.0000280 seconds
73.036: [GC (Allocation Failure)  82041K->697K(423424K), 0.0006279 secs]
73.037: Total time for which application threads were stopped: 0.0007624 seconds, Stopping threads took: 0.0000298 seconds
73.092: [GC (Allocation Failure)  80569K->601K(422400K), 0.0006213 secs]
73.092: Total time for which application threads were stopped: 0.0007262 seconds, Stopping threads took: 0.0000167 seconds
73.141: [GC (Allocation Failure)  79449K->665K(421376K), 0.0004826 secs]
73.142: Total time for which application threads were stopped: 0.0006266 seconds, Stopping threads took: 0.0000195 seconds
73.190: [GC (Allocation Failure)  78489K->665K(420352K), 0.0005238 secs]
73.191: Total time for which application threads were stopped: 0.0006428 seconds, Stopping threads took: 0.0000190 seconds
73.239: [GC (Allocation Failure)  77465K->633K(419328K), 0.0006211 secs]
73.239: Total time for which application threads were stopped: 0.0007585 seconds, Stopping threads took: 0.0000212 seconds
73.287: [GC (Allocation Failure)  76409K->633K(418304K), 0.0005560 secs]
73.288: Total time for which application threads were stopped: 0.0007084 seconds, Stopping threads took: 0.0000268 seconds
73.340: [GC (Allocation Failure)  75385K->601K(417280K), 0.0004800 secs]
73.340: Total time for which application threads were stopped: 0.0006039 seconds, Stopping threads took: 0.0000204 seconds
73.391: [GC (Allocation Failure)  74329K->633K(416256K), 0.0004775 secs]
73.392: Total time for which application threads were stopped: 0.0006000 seconds, Stopping threads took: 0.0000266 seconds
73.441: [GC (Allocation Failure)  73337K->633K(415232K), 0.0007110 secs]
73.442: Total time for which application threads were stopped: 0.0008314 seconds, Stopping threads took: 0.0000196 seconds
73.487: [GC (Allocation Failure)  72313K->697K(414208K), 0.0005357 secs]
73.487: Total time for which application threads were stopped: 0.0006589 seconds, Stopping threads took: 0.0000249 seconds
73.532: [GC (Allocation Failure)  71353K->633K(413184K), 0.0004760 secs]
73.533: Total time for which application threads were stopped: 0.0006023 seconds, Stopping threads took: 0.0000271 seconds
73.580: [GC (Allocation Failure)  70265K->665K(412160K), 0.0005683 secs]
73.580: Total time for which application threads were stopped: 0.0007031 seconds, Stopping threads took: 0.0000203 seconds
73.627: [GC (Allocation Failure)  69273K->633K(411136K), 0.0005177 secs]
73.627: Total time for which application threads were stopped: 0.0006362 seconds, Stopping threads took: 0.0000201 seconds
73.670: [GC (Allocation Failure)  68217K->697K(410112K), 0.0004683 secs]
73.670: Total time for which application threads were stopped: 0.0005852 seconds, Stopping threads took: 0.0000187 seconds
73.717: [GC (Allocation Failure)  67257K->697K(409088K), 0.0004743 secs]
73.718: Total time for which application threads were stopped: 0.0006063 seconds, Stopping threads took: 0.0000274 seconds
73.762: [GC (Allocation Failure)  66233K->665K(408064K), 0.0004518 secs]
73.763: Total time for which application threads were stopped: 0.0005708 seconds, Stopping threads took: 0.0000202 seconds
73.805: [GC (Allocation Failure)  65177K->633K(407040K), 0.0005513 secs]
73.806: Total time for which application threads were stopped: 0.0006672 seconds, Stopping threads took: 0.0000168 seconds
73.846: [GC (Allocation Failure)  64121K->633K(406016K), 0.0005182 secs]
73.846: Total time for which application threads were stopped: 0.0006588 seconds, Stopping threads took: 0.0000209 seconds
73.886: [GC (Allocation Failure)  63097K->601K(418816K), 0.0006751 secs]
73.886: Total time for which application threads were stopped: 0.0008284 seconds, Stopping threads took: 0.0000287 seconds
73.940: [GC (Allocation Failure)  75865K->665K(434176K), 0.0005733 secs]
73.940: Total time for which application threads were stopped: 0.0007255 seconds, Stopping threads took: 0.0000305 seconds
73.997: [GC (Allocation Failure)  91289K->633K(452608K), 0.0005592 secs]
73.997: Total time for which application threads were stopped: 0.0007114 seconds, Stopping threads took: 0.0000222 seconds
74.071: [GC (Allocation Failure)  109689K->665K(450560K), 0.0004763 secs]
74.071: Total time for which application threads were stopped: 0.0005941 seconds, Stopping threads took: 0.0000192 seconds
74.138: [GC (Allocation Failure)  107673K->633K(448512K), 0.0005062 secs]
74.138: Total time for which application threads were stopped: 0.0006424 seconds, Stopping threads took: 0.0000210 seconds
74.204: [GC (Allocation Failure)  105593K->633K(446464K), 0.0006222 secs]
74.204: Total time for which application threads were stopped: 0.0007670 seconds, Stopping threads took: 0.0000194 seconds
74.274: [GC (Allocation Failure)  103545K->633K(444416K), 0.0004596 secs]
74.275: Total time for which application threads were stopped: 0.0005802 seconds, Stopping threads took: 0.0000257 seconds
74.338: [GC (Allocation Failure)  101497K->569K(442368K), 0.0004984 secs]
74.339: Total time for which application threads were stopped: 0.0006211 seconds, Stopping threads took: 0.0000197 seconds
74.405: [GC (Allocation Failure)  99385K->633K(440320K), 0.0004835 secs]
74.406: Total time for which application threads were stopped: 0.0006102 seconds, Stopping threads took: 0.0000213 seconds
74.466: [GC (Allocation Failure)  97401K->633K(438272K), 0.0005211 secs]
74.467: Total time for which application threads were stopped: 0.0006562 seconds, Stopping threads took: 0.0000265 seconds
74.527: [GC (Allocation Failure)  95353K->601K(436736K), 0.0004765 secs]
74.527: Total time for which application threads were stopped: 0.0006036 seconds, Stopping threads took: 0.0000271 seconds
74.585: [GC (Allocation Failure)  93785K->633K(435200K), 0.0005187 secs]
74.586: Total time for which application threads were stopped: 0.0006359 seconds, Stopping threads took: 0.0000195 seconds
74.649: [GC (Allocation Failure)  92281K->665K(433664K), 0.0004532 secs]
74.649: Total time for which application threads were stopped: 0.0005799 seconds, Stopping threads took: 0.0000277 seconds
74.706: [GC (Allocation Failure)  90777K->633K(432128K), 0.0005331 secs]
74.706: Total time for which application threads were stopped: 0.0006602 seconds, Stopping threads took: 0.0000274 seconds
74.761: [GC (Allocation Failure)  89209K->665K(430592K), 0.0004932 secs]
74.762: Total time for which application threads were stopped: 0.0006151 seconds, Stopping threads took: 0.0000199 seconds
74.817: [GC (Allocation Failure)  87705K->633K(429056K), 0.0004762 secs]
74.818: Total time for which application threads were stopped: 0.0006257 seconds, Stopping threads took: 0.0000198 seconds
74.878: [GC (Allocation Failure)  86137K->697K(427520K), 0.0007354 secs]
74.879: Total time for which application threads were stopped: 0.0008479 seconds, Stopping threads took: 0.0000169 seconds
74.932: [GC (Allocation Failure)  84665K->601K(425984K), 0.0006637 secs]
74.932: Total time for which application threads were stopped: 0.0008004 seconds, Stopping threads took: 0.0000202 seconds
74.987: [GC (Allocation Failure)  83033K->633K(424448K), 0.0005562 secs]
74.988: Total time for which application threads were stopped: 0.0007014 seconds, Stopping threads took: 0.0000252 seconds
75.043: [GC (Allocation Failure)  81529K->601K(422912K), 0.0005716 secs]
75.044: Total time for which application threads were stopped: 0.0007011 seconds, Stopping threads took: 0.0000219 seconds
75.093: [GC (Allocation Failure)  79961K->601K(421888K), 0.0005472 secs]
75.094: Total time for which application threads were stopped: 0.0006776 seconds, Stopping threads took: 0.0000285 seconds
75.143: [GC (Allocation Failure)  78937K->697K(420864K), 0.0006688 secs]
75.143: Total time for which application threads were stopped: 0.0007884 seconds, Stopping threads took: 0.0000197 seconds
75.191: [GC (Allocation Failure)  78009K->633K(419840K), 0.0005383 secs]
75.192: Total time for which application threads were stopped: 0.0006682 seconds, Stopping threads took: 0.0000198 seconds
75.240: [GC (Allocation Failure)  76921K->601K(435200K), 0.0006197 secs]
75.240: Total time for which application threads were stopped: 0.0007526 seconds, Stopping threads took: 0.0000211 seconds
75.298: [GC (Allocation Failure)  92249K->633K(433664K), 0.0005813 secs]
75.299: Total time for which application threads were stopped: 0.0007180 seconds, Stopping threads took: 0.0000266 seconds
