Java HotSpot(TM) 64-Bit Server VM (25.171-b11) for linux-amd64 JRE (1.8.0_171-b11), built on Mar 28 2018 17:07:08 by "java_re" with gcc 4.3.0 20080428 (Red Hat 4.3.0-8)
Memory: 4k page, physical 32883000k(29631248k free), swap 8000508k(8000508k free)
CommandLine flags: -XX:InitialHeapSize=526128000 -XX:MaxHeapSize=8418048000 -XX:+PrintGC -XX:+PrintGCApplicationStoppedTime -XX:+PrintGCTimeStamps -XX:+UseCompressedClassPointers -XX:+UseCompressedOops -XX:+UseParallelGC 
0.393: [GC (Allocation Failure)  129024K->2394K(493056K), 0.0017075 secs]
0.395: Total time for which application threads were stopped: 0.0019037 seconds, Stopping threads took: 0.0000333 seconds
0.485: [GC (Allocation Failure)  131418K->640K(493056K), 0.0009393 secs]
0.486: Total time for which application threads were stopped: 0.0011001 seconds, Stopping threads took: 0.0000211 seconds
0.572: [GC (Allocation Failure)  129664K->608K(493056K), 0.0008845 secs]
0.573: Total time for which application threads were stopped: 0.0010142 seconds, Stopping threads took: 0.0000219 seconds
0.657: [GC (Allocation Failure)  129632K->616K(493056K), 0.0009783 secs]
0.658: Total time for which application threads were stopped: 0.0011108 seconds, Stopping threads took: 0.0000273 seconds
0.740: [GC (Allocation Failure)  129640K->624K(470016K), 0.0009086 secs]
0.741: Total time for which application threads were stopped: 0.0010291 seconds, Stopping threads took: 0.0000264 seconds
0.821: [GC (Allocation Failure)  126576K->632K(466944K), 0.0009960 secs]
0.822: Total time for which application threads were stopped: 0.0011273 seconds, Stopping threads took: 0.0000211 seconds
0.900: [GC (Allocation Failure)  123512K->661K(463872K), 0.0010332 secs]
0.901: Total time for which application threads were stopped: 0.0011614 seconds, Stopping threads took: 0.0000222 seconds
0.979: [GC (Allocation Failure)  120981K->661K(461312K), 0.0005560 secs]
0.980: Total time for which application threads were stopped: 0.0006810 seconds, Stopping threads took: 0.0000211 seconds
1.055: [GC (Allocation Failure)  118421K->661K(460800K), 0.0004728 secs]
1.055: Total time for which application threads were stopped: 0.0006132 seconds, Stopping threads took: 0.0000300 seconds
1.128: [GC (Allocation Failure)  115861K->597K(456192K), 0.0006746 secs]
1.129: Total time for which application threads were stopped: 0.0007782 seconds, Stopping threads took: 0.0000160 seconds
1.203: [GC (Allocation Failure)  113237K->661K(455680K), 0.0004948 secs]
1.203: Total time for which application threads were stopped: 0.0006175 seconds, Stopping threads took: 0.0000273 seconds
1.271: [GC (Allocation Failure)  110741K->693K(451584K), 0.0005833 secs]
1.272: Total time for which application threads were stopped: 0.0007146 seconds, Stopping threads took: 0.0000202 seconds
1.339: [GC (Allocation Failure)  108725K->629K(451072K), 0.0006834 secs]
1.340: Total time for which application threads were stopped: 0.0008229 seconds, Stopping threads took: 0.0000219 seconds
1.405: [GC (Allocation Failure)  106613K->597K(447488K), 0.0006542 secs]
1.406: Total time for which application threads were stopped: 0.0007833 seconds, Stopping threads took: 0.0000193 seconds
1.473: [GC (Allocation Failure)  104533K->693K(446976K), 0.0004464 secs]
1.473: Total time for which application threads were stopped: 0.0005682 seconds, Stopping threads took: 0.0000205 seconds
1.541: [GC (Allocation Failure)  102581K->597K(443392K), 0.0005262 secs]
1.542: Total time for which application threads were stopped: 0.0006481 seconds, Stopping threads took: 0.0000279 seconds
1.603: [GC (Allocation Failure)  100437K->661K(442880K), 0.0007368 secs]
1.604: Total time for which application threads were stopped: 0.0008910 seconds, Stopping threads took: 0.0000259 seconds
1.664: [GC (Allocation Failure)  98453K->661K(439296K), 0.0004565 secs]
1.665: Total time for which application threads were stopped: 0.0005685 seconds, Stopping threads took: 0.0000193 seconds
1.729: [GC (Allocation Failure)  96405K->661K(438784K), 0.0004579 secs]
1.730: Total time for which application threads were stopped: 0.0005760 seconds, Stopping threads took: 0.0000199 seconds
1.794: [GC (Allocation Failure)  94869K->661K(436224K), 0.0005783 secs]
1.794: Total time for which application threads were stopped: 0.0006888 seconds, Stopping threads took: 0.0000181 seconds
1.852: [GC (Allocation Failure)  93333K->661K(435712K), 0.0005170 secs]
1.852: Total time for which application threads were stopped: 0.0006444 seconds, Stopping threads took: 0.0000276 seconds
1.913: [GC (Allocation Failure)  91797K->661K(433152K), 0.0004629 secs]
1.913: Total time for which application threads were stopped: 0.0005791 seconds, Stopping threads took: 0.0000187 seconds
1.974: [GC (Allocation Failure)  90261K->661K(432640K), 0.0004795 secs]
1.975: Total time for which application threads were stopped: 0.0006128 seconds, Stopping threads took: 0.0000181 seconds
2.034: [GC (Allocation Failure)  88725K->661K(430080K), 0.0005263 secs]
2.035: Total time for which application threads were stopped: 0.0006522 seconds, Stopping threads took: 0.0000275 seconds
2.088: [GC (Allocation Failure)  87189K->629K(429056K), 0.0004886 secs]
2.089: Total time for which application threads were stopped: 0.0006175 seconds, Stopping threads took: 0.0000217 seconds
2.146: [GC (Allocation Failure)  85621K->629K(427008K), 0.0004933 secs]
2.146: Total time for which application threads were stopped: 0.0006287 seconds, Stopping threads took: 0.0000258 seconds
2.198: [GC (Allocation Failure)  84085K->661K(425984K), 0.0004896 secs]
2.199: Total time for which application threads were stopped: 0.0006263 seconds, Stopping threads took: 0.0000214 seconds
2.254: [GC (Allocation Failure)  82581K->661K(423936K), 0.0005423 secs]
2.255: Total time for which application threads were stopped: 0.0006774 seconds, Stopping threads took: 0.0000286 seconds
2.304: [GC (Allocation Failure)  81045K->661K(422912K), 0.0005376 secs]
2.305: Total time for which application threads were stopped: 0.0006910 seconds, Stopping threads took: 0.0000299 seconds
2.359: [GC (Allocation Failure)  79509K->629K(421376K), 0.0006722 secs]
2.360: Total time for which application threads were stopped: 0.0008247 seconds, Stopping threads took: 0.0000303 seconds
2.408: [GC (Allocation Failure)  78453K->629K(420864K), 0.0005479 secs]
2.409: Total time for which application threads were stopped: 0.0006831 seconds, Stopping threads took: 0.0000303 seconds
2.462: [GC (Allocation Failure)  77429K->629K(419328K), 0.0004624 secs]
2.462: Total time for which application threads were stopped: 0.0006056 seconds, Stopping threads took: 0.0000246 seconds
2.511: [GC (Allocation Failure)  76405K->629K(418816K), 0.0004785 secs]
2.511: Total time for which application threads were stopped: 0.0005938 seconds, Stopping threads took: 0.0000201 seconds
2.562: [GC (Allocation Failure)  75381K->661K(417280K), 0.0005010 secs]
2.562: Total time for which application threads were stopped: 0.0006245 seconds, Stopping threads took: 0.0000278 seconds
2.608: [GC (Allocation Failure)  74389K->629K(416768K), 0.0005280 secs]
2.608: Total time for which application threads were stopped: 0.0006831 seconds, Stopping threads took: 0.0000204 seconds
2.659: [GC (Allocation Failure)  73333K->629K(415232K), 0.0005653 secs]
2.660: Total time for which application threads were stopped: 0.0006921 seconds, Stopping threads took: 0.0000212 seconds
2.710: [GC (Allocation Failure)  72309K->629K(414208K), 0.0005325 secs]
2.711: Total time for which application threads were stopped: 0.0006728 seconds, Stopping threads took: 0.0000224 seconds
2.755: [GC (Allocation Failure)  71285K->725K(413184K), 0.0006140 secs]
2.755: Total time for which application threads were stopped: 0.0007492 seconds, Stopping threads took: 0.0000207 seconds
2.803: [GC (Allocation Failure)  70357K->629K(412160K), 0.0005658 secs]
2.804: Total time for which application threads were stopped: 0.0006896 seconds, Stopping threads took: 0.0000287 seconds
2.850: [GC (Allocation Failure)  69237K->597K(429568K), 0.0006661 secs]
2.851: Total time for which application threads were stopped: 0.0007919 seconds, Stopping threads took: 0.0000188 seconds
2.904: [GC (Allocation Failure)  86613K->693K(428032K), 0.0005187 secs]
2.904: Total time for which application threads were stopped: 0.0006543 seconds, Stopping threads took: 0.0000209 seconds
2.960: [GC (Allocation Failure)  85173K->661K(426496K), 0.0005433 secs]
2.960: Total time for which application threads were stopped: 0.0007153 seconds, Stopping threads took: 0.0000213 seconds
3.011: [GC (Allocation Failure)  83605K->629K(424960K), 0.0006024 secs]
3.012: Total time for which application threads were stopped: 0.0007522 seconds, Stopping threads took: 0.0000227 seconds
3.063: [GC (Allocation Failure)  82037K->661K(423424K), 0.0004610 secs]
3.063: Total time for which application threads were stopped: 0.0005793 seconds, Stopping threads took: 0.0000195 seconds
3.112: [GC (Allocation Failure)  80533K->677K(422400K), 0.0004831 secs]
3.113: Total time for which application threads were stopped: 0.0006007 seconds, Stopping threads took: 0.0000199 seconds
3.162: [GC (Allocation Failure)  79525K->677K(421376K), 0.0005129 secs]
3.163: Total time for which application threads were stopped: 0.0006452 seconds, Stopping threads took: 0.0000286 seconds
3.215: [GC (Allocation Failure)  78501K->677K(420352K), 0.0004576 secs]
3.215: Total time for which application threads were stopped: 0.0005772 seconds, Stopping threads took: 0.0000199 seconds
3.263: [GC (Allocation Failure)  77477K->613K(419328K), 0.0006160 secs]
3.263: Total time for which application threads were stopped: 0.0007391 seconds, Stopping threads took: 0.0000272 seconds
3.316: [GC (Allocation Failure)  76389K->645K(418304K), 0.0004160 secs]
3.317: Total time for which application threads were stopped: 0.0005261 seconds, Stopping threads took: 0.0000241 seconds
3.363: [GC (Allocation Failure)  75397K->709K(417280K), 0.0005713 secs]
3.364: Total time for which application threads were stopped: 0.0006879 seconds, Stopping threads took: 0.0000192 seconds
3.410: [GC (Allocation Failure)  74437K->645K(416256K), 0.0004632 secs]
3.410: Total time for which application threads were stopped: 0.0005710 seconds, Stopping threads took: 0.0000270 seconds
3.460: [GC (Allocation Failure)  73349K->581K(415232K), 0.0006932 secs]
3.461: Total time for which application threads were stopped: 0.0008367 seconds, Stopping threads took: 0.0000290 seconds
3.505: [GC (Allocation Failure)  72261K->677K(430592K), 0.0006049 secs]
3.506: Total time for which application threads were stopped: 0.0007609 seconds, Stopping threads took: 0.0000216 seconds
3.560: [GC (Allocation Failure)  87717K->613K(429056K), 0.0005676 secs]
3.560: Total time for which application threads were stopped: 0.0007124 seconds, Stopping threads took: 0.0000308 seconds
3.613: [GC (Allocation Failure)  86117K->645K(427520K), 0.0005343 secs]
3.613: Total time for which application threads were stopped: 0.0006520 seconds, Stopping threads took: 0.0000197 seconds
3.665: [GC (Allocation Failure)  84613K->645K(425984K), 0.0004605 secs]
3.666: Total time for which application threads were stopped: 0.0005754 seconds, Stopping threads took: 0.0000194 seconds
3.722: [GC (Allocation Failure)  83077K->709K(424448K), 0.0005074 secs]
3.723: Total time for which application threads were stopped: 0.0006556 seconds, Stopping threads took: 0.0000278 seconds
3.773: [GC (Allocation Failure)  81605K->613K(422912K), 0.0004823 secs]
3.773: Total time for which application threads were stopped: 0.0006045 seconds, Stopping threads took: 0.0000207 seconds
3.822: [GC (Allocation Failure)  79973K->613K(421888K), 0.0005225 secs]
3.823: Total time for which application threads were stopped: 0.0006434 seconds, Stopping threads took: 0.0000265 seconds
3.876: [GC (Allocation Failure)  78949K->645K(420864K), 0.0006972 secs]
3.877: Total time for which application threads were stopped: 0.0008089 seconds, Stopping threads took: 0.0000192 seconds
3.926: [GC (Allocation Failure)  77957K->645K(419840K), 0.0004386 secs]
3.926: Total time for which application threads were stopped: 0.0005594 seconds, Stopping threads took: 0.0000252 seconds
3.974: [GC (Allocation Failure)  76933K->677K(435200K), 0.0007450 secs]
3.975: Total time for which application threads were stopped: 0.0008597 seconds, Stopping threads took: 0.0000191 seconds
4.031: [GC (Allocation Failure)  92325K->677K(433664K), 0.0006142 secs]
4.032: Total time for which application threads were stopped: 0.0007408 seconds, Stopping threads took: 0.0000266 seconds
4.054: Total time for which application threads were stopped: 0.0001263 seconds, Stopping threads took: 0.0000579 seconds
4.088: [GC (Allocation Failure)  90789K->677K(432128K), 0.0004888 secs]
4.088: Total time for which application threads were stopped: 0.0006146 seconds, Stopping threads took: 0.0000275 seconds
4.143: [GC (Allocation Failure)  89253K->677K(430592K), 0.0004579 secs]
4.144: Total time for which application threads were stopped: 0.0005653 seconds, Stopping threads took: 0.0000170 seconds
4.198: [GC (Allocation Failure)  87717K->677K(429056K), 0.0005637 secs]
4.199: Total time for which application threads were stopped: 0.0006838 seconds, Stopping threads took: 0.0000280 seconds
4.251: [GC (Allocation Failure)  86181K->613K(427520K), 0.0004789 secs]
4.252: Total time for which application threads were stopped: 0.0005992 seconds, Stopping threads took: 0.0000199 seconds
4.304: [GC (Allocation Failure)  84581K->645K(425984K), 0.0004722 secs]
4.304: Total time for which application threads were stopped: 0.0006269 seconds, Stopping threads took: 0.0000355 seconds
4.355: [GC (Allocation Failure)  83077K->645K(424448K), 0.0005312 secs]
4.356: Total time for which application threads were stopped: 0.0006550 seconds, Stopping threads took: 0.0000272 seconds
4.408: [GC (Allocation Failure)  81541K->645K(422912K), 0.0005290 secs]
4.408: Total time for which application threads were stopped: 0.0006514 seconds, Stopping threads took: 0.0000257 seconds
4.463: [GC (Allocation Failure)  80005K->645K(421888K), 0.0004696 secs]
4.463: Total time for which application threads were stopped: 0.0006086 seconds, Stopping threads took: 0.0000261 seconds
4.518: [GC (Allocation Failure)  78981K->709K(420864K), 0.0006480 secs]
4.518: Total time for which application threads were stopped: 0.0007825 seconds, Stopping threads took: 0.0000214 seconds
4.566: [GC (Allocation Failure)  78021K->677K(419840K), 0.0006178 secs]
4.567: Total time for which application threads were stopped: 0.0007446 seconds, Stopping threads took: 0.0000212 seconds
4.614: [GC (Allocation Failure)  76965K->677K(418816K), 0.0005909 secs]
4.615: Total time for which application threads were stopped: 0.0007070 seconds, Stopping threads took: 0.0000201 seconds
4.661: [GC (Allocation Failure)  75941K->709K(417792K), 0.0005036 secs]
4.662: Total time for which application threads were stopped: 0.0006389 seconds, Stopping threads took: 0.0000280 seconds
4.713: [GC (Allocation Failure)  74949K->677K(432640K), 0.0006856 secs]
4.713: Total time for which application threads were stopped: 0.0008103 seconds, Stopping threads took: 0.0000270 seconds
4.769: [GC (Allocation Failure)  89765K->645K(431104K), 0.0005146 secs]
4.769: Total time for which application threads were stopped: 0.0006618 seconds, Stopping threads took: 0.0000218 seconds
4.829: [GC (Allocation Failure)  88197K->613K(429568K), 0.0006856 secs]
4.830: Total time for which application threads were stopped: 0.0008385 seconds, Stopping threads took: 0.0000301 seconds
4.886: [GC (Allocation Failure)  86629K->709K(428032K), 0.0005290 secs]
4.887: Total time for which application threads were stopped: 0.0006976 seconds, Stopping threads took: 0.0000229 seconds
4.939: [GC (Allocation Failure)  85189K->645K(426496K), 0.0004904 secs]
4.940: Total time for which application threads were stopped: 0.0006454 seconds, Stopping threads took: 0.0000277 seconds
4.991: [GC (Allocation Failure)  83589K->677K(424960K), 0.0005095 secs]
4.991: Total time for which application threads were stopped: 0.0006586 seconds, Stopping threads took: 0.0000268 seconds
5.042: [GC (Allocation Failure)  82085K->613K(423424K), 0.0006695 secs]
5.043: Total time for which application threads were stopped: 0.0008485 seconds, Stopping threads took: 0.0000299 seconds
5.092: [GC (Allocation Failure)  80485K->677K(422400K), 0.0005717 secs]
5.092: Total time for which application threads were stopped: 0.0007039 seconds, Stopping threads took: 0.0000217 seconds
5.142: [GC (Allocation Failure)  79525K->613K(421376K), 0.0006217 secs]
5.143: Total time for which application threads were stopped: 0.0007312 seconds, Stopping threads took: 0.0000260 seconds
5.194: [GC (Allocation Failure)  78437K->677K(420352K), 0.0004650 secs]
5.195: Total time for which application threads were stopped: 0.0006054 seconds, Stopping threads took: 0.0000211 seconds
5.242: [GC (Allocation Failure)  77477K->645K(419328K), 0.0004877 secs]
5.243: Total time for which application threads were stopped: 0.0006059 seconds, Stopping threads took: 0.0000194 seconds
5.294: [GC (Allocation Failure)  76421K->645K(418304K), 0.0004960 secs]
5.295: Total time for which application threads were stopped: 0.0006338 seconds, Stopping threads took: 0.0000210 seconds
5.341: [GC (Allocation Failure)  75397K->709K(417280K), 0.0005091 secs]
5.342: Total time for which application threads were stopped: 0.0006377 seconds, Stopping threads took: 0.0000192 seconds
5.393: [GC (Allocation Failure)  74437K->645K(416256K), 0.0005709 secs]
5.393: Total time for which application threads were stopped: 0.0006960 seconds, Stopping threads took: 0.0000201 seconds
5.439: [GC (Allocation Failure)  73349K->741K(415232K), 0.0005044 secs]
5.439: Total time for which application threads were stopped: 0.0006522 seconds, Stopping threads took: 0.0000273 seconds
5.486: [GC (Allocation Failure)  72421K->677K(414208K), 0.0004818 secs]
5.487: Total time for which application threads were stopped: 0.0006002 seconds, Stopping threads took: 0.0000194 seconds
5.531: [GC (Allocation Failure)  71333K->677K(413184K), 0.0005160 secs]
5.531: Total time for which application threads were stopped: 0.0006331 seconds, Stopping threads took: 0.0000191 seconds
5.580: [GC (Allocation Failure)  70309K->677K(412160K), 0.0005196 secs]
5.581: Total time for which application threads were stopped: 0.0006502 seconds, Stopping threads took: 0.0000208 seconds
5.623: [GC (Allocation Failure)  69285K->677K(411136K), 0.0005365 secs]
5.624: Total time for which application threads were stopped: 0.0006780 seconds, Stopping threads took: 0.0000217 seconds
5.673: [GC (Allocation Failure)  68261K->645K(410112K), 0.0004911 secs]
5.673: Total time for which application threads were stopped: 0.0006288 seconds, Stopping threads took: 0.0000301 seconds
5.715: [GC (Allocation Failure)  67205K->645K(409088K), 0.0004725 secs]
5.715: Total time for which application threads were stopped: 0.0005979 seconds, Stopping threads took: 0.0000191 seconds
5.756: [GC (Allocation Failure)  66181K->709K(408064K), 0.0005008 secs]
5.757: Total time for which application threads were stopped: 0.0006453 seconds, Stopping threads took: 0.0000295 seconds
5.802: [GC (Allocation Failure)  65221K->645K(407040K), 0.0004341 secs]
5.803: Total time for which application threads were stopped: 0.0005583 seconds, Stopping threads took: 0.0000166 seconds
5.843: [GC (Allocation Failure)  64133K->709K(406016K), 0.0004729 secs]
5.843: Total time for which application threads were stopped: 0.0006018 seconds, Stopping threads took: 0.0000280 seconds
5.887: [GC (Allocation Failure)  63173K->677K(405504K), 0.0004638 secs]
5.887: Total time for which application threads were stopped: 0.0005942 seconds, Stopping threads took: 0.0000277 seconds
5.926: [GC (Allocation Failure)  62629K->645K(404992K), 0.0004876 secs]
5.927: Total time for which application threads were stopped: 0.0006280 seconds, Stopping threads took: 0.0000204 seconds
5.972: [GC (Allocation Failure)  62085K->709K(404480K), 0.0005003 secs]
5.972: Total time for which application threads were stopped: 0.0006390 seconds, Stopping threads took: 0.0000213 seconds
6.011: [GC (Allocation Failure)  61637K->645K(403968K), 0.0005271 secs]
6.012: Total time for which application threads were stopped: 0.0006663 seconds, Stopping threads took: 0.0000212 seconds
6.054: [GC (Allocation Failure)  61061K->677K(416256K), 0.0006067 secs]
6.055: Total time for which application threads were stopped: 0.0007627 seconds, Stopping threads took: 0.0000297 seconds
6.101: [GC (Allocation Failure)  73381K->709K(415232K), 0.0004982 secs]
6.101: Total time for which application threads were stopped: 0.0006434 seconds, Stopping threads took: 0.0000303 seconds
6.148: [GC (Allocation Failure)  72389K->677K(414208K), 0.0004909 secs]
6.148: Total time for which application threads were stopped: 0.0012283 seconds, Stopping threads took: 0.0000173 seconds
6.192: [GC (Allocation Failure)  71333K->677K(413184K), 0.0004592 secs]
6.193: Total time for which application threads were stopped: 0.0005755 seconds, Stopping threads took: 0.0000198 seconds
6.236: [GC (Allocation Failure)  70309K->677K(412160K), 0.0005165 secs]
6.236: Total time for which application threads were stopped: 0.0006386 seconds, Stopping threads took: 0.0000195 seconds
6.279: [GC (Allocation Failure)  69285K->741K(411136K), 0.0004985 secs]
6.279: Total time for which application threads were stopped: 0.0006222 seconds, Stopping threads took: 0.0000207 seconds
6.327: [GC (Allocation Failure)  68325K->709K(410112K), 0.0005943 secs]
6.328: Total time for which application threads were stopped: 0.0007250 seconds, Stopping threads took: 0.0000201 seconds
6.370: [GC (Allocation Failure)  67269K->677K(423424K), 0.0005505 secs]
6.370: Total time for which application threads were stopped: 0.0006787 seconds, Stopping threads took: 0.0000205 seconds
6.420: [GC (Allocation Failure)  80549K->645K(422400K), 0.0004031 secs]
6.421: Total time for which application threads were stopped: 0.0005291 seconds, Stopping threads took: 0.0000196 seconds
6.472: [GC (Allocation Failure)  79493K->645K(421376K), 0.0005699 secs]
6.473: Total time for which application threads were stopped: 0.0007050 seconds, Stopping threads took: 0.0000196 seconds
6.521: [GC (Allocation Failure)  78469K->741K(420352K), 0.0005178 secs]
6.522: Total time for which application threads were stopped: 0.0006718 seconds, Stopping threads took: 0.0000289 seconds
6.570: [GC (Allocation Failure)  77541K->645K(419328K), 0.0005272 secs]
6.571: Total time for which application threads were stopped: 0.0006781 seconds, Stopping threads took: 0.0000229 seconds
6.618: [GC (Allocation Failure)  76421K->709K(418304K), 0.0006361 secs]
6.619: Total time for which application threads were stopped: 0.0007562 seconds, Stopping threads took: 0.0000199 seconds
6.669: [GC (Allocation Failure)  75461K->709K(433664K), 0.0006442 secs]
6.670: Total time for which application threads were stopped: 0.0007556 seconds, Stopping threads took: 0.0000185 seconds
6.732: [GC (Allocation Failure)  90821K->677K(432128K), 0.0004994 secs]
6.733: Total time for which application threads were stopped: 0.0006428 seconds, Stopping threads took: 0.0000219 seconds
6.788: [GC (Allocation Failure)  89253K->677K(430592K), 0.0005470 secs]
6.788: Total time for which application threads were stopped: 0.0006935 seconds, Stopping threads took: 0.0000307 seconds
6.842: [GC (Allocation Failure)  87717K->677K(429056K), 0.0005941 secs]
6.843: Total time for which application threads were stopped: 0.0007133 seconds, Stopping threads took: 0.0000192 seconds
6.896: [GC (Allocation Failure)  86181K->645K(427520K), 0.0005012 secs]
6.896: Total time for which application threads were stopped: 0.0006319 seconds, Stopping threads took: 0.0000277 seconds
6.957: [GC (Allocation Failure)  84613K->645K(425984K), 0.0004344 secs]
6.957: Total time for which application threads were stopped: 0.0005768 seconds, Stopping threads took: 0.0000258 seconds
7.009: [GC (Allocation Failure)  83077K->677K(424448K), 0.0004374 secs]
7.009: Total time for which application threads were stopped: 0.0005613 seconds, Stopping threads took: 0.0000203 seconds
7.065: [GC (Allocation Failure)  81573K->645K(422912K), 0.0005043 secs]
7.066: Total time for which application threads were stopped: 0.0006532 seconds, Stopping threads took: 0.0000285 seconds
7.115: [GC (Allocation Failure)  80005K->709K(421888K), 0.0005189 secs]
7.115: Total time for which application threads were stopped: 0.0006658 seconds, Stopping threads took: 0.0000212 seconds
7.165: [GC (Allocation Failure)  79045K->709K(420864K), 0.0006601 secs]
7.165: Total time for which application threads were stopped: 0.0007792 seconds, Stopping threads took: 0.0000196 seconds
7.216: [GC (Allocation Failure)  78021K->645K(419840K), 0.0004945 secs]
7.217: Total time for which application threads were stopped: 0.0006258 seconds, Stopping threads took: 0.0000272 seconds
7.264: [GC (Allocation Failure)  76933K->613K(435200K), 0.0007506 secs]
7.265: Total time for which application threads were stopped: 0.0008986 seconds, Stopping threads took: 0.0000288 seconds
7.322: [GC (Allocation Failure)  92261K->677K(433664K), 0.0004637 secs]
7.322: Total time for which application threads were stopped: 0.0005955 seconds, Stopping threads took: 0.0000227 seconds
7.383: [GC (Allocation Failure)  90789K->709K(432128K), 0.0006205 secs]
7.384: Total time for which application threads were stopped: 0.0007622 seconds, Stopping threads took: 0.0000277 seconds
7.439: [GC (Allocation Failure)  89285K->645K(430592K), 0.0004766 secs]
7.439: Total time for which application threads were stopped: 0.0006149 seconds, Stopping threads took: 0.0000261 seconds
7.497: [GC (Allocation Failure)  87685K->677K(429056K), 0.0005707 secs]
7.498: Total time for which application threads were stopped: 0.0007092 seconds, Stopping threads took: 0.0000261 seconds
7.550: [GC (Allocation Failure)  86181K->677K(427520K), 0.0005016 secs]
7.551: Total time for which application threads were stopped: 0.0006372 seconds, Stopping threads took: 0.0000213 seconds
7.608: [GC (Allocation Failure)  84645K->709K(425984K), 0.0006474 secs]
7.608: Total time for which application threads were stopped: 0.0007907 seconds, Stopping threads took: 0.0000206 seconds
7.666: [GC (Allocation Failure)  83141K->677K(424448K), 0.0006214 secs]
7.667: Total time for which application threads were stopped: 0.0007648 seconds, Stopping threads took: 0.0000294 seconds
7.716: [GC (Allocation Failure)  81573K->677K(422912K), 0.0005871 secs]
7.717: Total time for which application threads were stopped: 0.0007237 seconds, Stopping threads took: 0.0000216 seconds
7.766: [GC (Allocation Failure)  80037K->645K(421888K), 0.0005266 secs]
7.767: Total time for which application threads were stopped: 0.0006792 seconds, Stopping threads took: 0.0000295 seconds
7.815: [GC (Allocation Failure)  78981K->613K(420864K), 0.0006224 secs]
7.815: Total time for which application threads were stopped: 0.0007635 seconds, Stopping threads took: 0.0000276 seconds
7.863: [GC (Allocation Failure)  77925K->709K(419840K), 0.0004923 secs]
7.864: Total time for which application threads were stopped: 0.0006289 seconds, Stopping threads took: 0.0000294 seconds
7.911: [GC (Allocation Failure)  76997K->677K(418816K), 0.0005167 secs]
7.911: Total time for which application threads were stopped: 0.0006427 seconds, Stopping threads took: 0.0000277 seconds
7.959: [GC (Allocation Failure)  75941K->709K(417792K), 0.0004785 secs]
7.960: Total time for which application threads were stopped: 0.0006101 seconds, Stopping threads took: 0.0000282 seconds
8.010: [GC (Allocation Failure)  74949K->645K(416768K), 0.0004660 secs]
8.010: Total time for which application threads were stopped: 0.0005734 seconds, Stopping threads took: 0.0000167 seconds
8.059: [GC (Allocation Failure)  73861K->677K(415744K), 0.0004821 secs]
8.059: Total time for which application threads were stopped: 0.0006081 seconds, Stopping threads took: 0.0000272 seconds
8.104: [GC (Allocation Failure)  72869K->613K(414720K), 0.0006047 secs]
8.104: Total time for which application threads were stopped: 0.0007403 seconds, Stopping threads took: 0.0000266 seconds
8.155: [GC (Allocation Failure)  71781K->677K(413696K), 0.0005004 secs]
8.155: Total time for which application threads were stopped: 0.0006155 seconds, Stopping threads took: 0.0000184 seconds
8.199: [GC (Allocation Failure)  70821K->677K(412672K), 0.0005192 secs]
8.200: Total time for which application threads were stopped: 0.0006318 seconds, Stopping threads took: 0.0000197 seconds
8.242: [GC (Allocation Failure)  69797K->709K(411648K), 0.0005240 secs]
8.243: Total time for which application threads were stopped: 0.0006412 seconds, Stopping threads took: 0.0000196 seconds
8.285: [GC (Allocation Failure)  68805K->677K(410624K), 0.0004749 secs]
8.286: Total time for which application threads were stopped: 0.0006051 seconds, Stopping threads took: 0.0000182 seconds
8.333: [GC (Allocation Failure)  67749K->677K(409600K), 0.0005155 secs]
8.333: Total time for which application threads were stopped: 0.0006485 seconds, Stopping threads took: 0.0000197 seconds
8.380: [GC (Allocation Failure)  66725K->677K(408576K), 0.0004737 secs]
8.380: Total time for which application threads were stopped: 0.0006110 seconds, Stopping threads took: 0.0000210 seconds
8.421: [GC (Allocation Failure)  65701K->645K(407552K), 0.0004217 secs]
8.421: Total time for which application threads were stopped: 0.0005516 seconds, Stopping threads took: 0.0000287 seconds
8.466: [GC (Allocation Failure)  64645K->741K(406528K), 0.0006534 secs]
8.467: Total time for which application threads were stopped: 0.0007940 seconds, Stopping threads took: 0.0000294 seconds
8.511: [GC (Allocation Failure)  63717K->677K(405504K), 0.0004466 secs]
8.511: Total time for which application threads were stopped: 0.0005698 seconds, Stopping threads took: 0.0000208 seconds
8.553: [GC (Allocation Failure)  62629K->709K(418304K), 0.0006105 secs]
8.554: Total time for which application threads were stopped: 0.0007393 seconds, Stopping threads took: 0.0000197 seconds
8.600: [GC (Allocation Failure)  75461K->677K(433664K), 0.0005348 secs]
8.601: Total time for which application threads were stopped: 0.0006802 seconds, Stopping threads took: 0.0000229 seconds
8.657: [GC (Allocation Failure)  90789K->645K(432128K), 0.0004794 secs]
8.658: Total time for which application threads were stopped: 0.0005983 seconds, Stopping threads took: 0.0000193 seconds
8.718: [GC (Allocation Failure)  89221K->741K(430592K), 0.0005186 secs]
8.718: Total time for which application threads were stopped: 0.0006488 seconds, Stopping threads took: 0.0000215 seconds
8.772: [GC (Allocation Failure)  87781K->677K(429056K), 0.0004703 secs]
8.773: Total time for which application threads were stopped: 0.0006031 seconds, Stopping threads took: 0.0000200 seconds
8.826: [GC (Allocation Failure)  86181K->709K(427520K), 0.0005727 secs]
8.826: Total time for which application threads were stopped: 0.0007150 seconds, Stopping threads took: 0.0000275 seconds
8.880: [GC (Allocation Failure)  84677K->645K(425984K), 0.0005811 secs]
8.881: Total time for which application threads were stopped: 0.0007239 seconds, Stopping threads took: 0.0000293 seconds
8.938: [GC (Allocation Failure)  83077K->677K(424448K), 0.0005235 secs]
8.939: Total time for which application threads were stopped: 0.0006644 seconds, Stopping threads took: 0.0000254 seconds
8.989: [GC (Allocation Failure)  81573K->645K(422912K), 0.0004530 secs]
8.990: Total time for which application threads were stopped: 0.0005917 seconds, Stopping threads took: 0.0000218 seconds
9.040: [GC (Allocation Failure)  80005K->581K(421888K), 0.0006506 secs]
9.040: Total time for which application threads were stopped: 0.0007918 seconds, Stopping threads took: 0.0000332 seconds
9.095: [GC (Allocation Failure)  78917K->709K(420864K), 0.0005171 secs]
9.095: Total time for which application threads were stopped: 0.0006443 seconds, Stopping threads took: 0.0000219 seconds
9.151: [GC (Allocation Failure)  78021K->645K(419840K), 0.0004398 secs]
9.152: Total time for which application threads were stopped: 0.0005482 seconds, Stopping threads took: 0.0000164 seconds
9.199: [GC (Allocation Failure)  76933K->709K(418816K), 0.0004759 secs]
9.199: Total time for which application threads were stopped: 0.0005971 seconds, Stopping threads took: 0.0000207 seconds
9.246: [GC (Allocation Failure)  75973K->645K(417792K), 0.0005356 secs]
9.246: Total time for which application threads were stopped: 0.0006728 seconds, Stopping threads took: 0.0000203 seconds
9.298: [GC (Allocation Failure)  74885K->709K(416768K), 0.0005189 secs]
9.299: Total time for which application threads were stopped: 0.0006561 seconds, Stopping threads took: 0.0000217 seconds
9.344: [GC (Allocation Failure)  73925K->645K(415744K), 0.0004739 secs]
9.345: Total time for which application threads were stopped: 0.0005912 seconds, Stopping threads took: 0.0000195 seconds
9.395: [GC (Allocation Failure)  72837K->709K(414720K), 0.0005063 secs]
9.396: Total time for which application threads were stopped: 0.0006330 seconds, Stopping threads took: 0.0000213 seconds
9.440: [GC (Allocation Failure)  71877K->709K(413696K), 0.0005205 secs]
9.441: Total time for which application threads were stopped: 0.0006534 seconds, Stopping threads took: 0.0000277 seconds
9.484: [GC (Allocation Failure)  70853K->613K(412672K), 0.0004810 secs]
9.485: Total time for which application threads were stopped: 0.0006195 seconds, Stopping threads took: 0.0000243 seconds
9.531: [GC (Allocation Failure)  69733K->709K(411648K), 0.0005737 secs]
9.532: Total time for which application threads were stopped: 0.0006990 seconds, Stopping threads took: 0.0000191 seconds
9.574: [GC (Allocation Failure)  68805K->613K(410624K), 0.0005298 secs]
9.575: Total time for which application threads were stopped: 0.0006687 seconds, Stopping threads took: 0.0000189 seconds
9.621: [GC (Allocation Failure)  67685K->677K(424448K), 0.0005918 secs]
9.621: Total time for which application threads were stopped: 0.0007304 seconds, Stopping threads took: 0.0000217 seconds
9.671: [GC (Allocation Failure)  81573K->645K(422912K), 0.0005445 secs]
9.672: Total time for which application threads were stopped: 0.0006780 seconds, Stopping threads took: 0.0000277 seconds
9.727: [GC (Allocation Failure)  80005K->645K(438784K), 0.0007073 secs]
9.728: Total time for which application threads were stopped: 0.0008600 seconds, Stopping threads took: 0.0000299 seconds
9.787: [GC (Allocation Failure)  95877K->677K(437248K), 0.0005435 secs]
9.787: Total time for which application threads were stopped: 0.0006719 seconds, Stopping threads took: 0.0000268 seconds
9.845: [GC (Allocation Failure)  94373K->709K(435712K), 0.0004922 secs]
9.846: Total time for which application threads were stopped: 0.0006230 seconds, Stopping threads took: 0.0000193 seconds
9.902: [GC (Allocation Failure)  92869K->677K(434176K), 0.0006562 secs]
9.903: Total time for which application threads were stopped: 0.0008030 seconds, Stopping threads took: 0.0000213 seconds
9.965: [GC (Allocation Failure)  91301K->645K(432640K), 0.0006314 secs]
9.965: Total time for which application threads were stopped: 0.0007688 seconds, Stopping threads took: 0.0000200 seconds
10.023: [GC (Allocation Failure)  89733K->677K(431104K), 0.0004923 secs]
10.024: Total time for which application threads were stopped: 0.0006195 seconds, Stopping threads took: 0.0000276 seconds
10.078: [GC (Allocation Failure)  88229K->645K(429568K), 0.0004937 secs]
10.078: Total time for which application threads were stopped: 0.0006124 seconds, Stopping threads took: 0.0000192 seconds
10.135: [GC (Allocation Failure)  86661K->677K(428032K), 0.0004865 secs]
10.136: Total time for which application threads were stopped: 0.0006146 seconds, Stopping threads took: 0.0000251 seconds
10.190: [GC (Allocation Failure)  85157K->677K(426496K), 0.0005108 secs]
10.191: Total time for which application threads were stopped: 0.0006247 seconds, Stopping threads took: 0.0000266 seconds
10.242: [GC (Allocation Failure)  83621K->645K(424960K), 0.0004964 secs]
10.243: Total time for which application threads were stopped: 0.0006351 seconds, Stopping threads took: 0.0000207 seconds
10.293: [GC (Allocation Failure)  82053K->677K(423424K), 0.0006009 secs]
10.294: Total time for which application threads were stopped: 0.0007449 seconds, Stopping threads took: 0.0000218 seconds
10.343: [GC (Allocation Failure)  80549K->677K(422400K), 0.0006358 secs]
10.344: Total time for which application threads were stopped: 0.0008078 seconds, Stopping threads took: 0.0000215 seconds
10.392: [GC (Allocation Failure)  79525K->677K(421376K), 0.0006097 secs]
10.393: Total time for which application threads were stopped: 0.0007435 seconds, Stopping threads took: 0.0000210 seconds
10.441: [GC (Allocation Failure)  78501K->613K(420352K), 0.0004712 secs]
10.442: Total time for which application threads were stopped: 0.0006071 seconds, Stopping threads took: 0.0000200 seconds
10.495: [GC (Allocation Failure)  77413K->645K(419328K), 0.0004209 secs]
10.495: Total time for which application threads were stopped: 0.0005285 seconds, Stopping threads took: 0.0000169 seconds
10.542: [GC (Allocation Failure)  76421K->581K(418304K), 0.0006224 secs]
10.543: Total time for which application threads were stopped: 0.0007553 seconds, Stopping threads took: 0.0000277 seconds
10.594: [GC (Allocation Failure)  75333K->677K(417280K), 0.0005308 secs]
10.594: Total time for which application threads were stopped: 0.0006525 seconds, Stopping threads took: 0.0000201 seconds
10.640: [GC (Allocation Failure)  74405K->645K(432128K), 0.0006571 secs]
10.640: Total time for which application threads were stopped: 0.0007899 seconds, Stopping threads took: 0.0000193 seconds
10.695: [GC (Allocation Failure)  89221K->613K(430592K), 0.0005943 secs]
10.695: Total time for which application threads were stopped: 0.0007366 seconds, Stopping threads took: 0.0000269 seconds
10.749: [GC (Allocation Failure)  87653K->645K(429056K), 0.0004798 secs]
10.750: Total time for which application threads were stopped: 0.0006248 seconds, Stopping threads took: 0.0000219 seconds
10.802: [GC (Allocation Failure)  86149K->677K(427520K), 0.0005064 secs]
10.803: Total time for which application threads were stopped: 0.0006438 seconds, Stopping threads took: 0.0000214 seconds
10.854: [GC (Allocation Failure)  84645K->645K(425984K), 0.0005113 secs]
10.855: Total time for which application threads were stopped: 0.0006643 seconds, Stopping threads took: 0.0000296 seconds
10.910: [GC (Allocation Failure)  83077K->645K(424448K), 0.0006050 secs]
10.911: Total time for which application threads were stopped: 0.0007567 seconds, Stopping threads took: 0.0000215 seconds
10.965: [GC (Allocation Failure)  81541K->645K(422912K), 0.0005128 secs]
10.965: Total time for which application threads were stopped: 0.0006341 seconds, Stopping threads took: 0.0000252 seconds
11.018: [GC (Allocation Failure)  80005K->645K(421888K), 0.0005535 secs]
11.018: Total time for which application threads were stopped: 0.0007166 seconds, Stopping threads took: 0.0000308 seconds
11.071: [GC (Allocation Failure)  78981K->645K(420864K), 0.0005960 secs]
11.072: Total time for which application threads were stopped: 0.0007474 seconds, Stopping threads took: 0.0000301 seconds
11.126: [GC (Allocation Failure)  77957K->613K(419840K), 0.0004963 secs]
11.127: Total time for which application threads were stopped: 0.0006368 seconds, Stopping threads took: 0.0000239 seconds
11.176: [GC (Allocation Failure)  76901K->709K(418816K), 0.0004600 secs]
11.177: Total time for which application threads were stopped: 0.0005695 seconds, Stopping threads took: 0.0000169 seconds
11.223: [GC (Allocation Failure)  75973K->645K(417792K), 0.0004171 secs]
11.224: Total time for which application threads were stopped: 0.0005232 seconds, Stopping threads took: 0.0000171 seconds
11.269: [GC (Allocation Failure)  74885K->613K(416768K), 0.0005792 secs]
11.270: Total time for which application threads were stopped: 0.0006880 seconds, Stopping threads took: 0.0000168 seconds
11.315: [GC (Allocation Failure)  73829K->741K(415744K), 0.0004958 secs]
11.316: Total time for which application threads were stopped: 0.0006224 seconds, Stopping threads took: 0.0000194 seconds
11.360: [GC (Allocation Failure)  72933K->645K(414720K), 0.0004936 secs]
11.361: Total time for which application threads were stopped: 0.0006193 seconds, Stopping threads took: 0.0000209 seconds
11.405: [GC (Allocation Failure)  71813K->677K(413696K), 0.0006353 secs]
11.405: Total time for which application threads were stopped: 0.0007733 seconds, Stopping threads took: 0.0000273 seconds
11.456: [GC (Allocation Failure)  70821K->645K(412672K), 0.0004656 secs]
11.457: Total time for which application threads were stopped: 0.0006030 seconds, Stopping threads took: 0.0000217 seconds
11.500: [GC (Allocation Failure)  69765K->677K(426496K), 0.0006659 secs]
11.500: Total time for which application threads were stopped: 0.0008136 seconds, Stopping threads took: 0.0000248 seconds
11.551: [GC (Allocation Failure)  83621K->613K(424960K), 0.0005117 secs]
11.552: Total time for which application threads were stopped: 0.0006489 seconds, Stopping threads took: 0.0000219 seconds
11.609: [GC (Allocation Failure)  82021K->709K(423424K), 0.0003917 secs]
11.609: Total time for which application threads were stopped: 0.0004890 seconds, Stopping threads took: 0.0000176 seconds
11.659: [GC (Allocation Failure)  80581K->645K(422400K), 0.0004471 secs]
11.659: Total time for which application threads were stopped: 0.0005667 seconds, Stopping threads took: 0.0000161 seconds
11.708: [GC (Allocation Failure)  79493K->645K(421376K), 0.0005320 secs]
11.708: Total time for which application threads were stopped: 0.0007174 seconds, Stopping threads took: 0.0000551 seconds
11.760: [GC (Allocation Failure)  78469K->677K(420352K), 0.0004967 secs]
11.760: Total time for which application threads were stopped: 0.0006318 seconds, Stopping threads took: 0.0000291 seconds
11.807: [GC (Allocation Failure)  77477K->709K(419328K), 0.0006473 secs]
11.808: Total time for which application threads were stopped: 0.0007908 seconds, Stopping threads took: 0.0000270 seconds
11.855: [GC (Allocation Failure)  76485K->709K(418304K), 0.0005055 secs]
11.855: Total time for which application threads were stopped: 0.0006540 seconds, Stopping threads took: 0.0000304 seconds
11.901: [GC (Allocation Failure)  75461K->645K(417280K), 0.0005474 secs]
11.902: Total time for which application threads were stopped: 0.0007022 seconds, Stopping threads took: 0.0000232 seconds
11.954: [GC (Allocation Failure)  74373K->645K(416256K), 0.0003655 secs]
11.954: Total time for which application threads were stopped: 0.0004801 seconds, Stopping threads took: 0.0000259 seconds
12.001: [GC (Allocation Failure)  73349K->709K(415232K), 0.0004799 secs]
12.002: Total time for which application threads were stopped: 0.0006027 seconds, Stopping threads took: 0.0000169 seconds
12.046: [GC (Allocation Failure)  72389K->677K(414208K), 0.0004957 secs]
12.047: Total time for which application threads were stopped: 0.0006234 seconds, Stopping threads took: 0.0000274 seconds
12.091: [GC (Allocation Failure)  71333K->645K(413184K), 0.0004797 secs]
12.091: Total time for which application threads were stopped: 0.0005992 seconds, Stopping threads took: 0.0000194 seconds
12.135: [GC (Allocation Failure)  70277K->645K(412160K), 0.0005036 secs]
12.136: Total time for which application threads were stopped: 0.0006207 seconds, Stopping threads took: 0.0000257 seconds
12.181: [GC (Allocation Failure)  69253K->613K(411136K), 0.0006329 secs]
12.182: Total time for which application threads were stopped: 0.0007742 seconds, Stopping threads took: 0.0000208 seconds
12.224: [GC (Allocation Failure)  68197K->709K(410112K), 0.0004815 secs]
12.225: Total time for which application threads were stopped: 0.0006109 seconds, Stopping threads took: 0.0000278 seconds
12.266: [GC (Allocation Failure)  67269K->645K(409088K), 0.0004583 secs]
12.266: Total time for which application threads were stopped: 0.0005860 seconds, Stopping threads took: 0.0000208 seconds
12.307: [GC (Allocation Failure)  66181K->613K(408064K), 0.0005334 secs]
12.307: Total time for which application threads were stopped: 0.0006801 seconds, Stopping threads took: 0.0000268 seconds
12.351: [GC (Allocation Failure)  65125K->709K(421376K), 0.0005450 secs]
12.352: Total time for which application threads were stopped: 0.0006883 seconds, Stopping threads took: 0.0000219 seconds
12.400: [GC (Allocation Failure)  78533K->677K(437248K), 0.0006913 secs]
12.401: Total time for which application threads were stopped: 0.0008336 seconds, Stopping threads took: 0.0000221 seconds
12.467: [GC (Allocation Failure)  94373K->645K(435712K), 0.0004593 secs]
12.468: Total time for which application threads were stopped: 0.0005972 seconds, Stopping threads took: 0.0000262 seconds
12.524: [GC (Allocation Failure)  92805K->645K(434176K), 0.0005475 secs]
12.525: Total time for which application threads were stopped: 0.0006786 seconds, Stopping threads took: 0.0000197 seconds
12.587: [GC (Allocation Failure)  91269K->709K(432640K), 0.0005912 secs]
12.587: Total time for which application threads were stopped: 0.0007082 seconds, Stopping threads took: 0.0000191 seconds
12.647: [GC (Allocation Failure)  89797K->645K(431104K), 0.0004979 secs]
12.647: Total time for which application threads were stopped: 0.0006198 seconds, Stopping threads took: 0.0000176 seconds
12.701: [GC (Allocation Failure)  88197K->677K(429568K), 0.0004797 secs]
12.702: Total time for which application threads were stopped: 0.0006159 seconds, Stopping threads took: 0.0000210 seconds
12.755: [GC (Allocation Failure)  86693K->613K(428032K), 0.0005192 secs]
12.755: Total time for which application threads were stopped: 0.0006517 seconds, Stopping threads took: 0.0000279 seconds
12.812: [GC (Allocation Failure)  85093K->645K(426496K), 0.0004717 secs]
12.812: Total time for which application threads were stopped: 0.0005893 seconds, Stopping threads took: 0.0000186 seconds
12.870: [GC (Allocation Failure)  83589K->677K(424960K), 0.0004868 secs]
12.871: Total time for which application threads were stopped: 0.0006019 seconds, Stopping threads took: 0.0000184 seconds
12.921: [GC (Allocation Failure)  82085K->613K(423424K), 0.0004995 secs]
12.921: Total time for which application threads were stopped: 0.0006191 seconds, Stopping threads took: 0.0000191 seconds
12.971: [GC (Allocation Failure)  80485K->677K(422400K), 0.0004534 secs]
12.972: Total time for which application threads were stopped: 0.0005854 seconds, Stopping threads took: 0.0000198 seconds
13.021: [GC (Allocation Failure)  79525K->645K(421376K), 0.0005070 secs]
13.021: Total time for which application threads were stopped: 0.0006322 seconds, Stopping threads took: 0.0000185 seconds
13.069: [GC (Allocation Failure)  78469K->709K(420352K), 0.0007283 secs]
13.070: Total time for which application threads were stopped: 0.0008499 seconds, Stopping threads took: 0.0000188 seconds
13.123: [GC (Allocation Failure)  77509K->677K(435712K), 0.0009232 secs]
13.124: Total time for which application threads were stopped: 0.0010500 seconds, Stopping threads took: 0.0000167 seconds
13.181: [GC (Allocation Failure)  92837K->677K(454144K), 0.0004858 secs]
13.181: Total time for which application threads were stopped: 0.0006029 seconds, Stopping threads took: 0.0000193 seconds
13.249: [GC (Allocation Failure)  111269K->645K(452096K), 0.0007428 secs]
13.250: Total time for which application threads were stopped: 0.0008628 seconds, Stopping threads took: 0.0000194 seconds
13.317: [GC (Allocation Failure)  109189K->645K(450048K), 0.0004789 secs]
13.317: Total time for which application threads were stopped: 0.0006164 seconds, Stopping threads took: 0.0000202 seconds
13.383: [GC (Allocation Failure)  107141K->677K(448000K), 0.0004474 secs]
13.383: Total time for which application threads were stopped: 0.0005768 seconds, Stopping threads took: 0.0000227 seconds
13.454: [GC (Allocation Failure)  105125K->709K(445952K), 0.0004976 secs]
13.454: Total time for which application threads were stopped: 0.0006201 seconds, Stopping threads took: 0.0000269 seconds
13.523: [GC (Allocation Failure)  103109K->677K(443904K), 0.0004625 secs]
13.523: Total time for which application threads were stopped: 0.0005799 seconds, Stopping threads took: 0.0000193 seconds
13.585: [GC (Allocation Failure)  101029K->677K(441856K), 0.0005125 secs]
13.586: Total time for which application threads were stopped: 0.0006322 seconds, Stopping threads took: 0.0000201 seconds
13.646: [GC (Allocation Failure)  98981K->645K(439808K), 0.0005045 secs]
13.646: Total time for which application threads were stopped: 0.0006332 seconds, Stopping threads took: 0.0000280 seconds
13.711: [GC (Allocation Failure)  96901K->677K(437760K), 0.0004735 secs]
13.711: Total time for which application threads were stopped: 0.0005877 seconds, Stopping threads took: 0.0000187 seconds
13.769: [GC (Allocation Failure)  94885K->645K(436224K), 0.0004775 secs]
13.770: Total time for which application threads were stopped: 0.0005899 seconds, Stopping threads took: 0.0000191 seconds
13.832: [GC (Allocation Failure)  93317K->645K(434688K), 0.0005778 secs]
13.833: Total time for which application threads were stopped: 0.0006957 seconds, Stopping threads took: 0.0000193 seconds
13.889: [GC (Allocation Failure)  91781K->645K(433152K), 0.0004711 secs]
13.890: Total time for which application threads were stopped: 0.0006007 seconds, Stopping threads took: 0.0000273 seconds
13.949: [GC (Allocation Failure)  90245K->741K(431616K), 0.0004907 secs]
13.949: Total time for which application threads were stopped: 0.0006125 seconds, Stopping threads took: 0.0000260 seconds
14.007: [GC (Allocation Failure)  88805K->677K(430080K), 0.0004849 secs]
14.008: Total time for which application threads were stopped: 0.0006041 seconds, Stopping threads took: 0.0000193 seconds
14.061: [GC (Allocation Failure)  87205K->645K(428544K), 0.0005271 secs]
14.062: Total time for which application threads were stopped: 0.0006657 seconds, Stopping threads took: 0.0000209 seconds
14.117: [GC (Allocation Failure)  85637K->677K(427008K), 0.0005059 secs]
14.117: Total time for which application threads were stopped: 0.0006542 seconds, Stopping threads took: 0.0000216 seconds
14.170: [GC (Allocation Failure)  84133K->645K(425472K), 0.0006373 secs]
14.170: Total time for which application threads were stopped: 0.0007694 seconds, Stopping threads took: 0.0000197 seconds
14.221: [GC (Allocation Failure)  82565K->709K(423936K), 0.0004691 secs]
14.221: Total time for which application threads were stopped: 0.0005902 seconds, Stopping threads took: 0.0000192 seconds
14.271: [GC (Allocation Failure)  81093K->613K(422400K), 0.0004615 secs]
14.272: Total time for which application threads were stopped: 0.0005905 seconds, Stopping threads took: 0.0000267 seconds
14.320: [GC (Allocation Failure)  79461K->677K(421376K), 0.0006649 secs]
14.321: Total time for which application threads were stopped: 0.0007798 seconds, Stopping threads took: 0.0000192 seconds
14.374: [GC (Allocation Failure)  78501K->613K(420352K), 0.0004938 secs]
14.375: Total time for which application threads were stopped: 0.0006003 seconds, Stopping threads took: 0.0000164 seconds
14.422: [GC (Allocation Failure)  77413K->645K(419328K), 0.0004600 secs]
14.423: Total time for which application threads were stopped: 0.0005764 seconds, Stopping threads took: 0.0000184 seconds
14.473: [GC (Allocation Failure)  76421K->645K(418304K), 0.0004554 secs]
14.473: Total time for which application threads were stopped: 0.0005794 seconds, Stopping threads took: 0.0000192 seconds
14.519: [GC (Allocation Failure)  75397K->645K(417280K), 0.0005716 secs]
14.520: Total time for which application threads were stopped: 0.0006861 seconds, Stopping threads took: 0.0000249 seconds
14.565: [GC (Allocation Failure)  74373K->677K(416256K), 0.0005052 secs]
14.566: Total time for which application threads were stopped: 0.0006245 seconds, Stopping threads took: 0.0000194 seconds
14.611: [GC (Allocation Failure)  73381K->613K(415232K), 0.0004627 secs]
14.611: Total time for which application threads were stopped: 0.0005920 seconds, Stopping threads took: 0.0000194 seconds
14.656: [GC (Allocation Failure)  72293K->709K(414208K), 0.0004841 secs]
14.656: Total time for which application threads were stopped: 0.0006121 seconds, Stopping threads took: 0.0000277 seconds
14.700: [GC (Allocation Failure)  71365K->677K(413184K), 0.0004731 secs]
14.700: Total time for which application threads were stopped: 0.0006297 seconds, Stopping threads took: 0.0000196 seconds
14.743: [GC (Allocation Failure)  70309K->677K(412160K), 0.0004703 secs]
14.744: Total time for which application threads were stopped: 0.0005899 seconds, Stopping threads took: 0.0000195 seconds
14.786: [GC (Allocation Failure)  69285K->709K(411136K), 0.0004688 secs]
14.786: Total time for which application threads were stopped: 0.0005841 seconds, Stopping threads took: 0.0000190 seconds
14.828: [GC (Allocation Failure)  68293K->677K(410112K), 0.0005948 secs]
14.829: Total time for which application threads were stopped: 0.0007221 seconds, Stopping threads took: 0.0000271 seconds
14.870: [GC (Allocation Failure)  67237K->677K(423424K), 0.0006009 secs]
14.871: Total time for which application threads were stopped: 0.0008649 seconds, Stopping threads took: 0.0000197 seconds
14.920: [GC (Allocation Failure)  80549K->613K(439808K), 0.0005255 secs]
14.921: Total time for which application threads were stopped: 0.0007801 seconds, Stopping threads took: 0.0000193 seconds
14.983: [GC (Allocation Failure)  96869K->677K(437760K), 0.0004275 secs]
14.983: Total time for which application threads were stopped: 0.0005560 seconds, Stopping threads took: 0.0000277 seconds
15.047: [GC (Allocation Failure)  94885K->645K(436224K), 0.0004150 secs]
15.048: Total time for which application threads were stopped: 0.0005235 seconds, Stopping threads took: 0.0000166 seconds
15.109: [GC (Allocation Failure)  93317K->645K(434688K), 0.0005100 secs]
15.110: Total time for which application threads were stopped: 0.0006300 seconds, Stopping threads took: 0.0000195 seconds
15.171: [GC (Allocation Failure)  91781K->645K(433152K), 0.0004750 secs]
15.172: Total time for which application threads were stopped: 0.0005983 seconds, Stopping threads took: 0.0000268 seconds
15.227: [GC (Allocation Failure)  90245K->677K(431616K), 0.0005331 secs]
15.227: Total time for which application threads were stopped: 0.0006609 seconds, Stopping threads took: 0.0000275 seconds
15.285: [GC (Allocation Failure)  88741K->645K(430080K), 0.0005416 secs]
15.286: Total time for which application threads were stopped: 0.0006565 seconds, Stopping threads took: 0.0000196 seconds
15.345: [GC (Allocation Failure)  87173K->645K(428544K), 0.0004721 secs]
15.345: Total time for which application threads were stopped: 0.0005887 seconds, Stopping threads took: 0.0000169 seconds
15.397: [GC (Allocation Failure)  85637K->677K(427008K), 0.0004780 secs]
15.398: Total time for which application threads were stopped: 0.0005981 seconds, Stopping threads took: 0.0000196 seconds
15.450: [GC (Allocation Failure)  84133K->677K(425472K), 0.0004298 secs]
15.451: Total time for which application threads were stopped: 0.0005565 seconds, Stopping threads took: 0.0000265 seconds
15.501: [GC (Allocation Failure)  82597K->645K(423936K), 0.0005661 secs]
15.502: Total time for which application threads were stopped: 0.0007113 seconds, Stopping threads took: 0.0000269 seconds
15.551: [GC (Allocation Failure)  81029K->677K(422400K), 0.0007119 secs]
15.552: Total time for which application threads were stopped: 0.0008602 seconds, Stopping threads took: 0.0000220 seconds
15.605: [GC (Allocation Failure)  79525K->581K(421376K), 0.0005336 secs]
15.606: Total time for which application threads were stopped: 0.0006566 seconds, Stopping threads took: 0.0000177 seconds
15.659: [GC (Allocation Failure)  78405K->645K(420352K), 0.0004314 secs]
15.660: Total time for which application threads were stopped: 0.0005395 seconds, Stopping threads took: 0.0000167 seconds
15.707: [GC (Allocation Failure)  77445K->677K(419328K), 0.0005041 secs]
15.707: Total time for which application threads were stopped: 0.0006361 seconds, Stopping threads took: 0.0000286 seconds
15.754: [GC (Allocation Failure)  76453K->709K(418304K), 0.0005173 secs]
15.755: Total time for which application threads were stopped: 0.0006426 seconds, Stopping threads took: 0.0000201 seconds
15.801: [GC (Allocation Failure)  75461K->645K(417280K), 0.0005175 secs]
15.801: Total time for which application threads were stopped: 0.0006815 seconds, Stopping threads took: 0.0000203 seconds
15.847: [GC (Allocation Failure)  74373K->709K(416256K), 0.0005176 secs]
15.847: Total time for which application threads were stopped: 0.0006572 seconds, Stopping threads took: 0.0000218 seconds
15.892: [GC (Allocation Failure)  73413K->677K(415232K), 0.0006263 secs]
15.893: Total time for which application threads were stopped: 0.0007814 seconds, Stopping threads took: 0.0000305 seconds
15.937: [GC (Allocation Failure)  72357K->709K(414208K), 0.0004849 secs]
15.938: Total time for which application threads were stopped: 0.0006385 seconds, Stopping threads took: 0.0000276 seconds
15.982: [GC (Allocation Failure)  71365K->613K(413184K), 0.0004615 secs]
15.982: Total time for which application threads were stopped: 0.0005904 seconds, Stopping threads took: 0.0000264 seconds
16.031: [GC (Allocation Failure)  70245K->709K(412160K), 0.0004204 secs]
16.031: Total time for which application threads were stopped: 0.0005247 seconds, Stopping threads took: 0.0000163 seconds
16.074: [GC (Allocation Failure)  69317K->645K(411136K), 0.0004756 secs]
16.074: Total time for which application threads were stopped: 0.0005816 seconds, Stopping threads took: 0.0000166 seconds
16.116: [GC (Allocation Failure)  68229K->709K(410112K), 0.0004951 secs]
16.117: Total time for which application threads were stopped: 0.0006141 seconds, Stopping threads took: 0.0000192 seconds
16.160: [GC (Allocation Failure)  67269K->645K(409088K), 0.0004164 secs]
16.160: Total time for which application threads were stopped: 0.0005322 seconds, Stopping threads took: 0.0000162 seconds
16.207: [GC (Allocation Failure)  66181K->645K(408064K), 0.0004539 secs]
16.207: Total time for which application threads were stopped: 0.0005601 seconds, Stopping threads took: 0.0000165 seconds
16.247: [GC (Allocation Failure)  65157K->645K(407040K), 0.0004820 secs]
16.248: Total time for which application threads were stopped: 0.0005995 seconds, Stopping threads took: 0.0000262 seconds
16.287: [GC (Allocation Failure)  64133K->645K(406016K), 0.0004670 secs]
16.288: Total time for which application threads were stopped: 0.0005947 seconds, Stopping threads took: 0.0000283 seconds
16.326: [GC (Allocation Failure)  63109K->645K(405504K), 0.0005069 secs]
16.327: Total time for which application threads were stopped: 0.0006524 seconds, Stopping threads took: 0.0000212 seconds
16.365: [GC (Allocation Failure)  62597K->677K(404992K), 0.0004930 secs]
16.366: Total time for which application threads were stopped: 0.0006370 seconds, Stopping threads took: 0.0000229 seconds
16.403: [GC (Allocation Failure)  62117K->709K(417280K), 0.0005369 secs]
16.404: Total time for which application threads were stopped: 0.0007072 seconds, Stopping threads took: 0.0000311 seconds
16.455: [GC (Allocation Failure)  74437K->645K(416256K), 0.0004433 secs]
16.455: Total time for which application threads were stopped: 0.0005774 seconds, Stopping threads took: 0.0000203 seconds
16.500: [GC (Allocation Failure)  73349K->645K(415232K), 0.0004820 secs]
16.501: Total time for which application threads were stopped: 0.0006039 seconds, Stopping threads took: 0.0000196 seconds
16.545: [GC (Allocation Failure)  72325K->613K(429568K), 0.0006280 secs]
16.545: Total time for which application threads were stopped: 0.0007549 seconds, Stopping threads took: 0.0000218 seconds
16.604: [GC (Allocation Failure)  86629K->677K(428032K), 0.0005111 secs]
16.604: Total time for which application threads were stopped: 0.0006365 seconds, Stopping threads took: 0.0000278 seconds
16.662: [GC (Allocation Failure)  85157K->645K(426496K), 0.0005125 secs]
16.663: Total time for which application threads were stopped: 0.0006366 seconds, Stopping threads took: 0.0000268 seconds
16.719: [GC (Allocation Failure)  83589K->677K(424960K), 0.0004700 secs]
16.719: Total time for which application threads were stopped: 0.0005867 seconds, Stopping threads took: 0.0000195 seconds
16.769: [GC (Allocation Failure)  82085K->645K(441344K), 0.0008897 secs]
16.770: Total time for which application threads were stopped: 0.0010143 seconds, Stopping threads took: 0.0000189 seconds
16.833: [GC (Allocation Failure)  98437K->677K(461312K), 0.0008018 secs]
16.834: Total time for which application threads were stopped: 0.0009220 seconds, Stopping threads took: 0.0000196 seconds
16.910: [GC (Allocation Failure)  118437K->677K(458752K), 0.0004871 secs]
16.910: Total time for which application threads were stopped: 0.0006070 seconds, Stopping threads took: 0.0000193 seconds
16.987: [GC (Allocation Failure)  115877K->709K(456192K), 0.0005081 secs]
16.987: Total time for which application threads were stopped: 0.0007624 seconds, Stopping threads took: 0.0000194 seconds
17.056: [GC (Allocation Failure)  113349K->645K(453632K), 0.0004789 secs]
17.057: Total time for which application threads were stopped: 0.0005984 seconds, Stopping threads took: 0.0000185 seconds
17.130: [GC (Allocation Failure)  110725K->677K(451584K), 0.0004211 secs]
17.130: Total time for which application threads were stopped: 0.0005434 seconds, Stopping threads took: 0.0000256 seconds
17.199: [GC (Allocation Failure)  108709K->581K(449536K), 0.0004445 secs]
17.199: Total time for which application threads were stopped: 0.0005601 seconds, Stopping threads took: 0.0000192 seconds
17.271: [GC (Allocation Failure)  106565K->677K(447488K), 0.0004629 secs]
17.272: Total time for which application threads were stopped: 0.0006020 seconds, Stopping threads took: 0.0000269 seconds
17.336: [GC (Allocation Failure)  104613K->645K(445440K), 0.0004671 secs]
17.336: Total time for which application threads were stopped: 0.0006041 seconds, Stopping threads took: 0.0000202 seconds
17.403: [GC (Allocation Failure)  102533K->709K(443392K), 0.0007208 secs]
17.404: Total time for which application threads were stopped: 0.0008739 seconds, Stopping threads took: 0.0000214 seconds
17.467: [GC (Allocation Failure)  100549K->677K(441344K), 0.0005011 secs]
17.467: Total time for which application threads were stopped: 0.0006406 seconds, Stopping threads took: 0.0000272 seconds
17.527: [GC (Allocation Failure)  98469K->613K(439296K), 0.0005583 secs]
17.528: Total time for which application threads were stopped: 0.0006932 seconds, Stopping threads took: 0.0000212 seconds
17.587: [GC (Allocation Failure)  96357K->613K(437760K), 0.0006725 secs]
17.587: Total time for which application threads were stopped: 0.0008225 seconds, Stopping threads took: 0.0000284 seconds
17.650: [GC (Allocation Failure)  94821K->677K(436224K), 0.0004151 secs]
17.651: Total time for which application threads were stopped: 0.0005535 seconds, Stopping threads took: 0.0000298 seconds
17.707: [GC (Allocation Failure)  93349K->741K(434688K), 0.0005011 secs]
17.708: Total time for which application threads were stopped: 0.0006271 seconds, Stopping threads took: 0.0000212 seconds
17.764: [GC (Allocation Failure)  91877K->645K(433152K), 0.0004676 secs]
17.765: Total time for which application threads were stopped: 0.0005899 seconds, Stopping threads took: 0.0000203 seconds
17.826: [GC (Allocation Failure)  90245K->645K(431616K), 0.0004407 secs]
17.826: Total time for which application threads were stopped: 0.0005520 seconds, Stopping threads took: 0.0000189 seconds
17.880: [GC (Allocation Failure)  88709K->677K(430080K), 0.0004674 secs]
17.881: Total time for which application threads were stopped: 0.0005899 seconds, Stopping threads took: 0.0000193 seconds
17.934: [GC (Allocation Failure)  87205K->645K(428544K), 0.0004511 secs]
17.935: Total time for which application threads were stopped: 0.0005968 seconds, Stopping threads took: 0.0000273 seconds
17.992: [GC (Allocation Failure)  85637K->677K(427008K), 0.0004887 secs]
17.993: Total time for which application threads were stopped: 0.0006324 seconds, Stopping threads took: 0.0000299 seconds
18.044: [GC (Allocation Failure)  84133K->645K(425472K), 0.0005132 secs]
18.045: Total time for which application threads were stopped: 0.0006325 seconds, Stopping threads took: 0.0000201 seconds
18.101: [GC (Allocation Failure)  82565K->677K(423936K), 0.0005243 secs]
18.102: Total time for which application threads were stopped: 0.0006633 seconds, Stopping threads took: 0.0000214 seconds
18.157: [GC (Allocation Failure)  81061K->613K(422400K), 0.0005057 secs]
18.158: Total time for which application threads were stopped: 0.0006260 seconds, Stopping threads took: 0.0000246 seconds
18.207: [GC (Allocation Failure)  79461K->645K(421376K), 0.0004951 secs]
18.207: Total time for which application threads were stopped: 0.0006132 seconds, Stopping threads took: 0.0000204 seconds
18.259: [GC (Allocation Failure)  78469K->677K(420352K), 0.0005606 secs]
18.259: Total time for which application threads were stopped: 0.0006775 seconds, Stopping threads took: 0.0000191 seconds
18.307: [GC (Allocation Failure)  77477K->677K(419328K), 0.0004720 secs]
18.307: Total time for which application threads were stopped: 0.0005901 seconds, Stopping threads took: 0.0000194 seconds
18.354: [GC (Allocation Failure)  76453K->645K(418304K), 0.0005338 secs]
18.355: Total time for which application threads were stopped: 0.0006597 seconds, Stopping threads took: 0.0000267 seconds
18.401: [GC (Allocation Failure)  75397K->645K(417280K), 0.0004883 secs]
18.401: Total time for which application threads were stopped: 0.0006073 seconds, Stopping threads took: 0.0000197 seconds
18.447: [GC (Allocation Failure)  74373K->645K(416256K), 0.0004744 secs]
18.448: Total time for which application threads were stopped: 0.0006029 seconds, Stopping threads took: 0.0000276 seconds
18.499: [GC (Allocation Failure)  73349K->645K(415232K), 0.0004705 secs]
18.500: Total time for which application threads were stopped: 0.0005708 seconds, Stopping threads took: 0.0000169 seconds
18.550: [GC (Allocation Failure)  72325K->677K(414208K), 0.0004825 secs]
18.551: Total time for which application threads were stopped: 0.0006012 seconds, Stopping threads took: 0.0000194 seconds
18.594: [GC (Allocation Failure)  71333K->645K(413184K), 0.0005193 secs]
18.595: Total time for which application threads were stopped: 0.0006615 seconds, Stopping threads took: 0.0000204 seconds
18.644: [GC (Allocation Failure)  70277K->677K(412160K), 0.0006931 secs]
18.645: Total time for which application threads were stopped: 0.0008304 seconds, Stopping threads took: 0.0000211 seconds
18.693: [GC (Allocation Failure)  69285K->645K(411136K), 0.0005745 secs]
18.693: Total time for which application threads were stopped: 0.0007302 seconds, Stopping threads took: 0.0000303 seconds
18.735: [GC (Allocation Failure)  68229K->677K(424960K), 0.0006170 secs]
18.736: Total time for which application threads were stopped: 0.0007485 seconds, Stopping threads took: 0.0000276 seconds
18.789: [GC (Allocation Failure)  82085K->677K(423424K), 0.0005325 secs]
18.790: Total time for which application threads were stopped: 0.0006682 seconds, Stopping threads took: 0.0000217 seconds
18.839: [GC (Allocation Failure)  80549K->741K(422400K), 0.0004785 secs]
18.839: Total time for which application threads were stopped: 0.0006026 seconds, Stopping threads took: 0.0000199 seconds
18.894: [GC (Allocation Failure)  79589K->613K(421376K), 0.0005226 secs]
18.895: Total time for which application threads were stopped: 0.0006490 seconds, Stopping threads took: 0.0000271 seconds
18.943: [GC (Allocation Failure)  78437K->645K(420352K), 0.0004226 secs]
18.943: Total time for which application threads were stopped: 0.0005418 seconds, Stopping threads took: 0.0000196 seconds
18.990: [GC (Allocation Failure)  77445K->709K(419328K), 0.0005302 secs]
18.991: Total time for which application threads were stopped: 0.0006601 seconds, Stopping threads took: 0.0000254 seconds
19.043: [GC (Allocation Failure)  76485K->677K(418304K), 0.0004885 secs]
19.043: Total time for which application threads were stopped: 0.0006369 seconds, Stopping threads took: 0.0000288 seconds
19.096: [GC (Allocation Failure)  75429K->645K(417280K), 0.0005663 secs]
19.096: Total time for which application threads were stopped: 0.0006921 seconds, Stopping threads took: 0.0000201 seconds
19.146: [GC (Allocation Failure)  74373K->741K(416256K), 0.0005123 secs]
19.147: Total time for which application threads were stopped: 0.0006304 seconds, Stopping threads took: 0.0000165 seconds
19.191: [GC (Allocation Failure)  73445K->645K(415232K), 0.0005099 secs]
19.192: Total time for which application threads were stopped: 0.0006291 seconds, Stopping threads took: 0.0000195 seconds
19.240: [GC (Allocation Failure)  72325K->709K(414208K), 0.0004483 secs]
19.240: Total time for which application threads were stopped: 0.0005766 seconds, Stopping threads took: 0.0000272 seconds
19.284: [GC (Allocation Failure)  71365K->613K(413184K), 0.0006082 secs]
19.285: Total time for which application threads were stopped: 0.0007334 seconds, Stopping threads took: 0.0000273 seconds
19.328: [GC (Allocation Failure)  70245K->677K(412160K), 0.0005256 secs]
19.328: Total time for which application threads were stopped: 0.0006676 seconds, Stopping threads took: 0.0000221 seconds
19.375: [GC (Allocation Failure)  69285K->677K(411136K), 0.0005101 secs]
19.375: Total time for which application threads were stopped: 0.0006567 seconds, Stopping threads took: 0.0000215 seconds
19.422: [GC (Allocation Failure)  68261K->645K(410112K), 0.0005421 secs]
19.423: Total time for which application threads were stopped: 0.0006856 seconds, Stopping threads took: 0.0000225 seconds
19.467: [GC (Allocation Failure)  67205K->645K(409088K), 0.0004081 secs]
19.468: Total time for which application threads were stopped: 0.0005263 seconds, Stopping threads took: 0.0000254 seconds
19.511: [GC (Allocation Failure)  66181K->677K(408064K), 0.0006199 secs]
19.512: Total time for which application threads were stopped: 0.0007472 seconds, Stopping threads took: 0.0000204 seconds
19.552: [GC (Allocation Failure)  65189K->645K(421376K), 0.0005190 secs]
19.553: Total time for which application threads were stopped: 0.0006612 seconds, Stopping threads took: 0.0000213 seconds
19.605: [GC (Allocation Failure)  78469K->709K(420352K), 0.0005441 secs]
19.605: Total time for which application threads were stopped: 0.0006686 seconds, Stopping threads took: 0.0000214 seconds
19.658: [GC (Allocation Failure)  77509K->677K(419328K), 0.0004722 secs]
19.658: Total time for which application threads were stopped: 0.0005886 seconds, Stopping threads took: 0.0000188 seconds
19.705: [GC (Allocation Failure)  76453K->709K(418304K), 0.0004948 secs]
19.705: Total time for which application threads were stopped: 0.0006174 seconds, Stopping threads took: 0.0000263 seconds
19.752: [GC (Allocation Failure)  75461K->677K(433664K), 0.0023257 secs]
19.754: Total time for which application threads were stopped: 0.0024489 seconds, Stopping threads took: 0.0000196 seconds
19.810: [GC (Allocation Failure)  90789K->677K(452096K), 0.0006448 secs]
19.810: Total time for which application threads were stopped: 0.0007881 seconds, Stopping threads took: 0.0000220 seconds
19.877: [GC (Allocation Failure)  109221K->741K(474112K), 0.0004777 secs]
19.878: Total time for which application threads were stopped: 0.0006102 seconds, Stopping threads took: 0.0000228 seconds
19.965: [GC (Allocation Failure)  131301K->613K(475136K), 0.0004605 secs]
19.965: Total time for which application threads were stopped: 0.0005901 seconds, Stopping threads took: 0.0000273 seconds
20.046: [GC (Allocation Failure)  132197K->677K(472064K), 0.0004698 secs]
20.046: Total time for which application threads were stopped: 0.0005970 seconds, Stopping threads took: 0.0000269 seconds
20.125: [GC (Allocation Failure)  129189K->645K(468992K), 0.0006119 secs]
20.126: Total time for which application threads were stopped: 0.0007618 seconds, Stopping threads took: 0.0000246 seconds
20.206: [GC (Allocation Failure)  126085K->677K(465920K), 0.0004666 secs]
20.207: Total time for which application threads were stopped: 0.0005862 seconds, Stopping threads took: 0.0000201 seconds
20.281: [GC (Allocation Failure)  123045K->677K(463360K), 0.0004557 secs]
20.282: Total time for which application threads were stopped: 0.0005854 seconds, Stopping threads took: 0.0000325 seconds
20.355: [GC (Allocation Failure)  120485K->645K(460800K), 0.0007832 secs]
20.356: Total time for which application threads were stopped: 0.0008988 seconds, Stopping threads took: 0.0000194 seconds
20.434: [GC (Allocation Failure)  117893K->677K(458240K), 0.0003784 secs]
20.434: Total time for which application threads were stopped: 0.0004823 seconds, Stopping threads took: 0.0000168 seconds
20.508: [GC (Allocation Failure)  115365K->677K(455680K), 0.0003836 secs]
20.509: Total time for which application threads were stopped: 0.0004922 seconds, Stopping threads took: 0.0000167 seconds
20.583: [GC (Allocation Failure)  112805K->677K(453120K), 0.0004738 secs]
20.584: Total time for which application threads were stopped: 0.0005954 seconds, Stopping threads took: 0.0000193 seconds
20.651: [GC (Allocation Failure)  110245K->613K(451072K), 0.0004720 secs]
20.652: Total time for which application threads were stopped: 0.0005906 seconds, Stopping threads took: 0.0000194 seconds
20.718: [GC (Allocation Failure)  108133K->709K(449024K), 0.0005933 secs]
20.718: Total time for which application threads were stopped: 0.0007163 seconds, Stopping threads took: 0.0000189 seconds
20.784: [GC (Allocation Failure)  106181K->677K(446976K), 0.0004431 secs]
20.784: Total time for which application threads were stopped: 0.0005650 seconds, Stopping threads took: 0.0000205 seconds
20.851: [GC (Allocation Failure)  104101K->677K(444928K), 0.0004903 secs]
20.851: Total time for which application threads were stopped: 0.0006205 seconds, Stopping threads took: 0.0000185 seconds
20.914: [GC (Allocation Failure)  102053K->645K(442880K), 0.0005313 secs]
20.914: Total time for which application threads were stopped: 0.0006788 seconds, Stopping threads took: 0.0000236 seconds
20.983: [GC (Allocation Failure)  99973K->645K(440832K), 0.0004553 secs]
20.984: Total time for which application threads were stopped: 0.0005831 seconds, Stopping threads took: 0.0000258 seconds
21.043: [GC (Allocation Failure)  97925K->645K(438784K), 0.0005619 secs]
21.044: Total time for which application threads were stopped: 0.0007027 seconds, Stopping threads took: 0.0000212 seconds
21.109: [GC (Allocation Failure)  95877K->709K(437248K), 0.0005965 secs]
21.109: Total time for which application threads were stopped: 0.0007286 seconds, Stopping threads took: 0.0000204 seconds
21.171: [GC (Allocation Failure)  94405K->677K(435712K), 0.0004851 secs]
21.172: Total time for which application threads were stopped: 0.0006066 seconds, Stopping threads took: 0.0000198 seconds
21.229: [GC (Allocation Failure)  92837K->677K(434176K), 0.0006067 secs]
21.229: Total time for which application threads were stopped: 0.0007226 seconds, Stopping threads took: 0.0000187 seconds
21.289: [GC (Allocation Failure)  91301K->677K(432640K), 0.0005998 secs]
21.289: Total time for which application threads were stopped: 0.0007152 seconds, Stopping threads took: 0.0000192 seconds
21.344: [GC (Allocation Failure)  89765K->613K(431104K), 0.0004805 secs]
21.345: Total time for which application threads were stopped: 0.0005963 seconds, Stopping threads took: 0.0000196 seconds
21.405: [GC (Allocation Failure)  88165K->613K(429568K), 0.0005915 secs]
21.406: Total time for which application threads were stopped: 0.0007514 seconds, Stopping threads took: 0.0000310 seconds
21.460: [GC (Allocation Failure)  86629K->709K(428032K), 0.0004852 secs]
21.460: Total time for which application threads were stopped: 0.0006080 seconds, Stopping threads took: 0.0000165 seconds
21.512: [GC (Allocation Failure)  85189K->613K(426496K), 0.0005782 secs]
21.513: Total time for which application threads were stopped: 0.0007201 seconds, Stopping threads took: 0.0000212 seconds
21.564: [GC (Allocation Failure)  83557K->677K(424960K), 0.0005073 secs]
21.565: Total time for which application threads were stopped: 0.0006525 seconds, Stopping threads took: 0.0000288 seconds
21.615: [GC (Allocation Failure)  82085K->613K(423424K), 0.0005447 secs]
21.615: Total time for which application threads were stopped: 0.0006809 seconds, Stopping threads took: 0.0000225 seconds
21.664: [GC (Allocation Failure)  80485K->677K(422400K), 0.0005108 secs]
21.665: Total time for which application threads were stopped: 0.0006359 seconds, Stopping threads took: 0.0000211 seconds
21.714: [GC (Allocation Failure)  79525K->613K(421376K), 0.0006383 secs]
21.714: Total time for which application threads were stopped: 0.0007774 seconds, Stopping threads took: 0.0000198 seconds
21.767: [GC (Allocation Failure)  78437K->709K(420352K), 0.0005059 secs]
21.768: Total time for which application threads were stopped: 0.0006507 seconds, Stopping threads took: 0.0000224 seconds
21.816: [GC (Allocation Failure)  77509K->645K(419328K), 0.0005571 secs]
21.816: Total time for which application threads were stopped: 0.0007392 seconds, Stopping threads took: 0.0000230 seconds
21.870: [GC (Allocation Failure)  76421K->677K(418304K), 0.0006637 secs]
21.870: Total time for which application threads were stopped: 0.0008223 seconds, Stopping threads took: 0.0000233 seconds
21.916: [GC (Allocation Failure)  75429K->677K(417280K), 0.0005625 secs]
21.917: Total time for which application threads were stopped: 0.0006952 seconds, Stopping threads took: 0.0000207 seconds
21.964: [GC (Allocation Failure)  74405K->677K(416256K), 0.0004703 secs]
21.964: Total time for which application threads were stopped: 0.0006590 seconds, Stopping threads took: 0.0000261 seconds
22.015: [GC (Allocation Failure)  73381K->613K(415232K), 0.0004122 secs]
22.016: Total time for which application threads were stopped: 0.0005187 seconds, Stopping threads took: 0.0000169 seconds
22.067: [GC (Allocation Failure)  72293K->645K(414208K), 0.0004973 secs]
22.067: Total time for which application threads were stopped: 0.0006067 seconds, Stopping threads took: 0.0000168 seconds
22.111: [GC (Allocation Failure)  71301K->613K(413184K), 0.0005467 secs]
22.112: Total time for which application threads were stopped: 0.0006579 seconds, Stopping threads took: 0.0000188 seconds
22.159: [GC (Allocation Failure)  70245K->613K(427520K), 0.0007643 secs]
22.159: Total time for which application threads were stopped: 0.0009029 seconds, Stopping threads took: 0.0000277 seconds
22.211: [GC (Allocation Failure)  84581K->677K(444416K), 0.0006253 secs]
22.212: Total time for which application threads were stopped: 0.0007472 seconds, Stopping threads took: 0.0000202 seconds
22.280: [GC (Allocation Failure)  101541K->645K(442368K), 0.0004482 secs]
22.280: Total time for which application threads were stopped: 0.0005594 seconds, Stopping threads took: 0.0000175 seconds
22.344: [GC (Allocation Failure)  99461K->677K(440320K), 0.0004970 secs]
22.345: Total time for which application threads were stopped: 0.0006262 seconds, Stopping threads took: 0.0000283 seconds
22.404: [GC (Allocation Failure)  97445K->645K(438272K), 0.0005790 secs]
22.405: Total time for which application threads were stopped: 0.0007124 seconds, Stopping threads took: 0.0000193 seconds
22.469: [GC (Allocation Failure)  95365K->645K(436736K), 0.0004535 secs]
22.470: Total time for which application threads were stopped: 0.0005987 seconds, Stopping threads took: 0.0000213 seconds
22.533: [GC (Allocation Failure)  93829K->645K(435200K), 0.0004963 secs]
22.533: Total time for which application threads were stopped: 0.0006067 seconds, Stopping threads took: 0.0000167 seconds
22.594: [GC (Allocation Failure)  92293K->709K(433664K), 0.0005873 secs]
22.595: Total time for which application threads were stopped: 0.0007079 seconds, Stopping threads took: 0.0000196 seconds
22.657: [GC (Allocation Failure)  90821K->677K(432128K), 0.0005102 secs]
22.657: Total time for which application threads were stopped: 0.0006303 seconds, Stopping threads took: 0.0000194 seconds
22.717: [GC (Allocation Failure)  89253K->741K(430592K), 0.0005528 secs]
22.718: Total time for which application threads were stopped: 0.0006892 seconds, Stopping threads took: 0.0000211 seconds
22.772: [GC (Allocation Failure)  87781K->645K(429056K), 0.0005743 secs]
22.772: Total time for which application threads were stopped: 0.0007321 seconds, Stopping threads took: 0.0000303 seconds
22.825: [GC (Allocation Failure)  86149K->645K(427520K), 0.0005114 secs]
22.825: Total time for which application threads were stopped: 0.0006322 seconds, Stopping threads took: 0.0000199 seconds
22.883: [GC (Allocation Failure)  84613K->613K(425984K), 0.0006113 secs]
22.884: Total time for which application threads were stopped: 0.0007386 seconds, Stopping threads took: 0.0000195 seconds
22.939: [GC (Allocation Failure)  83045K->709K(424448K), 0.0004822 secs]
22.939: Total time for which application threads were stopped: 0.0006226 seconds, Stopping threads took: 0.0000268 seconds
22.994: [GC (Allocation Failure)  81605K->645K(422912K), 0.0005143 secs]
22.995: Total time for which application threads were stopped: 0.0006649 seconds, Stopping threads took: 0.0000299 seconds
23.043: [GC (Allocation Failure)  80005K->645K(421888K), 0.0004858 secs]
23.044: Total time for which application threads were stopped: 0.0006056 seconds, Stopping threads took: 0.0000199 seconds
23.092: [GC (Allocation Failure)  78981K->645K(420864K), 0.0004695 secs]
23.093: Total time for which application threads were stopped: 0.0006054 seconds, Stopping threads took: 0.0000280 seconds
23.147: [GC (Allocation Failure)  77957K->645K(419840K), 0.0003765 secs]
23.148: Total time for which application threads were stopped: 0.0004699 seconds, Stopping threads took: 0.0000138 seconds
23.198: [GC (Allocation Failure)  76933K->645K(418816K), 0.0004813 secs]
23.198: Total time for which application threads were stopped: 0.0006076 seconds, Stopping threads took: 0.0000285 seconds
23.250: [GC (Allocation Failure)  75909K->677K(417792K), 0.0005512 secs]
23.250: Total time for which application threads were stopped: 0.0006873 seconds, Stopping threads took: 0.0000212 seconds
23.296: [GC (Allocation Failure)  74917K->645K(416768K), 0.0005150 secs]
23.296: Total time for which application threads were stopped: 0.0006488 seconds, Stopping threads took: 0.0000206 seconds
23.342: [GC (Allocation Failure)  73861K->645K(415744K), 0.0004908 secs]
23.342: Total time for which application threads were stopped: 0.0006167 seconds, Stopping threads took: 0.0000281 seconds
23.387: [GC (Allocation Failure)  72837K->677K(414720K), 0.0005855 secs]
23.387: Total time for which application threads were stopped: 0.0007173 seconds, Stopping threads took: 0.0000206 seconds
23.431: [GC (Allocation Failure)  71845K->645K(413696K), 0.0006057 secs]
23.432: Total time for which application threads were stopped: 0.0007512 seconds, Stopping threads took: 0.0000214 seconds
23.481: [GC (Allocation Failure)  70789K->645K(412672K), 0.0004586 secs]
23.482: Total time for which application threads were stopped: 0.0005947 seconds, Stopping threads took: 0.0000172 seconds
23.530: [GC (Allocation Failure)  69765K->677K(411648K), 0.0006169 secs]
23.530: Total time for which application threads were stopped: 0.0007726 seconds, Stopping threads took: 0.0000307 seconds
23.572: [GC (Allocation Failure)  68773K->613K(425472K), 0.0006264 secs]
23.573: Total time for which application threads were stopped: 0.0007649 seconds, Stopping threads took: 0.0000307 seconds
23.623: [GC (Allocation Failure)  82533K->677K(441856K), 0.0006240 secs]
23.624: Total time for which application threads were stopped: 0.0007843 seconds, Stopping threads took: 0.0000302 seconds
23.691: [GC (Allocation Failure)  98981K->645K(439808K), 0.0004940 secs]
23.692: Total time for which application threads were stopped: 0.0006338 seconds, Stopping threads took: 0.0000304 seconds
23.751: [GC (Allocation Failure)  96901K->677K(437760K), 0.0005297 secs]
23.752: Total time for which application threads were stopped: 0.0006485 seconds, Stopping threads took: 0.0000188 seconds
23.810: [GC (Allocation Failure)  94885K->645K(436224K), 0.0004718 secs]
23.810: Total time for which application threads were stopped: 0.0005903 seconds, Stopping threads took: 0.0000192 seconds
23.872: [GC (Allocation Failure)  93317K->645K(434688K), 0.0004857 secs]
23.873: Total time for which application threads were stopped: 0.0006219 seconds, Stopping threads took: 0.0000274 seconds
23.929: [GC (Allocation Failure)  91781K->677K(433152K), 0.0004691 secs]
23.929: Total time for which application threads were stopped: 0.0005914 seconds, Stopping threads took: 0.0000206 seconds
23.990: [GC (Allocation Failure)  90277K->709K(431616K), 0.0004988 secs]
23.991: Total time for which application threads were stopped: 0.0006258 seconds, Stopping threads took: 0.0000195 seconds
24.045: [GC (Allocation Failure)  88773K->645K(430080K), 0.0004591 secs]
24.046: Total time for which application threads were stopped: 0.0005983 seconds, Stopping threads took: 0.0000256 seconds
24.099: [GC (Allocation Failure)  87173K->645K(428544K), 0.0004915 secs]
24.100: Total time for which application threads were stopped: 0.0006304 seconds, Stopping threads took: 0.0000199 seconds
24.159: [GC (Allocation Failure)  85637K->645K(427008K), 0.0005320 secs]
24.160: Total time for which application threads were stopped: 0.0006601 seconds, Stopping threads took: 0.0000287 seconds
24.215: [GC (Allocation Failure)  84101K->581K(425472K), 0.0005066 secs]
24.216: Total time for which application threads were stopped: 0.0006244 seconds, Stopping threads took: 0.0000209 seconds
24.273: [GC (Allocation Failure)  82501K->677K(423936K), 0.0004510 secs]
24.273: Total time for which application threads were stopped: 0.0005694 seconds, Stopping threads took: 0.0000203 seconds
24.323: [GC (Allocation Failure)  81061K->613K(422400K), 0.0005521 secs]
24.323: Total time for which application threads were stopped: 0.0006853 seconds, Stopping threads took: 0.0000283 seconds
24.372: [GC (Allocation Failure)  79461K->709K(421376K), 0.0004861 secs]
24.373: Total time for which application threads were stopped: 0.0006203 seconds, Stopping threads took: 0.0000287 seconds
24.421: [GC (Allocation Failure)  78533K->613K(420352K), 0.0004741 secs]
24.422: Total time for which application threads were stopped: 0.0006072 seconds, Stopping threads took: 0.0000292 seconds
24.473: [GC (Allocation Failure)  77413K->645K(419328K), 0.0004550 secs]
24.473: Total time for which application threads were stopped: 0.0005839 seconds, Stopping threads took: 0.0000270 seconds
24.526: [GC (Allocation Failure)  76421K->677K(418304K), 0.0004930 secs]
24.526: Total time for which application threads were stopped: 0.0005999 seconds, Stopping threads took: 0.0000170 seconds
24.572: [GC (Allocation Failure)  75429K->645K(417280K), 0.0004273 secs]
24.573: Total time for which application threads were stopped: 0.0005368 seconds, Stopping threads took: 0.0000171 seconds
24.624: [GC (Allocation Failure)  74373K->645K(416256K), 0.0005101 secs]
24.625: Total time for which application threads were stopped: 0.0006662 seconds, Stopping threads took: 0.0000306 seconds
24.675: [GC (Allocation Failure)  73349K->677K(415232K), 0.0007400 secs]
24.676: Total time for which application threads were stopped: 0.0008819 seconds, Stopping threads took: 0.0000221 seconds
24.726: [GC (Allocation Failure)  72357K->645K(414208K), 0.0005262 secs]
24.727: Total time for which application threads were stopped: 0.0006841 seconds, Stopping threads took: 0.0000236 seconds
24.770: [GC (Allocation Failure)  71301K->645K(413184K), 0.0005023 secs]
24.771: Total time for which application threads were stopped: 0.0006340 seconds, Stopping threads took: 0.0000276 seconds
24.814: [GC (Allocation Failure)  70277K->709K(412160K), 0.0004966 secs]
24.814: Total time for which application threads were stopped: 0.0006248 seconds, Stopping threads took: 0.0000213 seconds
24.862: [GC (Allocation Failure)  69317K->677K(411136K), 0.0004500 secs]
24.863: Total time for which application threads were stopped: 0.0005665 seconds, Stopping threads took: 0.0000196 seconds
24.905: [GC (Allocation Failure)  68261K->677K(410112K), 0.0004852 secs]
24.905: Total time for which application threads were stopped: 0.0006137 seconds, Stopping threads took: 0.0000281 seconds
24.947: [GC (Allocation Failure)  67237K->709K(409088K), 0.0004422 secs]
24.947: Total time for which application threads were stopped: 0.0005875 seconds, Stopping threads took: 0.0000266 seconds
24.994: [GC (Allocation Failure)  66245K->677K(408064K), 0.0005649 secs]
24.994: Total time for which application threads were stopped: 0.0006895 seconds, Stopping threads took: 0.0000270 seconds
25.034: [GC (Allocation Failure)  65189K->677K(407040K), 0.0005405 secs]
25.034: Total time for which application threads were stopped: 0.0006672 seconds, Stopping threads took: 0.0000271 seconds
25.074: [GC (Allocation Failure)  64165K->677K(419840K), 0.0004792 secs]
25.074: Total time for which application threads were stopped: 0.0005972 seconds, Stopping threads took: 0.0000191 seconds
25.121: [GC (Allocation Failure)  76965K->645K(418816K), 0.0004750 secs]
25.122: Total time for which application threads were stopped: 0.0005929 seconds, Stopping threads took: 0.0000191 seconds
25.173: [GC (Allocation Failure)  75909K->645K(417792K), 0.0005423 secs]
25.173: Total time for which application threads were stopped: 0.0006685 seconds, Stopping threads took: 0.0000270 seconds
25.223: [GC (Allocation Failure)  74885K->677K(416768K), 0.0005089 secs]
25.224: Total time for which application threads were stopped: 0.0006324 seconds, Stopping threads took: 0.0000273 seconds
25.273: [GC (Allocation Failure)  73893K->709K(415744K), 0.0005193 secs]
25.274: Total time for which application threads were stopped: 0.0006431 seconds, Stopping threads took: 0.0000274 seconds
25.318: [GC (Allocation Failure)  72901K->677K(414720K), 0.0004377 secs]
25.319: Total time for which application threads were stopped: 0.0005521 seconds, Stopping threads took: 0.0000189 seconds
25.367: [GC (Allocation Failure)  71845K->677K(413696K), 0.0006676 secs]
25.368: Total time for which application threads were stopped: 0.0008206 seconds, Stopping threads took: 0.0000200 seconds
25.411: [GC (Allocation Failure)  70821K->645K(428032K), 0.0006878 secs]
25.412: Total time for which application threads were stopped: 0.0008179 seconds, Stopping threads took: 0.0000226 seconds
25.470: [GC (Allocation Failure)  85125K->677K(426496K), 0.0005070 secs]
25.471: Total time for which application threads were stopped: 0.0006353 seconds, Stopping threads took: 0.0000280 seconds
25.522: [GC (Allocation Failure)  83621K->645K(424960K), 0.0005448 secs]
25.522: Total time for which application threads were stopped: 0.0006726 seconds, Stopping threads took: 0.0000275 seconds
25.576: [GC (Allocation Failure)  82053K->741K(423424K), 0.0004900 secs]
25.576: Total time for which application threads were stopped: 0.0006077 seconds, Stopping threads took: 0.0000194 seconds
25.629: [GC (Allocation Failure)  80613K->645K(422400K), 0.0005508 secs]
25.630: Total time for which application threads were stopped: 0.0006678 seconds, Stopping threads took: 0.0000191 seconds
25.685: [GC (Allocation Failure)  79493K->645K(421376K), 0.0004740 secs]
25.685: Total time for which application threads were stopped: 0.0006010 seconds, Stopping threads took: 0.0000197 seconds
25.737: [GC (Allocation Failure)  78469K->709K(420352K), 0.0004529 secs]
25.737: Total time for which application threads were stopped: 0.0005806 seconds, Stopping threads took: 0.0000267 seconds
25.785: [GC (Allocation Failure)  77509K->709K(419328K), 0.0006493 secs]
25.785: Total time for which application threads were stopped: 0.0007843 seconds, Stopping threads took: 0.0000202 seconds
25.832: [GC (Allocation Failure)  76485K->645K(418304K), 0.0006539 secs]
25.832: Total time for which application threads were stopped: 0.0008099 seconds, Stopping threads took: 0.0000229 seconds
25.884: [GC (Allocation Failure)  75397K->677K(417280K), 0.0005468 secs]
25.885: Total time for which application threads were stopped: 0.0006985 seconds, Stopping threads took: 0.0000242 seconds
25.936: [GC (Allocation Failure)  74405K->677K(416256K), 0.0005189 secs]
25.937: Total time for which application threads were stopped: 0.0006510 seconds, Stopping threads took: 0.0000223 seconds
25.988: [GC (Allocation Failure)  73381K->677K(415232K), 0.0004680 secs]
25.988: Total time for which application threads were stopped: 0.0006130 seconds, Stopping threads took: 0.0000195 seconds
26.032: [GC (Allocation Failure)  72357K->677K(414208K), 0.0004349 secs]
26.033: Total time for which application threads were stopped: 0.0005671 seconds, Stopping threads took: 0.0000193 seconds
26.080: [GC (Allocation Failure)  71333K->613K(413184K), 0.0004901 secs]
26.080: Total time for which application threads were stopped: 0.0006212 seconds, Stopping threads took: 0.0000214 seconds
26.130: [GC (Allocation Failure)  70245K->677K(412160K), 0.0005166 secs]
26.130: Total time for which application threads were stopped: 0.0006339 seconds, Stopping threads took: 0.0000276 seconds
26.174: [GC (Allocation Failure)  69285K->645K(411136K), 0.0004888 secs]
26.175: Total time for which application threads were stopped: 0.0006245 seconds, Stopping threads took: 0.0000289 seconds
26.223: [GC (Allocation Failure)  68229K->645K(410112K), 0.0005052 secs]
26.223: Total time for which application threads were stopped: 0.0006363 seconds, Stopping threads took: 0.0000216 seconds
26.264: [GC (Allocation Failure)  67205K->613K(409088K), 0.0005930 secs]
26.265: Total time for which application threads were stopped: 0.0007290 seconds, Stopping threads took: 0.0000279 seconds
26.306: [GC (Allocation Failure)  66149K->645K(422400K), 0.0006417 secs]
26.306: Total time for which application threads were stopped: 0.0007765 seconds, Stopping threads took: 0.0000211 seconds
26.356: [GC (Allocation Failure)  79493K->677K(421376K), 0.0004419 secs]
26.356: Total time for which application threads were stopped: 0.0005631 seconds, Stopping threads took: 0.0000196 seconds
26.404: [GC (Allocation Failure)  78501K->677K(420352K), 0.0005875 secs]
26.405: Total time for which application threads were stopped: 0.0007311 seconds, Stopping threads took: 0.0000287 seconds
26.453: [GC (Allocation Failure)  77477K->645K(419328K), 0.0004446 secs]
26.454: Total time for which application threads were stopped: 0.0005748 seconds, Stopping threads took: 0.0000271 seconds
26.501: [GC (Allocation Failure)  76421K->613K(418304K), 0.0004232 secs]
26.501: Total time for which application threads were stopped: 0.0005426 seconds, Stopping threads took: 0.0000194 seconds
26.548: [GC (Allocation Failure)  75365K->613K(417280K), 0.0006119 secs]
26.548: Total time for which application threads were stopped: 0.0007330 seconds, Stopping threads took: 0.0000196 seconds
26.594: [GC (Allocation Failure)  74341K->613K(432128K), 0.0006254 secs]
26.595: Total time for which application threads were stopped: 0.0007688 seconds, Stopping threads took: 0.0000210 seconds
26.649: [GC (Allocation Failure)  89189K->677K(450048K), 0.0006451 secs]
26.650: Total time for which application threads were stopped: 0.0008019 seconds, Stopping threads took: 0.0000228 seconds
26.716: [GC (Allocation Failure)  107173K->677K(448000K), 0.0004985 secs]
26.716: Total time for which application threads were stopped: 0.0006508 seconds, Stopping threads took: 0.0000231 seconds
26.781: [GC (Allocation Failure)  105125K->645K(445952K), 0.0004949 secs]
26.781: Total time for which application threads were stopped: 0.0006163 seconds, Stopping threads took: 0.0000200 seconds
26.850: [GC (Allocation Failure)  103045K->709K(443904K), 0.0005537 secs]
26.851: Total time for which application threads were stopped: 0.0006909 seconds, Stopping threads took: 0.0000224 seconds
26.912: [GC (Allocation Failure)  101061K->741K(441856K), 0.0005162 secs]
26.913: Total time for which application threads were stopped: 0.0006672 seconds, Stopping threads took: 0.0000267 seconds
26.978: [GC (Allocation Failure)  99045K->677K(439808K), 0.0005221 secs]
26.978: Total time for which application threads were stopped: 0.0006430 seconds, Stopping threads took: 0.0000194 seconds
27.037: [GC (Allocation Failure)  96933K->709K(437760K), 0.0004688 secs]
27.038: Total time for which application threads were stopped: 0.0005961 seconds, Stopping threads took: 0.0000270 seconds
27.096: [GC (Allocation Failure)  94917K->613K(436224K), 0.0006907 secs]
27.097: Total time for which application threads were stopped: 0.0008384 seconds, Stopping threads took: 0.0000286 seconds
27.155: [GC (Allocation Failure)  93285K->709K(434688K), 0.0006907 secs]
27.155: Total time for which application threads were stopped: 0.0008198 seconds, Stopping threads took: 0.0000283 seconds
27.211: [GC (Allocation Failure)  91845K->677K(433152K), 0.0005193 secs]
27.212: Total time for which application threads were stopped: 0.0006667 seconds, Stopping threads took: 0.0000214 seconds
27.267: [GC (Allocation Failure)  90277K->645K(431616K), 0.0005420 secs]
27.268: Total time for which application threads were stopped: 0.0006940 seconds, Stopping threads took: 0.0000233 seconds
27.322: [GC (Allocation Failure)  88709K->645K(430080K), 0.0004638 secs]
27.322: Total time for which application threads were stopped: 0.0005932 seconds, Stopping threads took: 0.0000280 seconds
27.379: [GC (Allocation Failure)  87173K->677K(428544K), 0.0004690 secs]
27.379: Total time for which application threads were stopped: 0.0005990 seconds, Stopping threads took: 0.0000220 seconds
27.436: [GC (Allocation Failure)  85669K->677K(427008K), 0.0006852 secs]
27.437: Total time for which application threads were stopped: 0.0008148 seconds, Stopping threads took: 0.0000289 seconds
27.489: [GC (Allocation Failure)  84133K->677K(425472K), 0.0005146 secs]
27.489: Total time for which application threads were stopped: 0.0006461 seconds, Stopping threads took: 0.0000220 seconds
27.540: [GC (Allocation Failure)  82597K->645K(423936K), 0.0004983 secs]
27.540: Total time for which application threads were stopped: 0.0006351 seconds, Stopping threads took: 0.0000277 seconds
27.595: [GC (Allocation Failure)  81029K->709K(422400K), 0.0005145 secs]
27.596: Total time for which application threads were stopped: 0.0006410 seconds, Stopping threads took: 0.0000273 seconds
27.645: [GC (Allocation Failure)  79557K->613K(421376K), 0.0005891 secs]
27.645: Total time for which application threads were stopped: 0.0006987 seconds, Stopping threads took: 0.0000167 seconds
27.699: [GC (Allocation Failure)  78437K->613K(420352K), 0.0006713 secs]
27.699: Total time for which application threads were stopped: 0.0008166 seconds, Stopping threads took: 0.0000280 seconds
27.747: [GC (Allocation Failure)  77413K->645K(419328K), 0.0005196 secs]
27.747: Total time for which application threads were stopped: 0.0006449 seconds, Stopping threads took: 0.0000277 seconds
27.799: [GC (Allocation Failure)  76421K->677K(418304K), 0.0004898 secs]
27.799: Total time for which application threads were stopped: 0.0006155 seconds, Stopping threads took: 0.0000276 seconds
27.845: [GC (Allocation Failure)  75429K->613K(417280K), 0.0004977 secs]
27.846: Total time for which application threads were stopped: 0.0006256 seconds, Stopping threads took: 0.0000281 seconds
27.897: [GC (Allocation Failure)  74341K->645K(416256K), 0.0004618 secs]
27.897: Total time for which application threads were stopped: 0.0005660 seconds, Stopping threads took: 0.0000168 seconds
27.942: [GC (Allocation Failure)  73349K->645K(415232K), 0.0003907 secs]
27.942: Total time for which application threads were stopped: 0.0004966 seconds, Stopping threads took: 0.0000165 seconds
27.987: [GC (Allocation Failure)  72325K->677K(414208K), 0.0004937 secs]
27.987: Total time for which application threads were stopped: 0.0006038 seconds, Stopping threads took: 0.0000166 seconds
28.031: [GC (Allocation Failure)  71333K->709K(413184K), 0.0005541 secs]
28.032: Total time for which application threads were stopped: 0.0007257 seconds, Stopping threads took: 0.0000587 seconds
28.079: [GC (Allocation Failure)  70341K->741K(412160K), 0.0004986 secs]
28.079: Total time for which application threads were stopped: 0.0006263 seconds, Stopping threads took: 0.0000222 seconds
28.122: [GC (Allocation Failure)  69349K->677K(411136K), 0.0004913 secs]
28.122: Total time for which application threads were stopped: 0.0006060 seconds, Stopping threads took: 0.0000193 seconds
28.164: [GC (Allocation Failure)  68261K->677K(410112K), 0.0004788 secs]
28.165: Total time for which application threads were stopped: 0.0006069 seconds, Stopping threads took: 0.0000278 seconds
28.209: [GC (Allocation Failure)  67237K->677K(409088K), 0.0005717 secs]
28.210: Total time for which application threads were stopped: 0.0006976 seconds, Stopping threads took: 0.0000271 seconds
28.255: [GC (Allocation Failure)  66213K->645K(408064K), 0.0005145 secs]
28.256: Total time for which application threads were stopped: 0.0006325 seconds, Stopping threads took: 0.0000190 seconds
28.299: [GC (Allocation Failure)  65157K->645K(407040K), 0.0004285 secs]
28.299: Total time for which application threads were stopped: 0.0005357 seconds, Stopping threads took: 0.0000170 seconds
28.338: [GC (Allocation Failure)  64133K->645K(406016K), 0.0004664 secs]
28.339: Total time for which application threads were stopped: 0.0005851 seconds, Stopping threads took: 0.0000198 seconds
28.378: [GC (Allocation Failure)  63109K->677K(418816K), 0.0006731 secs]
28.379: Total time for which application threads were stopped: 0.0008048 seconds, Stopping threads took: 0.0000214 seconds
28.425: [GC (Allocation Failure)  75941K->645K(434176K), 0.0004872 secs]
28.426: Total time for which application threads were stopped: 0.0006034 seconds, Stopping threads took: 0.0000195 seconds
28.482: [GC (Allocation Failure)  91269K->677K(432640K), 0.0004900 secs]
28.483: Total time for which application threads were stopped: 0.0006234 seconds, Stopping threads took: 0.0000266 seconds
28.538: [GC (Allocation Failure)  89765K->677K(431104K), 0.0006101 secs]
28.539: Total time for which application threads were stopped: 0.0007446 seconds, Stopping threads took: 0.0000306 seconds
28.598: [GC (Allocation Failure)  88229K->677K(429568K), 0.0005148 secs]
28.599: Total time for which application threads were stopped: 0.0006398 seconds, Stopping threads took: 0.0000271 seconds
28.652: [GC (Allocation Failure)  86693K->645K(428032K), 0.0004766 secs]
28.652: Total time for which application threads were stopped: 0.0006026 seconds, Stopping threads took: 0.0000275 seconds
28.711: [GC (Allocation Failure)  85125K->645K(426496K), 0.0005012 secs]
28.712: Total time for which application threads were stopped: 0.0006160 seconds, Stopping threads took: 0.0000191 seconds
28.767: [GC (Allocation Failure)  83589K->677K(424960K), 0.0004860 secs]
28.767: Total time for which application threads were stopped: 0.0006193 seconds, Stopping threads took: 0.0000200 seconds
28.817: [GC (Allocation Failure)  82085K->613K(423424K), 0.0005006 secs]
28.818: Total time for which application threads were stopped: 0.0006285 seconds, Stopping threads took: 0.0000210 seconds
28.871: [GC (Allocation Failure)  80485K->677K(422400K), 0.0004852 secs]
28.871: Total time for which application threads were stopped: 0.0006116 seconds, Stopping threads took: 0.0000271 seconds
28.920: [GC (Allocation Failure)  79525K->613K(421376K), 0.0005010 secs]
28.921: Total time for which application threads were stopped: 0.0006435 seconds, Stopping threads took: 0.0000215 seconds
28.969: [GC (Allocation Failure)  78437K->677K(420352K), 0.0005546 secs]
28.970: Total time for which application threads were stopped: 0.0006930 seconds, Stopping threads took: 0.0000263 seconds
29.017: [GC (Allocation Failure)  77477K->677K(419328K), 0.0004682 secs]
29.018: Total time for which application threads were stopped: 0.0005957 seconds, Stopping threads took: 0.0000275 seconds
29.065: [GC (Allocation Failure)  76453K->741K(418304K), 0.0005164 secs]
29.065: Total time for which application threads were stopped: 0.0006457 seconds, Stopping threads took: 0.0000210 seconds
29.111: [GC (Allocation Failure)  75493K->645K(417280K), 0.0005552 secs]
29.112: Total time for which application threads were stopped: 0.0007005 seconds, Stopping threads took: 0.0000227 seconds
29.165: [GC (Allocation Failure)  74373K->677K(416256K), 0.0005377 secs]
29.165: Total time for which application threads were stopped: 0.0006720 seconds, Stopping threads took: 0.0000215 seconds
29.213: [GC (Allocation Failure)  73381K->709K(415232K), 0.0005395 secs]
29.214: Total time for which application threads were stopped: 0.0006678 seconds, Stopping threads took: 0.0000205 seconds
29.258: [GC (Allocation Failure)  72389K->677K(414208K), 0.0005078 secs]
29.258: Total time for which application threads were stopped: 0.0006517 seconds, Stopping threads took: 0.0000219 seconds
29.307: [GC (Allocation Failure)  71333K->677K(413184K), 0.0005685 secs]
29.308: Total time for which application threads were stopped: 0.0006972 seconds, Stopping threads took: 0.0000215 seconds
29.351: [GC (Allocation Failure)  70309K->677K(427520K), 0.0006143 secs]
29.351: Total time for which application threads were stopped: 0.0007351 seconds, Stopping threads took: 0.0000197 seconds
29.410: [GC (Allocation Failure)  84645K->645K(425984K), 0.0004923 secs]
29.411: Total time for which application threads were stopped: 0.0006222 seconds, Stopping threads took: 0.0000265 seconds
29.468: [GC (Allocation Failure)  83077K->677K(424448K), 0.0004854 secs]
29.468: Total time for which application threads were stopped: 0.0006073 seconds, Stopping threads took: 0.0000265 seconds
29.519: [GC (Allocation Failure)  81573K->677K(422912K), 0.0004869 secs]
29.519: Total time for which application threads were stopped: 0.0006293 seconds, Stopping threads took: 0.0000215 seconds
29.572: [GC (Allocation Failure)  80037K->645K(421888K), 0.0004938 secs]
29.573: Total time for which application threads were stopped: 0.0006261 seconds, Stopping threads took: 0.0000281 seconds
29.624: [GC (Allocation Failure)  78981K->677K(420864K), 0.0005906 secs]
29.625: Total time for which application threads were stopped: 0.0007179 seconds, Stopping threads took: 0.0000280 seconds
29.673: [GC (Allocation Failure)  77989K->677K(419840K), 0.0004738 secs]
29.673: Total time for which application threads were stopped: 0.0005972 seconds, Stopping threads took: 0.0000273 seconds
29.720: [GC (Allocation Failure)  76965K->677K(418816K), 0.0004587 secs]
29.721: Total time for which application threads were stopped: 0.0005852 seconds, Stopping threads took: 0.0000273 seconds
29.767: [GC (Allocation Failure)  75941K->677K(417792K), 0.0004842 secs]
29.767: Total time for which application threads were stopped: 0.0006093 seconds, Stopping threads took: 0.0000195 seconds
29.813: [GC (Allocation Failure)  74917K->613K(416768K), 0.0006366 secs]
29.814: Total time for which application threads were stopped: 0.0007693 seconds, Stopping threads took: 0.0000193 seconds
29.864: [GC (Allocation Failure)  73829K->677K(415744K), 0.0005803 secs]
29.865: Total time for which application threads were stopped: 0.0007058 seconds, Stopping threads took: 0.0000273 seconds
29.915: [GC (Allocation Failure)  72869K->645K(414720K), 0.0004883 secs]
29.916: Total time for which application threads were stopped: 0.0006053 seconds, Stopping threads took: 0.0000192 seconds
29.960: [GC (Allocation Failure)  71813K->645K(413696K), 0.0004119 secs]
29.961: Total time for which application threads were stopped: 0.0005295 seconds, Stopping threads took: 0.0000191 seconds
30.010: [GC (Allocation Failure)  70789K->709K(412672K), 0.0004260 secs]
30.010: Total time for which application threads were stopped: 0.0005443 seconds, Stopping threads took: 0.0000196 seconds
30.053: [GC (Allocation Failure)  69829K->677K(411648K), 0.0005955 secs]
30.053: Total time for which application threads were stopped: 0.0007103 seconds, Stopping threads took: 0.0000174 seconds
30.095: [GC (Allocation Failure)  68773K->645K(425472K), 0.0006276 secs]
30.096: Total time for which application threads were stopped: 0.0007642 seconds, Stopping threads took: 0.0000284 seconds
30.154: [GC (Allocation Failure)  82565K->741K(423936K), 0.0005011 secs]
30.154: Total time for which application threads were stopped: 0.0006283 seconds, Stopping threads took: 0.0000273 seconds
30.204: [GC (Allocation Failure)  81125K->709K(422400K), 0.0004865 secs]
30.205: Total time for which application threads were stopped: 0.0006169 seconds, Stopping threads took: 0.0000267 seconds
30.254: [GC (Allocation Failure)  79557K->677K(421376K), 0.0005060 secs]
30.254: Total time for which application threads were stopped: 0.0006472 seconds, Stopping threads took: 0.0000215 seconds
30.302: [GC (Allocation Failure)  78501K->645K(420352K), 0.0004525 secs]
30.303: Total time for which application threads were stopped: 0.0005615 seconds, Stopping threads took: 0.0000170 seconds
30.355: [GC (Allocation Failure)  77445K->645K(419328K), 0.0004994 secs]
30.355: Total time for which application threads were stopped: 0.0006144 seconds, Stopping threads took: 0.0000187 seconds
30.402: [GC (Allocation Failure)  76421K->677K(418304K), 0.0004903 secs]
30.403: Total time for which application threads were stopped: 0.0006086 seconds, Stopping threads took: 0.0000196 seconds
30.449: [GC (Allocation Failure)  75429K->677K(417280K), 0.0004668 secs]
30.450: Total time for which application threads were stopped: 0.0005939 seconds, Stopping threads took: 0.0000260 seconds
30.495: [GC (Allocation Failure)  74405K->613K(416256K), 0.0006311 secs]
30.496: Total time for which application threads were stopped: 0.0007682 seconds, Stopping threads took: 0.0000210 seconds
30.541: [GC (Allocation Failure)  73317K->645K(415232K), 0.0005177 secs]
30.541: Total time for which application threads were stopped: 0.0006725 seconds, Stopping threads took: 0.0000299 seconds
30.591: [GC (Allocation Failure)  72325K->613K(429568K), 0.0007008 secs]
30.592: Total time for which application threads were stopped: 0.0008442 seconds, Stopping threads took: 0.0000222 seconds
30.645: [GC (Allocation Failure)  86629K->677K(428032K), 0.0005373 secs]
30.646: Total time for which application threads were stopped: 0.0006855 seconds, Stopping threads took: 0.0000231 seconds
30.698: [GC (Allocation Failure)  85157K->645K(426496K), 0.0005195 secs]
30.699: Total time for which application threads were stopped: 0.0006427 seconds, Stopping threads took: 0.0000203 seconds
30.750: [GC (Allocation Failure)  83589K->677K(424960K), 0.0005976 secs]
30.751: Total time for which application threads were stopped: 0.0007250 seconds, Stopping threads took: 0.0000219 seconds
30.804: [GC (Allocation Failure)  82085K->677K(423424K), 0.0005132 secs]
30.805: Total time for which application threads were stopped: 0.0006328 seconds, Stopping threads took: 0.0000193 seconds
30.854: [GC (Allocation Failure)  80549K->677K(422400K), 0.0004770 secs]
30.855: Total time for which application threads were stopped: 0.0006040 seconds, Stopping threads took: 0.0000269 seconds
30.903: [GC (Allocation Failure)  79525K->645K(421376K), 0.0005507 secs]
30.904: Total time for which application threads were stopped: 0.0006777 seconds, Stopping threads took: 0.0000271 seconds
30.952: [GC (Allocation Failure)  78469K->645K(420352K), 0.0004350 secs]
30.953: Total time for which application threads were stopped: 0.0005550 seconds, Stopping threads took: 0.0000195 seconds
31.001: [GC (Allocation Failure)  77445K->677K(419328K), 0.0004340 secs]
31.001: Total time for which application threads were stopped: 0.0005547 seconds, Stopping threads took: 0.0000197 seconds
31.048: [GC (Allocation Failure)  76453K->709K(418304K), 0.0005394 secs]
31.049: Total time for which application threads were stopped: 0.0006663 seconds, Stopping threads took: 0.0000273 seconds
31.095: [GC (Allocation Failure)  75461K->645K(417280K), 0.0005162 secs]
31.095: Total time for which application threads were stopped: 0.0006392 seconds, Stopping threads took: 0.0000187 seconds
31.141: [GC (Allocation Failure)  74373K->613K(416256K), 0.0004541 secs]
31.142: Total time for which application threads were stopped: 0.0005614 seconds, Stopping threads took: 0.0000165 seconds
31.187: [GC (Allocation Failure)  73317K->677K(415232K), 0.0005970 secs]
31.187: Total time for which application threads were stopped: 0.0007341 seconds, Stopping threads took: 0.0000276 seconds
31.235: [GC (Allocation Failure)  72357K->613K(414208K), 0.0004920 secs]
31.236: Total time for which application threads were stopped: 0.0006167 seconds, Stopping threads took: 0.0000199 seconds
31.286: [GC (Allocation Failure)  71269K->709K(413184K), 0.0007001 secs]
31.287: Total time for which application threads were stopped: 0.0008407 seconds, Stopping threads took: 0.0000291 seconds
31.335: [GC (Allocation Failure)  70341K->645K(412160K), 0.0004799 secs]
31.336: Total time for which application threads were stopped: 0.0006177 seconds, Stopping threads took: 0.0000307 seconds
31.378: [GC (Allocation Failure)  69253K->613K(411136K), 0.0004987 secs]
31.379: Total time for which application threads were stopped: 0.0006252 seconds, Stopping threads took: 0.0000191 seconds
31.420: [GC (Allocation Failure)  68197K->709K(424960K), 0.0006277 secs]
31.421: Total time for which application threads were stopped: 0.0007513 seconds, Stopping threads took: 0.0000293 seconds
31.474: [GC (Allocation Failure)  82117K->645K(423424K), 0.0004584 secs]
31.475: Total time for which application threads were stopped: 0.0005787 seconds, Stopping threads took: 0.0000252 seconds
31.524: [GC (Allocation Failure)  80517K->677K(422400K), 0.0004207 secs]
31.525: Total time for which application threads were stopped: 0.0005371 seconds, Stopping threads took: 0.0000196 seconds
31.580: [GC (Allocation Failure)  79525K->677K(421376K), 0.0005730 secs]
31.580: Total time for which application threads were stopped: 0.0007065 seconds, Stopping threads took: 0.0000193 seconds
31.634: [GC (Allocation Failure)  78501K->645K(420352K), 0.0005456 secs]
31.635: Total time for which application threads were stopped: 0.0006749 seconds, Stopping threads took: 0.0000196 seconds
31.687: [GC (Allocation Failure)  77445K->677K(419328K), 0.0005668 secs]
31.688: Total time for which application threads were stopped: 0.0007011 seconds, Stopping threads took: 0.0000214 seconds
31.738: [GC (Allocation Failure)  76453K->613K(418304K), 0.0005795 secs]
31.739: Total time for which application threads were stopped: 0.0007169 seconds, Stopping threads took: 0.0000220 seconds
31.785: [GC (Allocation Failure)  75365K->613K(417280K), 0.0005882 secs]
31.786: Total time for which application threads were stopped: 0.0007353 seconds, Stopping threads took: 0.0000228 seconds
31.836: [GC (Allocation Failure)  74341K->741K(416256K), 0.0005196 secs]
31.837: Total time for which application threads were stopped: 0.0006651 seconds, Stopping threads took: 0.0000234 seconds
31.881: [GC (Allocation Failure)  73445K->645K(415232K), 0.0005311 secs]
31.882: Total time for which application threads were stopped: 0.0006762 seconds, Stopping threads took: 0.0000234 seconds
31.926: [GC (Allocation Failure)  72325K->645K(414208K), 0.0004827 secs]
31.927: Total time for which application threads were stopped: 0.0006290 seconds, Stopping threads took: 0.0000294 seconds
31.970: [GC (Allocation Failure)  71301K->677K(413184K), 0.0004700 secs]
31.971: Total time for which application threads were stopped: 0.0006162 seconds, Stopping threads took: 0.0000215 seconds
32.019: [GC (Allocation Failure)  70309K->677K(412160K), 0.0004866 secs]
32.020: Total time for which application threads were stopped: 0.0006181 seconds, Stopping threads took: 0.0000174 seconds
32.062: [GC (Allocation Failure)  69285K->709K(411136K), 0.0004885 secs]
32.063: Total time for which application threads were stopped: 0.0006059 seconds, Stopping threads took: 0.0000198 seconds
32.104: [GC (Allocation Failure)  68293K->645K(410112K), 0.0004828 secs]
32.105: Total time for which application threads were stopped: 0.0006120 seconds, Stopping threads took: 0.0000281 seconds
32.147: [GC (Allocation Failure)  67205K->645K(409088K), 0.0004331 secs]
32.147: Total time for which application threads were stopped: 0.0005526 seconds, Stopping threads took: 0.0000165 seconds
32.191: [GC (Allocation Failure)  66181K->677K(422400K), 0.0007304 secs]
32.192: Total time for which application threads were stopped: 0.0008673 seconds, Stopping threads took: 0.0000212 seconds
32.241: [GC (Allocation Failure)  79525K->677K(421376K), 0.0004075 secs]
32.241: Total time for which application threads were stopped: 0.0005286 seconds, Stopping threads took: 0.0000199 seconds
32.295: [GC (Allocation Failure)  78501K->645K(420352K), 0.0006625 secs]
32.296: Total time for which application threads were stopped: 0.0007973 seconds, Stopping threads took: 0.0000193 seconds
32.349: [GC (Allocation Failure)  77445K->677K(419328K), 0.0004669 secs]
32.350: Total time for which application threads were stopped: 0.0005911 seconds, Stopping threads took: 0.0000217 seconds
32.402: [GC (Allocation Failure)  76453K->677K(418304K), 0.0005052 secs]
32.403: Total time for which application threads were stopped: 0.0006350 seconds, Stopping threads took: 0.0000188 seconds
32.449: [GC (Allocation Failure)  75429K->645K(417280K), 0.0004219 secs]
32.450: Total time for which application threads were stopped: 0.0005489 seconds, Stopping threads took: 0.0000199 seconds
32.495: [GC (Allocation Failure)  74373K->613K(416256K), 0.0006303 secs]
32.496: Total time for which application threads were stopped: 0.0007498 seconds, Stopping threads took: 0.0000207 seconds
32.548: [GC (Allocation Failure)  73317K->645K(415232K), 0.0005127 secs]
32.549: Total time for which application threads were stopped: 0.0006392 seconds, Stopping threads took: 0.0000268 seconds
32.596: [GC (Allocation Failure)  72325K->645K(414208K), 0.0006541 secs]
32.597: Total time for which application threads were stopped: 0.0007737 seconds, Stopping threads took: 0.0000194 seconds
32.640: [GC (Allocation Failure)  71301K->677K(413184K), 0.0004635 secs]
32.641: Total time for which application threads were stopped: 0.0005838 seconds, Stopping threads took: 0.0000191 seconds
32.683: [GC (Allocation Failure)  70309K->645K(412160K), 0.0004539 secs]
32.684: Total time for which application threads were stopped: 0.0005644 seconds, Stopping threads took: 0.0000170 seconds
32.732: [GC (Allocation Failure)  69253K->645K(411136K), 0.0005685 secs]
32.733: Total time for which application threads were stopped: 0.0006734 seconds, Stopping threads took: 0.0000170 seconds
32.774: [GC (Allocation Failure)  68229K->741K(424960K), 0.0005763 secs]
32.775: Total time for which application threads were stopped: 0.0006976 seconds, Stopping threads took: 0.0000205 seconds
32.825: [GC (Allocation Failure)  82149K->677K(423424K), 0.0004882 secs]
32.825: Total time for which application threads were stopped: 0.0006070 seconds, Stopping threads took: 0.0000196 seconds
32.875: [GC (Allocation Failure)  80549K->645K(422400K), 0.0004938 secs]
32.875: Total time for which application threads were stopped: 0.0006133 seconds, Stopping threads took: 0.0000193 seconds
32.930: [GC (Allocation Failure)  79493K->677K(421376K), 0.0005523 secs]
32.930: Total time for which application threads were stopped: 0.0006872 seconds, Stopping threads took: 0.0000213 seconds
32.979: [GC (Allocation Failure)  78501K->645K(420352K), 0.0005148 secs]
32.980: Total time for which application threads were stopped: 0.0006495 seconds, Stopping threads took: 0.0000265 seconds
33.027: [GC (Allocation Failure)  77445K->677K(419328K), 0.0005288 secs]
33.028: Total time for which application threads were stopped: 0.0006716 seconds, Stopping threads took: 0.0000208 seconds
33.081: [GC (Allocation Failure)  76453K->645K(418304K), 0.0004760 secs]
33.081: Total time for which application threads were stopped: 0.0006083 seconds, Stopping threads took: 0.0000211 seconds
33.131: [GC (Allocation Failure)  75397K->645K(417280K), 0.0006268 secs]
33.131: Total time for which application threads were stopped: 0.0007536 seconds, Stopping threads took: 0.0000272 seconds
33.178: [GC (Allocation Failure)  74373K->741K(432128K), 0.0007688 secs]
33.179: Total time for which application threads were stopped: 0.0008976 seconds, Stopping threads took: 0.0000203 seconds
33.233: [GC (Allocation Failure)  89317K->709K(430592K), 0.0004836 secs]
33.234: Total time for which application threads were stopped: 0.0006071 seconds, Stopping threads took: 0.0000213 seconds
33.292: [GC (Allocation Failure)  87749K->677K(429056K), 0.0006226 secs]
33.293: Total time for which application threads were stopped: 0.0007410 seconds, Stopping threads took: 0.0000194 seconds
33.346: [GC (Allocation Failure)  86181K->709K(427520K), 0.0005628 secs]
33.346: Total time for which application threads were stopped: 0.0006819 seconds, Stopping threads took: 0.0000194 seconds
33.403: [GC (Allocation Failure)  84677K->709K(425984K), 0.0004936 secs]
33.404: Total time for which application threads were stopped: 0.0006303 seconds, Stopping threads took: 0.0000200 seconds
33.455: [GC (Allocation Failure)  83141K->613K(424448K), 0.0004688 secs]
33.455: Total time for which application threads were stopped: 0.0006075 seconds, Stopping threads took: 0.0000257 seconds
33.505: [GC (Allocation Failure)  81509K->645K(422912K), 0.0004649 secs]
33.505: Total time for which application threads were stopped: 0.0005970 seconds, Stopping threads took: 0.0000254 seconds
33.554: [GC (Allocation Failure)  80005K->677K(421888K), 0.0006241 secs]
33.555: Total time for which application threads were stopped: 0.0007570 seconds, Stopping threads took: 0.0000292 seconds
33.603: [GC (Allocation Failure)  79013K->677K(420864K), 0.0004739 secs]
33.603: Total time for which application threads were stopped: 0.0005946 seconds, Stopping threads took: 0.0000191 seconds
33.659: [GC (Allocation Failure)  77989K->677K(419840K), 0.0005596 secs]
33.659: Total time for which application threads were stopped: 0.0007007 seconds, Stopping threads took: 0.0000286 seconds
33.712: [GC (Allocation Failure)  76965K->645K(418816K), 0.0005820 secs]
33.713: Total time for which application threads were stopped: 0.0007223 seconds, Stopping threads took: 0.0000225 seconds
33.765: [GC (Allocation Failure)  75909K->709K(417792K), 0.0004815 secs]
33.765: Total time for which application threads were stopped: 0.0006153 seconds, Stopping threads took: 0.0000232 seconds
33.811: [GC (Allocation Failure)  74949K->709K(416768K), 0.0004883 secs]
33.812: Total time for which application threads were stopped: 0.0006087 seconds, Stopping threads took: 0.0000196 seconds
33.864: [GC (Allocation Failure)  73925K->709K(415744K), 0.0005221 secs]
33.864: Total time for which application threads were stopped: 0.0006641 seconds, Stopping threads took: 0.0000211 seconds
33.909: [GC (Allocation Failure)  72901K->645K(414720K), 0.0004937 secs]
33.909: Total time for which application threads were stopped: 0.0006398 seconds, Stopping threads took: 0.0000298 seconds
33.954: [GC (Allocation Failure)  71813K->645K(413696K), 0.0003676 secs]
33.954: Total time for which application threads were stopped: 0.0004999 seconds, Stopping threads took: 0.0000260 seconds
33.997: [GC (Allocation Failure)  70789K->645K(412672K), 0.0005108 secs]
33.998: Total time for which application threads were stopped: 0.0006317 seconds, Stopping threads took: 0.0000196 seconds
34.046: [GC (Allocation Failure)  69765K->677K(411648K), 0.0004298 secs]
34.047: Total time for which application threads were stopped: 0.0005566 seconds, Stopping threads took: 0.0000276 seconds
34.089: [GC (Allocation Failure)  68773K->677K(410624K), 0.0004844 secs]
34.089: Total time for which application threads were stopped: 0.0006044 seconds, Stopping threads took: 0.0000203 seconds
34.131: [GC (Allocation Failure)  67749K->677K(409600K), 0.0006088 secs]
34.132: Total time for which application threads were stopped: 0.0007354 seconds, Stopping threads took: 0.0000266 seconds
34.174: [GC (Allocation Failure)  66725K->613K(422912K), 0.0005966 secs]
34.175: Total time for which application threads were stopped: 0.0007290 seconds, Stopping threads took: 0.0000195 seconds
34.224: [GC (Allocation Failure)  79973K->677K(438784K), 0.0006125 secs]
34.224: Total time for which application threads were stopped: 0.0007307 seconds, Stopping threads took: 0.0000195 seconds
34.283: [GC (Allocation Failure)  95909K->709K(437248K), 0.0005225 secs]
34.284: Total time for which application threads were stopped: 0.0006655 seconds, Stopping threads took: 0.0000213 seconds
34.346: [GC (Allocation Failure)  94405K->613K(435712K), 0.0005615 secs]
34.347: Total time for which application threads were stopped: 0.0006944 seconds, Stopping threads took: 0.0000216 seconds
34.409: [GC (Allocation Failure)  92773K->677K(434176K), 0.0005925 secs]
34.409: Total time for which application threads were stopped: 0.0007194 seconds, Stopping threads took: 0.0000275 seconds
34.469: [GC (Allocation Failure)  91301K->613K(432640K), 0.0004644 secs]
34.470: Total time for which application threads were stopped: 0.0007147 seconds, Stopping threads took: 0.0000266 seconds
34.525: [GC (Allocation Failure)  89701K->645K(431104K), 0.0004912 secs]
34.525: Total time for which application threads were stopped: 0.0006266 seconds, Stopping threads took: 0.0000208 seconds
34.579: [GC (Allocation Failure)  88197K->677K(429568K), 0.0005899 secs]
34.580: Total time for which application threads were stopped: 0.0007614 seconds, Stopping threads took: 0.0000224 seconds
34.633: [GC (Allocation Failure)  86693K->645K(428032K), 0.0004698 secs]
34.633: Total time for which application threads were stopped: 0.0006190 seconds, Stopping threads took: 0.0000225 seconds
34.691: [GC (Allocation Failure)  85125K->645K(426496K), 0.0004883 secs]
34.692: Total time for which application threads were stopped: 0.0005988 seconds, Stopping threads took: 0.0000172 seconds
34.750: [GC (Allocation Failure)  83589K->581K(424960K), 0.0005792 secs]
34.751: Total time for which application threads were stopped: 0.0006940 seconds, Stopping threads took: 0.0000192 seconds
34.805: [GC (Allocation Failure)  81989K->581K(423424K), 0.0005910 secs]
34.806: Total time for which application threads were stopped: 0.0006966 seconds, Stopping threads took: 0.0000165 seconds
34.855: [GC (Allocation Failure)  80453K->645K(422400K), 0.0004191 secs]
34.856: Total time for which application threads were stopped: 0.0005259 seconds, Stopping threads took: 0.0000160 seconds
34.907: [GC (Allocation Failure)  79493K->645K(421376K), 0.0004871 secs]
34.908: Total time for which application threads were stopped: 0.0006033 seconds, Stopping threads took: 0.0000179 seconds
34.956: [GC (Allocation Failure)  78469K->613K(420352K), 0.0005553 secs]
34.957: Total time for which application threads were stopped: 0.0006726 seconds, Stopping threads took: 0.0000190 seconds
35.010: [GC (Allocation Failure)  77413K->645K(419328K), 0.0004326 secs]
35.010: Total time for which application threads were stopped: 0.0005522 seconds, Stopping threads took: 0.0000189 seconds
35.057: [GC (Allocation Failure)  76421K->709K(418304K), 0.0004860 secs]
35.057: Total time for which application threads were stopped: 0.0006136 seconds, Stopping threads took: 0.0000271 seconds
35.103: [GC (Allocation Failure)  75461K->709K(417280K), 0.0004440 secs]
35.104: Total time for which application threads were stopped: 0.0005710 seconds, Stopping threads took: 0.0000274 seconds
35.156: [GC (Allocation Failure)  74437K->741K(416256K), 0.0004616 secs]
35.157: Total time for which application threads were stopped: 0.0005854 seconds, Stopping threads took: 0.0000262 seconds
35.205: [GC (Allocation Failure)  73445K->677K(415232K), 0.0005713 secs]
35.206: Total time for which application threads were stopped: 0.0007051 seconds, Stopping threads took: 0.0000276 seconds
35.253: [GC (Allocation Failure)  72357K->709K(414208K), 0.0005204 secs]
35.254: Total time for which application threads were stopped: 0.0006411 seconds, Stopping threads took: 0.0000197 seconds
35.303: [GC (Allocation Failure)  71365K->677K(413184K), 0.0004753 secs]
35.303: Total time for which application threads were stopped: 0.0006015 seconds, Stopping threads took: 0.0000261 seconds
35.346: [GC (Allocation Failure)  70309K->677K(412160K), 0.0005124 secs]
35.347: Total time for which application threads were stopped: 0.0006479 seconds, Stopping threads took: 0.0000215 seconds
35.389: [GC (Allocation Failure)  69285K->645K(411136K), 0.0005797 secs]
35.390: Total time for which application threads were stopped: 0.0007314 seconds, Stopping threads took: 0.0000301 seconds
35.436: [GC (Allocation Failure)  68229K->677K(410112K), 0.0004867 secs]
35.437: Total time for which application threads were stopped: 0.0006555 seconds, Stopping threads took: 0.0000285 seconds
35.478: [GC (Allocation Failure)  67237K->677K(423424K), 0.0005805 secs]
35.479: Total time for which application threads were stopped: 0.0007112 seconds, Stopping threads took: 0.0000199 seconds
35.535: [GC (Allocation Failure)  80549K->677K(422400K), 0.0004740 secs]
35.535: Total time for which application threads were stopped: 0.0006008 seconds, Stopping threads took: 0.0000156 seconds
35.588: [GC (Allocation Failure)  79525K->677K(421376K), 0.0005009 secs]
35.589: Total time for which application threads were stopped: 0.0006328 seconds, Stopping threads took: 0.0000289 seconds
35.636: [GC (Allocation Failure)  78501K->645K(420352K), 0.0005800 secs]
35.637: Total time for which application threads were stopped: 0.0007227 seconds, Stopping threads took: 0.0000214 seconds
35.684: [GC (Allocation Failure)  77445K->645K(419328K), 0.0005237 secs]
35.685: Total time for which application threads were stopped: 0.0006431 seconds, Stopping threads took: 0.0000195 seconds
35.735: [GC (Allocation Failure)  76421K->677K(418304K), 0.0006809 secs]
35.736: Total time for which application threads were stopped: 0.0008233 seconds, Stopping threads took: 0.0000292 seconds
35.785: [GC (Allocation Failure)  75429K->645K(417280K), 0.0005191 secs]
35.786: Total time for which application threads were stopped: 0.0006623 seconds, Stopping threads took: 0.0000219 seconds
35.837: [GC (Allocation Failure)  74373K->613K(432128K), 0.0006743 secs]
35.838: Total time for which application threads were stopped: 0.0008018 seconds, Stopping threads took: 0.0000274 seconds
35.892: [GC (Allocation Failure)  89189K->709K(430592K), 0.0004872 secs]
35.893: Total time for which application threads were stopped: 0.0006147 seconds, Stopping threads took: 0.0000275 seconds
35.946: [GC (Allocation Failure)  87749K->613K(429056K), 0.0005910 secs]
35.947: Total time for which application threads were stopped: 0.0007211 seconds, Stopping threads took: 0.0000192 seconds
36.002: [GC (Allocation Failure)  86117K->645K(427520K), 0.0003968 secs]
36.002: Total time for which application threads were stopped: 0.0005177 seconds, Stopping threads took: 0.0000253 seconds
36.054: [GC (Allocation Failure)  84613K->645K(425984K), 0.0005426 secs]
36.055: Total time for which application threads were stopped: 0.0006692 seconds, Stopping threads took: 0.0000273 seconds
36.110: [GC (Allocation Failure)  83077K->613K(424448K), 0.0004661 secs]
36.111: Total time for which application threads were stopped: 0.0005900 seconds, Stopping threads took: 0.0000272 seconds
36.162: [GC (Allocation Failure)  81509K->645K(422912K), 0.0004912 secs]
36.162: Total time for which application threads were stopped: 0.0006125 seconds, Stopping threads took: 0.0000195 seconds
36.211: [GC (Allocation Failure)  80005K->613K(421888K), 0.0004840 secs]
36.212: Total time for which application threads were stopped: 0.0006100 seconds, Stopping threads took: 0.0000278 seconds
36.260: [GC (Allocation Failure)  78949K->645K(420864K), 0.0004982 secs]
36.260: Total time for which application threads were stopped: 0.0006261 seconds, Stopping threads took: 0.0000191 seconds
36.313: [GC (Allocation Failure)  77957K->709K(419840K), 0.0004470 secs]
36.314: Total time for which application threads were stopped: 0.0005724 seconds, Stopping threads took: 0.0000268 seconds
36.361: [GC (Allocation Failure)  76997K->709K(418816K), 0.0004400 secs]
36.361: Total time for which application threads were stopped: 0.0005646 seconds, Stopping threads took: 0.0000174 seconds
36.408: [GC (Allocation Failure)  75973K->645K(417792K), 0.0006019 secs]
36.408: Total time for which application threads were stopped: 0.0007339 seconds, Stopping threads took: 0.0000278 seconds
36.454: [GC (Allocation Failure)  74885K->645K(416768K), 0.0004146 secs]
36.455: Total time for which application threads were stopped: 0.0005372 seconds, Stopping threads took: 0.0000261 seconds
36.504: [GC (Allocation Failure)  73861K->645K(415744K), 0.0004550 secs]
36.505: Total time for which application threads were stopped: 0.0006039 seconds, Stopping threads took: 0.0000277 seconds
36.549: [GC (Allocation Failure)  72837K->613K(414720K), 0.0006273 secs]
36.550: Total time for which application threads were stopped: 0.0007428 seconds, Stopping threads took: 0.0000196 seconds
36.594: [GC (Allocation Failure)  71781K->613K(413696K), 0.0004839 secs]
36.594: Total time for which application threads were stopped: 0.0006005 seconds, Stopping threads took: 0.0000192 seconds
36.642: [GC (Allocation Failure)  70757K->645K(412672K), 0.0004718 secs]
36.643: Total time for which application threads were stopped: 0.0005777 seconds, Stopping threads took: 0.0000171 seconds
36.685: [GC (Allocation Failure)  69765K->645K(411648K), 0.0006172 secs]
36.686: Total time for which application threads were stopped: 0.0007670 seconds, Stopping threads took: 0.0000201 seconds
36.728: [GC (Allocation Failure)  68741K->677K(410624K), 0.0004882 secs]
36.729: Total time for which application threads were stopped: 0.0006167 seconds, Stopping threads took: 0.0000210 seconds
36.770: [GC (Allocation Failure)  67749K->645K(424448K), 0.0005212 secs]
36.771: Total time for which application threads were stopped: 0.0006714 seconds, Stopping threads took: 0.0000302 seconds
36.823: [GC (Allocation Failure)  81541K->709K(422912K), 0.0005065 secs]
36.824: Total time for which application threads were stopped: 0.0006508 seconds, Stopping threads took: 0.0000229 seconds
36.873: [GC (Allocation Failure)  80069K->613K(438784K), 0.0006665 secs]
36.873: Total time for which application threads were stopped: 0.0008029 seconds, Stopping threads took: 0.0000220 seconds
36.937: [GC (Allocation Failure)  95845K->677K(437248K), 0.0005247 secs]
36.938: Total time for which application threads were stopped: 0.0006519 seconds, Stopping threads took: 0.0000278 seconds
36.997: [GC (Allocation Failure)  94373K->645K(435712K), 0.0005279 secs]
36.997: Total time for which application threads were stopped: 0.0006540 seconds, Stopping threads took: 0.0000267 seconds
37.059: [GC (Allocation Failure)  92805K->709K(434176K), 0.0007574 secs]
37.060: Total time for which application threads were stopped: 0.0008784 seconds, Stopping threads took: 0.0000196 seconds
37.122: [GC (Allocation Failure)  91333K->645K(432640K), 0.0004887 secs]
37.123: Total time for which application threads were stopped: 0.0006173 seconds, Stopping threads took: 0.0000222 seconds
37.179: [GC (Allocation Failure)  89733K->613K(431104K), 0.0005817 secs]
37.179: Total time for which application threads were stopped: 0.0007006 seconds, Stopping threads took: 0.0000198 seconds
37.234: [GC (Allocation Failure)  88165K->613K(429568K), 0.0005692 secs]
37.234: Total time for which application threads were stopped: 0.0006808 seconds, Stopping threads took: 0.0000197 seconds
37.293: [GC (Allocation Failure)  86629K->645K(428032K), 0.0004870 secs]
37.294: Total time for which application threads were stopped: 0.0006167 seconds, Stopping threads took: 0.0000213 seconds
37.352: [GC (Allocation Failure)  85125K->709K(426496K), 0.0007045 secs]
37.353: Total time for which application threads were stopped: 0.0008237 seconds, Stopping threads took: 0.0000198 seconds
37.410: [GC (Allocation Failure)  83653K->709K(424960K), 0.0004750 secs]
37.411: Total time for which application threads were stopped: 0.0005990 seconds, Stopping threads took: 0.0000269 seconds
37.461: [GC (Allocation Failure)  82117K->645K(423424K), 0.0004317 secs]
37.462: Total time for which application threads were stopped: 0.0005485 seconds, Stopping threads took: 0.0000257 seconds
37.511: [GC (Allocation Failure)  80517K->613K(422400K), 0.0006083 secs]
37.512: Total time for which application threads were stopped: 0.0007351 seconds, Stopping threads took: 0.0000275 seconds
37.566: [GC (Allocation Failure)  79461K->677K(421376K), 0.0006256 secs]
37.567: Total time for which application threads were stopped: 0.0007589 seconds, Stopping threads took: 0.0000278 seconds
37.620: [GC (Allocation Failure)  78501K->581K(420352K), 0.0005335 secs]
37.620: Total time for which application threads were stopped: 0.0006558 seconds, Stopping threads took: 0.0000275 seconds
37.668: [GC (Allocation Failure)  77381K->645K(419328K), 0.0004974 secs]
37.668: Total time for which application threads were stopped: 0.0006286 seconds, Stopping threads took: 0.0000188 seconds
37.715: [GC (Allocation Failure)  76421K->645K(418304K), 0.0005448 secs]
37.715: Total time for which application threads were stopped: 0.0006700 seconds, Stopping threads took: 0.0000270 seconds
37.761: [GC (Allocation Failure)  75397K->677K(417280K), 0.0005059 secs]
37.762: Total time for which application threads were stopped: 0.0006290 seconds, Stopping threads took: 0.0000266 seconds
37.813: [GC (Allocation Failure)  74405K->677K(416256K), 0.0004105 secs]
37.813: Total time for which application threads were stopped: 0.0005209 seconds, Stopping threads took: 0.0000192 seconds
37.862: [GC (Allocation Failure)  73381K->677K(415232K), 0.0004723 secs]
37.862: Total time for which application threads were stopped: 0.0005990 seconds, Stopping threads took: 0.0000269 seconds
37.907: [GC (Allocation Failure)  72357K->613K(414208K), 0.0006071 secs]
37.908: Total time for which application threads were stopped: 0.0007405 seconds, Stopping threads took: 0.0000290 seconds
37.958: [GC (Allocation Failure)  71269K->645K(413184K), 0.0004541 secs]
37.959: Total time for which application threads were stopped: 0.0005767 seconds, Stopping threads took: 0.0000252 seconds
38.001: [GC (Allocation Failure)  70277K->773K(412160K), 0.0005114 secs]
38.002: Total time for which application threads were stopped: 0.0006369 seconds, Stopping threads took: 0.0000207 seconds
38.044: [GC (Allocation Failure)  69381K->709K(411136K), 0.0006117 secs]
38.045: Total time for which application threads were stopped: 0.0007465 seconds, Stopping threads took: 0.0000216 seconds
38.087: [GC (Allocation Failure)  68293K->613K(410112K), 0.0005043 secs]
38.087: Total time for which application threads were stopped: 0.0006602 seconds, Stopping threads took: 0.0000305 seconds
38.133: [GC (Allocation Failure)  67173K->709K(409088K), 0.0005394 secs]
38.134: Total time for which application threads were stopped: 0.0006602 seconds, Stopping threads took: 0.0000204 seconds
38.176: [GC (Allocation Failure)  66245K->613K(408064K), 0.0004743 secs]
38.176: Total time for which application threads were stopped: 0.0005938 seconds, Stopping threads took: 0.0000205 seconds
38.221: [GC (Allocation Failure)  65125K->645K(421376K), 0.0006260 secs]
38.221: Total time for which application threads were stopped: 0.0007615 seconds, Stopping threads took: 0.0000298 seconds
38.274: [GC (Allocation Failure)  78469K->709K(420352K), 0.0005059 secs]
38.274: Total time for which application threads were stopped: 0.0006422 seconds, Stopping threads took: 0.0000217 seconds
38.321: [GC (Allocation Failure)  77509K->709K(419328K), 0.0005303 secs]
38.322: Total time for which application threads were stopped: 0.0006805 seconds, Stopping threads took: 0.0000304 seconds
38.369: [GC (Allocation Failure)  76485K->613K(434688K), 0.0006871 secs]
38.369: Total time for which application threads were stopped: 0.0008347 seconds, Stopping threads took: 0.0000227 seconds
38.429: [GC (Allocation Failure)  91749K->677K(433152K), 0.0005833 secs]
38.430: Total time for which application threads were stopped: 0.0007051 seconds, Stopping threads took: 0.0000190 seconds
38.486: [GC (Allocation Failure)  90277K->709K(431616K), 0.0004776 secs]
38.486: Total time for which application threads were stopped: 0.0006047 seconds, Stopping threads took: 0.0000271 seconds
38.541: [GC (Allocation Failure)  88773K->677K(430080K), 0.0004702 secs]
38.541: Total time for which application threads were stopped: 0.0005989 seconds, Stopping threads took: 0.0000202 seconds
38.600: [GC (Allocation Failure)  87205K->741K(428544K), 0.0004975 secs]
38.600: Total time for which application threads were stopped: 0.0006239 seconds, Stopping threads took: 0.0000205 seconds
38.653: [GC (Allocation Failure)  85733K->613K(427008K), 0.0006070 secs]
38.653: Total time for which application threads were stopped: 0.0007515 seconds, Stopping threads took: 0.0000289 seconds
38.709: [GC (Allocation Failure)  84069K->677K(425472K), 0.0006544 secs]
38.709: Total time for which application threads were stopped: 0.0007899 seconds, Stopping threads took: 0.0000287 seconds
38.760: [GC (Allocation Failure)  82597K->677K(423936K), 0.0004833 secs]
38.760: Total time for which application threads were stopped: 0.0006384 seconds, Stopping threads took: 0.0000454 seconds
38.810: [GC (Allocation Failure)  81061K->613K(422400K), 0.0004717 secs]
38.810: Total time for which application threads were stopped: 0.0005914 seconds, Stopping threads took: 0.0000199 seconds
38.859: [GC (Allocation Failure)  79461K->613K(421376K), 0.0006419 secs]
38.860: Total time for which application threads were stopped: 0.0007612 seconds, Stopping threads took: 0.0000196 seconds
38.912: [GC (Allocation Failure)  78437K->613K(420352K), 0.0006513 secs]
38.913: Total time for which application threads were stopped: 0.0007696 seconds, Stopping threads took: 0.0000196 seconds
38.967: [GC (Allocation Failure)  77413K->677K(419328K), 0.0004429 secs]
38.968: Total time for which application threads were stopped: 0.0005853 seconds, Stopping threads took: 0.0000260 seconds
39.015: [GC (Allocation Failure)  76453K->645K(418304K), 0.0004428 secs]
39.016: Total time for which application threads were stopped: 0.0005515 seconds, Stopping threads took: 0.0000248 seconds
39.062: [GC (Allocation Failure)  75397K->709K(417280K), 0.0004839 secs]
39.063: Total time for which application threads were stopped: 0.0006232 seconds, Stopping threads took: 0.0000298 seconds
39.108: [GC (Allocation Failure)  74437K->645K(416256K), 0.0005627 secs]
39.109: Total time for which application threads were stopped: 0.0007023 seconds, Stopping threads took: 0.0000210 seconds
39.160: [GC (Allocation Failure)  73349K->677K(415232K), 0.0004652 secs]
39.161: Total time for which application threads were stopped: 0.0005818 seconds, Stopping threads took: 0.0000191 seconds
39.208: [GC (Allocation Failure)  72357K->613K(414208K), 0.0004637 secs]
39.208: Total time for which application threads were stopped: 0.0005714 seconds, Stopping threads took: 0.0000172 seconds
39.252: [GC (Allocation Failure)  71269K->677K(413184K), 0.0004854 secs]
39.253: Total time for which application threads were stopped: 0.0006055 seconds, Stopping threads took: 0.0000197 seconds
39.300: [GC (Allocation Failure)  70309K->613K(412160K), 0.0006596 secs]
39.300: Total time for which application threads were stopped: 0.0007860 seconds, Stopping threads took: 0.0000214 seconds
39.349: [GC (Allocation Failure)  69221K->677K(411136K), 0.0006026 secs]
39.350: Total time for which application threads were stopped: 0.0007284 seconds, Stopping threads took: 0.0000276 seconds
39.398: [GC (Allocation Failure)  68261K->709K(410112K), 0.0004519 secs]
39.398: Total time for which application threads were stopped: 0.0005723 seconds, Stopping threads took: 0.0000203 seconds
39.439: [GC (Allocation Failure)  67269K->645K(409088K), 0.0005063 secs]
39.440: Total time for which application threads were stopped: 0.0006272 seconds, Stopping threads took: 0.0000196 seconds
39.485: [GC (Allocation Failure)  66181K->613K(408064K), 0.0004201 secs]
39.486: Total time for which application threads were stopped: 0.0006901 seconds, Stopping threads took: 0.0000266 seconds
39.531: [GC (Allocation Failure)  65125K->709K(407040K), 0.0005707 secs]
39.532: Total time for which application threads were stopped: 0.0007073 seconds, Stopping threads took: 0.0000272 seconds
39.571: [GC (Allocation Failure)  64197K->677K(406016K), 0.0004763 secs]
39.571: Total time for which application threads were stopped: 0.0006279 seconds, Stopping threads took: 0.0000274 seconds
39.610: [GC (Allocation Failure)  63141K->709K(418816K), 0.0007668 secs]
39.611: Total time for which application threads were stopped: 0.0009164 seconds, Stopping threads took: 0.0000227 seconds
39.657: [GC (Allocation Failure)  75973K->709K(434176K), 0.0005195 secs]
39.658: Total time for which application threads were stopped: 0.0006590 seconds, Stopping threads took: 0.0000308 seconds
39.713: [GC (Allocation Failure)  91333K->645K(432640K), 0.0004612 secs]
39.714: Total time for which application threads were stopped: 0.0005779 seconds, Stopping threads took: 0.0000198 seconds
39.768: [GC (Allocation Failure)  89733K->645K(431104K), 0.0005294 secs]
39.769: Total time for which application threads were stopped: 0.0006687 seconds, Stopping threads took: 0.0000276 seconds
39.823: [GC (Allocation Failure)  88197K->709K(429568K), 0.0004590 secs]
39.823: Total time for which application threads were stopped: 0.0005750 seconds, Stopping threads took: 0.0000196 seconds
39.883: [GC (Allocation Failure)  86725K->709K(428032K), 0.0005047 secs]
39.884: Total time for which application threads were stopped: 0.0006449 seconds, Stopping threads took: 0.0000196 seconds
39.936: [GC (Allocation Failure)  85189K->709K(426496K), 0.0004918 secs]
39.937: Total time for which application threads were stopped: 0.0006160 seconds, Stopping threads took: 0.0000202 seconds
39.989: [GC (Allocation Failure)  83653K->677K(424960K), 0.0004227 secs]
39.990: Total time for which application threads were stopped: 0.0005463 seconds, Stopping threads took: 0.0000263 seconds
40.040: [GC (Allocation Failure)  82085K->677K(423424K), 0.0004974 secs]
40.040: Total time for which application threads were stopped: 0.0006156 seconds, Stopping threads took: 0.0000189 seconds
40.089: [GC (Allocation Failure)  80549K->677K(422400K), 0.0005536 secs]
40.090: Total time for which application threads were stopped: 0.0006807 seconds, Stopping threads took: 0.0000277 seconds
40.139: [GC (Allocation Failure)  79525K->645K(438272K), 0.0009350 secs]
40.140: Total time for which application threads were stopped: 0.0010562 seconds, Stopping threads took: 0.0000174 seconds
40.202: [GC (Allocation Failure)  95365K->645K(457216K), 0.0007557 secs]
40.203: Total time for which application threads were stopped: 0.0008906 seconds, Stopping threads took: 0.0000219 seconds
40.278: [GC (Allocation Failure)  114309K->709K(454656K), 0.0005025 secs]
40.279: Total time for which application threads were stopped: 0.0006379 seconds, Stopping threads took: 0.0000192 seconds
40.347: [GC (Allocation Failure)  111813K->613K(452096K), 0.0004751 secs]
40.347: Total time for which application threads were stopped: 0.0006166 seconds, Stopping threads took: 0.0000217 seconds
40.414: [GC (Allocation Failure)  109157K->645K(450048K), 0.0005188 secs]
40.415: Total time for which application threads were stopped: 0.0006406 seconds, Stopping threads took: 0.0000170 seconds
40.481: [GC (Allocation Failure)  107141K->677K(448000K), 0.0005360 secs]
40.482: Total time for which application threads were stopped: 0.0006743 seconds, Stopping threads took: 0.0000199 seconds
40.550: [GC (Allocation Failure)  105125K->645K(445952K), 0.0004399 secs]
40.550: Total time for which application threads were stopped: 0.0005680 seconds, Stopping threads took: 0.0000276 seconds
40.613: [GC (Allocation Failure)  103045K->677K(443904K), 0.0004731 secs]
40.614: Total time for which application threads were stopped: 0.0006117 seconds, Stopping threads took: 0.0000364 seconds
40.675: [GC (Allocation Failure)  101029K->677K(441856K), 0.0005044 secs]
40.676: Total time for which application threads were stopped: 0.0006474 seconds, Stopping threads took: 0.0000297 seconds
40.736: [GC (Allocation Failure)  98981K->645K(439808K), 0.0005339 secs]
40.736: Total time for which application threads were stopped: 0.0006912 seconds, Stopping threads took: 0.0000298 seconds
40.799: [GC (Allocation Failure)  96901K->581K(437760K), 0.0005240 secs]
40.800: Total time for which application threads were stopped: 0.0006565 seconds, Stopping threads took: 0.0000221 seconds
40.864: [GC (Allocation Failure)  94789K->677K(436224K), 0.0005644 secs]
40.864: Total time for which application threads were stopped: 0.0006904 seconds, Stopping threads took: 0.0000275 seconds
40.921: [GC (Allocation Failure)  93349K->645K(434688K), 0.0005184 secs]
40.922: Total time for which application threads were stopped: 0.0006452 seconds, Stopping threads took: 0.0000268 seconds
40.985: [GC (Allocation Failure)  91781K->645K(433152K), 0.0004095 secs]
40.985: Total time for which application threads were stopped: 0.0005302 seconds, Stopping threads took: 0.0000262 seconds
41.040: [GC (Allocation Failure)  90245K->709K(431616K), 0.0004768 secs]
41.041: Total time for which application threads were stopped: 0.0005974 seconds, Stopping threads took: 0.0000199 seconds
41.095: [GC (Allocation Failure)  88773K->613K(430080K), 0.0006117 secs]
41.095: Total time for which application threads were stopped: 0.0007325 seconds, Stopping threads took: 0.0000197 seconds
41.153: [GC (Allocation Failure)  87141K->677K(428544K), 0.0004660 secs]
41.153: Total time for which application threads were stopped: 0.0005820 seconds, Stopping threads took: 0.0000188 seconds
41.205: [GC (Allocation Failure)  85669K->677K(427008K), 0.0004782 secs]
41.206: Total time for which application threads were stopped: 0.0006060 seconds, Stopping threads took: 0.0000277 seconds
41.257: [GC (Allocation Failure)  84133K->677K(425472K), 0.0005092 secs]
41.258: Total time for which application threads were stopped: 0.0006364 seconds, Stopping threads took: 0.0000275 seconds
41.308: [GC (Allocation Failure)  82597K->645K(423936K), 0.0005162 secs]
41.309: Total time for which application threads were stopped: 0.0006414 seconds, Stopping threads took: 0.0000273 seconds
41.358: [GC (Allocation Failure)  81029K->677K(422400K), 0.0004862 secs]
41.359: Total time for which application threads were stopped: 0.0006252 seconds, Stopping threads took: 0.0000268 seconds
41.407: [GC (Allocation Failure)  79525K->709K(421376K), 0.0005862 secs]
41.408: Total time for which application threads were stopped: 0.0007415 seconds, Stopping threads took: 0.0000298 seconds
41.456: [GC (Allocation Failure)  78533K->677K(420352K), 0.0005180 secs]
41.457: Total time for which application threads were stopped: 0.0006579 seconds, Stopping threads took: 0.0000216 seconds
41.510: [GC (Allocation Failure)  77477K->645K(419328K), 0.0004317 secs]
41.511: Total time for which application threads were stopped: 0.0005405 seconds, Stopping threads took: 0.0000181 seconds
41.557: [GC (Allocation Failure)  76421K->645K(418304K), 0.0007824 secs]
41.558: Total time for which application threads were stopped: 0.0008980 seconds, Stopping threads took: 0.0000171 seconds
41.604: [GC (Allocation Failure)  75397K->677K(417280K), 0.0005111 secs]
41.605: Total time for which application threads were stopped: 0.0006488 seconds, Stopping threads took: 0.0000213 seconds
41.653: [GC (Allocation Failure)  74405K->677K(416256K), 0.0005301 secs]
41.653: Total time for which application threads were stopped: 0.0006565 seconds, Stopping threads took: 0.0000211 seconds
41.698: [GC (Allocation Failure)  73381K->581K(431104K), 0.0005821 secs]
41.699: Total time for which application threads were stopped: 0.0007003 seconds, Stopping threads took: 0.0000204 seconds
41.760: [GC (Allocation Failure)  88133K->645K(429568K), 0.0004853 secs]
41.760: Total time for which application threads were stopped: 0.0006257 seconds, Stopping threads took: 0.0000279 seconds
41.813: [GC (Allocation Failure)  86661K->645K(428032K), 0.0004721 secs]
41.813: Total time for which application threads were stopped: 0.0005905 seconds, Stopping threads took: 0.0000196 seconds
41.865: [GC (Allocation Failure)  85125K->709K(426496K), 0.0004750 secs]
41.866: Total time for which application threads were stopped: 0.0005976 seconds, Stopping threads took: 0.0000272 seconds
41.919: [GC (Allocation Failure)  83653K->645K(424960K), 0.0004488 secs]
41.920: Total time for which application threads were stopped: 0.0005565 seconds, Stopping threads took: 0.0000173 seconds
41.970: [GC (Allocation Failure)  82053K->645K(423424K), 0.0005005 secs]
41.971: Total time for which application threads were stopped: 0.0006186 seconds, Stopping threads took: 0.0000259 seconds
42.026: [GC (Allocation Failure)  80517K->709K(422400K), 0.0005161 secs]
42.027: Total time for which application threads were stopped: 0.0006689 seconds, Stopping threads took: 0.0000291 seconds
42.079: [GC (Allocation Failure)  79557K->645K(421376K), 0.0005766 secs]
42.080: Total time for which application threads were stopped: 0.0007151 seconds, Stopping threads took: 0.0000221 seconds
42.128: [GC (Allocation Failure)  78469K->645K(420352K), 0.0005288 secs]
42.128: Total time for which application threads were stopped: 0.0006686 seconds, Stopping threads took: 0.0000242 seconds
42.179: [GC (Allocation Failure)  77445K->709K(419328K), 0.0004610 secs]
42.180: Total time for which application threads were stopped: 0.0005813 seconds, Stopping threads took: 0.0000195 seconds
42.232: [GC (Allocation Failure)  76485K->581K(418304K), 0.0004434 secs]
42.233: Total time for which application threads were stopped: 0.0005569 seconds, Stopping threads took: 0.0000184 seconds
42.282: [GC (Allocation Failure)  75333K->645K(417280K), 0.0004529 secs]
42.283: Total time for which application threads were stopped: 0.0005615 seconds, Stopping threads took: 0.0000173 seconds
42.328: [GC (Allocation Failure)  74373K->645K(416256K), 0.0004793 secs]
42.329: Total time for which application threads were stopped: 0.0005996 seconds, Stopping threads took: 0.0000199 seconds
42.380: [GC (Allocation Failure)  73349K->709K(415232K), 0.0004649 secs]
42.380: Total time for which application threads were stopped: 0.0005933 seconds, Stopping threads took: 0.0000216 seconds
42.428: [GC (Allocation Failure)  72389K->645K(414208K), 0.0003921 secs]
42.428: Total time for which application threads were stopped: 0.0005011 seconds, Stopping threads took: 0.0000178 seconds
42.473: [GC (Allocation Failure)  71301K->613K(413184K), 0.0004081 secs]
42.473: Total time for which application threads were stopped: 0.0005307 seconds, Stopping threads took: 0.0000200 seconds
42.516: [GC (Allocation Failure)  70245K->677K(412160K), 0.0004988 secs]
42.517: Total time for which application threads were stopped: 0.0006234 seconds, Stopping threads took: 0.0000205 seconds
42.560: [GC (Allocation Failure)  69285K->613K(411136K), 0.0005614 secs]
42.560: Total time for which application threads were stopped: 0.0007006 seconds, Stopping threads took: 0.0000271 seconds
42.606: [GC (Allocation Failure)  68197K->645K(410112K), 0.0004682 secs]
42.607: Total time for which application threads were stopped: 0.0005841 seconds, Stopping threads took: 0.0000189 seconds
42.648: [GC (Allocation Failure)  67205K->645K(409088K), 0.0004688 secs]
42.649: Total time for which application threads were stopped: 0.0005944 seconds, Stopping threads took: 0.0000273 seconds
42.689: [GC (Allocation Failure)  66181K->677K(408064K), 0.0004871 secs]
42.690: Total time for which application threads were stopped: 0.0006132 seconds, Stopping threads took: 0.0000274 seconds
42.729: [GC (Allocation Failure)  65189K->677K(407040K), 0.0004623 secs]
42.730: Total time for which application threads were stopped: 0.0005829 seconds, Stopping threads took: 0.0000199 seconds
42.769: [GC (Allocation Failure)  64165K->677K(406016K), 0.0004763 secs]
42.770: Total time for which application threads were stopped: 0.0007159 seconds, Stopping threads took: 0.0000273 seconds
42.808: [GC (Allocation Failure)  63141K->645K(405504K), 0.0004814 secs]
42.809: Total time for which application threads were stopped: 0.0006031 seconds, Stopping threads took: 0.0000194 seconds
42.847: [GC (Allocation Failure)  62597K->677K(418304K), 0.0005143 secs]
42.848: Total time for which application threads were stopped: 0.0006341 seconds, Stopping threads took: 0.0000194 seconds
42.898: [GC (Allocation Failure)  75429K->645K(417280K), 0.0004954 secs]
42.898: Total time for which application threads were stopped: 0.0006320 seconds, Stopping threads took: 0.0000211 seconds
42.947: [GC (Allocation Failure)  74373K->613K(416256K), 0.0006071 secs]
42.948: Total time for which application threads were stopped: 0.0007299 seconds, Stopping threads took: 0.0000213 seconds
43.000: [GC (Allocation Failure)  73317K->677K(415232K), 0.0005775 secs]
43.000: Total time for which application threads were stopped: 0.0007179 seconds, Stopping threads took: 0.0000264 seconds
43.045: [GC (Allocation Failure)  72357K->709K(414208K), 0.0005458 secs]
43.045: Total time for which application threads were stopped: 0.0006972 seconds, Stopping threads took: 0.0000235 seconds
43.089: [GC (Allocation Failure)  71365K->677K(428544K), 0.0005921 secs]
43.089: Total time for which application threads were stopped: 0.0007460 seconds, Stopping threads took: 0.0000311 seconds
43.142: [GC (Allocation Failure)  85669K->613K(427008K), 0.0004468 secs]
43.143: Total time for which application threads were stopped: 0.0005899 seconds, Stopping threads took: 0.0000253 seconds
43.197: [GC (Allocation Failure)  84069K->645K(425472K), 0.0004579 secs]
43.198: Total time for which application threads were stopped: 0.0005664 seconds, Stopping threads took: 0.0000170 seconds
43.248: [GC (Allocation Failure)  82565K->645K(423936K), 0.0004177 secs]
43.249: Total time for which application threads were stopped: 0.0005274 seconds, Stopping threads took: 0.0000178 seconds
43.298: [GC (Allocation Failure)  81029K->645K(422400K), 0.0005205 secs]
43.299: Total time for which application threads were stopped: 0.0006483 seconds, Stopping threads took: 0.0000269 seconds
43.354: [GC (Allocation Failure)  79493K->677K(421376K), 0.0005834 secs]
43.354: Total time for which application threads were stopped: 0.0007279 seconds, Stopping threads took: 0.0000304 seconds
43.402: [GC (Allocation Failure)  78501K->709K(420352K), 0.0005755 secs]
43.403: Total time for which application threads were stopped: 0.0007105 seconds, Stopping threads took: 0.0000213 seconds
43.457: [GC (Allocation Failure)  77509K->677K(419328K), 0.0005078 secs]
43.457: Total time for which application threads were stopped: 0.0006557 seconds, Stopping threads took: 0.0000311 seconds
43.504: [GC (Allocation Failure)  76453K->741K(418304K), 0.0005466 secs]
43.505: Total time for which application threads were stopped: 0.0006951 seconds, Stopping threads took: 0.0000272 seconds
43.554: [GC (Allocation Failure)  75493K->709K(417280K), 0.0004593 secs]
43.555: Total time for which application threads were stopped: 0.0005837 seconds, Stopping threads took: 0.0000223 seconds
43.600: [GC (Allocation Failure)  74437K->677K(416256K), 0.0006196 secs]
43.601: Total time for which application threads were stopped: 0.0007429 seconds, Stopping threads took: 0.0000201 seconds
43.646: [GC (Allocation Failure)  73381K->709K(415232K), 0.0005226 secs]
43.647: Total time for which application threads were stopped: 0.0006576 seconds, Stopping threads took: 0.0000217 seconds
43.691: [GC (Allocation Failure)  72389K->677K(429568K), 0.0007716 secs]
43.692: Total time for which application threads were stopped: 0.0009032 seconds, Stopping threads took: 0.0000216 seconds
43.745: [GC (Allocation Failure)  86693K->613K(446976K), 0.0007263 secs]
43.746: Total time for which application threads were stopped: 0.0008655 seconds, Stopping threads took: 0.0000226 seconds
43.810: [GC (Allocation Failure)  104037K->645K(467968K), 0.0005148 secs]
43.810: Total time for which application threads were stopped: 0.0006536 seconds, Stopping threads took: 0.0000226 seconds
43.892: [GC (Allocation Failure)  125061K->645K(465408K), 0.0004776 secs]
43.893: Total time for which application threads were stopped: 0.0006258 seconds, Stopping threads took: 0.0000278 seconds
43.974: [GC (Allocation Failure)  122501K->645K(462848K), 0.0004398 secs]
43.975: Total time for which application threads were stopped: 0.0005761 seconds, Stopping threads took: 0.0000273 seconds
44.053: [GC (Allocation Failure)  119941K->741K(460288K), 0.0005437 secs]
44.054: Total time for which application threads were stopped: 0.0006527 seconds, Stopping threads took: 0.0000167 seconds
44.126: [GC (Allocation Failure)  117477K->677K(457728K), 0.0005211 secs]
44.126: Total time for which application threads were stopped: 0.0006450 seconds, Stopping threads took: 0.0000258 seconds
44.199: [GC (Allocation Failure)  114853K->645K(455168K), 0.0005102 secs]
44.200: Total time for which application threads were stopped: 0.0006173 seconds, Stopping threads took: 0.0000173 seconds
44.271: [GC (Allocation Failure)  112261K->645K(452608K), 0.0006536 secs]
44.272: Total time for which application threads were stopped: 0.0007808 seconds, Stopping threads took: 0.0000275 seconds
44.339: [GC (Allocation Failure)  109701K->645K(450560K), 0.0004634 secs]
44.340: Total time for which application threads were stopped: 0.0005835 seconds, Stopping threads took: 0.0000194 seconds
44.409: [GC (Allocation Failure)  107653K->741K(448512K), 0.0005867 secs]
44.410: Total time for which application threads were stopped: 0.0007250 seconds, Stopping threads took: 0.0000254 seconds
44.475: [GC (Allocation Failure)  105701K->677K(446464K), 0.0004457 secs]
44.475: Total time for which application threads were stopped: 0.0005724 seconds, Stopping threads took: 0.0000270 seconds
44.542: [GC (Allocation Failure)  103589K->709K(444416K), 0.0004956 secs]
44.543: Total time for which application threads were stopped: 0.0006335 seconds, Stopping threads took: 0.0000295 seconds
44.610: [GC (Allocation Failure)  101573K->677K(442368K), 0.0005416 secs]
44.611: Total time for which application threads were stopped: 0.0006590 seconds, Stopping threads took: 0.0000195 seconds
44.677: [GC (Allocation Failure)  99493K->677K(440320K), 0.0004832 secs]
44.677: Total time for which application threads were stopped: 0.0006122 seconds, Stopping threads took: 0.0000273 seconds
44.737: [GC (Allocation Failure)  97445K->677K(438272K), 0.0004540 secs]
44.737: Total time for which application threads were stopped: 0.0005860 seconds, Stopping threads took: 0.0000209 seconds
44.795: [GC (Allocation Failure)  95397K->645K(436736K), 0.0005582 secs]
44.796: Total time for which application threads were stopped: 0.0006877 seconds, Stopping threads took: 0.0000208 seconds
44.853: [GC (Allocation Failure)  93829K->677K(435200K), 0.0005252 secs]
44.854: Total time for which application threads were stopped: 0.0006621 seconds, Stopping threads took: 0.0000211 seconds
44.910: [GC (Allocation Failure)  92325K->677K(433664K), 0.0005186 secs]
44.910: Total time for which application threads were stopped: 0.0006577 seconds, Stopping threads took: 0.0000221 seconds
44.966: [GC (Allocation Failure)  90789K->645K(432128K), 0.0005230 secs]
44.967: Total time for which application threads were stopped: 0.0006637 seconds, Stopping threads took: 0.0000271 seconds
45.026: [GC (Allocation Failure)  89221K->645K(430592K), 0.0004859 secs]
45.026: Total time for which application threads were stopped: 0.0006307 seconds, Stopping threads took: 0.0000256 seconds
45.080: [GC (Allocation Failure)  87685K->645K(429056K), 0.0005125 secs]
45.080: Total time for which application threads were stopped: 0.0006590 seconds, Stopping threads took: 0.0000308 seconds
45.140: [GC (Allocation Failure)  86149K->645K(427520K), 0.0003820 secs]
45.141: Total time for which application threads were stopped: 0.0005164 seconds, Stopping threads took: 0.0000252 seconds
45.194: [GC (Allocation Failure)  84613K->677K(425984K), 0.0005297 secs]
45.195: Total time for which application threads were stopped: 0.0006490 seconds, Stopping threads took: 0.0000195 seconds
45.246: [GC (Allocation Failure)  83109K->645K(424448K), 0.0005406 secs]
45.246: Total time for which application threads were stopped: 0.0006606 seconds, Stopping threads took: 0.0000198 seconds
45.301: [GC (Allocation Failure)  81541K->677K(422912K), 0.0005084 secs]
45.302: Total time for which application threads were stopped: 0.0006243 seconds, Stopping threads took: 0.0000197 seconds
45.356: [GC (Allocation Failure)  80037K->677K(421888K), 0.0004935 secs]
45.357: Total time for which application threads were stopped: 0.0006194 seconds, Stopping threads took: 0.0000190 seconds
45.410: [GC (Allocation Failure)  79013K->677K(420864K), 0.0005558 secs]
45.410: Total time for which application threads were stopped: 0.0007123 seconds, Stopping threads took: 0.0000211 seconds
45.458: [GC (Allocation Failure)  77989K->613K(419840K), 0.0004695 secs]
45.459: Total time for which application threads were stopped: 0.0005974 seconds, Stopping threads took: 0.0000209 seconds
45.506: [GC (Allocation Failure)  76901K->645K(418816K), 0.0004421 secs]
45.507: Total time for which application threads were stopped: 0.0005857 seconds, Stopping threads took: 0.0000274 seconds
45.558: [GC (Allocation Failure)  75909K->677K(417792K), 0.0004942 secs]
45.558: Total time for which application threads were stopped: 0.0006376 seconds, Stopping threads took: 0.0000269 seconds
45.609: [GC (Allocation Failure)  74917K->677K(416768K), 0.0004952 secs]
45.610: Total time for which application threads were stopped: 0.0006341 seconds, Stopping threads took: 0.0000220 seconds
45.655: [GC (Allocation Failure)  73893K->709K(415744K), 0.0004873 secs]
45.656: Total time for which application threads were stopped: 0.0006154 seconds, Stopping threads took: 0.0000272 seconds
45.700: [GC (Allocation Failure)  72901K->677K(414720K), 0.0004823 secs]
45.701: Total time for which application threads were stopped: 0.0006027 seconds, Stopping threads took: 0.0000199 seconds
45.745: [GC (Allocation Failure)  71845K->677K(413696K), 0.0005443 secs]
45.745: Total time for which application threads were stopped: 0.0006771 seconds, Stopping threads took: 0.0000207 seconds
45.789: [GC (Allocation Failure)  70821K->677K(412672K), 0.0005497 secs]
45.789: Total time for which application threads were stopped: 0.0006792 seconds, Stopping threads took: 0.0000208 seconds
45.832: [GC (Allocation Failure)  69797K->677K(411648K), 0.0004642 secs]
45.832: Total time for which application threads were stopped: 0.0005917 seconds, Stopping threads took: 0.0000222 seconds
45.874: [GC (Allocation Failure)  68773K->677K(410624K), 0.0004983 secs]
45.875: Total time for which application threads were stopped: 0.0006260 seconds, Stopping threads took: 0.0000276 seconds
45.916: [GC (Allocation Failure)  67749K->677K(424448K), 0.0006688 secs]
45.917: Total time for which application threads were stopped: 0.0007958 seconds, Stopping threads took: 0.0000191 seconds
45.967: [GC (Allocation Failure)  81573K->645K(422912K), 0.0004747 secs]
45.968: Total time for which application threads were stopped: 0.0005968 seconds, Stopping threads took: 0.0000196 seconds
46.017: [GC (Allocation Failure)  80005K->645K(421888K), 0.0004191 secs]
46.017: Total time for which application threads were stopped: 0.0005469 seconds, Stopping threads took: 0.0000275 seconds
46.065: [GC (Allocation Failure)  78981K->741K(420864K), 0.0005911 secs]
46.066: Total time for which application threads were stopped: 0.0007115 seconds, Stopping threads took: 0.0000195 seconds
46.114: [GC (Allocation Failure)  78053K->613K(419840K), 0.0005487 secs]
46.114: Total time for which application threads were stopped: 0.0006810 seconds, Stopping threads took: 0.0000197 seconds
46.168: [GC (Allocation Failure)  76901K->709K(418816K), 0.0006572 secs]
46.168: Total time for which application threads were stopped: 0.0007974 seconds, Stopping threads took: 0.0000197 seconds
46.218: [GC (Allocation Failure)  75973K->709K(417792K), 0.0004851 secs]
46.218: Total time for which application threads were stopped: 0.0006105 seconds, Stopping threads took: 0.0000214 seconds
46.264: [GC (Allocation Failure)  74949K->677K(416768K), 0.0004828 secs]
46.264: Total time for which application threads were stopped: 0.0006144 seconds, Stopping threads took: 0.0000326 seconds
46.309: [GC (Allocation Failure)  73893K->645K(415744K), 0.0005370 secs]
46.310: Total time for which application threads were stopped: 0.0006539 seconds, Stopping threads took: 0.0000195 seconds
46.354: [GC (Allocation Failure)  72837K->613K(414720K), 0.0004668 secs]
46.355: Total time for which application threads were stopped: 0.0005909 seconds, Stopping threads took: 0.0000276 seconds
46.399: [GC (Allocation Failure)  71781K->645K(413696K), 0.0005771 secs]
46.399: Total time for which application threads were stopped: 0.0006937 seconds, Stopping threads took: 0.0000192 seconds
46.448: [GC (Allocation Failure)  70789K->645K(412672K), 0.0004701 secs]
46.448: Total time for which application threads were stopped: 0.0005813 seconds, Stopping threads took: 0.0000177 seconds
46.497: [GC (Allocation Failure)  69765K->645K(411648K), 0.0004845 secs]
46.498: Total time for which application threads were stopped: 0.0006229 seconds, Stopping threads took: 0.0000203 seconds
46.540: [GC (Allocation Failure)  68741K->645K(410624K), 0.0005176 secs]
46.541: Total time for which application threads were stopped: 0.0006443 seconds, Stopping threads took: 0.0000273 seconds
46.582: [GC (Allocation Failure)  67717K->709K(424448K), 0.0006184 secs]
46.583: Total time for which application threads were stopped: 0.0007404 seconds, Stopping threads took: 0.0000202 seconds
46.633: [GC (Allocation Failure)  81605K->645K(440832K), 0.0005962 secs]
46.634: Total time for which application threads were stopped: 0.0007245 seconds, Stopping threads took: 0.0000199 seconds
46.697: [GC (Allocation Failure)  97925K->677K(438784K), 0.0005936 secs]
46.698: Total time for which application threads were stopped: 0.0007142 seconds, Stopping threads took: 0.0000196 seconds
46.756: [GC (Allocation Failure)  95909K->645K(437248K), 0.0004658 secs]
46.757: Total time for which application threads were stopped: 0.0005934 seconds, Stopping threads took: 0.0000276 seconds
46.814: [GC (Allocation Failure)  94341K->645K(435712K), 0.0004854 secs]
46.815: Total time for which application threads were stopped: 0.0006041 seconds, Stopping threads took: 0.0000197 seconds
46.871: [GC (Allocation Failure)  92805K->709K(434176K), 0.0006612 secs]
46.872: Total time for which application threads were stopped: 0.0007767 seconds, Stopping threads took: 0.0000188 seconds
46.927: [GC (Allocation Failure)  91333K->613K(432640K), 0.0006093 secs]
46.928: Total time for which application threads were stopped: 0.0007382 seconds, Stopping threads took: 0.0000281 seconds
46.983: [GC (Allocation Failure)  89701K->645K(431104K), 0.0006874 secs]
46.984: Total time for which application threads were stopped: 0.0008148 seconds, Stopping threads took: 0.0000282 seconds
47.038: [GC (Allocation Failure)  88197K->709K(429568K), 0.0004605 secs]
47.038: Total time for which application threads were stopped: 0.0005806 seconds, Stopping threads took: 0.0000203 seconds
47.094: [GC (Allocation Failure)  86725K->741K(428032K), 0.0005064 secs]
47.095: Total time for which application threads were stopped: 0.0006391 seconds, Stopping threads took: 0.0000218 seconds
47.148: [GC (Allocation Failure)  85221K->709K(426496K), 0.0004739 secs]
47.148: Total time for which application threads were stopped: 0.0006012 seconds, Stopping threads took: 0.0000262 seconds
47.199: [GC (Allocation Failure)  83653K->677K(424960K), 0.0004637 secs]
47.200: Total time for which application threads were stopped: 0.0005869 seconds, Stopping threads took: 0.0000191 seconds
47.255: [GC (Allocation Failure)  82085K->645K(423424K), 0.0004188 secs]
47.256: Total time for which application threads were stopped: 0.0005250 seconds, Stopping threads took: 0.0000163 seconds
47.309: [GC (Allocation Failure)  80517K->645K(422400K), 0.0005446 secs]
47.309: Total time for which application threads were stopped: 0.0006770 seconds, Stopping threads took: 0.0000196 seconds
47.364: [GC (Allocation Failure)  79493K->677K(421376K), 0.0006012 secs]
47.364: Total time for which application threads were stopped: 0.0007514 seconds, Stopping threads took: 0.0000221 seconds
47.412: [GC (Allocation Failure)  78501K->709K(420352K), 0.0004887 secs]
47.413: Total time for which application threads were stopped: 0.0006170 seconds, Stopping threads took: 0.0000216 seconds
47.460: [GC (Allocation Failure)  77509K->677K(419328K), 0.0004782 secs]
47.460: Total time for which application threads were stopped: 0.0005955 seconds, Stopping threads took: 0.0000196 seconds
47.508: [GC (Allocation Failure)  76453K->645K(418304K), 0.0004919 secs]
47.508: Total time for which application threads were stopped: 0.0006169 seconds, Stopping threads took: 0.0000195 seconds
47.561: [GC (Allocation Failure)  75397K->709K(417280K), 0.0006169 secs]
47.561: Total time for which application threads were stopped: 0.0007332 seconds, Stopping threads took: 0.0000199 seconds
47.607: [GC (Allocation Failure)  74437K->709K(416256K), 0.0004833 secs]
47.607: Total time for which application threads were stopped: 0.0006038 seconds, Stopping threads took: 0.0000197 seconds
47.657: [GC (Allocation Failure)  73413K->741K(415232K), 0.0005359 secs]
47.658: Total time for which application threads were stopped: 0.0006653 seconds, Stopping threads took: 0.0000209 seconds
47.705: [GC (Allocation Failure)  72421K->677K(414208K), 0.0005867 secs]
47.706: Total time for which application threads were stopped: 0.0007339 seconds, Stopping threads took: 0.0000297 seconds
47.753: [GC (Allocation Failure)  71333K->613K(428544K), 0.0007130 secs]
47.754: Total time for which application threads were stopped: 0.0008654 seconds, Stopping threads took: 0.0000307 seconds
47.809: [GC (Allocation Failure)  85605K->613K(445952K), 0.0005985 secs]
47.809: Total time for which application threads were stopped: 0.0007246 seconds, Stopping threads took: 0.0000206 seconds
47.873: [GC (Allocation Failure)  103013K->645K(443904K), 0.0005427 secs]
47.873: Total time for which application threads were stopped: 0.0006581 seconds, Stopping threads took: 0.0000192 seconds
47.938: [GC (Allocation Failure)  100997K->677K(441856K), 0.0005166 secs]
47.938: Total time for which application threads were stopped: 0.0006490 seconds, Stopping threads took: 0.0000276 seconds
47.999: [GC (Allocation Failure)  98981K->645K(439808K), 0.0004774 secs]
47.999: Total time for which application threads were stopped: 0.0006207 seconds, Stopping threads took: 0.0000196 seconds
48.059: [GC (Allocation Failure)  96901K->709K(437760K), 0.0005536 secs]
48.059: Total time for which application threads were stopped: 0.0006732 seconds, Stopping threads took: 0.0000194 seconds
48.117: [GC (Allocation Failure)  94917K->645K(436224K), 0.0005299 secs]
48.117: Total time for which application threads were stopped: 0.0006488 seconds, Stopping threads took: 0.0000194 seconds
48.180: [GC (Allocation Failure)  93317K->677K(434688K), 0.0005785 secs]
48.181: Total time for which application threads were stopped: 0.0007054 seconds, Stopping threads took: 0.0000277 seconds
48.237: [GC (Allocation Failure)  91813K->677K(433152K), 0.0004373 secs]
48.238: Total time for which application threads were stopped: 0.0005617 seconds, Stopping threads took: 0.0000278 seconds
48.299: [GC (Allocation Failure)  90277K->613K(431616K), 0.0005028 secs]
48.299: Total time for which application threads were stopped: 0.0006116 seconds, Stopping threads took: 0.0000172 seconds
48.358: [GC (Allocation Failure)  88677K->741K(430080K), 0.0006510 secs]
48.359: Total time for which application threads were stopped: 0.0007786 seconds, Stopping threads took: 0.0000194 seconds
48.412: [GC (Allocation Failure)  87269K->677K(428544K), 0.0005465 secs]
48.413: Total time for which application threads were stopped: 0.0006819 seconds, Stopping threads took: 0.0000213 seconds
48.466: [GC (Allocation Failure)  85669K->645K(427008K), 0.0004613 secs]
48.466: Total time for which application threads were stopped: 0.0006103 seconds, Stopping threads took: 0.0000273 seconds
48.518: [GC (Allocation Failure)  84101K->709K(425472K), 0.0004663 secs]
48.519: Total time for which application threads were stopped: 0.0005882 seconds, Stopping threads took: 0.0000199 seconds
48.574: [GC (Allocation Failure)  82629K->613K(423936K), 0.0006073 secs]
48.574: Total time for which application threads were stopped: 0.0007507 seconds, Stopping threads took: 0.0000283 seconds
48.624: [GC (Allocation Failure)  80997K->613K(422400K), 0.0006307 secs]
48.625: Total time for which application threads were stopped: 0.0007689 seconds, Stopping threads took: 0.0000302 seconds
48.680: [GC (Allocation Failure)  79461K->677K(421376K), 0.0004616 secs]
48.680: Total time for which application threads were stopped: 0.0005893 seconds, Stopping threads took: 0.0000269 seconds
48.728: [GC (Allocation Failure)  78501K->741K(420352K), 0.0005008 secs]
48.729: Total time for which application threads were stopped: 0.0006295 seconds, Stopping threads took: 0.0000280 seconds
48.776: [GC (Allocation Failure)  77541K->677K(419328K), 0.0005258 secs]
48.777: Total time for which application threads were stopped: 0.0006601 seconds, Stopping threads took: 0.0000218 seconds
48.823: [GC (Allocation Failure)  76453K->709K(418304K), 0.0005080 secs]
48.824: Total time for which application threads were stopped: 0.0006462 seconds, Stopping threads took: 0.0000295 seconds
48.870: [GC (Allocation Failure)  75461K->741K(417280K), 0.0005798 secs]
48.870: Total time for which application threads were stopped: 0.0007210 seconds, Stopping threads took: 0.0000294 seconds
48.916: [GC (Allocation Failure)  74469K->677K(416256K), 0.0006007 secs]
48.917: Total time for which application threads were stopped: 0.0007409 seconds, Stopping threads took: 0.0000222 seconds
48.961: [GC (Allocation Failure)  73381K->677K(415232K), 0.0005300 secs]
48.962: Total time for which application threads were stopped: 0.0006646 seconds, Stopping threads took: 0.0000200 seconds
49.006: [GC (Allocation Failure)  72357K->677K(414208K), 0.0005509 secs]
49.007: Total time for which application threads were stopped: 0.0006996 seconds, Stopping threads took: 0.0000299 seconds
49.051: [GC (Allocation Failure)  71333K->677K(413184K), 0.0004821 secs]
49.051: Total time for which application threads were stopped: 0.0006084 seconds, Stopping threads took: 0.0000211 seconds
49.094: [GC (Allocation Failure)  70309K->677K(412160K), 0.0005342 secs]
49.095: Total time for which application threads were stopped: 0.0006535 seconds, Stopping threads took: 0.0000195 seconds
49.137: [GC (Allocation Failure)  69285K->677K(411136K), 0.0005216 secs]
49.138: Total time for which application threads were stopped: 0.0006258 seconds, Stopping threads took: 0.0000174 seconds
49.180: [GC (Allocation Failure)  68261K->677K(410112K), 0.0004661 secs]
49.181: Total time for which application threads were stopped: 0.0005849 seconds, Stopping threads took: 0.0000196 seconds
49.221: [GC (Allocation Failure)  67237K->677K(409088K), 0.0004787 secs]
49.222: Total time for which application threads were stopped: 0.0006071 seconds, Stopping threads took: 0.0000271 seconds
49.262: [GC (Allocation Failure)  66213K->709K(408064K), 0.0004808 secs]
49.263: Total time for which application threads were stopped: 0.0006028 seconds, Stopping threads took: 0.0000198 seconds
49.303: [GC (Allocation Failure)  65221K->709K(407040K), 0.0004933 secs]
49.303: Total time for which application threads were stopped: 0.0006093 seconds, Stopping threads took: 0.0000191 seconds
49.343: [GC (Allocation Failure)  64197K->677K(419840K), 0.0005044 secs]
49.343: Total time for which application threads were stopped: 0.0006288 seconds, Stopping threads took: 0.0000267 seconds
49.390: [GC (Allocation Failure)  76965K->645K(418816K), 0.0004576 secs]
49.391: Total time for which application threads were stopped: 0.0005817 seconds, Stopping threads took: 0.0000274 seconds
49.437: [GC (Allocation Failure)  75909K->709K(417792K), 0.0004812 secs]
49.438: Total time for which application threads were stopped: 0.0006055 seconds, Stopping threads took: 0.0000267 seconds
49.483: [GC (Allocation Failure)  74949K->645K(416768K), 0.0004868 secs]
49.484: Total time for which application threads were stopped: 0.0006250 seconds, Stopping threads took: 0.0000281 seconds
49.529: [GC (Allocation Failure)  73861K->645K(415744K), 0.0004953 secs]
49.530: Total time for which application threads were stopped: 0.0006146 seconds, Stopping threads took: 0.0000191 seconds
49.579: [GC (Allocation Failure)  72837K->677K(430592K), 0.0006908 secs]
49.580: Total time for which application threads were stopped: 0.0008106 seconds, Stopping threads took: 0.0000281 seconds
49.640: [GC (Allocation Failure)  87717K->645K(429056K), 0.0005232 secs]
49.640: Total time for which application threads were stopped: 0.0006384 seconds, Stopping threads took: 0.0000171 seconds
49.699: [GC (Allocation Failure)  86149K->645K(427520K), 0.0004817 secs]
49.700: Total time for which application threads were stopped: 0.0005918 seconds, Stopping threads took: 0.0000168 seconds
49.752: [GC (Allocation Failure)  84613K->677K(425984K), 0.0004626 secs]
49.752: Total time for which application threads were stopped: 0.0005920 seconds, Stopping threads took: 0.0000200 seconds
49.807: [GC (Allocation Failure)  83109K->677K(424448K), 0.0005182 secs]
49.808: Total time for which application threads were stopped: 0.0006239 seconds, Stopping threads took: 0.0000169 seconds
49.863: [GC (Allocation Failure)  81573K->645K(422912K), 0.0004000 secs]
49.863: Total time for which application threads were stopped: 0.0005053 seconds, Stopping threads took: 0.0000168 seconds
49.915: [GC (Allocation Failure)  80005K->613K(421888K), 0.0005177 secs]
49.916: Total time for which application threads were stopped: 0.0006680 seconds, Stopping threads took: 0.0000199 seconds
49.969: [GC (Allocation Failure)  78949K->709K(420864K), 0.0004190 secs]
49.970: Total time for which application threads were stopped: 0.0005312 seconds, Stopping threads took: 0.0000192 seconds
50.017: [GC (Allocation Failure)  78021K->645K(419840K), 0.0005511 secs]
50.018: Total time for which application threads were stopped: 0.0006759 seconds, Stopping threads took: 0.0000247 seconds
50.071: [GC (Allocation Failure)  76933K->677K(418816K), 0.0005935 secs]
50.071: Total time for which application threads were stopped: 0.0007241 seconds, Stopping threads took: 0.0000300 seconds
50.118: [GC (Allocation Failure)  75941K->677K(417792K), 0.0005519 secs]
50.119: Total time for which application threads were stopped: 0.0006610 seconds, Stopping threads took: 0.0000167 seconds
50.166: [GC (Allocation Failure)  74917K->677K(416768K), 0.0005309 secs]
50.166: Total time for which application threads were stopped: 0.0006741 seconds, Stopping threads took: 0.0000296 seconds
50.215: [GC (Allocation Failure)  73893K->645K(415744K), 0.0005176 secs]
50.216: Total time for which application threads were stopped: 0.0006492 seconds, Stopping threads took: 0.0000202 seconds
50.260: [GC (Allocation Failure)  72837K->645K(414720K), 0.0004767 secs]
50.261: Total time for which application threads were stopped: 0.0006083 seconds, Stopping threads took: 0.0000286 seconds
50.304: [GC (Allocation Failure)  71813K->645K(413696K), 0.0005849 secs]
50.305: Total time for which application threads were stopped: 0.0007182 seconds, Stopping threads took: 0.0000285 seconds
50.355: [GC (Allocation Failure)  70789K->677K(412672K), 0.0005792 secs]
50.355: Total time for which application threads were stopped: 0.0007062 seconds, Stopping threads took: 0.0000269 seconds
50.398: [GC (Allocation Failure)  69797K->741K(411648K), 0.0005037 secs]
50.399: Total time for which application threads were stopped: 0.0006379 seconds, Stopping threads took: 0.0000192 seconds
50.441: [GC (Allocation Failure)  68837K->677K(425472K), 0.0005564 secs]
50.441: Total time for which application threads were stopped: 0.0006884 seconds, Stopping threads took: 0.0000288 seconds
50.492: [GC (Allocation Failure)  82597K->677K(423936K), 0.0004610 secs]
50.493: Total time for which application threads were stopped: 0.0005800 seconds, Stopping threads took: 0.0000192 seconds
50.542: [GC (Allocation Failure)  81061K->677K(422400K), 0.0005294 secs]
50.543: Total time for which application threads were stopped: 0.0006565 seconds, Stopping threads took: 0.0000269 seconds
50.591: [GC (Allocation Failure)  79525K->645K(421376K), 0.0005632 secs]
50.592: Total time for which application threads were stopped: 0.0006861 seconds, Stopping threads took: 0.0000273 seconds
50.646: [GC (Allocation Failure)  78469K->677K(420352K), 0.0005865 secs]
50.647: Total time for which application threads were stopped: 0.0006877 seconds, Stopping threads took: 0.0000168 seconds
50.694: [GC (Allocation Failure)  77477K->741K(419328K), 0.0006293 secs]
50.694: Total time for which application threads were stopped: 0.0007510 seconds, Stopping threads took: 0.0000198 seconds
50.741: [GC (Allocation Failure)  76517K->645K(418304K), 0.0004788 secs]
50.742: Total time for which application threads were stopped: 0.0006172 seconds, Stopping threads took: 0.0000278 seconds
50.793: [GC (Allocation Failure)  75397K->645K(417280K), 0.0004683 secs]
50.794: Total time for which application threads were stopped: 0.0005887 seconds, Stopping threads took: 0.0000206 seconds
50.844: [GC (Allocation Failure)  74373K->645K(416256K), 0.0005037 secs]
50.845: Total time for which application threads were stopped: 0.0006241 seconds, Stopping threads took: 0.0000197 seconds
50.889: [GC (Allocation Failure)  73349K->645K(415232K), 0.0005383 secs]
50.890: Total time for which application threads were stopped: 0.0006721 seconds, Stopping threads took: 0.0000279 seconds
50.939: [GC (Allocation Failure)  72325K->677K(414208K), 0.0004487 secs]
50.939: Total time for which application threads were stopped: 0.0005744 seconds, Stopping threads took: 0.0000268 seconds
50.983: [GC (Allocation Failure)  71333K->613K(413184K), 0.0005197 secs]
50.984: Total time for which application threads were stopped: 0.0006510 seconds, Stopping threads took: 0.0000261 seconds
51.026: [GC (Allocation Failure)  70245K->677K(412160K), 0.0005842 secs]
51.027: Total time for which application threads were stopped: 0.0007084 seconds, Stopping threads took: 0.0000217 seconds
51.076: [GC (Allocation Failure)  69285K->645K(411136K), 0.0005704 secs]
51.076: Total time for which application threads were stopped: 0.0006780 seconds, Stopping threads took: 0.0000162 seconds
51.118: [GC (Allocation Failure)  68229K->677K(410112K), 0.0004784 secs]
51.119: Total time for which application threads were stopped: 0.0005978 seconds, Stopping threads took: 0.0000198 seconds
51.161: [GC (Allocation Failure)  67237K->613K(423424K), 0.0006681 secs]
51.162: Total time for which application threads were stopped: 0.0007863 seconds, Stopping threads took: 0.0000195 seconds
51.214: [GC (Allocation Failure)  80485K->677K(422400K), 0.0004719 secs]
51.214: Total time for which application threads were stopped: 0.0005911 seconds, Stopping threads took: 0.0000188 seconds
51.263: [GC (Allocation Failure)  79525K->709K(421376K), 0.0004908 secs]
51.263: Total time for which application threads were stopped: 0.0006243 seconds, Stopping threads took: 0.0000191 seconds
51.311: [GC (Allocation Failure)  78533K->677K(420352K), 0.0005872 secs]
51.312: Total time for which application threads were stopped: 0.0007126 seconds, Stopping threads took: 0.0000213 seconds
51.365: [GC (Allocation Failure)  77477K->581K(419328K), 0.0005907 secs]
51.366: Total time for which application threads were stopped: 0.0007088 seconds, Stopping threads took: 0.0000196 seconds
51.412: [GC (Allocation Failure)  76357K->677K(418304K), 0.0004240 secs]
51.413: Total time for which application threads were stopped: 0.0005516 seconds, Stopping threads took: 0.0000279 seconds
51.459: [GC (Allocation Failure)  75429K->645K(417280K), 0.0005296 secs]
51.459: Total time for which application threads were stopped: 0.0006476 seconds, Stopping threads took: 0.0000202 seconds
51.510: [GC (Allocation Failure)  74373K->645K(416256K), 0.0005640 secs]
51.511: Total time for which application threads were stopped: 0.0007018 seconds, Stopping threads took: 0.0000198 seconds
51.556: [GC (Allocation Failure)  73349K->613K(415232K), 0.0004945 secs]
51.556: Total time for which application threads were stopped: 0.0006341 seconds, Stopping threads took: 0.0000266 seconds
51.607: [GC (Allocation Failure)  72293K->645K(414208K), 0.0004982 secs]
51.607: Total time for which application threads were stopped: 0.0006076 seconds, Stopping threads took: 0.0000165 seconds
51.651: [GC (Allocation Failure)  71301K->677K(428544K), 0.0006737 secs]
51.652: Total time for which application threads were stopped: 0.0008112 seconds, Stopping threads took: 0.0000197 seconds
51.710: [GC (Allocation Failure)  85669K->677K(427008K), 0.0005577 secs]
51.711: Total time for which application threads were stopped: 0.0006830 seconds, Stopping threads took: 0.0000223 seconds
51.762: [GC (Allocation Failure)  84133K->677K(425472K), 0.0005453 secs]
51.762: Total time for which application threads were stopped: 0.0006549 seconds, Stopping threads took: 0.0000165 seconds
51.813: [GC (Allocation Failure)  82597K->645K(423936K), 0.0004836 secs]
51.813: Total time for which application threads were stopped: 0.0006100 seconds, Stopping threads took: 0.0000259 seconds
51.866: [GC (Allocation Failure)  81029K->645K(422400K), 0.0005034 secs]
51.867: Total time for which application threads were stopped: 0.0006433 seconds, Stopping threads took: 0.0000260 seconds
51.920: [GC (Allocation Failure)  79493K->677K(421376K), 0.0005516 secs]
51.921: Total time for which application threads were stopped: 0.0007044 seconds, Stopping threads took: 0.0000303 seconds
51.969: [GC (Allocation Failure)  78501K->645K(420352K), 0.0005086 secs]
51.970: Total time for which application threads were stopped: 0.0006365 seconds, Stopping threads took: 0.0000178 seconds
52.017: [GC (Allocation Failure)  77445K->645K(419328K), 0.0004110 secs]
52.017: Total time for which application threads were stopped: 0.0005384 seconds, Stopping threads took: 0.0000176 seconds
52.064: [GC (Allocation Failure)  76421K->709K(418304K), 0.0004811 secs]
52.065: Total time for which application threads were stopped: 0.0005978 seconds, Stopping threads took: 0.0000194 seconds
52.116: [GC (Allocation Failure)  75461K->613K(417280K), 0.0005673 secs]
52.117: Total time for which application threads were stopped: 0.0006728 seconds, Stopping threads took: 0.0000164 seconds
52.163: [GC (Allocation Failure)  74341K->741K(416256K), 0.0005769 secs]
52.164: Total time for which application threads were stopped: 0.0006889 seconds, Stopping threads took: 0.0000175 seconds
52.209: [GC (Allocation Failure)  73445K->645K(415232K), 0.0005137 secs]
52.209: Total time for which application threads were stopped: 0.0006322 seconds, Stopping threads took: 0.0000195 seconds
52.259: [GC (Allocation Failure)  72325K->677K(414208K), 0.0004795 secs]
52.260: Total time for which application threads were stopped: 0.0006042 seconds, Stopping threads took: 0.0000273 seconds
52.310: [GC (Allocation Failure)  71333K->645K(413184K), 0.0004030 secs]
52.310: Total time for which application threads were stopped: 0.0005076 seconds, Stopping threads took: 0.0000169 seconds
52.356: [GC (Allocation Failure)  70277K->709K(412160K), 0.0006782 secs]
52.357: Total time for which application threads were stopped: 0.0008083 seconds, Stopping threads took: 0.0000275 seconds
52.405: [GC (Allocation Failure)  69317K->613K(411136K), 0.0005721 secs]
52.406: Total time for which application threads were stopped: 0.0006878 seconds, Stopping threads took: 0.0000192 seconds
52.452: [GC (Allocation Failure)  68197K->677K(410112K), 0.0005797 secs]
52.453: Total time for which application threads were stopped: 0.0007080 seconds, Stopping threads took: 0.0000280 seconds
52.500: [GC (Allocation Failure)  67237K->677K(409088K), 0.0004335 secs]
52.501: Total time for which application threads were stopped: 0.0005576 seconds, Stopping threads took: 0.0000198 seconds
52.542: [GC (Allocation Failure)  66213K->645K(408064K), 0.0004596 secs]
52.542: Total time for which application threads were stopped: 0.0005771 seconds, Stopping threads took: 0.0000189 seconds
52.583: [GC (Allocation Failure)  65157K->709K(421376K), 0.0006211 secs]
52.583: Total time for which application threads were stopped: 0.0007452 seconds, Stopping threads took: 0.0000200 seconds
52.631: [GC (Allocation Failure)  78533K->613K(437248K), 0.0006955 secs]
52.632: Total time for which application threads were stopped: 0.0008294 seconds, Stopping threads took: 0.0000211 seconds
52.689: [GC (Allocation Failure)  94309K->677K(435712K), 0.0003940 secs]
52.690: Total time for which application threads were stopped: 0.0005238 seconds, Stopping threads took: 0.0000339 seconds
52.752: [GC (Allocation Failure)  92837K->581K(434176K), 0.0005931 secs]
52.753: Total time for which application threads were stopped: 0.0007014 seconds, Stopping threads took: 0.0000170 seconds
52.808: [GC (Allocation Failure)  91205K->677K(432640K), 0.0005524 secs]
52.809: Total time for which application threads were stopped: 0.0006777 seconds, Stopping threads took: 0.0000216 seconds
52.869: [GC (Allocation Failure)  89765K->677K(431104K), 0.0006033 secs]
52.869: Total time for which application threads were stopped: 0.0007221 seconds, Stopping threads took: 0.0000201 seconds
52.923: [GC (Allocation Failure)  88229K->645K(429568K), 0.0005021 secs]
52.924: Total time for which application threads were stopped: 0.0006311 seconds, Stopping threads took: 0.0000283 seconds
52.983: [GC (Allocation Failure)  86661K->645K(428032K), 0.0003850 secs]
52.983: Total time for which application threads were stopped: 0.0004985 seconds, Stopping threads took: 0.0000253 seconds
53.035: [GC (Allocation Failure)  85125K->677K(426496K), 0.0004255 secs]
53.036: Total time for which application threads were stopped: 0.0005328 seconds, Stopping threads took: 0.0000164 seconds
53.093: [GC (Allocation Failure)  83621K->677K(424960K), 0.0005043 secs]
53.093: Total time for which application threads were stopped: 0.0006244 seconds, Stopping threads took: 0.0000199 seconds
53.147: [GC (Allocation Failure)  82085K->645K(423424K), 0.0005706 secs]
53.148: Total time for which application threads were stopped: 0.0007039 seconds, Stopping threads took: 0.0000185 seconds
53.201: [GC (Allocation Failure)  80517K->677K(422400K), 0.0004807 secs]
53.202: Total time for which application threads were stopped: 0.0006074 seconds, Stopping threads took: 0.0000203 seconds
53.250: [GC (Allocation Failure)  79525K->613K(421376K), 0.0005107 secs]
53.251: Total time for which application threads were stopped: 0.0006426 seconds, Stopping threads took: 0.0000215 seconds
53.304: [GC (Allocation Failure)  78437K->709K(420352K), 0.0005128 secs]
53.305: Total time for which application threads were stopped: 0.0006527 seconds, Stopping threads took: 0.0000219 seconds
53.352: [GC (Allocation Failure)  77509K->645K(419328K), 0.0005544 secs]
53.353: Total time for which application threads were stopped: 0.0006827 seconds, Stopping threads took: 0.0000220 seconds
53.399: [GC (Allocation Failure)  76421K->709K(418304K), 0.0005955 secs]
53.400: Total time for which application threads were stopped: 0.0007120 seconds, Stopping threads took: 0.0000204 seconds
53.452: [GC (Allocation Failure)  75461K->645K(417280K), 0.0006583 secs]
53.452: Total time for which application threads were stopped: 0.0007659 seconds, Stopping threads took: 0.0000171 seconds
53.503: [GC (Allocation Failure)  74373K->645K(416256K), 0.0004873 secs]
53.504: Total time for which application threads were stopped: 0.0006118 seconds, Stopping threads took: 0.0000258 seconds
53.554: [GC (Allocation Failure)  73349K->645K(415232K), 0.0004906 secs]
53.555: Total time for which application threads were stopped: 0.0006258 seconds, Stopping threads took: 0.0000208 seconds
53.599: [GC (Allocation Failure)  72325K->613K(414208K), 0.0004753 secs]
53.600: Total time for which application threads were stopped: 0.0006121 seconds, Stopping threads took: 0.0000198 seconds
53.643: [GC (Allocation Failure)  71269K->677K(428544K), 0.0007582 secs]
53.644: Total time for which application threads were stopped: 0.0008928 seconds, Stopping threads took: 0.0000189 seconds
53.696: [GC (Allocation Failure)  85669K->645K(427008K), 0.0005018 secs]
53.697: Total time for which application threads were stopped: 0.0006297 seconds, Stopping threads took: 0.0000230 seconds
53.755: [GC (Allocation Failure)  84101K->645K(425472K), 0.0005314 secs]
53.756: Total time for which application threads were stopped: 0.0006334 seconds, Stopping threads took: 0.0000174 seconds
53.806: [GC (Allocation Failure)  82565K->677K(423936K), 0.0005246 secs]
53.806: Total time for which application threads were stopped: 0.0006580 seconds, Stopping threads took: 0.0000193 seconds
53.856: [GC (Allocation Failure)  81061K->677K(422400K), 0.0005502 secs]
53.856: Total time for which application threads were stopped: 0.0006948 seconds, Stopping threads took: 0.0000209 seconds
53.909: [GC (Allocation Failure)  79525K->645K(421376K), 0.0006314 secs]
53.910: Total time for which application threads were stopped: 0.0007736 seconds, Stopping threads took: 0.0000227 seconds
53.958: [GC (Allocation Failure)  78469K->677K(420352K), 0.0004929 secs]
53.959: Total time for which application threads were stopped: 0.0006393 seconds, Stopping threads took: 0.0000221 seconds
54.012: [GC (Allocation Failure)  77477K->613K(419328K), 0.0005349 secs]
54.013: Total time for which application threads were stopped: 0.0006802 seconds, Stopping threads took: 0.0000271 seconds
54.066: [GC (Allocation Failure)  76389K->677K(418304K), 0.0006457 secs]
54.067: Total time for which application threads were stopped: 0.0007924 seconds, Stopping threads took: 0.0000221 seconds
54.118: [GC (Allocation Failure)  75429K->645K(417280K), 0.0005102 secs]
54.118: Total time for which application threads were stopped: 0.0006543 seconds, Stopping threads took: 0.0000229 seconds
54.165: [GC (Allocation Failure)  74373K->645K(416256K), 0.0005030 secs]
54.166: Total time for which application threads were stopped: 0.0006295 seconds, Stopping threads took: 0.0000197 seconds
54.211: [GC (Allocation Failure)  73349K->709K(415232K), 0.0006449 secs]
54.212: Total time for which application threads were stopped: 0.0007890 seconds, Stopping threads took: 0.0000213 seconds
54.260: [GC (Allocation Failure)  72389K->645K(429568K), 0.0006256 secs]
54.261: Total time for which application threads were stopped: 0.0007888 seconds, Stopping threads took: 0.0000229 seconds
54.314: [GC (Allocation Failure)  86661K->613K(446976K), 0.0006207 secs]
54.314: Total time for which application threads were stopped: 0.0007821 seconds, Stopping threads took: 0.0000284 seconds
54.383: [GC (Allocation Failure)  104037K->709K(444928K), 0.0004560 secs]
54.384: Total time for which application threads were stopped: 0.0006460 seconds, Stopping threads took: 0.0000231 seconds
54.446: [GC (Allocation Failure)  102085K->741K(442880K), 0.0004557 secs]
54.447: Total time for which application threads were stopped: 0.0005757 seconds, Stopping threads took: 0.0000195 seconds
54.513: [GC (Allocation Failure)  100069K->613K(440832K), 0.0005765 secs]
54.514: Total time for which application threads were stopped: 0.0006965 seconds, Stopping threads took: 0.0000206 seconds
54.577: [GC (Allocation Failure)  97893K->709K(438784K), 0.0006111 secs]
54.578: Total time for which application threads were stopped: 0.0007545 seconds, Stopping threads took: 0.0000272 seconds
54.639: [GC (Allocation Failure)  95941K->677K(437248K), 0.0005053 secs]
54.640: Total time for which application threads were stopped: 0.0006381 seconds, Stopping threads took: 0.0000295 seconds
54.697: [GC (Allocation Failure)  94373K->677K(435712K), 0.0004568 secs]
54.698: Total time for which application threads were stopped: 0.0005756 seconds, Stopping threads took: 0.0000195 seconds
54.754: [GC (Allocation Failure)  92837K->709K(434176K), 0.0005018 secs]
54.755: Total time for which application threads were stopped: 0.0006160 seconds, Stopping threads took: 0.0000188 seconds
54.817: [GC (Allocation Failure)  91333K->645K(432640K), 0.0005363 secs]
54.817: Total time for which application threads were stopped: 0.0006428 seconds, Stopping threads took: 0.0000177 seconds
54.872: [GC (Allocation Failure)  89733K->613K(431104K), 0.0004505 secs]
54.872: Total time for which application threads were stopped: 0.0005768 seconds, Stopping threads took: 0.0000275 seconds
54.926: [GC (Allocation Failure)  88165K->645K(429568K), 0.0004829 secs]
54.927: Total time for which application threads were stopped: 0.0006035 seconds, Stopping threads took: 0.0000198 seconds
54.980: [GC (Allocation Failure)  86661K->645K(428032K), 0.0003827 secs]
54.980: Total time for which application threads were stopped: 0.0005208 seconds, Stopping threads took: 0.0000200 seconds
55.039: [GC (Allocation Failure)  85125K->645K(426496K), 0.0006414 secs]
55.040: Total time for which application threads were stopped: 0.0007460 seconds, Stopping threads took: 0.0000165 seconds
55.095: [GC (Allocation Failure)  83589K->645K(424960K), 0.0005590 secs]
55.095: Total time for which application threads were stopped: 0.0006672 seconds, Stopping threads took: 0.0000170 seconds
55.149: [GC (Allocation Failure)  82053K->677K(423424K), 0.0004589 secs]
55.150: Total time for which application threads were stopped: 0.0005761 seconds, Stopping threads took: 0.0000177 seconds
55.199: [GC (Allocation Failure)  80549K->709K(422400K), 0.0004848 secs]
55.200: Total time for which application threads were stopped: 0.0006108 seconds, Stopping threads took: 0.0000203 seconds
55.248: [GC (Allocation Failure)  79557K->613K(421376K), 0.0006030 secs]
55.249: Total time for which application threads were stopped: 0.0007345 seconds, Stopping threads took: 0.0000203 seconds
55.303: [GC (Allocation Failure)  78437K->645K(420352K), 0.0004952 secs]
55.303: Total time for which application threads were stopped: 0.0006210 seconds, Stopping threads took: 0.0000205 seconds
55.355: [GC (Allocation Failure)  77445K->709K(419328K), 0.0005254 secs]
55.355: Total time for which application threads were stopped: 0.0006466 seconds, Stopping threads took: 0.0000286 seconds
55.407: [GC (Allocation Failure)  76485K->645K(418304K), 0.0005532 secs]
55.407: Total time for which application threads were stopped: 0.0006676 seconds, Stopping threads took: 0.0000166 seconds
55.453: [GC (Allocation Failure)  75397K->677K(417280K), 0.0005103 secs]
55.454: Total time for which application threads were stopped: 0.0006406 seconds, Stopping threads took: 0.0000216 seconds
55.500: [GC (Allocation Failure)  74405K->677K(416256K), 0.0005301 secs]
55.501: Total time for which application threads were stopped: 0.0006610 seconds, Stopping threads took: 0.0000271 seconds
55.545: [GC (Allocation Failure)  73381K->645K(415232K), 0.0004849 secs]
55.546: Total time for which application threads were stopped: 0.0006079 seconds, Stopping threads took: 0.0000265 seconds
55.590: [GC (Allocation Failure)  72325K->613K(414208K), 0.0004974 secs]
55.591: Total time for which application threads were stopped: 0.0006312 seconds, Stopping threads took: 0.0000187 seconds
55.638: [GC (Allocation Failure)  71269K->677K(413184K), 0.0004754 secs]
55.639: Total time for which application threads were stopped: 0.0006118 seconds, Stopping threads took: 0.0000294 seconds
55.682: [GC (Allocation Failure)  70309K->677K(412160K), 0.0004540 secs]
55.682: Total time for which application threads were stopped: 0.0005704 seconds, Stopping threads took: 0.0000196 seconds
55.724: [GC (Allocation Failure)  69285K->645K(411136K), 0.0004304 secs]
55.725: Total time for which application threads were stopped: 0.0005396 seconds, Stopping threads took: 0.0000162 seconds
55.772: [GC (Allocation Failure)  68229K->645K(410112K), 0.0004333 secs]
55.772: Total time for which application threads were stopped: 0.0005442 seconds, Stopping threads took: 0.0000169 seconds
55.813: [GC (Allocation Failure)  67205K->645K(409088K), 0.0004924 secs]
55.814: Total time for which application threads were stopped: 0.0006125 seconds, Stopping threads took: 0.0000193 seconds
55.855: [GC (Allocation Failure)  66181K->613K(408064K), 0.0005656 secs]
55.855: Total time for which application threads were stopped: 0.0007009 seconds, Stopping threads took: 0.0000212 seconds
55.895: [GC (Allocation Failure)  65125K->677K(421376K), 0.0005391 secs]
55.896: Total time for which application threads were stopped: 0.0006887 seconds, Stopping threads took: 0.0000300 seconds
55.950: [GC (Allocation Failure)  78501K->645K(420352K), 0.0005310 secs]
55.951: Total time for which application threads were stopped: 0.0006761 seconds, Stopping threads took: 0.0000213 seconds
55.999: [GC (Allocation Failure)  77445K->645K(419328K), 0.0004240 secs]
55.999: Total time for which application threads were stopped: 0.0005739 seconds, Stopping threads took: 0.0000262 seconds
56.046: [GC (Allocation Failure)  76421K->677K(418304K), 0.0006520 secs]
56.046: Total time for which application threads were stopped: 0.0007891 seconds, Stopping threads took: 0.0000288 seconds
56.092: [GC (Allocation Failure)  75429K->677K(417280K), 0.0004461 secs]
56.093: Total time for which application threads were stopped: 0.0005571 seconds, Stopping threads took: 0.0000198 seconds
56.146: [GC (Allocation Failure)  74405K->741K(416256K), 0.0006655 secs]
56.147: Total time for which application threads were stopped: 0.0007905 seconds, Stopping threads took: 0.0000154 seconds
56.191: [GC (Allocation Failure)  73445K->709K(431104K), 0.0006517 secs]
56.192: Total time for which application threads were stopped: 0.0007880 seconds, Stopping threads took: 0.0000281 seconds
56.246: [GC (Allocation Failure)  88261K->709K(429568K), 0.0004962 secs]
56.246: Total time for which application threads were stopped: 0.0006297 seconds, Stopping threads took: 0.0000298 seconds
56.299: [GC (Allocation Failure)  86725K->677K(428032K), 0.0005619 secs]
56.300: Total time for which application threads were stopped: 0.0006867 seconds, Stopping threads took: 0.0000275 seconds
56.355: [GC (Allocation Failure)  85157K->613K(426496K), 0.0005644 secs]
56.356: Total time for which application threads were stopped: 0.0006917 seconds, Stopping threads took: 0.0000272 seconds
56.407: [GC (Allocation Failure)  83557K->677K(424960K), 0.0005660 secs]
56.407: Total time for which application threads were stopped: 0.0006853 seconds, Stopping threads took: 0.0000193 seconds
56.457: [GC (Allocation Failure)  82085K->645K(423424K), 0.0005003 secs]
56.458: Total time for which application threads were stopped: 0.0006282 seconds, Stopping threads took: 0.0000272 seconds
56.508: [GC (Allocation Failure)  80517K->645K(422400K), 0.0004350 secs]
56.509: Total time for which application threads were stopped: 0.0005624 seconds, Stopping threads took: 0.0000268 seconds
56.557: [GC (Allocation Failure)  79493K->677K(421376K), 0.0005241 secs]
56.558: Total time for which application threads were stopped: 0.0006425 seconds, Stopping threads took: 0.0000195 seconds
56.612: [GC (Allocation Failure)  78501K->677K(420352K), 0.0005156 secs]
56.612: Total time for which application threads were stopped: 0.0006432 seconds, Stopping threads took: 0.0000274 seconds
56.660: [GC (Allocation Failure)  77477K->645K(419328K), 0.0004954 secs]
56.660: Total time for which application threads were stopped: 0.0006261 seconds, Stopping threads took: 0.0000303 seconds
56.710: [GC (Allocation Failure)  76421K->613K(418304K), 0.0004705 secs]
56.711: Total time for which application threads were stopped: 0.0005852 seconds, Stopping threads took: 0.0000196 seconds
56.761: [GC (Allocation Failure)  75365K->645K(417280K), 0.0004146 secs]
56.762: Total time for which application threads were stopped: 0.0005229 seconds, Stopping threads took: 0.0000168 seconds
56.810: [GC (Allocation Failure)  74373K->645K(416256K), 0.0004952 secs]
56.811: Total time for which application threads were stopped: 0.0006130 seconds, Stopping threads took: 0.0000199 seconds
56.856: [GC (Allocation Failure)  73349K->677K(415232K), 0.0004739 secs]
56.856: Total time for which application threads were stopped: 0.0006144 seconds, Stopping threads took: 0.0000389 seconds
56.907: [GC (Allocation Failure)  72357K->677K(414208K), 0.0005242 secs]
56.908: Total time for which application threads were stopped: 0.0006557 seconds, Stopping threads took: 0.0000211 seconds
56.951: [GC (Allocation Failure)  71333K->677K(413184K), 0.0005401 secs]
56.952: Total time for which application threads were stopped: 0.0006820 seconds, Stopping threads took: 0.0000220 seconds
56.996: [GC (Allocation Failure)  70309K->645K(412160K), 0.0004457 secs]
56.996: Total time for which application threads were stopped: 0.0005834 seconds, Stopping threads took: 0.0000265 seconds
57.045: [GC (Allocation Failure)  69253K->645K(411136K), 0.0005733 secs]
57.045: Total time for which application threads were stopped: 0.0007187 seconds, Stopping threads took: 0.0000293 seconds
57.087: [GC (Allocation Failure)  68229K->613K(410112K), 0.0006197 secs]
57.088: Total time for which application threads were stopped: 0.0007472 seconds, Stopping threads took: 0.0000217 seconds
57.129: [GC (Allocation Failure)  67173K->645K(423424K), 0.0016908 secs]
57.131: Total time for which application threads were stopped: 0.0018227 seconds, Stopping threads took: 0.0000262 seconds
57.182: [GC (Allocation Failure)  80517K->645K(439808K), 0.0006946 secs]
57.183: Total time for which application threads were stopped: 0.0008193 seconds, Stopping threads took: 0.0000274 seconds
57.242: [GC (Allocation Failure)  96901K->613K(459264K), 0.0004730 secs]
57.242: Total time for which application threads were stopped: 0.0005900 seconds, Stopping threads took: 0.0000197 seconds
57.313: [GC (Allocation Failure)  116325K->645K(482816K), 0.0005028 secs]
57.314: Total time for which application threads were stopped: 0.0006218 seconds, Stopping threads took: 0.0000193 seconds
57.404: [GC (Allocation Failure)  139909K->677K(479232K), 0.0004739 secs]
57.405: Total time for which application threads were stopped: 0.0005972 seconds, Stopping threads took: 0.0000269 seconds
57.495: [GC (Allocation Failure)  136357K->645K(476160K), 0.0004276 secs]
57.495: Total time for which application threads were stopped: 0.0005507 seconds, Stopping threads took: 0.0000289 seconds
57.583: [GC (Allocation Failure)  133253K->581K(473088K), 0.0004846 secs]
57.584: Total time for which application threads were stopped: 0.0006081 seconds, Stopping threads took: 0.0000208 seconds
57.663: [GC (Allocation Failure)  130117K->709K(470016K), 0.0005997 secs]
57.664: Total time for which application threads were stopped: 0.0007169 seconds, Stopping threads took: 0.0000198 seconds
57.741: [GC (Allocation Failure)  127173K->645K(466944K), 0.0004757 secs]
57.742: Total time for which application threads were stopped: 0.0006027 seconds, Stopping threads took: 0.0000273 seconds
57.817: [GC (Allocation Failure)  124037K->677K(464384K), 0.0004827 secs]
57.818: Total time for which application threads were stopped: 0.0006106 seconds, Stopping threads took: 0.0000192 seconds
57.892: [GC (Allocation Failure)  121509K->677K(461824K), 0.0004628 secs]
57.892: Total time for which application threads were stopped: 0.0005786 seconds, Stopping threads took: 0.0000191 seconds
57.965: [GC (Allocation Failure)  118949K->677K(459264K), 0.0005348 secs]
57.965: Total time for which application threads were stopped: 0.0006541 seconds, Stopping threads took: 0.0000198 seconds
58.037: [GC (Allocation Failure)  116389K->645K(456704K), 0.0005682 secs]
58.038: Total time for which application threads were stopped: 0.0006976 seconds, Stopping threads took: 0.0000270 seconds
58.107: [GC (Allocation Failure)  113797K->709K(454144K), 0.0005812 secs]
58.108: Total time for which application threads were stopped: 0.0006984 seconds, Stopping threads took: 0.0000191 seconds
58.176: [GC (Allocation Failure)  111301K->613K(452096K), 0.0004258 secs]
58.177: Total time for which application threads were stopped: 0.0005453 seconds, Stopping threads took: 0.0000197 seconds
58.243: [GC (Allocation Failure)  109157K->677K(450048K), 0.0005161 secs]
58.244: Total time for which application threads were stopped: 0.0006359 seconds, Stopping threads took: 0.0000190 seconds
58.309: [GC (Allocation Failure)  107173K->709K(448000K), 0.0005586 secs]
58.310: Total time for which application threads were stopped: 0.0006969 seconds, Stopping threads took: 0.0000193 seconds
58.377: [GC (Allocation Failure)  105157K->645K(445952K), 0.0004559 secs]
58.377: Total time for which application threads were stopped: 0.0005782 seconds, Stopping threads took: 0.0000217 seconds
58.445: [GC (Allocation Failure)  103045K->645K(443904K), 0.0004678 secs]
58.446: Total time for which application threads were stopped: 0.0005859 seconds, Stopping threads took: 0.0000189 seconds
58.508: [GC (Allocation Failure)  100997K->645K(441856K), 0.0004274 secs]
58.509: Total time for which application threads were stopped: 0.0005703 seconds, Stopping threads took: 0.0000282 seconds
58.573: [GC (Allocation Failure)  98949K->613K(439808K), 0.0004975 secs]
58.574: Total time for which application threads were stopped: 0.0006442 seconds, Stopping threads took: 0.0000199 seconds
58.633: [GC (Allocation Failure)  96869K->709K(437760K), 0.0004750 secs]
58.634: Total time for which application threads were stopped: 0.0005954 seconds, Stopping threads took: 0.0000195 seconds
58.691: [GC (Allocation Failure)  94917K->709K(436224K), 0.0004688 secs]
58.692: Total time for which application threads were stopped: 0.0005863 seconds, Stopping threads took: 0.0000193 seconds
58.749: [GC (Allocation Failure)  93381K->645K(434688K), 0.0004609 secs]
58.750: Total time for which application threads were stopped: 0.0006167 seconds, Stopping threads took: 0.0000501 seconds
58.808: [GC (Allocation Failure)  91781K->677K(433152K), 0.0004722 secs]
58.809: Total time for which application threads were stopped: 0.0005886 seconds, Stopping threads took: 0.0000205 seconds
58.864: [GC (Allocation Failure)  90277K->709K(431616K), 0.0006131 secs]
58.865: Total time for which application threads were stopped: 0.0007291 seconds, Stopping threads took: 0.0000200 seconds
58.919: [GC (Allocation Failure)  88773K->709K(430080K), 0.0004960 secs]
58.919: Total time for which application threads were stopped: 0.0007521 seconds, Stopping threads took: 0.0000197 seconds
58.972: [GC (Allocation Failure)  87237K->645K(428544K), 0.0004791 secs]
58.973: Total time for which application threads were stopped: 0.0005999 seconds, Stopping threads took: 0.0000196 seconds
59.031: [GC (Allocation Failure)  85637K->677K(427008K), 0.0004676 secs]
59.031: Total time for which application threads were stopped: 0.0005940 seconds, Stopping threads took: 0.0000259 seconds
59.086: [GC (Allocation Failure)  84133K->677K(425472K), 0.0005211 secs]
59.087: Total time for which application threads were stopped: 0.0006480 seconds, Stopping threads took: 0.0000197 seconds
59.138: [GC (Allocation Failure)  82597K->645K(423936K), 0.0005641 secs]
59.139: Total time for which application threads were stopped: 0.0006967 seconds, Stopping threads took: 0.0000253 seconds
59.190: [GC (Allocation Failure)  81029K->677K(422400K), 0.0005065 secs]
59.191: Total time for which application threads were stopped: 0.0006227 seconds, Stopping threads took: 0.0000196 seconds
59.243: [GC (Allocation Failure)  79525K->677K(421376K), 0.0004486 secs]
59.243: Total time for which application threads were stopped: 0.0005664 seconds, Stopping threads took: 0.0000197 seconds
59.291: [GC (Allocation Failure)  78501K->677K(420352K), 0.0004652 secs]
59.292: Total time for which application threads were stopped: 0.0005893 seconds, Stopping threads took: 0.0000276 seconds
59.339: [GC (Allocation Failure)  77477K->709K(419328K), 0.0004751 secs]
59.339: Total time for which application threads were stopped: 0.0005966 seconds, Stopping threads took: 0.0000265 seconds
59.386: [GC (Allocation Failure)  76485K->613K(418304K), 0.0004670 secs]
59.386: Total time for which application threads were stopped: 0.0005924 seconds, Stopping threads took: 0.0000275 seconds
59.438: [GC (Allocation Failure)  75365K->645K(417280K), 0.0004739 secs]
59.438: Total time for which application threads were stopped: 0.0005980 seconds, Stopping threads took: 0.0000283 seconds
59.490: [GC (Allocation Failure)  74373K->677K(416256K), 0.0005182 secs]
59.490: Total time for which application threads were stopped: 0.0006463 seconds, Stopping threads took: 0.0000270 seconds
59.535: [GC (Allocation Failure)  73381K->709K(415232K), 0.0004905 secs]
59.536: Total time for which application threads were stopped: 0.0006219 seconds, Stopping threads took: 0.0000278 seconds
59.580: [GC (Allocation Failure)  72389K->677K(414208K), 0.0004528 secs]
59.580: Total time for which application threads were stopped: 0.0005731 seconds, Stopping threads took: 0.0000197 seconds
59.624: [GC (Allocation Failure)  71333K->709K(413184K), 0.0005533 secs]
59.625: Total time for which application threads were stopped: 0.0006993 seconds, Stopping threads took: 0.0000294 seconds
59.667: [GC (Allocation Failure)  70341K->677K(412160K), 0.0006321 secs]
59.668: Total time for which application threads were stopped: 0.0007770 seconds, Stopping threads took: 0.0000229 seconds
59.710: [GC (Allocation Failure)  69285K->709K(425984K), 0.0007266 secs]
59.711: Total time for which application threads were stopped: 0.0008717 seconds, Stopping threads took: 0.0000221 seconds
59.762: [GC (Allocation Failure)  83141K->645K(442880K), 0.0007103 secs]
59.763: Total time for which application threads were stopped: 0.0008704 seconds, Stopping threads took: 0.0000314 seconds
59.830: [GC (Allocation Failure)  99973K->677K(462848K), 0.0005377 secs]
59.830: Total time for which application threads were stopped: 0.0006843 seconds, Stopping threads took: 0.0000229 seconds
59.904: [GC (Allocation Failure)  119973K->677K(460288K), 0.0006409 secs]
59.905: Total time for which application threads were stopped: 0.0007975 seconds, Stopping threads took: 0.0000235 seconds
59.981: [GC (Allocation Failure)  117413K->613K(457728K), 0.0004089 secs]
59.981: Total time for which application threads were stopped: 0.0005314 seconds, Stopping threads took: 0.0000193 seconds
60.051: [GC (Allocation Failure)  114789K->741K(455168K), 0.0007787 secs]
60.052: Total time for which application threads were stopped: 0.0009098 seconds, Stopping threads took: 0.0000227 seconds
60.120: [GC (Allocation Failure)  112357K->709K(452608K), 0.0006147 secs]
60.121: Total time for which application threads were stopped: 0.0007739 seconds, Stopping threads took: 0.0000306 seconds
60.189: [GC (Allocation Failure)  109765K->709K(450560K), 0.0006820 secs]
60.189: Total time for which application threads were stopped: 0.0008105 seconds, Stopping threads took: 0.0000286 seconds
60.255: [GC (Allocation Failure)  107717K->613K(448512K), 0.0004542 secs]
60.256: Total time for which application threads were stopped: 0.0005924 seconds, Stopping threads took: 0.0000279 seconds
60.320: [GC (Allocation Failure)  105573K->645K(446464K), 0.0004721 secs]
60.321: Total time for which application threads were stopped: 0.0005956 seconds, Stopping threads took: 0.0000218 seconds
60.389: [GC (Allocation Failure)  103557K->613K(444416K), 0.0006061 secs]
60.390: Total time for which application threads were stopped: 0.0007160 seconds, Stopping threads took: 0.0000171 seconds
60.458: [GC (Allocation Failure)  101477K->645K(442368K), 0.0006091 secs]
60.459: Total time for which application threads were stopped: 0.0007315 seconds, Stopping threads took: 0.0000273 seconds
60.520: [GC (Allocation Failure)  99461K->645K(440320K), 0.0005440 secs]
60.520: Total time for which application threads were stopped: 0.0006712 seconds, Stopping threads took: 0.0000279 seconds
60.580: [GC (Allocation Failure)  97413K->709K(438272K), 0.0004640 secs]
60.580: Total time for which application threads were stopped: 0.0006035 seconds, Stopping threads took: 0.0000194 seconds
60.639: [GC (Allocation Failure)  95429K->677K(436736K), 0.0004815 secs]
60.639: Total time for which application threads were stopped: 0.0006089 seconds, Stopping threads took: 0.0000273 seconds
60.696: [GC (Allocation Failure)  93861K->613K(435200K), 0.0005280 secs]
60.697: Total time for which application threads were stopped: 0.0006499 seconds, Stopping threads took: 0.0000277 seconds
60.757: [GC (Allocation Failure)  92261K->613K(433664K), 0.0004937 secs]
60.757: Total time for which application threads were stopped: 0.0006005 seconds, Stopping threads took: 0.0000170 seconds
60.812: [GC (Allocation Failure)  90725K->645K(432128K), 0.0005585 secs]
60.813: Total time for which application threads were stopped: 0.0006815 seconds, Stopping threads took: 0.0000196 seconds
60.867: [GC (Allocation Failure)  89221K->677K(430592K), 0.0006455 secs]
60.868: Total time for which application threads were stopped: 0.0007633 seconds, Stopping threads took: 0.0000199 seconds
60.928: [GC (Allocation Failure)  87717K->677K(429056K), 0.0004996 secs]
60.929: Total time for which application threads were stopped: 0.0006192 seconds, Stopping threads took: 0.0000194 seconds
60.981: [GC (Allocation Failure)  86181K->645K(427520K), 0.0005751 secs]
60.982: Total time for which application threads were stopped: 0.0006981 seconds, Stopping threads took: 0.0000193 seconds
61.034: [GC (Allocation Failure)  84613K->677K(425984K), 0.0004910 secs]
61.034: Total time for which application threads were stopped: 0.0006162 seconds, Stopping threads took: 0.0000196 seconds
61.085: [GC (Allocation Failure)  83109K->709K(424448K), 0.0004808 secs]
61.085: Total time for which application threads were stopped: 0.0007406 seconds, Stopping threads took: 0.0000190 seconds
61.135: [GC (Allocation Failure)  81605K->677K(422912K), 0.0007526 secs]
61.136: Total time for which application threads were stopped: 0.0008740 seconds, Stopping threads took: 0.0000260 seconds
61.187: [GC (Allocation Failure)  80037K->645K(421888K), 0.0004726 secs]
61.187: Total time for which application threads were stopped: 0.0006014 seconds, Stopping threads took: 0.0000201 seconds
61.239: [GC (Allocation Failure)  78981K->613K(420864K), 0.0006743 secs]
61.239: Total time for which application threads were stopped: 0.0008237 seconds, Stopping threads took: 0.0000298 seconds
61.291: [GC (Allocation Failure)  77925K->677K(419840K), 0.0005274 secs]
61.292: Total time for which application threads were stopped: 0.0006800 seconds, Stopping threads took: 0.0000219 seconds
61.345: [GC (Allocation Failure)  76965K->645K(418816K), 0.0005607 secs]
61.345: Total time for which application threads were stopped: 0.0007265 seconds, Stopping threads took: 0.0000233 seconds
61.395: [GC (Allocation Failure)  75909K->677K(417792K), 0.0005277 secs]
61.396: Total time for which application threads were stopped: 0.0006642 seconds, Stopping threads took: 0.0000235 seconds
61.445: [GC (Allocation Failure)  74917K->613K(416768K), 0.0006340 secs]
61.446: Total time for which application threads were stopped: 0.0007639 seconds, Stopping threads took: 0.0000206 seconds
61.498: [GC (Allocation Failure)  73829K->645K(431616K), 0.0007052 secs]
61.499: Total time for which application threads were stopped: 0.0008272 seconds, Stopping threads took: 0.0000194 seconds
61.553: [GC (Allocation Failure)  88709K->677K(430080K), 0.0005536 secs]
61.553: Total time for which application threads were stopped: 0.0006851 seconds, Stopping threads took: 0.0000203 seconds
61.606: [GC (Allocation Failure)  87205K->645K(428544K), 0.0005199 secs]
61.607: Total time for which application threads were stopped: 0.0006681 seconds, Stopping threads took: 0.0000223 seconds
61.664: [GC (Allocation Failure)  85637K->709K(427008K), 0.0004911 secs]
61.664: Total time for which application threads were stopped: 0.0006202 seconds, Stopping threads took: 0.0000222 seconds
61.716: [GC (Allocation Failure)  84165K->645K(425472K), 0.0004852 secs]
61.716: Total time for which application threads were stopped: 0.0006402 seconds, Stopping threads took: 0.0000354 seconds
61.771: [GC (Allocation Failure)  82565K->677K(423936K), 0.0005155 secs]
61.771: Total time for which application threads were stopped: 0.0006312 seconds, Stopping threads took: 0.0000195 seconds
61.821: [GC (Allocation Failure)  81061K->677K(422400K), 0.0004928 secs]
61.822: Total time for which application threads were stopped: 0.0006412 seconds, Stopping threads took: 0.0000292 seconds
61.874: [GC (Allocation Failure)  79525K->645K(421376K), 0.0005670 secs]
61.874: Total time for which application threads were stopped: 0.0007179 seconds, Stopping threads took: 0.0000296 seconds
61.926: [GC (Allocation Failure)  78469K->677K(420352K), 0.0004966 secs]
61.926: Total time for which application threads were stopped: 0.0006215 seconds, Stopping threads took: 0.0000218 seconds
61.973: [GC (Allocation Failure)  77477K->645K(419328K), 0.0004873 secs]
61.974: Total time for which application threads were stopped: 0.0006226 seconds, Stopping threads took: 0.0000273 seconds
62.024: [GC (Allocation Failure)  76421K->645K(418304K), 0.0004614 secs]
62.025: Total time for which application threads were stopped: 0.0005581 seconds, Stopping threads took: 0.0000165 seconds
62.071: [GC (Allocation Failure)  75397K->677K(417280K), 0.0004991 secs]
62.071: Total time for which application threads were stopped: 0.0006268 seconds, Stopping threads took: 0.0000204 seconds
62.117: [GC (Allocation Failure)  74405K->677K(416256K), 0.0005397 secs]
62.117: Total time for which application threads were stopped: 0.0006783 seconds, Stopping threads took: 0.0000218 seconds
62.163: [GC (Allocation Failure)  73381K->645K(415232K), 0.0004192 secs]
62.163: Total time for which application threads were stopped: 0.0005290 seconds, Stopping threads took: 0.0000167 seconds
62.207: [GC (Allocation Failure)  72325K->645K(414208K), 0.0005097 secs]
62.208: Total time for which application threads were stopped: 0.0006398 seconds, Stopping threads took: 0.0000200 seconds
62.257: [GC (Allocation Failure)  71301K->677K(413184K), 0.0004206 secs]
62.258: Total time for which application threads were stopped: 0.0005490 seconds, Stopping threads took: 0.0000279 seconds
62.301: [GC (Allocation Failure)  70309K->645K(412160K), 0.0004854 secs]
62.301: Total time for which application threads were stopped: 0.0006052 seconds, Stopping threads took: 0.0000175 seconds
62.343: [GC (Allocation Failure)  69253K->645K(411136K), 0.0004804 secs]
62.344: Total time for which application threads were stopped: 0.0006054 seconds, Stopping threads took: 0.0000279 seconds
62.392: [GC (Allocation Failure)  68229K->645K(410112K), 0.0005334 secs]
62.392: Total time for which application threads were stopped: 0.0006400 seconds, Stopping threads took: 0.0000168 seconds
62.434: [GC (Allocation Failure)  67205K->645K(409088K), 0.0004094 secs]
62.434: Total time for which application threads were stopped: 0.0005147 seconds, Stopping threads took: 0.0000171 seconds
62.475: [GC (Allocation Failure)  66181K->645K(408064K), 0.0004564 secs]
62.475: Total time for which application threads were stopped: 0.0005605 seconds, Stopping threads took: 0.0000159 seconds
62.516: [GC (Allocation Failure)  65157K->645K(407040K), 0.0004441 secs]
62.517: Total time for which application threads were stopped: 0.0005661 seconds, Stopping threads took: 0.0000266 seconds
62.557: [GC (Allocation Failure)  64133K->677K(406016K), 0.0004609 secs]
62.557: Total time for which application threads were stopped: 0.0006002 seconds, Stopping threads took: 0.0000275 seconds
62.599: [GC (Allocation Failure)  63141K->645K(405504K), 0.0005847 secs]
62.599: Total time for which application threads were stopped: 0.0007082 seconds, Stopping threads took: 0.0000203 seconds
62.644: [GC (Allocation Failure)  62597K->645K(418304K), 0.0006106 secs]
62.645: Total time for which application threads were stopped: 0.0007612 seconds, Stopping threads took: 0.0000276 seconds
62.691: [GC (Allocation Failure)  75397K->645K(433664K), 0.0005353 secs]
62.692: Total time for which application threads were stopped: 0.0006743 seconds, Stopping threads took: 0.0000230 seconds
62.753: [GC (Allocation Failure)  90757K->645K(432128K), 0.0004487 secs]
62.754: Total time for which application threads were stopped: 0.0005584 seconds, Stopping threads took: 0.0000167 seconds
62.808: [GC (Allocation Failure)  89221K->645K(430592K), 0.0005549 secs]
62.809: Total time for which application threads were stopped: 0.0006757 seconds, Stopping threads took: 0.0000207 seconds
62.863: [GC (Allocation Failure)  87685K->741K(429056K), 0.0005077 secs]
62.863: Total time for which application threads were stopped: 0.0006508 seconds, Stopping threads took: 0.0000219 seconds
62.916: [GC (Allocation Failure)  86245K->645K(427520K), 0.0005022 secs]
62.917: Total time for which application threads were stopped: 0.0006330 seconds, Stopping threads took: 0.0000228 seconds
62.975: [GC (Allocation Failure)  84613K->645K(425984K), 0.0005892 secs]
62.976: Total time for which application threads were stopped: 0.0007128 seconds, Stopping threads took: 0.0000223 seconds
63.030: [GC (Allocation Failure)  83077K->645K(424448K), 0.0004880 secs]
63.031: Total time for which application threads were stopped: 0.0005908 seconds, Stopping threads took: 0.0000168 seconds
63.081: [GC (Allocation Failure)  81541K->741K(422912K), 0.0006235 secs]
63.081: Total time for which application threads were stopped: 0.0007439 seconds, Stopping threads took: 0.0000199 seconds
63.131: [GC (Allocation Failure)  80101K->645K(421888K), 0.0004537 secs]
63.131: Total time for which application threads were stopped: 0.0005749 seconds, Stopping threads took: 0.0000261 seconds
63.182: [GC (Allocation Failure)  78981K->645K(420864K), 0.0004691 secs]
63.182: Total time for which application threads were stopped: 0.0005886 seconds, Stopping threads took: 0.0000201 seconds
63.230: [GC (Allocation Failure)  77957K->709K(419840K), 0.0006676 secs]
63.231: Total time for which application threads were stopped: 0.0008023 seconds, Stopping threads took: 0.0000200 seconds
63.283: [GC (Allocation Failure)  76997K->645K(418816K), 0.0005142 secs]
63.283: Total time for which application threads were stopped: 0.0006631 seconds, Stopping threads took: 0.0000227 seconds
63.330: [GC (Allocation Failure)  75909K->677K(417792K), 0.0005199 secs]
63.330: Total time for which application threads were stopped: 0.0006666 seconds, Stopping threads took: 0.0000233 seconds
63.376: [GC (Allocation Failure)  74917K->645K(416768K), 0.0005318 secs]
63.377: Total time for which application threads were stopped: 0.0006711 seconds, Stopping threads took: 0.0000213 seconds
63.422: [GC (Allocation Failure)  73861K->741K(415744K), 0.0005912 secs]
63.422: Total time for which application threads were stopped: 0.0007354 seconds, Stopping threads took: 0.0000228 seconds
63.467: [GC (Allocation Failure)  72933K->645K(414720K), 0.0005206 secs]
63.467: Total time for which application threads were stopped: 0.0006724 seconds, Stopping threads took: 0.0000231 seconds
63.516: [GC (Allocation Failure)  71813K->741K(413696K), 0.0005221 secs]
63.517: Total time for which application threads were stopped: 0.0006622 seconds, Stopping threads took: 0.0000278 seconds
63.560: [GC (Allocation Failure)  70885K->677K(412672K), 0.0005586 secs]
63.561: Total time for which application threads were stopped: 0.0006954 seconds, Stopping threads took: 0.0000259 seconds
63.608: [GC (Allocation Failure)  69797K->709K(411648K), 0.0004977 secs]
63.608: Total time for which application threads were stopped: 0.0006428 seconds, Stopping threads took: 0.0000228 seconds
63.650: [GC (Allocation Failure)  68805K->677K(410624K), 0.0005470 secs]
63.651: Total time for which application threads were stopped: 0.0006907 seconds, Stopping threads took: 0.0000225 seconds
63.692: [GC (Allocation Failure)  67749K->645K(424448K), 0.0005822 secs]
63.693: Total time for which application threads were stopped: 0.0007349 seconds, Stopping threads took: 0.0000230 seconds
63.748: [GC (Allocation Failure)  81541K->709K(422912K), 0.0005292 secs]
63.749: Total time for which application threads were stopped: 0.0006742 seconds, Stopping threads took: 0.0000223 seconds
63.798: [GC (Allocation Failure)  80069K->645K(421888K), 0.0004958 secs]
63.798: Total time for which application threads were stopped: 0.0006309 seconds, Stopping threads took: 0.0000221 seconds
63.852: [GC (Allocation Failure)  78981K->709K(420864K), 0.0006107 secs]
63.852: Total time for which application threads were stopped: 0.0007468 seconds, Stopping threads took: 0.0000287 seconds
63.900: [GC (Allocation Failure)  78021K->677K(419840K), 0.0005178 secs]
63.901: Total time for which application threads were stopped: 0.0006465 seconds, Stopping threads took: 0.0000204 seconds
63.948: [GC (Allocation Failure)  76965K->677K(418816K), 0.0005124 secs]
63.948: Total time for which application threads were stopped: 0.0006389 seconds, Stopping threads took: 0.0000215 seconds
63.996: [GC (Allocation Failure)  75941K->645K(417792K), 0.0004080 secs]
63.996: Total time for which application threads were stopped: 0.0005594 seconds, Stopping threads took: 0.0000261 seconds
64.043: [GC (Allocation Failure)  74885K->677K(416768K), 0.0004563 secs]
64.044: Total time for which application threads were stopped: 0.0005857 seconds, Stopping threads took: 0.0000276 seconds
64.089: [GC (Allocation Failure)  73893K->645K(415744K), 0.0004674 secs]
64.090: Total time for which application threads were stopped: 0.0005840 seconds, Stopping threads took: 0.0000188 seconds
64.137: [GC (Allocation Failure)  72837K->645K(414720K), 0.0004309 secs]
64.138: Total time for which application threads were stopped: 0.0005651 seconds, Stopping threads took: 0.0000247 seconds
64.182: [GC (Allocation Failure)  71813K->645K(413696K), 0.0004576 secs]
64.183: Total time for which application threads were stopped: 0.0005787 seconds, Stopping threads took: 0.0000197 seconds
64.229: [GC (Allocation Failure)  70789K->645K(412672K), 0.0005863 secs]
64.230: Total time for which application threads were stopped: 0.0007311 seconds, Stopping threads took: 0.0000215 seconds
64.273: [GC (Allocation Failure)  69765K->645K(411648K), 0.0006462 secs]
64.273: Total time for which application threads were stopped: 0.0007894 seconds, Stopping threads took: 0.0000278 seconds
64.320: [GC (Allocation Failure)  68741K->645K(410624K), 0.0005161 secs]
64.321: Total time for which application threads were stopped: 0.0006610 seconds, Stopping threads took: 0.0000215 seconds
64.369: [GC (Allocation Failure)  67717K->613K(409600K), 0.0005049 secs]
64.369: Total time for which application threads were stopped: 0.0006423 seconds, Stopping threads took: 0.0000196 seconds
64.413: [GC (Allocation Failure)  66661K->741K(408576K), 0.0005053 secs]
64.413: Total time for which application threads were stopped: 0.0006220 seconds, Stopping threads took: 0.0000194 seconds
64.453: [GC (Allocation Failure)  65765K->645K(407552K), 0.0004692 secs]
64.454: Total time for which application threads were stopped: 0.0005863 seconds, Stopping threads took: 0.0000200 seconds
64.494: [GC (Allocation Failure)  64645K->709K(406528K), 0.0004368 secs]
64.494: Total time for which application threads were stopped: 0.0005542 seconds, Stopping threads took: 0.0000190 seconds
64.538: [GC (Allocation Failure)  63685K->741K(419328K), 0.0006192 secs]
64.539: Total time for which application threads were stopped: 0.0007362 seconds, Stopping threads took: 0.0000192 seconds
64.586: [GC (Allocation Failure)  76517K->677K(434688K), 0.0005535 secs]
64.586: Total time for which application threads were stopped: 0.0006813 seconds, Stopping threads took: 0.0000272 seconds
64.643: [GC (Allocation Failure)  91813K->677K(433152K), 0.0005826 secs]
64.643: Total time for which application threads were stopped: 0.0007083 seconds, Stopping threads took: 0.0000196 seconds
64.705: [GC (Allocation Failure)  90277K->645K(431616K), 0.0005231 secs]
64.705: Total time for which application threads were stopped: 0.0006402 seconds, Stopping threads took: 0.0000194 seconds
64.764: [GC (Allocation Failure)  88709K->613K(430080K), 0.0005740 secs]
64.764: Total time for which application threads were stopped: 0.0006901 seconds, Stopping threads took: 0.0000197 seconds
64.817: [GC (Allocation Failure)  87141K->645K(428544K), 0.0005137 secs]
64.818: Total time for which application threads were stopped: 0.0006309 seconds, Stopping threads took: 0.0000255 seconds
64.870: [GC (Allocation Failure)  85637K->645K(427008K), 0.0005511 secs]
64.871: Total time for which application threads were stopped: 0.0006674 seconds, Stopping threads took: 0.0000189 seconds
64.922: [GC (Allocation Failure)  84101K->709K(425472K), 0.0004726 secs]
64.923: Total time for which application threads were stopped: 0.0005927 seconds, Stopping threads took: 0.0000197 seconds
64.973: [GC (Allocation Failure)  82629K->645K(423936K), 0.0005212 secs]
64.974: Total time for which application threads were stopped: 0.0006642 seconds, Stopping threads took: 0.0000278 seconds
65.024: [GC (Allocation Failure)  81029K->677K(422400K), 0.0004619 secs]
65.025: Total time for which application threads were stopped: 0.0006244 seconds, Stopping threads took: 0.0000196 seconds
65.073: [GC (Allocation Failure)  79525K->677K(421376K), 0.0005883 secs]
65.074: Total time for which application threads were stopped: 0.0007345 seconds, Stopping threads took: 0.0000292 seconds
65.122: [GC (Allocation Failure)  78501K->677K(420352K), 0.0005462 secs]
65.122: Total time for which application threads were stopped: 0.0007054 seconds, Stopping threads took: 0.0000249 seconds
65.174: [GC (Allocation Failure)  77477K->645K(419328K), 0.0004111 secs]
65.175: Total time for which application threads were stopped: 0.0005191 seconds, Stopping threads took: 0.0000164 seconds
65.226: [GC (Allocation Failure)  76421K->613K(418304K), 0.0004975 secs]
65.226: Total time for which application threads were stopped: 0.0006242 seconds, Stopping threads took: 0.0000199 seconds
65.272: [GC (Allocation Failure)  75365K->677K(417280K), 0.0005181 secs]
65.273: Total time for which application threads were stopped: 0.0006596 seconds, Stopping threads took: 0.0000297 seconds
65.318: [GC (Allocation Failure)  74405K->677K(416256K), 0.0005787 secs]
65.319: Total time for which application threads were stopped: 0.0007127 seconds, Stopping threads took: 0.0000212 seconds
65.364: [GC (Allocation Failure)  73381K->645K(415232K), 0.0005063 secs]
65.365: Total time for which application threads were stopped: 0.0006538 seconds, Stopping threads took: 0.0000228 seconds
65.415: [GC (Allocation Failure)  72325K->677K(414208K), 0.0005926 secs]
65.415: Total time for which application threads were stopped: 0.0007388 seconds, Stopping threads took: 0.0000220 seconds
65.459: [GC (Allocation Failure)  71333K->677K(413184K), 0.0005338 secs]
65.459: Total time for which application threads were stopped: 0.0006899 seconds, Stopping threads took: 0.0000311 seconds
65.503: [GC (Allocation Failure)  70309K->677K(412160K), 0.0005328 secs]
65.503: Total time for which application threads were stopped: 0.0006827 seconds, Stopping threads took: 0.0000236 seconds
65.546: [GC (Allocation Failure)  69285K->645K(411136K), 0.0004333 secs]
65.546: Total time for which application threads were stopped: 0.0005689 seconds, Stopping threads took: 0.0000214 seconds
65.593: [GC (Allocation Failure)  68229K->645K(410112K), 0.0005148 secs]
65.593: Total time for which application threads were stopped: 0.0006515 seconds, Stopping threads took: 0.0000214 seconds
65.639: [GC (Allocation Failure)  67205K->645K(423424K), 0.0006646 secs]
65.640: Total time for which application threads were stopped: 0.0008042 seconds, Stopping threads took: 0.0000293 seconds
65.689: [GC (Allocation Failure)  80517K->645K(422400K), 0.0005434 secs]
65.689: Total time for which application threads were stopped: 0.0006747 seconds, Stopping threads took: 0.0000285 seconds
65.738: [GC (Allocation Failure)  79493K->741K(438272K), 0.0006341 secs]
65.738: Total time for which application threads were stopped: 0.0007718 seconds, Stopping threads took: 0.0000195 seconds
65.802: [GC (Allocation Failure)  95461K->645K(436736K), 0.0004668 secs]
65.803: Total time for which application threads were stopped: 0.0006004 seconds, Stopping threads took: 0.0000210 seconds
65.864: [GC (Allocation Failure)  93829K->677K(435200K), 0.0005222 secs]
65.864: Total time for which application threads were stopped: 0.0006556 seconds, Stopping threads took: 0.0000207 seconds
65.921: [GC (Allocation Failure)  92325K->645K(433664K), 0.0005215 secs]
65.922: Total time for which application threads were stopped: 0.0006471 seconds, Stopping threads took: 0.0000197 seconds
65.977: [GC (Allocation Failure)  90757K->645K(432128K), 0.0005315 secs]
65.978: Total time for which application threads were stopped: 0.0006641 seconds, Stopping threads took: 0.0000201 seconds
66.034: [GC (Allocation Failure)  89221K->645K(430592K), 0.0003852 secs]
66.034: Total time for which application threads were stopped: 0.0005169 seconds, Stopping threads took: 0.0000277 seconds
66.088: [GC (Allocation Failure)  87685K->613K(429056K), 0.0005969 secs]
66.089: Total time for which application threads were stopped: 0.0007190 seconds, Stopping threads took: 0.0000202 seconds
66.149: [GC (Allocation Failure)  86117K->677K(427520K), 0.0004056 secs]
66.149: Total time for which application threads were stopped: 0.0005215 seconds, Stopping threads took: 0.0000170 seconds
66.206: [GC (Allocation Failure)  84645K->645K(425984K), 0.0004735 secs]
66.207: Total time for which application threads were stopped: 0.0005927 seconds, Stopping threads took: 0.0000196 seconds
66.262: [GC (Allocation Failure)  83077K->709K(424448K), 0.0004946 secs]
66.262: Total time for which application threads were stopped: 0.0006221 seconds, Stopping threads took: 0.0000196 seconds
66.312: [GC (Allocation Failure)  81605K->677K(422912K), 0.0004531 secs]
66.313: Total time for which application threads were stopped: 0.0005900 seconds, Stopping threads took: 0.0000312 seconds
66.369: [GC (Allocation Failure)  80037K->645K(421888K), 0.0006090 secs]
66.369: Total time for which application threads were stopped: 0.0007367 seconds, Stopping threads took: 0.0000283 seconds
66.418: [GC (Allocation Failure)  78981K->677K(420864K), 0.0004917 secs]
66.418: Total time for which application threads were stopped: 0.0006194 seconds, Stopping threads took: 0.0000279 seconds
66.466: [GC (Allocation Failure)  77989K->645K(419840K), 0.0005008 secs]
66.466: Total time for which application threads were stopped: 0.0006214 seconds, Stopping threads took: 0.0000199 seconds
66.515: [GC (Allocation Failure)  76933K->677K(418816K), 0.0004225 secs]
66.515: Total time for which application threads were stopped: 0.0005547 seconds, Stopping threads took: 0.0000265 seconds
66.561: [GC (Allocation Failure)  75941K->581K(417792K), 0.0005391 secs]
66.562: Total time for which application threads were stopped: 0.0006786 seconds, Stopping threads took: 0.0000301 seconds
66.608: [GC (Allocation Failure)  74821K->709K(416768K), 0.0005168 secs]
66.608: Total time for which application threads were stopped: 0.0006383 seconds, Stopping threads took: 0.0000208 seconds
66.657: [GC (Allocation Failure)  73925K->645K(415744K), 0.0004722 secs]
66.658: Total time for which application threads were stopped: 0.0005914 seconds, Stopping threads took: 0.0000195 seconds
66.703: [GC (Allocation Failure)  72837K->645K(414720K), 0.0004602 secs]
66.703: Total time for which application threads were stopped: 0.0005887 seconds, Stopping threads took: 0.0000275 seconds
66.747: [GC (Allocation Failure)  71813K->613K(413696K), 0.0004744 secs]
66.747: Total time for which application threads were stopped: 0.0005901 seconds, Stopping threads took: 0.0000193 seconds
66.795: [GC (Allocation Failure)  70757K->677K(412672K), 0.0005080 secs]
66.796: Total time for which application threads were stopped: 0.0006285 seconds, Stopping threads took: 0.0000193 seconds
66.839: [GC (Allocation Failure)  69797K->677K(411648K), 0.0005392 secs]
66.839: Total time for which application threads were stopped: 0.0006679 seconds, Stopping threads took: 0.0000272 seconds
66.881: [GC (Allocation Failure)  68773K->677K(410624K), 0.0004542 secs]
66.882: Total time for which application threads were stopped: 0.0005866 seconds, Stopping threads took: 0.0000193 seconds
66.928: [GC (Allocation Failure)  67749K->709K(409600K), 0.0004834 secs]
66.929: Total time for which application threads were stopped: 0.0006141 seconds, Stopping threads took: 0.0000213 seconds
66.970: [GC (Allocation Failure)  66757K->645K(408576K), 0.0005295 secs]
66.971: Total time for which application threads were stopped: 0.0006760 seconds, Stopping threads took: 0.0000210 seconds
67.012: [GC (Allocation Failure)  65669K->709K(407552K), 0.0004144 secs]
67.012: Total time for which application threads were stopped: 0.0005384 seconds, Stopping threads took: 0.0000267 seconds
67.052: [GC (Allocation Failure)  64709K->613K(406528K), 0.0004908 secs]
67.053: Total time for which application threads were stopped: 0.0006263 seconds, Stopping threads took: 0.0000201 seconds
67.095: [GC (Allocation Failure)  63589K->645K(405504K), 0.0005518 secs]
67.096: Total time for which application threads were stopped: 0.0007111 seconds, Stopping threads took: 0.0000213 seconds
67.134: [GC (Allocation Failure)  62597K->613K(418304K), 0.0005172 secs]
67.135: Total time for which application threads were stopped: 0.0006344 seconds, Stopping threads took: 0.0000190 seconds
67.184: [GC (Allocation Failure)  75365K->645K(417280K), 0.0004801 secs]
67.185: Total time for which application threads were stopped: 0.0006158 seconds, Stopping threads took: 0.0000276 seconds
67.230: [GC (Allocation Failure)  74373K->677K(416256K), 0.0005512 secs]
67.231: Total time for which application threads were stopped: 0.0006688 seconds, Stopping threads took: 0.0000195 seconds
67.276: [GC (Allocation Failure)  73381K->645K(415232K), 0.0004927 secs]
67.276: Total time for which application threads were stopped: 0.0006099 seconds, Stopping threads took: 0.0000195 seconds
67.324: [GC (Allocation Failure)  72325K->677K(414208K), 0.0005850 secs]
67.324: Total time for which application threads were stopped: 0.0007098 seconds, Stopping threads took: 0.0000273 seconds
67.372: [GC (Allocation Failure)  71333K->677K(413184K), 0.0004494 secs]
67.372: Total time for which application threads were stopped: 0.0005925 seconds, Stopping threads took: 0.0000193 seconds
67.415: [GC (Allocation Failure)  70309K->709K(427520K), 0.0006734 secs]
67.416: Total time for which application threads were stopped: 0.0008100 seconds, Stopping threads took: 0.0000211 seconds
67.467: [GC (Allocation Failure)  84677K->677K(444416K), 0.0006444 secs]
67.468: Total time for which application threads were stopped: 0.0007872 seconds, Stopping threads took: 0.0000224 seconds
67.531: [GC (Allocation Failure)  101541K->677K(442368K), 0.0004726 secs]
67.532: Total time for which application threads were stopped: 0.0005989 seconds, Stopping threads took: 0.0000263 seconds
67.592: [GC (Allocation Failure)  99493K->677K(440320K), 0.0005127 secs]
67.593: Total time for which application threads were stopped: 0.0006469 seconds, Stopping threads took: 0.0000214 seconds
67.652: [GC (Allocation Failure)  97445K->741K(438272K), 0.0003588 secs]
67.653: Total time for which application threads were stopped: 0.0004755 seconds, Stopping threads took: 0.0000246 seconds
67.711: [GC (Allocation Failure)  95461K->677K(436736K), 0.0004769 secs]
67.711: Total time for which application threads were stopped: 0.0006042 seconds, Stopping threads took: 0.0000275 seconds
67.768: [GC (Allocation Failure)  93861K->645K(435200K), 0.0005057 secs]
67.769: Total time for which application threads were stopped: 0.0006423 seconds, Stopping threads took: 0.0000195 seconds
67.829: [GC (Allocation Failure)  92293K->677K(433664K), 0.0004791 secs]
67.830: Total time for which application threads were stopped: 0.0006128 seconds, Stopping threads took: 0.0000225 seconds
67.885: [GC (Allocation Failure)  90789K->613K(432128K), 0.0004852 secs]
67.886: Total time for which application threads were stopped: 0.0006083 seconds, Stopping threads took: 0.0000212 seconds
67.940: [GC (Allocation Failure)  89189K->677K(430592K), 0.0006279 secs]
67.941: Total time for which application threads were stopped: 0.0007757 seconds, Stopping threads took: 0.0000214 seconds
67.999: [GC (Allocation Failure)  87717K->645K(429056K), 0.0005114 secs]
68.000: Total time for which application threads were stopped: 0.0006545 seconds, Stopping threads took: 0.0000274 seconds
68.056: [GC (Allocation Failure)  86149K->677K(427520K), 0.0005501 secs]
68.057: Total time for which application threads were stopped: 0.0006900 seconds, Stopping threads took: 0.0000220 seconds
68.109: [GC (Allocation Failure)  84645K->677K(425984K), 0.0007299 secs]
68.109: Total time for which application threads were stopped: 0.0008774 seconds, Stopping threads took: 0.0000304 seconds
68.162: [GC (Allocation Failure)  83109K->709K(424448K), 0.0006112 secs]
68.163: Total time for which application threads were stopped: 0.0007370 seconds, Stopping threads took: 0.0000271 seconds
68.213: [GC (Allocation Failure)  81605K->677K(422912K), 0.0004433 secs]
68.213: Total time for which application threads were stopped: 0.0005781 seconds, Stopping threads took: 0.0000252 seconds
68.262: [GC (Allocation Failure)  80037K->645K(421888K), 0.0005010 secs]
68.263: Total time for which application threads were stopped: 0.0006531 seconds, Stopping threads took: 0.0000284 seconds
68.311: [GC (Allocation Failure)  78981K->677K(420864K), 0.0007618 secs]
68.312: Total time for which application threads were stopped: 0.0009087 seconds, Stopping threads took: 0.0000300 seconds
68.360: [GC (Allocation Failure)  77989K->613K(436736K), 0.0006908 secs]
68.361: Total time for which application threads were stopped: 0.0008343 seconds, Stopping threads took: 0.0000225 seconds
68.419: [GC (Allocation Failure)  93797K->677K(455680K), 0.0006476 secs]
68.420: Total time for which application threads were stopped: 0.0007933 seconds, Stopping threads took: 0.0000224 seconds
68.489: [GC (Allocation Failure)  112805K->645K(478208K), 0.0009034 secs]
68.490: Total time for which application threads were stopped: 0.0010437 seconds, Stopping threads took: 0.0000303 seconds
68.573: [GC (Allocation Failure)  135301K->677K(475136K), 0.0004783 secs]
68.573: Total time for which application threads were stopped: 0.0005969 seconds, Stopping threads took: 0.0000196 seconds
68.654: [GC (Allocation Failure)  132261K->677K(472064K), 0.0004909 secs]
68.655: Total time for which application threads were stopped: 0.0006161 seconds, Stopping threads took: 0.0000274 seconds
68.734: [GC (Allocation Failure)  129189K->677K(468992K), 0.0004993 secs]
68.735: Total time for which application threads were stopped: 0.0006197 seconds, Stopping threads took: 0.0000204 seconds
68.812: [GC (Allocation Failure)  126117K->677K(465920K), 0.0005380 secs]
68.813: Total time for which application threads were stopped: 0.0006565 seconds, Stopping threads took: 0.0000199 seconds
68.888: [GC (Allocation Failure)  123045K->613K(463360K), 0.0005153 secs]
68.889: Total time for which application threads were stopped: 0.0006314 seconds, Stopping threads took: 0.0000195 seconds
68.962: [GC (Allocation Failure)  120421K->709K(460800K), 0.0005688 secs]
68.963: Total time for which application threads were stopped: 0.0007005 seconds, Stopping threads took: 0.0000341 seconds
69.035: [GC (Allocation Failure)  117957K->709K(458240K), 0.0004485 secs]
69.036: Total time for which application threads were stopped: 0.0005690 seconds, Stopping threads took: 0.0000196 seconds
69.107: [GC (Allocation Failure)  115397K->613K(455680K), 0.0005515 secs]
69.107: Total time for which application threads were stopped: 0.0006753 seconds, Stopping threads took: 0.0000209 seconds
69.178: [GC (Allocation Failure)  112741K->677K(453120K), 0.0004664 secs]
69.178: Total time for which application threads were stopped: 0.0006030 seconds, Stopping threads took: 0.0000276 seconds
69.251: [GC (Allocation Failure)  110245K->613K(451072K), 0.0004994 secs]
69.251: Total time for which application threads were stopped: 0.0006250 seconds, Stopping threads took: 0.0000214 seconds
69.321: [GC (Allocation Failure)  108133K->677K(449024K), 0.0004851 secs]
69.322: Total time for which application threads were stopped: 0.0006056 seconds, Stopping threads took: 0.0000195 seconds
69.387: [GC (Allocation Failure)  106149K->613K(446976K), 0.0005695 secs]
69.387: Total time for which application threads were stopped: 0.0007186 seconds, Stopping threads took: 0.0000275 seconds
69.458: [GC (Allocation Failure)  104037K->677K(444928K), 0.0005161 secs]
69.458: Total time for which application threads were stopped: 0.0006726 seconds, Stopping threads took: 0.0000273 seconds
69.521: [GC (Allocation Failure)  102053K->645K(442880K), 0.0004763 secs]
69.522: Total time for which application threads were stopped: 0.0005997 seconds, Stopping threads took: 0.0000267 seconds
69.583: [GC (Allocation Failure)  99973K->677K(440832K), 0.0007465 secs]
69.584: Total time for which application threads were stopped: 0.0008914 seconds, Stopping threads took: 0.0000209 seconds
69.649: [GC (Allocation Failure)  97957K->677K(438784K), 0.0005827 secs]
69.650: Total time for which application threads were stopped: 0.0007261 seconds, Stopping threads took: 0.0000223 seconds
69.708: [GC (Allocation Failure)  95909K->677K(437248K), 0.0004869 secs]
69.709: Total time for which application threads were stopped: 0.0006227 seconds, Stopping threads took: 0.0000225 seconds
69.771: [GC (Allocation Failure)  94373K->677K(435712K), 0.0005497 secs]
69.772: Total time for which application threads were stopped: 0.0006725 seconds, Stopping threads took: 0.0000271 seconds
69.832: [GC (Allocation Failure)  92837K->613K(434176K), 0.0005114 secs]
69.832: Total time for which application threads were stopped: 0.0006600 seconds, Stopping threads took: 0.0000211 seconds
69.888: [GC (Allocation Failure)  91237K->581K(432640K), 0.0004774 secs]
69.889: Total time for which application threads were stopped: 0.0006033 seconds, Stopping threads took: 0.0000287 seconds
69.947: [GC (Allocation Failure)  89669K->645K(431104K), 0.0004186 secs]
69.947: Total time for which application threads were stopped: 0.0005269 seconds, Stopping threads took: 0.0000170 seconds
70.006: [GC (Allocation Failure)  88197K->709K(429568K), 0.0003542 secs]
70.006: Total time for which application threads were stopped: 0.0004690 seconds, Stopping threads took: 0.0000252 seconds
70.059: [GC (Allocation Failure)  86725K->677K(428032K), 0.0005116 secs]
70.060: Total time for which application threads were stopped: 0.0006257 seconds, Stopping threads took: 0.0000173 seconds
70.112: [GC (Allocation Failure)  85157K->645K(426496K), 0.0004900 secs]
70.112: Total time for which application threads were stopped: 0.0006373 seconds, Stopping threads took: 0.0000291 seconds
70.164: [GC (Allocation Failure)  83589K->645K(424960K), 0.0004816 secs]
70.165: Total time for which application threads were stopped: 0.0006015 seconds, Stopping threads took: 0.0000206 seconds
70.215: [GC (Allocation Failure)  82053K->677K(423424K), 0.0004967 secs]
70.215: Total time for which application threads were stopped: 0.0006402 seconds, Stopping threads took: 0.0000289 seconds
70.264: [GC (Allocation Failure)  80549K->613K(422400K), 0.0006492 secs]
70.265: Total time for which application threads were stopped: 0.0008001 seconds, Stopping threads took: 0.0000222 seconds
70.314: [GC (Allocation Failure)  79461K->677K(421376K), 0.0006763 secs]
70.315: Total time for which application threads were stopped: 0.0008367 seconds, Stopping threads took: 0.0000301 seconds
70.368: [GC (Allocation Failure)  78501K->709K(420352K), 0.0005980 secs]
70.369: Total time for which application threads were stopped: 0.0007434 seconds, Stopping threads took: 0.0000223 seconds
70.416: [GC (Allocation Failure)  77509K->677K(419328K), 0.0005251 secs]
70.417: Total time for which application threads were stopped: 0.0006782 seconds, Stopping threads took: 0.0000314 seconds
70.464: [GC (Allocation Failure)  76453K->613K(434688K), 0.0007280 secs]
70.465: Total time for which application threads were stopped: 0.0008871 seconds, Stopping threads took: 0.0000227 seconds
70.526: [GC (Allocation Failure)  91749K->613K(433152K), 0.0005125 secs]
70.527: Total time for which application threads were stopped: 0.0006419 seconds, Stopping threads took: 0.0000273 seconds
70.587: [GC (Allocation Failure)  90213K->677K(431616K), 0.0004569 secs]
70.588: Total time for which application threads were stopped: 0.0005759 seconds, Stopping threads took: 0.0000191 seconds
70.642: [GC (Allocation Failure)  88741K->645K(430080K), 0.0004762 secs]
70.642: Total time for which application threads were stopped: 0.0006044 seconds, Stopping threads took: 0.0000278 seconds
70.696: [GC (Allocation Failure)  87173K->613K(428544K), 0.0005339 secs]
70.696: Total time for which application threads were stopped: 0.0006574 seconds, Stopping threads took: 0.0000222 seconds
70.755: [GC (Allocation Failure)  85605K->645K(427008K), 0.0006242 secs]
70.756: Total time for which application threads were stopped: 0.0007539 seconds, Stopping threads took: 0.0000209 seconds
70.812: [GC (Allocation Failure)  84101K->613K(425472K), 0.0005280 secs]
70.812: Total time for which application threads were stopped: 0.0006466 seconds, Stopping threads took: 0.0000225 seconds
70.870: [GC (Allocation Failure)  82533K->613K(423936K), 0.0004717 secs]
70.871: Total time for which application threads were stopped: 0.0005763 seconds, Stopping threads took: 0.0000170 seconds
70.925: [GC (Allocation Failure)  80997K->645K(422400K), 0.0005303 secs]
70.926: Total time for which application threads were stopped: 0.0006361 seconds, Stopping threads took: 0.0000174 seconds
70.974: [GC (Allocation Failure)  79493K->645K(421376K), 0.0004174 secs]
70.975: Total time for which application threads were stopped: 0.0005272 seconds, Stopping threads took: 0.0000170 seconds
71.024: [GC (Allocation Failure)  78469K->677K(420352K), 0.0004428 secs]
71.025: Total time for which application threads were stopped: 0.0005640 seconds, Stopping threads took: 0.0000202 seconds
71.072: [GC (Allocation Failure)  77477K->677K(419328K), 0.0005576 secs]
71.073: Total time for which application threads were stopped: 0.0006857 seconds, Stopping threads took: 0.0000206 seconds
71.119: [GC (Allocation Failure)  76453K->613K(418304K), 0.0006774 secs]
71.120: Total time for which application threads were stopped: 0.0008265 seconds, Stopping threads took: 0.0000299 seconds
71.172: [GC (Allocation Failure)  75365K->709K(417280K), 0.0004313 secs]
71.172: Total time for which application threads were stopped: 0.0005390 seconds, Stopping threads took: 0.0000176 seconds
71.218: [GC (Allocation Failure)  74437K->677K(432128K), 0.0007330 secs]
71.219: Total time for which application threads were stopped: 0.0008614 seconds, Stopping threads took: 0.0000279 seconds
71.274: [GC (Allocation Failure)  89253K->677K(430592K), 0.0004999 secs]
71.274: Total time for which application threads were stopped: 0.0006314 seconds, Stopping threads took: 0.0000215 seconds
71.328: [GC (Allocation Failure)  87717K->677K(429056K), 0.0004741 secs]
71.328: Total time for which application threads were stopped: 0.0006069 seconds, Stopping threads took: 0.0000208 seconds
71.381: [GC (Allocation Failure)  86181K->677K(427520K), 0.0005173 secs]
71.382: Total time for which application threads were stopped: 0.0006586 seconds, Stopping threads took: 0.0000200 seconds
71.434: [GC (Allocation Failure)  84645K->613K(425984K), 0.0005271 secs]
71.435: Total time for which application threads were stopped: 0.0006721 seconds, Stopping threads took: 0.0000214 seconds
71.491: [GC (Allocation Failure)  83045K->709K(424448K), 0.0004816 secs]
71.491: Total time for which application threads were stopped: 0.0006085 seconds, Stopping threads took: 0.0000215 seconds
71.547: [GC (Allocation Failure)  81605K->645K(422912K), 0.0004708 secs]
71.547: Total time for which application threads were stopped: 0.0006015 seconds, Stopping threads took: 0.0000194 seconds
71.603: [GC (Allocation Failure)  80005K->677K(421888K), 0.0004294 secs]
71.603: Total time for which application threads were stopped: 0.0005546 seconds, Stopping threads took: 0.0000274 seconds
71.656: [GC (Allocation Failure)  79013K->677K(420864K), 0.0004541 secs]
71.657: Total time for which application threads were stopped: 0.0005811 seconds, Stopping threads took: 0.0000275 seconds
71.704: [GC (Allocation Failure)  77989K->677K(419840K), 0.0004868 secs]
71.705: Total time for which application threads were stopped: 0.0006210 seconds, Stopping threads took: 0.0000284 seconds
71.752: [GC (Allocation Failure)  76965K->645K(418816K), 0.0005069 secs]
71.753: Total time for which application threads were stopped: 0.0006535 seconds, Stopping threads took: 0.0000284 seconds
71.802: [GC (Allocation Failure)  75909K->677K(417792K), 0.0005055 secs]
71.803: Total time for which application threads were stopped: 0.0006568 seconds, Stopping threads took: 0.0000294 seconds
71.848: [GC (Allocation Failure)  74917K->613K(416768K), 0.0007239 secs]
71.849: Total time for which application threads were stopped: 0.0008570 seconds, Stopping threads took: 0.0000211 seconds
71.894: [GC (Allocation Failure)  73829K->645K(415744K), 0.0005363 secs]
71.895: Total time for which application threads were stopped: 0.0006756 seconds, Stopping threads took: 0.0000220 seconds
71.939: [GC (Allocation Failure)  72837K->645K(414720K), 0.0005443 secs]
71.940: Total time for which application threads were stopped: 0.0006955 seconds, Stopping threads took: 0.0000302 seconds
71.984: [GC (Allocation Failure)  71813K->677K(413696K), 0.0005682 secs]
71.984: Total time for which application threads were stopped: 0.0007208 seconds, Stopping threads took: 0.0000229 seconds
72.028: [GC (Allocation Failure)  70821K->741K(412672K), 0.0005074 secs]
72.029: Total time for which application threads were stopped: 0.0006512 seconds, Stopping threads took: 0.0000273 seconds
72.076: [GC (Allocation Failure)  69861K->677K(411648K), 0.0004529 secs]
72.077: Total time for which application threads were stopped: 0.0005758 seconds, Stopping threads took: 0.0000204 seconds
72.125: [GC (Allocation Failure)  68773K->613K(410624K), 0.0006020 secs]
72.126: Total time for which application threads were stopped: 0.0007305 seconds, Stopping threads took: 0.0000257 seconds
72.171: [GC (Allocation Failure)  67685K->645K(409600K), 0.0005393 secs]
72.172: Total time for which application threads were stopped: 0.0006505 seconds, Stopping threads took: 0.0000166 seconds
72.213: [GC (Allocation Failure)  66693K->645K(422912K), 0.0005112 secs]
72.214: Total time for which application threads were stopped: 0.0006321 seconds, Stopping threads took: 0.0000201 seconds
72.263: [GC (Allocation Failure)  80005K->709K(421888K), 0.0004887 secs]
72.263: Total time for which application threads were stopped: 0.0006082 seconds, Stopping threads took: 0.0000198 seconds
72.312: [GC (Allocation Failure)  79045K->709K(420864K), 0.0004734 secs]
72.312: Total time for which application threads were stopped: 0.0005963 seconds, Stopping threads took: 0.0000199 seconds
72.360: [GC (Allocation Failure)  78021K->613K(419840K), 0.0005815 secs]
72.361: Total time for which application threads were stopped: 0.0007138 seconds, Stopping threads took: 0.0000206 seconds
72.412: [GC (Allocation Failure)  76901K->677K(418816K), 0.0006051 secs]
72.412: Total time for which application threads were stopped: 0.0007807 seconds, Stopping threads took: 0.0000216 seconds
72.459: [GC (Allocation Failure)  75941K->645K(417792K), 0.0005340 secs]
72.459: Total time for which application threads were stopped: 0.0006871 seconds, Stopping threads took: 0.0000223 seconds
72.510: [GC (Allocation Failure)  74885K->645K(416768K), 0.0004067 secs]
72.510: Total time for which application threads were stopped: 0.0005498 seconds, Stopping threads took: 0.0000259 seconds
72.563: [GC (Allocation Failure)  73861K->677K(415744K), 0.0005106 secs]
72.563: Total time for which application threads were stopped: 0.0006381 seconds, Stopping threads took: 0.0000280 seconds
72.608: [GC (Allocation Failure)  72869K->677K(414720K), 0.0004697 secs]
72.609: Total time for which application threads were stopped: 0.0005989 seconds, Stopping threads took: 0.0000220 seconds
72.653: [GC (Allocation Failure)  71845K->613K(413696K), 0.0005422 secs]
72.653: Total time for which application threads were stopped: 0.0006699 seconds, Stopping threads took: 0.0000273 seconds
72.697: [GC (Allocation Failure)  70757K->677K(412672K), 0.0006011 secs]
72.698: Total time for which application threads were stopped: 0.0007312 seconds, Stopping threads took: 0.0000210 seconds
72.746: [GC (Allocation Failure)  69797K->613K(411648K), 0.0004989 secs]
72.747: Total time for which application threads were stopped: 0.0006485 seconds, Stopping threads took: 0.0000300 seconds
72.794: [GC (Allocation Failure)  68709K->677K(410624K), 0.0004729 secs]
72.795: Total time for which application threads were stopped: 0.0006076 seconds, Stopping threads took: 0.0000211 seconds
72.836: [GC (Allocation Failure)  67749K->741K(409600K), 0.0004915 secs]
72.837: Total time for which application threads were stopped: 0.0006256 seconds, Stopping threads took: 0.0000295 seconds
72.884: [GC (Allocation Failure)  66789K->613K(408576K), 0.0006712 secs]
72.884: Total time for which application threads were stopped: 0.0008418 seconds, Stopping threads took: 0.0000273 seconds
72.929: [GC (Allocation Failure)  65637K->645K(407552K), 0.0005073 secs]
72.929: Total time for which application threads were stopped: 0.0006457 seconds, Stopping threads took: 0.0000226 seconds
72.972: [GC (Allocation Failure)  64645K->677K(406528K), 0.0004542 secs]
72.973: Total time for which application threads were stopped: 0.0005825 seconds, Stopping threads took: 0.0000276 seconds
73.018: [GC (Allocation Failure)  63653K->613K(419328K), 0.0006271 secs]
73.019: Total time for which application threads were stopped: 0.0007482 seconds, Stopping threads took: 0.0000191 seconds
73.069: [GC (Allocation Failure)  76389K->677K(418304K), 0.0004760 secs]
73.069: Total time for which application threads were stopped: 0.0005946 seconds, Stopping threads took: 0.0000191 seconds
73.119: [GC (Allocation Failure)  75429K->645K(417280K), 0.0005552 secs]
73.119: Total time for which application threads were stopped: 0.0006951 seconds, Stopping threads took: 0.0000213 seconds
73.167: [GC (Allocation Failure)  74373K->677K(416256K), 0.0004773 secs]
73.167: Total time for which application threads were stopped: 0.0005944 seconds, Stopping threads took: 0.0000195 seconds
73.212: [GC (Allocation Failure)  73381K->645K(415232K), 0.0004918 secs]
73.213: Total time for which application threads were stopped: 0.0006011 seconds, Stopping threads took: 0.0000174 seconds
73.262: [GC (Allocation Failure)  72325K->709K(414208K), 0.0004079 secs]
73.263: Total time for which application threads were stopped: 0.0005144 seconds, Stopping threads took: 0.0000177 seconds
73.306: [GC (Allocation Failure)  71365K->613K(413184K), 0.0005677 secs]
73.307: Total time for which application threads were stopped: 0.0007125 seconds, Stopping threads took: 0.0000283 seconds
73.355: [GC (Allocation Failure)  70245K->741K(412160K), 0.0005072 secs]
73.355: Total time for which application threads were stopped: 0.0006357 seconds, Stopping threads took: 0.0000218 seconds
73.402: [GC (Allocation Failure)  69349K->645K(411136K), 0.0005483 secs]
73.402: Total time for which application threads were stopped: 0.0006571 seconds, Stopping threads took: 0.0000175 seconds
73.444: [GC (Allocation Failure)  68229K->677K(410112K), 0.0003981 secs]
73.444: Total time for which application threads were stopped: 0.0005047 seconds, Stopping threads took: 0.0000175 seconds
73.485: [GC (Allocation Failure)  67237K->645K(409088K), 0.0004540 secs]
73.486: Total time for which application threads were stopped: 0.0005811 seconds, Stopping threads took: 0.0000272 seconds
73.527: [GC (Allocation Failure)  66181K->645K(408064K), 0.0004199 secs]
73.527: Total time for which application threads were stopped: 0.0005406 seconds, Stopping threads took: 0.0000265 seconds
73.567: [GC (Allocation Failure)  65157K->741K(421376K), 0.0007722 secs]
73.568: Total time for which application threads were stopped: 0.0009065 seconds, Stopping threads took: 0.0000208 seconds
73.616: [GC (Allocation Failure)  78565K->709K(437248K), 0.0005371 secs]
73.617: Total time for which application threads were stopped: 0.0006644 seconds, Stopping threads took: 0.0000219 seconds
73.674: [GC (Allocation Failure)  94405K->677K(456192K), 0.0005688 secs]
73.675: Total time for which application threads were stopped: 0.0006919 seconds, Stopping threads took: 0.0000272 seconds
73.751: [GC (Allocation Failure)  113317K->645K(453632K), 0.0004809 secs]
73.751: Total time for which application threads were stopped: 0.0006214 seconds, Stopping threads took: 0.0000200 seconds
73.819: [GC (Allocation Failure)  110725K->677K(451584K), 0.0005054 secs]
73.819: Total time for which application threads were stopped: 0.0006511 seconds, Stopping threads took: 0.0000215 seconds
73.888: [GC (Allocation Failure)  108709K->645K(449536K), 0.0005384 secs]
73.889: Total time for which application threads were stopped: 0.0006941 seconds, Stopping threads took: 0.0000275 seconds
73.959: [GC (Allocation Failure)  106629K->709K(447488K), 0.0004802 secs]
73.959: Total time for which application threads were stopped: 0.0006098 seconds, Stopping threads took: 0.0000218 seconds
74.029: [GC (Allocation Failure)  104645K->645K(445440K), 0.0004406 secs]
74.030: Total time for which application threads were stopped: 0.0005654 seconds, Stopping threads took: 0.0000274 seconds
74.092: [GC (Allocation Failure)  102533K->677K(443392K), 0.0005438 secs]
74.093: Total time for which application threads were stopped: 0.0006817 seconds, Stopping threads took: 0.0000221 seconds
74.155: [GC (Allocation Failure)  100517K->709K(441344K), 0.0004259 secs]
74.155: Total time for which application threads were stopped: 0.0005368 seconds, Stopping threads took: 0.0000174 seconds
74.215: [GC (Allocation Failure)  98501K->645K(439296K), 0.0005705 secs]
74.216: Total time for which application threads were stopped: 0.0006913 seconds, Stopping threads took: 0.0000195 seconds
74.279: [GC (Allocation Failure)  96389K->613K(437760K), 0.0004428 secs]
74.280: Total time for which application threads were stopped: 0.0005726 seconds, Stopping threads took: 0.0000192 seconds
