Java HotSpot(TM) 64-Bit Server VM (25.171-b11) for linux-amd64 JRE (1.8.0_171-b11), built on Mar 28 2018 17:07:08 by "java_re" with gcc 4.3.0 20080428 (Red Hat 4.3.0-8)
Memory: 4k page, physical 32883000k(29630280k free), swap 8000508k(8000508k free)
CommandLine flags: -XX:InitialHeapSize=526128000 -XX:MaxHeapSize=8418048000 -XX:+PrintGC -XX:+PrintGCApplicationStoppedTime -XX:+PrintGCTimeStamps -XX:+UseCompressedClassPointers -XX:+UseCompressedOops -XX:+UseParallelGC 
0.391: [GC (Allocation Failure)  129024K->2389K(493056K), 0.0018886 secs]
0.393: Total time for which application threads were stopped: 0.0020894 seconds, Stopping threads took: 0.0000239 seconds
0.484: [GC (Allocation Failure)  131413K->608K(493056K), 0.0010477 secs]
0.485: Total time for which application threads were stopped: 0.0011882 seconds, Stopping threads took: 0.0000295 seconds
0.570: [GC (Allocation Failure)  129632K->640K(493056K), 0.0009064 secs]
0.571: Total time for which application threads were stopped: 0.0010425 seconds, Stopping threads took: 0.0000289 seconds
0.656: [GC (Allocation Failure)  129664K->584K(493056K), 0.0009880 secs]
0.657: Total time for which application threads were stopped: 0.0011181 seconds, Stopping threads took: 0.0000262 seconds
0.741: [GC (Allocation Failure)  129608K->648K(470016K), 0.0009335 secs]
0.742: Total time for which application threads were stopped: 0.0010733 seconds, Stopping threads took: 0.0000276 seconds
0.826: [GC (Allocation Failure)  126600K->648K(466944K), 0.0010233 secs]
0.828: Total time for which application threads were stopped: 0.0011434 seconds, Stopping threads took: 0.0000193 seconds
0.906: [GC (Allocation Failure)  123528K->581K(463872K), 0.0009509 secs]
0.907: Total time for which application threads were stopped: 0.0010878 seconds, Stopping threads took: 0.0000207 seconds
0.983: [GC (Allocation Failure)  120901K->581K(461312K), 0.0005292 secs]
0.983: Total time for which application threads were stopped: 0.0006626 seconds, Stopping threads took: 0.0000302 seconds
1.059: [GC (Allocation Failure)  118341K->581K(460800K), 0.0005550 secs]
1.059: Total time for which application threads were stopped: 0.0006659 seconds, Stopping threads took: 0.0000317 seconds
1.134: [GC (Allocation Failure)  115781K->581K(456192K), 0.0005303 secs]
1.135: Total time for which application threads were stopped: 0.0006432 seconds, Stopping threads took: 0.0000309 seconds
1.209: [GC (Allocation Failure)  113221K->581K(484864K), 0.0023315 secs]
1.212: Total time for which application threads were stopped: 0.0024423 seconds, Stopping threads took: 0.0000318 seconds
1.302: [GC (Allocation Failure)  139845K->645K(525312K), 0.0005057 secs]
1.303: Total time for which application threads were stopped: 0.0006407 seconds, Stopping threads took: 0.0000287 seconds
1.426: [GC (Allocation Failure)  180869K->645K(518656K), 0.0006579 secs]
1.426: Total time for which application threads were stopped: 0.0007737 seconds, Stopping threads took: 0.0000303 seconds
1.541: [GC (Allocation Failure)  175749K->613K(514048K), 0.0004452 secs]
1.541: Total time for which application threads were stopped: 0.0005529 seconds, Stopping threads took: 0.0000164 seconds
1.648: [GC (Allocation Failure)  171109K->677K(510976K), 0.0005161 secs]
1.648: Total time for which application threads were stopped: 0.0006388 seconds, Stopping threads took: 0.0000201 seconds
1.754: [GC (Allocation Failure)  166565K->645K(504832K), 0.0006188 secs]
1.754: Total time for which application threads were stopped: 0.0007365 seconds, Stopping threads took: 0.0000205 seconds
1.856: [GC (Allocation Failure)  161925K->613K(502272K), 0.0006078 secs]
1.857: Total time for which application threads were stopped: 0.0007234 seconds, Stopping threads took: 0.0000199 seconds
1.959: [GC (Allocation Failure)  157797K->645K(496640K), 0.0005726 secs]
1.959: Total time for which application threads were stopped: 0.0007010 seconds, Stopping threads took: 0.0000275 seconds
2.055: [GC (Allocation Failure)  153733K->581K(493568K), 0.0004542 secs]
2.056: Total time for which application threads were stopped: 0.0005681 seconds, Stopping threads took: 0.0000194 seconds
2.149: [GC (Allocation Failure)  149573K->613K(488960K), 0.0005864 secs]
2.150: Total time for which application threads were stopped: 0.0007258 seconds, Stopping threads took: 0.0000270 seconds
2.246: [GC (Allocation Failure)  146021K->613K(486400K), 0.0004456 secs]
2.246: Total time for which application threads were stopped: 0.0005743 seconds, Stopping threads took: 0.0000282 seconds
2.340: [GC (Allocation Failure)  142437K->645K(481792K), 0.0006805 secs]
2.341: Total time for which application threads were stopped: 0.0007917 seconds, Stopping threads took: 0.0000161 seconds
2.432: [GC (Allocation Failure)  138885K->613K(479744K), 0.0004796 secs]
2.433: Total time for which application threads were stopped: 0.0006109 seconds, Stopping threads took: 0.0000277 seconds
2.518: [GC (Allocation Failure)  135781K->613K(475648K), 0.0005813 secs]
2.518: Total time for which application threads were stopped: 0.0006944 seconds, Stopping threads took: 0.0000266 seconds
2.607: [GC (Allocation Failure)  132709K->613K(473088K), 0.0006335 secs]
2.608: Total time for which application threads were stopped: 0.0007526 seconds, Stopping threads took: 0.0000208 seconds
2.689: [GC (Allocation Failure)  129637K->613K(469504K), 0.0005208 secs]
2.689: Total time for which application threads were stopped: 0.0006457 seconds, Stopping threads took: 0.0000212 seconds
2.775: [GC (Allocation Failure)  126565K->645K(466944K), 0.0006219 secs]
2.776: Total time for which application threads were stopped: 0.0007439 seconds, Stopping threads took: 0.0000275 seconds
2.858: [GC (Allocation Failure)  123525K->645K(463872K), 0.0005232 secs]
2.858: Total time for which application threads were stopped: 0.0006461 seconds, Stopping threads took: 0.0000270 seconds
2.939: [GC (Allocation Failure)  120965K->645K(461824K), 0.0006129 secs]
2.940: Total time for which application threads were stopped: 0.0007329 seconds, Stopping threads took: 0.0000204 seconds
3.014: [GC (Allocation Failure)  118405K->613K(458752K), 0.0005465 secs]
3.015: Total time for which application threads were stopped: 0.0006731 seconds, Stopping threads took: 0.0000273 seconds
3.091: [GC (Allocation Failure)  115813K->581K(456704K), 0.0006090 secs]
3.091: Total time for which application threads were stopped: 0.0007469 seconds, Stopping threads took: 0.0000284 seconds
3.168: [GC (Allocation Failure)  113221K->653K(453632K), 0.0006439 secs]
3.169: Total time for which application threads were stopped: 0.0007925 seconds, Stopping threads took: 0.0000286 seconds
3.239: [GC (Allocation Failure)  110733K->621K(452096K), 0.0004340 secs]
3.240: Total time for which application threads were stopped: 0.0005543 seconds, Stopping threads took: 0.0000259 seconds
3.313: [GC (Allocation Failure)  108653K->621K(449536K), 0.0005243 secs]
3.313: Total time for which application threads were stopped: 0.0006504 seconds, Stopping threads took: 0.0000275 seconds
3.380: [GC (Allocation Failure)  106605K->685K(448000K), 0.0004666 secs]
3.380: Total time for which application threads were stopped: 0.0005849 seconds, Stopping threads took: 0.0000199 seconds
3.451: [GC (Allocation Failure)  104621K->621K(445440K), 0.0005430 secs]
3.452: Total time for which application threads were stopped: 0.0006537 seconds, Stopping threads took: 0.0000181 seconds
3.516: [GC (Allocation Failure)  102509K->621K(443392K), 0.0004868 secs]
3.517: Total time for which application threads were stopped: 0.0006242 seconds, Stopping threads took: 0.0000280 seconds
3.579: [GC (Allocation Failure)  100461K->653K(441344K), 0.0005023 secs]
3.580: Total time for which application threads were stopped: 0.0006685 seconds, Stopping threads took: 0.0000293 seconds
3.644: [GC (Allocation Failure)  98445K->653K(439296K), 0.0004512 secs]
3.645: Total time for which application threads were stopped: 0.0005710 seconds, Stopping threads took: 0.0000278 seconds
3.706: [GC (Allocation Failure)  96397K->621K(437760K), 0.0003851 secs]
3.706: Total time for which application threads were stopped: 0.0005014 seconds, Stopping threads took: 0.0000270 seconds
3.769: [GC (Allocation Failure)  94829K->589K(436224K), 0.0005726 secs]
3.769: Total time for which application threads were stopped: 0.0006880 seconds, Stopping threads took: 0.0000191 seconds
3.834: [GC (Allocation Failure)  93261K->653K(434688K), 0.0004515 secs]
3.835: Total time for which application threads were stopped: 0.0005925 seconds, Stopping threads took: 0.0000250 seconds
3.896: [GC (Allocation Failure)  91789K->685K(433152K), 0.0006359 secs]
3.896: Total time for which application threads were stopped: 0.0007460 seconds, Stopping threads took: 0.0000176 seconds
3.953: [GC (Allocation Failure)  90285K->653K(431616K), 0.0004604 secs]
3.953: Total time for which application threads were stopped: 0.0005765 seconds, Stopping threads took: 0.0000189 seconds
4.009: [GC (Allocation Failure)  88717K->621K(430080K), 0.0005306 secs]
4.009: Total time for which application threads were stopped: 0.0006723 seconds, Stopping threads took: 0.0000295 seconds
4.062: Total time for which application threads were stopped: 0.0001320 seconds, Stopping threads took: 0.0000585 seconds
4.065: [GC (Allocation Failure)  87149K->653K(428544K), 0.0007321 secs]
4.065: Total time for which application threads were stopped: 0.0008675 seconds, Stopping threads took: 0.0000149 seconds
4.125: [GC (Allocation Failure)  85645K->685K(427008K), 0.0005481 secs]
4.126: Total time for which application threads were stopped: 0.0007033 seconds, Stopping threads took: 0.0000237 seconds
4.178: [GC (Allocation Failure)  84141K->653K(425472K), 0.0005294 secs]
4.179: Total time for which application threads were stopped: 0.0006599 seconds, Stopping threads took: 0.0000274 seconds
4.232: [GC (Allocation Failure)  82573K->621K(423936K), 0.0004845 secs]
4.232: Total time for which application threads were stopped: 0.0006162 seconds, Stopping threads took: 0.0000255 seconds
4.283: [GC (Allocation Failure)  81005K->589K(422400K), 0.0004995 secs]
4.283: Total time for which application threads were stopped: 0.0006335 seconds, Stopping threads took: 0.0000302 seconds
4.339: [GC (Allocation Failure)  79437K->589K(421376K), 0.0005997 secs]
4.339: Total time for which application threads were stopped: 0.0007174 seconds, Stopping threads took: 0.0000194 seconds
4.392: [GC (Allocation Failure)  78413K->653K(420352K), 0.0005519 secs]
4.393: Total time for which application threads were stopped: 0.0006608 seconds, Stopping threads took: 0.0000167 seconds
4.442: [GC (Allocation Failure)  77453K->621K(419328K), 0.0005443 secs]
4.442: Total time for which application threads were stopped: 0.0006880 seconds, Stopping threads took: 0.0000218 seconds
4.494: [GC (Allocation Failure)  76397K->685K(418304K), 0.0005165 secs]
4.495: Total time for which application threads were stopped: 0.0006620 seconds, Stopping threads took: 0.0000223 seconds
4.548: [GC (Allocation Failure)  75437K->653K(417280K), 0.0005016 secs]
4.548: Total time for which application threads were stopped: 0.0006514 seconds, Stopping threads took: 0.0000304 seconds
4.595: [GC (Allocation Failure)  74381K->621K(433152K), 0.0007998 secs]
4.596: Total time for which application threads were stopped: 0.0009170 seconds, Stopping threads took: 0.0000194 seconds
4.652: [GC (Allocation Failure)  90221K->653K(431616K), 0.0005495 secs]
4.653: Total time for which application threads were stopped: 0.0006838 seconds, Stopping threads took: 0.0000219 seconds
4.708: [GC (Allocation Failure)  88717K->653K(430080K), 0.0004308 secs]
4.709: Total time for which application threads were stopped: 0.0005766 seconds, Stopping threads took: 0.0000292 seconds
4.768: [GC (Allocation Failure)  87181K->621K(428544K), 0.0004754 secs]
4.768: Total time for which application threads were stopped: 0.0005831 seconds, Stopping threads took: 0.0000178 seconds
4.822: [GC (Allocation Failure)  85613K->653K(427008K), 0.0005208 secs]
4.822: Total time for which application threads were stopped: 0.0006404 seconds, Stopping threads took: 0.0000251 seconds
4.878: [GC (Allocation Failure)  84109K->653K(425472K), 0.0006793 secs]
4.879: Total time for which application threads were stopped: 0.0008066 seconds, Stopping threads took: 0.0000197 seconds
4.931: [GC (Allocation Failure)  82573K->653K(423936K), 0.0005002 secs]
4.931: Total time for which application threads were stopped: 0.0006404 seconds, Stopping threads took: 0.0000211 seconds
4.982: [GC (Allocation Failure)  81037K->557K(422400K), 0.0005454 secs]
4.982: Total time for which application threads were stopped: 0.0006792 seconds, Stopping threads took: 0.0000219 seconds
5.032: [GC (Allocation Failure)  79405K->653K(421376K), 0.0004581 secs]
5.033: Total time for which application threads were stopped: 0.0005807 seconds, Stopping threads took: 0.0000218 seconds
5.088: [GC (Allocation Failure)  78477K->621K(420352K), 0.0004669 secs]
5.089: Total time for which application threads were stopped: 0.0005829 seconds, Stopping threads took: 0.0000194 seconds
5.144: [GC (Allocation Failure)  77421K->621K(419328K), 0.0004942 secs]
5.145: Total time for which application threads were stopped: 0.0006269 seconds, Stopping threads took: 0.0000192 seconds
5.192: [GC (Allocation Failure)  76397K->685K(418304K), 0.0005478 secs]
5.193: Total time for which application threads were stopped: 0.0006885 seconds, Stopping threads took: 0.0000288 seconds
5.241: [GC (Allocation Failure)  75437K->685K(417280K), 0.0004340 secs]
5.241: Total time for which application threads were stopped: 0.0005502 seconds, Stopping threads took: 0.0000261 seconds
5.288: [GC (Allocation Failure)  74413K->621K(416256K), 0.0005191 secs]
5.288: Total time for which application threads were stopped: 0.0006373 seconds, Stopping threads took: 0.0000205 seconds
5.340: [GC (Allocation Failure)  73325K->589K(415232K), 0.0005476 secs]
5.340: Total time for which application threads were stopped: 0.0006407 seconds, Stopping threads took: 0.0000164 seconds
5.385: [GC (Allocation Failure)  72269K->621K(414208K), 0.0005204 secs]
5.386: Total time for which application threads were stopped: 0.0006258 seconds, Stopping threads took: 0.0000167 seconds
5.431: [GC (Allocation Failure)  71277K->653K(413184K), 0.0005860 secs]
5.432: Total time for which application threads were stopped: 0.0007074 seconds, Stopping threads took: 0.0000246 seconds
5.476: [GC (Allocation Failure)  70285K->653K(427520K), 0.0005853 secs]
5.476: Total time for which application threads were stopped: 0.0007114 seconds, Stopping threads took: 0.0000278 seconds
5.534: [GC (Allocation Failure)  84621K->717K(444416K), 0.0006454 secs]
5.535: Total time for which application threads were stopped: 0.0007800 seconds, Stopping threads took: 0.0000190 seconds
5.602: [GC (Allocation Failure)  101581K->653K(442368K), 0.0005078 secs]
5.603: Total time for which application threads were stopped: 0.0006611 seconds, Stopping threads took: 0.0000298 seconds
5.671: [GC (Allocation Failure)  99469K->653K(440320K), 0.0006140 secs]
5.671: Total time for which application threads were stopped: 0.0007718 seconds, Stopping threads took: 0.0000308 seconds
5.740: [GC (Allocation Failure)  97421K->653K(438272K), 0.0004812 secs]
5.740: Total time for which application threads were stopped: 0.0006174 seconds, Stopping threads took: 0.0000279 seconds
5.800: [GC (Allocation Failure)  95373K->653K(436736K), 0.0005777 secs]
5.800: Total time for which application threads were stopped: 0.0007213 seconds, Stopping threads took: 0.0000294 seconds
5.860: [GC (Allocation Failure)  93837K->621K(435200K), 0.0005365 secs]
5.860: Total time for which application threads were stopped: 0.0006543 seconds, Stopping threads took: 0.0000189 seconds
5.922: [GC (Allocation Failure)  92269K->621K(433664K), 0.0005536 secs]
5.922: Total time for which application threads were stopped: 0.0007086 seconds, Stopping threads took: 0.0000303 seconds
5.979: [GC (Allocation Failure)  90733K->621K(432128K), 0.0004688 secs]
5.980: Total time for which application threads were stopped: 0.0005951 seconds, Stopping threads took: 0.0000274 seconds
6.035: [GC (Allocation Failure)  89197K->621K(430592K), 0.0005985 secs]
6.036: Total time for which application threads were stopped: 0.0007750 seconds, Stopping threads took: 0.0000207 seconds
6.091: [GC (Allocation Failure)  87661K->621K(429056K), 0.0005346 secs]
6.091: Total time for which application threads were stopped: 0.0006732 seconds, Stopping threads took: 0.0000225 seconds
6.145: [GC (Allocation Failure)  86125K->589K(427520K), 0.0005008 secs]
6.146: Total time for which application threads were stopped: 0.0006630 seconds, Stopping threads took: 0.0000443 seconds
6.199: [GC (Allocation Failure)  84557K->621K(425984K), 0.0004126 secs]
6.199: Total time for which application threads were stopped: 0.0005298 seconds, Stopping threads took: 0.0000262 seconds
6.257: [GC (Allocation Failure)  83053K->653K(424448K), 0.0005353 secs]
6.257: Total time for which application threads were stopped: 0.0006708 seconds, Stopping threads took: 0.0000214 seconds
6.308: [GC (Allocation Failure)  81549K->685K(422912K), 0.0005490 secs]
6.309: Total time for which application threads were stopped: 0.0007057 seconds, Stopping threads took: 0.0000220 seconds
6.359: [GC (Allocation Failure)  80045K->621K(421888K), 0.0004657 secs]
6.360: Total time for which application threads were stopped: 0.0005896 seconds, Stopping threads took: 0.0000219 seconds
6.414: [GC (Allocation Failure)  78957K->589K(420864K), 0.0004663 secs]
6.415: Total time for which application threads were stopped: 0.0005859 seconds, Stopping threads took: 0.0000267 seconds
6.470: [GC (Allocation Failure)  77901K->685K(419840K), 0.0005986 secs]
6.471: Total time for which application threads were stopped: 0.0007229 seconds, Stopping threads took: 0.0000274 seconds
6.524: [GC (Allocation Failure)  76973K->621K(418816K), 0.0006161 secs]
6.525: Total time for which application threads were stopped: 0.0007694 seconds, Stopping threads took: 0.0000283 seconds
6.579: [GC (Allocation Failure)  75885K->685K(417792K), 0.0007597 secs]
6.580: Total time for which application threads were stopped: 0.0009022 seconds, Stopping threads took: 0.0000226 seconds
6.627: [GC (Allocation Failure)  74925K->621K(416768K), 0.0004985 secs]
6.627: Total time for which application threads were stopped: 0.0006120 seconds, Stopping threads took: 0.0000193 seconds
6.679: [GC (Allocation Failure)  73837K->653K(431616K), 0.0007380 secs]
6.680: Total time for which application threads were stopped: 0.0008811 seconds, Stopping threads took: 0.0000293 seconds
6.736: [GC (Allocation Failure)  88717K->653K(430080K), 0.0004871 secs]
6.737: Total time for which application threads were stopped: 0.0005940 seconds, Stopping threads took: 0.0000188 seconds
6.797: [GC (Allocation Failure)  87181K->653K(428544K), 0.0004382 secs]
6.798: Total time for which application threads were stopped: 0.0005643 seconds, Stopping threads took: 0.0000199 seconds
6.853: [GC (Allocation Failure)  85645K->621K(427008K), 0.0004368 secs]
6.854: Total time for which application threads were stopped: 0.0005685 seconds, Stopping threads took: 0.0000316 seconds
6.906: [GC (Allocation Failure)  84077K->621K(425472K), 0.0004955 secs]
6.907: Total time for which application threads were stopped: 0.0006214 seconds, Stopping threads took: 0.0000206 seconds
6.964: [GC (Allocation Failure)  82541K->653K(423936K), 0.0005098 secs]
6.965: Total time for which application threads were stopped: 0.0006574 seconds, Stopping threads took: 0.0000287 seconds
7.016: [GC (Allocation Failure)  81037K->685K(422400K), 0.0005214 secs]
7.016: Total time for which application threads were stopped: 0.0006783 seconds, Stopping threads took: 0.0000297 seconds
7.066: [GC (Allocation Failure)  79533K->621K(421376K), 0.0004827 secs]
7.066: Total time for which application threads were stopped: 0.0006191 seconds, Stopping threads took: 0.0000302 seconds
7.121: [GC (Allocation Failure)  78445K->653K(420352K), 0.0004493 secs]
7.122: Total time for which application threads were stopped: 0.0005659 seconds, Stopping threads took: 0.0000195 seconds
7.170: [GC (Allocation Failure)  77453K->685K(419328K), 0.0004909 secs]
7.171: Total time for which application threads were stopped: 0.0006290 seconds, Stopping threads took: 0.0000174 seconds
7.219: [GC (Allocation Failure)  76461K->557K(418304K), 0.0004472 secs]
7.219: Total time for which application threads were stopped: 0.0005715 seconds, Stopping threads took: 0.0000259 seconds
7.266: [GC (Allocation Failure)  75309K->653K(417280K), 0.0005151 secs]
7.267: Total time for which application threads were stopped: 0.0006651 seconds, Stopping threads took: 0.0000294 seconds
7.317: [GC (Allocation Failure)  74381K->621K(416256K), 0.0005511 secs]
7.317: Total time for which application threads were stopped: 0.0006852 seconds, Stopping threads took: 0.0000217 seconds
7.369: [GC (Allocation Failure)  73325K->621K(415232K), 0.0005781 secs]
7.370: Total time for which application threads were stopped: 0.0007330 seconds, Stopping threads took: 0.0000293 seconds
7.418: [GC (Allocation Failure)  72301K->621K(414208K), 0.0004900 secs]
7.419: Total time for which application threads were stopped: 0.0006247 seconds, Stopping threads took: 0.0000293 seconds
7.463: [GC (Allocation Failure)  71277K->589K(413184K), 0.0004838 secs]
7.464: Total time for which application threads were stopped: 0.0006221 seconds, Stopping threads took: 0.0000276 seconds
7.508: [GC (Allocation Failure)  70221K->653K(412160K), 0.0004927 secs]
7.508: Total time for which application threads were stopped: 0.0006219 seconds, Stopping threads took: 0.0000199 seconds
7.556: [GC (Allocation Failure)  69261K->653K(411136K), 0.0005650 secs]
7.557: Total time for which application threads were stopped: 0.0006998 seconds, Stopping threads took: 0.0000217 seconds
7.604: [GC (Allocation Failure)  68237K->653K(410112K), 0.0004788 secs]
7.605: Total time for which application threads were stopped: 0.0006114 seconds, Stopping threads took: 0.0000227 seconds
7.652: [GC (Allocation Failure)  67213K->589K(409088K), 0.0005947 secs]
7.653: Total time for which application threads were stopped: 0.0007409 seconds, Stopping threads took: 0.0000192 seconds
7.694: [GC (Allocation Failure)  66125K->653K(408064K), 0.0004821 secs]
7.695: Total time for which application threads were stopped: 0.0006200 seconds, Stopping threads took: 0.0000294 seconds
7.741: [GC (Allocation Failure)  65165K->717K(407040K), 0.0006258 secs]
7.742: Total time for which application threads were stopped: 0.0007745 seconds, Stopping threads took: 0.0000302 seconds
7.788: [GC (Allocation Failure)  64205K->589K(406016K), 0.0004547 secs]
7.788: Total time for which application threads were stopped: 0.0005697 seconds, Stopping threads took: 0.0000189 seconds
7.829: [GC (Allocation Failure)  63053K->621K(418816K), 0.0006079 secs]
7.829: Total time for which application threads were stopped: 0.0007421 seconds, Stopping threads took: 0.0000271 seconds
7.878: [GC (Allocation Failure)  75885K->653K(417792K), 0.0004493 secs]
7.879: Total time for which application threads were stopped: 0.0005782 seconds, Stopping threads took: 0.0000280 seconds
7.926: [GC (Allocation Failure)  74893K->621K(416768K), 0.0004704 secs]
7.926: Total time for which application threads were stopped: 0.0006023 seconds, Stopping threads took: 0.0000274 seconds
7.979: [GC (Allocation Failure)  73837K->621K(415744K), 0.0005333 secs]
7.979: Total time for which application threads were stopped: 0.0006794 seconds, Stopping threads took: 0.0000294 seconds
8.028: [GC (Allocation Failure)  72813K->621K(414720K), 0.0006095 secs]
8.029: Total time for which application threads were stopped: 0.0007643 seconds, Stopping threads took: 0.0000378 seconds
8.074: [GC (Allocation Failure)  71789K->653K(413696K), 0.0005665 secs]
8.075: Total time for which application threads were stopped: 0.0007088 seconds, Stopping threads took: 0.0000292 seconds
8.119: [GC (Allocation Failure)  70797K->621K(412672K), 0.0005538 secs]
8.119: Total time for which application threads were stopped: 0.0007104 seconds, Stopping threads took: 0.0000223 seconds
8.163: [GC (Allocation Failure)  69741K->589K(411648K), 0.0004821 secs]
8.164: Total time for which application threads were stopped: 0.0006169 seconds, Stopping threads took: 0.0000301 seconds
8.207: [GC (Allocation Failure)  68685K->685K(410624K), 0.0004878 secs]
8.207: Total time for which application threads were stopped: 0.0006309 seconds, Stopping threads took: 0.0000195 seconds
8.256: [GC (Allocation Failure)  67757K->653K(409600K), 0.0005052 secs]
8.256: Total time for which application threads were stopped: 0.0006371 seconds, Stopping threads took: 0.0000277 seconds
8.298: [GC (Allocation Failure)  66701K->653K(422912K), 0.0006477 secs]
8.299: Total time for which application threads were stopped: 0.0007781 seconds, Stopping threads took: 0.0000219 seconds
8.352: [GC (Allocation Failure)  80013K->717K(421888K), 0.0005045 secs]
8.353: Total time for which application threads were stopped: 0.0006368 seconds, Stopping threads took: 0.0000235 seconds
8.402: [GC (Allocation Failure)  79053K->653K(420864K), 0.0005351 secs]
8.403: Total time for which application threads were stopped: 0.0006605 seconds, Stopping threads took: 0.0000279 seconds
8.452: [GC (Allocation Failure)  77965K->621K(419840K), 0.0005748 secs]
8.452: Total time for which application threads were stopped: 0.0006991 seconds, Stopping threads took: 0.0000196 seconds
8.501: [GC (Allocation Failure)  76909K->685K(418816K), 0.0005472 secs]
8.501: Total time for which application threads were stopped: 0.0006653 seconds, Stopping threads took: 0.0000192 seconds
8.554: [GC (Allocation Failure)  75949K->621K(417792K), 0.0004702 secs]
8.555: Total time for which application threads were stopped: 0.0005904 seconds, Stopping threads took: 0.0000195 seconds
8.602: [GC (Allocation Failure)  74861K->653K(416768K), 0.0004966 secs]
8.602: Total time for which application threads were stopped: 0.0006267 seconds, Stopping threads took: 0.0000284 seconds
8.649: [GC (Allocation Failure)  73869K->717K(415744K), 0.0006115 secs]
8.649: Total time for which application threads were stopped: 0.0007518 seconds, Stopping threads took: 0.0000284 seconds
8.695: [GC (Allocation Failure)  72909K->685K(430592K), 0.0006282 secs]
8.695: Total time for which application threads were stopped: 0.0007503 seconds, Stopping threads took: 0.0000199 seconds
8.755: [GC (Allocation Failure)  87725K->621K(429056K), 0.0005255 secs]
8.755: Total time for which application threads were stopped: 0.0006544 seconds, Stopping threads took: 0.0000275 seconds
8.815: [GC (Allocation Failure)  86125K->621K(427520K), 0.0006296 secs]
8.816: Total time for which application threads were stopped: 0.0007478 seconds, Stopping threads took: 0.0000199 seconds
8.870: [GC (Allocation Failure)  84589K->621K(425984K), 0.0006001 secs]
8.871: Total time for which application threads were stopped: 0.0007154 seconds, Stopping threads took: 0.0000161 seconds
8.923: [GC (Allocation Failure)  83053K->717K(442880K), 0.0008038 secs]
8.924: Total time for which application threads were stopped: 0.0009369 seconds, Stopping threads took: 0.0000211 seconds
8.986: [GC (Allocation Failure)  100045K->621K(440832K), 0.0004663 secs]
8.987: Total time for which application threads were stopped: 0.0005930 seconds, Stopping threads took: 0.0000197 seconds
9.053: [GC (Allocation Failure)  97901K->621K(438784K), 0.0004800 secs]
9.053: Total time for which application threads were stopped: 0.0006026 seconds, Stopping threads took: 0.0000205 seconds
9.119: [GC (Allocation Failure)  95853K->653K(437248K), 0.0005955 secs]
9.120: Total time for which application threads were stopped: 0.0007106 seconds, Stopping threads took: 0.0000186 seconds
9.179: [GC (Allocation Failure)  94349K->621K(435712K), 0.0004505 secs]
9.179: Total time for which application threads were stopped: 0.0005930 seconds, Stopping threads took: 0.0000277 seconds
9.243: [GC (Allocation Failure)  92781K->589K(434176K), 0.0004353 secs]
9.243: Total time for which application threads were stopped: 0.0005551 seconds, Stopping threads took: 0.0000201 seconds
9.300: [GC (Allocation Failure)  91213K->653K(432640K), 0.0005392 secs]
9.301: Total time for which application threads were stopped: 0.0006776 seconds, Stopping threads took: 0.0000269 seconds
9.357: [GC (Allocation Failure)  89741K->621K(431104K), 0.0005823 secs]
9.358: Total time for which application threads were stopped: 0.0007435 seconds, Stopping threads took: 0.0000227 seconds
9.413: [GC (Allocation Failure)  88173K->621K(429568K), 0.0005230 secs]
9.413: Total time for which application threads were stopped: 0.0006683 seconds, Stopping threads took: 0.0000215 seconds
9.467: [GC (Allocation Failure)  86637K->653K(428032K), 0.0004797 secs]
9.468: Total time for which application threads were stopped: 0.0006181 seconds, Stopping threads took: 0.0000228 seconds
9.527: [GC (Allocation Failure)  85133K->653K(426496K), 0.0005054 secs]
9.527: Total time for which application threads were stopped: 0.0006556 seconds, Stopping threads took: 0.0000299 seconds
9.580: [GC (Allocation Failure)  83597K->685K(424960K), 0.0005244 secs]
9.580: Total time for which application threads were stopped: 0.0006673 seconds, Stopping threads took: 0.0000228 seconds
9.635: [GC (Allocation Failure)  82093K->621K(423424K), 0.0006980 secs]
9.636: Total time for which application threads were stopped: 0.0008414 seconds, Stopping threads took: 0.0000221 seconds
9.692: [GC (Allocation Failure)  80493K->621K(422400K), 0.0008000 secs]
9.693: Total time for which application threads were stopped: 0.0009520 seconds, Stopping threads took: 0.0000232 seconds
9.743: [GC (Allocation Failure)  79469K->621K(421376K), 0.0005083 secs]
9.744: Total time for which application threads were stopped: 0.0006489 seconds, Stopping threads took: 0.0000210 seconds
9.797: [GC (Allocation Failure)  78445K->653K(420352K), 0.0005599 secs]
9.798: Total time for which application threads were stopped: 0.0006784 seconds, Stopping threads took: 0.0000191 seconds
9.847: [GC (Allocation Failure)  77453K->621K(419328K), 0.0004739 secs]
9.848: Total time for which application threads were stopped: 0.0005919 seconds, Stopping threads took: 0.0000246 seconds
9.901: [GC (Allocation Failure)  76397K->589K(418304K), 0.0005237 secs]
9.902: Total time for which application threads were stopped: 0.0006336 seconds, Stopping threads took: 0.0000183 seconds
9.955: [GC (Allocation Failure)  75341K->653K(417280K), 0.0004693 secs]
9.956: Total time for which application threads were stopped: 0.0005883 seconds, Stopping threads took: 0.0000194 seconds
10.002: [GC (Allocation Failure)  74381K->621K(416256K), 0.0004845 secs]
10.003: Total time for which application threads were stopped: 0.0006962 seconds, Stopping threads took: 0.0001070 seconds
10.051: [GC (Allocation Failure)  73325K->653K(415232K), 0.0004755 secs]
10.052: Total time for which application threads were stopped: 0.0006111 seconds, Stopping threads took: 0.0000205 seconds
10.097: [GC (Allocation Failure)  72333K->685K(414208K), 0.0005012 secs]
10.098: Total time for which application threads were stopped: 0.0006365 seconds, Stopping threads took: 0.0000290 seconds
10.142: [GC (Allocation Failure)  71341K->653K(413184K), 0.0004955 secs]
10.143: Total time for which application threads were stopped: 0.0006226 seconds, Stopping threads took: 0.0000201 seconds
10.186: [GC (Allocation Failure)  70285K->653K(412160K), 0.0004963 secs]
10.187: Total time for which application threads were stopped: 0.0006244 seconds, Stopping threads took: 0.0000200 seconds
10.231: [GC (Allocation Failure)  69261K->685K(411136K), 0.0004357 secs]
10.231: Total time for which application threads were stopped: 0.0005597 seconds, Stopping threads took: 0.0000271 seconds
10.273: [GC (Allocation Failure)  68269K->621K(410112K), 0.0005077 secs]
10.274: Total time for which application threads were stopped: 0.0006316 seconds, Stopping threads took: 0.0000197 seconds
10.319: [GC (Allocation Failure)  67181K->589K(409088K), 0.0006219 secs]
10.320: Total time for which application threads were stopped: 0.0007543 seconds, Stopping threads took: 0.0000221 seconds
10.367: [GC (Allocation Failure)  66125K->653K(408064K), 0.0005243 secs]
10.368: Total time for which application threads were stopped: 0.0006550 seconds, Stopping threads took: 0.0000201 seconds
10.408: [GC (Allocation Failure)  65165K->653K(421376K), 0.0006793 secs]
10.409: Total time for which application threads were stopped: 0.0008327 seconds, Stopping threads took: 0.0000288 seconds
10.464: [GC (Allocation Failure)  78477K->621K(437248K), 0.0005665 secs]
10.465: Total time for which application threads were stopped: 0.0007067 seconds, Stopping threads took: 0.0000219 seconds
10.524: [GC (Allocation Failure)  94317K->621K(435712K), 0.0004792 secs]
10.524: Total time for which application threads were stopped: 0.0006012 seconds, Stopping threads took: 0.0000201 seconds
10.582: [GC (Allocation Failure)  92781K->653K(434176K), 0.0004893 secs]
10.583: Total time for which application threads were stopped: 0.0006248 seconds, Stopping threads took: 0.0000195 seconds
10.645: [GC (Allocation Failure)  91277K->621K(432640K), 0.0005356 secs]
10.646: Total time for which application threads were stopped: 0.0007211 seconds, Stopping threads took: 0.0000212 seconds
10.709: [GC (Allocation Failure)  89709K->621K(431104K), 0.0004656 secs]
10.709: Total time for which application threads were stopped: 0.0006077 seconds, Stopping threads took: 0.0000266 seconds
10.764: [GC (Allocation Failure)  88173K->589K(429568K), 0.0005924 secs]
10.765: Total time for which application threads were stopped: 0.0007263 seconds, Stopping threads took: 0.0000196 seconds
10.824: [GC (Allocation Failure)  86605K->621K(428032K), 0.0005387 secs]
10.824: Total time for which application threads were stopped: 0.0006419 seconds, Stopping threads took: 0.0000141 seconds
10.879: [GC (Allocation Failure)  85101K->621K(426496K), 0.0004846 secs]
10.879: Total time for which application threads were stopped: 0.0006138 seconds, Stopping threads took: 0.0000271 seconds
10.937: [GC (Allocation Failure)  83565K->621K(424960K), 0.0005069 secs]
10.937: Total time for which application threads were stopped: 0.0006240 seconds, Stopping threads took: 0.0000190 seconds
10.992: [GC (Allocation Failure)  82029K->653K(423424K), 0.0005039 secs]
10.993: Total time for which application threads were stopped: 0.0006239 seconds, Stopping threads took: 0.0000199 seconds
11.046: [GC (Allocation Failure)  80525K->653K(422400K), 0.0004711 secs]
11.047: Total time for which application threads were stopped: 0.0005947 seconds, Stopping threads took: 0.0000275 seconds
11.102: [GC (Allocation Failure)  79501K->653K(421376K), 0.0004705 secs]
11.102: Total time for which application threads were stopped: 0.0005853 seconds, Stopping threads took: 0.0000190 seconds
11.157: [GC (Allocation Failure)  78477K->621K(420352K), 0.0006652 secs]
11.158: Total time for which application threads were stopped: 0.0007744 seconds, Stopping threads took: 0.0000167 seconds
11.206: [GC (Allocation Failure)  77421K->621K(419328K), 0.0004177 secs]
11.207: Total time for which application threads were stopped: 0.0005487 seconds, Stopping threads took: 0.0000269 seconds
11.260: [GC (Allocation Failure)  76397K->685K(418304K), 0.0006184 secs]
11.260: Total time for which application threads were stopped: 0.0007603 seconds, Stopping threads took: 0.0000269 seconds
11.314: [GC (Allocation Failure)  75437K->685K(417280K), 0.0004842 secs]
11.314: Total time for which application threads were stopped: 0.0006232 seconds, Stopping threads took: 0.0000292 seconds
11.365: [GC (Allocation Failure)  74413K->621K(416256K), 0.0005105 secs]
11.366: Total time for which application threads were stopped: 0.0006985 seconds, Stopping threads took: 0.0000298 seconds
11.416: [GC (Allocation Failure)  73325K->653K(415232K), 0.0005332 secs]
11.416: Total time for which application threads were stopped: 0.0006782 seconds, Stopping threads took: 0.0000225 seconds
11.462: [GC (Allocation Failure)  72333K->653K(414208K), 0.0005157 secs]
11.463: Total time for which application threads were stopped: 0.0006577 seconds, Stopping threads took: 0.0000222 seconds
11.510: [GC (Allocation Failure)  71309K->621K(413184K), 0.0005132 secs]
11.511: Total time for which application threads were stopped: 0.0006574 seconds, Stopping threads took: 0.0000218 seconds
11.560: [GC (Allocation Failure)  70253K->653K(412160K), 0.0005387 secs]
11.560: Total time for which application threads were stopped: 0.0006651 seconds, Stopping threads took: 0.0000221 seconds
11.609: [GC (Allocation Failure)  69261K->621K(411136K), 0.0005301 secs]
11.609: Total time for which application threads were stopped: 0.0006631 seconds, Stopping threads took: 0.0000196 seconds
11.657: [GC (Allocation Failure)  68205K->653K(410112K), 0.0005775 secs]
11.658: Total time for which application threads were stopped: 0.0007174 seconds, Stopping threads took: 0.0000224 seconds
11.700: [GC (Allocation Failure)  67213K->717K(409088K), 0.0004883 secs]
11.700: Total time for which application threads were stopped: 0.0006129 seconds, Stopping threads took: 0.0000212 seconds
11.750: [GC (Allocation Failure)  66253K->621K(408064K), 0.0005486 secs]
11.750: Total time for which application threads were stopped: 0.0006551 seconds, Stopping threads took: 0.0000174 seconds
11.791: [GC (Allocation Failure)  65133K->621K(407040K), 0.0004022 secs]
11.791: Total time for which application threads were stopped: 0.0005076 seconds, Stopping threads took: 0.0000164 seconds
11.832: [GC (Allocation Failure)  64109K->621K(406016K), 0.0004355 secs]
11.832: Total time for which application threads were stopped: 0.0005691 seconds, Stopping threads took: 0.0000249 seconds
11.872: [GC (Allocation Failure)  63085K->653K(405504K), 0.0004690 secs]
11.873: Total time for which application threads were stopped: 0.0005973 seconds, Stopping threads took: 0.0000193 seconds
11.916: [GC (Allocation Failure)  62605K->653K(404992K), 0.0004926 secs]
11.917: Total time for which application threads were stopped: 0.0006271 seconds, Stopping threads took: 0.0000218 seconds
11.956: [GC (Allocation Failure)  62093K->589K(417280K), 0.0007058 secs]
11.957: Total time for which application threads were stopped: 0.0008613 seconds, Stopping threads took: 0.0000212 seconds
12.003: [GC (Allocation Failure)  74317K->621K(432128K), 0.0005679 secs]
12.004: Total time for which application threads were stopped: 0.0007066 seconds, Stopping threads took: 0.0000223 seconds
12.065: [GC (Allocation Failure)  89197K->653K(430592K), 0.0005070 secs]
12.065: Total time for which application threads were stopped: 0.0006445 seconds, Stopping threads took: 0.0000211 seconds
12.120: [GC (Allocation Failure)  87693K->653K(429056K), 0.0005026 secs]
12.120: Total time for which application threads were stopped: 0.0006234 seconds, Stopping threads took: 0.0000197 seconds
12.174: [GC (Allocation Failure)  86157K->653K(427520K), 0.0005367 secs]
12.175: Total time for which application threads were stopped: 0.0006536 seconds, Stopping threads took: 0.0000190 seconds
12.228: [GC (Allocation Failure)  84621K->621K(425984K), 0.0004727 secs]
12.228: Total time for which application threads were stopped: 0.0006232 seconds, Stopping threads took: 0.0000261 seconds
12.284: [GC (Allocation Failure)  83053K->685K(424448K), 0.0005469 secs]
12.284: Total time for which application threads were stopped: 0.0006738 seconds, Stopping threads took: 0.0000168 seconds
12.335: [GC (Allocation Failure)  81581K->621K(422912K), 0.0004836 secs]
12.336: Total time for which application threads were stopped: 0.0006129 seconds, Stopping threads took: 0.0000212 seconds
12.391: [GC (Allocation Failure)  79981K->589K(421888K), 0.0005227 secs]
12.392: Total time for which application threads were stopped: 0.0006433 seconds, Stopping threads took: 0.0000198 seconds
12.447: [GC (Allocation Failure)  78925K->653K(420864K), 0.0004381 secs]
12.448: Total time for which application threads were stopped: 0.0005620 seconds, Stopping threads took: 0.0000273 seconds
12.496: [GC (Allocation Failure)  77965K->653K(419840K), 0.0004433 secs]
12.497: Total time for which application threads were stopped: 0.0005651 seconds, Stopping threads took: 0.0000197 seconds
12.548: [GC (Allocation Failure)  76941K->621K(418816K), 0.0005290 secs]
12.548: Total time for which application threads were stopped: 0.0006502 seconds, Stopping threads took: 0.0000173 seconds
12.597: [GC (Allocation Failure)  75885K->621K(417792K), 0.0004782 secs]
12.597: Total time for which application threads were stopped: 0.0005834 seconds, Stopping threads took: 0.0000171 seconds
12.644: [GC (Allocation Failure)  74861K->621K(416768K), 0.0003954 secs]
12.645: Total time for which application threads were stopped: 0.0005011 seconds, Stopping threads took: 0.0000170 seconds
12.691: [GC (Allocation Failure)  73837K->653K(415744K), 0.0005366 secs]
12.691: Total time for which application threads were stopped: 0.0006577 seconds, Stopping threads took: 0.0000200 seconds
12.738: [GC (Allocation Failure)  72845K->621K(414720K), 0.0004689 secs]
12.738: Total time for which application threads were stopped: 0.0005905 seconds, Stopping threads took: 0.0000198 seconds
12.789: [GC (Allocation Failure)  71789K->621K(413696K), 0.0004937 secs]
12.789: Total time for which application threads were stopped: 0.0006339 seconds, Stopping threads took: 0.0000209 seconds
12.834: [GC (Allocation Failure)  70765K->589K(412672K), 0.0004347 secs]
12.834: Total time for which application threads were stopped: 0.0005682 seconds, Stopping threads took: 0.0000254 seconds
12.881: [GC (Allocation Failure)  69709K->621K(411648K), 0.0005129 secs]
12.882: Total time for which application threads were stopped: 0.0006144 seconds, Stopping threads took: 0.0000170 seconds
12.924: [GC (Allocation Failure)  68717K->653K(410624K), 0.0004921 secs]
12.925: Total time for which application threads were stopped: 0.0006153 seconds, Stopping threads took: 0.0000200 seconds
12.967: [GC (Allocation Failure)  67725K->621K(409600K), 0.0006187 secs]
12.968: Total time for which application threads were stopped: 0.0007528 seconds, Stopping threads took: 0.0000215 seconds
13.015: [GC (Allocation Failure)  66669K->653K(408576K), 0.0004668 secs]
13.016: Total time for which application threads were stopped: 0.0005968 seconds, Stopping threads took: 0.0000218 seconds
13.063: [GC (Allocation Failure)  65677K->621K(407552K), 0.0005294 secs]
13.063: Total time for which application threads were stopped: 0.0006373 seconds, Stopping threads took: 0.0000164 seconds
13.104: [GC (Allocation Failure)  64621K->685K(406528K), 0.0004834 secs]
13.104: Total time for which application threads were stopped: 0.0006032 seconds, Stopping threads took: 0.0000191 seconds
13.144: [GC (Allocation Failure)  63661K->653K(405504K), 0.0004668 secs]
13.144: Total time for which application threads were stopped: 0.0005865 seconds, Stopping threads took: 0.0000190 seconds
13.183: [GC (Allocation Failure)  62605K->653K(418304K), 0.0005232 secs]
13.184: Total time for which application threads were stopped: 0.0006662 seconds, Stopping threads took: 0.0000296 seconds
13.232: [GC (Allocation Failure)  75405K->621K(417280K), 0.0004069 secs]
13.232: Total time for which application threads were stopped: 0.0005372 seconds, Stopping threads took: 0.0000267 seconds
13.279: [GC (Allocation Failure)  74349K->685K(416256K), 0.0004813 secs]
13.279: Total time for which application threads were stopped: 0.0006114 seconds, Stopping threads took: 0.0000197 seconds
13.325: [GC (Allocation Failure)  73389K->621K(415232K), 0.0006452 secs]
13.326: Total time for which application threads were stopped: 0.0007880 seconds, Stopping threads took: 0.0000218 seconds
13.374: [GC (Allocation Failure)  72301K->653K(414208K), 0.0005158 secs]
13.374: Total time for which application threads were stopped: 0.0006351 seconds, Stopping threads took: 0.0000220 seconds
13.419: [GC (Allocation Failure)  71309K->685K(413184K), 0.0005321 secs]
13.419: Total time for which application threads were stopped: 0.0006408 seconds, Stopping threads took: 0.0000165 seconds
13.463: [GC (Allocation Failure)  70317K->653K(427520K), 0.0006007 secs]
13.463: Total time for which application threads were stopped: 0.0007225 seconds, Stopping threads took: 0.0000199 seconds
13.522: [GC (Allocation Failure)  84621K->653K(425984K), 0.0004921 secs]
13.522: Total time for which application threads were stopped: 0.0006430 seconds, Stopping threads took: 0.0000262 seconds
13.574: [GC (Allocation Failure)  83085K->653K(424448K), 0.0005259 secs]
13.575: Total time for which application threads were stopped: 0.0006705 seconds, Stopping threads took: 0.0000221 seconds
13.631: [GC (Allocation Failure)  81549K->685K(422912K), 0.0004361 secs]
13.632: Total time for which application threads were stopped: 0.0005598 seconds, Stopping threads took: 0.0000274 seconds
13.682: [GC (Allocation Failure)  80045K->653K(421888K), 0.0004086 secs]
13.682: Total time for which application threads were stopped: 0.0005147 seconds, Stopping threads took: 0.0000169 seconds
13.732: [GC (Allocation Failure)  78989K->621K(420864K), 0.0004604 secs]
13.733: Total time for which application threads were stopped: 0.0005948 seconds, Stopping threads took: 0.0000258 seconds
13.785: [GC (Allocation Failure)  77933K->621K(419840K), 0.0005247 secs]
13.786: Total time for which application threads were stopped: 0.0006757 seconds, Stopping threads took: 0.0000295 seconds
13.840: [GC (Allocation Failure)  76909K->621K(418816K), 0.0005658 secs]
13.841: Total time for which application threads were stopped: 0.0006822 seconds, Stopping threads took: 0.0000167 seconds
13.888: [GC (Allocation Failure)  75885K->653K(417792K), 0.0004772 secs]
13.889: Total time for which application threads were stopped: 0.0006000 seconds, Stopping threads took: 0.0000203 seconds
13.936: [GC (Allocation Failure)  74893K->621K(416768K), 0.0005644 secs]
13.936: Total time for which application threads were stopped: 0.0007030 seconds, Stopping threads took: 0.0000210 seconds
13.982: [GC (Allocation Failure)  73837K->653K(415744K), 0.0005189 secs]
13.983: Total time for which application threads were stopped: 0.0006372 seconds, Stopping threads took: 0.0000196 seconds
14.033: [GC (Allocation Failure)  72845K->685K(414720K), 0.0007208 secs]
14.034: Total time for which application threads were stopped: 0.0008492 seconds, Stopping threads took: 0.0000289 seconds
14.083: [GC (Allocation Failure)  71853K->653K(413696K), 0.0004151 secs]
14.083: Total time for which application threads were stopped: 0.0005413 seconds, Stopping threads took: 0.0000270 seconds
14.128: [GC (Allocation Failure)  70797K->653K(428032K), 0.0006818 secs]
14.128: Total time for which application threads were stopped: 0.0008146 seconds, Stopping threads took: 0.0000278 seconds
14.187: [GC (Allocation Failure)  85133K->621K(426496K), 0.0004595 secs]
14.187: Total time for which application threads were stopped: 0.0005860 seconds, Stopping threads took: 0.0000266 seconds
14.240: [GC (Allocation Failure)  83565K->621K(424960K), 0.0004312 secs]
14.240: Total time for which application threads were stopped: 0.0005490 seconds, Stopping threads took: 0.0000197 seconds
14.291: [GC (Allocation Failure)  82029K->717K(423424K), 0.0004840 secs]
14.292: Total time for which application threads were stopped: 0.0006105 seconds, Stopping threads took: 0.0000210 seconds
14.347: [GC (Allocation Failure)  80589K->621K(422400K), 0.0005480 secs]
14.348: Total time for which application threads were stopped: 0.0006759 seconds, Stopping threads took: 0.0000270 seconds
14.402: [GC (Allocation Failure)  79469K->653K(421376K), 0.0004883 secs]
14.403: Total time for which application threads were stopped: 0.0006046 seconds, Stopping threads took: 0.0000195 seconds
14.452: [GC (Allocation Failure)  78477K->717K(420352K), 0.0005339 secs]
14.452: Total time for which application threads were stopped: 0.0006504 seconds, Stopping threads took: 0.0000191 seconds
14.501: [GC (Allocation Failure)  77517K->589K(419328K), 0.0005614 secs]
14.501: Total time for which application threads were stopped: 0.0006819 seconds, Stopping threads took: 0.0000202 seconds
14.549: [GC (Allocation Failure)  76365K->653K(418304K), 0.0005607 secs]
14.550: Total time for which application threads were stopped: 0.0006776 seconds, Stopping threads took: 0.0000189 seconds
14.602: [GC (Allocation Failure)  75405K->589K(417280K), 0.0005326 secs]
14.603: Total time for which application threads were stopped: 0.0006501 seconds, Stopping threads took: 0.0000197 seconds
14.649: [GC (Allocation Failure)  74317K->717K(416256K), 0.0006306 secs]
14.650: Total time for which application threads were stopped: 0.0007485 seconds, Stopping threads took: 0.0000194 seconds
14.696: [GC (Allocation Failure)  73421K->621K(415232K), 0.0004988 secs]
14.696: Total time for which application threads were stopped: 0.0006442 seconds, Stopping threads took: 0.0000271 seconds
14.747: [GC (Allocation Failure)  72301K->653K(414208K), 0.0006007 secs]
14.748: Total time for which application threads were stopped: 0.0007538 seconds, Stopping threads took: 0.0000294 seconds
14.792: [GC (Allocation Failure)  71309K->685K(413184K), 0.0004899 secs]
14.793: Total time for which application threads were stopped: 0.0006414 seconds, Stopping threads took: 0.0000259 seconds
14.846: [GC (Allocation Failure)  70317K->653K(412160K), 0.0005538 secs]
14.846: Total time for which application threads were stopped: 0.0006666 seconds, Stopping threads took: 0.0000183 seconds
14.892: [GC (Allocation Failure)  69261K->621K(411136K), 0.0004291 secs]
14.892: Total time for which application threads were stopped: 0.0005309 seconds, Stopping threads took: 0.0000170 seconds
14.938: [GC (Allocation Failure)  68205K->589K(410112K), 0.0004766 secs]
14.939: Total time for which application threads were stopped: 0.0005899 seconds, Stopping threads took: 0.0000173 seconds
14.986: [GC (Allocation Failure)  67149K->685K(409088K), 0.0005429 secs]
14.987: Total time for which application threads were stopped: 0.0006760 seconds, Stopping threads took: 0.0000279 seconds
15.034: [GC (Allocation Failure)  66221K->621K(408064K), 0.0004976 secs]
15.034: Total time for which application threads were stopped: 0.0006485 seconds, Stopping threads took: 0.0000286 seconds
15.075: [GC (Allocation Failure)  65133K->589K(407040K), 0.0004928 secs]
15.076: Total time for which application threads were stopped: 0.0006300 seconds, Stopping threads took: 0.0000213 seconds
15.121: [GC (Allocation Failure)  64077K->653K(406016K), 0.0005254 secs]
15.122: Total time for which application threads were stopped: 0.0006813 seconds, Stopping threads took: 0.0000216 seconds
15.169: [GC (Allocation Failure)  63117K->621K(405504K), 0.0005336 secs]
15.169: Total time for which application threads were stopped: 0.0006763 seconds, Stopping threads took: 0.0000211 seconds
15.215: [GC (Allocation Failure)  62573K->621K(404992K), 0.0004630 secs]
15.215: Total time for which application threads were stopped: 0.0006090 seconds, Stopping threads took: 0.0000273 seconds
15.256: [GC (Allocation Failure)  62061K->717K(404480K), 0.0004874 secs]
15.256: Total time for which application threads were stopped: 0.0006073 seconds, Stopping threads took: 0.0000186 seconds
15.300: [GC (Allocation Failure)  61645K->589K(403968K), 0.0004543 secs]
15.301: Total time for which application threads were stopped: 0.0005797 seconds, Stopping threads took: 0.0000274 seconds
15.338: [GC (Allocation Failure)  61005K->621K(403456K), 0.0004453 secs]
15.339: Total time for which application threads were stopped: 0.0005434 seconds, Stopping threads took: 0.0000168 seconds
15.377: [GC (Allocation Failure)  60525K->653K(402944K), 0.0004507 secs]
15.377: Total time for which application threads were stopped: 0.0005981 seconds, Stopping threads took: 0.0000205 seconds
15.420: [GC (Allocation Failure)  60045K->685K(402432K), 0.0005146 secs]
15.420: Total time for which application threads were stopped: 0.0006487 seconds, Stopping threads took: 0.0000199 seconds
15.458: [GC (Allocation Failure)  59565K->621K(401920K), 0.0004748 secs]
15.458: Total time for which application threads were stopped: 0.0005987 seconds, Stopping threads took: 0.0000198 seconds
15.500: [GC (Allocation Failure)  58989K->717K(413696K), 0.0005542 secs]
15.501: Total time for which application threads were stopped: 0.0006776 seconds, Stopping threads took: 0.0000198 seconds
15.545: [GC (Allocation Failure)  70861K->717K(428032K), 0.0005624 secs]
15.546: Total time for which application threads were stopped: 0.0007032 seconds, Stopping threads took: 0.0000209 seconds
15.599: [GC (Allocation Failure)  85197K->653K(426496K), 0.0005493 secs]
15.599: Total time for which application threads were stopped: 0.0007034 seconds, Stopping threads took: 0.0000309 seconds
15.651: [GC (Allocation Failure)  83597K->717K(424960K), 0.0005039 secs]
15.652: Total time for which application threads were stopped: 0.0006440 seconds, Stopping threads took: 0.0000216 seconds
15.709: [GC (Allocation Failure)  82125K->621K(423424K), 0.0004826 secs]
15.710: Total time for which application threads were stopped: 0.0006148 seconds, Stopping threads took: 0.0000186 seconds
15.761: [GC (Allocation Failure)  80493K->653K(422400K), 0.0004832 secs]
15.761: Total time for which application threads were stopped: 0.0006167 seconds, Stopping threads took: 0.0000198 seconds
15.811: [GC (Allocation Failure)  79501K->653K(421376K), 0.0004800 secs]
15.811: Total time for which application threads were stopped: 0.0006137 seconds, Stopping threads took: 0.0000204 seconds
15.866: [GC (Allocation Failure)  78477K->621K(420352K), 0.0004093 secs]
15.867: Total time for which application threads were stopped: 0.0005146 seconds, Stopping threads took: 0.0000172 seconds
15.915: [GC (Allocation Failure)  77421K->621K(419328K), 0.0005636 secs]
15.916: Total time for which application threads were stopped: 0.0006682 seconds, Stopping threads took: 0.0000164 seconds
15.968: [GC (Allocation Failure)  76397K->621K(418304K), 0.0004343 secs]
15.968: Total time for which application threads were stopped: 0.0005490 seconds, Stopping threads took: 0.0000192 seconds
16.015: [GC (Allocation Failure)  75373K->685K(417280K), 0.0004735 secs]
16.016: Total time for which application threads were stopped: 0.0005992 seconds, Stopping threads took: 0.0000191 seconds
16.062: [GC (Allocation Failure)  74413K->621K(416256K), 0.0005113 secs]
16.062: Total time for which application threads were stopped: 0.0006634 seconds, Stopping threads took: 0.0000295 seconds
16.111: [GC (Allocation Failure)  73325K->621K(415232K), 0.0005997 secs]
16.112: Total time for which application threads were stopped: 0.0007227 seconds, Stopping threads took: 0.0000174 seconds
16.157: [GC (Allocation Failure)  72301K->589K(414208K), 0.0004823 secs]
16.158: Total time for which application threads were stopped: 0.0006303 seconds, Stopping threads took: 0.0000219 seconds
16.202: [GC (Allocation Failure)  71245K->621K(413184K), 0.0006027 secs]
16.203: Total time for which application threads were stopped: 0.0007330 seconds, Stopping threads took: 0.0000205 seconds
16.249: [GC (Allocation Failure)  70253K->653K(412160K), 0.0005082 secs]
16.249: Total time for which application threads were stopped: 0.0006372 seconds, Stopping threads took: 0.0000257 seconds
16.293: [GC (Allocation Failure)  69261K->621K(411136K), 0.0005217 secs]
16.293: Total time for which application threads were stopped: 0.0006532 seconds, Stopping threads took: 0.0000207 seconds
16.336: [GC (Allocation Failure)  68205K->589K(424960K), 0.0006234 secs]
16.337: Total time for which application threads were stopped: 0.0007606 seconds, Stopping threads took: 0.0000207 seconds
16.392: [GC (Allocation Failure)  81997K->685K(423424K), 0.0004840 secs]
16.392: Total time for which application threads were stopped: 0.0006145 seconds, Stopping threads took: 0.0000209 seconds
16.443: [GC (Allocation Failure)  80557K->653K(422400K), 0.0005438 secs]
16.443: Total time for which application threads were stopped: 0.0006752 seconds, Stopping threads took: 0.0000220 seconds
16.493: [GC (Allocation Failure)  79501K->653K(421376K), 0.0004813 secs]
16.493: Total time for which application threads were stopped: 0.0005968 seconds, Stopping threads took: 0.0000200 seconds
16.543: [GC (Allocation Failure)  78477K->621K(420352K), 0.0004594 secs]
16.543: Total time for which application threads were stopped: 0.0005885 seconds, Stopping threads took: 0.0000196 seconds
16.591: [GC (Allocation Failure)  77421K->621K(419328K), 0.0005472 secs]
16.592: Total time for which application threads were stopped: 0.0006980 seconds, Stopping threads took: 0.0000296 seconds
16.645: [GC (Allocation Failure)  76397K->621K(418304K), 0.0005169 secs]
16.645: Total time for which application threads were stopped: 0.0006837 seconds, Stopping threads took: 0.0000310 seconds
16.692: [GC (Allocation Failure)  75373K->653K(417280K), 0.0005238 secs]
16.693: Total time for which application threads were stopped: 0.0006511 seconds, Stopping threads took: 0.0000222 seconds
16.743: [GC (Allocation Failure)  74381K->589K(416256K), 0.0004166 secs]
16.744: Total time for which application threads were stopped: 0.0005349 seconds, Stopping threads took: 0.0000195 seconds
16.794: [GC (Allocation Failure)  73293K->557K(415232K), 0.0005721 secs]
16.795: Total time for which application threads were stopped: 0.0007071 seconds, Stopping threads took: 0.0000296 seconds
16.847: [GC (Allocation Failure)  72237K->589K(414208K), 0.0004578 secs]
16.847: Total time for which application threads were stopped: 0.0005852 seconds, Stopping threads took: 0.0000271 seconds
16.895: [GC (Allocation Failure)  71245K->621K(413184K), 0.0004884 secs]
16.895: Total time for which application threads were stopped: 0.0007392 seconds, Stopping threads took: 0.0001386 seconds
16.939: [GC (Allocation Failure)  70253K->621K(412160K), 0.0004479 secs]
16.940: Total time for which application threads were stopped: 0.0005754 seconds, Stopping threads took: 0.0000275 seconds
16.983: [GC (Allocation Failure)  69229K->717K(411136K), 0.0005883 secs]
16.983: Total time for which application threads were stopped: 0.0007161 seconds, Stopping threads took: 0.0000275 seconds
17.031: [GC (Allocation Failure)  68301K->653K(410112K), 0.0004356 secs]
17.032: Total time for which application threads were stopped: 0.0005569 seconds, Stopping threads took: 0.0000195 seconds
17.074: [GC (Allocation Failure)  67213K->621K(409088K), 0.0004132 secs]
17.074: Total time for which application threads were stopped: 0.0005227 seconds, Stopping threads took: 0.0000172 seconds
17.121: [GC (Allocation Failure)  66157K->653K(408064K), 0.0004580 secs]
17.121: Total time for which application threads were stopped: 0.0005753 seconds, Stopping threads took: 0.0000196 seconds
17.162: [GC (Allocation Failure)  65165K->717K(407040K), 0.0006360 secs]
17.163: Total time for which application threads were stopped: 0.0007538 seconds, Stopping threads took: 0.0000194 seconds
17.202: [GC (Allocation Failure)  64205K->685K(419840K), 0.0006886 secs]
17.203: Total time for which application threads were stopped: 0.0008093 seconds, Stopping threads took: 0.0000189 seconds
17.251: [GC (Allocation Failure)  76973K->685K(435200K), 0.0005012 secs]
17.252: Total time for which application threads were stopped: 0.0006298 seconds, Stopping threads took: 0.0000280 seconds
17.315: [GC (Allocation Failure)  92333K->653K(433664K), 0.0004919 secs]
17.315: Total time for which application threads were stopped: 0.0006241 seconds, Stopping threads took: 0.0000274 seconds
17.375: [GC (Allocation Failure)  90765K->621K(432128K), 0.0005997 secs]
17.376: Total time for which application threads were stopped: 0.0007353 seconds, Stopping threads took: 0.0000221 seconds
17.432: [GC (Allocation Failure)  89197K->621K(430592K), 0.0005443 secs]
17.433: Total time for which application threads were stopped: 0.0006680 seconds, Stopping threads took: 0.0000205 seconds
17.488: [GC (Allocation Failure)  87661K->685K(429056K), 0.0004704 secs]
17.488: Total time for which application threads were stopped: 0.0005996 seconds, Stopping threads took: 0.0000212 seconds
17.546: [GC (Allocation Failure)  86189K->589K(427520K), 0.0005162 secs]
17.546: Total time for which application threads were stopped: 0.0006587 seconds, Stopping threads took: 0.0000299 seconds
17.599: [GC (Allocation Failure)  84557K->717K(425984K), 0.0006622 secs]
17.599: Total time for which application threads were stopped: 0.0007920 seconds, Stopping threads took: 0.0000208 seconds
17.651: [GC (Allocation Failure)  83149K->653K(424448K), 0.0005239 secs]
17.652: Total time for which application threads were stopped: 0.0006436 seconds, Stopping threads took: 0.0000206 seconds
17.702: [GC (Allocation Failure)  81549K->653K(422912K), 0.0005263 secs]
17.703: Total time for which application threads were stopped: 0.0006697 seconds, Stopping threads took: 0.0000213 seconds
17.754: [GC (Allocation Failure)  80013K->621K(421888K), 0.0004601 secs]
17.754: Total time for which application threads were stopped: 0.0005850 seconds, Stopping threads took: 0.0000198 seconds
17.807: [GC (Allocation Failure)  78957K->717K(420864K), 0.0005110 secs]
17.808: Total time for which application threads were stopped: 0.0006494 seconds, Stopping threads took: 0.0000208 seconds
17.864: [GC (Allocation Failure)  78029K->621K(419840K), 0.0003961 secs]
17.864: Total time for which application threads were stopped: 0.0005042 seconds, Stopping threads took: 0.0000172 seconds
17.912: [GC (Allocation Failure)  76909K->621K(418816K), 0.0004116 secs]
17.913: Total time for which application threads were stopped: 0.0005169 seconds, Stopping threads took: 0.0000168 seconds
17.960: [GC (Allocation Failure)  75885K->621K(417792K), 0.0003986 secs]
17.961: Total time for which application threads were stopped: 0.0005024 seconds, Stopping threads took: 0.0000165 seconds
18.007: [GC (Allocation Failure)  74861K->685K(416768K), 0.0005946 secs]
18.008: Total time for which application threads were stopped: 0.0007155 seconds, Stopping threads took: 0.0000200 seconds
18.055: [GC (Allocation Failure)  73901K->653K(415744K), 0.0004882 secs]
18.055: Total time for which application threads were stopped: 0.0006165 seconds, Stopping threads took: 0.0000201 seconds
18.101: [GC (Allocation Failure)  72845K->589K(414720K), 0.0004914 secs]
18.101: Total time for which application threads were stopped: 0.0006179 seconds, Stopping threads took: 0.0000213 seconds
18.152: [GC (Allocation Failure)  71757K->685K(413696K), 0.0005395 secs]
18.153: Total time for which application threads were stopped: 0.0006621 seconds, Stopping threads took: 0.0000197 seconds
18.197: [GC (Allocation Failure)  70829K->653K(412672K), 0.0005652 secs]
18.197: Total time for which application threads were stopped: 0.0007124 seconds, Stopping threads took: 0.0000266 seconds
18.248: [GC (Allocation Failure)  69773K->685K(411648K), 0.0005922 secs]
18.249: Total time for which application threads were stopped: 0.0007248 seconds, Stopping threads took: 0.0000278 seconds
18.292: [GC (Allocation Failure)  68781K->653K(410624K), 0.0004703 secs]
18.293: Total time for which application threads were stopped: 0.0005977 seconds, Stopping threads took: 0.0000278 seconds
18.335: [GC (Allocation Failure)  67725K->621K(409600K), 0.0005002 secs]
18.335: Total time for which application threads were stopped: 0.0006180 seconds, Stopping threads took: 0.0000197 seconds
18.377: [GC (Allocation Failure)  66669K->653K(408576K), 0.0005062 secs]
18.377: Total time for which application threads were stopped: 0.0006316 seconds, Stopping threads took: 0.0000194 seconds
18.418: [GC (Allocation Failure)  65677K->653K(407552K), 0.0004857 secs]
18.419: Total time for which application threads were stopped: 0.0006010 seconds, Stopping threads took: 0.0000189 seconds
18.459: [GC (Allocation Failure)  64653K->589K(420352K), 0.0005614 secs]
18.460: Total time for which application threads were stopped: 0.0006945 seconds, Stopping threads took: 0.0000195 seconds
18.513: [GC (Allocation Failure)  77389K->621K(419328K), 0.0004849 secs]
18.514: Total time for which application threads were stopped: 0.0006006 seconds, Stopping threads took: 0.0000273 seconds
18.568: [GC (Allocation Failure)  76397K->685K(418304K), 0.0004254 secs]
18.568: Total time for which application threads were stopped: 0.0005350 seconds, Stopping threads took: 0.0000168 seconds
18.615: [GC (Allocation Failure)  75437K->653K(417280K), 0.0004612 secs]
18.616: Total time for which application threads were stopped: 0.0005893 seconds, Stopping threads took: 0.0000282 seconds
18.662: [GC (Allocation Failure)  74381K->685K(416256K), 0.0005069 secs]
18.663: Total time for which application threads were stopped: 0.0006355 seconds, Stopping threads took: 0.0000278 seconds
18.708: [GC (Allocation Failure)  73389K->653K(415232K), 0.0006240 secs]
18.709: Total time for which application threads were stopped: 0.0007586 seconds, Stopping threads took: 0.0000217 seconds
18.761: [GC (Allocation Failure)  72333K->589K(414208K), 0.0005186 secs]
18.762: Total time for which application threads were stopped: 0.0006567 seconds, Stopping threads took: 0.0000281 seconds
18.806: [GC (Allocation Failure)  71245K->621K(413184K), 0.0004866 secs]
18.807: Total time for which application threads were stopped: 0.0006094 seconds, Stopping threads took: 0.0000212 seconds
18.855: [GC (Allocation Failure)  70253K->589K(412160K), 0.0004862 secs]
18.856: Total time for which application threads were stopped: 0.0006149 seconds, Stopping threads took: 0.0000269 seconds
18.905: [GC (Allocation Failure)  69197K->653K(411136K), 0.0004873 secs]
18.905: Total time for which application threads were stopped: 0.0006062 seconds, Stopping threads took: 0.0000187 seconds
18.948: [GC (Allocation Failure)  68237K->621K(424960K), 0.0006741 secs]
18.948: Total time for which application threads were stopped: 0.0008021 seconds, Stopping threads took: 0.0000276 seconds
19.000: [GC (Allocation Failure)  82029K->653K(441344K), 0.0006374 secs]
19.000: Total time for which application threads were stopped: 0.0007569 seconds, Stopping threads took: 0.0000196 seconds
19.062: [GC (Allocation Failure)  98445K->653K(439296K), 0.0006323 secs]
19.062: Total time for which application threads were stopped: 0.0007579 seconds, Stopping threads took: 0.0000215 seconds
19.126: [GC (Allocation Failure)  96397K->589K(437760K), 0.0005301 secs]
19.127: Total time for which application threads were stopped: 0.0006658 seconds, Stopping threads took: 0.0000197 seconds
19.186: [GC (Allocation Failure)  94797K->653K(436224K), 0.0005071 secs]
19.186: Total time for which application threads were stopped: 0.0006572 seconds, Stopping threads took: 0.0000218 seconds
19.252: [GC (Allocation Failure)  93325K->621K(434688K), 0.0004209 secs]
19.253: Total time for which application threads were stopped: 0.0005505 seconds, Stopping threads took: 0.0000267 seconds
19.310: [GC (Allocation Failure)  91757K->621K(433152K), 0.0006710 secs]
19.310: Total time for which application threads were stopped: 0.0008121 seconds, Stopping threads took: 0.0000219 seconds
19.367: [GC (Allocation Failure)  90221K->621K(431616K), 0.0005200 secs]
19.367: Total time for which application threads were stopped: 0.0006647 seconds, Stopping threads took: 0.0000218 seconds
19.428: [GC (Allocation Failure)  88685K->653K(430080K), 0.0005060 secs]
19.428: Total time for which application threads were stopped: 0.0006483 seconds, Stopping threads took: 0.0000213 seconds
19.483: [GC (Allocation Failure)  87181K->653K(428544K), 0.0006779 secs]
19.483: Total time for which application threads were stopped: 0.0008204 seconds, Stopping threads took: 0.0000214 seconds
19.537: [GC (Allocation Failure)  85645K->653K(427008K), 0.0005279 secs]
19.537: Total time for which application threads were stopped: 0.0006655 seconds, Stopping threads took: 0.0000219 seconds
19.590: [GC (Allocation Failure)  84109K->589K(425472K), 0.0004760 secs]
19.590: Total time for which application threads were stopped: 0.0006177 seconds, Stopping threads took: 0.0000213 seconds
19.642: [GC (Allocation Failure)  82509K->653K(423936K), 0.0004536 secs]
19.642: Total time for which application threads were stopped: 0.0005822 seconds, Stopping threads took: 0.0000209 seconds
19.693: [GC (Allocation Failure)  81037K->589K(422400K), 0.0005037 secs]
19.693: Total time for which application threads were stopped: 0.0006279 seconds, Stopping threads took: 0.0000278 seconds
19.751: [GC (Allocation Failure)  79437K->685K(421376K), 0.0004783 secs]
19.752: Total time for which application threads were stopped: 0.0006120 seconds, Stopping threads took: 0.0000259 seconds
19.800: [GC (Allocation Failure)  78509K->589K(420352K), 0.0005280 secs]
19.801: Total time for which application threads were stopped: 0.0006741 seconds, Stopping threads took: 0.0000209 seconds
19.856: [GC (Allocation Failure)  77389K->621K(419328K), 0.0004514 secs]
19.857: Total time for which application threads were stopped: 0.0005611 seconds, Stopping threads took: 0.0000167 seconds
19.904: [GC (Allocation Failure)  76397K->685K(418304K), 0.0004831 secs]
19.905: Total time for which application threads were stopped: 0.0005912 seconds, Stopping threads took: 0.0000167 seconds
19.952: [GC (Allocation Failure)  75437K->621K(417280K), 0.0005220 secs]
19.952: Total time for which application threads were stopped: 0.0006372 seconds, Stopping threads took: 0.0000196 seconds
19.998: [GC (Allocation Failure)  74349K->621K(416256K), 0.0005398 secs]
19.999: Total time for which application threads were stopped: 0.0006785 seconds, Stopping threads took: 0.0000274 seconds
20.045: [GC (Allocation Failure)  73325K->589K(415232K), 0.0005126 secs]
20.045: Total time for which application threads were stopped: 0.0006525 seconds, Stopping threads took: 0.0000270 seconds
20.096: [GC (Allocation Failure)  72269K->653K(414208K), 0.0004615 secs]
20.097: Total time for which application threads were stopped: 0.0005810 seconds, Stopping threads took: 0.0000200 seconds
20.141: [GC (Allocation Failure)  71309K->717K(413184K), 0.0004914 secs]
20.142: Total time for which application threads were stopped: 0.0006008 seconds, Stopping threads took: 0.0000170 seconds
20.192: [GC (Allocation Failure)  70349K->653K(412160K), 0.0004891 secs]
20.192: Total time for which application threads were stopped: 0.0006076 seconds, Stopping threads took: 0.0000193 seconds
20.236: [GC (Allocation Failure)  69261K->717K(411136K), 0.0004990 secs]
20.237: Total time for which application threads were stopped: 0.0006274 seconds, Stopping threads took: 0.0000277 seconds
20.284: [GC (Allocation Failure)  68301K->621K(410112K), 0.0005798 secs]
20.284: Total time for which application threads were stopped: 0.0007380 seconds, Stopping threads took: 0.0000504 seconds
20.332: [GC (Allocation Failure)  67181K->621K(409088K), 0.0005421 secs]
20.332: Total time for which application threads were stopped: 0.0006706 seconds, Stopping threads took: 0.0000271 seconds
20.373: [GC (Allocation Failure)  66157K->653K(408064K), 0.0005382 secs]
20.374: Total time for which application threads were stopped: 0.0006563 seconds, Stopping threads took: 0.0000191 seconds
20.414: [GC (Allocation Failure)  65165K->653K(407040K), 0.0004805 secs]
20.415: Total time for which application threads were stopped: 0.0006067 seconds, Stopping threads took: 0.0000273 seconds
20.455: [GC (Allocation Failure)  64141K->621K(406016K), 0.0004691 secs]
20.455: Total time for which application threads were stopped: 0.0005955 seconds, Stopping threads took: 0.0000274 seconds
20.500: [GC (Allocation Failure)  63085K->621K(405504K), 0.0004569 secs]
20.501: Total time for which application threads were stopped: 0.0005730 seconds, Stopping threads took: 0.0000190 seconds
20.540: [GC (Allocation Failure)  62573K->621K(404992K), 0.0004548 secs]
20.540: Total time for which application threads were stopped: 0.0005868 seconds, Stopping threads took: 0.0000285 seconds
20.579: [GC (Allocation Failure)  62061K->589K(417280K), 0.0006291 secs]
20.580: Total time for which application threads were stopped: 0.0007555 seconds, Stopping threads took: 0.0000278 seconds
20.626: [GC (Allocation Failure)  74317K->653K(432128K), 0.0004855 secs]
20.627: Total time for which application threads were stopped: 0.0006206 seconds, Stopping threads took: 0.0000221 seconds
20.682: [GC (Allocation Failure)  89229K->685K(430592K), 0.0004878 secs]
20.683: Total time for which application threads were stopped: 0.0006155 seconds, Stopping threads took: 0.0000215 seconds
20.737: [GC (Allocation Failure)  87725K->717K(429056K), 0.0005289 secs]
20.738: Total time for which application threads were stopped: 0.0006570 seconds, Stopping threads took: 0.0000281 seconds
20.792: [GC (Allocation Failure)  86221K->685K(427520K), 0.0005732 secs]
20.792: Total time for which application threads were stopped: 0.0006998 seconds, Stopping threads took: 0.0000265 seconds
20.846: [GC (Allocation Failure)  84653K->621K(425984K), 0.0006413 secs]
20.847: Total time for which application threads were stopped: 0.0007882 seconds, Stopping threads took: 0.0000285 seconds
20.898: [GC (Allocation Failure)  83053K->685K(442880K), 0.0007102 secs]
20.899: Total time for which application threads were stopped: 0.0008613 seconds, Stopping threads took: 0.0000300 seconds
20.961: [GC (Allocation Failure)  100013K->621K(462848K), 0.0016484 secs]
20.963: Total time for which application threads were stopped: 0.0017704 seconds, Stopping threads took: 0.0000202 seconds
21.042: [GC (Allocation Failure)  119917K->621K(486912K), 0.0004702 secs]
21.042: Total time for which application threads were stopped: 0.0005889 seconds, Stopping threads took: 0.0000192 seconds
21.135: [GC (Allocation Failure)  143981K->621K(483328K), 0.0005449 secs]
21.136: Total time for which application threads were stopped: 0.0006945 seconds, Stopping threads took: 0.0000220 seconds
21.224: [GC (Allocation Failure)  140397K->621K(479744K), 0.0003848 secs]
21.224: Total time for which application threads were stopped: 0.0005178 seconds, Stopping threads took: 0.0000267 seconds
21.313: [GC (Allocation Failure)  136813K->589K(476672K), 0.0006717 secs]
21.314: Total time for which application threads were stopped: 0.0007922 seconds, Stopping threads took: 0.0000197 seconds
21.397: [GC (Allocation Failure)  133709K->685K(473600K), 0.0004753 secs]
21.397: Total time for which application threads were stopped: 0.0006022 seconds, Stopping threads took: 0.0000270 seconds
21.479: [GC (Allocation Failure)  130733K->589K(470528K), 0.0005340 secs]
21.479: Total time for which application threads were stopped: 0.0006529 seconds, Stopping threads took: 0.0000196 seconds
21.558: [GC (Allocation Failure)  127565K->621K(467456K), 0.0004696 secs]
21.559: Total time for which application threads were stopped: 0.0005884 seconds, Stopping threads took: 0.0000193 seconds
21.636: [GC (Allocation Failure)  124525K->653K(464896K), 0.0006090 secs]
21.637: Total time for which application threads were stopped: 0.0007547 seconds, Stopping threads took: 0.0000189 seconds
21.713: [GC (Allocation Failure)  121997K->589K(462336K), 0.0006450 secs]
21.713: Total time for which application threads were stopped: 0.0007996 seconds, Stopping threads took: 0.0000299 seconds
21.789: [GC (Allocation Failure)  119373K->685K(459776K), 0.0005134 secs]
21.789: Total time for which application threads were stopped: 0.0006643 seconds, Stopping threads took: 0.0000229 seconds
21.869: [GC (Allocation Failure)  116909K->621K(457216K), 0.0004266 secs]
21.869: Total time for which application threads were stopped: 0.0005294 seconds, Stopping threads took: 0.0000171 seconds
21.940: [GC (Allocation Failure)  114285K->621K(454656K), 0.0004729 secs]
21.941: Total time for which application threads were stopped: 0.0005963 seconds, Stopping threads took: 0.0000198 seconds
22.010: [GC (Allocation Failure)  111725K->621K(452096K), 0.0004811 secs]
22.011: Total time for which application threads were stopped: 0.0006026 seconds, Stopping threads took: 0.0000195 seconds
22.082: [GC (Allocation Failure)  109165K->653K(450048K), 0.0004904 secs]
22.083: Total time for which application threads were stopped: 0.0006205 seconds, Stopping threads took: 0.0000222 seconds
22.150: [GC (Allocation Failure)  107149K->621K(448000K), 0.0005012 secs]
22.150: Total time for which application threads were stopped: 0.0006469 seconds, Stopping threads took: 0.0000273 seconds
22.216: [GC (Allocation Failure)  105069K->621K(445952K), 0.0005461 secs]
22.216: Total time for which application threads were stopped: 0.0006690 seconds, Stopping threads took: 0.0000214 seconds
22.286: [GC (Allocation Failure)  103021K->621K(443904K), 0.0004806 secs]
22.286: Total time for which application threads were stopped: 0.0006216 seconds, Stopping threads took: 0.0000178 seconds
22.349: [GC (Allocation Failure)  100973K->589K(441856K), 0.0004414 secs]
22.350: Total time for which application threads were stopped: 0.0005638 seconds, Stopping threads took: 0.0000168 seconds
22.414: [GC (Allocation Failure)  98893K->621K(439808K), 0.0005229 secs]
22.415: Total time for which application threads were stopped: 0.0006392 seconds, Stopping threads took: 0.0000163 seconds
22.479: [GC (Allocation Failure)  96877K->621K(437760K), 0.0005807 secs]
22.480: Total time for which application threads were stopped: 0.0007197 seconds, Stopping threads took: 0.0000213 seconds
22.539: [GC (Allocation Failure)  94829K->653K(436224K), 0.0005144 secs]
22.540: Total time for which application threads were stopped: 0.0006357 seconds, Stopping threads took: 0.0000196 seconds
22.599: [GC (Allocation Failure)  93325K->621K(434688K), 0.0004444 secs]
22.599: Total time for which application threads were stopped: 0.0005752 seconds, Stopping threads took: 0.0000281 seconds
22.657: [GC (Allocation Failure)  91757K->621K(433152K), 0.0005183 secs]
22.658: Total time for which application threads were stopped: 0.0006554 seconds, Stopping threads took: 0.0000213 seconds
22.720: [GC (Allocation Failure)  90221K->621K(431616K), 0.0004224 secs]
22.720: Total time for which application threads were stopped: 0.0005461 seconds, Stopping threads took: 0.0000271 seconds
22.776: [GC (Allocation Failure)  88685K->653K(430080K), 0.0004818 secs]
22.776: Total time for which application threads were stopped: 0.0006165 seconds, Stopping threads took: 0.0000217 seconds
22.831: [GC (Allocation Failure)  87181K->653K(428544K), 0.0004478 secs]
22.831: Total time for which application threads were stopped: 0.0005809 seconds, Stopping threads took: 0.0000252 seconds
22.885: [GC (Allocation Failure)  85645K->589K(427008K), 0.0005952 secs]
22.886: Total time for which application threads were stopped: 0.0007143 seconds, Stopping threads took: 0.0000197 seconds
22.941: [GC (Allocation Failure)  84045K->685K(425472K), 0.0005923 secs]
22.942: Total time for which application threads were stopped: 0.0007278 seconds, Stopping threads took: 0.0000196 seconds
22.998: [GC (Allocation Failure)  82605K->653K(423936K), 0.0005590 secs]
22.998: Total time for which application threads were stopped: 0.0006881 seconds, Stopping threads took: 0.0000272 seconds
23.049: [GC (Allocation Failure)  81037K->685K(422400K), 0.0006241 secs]
23.049: Total time for which application threads were stopped: 0.0007516 seconds, Stopping threads took: 0.0000277 seconds
23.099: [GC (Allocation Failure)  79533K->685K(421376K), 0.0004756 secs]
23.099: Total time for which application threads were stopped: 0.0006065 seconds, Stopping threads took: 0.0000273 seconds
23.148: [GC (Allocation Failure)  78509K->621K(420352K), 0.0005208 secs]
23.149: Total time for which application threads were stopped: 0.0006648 seconds, Stopping threads took: 0.0000213 seconds
23.197: [GC (Allocation Failure)  77421K->653K(419328K), 0.0005115 secs]
23.198: Total time for which application threads were stopped: 0.0006566 seconds, Stopping threads took: 0.0000212 seconds
23.246: [GC (Allocation Failure)  76429K->685K(418304K), 0.0004606 secs]
23.247: Total time for which application threads were stopped: 0.0005856 seconds, Stopping threads took: 0.0000265 seconds
23.294: [GC (Allocation Failure)  75437K->653K(417280K), 0.0004712 secs]
23.294: Total time for which application threads were stopped: 0.0006025 seconds, Stopping threads took: 0.0000209 seconds
23.340: [GC (Allocation Failure)  74381K->717K(416256K), 0.0007196 secs]
23.341: Total time for which application threads were stopped: 0.0008526 seconds, Stopping threads took: 0.0000209 seconds
23.387: [GC (Allocation Failure)  73421K->653K(415232K), 0.0004947 secs]
23.388: Total time for which application threads were stopped: 0.0006378 seconds, Stopping threads took: 0.0000207 seconds
23.438: [GC (Allocation Failure)  72333K->653K(414208K), 0.0004456 secs]
23.439: Total time for which application threads were stopped: 0.0006061 seconds, Stopping threads took: 0.0000219 seconds
23.484: [GC (Allocation Failure)  71309K->653K(413184K), 0.0005589 secs]
23.484: Total time for which application threads were stopped: 0.0006912 seconds, Stopping threads took: 0.0000208 seconds
23.528: [GC (Allocation Failure)  70285K->621K(412160K), 0.0004764 secs]
23.529: Total time for which application threads were stopped: 0.0006120 seconds, Stopping threads took: 0.0000217 seconds
23.572: [GC (Allocation Failure)  69229K->621K(411136K), 0.0004724 secs]
23.573: Total time for which application threads were stopped: 0.0005909 seconds, Stopping threads took: 0.0000196 seconds
23.620: [GC (Allocation Failure)  68205K->653K(410112K), 0.0005699 secs]
23.621: Total time for which application threads were stopped: 0.0007133 seconds, Stopping threads took: 0.0000286 seconds
23.663: [GC (Allocation Failure)  67213K->653K(409088K), 0.0005051 secs]
23.663: Total time for which application threads were stopped: 0.0006495 seconds, Stopping threads took: 0.0000297 seconds
23.704: [GC (Allocation Failure)  66189K->653K(408064K), 0.0005078 secs]
23.705: Total time for which application threads were stopped: 0.0006491 seconds, Stopping threads took: 0.0000208 seconds
23.746: [GC (Allocation Failure)  65165K->589K(421376K), 0.0006003 secs]
23.747: Total time for which application threads were stopped: 0.0007450 seconds, Stopping threads took: 0.0000210 seconds
23.796: [GC (Allocation Failure)  78413K->589K(437248K), 0.0005355 secs]
23.797: Total time for which application threads were stopped: 0.0006825 seconds, Stopping threads took: 0.0000218 seconds
23.859: [GC (Allocation Failure)  94285K->653K(435712K), 0.0005267 secs]
23.860: Total time for which application threads were stopped: 0.0006298 seconds, Stopping threads took: 0.0000170 seconds
23.918: [GC (Allocation Failure)  92813K->717K(434176K), 0.0005624 secs]
23.918: Total time for which application threads were stopped: 0.0006839 seconds, Stopping threads took: 0.0000201 seconds
23.975: [GC (Allocation Failure)  91341K->717K(432640K), 0.0005312 secs]
23.975: Total time for which application threads were stopped: 0.0006532 seconds, Stopping threads took: 0.0000205 seconds
24.031: [GC (Allocation Failure)  89805K->685K(431104K), 0.0004280 secs]
24.032: Total time for which application threads were stopped: 0.0005454 seconds, Stopping threads took: 0.0000199 seconds
24.091: [GC (Allocation Failure)  88237K->653K(429568K), 0.0005912 secs]
24.092: Total time for which application threads were stopped: 0.0007033 seconds, Stopping threads took: 0.0000177 seconds
24.146: [GC (Allocation Failure)  86669K->621K(428032K), 0.0004486 secs]
24.147: Total time for which application threads were stopped: 0.0005712 seconds, Stopping threads took: 0.0000204 seconds
24.200: [GC (Allocation Failure)  85101K->653K(426496K), 0.0005311 secs]
24.200: Total time for which application threads were stopped: 0.0006510 seconds, Stopping threads took: 0.0000201 seconds
24.261: [GC (Allocation Failure)  83597K->653K(424960K), 0.0008930 secs]
24.262: Total time for which application threads were stopped: 0.0010353 seconds, Stopping threads took: 0.0000207 seconds
24.313: [GC (Allocation Failure)  82061K->557K(441344K), 0.0008024 secs]
24.314: Total time for which application threads were stopped: 0.0009619 seconds, Stopping threads took: 0.0000281 seconds
24.375: [GC (Allocation Failure)  98349K->589K(461312K), 0.0006307 secs]
24.376: Total time for which application threads were stopped: 0.0007636 seconds, Stopping threads took: 0.0000222 seconds
24.449: [GC (Allocation Failure)  118349K->589K(458752K), 0.0005747 secs]
24.450: Total time for which application threads were stopped: 0.0007142 seconds, Stopping threads took: 0.0000197 seconds
24.529: [GC (Allocation Failure)  115789K->653K(456192K), 0.0006509 secs]
24.529: Total time for which application threads were stopped: 0.0007722 seconds, Stopping threads took: 0.0000199 seconds
24.600: [GC (Allocation Failure)  113293K->621K(453632K), 0.0005696 secs]
24.601: Total time for which application threads were stopped: 0.0007131 seconds, Stopping threads took: 0.0000272 seconds
24.674: [GC (Allocation Failure)  110701K->589K(451584K), 0.0004830 secs]
24.675: Total time for which application threads were stopped: 0.0006056 seconds, Stopping threads took: 0.0000194 seconds
24.747: [GC (Allocation Failure)  108621K->621K(449536K), 0.0004933 secs]
24.747: Total time for which application threads were stopped: 0.0006279 seconds, Stopping threads took: 0.0000195 seconds
24.816: [GC (Allocation Failure)  106605K->621K(447488K), 0.0005322 secs]
24.817: Total time for which application threads were stopped: 0.0006549 seconds, Stopping threads took: 0.0000199 seconds
24.883: [GC (Allocation Failure)  104557K->717K(445440K), 0.0004945 secs]
24.883: Total time for which application threads were stopped: 0.0006378 seconds, Stopping threads took: 0.0000278 seconds
24.953: [GC (Allocation Failure)  102605K->621K(443392K), 0.0005956 secs]
24.953: Total time for which application threads were stopped: 0.0007502 seconds, Stopping threads took: 0.0000311 seconds
25.016: [GC (Allocation Failure)  100461K->653K(441344K), 0.0005134 secs]
25.017: Total time for which application threads were stopped: 0.0006614 seconds, Stopping threads took: 0.0000305 seconds
25.078: [GC (Allocation Failure)  98445K->589K(439296K), 0.0006446 secs]
25.079: Total time for which application threads were stopped: 0.0008036 seconds, Stopping threads took: 0.0000285 seconds
25.139: [GC (Allocation Failure)  96333K->653K(437760K), 0.0005040 secs]
25.139: Total time for which application threads were stopped: 0.0006426 seconds, Stopping threads took: 0.0000191 seconds
25.203: [GC (Allocation Failure)  94861K->653K(436224K), 0.0004605 secs]
25.204: Total time for which application threads were stopped: 0.0005883 seconds, Stopping threads took: 0.0000274 seconds
25.264: [GC (Allocation Failure)  93325K->621K(434688K), 0.0004095 secs]
25.264: Total time for which application threads were stopped: 0.0005355 seconds, Stopping threads took: 0.0000277 seconds
25.321: [GC (Allocation Failure)  91757K->589K(433152K), 0.0005708 secs]
25.322: Total time for which application threads were stopped: 0.0007113 seconds, Stopping threads took: 0.0000195 seconds
25.384: [GC (Allocation Failure)  90189K->685K(431616K), 0.0004684 secs]
25.385: Total time for which application threads were stopped: 0.0005881 seconds, Stopping threads took: 0.0000202 seconds
25.440: [GC (Allocation Failure)  88749K->621K(430080K), 0.0004557 secs]
25.440: Total time for which application threads were stopped: 0.0005757 seconds, Stopping threads took: 0.0000200 seconds
25.495: [GC (Allocation Failure)  87149K->621K(428544K), 0.0005410 secs]
25.495: Total time for which application threads were stopped: 0.0006674 seconds, Stopping threads took: 0.0000280 seconds
25.554: [GC (Allocation Failure)  85613K->589K(427008K), 0.0004649 secs]
25.555: Total time for which application threads were stopped: 0.0005820 seconds, Stopping threads took: 0.0000191 seconds
25.607: [GC (Allocation Failure)  84045K->621K(425472K), 0.0004642 secs]
25.608: Total time for which application threads were stopped: 0.0005977 seconds, Stopping threads took: 0.0000195 seconds
25.659: [GC (Allocation Failure)  82541K->621K(423936K), 0.0004895 secs]
25.660: Total time for which application threads were stopped: 0.0005984 seconds, Stopping threads took: 0.0000186 seconds
25.714: [GC (Allocation Failure)  81005K->653K(422400K), 0.0004320 secs]
25.714: Total time for which application threads were stopped: 0.0005529 seconds, Stopping threads took: 0.0000194 seconds
25.764: [GC (Allocation Failure)  79501K->621K(421376K), 0.0004348 secs]
25.765: Total time for which application threads were stopped: 0.0005543 seconds, Stopping threads took: 0.0000198 seconds
25.814: [GC (Allocation Failure)  78445K->653K(420352K), 0.0004812 secs]
25.814: Total time for which application threads were stopped: 0.0006086 seconds, Stopping threads took: 0.0000272 seconds
25.863: [GC (Allocation Failure)  77453K->685K(419328K), 0.0004879 secs]
25.864: Total time for which application threads were stopped: 0.0006137 seconds, Stopping threads took: 0.0000272 seconds
25.911: [GC (Allocation Failure)  76461K->621K(418304K), 0.0005366 secs]
25.912: Total time for which application threads were stopped: 0.0006726 seconds, Stopping threads took: 0.0000267 seconds
25.959: [GC (Allocation Failure)  75373K->621K(417280K), 0.0004851 secs]
25.960: Total time for which application threads were stopped: 0.0006052 seconds, Stopping threads took: 0.0000197 seconds
26.011: [GC (Allocation Failure)  74349K->653K(416256K), 0.0004962 secs]
26.012: Total time for which application threads were stopped: 0.0006240 seconds, Stopping threads took: 0.0000278 seconds
26.058: [GC (Allocation Failure)  73357K->653K(415232K), 0.0004923 secs]
26.058: Total time for which application threads were stopped: 0.0006093 seconds, Stopping threads took: 0.0000194 seconds
26.109: [GC (Allocation Failure)  72333K->621K(414208K), 0.0004867 secs]
26.109: Total time for which application threads were stopped: 0.0006069 seconds, Stopping threads took: 0.0000197 seconds
26.159: [GC (Allocation Failure)  71277K->621K(413184K), 0.0004567 secs]
26.160: Total time for which application threads were stopped: 0.0005874 seconds, Stopping threads took: 0.0000273 seconds
26.208: [GC (Allocation Failure)  70253K->653K(412160K), 0.0005187 secs]
26.209: Total time for which application threads were stopped: 0.0006508 seconds, Stopping threads took: 0.0000212 seconds
26.257: [GC (Allocation Failure)  69261K->685K(411136K), 0.0004651 secs]
26.258: Total time for which application threads were stopped: 0.0006033 seconds, Stopping threads took: 0.0000196 seconds
26.305: [GC (Allocation Failure)  68269K->653K(410112K), 0.0005343 secs]
26.305: Total time for which application threads were stopped: 0.0006666 seconds, Stopping threads took: 0.0000207 seconds
26.354: [GC (Allocation Failure)  67213K->653K(409088K), 0.0005525 secs]
26.355: Total time for which application threads were stopped: 0.0006935 seconds, Stopping threads took: 0.0000287 seconds
26.396: [GC (Allocation Failure)  66189K->717K(408064K), 0.0004894 secs]
26.397: Total time for which application threads were stopped: 0.0006247 seconds, Stopping threads took: 0.0000300 seconds
26.442: [GC (Allocation Failure)  65229K->621K(407040K), 0.0005495 secs]
26.443: Total time for which application threads were stopped: 0.0006670 seconds, Stopping threads took: 0.0000196 seconds
26.483: [GC (Allocation Failure)  64109K->621K(406016K), 0.0005371 secs]
26.483: Total time for which application threads were stopped: 0.0006618 seconds, Stopping threads took: 0.0000275 seconds
26.523: [GC (Allocation Failure)  63085K->621K(418816K), 0.0006256 secs]
26.523: Total time for which application threads were stopped: 0.0007675 seconds, Stopping threads took: 0.0000265 seconds
26.571: [GC (Allocation Failure)  75885K->717K(434176K), 0.0005296 secs]
26.571: Total time for which application threads were stopped: 0.0006387 seconds, Stopping threads took: 0.0000175 seconds
26.632: [GC (Allocation Failure)  91341K->717K(432640K), 0.0005109 secs]
26.632: Total time for which application threads were stopped: 0.0006423 seconds, Stopping threads took: 0.0000276 seconds
26.693: [GC (Allocation Failure)  89805K->621K(431104K), 0.0005215 secs]
26.693: Total time for which application threads were stopped: 0.0006652 seconds, Stopping threads took: 0.0000287 seconds
26.757: [GC (Allocation Failure)  88173K->685K(429568K), 0.0005128 secs]
26.757: Total time for which application threads were stopped: 0.0006359 seconds, Stopping threads took: 0.0000195 seconds
26.811: [GC (Allocation Failure)  86701K->621K(428032K), 0.0006012 secs]
26.812: Total time for which application threads were stopped: 0.0007441 seconds, Stopping threads took: 0.0000271 seconds
26.866: [GC (Allocation Failure)  85101K->557K(426496K), 0.0006065 secs]
26.866: Total time for which application threads were stopped: 0.0007177 seconds, Stopping threads took: 0.0000172 seconds
26.924: [GC (Allocation Failure)  83501K->621K(424960K), 0.0004673 secs]
26.924: Total time for which application threads were stopped: 0.0005879 seconds, Stopping threads took: 0.0000203 seconds
26.976: [GC (Allocation Failure)  82029K->653K(423424K), 0.0005454 secs]
26.976: Total time for which application threads were stopped: 0.0006834 seconds, Stopping threads took: 0.0000193 seconds
27.027: [GC (Allocation Failure)  80525K->653K(422400K), 0.0004938 secs]
27.027: Total time for which application threads were stopped: 0.0006460 seconds, Stopping threads took: 0.0000289 seconds
27.077: [GC (Allocation Failure)  79501K->653K(421376K), 0.0005194 secs]
27.078: Total time for which application threads were stopped: 0.0006765 seconds, Stopping threads took: 0.0000231 seconds
27.131: [GC (Allocation Failure)  78477K->653K(420352K), 0.0005130 secs]
27.132: Total time for which application threads were stopped: 0.0006570 seconds, Stopping threads took: 0.0000298 seconds
27.180: [GC (Allocation Failure)  77453K->653K(419328K), 0.0005644 secs]
27.181: Total time for which application threads were stopped: 0.0007057 seconds, Stopping threads took: 0.0000217 seconds
27.229: [GC (Allocation Failure)  76429K->653K(418304K), 0.0005197 secs]
27.229: Total time for which application threads were stopped: 0.0006436 seconds, Stopping threads took: 0.0000196 seconds
27.276: [GC (Allocation Failure)  75405K->653K(417280K), 0.0005387 secs]
27.277: Total time for which application threads were stopped: 0.0006755 seconds, Stopping threads took: 0.0000214 seconds
27.323: [GC (Allocation Failure)  74381K->621K(416256K), 0.0005445 secs]
27.324: Total time for which application threads were stopped: 0.0006840 seconds, Stopping threads took: 0.0000210 seconds
27.369: [GC (Allocation Failure)  73325K->589K(415232K), 0.0004780 secs]
27.370: Total time for which application threads were stopped: 0.0006081 seconds, Stopping threads took: 0.0000218 seconds
27.422: [GC (Allocation Failure)  72269K->653K(414208K), 0.0005389 secs]
27.422: Total time for which application threads were stopped: 0.0006708 seconds, Stopping threads took: 0.0000282 seconds
27.467: [GC (Allocation Failure)  71309K->589K(413184K), 0.0005547 secs]
27.467: Total time for which application threads were stopped: 0.0006945 seconds, Stopping threads took: 0.0000209 seconds
27.511: [GC (Allocation Failure)  70221K->685K(412160K), 0.0004922 secs]
27.512: Total time for which application threads were stopped: 0.0006325 seconds, Stopping threads took: 0.0000218 seconds
27.555: [GC (Allocation Failure)  69293K->717K(411136K), 0.0005340 secs]
27.555: Total time for which application threads were stopped: 0.0006890 seconds, Stopping threads took: 0.0000297 seconds
27.598: [GC (Allocation Failure)  68301K->621K(410112K), 0.0004849 secs]
27.598: Total time for which application threads were stopped: 0.0006143 seconds, Stopping threads took: 0.0000217 seconds
27.644: [GC (Allocation Failure)  67181K->653K(409088K), 0.0005644 secs]
27.645: Total time for which application threads were stopped: 0.0006900 seconds, Stopping threads took: 0.0000272 seconds
27.686: [GC (Allocation Failure)  66189K->717K(422400K), 0.0005305 secs]
27.687: Total time for which application threads were stopped: 0.0006484 seconds, Stopping threads took: 0.0000194 seconds
27.737: [GC (Allocation Failure)  79565K->685K(421376K), 0.0004548 secs]
27.737: Total time for which application threads were stopped: 0.0005913 seconds, Stopping threads took: 0.0000279 seconds
27.786: [GC (Allocation Failure)  78509K->589K(420352K), 0.0004823 secs]
27.787: Total time for which application threads were stopped: 0.0006103 seconds, Stopping threads took: 0.0000203 seconds
27.835: [GC (Allocation Failure)  77389K->685K(419328K), 0.0006023 secs]
27.836: Total time for which application threads were stopped: 0.0007174 seconds, Stopping threads took: 0.0000262 seconds
27.887: [GC (Allocation Failure)  76461K->589K(434688K), 0.0006784 secs]
27.888: Total time for which application threads were stopped: 0.0008068 seconds, Stopping threads took: 0.0000201 seconds
27.949: [GC (Allocation Failure)  91725K->621K(433152K), 0.0005765 secs]
27.949: Total time for which application threads were stopped: 0.0007270 seconds, Stopping threads took: 0.0000293 seconds
28.006: [GC (Allocation Failure)  90221K->653K(431616K), 0.0005130 secs]
28.006: Total time for which application threads were stopped: 0.0006345 seconds, Stopping threads took: 0.0000207 seconds
28.065: [GC (Allocation Failure)  88717K->653K(430080K), 0.0005576 secs]
28.065: Total time for which application threads were stopped: 0.0006642 seconds, Stopping threads took: 0.0000172 seconds
28.124: [GC (Allocation Failure)  87181K->621K(428544K), 0.0004267 secs]
28.124: Total time for which application threads were stopped: 0.0005410 seconds, Stopping threads took: 0.0000260 seconds
28.178: [GC (Allocation Failure)  85613K->653K(427008K), 0.0006182 secs]
28.178: Total time for which application threads were stopped: 0.0007397 seconds, Stopping threads took: 0.0000192 seconds
28.232: [GC (Allocation Failure)  84109K->621K(425472K), 0.0003973 secs]
28.232: Total time for which application threads were stopped: 0.0005103 seconds, Stopping threads took: 0.0000265 seconds
28.288: [GC (Allocation Failure)  82541K->653K(423936K), 0.0005322 secs]
28.288: Total time for which application threads were stopped: 0.0006670 seconds, Stopping threads took: 0.0000195 seconds
28.339: [GC (Allocation Failure)  81037K->621K(422400K), 0.0004930 secs]
28.339: Total time for which application threads were stopped: 0.0006095 seconds, Stopping threads took: 0.0000194 seconds
28.389: [GC (Allocation Failure)  79469K->653K(421376K), 0.0004988 secs]
28.389: Total time for which application threads were stopped: 0.0006379 seconds, Stopping threads took: 0.0000195 seconds
28.438: [GC (Allocation Failure)  78477K->653K(420352K), 0.0004778 secs]
28.438: Total time for which application threads were stopped: 0.0005938 seconds, Stopping threads took: 0.0000194 seconds
28.486: [GC (Allocation Failure)  77453K->685K(419328K), 0.0006164 secs]
28.487: Total time for which application threads were stopped: 0.0007357 seconds, Stopping threads took: 0.0000201 seconds
28.540: [GC (Allocation Failure)  76461K->653K(418304K), 0.0004822 secs]
28.541: Total time for which application threads were stopped: 0.0006212 seconds, Stopping threads took: 0.0000194 seconds
28.588: [GC (Allocation Failure)  75405K->589K(417280K), 0.0004878 secs]
28.588: Total time for which application threads were stopped: 0.0006216 seconds, Stopping threads took: 0.0000227 seconds
28.635: [GC (Allocation Failure)  74317K->589K(416256K), 0.0004974 secs]
28.635: Total time for which application threads were stopped: 0.0006218 seconds, Stopping threads took: 0.0000281 seconds
28.686: [GC (Allocation Failure)  73293K->621K(415232K), 0.0004556 secs]
28.687: Total time for which application threads were stopped: 0.0005611 seconds, Stopping threads took: 0.0000168 seconds
28.738: [GC (Allocation Failure)  72301K->621K(414208K), 0.0003841 secs]
28.738: Total time for which application threads were stopped: 0.0005061 seconds, Stopping threads took: 0.0000168 seconds
28.783: [GC (Allocation Failure)  71277K->653K(413184K), 0.0007425 secs]
28.784: Total time for which application threads were stopped: 0.0008609 seconds, Stopping threads took: 0.0000204 seconds
28.833: [GC (Allocation Failure)  70285K->621K(412160K), 0.0005646 secs]
28.834: Total time for which application threads were stopped: 0.0006979 seconds, Stopping threads took: 0.0000261 seconds
28.880: [GC (Allocation Failure)  69229K->621K(411136K), 0.0004258 secs]
28.880: Total time for which application threads were stopped: 0.0005364 seconds, Stopping threads took: 0.0000171 seconds
28.923: [GC (Allocation Failure)  68205K->621K(410112K), 0.0003991 secs]
28.923: Total time for which application threads were stopped: 0.0005077 seconds, Stopping threads took: 0.0000165 seconds
28.971: [GC (Allocation Failure)  67181K->653K(409088K), 0.0004828 secs]
28.971: Total time for which application threads were stopped: 0.0006030 seconds, Stopping threads took: 0.0000203 seconds
29.012: [GC (Allocation Failure)  66189K->653K(408064K), 0.0006187 secs]
29.013: Total time for which application threads were stopped: 0.0007548 seconds, Stopping threads took: 0.0000273 seconds
29.054: [GC (Allocation Failure)  65165K->557K(407040K), 0.0005109 secs]
29.054: Total time for which application threads were stopped: 0.0006523 seconds, Stopping threads took: 0.0000209 seconds
29.100: [GC (Allocation Failure)  64045K->653K(406016K), 0.0005248 secs]
29.100: Total time for which application threads were stopped: 0.0006506 seconds, Stopping threads took: 0.0000219 seconds
29.146: [GC (Allocation Failure)  63117K->621K(418816K), 0.0005652 secs]
29.146: Total time for which application threads were stopped: 0.0006901 seconds, Stopping threads took: 0.0000272 seconds
29.194: [GC (Allocation Failure)  75885K->589K(434176K), 0.0005973 secs]
29.194: Total time for which application threads were stopped: 0.0007462 seconds, Stopping threads took: 0.0000195 seconds
29.258: [GC (Allocation Failure)  91213K->621K(432640K), 0.0004493 secs]
29.259: Total time for which application threads were stopped: 0.0005700 seconds, Stopping threads took: 0.0000197 seconds
29.320: [GC (Allocation Failure)  89709K->685K(431104K), 0.0005710 secs]
29.321: Total time for which application threads were stopped: 0.0007211 seconds, Stopping threads took: 0.0000265 seconds
29.381: [GC (Allocation Failure)  88237K->653K(429568K), 0.0005908 secs]
29.382: Total time for which application threads were stopped: 0.0007199 seconds, Stopping threads took: 0.0000248 seconds
29.440: [GC (Allocation Failure)  86669K->685K(428032K), 0.0005042 secs]
29.440: Total time for which application threads were stopped: 0.0006247 seconds, Stopping threads took: 0.0000171 seconds
29.493: [GC (Allocation Failure)  85165K->717K(426496K), 0.0004863 secs]
29.494: Total time for which application threads were stopped: 0.0006204 seconds, Stopping threads took: 0.0000200 seconds
29.552: [GC (Allocation Failure)  83661K->653K(424960K), 0.0004301 secs]
29.552: Total time for which application threads were stopped: 0.0005499 seconds, Stopping threads took: 0.0000203 seconds
29.603: [GC (Allocation Failure)  82061K->653K(423424K), 0.0004718 secs]
29.604: Total time for which application threads were stopped: 0.0005919 seconds, Stopping threads took: 0.0000197 seconds
29.654: [GC (Allocation Failure)  80525K->653K(422400K), 0.0005375 secs]
29.654: Total time for which application threads were stopped: 0.0006845 seconds, Stopping threads took: 0.0000218 seconds
29.704: [GC (Allocation Failure)  79501K->621K(421376K), 0.0004658 secs]
29.704: Total time for which application threads were stopped: 0.0005940 seconds, Stopping threads took: 0.0000227 seconds
29.759: [GC (Allocation Failure)  78445K->621K(420352K), 0.0004625 secs]
29.759: Total time for which application threads were stopped: 0.0005776 seconds, Stopping threads took: 0.0000189 seconds
29.813: [GC (Allocation Failure)  77421K->653K(419328K), 0.0004222 secs]
29.814: Total time for which application threads were stopped: 0.0005556 seconds, Stopping threads took: 0.0000244 seconds
29.862: [GC (Allocation Failure)  76429K->589K(418304K), 0.0004581 secs]
29.863: Total time for which application threads were stopped: 0.0005791 seconds, Stopping threads took: 0.0000192 seconds
29.913: [GC (Allocation Failure)  75341K->653K(417280K), 0.0004413 secs]
29.913: Total time for which application threads were stopped: 0.0005877 seconds, Stopping threads took: 0.0000274 seconds
29.959: [GC (Allocation Failure)  74381K->653K(416256K), 0.0004585 secs]
29.960: Total time for which application threads were stopped: 0.0005802 seconds, Stopping threads took: 0.0000197 seconds
30.011: [GC (Allocation Failure)  73357K->685K(415232K), 0.0005751 secs]
30.012: Total time for which application threads were stopped: 0.0007024 seconds, Stopping threads took: 0.0000259 seconds
30.057: [GC (Allocation Failure)  72365K->589K(414208K), 0.0005687 secs]
30.058: Total time for which application threads were stopped: 0.0006906 seconds, Stopping threads took: 0.0000267 seconds
30.109: [GC (Allocation Failure)  71245K->589K(413184K), 0.0004509 secs]
30.109: Total time for which application threads were stopped: 0.0005568 seconds, Stopping threads took: 0.0000152 seconds
30.156: [GC (Allocation Failure)  70221K->621K(412160K), 0.0003979 secs]
30.157: Total time for which application threads were stopped: 0.0005034 seconds, Stopping threads took: 0.0000170 seconds
30.200: [GC (Allocation Failure)  69229K->621K(411136K), 0.0005457 secs]
30.200: Total time for which application threads were stopped: 0.0006489 seconds, Stopping threads took: 0.0000167 seconds
30.250: [GC (Allocation Failure)  68205K->621K(410112K), 0.0003835 secs]
30.250: Total time for which application threads were stopped: 0.0005029 seconds, Stopping threads took: 0.0000258 seconds
30.294: [GC (Allocation Failure)  67181K->589K(409088K), 0.0004809 secs]
30.294: Total time for which application threads were stopped: 0.0006262 seconds, Stopping threads took: 0.0000282 seconds
30.341: [GC (Allocation Failure)  66125K->653K(408064K), 0.0005265 secs]
30.341: Total time for which application threads were stopped: 0.0006678 seconds, Stopping threads took: 0.0000222 seconds
30.382: [GC (Allocation Failure)  65165K->653K(407040K), 0.0005272 secs]
30.383: Total time for which application threads were stopped: 0.0006811 seconds, Stopping threads took: 0.0000304 seconds
30.423: [GC (Allocation Failure)  64141K->653K(406016K), 0.0005265 secs]
30.423: Total time for which application threads were stopped: 0.0006696 seconds, Stopping threads took: 0.0000228 seconds
30.463: [GC (Allocation Failure)  63117K->653K(418816K), 0.0005417 secs]
30.463: Total time for which application threads were stopped: 0.0006905 seconds, Stopping threads took: 0.0000292 seconds
30.510: [GC (Allocation Failure)  75917K->653K(417792K), 0.0005094 secs]
30.511: Total time for which application threads were stopped: 0.0006790 seconds, Stopping threads took: 0.0000531 seconds
30.558: [GC (Allocation Failure)  74893K->621K(432640K), 0.0005846 secs]
30.558: Total time for which application threads were stopped: 0.0007335 seconds, Stopping threads took: 0.0000289 seconds
30.618: [GC (Allocation Failure)  89709K->621K(431104K), 0.0004555 secs]
30.618: Total time for which application threads were stopped: 0.0005882 seconds, Stopping threads took: 0.0000276 seconds
30.673: [GC (Allocation Failure)  88173K->653K(429568K), 0.0004605 secs]
30.674: Total time for which application threads were stopped: 0.0005854 seconds, Stopping threads took: 0.0000276 seconds
30.728: [GC (Allocation Failure)  86669K->621K(428032K), 0.0004406 secs]
30.729: Total time for which application threads were stopped: 0.0005871 seconds, Stopping threads took: 0.0000260 seconds
30.782: [GC (Allocation Failure)  85101K->621K(426496K), 0.0004783 secs]
30.782: Total time for which application threads were stopped: 0.0006109 seconds, Stopping threads took: 0.0000282 seconds
30.840: [GC (Allocation Failure)  83565K->589K(424960K), 0.0003834 secs]
30.841: Total time for which application threads were stopped: 0.0004775 seconds, Stopping threads took: 0.0000138 seconds
30.895: [GC (Allocation Failure)  81997K->589K(423424K), 0.0005744 secs]
30.896: Total time for which application threads were stopped: 0.0007179 seconds, Stopping threads took: 0.0000274 seconds
30.951: [GC (Allocation Failure)  80461K->621K(422400K), 0.0005257 secs]
30.952: Total time for which application threads were stopped: 0.0006710 seconds, Stopping threads took: 0.0000231 seconds
31.001: [GC (Allocation Failure)  79469K->621K(421376K), 0.0005236 secs]
31.002: Total time for which application threads were stopped: 0.0006709 seconds, Stopping threads took: 0.0000234 seconds
31.051: [GC (Allocation Failure)  78445K->621K(420352K), 0.0006078 secs]
31.052: Total time for which application threads were stopped: 0.0007606 seconds, Stopping threads took: 0.0000309 seconds
31.100: [GC (Allocation Failure)  77421K->685K(419328K), 0.0004753 secs]
31.101: Total time for which application threads were stopped: 0.0005950 seconds, Stopping threads took: 0.0000197 seconds
31.153: [GC (Allocation Failure)  76461K->717K(418304K), 0.0006689 secs]
31.154: Total time for which application threads were stopped: 0.0007980 seconds, Stopping threads took: 0.0000193 seconds
31.200: [GC (Allocation Failure)  75469K->621K(417280K), 0.0005448 secs]
31.201: Total time for which application threads were stopped: 0.0006891 seconds, Stopping threads took: 0.0000217 seconds
31.248: [GC (Allocation Failure)  74349K->621K(416256K), 0.0005363 secs]
31.248: Total time for which application threads were stopped: 0.0006814 seconds, Stopping threads took: 0.0000267 seconds
31.294: [GC (Allocation Failure)  73325K->621K(431104K), 0.0006483 secs]
31.295: Total time for which application threads were stopped: 0.0007905 seconds, Stopping threads took: 0.0000208 seconds
31.354: [GC (Allocation Failure)  88173K->621K(429568K), 0.0004456 secs]
31.355: Total time for which application threads were stopped: 0.0005556 seconds, Stopping threads took: 0.0000176 seconds
31.409: [GC (Allocation Failure)  86637K->621K(428032K), 0.0004417 secs]
31.409: Total time for which application threads were stopped: 0.0005408 seconds, Stopping threads took: 0.0000176 seconds
31.465: [GC (Allocation Failure)  85101K->653K(426496K), 0.0004639 secs]
31.466: Total time for which application threads were stopped: 0.0005831 seconds, Stopping threads took: 0.0000198 seconds
31.518: [GC (Allocation Failure)  83597K->653K(424960K), 0.0004790 secs]
31.518: Total time for which application threads were stopped: 0.0005952 seconds, Stopping threads took: 0.0000186 seconds
31.569: [GC (Allocation Failure)  82061K->621K(423424K), 0.0004749 secs]
31.570: Total time for which application threads were stopped: 0.0005938 seconds, Stopping threads took: 0.0000196 seconds
31.620: [GC (Allocation Failure)  80493K->621K(422400K), 0.0005262 secs]
31.621: Total time for which application threads were stopped: 0.0006450 seconds, Stopping threads took: 0.0000198 seconds
31.670: [GC (Allocation Failure)  79469K->589K(421376K), 0.0006207 secs]
31.671: Total time for which application threads were stopped: 0.0007538 seconds, Stopping threads took: 0.0000193 seconds
31.726: [GC (Allocation Failure)  78413K->653K(420352K), 0.0005601 secs]
31.726: Total time for which application threads were stopped: 0.0006996 seconds, Stopping threads took: 0.0000201 seconds
31.775: [GC (Allocation Failure)  77453K->653K(419328K), 0.0005137 secs]
31.776: Total time for which application threads were stopped: 0.0006385 seconds, Stopping threads took: 0.0000252 seconds
31.827: [GC (Allocation Failure)  76429K->589K(434688K), 0.0007837 secs]
31.828: Total time for which application threads were stopped: 0.0009047 seconds, Stopping threads took: 0.0000201 seconds
31.886: [GC (Allocation Failure)  91725K->653K(433152K), 0.0005141 secs]
31.886: Total time for which application threads were stopped: 0.0006344 seconds, Stopping threads took: 0.0000200 seconds
31.943: [GC (Allocation Failure)  90253K->653K(431616K), 0.0004932 secs]
31.943: Total time for which application threads were stopped: 0.0006168 seconds, Stopping threads took: 0.0000207 seconds
31.998: [GC (Allocation Failure)  88717K->653K(430080K), 0.0004559 secs]
31.999: Total time for which application threads were stopped: 0.0005847 seconds, Stopping threads took: 0.0000291 seconds
32.058: [GC (Allocation Failure)  87181K->653K(428544K), 0.0004650 secs]
32.058: Total time for which application threads were stopped: 0.0005722 seconds, Stopping threads took: 0.0000169 seconds
32.112: [GC (Allocation Failure)  85645K->653K(427008K), 0.0004807 secs]
32.112: Total time for which application threads were stopped: 0.0006066 seconds, Stopping threads took: 0.0000280 seconds
32.167: [GC (Allocation Failure)  84109K->653K(425472K), 0.0004805 secs]
32.168: Total time for which application threads were stopped: 0.0006053 seconds, Stopping threads took: 0.0000199 seconds
32.219: [GC (Allocation Failure)  82573K->685K(423936K), 0.0005129 secs]
32.220: Total time for which application threads were stopped: 0.0006823 seconds, Stopping threads took: 0.0000299 seconds
32.272: [GC (Allocation Failure)  81069K->621K(422400K), 0.0004929 secs]
32.273: Total time for which application threads were stopped: 0.0006253 seconds, Stopping threads took: 0.0000266 seconds
32.322: [GC (Allocation Failure)  79469K->653K(421376K), 0.0006638 secs]
32.323: Total time for which application threads were stopped: 0.0008157 seconds, Stopping threads took: 0.0000223 seconds
32.376: [GC (Allocation Failure)  78477K->589K(420352K), 0.0005987 secs]
32.376: Total time for which application threads were stopped: 0.0007498 seconds, Stopping threads took: 0.0000230 seconds
32.425: [GC (Allocation Failure)  77389K->621K(419328K), 0.0004701 secs]
32.425: Total time for which application threads were stopped: 0.0005985 seconds, Stopping threads took: 0.0000225 seconds
32.479: [GC (Allocation Failure)  76397K->621K(418304K), 0.0005907 secs]
32.480: Total time for which application threads were stopped: 0.0006899 seconds, Stopping threads took: 0.0000172 seconds
32.527: [GC (Allocation Failure)  75373K->685K(417280K), 0.0004217 secs]
32.527: Total time for which application threads were stopped: 0.0005269 seconds, Stopping threads took: 0.0000166 seconds
32.579: [GC (Allocation Failure)  74413K->589K(416256K), 0.0005521 secs]
32.579: Total time for which application threads were stopped: 0.0006770 seconds, Stopping threads took: 0.0000275 seconds
32.631: [GC (Allocation Failure)  73293K->621K(415232K), 0.0005770 secs]
32.631: Total time for which application threads were stopped: 0.0006892 seconds, Stopping threads took: 0.0000172 seconds
32.677: [GC (Allocation Failure)  72301K->653K(414208K), 0.0005279 secs]
32.677: Total time for which application threads were stopped: 0.0006618 seconds, Stopping threads took: 0.0000208 seconds
32.722: [GC (Allocation Failure)  71309K->685K(413184K), 0.0004962 secs]
32.722: Total time for which application threads were stopped: 0.0006420 seconds, Stopping threads took: 0.0000226 seconds
32.766: [GC (Allocation Failure)  70317K->589K(412160K), 0.0004768 secs]
32.767: Total time for which application threads were stopped: 0.0005953 seconds, Stopping threads took: 0.0000195 seconds
32.816: [GC (Allocation Failure)  69197K->685K(411136K), 0.0005432 secs]
32.817: Total time for which application threads were stopped: 0.0006801 seconds, Stopping threads took: 0.0000193 seconds
32.861: [GC (Allocation Failure)  68269K->621K(410112K), 0.0004828 secs]
32.862: Total time for which application threads were stopped: 0.0006015 seconds, Stopping threads took: 0.0000189 seconds
32.904: [GC (Allocation Failure)  67181K->685K(409088K), 0.0004709 secs]
32.904: Total time for which application threads were stopped: 0.0006089 seconds, Stopping threads took: 0.0000252 seconds
32.949: [GC (Allocation Failure)  66221K->717K(422400K), 0.0007025 secs]
32.949: Total time for which application threads were stopped: 0.0008237 seconds, Stopping threads took: 0.0000196 seconds
33.002: [GC (Allocation Failure)  79565K->653K(421376K), 0.0005150 secs]
33.003: Total time for which application threads were stopped: 0.0006507 seconds, Stopping threads took: 0.0000214 seconds
33.052: [GC (Allocation Failure)  78477K->653K(420352K), 0.0004766 secs]
33.052: Total time for which application threads were stopped: 0.0006126 seconds, Stopping threads took: 0.0000294 seconds
33.100: [GC (Allocation Failure)  77453K->685K(419328K), 0.0005018 secs]
33.101: Total time for which application threads were stopped: 0.0006210 seconds, Stopping threads took: 0.0000197 seconds
33.148: [GC (Allocation Failure)  76461K->589K(418304K), 0.0005759 secs]
33.149: Total time for which application threads were stopped: 0.0007193 seconds, Stopping threads took: 0.0000273 seconds
33.196: [GC (Allocation Failure)  75341K->589K(417280K), 0.0005499 secs]
33.197: Total time for which application threads were stopped: 0.0006905 seconds, Stopping threads took: 0.0000284 seconds
33.249: [GC (Allocation Failure)  74317K->653K(416256K), 0.0004923 secs]
33.249: Total time for which application threads were stopped: 0.0006839 seconds, Stopping threads took: 0.0000262 seconds
33.296: [GC (Allocation Failure)  73357K->685K(415232K), 0.0004956 secs]
33.296: Total time for which application threads were stopped: 0.0006199 seconds, Stopping threads took: 0.0000221 seconds
33.346: [GC (Allocation Failure)  72365K->621K(414208K), 0.0004902 secs]
33.346: Total time for which application threads were stopped: 0.0006033 seconds, Stopping threads took: 0.0000174 seconds
33.391: [GC (Allocation Failure)  71277K->653K(413184K), 0.0005228 secs]
33.391: Total time for which application threads were stopped: 0.0006656 seconds, Stopping threads took: 0.0000205 seconds
33.435: [GC (Allocation Failure)  70285K->653K(412160K), 0.0004954 secs]
33.436: Total time for which application threads were stopped: 0.0006366 seconds, Stopping threads took: 0.0000217 seconds
33.479: [GC (Allocation Failure)  69261K->621K(411136K), 0.0005445 secs]
33.479: Total time for which application threads were stopped: 0.0006944 seconds, Stopping threads took: 0.0000225 seconds
33.525: [GC (Allocation Failure)  68205K->589K(424960K), 0.0007054 secs]
33.525: Total time for which application threads were stopped: 0.0008343 seconds, Stopping threads took: 0.0000189 seconds
33.577: [GC (Allocation Failure)  81997K->717K(441344K), 0.0005389 secs]
33.577: Total time for which application threads were stopped: 0.0006790 seconds, Stopping threads took: 0.0000220 seconds
33.639: [GC (Allocation Failure)  98509K->621K(439296K), 0.0005136 secs]
33.640: Total time for which application threads were stopped: 0.0006588 seconds, Stopping threads took: 0.0000300 seconds
33.700: [GC (Allocation Failure)  96365K->589K(437760K), 0.0004937 secs]
33.701: Total time for which application threads were stopped: 0.0006289 seconds, Stopping threads took: 0.0000217 seconds
33.760: [GC (Allocation Failure)  94797K->653K(436224K), 0.0005873 secs]
33.761: Total time for which application threads were stopped: 0.0007254 seconds, Stopping threads took: 0.0000257 seconds
33.826: [GC (Allocation Failure)  93325K->589K(434688K), 0.0005168 secs]
33.827: Total time for which application threads were stopped: 0.0006357 seconds, Stopping threads took: 0.0000194 seconds
33.887: [GC (Allocation Failure)  91725K->589K(433152K), 0.0004980 secs]
33.888: Total time for which application threads were stopped: 0.0006262 seconds, Stopping threads took: 0.0000204 seconds
33.944: [GC (Allocation Failure)  90189K->653K(431616K), 0.0004859 secs]
33.945: Total time for which application threads were stopped: 0.0006226 seconds, Stopping threads took: 0.0000221 seconds
34.000: [GC (Allocation Failure)  88717K->621K(430080K), 0.0006111 secs]
34.001: Total time for which application threads were stopped: 0.0007600 seconds, Stopping threads took: 0.0000230 seconds
34.056: [GC (Allocation Failure)  87149K->653K(428544K), 0.0004918 secs]
34.056: Total time for which application threads were stopped: 0.0006377 seconds, Stopping threads took: 0.0000253 seconds
34.110: [GC (Allocation Failure)  85645K->621K(427008K), 0.0005428 secs]
34.111: Total time for which application threads were stopped: 0.0006979 seconds, Stopping threads took: 0.0000224 seconds
34.169: [GC (Allocation Failure)  84077K->653K(425472K), 0.0005253 secs]
34.170: Total time for which application threads were stopped: 0.0006766 seconds, Stopping threads took: 0.0000236 seconds
34.221: [GC (Allocation Failure)  82573K->621K(423936K), 0.0008214 secs]
34.222: Total time for which application threads were stopped: 0.0009862 seconds, Stopping threads took: 0.0000314 seconds
34.279: [GC (Allocation Failure)  81005K->653K(422400K), 0.0005292 secs]
34.280: Total time for which application threads were stopped: 0.0006765 seconds, Stopping threads took: 0.0000228 seconds
34.330: [GC (Allocation Failure)  79501K->653K(421376K), 0.0005275 secs]
34.331: Total time for which application threads were stopped: 0.0006691 seconds, Stopping threads took: 0.0000231 seconds
34.381: [GC (Allocation Failure)  78477K->621K(420352K), 0.0004801 secs]
34.381: Total time for which application threads were stopped: 0.0006104 seconds, Stopping threads took: 0.0000296 seconds
34.433: [GC (Allocation Failure)  77421K->621K(419328K), 0.0005783 secs]
34.434: Total time for which application threads were stopped: 0.0006975 seconds, Stopping threads took: 0.0000174 seconds
34.488: [GC (Allocation Failure)  76397K->653K(418304K), 0.0005691 secs]
34.489: Total time for which application threads were stopped: 0.0006896 seconds, Stopping threads took: 0.0000195 seconds
34.536: [GC (Allocation Failure)  75405K->717K(417280K), 0.0004648 secs]
34.536: Total time for which application threads were stopped: 0.0005965 seconds, Stopping threads took: 0.0000263 seconds
34.583: [GC (Allocation Failure)  74445K->589K(416256K), 0.0005046 secs]
34.583: Total time for which application threads were stopped: 0.0006467 seconds, Stopping threads took: 0.0000275 seconds
34.634: [GC (Allocation Failure)  73293K->653K(415232K), 0.0005173 secs]
34.635: Total time for which application threads were stopped: 0.0006498 seconds, Stopping threads took: 0.0000209 seconds
34.681: [GC (Allocation Failure)  72333K->621K(414208K), 0.0005046 secs]
34.681: Total time for which application threads were stopped: 0.0006456 seconds, Stopping threads took: 0.0000287 seconds
34.732: [GC (Allocation Failure)  71277K->685K(413184K), 0.0004053 secs]
34.732: Total time for which application threads were stopped: 0.0005374 seconds, Stopping threads took: 0.0000263 seconds
34.776: [GC (Allocation Failure)  70317K->653K(412160K), 0.0005224 secs]
34.777: Total time for which application threads were stopped: 0.0006418 seconds, Stopping threads took: 0.0000187 seconds
34.820: [GC (Allocation Failure)  69261K->685K(411136K), 0.0005229 secs]
34.820: Total time for which application threads were stopped: 0.0006725 seconds, Stopping threads took: 0.0000236 seconds
34.866: [GC (Allocation Failure)  68269K->621K(410112K), 0.0004056 secs]
34.866: Total time for which application threads were stopped: 0.0005157 seconds, Stopping threads took: 0.0000172 seconds
34.911: [GC (Allocation Failure)  67181K->685K(409088K), 0.0003902 secs]
34.912: Total time for which application threads were stopped: 0.0005004 seconds, Stopping threads took: 0.0000171 seconds
34.953: [GC (Allocation Failure)  66221K->685K(408064K), 0.0005182 secs]
34.953: Total time for which application threads were stopped: 0.0006406 seconds, Stopping threads took: 0.0000196 seconds
34.994: [GC (Allocation Failure)  65197K->653K(407040K), 0.0005239 secs]
34.995: Total time for which application threads were stopped: 0.0007886 seconds, Stopping threads took: 0.0000188 seconds
35.039: [GC (Allocation Failure)  64141K->621K(406016K), 0.0005202 secs]
35.040: Total time for which application threads were stopped: 0.0006545 seconds, Stopping threads took: 0.0000229 seconds
35.083: [GC (Allocation Failure)  63085K->589K(418816K), 0.0006335 secs]
35.084: Total time for which application threads were stopped: 0.0007547 seconds, Stopping threads took: 0.0000196 seconds
35.131: [GC (Allocation Failure)  75853K->621K(417792K), 0.0004957 secs]
35.132: Total time for which application threads were stopped: 0.0006329 seconds, Stopping threads took: 0.0000201 seconds
35.179: [GC (Allocation Failure)  74861K->589K(416768K), 0.0005257 secs]
35.179: Total time for which application threads were stopped: 0.0006477 seconds, Stopping threads took: 0.0000194 seconds
35.225: [GC (Allocation Failure)  73805K->685K(431616K), 0.0006110 secs]
35.226: Total time for which application threads were stopped: 0.0007496 seconds, Stopping threads took: 0.0000218 seconds
35.283: [GC (Allocation Failure)  88749K->653K(430080K), 0.0004363 secs]
35.283: Total time for which application threads were stopped: 0.0005575 seconds, Stopping threads took: 0.0000197 seconds
35.340: [GC (Allocation Failure)  87181K->589K(428544K), 0.0006192 secs]
35.341: Total time for which application threads were stopped: 0.0007404 seconds, Stopping threads took: 0.0000195 seconds
35.394: [GC (Allocation Failure)  85581K->589K(427008K), 0.0006656 secs]
35.395: Total time for which application threads were stopped: 0.0008024 seconds, Stopping threads took: 0.0000212 seconds
35.452: [GC (Allocation Failure)  84045K->653K(425472K), 0.0005669 secs]
35.452: Total time for which application threads were stopped: 0.0007120 seconds, Stopping threads took: 0.0000292 seconds
35.503: [GC (Allocation Failure)  82573K->653K(423936K), 0.0005130 secs]
35.504: Total time for which application threads were stopped: 0.0006515 seconds, Stopping threads took: 0.0000215 seconds
35.555: [GC (Allocation Failure)  81037K->621K(440320K), 0.0007801 secs]
35.555: Total time for which application threads were stopped: 0.0009281 seconds, Stopping threads took: 0.0000218 seconds
35.622: [GC (Allocation Failure)  97389K->589K(438272K), 0.0006298 secs]
35.622: Total time for which application threads were stopped: 0.0007574 seconds, Stopping threads took: 0.0000280 seconds
35.682: [GC (Allocation Failure)  95309K->653K(436736K), 0.0005378 secs]
35.683: Total time for which application threads were stopped: 0.0006733 seconds, Stopping threads took: 0.0000208 seconds
35.747: [GC (Allocation Failure)  93837K->621K(435200K), 0.0004537 secs]
35.748: Total time for which application threads were stopped: 0.0005842 seconds, Stopping threads took: 0.0000274 seconds
35.809: [GC (Allocation Failure)  92269K->685K(433664K), 0.0006341 secs]
35.809: Total time for which application threads were stopped: 0.0007702 seconds, Stopping threads took: 0.0000197 seconds
35.867: [GC (Allocation Failure)  90797K->717K(432128K), 0.0005273 secs]
35.867: Total time for which application threads were stopped: 0.0006485 seconds, Stopping threads took: 0.0000197 seconds
35.926: [GC (Allocation Failure)  89293K->621K(430592K), 0.0004599 secs]
35.927: Total time for which application threads were stopped: 0.0005758 seconds, Stopping threads took: 0.0000199 seconds
35.981: [GC (Allocation Failure)  87661K->653K(429056K), 0.0004660 secs]
35.982: Total time for which application threads were stopped: 0.0005866 seconds, Stopping threads took: 0.0000194 seconds
36.035: [GC (Allocation Failure)  86157K->653K(427520K), 0.0004730 secs]
36.036: Total time for which application threads were stopped: 0.0005955 seconds, Stopping threads took: 0.0000195 seconds
36.095: [GC (Allocation Failure)  84621K->653K(425984K), 0.0005837 secs]
36.096: Total time for which application threads were stopped: 0.0007072 seconds, Stopping threads took: 0.0000197 seconds
36.147: [GC (Allocation Failure)  83085K->717K(424448K), 0.0004793 secs]
36.148: Total time for which application threads were stopped: 0.0005977 seconds, Stopping threads took: 0.0000195 seconds
36.202: [GC (Allocation Failure)  81613K->621K(422912K), 0.0004728 secs]
36.203: Total time for which application threads were stopped: 0.0005921 seconds, Stopping threads took: 0.0000194 seconds
36.253: [GC (Allocation Failure)  79981K->621K(421888K), 0.0004156 secs]
36.253: Total time for which application threads were stopped: 0.0005607 seconds, Stopping threads took: 0.0000196 seconds
36.309: [GC (Allocation Failure)  78957K->621K(420864K), 0.0005774 secs]
36.309: Total time for which application threads were stopped: 0.0006866 seconds, Stopping threads took: 0.0000178 seconds
36.358: [GC (Allocation Failure)  77933K->621K(419840K), 0.0004828 secs]
36.358: Total time for which application threads were stopped: 0.0006068 seconds, Stopping threads took: 0.0000199 seconds
36.413: [GC (Allocation Failure)  76909K->685K(418816K), 0.0006466 secs]
36.413: Total time for which application threads were stopped: 0.0007892 seconds, Stopping threads took: 0.0000210 seconds
36.461: [GC (Allocation Failure)  75949K->589K(417792K), 0.0005412 secs]
36.461: Total time for which application threads were stopped: 0.0006721 seconds, Stopping threads took: 0.0000221 seconds
36.515: [GC (Allocation Failure)  74829K->685K(416768K), 0.0005782 secs]
36.515: Total time for which application threads were stopped: 0.0007121 seconds, Stopping threads took: 0.0000293 seconds
36.561: [GC (Allocation Failure)  73901K->621K(415744K), 0.0004830 secs]
36.562: Total time for which application threads were stopped: 0.0006175 seconds, Stopping threads took: 0.0000273 seconds
36.607: [GC (Allocation Failure)  72813K->621K(414720K), 0.0005426 secs]
36.608: Total time for which application threads were stopped: 0.0006842 seconds, Stopping threads took: 0.0000270 seconds
36.652: [GC (Allocation Failure)  71789K->621K(413696K), 0.0005338 secs]
36.653: Total time for which application threads were stopped: 0.0006619 seconds, Stopping threads took: 0.0000273 seconds
36.704: [GC (Allocation Failure)  70765K->589K(412672K), 0.0005601 secs]
36.705: Total time for which application threads were stopped: 0.0006872 seconds, Stopping threads took: 0.0000265 seconds
36.755: [GC (Allocation Failure)  69709K->653K(411648K), 0.0004585 secs]
36.756: Total time for which application threads were stopped: 0.0005972 seconds, Stopping threads took: 0.0000260 seconds
36.798: [GC (Allocation Failure)  68749K->653K(410624K), 0.0005510 secs]
36.799: Total time for which application threads were stopped: 0.0006889 seconds, Stopping threads took: 0.0000213 seconds
36.842: [GC (Allocation Failure)  67725K->685K(409600K), 0.0004667 secs]
36.842: Total time for which application threads were stopped: 0.0005853 seconds, Stopping threads took: 0.0000165 seconds
36.884: [GC (Allocation Failure)  66733K->621K(422912K), 0.0006225 secs]
36.885: Total time for which application threads were stopped: 0.0007528 seconds, Stopping threads took: 0.0000196 seconds
36.940: [GC (Allocation Failure)  79981K->621K(421888K), 0.0004705 secs]
36.941: Total time for which application threads were stopped: 0.0005911 seconds, Stopping threads took: 0.0000193 seconds
36.990: [GC (Allocation Failure)  78957K->621K(420864K), 0.0005421 secs]
36.991: Total time for which application threads were stopped: 0.0006611 seconds, Stopping threads took: 0.0000194 seconds
37.045: [GC (Allocation Failure)  77933K->685K(419840K), 0.0005103 secs]
37.045: Total time for which application threads were stopped: 0.0006706 seconds, Stopping threads took: 0.0000311 seconds
37.099: [GC (Allocation Failure)  76973K->653K(418816K), 0.0004741 secs]
37.100: Total time for which application threads were stopped: 0.0006102 seconds, Stopping threads took: 0.0000285 seconds
37.147: [GC (Allocation Failure)  75917K->589K(417792K), 0.0005696 secs]
37.148: Total time for which application threads were stopped: 0.0007049 seconds, Stopping threads took: 0.0000278 seconds
37.198: [GC (Allocation Failure)  74829K->589K(416768K), 0.0005774 secs]
37.199: Total time for which application threads were stopped: 0.0007206 seconds, Stopping threads took: 0.0000216 seconds
37.245: [GC (Allocation Failure)  73805K->685K(415744K), 0.0004609 secs]
37.246: Total time for which application threads were stopped: 0.0005940 seconds, Stopping threads took: 0.0000172 seconds
37.294: [GC (Allocation Failure)  72877K->589K(414720K), 0.0005217 secs]
37.294: Total time for which application threads were stopped: 0.0006746 seconds, Stopping threads took: 0.0000270 seconds
37.339: [GC (Allocation Failure)  71757K->621K(413696K), 0.0005227 secs]
37.340: Total time for which application threads were stopped: 0.0006710 seconds, Stopping threads took: 0.0000217 seconds
37.390: [GC (Allocation Failure)  70765K->621K(412672K), 0.0004798 secs]
37.390: Total time for which application threads were stopped: 0.0006005 seconds, Stopping threads took: 0.0000197 seconds
37.441: [GC (Allocation Failure)  69741K->653K(411648K), 0.0005147 secs]
37.441: Total time for which application threads were stopped: 0.0006449 seconds, Stopping threads took: 0.0000191 seconds
37.487: [GC (Allocation Failure)  68749K->653K(410624K), 0.0004024 secs]
37.488: Total time for which application threads were stopped: 0.0005095 seconds, Stopping threads took: 0.0000166 seconds
37.530: [GC (Allocation Failure)  67725K->621K(409600K), 0.0005869 secs]
37.530: Total time for which application threads were stopped: 0.0006927 seconds, Stopping threads took: 0.0000173 seconds
37.575: [GC (Allocation Failure)  66669K->621K(408576K), 0.0004294 secs]
37.576: Total time for which application threads were stopped: 0.0005343 seconds, Stopping threads took: 0.0000160 seconds
37.623: [GC (Allocation Failure)  65645K->653K(407552K), 0.0005170 secs]
37.623: Total time for which application threads were stopped: 0.0006143 seconds, Stopping threads took: 0.0000160 seconds
37.663: [GC (Allocation Failure)  64653K->621K(406528K), 0.0004491 secs]
37.664: Total time for which application threads were stopped: 0.0005690 seconds, Stopping threads took: 0.0000190 seconds
37.704: [GC (Allocation Failure)  63597K->653K(405504K), 0.0004856 secs]
37.704: Total time for which application threads were stopped: 0.0006130 seconds, Stopping threads took: 0.0000201 seconds
37.744: [GC (Allocation Failure)  62605K->621K(404992K), 0.0004130 secs]
37.744: Total time for which application threads were stopped: 0.0005269 seconds, Stopping threads took: 0.0000182 seconds
37.783: [GC (Allocation Failure)  62061K->621K(404480K), 0.0005223 secs]
37.783: Total time for which application threads were stopped: 0.0006806 seconds, Stopping threads took: 0.0000297 seconds
37.827: [GC (Allocation Failure)  61549K->653K(403968K), 0.0004844 secs]
37.828: Total time for which application threads were stopped: 0.0006105 seconds, Stopping threads took: 0.0000254 seconds
37.868: [GC (Allocation Failure)  61069K->621K(403456K), 0.0005110 secs]
37.869: Total time for which application threads were stopped: 0.0006455 seconds, Stopping threads took: 0.0000271 seconds
37.910: [GC (Allocation Failure)  60525K->685K(402944K), 0.0005008 secs]
37.911: Total time for which application threads were stopped: 0.0006301 seconds, Stopping threads took: 0.0000199 seconds
37.952: [GC (Allocation Failure)  60077K->653K(415232K), 0.0006367 secs]
37.953: Total time for which application threads were stopped: 0.0007853 seconds, Stopping threads took: 0.0000222 seconds
37.998: [GC (Allocation Failure)  72333K->621K(429568K), 0.0007240 secs]
37.999: Total time for which application threads were stopped: 0.0008811 seconds, Stopping threads took: 0.0000309 seconds
38.053: [GC (Allocation Failure)  86637K->653K(446976K), 0.0005207 secs]
38.054: Total time for which application threads were stopped: 0.0006724 seconds, Stopping threads took: 0.0000238 seconds
38.119: [GC (Allocation Failure)  104077K->717K(444928K), 0.0005370 secs]
38.120: Total time for which application threads were stopped: 0.0006862 seconds, Stopping threads took: 0.0000227 seconds
38.184: [GC (Allocation Failure)  102093K->557K(442880K), 0.0006433 secs]
38.185: Total time for which application threads were stopped: 0.0007844 seconds, Stopping threads took: 0.0000240 seconds
38.252: [GC (Allocation Failure)  99885K->653K(440832K), 0.0004621 secs]
38.253: Total time for which application threads were stopped: 0.0005916 seconds, Stopping threads took: 0.0000275 seconds
38.317: [GC (Allocation Failure)  97933K->653K(438784K), 0.0005295 secs]
38.318: Total time for which application threads were stopped: 0.0006467 seconds, Stopping threads took: 0.0000196 seconds
38.378: [GC (Allocation Failure)  95885K->621K(437248K), 0.0004927 secs]
38.378: Total time for which application threads were stopped: 0.0006132 seconds, Stopping threads took: 0.0000194 seconds
38.443: [GC (Allocation Failure)  94317K->653K(435712K), 0.0004685 secs]
38.443: Total time for which application threads were stopped: 0.0005847 seconds, Stopping threads took: 0.0000192 seconds
38.501: [GC (Allocation Failure)  92813K->685K(434176K), 0.0006959 secs]
38.502: Total time for which application threads were stopped: 0.0008167 seconds, Stopping threads took: 0.0000197 seconds
38.559: [GC (Allocation Failure)  91309K->621K(432640K), 0.0004637 secs]
38.559: Total time for which application threads were stopped: 0.0005799 seconds, Stopping threads took: 0.0000197 seconds
38.615: [GC (Allocation Failure)  89709K->717K(431104K), 0.0004841 secs]
38.615: Total time for which application threads were stopped: 0.0006045 seconds, Stopping threads took: 0.0000193 seconds
38.670: [GC (Allocation Failure)  88269K->621K(429568K), 0.0005517 secs]
38.671: Total time for which application threads were stopped: 0.0006735 seconds, Stopping threads took: 0.0000189 seconds
38.725: [GC (Allocation Failure)  86637K->717K(428032K), 0.0005055 secs]
38.726: Total time for which application threads were stopped: 0.0006444 seconds, Stopping threads took: 0.0000277 seconds
38.785: [GC (Allocation Failure)  85197K->653K(426496K), 0.0004911 secs]
38.785: Total time for which application threads were stopped: 0.0006135 seconds, Stopping threads took: 0.0000189 seconds
38.838: [GC (Allocation Failure)  83597K->589K(424960K), 0.0005010 secs]
38.839: Total time for which application threads were stopped: 0.0006245 seconds, Stopping threads took: 0.0000245 seconds
38.893: [GC (Allocation Failure)  81997K->653K(423424K), 0.0004961 secs]
38.894: Total time for which application threads were stopped: 0.0006159 seconds, Stopping threads took: 0.0000194 seconds
38.950: [GC (Allocation Failure)  80525K->589K(422400K), 0.0005956 secs]
38.950: Total time for which application threads were stopped: 0.0007165 seconds, Stopping threads took: 0.0000200 seconds
39.005: [GC (Allocation Failure)  79437K->621K(421376K), 0.0005184 secs]
39.006: Total time for which application threads were stopped: 0.0006375 seconds, Stopping threads took: 0.0000196 seconds
39.055: [GC (Allocation Failure)  78445K->653K(420352K), 0.0004985 secs]
39.055: Total time for which application threads were stopped: 0.0006161 seconds, Stopping threads took: 0.0000190 seconds
39.104: [GC (Allocation Failure)  77453K->685K(419328K), 0.0005881 secs]
39.104: Total time for which application threads were stopped: 0.0007049 seconds, Stopping threads took: 0.0000191 seconds
39.152: [GC (Allocation Failure)  76461K->589K(418304K), 0.0006056 secs]
39.153: Total time for which application threads were stopped: 0.0007206 seconds, Stopping threads took: 0.0000193 seconds
39.200: [GC (Allocation Failure)  75341K->589K(417280K), 0.0005076 secs]
39.200: Total time for which application threads were stopped: 0.0006530 seconds, Stopping threads took: 0.0000282 seconds
39.247: [GC (Allocation Failure)  74317K->621K(416256K), 0.0003903 secs]
39.247: Total time for which application threads were stopped: 0.0005221 seconds, Stopping threads took: 0.0000265 seconds
39.293: [GC (Allocation Failure)  73325K->621K(415232K), 0.0004797 secs]
39.294: Total time for which application threads were stopped: 0.0006111 seconds, Stopping threads took: 0.0000221 seconds
39.339: [GC (Allocation Failure)  72301K->621K(414208K), 0.0005633 secs]
39.339: Total time for which application threads were stopped: 0.0006913 seconds, Stopping threads took: 0.0000204 seconds
39.389: [GC (Allocation Failure)  71277K->653K(413184K), 0.0004786 secs]
39.389: Total time for which application threads were stopped: 0.0006039 seconds, Stopping threads took: 0.0000216 seconds
39.440: [GC (Allocation Failure)  70285K->653K(412160K), 0.0006155 secs]
39.441: Total time for which application threads were stopped: 0.0007434 seconds, Stopping threads took: 0.0000192 seconds
39.488: [GC (Allocation Failure)  69261K->653K(411136K), 0.0004818 secs]
39.488: Total time for which application threads were stopped: 0.0006049 seconds, Stopping threads took: 0.0000201 seconds
39.530: [GC (Allocation Failure)  68237K->653K(410112K), 0.0004543 secs]
39.531: Total time for which application threads were stopped: 0.0005712 seconds, Stopping threads took: 0.0000187 seconds
39.573: [GC (Allocation Failure)  67213K->621K(409088K), 0.0004830 secs]
39.573: Total time for which application threads were stopped: 0.0006086 seconds, Stopping threads took: 0.0000279 seconds
39.618: [GC (Allocation Failure)  66157K->589K(408064K), 0.0005961 secs]
39.618: Total time for which application threads were stopped: 0.0007204 seconds, Stopping threads took: 0.0000272 seconds
39.662: [GC (Allocation Failure)  65101K->653K(407040K), 0.0005184 secs]
39.663: Total time for which application threads were stopped: 0.0006457 seconds, Stopping threads took: 0.0000272 seconds
39.703: [GC (Allocation Failure)  64141K->653K(419840K), 0.0005719 secs]
39.703: Total time for which application threads were stopped: 0.0006926 seconds, Stopping threads took: 0.0000195 seconds
39.752: [GC (Allocation Failure)  76941K->621K(418816K), 0.0004365 secs]
39.752: Total time for which application threads were stopped: 0.0005700 seconds, Stopping threads took: 0.0000276 seconds
39.799: [GC (Allocation Failure)  75885K->653K(417792K), 0.0006086 secs]
39.800: Total time for which application threads were stopped: 0.0007284 seconds, Stopping threads took: 0.0000194 seconds
39.853: [GC (Allocation Failure)  74893K->653K(416768K), 0.0004254 secs]
39.853: Total time for which application threads were stopped: 0.0005477 seconds, Stopping threads took: 0.0000203 seconds
39.905: [GC (Allocation Failure)  73869K->685K(415744K), 0.0004509 secs]
39.906: Total time for which application threads were stopped: 0.0005685 seconds, Stopping threads took: 0.0000197 seconds
39.951: [GC (Allocation Failure)  72877K->717K(414720K), 0.0004782 secs]
39.952: Total time for which application threads were stopped: 0.0005983 seconds, Stopping threads took: 0.0000198 seconds
40.001: [GC (Allocation Failure)  71885K->621K(413696K), 0.0004720 secs]
40.002: Total time for which application threads were stopped: 0.0005892 seconds, Stopping threads took: 0.0000195 seconds
40.052: [GC (Allocation Failure)  70765K->653K(412672K), 0.0004844 secs]
40.052: Total time for which application threads were stopped: 0.0006009 seconds, Stopping threads took: 0.0000186 seconds
40.096: [GC (Allocation Failure)  69773K->653K(411648K), 0.0004920 secs]
40.096: Total time for which application threads were stopped: 0.0006195 seconds, Stopping threads took: 0.0000275 seconds
40.139: [GC (Allocation Failure)  68749K->621K(410624K), 0.0004647 secs]
40.140: Total time for which application threads were stopped: 0.0005814 seconds, Stopping threads took: 0.0000187 seconds
40.182: [GC (Allocation Failure)  67693K->653K(409600K), 0.0005966 secs]
40.182: Total time for which application threads were stopped: 0.0007138 seconds, Stopping threads took: 0.0000190 seconds
40.227: [GC (Allocation Failure)  66701K->621K(422912K), 0.0005618 secs]
40.228: Total time for which application threads were stopped: 0.0006711 seconds, Stopping threads took: 0.0000167 seconds
40.285: [GC (Allocation Failure)  79981K->589K(421888K), 0.0004290 secs]
40.285: Total time for which application threads were stopped: 0.0005649 seconds, Stopping threads took: 0.0000260 seconds
40.340: [GC (Allocation Failure)  78925K->653K(420864K), 0.0005688 secs]
40.341: Total time for which application threads were stopped: 0.0006899 seconds, Stopping threads took: 0.0000195 seconds
40.389: [GC (Allocation Failure)  77965K->653K(419840K), 0.0004915 secs]
40.390: Total time for which application threads were stopped: 0.0006128 seconds, Stopping threads took: 0.0000197 seconds
40.437: [GC (Allocation Failure)  76941K->653K(418816K), 0.0005745 secs]
40.438: Total time for which application threads were stopped: 0.0007104 seconds, Stopping threads took: 0.0000195 seconds
40.485: [GC (Allocation Failure)  75917K->621K(417792K), 0.0004763 secs]
40.486: Total time for which application threads were stopped: 0.0006145 seconds, Stopping threads took: 0.0000225 seconds
40.533: [GC (Allocation Failure)  74861K->653K(416768K), 0.0005382 secs]
40.533: Total time for which application threads were stopped: 0.0007006 seconds, Stopping threads took: 0.0000229 seconds
40.579: [GC (Allocation Failure)  73869K->589K(415744K), 0.0005836 secs]
40.580: Total time for which application threads were stopped: 0.0007413 seconds, Stopping threads took: 0.0000307 seconds
40.625: [GC (Allocation Failure)  72781K->589K(414720K), 0.0006080 secs]
40.626: Total time for which application threads were stopped: 0.0007568 seconds, Stopping threads took: 0.0000222 seconds
40.671: [GC (Allocation Failure)  71757K->621K(429056K), 0.0006069 secs]
40.671: Total time for which application threads were stopped: 0.0007527 seconds, Stopping threads took: 0.0000226 seconds
40.725: [GC (Allocation Failure)  86125K->653K(446464K), 0.0005974 secs]
40.726: Total time for which application threads were stopped: 0.0007293 seconds, Stopping threads took: 0.0000276 seconds
40.791: [GC (Allocation Failure)  103565K->653K(444416K), 0.0005186 secs]
40.792: Total time for which application threads were stopped: 0.0006407 seconds, Stopping threads took: 0.0000199 seconds
40.856: [GC (Allocation Failure)  101517K->685K(442368K), 0.0006061 secs]
40.856: Total time for which application threads were stopped: 0.0007276 seconds, Stopping threads took: 0.0000193 seconds
40.918: [GC (Allocation Failure)  99501K->685K(440320K), 0.0004959 secs]
40.919: Total time for which application threads were stopped: 0.0006135 seconds, Stopping threads took: 0.0000189 seconds
40.979: [GC (Allocation Failure)  97453K->653K(438272K), 0.0004871 secs]
40.980: Total time for which application threads were stopped: 0.0006160 seconds, Stopping threads took: 0.0000200 seconds
41.039: [GC (Allocation Failure)  95373K->653K(436736K), 0.0005553 secs]
41.040: Total time for which application threads were stopped: 0.0007122 seconds, Stopping threads took: 0.0000306 seconds
41.098: [GC (Allocation Failure)  93837K->621K(435200K), 0.0005100 secs]
41.099: Total time for which application threads were stopped: 0.0006606 seconds, Stopping threads took: 0.0000223 seconds
41.163: [GC (Allocation Failure)  92269K->621K(433664K), 0.0006410 secs]
41.163: Total time for which application threads were stopped: 0.0007602 seconds, Stopping threads took: 0.0000169 seconds
41.220: [GC (Allocation Failure)  90733K->685K(432128K), 0.0004534 secs]
41.220: Total time for which application threads were stopped: 0.0005793 seconds, Stopping threads took: 0.0000213 seconds
41.277: [GC (Allocation Failure)  89261K->621K(430592K), 0.0005199 secs]
41.277: Total time for which application threads were stopped: 0.0006717 seconds, Stopping threads took: 0.0000253 seconds
41.332: [GC (Allocation Failure)  87661K->589K(429056K), 0.0005473 secs]
41.332: Total time for which application threads were stopped: 0.0006894 seconds, Stopping threads took: 0.0000271 seconds
41.388: [GC (Allocation Failure)  86093K->653K(427520K), 0.0005904 secs]
41.389: Total time for which application threads were stopped: 0.0007272 seconds, Stopping threads took: 0.0000220 seconds
41.448: [GC (Allocation Failure)  84621K->653K(425984K), 0.0004970 secs]
41.449: Total time for which application threads were stopped: 0.0006321 seconds, Stopping threads took: 0.0000204 seconds
41.504: [GC (Allocation Failure)  83085K->653K(424448K), 0.0005262 secs]
41.504: Total time for which application threads were stopped: 0.0006655 seconds, Stopping threads took: 0.0000226 seconds
41.555: [GC (Allocation Failure)  81549K->717K(422912K), 0.0004876 secs]
41.556: Total time for which application threads were stopped: 0.0006101 seconds, Stopping threads took: 0.0000195 seconds
41.610: [GC (Allocation Failure)  80077K->653K(421888K), 0.0006499 secs]
41.611: Total time for which application threads were stopped: 0.0007792 seconds, Stopping threads took: 0.0000195 seconds
41.664: [GC (Allocation Failure)  78989K->685K(420864K), 0.0004939 secs]
41.665: Total time for which application threads were stopped: 0.0006308 seconds, Stopping threads took: 0.0000223 seconds
41.718: [GC (Allocation Failure)  77997K->717K(419840K), 0.0004931 secs]
41.719: Total time for which application threads were stopped: 0.0006185 seconds, Stopping threads took: 0.0000211 seconds
41.767: [GC (Allocation Failure)  77005K->653K(418816K), 0.0004739 secs]
41.768: Total time for which application threads were stopped: 0.0005933 seconds, Stopping threads took: 0.0000193 seconds
41.815: [GC (Allocation Failure)  75917K->621K(417792K), 0.0004832 secs]
41.816: Total time for which application threads were stopped: 0.0006035 seconds, Stopping threads took: 0.0000196 seconds
41.867: [GC (Allocation Failure)  74861K->653K(416768K), 0.0004709 secs]
41.867: Total time for which application threads were stopped: 0.0005894 seconds, Stopping threads took: 0.0000193 seconds
41.913: [GC (Allocation Failure)  73869K->589K(415744K), 0.0006150 secs]
41.914: Total time for which application threads were stopped: 0.0007343 seconds, Stopping threads took: 0.0000201 seconds
41.959: [GC (Allocation Failure)  72781K->653K(414720K), 0.0006482 secs]
41.960: Total time for which application threads were stopped: 0.0007769 seconds, Stopping threads took: 0.0000277 seconds
42.005: [GC (Allocation Failure)  71821K->621K(413696K), 0.0004871 secs]
42.005: Total time for which application threads were stopped: 0.0006283 seconds, Stopping threads took: 0.0000272 seconds
42.049: [GC (Allocation Failure)  70765K->685K(412672K), 0.0004793 secs]
42.050: Total time for which application threads were stopped: 0.0006002 seconds, Stopping threads took: 0.0000192 seconds
42.093: [GC (Allocation Failure)  69805K->621K(426496K), 0.0006770 secs]
42.094: Total time for which application threads were stopped: 0.0008116 seconds, Stopping threads took: 0.0000194 seconds
42.146: [GC (Allocation Failure)  83565K->685K(443392K), 0.0005614 secs]
42.147: Total time for which application threads were stopped: 0.0007021 seconds, Stopping threads took: 0.0000265 seconds
42.209: [GC (Allocation Failure)  100525K->653K(441344K), 0.0005228 secs]
42.210: Total time for which application threads were stopped: 0.0006655 seconds, Stopping threads took: 0.0000231 seconds
42.272: [GC (Allocation Failure)  98445K->685K(439296K), 0.0005092 secs]
42.273: Total time for which application threads were stopped: 0.0006387 seconds, Stopping threads took: 0.0000283 seconds
42.332: [GC (Allocation Failure)  96429K->717K(437760K), 0.0004945 secs]
42.333: Total time for which application threads were stopped: 0.0006330 seconds, Stopping threads took: 0.0000215 seconds
42.392: [GC (Allocation Failure)  94925K->621K(436224K), 0.0005480 secs]
42.393: Total time for which application threads were stopped: 0.0006758 seconds, Stopping threads took: 0.0000208 seconds
42.451: [GC (Allocation Failure)  93293K->589K(434688K), 0.0004644 secs]
42.451: Total time for which application threads were stopped: 0.0006783 seconds, Stopping threads took: 0.0000190 seconds
42.508: [GC (Allocation Failure)  91725K->621K(433152K), 0.0005309 secs]
42.509: Total time for which application threads were stopped: 0.0006480 seconds, Stopping threads took: 0.0000196 seconds
42.570: [GC (Allocation Failure)  90221K->621K(431616K), 0.0004254 secs]
42.570: Total time for which application threads were stopped: 0.0005310 seconds, Stopping threads took: 0.0000162 seconds
42.625: [GC (Allocation Failure)  88685K->621K(430080K), 0.0006079 secs]
42.626: Total time for which application threads were stopped: 0.0007353 seconds, Stopping threads took: 0.0000178 seconds
42.684: [GC (Allocation Failure)  87149K->621K(428544K), 0.0004139 secs]
42.684: Total time for which application threads were stopped: 0.0005196 seconds, Stopping threads took: 0.0000168 seconds
42.738: [GC (Allocation Failure)  85613K->589K(427008K), 0.0005382 secs]
42.739: Total time for which application threads were stopped: 0.0006602 seconds, Stopping threads took: 0.0000197 seconds
42.791: [GC (Allocation Failure)  84045K->589K(425472K), 0.0005577 secs]
42.792: Total time for which application threads were stopped: 0.0006797 seconds, Stopping threads took: 0.0000198 seconds
42.849: [GC (Allocation Failure)  82509K->621K(423936K), 0.0005932 secs]
42.850: Total time for which application threads were stopped: 0.0007252 seconds, Stopping threads took: 0.0000281 seconds
42.900: [GC (Allocation Failure)  81005K->589K(422400K), 0.0006722 secs]
42.901: Total time for which application threads were stopped: 0.0008138 seconds, Stopping threads took: 0.0000214 seconds
42.951: [GC (Allocation Failure)  79437K->685K(421376K), 0.0006369 secs]
42.951: Total time for which application threads were stopped: 0.0007875 seconds, Stopping threads took: 0.0000222 seconds
43.000: [GC (Allocation Failure)  78509K->589K(420352K), 0.0005683 secs]
43.001: Total time for which application threads were stopped: 0.0007353 seconds, Stopping threads took: 0.0000225 seconds
43.054: [GC (Allocation Failure)  77389K->685K(419328K), 0.0004951 secs]
43.055: Total time for which application threads were stopped: 0.0006275 seconds, Stopping threads took: 0.0000291 seconds
43.108: [GC (Allocation Failure)  76461K->621K(418304K), 0.0005425 secs]
43.109: Total time for which application threads were stopped: 0.0006594 seconds, Stopping threads took: 0.0000194 seconds
43.159: [GC (Allocation Failure)  75373K->653K(417280K), 0.0006826 secs]
43.160: Total time for which application threads were stopped: 0.0008020 seconds, Stopping threads took: 0.0000196 seconds
43.206: [GC (Allocation Failure)  74381K->685K(416256K), 0.0004447 secs]
43.207: Total time for which application threads were stopped: 0.0005632 seconds, Stopping threads took: 0.0000201 seconds
43.258: [GC (Allocation Failure)  73389K->621K(415232K), 0.0004006 secs]
43.259: Total time for which application threads were stopped: 0.0005247 seconds, Stopping threads took: 0.0000258 seconds
43.309: [GC (Allocation Failure)  72301K->653K(414208K), 0.0005741 secs]
43.310: Total time for which application threads were stopped: 0.0006800 seconds, Stopping threads took: 0.0000164 seconds
43.354: [GC (Allocation Failure)  71309K->621K(413184K), 0.0005139 secs]
43.355: Total time for which application threads were stopped: 0.0006229 seconds, Stopping threads took: 0.0000165 seconds
43.402: [GC (Allocation Failure)  70253K->621K(412160K), 0.0004717 secs]
43.402: Total time for which application threads were stopped: 0.0005827 seconds, Stopping threads took: 0.0000168 seconds
43.445: [GC (Allocation Failure)  69229K->589K(411136K), 0.0004797 secs]
43.446: Total time for which application threads were stopped: 0.0006412 seconds, Stopping threads took: 0.0000480 seconds
43.488: [GC (Allocation Failure)  68173K->621K(410112K), 0.0004482 secs]
43.489: Total time for which application threads were stopped: 0.0005696 seconds, Stopping threads took: 0.0000211 seconds
43.535: [GC (Allocation Failure)  67181K->621K(409088K), 0.0005645 secs]
43.536: Total time for which application threads were stopped: 0.0006717 seconds, Stopping threads took: 0.0000178 seconds
43.577: [GC (Allocation Failure)  66157K->653K(408064K), 0.0005136 secs]
43.578: Total time for which application threads were stopped: 0.0006547 seconds, Stopping threads took: 0.0000261 seconds
43.622: [GC (Allocation Failure)  65165K->621K(407040K), 0.0004654 secs]
43.622: Total time for which application threads were stopped: 0.0005876 seconds, Stopping threads took: 0.0000192 seconds
43.662: [GC (Allocation Failure)  64109K->621K(419840K), 0.0005592 secs]
43.663: Total time for which application threads were stopped: 0.0007013 seconds, Stopping threads took: 0.0000218 seconds
43.711: [GC (Allocation Failure)  76909K->621K(418816K), 0.0005260 secs]
43.712: Total time for which application threads were stopped: 0.0006757 seconds, Stopping threads took: 0.0000216 seconds
43.765: [GC (Allocation Failure)  75885K->685K(417792K), 0.0004895 secs]
43.766: Total time for which application threads were stopped: 0.0006228 seconds, Stopping threads took: 0.0000227 seconds
43.813: [GC (Allocation Failure)  74925K->653K(416768K), 0.0004859 secs]
43.813: Total time for which application threads were stopped: 0.0006370 seconds, Stopping threads took: 0.0000283 seconds
43.860: [GC (Allocation Failure)  73869K->621K(415744K), 0.0004870 secs]
43.860: Total time for which application threads were stopped: 0.0006185 seconds, Stopping threads took: 0.0000195 seconds
43.909: [GC (Allocation Failure)  72813K->621K(414720K), 0.0005118 secs]
43.910: Total time for which application threads were stopped: 0.0006457 seconds, Stopping threads took: 0.0000209 seconds
43.962: [GC (Allocation Failure)  71789K->621K(413696K), 0.0005379 secs]
43.962: Total time for which application threads were stopped: 0.0006887 seconds, Stopping threads took: 0.0000299 seconds
44.006: [GC (Allocation Failure)  70765K->685K(412672K), 0.0005084 secs]
44.007: Total time for which application threads were stopped: 0.0006885 seconds, Stopping threads took: 0.0000213 seconds
44.050: [GC (Allocation Failure)  69805K->621K(411648K), 0.0005361 secs]
44.051: Total time for which application threads were stopped: 0.0006954 seconds, Stopping threads took: 0.0000300 seconds
44.100: [GC (Allocation Failure)  68717K->621K(410624K), 0.0006324 secs]
44.101: Total time for which application threads were stopped: 0.0007551 seconds, Stopping threads took: 0.0000202 seconds
44.149: [GC (Allocation Failure)  67693K->621K(409600K), 0.0005742 secs]
44.149: Total time for which application threads were stopped: 0.0006948 seconds, Stopping threads took: 0.0000204 seconds
44.198: [GC (Allocation Failure)  66669K->685K(422912K), 0.0007101 secs]
44.199: Total time for which application threads were stopped: 0.0008616 seconds, Stopping threads took: 0.0000298 seconds
44.249: [GC (Allocation Failure)  80045K->621K(421888K), 0.0004047 secs]
44.249: Total time for which application threads were stopped: 0.0005336 seconds, Stopping threads took: 0.0000274 seconds
44.298: [GC (Allocation Failure)  78957K->685K(420864K), 0.0006090 secs]
44.299: Total time for which application threads were stopped: 0.0007412 seconds, Stopping threads took: 0.0000288 seconds
44.348: [GC (Allocation Failure)  77997K->685K(419840K), 0.0005095 secs]
44.348: Total time for which application threads were stopped: 0.0006564 seconds, Stopping threads took: 0.0000271 seconds
44.401: [GC (Allocation Failure)  76973K->653K(418816K), 0.0004789 secs]
44.402: Total time for which application threads were stopped: 0.0005949 seconds, Stopping threads took: 0.0000187 seconds
44.449: [GC (Allocation Failure)  75917K->621K(417792K), 0.0004675 secs]
44.450: Total time for which application threads were stopped: 0.0006095 seconds, Stopping threads took: 0.0000424 seconds
44.500: [GC (Allocation Failure)  74861K->653K(416768K), 0.0004803 secs]
44.501: Total time for which application threads were stopped: 0.0005997 seconds, Stopping threads took: 0.0000196 seconds
44.547: [GC (Allocation Failure)  73869K->653K(415744K), 0.0006323 secs]
44.547: Total time for which application threads were stopped: 0.0007573 seconds, Stopping threads took: 0.0000274 seconds
44.593: [GC (Allocation Failure)  72845K->653K(414720K), 0.0005098 secs]
44.593: Total time for which application threads were stopped: 0.0006339 seconds, Stopping threads took: 0.0000193 seconds
44.638: [GC (Allocation Failure)  71821K->653K(429056K), 0.0007072 secs]
44.639: Total time for which application threads were stopped: 0.0008457 seconds, Stopping threads took: 0.0000270 seconds
44.692: [GC (Allocation Failure)  86157K->653K(446464K), 0.0006257 secs]
44.693: Total time for which application threads were stopped: 0.0007530 seconds, Stopping threads took: 0.0000274 seconds
44.764: [GC (Allocation Failure)  103565K->653K(444416K), 0.0004838 secs]
44.765: Total time for which application threads were stopped: 0.0006115 seconds, Stopping threads took: 0.0000274 seconds
44.828: [GC (Allocation Failure)  101517K->621K(442368K), 0.0005078 secs]
44.829: Total time for which application threads were stopped: 0.0006319 seconds, Stopping threads took: 0.0000273 seconds
44.901: [GC (Allocation Failure)  99437K->685K(440320K), 0.0004487 secs]
44.902: Total time for which application threads were stopped: 0.0005681 seconds, Stopping threads took: 0.0000177 seconds
44.963: [GC (Allocation Failure)  97453K->589K(438272K), 0.0004876 secs]
44.963: Total time for which application threads were stopped: 0.0006208 seconds, Stopping threads took: 0.0000216 seconds
45.028: [GC (Allocation Failure)  95309K->589K(436736K), 0.0006099 secs]
45.029: Total time for which application threads were stopped: 0.0007454 seconds, Stopping threads took: 0.0000293 seconds
45.093: [GC (Allocation Failure)  93773K->653K(435200K), 0.0005357 secs]
45.094: Total time for which application threads were stopped: 0.0006797 seconds, Stopping threads took: 0.0000196 seconds
45.151: [GC (Allocation Failure)  92301K->653K(433664K), 0.0006863 secs]
45.152: Total time for which application threads were stopped: 0.0008208 seconds, Stopping threads took: 0.0000224 seconds
45.208: [GC (Allocation Failure)  90765K->685K(432128K), 0.0005027 secs]
45.209: Total time for which application threads were stopped: 0.0006257 seconds, Stopping threads took: 0.0000202 seconds
45.265: [GC (Allocation Failure)  89261K->653K(430592K), 0.0005328 secs]
45.266: Total time for which application threads were stopped: 0.0006811 seconds, Stopping threads took: 0.0000223 seconds
45.323: [GC (Allocation Failure)  87693K->685K(429056K), 0.0004712 secs]
45.324: Total time for which application threads were stopped: 0.0005990 seconds, Stopping threads took: 0.0000219 seconds
45.377: [GC (Allocation Failure)  86189K->621K(427520K), 0.0004516 secs]
45.378: Total time for which application threads were stopped: 0.0005622 seconds, Stopping threads took: 0.0000167 seconds
45.434: [GC (Allocation Failure)  84589K->653K(425984K), 0.0004871 secs]
45.434: Total time for which application threads were stopped: 0.0006164 seconds, Stopping threads took: 0.0000279 seconds
45.487: [GC (Allocation Failure)  83085K->653K(424448K), 0.0005150 secs]
45.487: Total time for which application threads were stopped: 0.0006532 seconds, Stopping threads took: 0.0000288 seconds
45.538: [GC (Allocation Failure)  81549K->621K(422912K), 0.0005023 secs]
45.539: Total time for which application threads were stopped: 0.0006417 seconds, Stopping threads took: 0.0000205 seconds
45.594: [GC (Allocation Failure)  79981K->621K(421888K), 0.0005803 secs]
45.595: Total time for which application threads were stopped: 0.0007186 seconds, Stopping threads took: 0.0000300 seconds
45.648: [GC (Allocation Failure)  78957K->653K(420864K), 0.0005034 secs]
45.649: Total time for which application threads were stopped: 0.0006355 seconds, Stopping threads took: 0.0000282 seconds
45.702: [GC (Allocation Failure)  77965K->653K(419840K), 0.0005174 secs]
45.703: Total time for which application threads were stopped: 0.0006470 seconds, Stopping threads took: 0.0000212 seconds
45.751: [GC (Allocation Failure)  76941K->621K(418816K), 0.0004937 secs]
45.752: Total time for which application threads were stopped: 0.0006274 seconds, Stopping threads took: 0.0000279 seconds
45.800: [GC (Allocation Failure)  75885K->621K(417792K), 0.0007168 secs]
45.800: Total time for which application threads were stopped: 0.0008422 seconds, Stopping threads took: 0.0000205 seconds
45.848: [GC (Allocation Failure)  74861K->717K(416768K), 0.0004673 secs]
45.849: Total time for which application threads were stopped: 0.0005871 seconds, Stopping threads took: 0.0000200 seconds
45.895: [GC (Allocation Failure)  73933K->685K(415744K), 0.0004827 secs]
45.896: Total time for which application threads were stopped: 0.0006051 seconds, Stopping threads took: 0.0000198 seconds
45.941: [GC (Allocation Failure)  72877K->621K(430592K), 0.0008331 secs]
45.942: Total time for which application threads were stopped: 0.0009606 seconds, Stopping threads took: 0.0000207 seconds
45.997: [GC (Allocation Failure)  87661K->621K(448000K), 0.0006433 secs]
45.998: Total time for which application threads were stopped: 0.0007806 seconds, Stopping threads took: 0.0000222 seconds
46.067: [GC (Allocation Failure)  105069K->653K(445952K), 0.0006384 secs]
46.068: Total time for which application threads were stopped: 0.0007912 seconds, Stopping threads took: 0.0000234 seconds
46.132: [GC (Allocation Failure)  103053K->685K(443904K), 0.0004767 secs]
46.132: Total time for which application threads were stopped: 0.0006126 seconds, Stopping threads took: 0.0000194 seconds
46.195: [GC (Allocation Failure)  101037K->589K(441856K), 0.0004986 secs]
46.196: Total time for which application threads were stopped: 0.0006391 seconds, Stopping threads took: 0.0000278 seconds
46.263: [GC (Allocation Failure)  98893K->653K(439808K), 0.0005237 secs]
46.264: Total time for which application threads were stopped: 0.0006471 seconds, Stopping threads took: 0.0000261 seconds
46.324: [GC (Allocation Failure)  96909K->589K(437760K), 0.0006620 secs]
46.325: Total time for which application threads were stopped: 0.0007871 seconds, Stopping threads took: 0.0000214 seconds
46.384: [GC (Allocation Failure)  94797K->589K(436224K), 0.0005939 secs]
46.384: Total time for which application threads were stopped: 0.0007208 seconds, Stopping threads took: 0.0000187 seconds
46.442: [GC (Allocation Failure)  93261K->685K(434688K), 0.0004485 secs]
46.443: Total time for which application threads were stopped: 0.0005885 seconds, Stopping threads took: 0.0000205 seconds
46.504: [GC (Allocation Failure)  91821K->621K(433152K), 0.0005352 secs]
46.505: Total time for which application threads were stopped: 0.0006633 seconds, Stopping threads took: 0.0000176 seconds
46.561: [GC (Allocation Failure)  90221K->685K(431616K), 0.0005372 secs]
46.561: Total time for which application threads were stopped: 0.0006657 seconds, Stopping threads took: 0.0000280 seconds
46.617: [GC (Allocation Failure)  88749K->621K(430080K), 0.0005050 secs]
46.617: Total time for which application threads were stopped: 0.0006692 seconds, Stopping threads took: 0.0000217 seconds
46.671: [GC (Allocation Failure)  87149K->653K(428544K), 0.0005021 secs]
46.672: Total time for which application threads were stopped: 0.0006480 seconds, Stopping threads took: 0.0000226 seconds
46.725: [GC (Allocation Failure)  85645K->589K(427008K), 0.0006058 secs]
46.726: Total time for which application threads were stopped: 0.0007612 seconds, Stopping threads took: 0.0000307 seconds
46.785: [GC (Allocation Failure)  84045K->589K(425472K), 0.0004736 secs]
46.786: Total time for which application threads were stopped: 0.0005978 seconds, Stopping threads took: 0.0000201 seconds
46.839: [GC (Allocation Failure)  82509K->589K(423936K), 0.0006222 secs]
46.839: Total time for which application threads were stopped: 0.0007335 seconds, Stopping threads took: 0.0000153 seconds
46.890: [GC (Allocation Failure)  80973K->621K(422400K), 0.0004445 secs]
46.890: Total time for which application threads were stopped: 0.0005609 seconds, Stopping threads took: 0.0000187 seconds
46.945: [GC (Allocation Failure)  79469K->653K(421376K), 0.0004869 secs]
46.945: Total time for which application threads were stopped: 0.0006137 seconds, Stopping threads took: 0.0000276 seconds
46.994: [GC (Allocation Failure)  78477K->717K(420352K), 0.0004737 secs]
46.995: Total time for which application threads were stopped: 0.0005992 seconds, Stopping threads took: 0.0000267 seconds
47.046: [GC (Allocation Failure)  77517K->653K(419328K), 0.0004851 secs]
47.046: Total time for which application threads were stopped: 0.0006158 seconds, Stopping threads took: 0.0000284 seconds
47.094: [GC (Allocation Failure)  76429K->717K(418304K), 0.0006475 secs]
47.095: Total time for which application threads were stopped: 0.0007764 seconds, Stopping threads took: 0.0000202 seconds
47.142: [GC (Allocation Failure)  75469K->653K(417280K), 0.0005000 secs]
47.142: Total time for which application threads were stopped: 0.0006175 seconds, Stopping threads took: 0.0000191 seconds
47.194: [GC (Allocation Failure)  74381K->653K(416256K), 0.0005530 secs]
47.195: Total time for which application threads were stopped: 0.0006943 seconds, Stopping threads took: 0.0000195 seconds
47.244: [GC (Allocation Failure)  73357K->653K(415232K), 0.0006190 secs]
47.245: Total time for which application threads were stopped: 0.0007782 seconds, Stopping threads took: 0.0000312 seconds
47.294: [GC (Allocation Failure)  72333K->621K(414208K), 0.0005604 secs]
47.295: Total time for which application threads were stopped: 0.0006911 seconds, Stopping threads took: 0.0000255 seconds
47.340: [GC (Allocation Failure)  71277K->621K(413184K), 0.0005801 secs]
47.340: Total time for which application threads were stopped: 0.0007382 seconds, Stopping threads took: 0.0000298 seconds
47.389: [GC (Allocation Failure)  70253K->685K(412160K), 0.0004658 secs]
47.390: Total time for which application threads were stopped: 0.0006096 seconds, Stopping threads took: 0.0000409 seconds
47.439: [GC (Allocation Failure)  69293K->685K(411136K), 0.0005506 secs]
47.440: Total time for which application threads were stopped: 0.0006782 seconds, Stopping threads took: 0.0000275 seconds
47.482: [GC (Allocation Failure)  68269K->653K(410112K), 0.0004798 secs]
47.482: Total time for which application threads were stopped: 0.0006091 seconds, Stopping threads took: 0.0000270 seconds
47.530: [GC (Allocation Failure)  67213K->589K(409088K), 0.0004690 secs]
47.530: Total time for which application threads were stopped: 0.0005948 seconds, Stopping threads took: 0.0000269 seconds
47.572: [GC (Allocation Failure)  66125K->653K(408064K), 0.0004626 secs]
47.572: Total time for which application threads were stopped: 0.0005833 seconds, Stopping threads took: 0.0000202 seconds
47.613: [GC (Allocation Failure)  65165K->653K(407040K), 0.0004913 secs]
47.613: Total time for which application threads were stopped: 0.0006190 seconds, Stopping threads took: 0.0000275 seconds
47.653: [GC (Allocation Failure)  64141K->653K(406016K), 0.0005161 secs]
47.654: Total time for which application threads were stopped: 0.0006491 seconds, Stopping threads took: 0.0000265 seconds
47.693: [GC (Allocation Failure)  63117K->685K(405504K), 0.0005041 secs]
47.694: Total time for which application threads were stopped: 0.0006315 seconds, Stopping threads took: 0.0000203 seconds
47.733: [GC (Allocation Failure)  62637K->621K(418304K), 0.0004821 secs]
47.733: Total time for which application threads were stopped: 0.0006214 seconds, Stopping threads took: 0.0000279 seconds
47.786: [GC (Allocation Failure)  75373K->685K(417280K), 0.0004357 secs]
47.786: Total time for which application threads were stopped: 0.0005514 seconds, Stopping threads took: 0.0000178 seconds
47.833: [GC (Allocation Failure)  74413K->685K(416256K), 0.0004906 secs]
47.833: Total time for which application threads were stopped: 0.0006268 seconds, Stopping threads took: 0.0000256 seconds
47.879: [GC (Allocation Failure)  73389K->653K(415232K), 0.0004573 secs]
47.880: Total time for which application threads were stopped: 0.0005966 seconds, Stopping threads took: 0.0000290 seconds
47.925: [GC (Allocation Failure)  72333K->685K(414208K), 0.0005312 secs]
47.925: Total time for which application threads were stopped: 0.0006581 seconds, Stopping threads took: 0.0000193 seconds
47.970: [GC (Allocation Failure)  71341K->653K(413184K), 0.0005995 secs]
47.971: Total time for which application threads were stopped: 0.0007366 seconds, Stopping threads took: 0.0000196 seconds
48.020: [GC (Allocation Failure)  70285K->589K(412160K), 0.0005768 secs]
48.021: Total time for which application threads were stopped: 0.0006990 seconds, Stopping threads took: 0.0000233 seconds
48.070: [GC (Allocation Failure)  69197K->685K(425984K), 0.0005988 secs]
48.070: Total time for which application threads were stopped: 0.0007170 seconds, Stopping threads took: 0.0000203 seconds
48.122: [GC (Allocation Failure)  83117K->653K(442880K), 0.0006326 secs]
48.123: Total time for which application threads were stopped: 0.0007629 seconds, Stopping threads took: 0.0000191 seconds
48.185: [GC (Allocation Failure)  99981K->685K(440832K), 0.0004804 secs]
48.186: Total time for which application threads were stopped: 0.0006188 seconds, Stopping threads took: 0.0000275 seconds
48.247: [GC (Allocation Failure)  97965K->621K(438784K), 0.0004162 secs]
48.248: Total time for which application threads were stopped: 0.0005447 seconds, Stopping threads took: 0.0000278 seconds
48.310: [GC (Allocation Failure)  95853K->653K(437248K), 0.0004619 secs]
48.310: Total time for which application threads were stopped: 0.0005851 seconds, Stopping threads took: 0.0000198 seconds
48.373: [GC (Allocation Failure)  94349K->621K(435712K), 0.0005819 secs]
48.373: Total time for which application threads were stopped: 0.0007032 seconds, Stopping threads took: 0.0000209 seconds
48.435: [GC (Allocation Failure)  92781K->621K(434176K), 0.0004072 secs]
48.435: Total time for which application threads were stopped: 0.0005170 seconds, Stopping threads took: 0.0000169 seconds
48.498: [GC (Allocation Failure)  91245K->653K(432640K), 0.0005004 secs]
48.499: Total time for which application threads were stopped: 0.0006247 seconds, Stopping threads took: 0.0000203 seconds
48.555: [GC (Allocation Failure)  89741K->621K(431104K), 0.0004792 secs]
48.556: Total time for which application threads were stopped: 0.0006092 seconds, Stopping threads took: 0.0000273 seconds
48.611: [GC (Allocation Failure)  88173K->653K(429568K), 0.0005080 secs]
48.611: Total time for which application threads were stopped: 0.0006505 seconds, Stopping threads took: 0.0000214 seconds
48.666: [GC (Allocation Failure)  86669K->621K(428032K), 0.0005080 secs]
48.666: Total time for which application threads were stopped: 0.0006471 seconds, Stopping threads took: 0.0000219 seconds
48.726: [GC (Allocation Failure)  85101K->717K(426496K), 0.0006567 secs]
48.726: Total time for which application threads were stopped: 0.0007992 seconds, Stopping threads took: 0.0000223 seconds
48.779: [GC (Allocation Failure)  83661K->685K(424960K), 0.0004719 secs]
48.779: Total time for which application threads were stopped: 0.0006042 seconds, Stopping threads took: 0.0000277 seconds
48.831: [GC (Allocation Failure)  82093K->621K(423424K), 0.0005037 secs]
48.832: Total time for which application threads were stopped: 0.0006483 seconds, Stopping threads took: 0.0000252 seconds
48.884: [GC (Allocation Failure)  80493K->621K(422400K), 0.0005181 secs]
48.885: Total time for which application threads were stopped: 0.0006349 seconds, Stopping threads took: 0.0000189 seconds
48.938: [GC (Allocation Failure)  79469K->717K(421376K), 0.0005465 secs]
48.938: Total time for which application threads were stopped: 0.0006706 seconds, Stopping threads took: 0.0000268 seconds
48.987: [GC (Allocation Failure)  78541K->621K(420352K), 0.0004928 secs]
48.988: Total time for which application threads were stopped: 0.0006189 seconds, Stopping threads took: 0.0000266 seconds
49.038: [GC (Allocation Failure)  77421K->589K(419328K), 0.0005015 secs]
49.039: Total time for which application threads were stopped: 0.0006392 seconds, Stopping threads took: 0.0000217 seconds
49.087: [GC (Allocation Failure)  76365K->621K(418304K), 0.0004732 secs]
49.087: Total time for which application threads were stopped: 0.0006031 seconds, Stopping threads took: 0.0000214 seconds
49.138: [GC (Allocation Failure)  75373K->621K(417280K), 0.0004686 secs]
49.139: Total time for which application threads were stopped: 0.0005842 seconds, Stopping threads took: 0.0000185 seconds
49.191: [GC (Allocation Failure)  74349K->685K(416256K), 0.0004599 secs]
49.191: Total time for which application threads were stopped: 0.0005778 seconds, Stopping threads took: 0.0000201 seconds
49.237: [GC (Allocation Failure)  73389K->717K(415232K), 0.0004647 secs]
49.237: Total time for which application threads were stopped: 0.0005798 seconds, Stopping threads took: 0.0000164 seconds
49.283: [GC (Allocation Failure)  72397K->557K(414208K), 0.0004311 secs]
49.284: Total time for which application threads were stopped: 0.0005488 seconds, Stopping threads took: 0.0000196 seconds
49.328: [GC (Allocation Failure)  71213K->653K(413184K), 0.0004763 secs]
49.328: Total time for which application threads were stopped: 0.0005940 seconds, Stopping threads took: 0.0000193 seconds
49.372: [GC (Allocation Failure)  70285K->685K(412160K), 0.0005118 secs]
49.373: Total time for which application threads were stopped: 0.0006341 seconds, Stopping threads took: 0.0000192 seconds
49.416: [GC (Allocation Failure)  69293K->621K(411136K), 0.0004923 secs]
49.416: Total time for which application threads were stopped: 0.0006338 seconds, Stopping threads took: 0.0000211 seconds
49.459: [GC (Allocation Failure)  68205K->685K(410112K), 0.0005630 secs]
49.459: Total time for which application threads were stopped: 0.0006935 seconds, Stopping threads took: 0.0000277 seconds
49.501: [GC (Allocation Failure)  67245K->621K(409088K), 0.0005090 secs]
49.502: Total time for which application threads were stopped: 0.0006477 seconds, Stopping threads took: 0.0000221 seconds
49.548: [GC (Allocation Failure)  66157K->653K(408064K), 0.0005522 secs]
49.548: Total time for which application threads were stopped: 0.0007029 seconds, Stopping threads took: 0.0000305 seconds
49.589: [GC (Allocation Failure)  65165K->621K(407040K), 0.0005373 secs]
49.589: Total time for which application threads were stopped: 0.0006904 seconds, Stopping threads took: 0.0000280 seconds
49.629: [GC (Allocation Failure)  64109K->653K(406016K), 0.0004550 secs]
49.630: Total time for which application threads were stopped: 0.0006033 seconds, Stopping threads took: 0.0000295 seconds
49.669: [GC (Allocation Failure)  63117K->685K(418816K), 0.0005821 secs]
49.670: Total time for which application threads were stopped: 0.0007247 seconds, Stopping threads took: 0.0000216 seconds
49.717: [GC (Allocation Failure)  75949K->621K(434176K), 0.0005081 secs]
49.718: Total time for which application threads were stopped: 0.0006916 seconds, Stopping threads took: 0.0000454 seconds
49.775: [GC (Allocation Failure)  91245K->621K(432640K), 0.0004364 secs]
49.776: Total time for which application threads were stopped: 0.0005664 seconds, Stopping threads took: 0.0000264 seconds
49.832: [GC (Allocation Failure)  89709K->589K(431104K), 0.0004114 secs]
49.833: Total time for which application threads were stopped: 0.0005568 seconds, Stopping threads took: 0.0000251 seconds
49.890: [GC (Allocation Failure)  88141K->621K(429568K), 0.0003910 secs]
49.890: Total time for which application threads were stopped: 0.0004970 seconds, Stopping threads took: 0.0000166 seconds
49.944: [GC (Allocation Failure)  86637K->621K(428032K), 0.0004652 secs]
49.945: Total time for which application threads were stopped: 0.0005709 seconds, Stopping threads took: 0.0000171 seconds
49.998: [GC (Allocation Failure)  85101K->621K(426496K), 0.0005413 secs]
49.998: Total time for which application threads were stopped: 0.0006469 seconds, Stopping threads took: 0.0000166 seconds
50.050: [GC (Allocation Failure)  83565K->621K(424960K), 0.0005659 secs]
50.051: Total time for which application threads were stopped: 0.0006865 seconds, Stopping threads took: 0.0000198 seconds
50.102: [GC (Allocation Failure)  82029K->653K(423424K), 0.0006771 secs]
50.103: Total time for which application threads were stopped: 0.0008016 seconds, Stopping threads took: 0.0000223 seconds
50.159: [GC (Allocation Failure)  80525K->653K(422400K), 0.0005963 secs]
50.159: Total time for which application threads were stopped: 0.0007179 seconds, Stopping threads took: 0.0000198 seconds
50.213: [GC (Allocation Failure)  79501K->621K(421376K), 0.0004944 secs]
50.213: Total time for which application threads were stopped: 0.0006216 seconds, Stopping threads took: 0.0000277 seconds
50.262: [GC (Allocation Failure)  78445K->685K(420352K), 0.0005812 secs]
50.263: Total time for which application threads were stopped: 0.0007088 seconds, Stopping threads took: 0.0000196 seconds
50.311: [GC (Allocation Failure)  77485K->717K(419328K), 0.0004856 secs]
50.312: Total time for which application threads were stopped: 0.0006185 seconds, Stopping threads took: 0.0000278 seconds
50.362: [GC (Allocation Failure)  76493K->621K(418304K), 0.0004827 secs]
50.362: Total time for which application threads were stopped: 0.0006062 seconds, Stopping threads took: 0.0000167 seconds
50.409: [GC (Allocation Failure)  75373K->621K(417280K), 0.0004920 secs]
50.410: Total time for which application threads were stopped: 0.0006329 seconds, Stopping threads took: 0.0000287 seconds
50.457: [GC (Allocation Failure)  74349K->621K(416256K), 0.0005635 secs]
50.457: Total time for which application threads were stopped: 0.0007120 seconds, Stopping threads took: 0.0000218 seconds
50.509: [GC (Allocation Failure)  73325K->717K(415232K), 0.0005392 secs]
50.510: Total time for which application threads were stopped: 0.0006846 seconds, Stopping threads took: 0.0000231 seconds
50.555: [GC (Allocation Failure)  72397K->589K(414208K), 0.0006635 secs]
50.555: Total time for which application threads were stopped: 0.0008134 seconds, Stopping threads took: 0.0000227 seconds
50.605: [GC (Allocation Failure)  71245K->589K(428544K), 0.0006260 secs]
50.606: Total time for which application threads were stopped: 0.0007706 seconds, Stopping threads took: 0.0000364 seconds
50.659: [GC (Allocation Failure)  85581K->717K(427008K), 0.0004764 secs]
50.660: Total time for which application threads were stopped: 0.0006039 seconds, Stopping threads took: 0.0000273 seconds
50.712: [GC (Allocation Failure)  84173K->589K(425472K), 0.0006138 secs]
50.713: Total time for which application threads were stopped: 0.0007328 seconds, Stopping threads took: 0.0000195 seconds
50.765: [GC (Allocation Failure)  82509K->621K(423936K), 0.0004349 secs]
50.765: Total time for which application threads were stopped: 0.0005549 seconds, Stopping threads took: 0.0000256 seconds
50.819: [GC (Allocation Failure)  81005K->589K(422400K), 0.0004921 secs]
50.820: Total time for which application threads were stopped: 0.0006089 seconds, Stopping threads took: 0.0000162 seconds
50.873: [GC (Allocation Failure)  79437K->621K(421376K), 0.0005730 secs]
50.873: Total time for which application threads were stopped: 0.0007005 seconds, Stopping threads took: 0.0000198 seconds
50.922: [GC (Allocation Failure)  78445K->557K(420352K), 0.0005677 secs]
50.923: Total time for which application threads were stopped: 0.0007060 seconds, Stopping threads took: 0.0000207 seconds
50.977: [GC (Allocation Failure)  77357K->653K(419328K), 0.0005037 secs]
50.978: Total time for which application threads were stopped: 0.0006829 seconds, Stopping threads took: 0.0000502 seconds
51.030: [GC (Allocation Failure)  76429K->653K(418304K), 0.0004901 secs]
51.031: Total time for which application threads were stopped: 0.0006178 seconds, Stopping threads took: 0.0000210 seconds
51.078: [GC (Allocation Failure)  75405K->589K(417280K), 0.0006225 secs]
51.079: Total time for which application threads were stopped: 0.0007500 seconds, Stopping threads took: 0.0000212 seconds
51.131: [GC (Allocation Failure)  74317K->621K(416256K), 0.0005179 secs]
51.132: Total time for which application threads were stopped: 0.0006626 seconds, Stopping threads took: 0.0000293 seconds
51.181: [GC (Allocation Failure)  73325K->621K(415232K), 0.0004695 secs]
51.181: Total time for which application threads were stopped: 0.0006059 seconds, Stopping threads took: 0.0000221 seconds
51.231: [GC (Allocation Failure)  72301K->653K(414208K), 0.0006594 secs]
51.232: Total time for which application threads were stopped: 0.0008071 seconds, Stopping threads took: 0.0000294 seconds
51.277: [GC (Allocation Failure)  71309K->653K(428544K), 0.0006863 secs]
51.278: Total time for which application threads were stopped: 0.0008224 seconds, Stopping threads took: 0.0000273 seconds
51.331: [GC (Allocation Failure)  85645K->621K(427008K), 0.0005233 secs]
51.332: Total time for which application threads were stopped: 0.0006751 seconds, Stopping threads took: 0.0000220 seconds
51.390: [GC (Allocation Failure)  84077K->653K(425472K), 0.0006552 secs]
51.390: Total time for which application threads were stopped: 0.0008079 seconds, Stopping threads took: 0.0000227 seconds
51.442: [GC (Allocation Failure)  82573K->621K(423936K), 0.0004762 secs]
51.442: Total time for which application threads were stopped: 0.0005972 seconds, Stopping threads took: 0.0000187 seconds
51.493: [GC (Allocation Failure)  81005K->685K(422400K), 0.0005154 secs]
51.493: Total time for which application threads were stopped: 0.0006515 seconds, Stopping threads took: 0.0000198 seconds
51.543: [GC (Allocation Failure)  79533K->621K(421376K), 0.0004686 secs]
51.543: Total time for which application threads were stopped: 0.0005974 seconds, Stopping threads took: 0.0000214 seconds
51.596: [GC (Allocation Failure)  78445K->653K(420352K), 0.0004468 secs]
51.597: Total time for which application threads were stopped: 0.0005726 seconds, Stopping threads took: 0.0000275 seconds
51.650: [GC (Allocation Failure)  77453K->685K(419328K), 0.0005054 secs]
51.651: Total time for which application threads were stopped: 0.0006154 seconds, Stopping threads took: 0.0000170 seconds
51.698: [GC (Allocation Failure)  76461K->621K(418304K), 0.0005959 secs]
51.699: Total time for which application threads were stopped: 0.0007413 seconds, Stopping threads took: 0.0000279 seconds
51.752: [GC (Allocation Failure)  75373K->621K(417280K), 0.0004638 secs]
51.752: Total time for which application threads were stopped: 0.0005997 seconds, Stopping threads took: 0.0000213 seconds
51.799: [GC (Allocation Failure)  74349K->621K(416256K), 0.0005479 secs]
51.799: Total time for which application threads were stopped: 0.0006872 seconds, Stopping threads took: 0.0000264 seconds
51.846: [GC (Allocation Failure)  73325K->653K(415232K), 0.0004826 secs]
51.847: Total time for which application threads were stopped: 0.0006084 seconds, Stopping threads took: 0.0000195 seconds
51.893: [GC (Allocation Failure)  72333K->653K(414208K), 0.0004898 secs]
51.893: Total time for which application threads were stopped: 0.0006304 seconds, Stopping threads took: 0.0000206 seconds
51.938: [GC (Allocation Failure)  71309K->653K(413184K), 0.0006008 secs]
51.938: Total time for which application threads were stopped: 0.0007269 seconds, Stopping threads took: 0.0000200 seconds
51.988: [GC (Allocation Failure)  70285K->589K(412160K), 0.0005482 secs]
51.988: Total time for which application threads were stopped: 0.0006695 seconds, Stopping threads took: 0.0000194 seconds
52.031: [GC (Allocation Failure)  69197K->621K(411136K), 0.0005247 secs]
52.032: Total time for which application threads were stopped: 0.0006475 seconds, Stopping threads took: 0.0000261 seconds
52.080: [GC (Allocation Failure)  68205K->685K(410112K), 0.0005411 secs]
52.080: Total time for which application threads were stopped: 0.0006687 seconds, Stopping threads took: 0.0000269 seconds
52.128: [GC (Allocation Failure)  67245K->685K(409088K), 0.0004675 secs]
52.128: Total time for which application threads were stopped: 0.0005828 seconds, Stopping threads took: 0.0000193 seconds
52.169: [GC (Allocation Failure)  66221K->685K(408064K), 0.0004936 secs]
52.170: Total time for which application threads were stopped: 0.0006217 seconds, Stopping threads took: 0.0000209 seconds
52.211: [GC (Allocation Failure)  65197K->589K(421376K), 0.0006183 secs]
52.211: Total time for which application threads were stopped: 0.0007634 seconds, Stopping threads took: 0.0000204 seconds
52.263: [GC (Allocation Failure)  78413K->621K(420352K), 0.0004777 secs]
52.264: Total time for which application threads were stopped: 0.0005975 seconds, Stopping threads took: 0.0000262 seconds
52.312: [GC (Allocation Failure)  77421K->685K(419328K), 0.0005123 secs]
52.313: Total time for which application threads were stopped: 0.0006352 seconds, Stopping threads took: 0.0000199 seconds
52.361: [GC (Allocation Failure)  76461K->589K(418304K), 0.0005969 secs]
52.361: Total time for which application threads were stopped: 0.0007300 seconds, Stopping threads took: 0.0000210 seconds
52.408: [GC (Allocation Failure)  75341K->589K(433664K), 0.0006893 secs]
52.409: Total time for which application threads were stopped: 0.0008340 seconds, Stopping threads took: 0.0000209 seconds
52.471: [GC (Allocation Failure)  90701K->653K(432128K), 0.0004950 secs]
52.472: Total time for which application threads were stopped: 0.0006330 seconds, Stopping threads took: 0.0000270 seconds
52.527: [GC (Allocation Failure)  89229K->621K(430592K), 0.0005323 secs]
52.528: Total time for which application threads were stopped: 0.0006802 seconds, Stopping threads took: 0.0000199 seconds
52.588: [GC (Allocation Failure)  87661K->621K(429056K), 0.0004446 secs]
52.588: Total time for which application threads were stopped: 0.0005536 seconds, Stopping threads took: 0.0000167 seconds
52.642: [GC (Allocation Failure)  86125K->621K(427520K), 0.0005757 secs]
52.642: Total time for which application threads were stopped: 0.0006992 seconds, Stopping threads took: 0.0000195 seconds
52.695: [GC (Allocation Failure)  84589K->621K(425984K), 0.0004933 secs]
52.696: Total time for which application threads were stopped: 0.0006734 seconds, Stopping threads took: 0.0000284 seconds
52.753: [GC (Allocation Failure)  83053K->717K(424448K), 0.0004093 secs]
52.753: Total time for which application threads were stopped: 0.0005306 seconds, Stopping threads took: 0.0000249 seconds
52.805: [GC (Allocation Failure)  81613K->685K(422912K), 0.0005262 secs]
52.806: Total time for which application threads were stopped: 0.0006542 seconds, Stopping threads took: 0.0000271 seconds
52.857: [GC (Allocation Failure)  80045K->621K(421888K), 0.0004750 secs]
52.857: Total time for which application threads were stopped: 0.0005971 seconds, Stopping threads took: 0.0000260 seconds
52.906: [GC (Allocation Failure)  78957K->685K(420864K), 0.0006007 secs]
52.907: Total time for which application threads were stopped: 0.0007214 seconds, Stopping threads took: 0.0000192 seconds
52.961: [GC (Allocation Failure)  77997K->621K(419840K), 0.0005069 secs]
52.962: Total time for which application threads were stopped: 0.0006415 seconds, Stopping threads took: 0.0000197 seconds
53.014: [GC (Allocation Failure)  76909K->621K(418816K), 0.0005005 secs]
53.015: Total time for which application threads were stopped: 0.0006248 seconds, Stopping threads took: 0.0000273 seconds
53.062: [GC (Allocation Failure)  75885K->653K(417792K), 0.0004798 secs]
53.062: Total time for which application threads were stopped: 0.0006061 seconds, Stopping threads took: 0.0000267 seconds
53.109: [GC (Allocation Failure)  74893K->685K(416768K), 0.0004830 secs]
53.109: Total time for which application threads were stopped: 0.0006027 seconds, Stopping threads took: 0.0000196 seconds
53.156: [GC (Allocation Failure)  73901K->685K(415744K), 0.0005108 secs]
53.156: Total time for which application threads were stopped: 0.0006315 seconds, Stopping threads took: 0.0000199 seconds
53.202: [GC (Allocation Failure)  72877K->621K(414720K), 0.0004751 secs]
53.202: Total time for which application threads were stopped: 0.0005960 seconds, Stopping threads took: 0.0000202 seconds
53.247: [GC (Allocation Failure)  71789K->621K(413696K), 0.0005954 secs]
53.247: Total time for which application threads were stopped: 0.0007287 seconds, Stopping threads took: 0.0000276 seconds
53.293: [GC (Allocation Failure)  70765K->685K(412672K), 0.0004758 secs]
53.293: Total time for which application threads were stopped: 0.0006210 seconds, Stopping threads took: 0.0000270 seconds
53.344: [GC (Allocation Failure)  69805K->717K(411648K), 0.0004086 secs]
53.344: Total time for which application threads were stopped: 0.0005318 seconds, Stopping threads took: 0.0000246 seconds
53.387: [GC (Allocation Failure)  68813K->653K(410624K), 0.0005018 secs]
53.388: Total time for which application threads were stopped: 0.0006297 seconds, Stopping threads took: 0.0000203 seconds
53.430: [GC (Allocation Failure)  67725K->621K(409600K), 0.0004880 secs]
53.430: Total time for which application threads were stopped: 0.0006232 seconds, Stopping threads took: 0.0000296 seconds
53.472: [GC (Allocation Failure)  66669K->685K(408576K), 0.0004718 secs]
53.472: Total time for which application threads were stopped: 0.0005891 seconds, Stopping threads took: 0.0000200 seconds
53.513: [GC (Allocation Failure)  65709K->589K(407552K), 0.0004667 secs]
53.514: Total time for which application threads were stopped: 0.0005754 seconds, Stopping threads took: 0.0000169 seconds
53.554: [GC (Allocation Failure)  64589K->685K(406528K), 0.0004865 secs]
53.554: Total time for which application threads were stopped: 0.0006075 seconds, Stopping threads took: 0.0000191 seconds
53.594: [GC (Allocation Failure)  63661K->653K(405504K), 0.0004753 secs]
53.595: Total time for which application threads were stopped: 0.0006186 seconds, Stopping threads took: 0.0000210 seconds
53.634: [GC (Allocation Failure)  62605K->653K(418304K), 0.0005334 secs]
53.634: Total time for which application threads were stopped: 0.0006784 seconds, Stopping threads took: 0.0000295 seconds
53.681: [GC (Allocation Failure)  75405K->685K(417280K), 0.0005236 secs]
53.682: Total time for which application threads were stopped: 0.0006911 seconds, Stopping threads took: 0.0000218 seconds
53.728: [GC (Allocation Failure)  74413K->621K(416256K), 0.0005372 secs]
53.729: Total time for which application threads were stopped: 0.0006895 seconds, Stopping threads took: 0.0000221 seconds
53.775: [GC (Allocation Failure)  73325K->589K(415232K), 0.0005523 secs]
53.775: Total time for which application threads were stopped: 0.0007041 seconds, Stopping threads took: 0.0000284 seconds
53.827: [GC (Allocation Failure)  72269K->621K(429568K), 0.0006785 secs]
53.827: Total time for which application threads were stopped: 0.0008064 seconds, Stopping threads took: 0.0000277 seconds
53.883: [GC (Allocation Failure)  86637K->621K(428032K), 0.0005757 secs]
53.884: Total time for which application threads were stopped: 0.0007355 seconds, Stopping threads took: 0.0000302 seconds
53.937: [GC (Allocation Failure)  85101K->717K(426496K), 0.0005976 secs]
53.938: Total time for which application threads were stopped: 0.0007436 seconds, Stopping threads took: 0.0000224 seconds
53.990: [GC (Allocation Failure)  83661K->653K(424960K), 0.0006371 secs]
53.991: Total time for which application threads were stopped: 0.0007751 seconds, Stopping threads took: 0.0000222 seconds
54.046: [GC (Allocation Failure)  82061K->653K(423424K), 0.0004945 secs]
54.047: Total time for which application threads were stopped: 0.0006124 seconds, Stopping threads took: 0.0000188 seconds
54.097: [GC (Allocation Failure)  80525K->621K(422400K), 0.0005166 secs]
54.097: Total time for which application threads were stopped: 0.0006557 seconds, Stopping threads took: 0.0000205 seconds
54.150: [GC (Allocation Failure)  79469K->621K(421376K), 0.0004481 secs]
54.150: Total time for which application threads were stopped: 0.0005579 seconds, Stopping threads took: 0.0000168 seconds
54.199: [GC (Allocation Failure)  78445K->653K(420352K), 0.0004634 secs]
54.200: Total time for which application threads were stopped: 0.0005864 seconds, Stopping threads took: 0.0000266 seconds
54.254: [GC (Allocation Failure)  77453K->621K(419328K), 0.0005551 secs]
54.254: Total time for which application threads were stopped: 0.0006772 seconds, Stopping threads took: 0.0000202 seconds
54.302: [GC (Allocation Failure)  76397K->621K(418304K), 0.0004933 secs]
54.303: Total time for which application threads were stopped: 0.0006307 seconds, Stopping threads took: 0.0000254 seconds
54.350: [GC (Allocation Failure)  75373K->653K(417280K), 0.0004893 secs]
54.350: Total time for which application threads were stopped: 0.0006246 seconds, Stopping threads took: 0.0000213 seconds
54.400: [GC (Allocation Failure)  74381K->589K(416256K), 0.0006824 secs]
54.401: Total time for which application threads were stopped: 0.0008368 seconds, Stopping threads took: 0.0000292 seconds
54.453: [GC (Allocation Failure)  73293K->589K(415232K), 0.0005061 secs]
54.454: Total time for which application threads were stopped: 0.0006141 seconds, Stopping threads took: 0.0000195 seconds
54.499: [GC (Allocation Failure)  72269K->621K(414208K), 0.0004497 secs]
54.499: Total time for which application threads were stopped: 0.0005590 seconds, Stopping threads took: 0.0000165 seconds
54.550: [GC (Allocation Failure)  71277K->653K(413184K), 0.0004794 secs]
54.550: Total time for which application threads were stopped: 0.0006073 seconds, Stopping threads took: 0.0000283 seconds
54.597: [GC (Allocation Failure)  70285K->589K(412160K), 0.0006770 secs]
54.598: Total time for which application threads were stopped: 0.0008113 seconds, Stopping threads took: 0.0000366 seconds
54.641: [GC (Allocation Failure)  69197K->717K(411136K), 0.0004806 secs]
54.642: Total time for which application threads were stopped: 0.0006099 seconds, Stopping threads took: 0.0000273 seconds
54.684: [GC (Allocation Failure)  68301K->621K(410112K), 0.0004551 secs]
54.684: Total time for which application threads were stopped: 0.0005724 seconds, Stopping threads took: 0.0000258 seconds
54.726: [GC (Allocation Failure)  67181K->621K(409088K), 0.0004992 secs]
54.727: Total time for which application threads were stopped: 0.0006365 seconds, Stopping threads took: 0.0000215 seconds
54.773: [GC (Allocation Failure)  66157K->621K(408064K), 0.0004481 secs]
54.773: Total time for which application threads were stopped: 0.0005806 seconds, Stopping threads took: 0.0000247 seconds
54.816: [GC (Allocation Failure)  65133K->621K(407040K), 0.0004835 secs]
54.817: Total time for which application threads were stopped: 0.0006312 seconds, Stopping threads took: 0.0000197 seconds
54.863: [GC (Allocation Failure)  64109K->589K(406016K), 0.0004708 secs]
54.864: Total time for which application threads were stopped: 0.0006057 seconds, Stopping threads took: 0.0000270 seconds
54.903: [GC (Allocation Failure)  63053K->621K(405504K), 0.0004601 secs]
54.904: Total time for which application threads were stopped: 0.0005869 seconds, Stopping threads took: 0.0000273 seconds
54.949: [GC (Allocation Failure)  62573K->589K(404992K), 0.0006254 secs]
54.950: Total time for which application threads were stopped: 0.0007683 seconds, Stopping threads took: 0.0000271 seconds
54.995: [GC (Allocation Failure)  62029K->653K(404480K), 0.0004841 secs]
54.996: Total time for which application threads were stopped: 0.0006198 seconds, Stopping threads took: 0.0000212 seconds
55.034: [GC (Allocation Failure)  61581K->653K(403968K), 0.0005085 secs]
55.035: Total time for which application threads were stopped: 0.0006439 seconds, Stopping threads took: 0.0000211 seconds
55.079: [GC (Allocation Failure)  61069K->621K(403456K), 0.0005116 secs]
55.079: Total time for which application threads were stopped: 0.0006570 seconds, Stopping threads took: 0.0000211 seconds
55.117: [GC (Allocation Failure)  60525K->653K(402944K), 0.0004945 secs]
55.118: Total time for which application threads were stopped: 0.0006243 seconds, Stopping threads took: 0.0000218 seconds
55.161: [GC (Allocation Failure)  60045K->685K(415232K), 0.0005633 secs]
55.162: Total time for which application threads were stopped: 0.0006920 seconds, Stopping threads took: 0.0000276 seconds
55.207: [GC (Allocation Failure)  72365K->589K(429568K), 0.0006470 secs]
55.208: Total time for which application threads were stopped: 0.0007818 seconds, Stopping threads took: 0.0000194 seconds
55.268: [GC (Allocation Failure)  86605K->589K(446976K), 0.0005746 secs]
55.269: Total time for which application threads were stopped: 0.0006957 seconds, Stopping threads took: 0.0000203 seconds
55.338: [GC (Allocation Failure)  104013K->621K(444928K), 0.0004522 secs]
55.339: Total time for which application threads were stopped: 0.0005820 seconds, Stopping threads took: 0.0000205 seconds
55.403: [GC (Allocation Failure)  101997K->621K(442880K), 0.0004884 secs]
55.404: Total time for which application threads were stopped: 0.0006190 seconds, Stopping threads took: 0.0000202 seconds
55.471: [GC (Allocation Failure)  99949K->653K(440832K), 0.0005463 secs]
55.472: Total time for which application threads were stopped: 0.0006680 seconds, Stopping threads took: 0.0000200 seconds
55.533: [GC (Allocation Failure)  97933K->653K(438784K), 0.0005129 secs]
55.534: Total time for which application threads were stopped: 0.0006499 seconds, Stopping threads took: 0.0000281 seconds
55.593: [GC (Allocation Failure)  95885K->589K(437248K), 0.0006886 secs]
55.594: Total time for which application threads were stopped: 0.0008334 seconds, Stopping threads took: 0.0000212 seconds
55.653: [GC (Allocation Failure)  94285K->589K(435712K), 0.0005347 secs]
55.653: Total time for which application threads were stopped: 0.0006715 seconds, Stopping threads took: 0.0000301 seconds
55.711: [GC (Allocation Failure)  92749K->621K(434176K), 0.0004871 secs]
55.711: Total time for which application threads were stopped: 0.0006156 seconds, Stopping threads took: 0.0000279 seconds
55.769: [GC (Allocation Failure)  91245K->653K(432640K), 0.0005252 secs]
55.770: Total time for which application threads were stopped: 0.0006527 seconds, Stopping threads took: 0.0000261 seconds
55.831: [GC (Allocation Failure)  89741K->589K(431104K), 0.0005357 secs]
55.832: Total time for which application threads were stopped: 0.0006804 seconds, Stopping threads took: 0.0000241 seconds
55.889: [GC (Allocation Failure)  88141K->621K(429568K), 0.0004528 secs]
55.890: Total time for which application threads were stopped: 0.0005601 seconds, Stopping threads took: 0.0000171 seconds
55.944: [GC (Allocation Failure)  86637K->621K(428032K), 0.0004246 secs]
55.944: Total time for which application threads were stopped: 0.0005353 seconds, Stopping threads took: 0.0000172 seconds
55.997: [GC (Allocation Failure)  85101K->685K(426496K), 0.0005019 secs]
55.998: Total time for which application threads were stopped: 0.0006183 seconds, Stopping threads took: 0.0000194 seconds
56.054: [GC (Allocation Failure)  83629K->557K(424960K), 0.0006011 secs]
56.055: Total time for which application threads were stopped: 0.0007188 seconds, Stopping threads took: 0.0000164 seconds
56.106: [GC (Allocation Failure)  81965K->621K(423424K), 0.0004962 secs]
56.107: Total time for which application threads were stopped: 0.0006491 seconds, Stopping threads took: 0.0000301 seconds
56.157: [GC (Allocation Failure)  80493K->589K(422400K), 0.0004580 secs]
56.158: Total time for which application threads were stopped: 0.0005805 seconds, Stopping threads took: 0.0000196 seconds
56.213: [GC (Allocation Failure)  79437K->621K(421376K), 0.0005517 secs]
56.214: Total time for which application threads were stopped: 0.0007043 seconds, Stopping threads took: 0.0000201 seconds
56.267: [GC (Allocation Failure)  78445K->653K(420352K), 0.0004482 secs]
56.267: Total time for which application threads were stopped: 0.0005920 seconds, Stopping threads took: 0.0000285 seconds
56.316: [GC (Allocation Failure)  77453K->653K(419328K), 0.0004722 secs]
56.316: Total time for which application threads were stopped: 0.0006143 seconds, Stopping threads took: 0.0000281 seconds
56.369: [GC (Allocation Failure)  76429K->685K(418304K), 0.0005120 secs]
56.370: Total time for which application threads were stopped: 0.0006495 seconds, Stopping threads took: 0.0000209 seconds
56.417: [GC (Allocation Failure)  75437K->621K(417280K), 0.0005643 secs]
56.418: Total time for which application threads were stopped: 0.0006976 seconds, Stopping threads took: 0.0000204 seconds
56.464: [GC (Allocation Failure)  74349K->653K(416256K), 0.0004836 secs]
56.465: Total time for which application threads were stopped: 0.0006128 seconds, Stopping threads took: 0.0000222 seconds
56.511: [GC (Allocation Failure)  73357K->621K(415232K), 0.0004922 secs]
56.511: Total time for which application threads were stopped: 0.0006126 seconds, Stopping threads took: 0.0000196 seconds
56.561: [GC (Allocation Failure)  72301K->621K(414208K), 0.0004989 secs]
56.562: Total time for which application threads were stopped: 0.0006336 seconds, Stopping threads took: 0.0000296 seconds
56.611: [GC (Allocation Failure)  71277K->653K(413184K), 0.0004925 secs]
56.611: Total time for which application threads were stopped: 0.0006239 seconds, Stopping threads took: 0.0000273 seconds
56.655: [GC (Allocation Failure)  70285K->653K(412160K), 0.0005041 secs]
56.656: Total time for which application threads were stopped: 0.0006286 seconds, Stopping threads took: 0.0000198 seconds
56.699: [GC (Allocation Failure)  69261K->653K(411136K), 0.0005402 secs]
56.700: Total time for which application threads were stopped: 0.0006803 seconds, Stopping threads took: 0.0000195 seconds
56.745: [GC (Allocation Failure)  68237K->653K(410112K), 0.0005145 secs]
56.746: Total time for which application threads were stopped: 0.0006542 seconds, Stopping threads took: 0.0000215 seconds
56.789: [GC (Allocation Failure)  67213K->621K(409088K), 0.0005548 secs]
56.790: Total time for which application threads were stopped: 0.0006687 seconds, Stopping threads took: 0.0000259 seconds
56.831: [GC (Allocation Failure)  66157K->621K(408064K), 0.0004671 secs]
56.832: Total time for which application threads were stopped: 0.0006100 seconds, Stopping threads took: 0.0000254 seconds
56.875: [GC (Allocation Failure)  65133K->653K(407040K), 0.0005634 secs]
56.876: Total time for which application threads were stopped: 0.0006836 seconds, Stopping threads took: 0.0000192 seconds
56.916: [GC (Allocation Failure)  64141K->621K(419840K), 0.0006503 secs]
56.917: Total time for which application threads were stopped: 0.0007788 seconds, Stopping threads took: 0.0000202 seconds
56.965: [GC (Allocation Failure)  76909K->653K(435200K), 0.0006562 secs]
56.966: Total time for which application threads were stopped: 0.0007983 seconds, Stopping threads took: 0.0000209 seconds
57.024: [GC (Allocation Failure)  92301K->653K(453632K), 0.0006085 secs]
57.025: Total time for which application threads were stopped: 0.0007362 seconds, Stopping threads took: 0.0000227 seconds
57.098: [GC (Allocation Failure)  110733K->685K(451584K), 0.0006395 secs]
57.099: Total time for which application threads were stopped: 0.0007615 seconds, Stopping threads took: 0.0000192 seconds
57.171: [GC (Allocation Failure)  108717K->589K(449536K), 0.0005179 secs]
57.171: Total time for which application threads were stopped: 0.0006478 seconds, Stopping threads took: 0.0000197 seconds
57.244: [GC (Allocation Failure)  106573K->653K(447488K), 0.0004728 secs]
57.244: Total time for which application threads were stopped: 0.0006108 seconds, Stopping threads took: 0.0000270 seconds
57.310: [GC (Allocation Failure)  104589K->621K(445440K), 0.0007835 secs]
57.311: Total time for which application threads were stopped: 0.0009241 seconds, Stopping threads took: 0.0000292 seconds
57.374: [GC (Allocation Failure)  102509K->621K(443392K), 0.0004811 secs]
57.375: Total time for which application threads were stopped: 0.0006118 seconds, Stopping threads took: 0.0000220 seconds
57.437: [GC (Allocation Failure)  100461K->653K(441344K), 0.0006114 secs]
57.438: Total time for which application threads were stopped: 0.0007519 seconds, Stopping threads took: 0.0000200 seconds
57.506: [GC (Allocation Failure)  98445K->653K(439296K), 0.0005375 secs]
57.507: Total time for which application threads were stopped: 0.0007050 seconds, Stopping threads took: 0.0000317 seconds
57.571: [GC (Allocation Failure)  96397K->621K(437760K), 0.0006162 secs]
57.572: Total time for which application threads were stopped: 0.0007826 seconds, Stopping threads took: 0.0000230 seconds
57.634: [GC (Allocation Failure)  94829K->653K(436224K), 0.0004678 secs]
57.635: Total time for which application threads were stopped: 0.0005940 seconds, Stopping threads took: 0.0000208 seconds
57.693: [GC (Allocation Failure)  93325K->621K(434688K), 0.0006341 secs]
57.694: Total time for which application threads were stopped: 0.0007625 seconds, Stopping threads took: 0.0000197 seconds
57.755: [GC (Allocation Failure)  91757K->653K(433152K), 0.0004504 secs]
57.756: Total time for which application threads were stopped: 0.0005822 seconds, Stopping threads took: 0.0000302 seconds
57.818: [GC (Allocation Failure)  90253K->653K(451072K), 0.0037365 secs]
57.822: Total time for which application threads were stopped: 0.0038727 seconds, Stopping threads took: 0.0000247 seconds
57.890: [GC (Allocation Failure)  108173K->653K(472576K), 0.0005077 secs]
57.890: Total time for which application threads were stopped: 0.0006337 seconds, Stopping threads took: 0.0000194 seconds
57.971: [GC (Allocation Failure)  129677K->621K(498688K), 0.0004825 secs]
57.972: Total time for which application threads were stopped: 0.0006007 seconds, Stopping threads took: 0.0000196 seconds
58.068: [GC (Allocation Failure)  155757K->621K(515584K), 0.0005388 secs]
58.069: Total time for which application threads were stopped: 0.0006718 seconds, Stopping threads took: 0.0000199 seconds
58.176: [GC (Allocation Failure)  172653K->653K(510976K), 0.0007588 secs]
58.177: Total time for which application threads were stopped: 0.0008846 seconds, Stopping threads took: 0.0000202 seconds
58.282: [GC (Allocation Failure)  168077K->621K(506368K), 0.0004653 secs]
58.283: Total time for which application threads were stopped: 0.0005957 seconds, Stopping threads took: 0.0000289 seconds
58.390: [GC (Allocation Failure)  163437K->589K(502272K), 0.0004542 secs]
58.391: Total time for which application threads were stopped: 0.0005696 seconds, Stopping threads took: 0.0000195 seconds
58.489: [GC (Allocation Failure)  159309K->653K(498176K), 0.0004680 secs]
58.490: Total time for which application threads were stopped: 0.0005864 seconds, Stopping threads took: 0.0000200 seconds
58.592: [GC (Allocation Failure)  155277K->621K(494080K), 0.0004546 secs]
58.593: Total time for which application threads were stopped: 0.0005665 seconds, Stopping threads took: 0.0000176 seconds
58.687: [GC (Allocation Failure)  151149K->685K(490496K), 0.0005111 secs]
58.687: Total time for which application threads were stopped: 0.0006403 seconds, Stopping threads took: 0.0000200 seconds
58.780: [GC (Allocation Failure)  147629K->685K(486912K), 0.0005074 secs]
58.780: Total time for which application threads were stopped: 0.0006435 seconds, Stopping threads took: 0.0000274 seconds
58.871: [GC (Allocation Failure)  144045K->653K(483328K), 0.0004547 secs]
58.872: Total time for which application threads were stopped: 0.0005641 seconds, Stopping threads took: 0.0000199 seconds
58.959: [GC (Allocation Failure)  140429K->653K(479744K), 0.0004772 secs]
58.959: Total time for which application threads were stopped: 0.0006058 seconds, Stopping threads took: 0.0000268 seconds
59.044: [GC (Allocation Failure)  136845K->621K(476672K), 0.0004813 secs]
59.045: Total time for which application threads were stopped: 0.0006183 seconds, Stopping threads took: 0.0000278 seconds
59.134: [GC (Allocation Failure)  133741K->621K(473600K), 0.0004660 secs]
59.135: Total time for which application threads were stopped: 0.0005877 seconds, Stopping threads took: 0.0000196 seconds
59.216: [GC (Allocation Failure)  130669K->685K(470528K), 0.0005176 secs]
59.217: Total time for which application threads were stopped: 0.0006405 seconds, Stopping threads took: 0.0000212 seconds
59.296: [GC (Allocation Failure)  127661K->621K(467456K), 0.0005438 secs]
59.297: Total time for which application threads were stopped: 0.0006792 seconds, Stopping threads took: 0.0000195 seconds
59.380: [GC (Allocation Failure)  124525K->685K(464896K), 0.0004805 secs]
59.381: Total time for which application threads were stopped: 0.0005921 seconds, Stopping threads took: 0.0000174 seconds
59.457: [GC (Allocation Failure)  122029K->685K(462336K), 0.0006734 secs]
59.458: Total time for which application threads were stopped: 0.0008191 seconds, Stopping threads took: 0.0000266 seconds
59.536: [GC (Allocation Failure)  119469K->717K(459776K), 0.0004904 secs]
59.537: Total time for which application threads were stopped: 0.0006166 seconds, Stopping threads took: 0.0000196 seconds
59.615: [GC (Allocation Failure)  116941K->621K(457216K), 0.0005055 secs]
59.616: Total time for which application threads were stopped: 0.0006514 seconds, Stopping threads took: 0.0000294 seconds
59.687: [GC (Allocation Failure)  114285K->589K(454656K), 0.0006015 secs]
59.688: Total time for which application threads were stopped: 0.0007620 seconds, Stopping threads took: 0.0000305 seconds
59.763: [GC (Allocation Failure)  111693K->653K(452096K), 0.0004667 secs]
59.764: Total time for which application threads were stopped: 0.0005906 seconds, Stopping threads took: 0.0000191 seconds
59.833: [GC (Allocation Failure)  109197K->589K(450048K), 0.0004597 secs]
59.833: Total time for which application threads were stopped: 0.0005657 seconds, Stopping threads took: 0.0000170 seconds
59.900: [GC (Allocation Failure)  107085K->621K(448000K), 0.0004496 secs]
59.901: Total time for which application threads were stopped: 0.0005692 seconds, Stopping threads took: 0.0000193 seconds
59.969: [GC (Allocation Failure)  105069K->685K(445952K), 0.0004860 secs]
59.970: Total time for which application threads were stopped: 0.0006087 seconds, Stopping threads took: 0.0000190 seconds
60.034: [GC (Allocation Failure)  103085K->685K(443904K), 0.0005877 secs]
60.035: Total time for which application threads were stopped: 0.0007044 seconds, Stopping threads took: 0.0000191 seconds
60.104: [GC (Allocation Failure)  101037K->589K(441856K), 0.0004587 secs]
60.104: Total time for which application threads were stopped: 0.0005728 seconds, Stopping threads took: 0.0000192 seconds
60.169: [GC (Allocation Failure)  98893K->621K(439808K), 0.0005880 secs]
60.170: Total time for which application threads were stopped: 0.0007083 seconds, Stopping threads took: 0.0000166 seconds
60.236: [GC (Allocation Failure)  96877K->621K(437760K), 0.0006204 secs]
60.236: Total time for which application threads were stopped: 0.0007485 seconds, Stopping threads took: 0.0000202 seconds
60.297: [GC (Allocation Failure)  94829K->621K(436224K), 0.0004635 secs]
60.297: Total time for which application threads were stopped: 0.0005932 seconds, Stopping threads took: 0.0000247 seconds
60.356: [GC (Allocation Failure)  93293K->653K(434688K), 0.0005166 secs]
60.356: Total time for which application threads were stopped: 0.0006529 seconds, Stopping threads took: 0.0000213 seconds
60.414: [GC (Allocation Failure)  91789K->653K(433152K), 0.0004851 secs]
60.414: Total time for which application threads were stopped: 0.0006291 seconds, Stopping threads took: 0.0000293 seconds
60.471: [GC (Allocation Failure)  90253K->621K(431616K), 0.0005420 secs]
60.472: Total time for which application threads were stopped: 0.0006849 seconds, Stopping threads took: 0.0000218 seconds
60.532: [GC (Allocation Failure)  88685K->685K(430080K), 0.0005071 secs]
60.533: Total time for which application threads were stopped: 0.0006476 seconds, Stopping threads took: 0.0000221 seconds
60.587: [GC (Allocation Failure)  87213K->653K(428544K), 0.0005621 secs]
60.588: Total time for which application threads were stopped: 0.0006988 seconds, Stopping threads took: 0.0000212 seconds
60.641: [GC (Allocation Failure)  85645K->653K(427008K), 0.0007364 secs]
60.642: Total time for which application threads were stopped: 0.0008777 seconds, Stopping threads took: 0.0000225 seconds
60.694: [GC (Allocation Failure)  84109K->685K(425472K), 0.0007449 secs]
60.695: Total time for which application threads were stopped: 0.0008951 seconds, Stopping threads took: 0.0000308 seconds
60.746: [GC (Allocation Failure)  82605K->653K(423936K), 0.0004751 secs]
60.747: Total time for which application threads were stopped: 0.0006031 seconds, Stopping threads took: 0.0000276 seconds
60.799: [GC (Allocation Failure)  81037K->621K(422400K), 0.0005087 secs]
60.800: Total time for which application threads were stopped: 0.0006396 seconds, Stopping threads took: 0.0000272 seconds
60.850: [GC (Allocation Failure)  79469K->621K(421376K), 0.0004135 secs]
60.851: Total time for which application threads were stopped: 0.0005245 seconds, Stopping threads took: 0.0000257 seconds
60.903: [GC (Allocation Failure)  78445K->653K(420352K), 0.0005741 secs]
60.903: Total time for which application threads were stopped: 0.0006948 seconds, Stopping threads took: 0.0000205 seconds
60.952: [GC (Allocation Failure)  77453K->685K(419328K), 0.0005775 secs]
60.952: Total time for which application threads were stopped: 0.0007211 seconds, Stopping threads took: 0.0000211 seconds
61.006: [GC (Allocation Failure)  76461K->589K(418304K), 0.0006063 secs]
61.006: Total time for which application threads were stopped: 0.0007498 seconds, Stopping threads took: 0.0000214 seconds
61.060: [GC (Allocation Failure)  75341K->653K(417280K), 0.0004884 secs]
61.060: Total time for which application threads were stopped: 0.0006139 seconds, Stopping threads took: 0.0000215 seconds
61.112: [GC (Allocation Failure)  74381K->621K(416256K), 0.0005283 secs]
61.113: Total time for which application threads were stopped: 0.0006525 seconds, Stopping threads took: 0.0000168 seconds
61.161: [GC (Allocation Failure)  73325K->621K(415232K), 0.0004757 secs]
61.162: Total time for which application threads were stopped: 0.0006152 seconds, Stopping threads took: 0.0000281 seconds
61.207: [GC (Allocation Failure)  72301K->717K(414208K), 0.0005087 secs]
61.208: Total time for which application threads were stopped: 0.0006525 seconds, Stopping threads took: 0.0000299 seconds
61.252: [GC (Allocation Failure)  71373K->621K(413184K), 0.0005382 secs]
61.253: Total time for which application threads were stopped: 0.0006831 seconds, Stopping threads took: 0.0000297 seconds
61.298: [GC (Allocation Failure)  70253K->621K(412160K), 0.0004481 secs]
61.299: Total time for which application threads were stopped: 0.0005733 seconds, Stopping threads took: 0.0000263 seconds
61.342: [GC (Allocation Failure)  69229K->685K(411136K), 0.0004670 secs]
61.343: Total time for which application threads were stopped: 0.0005908 seconds, Stopping threads took: 0.0000201 seconds
61.390: [GC (Allocation Failure)  68269K->653K(410112K), 0.0004655 secs]
61.391: Total time for which application threads were stopped: 0.0005829 seconds, Stopping threads took: 0.0000194 seconds
61.433: [GC (Allocation Failure)  67213K->621K(409088K), 0.0004894 secs]
61.433: Total time for which application threads were stopped: 0.0006180 seconds, Stopping threads took: 0.0000200 seconds
61.480: [GC (Allocation Failure)  66157K->621K(408064K), 0.0004171 secs]
61.481: Total time for which application threads were stopped: 0.0005392 seconds, Stopping threads took: 0.0000273 seconds
61.527: [GC (Allocation Failure)  65133K->685K(407040K), 0.0004411 secs]
61.528: Total time for which application threads were stopped: 0.0005479 seconds, Stopping threads took: 0.0000166 seconds
61.570: [GC (Allocation Failure)  64173K->621K(406016K), 0.0004915 secs]
61.571: Total time for which application threads were stopped: 0.0006112 seconds, Stopping threads took: 0.0000198 seconds
61.610: [GC (Allocation Failure)  63085K->589K(405504K), 0.0005695 secs]
61.611: Total time for which application threads were stopped: 0.0007068 seconds, Stopping threads took: 0.0000282 seconds
61.655: [GC (Allocation Failure)  62541K->589K(418304K), 0.0006033 secs]
61.656: Total time for which application threads were stopped: 0.0007360 seconds, Stopping threads took: 0.0000197 seconds
61.703: [GC (Allocation Failure)  75341K->685K(417280K), 0.0005229 secs]
61.703: Total time for which application threads were stopped: 0.0006713 seconds, Stopping threads took: 0.0000224 seconds
61.753: [GC (Allocation Failure)  74413K->621K(416256K), 0.0005804 secs]
61.754: Total time for which application threads were stopped: 0.0007107 seconds, Stopping threads took: 0.0000282 seconds
61.801: [GC (Allocation Failure)  73325K->621K(415232K), 0.0005016 secs]
61.801: Total time for which application threads were stopped: 0.0006303 seconds, Stopping threads took: 0.0000284 seconds
61.847: [GC (Allocation Failure)  72301K->653K(414208K), 0.0004611 secs]
61.848: Total time for which application threads were stopped: 0.0005889 seconds, Stopping threads took: 0.0000282 seconds
61.895: [GC (Allocation Failure)  71309K->621K(413184K), 0.0005192 secs]
61.896: Total time for which application threads were stopped: 0.0006445 seconds, Stopping threads took: 0.0000271 seconds
61.940: [GC (Allocation Failure)  70253K->621K(412160K), 0.0004885 secs]
61.940: Total time for which application threads were stopped: 0.0006238 seconds, Stopping threads took: 0.0000190 seconds
61.988: [GC (Allocation Failure)  69229K->621K(411136K), 0.0004819 secs]
61.989: Total time for which application threads were stopped: 0.0006153 seconds, Stopping threads took: 0.0000199 seconds
62.036: [GC (Allocation Failure)  68205K->653K(410112K), 0.0004766 secs]
62.037: Total time for which application threads were stopped: 0.0006217 seconds, Stopping threads took: 0.0000208 seconds
62.084: [GC (Allocation Failure)  67213K->653K(409088K), 0.0004832 secs]
62.085: Total time for which application threads were stopped: 0.0006235 seconds, Stopping threads took: 0.0000229 seconds
62.126: [GC (Allocation Failure)  66189K->685K(408064K), 0.0004664 secs]
62.126: Total time for which application threads were stopped: 0.0005909 seconds, Stopping threads took: 0.0000211 seconds
62.167: [GC (Allocation Failure)  65197K->621K(407040K), 0.0003985 secs]
62.167: Total time for which application threads were stopped: 0.0005072 seconds, Stopping threads took: 0.0000164 seconds
62.213: [GC (Allocation Failure)  64109K->621K(406016K), 0.0005747 secs]
62.214: Total time for which application threads were stopped: 0.0007675 seconds, Stopping threads took: 0.0000297 seconds
62.253: [GC (Allocation Failure)  63085K->589K(418816K), 0.0006573 secs]
62.254: Total time for which application threads were stopped: 0.0008222 seconds, Stopping threads took: 0.0000249 seconds
62.306: [GC (Allocation Failure)  75853K->621K(417792K), 0.0004603 secs]
62.307: Total time for which application threads were stopped: 0.0005949 seconds, Stopping threads took: 0.0000273 seconds
62.357: [GC (Allocation Failure)  74861K->685K(416768K), 0.0005310 secs]
62.358: Total time for which application threads were stopped: 0.0006702 seconds, Stopping threads took: 0.0000213 seconds
62.404: [GC (Allocation Failure)  73901K->621K(415744K), 0.0005418 secs]
62.405: Total time for which application threads were stopped: 0.0006992 seconds, Stopping threads took: 0.0000226 seconds
62.455: [GC (Allocation Failure)  72813K->717K(430592K), 0.0006712 secs]
62.456: Total time for which application threads were stopped: 0.0008305 seconds, Stopping threads took: 0.0000301 seconds
62.516: [GC (Allocation Failure)  87757K->653K(429056K), 0.0006074 secs]
62.517: Total time for which application threads were stopped: 0.0007558 seconds, Stopping threads took: 0.0000228 seconds
62.570: [GC (Allocation Failure)  86157K->589K(427520K), 0.0005134 secs]
62.571: Total time for which application threads were stopped: 0.0006746 seconds, Stopping threads took: 0.0000311 seconds
62.624: [GC (Allocation Failure)  84557K->621K(425984K), 0.0005160 secs]
62.624: Total time for which application threads were stopped: 0.0006702 seconds, Stopping threads took: 0.0000227 seconds
62.681: [GC (Allocation Failure)  83053K->589K(424448K), 0.0005845 secs]
62.682: Total time for which application threads were stopped: 0.0007299 seconds, Stopping threads took: 0.0000225 seconds
62.733: [GC (Allocation Failure)  81485K->653K(422912K), 0.0007520 secs]
62.733: Total time for which application threads were stopped: 0.0009110 seconds, Stopping threads took: 0.0000306 seconds
62.785: [GC (Allocation Failure)  80013K->621K(421888K), 0.0004993 secs]
62.785: Total time for which application threads were stopped: 0.0006337 seconds, Stopping threads took: 0.0000265 seconds
62.835: [GC (Allocation Failure)  78957K->589K(420864K), 0.0005311 secs]
62.836: Total time for which application threads were stopped: 0.0006413 seconds, Stopping threads took: 0.0000245 seconds
62.887: [GC (Allocation Failure)  77901K->621K(419840K), 0.0005704 secs]
62.888: Total time for which application threads were stopped: 0.0007017 seconds, Stopping threads took: 0.0000191 seconds
62.936: [GC (Allocation Failure)  76909K->621K(418816K), 0.0004500 secs]
62.936: Total time for which application threads were stopped: 0.0005765 seconds, Stopping threads took: 0.0000171 seconds
62.984: [GC (Allocation Failure)  75885K->621K(417792K), 0.0006136 secs]
62.985: Total time for which application threads were stopped: 0.0007377 seconds, Stopping threads took: 0.0000273 seconds
63.034: [GC (Allocation Failure)  74861K->621K(416768K), 0.0005381 secs]
63.034: Total time for which application threads were stopped: 0.0006471 seconds, Stopping threads took: 0.0000174 seconds
63.080: [GC (Allocation Failure)  73837K->685K(431616K), 0.0006031 secs]
63.081: Total time for which application threads were stopped: 0.0007154 seconds, Stopping threads took: 0.0000172 seconds
63.136: [GC (Allocation Failure)  88749K->621K(430080K), 0.0004888 secs]
63.137: Total time for which application threads were stopped: 0.0006272 seconds, Stopping threads took: 0.0000258 seconds
63.198: [GC (Allocation Failure)  87149K->557K(428544K), 0.0006101 secs]
63.199: Total time for which application threads were stopped: 0.0007352 seconds, Stopping threads took: 0.0000282 seconds
63.257: [GC (Allocation Failure)  85549K->653K(427008K), 0.0004788 secs]
63.258: Total time for which application threads were stopped: 0.0006540 seconds, Stopping threads took: 0.0000285 seconds
63.313: [GC (Allocation Failure)  84109K->621K(425472K), 0.0004128 secs]
63.314: Total time for which application threads were stopped: 0.0005483 seconds, Stopping threads took: 0.0000262 seconds
63.365: [GC (Allocation Failure)  82541K->685K(423936K), 0.0004963 secs]
63.366: Total time for which application threads were stopped: 0.0006328 seconds, Stopping threads took: 0.0000263 seconds
63.417: [GC (Allocation Failure)  81069K->621K(422400K), 0.0006604 secs]
63.417: Total time for which application threads were stopped: 0.0008098 seconds, Stopping threads took: 0.0000224 seconds
63.473: [GC (Allocation Failure)  79469K->621K(421376K), 0.0005224 secs]
63.474: Total time for which application threads were stopped: 0.0006920 seconds, Stopping threads took: 0.0000311 seconds
63.528: [GC (Allocation Failure)  78445K->621K(420352K), 0.0005002 secs]
63.528: Total time for which application threads were stopped: 0.0006392 seconds, Stopping threads took: 0.0000292 seconds
63.576: [GC (Allocation Failure)  77421K->653K(419328K), 0.0004942 secs]
63.577: Total time for which application threads were stopped: 0.0006210 seconds, Stopping threads took: 0.0000213 seconds
63.625: [GC (Allocation Failure)  76429K->621K(418304K), 0.0004875 secs]
63.625: Total time for which application threads were stopped: 0.0006093 seconds, Stopping threads took: 0.0000199 seconds
63.672: [GC (Allocation Failure)  75373K->589K(417280K), 0.0005659 secs]
63.673: Total time for which application threads were stopped: 0.0007077 seconds, Stopping threads took: 0.0000210 seconds
63.724: [GC (Allocation Failure)  74317K->685K(416256K), 0.0006524 secs]
63.724: Total time for which application threads were stopped: 0.0008015 seconds, Stopping threads took: 0.0000227 seconds
63.776: [GC (Allocation Failure)  73389K->653K(415232K), 0.0004152 secs]
63.776: Total time for which application threads were stopped: 0.0005428 seconds, Stopping threads took: 0.0000260 seconds
63.822: [GC (Allocation Failure)  72333K->685K(414208K), 0.0004978 secs]
63.823: Total time for which application threads were stopped: 0.0006157 seconds, Stopping threads took: 0.0000243 seconds
63.868: [GC (Allocation Failure)  71341K->621K(413184K), 0.0005588 secs]
63.868: Total time for which application threads were stopped: 0.0006684 seconds, Stopping threads took: 0.0000164 seconds
63.916: [GC (Allocation Failure)  70253K->653K(412160K), 0.0004820 secs]
63.916: Total time for which application threads were stopped: 0.0006104 seconds, Stopping threads took: 0.0000273 seconds
63.959: [GC (Allocation Failure)  69261K->589K(425984K), 0.0006518 secs]
63.960: Total time for which application threads were stopped: 0.0007759 seconds, Stopping threads took: 0.0000193 seconds
64.017: [GC (Allocation Failure)  83021K->621K(424448K), 0.0005000 secs]
64.018: Total time for which application threads were stopped: 0.0006270 seconds, Stopping threads took: 0.0000268 seconds
64.068: [GC (Allocation Failure)  81517K->621K(422912K), 0.0004906 secs]
64.069: Total time for which application threads were stopped: 0.0006104 seconds, Stopping threads took: 0.0000199 seconds
64.119: [GC (Allocation Failure)  79981K->717K(421888K), 0.0005074 secs]
64.119: Total time for which application threads were stopped: 0.0006336 seconds, Stopping threads took: 0.0000276 seconds
64.174: [GC (Allocation Failure)  79053K->621K(420864K), 0.0004876 secs]
64.175: Total time for which application threads were stopped: 0.0006041 seconds, Stopping threads took: 0.0000190 seconds
64.227: [GC (Allocation Failure)  77933K->557K(419840K), 0.0006104 secs]
64.228: Total time for which application threads were stopped: 0.0007341 seconds, Stopping threads took: 0.0000278 seconds
64.276: [GC (Allocation Failure)  76845K->621K(418816K), 0.0004588 secs]
64.276: Total time for which application threads were stopped: 0.0005809 seconds, Stopping threads took: 0.0000266 seconds
64.324: [GC (Allocation Failure)  75885K->685K(417792K), 0.0004721 secs]
64.324: Total time for which application threads were stopped: 0.0006008 seconds, Stopping threads took: 0.0000254 seconds
64.376: [GC (Allocation Failure)  74925K->685K(416768K), 0.0005624 secs]
64.377: Total time for which application threads were stopped: 0.0006833 seconds, Stopping threads took: 0.0000200 seconds
64.423: [GC (Allocation Failure)  73901K->685K(415744K), 0.0006170 secs]
64.423: Total time for which application threads were stopped: 0.0007383 seconds, Stopping threads took: 0.0000205 seconds
64.469: [GC (Allocation Failure)  72877K->653K(414720K), 0.0006015 secs]
64.469: Total time for which application threads were stopped: 0.0007372 seconds, Stopping threads took: 0.0000199 seconds
64.518: [GC (Allocation Failure)  71821K->653K(413696K), 0.0005569 secs]
64.519: Total time for which application threads were stopped: 0.0006992 seconds, Stopping threads took: 0.0000294 seconds
64.563: [GC (Allocation Failure)  70797K->653K(428032K), 0.0005530 secs]
64.564: Total time for which application threads were stopped: 0.0007020 seconds, Stopping threads took: 0.0000214 seconds
64.620: [GC (Allocation Failure)  85133K->621K(426496K), 0.0004933 secs]
64.621: Total time for which application threads were stopped: 0.0006147 seconds, Stopping threads took: 0.0000199 seconds
64.680: [GC (Allocation Failure)  83565K->653K(424960K), 0.0004781 secs]
64.680: Total time for which application threads were stopped: 0.0006171 seconds, Stopping threads took: 0.0000314 seconds
64.731: [GC (Allocation Failure)  82061K->589K(423424K), 0.0007133 secs]
64.732: Total time for which application threads were stopped: 0.0008640 seconds, Stopping threads took: 0.0000278 seconds
64.789: [GC (Allocation Failure)  80461K->621K(422400K), 0.0004113 secs]
64.789: Total time for which application threads were stopped: 0.0005303 seconds, Stopping threads took: 0.0000257 seconds
64.840: [GC (Allocation Failure)  79469K->589K(421376K), 0.0004695 secs]
64.840: Total time for which application threads were stopped: 0.0005965 seconds, Stopping threads took: 0.0000255 seconds
64.890: [GC (Allocation Failure)  78413K->653K(420352K), 0.0005532 secs]
64.891: Total time for which application threads were stopped: 0.0006848 seconds, Stopping threads took: 0.0000207 seconds
64.940: [GC (Allocation Failure)  77453K->653K(419328K), 0.0005767 secs]
64.940: Total time for which application threads were stopped: 0.0007324 seconds, Stopping threads took: 0.0000299 seconds
64.993: [GC (Allocation Failure)  76429K->685K(418304K), 0.0004890 secs]
64.994: Total time for which application threads were stopped: 0.0006131 seconds, Stopping threads took: 0.0000196 seconds
65.048: [GC (Allocation Failure)  75437K->653K(417280K), 0.0005074 secs]
65.049: Total time for which application threads were stopped: 0.0006289 seconds, Stopping threads took: 0.0000266 seconds
65.101: [GC (Allocation Failure)  74381K->685K(416256K), 0.0004909 secs]
65.101: Total time for which application threads were stopped: 0.0006167 seconds, Stopping threads took: 0.0000277 seconds
65.153: [GC (Allocation Failure)  73389K->557K(415232K), 0.0004724 secs]
65.153: Total time for which application threads were stopped: 0.0005979 seconds, Stopping threads took: 0.0000171 seconds
65.204: [GC (Allocation Failure)  72237K->621K(414208K), 0.0004543 secs]
65.205: Total time for which application threads were stopped: 0.0005646 seconds, Stopping threads took: 0.0000181 seconds
65.252: [GC (Allocation Failure)  71277K->621K(413184K), 0.0004212 secs]
65.253: Total time for which application threads were stopped: 0.0005476 seconds, Stopping threads took: 0.0000164 seconds
65.300: [GC (Allocation Failure)  70253K->653K(412160K), 0.0004044 secs]
65.301: Total time for which application threads were stopped: 0.0005483 seconds, Stopping threads took: 0.0000255 seconds
65.346: [GC (Allocation Failure)  69261K->685K(411136K), 0.0004121 secs]
65.346: Total time for which application threads were stopped: 0.0005315 seconds, Stopping threads took: 0.0000252 seconds
65.389: [GC (Allocation Failure)  68269K->621K(410112K), 0.0004913 secs]
65.389: Total time for which application threads were stopped: 0.0006333 seconds, Stopping threads took: 0.0000250 seconds
65.431: [GC (Allocation Failure)  67181K->685K(409088K), 0.0004473 secs]
65.432: Total time for which application threads were stopped: 0.0005724 seconds, Stopping threads took: 0.0000258 seconds
65.478: [GC (Allocation Failure)  66221K->653K(408064K), 0.0004761 secs]
65.479: Total time for which application threads were stopped: 0.0006041 seconds, Stopping threads took: 0.0000282 seconds
65.520: [GC (Allocation Failure)  65165K->653K(407040K), 0.0004944 secs]
65.520: Total time for which application threads were stopped: 0.0006234 seconds, Stopping threads took: 0.0000280 seconds
65.560: [GC (Allocation Failure)  64141K->685K(406016K), 0.0004122 secs]
65.560: Total time for which application threads were stopped: 0.0005305 seconds, Stopping threads took: 0.0000201 seconds
65.604: [GC (Allocation Failure)  63149K->685K(405504K), 0.0004728 secs]
65.605: Total time for which application threads were stopped: 0.0005932 seconds, Stopping threads took: 0.0000203 seconds
65.644: [GC (Allocation Failure)  62637K->685K(404992K), 0.0004831 secs]
65.645: Total time for which application threads were stopped: 0.0006025 seconds, Stopping threads took: 0.0000194 seconds
65.684: [GC (Allocation Failure)  62125K->685K(404480K), 0.0004731 secs]
65.684: Total time for which application threads were stopped: 0.0006084 seconds, Stopping threads took: 0.0000211 seconds
65.723: [GC (Allocation Failure)  61613K->621K(403968K), 0.0004865 secs]
65.723: Total time for which application threads were stopped: 0.0006215 seconds, Stopping threads took: 0.0000215 seconds
65.762: [GC (Allocation Failure)  61037K->589K(416256K), 0.0005870 secs]
65.762: Total time for which application threads were stopped: 0.0007182 seconds, Stopping threads took: 0.0000217 seconds
65.809: [GC (Allocation Failure)  73293K->653K(431104K), 0.0005974 secs]
65.810: Total time for which application threads were stopped: 0.0007429 seconds, Stopping threads took: 0.0000270 seconds
65.867: [GC (Allocation Failure)  88205K->653K(449024K), 0.0006230 secs]
65.867: Total time for which application threads were stopped: 0.0007508 seconds, Stopping threads took: 0.0000280 seconds
65.934: [GC (Allocation Failure)  106125K->589K(446976K), 0.0005326 secs]
65.934: Total time for which application threads were stopped: 0.0006480 seconds, Stopping threads took: 0.0000193 seconds
66.005: [GC (Allocation Failure)  104013K->653K(444928K), 0.0005758 secs]
66.005: Total time for which application threads were stopped: 0.0007157 seconds, Stopping threads took: 0.0000229 seconds
66.069: [GC (Allocation Failure)  102029K->621K(442880K), 0.0005836 secs]
66.070: Total time for which application threads were stopped: 0.0007429 seconds, Stopping threads took: 0.0000304 seconds
66.137: [GC (Allocation Failure)  99949K->653K(440832K), 0.0004774 secs]
66.138: Total time for which application threads were stopped: 0.0006004 seconds, Stopping threads took: 0.0000203 seconds
66.199: [GC (Allocation Failure)  97933K->621K(438784K), 0.0005167 secs]
66.199: Total time for which application threads were stopped: 0.0006696 seconds, Stopping threads took: 0.0000299 seconds
66.259: [GC (Allocation Failure)  95853K->685K(437248K), 0.0004742 secs]
66.260: Total time for which application threads were stopped: 0.0006039 seconds, Stopping threads took: 0.0000193 seconds
66.320: [GC (Allocation Failure)  94381K->589K(435712K), 0.0004031 secs]
66.320: Total time for which application threads were stopped: 0.0005241 seconds, Stopping threads took: 0.0000194 seconds
66.378: [GC (Allocation Failure)  92749K->621K(434176K), 0.0004688 secs]
66.379: Total time for which application threads were stopped: 0.0005965 seconds, Stopping threads took: 0.0000280 seconds
66.435: [GC (Allocation Failure)  91245K->621K(432640K), 0.0004895 secs]
66.436: Total time for which application threads were stopped: 0.0006140 seconds, Stopping threads took: 0.0000194 seconds
66.492: [GC (Allocation Failure)  89709K->653K(431104K), 0.0005049 secs]
66.492: Total time for which application threads were stopped: 0.0006334 seconds, Stopping threads took: 0.0000279 seconds
66.547: [GC (Allocation Failure)  88205K->621K(429568K), 0.0005425 secs]
66.548: Total time for which application threads were stopped: 0.0006939 seconds, Stopping threads took: 0.0000304 seconds
66.607: [GC (Allocation Failure)  86637K->621K(428032K), 0.0004859 secs]
66.607: Total time for which application threads were stopped: 0.0006110 seconds, Stopping threads took: 0.0000201 seconds
66.666: [GC (Allocation Failure)  85101K->621K(426496K), 0.0005235 secs]
66.666: Total time for which application threads were stopped: 0.0006800 seconds, Stopping threads took: 0.0000289 seconds
66.718: [GC (Allocation Failure)  83565K->685K(424960K), 0.0007185 secs]
66.719: Total time for which application threads were stopped: 0.0008525 seconds, Stopping threads took: 0.0000269 seconds
66.776: [GC (Allocation Failure)  82093K->653K(423424K), 0.0004509 secs]
66.776: Total time for which application threads were stopped: 0.0005524 seconds, Stopping threads took: 0.0000177 seconds
66.827: [GC (Allocation Failure)  80525K->621K(422400K), 0.0004776 secs]
66.827: Total time for which application threads were stopped: 0.0006225 seconds, Stopping threads took: 0.0000283 seconds
66.879: [GC (Allocation Failure)  79469K->621K(421376K), 0.0004554 secs]
66.880: Total time for which application threads were stopped: 0.0005642 seconds, Stopping threads took: 0.0000163 seconds
66.932: [GC (Allocation Failure)  78445K->653K(420352K), 0.0004454 secs]
66.933: Total time for which application threads were stopped: 0.0005666 seconds, Stopping threads took: 0.0000197 seconds
66.987: [GC (Allocation Failure)  77453K->685K(419328K), 0.0004854 secs]
66.987: Total time for which application threads were stopped: 0.0006191 seconds, Stopping threads took: 0.0000196 seconds
67.035: [GC (Allocation Failure)  76461K->621K(418304K), 0.0004855 secs]
67.036: Total time for which application threads were stopped: 0.0006134 seconds, Stopping threads took: 0.0000208 seconds
67.083: [GC (Allocation Failure)  75373K->653K(417280K), 0.0004842 secs]
67.083: Total time for which application threads were stopped: 0.0006110 seconds, Stopping threads took: 0.0000205 seconds
67.130: [GC (Allocation Failure)  74381K->653K(416256K), 0.0005586 secs]
67.131: Total time for which application threads were stopped: 0.0006904 seconds, Stopping threads took: 0.0000202 seconds
67.177: [GC (Allocation Failure)  73357K->653K(415232K), 0.0005186 secs]
67.177: Total time for which application threads were stopped: 0.0006677 seconds, Stopping threads took: 0.0000295 seconds
67.229: [GC (Allocation Failure)  72333K->685K(414208K), 0.0004840 secs]
67.230: Total time for which application threads were stopped: 0.0006025 seconds, Stopping threads took: 0.0000197 seconds
67.274: [GC (Allocation Failure)  71341K->621K(413184K), 0.0005213 secs]
67.275: Total time for which application threads were stopped: 0.0006431 seconds, Stopping threads took: 0.0000254 seconds
67.319: [GC (Allocation Failure)  70253K->685K(412160K), 0.0004361 secs]
67.319: Total time for which application threads were stopped: 0.0005657 seconds, Stopping threads took: 0.0000239 seconds
67.362: [GC (Allocation Failure)  69293K->717K(411136K), 0.0004849 secs]
67.363: Total time for which application threads were stopped: 0.0006039 seconds, Stopping threads took: 0.0000194 seconds
67.405: [GC (Allocation Failure)  68301K->685K(410112K), 0.0006152 secs]
67.406: Total time for which application threads were stopped: 0.0007356 seconds, Stopping threads took: 0.0000196 seconds
67.448: [GC (Allocation Failure)  67245K->589K(409088K), 0.0004519 secs]
67.448: Total time for which application threads were stopped: 0.0005755 seconds, Stopping threads took: 0.0000277 seconds
67.489: [GC (Allocation Failure)  66125K->621K(408064K), 0.0004996 secs]
67.490: Total time for which application threads were stopped: 0.0006190 seconds, Stopping threads took: 0.0000193 seconds
67.537: [GC (Allocation Failure)  65133K->589K(421376K), 0.0006295 secs]
67.538: Total time for which application threads were stopped: 0.0007503 seconds, Stopping threads took: 0.0000194 seconds
67.586: [GC (Allocation Failure)  78413K->621K(420352K), 0.0005036 secs]
67.587: Total time for which application threads were stopped: 0.0006440 seconds, Stopping threads took: 0.0000210 seconds
67.635: [GC (Allocation Failure)  77421K->621K(419328K), 0.0004831 secs]
67.636: Total time for which application threads were stopped: 0.0006227 seconds, Stopping threads took: 0.0000209 seconds
67.683: [GC (Allocation Failure)  76397K->653K(418304K), 0.0004823 secs]
67.684: Total time for which application threads were stopped: 0.0006300 seconds, Stopping threads took: 0.0000224 seconds
67.731: [GC (Allocation Failure)  75405K->589K(417280K), 0.0004474 secs]
67.731: Total time for which application threads were stopped: 0.0005682 seconds, Stopping threads took: 0.0000204 seconds
67.783: [GC (Allocation Failure)  74317K->621K(416256K), 0.0005301 secs]
67.784: Total time for which application threads were stopped: 0.0006617 seconds, Stopping threads took: 0.0000278 seconds
67.830: [GC (Allocation Failure)  73325K->653K(415232K), 0.0004769 secs]
67.831: Total time for which application threads were stopped: 0.0006005 seconds, Stopping threads took: 0.0000202 seconds
67.876: [GC (Allocation Failure)  72333K->621K(414208K), 0.0004911 secs]
67.876: Total time for which application threads were stopped: 0.0006109 seconds, Stopping threads took: 0.0000203 seconds
67.921: [GC (Allocation Failure)  71277K->589K(413184K), 0.0006750 secs]
67.922: Total time for which application threads were stopped: 0.0008164 seconds, Stopping threads took: 0.0000268 seconds
67.965: [GC (Allocation Failure)  70221K->621K(427520K), 0.0005317 secs]
67.966: Total time for which application threads were stopped: 0.0006629 seconds, Stopping threads took: 0.0000294 seconds
68.024: [GC (Allocation Failure)  84589K->589K(425984K), 0.0005997 secs]
68.025: Total time for which application threads were stopped: 0.0006964 seconds, Stopping threads took: 0.0000171 seconds
68.077: [GC (Allocation Failure)  83021K->589K(424448K), 0.0005264 secs]
68.077: Total time for which application threads were stopped: 0.0006606 seconds, Stopping threads took: 0.0000198 seconds
68.135: [GC (Allocation Failure)  81485K->717K(422912K), 0.0004726 secs]
68.135: Total time for which application threads were stopped: 0.0005926 seconds, Stopping threads took: 0.0000201 seconds
68.185: [GC (Allocation Failure)  80077K->621K(421888K), 0.0004998 secs]
68.186: Total time for which application threads were stopped: 0.0006175 seconds, Stopping threads took: 0.0000197 seconds
68.235: [GC (Allocation Failure)  78957K->589K(420864K), 0.0004556 secs]
68.236: Total time for which application threads were stopped: 0.0005786 seconds, Stopping threads took: 0.0000263 seconds
68.285: [GC (Allocation Failure)  77901K->589K(419840K), 0.0004991 secs]
68.285: Total time for which application threads were stopped: 0.0006229 seconds, Stopping threads took: 0.0000196 seconds
68.333: [GC (Allocation Failure)  76877K->653K(418816K), 0.0005729 secs]
68.334: Total time for which application threads were stopped: 0.0007162 seconds, Stopping threads took: 0.0000212 seconds
68.381: [GC (Allocation Failure)  75917K->685K(417792K), 0.0005281 secs]
68.382: Total time for which application threads were stopped: 0.0007010 seconds, Stopping threads took: 0.0000298 seconds
68.434: [GC (Allocation Failure)  74925K->589K(416768K), 0.0005886 secs]
68.435: Total time for which application threads were stopped: 0.0007321 seconds, Stopping threads took: 0.0000233 seconds
68.486: [GC (Allocation Failure)  73805K->621K(415744K), 0.0005382 secs]
68.487: Total time for which application threads were stopped: 0.0006673 seconds, Stopping threads took: 0.0000210 seconds
68.536: [GC (Allocation Failure)  72813K->589K(414720K), 0.0005261 secs]
68.537: Total time for which application threads were stopped: 0.0006671 seconds, Stopping threads took: 0.0000208 seconds
68.585: [GC (Allocation Failure)  71757K->653K(413696K), 0.0006208 secs]
68.586: Total time for which application threads were stopped: 0.0007639 seconds, Stopping threads took: 0.0000221 seconds
68.636: [GC (Allocation Failure)  70797K->621K(412672K), 0.0005359 secs]
68.636: Total time for which application threads were stopped: 0.0006825 seconds, Stopping threads took: 0.0000231 seconds
68.680: [GC (Allocation Failure)  69741K->653K(411648K), 0.0005022 secs]
68.681: Total time for which application threads were stopped: 0.0006486 seconds, Stopping threads took: 0.0000231 seconds
68.724: [GC (Allocation Failure)  68749K->589K(410624K), 0.0005961 secs]
68.724: Total time for which application threads were stopped: 0.0007439 seconds, Stopping threads took: 0.0000218 seconds
68.767: [GC (Allocation Failure)  67661K->589K(424448K), 0.0006603 secs]
68.768: Total time for which application threads were stopped: 0.0008003 seconds, Stopping threads took: 0.0000222 seconds
68.820: [GC (Allocation Failure)  81485K->621K(440832K), 0.0005213 secs]
68.821: Total time for which application threads were stopped: 0.0006436 seconds, Stopping threads took: 0.0000245 seconds
68.885: [GC (Allocation Failure)  97901K->621K(438784K), 0.0004486 secs]
68.885: Total time for which application threads were stopped: 0.0005835 seconds, Stopping threads took: 0.0000284 seconds
68.945: [GC (Allocation Failure)  95853K->621K(437248K), 0.0004204 secs]
68.945: Total time for which application threads were stopped: 0.0005375 seconds, Stopping threads took: 0.0000258 seconds
69.004: [GC (Allocation Failure)  94317K->717K(435712K), 0.0004961 secs]
69.005: Total time for which application threads were stopped: 0.0006327 seconds, Stopping threads took: 0.0000205 seconds
69.062: [GC (Allocation Failure)  92877K->653K(434176K), 0.0005863 secs]
69.063: Total time for which application threads were stopped: 0.0007178 seconds, Stopping threads took: 0.0000287 seconds
69.126: [GC (Allocation Failure)  91277K->589K(432640K), 0.0007062 secs]
69.127: Total time for which application threads were stopped: 0.0008327 seconds, Stopping threads took: 0.0000197 seconds
69.183: [GC (Allocation Failure)  89677K->621K(431104K), 0.0004719 secs]
69.183: Total time for which application threads were stopped: 0.0005941 seconds, Stopping threads took: 0.0000203 seconds
69.244: [GC (Allocation Failure)  88173K->653K(429568K), 0.0005183 secs]
69.244: Total time for which application threads were stopped: 0.0006498 seconds, Stopping threads took: 0.0000203 seconds
69.299: [GC (Allocation Failure)  86669K->621K(428032K), 0.0004310 secs]
69.299: Total time for which application threads were stopped: 0.0005718 seconds, Stopping threads took: 0.0000196 seconds
69.353: [GC (Allocation Failure)  85101K->589K(426496K), 0.0006606 secs]
69.353: Total time for which application threads were stopped: 0.0008030 seconds, Stopping threads took: 0.0000259 seconds
69.406: [GC (Allocation Failure)  83533K->589K(424960K), 0.0005950 secs]
69.406: Total time for which application threads were stopped: 0.0007320 seconds, Stopping threads took: 0.0000226 seconds
69.458: [GC (Allocation Failure)  81997K->653K(423424K), 0.0005348 secs]
69.458: Total time for which application threads were stopped: 0.0006816 seconds, Stopping threads took: 0.0000209 seconds
69.513: [GC (Allocation Failure)  80525K->589K(422400K), 0.0005428 secs]
69.513: Total time for which application threads were stopped: 0.0007015 seconds, Stopping threads took: 0.0000308 seconds
69.568: [GC (Allocation Failure)  79437K->621K(421376K), 0.0005650 secs]
69.568: Total time for which application threads were stopped: 0.0007069 seconds, Stopping threads took: 0.0000219 seconds
69.623: [GC (Allocation Failure)  78445K->653K(420352K), 0.0004934 secs]
69.624: Total time for which application threads were stopped: 0.0006155 seconds, Stopping threads took: 0.0000192 seconds
69.672: [GC (Allocation Failure)  77453K->653K(419328K), 0.0004766 secs]
69.673: Total time for which application threads were stopped: 0.0006151 seconds, Stopping threads took: 0.0000281 seconds
69.721: [GC (Allocation Failure)  76429K->621K(418304K), 0.0006858 secs]
69.721: Total time for which application threads were stopped: 0.0008302 seconds, Stopping threads took: 0.0000207 seconds
69.775: [GC (Allocation Failure)  75373K->685K(417280K), 0.0004625 secs]
69.775: Total time for which application threads were stopped: 0.0005814 seconds, Stopping threads took: 0.0000194 seconds
69.822: [GC (Allocation Failure)  74413K->653K(416256K), 0.0005341 secs]
69.822: Total time for which application threads were stopped: 0.0006670 seconds, Stopping threads took: 0.0000243 seconds
69.871: [GC (Allocation Failure)  73357K->685K(415232K), 0.0005063 secs]
69.872: Total time for which application threads were stopped: 0.0006271 seconds, Stopping threads took: 0.0000193 seconds
69.917: [GC (Allocation Failure)  72365K->589K(414208K), 0.0006312 secs]
69.918: Total time for which application threads were stopped: 0.0007506 seconds, Stopping threads took: 0.0000197 seconds
69.962: [GC (Allocation Failure)  71245K->653K(413184K), 0.0005018 secs]
69.963: Total time for which application threads were stopped: 0.0006367 seconds, Stopping threads took: 0.0000217 seconds
70.007: [GC (Allocation Failure)  70285K->621K(412160K), 0.0004995 secs]
70.007: Total time for which application threads were stopped: 0.0006435 seconds, Stopping threads took: 0.0000195 seconds
70.054: [GC (Allocation Failure)  69229K->621K(425984K), 0.0006595 secs]
70.054: Total time for which application threads were stopped: 0.0007847 seconds, Stopping threads took: 0.0000200 seconds
70.106: [GC (Allocation Failure)  83053K->589K(424448K), 0.0005132 secs]
70.107: Total time for which application threads were stopped: 0.0006484 seconds, Stopping threads took: 0.0000198 seconds
70.158: [GC (Allocation Failure)  81485K->621K(422912K), 0.0005718 secs]
70.158: Total time for which application threads were stopped: 0.0007053 seconds, Stopping threads took: 0.0000210 seconds
70.208: [GC (Allocation Failure)  79981K->653K(421888K), 0.0005225 secs]
70.209: Total time for which application threads were stopped: 0.0006479 seconds, Stopping threads took: 0.0000218 seconds
70.263: [GC (Allocation Failure)  78989K->621K(420864K), 0.0004570 secs]
70.264: Total time for which application threads were stopped: 0.0005766 seconds, Stopping threads took: 0.0000168 seconds
70.318: [GC (Allocation Failure)  77933K->653K(419840K), 0.0004018 secs]
70.319: Total time for which application threads were stopped: 0.0005250 seconds, Stopping threads took: 0.0000265 seconds
70.372: [GC (Allocation Failure)  76941K->621K(418816K), 0.0004924 secs]
70.373: Total time for which application threads were stopped: 0.0006259 seconds, Stopping threads took: 0.0000260 seconds
70.420: [GC (Allocation Failure)  75885K->621K(417792K), 0.0006400 secs]
70.421: Total time for which application threads were stopped: 0.0007911 seconds, Stopping threads took: 0.0000221 seconds
70.468: [GC (Allocation Failure)  74861K->621K(416768K), 0.0004942 secs]
70.468: Total time for which application threads were stopped: 0.0006296 seconds, Stopping threads took: 0.0000276 seconds
70.514: [GC (Allocation Failure)  73837K->621K(415744K), 0.0005009 secs]
70.515: Total time for which application threads were stopped: 0.0006476 seconds, Stopping threads took: 0.0000273 seconds
70.565: [GC (Allocation Failure)  72813K->621K(414720K), 0.0006716 secs]
70.566: Total time for which application threads were stopped: 0.0008105 seconds, Stopping threads took: 0.0000215 seconds
70.611: [GC (Allocation Failure)  71789K->589K(429056K), 0.0006983 secs]
70.612: Total time for which application threads were stopped: 0.0008460 seconds, Stopping threads took: 0.0000231 seconds
70.666: [GC (Allocation Failure)  86093K->557K(446464K), 0.0006115 secs]
70.667: Total time for which application threads were stopped: 0.0007413 seconds, Stopping threads took: 0.0000222 seconds
70.737: [GC (Allocation Failure)  103469K->685K(444416K), 0.0004928 secs]
70.737: Total time for which application threads were stopped: 0.0006201 seconds, Stopping threads took: 0.0000223 seconds
70.807: [GC (Allocation Failure)  101549K->621K(442368K), 0.0005037 secs]
70.808: Total time for which application threads were stopped: 0.0006448 seconds, Stopping threads took: 0.0000250 seconds
70.872: [GC (Allocation Failure)  99437K->685K(440320K), 0.0004719 secs]
70.872: Total time for which application threads were stopped: 0.0005966 seconds, Stopping threads took: 0.0000203 seconds
70.933: [GC (Allocation Failure)  97453K->621K(438272K), 0.0005017 secs]
70.933: Total time for which application threads were stopped: 0.0006298 seconds, Stopping threads took: 0.0000281 seconds
70.993: [GC (Allocation Failure)  95341K->621K(436736K), 0.0004238 secs]
70.994: Total time for which application threads were stopped: 0.0005527 seconds, Stopping threads took: 0.0000350 seconds
71.057: [GC (Allocation Failure)  93805K->557K(435200K), 0.0005063 secs]
71.057: Total time for which application threads were stopped: 0.0006479 seconds, Stopping threads took: 0.0000221 seconds
71.121: [GC (Allocation Failure)  92205K->621K(433664K), 0.0004342 secs]
71.122: Total time for which application threads were stopped: 0.0005657 seconds, Stopping threads took: 0.0000228 seconds
71.185: [GC (Allocation Failure)  90733K->589K(432128K), 0.0005375 secs]
71.185: Total time for which application threads were stopped: 0.0006619 seconds, Stopping threads took: 0.0000200 seconds
71.247: [GC (Allocation Failure)  89165K->589K(430592K), 0.0006168 secs]
71.247: Total time for which application threads were stopped: 0.0007422 seconds, Stopping threads took: 0.0000269 seconds
71.303: [GC (Allocation Failure)  87629K->589K(429056K), 0.0004511 secs]
71.303: Total time for which application threads were stopped: 0.0005778 seconds, Stopping threads took: 0.0000269 seconds
71.361: [GC (Allocation Failure)  86093K->653K(427520K), 0.0004926 secs]
71.361: Total time for which application threads were stopped: 0.0006347 seconds, Stopping threads took: 0.0000262 seconds
71.414: [GC (Allocation Failure)  84621K->685K(425984K), 0.0004959 secs]
71.414: Total time for which application threads were stopped: 0.0006431 seconds, Stopping threads took: 0.0000304 seconds
71.466: [GC (Allocation Failure)  83117K->685K(424448K), 0.0004951 secs]
71.467: Total time for which application threads were stopped: 0.0006303 seconds, Stopping threads took: 0.0000232 seconds
71.518: [GC (Allocation Failure)  81581K->621K(422912K), 0.0005626 secs]
71.518: Total time for which application threads were stopped: 0.0006843 seconds, Stopping threads took: 0.0000199 seconds
71.574: [GC (Allocation Failure)  79981K->653K(421888K), 0.0005546 secs]
71.575: Total time for which application threads were stopped: 0.0006751 seconds, Stopping threads took: 0.0000197 seconds
71.628: [GC (Allocation Failure)  78989K->653K(420864K), 0.0006064 secs]
71.629: Total time for which application threads were stopped: 0.0007449 seconds, Stopping threads took: 0.0000276 seconds
71.683: [GC (Allocation Failure)  77965K->685K(419840K), 0.0005203 secs]
71.684: Total time for which application threads were stopped: 0.0006617 seconds, Stopping threads took: 0.0000218 seconds
71.732: [GC (Allocation Failure)  76973K->653K(418816K), 0.0005840 secs]
71.733: Total time for which application threads were stopped: 0.0007382 seconds, Stopping threads took: 0.0000309 seconds
71.780: [GC (Allocation Failure)  75917K->621K(417792K), 0.0004000 secs]
71.781: Total time for which application threads were stopped: 0.0005341 seconds, Stopping threads took: 0.0000272 seconds
71.834: [GC (Allocation Failure)  74861K->589K(416768K), 0.0005740 secs]
71.834: Total time for which application threads were stopped: 0.0007092 seconds, Stopping threads took: 0.0000263 seconds
71.885: [GC (Allocation Failure)  73805K->621K(415744K), 0.0005319 secs]
71.886: Total time for which application threads were stopped: 0.0006492 seconds, Stopping threads took: 0.0000197 seconds
71.931: [GC (Allocation Failure)  72813K->685K(414720K), 0.0004507 secs]
71.931: Total time for which application threads were stopped: 0.0005689 seconds, Stopping threads took: 0.0000195 seconds
71.976: [GC (Allocation Failure)  71853K->589K(413696K), 0.0005988 secs]
71.977: Total time for which application threads were stopped: 0.0007249 seconds, Stopping threads took: 0.0000188 seconds
72.021: [GC (Allocation Failure)  70733K->653K(412672K), 0.0004553 secs]
72.021: Total time for which application threads were stopped: 0.0005752 seconds, Stopping threads took: 0.0000196 seconds
72.065: [GC (Allocation Failure)  69773K->621K(411648K), 0.0005484 secs]
72.065: Total time for which application threads were stopped: 0.0006694 seconds, Stopping threads took: 0.0000192 seconds
72.115: [GC (Allocation Failure)  68717K->653K(410624K), 0.0006050 secs]
72.115: Total time for which application threads were stopped: 0.0007296 seconds, Stopping threads took: 0.0000269 seconds
72.157: [GC (Allocation Failure)  67725K->685K(409600K), 0.0005184 secs]
72.158: Total time for which application threads were stopped: 0.0006285 seconds, Stopping threads took: 0.0000195 seconds
72.206: [GC (Allocation Failure)  66733K->653K(422912K), 0.0005673 secs]
72.207: Total time for which application threads were stopped: 0.0006754 seconds, Stopping threads took: 0.0000170 seconds
72.261: [GC (Allocation Failure)  80013K->653K(438784K), 0.0006654 secs]
72.261: Total time for which application threads were stopped: 0.0007912 seconds, Stopping threads took: 0.0000271 seconds
72.329: [GC (Allocation Failure)  95885K->653K(437248K), 0.0005081 secs]
72.329: Total time for which application threads were stopped: 0.0006281 seconds, Stopping threads took: 0.0000190 seconds
72.394: [GC (Allocation Failure)  94349K->621K(435712K), 0.0003964 secs]
72.394: Total time for which application threads were stopped: 0.0005107 seconds, Stopping threads took: 0.0000192 seconds
72.455: [GC (Allocation Failure)  92781K->621K(434176K), 0.0003845 secs]
72.456: Total time for which application threads were stopped: 0.0004953 seconds, Stopping threads took: 0.0000174 seconds
72.518: [GC (Allocation Failure)  91245K->653K(432640K), 0.0005500 secs]
72.519: Total time for which application threads were stopped: 0.0006707 seconds, Stopping threads took: 0.0000198 seconds
72.574: [GC (Allocation Failure)  89741K->621K(431104K), 0.0004523 secs]
72.575: Total time for which application threads were stopped: 0.0005793 seconds, Stopping threads took: 0.0000271 seconds
72.630: [GC (Allocation Failure)  88173K->621K(429568K), 0.0004933 secs]
72.630: Total time for which application threads were stopped: 0.0006193 seconds, Stopping threads took: 0.0000276 seconds
72.691: [GC (Allocation Failure)  86637K->621K(428032K), 0.0005000 secs]
72.692: Total time for which application threads were stopped: 0.0006207 seconds, Stopping threads took: 0.0000194 seconds
72.750: [GC (Allocation Failure)  85101K->589K(426496K), 0.0005429 secs]
72.751: Total time for which application threads were stopped: 0.0006651 seconds, Stopping threads took: 0.0000274 seconds
72.809: [GC (Allocation Failure)  83533K->621K(424960K), 0.0003860 secs]
72.809: Total time for which application threads were stopped: 0.0005121 seconds, Stopping threads took: 0.0000284 seconds
72.861: [GC (Allocation Failure)  82029K->653K(423424K), 0.0005828 secs]
72.862: Total time for which application threads were stopped: 0.0007010 seconds, Stopping threads took: 0.0000191 seconds
72.912: [GC (Allocation Failure)  80525K->653K(422400K), 0.0004949 secs]
72.913: Total time for which application threads were stopped: 0.0006221 seconds, Stopping threads took: 0.0000276 seconds
72.962: [GC (Allocation Failure)  79501K->653K(421376K), 0.0005095 secs]
72.963: Total time for which application threads were stopped: 0.0006371 seconds, Stopping threads took: 0.0000276 seconds
73.012: [GC (Allocation Failure)  78477K->653K(420352K), 0.0005314 secs]
73.013: Total time for which application threads were stopped: 0.0006510 seconds, Stopping threads took: 0.0000200 seconds
73.061: [GC (Allocation Failure)  77453K->621K(419328K), 0.0004871 secs]
73.062: Total time for which application threads were stopped: 0.0006504 seconds, Stopping threads took: 0.0000271 seconds
73.109: [GC (Allocation Failure)  76397K->653K(418304K), 0.0004963 secs]
73.110: Total time for which application threads were stopped: 0.0006464 seconds, Stopping threads took: 0.0000444 seconds
73.157: [GC (Allocation Failure)  75405K->653K(417280K), 0.0005094 secs]
73.157: Total time for which application threads were stopped: 0.0006403 seconds, Stopping threads took: 0.0000226 seconds
73.204: [GC (Allocation Failure)  74381K->621K(416256K), 0.0004969 secs]
73.204: Total time for which application threads were stopped: 0.0006159 seconds, Stopping threads took: 0.0000199 seconds
73.250: [GC (Allocation Failure)  73325K->621K(415232K), 0.0004762 secs]
73.250: Total time for which application threads were stopped: 0.0006028 seconds, Stopping threads took: 0.0000283 seconds
73.296: [GC (Allocation Failure)  72301K->653K(414208K), 0.0005704 secs]
73.296: Total time for which application threads were stopped: 0.0006961 seconds, Stopping threads took: 0.0000276 seconds
73.346: [GC (Allocation Failure)  71309K->621K(413184K), 0.0004673 secs]
73.346: Total time for which application threads were stopped: 0.0005928 seconds, Stopping threads took: 0.0000276 seconds
73.396: [GC (Allocation Failure)  70253K->621K(412160K), 0.0004966 secs]
73.397: Total time for which application threads were stopped: 0.0006319 seconds, Stopping threads took: 0.0000273 seconds
73.440: [GC (Allocation Failure)  69229K->589K(411136K), 0.0006639 secs]
73.441: Total time for which application threads were stopped: 0.0008045 seconds, Stopping threads took: 0.0000206 seconds
73.487: [GC (Allocation Failure)  68173K->557K(410112K), 0.0005264 secs]
73.488: Total time for which application threads were stopped: 0.0006516 seconds, Stopping threads took: 0.0000202 seconds
73.535: [GC (Allocation Failure)  67117K->653K(423424K), 0.0006537 secs]
73.536: Total time for which application threads were stopped: 0.0007902 seconds, Stopping threads took: 0.0000216 seconds
73.592: [GC (Allocation Failure)  80525K->621K(422400K), 0.0005222 secs]
73.593: Total time for which application threads were stopped: 0.0006704 seconds, Stopping threads took: 0.0000229 seconds
73.646: [GC (Allocation Failure)  79469K->589K(421376K), 0.0005267 secs]
73.646: Total time for which application threads were stopped: 0.0006528 seconds, Stopping threads took: 0.0000197 seconds
73.695: [GC (Allocation Failure)  78413K->653K(420352K), 0.0005220 secs]
73.696: Total time for which application threads were stopped: 0.0006632 seconds, Stopping threads took: 0.0000298 seconds
73.744: [GC (Allocation Failure)  77453K->621K(419328K), 0.0005548 secs]
73.745: Total time for which application threads were stopped: 0.0006703 seconds, Stopping threads took: 0.0000196 seconds
73.796: [GC (Allocation Failure)  76397K->621K(418304K), 0.0005865 secs]
73.797: Total time for which application threads were stopped: 0.0007144 seconds, Stopping threads took: 0.0000208 seconds
73.845: [GC (Allocation Failure)  75373K->653K(417280K), 0.0004665 secs]
73.845: Total time for which application threads were stopped: 0.0005593 seconds, Stopping threads took: 0.0000147 seconds
73.892: [GC (Allocation Failure)  74381K->589K(416256K), 0.0005968 secs]
73.893: Total time for which application threads were stopped: 0.0007855 seconds, Stopping threads took: 0.0000178 seconds
73.943: [GC (Allocation Failure)  73293K->621K(415232K), 0.0004433 secs]
73.944: Total time for which application threads were stopped: 0.0005537 seconds, Stopping threads took: 0.0000175 seconds
73.992: [GC (Allocation Failure)  72301K->621K(414208K), 0.0004105 secs]
73.993: Total time for which application threads were stopped: 0.0005174 seconds, Stopping threads took: 0.0000173 seconds
74.037: [GC (Allocation Failure)  71277K->621K(413184K), 0.0004570 secs]
74.038: Total time for which application threads were stopped: 0.0005669 seconds, Stopping threads took: 0.0000166 seconds
74.082: [GC (Allocation Failure)  70253K->621K(412160K), 0.0004804 secs]
74.082: Total time for which application threads were stopped: 0.0006229 seconds, Stopping threads took: 0.0000188 seconds
74.126: [GC (Allocation Failure)  69229K->653K(411136K), 0.0005851 secs]
74.126: Total time for which application threads were stopped: 0.0007110 seconds, Stopping threads took: 0.0000197 seconds
74.169: [GC (Allocation Failure)  68237K->621K(424960K), 0.0007559 secs]
74.170: Total time for which application threads were stopped: 0.0008957 seconds, Stopping threads took: 0.0000203 seconds
74.221: [GC (Allocation Failure)  82029K->653K(441344K), 0.0005209 secs]
74.222: Total time for which application threads were stopped: 0.0006745 seconds, Stopping threads took: 0.0000225 seconds
74.284: [GC (Allocation Failure)  98445K->621K(439296K), 0.0003877 secs]
74.284: Total time for which application threads were stopped: 0.0005091 seconds, Stopping threads took: 0.0000266 seconds
74.345: [GC (Allocation Failure)  96365K->685K(437760K), 0.0004670 secs]
74.345: Total time for which application threads were stopped: 0.0005973 seconds, Stopping threads took: 0.0000277 seconds
74.405: [GC (Allocation Failure)  94893K->621K(436224K), 0.0007095 secs]
74.405: Total time for which application threads were stopped: 0.0008301 seconds, Stopping threads took: 0.0000195 seconds
74.469: [GC (Allocation Failure)  93293K->589K(434688K), 0.0006252 secs]
74.470: Total time for which application threads were stopped: 0.0007779 seconds, Stopping threads took: 0.0000299 seconds
74.527: [GC (Allocation Failure)  91725K->653K(433152K), 0.0004343 secs]
74.527: Total time for which application threads were stopped: 0.0005688 seconds, Stopping threads took: 0.0000300 seconds
74.589: [GC (Allocation Failure)  90253K->653K(431616K), 0.0004720 secs]
74.590: Total time for which application threads were stopped: 0.0006050 seconds, Stopping threads took: 0.0000323 seconds
74.645: [GC (Allocation Failure)  88717K->589K(430080K), 0.0005473 secs]
74.645: Total time for which application threads were stopped: 0.0006744 seconds, Stopping threads took: 0.0000287 seconds
74.700: [GC (Allocation Failure)  87117K->589K(428544K), 0.0004844 secs]
74.700: Total time for which application threads were stopped: 0.0006168 seconds, Stopping threads took: 0.0000206 seconds
74.754: [GC (Allocation Failure)  85581K->653K(427008K), 0.0004960 secs]
74.754: Total time for which application threads were stopped: 0.0006356 seconds, Stopping threads took: 0.0000225 seconds
74.807: [GC (Allocation Failure)  84109K->685K(425472K), 0.0004942 secs]
74.808: Total time for which application threads were stopped: 0.0006435 seconds, Stopping threads took: 0.0000271 seconds
74.865: [GC (Allocation Failure)  82605K->621K(423936K), 0.0004664 secs]
74.866: Total time for which application threads were stopped: 0.0005746 seconds, Stopping threads took: 0.0000168 seconds
74.916: [GC (Allocation Failure)  81005K->685K(422400K), 0.0005064 secs]
74.917: Total time for which application threads were stopped: 0.0006259 seconds, Stopping threads took: 0.0000189 seconds
74.972: [GC (Allocation Failure)  79533K->621K(421376K), 0.0004428 secs]
74.973: Total time for which application threads were stopped: 0.0005468 seconds, Stopping threads took: 0.0000172 seconds
75.022: [GC (Allocation Failure)  78445K->685K(420352K), 0.0004875 secs]
75.023: Total time for which application threads were stopped: 0.0006086 seconds, Stopping threads took: 0.0000195 seconds
75.071: [GC (Allocation Failure)  77485K->621K(419328K), 0.0005986 secs]
75.072: Total time for which application threads were stopped: 0.0007336 seconds, Stopping threads took: 0.0000192 seconds
75.120: [GC (Allocation Failure)  76397K->621K(418304K), 0.0005565 secs]
75.120: Total time for which application threads were stopped: 0.0007141 seconds, Stopping threads took: 0.0000223 seconds
75.168: [GC (Allocation Failure)  75373K->653K(417280K), 0.0004804 secs]
75.168: Total time for which application threads were stopped: 0.0006208 seconds, Stopping threads took: 0.0000270 seconds
75.220: [GC (Allocation Failure)  74381K->621K(432128K), 0.0014766 secs]
75.221: Total time for which application threads were stopped: 0.0016047 seconds, Stopping threads took: 0.0000278 seconds
75.277: [GC (Allocation Failure)  89197K->653K(450048K), 0.0005843 secs]
75.277: Total time for which application threads were stopped: 0.0007217 seconds, Stopping threads took: 0.0000290 seconds
75.346: [GC (Allocation Failure)  107149K->653K(471552K), 0.0005555 secs]
75.347: Total time for which application threads were stopped: 0.0006929 seconds, Stopping threads took: 0.0000272 seconds
75.427: [GC (Allocation Failure)  128653K->717K(468480K), 0.0004633 secs]
75.427: Total time for which application threads were stopped: 0.0005908 seconds, Stopping threads took: 0.0000271 seconds
75.511: [GC (Allocation Failure)  125645K->685K(465408K), 0.0004488 secs]
75.512: Total time for which application threads were stopped: 0.0005728 seconds, Stopping threads took: 0.0000171 seconds
75.591: [GC (Allocation Failure)  122541K->653K(462848K), 0.0004909 secs]
75.591: Total time for which application threads were stopped: 0.0006115 seconds, Stopping threads took: 0.0000200 seconds
75.666: [GC (Allocation Failure)  119949K->589K(460288K), 0.0006477 secs]
75.667: Total time for which application threads were stopped: 0.0007633 seconds, Stopping threads took: 0.0000197 seconds
