Java HotSpot(TM) 64-Bit Server VM (25.171-b11) for linux-amd64 JRE (1.8.0_171-b11), built on Mar 28 2018 17:07:08 by "java_re" with gcc 4.3.0 20080428 (Red Hat 4.3.0-8)
Memory: 4k page, physical 32883000k(29629812k free), swap 8000508k(8000508k free)
CommandLine flags: -XX:InitialHeapSize=526128000 -XX:MaxHeapSize=8418048000 -XX:+PrintGC -XX:+PrintGCApplicationStoppedTime -XX:+PrintGCTimeStamps -XX:+UseCompressedClassPointers -XX:+UseCompressedOops -XX:+UseParallelGC 
0.401: [GC (Allocation Failure)  129024K->2413K(493056K), 0.0018959 secs]
0.403: Total time for which application threads were stopped: 0.0020868 seconds, Stopping threads took: 0.0000230 seconds
0.493: [GC (Allocation Failure)  131437K->576K(493056K), 0.0008738 secs]
0.494: Total time for which application threads were stopped: 0.0010147 seconds, Stopping threads took: 0.0000210 seconds
0.579: [GC (Allocation Failure)  129600K->616K(493056K), 0.0009006 secs]
0.580: Total time for which application threads were stopped: 0.0010501 seconds, Stopping threads took: 0.0000306 seconds
0.664: [GC (Allocation Failure)  129640K->624K(493056K), 0.0010792 secs]
0.665: Total time for which application threads were stopped: 0.0012177 seconds, Stopping threads took: 0.0000275 seconds
0.751: [GC (Allocation Failure)  129648K->656K(470016K), 0.0010711 secs]
0.752: Total time for which application threads were stopped: 0.0011803 seconds, Stopping threads took: 0.0000188 seconds
0.836: [GC (Allocation Failure)  126608K->592K(466944K), 0.0010244 secs]
0.837: Total time for which application threads were stopped: 0.0011477 seconds, Stopping threads took: 0.0000207 seconds
0.918: [GC (Allocation Failure)  123472K->557K(463872K), 0.0011736 secs]
0.919: Total time for which application threads were stopped: 0.0012941 seconds, Stopping threads took: 0.0000198 seconds
0.995: [GC (Allocation Failure)  120877K->653K(461312K), 0.0006061 secs]
0.996: Total time for which application threads were stopped: 0.0007249 seconds, Stopping threads took: 0.0000205 seconds
1.071: [GC (Allocation Failure)  118413K->589K(460800K), 0.0005456 secs]
1.071: Total time for which application threads were stopped: 0.0006747 seconds, Stopping threads took: 0.0000289 seconds
1.145: [GC (Allocation Failure)  115789K->653K(456192K), 0.0005322 secs]
1.146: Total time for which application threads were stopped: 0.0006388 seconds, Stopping threads took: 0.0000183 seconds
1.216: [GC (Allocation Failure)  113293K->621K(455680K), 0.0005535 secs]
1.216: Total time for which application threads were stopped: 0.0006649 seconds, Stopping threads took: 0.0000188 seconds
1.291: [GC (Allocation Failure)  110701K->717K(451584K), 0.0005313 secs]
1.291: Total time for which application threads were stopped: 0.0006477 seconds, Stopping threads took: 0.0000184 seconds
1.358: [GC (Allocation Failure)  108749K->653K(451072K), 0.0004474 secs]
1.359: Total time for which application threads were stopped: 0.0005720 seconds, Stopping threads took: 0.0000203 seconds
1.424: [GC (Allocation Failure)  106637K->621K(447488K), 0.0005619 secs]
1.425: Total time for which application threads were stopped: 0.0007140 seconds, Stopping threads took: 0.0000301 seconds
1.495: [GC (Allocation Failure)  104557K->653K(446976K), 0.0004469 secs]
1.496: Total time for which application threads were stopped: 0.0005558 seconds, Stopping threads took: 0.0000170 seconds
1.559: [GC (Allocation Failure)  102541K->653K(443392K), 0.0004372 secs]
1.560: Total time for which application threads were stopped: 0.0005804 seconds, Stopping threads took: 0.0000253 seconds
1.621: [GC (Allocation Failure)  100493K->653K(442880K), 0.0005132 secs]
1.622: Total time for which application threads were stopped: 0.0006313 seconds, Stopping threads took: 0.0000196 seconds
1.682: [GC (Allocation Failure)  98445K->621K(439296K), 0.0005411 secs]
1.683: Total time for which application threads were stopped: 0.0006712 seconds, Stopping threads took: 0.0000196 seconds
1.748: [GC (Allocation Failure)  96365K->653K(438784K), 0.0005066 secs]
1.748: Total time for which application threads were stopped: 0.0006497 seconds, Stopping threads took: 0.0000306 seconds
1.806: [GC (Allocation Failure)  94861K->621K(436224K), 0.0006380 secs]
1.807: Total time for which application threads were stopped: 0.0007878 seconds, Stopping threads took: 0.0000302 seconds
1.870: [GC (Allocation Failure)  93293K->717K(435712K), 0.0006055 secs]
1.871: Total time for which application threads were stopped: 0.0007584 seconds, Stopping threads took: 0.0000228 seconds
1.932: [GC (Allocation Failure)  91853K->653K(433152K), 0.0005469 secs]
1.932: Total time for which application threads were stopped: 0.0006732 seconds, Stopping threads took: 0.0000223 seconds
1.988: [GC (Allocation Failure)  90253K->717K(432640K), 0.0005046 secs]
1.988: Total time for which application threads were stopped: 0.0006383 seconds, Stopping threads took: 0.0000206 seconds
2.047: [GC (Allocation Failure)  88781K->653K(430080K), 0.0007102 secs]
2.048: Total time for which application threads were stopped: 0.0008277 seconds, Stopping threads took: 0.0000201 seconds
2.104: [GC (Allocation Failure)  87181K->621K(429056K), 0.0005001 secs]
2.105: Total time for which application threads were stopped: 0.0006158 seconds, Stopping threads took: 0.0000176 seconds
2.159: [GC (Allocation Failure)  85613K->557K(427008K), 0.0005074 secs]
2.160: Total time for which application threads were stopped: 0.0006545 seconds, Stopping threads took: 0.0000393 seconds
2.212: [GC (Allocation Failure)  84013K->685K(425984K), 0.0004939 secs]
2.212: Total time for which application threads were stopped: 0.0006183 seconds, Stopping threads took: 0.0000215 seconds
2.269: [GC (Allocation Failure)  82605K->589K(423936K), 0.0005066 secs]
2.269: Total time for which application threads were stopped: 0.0006276 seconds, Stopping threads took: 0.0000205 seconds
2.319: [GC (Allocation Failure)  80973K->653K(422912K), 0.0005190 secs]
2.320: Total time for which application threads were stopped: 0.0006460 seconds, Stopping threads took: 0.0000295 seconds
2.369: [GC (Allocation Failure)  79501K->685K(421376K), 0.0005109 secs]
2.369: Total time for which application threads were stopped: 0.0006268 seconds, Stopping threads took: 0.0000197 seconds
2.417: [GC (Allocation Failure)  78509K->653K(420864K), 0.0005904 secs]
2.418: Total time for which application threads were stopped: 0.0007260 seconds, Stopping threads took: 0.0000198 seconds
2.471: [GC (Allocation Failure)  77453K->621K(419328K), 0.0004547 secs]
2.472: Total time for which application threads were stopped: 0.0005734 seconds, Stopping threads took: 0.0000341 seconds
2.523: [GC (Allocation Failure)  76397K->653K(418816K), 0.0005078 secs]
2.523: Total time for which application threads were stopped: 0.0006351 seconds, Stopping threads took: 0.0000282 seconds
2.570: [GC (Allocation Failure)  75405K->653K(417280K), 0.0004708 secs]
2.570: Total time for which application threads were stopped: 0.0005964 seconds, Stopping threads took: 0.0000290 seconds
2.616: [GC (Allocation Failure)  74381K->653K(416768K), 0.0004463 secs]
2.617: Total time for which application threads were stopped: 0.0005727 seconds, Stopping threads took: 0.0000283 seconds
2.665: [GC (Allocation Failure)  73357K->653K(415232K), 0.0004457 secs]
2.666: Total time for which application threads were stopped: 0.0005649 seconds, Stopping threads took: 0.0000190 seconds
2.710: [GC (Allocation Failure)  72333K->621K(414208K), 0.0005130 secs]
2.711: Total time for which application threads were stopped: 0.0006557 seconds, Stopping threads took: 0.0000288 seconds
2.755: [GC (Allocation Failure)  71277K->653K(413184K), 0.0006607 secs]
2.755: Total time for which application threads were stopped: 0.0008086 seconds, Stopping threads took: 0.0000292 seconds
2.802: [GC (Allocation Failure)  70285K->589K(412160K), 0.0004705 secs]
2.802: Total time for which application threads were stopped: 0.0005907 seconds, Stopping threads took: 0.0000214 seconds
2.845: [GC (Allocation Failure)  69197K->653K(411136K), 0.0004513 secs]
2.845: Total time for which application threads were stopped: 0.0005664 seconds, Stopping threads took: 0.0000193 seconds
2.893: [GC (Allocation Failure)  68237K->621K(410112K), 0.0004880 secs]
2.893: Total time for which application threads were stopped: 0.0006133 seconds, Stopping threads took: 0.0000278 seconds
2.941: [GC (Allocation Failure)  67181K->621K(409088K), 0.0004777 secs]
2.941: Total time for which application threads were stopped: 0.0006119 seconds, Stopping threads took: 0.0000305 seconds
2.982: [GC (Allocation Failure)  66157K->621K(408064K), 0.0004862 secs]
2.982: Total time for which application threads were stopped: 0.0006167 seconds, Stopping threads took: 0.0000189 seconds
3.022: [GC (Allocation Failure)  65133K->653K(407040K), 0.0004455 secs]
3.023: Total time for which application threads were stopped: 0.0005855 seconds, Stopping threads took: 0.0000276 seconds
3.062: [GC (Allocation Failure)  64141K->653K(406016K), 0.0004104 secs]
3.063: Total time for which application threads were stopped: 0.0005321 seconds, Stopping threads took: 0.0000259 seconds
3.107: [GC (Allocation Failure)  63117K->629K(405504K), 0.0005209 secs]
3.108: Total time for which application threads were stopped: 0.0006674 seconds, Stopping threads took: 0.0000290 seconds
3.147: [GC (Allocation Failure)  62581K->565K(419328K), 0.0006712 secs]
3.148: Total time for which application threads were stopped: 0.0007941 seconds, Stopping threads took: 0.0000202 seconds
3.195: [GC (Allocation Failure)  76341K->661K(436224K), 0.0005022 secs]
3.195: Total time for which application threads were stopped: 0.0006433 seconds, Stopping threads took: 0.0000217 seconds
3.259: [GC (Allocation Failure)  93333K->725K(434688K), 0.0004930 secs]
3.259: Total time for which application threads were stopped: 0.0006179 seconds, Stopping threads took: 0.0000270 seconds
3.316: [GC (Allocation Failure)  91861K->693K(433152K), 0.0004973 secs]
3.317: Total time for which application threads were stopped: 0.0006398 seconds, Stopping threads took: 0.0000284 seconds
3.377: [GC (Allocation Failure)  90293K->629K(431616K), 0.0004968 secs]
3.378: Total time for which application threads were stopped: 0.0006265 seconds, Stopping threads took: 0.0000203 seconds
3.437: [GC (Allocation Failure)  88693K->661K(430080K), 0.0005094 secs]
3.437: Total time for which application threads were stopped: 0.0006447 seconds, Stopping threads took: 0.0000222 seconds
3.491: [GC (Allocation Failure)  87189K->629K(428544K), 0.0005243 secs]
3.491: Total time for which application threads were stopped: 0.0006770 seconds, Stopping threads took: 0.0000310 seconds
3.549: [GC (Allocation Failure)  85621K->629K(427008K), 0.0005134 secs]
3.549: Total time for which application threads were stopped: 0.0006675 seconds, Stopping threads took: 0.0000284 seconds
3.606: [GC (Allocation Failure)  84085K->629K(425472K), 0.0005880 secs]
3.607: Total time for which application threads were stopped: 0.0007362 seconds, Stopping threads took: 0.0000287 seconds
3.664: [GC (Allocation Failure)  82549K->661K(423936K), 0.0004780 secs]
3.664: Total time for which application threads were stopped: 0.0006162 seconds, Stopping threads took: 0.0000305 seconds
3.721: [GC (Allocation Failure)  81045K->629K(422400K), 0.0004638 secs]
3.721: Total time for which application threads were stopped: 0.0005930 seconds, Stopping threads took: 0.0000197 seconds
3.776: [GC (Allocation Failure)  79477K->597K(421376K), 0.0005379 secs]
3.776: Total time for which application threads were stopped: 0.0006641 seconds, Stopping threads took: 0.0000283 seconds
3.830: [GC (Allocation Failure)  78421K->629K(420352K), 0.0004773 secs]
3.830: Total time for which application threads were stopped: 0.0005932 seconds, Stopping threads took: 0.0000198 seconds
3.878: [GC (Allocation Failure)  77429K->661K(419328K), 0.0005082 secs]
3.878: Total time for which application threads were stopped: 0.0006314 seconds, Stopping threads took: 0.0000276 seconds
3.925: [GC (Allocation Failure)  76437K->661K(418304K), 0.0004775 secs]
3.926: Total time for which application threads were stopped: 0.0006044 seconds, Stopping threads took: 0.0000196 seconds
3.972: [GC (Allocation Failure)  75413K->661K(417280K), 0.0004881 secs]
3.972: Total time for which application threads were stopped: 0.0006071 seconds, Stopping threads took: 0.0000192 seconds
4.018: [GC (Allocation Failure)  74389K->629K(416256K), 0.0005000 secs]
4.018: Total time for which application threads were stopped: 0.0006182 seconds, Stopping threads took: 0.0000196 seconds
4.055: Total time for which application threads were stopped: 0.0001051 seconds, Stopping threads took: 0.0000489 seconds
4.069: [GC (Allocation Failure)  73333K->629K(415232K), 0.0003678 secs]
4.070: Total time for which application threads were stopped: 0.0005024 seconds, Stopping threads took: 0.0000241 seconds
4.117: [GC (Allocation Failure)  72309K->629K(414208K), 0.0005591 secs]
4.117: Total time for which application threads were stopped: 0.0006723 seconds, Stopping threads took: 0.0000225 seconds
4.166: [GC (Allocation Failure)  71285K->629K(413184K), 0.0004828 secs]
4.167: Total time for which application threads were stopped: 0.0006187 seconds, Stopping threads took: 0.0000209 seconds
4.215: [GC (Allocation Failure)  70261K->597K(412160K), 0.0004982 secs]
4.216: Total time for which application threads were stopped: 0.0006151 seconds, Stopping threads took: 0.0000202 seconds
4.264: [GC (Allocation Failure)  69205K->661K(411136K), 0.0004196 secs]
4.265: Total time for which application threads were stopped: 0.0005536 seconds, Stopping threads took: 0.0000255 seconds
4.310: [GC (Allocation Failure)  68245K->629K(410112K), 0.0004851 secs]
4.310: Total time for which application threads were stopped: 0.0006037 seconds, Stopping threads took: 0.0000198 seconds
4.351: [GC (Allocation Failure)  67189K->597K(409088K), 0.0004895 secs]
4.352: Total time for which application threads were stopped: 0.0006136 seconds, Stopping threads took: 0.0000276 seconds
4.392: [GC (Allocation Failure)  66133K->693K(408064K), 0.0005029 secs]
4.393: Total time for which application threads were stopped: 0.0006255 seconds, Stopping threads took: 0.0000268 seconds
4.439: [GC (Allocation Failure)  65205K->661K(407040K), 0.0005856 secs]
4.440: Total time for which application threads were stopped: 0.0007097 seconds, Stopping threads took: 0.0000274 seconds
4.479: [GC (Allocation Failure)  64149K->629K(419840K), 0.0005280 secs]
4.479: Total time for which application threads were stopped: 0.0006422 seconds, Stopping threads took: 0.0000197 seconds
4.526: [GC (Allocation Failure)  76917K->597K(418816K), 0.0005231 secs]
4.527: Total time for which application threads were stopped: 0.0006450 seconds, Stopping threads took: 0.0000191 seconds
4.579: [GC (Allocation Failure)  75861K->629K(417792K), 0.0005047 secs]
4.580: Total time for which application threads were stopped: 0.0006230 seconds, Stopping threads took: 0.0000259 seconds
4.632: [GC (Allocation Failure)  74869K->725K(416768K), 0.0004979 secs]
4.632: Total time for which application threads were stopped: 0.0006230 seconds, Stopping threads took: 0.0000203 seconds
4.681: [GC (Allocation Failure)  73941K->725K(415744K), 0.0006077 secs]
4.682: Total time for which application threads were stopped: 0.0007330 seconds, Stopping threads took: 0.0000206 seconds
4.732: [GC (Allocation Failure)  72917K->597K(414720K), 0.0006340 secs]
4.732: Total time for which application threads were stopped: 0.0007654 seconds, Stopping threads took: 0.0000216 seconds
4.777: [GC (Allocation Failure)  71765K->629K(413696K), 0.0004841 secs]
4.777: Total time for which application threads were stopped: 0.0006063 seconds, Stopping threads took: 0.0000203 seconds
4.821: [GC (Allocation Failure)  70773K->629K(412672K), 0.0005318 secs]
4.822: Total time for which application threads were stopped: 0.0006492 seconds, Stopping threads took: 0.0000196 seconds
4.870: [GC (Allocation Failure)  69749K->629K(426496K), 0.0006659 secs]
4.871: Total time for which application threads were stopped: 0.0007919 seconds, Stopping threads took: 0.0000217 seconds
4.927: [GC (Allocation Failure)  83573K->661K(424960K), 0.0004784 secs]
4.927: Total time for which application threads were stopped: 0.0006252 seconds, Stopping threads took: 0.0000196 seconds
4.977: [GC (Allocation Failure)  82069K->629K(423424K), 0.0005029 secs]
4.978: Total time for which application threads were stopped: 0.0006201 seconds, Stopping threads took: 0.0000201 seconds
5.033: [GC (Allocation Failure)  80501K->661K(422400K), 0.0004795 secs]
5.033: Total time for which application threads were stopped: 0.0005958 seconds, Stopping threads took: 0.0000200 seconds
5.082: [GC (Allocation Failure)  79509K->693K(421376K), 0.0005372 secs]
5.083: Total time for which application threads were stopped: 0.0006553 seconds, Stopping threads took: 0.0000196 seconds
5.132: [GC (Allocation Failure)  78517K->725K(420352K), 0.0004810 secs]
5.132: Total time for which application threads were stopped: 0.0005991 seconds, Stopping threads took: 0.0000195 seconds
5.183: [GC (Allocation Failure)  77525K->661K(419328K), 0.0004690 secs]
5.183: Total time for which application threads were stopped: 0.0005863 seconds, Stopping threads took: 0.0000194 seconds
5.230: [GC (Allocation Failure)  76437K->661K(418304K), 0.0004670 secs]
5.230: Total time for which application threads were stopped: 0.0005812 seconds, Stopping threads took: 0.0000192 seconds
5.277: [GC (Allocation Failure)  75413K->629K(417280K), 0.0006292 secs]
5.277: Total time for which application threads were stopped: 0.0007458 seconds, Stopping threads took: 0.0000188 seconds
5.323: [GC (Allocation Failure)  74357K->629K(416256K), 0.0005399 secs]
5.324: Total time for which application threads were stopped: 0.0006720 seconds, Stopping threads took: 0.0000352 seconds
5.369: [GC (Allocation Failure)  73333K->661K(415232K), 0.0005013 secs]
5.369: Total time for which application threads were stopped: 0.0006257 seconds, Stopping threads took: 0.0000275 seconds
5.419: [GC (Allocation Failure)  72341K->661K(414208K), 0.0004501 secs]
5.419: Total time for which application threads were stopped: 0.0005678 seconds, Stopping threads took: 0.0000208 seconds
5.468: [GC (Allocation Failure)  71317K->597K(413184K), 0.0004716 secs]
5.468: Total time for which application threads were stopped: 0.0005803 seconds, Stopping threads took: 0.0000171 seconds
5.512: [GC (Allocation Failure)  70229K->661K(412160K), 0.0005662 secs]
5.512: Total time for which application threads were stopped: 0.0006989 seconds, Stopping threads took: 0.0000214 seconds
5.555: [GC (Allocation Failure)  69269K->661K(411136K), 0.0005825 secs]
5.556: Total time for which application threads were stopped: 0.0007240 seconds, Stopping threads took: 0.0000298 seconds
5.599: [GC (Allocation Failure)  68245K->629K(410112K), 0.0004205 secs]
5.600: Total time for which application threads were stopped: 0.0005427 seconds, Stopping threads took: 0.0000265 seconds
5.645: [GC (Allocation Failure)  67189K->629K(409088K), 0.0005329 secs]
5.645: Total time for which application threads were stopped: 0.0006356 seconds, Stopping threads took: 0.0000171 seconds
5.692: [GC (Allocation Failure)  66165K->629K(408064K), 0.0005923 secs]
5.693: Total time for which application threads were stopped: 0.0007070 seconds, Stopping threads took: 0.0000171 seconds
5.733: [GC (Allocation Failure)  65141K->661K(421376K), 0.0005353 secs]
5.733: Total time for which application threads were stopped: 0.0006685 seconds, Stopping threads took: 0.0000280 seconds
5.787: [GC (Allocation Failure)  78485K->629K(437248K), 0.0006592 secs]
5.788: Total time for which application threads were stopped: 0.0007970 seconds, Stopping threads took: 0.0000209 seconds
5.849: [GC (Allocation Failure)  94325K->597K(435712K), 0.0005788 secs]
5.849: Total time for which application threads were stopped: 0.0007004 seconds, Stopping threads took: 0.0000214 seconds
5.906: [GC (Allocation Failure)  92757K->661K(434176K), 0.0005548 secs]
5.907: Total time for which application threads were stopped: 0.0006849 seconds, Stopping threads took: 0.0000297 seconds
5.968: [GC (Allocation Failure)  91285K->629K(432640K), 0.0004382 secs]
5.968: Total time for which application threads were stopped: 0.0005426 seconds, Stopping threads took: 0.0000174 seconds
6.023: [GC (Allocation Failure)  89717K->597K(431104K), 0.0004854 secs]
6.024: Total time for which application threads were stopped: 0.0005922 seconds, Stopping threads took: 0.0000170 seconds
6.081: [GC (Allocation Failure)  88149K->629K(429568K), 0.0004448 secs]
6.082: Total time for which application threads were stopped: 0.0005634 seconds, Stopping threads took: 0.0000199 seconds
6.136: [GC (Allocation Failure)  86645K->629K(428032K), 0.0004803 secs]
6.136: Total time for which application threads were stopped: 0.0006071 seconds, Stopping threads took: 0.0000281 seconds
6.189: [GC (Allocation Failure)  85109K->661K(426496K), 0.0004850 secs]
6.189: Total time for which application threads were stopped: 0.0006102 seconds, Stopping threads took: 0.0000279 seconds
6.240: [GC (Allocation Failure)  83605K->629K(424960K), 0.0005451 secs]
6.241: Total time for which application threads were stopped: 0.0006835 seconds, Stopping threads took: 0.0000281 seconds
6.295: [GC (Allocation Failure)  82037K->661K(423424K), 0.0006786 secs]
6.296: Total time for which application threads were stopped: 0.0008279 seconds, Stopping threads took: 0.0000207 seconds
6.351: [GC (Allocation Failure)  80533K->725K(422400K), 0.0006084 secs]
6.352: Total time for which application threads were stopped: 0.0007598 seconds, Stopping threads took: 0.0000292 seconds
6.400: [GC (Allocation Failure)  79573K->693K(421376K), 0.0004948 secs]
6.401: Total time for which application threads were stopped: 0.0006412 seconds, Stopping threads took: 0.0000229 seconds
6.449: [GC (Allocation Failure)  78517K->629K(420352K), 0.0005016 secs]
6.449: Total time for which application threads were stopped: 0.0006356 seconds, Stopping threads took: 0.0000232 seconds
6.497: [GC (Allocation Failure)  77429K->661K(419328K), 0.0005054 secs]
6.497: Total time for which application threads were stopped: 0.0006331 seconds, Stopping threads took: 0.0000207 seconds
6.550: [GC (Allocation Failure)  76437K->661K(418304K), 0.0005188 secs]
6.550: Total time for which application threads were stopped: 0.0006760 seconds, Stopping threads took: 0.0000318 seconds
6.597: [GC (Allocation Failure)  75413K->629K(417280K), 0.0005841 secs]
6.598: Total time for which application threads were stopped: 0.0007394 seconds, Stopping threads took: 0.0000280 seconds
6.647: [GC (Allocation Failure)  74357K->661K(416256K), 0.0005658 secs]
6.648: Total time for which application threads were stopped: 0.0007129 seconds, Stopping threads took: 0.0000307 seconds
6.693: [GC (Allocation Failure)  73365K->661K(415232K), 0.0005156 secs]
6.694: Total time for which application threads were stopped: 0.0006587 seconds, Stopping threads took: 0.0000289 seconds
6.738: [GC (Allocation Failure)  72341K->629K(414208K), 0.0004746 secs]
6.739: Total time for which application threads were stopped: 0.0005976 seconds, Stopping threads took: 0.0000271 seconds
6.790: [GC (Allocation Failure)  71285K->629K(413184K), 0.0005039 secs]
6.790: Total time for which application threads were stopped: 0.0006519 seconds, Stopping threads took: 0.0000293 seconds
6.836: [GC (Allocation Failure)  70261K->565K(427520K), 0.0007514 secs]
6.837: Total time for which application threads were stopped: 0.0008942 seconds, Stopping threads took: 0.0000232 seconds
6.889: [GC (Allocation Failure)  84533K->597K(444416K), 0.0006530 secs]
6.890: Total time for which application threads were stopped: 0.0007871 seconds, Stopping threads took: 0.0000197 seconds
6.957: [GC (Allocation Failure)  101461K->597K(442368K), 0.0005927 secs]
6.958: Total time for which application threads were stopped: 0.0007348 seconds, Stopping threads took: 0.0000301 seconds
7.019: [GC (Allocation Failure)  99413K->597K(440320K), 0.0005669 secs]
7.019: Total time for which application threads were stopped: 0.0007110 seconds, Stopping threads took: 0.0000261 seconds
7.079: [GC (Allocation Failure)  97365K->629K(438272K), 0.0004013 secs]
7.080: Total time for which application threads were stopped: 0.0005306 seconds, Stopping threads took: 0.0000264 seconds
7.139: [GC (Allocation Failure)  95349K->661K(436736K), 0.0006081 secs]
7.140: Total time for which application threads were stopped: 0.0007352 seconds, Stopping threads took: 0.0000284 seconds
7.202: [GC (Allocation Failure)  93845K->661K(435200K), 0.0006687 secs]
7.203: Total time for which application threads were stopped: 0.0007930 seconds, Stopping threads took: 0.0000193 seconds
7.264: [GC (Allocation Failure)  92309K->597K(433664K), 0.0005544 secs]
7.265: Total time for which application threads were stopped: 0.0006672 seconds, Stopping threads took: 0.0000191 seconds
7.321: [GC (Allocation Failure)  90709K->661K(432128K), 0.0007576 secs]
7.321: Total time for which application threads were stopped: 0.0008925 seconds, Stopping threads took: 0.0000197 seconds
7.377: [GC (Allocation Failure)  89237K->629K(430592K), 0.0004687 secs]
7.377: Total time for which application threads were stopped: 0.0005875 seconds, Stopping threads took: 0.0000193 seconds
7.431: [GC (Allocation Failure)  87669K->597K(429056K), 0.0006297 secs]
7.431: Total time for which application threads were stopped: 0.0007567 seconds, Stopping threads took: 0.0000215 seconds
7.490: [GC (Allocation Failure)  86101K->693K(427520K), 0.0006053 secs]
7.491: Total time for which application threads were stopped: 0.0007441 seconds, Stopping threads took: 0.0000221 seconds
7.551: [GC (Allocation Failure)  84661K->693K(425984K), 0.0007722 secs]
7.551: Total time for which application threads were stopped: 0.0009281 seconds, Stopping threads took: 0.0000307 seconds
7.603: [GC (Allocation Failure)  83125K->629K(424448K), 0.0004429 secs]
7.604: Total time for which application threads were stopped: 0.0005890 seconds, Stopping threads took: 0.0000286 seconds
7.654: [GC (Allocation Failure)  81525K->629K(422912K), 0.0006187 secs]
7.654: Total time for which application threads were stopped: 0.0007481 seconds, Stopping threads took: 0.0000270 seconds
7.703: [GC (Allocation Failure)  79989K->661K(438784K), 0.0007958 secs]
7.704: Total time for which application threads were stopped: 0.0009366 seconds, Stopping threads took: 0.0000274 seconds
7.766: [GC (Allocation Failure)  95893K->693K(437248K), 0.0005147 secs]
7.766: Total time for which application threads were stopped: 0.0006387 seconds, Stopping threads took: 0.0000276 seconds
7.830: [GC (Allocation Failure)  94389K->661K(435712K), 0.0004537 secs]
7.830: Total time for which application threads were stopped: 0.0005654 seconds, Stopping threads took: 0.0000190 seconds
7.887: [GC (Allocation Failure)  92821K->661K(434176K), 0.0005717 secs]
7.888: Total time for which application threads were stopped: 0.0006702 seconds, Stopping threads took: 0.0000170 seconds
7.947: [GC (Allocation Failure)  91285K->629K(432640K), 0.0004105 secs]
7.948: Total time for which application threads were stopped: 0.0005182 seconds, Stopping threads took: 0.0000170 seconds
8.006: [GC (Allocation Failure)  89717K->629K(431104K), 0.0004678 secs]
8.006: Total time for which application threads were stopped: 0.0005895 seconds, Stopping threads took: 0.0000242 seconds
8.063: [GC (Allocation Failure)  88181K->661K(429568K), 0.0004442 secs]
8.064: Total time for which application threads were stopped: 0.0005833 seconds, Stopping threads took: 0.0000273 seconds
8.119: [GC (Allocation Failure)  86677K->661K(428032K), 0.0004785 secs]
8.120: Total time for which application threads were stopped: 0.0006025 seconds, Stopping threads took: 0.0000251 seconds
8.173: [GC (Allocation Failure)  85141K->629K(426496K), 0.0004812 secs]
8.174: Total time for which application threads were stopped: 0.0005967 seconds, Stopping threads took: 0.0000191 seconds
8.230: [GC (Allocation Failure)  83573K->661K(424960K), 0.0004347 secs]
8.231: Total time for which application threads were stopped: 0.0005592 seconds, Stopping threads took: 0.0000217 seconds
8.285: [GC (Allocation Failure)  82069K->629K(423424K), 0.0004202 secs]
8.285: Total time for which application threads were stopped: 0.0005278 seconds, Stopping threads took: 0.0000169 seconds
8.335: [GC (Allocation Failure)  80501K->661K(422400K), 0.0005273 secs]
8.335: Total time for which application threads were stopped: 0.0006450 seconds, Stopping threads took: 0.0000203 seconds
8.384: [GC (Allocation Failure)  79509K->597K(421376K), 0.0005764 secs]
8.385: Total time for which application threads were stopped: 0.0007163 seconds, Stopping threads took: 0.0000217 seconds
8.433: [GC (Allocation Failure)  78421K->629K(420352K), 0.0005405 secs]
8.433: Total time for which application threads were stopped: 0.0006937 seconds, Stopping threads took: 0.0000225 seconds
8.485: [GC (Allocation Failure)  77429K->629K(419328K), 0.0005419 secs]
8.485: Total time for which application threads were stopped: 0.0006878 seconds, Stopping threads took: 0.0000232 seconds
8.536: [GC (Allocation Failure)  76405K->661K(418304K), 0.0005493 secs]
8.536: Total time for which application threads were stopped: 0.0007082 seconds, Stopping threads took: 0.0000307 seconds
8.588: [GC (Allocation Failure)  75413K->693K(417280K), 0.0004537 secs]
8.589: Total time for which application threads were stopped: 0.0006169 seconds, Stopping threads took: 0.0000271 seconds
8.637: [GC (Allocation Failure)  74421K->725K(416256K), 0.0004777 secs]
8.638: Total time for which application threads were stopped: 0.0005999 seconds, Stopping threads took: 0.0000171 seconds
8.683: [GC (Allocation Failure)  73429K->661K(415232K), 0.0004724 secs]
8.683: Total time for which application threads were stopped: 0.0005982 seconds, Stopping threads took: 0.0000210 seconds
8.728: [GC (Allocation Failure)  72341K->597K(414208K), 0.0004697 secs]
8.728: Total time for which application threads were stopped: 0.0005898 seconds, Stopping threads took: 0.0000214 seconds
8.775: [GC (Allocation Failure)  71253K->597K(413184K), 0.0005365 secs]
8.776: Total time for which application threads were stopped: 0.0006624 seconds, Stopping threads took: 0.0000269 seconds
8.825: [GC (Allocation Failure)  70229K->629K(412160K), 0.0004404 secs]
8.826: Total time for which application threads were stopped: 0.0005556 seconds, Stopping threads took: 0.0000201 seconds
8.873: [GC (Allocation Failure)  69237K->693K(411136K), 0.0003890 secs]
8.874: Total time for which application threads were stopped: 0.0004971 seconds, Stopping threads took: 0.0000170 seconds
8.916: [GC (Allocation Failure)  68277K->693K(410112K), 0.0004740 secs]
8.916: Total time for which application threads were stopped: 0.0005935 seconds, Stopping threads took: 0.0000194 seconds
8.963: [GC (Allocation Failure)  67253K->597K(409088K), 0.0006333 secs]
8.964: Total time for which application threads were stopped: 0.0007758 seconds, Stopping threads took: 0.0000197 seconds
9.004: [GC (Allocation Failure)  66133K->693K(408064K), 0.0005052 secs]
9.005: Total time for which application threads were stopped: 0.0006603 seconds, Stopping threads took: 0.0000275 seconds
9.049: [GC (Allocation Failure)  65205K->693K(421376K), 0.0006410 secs]
9.049: Total time for which application threads were stopped: 0.0007700 seconds, Stopping threads took: 0.0000226 seconds
9.104: [GC (Allocation Failure)  78517K->693K(437248K), 0.0007666 secs]
9.105: Total time for which application threads were stopped: 0.0009507 seconds, Stopping threads took: 0.0000192 seconds
9.163: [GC (Allocation Failure)  94389K->661K(435712K), 0.0004949 secs]
9.163: Total time for which application threads were stopped: 0.0006161 seconds, Stopping threads took: 0.0000195 seconds
9.220: [GC (Allocation Failure)  92821K->629K(434176K), 0.0006321 secs]
9.221: Total time for which application threads were stopped: 0.0007722 seconds, Stopping threads took: 0.0000281 seconds
9.279: [GC (Allocation Failure)  91253K->597K(432640K), 0.0005541 secs]
9.280: Total time for which application threads were stopped: 0.0006691 seconds, Stopping threads took: 0.0000188 seconds
9.341: [GC (Allocation Failure)  89685K->661K(431104K), 0.0005284 secs]
9.341: Total time for which application threads were stopped: 0.0006569 seconds, Stopping threads took: 0.0000283 seconds
9.396: [GC (Allocation Failure)  88213K->629K(429568K), 0.0006694 secs]
9.397: Total time for which application threads were stopped: 0.0007870 seconds, Stopping threads took: 0.0000196 seconds
9.456: [GC (Allocation Failure)  86645K->661K(428032K), 0.0005507 secs]
9.456: Total time for which application threads were stopped: 0.0006750 seconds, Stopping threads took: 0.0000274 seconds
9.514: [GC (Allocation Failure)  85141K->661K(426496K), 0.0004710 secs]
9.515: Total time for which application threads were stopped: 0.0005807 seconds, Stopping threads took: 0.0000190 seconds
9.570: [GC (Allocation Failure)  83605K->693K(424960K), 0.0003914 secs]
9.570: Total time for which application threads were stopped: 0.0005049 seconds, Stopping threads took: 0.0000197 seconds
9.620: [GC (Allocation Failure)  82101K->597K(423424K), 0.0005749 secs]
9.621: Total time for which application threads were stopped: 0.0006971 seconds, Stopping threads took: 0.0000198 seconds
9.671: [GC (Allocation Failure)  80469K->661K(422400K), 0.0006020 secs]
9.671: Total time for which application threads were stopped: 0.0007409 seconds, Stopping threads took: 0.0000297 seconds
9.720: [GC (Allocation Failure)  79509K->629K(421376K), 0.0005378 secs]
9.721: Total time for which application threads were stopped: 0.0006775 seconds, Stopping threads took: 0.0000214 seconds
9.773: [GC (Allocation Failure)  78453K->661K(420352K), 0.0004605 secs]
9.773: Total time for which application threads were stopped: 0.0005843 seconds, Stopping threads took: 0.0000219 seconds
9.821: [GC (Allocation Failure)  77461K->629K(419328K), 0.0005124 secs]
9.821: Total time for which application threads were stopped: 0.0006380 seconds, Stopping threads took: 0.0000273 seconds
9.874: [GC (Allocation Failure)  76405K->661K(418304K), 0.0004808 secs]
9.875: Total time for which application threads were stopped: 0.0006317 seconds, Stopping threads took: 0.0000284 seconds
9.921: [GC (Allocation Failure)  75413K->661K(417280K), 0.0004542 secs]
9.922: Total time for which application threads were stopped: 0.0005907 seconds, Stopping threads took: 0.0000290 seconds
9.967: [GC (Allocation Failure)  74389K->629K(416256K), 0.0005456 secs]
9.968: Total time for which application threads were stopped: 0.0006888 seconds, Stopping threads took: 0.0000198 seconds
10.013: [GC (Allocation Failure)  73333K->597K(415232K), 0.0005095 secs]
10.013: Total time for which application threads were stopped: 0.0006348 seconds, Stopping threads took: 0.0000203 seconds
10.058: [GC (Allocation Failure)  72277K->693K(414208K), 0.0004838 secs]
10.058: Total time for which application threads were stopped: 0.0006192 seconds, Stopping threads took: 0.0000293 seconds
10.102: [GC (Allocation Failure)  71349K->597K(413184K), 0.0006119 secs]
10.103: Total time for which application threads were stopped: 0.0007321 seconds, Stopping threads took: 0.0000265 seconds
10.149: [GC (Allocation Failure)  70229K->661K(412160K), 0.0004983 secs]
10.149: Total time for which application threads were stopped: 0.0006418 seconds, Stopping threads took: 0.0000301 seconds
10.191: [GC (Allocation Failure)  69269K->661K(411136K), 0.0005425 secs]
10.192: Total time for which application threads were stopped: 0.0006800 seconds, Stopping threads took: 0.0000211 seconds
10.234: [GC (Allocation Failure)  68245K->629K(410112K), 0.0005131 secs]
10.235: Total time for which application threads were stopped: 0.0006629 seconds, Stopping threads took: 0.0000219 seconds
10.282: [GC (Allocation Failure)  67189K->597K(423424K), 0.0007936 secs]
10.283: Total time for which application threads were stopped: 0.0009306 seconds, Stopping threads took: 0.0000228 seconds
10.338: [GC (Allocation Failure)  80469K->661K(439808K), 0.0004589 secs]
10.338: Total time for which application threads were stopped: 0.0005889 seconds, Stopping threads took: 0.0000280 seconds
10.397: [GC (Allocation Failure)  96917K->693K(437760K), 0.0004729 secs]
10.398: Total time for which application threads were stopped: 0.0006005 seconds, Stopping threads took: 0.0000195 seconds
10.456: [GC (Allocation Failure)  94901K->693K(436224K), 0.0006026 secs]
10.457: Total time for which application threads were stopped: 0.0007271 seconds, Stopping threads took: 0.0000190 seconds
10.514: [GC (Allocation Failure)  93365K->629K(434688K), 0.0005171 secs]
10.514: Total time for which application threads were stopped: 0.0006678 seconds, Stopping threads took: 0.0000308 seconds
10.570: [GC (Allocation Failure)  91765K->725K(433152K), 0.0005245 secs]
10.571: Total time for which application threads were stopped: 0.0006679 seconds, Stopping threads took: 0.0000258 seconds
10.628: [GC (Allocation Failure)  90325K->661K(431616K), 0.0005505 secs]
10.628: Total time for which application threads were stopped: 0.0006884 seconds, Stopping threads took: 0.0000256 seconds
10.682: [GC (Allocation Failure)  88725K->661K(430080K), 0.0005105 secs]
10.683: Total time for which application threads were stopped: 0.0006604 seconds, Stopping threads took: 0.0000224 seconds
10.736: [GC (Allocation Failure)  87189K->597K(428544K), 0.0005249 secs]
10.737: Total time for which application threads were stopped: 0.0006772 seconds, Stopping threads took: 0.0000226 seconds
10.789: [GC (Allocation Failure)  85589K->629K(427008K), 0.0005899 secs]
10.790: Total time for which application threads were stopped: 0.0007250 seconds, Stopping threads took: 0.0000202 seconds
10.841: [GC (Allocation Failure)  84085K->629K(425472K), 0.0005055 secs]
10.842: Total time for which application threads were stopped: 0.0006452 seconds, Stopping threads took: 0.0000206 seconds
10.892: [GC (Allocation Failure)  82549K->629K(423936K), 0.0006294 secs]
10.893: Total time for which application threads were stopped: 0.0007549 seconds, Stopping threads took: 0.0000217 seconds
10.948: [GC (Allocation Failure)  81013K->629K(422400K), 0.0006177 secs]
10.949: Total time for which application threads were stopped: 0.0007402 seconds, Stopping threads took: 0.0000168 seconds
11.004: [GC (Allocation Failure)  79477K->693K(421376K), 0.0006296 secs]
11.005: Total time for which application threads were stopped: 0.0007549 seconds, Stopping threads took: 0.0000283 seconds
11.053: [GC (Allocation Failure)  78517K->661K(420352K), 0.0004559 secs]
11.053: Total time for which application threads were stopped: 0.0005614 seconds, Stopping threads took: 0.0000174 seconds
11.101: [GC (Allocation Failure)  77461K->597K(419328K), 0.0005438 secs]
11.101: Total time for which application threads were stopped: 0.0006863 seconds, Stopping threads took: 0.0000258 seconds
11.151: [GC (Allocation Failure)  76373K->661K(418304K), 0.0004535 secs]
11.152: Total time for which application threads were stopped: 0.0005717 seconds, Stopping threads took: 0.0000193 seconds
11.203: [GC (Allocation Failure)  75413K->693K(417280K), 0.0004770 secs]
11.204: Total time for which application threads were stopped: 0.0005879 seconds, Stopping threads took: 0.0000176 seconds
11.249: [GC (Allocation Failure)  74421K->597K(416256K), 0.0006065 secs]
11.250: Total time for which application threads were stopped: 0.0007206 seconds, Stopping threads took: 0.0000190 seconds
11.295: [GC (Allocation Failure)  73301K->597K(431104K), 0.0007199 secs]
11.296: Total time for which application threads were stopped: 0.0008551 seconds, Stopping threads took: 0.0000196 seconds
11.350: [GC (Allocation Failure)  88149K->661K(429568K), 0.0005148 secs]
11.350: Total time for which application threads were stopped: 0.0006581 seconds, Stopping threads took: 0.0000282 seconds
11.407: [GC (Allocation Failure)  86677K->661K(428032K), 0.0004952 secs]
11.407: Total time for which application threads were stopped: 0.0006220 seconds, Stopping threads took: 0.0000203 seconds
11.459: [GC (Allocation Failure)  85141K->629K(426496K), 0.0005383 secs]
11.460: Total time for which application threads were stopped: 0.0006785 seconds, Stopping threads took: 0.0000194 seconds
11.511: [GC (Allocation Failure)  83573K->597K(424960K), 0.0006616 secs]
11.512: Total time for which application threads were stopped: 0.0008126 seconds, Stopping threads took: 0.0000226 seconds
11.569: [GC (Allocation Failure)  82005K->693K(423424K), 0.0005527 secs]
11.569: Total time for which application threads were stopped: 0.0008246 seconds, Stopping threads took: 0.0000200 seconds
11.622: [GC (Allocation Failure)  80565K->661K(422400K), 0.0004506 secs]
11.622: Total time for which application threads were stopped: 0.0005860 seconds, Stopping threads took: 0.0000299 seconds
11.671: [GC (Allocation Failure)  79509K->629K(421376K), 0.0005322 secs]
11.671: Total time for which application threads were stopped: 0.0006548 seconds, Stopping threads took: 0.0000198 seconds
11.723: [GC (Allocation Failure)  78453K->629K(420352K), 0.0005205 secs]
11.724: Total time for which application threads were stopped: 0.0006732 seconds, Stopping threads took: 0.0000298 seconds
11.775: [GC (Allocation Failure)  77429K->629K(419328K), 0.0005270 secs]
11.775: Total time for which application threads were stopped: 0.0006538 seconds, Stopping threads took: 0.0000211 seconds
11.822: [GC (Allocation Failure)  76405K->693K(418304K), 0.0006799 secs]
11.823: Total time for which application threads were stopped: 0.0008112 seconds, Stopping threads took: 0.0000196 seconds
11.869: [GC (Allocation Failure)  75445K->661K(433664K), 0.0006766 secs]
11.870: Total time for which application threads were stopped: 0.0008098 seconds, Stopping threads took: 0.0000211 seconds
11.931: [GC (Allocation Failure)  90773K->661K(432128K), 0.0004642 secs]
11.932: Total time for which application threads were stopped: 0.0005844 seconds, Stopping threads took: 0.0000200 seconds
11.993: [GC (Allocation Failure)  89237K->597K(430592K), 0.0004744 secs]
11.993: Total time for which application threads were stopped: 0.0005905 seconds, Stopping threads took: 0.0000194 seconds
12.047: [GC (Allocation Failure)  87637K->725K(429056K), 0.0004721 secs]
12.048: Total time for which application threads were stopped: 0.0005926 seconds, Stopping threads took: 0.0000198 seconds
12.101: [GC (Allocation Failure)  86229K->629K(427520K), 0.0005116 secs]
12.102: Total time for which application threads were stopped: 0.0006365 seconds, Stopping threads took: 0.0000261 seconds
12.155: [GC (Allocation Failure)  84597K->661K(425984K), 0.0005153 secs]
12.156: Total time for which application threads were stopped: 0.0006392 seconds, Stopping threads took: 0.0000277 seconds
12.213: [GC (Allocation Failure)  83093K->597K(424448K), 0.0005677 secs]
12.213: Total time for which application threads were stopped: 0.0006765 seconds, Stopping threads took: 0.0000165 seconds
12.268: [GC (Allocation Failure)  81493K->629K(422912K), 0.0004787 secs]
12.269: Total time for which application threads were stopped: 0.0005988 seconds, Stopping threads took: 0.0000199 seconds
12.321: [GC (Allocation Failure)  79989K->661K(421888K), 0.0005034 secs]
12.321: Total time for which application threads were stopped: 0.0006250 seconds, Stopping threads took: 0.0000196 seconds
12.370: [GC (Allocation Failure)  78997K->661K(420864K), 0.0005582 secs]
12.370: Total time for which application threads were stopped: 0.0006859 seconds, Stopping threads took: 0.0000211 seconds
12.418: [GC (Allocation Failure)  77973K->597K(419840K), 0.0005647 secs]
12.419: Total time for which application threads were stopped: 0.0006924 seconds, Stopping threads took: 0.0000275 seconds
12.468: [GC (Allocation Failure)  76885K->661K(435200K), 0.0007468 secs]
12.469: Total time for which application threads were stopped: 0.0008896 seconds, Stopping threads took: 0.0000194 seconds
12.529: [GC (Allocation Failure)  92309K->661K(433664K), 0.0004482 secs]
12.530: Total time for which application threads were stopped: 0.0005678 seconds, Stopping threads took: 0.0000199 seconds
12.586: [GC (Allocation Failure)  90773K->629K(432128K), 0.0004093 secs]
12.586: Total time for which application threads were stopped: 0.0005362 seconds, Stopping threads took: 0.0000265 seconds
12.641: [GC (Allocation Failure)  89205K->661K(430592K), 0.0005082 secs]
12.642: Total time for which application threads were stopped: 0.0006552 seconds, Stopping threads took: 0.0000293 seconds
12.695: [GC (Allocation Failure)  87701K->661K(429056K), 0.0005080 secs]
12.696: Total time for which application threads were stopped: 0.0006488 seconds, Stopping threads took: 0.0000212 seconds
12.748: [GC (Allocation Failure)  86165K->661K(427520K), 0.0004711 secs]
12.749: Total time for which application threads were stopped: 0.0006038 seconds, Stopping threads took: 0.0000212 seconds
12.801: [GC (Allocation Failure)  84629K->597K(425984K), 0.0004731 secs]
12.801: Total time for which application threads were stopped: 0.0005967 seconds, Stopping threads took: 0.0000214 seconds
12.858: [GC (Allocation Failure)  83029K->725K(424448K), 0.0004849 secs]
12.858: Total time for which application threads were stopped: 0.0006128 seconds, Stopping threads took: 0.0000269 seconds
12.908: [GC (Allocation Failure)  81621K->693K(422912K), 0.0004804 secs]
12.909: Total time for which application threads were stopped: 0.0006003 seconds, Stopping threads took: 0.0000199 seconds
12.958: [GC (Allocation Failure)  80053K->661K(421888K), 0.0004807 secs]
12.958: Total time for which application threads were stopped: 0.0006040 seconds, Stopping threads took: 0.0000279 seconds
13.007: [GC (Allocation Failure)  78997K->629K(420864K), 0.0007029 secs]
13.008: Total time for which application threads were stopped: 0.0008407 seconds, Stopping threads took: 0.0000268 seconds
13.061: [GC (Allocation Failure)  77941K->661K(419840K), 0.0005021 secs]
13.062: Total time for which application threads were stopped: 0.0006226 seconds, Stopping threads took: 0.0000205 seconds
13.110: [GC (Allocation Failure)  76949K->661K(418816K), 0.0004714 secs]
13.111: Total time for which application threads were stopped: 0.0006050 seconds, Stopping threads took: 0.0000249 seconds
13.161: [GC (Allocation Failure)  75925K->661K(417792K), 0.0006052 secs]
13.161: Total time for which application threads were stopped: 0.0007137 seconds, Stopping threads took: 0.0000170 seconds
13.207: [GC (Allocation Failure)  74901K->661K(416768K), 0.0005123 secs]
13.208: Total time for which application threads were stopped: 0.0006392 seconds, Stopping threads took: 0.0000272 seconds
13.253: [GC (Allocation Failure)  73877K->693K(415744K), 0.0004391 secs]
13.253: Total time for which application threads were stopped: 0.0005571 seconds, Stopping threads took: 0.0000206 seconds
13.303: [GC (Allocation Failure)  72885K->629K(414720K), 0.0006055 secs]
13.303: Total time for which application threads were stopped: 0.0007256 seconds, Stopping threads took: 0.0000199 seconds
13.352: [GC (Allocation Failure)  71797K->661K(413696K), 0.0004819 secs]
13.352: Total time for which application threads were stopped: 0.0006147 seconds, Stopping threads took: 0.0000281 seconds
13.396: [GC (Allocation Failure)  70805K->661K(412672K), 0.0005785 secs]
13.397: Total time for which application threads were stopped: 0.0007199 seconds, Stopping threads took: 0.0000288 seconds
13.440: [GC (Allocation Failure)  69781K->661K(411648K), 0.0004849 secs]
13.440: Total time for which application threads were stopped: 0.0006179 seconds, Stopping threads took: 0.0000277 seconds
13.483: [GC (Allocation Failure)  68757K->661K(425472K), 0.0007417 secs]
13.483: Total time for which application threads were stopped: 0.0008771 seconds, Stopping threads took: 0.0000210 seconds
13.534: [GC (Allocation Failure)  82581K->661K(441856K), 0.0004945 secs]
13.535: Total time for which application threads were stopped: 0.0006391 seconds, Stopping threads took: 0.0000233 seconds
13.596: [GC (Allocation Failure)  98965K->629K(439808K), 0.0004831 secs]
13.597: Total time for which application threads were stopped: 0.0006127 seconds, Stopping threads took: 0.0000269 seconds
13.656: [GC (Allocation Failure)  96885K->661K(437760K), 0.0004680 secs]
13.657: Total time for which application threads were stopped: 0.0005999 seconds, Stopping threads took: 0.0000250 seconds
13.715: [GC (Allocation Failure)  94869K->629K(436224K), 0.0005002 secs]
13.716: Total time for which application threads were stopped: 0.0006297 seconds, Stopping threads took: 0.0000211 seconds
13.778: [GC (Allocation Failure)  93301K->597K(434688K), 0.0006848 secs]
13.779: Total time for which application threads were stopped: 0.0008604 seconds, Stopping threads took: 0.0000302 seconds
13.835: [GC (Allocation Failure)  91733K->661K(433152K), 0.0005355 secs]
13.836: Total time for which application threads were stopped: 0.0006883 seconds, Stopping threads took: 0.0000226 seconds
13.891: [GC (Allocation Failure)  90261K->693K(431616K), 0.0006275 secs]
13.892: Total time for which application threads were stopped: 0.0007569 seconds, Stopping threads took: 0.0000283 seconds
13.949: [GC (Allocation Failure)  88757K->661K(430080K), 0.0005869 secs]
13.950: Total time for which application threads were stopped: 0.0007428 seconds, Stopping threads took: 0.0000284 seconds
14.008: [GC (Allocation Failure)  87189K->597K(428544K), 0.0004719 secs]
14.008: Total time for which application threads were stopped: 0.0005966 seconds, Stopping threads took: 0.0000222 seconds
14.064: [GC (Allocation Failure)  85589K->693K(427008K), 0.0004883 secs]
14.065: Total time for which application threads were stopped: 0.0006046 seconds, Stopping threads took: 0.0000191 seconds
14.117: [GC (Allocation Failure)  84149K->661K(425472K), 0.0004430 secs]
14.118: Total time for which application threads were stopped: 0.0005661 seconds, Stopping threads took: 0.0000241 seconds
14.168: [GC (Allocation Failure)  82581K->661K(423936K), 0.0004960 secs]
14.169: Total time for which application threads were stopped: 0.0006156 seconds, Stopping threads took: 0.0000195 seconds
14.218: [GC (Allocation Failure)  81045K->693K(422400K), 0.0004741 secs]
14.219: Total time for which application threads were stopped: 0.0005933 seconds, Stopping threads took: 0.0000200 seconds
14.267: [GC (Allocation Failure)  79541K->629K(421376K), 0.0006174 secs]
14.268: Total time for which application threads were stopped: 0.0007366 seconds, Stopping threads took: 0.0000197 seconds
14.322: [GC (Allocation Failure)  78453K->693K(420352K), 0.0005980 secs]
14.323: Total time for which application threads were stopped: 0.0007256 seconds, Stopping threads took: 0.0000278 seconds
14.376: [GC (Allocation Failure)  77493K->661K(419328K), 0.0005290 secs]
14.377: Total time for which application threads were stopped: 0.0006535 seconds, Stopping threads took: 0.0000275 seconds
14.423: [GC (Allocation Failure)  76437K->661K(418304K), 0.0004589 secs]
14.424: Total time for which application threads were stopped: 0.0005824 seconds, Stopping threads took: 0.0000268 seconds
14.470: [GC (Allocation Failure)  75413K->629K(433664K), 0.0010019 secs]
14.471: Total time for which application threads were stopped: 0.0011364 seconds, Stopping threads took: 0.0000193 seconds
14.526: [GC (Allocation Failure)  90741K->693K(432128K), 0.0004884 secs]
14.527: Total time for which application threads were stopped: 0.0006218 seconds, Stopping threads took: 0.0000196 seconds
14.581: [GC (Allocation Failure)  89269K->725K(430592K), 0.0004382 secs]
14.582: Total time for which application threads were stopped: 0.0005648 seconds, Stopping threads took: 0.0000263 seconds
14.636: [GC (Allocation Failure)  87765K->597K(429056K), 0.0007113 secs]
14.637: Total time for which application threads were stopped: 0.0008675 seconds, Stopping threads took: 0.0000214 seconds
14.690: [GC (Allocation Failure)  86101K->629K(427520K), 0.0004981 secs]
14.690: Total time for which application threads were stopped: 0.0006360 seconds, Stopping threads took: 0.0000302 seconds
14.742: [GC (Allocation Failure)  84597K->693K(425984K), 0.0006255 secs]
14.743: Total time for which application threads were stopped: 0.0007539 seconds, Stopping threads took: 0.0000278 seconds
14.793: [GC (Allocation Failure)  83125K->661K(424448K), 0.0004725 secs]
14.794: Total time for which application threads were stopped: 0.0006010 seconds, Stopping threads took: 0.0000280 seconds
14.850: [GC (Allocation Failure)  81557K->661K(422912K), 0.0005151 secs]
14.850: Total time for which application threads were stopped: 0.0006783 seconds, Stopping threads took: 0.0000200 seconds
14.905: [GC (Allocation Failure)  80021K->629K(421888K), 0.0003949 secs]
14.906: Total time for which application threads were stopped: 0.0005010 seconds, Stopping threads took: 0.0000165 seconds
14.954: [GC (Allocation Failure)  78965K->597K(420864K), 0.0004734 secs]
14.955: Total time for which application threads were stopped: 0.0005933 seconds, Stopping threads took: 0.0000195 seconds
15.003: [GC (Allocation Failure)  77909K->661K(419840K), 0.0005834 secs]
15.003: Total time for which application threads were stopped: 0.0007199 seconds, Stopping threads took: 0.0000193 seconds
15.055: [GC (Allocation Failure)  76949K->693K(418816K), 0.0005256 secs]
15.055: Total time for which application threads were stopped: 0.0006626 seconds, Stopping threads took: 0.0000217 seconds
15.103: [GC (Allocation Failure)  75957K->597K(434176K), 0.0008956 secs]
15.104: Total time for which application threads were stopped: 0.0010400 seconds, Stopping threads took: 0.0000265 seconds
15.161: [GC (Allocation Failure)  91221K->629K(452608K), 0.0005237 secs]
15.161: Total time for which application threads were stopped: 0.0006328 seconds, Stopping threads took: 0.0000172 seconds
15.228: [GC (Allocation Failure)  109685K->693K(450560K), 0.0003945 secs]
15.229: Total time for which application threads were stopped: 0.0005024 seconds, Stopping threads took: 0.0000175 seconds
15.294: [GC (Allocation Failure)  107701K->629K(448512K), 0.0004797 secs]
15.295: Total time for which application threads were stopped: 0.0005999 seconds, Stopping threads took: 0.0000174 seconds
15.359: [GC (Allocation Failure)  105589K->629K(446464K), 0.0004246 secs]
15.360: Total time for which application threads were stopped: 0.0005309 seconds, Stopping threads took: 0.0000165 seconds
15.427: [GC (Allocation Failure)  103541K->725K(444416K), 0.0006052 secs]
15.427: Total time for which application threads were stopped: 0.0007295 seconds, Stopping threads took: 0.0000204 seconds
15.495: [GC (Allocation Failure)  101589K->661K(442368K), 0.0005669 secs]
15.496: Total time for which application threads were stopped: 0.0007104 seconds, Stopping threads took: 0.0000224 seconds
15.557: [GC (Allocation Failure)  99477K->693K(440320K), 0.0004816 secs]
15.558: Total time for which application threads were stopped: 0.0006073 seconds, Stopping threads took: 0.0000214 seconds
15.624: [GC (Allocation Failure)  97461K->693K(438272K), 0.0004619 secs]
15.624: Total time for which application threads were stopped: 0.0005888 seconds, Stopping threads took: 0.0000194 seconds
15.682: [GC (Allocation Failure)  95413K->661K(436736K), 0.0004999 secs]
15.683: Total time for which application threads were stopped: 0.0006344 seconds, Stopping threads took: 0.0000266 seconds
15.740: [GC (Allocation Failure)  93845K->661K(435200K), 0.0005298 secs]
15.741: Total time for which application threads were stopped: 0.0006799 seconds, Stopping threads took: 0.0000294 seconds
15.803: [GC (Allocation Failure)  92309K->661K(433664K), 0.0004947 secs]
15.803: Total time for which application threads were stopped: 0.0006230 seconds, Stopping threads took: 0.0000214 seconds
15.866: [GC (Allocation Failure)  90773K->629K(432128K), 0.0004605 secs]
15.866: Total time for which application threads were stopped: 0.0005759 seconds, Stopping threads took: 0.0000201 seconds
15.921: [GC (Allocation Failure)  89205K->693K(430592K), 0.0004201 secs]
15.921: Total time for which application threads were stopped: 0.0005314 seconds, Stopping threads took: 0.0000173 seconds
15.975: [GC (Allocation Failure)  87733K->629K(429056K), 0.0004565 secs]
15.975: Total time for which application threads were stopped: 0.0005782 seconds, Stopping threads took: 0.0000267 seconds
16.032: [GC (Allocation Failure)  86133K->693K(427520K), 0.0004580 secs]
16.033: Total time for which application threads were stopped: 0.0005631 seconds, Stopping threads took: 0.0000171 seconds
16.091: [GC (Allocation Failure)  84661K->597K(425984K), 0.0004532 secs]
16.092: Total time for which application threads were stopped: 0.0005893 seconds, Stopping threads took: 0.0000203 seconds
16.149: [GC (Allocation Failure)  83029K->693K(424448K), 0.0004480 secs]
16.149: Total time for which application threads were stopped: 0.0005653 seconds, Stopping threads took: 0.0000201 seconds
16.203: [GC (Allocation Failure)  81589K->629K(422912K), 0.0005135 secs]
16.203: Total time for which application threads were stopped: 0.0006227 seconds, Stopping threads took: 0.0000174 seconds
16.252: [GC (Allocation Failure)  79989K->661K(421888K), 0.0004310 secs]
16.253: Total time for which application threads were stopped: 0.0005687 seconds, Stopping threads took: 0.0000280 seconds
16.306: [GC (Allocation Failure)  78997K->629K(420864K), 0.0005448 secs]
16.307: Total time for which application threads were stopped: 0.0006667 seconds, Stopping threads took: 0.0000166 seconds
16.355: [GC (Allocation Failure)  77941K->629K(419840K), 0.0005171 secs]
16.355: Total time for which application threads were stopped: 0.0006378 seconds, Stopping threads took: 0.0000266 seconds
16.409: [GC (Allocation Failure)  76917K->661K(418816K), 0.0004167 secs]
16.410: Total time for which application threads were stopped: 0.0005403 seconds, Stopping threads took: 0.0000275 seconds
16.462: [GC (Allocation Failure)  75925K->597K(417792K), 0.0004697 secs]
16.462: Total time for which application threads were stopped: 0.0005926 seconds, Stopping threads took: 0.0000249 seconds
16.508: [GC (Allocation Failure)  74837K->629K(416768K), 0.0006935 secs]
16.509: Total time for which application threads were stopped: 0.0008199 seconds, Stopping threads took: 0.0000285 seconds
16.560: [GC (Allocation Failure)  73845K->693K(415744K), 0.0006273 secs]
16.560: Total time for which application threads were stopped: 0.0007544 seconds, Stopping threads took: 0.0000213 seconds
16.607: [GC (Allocation Failure)  72885K->693K(414720K), 0.0004410 secs]
16.607: Total time for which application threads were stopped: 0.0005801 seconds, Stopping threads took: 0.0000270 seconds
16.655: [GC (Allocation Failure)  71861K->661K(413696K), 0.0005301 secs]
16.656: Total time for which application threads were stopped: 0.0006783 seconds, Stopping threads took: 0.0000220 seconds
16.706: [GC (Allocation Failure)  70805K->661K(412672K), 0.0004949 secs]
16.706: Total time for which application threads were stopped: 0.0006480 seconds, Stopping threads took: 0.0000312 seconds
16.749: [GC (Allocation Failure)  69781K->629K(411648K), 0.0005766 secs]
16.749: Total time for which application threads were stopped: 0.0007363 seconds, Stopping threads took: 0.0000308 seconds
16.797: [GC (Allocation Failure)  68725K->661K(410624K), 0.0005350 secs]
16.797: Total time for which application threads were stopped: 0.0006598 seconds, Stopping threads took: 0.0000203 seconds
16.839: [GC (Allocation Failure)  67733K->629K(409600K), 0.0005281 secs]
16.840: Total time for which application threads were stopped: 0.0006696 seconds, Stopping threads took: 0.0000220 seconds
16.886: [GC (Allocation Failure)  66677K->661K(408576K), 0.0004597 secs]
16.887: Total time for which application threads were stopped: 0.0005832 seconds, Stopping threads took: 0.0000271 seconds
16.927: [GC (Allocation Failure)  65685K->661K(421888K), 0.0007720 secs]
16.928: Total time for which application threads were stopped: 0.0009182 seconds, Stopping threads took: 0.0000284 seconds
16.976: [GC (Allocation Failure)  78997K->629K(437760K), 0.0005819 secs]
16.977: Total time for which application threads were stopped: 0.0007074 seconds, Stopping threads took: 0.0000219 seconds
17.041: [GC (Allocation Failure)  94837K->661K(436224K), 0.0004338 secs]
17.041: Total time for which application threads were stopped: 0.0005564 seconds, Stopping threads took: 0.0000170 seconds
17.099: [GC (Allocation Failure)  93333K->597K(434688K), 0.0004707 secs]
17.100: Total time for which application threads were stopped: 0.0005905 seconds, Stopping threads took: 0.0000228 seconds
17.157: [GC (Allocation Failure)  91733K->597K(433152K), 0.0005000 secs]
17.158: Total time for which application threads were stopped: 0.0006229 seconds, Stopping threads took: 0.0000201 seconds
17.213: [GC (Allocation Failure)  90197K->693K(431616K), 0.0005369 secs]
17.214: Total time for which application threads were stopped: 0.0006575 seconds, Stopping threads took: 0.0000205 seconds
17.273: [GC (Allocation Failure)  88757K->629K(430080K), 0.0004626 secs]
17.274: Total time for which application threads were stopped: 0.0005908 seconds, Stopping threads took: 0.0000280 seconds
17.327: [GC (Allocation Failure)  87157K->661K(428544K), 0.0004783 secs]
17.327: Total time for which application threads were stopped: 0.0005978 seconds, Stopping threads took: 0.0000196 seconds
17.383: [GC (Allocation Failure)  85653K->661K(427008K), 0.0006738 secs]
17.384: Total time for which application threads were stopped: 0.0008020 seconds, Stopping threads took: 0.0000280 seconds
17.435: [GC (Allocation Failure)  84117K->661K(425472K), 0.0004707 secs]
17.436: Total time for which application threads were stopped: 0.0005897 seconds, Stopping threads took: 0.0000197 seconds
17.486: [GC (Allocation Failure)  82581K->597K(423936K), 0.0007220 secs]
17.487: Total time for which application threads were stopped: 0.0008485 seconds, Stopping threads took: 0.0000194 seconds
17.536: [GC (Allocation Failure)  80981K->661K(422400K), 0.0005269 secs]
17.537: Total time for which application threads were stopped: 0.0006457 seconds, Stopping threads took: 0.0000194 seconds
17.586: [GC (Allocation Failure)  79509K->661K(421376K), 0.0005481 secs]
17.587: Total time for which application threads were stopped: 0.0006759 seconds, Stopping threads took: 0.0000263 seconds
17.635: [GC (Allocation Failure)  78485K->661K(420352K), 0.0004852 secs]
17.635: Total time for which application threads were stopped: 0.0006046 seconds, Stopping threads took: 0.0000201 seconds
17.682: [GC (Allocation Failure)  77461K->565K(419328K), 0.0005525 secs]
17.683: Total time for which application threads were stopped: 0.0006722 seconds, Stopping threads took: 0.0000191 seconds
17.730: [GC (Allocation Failure)  76341K->629K(418304K), 0.0004993 secs]
17.730: Total time for which application threads were stopped: 0.0006448 seconds, Stopping threads took: 0.0000216 seconds
17.780: [GC (Allocation Failure)  75381K->661K(417280K), 0.0005022 secs]
17.781: Total time for which application threads were stopped: 0.0006512 seconds, Stopping threads took: 0.0000290 seconds
17.826: [GC (Allocation Failure)  74389K->693K(416256K), 0.0005893 secs]
17.827: Total time for which application threads were stopped: 0.0007351 seconds, Stopping threads took: 0.0000228 seconds
17.877: [GC (Allocation Failure)  73397K->725K(415232K), 0.0005200 secs]
17.878: Total time for which application threads were stopped: 0.0006515 seconds, Stopping threads took: 0.0000229 seconds
17.922: [GC (Allocation Failure)  72405K->693K(429568K), 0.0006517 secs]
17.923: Total time for which application threads were stopped: 0.0007964 seconds, Stopping threads took: 0.0000225 seconds
17.976: [GC (Allocation Failure)  86709K->661K(428032K), 0.0005368 secs]
17.977: Total time for which application threads were stopped: 0.0006699 seconds, Stopping threads took: 0.0000227 seconds
18.029: [GC (Allocation Failure)  85141K->661K(426496K), 0.0004555 secs]
18.030: Total time for which application threads were stopped: 0.0005829 seconds, Stopping threads took: 0.0000280 seconds
18.082: [GC (Allocation Failure)  83605K->693K(424960K), 0.0004686 secs]
18.082: Total time for which application threads were stopped: 0.0005986 seconds, Stopping threads took: 0.0000203 seconds
18.134: [GC (Allocation Failure)  82101K->629K(423424K), 0.0005580 secs]
18.134: Total time for which application threads were stopped: 0.0006775 seconds, Stopping threads took: 0.0000286 seconds
18.188: [GC (Allocation Failure)  80501K->629K(422400K), 0.0005114 secs]
18.188: Total time for which application threads were stopped: 0.0006341 seconds, Stopping threads took: 0.0000260 seconds
18.243: [GC (Allocation Failure)  79477K->661K(421376K), 0.0004810 secs]
18.244: Total time for which application threads were stopped: 0.0006002 seconds, Stopping threads took: 0.0000191 seconds
18.295: [GC (Allocation Failure)  78485K->693K(420352K), 0.0004509 secs]
18.296: Total time for which application threads were stopped: 0.0005679 seconds, Stopping threads took: 0.0000194 seconds
18.343: [GC (Allocation Failure)  77493K->597K(419328K), 0.0005561 secs]
18.344: Total time for which application threads were stopped: 0.0006801 seconds, Stopping threads took: 0.0000275 seconds
18.397: [GC (Allocation Failure)  76373K->629K(418304K), 0.0004678 secs]
18.397: Total time for which application threads were stopped: 0.0005953 seconds, Stopping threads took: 0.0000273 seconds
18.443: [GC (Allocation Failure)  75381K->597K(417280K), 0.0004383 secs]
18.444: Total time for which application threads were stopped: 0.0005556 seconds, Stopping threads took: 0.0000196 seconds
18.496: [GC (Allocation Failure)  74325K->629K(416256K), 0.0004790 secs]
18.497: Total time for which application threads were stopped: 0.0005992 seconds, Stopping threads took: 0.0000191 seconds
18.547: [GC (Allocation Failure)  73333K->661K(415232K), 0.0005345 secs]
18.548: Total time for which application threads were stopped: 0.0006489 seconds, Stopping threads took: 0.0000191 seconds
18.592: [GC (Allocation Failure)  72341K->597K(414208K), 0.0004806 secs]
18.592: Total time for which application threads were stopped: 0.0006029 seconds, Stopping threads took: 0.0000254 seconds
18.636: [GC (Allocation Failure)  71253K->693K(413184K), 0.0005186 secs]
18.637: Total time for which application threads were stopped: 0.0006681 seconds, Stopping threads took: 0.0000267 seconds
18.680: [GC (Allocation Failure)  70325K->597K(412160K), 0.0005606 secs]
18.680: Total time for which application threads were stopped: 0.0006894 seconds, Stopping threads took: 0.0000223 seconds
18.727: [GC (Allocation Failure)  69205K->661K(411136K), 0.0004591 secs]
18.728: Total time for which application threads were stopped: 0.0005850 seconds, Stopping threads took: 0.0000277 seconds
18.769: [GC (Allocation Failure)  68245K->661K(410112K), 0.0005506 secs]
18.770: Total time for which application threads were stopped: 0.0006704 seconds, Stopping threads took: 0.0000198 seconds
18.811: [GC (Allocation Failure)  67221K->597K(423424K), 0.0005656 secs]
18.812: Total time for which application threads were stopped: 0.0006853 seconds, Stopping threads took: 0.0000196 seconds
18.867: [GC (Allocation Failure)  80469K->629K(422400K), 0.0004679 secs]
18.868: Total time for which application threads were stopped: 0.0006060 seconds, Stopping threads took: 0.0000196 seconds
18.916: [GC (Allocation Failure)  79477K->629K(421376K), 0.0005117 secs]
18.917: Total time for which application threads were stopped: 0.0006690 seconds, Stopping threads took: 0.0000213 seconds
18.971: [GC (Allocation Failure)  78453K->725K(420352K), 0.0005704 secs]
18.972: Total time for which application threads were stopped: 0.0007066 seconds, Stopping threads took: 0.0000298 seconds
19.019: [GC (Allocation Failure)  77525K->597K(419328K), 0.0006410 secs]
19.020: Total time for which application threads were stopped: 0.0007723 seconds, Stopping threads took: 0.0000271 seconds
19.074: [GC (Allocation Failure)  76373K->629K(418304K), 0.0005344 secs]
19.074: Total time for which application threads were stopped: 0.0006609 seconds, Stopping threads took: 0.0000274 seconds
19.123: [GC (Allocation Failure)  75381K->629K(417280K), 0.0004497 secs]
19.124: Total time for which application threads were stopped: 0.0005745 seconds, Stopping threads took: 0.0000255 seconds
19.169: [GC (Allocation Failure)  74357K->661K(416256K), 0.0005278 secs]
19.170: Total time for which application threads were stopped: 0.0006429 seconds, Stopping threads took: 0.0000189 seconds
19.214: [GC (Allocation Failure)  73365K->661K(415232K), 0.0004794 secs]
19.215: Total time for which application threads were stopped: 0.0005983 seconds, Stopping threads took: 0.0000196 seconds
19.259: [GC (Allocation Failure)  72341K->661K(414208K), 0.0005052 secs]
19.260: Total time for which application threads were stopped: 0.0006406 seconds, Stopping threads took: 0.0000188 seconds
19.303: [GC (Allocation Failure)  71317K->661K(413184K), 0.0004884 secs]
19.304: Total time for which application threads were stopped: 0.0007505 seconds, Stopping threads took: 0.0000187 seconds
19.347: [GC (Allocation Failure)  70293K->725K(412160K), 0.0004878 secs]
19.347: Total time for which application threads were stopped: 0.0006043 seconds, Stopping threads took: 0.0000195 seconds
19.389: [GC (Allocation Failure)  69333K->629K(411136K), 0.0004737 secs]
19.390: Total time for which application threads were stopped: 0.0006024 seconds, Stopping threads took: 0.0000278 seconds
19.437: [GC (Allocation Failure)  68213K->661K(410112K), 0.0005532 secs]
19.437: Total time for which application threads were stopped: 0.0006736 seconds, Stopping threads took: 0.0000194 seconds
19.479: [GC (Allocation Failure)  67221K->629K(409088K), 0.0005404 secs]
19.479: Total time for which application threads were stopped: 0.0006770 seconds, Stopping threads took: 0.0000193 seconds
19.520: [GC (Allocation Failure)  66165K->661K(422400K), 0.0005405 secs]
19.520: Total time for which application threads were stopped: 0.0006851 seconds, Stopping threads took: 0.0000301 seconds
19.575: [GC (Allocation Failure)  79509K->725K(421376K), 0.0005025 secs]
19.576: Total time for which application threads were stopped: 0.0006338 seconds, Stopping threads took: 0.0000218 seconds
19.625: [GC (Allocation Failure)  78549K->725K(420352K), 0.0005124 secs]
19.625: Total time for which application threads were stopped: 0.0006452 seconds, Stopping threads took: 0.0000196 seconds
19.678: [GC (Allocation Failure)  77525K->661K(419328K), 0.0005044 secs]
19.679: Total time for which application threads were stopped: 0.0006471 seconds, Stopping threads took: 0.0000201 seconds
19.729: [GC (Allocation Failure)  76437K->693K(418304K), 0.0004650 secs]
19.729: Total time for which application threads were stopped: 0.0005903 seconds, Stopping threads took: 0.0000220 seconds
19.782: [GC (Allocation Failure)  75445K->693K(417280K), 0.0004609 secs]
19.782: Total time for which application threads were stopped: 0.0005883 seconds, Stopping threads took: 0.0000274 seconds
19.833: [GC (Allocation Failure)  74421K->661K(416256K), 0.0004620 secs]
19.833: Total time for which application threads were stopped: 0.0005803 seconds, Stopping threads took: 0.0000192 seconds
19.880: [GC (Allocation Failure)  73365K->629K(415232K), 0.0005313 secs]
19.881: Total time for which application threads were stopped: 0.0006485 seconds, Stopping threads took: 0.0000190 seconds
19.929: [GC (Allocation Failure)  72309K->629K(414208K), 0.0004643 secs]
19.929: Total time for which application threads were stopped: 0.0005813 seconds, Stopping threads took: 0.0000201 seconds
19.978: [GC (Allocation Failure)  71285K->597K(413184K), 0.0006126 secs]
19.979: Total time for which application threads were stopped: 0.0007537 seconds, Stopping threads took: 0.0000219 seconds
20.022: [GC (Allocation Failure)  70229K->597K(412160K), 0.0005183 secs]
20.022: Total time for which application threads were stopped: 0.0006764 seconds, Stopping threads took: 0.0000308 seconds
20.065: [GC (Allocation Failure)  69205K->597K(411136K), 0.0005376 secs]
20.066: Total time for which application threads were stopped: 0.0006586 seconds, Stopping threads took: 0.0000231 seconds
20.114: [GC (Allocation Failure)  68181K->661K(424960K), 0.0007011 secs]
20.115: Total time for which application threads were stopped: 0.0008182 seconds, Stopping threads took: 0.0000185 seconds
20.165: [GC (Allocation Failure)  82069K->629K(441344K), 0.0005649 secs]
20.166: Total time for which application threads were stopped: 0.0007009 seconds, Stopping threads took: 0.0000202 seconds
20.227: [GC (Allocation Failure)  98421K->629K(439296K), 0.0005204 secs]
20.227: Total time for which application threads were stopped: 0.0006620 seconds, Stopping threads took: 0.0000212 seconds
20.286: [GC (Allocation Failure)  96373K->661K(437760K), 0.0005206 secs]
20.287: Total time for which application threads were stopped: 0.0006623 seconds, Stopping threads took: 0.0000296 seconds
20.345: [GC (Allocation Failure)  94869K->597K(436224K), 0.0005146 secs]
20.346: Total time for which application threads were stopped: 0.0006565 seconds, Stopping threads took: 0.0000210 seconds
20.408: [GC (Allocation Failure)  93269K->725K(434688K), 0.0005080 secs]
20.409: Total time for which application threads were stopped: 0.0006389 seconds, Stopping threads took: 0.0000207 seconds
20.465: [GC (Allocation Failure)  91861K->693K(433152K), 0.0005135 secs]
20.466: Total time for which application threads were stopped: 0.0006507 seconds, Stopping threads took: 0.0000286 seconds
20.521: [GC (Allocation Failure)  90293K->661K(431616K), 0.0004744 secs]
20.521: Total time for which application threads were stopped: 0.0006020 seconds, Stopping threads took: 0.0000274 seconds
20.575: [GC (Allocation Failure)  88725K->693K(430080K), 0.0004881 secs]
20.576: Total time for which application threads were stopped: 0.0006267 seconds, Stopping threads took: 0.0000284 seconds
20.629: [GC (Allocation Failure)  87221K->661K(428544K), 0.0005661 secs]
20.630: Total time for which application threads were stopped: 0.0006963 seconds, Stopping threads took: 0.0000209 seconds
20.682: [GC (Allocation Failure)  85653K->661K(427008K), 0.0005295 secs]
20.683: Total time for which application threads were stopped: 0.0006865 seconds, Stopping threads took: 0.0000172 seconds
20.734: [GC (Allocation Failure)  84117K->661K(425472K), 0.0005028 secs]
20.735: Total time for which application threads were stopped: 0.0006369 seconds, Stopping threads took: 0.0000215 seconds
20.785: [GC (Allocation Failure)  82581K->661K(423936K), 0.0005369 secs]
20.786: Total time for which application threads were stopped: 0.0006706 seconds, Stopping threads took: 0.0000204 seconds
20.835: [GC (Allocation Failure)  81045K->661K(422400K), 0.0004996 secs]
20.836: Total time for which application threads were stopped: 0.0006338 seconds, Stopping threads took: 0.0000214 seconds
20.884: [GC (Allocation Failure)  79509K->629K(421376K), 0.0005304 secs]
20.885: Total time for which application threads were stopped: 0.0006888 seconds, Stopping threads took: 0.0000306 seconds
20.938: [GC (Allocation Failure)  78453K->661K(420352K), 0.0006387 secs]
20.939: Total time for which application threads were stopped: 0.0007924 seconds, Stopping threads took: 0.0000292 seconds
20.986: [GC (Allocation Failure)  77461K->693K(419328K), 0.0004831 secs]
20.987: Total time for which application threads were stopped: 0.0006205 seconds, Stopping threads took: 0.0000300 seconds
21.039: [GC (Allocation Failure)  76469K->597K(418304K), 0.0005283 secs]
21.039: Total time for which application threads were stopped: 0.0006686 seconds, Stopping threads took: 0.0000276 seconds
21.086: [GC (Allocation Failure)  75349K->629K(417280K), 0.0003982 secs]
21.086: Total time for which application threads were stopped: 0.0005383 seconds, Stopping threads took: 0.0000265 seconds
21.136: [GC (Allocation Failure)  74357K->629K(416256K), 0.0004029 secs]
21.136: Total time for which application threads were stopped: 0.0005008 seconds, Stopping threads took: 0.0000167 seconds
21.182: [GC (Allocation Failure)  73333K->597K(415232K), 0.0006367 secs]
21.183: Total time for which application threads were stopped: 0.0007549 seconds, Stopping threads took: 0.0000190 seconds
21.231: [GC (Allocation Failure)  72277K->565K(429568K), 0.0007394 secs]
21.231: Total time for which application threads were stopped: 0.0008655 seconds, Stopping threads took: 0.0000210 seconds
21.284: [GC (Allocation Failure)  86581K->693K(428032K), 0.0004744 secs]
21.285: Total time for which application threads were stopped: 0.0006029 seconds, Stopping threads took: 0.0000273 seconds
21.337: [GC (Allocation Failure)  85173K->597K(426496K), 0.0005407 secs]
21.338: Total time for which application threads were stopped: 0.0006665 seconds, Stopping threads took: 0.0000189 seconds
21.389: [GC (Allocation Failure)  83541K->693K(424960K), 0.0004741 secs]
21.389: Total time for which application threads were stopped: 0.0005928 seconds, Stopping threads took: 0.0000201 seconds
21.445: [GC (Allocation Failure)  82101K->629K(423424K), 0.0004393 secs]
21.445: Total time for which application threads were stopped: 0.0005677 seconds, Stopping threads took: 0.0000276 seconds
21.495: [GC (Allocation Failure)  80501K->725K(422400K), 0.0004505 secs]
21.495: Total time for which application threads were stopped: 0.0005667 seconds, Stopping threads took: 0.0000204 seconds
21.549: [GC (Allocation Failure)  79573K->597K(438272K), 0.0011912 secs]
21.551: Total time for which application threads were stopped: 0.0013007 seconds, Stopping threads took: 0.0000297 seconds
21.613: [GC (Allocation Failure)  95317K->693K(436736K), 0.0004328 secs]
21.613: Total time for which application threads were stopped: 0.0005666 seconds, Stopping threads took: 0.0000277 seconds
21.671: [GC (Allocation Failure)  93877K->661K(435200K), 0.0004973 secs]
21.671: Total time for which application threads were stopped: 0.0006221 seconds, Stopping threads took: 0.0000202 seconds
21.728: [GC (Allocation Failure)  92309K->597K(433664K), 0.0006327 secs]
21.728: Total time for which application threads were stopped: 0.0007548 seconds, Stopping threads took: 0.0000197 seconds
21.784: [GC (Allocation Failure)  90709K->629K(432128K), 0.0005189 secs]
21.784: Total time for which application threads were stopped: 0.0006576 seconds, Stopping threads took: 0.0000218 seconds
21.845: [GC (Allocation Failure)  89205K->629K(430592K), 0.0005723 secs]
21.846: Total time for which application threads were stopped: 0.0007041 seconds, Stopping threads took: 0.0000198 seconds
21.903: [GC (Allocation Failure)  87669K->661K(429056K), 0.0005591 secs]
21.904: Total time for which application threads were stopped: 0.0006712 seconds, Stopping threads took: 0.0000204 seconds
21.960: [GC (Allocation Failure)  86165K->629K(427520K), 0.0004595 secs]
21.960: Total time for which application threads were stopped: 0.0005820 seconds, Stopping threads took: 0.0000265 seconds
22.012: [GC (Allocation Failure)  84597K->629K(425984K), 0.0004713 secs]
22.013: Total time for which application threads were stopped: 0.0005916 seconds, Stopping threads took: 0.0000207 seconds
22.064: [GC (Allocation Failure)  83061K->629K(424448K), 0.0004775 secs]
22.064: Total time for which application threads were stopped: 0.0006025 seconds, Stopping threads took: 0.0000264 seconds
22.116: [GC (Allocation Failure)  81525K->629K(422912K), 0.0005604 secs]
22.117: Total time for which application threads were stopped: 0.0015932 seconds, Stopping threads took: 0.0000168 seconds
22.166: [GC (Allocation Failure)  79989K->597K(421888K), 0.0005328 secs]
22.166: Total time for which application threads were stopped: 0.0006490 seconds, Stopping threads took: 0.0000194 seconds
22.215: [GC (Allocation Failure)  78933K->661K(420864K), 0.0005636 secs]
22.215: Total time for which application threads were stopped: 0.0006808 seconds, Stopping threads took: 0.0000195 seconds
22.267: [GC (Allocation Failure)  77973K->597K(419840K), 0.0004752 secs]
22.267: Total time for which application threads were stopped: 0.0005939 seconds, Stopping threads took: 0.0000195 seconds
22.318: [GC (Allocation Failure)  76885K->629K(418816K), 0.0004609 secs]
22.319: Total time for which application threads were stopped: 0.0005844 seconds, Stopping threads took: 0.0000275 seconds
22.370: [GC (Allocation Failure)  75893K->693K(417792K), 0.0004461 secs]
22.370: Total time for which application threads were stopped: 0.0005572 seconds, Stopping threads took: 0.0000200 seconds
22.416: [GC (Allocation Failure)  74933K->629K(416768K), 0.0006518 secs]
22.417: Total time for which application threads were stopped: 0.0007569 seconds, Stopping threads took: 0.0000170 seconds
22.462: [GC (Allocation Failure)  73845K->629K(415744K), 0.0003795 secs]
22.462: Total time for which application threads were stopped: 0.0004864 seconds, Stopping threads took: 0.0000171 seconds
22.507: [GC (Allocation Failure)  72821K->629K(430592K), 0.0009843 secs]
22.508: Total time for which application threads were stopped: 0.0011059 seconds, Stopping threads took: 0.0000168 seconds
22.562: [GC (Allocation Failure)  87669K->629K(448000K), 0.0004711 secs]
22.562: Total time for which application threads were stopped: 0.0005869 seconds, Stopping threads took: 0.0000190 seconds
22.631: [GC (Allocation Failure)  105077K->629K(445952K), 0.0005231 secs]
22.632: Total time for which application threads were stopped: 0.0006472 seconds, Stopping threads took: 0.0000191 seconds
22.695: [GC (Allocation Failure)  103029K->629K(443904K), 0.0005249 secs]
22.696: Total time for which application threads were stopped: 0.0006705 seconds, Stopping threads took: 0.0000191 seconds
22.757: [GC (Allocation Failure)  100981K->629K(441856K), 0.0005802 secs]
22.758: Total time for which application threads were stopped: 0.0007051 seconds, Stopping threads took: 0.0000268 seconds
22.823: [GC (Allocation Failure)  98933K->725K(439808K), 0.0005559 secs]
22.824: Total time for which application threads were stopped: 0.0006784 seconds, Stopping threads took: 0.0000267 seconds
22.883: [GC (Allocation Failure)  96981K->661K(437760K), 0.0005932 secs]
22.883: Total time for which application threads were stopped: 0.0006995 seconds, Stopping threads took: 0.0000168 seconds
22.941: [GC (Allocation Failure)  94869K->661K(436224K), 0.0005455 secs]
22.942: Total time for which application threads were stopped: 0.0006744 seconds, Stopping threads took: 0.0000272 seconds
22.999: [GC (Allocation Failure)  93333K->597K(434688K), 0.0005594 secs]
23.000: Total time for which application threads were stopped: 0.0006995 seconds, Stopping threads took: 0.0000210 seconds
23.061: [GC (Allocation Failure)  91733K->661K(433152K), 0.0006327 secs]
23.062: Total time for which application threads were stopped: 0.0007832 seconds, Stopping threads took: 0.0000220 seconds
23.119: [GC (Allocation Failure)  90261K->725K(431616K), 0.0006213 secs]
23.120: Total time for which application threads were stopped: 0.0007472 seconds, Stopping threads took: 0.0000243 seconds
23.175: [GC (Allocation Failure)  88789K->693K(430080K), 0.0004973 secs]
23.175: Total time for which application threads were stopped: 0.0006218 seconds, Stopping threads took: 0.0000198 seconds
23.229: [GC (Allocation Failure)  87221K->661K(428544K), 0.0006184 secs]
23.229: Total time for which application threads were stopped: 0.0007568 seconds, Stopping threads took: 0.0000217 seconds
23.282: [GC (Allocation Failure)  85653K->597K(427008K), 0.0005855 secs]
23.283: Total time for which application threads were stopped: 0.0007365 seconds, Stopping threads took: 0.0000221 seconds
23.339: [GC (Allocation Failure)  84053K->661K(425472K), 0.0005548 secs]
23.340: Total time for which application threads were stopped: 0.0007068 seconds, Stopping threads took: 0.0000304 seconds
23.390: [GC (Allocation Failure)  82581K->629K(423936K), 0.0005596 secs]
23.391: Total time for which application threads were stopped: 0.0007157 seconds, Stopping threads took: 0.0000229 seconds
23.440: [GC (Allocation Failure)  81013K->693K(422400K), 0.0006987 secs]
23.441: Total time for which application threads were stopped: 0.0008539 seconds, Stopping threads took: 0.0000298 seconds
23.494: [GC (Allocation Failure)  79541K->661K(421376K), 0.0004806 secs]
23.495: Total time for which application threads were stopped: 0.0006022 seconds, Stopping threads took: 0.0000201 seconds
23.543: [GC (Allocation Failure)  78485K->629K(420352K), 0.0004815 secs]
23.543: Total time for which application threads were stopped: 0.0006076 seconds, Stopping threads took: 0.0000273 seconds
23.597: [GC (Allocation Failure)  77429K->629K(419328K), 0.0004632 secs]
23.597: Total time for which application threads were stopped: 0.0005899 seconds, Stopping threads took: 0.0000257 seconds
23.650: [GC (Allocation Failure)  76405K->661K(418304K), 0.0004577 secs]
23.651: Total time for which application threads were stopped: 0.0005767 seconds, Stopping threads took: 0.0000196 seconds
23.697: [GC (Allocation Failure)  75413K->629K(417280K), 0.0005335 secs]
23.697: Total time for which application threads were stopped: 0.0006753 seconds, Stopping threads took: 0.0000213 seconds
23.748: [GC (Allocation Failure)  74357K->661K(416256K), 0.0005001 secs]
23.749: Total time for which application threads were stopped: 0.0006391 seconds, Stopping threads took: 0.0000205 seconds
23.799: [GC (Allocation Failure)  73365K->693K(415232K), 0.0005458 secs]
23.800: Total time for which application threads were stopped: 0.0007162 seconds, Stopping threads took: 0.0000217 seconds
23.850: [GC (Allocation Failure)  72373K->661K(414208K), 0.0005989 secs]
23.850: Total time for which application threads were stopped: 0.0007429 seconds, Stopping threads took: 0.0000227 seconds
23.894: [GC (Allocation Failure)  71317K->661K(413184K), 0.0004837 secs]
23.894: Total time for which application threads were stopped: 0.0006121 seconds, Stopping threads took: 0.0000277 seconds
23.937: [GC (Allocation Failure)  70293K->661K(412160K), 0.0005422 secs]
23.938: Total time for which application threads were stopped: 0.0006592 seconds, Stopping threads took: 0.0000191 seconds
23.980: [GC (Allocation Failure)  69269K->661K(411136K), 0.0004373 secs]
23.981: Total time for which application threads were stopped: 0.0005788 seconds, Stopping threads took: 0.0000213 seconds
24.022: [GC (Allocation Failure)  68245K->693K(410112K), 0.0005951 secs]
24.023: Total time for which application threads were stopped: 0.0007483 seconds, Stopping threads took: 0.0000214 seconds
24.067: [GC (Allocation Failure)  67253K->629K(423424K), 0.0005403 secs]
24.068: Total time for which application threads were stopped: 0.0006720 seconds, Stopping threads took: 0.0000206 seconds
24.118: [GC (Allocation Failure)  80501K->693K(422400K), 0.0003875 secs]
24.119: Total time for which application threads were stopped: 0.0004757 seconds, Stopping threads took: 0.0000140 seconds
24.168: [GC (Allocation Failure)  79541K->661K(421376K), 0.0004746 secs]
24.168: Total time for which application threads were stopped: 0.0005961 seconds, Stopping threads took: 0.0000199 seconds
24.217: [GC (Allocation Failure)  78485K->629K(420352K), 0.0006216 secs]
24.217: Total time for which application threads were stopped: 0.0007645 seconds, Stopping threads took: 0.0000212 seconds
24.265: [GC (Allocation Failure)  77429K->661K(419328K), 0.0005116 secs]
24.265: Total time for which application threads were stopped: 0.0006585 seconds, Stopping threads took: 0.0000223 seconds
24.317: [GC (Allocation Failure)  76437K->725K(418304K), 0.0004911 secs]
24.318: Total time for which application threads were stopped: 0.0006368 seconds, Stopping threads took: 0.0000273 seconds
24.369: [GC (Allocation Failure)  75477K->661K(417280K), 0.0005144 secs]
24.370: Total time for which application threads were stopped: 0.0006609 seconds, Stopping threads took: 0.0000229 seconds
24.419: [GC (Allocation Failure)  74389K->629K(416256K), 0.0005598 secs]
24.420: Total time for which application threads were stopped: 0.0007249 seconds, Stopping threads took: 0.0000276 seconds
24.465: [GC (Allocation Failure)  73333K->661K(415232K), 0.0005281 secs]
24.465: Total time for which application threads were stopped: 0.0006494 seconds, Stopping threads took: 0.0000198 seconds
24.510: [GC (Allocation Failure)  72341K->597K(414208K), 0.0005453 secs]
24.510: Total time for which application threads were stopped: 0.0006736 seconds, Stopping threads took: 0.0000191 seconds
24.559: [GC (Allocation Failure)  71253K->629K(428544K), 0.0007514 secs]
24.560: Total time for which application threads were stopped: 0.0009074 seconds, Stopping threads took: 0.0000304 seconds
24.613: [GC (Allocation Failure)  85621K->629K(445952K), 0.0008043 secs]
24.614: Total time for which application threads were stopped: 0.0009244 seconds, Stopping threads took: 0.0000200 seconds
24.676: [GC (Allocation Failure)  103029K->629K(466432K), 0.0004712 secs]
24.677: Total time for which application threads were stopped: 0.0005866 seconds, Stopping threads took: 0.0000189 seconds
24.752: [GC (Allocation Failure)  123509K->629K(463872K), 0.0006878 secs]
24.753: Total time for which application threads were stopped: 0.0008036 seconds, Stopping threads took: 0.0000187 seconds
24.833: [GC (Allocation Failure)  120949K->629K(461312K), 0.0004178 secs]
24.833: Total time for which application threads were stopped: 0.0005360 seconds, Stopping threads took: 0.0000194 seconds
24.908: [GC (Allocation Failure)  118389K->661K(458752K), 0.0006072 secs]
24.909: Total time for which application threads were stopped: 0.0007328 seconds, Stopping threads took: 0.0000279 seconds
24.985: [GC (Allocation Failure)  115861K->693K(456192K), 0.0006509 secs]
24.986: Total time for which application threads were stopped: 0.0007688 seconds, Stopping threads took: 0.0000194 seconds
25.055: [GC (Allocation Failure)  113333K->661K(453632K), 0.0005031 secs]
25.056: Total time for which application threads were stopped: 0.0006456 seconds, Stopping threads took: 0.0000215 seconds
25.125: [GC (Allocation Failure)  110741K->629K(451584K), 0.0004367 secs]
25.126: Total time for which application threads were stopped: 0.0005442 seconds, Stopping threads took: 0.0000170 seconds
25.193: [GC (Allocation Failure)  108661K->629K(449536K), 0.0004918 secs]
25.193: Total time for which application threads were stopped: 0.0006107 seconds, Stopping threads took: 0.0000194 seconds
25.264: [GC (Allocation Failure)  106613K->597K(447488K), 0.0006045 secs]
25.264: Total time for which application threads were stopped: 0.0007408 seconds, Stopping threads took: 0.0000196 seconds
25.328: [GC (Allocation Failure)  104533K->597K(445440K), 0.0005559 secs]
25.329: Total time for which application threads were stopped: 0.0006832 seconds, Stopping threads took: 0.0000211 seconds
25.398: [GC (Allocation Failure)  102485K->661K(443392K), 0.0004524 secs]
25.398: Total time for which application threads were stopped: 0.0005814 seconds, Stopping threads took: 0.0000278 seconds
25.465: [GC (Allocation Failure)  100501K->629K(441344K), 0.0004998 secs]
25.465: Total time for which application threads were stopped: 0.0006356 seconds, Stopping threads took: 0.0000194 seconds
25.531: [GC (Allocation Failure)  98421K->597K(439296K), 0.0007120 secs]
25.532: Total time for which application threads were stopped: 0.0008614 seconds, Stopping threads took: 0.0000221 seconds
25.597: [GC (Allocation Failure)  96341K->597K(437760K), 0.0004518 secs]
25.597: Total time for which application threads were stopped: 0.0005868 seconds, Stopping threads took: 0.0000274 seconds
25.661: [GC (Allocation Failure)  94805K->629K(436224K), 0.0004960 secs]
25.661: Total time for which application threads were stopped: 0.0006339 seconds, Stopping threads took: 0.0000214 seconds
25.722: [GC (Allocation Failure)  93301K->597K(434688K), 0.0004845 secs]
25.723: Total time for which application threads were stopped: 0.0006271 seconds, Stopping threads took: 0.0000273 seconds
25.779: [GC (Allocation Failure)  91733K->661K(433152K), 0.0004663 secs]
25.779: Total time for which application threads were stopped: 0.0005821 seconds, Stopping threads took: 0.0000194 seconds
25.834: [GC (Allocation Failure)  90261K->629K(431616K), 0.0004590 secs]
25.835: Total time for which application threads were stopped: 0.0005863 seconds, Stopping threads took: 0.0000218 seconds
25.889: [GC (Allocation Failure)  88693K->597K(430080K), 0.0006291 secs]
25.890: Total time for which application threads were stopped: 0.0007740 seconds, Stopping threads took: 0.0000269 seconds
25.946: [GC (Allocation Failure)  87125K->725K(428544K), 0.0006928 secs]
25.946: Total time for which application threads were stopped: 0.0008451 seconds, Stopping threads took: 0.0000293 seconds
25.999: [GC (Allocation Failure)  85717K->597K(427008K), 0.0005313 secs]
25.999: Total time for which application threads were stopped: 0.0006473 seconds, Stopping threads took: 0.0000201 seconds
26.057: [GC (Allocation Failure)  84053K->661K(425472K), 0.0006013 secs]
26.058: Total time for which application threads were stopped: 0.0007487 seconds, Stopping threads took: 0.0000201 seconds
26.110: [GC (Allocation Failure)  82581K->661K(441856K), 0.0023612 secs]
26.113: Total time for which application threads were stopped: 0.0024898 seconds, Stopping threads took: 0.0000248 seconds
26.175: [GC (Allocation Failure)  98965K->597K(461824K), 0.0004584 secs]
26.176: Total time for which application threads were stopped: 0.0005797 seconds, Stopping threads took: 0.0000272 seconds
26.249: [GC (Allocation Failure)  118869K->597K(475648K), 0.0006739 secs]
26.250: Total time for which application threads were stopped: 0.0007988 seconds, Stopping threads took: 0.0000199 seconds
26.331: [GC (Allocation Failure)  132693K->629K(485888K), 0.0006135 secs]
26.332: Total time for which application threads were stopped: 0.0007431 seconds, Stopping threads took: 0.0000202 seconds
26.425: [GC (Allocation Failure)  142965K->661K(482304K), 0.0005539 secs]
26.426: Total time for which application threads were stopped: 0.0006736 seconds, Stopping threads took: 0.0000196 seconds
26.511: [GC (Allocation Failure)  139413K->629K(478720K), 0.0006248 secs]
26.512: Total time for which application threads were stopped: 0.0007675 seconds, Stopping threads took: 0.0000207 seconds
26.601: [GC (Allocation Failure)  135797K->629K(475648K), 0.0004678 secs]
26.601: Total time for which application threads were stopped: 0.0005928 seconds, Stopping threads took: 0.0000267 seconds
26.686: [GC (Allocation Failure)  132725K->693K(472576K), 0.0006747 secs]
26.687: Total time for which application threads were stopped: 0.0008184 seconds, Stopping threads took: 0.0000212 seconds
26.766: [GC (Allocation Failure)  129717K->661K(469504K), 0.0004711 secs]
26.767: Total time for which application threads were stopped: 0.0005982 seconds, Stopping threads took: 0.0000194 seconds
26.844: [GC (Allocation Failure)  126613K->629K(466432K), 0.0004968 secs]
26.845: Total time for which application threads were stopped: 0.0006299 seconds, Stopping threads took: 0.0000212 seconds
26.921: [GC (Allocation Failure)  123509K->661K(463872K), 0.0005137 secs]
26.921: Total time for which application threads were stopped: 0.0006593 seconds, Stopping threads took: 0.0000217 seconds
27.000: [GC (Allocation Failure)  120981K->661K(461312K), 0.0005291 secs]
27.001: Total time for which application threads were stopped: 0.0006692 seconds, Stopping threads took: 0.0000210 seconds
27.073: [GC (Allocation Failure)  118421K->629K(458752K), 0.0005785 secs]
27.074: Total time for which application threads were stopped: 0.0007422 seconds, Stopping threads took: 0.0000298 seconds
27.152: [GC (Allocation Failure)  115829K->629K(456192K), 0.0004721 secs]
27.152: Total time for which application threads were stopped: 0.0005945 seconds, Stopping threads took: 0.0000196 seconds
27.227: [GC (Allocation Failure)  113269K->661K(453632K), 0.0006041 secs]
27.228: Total time for which application threads were stopped: 0.0007212 seconds, Stopping threads took: 0.0000190 seconds
27.295: [GC (Allocation Failure)  110741K->661K(451584K), 0.0004555 secs]
27.296: Total time for which application threads were stopped: 0.0005796 seconds, Stopping threads took: 0.0000264 seconds
27.362: [GC (Allocation Failure)  108693K->661K(449536K), 0.0004493 secs]
27.363: Total time for which application threads were stopped: 0.0005772 seconds, Stopping threads took: 0.0000197 seconds
27.428: [GC (Allocation Failure)  106645K->597K(447488K), 0.0005518 secs]
27.428: Total time for which application threads were stopped: 0.0006829 seconds, Stopping threads took: 0.0000206 seconds
27.492: [GC (Allocation Failure)  104533K->597K(445440K), 0.0005014 secs]
27.493: Total time for which application threads were stopped: 0.0006633 seconds, Stopping threads took: 0.0000302 seconds
27.562: [GC (Allocation Failure)  102485K->629K(443392K), 0.0005293 secs]
27.562: Total time for which application threads were stopped: 0.0006498 seconds, Stopping threads took: 0.0000194 seconds
27.625: [GC (Allocation Failure)  100469K->629K(441344K), 0.0005786 secs]
27.626: Total time for which application threads were stopped: 0.0007066 seconds, Stopping threads took: 0.0000260 seconds
27.686: [GC (Allocation Failure)  98421K->597K(439296K), 0.0005774 secs]
27.687: Total time for which application threads were stopped: 0.0007059 seconds, Stopping threads took: 0.0000216 seconds
27.751: [GC (Allocation Failure)  96341K->661K(437760K), 0.0005189 secs]
27.751: Total time for which application threads were stopped: 0.0006699 seconds, Stopping threads took: 0.0000286 seconds
27.816: [GC (Allocation Failure)  94869K->661K(436224K), 0.0004573 secs]
27.816: Total time for which application threads were stopped: 0.0006009 seconds, Stopping threads took: 0.0000292 seconds
27.873: [GC (Allocation Failure)  93333K->629K(434688K), 0.0004805 secs]
27.874: Total time for which application threads were stopped: 0.0006235 seconds, Stopping threads took: 0.0000281 seconds
27.933: [GC (Allocation Failure)  91765K->597K(433152K), 0.0005037 secs]
27.934: Total time for which application threads were stopped: 0.0006344 seconds, Stopping threads took: 0.0000211 seconds
27.989: [GC (Allocation Failure)  90197K->661K(431616K), 0.0005154 secs]
27.990: Total time for which application threads were stopped: 0.0006456 seconds, Stopping threads took: 0.0000200 seconds
28.044: [GC (Allocation Failure)  88725K->661K(430080K), 0.0005234 secs]
28.045: Total time for which application threads were stopped: 0.0006490 seconds, Stopping threads took: 0.0000215 seconds
28.102: [GC (Allocation Failure)  87189K->693K(428544K), 0.0004233 secs]
28.102: Total time for which application threads were stopped: 0.0005397 seconds, Stopping threads took: 0.0000256 seconds
28.155: [GC (Allocation Failure)  85685K->661K(427008K), 0.0004773 secs]
28.155: Total time for which application threads were stopped: 0.0006016 seconds, Stopping threads took: 0.0000266 seconds
28.207: [GC (Allocation Failure)  84117K->661K(425472K), 0.0005039 secs]
28.207: Total time for which application threads were stopped: 0.0006312 seconds, Stopping threads took: 0.0000274 seconds
28.258: [GC (Allocation Failure)  82581K->661K(423936K), 0.0005072 secs]
28.258: Total time for which application threads were stopped: 0.0006302 seconds, Stopping threads took: 0.0000274 seconds
28.308: [GC (Allocation Failure)  81045K->629K(422400K), 0.0004709 secs]
28.308: Total time for which application threads were stopped: 0.0005976 seconds, Stopping threads took: 0.0000286 seconds
28.362: [GC (Allocation Failure)  79477K->661K(421376K), 0.0004477 secs]
28.363: Total time for which application threads were stopped: 0.0005700 seconds, Stopping threads took: 0.0000196 seconds
28.411: [GC (Allocation Failure)  78485K->629K(420352K), 0.0004323 secs]
28.411: Total time for which application threads were stopped: 0.0005479 seconds, Stopping threads took: 0.0000197 seconds
28.464: [GC (Allocation Failure)  77429K->629K(419328K), 0.0004338 secs]
28.465: Total time for which application threads were stopped: 0.0005427 seconds, Stopping threads took: 0.0000170 seconds
28.515: [GC (Allocation Failure)  76405K->629K(418304K), 0.0004447 secs]
28.515: Total time for which application threads were stopped: 0.0005513 seconds, Stopping threads took: 0.0000168 seconds
28.561: [GC (Allocation Failure)  75381K->629K(417280K), 0.0004702 secs]
28.562: Total time for which application threads were stopped: 0.0005908 seconds, Stopping threads took: 0.0000195 seconds
28.611: [GC (Allocation Failure)  74357K->693K(416256K), 0.0005283 secs]
28.612: Total time for which application threads were stopped: 0.0006789 seconds, Stopping threads took: 0.0000293 seconds
28.663: [GC (Allocation Failure)  73397K->597K(415232K), 0.0005525 secs]
28.664: Total time for which application threads were stopped: 0.0006933 seconds, Stopping threads took: 0.0000294 seconds
28.714: [GC (Allocation Failure)  72277K->629K(414208K), 0.0004910 secs]
28.715: Total time for which application threads were stopped: 0.0006197 seconds, Stopping threads took: 0.0000195 seconds
28.758: [GC (Allocation Failure)  71285K->661K(413184K), 0.0007357 secs]
28.759: Total time for which application threads were stopped: 0.0008837 seconds, Stopping threads took: 0.0000283 seconds
28.802: [GC (Allocation Failure)  70293K->661K(412160K), 0.0004913 secs]
28.802: Total time for which application threads were stopped: 0.0006325 seconds, Stopping threads took: 0.0000298 seconds
28.845: [GC (Allocation Failure)  69269K->629K(425984K), 0.0005734 secs]
28.845: Total time for which application threads were stopped: 0.0006917 seconds, Stopping threads took: 0.0000196 seconds
28.896: [GC (Allocation Failure)  83061K->629K(424448K), 0.0005270 secs]
28.897: Total time for which application threads were stopped: 0.0006548 seconds, Stopping threads took: 0.0000283 seconds
28.947: [GC (Allocation Failure)  81525K->661K(422912K), 0.0004944 secs]
28.947: Total time for which application threads were stopped: 0.0006228 seconds, Stopping threads took: 0.0000273 seconds
28.996: [GC (Allocation Failure)  80021K->661K(421888K), 0.0005422 secs]
28.997: Total time for which application threads were stopped: 0.0006852 seconds, Stopping threads took: 0.0000217 seconds
29.045: [GC (Allocation Failure)  78997K->629K(420864K), 0.0004899 secs]
29.045: Total time for which application threads were stopped: 0.0006279 seconds, Stopping threads took: 0.0000217 seconds
29.097: [GC (Allocation Failure)  77941K->597K(419840K), 0.0004773 secs]
29.098: Total time for which application threads were stopped: 0.0006038 seconds, Stopping threads took: 0.0000141 seconds
29.146: [GC (Allocation Failure)  76885K->661K(418816K), 0.0004651 secs]
29.147: Total time for which application threads were stopped: 0.0005840 seconds, Stopping threads took: 0.0000191 seconds
29.197: [GC (Allocation Failure)  75925K->661K(417792K), 0.0004403 secs]
29.197: Total time for which application threads were stopped: 0.0005668 seconds, Stopping threads took: 0.0000273 seconds
29.243: [GC (Allocation Failure)  74901K->693K(416768K), 0.0005270 secs]
29.244: Total time for which application threads were stopped: 0.0006465 seconds, Stopping threads took: 0.0000196 seconds
29.289: [GC (Allocation Failure)  73909K->661K(415744K), 0.0004584 secs]
29.289: Total time for which application threads were stopped: 0.0005863 seconds, Stopping threads took: 0.0000275 seconds
29.334: [GC (Allocation Failure)  72853K->661K(414720K), 0.0004676 secs]
29.334: Total time for which application threads were stopped: 0.0005870 seconds, Stopping threads took: 0.0000198 seconds
29.378: [GC (Allocation Failure)  71829K->629K(413696K), 0.0005476 secs]
29.379: Total time for which application threads were stopped: 0.0006645 seconds, Stopping threads took: 0.0000189 seconds
29.422: [GC (Allocation Failure)  70773K->629K(412672K), 0.0005393 secs]
29.423: Total time for which application threads were stopped: 0.0006653 seconds, Stopping threads took: 0.0000269 seconds
29.470: [GC (Allocation Failure)  69749K->629K(411648K), 0.0004954 secs]
29.471: Total time for which application threads were stopped: 0.0006152 seconds, Stopping threads took: 0.0000207 seconds
29.513: [GC (Allocation Failure)  68725K->661K(410624K), 0.0004311 secs]
29.513: Total time for which application threads were stopped: 0.0005525 seconds, Stopping threads took: 0.0000189 seconds
29.555: [GC (Allocation Failure)  67733K->629K(409600K), 0.0004935 secs]
29.555: Total time for which application threads were stopped: 0.0006966 seconds, Stopping threads took: 0.0000277 seconds
29.602: [GC (Allocation Failure)  66677K->629K(408576K), 0.0003967 secs]
29.603: Total time for which application threads were stopped: 0.0005209 seconds, Stopping threads took: 0.0000262 seconds
29.647: [GC (Allocation Failure)  65653K->629K(407552K), 0.0003982 secs]
29.648: Total time for which application threads were stopped: 0.0004968 seconds, Stopping threads took: 0.0000174 seconds
29.687: [GC (Allocation Failure)  64629K->629K(406528K), 0.0005579 secs]
29.688: Total time for which application threads were stopped: 0.0006805 seconds, Stopping threads took: 0.0000280 seconds
29.726: [GC (Allocation Failure)  63605K->629K(405504K), 0.0004423 secs]
29.727: Total time for which application threads were stopped: 0.0005546 seconds, Stopping threads took: 0.0000174 seconds
29.765: [GC (Allocation Failure)  62581K->597K(418304K), 0.0005588 secs]
29.766: Total time for which application threads were stopped: 0.0006796 seconds, Stopping threads took: 0.0000194 seconds
29.812: [GC (Allocation Failure)  75349K->661K(417280K), 0.0004708 secs]
29.813: Total time for which application threads were stopped: 0.0005993 seconds, Stopping threads took: 0.0000198 seconds
29.858: [GC (Allocation Failure)  74389K->693K(416256K), 0.0005291 secs]
29.859: Total time for which application threads were stopped: 0.0006630 seconds, Stopping threads took: 0.0000206 seconds
29.904: [GC (Allocation Failure)  73397K->597K(415232K), 0.0004937 secs]
29.904: Total time for which application threads were stopped: 0.0006379 seconds, Stopping threads took: 0.0000299 seconds
29.955: [GC (Allocation Failure)  72277K->629K(414208K), 0.0005269 secs]
29.955: Total time for which application threads were stopped: 0.0006821 seconds, Stopping threads took: 0.0000301 seconds
30.002: [GC (Allocation Failure)  71285K->629K(413184K), 0.0005592 secs]
30.003: Total time for which application threads were stopped: 0.0007079 seconds, Stopping threads took: 0.0000300 seconds
30.051: [GC (Allocation Failure)  70261K->661K(412160K), 0.0005532 secs]
30.052: Total time for which application threads were stopped: 0.0007027 seconds, Stopping threads took: 0.0000215 seconds
30.099: [GC (Allocation Failure)  69269K->597K(411136K), 0.0004779 secs]
30.099: Total time for which application threads were stopped: 0.0005887 seconds, Stopping threads took: 0.0000133 seconds
30.142: [GC (Allocation Failure)  68181K->661K(410112K), 0.0005056 secs]
30.142: Total time for which application threads were stopped: 0.0006455 seconds, Stopping threads took: 0.0000285 seconds
30.183: [GC (Allocation Failure)  67221K->629K(409088K), 0.0005058 secs]
30.184: Total time for which application threads were stopped: 0.0006426 seconds, Stopping threads took: 0.0000207 seconds
30.224: [GC (Allocation Failure)  66165K->661K(422400K), 0.0006163 secs]
30.225: Total time for which application threads were stopped: 0.0007474 seconds, Stopping threads took: 0.0000297 seconds
30.277: [GC (Allocation Failure)  79509K->629K(438272K), 0.0005954 secs]
30.278: Total time for which application threads were stopped: 0.0007069 seconds, Stopping threads took: 0.0000169 seconds
30.342: [GC (Allocation Failure)  95349K->629K(436736K), 0.0006035 secs]
30.343: Total time for which application threads were stopped: 0.0007414 seconds, Stopping threads took: 0.0000268 seconds
30.400: [GC (Allocation Failure)  93813K->693K(435200K), 0.0005155 secs]
30.401: Total time for which application threads were stopped: 0.0006568 seconds, Stopping threads took: 0.0000219 seconds
30.460: [GC (Allocation Failure)  92341K->693K(433664K), 0.0005037 secs]
30.461: Total time for which application threads were stopped: 0.0006346 seconds, Stopping threads took: 0.0000222 seconds
30.523: [GC (Allocation Failure)  90805K->629K(432128K), 0.0004899 secs]
30.523: Total time for which application threads were stopped: 0.0006242 seconds, Stopping threads took: 0.0000210 seconds
30.578: [GC (Allocation Failure)  89205K->661K(430592K), 0.0005623 secs]
30.579: Total time for which application threads were stopped: 0.0007133 seconds, Stopping threads took: 0.0000291 seconds
30.639: [GC (Allocation Failure)  87701K->629K(429056K), 0.0005993 secs]
30.640: Total time for which application threads were stopped: 0.0007366 seconds, Stopping threads took: 0.0000278 seconds
30.692: [GC (Allocation Failure)  86133K->597K(427520K), 0.0005746 secs]
30.693: Total time for which application threads were stopped: 0.0007044 seconds, Stopping threads took: 0.0000225 seconds
30.745: [GC (Allocation Failure)  84565K->629K(425984K), 0.0004942 secs]
30.745: Total time for which application threads were stopped: 0.0006143 seconds, Stopping threads took: 0.0000205 seconds
30.796: [GC (Allocation Failure)  83061K->629K(424448K), 0.0005098 secs]
30.797: Total time for which application threads were stopped: 0.0006261 seconds, Stopping threads took: 0.0000196 seconds
30.850: [GC (Allocation Failure)  81525K->661K(422912K), 0.0005491 secs]
30.851: Total time for which application threads were stopped: 0.0006687 seconds, Stopping threads took: 0.0000197 seconds
30.899: [GC (Allocation Failure)  80021K->661K(421888K), 0.0004901 secs]
30.900: Total time for which application threads were stopped: 0.0006084 seconds, Stopping threads took: 0.0000195 seconds
30.948: [GC (Allocation Failure)  78997K->629K(420864K), 0.0004156 secs]
30.949: Total time for which application threads were stopped: 0.0005367 seconds, Stopping threads took: 0.0000197 seconds
30.996: [GC (Allocation Failure)  77941K->597K(419840K), 0.0005913 secs]
30.997: Total time for which application threads were stopped: 0.0007279 seconds, Stopping threads took: 0.0000197 seconds
31.050: [GC (Allocation Failure)  76885K->661K(418816K), 0.0005831 secs]
31.050: Total time for which application threads were stopped: 0.0007371 seconds, Stopping threads took: 0.0000300 seconds
31.102: [GC (Allocation Failure)  75925K->661K(417792K), 0.0004870 secs]
31.103: Total time for which application threads were stopped: 0.0006086 seconds, Stopping threads took: 0.0000270 seconds
31.151: [GC (Allocation Failure)  74901K->693K(416768K), 0.0004759 secs]
31.151: Total time for which application threads were stopped: 0.0006025 seconds, Stopping threads took: 0.0000268 seconds
31.196: [GC (Allocation Failure)  73909K->725K(415744K), 0.0006182 secs]
31.197: Total time for which application threads were stopped: 0.0007284 seconds, Stopping threads took: 0.0000202 seconds
31.241: [GC (Allocation Failure)  72917K->693K(414720K), 0.0004983 secs]
31.242: Total time for which application threads were stopped: 0.0006054 seconds, Stopping threads took: 0.0000171 seconds
31.286: [GC (Allocation Failure)  71861K->693K(413696K), 0.0005640 secs]
31.286: Total time for which application threads were stopped: 0.0007014 seconds, Stopping threads took: 0.0000196 seconds
31.330: [GC (Allocation Failure)  70837K->661K(428032K), 0.0005787 secs]
31.330: Total time for which application threads were stopped: 0.0007025 seconds, Stopping threads took: 0.0000215 seconds
31.387: [GC (Allocation Failure)  85141K->597K(426496K), 0.0004835 secs]
31.388: Total time for which application threads were stopped: 0.0005941 seconds, Stopping threads took: 0.0000170 seconds
31.439: [GC (Allocation Failure)  83541K->661K(424960K), 0.0006012 secs]
31.440: Total time for which application threads were stopped: 0.0007407 seconds, Stopping threads took: 0.0000283 seconds
31.493: [GC (Allocation Failure)  82069K->661K(423424K), 0.0005483 secs]
31.494: Total time for which application threads were stopped: 0.0006974 seconds, Stopping threads took: 0.0000299 seconds
31.549: [GC (Allocation Failure)  80533K->629K(422400K), 0.0006200 secs]
31.550: Total time for which application threads were stopped: 0.0007546 seconds, Stopping threads took: 0.0000208 seconds
31.599: [GC (Allocation Failure)  79477K->629K(421376K), 0.0004748 secs]
31.600: Total time for which application threads were stopped: 0.0006435 seconds, Stopping threads took: 0.0000563 seconds
31.648: [GC (Allocation Failure)  78453K->629K(420352K), 0.0004895 secs]
31.649: Total time for which application threads were stopped: 0.0006143 seconds, Stopping threads took: 0.0000208 seconds
31.696: [GC (Allocation Failure)  77429K->629K(419328K), 0.0005801 secs]
31.697: Total time for which application threads were stopped: 0.0007203 seconds, Stopping threads took: 0.0000205 seconds
31.744: [GC (Allocation Failure)  76405K->629K(418304K), 0.0006126 secs]
31.745: Total time for which application threads were stopped: 0.0007442 seconds, Stopping threads took: 0.0000195 seconds
31.794: [GC (Allocation Failure)  75381K->693K(417280K), 0.0004809 secs]
31.794: Total time for which application threads were stopped: 0.0006361 seconds, Stopping threads took: 0.0000303 seconds
31.847: [GC (Allocation Failure)  74421K->629K(416256K), 0.0005808 secs]
31.848: Total time for which application threads were stopped: 0.0007192 seconds, Stopping threads took: 0.0000223 seconds
31.896: [GC (Allocation Failure)  73333K->629K(415232K), 0.0005025 secs]
31.897: Total time for which application threads were stopped: 0.0006273 seconds, Stopping threads took: 0.0000201 seconds
31.941: [GC (Allocation Failure)  72309K->661K(414208K), 0.0005600 secs]
31.942: Total time for which application threads were stopped: 0.0007007 seconds, Stopping threads took: 0.0000289 seconds
31.985: [GC (Allocation Failure)  71317K->661K(413184K), 0.0005213 secs]
31.986: Total time for which application threads were stopped: 0.0006699 seconds, Stopping threads took: 0.0000298 seconds
32.029: [GC (Allocation Failure)  70293K->629K(412160K), 0.0005433 secs]
32.029: Total time for which application threads were stopped: 0.0006628 seconds, Stopping threads took: 0.0000194 seconds
32.077: [GC (Allocation Failure)  69237K->629K(411136K), 0.0005399 secs]
32.078: Total time for which application threads were stopped: 0.0006746 seconds, Stopping threads took: 0.0000201 seconds
32.126: [GC (Allocation Failure)  68213K->629K(410112K), 0.0004335 secs]
32.126: Total time for which application threads were stopped: 0.0005425 seconds, Stopping threads took: 0.0000251 seconds
32.167: [GC (Allocation Failure)  67189K->725K(409088K), 0.0004671 secs]
32.168: Total time for which application threads were stopped: 0.0005756 seconds, Stopping threads took: 0.0000176 seconds
32.214: [GC (Allocation Failure)  66261K->693K(408064K), 0.0004337 secs]
32.214: Total time for which application threads were stopped: 0.0005327 seconds, Stopping threads took: 0.0000171 seconds
32.254: [GC (Allocation Failure)  65205K->693K(407040K), 0.0005461 secs]
32.255: Total time for which application threads were stopped: 0.0006543 seconds, Stopping threads took: 0.0000176 seconds
32.300: [GC (Allocation Failure)  64181K->629K(406016K), 0.0004345 secs]
32.300: Total time for which application threads were stopped: 0.0005427 seconds, Stopping threads took: 0.0000168 seconds
32.339: [GC (Allocation Failure)  63093K->629K(418816K), 0.0006030 secs]
32.339: Total time for which application threads were stopped: 0.0007307 seconds, Stopping threads took: 0.0000281 seconds
32.390: [GC (Allocation Failure)  75893K->661K(417792K), 0.0004851 secs]
32.390: Total time for which application threads were stopped: 0.0006104 seconds, Stopping threads took: 0.0000268 seconds
32.436: [GC (Allocation Failure)  74901K->597K(432640K), 0.0006618 secs]
32.437: Total time for which application threads were stopped: 0.0008018 seconds, Stopping threads took: 0.0000207 seconds
32.498: [GC (Allocation Failure)  89685K->693K(431104K), 0.0004946 secs]
32.498: Total time for which application threads were stopped: 0.0006209 seconds, Stopping threads took: 0.0000213 seconds
32.553: [GC (Allocation Failure)  88245K->629K(429568K), 0.0005522 secs]
32.553: Total time for which application threads were stopped: 0.0006806 seconds, Stopping threads took: 0.0000283 seconds
32.607: [GC (Allocation Failure)  86645K->629K(428032K), 0.0003930 secs]
32.607: Total time for which application threads were stopped: 0.0005373 seconds, Stopping threads took: 0.0000257 seconds
32.664: [GC (Allocation Failure)  85109K->661K(426496K), 0.0005035 secs]
32.664: Total time for which application threads were stopped: 0.0006307 seconds, Stopping threads took: 0.0000198 seconds
32.715: [GC (Allocation Failure)  83605K->661K(424960K), 0.0004984 secs]
32.716: Total time for which application threads were stopped: 0.0006431 seconds, Stopping threads took: 0.0000214 seconds
32.771: [GC (Allocation Failure)  82069K->629K(423424K), 0.0004547 secs]
32.771: Total time for which application threads were stopped: 0.0005700 seconds, Stopping threads took: 0.0000190 seconds
32.820: [GC (Allocation Failure)  80501K->597K(422400K), 0.0008051 secs]
32.821: Total time for which application threads were stopped: 0.0009448 seconds, Stopping threads took: 0.0000276 seconds
32.870: [GC (Allocation Failure)  79445K->661K(438272K), 0.0007307 secs]
32.871: Total time for which application threads were stopped: 0.0008560 seconds, Stopping threads took: 0.0000272 seconds
32.929: [GC (Allocation Failure)  95381K->693K(457216K), 0.0006641 secs]
32.930: Total time for which application threads were stopped: 0.0008002 seconds, Stopping threads took: 0.0000213 seconds
33.005: [GC (Allocation Failure)  114357K->693K(454656K), 0.0005049 secs]
33.006: Total time for which application threads were stopped: 0.0006262 seconds, Stopping threads took: 0.0000198 seconds
33.075: [GC (Allocation Failure)  111797K->661K(452096K), 0.0006087 secs]
33.075: Total time for which application threads were stopped: 0.0007354 seconds, Stopping threads took: 0.0000195 seconds
33.144: [GC (Allocation Failure)  109205K->725K(450048K), 0.0006460 secs]
33.144: Total time for which application threads were stopped: 0.0007854 seconds, Stopping threads took: 0.0000204 seconds
33.210: [GC (Allocation Failure)  107221K->693K(448000K), 0.0006409 secs]
33.211: Total time for which application threads were stopped: 0.0007949 seconds, Stopping threads took: 0.0000290 seconds
33.275: [GC (Allocation Failure)  105141K->629K(445952K), 0.0007232 secs]
33.276: Total time for which application threads were stopped: 0.0008673 seconds, Stopping threads took: 0.0000222 seconds
33.340: [GC (Allocation Failure)  103029K->693K(443904K), 0.0005010 secs]
33.340: Total time for which application threads were stopped: 0.0006315 seconds, Stopping threads took: 0.0000208 seconds
33.402: [GC (Allocation Failure)  101045K->661K(441856K), 0.0004712 secs]
33.403: Total time for which application threads were stopped: 0.0005933 seconds, Stopping threads took: 0.0000197 seconds
33.464: [GC (Allocation Failure)  98965K->661K(439808K), 0.0005421 secs]
33.464: Total time for which application threads were stopped: 0.0006704 seconds, Stopping threads took: 0.0000194 seconds
33.524: [GC (Allocation Failure)  96917K->661K(437760K), 0.0004882 secs]
33.524: Total time for which application threads were stopped: 0.0006069 seconds, Stopping threads took: 0.0000192 seconds
33.588: [GC (Allocation Failure)  94869K->629K(436224K), 0.0006650 secs]
33.589: Total time for which application threads were stopped: 0.0007957 seconds, Stopping threads took: 0.0000278 seconds
33.648: [GC (Allocation Failure)  93301K->693K(434688K), 0.0005654 secs]
33.649: Total time for which application threads were stopped: 0.0007054 seconds, Stopping threads took: 0.0000268 seconds
33.711: [GC (Allocation Failure)  91829K->661K(433152K), 0.0004114 secs]
33.711: Total time for which application threads were stopped: 0.0005196 seconds, Stopping threads took: 0.0000172 seconds
33.770: [GC (Allocation Failure)  90261K->629K(431616K), 0.0004812 secs]
33.770: Total time for which application threads were stopped: 0.0007393 seconds, Stopping threads took: 0.0000196 seconds
33.824: [GC (Allocation Failure)  88693K->661K(430080K), 0.0004608 secs]
33.825: Total time for which application threads were stopped: 0.0005851 seconds, Stopping threads took: 0.0000277 seconds
33.878: [GC (Allocation Failure)  87189K->693K(428544K), 0.0004758 secs]
33.879: Total time for which application threads were stopped: 0.0005962 seconds, Stopping threads took: 0.0000194 seconds
33.931: [GC (Allocation Failure)  85685K->629K(427008K), 0.0004768 secs]
33.931: Total time for which application threads were stopped: 0.0006034 seconds, Stopping threads took: 0.0000194 seconds
33.989: [GC (Allocation Failure)  84085K->629K(425472K), 0.0005416 secs]
33.989: Total time for which application threads were stopped: 0.0006482 seconds, Stopping threads took: 0.0000192 seconds
34.045: [GC (Allocation Failure)  82549K->693K(423936K), 0.0004392 secs]
34.045: Total time for which application threads were stopped: 0.0005486 seconds, Stopping threads took: 0.0000166 seconds
34.095: [GC (Allocation Failure)  81077K->661K(422400K), 0.0005267 secs]
34.095: Total time for which application threads were stopped: 0.0006404 seconds, Stopping threads took: 0.0000243 seconds
34.145: [GC (Allocation Failure)  79509K->629K(421376K), 0.0005907 secs]
34.146: Total time for which application threads were stopped: 0.0007090 seconds, Stopping threads took: 0.0000193 seconds
34.193: [GC (Allocation Failure)  78453K->725K(420352K), 0.0005345 secs]
34.194: Total time for which application threads were stopped: 0.0006537 seconds, Stopping threads took: 0.0000197 seconds
34.241: [GC (Allocation Failure)  77525K->629K(419328K), 0.0005697 secs]
34.242: Total time for which application threads were stopped: 0.0006963 seconds, Stopping threads took: 0.0000271 seconds
34.293: [GC (Allocation Failure)  76405K->661K(418304K), 0.0004672 secs]
34.293: Total time for which application threads were stopped: 0.0005876 seconds, Stopping threads took: 0.0000198 seconds
34.339: [GC (Allocation Failure)  75413K->661K(417280K), 0.0005255 secs]
34.340: Total time for which application threads were stopped: 0.0006515 seconds, Stopping threads took: 0.0000275 seconds
34.390: [GC (Allocation Failure)  74389K->661K(416256K), 0.0005302 secs]
34.390: Total time for which application threads were stopped: 0.0006565 seconds, Stopping threads took: 0.0000280 seconds
34.435: [GC (Allocation Failure)  73365K->661K(415232K), 0.0004751 secs]
34.435: Total time for which application threads were stopped: 0.0005909 seconds, Stopping threads took: 0.0000187 seconds
34.479: [GC (Allocation Failure)  72341K->661K(414208K), 0.0005086 secs]
34.480: Total time for which application threads were stopped: 0.0006306 seconds, Stopping threads took: 0.0000194 seconds
34.524: [GC (Allocation Failure)  71317K->629K(413184K), 0.0006238 secs]
34.524: Total time for which application threads were stopped: 0.0007476 seconds, Stopping threads took: 0.0000274 seconds
34.567: [GC (Allocation Failure)  70261K->629K(412160K), 0.0004642 secs]
34.568: Total time for which application threads were stopped: 0.0005793 seconds, Stopping threads took: 0.0000191 seconds
34.617: [GC (Allocation Failure)  69237K->629K(411136K), 0.0004756 secs]
34.618: Total time for which application threads were stopped: 0.0006072 seconds, Stopping threads took: 0.0000267 seconds
34.660: [GC (Allocation Failure)  68213K->693K(410112K), 0.0005048 secs]
34.661: Total time for which application threads were stopped: 0.0006354 seconds, Stopping threads took: 0.0000257 seconds
34.702: [GC (Allocation Failure)  67253K->693K(409088K), 0.0005089 secs]
34.702: Total time for which application threads were stopped: 0.0006416 seconds, Stopping threads took: 0.0000209 seconds
34.743: [GC (Allocation Failure)  66229K->725K(422400K), 0.0005370 secs]
34.744: Total time for which application threads were stopped: 0.0007132 seconds, Stopping threads took: 0.0000286 seconds
34.792: [GC (Allocation Failure)  79573K->629K(438272K), 0.0005938 secs]
34.793: Total time for which application threads were stopped: 0.0007564 seconds, Stopping threads took: 0.0000304 seconds
34.857: [GC (Allocation Failure)  95349K->629K(436736K), 0.0006305 secs]
34.857: Total time for which application threads were stopped: 0.0007878 seconds, Stopping threads took: 0.0000229 seconds
34.919: [GC (Allocation Failure)  93813K->661K(435200K), 0.0005390 secs]
34.919: Total time for which application threads were stopped: 0.0006845 seconds, Stopping threads took: 0.0000220 seconds
34.976: [GC (Allocation Failure)  92309K->629K(433664K), 0.0005477 secs]
34.977: Total time for which application threads were stopped: 0.0006993 seconds, Stopping threads took: 0.0000225 seconds
35.032: [GC (Allocation Failure)  90741K->661K(432128K), 0.0005892 secs]
35.033: Total time for which application threads were stopped: 0.0007270 seconds, Stopping threads took: 0.0000307 seconds
35.092: [GC (Allocation Failure)  89237K->661K(430592K), 0.0005879 secs]
35.093: Total time for which application threads were stopped: 0.0007039 seconds, Stopping threads took: 0.0000196 seconds
35.148: [GC (Allocation Failure)  87701K->629K(429056K), 0.0007186 secs]
35.148: Total time for which application threads were stopped: 0.0008885 seconds, Stopping threads took: 0.0000196 seconds
35.201: [GC (Allocation Failure)  86133K->661K(427520K), 0.0004679 secs]
35.202: Total time for which application threads were stopped: 0.0005847 seconds, Stopping threads took: 0.0000192 seconds
35.258: [GC (Allocation Failure)  84629K->661K(425984K), 0.0005217 secs]
35.258: Total time for which application threads were stopped: 0.0006477 seconds, Stopping threads took: 0.0000272 seconds
35.313: [GC (Allocation Failure)  83093K->661K(424448K), 0.0004934 secs]
35.314: Total time for which application threads were stopped: 0.0006217 seconds, Stopping threads took: 0.0000279 seconds
35.363: [GC (Allocation Failure)  81557K->629K(422912K), 0.0004679 secs]
35.364: Total time for which application threads were stopped: 0.0005866 seconds, Stopping threads took: 0.0000198 seconds
35.413: [GC (Allocation Failure)  79989K->565K(421888K), 0.0006406 secs]
35.414: Total time for which application threads were stopped: 0.0007632 seconds, Stopping threads took: 0.0000277 seconds
35.462: [GC (Allocation Failure)  78901K->629K(420864K), 0.0006037 secs]
35.463: Total time for which application threads were stopped: 0.0007201 seconds, Stopping threads took: 0.0000166 seconds
35.510: [GC (Allocation Failure)  77941K->629K(419840K), 0.0005331 secs]
35.511: Total time for which application threads were stopped: 0.0006816 seconds, Stopping threads took: 0.0000293 seconds
35.564: [GC (Allocation Failure)  76917K->629K(418816K), 0.0005041 secs]
35.565: Total time for which application threads were stopped: 0.0006331 seconds, Stopping threads took: 0.0000286 seconds
35.612: [GC (Allocation Failure)  75893K->693K(417792K), 0.0004242 secs]
35.613: Total time for which application threads were stopped: 0.0005580 seconds, Stopping threads took: 0.0000198 seconds
35.664: [GC (Allocation Failure)  74933K->725K(416768K), 0.0004829 secs]
35.665: Total time for which application threads were stopped: 0.0006081 seconds, Stopping threads took: 0.0000209 seconds
35.710: [GC (Allocation Failure)  73941K->597K(415744K), 0.0004606 secs]
35.710: Total time for which application threads were stopped: 0.0005842 seconds, Stopping threads took: 0.0000269 seconds
35.760: [GC (Allocation Failure)  72789K->693K(414720K), 0.0005500 secs]
35.760: Total time for which application threads were stopped: 0.0006661 seconds, Stopping threads took: 0.0000187 seconds
35.810: [GC (Allocation Failure)  71861K->661K(413696K), 0.0005022 secs]
35.810: Total time for which application threads were stopped: 0.0006247 seconds, Stopping threads took: 0.0000266 seconds
35.854: [GC (Allocation Failure)  70805K->597K(412672K), 0.0006151 secs]
35.854: Total time for which application threads were stopped: 0.0007418 seconds, Stopping threads took: 0.0000270 seconds
35.897: [GC (Allocation Failure)  69717K->661K(426496K), 0.0006121 secs]
35.898: Total time for which application threads were stopped: 0.0007327 seconds, Stopping threads took: 0.0000198 seconds
35.952: [GC (Allocation Failure)  83605K->661K(424960K), 0.0005517 secs]
35.953: Total time for which application threads were stopped: 0.0006771 seconds, Stopping threads took: 0.0000281 seconds
36.009: [GC (Allocation Failure)  82069K->629K(423424K), 0.0005926 secs]
36.009: Total time for which application threads were stopped: 0.0007252 seconds, Stopping threads took: 0.0000200 seconds
36.058: [GC (Allocation Failure)  80501K->597K(422400K), 0.0006160 secs]
36.059: Total time for which application threads were stopped: 0.0007673 seconds, Stopping threads took: 0.0000301 seconds
36.108: [GC (Allocation Failure)  79445K->661K(421376K), 0.0004275 secs]
36.109: Total time for which application threads were stopped: 0.0005327 seconds, Stopping threads took: 0.0000251 seconds
36.157: [GC (Allocation Failure)  78485K->629K(420352K), 0.0004899 secs]
36.158: Total time for which application threads were stopped: 0.0006571 seconds, Stopping threads took: 0.0000286 seconds
36.205: [GC (Allocation Failure)  77429K->661K(419328K), 0.0005091 secs]
36.206: Total time for which application threads were stopped: 0.0006843 seconds, Stopping threads took: 0.0000302 seconds
36.252: [GC (Allocation Failure)  76437K->693K(418304K), 0.0004991 secs]
36.253: Total time for which application threads were stopped: 0.0006306 seconds, Stopping threads took: 0.0000226 seconds
36.299: [GC (Allocation Failure)  75445K->597K(417280K), 0.0004793 secs]
36.300: Total time for which application threads were stopped: 0.0006167 seconds, Stopping threads took: 0.0000186 seconds
36.350: [GC (Allocation Failure)  74325K->661K(416256K), 0.0005353 secs]
36.350: Total time for which application threads were stopped: 0.0006702 seconds, Stopping threads took: 0.0000212 seconds
36.396: [GC (Allocation Failure)  73365K->661K(415232K), 0.0005797 secs]
36.396: Total time for which application threads were stopped: 0.0007202 seconds, Stopping threads took: 0.0000215 seconds
36.441: [GC (Allocation Failure)  72341K->693K(414208K), 0.0004827 secs]
36.441: Total time for which application threads were stopped: 0.0006023 seconds, Stopping threads took: 0.0000199 seconds
36.485: [GC (Allocation Failure)  71349K->629K(413184K), 0.0004823 secs]
36.486: Total time for which application threads were stopped: 0.0006270 seconds, Stopping threads took: 0.0000218 seconds
36.534: [GC (Allocation Failure)  70261K->693K(412160K), 0.0004930 secs]
36.535: Total time for which application threads were stopped: 0.0006239 seconds, Stopping threads took: 0.0000211 seconds
36.577: [GC (Allocation Failure)  69301K->629K(411136K), 0.0004849 secs]
36.578: Total time for which application threads were stopped: 0.0006233 seconds, Stopping threads took: 0.0000287 seconds
36.625: [GC (Allocation Failure)  68213K->661K(410112K), 0.0005280 secs]
36.626: Total time for which application threads were stopped: 0.0006677 seconds, Stopping threads took: 0.0000207 seconds
36.670: [GC (Allocation Failure)  67221K->661K(409088K), 0.0004271 secs]
36.670: Total time for which application threads were stopped: 0.0005370 seconds, Stopping threads took: 0.0000165 seconds
36.711: [GC (Allocation Failure)  66197K->629K(408064K), 0.0004957 secs]
36.712: Total time for which application threads were stopped: 0.0006233 seconds, Stopping threads took: 0.0000306 seconds
36.755: [GC (Allocation Failure)  65141K->597K(407040K), 0.0005738 secs]
36.756: Total time for which application threads were stopped: 0.0007011 seconds, Stopping threads took: 0.0000278 seconds
36.802: [GC (Allocation Failure)  64085K->693K(406016K), 0.0004688 secs]
36.802: Total time for which application threads were stopped: 0.0005869 seconds, Stopping threads took: 0.0000193 seconds
36.841: [GC (Allocation Failure)  63157K->661K(405504K), 0.0004999 secs]
36.842: Total time for which application threads were stopped: 0.0006336 seconds, Stopping threads took: 0.0000278 seconds
36.880: [GC (Allocation Failure)  62613K->661K(418304K), 0.0005090 secs]
36.880: Total time for which application threads were stopped: 0.0006462 seconds, Stopping threads took: 0.0000220 seconds
36.930: [GC (Allocation Failure)  75413K->693K(417280K), 0.0005515 secs]
36.931: Total time for which application threads were stopped: 0.0006714 seconds, Stopping threads took: 0.0000200 seconds
36.976: [GC (Allocation Failure)  74421K->693K(416256K), 0.0004952 secs]
36.977: Total time for which application threads were stopped: 0.0006411 seconds, Stopping threads took: 0.0000296 seconds
37.022: [GC (Allocation Failure)  73397K->725K(415232K), 0.0004844 secs]
37.022: Total time for which application threads were stopped: 0.0006181 seconds, Stopping threads took: 0.0000292 seconds
37.069: [GC (Allocation Failure)  72405K->629K(414208K), 0.0005912 secs]
37.070: Total time for which application threads were stopped: 0.0007050 seconds, Stopping threads took: 0.0000169 seconds
37.115: [GC (Allocation Failure)  71285K->565K(428544K), 0.0008122 secs]
37.116: Total time for which application threads were stopped: 0.0009366 seconds, Stopping threads took: 0.0000180 seconds
37.169: [GC (Allocation Failure)  85557K->629K(445952K), 0.0004759 secs]
37.169: Total time for which application threads were stopped: 0.0006135 seconds, Stopping threads took: 0.0000168 seconds
37.233: [GC (Allocation Failure)  103029K->661K(443904K), 0.0004445 secs]
37.233: Total time for which application threads were stopped: 0.0005637 seconds, Stopping threads took: 0.0000190 seconds
37.295: [GC (Allocation Failure)  101013K->629K(441856K), 0.0005428 secs]
37.296: Total time for which application threads were stopped: 0.0006865 seconds, Stopping threads took: 0.0000208 seconds
37.362: [GC (Allocation Failure)  98933K->629K(439808K), 0.0006383 secs]
37.363: Total time for which application threads were stopped: 0.0007677 seconds, Stopping threads took: 0.0000221 seconds
37.427: [GC (Allocation Failure)  96885K->693K(437760K), 0.0006203 secs]
37.427: Total time for which application threads were stopped: 0.0007363 seconds, Stopping threads took: 0.0000194 seconds
37.485: [GC (Allocation Failure)  94901K->629K(436224K), 0.0005102 secs]
37.486: Total time for which application threads were stopped: 0.0006273 seconds, Stopping threads took: 0.0000170 seconds
37.543: [GC (Allocation Failure)  93301K->629K(434688K), 0.0005827 secs]
37.543: Total time for which application threads were stopped: 0.0006902 seconds, Stopping threads took: 0.0000171 seconds
37.600: [GC (Allocation Failure)  91765K->629K(433152K), 0.0004446 secs]
37.600: Total time for which application threads were stopped: 0.0005622 seconds, Stopping threads took: 0.0000163 seconds
37.656: [GC (Allocation Failure)  90229K->597K(431616K), 0.0005731 secs]
37.656: Total time for which application threads were stopped: 0.0006971 seconds, Stopping threads took: 0.0000276 seconds
37.714: [GC (Allocation Failure)  88661K->693K(430080K), 0.0004186 secs]
37.714: Total time for which application threads were stopped: 0.0005258 seconds, Stopping threads took: 0.0000170 seconds
37.768: [GC (Allocation Failure)  87221K->629K(428544K), 0.0005553 secs]
37.768: Total time for which application threads were stopped: 0.0006645 seconds, Stopping threads took: 0.0000169 seconds
37.821: [GC (Allocation Failure)  85621K->661K(427008K), 0.0004927 secs]
37.822: Total time for which application threads were stopped: 0.0006117 seconds, Stopping threads took: 0.0000193 seconds
37.873: [GC (Allocation Failure)  84117K->693K(425472K), 0.0004750 secs]
37.874: Total time for which application threads were stopped: 0.0006105 seconds, Stopping threads took: 0.0000224 seconds
37.925: [GC (Allocation Failure)  82613K->661K(423936K), 0.0005459 secs]
37.925: Total time for which application threads were stopped: 0.0006886 seconds, Stopping threads took: 0.0000296 seconds
37.975: [GC (Allocation Failure)  81045K->661K(422400K), 0.0004855 secs]
37.976: Total time for which application threads were stopped: 0.0006320 seconds, Stopping threads took: 0.0000225 seconds
38.025: [GC (Allocation Failure)  79509K->629K(421376K), 0.0005851 secs]
38.025: Total time for which application threads were stopped: 0.0007246 seconds, Stopping threads took: 0.0000220 seconds
38.074: [GC (Allocation Failure)  78453K->693K(420352K), 0.0005514 secs]
38.074: Total time for which application threads were stopped: 0.0006735 seconds, Stopping threads took: 0.0000202 seconds
38.123: [GC (Allocation Failure)  77493K->661K(419328K), 0.0005164 secs]
38.124: Total time for which application threads were stopped: 0.0006524 seconds, Stopping threads took: 0.0000193 seconds
38.176: [GC (Allocation Failure)  76437K->693K(418304K), 0.0004778 secs]
38.177: Total time for which application threads were stopped: 0.0006003 seconds, Stopping threads took: 0.0000209 seconds
38.226: [GC (Allocation Failure)  75445K->693K(417280K), 0.0004861 secs]
38.227: Total time for which application threads were stopped: 0.0005948 seconds, Stopping threads took: 0.0000172 seconds
38.279: [GC (Allocation Failure)  74421K->629K(416256K), 0.0005183 secs]
38.279: Total time for which application threads were stopped: 0.0006263 seconds, Stopping threads took: 0.0000168 seconds
38.324: [GC (Allocation Failure)  73333K->661K(415232K), 0.0005507 secs]
38.325: Total time for which application threads were stopped: 0.0006773 seconds, Stopping threads took: 0.0000278 seconds
38.374: [GC (Allocation Failure)  72341K->629K(414208K), 0.0004466 secs]
38.375: Total time for which application threads were stopped: 0.0005681 seconds, Stopping threads took: 0.0000192 seconds
38.418: [GC (Allocation Failure)  71285K->661K(413184K), 0.0004728 secs]
38.419: Total time for which application threads were stopped: 0.0006002 seconds, Stopping threads took: 0.0000271 seconds
38.462: [GC (Allocation Failure)  70293K->629K(412160K), 0.0004793 secs]
38.462: Total time for which application threads were stopped: 0.0006079 seconds, Stopping threads took: 0.0000273 seconds
38.509: [GC (Allocation Failure)  69237K->661K(411136K), 0.0004666 secs]
38.510: Total time for which application threads were stopped: 0.0005860 seconds, Stopping threads took: 0.0000197 seconds
38.552: [GC (Allocation Failure)  68245K->661K(410112K), 0.0004434 secs]
38.552: Total time for which application threads were stopped: 0.0005592 seconds, Stopping threads took: 0.0000174 seconds
38.593: [GC (Allocation Failure)  67221K->661K(409088K), 0.0005038 secs]
38.594: Total time for which application threads were stopped: 0.0006362 seconds, Stopping threads took: 0.0000211 seconds
38.635: [GC (Allocation Failure)  66197K->629K(408064K), 0.0004401 secs]
38.636: Total time for which application threads were stopped: 0.0005652 seconds, Stopping threads took: 0.0000267 seconds
38.676: [GC (Allocation Failure)  65141K->661K(407040K), 0.0005834 secs]
38.676: Total time for which application threads were stopped: 0.0007225 seconds, Stopping threads took: 0.0000206 seconds
38.721: [GC (Allocation Failure)  64149K->661K(406016K), 0.0005183 secs]
38.722: Total time for which application threads were stopped: 0.0006572 seconds, Stopping threads took: 0.0000253 seconds
38.765: [GC (Allocation Failure)  63125K->661K(405504K), 0.0005213 secs]
38.766: Total time for which application threads were stopped: 0.0006671 seconds, Stopping threads took: 0.0000214 seconds
38.808: [GC (Allocation Failure)  62613K->597K(404992K), 0.0004455 secs]
38.808: Total time for which application threads were stopped: 0.0005685 seconds, Stopping threads took: 0.0000218 seconds
38.846: [GC (Allocation Failure)  62037K->629K(404480K), 0.0004705 secs]
38.847: Total time for which application threads were stopped: 0.0005797 seconds, Stopping threads took: 0.0000169 seconds
38.884: [GC (Allocation Failure)  61557K->661K(416768K), 0.0005300 secs]
38.885: Total time for which application threads were stopped: 0.0006583 seconds, Stopping threads took: 0.0000276 seconds
38.930: [GC (Allocation Failure)  73877K->629K(431616K), 0.0006010 secs]
38.931: Total time for which application threads were stopped: 0.0007475 seconds, Stopping threads took: 0.0000217 seconds
38.989: [GC (Allocation Failure)  88693K->661K(430080K), 0.0005660 secs]
38.990: Total time for which application threads were stopped: 0.0007143 seconds, Stopping threads took: 0.0000299 seconds
39.043: [GC (Allocation Failure)  87189K->725K(428544K), 0.0005253 secs]
39.044: Total time for which application threads were stopped: 0.0006725 seconds, Stopping threads took: 0.0000223 seconds
39.103: [GC (Allocation Failure)  85717K->597K(427008K), 0.0005132 secs]
39.103: Total time for which application threads were stopped: 0.0006378 seconds, Stopping threads took: 0.0000242 seconds
39.156: [GC (Allocation Failure)  84053K->693K(443904K), 0.0007779 secs]
39.157: Total time for which application threads were stopped: 0.0009010 seconds, Stopping threads took: 0.0000194 seconds
39.219: [GC (Allocation Failure)  101045K->597K(441856K), 0.0004668 secs]
39.219: Total time for which application threads were stopped: 0.0006033 seconds, Stopping threads took: 0.0000188 seconds
39.279: [GC (Allocation Failure)  98901K->597K(439808K), 0.0004855 secs]
39.280: Total time for which application threads were stopped: 0.0006056 seconds, Stopping threads took: 0.0000197 seconds
39.339: [GC (Allocation Failure)  96853K->661K(437760K), 0.0006384 secs]
39.340: Total time for which application threads were stopped: 0.0007708 seconds, Stopping threads took: 0.0000209 seconds
39.398: [GC (Allocation Failure)  94869K->629K(436224K), 0.0005301 secs]
39.398: Total time for which application threads were stopped: 0.0006787 seconds, Stopping threads took: 0.0000219 seconds
39.460: [GC (Allocation Failure)  93301K->661K(434688K), 0.0004298 secs]
39.461: Total time for which application threads were stopped: 0.0005359 seconds, Stopping threads took: 0.0000192 seconds
39.521: [GC (Allocation Failure)  91797K->629K(433152K), 0.0004921 secs]
39.521: Total time for which application threads were stopped: 0.0006108 seconds, Stopping threads took: 0.0000192 seconds
39.576: [GC (Allocation Failure)  90229K->629K(431616K), 0.0004786 secs]
39.577: Total time for which application threads were stopped: 0.0005963 seconds, Stopping threads took: 0.0000194 seconds
39.632: [GC (Allocation Failure)  88693K->661K(430080K), 0.0005467 secs]
39.632: Total time for which application threads were stopped: 0.0006677 seconds, Stopping threads took: 0.0000200 seconds
39.685: [GC (Allocation Failure)  87189K->661K(428544K), 0.0005600 secs]
39.686: Total time for which application threads were stopped: 0.0006798 seconds, Stopping threads took: 0.0000196 seconds
39.738: [GC (Allocation Failure)  85653K->661K(427008K), 0.0006009 secs]
39.739: Total time for which application threads were stopped: 0.0007155 seconds, Stopping threads took: 0.0000193 seconds
39.794: [GC (Allocation Failure)  84117K->661K(425472K), 0.0005361 secs]
39.794: Total time for which application threads were stopped: 0.0006420 seconds, Stopping threads took: 0.0000178 seconds
39.845: [GC (Allocation Failure)  82581K->597K(423936K), 0.0005384 secs]
39.845: Total time for which application threads were stopped: 0.0006655 seconds, Stopping threads took: 0.0000277 seconds
39.901: [GC (Allocation Failure)  80981K->661K(422400K), 0.0005313 secs]
39.901: Total time for which application threads were stopped: 0.0006596 seconds, Stopping threads took: 0.0000195 seconds
39.950: [GC (Allocation Failure)  79509K->661K(421376K), 0.0005222 secs]
39.950: Total time for which application threads were stopped: 0.0006557 seconds, Stopping threads took: 0.0000209 seconds
39.998: [GC (Allocation Failure)  78485K->693K(420352K), 0.0004929 secs]
39.999: Total time for which application threads were stopped: 0.0006151 seconds, Stopping threads took: 0.0000206 seconds
40.046: [GC (Allocation Failure)  77493K->629K(419328K), 0.0005304 secs]
40.047: Total time for which application threads were stopped: 0.0006730 seconds, Stopping threads took: 0.0000215 seconds
40.093: [GC (Allocation Failure)  76405K->693K(418304K), 0.0004870 secs]
40.094: Total time for which application threads were stopped: 0.0006195 seconds, Stopping threads took: 0.0000214 seconds
40.142: [GC (Allocation Failure)  75445K->693K(417280K), 0.0005993 secs]
40.142: Total time for which application threads were stopped: 0.0007195 seconds, Stopping threads took: 0.0000194 seconds
40.188: [GC (Allocation Failure)  74421K->629K(416256K), 0.0004929 secs]
40.189: Total time for which application threads were stopped: 0.0006310 seconds, Stopping threads took: 0.0000206 seconds
40.234: [GC (Allocation Failure)  73333K->629K(415232K), 0.0004835 secs]
40.235: Total time for which application threads were stopped: 0.0006237 seconds, Stopping threads took: 0.0000212 seconds
40.279: [GC (Allocation Failure)  72309K->597K(414208K), 0.0005432 secs]
40.280: Total time for which application threads were stopped: 0.0007093 seconds, Stopping threads took: 0.0000222 seconds
40.329: [GC (Allocation Failure)  71253K->661K(413184K), 0.0005266 secs]
40.330: Total time for which application threads were stopped: 0.0006666 seconds, Stopping threads took: 0.0000318 seconds
40.378: [GC (Allocation Failure)  70293K->661K(412160K), 0.0004980 secs]
40.378: Total time for which application threads were stopped: 0.0006069 seconds, Stopping threads took: 0.0000169 seconds
40.421: [GC (Allocation Failure)  69269K->693K(411136K), 0.0006108 secs]
40.422: Total time for which application threads were stopped: 0.0007390 seconds, Stopping threads took: 0.0000276 seconds
40.463: [GC (Allocation Failure)  68277K->661K(424960K), 0.0005818 secs]
40.464: Total time for which application threads were stopped: 0.0007004 seconds, Stopping threads took: 0.0000186 seconds
40.519: [GC (Allocation Failure)  82069K->661K(423424K), 0.0004918 secs]
40.520: Total time for which application threads were stopped: 0.0006219 seconds, Stopping threads took: 0.0000211 seconds
40.569: [GC (Allocation Failure)  80533K->629K(439808K), 0.0009221 secs]
40.570: Total time for which application threads were stopped: 0.0010469 seconds, Stopping threads took: 0.0000201 seconds
40.635: [GC (Allocation Failure)  96885K->629K(437760K), 0.0004391 secs]
40.635: Total time for which application threads were stopped: 0.0005662 seconds, Stopping threads took: 0.0000196 seconds
40.694: [GC (Allocation Failure)  94837K->693K(436224K), 0.0004257 secs]
40.694: Total time for which application threads were stopped: 0.0005358 seconds, Stopping threads took: 0.0000200 seconds
40.756: [GC (Allocation Failure)  93365K->629K(434688K), 0.0004004 secs]
40.757: Total time for which application threads were stopped: 0.0005083 seconds, Stopping threads took: 0.0000171 seconds
40.812: [GC (Allocation Failure)  91765K->597K(433152K), 0.0006125 secs]
40.813: Total time for which application threads were stopped: 0.0007332 seconds, Stopping threads took: 0.0000196 seconds
40.874: [GC (Allocation Failure)  90197K->693K(431616K), 0.0006479 secs]
40.875: Total time for which application threads were stopped: 0.0007718 seconds, Stopping threads took: 0.0000265 seconds
40.934: [GC (Allocation Failure)  88757K->661K(430080K), 0.0004751 secs]
40.934: Total time for which application threads were stopped: 0.0005969 seconds, Stopping threads took: 0.0000195 seconds
40.992: [GC (Allocation Failure)  87189K->597K(428544K), 0.0005253 secs]
40.993: Total time for which application threads were stopped: 0.0006526 seconds, Stopping threads took: 0.0000282 seconds
41.049: [GC (Allocation Failure)  85589K->693K(427008K), 0.0006081 secs]
41.050: Total time for which application threads were stopped: 0.0007276 seconds, Stopping threads took: 0.0000199 seconds
41.102: [GC (Allocation Failure)  84149K->629K(425472K), 0.0005464 secs]
41.102: Total time for which application threads were stopped: 0.0006717 seconds, Stopping threads took: 0.0000262 seconds
41.153: [GC (Allocation Failure)  82549K->661K(423936K), 0.0004550 secs]
41.154: Total time for which application threads were stopped: 0.0005768 seconds, Stopping threads took: 0.0000255 seconds
41.204: [GC (Allocation Failure)  81045K->629K(422400K), 0.0004910 secs]
41.204: Total time for which application threads were stopped: 0.0006161 seconds, Stopping threads took: 0.0000275 seconds
41.256: [GC (Allocation Failure)  79477K->661K(421376K), 0.0006435 secs]
41.257: Total time for which application threads were stopped: 0.0007681 seconds, Stopping threads took: 0.0000272 seconds
41.310: [GC (Allocation Failure)  78485K->661K(420352K), 0.0004813 secs]
41.311: Total time for which application threads were stopped: 0.0005994 seconds, Stopping threads took: 0.0000196 seconds
41.358: [GC (Allocation Failure)  77461K->661K(419328K), 0.0004750 secs]
41.358: Total time for which application threads were stopped: 0.0006019 seconds, Stopping threads took: 0.0000265 seconds
41.405: [GC (Allocation Failure)  76437K->597K(418304K), 0.0006001 secs]
41.406: Total time for which application threads were stopped: 0.0007243 seconds, Stopping threads took: 0.0000275 seconds
41.457: [GC (Allocation Failure)  75349K->661K(417280K), 0.0006229 secs]
41.458: Total time for which application threads were stopped: 0.0007494 seconds, Stopping threads took: 0.0000274 seconds
41.509: [GC (Allocation Failure)  74389K->629K(416256K), 0.0004520 secs]
41.509: Total time for which application threads were stopped: 0.0005719 seconds, Stopping threads took: 0.0000192 seconds
41.554: [GC (Allocation Failure)  73333K->661K(415232K), 0.0004717 secs]
41.554: Total time for which application threads were stopped: 0.0006009 seconds, Stopping threads took: 0.0000285 seconds
41.598: [GC (Allocation Failure)  72341K->629K(414208K), 0.0005054 secs]
41.599: Total time for which application threads were stopped: 0.0006555 seconds, Stopping threads took: 0.0000210 seconds
41.648: [GC (Allocation Failure)  71285K->693K(413184K), 0.0005383 secs]
41.649: Total time for which application threads were stopped: 0.0006858 seconds, Stopping threads took: 0.0000219 seconds
41.692: [GC (Allocation Failure)  70325K->629K(412160K), 0.0006436 secs]
41.693: Total time for which application threads were stopped: 0.0007790 seconds, Stopping threads took: 0.0000230 seconds
41.736: [GC (Allocation Failure)  69237K->629K(425984K), 0.0006084 secs]
41.736: Total time for which application threads were stopped: 0.0007424 seconds, Stopping threads took: 0.0000218 seconds
41.791: [GC (Allocation Failure)  83061K->693K(442880K), 0.0006096 secs]
41.792: Total time for which application threads were stopped: 0.0007345 seconds, Stopping threads took: 0.0000278 seconds
41.853: [GC (Allocation Failure)  100021K->597K(440832K), 0.0006071 secs]
41.854: Total time for which application threads were stopped: 0.0007350 seconds, Stopping threads took: 0.0000189 seconds
41.913: [GC (Allocation Failure)  97877K->629K(438784K), 0.0006015 secs]
41.914: Total time for which application threads were stopped: 0.0007184 seconds, Stopping threads took: 0.0000189 seconds
41.973: [GC (Allocation Failure)  95861K->597K(437248K), 0.0003949 secs]
41.973: Total time for which application threads were stopped: 0.0005227 seconds, Stopping threads took: 0.0000251 seconds
42.036: [GC (Allocation Failure)  94293K->597K(435712K), 0.0006157 secs]
42.037: Total time for which application threads were stopped: 0.0007613 seconds, Stopping threads took: 0.0000278 seconds
42.094: [GC (Allocation Failure)  92757K->629K(454144K), 0.0015582 secs]
42.095: Total time for which application threads were stopped: 0.0016949 seconds, Stopping threads took: 0.0000199 seconds
42.169: [GC (Allocation Failure)  111221K->661K(476672K), 0.0004431 secs]
42.169: Total time for which application threads were stopped: 0.0005629 seconds, Stopping threads took: 0.0000192 seconds
42.256: [GC (Allocation Failure)  133781K->629K(473600K), 0.0003963 secs]
42.256: Total time for which application threads were stopped: 0.0005008 seconds, Stopping threads took: 0.0000171 seconds
42.336: [GC (Allocation Failure)  130677K->629K(470528K), 0.0004253 secs]
42.337: Total time for which application threads were stopped: 0.0005334 seconds, Stopping threads took: 0.0000178 seconds
42.414: [GC (Allocation Failure)  127605K->629K(467456K), 0.0004015 secs]
42.415: Total time for which application threads were stopped: 0.0005072 seconds, Stopping threads took: 0.0000168 seconds
42.491: [GC (Allocation Failure)  124533K->629K(464896K), 0.0005673 secs]
42.491: Total time for which application threads were stopped: 0.0006845 seconds, Stopping threads took: 0.0000166 seconds
42.570: [GC (Allocation Failure)  121973K->629K(462336K), 0.0005600 secs]
42.570: Total time for which application threads were stopped: 0.0006815 seconds, Stopping threads took: 0.0000195 seconds
42.644: [GC (Allocation Failure)  119413K->597K(459776K), 0.0003815 secs]
42.645: Total time for which application threads were stopped: 0.0005183 seconds, Stopping threads took: 0.0000279 seconds
42.720: [GC (Allocation Failure)  116821K->629K(457216K), 0.0004029 secs]
42.720: Total time for which application threads were stopped: 0.0005205 seconds, Stopping threads took: 0.0000259 seconds
42.793: [GC (Allocation Failure)  114293K->693K(454656K), 0.0004557 secs]
42.794: Total time for which application threads were stopped: 0.0005629 seconds, Stopping threads took: 0.0000171 seconds
42.862: [GC (Allocation Failure)  111797K->661K(452096K), 0.0005233 secs]
42.863: Total time for which application threads were stopped: 0.0006397 seconds, Stopping threads took: 0.0000193 seconds
42.935: [GC (Allocation Failure)  109205K->661K(450048K), 0.0004618 secs]
42.935: Total time for which application threads were stopped: 0.0005892 seconds, Stopping threads took: 0.0000282 seconds
43.001: [GC (Allocation Failure)  107157K->661K(448000K), 0.0004754 secs]
43.001: Total time for which application threads were stopped: 0.0005882 seconds, Stopping threads took: 0.0000191 seconds
43.065: [GC (Allocation Failure)  105109K->629K(445952K), 0.0004841 secs]
43.066: Total time for which application threads were stopped: 0.0006029 seconds, Stopping threads took: 0.0000195 seconds
43.135: [GC (Allocation Failure)  103029K->629K(443904K), 0.0004956 secs]
43.135: Total time for which application threads were stopped: 0.0006224 seconds, Stopping threads took: 0.0000274 seconds
43.201: [GC (Allocation Failure)  100981K->661K(441856K), 0.0007877 secs]
43.202: Total time for which application threads were stopped: 0.0009297 seconds, Stopping threads took: 0.0000272 seconds
43.267: [GC (Allocation Failure)  98965K->693K(439808K), 0.0004880 secs]
43.268: Total time for which application threads were stopped: 0.0006067 seconds, Stopping threads took: 0.0000190 seconds
43.327: [GC (Allocation Failure)  96949K->629K(437760K), 0.0004567 secs]
43.327: Total time for which application threads were stopped: 0.0005835 seconds, Stopping threads took: 0.0000270 seconds
43.392: [GC (Allocation Failure)  94837K->693K(436224K), 0.0004782 secs]
43.392: Total time for which application threads were stopped: 0.0005978 seconds, Stopping threads took: 0.0000196 seconds
43.449: [GC (Allocation Failure)  93365K->597K(434688K), 0.0006524 secs]
43.450: Total time for which application threads were stopped: 0.0007894 seconds, Stopping threads took: 0.0000208 seconds
43.511: [GC (Allocation Failure)  91733K->661K(433152K), 0.0005271 secs]
43.512: Total time for which application threads were stopped: 0.0006898 seconds, Stopping threads took: 0.0000291 seconds
43.567: [GC (Allocation Failure)  90261K->693K(431616K), 0.0005305 secs]
43.567: Total time for which application threads were stopped: 0.0006699 seconds, Stopping threads took: 0.0000214 seconds
43.622: [GC (Allocation Failure)  88757K->661K(430080K), 0.0005025 secs]
43.622: Total time for which application threads were stopped: 0.0006529 seconds, Stopping threads took: 0.0000285 seconds
43.676: [GC (Allocation Failure)  87189K->629K(428544K), 0.0005009 secs]
43.676: Total time for which application threads were stopped: 0.0006464 seconds, Stopping threads took: 0.0000292 seconds
43.729: [GC (Allocation Failure)  85621K->629K(427008K), 0.0004748 secs]
43.729: Total time for which application threads were stopped: 0.0006127 seconds, Stopping threads took: 0.0000204 seconds
43.780: [GC (Allocation Failure)  84085K->597K(425472K), 0.0005261 secs]
43.781: Total time for which application threads were stopped: 0.0006635 seconds, Stopping threads took: 0.0000223 seconds
43.836: [GC (Allocation Failure)  82517K->597K(423936K), 0.0005006 secs]
43.836: Total time for which application threads were stopped: 0.0006284 seconds, Stopping threads took: 0.0000284 seconds
43.891: [GC (Allocation Failure)  80981K->661K(422400K), 0.0006590 secs]
43.892: Total time for which application threads were stopped: 0.0007964 seconds, Stopping threads took: 0.0000199 seconds
43.946: [GC (Allocation Failure)  79509K->661K(421376K), 0.0004562 secs]
43.946: Total time for which application threads were stopped: 0.0005928 seconds, Stopping threads took: 0.0000291 seconds
43.994: [GC (Allocation Failure)  78485K->661K(420352K), 0.0004517 secs]
43.995: Total time for which application threads were stopped: 0.0005851 seconds, Stopping threads took: 0.0000279 seconds
44.048: [GC (Allocation Failure)  77461K->629K(419328K), 0.0004849 secs]
44.049: Total time for which application threads were stopped: 0.0006212 seconds, Stopping threads took: 0.0000193 seconds
44.102: [GC (Allocation Failure)  76405K->629K(418304K), 0.0005270 secs]
44.102: Total time for which application threads were stopped: 0.0006484 seconds, Stopping threads took: 0.0000271 seconds
44.149: [GC (Allocation Failure)  75381K->725K(417280K), 0.0004982 secs]
44.150: Total time for which application threads were stopped: 0.0006334 seconds, Stopping threads took: 0.0000203 seconds
44.199: [GC (Allocation Failure)  74453K->629K(416256K), 0.0005027 secs]
44.200: Total time for which application threads were stopped: 0.0006388 seconds, Stopping threads took: 0.0000271 seconds
44.250: [GC (Allocation Failure)  73333K->629K(415232K), 0.0004723 secs]
44.251: Total time for which application threads were stopped: 0.0005882 seconds, Stopping threads took: 0.0000194 seconds
44.295: [GC (Allocation Failure)  72309K->629K(414208K), 0.0005013 secs]
44.296: Total time for which application threads were stopped: 0.0006211 seconds, Stopping threads took: 0.0000201 seconds
44.339: [GC (Allocation Failure)  71285K->597K(413184K), 0.0006115 secs]
44.340: Total time for which application threads were stopped: 0.0007377 seconds, Stopping threads took: 0.0000269 seconds
44.389: [GC (Allocation Failure)  70229K->661K(412160K), 0.0005436 secs]
44.390: Total time for which application threads were stopped: 0.0006700 seconds, Stopping threads took: 0.0000272 seconds
44.433: [GC (Allocation Failure)  69269K->629K(411136K), 0.0005491 secs]
44.433: Total time for which application threads were stopped: 0.0006626 seconds, Stopping threads took: 0.0000195 seconds
44.480: [GC (Allocation Failure)  68213K->661K(410112K), 0.0005115 secs]
44.481: Total time for which application threads were stopped: 0.0006417 seconds, Stopping threads took: 0.0000201 seconds
44.528: [GC (Allocation Failure)  67221K->629K(409088K), 0.0004834 secs]
44.528: Total time for which application threads were stopped: 0.0006066 seconds, Stopping threads took: 0.0000271 seconds
44.575: [GC (Allocation Failure)  66165K->661K(408064K), 0.0004541 secs]
44.575: Total time for which application threads were stopped: 0.0005705 seconds, Stopping threads took: 0.0000185 seconds
44.616: [GC (Allocation Failure)  65173K->629K(407040K), 0.0003702 secs]
44.616: Total time for which application threads were stopped: 0.0004929 seconds, Stopping threads took: 0.0000261 seconds
44.660: [GC (Allocation Failure)  64117K->629K(406016K), 0.0004956 secs]
44.661: Total time for which application threads were stopped: 0.0006031 seconds, Stopping threads took: 0.0000170 seconds
44.705: [GC (Allocation Failure)  63093K->629K(405504K), 0.0004607 secs]
44.706: Total time for which application threads were stopped: 0.0005707 seconds, Stopping threads took: 0.0000169 seconds
44.749: [GC (Allocation Failure)  62581K->597K(404992K), 0.0005381 secs]
44.750: Total time for which application threads were stopped: 0.0006706 seconds, Stopping threads took: 0.0000217 seconds
44.792: [GC (Allocation Failure)  62037K->693K(417280K), 0.0006504 secs]
44.793: Total time for which application threads were stopped: 0.0007695 seconds, Stopping threads took: 0.0000169 seconds
44.842: [GC (Allocation Failure)  74421K->597K(416256K), 0.0004541 secs]
44.842: Total time for which application threads were stopped: 0.0005824 seconds, Stopping threads took: 0.0000279 seconds
44.887: [GC (Allocation Failure)  73301K->629K(415232K), 0.0004679 secs]
44.888: Total time for which application threads were stopped: 0.0006079 seconds, Stopping threads took: 0.0000278 seconds
44.932: [GC (Allocation Failure)  72309K->629K(414208K), 0.0005172 secs]
44.932: Total time for which application threads were stopped: 0.0006566 seconds, Stopping threads took: 0.0000198 seconds
44.980: [GC (Allocation Failure)  71285K->693K(413184K), 0.0004149 secs]
44.981: Total time for which application threads were stopped: 0.0005215 seconds, Stopping threads took: 0.0000164 seconds
45.030: [GC (Allocation Failure)  70325K->629K(412160K), 0.0004105 secs]
45.030: Total time for which application threads were stopped: 0.0005330 seconds, Stopping threads took: 0.0000275 seconds
45.077: [GC (Allocation Failure)  69237K->629K(411136K), 0.0004951 secs]
45.078: Total time for which application threads were stopped: 0.0006293 seconds, Stopping threads took: 0.0000168 seconds
45.121: [GC (Allocation Failure)  68213K->629K(410112K), 0.0003931 secs]
45.122: Total time for which application threads were stopped: 0.0005055 seconds, Stopping threads took: 0.0000153 seconds
45.167: [GC (Allocation Failure)  67189K->629K(409088K), 0.0004316 secs]
45.167: Total time for which application threads were stopped: 0.0005497 seconds, Stopping threads took: 0.0000164 seconds
45.214: [GC (Allocation Failure)  66165K->661K(408064K), 0.0004878 secs]
45.215: Total time for which application threads were stopped: 0.0006052 seconds, Stopping threads took: 0.0000198 seconds
45.254: [GC (Allocation Failure)  65173K->629K(407040K), 0.0004757 secs]
45.255: Total time for which application threads were stopped: 0.0005752 seconds, Stopping threads took: 0.0000169 seconds
45.294: [GC (Allocation Failure)  64117K->629K(406016K), 0.0004329 secs]
45.295: Total time for which application threads were stopped: 0.0005401 seconds, Stopping threads took: 0.0000168 seconds
45.336: [GC (Allocation Failure)  63093K->661K(405504K), 0.0004348 secs]
45.337: Total time for which application threads were stopped: 0.0005461 seconds, Stopping threads took: 0.0000167 seconds
45.378: [GC (Allocation Failure)  62613K->629K(404992K), 0.0005465 secs]
45.379: Total time for which application threads were stopped: 0.0007093 seconds, Stopping threads took: 0.0000209 seconds
45.417: [GC (Allocation Failure)  62069K->597K(417280K), 0.0006010 secs]
45.418: Total time for which application threads were stopped: 0.0007323 seconds, Stopping threads took: 0.0000290 seconds
45.463: [GC (Allocation Failure)  74325K->629K(432128K), 0.0005101 secs]
45.464: Total time for which application threads were stopped: 0.0006387 seconds, Stopping threads took: 0.0000196 seconds
45.525: [GC (Allocation Failure)  89205K->661K(430592K), 0.0005570 secs]
45.526: Total time for which application threads were stopped: 0.0007091 seconds, Stopping threads took: 0.0000292 seconds
45.585: [GC (Allocation Failure)  87701K->629K(429056K), 0.0004528 secs]
45.586: Total time for which application threads were stopped: 0.0005634 seconds, Stopping threads took: 0.0000172 seconds
45.639: [GC (Allocation Failure)  86133K->661K(427520K), 0.0004367 secs]
45.639: Total time for which application threads were stopped: 0.0005636 seconds, Stopping threads took: 0.0000272 seconds
45.692: [GC (Allocation Failure)  84629K->661K(425984K), 0.0005120 secs]
45.692: Total time for which application threads were stopped: 0.0006633 seconds, Stopping threads took: 0.0000304 seconds
45.747: [GC (Allocation Failure)  83093K->661K(424448K), 0.0005025 secs]
45.748: Total time for which application threads were stopped: 0.0006446 seconds, Stopping threads took: 0.0000220 seconds
45.798: [GC (Allocation Failure)  81557K->629K(422912K), 0.0004788 secs]
45.798: Total time for which application threads were stopped: 0.0006067 seconds, Stopping threads took: 0.0000210 seconds
45.847: [GC (Allocation Failure)  79989K->661K(421888K), 0.0007122 secs]
45.848: Total time for which application threads were stopped: 0.0008555 seconds, Stopping threads took: 0.0000203 seconds
45.902: [GC (Allocation Failure)  78997K->661K(420864K), 0.0006272 secs]
45.903: Total time for which application threads were stopped: 0.0007691 seconds, Stopping threads took: 0.0000236 seconds
45.951: [GC (Allocation Failure)  77973K->661K(419840K), 0.0006348 secs]
45.951: Total time for which application threads were stopped: 0.0007864 seconds, Stopping threads took: 0.0000224 seconds
46.005: [GC (Allocation Failure)  76949K->629K(418816K), 0.0005233 secs]
46.005: Total time for which application threads were stopped: 0.0006690 seconds, Stopping threads took: 0.0000212 seconds
46.058: [GC (Allocation Failure)  75893K->661K(417792K), 0.0005357 secs]
46.058: Total time for which application threads were stopped: 0.0006684 seconds, Stopping threads took: 0.0000296 seconds
46.110: [GC (Allocation Failure)  74901K->597K(416768K), 0.0004502 secs]
46.110: Total time for which application threads were stopped: 0.0005737 seconds, Stopping threads took: 0.0000252 seconds
46.158: [GC (Allocation Failure)  73813K->629K(415744K), 0.0005585 secs]
46.158: Total time for which application threads were stopped: 0.0006642 seconds, Stopping threads took: 0.0000177 seconds
46.207: [GC (Allocation Failure)  72821K->629K(414720K), 0.0005026 secs]
46.208: Total time for which application threads were stopped: 0.0006297 seconds, Stopping threads took: 0.0000275 seconds
46.257: [GC (Allocation Failure)  71797K->661K(413696K), 0.0004652 secs]
46.258: Total time for which application threads were stopped: 0.0005850 seconds, Stopping threads took: 0.0000201 seconds
46.301: [GC (Allocation Failure)  70805K->661K(412672K), 0.0004844 secs]
46.302: Total time for which application threads were stopped: 0.0006045 seconds, Stopping threads took: 0.0000203 seconds
46.344: [GC (Allocation Failure)  69781K->725K(411648K), 0.0004995 secs]
46.345: Total time for which application threads were stopped: 0.0006165 seconds, Stopping threads took: 0.0000190 seconds
46.393: [GC (Allocation Failure)  68821K->629K(410624K), 0.0005059 secs]
46.393: Total time for which application threads were stopped: 0.0006481 seconds, Stopping threads took: 0.0000278 seconds
46.440: [GC (Allocation Failure)  67701K->629K(424448K), 0.0022716 secs]
46.442: Total time for which application threads were stopped: 0.0024026 seconds, Stopping threads took: 0.0000206 seconds
46.493: [GC (Allocation Failure)  81525K->661K(440832K), 0.0005522 secs]
46.493: Total time for which application threads were stopped: 0.0007013 seconds, Stopping threads took: 0.0000224 seconds
46.553: [GC (Allocation Failure)  97941K->629K(460288K), 0.0005735 secs]
46.554: Total time for which application threads were stopped: 0.0007136 seconds, Stopping threads took: 0.0000233 seconds
46.626: [GC (Allocation Failure)  117365K->629K(483840K), 0.0004787 secs]
46.627: Total time for which application threads were stopped: 0.0005993 seconds, Stopping threads took: 0.0000199 seconds
46.714: [GC (Allocation Failure)  140917K->629K(480256K), 0.0004624 secs]
46.715: Total time for which application threads were stopped: 0.0005925 seconds, Stopping threads took: 0.0000212 seconds
46.799: [GC (Allocation Failure)  137333K->725K(477184K), 0.0005451 secs]
46.800: Total time for which application threads were stopped: 0.0006925 seconds, Stopping threads took: 0.0000221 seconds
46.886: [GC (Allocation Failure)  134357K->629K(474112K), 0.0007304 secs]
46.887: Total time for which application threads were stopped: 0.0008749 seconds, Stopping threads took: 0.0000299 seconds
46.967: [GC (Allocation Failure)  131189K->597K(471040K), 0.0006760 secs]
46.967: Total time for which application threads were stopped: 0.0007965 seconds, Stopping threads took: 0.0000196 seconds
47.053: [GC (Allocation Failure)  128085K->629K(467968K), 0.0007722 secs]
47.054: Total time for which application threads were stopped: 0.0008929 seconds, Stopping threads took: 0.0000195 seconds
47.131: [GC (Allocation Failure)  125045K->661K(465408K), 0.0006218 secs]
47.131: Total time for which application threads were stopped: 0.0007564 seconds, Stopping threads took: 0.0000289 seconds
47.210: [GC (Allocation Failure)  122517K->629K(462848K), 0.0004637 secs]
47.211: Total time for which application threads were stopped: 0.0005963 seconds, Stopping threads took: 0.0000260 seconds
47.284: [GC (Allocation Failure)  119925K->597K(460288K), 0.0005747 secs]
47.285: Total time for which application threads were stopped: 0.0007165 seconds, Stopping threads took: 0.0000264 seconds
47.362: [GC (Allocation Failure)  117333K->661K(457728K), 0.0005376 secs]
47.363: Total time for which application threads were stopped: 0.0006758 seconds, Stopping threads took: 0.0000289 seconds
47.433: [GC (Allocation Failure)  114837K->661K(455168K), 0.0006153 secs]
47.433: Total time for which application threads were stopped: 0.0007458 seconds, Stopping threads took: 0.0000209 seconds
47.501: [GC (Allocation Failure)  112277K->661K(452608K), 0.0005582 secs]
47.502: Total time for which application threads were stopped: 0.0006984 seconds, Stopping threads took: 0.0000227 seconds
47.569: [GC (Allocation Failure)  109717K->629K(450560K), 0.0006106 secs]
47.570: Total time for which application threads were stopped: 0.0007464 seconds, Stopping threads took: 0.0000204 seconds
47.639: [GC (Allocation Failure)  107637K->693K(448512K), 0.0005319 secs]
47.640: Total time for which application threads were stopped: 0.0006516 seconds, Stopping threads took: 0.0000192 seconds
47.705: [GC (Allocation Failure)  105653K->629K(446464K), 0.0004959 secs]
47.705: Total time for which application threads were stopped: 0.0006320 seconds, Stopping threads took: 0.0000275 seconds
47.772: [GC (Allocation Failure)  103541K->661K(444416K), 0.0005262 secs]
47.772: Total time for which application threads were stopped: 0.0006602 seconds, Stopping threads took: 0.0000203 seconds
47.834: [GC (Allocation Failure)  101525K->629K(442368K), 0.0006287 secs]
47.835: Total time for which application threads were stopped: 0.0007825 seconds, Stopping threads took: 0.0000218 seconds
47.896: [GC (Allocation Failure)  99445K->693K(440320K), 0.0005234 secs]
47.897: Total time for which application threads were stopped: 0.0006619 seconds, Stopping threads took: 0.0000211 seconds
47.957: [GC (Allocation Failure)  97461K->661K(438272K), 0.0004818 secs]
47.957: Total time for which application threads were stopped: 0.0006197 seconds, Stopping threads took: 0.0000204 seconds
48.015: [GC (Allocation Failure)  95381K->629K(436736K), 0.0005310 secs]
48.016: Total time for which application threads were stopped: 0.0006572 seconds, Stopping threads took: 0.0000199 seconds
48.074: [GC (Allocation Failure)  93813K->693K(435200K), 0.0004721 secs]
48.074: Total time for which application threads were stopped: 0.0006025 seconds, Stopping threads took: 0.0000211 seconds
48.137: [GC (Allocation Failure)  92341K->629K(433664K), 0.0004622 secs]
48.137: Total time for which application threads were stopped: 0.0005883 seconds, Stopping threads took: 0.0000263 seconds
48.193: [GC (Allocation Failure)  90741K->629K(432128K), 0.0004872 secs]
48.193: Total time for which application threads were stopped: 0.0006077 seconds, Stopping threads took: 0.0000194 seconds
48.248: [GC (Allocation Failure)  89205K->629K(430592K), 0.0005162 secs]
48.248: Total time for which application threads were stopped: 0.0006551 seconds, Stopping threads took: 0.0000204 seconds
48.307: [GC (Allocation Failure)  87669K->661K(429056K), 0.0006099 secs]
48.308: Total time for which application threads were stopped: 0.0007625 seconds, Stopping threads took: 0.0000303 seconds
48.360: [GC (Allocation Failure)  86165K->629K(427520K), 0.0005487 secs]
48.361: Total time for which application threads were stopped: 0.0006862 seconds, Stopping threads took: 0.0000297 seconds
48.413: [GC (Allocation Failure)  84597K->629K(425984K), 0.0004774 secs]
48.413: Total time for which application threads were stopped: 0.0006053 seconds, Stopping threads took: 0.0000224 seconds
48.471: [GC (Allocation Failure)  83061K->661K(424448K), 0.0004937 secs]
48.471: Total time for which application threads were stopped: 0.0006033 seconds, Stopping threads took: 0.0000172 seconds
48.521: [GC (Allocation Failure)  81557K->629K(422912K), 0.0005177 secs]
48.522: Total time for which application threads were stopped: 0.0006733 seconds, Stopping threads took: 0.0000313 seconds
48.573: [GC (Allocation Failure)  79989K->661K(421888K), 0.0005261 secs]
48.574: Total time for which application threads were stopped: 0.0006750 seconds, Stopping threads took: 0.0000217 seconds
48.623: [GC (Allocation Failure)  78997K->629K(420864K), 0.0005095 secs]
48.624: Total time for which application threads were stopped: 0.0006500 seconds, Stopping threads took: 0.0000259 seconds
48.677: [GC (Allocation Failure)  77941K->597K(419840K), 0.0004070 secs]
48.677: Total time for which application threads were stopped: 0.0005487 seconds, Stopping threads took: 0.0000209 seconds
48.730: [GC (Allocation Failure)  76885K->629K(418816K), 0.0004879 secs]
48.731: Total time for which application threads were stopped: 0.0006073 seconds, Stopping threads took: 0.0000192 seconds
48.780: [GC (Allocation Failure)  75893K->725K(417792K), 0.0004952 secs]
48.781: Total time for which application threads were stopped: 0.0006170 seconds, Stopping threads took: 0.0000252 seconds
48.832: [GC (Allocation Failure)  74965K->661K(416768K), 0.0004499 secs]
48.833: Total time for which application threads were stopped: 0.0005782 seconds, Stopping threads took: 0.0000276 seconds
48.884: [GC (Allocation Failure)  73877K->597K(415744K), 0.0005773 secs]
48.885: Total time for which application threads were stopped: 0.0007188 seconds, Stopping threads took: 0.0000275 seconds
48.933: [GC (Allocation Failure)  72789K->725K(414720K), 0.0005000 secs]
48.933: Total time for which application threads were stopped: 0.0006386 seconds, Stopping threads took: 0.0000287 seconds
48.977: [GC (Allocation Failure)  71893K->693K(413696K), 0.0006130 secs]
48.978: Total time for which application threads were stopped: 0.0007519 seconds, Stopping threads took: 0.0000206 seconds
49.021: [GC (Allocation Failure)  70837K->629K(412672K), 0.0004816 secs]
49.021: Total time for which application threads were stopped: 0.0006170 seconds, Stopping threads took: 0.0000306 seconds
49.064: [GC (Allocation Failure)  69749K->725K(411648K), 0.0005849 secs]
49.065: Total time for which application threads were stopped: 0.0007046 seconds, Stopping threads took: 0.0000195 seconds
49.107: [GC (Allocation Failure)  68821K->693K(425472K), 0.0005416 secs]
49.108: Total time for which application threads were stopped: 0.0006654 seconds, Stopping threads took: 0.0000262 seconds
49.163: [GC (Allocation Failure)  82613K->661K(423936K), 0.0005349 secs]
49.163: Total time for which application threads were stopped: 0.0006587 seconds, Stopping threads took: 0.0000270 seconds
49.213: [GC (Allocation Failure)  81045K->661K(422400K), 0.0005033 secs]
49.213: Total time for which application threads were stopped: 0.0006199 seconds, Stopping threads took: 0.0000197 seconds
49.262: [GC (Allocation Failure)  79509K->661K(421376K), 0.0004757 secs]
49.263: Total time for which application threads were stopped: 0.0005918 seconds, Stopping threads took: 0.0000193 seconds
49.311: [GC (Allocation Failure)  78485K->661K(420352K), 0.0004734 secs]
49.311: Total time for which application threads were stopped: 0.0006092 seconds, Stopping threads took: 0.0000198 seconds
49.358: [GC (Allocation Failure)  77461K->661K(419328K), 0.0004536 secs]
49.359: Total time for which application threads were stopped: 0.0005775 seconds, Stopping threads took: 0.0000267 seconds
49.406: [GC (Allocation Failure)  76437K->629K(418304K), 0.0004823 secs]
49.406: Total time for which application threads were stopped: 0.0006080 seconds, Stopping threads took: 0.0000280 seconds
49.457: [GC (Allocation Failure)  75381K->629K(417280K), 0.0005301 secs]
49.458: Total time for which application threads were stopped: 0.0006574 seconds, Stopping threads took: 0.0000282 seconds
49.503: [GC (Allocation Failure)  74357K->629K(416256K), 0.0004722 secs]
49.503: Total time for which application threads were stopped: 0.0005927 seconds, Stopping threads took: 0.0000275 seconds
49.548: [GC (Allocation Failure)  73333K->661K(415232K), 0.0004571 secs]
49.549: Total time for which application threads were stopped: 0.0005771 seconds, Stopping threads took: 0.0000195 seconds
49.596: [GC (Allocation Failure)  72341K->629K(414208K), 0.0004921 secs]
49.597: Total time for which application threads were stopped: 0.0006206 seconds, Stopping threads took: 0.0000274 seconds
49.648: [GC (Allocation Failure)  71285K->629K(413184K), 0.0003455 secs]
49.648: Total time for which application threads were stopped: 0.0004633 seconds, Stopping threads took: 0.0000164 seconds
49.692: [GC (Allocation Failure)  70261K->693K(412160K), 0.0004316 secs]
49.693: Total time for which application threads were stopped: 0.0005572 seconds, Stopping threads took: 0.0000279 seconds
49.740: [GC (Allocation Failure)  69301K->661K(411136K), 0.0004821 secs]
49.741: Total time for which application threads were stopped: 0.0006082 seconds, Stopping threads took: 0.0000282 seconds
49.783: [GC (Allocation Failure)  68245K->693K(410112K), 0.0005432 secs]
49.783: Total time for which application threads were stopped: 0.0006669 seconds, Stopping threads took: 0.0000274 seconds
49.829: [GC (Allocation Failure)  67253K->629K(409088K), 0.0004330 secs]
49.829: Total time for which application threads were stopped: 0.0005397 seconds, Stopping threads took: 0.0000169 seconds
49.870: [GC (Allocation Failure)  66165K->629K(408064K), 0.0004223 secs]
49.870: Total time for which application threads were stopped: 0.0005285 seconds, Stopping threads took: 0.0000167 seconds
49.915: [GC (Allocation Failure)  65141K->597K(407040K), 0.0004318 secs]
49.916: Total time for which application threads were stopped: 0.0005384 seconds, Stopping threads took: 0.0000171 seconds
49.961: [GC (Allocation Failure)  64085K->693K(406016K), 0.0003978 secs]
49.961: Total time for which application threads were stopped: 0.0005068 seconds, Stopping threads took: 0.0000171 seconds
50.005: [GC (Allocation Failure)  63157K->629K(405504K), 0.0004306 secs]
50.006: Total time for which application threads were stopped: 0.0005530 seconds, Stopping threads took: 0.0000268 seconds
50.044: [GC (Allocation Failure)  62581K->661K(404992K), 0.0004207 secs]
50.044: Total time for which application threads were stopped: 0.0005295 seconds, Stopping threads took: 0.0000167 seconds
50.088: [GC (Allocation Failure)  62101K->629K(404480K), 0.0004842 secs]
50.089: Total time for which application threads were stopped: 0.0005868 seconds, Stopping threads took: 0.0000169 seconds
50.127: [GC (Allocation Failure)  61557K->661K(403968K), 0.0004801 secs]
50.128: Total time for which application threads were stopped: 0.0006080 seconds, Stopping threads took: 0.0000279 seconds
50.165: [GC (Allocation Failure)  61077K->661K(403456K), 0.0004844 secs]
50.166: Total time for which application threads were stopped: 0.0006152 seconds, Stopping threads took: 0.0000276 seconds
50.203: [GC (Allocation Failure)  60565K->661K(415744K), 0.0006144 secs]
50.203: Total time for which application threads were stopped: 0.0007565 seconds, Stopping threads took: 0.0000213 seconds
50.248: [GC (Allocation Failure)  72853K->629K(430592K), 0.0004888 secs]
50.249: Total time for which application threads were stopped: 0.0006204 seconds, Stopping threads took: 0.0000219 seconds
50.306: [GC (Allocation Failure)  87669K->597K(429056K), 0.0005589 secs]
50.306: Total time for which application threads were stopped: 0.0006810 seconds, Stopping threads took: 0.0000202 seconds
50.367: [GC (Allocation Failure)  86101K->597K(427520K), 0.0004605 secs]
50.367: Total time for which application threads were stopped: 0.0006215 seconds, Stopping threads took: 0.0000272 seconds
50.419: [GC (Allocation Failure)  84565K->661K(425984K), 0.0005926 secs]
50.419: Total time for which application threads were stopped: 0.0007054 seconds, Stopping threads took: 0.0000191 seconds
50.477: [GC (Allocation Failure)  83093K->629K(424448K), 0.0004663 secs]
50.477: Total time for which application threads were stopped: 0.0005882 seconds, Stopping threads took: 0.0000172 seconds
50.531: [GC (Allocation Failure)  81525K->629K(422912K), 0.0005323 secs]
50.531: Total time for which application threads were stopped: 0.0006478 seconds, Stopping threads took: 0.0000192 seconds
50.580: [GC (Allocation Failure)  79989K->629K(421888K), 0.0004864 secs]
50.581: Total time for which application threads were stopped: 0.0006077 seconds, Stopping threads took: 0.0000188 seconds
50.629: [GC (Allocation Failure)  78965K->629K(420864K), 0.0004797 secs]
50.630: Total time for which application threads were stopped: 0.0006020 seconds, Stopping threads took: 0.0000267 seconds
50.683: [GC (Allocation Failure)  77941K->661K(419840K), 0.0005014 secs]
50.684: Total time for which application threads were stopped: 0.0006400 seconds, Stopping threads took: 0.0000205 seconds
50.734: [GC (Allocation Failure)  76949K->661K(418816K), 0.0005549 secs]
50.735: Total time for which application threads were stopped: 0.0006936 seconds, Stopping threads took: 0.0000222 seconds
50.781: [GC (Allocation Failure)  75925K->629K(417792K), 0.0004877 secs]
50.782: Total time for which application threads were stopped: 0.0006137 seconds, Stopping threads took: 0.0000274 seconds
50.831: [GC (Allocation Failure)  74869K->693K(416768K), 0.0004986 secs]
50.832: Total time for which application threads were stopped: 0.0006343 seconds, Stopping threads took: 0.0000284 seconds
50.877: [GC (Allocation Failure)  73909K->629K(415744K), 0.0004652 secs]
50.878: Total time for which application threads were stopped: 0.0005931 seconds, Stopping threads took: 0.0000197 seconds
50.922: [GC (Allocation Failure)  72821K->693K(414720K), 0.0005705 secs]
50.923: Total time for which application threads were stopped: 0.0007239 seconds, Stopping threads took: 0.0000296 seconds
50.970: [GC (Allocation Failure)  71861K->629K(413696K), 0.0005361 secs]
50.971: Total time for which application threads were stopped: 0.0006766 seconds, Stopping threads took: 0.0000220 seconds
51.021: [GC (Allocation Failure)  70773K->693K(412672K), 0.0005092 secs]
51.022: Total time for which application threads were stopped: 0.0006630 seconds, Stopping threads took: 0.0000304 seconds
51.064: [GC (Allocation Failure)  69813K->629K(411648K), 0.0005076 secs]
51.065: Total time for which application threads were stopped: 0.0006596 seconds, Stopping threads took: 0.0000228 seconds
51.107: [GC (Allocation Failure)  68725K->629K(410624K), 0.0004277 secs]
51.108: Total time for which application threads were stopped: 0.0005545 seconds, Stopping threads took: 0.0000273 seconds
51.152: [GC (Allocation Failure)  67701K->629K(409600K), 0.0004863 secs]
51.152: Total time for which application threads were stopped: 0.0006098 seconds, Stopping threads took: 0.0000203 seconds
51.193: [GC (Allocation Failure)  66677K->629K(408576K), 0.0004575 secs]
51.194: Total time for which application threads were stopped: 0.0005836 seconds, Stopping threads took: 0.0000212 seconds
51.239: [GC (Allocation Failure)  65653K->661K(407552K), 0.0005305 secs]
51.240: Total time for which application threads were stopped: 0.0006750 seconds, Stopping threads took: 0.0000275 seconds
51.284: [GC (Allocation Failure)  64661K->661K(406528K), 0.0005663 secs]
51.285: Total time for which application threads were stopped: 0.0007117 seconds, Stopping threads took: 0.0000219 seconds
51.324: [GC (Allocation Failure)  63637K->693K(405504K), 0.0004619 secs]
51.325: Total time for which application threads were stopped: 0.0005907 seconds, Stopping threads took: 0.0000232 seconds
51.368: [GC (Allocation Failure)  62645K->629K(404992K), 0.0004806 secs]
51.369: Total time for which application threads were stopped: 0.0005913 seconds, Stopping threads took: 0.0000176 seconds
51.407: [GC (Allocation Failure)  62069K->661K(417280K), 0.0005958 secs]
51.407: Total time for which application threads were stopped: 0.0007227 seconds, Stopping threads took: 0.0000266 seconds
51.453: [GC (Allocation Failure)  74389K->661K(432128K), 0.0005014 secs]
51.454: Total time for which application threads were stopped: 0.0007469 seconds, Stopping threads took: 0.0000190 seconds
51.513: [GC (Allocation Failure)  89237K->629K(430592K), 0.0004720 secs]
51.514: Total time for which application threads were stopped: 0.0005816 seconds, Stopping threads took: 0.0000172 seconds
51.573: [GC (Allocation Failure)  87669K->661K(429056K), 0.0005455 secs]
51.574: Total time for which application threads were stopped: 0.0006665 seconds, Stopping threads took: 0.0000199 seconds
51.627: [GC (Allocation Failure)  86165K->629K(427520K), 0.0004719 secs]
51.628: Total time for which application threads were stopped: 0.0005972 seconds, Stopping threads took: 0.0000332 seconds
51.682: [GC (Allocation Failure)  84597K->629K(425984K), 0.0005440 secs]
51.683: Total time for which application threads were stopped: 0.0006784 seconds, Stopping threads took: 0.0000192 seconds
51.738: [GC (Allocation Failure)  83061K->629K(424448K), 0.0004982 secs]
51.739: Total time for which application threads were stopped: 0.0006278 seconds, Stopping threads took: 0.0000282 seconds
51.788: [GC (Allocation Failure)  81525K->565K(422912K), 0.0006491 secs]
51.789: Total time for which application threads were stopped: 0.0007706 seconds, Stopping threads took: 0.0000278 seconds
51.838: [GC (Allocation Failure)  79925K->661K(421888K), 0.0005016 secs]
51.839: Total time for which application threads were stopped: 0.0006254 seconds, Stopping threads took: 0.0000277 seconds
51.893: [GC (Allocation Failure)  78997K->629K(420864K), 0.0004612 secs]
51.893: Total time for which application threads were stopped: 0.0005683 seconds, Stopping threads took: 0.0000168 seconds
51.947: [GC (Allocation Failure)  77941K->661K(419840K), 0.0005419 secs]
51.947: Total time for which application threads were stopped: 0.0006484 seconds, Stopping threads took: 0.0000170 seconds
52.001: [GC (Allocation Failure)  76949K->629K(418816K), 0.0005310 secs]
52.001: Total time for which application threads were stopped: 0.0006743 seconds, Stopping threads took: 0.0000283 seconds
52.048: [GC (Allocation Failure)  75893K->661K(417792K), 0.0005933 secs]
52.048: Total time for which application threads were stopped: 0.0007251 seconds, Stopping threads took: 0.0000191 seconds
52.100: [GC (Allocation Failure)  74901K->597K(416768K), 0.0005622 secs]
52.101: Total time for which application threads were stopped: 0.0006887 seconds, Stopping threads took: 0.0000254 seconds
52.147: [GC (Allocation Failure)  73813K->661K(415744K), 0.0004358 secs]
52.148: Total time for which application threads were stopped: 0.0005383 seconds, Stopping threads took: 0.0000180 seconds
52.192: [GC (Allocation Failure)  72853K->629K(414720K), 0.0004001 secs]
52.192: Total time for which application threads were stopped: 0.0005005 seconds, Stopping threads took: 0.0000171 seconds
52.236: [GC (Allocation Failure)  71797K->629K(413696K), 0.0005203 secs]
52.237: Total time for which application threads were stopped: 0.0006423 seconds, Stopping threads took: 0.0000191 seconds
52.280: [GC (Allocation Failure)  70773K->629K(412672K), 0.0005547 secs]
52.281: Total time for which application threads were stopped: 0.0006834 seconds, Stopping threads took: 0.0000213 seconds
52.323: [GC (Allocation Failure)  69749K->693K(411648K), 0.0005770 secs]
52.324: Total time for which application threads were stopped: 0.0007051 seconds, Stopping threads took: 0.0000280 seconds
52.366: [GC (Allocation Failure)  68789K->661K(425472K), 0.0006266 secs]
52.366: Total time for which application threads were stopped: 0.0007534 seconds, Stopping threads took: 0.0000279 seconds
52.423: [GC (Allocation Failure)  82581K->597K(441856K), 0.0006128 secs]
52.423: Total time for which application threads were stopped: 0.0007390 seconds, Stopping threads took: 0.0000276 seconds
52.487: [GC (Allocation Failure)  98901K->725K(439808K), 0.0004570 secs]
52.488: Total time for which application threads were stopped: 0.0005839 seconds, Stopping threads took: 0.0000268 seconds
52.548: [GC (Allocation Failure)  96981K->629K(437760K), 0.0007090 secs]
52.549: Total time for which application threads were stopped: 0.0008305 seconds, Stopping threads took: 0.0000191 seconds
52.607: [GC (Allocation Failure)  94837K->661K(436224K), 0.0005240 secs]
52.607: Total time for which application threads were stopped: 0.0006541 seconds, Stopping threads took: 0.0000286 seconds
52.670: [GC (Allocation Failure)  93333K->629K(434688K), 0.0004192 secs]
52.670: Total time for which application threads were stopped: 0.0005517 seconds, Stopping threads took: 0.0000271 seconds
52.726: [GC (Allocation Failure)  91765K->629K(433152K), 0.0005282 secs]
52.727: Total time for which application threads were stopped: 0.0006469 seconds, Stopping threads took: 0.0000194 seconds
52.787: [GC (Allocation Failure)  90229K->629K(431616K), 0.0004750 secs]
52.788: Total time for which application threads were stopped: 0.0005988 seconds, Stopping threads took: 0.0000269 seconds
52.842: [GC (Allocation Failure)  88693K->661K(430080K), 0.0004923 secs]
52.843: Total time for which application threads were stopped: 0.0006082 seconds, Stopping threads took: 0.0000190 seconds
52.903: [GC (Allocation Failure)  87189K->661K(428544K), 0.0004391 secs]
52.904: Total time for which application threads were stopped: 0.0006984 seconds, Stopping threads took: 0.0000197 seconds
52.956: [GC (Allocation Failure)  85653K->629K(427008K), 0.0004792 secs]
52.957: Total time for which application threads were stopped: 0.0006163 seconds, Stopping threads took: 0.0000277 seconds
53.012: [GC (Allocation Failure)  84085K->661K(425472K), 0.0004644 secs]
53.012: Total time for which application threads were stopped: 0.0005855 seconds, Stopping threads took: 0.0000199 seconds
53.063: [GC (Allocation Failure)  82581K->661K(423936K), 0.0004602 secs]
53.064: Total time for which application threads were stopped: 0.0005811 seconds, Stopping threads took: 0.0000198 seconds
53.114: [GC (Allocation Failure)  81045K->597K(422400K), 0.0006244 secs]
53.115: Total time for which application threads were stopped: 0.0007336 seconds, Stopping threads took: 0.0000244 seconds
53.163: [GC (Allocation Failure)  79445K->629K(421376K), 0.0005059 secs]
53.164: Total time for which application threads were stopped: 0.0006304 seconds, Stopping threads took: 0.0000268 seconds
53.212: [GC (Allocation Failure)  78453K->661K(420352K), 0.0004981 secs]
53.212: Total time for which application threads were stopped: 0.0006343 seconds, Stopping threads took: 0.0000200 seconds
53.266: [GC (Allocation Failure)  77461K->661K(419328K), 0.0005324 secs]
53.266: Total time for which application threads were stopped: 0.0006604 seconds, Stopping threads took: 0.0000193 seconds
53.313: [GC (Allocation Failure)  76437K->661K(418304K), 0.0007621 secs]
53.314: Total time for which application threads were stopped: 0.0009069 seconds, Stopping threads took: 0.0000220 seconds
53.360: [GC (Allocation Failure)  75413K->661K(417280K), 0.0004944 secs]
53.361: Total time for which application threads were stopped: 0.0006147 seconds, Stopping threads took: 0.0000199 seconds
53.412: [GC (Allocation Failure)  74389K->629K(416256K), 0.0004981 secs]
53.412: Total time for which application threads were stopped: 0.0006384 seconds, Stopping threads took: 0.0000281 seconds
53.463: [GC (Allocation Failure)  73333K->629K(415232K), 0.0004964 secs]
53.463: Total time for which application threads were stopped: 0.0006391 seconds, Stopping threads took: 0.0000207 seconds
53.513: [GC (Allocation Failure)  72309K->661K(414208K), 0.0005642 secs]
53.514: Total time for which application threads were stopped: 0.0006841 seconds, Stopping threads took: 0.0000197 seconds
53.557: [GC (Allocation Failure)  71317K->597K(413184K), 0.0005059 secs]
53.558: Total time for which application threads were stopped: 0.0006502 seconds, Stopping threads took: 0.0000294 seconds
53.607: [GC (Allocation Failure)  70229K->629K(412160K), 0.0005491 secs]
53.607: Total time for which application threads were stopped: 0.0006911 seconds, Stopping threads took: 0.0000207 seconds
53.650: [GC (Allocation Failure)  69237K->693K(411136K), 0.0005140 secs]
53.650: Total time for which application threads were stopped: 0.0006461 seconds, Stopping threads took: 0.0000208 seconds
53.692: [GC (Allocation Failure)  68277K->629K(424960K), 0.0007728 secs]
53.693: Total time for which application threads were stopped: 0.0009220 seconds, Stopping threads took: 0.0000293 seconds
53.744: [GC (Allocation Failure)  82037K->661K(441344K), 0.0004520 secs]
53.744: Total time for which application threads were stopped: 0.0005728 seconds, Stopping threads took: 0.0000204 seconds
53.804: [GC (Allocation Failure)  98453K->661K(439296K), 0.0004780 secs]
53.805: Total time for which application threads were stopped: 0.0006048 seconds, Stopping threads took: 0.0000271 seconds
53.867: [GC (Allocation Failure)  96405K->629K(437760K), 0.0004643 secs]
53.867: Total time for which application threads were stopped: 0.0006294 seconds, Stopping threads took: 0.0000278 seconds
53.926: [GC (Allocation Failure)  94837K->629K(436224K), 0.0006110 secs]
53.926: Total time for which application threads were stopped: 0.0007298 seconds, Stopping threads took: 0.0000197 seconds
53.983: [GC (Allocation Failure)  93301K->661K(434688K), 0.0005481 secs]
53.984: Total time for which application threads were stopped: 0.0006897 seconds, Stopping threads took: 0.0000196 seconds
54.046: [GC (Allocation Failure)  91797K->661K(433152K), 0.0005363 secs]
54.047: Total time for which application threads were stopped: 0.0006696 seconds, Stopping threads took: 0.0000214 seconds
54.102: [GC (Allocation Failure)  90261K->597K(431616K), 0.0006219 secs]
54.103: Total time for which application threads were stopped: 0.0008454 seconds, Stopping threads took: 0.0000258 seconds
54.160: [GC (Allocation Failure)  88661K->597K(430080K), 0.0004538 secs]
54.161: Total time for which application threads were stopped: 0.0005782 seconds, Stopping threads took: 0.0000275 seconds
54.219: [GC (Allocation Failure)  87125K->693K(428544K), 0.0005076 secs]
54.220: Total time for which application threads were stopped: 0.0006235 seconds, Stopping threads took: 0.0000194 seconds
54.279: [GC (Allocation Failure)  85685K->629K(427008K), 0.0004250 secs]
54.279: Total time for which application threads were stopped: 0.0005318 seconds, Stopping threads took: 0.0000171 seconds
54.330: [GC (Allocation Failure)  84085K->597K(425472K), 0.0006349 secs]
54.331: Total time for which application threads were stopped: 0.0007784 seconds, Stopping threads took: 0.0000199 seconds
54.382: [GC (Allocation Failure)  82517K->629K(423936K), 0.0004571 secs]
54.382: Total time for which application threads were stopped: 0.0005850 seconds, Stopping threads took: 0.0000275 seconds
54.432: [GC (Allocation Failure)  81013K->693K(422400K), 0.0006243 secs]
54.432: Total time for which application threads were stopped: 0.0007673 seconds, Stopping threads took: 0.0000219 seconds
54.481: [GC (Allocation Failure)  79541K->661K(421376K), 0.0005365 secs]
54.481: Total time for which application threads were stopped: 0.0006685 seconds, Stopping threads took: 0.0000229 seconds
54.536: [GC (Allocation Failure)  78485K->661K(420352K), 0.0004101 secs]
54.536: Total time for which application threads were stopped: 0.0005330 seconds, Stopping threads took: 0.0000263 seconds
54.590: [GC (Allocation Failure)  77461K->661K(419328K), 0.0005720 secs]
54.591: Total time for which application threads were stopped: 0.0007180 seconds, Stopping threads took: 0.0000285 seconds
54.638: [GC (Allocation Failure)  76437K->693K(418304K), 0.0004337 secs]
54.638: Total time for which application threads were stopped: 0.0005522 seconds, Stopping threads took: 0.0000189 seconds
54.688: [GC (Allocation Failure)  75445K->629K(417280K), 0.0004985 secs]
54.688: Total time for which application threads were stopped: 0.0006409 seconds, Stopping threads took: 0.0000209 seconds
54.737: [GC (Allocation Failure)  74357K->661K(416256K), 0.0004570 secs]
54.737: Total time for which application threads were stopped: 0.0005856 seconds, Stopping threads took: 0.0000213 seconds
54.783: [GC (Allocation Failure)  73365K->693K(415232K), 0.0005249 secs]
54.783: Total time for which application threads were stopped: 0.0006587 seconds, Stopping threads took: 0.0000215 seconds
54.828: [GC (Allocation Failure)  72373K->661K(414208K), 0.0005478 secs]
54.828: Total time for which application threads were stopped: 0.0006825 seconds, Stopping threads took: 0.0000212 seconds
54.872: [GC (Allocation Failure)  71317K->597K(413184K), 0.0005277 secs]
54.873: Total time for which application threads were stopped: 0.0006645 seconds, Stopping threads took: 0.0000228 seconds
54.916: [GC (Allocation Failure)  70229K->693K(412160K), 0.0005342 secs]
54.917: Total time for which application threads were stopped: 0.0006689 seconds, Stopping threads took: 0.0000211 seconds
54.965: [GC (Allocation Failure)  69301K->629K(411136K), 0.0005324 secs]
54.966: Total time for which application threads were stopped: 0.0007146 seconds, Stopping threads took: 0.0000294 seconds
55.008: [GC (Allocation Failure)  68213K->661K(424960K), 0.0006506 secs]
55.008: Total time for which application threads were stopped: 0.0007944 seconds, Stopping threads took: 0.0000285 seconds
55.059: [GC (Allocation Failure)  82069K->629K(423424K), 0.0004719 secs]
55.059: Total time for which application threads were stopped: 0.0006270 seconds, Stopping threads took: 0.0000216 seconds
55.109: [GC (Allocation Failure)  80501K->597K(422400K), 0.0005335 secs]
55.110: Total time for which application threads were stopped: 0.0006539 seconds, Stopping threads took: 0.0000258 seconds
55.159: [GC (Allocation Failure)  79445K->629K(421376K), 0.0004895 secs]
55.160: Total time for which application threads were stopped: 0.0006175 seconds, Stopping threads took: 0.0000276 seconds
55.214: [GC (Allocation Failure)  78453K->629K(420352K), 0.0004812 secs]
55.214: Total time for which application threads were stopped: 0.0006018 seconds, Stopping threads took: 0.0000200 seconds
55.266: [GC (Allocation Failure)  77429K->661K(419328K), 0.0004945 secs]
55.267: Total time for which application threads were stopped: 0.0006276 seconds, Stopping threads took: 0.0000207 seconds
55.317: [GC (Allocation Failure)  76437K->661K(418304K), 0.0004703 secs]
55.318: Total time for which application threads were stopped: 0.0005862 seconds, Stopping threads took: 0.0000195 seconds
55.364: [GC (Allocation Failure)  75413K->597K(417280K), 0.0006657 secs]
55.364: Total time for which application threads were stopped: 0.0008109 seconds, Stopping threads took: 0.0000282 seconds
55.410: [GC (Allocation Failure)  74325K->661K(416256K), 0.0005377 secs]
55.410: Total time for which application threads were stopped: 0.0006857 seconds, Stopping threads took: 0.0000296 seconds
55.455: [GC (Allocation Failure)  73365K->661K(431104K), 0.0006152 secs]
55.456: Total time for which application threads were stopped: 0.0007541 seconds, Stopping threads took: 0.0000297 seconds
55.510: [GC (Allocation Failure)  88213K->661K(449024K), 0.0006619 secs]
55.510: Total time for which application threads were stopped: 0.0008028 seconds, Stopping threads took: 0.0000197 seconds
55.583: [GC (Allocation Failure)  106133K->693K(446976K), 0.0004455 secs]
55.583: Total time for which application threads were stopped: 0.0005875 seconds, Stopping threads took: 0.0000211 seconds
55.652: [GC (Allocation Failure)  104117K->661K(444928K), 0.0004358 secs]
55.652: Total time for which application threads were stopped: 0.0005627 seconds, Stopping threads took: 0.0000195 seconds
55.715: [GC (Allocation Failure)  102037K->629K(442880K), 0.0004922 secs]
55.715: Total time for which application threads were stopped: 0.0006075 seconds, Stopping threads took: 0.0000189 seconds
55.780: [GC (Allocation Failure)  99957K->629K(440832K), 0.0006055 secs]
55.780: Total time for which application threads were stopped: 0.0007271 seconds, Stopping threads took: 0.0000193 seconds
55.840: [GC (Allocation Failure)  97909K->693K(438784K), 0.0005000 secs]
55.840: Total time for which application threads were stopped: 0.0006197 seconds, Stopping threads took: 0.0000197 seconds
55.905: [GC (Allocation Failure)  95925K->661K(437248K), 0.0004685 secs]
55.905: Total time for which application threads were stopped: 0.0005929 seconds, Stopping threads took: 0.0000274 seconds
55.963: [GC (Allocation Failure)  94357K->661K(435712K), 0.0005209 secs]
55.963: Total time for which application threads were stopped: 0.0006449 seconds, Stopping threads took: 0.0000272 seconds
56.020: [GC (Allocation Failure)  92821K->693K(434176K), 0.0005657 secs]
56.021: Total time for which application threads were stopped: 0.0006910 seconds, Stopping threads took: 0.0000281 seconds
56.076: [GC (Allocation Failure)  91317K->725K(432640K), 0.0004817 secs]
56.077: Total time for which application threads were stopped: 0.0006022 seconds, Stopping threads took: 0.0000192 seconds
56.133: [GC (Allocation Failure)  89813K->693K(431104K), 0.0004137 secs]
56.134: Total time for which application threads were stopped: 0.0005337 seconds, Stopping threads took: 0.0000260 seconds
56.191: [GC (Allocation Failure)  88245K->661K(429568K), 0.0005478 secs]
56.192: Total time for which application threads were stopped: 0.0006680 seconds, Stopping threads took: 0.0000194 seconds
56.245: [GC (Allocation Failure)  86677K->597K(428032K), 0.0004589 secs]
56.245: Total time for which application threads were stopped: 0.0005809 seconds, Stopping threads took: 0.0000268 seconds
56.297: [GC (Allocation Failure)  85077K->661K(426496K), 0.0005249 secs]
56.298: Total time for which application threads were stopped: 0.0006535 seconds, Stopping threads took: 0.0000276 seconds
56.354: [GC (Allocation Failure)  83605K->629K(424960K), 0.0004508 secs]
56.354: Total time for which application threads were stopped: 0.0005651 seconds, Stopping threads took: 0.0000164 seconds
56.404: [GC (Allocation Failure)  82037K->693K(423424K), 0.0005138 secs]
56.405: Total time for which application threads were stopped: 0.0006482 seconds, Stopping threads took: 0.0000220 seconds
56.454: [GC (Allocation Failure)  80565K->661K(422400K), 0.0005874 secs]
56.455: Total time for which application threads were stopped: 0.0007335 seconds, Stopping threads took: 0.0000230 seconds
56.504: [GC (Allocation Failure)  79509K->661K(421376K), 0.0007146 secs]
56.505: Total time for which application threads were stopped: 0.0008712 seconds, Stopping threads took: 0.0000234 seconds
56.558: [GC (Allocation Failure)  78485K->661K(420352K), 0.0005165 secs]
56.559: Total time for which application threads were stopped: 0.0006697 seconds, Stopping threads took: 0.0000301 seconds
56.606: [GC (Allocation Failure)  77461K->629K(419328K), 0.0004755 secs]
56.607: Total time for which application threads were stopped: 0.0006110 seconds, Stopping threads took: 0.0000285 seconds
56.659: [GC (Allocation Failure)  76405K->661K(418304K), 0.0004968 secs]
56.659: Total time for which application threads were stopped: 0.0006170 seconds, Stopping threads took: 0.0000200 seconds
56.711: [GC (Allocation Failure)  75413K->661K(417280K), 0.0006376 secs]
56.712: Total time for which application threads were stopped: 0.0007843 seconds, Stopping threads took: 0.0000213 seconds
56.763: [GC (Allocation Failure)  74389K->597K(416256K), 0.0004957 secs]
56.764: Total time for which application threads were stopped: 0.0006494 seconds, Stopping threads took: 0.0000305 seconds
56.809: [GC (Allocation Failure)  73301K->629K(415232K), 0.0004921 secs]
56.809: Total time for which application threads were stopped: 0.0006433 seconds, Stopping threads took: 0.0000225 seconds
56.859: [GC (Allocation Failure)  72309K->661K(414208K), 0.0005092 secs]
56.860: Total time for which application threads were stopped: 0.0006548 seconds, Stopping threads took: 0.0000221 seconds
56.904: [GC (Allocation Failure)  71317K->725K(413184K), 0.0004868 secs]
56.904: Total time for which application threads were stopped: 0.0006145 seconds, Stopping threads took: 0.0000197 seconds
56.947: [GC (Allocation Failure)  70357K->629K(412160K), 0.0005296 secs]
56.948: Total time for which application threads were stopped: 0.0006857 seconds, Stopping threads took: 0.0000296 seconds
56.997: [GC (Allocation Failure)  69237K->629K(411136K), 0.0004840 secs]
56.998: Total time for which application threads were stopped: 0.0006298 seconds, Stopping threads took: 0.0000281 seconds
57.045: [GC (Allocation Failure)  68213K->661K(410112K), 0.0005741 secs]
57.046: Total time for which application threads were stopped: 0.0007017 seconds, Stopping threads took: 0.0000310 seconds
57.093: [GC (Allocation Failure)  67221K->725K(409088K), 0.0004603 secs]
57.093: Total time for which application threads were stopped: 0.0005520 seconds, Stopping threads took: 0.0000165 seconds
57.137: [GC (Allocation Failure)  66261K->693K(408064K), 0.0004499 secs]
57.138: Total time for which application threads were stopped: 0.0005691 seconds, Stopping threads took: 0.0000194 seconds
57.178: [GC (Allocation Failure)  65205K->629K(407040K), 0.0005867 secs]
57.179: Total time for which application threads were stopped: 0.0007069 seconds, Stopping threads took: 0.0000190 seconds
57.218: [GC (Allocation Failure)  64117K->597K(419840K), 0.0005576 secs]
57.218: Total time for which application threads were stopped: 0.0006930 seconds, Stopping threads took: 0.0000198 seconds
57.273: [GC (Allocation Failure)  76885K->693K(418816K), 0.0005111 secs]
57.273: Total time for which application threads were stopped: 0.0006450 seconds, Stopping threads took: 0.0000267 seconds
57.320: [GC (Allocation Failure)  75957K->629K(434176K), 0.0007085 secs]
57.321: Total time for which application threads were stopped: 0.0008478 seconds, Stopping threads took: 0.0000287 seconds
57.380: [GC (Allocation Failure)  91253K->597K(432640K), 0.0004790 secs]
57.380: Total time for which application threads were stopped: 0.0006115 seconds, Stopping threads took: 0.0000211 seconds
57.439: [GC (Allocation Failure)  89685K->629K(431104K), 0.0004666 secs]
57.440: Total time for which application threads were stopped: 0.0006035 seconds, Stopping threads took: 0.0000380 seconds
57.499: [GC (Allocation Failure)  88181K->629K(429568K), 0.0005068 secs]
57.500: Total time for which application threads were stopped: 0.0006577 seconds, Stopping threads took: 0.0000282 seconds
57.556: [GC (Allocation Failure)  86645K->661K(428032K), 0.0005153 secs]
57.557: Total time for which application threads were stopped: 0.0006549 seconds, Stopping threads took: 0.0000224 seconds
57.609: [GC (Allocation Failure)  85141K->629K(426496K), 0.0005097 secs]
57.610: Total time for which application threads were stopped: 0.0006420 seconds, Stopping threads took: 0.0000195 seconds
57.662: [GC (Allocation Failure)  83573K->597K(424960K), 0.0004816 secs]
57.663: Total time for which application threads were stopped: 0.0006141 seconds, Stopping threads took: 0.0000260 seconds
57.714: [GC (Allocation Failure)  82005K->629K(423424K), 0.0004694 secs]
57.715: Total time for which application threads were stopped: 0.0006019 seconds, Stopping threads took: 0.0000261 seconds
57.770: [GC (Allocation Failure)  80501K->597K(422400K), 0.0004923 secs]
57.771: Total time for which application threads were stopped: 0.0006325 seconds, Stopping threads took: 0.0000283 seconds
57.826: [GC (Allocation Failure)  79445K->629K(421376K), 0.0004958 secs]
57.826: Total time for which application threads were stopped: 0.0006217 seconds, Stopping threads took: 0.0000276 seconds
57.877: [GC (Allocation Failure)  78453K->661K(420352K), 0.0005031 secs]
57.878: Total time for which application threads were stopped: 0.0006382 seconds, Stopping threads took: 0.0000200 seconds
57.925: [GC (Allocation Failure)  77461K->693K(419328K), 0.0004634 secs]
57.926: Total time for which application threads were stopped: 0.0005902 seconds, Stopping threads took: 0.0000208 seconds
57.972: [GC (Allocation Failure)  76469K->661K(418304K), 0.0005165 secs]
57.973: Total time for which application threads were stopped: 0.0006416 seconds, Stopping threads took: 0.0000270 seconds
58.019: [GC (Allocation Failure)  75413K->661K(417280K), 0.0004743 secs]
58.019: Total time for which application threads were stopped: 0.0005939 seconds, Stopping threads took: 0.0000195 seconds
58.065: [GC (Allocation Failure)  74389K->629K(416256K), 0.0005313 secs]
58.065: Total time for which application threads were stopped: 0.0006506 seconds, Stopping threads took: 0.0000196 seconds
58.116: [GC (Allocation Failure)  73333K->661K(415232K), 0.0004490 secs]
58.117: Total time for which application threads were stopped: 0.0005732 seconds, Stopping threads took: 0.0000236 seconds
58.162: [GC (Allocation Failure)  72341K->661K(414208K), 0.0004610 secs]
58.162: Total time for which application threads were stopped: 0.0005913 seconds, Stopping threads took: 0.0000203 seconds
58.206: [GC (Allocation Failure)  71317K->629K(413184K), 0.0004775 secs]
58.206: Total time for which application threads were stopped: 0.0006143 seconds, Stopping threads took: 0.0000250 seconds
58.257: [GC (Allocation Failure)  70261K->661K(412160K), 0.0004799 secs]
58.257: Total time for which application threads were stopped: 0.0006096 seconds, Stopping threads took: 0.0000290 seconds
58.300: [GC (Allocation Failure)  69269K->629K(411136K), 0.0005359 secs]
58.300: Total time for which application threads were stopped: 0.0006696 seconds, Stopping threads took: 0.0000188 seconds
58.342: [GC (Allocation Failure)  68213K->661K(410112K), 0.0005680 secs]
58.343: Total time for which application threads were stopped: 0.0007162 seconds, Stopping threads took: 0.0000305 seconds
58.389: [GC (Allocation Failure)  67221K->693K(423424K), 0.0007099 secs]
58.390: Total time for which application threads were stopped: 0.0008681 seconds, Stopping threads took: 0.0000291 seconds
58.445: [GC (Allocation Failure)  80565K->661K(422400K), 0.0005128 secs]
58.445: Total time for which application threads were stopped: 0.0006564 seconds, Stopping threads took: 0.0000226 seconds
58.494: [GC (Allocation Failure)  79509K->629K(421376K), 0.0005987 secs]
58.494: Total time for which application threads were stopped: 0.0007508 seconds, Stopping threads took: 0.0000226 seconds
58.543: [GC (Allocation Failure)  78453K->629K(420352K), 0.0005125 secs]
58.543: Total time for which application threads were stopped: 0.0006524 seconds, Stopping threads took: 0.0000221 seconds
58.590: [GC (Allocation Failure)  77429K->661K(419328K), 0.0005734 secs]
58.591: Total time for which application threads were stopped: 0.0007005 seconds, Stopping threads took: 0.0000205 seconds
58.638: [GC (Allocation Failure)  76437K->629K(434688K), 0.0006260 secs]
58.639: Total time for which application threads were stopped: 0.0007514 seconds, Stopping threads took: 0.0000195 seconds
58.695: [GC (Allocation Failure)  91765K->629K(433152K), 0.0004783 secs]
58.695: Total time for which application threads were stopped: 0.0006200 seconds, Stopping threads took: 0.0000256 seconds
58.750: [GC (Allocation Failure)  90229K->661K(431616K), 0.0006316 secs]
58.751: Total time for which application threads were stopped: 0.0007624 seconds, Stopping threads took: 0.0000294 seconds
58.810: [GC (Allocation Failure)  88725K->629K(430080K), 0.0004913 secs]
58.811: Total time for which application threads were stopped: 0.0006213 seconds, Stopping threads took: 0.0000211 seconds
58.870: [GC (Allocation Failure)  87157K->661K(428544K), 0.0004785 secs]
58.871: Total time for which application threads were stopped: 0.0006096 seconds, Stopping threads took: 0.0000293 seconds
58.923: [GC (Allocation Failure)  85653K->661K(427008K), 0.0004696 secs]
58.924: Total time for which application threads were stopped: 0.0005966 seconds, Stopping threads took: 0.0000275 seconds
58.975: [GC (Allocation Failure)  84117K->629K(425472K), 0.0004191 secs]
58.976: Total time for which application threads were stopped: 0.0005401 seconds, Stopping threads took: 0.0000213 seconds
59.032: [GC (Allocation Failure)  82549K->661K(423936K), 0.0005506 secs]
59.033: Total time for which application threads were stopped: 0.0006641 seconds, Stopping threads took: 0.0000176 seconds
59.088: [GC (Allocation Failure)  81045K->629K(422400K), 0.0004476 secs]
59.088: Total time for which application threads were stopped: 0.0005571 seconds, Stopping threads took: 0.0000172 seconds
59.138: [GC (Allocation Failure)  79477K->693K(421376K), 0.0004560 secs]
59.139: Total time for which application threads were stopped: 0.0005678 seconds, Stopping threads took: 0.0000182 seconds
59.190: [GC (Allocation Failure)  78517K->629K(420352K), 0.0004535 secs]
59.190: Total time for which application threads were stopped: 0.0005616 seconds, Stopping threads took: 0.0000172 seconds
59.238: [GC (Allocation Failure)  77429K->629K(419328K), 0.0004130 secs]
59.239: Total time for which application threads were stopped: 0.0005263 seconds, Stopping threads took: 0.0000168 seconds
59.290: [GC (Allocation Failure)  76405K->629K(418304K), 0.0003912 secs]
59.290: Total time for which application threads were stopped: 0.0004987 seconds, Stopping threads took: 0.0000168 seconds
59.336: [GC (Allocation Failure)  75381K->597K(417280K), 0.0006098 secs]
59.337: Total time for which application threads were stopped: 0.0007273 seconds, Stopping threads took: 0.0000197 seconds
59.388: [GC (Allocation Failure)  74325K->597K(416256K), 0.0005422 secs]
59.389: Total time for which application threads were stopped: 0.0006660 seconds, Stopping threads took: 0.0000270 seconds
59.433: [GC (Allocation Failure)  73301K->629K(415232K), 0.0004745 secs]
59.434: Total time for which application threads were stopped: 0.0005983 seconds, Stopping threads took: 0.0000269 seconds
59.478: [GC (Allocation Failure)  72309K->693K(414208K), 0.0005778 secs]
59.479: Total time for which application threads were stopped: 0.0007049 seconds, Stopping threads took: 0.0000191 seconds
59.522: [GC (Allocation Failure)  71349K->629K(413184K), 0.0004423 secs]
59.523: Total time for which application threads were stopped: 0.0005701 seconds, Stopping threads took: 0.0000276 seconds
59.566: [GC (Allocation Failure)  70261K->661K(412160K), 0.0004487 secs]
59.566: Total time for which application threads were stopped: 0.0005770 seconds, Stopping threads took: 0.0000273 seconds
59.613: [GC (Allocation Failure)  69269K->661K(411136K), 0.0004722 secs]
59.614: Total time for which application threads were stopped: 0.0005886 seconds, Stopping threads took: 0.0000191 seconds
59.657: [GC (Allocation Failure)  68245K->661K(410112K), 0.0004677 secs]
59.657: Total time for which application threads were stopped: 0.0005882 seconds, Stopping threads took: 0.0000196 seconds
59.698: [GC (Allocation Failure)  67221K->629K(409088K), 0.0004869 secs]
59.699: Total time for which application threads were stopped: 0.0006120 seconds, Stopping threads took: 0.0000273 seconds
59.739: [GC (Allocation Failure)  66165K->629K(408064K), 0.0004814 secs]
59.740: Total time for which application threads were stopped: 0.0006089 seconds, Stopping threads took: 0.0000274 seconds
59.780: [GC (Allocation Failure)  65141K->629K(407040K), 0.0004577 secs]
59.781: Total time for which application threads were stopped: 0.0005732 seconds, Stopping threads took: 0.0000253 seconds
59.826: [GC (Allocation Failure)  64117K->629K(406016K), 0.0005605 secs]
59.826: Total time for which application threads were stopped: 0.0006882 seconds, Stopping threads took: 0.0000270 seconds
59.865: [GC (Allocation Failure)  63093K->693K(418816K), 0.0005510 secs]
59.865: Total time for which application threads were stopped: 0.0006694 seconds, Stopping threads took: 0.0000198 seconds
59.917: [GC (Allocation Failure)  75957K->661K(417792K), 0.0004908 secs]
59.917: Total time for which application threads were stopped: 0.0006045 seconds, Stopping threads took: 0.0000185 seconds
59.969: [GC (Allocation Failure)  74901K->629K(416768K), 0.0004595 secs]
59.969: Total time for which application threads were stopped: 0.0005898 seconds, Stopping threads took: 0.0000282 seconds
60.014: [GC (Allocation Failure)  73845K->629K(415744K), 0.0005718 secs]
60.015: Total time for which application threads were stopped: 0.0007173 seconds, Stopping threads took: 0.0000204 seconds
60.063: [GC (Allocation Failure)  72821K->629K(414720K), 0.0004448 secs]
60.063: Total time for which application threads were stopped: 0.0005605 seconds, Stopping threads took: 0.0000203 seconds
60.112: [GC (Allocation Failure)  71797K->661K(413696K), 0.0005802 secs]
60.112: Total time for which application threads were stopped: 0.0007122 seconds, Stopping threads took: 0.0000252 seconds
60.159: [GC (Allocation Failure)  70805K->629K(412672K), 0.0003936 secs]
60.159: Total time for which application threads were stopped: 0.0005067 seconds, Stopping threads took: 0.0000253 seconds
60.202: [GC (Allocation Failure)  69749K->629K(411648K), 0.0003982 secs]
60.202: Total time for which application threads were stopped: 0.0005048 seconds, Stopping threads took: 0.0000172 seconds
60.248: [GC (Allocation Failure)  68725K->661K(410624K), 0.0004404 secs]
60.248: Total time for which application threads were stopped: 0.0005486 seconds, Stopping threads took: 0.0000165 seconds
60.289: [GC (Allocation Failure)  67733K->661K(409600K), 0.0006833 secs]
60.290: Total time for which application threads were stopped: 0.0008331 seconds, Stopping threads took: 0.0000276 seconds
60.331: [GC (Allocation Failure)  66709K->629K(422912K), 0.0005670 secs]
60.332: Total time for which application threads were stopped: 0.0007047 seconds, Stopping threads took: 0.0000213 seconds
60.386: [GC (Allocation Failure)  79989K->661K(421888K), 0.0005265 secs]
60.387: Total time for which application threads were stopped: 0.0006774 seconds, Stopping threads took: 0.0000228 seconds
60.435: [GC (Allocation Failure)  78997K->661K(420864K), 0.0005170 secs]
60.436: Total time for which application threads were stopped: 0.0006618 seconds, Stopping threads took: 0.0000227 seconds
60.484: [GC (Allocation Failure)  77973K->693K(419840K), 0.0005524 secs]
60.484: Total time for which application threads were stopped: 0.0006692 seconds, Stopping threads took: 0.0000198 seconds
60.535: [GC (Allocation Failure)  76981K->629K(418816K), 0.0005184 secs]
60.535: Total time for which application threads were stopped: 0.0006599 seconds, Stopping threads took: 0.0000213 seconds
60.586: [GC (Allocation Failure)  75893K->661K(434176K), 0.0007579 secs]
60.587: Total time for which application threads were stopped: 0.0009091 seconds, Stopping threads took: 0.0000220 seconds
60.643: [GC (Allocation Failure)  91285K->661K(432640K), 0.0005160 secs]
60.643: Total time for which application threads were stopped: 0.0006486 seconds, Stopping threads took: 0.0000280 seconds
60.698: [GC (Allocation Failure)  89749K->661K(431104K), 0.0005002 secs]
60.699: Total time for which application threads were stopped: 0.0006502 seconds, Stopping threads took: 0.0000213 seconds
60.753: [GC (Allocation Failure)  88213K->629K(429568K), 0.0005143 secs]
60.753: Total time for which application threads were stopped: 0.0006604 seconds, Stopping threads took: 0.0000304 seconds
60.812: [GC (Allocation Failure)  86645K->661K(428032K), 0.0005353 secs]
60.813: Total time for which application threads were stopped: 0.0006441 seconds, Stopping threads took: 0.0000171 seconds
60.871: [GC (Allocation Failure)  85141K->629K(426496K), 0.0005082 secs]
60.871: Total time for which application threads were stopped: 0.0006129 seconds, Stopping threads took: 0.0000176 seconds
60.922: [GC (Allocation Failure)  83573K->661K(424960K), 0.0005728 secs]
60.923: Total time for which application threads were stopped: 0.0007055 seconds, Stopping threads took: 0.0000167 seconds
60.973: [GC (Allocation Failure)  82069K->693K(423424K), 0.0004989 secs]
60.973: Total time for which application threads were stopped: 0.0006261 seconds, Stopping threads took: 0.0000279 seconds
61.023: [GC (Allocation Failure)  80565K->661K(422400K), 0.0005275 secs]
61.023: Total time for which application threads were stopped: 0.0006668 seconds, Stopping threads took: 0.0000220 seconds
61.072: [GC (Allocation Failure)  79509K->661K(421376K), 0.0005869 secs]
61.072: Total time for which application threads were stopped: 0.0007392 seconds, Stopping threads took: 0.0000308 seconds
61.121: [GC (Allocation Failure)  78485K->661K(420352K), 0.0004720 secs]
61.122: Total time for which application threads were stopped: 0.0005995 seconds, Stopping threads took: 0.0000265 seconds
61.171: [GC (Allocation Failure)  77461K->629K(419328K), 0.0004104 secs]
61.172: Total time for which application threads were stopped: 0.0005393 seconds, Stopping threads took: 0.0000349 seconds
61.218: [GC (Allocation Failure)  76405K->661K(418304K), 0.0006493 secs]
61.219: Total time for which application threads were stopped: 0.0007794 seconds, Stopping threads took: 0.0000162 seconds
61.265: [GC (Allocation Failure)  75413K->661K(417280K), 0.0005127 secs]
61.266: Total time for which application threads were stopped: 0.0006528 seconds, Stopping threads took: 0.0000220 seconds
61.311: [GC (Allocation Failure)  74389K->629K(416256K), 0.0005157 secs]
61.312: Total time for which application threads were stopped: 0.0006622 seconds, Stopping threads took: 0.0000215 seconds
61.362: [GC (Allocation Failure)  73333K->661K(415232K), 0.0005302 secs]
61.363: Total time for which application threads were stopped: 0.0006685 seconds, Stopping threads took: 0.0000213 seconds
61.407: [GC (Allocation Failure)  72341K->693K(414208K), 0.0005321 secs]
61.408: Total time for which application threads were stopped: 0.0006838 seconds, Stopping threads took: 0.0000300 seconds
61.451: [GC (Allocation Failure)  71349K->661K(413184K), 0.0005001 secs]
61.452: Total time for which application threads were stopped: 0.0006342 seconds, Stopping threads took: 0.0000224 seconds
61.495: [GC (Allocation Failure)  70293K->629K(427520K), 0.0005977 secs]
61.495: Total time for which application threads were stopped: 0.0007243 seconds, Stopping threads took: 0.0000272 seconds
61.554: [GC (Allocation Failure)  84597K->629K(425984K), 0.0005086 secs]
61.555: Total time for which application threads were stopped: 0.0006500 seconds, Stopping threads took: 0.0000214 seconds
61.610: [GC (Allocation Failure)  83061K->629K(424448K), 0.0006427 secs]
61.611: Total time for which application threads were stopped: 0.0008002 seconds, Stopping threads took: 0.0000203 seconds
61.668: [GC (Allocation Failure)  81525K->629K(422912K), 0.0005418 secs]
61.668: Total time for which application threads were stopped: 0.0007098 seconds, Stopping threads took: 0.0000325 seconds
61.723: [GC (Allocation Failure)  79989K->629K(421888K), 0.0005369 secs]
61.723: Total time for which application threads were stopped: 0.0006889 seconds, Stopping threads took: 0.0000228 seconds
61.776: [GC (Allocation Failure)  78965K->661K(420864K), 0.0004672 secs]
61.777: Total time for which application threads were stopped: 0.0005950 seconds, Stopping threads took: 0.0000277 seconds
61.825: [GC (Allocation Failure)  77973K->661K(419840K), 0.0004553 secs]
61.825: Total time for which application threads were stopped: 0.0005778 seconds, Stopping threads took: 0.0000213 seconds
61.879: [GC (Allocation Failure)  76949K->693K(418816K), 0.0006098 secs]
61.879: Total time for which application threads were stopped: 0.0007304 seconds, Stopping threads took: 0.0000201 seconds
61.932: [GC (Allocation Failure)  75957K->661K(417792K), 0.0004606 secs]
61.932: Total time for which application threads were stopped: 0.0005786 seconds, Stopping threads took: 0.0000195 seconds
61.978: [GC (Allocation Failure)  74901K->629K(416768K), 0.0004664 secs]
61.979: Total time for which application threads were stopped: 0.0005827 seconds, Stopping threads took: 0.0000197 seconds
62.028: [GC (Allocation Failure)  73845K->629K(415744K), 0.0005328 secs]
62.029: Total time for which application threads were stopped: 0.0006599 seconds, Stopping threads took: 0.0000278 seconds
62.078: [GC (Allocation Failure)  72821K->597K(414720K), 0.0005555 secs]
62.079: Total time for which application threads were stopped: 0.0006902 seconds, Stopping threads took: 0.0000197 seconds
62.130: [GC (Allocation Failure)  71765K->693K(413696K), 0.0003833 secs]
62.131: Total time for which application threads were stopped: 0.0005026 seconds, Stopping threads took: 0.0000280 seconds
62.175: [GC (Allocation Failure)  70837K->629K(412672K), 0.0005119 secs]
62.175: Total time for which application threads were stopped: 0.0006332 seconds, Stopping threads took: 0.0000195 seconds
62.218: [GC (Allocation Failure)  69749K->597K(411648K), 0.0006127 secs]
62.219: Total time for which application threads were stopped: 0.0007445 seconds, Stopping threads took: 0.0000202 seconds
62.261: [GC (Allocation Failure)  68693K->661K(410624K), 0.0005612 secs]
62.261: Total time for which application threads were stopped: 0.0007100 seconds, Stopping threads took: 0.0000283 seconds
62.303: [GC (Allocation Failure)  67733K->597K(424448K), 0.0007101 secs]
62.303: Total time for which application threads were stopped: 0.0008512 seconds, Stopping threads took: 0.0000296 seconds
62.357: [GC (Allocation Failure)  81493K->629K(440832K), 0.0004392 secs]
62.357: Total time for which application threads were stopped: 0.0005724 seconds, Stopping threads took: 0.0000385 seconds
62.417: [GC (Allocation Failure)  97909K->629K(438784K), 0.0005074 secs]
62.418: Total time for which application threads were stopped: 0.0006345 seconds, Stopping threads took: 0.0000189 seconds
62.476: [GC (Allocation Failure)  95861K->661K(437248K), 0.0006045 secs]
62.477: Total time for which application threads were stopped: 0.0007339 seconds, Stopping threads took: 0.0000286 seconds
62.541: [GC (Allocation Failure)  94357K->629K(435712K), 0.0003888 secs]
62.541: Total time for which application threads were stopped: 0.0005031 seconds, Stopping threads took: 0.0000194 seconds
62.603: [GC (Allocation Failure)  92789K->629K(434176K), 0.0005193 secs]
62.604: Total time for which application threads were stopped: 0.0006379 seconds, Stopping threads took: 0.0000194 seconds
62.660: [GC (Allocation Failure)  91253K->629K(432640K), 0.0005398 secs]
62.661: Total time for which application threads were stopped: 0.0006689 seconds, Stopping threads took: 0.0000268 seconds
62.721: [GC (Allocation Failure)  89717K->661K(431104K), 0.0005330 secs]
62.721: Total time for which application threads were stopped: 0.0006659 seconds, Stopping threads took: 0.0000209 seconds
62.775: [GC (Allocation Failure)  88213K->693K(429568K), 0.0004630 secs]
62.776: Total time for which application threads were stopped: 0.0005910 seconds, Stopping threads took: 0.0000279 seconds
62.829: [GC (Allocation Failure)  86709K->725K(428032K), 0.0004898 secs]
62.829: Total time for which application threads were stopped: 0.0006162 seconds, Stopping threads took: 0.0000208 seconds
62.887: [GC (Allocation Failure)  85205K->597K(426496K), 0.0005923 secs]
62.888: Total time for which application threads were stopped: 0.0007315 seconds, Stopping threads took: 0.0000272 seconds
62.939: [GC (Allocation Failure)  83541K->597K(424960K), 0.0004575 secs]
62.939: Total time for which application threads were stopped: 0.0005781 seconds, Stopping threads took: 0.0000202 seconds
62.989: [GC (Allocation Failure)  82005K->693K(423424K), 0.0004572 secs]
62.990: Total time for which application threads were stopped: 0.0005839 seconds, Stopping threads took: 0.0000277 seconds
63.039: [GC (Allocation Failure)  80565K->725K(422400K), 0.0005922 secs]
63.040: Total time for which application threads were stopped: 0.0007215 seconds, Stopping threads took: 0.0000288 seconds
63.088: [GC (Allocation Failure)  79573K->629K(421376K), 0.0005007 secs]
63.089: Total time for which application threads were stopped: 0.0006288 seconds, Stopping threads took: 0.0000281 seconds
63.138: [GC (Allocation Failure)  78453K->629K(420352K), 0.0004235 secs]
63.139: Total time for which application threads were stopped: 0.0005543 seconds, Stopping threads took: 0.0000264 seconds
63.191: [GC (Allocation Failure)  77429K->661K(419328K), 0.0004912 secs]
63.191: Total time for which application threads were stopped: 0.0006208 seconds, Stopping threads took: 0.0000207 seconds
63.238: [GC (Allocation Failure)  76437K->597K(418304K), 0.0006436 secs]
63.239: Total time for which application threads were stopped: 0.0007815 seconds, Stopping threads took: 0.0000208 seconds
63.285: [GC (Allocation Failure)  75349K->629K(417280K), 0.0004852 secs]
63.286: Total time for which application threads were stopped: 0.0006163 seconds, Stopping threads took: 0.0000213 seconds
63.337: [GC (Allocation Failure)  74357K->661K(416256K), 0.0005019 secs]
63.337: Total time for which application threads were stopped: 0.0006478 seconds, Stopping threads took: 0.0000297 seconds
63.382: [GC (Allocation Failure)  73365K->661K(415232K), 0.0005055 secs]
63.382: Total time for which application threads were stopped: 0.0006469 seconds, Stopping threads took: 0.0000225 seconds
63.427: [GC (Allocation Failure)  72341K->661K(414208K), 0.0005628 secs]
63.427: Total time for which application threads were stopped: 0.0007054 seconds, Stopping threads took: 0.0000227 seconds
63.471: [GC (Allocation Failure)  71317K->629K(413184K), 0.0006161 secs]
63.471: Total time for which application threads were stopped: 0.0007777 seconds, Stopping threads took: 0.0000317 seconds
63.514: [GC (Allocation Failure)  70261K->629K(412160K), 0.0005334 secs]
63.515: Total time for which application threads were stopped: 0.0006819 seconds, Stopping threads took: 0.0000301 seconds
63.564: [GC (Allocation Failure)  69237K->629K(411136K), 0.0004899 secs]
63.565: Total time for which application threads were stopped: 0.0006280 seconds, Stopping threads took: 0.0000202 seconds
63.610: [GC (Allocation Failure)  68213K->629K(410112K), 0.0004766 secs]
63.611: Total time for which application threads were stopped: 0.0006274 seconds, Stopping threads took: 0.0000296 seconds
63.652: [GC (Allocation Failure)  67189K->693K(409088K), 0.0005931 secs]
63.653: Total time for which application threads were stopped: 0.0007462 seconds, Stopping threads took: 0.0000228 seconds
63.696: [GC (Allocation Failure)  66229K->661K(408064K), 0.0005013 secs]
63.697: Total time for which application threads were stopped: 0.0006413 seconds, Stopping threads took: 0.0000222 seconds
63.737: [GC (Allocation Failure)  65173K->661K(421376K), 0.0005589 secs]
63.738: Total time for which application threads were stopped: 0.0006784 seconds, Stopping threads took: 0.0000177 seconds
63.786: [GC (Allocation Failure)  78485K->629K(437248K), 0.0005285 secs]
63.787: Total time for which application threads were stopped: 0.0006349 seconds, Stopping threads took: 0.0000175 seconds
63.844: [GC (Allocation Failure)  94325K->693K(435712K), 0.0005706 secs]
63.845: Total time for which application threads were stopped: 0.0007115 seconds, Stopping threads took: 0.0000210 seconds
63.902: [GC (Allocation Failure)  92853K->597K(434176K), 0.0005153 secs]
63.903: Total time for which application threads were stopped: 0.0006439 seconds, Stopping threads took: 0.0000209 seconds
63.963: [GC (Allocation Failure)  91221K->597K(432640K), 0.0004732 secs]
63.963: Total time for which application threads were stopped: 0.0005951 seconds, Stopping threads took: 0.0000202 seconds
64.025: [GC (Allocation Failure)  89685K->661K(431104K), 0.0004912 secs]
64.026: Total time for which application threads were stopped: 0.0006112 seconds, Stopping threads took: 0.0000198 seconds
64.085: [GC (Allocation Failure)  88213K->661K(429568K), 0.0004678 secs]
64.086: Total time for which application threads were stopped: 0.0005841 seconds, Stopping threads took: 0.0000196 seconds
64.145: [GC (Allocation Failure)  86677K->629K(428032K), 0.0004745 secs]
64.145: Total time for which application threads were stopped: 0.0005969 seconds, Stopping threads took: 0.0000195 seconds
64.198: [GC (Allocation Failure)  85109K->693K(426496K), 0.0007574 secs]
64.199: Total time for which application threads were stopped: 0.0008919 seconds, Stopping threads took: 0.0000209 seconds
64.250: [GC (Allocation Failure)  83637K->565K(424960K), 0.0006821 secs]
64.251: Total time for which application threads were stopped: 0.0008107 seconds, Stopping threads took: 0.0000215 seconds
64.301: [GC (Allocation Failure)  81973K->629K(423424K), 0.0004539 secs]
64.302: Total time for which application threads were stopped: 0.0005726 seconds, Stopping threads took: 0.0000198 seconds
64.351: [GC (Allocation Failure)  80501K->693K(422400K), 0.0005386 secs]
64.352: Total time for which application threads were stopped: 0.0006772 seconds, Stopping threads took: 0.0000224 seconds
64.401: [GC (Allocation Failure)  79541K->693K(421376K), 0.0005056 secs]
64.401: Total time for which application threads were stopped: 0.0006423 seconds, Stopping threads took: 0.0000222 seconds
64.450: [GC (Allocation Failure)  78517K->725K(420352K), 0.0005045 secs]
64.450: Total time for which application threads were stopped: 0.0006355 seconds, Stopping threads took: 0.0000213 seconds
64.498: [GC (Allocation Failure)  77525K->629K(419328K), 0.0005158 secs]
64.498: Total time for which application threads were stopped: 0.0006544 seconds, Stopping threads took: 0.0000208 seconds
64.550: [GC (Allocation Failure)  76405K->661K(418304K), 0.0005059 secs]
64.550: Total time for which application threads were stopped: 0.0006689 seconds, Stopping threads took: 0.0000287 seconds
64.596: [GC (Allocation Failure)  75413K->661K(417280K), 0.0005097 secs]
64.597: Total time for which application threads were stopped: 0.0006495 seconds, Stopping threads took: 0.0000218 seconds
64.649: [GC (Allocation Failure)  74389K->597K(416256K), 0.0004149 secs]
64.649: Total time for which application threads were stopped: 0.0005532 seconds, Stopping threads took: 0.0000260 seconds
64.695: [GC (Allocation Failure)  73301K->693K(415232K), 0.0004969 secs]
64.696: Total time for which application threads were stopped: 0.0006466 seconds, Stopping threads took: 0.0000266 seconds
64.747: [GC (Allocation Failure)  72373K->629K(414208K), 0.0005177 secs]
64.747: Total time for which application threads were stopped: 0.0006585 seconds, Stopping threads took: 0.0000216 seconds
64.791: [GC (Allocation Failure)  71285K->725K(428544K), 0.0008594 secs]
64.792: Total time for which application threads were stopped: 0.0010101 seconds, Stopping threads took: 0.0000221 seconds
64.844: [GC (Allocation Failure)  85717K->629K(445952K), 0.0005959 secs]
64.845: Total time for which application threads were stopped: 0.0007473 seconds, Stopping threads took: 0.0000228 seconds
64.913: [GC (Allocation Failure)  103029K->661K(443904K), 0.0004691 secs]
64.914: Total time for which application threads were stopped: 0.0005919 seconds, Stopping threads took: 0.0000206 seconds
64.976: [GC (Allocation Failure)  101013K->629K(441856K), 0.0004989 secs]
64.976: Total time for which application threads were stopped: 0.0006426 seconds, Stopping threads took: 0.0000275 seconds
65.036: [GC (Allocation Failure)  98933K->661K(439808K), 0.0005713 secs]
65.037: Total time for which application threads were stopped: 0.0006904 seconds, Stopping threads took: 0.0000189 seconds
65.099: [GC (Allocation Failure)  96917K->629K(437760K), 0.0006694 secs]
65.100: Total time for which application threads were stopped: 0.0007942 seconds, Stopping threads took: 0.0000248 seconds
65.162: [GC (Allocation Failure)  94837K->629K(436224K), 0.0004169 secs]
65.162: Total time for which application threads were stopped: 0.0005378 seconds, Stopping threads took: 0.0000258 seconds
65.223: [GC (Allocation Failure)  93301K->629K(434688K), 0.0005548 secs]
65.224: Total time for which application threads were stopped: 0.0006841 seconds, Stopping threads took: 0.0000213 seconds
65.286: [GC (Allocation Failure)  91765K->629K(433152K), 0.0004680 secs]
65.287: Total time for which application threads were stopped: 0.0006072 seconds, Stopping threads took: 0.0000173 seconds
65.342: [GC (Allocation Failure)  90229K->693K(431616K), 0.0005014 secs]
65.342: Total time for which application threads were stopped: 0.0006289 seconds, Stopping threads took: 0.0000217 seconds
65.396: [GC (Allocation Failure)  88757K->629K(430080K), 0.0004760 secs]
65.397: Total time for which application threads were stopped: 0.0005948 seconds, Stopping threads took: 0.0000196 seconds
65.450: [GC (Allocation Failure)  87157K->629K(428544K), 0.0007243 secs]
65.451: Total time for which application threads were stopped: 0.0008430 seconds, Stopping threads took: 0.0000195 seconds
65.508: [GC (Allocation Failure)  85621K->661K(427008K), 0.0004826 secs]
65.509: Total time for which application threads were stopped: 0.0006014 seconds, Stopping threads took: 0.0000196 seconds
65.560: [GC (Allocation Failure)  84117K->661K(425472K), 0.0004527 secs]
65.560: Total time for which application threads were stopped: 0.0005773 seconds, Stopping threads took: 0.0000281 seconds
65.611: [GC (Allocation Failure)  82581K->629K(423936K), 0.0004765 secs]
65.611: Total time for which application threads were stopped: 0.0005945 seconds, Stopping threads took: 0.0000170 seconds
65.661: [GC (Allocation Failure)  81013K->661K(422400K), 0.0004786 secs]
65.662: Total time for which application threads were stopped: 0.0006055 seconds, Stopping threads took: 0.0000280 seconds
65.716: [GC (Allocation Failure)  79509K->661K(421376K), 0.0004874 secs]
65.716: Total time for which application threads were stopped: 0.0006411 seconds, Stopping threads took: 0.0000211 seconds
65.764: [GC (Allocation Failure)  78485K->661K(420352K), 0.0006429 secs]
65.765: Total time for which application threads were stopped: 0.0007767 seconds, Stopping threads took: 0.0000197 seconds
65.817: [GC (Allocation Failure)  77461K->661K(419328K), 0.0004625 secs]
65.817: Total time for which application threads were stopped: 0.0006001 seconds, Stopping threads took: 0.0000248 seconds
65.864: [GC (Allocation Failure)  76437K->661K(418304K), 0.0005305 secs]
65.865: Total time for which application threads were stopped: 0.0006591 seconds, Stopping threads took: 0.0000282 seconds
65.911: [GC (Allocation Failure)  75413K->629K(417280K), 0.0004319 secs]
65.912: Total time for which application threads were stopped: 0.0005580 seconds, Stopping threads took: 0.0000210 seconds
65.957: [GC (Allocation Failure)  74357K->661K(416256K), 0.0005078 secs]
65.958: Total time for which application threads were stopped: 0.0006470 seconds, Stopping threads took: 0.0000186 seconds
66.008: [GC (Allocation Failure)  73365K->629K(415232K), 0.0004951 secs]
66.009: Total time for which application threads were stopped: 0.0006355 seconds, Stopping threads took: 0.0000229 seconds
66.053: [GC (Allocation Failure)  72309K->661K(414208K), 0.0005015 secs]
66.054: Total time for which application threads were stopped: 0.0006455 seconds, Stopping threads took: 0.0000297 seconds
66.097: [GC (Allocation Failure)  71317K->661K(413184K), 0.0005320 secs]
66.098: Total time for which application threads were stopped: 0.0006822 seconds, Stopping threads took: 0.0000246 seconds
66.144: [GC (Allocation Failure)  70293K->661K(412160K), 0.0005515 secs]
66.145: Total time for which application threads were stopped: 0.0006780 seconds, Stopping threads took: 0.0000260 seconds
66.191: [GC (Allocation Failure)  69269K->629K(411136K), 0.0005222 secs]
66.191: Total time for which application threads were stopped: 0.0006509 seconds, Stopping threads took: 0.0000273 seconds
66.233: [GC (Allocation Failure)  68213K->661K(410112K), 0.0004492 secs]
66.233: Total time for which application threads were stopped: 0.0005689 seconds, Stopping threads took: 0.0000204 seconds
66.280: [GC (Allocation Failure)  67221K->693K(409088K), 0.0005486 secs]
66.280: Total time for which application threads were stopped: 0.0006598 seconds, Stopping threads took: 0.0000167 seconds
66.326: [GC (Allocation Failure)  66229K->629K(408064K), 0.0004815 secs]
66.327: Total time for which application threads were stopped: 0.0005827 seconds, Stopping threads took: 0.0000167 seconds
66.367: [GC (Allocation Failure)  65141K->629K(407040K), 0.0003947 secs]
66.367: Total time for which application threads were stopped: 0.0004926 seconds, Stopping threads took: 0.0000177 seconds
66.406: [GC (Allocation Failure)  64117K->629K(419840K), 0.0006287 secs]
66.407: Total time for which application threads were stopped: 0.0007791 seconds, Stopping threads took: 0.0000277 seconds
66.458: [GC (Allocation Failure)  76917K->629K(435200K), 0.0006601 secs]
66.459: Total time for which application threads were stopped: 0.0007937 seconds, Stopping threads took: 0.0000205 seconds
66.515: [GC (Allocation Failure)  92277K->629K(433664K), 0.0004952 secs]
66.516: Total time for which application threads were stopped: 0.0006423 seconds, Stopping threads took: 0.0000216 seconds
66.577: [GC (Allocation Failure)  90741K->597K(432128K), 0.0006840 secs]
66.578: Total time for which application threads were stopped: 0.0008284 seconds, Stopping threads took: 0.0000232 seconds
66.637: [GC (Allocation Failure)  89173K->661K(430592K), 0.0003848 secs]
66.638: Total time for which application threads were stopped: 0.0005062 seconds, Stopping threads took: 0.0000193 seconds
66.691: [GC (Allocation Failure)  87701K->725K(429056K), 0.0005975 secs]
66.692: Total time for which application threads were stopped: 0.0007179 seconds, Stopping threads took: 0.0000204 seconds
66.744: [GC (Allocation Failure)  86229K->597K(427520K), 0.0005498 secs]
66.745: Total time for which application threads were stopped: 0.0006667 seconds, Stopping threads took: 0.0000192 seconds
66.802: [GC (Allocation Failure)  84565K->597K(425984K), 0.0005500 secs]
66.803: Total time for which application threads were stopped: 0.0006816 seconds, Stopping threads took: 0.0000197 seconds
66.854: [GC (Allocation Failure)  83029K->629K(424448K), 0.0004755 secs]
66.854: Total time for which application threads were stopped: 0.0005913 seconds, Stopping threads took: 0.0000190 seconds
66.910: [GC (Allocation Failure)  81525K->629K(422912K), 0.0005228 secs]
66.910: Total time for which application threads were stopped: 0.0006505 seconds, Stopping threads took: 0.0000278 seconds
66.959: [GC (Allocation Failure)  79989K->597K(421888K), 0.0005649 secs]
66.960: Total time for which application threads were stopped: 0.0007137 seconds, Stopping threads took: 0.0000273 seconds
67.014: [GC (Allocation Failure)  78933K->629K(420864K), 0.0004902 secs]
67.015: Total time for which application threads were stopped: 0.0006284 seconds, Stopping threads took: 0.0000286 seconds
67.069: [GC (Allocation Failure)  77941K->693K(419840K), 0.0005973 secs]
67.070: Total time for which application threads were stopped: 0.0007184 seconds, Stopping threads took: 0.0000195 seconds
67.121: [GC (Allocation Failure)  76981K->661K(418816K), 0.0004506 secs]
67.122: Total time for which application threads were stopped: 0.0005688 seconds, Stopping threads took: 0.0000253 seconds
67.174: [GC (Allocation Failure)  75925K->693K(417792K), 0.0005003 secs]
67.174: Total time for which application threads were stopped: 0.0006254 seconds, Stopping threads took: 0.0000259 seconds
67.225: [GC (Allocation Failure)  74933K->661K(416768K), 0.0004439 secs]
67.226: Total time for which application threads were stopped: 0.0005644 seconds, Stopping threads took: 0.0000196 seconds
67.271: [GC (Allocation Failure)  73877K->661K(415744K), 0.0004742 secs]
67.271: Total time for which application threads were stopped: 0.0006073 seconds, Stopping threads took: 0.0000273 seconds
67.320: [GC (Allocation Failure)  72853K->629K(414720K), 0.0005827 secs]
67.321: Total time for which application threads were stopped: 0.0007233 seconds, Stopping threads took: 0.0000226 seconds
67.365: [GC (Allocation Failure)  71797K->597K(413696K), 0.0005736 secs]
67.365: Total time for which application threads were stopped: 0.0007099 seconds, Stopping threads took: 0.0000285 seconds
67.409: [GC (Allocation Failure)  70741K->661K(412672K), 0.0004995 secs]
67.409: Total time for which application threads were stopped: 0.0006284 seconds, Stopping threads took: 0.0000188 seconds
67.452: [GC (Allocation Failure)  69781K->693K(411648K), 0.0005252 secs]
67.452: Total time for which application threads were stopped: 0.0006655 seconds, Stopping threads took: 0.0000223 seconds
67.495: [GC (Allocation Failure)  68789K->629K(410624K), 0.0005604 secs]
67.495: Total time for which application threads were stopped: 0.0007077 seconds, Stopping threads took: 0.0000223 seconds
67.543: [GC (Allocation Failure)  67701K->725K(424448K), 0.0005897 secs]
67.543: Total time for which application threads were stopped: 0.0007350 seconds, Stopping threads took: 0.0000224 seconds
67.594: [GC (Allocation Failure)  81621K->693K(422912K), 0.0005098 secs]
67.594: Total time for which application threads were stopped: 0.0006640 seconds, Stopping threads took: 0.0000232 seconds
67.649: [GC (Allocation Failure)  80053K->629K(421888K), 0.0004534 secs]
67.649: Total time for which application threads were stopped: 0.0005737 seconds, Stopping threads took: 0.0000264 seconds
67.703: [GC (Allocation Failure)  78965K->661K(420864K), 0.0005192 secs]
67.703: Total time for which application threads were stopped: 0.0006455 seconds, Stopping threads took: 0.0000176 seconds
67.757: [GC (Allocation Failure)  77973K->629K(419840K), 0.0005033 secs]
67.757: Total time for which application threads were stopped: 0.0006509 seconds, Stopping threads took: 0.0000286 seconds
67.804: [GC (Allocation Failure)  76917K->629K(418816K), 0.0006714 secs]
67.805: Total time for which application threads were stopped: 0.0008068 seconds, Stopping threads took: 0.0000301 seconds
67.858: [GC (Allocation Failure)  75893K->629K(417792K), 0.0005636 secs]
67.859: Total time for which application threads were stopped: 0.0007118 seconds, Stopping threads took: 0.0000284 seconds
67.910: [GC (Allocation Failure)  74869K->629K(416768K), 0.0004703 secs]
67.911: Total time for which application threads were stopped: 0.0006103 seconds, Stopping threads took: 0.0000271 seconds
67.956: [GC (Allocation Failure)  73845K->629K(415744K), 0.0005160 secs]
67.957: Total time for which application threads were stopped: 0.0006470 seconds, Stopping threads took: 0.0000200 seconds
68.001: [GC (Allocation Failure)  72821K->661K(414720K), 0.0004915 secs]
68.002: Total time for which application threads were stopped: 0.0006389 seconds, Stopping threads took: 0.0000227 seconds
68.046: [GC (Allocation Failure)  71829K->629K(413696K), 0.0005278 secs]
68.047: Total time for which application threads were stopped: 0.0006791 seconds, Stopping threads took: 0.0000227 seconds
68.095: [GC (Allocation Failure)  70773K->629K(412672K), 0.0005124 secs]
68.096: Total time for which application threads were stopped: 0.0006459 seconds, Stopping threads took: 0.0000242 seconds
68.142: [GC (Allocation Failure)  69749K->693K(411648K), 0.0004956 secs]
68.142: Total time for which application threads were stopped: 0.0006168 seconds, Stopping threads took: 0.0000196 seconds
68.184: [GC (Allocation Failure)  68789K->629K(425472K), 0.0006285 secs]
68.185: Total time for which application threads were stopped: 0.0007602 seconds, Stopping threads took: 0.0000197 seconds
68.235: [GC (Allocation Failure)  82549K->629K(423936K), 0.0004828 secs]
68.236: Total time for which application threads were stopped: 0.0006071 seconds, Stopping threads took: 0.0000201 seconds
68.292: [GC (Allocation Failure)  81013K->661K(422400K), 0.0005783 secs]
68.292: Total time for which application threads were stopped: 0.0007192 seconds, Stopping threads took: 0.0000225 seconds
68.341: [GC (Allocation Failure)  79509K->629K(421376K), 0.0005147 secs]
68.341: Total time for which application threads were stopped: 0.0006550 seconds, Stopping threads took: 0.0000308 seconds
68.389: [GC (Allocation Failure)  78453K->597K(420352K), 0.0006425 secs]
68.390: Total time for which application threads were stopped: 0.0007822 seconds, Stopping threads took: 0.0000281 seconds
68.437: [GC (Allocation Failure)  77397K->693K(419328K), 0.0005680 secs]
68.438: Total time for which application threads were stopped: 0.0007115 seconds, Stopping threads took: 0.0000289 seconds
68.485: [GC (Allocation Failure)  76469K->597K(434688K), 0.0006562 secs]
68.485: Total time for which application threads were stopped: 0.0008054 seconds, Stopping threads took: 0.0000220 seconds
68.541: [GC (Allocation Failure)  91733K->597K(453120K), 0.0006382 secs]
68.542: Total time for which application threads were stopped: 0.0007712 seconds, Stopping threads took: 0.0000204 seconds
68.609: [GC (Allocation Failure)  110165K->629K(451072K), 0.0005148 secs]
68.610: Total time for which application threads were stopped: 0.0006426 seconds, Stopping threads took: 0.0000209 seconds
68.682: [GC (Allocation Failure)  108149K->693K(449024K), 0.0004754 secs]
68.683: Total time for which application threads were stopped: 0.0006098 seconds, Stopping threads took: 0.0000193 seconds
68.752: [GC (Allocation Failure)  106165K->661K(446976K), 0.0005530 secs]
68.753: Total time for which application threads were stopped: 0.0006954 seconds, Stopping threads took: 0.0000214 seconds
68.817: [GC (Allocation Failure)  104085K->629K(444928K), 0.0004979 secs]
68.818: Total time for which application threads were stopped: 0.0006377 seconds, Stopping threads took: 0.0000290 seconds
68.880: [GC (Allocation Failure)  102005K->693K(442880K), 0.0006363 secs]
68.881: Total time for which application threads were stopped: 0.0007575 seconds, Stopping threads took: 0.0000194 seconds
68.948: [GC (Allocation Failure)  100021K->565K(440832K), 0.0005397 secs]
68.949: Total time for which application threads were stopped: 0.0006862 seconds, Stopping threads took: 0.0000214 seconds
69.015: [GC (Allocation Failure)  97845K->661K(438784K), 0.0005789 secs]
69.016: Total time for which application threads were stopped: 0.0007526 seconds, Stopping threads took: 0.0000314 seconds
69.074: [GC (Allocation Failure)  95893K->661K(437248K), 0.0004499 secs]
69.075: Total time for which application threads were stopped: 0.0005669 seconds, Stopping threads took: 0.0000191 seconds
69.133: [GC (Allocation Failure)  94357K->629K(435712K), 0.0004533 secs]
69.134: Total time for which application threads were stopped: 0.0005811 seconds, Stopping threads took: 0.0000274 seconds
69.192: [GC (Allocation Failure)  92789K->629K(434176K), 0.0004068 secs]
69.193: Total time for which application threads were stopped: 0.0005363 seconds, Stopping threads took: 0.0000275 seconds
69.254: [GC (Allocation Failure)  91253K->661K(432640K), 0.0004763 secs]
69.254: Total time for which application threads were stopped: 0.0006005 seconds, Stopping threads took: 0.0000205 seconds
69.309: [GC (Allocation Failure)  89749K->725K(431104K), 0.0005023 secs]
69.310: Total time for which application threads were stopped: 0.0006524 seconds, Stopping threads took: 0.0000208 seconds
69.369: [GC (Allocation Failure)  88277K->661K(429568K), 0.0005170 secs]
69.370: Total time for which application threads were stopped: 0.0006638 seconds, Stopping threads took: 0.0000298 seconds
69.422: [GC (Allocation Failure)  86677K->661K(428032K), 0.0004787 secs]
69.423: Total time for which application threads were stopped: 0.0006262 seconds, Stopping threads took: 0.0000282 seconds
69.475: [GC (Allocation Failure)  85141K->661K(426496K), 0.0005620 secs]
69.476: Total time for which application threads were stopped: 0.0007096 seconds, Stopping threads took: 0.0000298 seconds
69.527: [GC (Allocation Failure)  83605K->597K(424960K), 0.0005325 secs]
69.527: Total time for which application threads were stopped: 0.0006610 seconds, Stopping threads took: 0.0000224 seconds
69.578: [GC (Allocation Failure)  82005K->661K(423424K), 0.0004453 secs]
69.578: Total time for which application threads were stopped: 0.0005660 seconds, Stopping threads took: 0.0000201 seconds
69.627: [GC (Allocation Failure)  80533K->629K(422400K), 0.0004741 secs]
69.628: Total time for which application threads were stopped: 0.0005917 seconds, Stopping threads took: 0.0000192 seconds
69.677: [GC (Allocation Failure)  79477K->597K(421376K), 0.0005397 secs]
69.677: Total time for which application threads were stopped: 0.0006849 seconds, Stopping threads took: 0.0000206 seconds
69.731: [GC (Allocation Failure)  78421K->629K(420352K), 0.0004847 secs]
69.732: Total time for which application threads were stopped: 0.0006061 seconds, Stopping threads took: 0.0000278 seconds
69.779: [GC (Allocation Failure)  77429K->629K(419328K), 0.0005258 secs]
69.779: Total time for which application threads were stopped: 0.0006311 seconds, Stopping threads took: 0.0000167 seconds
69.826: [GC (Allocation Failure)  76405K->661K(418304K), 0.0005857 secs]
69.827: Total time for which application threads were stopped: 0.0007055 seconds, Stopping threads took: 0.0000194 seconds
69.879: [GC (Allocation Failure)  75413K->629K(417280K), 0.0005229 secs]
69.880: Total time for which application threads were stopped: 0.0006605 seconds, Stopping threads took: 0.0000205 seconds
69.925: [GC (Allocation Failure)  74357K->629K(416256K), 0.0004874 secs]
69.926: Total time for which application threads were stopped: 0.0006155 seconds, Stopping threads took: 0.0000210 seconds
69.977: [GC (Allocation Failure)  73333K->693K(415232K), 0.0006833 secs]
69.977: Total time for which application threads were stopped: 0.0008034 seconds, Stopping threads took: 0.0000194 seconds
70.022: [GC (Allocation Failure)  72373K->629K(414208K), 0.0004463 secs]
70.022: Total time for which application threads were stopped: 0.0005718 seconds, Stopping threads took: 0.0000215 seconds
70.071: [GC (Allocation Failure)  71285K->629K(413184K), 0.0004906 secs]
70.072: Total time for which application threads were stopped: 0.0006261 seconds, Stopping threads took: 0.0000274 seconds
70.115: [GC (Allocation Failure)  70261K->693K(427520K), 0.0015548 secs]
70.117: Total time for which application threads were stopped: 0.0016632 seconds, Stopping threads took: 0.0000252 seconds
70.169: [GC (Allocation Failure)  84661K->629K(444416K), 0.0004572 secs]
70.170: Total time for which application threads were stopped: 0.0005726 seconds, Stopping threads took: 0.0000253 seconds
70.232: [GC (Allocation Failure)  101493K->629K(464896K), 0.0004749 secs]
70.232: Total time for which application threads were stopped: 0.0005945 seconds, Stopping threads took: 0.0000202 seconds
70.307: [GC (Allocation Failure)  121973K->661K(485888K), 0.0006056 secs]
70.307: Total time for which application threads were stopped: 0.0007391 seconds, Stopping threads took: 0.0000299 seconds
70.399: [GC (Allocation Failure)  142997K->661K(482304K), 0.0007348 secs]
70.400: Total time for which application threads were stopped: 0.0008447 seconds, Stopping threads took: 0.0000174 seconds
70.488: [GC (Allocation Failure)  139413K->629K(478720K), 0.0004548 secs]
70.489: Total time for which application threads were stopped: 0.0005841 seconds, Stopping threads took: 0.0000284 seconds
70.577: [GC (Allocation Failure)  135797K->629K(475648K), 0.0004661 secs]
70.578: Total time for which application threads were stopped: 0.0005918 seconds, Stopping threads took: 0.0000196 seconds
70.659: [GC (Allocation Failure)  132725K->629K(472576K), 0.0004119 secs]
70.660: Total time for which application threads were stopped: 0.0005483 seconds, Stopping threads took: 0.0000266 seconds
70.739: [GC (Allocation Failure)  129653K->661K(469504K), 0.0006152 secs]
70.739: Total time for which application threads were stopped: 0.0007576 seconds, Stopping threads took: 0.0000256 seconds
70.817: [GC (Allocation Failure)  126613K->661K(466432K), 0.0004676 secs]
70.817: Total time for which application threads were stopped: 0.0006031 seconds, Stopping threads took: 0.0000298 seconds
70.896: [GC (Allocation Failure)  123541K->693K(463872K), 0.0004615 secs]
70.897: Total time for which application threads were stopped: 0.0005741 seconds, Stopping threads took: 0.0000193 seconds
70.970: [GC (Allocation Failure)  121013K->629K(461312K), 0.0004713 secs]
70.971: Total time for which application threads were stopped: 0.0005784 seconds, Stopping threads took: 0.0000170 seconds
71.043: [GC (Allocation Failure)  118389K->629K(458752K), 0.0004594 secs]
71.044: Total time for which application threads were stopped: 0.0005651 seconds, Stopping threads took: 0.0000167 seconds
71.115: [GC (Allocation Failure)  115829K->597K(481792K), 0.0026799 secs]
71.118: Total time for which application threads were stopped: 0.0028183 seconds, Stopping threads took: 0.0000175 seconds
71.208: [GC (Allocation Failure)  138837K->661K(485888K), 0.0005053 secs]
71.209: Total time for which application threads were stopped: 0.0006294 seconds, Stopping threads took: 0.0000202 seconds
71.296: [GC (Allocation Failure)  142997K->629K(482304K), 0.0006100 secs]
71.297: Total time for which application threads were stopped: 0.0007299 seconds, Stopping threads took: 0.0000203 seconds
71.382: [GC (Allocation Failure)  139381K->661K(478720K), 0.0005495 secs]
71.383: Total time for which application threads were stopped: 0.0006698 seconds, Stopping threads took: 0.0000197 seconds
71.472: [GC (Allocation Failure)  135829K->661K(475648K), 0.0004809 secs]
71.472: Total time for which application threads were stopped: 0.0006088 seconds, Stopping threads took: 0.0000279 seconds
71.553: [GC (Allocation Failure)  132757K->693K(472576K), 0.0004707 secs]
71.554: Total time for which application threads were stopped: 0.0005979 seconds, Stopping threads took: 0.0000281 seconds
71.633: [GC (Allocation Failure)  129717K->725K(469504K), 0.0004873 secs]
71.633: Total time for which application threads were stopped: 0.0006094 seconds, Stopping threads took: 0.0000203 seconds
71.712: [GC (Allocation Failure)  126677K->629K(466432K), 0.0004750 secs]
71.712: Total time for which application threads were stopped: 0.0005957 seconds, Stopping threads took: 0.0000193 seconds
71.793: [GC (Allocation Failure)  123509K->629K(463872K), 0.0004996 secs]
71.794: Total time for which application threads were stopped: 0.0006132 seconds, Stopping threads took: 0.0000168 seconds
71.868: [GC (Allocation Failure)  120949K->629K(461312K), 0.0006902 secs]
71.869: Total time for which application threads were stopped: 0.0008310 seconds, Stopping threads took: 0.0000218 seconds
71.942: [GC (Allocation Failure)  118389K->661K(458752K), 0.0004928 secs]
71.942: Total time for which application threads were stopped: 0.0006400 seconds, Stopping threads took: 0.0000219 seconds
72.013: [GC (Allocation Failure)  115861K->661K(456192K), 0.0006155 secs]
72.013: Total time for which application threads were stopped: 0.0007732 seconds, Stopping threads took: 0.0000300 seconds
72.088: [GC (Allocation Failure)  113301K->661K(453632K), 0.0005126 secs]
72.089: Total time for which application threads were stopped: 0.0006418 seconds, Stopping threads took: 0.0000245 seconds
72.159: [GC (Allocation Failure)  110741K->629K(451584K), 0.0004242 secs]
72.159: Total time for which application threads were stopped: 0.0005471 seconds, Stopping threads took: 0.0000261 seconds
72.231: [GC (Allocation Failure)  108661K->661K(449536K), 0.0005228 secs]
72.231: Total time for which application threads were stopped: 0.0006579 seconds, Stopping threads took: 0.0000293 seconds
72.297: [GC (Allocation Failure)  106645K->693K(447488K), 0.0004994 secs]
72.297: Total time for which application threads were stopped: 0.0006354 seconds, Stopping threads took: 0.0000276 seconds
72.361: [GC (Allocation Failure)  104629K->629K(445440K), 0.0004917 secs]
72.362: Total time for which application threads were stopped: 0.0006080 seconds, Stopping threads took: 0.0000190 seconds
72.424: [GC (Allocation Failure)  102517K->661K(443392K), 0.0005391 secs]
72.425: Total time for which application threads were stopped: 0.0006629 seconds, Stopping threads took: 0.0000265 seconds
72.492: [GC (Allocation Failure)  100501K->629K(441344K), 0.0004598 secs]
72.492: Total time for which application threads were stopped: 0.0005823 seconds, Stopping threads took: 0.0000274 seconds
72.559: [GC (Allocation Failure)  98421K->661K(439296K), 0.0004959 secs]
72.559: Total time for which application threads were stopped: 0.0006196 seconds, Stopping threads took: 0.0000206 seconds
72.618: [GC (Allocation Failure)  96405K->693K(437760K), 0.0005125 secs]
72.619: Total time for which application threads were stopped: 0.0006541 seconds, Stopping threads took: 0.0000278 seconds
72.678: [GC (Allocation Failure)  94901K->693K(436224K), 0.0004510 secs]
72.678: Total time for which application threads were stopped: 0.0005952 seconds, Stopping threads took: 0.0000268 seconds
72.741: [GC (Allocation Failure)  93365K->661K(434688K), 0.0005529 secs]
72.741: Total time for which application threads were stopped: 0.0006864 seconds, Stopping threads took: 0.0000241 seconds
72.798: [GC (Allocation Failure)  91797K->661K(433152K), 0.0004938 secs]
72.798: Total time for which application threads were stopped: 0.0006286 seconds, Stopping threads took: 0.0000217 seconds
72.854: [GC (Allocation Failure)  90261K->693K(431616K), 0.0004882 secs]
72.854: Total time for which application threads were stopped: 0.0006296 seconds, Stopping threads took: 0.0000219 seconds
72.909: [GC (Allocation Failure)  88757K->693K(430080K), 0.0006987 secs]
72.909: Total time for which application threads were stopped: 0.0008424 seconds, Stopping threads took: 0.0000212 seconds
72.968: [GC (Allocation Failure)  87221K->661K(428544K), 0.0005251 secs]
72.969: Total time for which application threads were stopped: 0.0006799 seconds, Stopping threads took: 0.0000302 seconds
73.021: [GC (Allocation Failure)  85653K->629K(427008K), 0.0005247 secs]
73.022: Total time for which application threads were stopped: 0.0006783 seconds, Stopping threads took: 0.0000221 seconds
73.077: [GC (Allocation Failure)  84085K->629K(425472K), 0.0004925 secs]
73.078: Total time for which application threads were stopped: 0.0006198 seconds, Stopping threads took: 0.0000225 seconds
73.129: [GC (Allocation Failure)  82549K->629K(423936K), 0.0004538 secs]
73.129: Total time for which application threads were stopped: 0.0005594 seconds, Stopping threads took: 0.0000166 seconds
73.182: [GC (Allocation Failure)  81013K->629K(422400K), 0.0004258 secs]
73.183: Total time for which application threads were stopped: 0.0005318 seconds, Stopping threads took: 0.0000170 seconds
73.232: [GC (Allocation Failure)  79477K->629K(421376K), 0.0004749 secs]
73.233: Total time for which application threads were stopped: 0.0006082 seconds, Stopping threads took: 0.0000252 seconds
73.284: [GC (Allocation Failure)  78453K->629K(420352K), 0.0004888 secs]
73.285: Total time for which application threads were stopped: 0.0006054 seconds, Stopping threads took: 0.0000279 seconds
73.335: [GC (Allocation Failure)  77429K->661K(419328K), 0.0004881 secs]
73.335: Total time for which application threads were stopped: 0.0006237 seconds, Stopping threads took: 0.0000194 seconds
73.386: [GC (Allocation Failure)  76437K->629K(418304K), 0.0004625 secs]
73.387: Total time for which application threads were stopped: 0.0006066 seconds, Stopping threads took: 0.0000278 seconds
73.433: [GC (Allocation Failure)  75381K->629K(417280K), 0.0004832 secs]
73.434: Total time for which application threads were stopped: 0.0006209 seconds, Stopping threads took: 0.0000207 seconds
73.479: [GC (Allocation Failure)  74357K->661K(416256K), 0.0005303 secs]
73.480: Total time for which application threads were stopped: 0.0006742 seconds, Stopping threads took: 0.0000216 seconds
73.531: [GC (Allocation Failure)  73365K->661K(415232K), 0.0005173 secs]
73.532: Total time for which application threads were stopped: 0.0006550 seconds, Stopping threads took: 0.0000218 seconds
73.576: [GC (Allocation Failure)  72341K->693K(414208K), 0.0005384 secs]
73.577: Total time for which application threads were stopped: 0.0006890 seconds, Stopping threads took: 0.0000303 seconds
73.621: [GC (Allocation Failure)  71349K->661K(413184K), 0.0005814 secs]
73.621: Total time for which application threads were stopped: 0.0007373 seconds, Stopping threads took: 0.0000311 seconds
73.670: [GC (Allocation Failure)  70293K->629K(412160K), 0.0006348 secs]
73.671: Total time for which application threads were stopped: 0.0007517 seconds, Stopping threads took: 0.0000173 seconds
73.714: [GC (Allocation Failure)  69237K->629K(411136K), 0.0004843 secs]
73.714: Total time for which application threads were stopped: 0.0006148 seconds, Stopping threads took: 0.0000280 seconds
73.756: [GC (Allocation Failure)  68213K->597K(410112K), 0.0005191 secs]
73.757: Total time for which application threads were stopped: 0.0006385 seconds, Stopping threads took: 0.0000200 seconds
73.798: [GC (Allocation Failure)  67157K->693K(423424K), 0.0005039 secs]
73.799: Total time for which application threads were stopped: 0.0006472 seconds, Stopping threads took: 0.0000287 seconds
73.848: [GC (Allocation Failure)  80565K->597K(439808K), 0.0006428 secs]
73.849: Total time for which application threads were stopped: 0.0007733 seconds, Stopping threads took: 0.0000217 seconds
73.914: [GC (Allocation Failure)  96853K->597K(437760K), 0.0006082 secs]
73.915: Total time for which application threads were stopped: 0.0007312 seconds, Stopping threads took: 0.0000202 seconds
73.973: [GC (Allocation Failure)  94805K->693K(436224K), 0.0004613 secs]
73.973: Total time for which application threads were stopped: 0.0005767 seconds, Stopping threads took: 0.0000190 seconds
74.030: [GC (Allocation Failure)  93365K->597K(434688K), 0.0004668 secs]
74.031: Total time for which application threads were stopped: 0.0005858 seconds, Stopping threads took: 0.0000196 seconds
74.093: [GC (Allocation Failure)  91733K->661K(433152K), 0.0006302 secs]
74.094: Total time for which application threads were stopped: 0.0007724 seconds, Stopping threads took: 0.0000193 seconds
74.154: [GC (Allocation Failure)  90261K->725K(431616K), 0.0004270 secs]
74.155: Total time for which application threads were stopped: 0.0005533 seconds, Stopping threads took: 0.0000202 seconds
74.211: [GC (Allocation Failure)  88789K->629K(430080K), 0.0005796 secs]
74.211: Total time for which application threads were stopped: 0.0007159 seconds, Stopping threads took: 0.0000261 seconds
74.271: [GC (Allocation Failure)  87157K->597K(428544K), 0.0006847 secs]
74.271: Total time for which application threads were stopped: 0.0008221 seconds, Stopping threads took: 0.0000210 seconds
74.324: [GC (Allocation Failure)  85589K->629K(427008K), 0.0004869 secs]
74.325: Total time for which application threads were stopped: 0.0006180 seconds, Stopping threads took: 0.0000228 seconds
74.376: [GC (Allocation Failure)  84085K->597K(425472K), 0.0005812 secs]
74.377: Total time for which application threads were stopped: 0.0007109 seconds, Stopping threads took: 0.0000285 seconds
74.428: [GC (Allocation Failure)  82517K->693K(423936K), 0.0004960 secs]
74.428: Total time for which application threads were stopped: 0.0006150 seconds, Stopping threads took: 0.0000196 seconds
