Java HotSpot(TM) 64-Bit Server VM (25.171-b11) for linux-amd64 JRE (1.8.0_171-b11), built on Mar 28 2018 17:07:08 by "java_re" with gcc 4.3.0 20080428 (Red Hat 4.3.0-8)
Memory: 4k page, physical 32883000k(29629504k free), swap 8000508k(8000508k free)
CommandLine flags: -XX:InitialHeapSize=526128000 -XX:MaxHeapSize=8418048000 -XX:+PrintGC -XX:+PrintGCApplicationStoppedTime -XX:+PrintGCTimeStamps -XX:+UseCompressedClassPointers -XX:+UseCompressedOops -XX:+UseParallelGC 
0.389: [GC (Allocation Failure)  129024K->2381K(493056K), 0.0019222 secs]
0.391: Total time for which application threads were stopped: 0.0021076 seconds, Stopping threads took: 0.0000200 seconds
0.483: [GC (Allocation Failure)  131405K->576K(493056K), 0.0008985 secs]
0.484: Total time for which application threads were stopped: 0.0010469 seconds, Stopping threads took: 0.0000295 seconds
0.568: [GC (Allocation Failure)  129600K->608K(493056K), 0.0010651 secs]
0.569: Total time for which application threads were stopped: 0.0012035 seconds, Stopping threads took: 0.0000300 seconds
0.656: [GC (Allocation Failure)  129632K->584K(493056K), 0.0007976 secs]
0.657: Total time for which application threads were stopped: 0.0009559 seconds, Stopping threads took: 0.0000479 seconds
0.738: [GC (Allocation Failure)  129608K->624K(470016K), 0.0008102 secs]
0.739: Total time for which application threads were stopped: 0.0009372 seconds, Stopping threads took: 0.0000274 seconds
0.822: [GC (Allocation Failure)  126576K->592K(466944K), 0.0009066 secs]
0.823: Total time for which application threads were stopped: 0.0010170 seconds, Stopping threads took: 0.0000169 seconds
0.900: [GC (Allocation Failure)  123472K->565K(463872K), 0.0011677 secs]
0.901: Total time for which application threads were stopped: 0.0012883 seconds, Stopping threads took: 0.0000200 seconds
0.976: [GC (Allocation Failure)  120885K->661K(461312K), 0.0005260 secs]
0.977: Total time for which application threads were stopped: 0.0006513 seconds, Stopping threads took: 0.0000274 seconds
1.057: [GC (Allocation Failure)  118421K->597K(460800K), 0.0005812 secs]
1.058: Total time for which application threads were stopped: 0.0006928 seconds, Stopping threads took: 0.0000312 seconds
1.133: [GC (Allocation Failure)  115797K->629K(456192K), 0.0008630 secs]
1.133: Total time for which application threads were stopped: 0.0010038 seconds, Stopping threads took: 0.0000313 seconds
1.208: [GC (Allocation Failure)  113269K->597K(485376K), 0.0056936 secs]
1.214: Total time for which application threads were stopped: 0.0058411 seconds, Stopping threads took: 0.0000317 seconds
1.306: [GC (Allocation Failure)  140885K->661K(525312K), 0.0005089 secs]
1.307: Total time for which application threads were stopped: 0.0006232 seconds, Stopping threads took: 0.0000296 seconds
1.429: [GC (Allocation Failure)  180885K->629K(525312K), 0.0005261 secs]
1.430: Total time for which application threads were stopped: 0.0006511 seconds, Stopping threads took: 0.0000166 seconds
1.543: [GC (Allocation Failure)  180853K->629K(633856K), 0.0004533 secs]
1.543: Total time for which application threads were stopped: 0.0005815 seconds, Stopping threads took: 0.0000282 seconds
1.750: [GC (Allocation Failure)  289397K->693K(622592K), 0.0004774 secs]
1.751: Total time for which application threads were stopped: 0.0006032 seconds, Stopping threads took: 0.0000270 seconds
1.924: [GC (Allocation Failure)  279733K->661K(613376K), 0.0005085 secs]
1.925: Total time for which application threads were stopped: 0.0006305 seconds, Stopping threads took: 0.0000280 seconds
2.093: [GC (Allocation Failure)  270485K->629K(606208K), 0.0005012 secs]
2.093: Total time for which application threads were stopped: 0.0006401 seconds, Stopping threads took: 0.0000292 seconds
2.261: [GC (Allocation Failure)  261749K->661K(595968K), 0.0005089 secs]
2.262: Total time for which application threads were stopped: 0.0006357 seconds, Stopping threads took: 0.0000260 seconds
2.419: [GC (Allocation Failure)  253077K->629K(588800K), 0.0004686 secs]
2.420: Total time for which application threads were stopped: 0.0005858 seconds, Stopping threads took: 0.0000202 seconds
2.572: [GC (Allocation Failure)  244853K->629K(580096K), 0.0006154 secs]
2.573: Total time for which application threads were stopped: 0.0007383 seconds, Stopping threads took: 0.0000195 seconds
2.723: [GC (Allocation Failure)  237173K->629K(573952K), 0.0004864 secs]
2.723: Total time for which application threads were stopped: 0.0006157 seconds, Stopping threads took: 0.0000201 seconds
2.870: [GC (Allocation Failure)  230005K->725K(565760K), 0.0006528 secs]
2.871: Total time for which application threads were stopped: 0.0007672 seconds, Stopping threads took: 0.0000193 seconds
3.015: [GC (Allocation Failure)  222933K->629K(560128K), 0.0006074 secs]
3.015: Total time for which application threads were stopped: 0.0007302 seconds, Stopping threads took: 0.0000276 seconds
3.150: [GC (Allocation Failure)  216181K->677K(552448K), 0.0005431 secs]
3.150: Total time for which application threads were stopped: 0.0006575 seconds, Stopping threads took: 0.0000192 seconds
3.283: [GC (Allocation Failure)  209573K->645K(546816K), 0.0004278 secs]
3.283: Total time for which application threads were stopped: 0.0005561 seconds, Stopping threads took: 0.0000284 seconds
3.409: [GC (Allocation Failure)  203397K->645K(540160K), 0.0005853 secs]
3.410: Total time for which application threads were stopped: 0.0007096 seconds, Stopping threads took: 0.0000280 seconds
3.533: [GC (Allocation Failure)  197253K->645K(535040K), 0.0004682 secs]
3.534: Total time for which application threads were stopped: 0.0006067 seconds, Stopping threads took: 0.0000195 seconds
3.660: [GC (Allocation Failure)  191621K->645K(528896K), 0.0005268 secs]
3.660: Total time for which application threads were stopped: 0.0006557 seconds, Stopping threads took: 0.0000272 seconds
3.777: [GC (Allocation Failure)  185989K->645K(524288K), 0.0005082 secs]
3.777: Total time for which application threads were stopped: 0.0006357 seconds, Stopping threads took: 0.0000202 seconds
3.895: [GC (Allocation Failure)  180869K->613K(518656K), 0.0005280 secs]
3.895: Total time for which application threads were stopped: 0.0006532 seconds, Stopping threads took: 0.0000275 seconds
4.009: [GC (Allocation Failure)  175717K->741K(514560K), 0.0006561 secs]
4.010: Total time for which application threads were stopped: 0.0007741 seconds, Stopping threads took: 0.0000209 seconds
4.061: Total time for which application threads were stopped: 0.0001294 seconds, Stopping threads took: 0.0000544 seconds
4.118: [GC (Allocation Failure)  171237K->709K(509440K), 0.0007138 secs]
4.118: Total time for which application threads were stopped: 0.0008668 seconds, Stopping threads took: 0.0000293 seconds
4.228: [GC (Allocation Failure)  166597K->709K(505344K), 0.0004944 secs]
4.229: Total time for which application threads were stopped: 0.0006323 seconds, Stopping threads took: 0.0000283 seconds
4.330: [GC (Allocation Failure)  161989K->677K(500736K), 0.0005983 secs]
4.330: Total time for which application threads were stopped: 0.0007580 seconds, Stopping threads took: 0.0000227 seconds
4.429: [GC (Allocation Failure)  157861K->645K(497152K), 0.0004928 secs]
4.429: Total time for which application threads were stopped: 0.0006354 seconds, Stopping threads took: 0.0000289 seconds
4.528: [GC (Allocation Failure)  153733K->645K(492544K), 0.0004639 secs]
4.529: Total time for which application threads were stopped: 0.0005878 seconds, Stopping threads took: 0.0000274 seconds
4.627: [GC (Allocation Failure)  149637K->709K(488960K), 0.0005259 secs]
4.628: Total time for which application threads were stopped: 0.0006433 seconds, Stopping threads took: 0.0000269 seconds
4.721: [GC (Allocation Failure)  146117K->677K(485376K), 0.0005331 secs]
4.722: Total time for which application threads were stopped: 0.0006542 seconds, Stopping threads took: 0.0000204 seconds
4.810: [GC (Allocation Failure)  142501K->677K(481792K), 0.0004995 secs]
4.811: Total time for which application threads were stopped: 0.0006292 seconds, Stopping threads took: 0.0000245 seconds
4.898: [GC (Allocation Failure)  138917K->613K(478720K), 0.0007209 secs]
4.899: Total time for which application threads were stopped: 0.0008894 seconds, Stopping threads took: 0.0000286 seconds
4.989: [GC (Allocation Failure)  135781K->613K(475648K), 0.0005400 secs]
4.990: Total time for which application threads were stopped: 0.0006653 seconds, Stopping threads took: 0.0000281 seconds
5.078: [GC (Allocation Failure)  132709K->677K(472576K), 0.0005234 secs]
5.078: Total time for which application threads were stopped: 0.0006491 seconds, Stopping threads took: 0.0000213 seconds
5.164: [GC (Allocation Failure)  129701K->677K(469504K), 0.0005360 secs]
5.164: Total time for which application threads were stopped: 0.0006728 seconds, Stopping threads took: 0.0000193 seconds
5.251: [GC (Allocation Failure)  126629K->677K(466432K), 0.0004648 secs]
5.252: Total time for which application threads were stopped: 0.0005911 seconds, Stopping threads took: 0.0000279 seconds
5.335: [GC (Allocation Failure)  123557K->677K(463872K), 0.0005927 secs]
5.335: Total time for which application threads were stopped: 0.0007278 seconds, Stopping threads took: 0.0000195 seconds
5.411: [GC (Allocation Failure)  120997K->677K(461312K), 0.0005823 secs]
5.411: Total time for which application threads were stopped: 0.0007099 seconds, Stopping threads took: 0.0000275 seconds
5.492: [GC (Allocation Failure)  118437K->709K(458752K), 0.0005092 secs]
5.493: Total time for which application threads were stopped: 0.0006367 seconds, Stopping threads took: 0.0000189 seconds
5.565: [GC (Allocation Failure)  115909K->709K(456192K), 0.0005284 secs]
5.566: Total time for which application threads were stopped: 0.0006427 seconds, Stopping threads took: 0.0000185 seconds
5.643: [GC (Allocation Failure)  113349K->741K(453632K), 0.0005064 secs]
5.644: Total time for which application threads were stopped: 0.0006256 seconds, Stopping threads took: 0.0000132 seconds
5.719: [GC (Allocation Failure)  110821K->645K(451584K), 0.0003756 secs]
5.720: Total time for which application threads were stopped: 0.0005091 seconds, Stopping threads took: 0.0000252 seconds
5.787: [GC (Allocation Failure)  108677K->645K(449536K), 0.0006073 secs]
5.788: Total time for which application threads were stopped: 0.0007145 seconds, Stopping threads took: 0.0000174 seconds
5.858: [GC (Allocation Failure)  106629K->645K(447488K), 0.0005686 secs]
5.859: Total time for which application threads were stopped: 0.0006873 seconds, Stopping threads took: 0.0000193 seconds
5.924: [GC (Allocation Failure)  104581K->677K(445440K), 0.0004965 secs]
5.925: Total time for which application threads were stopped: 0.0006142 seconds, Stopping threads took: 0.0000191 seconds
5.994: [GC (Allocation Failure)  102565K->613K(443392K), 0.0005978 secs]
5.995: Total time for which application threads were stopped: 0.0007091 seconds, Stopping threads took: 0.0000186 seconds
6.061: [GC (Allocation Failure)  100453K->645K(441344K), 0.0004677 secs]
6.062: Total time for which application threads were stopped: 0.0005849 seconds, Stopping threads took: 0.0000193 seconds
6.123: [GC (Allocation Failure)  98437K->645K(439296K), 0.0004554 secs]
6.123: Total time for which application threads were stopped: 0.0005717 seconds, Stopping threads took: 0.0000201 seconds
6.190: [GC (Allocation Failure)  96389K->709K(437760K), 0.0006049 secs]
6.190: Total time for which application threads were stopped: 0.0007362 seconds, Stopping threads took: 0.0000200 seconds
6.249: [GC (Allocation Failure)  94917K->613K(436224K), 0.0005896 secs]
6.250: Total time for which application threads were stopped: 0.0007158 seconds, Stopping threads took: 0.0000268 seconds
6.314: [GC (Allocation Failure)  93285K->613K(434688K), 0.0005664 secs]
6.315: Total time for which application threads were stopped: 0.0006785 seconds, Stopping threads took: 0.0000169 seconds
6.379: [GC (Allocation Failure)  91749K->677K(433152K), 0.0004691 secs]
6.379: Total time for which application threads were stopped: 0.0006085 seconds, Stopping threads took: 0.0000267 seconds
6.435: [GC (Allocation Failure)  90277K->613K(431616K), 0.0005780 secs]
6.436: Total time for which application threads were stopped: 0.0006984 seconds, Stopping threads took: 0.0000217 seconds
6.497: [GC (Allocation Failure)  88677K->581K(430080K), 0.0005529 secs]
6.498: Total time for which application threads were stopped: 0.0006600 seconds, Stopping threads took: 0.0000172 seconds
6.556: [GC (Allocation Failure)  87109K->677K(428544K), 0.0004792 secs]
6.557: Total time for which application threads were stopped: 0.0005963 seconds, Stopping threads took: 0.0000193 seconds
6.610: [GC (Allocation Failure)  85669K->709K(427008K), 0.0005386 secs]
6.611: Total time for which application threads were stopped: 0.0006474 seconds, Stopping threads took: 0.0000187 seconds
6.670: [GC (Allocation Failure)  84165K->677K(425472K), 0.0005642 secs]
6.670: Total time for which application threads were stopped: 0.0006875 seconds, Stopping threads took: 0.0000279 seconds
6.727: [GC (Allocation Failure)  82597K->613K(423936K), 0.0004304 secs]
6.727: Total time for which application threads were stopped: 0.0005550 seconds, Stopping threads took: 0.0000198 seconds
6.781: [GC (Allocation Failure)  80997K->677K(422400K), 0.0005244 secs]
6.781: Total time for which application threads were stopped: 0.0006444 seconds, Stopping threads took: 0.0000195 seconds
6.831: [GC (Allocation Failure)  79525K->613K(421376K), 0.0005711 secs]
6.832: Total time for which application threads were stopped: 0.0006895 seconds, Stopping threads took: 0.0000198 seconds
6.881: [GC (Allocation Failure)  78437K->677K(420352K), 0.0004760 secs]
6.882: Total time for which application threads were stopped: 0.0006094 seconds, Stopping threads took: 0.0000198 seconds
6.930: [GC (Allocation Failure)  77477K->613K(419328K), 0.0005066 secs]
6.931: Total time for which application threads were stopped: 0.0006314 seconds, Stopping threads took: 0.0000203 seconds
6.985: [GC (Allocation Failure)  76389K->709K(418304K), 0.0005243 secs]
6.986: Total time for which application threads were stopped: 0.0006544 seconds, Stopping threads took: 0.0000205 seconds
7.033: [GC (Allocation Failure)  75461K->677K(417280K), 0.0005399 secs]
7.034: Total time for which application threads were stopped: 0.0006837 seconds, Stopping threads took: 0.0000291 seconds
7.080: [GC (Allocation Failure)  74405K->645K(416256K), 0.0005515 secs]
7.081: Total time for which application threads were stopped: 0.0006902 seconds, Stopping threads took: 0.0000282 seconds
7.131: [GC (Allocation Failure)  73349K->645K(415232K), 0.0005448 secs]
7.132: Total time for which application threads were stopped: 0.0006786 seconds, Stopping threads took: 0.0000290 seconds
7.183: [GC (Allocation Failure)  72325K->645K(414208K), 0.0004104 secs]
7.184: Total time for which application threads were stopped: 0.0005254 seconds, Stopping threads took: 0.0000257 seconds
7.229: [GC (Allocation Failure)  71301K->677K(413184K), 0.0006620 secs]
7.230: Total time for which application threads were stopped: 0.0008100 seconds, Stopping threads took: 0.0000292 seconds
7.280: [GC (Allocation Failure)  70309K->645K(412160K), 0.0005090 secs]
7.280: Total time for which application threads were stopped: 0.0006627 seconds, Stopping threads took: 0.0000305 seconds
7.328: [GC (Allocation Failure)  69253K->613K(411136K), 0.0005977 secs]
7.329: Total time for which application threads were stopped: 0.0007442 seconds, Stopping threads took: 0.0000301 seconds
7.372: [GC (Allocation Failure)  68197K->645K(424960K), 0.0006387 secs]
7.372: Total time for which application threads were stopped: 0.0007869 seconds, Stopping threads took: 0.0000302 seconds
7.424: [GC (Allocation Failure)  82053K->677K(423424K), 0.0004817 secs]
7.424: Total time for which application threads were stopped: 0.0006030 seconds, Stopping threads took: 0.0000266 seconds
7.475: [GC (Allocation Failure)  80549K->645K(422400K), 0.0005528 secs]
7.475: Total time for which application threads were stopped: 0.0006743 seconds, Stopping threads took: 0.0000272 seconds
7.528: [GC (Allocation Failure)  79493K->613K(421376K), 0.0006053 secs]
7.529: Total time for which application threads were stopped: 0.0007086 seconds, Stopping threads took: 0.0000173 seconds
7.578: [GC (Allocation Failure)  78437K->613K(437248K), 0.0006318 secs]
7.579: Total time for which application threads were stopped: 0.0007572 seconds, Stopping threads took: 0.0000272 seconds
7.642: [GC (Allocation Failure)  94309K->677K(435712K), 0.0003937 secs]
7.643: Total time for which application threads were stopped: 0.0004950 seconds, Stopping threads took: 0.0000151 seconds
7.703: [GC (Allocation Failure)  92837K->613K(434176K), 0.0004950 secs]
7.703: Total time for which application threads were stopped: 0.0006192 seconds, Stopping threads took: 0.0000278 seconds
7.760: [GC (Allocation Failure)  91237K->677K(432640K), 0.0004822 secs]
7.761: Total time for which application threads were stopped: 0.0006133 seconds, Stopping threads took: 0.0000280 seconds
7.817: [GC (Allocation Failure)  89765K->677K(431104K), 0.0005048 secs]
7.817: Total time for which application threads were stopped: 0.0006280 seconds, Stopping threads took: 0.0000210 seconds
7.878: [GC (Allocation Failure)  88229K->581K(429568K), 0.0004991 secs]
7.879: Total time for which application threads were stopped: 0.0006371 seconds, Stopping threads took: 0.0000215 seconds
7.939: [GC (Allocation Failure)  86597K->613K(428032K), 0.0004793 secs]
7.940: Total time for which application threads were stopped: 0.0006235 seconds, Stopping threads took: 0.0000286 seconds
7.999: [GC (Allocation Failure)  85093K->645K(426496K), 0.0005363 secs]
7.999: Total time for which application threads were stopped: 0.0006787 seconds, Stopping threads took: 0.0000228 seconds
8.058: [GC (Allocation Failure)  83589K->677K(424960K), 0.0004325 secs]
8.058: Total time for which application threads were stopped: 0.0006457 seconds, Stopping threads took: 0.0000290 seconds
8.115: [GC (Allocation Failure)  82085K->613K(423424K), 0.0005199 secs]
8.115: Total time for which application threads were stopped: 0.0006669 seconds, Stopping threads took: 0.0000286 seconds
8.165: [GC (Allocation Failure)  80485K->613K(422400K), 0.0005692 secs]
8.166: Total time for which application threads were stopped: 0.0006957 seconds, Stopping threads took: 0.0000227 seconds
8.222: [GC (Allocation Failure)  79461K->645K(421376K), 0.0005623 secs]
8.222: Total time for which application threads were stopped: 0.0006950 seconds, Stopping threads took: 0.0000275 seconds
8.271: [GC (Allocation Failure)  78469K->709K(420352K), 0.0006369 secs]
8.272: Total time for which application threads were stopped: 0.0007632 seconds, Stopping threads took: 0.0000279 seconds
8.320: [GC (Allocation Failure)  77509K->645K(419328K), 0.0004885 secs]
8.321: Total time for which application threads were stopped: 0.0006017 seconds, Stopping threads took: 0.0000187 seconds
8.374: [GC (Allocation Failure)  76421K->709K(418304K), 0.0004556 secs]
8.375: Total time for which application threads were stopped: 0.0005816 seconds, Stopping threads took: 0.0000273 seconds
8.422: [GC (Allocation Failure)  75461K->677K(417280K), 0.0004868 secs]
8.422: Total time for which application threads were stopped: 0.0006107 seconds, Stopping threads took: 0.0000265 seconds
8.469: [GC (Allocation Failure)  74405K->677K(416256K), 0.0004796 secs]
8.469: Total time for which application threads were stopped: 0.0006054 seconds, Stopping threads took: 0.0000270 seconds
8.515: [GC (Allocation Failure)  73381K->645K(415232K), 0.0005286 secs]
8.516: Total time for which application threads were stopped: 0.0006444 seconds, Stopping threads took: 0.0000188 seconds
8.561: [GC (Allocation Failure)  72325K->645K(414208K), 0.0005116 secs]
8.562: Total time for which application threads were stopped: 0.0006382 seconds, Stopping threads took: 0.0000270 seconds
8.606: [GC (Allocation Failure)  71301K->581K(413184K), 0.0005261 secs]
8.607: Total time for which application threads were stopped: 0.0006684 seconds, Stopping threads took: 0.0000207 seconds
8.656: [GC (Allocation Failure)  70213K->677K(412160K), 0.0004762 secs]
8.656: Total time for which application threads were stopped: 0.0006307 seconds, Stopping threads took: 0.0000278 seconds
8.701: [GC (Allocation Failure)  69285K->677K(411136K), 0.0004906 secs]
8.702: Total time for which application threads were stopped: 0.0006241 seconds, Stopping threads took: 0.0000281 seconds
8.745: [GC (Allocation Failure)  68261K->613K(410112K), 0.0005741 secs]
8.745: Total time for which application threads were stopped: 0.0007013 seconds, Stopping threads took: 0.0000259 seconds
8.788: [GC (Allocation Failure)  67173K->645K(423424K), 0.0015572 secs]
8.789: Total time for which application threads were stopped: 0.0016873 seconds, Stopping threads took: 0.0000334 seconds
8.840: [GC (Allocation Failure)  80517K->677K(439808K), 0.0005014 secs]
8.840: Total time for which application threads were stopped: 0.0006364 seconds, Stopping threads took: 0.0000218 seconds
8.901: [GC (Allocation Failure)  96933K->677K(459264K), 0.0005212 secs]
8.902: Total time for which application threads were stopped: 0.0006605 seconds, Stopping threads took: 0.0000197 seconds
8.975: [GC (Allocation Failure)  116389K->645K(482816K), 0.0006187 secs]
8.975: Total time for which application threads were stopped: 0.0007500 seconds, Stopping threads took: 0.0000226 seconds
9.063: [GC (Allocation Failure)  139909K->677K(479232K), 0.0004664 secs]
9.064: Total time for which application threads were stopped: 0.0006013 seconds, Stopping threads took: 0.0000210 seconds
9.154: [GC (Allocation Failure)  136357K->645K(476160K), 0.0004795 secs]
9.155: Total time for which application threads were stopped: 0.0006161 seconds, Stopping threads took: 0.0000305 seconds
9.243: [GC (Allocation Failure)  133253K->613K(473088K), 0.0005244 secs]
9.244: Total time for which application threads were stopped: 0.0006380 seconds, Stopping threads took: 0.0000195 seconds
9.325: [GC (Allocation Failure)  130149K->645K(470016K), 0.0004679 secs]
9.326: Total time for which application threads were stopped: 0.0005881 seconds, Stopping threads took: 0.0000204 seconds
9.405: [GC (Allocation Failure)  127109K->645K(466944K), 0.0003929 secs]
9.405: Total time for which application threads were stopped: 0.0004990 seconds, Stopping threads took: 0.0000164 seconds
9.489: [GC (Allocation Failure)  124037K->613K(464384K), 0.0004730 secs]
9.489: Total time for which application threads were stopped: 0.0005937 seconds, Stopping threads took: 0.0000196 seconds
9.565: [GC (Allocation Failure)  121445K->677K(461824K), 0.0004615 secs]
9.566: Total time for which application threads were stopped: 0.0005782 seconds, Stopping threads took: 0.0000199 seconds
9.647: [GC (Allocation Failure)  118949K->645K(459264K), 0.0004343 secs]
9.648: Total time for which application threads were stopped: 0.0005529 seconds, Stopping threads took: 0.0000267 seconds
9.727: [GC (Allocation Failure)  116357K->645K(456704K), 0.0004292 secs]
9.727: Total time for which application threads were stopped: 0.0005438 seconds, Stopping threads took: 0.0000249 seconds
9.798: [GC (Allocation Failure)  113797K->677K(454144K), 0.0004783 secs]
9.799: Total time for which application threads were stopped: 0.0005991 seconds, Stopping threads took: 0.0000208 seconds
9.868: [GC (Allocation Failure)  111269K->709K(452096K), 0.0004712 secs]
9.869: Total time for which application threads were stopped: 0.0005863 seconds, Stopping threads took: 0.0000190 seconds
9.937: [GC (Allocation Failure)  109253K->645K(450048K), 0.0004780 secs]
9.937: Total time for which application threads were stopped: 0.0006039 seconds, Stopping threads took: 0.0000201 seconds
10.004: [GC (Allocation Failure)  107141K->645K(448000K), 0.0004965 secs]
10.004: Total time for which application threads were stopped: 0.0006238 seconds, Stopping threads took: 0.0000193 seconds
10.070: [GC (Allocation Failure)  105093K->645K(445952K), 0.0004597 secs]
10.070: Total time for which application threads were stopped: 0.0005857 seconds, Stopping threads took: 0.0000214 seconds
10.140: [GC (Allocation Failure)  103045K->645K(443904K), 0.0005442 secs]
10.141: Total time for which application threads were stopped: 0.0006840 seconds, Stopping threads took: 0.0000166 seconds
10.205: [GC (Allocation Failure)  100997K->645K(441856K), 0.0003854 secs]
10.205: Total time for which application threads were stopped: 0.0005010 seconds, Stopping threads took: 0.0000173 seconds
10.267: [GC (Allocation Failure)  98949K->645K(439808K), 0.0004005 secs]
10.268: Total time for which application threads were stopped: 0.0005040 seconds, Stopping threads took: 0.0000170 seconds
10.331: [GC (Allocation Failure)  96901K->709K(437760K), 0.0005093 secs]
10.332: Total time for which application threads were stopped: 0.0006471 seconds, Stopping threads took: 0.0000282 seconds
10.391: [GC (Allocation Failure)  94917K->645K(436224K), 0.0005713 secs]
10.392: Total time for which application threads were stopped: 0.0007134 seconds, Stopping threads took: 0.0000212 seconds
10.453: [GC (Allocation Failure)  93317K->645K(434688K), 0.0005619 secs]
10.453: Total time for which application threads were stopped: 0.0007048 seconds, Stopping threads took: 0.0000214 seconds
10.517: [GC (Allocation Failure)  91781K->709K(433152K), 0.0005207 secs]
10.518: Total time for which application threads were stopped: 0.0006388 seconds, Stopping threads took: 0.0000202 seconds
10.578: [GC (Allocation Failure)  90309K->677K(431616K), 0.0005097 secs]
10.578: Total time for which application threads were stopped: 0.0006333 seconds, Stopping threads took: 0.0000270 seconds
10.640: [GC (Allocation Failure)  88741K->645K(430080K), 0.0004453 secs]
10.640: Total time for which application threads were stopped: 0.0005577 seconds, Stopping threads took: 0.0000242 seconds
10.695: [GC (Allocation Failure)  87173K->677K(428544K), 0.0004632 secs]
10.696: Total time for which application threads were stopped: 0.0005910 seconds, Stopping threads took: 0.0000286 seconds
10.749: [GC (Allocation Failure)  85669K->709K(427008K), 0.0004859 secs]
10.749: Total time for which application threads were stopped: 0.0006103 seconds, Stopping threads took: 0.0000194 seconds
10.802: [GC (Allocation Failure)  84165K->677K(425472K), 0.0005024 secs]
10.802: Total time for which application threads were stopped: 0.0006340 seconds, Stopping threads took: 0.0000213 seconds
10.854: [GC (Allocation Failure)  82597K->677K(423936K), 0.0006115 secs]
10.854: Total time for which application threads were stopped: 0.0007390 seconds, Stopping threads took: 0.0000218 seconds
10.905: [GC (Allocation Failure)  81061K->709K(422400K), 0.0004914 secs]
10.905: Total time for which application threads were stopped: 0.0006133 seconds, Stopping threads took: 0.0000192 seconds
10.955: [GC (Allocation Failure)  79557K->613K(421376K), 0.0004945 secs]
10.956: Total time for which application threads were stopped: 0.0006224 seconds, Stopping threads took: 0.0000217 seconds
11.004: [GC (Allocation Failure)  78437K->741K(420352K), 0.0006070 secs]
11.005: Total time for which application threads were stopped: 0.0007458 seconds, Stopping threads took: 0.0000205 seconds
11.058: [GC (Allocation Failure)  77541K->613K(419328K), 0.0005694 secs]
11.059: Total time for which application threads were stopped: 0.0006876 seconds, Stopping threads took: 0.0000170 seconds
11.110: [GC (Allocation Failure)  76389K->677K(418304K), 0.0004621 secs]
11.110: Total time for which application threads were stopped: 0.0005866 seconds, Stopping threads took: 0.0000269 seconds
11.157: [GC (Allocation Failure)  75429K->613K(417280K), 0.0004185 secs]
11.158: Total time for which application threads were stopped: 0.0005381 seconds, Stopping threads took: 0.0000199 seconds
11.205: [GC (Allocation Failure)  74341K->741K(416256K), 0.0004065 secs]
11.206: Total time for which application threads were stopped: 0.0005243 seconds, Stopping threads took: 0.0000255 seconds
11.252: [GC (Allocation Failure)  73445K->645K(415232K), 0.0004909 secs]
11.252: Total time for which application threads were stopped: 0.0006246 seconds, Stopping threads took: 0.0000202 seconds
11.297: [GC (Allocation Failure)  72325K->677K(414208K), 0.0007577 secs]
11.298: Total time for which application threads were stopped: 0.0008995 seconds, Stopping threads took: 0.0000213 seconds
11.342: [GC (Allocation Failure)  71333K->645K(413184K), 0.0005354 secs]
11.343: Total time for which application threads were stopped: 0.0006948 seconds, Stopping threads took: 0.0000308 seconds
11.390: [GC (Allocation Failure)  70277K->741K(412160K), 0.0005135 secs]
11.390: Total time for which application threads were stopped: 0.0006774 seconds, Stopping threads took: 0.0000359 seconds
11.434: [GC (Allocation Failure)  69349K->613K(411136K), 0.0005614 secs]
11.435: Total time for which application threads were stopped: 0.0006726 seconds, Stopping threads took: 0.0000172 seconds
11.477: [GC (Allocation Failure)  68197K->613K(410112K), 0.0004775 secs]
11.478: Total time for which application threads were stopped: 0.0006269 seconds, Stopping threads took: 0.0000209 seconds
11.527: [GC (Allocation Failure)  67173K->677K(409088K), 0.0006143 secs]
11.528: Total time for which application threads were stopped: 0.0007658 seconds, Stopping threads took: 0.0000230 seconds
11.569: [GC (Allocation Failure)  66213K->677K(408064K), 0.0004871 secs]
11.570: Total time for which application threads were stopped: 0.0006226 seconds, Stopping threads took: 0.0000218 seconds
11.611: [GC (Allocation Failure)  65189K->645K(421376K), 0.0005315 secs]
11.611: Total time for which application threads were stopped: 0.0006806 seconds, Stopping threads took: 0.0000292 seconds
11.661: [GC (Allocation Failure)  78469K->677K(437248K), 0.0006763 secs]
11.662: Total time for which application threads were stopped: 0.0008123 seconds, Stopping threads took: 0.0000201 seconds
11.722: [GC (Allocation Failure)  94373K->645K(435712K), 0.0004948 secs]
11.722: Total time for which application threads were stopped: 0.0006594 seconds, Stopping threads took: 0.0000269 seconds
11.787: [GC (Allocation Failure)  92805K->677K(434176K), 0.0005152 secs]
11.787: Total time for which application threads were stopped: 0.0006464 seconds, Stopping threads took: 0.0000165 seconds
11.844: [GC (Allocation Failure)  91301K->645K(432640K), 0.0004744 secs]
11.845: Total time for which application threads were stopped: 0.0005982 seconds, Stopping threads took: 0.0000200 seconds
11.901: [GC (Allocation Failure)  89733K->677K(431104K), 0.0005170 secs]
11.902: Total time for which application threads were stopped: 0.0006539 seconds, Stopping threads took: 0.0000211 seconds
11.957: [GC (Allocation Failure)  88229K->645K(429568K), 0.0005482 secs]
11.957: Total time for which application threads were stopped: 0.0006769 seconds, Stopping threads took: 0.0000197 seconds
12.012: [GC (Allocation Failure)  86661K->677K(428032K), 0.0004881 secs]
12.012: Total time for which application threads were stopped: 0.0006242 seconds, Stopping threads took: 0.0000210 seconds
12.071: [GC (Allocation Failure)  85157K->645K(426496K), 0.0005229 secs]
12.071: Total time for which application threads were stopped: 0.0006699 seconds, Stopping threads took: 0.0000215 seconds
12.130: [GC (Allocation Failure)  83589K->645K(424960K), 0.0005940 secs]
12.130: Total time for which application threads were stopped: 0.0007427 seconds, Stopping threads took: 0.0000232 seconds
12.187: [GC (Allocation Failure)  82053K->709K(423424K), 0.0004852 secs]
12.188: Total time for which application threads were stopped: 0.0006369 seconds, Stopping threads took: 0.0000276 seconds
12.243: [GC (Allocation Failure)  80581K->741K(422400K), 0.0005239 secs]
12.244: Total time for which application threads were stopped: 0.0006327 seconds, Stopping threads took: 0.0000178 seconds
12.293: [GC (Allocation Failure)  79589K->613K(421376K), 0.0005656 secs]
12.294: Total time for which application threads were stopped: 0.0006929 seconds, Stopping threads took: 0.0000290 seconds
12.347: [GC (Allocation Failure)  78437K->645K(420352K), 0.0003826 secs]
12.348: Total time for which application threads were stopped: 0.0004906 seconds, Stopping threads took: 0.0000173 seconds
12.396: [GC (Allocation Failure)  77445K->741K(419328K), 0.0004983 secs]
12.396: Total time for which application threads were stopped: 0.0006274 seconds, Stopping threads took: 0.0000280 seconds
12.449: [GC (Allocation Failure)  76517K->677K(418304K), 0.0005214 secs]
12.450: Total time for which application threads were stopped: 0.0006588 seconds, Stopping threads took: 0.0000216 seconds
12.497: [GC (Allocation Failure)  75429K->677K(417280K), 0.0006180 secs]
12.498: Total time for which application threads were stopped: 0.0007561 seconds, Stopping threads took: 0.0000214 seconds
12.545: [GC (Allocation Failure)  74405K->677K(432128K), 0.0007769 secs]
12.545: Total time for which application threads were stopped: 0.0009262 seconds, Stopping threads took: 0.0000231 seconds
12.601: [GC (Allocation Failure)  89253K->645K(430592K), 0.0005042 secs]
12.602: Total time for which application threads were stopped: 0.0006222 seconds, Stopping threads took: 0.0000194 seconds
12.663: [GC (Allocation Failure)  87685K->613K(429056K), 0.0004161 secs]
12.663: Total time for which application threads were stopped: 0.0005307 seconds, Stopping threads took: 0.0000195 seconds
12.723: [GC (Allocation Failure)  86117K->645K(427520K), 0.0004375 secs]
12.723: Total time for which application threads were stopped: 0.0005595 seconds, Stopping threads took: 0.0000270 seconds
12.782: [GC (Allocation Failure)  84613K->677K(425984K), 0.0007050 secs]
12.783: Total time for which application threads were stopped: 0.0008354 seconds, Stopping threads took: 0.0000264 seconds
12.835: [GC (Allocation Failure)  83109K->613K(424448K), 0.0006865 secs]
12.835: Total time for which application threads were stopped: 0.0008281 seconds, Stopping threads took: 0.0000215 seconds
12.886: [GC (Allocation Failure)  81509K->677K(422912K), 0.0006703 secs]
12.887: Total time for which application threads were stopped: 0.0008209 seconds, Stopping threads took: 0.0000217 seconds
12.941: [GC (Allocation Failure)  80037K->677K(421888K), 0.0005313 secs]
12.942: Total time for which application threads were stopped: 0.0006751 seconds, Stopping threads took: 0.0000226 seconds
12.991: [GC (Allocation Failure)  79013K->677K(420864K), 0.0004860 secs]
12.991: Total time for which application threads were stopped: 0.0006057 seconds, Stopping threads took: 0.0000196 seconds
13.040: [GC (Allocation Failure)  77989K->645K(419840K), 0.0005321 secs]
13.041: Total time for which application threads were stopped: 0.0006751 seconds, Stopping threads took: 0.0000212 seconds
13.094: [GC (Allocation Failure)  76933K->645K(418816K), 0.0004784 secs]
13.095: Total time for which application threads were stopped: 0.0006017 seconds, Stopping threads took: 0.0000269 seconds
13.142: [GC (Allocation Failure)  75909K->645K(417792K), 0.0004765 secs]
13.142: Total time for which application threads were stopped: 0.0006116 seconds, Stopping threads took: 0.0000277 seconds
13.189: [GC (Allocation Failure)  74885K->709K(416768K), 0.0004981 secs]
13.190: Total time for which application threads were stopped: 0.0006271 seconds, Stopping threads took: 0.0000280 seconds
13.240: [GC (Allocation Failure)  73925K->709K(415744K), 0.0004482 secs]
13.240: Total time for which application threads were stopped: 0.0005728 seconds, Stopping threads took: 0.0000205 seconds
13.289: [GC (Allocation Failure)  72901K->645K(414720K), 0.0005176 secs]
13.290: Total time for which application threads were stopped: 0.0006520 seconds, Stopping threads took: 0.0000185 seconds
13.335: [GC (Allocation Failure)  71813K->677K(413696K), 0.0004845 secs]
13.335: Total time for which application threads were stopped: 0.0006054 seconds, Stopping threads took: 0.0000191 seconds
13.379: [GC (Allocation Failure)  70821K->613K(412672K), 0.0006125 secs]
13.380: Total time for which application threads were stopped: 0.0007607 seconds, Stopping threads took: 0.0000283 seconds
13.429: [GC (Allocation Failure)  69733K->645K(411648K), 0.0004835 secs]
13.430: Total time for which application threads were stopped: 0.0006394 seconds, Stopping threads took: 0.0000245 seconds
13.478: [GC (Allocation Failure)  68741K->677K(410624K), 0.0006093 secs]
13.479: Total time for which application threads were stopped: 0.0007551 seconds, Stopping threads took: 0.0000224 seconds
13.522: [GC (Allocation Failure)  67749K->677K(409600K), 0.0004579 secs]
13.522: Total time for which application threads were stopped: 0.0005830 seconds, Stopping threads took: 0.0000198 seconds
13.564: [GC (Allocation Failure)  66725K->645K(408576K), 0.0005283 secs]
13.564: Total time for which application threads were stopped: 0.0006782 seconds, Stopping threads took: 0.0000291 seconds
13.605: [GC (Allocation Failure)  65669K->613K(421888K), 0.0006346 secs]
13.606: Total time for which application threads were stopped: 0.0007648 seconds, Stopping threads took: 0.0000217 seconds
13.662: [GC (Allocation Failure)  78949K->645K(420864K), 0.0004032 secs]
13.663: Total time for which application threads were stopped: 0.0005138 seconds, Stopping threads took: 0.0000173 seconds
13.713: [GC (Allocation Failure)  77957K->645K(419840K), 0.0004138 secs]
13.713: Total time for which application threads were stopped: 0.0005462 seconds, Stopping threads took: 0.0000266 seconds
13.766: [GC (Allocation Failure)  76933K->709K(418816K), 0.0005372 secs]
13.766: Total time for which application threads were stopped: 0.0006627 seconds, Stopping threads took: 0.0000257 seconds
13.820: [GC (Allocation Failure)  75973K->645K(417792K), 0.0004195 secs]
13.820: Total time for which application threads were stopped: 0.0005250 seconds, Stopping threads took: 0.0000170 seconds
13.872: [GC (Allocation Failure)  74885K->645K(416768K), 0.0004769 secs]
13.872: Total time for which application threads were stopped: 0.0005979 seconds, Stopping threads took: 0.0000195 seconds
13.918: [GC (Allocation Failure)  73861K->741K(415744K), 0.0005238 secs]
13.919: Total time for which application threads were stopped: 0.0006585 seconds, Stopping threads took: 0.0000215 seconds
13.964: [GC (Allocation Failure)  72933K->677K(414720K), 0.0005111 secs]
13.965: Total time for which application threads were stopped: 0.0006579 seconds, Stopping threads took: 0.0000301 seconds
14.009: [GC (Allocation Failure)  71845K->677K(413696K), 0.0005520 secs]
14.010: Total time for which application threads were stopped: 0.0006993 seconds, Stopping threads took: 0.0000306 seconds
14.054: [GC (Allocation Failure)  70821K->645K(412672K), 0.0005850 secs]
14.055: Total time for which application threads were stopped: 0.0007236 seconds, Stopping threads took: 0.0000212 seconds
14.105: [GC (Allocation Failure)  69765K->677K(426496K), 0.0007706 secs]
14.106: Total time for which application threads were stopped: 0.0009113 seconds, Stopping threads took: 0.0000226 seconds
14.164: [GC (Allocation Failure)  83621K->645K(424960K), 0.0005478 secs]
14.165: Total time for which application threads were stopped: 0.0006982 seconds, Stopping threads took: 0.0000225 seconds
14.218: [GC (Allocation Failure)  82053K->645K(423424K), 0.0003986 secs]
14.219: Total time for which application threads were stopped: 0.0005163 seconds, Stopping threads took: 0.0000165 seconds
14.270: [GC (Allocation Failure)  80517K->677K(422400K), 0.0005993 secs]
14.270: Total time for which application threads were stopped: 0.0007354 seconds, Stopping threads took: 0.0000199 seconds
14.320: [GC (Allocation Failure)  79525K->677K(421376K), 0.0005194 secs]
14.321: Total time for which application threads were stopped: 0.0006671 seconds, Stopping threads took: 0.0000221 seconds
14.370: [GC (Allocation Failure)  78501K->645K(420352K), 0.0005480 secs]
14.370: Total time for which application threads were stopped: 0.0006865 seconds, Stopping threads took: 0.0000223 seconds
14.426: [GC (Allocation Failure)  77445K->613K(419328K), 0.0005330 secs]
14.426: Total time for which application threads were stopped: 0.0006798 seconds, Stopping threads took: 0.0000281 seconds
14.474: [GC (Allocation Failure)  76389K->645K(418304K), 0.0005721 secs]
14.475: Total time for which application threads were stopped: 0.0007310 seconds, Stopping threads took: 0.0000380 seconds
14.522: [GC (Allocation Failure)  75397K->677K(417280K), 0.0004950 secs]
14.522: Total time for which application threads were stopped: 0.0006191 seconds, Stopping threads took: 0.0000217 seconds
14.573: [GC (Allocation Failure)  74405K->645K(416256K), 0.0004225 secs]
14.573: Total time for which application threads were stopped: 0.0005254 seconds, Stopping threads took: 0.0000160 seconds
14.622: [GC (Allocation Failure)  73349K->645K(431104K), 0.0013964 secs]
14.624: Total time for which application threads were stopped: 0.0015207 seconds, Stopping threads took: 0.0000251 seconds
14.682: [GC (Allocation Failure)  88197K->741K(449024K), 0.0004773 secs]
14.683: Total time for which application threads were stopped: 0.0005925 seconds, Stopping threads took: 0.0000170 seconds
14.749: [GC (Allocation Failure)  106213K->677K(470528K), 0.0005129 secs]
14.750: Total time for which application threads were stopped: 0.0006548 seconds, Stopping threads took: 0.0000257 seconds
14.835: [GC (Allocation Failure)  127653K->645K(467456K), 0.0004571 secs]
14.836: Total time for which application threads were stopped: 0.0005838 seconds, Stopping threads took: 0.0000204 seconds
14.920: [GC (Allocation Failure)  124549K->741K(464896K), 0.0004807 secs]
14.920: Total time for which application threads were stopped: 0.0006040 seconds, Stopping threads took: 0.0000204 seconds
14.996: [GC (Allocation Failure)  122085K->645K(462336K), 0.0004675 secs]
14.997: Total time for which application threads were stopped: 0.0005961 seconds, Stopping threads took: 0.0000274 seconds
15.071: [GC (Allocation Failure)  119429K->677K(459776K), 0.0005570 secs]
15.071: Total time for which application threads were stopped: 0.0006867 seconds, Stopping threads took: 0.0000196 seconds
15.149: [GC (Allocation Failure)  116901K->709K(457216K), 0.0004182 secs]
15.149: Total time for which application threads were stopped: 0.0005277 seconds, Stopping threads took: 0.0000166 seconds
15.226: [GC (Allocation Failure)  114373K->645K(454656K), 0.0005108 secs]
15.226: Total time for which application threads were stopped: 0.0006376 seconds, Stopping threads took: 0.0000269 seconds
15.300: [GC (Allocation Failure)  111749K->709K(452096K), 0.0005069 secs]
15.300: Total time for which application threads were stopped: 0.0006225 seconds, Stopping threads took: 0.0000192 seconds
15.368: [GC (Allocation Failure)  109253K->645K(450048K), 0.0004596 secs]
15.369: Total time for which application threads were stopped: 0.0005781 seconds, Stopping threads took: 0.0000204 seconds
15.436: [GC (Allocation Failure)  107141K->677K(448000K), 0.0004746 secs]
15.436: Total time for which application threads were stopped: 0.0005993 seconds, Stopping threads took: 0.0000273 seconds
15.502: [GC (Allocation Failure)  105125K->677K(445952K), 0.0004901 secs]
15.502: Total time for which application threads were stopped: 0.0006047 seconds, Stopping threads took: 0.0000180 seconds
15.567: [GC (Allocation Failure)  103077K->645K(443904K), 0.0005449 secs]
15.567: Total time for which application threads were stopped: 0.0006713 seconds, Stopping threads took: 0.0000271 seconds
15.636: [GC (Allocation Failure)  100997K->613K(441856K), 0.0006233 secs]
15.637: Total time for which application threads were stopped: 0.0007667 seconds, Stopping threads took: 0.0000277 seconds
15.702: [GC (Allocation Failure)  98917K->645K(439808K), 0.0004160 secs]
15.703: Total time for which application threads were stopped: 0.0005352 seconds, Stopping threads took: 0.0000176 seconds
15.763: [GC (Allocation Failure)  96901K->677K(437760K), 0.0004375 secs]
15.763: Total time for which application threads were stopped: 0.0005554 seconds, Stopping threads took: 0.0000252 seconds
15.828: [GC (Allocation Failure)  94885K->645K(436224K), 0.0004750 secs]
15.829: Total time for which application threads were stopped: 0.0005809 seconds, Stopping threads took: 0.0000169 seconds
15.886: [GC (Allocation Failure)  93317K->645K(434688K), 0.0004401 secs]
15.887: Total time for which application threads were stopped: 0.0005495 seconds, Stopping threads took: 0.0000166 seconds
15.944: [GC (Allocation Failure)  91781K->677K(433152K), 0.0004943 secs]
15.945: Total time for which application threads were stopped: 0.0006218 seconds, Stopping threads took: 0.0000273 seconds
16.001: [GC (Allocation Failure)  90277K->677K(431616K), 0.0005300 secs]
16.001: Total time for which application threads were stopped: 0.0006444 seconds, Stopping threads took: 0.0000186 seconds
16.056: [GC (Allocation Failure)  88741K->645K(430080K), 0.0004763 secs]
16.057: Total time for which application threads were stopped: 0.0006061 seconds, Stopping threads took: 0.0000192 seconds
16.116: [GC (Allocation Failure)  87173K->677K(428544K), 0.0005826 secs]
16.117: Total time for which application threads were stopped: 0.0007280 seconds, Stopping threads took: 0.0000223 seconds
16.170: [GC (Allocation Failure)  85669K->709K(427008K), 0.0005539 secs]
16.171: Total time for which application threads were stopped: 0.0006974 seconds, Stopping threads took: 0.0000217 seconds
16.229: [GC (Allocation Failure)  84165K->677K(425472K), 0.0005614 secs]
16.229: Total time for which application threads were stopped: 0.0007103 seconds, Stopping threads took: 0.0000222 seconds
16.286: [GC (Allocation Failure)  82597K->645K(423936K), 0.0004856 secs]
16.287: Total time for which application threads were stopped: 0.0006047 seconds, Stopping threads took: 0.0000196 seconds
16.344: [GC (Allocation Failure)  81029K->613K(422400K), 0.0004683 secs]
16.345: Total time for which application threads were stopped: 0.0006199 seconds, Stopping threads took: 0.0000295 seconds
16.398: [GC (Allocation Failure)  79461K->645K(421376K), 0.0004668 secs]
16.398: Total time for which application threads were stopped: 0.0005887 seconds, Stopping threads took: 0.0000187 seconds
16.454: [GC (Allocation Failure)  78469K->677K(420352K), 0.0006198 secs]
16.455: Total time for which application threads were stopped: 0.0007366 seconds, Stopping threads took: 0.0000193 seconds
16.506: [GC (Allocation Failure)  77477K->677K(419328K), 0.0004594 secs]
16.507: Total time for which application threads were stopped: 0.0005878 seconds, Stopping threads took: 0.0000281 seconds
16.554: [GC (Allocation Failure)  76453K->709K(418304K), 0.0005996 secs]
16.555: Total time for which application threads were stopped: 0.0007198 seconds, Stopping threads took: 0.0000195 seconds
16.602: [GC (Allocation Failure)  75461K->709K(417280K), 0.0006157 secs]
16.603: Total time for which application threads were stopped: 0.0007450 seconds, Stopping threads took: 0.0000211 seconds
16.650: [GC (Allocation Failure)  74437K->677K(416256K), 0.0004683 secs]
16.650: Total time for which application threads were stopped: 0.0006055 seconds, Stopping threads took: 0.0000350 seconds
16.697: [GC (Allocation Failure)  73381K->709K(415232K), 0.0004926 secs]
16.697: Total time for which application threads were stopped: 0.0006102 seconds, Stopping threads took: 0.0000192 seconds
16.748: [GC (Allocation Failure)  72389K->709K(414208K), 0.0005473 secs]
16.748: Total time for which application threads were stopped: 0.0006793 seconds, Stopping threads took: 0.0000241 seconds
16.793: [GC (Allocation Failure)  71365K->613K(413184K), 0.0006025 secs]
16.794: Total time for which application threads were stopped: 0.0007478 seconds, Stopping threads took: 0.0000215 seconds
16.842: [GC (Allocation Failure)  70245K->613K(412160K), 0.0005974 secs]
16.842: Total time for which application threads were stopped: 0.0007482 seconds, Stopping threads took: 0.0000302 seconds
16.889: [GC (Allocation Failure)  69221K->677K(411136K), 0.0005108 secs]
16.890: Total time for which application threads were stopped: 0.0006585 seconds, Stopping threads took: 0.0000298 seconds
16.932: [GC (Allocation Failure)  68261K->645K(424960K), 0.0005802 secs]
16.933: Total time for which application threads were stopped: 0.0007088 seconds, Stopping threads took: 0.0000273 seconds
16.991: [GC (Allocation Failure)  82053K->645K(423424K), 0.0004934 secs]
16.991: Total time for which application threads were stopped: 0.0006136 seconds, Stopping threads took: 0.0000198 seconds
17.042: [GC (Allocation Failure)  80517K->677K(422400K), 0.0005060 secs]
17.042: Total time for which application threads were stopped: 0.0006249 seconds, Stopping threads took: 0.0000191 seconds
17.098: [GC (Allocation Failure)  79525K->709K(421376K), 0.0004751 secs]
17.098: Total time for which application threads were stopped: 0.0006095 seconds, Stopping threads took: 0.0000302 seconds
17.147: [GC (Allocation Failure)  78533K->613K(420352K), 0.0004832 secs]
17.148: Total time for which application threads were stopped: 0.0006020 seconds, Stopping threads took: 0.0000200 seconds
17.196: [GC (Allocation Failure)  77413K->645K(419328K), 0.0004428 secs]
17.196: Total time for which application threads were stopped: 0.0005698 seconds, Stopping threads took: 0.0000275 seconds
17.248: [GC (Allocation Failure)  76421K->677K(418304K), 0.0005367 secs]
17.248: Total time for which application threads were stopped: 0.0006557 seconds, Stopping threads took: 0.0000195 seconds
17.295: [GC (Allocation Failure)  75429K->613K(417280K), 0.0004164 secs]
17.296: Total time for which application threads were stopped: 0.0005426 seconds, Stopping threads took: 0.0000195 seconds
17.347: [GC (Allocation Failure)  74341K->677K(416256K), 0.0005267 secs]
17.348: Total time for which application threads were stopped: 0.0006540 seconds, Stopping threads took: 0.0000274 seconds
17.393: [GC (Allocation Failure)  73381K->677K(415232K), 0.0004643 secs]
17.394: Total time for which application threads were stopped: 0.0005935 seconds, Stopping threads took: 0.0000186 seconds
17.439: [GC (Allocation Failure)  72357K->677K(414208K), 0.0005056 secs]
17.439: Total time for which application threads were stopped: 0.0006387 seconds, Stopping threads took: 0.0000186 seconds
17.488: [GC (Allocation Failure)  71333K->613K(413184K), 0.0005288 secs]
17.488: Total time for which application threads were stopped: 0.0006348 seconds, Stopping threads took: 0.0000167 seconds
17.532: [GC (Allocation Failure)  70245K->677K(412160K), 0.0004402 secs]
17.533: Total time for which application threads were stopped: 0.0005662 seconds, Stopping threads took: 0.0000256 seconds
17.577: [GC (Allocation Failure)  69285K->677K(411136K), 0.0005756 secs]
17.577: Total time for which application threads were stopped: 0.0006955 seconds, Stopping threads took: 0.0000188 seconds
17.620: [GC (Allocation Failure)  68261K->709K(410112K), 0.0005692 secs]
17.621: Total time for which application threads were stopped: 0.0006963 seconds, Stopping threads took: 0.0000244 seconds
17.664: [GC (Allocation Failure)  67269K->645K(423424K), 0.0005947 secs]
17.665: Total time for which application threads were stopped: 0.0007236 seconds, Stopping threads took: 0.0000213 seconds
17.717: [GC (Allocation Failure)  80517K->645K(422400K), 0.0004365 secs]
17.717: Total time for which application threads were stopped: 0.0005619 seconds, Stopping threads took: 0.0000265 seconds
17.771: [GC (Allocation Failure)  79493K->677K(421376K), 0.0004608 secs]
17.772: Total time for which application threads were stopped: 0.0005965 seconds, Stopping threads took: 0.0000213 seconds
17.820: [GC (Allocation Failure)  78501K->645K(420352K), 0.0005180 secs]
17.821: Total time for which application threads were stopped: 0.0006641 seconds, Stopping threads took: 0.0000215 seconds
17.874: [GC (Allocation Failure)  77445K->613K(419328K), 0.0005341 secs]
17.875: Total time for which application threads were stopped: 0.0006449 seconds, Stopping threads took: 0.0000189 seconds
17.923: [GC (Allocation Failure)  76389K->645K(418304K), 0.0005311 secs]
17.923: Total time for which application threads were stopped: 0.0006659 seconds, Stopping threads took: 0.0000215 seconds
17.976: [GC (Allocation Failure)  75397K->677K(417280K), 0.0005613 secs]
17.977: Total time for which application threads were stopped: 0.0007035 seconds, Stopping threads took: 0.0000296 seconds
18.023: [GC (Allocation Failure)  74405K->645K(416256K), 0.0005298 secs]
18.024: Total time for which application threads were stopped: 0.0006797 seconds, Stopping threads took: 0.0000297 seconds
18.070: [GC (Allocation Failure)  73349K->677K(431104K), 0.0007351 secs]
18.071: Total time for which application threads were stopped: 0.0008558 seconds, Stopping threads took: 0.0000192 seconds
18.132: [GC (Allocation Failure)  88229K->677K(429568K), 0.0005317 secs]
18.133: Total time for which application threads were stopped: 0.0006723 seconds, Stopping threads took: 0.0000211 seconds
18.187: [GC (Allocation Failure)  86693K->709K(428032K), 0.0004176 secs]
18.187: Total time for which application threads were stopped: 0.0005350 seconds, Stopping threads took: 0.0000268 seconds
18.241: [GC (Allocation Failure)  85189K->677K(426496K), 0.0004618 secs]
18.241: Total time for which application threads were stopped: 0.0006016 seconds, Stopping threads took: 0.0000252 seconds
18.294: [GC (Allocation Failure)  83621K->645K(424960K), 0.0004317 secs]
18.294: Total time for which application threads were stopped: 0.0005509 seconds, Stopping threads took: 0.0000197 seconds
18.346: [GC (Allocation Failure)  82053K->645K(423424K), 0.0004618 secs]
18.346: Total time for which application threads were stopped: 0.0005967 seconds, Stopping threads took: 0.0000198 seconds
18.396: [GC (Allocation Failure)  80517K->677K(422400K), 0.0005277 secs]
18.397: Total time for which application threads were stopped: 0.0006722 seconds, Stopping threads took: 0.0000215 seconds
18.452: [GC (Allocation Failure)  79525K->645K(421376K), 0.0005238 secs]
18.452: Total time for which application threads were stopped: 0.0006693 seconds, Stopping threads took: 0.0000225 seconds
18.506: [GC (Allocation Failure)  78469K->677K(420352K), 0.0005266 secs]
18.507: Total time for which application threads were stopped: 0.0006700 seconds, Stopping threads took: 0.0000226 seconds
18.556: [GC (Allocation Failure)  77477K->645K(419328K), 0.0005313 secs]
18.556: Total time for which application threads were stopped: 0.0006875 seconds, Stopping threads took: 0.0000304 seconds
18.604: [GC (Allocation Failure)  76421K->677K(418304K), 0.0005033 secs]
18.605: Total time for which application threads were stopped: 0.0006483 seconds, Stopping threads took: 0.0000218 seconds
18.653: [GC (Allocation Failure)  75429K->645K(417280K), 0.0004627 secs]
18.653: Total time for which application threads were stopped: 0.0005890 seconds, Stopping threads took: 0.0000271 seconds
18.701: [GC (Allocation Failure)  74373K->741K(416256K), 0.0003779 secs]
18.702: Total time for which application threads were stopped: 0.0004985 seconds, Stopping threads took: 0.0000259 seconds
18.752: [GC (Allocation Failure)  73445K->645K(415232K), 0.0004483 secs]
18.752: Total time for which application threads were stopped: 0.0005577 seconds, Stopping threads took: 0.0000164 seconds
18.797: [GC (Allocation Failure)  72325K->741K(414208K), 0.0005453 secs]
18.798: Total time for which application threads were stopped: 0.0006657 seconds, Stopping threads took: 0.0000196 seconds
18.842: [GC (Allocation Failure)  71397K->709K(413184K), 0.0004678 secs]
18.843: Total time for which application threads were stopped: 0.0005834 seconds, Stopping threads took: 0.0000193 seconds
18.886: [GC (Allocation Failure)  70341K->645K(412160K), 0.0005000 secs]
18.887: Total time for which application threads were stopped: 0.0006162 seconds, Stopping threads took: 0.0000184 seconds
18.930: [GC (Allocation Failure)  69253K->677K(411136K), 0.0006580 secs]
18.931: Total time for which application threads were stopped: 0.0007733 seconds, Stopping threads took: 0.0000195 seconds
18.979: [GC (Allocation Failure)  68261K->613K(410112K), 0.0004502 secs]
18.979: Total time for which application threads were stopped: 0.0005614 seconds, Stopping threads took: 0.0000161 seconds
19.026: [GC (Allocation Failure)  67173K->677K(409088K), 0.0006184 secs]
19.027: Total time for which application threads were stopped: 0.0007418 seconds, Stopping threads took: 0.0000201 seconds
19.072: [GC (Allocation Failure)  66213K->613K(422400K), 0.0006473 secs]
19.073: Total time for which application threads were stopped: 0.0008250 seconds, Stopping threads took: 0.0000219 seconds
19.123: [GC (Allocation Failure)  79461K->613K(438272K), 0.0005572 secs]
19.123: Total time for which application threads were stopped: 0.0006835 seconds, Stopping threads took: 0.0000227 seconds
19.188: [GC (Allocation Failure)  95333K->645K(436736K), 0.0004090 secs]
19.189: Total time for which application threads were stopped: 0.0005424 seconds, Stopping threads took: 0.0000277 seconds
19.248: [GC (Allocation Failure)  93829K->613K(435200K), 0.0005583 secs]
19.249: Total time for which application threads were stopped: 0.0006925 seconds, Stopping threads took: 0.0000209 seconds
19.306: [GC (Allocation Failure)  92261K->709K(433664K), 0.0006076 secs]
19.307: Total time for which application threads were stopped: 0.0007502 seconds, Stopping threads took: 0.0000218 seconds
19.364: [GC (Allocation Failure)  90821K->709K(432128K), 0.0005204 secs]
19.364: Total time for which application threads were stopped: 0.0006637 seconds, Stopping threads took: 0.0000223 seconds
19.420: [GC (Allocation Failure)  89285K->645K(430592K), 0.0005762 secs]
19.420: Total time for which application threads were stopped: 0.0006995 seconds, Stopping threads took: 0.0000214 seconds
19.481: [GC (Allocation Failure)  87685K->645K(429056K), 0.0004154 secs]
19.481: Total time for which application threads were stopped: 0.0005223 seconds, Stopping threads took: 0.0000165 seconds
19.539: [GC (Allocation Failure)  86149K->645K(427520K), 0.0003895 secs]
19.540: Total time for which application threads were stopped: 0.0004955 seconds, Stopping threads took: 0.0000167 seconds
19.593: [GC (Allocation Failure)  84613K->709K(425984K), 0.0004761 secs]
19.593: Total time for which application threads were stopped: 0.0006038 seconds, Stopping threads took: 0.0000276 seconds
19.646: [GC (Allocation Failure)  83141K->645K(424448K), 0.0004170 secs]
19.647: Total time for which application threads were stopped: 0.0005268 seconds, Stopping threads took: 0.0000253 seconds
19.704: [GC (Allocation Failure)  81541K->645K(422912K), 0.0003771 secs]
19.704: Total time for which application threads were stopped: 0.0004928 seconds, Stopping threads took: 0.0000172 seconds
19.755: [GC (Allocation Failure)  80005K->645K(421888K), 0.0004541 secs]
19.756: Total time for which application threads were stopped: 0.0005694 seconds, Stopping threads took: 0.0000247 seconds
19.805: [GC (Allocation Failure)  78981K->645K(420864K), 0.0004685 secs]
19.806: Total time for which application threads were stopped: 0.0005923 seconds, Stopping threads took: 0.0000271 seconds
19.854: [GC (Allocation Failure)  77957K->677K(419840K), 0.0004298 secs]
19.855: Total time for which application threads were stopped: 0.0005485 seconds, Stopping threads took: 0.0000191 seconds
19.908: [GC (Allocation Failure)  76965K->741K(418816K), 0.0004825 secs]
19.908: Total time for which application threads were stopped: 0.0005982 seconds, Stopping threads took: 0.0000182 seconds
19.959: [GC (Allocation Failure)  76005K->709K(417792K), 0.0004658 secs]
19.960: Total time for which application threads were stopped: 0.0005839 seconds, Stopping threads took: 0.0000195 seconds
20.007: [GC (Allocation Failure)  74949K->613K(416768K), 0.0006584 secs]
20.007: Total time for which application threads were stopped: 0.0007853 seconds, Stopping threads took: 0.0000201 seconds
20.053: [GC (Allocation Failure)  73829K->613K(415744K), 0.0006362 secs]
20.054: Total time for which application threads were stopped: 0.0007880 seconds, Stopping threads took: 0.0000228 seconds
20.105: [GC (Allocation Failure)  72805K->677K(414720K), 0.0004077 secs]
20.105: Total time for which application threads were stopped: 0.0005287 seconds, Stopping threads took: 0.0000292 seconds
20.150: [GC (Allocation Failure)  71845K->645K(413696K), 0.0004236 secs]
20.150: Total time for which application threads were stopped: 0.0005323 seconds, Stopping threads took: 0.0000173 seconds
20.202: [GC (Allocation Failure)  70789K->645K(412672K), 0.0005045 secs]
20.202: Total time for which application threads were stopped: 0.0006601 seconds, Stopping threads took: 0.0000195 seconds
20.246: [GC (Allocation Failure)  69765K->613K(411648K), 0.0004858 secs]
20.246: Total time for which application threads were stopped: 0.0006252 seconds, Stopping threads took: 0.0000291 seconds
20.295: [GC (Allocation Failure)  68709K->581K(410624K), 0.0007017 secs]
20.295: Total time for which application threads were stopped: 0.0008397 seconds, Stopping threads took: 0.0000198 seconds
20.338: [GC (Allocation Failure)  67653K->645K(409600K), 0.0004469 secs]
20.338: Total time for which application threads were stopped: 0.0005758 seconds, Stopping threads took: 0.0000161 seconds
20.383: [GC (Allocation Failure)  66693K->677K(422912K), 0.0007198 secs]
20.384: Total time for which application threads were stopped: 0.0008726 seconds, Stopping threads took: 0.0000297 seconds
20.439: [GC (Allocation Failure)  80037K->709K(438784K), 0.0005459 secs]
20.440: Total time for which application threads were stopped: 0.0006983 seconds, Stopping threads took: 0.0000299 seconds
20.499: [GC (Allocation Failure)  95941K->645K(458240K), 0.0006887 secs]
20.500: Total time for which application threads were stopped: 0.0008350 seconds, Stopping threads took: 0.0000301 seconds
20.572: [GC (Allocation Failure)  115333K->709K(455680K), 0.0004713 secs]
20.572: Total time for which application threads were stopped: 0.0006154 seconds, Stopping threads took: 0.0000220 seconds
20.643: [GC (Allocation Failure)  112837K->709K(453120K), 0.0005018 secs]
20.644: Total time for which application threads were stopped: 0.0006414 seconds, Stopping threads took: 0.0000191 seconds
20.713: [GC (Allocation Failure)  110277K->613K(451072K), 0.0004864 secs]
20.714: Total time for which application threads were stopped: 0.0006269 seconds, Stopping threads took: 0.0000215 seconds
20.781: [GC (Allocation Failure)  108133K->645K(449024K), 0.0006527 secs]
20.782: Total time for which application threads were stopped: 0.0008085 seconds, Stopping threads took: 0.0000209 seconds
20.848: [GC (Allocation Failure)  106117K->645K(446976K), 0.0004790 secs]
20.848: Total time for which application threads were stopped: 0.0005989 seconds, Stopping threads took: 0.0000195 seconds
20.913: [GC (Allocation Failure)  104069K->741K(444928K), 0.0004953 secs]
20.914: Total time for which application threads were stopped: 0.0006152 seconds, Stopping threads took: 0.0000193 seconds
20.977: [GC (Allocation Failure)  102117K->677K(442880K), 0.0004680 secs]
20.978: Total time for which application threads were stopped: 0.0005847 seconds, Stopping threads took: 0.0000192 seconds
21.040: [GC (Allocation Failure)  100005K->645K(440832K), 0.0005435 secs]
21.040: Total time for which application threads were stopped: 0.0006790 seconds, Stopping threads took: 0.0000248 seconds
21.101: [GC (Allocation Failure)  97925K->581K(438784K), 0.0004422 secs]
21.102: Total time for which application threads were stopped: 0.0005564 seconds, Stopping threads took: 0.0000191 seconds
21.166: [GC (Allocation Failure)  95813K->645K(437248K), 0.0004514 secs]
21.166: Total time for which application threads were stopped: 0.0005565 seconds, Stopping threads took: 0.0000164 seconds
21.227: [GC (Allocation Failure)  94341K->709K(435712K), 0.0004156 secs]
21.228: Total time for which application threads were stopped: 0.0005385 seconds, Stopping threads took: 0.0000252 seconds
21.286: [GC (Allocation Failure)  92869K->613K(434176K), 0.0005346 secs]
21.286: Total time for which application threads were stopped: 0.0006685 seconds, Stopping threads took: 0.0000196 seconds
21.349: [GC (Allocation Failure)  91237K->645K(432640K), 0.0004970 secs]
21.350: Total time for which application threads were stopped: 0.0006246 seconds, Stopping threads took: 0.0000213 seconds
21.412: [GC (Allocation Failure)  89733K->613K(431104K), 0.0005302 secs]
21.413: Total time for which application threads were stopped: 0.0006488 seconds, Stopping threads took: 0.0000195 seconds
21.468: [GC (Allocation Failure)  88165K->677K(429568K), 0.0005031 secs]
21.468: Total time for which application threads were stopped: 0.0006215 seconds, Stopping threads took: 0.0000199 seconds
21.522: [GC (Allocation Failure)  86693K->645K(428032K), 0.0006568 secs]
21.523: Total time for which application threads were stopped: 0.0007719 seconds, Stopping threads took: 0.0000189 seconds
21.576: [GC (Allocation Failure)  85125K->645K(426496K), 0.0005281 secs]
21.577: Total time for which application threads were stopped: 0.0006584 seconds, Stopping threads took: 0.0000282 seconds
21.633: [GC (Allocation Failure)  83589K->645K(424960K), 0.0005719 secs]
21.634: Total time for which application threads were stopped: 0.0006960 seconds, Stopping threads took: 0.0000277 seconds
21.690: [GC (Allocation Failure)  82053K->709K(423424K), 0.0004507 secs]
21.691: Total time for which application threads were stopped: 0.0005735 seconds, Stopping threads took: 0.0000250 seconds
21.744: [GC (Allocation Failure)  80581K->709K(422400K), 0.0004080 secs]
21.744: Total time for which application threads were stopped: 0.0005156 seconds, Stopping threads took: 0.0000167 seconds
21.794: [GC (Allocation Failure)  79557K->645K(421376K), 0.0004701 secs]
21.795: Total time for which application threads were stopped: 0.0005897 seconds, Stopping threads took: 0.0000194 seconds
21.847: [GC (Allocation Failure)  78469K->709K(420352K), 0.0005434 secs]
21.847: Total time for which application threads were stopped: 0.0006675 seconds, Stopping threads took: 0.0000274 seconds
21.895: [GC (Allocation Failure)  77509K->677K(419328K), 0.0006837 secs]
21.896: Total time for which application threads were stopped: 0.0008023 seconds, Stopping threads took: 0.0000195 seconds
21.944: [GC (Allocation Failure)  76453K->677K(418304K), 0.0004214 secs]
21.944: Total time for which application threads were stopped: 0.0005447 seconds, Stopping threads took: 0.0000198 seconds
21.991: [GC (Allocation Failure)  75429K->645K(417280K), 0.0004985 secs]
21.992: Total time for which application threads were stopped: 0.0006315 seconds, Stopping threads took: 0.0000198 seconds
22.043: [GC (Allocation Failure)  74373K->645K(416256K), 0.0005007 secs]
22.044: Total time for which application threads were stopped: 0.0006426 seconds, Stopping threads took: 0.0000214 seconds
22.093: [GC (Allocation Failure)  73349K->645K(415232K), 0.0005517 secs]
22.094: Total time for which application threads were stopped: 0.0007398 seconds, Stopping threads took: 0.0000300 seconds
22.139: [GC (Allocation Failure)  72325K->645K(414208K), 0.0005180 secs]
22.140: Total time for which application threads were stopped: 0.0006616 seconds, Stopping threads took: 0.0000223 seconds
22.184: [GC (Allocation Failure)  71301K->677K(413184K), 0.0005463 secs]
22.185: Total time for which application threads were stopped: 0.0006947 seconds, Stopping threads took: 0.0000224 seconds
22.231: [GC (Allocation Failure)  70309K->613K(412160K), 0.0005782 secs]
22.231: Total time for which application threads were stopped: 0.0007116 seconds, Stopping threads took: 0.0000266 seconds
22.280: [GC (Allocation Failure)  69221K->677K(411136K), 0.0005628 secs]
22.281: Total time for which application threads were stopped: 0.0006878 seconds, Stopping threads took: 0.0000267 seconds
22.323: [GC (Allocation Failure)  68261K->677K(410112K), 0.0004417 secs]
22.324: Total time for which application threads were stopped: 0.0005622 seconds, Stopping threads took: 0.0000199 seconds
22.366: [GC (Allocation Failure)  67237K->645K(409088K), 0.0004965 secs]
22.366: Total time for which application threads were stopped: 0.0006157 seconds, Stopping threads took: 0.0000197 seconds
22.407: [GC (Allocation Failure)  66181K->677K(408064K), 0.0004792 secs]
22.408: Total time for which application threads were stopped: 0.0006113 seconds, Stopping threads took: 0.0000204 seconds
22.449: [GC (Allocation Failure)  65189K->613K(407040K), 0.0004687 secs]
22.449: Total time for which application threads were stopped: 0.0005977 seconds, Stopping threads took: 0.0000197 seconds
22.489: [GC (Allocation Failure)  64101K->709K(406016K), 0.0005551 secs]
22.490: Total time for which application threads were stopped: 0.0006849 seconds, Stopping threads took: 0.0000214 seconds
22.529: [GC (Allocation Failure)  63173K->613K(418816K), 0.0005212 secs]
22.530: Total time for which application threads were stopped: 0.0006588 seconds, Stopping threads took: 0.0000194 seconds
22.577: [GC (Allocation Failure)  75877K->677K(434176K), 0.0005291 secs]
22.577: Total time for which application threads were stopped: 0.0006568 seconds, Stopping threads took: 0.0000231 seconds
22.638: [GC (Allocation Failure)  91301K->709K(432640K), 0.0004738 secs]
22.638: Total time for which application threads were stopped: 0.0005822 seconds, Stopping threads took: 0.0000170 seconds
22.695: [GC (Allocation Failure)  89797K->677K(431104K), 0.0005157 secs]
22.696: Total time for which application threads were stopped: 0.0006329 seconds, Stopping threads took: 0.0000188 seconds
22.751: [GC (Allocation Failure)  88229K->677K(429568K), 0.0004475 secs]
22.752: Total time for which application threads were stopped: 0.0005656 seconds, Stopping threads took: 0.0000255 seconds
22.806: [GC (Allocation Failure)  86693K->645K(428032K), 0.0005266 secs]
22.807: Total time for which application threads were stopped: 0.0006449 seconds, Stopping threads took: 0.0000195 seconds
22.863: [GC (Allocation Failure)  85125K->677K(426496K), 0.0005434 secs]
22.864: Total time for which application threads were stopped: 0.0006776 seconds, Stopping threads took: 0.0000227 seconds
22.916: [GC (Allocation Failure)  83621K->645K(424960K), 0.0005705 secs]
22.916: Total time for which application threads were stopped: 0.0007115 seconds, Stopping threads took: 0.0000223 seconds
22.967: [GC (Allocation Failure)  82053K->677K(423424K), 0.0005569 secs]
22.968: Total time for which application threads were stopped: 0.0006998 seconds, Stopping threads took: 0.0000220 seconds
23.018: [GC (Allocation Failure)  80549K->645K(422400K), 0.0005976 secs]
23.019: Total time for which application threads were stopped: 0.0007648 seconds, Stopping threads took: 0.0000224 seconds
23.074: [GC (Allocation Failure)  79493K->677K(421376K), 0.0005043 secs]
23.074: Total time for which application threads were stopped: 0.0006481 seconds, Stopping threads took: 0.0000226 seconds
23.124: [GC (Allocation Failure)  78501K->741K(420352K), 0.0004976 secs]
23.124: Total time for which application threads were stopped: 0.0006307 seconds, Stopping threads took: 0.0000225 seconds
23.172: [GC (Allocation Failure)  77541K->709K(419328K), 0.0005283 secs]
23.173: Total time for which application threads were stopped: 0.0006600 seconds, Stopping threads took: 0.0000201 seconds
23.221: [GC (Allocation Failure)  76485K->741K(418304K), 0.0004388 secs]
23.222: Total time for which application threads were stopped: 0.0005722 seconds, Stopping threads took: 0.0000268 seconds
23.274: [GC (Allocation Failure)  75493K->645K(417280K), 0.0004360 secs]
23.274: Total time for which application threads were stopped: 0.0005428 seconds, Stopping threads took: 0.0000166 seconds
23.327: [GC (Allocation Failure)  74373K->645K(416256K), 0.0004063 secs]
23.327: Total time for which application threads were stopped: 0.0005109 seconds, Stopping threads took: 0.0000167 seconds
23.379: [GC (Allocation Failure)  73349K->645K(415232K), 0.0004241 secs]
23.380: Total time for which application threads were stopped: 0.0005215 seconds, Stopping threads took: 0.0000173 seconds
23.429: [GC (Allocation Failure)  72325K->645K(414208K), 0.0004449 secs]
23.430: Total time for which application threads were stopped: 0.0005592 seconds, Stopping threads took: 0.0000187 seconds
23.475: [GC (Allocation Failure)  71301K->677K(413184K), 0.0005382 secs]
23.475: Total time for which application threads were stopped: 0.0006788 seconds, Stopping threads took: 0.0000212 seconds
23.519: [GC (Allocation Failure)  70309K->613K(412160K), 0.0005802 secs]
23.520: Total time for which application threads were stopped: 0.0007066 seconds, Stopping threads took: 0.0000269 seconds
23.566: [GC (Allocation Failure)  69221K->613K(411136K), 0.0004963 secs]
23.567: Total time for which application threads were stopped: 0.0006184 seconds, Stopping threads took: 0.0000266 seconds
23.609: [GC (Allocation Failure)  68197K->677K(410112K), 0.0005463 secs]
23.610: Total time for which application threads were stopped: 0.0006748 seconds, Stopping threads took: 0.0000272 seconds
23.657: [GC (Allocation Failure)  67237K->613K(409088K), 0.0004822 secs]
23.658: Total time for which application threads were stopped: 0.0006003 seconds, Stopping threads took: 0.0000192 seconds
23.703: [GC (Allocation Failure)  66149K->645K(408064K), 0.0004372 secs]
23.703: Total time for which application threads were stopped: 0.0005579 seconds, Stopping threads took: 0.0000195 seconds
23.748: [GC (Allocation Failure)  65157K->645K(407040K), 0.0004905 secs]
23.749: Total time for which application threads were stopped: 0.0006276 seconds, Stopping threads took: 0.0000291 seconds
23.789: [GC (Allocation Failure)  64133K->741K(406016K), 0.0005692 secs]
23.790: Total time for which application threads were stopped: 0.0007035 seconds, Stopping threads took: 0.0000204 seconds
23.829: [GC (Allocation Failure)  63205K->677K(405504K), 0.0005180 secs]
23.830: Total time for which application threads were stopped: 0.0006649 seconds, Stopping threads took: 0.0000225 seconds
23.875: [GC (Allocation Failure)  62629K->677K(404992K), 0.0005335 secs]
23.876: Total time for which application threads were stopped: 0.0006920 seconds, Stopping threads took: 0.0000321 seconds
23.914: [GC (Allocation Failure)  62117K->677K(417280K), 0.0006727 secs]
23.915: Total time for which application threads were stopped: 0.0008166 seconds, Stopping threads took: 0.0000227 seconds
23.962: [GC (Allocation Failure)  74405K->677K(432128K), 0.0004367 secs]
23.962: Total time for which application threads were stopped: 0.0005594 seconds, Stopping threads took: 0.0000202 seconds
24.017: [GC (Allocation Failure)  89253K->677K(430592K), 0.0005120 secs]
24.018: Total time for which application threads were stopped: 0.0006421 seconds, Stopping threads took: 0.0000200 seconds
24.073: [GC (Allocation Failure)  87717K->645K(429056K), 0.0005347 secs]
24.073: Total time for which application threads were stopped: 0.0006807 seconds, Stopping threads took: 0.0000217 seconds
24.133: [GC (Allocation Failure)  86149K->677K(427520K), 0.0005211 secs]
24.134: Total time for which application threads were stopped: 0.0006615 seconds, Stopping threads took: 0.0000277 seconds
24.192: [GC (Allocation Failure)  84645K->645K(425984K), 0.0004355 secs]
24.193: Total time for which application threads were stopped: 0.0005482 seconds, Stopping threads took: 0.0000256 seconds
24.247: [GC (Allocation Failure)  83077K->709K(424448K), 0.0004551 secs]
24.248: Total time for which application threads were stopped: 0.0005776 seconds, Stopping threads took: 0.0000208 seconds
24.299: [GC (Allocation Failure)  81605K->645K(422912K), 0.0005198 secs]
24.300: Total time for which application threads were stopped: 0.0006698 seconds, Stopping threads took: 0.0000291 seconds
24.355: [GC (Allocation Failure)  80005K->677K(421888K), 0.0005733 secs]
24.356: Total time for which application threads were stopped: 0.0007185 seconds, Stopping threads took: 0.0000218 seconds
24.405: [GC (Allocation Failure)  79013K->645K(420864K), 0.0004594 secs]
24.406: Total time for which application threads were stopped: 0.0005792 seconds, Stopping threads took: 0.0000199 seconds
24.454: [GC (Allocation Failure)  77957K->677K(419840K), 0.0005980 secs]
24.455: Total time for which application threads were stopped: 0.0007225 seconds, Stopping threads took: 0.0000198 seconds
24.503: [GC (Allocation Failure)  76965K->709K(418816K), 0.0005972 secs]
24.504: Total time for which application threads were stopped: 0.0007204 seconds, Stopping threads took: 0.0000203 seconds
24.551: [GC (Allocation Failure)  75973K->677K(417792K), 0.0005666 secs]
24.552: Total time for which application threads were stopped: 0.0007109 seconds, Stopping threads took: 0.0000219 seconds
24.598: [GC (Allocation Failure)  74917K->677K(416768K), 0.0005661 secs]
24.599: Total time for which application threads were stopped: 0.0007040 seconds, Stopping threads took: 0.0000217 seconds
24.646: [GC (Allocation Failure)  73893K->677K(415744K), 0.0004151 secs]
24.646: Total time for which application threads were stopped: 0.0005354 seconds, Stopping threads took: 0.0000197 seconds
24.692: [GC (Allocation Failure)  72869K->677K(414720K), 0.0004977 secs]
24.692: Total time for which application threads were stopped: 0.0006274 seconds, Stopping threads took: 0.0000279 seconds
24.737: [GC (Allocation Failure)  71845K->677K(413696K), 0.0005038 secs]
24.737: Total time for which application threads were stopped: 0.0006353 seconds, Stopping threads took: 0.0000208 seconds
24.782: [GC (Allocation Failure)  70821K->613K(412672K), 0.0006536 secs]
24.782: Total time for which application threads were stopped: 0.0007984 seconds, Stopping threads took: 0.0000216 seconds
24.832: [GC (Allocation Failure)  69733K->677K(411648K), 0.0005359 secs]
24.832: Total time for which application threads were stopped: 0.0006812 seconds, Stopping threads took: 0.0000291 seconds
24.875: [GC (Allocation Failure)  68773K->709K(425472K), 0.0007359 secs]
24.876: Total time for which application threads were stopped: 0.0008617 seconds, Stopping threads took: 0.0000221 seconds
24.933: [GC (Allocation Failure)  82629K->677K(441856K), 0.0004718 secs]
24.934: Total time for which application threads were stopped: 0.0005851 seconds, Stopping threads took: 0.0000196 seconds
25.002: [GC (Allocation Failure)  98981K->645K(439808K), 0.0006596 secs]
25.003: Total time for which application threads were stopped: 0.0007864 seconds, Stopping threads took: 0.0000272 seconds
25.069: [GC (Allocation Failure)  96901K->709K(437760K), 0.0005079 secs]
25.070: Total time for which application threads were stopped: 0.0006364 seconds, Stopping threads took: 0.0000218 seconds
25.129: [GC (Allocation Failure)  94917K->741K(436224K), 0.0004717 secs]
25.129: Total time for which application threads were stopped: 0.0006005 seconds, Stopping threads took: 0.0000281 seconds
25.188: [GC (Allocation Failure)  93413K->677K(434688K), 0.0004735 secs]
25.188: Total time for which application threads were stopped: 0.0005990 seconds, Stopping threads took: 0.0000194 seconds
25.245: [GC (Allocation Failure)  91813K->645K(433152K), 0.0005504 secs]
25.246: Total time for which application threads were stopped: 0.0006965 seconds, Stopping threads took: 0.0000264 seconds
25.307: [GC (Allocation Failure)  90245K->709K(431616K), 0.0004932 secs]
25.308: Total time for which application threads were stopped: 0.0006268 seconds, Stopping threads took: 0.0000211 seconds
25.363: [GC (Allocation Failure)  88773K->613K(430080K), 0.0006570 secs]
25.364: Total time for which application threads were stopped: 0.0007870 seconds, Stopping threads took: 0.0000208 seconds
25.424: [GC (Allocation Failure)  87141K->709K(428544K), 0.0004921 secs]
25.424: Total time for which application threads were stopped: 0.0006360 seconds, Stopping threads took: 0.0000195 seconds
25.478: [GC (Allocation Failure)  85701K->613K(427008K), 0.0005224 secs]
25.478: Total time for which application threads were stopped: 0.0006723 seconds, Stopping threads took: 0.0000307 seconds
25.536: [GC (Allocation Failure)  84069K->709K(425472K), 0.0004053 secs]
25.536: Total time for which application threads were stopped: 0.0005134 seconds, Stopping threads took: 0.0000174 seconds
25.592: [GC (Allocation Failure)  82629K->645K(423936K), 0.0004681 secs]
25.592: Total time for which application threads were stopped: 0.0005989 seconds, Stopping threads took: 0.0000277 seconds
25.649: [GC (Allocation Failure)  81029K->709K(422400K), 0.0004846 secs]
25.649: Total time for which application threads were stopped: 0.0006051 seconds, Stopping threads took: 0.0000195 seconds
25.699: [GC (Allocation Failure)  79557K->645K(421376K), 0.0004052 secs]
25.700: Total time for which application threads were stopped: 0.0005197 seconds, Stopping threads took: 0.0000295 seconds
25.748: [GC (Allocation Failure)  78469K->645K(420352K), 0.0005300 secs]
25.749: Total time for which application threads were stopped: 0.0006536 seconds, Stopping threads took: 0.0000254 seconds
25.797: [GC (Allocation Failure)  77445K->677K(419328K), 0.0006136 secs]
25.798: Total time for which application threads were stopped: 0.0007768 seconds, Stopping threads took: 0.0000283 seconds
25.845: [GC (Allocation Failure)  76453K->645K(418304K), 0.0004933 secs]
25.846: Total time for which application threads were stopped: 0.0006317 seconds, Stopping threads took: 0.0000289 seconds
25.893: [GC (Allocation Failure)  75397K->677K(417280K), 0.0005389 secs]
25.893: Total time for which application threads were stopped: 0.0006948 seconds, Stopping threads took: 0.0000218 seconds
25.944: [GC (Allocation Failure)  74405K->613K(416256K), 0.0005966 secs]
25.945: Total time for which application threads were stopped: 0.0007486 seconds, Stopping threads took: 0.0000223 seconds
25.991: [GC (Allocation Failure)  73317K->677K(431104K), 0.0006701 secs]
25.991: Total time for which application threads were stopped: 0.0008130 seconds, Stopping threads took: 0.0000275 seconds
26.052: [GC (Allocation Failure)  88229K->613K(429568K), 0.0004459 secs]
26.053: Total time for which application threads were stopped: 0.0005765 seconds, Stopping threads took: 0.0000271 seconds
26.112: [GC (Allocation Failure)  86629K->677K(428032K), 0.0004497 secs]
26.113: Total time for which application threads were stopped: 0.0005692 seconds, Stopping threads took: 0.0000199 seconds
26.166: [GC (Allocation Failure)  85157K->613K(426496K), 0.0004696 secs]
26.167: Total time for which application threads were stopped: 0.0006063 seconds, Stopping threads took: 0.0000288 seconds
26.225: [GC (Allocation Failure)  83557K->645K(424960K), 0.0004492 secs]
26.226: Total time for which application threads were stopped: 0.0005671 seconds, Stopping threads took: 0.0000196 seconds
26.283: [GC (Allocation Failure)  82053K->677K(423424K), 0.0004371 secs]
26.284: Total time for which application threads were stopped: 0.0005558 seconds, Stopping threads took: 0.0000194 seconds
26.340: [GC (Allocation Failure)  80549K->645K(422400K), 0.0005692 secs]
26.341: Total time for which application threads were stopped: 0.0007016 seconds, Stopping threads took: 0.0000197 seconds
26.394: [GC (Allocation Failure)  79493K->613K(421376K), 0.0004900 secs]
26.395: Total time for which application threads were stopped: 0.0006182 seconds, Stopping threads took: 0.0000282 seconds
26.444: [GC (Allocation Failure)  78437K->645K(420352K), 0.0005748 secs]
26.445: Total time for which application threads were stopped: 0.0007021 seconds, Stopping threads took: 0.0000277 seconds
26.493: [GC (Allocation Failure)  77445K->613K(419328K), 0.0005970 secs]
26.493: Total time for which application threads were stopped: 0.0007376 seconds, Stopping threads took: 0.0000272 seconds
26.541: [GC (Allocation Failure)  76389K->709K(418304K), 0.0005697 secs]
26.542: Total time for which application threads were stopped: 0.0007049 seconds, Stopping threads took: 0.0000215 seconds
26.595: [GC (Allocation Failure)  75461K->677K(417280K), 0.0004370 secs]
26.596: Total time for which application threads were stopped: 0.0005584 seconds, Stopping threads took: 0.0000201 seconds
26.643: [GC (Allocation Failure)  74405K->645K(416256K), 0.0003906 secs]
26.643: Total time for which application threads were stopped: 0.0004869 seconds, Stopping threads took: 0.0000152 seconds
26.689: [GC (Allocation Failure)  73349K->741K(415232K), 0.0004698 secs]
26.690: Total time for which application threads were stopped: 0.0005842 seconds, Stopping threads took: 0.0000174 seconds
26.735: [GC (Allocation Failure)  72421K->645K(414208K), 0.0007314 secs]
26.736: Total time for which application threads were stopped: 0.0008693 seconds, Stopping threads took: 0.0000266 seconds
26.780: [GC (Allocation Failure)  71301K->645K(413184K), 0.0004953 secs]
26.781: Total time for which application threads were stopped: 0.0006435 seconds, Stopping threads took: 0.0000283 seconds
26.829: [GC (Allocation Failure)  70277K->677K(412160K), 0.0005185 secs]
26.829: Total time for which application threads were stopped: 0.0006598 seconds, Stopping threads took: 0.0000212 seconds
26.872: [GC (Allocation Failure)  69285K->645K(411136K), 0.0004553 secs]
26.873: Total time for which application threads were stopped: 0.0005779 seconds, Stopping threads took: 0.0000207 seconds
26.921: [GC (Allocation Failure)  68229K->677K(410112K), 0.0005007 secs]
26.921: Total time for which application threads were stopped: 0.0006116 seconds, Stopping threads took: 0.0000168 seconds
26.963: [GC (Allocation Failure)  67237K->645K(423424K), 0.0006546 secs]
26.964: Total time for which application threads were stopped: 0.0007853 seconds, Stopping threads took: 0.0000210 seconds
27.019: [GC (Allocation Failure)  80517K->645K(422400K), 0.0005828 secs]
27.019: Total time for which application threads were stopped: 0.0007374 seconds, Stopping threads took: 0.0000300 seconds
27.072: [GC (Allocation Failure)  79493K->581K(421376K), 0.0006146 secs]
27.073: Total time for which application threads were stopped: 0.0007429 seconds, Stopping threads took: 0.0000224 seconds
27.128: [GC (Allocation Failure)  78405K->613K(420352K), 0.0006339 secs]
27.128: Total time for which application threads were stopped: 0.0007625 seconds, Stopping threads took: 0.0000285 seconds
27.177: [GC (Allocation Failure)  77413K->741K(419328K), 0.0005276 secs]
27.177: Total time for which application threads were stopped: 0.0006478 seconds, Stopping threads took: 0.0000197 seconds
27.225: [GC (Allocation Failure)  76517K->613K(418304K), 0.0004338 secs]
27.226: Total time for which application threads were stopped: 0.0005508 seconds, Stopping threads took: 0.0000185 seconds
27.273: [GC (Allocation Failure)  75365K->645K(417280K), 0.0005171 secs]
27.273: Total time for which application threads were stopped: 0.0006348 seconds, Stopping threads took: 0.0000191 seconds
27.324: [GC (Allocation Failure)  74373K->613K(416256K), 0.0005645 secs]
27.325: Total time for which application threads were stopped: 0.0006897 seconds, Stopping threads took: 0.0000192 seconds
27.374: [GC (Allocation Failure)  73317K->677K(415232K), 0.0006706 secs]
27.374: Total time for which application threads were stopped: 0.0008002 seconds, Stopping threads took: 0.0000203 seconds
27.420: [GC (Allocation Failure)  72357K->677K(414208K), 0.0005021 secs]
27.420: Total time for which application threads were stopped: 0.0006313 seconds, Stopping threads took: 0.0000203 seconds
27.470: [GC (Allocation Failure)  71333K->613K(413184K), 0.0006129 secs]
27.471: Total time for which application threads were stopped: 0.0007588 seconds, Stopping threads took: 0.0000217 seconds
27.518: [GC (Allocation Failure)  70245K->613K(427520K), 0.0005852 secs]
27.519: Total time for which application threads were stopped: 0.0007155 seconds, Stopping threads took: 0.0000217 seconds
27.578: [GC (Allocation Failure)  84581K->613K(425984K), 0.0006430 secs]
27.579: Total time for which application threads were stopped: 0.0007887 seconds, Stopping threads took: 0.0000219 seconds
27.636: [GC (Allocation Failure)  83045K->677K(424448K), 0.0005488 secs]
27.637: Total time for which application threads were stopped: 0.0006610 seconds, Stopping threads took: 0.0000263 seconds
27.690: [GC (Allocation Failure)  81573K->645K(422912K), 0.0005259 secs]
27.690: Total time for which application threads were stopped: 0.0006337 seconds, Stopping threads took: 0.0000170 seconds
27.741: [GC (Allocation Failure)  80005K->645K(421888K), 0.0005306 secs]
27.742: Total time for which application threads were stopped: 0.0006514 seconds, Stopping threads took: 0.0000261 seconds
27.791: [GC (Allocation Failure)  78981K->613K(420864K), 0.0005074 secs]
27.792: Total time for which application threads were stopped: 0.0006255 seconds, Stopping threads took: 0.0000202 seconds
27.845: [GC (Allocation Failure)  77925K->645K(419840K), 0.0005348 secs]
27.846: Total time for which application threads were stopped: 0.0006446 seconds, Stopping threads took: 0.0000165 seconds
27.900: [GC (Allocation Failure)  76933K->645K(418816K), 0.0005842 secs]
27.901: Total time for which application threads were stopped: 0.0007220 seconds, Stopping threads took: 0.0000199 seconds
27.953: [GC (Allocation Failure)  75909K->613K(417792K), 0.0006088 secs]
27.954: Total time for which application threads were stopped: 0.0007311 seconds, Stopping threads took: 0.0000270 seconds
28.004: [GC (Allocation Failure)  74853K->645K(416768K), 0.0004908 secs]
28.005: Total time for which application threads were stopped: 0.0006212 seconds, Stopping threads took: 0.0000210 seconds
28.051: [GC (Allocation Failure)  73861K->677K(415744K), 0.0004678 secs]
28.052: Total time for which application threads were stopped: 0.0005863 seconds, Stopping threads took: 0.0000195 seconds
28.097: [GC (Allocation Failure)  72869K->677K(414720K), 0.0005061 secs]
28.098: Total time for which application threads were stopped: 0.0006552 seconds, Stopping threads took: 0.0000286 seconds
28.142: [GC (Allocation Failure)  71845K->645K(413696K), 0.0006689 secs]
28.143: Total time for which application threads were stopped: 0.0008188 seconds, Stopping threads took: 0.0000224 seconds
28.187: [GC (Allocation Failure)  70789K->677K(412672K), 0.0005325 secs]
28.188: Total time for which application threads were stopped: 0.0006829 seconds, Stopping threads took: 0.0000223 seconds
28.239: [GC (Allocation Failure)  69797K->645K(411648K), 0.0004450 secs]
28.239: Total time for which application threads were stopped: 0.0005767 seconds, Stopping threads took: 0.0000265 seconds
28.282: [GC (Allocation Failure)  68741K->677K(410624K), 0.0005155 secs]
28.283: Total time for which application threads were stopped: 0.0006389 seconds, Stopping threads took: 0.0000196 seconds
28.329: [GC (Allocation Failure)  67749K->645K(409600K), 0.0004588 secs]
28.329: Total time for which application threads were stopped: 0.0005905 seconds, Stopping threads took: 0.0000279 seconds
28.371: [GC (Allocation Failure)  66693K->645K(408576K), 0.0004899 secs]
28.371: Total time for which application threads were stopped: 0.0006205 seconds, Stopping threads took: 0.0000197 seconds
28.418: [GC (Allocation Failure)  65669K->645K(407552K), 0.0005048 secs]
28.419: Total time for which application threads were stopped: 0.0006455 seconds, Stopping threads took: 0.0000287 seconds
28.459: [GC (Allocation Failure)  64645K->677K(406528K), 0.0005197 secs]
28.460: Total time for which application threads were stopped: 0.0006699 seconds, Stopping threads took: 0.0000295 seconds
28.503: [GC (Allocation Failure)  63653K->677K(419328K), 0.0006647 secs]
28.504: Total time for which application threads were stopped: 0.0007967 seconds, Stopping threads took: 0.0000192 seconds
28.552: [GC (Allocation Failure)  76453K->709K(418304K), 0.0004443 secs]
28.552: Total time for which application threads were stopped: 0.0005803 seconds, Stopping threads took: 0.0000292 seconds
28.605: [GC (Allocation Failure)  75461K->677K(417280K), 0.0004745 secs]
28.606: Total time for which application threads were stopped: 0.0005816 seconds, Stopping threads took: 0.0000168 seconds
28.657: [GC (Allocation Failure)  74405K->645K(416256K), 0.0005350 secs]
28.658: Total time for which application threads were stopped: 0.0006308 seconds, Stopping threads took: 0.0000163 seconds
28.703: [GC (Allocation Failure)  73349K->645K(415232K), 0.0005100 secs]
28.704: Total time for which application threads were stopped: 0.0006332 seconds, Stopping threads took: 0.0000257 seconds
28.749: [GC (Allocation Failure)  72325K->709K(414208K), 0.0005004 secs]
28.750: Total time for which application threads were stopped: 0.0006195 seconds, Stopping threads took: 0.0000189 seconds
28.794: [GC (Allocation Failure)  71365K->677K(413184K), 0.0005714 secs]
28.795: Total time for which application threads were stopped: 0.0006984 seconds, Stopping threads took: 0.0000270 seconds
28.838: [GC (Allocation Failure)  70309K->677K(412160K), 0.0004607 secs]
28.839: Total time for which application threads were stopped: 0.0005815 seconds, Stopping threads took: 0.0000193 seconds
28.882: [GC (Allocation Failure)  69285K->709K(411136K), 0.0005443 secs]
28.882: Total time for which application threads were stopped: 0.0006835 seconds, Stopping threads took: 0.0000199 seconds
28.925: [GC (Allocation Failure)  68293K->677K(424960K), 0.0006098 secs]
28.925: Total time for which application threads were stopped: 0.0007565 seconds, Stopping threads took: 0.0000358 seconds
28.981: [GC (Allocation Failure)  82085K->677K(423424K), 0.0005212 secs]
28.982: Total time for which application threads were stopped: 0.0006596 seconds, Stopping threads took: 0.0000217 seconds
29.032: [GC (Allocation Failure)  80549K->677K(422400K), 0.0003895 secs]
29.032: Total time for which application threads were stopped: 0.0005066 seconds, Stopping threads took: 0.0000193 seconds
29.085: [GC (Allocation Failure)  79525K->677K(421376K), 0.0004809 secs]
29.085: Total time for which application threads were stopped: 0.0006090 seconds, Stopping threads took: 0.0000279 seconds
29.134: [GC (Allocation Failure)  78501K->645K(420352K), 0.0005497 secs]
29.134: Total time for which application threads were stopped: 0.0006863 seconds, Stopping threads took: 0.0000201 seconds
29.183: [GC (Allocation Failure)  77445K->677K(419328K), 0.0004070 secs]
29.183: Total time for which application threads were stopped: 0.0005261 seconds, Stopping threads took: 0.0000201 seconds
29.237: [GC (Allocation Failure)  76453K->645K(418304K), 0.0004690 secs]
29.238: Total time for which application threads were stopped: 0.0005886 seconds, Stopping threads took: 0.0000242 seconds
29.285: [GC (Allocation Failure)  75397K->677K(417280K), 0.0006839 secs]
29.286: Total time for which application threads were stopped: 0.0008307 seconds, Stopping threads took: 0.0000222 seconds
29.337: [GC (Allocation Failure)  74405K->645K(416256K), 0.0004724 secs]
29.338: Total time for which application threads were stopped: 0.0006067 seconds, Stopping threads took: 0.0000288 seconds
29.383: [GC (Allocation Failure)  73349K->709K(415232K), 0.0005458 secs]
29.384: Total time for which application threads were stopped: 0.0006657 seconds, Stopping threads took: 0.0000193 seconds
29.429: [GC (Allocation Failure)  72389K->677K(414208K), 0.0004663 secs]
29.429: Total time for which application threads were stopped: 0.0006120 seconds, Stopping threads took: 0.0000292 seconds
29.478: [GC (Allocation Failure)  71333K->677K(413184K), 0.0004758 secs]
29.479: Total time for which application threads were stopped: 0.0006052 seconds, Stopping threads took: 0.0000207 seconds
29.523: [GC (Allocation Failure)  70309K->677K(412160K), 0.0004826 secs]
29.524: Total time for which application threads were stopped: 0.0006035 seconds, Stopping threads took: 0.0000190 seconds
29.567: [GC (Allocation Failure)  69285K->645K(411136K), 0.0004836 secs]
29.568: Total time for which application threads were stopped: 0.0006123 seconds, Stopping threads took: 0.0000277 seconds
29.613: [GC (Allocation Failure)  68229K->741K(410112K), 0.0004857 secs]
29.614: Total time for which application threads were stopped: 0.0006124 seconds, Stopping threads took: 0.0000208 seconds
29.657: [GC (Allocation Failure)  67301K->613K(409088K), 0.0005167 secs]
29.657: Total time for which application threads were stopped: 0.0006434 seconds, Stopping threads took: 0.0000266 seconds
29.699: [GC (Allocation Failure)  66149K->645K(408064K), 0.0004305 secs]
29.699: Total time for which application threads were stopped: 0.0005519 seconds, Stopping threads took: 0.0000260 seconds
29.743: [GC (Allocation Failure)  65157K->741K(407040K), 0.0004850 secs]
29.744: Total time for which application threads were stopped: 0.0006114 seconds, Stopping threads took: 0.0000274 seconds
29.789: [GC (Allocation Failure)  64229K->677K(406016K), 0.0004706 secs]
29.790: Total time for which application threads were stopped: 0.0006030 seconds, Stopping threads took: 0.0000197 seconds
29.832: [GC (Allocation Failure)  63141K->645K(405504K), 0.0004688 secs]
29.833: Total time for which application threads were stopped: 0.0006104 seconds, Stopping threads took: 0.0000196 seconds
29.872: [GC (Allocation Failure)  62597K->677K(404992K), 0.0005086 secs]
29.873: Total time for which application threads were stopped: 0.0006257 seconds, Stopping threads took: 0.0000191 seconds
29.911: [GC (Allocation Failure)  62117K->677K(404480K), 0.0004753 secs]
29.912: Total time for which application threads were stopped: 0.0005987 seconds, Stopping threads took: 0.0000265 seconds
29.950: [GC (Allocation Failure)  61605K->677K(416768K), 0.0008346 secs]
29.951: Total time for which application threads were stopped: 0.0009511 seconds, Stopping threads took: 0.0000190 seconds
29.997: [GC (Allocation Failure)  73893K->741K(431616K), 0.0005061 secs]
29.997: Total time for which application threads were stopped: 0.0006254 seconds, Stopping threads took: 0.0000193 seconds
30.052: [GC (Allocation Failure)  88805K->677K(449536K), 0.0004341 secs]
30.053: Total time for which application threads were stopped: 0.0005618 seconds, Stopping threads took: 0.0000282 seconds
30.119: [GC (Allocation Failure)  106661K->645K(447488K), 0.0005163 secs]
30.120: Total time for which application threads were stopped: 0.0006617 seconds, Stopping threads took: 0.0000274 seconds
30.185: [GC (Allocation Failure)  104581K->645K(445440K), 0.0006098 secs]
30.185: Total time for which application threads were stopped: 0.0007483 seconds, Stopping threads took: 0.0000208 seconds
30.250: [GC (Allocation Failure)  102533K->709K(443392K), 0.0004379 secs]
30.251: Total time for which application threads were stopped: 0.0005683 seconds, Stopping threads took: 0.0000270 seconds
30.315: [GC (Allocation Failure)  100549K->645K(441344K), 0.0004817 secs]
30.315: Total time for which application threads were stopped: 0.0006193 seconds, Stopping threads took: 0.0000259 seconds
30.376: [GC (Allocation Failure)  98437K->709K(439296K), 0.0005131 secs]
30.377: Total time for which application threads were stopped: 0.0006373 seconds, Stopping threads took: 0.0000208 seconds
30.437: [GC (Allocation Failure)  96453K->645K(437760K), 0.0005561 secs]
30.437: Total time for which application threads were stopped: 0.0006827 seconds, Stopping threads took: 0.0000195 seconds
30.496: [GC (Allocation Failure)  94853K->645K(436224K), 0.0005220 secs]
30.497: Total time for which application threads were stopped: 0.0006471 seconds, Stopping threads took: 0.0000279 seconds
30.561: [GC (Allocation Failure)  93317K->613K(434688K), 0.0004541 secs]
30.561: Total time for which application threads were stopped: 0.0005789 seconds, Stopping threads took: 0.0000279 seconds
30.618: [GC (Allocation Failure)  91749K->645K(433152K), 0.0005064 secs]
30.619: Total time for which application threads were stopped: 0.0006270 seconds, Stopping threads took: 0.0000245 seconds
30.679: [GC (Allocation Failure)  90245K->709K(431616K), 0.0005870 secs]
30.679: Total time for which application threads were stopped: 0.0007180 seconds, Stopping threads took: 0.0000279 seconds
30.735: [GC (Allocation Failure)  88773K->613K(430080K), 0.0006423 secs]
30.735: Total time for which application threads were stopped: 0.0007886 seconds, Stopping threads took: 0.0000297 seconds
30.790: [GC (Allocation Failure)  87141K->613K(428544K), 0.0005725 secs]
30.790: Total time for which application threads were stopped: 0.0006858 seconds, Stopping threads took: 0.0000213 seconds
30.850: [GC (Allocation Failure)  85605K->613K(427008K), 0.0004766 secs]
30.850: Total time for which application threads were stopped: 0.0006206 seconds, Stopping threads took: 0.0000193 seconds
30.909: [GC (Allocation Failure)  84069K->645K(425472K), 0.0004081 secs]
30.909: Total time for which application threads were stopped: 0.0005152 seconds, Stopping threads took: 0.0000164 seconds
30.960: [GC (Allocation Failure)  82565K->677K(423936K), 0.0004841 secs]
30.961: Total time for which application threads were stopped: 0.0006038 seconds, Stopping threads took: 0.0000195 seconds
31.016: [GC (Allocation Failure)  81061K->645K(422400K), 0.0005213 secs]
31.017: Total time for which application threads were stopped: 0.0006444 seconds, Stopping threads took: 0.0000271 seconds
31.066: [GC (Allocation Failure)  79493K->677K(421376K), 0.0007453 secs]
31.067: Total time for which application threads were stopped: 0.0008659 seconds, Stopping threads took: 0.0000203 seconds
31.119: [GC (Allocation Failure)  78501K->677K(420352K), 0.0005479 secs]
31.120: Total time for which application threads were stopped: 0.0006692 seconds, Stopping threads took: 0.0000174 seconds
31.172: [GC (Allocation Failure)  77477K->677K(419328K), 0.0004401 secs]
31.172: Total time for which application threads were stopped: 0.0005659 seconds, Stopping threads took: 0.0000227 seconds
31.223: [GC (Allocation Failure)  76453K->741K(418304K), 0.0003967 secs]
31.224: Total time for which application threads were stopped: 0.0005160 seconds, Stopping threads took: 0.0000274 seconds
31.270: [GC (Allocation Failure)  75493K->645K(417280K), 0.0004797 secs]
31.271: Total time for which application threads were stopped: 0.0006034 seconds, Stopping threads took: 0.0000211 seconds
31.321: [GC (Allocation Failure)  74373K->677K(416256K), 0.0005516 secs]
31.321: Total time for which application threads were stopped: 0.0006579 seconds, Stopping threads took: 0.0000168 seconds
31.367: [GC (Allocation Failure)  73381K->645K(415232K), 0.0004942 secs]
31.368: Total time for which application threads were stopped: 0.0006223 seconds, Stopping threads took: 0.0000193 seconds
31.413: [GC (Allocation Failure)  72325K->645K(414208K), 0.0005222 secs]
31.414: Total time for which application threads were stopped: 0.0006741 seconds, Stopping threads took: 0.0000291 seconds
31.458: [GC (Allocation Failure)  71301K->677K(413184K), 0.0004629 secs]
31.459: Total time for which application threads were stopped: 0.0005881 seconds, Stopping threads took: 0.0000213 seconds
31.507: [GC (Allocation Failure)  70309K->709K(412160K), 0.0005990 secs]
31.508: Total time for which application threads were stopped: 0.0007219 seconds, Stopping threads took: 0.0000187 seconds
31.551: [GC (Allocation Failure)  69317K->645K(411136K), 0.0004825 secs]
31.552: Total time for which application threads were stopped: 0.0006013 seconds, Stopping threads took: 0.0000189 seconds
31.600: [GC (Allocation Failure)  68229K->645K(410112K), 0.0004890 secs]
31.601: Total time for which application threads were stopped: 0.0006091 seconds, Stopping threads took: 0.0000190 seconds
31.644: [GC (Allocation Failure)  67205K->613K(409088K), 0.0005202 secs]
31.644: Total time for which application threads were stopped: 0.0006452 seconds, Stopping threads took: 0.0000255 seconds
31.686: [GC (Allocation Failure)  66149K->613K(408064K), 0.0005400 secs]
31.686: Total time for which application threads were stopped: 0.0006674 seconds, Stopping threads took: 0.0000202 seconds
31.734: [GC (Allocation Failure)  65125K->645K(407040K), 0.0005060 secs]
31.735: Total time for which application threads were stopped: 0.0006443 seconds, Stopping threads took: 0.0000273 seconds
31.779: [GC (Allocation Failure)  64133K->677K(406016K), 0.0005651 secs]
31.780: Total time for which application threads were stopped: 0.0006984 seconds, Stopping threads took: 0.0000292 seconds
31.819: [GC (Allocation Failure)  63141K->645K(405504K), 0.0004634 secs]
31.819: Total time for which application threads were stopped: 0.0005900 seconds, Stopping threads took: 0.0000278 seconds
31.865: [GC (Allocation Failure)  62597K->645K(404992K), 0.0004287 secs]
31.865: Total time for which application threads were stopped: 0.0005395 seconds, Stopping threads took: 0.0000166 seconds
31.904: [GC (Allocation Failure)  62085K->677K(404480K), 0.0005144 secs]
31.905: Total time for which application threads were stopped: 0.0006418 seconds, Stopping threads took: 0.0000200 seconds
31.943: [GC (Allocation Failure)  61605K->709K(416768K), 0.0005322 secs]
31.944: Total time for which application threads were stopped: 0.0006527 seconds, Stopping threads took: 0.0000197 seconds
31.990: [GC (Allocation Failure)  73925K->677K(431616K), 0.0005850 secs]
31.990: Total time for which application threads were stopped: 0.0007030 seconds, Stopping threads took: 0.0000196 seconds
32.046: [GC (Allocation Failure)  88741K->677K(430080K), 0.0004911 secs]
32.046: Total time for which application threads were stopped: 0.0006101 seconds, Stopping threads took: 0.0000193 seconds
32.100: [GC (Allocation Failure)  87205K->645K(428544K), 0.0005645 secs]
32.101: Total time for which application threads were stopped: 0.0006876 seconds, Stopping threads took: 0.0000272 seconds
32.159: [GC (Allocation Failure)  85637K->741K(427008K), 0.0005638 secs]
32.159: Total time for which application threads were stopped: 0.0006731 seconds, Stopping threads took: 0.0000173 seconds
32.212: [GC (Allocation Failure)  84197K->677K(425472K), 0.0004718 secs]
32.213: Total time for which application threads were stopped: 0.0006100 seconds, Stopping threads took: 0.0000260 seconds
32.264: [GC (Allocation Failure)  82597K->645K(423936K), 0.0004988 secs]
32.265: Total time for which application threads were stopped: 0.0006462 seconds, Stopping threads took: 0.0000262 seconds
32.321: [GC (Allocation Failure)  81029K->677K(422400K), 0.0005020 secs]
32.322: Total time for which application threads were stopped: 0.0006512 seconds, Stopping threads took: 0.0000219 seconds
32.378: [GC (Allocation Failure)  79525K->645K(421376K), 0.0005935 secs]
32.379: Total time for which application threads were stopped: 0.0007564 seconds, Stopping threads took: 0.0000226 seconds
32.432: [GC (Allocation Failure)  78469K->677K(420352K), 0.0005007 secs]
32.433: Total time for which application threads were stopped: 0.0006454 seconds, Stopping threads took: 0.0000230 seconds
32.481: [GC (Allocation Failure)  77477K->677K(419328K), 0.0005088 secs]
32.481: Total time for which application threads were stopped: 0.0006287 seconds, Stopping threads took: 0.0000193 seconds
32.529: [GC (Allocation Failure)  76453K->677K(418304K), 0.0005509 secs]
32.529: Total time for which application threads were stopped: 0.0006957 seconds, Stopping threads took: 0.0000290 seconds
32.576: [GC (Allocation Failure)  75429K->645K(417280K), 0.0005491 secs]
32.577: Total time for which application threads were stopped: 0.0007057 seconds, Stopping threads took: 0.0000291 seconds
32.623: [GC (Allocation Failure)  74373K->709K(432128K), 0.0008575 secs]
32.624: Total time for which application threads were stopped: 0.0010020 seconds, Stopping threads took: 0.0000271 seconds
32.682: [GC (Allocation Failure)  89285K->581K(450048K), 0.0005079 secs]
32.682: Total time for which application threads were stopped: 0.0006442 seconds, Stopping threads took: 0.0000201 seconds
32.749: [GC (Allocation Failure)  107077K->709K(448000K), 0.0004487 secs]
32.750: Total time for which application threads were stopped: 0.0005908 seconds, Stopping threads took: 0.0000274 seconds
32.821: [GC (Allocation Failure)  105157K->677K(445952K), 0.0004931 secs]
32.822: Total time for which application threads were stopped: 0.0006294 seconds, Stopping threads took: 0.0000277 seconds
32.886: [GC (Allocation Failure)  103077K->677K(443904K), 0.0004779 secs]
32.887: Total time for which application threads were stopped: 0.0006047 seconds, Stopping threads took: 0.0000192 seconds
32.950: [GC (Allocation Failure)  101029K->677K(441856K), 0.0004971 secs]
32.951: Total time for which application threads were stopped: 0.0006331 seconds, Stopping threads took: 0.0000218 seconds
33.013: [GC (Allocation Failure)  98981K->613K(439808K), 0.0006267 secs]
33.013: Total time for which application threads were stopped: 0.0007778 seconds, Stopping threads took: 0.0000228 seconds
33.074: [GC (Allocation Failure)  96869K->677K(437760K), 0.0005021 secs]
33.074: Total time for which application threads were stopped: 0.0006326 seconds, Stopping threads took: 0.0000203 seconds
33.134: [GC (Allocation Failure)  94885K->613K(436224K), 0.0006636 secs]
33.135: Total time for which application threads were stopped: 0.0008213 seconds, Stopping threads took: 0.0000214 seconds
33.197: [GC (Allocation Failure)  93285K->677K(434688K), 0.0006263 secs]
33.197: Total time for which application threads were stopped: 0.0007885 seconds, Stopping threads took: 0.0000277 seconds
33.257: [GC (Allocation Failure)  91813K->741K(433152K), 0.0004994 secs]
33.257: Total time for which application threads were stopped: 0.0006230 seconds, Stopping threads took: 0.0000254 seconds
33.314: [GC (Allocation Failure)  90341K->677K(431616K), 0.0004937 secs]
33.314: Total time for which application threads were stopped: 0.0006406 seconds, Stopping threads took: 0.0000210 seconds
33.370: [GC (Allocation Failure)  88741K->645K(430080K), 0.0004975 secs]
33.370: Total time for which application threads were stopped: 0.0006399 seconds, Stopping threads took: 0.0000258 seconds
33.425: [GC (Allocation Failure)  87173K->645K(428544K), 0.0004642 secs]
33.426: Total time for which application threads were stopped: 0.0005824 seconds, Stopping threads took: 0.0000198 seconds
33.479: [GC (Allocation Failure)  85637K->677K(427008K), 0.0004794 secs]
33.480: Total time for which application threads were stopped: 0.0006132 seconds, Stopping threads took: 0.0000210 seconds
33.532: [GC (Allocation Failure)  84133K->645K(425472K), 0.0005439 secs]
33.533: Total time for which application threads were stopped: 0.0006934 seconds, Stopping threads took: 0.0000219 seconds
33.590: [GC (Allocation Failure)  82565K->677K(423936K), 0.0005284 secs]
33.590: Total time for which application threads were stopped: 0.0006694 seconds, Stopping threads took: 0.0000228 seconds
33.642: [GC (Allocation Failure)  81061K->645K(422400K), 0.0004655 secs]
33.642: Total time for which application threads were stopped: 0.0005746 seconds, Stopping threads took: 0.0000169 seconds
33.696: [GC (Allocation Failure)  79493K->645K(421376K), 0.0004483 secs]
33.696: Total time for which application threads were stopped: 0.0005665 seconds, Stopping threads took: 0.0000191 seconds
33.746: [GC (Allocation Failure)  78469K->645K(420352K), 0.0004630 secs]
33.747: Total time for which application threads were stopped: 0.0005866 seconds, Stopping threads took: 0.0000192 seconds
33.797: [GC (Allocation Failure)  77445K->613K(419328K), 0.0004128 secs]
33.797: Total time for which application threads were stopped: 0.0005404 seconds, Stopping threads took: 0.0000282 seconds
33.845: [GC (Allocation Failure)  76389K->677K(418304K), 0.0004680 secs]
33.846: Total time for which application threads were stopped: 0.0005937 seconds, Stopping threads took: 0.0000198 seconds
33.893: [GC (Allocation Failure)  75429K->677K(417280K), 0.0006513 secs]
33.893: Total time for which application threads were stopped: 0.0007945 seconds, Stopping threads took: 0.0000216 seconds
33.940: [GC (Allocation Failure)  74405K->709K(416256K), 0.0005525 secs]
33.941: Total time for which application threads were stopped: 0.0007459 seconds, Stopping threads took: 0.0000571 seconds
33.992: [GC (Allocation Failure)  73413K->677K(415232K), 0.0005066 secs]
33.992: Total time for which application threads were stopped: 0.0006551 seconds, Stopping threads took: 0.0000303 seconds
34.037: [GC (Allocation Failure)  72357K->677K(414208K), 0.0005060 secs]
34.038: Total time for which application threads were stopped: 0.0006236 seconds, Stopping threads took: 0.0000191 seconds
34.082: [GC (Allocation Failure)  71333K->645K(413184K), 0.0005067 secs]
34.083: Total time for which application threads were stopped: 0.0006497 seconds, Stopping threads took: 0.0000214 seconds
34.133: [GC (Allocation Failure)  70277K->645K(412160K), 0.0005037 secs]
34.134: Total time for which application threads were stopped: 0.0006194 seconds, Stopping threads took: 0.0000193 seconds
34.183: [GC (Allocation Failure)  69253K->645K(411136K), 0.0004920 secs]
34.184: Total time for which application threads were stopped: 0.0006155 seconds, Stopping threads took: 0.0000195 seconds
34.227: [GC (Allocation Failure)  68229K->677K(410112K), 0.0003859 secs]
34.228: Total time for which application threads were stopped: 0.0005041 seconds, Stopping threads took: 0.0000259 seconds
34.270: [GC (Allocation Failure)  67237K->645K(409088K), 0.0004812 secs]
34.270: Total time for which application threads were stopped: 0.0005996 seconds, Stopping threads took: 0.0000193 seconds
34.312: [GC (Allocation Failure)  66181K->741K(408064K), 0.0005066 secs]
34.312: Total time for which application threads were stopped: 0.0006491 seconds, Stopping threads took: 0.0000283 seconds
34.356: [GC (Allocation Failure)  65253K->645K(407040K), 0.0005061 secs]
34.357: Total time for which application threads were stopped: 0.0006423 seconds, Stopping threads took: 0.0000215 seconds
34.397: [GC (Allocation Failure)  64133K->645K(406016K), 0.0004763 secs]
34.397: Total time for which application threads were stopped: 0.0006122 seconds, Stopping threads took: 0.0000293 seconds
34.437: [GC (Allocation Failure)  63109K->677K(405504K), 0.0005141 secs]
34.437: Total time for which application threads were stopped: 0.0006489 seconds, Stopping threads took: 0.0000192 seconds
34.476: [GC (Allocation Failure)  62629K->645K(418304K), 0.0006194 secs]
34.477: Total time for which application threads were stopped: 0.0007571 seconds, Stopping threads took: 0.0000305 seconds
34.529: [GC (Allocation Failure)  75397K->677K(417280K), 0.0004393 secs]
34.530: Total time for which application threads were stopped: 0.0005718 seconds, Stopping threads took: 0.0000266 seconds
34.576: [GC (Allocation Failure)  74405K->709K(416256K), 0.0004869 secs]
34.576: Total time for which application threads were stopped: 0.0005963 seconds, Stopping threads took: 0.0000171 seconds
34.622: [GC (Allocation Failure)  73413K->613K(431104K), 0.0007364 secs]
34.623: Total time for which application threads were stopped: 0.0008744 seconds, Stopping threads took: 0.0000242 seconds
34.681: [GC (Allocation Failure)  88165K->613K(449024K), 0.0005379 secs]
34.682: Total time for which application threads were stopped: 0.0006823 seconds, Stopping threads took: 0.0000198 seconds
34.749: [GC (Allocation Failure)  106085K->677K(446976K), 0.0004773 secs]
34.750: Total time for which application threads were stopped: 0.0006046 seconds, Stopping threads took: 0.0000277 seconds
34.815: [GC (Allocation Failure)  104101K->709K(444928K), 0.0006535 secs]
34.816: Total time for which application threads were stopped: 0.0007996 seconds, Stopping threads took: 0.0000216 seconds
34.880: [GC (Allocation Failure)  102085K->677K(442880K), 0.0006131 secs]
34.880: Total time for which application threads were stopped: 0.0007585 seconds, Stopping threads took: 0.0000222 seconds
34.943: [GC (Allocation Failure)  100005K->677K(440832K), 0.0007140 secs]
34.944: Total time for which application threads were stopped: 0.0008595 seconds, Stopping threads took: 0.0000226 seconds
35.011: [GC (Allocation Failure)  97957K->613K(438784K), 0.0006840 secs]
35.012: Total time for which application threads were stopped: 0.0008371 seconds, Stopping threads took: 0.0000266 seconds
35.072: [GC (Allocation Failure)  95845K->677K(437248K), 0.0006900 secs]
35.073: Total time for which application threads were stopped: 0.0008402 seconds, Stopping threads took: 0.0000236 seconds
35.132: [GC (Allocation Failure)  94373K->645K(435712K), 0.0005332 secs]
35.132: Total time for which application threads were stopped: 0.0006918 seconds, Stopping threads took: 0.0000234 seconds
35.194: [GC (Allocation Failure)  92805K->645K(434176K), 0.0004461 secs]
35.195: Total time for which application threads were stopped: 0.0005544 seconds, Stopping threads took: 0.0000168 seconds
35.252: [GC (Allocation Failure)  91269K->645K(432640K), 0.0005258 secs]
35.252: Total time for which application threads were stopped: 0.0006532 seconds, Stopping threads took: 0.0000272 seconds
35.313: [GC (Allocation Failure)  89733K->613K(431104K), 0.0006272 secs]
35.313: Total time for which application threads were stopped: 0.0007635 seconds, Stopping threads took: 0.0000294 seconds
35.368: [GC (Allocation Failure)  88165K->645K(429568K), 0.0005186 secs]
35.369: Total time for which application threads were stopped: 0.0006569 seconds, Stopping threads took: 0.0000195 seconds
35.423: [GC (Allocation Failure)  86661K->645K(428032K), 0.0005131 secs]
35.423: Total time for which application threads were stopped: 0.0006540 seconds, Stopping threads took: 0.0000222 seconds
35.481: [GC (Allocation Failure)  85125K->645K(426496K), 0.0005073 secs]
35.481: Total time for which application threads were stopped: 0.0006179 seconds, Stopping threads took: 0.0000168 seconds
35.533: [GC (Allocation Failure)  83589K->645K(424960K), 0.0005756 secs]
35.534: Total time for which application threads were stopped: 0.0006912 seconds, Stopping threads took: 0.0000193 seconds
35.585: [GC (Allocation Failure)  82053K->677K(423424K), 0.0004729 secs]
35.586: Total time for which application threads were stopped: 0.0005979 seconds, Stopping threads took: 0.0000271 seconds
35.643: [GC (Allocation Failure)  80549K->645K(422400K), 0.0004510 secs]
35.643: Total time for which application threads were stopped: 0.0005733 seconds, Stopping threads took: 0.0000170 seconds
35.693: [GC (Allocation Failure)  79493K->645K(421376K), 0.0005781 secs]
35.694: Total time for which application threads were stopped: 0.0006980 seconds, Stopping threads took: 0.0000197 seconds
35.747: [GC (Allocation Failure)  78469K->677K(420352K), 0.0004484 secs]
35.747: Total time for which application threads were stopped: 0.0005691 seconds, Stopping threads took: 0.0000196 seconds
35.796: [GC (Allocation Failure)  77477K->645K(419328K), 0.0005140 secs]
35.796: Total time for which application threads were stopped: 0.0006500 seconds, Stopping threads took: 0.0000279 seconds
35.844: [GC (Allocation Failure)  76421K->645K(418304K), 0.0005037 secs]
35.844: Total time for which application threads were stopped: 0.0006459 seconds, Stopping threads took: 0.0000297 seconds
35.891: [GC (Allocation Failure)  75397K->677K(417280K), 0.0005297 secs]
35.892: Total time for which application threads were stopped: 0.0006703 seconds, Stopping threads took: 0.0000192 seconds
35.938: [GC (Allocation Failure)  74405K->645K(416256K), 0.0004866 secs]
35.939: Total time for which application threads were stopped: 0.0006058 seconds, Stopping threads took: 0.0000185 seconds
35.984: [GC (Allocation Failure)  73349K->677K(415232K), 0.0005152 secs]
35.985: Total time for which application threads were stopped: 0.0006459 seconds, Stopping threads took: 0.0000198 seconds
36.035: [GC (Allocation Failure)  72357K->645K(414208K), 0.0004746 secs]
36.035: Total time for which application threads were stopped: 0.0005988 seconds, Stopping threads took: 0.0000269 seconds
36.080: [GC (Allocation Failure)  71301K->677K(413184K), 0.0006655 secs]
36.081: Total time for which application threads were stopped: 0.0008077 seconds, Stopping threads took: 0.0000293 seconds
36.124: [GC (Allocation Failure)  70309K->645K(412160K), 0.0004987 secs]
36.125: Total time for which application threads were stopped: 0.0006340 seconds, Stopping threads took: 0.0000274 seconds
36.168: [GC (Allocation Failure)  69253K->677K(425984K), 0.0007739 secs]
36.169: Total time for which application threads were stopped: 0.0009169 seconds, Stopping threads took: 0.0000294 seconds
36.221: [GC (Allocation Failure)  83109K->677K(442880K), 0.0004743 secs]
36.222: Total time for which application threads were stopped: 0.0006018 seconds, Stopping threads took: 0.0000268 seconds
36.284: [GC (Allocation Failure)  100005K->613K(462848K), 0.0006575 secs]
36.285: Total time for which application threads were stopped: 0.0008028 seconds, Stopping threads took: 0.0000262 seconds
36.359: [GC (Allocation Failure)  119909K->613K(460288K), 0.0005014 secs]
36.360: Total time for which application threads were stopped: 0.0006438 seconds, Stopping threads took: 0.0000226 seconds
36.433: [GC (Allocation Failure)  117349K->645K(457728K), 0.0004847 secs]
36.433: Total time for which application threads were stopped: 0.0006234 seconds, Stopping threads took: 0.0000223 seconds
36.510: [GC (Allocation Failure)  114821K->613K(455168K), 0.0005840 secs]
36.510: Total time for which application threads were stopped: 0.0007422 seconds, Stopping threads took: 0.0000310 seconds
36.584: [GC (Allocation Failure)  112229K->613K(452608K), 0.0005572 secs]
36.584: Total time for which application threads were stopped: 0.0007141 seconds, Stopping threads took: 0.0000291 seconds
36.659: [GC (Allocation Failure)  109669K->645K(450560K), 0.0005298 secs]
36.659: Total time for which application threads were stopped: 0.0006300 seconds, Stopping threads took: 0.0000173 seconds
36.728: [GC (Allocation Failure)  107653K->645K(448512K), 0.0004888 secs]
36.728: Total time for which application threads were stopped: 0.0006265 seconds, Stopping threads took: 0.0000262 seconds
36.799: [GC (Allocation Failure)  105605K->613K(446464K), 0.0005933 secs]
36.799: Total time for which application threads were stopped: 0.0007149 seconds, Stopping threads took: 0.0000199 seconds
36.868: [GC (Allocation Failure)  103525K->677K(444416K), 0.0005223 secs]
36.868: Total time for which application threads were stopped: 0.0006736 seconds, Stopping threads took: 0.0000286 seconds
36.936: [GC (Allocation Failure)  101541K->677K(442368K), 0.0004752 secs]
36.936: Total time for which application threads were stopped: 0.0006215 seconds, Stopping threads took: 0.0000292 seconds
36.998: [GC (Allocation Failure)  99493K->645K(440320K), 0.0004889 secs]
36.999: Total time for which application threads were stopped: 0.0006237 seconds, Stopping threads took: 0.0000202 seconds
37.065: [GC (Allocation Failure)  97413K->645K(438272K), 0.0005230 secs]
37.066: Total time for which application threads were stopped: 0.0006511 seconds, Stopping threads took: 0.0000274 seconds
37.131: [GC (Allocation Failure)  95365K->709K(436736K), 0.0007840 secs]
37.132: Total time for which application threads were stopped: 0.0009188 seconds, Stopping threads took: 0.0000218 seconds
37.190: [GC (Allocation Failure)  93893K->677K(435200K), 0.0005002 secs]
37.191: Total time for which application threads were stopped: 0.0006284 seconds, Stopping threads took: 0.0000271 seconds
37.250: [GC (Allocation Failure)  92325K->613K(453632K), 0.0019230 secs]
37.252: Total time for which application threads were stopped: 0.0020471 seconds, Stopping threads took: 0.0000261 seconds
37.321: [GC (Allocation Failure)  110693K->677K(475648K), 0.0005623 secs]
37.321: Total time for which application threads were stopped: 0.0006834 seconds, Stopping threads took: 0.0000258 seconds
37.410: [GC (Allocation Failure)  132773K->645K(472576K), 0.0004288 secs]
37.410: Total time for which application threads were stopped: 0.0005364 seconds, Stopping threads took: 0.0000172 seconds
37.491: [GC (Allocation Failure)  129669K->613K(469504K), 0.0007229 secs]
37.492: Total time for which application threads were stopped: 0.0008345 seconds, Stopping threads took: 0.0000204 seconds
37.576: [GC (Allocation Failure)  126565K->645K(466432K), 0.0004419 secs]
37.577: Total time for which application threads were stopped: 0.0005641 seconds, Stopping threads took: 0.0000170 seconds
37.658: [GC (Allocation Failure)  123525K->677K(463872K), 0.0004502 secs]
37.658: Total time for which application threads were stopped: 0.0005651 seconds, Stopping threads took: 0.0000175 seconds
37.735: [GC (Allocation Failure)  120997K->613K(461312K), 0.0005357 secs]
37.736: Total time for which application threads were stopped: 0.0006550 seconds, Stopping threads took: 0.0000258 seconds
37.810: [GC (Allocation Failure)  118373K->613K(458752K), 0.0006020 secs]
37.810: Total time for which application threads were stopped: 0.0007508 seconds, Stopping threads took: 0.0000291 seconds
37.885: [GC (Allocation Failure)  115813K->645K(456192K), 0.0005240 secs]
37.886: Total time for which application threads were stopped: 0.0006438 seconds, Stopping threads took: 0.0000196 seconds
37.957: [GC (Allocation Failure)  113285K->613K(453632K), 0.0005992 secs]
37.957: Total time for which application threads were stopped: 0.0007356 seconds, Stopping threads took: 0.0000298 seconds
38.027: [GC (Allocation Failure)  110693K->645K(451584K), 0.0004733 secs]
38.027: Total time for which application threads were stopped: 0.0006087 seconds, Stopping threads took: 0.0000282 seconds
38.100: [GC (Allocation Failure)  108677K->709K(449536K), 0.0006048 secs]
38.101: Total time for which application threads were stopped: 0.0007320 seconds, Stopping threads took: 0.0000192 seconds
38.167: [GC (Allocation Failure)  106693K->645K(447488K), 0.0006628 secs]
38.168: Total time for which application threads were stopped: 0.0008060 seconds, Stopping threads took: 0.0000271 seconds
38.240: [GC (Allocation Failure)  104581K->709K(445440K), 0.0005878 secs]
38.241: Total time for which application threads were stopped: 0.0007304 seconds, Stopping threads took: 0.0000290 seconds
38.306: [GC (Allocation Failure)  102597K->709K(443392K), 0.0004650 secs]
38.307: Total time for which application threads were stopped: 0.0005915 seconds, Stopping threads took: 0.0000267 seconds
38.376: [GC (Allocation Failure)  100549K->645K(441344K), 0.0005348 secs]
38.377: Total time for which application threads were stopped: 0.0006797 seconds, Stopping threads took: 0.0000271 seconds
38.438: [GC (Allocation Failure)  98437K->645K(439296K), 0.0004971 secs]
38.438: Total time for which application threads were stopped: 0.0006167 seconds, Stopping threads took: 0.0000198 seconds
38.498: [GC (Allocation Failure)  96389K->645K(437760K), 0.0005378 secs]
38.499: Total time for which application threads were stopped: 0.0006893 seconds, Stopping threads took: 0.0000215 seconds
38.558: [GC (Allocation Failure)  94853K->645K(436224K), 0.0004661 secs]
38.559: Total time for which application threads were stopped: 0.0005950 seconds, Stopping threads took: 0.0000279 seconds
38.616: [GC (Allocation Failure)  93317K->741K(434688K), 0.0005041 secs]
38.617: Total time for which application threads were stopped: 0.0006622 seconds, Stopping threads took: 0.0000217 seconds
38.679: [GC (Allocation Failure)  91877K->645K(433152K), 0.0004012 secs]
38.680: Total time for which application threads were stopped: 0.0005353 seconds, Stopping threads took: 0.0000172 seconds
38.737: [GC (Allocation Failure)  90245K->645K(431616K), 0.0003958 secs]
38.737: Total time for which application threads were stopped: 0.0005161 seconds, Stopping threads took: 0.0000196 seconds
38.792: [GC (Allocation Failure)  88709K->581K(430080K), 0.0005915 secs]
38.793: Total time for which application threads were stopped: 0.0007248 seconds, Stopping threads took: 0.0000274 seconds
38.850: [GC (Allocation Failure)  87109K->677K(428544K), 0.0005715 secs]
38.850: Total time for which application threads were stopped: 0.0006939 seconds, Stopping threads took: 0.0000170 seconds
38.910: [GC (Allocation Failure)  85669K->645K(427008K), 0.0006004 secs]
38.910: Total time for which application threads were stopped: 0.0007244 seconds, Stopping threads took: 0.0000273 seconds
38.968: [GC (Allocation Failure)  84101K->677K(425472K), 0.0006221 secs]
38.969: Total time for which application threads were stopped: 0.0007818 seconds, Stopping threads took: 0.0000302 seconds
39.026: [GC (Allocation Failure)  82597K->677K(423936K), 0.0005338 secs]
39.026: Total time for which application threads were stopped: 0.0006764 seconds, Stopping threads took: 0.0000226 seconds
39.077: [GC (Allocation Failure)  81061K->677K(422400K), 0.0004818 secs]
39.077: Total time for which application threads were stopped: 0.0006004 seconds, Stopping threads took: 0.0000197 seconds
39.134: [GC (Allocation Failure)  79525K->677K(421376K), 0.0005202 secs]
39.135: Total time for which application threads were stopped: 0.0006554 seconds, Stopping threads took: 0.0000218 seconds
39.187: [GC (Allocation Failure)  78501K->645K(420352K), 0.0005042 secs]
39.188: Total time for which application threads were stopped: 0.0006565 seconds, Stopping threads took: 0.0000302 seconds
39.240: [GC (Allocation Failure)  77445K->677K(419328K), 0.0004402 secs]
39.240: Total time for which application threads were stopped: 0.0005718 seconds, Stopping threads took: 0.0000263 seconds
39.293: [GC (Allocation Failure)  76453K->709K(418304K), 0.0006022 secs]
39.293: Total time for which application threads were stopped: 0.0007472 seconds, Stopping threads took: 0.0000189 seconds
39.347: [GC (Allocation Failure)  75461K->677K(417280K), 0.0004853 secs]
39.348: Total time for which application threads were stopped: 0.0006050 seconds, Stopping threads took: 0.0000198 seconds
39.394: [GC (Allocation Failure)  74405K->645K(416256K), 0.0004787 secs]
39.394: Total time for which application threads were stopped: 0.0006170 seconds, Stopping threads took: 0.0000385 seconds
39.446: [GC (Allocation Failure)  73349K->677K(415232K), 0.0004811 secs]
39.446: Total time for which application threads were stopped: 0.0006098 seconds, Stopping threads took: 0.0000274 seconds
39.492: [GC (Allocation Failure)  72357K->581K(414208K), 0.0004600 secs]
39.492: Total time for which application threads were stopped: 0.0005851 seconds, Stopping threads took: 0.0000271 seconds
39.536: [GC (Allocation Failure)  71237K->645K(413184K), 0.0004732 secs]
39.537: Total time for which application threads were stopped: 0.0005912 seconds, Stopping threads took: 0.0000192 seconds
39.581: [GC (Allocation Failure)  70277K->613K(412160K), 0.0005617 secs]
39.581: Total time for which application threads were stopped: 0.0006943 seconds, Stopping threads took: 0.0000189 seconds
39.625: [GC (Allocation Failure)  69221K->677K(411136K), 0.0005287 secs]
39.625: Total time for which application threads were stopped: 0.0006520 seconds, Stopping threads took: 0.0000260 seconds
39.672: [GC (Allocation Failure)  68261K->645K(410112K), 0.0006112 secs]
39.672: Total time for which application threads were stopped: 0.0007526 seconds, Stopping threads took: 0.0000274 seconds
39.718: [GC (Allocation Failure)  67205K->741K(409088K), 0.0004213 secs]
39.719: Total time for which application threads were stopped: 0.0005441 seconds, Stopping threads took: 0.0000276 seconds
39.766: [GC (Allocation Failure)  66277K->677K(408064K), 0.0004868 secs]
39.766: Total time for which application threads were stopped: 0.0006057 seconds, Stopping threads took: 0.0000197 seconds
39.807: [GC (Allocation Failure)  65189K->677K(407040K), 0.0005099 secs]
39.808: Total time for which application threads were stopped: 0.0006394 seconds, Stopping threads took: 0.0000281 seconds
39.853: [GC (Allocation Failure)  64165K->677K(406016K), 0.0005431 secs]
39.853: Total time for which application threads were stopped: 0.0006658 seconds, Stopping threads took: 0.0000198 seconds
39.893: [GC (Allocation Failure)  63141K->613K(418816K), 0.0006009 secs]
39.893: Total time for which application threads were stopped: 0.0007336 seconds, Stopping threads took: 0.0000292 seconds
39.945: [GC (Allocation Failure)  75877K->645K(417792K), 0.0004474 secs]
39.946: Total time for which application threads were stopped: 0.0005710 seconds, Stopping threads took: 0.0000272 seconds
39.992: [GC (Allocation Failure)  74885K->645K(416768K), 0.0004730 secs]
39.993: Total time for which application threads were stopped: 0.0006015 seconds, Stopping threads took: 0.0000273 seconds
40.039: [GC (Allocation Failure)  73861K->613K(415744K), 0.0004685 secs]
40.040: Total time for which application threads were stopped: 0.0005901 seconds, Stopping threads took: 0.0000195 seconds
40.090: [GC (Allocation Failure)  72805K->613K(414720K), 0.0006492 secs]
40.091: Total time for which application threads were stopped: 0.0007833 seconds, Stopping threads took: 0.0000193 seconds
40.136: [GC (Allocation Failure)  71781K->613K(429056K), 0.0005958 secs]
40.136: Total time for which application threads were stopped: 0.0007148 seconds, Stopping threads took: 0.0000195 seconds
40.190: [GC (Allocation Failure)  86117K->645K(427520K), 0.0004857 secs]
40.191: Total time for which application threads were stopped: 0.0006094 seconds, Stopping threads took: 0.0000202 seconds
40.243: [GC (Allocation Failure)  84613K->645K(425984K), 0.0005065 secs]
40.244: Total time for which application threads were stopped: 0.0006265 seconds, Stopping threads took: 0.0000195 seconds
40.296: [GC (Allocation Failure)  83077K->677K(424448K), 0.0005412 secs]
40.296: Total time for which application threads were stopped: 0.0006646 seconds, Stopping threads took: 0.0000256 seconds
40.347: [GC (Allocation Failure)  81573K->677K(422912K), 0.0005049 secs]
40.348: Total time for which application threads were stopped: 0.0006314 seconds, Stopping threads took: 0.0000192 seconds
40.398: [GC (Allocation Failure)  80037K->645K(421888K), 0.0005419 secs]
40.398: Total time for which application threads were stopped: 0.0006889 seconds, Stopping threads took: 0.0000224 seconds
40.453: [GC (Allocation Failure)  78981K->677K(420864K), 0.0004881 secs]
40.454: Total time for which application threads were stopped: 0.0006143 seconds, Stopping threads took: 0.0000229 seconds
40.503: [GC (Allocation Failure)  77989K->677K(419840K), 0.0004698 secs]
40.503: Total time for which application threads were stopped: 0.0005739 seconds, Stopping threads took: 0.0000172 seconds
40.551: [GC (Allocation Failure)  76965K->645K(418816K), 0.0003999 secs]
40.552: Total time for which application threads were stopped: 0.0005074 seconds, Stopping threads took: 0.0000169 seconds
40.599: [GC (Allocation Failure)  75909K->645K(417792K), 0.0004840 secs]
40.600: Total time for which application threads were stopped: 0.0006026 seconds, Stopping threads took: 0.0000196 seconds
40.654: [GC (Allocation Failure)  74885K->645K(416768K), 0.0005659 secs]
40.654: Total time for which application threads were stopped: 0.0006969 seconds, Stopping threads took: 0.0000201 seconds
40.703: [GC (Allocation Failure)  73861K->613K(415744K), 0.0004811 secs]
40.704: Total time for which application threads were stopped: 0.0006205 seconds, Stopping threads took: 0.0000277 seconds
40.750: [GC (Allocation Failure)  72805K->645K(414720K), 0.0005028 secs]
40.750: Total time for which application threads were stopped: 0.0006334 seconds, Stopping threads took: 0.0000261 seconds
40.795: [GC (Allocation Failure)  71813K->581K(413696K), 0.0004467 secs]
40.795: Total time for which application threads were stopped: 0.0005620 seconds, Stopping threads took: 0.0000181 seconds
40.846: [GC (Allocation Failure)  70725K->645K(412672K), 0.0005749 secs]
40.846: Total time for which application threads were stopped: 0.0007017 seconds, Stopping threads took: 0.0000267 seconds
40.896: [GC (Allocation Failure)  69765K->677K(411648K), 0.0004989 secs]
40.896: Total time for which application threads were stopped: 0.0006269 seconds, Stopping threads took: 0.0000271 seconds
40.939: [GC (Allocation Failure)  68773K->677K(410624K), 0.0004925 secs]
40.940: Total time for which application threads were stopped: 0.0006301 seconds, Stopping threads took: 0.0000206 seconds
40.988: [GC (Allocation Failure)  67749K->645K(409600K), 0.0006230 secs]
40.988: Total time for which application threads were stopped: 0.0007676 seconds, Stopping threads took: 0.0000212 seconds
41.035: [GC (Allocation Failure)  66693K->677K(422912K), 0.0007413 secs]
41.036: Total time for which application threads were stopped: 0.0008580 seconds, Stopping threads took: 0.0000191 seconds
41.086: [GC (Allocation Failure)  80037K->677K(438784K), 0.0006321 secs]
41.086: Total time for which application threads were stopped: 0.0007514 seconds, Stopping threads took: 0.0000196 seconds
41.153: [GC (Allocation Failure)  95909K->677K(458240K), 0.0006083 secs]
41.153: Total time for which application threads were stopped: 0.0007514 seconds, Stopping threads took: 0.0000214 seconds
41.231: [GC (Allocation Failure)  115365K->645K(455680K), 0.0004281 secs]
41.231: Total time for which application threads were stopped: 0.0005481 seconds, Stopping threads took: 0.0000197 seconds
41.301: [GC (Allocation Failure)  112773K->613K(453120K), 0.0006995 secs]
41.302: Total time for which application threads were stopped: 0.0008068 seconds, Stopping threads took: 0.0000195 seconds
41.376: [GC (Allocation Failure)  110181K->581K(451072K), 0.0005232 secs]
41.377: Total time for which application threads were stopped: 0.0006482 seconds, Stopping threads took: 0.0000272 seconds
41.448: [GC (Allocation Failure)  108101K->645K(449024K), 0.0006036 secs]
41.448: Total time for which application threads were stopped: 0.0007285 seconds, Stopping threads took: 0.0000264 seconds
41.519: [GC (Allocation Failure)  106117K->677K(446976K), 0.0006134 secs]
41.520: Total time for which application threads were stopped: 0.0007345 seconds, Stopping threads took: 0.0000192 seconds
41.585: [GC (Allocation Failure)  104101K->645K(444928K), 0.0004812 secs]
41.585: Total time for which application threads were stopped: 0.0006038 seconds, Stopping threads took: 0.0000203 seconds
41.649: [GC (Allocation Failure)  102021K->613K(442880K), 0.0005469 secs]
41.650: Total time for which application threads were stopped: 0.0006743 seconds, Stopping threads took: 0.0000278 seconds
41.712: [GC (Allocation Failure)  99941K->677K(440832K), 0.0005805 secs]
41.713: Total time for which application threads were stopped: 0.0007086 seconds, Stopping threads took: 0.0000278 seconds
41.778: [GC (Allocation Failure)  97957K->645K(438784K), 0.0005582 secs]
41.779: Total time for which application threads were stopped: 0.0006824 seconds, Stopping threads took: 0.0000272 seconds
41.841: [GC (Allocation Failure)  95877K->645K(437248K), 0.0004169 secs]
41.842: Total time for which application threads were stopped: 0.0005370 seconds, Stopping threads took: 0.0000194 seconds
41.907: [GC (Allocation Failure)  94341K->645K(435712K), 0.0004253 secs]
41.907: Total time for which application threads were stopped: 0.0005340 seconds, Stopping threads took: 0.0000170 seconds
41.965: [GC (Allocation Failure)  92805K->645K(434176K), 0.0004268 secs]
41.965: Total time for which application threads were stopped: 0.0005327 seconds, Stopping threads took: 0.0000165 seconds
42.025: [GC (Allocation Failure)  91269K->645K(432640K), 0.0004882 secs]
42.026: Total time for which application threads were stopped: 0.0006093 seconds, Stopping threads took: 0.0000192 seconds
42.081: [GC (Allocation Failure)  89733K->677K(431104K), 0.0004760 secs]
42.082: Total time for which application threads were stopped: 0.0006010 seconds, Stopping threads took: 0.0000190 seconds
42.137: [GC (Allocation Failure)  88229K->677K(429568K), 0.0005287 secs]
42.137: Total time for which application threads were stopped: 0.0006579 seconds, Stopping threads took: 0.0000203 seconds
42.191: [GC (Allocation Failure)  86693K->677K(428032K), 0.0005607 secs]
42.192: Total time for which application threads were stopped: 0.0007084 seconds, Stopping threads took: 0.0000302 seconds
42.246: [GC (Allocation Failure)  85157K->645K(426496K), 0.0004725 secs]
42.246: Total time for which application threads were stopped: 0.0006074 seconds, Stopping threads took: 0.0000273 seconds
42.298: [GC (Allocation Failure)  83589K->645K(424960K), 0.0004738 secs]
42.299: Total time for which application threads were stopped: 0.0005981 seconds, Stopping threads took: 0.0000274 seconds
42.354: [GC (Allocation Failure)  82053K->709K(423424K), 0.0006119 secs]
42.354: Total time for which application threads were stopped: 0.0007207 seconds, Stopping threads took: 0.0000169 seconds
42.409: [GC (Allocation Failure)  80581K->645K(422400K), 0.0004316 secs]
42.409: Total time for which application threads were stopped: 0.0005681 seconds, Stopping threads took: 0.0000194 seconds
42.462: [GC (Allocation Failure)  79493K->645K(421376K), 0.0005479 secs]
42.463: Total time for which application threads were stopped: 0.0006963 seconds, Stopping threads took: 0.0000215 seconds
42.515: [GC (Allocation Failure)  78469K->709K(420352K), 0.0005061 secs]
42.516: Total time for which application threads were stopped: 0.0006449 seconds, Stopping threads took: 0.0000225 seconds
42.564: [GC (Allocation Failure)  77509K->613K(419328K), 0.0005773 secs]
42.565: Total time for which application threads were stopped: 0.0007165 seconds, Stopping threads took: 0.0000279 seconds
42.618: [GC (Allocation Failure)  76389K->645K(418304K), 0.0006544 secs]
42.619: Total time for which application threads were stopped: 0.0007899 seconds, Stopping threads took: 0.0000164 seconds
42.667: [GC (Allocation Failure)  75397K->709K(417280K), 0.0005636 secs]
42.668: Total time for which application threads were stopped: 0.0006886 seconds, Stopping threads took: 0.0000197 seconds
42.715: [GC (Allocation Failure)  74437K->645K(416256K), 0.0004038 secs]
42.715: Total time for which application threads were stopped: 0.0005343 seconds, Stopping threads took: 0.0000271 seconds
42.761: [GC (Allocation Failure)  73349K->645K(415232K), 0.0005054 secs]
42.762: Total time for which application threads were stopped: 0.0006250 seconds, Stopping threads took: 0.0000251 seconds
42.813: [GC (Allocation Failure)  72325K->677K(414208K), 0.0004681 secs]
42.814: Total time for which application threads were stopped: 0.0005881 seconds, Stopping threads took: 0.0000182 seconds
42.858: [GC (Allocation Failure)  71333K->645K(413184K), 0.0004774 secs]
42.859: Total time for which application threads were stopped: 0.0006011 seconds, Stopping threads took: 0.0000209 seconds
42.902: [GC (Allocation Failure)  70277K->677K(412160K), 0.0004744 secs]
42.903: Total time for which application threads were stopped: 0.0006125 seconds, Stopping threads took: 0.0000200 seconds
42.946: [GC (Allocation Failure)  69285K->709K(411136K), 0.0005681 secs]
42.946: Total time for which application threads were stopped: 0.0007306 seconds, Stopping threads took: 0.0000212 seconds
42.989: [GC (Allocation Failure)  68293K->645K(410112K), 0.0004929 secs]
42.989: Total time for which application threads were stopped: 0.0006125 seconds, Stopping threads took: 0.0000198 seconds
43.037: [GC (Allocation Failure)  67205K->709K(409088K), 0.0005185 secs]
43.037: Total time for which application threads were stopped: 0.0006556 seconds, Stopping threads took: 0.0000197 seconds
43.079: [GC (Allocation Failure)  66245K->645K(408064K), 0.0005653 secs]
43.079: Total time for which application threads were stopped: 0.0007140 seconds, Stopping threads took: 0.0000297 seconds
43.125: [GC (Allocation Failure)  65157K->645K(421376K), 0.0007091 secs]
43.126: Total time for which application threads were stopped: 0.0008674 seconds, Stopping threads took: 0.0000246 seconds
43.175: [GC (Allocation Failure)  78469K->709K(437248K), 0.0005339 secs]
43.175: Total time for which application threads were stopped: 0.0006836 seconds, Stopping threads took: 0.0000230 seconds
43.235: [GC (Allocation Failure)  94405K->645K(435712K), 0.0004264 secs]
43.235: Total time for which application threads were stopped: 0.0005512 seconds, Stopping threads took: 0.0000275 seconds
43.298: [GC (Allocation Failure)  92805K->645K(434176K), 0.0004759 secs]
43.298: Total time for which application threads were stopped: 0.0006088 seconds, Stopping threads took: 0.0000263 seconds
43.360: [GC (Allocation Failure)  91269K->613K(432640K), 0.0004659 secs]
43.360: Total time for which application threads were stopped: 0.0006123 seconds, Stopping threads took: 0.0000301 seconds
43.416: [GC (Allocation Failure)  89701K->677K(431104K), 0.0004631 secs]
43.416: Total time for which application threads were stopped: 0.0006028 seconds, Stopping threads took: 0.0000218 seconds
43.471: [GC (Allocation Failure)  88229K->645K(429568K), 0.0006012 secs]
43.472: Total time for which application threads were stopped: 0.0007414 seconds, Stopping threads took: 0.0000218 seconds
43.532: [GC (Allocation Failure)  86661K->645K(428032K), 0.0004421 secs]
43.533: Total time for which application threads were stopped: 0.0005517 seconds, Stopping threads took: 0.0000165 seconds
43.586: [GC (Allocation Failure)  85125K->677K(426496K), 0.0005021 secs]
43.586: Total time for which application threads were stopped: 0.0006186 seconds, Stopping threads took: 0.0000199 seconds
43.645: [GC (Allocation Failure)  83621K->677K(424960K), 0.0004959 secs]
43.645: Total time for which application threads were stopped: 0.0005984 seconds, Stopping threads took: 0.0000164 seconds
43.702: [GC (Allocation Failure)  82085K->645K(423424K), 0.0005003 secs]
43.702: Total time for which application threads were stopped: 0.0006026 seconds, Stopping threads took: 0.0000177 seconds
43.755: [GC (Allocation Failure)  80517K->645K(422400K), 0.0005264 secs]
43.756: Total time for which application threads were stopped: 0.0006734 seconds, Stopping threads took: 0.0000283 seconds
43.805: [GC (Allocation Failure)  79493K->613K(421376K), 0.0005088 secs]
43.806: Total time for which application threads were stopped: 0.0006304 seconds, Stopping threads took: 0.0000197 seconds
43.862: [GC (Allocation Failure)  78437K->613K(420352K), 0.0005746 secs]
43.862: Total time for which application threads were stopped: 0.0006989 seconds, Stopping threads took: 0.0000275 seconds
43.911: [GC (Allocation Failure)  77413K->645K(419328K), 0.0004855 secs]
43.911: Total time for which application threads were stopped: 0.0006122 seconds, Stopping threads took: 0.0000271 seconds
43.964: [GC (Allocation Failure)  76421K->677K(418304K), 0.0006253 secs]
43.965: Total time for which application threads were stopped: 0.0007491 seconds, Stopping threads took: 0.0000273 seconds
44.012: [GC (Allocation Failure)  75429K->613K(417280K), 0.0005384 secs]
44.013: Total time for which application threads were stopped: 0.0006568 seconds, Stopping threads took: 0.0000194 seconds
44.064: [GC (Allocation Failure)  74341K->709K(416256K), 0.0005310 secs]
44.064: Total time for which application threads were stopped: 0.0006483 seconds, Stopping threads took: 0.0000192 seconds
44.110: [GC (Allocation Failure)  73413K->741K(415232K), 0.0004644 secs]
44.110: Total time for which application threads were stopped: 0.0005998 seconds, Stopping threads took: 0.0000401 seconds
44.159: [GC (Allocation Failure)  72421K->645K(414208K), 0.0005269 secs]
44.159: Total time for which application threads were stopped: 0.0006536 seconds, Stopping threads took: 0.0000272 seconds
44.207: [GC (Allocation Failure)  71301K->613K(413184K), 0.0006489 secs]
44.208: Total time for which application threads were stopped: 0.0007826 seconds, Stopping threads took: 0.0000278 seconds
44.255: [GC (Allocation Failure)  70245K->613K(412160K), 0.0004665 secs]
44.255: Total time for which application threads were stopped: 0.0005924 seconds, Stopping threads took: 0.0000209 seconds
44.304: [GC (Allocation Failure)  69221K->677K(411136K), 0.0004100 secs]
44.305: Total time for which application threads were stopped: 0.0005258 seconds, Stopping threads took: 0.0000255 seconds
44.353: [GC (Allocation Failure)  68261K->741K(410112K), 0.0004845 secs]
44.353: Total time for which application threads were stopped: 0.0006066 seconds, Stopping threads took: 0.0000192 seconds
44.400: [GC (Allocation Failure)  67301K->677K(409088K), 0.0004624 secs]
44.401: Total time for which application threads were stopped: 0.0005776 seconds, Stopping threads took: 0.0000194 seconds
44.442: [GC (Allocation Failure)  66213K->645K(408064K), 0.0004589 secs]
44.443: Total time for which application threads were stopped: 0.0005629 seconds, Stopping threads took: 0.0000165 seconds
44.483: [GC (Allocation Failure)  65157K->613K(407040K), 0.0005822 secs]
44.484: Total time for which application threads were stopped: 0.0006904 seconds, Stopping threads took: 0.0000170 seconds
44.529: [GC (Allocation Failure)  64101K->645K(419840K), 0.0005883 secs]
44.530: Total time for which application threads were stopped: 0.0007161 seconds, Stopping threads took: 0.0000278 seconds
44.578: [GC (Allocation Failure)  76933K->677K(418816K), 0.0004672 secs]
44.578: Total time for which application threads were stopped: 0.0006042 seconds, Stopping threads took: 0.0000366 seconds
44.626: [GC (Allocation Failure)  75941K->677K(417792K), 0.0004405 secs]
44.627: Total time for which application threads were stopped: 0.0006096 seconds, Stopping threads took: 0.0000689 seconds
44.676: [GC (Allocation Failure)  74917K->645K(416768K), 0.0004720 secs]
44.676: Total time for which application threads were stopped: 0.0005809 seconds, Stopping threads took: 0.0000173 seconds
44.722: [GC (Allocation Failure)  73861K->709K(415744K), 0.0004367 secs]
44.723: Total time for which application threads were stopped: 0.0005534 seconds, Stopping threads took: 0.0000255 seconds
44.769: [GC (Allocation Failure)  72901K->645K(414720K), 0.0004952 secs]
44.769: Total time for which application threads were stopped: 0.0006163 seconds, Stopping threads took: 0.0000251 seconds
44.819: [GC (Allocation Failure)  71813K->709K(413696K), 0.0004840 secs]
44.819: Total time for which application threads were stopped: 0.0005892 seconds, Stopping threads took: 0.0000163 seconds
44.869: [GC (Allocation Failure)  70853K->645K(412672K), 0.0004260 secs]
44.870: Total time for which application threads were stopped: 0.0005331 seconds, Stopping threads took: 0.0000166 seconds
44.913: [GC (Allocation Failure)  69765K->645K(411648K), 0.0005578 secs]
44.914: Total time for which application threads were stopped: 0.0006638 seconds, Stopping threads took: 0.0000165 seconds
44.956: [GC (Allocation Failure)  68741K->645K(410624K), 0.0005221 secs]
44.957: Total time for which application threads were stopped: 0.0006449 seconds, Stopping threads took: 0.0000199 seconds
44.999: [GC (Allocation Failure)  67717K->677K(409600K), 0.0005580 secs]
45.000: Total time for which application threads were stopped: 0.0006798 seconds, Stopping threads took: 0.0000200 seconds
45.041: [GC (Allocation Failure)  66725K->645K(422912K), 0.0006221 secs]
45.042: Total time for which application threads were stopped: 0.0007639 seconds, Stopping threads took: 0.0000266 seconds
45.096: [GC (Allocation Failure)  80005K->645K(421888K), 0.0004975 secs]
45.097: Total time for which application threads were stopped: 0.0006320 seconds, Stopping threads took: 0.0000229 seconds
45.152: [GC (Allocation Failure)  78981K->677K(420864K), 0.0006472 secs]
45.152: Total time for which application threads were stopped: 0.0007786 seconds, Stopping threads took: 0.0000207 seconds
45.201: [GC (Allocation Failure)  77989K->645K(419840K), 0.0004797 secs]
45.202: Total time for which application threads were stopped: 0.0005966 seconds, Stopping threads took: 0.0000196 seconds
45.257: [GC (Allocation Failure)  76933K->645K(418816K), 0.0005259 secs]
45.257: Total time for which application threads were stopped: 0.0006420 seconds, Stopping threads took: 0.0000267 seconds
45.310: [GC (Allocation Failure)  75909K->613K(417792K), 0.0006622 secs]
45.311: Total time for which application threads were stopped: 0.0007867 seconds, Stopping threads took: 0.0000167 seconds
45.357: [GC (Allocation Failure)  74853K->677K(432640K), 0.0006496 secs]
45.358: Total time for which application threads were stopped: 0.0007892 seconds, Stopping threads took: 0.0000216 seconds
45.419: [GC (Allocation Failure)  89765K->677K(431104K), 0.0005896 secs]
45.420: Total time for which application threads were stopped: 0.0007416 seconds, Stopping threads took: 0.0000218 seconds
45.481: [GC (Allocation Failure)  88229K->613K(429568K), 0.0006053 secs]
45.482: Total time for which application threads were stopped: 0.0007616 seconds, Stopping threads took: 0.0000290 seconds
45.542: [GC (Allocation Failure)  86629K->613K(428032K), 0.0005235 secs]
45.543: Total time for which application threads were stopped: 0.0006622 seconds, Stopping threads took: 0.0000222 seconds
45.596: [GC (Allocation Failure)  85093K->645K(426496K), 0.0005434 secs]
45.597: Total time for which application threads were stopped: 0.0006735 seconds, Stopping threads took: 0.0000202 seconds
45.655: [GC (Allocation Failure)  83589K->645K(424960K), 0.0005344 secs]
45.656: Total time for which application threads were stopped: 0.0006537 seconds, Stopping threads took: 0.0000196 seconds
45.707: [GC (Allocation Failure)  82053K->677K(423424K), 0.0005979 secs]
45.707: Total time for which application threads were stopped: 0.0007397 seconds, Stopping threads took: 0.0000206 seconds
45.759: [GC (Allocation Failure)  80549K->645K(422400K), 0.0004704 secs]
45.759: Total time for which application threads were stopped: 0.0005894 seconds, Stopping threads took: 0.0000254 seconds
45.809: [GC (Allocation Failure)  79493K->613K(421376K), 0.0004752 secs]
45.809: Total time for which application threads were stopped: 0.0006070 seconds, Stopping threads took: 0.0000290 seconds
45.858: [GC (Allocation Failure)  78437K->677K(420352K), 0.0005686 secs]
45.859: Total time for which application threads were stopped: 0.0006938 seconds, Stopping threads took: 0.0000280 seconds
45.913: [GC (Allocation Failure)  77477K->677K(419328K), 0.0006285 secs]
45.914: Total time for which application threads were stopped: 0.0007480 seconds, Stopping threads took: 0.0000176 seconds
45.967: [GC (Allocation Failure)  76453K->677K(418304K), 0.0005082 secs]
45.968: Total time for which application threads were stopped: 0.0006278 seconds, Stopping threads took: 0.0000203 seconds
46.019: [GC (Allocation Failure)  75429K->645K(417280K), 0.0004718 secs]
46.019: Total time for which application threads were stopped: 0.0005858 seconds, Stopping threads took: 0.0000186 seconds
46.065: [GC (Allocation Failure)  74373K->677K(416256K), 0.0004587 secs]
46.066: Total time for which application threads were stopped: 0.0005870 seconds, Stopping threads took: 0.0000191 seconds
46.111: [GC (Allocation Failure)  73381K->645K(415232K), 0.0005720 secs]
46.112: Total time for which application threads were stopped: 0.0007045 seconds, Stopping threads took: 0.0000267 seconds
46.157: [GC (Allocation Failure)  72325K->613K(414208K), 0.0004520 secs]
46.157: Total time for which application threads were stopped: 0.0005821 seconds, Stopping threads took: 0.0000204 seconds
46.207: [GC (Allocation Failure)  71269K->677K(413184K), 0.0006480 secs]
46.207: Total time for which application threads were stopped: 0.0007719 seconds, Stopping threads took: 0.0000196 seconds
46.256: [GC (Allocation Failure)  70309K->677K(412160K), 0.0004257 secs]
46.256: Total time for which application threads were stopped: 0.0005809 seconds, Stopping threads took: 0.0000263 seconds
46.305: [GC (Allocation Failure)  69285K->645K(411136K), 0.0004740 secs]
46.305: Total time for which application threads were stopped: 0.0005799 seconds, Stopping threads took: 0.0000169 seconds
46.351: [GC (Allocation Failure)  68229K->709K(410112K), 0.0005034 secs]
46.352: Total time for which application threads were stopped: 0.0006145 seconds, Stopping threads took: 0.0000171 seconds
46.394: [GC (Allocation Failure)  67269K->677K(409088K), 0.0004760 secs]
46.394: Total time for which application threads were stopped: 0.0006133 seconds, Stopping threads took: 0.0000283 seconds
46.436: [GC (Allocation Failure)  66213K->677K(408064K), 0.0004902 secs]
46.436: Total time for which application threads were stopped: 0.0006308 seconds, Stopping threads took: 0.0000278 seconds
46.477: [GC (Allocation Failure)  65189K->709K(407040K), 0.0004878 secs]
46.477: Total time for which application threads were stopped: 0.0006112 seconds, Stopping threads took: 0.0000192 seconds
46.517: [GC (Allocation Failure)  64197K->645K(406016K), 0.0004829 secs]
46.518: Total time for which application threads were stopped: 0.0006143 seconds, Stopping threads took: 0.0000193 seconds
46.561: [GC (Allocation Failure)  63109K->645K(405504K), 0.0005069 secs]
46.561: Total time for which application threads were stopped: 0.0006431 seconds, Stopping threads took: 0.0000215 seconds
46.601: [GC (Allocation Failure)  62597K->645K(418304K), 0.0005885 secs]
46.601: Total time for which application threads were stopped: 0.0007392 seconds, Stopping threads took: 0.0000225 seconds
46.655: [GC (Allocation Failure)  75397K->613K(433664K), 0.0006108 secs]
46.656: Total time for which application threads were stopped: 0.0007297 seconds, Stopping threads took: 0.0000255 seconds
46.715: [GC (Allocation Failure)  90725K->677K(432128K), 0.0005283 secs]
46.716: Total time for which application threads were stopped: 0.0006655 seconds, Stopping threads took: 0.0000209 seconds
46.773: [GC (Allocation Failure)  89253K->677K(430592K), 0.0004645 secs]
46.773: Total time for which application threads were stopped: 0.0005903 seconds, Stopping threads took: 0.0000263 seconds
46.828: [GC (Allocation Failure)  87717K->677K(429056K), 0.0005193 secs]
46.829: Total time for which application threads were stopped: 0.0006571 seconds, Stopping threads took: 0.0000213 seconds
46.882: [GC (Allocation Failure)  86181K->613K(427520K), 0.0004916 secs]
46.883: Total time for which application threads were stopped: 0.0006134 seconds, Stopping threads took: 0.0000195 seconds
46.939: [GC (Allocation Failure)  84581K->677K(425984K), 0.0004714 secs]
46.939: Total time for which application threads were stopped: 0.0005914 seconds, Stopping threads took: 0.0000199 seconds
46.991: [GC (Allocation Failure)  83109K->677K(424448K), 0.0004899 secs]
46.992: Total time for which application threads were stopped: 0.0006220 seconds, Stopping threads took: 0.0000200 seconds
47.042: [GC (Allocation Failure)  81573K->645K(422912K), 0.0007236 secs]
47.043: Total time for which application threads were stopped: 0.0008456 seconds, Stopping threads took: 0.0000196 seconds
47.093: [GC (Allocation Failure)  80005K->613K(421888K), 0.0005993 secs]
47.094: Total time for which application threads were stopped: 0.0007263 seconds, Stopping threads took: 0.0000275 seconds
47.143: [GC (Allocation Failure)  78949K->677K(420864K), 0.0004555 secs]
47.143: Total time for which application threads were stopped: 0.0005844 seconds, Stopping threads took: 0.0000284 seconds
47.192: [GC (Allocation Failure)  77989K->677K(419840K), 0.0005298 secs]
47.192: Total time for which application threads were stopped: 0.0006633 seconds, Stopping threads took: 0.0000297 seconds
47.241: [GC (Allocation Failure)  76965K->613K(418816K), 0.0006028 secs]
47.241: Total time for which application threads were stopped: 0.0007365 seconds, Stopping threads took: 0.0000191 seconds
47.288: [GC (Allocation Failure)  75877K->741K(417792K), 0.0005312 secs]
47.289: Total time for which application threads were stopped: 0.0006565 seconds, Stopping threads took: 0.0000270 seconds
47.336: [GC (Allocation Failure)  74981K->645K(416768K), 0.0005331 secs]
47.336: Total time for which application threads were stopped: 0.0006587 seconds, Stopping threads took: 0.0000272 seconds
47.387: [GC (Allocation Failure)  73861K->709K(415744K), 0.0004843 secs]
47.387: Total time for which application threads were stopped: 0.0006120 seconds, Stopping threads took: 0.0000277 seconds
47.432: [GC (Allocation Failure)  72901K->645K(414720K), 0.0004831 secs]
47.433: Total time for which application threads were stopped: 0.0006122 seconds, Stopping threads took: 0.0000265 seconds
47.477: [GC (Allocation Failure)  71813K->709K(413696K), 0.0005000 secs]
47.478: Total time for which application threads were stopped: 0.0006267 seconds, Stopping threads took: 0.0000272 seconds
47.529: [GC (Allocation Failure)  70853K->645K(412672K), 0.0003897 secs]
47.530: Total time for which application threads were stopped: 0.0004950 seconds, Stopping threads took: 0.0000169 seconds
47.573: [GC (Allocation Failure)  69765K->645K(411648K), 0.0004608 secs]
47.574: Total time for which application threads were stopped: 0.0005669 seconds, Stopping threads took: 0.0000166 seconds
47.621: [GC (Allocation Failure)  68741K->613K(410624K), 0.0006106 secs]
47.621: Total time for which application threads were stopped: 0.0007416 seconds, Stopping threads took: 0.0000224 seconds
47.665: [GC (Allocation Failure)  67685K->677K(409600K), 0.0005651 secs]
47.666: Total time for which application threads were stopped: 0.0006830 seconds, Stopping threads took: 0.0000199 seconds
47.710: [GC (Allocation Failure)  66725K->677K(408576K), 0.0004760 secs]
47.711: Total time for which application threads were stopped: 0.0006031 seconds, Stopping threads took: 0.0000271 seconds
47.758: [GC (Allocation Failure)  65701K->677K(407552K), 0.0005340 secs]
47.758: Total time for which application threads were stopped: 0.0006703 seconds, Stopping threads took: 0.0000283 seconds
47.799: [GC (Allocation Failure)  64677K->645K(406528K), 0.0004760 secs]
47.800: Total time for which application threads were stopped: 0.0006110 seconds, Stopping threads took: 0.0000195 seconds
47.839: [GC (Allocation Failure)  63621K->709K(419328K), 0.0005394 secs]
47.840: Total time for which application threads were stopped: 0.0006899 seconds, Stopping threads took: 0.0000213 seconds
47.892: [GC (Allocation Failure)  76485K->645K(418304K), 0.0005783 secs]
47.892: Total time for which application threads were stopped: 0.0007303 seconds, Stopping threads took: 0.0000226 seconds
47.945: [GC (Allocation Failure)  75397K->645K(417280K), 0.0004509 secs]
47.945: Total time for which application threads were stopped: 0.0005865 seconds, Stopping threads took: 0.0000302 seconds
48.000: [GC (Allocation Failure)  74373K->645K(416256K), 0.0004831 secs]
48.000: Total time for which application threads were stopped: 0.0005931 seconds, Stopping threads took: 0.0000170 seconds
48.046: [GC (Allocation Failure)  73349K->613K(415232K), 0.0005619 secs]
48.047: Total time for which application threads were stopped: 0.0006891 seconds, Stopping threads took: 0.0000277 seconds
48.092: [GC (Allocation Failure)  72293K->645K(414208K), 0.0004713 secs]
48.092: Total time for which application threads were stopped: 0.0006022 seconds, Stopping threads took: 0.0000261 seconds
48.137: [GC (Allocation Failure)  71301K->709K(413184K), 0.0004896 secs]
48.137: Total time for which application threads were stopped: 0.0006273 seconds, Stopping threads took: 0.0000289 seconds
48.186: [GC (Allocation Failure)  70341K->677K(412160K), 0.0005147 secs]
48.187: Total time for which application threads were stopped: 0.0006626 seconds, Stopping threads took: 0.0000284 seconds
48.231: [GC (Allocation Failure)  69285K->645K(411136K), 0.0005060 secs]
48.231: Total time for which application threads were stopped: 0.0006515 seconds, Stopping threads took: 0.0000270 seconds
48.279: [GC (Allocation Failure)  68229K->741K(410112K), 0.0006562 secs]
48.280: Total time for which application threads were stopped: 0.0008038 seconds, Stopping threads took: 0.0000218 seconds
48.322: [GC (Allocation Failure)  67301K->645K(423424K), 0.0005514 secs]
48.323: Total time for which application threads were stopped: 0.0006911 seconds, Stopping threads took: 0.0000218 seconds
48.373: [GC (Allocation Failure)  80517K->645K(422400K), 0.0005151 secs]
48.374: Total time for which application threads were stopped: 0.0006711 seconds, Stopping threads took: 0.0000224 seconds
48.424: [GC (Allocation Failure)  79493K->645K(421376K), 0.0005323 secs]
48.424: Total time for which application threads were stopped: 0.0006728 seconds, Stopping threads took: 0.0000222 seconds
48.479: [GC (Allocation Failure)  78469K->645K(420352K), 0.0006269 secs]
48.479: Total time for which application threads were stopped: 0.0007886 seconds, Stopping threads took: 0.0000240 seconds
48.531: [GC (Allocation Failure)  77445K->741K(419328K), 0.0005234 secs]
48.532: Total time for which application threads were stopped: 0.0006745 seconds, Stopping threads took: 0.0000296 seconds
48.579: [GC (Allocation Failure)  76517K->645K(418304K), 0.0005955 secs]
48.580: Total time for which application threads were stopped: 0.0007561 seconds, Stopping threads took: 0.0000298 seconds
48.627: [GC (Allocation Failure)  75397K->677K(417280K), 0.0004230 secs]
48.628: Total time for which application threads were stopped: 0.0005427 seconds, Stopping threads took: 0.0000193 seconds
48.675: [GC (Allocation Failure)  74405K->677K(416256K), 0.0004928 secs]
48.676: Total time for which application threads were stopped: 0.0006193 seconds, Stopping threads took: 0.0000274 seconds
48.722: [GC (Allocation Failure)  73381K->645K(415232K), 0.0004210 secs]
48.722: Total time for which application threads were stopped: 0.0005450 seconds, Stopping threads took: 0.0000192 seconds
48.767: [GC (Allocation Failure)  72325K->709K(414208K), 0.0004419 secs]
48.768: Total time for which application threads were stopped: 0.0005689 seconds, Stopping threads took: 0.0000273 seconds
48.812: [GC (Allocation Failure)  71365K->677K(413184K), 0.0005675 secs]
48.812: Total time for which application threads were stopped: 0.0006916 seconds, Stopping threads took: 0.0000266 seconds
48.862: [GC (Allocation Failure)  70309K->645K(412160K), 0.0005920 secs]
48.862: Total time for which application threads were stopped: 0.0007409 seconds, Stopping threads took: 0.0000275 seconds
48.911: [GC (Allocation Failure)  69253K->677K(411136K), 0.0004732 secs]
48.912: Total time for which application threads were stopped: 0.0005977 seconds, Stopping threads took: 0.0000273 seconds
48.958: [GC (Allocation Failure)  68261K->709K(410112K), 0.0006580 secs]
48.959: Total time for which application threads were stopped: 0.0007828 seconds, Stopping threads took: 0.0000273 seconds
49.000: [GC (Allocation Failure)  67269K->677K(409088K), 0.0004745 secs]
49.001: Total time for which application threads were stopped: 0.0005918 seconds, Stopping threads took: 0.0000195 seconds
49.047: [GC (Allocation Failure)  66213K->613K(408064K), 0.0005548 secs]
49.048: Total time for which application threads were stopped: 0.0006903 seconds, Stopping threads took: 0.0000191 seconds
49.088: [GC (Allocation Failure)  65125K->645K(421376K), 0.0005063 secs]
49.089: Total time for which application threads were stopped: 0.0006438 seconds, Stopping threads took: 0.0000302 seconds
49.143: [GC (Allocation Failure)  78469K->645K(420352K), 0.0004714 secs]
49.144: Total time for which application threads were stopped: 0.0005873 seconds, Stopping threads took: 0.0000179 seconds
49.192: [GC (Allocation Failure)  77445K->677K(419328K), 0.0004901 secs]
49.193: Total time for which application threads were stopped: 0.0006225 seconds, Stopping threads took: 0.0000208 seconds
49.241: [GC (Allocation Failure)  76453K->645K(418304K), 0.0004475 secs]
49.241: Total time for which application threads were stopped: 0.0005877 seconds, Stopping threads took: 0.0000257 seconds
49.295: [GC (Allocation Failure)  75397K->677K(417280K), 0.0004876 secs]
49.295: Total time for which application threads were stopped: 0.0006375 seconds, Stopping threads took: 0.0000294 seconds
49.345: [GC (Allocation Failure)  74405K->709K(416256K), 0.0007000 secs]
49.345: Total time for which application threads were stopped: 0.0008417 seconds, Stopping threads took: 0.0000286 seconds
49.391: [GC (Allocation Failure)  73413K->645K(415232K), 0.0005906 secs]
49.392: Total time for which application threads were stopped: 0.0007470 seconds, Stopping threads took: 0.0000284 seconds
49.439: [GC (Allocation Failure)  72325K->677K(414208K), 0.0004333 secs]
49.440: Total time for which application threads were stopped: 0.0005626 seconds, Stopping threads took: 0.0000285 seconds
49.488: [GC (Allocation Failure)  71333K->645K(413184K), 0.0006097 secs]
49.488: Total time for which application threads were stopped: 0.0007326 seconds, Stopping threads took: 0.0000268 seconds
49.532: [GC (Allocation Failure)  70277K->709K(412160K), 0.0005457 secs]
49.532: Total time for which application threads were stopped: 0.0006788 seconds, Stopping threads took: 0.0000186 seconds
49.576: [GC (Allocation Failure)  69317K->709K(425984K), 0.0005877 secs]
49.576: Total time for which application threads were stopped: 0.0007380 seconds, Stopping threads took: 0.0000292 seconds
49.628: [GC (Allocation Failure)  83141K->677K(424448K), 0.0004286 secs]
49.629: Total time for which application threads were stopped: 0.0005479 seconds, Stopping threads took: 0.0000191 seconds
49.681: [GC (Allocation Failure)  81573K->677K(422912K), 0.0004892 secs]
49.681: Total time for which application threads were stopped: 0.0006235 seconds, Stopping threads took: 0.0000271 seconds
49.735: [GC (Allocation Failure)  80037K->645K(421888K), 0.0005315 secs]
49.736: Total time for which application threads were stopped: 0.0006614 seconds, Stopping threads took: 0.0000274 seconds
49.787: [GC (Allocation Failure)  78981K->613K(420864K), 0.0005254 secs]
49.787: Total time for which application threads were stopped: 0.0006430 seconds, Stopping threads took: 0.0000198 seconds
49.836: [GC (Allocation Failure)  77925K->677K(419840K), 0.0005156 secs]
49.836: Total time for which application threads were stopped: 0.0006358 seconds, Stopping threads took: 0.0000197 seconds
49.884: [GC (Allocation Failure)  76965K->741K(418816K), 0.0004693 secs]
49.885: Total time for which application threads were stopped: 0.0006166 seconds, Stopping threads took: 0.0000192 seconds
49.932: [GC (Allocation Failure)  76005K->613K(417792K), 0.0004787 secs]
49.933: Total time for which application threads were stopped: 0.0005983 seconds, Stopping threads took: 0.0000195 seconds
49.979: [GC (Allocation Failure)  74853K->645K(416768K), 0.0004480 secs]
49.980: Total time for which application threads were stopped: 0.0005690 seconds, Stopping threads took: 0.0000193 seconds
50.026: [GC (Allocation Failure)  73861K->613K(415744K), 0.0004607 secs]
50.026: Total time for which application threads were stopped: 0.0006188 seconds, Stopping threads took: 0.0000415 seconds
50.078: [GC (Allocation Failure)  72805K->677K(414720K), 0.0004537 secs]
50.079: Total time for which application threads were stopped: 0.0005854 seconds, Stopping threads took: 0.0000296 seconds
50.123: [GC (Allocation Failure)  71845K->677K(413696K), 0.0004087 secs]
50.124: Total time for which application threads were stopped: 0.0005173 seconds, Stopping threads took: 0.0000165 seconds
50.168: [GC (Allocation Failure)  70821K->645K(412672K), 0.0004689 secs]
50.169: Total time for which application threads were stopped: 0.0005833 seconds, Stopping threads took: 0.0000187 seconds
50.216: [GC (Allocation Failure)  69765K->741K(411648K), 0.0004986 secs]
50.216: Total time for which application threads were stopped: 0.0006140 seconds, Stopping threads took: 0.0000196 seconds
50.260: [GC (Allocation Failure)  68837K->645K(410624K), 0.0003908 secs]
50.260: Total time for which application threads were stopped: 0.0005245 seconds, Stopping threads took: 0.0000247 seconds
50.303: [GC (Allocation Failure)  67717K->645K(409600K), 0.0004608 secs]
50.303: Total time for which application threads were stopped: 0.0005709 seconds, Stopping threads took: 0.0000170 seconds
50.345: [GC (Allocation Failure)  66693K->613K(408576K), 0.0005397 secs]
50.345: Total time for which application threads were stopped: 0.0006640 seconds, Stopping threads took: 0.0000269 seconds
50.386: [GC (Allocation Failure)  65637K->645K(407552K), 0.0004365 secs]
50.387: Total time for which application threads were stopped: 0.0005573 seconds, Stopping threads took: 0.0000261 seconds
50.430: [GC (Allocation Failure)  64645K->645K(406528K), 0.0005465 secs]
50.431: Total time for which application threads were stopped: 0.0006434 seconds, Stopping threads took: 0.0000167 seconds
50.470: [GC (Allocation Failure)  63621K->613K(405504K), 0.0004221 secs]
50.471: Total time for which application threads were stopped: 0.0005285 seconds, Stopping threads took: 0.0000161 seconds
50.513: [GC (Allocation Failure)  62565K->645K(404992K), 0.0004232 secs]
50.514: Total time for which application threads were stopped: 0.0005768 seconds, Stopping threads took: 0.0000168 seconds
50.556: [GC (Allocation Failure)  62085K->645K(404480K), 0.0005099 secs]
50.556: Total time for which application threads were stopped: 0.0006466 seconds, Stopping threads took: 0.0000203 seconds
50.599: [GC (Allocation Failure)  61573K->677K(403968K), 0.0005690 secs]
50.599: Total time for which application threads were stopped: 0.0007163 seconds, Stopping threads took: 0.0000292 seconds
50.644: [GC (Allocation Failure)  61093K->613K(403456K), 0.0004666 secs]
50.644: Total time for which application threads were stopped: 0.0005747 seconds, Stopping threads took: 0.0000235 seconds
50.682: [GC (Allocation Failure)  60517K->613K(415744K), 0.0005667 secs]
50.682: Total time for which application threads were stopped: 0.0006777 seconds, Stopping threads took: 0.0000179 seconds
50.732: [GC (Allocation Failure)  72805K->613K(414720K), 0.0004080 secs]
50.732: Total time for which application threads were stopped: 0.0005242 seconds, Stopping threads took: 0.0000196 seconds
50.783: [GC (Allocation Failure)  71781K->613K(413696K), 0.0006170 secs]
50.783: Total time for which application threads were stopped: 0.0007236 seconds, Stopping threads took: 0.0000162 seconds
50.827: [GC (Allocation Failure)  70757K->709K(412672K), 0.0005298 secs]
50.828: Total time for which application threads were stopped: 0.0006682 seconds, Stopping threads took: 0.0000275 seconds
50.871: [GC (Allocation Failure)  69829K->645K(411648K), 0.0005171 secs]
50.872: Total time for which application threads were stopped: 0.0006668 seconds, Stopping threads took: 0.0000208 seconds
50.915: [GC (Allocation Failure)  68741K->677K(410624K), 0.0004966 secs]
50.915: Total time for which application threads were stopped: 0.0006430 seconds, Stopping threads took: 0.0000279 seconds
50.963: [GC (Allocation Failure)  67749K->709K(424448K), 0.0006381 secs]
50.964: Total time for which application threads were stopped: 0.0007688 seconds, Stopping threads took: 0.0000202 seconds
51.015: [GC (Allocation Failure)  81605K->677K(422912K), 0.0005095 secs]
51.015: Total time for which application threads were stopped: 0.0006540 seconds, Stopping threads took: 0.0000220 seconds
51.065: [GC (Allocation Failure)  80037K->645K(438784K), 0.0007309 secs]
51.066: Total time for which application threads were stopped: 0.0008767 seconds, Stopping threads took: 0.0000216 seconds
51.131: [GC (Allocation Failure)  95877K->645K(437248K), 0.0005055 secs]
51.132: Total time for which application threads were stopped: 0.0006395 seconds, Stopping threads took: 0.0000210 seconds
51.197: [GC (Allocation Failure)  94341K->645K(435712K), 0.0006006 secs]
51.197: Total time for which application threads were stopped: 0.0007629 seconds, Stopping threads took: 0.0000300 seconds
51.262: [GC (Allocation Failure)  92805K->677K(434176K), 0.0004337 secs]
51.262: Total time for which application threads were stopped: 0.0005539 seconds, Stopping threads took: 0.0000196 seconds
51.322: [GC (Allocation Failure)  91301K->677K(432640K), 0.0004650 secs]
51.323: Total time for which application threads were stopped: 0.0005839 seconds, Stopping threads took: 0.0000193 seconds
51.382: [GC (Allocation Failure)  89765K->677K(431104K), 0.0004726 secs]
51.382: Total time for which application threads were stopped: 0.0006003 seconds, Stopping threads took: 0.0000198 seconds
51.444: [GC (Allocation Failure)  88229K->645K(429568K), 0.0004350 secs]
51.444: Total time for which application threads were stopped: 0.0005446 seconds, Stopping threads took: 0.0000161 seconds
51.498: [GC (Allocation Failure)  86661K->613K(428032K), 0.0005952 secs]
51.499: Total time for which application threads were stopped: 0.0007090 seconds, Stopping threads took: 0.0000189 seconds
51.558: [GC (Allocation Failure)  85093K->645K(426496K), 0.0004347 secs]
51.559: Total time for which application threads were stopped: 0.0005539 seconds, Stopping threads took: 0.0000202 seconds
51.611: [GC (Allocation Failure)  83589K->741K(424960K), 0.0004860 secs]
51.611: Total time for which application threads were stopped: 0.0006258 seconds, Stopping threads took: 0.0000274 seconds
51.663: [GC (Allocation Failure)  82149K->645K(423424K), 0.0005216 secs]
51.664: Total time for which application threads were stopped: 0.0006316 seconds, Stopping threads took: 0.0000166 seconds
51.717: [GC (Allocation Failure)  80517K->677K(422400K), 0.0004679 secs]
51.717: Total time for which application threads were stopped: 0.0005829 seconds, Stopping threads took: 0.0000188 seconds
51.767: [GC (Allocation Failure)  79525K->645K(421376K), 0.0004245 secs]
51.768: Total time for which application threads were stopped: 0.0005481 seconds, Stopping threads took: 0.0000248 seconds
51.817: [GC (Allocation Failure)  78469K->645K(420352K), 0.0004533 secs]
51.818: Total time for which application threads were stopped: 0.0005746 seconds, Stopping threads took: 0.0000196 seconds
51.866: [GC (Allocation Failure)  77445K->613K(419328K), 0.0005002 secs]
51.866: Total time for which application threads were stopped: 0.0006805 seconds, Stopping threads took: 0.0000275 seconds
51.914: [GC (Allocation Failure)  76389K->613K(418304K), 0.0005011 secs]
51.915: Total time for which application threads were stopped: 0.0006142 seconds, Stopping threads took: 0.0000210 seconds
51.968: [GC (Allocation Failure)  75365K->677K(417280K), 0.0005166 secs]
51.968: Total time for which application threads were stopped: 0.0006640 seconds, Stopping threads took: 0.0000341 seconds
52.015: [GC (Allocation Failure)  74405K->613K(416256K), 0.0006786 secs]
52.016: Total time for which application threads were stopped: 0.0008355 seconds, Stopping threads took: 0.0000216 seconds
52.062: [GC (Allocation Failure)  73317K->677K(415232K), 0.0005367 secs]
52.062: Total time for which application threads were stopped: 0.0006856 seconds, Stopping threads took: 0.0000217 seconds
52.114: [GC (Allocation Failure)  72357K->645K(414208K), 0.0004502 secs]
52.115: Total time for which application threads were stopped: 0.0005794 seconds, Stopping threads took: 0.0000285 seconds
52.163: [GC (Allocation Failure)  71301K->709K(413184K), 0.0004294 secs]
52.164: Total time for which application threads were stopped: 0.0005390 seconds, Stopping threads took: 0.0000166 seconds
52.207: [GC (Allocation Failure)  70341K->677K(412160K), 0.0005308 secs]
52.208: Total time for which application threads were stopped: 0.0006565 seconds, Stopping threads took: 0.0000198 seconds
52.252: [GC (Allocation Failure)  69285K->645K(411136K), 0.0005157 secs]
52.253: Total time for which application threads were stopped: 0.0006392 seconds, Stopping threads took: 0.0000256 seconds
52.301: [GC (Allocation Failure)  68229K->645K(410112K), 0.0004760 secs]
52.301: Total time for which application threads were stopped: 0.0005934 seconds, Stopping threads took: 0.0000190 seconds
52.343: [GC (Allocation Failure)  67205K->677K(409088K), 0.0004989 secs]
52.343: Total time for which application threads were stopped: 0.0006181 seconds, Stopping threads took: 0.0000197 seconds
52.385: [GC (Allocation Failure)  66213K->645K(408064K), 0.0005354 secs]
52.385: Total time for which application threads were stopped: 0.0006635 seconds, Stopping threads took: 0.0000272 seconds
52.426: [GC (Allocation Failure)  65157K->645K(421376K), 0.0005754 secs]
52.426: Total time for which application threads were stopped: 0.0007199 seconds, Stopping threads took: 0.0000272 seconds
52.481: [GC (Allocation Failure)  78469K->645K(420352K), 0.0004648 secs]
52.481: Total time for which application threads were stopped: 0.0005848 seconds, Stopping threads took: 0.0000200 seconds
52.530: [GC (Allocation Failure)  77445K->709K(419328K), 0.0004479 secs]
52.530: Total time for which application threads were stopped: 0.0005704 seconds, Stopping threads took: 0.0000217 seconds
52.585: [GC (Allocation Failure)  76485K->677K(418304K), 0.0004548 secs]
52.585: Total time for which application threads were stopped: 0.0005748 seconds, Stopping threads took: 0.0000194 seconds
52.632: [GC (Allocation Failure)  75429K->677K(417280K), 0.0004500 secs]
52.633: Total time for which application threads were stopped: 0.0005728 seconds, Stopping threads took: 0.0000252 seconds
52.679: [GC (Allocation Failure)  74405K->677K(416256K), 0.0005478 secs]
52.680: Total time for which application threads were stopped: 0.0006648 seconds, Stopping threads took: 0.0000186 seconds
52.726: [GC (Allocation Failure)  73381K->741K(415232K), 0.0004157 secs]
52.726: Total time for which application threads were stopped: 0.0005345 seconds, Stopping threads took: 0.0000248 seconds
52.772: [GC (Allocation Failure)  72421K->677K(414208K), 0.0005205 secs]
52.772: Total time for which application threads were stopped: 0.0006474 seconds, Stopping threads took: 0.0000273 seconds
52.817: [GC (Allocation Failure)  71333K->645K(413184K), 0.0004759 secs]
52.817: Total time for which application threads were stopped: 0.0005946 seconds, Stopping threads took: 0.0000196 seconds
52.864: [GC (Allocation Failure)  70277K->677K(412160K), 0.0004300 secs]
52.865: Total time for which application threads were stopped: 0.0005559 seconds, Stopping threads took: 0.0000277 seconds
52.908: [GC (Allocation Failure)  69285K->709K(411136K), 0.0005664 secs]
52.908: Total time for which application threads were stopped: 0.0006754 seconds, Stopping threads took: 0.0000170 seconds
52.951: [GC (Allocation Failure)  68293K->645K(410112K), 0.0005153 secs]
52.951: Total time for which application threads were stopped: 0.0006429 seconds, Stopping threads took: 0.0000197 seconds
52.999: [GC (Allocation Failure)  67205K->645K(409088K), 0.0004995 secs]
53.000: Total time for which application threads were stopped: 0.0006453 seconds, Stopping threads took: 0.0000282 seconds
53.045: [GC (Allocation Failure)  66181K->677K(422400K), 0.0006814 secs]
53.046: Total time for which application threads were stopped: 0.0008442 seconds, Stopping threads took: 0.0000219 seconds
53.099: [GC (Allocation Failure)  79525K->645K(421376K), 0.0005217 secs]
53.099: Total time for which application threads were stopped: 0.0006617 seconds, Stopping threads took: 0.0000222 seconds
53.148: [GC (Allocation Failure)  78469K->677K(420352K), 0.0004956 secs]
53.149: Total time for which application threads were stopped: 0.0006348 seconds, Stopping threads took: 0.0000310 seconds
53.197: [GC (Allocation Failure)  77477K->645K(419328K), 0.0004791 secs]
53.197: Total time for which application threads were stopped: 0.0006046 seconds, Stopping threads took: 0.0000267 seconds
53.251: [GC (Allocation Failure)  76421K->645K(418304K), 0.0005860 secs]
53.252: Total time for which application threads were stopped: 0.0007119 seconds, Stopping threads took: 0.0000262 seconds
53.305: [GC (Allocation Failure)  75397K->613K(417280K), 0.0005037 secs]
53.305: Total time for which application threads were stopped: 0.0006296 seconds, Stopping threads took: 0.0000188 seconds
53.351: [GC (Allocation Failure)  74341K->677K(416256K), 0.0004651 secs]
53.352: Total time for which application threads were stopped: 0.0005841 seconds, Stopping threads took: 0.0000190 seconds
53.397: [GC (Allocation Failure)  73381K->645K(415232K), 0.0006414 secs]
53.398: Total time for which application threads were stopped: 0.0007721 seconds, Stopping threads took: 0.0000270 seconds
53.443: [GC (Allocation Failure)  72325K->645K(414208K), 0.0004978 secs]
53.444: Total time for which application threads were stopped: 0.0006343 seconds, Stopping threads took: 0.0000208 seconds
53.488: [GC (Allocation Failure)  71301K->645K(413184K), 0.0004858 secs]
53.489: Total time for which application threads were stopped: 0.0006315 seconds, Stopping threads took: 0.0000287 seconds
53.532: [GC (Allocation Failure)  70277K->645K(412160K), 0.0004866 secs]
53.533: Total time for which application threads were stopped: 0.0006241 seconds, Stopping threads took: 0.0000206 seconds
53.581: [GC (Allocation Failure)  69253K->677K(411136K), 0.0006019 secs]
53.582: Total time for which application threads were stopped: 0.0007272 seconds, Stopping threads took: 0.0000210 seconds
53.630: [GC (Allocation Failure)  68261K->613K(424960K), 0.0006265 secs]
53.630: Total time for which application threads were stopped: 0.0007564 seconds, Stopping threads took: 0.0000260 seconds
53.682: [GC (Allocation Failure)  82021K->645K(423424K), 0.0005504 secs]
53.682: Total time for which application threads were stopped: 0.0006688 seconds, Stopping threads took: 0.0000188 seconds
53.732: [GC (Allocation Failure)  80517K->645K(422400K), 0.0004122 secs]
53.733: Total time for which application threads were stopped: 0.0005301 seconds, Stopping threads took: 0.0000257 seconds
53.782: [GC (Allocation Failure)  79493K->645K(421376K), 0.0005384 secs]
53.783: Total time for which application threads were stopped: 0.0006597 seconds, Stopping threads took: 0.0000196 seconds
53.835: [GC (Allocation Failure)  78469K->677K(420352K), 0.0006462 secs]
53.836: Total time for which application threads were stopped: 0.0007657 seconds, Stopping threads took: 0.0000194 seconds
53.884: [GC (Allocation Failure)  77477K->677K(419328K), 0.0004760 secs]
53.885: Total time for which application threads were stopped: 0.0006021 seconds, Stopping threads took: 0.0000271 seconds
53.936: [GC (Allocation Failure)  76453K->581K(418304K), 0.0004362 secs]
53.936: Total time for which application threads were stopped: 0.0005479 seconds, Stopping threads took: 0.0000191 seconds
53.989: [GC (Allocation Failure)  75333K->645K(417280K), 0.0005230 secs]
53.989: Total time for which application threads were stopped: 0.0006205 seconds, Stopping threads took: 0.0000165 seconds
54.036: [GC (Allocation Failure)  74373K->677K(416256K), 0.0004285 secs]
54.036: Total time for which application threads were stopped: 0.0005532 seconds, Stopping threads took: 0.0000272 seconds
54.082: [GC (Allocation Failure)  73381K->677K(415232K), 0.0005447 secs]
54.082: Total time for which application threads were stopped: 0.0006543 seconds, Stopping threads took: 0.0000161 seconds
54.127: [GC (Allocation Failure)  72357K->677K(414208K), 0.0004573 secs]
54.128: Total time for which application threads were stopped: 0.0005858 seconds, Stopping threads took: 0.0000278 seconds
54.172: [GC (Allocation Failure)  71333K->645K(413184K), 0.0005842 secs]
54.173: Total time for which application threads were stopped: 0.0007008 seconds, Stopping threads took: 0.0000193 seconds
54.222: [GC (Allocation Failure)  70277K->677K(412160K), 0.0005466 secs]
54.222: Total time for which application threads were stopped: 0.0006818 seconds, Stopping threads took: 0.0000194 seconds
54.268: [GC (Allocation Failure)  69285K->645K(411136K), 0.0003789 secs]
54.269: Total time for which application threads were stopped: 0.0005026 seconds, Stopping threads took: 0.0000251 seconds
54.311: [GC (Allocation Failure)  68229K->677K(410112K), 0.0004959 secs]
54.312: Total time for which application threads were stopped: 0.0006150 seconds, Stopping threads took: 0.0000195 seconds
54.354: [GC (Allocation Failure)  67237K->613K(409088K), 0.0004915 secs]
54.355: Total time for which application threads were stopped: 0.0006353 seconds, Stopping threads took: 0.0000278 seconds
54.396: [GC (Allocation Failure)  66149K->709K(408064K), 0.0005115 secs]
54.397: Total time for which application threads were stopped: 0.0006454 seconds, Stopping threads took: 0.0000292 seconds
54.444: [GC (Allocation Failure)  65221K->645K(407040K), 0.0004691 secs]
54.444: Total time for which application threads were stopped: 0.0005849 seconds, Stopping threads took: 0.0000191 seconds
54.488: [GC (Allocation Failure)  64133K->645K(406016K), 0.0004833 secs]
54.488: Total time for which application threads were stopped: 0.0006077 seconds, Stopping threads took: 0.0000275 seconds
54.534: [GC (Allocation Failure)  63109K->645K(405504K), 0.0004760 secs]
54.534: Total time for which application threads were stopped: 0.0006207 seconds, Stopping threads took: 0.0000275 seconds
54.579: [GC (Allocation Failure)  62597K->677K(404992K), 0.0006269 secs]
54.580: Total time for which application threads were stopped: 0.0007656 seconds, Stopping threads took: 0.0000221 seconds
54.625: [GC (Allocation Failure)  62117K->613K(417280K), 0.0006537 secs]
54.625: Total time for which application threads were stopped: 0.0007770 seconds, Stopping threads took: 0.0000253 seconds
54.673: [GC (Allocation Failure)  74341K->613K(432128K), 0.0006512 secs]
54.673: Total time for which application threads were stopped: 0.0007697 seconds, Stopping threads took: 0.0000196 seconds
54.733: [GC (Allocation Failure)  89189K->709K(430592K), 0.0004538 secs]
54.733: Total time for which application threads were stopped: 0.0005863 seconds, Stopping threads took: 0.0000254 seconds
54.788: [GC (Allocation Failure)  87749K->645K(429056K), 0.0004825 secs]
54.788: Total time for which application threads were stopped: 0.0006057 seconds, Stopping threads took: 0.0000196 seconds
54.842: [GC (Allocation Failure)  86149K->677K(427520K), 0.0005244 secs]
54.843: Total time for which application threads were stopped: 0.0006666 seconds, Stopping threads took: 0.0000299 seconds
54.895: [GC (Allocation Failure)  84645K->645K(425984K), 0.0005637 secs]
54.896: Total time for which application threads were stopped: 0.0006835 seconds, Stopping threads took: 0.0000189 seconds
54.948: [GC (Allocation Failure)  83077K->677K(424448K), 0.0004955 secs]
54.948: Total time for which application threads were stopped: 0.0006309 seconds, Stopping threads took: 0.0000338 seconds
54.999: [GC (Allocation Failure)  81573K->677K(422912K), 0.0004963 secs]
54.999: Total time for which application threads were stopped: 0.0006289 seconds, Stopping threads took: 0.0000208 seconds
55.055: [GC (Allocation Failure)  80037K->645K(421888K), 0.0005281 secs]
55.056: Total time for which application threads were stopped: 0.0006757 seconds, Stopping threads took: 0.0000220 seconds
55.111: [GC (Allocation Failure)  78981K->613K(420864K), 0.0004847 secs]
55.112: Total time for which application threads were stopped: 0.0006126 seconds, Stopping threads took: 0.0000284 seconds
55.160: [GC (Allocation Failure)  77925K->677K(419840K), 0.0005257 secs]
55.161: Total time for which application threads were stopped: 0.0006608 seconds, Stopping threads took: 0.0000218 seconds
55.209: [GC (Allocation Failure)  76965K->613K(418816K), 0.0005992 secs]
55.209: Total time for which application threads were stopped: 0.0007473 seconds, Stopping threads took: 0.0000303 seconds
55.261: [GC (Allocation Failure)  75877K->645K(417792K), 0.0004095 secs]
55.262: Total time for which application threads were stopped: 0.0005565 seconds, Stopping threads took: 0.0000266 seconds
55.308: [GC (Allocation Failure)  74885K->677K(416768K), 0.0004922 secs]
55.309: Total time for which application threads were stopped: 0.0006154 seconds, Stopping threads took: 0.0000192 seconds
55.355: [GC (Allocation Failure)  73893K->645K(415744K), 0.0005493 secs]
55.355: Total time for which application threads were stopped: 0.0006925 seconds, Stopping threads took: 0.0000213 seconds
55.406: [GC (Allocation Failure)  72837K->709K(414720K), 0.0004941 secs]
55.407: Total time for which application threads were stopped: 0.0006342 seconds, Stopping threads took: 0.0000222 seconds
55.452: [GC (Allocation Failure)  71877K->677K(413696K), 0.0006735 secs]
55.452: Total time for which application threads were stopped: 0.0008178 seconds, Stopping threads took: 0.0000222 seconds
55.497: [GC (Allocation Failure)  70821K->677K(412672K), 0.0004801 secs]
55.497: Total time for which application threads were stopped: 0.0005994 seconds, Stopping threads took: 0.0000192 seconds
55.541: [GC (Allocation Failure)  69797K->645K(411648K), 0.0005225 secs]
55.542: Total time for which application threads were stopped: 0.0006621 seconds, Stopping threads took: 0.0000198 seconds
55.585: [GC (Allocation Failure)  68741K->677K(410624K), 0.0004909 secs]
55.585: Total time for which application threads were stopped: 0.0006316 seconds, Stopping threads took: 0.0000204 seconds
55.634: [GC (Allocation Failure)  67749K->613K(409600K), 0.0005828 secs]
55.635: Total time for which application threads were stopped: 0.0007134 seconds, Stopping threads took: 0.0000260 seconds
55.676: [GC (Allocation Failure)  66661K->645K(408576K), 0.0004452 secs]
55.677: Total time for which application threads were stopped: 0.0005648 seconds, Stopping threads took: 0.0000194 seconds
55.718: [GC (Allocation Failure)  65669K->645K(407552K), 0.0004558 secs]
55.718: Total time for which application threads were stopped: 0.0005766 seconds, Stopping threads took: 0.0000193 seconds
55.763: [GC (Allocation Failure)  64645K->645K(406528K), 0.0004767 secs]
55.763: Total time for which application threads were stopped: 0.0006050 seconds, Stopping threads took: 0.0000197 seconds
55.803: [GC (Allocation Failure)  63621K->677K(405504K), 0.0005492 secs]
55.803: Total time for which application threads were stopped: 0.0006690 seconds, Stopping threads took: 0.0000193 seconds
55.843: [GC (Allocation Failure)  62629K->645K(404992K), 0.0004796 secs]
55.843: Total time for which application threads were stopped: 0.0006252 seconds, Stopping threads took: 0.0000283 seconds
55.882: [GC (Allocation Failure)  62085K->645K(417280K), 0.0005086 secs]
55.883: Total time for which application threads were stopped: 0.0006469 seconds, Stopping threads took: 0.0000220 seconds
55.929: [GC (Allocation Failure)  74373K->677K(416256K), 0.0004969 secs]
55.930: Total time for which application threads were stopped: 0.0006169 seconds, Stopping threads took: 0.0000197 seconds
55.975: [GC (Allocation Failure)  73381K->645K(431104K), 0.0006000 secs]
55.976: Total time for which application threads were stopped: 0.0007467 seconds, Stopping threads took: 0.0000211 seconds
56.031: [GC (Allocation Failure)  88197K->677K(429568K), 0.0005601 secs]
56.031: Total time for which application threads were stopped: 0.0006875 seconds, Stopping threads took: 0.0000267 seconds
56.085: [GC (Allocation Failure)  86693K->645K(428032K), 0.0005202 secs]
56.086: Total time for which application threads were stopped: 0.0006521 seconds, Stopping threads took: 0.0000214 seconds
56.139: [GC (Allocation Failure)  85125K->613K(426496K), 0.0004594 secs]
56.139: Total time for which application threads were stopped: 0.0005830 seconds, Stopping threads took: 0.0000218 seconds
56.196: [GC (Allocation Failure)  83557K->613K(424960K), 0.0006088 secs]
56.197: Total time for which application threads were stopped: 0.0007188 seconds, Stopping threads took: 0.0000166 seconds
56.249: [GC (Allocation Failure)  82021K->645K(423424K), 0.0005013 secs]
56.249: Total time for which application threads were stopped: 0.0006201 seconds, Stopping threads took: 0.0000186 seconds
56.300: [GC (Allocation Failure)  80517K->677K(422400K), 0.0004641 secs]
56.300: Total time for which application threads were stopped: 0.0005970 seconds, Stopping threads took: 0.0000187 seconds
56.354: [GC (Allocation Failure)  79525K->709K(421376K), 0.0004808 secs]
56.355: Total time for which application threads were stopped: 0.0006024 seconds, Stopping threads took: 0.0000204 seconds
56.410: [GC (Allocation Failure)  78533K->677K(420352K), 0.0005201 secs]
56.411: Total time for which application threads were stopped: 0.0006385 seconds, Stopping threads took: 0.0000275 seconds
56.465: [GC (Allocation Failure)  77477K->645K(419328K), 0.0004991 secs]
56.466: Total time for which application threads were stopped: 0.0006082 seconds, Stopping threads took: 0.0000174 seconds
56.513: [GC (Allocation Failure)  76421K->645K(418304K), 0.0004989 secs]
56.514: Total time for which application threads were stopped: 0.0006222 seconds, Stopping threads took: 0.0000260 seconds
56.561: [GC (Allocation Failure)  75397K->645K(417280K), 0.0004552 secs]
56.561: Total time for which application threads were stopped: 0.0005791 seconds, Stopping threads took: 0.0000268 seconds
56.607: [GC (Allocation Failure)  74373K->677K(416256K), 0.0005070 secs]
56.608: Total time for which application threads were stopped: 0.0007663 seconds, Stopping threads took: 0.0000185 seconds
56.657: [GC (Allocation Failure)  73381K->677K(415232K), 0.0006117 secs]
56.658: Total time for which application threads were stopped: 0.0007380 seconds, Stopping threads took: 0.0000269 seconds
56.706: [GC (Allocation Failure)  72357K->613K(414208K), 0.0005148 secs]
56.707: Total time for which application threads were stopped: 0.0006375 seconds, Stopping threads took: 0.0000264 seconds
56.752: [GC (Allocation Failure)  71269K->613K(413184K), 0.0005452 secs]
56.752: Total time for which application threads were stopped: 0.0006743 seconds, Stopping threads took: 0.0000279 seconds
56.800: [GC (Allocation Failure)  70245K->613K(412160K), 0.0005911 secs]
56.801: Total time for which application threads were stopped: 0.0007088 seconds, Stopping threads took: 0.0000189 seconds
56.844: [GC (Allocation Failure)  69221K->709K(411136K), 0.0004512 secs]
56.845: Total time for which application threads were stopped: 0.0005768 seconds, Stopping threads took: 0.0000214 seconds
56.893: [GC (Allocation Failure)  68293K->613K(410112K), 0.0005857 secs]
56.893: Total time for which application threads were stopped: 0.0007355 seconds, Stopping threads took: 0.0000286 seconds
56.935: [GC (Allocation Failure)  67173K->613K(409088K), 0.0005535 secs]
56.936: Total time for which application threads were stopped: 0.0006992 seconds, Stopping threads took: 0.0000219 seconds
56.977: [GC (Allocation Failure)  66149K->709K(408064K), 0.0004901 secs]
56.977: Total time for which application threads were stopped: 0.0006407 seconds, Stopping threads took: 0.0000223 seconds
57.023: [GC (Allocation Failure)  65221K->677K(407040K), 0.0005413 secs]
57.023: Total time for which application threads were stopped: 0.0006833 seconds, Stopping threads took: 0.0000219 seconds
57.063: [GC (Allocation Failure)  64165K->677K(419840K), 0.0005367 secs]
57.064: Total time for which application threads were stopped: 0.0006577 seconds, Stopping threads took: 0.0000199 seconds
57.112: [GC (Allocation Failure)  76965K->645K(435200K), 0.0007130 secs]
57.112: Total time for which application threads were stopped: 0.0008579 seconds, Stopping threads took: 0.0000300 seconds
57.170: [GC (Allocation Failure)  92293K->677K(433664K), 0.0005094 secs]
57.171: Total time for which application threads were stopped: 0.0006511 seconds, Stopping threads took: 0.0000225 seconds
57.227: [GC (Allocation Failure)  90789K->677K(432128K), 0.0005025 secs]
57.227: Total time for which application threads were stopped: 0.0006370 seconds, Stopping threads took: 0.0000291 seconds
57.284: [GC (Allocation Failure)  89253K->709K(450048K), 0.0008716 secs]
57.285: Total time for which application threads were stopped: 0.0010072 seconds, Stopping threads took: 0.0000198 seconds
57.357: [GC (Allocation Failure)  107205K->645K(448000K), 0.0006860 secs]
57.358: Total time for which application threads were stopped: 0.0008283 seconds, Stopping threads took: 0.0000213 seconds
57.423: [GC (Allocation Failure)  105093K->709K(445952K), 0.0005030 secs]
57.424: Total time for which application threads were stopped: 0.0006232 seconds, Stopping threads took: 0.0000199 seconds
57.493: [GC (Allocation Failure)  103109K->677K(443904K), 0.0005442 secs]
57.494: Total time for which application threads were stopped: 0.0006638 seconds, Stopping threads took: 0.0000198 seconds
57.557: [GC (Allocation Failure)  101029K->645K(441856K), 0.0005675 secs]
57.557: Total time for which application threads were stopped: 0.0007082 seconds, Stopping threads took: 0.0000214 seconds
57.624: [GC (Allocation Failure)  98949K->645K(439808K), 0.0006514 secs]
57.625: Total time for which application threads were stopped: 0.0007748 seconds, Stopping threads took: 0.0000261 seconds
57.689: [GC (Allocation Failure)  96901K->677K(437760K), 0.0005039 secs]
57.690: Total time for which application threads were stopped: 0.0006407 seconds, Stopping threads took: 0.0000196 seconds
57.750: [GC (Allocation Failure)  94885K->645K(436224K), 0.0004294 secs]
57.750: Total time for which application threads were stopped: 0.0005621 seconds, Stopping threads took: 0.0000255 seconds
57.808: [GC (Allocation Failure)  93317K->645K(434688K), 0.0006457 secs]
57.809: Total time for which application threads were stopped: 0.0007865 seconds, Stopping threads took: 0.0000260 seconds
57.866: [GC (Allocation Failure)  91781K->645K(433152K), 0.0004726 secs]
57.867: Total time for which application threads were stopped: 0.0006012 seconds, Stopping threads took: 0.0000266 seconds
57.923: [GC (Allocation Failure)  90245K->709K(431616K), 0.0005414 secs]
57.924: Total time for which application threads were stopped: 0.0006667 seconds, Stopping threads took: 0.0000195 seconds
57.979: [GC (Allocation Failure)  88773K->709K(430080K), 0.0004725 secs]
57.979: Total time for which application threads were stopped: 0.0005982 seconds, Stopping threads took: 0.0000211 seconds
58.038: [GC (Allocation Failure)  87237K->645K(428544K), 0.0003928 secs]
58.038: Total time for which application threads were stopped: 0.0005241 seconds, Stopping threads took: 0.0000264 seconds
58.097: [GC (Allocation Failure)  85637K->677K(427008K), 0.0005663 secs]
58.098: Total time for which application threads were stopped: 0.0006692 seconds, Stopping threads took: 0.0000170 seconds
58.150: [GC (Allocation Failure)  84133K->645K(425472K), 0.0004921 secs]
58.150: Total time for which application threads were stopped: 0.0006425 seconds, Stopping threads took: 0.0000414 seconds
58.209: [GC (Allocation Failure)  82565K->709K(423936K), 0.0005501 secs]
58.210: Total time for which application threads were stopped: 0.0006900 seconds, Stopping threads took: 0.0000276 seconds
58.265: [GC (Allocation Failure)  81093K->645K(422400K), 0.0003719 secs]
58.265: Total time for which application threads were stopped: 0.0005057 seconds, Stopping threads took: 0.0000171 seconds
58.319: [GC (Allocation Failure)  79493K->645K(421376K), 0.0004807 secs]
58.319: Total time for which application threads were stopped: 0.0006048 seconds, Stopping threads took: 0.0000276 seconds
58.374: [GC (Allocation Failure)  78469K->709K(420352K), 0.0005728 secs]
58.375: Total time for which application threads were stopped: 0.0007124 seconds, Stopping threads took: 0.0000294 seconds
58.428: [GC (Allocation Failure)  77509K->677K(419328K), 0.0004857 secs]
58.428: Total time for which application threads were stopped: 0.0006221 seconds, Stopping threads took: 0.0000202 seconds
58.476: [GC (Allocation Failure)  76453K->645K(418304K), 0.0006533 secs]
58.477: Total time for which application threads were stopped: 0.0007732 seconds, Stopping threads took: 0.0000192 seconds
58.524: [GC (Allocation Failure)  75397K->677K(417280K), 0.0006423 secs]
58.525: Total time for which application threads were stopped: 0.0007903 seconds, Stopping threads took: 0.0000214 seconds
58.577: [GC (Allocation Failure)  74405K->709K(416256K), 0.0004858 secs]
58.577: Total time for which application threads were stopped: 0.0006222 seconds, Stopping threads took: 0.0000303 seconds
58.623: [GC (Allocation Failure)  73413K->645K(415232K), 0.0005312 secs]
58.624: Total time for which application threads were stopped: 0.0006503 seconds, Stopping threads took: 0.0000195 seconds
58.671: [GC (Allocation Failure)  72325K->677K(414208K), 0.0005284 secs]
58.672: Total time for which application threads were stopped: 0.0006639 seconds, Stopping threads took: 0.0000205 seconds
58.716: [GC (Allocation Failure)  71333K->741K(428544K), 0.0007664 secs]
58.717: Total time for which application threads were stopped: 0.0009102 seconds, Stopping threads took: 0.0000219 seconds
58.772: [GC (Allocation Failure)  85733K->645K(427008K), 0.0004017 secs]
58.772: Total time for which application threads were stopped: 0.0005141 seconds, Stopping threads took: 0.0000259 seconds
58.826: [GC (Allocation Failure)  84101K->645K(425472K), 0.0003991 secs]
58.827: Total time for which application threads were stopped: 0.0005150 seconds, Stopping threads took: 0.0000174 seconds
58.878: [GC (Allocation Failure)  82565K->677K(423936K), 0.0005516 secs]
58.879: Total time for which application threads were stopped: 0.0006700 seconds, Stopping threads took: 0.0000193 seconds
58.935: [GC (Allocation Failure)  81061K->677K(422400K), 0.0005023 secs]
58.935: Total time for which application threads were stopped: 0.0006206 seconds, Stopping threads took: 0.0000193 seconds
58.985: [GC (Allocation Failure)  79525K->677K(421376K), 0.0004775 secs]
58.985: Total time for which application threads were stopped: 0.0006118 seconds, Stopping threads took: 0.0000272 seconds
59.034: [GC (Allocation Failure)  78501K->645K(420352K), 0.0005350 secs]
59.035: Total time for which application threads were stopped: 0.0006742 seconds, Stopping threads took: 0.0000276 seconds
59.088: [GC (Allocation Failure)  77445K->645K(419328K), 0.0004775 secs]
59.089: Total time for which application threads were stopped: 0.0006057 seconds, Stopping threads took: 0.0000200 seconds
59.136: [GC (Allocation Failure)  76421K->645K(418304K), 0.0005675 secs]
59.137: Total time for which application threads were stopped: 0.0006877 seconds, Stopping threads took: 0.0000193 seconds
59.189: [GC (Allocation Failure)  75397K->677K(417280K), 0.0004876 secs]
59.190: Total time for which application threads were stopped: 0.0006201 seconds, Stopping threads took: 0.0000270 seconds
59.236: [GC (Allocation Failure)  74405K->645K(416256K), 0.0005600 secs]
59.237: Total time for which application threads were stopped: 0.0006893 seconds, Stopping threads took: 0.0000186 seconds
59.288: [GC (Allocation Failure)  73349K->709K(415232K), 0.0005466 secs]
59.289: Total time for which application threads were stopped: 0.0006965 seconds, Stopping threads took: 0.0000198 seconds
59.334: [GC (Allocation Failure)  72389K->645K(414208K), 0.0004973 secs]
59.334: Total time for which application threads were stopped: 0.0006181 seconds, Stopping threads took: 0.0000191 seconds
59.379: [GC (Allocation Failure)  71301K->645K(413184K), 0.0005052 secs]
59.379: Total time for which application threads were stopped: 0.0006307 seconds, Stopping threads took: 0.0000277 seconds
59.426: [GC (Allocation Failure)  70277K->645K(412160K), 0.0005671 secs]
59.427: Total time for which application threads were stopped: 0.0006924 seconds, Stopping threads took: 0.0000275 seconds
59.470: [GC (Allocation Failure)  69253K->645K(411136K), 0.0004656 secs]
59.471: Total time for which application threads were stopped: 0.0005828 seconds, Stopping threads took: 0.0000171 seconds
59.519: [GC (Allocation Failure)  68229K->677K(410112K), 0.0005364 secs]
59.520: Total time for which application threads were stopped: 0.0006555 seconds, Stopping threads took: 0.0000195 seconds
59.567: [GC (Allocation Failure)  67237K->677K(409088K), 0.0004713 secs]
59.568: Total time for which application threads were stopped: 0.0005905 seconds, Stopping threads took: 0.0000193 seconds
59.609: [GC (Allocation Failure)  66213K->645K(408064K), 0.0004919 secs]
59.610: Total time for which application threads were stopped: 0.0006293 seconds, Stopping threads took: 0.0000289 seconds
59.654: [GC (Allocation Failure)  65157K->645K(421376K), 0.0006392 secs]
59.655: Total time for which application threads were stopped: 0.0007577 seconds, Stopping threads took: 0.0000196 seconds
59.704: [GC (Allocation Failure)  78469K->677K(420352K), 0.0004539 secs]
59.704: Total time for which application threads were stopped: 0.0006124 seconds, Stopping threads took: 0.0000261 seconds
59.756: [GC (Allocation Failure)  77477K->677K(419328K), 0.0004420 secs]
59.757: Total time for which application threads were stopped: 0.0005621 seconds, Stopping threads took: 0.0000194 seconds
59.805: [GC (Allocation Failure)  76453K->677K(418304K), 0.0004752 secs]
59.806: Total time for which application threads were stopped: 0.0005848 seconds, Stopping threads took: 0.0000164 seconds
59.857: [GC (Allocation Failure)  75429K->645K(417280K), 0.0004541 secs]
59.858: Total time for which application threads were stopped: 0.0005811 seconds, Stopping threads took: 0.0000276 seconds
59.910: [GC (Allocation Failure)  74373K->677K(416256K), 0.0006184 secs]
59.911: Total time for which application threads were stopped: 0.0007437 seconds, Stopping threads took: 0.0000269 seconds
59.960: [GC (Allocation Failure)  73381K->677K(415232K), 0.0006254 secs]
59.960: Total time for which application threads were stopped: 0.0007660 seconds, Stopping threads took: 0.0000275 seconds
60.011: [GC (Allocation Failure)  72357K->613K(414208K), 0.0005521 secs]
60.012: Total time for which application threads were stopped: 0.0006860 seconds, Stopping threads took: 0.0000215 seconds
60.056: [GC (Allocation Failure)  71269K->709K(413184K), 0.0005186 secs]
60.057: Total time for which application threads were stopped: 0.0006698 seconds, Stopping threads took: 0.0000284 seconds
60.101: [GC (Allocation Failure)  70341K->709K(412160K), 0.0005069 secs]
60.101: Total time for which application threads were stopped: 0.0006470 seconds, Stopping threads took: 0.0000218 seconds
60.145: [GC (Allocation Failure)  69317K->741K(411136K), 0.0005107 secs]
60.145: Total time for which application threads were stopped: 0.0006581 seconds, Stopping threads took: 0.0000298 seconds
60.188: [GC (Allocation Failure)  68325K->645K(424960K), 0.0006012 secs]
60.188: Total time for which application threads were stopped: 0.0007495 seconds, Stopping threads took: 0.0000220 seconds
60.245: [GC (Allocation Failure)  82053K->645K(423424K), 0.0004117 secs]
60.246: Total time for which application threads were stopped: 0.0005411 seconds, Stopping threads took: 0.0000262 seconds
60.297: [GC (Allocation Failure)  80517K->677K(422400K), 0.0004832 secs]
60.297: Total time for which application threads were stopped: 0.0006190 seconds, Stopping threads took: 0.0000262 seconds
60.347: [GC (Allocation Failure)  79525K->677K(421376K), 0.0004963 secs]
60.348: Total time for which application threads were stopped: 0.0006223 seconds, Stopping threads took: 0.0000200 seconds
60.397: [GC (Allocation Failure)  78501K->709K(420352K), 0.0005505 secs]
60.397: Total time for which application threads were stopped: 0.0006880 seconds, Stopping threads took: 0.0000206 seconds
60.446: [GC (Allocation Failure)  77509K->677K(419328K), 0.0004947 secs]
60.446: Total time for which application threads were stopped: 0.0006317 seconds, Stopping threads took: 0.0000195 seconds
60.494: [GC (Allocation Failure)  76453K->709K(418304K), 0.0006189 secs]
60.495: Total time for which application threads were stopped: 0.0007453 seconds, Stopping threads took: 0.0000209 seconds
60.542: [GC (Allocation Failure)  75461K->677K(417280K), 0.0004958 secs]
60.543: Total time for which application threads were stopped: 0.0006415 seconds, Stopping threads took: 0.0000301 seconds
60.589: [GC (Allocation Failure)  74405K->645K(416256K), 0.0005776 secs]
60.590: Total time for which application threads were stopped: 0.0007024 seconds, Stopping threads took: 0.0000196 seconds
60.643: [GC (Allocation Failure)  73349K->709K(415232K), 0.0004551 secs]
60.644: Total time for which application threads were stopped: 0.0005816 seconds, Stopping threads took: 0.0000259 seconds
60.689: [GC (Allocation Failure)  72389K->677K(414208K), 0.0004271 secs]
60.689: Total time for which application threads were stopped: 0.0005434 seconds, Stopping threads took: 0.0000187 seconds
60.734: [GC (Allocation Failure)  71333K->613K(413184K), 0.0004499 secs]
60.734: Total time for which application threads were stopped: 0.0005753 seconds, Stopping threads took: 0.0000256 seconds
60.779: [GC (Allocation Failure)  70245K->645K(412160K), 0.0004032 secs]
60.779: Total time for which application threads were stopped: 0.0005207 seconds, Stopping threads took: 0.0000190 seconds
60.823: [GC (Allocation Failure)  69253K->741K(411136K), 0.0004918 secs]
60.823: Total time for which application threads were stopped: 0.0006241 seconds, Stopping threads took: 0.0000273 seconds
60.868: [GC (Allocation Failure)  68325K->613K(410112K), 0.0004853 secs]
60.869: Total time for which application threads were stopped: 0.0006194 seconds, Stopping threads took: 0.0000199 seconds
60.911: [GC (Allocation Failure)  67173K->677K(409088K), 0.0004494 secs]
60.911: Total time for which application threads were stopped: 0.0005763 seconds, Stopping threads took: 0.0000275 seconds
60.958: [GC (Allocation Failure)  66213K->645K(408064K), 0.0005068 secs]
60.958: Total time for which application threads were stopped: 0.0006340 seconds, Stopping threads took: 0.0000273 seconds
60.999: [GC (Allocation Failure)  65157K->709K(407040K), 0.0005171 secs]
61.000: Total time for which application threads were stopped: 0.0006435 seconds, Stopping threads took: 0.0000271 seconds
61.046: [GC (Allocation Failure)  64197K->645K(406016K), 0.0005020 secs]
61.046: Total time for which application threads were stopped: 0.0006276 seconds, Stopping threads took: 0.0000273 seconds
61.085: [GC (Allocation Failure)  63109K->709K(405504K), 0.0005536 secs]
61.086: Total time for which application threads were stopped: 0.0006860 seconds, Stopping threads took: 0.0000198 seconds
61.125: [GC (Allocation Failure)  62661K->645K(418304K), 0.0005065 secs]
61.126: Total time for which application threads were stopped: 0.0006495 seconds, Stopping threads took: 0.0000271 seconds
61.173: [GC (Allocation Failure)  75397K->677K(433664K), 0.0006813 secs]
61.173: Total time for which application threads were stopped: 0.0008212 seconds, Stopping threads took: 0.0000211 seconds
61.234: [GC (Allocation Failure)  90789K->677K(432128K), 0.0003895 secs]
61.235: Total time for which application threads were stopped: 0.0005046 seconds, Stopping threads took: 0.0000165 seconds
61.294: [GC (Allocation Failure)  89253K->645K(430592K), 0.0005566 secs]
61.294: Total time for which application threads were stopped: 0.0006846 seconds, Stopping threads took: 0.0000169 seconds
61.355: [GC (Allocation Failure)  87685K->613K(429056K), 0.0005532 secs]
61.355: Total time for which application threads were stopped: 0.0006798 seconds, Stopping threads took: 0.0000210 seconds
61.412: [GC (Allocation Failure)  86117K->677K(427520K), 0.0004444 secs]
61.413: Total time for which application threads were stopped: 0.0005592 seconds, Stopping threads took: 0.0000187 seconds
61.470: [GC (Allocation Failure)  84645K->677K(425984K), 0.0005311 secs]
61.471: Total time for which application threads were stopped: 0.0006497 seconds, Stopping threads took: 0.0000196 seconds
61.523: [GC (Allocation Failure)  83109K->741K(424448K), 0.0004986 secs]
61.523: Total time for which application threads were stopped: 0.0006266 seconds, Stopping threads took: 0.0000213 seconds
61.574: [GC (Allocation Failure)  81637K->645K(422912K), 0.0005400 secs]
61.575: Total time for which application threads were stopped: 0.0006794 seconds, Stopping threads took: 0.0000283 seconds
61.625: [GC (Allocation Failure)  80005K->613K(421888K), 0.0005707 secs]
61.625: Total time for which application threads were stopped: 0.0007349 seconds, Stopping threads took: 0.0000173 seconds
61.678: [GC (Allocation Failure)  78949K->709K(420864K), 0.0006452 secs]
61.679: Total time for which application threads were stopped: 0.0007796 seconds, Stopping threads took: 0.0000290 seconds
61.728: [GC (Allocation Failure)  78021K->709K(419840K), 0.0005366 secs]
61.728: Total time for which application threads were stopped: 0.0006706 seconds, Stopping threads took: 0.0000282 seconds
61.777: [GC (Allocation Failure)  76997K->645K(418816K), 0.0005694 secs]
61.777: Total time for which application threads were stopped: 0.0006900 seconds, Stopping threads took: 0.0000192 seconds
61.825: [GC (Allocation Failure)  75909K->677K(417792K), 0.0004014 secs]
61.825: Total time for which application threads were stopped: 0.0005137 seconds, Stopping threads took: 0.0000191 seconds
61.872: [GC (Allocation Failure)  74917K->645K(416768K), 0.0004762 secs]
61.872: Total time for which application threads were stopped: 0.0006034 seconds, Stopping threads took: 0.0000277 seconds
61.924: [GC (Allocation Failure)  73861K->645K(415744K), 0.0004993 secs]
61.925: Total time for which application threads were stopped: 0.0006169 seconds, Stopping threads took: 0.0000194 seconds
61.976: [GC (Allocation Failure)  72837K->677K(414720K), 0.0006082 secs]
61.977: Total time for which application threads were stopped: 0.0007333 seconds, Stopping threads took: 0.0000274 seconds
62.021: [GC (Allocation Failure)  71845K->677K(413696K), 0.0005728 secs]
62.022: Total time for which application threads were stopped: 0.0006934 seconds, Stopping threads took: 0.0000191 seconds
62.067: [GC (Allocation Failure)  70821K->645K(412672K), 0.0004494 secs]
62.068: Total time for which application threads were stopped: 0.0005684 seconds, Stopping threads took: 0.0000194 seconds
62.111: [GC (Allocation Failure)  69765K->677K(411648K), 0.0005217 secs]
62.111: Total time for which application threads were stopped: 0.0006611 seconds, Stopping threads took: 0.0000269 seconds
62.154: [GC (Allocation Failure)  68773K->677K(410624K), 0.0005354 secs]
62.155: Total time for which application threads were stopped: 0.0006870 seconds, Stopping threads took: 0.0000218 seconds
62.197: [GC (Allocation Failure)  67749K->613K(424448K), 0.0005886 secs]
62.198: Total time for which application threads were stopped: 0.0007544 seconds, Stopping threads took: 0.0000224 seconds
62.249: [GC (Allocation Failure)  81509K->645K(422912K), 0.0004976 secs]
62.249: Total time for which application threads were stopped: 0.0006317 seconds, Stopping threads took: 0.0000277 seconds
62.299: [GC (Allocation Failure)  80005K->677K(421888K), 0.0004536 secs]
62.300: Total time for which application threads were stopped: 0.0005964 seconds, Stopping threads took: 0.0000210 seconds
62.355: [GC (Allocation Failure)  79013K->677K(420864K), 0.0004799 secs]
62.355: Total time for which application threads were stopped: 0.0006236 seconds, Stopping threads took: 0.0000217 seconds
62.410: [GC (Allocation Failure)  77989K->645K(419840K), 0.0005869 secs]
62.411: Total time for which application threads were stopped: 0.0007123 seconds, Stopping threads took: 0.0000304 seconds
62.464: [GC (Allocation Failure)  76933K->613K(418816K), 0.0005875 secs]
62.465: Total time for which application threads were stopped: 0.0007023 seconds, Stopping threads took: 0.0000162 seconds
62.518: [GC (Allocation Failure)  75877K->677K(417792K), 0.0006089 secs]
62.519: Total time for which application threads were stopped: 0.0007243 seconds, Stopping threads took: 0.0000191 seconds
62.566: [GC (Allocation Failure)  74917K->677K(416768K), 0.0004987 secs]
62.566: Total time for which application threads were stopped: 0.0006268 seconds, Stopping threads took: 0.0000265 seconds
62.618: [GC (Allocation Failure)  73893K->613K(415744K), 0.0005916 secs]
62.619: Total time for which application threads were stopped: 0.0007167 seconds, Stopping threads took: 0.0000245 seconds
62.665: [GC (Allocation Failure)  72805K->645K(414720K), 0.0004222 secs]
62.666: Total time for which application threads were stopped: 0.0005304 seconds, Stopping threads took: 0.0000170 seconds
62.710: [GC (Allocation Failure)  71813K->709K(413696K), 0.0004787 secs]
62.711: Total time for which application threads were stopped: 0.0006013 seconds, Stopping threads took: 0.0000193 seconds
62.755: [GC (Allocation Failure)  70853K->677K(412672K), 0.0004153 secs]
62.756: Total time for which application threads were stopped: 0.0005290 seconds, Stopping threads took: 0.0000189 seconds
62.800: [GC (Allocation Failure)  69797K->677K(411648K), 0.0004653 secs]
62.800: Total time for which application threads were stopped: 0.0006051 seconds, Stopping threads took: 0.0000281 seconds
62.848: [GC (Allocation Failure)  68773K->709K(410624K), 0.0004969 secs]
62.849: Total time for which application threads were stopped: 0.0006307 seconds, Stopping threads took: 0.0000213 seconds
62.892: [GC (Allocation Failure)  67781K->677K(409600K), 0.0004411 secs]
62.892: Total time for which application threads were stopped: 0.0005721 seconds, Stopping threads took: 0.0000187 seconds
62.934: [GC (Allocation Failure)  66725K->645K(408576K), 0.0004768 secs]
62.934: Total time for which application threads were stopped: 0.0006043 seconds, Stopping threads took: 0.0000207 seconds
62.976: [GC (Allocation Failure)  65669K->645K(407552K), 0.0004145 secs]
62.976: Total time for which application threads were stopped: 0.0005344 seconds, Stopping threads took: 0.0000270 seconds
63.022: [GC (Allocation Failure)  64645K->645K(406528K), 0.0004901 secs]
63.022: Total time for which application threads were stopped: 0.0006170 seconds, Stopping threads took: 0.0000194 seconds
63.062: [GC (Allocation Failure)  63621K->645K(405504K), 0.0004847 secs]
63.063: Total time for which application threads were stopped: 0.0006083 seconds, Stopping threads took: 0.0000271 seconds
63.108: [GC (Allocation Failure)  62597K->645K(404992K), 0.0006385 secs]
63.109: Total time for which application threads were stopped: 0.0007686 seconds, Stopping threads took: 0.0000194 seconds
63.151: [GC (Allocation Failure)  62085K->677K(404480K), 0.0005059 secs]
63.151: Total time for which application threads were stopped: 0.0006350 seconds, Stopping threads took: 0.0000203 seconds
63.195: [GC (Allocation Failure)  61605K->645K(403968K), 0.0004907 secs]
63.196: Total time for which application threads were stopped: 0.0006142 seconds, Stopping threads took: 0.0000204 seconds
63.234: [GC (Allocation Failure)  61061K->677K(416256K), 0.0005516 secs]
63.235: Total time for which application threads were stopped: 0.0006737 seconds, Stopping threads took: 0.0000210 seconds
63.281: [GC (Allocation Failure)  73381K->709K(415232K), 0.0004432 secs]
63.281: Total time for which application threads were stopped: 0.0005665 seconds, Stopping threads took: 0.0000250 seconds
63.327: [GC (Allocation Failure)  72389K->709K(414208K), 0.0004975 secs]
63.328: Total time for which application threads were stopped: 0.0006022 seconds, Stopping threads took: 0.0000156 seconds
63.372: [GC (Allocation Failure)  71365K->709K(413184K), 0.0005628 secs]
63.373: Total time for which application threads were stopped: 0.0006783 seconds, Stopping threads took: 0.0000166 seconds
63.421: [GC (Allocation Failure)  70341K->645K(412160K), 0.0003985 secs]
63.422: Total time for which application threads were stopped: 0.0005058 seconds, Stopping threads took: 0.0000171 seconds
63.465: [GC (Allocation Failure)  69253K->677K(411136K), 0.0004972 secs]
63.465: Total time for which application threads were stopped: 0.0006108 seconds, Stopping threads took: 0.0000168 seconds
63.508: [GC (Allocation Failure)  68261K->677K(410112K), 0.0004972 secs]
63.508: Total time for which application threads were stopped: 0.0006277 seconds, Stopping threads took: 0.0000203 seconds
63.550: [GC (Allocation Failure)  67237K->613K(409088K), 0.0004659 secs]
63.551: Total time for which application threads were stopped: 0.0005880 seconds, Stopping threads took: 0.0000205 seconds
63.592: [GC (Allocation Failure)  66149K->613K(408064K), 0.0005031 secs]
63.593: Total time for which application threads were stopped: 0.0006355 seconds, Stopping threads took: 0.0000273 seconds
63.633: [GC (Allocation Failure)  65125K->677K(407040K), 0.0004745 secs]
63.634: Total time for which application threads were stopped: 0.0006087 seconds, Stopping threads took: 0.0000249 seconds
63.674: [GC (Allocation Failure)  64165K->677K(419840K), 0.0006758 secs]
63.675: Total time for which application threads were stopped: 0.0007916 seconds, Stopping threads took: 0.0000190 seconds
63.723: [GC (Allocation Failure)  76965K->677K(435200K), 0.0004810 secs]
63.723: Total time for which application threads were stopped: 0.0006041 seconds, Stopping threads took: 0.0000270 seconds
63.781: [GC (Allocation Failure)  92325K->677K(433664K), 0.0004202 secs]
63.782: Total time for which application threads were stopped: 0.0005639 seconds, Stopping threads took: 0.0000203 seconds
63.844: [GC (Allocation Failure)  90789K->709K(432128K), 0.0004534 secs]
63.845: Total time for which application threads were stopped: 0.0005711 seconds, Stopping threads took: 0.0000253 seconds
63.900: [GC (Allocation Failure)  89285K->613K(430592K), 0.0004900 secs]
63.901: Total time for which application threads were stopped: 0.0006191 seconds, Stopping threads took: 0.0000268 seconds
63.956: [GC (Allocation Failure)  87653K->677K(429056K), 0.0004556 secs]
63.956: Total time for which application threads were stopped: 0.0005811 seconds, Stopping threads took: 0.0000204 seconds
64.010: [GC (Allocation Failure)  86181K->613K(427520K), 0.0005007 secs]
64.010: Total time for which application threads were stopped: 0.0006387 seconds, Stopping threads took: 0.0000269 seconds
64.066: [GC (Allocation Failure)  84581K->677K(425984K), 0.0005325 secs]
64.067: Total time for which application threads were stopped: 0.0006601 seconds, Stopping threads took: 0.0000280 seconds
64.119: [GC (Allocation Failure)  83109K->645K(424448K), 0.0004707 secs]
64.119: Total time for which application threads were stopped: 0.0005761 seconds, Stopping threads took: 0.0000172 seconds
64.176: [GC (Allocation Failure)  81541K->677K(422912K), 0.0005956 secs]
64.177: Total time for which application threads were stopped: 0.0007225 seconds, Stopping threads took: 0.0000271 seconds
64.231: [GC (Allocation Failure)  80037K->709K(421888K), 0.0005636 secs]
64.232: Total time for which application threads were stopped: 0.0006823 seconds, Stopping threads took: 0.0000191 seconds
64.287: [GC (Allocation Failure)  79045K->645K(420864K), 0.0004189 secs]
64.288: Total time for which application threads were stopped: 0.0005385 seconds, Stopping threads took: 0.0000261 seconds
64.338: [GC (Allocation Failure)  77957K->645K(419840K), 0.0004207 secs]
64.338: Total time for which application threads were stopped: 0.0005500 seconds, Stopping threads took: 0.0000390 seconds
64.393: [GC (Allocation Failure)  76933K->645K(418816K), 0.0005209 secs]
64.394: Total time for which application threads were stopped: 0.0006393 seconds, Stopping threads took: 0.0000257 seconds
64.445: [GC (Allocation Failure)  75909K->645K(417792K), 0.0005162 secs]
64.445: Total time for which application threads were stopped: 0.0006617 seconds, Stopping threads took: 0.0000216 seconds
64.496: [GC (Allocation Failure)  74885K->677K(416768K), 0.0004898 secs]
64.497: Total time for which application threads were stopped: 0.0006296 seconds, Stopping threads took: 0.0000218 seconds
64.543: [GC (Allocation Failure)  73893K->613K(415744K), 0.0005255 secs]
64.544: Total time for which application threads were stopped: 0.0006480 seconds, Stopping threads took: 0.0000224 seconds
64.589: [GC (Allocation Failure)  72805K->677K(414720K), 0.0004643 secs]
64.590: Total time for which application threads were stopped: 0.0005803 seconds, Stopping threads took: 0.0000196 seconds
64.640: [GC (Allocation Failure)  71845K->677K(413696K), 0.0004903 secs]
64.640: Total time for which application threads were stopped: 0.0006467 seconds, Stopping threads took: 0.0000525 seconds
64.684: [GC (Allocation Failure)  70821K->645K(412672K), 0.0005240 secs]
64.685: Total time for which application threads were stopped: 0.0006330 seconds, Stopping threads took: 0.0000165 seconds
64.733: [GC (Allocation Failure)  69765K->645K(411648K), 0.0004195 secs]
64.734: Total time for which application threads were stopped: 0.0005271 seconds, Stopping threads took: 0.0000165 seconds
64.782: [GC (Allocation Failure)  68741K->645K(410624K), 0.0004900 secs]
64.783: Total time for which application threads were stopped: 0.0006188 seconds, Stopping threads took: 0.0000274 seconds
64.825: [GC (Allocation Failure)  67717K->613K(409600K), 0.0006204 secs]
64.826: Total time for which application threads were stopped: 0.0007544 seconds, Stopping threads took: 0.0000288 seconds
64.868: [GC (Allocation Failure)  66661K->645K(408576K), 0.0004958 secs]
64.868: Total time for which application threads were stopped: 0.0006210 seconds, Stopping threads took: 0.0000196 seconds
64.910: [GC (Allocation Failure)  65669K->677K(407552K), 0.0004242 secs]
64.910: Total time for which application threads were stopped: 0.0005548 seconds, Stopping threads took: 0.0000283 seconds
64.955: [GC (Allocation Failure)  64677K->645K(406528K), 0.0004710 secs]
64.955: Total time for which application threads were stopped: 0.0005883 seconds, Stopping threads took: 0.0000194 seconds
65.001: [GC (Allocation Failure)  63621K->645K(405504K), 0.0005086 secs]
65.002: Total time for which application threads were stopped: 0.0006335 seconds, Stopping threads took: 0.0000191 seconds
65.048: [GC (Allocation Failure)  62597K->677K(404992K), 0.0004651 secs]
65.049: Total time for which application threads were stopped: 0.0005810 seconds, Stopping threads took: 0.0000191 seconds
65.093: [GC (Allocation Failure)  62117K->645K(404480K), 0.0004767 secs]
65.094: Total time for which application threads were stopped: 0.0005970 seconds, Stopping threads took: 0.0000190 seconds
65.138: [GC (Allocation Failure)  61573K->709K(403968K), 0.0004634 secs]
65.139: Total time for which application threads were stopped: 0.0005825 seconds, Stopping threads took: 0.0000205 seconds
65.177: [GC (Allocation Failure)  61125K->709K(403456K), 0.0004928 secs]
65.177: Total time for which application threads were stopped: 0.0006163 seconds, Stopping threads took: 0.0000198 seconds
65.219: [GC (Allocation Failure)  60613K->645K(402944K), 0.0005041 secs]
65.220: Total time for which application threads were stopped: 0.0006223 seconds, Stopping threads took: 0.0000196 seconds
65.258: [GC (Allocation Failure)  60037K->645K(402432K), 0.0004137 secs]
65.259: Total time for which application threads were stopped: 0.0005316 seconds, Stopping threads took: 0.0000254 seconds
65.297: [GC (Allocation Failure)  59525K->677K(401920K), 0.0004044 secs]
65.297: Total time for which application threads were stopped: 0.0005259 seconds, Stopping threads took: 0.0000197 seconds
65.334: [GC (Allocation Failure)  59045K->709K(413696K), 0.0006987 secs]
65.335: Total time for which application threads were stopped: 0.0008331 seconds, Stopping threads took: 0.0000193 seconds
65.383: [GC (Allocation Failure)  70853K->645K(428032K), 0.0004813 secs]
65.384: Total time for which application threads were stopped: 0.0006297 seconds, Stopping threads took: 0.0000201 seconds
65.437: [GC (Allocation Failure)  85125K->613K(444928K), 0.0006586 secs]
65.438: Total time for which application threads were stopped: 0.0007895 seconds, Stopping threads took: 0.0000221 seconds
65.506: [GC (Allocation Failure)  101989K->677K(442880K), 0.0004787 secs]
65.506: Total time for which application threads were stopped: 0.0006345 seconds, Stopping threads took: 0.0000218 seconds
65.569: [GC (Allocation Failure)  100005K->581K(462848K), 0.0008737 secs]
65.569: Total time for which application threads were stopped: 0.0009950 seconds, Stopping threads took: 0.0000192 seconds
65.652: [GC (Allocation Failure)  119877K->645K(460288K), 0.0005321 secs]
65.653: Total time for which application threads were stopped: 0.0006586 seconds, Stopping threads took: 0.0000266 seconds
65.726: [GC (Allocation Failure)  117381K->645K(457728K), 0.0004906 secs]
65.726: Total time for which application threads were stopped: 0.0006093 seconds, Stopping threads took: 0.0000194 seconds
65.800: [GC (Allocation Failure)  114821K->677K(455168K), 0.0004183 secs]
65.800: Total time for which application threads were stopped: 0.0005466 seconds, Stopping threads took: 0.0000277 seconds
65.876: [GC (Allocation Failure)  112293K->677K(452608K), 0.0004769 secs]
65.876: Total time for which application threads were stopped: 0.0005955 seconds, Stopping threads took: 0.0000195 seconds
65.945: [GC (Allocation Failure)  109733K->645K(450560K), 0.0004837 secs]
65.946: Total time for which application threads were stopped: 0.0006110 seconds, Stopping threads took: 0.0000276 seconds
66.013: [GC (Allocation Failure)  107653K->677K(448512K), 0.0004639 secs]
66.014: Total time for which application threads were stopped: 0.0005819 seconds, Stopping threads took: 0.0000194 seconds
66.080: [GC (Allocation Failure)  105637K->677K(446464K), 0.0004672 secs]
66.080: Total time for which application threads were stopped: 0.0005865 seconds, Stopping threads took: 0.0000195 seconds
66.145: [GC (Allocation Failure)  103589K->677K(444416K), 0.0004922 secs]
66.146: Total time for which application threads were stopped: 0.0006278 seconds, Stopping threads took: 0.0000284 seconds
66.209: [GC (Allocation Failure)  101541K->645K(442368K), 0.0004644 secs]
66.210: Total time for which application threads were stopped: 0.0005957 seconds, Stopping threads took: 0.0000304 seconds
66.275: [GC (Allocation Failure)  99461K->677K(440320K), 0.0004691 secs]
66.276: Total time for which application threads were stopped: 0.0005965 seconds, Stopping threads took: 0.0000277 seconds
66.336: [GC (Allocation Failure)  97445K->613K(438272K), 0.0005940 secs]
66.337: Total time for which application threads were stopped: 0.0007138 seconds, Stopping threads took: 0.0000185 seconds
66.396: [GC (Allocation Failure)  95333K->677K(436736K), 0.0005453 secs]
66.397: Total time for which application threads were stopped: 0.0006884 seconds, Stopping threads took: 0.0000294 seconds
66.461: [GC (Allocation Failure)  93861K->677K(435200K), 0.0004519 secs]
66.462: Total time for which application threads were stopped: 0.0005773 seconds, Stopping threads took: 0.0000209 seconds
66.525: [GC (Allocation Failure)  92325K->677K(433664K), 0.0005241 secs]
66.526: Total time for which application threads were stopped: 0.0006470 seconds, Stopping threads took: 0.0000272 seconds
66.582: [GC (Allocation Failure)  90789K->709K(432128K), 0.0004619 secs]
66.582: Total time for which application threads were stopped: 0.0005807 seconds, Stopping threads took: 0.0000195 seconds
66.639: [GC (Allocation Failure)  89285K->581K(430592K), 0.0005598 secs]
66.639: Total time for which application threads were stopped: 0.0007012 seconds, Stopping threads took: 0.0000251 seconds
66.694: [GC (Allocation Failure)  87621K->677K(429056K), 0.0004750 secs]
66.695: Total time for which application threads were stopped: 0.0006003 seconds, Stopping threads took: 0.0000195 seconds
66.751: [GC (Allocation Failure)  86181K->645K(427520K), 0.0004804 secs]
66.752: Total time for which application threads were stopped: 0.0005960 seconds, Stopping threads took: 0.0000193 seconds
66.804: [GC (Allocation Failure)  84613K->645K(425984K), 0.0004646 secs]
66.805: Total time for which application threads were stopped: 0.0005787 seconds, Stopping threads took: 0.0000192 seconds
66.860: [GC (Allocation Failure)  83077K->709K(424448K), 0.0005981 secs]
66.860: Total time for which application threads were stopped: 0.0007255 seconds, Stopping threads took: 0.0000278 seconds
66.911: [GC (Allocation Failure)  81605K->677K(422912K), 0.0005206 secs]
66.912: Total time for which application threads were stopped: 0.0006625 seconds, Stopping threads took: 0.0000291 seconds
66.961: [GC (Allocation Failure)  80037K->677K(421888K), 0.0004907 secs]
66.962: Total time for which application threads were stopped: 0.0006239 seconds, Stopping threads took: 0.0000292 seconds
67.011: [GC (Allocation Failure)  79013K->645K(420864K), 0.0005393 secs]
67.012: Total time for which application threads were stopped: 0.0006637 seconds, Stopping threads took: 0.0000270 seconds
67.060: [GC (Allocation Failure)  77957K->709K(419840K), 0.0004990 secs]
67.061: Total time for which application threads were stopped: 0.0006151 seconds, Stopping threads took: 0.0000195 seconds
67.109: [GC (Allocation Failure)  76997K->677K(418816K), 0.0005591 secs]
67.109: Total time for which application threads were stopped: 0.0006779 seconds, Stopping threads took: 0.0000193 seconds
67.156: [GC (Allocation Failure)  75941K->677K(417792K), 0.0004740 secs]
67.157: Total time for which application threads were stopped: 0.0007468 seconds, Stopping threads took: 0.0000197 seconds
67.204: [GC (Allocation Failure)  74917K->645K(416768K), 0.0004735 secs]
67.204: Total time for which application threads were stopped: 0.0005921 seconds, Stopping threads took: 0.0000195 seconds
67.256: [GC (Allocation Failure)  73861K->709K(415744K), 0.0006396 secs]
67.257: Total time for which application threads were stopped: 0.0007688 seconds, Stopping threads took: 0.0000272 seconds
67.302: [GC (Allocation Failure)  72901K->677K(414720K), 0.0005003 secs]
67.303: Total time for which application threads were stopped: 0.0006358 seconds, Stopping threads took: 0.0000279 seconds
67.347: [GC (Allocation Failure)  71845K->645K(413696K), 0.0004809 secs]
67.348: Total time for which application threads were stopped: 0.0006007 seconds, Stopping threads took: 0.0000193 seconds
67.398: [GC (Allocation Failure)  70789K->645K(412672K), 0.0005791 secs]
67.398: Total time for which application threads were stopped: 0.0006996 seconds, Stopping threads took: 0.0000195 seconds
67.448: [GC (Allocation Failure)  69765K->645K(411648K), 0.0005102 secs]
67.448: Total time for which application threads were stopped: 0.0006422 seconds, Stopping threads took: 0.0000214 seconds
67.492: [GC (Allocation Failure)  68741K->645K(410624K), 0.0005637 secs]
67.492: Total time for which application threads were stopped: 0.0006993 seconds, Stopping threads took: 0.0000214 seconds
67.535: [GC (Allocation Failure)  67717K->709K(424448K), 0.0006151 secs]
67.535: Total time for which application threads were stopped: 0.0007540 seconds, Stopping threads took: 0.0000223 seconds
67.587: [GC (Allocation Failure)  81605K->645K(422912K), 0.0004498 secs]
67.588: Total time for which application threads were stopped: 0.0005822 seconds, Stopping threads took: 0.0000292 seconds
67.643: [GC (Allocation Failure)  80005K->645K(421888K), 0.0005143 secs]
67.644: Total time for which application threads were stopped: 0.0006452 seconds, Stopping threads took: 0.0000305 seconds
67.698: [GC (Allocation Failure)  78981K->709K(420864K), 0.0005309 secs]
67.698: Total time for which application threads were stopped: 0.0006494 seconds, Stopping threads took: 0.0000196 seconds
67.747: [GC (Allocation Failure)  78021K->645K(419840K), 0.0003881 secs]
67.747: Total time for which application threads were stopped: 0.0005028 seconds, Stopping threads took: 0.0000250 seconds
67.796: [GC (Allocation Failure)  76933K->645K(418816K), 0.0004067 secs]
67.797: Total time for which application threads were stopped: 0.0005252 seconds, Stopping threads took: 0.0000169 seconds
67.844: [GC (Allocation Failure)  75909K->645K(417792K), 0.0005014 secs]
67.844: Total time for which application threads were stopped: 0.0006482 seconds, Stopping threads took: 0.0000287 seconds
67.891: [GC (Allocation Failure)  74885K->645K(416768K), 0.0005229 secs]
67.892: Total time for which application threads were stopped: 0.0006472 seconds, Stopping threads took: 0.0000167 seconds
67.938: [GC (Allocation Failure)  73861K->677K(415744K), 0.0004941 secs]
67.939: Total time for which application threads were stopped: 0.0006410 seconds, Stopping threads took: 0.0000298 seconds
67.984: [GC (Allocation Failure)  72869K->645K(414720K), 0.0005329 secs]
67.985: Total time for which application threads were stopped: 0.0006785 seconds, Stopping threads took: 0.0000217 seconds
68.034: [GC (Allocation Failure)  71813K->677K(413696K), 0.0004955 secs]
68.035: Total time for which application threads were stopped: 0.0006216 seconds, Stopping threads took: 0.0000290 seconds
68.079: [GC (Allocation Failure)  70821K->613K(412672K), 0.0006360 secs]
68.080: Total time for which application threads were stopped: 0.0007711 seconds, Stopping threads took: 0.0000201 seconds
68.123: [GC (Allocation Failure)  69733K->741K(411648K), 0.0005448 secs]
68.124: Total time for which application threads were stopped: 0.0006748 seconds, Stopping threads took: 0.0000202 seconds
68.167: [GC (Allocation Failure)  68837K->677K(410624K), 0.0004814 secs]
68.167: Total time for which application threads were stopped: 0.0006115 seconds, Stopping threads took: 0.0000210 seconds
68.210: [GC (Allocation Failure)  67749K->645K(424448K), 0.0005677 secs]
68.211: Total time for which application threads were stopped: 0.0007076 seconds, Stopping threads took: 0.0000203 seconds
68.268: [GC (Allocation Failure)  81541K->677K(422912K), 0.0004530 secs]
68.269: Total time for which application threads were stopped: 0.0005725 seconds, Stopping threads took: 0.0000194 seconds
68.318: [GC (Allocation Failure)  80037K->709K(421888K), 0.0004920 secs]
68.319: Total time for which application threads were stopped: 0.0006109 seconds, Stopping threads took: 0.0000196 seconds
68.368: [GC (Allocation Failure)  79045K->709K(420864K), 0.0004700 secs]
68.369: Total time for which application threads were stopped: 0.0005875 seconds, Stopping threads took: 0.0000196 seconds
68.422: [GC (Allocation Failure)  78021K->581K(419840K), 0.0006082 secs]
68.423: Total time for which application threads were stopped: 0.0007422 seconds, Stopping threads took: 0.0000189 seconds
68.475: [GC (Allocation Failure)  76869K->645K(418816K), 0.0005094 secs]
68.476: Total time for which application threads were stopped: 0.0006501 seconds, Stopping threads took: 0.0000211 seconds
68.526: [GC (Allocation Failure)  75909K->677K(417792K), 0.0005569 secs]
68.527: Total time for which application threads were stopped: 0.0006890 seconds, Stopping threads took: 0.0000302 seconds
68.579: [GC (Allocation Failure)  74917K->677K(416768K), 0.0004852 secs]
68.580: Total time for which application threads were stopped: 0.0005898 seconds, Stopping threads took: 0.0000168 seconds
68.626: [GC (Allocation Failure)  73893K->581K(415744K), 0.0005974 secs]
68.627: Total time for which application threads were stopped: 0.0007151 seconds, Stopping threads took: 0.0000272 seconds
68.674: [GC (Allocation Failure)  72773K->645K(430592K), 0.0006467 secs]
68.674: Total time for which application threads were stopped: 0.0007774 seconds, Stopping threads took: 0.0000275 seconds
68.729: [GC (Allocation Failure)  87685K->677K(448000K), 0.0007303 secs]
68.730: Total time for which application threads were stopped: 0.0008839 seconds, Stopping threads took: 0.0000199 seconds
68.797: [GC (Allocation Failure)  105125K->677K(445952K), 0.0004791 secs]
68.798: Total time for which application threads were stopped: 0.0006226 seconds, Stopping threads took: 0.0000264 seconds
68.868: [GC (Allocation Failure)  103077K->645K(443904K), 0.0004823 secs]
68.868: Total time for which application threads were stopped: 0.0006109 seconds, Stopping threads took: 0.0000271 seconds
68.937: [GC (Allocation Failure)  100997K->645K(441856K), 0.0004592 secs]
68.937: Total time for which application threads were stopped: 0.0005759 seconds, Stopping threads took: 0.0000194 seconds
68.999: [GC (Allocation Failure)  98949K->741K(439808K), 0.0005661 secs]
68.999: Total time for which application threads were stopped: 0.0006902 seconds, Stopping threads took: 0.0000195 seconds
69.060: [GC (Allocation Failure)  96997K->677K(437760K), 0.0005316 secs]
69.060: Total time for which application threads were stopped: 0.0006504 seconds, Stopping threads took: 0.0000190 seconds
69.119: [GC (Allocation Failure)  94885K->677K(436224K), 0.0004750 secs]
69.120: Total time for which application threads were stopped: 0.0005956 seconds, Stopping threads took: 0.0000196 seconds
69.178: [GC (Allocation Failure)  93349K->677K(434688K), 0.0005273 secs]
69.178: Total time for which application threads were stopped: 0.0006652 seconds, Stopping threads took: 0.0000283 seconds
69.235: [GC (Allocation Failure)  91813K->677K(433152K), 0.0005137 secs]
69.236: Total time for which application threads were stopped: 0.0006557 seconds, Stopping threads took: 0.0000218 seconds
69.293: [GC (Allocation Failure)  90277K->645K(431616K), 0.0005194 secs]
69.293: Total time for which application threads were stopped: 0.0006632 seconds, Stopping threads took: 0.0000268 seconds
69.353: [GC (Allocation Failure)  88709K->613K(430080K), 0.0007403 secs]
69.354: Total time for which application threads were stopped: 0.0008841 seconds, Stopping threads took: 0.0000222 seconds
69.414: [GC (Allocation Failure)  87141K->645K(428544K), 0.0004869 secs]
69.415: Total time for which application threads were stopped: 0.0006225 seconds, Stopping threads took: 0.0000230 seconds
69.474: [GC (Allocation Failure)  85637K->677K(427008K), 0.0006003 secs]
69.475: Total time for which application threads were stopped: 0.0007407 seconds, Stopping threads took: 0.0000270 seconds
69.527: [GC (Allocation Failure)  84133K->709K(425472K), 0.0004899 secs]
69.527: Total time for which application threads were stopped: 0.0006353 seconds, Stopping threads took: 0.0000274 seconds
69.579: [GC (Allocation Failure)  82629K->613K(423936K), 0.0005363 secs]
69.579: Total time for which application threads were stopped: 0.0006796 seconds, Stopping threads took: 0.0000292 seconds
69.630: [GC (Allocation Failure)  80997K->645K(440320K), 0.0022831 secs]
69.633: Total time for which application threads were stopped: 0.0024045 seconds, Stopping threads took: 0.0000269 seconds
69.693: [GC (Allocation Failure)  97413K->613K(459776K), 0.0005742 secs]
69.694: Total time for which application threads were stopped: 0.0006987 seconds, Stopping threads took: 0.0000270 seconds
69.770: [GC (Allocation Failure)  116837K->645K(483328K), 0.0005256 secs]
69.771: Total time for which application threads were stopped: 0.0006505 seconds, Stopping threads took: 0.0000271 seconds
69.860: [GC (Allocation Failure)  140421K->709K(511488K), 0.0004450 secs]
69.860: Total time for which application threads were stopped: 0.0005653 seconds, Stopping threads took: 0.0000197 seconds
69.965: [GC (Allocation Failure)  168645K->677K(506880K), 0.0004805 secs]
69.966: Total time for which application threads were stopped: 0.0006003 seconds, Stopping threads took: 0.0000195 seconds
70.067: [GC (Allocation Failure)  164005K->645K(502784K), 0.0004726 secs]
70.068: Total time for which application threads were stopped: 0.0005912 seconds, Stopping threads took: 0.0000193 seconds
70.173: [GC (Allocation Failure)  159877K->677K(498688K), 0.0005426 secs]
70.173: Total time for which application threads were stopped: 0.0006672 seconds, Stopping threads took: 0.0000267 seconds
70.275: [GC (Allocation Failure)  155813K->709K(494592K), 0.0004741 secs]
70.275: Total time for which application threads were stopped: 0.0005980 seconds, Stopping threads took: 0.0000275 seconds
70.373: [GC (Allocation Failure)  151749K->709K(491008K), 0.0005447 secs]
70.374: Total time for which application threads were stopped: 0.0006765 seconds, Stopping threads took: 0.0000190 seconds
70.466: [GC (Allocation Failure)  148165K->709K(487424K), 0.0004909 secs]
70.467: Total time for which application threads were stopped: 0.0006119 seconds, Stopping threads took: 0.0000198 seconds
70.556: [GC (Allocation Failure)  144581K->677K(483840K), 0.0006137 secs]
70.557: Total time for which application threads were stopped: 0.0007492 seconds, Stopping threads took: 0.0000196 seconds
70.645: [GC (Allocation Failure)  140965K->645K(480256K), 0.0004292 secs]
70.646: Total time for which application threads were stopped: 0.0005503 seconds, Stopping threads took: 0.0000261 seconds
70.734: [GC (Allocation Failure)  137349K->645K(477184K), 0.0005266 secs]
70.735: Total time for which application threads were stopped: 0.0006492 seconds, Stopping threads took: 0.0000265 seconds
70.820: [GC (Allocation Failure)  134277K->645K(474112K), 0.0005751 secs]
70.820: Total time for which application threads were stopped: 0.0007025 seconds, Stopping threads took: 0.0000279 seconds
70.907: [GC (Allocation Failure)  131205K->613K(471040K), 0.0004736 secs]
70.907: Total time for which application threads were stopped: 0.0005910 seconds, Stopping threads took: 0.0000195 seconds
70.990: [GC (Allocation Failure)  128101K->645K(467968K), 0.0004550 secs]
70.990: Total time for which application threads were stopped: 0.0005683 seconds, Stopping threads took: 0.0000173 seconds
71.068: [GC (Allocation Failure)  125061K->613K(465408K), 0.0005623 secs]
71.068: Total time for which application threads were stopped: 0.0006960 seconds, Stopping threads took: 0.0000197 seconds
71.144: [GC (Allocation Failure)  122469K->645K(462848K), 0.0004728 secs]
71.145: Total time for which application threads were stopped: 0.0005935 seconds, Stopping threads took: 0.0000194 seconds
71.223: [GC (Allocation Failure)  119941K->677K(460288K), 0.0004960 secs]
71.223: Total time for which application threads were stopped: 0.0006226 seconds, Stopping threads took: 0.0000195 seconds
71.297: [GC (Allocation Failure)  117413K->677K(457728K), 0.0004460 secs]
71.297: Total time for which application threads were stopped: 0.0005895 seconds, Stopping threads took: 0.0000279 seconds
71.375: [GC (Allocation Failure)  114853K->645K(455168K), 0.0005415 secs]
71.375: Total time for which application threads were stopped: 0.0006610 seconds, Stopping threads took: 0.0000199 seconds
71.451: [GC (Allocation Failure)  112261K->677K(452608K), 0.0005492 secs]
71.452: Total time for which application threads were stopped: 0.0006947 seconds, Stopping threads took: 0.0000301 seconds
71.520: [GC (Allocation Failure)  109733K->677K(450560K), 0.0005267 secs]
71.521: Total time for which application threads were stopped: 0.0006661 seconds, Stopping threads took: 0.0000218 seconds
71.588: [GC (Allocation Failure)  107685K->677K(448512K), 0.0005397 secs]
71.588: Total time for which application threads were stopped: 0.0006666 seconds, Stopping threads took: 0.0000193 seconds
71.655: [GC (Allocation Failure)  105637K->645K(446464K), 0.0004717 secs]
71.655: Total time for which application threads were stopped: 0.0005976 seconds, Stopping threads took: 0.0000268 seconds
71.720: [GC (Allocation Failure)  103557K->677K(444416K), 0.0005247 secs]
71.720: Total time for which application threads were stopped: 0.0006583 seconds, Stopping threads took: 0.0000207 seconds
71.784: [GC (Allocation Failure)  101541K->709K(442368K), 0.0005211 secs]
71.784: Total time for which application threads were stopped: 0.0006405 seconds, Stopping threads took: 0.0000192 seconds
71.848: [GC (Allocation Failure)  99525K->677K(440320K), 0.0005935 secs]
71.849: Total time for which application threads were stopped: 0.0007372 seconds, Stopping threads took: 0.0000215 seconds
71.916: [GC (Allocation Failure)  97445K->677K(438272K), 0.0005152 secs]
71.917: Total time for which application threads were stopped: 0.0006587 seconds, Stopping threads took: 0.0000227 seconds
71.977: [GC (Allocation Failure)  95397K->741K(436736K), 0.0004831 secs]
71.977: Total time for which application threads were stopped: 0.0006026 seconds, Stopping threads took: 0.0000192 seconds
72.036: [GC (Allocation Failure)  93925K->677K(435200K), 0.0005133 secs]
72.036: Total time for which application threads were stopped: 0.0006335 seconds, Stopping threads took: 0.0000195 seconds
72.094: [GC (Allocation Failure)  92325K->709K(433664K), 0.0005285 secs]
72.095: Total time for which application threads were stopped: 0.0006629 seconds, Stopping threads took: 0.0000195 seconds
72.151: [GC (Allocation Failure)  90821K->645K(432128K), 0.0005143 secs]
72.152: Total time for which application threads were stopped: 0.0006634 seconds, Stopping threads took: 0.0000219 seconds
72.213: [GC (Allocation Failure)  89221K->677K(430592K), 0.0005139 secs]
72.214: Total time for which application threads were stopped: 0.0006415 seconds, Stopping threads took: 0.0000276 seconds
72.272: [GC (Allocation Failure)  87717K->677K(429056K), 0.0003954 secs]
72.273: Total time for which application threads were stopped: 0.0005148 seconds, Stopping threads took: 0.0000196 seconds
72.328: [GC (Allocation Failure)  86181K->645K(427520K), 0.0004744 secs]
72.328: Total time for which application threads were stopped: 0.0005958 seconds, Stopping threads took: 0.0000200 seconds
72.386: [GC (Allocation Failure)  84613K->613K(425984K), 0.0005081 secs]
72.387: Total time for which application threads were stopped: 0.0006435 seconds, Stopping threads took: 0.0000270 seconds
72.438: [GC (Allocation Failure)  83045K->645K(424448K), 0.0006027 secs]
72.439: Total time for which application threads were stopped: 0.0007367 seconds, Stopping threads took: 0.0000212 seconds
72.494: [GC (Allocation Failure)  81541K->645K(422912K), 0.0005657 secs]
72.495: Total time for which application threads were stopped: 0.0007153 seconds, Stopping threads took: 0.0000306 seconds
72.545: [GC (Allocation Failure)  80005K->645K(421888K), 0.0005973 secs]
72.545: Total time for which application threads were stopped: 0.0007561 seconds, Stopping threads took: 0.0000302 seconds
72.594: [GC (Allocation Failure)  78981K->613K(420864K), 0.0005820 secs]
72.595: Total time for which application threads were stopped: 0.0007232 seconds, Stopping threads took: 0.0000308 seconds
72.644: [GC (Allocation Failure)  77925K->709K(419840K), 0.0005245 secs]
72.645: Total time for which application threads were stopped: 0.0006354 seconds, Stopping threads took: 0.0000251 seconds
72.693: [GC (Allocation Failure)  76997K->645K(418816K), 0.0004382 secs]
72.693: Total time for which application threads were stopped: 0.0005539 seconds, Stopping threads took: 0.0000173 seconds
72.744: [GC (Allocation Failure)  75909K->677K(417792K), 0.0005100 secs]
72.745: Total time for which application threads were stopped: 0.0006412 seconds, Stopping threads took: 0.0000283 seconds
72.793: [GC (Allocation Failure)  74917K->677K(416768K), 0.0004195 secs]
72.793: Total time for which application threads were stopped: 0.0005624 seconds, Stopping threads took: 0.0000274 seconds
72.844: [GC (Allocation Failure)  73893K->677K(415744K), 0.0005476 secs]
72.845: Total time for which application threads were stopped: 0.0006688 seconds, Stopping threads took: 0.0000190 seconds
72.890: [GC (Allocation Failure)  72869K->645K(414720K), 0.0004833 secs]
72.891: Total time for which application threads were stopped: 0.0006097 seconds, Stopping threads took: 0.0000276 seconds
72.940: [GC (Allocation Failure)  71813K->741K(413696K), 0.0004562 secs]
72.940: Total time for which application threads were stopped: 0.0005724 seconds, Stopping threads took: 0.0000194 seconds
72.984: [GC (Allocation Failure)  70885K->645K(412672K), 0.0004501 secs]
72.985: Total time for which application threads were stopped: 0.0005698 seconds, Stopping threads took: 0.0000166 seconds
73.028: [GC (Allocation Failure)  69765K->613K(411648K), 0.0004861 secs]
73.029: Total time for which application threads were stopped: 0.0006158 seconds, Stopping threads took: 0.0000198 seconds
73.071: [GC (Allocation Failure)  68709K->613K(410624K), 0.0004906 secs]
73.072: Total time for which application threads were stopped: 0.0006292 seconds, Stopping threads took: 0.0000202 seconds
73.114: [GC (Allocation Failure)  67685K->645K(409600K), 0.0004804 secs]
73.115: Total time for which application threads were stopped: 0.0006309 seconds, Stopping threads took: 0.0000296 seconds
73.156: [GC (Allocation Failure)  66693K->645K(408576K), 0.0005370 secs]
73.157: Total time for which application threads were stopped: 0.0006795 seconds, Stopping threads took: 0.0000224 seconds
73.203: [GC (Allocation Failure)  65669K->645K(407552K), 0.0004113 secs]
73.204: Total time for which application threads were stopped: 0.0005176 seconds, Stopping threads took: 0.0000172 seconds
73.244: [GC (Allocation Failure)  64645K->645K(420352K), 0.0007233 secs]
73.245: Total time for which application threads were stopped: 0.0008614 seconds, Stopping threads took: 0.0000267 seconds
73.293: [GC (Allocation Failure)  77445K->613K(435712K), 0.0005213 secs]
73.294: Total time for which application threads were stopped: 0.0006454 seconds, Stopping threads took: 0.0000200 seconds
73.352: [GC (Allocation Failure)  92773K->645K(434176K), 0.0004908 secs]
73.352: Total time for which application threads were stopped: 0.0006322 seconds, Stopping threads took: 0.0000214 seconds
73.415: [GC (Allocation Failure)  91269K->677K(432640K), 0.0007469 secs]
73.415: Total time for which application threads were stopped: 0.0008806 seconds, Stopping threads took: 0.0000209 seconds
73.471: [GC (Allocation Failure)  89765K->677K(431104K), 0.0005290 secs]
73.472: Total time for which application threads were stopped: 0.0006658 seconds, Stopping threads took: 0.0000215 seconds
73.526: [GC (Allocation Failure)  88229K->677K(429568K), 0.0004879 secs]
73.527: Total time for which application threads were stopped: 0.0006367 seconds, Stopping threads took: 0.0000223 seconds
73.585: [GC (Allocation Failure)  86693K->677K(428032K), 0.0005174 secs]
73.585: Total time for which application threads were stopped: 0.0006489 seconds, Stopping threads took: 0.0000224 seconds
73.640: [GC (Allocation Failure)  85157K->709K(426496K), 0.0005594 secs]
73.640: Total time for which application threads were stopped: 0.0006722 seconds, Stopping threads took: 0.0000245 seconds
73.692: [GC (Allocation Failure)  83653K->613K(424960K), 0.0004471 secs]
73.693: Total time for which application threads were stopped: 0.0005811 seconds, Stopping threads took: 0.0000204 seconds
73.744: [GC (Allocation Failure)  82021K->645K(423424K), 0.0004565 secs]
73.745: Total time for which application threads were stopped: 0.0005763 seconds, Stopping threads took: 0.0000171 seconds
73.800: [GC (Allocation Failure)  80517K->645K(422400K), 0.0004166 secs]
73.800: Total time for which application threads were stopped: 0.0005378 seconds, Stopping threads took: 0.0000260 seconds
73.854: [GC (Allocation Failure)  79493K->677K(421376K), 0.0004418 secs]
73.854: Total time for which application threads were stopped: 0.0005759 seconds, Stopping threads took: 0.0000290 seconds
73.910: [GC (Allocation Failure)  78501K->677K(420352K), 0.0004728 secs]
73.911: Total time for which application threads were stopped: 0.0006011 seconds, Stopping threads took: 0.0000276 seconds
73.959: [GC (Allocation Failure)  77477K->645K(419328K), 0.0004757 secs]
73.959: Total time for which application threads were stopped: 0.0006050 seconds, Stopping threads took: 0.0000283 seconds
74.010: [GC (Allocation Failure)  76421K->613K(418304K), 0.0005407 secs]
74.011: Total time for which application threads were stopped: 0.0006683 seconds, Stopping threads took: 0.0000274 seconds
74.058: [GC (Allocation Failure)  75365K->613K(417280K), 0.0007088 secs]
74.059: Total time for which application threads were stopped: 0.0008494 seconds, Stopping threads took: 0.0000206 seconds
74.111: [GC (Allocation Failure)  74341K->677K(416256K), 0.0005181 secs]
74.111: Total time for which application threads were stopped: 0.0006561 seconds, Stopping threads took: 0.0000201 seconds
74.163: [GC (Allocation Failure)  73381K->645K(415232K), 0.0005047 secs]
74.163: Total time for which application threads were stopped: 0.0006518 seconds, Stopping threads took: 0.0000303 seconds
74.208: [GC (Allocation Failure)  72325K->613K(414208K), 0.0004974 secs]
74.209: Total time for which application threads were stopped: 0.0006336 seconds, Stopping threads took: 0.0000283 seconds
74.256: [GC (Allocation Failure)  71269K->741K(413184K), 0.0003505 secs]
74.256: Total time for which application threads were stopped: 0.0004817 seconds, Stopping threads took: 0.0000246 seconds
74.300: [GC (Allocation Failure)  70373K->741K(412160K), 0.0004867 secs]
74.301: Total time for which application threads were stopped: 0.0006056 seconds, Stopping threads took: 0.0000192 seconds
74.344: [GC (Allocation Failure)  69349K->677K(411136K), 0.0005041 secs]
74.345: Total time for which application threads were stopped: 0.0006410 seconds, Stopping threads took: 0.0000211 seconds
74.388: [GC (Allocation Failure)  68261K->645K(410112K), 0.0005226 secs]
74.388: Total time for which application threads were stopped: 0.0006695 seconds, Stopping threads took: 0.0000226 seconds
74.435: [GC (Allocation Failure)  67205K->677K(409088K), 0.0005081 secs]
74.436: Total time for which application threads were stopped: 0.0006283 seconds, Stopping threads took: 0.0000196 seconds
74.477: [GC (Allocation Failure)  66213K->645K(408064K), 0.0005646 secs]
74.478: Total time for which application threads were stopped: 0.0007127 seconds, Stopping threads took: 0.0000296 seconds
74.522: [GC (Allocation Failure)  65157K->677K(407040K), 0.0004701 secs]
74.522: Total time for which application threads were stopped: 0.0005931 seconds, Stopping threads took: 0.0000210 seconds
74.562: [GC (Allocation Failure)  64165K->645K(406016K), 0.0004751 secs]
74.562: Total time for which application threads were stopped: 0.0005953 seconds, Stopping threads took: 0.0000167 seconds
74.602: [GC (Allocation Failure)  63109K->645K(418816K), 0.0005183 secs]
74.602: Total time for which application threads were stopped: 0.0006606 seconds, Stopping threads took: 0.0000196 seconds
74.650: [GC (Allocation Failure)  75909K->677K(417792K), 0.0004475 secs]
74.651: Total time for which application threads were stopped: 0.0005612 seconds, Stopping threads took: 0.0000173 seconds
74.698: [GC (Allocation Failure)  74917K->613K(416768K), 0.0004659 secs]
74.698: Total time for which application threads were stopped: 0.0005801 seconds, Stopping threads took: 0.0000194 seconds
74.750: [GC (Allocation Failure)  73829K->709K(415744K), 0.0005725 secs]
74.751: Total time for which application threads were stopped: 0.0007119 seconds, Stopping threads took: 0.0000294 seconds
74.800: [GC (Allocation Failure)  72901K->613K(414720K), 0.0004838 secs]
74.800: Total time for which application threads were stopped: 0.0006127 seconds, Stopping threads took: 0.0000193 seconds
74.845: [GC (Allocation Failure)  71781K->677K(429056K), 0.0007110 secs]
74.846: Total time for which application threads were stopped: 0.0008367 seconds, Stopping threads took: 0.0000269 seconds
74.899: [GC (Allocation Failure)  86181K->677K(427520K), 0.0005205 secs]
74.900: Total time for which application threads were stopped: 0.0006407 seconds, Stopping threads took: 0.0000203 seconds
74.952: [GC (Allocation Failure)  84645K->741K(425984K), 0.0005577 secs]
74.953: Total time for which application threads were stopped: 0.0006778 seconds, Stopping threads took: 0.0000196 seconds
75.005: [GC (Allocation Failure)  83173K->645K(424448K), 0.0005264 secs]
75.005: Total time for which application threads were stopped: 0.0006669 seconds, Stopping threads took: 0.0000213 seconds
75.056: [GC (Allocation Failure)  81541K->613K(422912K), 0.0005683 secs]
75.056: Total time for which application threads were stopped: 0.0006900 seconds, Stopping threads took: 0.0000200 seconds
75.106: [GC (Allocation Failure)  79973K->677K(421888K), 0.0006495 secs]
75.107: Total time for which application threads were stopped: 0.0007853 seconds, Stopping threads took: 0.0000195 seconds
75.161: [GC (Allocation Failure)  79013K->645K(420864K), 0.0004591 secs]
75.161: Total time for which application threads were stopped: 0.0005799 seconds, Stopping threads took: 0.0000172 seconds
75.210: [GC (Allocation Failure)  77957K->645K(419840K), 0.0005337 secs]
75.210: Total time for which application threads were stopped: 0.0006656 seconds, Stopping threads took: 0.0000209 seconds
75.259: [GC (Allocation Failure)  76933K->741K(418816K), 0.0004097 secs]
75.260: Total time for which application threads were stopped: 0.0005302 seconds, Stopping threads took: 0.0000264 seconds
75.307: [GC (Allocation Failure)  76005K->677K(417792K), 0.0005884 secs]
75.308: Total time for which application threads were stopped: 0.0007099 seconds, Stopping threads took: 0.0000206 seconds
75.360: [GC (Allocation Failure)  74917K->645K(416768K), 0.0007060 secs]
75.361: Total time for which application threads were stopped: 0.0008299 seconds, Stopping threads took: 0.0000261 seconds
75.407: [GC (Allocation Failure)  73861K->613K(431616K), 0.0005869 secs]
75.408: Total time for which application threads were stopped: 0.0007186 seconds, Stopping threads took: 0.0000210 seconds
75.467: [GC (Allocation Failure)  88677K->709K(430080K), 0.0004221 secs]
75.467: Total time for which application threads were stopped: 0.0005321 seconds, Stopping threads took: 0.0000172 seconds
75.527: [GC (Allocation Failure)  87237K->613K(428544K), 0.0004702 secs]
75.528: Total time for which application threads were stopped: 0.0005935 seconds, Stopping threads took: 0.0000275 seconds
75.585: [GC (Allocation Failure)  85605K->645K(427008K), 0.0005068 secs]
75.586: Total time for which application threads were stopped: 0.0006351 seconds, Stopping threads took: 0.0000279 seconds
