Java HotSpot(TM) 64-Bit Server VM (25.171-b11) for linux-amd64 JRE (1.8.0_171-b11), built on Mar 28 2018 17:07:08 by "java_re" with gcc 4.3.0 20080428 (Red Hat 4.3.0-8)
Memory: 4k page, physical 32883000k(29628924k free), swap 8000508k(8000508k free)
CommandLine flags: -XX:InitialHeapSize=526128000 -XX:MaxHeapSize=8418048000 -XX:+PrintGC -XX:+PrintGCApplicationStoppedTime -XX:+PrintGCTimeStamps -XX:+UseCompressedClassPointers -XX:+UseCompressedOops -XX:+UseParallelGC 
0.379: [GC (Allocation Failure)  129024K->2365K(493056K), 0.0019177 secs]
0.381: Total time for which application threads were stopped: 0.0021090 seconds, Stopping threads took: 0.0000202 seconds
0.468: [GC (Allocation Failure)  131389K->576K(493056K), 0.0008645 secs]
0.469: Total time for which application threads were stopped: 0.0009962 seconds, Stopping threads took: 0.0000214 seconds
0.554: [GC (Allocation Failure)  129600K->608K(493056K), 0.0011341 secs]
0.555: Total time for which application threads were stopped: 0.0012496 seconds, Stopping threads took: 0.0000225 seconds
0.641: [GC (Allocation Failure)  129632K->616K(493056K), 0.0008959 secs]
0.642: Total time for which application threads were stopped: 0.0010243 seconds, Stopping threads took: 0.0000300 seconds
0.724: [GC (Allocation Failure)  129640K->592K(470016K), 0.0010341 secs]
0.725: Total time for which application threads were stopped: 0.0011640 seconds, Stopping threads took: 0.0000268 seconds
0.804: [GC (Allocation Failure)  126544K->632K(466944K), 0.0009591 secs]
0.805: Total time for which application threads were stopped: 0.0010861 seconds, Stopping threads took: 0.0000279 seconds
0.887: [GC (Allocation Failure)  123512K->661K(463872K), 0.0009468 secs]
0.888: Total time for which application threads were stopped: 0.0010742 seconds, Stopping threads took: 0.0000211 seconds
0.965: [GC (Allocation Failure)  120981K->597K(461312K), 0.0005269 secs]
0.965: Total time for which application threads were stopped: 0.0006401 seconds, Stopping threads took: 0.0000264 seconds
1.043: [GC (Allocation Failure)  118357K->629K(460800K), 0.0006530 secs]
1.044: Total time for which application threads were stopped: 0.0007655 seconds, Stopping threads took: 0.0000315 seconds
1.119: [GC (Allocation Failure)  115829K->629K(456192K), 0.0005815 secs]
1.120: Total time for which application threads were stopped: 0.0007098 seconds, Stopping threads took: 0.0000321 seconds
1.195: [GC (Allocation Failure)  113269K->597K(485376K), 0.0032865 secs]
1.198: Total time for which application threads were stopped: 0.0034391 seconds, Stopping threads took: 0.0000315 seconds
1.290: [GC (Allocation Failure)  140885K->597K(525312K), 0.0005368 secs]
1.291: Total time for which application threads were stopped: 0.0006557 seconds, Stopping threads took: 0.0000299 seconds
1.413: [GC (Allocation Failure)  180821K->597K(525312K), 0.0006605 secs]
1.414: Total time for which application threads were stopped: 0.0007930 seconds, Stopping threads took: 0.0000268 seconds
1.531: [GC (Allocation Failure)  180821K->629K(518656K), 0.0005426 secs]
1.531: Total time for which application threads were stopped: 0.0006776 seconds, Stopping threads took: 0.0000202 seconds
1.649: [GC (Allocation Failure)  175733K->629K(515584K), 0.0004172 secs]
1.649: Total time for which application threads were stopped: 0.0005325 seconds, Stopping threads took: 0.0000199 seconds
1.761: [GC (Allocation Failure)  171125K->629K(509440K), 0.0004317 secs]
1.761: Total time for which application threads were stopped: 0.0005380 seconds, Stopping threads took: 0.0000170 seconds
1.869: [GC (Allocation Failure)  166517K->629K(506368K), 0.0004718 secs]
1.869: Total time for which application threads were stopped: 0.0005856 seconds, Stopping threads took: 0.0000197 seconds
1.972: [GC (Allocation Failure)  161909K->661K(500736K), 0.0004870 secs]
1.973: Total time for which application threads were stopped: 0.0006055 seconds, Stopping threads took: 0.0000249 seconds
2.072: [GC (Allocation Failure)  157845K->661K(497664K), 0.0006118 secs]
2.073: Total time for which application threads were stopped: 0.0007275 seconds, Stopping threads took: 0.0000198 seconds
2.170: [GC (Allocation Failure)  153749K->661K(492544K), 0.0005054 secs]
2.171: Total time for which application threads were stopped: 0.0006172 seconds, Stopping threads took: 0.0000193 seconds
2.265: [GC (Allocation Failure)  149653K->661K(489984K), 0.0004505 secs]
2.265: Total time for which application threads were stopped: 0.0005648 seconds, Stopping threads took: 0.0000197 seconds
2.358: [GC (Allocation Failure)  146069K->629K(485376K), 0.0005394 secs]
2.359: Total time for which application threads were stopped: 0.0006632 seconds, Stopping threads took: 0.0000276 seconds
2.449: [GC (Allocation Failure)  142453K->661K(482816K), 0.0004906 secs]
2.450: Total time for which application threads were stopped: 0.0006141 seconds, Stopping threads took: 0.0000206 seconds
2.543: [GC (Allocation Failure)  138901K->661K(478720K), 0.0006367 secs]
2.544: Total time for which application threads were stopped: 0.0007590 seconds, Stopping threads took: 0.0000195 seconds
2.630: [GC (Allocation Failure)  135829K->661K(476160K), 0.0005522 secs]
2.630: Total time for which application threads were stopped: 0.0006690 seconds, Stopping threads took: 0.0000201 seconds
2.713: [GC (Allocation Failure)  132757K->661K(472576K), 0.0006739 secs]
2.714: Total time for which application threads were stopped: 0.0007874 seconds, Stopping threads took: 0.0000192 seconds
2.795: [GC (Allocation Failure)  129685K->693K(470016K), 0.0005604 secs]
2.796: Total time for which application threads were stopped: 0.0006757 seconds, Stopping threads took: 0.0000197 seconds
2.875: [GC (Allocation Failure)  126645K->629K(466432K), 0.0004943 secs]
2.876: Total time for which application threads were stopped: 0.0006133 seconds, Stopping threads took: 0.0000327 seconds
2.958: [GC (Allocation Failure)  123509K->629K(464384K), 0.0004496 secs]
2.959: Total time for which application threads were stopped: 0.0005755 seconds, Stopping threads took: 0.0000252 seconds
3.038: [GC (Allocation Failure)  120949K->597K(461312K), 0.0005741 secs]
3.039: Total time for which application threads were stopped: 0.0006903 seconds, Stopping threads took: 0.0000203 seconds
3.115: [GC (Allocation Failure)  118357K->677K(459264K), 0.0004537 secs]
3.115: Total time for which application threads were stopped: 0.0005727 seconds, Stopping threads took: 0.0000202 seconds
3.194: [GC (Allocation Failure)  115877K->709K(456192K), 0.0005030 secs]
3.194: Total time for which application threads were stopped: 0.0006191 seconds, Stopping threads took: 0.0000201 seconds
3.272: [GC (Allocation Failure)  113349K->709K(454144K), 0.0006524 secs]
3.273: Total time for which application threads were stopped: 0.0007612 seconds, Stopping threads took: 0.0000187 seconds
3.342: [GC (Allocation Failure)  110789K->677K(451584K), 0.0007280 secs]
3.343: Total time for which application threads were stopped: 0.0008590 seconds, Stopping threads took: 0.0000212 seconds
3.411: [GC (Allocation Failure)  108709K->645K(449536K), 0.0004750 secs]
3.411: Total time for which application threads were stopped: 0.0006023 seconds, Stopping threads took: 0.0000281 seconds
3.478: [GC (Allocation Failure)  106629K->645K(447488K), 0.0005114 secs]
3.479: Total time for which application threads were stopped: 0.0006597 seconds, Stopping threads took: 0.0000256 seconds
3.547: [GC (Allocation Failure)  104581K->677K(445440K), 0.0005694 secs]
3.547: Total time for which application threads were stopped: 0.0007238 seconds, Stopping threads took: 0.0000287 seconds
3.616: [GC (Allocation Failure)  102565K->645K(443392K), 0.0003896 secs]
3.616: Total time for which application threads were stopped: 0.0005277 seconds, Stopping threads took: 0.0000278 seconds
3.680: [GC (Allocation Failure)  100485K->677K(441344K), 0.0006018 secs]
3.680: Total time for which application threads were stopped: 0.0007417 seconds, Stopping threads took: 0.0000272 seconds
3.745: [GC (Allocation Failure)  98469K->645K(439296K), 0.0005461 secs]
3.746: Total time for which application threads were stopped: 0.0006701 seconds, Stopping threads took: 0.0000274 seconds
3.806: [GC (Allocation Failure)  96389K->613K(437760K), 0.0005924 secs]
3.807: Total time for which application threads were stopped: 0.0007115 seconds, Stopping threads took: 0.0000268 seconds
3.870: [GC (Allocation Failure)  94821K->709K(436224K), 0.0006974 secs]
3.871: Total time for which application threads were stopped: 0.0008288 seconds, Stopping threads took: 0.0000212 seconds
3.935: [GC (Allocation Failure)  93381K->677K(434688K), 0.0006138 secs]
3.936: Total time for which application threads were stopped: 0.0007592 seconds, Stopping threads took: 0.0000265 seconds
4.001: [GC (Allocation Failure)  91813K->645K(433152K), 0.0004410 secs]
4.001: Total time for which application threads were stopped: 0.0005681 seconds, Stopping threads took: 0.0000286 seconds
4.055: Total time for which application threads were stopped: 0.0001111 seconds, Stopping threads took: 0.0000552 seconds
4.062: [GC (Allocation Failure)  90245K->709K(431616K), 0.0005447 secs]
4.063: Total time for which application threads were stopped: 0.0006604 seconds, Stopping threads took: 0.0000138 seconds
4.118: [GC (Allocation Failure)  88773K->645K(430080K), 0.0004268 secs]
4.119: Total time for which application threads were stopped: 0.0005492 seconds, Stopping threads took: 0.0000269 seconds
4.174: [GC (Allocation Failure)  87173K->645K(428544K), 0.0006488 secs]
4.174: Total time for which application threads were stopped: 0.0007825 seconds, Stopping threads took: 0.0000204 seconds
4.228: [GC (Allocation Failure)  85637K->677K(427008K), 0.0004775 secs]
4.228: Total time for which application threads were stopped: 0.0006108 seconds, Stopping threads took: 0.0000291 seconds
4.281: [GC (Allocation Failure)  84133K->677K(425472K), 0.0004915 secs]
4.282: Total time for which application threads were stopped: 0.0006292 seconds, Stopping threads took: 0.0000310 seconds
4.339: [GC (Allocation Failure)  82597K->645K(423936K), 0.0004662 secs]
4.339: Total time for which application threads were stopped: 0.0005888 seconds, Stopping threads took: 0.0000273 seconds
4.390: [GC (Allocation Failure)  81029K->645K(422400K), 0.0004447 secs]
4.391: Total time for which application threads were stopped: 0.0005603 seconds, Stopping threads took: 0.0000188 seconds
4.446: [GC (Allocation Failure)  79493K->581K(421376K), 0.0004645 secs]
4.447: Total time for which application threads were stopped: 0.0005860 seconds, Stopping threads took: 0.0000279 seconds
4.503: [GC (Allocation Failure)  78405K->613K(420352K), 0.0005555 secs]
4.503: Total time for which application threads were stopped: 0.0006698 seconds, Stopping threads took: 0.0000193 seconds
4.552: [GC (Allocation Failure)  77413K->709K(419328K), 0.0005328 secs]
4.552: Total time for which application threads were stopped: 0.0006472 seconds, Stopping threads took: 0.0000191 seconds
4.600: [GC (Allocation Failure)  76485K->645K(418304K), 0.0004163 secs]
4.601: Total time for which application threads were stopped: 0.0005355 seconds, Stopping threads took: 0.0000191 seconds
4.648: [GC (Allocation Failure)  75397K->645K(417280K), 0.0004867 secs]
4.649: Total time for which application threads were stopped: 0.0006051 seconds, Stopping threads took: 0.0000201 seconds
4.696: [GC (Allocation Failure)  74373K->677K(416256K), 0.0006243 secs]
4.696: Total time for which application threads were stopped: 0.0007734 seconds, Stopping threads took: 0.0000297 seconds
4.745: [GC (Allocation Failure)  73381K->677K(415232K), 0.0004748 secs]
4.746: Total time for which application threads were stopped: 0.0006310 seconds, Stopping threads took: 0.0000220 seconds
4.797: [GC (Allocation Failure)  72357K->709K(414208K), 0.0004603 secs]
4.797: Total time for which application threads were stopped: 0.0005839 seconds, Stopping threads took: 0.0000164 seconds
4.842: [GC (Allocation Failure)  71365K->613K(413184K), 0.0007022 secs]
4.843: Total time for which application threads were stopped: 0.0008470 seconds, Stopping threads took: 0.0000223 seconds
4.890: [GC (Allocation Failure)  70245K->677K(412160K), 0.0005225 secs]
4.891: Total time for which application threads were stopped: 0.0006677 seconds, Stopping threads took: 0.0000224 seconds
4.934: [GC (Allocation Failure)  69285K->581K(425984K), 0.0007552 secs]
4.935: Total time for which application threads were stopped: 0.0008899 seconds, Stopping threads took: 0.0000215 seconds
4.988: [GC (Allocation Failure)  83013K->613K(442880K), 0.0006378 secs]
4.989: Total time for which application threads were stopped: 0.0007642 seconds, Stopping threads took: 0.0000285 seconds
5.057: [GC (Allocation Failure)  99941K->645K(440832K), 0.0004741 secs]
5.058: Total time for which application threads were stopped: 0.0005897 seconds, Stopping threads took: 0.0000183 seconds
5.126: [GC (Allocation Failure)  97925K->709K(438784K), 0.0003967 secs]
5.126: Total time for which application threads were stopped: 0.0005261 seconds, Stopping threads took: 0.0000264 seconds
5.186: [GC (Allocation Failure)  95941K->677K(437248K), 0.0004572 secs]
5.186: Total time for which application threads were stopped: 0.0005748 seconds, Stopping threads took: 0.0000192 seconds
5.245: [GC (Allocation Failure)  94373K->709K(435712K), 0.0004712 secs]
5.246: Total time for which application threads were stopped: 0.0005937 seconds, Stopping threads took: 0.0000268 seconds
5.304: [GC (Allocation Failure)  92869K->645K(434176K), 0.0004611 secs]
5.304: Total time for which application threads were stopped: 0.0005831 seconds, Stopping threads took: 0.0000269 seconds
5.367: [GC (Allocation Failure)  91269K->741K(432640K), 0.0004981 secs]
5.368: Total time for which application threads were stopped: 0.0006157 seconds, Stopping threads took: 0.0000188 seconds
5.428: [GC (Allocation Failure)  89829K->677K(431104K), 0.0004663 secs]
5.429: Total time for which application threads were stopped: 0.0005867 seconds, Stopping threads took: 0.0000262 seconds
5.484: [GC (Allocation Failure)  88229K->645K(429568K), 0.0005017 secs]
5.485: Total time for which application threads were stopped: 0.0006245 seconds, Stopping threads took: 0.0000274 seconds
5.544: [GC (Allocation Failure)  86661K->645K(428032K), 0.0005610 secs]
5.545: Total time for which application threads were stopped: 0.0006974 seconds, Stopping threads took: 0.0000271 seconds
5.601: [GC (Allocation Failure)  85125K->645K(426496K), 0.0004127 secs]
5.602: Total time for which application threads were stopped: 0.0005310 seconds, Stopping threads took: 0.0000266 seconds
5.659: [GC (Allocation Failure)  83589K->645K(424960K), 0.0004619 secs]
5.659: Total time for which application threads were stopped: 0.0005709 seconds, Stopping threads took: 0.0000251 seconds
5.711: [GC (Allocation Failure)  82053K->677K(423424K), 0.0005054 secs]
5.711: Total time for which application threads were stopped: 0.0006416 seconds, Stopping threads took: 0.0000398 seconds
5.766: [GC (Allocation Failure)  80549K->645K(422400K), 0.0004294 secs]
5.767: Total time for which application threads were stopped: 0.0005567 seconds, Stopping threads took: 0.0000286 seconds
5.817: [GC (Allocation Failure)  79493K->581K(421376K), 0.0004587 secs]
5.817: Total time for which application threads were stopped: 0.0005705 seconds, Stopping threads took: 0.0000194 seconds
5.866: [GC (Allocation Failure)  78405K->613K(420352K), 0.0004817 secs]
5.867: Total time for which application threads were stopped: 0.0006055 seconds, Stopping threads took: 0.0000273 seconds
5.915: [GC (Allocation Failure)  77413K->677K(419328K), 0.0005988 secs]
5.916: Total time for which application threads were stopped: 0.0007236 seconds, Stopping threads took: 0.0000274 seconds
5.964: [GC (Allocation Failure)  76453K->613K(418304K), 0.0004661 secs]
5.964: Total time for which application threads were stopped: 0.0005952 seconds, Stopping threads took: 0.0000264 seconds
6.012: [GC (Allocation Failure)  75365K->645K(417280K), 0.0006791 secs]
6.013: Total time for which application threads were stopped: 0.0008118 seconds, Stopping threads took: 0.0000197 seconds
6.064: [GC (Allocation Failure)  74373K->677K(416256K), 0.0005615 secs]
6.064: Total time for which application threads were stopped: 0.0007322 seconds, Stopping threads took: 0.0000294 seconds
6.111: [GC (Allocation Failure)  73381K->677K(415232K), 0.0004336 secs]
6.112: Total time for which application threads were stopped: 0.0005605 seconds, Stopping threads took: 0.0000160 seconds
6.160: [GC (Allocation Failure)  72357K->645K(414208K), 0.0004808 secs]
6.161: Total time for which application threads were stopped: 0.0006033 seconds, Stopping threads took: 0.0000251 seconds
6.206: [GC (Allocation Failure)  71301K->677K(413184K), 0.0005053 secs]
6.206: Total time for which application threads were stopped: 0.0006274 seconds, Stopping threads took: 0.0000268 seconds
6.254: [GC (Allocation Failure)  70309K->645K(412160K), 0.0005274 secs]
6.255: Total time for which application threads were stopped: 0.0007070 seconds, Stopping threads took: 0.0000288 seconds
6.298: [GC (Allocation Failure)  69253K->613K(411136K), 0.0006244 secs]
6.299: Total time for which application threads were stopped: 0.0007585 seconds, Stopping threads took: 0.0000298 seconds
6.342: [GC (Allocation Failure)  68197K->677K(410112K), 0.0004387 secs]
6.342: Total time for which application threads were stopped: 0.0005569 seconds, Stopping threads took: 0.0000196 seconds
6.384: [GC (Allocation Failure)  67237K->645K(423424K), 0.0005647 secs]
6.385: Total time for which application threads were stopped: 0.0006883 seconds, Stopping threads took: 0.0000273 seconds
6.439: [GC (Allocation Failure)  80517K->613K(422400K), 0.0005771 secs]
6.440: Total time for which application threads were stopped: 0.0006905 seconds, Stopping threads took: 0.0000198 seconds
6.489: [GC (Allocation Failure)  79461K->677K(421376K), 0.0004304 secs]
6.490: Total time for which application threads were stopped: 0.0005371 seconds, Stopping threads took: 0.0000174 seconds
6.545: [GC (Allocation Failure)  78501K->709K(420352K), 0.0005077 secs]
6.545: Total time for which application threads were stopped: 0.0006222 seconds, Stopping threads took: 0.0000176 seconds
6.594: [GC (Allocation Failure)  77509K->645K(419328K), 0.0004744 secs]
6.594: Total time for which application threads were stopped: 0.0006058 seconds, Stopping threads took: 0.0000291 seconds
6.644: [GC (Allocation Failure)  76421K->741K(418304K), 0.0004584 secs]
6.644: Total time for which application threads were stopped: 0.0005929 seconds, Stopping threads took: 0.0000263 seconds
6.692: [GC (Allocation Failure)  75493K->645K(417280K), 0.0006207 secs]
6.692: Total time for which application threads were stopped: 0.0007488 seconds, Stopping threads took: 0.0000216 seconds
6.739: [GC (Allocation Failure)  74373K->645K(416256K), 0.0004844 secs]
6.740: Total time for which application threads were stopped: 0.0006111 seconds, Stopping threads took: 0.0000269 seconds
6.786: [GC (Allocation Failure)  73349K->677K(415232K), 0.0006490 secs]
6.787: Total time for which application threads were stopped: 0.0007692 seconds, Stopping threads took: 0.0000210 seconds
6.839: [GC (Allocation Failure)  72357K->613K(414208K), 0.0004481 secs]
6.840: Total time for which application threads were stopped: 0.0005613 seconds, Stopping threads took: 0.0000194 seconds
6.889: [GC (Allocation Failure)  71269K->613K(413184K), 0.0004954 secs]
6.889: Total time for which application threads were stopped: 0.0006012 seconds, Stopping threads took: 0.0000166 seconds
6.933: [GC (Allocation Failure)  70245K->645K(412160K), 0.0004879 secs]
6.934: Total time for which application threads were stopped: 0.0006301 seconds, Stopping threads took: 0.0000294 seconds
6.983: [GC (Allocation Failure)  69253K->645K(411136K), 0.0004591 secs]
6.984: Total time for which application threads were stopped: 0.0005862 seconds, Stopping threads took: 0.0000270 seconds
7.030: [GC (Allocation Failure)  68229K->677K(410112K), 0.0006513 secs]
7.030: Total time for which application threads were stopped: 0.0007688 seconds, Stopping threads took: 0.0000192 seconds
7.072: [GC (Allocation Failure)  67237K->613K(409088K), 0.0004951 secs]
7.073: Total time for which application threads were stopped: 0.0006293 seconds, Stopping threads took: 0.0000169 seconds
7.115: [GC (Allocation Failure)  66149K->709K(408064K), 0.0003766 secs]
7.116: Total time for which application threads were stopped: 0.0004943 seconds, Stopping threads took: 0.0000195 seconds
7.162: [GC (Allocation Failure)  65221K->645K(407040K), 0.0004962 secs]
7.162: Total time for which application threads were stopped: 0.0006003 seconds, Stopping threads took: 0.0000168 seconds
7.208: [GC (Allocation Failure)  64133K->741K(406016K), 0.0005216 secs]
7.208: Total time for which application threads were stopped: 0.0006278 seconds, Stopping threads took: 0.0000166 seconds
7.248: [GC (Allocation Failure)  63205K->645K(405504K), 0.0005336 secs]
7.249: Total time for which application threads were stopped: 0.0006614 seconds, Stopping threads took: 0.0000279 seconds
7.288: [GC (Allocation Failure)  62597K->645K(418304K), 0.0004881 secs]
7.288: Total time for which application threads were stopped: 0.0006125 seconds, Stopping threads took: 0.0000190 seconds
7.336: [GC (Allocation Failure)  75397K->645K(417280K), 0.0004675 secs]
7.336: Total time for which application threads were stopped: 0.0005819 seconds, Stopping threads took: 0.0000194 seconds
7.382: [GC (Allocation Failure)  74373K->645K(416256K), 0.0005978 secs]
7.383: Total time for which application threads were stopped: 0.0007138 seconds, Stopping threads took: 0.0000186 seconds
7.429: [GC (Allocation Failure)  73349K->677K(415232K), 0.0004752 secs]
7.430: Total time for which application threads were stopped: 0.0006028 seconds, Stopping threads took: 0.0000280 seconds
7.475: [GC (Allocation Failure)  72357K->645K(414208K), 0.0005153 secs]
7.475: Total time for which application threads were stopped: 0.0006405 seconds, Stopping threads took: 0.0000193 seconds
7.526: [GC (Allocation Failure)  71301K->613K(413184K), 0.0005060 secs]
7.526: Total time for which application threads were stopped: 0.0006175 seconds, Stopping threads took: 0.0000188 seconds
7.571: [GC (Allocation Failure)  70245K->613K(427520K), 0.0006570 secs]
7.571: Total time for which application threads were stopped: 0.0007719 seconds, Stopping threads took: 0.0000193 seconds
7.624: [GC (Allocation Failure)  84581K->677K(444416K), 0.0005928 secs]
7.625: Total time for which application threads were stopped: 0.0007168 seconds, Stopping threads took: 0.0000256 seconds
7.692: [GC (Allocation Failure)  101541K->677K(442368K), 0.0004660 secs]
7.693: Total time for which application threads were stopped: 0.0005860 seconds, Stopping threads took: 0.0000199 seconds
7.755: [GC (Allocation Failure)  99493K->645K(440320K), 0.0005002 secs]
7.755: Total time for which application threads were stopped: 0.0006328 seconds, Stopping threads took: 0.0000190 seconds
7.822: [GC (Allocation Failure)  97413K->645K(438272K), 0.0004639 secs]
7.823: Total time for which application threads were stopped: 0.0005759 seconds, Stopping threads took: 0.0000193 seconds
7.886: [GC (Allocation Failure)  95365K->741K(436736K), 0.0005066 secs]
7.886: Total time for which application threads were stopped: 0.0006226 seconds, Stopping threads took: 0.0000192 seconds
7.945: [GC (Allocation Failure)  93925K->741K(435200K), 0.0004724 secs]
7.945: Total time for which application threads were stopped: 0.0005991 seconds, Stopping threads took: 0.0000272 seconds
8.004: [GC (Allocation Failure)  92389K->645K(433664K), 0.0004139 secs]
8.004: Total time for which application threads were stopped: 0.0005218 seconds, Stopping threads took: 0.0000165 seconds
8.068: [GC (Allocation Failure)  90757K->645K(432128K), 0.0005219 secs]
8.068: Total time for which application threads were stopped: 0.0006655 seconds, Stopping threads took: 0.0000287 seconds
8.128: [GC (Allocation Failure)  89221K->677K(430592K), 0.0005735 secs]
8.129: Total time for which application threads were stopped: 0.0006948 seconds, Stopping threads took: 0.0000259 seconds
8.184: [GC (Allocation Failure)  87717K->645K(429056K), 0.0004402 secs]
8.184: Total time for which application threads were stopped: 0.0005709 seconds, Stopping threads took: 0.0000282 seconds
8.238: [GC (Allocation Failure)  86149K->741K(427520K), 0.0005140 secs]
8.239: Total time for which application threads were stopped: 0.0006449 seconds, Stopping threads took: 0.0000200 seconds
8.292: [GC (Allocation Failure)  84709K->677K(425984K), 0.0004512 secs]
8.292: Total time for which application threads were stopped: 0.0005722 seconds, Stopping threads took: 0.0000205 seconds
8.350: [GC (Allocation Failure)  83109K->645K(424448K), 0.0004823 secs]
8.350: Total time for which application threads were stopped: 0.0006100 seconds, Stopping threads took: 0.0000197 seconds
8.402: [GC (Allocation Failure)  81541K->645K(422912K), 0.0004662 secs]
8.402: Total time for which application threads were stopped: 0.0005904 seconds, Stopping threads took: 0.0000270 seconds
8.453: [GC (Allocation Failure)  80005K->613K(421888K), 0.0005323 secs]
8.453: Total time for which application threads were stopped: 0.0006693 seconds, Stopping threads took: 0.0000278 seconds
8.508: [GC (Allocation Failure)  78949K->645K(420864K), 0.0004823 secs]
8.509: Total time for which application threads were stopped: 0.0006086 seconds, Stopping threads took: 0.0000215 seconds
8.564: [GC (Allocation Failure)  77957K->709K(419840K), 0.0005994 secs]
8.565: Total time for which application threads were stopped: 0.0007262 seconds, Stopping threads took: 0.0000274 seconds
8.613: [GC (Allocation Failure)  76997K->709K(418816K), 0.0004621 secs]
8.614: Total time for which application threads were stopped: 0.0005829 seconds, Stopping threads took: 0.0000264 seconds
8.664: [GC (Allocation Failure)  75973K->677K(417792K), 0.0004587 secs]
8.665: Total time for which application threads were stopped: 0.0005846 seconds, Stopping threads took: 0.0000204 seconds
8.716: [GC (Allocation Failure)  74917K->677K(416768K), 0.0004890 secs]
8.717: Total time for which application threads were stopped: 0.0006408 seconds, Stopping threads took: 0.0000288 seconds
8.764: [GC (Allocation Failure)  73893K->677K(415744K), 0.0005033 secs]
8.764: Total time for which application threads were stopped: 0.0006488 seconds, Stopping threads took: 0.0000244 seconds
8.810: [GC (Allocation Failure)  72869K->677K(414720K), 0.0004751 secs]
8.810: Total time for which application threads were stopped: 0.0006150 seconds, Stopping threads took: 0.0000187 seconds
8.860: [GC (Allocation Failure)  71845K->645K(413696K), 0.0004833 secs]
8.861: Total time for which application threads were stopped: 0.0006180 seconds, Stopping threads took: 0.0000213 seconds
8.912: [GC (Allocation Failure)  70789K->677K(412672K), 0.0005805 secs]
8.912: Total time for which application threads were stopped: 0.0007277 seconds, Stopping threads took: 0.0000289 seconds
8.959: [GC (Allocation Failure)  69797K->677K(426496K), 0.0010465 secs]
8.960: Total time for which application threads were stopped: 0.0011761 seconds, Stopping threads took: 0.0000169 seconds
9.014: [GC (Allocation Failure)  83621K->645K(443392K), 0.0005585 secs]
9.014: Total time for which application threads were stopped: 0.0006784 seconds, Stopping threads took: 0.0000200 seconds
9.080: [GC (Allocation Failure)  100485K->613K(463360K), 0.0005961 secs]
9.081: Total time for which application threads were stopped: 0.0007297 seconds, Stopping threads took: 0.0000285 seconds
9.157: [GC (Allocation Failure)  120421K->613K(460800K), 0.0005792 secs]
9.158: Total time for which application threads were stopped: 0.0006933 seconds, Stopping threads took: 0.0000193 seconds
9.235: [GC (Allocation Failure)  117861K->645K(458240K), 0.0005320 secs]
9.236: Total time for which application threads were stopped: 0.0006524 seconds, Stopping threads took: 0.0000207 seconds
9.308: [GC (Allocation Failure)  115333K->741K(455680K), 0.0004760 secs]
9.309: Total time for which application threads were stopped: 0.0005897 seconds, Stopping threads took: 0.0000186 seconds
9.379: [GC (Allocation Failure)  112869K->613K(453120K), 0.0004976 secs]
9.380: Total time for which application threads were stopped: 0.0006382 seconds, Stopping threads took: 0.0000270 seconds
9.454: [GC (Allocation Failure)  110181K->677K(451072K), 0.0004996 secs]
9.454: Total time for which application threads were stopped: 0.0006424 seconds, Stopping threads took: 0.0000299 seconds
9.522: [GC (Allocation Failure)  108197K->677K(449024K), 0.0006233 secs]
9.523: Total time for which application threads were stopped: 0.0007427 seconds, Stopping threads took: 0.0000195 seconds
9.594: [GC (Allocation Failure)  106149K->613K(446976K), 0.0005903 secs]
9.595: Total time for which application threads were stopped: 0.0007088 seconds, Stopping threads took: 0.0000276 seconds
9.664: [GC (Allocation Failure)  104037K->709K(444928K), 0.0004623 secs]
9.664: Total time for which application threads were stopped: 0.0005902 seconds, Stopping threads took: 0.0000256 seconds
9.728: [GC (Allocation Failure)  102085K->613K(442880K), 0.0004534 secs]
9.729: Total time for which application threads were stopped: 0.0005858 seconds, Stopping threads took: 0.0000297 seconds
9.797: [GC (Allocation Failure)  99941K->613K(440832K), 0.0006005 secs]
9.798: Total time for which application threads were stopped: 0.0007221 seconds, Stopping threads took: 0.0000266 seconds
9.864: [GC (Allocation Failure)  97893K->613K(438784K), 0.0006728 secs]
9.865: Total time for which application threads were stopped: 0.0007995 seconds, Stopping threads took: 0.0000273 seconds
9.929: [GC (Allocation Failure)  95845K->645K(437248K), 0.0005127 secs]
9.929: Total time for which application threads were stopped: 0.0006399 seconds, Stopping threads took: 0.0000269 seconds
9.989: [GC (Allocation Failure)  94341K->709K(435712K), 0.0006418 secs]
9.990: Total time for which application threads were stopped: 0.0007519 seconds, Stopping threads took: 0.0000165 seconds
10.048: [GC (Allocation Failure)  92869K->645K(434176K), 0.0004905 secs]
10.049: Total time for which application threads were stopped: 0.0006412 seconds, Stopping threads took: 0.0000271 seconds
10.112: [GC (Allocation Failure)  91269K->645K(432640K), 0.0003720 secs]
10.112: Total time for which application threads were stopped: 0.0004940 seconds, Stopping threads took: 0.0000257 seconds
10.169: [GC (Allocation Failure)  89733K->645K(431104K), 0.0004491 secs]
10.169: Total time for which application threads were stopped: 0.0005682 seconds, Stopping threads took: 0.0000189 seconds
10.229: [GC (Allocation Failure)  88197K->645K(429568K), 0.0006101 secs]
10.230: Total time for which application threads were stopped: 0.0007551 seconds, Stopping threads took: 0.0000296 seconds
10.284: [GC (Allocation Failure)  86661K->677K(428032K), 0.0005797 secs]
10.285: Total time for which application threads were stopped: 0.0007242 seconds, Stopping threads took: 0.0000228 seconds
10.338: [GC (Allocation Failure)  85157K->613K(426496K), 0.0005278 secs]
10.339: Total time for which application threads were stopped: 0.0006794 seconds, Stopping threads took: 0.0000233 seconds
10.397: [GC (Allocation Failure)  83557K->645K(424960K), 0.0005674 secs]
10.398: Total time for which application threads were stopped: 0.0006968 seconds, Stopping threads took: 0.0000219 seconds
10.453: [GC (Allocation Failure)  82053K->677K(423424K), 0.0004951 secs]
10.454: Total time for which application threads were stopped: 0.0006291 seconds, Stopping threads took: 0.0000214 seconds
10.504: [GC (Allocation Failure)  80549K->709K(422400K), 0.0004996 secs]
10.505: Total time for which application threads were stopped: 0.0006333 seconds, Stopping threads took: 0.0000206 seconds
10.558: [GC (Allocation Failure)  79557K->677K(421376K), 0.0006546 secs]
10.559: Total time for which application threads were stopped: 0.0007989 seconds, Stopping threads took: 0.0000217 seconds
10.608: [GC (Allocation Failure)  78501K->709K(420352K), 0.0004447 secs]
10.609: Total time for which application threads were stopped: 0.0005619 seconds, Stopping threads took: 0.0000262 seconds
10.657: [GC (Allocation Failure)  77509K->677K(419328K), 0.0005035 secs]
10.658: Total time for which application threads were stopped: 0.0006409 seconds, Stopping threads took: 0.0000262 seconds
10.705: [GC (Allocation Failure)  76453K->645K(418304K), 0.0005340 secs]
10.706: Total time for which application threads were stopped: 0.0006797 seconds, Stopping threads took: 0.0000221 seconds
10.753: [GC (Allocation Failure)  75397K->645K(417280K), 0.0004676 secs]
10.753: Total time for which application threads were stopped: 0.0005947 seconds, Stopping threads took: 0.0000275 seconds
10.800: [GC (Allocation Failure)  74373K->645K(416256K), 0.0005889 secs]
10.801: Total time for which application threads were stopped: 0.0007223 seconds, Stopping threads took: 0.0000190 seconds
10.852: [GC (Allocation Failure)  73349K->677K(415232K), 0.0004540 secs]
10.852: Total time for which application threads were stopped: 0.0005784 seconds, Stopping threads took: 0.0000276 seconds
10.898: [GC (Allocation Failure)  72357K->645K(414208K), 0.0004580 secs]
10.898: Total time for which application threads were stopped: 0.0005871 seconds, Stopping threads took: 0.0000277 seconds
10.947: [GC (Allocation Failure)  71301K->613K(413184K), 0.0004897 secs]
10.948: Total time for which application threads were stopped: 0.0006269 seconds, Stopping threads took: 0.0000192 seconds
10.996: [GC (Allocation Failure)  70245K->645K(412160K), 0.0004930 secs]
10.997: Total time for which application threads were stopped: 0.0006375 seconds, Stopping threads took: 0.0000276 seconds
11.040: [GC (Allocation Failure)  69253K->613K(411136K), 0.0005019 secs]
11.040: Total time for which application threads were stopped: 0.0006392 seconds, Stopping threads took: 0.0000219 seconds
11.087: [GC (Allocation Failure)  68197K->677K(410112K), 0.0005403 secs]
11.088: Total time for which application threads were stopped: 0.0006749 seconds, Stopping threads took: 0.0000192 seconds
11.132: [GC (Allocation Failure)  67237K->645K(409088K), 0.0004299 secs]
11.132: Total time for which application threads were stopped: 0.0005625 seconds, Stopping threads took: 0.0000281 seconds
11.180: [GC (Allocation Failure)  66181K->709K(408064K), 0.0006790 secs]
11.181: Total time for which application threads were stopped: 0.0008076 seconds, Stopping threads took: 0.0000170 seconds
11.228: [GC (Allocation Failure)  65221K->645K(407040K), 0.0004895 secs]
11.228: Total time for which application threads were stopped: 0.0006225 seconds, Stopping threads took: 0.0000291 seconds
11.268: [GC (Allocation Failure)  64133K->645K(406016K), 0.0004778 secs]
11.269: Total time for which application threads were stopped: 0.0005982 seconds, Stopping threads took: 0.0000186 seconds
11.312: [GC (Allocation Failure)  63109K->709K(405504K), 0.0005325 secs]
11.313: Total time for which application threads were stopped: 0.0006519 seconds, Stopping threads took: 0.0000197 seconds
11.355: [GC (Allocation Failure)  62661K->709K(404992K), 0.0005084 secs]
11.356: Total time for which application threads were stopped: 0.0006276 seconds, Stopping threads took: 0.0000192 seconds
11.398: [GC (Allocation Failure)  62149K->645K(417280K), 0.0006764 secs]
11.399: Total time for which application threads were stopped: 0.0008106 seconds, Stopping threads took: 0.0000209 seconds
11.446: [GC (Allocation Failure)  74373K->677K(432128K), 0.0005570 secs]
11.446: Total time for which application threads were stopped: 0.0006995 seconds, Stopping threads took: 0.0000288 seconds
11.502: [GC (Allocation Failure)  89253K->677K(430592K), 0.0005142 secs]
11.502: Total time for which application threads were stopped: 0.0006517 seconds, Stopping threads took: 0.0000218 seconds
11.557: [GC (Allocation Failure)  87717K->677K(429056K), 0.0005339 secs]
11.558: Total time for which application threads were stopped: 0.0006739 seconds, Stopping threads took: 0.0000225 seconds
11.612: [GC (Allocation Failure)  86181K->645K(427520K), 0.0004012 secs]
11.613: Total time for which application threads were stopped: 0.0005220 seconds, Stopping threads took: 0.0000268 seconds
11.666: [GC (Allocation Failure)  84613K->645K(425984K), 0.0005621 secs]
11.666: Total time for which application threads were stopped: 0.0007095 seconds, Stopping threads took: 0.0000247 seconds
11.724: [GC (Allocation Failure)  83077K->677K(424448K), 0.0004360 secs]
11.725: Total time for which application threads were stopped: 0.0005683 seconds, Stopping threads took: 0.0000292 seconds
11.776: [GC (Allocation Failure)  81573K->677K(422912K), 0.0005730 secs]
11.776: Total time for which application threads were stopped: 0.0007014 seconds, Stopping threads took: 0.0000280 seconds
11.826: [GC (Allocation Failure)  80037K->677K(421888K), 0.0007538 secs]
11.827: Total time for which application threads were stopped: 0.0008918 seconds, Stopping threads took: 0.0000202 seconds
11.877: [GC (Allocation Failure)  79013K->677K(437760K), 0.0006301 secs]
11.877: Total time for which application threads were stopped: 0.0007775 seconds, Stopping threads took: 0.0000265 seconds
11.940: [GC (Allocation Failure)  94885K->677K(436224K), 0.0004895 secs]
11.941: Total time for which application threads were stopped: 0.0006137 seconds, Stopping threads took: 0.0000194 seconds
12.000: [GC (Allocation Failure)  93349K->709K(434688K), 0.0004787 secs]
12.000: Total time for which application threads were stopped: 0.0005999 seconds, Stopping threads took: 0.0000197 seconds
12.058: [GC (Allocation Failure)  91845K->709K(433152K), 0.0004631 secs]
12.058: Total time for which application threads were stopped: 0.0005828 seconds, Stopping threads took: 0.0000192 seconds
12.115: [GC (Allocation Failure)  90309K->645K(431616K), 0.0005145 secs]
12.115: Total time for which application threads were stopped: 0.0006368 seconds, Stopping threads took: 0.0000271 seconds
12.171: [GC (Allocation Failure)  88709K->709K(430080K), 0.0005901 secs]
12.171: Total time for which application threads were stopped: 0.0007011 seconds, Stopping threads took: 0.0000243 seconds
12.226: [GC (Allocation Failure)  87237K->645K(428544K), 0.0004581 secs]
12.226: Total time for which application threads were stopped: 0.0005651 seconds, Stopping threads took: 0.0000167 seconds
12.280: [GC (Allocation Failure)  85637K->677K(427008K), 0.0005085 secs]
12.281: Total time for which application threads were stopped: 0.0006358 seconds, Stopping threads took: 0.0000199 seconds
12.334: [GC (Allocation Failure)  84133K->645K(425472K), 0.0005722 secs]
12.334: Total time for which application threads were stopped: 0.0007175 seconds, Stopping threads took: 0.0000213 seconds
12.390: [GC (Allocation Failure)  82565K->613K(423936K), 0.0005389 secs]
12.391: Total time for which application threads were stopped: 0.0006589 seconds, Stopping threads took: 0.0000195 seconds
12.446: [GC (Allocation Failure)  80997K->677K(422400K), 0.0004870 secs]
12.447: Total time for which application threads were stopped: 0.0006049 seconds, Stopping threads took: 0.0000200 seconds
12.502: [GC (Allocation Failure)  79525K->677K(421376K), 0.0006145 secs]
12.503: Total time for which application threads were stopped: 0.0007277 seconds, Stopping threads took: 0.0000186 seconds
12.552: [GC (Allocation Failure)  78501K->645K(420352K), 0.0004547 secs]
12.552: Total time for which application threads were stopped: 0.0005727 seconds, Stopping threads took: 0.0000192 seconds
12.605: [GC (Allocation Failure)  77445K->741K(419328K), 0.0004395 secs]
12.605: Total time for which application threads were stopped: 0.0005592 seconds, Stopping threads took: 0.0000255 seconds
12.653: [GC (Allocation Failure)  76517K->645K(418304K), 0.0004372 secs]
12.654: Total time for which application threads were stopped: 0.0005498 seconds, Stopping threads took: 0.0000255 seconds
12.701: [GC (Allocation Failure)  75397K->677K(417280K), 0.0006344 secs]
12.702: Total time for which application threads were stopped: 0.0007822 seconds, Stopping threads took: 0.0000210 seconds
12.754: [GC (Allocation Failure)  74405K->645K(416256K), 0.0004793 secs]
12.755: Total time for which application threads were stopped: 0.0006191 seconds, Stopping threads took: 0.0000298 seconds
12.806: [GC (Allocation Failure)  73349K->645K(415232K), 0.0005163 secs]
12.806: Total time for which application threads were stopped: 0.0006692 seconds, Stopping threads took: 0.0000277 seconds
12.851: [GC (Allocation Failure)  72325K->645K(414208K), 0.0005299 secs]
12.852: Total time for which application threads were stopped: 0.0006490 seconds, Stopping threads took: 0.0000197 seconds
12.902: [GC (Allocation Failure)  71301K->677K(413184K), 0.0004440 secs]
12.903: Total time for which application threads were stopped: 0.0005650 seconds, Stopping threads took: 0.0000195 seconds
12.953: [GC (Allocation Failure)  70309K->645K(412160K), 0.0005152 secs]
12.954: Total time for which application threads were stopped: 0.0006511 seconds, Stopping threads took: 0.0000208 seconds
13.003: [GC (Allocation Failure)  69253K->677K(411136K), 0.0005288 secs]
13.004: Total time for which application threads were stopped: 0.0006715 seconds, Stopping threads took: 0.0000220 seconds
13.046: [GC (Allocation Failure)  68261K->677K(410112K), 0.0005347 secs]
13.047: Total time for which application threads were stopped: 0.0006900 seconds, Stopping threads took: 0.0000303 seconds
13.089: [GC (Allocation Failure)  67237K->709K(409088K), 0.0006225 secs]
13.089: Total time for which application threads were stopped: 0.0007618 seconds, Stopping threads took: 0.0000221 seconds
13.131: [GC (Allocation Failure)  66245K->645K(408064K), 0.0005021 secs]
13.132: Total time for which application threads were stopped: 0.0006269 seconds, Stopping threads took: 0.0000161 seconds
13.178: [GC (Allocation Failure)  65157K->709K(421376K), 0.0006053 secs]
13.179: Total time for which application threads were stopped: 0.0007255 seconds, Stopping threads took: 0.0000194 seconds
13.228: [GC (Allocation Failure)  78533K->677K(420352K), 0.0004774 secs]
13.229: Total time for which application threads were stopped: 0.0006248 seconds, Stopping threads took: 0.0000297 seconds
13.277: [GC (Allocation Failure)  77477K->677K(435712K), 0.0007341 secs]
13.278: Total time for which application threads were stopped: 0.0008816 seconds, Stopping threads took: 0.0000307 seconds
13.336: [GC (Allocation Failure)  92837K->709K(434176K), 0.0004673 secs]
13.336: Total time for which application threads were stopped: 0.0005928 seconds, Stopping threads took: 0.0000214 seconds
13.399: [GC (Allocation Failure)  91333K->709K(432640K), 0.0004906 secs]
13.400: Total time for which application threads were stopped: 0.0006195 seconds, Stopping threads took: 0.0000275 seconds
13.462: [GC (Allocation Failure)  89797K->677K(431104K), 0.0004621 secs]
13.462: Total time for which application threads were stopped: 0.0005856 seconds, Stopping threads took: 0.0000268 seconds
13.517: [GC (Allocation Failure)  88229K->645K(429568K), 0.0005308 secs]
13.518: Total time for which application threads were stopped: 0.0006508 seconds, Stopping threads took: 0.0000193 seconds
13.572: [GC (Allocation Failure)  86661K->613K(428032K), 0.0005385 secs]
13.572: Total time for which application threads were stopped: 0.0006746 seconds, Stopping threads took: 0.0000266 seconds
13.626: [GC (Allocation Failure)  85093K->677K(426496K), 0.0005257 secs]
13.626: Total time for which application threads were stopped: 0.0006674 seconds, Stopping threads took: 0.0000262 seconds
13.683: [GC (Allocation Failure)  83621K->645K(424960K), 0.0004618 secs]
13.684: Total time for which application threads were stopped: 0.0005851 seconds, Stopping threads took: 0.0000270 seconds
13.741: [GC (Allocation Failure)  82053K->613K(423424K), 0.0006099 secs]
13.741: Total time for which application threads were stopped: 0.0007305 seconds, Stopping threads took: 0.0000191 seconds
13.796: [GC (Allocation Failure)  80485K->613K(422400K), 0.0004634 secs]
13.797: Total time for which application threads were stopped: 0.0005965 seconds, Stopping threads took: 0.0000286 seconds
13.846: [GC (Allocation Failure)  79461K->677K(421376K), 0.0004761 secs]
13.847: Total time for which application threads were stopped: 0.0006156 seconds, Stopping threads took: 0.0000275 seconds
13.903: [GC (Allocation Failure)  78501K->645K(420352K), 0.0004987 secs]
13.904: Total time for which application threads were stopped: 0.0006236 seconds, Stopping threads took: 0.0000274 seconds
13.955: [GC (Allocation Failure)  77445K->613K(419328K), 0.0005180 secs]
13.956: Total time for which application threads were stopped: 0.0006330 seconds, Stopping threads took: 0.0000171 seconds
14.006: [GC (Allocation Failure)  76389K->709K(418304K), 0.0004513 secs]
14.006: Total time for which application threads were stopped: 0.0005717 seconds, Stopping threads took: 0.0000188 seconds
14.053: [GC (Allocation Failure)  75461K->677K(417280K), 0.0006265 secs]
14.054: Total time for which application threads were stopped: 0.0007493 seconds, Stopping threads took: 0.0000198 seconds
14.101: [GC (Allocation Failure)  74405K->677K(416256K), 0.0004674 secs]
14.101: Total time for which application threads were stopped: 0.0005867 seconds, Stopping threads took: 0.0000193 seconds
14.147: [GC (Allocation Failure)  73381K->677K(415232K), 0.0004699 secs]
14.148: Total time for which application threads were stopped: 0.0006046 seconds, Stopping threads took: 0.0000270 seconds
14.197: [GC (Allocation Failure)  72357K->709K(414208K), 0.0005195 secs]
14.197: Total time for which application threads were stopped: 0.0006324 seconds, Stopping threads took: 0.0000185 seconds
14.242: [GC (Allocation Failure)  71365K->645K(413184K), 0.0004201 secs]
14.242: Total time for which application threads were stopped: 0.0005289 seconds, Stopping threads took: 0.0000173 seconds
14.286: [GC (Allocation Failure)  70277K->645K(412160K), 0.0004761 secs]
14.287: Total time for which application threads were stopped: 0.0005843 seconds, Stopping threads took: 0.0000174 seconds
14.330: [GC (Allocation Failure)  69253K->645K(411136K), 0.0004780 secs]
14.330: Total time for which application threads were stopped: 0.0006065 seconds, Stopping threads took: 0.0000278 seconds
14.378: [GC (Allocation Failure)  68229K->645K(410112K), 0.0004074 secs]
14.378: Total time for which application threads were stopped: 0.0005162 seconds, Stopping threads took: 0.0000171 seconds
14.420: [GC (Allocation Failure)  67205K->613K(409088K), 0.0005010 secs]
14.420: Total time for which application threads were stopped: 0.0005964 seconds, Stopping threads took: 0.0000174 seconds
14.462: [GC (Allocation Failure)  66149K->645K(408064K), 0.0005668 secs]
14.463: Total time for which application threads were stopped: 0.0007089 seconds, Stopping threads took: 0.0000279 seconds
14.504: [GC (Allocation Failure)  65157K->677K(407040K), 0.0004784 secs]
14.504: Total time for which application threads were stopped: 0.0006039 seconds, Stopping threads took: 0.0000211 seconds
14.544: [GC (Allocation Failure)  64165K->677K(406016K), 0.0004801 secs]
14.545: Total time for which application threads were stopped: 0.0006067 seconds, Stopping threads took: 0.0000266 seconds
14.584: [GC (Allocation Failure)  63141K->709K(405504K), 0.0004770 secs]
14.585: Total time for which application threads were stopped: 0.0005972 seconds, Stopping threads took: 0.0000192 seconds
14.624: [GC (Allocation Failure)  62661K->645K(404992K), 0.0004513 secs]
14.625: Total time for which application threads were stopped: 0.0005732 seconds, Stopping threads took: 0.0000275 seconds
14.667: [GC (Allocation Failure)  62085K->613K(417280K), 0.0005432 secs]
14.668: Total time for which application threads were stopped: 0.0006720 seconds, Stopping threads took: 0.0000150 seconds
14.715: [GC (Allocation Failure)  74341K->645K(416256K), 0.0004545 secs]
14.715: Total time for which application threads were stopped: 0.0005755 seconds, Stopping threads took: 0.0000206 seconds
14.761: [GC (Allocation Failure)  73349K->677K(415232K), 0.0004799 secs]
14.762: Total time for which application threads were stopped: 0.0005982 seconds, Stopping threads took: 0.0000194 seconds
14.807: [GC (Allocation Failure)  72357K->677K(414208K), 0.0004747 secs]
14.808: Total time for which application threads were stopped: 0.0005985 seconds, Stopping threads took: 0.0000193 seconds
14.853: [GC (Allocation Failure)  71333K->613K(428544K), 0.0006696 secs]
14.853: Total time for which application threads were stopped: 0.0008066 seconds, Stopping threads took: 0.0000290 seconds
14.907: [GC (Allocation Failure)  85605K->709K(427008K), 0.0004822 secs]
14.908: Total time for which application threads were stopped: 0.0006111 seconds, Stopping threads took: 0.0000210 seconds
14.964: [GC (Allocation Failure)  84165K->645K(425472K), 0.0005992 secs]
14.965: Total time for which application threads were stopped: 0.0007458 seconds, Stopping threads took: 0.0000218 seconds
15.018: [GC (Allocation Failure)  82565K->613K(423936K), 0.0005259 secs]
15.018: Total time for which application threads were stopped: 0.0006450 seconds, Stopping threads took: 0.0000195 seconds
15.076: [GC (Allocation Failure)  80997K->645K(422400K), 0.0004586 secs]
15.076: Total time for which application threads were stopped: 0.0005839 seconds, Stopping threads took: 0.0000204 seconds
15.127: [GC (Allocation Failure)  79493K->645K(421376K), 0.0005103 secs]
15.127: Total time for which application threads were stopped: 0.0006466 seconds, Stopping threads took: 0.0000266 seconds
15.177: [GC (Allocation Failure)  78469K->709K(420352K), 0.0004892 secs]
15.177: Total time for which application threads were stopped: 0.0006280 seconds, Stopping threads took: 0.0000261 seconds
15.226: [GC (Allocation Failure)  77509K->677K(419328K), 0.0007338 secs]
15.227: Total time for which application threads were stopped: 0.0008821 seconds, Stopping threads took: 0.0000299 seconds
15.279: [GC (Allocation Failure)  76453K->709K(418304K), 0.0004858 secs]
15.280: Total time for which application threads were stopped: 0.0006211 seconds, Stopping threads took: 0.0000227 seconds
15.326: [GC (Allocation Failure)  75461K->677K(417280K), 0.0005493 secs]
15.327: Total time for which application threads were stopped: 0.0006754 seconds, Stopping threads took: 0.0000190 seconds
15.381: [GC (Allocation Failure)  74405K->677K(416256K), 0.0005180 secs]
15.381: Total time for which application threads were stopped: 0.0006565 seconds, Stopping threads took: 0.0000290 seconds
15.427: [GC (Allocation Failure)  73381K->741K(415232K), 0.0005253 secs]
15.428: Total time for which application threads were stopped: 0.0006665 seconds, Stopping threads took: 0.0000213 seconds
15.473: [GC (Allocation Failure)  72421K->709K(414208K), 0.0005356 secs]
15.473: Total time for which application threads were stopped: 0.0006635 seconds, Stopping threads took: 0.0000219 seconds
15.518: [GC (Allocation Failure)  71365K->645K(413184K), 0.0005599 secs]
15.519: Total time for which application threads were stopped: 0.0007076 seconds, Stopping threads took: 0.0000223 seconds
15.563: [GC (Allocation Failure)  70277K->645K(427520K), 0.0011172 secs]
15.564: Total time for which application threads were stopped: 0.0012429 seconds, Stopping threads took: 0.0000211 seconds
15.617: [GC (Allocation Failure)  84613K->709K(444416K), 0.0005086 secs]
15.617: Total time for which application threads were stopped: 0.0006425 seconds, Stopping threads took: 0.0000274 seconds
15.683: [GC (Allocation Failure)  101573K->677K(464896K), 0.0005707 secs]
15.683: Total time for which application threads were stopped: 0.0007029 seconds, Stopping threads took: 0.0000278 seconds
15.766: [GC (Allocation Failure)  122021K->645K(462336K), 0.0004976 secs]
15.766: Total time for which application threads were stopped: 0.0006341 seconds, Stopping threads took: 0.0000206 seconds
15.841: [GC (Allocation Failure)  119429K->709K(459776K), 0.0004975 secs]
15.842: Total time for which application threads were stopped: 0.0006425 seconds, Stopping threads took: 0.0000195 seconds
15.920: [GC (Allocation Failure)  116933K->645K(457216K), 0.0006422 secs]
15.921: Total time for which application threads were stopped: 0.0007662 seconds, Stopping threads took: 0.0000208 seconds
15.993: [GC (Allocation Failure)  114309K->613K(454656K), 0.0005046 secs]
15.993: Total time for which application threads were stopped: 0.0006231 seconds, Stopping threads took: 0.0000192 seconds
16.067: [GC (Allocation Failure)  111717K->677K(452096K), 0.0004826 secs]
16.067: Total time for which application threads were stopped: 0.0005990 seconds, Stopping threads took: 0.0000192 seconds
16.136: [GC (Allocation Failure)  109221K->645K(450048K), 0.0005295 secs]
16.136: Total time for which application threads were stopped: 0.0006499 seconds, Stopping threads took: 0.0000191 seconds
16.203: [GC (Allocation Failure)  107141K->677K(448000K), 0.0005723 secs]
16.204: Total time for which application threads were stopped: 0.0006973 seconds, Stopping threads took: 0.0000257 seconds
16.273: [GC (Allocation Failure)  105125K->709K(445952K), 0.0005115 secs]
16.274: Total time for which application threads were stopped: 0.0006214 seconds, Stopping threads took: 0.0000171 seconds
16.338: [GC (Allocation Failure)  103109K->677K(443904K), 0.0005646 secs]
16.339: Total time for which application threads were stopped: 0.0007061 seconds, Stopping threads took: 0.0000274 seconds
16.402: [GC (Allocation Failure)  101029K->709K(441856K), 0.0004956 secs]
16.403: Total time for which application threads were stopped: 0.0006296 seconds, Stopping threads took: 0.0000194 seconds
16.471: [GC (Allocation Failure)  99013K->677K(439808K), 0.0004715 secs]
16.472: Total time for which application threads were stopped: 0.0006220 seconds, Stopping threads took: 0.0000293 seconds
16.532: [GC (Allocation Failure)  96933K->645K(437760K), 0.0005746 secs]
16.533: Total time for which application threads were stopped: 0.0007135 seconds, Stopping threads took: 0.0000195 seconds
16.593: [GC (Allocation Failure)  94853K->645K(436224K), 0.0005532 secs]
16.593: Total time for which application threads were stopped: 0.0006897 seconds, Stopping threads took: 0.0000216 seconds
16.658: [GC (Allocation Failure)  93317K->677K(434688K), 0.0004717 secs]
16.658: Total time for which application threads were stopped: 0.0005948 seconds, Stopping threads took: 0.0000211 seconds
16.720: [GC (Allocation Failure)  91813K->645K(433152K), 0.0004720 secs]
16.721: Total time for which application threads were stopped: 0.0005945 seconds, Stopping threads took: 0.0000195 seconds
16.777: [GC (Allocation Failure)  90245K->677K(431616K), 0.0004982 secs]
16.778: Total time for which application threads were stopped: 0.0006267 seconds, Stopping threads took: 0.0000271 seconds
16.833: [GC (Allocation Failure)  88741K->677K(430080K), 0.0005007 secs]
16.834: Total time for which application threads were stopped: 0.0006392 seconds, Stopping threads took: 0.0000205 seconds
16.888: [GC (Allocation Failure)  87205K->677K(428544K), 0.0005600 secs]
16.889: Total time for which application threads were stopped: 0.0006809 seconds, Stopping threads took: 0.0000195 seconds
16.942: [GC (Allocation Failure)  85669K->677K(427008K), 0.0005439 secs]
16.943: Total time for which application threads were stopped: 0.0006901 seconds, Stopping threads took: 0.0000202 seconds
16.996: [GC (Allocation Failure)  84133K->677K(425472K), 0.0004344 secs]
16.997: Total time for which application threads were stopped: 0.0005470 seconds, Stopping threads took: 0.0000198 seconds
17.053: [GC (Allocation Failure)  82597K->709K(423936K), 0.0004820 secs]
17.054: Total time for which application threads were stopped: 0.0006014 seconds, Stopping threads took: 0.0000198 seconds
17.104: [GC (Allocation Failure)  81093K->677K(422400K), 0.0004946 secs]
17.105: Total time for which application threads were stopped: 0.0006184 seconds, Stopping threads took: 0.0000259 seconds
17.161: [GC (Allocation Failure)  79525K->677K(421376K), 0.0005948 secs]
17.162: Total time for which application threads were stopped: 0.0007299 seconds, Stopping threads took: 0.0000268 seconds
17.210: [GC (Allocation Failure)  78501K->645K(420352K), 0.0005974 secs]
17.211: Total time for which application threads were stopped: 0.0007714 seconds, Stopping threads took: 0.0000295 seconds
17.259: [GC (Allocation Failure)  77445K->677K(419328K), 0.0004808 secs]
17.260: Total time for which application threads were stopped: 0.0006135 seconds, Stopping threads took: 0.0000200 seconds
17.308: [GC (Allocation Failure)  76453K->613K(418304K), 0.0005100 secs]
17.308: Total time for which application threads were stopped: 0.0006376 seconds, Stopping threads took: 0.0000211 seconds
17.362: [GC (Allocation Failure)  75365K->645K(417280K), 0.0004783 secs]
17.362: Total time for which application threads were stopped: 0.0006044 seconds, Stopping threads took: 0.0000273 seconds
17.414: [GC (Allocation Failure)  74373K->677K(416256K), 0.0004309 secs]
17.414: Total time for which application threads were stopped: 0.0005456 seconds, Stopping threads took: 0.0000193 seconds
17.465: [GC (Allocation Failure)  73381K->645K(415232K), 0.0006086 secs]
17.465: Total time for which application threads were stopped: 0.0007248 seconds, Stopping threads took: 0.0000171 seconds
17.516: [GC (Allocation Failure)  72325K->613K(414208K), 0.0006675 secs]
17.516: Total time for which application threads were stopped: 0.0007952 seconds, Stopping threads took: 0.0000194 seconds
17.565: [GC (Allocation Failure)  71269K->741K(413184K), 0.0005332 secs]
17.566: Total time for which application threads were stopped: 0.0006824 seconds, Stopping threads took: 0.0000223 seconds
17.613: [GC (Allocation Failure)  70373K->709K(412160K), 0.0003872 secs]
17.613: Total time for which application threads were stopped: 0.0005170 seconds, Stopping threads took: 0.0000255 seconds
17.662: [GC (Allocation Failure)  69317K->709K(411136K), 0.0005427 secs]
17.662: Total time for which application threads were stopped: 0.0006784 seconds, Stopping threads took: 0.0000210 seconds
17.708: [GC (Allocation Failure)  68293K->645K(410112K), 0.0005196 secs]
17.709: Total time for which application threads were stopped: 0.0006657 seconds, Stopping threads took: 0.0000217 seconds
17.756: [GC (Allocation Failure)  67205K->677K(409088K), 0.0004540 secs]
17.757: Total time for which application threads were stopped: 0.0005768 seconds, Stopping threads took: 0.0000265 seconds
17.798: [GC (Allocation Failure)  66213K->645K(408064K), 0.0005201 secs]
17.799: Total time for which application threads were stopped: 0.0006548 seconds, Stopping threads took: 0.0000215 seconds
17.844: [GC (Allocation Failure)  65157K->741K(407040K), 0.0005039 secs]
17.845: Total time for which application threads were stopped: 0.0006326 seconds, Stopping threads took: 0.0000215 seconds
17.891: [GC (Allocation Failure)  64229K->645K(406016K), 0.0005071 secs]
17.892: Total time for which application threads were stopped: 0.0006443 seconds, Stopping threads took: 0.0000195 seconds
17.931: [GC (Allocation Failure)  63109K->709K(405504K), 0.0004770 secs]
17.932: Total time for which application threads were stopped: 0.0006126 seconds, Stopping threads took: 0.0000298 seconds
17.976: [GC (Allocation Failure)  62661K->709K(404992K), 0.0004669 secs]
17.977: Total time for which application threads were stopped: 0.0005694 seconds, Stopping threads took: 0.0000146 seconds
18.016: [GC (Allocation Failure)  62149K->677K(404480K), 0.0003891 secs]
18.016: Total time for which application threads were stopped: 0.0004994 seconds, Stopping threads took: 0.0000183 seconds
18.060: [GC (Allocation Failure)  61605K->677K(403968K), 0.0004963 secs]
18.061: Total time for which application threads were stopped: 0.0006316 seconds, Stopping threads took: 0.0000276 seconds
18.099: [GC (Allocation Failure)  61093K->645K(416256K), 0.0005852 secs]
18.099: Total time for which application threads were stopped: 0.0007262 seconds, Stopping threads took: 0.0000211 seconds
18.146: [GC (Allocation Failure)  73349K->613K(415232K), 0.0005384 secs]
18.147: Total time for which application threads were stopped: 0.0006719 seconds, Stopping threads took: 0.0000267 seconds
18.197: [GC (Allocation Failure)  72293K->677K(414208K), 0.0005641 secs]
18.197: Total time for which application threads were stopped: 0.0006948 seconds, Stopping threads took: 0.0000207 seconds
18.242: [GC (Allocation Failure)  71333K->709K(428544K), 0.0005951 secs]
18.243: Total time for which application threads were stopped: 0.0007355 seconds, Stopping threads took: 0.0000217 seconds
18.303: [GC (Allocation Failure)  85701K->645K(427008K), 0.0005561 secs]
18.303: Total time for which application threads were stopped: 0.0006847 seconds, Stopping threads took: 0.0000192 seconds
18.359: [GC (Allocation Failure)  84101K->645K(425472K), 0.0004609 secs]
18.360: Total time for which application threads were stopped: 0.0005896 seconds, Stopping threads took: 0.0000197 seconds
18.416: [GC (Allocation Failure)  82565K->645K(423936K), 0.0006021 secs]
18.416: Total time for which application threads were stopped: 0.0007289 seconds, Stopping threads took: 0.0000199 seconds
18.467: [GC (Allocation Failure)  81029K->709K(422400K), 0.0004975 secs]
18.468: Total time for which application threads were stopped: 0.0006314 seconds, Stopping threads took: 0.0000212 seconds
18.524: [GC (Allocation Failure)  79557K->645K(421376K), 0.0005077 secs]
18.525: Total time for which application threads were stopped: 0.0006377 seconds, Stopping threads took: 0.0000235 seconds
18.579: [GC (Allocation Failure)  78469K->677K(420352K), 0.0004771 secs]
18.580: Total time for which application threads were stopped: 0.0005962 seconds, Stopping threads took: 0.0000192 seconds
18.632: [GC (Allocation Failure)  77477K->645K(419328K), 0.0004496 secs]
18.632: Total time for which application threads were stopped: 0.0005859 seconds, Stopping threads took: 0.0000272 seconds
18.684: [GC (Allocation Failure)  76421K->677K(418304K), 0.0004449 secs]
18.684: Total time for which application threads were stopped: 0.0005817 seconds, Stopping threads took: 0.0000286 seconds
18.737: [GC (Allocation Failure)  75429K->677K(417280K), 0.0004509 secs]
18.738: Total time for which application threads were stopped: 0.0005832 seconds, Stopping threads took: 0.0000286 seconds
18.784: [GC (Allocation Failure)  74405K->645K(416256K), 0.0005474 secs]
18.785: Total time for which application threads were stopped: 0.0006680 seconds, Stopping threads took: 0.0000190 seconds
18.834: [GC (Allocation Failure)  73349K->645K(415232K), 0.0005009 secs]
18.835: Total time for which application threads were stopped: 0.0006485 seconds, Stopping threads took: 0.0000290 seconds
18.884: [GC (Allocation Failure)  72325K->709K(414208K), 0.0005158 secs]
18.885: Total time for which application threads were stopped: 0.0006645 seconds, Stopping threads took: 0.0000300 seconds
18.929: [GC (Allocation Failure)  71365K->645K(413184K), 0.0004854 secs]
18.930: Total time for which application threads were stopped: 0.0006042 seconds, Stopping threads took: 0.0000196 seconds
18.978: [GC (Allocation Failure)  70277K->645K(412160K), 0.0005009 secs]
18.979: Total time for which application threads were stopped: 0.0006355 seconds, Stopping threads took: 0.0000240 seconds
19.025: [GC (Allocation Failure)  69253K->709K(411136K), 0.0004988 secs]
19.026: Total time for which application threads were stopped: 0.0006292 seconds, Stopping threads took: 0.0000215 seconds
19.072: [GC (Allocation Failure)  68293K->677K(410112K), 0.0005328 secs]
19.072: Total time for which application threads were stopped: 0.0006827 seconds, Stopping threads took: 0.0000227 seconds
19.115: [GC (Allocation Failure)  67237K->709K(409088K), 0.0005968 secs]
19.115: Total time for which application threads were stopped: 0.0007276 seconds, Stopping threads took: 0.0000186 seconds
19.163: [GC (Allocation Failure)  66245K->677K(408064K), 0.0005460 secs]
19.164: Total time for which application threads were stopped: 0.0006872 seconds, Stopping threads took: 0.0000223 seconds
19.205: [GC (Allocation Failure)  65189K->645K(407040K), 0.0004971 secs]
19.205: Total time for which application threads were stopped: 0.0006265 seconds, Stopping threads took: 0.0000197 seconds
19.250: [GC (Allocation Failure)  64133K->677K(406016K), 0.0005438 secs]
19.251: Total time for which application threads were stopped: 0.0006652 seconds, Stopping threads took: 0.0000199 seconds
19.291: [GC (Allocation Failure)  63141K->645K(418816K), 0.0005751 secs]
19.291: Total time for which application threads were stopped: 0.0007121 seconds, Stopping threads took: 0.0000218 seconds
19.345: [GC (Allocation Failure)  75909K->613K(417792K), 0.0005593 secs]
19.345: Total time for which application threads were stopped: 0.0007151 seconds, Stopping threads took: 0.0000293 seconds
19.398: [GC (Allocation Failure)  74853K->677K(416768K), 0.0005275 secs]
19.399: Total time for which application threads were stopped: 0.0006536 seconds, Stopping threads took: 0.0000215 seconds
19.450: [GC (Allocation Failure)  73893K->645K(415744K), 0.0004475 secs]
19.451: Total time for which application threads were stopped: 0.0005644 seconds, Stopping threads took: 0.0000268 seconds
19.501: [GC (Allocation Failure)  72837K->645K(414720K), 0.0005157 secs]
19.501: Total time for which application threads were stopped: 0.0006517 seconds, Stopping threads took: 0.0000208 seconds
19.552: [GC (Allocation Failure)  71813K->709K(413696K), 0.0005303 secs]
19.553: Total time for which application threads were stopped: 0.0006713 seconds, Stopping threads took: 0.0000219 seconds
19.597: [GC (Allocation Failure)  70853K->645K(412672K), 0.0005099 secs]
19.598: Total time for which application threads were stopped: 0.0006654 seconds, Stopping threads took: 0.0000311 seconds
19.646: [GC (Allocation Failure)  69765K->677K(411648K), 0.0004704 secs]
19.646: Total time for which application threads were stopped: 0.0006017 seconds, Stopping threads took: 0.0000282 seconds
19.690: [GC (Allocation Failure)  68773K->709K(410624K), 0.0004952 secs]
19.690: Total time for which application threads were stopped: 0.0006378 seconds, Stopping threads took: 0.0000295 seconds
19.733: [GC (Allocation Failure)  67781K->677K(409600K), 0.0004561 secs]
19.733: Total time for which application threads were stopped: 0.0005725 seconds, Stopping threads took: 0.0000196 seconds
19.775: [GC (Allocation Failure)  66725K->645K(408576K), 0.0004855 secs]
19.776: Total time for which application threads were stopped: 0.0006008 seconds, Stopping threads took: 0.0000189 seconds
19.817: [GC (Allocation Failure)  65669K->709K(407552K), 0.0004609 secs]
19.818: Total time for which application threads were stopped: 0.0005789 seconds, Stopping threads took: 0.0000193 seconds
19.858: [GC (Allocation Failure)  64709K->645K(420352K), 0.0006178 secs]
19.859: Total time for which application threads were stopped: 0.0007666 seconds, Stopping threads took: 0.0000219 seconds
19.911: [GC (Allocation Failure)  77445K->645K(419328K), 0.0004872 secs]
19.912: Total time for which application threads were stopped: 0.0006120 seconds, Stopping threads took: 0.0000269 seconds
19.960: [GC (Allocation Failure)  76421K->645K(434688K), 0.0006244 secs]
19.960: Total time for which application threads were stopped: 0.0007439 seconds, Stopping threads took: 0.0000244 seconds
20.020: [GC (Allocation Failure)  91781K->645K(433152K), 0.0004809 secs]
20.021: Total time for which application threads were stopped: 0.0006103 seconds, Stopping threads took: 0.0000195 seconds
20.077: [GC (Allocation Failure)  90245K->645K(431616K), 0.0004917 secs]
20.078: Total time for which application threads were stopped: 0.0006240 seconds, Stopping threads took: 0.0000282 seconds
20.134: [GC (Allocation Failure)  88709K->645K(430080K), 0.0003831 secs]
20.134: Total time for which application threads were stopped: 0.0005044 seconds, Stopping threads took: 0.0000264 seconds
20.193: [GC (Allocation Failure)  87173K->677K(428544K), 0.0004696 secs]
20.193: Total time for which application threads were stopped: 0.0005849 seconds, Stopping threads took: 0.0000187 seconds
20.252: [GC (Allocation Failure)  85669K->645K(427008K), 0.0005530 secs]
20.253: Total time for which application threads were stopped: 0.0006696 seconds, Stopping threads took: 0.0000196 seconds
20.309: [GC (Allocation Failure)  84101K->677K(425472K), 0.0004349 secs]
20.309: Total time for which application threads were stopped: 0.0005511 seconds, Stopping threads took: 0.0000199 seconds
20.361: [GC (Allocation Failure)  82597K->645K(423936K), 0.0004089 secs]
20.361: Total time for which application threads were stopped: 0.0005169 seconds, Stopping threads took: 0.0000169 seconds
20.411: [GC (Allocation Failure)  81029K->613K(422400K), 0.0006287 secs]
20.412: Total time for which application threads were stopped: 0.0007632 seconds, Stopping threads took: 0.0000277 seconds
20.467: [GC (Allocation Failure)  79461K->613K(421376K), 0.0004258 secs]
20.468: Total time for which application threads were stopped: 0.0005327 seconds, Stopping threads took: 0.0000171 seconds
20.523: [GC (Allocation Failure)  78437K->677K(420352K), 0.0004680 secs]
20.523: Total time for which application threads were stopped: 0.0006322 seconds, Stopping threads took: 0.0000295 seconds
20.572: [GC (Allocation Failure)  77477K->709K(419328K), 0.0005761 secs]
20.573: Total time for which application threads were stopped: 0.0007223 seconds, Stopping threads took: 0.0000218 seconds
20.627: [GC (Allocation Failure)  76485K->645K(418304K), 0.0004330 secs]
20.627: Total time for which application threads were stopped: 0.0005710 seconds, Stopping threads took: 0.0000270 seconds
20.674: [GC (Allocation Failure)  75397K->709K(417280K), 0.0004860 secs]
20.675: Total time for which application threads were stopped: 0.0006100 seconds, Stopping threads took: 0.0000202 seconds
20.721: [GC (Allocation Failure)  74437K->677K(416256K), 0.0004716 secs]
20.722: Total time for which application threads were stopped: 0.0005865 seconds, Stopping threads took: 0.0000191 seconds
20.768: [GC (Allocation Failure)  73381K->613K(415232K), 0.0006212 secs]
20.768: Total time for which application threads were stopped: 0.0007404 seconds, Stopping threads took: 0.0000194 seconds
20.813: [GC (Allocation Failure)  72293K->645K(414208K), 0.0004930 secs]
20.814: Total time for which application threads were stopped: 0.0006333 seconds, Stopping threads took: 0.0000273 seconds
20.863: [GC (Allocation Failure)  71301K->709K(413184K), 0.0004705 secs]
20.864: Total time for which application threads were stopped: 0.0006109 seconds, Stopping threads took: 0.0000299 seconds
20.908: [GC (Allocation Failure)  70341K->677K(412160K), 0.0006688 secs]
20.909: Total time for which application threads were stopped: 0.0007981 seconds, Stopping threads took: 0.0000221 seconds
20.952: [GC (Allocation Failure)  69285K->677K(411136K), 0.0004930 secs]
20.952: Total time for which application threads were stopped: 0.0006112 seconds, Stopping threads took: 0.0000193 seconds
21.001: [GC (Allocation Failure)  68261K->645K(410112K), 0.0004997 secs]
21.002: Total time for which application threads were stopped: 0.0006194 seconds, Stopping threads took: 0.0000200 seconds
21.044: [GC (Allocation Failure)  67205K->645K(409088K), 0.0004544 secs]
21.044: Total time for which application threads were stopped: 0.0005796 seconds, Stopping threads took: 0.0000274 seconds
21.092: [GC (Allocation Failure)  66181K->645K(408064K), 0.0005560 secs]
21.092: Total time for which application threads were stopped: 0.0006952 seconds, Stopping threads took: 0.0000203 seconds
21.140: [GC (Allocation Failure)  65157K->709K(407040K), 0.0005835 secs]
21.140: Total time for which application threads were stopped: 0.0007110 seconds, Stopping threads took: 0.0000190 seconds
21.184: [GC (Allocation Failure)  64197K->645K(406016K), 0.0004350 secs]
21.185: Total time for which application threads were stopped: 0.0005501 seconds, Stopping threads took: 0.0000187 seconds
21.228: [GC (Allocation Failure)  63109K->645K(418816K), 0.0005921 secs]
21.228: Total time for which application threads were stopped: 0.0007086 seconds, Stopping threads took: 0.0000171 seconds
21.276: [GC (Allocation Failure)  75909K->645K(417792K), 0.0005509 secs]
21.276: Total time for which application threads were stopped: 0.0006913 seconds, Stopping threads took: 0.0000207 seconds
21.327: [GC (Allocation Failure)  74885K->645K(416768K), 0.0004595 secs]
21.328: Total time for which application threads were stopped: 0.0005702 seconds, Stopping threads took: 0.0000170 seconds
21.374: [GC (Allocation Failure)  73861K->645K(415744K), 0.0004967 secs]
21.374: Total time for which application threads were stopped: 0.0006327 seconds, Stopping threads took: 0.0000190 seconds
21.420: [GC (Allocation Failure)  72837K->613K(414720K), 0.0005154 secs]
21.420: Total time for which application threads were stopped: 0.0006464 seconds, Stopping threads took: 0.0000193 seconds
21.471: [GC (Allocation Failure)  71781K->677K(413696K), 0.0004591 secs]
21.471: Total time for which application threads were stopped: 0.0005809 seconds, Stopping threads took: 0.0000197 seconds
21.516: [GC (Allocation Failure)  70821K->645K(412672K), 0.0004820 secs]
21.516: Total time for which application threads were stopped: 0.0006094 seconds, Stopping threads took: 0.0000275 seconds
21.565: [GC (Allocation Failure)  69765K->645K(411648K), 0.0005639 secs]
21.566: Total time for which application threads were stopped: 0.0006806 seconds, Stopping threads took: 0.0000197 seconds
21.609: [GC (Allocation Failure)  68741K->677K(410624K), 0.0004643 secs]
21.610: Total time for which application threads were stopped: 0.0005792 seconds, Stopping threads took: 0.0000197 seconds
21.657: [GC (Allocation Failure)  67749K->677K(409600K), 0.0004159 secs]
21.657: Total time for which application threads were stopped: 0.0005459 seconds, Stopping threads took: 0.0000276 seconds
21.704: [GC (Allocation Failure)  66725K->645K(408576K), 0.0005525 secs]
21.705: Total time for which application threads were stopped: 0.0006607 seconds, Stopping threads took: 0.0000167 seconds
21.746: [GC (Allocation Failure)  65669K->677K(407552K), 0.0005092 secs]
21.746: Total time for which application threads were stopped: 0.0006281 seconds, Stopping threads took: 0.0000195 seconds
21.787: [GC (Allocation Failure)  64677K->645K(406528K), 0.0005231 secs]
21.787: Total time for which application threads were stopped: 0.0006606 seconds, Stopping threads took: 0.0000276 seconds
21.827: [GC (Allocation Failure)  63621K->677K(405504K), 0.0004723 secs]
21.828: Total time for which application threads were stopped: 0.0006019 seconds, Stopping threads took: 0.0000279 seconds
21.867: [GC (Allocation Failure)  62629K->677K(418304K), 0.0005299 secs]
21.868: Total time for which application threads were stopped: 0.0006741 seconds, Stopping threads took: 0.0000286 seconds
21.916: [GC (Allocation Failure)  75429K->645K(417280K), 0.0005480 secs]
21.916: Total time for which application threads were stopped: 0.0007011 seconds, Stopping threads took: 0.0000295 seconds
21.969: [GC (Allocation Failure)  74373K->645K(416256K), 0.0003917 secs]
21.970: Total time for which application threads were stopped: 0.0005265 seconds, Stopping threads took: 0.0000254 seconds
22.018: [GC (Allocation Failure)  73349K->645K(415232K), 0.0004519 secs]
22.018: Total time for which application threads were stopped: 0.0005690 seconds, Stopping threads took: 0.0000189 seconds
22.063: [GC (Allocation Failure)  72325K->645K(414208K), 0.0004824 secs]
22.064: Total time for which application threads were stopped: 0.0005969 seconds, Stopping threads took: 0.0000275 seconds
22.113: [GC (Allocation Failure)  71301K->645K(413184K), 0.0004113 secs]
22.113: Total time for which application threads were stopped: 0.0005184 seconds, Stopping threads took: 0.0000180 seconds
22.158: [GC (Allocation Failure)  70277K->645K(412160K), 0.0004200 secs]
22.159: Total time for which application threads were stopped: 0.0005594 seconds, Stopping threads took: 0.0000172 seconds
22.207: [GC (Allocation Failure)  69253K->645K(411136K), 0.0004055 secs]
22.207: Total time for which application threads were stopped: 0.0005213 seconds, Stopping threads took: 0.0000168 seconds
22.250: [GC (Allocation Failure)  68229K->677K(410112K), 0.0004826 secs]
22.251: Total time for which application threads were stopped: 0.0006106 seconds, Stopping threads took: 0.0000278 seconds
22.293: [GC (Allocation Failure)  67237K->645K(409088K), 0.0005293 secs]
22.294: Total time for which application threads were stopped: 0.0006577 seconds, Stopping threads took: 0.0000281 seconds
22.335: [GC (Allocation Failure)  66181K->645K(408064K), 0.0005087 secs]
22.336: Total time for which application threads were stopped: 0.0006763 seconds, Stopping threads took: 0.0000214 seconds
22.377: [GC (Allocation Failure)  65157K->677K(407040K), 0.0005031 secs]
22.378: Total time for which application threads were stopped: 0.0006327 seconds, Stopping threads took: 0.0000284 seconds
22.418: [GC (Allocation Failure)  64165K->645K(406016K), 0.0004708 secs]
22.418: Total time for which application threads were stopped: 0.0005997 seconds, Stopping threads took: 0.0000207 seconds
22.458: [GC (Allocation Failure)  63109K->677K(405504K), 0.0004512 secs]
22.459: Total time for which application threads were stopped: 0.0005774 seconds, Stopping threads took: 0.0000208 seconds
22.498: [GC (Allocation Failure)  62629K->645K(404992K), 0.0004831 secs]
22.499: Total time for which application threads were stopped: 0.0005912 seconds, Stopping threads took: 0.0000172 seconds
22.538: [GC (Allocation Failure)  62085K->613K(417280K), 0.0005575 secs]
22.538: Total time for which application threads were stopped: 0.0006761 seconds, Stopping threads took: 0.0000198 seconds
22.585: [GC (Allocation Failure)  74341K->677K(432128K), 0.0006673 secs]
22.586: Total time for which application threads were stopped: 0.0007952 seconds, Stopping threads took: 0.0000210 seconds
22.643: [GC (Allocation Failure)  89253K->677K(450048K), 0.0006682 secs]
22.644: Total time for which application threads were stopped: 0.0007982 seconds, Stopping threads took: 0.0000277 seconds
22.711: [GC (Allocation Failure)  107173K->677K(448000K), 0.0004626 secs]
22.712: Total time for which application threads were stopped: 0.0005819 seconds, Stopping threads took: 0.0000193 seconds
22.777: [GC (Allocation Failure)  105125K->677K(445952K), 0.0005208 secs]
22.778: Total time for which application threads were stopped: 0.0006490 seconds, Stopping threads took: 0.0000269 seconds
22.842: [GC (Allocation Failure)  103077K->709K(443904K), 0.0005226 secs]
22.843: Total time for which application threads were stopped: 0.0006559 seconds, Stopping threads took: 0.0000203 seconds
22.906: [GC (Allocation Failure)  101061K->741K(441856K), 0.0005566 secs]
22.907: Total time for which application threads were stopped: 0.0007033 seconds, Stopping threads took: 0.0000216 seconds
22.970: [GC (Allocation Failure)  99045K->709K(439808K), 0.0004803 secs]
22.970: Total time for which application threads were stopped: 0.0006155 seconds, Stopping threads took: 0.0000244 seconds
23.031: [GC (Allocation Failure)  96965K->645K(437760K), 0.0004929 secs]
23.032: Total time for which application threads were stopped: 0.0006331 seconds, Stopping threads took: 0.0000277 seconds
23.092: [GC (Allocation Failure)  94853K->645K(436224K), 0.0006768 secs]
23.093: Total time for which application threads were stopped: 0.0008189 seconds, Stopping threads took: 0.0000216 seconds
23.152: [GC (Allocation Failure)  93317K->645K(434688K), 0.0004880 secs]
23.153: Total time for which application threads were stopped: 0.0006191 seconds, Stopping threads took: 0.0000273 seconds
23.215: [GC (Allocation Failure)  91781K->613K(433152K), 0.0006269 secs]
23.216: Total time for which application threads were stopped: 0.0007701 seconds, Stopping threads took: 0.0000257 seconds
23.272: [GC (Allocation Failure)  90213K->677K(431616K), 0.0006576 secs]
23.273: Total time for which application threads were stopped: 0.0008102 seconds, Stopping threads took: 0.0000225 seconds
23.334: [GC (Allocation Failure)  88741K->645K(430080K), 0.0005088 secs]
23.335: Total time for which application threads were stopped: 0.0006610 seconds, Stopping threads took: 0.0000225 seconds
23.389: [GC (Allocation Failure)  87173K->613K(428544K), 0.0005473 secs]
23.390: Total time for which application threads were stopped: 0.0006824 seconds, Stopping threads took: 0.0000196 seconds
23.448: [GC (Allocation Failure)  85605K->677K(427008K), 0.0005081 secs]
23.449: Total time for which application threads were stopped: 0.0006432 seconds, Stopping threads took: 0.0000285 seconds
23.501: [GC (Allocation Failure)  84133K->645K(425472K), 0.0005419 secs]
23.502: Total time for which application threads were stopped: 0.0006837 seconds, Stopping threads took: 0.0000212 seconds
23.553: [GC (Allocation Failure)  82565K->613K(423936K), 0.0005838 secs]
23.554: Total time for which application threads were stopped: 0.0007245 seconds, Stopping threads took: 0.0000295 seconds
23.610: [GC (Allocation Failure)  80997K->613K(422400K), 0.0005384 secs]
23.611: Total time for which application threads were stopped: 0.0006766 seconds, Stopping threads took: 0.0000279 seconds
23.661: [GC (Allocation Failure)  79461K->645K(421376K), 0.0004681 secs]
23.662: Total time for which application threads were stopped: 0.0006008 seconds, Stopping threads took: 0.0000302 seconds
23.711: [GC (Allocation Failure)  78469K->613K(420352K), 0.0005491 secs]
23.711: Total time for which application threads were stopped: 0.0007052 seconds, Stopping threads took: 0.0000272 seconds
23.764: [GC (Allocation Failure)  77413K->677K(419328K), 0.0004980 secs]
23.765: Total time for which application threads were stopped: 0.0006370 seconds, Stopping threads took: 0.0000288 seconds
23.813: [GC (Allocation Failure)  76453K->741K(418304K), 0.0005626 secs]
23.813: Total time for which application threads were stopped: 0.0007105 seconds, Stopping threads took: 0.0000286 seconds
23.864: [GC (Allocation Failure)  75493K->677K(417280K), 0.0005681 secs]
23.865: Total time for which application threads were stopped: 0.0007036 seconds, Stopping threads took: 0.0000207 seconds
23.912: [GC (Allocation Failure)  74405K->645K(416256K), 0.0005083 secs]
23.912: Total time for which application threads were stopped: 0.0006623 seconds, Stopping threads took: 0.0000303 seconds
23.958: [GC (Allocation Failure)  73349K->645K(415232K), 0.0005461 secs]
23.959: Total time for which application threads were stopped: 0.0006699 seconds, Stopping threads took: 0.0000256 seconds
24.007: [GC (Allocation Failure)  72325K->645K(414208K), 0.0005541 secs]
24.008: Total time for which application threads were stopped: 0.0006721 seconds, Stopping threads took: 0.0000193 seconds
24.053: [GC (Allocation Failure)  71301K->677K(413184K), 0.0004652 secs]
24.053: Total time for which application threads were stopped: 0.0005842 seconds, Stopping threads took: 0.0000196 seconds
24.097: [GC (Allocation Failure)  70309K->645K(412160K), 0.0004712 secs]
24.097: Total time for which application threads were stopped: 0.0005984 seconds, Stopping threads took: 0.0000282 seconds
24.141: [GC (Allocation Failure)  69253K->709K(411136K), 0.0004644 secs]
24.142: Total time for which application threads were stopped: 0.0005914 seconds, Stopping threads took: 0.0000193 seconds
24.184: [GC (Allocation Failure)  68293K->645K(410112K), 0.0004908 secs]
24.185: Total time for which application threads were stopped: 0.0006108 seconds, Stopping threads took: 0.0000192 seconds
24.227: [GC (Allocation Failure)  67205K->677K(409088K), 0.0005739 secs]
24.227: Total time for which application threads were stopped: 0.0007073 seconds, Stopping threads took: 0.0000207 seconds
24.269: [GC (Allocation Failure)  66213K->677K(422400K), 0.0005796 secs]
24.269: Total time for which application threads were stopped: 0.0007236 seconds, Stopping threads took: 0.0000218 seconds
24.319: [GC (Allocation Failure)  79525K->645K(438272K), 0.0005868 secs]
24.320: Total time for which application threads were stopped: 0.0007398 seconds, Stopping threads took: 0.0000225 seconds
24.379: [GC (Allocation Failure)  95365K->709K(436736K), 0.0006199 secs]
24.380: Total time for which application threads were stopped: 0.0007628 seconds, Stopping threads took: 0.0000297 seconds
24.445: [GC (Allocation Failure)  93893K->709K(435200K), 0.0004045 secs]
24.445: Total time for which application threads were stopped: 0.0005121 seconds, Stopping threads took: 0.0000173 seconds
24.505: [GC (Allocation Failure)  92357K->645K(433664K), 0.0005586 secs]
24.506: Total time for which application threads were stopped: 0.0006707 seconds, Stopping threads took: 0.0000165 seconds
24.569: [GC (Allocation Failure)  90757K->645K(432128K), 0.0005654 secs]
24.569: Total time for which application threads were stopped: 0.0006987 seconds, Stopping threads took: 0.0000281 seconds
24.630: [GC (Allocation Failure)  89221K->645K(430592K), 0.0004502 secs]
24.631: Total time for which application threads were stopped: 0.0005846 seconds, Stopping threads took: 0.0000278 seconds
24.690: [GC (Allocation Failure)  87685K->645K(429056K), 0.0004263 secs]
24.691: Total time for which application threads were stopped: 0.0005522 seconds, Stopping threads took: 0.0000195 seconds
24.745: [GC (Allocation Failure)  86149K->677K(427520K), 0.0006707 secs]
24.745: Total time for which application threads were stopped: 0.0008172 seconds, Stopping threads took: 0.0000300 seconds
24.804: [GC (Allocation Failure)  84645K->645K(425984K), 0.0006259 secs]
24.805: Total time for which application threads were stopped: 0.0007776 seconds, Stopping threads took: 0.0000221 seconds
24.856: [GC (Allocation Failure)  83077K->741K(424448K), 0.0005414 secs]
24.857: Total time for which application threads were stopped: 0.0007035 seconds, Stopping threads took: 0.0000314 seconds
24.913: [GC (Allocation Failure)  81637K->709K(422912K), 0.0004490 secs]
24.914: Total time for which application threads were stopped: 0.0005649 seconds, Stopping threads took: 0.0000191 seconds
24.965: [GC (Allocation Failure)  80069K->581K(438784K), 0.0075725 secs]
24.972: Total time for which application threads were stopped: 0.0077753 seconds, Stopping threads took: 0.0000275 seconds
25.032: [GC (Allocation Failure)  95813K->677K(458240K), 0.0005518 secs]
25.033: Total time for which application threads were stopped: 0.0006844 seconds, Stopping threads took: 0.0000270 seconds
25.109: [GC (Allocation Failure)  115365K->645K(481280K), 0.0005714 secs]
25.110: Total time for which application threads were stopped: 0.0008340 seconds, Stopping threads took: 0.0000199 seconds
25.196: [GC (Allocation Failure)  138373K->741K(508928K), 0.0004666 secs]
25.197: Total time for which application threads were stopped: 0.0005979 seconds, Stopping threads took: 0.0000196 seconds
25.300: [GC (Allocation Failure)  166117K->645K(542208K), 0.0005348 secs]
25.301: Total time for which application threads were stopped: 0.0006609 seconds, Stopping threads took: 0.0000270 seconds
25.429: [GC (Allocation Failure)  199301K->677K(582144K), 0.0005379 secs]
25.429: Total time for which application threads were stopped: 0.0006621 seconds, Stopping threads took: 0.0000273 seconds
25.590: [GC (Allocation Failure)  239269K->677K(625664K), 0.0005965 secs]
25.590: Total time for which application threads were stopped: 0.0007148 seconds, Stopping threads took: 0.0000186 seconds
25.777: [GC (Allocation Failure)  282789K->709K(616448K), 0.0004374 secs]
25.777: Total time for which application threads were stopped: 0.0005580 seconds, Stopping threads took: 0.0000196 seconds
25.952: [GC (Allocation Failure)  273605K->677K(607232K), 0.0004780 secs]
25.953: Total time for which application threads were stopped: 0.0006004 seconds, Stopping threads took: 0.0000201 seconds
26.122: [GC (Allocation Failure)  264357K->709K(598528K), 0.0003897 secs]
26.123: Total time for which application threads were stopped: 0.0005060 seconds, Stopping threads took: 0.0000263 seconds
26.285: [GC (Allocation Failure)  255685K->645K(590336K), 0.0004917 secs]
26.286: Total time for which application threads were stopped: 0.0005990 seconds, Stopping threads took: 0.0000178 seconds
26.445: [GC (Allocation Failure)  247429K->645K(582656K), 0.0006539 secs]
26.445: Total time for which application threads were stopped: 0.0007654 seconds, Stopping threads took: 0.0000179 seconds
26.598: [GC (Allocation Failure)  239749K->645K(574976K), 0.0004679 secs]
26.598: Total time for which application threads were stopped: 0.0005893 seconds, Stopping threads took: 0.0000192 seconds
26.749: [GC (Allocation Failure)  232069K->645K(567808K), 0.0004623 secs]
26.750: Total time for which application threads were stopped: 0.0005835 seconds, Stopping threads took: 0.0000258 seconds
26.889: [GC (Allocation Failure)  224901K->613K(561152K), 0.0005095 secs]
26.890: Total time for which application threads were stopped: 0.0006412 seconds, Stopping threads took: 0.0000196 seconds
27.031: [GC (Allocation Failure)  218213K->645K(554496K), 0.0004885 secs]
27.032: Total time for which application threads were stopped: 0.0006153 seconds, Stopping threads took: 0.0000272 seconds
27.164: [GC (Allocation Failure)  211589K->677K(548352K), 0.0005571 secs]
27.164: Total time for which application threads were stopped: 0.0006885 seconds, Stopping threads took: 0.0000278 seconds
27.297: [GC (Allocation Failure)  205477K->677K(542208K), 0.0005258 secs]
27.298: Total time for which application threads were stopped: 0.0006515 seconds, Stopping threads took: 0.0000268 seconds
27.422: [GC (Allocation Failure)  199333K->645K(536576K), 0.0005296 secs]
27.422: Total time for which application threads were stopped: 0.0006472 seconds, Stopping threads took: 0.0000193 seconds
27.544: [GC (Allocation Failure)  193669K->677K(530944K), 0.0005725 secs]
27.544: Total time for which application threads were stopped: 0.0007048 seconds, Stopping threads took: 0.0000244 seconds
27.663: [GC (Allocation Failure)  188069K->677K(525824K), 0.0004816 secs]
27.664: Total time for which application threads were stopped: 0.0006196 seconds, Stopping threads took: 0.0000266 seconds
27.778: [GC (Allocation Failure)  182949K->677K(520704K), 0.0005630 secs]
27.779: Total time for which application threads were stopped: 0.0006711 seconds, Stopping threads took: 0.0000194 seconds
27.895: [GC (Allocation Failure)  177829K->613K(515584K), 0.0004363 secs]
27.896: Total time for which application threads were stopped: 0.0005589 seconds, Stopping threads took: 0.0000275 seconds
28.007: [GC (Allocation Failure)  172645K->677K(510976K), 0.0005897 secs]
28.008: Total time for which application threads were stopped: 0.0007269 seconds, Stopping threads took: 0.0000191 seconds
28.112: [GC (Allocation Failure)  168101K->709K(506368K), 0.0006458 secs]
28.113: Total time for which application threads were stopped: 0.0007877 seconds, Stopping threads took: 0.0000214 seconds
28.218: [GC (Allocation Failure)  163525K->645K(502272K), 0.0004147 secs]
28.218: Total time for which application threads were stopped: 0.0005402 seconds, Stopping threads took: 0.0000271 seconds
28.323: [GC (Allocation Failure)  159365K->709K(498176K), 0.0006183 secs]
28.324: Total time for which application threads were stopped: 0.0007285 seconds, Stopping threads took: 0.0000193 seconds
28.426: [GC (Allocation Failure)  155333K->645K(494080K), 0.0005637 secs]
28.427: Total time for which application threads were stopped: 0.0007031 seconds, Stopping threads took: 0.0000203 seconds
28.525: [GC (Allocation Failure)  151173K->677K(490496K), 0.0004687 secs]
28.526: Total time for which application threads were stopped: 0.0005918 seconds, Stopping threads took: 0.0000270 seconds
28.618: [GC (Allocation Failure)  147621K->645K(486912K), 0.0005802 secs]
28.619: Total time for which application threads were stopped: 0.0007006 seconds, Stopping threads took: 0.0000196 seconds
28.709: [GC (Allocation Failure)  144005K->645K(483328K), 0.0006063 secs]
28.709: Total time for which application threads were stopped: 0.0007302 seconds, Stopping threads took: 0.0000198 seconds
28.797: [GC (Allocation Failure)  140421K->613K(479744K), 0.0004964 secs]
28.797: Total time for which application threads were stopped: 0.0006430 seconds, Stopping threads took: 0.0000283 seconds
28.882: [GC (Allocation Failure)  136805K->645K(476672K), 0.0005161 secs]
28.883: Total time for which application threads were stopped: 0.0006572 seconds, Stopping threads took: 0.0000207 seconds
28.973: [GC (Allocation Failure)  133765K->677K(473600K), 0.0004719 secs]
28.974: Total time for which application threads were stopped: 0.0006050 seconds, Stopping threads took: 0.0000258 seconds
29.059: [GC (Allocation Failure)  130725K->645K(470528K), 0.0004146 secs]
29.060: Total time for which application threads were stopped: 0.0005094 seconds, Stopping threads took: 0.0000168 seconds
29.146: [GC (Allocation Failure)  127621K->709K(467456K), 0.0004497 secs]
29.146: Total time for which application threads were stopped: 0.0005780 seconds, Stopping threads took: 0.0000267 seconds
29.224: [GC (Allocation Failure)  124613K->677K(464896K), 0.0004895 secs]
29.224: Total time for which application threads were stopped: 0.0006191 seconds, Stopping threads took: 0.0000265 seconds
29.300: [GC (Allocation Failure)  122021K->645K(462336K), 0.0006199 secs]
29.301: Total time for which application threads were stopped: 0.0007538 seconds, Stopping threads took: 0.0000191 seconds
29.375: [GC (Allocation Failure)  119429K->645K(459776K), 0.0005778 secs]
29.376: Total time for which application threads were stopped: 0.0007079 seconds, Stopping threads took: 0.0000278 seconds
29.454: [GC (Allocation Failure)  116869K->645K(457216K), 0.0004935 secs]
29.455: Total time for which application threads were stopped: 0.0006330 seconds, Stopping threads took: 0.0000274 seconds
29.532: [GC (Allocation Failure)  114309K->677K(454656K), 0.0004887 secs]
29.533: Total time for which application threads were stopped: 0.0006161 seconds, Stopping threads took: 0.0000274 seconds
29.602: [GC (Allocation Failure)  111781K->677K(452096K), 0.0005499 secs]
29.603: Total time for which application threads were stopped: 0.0006781 seconds, Stopping threads took: 0.0000280 seconds
29.672: [GC (Allocation Failure)  109221K->645K(450048K), 0.0004116 secs]
29.673: Total time for which application threads were stopped: 0.0005382 seconds, Stopping threads took: 0.0000271 seconds
29.740: [GC (Allocation Failure)  107141K->613K(448000K), 0.0005035 secs]
29.740: Total time for which application threads were stopped: 0.0006308 seconds, Stopping threads took: 0.0000270 seconds
29.806: [GC (Allocation Failure)  105061K->709K(445952K), 0.0004828 secs]
29.806: Total time for which application threads were stopped: 0.0005991 seconds, Stopping threads took: 0.0000187 seconds
29.876: [GC (Allocation Failure)  103109K->581K(443904K), 0.0007458 secs]
29.876: Total time for which application threads were stopped: 0.0008556 seconds, Stopping threads took: 0.0000169 seconds
29.945: [GC (Allocation Failure)  100933K->709K(441856K), 0.0005160 secs]
29.946: Total time for which application threads were stopped: 0.0006443 seconds, Stopping threads took: 0.0000192 seconds
30.008: [GC (Allocation Failure)  99013K->709K(439808K), 0.0004886 secs]
30.009: Total time for which application threads were stopped: 0.0006086 seconds, Stopping threads took: 0.0000195 seconds
30.069: [GC (Allocation Failure)  96965K->645K(437760K), 0.0004760 secs]
30.070: Total time for which application threads were stopped: 0.0005960 seconds, Stopping threads took: 0.0000196 seconds
30.129: [GC (Allocation Failure)  94853K->645K(436224K), 0.0004100 secs]
30.129: Total time for which application threads were stopped: 0.0005457 seconds, Stopping threads took: 0.0000274 seconds
30.188: [GC (Allocation Failure)  93317K->613K(434688K), 0.0005868 secs]
30.188: Total time for which application threads were stopped: 0.0007134 seconds, Stopping threads took: 0.0000193 seconds
30.246: [GC (Allocation Failure)  91749K->645K(433152K), 0.0004758 secs]
30.246: Total time for which application threads were stopped: 0.0006081 seconds, Stopping threads took: 0.0000282 seconds
30.308: [GC (Allocation Failure)  90245K->613K(431616K), 0.0004781 secs]
30.308: Total time for which application threads were stopped: 0.0005966 seconds, Stopping threads took: 0.0000191 seconds
30.370: [GC (Allocation Failure)  88677K->645K(430080K), 0.0004499 secs]
30.371: Total time for which application threads were stopped: 0.0005783 seconds, Stopping threads took: 0.0000281 seconds
30.431: [GC (Allocation Failure)  87173K->645K(428544K), 0.0007609 secs]
30.432: Total time for which application threads were stopped: 0.0009126 seconds, Stopping threads took: 0.0000211 seconds
30.489: [GC (Allocation Failure)  85637K->677K(427008K), 0.0004977 secs]
30.489: Total time for which application threads were stopped: 0.0006386 seconds, Stopping threads took: 0.0000224 seconds
30.542: [GC (Allocation Failure)  84133K->645K(425472K), 0.0006039 secs]
30.543: Total time for which application threads were stopped: 0.0007579 seconds, Stopping threads took: 0.0000297 seconds
30.598: [GC (Allocation Failure)  82565K->709K(423936K), 0.0004287 secs]
30.599: Total time for which application threads were stopped: 0.0005690 seconds, Stopping threads took: 0.0000245 seconds
30.651: [GC (Allocation Failure)  81093K->645K(422400K), 0.0004364 secs]
30.651: Total time for which application threads were stopped: 0.0005597 seconds, Stopping threads took: 0.0000196 seconds
30.702: [GC (Allocation Failure)  79493K->613K(421376K), 0.0006216 secs]
30.703: Total time for which application threads were stopped: 0.0007534 seconds, Stopping threads took: 0.0000216 seconds
30.752: [GC (Allocation Failure)  78437K->709K(420352K), 0.0007150 secs]
30.753: Total time for which application threads were stopped: 0.0008639 seconds, Stopping threads took: 0.0000216 seconds
30.801: [GC (Allocation Failure)  77509K->645K(419328K), 0.0005217 secs]
30.802: Total time for which application threads were stopped: 0.0006684 seconds, Stopping threads took: 0.0000218 seconds
30.854: [GC (Allocation Failure)  76421K->613K(418304K), 0.0005057 secs]
30.854: Total time for which application threads were stopped: 0.0006452 seconds, Stopping threads took: 0.0000305 seconds
30.901: [GC (Allocation Failure)  75365K->645K(417280K), 0.0004658 secs]
30.902: Total time for which application threads were stopped: 0.0005819 seconds, Stopping threads took: 0.0000191 seconds
30.948: [GC (Allocation Failure)  74373K->709K(416256K), 0.0006092 secs]
30.949: Total time for which application threads were stopped: 0.0007378 seconds, Stopping threads took: 0.0000278 seconds
30.996: [GC (Allocation Failure)  73413K->677K(415232K), 0.0005804 secs]
30.996: Total time for which application threads were stopped: 0.0007093 seconds, Stopping threads took: 0.0000283 seconds
31.047: [GC (Allocation Failure)  72357K->677K(414208K), 0.0004784 secs]
31.048: Total time for which application threads were stopped: 0.0006051 seconds, Stopping threads took: 0.0000274 seconds
31.092: [GC (Allocation Failure)  71333K->677K(413184K), 0.0004833 secs]
31.093: Total time for which application threads were stopped: 0.0006014 seconds, Stopping threads took: 0.0000193 seconds
31.143: [GC (Allocation Failure)  70309K->709K(412160K), 0.0004897 secs]
31.144: Total time for which application threads were stopped: 0.0005997 seconds, Stopping threads took: 0.0000194 seconds
31.190: [GC (Allocation Failure)  69317K->645K(411136K), 0.0003906 secs]
31.191: Total time for which application threads were stopped: 0.0005037 seconds, Stopping threads took: 0.0000166 seconds
31.233: [GC (Allocation Failure)  68229K->677K(410112K), 0.0004787 secs]
31.234: Total time for which application threads were stopped: 0.0005974 seconds, Stopping threads took: 0.0000255 seconds
31.276: [GC (Allocation Failure)  67237K->613K(423424K), 0.0007639 secs]
31.277: Total time for which application threads were stopped: 0.0008885 seconds, Stopping threads took: 0.0000199 seconds
31.327: [GC (Allocation Failure)  80485K->645K(422400K), 0.0004364 secs]
31.327: Total time for which application threads were stopped: 0.0005615 seconds, Stopping threads took: 0.0000270 seconds
31.380: [GC (Allocation Failure)  79493K->645K(421376K), 0.0006270 secs]
31.381: Total time for which application threads were stopped: 0.0007438 seconds, Stopping threads took: 0.0000177 seconds
31.430: [GC (Allocation Failure)  78469K->677K(420352K), 0.0005444 secs]
31.431: Total time for which application threads were stopped: 0.0006821 seconds, Stopping threads took: 0.0000287 seconds
31.483: [GC (Allocation Failure)  77477K->677K(419328K), 0.0006213 secs]
31.483: Total time for which application threads were stopped: 0.0007518 seconds, Stopping threads took: 0.0000214 seconds
31.531: [GC (Allocation Failure)  76453K->645K(434688K), 0.0005983 secs]
31.532: Total time for which application threads were stopped: 0.0007383 seconds, Stopping threads took: 0.0000220 seconds
31.589: [GC (Allocation Failure)  91781K->677K(433152K), 0.0004652 secs]
31.589: Total time for which application threads were stopped: 0.0006088 seconds, Stopping threads took: 0.0000246 seconds
31.646: [GC (Allocation Failure)  90277K->645K(431616K), 0.0004035 secs]
31.646: Total time for which application threads were stopped: 0.0005235 seconds, Stopping threads took: 0.0000195 seconds
31.706: [GC (Allocation Failure)  88709K->645K(430080K), 0.0004689 secs]
31.707: Total time for which application threads were stopped: 0.0005951 seconds, Stopping threads took: 0.0000267 seconds
31.768: [GC (Allocation Failure)  87173K->613K(428544K), 0.0005685 secs]
31.768: Total time for which application threads were stopped: 0.0006847 seconds, Stopping threads took: 0.0000200 seconds
31.825: [GC (Allocation Failure)  85605K->709K(427008K), 0.0005275 secs]
31.826: Total time for which application threads were stopped: 0.0006528 seconds, Stopping threads took: 0.0000177 seconds
31.882: [GC (Allocation Failure)  84165K->677K(425472K), 0.0006851 secs]
31.882: Total time for which application threads were stopped: 0.0008117 seconds, Stopping threads took: 0.0000209 seconds
31.940: [GC (Allocation Failure)  82597K->677K(423936K), 0.0005189 secs]
31.941: Total time for which application threads were stopped: 0.0006448 seconds, Stopping threads took: 0.0000202 seconds
31.995: [GC (Allocation Failure)  81061K->645K(422400K), 0.0005287 secs]
31.996: Total time for which application threads were stopped: 0.0006561 seconds, Stopping threads took: 0.0000275 seconds
32.051: [GC (Allocation Failure)  79493K->645K(421376K), 0.0007189 secs]
32.051: Total time for which application threads were stopped: 0.0008657 seconds, Stopping threads took: 0.0000283 seconds
32.100: [GC (Allocation Failure)  78469K->677K(420352K), 0.0005953 secs]
32.101: Total time for which application threads were stopped: 0.0007464 seconds, Stopping threads took: 0.0000285 seconds
32.151: [GC (Allocation Failure)  77477K->645K(419328K), 0.0004194 secs]
32.151: Total time for which application threads were stopped: 0.0005663 seconds, Stopping threads took: 0.0000267 seconds
32.205: [GC (Allocation Failure)  76421K->645K(418304K), 0.0003973 secs]
32.206: Total time for which application threads were stopped: 0.0005064 seconds, Stopping threads took: 0.0000171 seconds
32.258: [GC (Allocation Failure)  75397K->677K(417280K), 0.0004810 secs]
32.258: Total time for which application threads were stopped: 0.0006080 seconds, Stopping threads took: 0.0000271 seconds
32.305: [GC (Allocation Failure)  74405K->677K(416256K), 0.0005027 secs]
32.305: Total time for which application threads were stopped: 0.0006392 seconds, Stopping threads took: 0.0000282 seconds
32.351: [GC (Allocation Failure)  73381K->677K(415232K), 0.0005745 secs]
32.352: Total time for which application threads were stopped: 0.0007364 seconds, Stopping threads took: 0.0000246 seconds
32.402: [GC (Allocation Failure)  72357K->645K(414208K), 0.0005679 secs]
32.402: Total time for which application threads were stopped: 0.0006854 seconds, Stopping threads took: 0.0000193 seconds
32.447: [GC (Allocation Failure)  71301K->645K(413184K), 0.0004911 secs]
32.447: Total time for which application threads were stopped: 0.0006269 seconds, Stopping threads took: 0.0000279 seconds
32.495: [GC (Allocation Failure)  70277K->677K(427520K), 0.0007531 secs]
32.496: Total time for which application threads were stopped: 0.0008865 seconds, Stopping threads took: 0.0000217 seconds
32.549: [GC (Allocation Failure)  84645K->741K(425984K), 0.0005310 secs]
32.550: Total time for which application threads were stopped: 0.0006776 seconds, Stopping threads took: 0.0000219 seconds
32.606: [GC (Allocation Failure)  83173K->709K(424448K), 0.0005179 secs]
32.606: Total time for which application threads were stopped: 0.0006386 seconds, Stopping threads took: 0.0000198 seconds
32.657: [GC (Allocation Failure)  81605K->613K(422912K), 0.0006083 secs]
32.658: Total time for which application threads were stopped: 0.0007683 seconds, Stopping threads took: 0.0000203 seconds
32.708: [GC (Allocation Failure)  79973K->709K(421888K), 0.0005128 secs]
32.708: Total time for which application threads were stopped: 0.0006515 seconds, Stopping threads took: 0.0000285 seconds
32.762: [GC (Allocation Failure)  79045K->613K(420864K), 0.0005692 secs]
32.762: Total time for which application threads were stopped: 0.0007179 seconds, Stopping threads took: 0.0000309 seconds
32.811: [GC (Allocation Failure)  77925K->677K(419840K), 0.0005530 secs]
32.811: Total time for which application threads were stopped: 0.0007194 seconds, Stopping threads took: 0.0000301 seconds
32.863: [GC (Allocation Failure)  76965K->645K(418816K), 0.0004488 secs]
32.863: Total time for which application threads were stopped: 0.0005689 seconds, Stopping threads took: 0.0000202 seconds
32.914: [GC (Allocation Failure)  75909K->645K(417792K), 0.0006798 secs]
32.915: Total time for which application threads were stopped: 0.0008082 seconds, Stopping threads took: 0.0000285 seconds
32.962: [GC (Allocation Failure)  74885K->613K(416768K), 0.0004776 secs]
32.962: Total time for which application threads were stopped: 0.0006029 seconds, Stopping threads took: 0.0000264 seconds
33.009: [GC (Allocation Failure)  73829K->645K(415744K), 0.0004400 secs]
33.010: Total time for which application threads were stopped: 0.0005332 seconds, Stopping threads took: 0.0000170 seconds
33.055: [GC (Allocation Failure)  72837K->645K(414720K), 0.0004744 secs]
33.056: Total time for which application threads were stopped: 0.0005935 seconds, Stopping threads took: 0.0000192 seconds
33.105: [GC (Allocation Failure)  71813K->677K(413696K), 0.0005853 secs]
33.105: Total time for which application threads were stopped: 0.0007044 seconds, Stopping threads took: 0.0000188 seconds
33.151: [GC (Allocation Failure)  70821K->741K(412672K), 0.0004131 secs]
33.151: Total time for which application threads were stopped: 0.0005298 seconds, Stopping threads took: 0.0000266 seconds
33.200: [GC (Allocation Failure)  69861K->645K(411648K), 0.0007080 secs]
33.201: Total time for which application threads were stopped: 0.0008458 seconds, Stopping threads took: 0.0000248 seconds
33.244: [GC (Allocation Failure)  68741K->613K(425472K), 0.0005701 secs]
33.245: Total time for which application threads were stopped: 0.0007114 seconds, Stopping threads took: 0.0000215 seconds
33.302: [GC (Allocation Failure)  82533K->677K(441856K), 0.0006466 secs]
33.303: Total time for which application threads were stopped: 0.0007893 seconds, Stopping threads took: 0.0000291 seconds
33.365: [GC (Allocation Failure)  98981K->645K(439808K), 0.0005989 secs]
33.365: Total time for which application threads were stopped: 0.0007492 seconds, Stopping threads took: 0.0000284 seconds
33.432: [GC (Allocation Failure)  96901K->645K(437760K), 0.0004726 secs]
33.432: Total time for which application threads were stopped: 0.0005937 seconds, Stopping threads took: 0.0000196 seconds
33.491: [GC (Allocation Failure)  94853K->709K(436224K), 0.0004355 secs]
33.492: Total time for which application threads were stopped: 0.0005559 seconds, Stopping threads took: 0.0000191 seconds
33.556: [GC (Allocation Failure)  93381K->677K(434688K), 0.0004720 secs]
33.556: Total time for which application threads were stopped: 0.0006005 seconds, Stopping threads took: 0.0000269 seconds
33.614: [GC (Allocation Failure)  91813K->645K(433152K), 0.0004711 secs]
33.614: Total time for which application threads were stopped: 0.0005959 seconds, Stopping threads took: 0.0000267 seconds
33.674: [GC (Allocation Failure)  90245K->677K(431616K), 0.0006027 secs]
33.675: Total time for which application threads were stopped: 0.0007340 seconds, Stopping threads took: 0.0000273 seconds
33.730: [GC (Allocation Failure)  88741K->677K(430080K), 0.0006049 secs]
33.731: Total time for which application threads were stopped: 0.0007317 seconds, Stopping threads took: 0.0000275 seconds
33.785: [GC (Allocation Failure)  87205K->645K(428544K), 0.0004846 secs]
33.786: Total time for which application threads were stopped: 0.0006374 seconds, Stopping threads took: 0.0000198 seconds
33.847: [GC (Allocation Failure)  85637K->645K(427008K), 0.0004849 secs]
33.847: Total time for which application threads were stopped: 0.0006127 seconds, Stopping threads took: 0.0000281 seconds
33.900: [GC (Allocation Failure)  84101K->613K(425472K), 0.0006029 secs]
33.900: Total time for which application threads were stopped: 0.0007337 seconds, Stopping threads took: 0.0000202 seconds
33.958: [GC (Allocation Failure)  82533K->645K(441856K), 0.0017631 secs]
33.960: Total time for which application threads were stopped: 0.0019044 seconds, Stopping threads took: 0.0000254 seconds
34.023: [GC (Allocation Failure)  98949K->677K(461824K), 0.0004799 secs]
34.023: Total time for which application threads were stopped: 0.0006072 seconds, Stopping threads took: 0.0000193 seconds
34.098: [GC (Allocation Failure)  118949K->645K(485888K), 0.0006428 secs]
34.099: Total time for which application threads were stopped: 0.0007721 seconds, Stopping threads took: 0.0000172 seconds
34.195: [GC (Allocation Failure)  142981K->613K(482304K), 0.0007138 secs]
34.196: Total time for which application threads were stopped: 0.0008465 seconds, Stopping threads took: 0.0000204 seconds
34.288: [GC (Allocation Failure)  139365K->677K(478720K), 0.0006769 secs]
34.289: Total time for which application threads were stopped: 0.0008282 seconds, Stopping threads took: 0.0000225 seconds
34.379: [GC (Allocation Failure)  135845K->613K(475648K), 0.0005993 secs]
34.380: Total time for which application threads were stopped: 0.0007291 seconds, Stopping threads took: 0.0000192 seconds
34.463: [GC (Allocation Failure)  132709K->613K(472576K), 0.0005690 secs]
34.464: Total time for which application threads were stopped: 0.0006953 seconds, Stopping threads took: 0.0000270 seconds
34.548: [GC (Allocation Failure)  129637K->677K(469504K), 0.0005522 secs]
34.549: Total time for which application threads were stopped: 0.0006897 seconds, Stopping threads took: 0.0000220 seconds
34.628: [GC (Allocation Failure)  126629K->613K(466432K), 0.0010647 secs]
34.629: Total time for which application threads were stopped: 0.0012079 seconds, Stopping threads took: 0.0000278 seconds
34.710: [GC (Allocation Failure)  123493K->677K(463872K), 0.0005561 secs]
34.710: Total time for which application threads were stopped: 0.0006844 seconds, Stopping threads took: 0.0000190 seconds
34.786: [GC (Allocation Failure)  120997K->677K(461312K), 0.0004973 secs]
34.786: Total time for which application threads were stopped: 0.0006318 seconds, Stopping threads took: 0.0000214 seconds
34.860: [GC (Allocation Failure)  118437K->645K(458752K), 0.0004748 secs]
34.861: Total time for which application threads were stopped: 0.0006031 seconds, Stopping threads took: 0.0000277 seconds
34.933: [GC (Allocation Failure)  115845K->709K(456192K), 0.0005147 secs]
34.933: Total time for which application threads were stopped: 0.0006439 seconds, Stopping threads took: 0.0000199 seconds
35.005: [GC (Allocation Failure)  113349K->645K(453632K), 0.0005842 secs]
35.006: Total time for which application threads were stopped: 0.0006869 seconds, Stopping threads took: 0.0000176 seconds
35.075: [GC (Allocation Failure)  110725K->645K(451584K), 0.0005306 secs]
35.075: Total time for which application threads were stopped: 0.0006983 seconds, Stopping threads took: 0.0000603 seconds
35.143: [GC (Allocation Failure)  108677K->645K(449536K), 0.0005151 secs]
35.144: Total time for which application threads were stopped: 0.0006399 seconds, Stopping threads took: 0.0000255 seconds
35.216: [GC (Allocation Failure)  106629K->709K(447488K), 0.0005407 secs]
35.217: Total time for which application threads were stopped: 0.0006835 seconds, Stopping threads took: 0.0000206 seconds
35.288: [GC (Allocation Failure)  104645K->677K(445440K), 0.0005260 secs]
35.288: Total time for which application threads were stopped: 0.0006646 seconds, Stopping threads took: 0.0000215 seconds
35.353: [GC (Allocation Failure)  102565K->677K(443392K), 0.0005032 secs]
35.353: Total time for which application threads were stopped: 0.0006191 seconds, Stopping threads took: 0.0000191 seconds
35.418: [GC (Allocation Failure)  100517K->677K(441344K), 0.0004898 secs]
35.418: Total time for which application threads were stopped: 0.0006087 seconds, Stopping threads took: 0.0000197 seconds
35.480: [GC (Allocation Failure)  98469K->677K(439296K), 0.0005571 secs]
35.480: Total time for which application threads were stopped: 0.0006716 seconds, Stopping threads took: 0.0000189 seconds
35.540: [GC (Allocation Failure)  96421K->677K(437760K), 0.0005155 secs]
35.541: Total time for which application threads were stopped: 0.0006319 seconds, Stopping threads took: 0.0000192 seconds
35.600: [GC (Allocation Failure)  94885K->677K(436224K), 0.0004691 secs]
35.601: Total time for which application threads were stopped: 0.0005950 seconds, Stopping threads took: 0.0000276 seconds
35.660: [GC (Allocation Failure)  93349K->677K(434688K), 0.0004483 secs]
35.660: Total time for which application threads were stopped: 0.0006802 seconds, Stopping threads took: 0.0000261 seconds
35.717: [GC (Allocation Failure)  91813K->677K(433152K), 0.0004835 secs]
35.718: Total time for which application threads were stopped: 0.0006096 seconds, Stopping threads took: 0.0000190 seconds
35.779: [GC (Allocation Failure)  90277K->677K(431616K), 0.0004530 secs]
35.780: Total time for which application threads were stopped: 0.0005765 seconds, Stopping threads took: 0.0000270 seconds
35.835: [GC (Allocation Failure)  88741K->613K(430080K), 0.0005562 secs]
35.836: Total time for which application threads were stopped: 0.0006733 seconds, Stopping threads took: 0.0000194 seconds
35.896: [GC (Allocation Failure)  87141K->645K(428544K), 0.0005152 secs]
35.897: Total time for which application threads were stopped: 0.0006422 seconds, Stopping threads took: 0.0000273 seconds
35.950: [GC (Allocation Failure)  85637K->645K(427008K), 0.0004451 secs]
35.951: Total time for which application threads were stopped: 0.0005599 seconds, Stopping threads took: 0.0000194 seconds
36.004: [GC (Allocation Failure)  84101K->645K(425472K), 0.0005130 secs]
36.005: Total time for which application threads were stopped: 0.0006236 seconds, Stopping threads took: 0.0000169 seconds
36.056: [GC (Allocation Failure)  82565K->709K(423936K), 0.0004930 secs]
36.057: Total time for which application threads were stopped: 0.0006213 seconds, Stopping threads took: 0.0000198 seconds
36.107: [GC (Allocation Failure)  81093K->645K(422400K), 0.0005789 secs]
36.108: Total time for which application threads were stopped: 0.0007327 seconds, Stopping threads took: 0.0000289 seconds
36.162: [GC (Allocation Failure)  79493K->741K(421376K), 0.0003859 secs]
36.162: Total time for which application threads were stopped: 0.0005019 seconds, Stopping threads took: 0.0000262 seconds
36.212: [GC (Allocation Failure)  78565K->645K(420352K), 0.0004228 secs]
36.213: Total time for which application threads were stopped: 0.0005419 seconds, Stopping threads took: 0.0000249 seconds
36.261: [GC (Allocation Failure)  77445K->677K(419328K), 0.0005219 secs]
36.262: Total time for which application threads were stopped: 0.0006565 seconds, Stopping threads took: 0.0000272 seconds
36.315: [GC (Allocation Failure)  76453K->709K(418304K), 0.0004953 secs]
36.315: Total time for which application threads were stopped: 0.0006379 seconds, Stopping threads took: 0.0000207 seconds
36.363: [GC (Allocation Failure)  75461K->645K(417280K), 0.0004684 secs]
36.363: Total time for which application threads were stopped: 0.0006087 seconds, Stopping threads took: 0.0000307 seconds
36.409: [GC (Allocation Failure)  74373K->741K(416256K), 0.0006922 secs]
36.410: Total time for which application threads were stopped: 0.0008189 seconds, Stopping threads took: 0.0000279 seconds
36.459: [GC (Allocation Failure)  73445K->645K(415232K), 0.0006645 secs]
36.460: Total time for which application threads were stopped: 0.0007732 seconds, Stopping threads took: 0.0000164 seconds
36.508: [GC (Allocation Failure)  72325K->645K(414208K), 0.0005118 secs]
36.509: Total time for which application threads were stopped: 0.0006430 seconds, Stopping threads took: 0.0000195 seconds
36.553: [GC (Allocation Failure)  71301K->645K(413184K), 0.0004546 secs]
36.554: Total time for which application threads were stopped: 0.0005621 seconds, Stopping threads took: 0.0000169 seconds
36.598: [GC (Allocation Failure)  70277K->645K(412160K), 0.0005109 secs]
36.598: Total time for which application threads were stopped: 0.0006235 seconds, Stopping threads took: 0.0000175 seconds
36.643: [GC (Allocation Failure)  69253K->741K(411136K), 0.0005035 secs]
36.643: Total time for which application threads were stopped: 0.0006330 seconds, Stopping threads took: 0.0000272 seconds
36.686: [GC (Allocation Failure)  68325K->677K(424960K), 0.0005889 secs]
36.687: Total time for which application threads were stopped: 0.0007306 seconds, Stopping threads took: 0.0000269 seconds
36.744: [GC (Allocation Failure)  82085K->709K(423424K), 0.0004702 secs]
36.745: Total time for which application threads were stopped: 0.0005965 seconds, Stopping threads took: 0.0000217 seconds
36.795: [GC (Allocation Failure)  80581K->677K(422400K), 0.0004709 secs]
36.796: Total time for which application threads were stopped: 0.0005974 seconds, Stopping threads took: 0.0000272 seconds
36.852: [GC (Allocation Failure)  79525K->645K(421376K), 0.0004648 secs]
36.852: Total time for which application threads were stopped: 0.0005791 seconds, Stopping threads took: 0.0000195 seconds
36.901: [GC (Allocation Failure)  78469K->709K(420352K), 0.0004906 secs]
36.902: Total time for which application threads were stopped: 0.0006064 seconds, Stopping threads took: 0.0000192 seconds
36.950: [GC (Allocation Failure)  77509K->741K(419328K), 0.0004991 secs]
36.951: Total time for which application threads were stopped: 0.0006202 seconds, Stopping threads took: 0.0000198 seconds
37.000: [GC (Allocation Failure)  76517K->677K(418304K), 0.0005371 secs]
37.000: Total time for which application threads were stopped: 0.0006711 seconds, Stopping threads took: 0.0000275 seconds
37.047: [GC (Allocation Failure)  75429K->677K(417280K), 0.0005342 secs]
37.048: Total time for which application threads were stopped: 0.0006719 seconds, Stopping threads took: 0.0000288 seconds
37.094: [GC (Allocation Failure)  74405K->645K(416256K), 0.0005323 secs]
37.095: Total time for which application threads were stopped: 0.0006977 seconds, Stopping threads took: 0.0000296 seconds
37.147: [GC (Allocation Failure)  73349K->741K(415232K), 0.0004157 secs]
37.148: Total time for which application threads were stopped: 0.0005493 seconds, Stopping threads took: 0.0000256 seconds
37.193: [GC (Allocation Failure)  72421K->709K(414208K), 0.0006046 secs]
37.194: Total time for which application threads were stopped: 0.0007259 seconds, Stopping threads took: 0.0000203 seconds
37.243: [GC (Allocation Failure)  71365K->613K(413184K), 0.0004747 secs]
37.244: Total time for which application threads were stopped: 0.0006002 seconds, Stopping threads took: 0.0000208 seconds
37.288: [GC (Allocation Failure)  70245K->645K(412160K), 0.0004879 secs]
37.288: Total time for which application threads were stopped: 0.0006070 seconds, Stopping threads took: 0.0000191 seconds
37.332: [GC (Allocation Failure)  69253K->645K(411136K), 0.0004574 secs]
37.332: Total time for which application threads were stopped: 0.0005736 seconds, Stopping threads took: 0.0000200 seconds
37.379: [GC (Allocation Failure)  68229K->709K(410112K), 0.0005228 secs]
37.380: Total time for which application threads were stopped: 0.0006446 seconds, Stopping threads took: 0.0000195 seconds
37.425: [GC (Allocation Failure)  67269K->645K(409088K), 0.0005746 secs]
37.426: Total time for which application threads were stopped: 0.0007168 seconds, Stopping threads took: 0.0000208 seconds
37.471: [GC (Allocation Failure)  66181K->645K(408064K), 0.0004774 secs]
37.471: Total time for which application threads were stopped: 0.0005961 seconds, Stopping threads took: 0.0000226 seconds
37.518: [GC (Allocation Failure)  65157K->677K(407040K), 0.0005213 secs]
37.519: Total time for which application threads were stopped: 0.0006306 seconds, Stopping threads took: 0.0000174 seconds
37.565: [GC (Allocation Failure)  64165K->645K(406016K), 0.0004559 secs]
37.566: Total time for which application threads were stopped: 0.0005627 seconds, Stopping threads took: 0.0000165 seconds
37.605: [GC (Allocation Failure)  63109K->645K(405504K), 0.0004484 secs]
37.606: Total time for which application threads were stopped: 0.0005557 seconds, Stopping threads took: 0.0000169 seconds
37.646: [GC (Allocation Failure)  62597K->645K(404992K), 0.0004583 secs]
37.646: Total time for which application threads were stopped: 0.0005752 seconds, Stopping threads took: 0.0000191 seconds
37.690: [GC (Allocation Failure)  62085K->645K(404480K), 0.0004677 secs]
37.690: Total time for which application threads were stopped: 0.0005979 seconds, Stopping threads took: 0.0000262 seconds
37.734: [GC (Allocation Failure)  61573K->677K(403968K), 0.0004745 secs]
37.735: Total time for which application threads were stopped: 0.0006187 seconds, Stopping threads took: 0.0000196 seconds
37.780: [GC (Allocation Failure)  61093K->613K(403456K), 0.0004817 secs]
37.780: Total time for which application threads were stopped: 0.0006130 seconds, Stopping threads took: 0.0000216 seconds
37.823: [GC (Allocation Failure)  60517K->645K(402944K), 0.0005550 secs]
37.824: Total time for which application threads were stopped: 0.0006881 seconds, Stopping threads took: 0.0000204 seconds
37.868: [GC (Allocation Failure)  60037K->613K(402432K), 0.0005834 secs]
37.869: Total time for which application threads were stopped: 0.0007371 seconds, Stopping threads took: 0.0000296 seconds
37.912: [GC (Allocation Failure)  59493K->709K(414208K), 0.0006777 secs]
37.913: Total time for which application threads were stopped: 0.0008075 seconds, Stopping threads took: 0.0000216 seconds
37.964: [GC (Allocation Failure)  71365K->645K(428544K), 0.0008887 secs]
37.964: Total time for which application threads were stopped: 0.0010244 seconds, Stopping threads took: 0.0000186 seconds
38.019: [GC (Allocation Failure)  85637K->677K(445952K), 0.0004710 secs]
38.019: Total time for which application threads were stopped: 0.0005879 seconds, Stopping threads took: 0.0000192 seconds
38.083: [GC (Allocation Failure)  103077K->709K(466432K), 0.0006150 secs]
38.084: Total time for which application threads were stopped: 0.0007456 seconds, Stopping threads took: 0.0000203 seconds
38.162: [GC (Allocation Failure)  123589K->645K(491008K), 0.0012036 secs]
38.163: Total time for which application threads were stopped: 0.0013261 seconds, Stopping threads took: 0.0000256 seconds
38.259: [GC (Allocation Failure)  148101K->645K(487424K), 0.0005118 secs]
38.259: Total time for which application threads were stopped: 0.0006207 seconds, Stopping threads took: 0.0000173 seconds
38.352: [GC (Allocation Failure)  144517K->645K(483840K), 0.0005198 secs]
38.353: Total time for which application threads were stopped: 0.0006476 seconds, Stopping threads took: 0.0000201 seconds
38.440: [GC (Allocation Failure)  140933K->613K(480256K), 0.0005575 secs]
38.441: Total time for which application threads were stopped: 0.0006646 seconds, Stopping threads took: 0.0000200 seconds
38.530: [GC (Allocation Failure)  137317K->645K(477184K), 0.0004105 secs]
38.530: Total time for which application threads were stopped: 0.0005185 seconds, Stopping threads took: 0.0000167 seconds
38.614: [GC (Allocation Failure)  134277K->613K(474112K), 0.0004022 secs]
38.614: Total time for which application threads were stopped: 0.0005038 seconds, Stopping threads took: 0.0000164 seconds
38.697: [GC (Allocation Failure)  131173K->677K(471040K), 0.0004417 secs]
38.697: Total time for which application threads were stopped: 0.0005738 seconds, Stopping threads took: 0.0000281 seconds
38.782: [GC (Allocation Failure)  128165K->677K(467968K), 0.0006062 secs]
38.783: Total time for which application threads were stopped: 0.0007205 seconds, Stopping threads took: 0.0000185 seconds
38.861: [GC (Allocation Failure)  125093K->613K(465408K), 0.0004864 secs]
38.861: Total time for which application threads were stopped: 0.0006002 seconds, Stopping threads took: 0.0000171 seconds
38.938: [GC (Allocation Failure)  122469K->677K(462848K), 0.0005888 secs]
38.938: Total time for which application threads were stopped: 0.0007095 seconds, Stopping threads took: 0.0000197 seconds
39.014: [GC (Allocation Failure)  119973K->677K(460288K), 0.0004668 secs]
39.015: Total time for which application threads were stopped: 0.0005818 seconds, Stopping threads took: 0.0000188 seconds
39.088: [GC (Allocation Failure)  117413K->645K(457728K), 0.0004985 secs]
39.088: Total time for which application threads were stopped: 0.0006169 seconds, Stopping threads took: 0.0000199 seconds
39.166: [GC (Allocation Failure)  114821K->613K(455168K), 0.0005446 secs]
39.167: Total time for which application threads were stopped: 0.0006689 seconds, Stopping threads took: 0.0000264 seconds
39.237: [GC (Allocation Failure)  112229K->709K(452608K), 0.0004791 secs]
39.237: Total time for which application threads were stopped: 0.0005980 seconds, Stopping threads took: 0.0000194 seconds
39.306: [GC (Allocation Failure)  109765K->677K(450560K), 0.0004986 secs]
39.306: Total time for which application threads were stopped: 0.0006233 seconds, Stopping threads took: 0.0000187 seconds
39.373: [GC (Allocation Failure)  107685K->677K(448512K), 0.0004637 secs]
39.374: Total time for which application threads were stopped: 0.0005831 seconds, Stopping threads took: 0.0000195 seconds
39.440: [GC (Allocation Failure)  105637K->645K(446464K), 0.0004740 secs]
39.440: Total time for which application threads were stopped: 0.0005930 seconds, Stopping threads took: 0.0000190 seconds
39.505: [GC (Allocation Failure)  103557K->677K(444416K), 0.0004930 secs]
39.505: Total time for which application threads were stopped: 0.0006117 seconds, Stopping threads took: 0.0000195 seconds
39.568: [GC (Allocation Failure)  101541K->645K(442368K), 0.0006188 secs]
39.569: Total time for which application threads were stopped: 0.0007440 seconds, Stopping threads took: 0.0000273 seconds
39.631: [GC (Allocation Failure)  99461K->709K(440320K), 0.0004871 secs]
39.632: Total time for which application threads were stopped: 0.0006258 seconds, Stopping threads took: 0.0000264 seconds
39.693: [GC (Allocation Failure)  97477K->645K(438272K), 0.0006036 secs]
39.693: Total time for which application threads were stopped: 0.0007339 seconds, Stopping threads took: 0.0000278 seconds
39.758: [GC (Allocation Failure)  95365K->677K(436736K), 0.0005563 secs]
39.759: Total time for which application threads were stopped: 0.0006876 seconds, Stopping threads took: 0.0000209 seconds
39.817: [GC (Allocation Failure)  93861K->741K(435200K), 0.0004934 secs]
39.818: Total time for which application threads were stopped: 0.0006168 seconds, Stopping threads took: 0.0000193 seconds
39.875: [GC (Allocation Failure)  92389K->613K(433664K), 0.0005722 secs]
39.876: Total time for which application threads were stopped: 0.0007060 seconds, Stopping threads took: 0.0000212 seconds
39.933: [GC (Allocation Failure)  90725K->613K(432128K), 0.0006551 secs]
39.933: Total time for which application threads were stopped: 0.0007915 seconds, Stopping threads took: 0.0000207 seconds
39.996: [GC (Allocation Failure)  89189K->677K(430592K), 0.0004750 secs]
39.997: Total time for which application threads were stopped: 0.0005942 seconds, Stopping threads took: 0.0000195 seconds
40.052: [GC (Allocation Failure)  87717K->645K(429056K), 0.0005101 secs]
40.052: Total time for which application threads were stopped: 0.0006281 seconds, Stopping threads took: 0.0000193 seconds
40.111: [GC (Allocation Failure)  86149K->709K(427520K), 0.0005095 secs]
40.112: Total time for which application threads were stopped: 0.0006511 seconds, Stopping threads took: 0.0000288 seconds
40.166: [GC (Allocation Failure)  84677K->645K(425984K), 0.0004506 secs]
40.166: Total time for which application threads were stopped: 0.0005818 seconds, Stopping threads took: 0.0000279 seconds
40.218: [GC (Allocation Failure)  83077K->677K(424448K), 0.0006971 secs]
40.219: Total time for which application threads were stopped: 0.0008400 seconds, Stopping threads took: 0.0000213 seconds
40.270: [GC (Allocation Failure)  81573K->741K(422912K), 0.0005128 secs]
40.270: Total time for which application threads were stopped: 0.0006583 seconds, Stopping threads took: 0.0000218 seconds
40.320: [GC (Allocation Failure)  80101K->645K(421888K), 0.0006173 secs]
40.321: Total time for which application threads were stopped: 0.0007774 seconds, Stopping threads took: 0.0000294 seconds
40.376: [GC (Allocation Failure)  78981K->677K(420864K), 0.0006300 secs]
40.376: Total time for which application threads were stopped: 0.0007669 seconds, Stopping threads took: 0.0000299 seconds
40.425: [GC (Allocation Failure)  77989K->677K(419840K), 0.0004852 secs]
40.426: Total time for which application threads were stopped: 0.0006156 seconds, Stopping threads took: 0.0000282 seconds
40.474: [GC (Allocation Failure)  76965K->645K(418816K), 0.0004865 secs]
40.474: Total time for which application threads were stopped: 0.0006229 seconds, Stopping threads took: 0.0000219 seconds
40.521: [GC (Allocation Failure)  75909K->677K(417792K), 0.0005605 secs]
40.522: Total time for which application threads were stopped: 0.0007082 seconds, Stopping threads took: 0.0000303 seconds
40.569: [GC (Allocation Failure)  74917K->741K(416768K), 0.0005194 secs]
40.569: Total time for which application threads were stopped: 0.0006739 seconds, Stopping threads took: 0.0000313 seconds
40.621: [GC (Allocation Failure)  73957K->677K(415744K), 0.0005116 secs]
40.621: Total time for which application threads were stopped: 0.0006403 seconds, Stopping threads took: 0.0000279 seconds
40.668: [GC (Allocation Failure)  72869K->645K(414720K), 0.0004373 secs]
40.668: Total time for which application threads were stopped: 0.0005703 seconds, Stopping threads took: 0.0000240 seconds
40.719: [GC (Allocation Failure)  71813K->613K(413696K), 0.0005624 secs]
40.719: Total time for which application threads were stopped: 0.0006997 seconds, Stopping threads took: 0.0000294 seconds
40.771: [GC (Allocation Failure)  70757K->613K(412672K), 0.0006476 secs]
40.771: Total time for which application threads were stopped: 0.0007836 seconds, Stopping threads took: 0.0000275 seconds
40.821: [GC (Allocation Failure)  69733K->677K(411648K), 0.0005667 secs]
40.821: Total time for which application threads were stopped: 0.0006908 seconds, Stopping threads took: 0.0000274 seconds
40.864: [GC (Allocation Failure)  68773K->709K(425472K), 0.0005949 secs]
40.865: Total time for which application threads were stopped: 0.0007142 seconds, Stopping threads took: 0.0000193 seconds
40.923: [GC (Allocation Failure)  82629K->677K(423936K), 0.0005804 secs]
40.923: Total time for which application threads were stopped: 0.0007026 seconds, Stopping threads took: 0.0000189 seconds
40.981: [GC (Allocation Failure)  81061K->677K(422400K), 0.0004517 secs]
40.981: Total time for which application threads were stopped: 0.0005755 seconds, Stopping threads took: 0.0000251 seconds
41.035: [GC (Allocation Failure)  79525K->677K(421376K), 0.0004522 secs]
41.036: Total time for which application threads were stopped: 0.0005720 seconds, Stopping threads took: 0.0000196 seconds
41.091: [GC (Allocation Failure)  78501K->677K(420352K), 0.0006083 secs]
41.092: Total time for which application threads were stopped: 0.0007255 seconds, Stopping threads took: 0.0000192 seconds
41.147: [GC (Allocation Failure)  77477K->645K(419328K), 0.0004376 secs]
41.147: Total time for which application threads were stopped: 0.0005624 seconds, Stopping threads took: 0.0000259 seconds
41.195: [GC (Allocation Failure)  76421K->645K(418304K), 0.0004765 secs]
41.195: Total time for which application threads were stopped: 0.0006034 seconds, Stopping threads took: 0.0000270 seconds
41.247: [GC (Allocation Failure)  75397K->677K(417280K), 0.0006435 secs]
41.247: Total time for which application threads were stopped: 0.0007612 seconds, Stopping threads took: 0.0000192 seconds
41.294: [GC (Allocation Failure)  74405K->613K(416256K), 0.0006017 secs]
41.294: Total time for which application threads were stopped: 0.0007289 seconds, Stopping threads took: 0.0000272 seconds
41.345: [GC (Allocation Failure)  73317K->613K(415232K), 0.0005691 secs]
41.346: Total time for which application threads were stopped: 0.0006961 seconds, Stopping threads took: 0.0000276 seconds
41.391: [GC (Allocation Failure)  72293K->645K(414208K), 0.0004648 secs]
41.392: Total time for which application threads were stopped: 0.0006037 seconds, Stopping threads took: 0.0000276 seconds
41.436: [GC (Allocation Failure)  71301K->645K(413184K), 0.0005087 secs]
41.437: Total time for which application threads were stopped: 0.0006310 seconds, Stopping threads took: 0.0000203 seconds
41.481: [GC (Allocation Failure)  70277K->645K(412160K), 0.0005863 secs]
41.482: Total time for which application threads were stopped: 0.0007327 seconds, Stopping threads took: 0.0000299 seconds
41.530: [GC (Allocation Failure)  69253K->709K(411136K), 0.0005845 secs]
41.531: Total time for which application threads were stopped: 0.0007223 seconds, Stopping threads took: 0.0000216 seconds
41.574: [GC (Allocation Failure)  68293K->645K(424960K), 0.0006040 secs]
41.575: Total time for which application threads were stopped: 0.0007609 seconds, Stopping threads took: 0.0000304 seconds
41.631: [GC (Allocation Failure)  82053K->645K(423424K), 0.0004992 secs]
41.632: Total time for which application threads were stopped: 0.0006379 seconds, Stopping threads took: 0.0000313 seconds
41.688: [GC (Allocation Failure)  80517K->677K(422400K), 0.0004658 secs]
41.688: Total time for which application threads were stopped: 0.0005927 seconds, Stopping threads took: 0.0000195 seconds
41.738: [GC (Allocation Failure)  79525K->613K(421376K), 0.0005104 secs]
41.739: Total time for which application threads were stopped: 0.0006735 seconds, Stopping threads took: 0.0000279 seconds
41.794: [GC (Allocation Failure)  78437K->645K(420352K), 0.0006694 secs]
41.795: Total time for which application threads were stopped: 0.0007872 seconds, Stopping threads took: 0.0000192 seconds
41.843: [GC (Allocation Failure)  77445K->709K(419328K), 0.0004821 secs]
41.844: Total time for which application threads were stopped: 0.0006208 seconds, Stopping threads took: 0.0000278 seconds
41.898: [GC (Allocation Failure)  76485K->613K(418304K), 0.0004644 secs]
41.899: Total time for which application threads were stopped: 0.0005899 seconds, Stopping threads took: 0.0000205 seconds
41.951: [GC (Allocation Failure)  75365K->645K(417280K), 0.0004327 secs]
41.952: Total time for which application threads were stopped: 0.0005422 seconds, Stopping threads took: 0.0000172 seconds
41.999: [GC (Allocation Failure)  74373K->645K(416256K), 0.0004241 secs]
42.000: Total time for which application threads were stopped: 0.0005337 seconds, Stopping threads took: 0.0000172 seconds
42.051: [GC (Allocation Failure)  73349K->741K(415232K), 0.0005643 secs]
42.052: Total time for which application threads were stopped: 0.0006847 seconds, Stopping threads took: 0.0000194 seconds
42.103: [GC (Allocation Failure)  72421K->645K(414208K), 0.0005008 secs]
42.103: Total time for which application threads were stopped: 0.0006225 seconds, Stopping threads took: 0.0000199 seconds
42.154: [GC (Allocation Failure)  71301K->645K(413184K), 0.0004131 secs]
42.154: Total time for which application threads were stopped: 0.0005373 seconds, Stopping threads took: 0.0000260 seconds
42.198: [GC (Allocation Failure)  70277K->645K(412160K), 0.0005742 secs]
42.199: Total time for which application threads were stopped: 0.0007022 seconds, Stopping threads took: 0.0000282 seconds
42.242: [GC (Allocation Failure)  69253K->677K(425984K), 0.0007460 secs]
42.243: Total time for which application threads were stopped: 0.0008816 seconds, Stopping threads took: 0.0000197 seconds
42.301: [GC (Allocation Failure)  83109K->645K(424448K), 0.0004628 secs]
42.302: Total time for which application threads were stopped: 0.0006166 seconds, Stopping threads took: 0.0000194 seconds
42.353: [GC (Allocation Failure)  81541K->677K(422912K), 0.0006237 secs]
42.353: Total time for which application threads were stopped: 0.0007459 seconds, Stopping threads took: 0.0000194 seconds
42.404: [GC (Allocation Failure)  80037K->613K(421888K), 0.0005471 secs]
42.405: Total time for which application threads were stopped: 0.0006738 seconds, Stopping threads took: 0.0000203 seconds
42.457: [GC (Allocation Failure)  78949K->677K(420864K), 0.0004993 secs]
42.457: Total time for which application threads were stopped: 0.0006291 seconds, Stopping threads took: 0.0000217 seconds
42.509: [GC (Allocation Failure)  77989K->677K(419840K), 0.0005987 secs]
42.510: Total time for which application threads were stopped: 0.0007167 seconds, Stopping threads took: 0.0000207 seconds
42.564: [GC (Allocation Failure)  76965K->677K(418816K), 0.0006172 secs]
42.564: Total time for which application threads were stopped: 0.0007252 seconds, Stopping threads took: 0.0000167 seconds
42.612: [GC (Allocation Failure)  75941K->741K(417792K), 0.0005933 secs]
42.612: Total time for which application threads were stopped: 0.0007015 seconds, Stopping threads took: 0.0000169 seconds
42.660: [GC (Allocation Failure)  74981K->645K(416768K), 0.0003853 secs]
42.661: Total time for which application threads were stopped: 0.0005171 seconds, Stopping threads took: 0.0000278 seconds
42.707: [GC (Allocation Failure)  73861K->677K(415744K), 0.0006442 secs]
42.708: Total time for which application threads were stopped: 0.0007789 seconds, Stopping threads took: 0.0000201 seconds
42.753: [GC (Allocation Failure)  72869K->741K(430592K), 0.0007308 secs]
42.754: Total time for which application threads were stopped: 0.0008721 seconds, Stopping threads took: 0.0000212 seconds
42.809: [GC (Allocation Failure)  87781K->677K(448000K), 0.0005428 secs]
42.809: Total time for which application threads were stopped: 0.0006726 seconds, Stopping threads took: 0.0000223 seconds
42.875: [GC (Allocation Failure)  105125K->645K(445952K), 0.0005647 secs]
42.876: Total time for which application threads were stopped: 0.0007236 seconds, Stopping threads took: 0.0000301 seconds
42.943: [GC (Allocation Failure)  103045K->677K(443904K), 0.0004850 secs]
42.944: Total time for which application threads were stopped: 0.0006222 seconds, Stopping threads took: 0.0000220 seconds
43.008: [GC (Allocation Failure)  101029K->709K(441856K), 0.0004525 secs]
43.008: Total time for which application threads were stopped: 0.0005707 seconds, Stopping threads took: 0.0000199 seconds
43.071: [GC (Allocation Failure)  99013K->645K(439808K), 0.0005526 secs]
43.071: Total time for which application threads were stopped: 0.0006787 seconds, Stopping threads took: 0.0000276 seconds
43.132: [GC (Allocation Failure)  96901K->645K(437760K), 0.0004591 secs]
43.133: Total time for which application threads were stopped: 0.0005884 seconds, Stopping threads took: 0.0000208 seconds
43.198: [GC (Allocation Failure)  94853K->709K(436224K), 0.0004851 secs]
43.199: Total time for which application threads were stopped: 0.0006300 seconds, Stopping threads took: 0.0000214 seconds
43.264: [GC (Allocation Failure)  93381K->645K(434688K), 0.0004663 secs]
43.264: Total time for which application threads were stopped: 0.0005765 seconds, Stopping threads took: 0.0000169 seconds
43.327: [GC (Allocation Failure)  91781K->677K(433152K), 0.0005006 secs]
43.327: Total time for which application threads were stopped: 0.0006580 seconds, Stopping threads took: 0.0000278 seconds
43.387: [GC (Allocation Failure)  90277K->645K(431616K), 0.0005047 secs]
43.387: Total time for which application threads were stopped: 0.0006608 seconds, Stopping threads took: 0.0000211 seconds
43.449: [GC (Allocation Failure)  88709K->709K(430080K), 0.0004537 secs]
43.450: Total time for which application threads were stopped: 0.0005804 seconds, Stopping threads took: 0.0000211 seconds
43.509: [GC (Allocation Failure)  87237K->645K(428544K), 0.0004861 secs]
43.510: Total time for which application threads were stopped: 0.0006333 seconds, Stopping threads took: 0.0000176 seconds
43.564: [GC (Allocation Failure)  85637K->645K(427008K), 0.0006039 secs]
43.564: Total time for which application threads were stopped: 0.0007353 seconds, Stopping threads took: 0.0000302 seconds
43.622: [GC (Allocation Failure)  84101K->613K(425472K), 0.0004832 secs]
43.622: Total time for which application threads were stopped: 0.0006122 seconds, Stopping threads took: 0.0000196 seconds
43.679: [GC (Allocation Failure)  82533K->677K(423936K), 0.0004463 secs]
43.680: Total time for which application threads were stopped: 0.0005674 seconds, Stopping threads took: 0.0000199 seconds
43.731: [GC (Allocation Failure)  81061K->645K(422400K), 0.0005462 secs]
43.731: Total time for which application threads were stopped: 0.0006900 seconds, Stopping threads took: 0.0000210 seconds
43.787: [GC (Allocation Failure)  79493K->677K(421376K), 0.0005987 secs]
43.788: Total time for which application threads were stopped: 0.0007417 seconds, Stopping threads took: 0.0000224 seconds
43.837: [GC (Allocation Failure)  78501K->613K(420352K), 0.0006047 secs]
43.837: Total time for which application threads were stopped: 0.0007429 seconds, Stopping threads took: 0.0000215 seconds
43.886: [GC (Allocation Failure)  77413K->677K(419328K), 0.0005341 secs]
43.886: Total time for which application threads were stopped: 0.0006709 seconds, Stopping threads took: 0.0000201 seconds
43.934: [GC (Allocation Failure)  76453K->613K(418304K), 0.0005571 secs]
43.935: Total time for which application threads were stopped: 0.0007000 seconds, Stopping threads took: 0.0000212 seconds
43.989: [GC (Allocation Failure)  75365K->645K(417280K), 0.0004985 secs]
43.990: Total time for which application threads were stopped: 0.0006251 seconds, Stopping threads took: 0.0000273 seconds
44.036: [GC (Allocation Failure)  74373K->677K(416256K), 0.0004997 secs]
44.037: Total time for which application threads were stopped: 0.0006313 seconds, Stopping threads took: 0.0000213 seconds
44.083: [GC (Allocation Failure)  73381K->645K(415232K), 0.0004478 secs]
44.083: Total time for which application threads were stopped: 0.0005722 seconds, Stopping threads took: 0.0000222 seconds
44.134: [GC (Allocation Failure)  72325K->677K(414208K), 0.0004640 secs]
44.135: Total time for which application threads were stopped: 0.0006001 seconds, Stopping threads took: 0.0000194 seconds
44.179: [GC (Allocation Failure)  71333K->613K(413184K), 0.0004614 secs]
44.180: Total time for which application threads were stopped: 0.0005930 seconds, Stopping threads took: 0.0000282 seconds
44.228: [GC (Allocation Failure)  70245K->677K(412160K), 0.0005683 secs]
44.228: Total time for which application threads were stopped: 0.0007023 seconds, Stopping threads took: 0.0000212 seconds
44.271: [GC (Allocation Failure)  69285K->677K(425984K), 0.0007344 secs]
44.272: Total time for which application threads were stopped: 0.0008795 seconds, Stopping threads took: 0.0000288 seconds
44.324: [GC (Allocation Failure)  83109K->645K(442880K), 0.0006179 secs]
44.325: Total time for which application threads were stopped: 0.0007721 seconds, Stopping threads took: 0.0000294 seconds
44.393: [GC (Allocation Failure)  99973K->677K(440832K), 0.0005119 secs]
44.394: Total time for which application threads were stopped: 0.0006360 seconds, Stopping threads took: 0.0000187 seconds
44.455: [GC (Allocation Failure)  97957K->709K(438784K), 0.0006700 secs]
44.456: Total time for which application threads were stopped: 0.0008093 seconds, Stopping threads took: 0.0000198 seconds
44.520: [GC (Allocation Failure)  95941K->741K(437248K), 0.0004895 secs]
44.520: Total time for which application threads were stopped: 0.0006181 seconds, Stopping threads took: 0.0000220 seconds
44.579: [GC (Allocation Failure)  94437K->741K(435712K), 0.0006917 secs]
44.580: Total time for which application threads were stopped: 0.0008116 seconds, Stopping threads took: 0.0000202 seconds
44.638: [GC (Allocation Failure)  92901K->645K(434176K), 0.0005281 secs]
44.638: Total time for which application threads were stopped: 0.0006532 seconds, Stopping threads took: 0.0000184 seconds
44.696: [GC (Allocation Failure)  91269K->709K(432640K), 0.0005922 secs]
44.697: Total time for which application threads were stopped: 0.0007199 seconds, Stopping threads took: 0.0000271 seconds
44.753: [GC (Allocation Failure)  89797K->709K(431104K), 0.0004843 secs]
44.753: Total time for which application threads were stopped: 0.0006002 seconds, Stopping threads took: 0.0000192 seconds
44.808: [GC (Allocation Failure)  88261K->645K(429568K), 0.0004695 secs]
44.808: Total time for which application threads were stopped: 0.0005873 seconds, Stopping threads took: 0.0000195 seconds
44.862: [GC (Allocation Failure)  86661K->645K(428032K), 0.0004465 secs]
44.863: Total time for which application threads were stopped: 0.0005766 seconds, Stopping threads took: 0.0000191 seconds
44.923: [GC (Allocation Failure)  85125K->677K(426496K), 0.0004836 secs]
44.923: Total time for which application threads were stopped: 0.0006069 seconds, Stopping threads took: 0.0000268 seconds
44.984: [GC (Allocation Failure)  83621K->613K(424960K), 0.0005806 secs]
44.985: Total time for which application threads were stopped: 0.0007060 seconds, Stopping threads took: 0.0000278 seconds
45.036: [GC (Allocation Failure)  82021K->613K(423424K), 0.0006222 secs]
45.037: Total time for which application threads were stopped: 0.0007653 seconds, Stopping threads took: 0.0000278 seconds
45.091: [GC (Allocation Failure)  80485K->645K(422400K), 0.0004986 secs]
45.091: Total time for which application threads were stopped: 0.0006294 seconds, Stopping threads took: 0.0000210 seconds
45.147: [GC (Allocation Failure)  79493K->613K(421376K), 0.0005633 secs]
45.148: Total time for which application threads were stopped: 0.0006933 seconds, Stopping threads took: 0.0000198 seconds
45.197: [GC (Allocation Failure)  78437K->677K(420352K), 0.0005069 secs]
45.197: Total time for which application threads were stopped: 0.0006492 seconds, Stopping threads took: 0.0000293 seconds
45.246: [GC (Allocation Failure)  77477K->709K(419328K), 0.0005302 secs]
45.246: Total time for which application threads were stopped: 0.0006764 seconds, Stopping threads took: 0.0000292 seconds
45.294: [GC (Allocation Failure)  76485K->613K(418304K), 0.0006601 secs]
45.295: Total time for which application threads were stopped: 0.0008132 seconds, Stopping threads took: 0.0000295 seconds
45.342: [GC (Allocation Failure)  75365K->677K(417280K), 0.0006047 secs]
45.342: Total time for which application threads were stopped: 0.0007217 seconds, Stopping threads took: 0.0000194 seconds
45.394: [GC (Allocation Failure)  74405K->613K(416256K), 0.0004461 secs]
45.394: Total time for which application threads were stopped: 0.0005674 seconds, Stopping threads took: 0.0000195 seconds
45.443: [GC (Allocation Failure)  73317K->677K(431104K), 0.0007062 secs]
45.444: Total time for which application threads were stopped: 0.0008261 seconds, Stopping threads took: 0.0000199 seconds
45.505: [GC (Allocation Failure)  88229K->645K(429568K), 0.0005028 secs]
45.506: Total time for which application threads were stopped: 0.0006448 seconds, Stopping threads took: 0.0000214 seconds
45.560: [GC (Allocation Failure)  86661K->645K(428032K), 0.0005177 secs]
45.561: Total time for which application threads were stopped: 0.0006609 seconds, Stopping threads took: 0.0000292 seconds
45.617: [GC (Allocation Failure)  85125K->677K(426496K), 0.0005414 secs]
45.617: Total time for which application threads were stopped: 0.0006712 seconds, Stopping threads took: 0.0000223 seconds
45.670: [GC (Allocation Failure)  83621K->677K(424960K), 0.0004825 secs]
45.671: Total time for which application threads were stopped: 0.0006270 seconds, Stopping threads took: 0.0000283 seconds
45.722: [GC (Allocation Failure)  82085K->677K(423424K), 0.0007323 secs]
45.723: Total time for which application threads were stopped: 0.0008707 seconds, Stopping threads took: 0.0000207 seconds
45.773: [GC (Allocation Failure)  80549K->677K(422400K), 0.0005345 secs]
45.774: Total time for which application threads were stopped: 0.0006708 seconds, Stopping threads took: 0.0000216 seconds
45.824: [GC (Allocation Failure)  79525K->677K(421376K), 0.0005256 secs]
45.824: Total time for which application threads were stopped: 0.0006457 seconds, Stopping threads took: 0.0000198 seconds
45.873: [GC (Allocation Failure)  78501K->645K(420352K), 0.0005110 secs]
45.874: Total time for which application threads were stopped: 0.0006465 seconds, Stopping threads took: 0.0000212 seconds
45.926: [GC (Allocation Failure)  77445K->677K(419328K), 0.0006764 secs]
45.926: Total time for which application threads were stopped: 0.0008156 seconds, Stopping threads took: 0.0000202 seconds
45.980: [GC (Allocation Failure)  76453K->677K(418304K), 0.0004562 secs]
45.980: Total time for which application threads were stopped: 0.0005727 seconds, Stopping threads took: 0.0000168 seconds
46.028: [GC (Allocation Failure)  75429K->645K(417280K), 0.0006238 secs]
46.029: Total time for which application threads were stopped: 0.0007527 seconds, Stopping threads took: 0.0000273 seconds
46.075: [GC (Allocation Failure)  74373K->645K(432128K), 0.0007504 secs]
46.076: Total time for which application threads were stopped: 0.0008703 seconds, Stopping threads took: 0.0000198 seconds
46.136: [GC (Allocation Failure)  89221K->677K(430592K), 0.0004659 secs]
46.136: Total time for which application threads were stopped: 0.0005853 seconds, Stopping threads took: 0.0000190 seconds
46.196: [GC (Allocation Failure)  87717K->645K(429056K), 0.0003882 secs]
46.197: Total time for which application threads were stopped: 0.0005451 seconds, Stopping threads took: 0.0000270 seconds
46.251: [GC (Allocation Failure)  86149K->613K(427520K), 0.0005733 secs]
46.251: Total time for which application threads were stopped: 0.0006947 seconds, Stopping threads took: 0.0000258 seconds
46.310: [GC (Allocation Failure)  84581K->709K(425984K), 0.0004981 secs]
46.311: Total time for which application threads were stopped: 0.0006169 seconds, Stopping threads took: 0.0000193 seconds
46.363: [GC (Allocation Failure)  83141K->677K(424448K), 0.0004485 secs]
46.363: Total time for which application threads were stopped: 0.0005846 seconds, Stopping threads took: 0.0000277 seconds
46.414: [GC (Allocation Failure)  81573K->677K(422912K), 0.0004667 secs]
46.415: Total time for which application threads were stopped: 0.0006053 seconds, Stopping threads took: 0.0000201 seconds
46.471: [GC (Allocation Failure)  80037K->613K(421888K), 0.0007341 secs]
46.471: Total time for which application threads were stopped: 0.0008428 seconds, Stopping threads took: 0.0000199 seconds
46.521: [GC (Allocation Failure)  78949K->709K(420864K), 0.0005117 secs]
46.521: Total time for which application threads were stopped: 0.0006170 seconds, Stopping threads took: 0.0000174 seconds
46.575: [GC (Allocation Failure)  78021K->709K(419840K), 0.0005956 secs]
46.575: Total time for which application threads were stopped: 0.0007022 seconds, Stopping threads took: 0.0000173 seconds
46.629: [GC (Allocation Failure)  76997K->677K(418816K), 0.0006042 secs]
46.630: Total time for which application threads were stopped: 0.0007333 seconds, Stopping threads took: 0.0000277 seconds
46.683: [GC (Allocation Failure)  75941K->645K(417792K), 0.0005105 secs]
46.683: Total time for which application threads were stopped: 0.0006404 seconds, Stopping threads took: 0.0000271 seconds
46.730: [GC (Allocation Failure)  74885K->677K(416768K), 0.0006166 secs]
46.731: Total time for which application threads were stopped: 0.0007435 seconds, Stopping threads took: 0.0000272 seconds
46.777: [GC (Allocation Failure)  73893K->645K(415744K), 0.0005369 secs]
46.778: Total time for which application threads were stopped: 0.0006623 seconds, Stopping threads took: 0.0000215 seconds
46.829: [GC (Allocation Failure)  72837K->677K(414720K), 0.0005287 secs]
46.829: Total time for which application threads were stopped: 0.0006449 seconds, Stopping threads took: 0.0000189 seconds
46.874: [GC (Allocation Failure)  71845K->677K(413696K), 0.0005041 secs]
46.875: Total time for which application threads were stopped: 0.0006322 seconds, Stopping threads took: 0.0000279 seconds
46.919: [GC (Allocation Failure)  70821K->709K(412672K), 0.0004823 secs]
46.919: Total time for which application threads were stopped: 0.0005994 seconds, Stopping threads took: 0.0000198 seconds
46.970: [GC (Allocation Failure)  69829K->613K(411648K), 0.0004408 secs]
46.970: Total time for which application threads were stopped: 0.0005748 seconds, Stopping threads took: 0.0000256 seconds
47.015: [GC (Allocation Failure)  68709K->709K(410624K), 0.0004655 secs]
47.016: Total time for which application threads were stopped: 0.0005851 seconds, Stopping threads took: 0.0000196 seconds
47.058: [GC (Allocation Failure)  67781K->677K(409600K), 0.0005860 secs]
47.059: Total time for which application threads were stopped: 0.0007127 seconds, Stopping threads took: 0.0000278 seconds
47.104: [GC (Allocation Failure)  66725K->645K(408576K), 0.0004728 secs]
47.105: Total time for which application threads were stopped: 0.0006124 seconds, Stopping threads took: 0.0000274 seconds
47.146: [GC (Allocation Failure)  65669K->645K(407552K), 0.0004608 secs]
47.146: Total time for which application threads were stopped: 0.0005850 seconds, Stopping threads took: 0.0000263 seconds
47.190: [GC (Allocation Failure)  64645K->677K(420352K), 0.0006257 secs]
47.191: Total time for which application threads were stopped: 0.0007620 seconds, Stopping threads took: 0.0000216 seconds
47.240: [GC (Allocation Failure)  77477K->645K(419328K), 0.0005390 secs]
47.240: Total time for which application threads were stopped: 0.0006729 seconds, Stopping threads took: 0.0000280 seconds
47.291: [GC (Allocation Failure)  76421K->613K(418304K), 0.0006051 secs]
47.292: Total time for which application threads were stopped: 0.0007325 seconds, Stopping threads took: 0.0000215 seconds
47.344: [GC (Allocation Failure)  75365K->709K(417280K), 0.0005997 secs]
47.345: Total time for which application threads were stopped: 0.0007185 seconds, Stopping threads took: 0.0000198 seconds
47.391: [GC (Allocation Failure)  74437K->581K(432128K), 0.0005817 secs]
47.392: Total time for which application threads were stopped: 0.0006863 seconds, Stopping threads took: 0.0000188 seconds
47.451: [GC (Allocation Failure)  89157K->677K(430592K), 0.0004617 secs]
47.452: Total time for which application threads were stopped: 0.0005709 seconds, Stopping threads took: 0.0000168 seconds
47.506: [GC (Allocation Failure)  87717K->645K(429056K), 0.0006003 secs]
47.507: Total time for which application threads were stopped: 0.0007348 seconds, Stopping threads took: 0.0000196 seconds
47.564: [GC (Allocation Failure)  86149K->709K(427520K), 0.0006093 secs]
47.565: Total time for which application threads were stopped: 0.0007366 seconds, Stopping threads took: 0.0000278 seconds
47.623: [GC (Allocation Failure)  84677K->677K(425984K), 0.0004523 secs]
47.624: Total time for which application threads were stopped: 0.0005678 seconds, Stopping threads took: 0.0000191 seconds
47.683: [GC (Allocation Failure)  83109K->645K(424448K), 0.0004207 secs]
47.683: Total time for which application threads were stopped: 0.0005458 seconds, Stopping threads took: 0.0000249 seconds
47.734: [GC (Allocation Failure)  81541K->613K(422912K), 0.0006246 secs]
47.735: Total time for which application threads were stopped: 0.0007430 seconds, Stopping threads took: 0.0000192 seconds
47.788: [GC (Allocation Failure)  79973K->677K(421888K), 0.0004912 secs]
47.789: Total time for which application threads were stopped: 0.0006117 seconds, Stopping threads took: 0.0000196 seconds
47.838: [GC (Allocation Failure)  79013K->645K(420864K), 0.0006644 secs]
47.839: Total time for which application threads were stopped: 0.0008026 seconds, Stopping threads took: 0.0000213 seconds
47.891: [GC (Allocation Failure)  77957K->645K(419840K), 0.0005107 secs]
47.891: Total time for which application threads were stopped: 0.0006519 seconds, Stopping threads took: 0.0000224 seconds
47.939: [GC (Allocation Failure)  76933K->677K(418816K), 0.0005467 secs]
47.940: Total time for which application threads were stopped: 0.0006875 seconds, Stopping threads took: 0.0000225 seconds
47.988: [GC (Allocation Failure)  75941K->741K(417792K), 0.0004190 secs]
47.989: Total time for which application threads were stopped: 0.0005206 seconds, Stopping threads took: 0.0000179 seconds
48.035: [GC (Allocation Failure)  74981K->709K(416768K), 0.0004819 secs]
48.036: Total time for which application threads were stopped: 0.0006005 seconds, Stopping threads took: 0.0000200 seconds
48.082: [GC (Allocation Failure)  73925K->709K(415744K), 0.0004288 secs]
48.083: Total time for which application threads were stopped: 0.0005477 seconds, Stopping threads took: 0.0000195 seconds
48.134: [GC (Allocation Failure)  72901K->645K(414720K), 0.0005152 secs]
48.135: Total time for which application threads were stopped: 0.0006371 seconds, Stopping threads took: 0.0000197 seconds
48.182: [GC (Allocation Failure)  71813K->645K(413696K), 0.0004175 secs]
48.182: Total time for which application threads were stopped: 0.0005397 seconds, Stopping threads took: 0.0000262 seconds
48.226: [GC (Allocation Failure)  70789K->613K(412672K), 0.0004646 secs]
48.227: Total time for which application threads were stopped: 0.0006004 seconds, Stopping threads took: 0.0000266 seconds
48.271: [GC (Allocation Failure)  69733K->613K(411648K), 0.0005836 secs]
48.271: Total time for which application threads were stopped: 0.0007145 seconds, Stopping threads took: 0.0000274 seconds
48.314: [GC (Allocation Failure)  68709K->645K(410624K), 0.0004437 secs]
48.314: Total time for which application threads were stopped: 0.0005708 seconds, Stopping threads took: 0.0000280 seconds
48.361: [GC (Allocation Failure)  67717K->645K(409600K), 0.0004105 secs]
48.362: Total time for which application threads were stopped: 0.0005164 seconds, Stopping threads took: 0.0000169 seconds
48.403: [GC (Allocation Failure)  66693K->677K(422912K), 0.0006945 secs]
48.404: Total time for which application threads were stopped: 0.0008147 seconds, Stopping threads took: 0.0000195 seconds
48.454: [GC (Allocation Failure)  80037K->645K(421888K), 0.0005078 secs]
48.455: Total time for which application threads were stopped: 0.0006521 seconds, Stopping threads took: 0.0000216 seconds
48.510: [GC (Allocation Failure)  78981K->677K(420864K), 0.0004603 secs]
48.511: Total time for which application threads were stopped: 0.0005912 seconds, Stopping threads took: 0.0000230 seconds
48.559: [GC (Allocation Failure)  77989K->613K(419840K), 0.0006811 secs]
48.560: Total time for which application threads were stopped: 0.0008109 seconds, Stopping threads took: 0.0000202 seconds
48.611: [GC (Allocation Failure)  76901K->677K(418816K), 0.0005140 secs]
48.612: Total time for which application threads were stopped: 0.0006558 seconds, Stopping threads took: 0.0000273 seconds
48.663: [GC (Allocation Failure)  75941K->645K(417792K), 0.0003920 secs]
48.664: Total time for which application threads were stopped: 0.0005159 seconds, Stopping threads took: 0.0000255 seconds
48.718: [GC (Allocation Failure)  74885K->645K(416768K), 0.0003915 secs]
48.718: Total time for which application threads were stopped: 0.0005002 seconds, Stopping threads took: 0.0000168 seconds
48.764: [GC (Allocation Failure)  73861K->677K(415744K), 0.0004714 secs]
48.765: Total time for which application threads were stopped: 0.0005958 seconds, Stopping threads took: 0.0000275 seconds
48.810: [GC (Allocation Failure)  72869K->677K(414720K), 0.0004924 secs]
48.811: Total time for which application threads were stopped: 0.0006245 seconds, Stopping threads took: 0.0000287 seconds
48.856: [GC (Allocation Failure)  71845K->709K(413696K), 0.0005101 secs]
48.856: Total time for which application threads were stopped: 0.0006377 seconds, Stopping threads took: 0.0000201 seconds
48.906: [GC (Allocation Failure)  70853K->613K(412672K), 0.0007105 secs]
48.907: Total time for which application threads were stopped: 0.0008392 seconds, Stopping threads took: 0.0000212 seconds
48.956: [GC (Allocation Failure)  69733K->613K(411648K), 0.0005274 secs]
48.957: Total time for which application threads were stopped: 0.0006615 seconds, Stopping threads took: 0.0000266 seconds
49.003: [GC (Allocation Failure)  68709K->741K(410624K), 0.0005977 secs]
49.004: Total time for which application threads were stopped: 0.0007446 seconds, Stopping threads took: 0.0000212 seconds
49.047: [GC (Allocation Failure)  67813K->645K(409600K), 0.0004417 secs]
49.047: Total time for which application threads were stopped: 0.0005601 seconds, Stopping threads took: 0.0000203 seconds
49.095: [GC (Allocation Failure)  66693K->645K(408576K), 0.0005711 secs]
49.095: Total time for which application threads were stopped: 0.0006956 seconds, Stopping threads took: 0.0000268 seconds
49.143: [GC (Allocation Failure)  65669K->677K(407552K), 0.0004722 secs]
49.143: Total time for which application threads were stopped: 0.0005921 seconds, Stopping threads took: 0.0000204 seconds
49.185: [GC (Allocation Failure)  64677K->645K(406528K), 0.0004474 secs]
49.186: Total time for which application threads were stopped: 0.0005801 seconds, Stopping threads took: 0.0000265 seconds
49.231: [GC (Allocation Failure)  63621K->677K(405504K), 0.0005073 secs]
49.231: Total time for which application threads were stopped: 0.0006493 seconds, Stopping threads took: 0.0000209 seconds
49.277: [GC (Allocation Failure)  62629K->613K(418304K), 0.0006633 secs]
49.277: Total time for which application threads were stopped: 0.0008100 seconds, Stopping threads took: 0.0000214 seconds
49.328: [GC (Allocation Failure)  75365K->677K(417280K), 0.0005101 secs]
49.328: Total time for which application threads were stopped: 0.0006546 seconds, Stopping threads took: 0.0000219 seconds
49.375: [GC (Allocation Failure)  74405K->645K(416256K), 0.0005084 secs]
49.375: Total time for which application threads were stopped: 0.0006371 seconds, Stopping threads took: 0.0000228 seconds
49.426: [GC (Allocation Failure)  73349K->645K(431104K), 0.0007275 secs]
49.426: Total time for which application threads were stopped: 0.0008475 seconds, Stopping threads took: 0.0000201 seconds
49.482: [GC (Allocation Failure)  88197K->741K(429568K), 0.0005511 secs]
49.482: Total time for which application threads were stopped: 0.0006870 seconds, Stopping threads took: 0.0000278 seconds
49.537: [GC (Allocation Failure)  86757K->645K(428032K), 0.0005377 secs]
49.538: Total time for which application threads were stopped: 0.0006821 seconds, Stopping threads took: 0.0000257 seconds
49.591: [GC (Allocation Failure)  85125K->645K(426496K), 0.0005248 secs]
49.591: Total time for which application threads were stopped: 0.0006872 seconds, Stopping threads took: 0.0000224 seconds
49.650: [GC (Allocation Failure)  83589K->645K(424960K), 0.0004636 secs]
49.651: Total time for which application threads were stopped: 0.0005947 seconds, Stopping threads took: 0.0000266 seconds
49.703: [GC (Allocation Failure)  82053K->709K(423424K), 0.0006535 secs]
49.703: Total time for which application threads were stopped: 0.0007916 seconds, Stopping threads took: 0.0000258 seconds
49.760: [GC (Allocation Failure)  80581K->677K(422400K), 0.0004510 secs]
49.761: Total time for which application threads were stopped: 0.0005765 seconds, Stopping threads took: 0.0000221 seconds
49.810: [GC (Allocation Failure)  79525K->709K(421376K), 0.0003981 secs]
49.810: Total time for which application threads were stopped: 0.0005078 seconds, Stopping threads took: 0.0000174 seconds
49.863: [GC (Allocation Failure)  78533K->677K(420352K), 0.0005367 secs]
49.863: Total time for which application threads were stopped: 0.0006800 seconds, Stopping threads took: 0.0000338 seconds
49.912: [GC (Allocation Failure)  77477K->613K(419328K), 0.0005500 secs]
49.912: Total time for which application threads were stopped: 0.0006826 seconds, Stopping threads took: 0.0000198 seconds
49.964: [GC (Allocation Failure)  76389K->645K(418304K), 0.0005343 secs]
49.965: Total time for which application threads were stopped: 0.0006577 seconds, Stopping threads took: 0.0000198 seconds
50.014: [GC (Allocation Failure)  75397K->709K(417280K), 0.0006774 secs]
50.015: Total time for which application threads were stopped: 0.0008086 seconds, Stopping threads took: 0.0000190 seconds
50.067: [GC (Allocation Failure)  74437K->677K(416256K), 0.0004963 secs]
50.068: Total time for which application threads were stopped: 0.0006368 seconds, Stopping threads took: 0.0000219 seconds
50.114: [GC (Allocation Failure)  73381K->645K(415232K), 0.0005169 secs]
50.115: Total time for which application threads were stopped: 0.0006646 seconds, Stopping threads took: 0.0000223 seconds
50.164: [GC (Allocation Failure)  72325K->709K(414208K), 0.0003913 secs]
50.164: Total time for which application threads were stopped: 0.0004962 seconds, Stopping threads took: 0.0000166 seconds
50.209: [GC (Allocation Failure)  71365K->645K(413184K), 0.0005415 secs]
50.209: Total time for which application threads were stopped: 0.0006667 seconds, Stopping threads took: 0.0000193 seconds
50.258: [GC (Allocation Failure)  70277K->677K(412160K), 0.0006625 secs]
50.259: Total time for which application threads were stopped: 0.0007822 seconds, Stopping threads took: 0.0000191 seconds
50.309: [GC (Allocation Failure)  69285K->709K(411136K), 0.0005837 secs]
50.310: Total time for which application threads were stopped: 0.0007154 seconds, Stopping threads took: 0.0000210 seconds
50.352: [GC (Allocation Failure)  68293K->677K(410112K), 0.0005079 secs]
50.353: Total time for which application threads were stopped: 0.0006276 seconds, Stopping threads took: 0.0000202 seconds
50.395: [GC (Allocation Failure)  67237K->677K(423424K), 0.0005518 secs]
50.395: Total time for which application threads were stopped: 0.0006727 seconds, Stopping threads took: 0.0000190 seconds
50.445: [GC (Allocation Failure)  80549K->613K(422400K), 0.0005463 secs]
50.446: Total time for which application threads were stopped: 0.0006732 seconds, Stopping threads took: 0.0000216 seconds
50.501: [GC (Allocation Failure)  79461K->709K(421376K), 0.0004678 secs]
50.502: Total time for which application threads were stopped: 0.0005837 seconds, Stopping threads took: 0.0000193 seconds
50.551: [GC (Allocation Failure)  78533K->677K(420352K), 0.0004683 secs]
50.551: Total time for which application threads were stopped: 0.0005865 seconds, Stopping threads took: 0.0000197 seconds
50.599: [GC (Allocation Failure)  77477K->645K(419328K), 0.0003996 secs]
50.600: Total time for which application threads were stopped: 0.0005075 seconds, Stopping threads took: 0.0000172 seconds
50.651: [GC (Allocation Failure)  76421K->613K(418304K), 0.0004445 secs]
50.651: Total time for which application threads were stopped: 0.0005648 seconds, Stopping threads took: 0.0000199 seconds
50.699: [GC (Allocation Failure)  75365K->709K(417280K), 0.0004712 secs]
50.699: Total time for which application threads were stopped: 0.0005927 seconds, Stopping threads took: 0.0000265 seconds
50.746: [GC (Allocation Failure)  74437K->645K(416256K), 0.0004971 secs]
50.747: Total time for which application threads were stopped: 0.0006362 seconds, Stopping threads took: 0.0000274 seconds
50.796: [GC (Allocation Failure)  73349K->677K(415232K), 0.0005589 secs]
50.797: Total time for which application threads were stopped: 0.0006961 seconds, Stopping threads took: 0.0000212 seconds
50.846: [GC (Allocation Failure)  72357K->709K(414208K), 0.0005189 secs]
50.846: Total time for which application threads were stopped: 0.0006549 seconds, Stopping threads took: 0.0000212 seconds
50.895: [GC (Allocation Failure)  71365K->645K(413184K), 0.0006891 secs]
50.896: Total time for which application threads were stopped: 0.0008270 seconds, Stopping threads took: 0.0000214 seconds
50.943: [GC (Allocation Failure)  70277K->645K(412160K), 0.0004825 secs]
50.943: Total time for which application threads were stopped: 0.0006087 seconds, Stopping threads took: 0.0000272 seconds
50.994: [GC (Allocation Failure)  69253K->709K(411136K), 0.0006083 secs]
50.995: Total time for which application threads were stopped: 0.0007428 seconds, Stopping threads took: 0.0000273 seconds
51.037: [GC (Allocation Failure)  68293K->645K(424960K), 0.0007502 secs]
51.038: Total time for which application threads were stopped: 0.0008960 seconds, Stopping threads took: 0.0000297 seconds
51.089: [GC (Allocation Failure)  82053K->645K(441344K), 0.0005298 secs]
51.090: Total time for which application threads were stopped: 0.0006767 seconds, Stopping threads took: 0.0000219 seconds
51.151: [GC (Allocation Failure)  98437K->645K(439296K), 0.0004444 secs]
51.152: Total time for which application threads were stopped: 0.0005714 seconds, Stopping threads took: 0.0000186 seconds
51.217: [GC (Allocation Failure)  96389K->613K(437760K), 0.0004475 secs]
51.217: Total time for which application threads were stopped: 0.0005841 seconds, Stopping threads took: 0.0000196 seconds
51.276: [GC (Allocation Failure)  94821K->677K(436224K), 0.0005230 secs]
51.277: Total time for which application threads were stopped: 0.0006622 seconds, Stopping threads took: 0.0000287 seconds
51.335: [GC (Allocation Failure)  93349K->677K(434688K), 0.0005111 secs]
51.336: Total time for which application threads were stopped: 0.0006412 seconds, Stopping threads took: 0.0000198 seconds
51.393: [GC (Allocation Failure)  91813K->645K(433152K), 0.0005601 secs]
51.394: Total time for which application threads were stopped: 0.0007001 seconds, Stopping threads took: 0.0000295 seconds
51.453: [GC (Allocation Failure)  90245K->613K(431616K), 0.0004954 secs]
51.453: Total time for which application threads were stopped: 0.0006270 seconds, Stopping threads took: 0.0000210 seconds
51.514: [GC (Allocation Failure)  88677K->709K(430080K), 0.0005317 secs]
51.515: Total time for which application threads were stopped: 0.0006778 seconds, Stopping threads took: 0.0000296 seconds
51.569: [GC (Allocation Failure)  87237K->613K(428544K), 0.0005451 secs]
51.570: Total time for which application threads were stopped: 0.0006815 seconds, Stopping threads took: 0.0000275 seconds
51.628: [GC (Allocation Failure)  85605K->645K(427008K), 0.0006443 secs]
51.628: Total time for which application threads were stopped: 0.0007827 seconds, Stopping threads took: 0.0000292 seconds
51.682: [GC (Allocation Failure)  84101K->613K(425472K), 0.0004759 secs]
51.682: Total time for which application threads were stopped: 0.0006038 seconds, Stopping threads took: 0.0000267 seconds
51.739: [GC (Allocation Failure)  82533K->709K(423936K), 0.0006291 secs]
51.740: Total time for which application threads were stopped: 0.0007970 seconds, Stopping threads took: 0.0000288 seconds
51.796: [GC (Allocation Failure)  81093K->613K(422400K), 0.0006037 secs]
51.797: Total time for which application threads were stopped: 0.0007488 seconds, Stopping threads took: 0.0000277 seconds
51.846: [GC (Allocation Failure)  79461K->645K(421376K), 0.0004930 secs]
51.847: Total time for which application threads were stopped: 0.0006260 seconds, Stopping threads took: 0.0000303 seconds
51.902: [GC (Allocation Failure)  78469K->645K(420352K), 0.0005125 secs]
51.903: Total time for which application threads were stopped: 0.0006360 seconds, Stopping threads took: 0.0000254 seconds
51.951: [GC (Allocation Failure)  77445K->645K(419328K), 0.0004347 secs]
51.952: Total time for which application threads were stopped: 0.0005433 seconds, Stopping threads took: 0.0000176 seconds
52.004: [GC (Allocation Failure)  76421K->677K(418304K), 0.0005265 secs]
52.005: Total time for which application threads were stopped: 0.0006619 seconds, Stopping threads took: 0.0000213 seconds
52.057: [GC (Allocation Failure)  75429K->613K(417280K), 0.0004549 secs]
52.058: Total time for which application threads were stopped: 0.0005804 seconds, Stopping threads took: 0.0000208 seconds
52.110: [GC (Allocation Failure)  74341K->645K(416256K), 0.0005829 secs]
52.110: Total time for which application threads were stopped: 0.0007394 seconds, Stopping threads took: 0.0000307 seconds
52.160: [GC (Allocation Failure)  73349K->613K(415232K), 0.0004235 secs]
52.160: Total time for which application threads were stopped: 0.0005553 seconds, Stopping threads took: 0.0000287 seconds
52.211: [GC (Allocation Failure)  72293K->677K(414208K), 0.0004457 secs]
52.211: Total time for which application threads were stopped: 0.0005847 seconds, Stopping threads took: 0.0000204 seconds
52.256: [GC (Allocation Failure)  71333K->677K(413184K), 0.0005621 secs]
52.256: Total time for which application threads were stopped: 0.0006902 seconds, Stopping threads took: 0.0000196 seconds
52.300: [GC (Allocation Failure)  70309K->613K(412160K), 0.0004910 secs]
52.301: Total time for which application threads were stopped: 0.0006142 seconds, Stopping threads took: 0.0000201 seconds
52.344: [GC (Allocation Failure)  69221K->645K(411136K), 0.0005085 secs]
52.344: Total time for which application threads were stopped: 0.0006623 seconds, Stopping threads took: 0.0000290 seconds
52.388: [GC (Allocation Failure)  68229K->677K(410112K), 0.0004553 secs]
52.388: Total time for which application threads were stopped: 0.0005725 seconds, Stopping threads took: 0.0000178 seconds
52.436: [GC (Allocation Failure)  67237K->677K(409088K), 0.0005231 secs]
52.437: Total time for which application threads were stopped: 0.0006688 seconds, Stopping threads took: 0.0000209 seconds
52.478: [GC (Allocation Failure)  66213K->677K(408064K), 0.0004889 secs]
52.478: Total time for which application threads were stopped: 0.0006317 seconds, Stopping threads took: 0.0000302 seconds
52.519: [GC (Allocation Failure)  65189K->613K(407040K), 0.0005687 secs]
52.520: Total time for which application threads were stopped: 0.0006883 seconds, Stopping threads took: 0.0000194 seconds
52.560: [GC (Allocation Failure)  64101K->709K(419840K), 0.0005002 secs]
52.560: Total time for which application threads were stopped: 0.0006471 seconds, Stopping threads took: 0.0000200 seconds
52.612: [GC (Allocation Failure)  76997K->645K(418816K), 0.0004590 secs]
52.613: Total time for which application threads were stopped: 0.0005677 seconds, Stopping threads took: 0.0000166 seconds
52.661: [GC (Allocation Failure)  75909K->677K(417792K), 0.0004127 secs]
52.661: Total time for which application threads were stopped: 0.0005348 seconds, Stopping threads took: 0.0000269 seconds
52.708: [GC (Allocation Failure)  74917K->677K(416768K), 0.0004515 secs]
52.708: Total time for which application threads were stopped: 0.0005722 seconds, Stopping threads took: 0.0000198 seconds
52.755: [GC (Allocation Failure)  73893K->645K(415744K), 0.0005205 secs]
52.755: Total time for which application threads were stopped: 0.0006722 seconds, Stopping threads took: 0.0000209 seconds
52.801: [GC (Allocation Failure)  72837K->677K(414720K), 0.0006559 secs]
52.801: Total time for which application threads were stopped: 0.0007966 seconds, Stopping threads took: 0.0000218 seconds
52.846: [GC (Allocation Failure)  71845K->677K(413696K), 0.0005169 secs]
52.847: Total time for which application threads were stopped: 0.0006759 seconds, Stopping threads took: 0.0000221 seconds
52.891: [GC (Allocation Failure)  70821K->677K(412672K), 0.0005604 secs]
52.892: Total time for which application threads were stopped: 0.0007331 seconds, Stopping threads took: 0.0000512 seconds
52.935: [GC (Allocation Failure)  69797K->677K(411648K), 0.0005191 secs]
52.936: Total time for which application threads were stopped: 0.0006656 seconds, Stopping threads took: 0.0000221 seconds
52.980: [GC (Allocation Failure)  68773K->645K(410624K), 0.0004683 secs]
52.980: Total time for which application threads were stopped: 0.0005947 seconds, Stopping threads took: 0.0000261 seconds
53.024: [GC (Allocation Failure)  67717K->677K(409600K), 0.0004976 secs]
53.024: Total time for which application threads were stopped: 0.0006284 seconds, Stopping threads took: 0.0000218 seconds
53.066: [GC (Allocation Failure)  66725K->677K(408576K), 0.0005406 secs]
53.066: Total time for which application threads were stopped: 0.0006805 seconds, Stopping threads took: 0.0000295 seconds
53.107: [GC (Allocation Failure)  65701K->709K(407552K), 0.0004932 secs]
53.108: Total time for which application threads were stopped: 0.0006478 seconds, Stopping threads took: 0.0000220 seconds
53.148: [GC (Allocation Failure)  64709K->613K(420352K), 0.0006190 secs]
53.149: Total time for which application threads were stopped: 0.0007650 seconds, Stopping threads took: 0.0000272 seconds
53.203: [GC (Allocation Failure)  77413K->677K(419328K), 0.0004662 secs]
53.204: Total time for which application threads were stopped: 0.0006003 seconds, Stopping threads took: 0.0000277 seconds
53.252: [GC (Allocation Failure)  76453K->677K(418304K), 0.0004865 secs]
53.252: Total time for which application threads were stopped: 0.0006221 seconds, Stopping threads took: 0.0000200 seconds
53.303: [GC (Allocation Failure)  75429K->581K(417280K), 0.0006548 secs]
53.304: Total time for which application threads were stopped: 0.0007944 seconds, Stopping threads took: 0.0000295 seconds
53.353: [GC (Allocation Failure)  74309K->709K(416256K), 0.0005623 secs]
53.354: Total time for which application threads were stopped: 0.0007072 seconds, Stopping threads took: 0.0000209 seconds
53.400: [GC (Allocation Failure)  73413K->645K(415232K), 0.0004848 secs]
53.401: Total time for which application threads were stopped: 0.0006180 seconds, Stopping threads took: 0.0000296 seconds
53.452: [GC (Allocation Failure)  72325K->709K(414208K), 0.0004713 secs]
53.452: Total time for which application threads were stopped: 0.0005871 seconds, Stopping threads took: 0.0000198 seconds
53.497: [GC (Allocation Failure)  71365K->645K(413184K), 0.0004666 secs]
53.497: Total time for which application threads were stopped: 0.0005934 seconds, Stopping threads took: 0.0000277 seconds
53.545: [GC (Allocation Failure)  70277K->677K(412160K), 0.0004871 secs]
53.545: Total time for which application threads were stopped: 0.0006043 seconds, Stopping threads took: 0.0000187 seconds
53.589: [GC (Allocation Failure)  69285K->645K(411136K), 0.0004751 secs]
53.589: Total time for which application threads were stopped: 0.0006143 seconds, Stopping threads took: 0.0000275 seconds
53.637: [GC (Allocation Failure)  68229K->677K(410112K), 0.0004873 secs]
53.637: Total time for which application threads were stopped: 0.0006132 seconds, Stopping threads took: 0.0000205 seconds
53.681: [GC (Allocation Failure)  67237K->645K(409088K), 0.0004755 secs]
53.681: Total time for which application threads were stopped: 0.0006021 seconds, Stopping threads took: 0.0000261 seconds
53.722: [GC (Allocation Failure)  66181K->581K(408064K), 0.0006007 secs]
53.723: Total time for which application threads were stopped: 0.0007287 seconds, Stopping threads took: 0.0000256 seconds
53.768: [GC (Allocation Failure)  65093K->677K(421376K), 0.0005837 secs]
53.769: Total time for which application threads were stopped: 0.0007295 seconds, Stopping threads took: 0.0000226 seconds
53.823: [GC (Allocation Failure)  78501K->645K(420352K), 0.0004773 secs]
53.824: Total time for which application threads were stopped: 0.0006134 seconds, Stopping threads took: 0.0000283 seconds
53.879: [GC (Allocation Failure)  77445K->677K(419328K), 0.0005194 secs]
53.879: Total time for which application threads were stopped: 0.0006683 seconds, Stopping threads took: 0.0000308 seconds
53.927: [GC (Allocation Failure)  76453K->677K(418304K), 0.0005126 secs]
53.928: Total time for which application threads were stopped: 0.0006599 seconds, Stopping threads took: 0.0000298 seconds
53.976: [GC (Allocation Failure)  75429K->645K(433664K), 0.0008353 secs]
53.977: Total time for which application threads were stopped: 0.0009417 seconds, Stopping threads took: 0.0000226 seconds
54.037: [GC (Allocation Failure)  90757K->645K(432128K), 0.0004655 secs]
54.038: Total time for which application threads were stopped: 0.0005840 seconds, Stopping threads took: 0.0000167 seconds
54.094: [GC (Allocation Failure)  89221K->677K(430592K), 0.0004530 secs]
54.095: Total time for which application threads were stopped: 0.0005691 seconds, Stopping threads took: 0.0000192 seconds
54.149: [GC (Allocation Failure)  87717K->645K(429056K), 0.0004164 secs]
54.150: Total time for which application threads were stopped: 0.0005322 seconds, Stopping threads took: 0.0000174 seconds
54.204: [GC (Allocation Failure)  86149K->645K(427520K), 0.0005156 secs]
54.205: Total time for which application threads were stopped: 0.0006474 seconds, Stopping threads took: 0.0000282 seconds
54.258: [GC (Allocation Failure)  84613K->709K(425984K), 0.0005476 secs]
54.259: Total time for which application threads were stopped: 0.0006736 seconds, Stopping threads took: 0.0000211 seconds
54.311: [GC (Allocation Failure)  83141K->645K(424448K), 0.0005932 secs]
54.312: Total time for which application threads were stopped: 0.0007225 seconds, Stopping threads took: 0.0000209 seconds
54.363: [GC (Allocation Failure)  81541K->677K(422912K), 0.0005173 secs]
54.363: Total time for which application threads were stopped: 0.0006921 seconds, Stopping threads took: 0.0000288 seconds
54.413: [GC (Allocation Failure)  80037K->709K(421888K), 0.0005394 secs]
54.414: Total time for which application threads were stopped: 0.0006934 seconds, Stopping threads took: 0.0000218 seconds
54.468: [GC (Allocation Failure)  79045K->645K(420864K), 0.0005438 secs]
54.469: Total time for which application threads were stopped: 0.0007102 seconds, Stopping threads took: 0.0000311 seconds
54.523: [GC (Allocation Failure)  77957K->677K(419840K), 0.0005614 secs]
54.524: Total time for which application threads were stopped: 0.0007167 seconds, Stopping threads took: 0.0000233 seconds
54.572: [GC (Allocation Failure)  76965K->677K(418816K), 0.0007512 secs]
54.573: Total time for which application threads were stopped: 0.0009032 seconds, Stopping threads took: 0.0000228 seconds
54.621: [GC (Allocation Failure)  75941K->677K(434176K), 0.0006501 secs]
54.622: Total time for which application threads were stopped: 0.0008028 seconds, Stopping threads took: 0.0000233 seconds
54.680: [GC (Allocation Failure)  91301K->709K(432640K), 0.0004442 secs]
54.680: Total time for which application threads were stopped: 0.0005838 seconds, Stopping threads took: 0.0000269 seconds
54.739: [GC (Allocation Failure)  89797K->645K(431104K), 0.0004743 secs]
54.740: Total time for which application threads were stopped: 0.0006023 seconds, Stopping threads took: 0.0000276 seconds
54.801: [GC (Allocation Failure)  88197K->709K(429568K), 0.0004737 secs]
54.801: Total time for which application threads were stopped: 0.0005933 seconds, Stopping threads took: 0.0000191 seconds
54.861: [GC (Allocation Failure)  86725K->709K(428032K), 0.0005040 secs]
54.861: Total time for which application threads were stopped: 0.0006368 seconds, Stopping threads took: 0.0000272 seconds
54.914: [GC (Allocation Failure)  85189K->677K(426496K), 0.0005380 secs]
54.915: Total time for which application threads were stopped: 0.0006677 seconds, Stopping threads took: 0.0000272 seconds
54.967: [GC (Allocation Failure)  83621K->709K(424960K), 0.0005346 secs]
54.968: Total time for which application threads were stopped: 0.0006612 seconds, Stopping threads took: 0.0000273 seconds
55.022: [GC (Allocation Failure)  82117K->645K(423424K), 0.0004632 secs]
55.023: Total time for which application threads were stopped: 0.0005987 seconds, Stopping threads took: 0.0000201 seconds
55.073: [GC (Allocation Failure)  80517K->645K(422400K), 0.0006173 secs]
55.073: Total time for which application threads were stopped: 0.0007623 seconds, Stopping threads took: 0.0000214 seconds
55.123: [GC (Allocation Failure)  79493K->709K(421376K), 0.0005798 secs]
55.124: Total time for which application threads were stopped: 0.0007162 seconds, Stopping threads took: 0.0000210 seconds
55.178: [GC (Allocation Failure)  78533K->645K(420352K), 0.0003917 secs]
55.179: Total time for which application threads were stopped: 0.0005125 seconds, Stopping threads took: 0.0000255 seconds
55.229: [GC (Allocation Failure)  77445K->677K(419328K), 0.0004257 secs]
55.229: Total time for which application threads were stopped: 0.0005523 seconds, Stopping threads took: 0.0000250 seconds
55.277: [GC (Allocation Failure)  76453K->613K(418304K), 0.0006764 secs]
55.278: Total time for which application threads were stopped: 0.0008121 seconds, Stopping threads took: 0.0000211 seconds
55.328: [GC (Allocation Failure)  75365K->645K(417280K), 0.0007210 secs]
55.329: Total time for which application threads were stopped: 0.0008615 seconds, Stopping threads took: 0.0000221 seconds
55.376: [GC (Allocation Failure)  74373K->645K(432128K), 0.0006337 secs]
55.376: Total time for which application threads were stopped: 0.0007858 seconds, Stopping threads took: 0.0000240 seconds
55.432: [GC (Allocation Failure)  89221K->709K(430592K), 0.0004895 secs]
55.433: Total time for which application threads were stopped: 0.0006208 seconds, Stopping threads took: 0.0000205 seconds
55.487: [GC (Allocation Failure)  87749K->645K(429056K), 0.0005357 secs]
55.488: Total time for which application threads were stopped: 0.0006905 seconds, Stopping threads took: 0.0000302 seconds
55.542: [GC (Allocation Failure)  86149K->677K(427520K), 0.0004882 secs]
55.542: Total time for which application threads were stopped: 0.0006419 seconds, Stopping threads took: 0.0000289 seconds
55.599: [GC (Allocation Failure)  84645K->645K(425984K), 0.0006279 secs]
55.600: Total time for which application threads were stopped: 0.0007387 seconds, Stopping threads took: 0.0000174 seconds
55.655: [GC (Allocation Failure)  83077K->677K(424448K), 0.0004126 secs]
55.656: Total time for which application threads were stopped: 0.0005354 seconds, Stopping threads took: 0.0000192 seconds
55.708: [GC (Allocation Failure)  81573K->677K(422912K), 0.0005803 secs]
55.708: Total time for which application threads were stopped: 0.0007197 seconds, Stopping threads took: 0.0000268 seconds
55.758: [GC (Allocation Failure)  80037K->645K(438784K), 0.0008094 secs]
55.759: Total time for which application threads were stopped: 0.0009528 seconds, Stopping threads took: 0.0000218 seconds
55.819: [GC (Allocation Failure)  95877K->709K(437248K), 0.0006409 secs]
55.819: Total time for which application threads were stopped: 0.0007879 seconds, Stopping threads took: 0.0000225 seconds
55.878: [GC (Allocation Failure)  94405K->677K(435712K), 0.0006069 secs]
55.879: Total time for which application threads were stopped: 0.0007661 seconds, Stopping threads took: 0.0000320 seconds
55.937: [GC (Allocation Failure)  92837K->677K(434176K), 0.0005689 secs]
55.938: Total time for which application threads were stopped: 0.0007191 seconds, Stopping threads took: 0.0000233 seconds
55.996: [GC (Allocation Failure)  91301K->709K(432640K), 0.0004873 secs]
55.996: Total time for which application threads were stopped: 0.0006199 seconds, Stopping threads took: 0.0000276 seconds
56.058: [GC (Allocation Failure)  89797K->677K(431104K), 0.0006181 secs]
56.059: Total time for which application threads were stopped: 0.0007481 seconds, Stopping threads took: 0.0000283 seconds
56.114: [GC (Allocation Failure)  88229K->677K(429568K), 0.0004917 secs]
56.114: Total time for which application threads were stopped: 0.0006145 seconds, Stopping threads took: 0.0000271 seconds
56.169: [GC (Allocation Failure)  86693K->677K(428032K), 0.0003872 secs]
56.169: Total time for which application threads were stopped: 0.0005148 seconds, Stopping threads took: 0.0000278 seconds
56.227: [GC (Allocation Failure)  85157K->645K(426496K), 0.0004276 secs]
56.228: Total time for which application threads were stopped: 0.0005350 seconds, Stopping threads took: 0.0000175 seconds
56.280: [GC (Allocation Failure)  83589K->645K(424960K), 0.0004627 secs]
56.280: Total time for which application threads were stopped: 0.0005723 seconds, Stopping threads took: 0.0000170 seconds
56.334: [GC (Allocation Failure)  82053K->677K(423424K), 0.0005144 secs]
56.335: Total time for which application threads were stopped: 0.0006310 seconds, Stopping threads took: 0.0000199 seconds
56.391: [GC (Allocation Failure)  80549K->613K(422400K), 0.0006173 secs]
56.392: Total time for which application threads were stopped: 0.0007266 seconds, Stopping threads took: 0.0000159 seconds
56.445: [GC (Allocation Failure)  79461K->645K(421376K), 0.0005308 secs]
56.445: Total time for which application threads were stopped: 0.0006843 seconds, Stopping threads took: 0.0000286 seconds
56.495: [GC (Allocation Failure)  78469K->709K(420352K), 0.0004829 secs]
56.495: Total time for which application threads were stopped: 0.0006229 seconds, Stopping threads took: 0.0000302 seconds
56.544: [GC (Allocation Failure)  77509K->613K(419328K), 0.0005264 secs]
56.544: Total time for which application threads were stopped: 0.0006550 seconds, Stopping threads took: 0.0000195 seconds
56.596: [GC (Allocation Failure)  76389K->677K(418304K), 0.0004808 secs]
56.597: Total time for which application threads were stopped: 0.0006113 seconds, Stopping threads took: 0.0000285 seconds
56.643: [GC (Allocation Failure)  75429K->741K(417280K), 0.0006014 secs]
56.644: Total time for which application threads were stopped: 0.0007390 seconds, Stopping threads took: 0.0000274 seconds
56.695: [GC (Allocation Failure)  74469K->645K(416256K), 0.0005023 secs]
56.696: Total time for which application threads were stopped: 0.0006442 seconds, Stopping threads took: 0.0000209 seconds
56.742: [GC (Allocation Failure)  73349K->613K(415232K), 0.0005961 secs]
56.742: Total time for which application threads were stopped: 0.0007233 seconds, Stopping threads took: 0.0000214 seconds
56.788: [GC (Allocation Failure)  72293K->709K(414208K), 0.0006149 secs]
56.788: Total time for which application threads were stopped: 0.0007590 seconds, Stopping threads took: 0.0000272 seconds
56.833: [GC (Allocation Failure)  71365K->645K(413184K), 0.0004870 secs]
56.833: Total time for which application threads were stopped: 0.0006176 seconds, Stopping threads took: 0.0000210 seconds
56.877: [GC (Allocation Failure)  70277K->677K(412160K), 0.0005054 secs]
56.878: Total time for which application threads were stopped: 0.0006448 seconds, Stopping threads took: 0.0000294 seconds
56.926: [GC (Allocation Failure)  69285K->645K(425984K), 0.0006188 secs]
56.927: Total time for which application threads were stopped: 0.0007676 seconds, Stopping threads took: 0.0000306 seconds
56.983: [GC (Allocation Failure)  83077K->741K(424448K), 0.0004482 secs]
56.984: Total time for which application threads were stopped: 0.0005813 seconds, Stopping threads took: 0.0000304 seconds
57.037: [GC (Allocation Failure)  81637K->709K(422912K), 0.0005529 secs]
57.038: Total time for which application threads were stopped: 0.0006700 seconds, Stopping threads took: 0.0000190 seconds
57.088: [GC (Allocation Failure)  80069K->645K(421888K), 0.0005309 secs]
57.089: Total time for which application threads were stopped: 0.0006528 seconds, Stopping threads took: 0.0000202 seconds
57.138: [GC (Allocation Failure)  78981K->645K(420864K), 0.0004534 secs]
57.138: Total time for which application threads were stopped: 0.0005878 seconds, Stopping threads took: 0.0000284 seconds
57.187: [GC (Allocation Failure)  77957K->709K(419840K), 0.0004747 secs]
57.188: Total time for which application threads were stopped: 0.0006295 seconds, Stopping threads took: 0.0000301 seconds
57.242: [GC (Allocation Failure)  76997K->677K(418816K), 0.0005786 secs]
57.243: Total time for which application threads were stopped: 0.0007269 seconds, Stopping threads took: 0.0000295 seconds
57.290: [GC (Allocation Failure)  75941K->709K(417792K), 0.0005712 secs]
57.291: Total time for which application threads were stopped: 0.0007060 seconds, Stopping threads took: 0.0000218 seconds
57.338: [GC (Allocation Failure)  74949K->677K(416768K), 0.0004933 secs]
57.338: Total time for which application threads were stopped: 0.0006251 seconds, Stopping threads took: 0.0000220 seconds
57.385: [GC (Allocation Failure)  73893K->709K(415744K), 0.0006340 secs]
57.385: Total time for which application threads were stopped: 0.0007741 seconds, Stopping threads took: 0.0000223 seconds
57.437: [GC (Allocation Failure)  72901K->645K(414720K), 0.0005245 secs]
57.437: Total time for which application threads were stopped: 0.0006737 seconds, Stopping threads took: 0.0000221 seconds
57.482: [GC (Allocation Failure)  71813K->613K(413696K), 0.0005243 secs]
57.483: Total time for which application threads were stopped: 0.0006812 seconds, Stopping threads took: 0.0000295 seconds
57.527: [GC (Allocation Failure)  70757K->741K(412672K), 0.0005248 secs]
57.527: Total time for which application threads were stopped: 0.0006576 seconds, Stopping threads took: 0.0000297 seconds
57.575: [GC (Allocation Failure)  69861K->677K(411648K), 0.0004839 secs]
57.576: Total time for which application threads were stopped: 0.0006218 seconds, Stopping threads took: 0.0000195 seconds
57.619: [GC (Allocation Failure)  68773K->709K(410624K), 0.0005935 secs]
57.619: Total time for which application threads were stopped: 0.0007166 seconds, Stopping threads took: 0.0000276 seconds
57.668: [GC (Allocation Failure)  67781K->677K(409600K), 0.0004519 secs]
57.669: Total time for which application threads were stopped: 0.0005723 seconds, Stopping threads took: 0.0000189 seconds
57.710: [GC (Allocation Failure)  66725K->677K(408576K), 0.0005805 secs]
57.711: Total time for which application threads were stopped: 0.0007164 seconds, Stopping threads took: 0.0000276 seconds
57.752: [GC (Allocation Failure)  65701K->645K(421888K), 0.0005179 secs]
57.753: Total time for which application threads were stopped: 0.0006582 seconds, Stopping threads took: 0.0000210 seconds
57.802: [GC (Allocation Failure)  78981K->709K(420864K), 0.0005495 secs]
57.803: Total time for which application threads were stopped: 0.0006906 seconds, Stopping threads took: 0.0000216 seconds
57.851: [GC (Allocation Failure)  78021K->709K(419840K), 0.0004919 secs]
57.852: Total time for which application threads were stopped: 0.0006238 seconds, Stopping threads took: 0.0000282 seconds
57.900: [GC (Allocation Failure)  76997K->677K(418816K), 0.0005776 secs]
57.901: Total time for which application threads were stopped: 0.0007155 seconds, Stopping threads took: 0.0000213 seconds
57.948: [GC (Allocation Failure)  75941K->677K(417792K), 0.0005488 secs]
57.949: Total time for which application threads were stopped: 0.0007036 seconds, Stopping threads took: 0.0000299 seconds
57.997: [GC (Allocation Failure)  74917K->709K(416768K), 0.0005198 secs]
57.998: Total time for which application threads were stopped: 0.0006631 seconds, Stopping threads took: 0.0000228 seconds
58.049: [GC (Allocation Failure)  73925K->645K(415744K), 0.0005622 secs]
58.049: Total time for which application threads were stopped: 0.0006881 seconds, Stopping threads took: 0.0000294 seconds
58.095: [GC (Allocation Failure)  72837K->645K(414720K), 0.0004750 secs]
58.096: Total time for which application threads were stopped: 0.0005995 seconds, Stopping threads took: 0.0000202 seconds
58.141: [GC (Allocation Failure)  71813K->709K(429056K), 0.0007878 secs]
58.141: Total time for which application threads were stopped: 0.0009145 seconds, Stopping threads took: 0.0000208 seconds
58.196: [GC (Allocation Failure)  86213K->677K(427520K), 0.0004509 secs]
58.197: Total time for which application threads were stopped: 0.0005762 seconds, Stopping threads took: 0.0000263 seconds
58.250: [GC (Allocation Failure)  84645K->613K(425984K), 0.0005059 secs]
58.251: Total time for which application threads were stopped: 0.0006482 seconds, Stopping threads took: 0.0000214 seconds
58.303: [GC (Allocation Failure)  83045K->645K(424448K), 0.0005101 secs]
58.303: Total time for which application threads were stopped: 0.0006754 seconds, Stopping threads took: 0.0000222 seconds
58.355: [GC (Allocation Failure)  81541K->645K(422912K), 0.0005765 secs]
58.355: Total time for which application threads were stopped: 0.0007195 seconds, Stopping threads took: 0.0000234 seconds
58.412: [GC (Allocation Failure)  80005K->677K(421888K), 0.0005870 secs]
58.412: Total time for which application threads were stopped: 0.0007177 seconds, Stopping threads took: 0.0000281 seconds
58.462: [GC (Allocation Failure)  79013K->709K(420864K), 0.0004503 secs]
58.462: Total time for which application threads were stopped: 0.0005788 seconds, Stopping threads took: 0.0000216 seconds
58.511: [GC (Allocation Failure)  78021K->645K(419840K), 0.0006703 secs]
58.512: Total time for which application threads were stopped: 0.0008216 seconds, Stopping threads took: 0.0000269 seconds
58.560: [GC (Allocation Failure)  76933K->677K(435200K), 0.0006872 secs]
58.560: Total time for which application threads were stopped: 0.0008477 seconds, Stopping threads took: 0.0000299 seconds
58.618: [GC (Allocation Failure)  92325K->677K(433664K), 0.0005800 secs]
58.619: Total time for which application threads were stopped: 0.0007460 seconds, Stopping threads took: 0.0000311 seconds
58.682: [GC (Allocation Failure)  90789K->645K(432128K), 0.0004193 secs]
58.683: Total time for which application threads were stopped: 0.0005486 seconds, Stopping threads took: 0.0000272 seconds
58.739: [GC (Allocation Failure)  89221K->613K(430592K), 0.0005042 secs]
58.740: Total time for which application threads were stopped: 0.0006442 seconds, Stopping threads took: 0.0000291 seconds
58.795: [GC (Allocation Failure)  87653K->677K(429056K), 0.0005239 secs]
58.795: Total time for which application threads were stopped: 0.0006528 seconds, Stopping threads took: 0.0000217 seconds
58.856: [GC (Allocation Failure)  86181K->677K(427520K), 0.0005062 secs]
58.857: Total time for which application threads were stopped: 0.0006267 seconds, Stopping threads took: 0.0000198 seconds
58.916: [GC (Allocation Failure)  84645K->645K(425984K), 0.0005477 secs]
58.916: Total time for which application threads were stopped: 0.0006732 seconds, Stopping threads took: 0.0000276 seconds
58.968: [GC (Allocation Failure)  83077K->709K(424448K), 0.0004699 secs]
58.969: Total time for which application threads were stopped: 0.0006134 seconds, Stopping threads took: 0.0000249 seconds
59.021: [GC (Allocation Failure)  81605K->645K(422912K), 0.0004481 secs]
59.021: Total time for which application threads were stopped: 0.0005751 seconds, Stopping threads took: 0.0000268 seconds
59.075: [GC (Allocation Failure)  80005K->645K(421888K), 0.0003935 secs]
59.076: Total time for which application threads were stopped: 0.0005000 seconds, Stopping threads took: 0.0000166 seconds
59.125: [GC (Allocation Failure)  78981K->645K(420864K), 0.0004032 secs]
59.125: Total time for which application threads were stopped: 0.0005124 seconds, Stopping threads took: 0.0000175 seconds
59.174: [GC (Allocation Failure)  77957K->645K(419840K), 0.0004226 secs]
59.175: Total time for which application threads were stopped: 0.0005281 seconds, Stopping threads took: 0.0000166 seconds
59.223: [GC (Allocation Failure)  76933K->645K(418816K), 0.0005345 secs]
59.223: Total time for which application threads were stopped: 0.0006533 seconds, Stopping threads took: 0.0000197 seconds
59.277: [GC (Allocation Failure)  75909K->677K(417792K), 0.0005049 secs]
59.278: Total time for which application threads were stopped: 0.0006328 seconds, Stopping threads took: 0.0000199 seconds
59.324: [GC (Allocation Failure)  74917K->677K(416768K), 0.0005497 secs]
59.325: Total time for which application threads were stopped: 0.0006822 seconds, Stopping threads took: 0.0000208 seconds
59.371: [GC (Allocation Failure)  73893K->709K(415744K), 0.0004620 secs]
59.372: Total time for which application threads were stopped: 0.0005862 seconds, Stopping threads took: 0.0000217 seconds
59.418: [GC (Allocation Failure)  72901K->645K(414720K), 0.0003963 secs]
59.418: Total time for which application threads were stopped: 0.0005038 seconds, Stopping threads took: 0.0000171 seconds
59.463: [GC (Allocation Failure)  71813K->709K(413696K), 0.0004229 secs]
59.464: Total time for which application threads were stopped: 0.0005308 seconds, Stopping threads took: 0.0000166 seconds
59.508: [GC (Allocation Failure)  70853K->581K(412672K), 0.0004848 secs]
59.509: Total time for which application threads were stopped: 0.0006051 seconds, Stopping threads took: 0.0000196 seconds
59.558: [GC (Allocation Failure)  69701K->645K(411648K), 0.0005017 secs]
59.559: Total time for which application threads were stopped: 0.0006433 seconds, Stopping threads took: 0.0000213 seconds
59.608: [GC (Allocation Failure)  68741K->613K(410624K), 0.0007130 secs]
59.609: Total time for which application threads were stopped: 0.0008476 seconds, Stopping threads took: 0.0000221 seconds
59.651: [GC (Allocation Failure)  67685K->709K(409600K), 0.0005115 secs]
59.652: Total time for which application threads were stopped: 0.0006566 seconds, Stopping threads took: 0.0000295 seconds
59.694: [GC (Allocation Failure)  66757K->645K(408576K), 0.0004863 secs]
59.695: Total time for which application threads were stopped: 0.0006112 seconds, Stopping threads took: 0.0000199 seconds
59.736: [GC (Allocation Failure)  65669K->645K(407552K), 0.0005071 secs]
59.737: Total time for which application threads were stopped: 0.0006463 seconds, Stopping threads took: 0.0000207 seconds
59.783: [GC (Allocation Failure)  64645K->645K(406528K), 0.0004535 secs]
59.784: Total time for which application threads were stopped: 0.0005771 seconds, Stopping threads took: 0.0000277 seconds
59.824: [GC (Allocation Failure)  63621K->709K(405504K), 0.0004723 secs]
59.824: Total time for which application threads were stopped: 0.0006025 seconds, Stopping threads took: 0.0000271 seconds
59.864: [GC (Allocation Failure)  62661K->645K(418304K), 0.0006817 secs]
59.864: Total time for which application threads were stopped: 0.0008271 seconds, Stopping threads took: 0.0000289 seconds
59.911: [GC (Allocation Failure)  75397K->645K(433664K), 0.0005077 secs]
59.912: Total time for which application threads were stopped: 0.0006538 seconds, Stopping threads took: 0.0000297 seconds
59.969: [GC (Allocation Failure)  90757K->677K(432128K), 0.0004576 secs]
59.969: Total time for which application threads were stopped: 0.0005917 seconds, Stopping threads took: 0.0000254 seconds
60.028: [GC (Allocation Failure)  89253K->645K(430592K), 0.0004620 secs]
60.028: Total time for which application threads were stopped: 0.0005914 seconds, Stopping threads took: 0.0000274 seconds
60.087: [GC (Allocation Failure)  87685K->677K(429056K), 0.0005834 secs]
60.088: Total time for which application threads were stopped: 0.0006997 seconds, Stopping threads took: 0.0000200 seconds
60.147: [GC (Allocation Failure)  86181K->645K(427520K), 0.0005263 secs]
60.148: Total time for which application threads were stopped: 0.0006606 seconds, Stopping threads took: 0.0000198 seconds
60.208: [GC (Allocation Failure)  84613K->677K(425984K), 0.0004277 secs]
60.208: Total time for which application threads were stopped: 0.0005549 seconds, Stopping threads took: 0.0000271 seconds
60.261: [GC (Allocation Failure)  83109K->645K(424448K), 0.0005793 secs]
60.261: Total time for which application threads were stopped: 0.0007105 seconds, Stopping threads took: 0.0000287 seconds
60.317: [GC (Allocation Failure)  81541K->645K(422912K), 0.0004986 secs]
60.318: Total time for which application threads were stopped: 0.0006363 seconds, Stopping threads took: 0.0000213 seconds
60.368: [GC (Allocation Failure)  80005K->645K(421888K), 0.0005983 secs]
60.369: Total time for which application threads were stopped: 0.0007326 seconds, Stopping threads took: 0.0000292 seconds
60.424: [GC (Allocation Failure)  78981K->645K(420864K), 0.0005669 secs]
60.425: Total time for which application threads were stopped: 0.0007187 seconds, Stopping threads took: 0.0000297 seconds
60.474: [GC (Allocation Failure)  77957K->613K(419840K), 0.0004683 secs]
60.474: Total time for which application threads were stopped: 0.0005888 seconds, Stopping threads took: 0.0000195 seconds
60.527: [GC (Allocation Failure)  76901K->677K(418816K), 0.0005374 secs]
60.528: Total time for which application threads were stopped: 0.0006658 seconds, Stopping threads took: 0.0000276 seconds
60.575: [GC (Allocation Failure)  75941K->677K(417792K), 0.0007174 secs]
60.576: Total time for which application threads were stopped: 0.0008417 seconds, Stopping threads took: 0.0000193 seconds
60.622: [GC (Allocation Failure)  74917K->741K(416768K), 0.0005117 secs]
60.623: Total time for which application threads were stopped: 0.0006318 seconds, Stopping threads took: 0.0000191 seconds
60.676: [GC (Allocation Failure)  73957K->709K(415744K), 0.0004911 secs]
60.677: Total time for which application threads were stopped: 0.0006217 seconds, Stopping threads took: 0.0000277 seconds
60.724: [GC (Allocation Failure)  72901K->613K(414720K), 0.0005541 secs]
60.725: Total time for which application threads were stopped: 0.0006885 seconds, Stopping threads took: 0.0000278 seconds
60.770: [GC (Allocation Failure)  71781K->677K(413696K), 0.0004251 secs]
60.770: Total time for which application threads were stopped: 0.0005341 seconds, Stopping threads took: 0.0000167 seconds
60.818: [GC (Allocation Failure)  70821K->645K(412672K), 0.0004761 secs]
60.818: Total time for which application threads were stopped: 0.0006132 seconds, Stopping threads took: 0.0000289 seconds
60.862: [GC (Allocation Failure)  69765K->677K(411648K), 0.0005187 secs]
60.863: Total time for which application threads were stopped: 0.0006563 seconds, Stopping threads took: 0.0000292 seconds
60.905: [GC (Allocation Failure)  68773K->645K(410624K), 0.0005721 secs]
60.906: Total time for which application threads were stopped: 0.0007135 seconds, Stopping threads took: 0.0000218 seconds
60.953: [GC (Allocation Failure)  67717K->677K(409600K), 0.0004219 secs]
60.954: Total time for which application threads were stopped: 0.0005535 seconds, Stopping threads took: 0.0000301 seconds
60.996: [GC (Allocation Failure)  66725K->645K(408576K), 0.0004957 secs]
60.997: Total time for which application threads were stopped: 0.0006092 seconds, Stopping threads took: 0.0000174 seconds
61.038: [GC (Allocation Failure)  65669K->709K(421888K), 0.0007257 secs]
61.039: Total time for which application threads were stopped: 0.0008566 seconds, Stopping threads took: 0.0000198 seconds
61.089: [GC (Allocation Failure)  79045K->613K(437760K), 0.0006479 secs]
61.090: Total time for which application threads were stopped: 0.0007929 seconds, Stopping threads took: 0.0000218 seconds
61.149: [GC (Allocation Failure)  94821K->613K(436224K), 0.0004750 secs]
61.150: Total time for which application threads were stopped: 0.0006147 seconds, Stopping threads took: 0.0000216 seconds
61.213: [GC (Allocation Failure)  93285K->709K(434688K), 0.0005575 secs]
61.214: Total time for which application threads were stopped: 0.0007098 seconds, Stopping threads took: 0.0000205 seconds
61.277: [GC (Allocation Failure)  91845K->645K(433152K), 0.0006656 secs]
61.277: Total time for which application threads were stopped: 0.0007928 seconds, Stopping threads took: 0.0000271 seconds
61.334: [GC (Allocation Failure)  90245K->645K(431616K), 0.0005893 secs]
61.334: Total time for which application threads were stopped: 0.0007363 seconds, Stopping threads took: 0.0000222 seconds
61.395: [GC (Allocation Failure)  88709K->645K(430080K), 0.0005092 secs]
61.396: Total time for which application threads were stopped: 0.0006458 seconds, Stopping threads took: 0.0000199 seconds
61.450: [GC (Allocation Failure)  87173K->645K(428544K), 0.0004777 secs]
61.450: Total time for which application threads were stopped: 0.0006094 seconds, Stopping threads took: 0.0000288 seconds
61.506: [GC (Allocation Failure)  85637K->677K(427008K), 0.0005712 secs]
61.507: Total time for which application threads were stopped: 0.0007054 seconds, Stopping threads took: 0.0000195 seconds
61.564: [GC (Allocation Failure)  84133K->677K(425472K), 0.0005872 secs]
61.564: Total time for which application threads were stopped: 0.0007157 seconds, Stopping threads took: 0.0000276 seconds
61.616: [GC (Allocation Failure)  82597K->677K(423936K), 0.0005045 secs]
61.616: Total time for which application threads were stopped: 0.0006411 seconds, Stopping threads took: 0.0000215 seconds
61.667: [GC (Allocation Failure)  81061K->645K(422400K), 0.0004050 secs]
61.668: Total time for which application threads were stopped: 0.0005222 seconds, Stopping threads took: 0.0000258 seconds
61.717: [GC (Allocation Failure)  79493K->645K(421376K), 0.0005656 secs]
61.718: Total time for which application threads were stopped: 0.0006916 seconds, Stopping threads took: 0.0000201 seconds
61.773: [GC (Allocation Failure)  78469K->677K(420352K), 0.0005454 secs]
61.774: Total time for which application threads were stopped: 0.0006754 seconds, Stopping threads took: 0.0000203 seconds
61.822: [GC (Allocation Failure)  77477K->677K(419328K), 0.0004373 secs]
61.823: Total time for which application threads were stopped: 0.0005602 seconds, Stopping threads took: 0.0000199 seconds
61.875: [GC (Allocation Failure)  76453K->613K(418304K), 0.0004782 secs]
61.875: Total time for which application threads were stopped: 0.0005952 seconds, Stopping threads took: 0.0000193 seconds
61.929: [GC (Allocation Failure)  75365K->613K(417280K), 0.0004648 secs]
61.929: Total time for which application threads were stopped: 0.0005735 seconds, Stopping threads took: 0.0000178 seconds
61.981: [GC (Allocation Failure)  74341K->741K(416256K), 0.0004711 secs]
61.981: Total time for which application threads were stopped: 0.0005919 seconds, Stopping threads took: 0.0000184 seconds
62.027: [GC (Allocation Failure)  73445K->645K(415232K), 0.0005845 secs]
62.028: Total time for which application threads were stopped: 0.0007256 seconds, Stopping threads took: 0.0000205 seconds
62.079: [GC (Allocation Failure)  72325K->709K(414208K), 0.0007213 secs]
62.080: Total time for which application threads were stopped: 0.0008787 seconds, Stopping threads took: 0.0000296 seconds
62.130: [GC (Allocation Failure)  71365K->677K(413184K), 0.0005418 secs]
62.131: Total time for which application threads were stopped: 0.0007007 seconds, Stopping threads took: 0.0000282 seconds
62.180: [GC (Allocation Failure)  70309K->645K(412160K), 0.0004181 secs]
62.180: Total time for which application threads were stopped: 0.0005384 seconds, Stopping threads took: 0.0000257 seconds
62.230: [GC (Allocation Failure)  69253K->645K(411136K), 0.0005785 secs]
62.230: Total time for which application threads were stopped: 0.0006867 seconds, Stopping threads took: 0.0000167 seconds
62.278: [GC (Allocation Failure)  68229K->645K(424960K), 0.0007271 secs]
62.279: Total time for which application threads were stopped: 0.0008744 seconds, Stopping threads took: 0.0000296 seconds
62.330: [GC (Allocation Failure)  82053K->613K(423424K), 0.0005059 secs]
62.331: Total time for which application threads were stopped: 0.0006488 seconds, Stopping threads took: 0.0000298 seconds
62.386: [GC (Allocation Failure)  80485K->677K(422400K), 0.0004417 secs]
62.387: Total time for which application threads were stopped: 0.0005676 seconds, Stopping threads took: 0.0000271 seconds
62.443: [GC (Allocation Failure)  79525K->677K(421376K), 0.0005594 secs]
62.443: Total time for which application threads were stopped: 0.0006958 seconds, Stopping threads took: 0.0000215 seconds
62.492: [GC (Allocation Failure)  78501K->581K(437248K), 0.0007716 secs]
62.493: Total time for which application threads were stopped: 0.0009163 seconds, Stopping threads took: 0.0000296 seconds
62.559: [GC (Allocation Failure)  94277K->677K(456192K), 0.0008004 secs]
62.559: Total time for which application threads were stopped: 0.0009544 seconds, Stopping threads took: 0.0000220 seconds
62.636: [GC (Allocation Failure)  113317K->645K(453632K), 0.0004790 secs]
62.636: Total time for which application threads were stopped: 0.0006085 seconds, Stopping threads took: 0.0000222 seconds
62.707: [GC (Allocation Failure)  110725K->709K(451584K), 0.0005996 secs]
62.707: Total time for which application threads were stopped: 0.0007293 seconds, Stopping threads took: 0.0000276 seconds
62.775: [GC (Allocation Failure)  108741K->677K(449536K), 0.0006269 secs]
62.776: Total time for which application threads were stopped: 0.0007544 seconds, Stopping threads took: 0.0000192 seconds
62.842: [GC (Allocation Failure)  106661K->645K(447488K), 0.0005320 secs]
62.843: Total time for which application threads were stopped: 0.0006507 seconds, Stopping threads took: 0.0000189 seconds
62.908: [GC (Allocation Failure)  104581K->741K(445440K), 0.0005374 secs]
62.909: Total time for which application threads were stopped: 0.0006986 seconds, Stopping threads took: 0.0000273 seconds
62.974: [GC (Allocation Failure)  102629K->581K(443392K), 0.0008159 secs]
62.975: Total time for which application threads were stopped: 0.0009565 seconds, Stopping threads took: 0.0000268 seconds
63.041: [GC (Allocation Failure)  100421K->677K(441344K), 0.0004564 secs]
63.042: Total time for which application threads were stopped: 0.0005723 seconds, Stopping threads took: 0.0000186 seconds
63.109: [GC (Allocation Failure)  98469K->613K(439296K), 0.0005250 secs]
63.109: Total time for which application threads were stopped: 0.0006403 seconds, Stopping threads took: 0.0000194 seconds
63.169: [GC (Allocation Failure)  96357K->741K(437760K), 0.0003840 secs]
63.170: Total time for which application threads were stopped: 0.0004912 seconds, Stopping threads took: 0.0000249 seconds
63.232: [GC (Allocation Failure)  94949K->645K(436224K), 0.0006135 secs]
63.233: Total time for which application threads were stopped: 0.0007233 seconds, Stopping threads took: 0.0000170 seconds
63.297: [GC (Allocation Failure)  93317K->645K(434688K), 0.0004187 secs]
63.297: Total time for which application threads were stopped: 0.0005344 seconds, Stopping threads took: 0.0000196 seconds
63.355: [GC (Allocation Failure)  91781K->645K(433152K), 0.0004787 secs]
63.356: Total time for which application threads were stopped: 0.0005982 seconds, Stopping threads took: 0.0000192 seconds
63.416: [GC (Allocation Failure)  90245K->677K(431616K), 0.0004652 secs]
63.417: Total time for which application threads were stopped: 0.0005850 seconds, Stopping threads took: 0.0000205 seconds
63.472: [GC (Allocation Failure)  88741K->645K(430080K), 0.0005033 secs]
63.473: Total time for which application threads were stopped: 0.0006552 seconds, Stopping threads took: 0.0000289 seconds
63.527: [GC (Allocation Failure)  87173K->677K(428544K), 0.0005708 secs]
63.527: Total time for which application threads were stopped: 0.0007214 seconds, Stopping threads took: 0.0000289 seconds
63.587: [GC (Allocation Failure)  85669K->645K(427008K), 0.0004516 secs]
63.587: Total time for which application threads were stopped: 0.0005875 seconds, Stopping threads took: 0.0000383 seconds
63.640: [GC (Allocation Failure)  84101K->677K(425472K), 0.0004948 secs]
63.640: Total time for which application threads were stopped: 0.0006146 seconds, Stopping threads took: 0.0000203 seconds
63.693: [GC (Allocation Failure)  82597K->645K(423936K), 0.0003810 secs]
63.693: Total time for which application threads were stopped: 0.0005031 seconds, Stopping threads took: 0.0000254 seconds
63.744: [GC (Allocation Failure)  81029K->741K(422400K), 0.0004835 secs]
63.744: Total time for which application threads were stopped: 0.0006044 seconds, Stopping threads took: 0.0000199 seconds
63.794: [GC (Allocation Failure)  79589K->645K(421376K), 0.0005306 secs]
63.794: Total time for which application threads were stopped: 0.0006584 seconds, Stopping threads took: 0.0000281 seconds
63.843: [GC (Allocation Failure)  78469K->709K(420352K), 0.0005321 secs]
63.844: Total time for which application threads were stopped: 0.0006904 seconds, Stopping threads took: 0.0000291 seconds
63.895: [GC (Allocation Failure)  77509K->677K(419328K), 0.0005887 secs]
63.896: Total time for which application threads were stopped: 0.0007329 seconds, Stopping threads took: 0.0000229 seconds
63.944: [GC (Allocation Failure)  76453K->741K(418304K), 0.0005244 secs]
63.945: Total time for which application threads were stopped: 0.0006725 seconds, Stopping threads took: 0.0000296 seconds
63.993: [GC (Allocation Failure)  75493K->741K(417280K), 0.0005845 secs]
63.993: Total time for which application threads were stopped: 0.0007031 seconds, Stopping threads took: 0.0000280 seconds
64.040: [GC (Allocation Failure)  74469K->645K(416256K), 0.0004476 secs]
64.041: Total time for which application threads were stopped: 0.0005693 seconds, Stopping threads took: 0.0000196 seconds
64.087: [GC (Allocation Failure)  73349K->613K(415232K), 0.0006085 secs]
64.088: Total time for which application threads were stopped: 0.0007595 seconds, Stopping threads took: 0.0000194 seconds
64.133: [GC (Allocation Failure)  72293K->645K(414208K), 0.0004808 secs]
64.134: Total time for which application threads were stopped: 0.0006158 seconds, Stopping threads took: 0.0000222 seconds
64.183: [GC (Allocation Failure)  71301K->645K(413184K), 0.0004152 secs]
64.184: Total time for which application threads were stopped: 0.0005355 seconds, Stopping threads took: 0.0000262 seconds
64.228: [GC (Allocation Failure)  70277K->677K(412160K), 0.0005062 secs]
64.228: Total time for which application threads were stopped: 0.0006360 seconds, Stopping threads took: 0.0000207 seconds
64.272: [GC (Allocation Failure)  69285K->645K(411136K), 0.0005042 secs]
64.272: Total time for which application threads were stopped: 0.0006385 seconds, Stopping threads took: 0.0000304 seconds
64.315: [GC (Allocation Failure)  68229K->677K(410112K), 0.0006025 secs]
64.315: Total time for which application threads were stopped: 0.0007270 seconds, Stopping threads took: 0.0000266 seconds
64.357: [GC (Allocation Failure)  67237K->677K(423424K), 0.0005961 secs]
64.358: Total time for which application threads were stopped: 0.0007208 seconds, Stopping threads took: 0.0000193 seconds
64.408: [GC (Allocation Failure)  80549K->709K(422400K), 0.0004883 secs]
64.409: Total time for which application threads were stopped: 0.0006121 seconds, Stopping threads took: 0.0000262 seconds
64.458: [GC (Allocation Failure)  79557K->645K(421376K), 0.0004880 secs]
64.459: Total time for which application threads were stopped: 0.0007753 seconds, Stopping threads took: 0.0000270 seconds
64.508: [GC (Allocation Failure)  78469K->677K(420352K), 0.0004972 secs]
64.508: Total time for which application threads were stopped: 0.0006215 seconds, Stopping threads took: 0.0000269 seconds
64.562: [GC (Allocation Failure)  77477K->677K(419328K), 0.0005408 secs]
64.563: Total time for which application threads were stopped: 0.0006694 seconds, Stopping threads took: 0.0000274 seconds
64.617: [GC (Allocation Failure)  76453K->677K(418304K), 0.0004424 secs]
64.618: Total time for which application threads were stopped: 0.0005613 seconds, Stopping threads took: 0.0000193 seconds
64.665: [GC (Allocation Failure)  75429K->709K(417280K), 0.0004139 secs]
64.665: Total time for which application threads were stopped: 0.0005338 seconds, Stopping threads took: 0.0000190 seconds
64.712: [GC (Allocation Failure)  74437K->677K(416256K), 0.0004668 secs]
64.712: Total time for which application threads were stopped: 0.0005929 seconds, Stopping threads took: 0.0000276 seconds
64.758: [GC (Allocation Failure)  73381K->677K(415232K), 0.0004914 secs]
64.759: Total time for which application threads were stopped: 0.0006068 seconds, Stopping threads took: 0.0000184 seconds
64.804: [GC (Allocation Failure)  72357K->677K(414208K), 0.0007148 secs]
64.804: Total time for which application threads were stopped: 0.0008462 seconds, Stopping threads took: 0.0000276 seconds
64.849: [GC (Allocation Failure)  71333K->613K(413184K), 0.0004842 secs]
64.850: Total time for which application threads were stopped: 0.0006150 seconds, Stopping threads took: 0.0000191 seconds
64.894: [GC (Allocation Failure)  70245K->613K(412160K), 0.0004835 secs]
64.894: Total time for which application threads were stopped: 0.0006116 seconds, Stopping threads took: 0.0000276 seconds
64.938: [GC (Allocation Failure)  69221K->709K(411136K), 0.0004887 secs]
64.938: Total time for which application threads were stopped: 0.0006227 seconds, Stopping threads took: 0.0000219 seconds
64.982: [GC (Allocation Failure)  68293K->645K(410112K), 0.0004362 secs]
64.982: Total time for which application threads were stopped: 0.0005480 seconds, Stopping threads took: 0.0000245 seconds
65.024: [GC (Allocation Failure)  67205K->677K(409088K), 0.0004548 secs]
65.025: Total time for which application threads were stopped: 0.0005773 seconds, Stopping threads took: 0.0000195 seconds
65.066: [GC (Allocation Failure)  66213K->677K(422400K), 0.0006409 secs]
65.067: Total time for which application threads were stopped: 0.0007606 seconds, Stopping threads took: 0.0000192 seconds
65.122: [GC (Allocation Failure)  79525K->613K(421376K), 0.0004881 secs]
65.123: Total time for which application threads were stopped: 0.0006037 seconds, Stopping threads took: 0.0000201 seconds
65.176: [GC (Allocation Failure)  78437K->677K(420352K), 0.0003953 secs]
65.177: Total time for which application threads were stopped: 0.0005169 seconds, Stopping threads took: 0.0000256 seconds
65.225: [GC (Allocation Failure)  77477K->645K(419328K), 0.0004776 secs]
65.226: Total time for which application threads were stopped: 0.0006049 seconds, Stopping threads took: 0.0000276 seconds
65.276: [GC (Allocation Failure)  76421K->677K(418304K), 0.0004759 secs]
65.277: Total time for which application threads were stopped: 0.0006040 seconds, Stopping threads took: 0.0000275 seconds
65.324: [GC (Allocation Failure)  75429K->645K(417280K), 0.0006292 secs]
65.325: Total time for which application threads were stopped: 0.0007638 seconds, Stopping threads took: 0.0000200 seconds
65.377: [GC (Allocation Failure)  74373K->613K(416256K), 0.0006361 secs]
65.377: Total time for which application threads were stopped: 0.0007583 seconds, Stopping threads took: 0.0000272 seconds
65.423: [GC (Allocation Failure)  73317K->645K(415232K), 0.0004803 secs]
65.424: Total time for which application threads were stopped: 0.0006135 seconds, Stopping threads took: 0.0000195 seconds
65.469: [GC (Allocation Failure)  72325K->677K(414208K), 0.0005630 secs]
65.470: Total time for which application threads were stopped: 0.0006942 seconds, Stopping threads took: 0.0000297 seconds
65.517: [GC (Allocation Failure)  71333K->613K(428544K), 0.0006302 secs]
65.517: Total time for which application threads were stopped: 0.0007467 seconds, Stopping threads took: 0.0000255 seconds
65.571: [GC (Allocation Failure)  85605K->709K(427008K), 0.0005601 secs]
65.572: Total time for which application threads were stopped: 0.0006800 seconds, Stopping threads took: 0.0000195 seconds
65.624: [GC (Allocation Failure)  84165K->645K(425472K), 0.0005662 secs]
65.625: Total time for which application threads were stopped: 0.0006929 seconds, Stopping threads took: 0.0000278 seconds
65.678: [GC (Allocation Failure)  82565K->645K(423936K), 0.0004517 secs]
65.678: Total time for which application threads were stopped: 0.0005726 seconds, Stopping threads took: 0.0000271 seconds
65.730: [GC (Allocation Failure)  81029K->645K(422400K), 0.0005299 secs]
65.730: Total time for which application threads were stopped: 0.0006535 seconds, Stopping threads took: 0.0000264 seconds
65.785: [GC (Allocation Failure)  79493K->677K(421376K), 0.0005519 secs]
65.785: Total time for which application threads were stopped: 0.0007202 seconds, Stopping threads took: 0.0000579 seconds
65.840: [GC (Allocation Failure)  78501K->613K(420352K), 0.0005378 secs]
65.840: Total time for which application threads were stopped: 0.0006540 seconds, Stopping threads took: 0.0000190 seconds
65.889: [GC (Allocation Failure)  77413K->645K(419328K), 0.0004788 secs]
65.889: Total time for which application threads were stopped: 0.0005948 seconds, Stopping threads took: 0.0000191 seconds
65.943: [GC (Allocation Failure)  76421K->581K(418304K), 0.0005080 secs]
65.943: Total time for which application threads were stopped: 0.0006265 seconds, Stopping threads took: 0.0000196 seconds
65.994: [GC (Allocation Failure)  75333K->677K(417280K), 0.0005069 secs]
65.995: Total time for which application threads were stopped: 0.0006456 seconds, Stopping threads took: 0.0000272 seconds
66.041: [GC (Allocation Failure)  74405K->741K(416256K), 0.0004767 secs]
66.042: Total time for which application threads were stopped: 0.0005894 seconds, Stopping threads took: 0.0000186 seconds
66.091: [GC (Allocation Failure)  73445K->645K(415232K), 0.0004753 secs]
66.092: Total time for which application threads were stopped: 0.0006089 seconds, Stopping threads took: 0.0000197 seconds
66.141: [GC (Allocation Failure)  72325K->709K(414208K), 0.0005212 secs]
66.142: Total time for which application threads were stopped: 0.0006492 seconds, Stopping threads took: 0.0000215 seconds
66.193: [GC (Allocation Failure)  71365K->677K(413184K), 0.0004660 secs]
66.193: Total time for which application threads were stopped: 0.0005929 seconds, Stopping threads took: 0.0000270 seconds
66.237: [GC (Allocation Failure)  70309K->677K(412160K), 0.0005155 secs]
66.238: Total time for which application threads were stopped: 0.0006487 seconds, Stopping threads took: 0.0000210 seconds
66.281: [GC (Allocation Failure)  69285K->645K(411136K), 0.0005441 secs]
66.282: Total time for which application threads were stopped: 0.0006885 seconds, Stopping threads took: 0.0000291 seconds
66.329: [GC (Allocation Failure)  68229K->677K(410112K), 0.0006415 secs]
66.330: Total time for which application threads were stopped: 0.0007915 seconds, Stopping threads took: 0.0000286 seconds
66.372: [GC (Allocation Failure)  67237K->613K(409088K), 0.0004853 secs]
66.373: Total time for which application threads were stopped: 0.0006181 seconds, Stopping threads took: 0.0000224 seconds
66.414: [GC (Allocation Failure)  66149K->645K(408064K), 0.0005024 secs]
66.415: Total time for which application threads were stopped: 0.0006231 seconds, Stopping threads took: 0.0000198 seconds
66.455: [GC (Allocation Failure)  65157K->677K(421376K), 0.0005729 secs]
66.456: Total time for which application threads were stopped: 0.0006910 seconds, Stopping threads took: 0.0000201 seconds
66.509: [GC (Allocation Failure)  78501K->677K(420352K), 0.0004389 secs]
66.509: Total time for which application threads were stopped: 0.0005418 seconds, Stopping threads took: 0.0000157 seconds
66.561: [GC (Allocation Failure)  77477K->645K(419328K), 0.0004991 secs]
66.561: Total time for which application threads were stopped: 0.0006183 seconds, Stopping threads took: 0.0000197 seconds
66.609: [GC (Allocation Failure)  76421K->645K(418304K), 0.0004878 secs]
66.610: Total time for which application threads were stopped: 0.0006213 seconds, Stopping threads took: 0.0000284 seconds
66.657: [GC (Allocation Failure)  75397K->677K(417280K), 0.0006487 secs]
66.657: Total time for which application threads were stopped: 0.0007811 seconds, Stopping threads took: 0.0000197 seconds
66.708: [GC (Allocation Failure)  74405K->677K(416256K), 0.0004423 secs]
66.708: Total time for which application threads were stopped: 0.0005714 seconds, Stopping threads took: 0.0000200 seconds
66.754: [GC (Allocation Failure)  73381K->645K(415232K), 0.0004881 secs]
66.755: Total time for which application threads were stopped: 0.0006241 seconds, Stopping threads took: 0.0000262 seconds
66.803: [GC (Allocation Failure)  72325K->645K(414208K), 0.0004847 secs]
66.804: Total time for which application threads were stopped: 0.0006118 seconds, Stopping threads took: 0.0000212 seconds
66.849: [GC (Allocation Failure)  71301K->677K(413184K), 0.0004828 secs]
66.849: Total time for which application threads were stopped: 0.0006155 seconds, Stopping threads took: 0.0000200 seconds
66.899: [GC (Allocation Failure)  70309K->645K(412160K), 0.0005764 secs]
66.899: Total time for which application threads were stopped: 0.0007432 seconds, Stopping threads took: 0.0000232 seconds
66.946: [GC (Allocation Failure)  69253K->645K(411136K), 0.0005048 secs]
66.947: Total time for which application threads were stopped: 0.0006549 seconds, Stopping threads took: 0.0000298 seconds
66.990: [GC (Allocation Failure)  68229K->645K(410112K), 0.0005662 secs]
66.991: Total time for which application threads were stopped: 0.0006905 seconds, Stopping threads took: 0.0000273 seconds
67.036: [GC (Allocation Failure)  67205K->709K(423424K), 0.0006544 secs]
67.037: Total time for which application threads were stopped: 0.0008082 seconds, Stopping threads took: 0.0000297 seconds
67.088: [GC (Allocation Failure)  80581K->677K(439808K), 0.0007173 secs]
67.089: Total time for which application threads were stopped: 0.0008656 seconds, Stopping threads took: 0.0000220 seconds
67.150: [GC (Allocation Failure)  96933K->709K(459264K), 0.0005777 secs]
67.150: Total time for which application threads were stopped: 0.0007083 seconds, Stopping threads took: 0.0000201 seconds
67.228: [GC (Allocation Failure)  116421K->645K(456704K), 0.0004368 secs]
67.228: Total time for which application threads were stopped: 0.0005647 seconds, Stopping threads took: 0.0000198 seconds
67.305: [GC (Allocation Failure)  113797K->645K(454144K), 0.0004653 secs]
67.305: Total time for which application threads were stopped: 0.0005922 seconds, Stopping threads took: 0.0000193 seconds
67.380: [GC (Allocation Failure)  111237K->677K(452096K), 0.0005576 secs]
67.381: Total time for which application threads were stopped: 0.0006917 seconds, Stopping threads took: 0.0000211 seconds
67.449: [GC (Allocation Failure)  109221K->677K(450048K), 0.0007131 secs]
67.450: Total time for which application threads were stopped: 0.0008459 seconds, Stopping threads took: 0.0000272 seconds
67.517: [GC (Allocation Failure)  107173K->741K(448000K), 0.0005252 secs]
67.518: Total time for which application threads were stopped: 0.0006555 seconds, Stopping threads took: 0.0000258 seconds
67.584: [GC (Allocation Failure)  105189K->613K(445952K), 0.0004654 secs]
67.584: Total time for which application threads were stopped: 0.0005948 seconds, Stopping threads took: 0.0000285 seconds
67.652: [GC (Allocation Failure)  103013K->677K(443904K), 0.0005342 secs]
67.653: Total time for which application threads were stopped: 0.0006530 seconds, Stopping threads took: 0.0000190 seconds
67.719: [GC (Allocation Failure)  101029K->677K(441856K), 0.0004888 secs]
67.720: Total time for which application threads were stopped: 0.0006231 seconds, Stopping threads took: 0.0000192 seconds
67.781: [GC (Allocation Failure)  98981K->645K(439808K), 0.0004889 secs]
67.782: Total time for which application threads were stopped: 0.0006335 seconds, Stopping threads took: 0.0000208 seconds
67.842: [GC (Allocation Failure)  96901K->613K(437760K), 0.0005199 secs]
67.843: Total time for which application threads were stopped: 0.0006618 seconds, Stopping threads took: 0.0000221 seconds
67.910: [GC (Allocation Failure)  94821K->645K(436224K), 0.0005422 secs]
67.910: Total time for which application threads were stopped: 0.0006620 seconds, Stopping threads took: 0.0000187 seconds
67.969: [GC (Allocation Failure)  93317K->613K(434688K), 0.0004665 secs]
67.969: Total time for which application threads were stopped: 0.0006002 seconds, Stopping threads took: 0.0000247 seconds
68.027: [GC (Allocation Failure)  91749K->677K(433152K), 0.0004719 secs]
68.028: Total time for which application threads were stopped: 0.0005881 seconds, Stopping threads took: 0.0000184 seconds
68.087: [GC (Allocation Failure)  90277K->645K(431616K), 0.0004837 secs]
68.088: Total time for which application threads were stopped: 0.0006042 seconds, Stopping threads took: 0.0000191 seconds
68.149: [GC (Allocation Failure)  88709K->645K(430080K), 0.0004611 secs]
68.150: Total time for which application threads were stopped: 0.0005820 seconds, Stopping threads took: 0.0000198 seconds
68.205: [GC (Allocation Failure)  87173K->741K(428544K), 0.0004114 secs]
68.206: Total time for which application threads were stopped: 0.0005266 seconds, Stopping threads took: 0.0000253 seconds
68.260: [GC (Allocation Failure)  85733K->645K(427008K), 0.0004689 secs]
68.261: Total time for which application threads were stopped: 0.0005858 seconds, Stopping threads took: 0.0000240 seconds
68.313: [GC (Allocation Failure)  84101K->677K(425472K), 0.0004311 secs]
68.314: Total time for which application threads were stopped: 0.0005821 seconds, Stopping threads took: 0.0000246 seconds
68.365: [GC (Allocation Failure)  82597K->581K(423936K), 0.0004604 secs]
68.366: Total time for which application threads were stopped: 0.0005872 seconds, Stopping threads took: 0.0000289 seconds
68.419: [GC (Allocation Failure)  80965K->645K(422400K), 0.0004398 secs]
68.420: Total time for which application threads were stopped: 0.0005483 seconds, Stopping threads took: 0.0000174 seconds
68.472: [GC (Allocation Failure)  79493K->709K(421376K), 0.0005248 secs]
68.473: Total time for which application threads were stopped: 0.0006295 seconds, Stopping threads took: 0.0000168 seconds
68.527: [GC (Allocation Failure)  78533K->645K(420352K), 0.0005963 secs]
68.528: Total time for which application threads were stopped: 0.0007058 seconds, Stopping threads took: 0.0000174 seconds
68.576: [GC (Allocation Failure)  77445K->677K(419328K), 0.0004898 secs]
68.577: Total time for which application threads were stopped: 0.0006094 seconds, Stopping threads took: 0.0000200 seconds
68.625: [GC (Allocation Failure)  76453K->677K(418304K), 0.0005912 secs]
68.625: Total time for which application threads were stopped: 0.0007268 seconds, Stopping threads took: 0.0000178 seconds
68.678: [GC (Allocation Failure)  75429K->677K(417280K), 0.0006160 secs]
68.679: Total time for which application threads were stopped: 0.0007488 seconds, Stopping threads took: 0.0000205 seconds
68.725: [GC (Allocation Failure)  74405K->677K(416256K), 0.0005423 secs]
68.726: Total time for which application threads were stopped: 0.0006757 seconds, Stopping threads took: 0.0000210 seconds
68.772: [GC (Allocation Failure)  73381K->677K(415232K), 0.0005026 secs]
68.772: Total time for which application threads were stopped: 0.0006369 seconds, Stopping threads took: 0.0000211 seconds
68.817: [GC (Allocation Failure)  72357K->677K(429568K), 0.0007444 secs]
68.818: Total time for which application threads were stopped: 0.0008839 seconds, Stopping threads took: 0.0000225 seconds
68.872: [GC (Allocation Failure)  86693K->645K(428032K), 0.0004744 secs]
68.873: Total time for which application threads were stopped: 0.0006099 seconds, Stopping threads took: 0.0000222 seconds
68.926: [GC (Allocation Failure)  85125K->677K(426496K), 0.0005212 secs]
68.926: Total time for which application threads were stopped: 0.0006643 seconds, Stopping threads took: 0.0000302 seconds
68.979: [GC (Allocation Failure)  83621K->677K(424960K), 0.0006116 secs]
68.980: Total time for which application threads were stopped: 0.0007187 seconds, Stopping threads took: 0.0000142 seconds
69.031: [GC (Allocation Failure)  82085K->677K(423424K), 0.0006415 secs]
69.032: Total time for which application threads were stopped: 0.0007618 seconds, Stopping threads took: 0.0000199 seconds
69.082: [GC (Allocation Failure)  80549K->677K(422400K), 0.0004230 secs]
69.082: Total time for which application threads were stopped: 0.0005385 seconds, Stopping threads took: 0.0000190 seconds
69.132: [GC (Allocation Failure)  79525K->677K(421376K), 0.0003899 secs]
69.132: Total time for which application threads were stopped: 0.0005110 seconds, Stopping threads took: 0.0000196 seconds
69.186: [GC (Allocation Failure)  78501K->645K(420352K), 0.0004229 secs]
69.186: Total time for which application threads were stopped: 0.0005445 seconds, Stopping threads took: 0.0000245 seconds
69.235: [GC (Allocation Failure)  77445K->677K(419328K), 0.0004348 secs]
69.235: Total time for which application threads were stopped: 0.0005500 seconds, Stopping threads took: 0.0000252 seconds
69.283: [GC (Allocation Failure)  76453K->645K(418304K), 0.0004826 secs]
69.283: Total time for which application threads were stopped: 0.0006027 seconds, Stopping threads took: 0.0000192 seconds
69.331: [GC (Allocation Failure)  75397K->677K(417280K), 0.0004983 secs]
69.331: Total time for which application threads were stopped: 0.0006470 seconds, Stopping threads took: 0.0000214 seconds
69.382: [GC (Allocation Failure)  74405K->677K(416256K), 0.0005587 secs]
69.382: Total time for which application threads were stopped: 0.0006870 seconds, Stopping threads took: 0.0000228 seconds
69.428: [GC (Allocation Failure)  73381K->645K(415232K), 0.0004907 secs]
69.429: Total time for which application threads were stopped: 0.0006195 seconds, Stopping threads took: 0.0000278 seconds
69.474: [GC (Allocation Failure)  72325K->645K(414208K), 0.0004584 secs]
69.474: Total time for which application threads were stopped: 0.0005866 seconds, Stopping threads took: 0.0000280 seconds
69.519: [GC (Allocation Failure)  71301K->645K(413184K), 0.0005231 secs]
69.520: Total time for which application threads were stopped: 0.0006602 seconds, Stopping threads took: 0.0000301 seconds
69.564: [GC (Allocation Failure)  70277K->645K(412160K), 0.0006481 secs]
69.565: Total time for which application threads were stopped: 0.0007668 seconds, Stopping threads took: 0.0000194 seconds
69.608: [GC (Allocation Failure)  69253K->709K(411136K), 0.0005041 secs]
69.609: Total time for which application threads were stopped: 0.0006394 seconds, Stopping threads took: 0.0000193 seconds
69.658: [GC (Allocation Failure)  68293K->645K(424960K), 0.0007144 secs]
69.659: Total time for which application threads were stopped: 0.0008555 seconds, Stopping threads took: 0.0000219 seconds
69.711: [GC (Allocation Failure)  82053K->645K(423424K), 0.0005024 secs]
69.712: Total time for which application threads were stopped: 0.0006470 seconds, Stopping threads took: 0.0000215 seconds
69.763: [GC (Allocation Failure)  80517K->677K(422400K), 0.0005267 secs]
69.763: Total time for which application threads were stopped: 0.0006922 seconds, Stopping threads took: 0.0000251 seconds
69.818: [GC (Allocation Failure)  79525K->677K(421376K), 0.0005073 secs]
69.818: Total time for which application threads were stopped: 0.0006579 seconds, Stopping threads took: 0.0000299 seconds
69.868: [GC (Allocation Failure)  78501K->741K(420352K), 0.0005758 secs]
69.869: Total time for which application threads were stopped: 0.0007100 seconds, Stopping threads took: 0.0000222 seconds
69.923: [GC (Allocation Failure)  77541K->677K(419328K), 0.0005202 secs]
69.923: Total time for which application threads were stopped: 0.0006911 seconds, Stopping threads took: 0.0000504 seconds
69.973: [GC (Allocation Failure)  76453K->613K(434688K), 0.0028300 secs]
69.976: Total time for which application threads were stopped: 0.0029814 seconds, Stopping threads took: 0.0000250 seconds
70.036: [GC (Allocation Failure)  91749K->677K(453120K), 0.0004587 secs]
70.036: Total time for which application threads were stopped: 0.0005785 seconds, Stopping threads took: 0.0000198 seconds
70.105: [GC (Allocation Failure)  110245K->709K(475136K), 0.0006164 secs]
70.106: Total time for which application threads were stopped: 0.0007588 seconds, Stopping threads took: 0.0000212 seconds
70.189: [GC (Allocation Failure)  132293K->709K(501760K), 0.0004048 secs]
70.189: Total time for which application threads were stopped: 0.0005403 seconds, Stopping threads took: 0.0000279 seconds
70.288: [GC (Allocation Failure)  158917K->709K(533504K), 0.0005889 secs]
70.289: Total time for which application threads were stopped: 0.0007089 seconds, Stopping threads took: 0.0000195 seconds
70.407: [GC (Allocation Failure)  190661K->677K(527872K), 0.0004646 secs]
70.408: Total time for which application threads were stopped: 0.0005925 seconds, Stopping threads took: 0.0000272 seconds
70.523: [GC (Allocation Failure)  184997K->613K(522752K), 0.0005174 secs]
70.524: Total time for which application threads were stopped: 0.0006520 seconds, Stopping threads took: 0.0000252 seconds
70.637: [GC (Allocation Failure)  179813K->613K(517632K), 0.0005791 secs]
70.638: Total time for which application threads were stopped: 0.0007120 seconds, Stopping threads took: 0.0000246 seconds
70.748: [GC (Allocation Failure)  174693K->645K(513024K), 0.0004928 secs]
70.749: Total time for which application threads were stopped: 0.0006086 seconds, Stopping threads took: 0.0000240 seconds
70.855: [GC (Allocation Failure)  170117K->645K(508416K), 0.0004834 secs]
70.856: Total time for which application threads were stopped: 0.0006021 seconds, Stopping threads took: 0.0000191 seconds
70.959: [GC (Allocation Failure)  165509K->709K(503808K), 0.0005550 secs]
70.960: Total time for which application threads were stopped: 0.0006771 seconds, Stopping threads took: 0.0000238 seconds
71.062: [GC (Allocation Failure)  160965K->677K(499712K), 0.0005342 secs]
71.062: Total time for which application threads were stopped: 0.0006622 seconds, Stopping threads took: 0.0000279 seconds
71.160: [GC (Allocation Failure)  156837K->645K(495616K), 0.0004870 secs]
71.160: Total time for which application threads were stopped: 0.0006145 seconds, Stopping threads took: 0.0000280 seconds
71.257: [GC (Allocation Failure)  152709K->677K(491520K), 0.0004365 secs]
71.257: Total time for which application threads were stopped: 0.0005731 seconds, Stopping threads took: 0.0000194 seconds
71.355: [GC (Allocation Failure)  148645K->645K(487936K), 0.0004345 secs]
71.356: Total time for which application threads were stopped: 0.0005412 seconds, Stopping threads took: 0.0000170 seconds
71.446: [GC (Allocation Failure)  145029K->709K(484352K), 0.0004262 secs]
71.446: Total time for which application threads were stopped: 0.0005378 seconds, Stopping threads took: 0.0000166 seconds
71.535: [GC (Allocation Failure)  141509K->645K(480768K), 0.0005756 secs]
71.536: Total time for which application threads were stopped: 0.0006948 seconds, Stopping threads took: 0.0000191 seconds
71.628: [GC (Allocation Failure)  137861K->677K(477696K), 0.0004966 secs]
71.629: Total time for which application threads were stopped: 0.0006254 seconds, Stopping threads took: 0.0000280 seconds
71.714: [GC (Allocation Failure)  134821K->677K(474624K), 0.0004283 secs]
71.714: Total time for which application threads were stopped: 0.0005559 seconds, Stopping threads took: 0.0000276 seconds
71.797: [GC (Allocation Failure)  131749K->613K(471552K), 0.0004334 secs]
71.797: Total time for which application threads were stopped: 0.0005586 seconds, Stopping threads took: 0.0000280 seconds
71.880: [GC (Allocation Failure)  128613K->645K(468480K), 0.0004738 secs]
71.881: Total time for which application threads were stopped: 0.0005857 seconds, Stopping threads took: 0.0000170 seconds
71.959: [GC (Allocation Failure)  125573K->645K(465408K), 0.0004885 secs]
71.960: Total time for which application threads were stopped: 0.0006194 seconds, Stopping threads took: 0.0000166 seconds
72.039: [GC (Allocation Failure)  122501K->677K(462848K), 0.0004737 secs]
72.040: Total time for which application threads were stopped: 0.0005937 seconds, Stopping threads took: 0.0000190 seconds
72.116: [GC (Allocation Failure)  119973K->645K(460288K), 0.0004976 secs]
72.116: Total time for which application threads were stopped: 0.0006340 seconds, Stopping threads took: 0.0000355 seconds
72.195: [GC (Allocation Failure)  117381K->645K(457728K), 0.0006151 secs]
72.196: Total time for which application threads were stopped: 0.0007607 seconds, Stopping threads took: 0.0000282 seconds
72.268: [GC (Allocation Failure)  114821K->645K(455168K), 0.0004766 secs]
72.268: Total time for which application threads were stopped: 0.0006033 seconds, Stopping threads took: 0.0000208 seconds
72.341: [GC (Allocation Failure)  112261K->645K(452608K), 0.0004741 secs]
72.342: Total time for which application threads were stopped: 0.0006033 seconds, Stopping threads took: 0.0000196 seconds
72.415: [GC (Allocation Failure)  109701K->709K(450560K), 0.0004672 secs]
72.416: Total time for which application threads were stopped: 0.0005979 seconds, Stopping threads took: 0.0000284 seconds
72.483: [GC (Allocation Failure)  107717K->677K(448512K), 0.0005292 secs]
72.483: Total time for which application threads were stopped: 0.0006626 seconds, Stopping threads took: 0.0000271 seconds
72.549: [GC (Allocation Failure)  105637K->613K(446464K), 0.0006458 secs]
72.550: Total time for which application threads were stopped: 0.0007831 seconds, Stopping threads took: 0.0000205 seconds
72.621: [GC (Allocation Failure)  103525K->741K(444416K), 0.0005037 secs]
72.622: Total time for which application threads were stopped: 0.0006410 seconds, Stopping threads took: 0.0000296 seconds
72.686: [GC (Allocation Failure)  101605K->645K(442368K), 0.0004810 secs]
72.686: Total time for which application threads were stopped: 0.0006239 seconds, Stopping threads took: 0.0000210 seconds
72.753: [GC (Allocation Failure)  99461K->677K(440320K), 0.0005982 secs]
72.754: Total time for which application threads were stopped: 0.0007777 seconds, Stopping threads took: 0.0000255 seconds
72.820: [GC (Allocation Failure)  97445K->741K(438272K), 0.0007190 secs]
72.820: Total time for which application threads were stopped: 0.0008706 seconds, Stopping threads took: 0.0000289 seconds
72.880: [GC (Allocation Failure)  95461K->677K(436736K), 0.0005017 secs]
72.881: Total time for which application threads were stopped: 0.0006428 seconds, Stopping threads took: 0.0000289 seconds
72.939: [GC (Allocation Failure)  93861K->613K(435200K), 0.0006040 secs]
72.940: Total time for which application threads were stopped: 0.0007305 seconds, Stopping threads took: 0.0000272 seconds
73.005: [GC (Allocation Failure)  92261K->709K(433664K), 0.0004811 secs]
73.005: Total time for which application threads were stopped: 0.0005834 seconds, Stopping threads took: 0.0000170 seconds
73.066: [GC (Allocation Failure)  90821K->741K(432128K), 0.0005447 secs]
73.067: Total time for which application threads were stopped: 0.0006629 seconds, Stopping threads took: 0.0000193 seconds
73.123: [GC (Allocation Failure)  89317K->645K(430592K), 0.0005569 secs]
73.123: Total time for which application threads were stopped: 0.0006812 seconds, Stopping threads took: 0.0000273 seconds
73.185: [GC (Allocation Failure)  87685K->645K(429056K), 0.0004131 secs]
73.185: Total time for which application threads were stopped: 0.0005300 seconds, Stopping threads took: 0.0000253 seconds
73.240: [GC (Allocation Failure)  86149K->645K(427520K), 0.0004835 secs]
73.240: Total time for which application threads were stopped: 0.0006031 seconds, Stopping threads took: 0.0000197 seconds
73.296: [GC (Allocation Failure)  84613K->677K(425984K), 0.0004695 secs]
73.297: Total time for which application threads were stopped: 0.0005983 seconds, Stopping threads took: 0.0000282 seconds
73.348: [GC (Allocation Failure)  83109K->709K(424448K), 0.0005267 secs]
73.349: Total time for which application threads were stopped: 0.0006633 seconds, Stopping threads took: 0.0000217 seconds
73.400: [GC (Allocation Failure)  81605K->677K(422912K), 0.0004833 secs]
73.400: Total time for which application threads were stopped: 0.0006110 seconds, Stopping threads took: 0.0000271 seconds
73.450: [GC (Allocation Failure)  80037K->645K(421888K), 0.0005347 secs]
73.451: Total time for which application threads were stopped: 0.0006785 seconds, Stopping threads took: 0.0000214 seconds
73.506: [GC (Allocation Failure)  78981K->677K(420864K), 0.0006145 secs]
73.507: Total time for which application threads were stopped: 0.0007450 seconds, Stopping threads took: 0.0000218 seconds
73.563: [GC (Allocation Failure)  77989K->645K(419840K), 0.0005452 secs]
73.563: Total time for which application threads were stopped: 0.0006916 seconds, Stopping threads took: 0.0000283 seconds
73.615: [GC (Allocation Failure)  76933K->613K(418816K), 0.0006116 secs]
73.615: Total time for which application threads were stopped: 0.0007505 seconds, Stopping threads took: 0.0000217 seconds
73.663: [GC (Allocation Failure)  75877K->645K(417792K), 0.0005209 secs]
73.663: Total time for which application threads were stopped: 0.0006684 seconds, Stopping threads took: 0.0000215 seconds
73.710: [GC (Allocation Failure)  74885K->645K(416768K), 0.0005310 secs]
73.711: Total time for which application threads were stopped: 0.0006827 seconds, Stopping threads took: 0.0000291 seconds
73.757: [GC (Allocation Failure)  73861K->677K(415744K), 0.0005675 secs]
73.758: Total time for which application threads were stopped: 0.0006909 seconds, Stopping threads took: 0.0000216 seconds
73.809: [GC (Allocation Failure)  72869K->709K(414720K), 0.0003914 secs]
73.809: Total time for which application threads were stopped: 0.0004993 seconds, Stopping threads took: 0.0000166 seconds
73.854: [GC (Allocation Failure)  71877K->645K(413696K), 0.0004081 secs]
73.854: Total time for which application threads were stopped: 0.0005161 seconds, Stopping threads took: 0.0000168 seconds
73.902: [GC (Allocation Failure)  70789K->677K(412672K), 0.0006474 secs]
73.903: Total time for which application threads were stopped: 0.0007929 seconds, Stopping threads took: 0.0000194 seconds
73.950: [GC (Allocation Failure)  69797K->709K(411648K), 0.0005619 secs]
73.951: Total time for which application threads were stopped: 0.0006813 seconds, Stopping threads took: 0.0000197 seconds
73.996: [GC (Allocation Failure)  68805K->677K(425472K), 0.0006088 secs]
73.996: Total time for which application threads were stopped: 0.0007509 seconds, Stopping threads took: 0.0000282 seconds
74.051: [GC (Allocation Failure)  82597K->709K(423936K), 0.0004863 secs]
74.051: Total time for which application threads were stopped: 0.0006032 seconds, Stopping threads took: 0.0000193 seconds
74.108: [GC (Allocation Failure)  81093K->645K(422400K), 0.0006216 secs]
74.108: Total time for which application threads were stopped: 0.0007423 seconds, Stopping threads took: 0.0000192 seconds
74.162: [GC (Allocation Failure)  79493K->709K(421376K), 0.0004920 secs]
74.162: Total time for which application threads were stopped: 0.0006204 seconds, Stopping threads took: 0.0000280 seconds
74.217: [GC (Allocation Failure)  78533K->677K(420352K), 0.0004908 secs]
74.218: Total time for which application threads were stopped: 0.0006245 seconds, Stopping threads took: 0.0000253 seconds
74.266: [GC (Allocation Failure)  77477K->645K(419328K), 0.0004651 secs]
74.267: Total time for which application threads were stopped: 0.0005980 seconds, Stopping threads took: 0.0000198 seconds
74.321: [GC (Allocation Failure)  76421K->677K(418304K), 0.0005589 secs]
74.321: Total time for which application threads were stopped: 0.0006930 seconds, Stopping threads took: 0.0000214 seconds
74.372: [GC (Allocation Failure)  75429K->677K(417280K), 0.0005184 secs]
74.373: Total time for which application threads were stopped: 0.0006754 seconds, Stopping threads took: 0.0000244 seconds
74.424: [GC (Allocation Failure)  74405K->677K(416256K), 0.0005110 secs]
74.425: Total time for which application threads were stopped: 0.0006465 seconds, Stopping threads took: 0.0000283 seconds
74.471: [GC (Allocation Failure)  73381K->645K(415232K), 0.0005240 secs]
74.471: Total time for which application threads were stopped: 0.0006526 seconds, Stopping threads took: 0.0000276 seconds
74.521: [GC (Allocation Failure)  72325K->645K(414208K), 0.0004838 secs]
74.522: Total time for which application threads were stopped: 0.0006062 seconds, Stopping threads took: 0.0000210 seconds
74.567: [GC (Allocation Failure)  71301K->709K(413184K), 0.0004957 secs]
74.567: Total time for which application threads were stopped: 0.0006031 seconds, Stopping threads took: 0.0000166 seconds
74.611: [GC (Allocation Failure)  70341K->645K(412160K), 0.0005873 secs]
74.612: Total time for which application threads were stopped: 0.0006946 seconds, Stopping threads took: 0.0000166 seconds
74.655: [GC (Allocation Failure)  69253K->645K(411136K), 0.0004063 secs]
74.656: Total time for which application threads were stopped: 0.0005076 seconds, Stopping threads took: 0.0000164 seconds
74.700: [GC (Allocation Failure)  68229K->645K(410112K), 0.0004027 secs]
74.700: Total time for which application threads were stopped: 0.0005277 seconds, Stopping threads took: 0.0000268 seconds
74.743: [GC (Allocation Failure)  67205K->709K(409088K), 0.0004962 secs]
74.744: Total time for which application threads were stopped: 0.0006430 seconds, Stopping threads took: 0.0000260 seconds
74.791: [GC (Allocation Failure)  66245K->613K(408064K), 0.0004687 secs]
74.792: Total time for which application threads were stopped: 0.0005841 seconds, Stopping threads took: 0.0000195 seconds
74.832: [GC (Allocation Failure)  65125K->709K(407040K), 0.0005430 secs]
74.833: Total time for which application threads were stopped: 0.0006630 seconds, Stopping threads took: 0.0000192 seconds
74.879: [GC (Allocation Failure)  64197K->645K(406016K), 0.0003937 secs]
74.880: Total time for which application threads were stopped: 0.0004985 seconds, Stopping threads took: 0.0000167 seconds
74.920: [GC (Allocation Failure)  63109K->677K(405504K), 0.0004985 secs]
74.920: Total time for which application threads were stopped: 0.0006254 seconds, Stopping threads took: 0.0000273 seconds
74.964: [GC (Allocation Failure)  62629K->613K(404992K), 0.0006310 secs]
74.965: Total time for which application threads were stopped: 0.0007499 seconds, Stopping threads took: 0.0000186 seconds
75.004: [GC (Allocation Failure)  62053K->709K(404480K), 0.0004679 secs]
75.005: Total time for which application threads were stopped: 0.0005883 seconds, Stopping threads took: 0.0000193 seconds
75.043: [GC (Allocation Failure)  61637K->677K(416768K), 0.0004993 secs]
75.044: Total time for which application threads were stopped: 0.0006298 seconds, Stopping threads took: 0.0000212 seconds
75.090: [GC (Allocation Failure)  73893K->677K(431616K), 0.0006668 secs]
75.091: Total time for which application threads were stopped: 0.0008063 seconds, Stopping threads took: 0.0000217 seconds
75.146: [GC (Allocation Failure)  88741K->645K(449536K), 0.0007492 secs]
75.147: Total time for which application threads were stopped: 0.0008960 seconds, Stopping threads took: 0.0000287 seconds
75.218: [GC (Allocation Failure)  106629K->709K(447488K), 0.0004848 secs]
75.218: Total time for which application threads were stopped: 0.0006182 seconds, Stopping threads took: 0.0000266 seconds
75.289: [GC (Allocation Failure)  104645K->645K(445440K), 0.0004777 secs]
75.289: Total time for which application threads were stopped: 0.0006186 seconds, Stopping threads took: 0.0000272 seconds
75.353: [GC (Allocation Failure)  102533K->613K(443392K), 0.0005467 secs]
75.354: Total time for which application threads were stopped: 0.0006653 seconds, Stopping threads took: 0.0000204 seconds
75.422: [GC (Allocation Failure)  100453K->709K(441344K), 0.0005034 secs]
75.423: Total time for which application threads were stopped: 0.0006301 seconds, Stopping threads took: 0.0000165 seconds
75.490: [GC (Allocation Failure)  98501K->677K(439296K), 0.0004811 secs]
75.491: Total time for which application threads were stopped: 0.0006082 seconds, Stopping threads took: 0.0000277 seconds
75.551: [GC (Allocation Failure)  96421K->677K(437760K), 0.0004767 secs]
75.552: Total time for which application threads were stopped: 0.0006075 seconds, Stopping threads took: 0.0000206 seconds
75.617: [GC (Allocation Failure)  94885K->677K(436224K), 0.0005338 secs]
75.617: Total time for which application threads were stopped: 0.0006812 seconds, Stopping threads took: 0.0000211 seconds
75.676: [GC (Allocation Failure)  93349K->645K(434688K), 0.0004582 secs]
75.676: Total time for which application threads were stopped: 0.0005796 seconds, Stopping threads took: 0.0000195 seconds
75.734: [GC (Allocation Failure)  91781K->613K(433152K), 0.0005837 secs]
75.735: Total time for which application threads were stopped: 0.0007137 seconds, Stopping threads took: 0.0000213 seconds
