Java HotSpot(TM) 64-Bit Server VM (25.171-b11) for linux-amd64 JRE (1.8.0_171-b11), built on Mar 28 2018 17:07:08 by "java_re" with gcc 4.3.0 20080428 (Red Hat 4.3.0-8)
Memory: 4k page, physical 32883000k(29628968k free), swap 8000508k(8000508k free)
CommandLine flags: -XX:InitialHeapSize=526128000 -XX:MaxHeapSize=8418048000 -XX:+PrintGC -XX:+PrintGCApplicationStoppedTime -XX:+PrintGCTimeStamps -XX:+UseCompressedClassPointers -XX:+UseCompressedOops -XX:+UseParallelGC 
0.382: [GC (Allocation Failure)  129024K->2445K(493056K), 0.0019705 secs]
0.384: Total time for which application threads were stopped: 0.0021530 seconds, Stopping threads took: 0.0000203 seconds
0.472: [GC (Allocation Failure)  131469K->608K(493056K), 0.0009137 secs]
0.473: Total time for which application threads were stopped: 0.0010804 seconds, Stopping threads took: 0.0000294 seconds
0.558: [GC (Allocation Failure)  129632K->640K(493056K), 0.0008867 secs]
0.558: Total time for which application threads were stopped: 0.0010239 seconds, Stopping threads took: 0.0000296 seconds
0.644: [GC (Allocation Failure)  129664K->648K(493056K), 0.0008359 secs]
0.645: Total time for which application threads were stopped: 0.0009428 seconds, Stopping threads took: 0.0000148 seconds
0.732: [GC (Allocation Failure)  129672K->616K(470016K), 0.0009772 secs]
0.733: Total time for which application threads were stopped: 0.0010816 seconds, Stopping threads took: 0.0000169 seconds
0.813: [GC (Allocation Failure)  126568K->656K(466944K), 0.0009660 secs]
0.814: Total time for which application threads were stopped: 0.0011013 seconds, Stopping threads took: 0.0000212 seconds
0.893: [GC (Allocation Failure)  123536K->597K(463872K), 0.0008763 secs]
0.894: Total time for which application threads were stopped: 0.0010017 seconds, Stopping threads took: 0.0000271 seconds
0.970: [GC (Allocation Failure)  120917K->629K(461312K), 0.0005797 secs]
0.971: Total time for which application threads were stopped: 0.0007144 seconds, Stopping threads took: 0.0000206 seconds
1.047: [GC (Allocation Failure)  118389K->565K(486912K), 0.0046302 secs]
1.052: Total time for which application threads were stopped: 0.0047497 seconds, Stopping threads took: 0.0000318 seconds
1.152: [GC (Allocation Failure)  141877K->629K(534016K), 0.0012814 secs]
1.153: Total time for which application threads were stopped: 0.0014014 seconds, Stopping threads took: 0.0000188 seconds
1.289: [GC (Allocation Failure)  189045K->597K(534016K), 0.0005083 secs]
1.290: Total time for which application threads were stopped: 0.0006267 seconds, Stopping threads took: 0.0000291 seconds
1.409: [GC (Allocation Failure)  189013K->661K(646144K), 0.0004838 secs]
1.410: Total time for which application threads were stopped: 0.0006203 seconds, Stopping threads took: 0.0000298 seconds
1.627: [GC (Allocation Failure)  302229K->597K(634880K), 0.0006021 secs]
1.627: Total time for which application threads were stopped: 0.0007230 seconds, Stopping threads took: 0.0000202 seconds
1.809: [GC (Allocation Failure)  291925K->629K(625152K), 0.0005357 secs]
1.810: Total time for which application threads were stopped: 0.0006650 seconds, Stopping threads took: 0.0000221 seconds
1.992: [GC (Allocation Failure)  282229K->629K(617472K), 0.0005624 secs]
1.993: Total time for which application threads were stopped: 0.0006918 seconds, Stopping threads took: 0.0000286 seconds
2.166: [GC (Allocation Failure)  273013K->661K(606720K), 0.0005170 secs]
2.166: Total time for which application threads were stopped: 0.0006304 seconds, Stopping threads took: 0.0000249 seconds
2.336: [GC (Allocation Failure)  263829K->597K(599552K), 0.0004267 secs]
2.337: Total time for which application threads were stopped: 0.0005414 seconds, Stopping threads took: 0.0000197 seconds
2.500: [GC (Allocation Failure)  255061K->661K(589824K), 0.0005953 secs]
2.500: Total time for which application threads were stopped: 0.0007184 seconds, Stopping threads took: 0.0000196 seconds
2.654: [GC (Allocation Failure)  246933K->693K(583168K), 0.0006488 secs]
2.655: Total time for which application threads were stopped: 0.0007613 seconds, Stopping threads took: 0.0000198 seconds
2.803: [GC (Allocation Failure)  239285K->661K(574464K), 0.0005907 secs]
2.804: Total time for which application threads were stopped: 0.0007224 seconds, Stopping threads took: 0.0000188 seconds
2.948: [GC (Allocation Failure)  231573K->629K(568320K), 0.0004662 secs]
2.949: Total time for which application threads were stopped: 0.0005843 seconds, Stopping threads took: 0.0000205 seconds
3.089: [GC (Allocation Failure)  224373K->725K(560640K), 0.0006472 secs]
3.089: Total time for which application threads were stopped: 0.0007844 seconds, Stopping threads took: 0.0000273 seconds
3.226: [GC (Allocation Failure)  217813K->629K(555008K), 0.0004608 secs]
3.227: Total time for which application threads were stopped: 0.0005750 seconds, Stopping threads took: 0.0000200 seconds
3.363: [GC (Allocation Failure)  211061K->693K(547840K), 0.0005093 secs]
3.363: Total time for which application threads were stopped: 0.0006290 seconds, Stopping threads took: 0.0000200 seconds
3.497: [GC (Allocation Failure)  204981K->693K(542208K), 0.0004640 secs]
3.497: Total time for which application threads were stopped: 0.0006100 seconds, Stopping threads took: 0.0000222 seconds
3.627: [GC (Allocation Failure)  198837K->661K(536064K), 0.0005829 secs]
3.628: Total time for which application threads were stopped: 0.0007257 seconds, Stopping threads took: 0.0000210 seconds
3.754: [GC (Allocation Failure)  193173K->661K(530944K), 0.0004859 secs]
3.754: Total time for which application threads were stopped: 0.0006073 seconds, Stopping threads took: 0.0000283 seconds
3.871: [GC (Allocation Failure)  187541K->693K(525312K), 0.0005990 secs]
3.872: Total time for which application threads were stopped: 0.0007201 seconds, Stopping threads took: 0.0000197 seconds
3.986: [GC (Allocation Failure)  182453K->661K(520704K), 0.0005548 secs]
3.987: Total time for which application threads were stopped: 0.0006691 seconds, Stopping threads took: 0.0000198 seconds
4.055: Total time for which application threads were stopped: 0.0001141 seconds, Stopping threads took: 0.0000579 seconds
4.103: [GC (Allocation Failure)  177301K->661K(515584K), 0.0005405 secs]
4.103: Total time for which application threads were stopped: 0.0006812 seconds, Stopping threads took: 0.0000279 seconds
4.211: [GC (Allocation Failure)  172693K->693K(511488K), 0.0004895 secs]
4.212: Total time for which application threads were stopped: 0.0006005 seconds, Stopping threads took: 0.0000283 seconds
4.317: [GC (Allocation Failure)  168117K->661K(506368K), 0.0005552 secs]
4.317: Total time for which application threads were stopped: 0.0006835 seconds, Stopping threads took: 0.0000198 seconds
4.420: [GC (Allocation Failure)  163477K->693K(502784K), 0.0004748 secs]
4.421: Total time for which application threads were stopped: 0.0006234 seconds, Stopping threads took: 0.0000283 seconds
4.523: [GC (Allocation Failure)  159413K->693K(498176K), 0.0005490 secs]
4.524: Total time for which application threads were stopped: 0.0006858 seconds, Stopping threads took: 0.0000207 seconds
4.627: [GC (Allocation Failure)  155317K->661K(494592K), 0.0004839 secs]
4.628: Total time for which application threads were stopped: 0.0006178 seconds, Stopping threads took: 0.0000203 seconds
4.728: [GC (Allocation Failure)  151189K->693K(490496K), 0.0005762 secs]
4.729: Total time for which application threads were stopped: 0.0006949 seconds, Stopping threads took: 0.0000193 seconds
4.821: [GC (Allocation Failure)  147637K->693K(486912K), 0.0004838 secs]
4.821: Total time for which application threads were stopped: 0.0006116 seconds, Stopping threads took: 0.0000279 seconds
4.911: [GC (Allocation Failure)  144053K->757K(483328K), 0.0004467 secs]
4.912: Total time for which application threads were stopped: 0.0005822 seconds, Stopping threads took: 0.0000281 seconds
5.004: [GC (Allocation Failure)  140533K->757K(479744K), 0.0004928 secs]
5.005: Total time for which application threads were stopped: 0.0006252 seconds, Stopping threads took: 0.0000274 seconds
5.095: [GC (Allocation Failure)  136949K->661K(476672K), 0.0005107 secs]
5.095: Total time for which application threads were stopped: 0.0006365 seconds, Stopping threads took: 0.0000209 seconds
5.180: [GC (Allocation Failure)  133781K->725K(473600K), 0.0004479 secs]
5.181: Total time for which application threads were stopped: 0.0005530 seconds, Stopping threads took: 0.0000171 seconds
5.263: [GC (Allocation Failure)  130773K->757K(470528K), 0.0006227 secs]
5.264: Total time for which application threads were stopped: 0.0007443 seconds, Stopping threads took: 0.0000196 seconds
5.344: [GC (Allocation Failure)  127733K->661K(467456K), 0.0005425 secs]
5.344: Total time for which application threads were stopped: 0.0006607 seconds, Stopping threads took: 0.0000200 seconds
5.425: [GC (Allocation Failure)  124565K->693K(464896K), 0.0004481 secs]
5.425: Total time for which application threads were stopped: 0.0005679 seconds, Stopping threads took: 0.0000263 seconds
5.502: [GC (Allocation Failure)  122037K->725K(462336K), 0.0005252 secs]
5.503: Total time for which application threads were stopped: 0.0006766 seconds, Stopping threads took: 0.0000296 seconds
5.582: [GC (Allocation Failure)  119509K->661K(459776K), 0.0004678 secs]
5.583: Total time for which application threads were stopped: 0.0005938 seconds, Stopping threads took: 0.0000209 seconds
5.656: [GC (Allocation Failure)  116885K->629K(457216K), 0.0006103 secs]
5.656: Total time for which application threads were stopped: 0.0007375 seconds, Stopping threads took: 0.0000280 seconds
5.728: [GC (Allocation Failure)  114293K->629K(454656K), 0.0004994 secs]
5.728: Total time for which application threads were stopped: 0.0006162 seconds, Stopping threads took: 0.0000199 seconds
5.798: [GC (Allocation Failure)  111733K->661K(452096K), 0.0004839 secs]
5.798: Total time for which application threads were stopped: 0.0005986 seconds, Stopping threads took: 0.0000197 seconds
5.872: [GC (Allocation Failure)  109205K->693K(450048K), 0.0006548 secs]
5.873: Total time for which application threads were stopped: 0.0008131 seconds, Stopping threads took: 0.0000308 seconds
5.942: [GC (Allocation Failure)  107189K->693K(448000K), 0.0004217 secs]
5.942: Total time for which application threads were stopped: 0.0005443 seconds, Stopping threads took: 0.0000258 seconds
6.013: [GC (Allocation Failure)  105141K->661K(445952K), 0.0006370 secs]
6.013: Total time for which application threads were stopped: 0.0007633 seconds, Stopping threads took: 0.0000195 seconds
6.078: [GC (Allocation Failure)  103061K->693K(443904K), 0.0005130 secs]
6.079: Total time for which application threads were stopped: 0.0006581 seconds, Stopping threads took: 0.0000304 seconds
6.142: [GC (Allocation Failure)  101045K->725K(441856K), 0.0004879 secs]
6.143: Total time for which application threads were stopped: 0.0006060 seconds, Stopping threads took: 0.0000195 seconds
6.209: [GC (Allocation Failure)  99029K->629K(439808K), 0.0004034 secs]
6.210: Total time for which application threads were stopped: 0.0005044 seconds, Stopping threads took: 0.0000160 seconds
6.274: [GC (Allocation Failure)  96885K->693K(437760K), 0.0005675 secs]
6.274: Total time for which application threads were stopped: 0.0006955 seconds, Stopping threads took: 0.0000276 seconds
6.333: [GC (Allocation Failure)  94901K->661K(436224K), 0.0005491 secs]
6.334: Total time for which application threads were stopped: 0.0006895 seconds, Stopping threads took: 0.0000210 seconds
6.399: [GC (Allocation Failure)  93333K->693K(434688K), 0.0004446 secs]
6.399: Total time for which application threads were stopped: 0.0005694 seconds, Stopping threads took: 0.0000262 seconds
6.462: [GC (Allocation Failure)  91829K->629K(433152K), 0.0005739 secs]
6.462: Total time for which application threads were stopped: 0.0007007 seconds, Stopping threads took: 0.0000217 seconds
6.519: [GC (Allocation Failure)  90229K->693K(431616K), 0.0004447 secs]
6.519: Total time for which application threads were stopped: 0.0005687 seconds, Stopping threads took: 0.0000188 seconds
6.583: [GC (Allocation Failure)  88757K->725K(430080K), 0.0005479 secs]
6.583: Total time for which application threads were stopped: 0.0006676 seconds, Stopping threads took: 0.0000203 seconds
6.638: [GC (Allocation Failure)  87253K->629K(428544K), 0.0006531 secs]
6.638: Total time for which application threads were stopped: 0.0008012 seconds, Stopping threads took: 0.0000298 seconds
6.696: [GC (Allocation Failure)  85621K->757K(427008K), 0.0005502 secs]
6.696: Total time for which application threads were stopped: 0.0006875 seconds, Stopping threads took: 0.0000276 seconds
6.749: [GC (Allocation Failure)  84213K->693K(425472K), 0.0005248 secs]
6.749: Total time for which application threads were stopped: 0.0006672 seconds, Stopping threads took: 0.0000207 seconds
6.807: [GC (Allocation Failure)  82613K->629K(423936K), 0.0007458 secs]
6.808: Total time for which application threads were stopped: 0.0008880 seconds, Stopping threads took: 0.0000222 seconds
6.858: [GC (Allocation Failure)  81013K->661K(422400K), 0.0005626 secs]
6.859: Total time for which application threads were stopped: 0.0007058 seconds, Stopping threads took: 0.0000226 seconds
6.913: [GC (Allocation Failure)  79509K->725K(421376K), 0.0006083 secs]
6.914: Total time for which application threads were stopped: 0.0007457 seconds, Stopping threads took: 0.0000195 seconds
6.969: [GC (Allocation Failure)  78549K->629K(420352K), 0.0004753 secs]
6.969: Total time for which application threads were stopped: 0.0006108 seconds, Stopping threads took: 0.0000293 seconds
7.024: [GC (Allocation Failure)  77429K->693K(419328K), 0.0004646 secs]
7.024: Total time for which application threads were stopped: 0.0005862 seconds, Stopping threads took: 0.0000268 seconds
7.072: [GC (Allocation Failure)  76469K->661K(418304K), 0.0005247 secs]
7.073: Total time for which application threads were stopped: 0.0006502 seconds, Stopping threads took: 0.0000270 seconds
7.125: [GC (Allocation Failure)  75413K->661K(417280K), 0.0006141 secs]
7.125: Total time for which application threads were stopped: 0.0007401 seconds, Stopping threads took: 0.0000275 seconds
7.172: [GC (Allocation Failure)  74389K->661K(416256K), 0.0004935 secs]
7.173: Total time for which application threads were stopped: 0.0006097 seconds, Stopping threads took: 0.0000170 seconds
7.220: [GC (Allocation Failure)  73365K->693K(415232K), 0.0004852 secs]
7.220: Total time for which application threads were stopped: 0.0006108 seconds, Stopping threads took: 0.0000270 seconds
7.271: [GC (Allocation Failure)  72373K->693K(414208K), 0.0005642 secs]
7.272: Total time for which application threads were stopped: 0.0007116 seconds, Stopping threads took: 0.0000270 seconds
7.321: [GC (Allocation Failure)  71349K->661K(413184K), 0.0005043 secs]
7.322: Total time for which application threads were stopped: 0.0006474 seconds, Stopping threads took: 0.0000223 seconds
7.366: [GC (Allocation Failure)  70293K->661K(412160K), 0.0005218 secs]
7.366: Total time for which application threads were stopped: 0.0006752 seconds, Stopping threads took: 0.0000286 seconds
7.416: [GC (Allocation Failure)  69269K->661K(411136K), 0.0004901 secs]
7.417: Total time for which application threads were stopped: 0.0006308 seconds, Stopping threads took: 0.0000258 seconds
7.466: [GC (Allocation Failure)  68245K->661K(410112K), 0.0005663 secs]
7.467: Total time for which application threads were stopped: 0.0007081 seconds, Stopping threads took: 0.0000217 seconds
7.509: [GC (Allocation Failure)  67221K->629K(423424K), 0.0007098 secs]
7.510: Total time for which application threads were stopped: 0.0008600 seconds, Stopping threads took: 0.0000219 seconds
7.566: [GC (Allocation Failure)  80501K->661K(422400K), 0.0004747 secs]
7.567: Total time for which application threads were stopped: 0.0006057 seconds, Stopping threads took: 0.0000227 seconds
7.616: [GC (Allocation Failure)  79509K->725K(421376K), 0.0005741 secs]
7.617: Total time for which application threads were stopped: 0.0007315 seconds, Stopping threads took: 0.0000295 seconds
7.672: [GC (Allocation Failure)  78549K->693K(420352K), 0.0005528 secs]
7.673: Total time for which application threads were stopped: 0.0006801 seconds, Stopping threads took: 0.0000279 seconds
7.726: [GC (Allocation Failure)  77493K->661K(419328K), 0.0004715 secs]
7.727: Total time for which application threads were stopped: 0.0005988 seconds, Stopping threads took: 0.0000277 seconds
7.775: [GC (Allocation Failure)  76437K->661K(418304K), 0.0005890 secs]
7.776: Total time for which application threads were stopped: 0.0007219 seconds, Stopping threads took: 0.0000275 seconds
7.823: [GC (Allocation Failure)  75413K->725K(417280K), 0.0004487 secs]
7.824: Total time for which application threads were stopped: 0.0005677 seconds, Stopping threads took: 0.0000194 seconds
7.870: [GC (Allocation Failure)  74453K->629K(416256K), 0.0004676 secs]
7.871: Total time for which application threads were stopped: 0.0006105 seconds, Stopping threads took: 0.0000213 seconds
7.921: [GC (Allocation Failure)  73333K->661K(415232K), 0.0006325 secs]
7.922: Total time for which application threads were stopped: 0.0007623 seconds, Stopping threads took: 0.0000197 seconds
7.973: [GC (Allocation Failure)  72341K->629K(414208K), 0.0006183 secs]
7.974: Total time for which application threads were stopped: 0.0007804 seconds, Stopping threads took: 0.0000312 seconds
8.018: [GC (Allocation Failure)  71285K->757K(413184K), 0.0005106 secs]
8.019: Total time for which application threads were stopped: 0.0006376 seconds, Stopping threads took: 0.0000225 seconds
8.063: [GC (Allocation Failure)  70389K->661K(412160K), 0.0005424 secs]
8.063: Total time for which application threads were stopped: 0.0006669 seconds, Stopping threads took: 0.0000163 seconds
8.109: [GC (Allocation Failure)  69269K->757K(425984K), 0.0007159 secs]
8.110: Total time for which application threads were stopped: 0.0008512 seconds, Stopping threads took: 0.0000190 seconds
8.162: [GC (Allocation Failure)  83189K->629K(442880K), 0.0005679 secs]
8.163: Total time for which application threads were stopped: 0.0006936 seconds, Stopping threads took: 0.0000174 seconds
8.227: [GC (Allocation Failure)  99957K->661K(440832K), 0.0004778 secs]
8.227: Total time for which application threads were stopped: 0.0005853 seconds, Stopping threads took: 0.0000166 seconds
8.289: [GC (Allocation Failure)  97941K->661K(438784K), 0.0003905 secs]
8.289: Total time for which application threads were stopped: 0.0004995 seconds, Stopping threads took: 0.0000164 seconds
8.354: [GC (Allocation Failure)  95893K->661K(437248K), 0.0004253 secs]
8.355: Total time for which application threads were stopped: 0.0005326 seconds, Stopping threads took: 0.0000162 seconds
8.414: [GC (Allocation Failure)  94357K->661K(435712K), 0.0005336 secs]
8.415: Total time for which application threads were stopped: 0.0006591 seconds, Stopping threads took: 0.0000257 seconds
8.473: [GC (Allocation Failure)  92821K->661K(434176K), 0.0004759 secs]
8.473: Total time for which application threads were stopped: 0.0006154 seconds, Stopping threads took: 0.0000255 seconds
8.530: [GC (Allocation Failure)  91285K->693K(432640K), 0.0004760 secs]
8.530: Total time for which application threads were stopped: 0.0006008 seconds, Stopping threads took: 0.0000222 seconds
8.593: [GC (Allocation Failure)  89781K->629K(431104K), 0.0004754 secs]
8.593: Total time for which application threads were stopped: 0.0005924 seconds, Stopping threads took: 0.0000169 seconds
8.648: [GC (Allocation Failure)  88181K->661K(429568K), 0.0006535 secs]
8.649: Total time for which application threads were stopped: 0.0007888 seconds, Stopping threads took: 0.0000201 seconds
8.703: [GC (Allocation Failure)  86677K->661K(428032K), 0.0005211 secs]
8.704: Total time for which application threads were stopped: 0.0006619 seconds, Stopping threads took: 0.0000296 seconds
8.759: [GC (Allocation Failure)  85141K->629K(426496K), 0.0004987 secs]
8.760: Total time for which application threads were stopped: 0.0006492 seconds, Stopping threads took: 0.0000304 seconds
8.819: [GC (Allocation Failure)  83573K->725K(424960K), 0.0006389 secs]
8.820: Total time for which application threads were stopped: 0.0008141 seconds, Stopping threads took: 0.0000203 seconds
8.871: [GC (Allocation Failure)  82133K->661K(423424K), 0.0005059 secs]
8.872: Total time for which application threads were stopped: 0.0006522 seconds, Stopping threads took: 0.0000290 seconds
8.924: [GC (Allocation Failure)  80533K->757K(422400K), 0.0005542 secs]
8.925: Total time for which application threads were stopped: 0.0006970 seconds, Stopping threads took: 0.0000273 seconds
8.974: [GC (Allocation Failure)  79605K->661K(421376K), 0.0005872 secs]
8.975: Total time for which application threads were stopped: 0.0007189 seconds, Stopping threads took: 0.0000213 seconds
9.024: [GC (Allocation Failure)  78485K->757K(420352K), 0.0004866 secs]
9.024: Total time for which application threads were stopped: 0.0006214 seconds, Stopping threads took: 0.0000211 seconds
9.073: [GC (Allocation Failure)  77557K->693K(419328K), 0.0004744 secs]
9.073: Total time for which application threads were stopped: 0.0005997 seconds, Stopping threads took: 0.0000269 seconds
9.127: [GC (Allocation Failure)  76469K->629K(418304K), 0.0006507 secs]
9.127: Total time for which application threads were stopped: 0.0007812 seconds, Stopping threads took: 0.0000215 seconds
9.183: [GC (Allocation Failure)  75381K->725K(417280K), 0.0004714 secs]
9.183: Total time for which application threads were stopped: 0.0005866 seconds, Stopping threads took: 0.0000197 seconds
9.230: [GC (Allocation Failure)  74453K->693K(416256K), 0.0004842 secs]
9.231: Total time for which application threads were stopped: 0.0006055 seconds, Stopping threads took: 0.0000204 seconds
9.277: [GC (Allocation Failure)  73397K->661K(415232K), 0.0004783 secs]
9.277: Total time for which application threads were stopped: 0.0006231 seconds, Stopping threads took: 0.0000284 seconds
9.323: [GC (Allocation Failure)  72341K->693K(414208K), 0.0004988 secs]
9.323: Total time for which application threads were stopped: 0.0006375 seconds, Stopping threads took: 0.0000206 seconds
9.368: [GC (Allocation Failure)  71349K->661K(413184K), 0.0004792 secs]
9.369: Total time for which application threads were stopped: 0.0005954 seconds, Stopping threads took: 0.0000193 seconds
9.414: [GC (Allocation Failure)  70293K->725K(412160K), 0.0004197 secs]
9.414: Total time for which application threads were stopped: 0.0005538 seconds, Stopping threads took: 0.0000278 seconds
9.463: [GC (Allocation Failure)  69333K->693K(411136K), 0.0004860 secs]
9.464: Total time for which application threads were stopped: 0.0006009 seconds, Stopping threads took: 0.0000189 seconds
9.506: [GC (Allocation Failure)  68277K->693K(410112K), 0.0004872 secs]
9.507: Total time for which application threads were stopped: 0.0006130 seconds, Stopping threads took: 0.0000280 seconds
9.549: [GC (Allocation Failure)  67253K->693K(409088K), 0.0004843 secs]
9.549: Total time for which application threads were stopped: 0.0006054 seconds, Stopping threads took: 0.0000186 seconds
9.591: [GC (Allocation Failure)  66229K->757K(422400K), 0.0007242 secs]
9.591: Total time for which application threads were stopped: 0.0008616 seconds, Stopping threads took: 0.0000216 seconds
9.641: [GC (Allocation Failure)  79605K->661K(438272K), 0.0005749 secs]
9.642: Total time for which application threads were stopped: 0.0007244 seconds, Stopping threads took: 0.0000215 seconds
9.704: [GC (Allocation Failure)  95381K->661K(436736K), 0.0005078 secs]
9.704: Total time for which application threads were stopped: 0.0006499 seconds, Stopping threads took: 0.0000224 seconds
9.763: [GC (Allocation Failure)  93845K->757K(435200K), 0.0004961 secs]
9.763: Total time for which application threads were stopped: 0.0006255 seconds, Stopping threads took: 0.0000233 seconds
9.821: [GC (Allocation Failure)  92405K->661K(433664K), 0.0005169 secs]
9.822: Total time for which application threads were stopped: 0.0006354 seconds, Stopping threads took: 0.0000192 seconds
9.881: [GC (Allocation Failure)  90773K->661K(432128K), 0.0003950 secs]
9.882: Total time for which application threads were stopped: 0.0005263 seconds, Stopping threads took: 0.0000243 seconds
9.939: [GC (Allocation Failure)  89237K->693K(430592K), 0.0005485 secs]
9.939: Total time for which application threads were stopped: 0.0006814 seconds, Stopping threads took: 0.0000199 seconds
9.994: [GC (Allocation Failure)  87733K->661K(429056K), 0.0005148 secs]
9.994: Total time for which application threads were stopped: 0.0006646 seconds, Stopping threads took: 0.0000294 seconds
10.053: [GC (Allocation Failure)  86165K->661K(427520K), 0.0004923 secs]
10.053: Total time for which application threads were stopped: 0.0006332 seconds, Stopping threads took: 0.0000289 seconds
10.106: [GC (Allocation Failure)  84629K->661K(425984K), 0.0005948 secs]
10.107: Total time for which application threads were stopped: 0.0007424 seconds, Stopping threads took: 0.0000293 seconds
10.165: [GC (Allocation Failure)  83093K->661K(424448K), 0.0004657 secs]
10.165: Total time for which application threads were stopped: 0.0005981 seconds, Stopping threads took: 0.0000243 seconds
10.219: [GC (Allocation Failure)  81557K->693K(422912K), 0.0004581 secs]
10.219: Total time for which application threads were stopped: 0.0005897 seconds, Stopping threads took: 0.0000199 seconds
10.269: [GC (Allocation Failure)  80053K->693K(421888K), 0.0004613 secs]
10.270: Total time for which application threads were stopped: 0.0005951 seconds, Stopping threads took: 0.0000240 seconds
10.319: [GC (Allocation Failure)  79029K->661K(420864K), 0.0005139 secs]
10.320: Total time for which application threads were stopped: 0.0006406 seconds, Stopping threads took: 0.0000271 seconds
10.373: [GC (Allocation Failure)  77973K->693K(419840K), 0.0005083 secs]
10.374: Total time for which application threads were stopped: 0.0006309 seconds, Stopping threads took: 0.0000271 seconds
10.428: [GC (Allocation Failure)  76981K->693K(418816K), 0.0004576 secs]
10.428: Total time for which application threads were stopped: 0.0005818 seconds, Stopping threads took: 0.0000181 seconds
10.475: [GC (Allocation Failure)  75957K->661K(417792K), 0.0005250 secs]
10.476: Total time for which application threads were stopped: 0.0006809 seconds, Stopping threads took: 0.0000295 seconds
10.529: [GC (Allocation Failure)  74901K->693K(416768K), 0.0005450 secs]
10.529: Total time for which application threads were stopped: 0.0006887 seconds, Stopping threads took: 0.0000229 seconds
10.576: [GC (Allocation Failure)  73909K->693K(415744K), 0.0005198 secs]
10.576: Total time for which application threads were stopped: 0.0006643 seconds, Stopping threads took: 0.0000226 seconds
10.627: [GC (Allocation Failure)  72885K->693K(414720K), 0.0004949 secs]
10.628: Total time for which application threads were stopped: 0.0006438 seconds, Stopping threads took: 0.0000224 seconds
10.676: [GC (Allocation Failure)  71861K->693K(413696K), 0.0004938 secs]
10.677: Total time for which application threads were stopped: 0.0006482 seconds, Stopping threads took: 0.0000299 seconds
10.721: [GC (Allocation Failure)  70837K->693K(412672K), 0.0006224 secs]
10.721: Total time for which application threads were stopped: 0.0007726 seconds, Stopping threads took: 0.0000222 seconds
10.769: [GC (Allocation Failure)  69813K->629K(426496K), 0.0006960 secs]
10.770: Total time for which application threads were stopped: 0.0008461 seconds, Stopping threads took: 0.0000296 seconds
10.825: [GC (Allocation Failure)  83573K->661K(424960K), 0.0005166 secs]
10.826: Total time for which application threads were stopped: 0.0006624 seconds, Stopping threads took: 0.0000221 seconds
10.882: [GC (Allocation Failure)  82069K->661K(423424K), 0.0004376 secs]
10.883: Total time for which application threads were stopped: 0.0005684 seconds, Stopping threads took: 0.0000255 seconds
10.937: [GC (Allocation Failure)  80533K->661K(422400K), 0.0005095 secs]
10.937: Total time for which application threads were stopped: 0.0006486 seconds, Stopping threads took: 0.0000215 seconds
10.987: [GC (Allocation Failure)  79509K->725K(421376K), 0.0007542 secs]
10.988: Total time for which application threads were stopped: 0.0009105 seconds, Stopping threads took: 0.0000203 seconds
11.037: [GC (Allocation Failure)  78549K->693K(420352K), 0.0004951 secs]
11.038: Total time for which application threads were stopped: 0.0006323 seconds, Stopping threads took: 0.0000200 seconds
11.086: [GC (Allocation Failure)  77493K->661K(419328K), 0.0004809 secs]
11.087: Total time for which application threads were stopped: 0.0006086 seconds, Stopping threads took: 0.0000212 seconds
11.135: [GC (Allocation Failure)  76437K->693K(418304K), 0.0006197 secs]
11.135: Total time for which application threads were stopped: 0.0007849 seconds, Stopping threads took: 0.0000194 seconds
11.188: [GC (Allocation Failure)  75445K->661K(417280K), 0.0005766 secs]
11.189: Total time for which application threads were stopped: 0.0006990 seconds, Stopping threads took: 0.0000175 seconds
11.235: [GC (Allocation Failure)  74389K->725K(416256K), 0.0005041 secs]
11.236: Total time for which application threads were stopped: 0.0006304 seconds, Stopping threads took: 0.0000196 seconds
11.281: [GC (Allocation Failure)  73429K->725K(415232K), 0.0004982 secs]
11.282: Total time for which application threads were stopped: 0.0006323 seconds, Stopping threads took: 0.0000209 seconds
11.327: [GC (Allocation Failure)  72405K->629K(414208K), 0.0005932 secs]
11.328: Total time for which application threads were stopped: 0.0007375 seconds, Stopping threads took: 0.0000210 seconds
11.372: [GC (Allocation Failure)  71285K->629K(428544K), 0.0006486 secs]
11.373: Total time for which application threads were stopped: 0.0007924 seconds, Stopping threads took: 0.0000302 seconds
11.428: [GC (Allocation Failure)  85621K->693K(427008K), 0.0004971 secs]
11.429: Total time for which application threads were stopped: 0.0006350 seconds, Stopping threads took: 0.0000276 seconds
11.481: [GC (Allocation Failure)  84149K->693K(425472K), 0.0004377 secs]
11.482: Total time for which application threads were stopped: 0.0005661 seconds, Stopping threads took: 0.0000271 seconds
11.536: [GC (Allocation Failure)  82613K->629K(423936K), 0.0005108 secs]
11.536: Total time for which application threads were stopped: 0.0006611 seconds, Stopping threads took: 0.0000269 seconds
11.591: [GC (Allocation Failure)  81013K->693K(422400K), 0.0004203 secs]
11.591: Total time for which application threads were stopped: 0.0005390 seconds, Stopping threads took: 0.0000202 seconds
11.647: [GC (Allocation Failure)  79541K->661K(421376K), 0.0004724 secs]
11.647: Total time for which application threads were stopped: 0.0005730 seconds, Stopping threads took: 0.0000166 seconds
11.696: [GC (Allocation Failure)  78485K->725K(420352K), 0.0004940 secs]
11.697: Total time for which application threads were stopped: 0.0006325 seconds, Stopping threads took: 0.0000250 seconds
11.745: [GC (Allocation Failure)  77525K->725K(419328K), 0.0004617 secs]
11.746: Total time for which application threads were stopped: 0.0005916 seconds, Stopping threads took: 0.0000250 seconds
11.793: [GC (Allocation Failure)  76501K->693K(418304K), 0.0004635 secs]
11.794: Total time for which application threads were stopped: 0.0005901 seconds, Stopping threads took: 0.0000267 seconds
11.841: [GC (Allocation Failure)  75445K->693K(417280K), 0.0004836 secs]
11.841: Total time for which application threads were stopped: 0.0006031 seconds, Stopping threads took: 0.0000193 seconds
11.894: [GC (Allocation Failure)  74421K->661K(416256K), 0.0003919 secs]
11.894: Total time for which application threads were stopped: 0.0005141 seconds, Stopping threads took: 0.0000260 seconds
11.940: [GC (Allocation Failure)  73365K->661K(415232K), 0.0004682 secs]
11.941: Total time for which application threads were stopped: 0.0005901 seconds, Stopping threads took: 0.0000200 seconds
11.986: [GC (Allocation Failure)  72341K->661K(414208K), 0.0004762 secs]
11.986: Total time for which application threads were stopped: 0.0006157 seconds, Stopping threads took: 0.0000268 seconds
12.031: [GC (Allocation Failure)  71317K->725K(413184K), 0.0005732 secs]
12.031: Total time for which application threads were stopped: 0.0007005 seconds, Stopping threads took: 0.0000206 seconds
12.075: [GC (Allocation Failure)  70357K->693K(412160K), 0.0005960 secs]
12.076: Total time for which application threads were stopped: 0.0007382 seconds, Stopping threads took: 0.0000274 seconds
12.119: [GC (Allocation Failure)  69301K->661K(411136K), 0.0004857 secs]
12.119: Total time for which application threads were stopped: 0.0006232 seconds, Stopping threads took: 0.0000286 seconds
12.166: [GC (Allocation Failure)  68245K->693K(410112K), 0.0004528 secs]
12.166: Total time for which application threads were stopped: 0.0005861 seconds, Stopping threads took: 0.0000246 seconds
12.212: [GC (Allocation Failure)  67253K->693K(409088K), 0.0004837 secs]
12.213: Total time for which application threads were stopped: 0.0006193 seconds, Stopping threads took: 0.0000191 seconds
12.258: [GC (Allocation Failure)  66229K->629K(408064K), 0.0004425 secs]
12.258: Total time for which application threads were stopped: 0.0005794 seconds, Stopping threads took: 0.0000197 seconds
12.299: [GC (Allocation Failure)  65141K->661K(407040K), 0.0004862 secs]
12.299: Total time for which application threads were stopped: 0.0006161 seconds, Stopping threads took: 0.0000168 seconds
12.346: [GC (Allocation Failure)  64149K->661K(406016K), 0.0005131 secs]
12.347: Total time for which application threads were stopped: 0.0006327 seconds, Stopping threads took: 0.0000200 seconds
12.386: [GC (Allocation Failure)  63125K->757K(405504K), 0.0003593 secs]
12.387: Total time for which application threads were stopped: 0.0004579 seconds, Stopping threads took: 0.0000168 seconds
12.426: [GC (Allocation Failure)  62709K->661K(404992K), 0.0004851 secs]
12.427: Total time for which application threads were stopped: 0.0006026 seconds, Stopping threads took: 0.0000247 seconds
12.466: [GC (Allocation Failure)  62101K->661K(404480K), 0.0005080 secs]
12.467: Total time for which application threads were stopped: 0.0006382 seconds, Stopping threads took: 0.0000286 seconds
12.505: [GC (Allocation Failure)  61589K->629K(403968K), 0.0004918 secs]
12.506: Total time for which application threads were stopped: 0.0006195 seconds, Stopping threads took: 0.0000272 seconds
12.549: [GC (Allocation Failure)  61045K->661K(403456K), 0.0005113 secs]
12.550: Total time for which application threads were stopped: 0.0006405 seconds, Stopping threads took: 0.0000194 seconds
12.593: [GC (Allocation Failure)  60565K->661K(415744K), 0.0005823 secs]
12.594: Total time for which application threads were stopped: 0.0007129 seconds, Stopping threads took: 0.0000296 seconds
12.644: [GC (Allocation Failure)  72853K->629K(414720K), 0.0004829 secs]
12.645: Total time for which application threads were stopped: 0.0005920 seconds, Stopping threads took: 0.0000171 seconds
12.690: [GC (Allocation Failure)  71797K->725K(413696K), 0.0004937 secs]
12.690: Total time for which application threads were stopped: 0.0006218 seconds, Stopping threads took: 0.0000199 seconds
12.735: [GC (Allocation Failure)  70869K->725K(412672K), 0.0004590 secs]
12.735: Total time for which application threads were stopped: 0.0006022 seconds, Stopping threads took: 0.0000211 seconds
12.779: [GC (Allocation Failure)  69845K->661K(411648K), 0.0006029 secs]
12.780: Total time for which application threads were stopped: 0.0007478 seconds, Stopping threads took: 0.0000210 seconds
12.823: [GC (Allocation Failure)  68757K->629K(425472K), 0.0006968 secs]
12.824: Total time for which application threads were stopped: 0.0008460 seconds, Stopping threads took: 0.0000214 seconds
12.882: [GC (Allocation Failure)  82549K->693K(441856K), 0.0005860 secs]
12.883: Total time for which application threads were stopped: 0.0007310 seconds, Stopping threads took: 0.0000221 seconds
12.946: [GC (Allocation Failure)  98997K->693K(439808K), 0.0004895 secs]
12.946: Total time for which application threads were stopped: 0.0006182 seconds, Stopping threads took: 0.0000273 seconds
13.007: [GC (Allocation Failure)  96949K->661K(437760K), 0.0004898 secs]
13.007: Total time for which application threads were stopped: 0.0006071 seconds, Stopping threads took: 0.0000200 seconds
13.070: [GC (Allocation Failure)  94869K->661K(436224K), 0.0004872 secs]
13.071: Total time for which application threads were stopped: 0.0006365 seconds, Stopping threads took: 0.0000192 seconds
13.129: [GC (Allocation Failure)  93333K->661K(434688K), 0.0004544 secs]
13.130: Total time for which application threads were stopped: 0.0005673 seconds, Stopping threads took: 0.0000184 seconds
13.190: [GC (Allocation Failure)  91797K->725K(433152K), 0.0004795 secs]
13.191: Total time for which application threads were stopped: 0.0006001 seconds, Stopping threads took: 0.0000197 seconds
13.247: [GC (Allocation Failure)  90325K->693K(431616K), 0.0005324 secs]
13.248: Total time for which application threads were stopped: 0.0006669 seconds, Stopping threads took: 0.0000275 seconds
13.303: [GC (Allocation Failure)  88757K->661K(430080K), 0.0005966 secs]
13.304: Total time for which application threads were stopped: 0.0007266 seconds, Stopping threads took: 0.0000269 seconds
13.358: [GC (Allocation Failure)  87189K->661K(428544K), 0.0005451 secs]
13.358: Total time for which application threads were stopped: 0.0006680 seconds, Stopping threads took: 0.0000278 seconds
13.412: [GC (Allocation Failure)  85653K->661K(427008K), 0.0004688 secs]
13.413: Total time for which application threads were stopped: 0.0005888 seconds, Stopping threads took: 0.0000260 seconds
13.465: [GC (Allocation Failure)  84117K->693K(425472K), 0.0004692 secs]
13.466: Total time for which application threads were stopped: 0.0005966 seconds, Stopping threads took: 0.0000192 seconds
13.517: [GC (Allocation Failure)  82613K->693K(423936K), 0.0006506 secs]
13.518: Total time for which application threads were stopped: 0.0007808 seconds, Stopping threads took: 0.0000268 seconds
13.568: [GC (Allocation Failure)  81077K->661K(422400K), 0.0006507 secs]
13.569: Total time for which application threads were stopped: 0.0007794 seconds, Stopping threads took: 0.0000269 seconds
13.618: [GC (Allocation Failure)  79509K->629K(421376K), 0.0006589 secs]
13.619: Total time for which application threads were stopped: 0.0007963 seconds, Stopping threads took: 0.0000194 seconds
13.668: [GC (Allocation Failure)  78453K->693K(437248K), 0.0007632 secs]
13.669: Total time for which application threads were stopped: 0.0009111 seconds, Stopping threads took: 0.0000216 seconds
13.728: [GC (Allocation Failure)  94389K->693K(435712K), 0.0004712 secs]
13.728: Total time for which application threads were stopped: 0.0005978 seconds, Stopping threads took: 0.0000274 seconds
13.786: [GC (Allocation Failure)  92853K->661K(434176K), 0.0005183 secs]
13.786: Total time for which application threads were stopped: 0.0006711 seconds, Stopping threads took: 0.0000297 seconds
13.848: [GC (Allocation Failure)  91285K->693K(432640K), 0.0005085 secs]
13.849: Total time for which application threads were stopped: 0.0006380 seconds, Stopping threads took: 0.0000208 seconds
13.905: [GC (Allocation Failure)  89781K->661K(431104K), 0.0005564 secs]
13.906: Total time for which application threads were stopped: 0.0006933 seconds, Stopping threads took: 0.0000199 seconds
13.961: [GC (Allocation Failure)  88213K->661K(429568K), 0.0004920 secs]
13.961: Total time for which application threads were stopped: 0.0006152 seconds, Stopping threads took: 0.0000196 seconds
14.015: [GC (Allocation Failure)  86677K->661K(428032K), 0.0005432 secs]
14.016: Total time for which application threads were stopped: 0.0006790 seconds, Stopping threads took: 0.0000214 seconds
14.069: [GC (Allocation Failure)  85141K->725K(426496K), 0.0006719 secs]
14.070: Total time for which application threads were stopped: 0.0008201 seconds, Stopping threads took: 0.0000219 seconds
14.122: [GC (Allocation Failure)  83669K->661K(424960K), 0.0006080 secs]
14.123: Total time for which application threads were stopped: 0.0007285 seconds, Stopping threads took: 0.0000198 seconds
14.174: [GC (Allocation Failure)  82069K->629K(423424K), 0.0005472 secs]
14.175: Total time for which application threads were stopped: 0.0006659 seconds, Stopping threads took: 0.0000244 seconds
14.229: [GC (Allocation Failure)  80501K->629K(422400K), 0.0005616 secs]
14.230: Total time for which application threads were stopped: 0.0006890 seconds, Stopping threads took: 0.0000271 seconds
14.279: [GC (Allocation Failure)  79477K->693K(421376K), 0.0005363 secs]
14.280: Total time for which application threads were stopped: 0.0006542 seconds, Stopping threads took: 0.0000191 seconds
14.328: [GC (Allocation Failure)  78517K->661K(420352K), 0.0004697 secs]
14.329: Total time for which application threads were stopped: 0.0005982 seconds, Stopping threads took: 0.0000269 seconds
14.383: [GC (Allocation Failure)  77461K->725K(419328K), 0.0005883 secs]
14.384: Total time for which application threads were stopped: 0.0007051 seconds, Stopping threads took: 0.0000190 seconds
14.433: [GC (Allocation Failure)  76501K->661K(418304K), 0.0003941 secs]
14.433: Total time for which application threads were stopped: 0.0005259 seconds, Stopping threads took: 0.0000255 seconds
14.484: [GC (Allocation Failure)  75413K->661K(417280K), 0.0004906 secs]
14.484: Total time for which application threads were stopped: 0.0007459 seconds, Stopping threads took: 0.0000169 seconds
14.531: [GC (Allocation Failure)  74389K->629K(416256K), 0.0004504 secs]
14.531: Total time for which application threads were stopped: 0.0005652 seconds, Stopping threads took: 0.0000188 seconds
14.581: [GC (Allocation Failure)  73333K->693K(415232K), 0.0004627 secs]
14.582: Total time for which application threads were stopped: 0.0005818 seconds, Stopping threads took: 0.0000197 seconds
14.632: [GC (Allocation Failure)  72373K->693K(414208K), 0.0005261 secs]
14.633: Total time for which application threads were stopped: 0.0006435 seconds, Stopping threads took: 0.0000191 seconds
14.677: [GC (Allocation Failure)  71349K->693K(413184K), 0.0004955 secs]
14.678: Total time for which application threads were stopped: 0.0006155 seconds, Stopping threads took: 0.0000197 seconds
14.722: [GC (Allocation Failure)  70325K->661K(412160K), 0.0006061 secs]
14.722: Total time for which application threads were stopped: 0.0007302 seconds, Stopping threads took: 0.0000276 seconds
14.771: [GC (Allocation Failure)  69269K->629K(411136K), 0.0004688 secs]
14.771: Total time for which application threads were stopped: 0.0005964 seconds, Stopping threads took: 0.0000278 seconds
14.813: [GC (Allocation Failure)  68213K->725K(410112K), 0.0005044 secs]
14.814: Total time for which application threads were stopped: 0.0006368 seconds, Stopping threads took: 0.0000186 seconds
14.861: [GC (Allocation Failure)  67285K->693K(409088K), 0.0004897 secs]
14.862: Total time for which application threads were stopped: 0.0006343 seconds, Stopping threads took: 0.0000216 seconds
14.909: [GC (Allocation Failure)  66229K->661K(408064K), 0.0004292 secs]
14.910: Total time for which application threads were stopped: 0.0005486 seconds, Stopping threads took: 0.0000254 seconds
14.950: [GC (Allocation Failure)  65173K->629K(407040K), 0.0005168 secs]
14.951: Total time for which application threads were stopped: 0.0006368 seconds, Stopping threads took: 0.0000202 seconds
14.994: [GC (Allocation Failure)  64117K->629K(406016K), 0.0006067 secs]
14.995: Total time for which application threads were stopped: 0.0007410 seconds, Stopping threads took: 0.0000293 seconds
15.039: [GC (Allocation Failure)  63093K->693K(418816K), 0.0006199 secs]
15.040: Total time for which application threads were stopped: 0.0007427 seconds, Stopping threads took: 0.0000271 seconds
15.091: [GC (Allocation Failure)  75957K->693K(434176K), 0.0006064 secs]
15.092: Total time for which application threads were stopped: 0.0007262 seconds, Stopping threads took: 0.0000196 seconds
15.155: [GC (Allocation Failure)  91317K->629K(432640K), 0.0006111 secs]
15.156: Total time for which application threads were stopped: 0.0007435 seconds, Stopping threads took: 0.0000248 seconds
15.213: [GC (Allocation Failure)  89717K->693K(431104K), 0.0005126 secs]
15.214: Total time for which application threads were stopped: 0.0006298 seconds, Stopping threads took: 0.0000200 seconds
15.272: [GC (Allocation Failure)  88245K->693K(429568K), 0.0004293 secs]
15.273: Total time for which application threads were stopped: 0.0005401 seconds, Stopping threads took: 0.0000172 seconds
15.330: [GC (Allocation Failure)  86709K->789K(428032K), 0.0004936 secs]
15.330: Total time for which application threads were stopped: 0.0006173 seconds, Stopping threads took: 0.0000200 seconds
15.383: [GC (Allocation Failure)  85269K->661K(426496K), 0.0005289 secs]
15.384: Total time for which application threads were stopped: 0.0006511 seconds, Stopping threads took: 0.0000193 seconds
15.437: [GC (Allocation Failure)  83605K->693K(424960K), 0.0005769 secs]
15.438: Total time for which application threads were stopped: 0.0006990 seconds, Stopping threads took: 0.0000200 seconds
15.493: [GC (Allocation Failure)  82101K->661K(423424K), 0.0005385 secs]
15.493: Total time for which application threads were stopped: 0.0006584 seconds, Stopping threads took: 0.0000198 seconds
15.549: [GC (Allocation Failure)  80533K->629K(422400K), 0.0006630 secs]
15.550: Total time for which application threads were stopped: 0.0008069 seconds, Stopping threads took: 0.0000213 seconds
15.603: [GC (Allocation Failure)  79477K->693K(421376K), 0.0006478 secs]
15.604: Total time for which application threads were stopped: 0.0007959 seconds, Stopping threads took: 0.0000221 seconds
15.653: [GC (Allocation Failure)  78517K->693K(420352K), 0.0006475 secs]
15.653: Total time for which application threads were stopped: 0.0008111 seconds, Stopping threads took: 0.0000225 seconds
15.705: [GC (Allocation Failure)  77493K->693K(419328K), 0.0005569 secs]
15.705: Total time for which application threads were stopped: 0.0006868 seconds, Stopping threads took: 0.0000230 seconds
15.753: [GC (Allocation Failure)  76469K->693K(418304K), 0.0005403 secs]
15.754: Total time for which application threads were stopped: 0.0006676 seconds, Stopping threads took: 0.0000273 seconds
15.801: [GC (Allocation Failure)  75445K->693K(417280K), 0.0005148 secs]
15.802: Total time for which application threads were stopped: 0.0006577 seconds, Stopping threads took: 0.0000214 seconds
15.854: [GC (Allocation Failure)  74421K->725K(416256K), 0.0005196 secs]
15.854: Total time for which application threads were stopped: 0.0006473 seconds, Stopping threads took: 0.0000222 seconds
15.900: [GC (Allocation Failure)  73429K->661K(415232K), 0.0003921 secs]
15.901: Total time for which application threads were stopped: 0.0005018 seconds, Stopping threads took: 0.0000190 seconds
15.951: [GC (Allocation Failure)  72341K->661K(414208K), 0.0005373 secs]
15.951: Total time for which application threads were stopped: 0.0006469 seconds, Stopping threads took: 0.0000165 seconds
15.999: [GC (Allocation Failure)  71317K->693K(413184K), 0.0004927 secs]
16.000: Total time for which application threads were stopped: 0.0006133 seconds, Stopping threads took: 0.0000200 seconds
16.043: [GC (Allocation Failure)  70325K->661K(412160K), 0.0004568 secs]
16.044: Total time for which application threads were stopped: 0.0005735 seconds, Stopping threads took: 0.0000202 seconds
16.093: [GC (Allocation Failure)  69269K->693K(411136K), 0.0004505 secs]
16.093: Total time for which application threads were stopped: 0.0005428 seconds, Stopping threads took: 0.0000165 seconds
16.136: [GC (Allocation Failure)  68277K->661K(410112K), 0.0004704 secs]
16.137: Total time for which application threads were stopped: 0.0005922 seconds, Stopping threads took: 0.0000197 seconds
16.179: [GC (Allocation Failure)  67221K->693K(409088K), 0.0004872 secs]
16.180: Total time for which application threads were stopped: 0.0006131 seconds, Stopping threads took: 0.0000266 seconds
16.221: [GC (Allocation Failure)  66229K->693K(408064K), 0.0005205 secs]
16.222: Total time for which application threads were stopped: 0.0006410 seconds, Stopping threads took: 0.0000196 seconds
16.262: [GC (Allocation Failure)  65205K->661K(407040K), 0.0004514 secs]
16.263: Total time for which application threads were stopped: 0.0005680 seconds, Stopping threads took: 0.0000191 seconds
16.307: [GC (Allocation Failure)  64149K->629K(419840K), 0.0006521 secs]
16.308: Total time for which application threads were stopped: 0.0007725 seconds, Stopping threads took: 0.0000201 seconds
16.360: [GC (Allocation Failure)  76917K->693K(418816K), 0.0004401 secs]
16.360: Total time for which application threads were stopped: 0.0005661 seconds, Stopping threads took: 0.0000193 seconds
16.415: [GC (Allocation Failure)  75957K->757K(417792K), 0.0004482 secs]
16.415: Total time for which application threads were stopped: 0.0005755 seconds, Stopping threads took: 0.0000262 seconds
16.462: [GC (Allocation Failure)  74997K->661K(416768K), 0.0004692 secs]
16.462: Total time for which application threads were stopped: 0.0005945 seconds, Stopping threads took: 0.0000203 seconds
16.514: [GC (Allocation Failure)  73877K->725K(415744K), 0.0005590 secs]
16.514: Total time for which application threads were stopped: 0.0006798 seconds, Stopping threads took: 0.0000203 seconds
16.560: [GC (Allocation Failure)  72917K->661K(414720K), 0.0006309 secs]
16.561: Total time for which application threads were stopped: 0.0007503 seconds, Stopping threads took: 0.0000190 seconds
16.608: [GC (Allocation Failure)  71829K->693K(413696K), 0.0004755 secs]
16.609: Total time for which application threads were stopped: 0.0006080 seconds, Stopping threads took: 0.0000196 seconds
16.653: [GC (Allocation Failure)  70837K->661K(412672K), 0.0005051 secs]
16.653: Total time for which application threads were stopped: 0.0006274 seconds, Stopping threads took: 0.0000169 seconds
16.697: [GC (Allocation Failure)  69781K->629K(411648K), 0.0004769 secs]
16.697: Total time for which application threads were stopped: 0.0005988 seconds, Stopping threads took: 0.0000206 seconds
16.743: [GC (Allocation Failure)  68725K->629K(425472K), 0.0007117 secs]
16.744: Total time for which application threads were stopped: 0.0008201 seconds, Stopping threads took: 0.0000168 seconds
16.796: [GC (Allocation Failure)  82549K->693K(423936K), 0.0005078 secs]
16.796: Total time for which application threads were stopped: 0.0006436 seconds, Stopping threads took: 0.0000211 seconds
16.847: [GC (Allocation Failure)  81077K->725K(422400K), 0.0005129 secs]
16.847: Total time for which application threads were stopped: 0.0006500 seconds, Stopping threads took: 0.0000213 seconds
16.898: [GC (Allocation Failure)  79573K->661K(421376K), 0.0004065 secs]
16.898: Total time for which application threads were stopped: 0.0005388 seconds, Stopping threads took: 0.0000277 seconds
16.948: [GC (Allocation Failure)  78485K->693K(420352K), 0.0004227 secs]
16.949: Total time for which application threads were stopped: 0.0005480 seconds, Stopping threads took: 0.0000255 seconds
16.997: [GC (Allocation Failure)  77493K->661K(419328K), 0.0006079 secs]
16.998: Total time for which application threads were stopped: 0.0007538 seconds, Stopping threads took: 0.0000217 seconds
17.051: [GC (Allocation Failure)  76437K->693K(418304K), 0.0005542 secs]
17.051: Total time for which application threads were stopped: 0.0006849 seconds, Stopping threads took: 0.0000193 seconds
17.098: [GC (Allocation Failure)  75445K->629K(417280K), 0.0006569 secs]
17.099: Total time for which application threads were stopped: 0.0008028 seconds, Stopping threads took: 0.0000214 seconds
17.152: [GC (Allocation Failure)  74357K->693K(416256K), 0.0005459 secs]
17.152: Total time for which application threads were stopped: 0.0006600 seconds, Stopping threads took: 0.0000169 seconds
17.199: [GC (Allocation Failure)  73397K->661K(415232K), 0.0004954 secs]
17.199: Total time for which application threads were stopped: 0.0006226 seconds, Stopping threads took: 0.0000275 seconds
17.248: [GC (Allocation Failure)  72341K->693K(414208K), 0.0004774 secs]
17.249: Total time for which application threads were stopped: 0.0005925 seconds, Stopping threads took: 0.0000188 seconds
17.297: [GC (Allocation Failure)  71349K->693K(413184K), 0.0004973 secs]
17.297: Total time for which application threads were stopped: 0.0006227 seconds, Stopping threads took: 0.0000266 seconds
17.341: [GC (Allocation Failure)  70325K->629K(412160K), 0.0005619 secs]
17.341: Total time for which application threads were stopped: 0.0006789 seconds, Stopping threads took: 0.0000198 seconds
17.387: [GC (Allocation Failure)  69237K->693K(411136K), 0.0004970 secs]
17.388: Total time for which application threads were stopped: 0.0006352 seconds, Stopping threads took: 0.0000387 seconds
17.435: [GC (Allocation Failure)  68277K->661K(410112K), 0.0004341 secs]
17.435: Total time for which application threads were stopped: 0.0005793 seconds, Stopping threads took: 0.0000282 seconds
17.481: [GC (Allocation Failure)  67221K->693K(409088K), 0.0004717 secs]
17.481: Total time for which application threads were stopped: 0.0006015 seconds, Stopping threads took: 0.0000279 seconds
17.522: [GC (Allocation Failure)  66229K->693K(408064K), 0.0004696 secs]
17.523: Total time for which application threads were stopped: 0.0005955 seconds, Stopping threads took: 0.0000268 seconds
17.563: [GC (Allocation Failure)  65205K->693K(407040K), 0.0004614 secs]
17.564: Total time for which application threads were stopped: 0.0005943 seconds, Stopping threads took: 0.0000335 seconds
17.604: [GC (Allocation Failure)  64181K->661K(406016K), 0.0005187 secs]
17.604: Total time for which application threads were stopped: 0.0006459 seconds, Stopping threads took: 0.0000272 seconds
17.650: [GC (Allocation Failure)  63125K->629K(405504K), 0.0005528 secs]
17.650: Total time for which application threads were stopped: 0.0006729 seconds, Stopping threads took: 0.0000198 seconds
17.694: [GC (Allocation Failure)  62581K->757K(404992K), 0.0005048 secs]
17.695: Total time for which application threads were stopped: 0.0006262 seconds, Stopping threads took: 0.0000199 seconds
17.738: [GC (Allocation Failure)  62197K->693K(417280K), 0.0005602 secs]
17.739: Total time for which application threads were stopped: 0.0006936 seconds, Stopping threads took: 0.0000209 seconds
17.790: [GC (Allocation Failure)  74421K->661K(416256K), 0.0005188 secs]
17.791: Total time for which application threads were stopped: 0.0006757 seconds, Stopping threads took: 0.0000302 seconds
17.836: [GC (Allocation Failure)  73365K->629K(415232K), 0.0005174 secs]
17.837: Total time for which application threads were stopped: 0.0006726 seconds, Stopping threads took: 0.0000304 seconds
17.882: [GC (Allocation Failure)  72309K->661K(414208K), 0.0004579 secs]
17.882: Total time for which application threads were stopped: 0.0005837 seconds, Stopping threads took: 0.0000277 seconds
17.932: [GC (Allocation Failure)  71317K->629K(413184K), 0.0004485 secs]
17.933: Total time for which application threads were stopped: 0.0005662 seconds, Stopping threads took: 0.0000164 seconds
17.981: [GC (Allocation Failure)  70261K->693K(412160K), 0.0004052 secs]
17.981: Total time for which application threads were stopped: 0.0005089 seconds, Stopping threads took: 0.0000162 seconds
18.025: [GC (Allocation Failure)  69301K->661K(411136K), 0.0005965 secs]
18.025: Total time for which application threads were stopped: 0.0007025 seconds, Stopping threads took: 0.0000172 seconds
18.068: [GC (Allocation Failure)  68245K->661K(424960K), 0.0006778 secs]
18.069: Total time for which application threads were stopped: 0.0007876 seconds, Stopping threads took: 0.0000170 seconds
18.125: [GC (Allocation Failure)  82069K->661K(423424K), 0.0005228 secs]
18.126: Total time for which application threads were stopped: 0.0006446 seconds, Stopping threads took: 0.0000204 seconds
18.177: [GC (Allocation Failure)  80533K->661K(422400K), 0.0004717 secs]
18.177: Total time for which application threads were stopped: 0.0006010 seconds, Stopping threads took: 0.0000273 seconds
18.227: [GC (Allocation Failure)  79509K->661K(421376K), 0.0005114 secs]
18.227: Total time for which application threads were stopped: 0.0006293 seconds, Stopping threads took: 0.0000189 seconds
18.276: [GC (Allocation Failure)  78485K->725K(420352K), 0.0004867 secs]
18.277: Total time for which application threads were stopped: 0.0006105 seconds, Stopping threads took: 0.0000265 seconds
18.325: [GC (Allocation Failure)  77525K->629K(419328K), 0.0004112 secs]
18.325: Total time for which application threads were stopped: 0.0005250 seconds, Stopping threads took: 0.0000188 seconds
18.373: [GC (Allocation Failure)  76405K->693K(418304K), 0.0005362 secs]
18.373: Total time for which application threads were stopped: 0.0006596 seconds, Stopping threads took: 0.0000264 seconds
18.426: [GC (Allocation Failure)  75445K->597K(417280K), 0.0005557 secs]
18.427: Total time for which application threads were stopped: 0.0006629 seconds, Stopping threads took: 0.0000197 seconds
18.478: [GC (Allocation Failure)  74325K->725K(416256K), 0.0005155 secs]
18.479: Total time for which application threads were stopped: 0.0006207 seconds, Stopping threads took: 0.0000168 seconds
18.524: [GC (Allocation Failure)  73429K->661K(415232K), 0.0005604 secs]
18.525: Total time for which application threads were stopped: 0.0006580 seconds, Stopping threads took: 0.0000171 seconds
18.570: [GC (Allocation Failure)  72341K->757K(429568K), 0.0006473 secs]
18.571: Total time for which application threads were stopped: 0.0007910 seconds, Stopping threads took: 0.0000277 seconds
18.624: [GC (Allocation Failure)  86773K->693K(446976K), 0.0008029 secs]
18.625: Total time for which application threads were stopped: 0.0009449 seconds, Stopping threads took: 0.0000215 seconds
18.696: [GC (Allocation Failure)  104117K->661K(444928K), 0.0004906 secs]
18.697: Total time for which application threads were stopped: 0.0006223 seconds, Stopping threads took: 0.0000224 seconds
18.766: [GC (Allocation Failure)  102037K->725K(442880K), 0.0007521 secs]
18.767: Total time for which application threads were stopped: 0.0008788 seconds, Stopping threads took: 0.0000195 seconds
18.829: [GC (Allocation Failure)  100053K->725K(440832K), 0.0005203 secs]
18.829: Total time for which application threads were stopped: 0.0006474 seconds, Stopping threads took: 0.0000275 seconds
18.890: [GC (Allocation Failure)  98005K->661K(438784K), 0.0005014 secs]
18.891: Total time for which application threads were stopped: 0.0006164 seconds, Stopping threads took: 0.0000195 seconds
18.953: [GC (Allocation Failure)  95893K->693K(437248K), 0.0004017 secs]
18.953: Total time for which application threads were stopped: 0.0005182 seconds, Stopping threads took: 0.0000242 seconds
19.018: [GC (Allocation Failure)  94389K->693K(435712K), 0.0005136 secs]
19.018: Total time for which application threads were stopped: 0.0006295 seconds, Stopping threads took: 0.0000274 seconds
19.079: [GC (Allocation Failure)  92853K->661K(434176K), 0.0004675 secs]
19.080: Total time for which application threads were stopped: 0.0005833 seconds, Stopping threads took: 0.0000163 seconds
19.140: [GC (Allocation Failure)  91285K->661K(432640K), 0.0004387 secs]
19.140: Total time for which application threads were stopped: 0.0005541 seconds, Stopping threads took: 0.0000194 seconds
19.202: [GC (Allocation Failure)  89749K->693K(431104K), 0.0005739 secs]
19.203: Total time for which application threads were stopped: 0.0006830 seconds, Stopping threads took: 0.0000199 seconds
19.261: [GC (Allocation Failure)  88245K->725K(429568K), 0.0005107 secs]
19.262: Total time for which application threads were stopped: 0.0006225 seconds, Stopping threads took: 0.0000175 seconds
19.319: [GC (Allocation Failure)  86741K->629K(428032K), 0.0005951 secs]
19.320: Total time for which application threads were stopped: 0.0007405 seconds, Stopping threads took: 0.0000219 seconds
19.379: [GC (Allocation Failure)  85109K->693K(426496K), 0.0005535 secs]
19.379: Total time for which application threads were stopped: 0.0007283 seconds, Stopping threads took: 0.0000231 seconds
19.433: [GC (Allocation Failure)  83637K->693K(424960K), 0.0004806 secs]
19.433: Total time for which application threads were stopped: 0.0006253 seconds, Stopping threads took: 0.0000264 seconds
19.488: [GC (Allocation Failure)  82101K->629K(423424K), 0.0005556 secs]
19.489: Total time for which application threads were stopped: 0.0006893 seconds, Stopping threads took: 0.0000211 seconds
19.545: [GC (Allocation Failure)  80501K->661K(422400K), 0.0004893 secs]
19.545: Total time for which application threads were stopped: 0.0006245 seconds, Stopping threads took: 0.0000212 seconds
19.595: [GC (Allocation Failure)  79509K->725K(421376K), 0.0006340 secs]
19.595: Total time for which application threads were stopped: 0.0007746 seconds, Stopping threads took: 0.0000213 seconds
19.644: [GC (Allocation Failure)  78549K->661K(420352K), 0.0005163 secs]
19.645: Total time for which application threads were stopped: 0.0006673 seconds, Stopping threads took: 0.0000213 seconds
19.693: [GC (Allocation Failure)  77461K->725K(419328K), 0.0005833 secs]
19.694: Total time for which application threads were stopped: 0.0007043 seconds, Stopping threads took: 0.0000202 seconds
19.747: [GC (Allocation Failure)  76501K->693K(418304K), 0.0004723 secs]
19.747: Total time for which application threads were stopped: 0.0006057 seconds, Stopping threads took: 0.0000198 seconds
19.798: [GC (Allocation Failure)  75445K->693K(417280K), 0.0005548 secs]
19.799: Total time for which application threads were stopped: 0.0006833 seconds, Stopping threads took: 0.0000209 seconds
19.845: [GC (Allocation Failure)  74421K->629K(416256K), 0.0006377 secs]
19.846: Total time for which application threads were stopped: 0.0007732 seconds, Stopping threads took: 0.0000298 seconds
19.894: [GC (Allocation Failure)  73333K->629K(415232K), 0.0003887 secs]
19.895: Total time for which application threads were stopped: 0.0005055 seconds, Stopping threads took: 0.0000189 seconds
19.940: [GC (Allocation Failure)  72309K->661K(414208K), 0.0004873 secs]
19.941: Total time for which application threads were stopped: 0.0006074 seconds, Stopping threads took: 0.0000191 seconds
19.985: [GC (Allocation Failure)  71317K->693K(413184K), 0.0004908 secs]
19.986: Total time for which application threads were stopped: 0.0006106 seconds, Stopping threads took: 0.0000198 seconds
20.030: [GC (Allocation Failure)  70325K->693K(412160K), 0.0005285 secs]
20.030: Total time for which application threads were stopped: 0.0006493 seconds, Stopping threads took: 0.0000201 seconds
20.073: [GC (Allocation Failure)  69301K->693K(411136K), 0.0004781 secs]
20.074: Total time for which application threads were stopped: 0.0005964 seconds, Stopping threads took: 0.0000191 seconds
20.116: [GC (Allocation Failure)  68277K->725K(410112K), 0.0005577 secs]
20.117: Total time for which application threads were stopped: 0.0007015 seconds, Stopping threads took: 0.0000211 seconds
20.162: [GC (Allocation Failure)  67285K->661K(409088K), 0.0004934 secs]
20.163: Total time for which application threads were stopped: 0.0006458 seconds, Stopping threads took: 0.0000273 seconds
20.206: [GC (Allocation Failure)  66197K->693K(408064K), 0.0005151 secs]
20.207: Total time for which application threads were stopped: 0.0006426 seconds, Stopping threads took: 0.0000275 seconds
20.247: [GC (Allocation Failure)  65205K->661K(421376K), 0.0005580 secs]
20.248: Total time for which application threads were stopped: 0.0006738 seconds, Stopping threads took: 0.0000187 seconds
20.303: [GC (Allocation Failure)  78485K->693K(420352K), 0.0004696 secs]
20.303: Total time for which application threads were stopped: 0.0005964 seconds, Stopping threads took: 0.0000279 seconds
20.351: [GC (Allocation Failure)  77493K->661K(419328K), 0.0004907 secs]
20.352: Total time for which application threads were stopped: 0.0006111 seconds, Stopping threads took: 0.0000193 seconds
20.407: [GC (Allocation Failure)  76437K->661K(418304K), 0.0004114 secs]
20.407: Total time for which application threads were stopped: 0.0005211 seconds, Stopping threads took: 0.0000258 seconds
20.456: [GC (Allocation Failure)  75413K->725K(417280K), 0.0004288 secs]
20.456: Total time for which application threads were stopped: 0.0005733 seconds, Stopping threads took: 0.0000274 seconds
20.508: [GC (Allocation Failure)  74453K->661K(416256K), 0.0004644 secs]
20.508: Total time for which application threads were stopped: 0.0005949 seconds, Stopping threads took: 0.0000279 seconds
20.554: [GC (Allocation Failure)  73365K->629K(415232K), 0.0005504 secs]
20.555: Total time for which application threads were stopped: 0.0006893 seconds, Stopping threads took: 0.0000192 seconds
20.605: [GC (Allocation Failure)  72309K->661K(414208K), 0.0004746 secs]
20.606: Total time for which application threads were stopped: 0.0006076 seconds, Stopping threads took: 0.0000268 seconds
20.650: [GC (Allocation Failure)  71317K->693K(413184K), 0.0006280 secs]
20.651: Total time for which application threads were stopped: 0.0007663 seconds, Stopping threads took: 0.0000223 seconds
20.700: [GC (Allocation Failure)  70325K->629K(412160K), 0.0004897 secs]
20.701: Total time for which application threads were stopped: 0.0006178 seconds, Stopping threads took: 0.0000274 seconds
20.747: [GC (Allocation Failure)  69237K->629K(411136K), 0.0005487 secs]
20.748: Total time for which application threads were stopped: 0.0006698 seconds, Stopping threads took: 0.0000211 seconds
20.796: [GC (Allocation Failure)  68213K->693K(410112K), 0.0005140 secs]
20.797: Total time for which application threads were stopped: 0.0006515 seconds, Stopping threads took: 0.0000195 seconds
20.844: [GC (Allocation Failure)  67253K->661K(409088K), 0.0005211 secs]
20.845: Total time for which application threads were stopped: 0.0006693 seconds, Stopping threads took: 0.0000220 seconds
20.886: [GC (Allocation Failure)  66197K->693K(422400K), 0.0006357 secs]
20.887: Total time for which application threads were stopped: 0.0007879 seconds, Stopping threads took: 0.0000220 seconds
20.940: [GC (Allocation Failure)  79541K->725K(421376K), 0.0005157 secs]
20.941: Total time for which application threads were stopped: 0.0006561 seconds, Stopping threads took: 0.0000292 seconds
20.995: [GC (Allocation Failure)  78549K->725K(420352K), 0.0006468 secs]
20.996: Total time for which application threads were stopped: 0.0007682 seconds, Stopping threads took: 0.0000211 seconds
21.048: [GC (Allocation Failure)  77525K->629K(419328K), 0.0004912 secs]
21.049: Total time for which application threads were stopped: 0.0006089 seconds, Stopping threads took: 0.0000192 seconds
21.096: [GC (Allocation Failure)  76405K->693K(418304K), 0.0004661 secs]
21.097: Total time for which application threads were stopped: 0.0005835 seconds, Stopping threads took: 0.0000187 seconds
21.144: [GC (Allocation Failure)  75445K->661K(417280K), 0.0004802 secs]
21.144: Total time for which application threads were stopped: 0.0005996 seconds, Stopping threads took: 0.0000192 seconds
21.191: [GC (Allocation Failure)  74389K->693K(416256K), 0.0005462 secs]
21.192: Total time for which application threads were stopped: 0.0006662 seconds, Stopping threads took: 0.0000194 seconds
21.237: [GC (Allocation Failure)  73397K->693K(415232K), 0.0005698 secs]
21.238: Total time for which application threads were stopped: 0.0006922 seconds, Stopping threads took: 0.0000267 seconds
21.289: [GC (Allocation Failure)  72373K->725K(414208K), 0.0005102 secs]
21.289: Total time for which application threads were stopped: 0.0006420 seconds, Stopping threads took: 0.0000198 seconds
21.334: [GC (Allocation Failure)  71381K->725K(428544K), 0.0007202 secs]
21.335: Total time for which application threads were stopped: 0.0008404 seconds, Stopping threads took: 0.0000197 seconds
21.388: [GC (Allocation Failure)  85717K->629K(445952K), 0.0006144 secs]
21.389: Total time for which application threads were stopped: 0.0007505 seconds, Stopping threads took: 0.0000273 seconds
21.454: [GC (Allocation Failure)  103029K->629K(443904K), 0.0004633 secs]
21.454: Total time for which application threads were stopped: 0.0005831 seconds, Stopping threads took: 0.0000206 seconds
21.517: [GC (Allocation Failure)  100981K->693K(441856K), 0.0004708 secs]
21.517: Total time for which application threads were stopped: 0.0007641 seconds, Stopping threads took: 0.0000210 seconds
21.579: [GC (Allocation Failure)  98997K->597K(439808K), 0.0006769 secs]
21.580: Total time for which application threads were stopped: 0.0008108 seconds, Stopping threads took: 0.0000190 seconds
21.640: [GC (Allocation Failure)  96853K->693K(459264K), 0.0032307 secs]
21.643: Total time for which application threads were stopped: 0.0033803 seconds, Stopping threads took: 0.0000216 seconds
21.720: [GC (Allocation Failure)  116405K->661K(482816K), 0.0004774 secs]
21.720: Total time for which application threads were stopped: 0.0006074 seconds, Stopping threads took: 0.0000197 seconds
21.807: [GC (Allocation Failure)  139925K->629K(510976K), 0.0004828 secs]
21.808: Total time for which application threads were stopped: 0.0006002 seconds, Stopping threads took: 0.0000195 seconds
21.913: [GC (Allocation Failure)  168053K->661K(544768K), 0.0003898 secs]
21.914: Total time for which application threads were stopped: 0.0005101 seconds, Stopping threads took: 0.0000259 seconds
22.039: [GC (Allocation Failure)  201877K->661K(539136K), 0.0004978 secs]
22.039: Total time for which application threads were stopped: 0.0006292 seconds, Stopping threads took: 0.0000274 seconds
22.166: [GC (Allocation Failure)  196245K->629K(533504K), 0.0009682 secs]
22.167: Total time for which application threads were stopped: 0.0011056 seconds, Stopping threads took: 0.0000253 seconds
22.286: [GC (Allocation Failure)  190581K->661K(527872K), 0.0004759 secs]
22.286: Total time for which application threads were stopped: 0.0005993 seconds, Stopping threads took: 0.0000168 seconds
22.401: [GC (Allocation Failure)  184981K->661K(522752K), 0.0004127 secs]
22.402: Total time for which application threads were stopped: 0.0005336 seconds, Stopping threads took: 0.0000189 seconds
22.514: [GC (Allocation Failure)  179861K->693K(517632K), 0.0004257 secs]
22.514: Total time for which application threads were stopped: 0.0005324 seconds, Stopping threads took: 0.0000171 seconds
22.622: [GC (Allocation Failure)  174773K->629K(513024K), 0.0005723 secs]
22.623: Total time for which application threads were stopped: 0.0006997 seconds, Stopping threads took: 0.0000270 seconds
22.729: [GC (Allocation Failure)  170101K->693K(508416K), 0.0005232 secs]
22.729: Total time for which application threads were stopped: 0.0006572 seconds, Stopping threads took: 0.0000203 seconds
22.837: [GC (Allocation Failure)  165557K->661K(503808K), 0.0004977 secs]
22.838: Total time for which application threads were stopped: 0.0006391 seconds, Stopping threads took: 0.0000293 seconds
22.938: [GC (Allocation Failure)  160917K->693K(499712K), 0.0006044 secs]
22.939: Total time for which application threads were stopped: 0.0007442 seconds, Stopping threads took: 0.0000205 seconds
23.042: [GC (Allocation Failure)  156853K->725K(495616K), 0.0005028 secs]
23.042: Total time for which application threads were stopped: 0.0006483 seconds, Stopping threads took: 0.0000301 seconds
23.138: [GC (Allocation Failure)  152789K->629K(491520K), 0.0005423 secs]
23.138: Total time for which application threads were stopped: 0.0006729 seconds, Stopping threads took: 0.0000279 seconds
23.232: [GC (Allocation Failure)  148597K->693K(487936K), 0.0004790 secs]
23.233: Total time for which application threads were stopped: 0.0006191 seconds, Stopping threads took: 0.0000205 seconds
23.329: [GC (Allocation Failure)  145077K->629K(484352K), 0.0006311 secs]
23.329: Total time for which application threads were stopped: 0.0007519 seconds, Stopping threads took: 0.0000197 seconds
23.418: [GC (Allocation Failure)  141429K->661K(480768K), 0.0004605 secs]
23.419: Total time for which application threads were stopped: 0.0005735 seconds, Stopping threads took: 0.0000196 seconds
23.504: [GC (Allocation Failure)  137877K->661K(477696K), 0.0005019 secs]
23.505: Total time for which application threads were stopped: 0.0006298 seconds, Stopping threads took: 0.0000274 seconds
23.588: [GC (Allocation Failure)  134805K->693K(474624K), 0.0005195 secs]
23.589: Total time for which application threads were stopped: 0.0006557 seconds, Stopping threads took: 0.0000188 seconds
23.671: [GC (Allocation Failure)  131765K->693K(471552K), 0.0004748 secs]
23.671: Total time for which application threads were stopped: 0.0006028 seconds, Stopping threads took: 0.0000191 seconds
23.751: [GC (Allocation Failure)  128693K->661K(468480K), 0.0005633 secs]
23.752: Total time for which application threads were stopped: 0.0006997 seconds, Stopping threads took: 0.0000280 seconds
23.830: [GC (Allocation Failure)  125589K->693K(465408K), 0.0006673 secs]
23.830: Total time for which application threads were stopped: 0.0008088 seconds, Stopping threads took: 0.0000211 seconds
23.912: [GC (Allocation Failure)  122549K->661K(462848K), 0.0003962 secs]
23.913: Total time for which application threads were stopped: 0.0005110 seconds, Stopping threads took: 0.0000242 seconds
23.988: [GC (Allocation Failure)  119957K->661K(460288K), 0.0004044 secs]
23.988: Total time for which application threads were stopped: 0.0005214 seconds, Stopping threads took: 0.0000246 seconds
24.061: [GC (Allocation Failure)  117397K->693K(457728K), 0.0004220 secs]
24.062: Total time for which application threads were stopped: 0.0005411 seconds, Stopping threads took: 0.0000207 seconds
24.139: [GC (Allocation Failure)  114869K->693K(455168K), 0.0004439 secs]
24.139: Total time for which application threads were stopped: 0.0005737 seconds, Stopping threads took: 0.0000277 seconds
24.210: [GC (Allocation Failure)  112309K->693K(452608K), 0.0005067 secs]
24.211: Total time for which application threads were stopped: 0.0006262 seconds, Stopping threads took: 0.0000193 seconds
24.279: [GC (Allocation Failure)  109749K->725K(450560K), 0.0004973 secs]
24.279: Total time for which application threads were stopped: 0.0006119 seconds, Stopping threads took: 0.0000190 seconds
24.346: [GC (Allocation Failure)  107733K->661K(448512K), 0.0004753 secs]
24.347: Total time for which application threads were stopped: 0.0005972 seconds, Stopping threads took: 0.0000200 seconds
24.413: [GC (Allocation Failure)  105621K->661K(446464K), 0.0004660 secs]
24.414: Total time for which application threads were stopped: 0.0005878 seconds, Stopping threads took: 0.0000254 seconds
24.478: [GC (Allocation Failure)  103573K->693K(444416K), 0.0006114 secs]
24.479: Total time for which application threads were stopped: 0.0007584 seconds, Stopping threads took: 0.0000220 seconds
24.548: [GC (Allocation Failure)  101557K->725K(442368K), 0.0004594 secs]
24.548: Total time for which application threads were stopped: 0.0005851 seconds, Stopping threads took: 0.0000219 seconds
24.611: [GC (Allocation Failure)  99541K->661K(440320K), 0.0005116 secs]
24.611: Total time for which application threads were stopped: 0.0006492 seconds, Stopping threads took: 0.0000198 seconds
24.678: [GC (Allocation Failure)  97429K->693K(438272K), 0.0004988 secs]
24.678: Total time for which application threads were stopped: 0.0006257 seconds, Stopping threads took: 0.0000219 seconds
24.737: [GC (Allocation Failure)  95413K->629K(436736K), 0.0005085 secs]
24.738: Total time for which application threads were stopped: 0.0006332 seconds, Stopping threads took: 0.0000271 seconds
24.796: [GC (Allocation Failure)  93813K->693K(435200K), 0.0006014 secs]
24.797: Total time for which application threads were stopped: 0.0007246 seconds, Stopping threads took: 0.0000274 seconds
24.861: [GC (Allocation Failure)  92341K->757K(433664K), 0.0004886 secs]
24.861: Total time for which application threads were stopped: 0.0006089 seconds, Stopping threads took: 0.0000190 seconds
24.918: [GC (Allocation Failure)  90869K->693K(432128K), 0.0004356 secs]
24.919: Total time for which application threads were stopped: 0.0005617 seconds, Stopping threads took: 0.0000259 seconds
24.974: [GC (Allocation Failure)  89269K->661K(430592K), 0.0004692 secs]
24.975: Total time for which application threads were stopped: 0.0005887 seconds, Stopping threads took: 0.0000199 seconds
25.035: [GC (Allocation Failure)  87701K->693K(429056K), 0.0006283 secs]
25.036: Total time for which application threads were stopped: 0.0007737 seconds, Stopping threads took: 0.0000290 seconds
25.090: [GC (Allocation Failure)  86197K->629K(427520K), 0.0006064 secs]
25.090: Total time for which application threads were stopped: 0.0007316 seconds, Stopping threads took: 0.0000208 seconds
25.149: [GC (Allocation Failure)  84597K->661K(425984K), 0.0005053 secs]
25.149: Total time for which application threads were stopped: 0.0006451 seconds, Stopping threads took: 0.0000184 seconds
25.204: [GC (Allocation Failure)  83093K->693K(424448K), 0.0005043 secs]
25.205: Total time for which application threads were stopped: 0.0006308 seconds, Stopping threads took: 0.0000278 seconds
25.256: [GC (Allocation Failure)  81589K->693K(422912K), 0.0004794 secs]
25.256: Total time for which application threads were stopped: 0.0005962 seconds, Stopping threads took: 0.0000188 seconds
25.306: [GC (Allocation Failure)  80053K->661K(421888K), 0.0005769 secs]
25.307: Total time for which application threads were stopped: 0.0007281 seconds, Stopping threads took: 0.0000299 seconds
25.362: [GC (Allocation Failure)  78997K->661K(420864K), 0.0004952 secs]
25.362: Total time for which application threads were stopped: 0.0006281 seconds, Stopping threads took: 0.0000215 seconds
25.411: [GC (Allocation Failure)  77973K->661K(419840K), 0.0004837 secs]
25.412: Total time for which application threads were stopped: 0.0006205 seconds, Stopping threads took: 0.0000281 seconds
25.460: [GC (Allocation Failure)  76949K->661K(418816K), 0.0005194 secs]
25.461: Total time for which application threads were stopped: 0.0006463 seconds, Stopping threads took: 0.0000279 seconds
25.513: [GC (Allocation Failure)  75925K->693K(417792K), 0.0004698 secs]
25.513: Total time for which application threads were stopped: 0.0005955 seconds, Stopping threads took: 0.0000185 seconds
25.560: [GC (Allocation Failure)  74933K->693K(416768K), 0.0004802 secs]
25.561: Total time for which application threads were stopped: 0.0005996 seconds, Stopping threads took: 0.0000199 seconds
25.607: [GC (Allocation Failure)  73909K->693K(415744K), 0.0004966 secs]
25.607: Total time for which application threads were stopped: 0.0006255 seconds, Stopping threads took: 0.0000207 seconds
25.652: [GC (Allocation Failure)  72885K->661K(414720K), 0.0005255 secs]
25.653: Total time for which application threads were stopped: 0.0006530 seconds, Stopping threads took: 0.0000288 seconds
25.704: [GC (Allocation Failure)  71829K->661K(413696K), 0.0005849 secs]
25.704: Total time for which application threads were stopped: 0.0006915 seconds, Stopping threads took: 0.0000173 seconds
25.748: [GC (Allocation Failure)  70805K->661K(412672K), 0.0004201 secs]
25.749: Total time for which application threads were stopped: 0.0005297 seconds, Stopping threads took: 0.0000174 seconds
25.796: [GC (Allocation Failure)  69781K->661K(411648K), 0.0004203 secs]
25.796: Total time for which application threads were stopped: 0.0005267 seconds, Stopping threads took: 0.0000168 seconds
25.845: [GC (Allocation Failure)  68757K->629K(410624K), 0.0006325 secs]
25.845: Total time for which application threads were stopped: 0.0007702 seconds, Stopping threads took: 0.0000298 seconds
25.892: [GC (Allocation Failure)  67701K->661K(409600K), 0.0005999 secs]
25.892: Total time for which application threads were stopped: 0.0007510 seconds, Stopping threads took: 0.0000291 seconds
25.941: [GC (Allocation Failure)  66709K->693K(408576K), 0.0004208 secs]
25.942: Total time for which application threads were stopped: 0.0005615 seconds, Stopping threads took: 0.0000252 seconds
25.986: [GC (Allocation Failure)  65717K->693K(407552K), 0.0005293 secs]
25.987: Total time for which application threads were stopped: 0.0006647 seconds, Stopping threads took: 0.0000214 seconds
26.027: [GC (Allocation Failure)  64693K->661K(406528K), 0.0005220 secs]
26.028: Total time for which application threads were stopped: 0.0006702 seconds, Stopping threads took: 0.0000223 seconds
26.073: [GC (Allocation Failure)  63637K->661K(405504K), 0.0004966 secs]
26.074: Total time for which application threads were stopped: 0.0006236 seconds, Stopping threads took: 0.0000227 seconds
26.113: [GC (Allocation Failure)  62613K->661K(418304K), 0.0006295 secs]
26.114: Total time for which application threads were stopped: 0.0007415 seconds, Stopping threads took: 0.0000167 seconds
26.161: [GC (Allocation Failure)  75413K->629K(433664K), 0.0005211 secs]
26.161: Total time for which application threads were stopped: 0.0006515 seconds, Stopping threads took: 0.0000240 seconds
26.218: [GC (Allocation Failure)  90741K->693K(432128K), 0.0004537 secs]
26.219: Total time for which application threads were stopped: 0.0005803 seconds, Stopping threads took: 0.0000271 seconds
26.279: [GC (Allocation Failure)  89269K->693K(430592K), 0.0004700 secs]
26.280: Total time for which application threads were stopped: 0.0005870 seconds, Stopping threads took: 0.0000193 seconds
26.334: [GC (Allocation Failure)  87733K->757K(429056K), 0.0006576 secs]
26.335: Total time for which application threads were stopped: 0.0007767 seconds, Stopping threads took: 0.0000190 seconds
26.393: [GC (Allocation Failure)  86261K->693K(427520K), 0.0004833 secs]
26.393: Total time for which application threads were stopped: 0.0006082 seconds, Stopping threads took: 0.0000271 seconds
26.447: [GC (Allocation Failure)  84661K->757K(425984K), 0.0004326 secs]
26.448: Total time for which application threads were stopped: 0.0005592 seconds, Stopping threads took: 0.0000253 seconds
26.500: [GC (Allocation Failure)  83189K->661K(424448K), 0.0004706 secs]
26.500: Total time for which application threads were stopped: 0.0005910 seconds, Stopping threads took: 0.0000190 seconds
26.551: [GC (Allocation Failure)  81557K->693K(422912K), 0.0005077 secs]
26.551: Total time for which application threads were stopped: 0.0006387 seconds, Stopping threads took: 0.0000200 seconds
26.605: [GC (Allocation Failure)  80053K->661K(421888K), 0.0004912 secs]
26.605: Total time for which application threads were stopped: 0.0006208 seconds, Stopping threads took: 0.0000280 seconds
26.660: [GC (Allocation Failure)  78997K->597K(420864K), 0.0004452 secs]
26.661: Total time for which application threads were stopped: 0.0005594 seconds, Stopping threads took: 0.0000188 seconds
26.715: [GC (Allocation Failure)  77909K->661K(419840K), 0.0005182 secs]
26.715: Total time for which application threads were stopped: 0.0006378 seconds, Stopping threads took: 0.0000191 seconds
26.767: [GC (Allocation Failure)  76949K->725K(418816K), 0.0004549 secs]
26.767: Total time for which application threads were stopped: 0.0005747 seconds, Stopping threads took: 0.0000195 seconds
26.814: [GC (Allocation Failure)  75989K->661K(417792K), 0.0004212 secs]
26.815: Total time for which application threads were stopped: 0.0005290 seconds, Stopping threads took: 0.0000172 seconds
26.866: [GC (Allocation Failure)  74901K->693K(416768K), 0.0005576 secs]
26.867: Total time for which application threads were stopped: 0.0006825 seconds, Stopping threads took: 0.0000190 seconds
26.913: [GC (Allocation Failure)  73909K->693K(415744K), 0.0005000 secs]
26.914: Total time for which application threads were stopped: 0.0006332 seconds, Stopping threads took: 0.0000273 seconds
26.959: [GC (Allocation Failure)  72885K->661K(414720K), 0.0005644 secs]
26.960: Total time for which application threads were stopped: 0.0007172 seconds, Stopping threads took: 0.0000295 seconds
27.011: [GC (Allocation Failure)  71829K->597K(413696K), 0.0006420 secs]
27.011: Total time for which application threads were stopped: 0.0007851 seconds, Stopping threads took: 0.0000209 seconds
27.056: [GC (Allocation Failure)  70741K->693K(428032K), 0.0006569 secs]
27.056: Total time for which application threads were stopped: 0.0007962 seconds, Stopping threads took: 0.0000208 seconds
27.110: [GC (Allocation Failure)  85173K->725K(426496K), 0.0004966 secs]
27.110: Total time for which application threads were stopped: 0.0006204 seconds, Stopping threads took: 0.0000205 seconds
27.169: [GC (Allocation Failure)  83669K->661K(424960K), 0.0003957 secs]
27.170: Total time for which application threads were stopped: 0.0004898 seconds, Stopping threads took: 0.0000134 seconds
27.225: [GC (Allocation Failure)  82069K->693K(423424K), 0.0004879 secs]
27.226: Total time for which application threads were stopped: 0.0006299 seconds, Stopping threads took: 0.0000212 seconds
27.276: [GC (Allocation Failure)  80565K->661K(422400K), 0.0004891 secs]
27.277: Total time for which application threads were stopped: 0.0005987 seconds, Stopping threads took: 0.0000168 seconds
27.329: [GC (Allocation Failure)  79509K->693K(421376K), 0.0004818 secs]
27.330: Total time for which application threads were stopped: 0.0005993 seconds, Stopping threads took: 0.0000195 seconds
27.379: [GC (Allocation Failure)  78517K->597K(420352K), 0.0005159 secs]
27.380: Total time for which application threads were stopped: 0.0006475 seconds, Stopping threads took: 0.0000198 seconds
27.428: [GC (Allocation Failure)  77397K->661K(419328K), 0.0004774 secs]
27.429: Total time for which application threads were stopped: 0.0006230 seconds, Stopping threads took: 0.0000280 seconds
27.476: [GC (Allocation Failure)  76437K->693K(418304K), 0.0004863 secs]
27.477: Total time for which application threads were stopped: 0.0006127 seconds, Stopping threads took: 0.0000207 seconds
27.529: [GC (Allocation Failure)  75445K->661K(417280K), 0.0005280 secs]
27.530: Total time for which application threads were stopped: 0.0006475 seconds, Stopping threads took: 0.0000192 seconds
27.582: [GC (Allocation Failure)  74389K->661K(416256K), 0.0005833 secs]
27.582: Total time for which application threads were stopped: 0.0007171 seconds, Stopping threads took: 0.0000217 seconds
27.636: [GC (Allocation Failure)  73365K->661K(415232K), 0.0006322 secs]
27.636: Total time for which application threads were stopped: 0.0008022 seconds, Stopping threads took: 0.0000324 seconds
27.685: [GC (Allocation Failure)  72341K->693K(414208K), 0.0005702 secs]
27.685: Total time for which application threads were stopped: 0.0007283 seconds, Stopping threads took: 0.0000307 seconds
27.732: [GC (Allocation Failure)  71349K->693K(413184K), 0.0005691 secs]
27.733: Total time for which application threads were stopped: 0.0007033 seconds, Stopping threads took: 0.0000208 seconds
27.777: [GC (Allocation Failure)  70325K->757K(412160K), 0.0005008 secs]
27.778: Total time for which application threads were stopped: 0.0006487 seconds, Stopping threads took: 0.0000221 seconds
27.823: [GC (Allocation Failure)  69365K->725K(411136K), 0.0005602 secs]
27.824: Total time for which application threads were stopped: 0.0007025 seconds, Stopping threads took: 0.0000203 seconds
27.866: [GC (Allocation Failure)  68309K->661K(410112K), 0.0005459 secs]
27.867: Total time for which application threads were stopped: 0.0006846 seconds, Stopping threads took: 0.0000224 seconds
27.909: [GC (Allocation Failure)  67221K->693K(409088K), 0.0004655 secs]
27.910: Total time for which application threads were stopped: 0.0006018 seconds, Stopping threads took: 0.0000265 seconds
27.956: [GC (Allocation Failure)  66229K->629K(408064K), 0.0005071 secs]
27.957: Total time for which application threads were stopped: 0.0006286 seconds, Stopping threads took: 0.0000207 seconds
28.003: [GC (Allocation Failure)  65141K->725K(407040K), 0.0004885 secs]
28.004: Total time for which application threads were stopped: 0.0006471 seconds, Stopping threads took: 0.0000279 seconds
28.050: [GC (Allocation Failure)  64213K->629K(419840K), 0.0006522 secs]
28.051: Total time for which application threads were stopped: 0.0007866 seconds, Stopping threads took: 0.0000283 seconds
28.098: [GC (Allocation Failure)  76917K->693K(418816K), 0.0005293 secs]
28.099: Total time for which application threads were stopped: 0.0006653 seconds, Stopping threads took: 0.0000296 seconds
28.146: [GC (Allocation Failure)  75957K->629K(434176K), 0.0056509 secs]
28.152: Total time for which application threads were stopped: 0.0057952 seconds, Stopping threads took: 0.0000205 seconds
28.211: [GC (Allocation Failure)  91253K->693K(452608K), 0.0004926 secs]
28.211: Total time for which application threads were stopped: 0.0006126 seconds, Stopping threads took: 0.0000202 seconds
28.279: [GC (Allocation Failure)  109749K->693K(474624K), 0.0005121 secs]
28.280: Total time for which application threads were stopped: 0.0006658 seconds, Stopping threads took: 0.0000291 seconds
28.362: [GC (Allocation Failure)  131765K->757K(501248K), 0.0006098 secs]
28.363: Total time for which application threads were stopped: 0.0007301 seconds, Stopping threads took: 0.0000200 seconds
28.462: [GC (Allocation Failure)  158453K->725K(532992K), 0.0004494 secs]
28.463: Total time for which application threads were stopped: 0.0005997 seconds, Stopping threads took: 0.0000282 seconds
28.585: [GC (Allocation Failure)  190165K->693K(570880K), 0.0004680 secs]
28.585: Total time for which application threads were stopped: 0.0005957 seconds, Stopping threads took: 0.0000276 seconds
28.726: [GC (Allocation Failure)  228021K->661K(563712K), 0.0005475 secs]
28.727: Total time for which application threads were stopped: 0.0006660 seconds, Stopping threads took: 0.0000187 seconds
28.870: [GC (Allocation Failure)  220821K->693K(557056K), 0.0005271 secs]
28.870: Total time for which application threads were stopped: 0.0006531 seconds, Stopping threads took: 0.0000281 seconds
29.006: [GC (Allocation Failure)  214197K->693K(550912K), 0.0004282 secs]
29.006: Total time for which application threads were stopped: 0.0005477 seconds, Stopping threads took: 0.0000193 seconds
29.141: [GC (Allocation Failure)  208053K->693K(544768K), 0.0005290 secs]
29.141: Total time for which application threads were stopped: 0.0006480 seconds, Stopping threads took: 0.0000193 seconds
29.267: [GC (Allocation Failure)  201909K->629K(539136K), 0.0007009 secs]
29.268: Total time for which application threads were stopped: 0.0008049 seconds, Stopping threads took: 0.0000187 seconds
29.390: [GC (Allocation Failure)  196213K->693K(533504K), 0.0004353 secs]
29.391: Total time for which application threads were stopped: 0.0005556 seconds, Stopping threads took: 0.0000198 seconds
29.510: [GC (Allocation Failure)  190645K->725K(527872K), 0.0004426 secs]
29.511: Total time for which application threads were stopped: 0.0005606 seconds, Stopping threads took: 0.0000195 seconds
29.625: [GC (Allocation Failure)  185045K->757K(522752K), 0.0006113 secs]
29.626: Total time for which application threads were stopped: 0.0007357 seconds, Stopping threads took: 0.0000198 seconds
29.738: [GC (Allocation Failure)  179957K->725K(517632K), 0.0007410 secs]
29.739: Total time for which application threads were stopped: 0.0008861 seconds, Stopping threads took: 0.0000292 seconds
29.847: [GC (Allocation Failure)  174805K->661K(513024K), 0.0005814 secs]
29.848: Total time for which application threads were stopped: 0.0007275 seconds, Stopping threads took: 0.0000216 seconds
29.959: [GC (Allocation Failure)  170133K->661K(508416K), 0.0004386 secs]
29.960: Total time for which application threads were stopped: 0.0005626 seconds, Stopping threads took: 0.0000247 seconds
30.068: [GC (Allocation Failure)  165525K->661K(503808K), 0.0004803 secs]
30.069: Total time for which application threads were stopped: 0.0005912 seconds, Stopping threads took: 0.0000166 seconds
30.170: [GC (Allocation Failure)  160917K->693K(499712K), 0.0004662 secs]
30.170: Total time for which application threads were stopped: 0.0005609 seconds, Stopping threads took: 0.0000138 seconds
30.268: [GC (Allocation Failure)  156853K->693K(495616K), 0.0003995 secs]
30.268: Total time for which application threads were stopped: 0.0005076 seconds, Stopping threads took: 0.0000176 seconds
30.366: [GC (Allocation Failure)  152757K->661K(491520K), 0.0004613 secs]
30.367: Total time for which application threads were stopped: 0.0005700 seconds, Stopping threads took: 0.0000184 seconds
30.461: [GC (Allocation Failure)  148629K->661K(487936K), 0.0004634 secs]
30.461: Total time for which application threads were stopped: 0.0006162 seconds, Stopping threads took: 0.0000266 seconds
30.552: [GC (Allocation Failure)  145045K->725K(484352K), 0.0006146 secs]
30.552: Total time for which application threads were stopped: 0.0007433 seconds, Stopping threads took: 0.0000200 seconds
30.640: [GC (Allocation Failure)  141525K->693K(480768K), 0.0005220 secs]
30.641: Total time for which application threads were stopped: 0.0006693 seconds, Stopping threads took: 0.0000224 seconds
30.733: [GC (Allocation Failure)  137909K->725K(477696K), 0.0005609 secs]
30.733: Total time for which application threads were stopped: 0.0006939 seconds, Stopping threads took: 0.0000226 seconds
30.818: [GC (Allocation Failure)  134869K->661K(474624K), 0.0004671 secs]
30.818: Total time for which application threads were stopped: 0.0005966 seconds, Stopping threads took: 0.0000280 seconds
30.900: [GC (Allocation Failure)  131733K->661K(471552K), 0.0005367 secs]
30.901: Total time for which application threads were stopped: 0.0006735 seconds, Stopping threads took: 0.0000190 seconds
30.982: [GC (Allocation Failure)  128661K->725K(468480K), 0.0006365 secs]
30.983: Total time for which application threads were stopped: 0.0008105 seconds, Stopping threads took: 0.0000528 seconds
31.066: [GC (Allocation Failure)  125653K->725K(465408K), 0.0004642 secs]
31.066: Total time for which application threads were stopped: 0.0005909 seconds, Stopping threads took: 0.0000209 seconds
31.142: [GC (Allocation Failure)  122581K->725K(462848K), 0.0005638 secs]
31.143: Total time for which application threads were stopped: 0.0006987 seconds, Stopping threads took: 0.0000199 seconds
31.220: [GC (Allocation Failure)  120021K->725K(460288K), 0.0004562 secs]
31.221: Total time for which application threads were stopped: 0.0005914 seconds, Stopping threads took: 0.0000266 seconds
31.294: [GC (Allocation Failure)  117461K->629K(457728K), 0.0010819 secs]
31.295: Total time for which application threads were stopped: 0.0011996 seconds, Stopping threads took: 0.0000176 seconds
31.366: [GC (Allocation Failure)  114805K->629K(455168K), 0.0006037 secs]
31.367: Total time for which application threads were stopped: 0.0007223 seconds, Stopping threads took: 0.0000194 seconds
31.442: [GC (Allocation Failure)  112245K->661K(452608K), 0.0005397 secs]
31.443: Total time for which application threads were stopped: 0.0006719 seconds, Stopping threads took: 0.0000190 seconds
31.511: [GC (Allocation Failure)  109717K->693K(450560K), 0.0005083 secs]
31.512: Total time for which application threads were stopped: 0.0006413 seconds, Stopping threads took: 0.0000278 seconds
31.579: [GC (Allocation Failure)  107701K->661K(448512K), 0.0005442 secs]
31.580: Total time for which application threads were stopped: 0.0006888 seconds, Stopping threads took: 0.0000206 seconds
31.646: [GC (Allocation Failure)  105621K->725K(446464K), 0.0004523 secs]
31.646: Total time for which application threads were stopped: 0.0005733 seconds, Stopping threads took: 0.0000204 seconds
31.717: [GC (Allocation Failure)  103637K->661K(444416K), 0.0007508 secs]
31.717: Total time for which application threads were stopped: 0.0008770 seconds, Stopping threads took: 0.0000196 seconds
31.787: [GC (Allocation Failure)  101525K->757K(442368K), 0.0004715 secs]
31.787: Total time for which application threads were stopped: 0.0005966 seconds, Stopping threads took: 0.0000276 seconds
31.849: [GC (Allocation Failure)  99573K->693K(440320K), 0.0004695 secs]
31.850: Total time for which application threads were stopped: 0.0005832 seconds, Stopping threads took: 0.0000199 seconds
31.911: [GC (Allocation Failure)  97461K->693K(438272K), 0.0004593 secs]
31.911: Total time for which application threads were stopped: 0.0005769 seconds, Stopping threads took: 0.0000190 seconds
31.973: [GC (Allocation Failure)  95413K->661K(436736K), 0.0004099 secs]
31.973: Total time for which application threads were stopped: 0.0005446 seconds, Stopping threads took: 0.0000198 seconds
32.031: [GC (Allocation Failure)  93845K->629K(435200K), 0.0006267 secs]
32.032: Total time for which application threads were stopped: 0.0007737 seconds, Stopping threads took: 0.0000336 seconds
32.090: [GC (Allocation Failure)  92277K->629K(433664K), 0.0005275 secs]
32.090: Total time for which application threads were stopped: 0.0006603 seconds, Stopping threads took: 0.0000295 seconds
32.153: [GC (Allocation Failure)  90741K->693K(432128K), 0.0006750 secs]
32.154: Total time for which application threads were stopped: 0.0007981 seconds, Stopping threads took: 0.0000254 seconds
32.212: [GC (Allocation Failure)  89269K->661K(430592K), 0.0005013 secs]
32.213: Total time for which application threads were stopped: 0.0006216 seconds, Stopping threads took: 0.0000199 seconds
32.267: [GC (Allocation Failure)  87701K->629K(429056K), 0.0005548 secs]
32.268: Total time for which application threads were stopped: 0.0008102 seconds, Stopping threads took: 0.0001403 seconds
32.321: [GC (Allocation Failure)  86133K->629K(427520K), 0.0004859 secs]
32.322: Total time for which application threads were stopped: 0.0006218 seconds, Stopping threads took: 0.0000205 seconds
32.380: [GC (Allocation Failure)  84597K->661K(425984K), 0.0004966 secs]
32.381: Total time for which application threads were stopped: 0.0006273 seconds, Stopping threads took: 0.0000206 seconds
32.439: [GC (Allocation Failure)  83093K->693K(424448K), 0.0007215 secs]
32.440: Total time for which application threads were stopped: 0.0008545 seconds, Stopping threads took: 0.0000214 seconds
32.491: [GC (Allocation Failure)  81589K->661K(422912K), 0.0005935 secs]
32.492: Total time for which application threads were stopped: 0.0007486 seconds, Stopping threads took: 0.0000298 seconds
32.542: [GC (Allocation Failure)  80021K->661K(421888K), 0.0005522 secs]
32.542: Total time for which application threads were stopped: 0.0006864 seconds, Stopping threads took: 0.0000210 seconds
32.591: [GC (Allocation Failure)  78997K->661K(420864K), 0.0005650 secs]
32.592: Total time for which application threads were stopped: 0.0007135 seconds, Stopping threads took: 0.0000214 seconds
32.646: [GC (Allocation Failure)  77973K->693K(419840K), 0.0005411 secs]
32.647: Total time for which application threads were stopped: 0.0006950 seconds, Stopping threads took: 0.0000222 seconds
32.695: [GC (Allocation Failure)  76981K->725K(418816K), 0.0005418 secs]
32.696: Total time for which application threads were stopped: 0.0006893 seconds, Stopping threads took: 0.0000242 seconds
32.743: [GC (Allocation Failure)  75989K->693K(417792K), 0.0005721 secs]
32.744: Total time for which application threads were stopped: 0.0007150 seconds, Stopping threads took: 0.0000222 seconds
32.791: [GC (Allocation Failure)  74933K->629K(416768K), 0.0005492 secs]
32.792: Total time for which application threads were stopped: 0.0007019 seconds, Stopping threads took: 0.0000218 seconds
32.838: [GC (Allocation Failure)  73845K->757K(415744K), 0.0004984 secs]
32.838: Total time for which application threads were stopped: 0.0006259 seconds, Stopping threads took: 0.0000215 seconds
32.889: [GC (Allocation Failure)  72949K->629K(414720K), 0.0004765 secs]
32.889: Total time for which application threads were stopped: 0.0006059 seconds, Stopping threads took: 0.0000277 seconds
32.935: [GC (Allocation Failure)  71797K->661K(413696K), 0.0004824 secs]
32.935: Total time for which application threads were stopped: 0.0006169 seconds, Stopping threads took: 0.0000260 seconds
32.986: [GC (Allocation Failure)  70805K->629K(412672K), 0.0004629 secs]
32.986: Total time for which application threads were stopped: 0.0005994 seconds, Stopping threads took: 0.0000213 seconds
33.032: [GC (Allocation Failure)  69749K->629K(411648K), 0.0006232 secs]
33.033: Total time for which application threads were stopped: 0.0007626 seconds, Stopping threads took: 0.0000221 seconds
33.080: [GC (Allocation Failure)  68725K->661K(410624K), 0.0005814 secs]
33.080: Total time for which application threads were stopped: 0.0007447 seconds, Stopping threads took: 0.0000302 seconds
33.123: [GC (Allocation Failure)  67733K->693K(409600K), 0.0004872 secs]
33.123: Total time for which application threads were stopped: 0.0006307 seconds, Stopping threads took: 0.0000274 seconds
33.171: [GC (Allocation Failure)  66741K->661K(408576K), 0.0004855 secs]
33.172: Total time for which application threads were stopped: 0.0006088 seconds, Stopping threads took: 0.0000241 seconds
33.212: [GC (Allocation Failure)  65685K->757K(407552K), 0.0004818 secs]
33.213: Total time for which application threads were stopped: 0.0006000 seconds, Stopping threads took: 0.0000189 seconds
33.259: [GC (Allocation Failure)  64757K->693K(406528K), 0.0004889 secs]
33.259: Total time for which application threads were stopped: 0.0006188 seconds, Stopping threads took: 0.0000203 seconds
33.299: [GC (Allocation Failure)  63669K->693K(405504K), 0.0005133 secs]
33.300: Total time for which application threads were stopped: 0.0006477 seconds, Stopping threads took: 0.0000210 seconds
33.339: [GC (Allocation Failure)  62645K->693K(418304K), 0.0005634 secs]
33.340: Total time for which application threads were stopped: 0.0006997 seconds, Stopping threads took: 0.0000221 seconds
33.387: [GC (Allocation Failure)  75445K->661K(417280K), 0.0004699 secs]
33.387: Total time for which application threads were stopped: 0.0005931 seconds, Stopping threads took: 0.0000186 seconds
33.439: [GC (Allocation Failure)  74389K->725K(416256K), 0.0004941 secs]
33.439: Total time for which application threads were stopped: 0.0006235 seconds, Stopping threads took: 0.0000196 seconds
33.489: [GC (Allocation Failure)  73429K->693K(415232K), 0.0005110 secs]
33.489: Total time for which application threads were stopped: 0.0006569 seconds, Stopping threads took: 0.0000296 seconds
33.534: [GC (Allocation Failure)  72373K->725K(414208K), 0.0004813 secs]
33.535: Total time for which application threads were stopped: 0.0006027 seconds, Stopping threads took: 0.0000194 seconds
33.579: [GC (Allocation Failure)  71381K->661K(413184K), 0.0005744 secs]
33.580: Total time for which application threads were stopped: 0.0007050 seconds, Stopping threads took: 0.0000192 seconds
33.630: [GC (Allocation Failure)  70293K->725K(412160K), 0.0004663 secs]
33.631: Total time for which application threads were stopped: 0.0005869 seconds, Stopping threads took: 0.0000207 seconds
33.674: [GC (Allocation Failure)  69333K->693K(411136K), 0.0004880 secs]
33.674: Total time for which application threads were stopped: 0.0006186 seconds, Stopping threads took: 0.0000266 seconds
33.717: [GC (Allocation Failure)  68277K->661K(410112K), 0.0005905 secs]
33.717: Total time for which application threads were stopped: 0.0007343 seconds, Stopping threads took: 0.0000210 seconds
33.762: [GC (Allocation Failure)  67221K->661K(423424K), 0.0005784 secs]
33.763: Total time for which application threads were stopped: 0.0007261 seconds, Stopping threads took: 0.0000214 seconds
33.819: [GC (Allocation Failure)  80533K->757K(422400K), 0.0006279 secs]
33.820: Total time for which application threads were stopped: 0.0008070 seconds, Stopping threads took: 0.0000234 seconds
33.870: [GC (Allocation Failure)  79605K->757K(421376K), 0.0005354 secs]
33.870: Total time for which application threads were stopped: 0.0006790 seconds, Stopping threads took: 0.0000237 seconds
33.919: [GC (Allocation Failure)  78581K->661K(420352K), 0.0004097 secs]
33.920: Total time for which application threads were stopped: 0.0005481 seconds, Stopping threads took: 0.0000270 seconds
33.974: [GC (Allocation Failure)  77461K->661K(419328K), 0.0004910 secs]
33.974: Total time for which application threads were stopped: 0.0006326 seconds, Stopping threads took: 0.0000211 seconds
34.028: [GC (Allocation Failure)  76437K->693K(418304K), 0.0005045 secs]
34.028: Total time for which application threads were stopped: 0.0006428 seconds, Stopping threads took: 0.0000215 seconds
34.075: [GC (Allocation Failure)  75445K->661K(417280K), 0.0006017 secs]
34.076: Total time for which application threads were stopped: 0.0007344 seconds, Stopping threads took: 0.0000213 seconds
34.123: [GC (Allocation Failure)  74389K->693K(416256K), 0.0005298 secs]
34.124: Total time for which application threads were stopped: 0.0006766 seconds, Stopping threads took: 0.0000299 seconds
34.170: [GC (Allocation Failure)  73397K->661K(415232K), 0.0004124 secs]
34.171: Total time for which application threads were stopped: 0.0005239 seconds, Stopping threads took: 0.0000248 seconds
34.216: [GC (Allocation Failure)  72341K->693K(414208K), 0.0004810 secs]
34.216: Total time for which application threads were stopped: 0.0006007 seconds, Stopping threads took: 0.0000192 seconds
34.267: [GC (Allocation Failure)  71349K->629K(413184K), 0.0005023 secs]
34.267: Total time for which application threads were stopped: 0.0006358 seconds, Stopping threads took: 0.0000292 seconds
34.317: [GC (Allocation Failure)  70261K->693K(412160K), 0.0005574 secs]
34.317: Total time for which application threads were stopped: 0.0006713 seconds, Stopping threads took: 0.0000172 seconds
34.360: [GC (Allocation Failure)  69301K->629K(411136K), 0.0006121 secs]
34.361: Total time for which application threads were stopped: 0.0007366 seconds, Stopping threads took: 0.0000270 seconds
34.407: [GC (Allocation Failure)  68213K->661K(410112K), 0.0004903 secs]
34.407: Total time for which application threads were stopped: 0.0006168 seconds, Stopping threads took: 0.0000269 seconds
34.453: [GC (Allocation Failure)  67221K->629K(409088K), 0.0004311 secs]
34.454: Total time for which application threads were stopped: 0.0005486 seconds, Stopping threads took: 0.0000187 seconds
34.496: [GC (Allocation Failure)  66165K->661K(408064K), 0.0005799 secs]
34.497: Total time for which application threads were stopped: 0.0007055 seconds, Stopping threads took: 0.0000259 seconds
34.543: [GC (Allocation Failure)  65173K->661K(407040K), 0.0005256 secs]
34.544: Total time for which application threads were stopped: 0.0006449 seconds, Stopping threads took: 0.0000195 seconds
34.590: [GC (Allocation Failure)  64149K->693K(406016K), 0.0005366 secs]
34.591: Total time for which application threads were stopped: 0.0006806 seconds, Stopping threads took: 0.0000218 seconds
34.630: [GC (Allocation Failure)  63157K->693K(418816K), 0.0006195 secs]
34.631: Total time for which application threads were stopped: 0.0007628 seconds, Stopping threads took: 0.0000219 seconds
34.678: [GC (Allocation Failure)  75957K->661K(434176K), 0.0005183 secs]
34.679: Total time for which application threads were stopped: 0.0006700 seconds, Stopping threads took: 0.0000309 seconds
34.735: [GC (Allocation Failure)  91285K->629K(432640K), 0.0005202 secs]
34.736: Total time for which application threads were stopped: 0.0006515 seconds, Stopping threads took: 0.0000356 seconds
34.792: [GC (Allocation Failure)  89717K->725K(431104K), 0.0006503 secs]
34.792: Total time for which application threads were stopped: 0.0007798 seconds, Stopping threads took: 0.0000206 seconds
34.854: [GC (Allocation Failure)  88277K->661K(429568K), 0.0005308 secs]
34.854: Total time for which application threads were stopped: 0.0006754 seconds, Stopping threads took: 0.0000215 seconds
34.908: [GC (Allocation Failure)  86677K->629K(428032K), 0.0004894 secs]
34.909: Total time for which application threads were stopped: 0.0006109 seconds, Stopping threads took: 0.0000191 seconds
34.967: [GC (Allocation Failure)  85109K->629K(426496K), 0.0004982 secs]
34.968: Total time for which application threads were stopped: 0.0006817 seconds, Stopping threads took: 0.0000298 seconds
35.020: [GC (Allocation Failure)  83573K->693K(424960K), 0.0005284 secs]
35.021: Total time for which application threads were stopped: 0.0006534 seconds, Stopping threads took: 0.0000207 seconds
35.072: [GC (Allocation Failure)  82101K->693K(423424K), 0.0005087 secs]
35.073: Total time for which application threads were stopped: 0.0006446 seconds, Stopping threads took: 0.0000218 seconds
35.129: [GC (Allocation Failure)  80565K->725K(422400K), 0.0004935 secs]
35.130: Total time for which application threads were stopped: 0.0006149 seconds, Stopping threads took: 0.0000199 seconds
35.186: [GC (Allocation Failure)  79573K->661K(421376K), 0.0006213 secs]
35.187: Total time for which application threads were stopped: 0.0007421 seconds, Stopping threads took: 0.0000190 seconds
35.242: [GC (Allocation Failure)  78485K->661K(420352K), 0.0004756 secs]
35.243: Total time for which application threads were stopped: 0.0005984 seconds, Stopping threads took: 0.0000193 seconds
35.292: [GC (Allocation Failure)  77461K->693K(419328K), 0.0005089 secs]
35.293: Total time for which application threads were stopped: 0.0006268 seconds, Stopping threads took: 0.0000193 seconds
35.340: [GC (Allocation Failure)  76469K->693K(418304K), 0.0005084 secs]
35.341: Total time for which application threads were stopped: 0.0006315 seconds, Stopping threads took: 0.0000273 seconds
35.390: [GC (Allocation Failure)  75445K->693K(417280K), 0.0004677 secs]
35.390: Total time for which application threads were stopped: 0.0005944 seconds, Stopping threads took: 0.0000274 seconds
35.438: [GC (Allocation Failure)  74421K->661K(416256K), 0.0004934 secs]
35.438: Total time for which application threads were stopped: 0.0006156 seconds, Stopping threads took: 0.0000196 seconds
35.490: [GC (Allocation Failure)  73365K->693K(415232K), 0.0005164 secs]
35.490: Total time for which application threads were stopped: 0.0006329 seconds, Stopping threads took: 0.0000195 seconds
35.540: [GC (Allocation Failure)  72373K->629K(414208K), 0.0005884 secs]
35.541: Total time for which application threads were stopped: 0.0007138 seconds, Stopping threads took: 0.0000278 seconds
35.585: [GC (Allocation Failure)  71285K->629K(413184K), 0.0006679 secs]
35.586: Total time for which application threads were stopped: 0.0008173 seconds, Stopping threads took: 0.0000274 seconds
35.630: [GC (Allocation Failure)  70261K->693K(412160K), 0.0004826 secs]
35.630: Total time for which application threads were stopped: 0.0006112 seconds, Stopping threads took: 0.0000210 seconds
35.673: [GC (Allocation Failure)  69301K->693K(411136K), 0.0005638 secs]
35.674: Total time for which application threads were stopped: 0.0006884 seconds, Stopping threads took: 0.0000260 seconds
35.717: [GC (Allocation Failure)  68277K->725K(424960K), 0.0005676 secs]
35.717: Total time for which application threads were stopped: 0.0007017 seconds, Stopping threads took: 0.0000210 seconds
35.768: [GC (Allocation Failure)  82133K->629K(423424K), 0.0004215 secs]
35.769: Total time for which application threads were stopped: 0.0005600 seconds, Stopping threads took: 0.0000254 seconds
35.825: [GC (Allocation Failure)  80501K->661K(422400K), 0.0005132 secs]
35.825: Total time for which application threads were stopped: 0.0006216 seconds, Stopping threads took: 0.0000167 seconds
35.880: [GC (Allocation Failure)  79509K->725K(421376K), 0.0004767 secs]
35.881: Total time for which application threads were stopped: 0.0005982 seconds, Stopping threads took: 0.0000193 seconds
35.930: [GC (Allocation Failure)  78549K->661K(420352K), 0.0004266 secs]
35.931: Total time for which application threads were stopped: 0.0005450 seconds, Stopping threads took: 0.0000251 seconds
35.980: [GC (Allocation Failure)  77461K->597K(419328K), 0.0007683 secs]
35.981: Total time for which application threads were stopped: 0.0008876 seconds, Stopping threads took: 0.0000285 seconds
36.032: [GC (Allocation Failure)  76373K->629K(418304K), 0.0005030 secs]
36.032: Total time for which application threads were stopped: 0.0006392 seconds, Stopping threads took: 0.0000193 seconds
36.085: [GC (Allocation Failure)  75381K->661K(417280K), 0.0004885 secs]
36.086: Total time for which application threads were stopped: 0.0006331 seconds, Stopping threads took: 0.0000314 seconds
36.133: [GC (Allocation Failure)  74389K->661K(416256K), 0.0004841 secs]
36.133: Total time for which application threads were stopped: 0.0006253 seconds, Stopping threads took: 0.0000259 seconds
36.180: [GC (Allocation Failure)  73365K->661K(415232K), 0.0004693 secs]
36.180: Total time for which application threads were stopped: 0.0005969 seconds, Stopping threads took: 0.0000276 seconds
36.226: [GC (Allocation Failure)  72341K->693K(414208K), 0.0005361 secs]
36.226: Total time for which application threads were stopped: 0.0006664 seconds, Stopping threads took: 0.0000208 seconds
36.271: [GC (Allocation Failure)  71349K->693K(413184K), 0.0005598 secs]
36.271: Total time for which application threads were stopped: 0.0007029 seconds, Stopping threads took: 0.0000198 seconds
36.315: [GC (Allocation Failure)  70325K->661K(412160K), 0.0005437 secs]
36.316: Total time for which application threads were stopped: 0.0006980 seconds, Stopping threads took: 0.0000234 seconds
36.364: [GC (Allocation Failure)  69269K->693K(411136K), 0.0005176 secs]
36.364: Total time for which application threads were stopped: 0.0006695 seconds, Stopping threads took: 0.0000292 seconds
36.407: [GC (Allocation Failure)  68277K->661K(410112K), 0.0005651 secs]
36.408: Total time for which application threads were stopped: 0.0007168 seconds, Stopping threads took: 0.0000229 seconds
36.452: [GC (Allocation Failure)  67221K->757K(409088K), 0.0004810 secs]
36.452: Total time for which application threads were stopped: 0.0006005 seconds, Stopping threads took: 0.0000199 seconds
36.494: [GC (Allocation Failure)  66293K->661K(422400K), 0.0005949 secs]
36.495: Total time for which application threads were stopped: 0.0007373 seconds, Stopping threads took: 0.0000209 seconds
36.551: [GC (Allocation Failure)  79509K->725K(421376K), 0.0005979 secs]
36.551: Total time for which application threads were stopped: 0.0007486 seconds, Stopping threads took: 0.0000231 seconds
36.601: [GC (Allocation Failure)  78549K->693K(420352K), 0.0004606 secs]
36.601: Total time for which application threads were stopped: 0.0005829 seconds, Stopping threads took: 0.0000197 seconds
36.650: [GC (Allocation Failure)  77493K->693K(419328K), 0.0005185 secs]
36.650: Total time for which application threads were stopped: 0.0006493 seconds, Stopping threads took: 0.0000208 seconds
36.702: [GC (Allocation Failure)  76469K->661K(418304K), 0.0005616 secs]
36.703: Total time for which application threads were stopped: 0.0007114 seconds, Stopping threads took: 0.0000292 seconds
36.750: [GC (Allocation Failure)  75413K->629K(433664K), 0.0007531 secs]
36.751: Total time for which application threads were stopped: 0.0008898 seconds, Stopping threads took: 0.0000209 seconds
36.807: [GC (Allocation Failure)  90741K->725K(432128K), 0.0005105 secs]
36.807: Total time for which application threads were stopped: 0.0006453 seconds, Stopping threads took: 0.0000201 seconds
36.863: [GC (Allocation Failure)  89301K->661K(430592K), 0.0004816 secs]
36.863: Total time for which application threads were stopped: 0.0006066 seconds, Stopping threads took: 0.0000273 seconds
36.923: [GC (Allocation Failure)  87701K->629K(429056K), 0.0005877 secs]
36.924: Total time for which application threads were stopped: 0.0007028 seconds, Stopping threads took: 0.0000192 seconds
36.982: [GC (Allocation Failure)  86133K->661K(427520K), 0.0006499 secs]
36.982: Total time for which application threads were stopped: 0.0007600 seconds, Stopping threads took: 0.0000175 seconds
37.035: [GC (Allocation Failure)  84629K->661K(425984K), 0.0004717 secs]
37.035: Total time for which application threads were stopped: 0.0006005 seconds, Stopping threads took: 0.0000279 seconds
37.091: [GC (Allocation Failure)  83093K->661K(424448K), 0.0006242 secs]
37.091: Total time for which application threads were stopped: 0.0007256 seconds, Stopping threads took: 0.0000169 seconds
37.146: [GC (Allocation Failure)  81557K->757K(440832K), 0.0059666 secs]
37.152: Total time for which application threads were stopped: 0.0061049 seconds, Stopping threads took: 0.0000202 seconds
37.214: [GC (Allocation Failure)  98037K->661K(460288K), 0.0004813 secs]
37.214: Total time for which application threads were stopped: 0.0006091 seconds, Stopping threads took: 0.0000272 seconds
37.292: [GC (Allocation Failure)  117397K->693K(483840K), 0.0004777 secs]
37.293: Total time for which application threads were stopped: 0.0005948 seconds, Stopping threads took: 0.0000197 seconds
37.386: [GC (Allocation Failure)  140981K->693K(512000K), 0.0005529 secs]
37.387: Total time for which application threads were stopped: 0.0006777 seconds, Stopping threads took: 0.0000273 seconds
37.492: [GC (Allocation Failure)  169141K->693K(545792K), 0.0005417 secs]
37.493: Total time for which application threads were stopped: 0.0006662 seconds, Stopping threads took: 0.0000196 seconds
37.619: [GC (Allocation Failure)  202933K->757K(586240K), 0.0005315 secs]
37.619: Total time for which application threads were stopped: 0.0006474 seconds, Stopping threads took: 0.0000188 seconds
37.777: [GC (Allocation Failure)  243445K->661K(578560K), 0.0005315 secs]
37.778: Total time for which application threads were stopped: 0.0006407 seconds, Stopping threads took: 0.0000169 seconds
37.929: [GC (Allocation Failure)  235669K->725K(571392K), 0.0005038 secs]
37.929: Total time for which application threads were stopped: 0.0006383 seconds, Stopping threads took: 0.0000278 seconds
38.071: [GC (Allocation Failure)  228565K->725K(564224K), 0.0004837 secs]
38.071: Total time for which application threads were stopped: 0.0006031 seconds, Stopping threads took: 0.0000189 seconds
38.209: [GC (Allocation Failure)  221397K->661K(557568K), 0.0004679 secs]
38.210: Total time for which application threads were stopped: 0.0005825 seconds, Stopping threads took: 0.0000189 seconds
38.347: [GC (Allocation Failure)  214677K->693K(550912K), 0.0005777 secs]
38.348: Total time for which application threads were stopped: 0.0007028 seconds, Stopping threads took: 0.0000276 seconds
38.481: [GC (Allocation Failure)  208053K->693K(544768K), 0.0004875 secs]
38.482: Total time for which application threads were stopped: 0.0006077 seconds, Stopping threads took: 0.0000191 seconds
38.607: [GC (Allocation Failure)  201909K->757K(539136K), 0.0004930 secs]
38.607: Total time for which application threads were stopped: 0.0006142 seconds, Stopping threads took: 0.0000197 seconds
38.729: [GC (Allocation Failure)  196341K->661K(533504K), 0.0004938 secs]
38.730: Total time for which application threads were stopped: 0.0006255 seconds, Stopping threads took: 0.0000196 seconds
38.853: [GC (Allocation Failure)  190613K->725K(527872K), 0.0005055 secs]
38.854: Total time for which application threads were stopped: 0.0006357 seconds, Stopping threads took: 0.0000187 seconds
38.969: [GC (Allocation Failure)  185045K->725K(522752K), 0.0004281 secs]
38.970: Total time for which application threads were stopped: 0.0005493 seconds, Stopping threads took: 0.0000200 seconds
39.087: [GC (Allocation Failure)  179925K->725K(517632K), 0.0005215 secs]
39.087: Total time for which application threads were stopped: 0.0006474 seconds, Stopping threads took: 0.0000193 seconds
39.197: [GC (Allocation Failure)  174805K->725K(513024K), 0.0005530 secs]
39.197: Total time for which application threads were stopped: 0.0006577 seconds, Stopping threads took: 0.0000177 seconds
39.303: [GC (Allocation Failure)  170197K->661K(508416K), 0.0004588 secs]
39.304: Total time for which application threads were stopped: 0.0005996 seconds, Stopping threads took: 0.0000201 seconds
39.410: [GC (Allocation Failure)  165525K->693K(503808K), 0.0004944 secs]
39.411: Total time for which application threads were stopped: 0.0006047 seconds, Stopping threads took: 0.0000161 seconds
39.514: [GC (Allocation Failure)  160949K->661K(499712K), 0.0004801 secs]
39.514: Total time for which application threads were stopped: 0.0006069 seconds, Stopping threads took: 0.0000268 seconds
39.614: [GC (Allocation Failure)  156821K->629K(495616K), 0.0004967 secs]
39.615: Total time for which application threads were stopped: 0.0006237 seconds, Stopping threads took: 0.0000274 seconds
39.709: [GC (Allocation Failure)  152693K->661K(491520K), 0.0004528 secs]
39.710: Total time for which application threads were stopped: 0.0005712 seconds, Stopping threads took: 0.0000187 seconds
39.802: [GC (Allocation Failure)  148629K->629K(487936K), 0.0004609 secs]
39.803: Total time for which application threads were stopped: 0.0005894 seconds, Stopping threads took: 0.0000293 seconds
39.893: [GC (Allocation Failure)  145013K->693K(484352K), 0.0005290 secs]
39.893: Total time for which application threads were stopped: 0.0006738 seconds, Stopping threads took: 0.0000292 seconds
39.983: [GC (Allocation Failure)  141493K->661K(480768K), 0.0004634 secs]
39.984: Total time for which application threads were stopped: 0.0005904 seconds, Stopping threads took: 0.0000265 seconds
40.069: [GC (Allocation Failure)  137877K->693K(477696K), 0.0004761 secs]
40.070: Total time for which application threads were stopped: 0.0006004 seconds, Stopping threads took: 0.0000271 seconds
40.158: [GC (Allocation Failure)  134837K->661K(474624K), 0.0007281 secs]
40.159: Total time for which application threads were stopped: 0.0008550 seconds, Stopping threads took: 0.0000280 seconds
40.242: [GC (Allocation Failure)  131733K->725K(471552K), 0.0005235 secs]
40.242: Total time for which application threads were stopped: 0.0006440 seconds, Stopping threads took: 0.0000203 seconds
40.326: [GC (Allocation Failure)  128725K->693K(468480K), 0.0004986 secs]
40.326: Total time for which application threads were stopped: 0.0006143 seconds, Stopping threads took: 0.0000194 seconds
40.409: [GC (Allocation Failure)  125621K->725K(465408K), 0.0004293 secs]
40.410: Total time for which application threads were stopped: 0.0005389 seconds, Stopping threads took: 0.0000165 seconds
40.490: [GC (Allocation Failure)  122581K->661K(462848K), 0.0003917 secs]
40.490: Total time for which application threads were stopped: 0.0005077 seconds, Stopping threads took: 0.0000253 seconds
40.565: [GC (Allocation Failure)  119957K->693K(460288K), 0.0005025 secs]
40.566: Total time for which application threads were stopped: 0.0006482 seconds, Stopping threads took: 0.0000271 seconds
40.644: [GC (Allocation Failure)  117429K->629K(457728K), 0.0006308 secs]
40.645: Total time for which application threads were stopped: 0.0007577 seconds, Stopping threads took: 0.0000275 seconds
40.716: [GC (Allocation Failure)  114805K->629K(455168K), 0.0005162 secs]
40.716: Total time for which application threads were stopped: 0.0006349 seconds, Stopping threads took: 0.0000193 seconds
40.786: [GC (Allocation Failure)  112245K->725K(452608K), 0.0006811 secs]
40.787: Total time for which application threads were stopped: 0.0008088 seconds, Stopping threads took: 0.0000278 seconds
40.855: [GC (Allocation Failure)  109781K->693K(450560K), 0.0004929 secs]
40.856: Total time for which application threads were stopped: 0.0006117 seconds, Stopping threads took: 0.0000206 seconds
40.928: [GC (Allocation Failure)  107701K->661K(448512K), 0.0003808 secs]
40.928: Total time for which application threads were stopped: 0.0005001 seconds, Stopping threads took: 0.0000199 seconds
41.001: [GC (Allocation Failure)  105621K->661K(446464K), 0.0004221 secs]
41.001: Total time for which application threads were stopped: 0.0005300 seconds, Stopping threads took: 0.0000166 seconds
41.066: [GC (Allocation Failure)  103573K->661K(444416K), 0.0005484 secs]
41.066: Total time for which application threads were stopped: 0.0006704 seconds, Stopping threads took: 0.0000196 seconds
41.132: [GC (Allocation Failure)  101525K->661K(442368K), 0.0004773 secs]
41.133: Total time for which application threads were stopped: 0.0006144 seconds, Stopping threads took: 0.0000301 seconds
41.196: [GC (Allocation Failure)  99477K->661K(440320K), 0.0004718 secs]
41.197: Total time for which application threads were stopped: 0.0005866 seconds, Stopping threads took: 0.0000195 seconds
41.261: [GC (Allocation Failure)  97429K->661K(438272K), 0.0005145 secs]
41.262: Total time for which application threads were stopped: 0.0006317 seconds, Stopping threads took: 0.0000186 seconds
41.321: [GC (Allocation Failure)  95381K->661K(436736K), 0.0004959 secs]
41.321: Total time for which application threads were stopped: 0.0006202 seconds, Stopping threads took: 0.0000268 seconds
41.386: [GC (Allocation Failure)  93845K->661K(435200K), 0.0005544 secs]
41.386: Total time for which application threads were stopped: 0.0007045 seconds, Stopping threads took: 0.0000272 seconds
41.444: [GC (Allocation Failure)  92309K->661K(433664K), 0.0004192 secs]
41.444: Total time for which application threads were stopped: 0.0005392 seconds, Stopping threads took: 0.0000192 seconds
41.507: [GC (Allocation Failure)  90773K->661K(432128K), 0.0005589 secs]
41.508: Total time for which application threads were stopped: 0.0006797 seconds, Stopping threads took: 0.0000198 seconds
41.570: [GC (Allocation Failure)  89237K->661K(430592K), 0.0006600 secs]
41.571: Total time for which application threads were stopped: 0.0007860 seconds, Stopping threads took: 0.0000276 seconds
41.625: [GC (Allocation Failure)  87701K->661K(429056K), 0.0005652 secs]
41.626: Total time for which application threads were stopped: 0.0006810 seconds, Stopping threads took: 0.0000191 seconds
41.685: [GC (Allocation Failure)  86165K->661K(427520K), 0.0004758 secs]
41.686: Total time for which application threads were stopped: 0.0005963 seconds, Stopping threads took: 0.0000200 seconds
41.744: [GC (Allocation Failure)  84629K->725K(425984K), 0.0004643 secs]
41.745: Total time for which application threads were stopped: 0.0005846 seconds, Stopping threads took: 0.0000190 seconds
41.797: [GC (Allocation Failure)  83157K->629K(424448K), 0.0004895 secs]
41.797: Total time for which application threads were stopped: 0.0006336 seconds, Stopping threads took: 0.0000283 seconds
41.854: [GC (Allocation Failure)  81525K->693K(422912K), 0.0004394 secs]
41.854: Total time for which application threads were stopped: 0.0005688 seconds, Stopping threads took: 0.0000216 seconds
41.904: [GC (Allocation Failure)  80053K->725K(421888K), 0.0004640 secs]
41.905: Total time for which application threads were stopped: 0.0005846 seconds, Stopping threads took: 0.0000199 seconds
41.955: [GC (Allocation Failure)  79061K->693K(420864K), 0.0004954 secs]
41.955: Total time for which application threads were stopped: 0.0006280 seconds, Stopping threads took: 0.0000286 seconds
42.004: [GC (Allocation Failure)  78005K->693K(419840K), 0.0005426 secs]
42.005: Total time for which application threads were stopped: 0.0006746 seconds, Stopping threads took: 0.0000209 seconds
42.053: [GC (Allocation Failure)  76981K->693K(418816K), 0.0004836 secs]
42.053: Total time for which application threads were stopped: 0.0006110 seconds, Stopping threads took: 0.0000208 seconds
42.101: [GC (Allocation Failure)  75957K->725K(417792K), 0.0006936 secs]
42.102: Total time for which application threads were stopped: 0.0008312 seconds, Stopping threads took: 0.0000213 seconds
42.149: [GC (Allocation Failure)  74965K->661K(432640K), 0.0007095 secs]
42.149: Total time for which application threads were stopped: 0.0008345 seconds, Stopping threads took: 0.0000248 seconds
42.209: [GC (Allocation Failure)  89749K->629K(431104K), 0.0005021 secs]
42.209: Total time for which application threads were stopped: 0.0006273 seconds, Stopping threads took: 0.0000201 seconds
42.264: [GC (Allocation Failure)  88181K->693K(429568K), 0.0005244 secs]
42.265: Total time for which application threads were stopped: 0.0006592 seconds, Stopping threads took: 0.0000215 seconds
42.319: [GC (Allocation Failure)  86709K->693K(428032K), 0.0005592 secs]
42.319: Total time for which application threads were stopped: 0.0007002 seconds, Stopping threads took: 0.0000289 seconds
42.372: [GC (Allocation Failure)  85173K->661K(426496K), 0.0005768 secs]
42.373: Total time for which application threads were stopped: 0.0007399 seconds, Stopping threads took: 0.0000296 seconds
42.425: [GC (Allocation Failure)  83605K->661K(424960K), 0.0004211 secs]
42.426: Total time for which application threads were stopped: 0.0005379 seconds, Stopping threads took: 0.0000258 seconds
42.482: [GC (Allocation Failure)  82069K->693K(423424K), 0.0004309 secs]
42.482: Total time for which application threads were stopped: 0.0005512 seconds, Stopping threads took: 0.0000202 seconds
42.532: [GC (Allocation Failure)  80565K->693K(422400K), 0.0005334 secs]
42.533: Total time for which application threads were stopped: 0.0006658 seconds, Stopping threads took: 0.0000212 seconds
42.583: [GC (Allocation Failure)  79541K->661K(421376K), 0.0005037 secs]
42.583: Total time for which application threads were stopped: 0.0006694 seconds, Stopping threads took: 0.0000207 seconds
42.633: [GC (Allocation Failure)  78485K->661K(420352K), 0.0005741 secs]
42.633: Total time for which application threads were stopped: 0.0007221 seconds, Stopping threads took: 0.0000210 seconds
42.686: [GC (Allocation Failure)  77461K->661K(419328K), 0.0004768 secs]
42.686: Total time for which application threads were stopped: 0.0006041 seconds, Stopping threads took: 0.0000277 seconds
42.734: [GC (Allocation Failure)  76437K->661K(418304K), 0.0004907 secs]
42.734: Total time for which application threads were stopped: 0.0006198 seconds, Stopping threads took: 0.0000278 seconds
42.785: [GC (Allocation Failure)  75413K->693K(417280K), 0.0004784 secs]
42.786: Total time for which application threads were stopped: 0.0005996 seconds, Stopping threads took: 0.0000203 seconds
42.832: [GC (Allocation Failure)  74421K->661K(416256K), 0.0004830 secs]
42.833: Total time for which application threads were stopped: 0.0006029 seconds, Stopping threads took: 0.0000195 seconds
42.884: [GC (Allocation Failure)  73365K->725K(415232K), 0.0004709 secs]
42.885: Total time for which application threads were stopped: 0.0005921 seconds, Stopping threads took: 0.0000201 seconds
42.930: [GC (Allocation Failure)  72405K->661K(414208K), 0.0005067 secs]
42.931: Total time for which application threads were stopped: 0.0006254 seconds, Stopping threads took: 0.0000187 seconds
42.975: [GC (Allocation Failure)  71317K->629K(413184K), 0.0006244 secs]
42.976: Total time for which application threads were stopped: 0.0007420 seconds, Stopping threads took: 0.0000190 seconds
43.025: [GC (Allocation Failure)  70261K->661K(412160K), 0.0005688 secs]
43.026: Total time for which application threads were stopped: 0.0007010 seconds, Stopping threads took: 0.0000271 seconds
43.074: [GC (Allocation Failure)  69269K->661K(411136K), 0.0004741 secs]
43.075: Total time for which application threads were stopped: 0.0006122 seconds, Stopping threads took: 0.0000193 seconds
43.123: [GC (Allocation Failure)  68245K->693K(410112K), 0.0004656 secs]
43.124: Total time for which application threads were stopped: 0.0005909 seconds, Stopping threads took: 0.0000158 seconds
43.167: [GC (Allocation Failure)  67253K->629K(409088K), 0.0004661 secs]
43.167: Total time for which application threads were stopped: 0.0005638 seconds, Stopping threads took: 0.0000168 seconds
43.209: [GC (Allocation Failure)  66165K->661K(408064K), 0.0004838 secs]
43.209: Total time for which application threads were stopped: 0.0006034 seconds, Stopping threads took: 0.0000195 seconds
43.254: [GC (Allocation Failure)  65173K->629K(407040K), 0.0004378 secs]
43.254: Total time for which application threads were stopped: 0.0005534 seconds, Stopping threads took: 0.0000193 seconds
43.299: [GC (Allocation Failure)  64117K->629K(406016K), 0.0005905 secs]
43.300: Total time for which application threads were stopped: 0.0006996 seconds, Stopping threads took: 0.0000172 seconds
43.339: [GC (Allocation Failure)  63093K->693K(405504K), 0.0004900 secs]
43.340: Total time for which application threads were stopped: 0.0006167 seconds, Stopping threads took: 0.0000272 seconds
43.379: [GC (Allocation Failure)  62645K->661K(418304K), 0.0005977 secs]
43.379: Total time for which application threads were stopped: 0.0007393 seconds, Stopping threads took: 0.0000208 seconds
43.427: [GC (Allocation Failure)  75413K->693K(417280K), 0.0004280 secs]
43.427: Total time for which application threads were stopped: 0.0005462 seconds, Stopping threads took: 0.0000188 seconds
43.480: [GC (Allocation Failure)  74421K->693K(416256K), 0.0006029 secs]
43.480: Total time for which application threads were stopped: 0.0007282 seconds, Stopping threads took: 0.0000167 seconds
43.531: [GC (Allocation Failure)  73397K->629K(415232K), 0.0005888 secs]
43.531: Total time for which application threads were stopped: 0.0007127 seconds, Stopping threads took: 0.0000199 seconds
43.583: [GC (Allocation Failure)  72309K->725K(414208K), 0.0004787 secs]
43.583: Total time for which application threads were stopped: 0.0006119 seconds, Stopping threads took: 0.0000195 seconds
43.634: [GC (Allocation Failure)  71381K->661K(413184K), 0.0005040 secs]
43.635: Total time for which application threads were stopped: 0.0006516 seconds, Stopping threads took: 0.0000300 seconds
43.679: [GC (Allocation Failure)  70293K->725K(412160K), 0.0004904 secs]
43.679: Total time for which application threads were stopped: 0.0006248 seconds, Stopping threads took: 0.0000296 seconds
43.726: [GC (Allocation Failure)  69333K->757K(411136K), 0.0005113 secs]
43.727: Total time for which application threads were stopped: 0.0006387 seconds, Stopping threads took: 0.0000269 seconds
43.769: [GC (Allocation Failure)  68341K->661K(410112K), 0.0005036 secs]
43.770: Total time for which application threads were stopped: 0.0006314 seconds, Stopping threads took: 0.0000277 seconds
43.818: [GC (Allocation Failure)  67221K->693K(409088K), 0.0004786 secs]
43.818: Total time for which application threads were stopped: 0.0006103 seconds, Stopping threads took: 0.0000192 seconds
43.859: [GC (Allocation Failure)  66229K->629K(422400K), 0.0006308 secs]
43.860: Total time for which application threads were stopped: 0.0007515 seconds, Stopping threads took: 0.0000197 seconds
43.910: [GC (Allocation Failure)  79477K->693K(438272K), 0.0005635 secs]
43.910: Total time for which application threads were stopped: 0.0007054 seconds, Stopping threads took: 0.0000280 seconds
43.972: [GC (Allocation Failure)  95413K->661K(436736K), 0.0004392 secs]
43.972: Total time for which application threads were stopped: 0.0005772 seconds, Stopping threads took: 0.0000296 seconds
44.034: [GC (Allocation Failure)  93845K->693K(435200K), 0.0004921 secs]
44.034: Total time for which application threads were stopped: 0.0006271 seconds, Stopping threads took: 0.0000248 seconds
44.096: [GC (Allocation Failure)  92341K->693K(433664K), 0.0004999 secs]
44.096: Total time for which application threads were stopped: 0.0006341 seconds, Stopping threads took: 0.0000212 seconds
44.153: [GC (Allocation Failure)  90805K->629K(432128K), 0.0005518 secs]
44.154: Total time for which application threads were stopped: 0.0006814 seconds, Stopping threads took: 0.0000239 seconds
44.211: [GC (Allocation Failure)  89205K->725K(430592K), 0.0004656 secs]
44.211: Total time for which application threads were stopped: 0.0005846 seconds, Stopping threads took: 0.0000198 seconds
44.266: [GC (Allocation Failure)  87765K->693K(429056K), 0.0004895 secs]
44.266: Total time for which application threads were stopped: 0.0006096 seconds, Stopping threads took: 0.0000194 seconds
44.321: [GC (Allocation Failure)  86197K->597K(427520K), 0.0004788 secs]
44.322: Total time for which application threads were stopped: 0.0006078 seconds, Stopping threads took: 0.0000185 seconds
44.375: [GC (Allocation Failure)  84565K->693K(425984K), 0.0004570 secs]
44.375: Total time for which application threads were stopped: 0.0005820 seconds, Stopping threads took: 0.0000200 seconds
44.427: [GC (Allocation Failure)  83125K->629K(424448K), 0.0006021 secs]
44.428: Total time for which application threads were stopped: 0.0007699 seconds, Stopping threads took: 0.0000518 seconds
44.484: [GC (Allocation Failure)  81525K->693K(422912K), 0.0005810 secs]
44.485: Total time for which application threads were stopped: 0.0007110 seconds, Stopping threads took: 0.0000191 seconds
44.537: [GC (Allocation Failure)  80053K->693K(421888K), 0.0004974 secs]
44.538: Total time for which application threads were stopped: 0.0006230 seconds, Stopping threads took: 0.0000205 seconds
44.587: [GC (Allocation Failure)  79029K->661K(420864K), 0.0004974 secs]
44.588: Total time for which application threads were stopped: 0.0006381 seconds, Stopping threads took: 0.0000281 seconds
44.642: [GC (Allocation Failure)  77973K->661K(419840K), 0.0005327 secs]
44.643: Total time for which application threads were stopped: 0.0006869 seconds, Stopping threads took: 0.0000295 seconds
44.695: [GC (Allocation Failure)  76949K->693K(418816K), 0.0005029 secs]
44.696: Total time for which application threads were stopped: 0.0006699 seconds, Stopping threads took: 0.0000223 seconds
44.749: [GC (Allocation Failure)  75957K->693K(417792K), 0.0005574 secs]
44.750: Total time for which application threads were stopped: 0.0007025 seconds, Stopping threads took: 0.0000227 seconds
44.797: [GC (Allocation Failure)  74933K->661K(416768K), 0.0005229 secs]
44.798: Total time for which application threads were stopped: 0.0006535 seconds, Stopping threads took: 0.0000206 seconds
44.844: [GC (Allocation Failure)  73877K->661K(415744K), 0.0005227 secs]
44.845: Total time for which application threads were stopped: 0.0006679 seconds, Stopping threads took: 0.0000216 seconds
44.890: [GC (Allocation Failure)  72853K->629K(414720K), 0.0006098 secs]
44.891: Total time for which application threads were stopped: 0.0007433 seconds, Stopping threads took: 0.0000221 seconds
44.937: [GC (Allocation Failure)  71797K->661K(413696K), 0.0004090 secs]
44.937: Total time for which application threads were stopped: 0.0005359 seconds, Stopping threads took: 0.0000267 seconds
44.982: [GC (Allocation Failure)  70805K->629K(412672K), 0.0004984 secs]
44.983: Total time for which application threads were stopped: 0.0006397 seconds, Stopping threads took: 0.0000252 seconds
45.031: [GC (Allocation Failure)  69749K->661K(411648K), 0.0005274 secs]
45.032: Total time for which application threads were stopped: 0.0006744 seconds, Stopping threads took: 0.0000219 seconds
45.081: [GC (Allocation Failure)  68757K->693K(410624K), 0.0005011 secs]
45.081: Total time for which application threads were stopped: 0.0006388 seconds, Stopping threads took: 0.0000219 seconds
45.124: [GC (Allocation Failure)  67765K->757K(409600K), 0.0005031 secs]
45.124: Total time for which application threads were stopped: 0.0006377 seconds, Stopping threads took: 0.0000224 seconds
45.167: [GC (Allocation Failure)  66805K->661K(422912K), 0.0007351 secs]
45.167: Total time for which application threads were stopped: 0.0008692 seconds, Stopping threads took: 0.0000244 seconds
45.218: [GC (Allocation Failure)  80021K->629K(421888K), 0.0004696 secs]
45.218: Total time for which application threads were stopped: 0.0006074 seconds, Stopping threads took: 0.0000198 seconds
45.271: [GC (Allocation Failure)  78965K->661K(420864K), 0.0006060 secs]
45.271: Total time for which application threads were stopped: 0.0007613 seconds, Stopping threads took: 0.0000302 seconds
45.320: [GC (Allocation Failure)  77973K->661K(419840K), 0.0005046 secs]
45.320: Total time for which application threads were stopped: 0.0006535 seconds, Stopping threads took: 0.0000219 seconds
45.368: [GC (Allocation Failure)  76949K->629K(418816K), 0.0005603 secs]
45.369: Total time for which application threads were stopped: 0.0006918 seconds, Stopping threads took: 0.0000205 seconds
45.416: [GC (Allocation Failure)  75893K->693K(417792K), 0.0004345 secs]
45.417: Total time for which application threads were stopped: 0.0005776 seconds, Stopping threads took: 0.0000382 seconds
45.465: [GC (Allocation Failure)  74933K->725K(416768K), 0.0006123 secs]
45.466: Total time for which application threads were stopped: 0.0007345 seconds, Stopping threads took: 0.0000202 seconds
45.512: [GC (Allocation Failure)  73941K->661K(415744K), 0.0005211 secs]
45.513: Total time for which application threads were stopped: 0.0006398 seconds, Stopping threads took: 0.0000192 seconds
45.561: [GC (Allocation Failure)  72853K->661K(414720K), 0.0005836 secs]
45.562: Total time for which application threads were stopped: 0.0007015 seconds, Stopping threads took: 0.0000197 seconds
45.612: [GC (Allocation Failure)  71829K->693K(413696K), 0.0005804 secs]
45.613: Total time for which application threads were stopped: 0.0007167 seconds, Stopping threads took: 0.0000194 seconds
45.656: [GC (Allocation Failure)  70837K->693K(412672K), 0.0004926 secs]
45.657: Total time for which application threads were stopped: 0.0006201 seconds, Stopping threads took: 0.0000213 seconds
45.701: [GC (Allocation Failure)  69813K->693K(411648K), 0.0005107 secs]
45.701: Total time for which application threads were stopped: 0.0006584 seconds, Stopping threads took: 0.0000301 seconds
45.744: [GC (Allocation Failure)  68789K->693K(410624K), 0.0005348 secs]
45.745: Total time for which application threads were stopped: 0.0006833 seconds, Stopping threads took: 0.0000231 seconds
45.787: [GC (Allocation Failure)  67765K->629K(424448K), 0.0006272 secs]
45.788: Total time for which application threads were stopped: 0.0007926 seconds, Stopping threads took: 0.0000317 seconds
45.845: [GC (Allocation Failure)  81525K->693K(422912K), 0.0005734 secs]
45.846: Total time for which application threads were stopped: 0.0007229 seconds, Stopping threads took: 0.0000230 seconds
45.896: [GC (Allocation Failure)  80053K->661K(421888K), 0.0005276 secs]
45.897: Total time for which application threads were stopped: 0.0006776 seconds, Stopping threads took: 0.0000229 seconds
45.947: [GC (Allocation Failure)  78997K->661K(420864K), 0.0004000 secs]
45.947: Total time for which application threads were stopped: 0.0005456 seconds, Stopping threads took: 0.0000265 seconds
46.000: [GC (Allocation Failure)  77973K->725K(419840K), 0.0005363 secs]
46.001: Total time for which application threads were stopped: 0.0006701 seconds, Stopping threads took: 0.0000245 seconds
46.049: [GC (Allocation Failure)  77013K->757K(418816K), 0.0004612 secs]
46.049: Total time for which application threads were stopped: 0.0005827 seconds, Stopping threads took: 0.0000207 seconds
46.097: [GC (Allocation Failure)  76021K->661K(417792K), 0.0005327 secs]
46.097: Total time for which application threads were stopped: 0.0006444 seconds, Stopping threads took: 0.0000156 seconds
46.147: [GC (Allocation Failure)  74901K->629K(416768K), 0.0005477 secs]
46.148: Total time for which application threads were stopped: 0.0006904 seconds, Stopping threads took: 0.0000271 seconds
46.195: [GC (Allocation Failure)  73845K->629K(415744K), 0.0005705 secs]
46.196: Total time for which application threads were stopped: 0.0006716 seconds, Stopping threads took: 0.0000178 seconds
46.241: [GC (Allocation Failure)  72821K->629K(430592K), 0.0006256 secs]
46.242: Total time for which application threads were stopped: 0.0007588 seconds, Stopping threads took: 0.0000208 seconds
46.297: [GC (Allocation Failure)  87669K->629K(429056K), 0.0005376 secs]
46.298: Total time for which application threads were stopped: 0.0006756 seconds, Stopping threads took: 0.0000216 seconds
46.358: [GC (Allocation Failure)  86133K->661K(427520K), 0.0005797 secs]
46.358: Total time for which application threads were stopped: 0.0007223 seconds, Stopping threads took: 0.0000216 seconds
46.417: [GC (Allocation Failure)  84629K->725K(425984K), 0.0006298 secs]
46.417: Total time for which application threads were stopped: 0.0007707 seconds, Stopping threads took: 0.0000220 seconds
46.474: [GC (Allocation Failure)  83157K->661K(424448K), 0.0004151 secs]
46.474: Total time for which application threads were stopped: 0.0005390 seconds, Stopping threads took: 0.0000260 seconds
46.531: [GC (Allocation Failure)  81557K->693K(422912K), 0.0004996 secs]
46.531: Total time for which application threads were stopped: 0.0006421 seconds, Stopping threads took: 0.0000284 seconds
46.586: [GC (Allocation Failure)  80053K->693K(421888K), 0.0005061 secs]
46.587: Total time for which application threads were stopped: 0.0006265 seconds, Stopping threads took: 0.0000195 seconds
46.641: [GC (Allocation Failure)  79029K->693K(420864K), 0.0005766 secs]
46.642: Total time for which application threads were stopped: 0.0007142 seconds, Stopping threads took: 0.0000207 seconds
46.691: [GC (Allocation Failure)  78005K->693K(419840K), 0.0005402 secs]
46.692: Total time for which application threads were stopped: 0.0006789 seconds, Stopping threads took: 0.0000222 seconds
46.740: [GC (Allocation Failure)  76981K->693K(418816K), 0.0006619 secs]
46.741: Total time for which application threads were stopped: 0.0008093 seconds, Stopping threads took: 0.0000217 seconds
46.791: [GC (Allocation Failure)  75957K->661K(417792K), 0.0006626 secs]
46.791: Total time for which application threads were stopped: 0.0008066 seconds, Stopping threads took: 0.0000220 seconds
46.838: [GC (Allocation Failure)  74901K->629K(416768K), 0.0004292 secs]
46.839: Total time for which application threads were stopped: 0.0005630 seconds, Stopping threads took: 0.0000208 seconds
46.885: [GC (Allocation Failure)  73845K->661K(415744K), 0.0005007 secs]
46.885: Total time for which application threads were stopped: 0.0006478 seconds, Stopping threads took: 0.0000307 seconds
46.931: [GC (Allocation Failure)  72853K->661K(414720K), 0.0003997 secs]
46.931: Total time for which application threads were stopped: 0.0005214 seconds, Stopping threads took: 0.0000264 seconds
46.976: [GC (Allocation Failure)  71829K->725K(413696K), 0.0005277 secs]
46.977: Total time for which application threads were stopped: 0.0006545 seconds, Stopping threads took: 0.0000269 seconds
47.021: [GC (Allocation Failure)  70869K->661K(412672K), 0.0004756 secs]
47.021: Total time for which application threads were stopped: 0.0006041 seconds, Stopping threads took: 0.0000272 seconds
47.065: [GC (Allocation Failure)  69781K->725K(411648K), 0.0006173 secs]
47.065: Total time for which application threads were stopped: 0.0007371 seconds, Stopping threads took: 0.0000200 seconds
47.108: [GC (Allocation Failure)  68821K->661K(425472K), 0.0005980 secs]
47.109: Total time for which application threads were stopped: 0.0007242 seconds, Stopping threads took: 0.0000269 seconds
47.161: [GC (Allocation Failure)  82581K->693K(423936K), 0.0004447 secs]
47.161: Total time for which application threads were stopped: 0.0005866 seconds, Stopping threads took: 0.0000253 seconds
47.212: [GC (Allocation Failure)  81077K->661K(422400K), 0.0004733 secs]
47.213: Total time for which application threads were stopped: 0.0006085 seconds, Stopping threads took: 0.0000195 seconds
47.262: [GC (Allocation Failure)  79509K->693K(421376K), 0.0005673 secs]
47.263: Total time for which application threads were stopped: 0.0006862 seconds, Stopping threads took: 0.0000193 seconds
47.317: [GC (Allocation Failure)  78517K->629K(420352K), 0.0006393 secs]
47.317: Total time for which application threads were stopped: 0.0007633 seconds, Stopping threads took: 0.0000190 seconds
47.366: [GC (Allocation Failure)  77429K->693K(419328K), 0.0004771 secs]
47.366: Total time for which application threads were stopped: 0.0006014 seconds, Stopping threads took: 0.0000204 seconds
47.414: [GC (Allocation Failure)  76469K->757K(418304K), 0.0005397 secs]
47.414: Total time for which application threads were stopped: 0.0006787 seconds, Stopping threads took: 0.0000207 seconds
47.462: [GC (Allocation Failure)  75509K->629K(417280K), 0.0005226 secs]
47.463: Total time for which application threads were stopped: 0.0006534 seconds, Stopping threads took: 0.0000253 seconds
47.514: [GC (Allocation Failure)  74357K->661K(416256K), 0.0004984 secs]
47.515: Total time for which application threads were stopped: 0.0006411 seconds, Stopping threads took: 0.0000216 seconds
47.561: [GC (Allocation Failure)  73365K->629K(415232K), 0.0004438 secs]
47.561: Total time for which application threads were stopped: 0.0005767 seconds, Stopping threads took: 0.0000293 seconds
47.612: [GC (Allocation Failure)  72309K->661K(414208K), 0.0004739 secs]
47.612: Total time for which application threads were stopped: 0.0005980 seconds, Stopping threads took: 0.0000200 seconds
47.657: [GC (Allocation Failure)  71317K->693K(413184K), 0.0005829 secs]
47.657: Total time for which application threads were stopped: 0.0007216 seconds, Stopping threads took: 0.0000221 seconds
47.701: [GC (Allocation Failure)  70325K->661K(427520K), 0.0007164 secs]
47.702: Total time for which application threads were stopped: 0.0008671 seconds, Stopping threads took: 0.0000304 seconds
47.755: [GC (Allocation Failure)  84629K->629K(425984K), 0.0004488 secs]
47.755: Total time for which application threads were stopped: 0.0005719 seconds, Stopping threads took: 0.0000216 seconds
47.812: [GC (Allocation Failure)  83061K->693K(424448K), 0.0006411 secs]
47.812: Total time for which application threads were stopped: 0.0007777 seconds, Stopping threads took: 0.0000204 seconds
47.867: [GC (Allocation Failure)  81589K->661K(422912K), 0.0005147 secs]
47.868: Total time for which application threads were stopped: 0.0006532 seconds, Stopping threads took: 0.0000209 seconds
47.917: [GC (Allocation Failure)  80021K->725K(421888K), 0.0005634 secs]
47.918: Total time for which application threads were stopped: 0.0006920 seconds, Stopping threads took: 0.0000220 seconds
47.968: [GC (Allocation Failure)  79061K->725K(420864K), 0.0004708 secs]
47.969: Total time for which application threads were stopped: 0.0005930 seconds, Stopping threads took: 0.0000258 seconds
48.017: [GC (Allocation Failure)  78037K->693K(419840K), 0.0005449 secs]
48.018: Total time for which application threads were stopped: 0.0006611 seconds, Stopping threads took: 0.0000188 seconds
48.066: [GC (Allocation Failure)  76981K->629K(418816K), 0.0005943 secs]
48.067: Total time for which application threads were stopped: 0.0007104 seconds, Stopping threads took: 0.0000191 seconds
48.119: [GC (Allocation Failure)  75893K->693K(434176K), 0.0007201 secs]
48.120: Total time for which application threads were stopped: 0.0008749 seconds, Stopping threads took: 0.0000206 seconds
48.181: [GC (Allocation Failure)  91317K->693K(432640K), 0.0005306 secs]
48.182: Total time for which application threads were stopped: 0.0006582 seconds, Stopping threads took: 0.0000269 seconds
48.242: [GC (Allocation Failure)  89781K->661K(431104K), 0.0004776 secs]
48.242: Total time for which application threads were stopped: 0.0006037 seconds, Stopping threads took: 0.0000206 seconds
48.302: [GC (Allocation Failure)  88213K->693K(429568K), 0.0004770 secs]
48.303: Total time for which application threads were stopped: 0.0006048 seconds, Stopping threads took: 0.0000274 seconds
48.356: [GC (Allocation Failure)  86709K->693K(428032K), 0.0004908 secs]
48.357: Total time for which application threads were stopped: 0.0006104 seconds, Stopping threads took: 0.0000201 seconds
48.410: [GC (Allocation Failure)  85173K->725K(426496K), 0.0004750 secs]
48.410: Total time for which application threads were stopped: 0.0005913 seconds, Stopping threads took: 0.0000195 seconds
48.465: [GC (Allocation Failure)  83669K->661K(424960K), 0.0004202 secs]
48.465: Total time for which application threads were stopped: 0.0005461 seconds, Stopping threads took: 0.0000255 seconds
48.520: [GC (Allocation Failure)  82069K->661K(423424K), 0.0004792 secs]
48.521: Total time for which application threads were stopped: 0.0006134 seconds, Stopping threads took: 0.0000252 seconds
48.576: [GC (Allocation Failure)  80533K->725K(422400K), 0.0004484 secs]
48.576: Total time for which application threads were stopped: 0.0005689 seconds, Stopping threads took: 0.0000203 seconds
48.626: [GC (Allocation Failure)  79573K->661K(421376K), 0.0004695 secs]
48.627: Total time for which application threads were stopped: 0.0005890 seconds, Stopping threads took: 0.0000190 seconds
48.676: [GC (Allocation Failure)  78485K->661K(420352K), 0.0004754 secs]
48.676: Total time for which application threads were stopped: 0.0005953 seconds, Stopping threads took: 0.0000192 seconds
48.730: [GC (Allocation Failure)  77461K->661K(419328K), 0.0004959 secs]
48.731: Total time for which application threads were stopped: 0.0006318 seconds, Stopping threads took: 0.0000192 seconds
48.783: [GC (Allocation Failure)  76437K->693K(418304K), 0.0004703 secs]
48.784: Total time for which application threads were stopped: 0.0007554 seconds, Stopping threads took: 0.0000210 seconds
48.830: [GC (Allocation Failure)  75445K->661K(417280K), 0.0004725 secs]
48.831: Total time for which application threads were stopped: 0.0005977 seconds, Stopping threads took: 0.0000270 seconds
48.877: [GC (Allocation Failure)  74389K->693K(416256K), 0.0004861 secs]
48.878: Total time for which application threads were stopped: 0.0006117 seconds, Stopping threads took: 0.0000275 seconds
48.923: [GC (Allocation Failure)  73397K->693K(415232K), 0.0004923 secs]
48.924: Total time for which application threads were stopped: 0.0006112 seconds, Stopping threads took: 0.0000188 seconds
48.969: [GC (Allocation Failure)  72373K->661K(414208K), 0.0005388 secs]
48.970: Total time for which application threads were stopped: 0.0006631 seconds, Stopping threads took: 0.0000272 seconds
49.014: [GC (Allocation Failure)  71317K->661K(413184K), 0.0005597 secs]
49.015: Total time for which application threads were stopped: 0.0006771 seconds, Stopping threads took: 0.0000193 seconds
49.065: [GC (Allocation Failure)  70293K->693K(412160K), 0.0006243 secs]
49.065: Total time for which application threads were stopped: 0.0007406 seconds, Stopping threads took: 0.0000191 seconds
49.109: [GC (Allocation Failure)  69301K->661K(411136K), 0.0004912 secs]
49.109: Total time for which application threads were stopped: 0.0006149 seconds, Stopping threads took: 0.0000189 seconds
49.156: [GC (Allocation Failure)  68245K->661K(410112K), 0.0005024 secs]
49.157: Total time for which application threads were stopped: 0.0006336 seconds, Stopping threads took: 0.0000194 seconds
49.202: [GC (Allocation Failure)  67221K->629K(423424K), 0.0006307 secs]
49.202: Total time for which application threads were stopped: 0.0007688 seconds, Stopping threads took: 0.0000207 seconds
49.257: [GC (Allocation Failure)  80501K->661K(422400K), 0.0005100 secs]
49.258: Total time for which application threads were stopped: 0.0006536 seconds, Stopping threads took: 0.0000213 seconds
49.307: [GC (Allocation Failure)  79509K->661K(438272K), 0.0006684 secs]
49.308: Total time for which application threads were stopped: 0.0007951 seconds, Stopping threads took: 0.0000215 seconds
49.374: [GC (Allocation Failure)  95381K->725K(436736K), 0.0005850 secs]
49.374: Total time for which application threads were stopped: 0.0007019 seconds, Stopping threads took: 0.0000191 seconds
49.433: [GC (Allocation Failure)  93909K->693K(435200K), 0.0004428 secs]
49.433: Total time for which application threads were stopped: 0.0005716 seconds, Stopping threads took: 0.0000257 seconds
49.491: [GC (Allocation Failure)  92341K->661K(433664K), 0.0004980 secs]
49.491: Total time for which application threads were stopped: 0.0006161 seconds, Stopping threads took: 0.0000194 seconds
49.548: [GC (Allocation Failure)  90773K->661K(432128K), 0.0004711 secs]
49.549: Total time for which application threads were stopped: 0.0005981 seconds, Stopping threads took: 0.0000276 seconds
49.608: [GC (Allocation Failure)  89237K->661K(430592K), 0.0005105 secs]
49.608: Total time for which application threads were stopped: 0.0006599 seconds, Stopping threads took: 0.0000293 seconds
49.669: [GC (Allocation Failure)  87701K->661K(429056K), 0.0007473 secs]
49.669: Total time for which application threads were stopped: 0.0008896 seconds, Stopping threads took: 0.0000285 seconds
49.726: [GC (Allocation Failure)  86165K->725K(427520K), 0.0006197 secs]
49.726: Total time for which application threads were stopped: 0.0007597 seconds, Stopping threads took: 0.0000214 seconds
49.779: [GC (Allocation Failure)  84693K->693K(425984K), 0.0005544 secs]
49.780: Total time for which application threads were stopped: 0.0006780 seconds, Stopping threads took: 0.0000235 seconds
49.831: [GC (Allocation Failure)  83125K->661K(424448K), 0.0005290 secs]
49.832: Total time for which application threads were stopped: 0.0006573 seconds, Stopping threads took: 0.0000312 seconds
49.886: [GC (Allocation Failure)  81557K->725K(422912K), 0.0004061 secs]
49.886: Total time for which application threads were stopped: 0.0005123 seconds, Stopping threads took: 0.0000172 seconds
49.937: [GC (Allocation Failure)  80085K->661K(421888K), 0.0004420 secs]
49.937: Total time for which application threads were stopped: 0.0005630 seconds, Stopping threads took: 0.0000261 seconds
49.990: [GC (Allocation Failure)  78997K->661K(420864K), 0.0005209 secs]
49.991: Total time for which application threads were stopped: 0.0006403 seconds, Stopping threads took: 0.0000185 seconds
50.044: [GC (Allocation Failure)  77973K->693K(419840K), 0.0004609 secs]
50.044: Total time for which application threads were stopped: 0.0005837 seconds, Stopping threads took: 0.0000210 seconds
50.098: [GC (Allocation Failure)  76981K->661K(418816K), 0.0005733 secs]
50.099: Total time for which application threads were stopped: 0.0006851 seconds, Stopping threads took: 0.0000170 seconds
50.146: [GC (Allocation Failure)  75925K->693K(417792K), 0.0005116 secs]
50.147: Total time for which application threads were stopped: 0.0006579 seconds, Stopping threads took: 0.0000190 seconds
50.198: [GC (Allocation Failure)  74933K->661K(416768K), 0.0004774 secs]
50.199: Total time for which application threads were stopped: 0.0005919 seconds, Stopping threads took: 0.0000193 seconds
50.245: [GC (Allocation Failure)  73877K->693K(415744K), 0.0005318 secs]
50.246: Total time for which application threads were stopped: 0.0006561 seconds, Stopping threads took: 0.0000200 seconds
50.291: [GC (Allocation Failure)  72885K->629K(414720K), 0.0004937 secs]
50.292: Total time for which application threads were stopped: 0.0006139 seconds, Stopping threads took: 0.0000191 seconds
50.342: [GC (Allocation Failure)  71797K->661K(413696K), 0.0005734 secs]
50.343: Total time for which application threads were stopped: 0.0006913 seconds, Stopping threads took: 0.0000191 seconds
50.387: [GC (Allocation Failure)  70805K->757K(412672K), 0.0005052 secs]
50.388: Total time for which application threads were stopped: 0.0006325 seconds, Stopping threads took: 0.0000272 seconds
50.435: [GC (Allocation Failure)  69877K->661K(411648K), 0.0004352 secs]
50.436: Total time for which application threads were stopped: 0.0005588 seconds, Stopping threads took: 0.0000196 seconds
50.479: [GC (Allocation Failure)  68757K->661K(410624K), 0.0004342 secs]
50.480: Total time for which application threads were stopped: 0.0005573 seconds, Stopping threads took: 0.0000192 seconds
50.522: [GC (Allocation Failure)  67733K->693K(409600K), 0.0004924 secs]
50.522: Total time for which application threads were stopped: 0.0006272 seconds, Stopping threads took: 0.0000291 seconds
50.564: [GC (Allocation Failure)  66741K->725K(408576K), 0.0005226 secs]
50.564: Total time for which application threads were stopped: 0.0006589 seconds, Stopping threads took: 0.0000215 seconds
50.605: [GC (Allocation Failure)  65749K->693K(407552K), 0.0005643 secs]
50.606: Total time for which application threads were stopped: 0.0007144 seconds, Stopping threads took: 0.0000300 seconds
50.646: [GC (Allocation Failure)  64693K->693K(420352K), 0.0005909 secs]
50.647: Total time for which application threads were stopped: 0.0007373 seconds, Stopping threads took: 0.0000230 seconds
50.695: [GC (Allocation Failure)  77493K->725K(435712K), 0.0005694 secs]
50.696: Total time for which application threads were stopped: 0.0007099 seconds, Stopping threads took: 0.0000224 seconds
50.753: [GC (Allocation Failure)  92885K->661K(434176K), 0.0005310 secs]
50.754: Total time for which application threads were stopped: 0.0006771 seconds, Stopping threads took: 0.0000301 seconds
50.811: [GC (Allocation Failure)  91285K->661K(432640K), 0.0005796 secs]
50.811: Total time for which application threads were stopped: 0.0007437 seconds, Stopping threads took: 0.0000222 seconds
50.867: [GC (Allocation Failure)  89749K->725K(431104K), 0.0005517 secs]
50.868: Total time for which application threads were stopped: 0.0007108 seconds, Stopping threads took: 0.0000303 seconds
50.929: [GC (Allocation Failure)  88277K->661K(429568K), 0.0003941 secs]
50.930: Total time for which application threads were stopped: 0.0005289 seconds, Stopping threads took: 0.0000252 seconds
50.984: [GC (Allocation Failure)  86677K->629K(428032K), 0.0004467 secs]
50.984: Total time for which application threads were stopped: 0.0005894 seconds, Stopping threads took: 0.0000255 seconds
51.043: [GC (Allocation Failure)  85109K->693K(426496K), 0.0005929 secs]
51.044: Total time for which application threads were stopped: 0.0007318 seconds, Stopping threads took: 0.0000369 seconds
51.096: [GC (Allocation Failure)  83637K->757K(424960K), 0.0004964 secs]
51.097: Total time for which application threads were stopped: 0.0006128 seconds, Stopping threads took: 0.0000191 seconds
51.154: [GC (Allocation Failure)  82165K->629K(423424K), 0.0005464 secs]
51.154: Total time for which application threads were stopped: 0.0006958 seconds, Stopping threads took: 0.0000251 seconds
51.208: [GC (Allocation Failure)  80501K->661K(422400K), 0.0006070 secs]
51.208: Total time for which application threads were stopped: 0.0007258 seconds, Stopping threads took: 0.0000182 seconds
51.258: [GC (Allocation Failure)  79509K->661K(421376K), 0.0006057 secs]
51.259: Total time for which application threads were stopped: 0.0007453 seconds, Stopping threads took: 0.0000215 seconds
51.307: [GC (Allocation Failure)  78485K->693K(420352K), 0.0006502 secs]
51.308: Total time for which application threads were stopped: 0.0007866 seconds, Stopping threads took: 0.0000199 seconds
51.356: [GC (Allocation Failure)  77493K->693K(419328K), 0.0004626 secs]
51.357: Total time for which application threads were stopped: 0.0005868 seconds, Stopping threads took: 0.0000201 seconds
51.404: [GC (Allocation Failure)  76469K->661K(434688K), 0.0006794 secs]
51.405: Total time for which application threads were stopped: 0.0008092 seconds, Stopping threads took: 0.0000281 seconds
51.462: [GC (Allocation Failure)  91797K->725K(433152K), 0.0004899 secs]
51.463: Total time for which application threads were stopped: 0.0006196 seconds, Stopping threads took: 0.0000211 seconds
51.519: [GC (Allocation Failure)  90325K->661K(431616K), 0.0005778 secs]
51.520: Total time for which application threads were stopped: 0.0007059 seconds, Stopping threads took: 0.0000282 seconds
51.576: [GC (Allocation Failure)  88725K->693K(430080K), 0.0004814 secs]
51.576: Total time for which application threads were stopped: 0.0006072 seconds, Stopping threads took: 0.0000268 seconds
51.630: [GC (Allocation Failure)  87221K->629K(428544K), 0.0005557 secs]
51.631: Total time for which application threads were stopped: 0.0006757 seconds, Stopping threads took: 0.0000196 seconds
51.690: [GC (Allocation Failure)  85621K->693K(427008K), 0.0006258 secs]
51.691: Total time for which application threads were stopped: 0.0007405 seconds, Stopping threads took: 0.0000186 seconds
51.743: [GC (Allocation Failure)  84149K->661K(425472K), 0.0004886 secs]
51.744: Total time for which application threads were stopped: 0.0006208 seconds, Stopping threads took: 0.0000194 seconds
51.803: [GC (Allocation Failure)  82581K->693K(423936K), 0.0004691 secs]
51.803: Total time for which application threads were stopped: 0.0005971 seconds, Stopping threads took: 0.0000276 seconds
51.860: [GC (Allocation Failure)  81077K->757K(422400K), 0.0004684 secs]
51.860: Total time for which application threads were stopped: 0.0005851 seconds, Stopping threads took: 0.0000188 seconds
51.910: [GC (Allocation Failure)  79605K->629K(421376K), 0.0005334 secs]
51.910: Total time for which application threads were stopped: 0.0006521 seconds, Stopping threads took: 0.0000193 seconds
51.960: [GC (Allocation Failure)  78453K->661K(420352K), 0.0004708 secs]
51.961: Total time for which application threads were stopped: 0.0005923 seconds, Stopping threads took: 0.0000189 seconds
52.009: [GC (Allocation Failure)  77461K->629K(419328K), 0.0005349 secs]
52.010: Total time for which application threads were stopped: 0.0006690 seconds, Stopping threads took: 0.0000189 seconds
52.063: [GC (Allocation Failure)  76405K->693K(418304K), 0.0006969 secs]
52.064: Total time for which application threads were stopped: 0.0008486 seconds, Stopping threads took: 0.0000227 seconds
52.111: [GC (Allocation Failure)  75445K->661K(417280K), 0.0005107 secs]
52.111: Total time for which application threads were stopped: 0.0006818 seconds, Stopping threads took: 0.0000294 seconds
52.164: [GC (Allocation Failure)  74389K->629K(432128K), 0.0022684 secs]
52.167: Total time for which application threads were stopped: 0.0023901 seconds, Stopping threads took: 0.0000259 seconds
52.223: [GC (Allocation Failure)  89205K->693K(450048K), 0.0006258 secs]
52.223: Total time for which application threads were stopped: 0.0007625 seconds, Stopping threads took: 0.0000196 seconds
52.296: [GC (Allocation Failure)  107189K->725K(471552K), 0.0005477 secs]
52.297: Total time for which application threads were stopped: 0.0006687 seconds, Stopping threads took: 0.0000196 seconds
52.377: [GC (Allocation Failure)  128725K->725K(497152K), 0.0004729 secs]
52.377: Total time for which application threads were stopped: 0.0005945 seconds, Stopping threads took: 0.0000202 seconds
52.474: [GC (Allocation Failure)  154325K->661K(493056K), 0.0005480 secs]
52.475: Total time for which application threads were stopped: 0.0006669 seconds, Stopping threads took: 0.0000191 seconds
52.574: [GC (Allocation Failure)  150165K->693K(489472K), 0.0005599 secs]
52.574: Total time for which application threads were stopped: 0.0006808 seconds, Stopping threads took: 0.0000202 seconds
52.665: [GC (Allocation Failure)  146613K->629K(485888K), 0.0006173 secs]
52.666: Total time for which application threads were stopped: 0.0007486 seconds, Stopping threads took: 0.0000191 seconds
52.760: [GC (Allocation Failure)  142965K->629K(482304K), 0.0005380 secs]
52.761: Total time for which application threads were stopped: 0.0006672 seconds, Stopping threads took: 0.0000195 seconds
52.853: [GC (Allocation Failure)  139381K->725K(478720K), 0.0004640 secs]
52.853: Total time for which application threads were stopped: 0.0005729 seconds, Stopping threads took: 0.0000200 seconds
52.944: [GC (Allocation Failure)  135893K->757K(475648K), 0.0004814 secs]
52.944: Total time for which application threads were stopped: 0.0006026 seconds, Stopping threads took: 0.0000263 seconds
53.033: [GC (Allocation Failure)  132853K->725K(472576K), 0.0004875 secs]
53.033: Total time for which application threads were stopped: 0.0006054 seconds, Stopping threads took: 0.0000200 seconds
53.120: [GC (Allocation Failure)  129749K->661K(469504K), 0.0005095 secs]
53.121: Total time for which application threads were stopped: 0.0006563 seconds, Stopping threads took: 0.0000294 seconds
53.203: [GC (Allocation Failure)  126613K->757K(466432K), 0.0004883 secs]
53.204: Total time for which application threads were stopped: 0.0006088 seconds, Stopping threads took: 0.0000201 seconds
53.280: [GC (Allocation Failure)  123637K->693K(463872K), 0.0005261 secs]
53.281: Total time for which application threads were stopped: 0.0006686 seconds, Stopping threads took: 0.0000297 seconds
53.356: [GC (Allocation Failure)  121013K->661K(461312K), 0.0004753 secs]
53.357: Total time for which application threads were stopped: 0.0006020 seconds, Stopping threads took: 0.0000277 seconds
53.437: [GC (Allocation Failure)  118421K->725K(458752K), 0.0006202 secs]
53.438: Total time for which application threads were stopped: 0.0007500 seconds, Stopping threads took: 0.0000254 seconds
53.510: [GC (Allocation Failure)  115925K->693K(456192K), 0.0004026 secs]
53.511: Total time for which application threads were stopped: 0.0005094 seconds, Stopping threads took: 0.0000164 seconds
53.582: [GC (Allocation Failure)  113333K->629K(453632K), 0.0005605 secs]
53.582: Total time for which application threads were stopped: 0.0006895 seconds, Stopping threads took: 0.0000276 seconds
53.652: [GC (Allocation Failure)  110709K->693K(451584K), 0.0006609 secs]
53.652: Total time for which application threads were stopped: 0.0007968 seconds, Stopping threads took: 0.0000214 seconds
53.720: [GC (Allocation Failure)  108725K->661K(449536K), 0.0004787 secs]
53.721: Total time for which application threads were stopped: 0.0006072 seconds, Stopping threads took: 0.0000193 seconds
53.793: [GC (Allocation Failure)  106645K->629K(447488K), 0.0005405 secs]
53.793: Total time for which application threads were stopped: 0.0006785 seconds, Stopping threads took: 0.0000215 seconds
53.861: [GC (Allocation Failure)  104565K->693K(445440K), 0.0006018 secs]
53.862: Total time for which application threads were stopped: 0.0007424 seconds, Stopping threads took: 0.0000213 seconds
53.931: [GC (Allocation Failure)  102581K->693K(443392K), 0.0005153 secs]
53.932: Total time for which application threads were stopped: 0.0006776 seconds, Stopping threads took: 0.0000197 seconds
53.999: [GC (Allocation Failure)  100533K->693K(441344K), 0.0004370 secs]
53.999: Total time for which application threads were stopped: 0.0005719 seconds, Stopping threads took: 0.0000288 seconds
54.061: [GC (Allocation Failure)  98485K->629K(439296K), 0.0006315 secs]
54.061: Total time for which application threads were stopped: 0.0007670 seconds, Stopping threads took: 0.0000253 seconds
54.121: [GC (Allocation Failure)  96373K->725K(437760K), 0.0005796 secs]
54.122: Total time for which application threads were stopped: 0.0007091 seconds, Stopping threads took: 0.0000284 seconds
54.187: [GC (Allocation Failure)  94933K->629K(436224K), 0.0006084 secs]
54.188: Total time for which application threads were stopped: 0.0007341 seconds, Stopping threads took: 0.0000269 seconds
54.252: [GC (Allocation Failure)  93301K->693K(434688K), 0.0005267 secs]
54.252: Total time for which application threads were stopped: 0.0006442 seconds, Stopping threads took: 0.0000187 seconds
54.315: [GC (Allocation Failure)  91829K->661K(433152K), 0.0005501 secs]
54.316: Total time for which application threads were stopped: 0.0007033 seconds, Stopping threads took: 0.0000202 seconds
54.375: [GC (Allocation Failure)  90261K->693K(431616K), 0.0005985 secs]
54.376: Total time for which application threads were stopped: 0.0007719 seconds, Stopping threads took: 0.0000583 seconds
54.437: [GC (Allocation Failure)  88757K->693K(430080K), 0.0005086 secs]
54.438: Total time for which application threads were stopped: 0.0006471 seconds, Stopping threads took: 0.0000206 seconds
54.498: [GC (Allocation Failure)  87221K->693K(428544K), 0.0005323 secs]
54.498: Total time for which application threads were stopped: 0.0006658 seconds, Stopping threads took: 0.0000215 seconds
54.552: [GC (Allocation Failure)  85685K->661K(427008K), 0.0004999 secs]
54.552: Total time for which application threads were stopped: 0.0006269 seconds, Stopping threads took: 0.0000274 seconds
54.605: [GC (Allocation Failure)  84117K->629K(425472K), 0.0005002 secs]
54.605: Total time for which application threads were stopped: 0.0006508 seconds, Stopping threads took: 0.0000289 seconds
54.656: [GC (Allocation Failure)  82549K->693K(423936K), 0.0004631 secs]
54.657: Total time for which application threads were stopped: 0.0005908 seconds, Stopping threads took: 0.0000222 seconds
54.707: [GC (Allocation Failure)  81077K->757K(422400K), 0.0005537 secs]
54.708: Total time for which application threads were stopped: 0.0006702 seconds, Stopping threads took: 0.0000187 seconds
54.757: [GC (Allocation Failure)  79605K->693K(421376K), 0.0005256 secs]
54.758: Total time for which application threads were stopped: 0.0006557 seconds, Stopping threads took: 0.0000193 seconds
54.807: [GC (Allocation Failure)  78517K->725K(420352K), 0.0007303 secs]
54.807: Total time for which application threads were stopped: 0.0008638 seconds, Stopping threads took: 0.0000210 seconds
54.856: [GC (Allocation Failure)  77525K->693K(419328K), 0.0005361 secs]
54.856: Total time for which application threads were stopped: 0.0006795 seconds, Stopping threads took: 0.0000225 seconds
54.904: [GC (Allocation Failure)  76469K->757K(418304K), 0.0005299 secs]
54.904: Total time for which application threads were stopped: 0.0006650 seconds, Stopping threads took: 0.0000213 seconds
54.952: [GC (Allocation Failure)  75509K->725K(417280K), 0.0004813 secs]
54.952: Total time for which application threads were stopped: 0.0006232 seconds, Stopping threads took: 0.0000196 seconds
55.004: [GC (Allocation Failure)  74453K->597K(416256K), 0.0004934 secs]
55.005: Total time for which application threads were stopped: 0.0006231 seconds, Stopping threads took: 0.0000294 seconds
55.050: [GC (Allocation Failure)  73301K->629K(415232K), 0.0005428 secs]
55.051: Total time for which application threads were stopped: 0.0006498 seconds, Stopping threads took: 0.0000171 seconds
55.099: [GC (Allocation Failure)  72309K->629K(429568K), 0.0007406 secs]
55.100: Total time for which application threads were stopped: 0.0008515 seconds, Stopping threads took: 0.0000170 seconds
55.158: [GC (Allocation Failure)  86645K->725K(428032K), 0.0005322 secs]
55.158: Total time for which application threads were stopped: 0.0006660 seconds, Stopping threads took: 0.0000283 seconds
55.212: [GC (Allocation Failure)  85205K->693K(426496K), 0.0004451 secs]
55.212: Total time for which application threads were stopped: 0.0005581 seconds, Stopping threads took: 0.0000173 seconds
55.264: [GC (Allocation Failure)  83637K->693K(424960K), 0.0005031 secs]
55.265: Total time for which application threads were stopped: 0.0006234 seconds, Stopping threads took: 0.0000193 seconds
55.316: [GC (Allocation Failure)  82101K->693K(423424K), 0.0006167 secs]
55.316: Total time for which application threads were stopped: 0.0007524 seconds, Stopping threads took: 0.0000200 seconds
55.371: [GC (Allocation Failure)  80565K->661K(422400K), 0.0004542 secs]
55.372: Total time for which application threads were stopped: 0.0005781 seconds, Stopping threads took: 0.0000196 seconds
55.422: [GC (Allocation Failure)  79509K->629K(421376K), 0.0006774 secs]
55.422: Total time for which application threads were stopped: 0.0008093 seconds, Stopping threads took: 0.0000199 seconds
55.477: [GC (Allocation Failure)  78453K->725K(420352K), 0.0005346 secs]
55.478: Total time for which application threads were stopped: 0.0006868 seconds, Stopping threads took: 0.0000220 seconds
55.533: [GC (Allocation Failure)  77525K->693K(419328K), 0.0005651 secs]
55.533: Total time for which application threads were stopped: 0.0007210 seconds, Stopping threads took: 0.0000230 seconds
55.581: [GC (Allocation Failure)  76469K->661K(418304K), 0.0005150 secs]
55.582: Total time for which application threads were stopped: 0.0006441 seconds, Stopping threads took: 0.0000273 seconds
55.629: [GC (Allocation Failure)  75413K->725K(417280K), 0.0004700 secs]
55.629: Total time for which application threads were stopped: 0.0005877 seconds, Stopping threads took: 0.0000193 seconds
55.675: [GC (Allocation Failure)  74453K->725K(416256K), 0.0004578 secs]
55.676: Total time for which application threads were stopped: 0.0005732 seconds, Stopping threads took: 0.0000188 seconds
55.722: [GC (Allocation Failure)  73429K->693K(415232K), 0.0005251 secs]
55.722: Total time for which application threads were stopped: 0.0006512 seconds, Stopping threads took: 0.0000274 seconds
55.767: [GC (Allocation Failure)  72373K->693K(414208K), 0.0004910 secs]
55.768: Total time for which application threads were stopped: 0.0006177 seconds, Stopping threads took: 0.0000272 seconds
55.812: [GC (Allocation Failure)  71349K->629K(413184K), 0.0005822 secs]
55.813: Total time for which application threads were stopped: 0.0007020 seconds, Stopping threads took: 0.0000195 seconds
55.862: [GC (Allocation Failure)  70261K->693K(412160K), 0.0004604 secs]
55.863: Total time for which application threads were stopped: 0.0005765 seconds, Stopping threads took: 0.0000193 seconds
55.906: [GC (Allocation Failure)  69301K->725K(411136K), 0.0004857 secs]
55.906: Total time for which application threads were stopped: 0.0006051 seconds, Stopping threads took: 0.0000196 seconds
55.950: [GC (Allocation Failure)  68309K->661K(410112K), 0.0004732 secs]
55.950: Total time for which application threads were stopped: 0.0006042 seconds, Stopping threads took: 0.0000264 seconds
55.996: [GC (Allocation Failure)  67221K->661K(409088K), 0.0004551 secs]
55.997: Total time for which application threads were stopped: 0.0005666 seconds, Stopping threads took: 0.0000165 seconds
56.038: [GC (Allocation Failure)  66197K->725K(408064K), 0.0006462 secs]
56.039: Total time for which application threads were stopped: 0.0007669 seconds, Stopping threads took: 0.0000191 seconds
56.084: [GC (Allocation Failure)  65237K->629K(421376K), 0.0006002 secs]
56.085: Total time for which application threads were stopped: 0.0007367 seconds, Stopping threads took: 0.0000205 seconds
56.134: [GC (Allocation Failure)  78453K->725K(437248K), 0.0005303 secs]
56.134: Total time for which application threads were stopped: 0.0006764 seconds, Stopping threads took: 0.0000227 seconds
56.194: [GC (Allocation Failure)  94421K->725K(435712K), 0.0004640 secs]
56.194: Total time for which application threads were stopped: 0.0005917 seconds, Stopping threads took: 0.0000277 seconds
56.257: [GC (Allocation Failure)  92885K->661K(434176K), 0.0005553 secs]
56.258: Total time for which application threads were stopped: 0.0006909 seconds, Stopping threads took: 0.0000215 seconds
56.322: [GC (Allocation Failure)  91285K->725K(432640K), 0.0005086 secs]
56.322: Total time for which application threads were stopped: 0.0006584 seconds, Stopping threads took: 0.0000212 seconds
56.378: [GC (Allocation Failure)  89813K->661K(431104K), 0.0005094 secs]
56.379: Total time for which application threads were stopped: 0.0006545 seconds, Stopping threads took: 0.0000219 seconds
56.434: [GC (Allocation Failure)  88213K->661K(429568K), 0.0004920 secs]
56.435: Total time for which application threads were stopped: 0.0006310 seconds, Stopping threads took: 0.0000205 seconds
56.492: [GC (Allocation Failure)  86677K->725K(428032K), 0.0004566 secs]
56.493: Total time for which application threads were stopped: 0.0005856 seconds, Stopping threads took: 0.0000259 seconds
56.550: [GC (Allocation Failure)  85205K->693K(426496K), 0.0005953 secs]
56.550: Total time for which application threads were stopped: 0.0007316 seconds, Stopping threads took: 0.0000195 seconds
56.603: [GC (Allocation Failure)  83637K->661K(424960K), 0.0005639 secs]
56.604: Total time for which application threads were stopped: 0.0006910 seconds, Stopping threads took: 0.0000272 seconds
56.655: [GC (Allocation Failure)  82069K->661K(423424K), 0.0005336 secs]
56.655: Total time for which application threads were stopped: 0.0006597 seconds, Stopping threads took: 0.0000280 seconds
56.712: [GC (Allocation Failure)  80533K->693K(422400K), 0.0004668 secs]
56.712: Total time for which application threads were stopped: 0.0005926 seconds, Stopping threads took: 0.0000260 seconds
56.768: [GC (Allocation Failure)  79541K->693K(421376K), 0.0005736 secs]
56.768: Total time for which application threads were stopped: 0.0007191 seconds, Stopping threads took: 0.0000211 seconds
56.818: [GC (Allocation Failure)  78517K->725K(420352K), 0.0004683 secs]
56.818: Total time for which application threads were stopped: 0.0005889 seconds, Stopping threads took: 0.0000191 seconds
56.866: [GC (Allocation Failure)  77525K->629K(419328K), 0.0006879 secs]
56.867: Total time for which application threads were stopped: 0.0008197 seconds, Stopping threads took: 0.0000210 seconds
56.915: [GC (Allocation Failure)  76405K->693K(418304K), 0.0005506 secs]
56.916: Total time for which application threads were stopped: 0.0006905 seconds, Stopping threads took: 0.0000223 seconds
56.963: [GC (Allocation Failure)  75445K->757K(417280K), 0.0004959 secs]
56.964: Total time for which application threads were stopped: 0.0006216 seconds, Stopping threads took: 0.0000200 seconds
57.017: [GC (Allocation Failure)  74485K->693K(416256K), 0.0005468 secs]
57.017: Total time for which application threads were stopped: 0.0006743 seconds, Stopping threads took: 0.0000190 seconds
57.063: [GC (Allocation Failure)  73397K->661K(415232K), 0.0004878 secs]
57.063: Total time for which application threads were stopped: 0.0006176 seconds, Stopping threads took: 0.0000201 seconds
57.115: [GC (Allocation Failure)  72341K->661K(414208K), 0.0004816 secs]
57.115: Total time for which application threads were stopped: 0.0006075 seconds, Stopping threads took: 0.0000192 seconds
57.160: [GC (Allocation Failure)  71317K->693K(413184K), 0.0004741 secs]
57.161: Total time for which application threads were stopped: 0.0006178 seconds, Stopping threads took: 0.0000248 seconds
57.205: [GC (Allocation Failure)  70325K->693K(412160K), 0.0004661 secs]
57.205: Total time for which application threads were stopped: 0.0006062 seconds, Stopping threads took: 0.0000278 seconds
57.254: [GC (Allocation Failure)  69301K->693K(411136K), 0.0005257 secs]
57.255: Total time for which application threads were stopped: 0.0006565 seconds, Stopping threads took: 0.0000204 seconds
57.297: [GC (Allocation Failure)  68277K->629K(410112K), 0.0005898 secs]
57.298: Total time for which application threads were stopped: 0.0007061 seconds, Stopping threads took: 0.0000189 seconds
57.340: [GC (Allocation Failure)  67189K->661K(409088K), 0.0004709 secs]
57.341: Total time for which application threads were stopped: 0.0005991 seconds, Stopping threads took: 0.0000194 seconds
57.387: [GC (Allocation Failure)  66197K->725K(408064K), 0.0005861 secs]
57.388: Total time for which application threads were stopped: 0.0007256 seconds, Stopping threads took: 0.0000213 seconds
57.428: [GC (Allocation Failure)  65237K->693K(421376K), 0.0005907 secs]
57.429: Total time for which application threads were stopped: 0.0007125 seconds, Stopping threads took: 0.0000197 seconds
57.478: [GC (Allocation Failure)  78517K->629K(437248K), 0.0006329 secs]
57.479: Total time for which application threads were stopped: 0.0007695 seconds, Stopping threads took: 0.0000262 seconds
57.542: [GC (Allocation Failure)  94325K->661K(435712K), 0.0005207 secs]
57.543: Total time for which application threads were stopped: 0.0006443 seconds, Stopping threads took: 0.0000192 seconds
57.601: [GC (Allocation Failure)  92821K->597K(434176K), 0.0006161 secs]
57.602: Total time for which application threads were stopped: 0.0007425 seconds, Stopping threads took: 0.0000276 seconds
57.658: [GC (Allocation Failure)  91221K->629K(432640K), 0.0005181 secs]
57.659: Total time for which application threads were stopped: 0.0006336 seconds, Stopping threads took: 0.0000199 seconds
57.720: [GC (Allocation Failure)  89717K->661K(431104K), 0.0005391 secs]
57.720: Total time for which application threads were stopped: 0.0006491 seconds, Stopping threads took: 0.0000172 seconds
57.775: [GC (Allocation Failure)  88213K->693K(429568K), 0.0005065 secs]
57.776: Total time for which application threads were stopped: 0.0006273 seconds, Stopping threads took: 0.0000199 seconds
57.836: [GC (Allocation Failure)  86709K->661K(428032K), 0.0005125 secs]
57.836: Total time for which application threads were stopped: 0.0006466 seconds, Stopping threads took: 0.0000204 seconds
57.890: [GC (Allocation Failure)  85141K->693K(426496K), 0.0005631 secs]
57.890: Total time for which application threads were stopped: 0.0006911 seconds, Stopping threads took: 0.0000277 seconds
57.948: [GC (Allocation Failure)  83637K->693K(424960K), 0.0005209 secs]
57.949: Total time for which application threads were stopped: 0.0006561 seconds, Stopping threads took: 0.0000262 seconds
58.000: [GC (Allocation Failure)  82101K->693K(423424K), 0.0006139 secs]
58.000: Total time for which application threads were stopped: 0.0007643 seconds, Stopping threads took: 0.0000225 seconds
58.057: [GC (Allocation Failure)  80565K->693K(422400K), 0.0004956 secs]
58.058: Total time for which application threads were stopped: 0.0006335 seconds, Stopping threads took: 0.0000211 seconds
58.107: [GC (Allocation Failure)  79541K->725K(421376K), 0.0005174 secs]
58.108: Total time for which application threads were stopped: 0.0006660 seconds, Stopping threads took: 0.0000279 seconds
58.157: [GC (Allocation Failure)  78549K->629K(420352K), 0.0004866 secs]
58.158: Total time for which application threads were stopped: 0.0005897 seconds, Stopping threads took: 0.0000173 seconds
58.209: [GC (Allocation Failure)  77429K->661K(419328K), 0.0004914 secs]
58.210: Total time for which application threads were stopped: 0.0006283 seconds, Stopping threads took: 0.0000200 seconds
58.261: [GC (Allocation Failure)  76437K->661K(418304K), 0.0005272 secs]
58.261: Total time for which application threads were stopped: 0.0006529 seconds, Stopping threads took: 0.0000219 seconds
58.314: [GC (Allocation Failure)  75413K->693K(417280K), 0.0005647 secs]
58.315: Total time for which application threads were stopped: 0.0006739 seconds, Stopping threads took: 0.0000166 seconds
58.361: [GC (Allocation Failure)  74421K->757K(416256K), 0.0005396 secs]
58.361: Total time for which application threads were stopped: 0.0006592 seconds, Stopping threads took: 0.0000192 seconds
58.412: [GC (Allocation Failure)  73461K->693K(415232K), 0.0006109 secs]
58.413: Total time for which application threads were stopped: 0.0007404 seconds, Stopping threads took: 0.0000276 seconds
58.465: [GC (Allocation Failure)  72373K->725K(414208K), 0.0004183 secs]
58.465: Total time for which application threads were stopped: 0.0005490 seconds, Stopping threads took: 0.0000280 seconds
58.516: [GC (Allocation Failure)  71381K->661K(413184K), 0.0004293 secs]
58.516: Total time for which application threads were stopped: 0.0005453 seconds, Stopping threads took: 0.0000193 seconds
58.560: [GC (Allocation Failure)  70293K->661K(412160K), 0.0005417 secs]
58.560: Total time for which application threads were stopped: 0.0006502 seconds, Stopping threads took: 0.0000174 seconds
58.603: [GC (Allocation Failure)  69269K->757K(411136K), 0.0005485 secs]
58.604: Total time for which application threads were stopped: 0.0006853 seconds, Stopping threads took: 0.0000187 seconds
58.653: [GC (Allocation Failure)  68341K->693K(410112K), 0.0004519 secs]
58.653: Total time for which application threads were stopped: 0.0005778 seconds, Stopping threads took: 0.0000215 seconds
58.695: [GC (Allocation Failure)  67253K->661K(409088K), 0.0004808 secs]
58.695: Total time for which application threads were stopped: 0.0006147 seconds, Stopping threads took: 0.0000192 seconds
58.739: [GC (Allocation Failure)  66197K->693K(408064K), 0.0005344 secs]
58.740: Total time for which application threads were stopped: 0.0006704 seconds, Stopping threads took: 0.0000203 seconds
58.780: [GC (Allocation Failure)  65205K->629K(407040K), 0.0004989 secs]
58.781: Total time for which application threads were stopped: 0.0006314 seconds, Stopping threads took: 0.0000223 seconds
58.821: [GC (Allocation Failure)  64117K->693K(406016K), 0.0005161 secs]
58.822: Total time for which application threads were stopped: 0.0006497 seconds, Stopping threads took: 0.0000214 seconds
58.861: [GC (Allocation Failure)  63157K->693K(418816K), 0.0005735 secs]
58.862: Total time for which application threads were stopped: 0.0007163 seconds, Stopping threads took: 0.0000290 seconds
58.910: [GC (Allocation Failure)  75957K->629K(434176K), 0.0005892 secs]
58.910: Total time for which application threads were stopped: 0.0007153 seconds, Stopping threads took: 0.0000220 seconds
58.973: [GC (Allocation Failure)  91253K->693K(432640K), 0.0005204 secs]
58.974: Total time for which application threads were stopped: 0.0006508 seconds, Stopping threads took: 0.0000283 seconds
59.029: [GC (Allocation Failure)  89781K->725K(431104K), 0.0005625 secs]
59.030: Total time for which application threads were stopped: 0.0006852 seconds, Stopping threads took: 0.0000209 seconds
59.091: [GC (Allocation Failure)  88277K->693K(429568K), 0.0006219 secs]
59.091: Total time for which application threads were stopped: 0.0007551 seconds, Stopping threads took: 0.0000199 seconds
59.150: [GC (Allocation Failure)  86709K->661K(446976K), 0.0009894 secs]
59.151: Total time for which application threads were stopped: 0.0011285 seconds, Stopping threads took: 0.0000184 seconds
59.219: [GC (Allocation Failure)  104085K->629K(444928K), 0.0005444 secs]
59.219: Total time for which application threads were stopped: 0.0006696 seconds, Stopping threads took: 0.0000270 seconds
59.286: [GC (Allocation Failure)  102005K->629K(442880K), 0.0006161 secs]
59.287: Total time for which application threads were stopped: 0.0007435 seconds, Stopping threads took: 0.0000281 seconds
59.349: [GC (Allocation Failure)  99957K->661K(440832K), 0.0005572 secs]
59.350: Total time for which application threads were stopped: 0.0008147 seconds, Stopping threads took: 0.0000271 seconds
59.411: [GC (Allocation Failure)  97941K->725K(438784K), 0.0004698 secs]
59.411: Total time for which application threads were stopped: 0.0005887 seconds, Stopping threads took: 0.0000195 seconds
59.476: [GC (Allocation Failure)  95957K->693K(437248K), 0.0004192 secs]
59.477: Total time for which application threads were stopped: 0.0005373 seconds, Stopping threads took: 0.0000193 seconds
59.535: [GC (Allocation Failure)  94389K->661K(435712K), 0.0005047 secs]
59.536: Total time for which application threads were stopped: 0.0006287 seconds, Stopping threads took: 0.0000267 seconds
59.593: [GC (Allocation Failure)  92821K->693K(434176K), 0.0005466 secs]
59.594: Total time for which application threads were stopped: 0.0006631 seconds, Stopping threads took: 0.0000186 seconds
59.651: [GC (Allocation Failure)  91317K->661K(432640K), 0.0004074 secs]
59.652: Total time for which application threads were stopped: 0.0005321 seconds, Stopping threads took: 0.0000163 seconds
59.707: [GC (Allocation Failure)  89749K->661K(431104K), 0.0004018 secs]
59.708: Total time for which application threads were stopped: 0.0005231 seconds, Stopping threads took: 0.0000171 seconds
59.763: [GC (Allocation Failure)  88213K->661K(429568K), 0.0004834 secs]
59.763: Total time for which application threads were stopped: 0.0006021 seconds, Stopping threads took: 0.0000265 seconds
59.817: [GC (Allocation Failure)  86677K->661K(428032K), 0.0005354 secs]
59.818: Total time for which application threads were stopped: 0.0006593 seconds, Stopping threads took: 0.0000270 seconds
59.871: [GC (Allocation Failure)  85141K->693K(426496K), 0.0004249 secs]
59.871: Total time for which application threads were stopped: 0.0005414 seconds, Stopping threads took: 0.0000189 seconds
59.923: [GC (Allocation Failure)  83637K->661K(424960K), 0.0005738 secs]
59.924: Total time for which application threads were stopped: 0.0006907 seconds, Stopping threads took: 0.0000192 seconds
59.976: [GC (Allocation Failure)  82069K->693K(423424K), 0.0003620 secs]
59.976: Total time for which application threads were stopped: 0.0004859 seconds, Stopping threads took: 0.0000273 seconds
60.032: [GC (Allocation Failure)  80565K->725K(422400K), 0.0004931 secs]
60.033: Total time for which application threads were stopped: 0.0006033 seconds, Stopping threads took: 0.0000165 seconds
60.082: [GC (Allocation Failure)  79573K->661K(421376K), 0.0004745 secs]
60.083: Total time for which application threads were stopped: 0.0006101 seconds, Stopping threads took: 0.0000271 seconds
60.131: [GC (Allocation Failure)  78485K->661K(420352K), 0.0005079 secs]
60.132: Total time for which application threads were stopped: 0.0006414 seconds, Stopping threads took: 0.0000209 seconds
60.181: [GC (Allocation Failure)  77461K->725K(419328K), 0.0005811 secs]
60.181: Total time for which application threads were stopped: 0.0006790 seconds, Stopping threads took: 0.0000161 seconds
60.229: [GC (Allocation Failure)  76501K->629K(418304K), 0.0005088 secs]
60.230: Total time for which application threads were stopped: 0.0006477 seconds, Stopping threads took: 0.0000195 seconds
60.276: [GC (Allocation Failure)  75381K->725K(417280K), 0.0004818 secs]
60.277: Total time for which application threads were stopped: 0.0006114 seconds, Stopping threads took: 0.0000255 seconds
60.323: [GC (Allocation Failure)  74453K->661K(416256K), 0.0006151 secs]
60.324: Total time for which application threads were stopped: 0.0007392 seconds, Stopping threads took: 0.0000275 seconds
60.373: [GC (Allocation Failure)  73365K->661K(415232K), 0.0004029 secs]
60.373: Total time for which application threads were stopped: 0.0005117 seconds, Stopping threads took: 0.0000167 seconds
60.424: [GC (Allocation Failure)  72341K->693K(414208K), 0.0004757 secs]
60.425: Total time for which application threads were stopped: 0.0006034 seconds, Stopping threads took: 0.0000285 seconds
60.470: [GC (Allocation Failure)  71349K->661K(413184K), 0.0004114 secs]
60.471: Total time for which application threads were stopped: 0.0005447 seconds, Stopping threads took: 0.0000192 seconds
60.515: [GC (Allocation Failure)  70293K->693K(412160K), 0.0004946 secs]
60.515: Total time for which application threads were stopped: 0.0006333 seconds, Stopping threads took: 0.0000283 seconds
60.559: [GC (Allocation Failure)  69301K->661K(411136K), 0.0007007 secs]
60.560: Total time for which application threads were stopped: 0.0008346 seconds, Stopping threads took: 0.0000217 seconds
60.602: [GC (Allocation Failure)  68245K->661K(410112K), 0.0005361 secs]
60.603: Total time for which application threads were stopped: 0.0006997 seconds, Stopping threads took: 0.0000299 seconds
60.651: [GC (Allocation Failure)  67221K->693K(423424K), 0.0008275 secs]
60.652: Total time for which application threads were stopped: 0.0009856 seconds, Stopping threads took: 0.0000310 seconds
60.702: [GC (Allocation Failure)  80565K->693K(439808K), 0.0005319 secs]
60.703: Total time for which application threads were stopped: 0.0006859 seconds, Stopping threads took: 0.0000306 seconds
60.763: [GC (Allocation Failure)  96949K->693K(437760K), 0.0005568 secs]
60.764: Total time for which application threads were stopped: 0.0007058 seconds, Stopping threads took: 0.0000230 seconds
60.823: [GC (Allocation Failure)  94901K->693K(436224K), 0.0005344 secs]
60.823: Total time for which application threads were stopped: 0.0006851 seconds, Stopping threads took: 0.0000234 seconds
60.881: [GC (Allocation Failure)  93365K->629K(434688K), 0.0005331 secs]
60.882: Total time for which application threads were stopped: 0.0006819 seconds, Stopping threads took: 0.0000232 seconds
60.939: [GC (Allocation Failure)  91765K->629K(433152K), 0.0005122 secs]
60.940: Total time for which application threads were stopped: 0.0006627 seconds, Stopping threads took: 0.0000225 seconds
60.997: [GC (Allocation Failure)  90229K->693K(431616K), 0.0004151 secs]
60.998: Total time for which application threads were stopped: 0.0005368 seconds, Stopping threads took: 0.0000254 seconds
61.053: [GC (Allocation Failure)  88757K->757K(430080K), 0.0005136 secs]
61.054: Total time for which application threads were stopped: 0.0006435 seconds, Stopping threads took: 0.0000208 seconds
61.108: [GC (Allocation Failure)  87285K->661K(428544K), 0.0005093 secs]
61.109: Total time for which application threads were stopped: 0.0006308 seconds, Stopping threads took: 0.0000200 seconds
61.169: [GC (Allocation Failure)  85653K->693K(427008K), 0.0004731 secs]
61.169: Total time for which application threads were stopped: 0.0005923 seconds, Stopping threads took: 0.0000165 seconds
61.222: [GC (Allocation Failure)  84149K->661K(425472K), 0.0004967 secs]
61.223: Total time for which application threads were stopped: 0.0006327 seconds, Stopping threads took: 0.0000272 seconds
61.274: [GC (Allocation Failure)  82581K->693K(423936K), 0.0004742 secs]
61.275: Total time for which application threads were stopped: 0.0006037 seconds, Stopping threads took: 0.0000206 seconds
61.327: [GC (Allocation Failure)  81077K->629K(422400K), 0.0004518 secs]
61.328: Total time for which application threads were stopped: 0.0006046 seconds, Stopping threads took: 0.0000264 seconds
61.384: [GC (Allocation Failure)  79477K->597K(421376K), 0.0004822 secs]
61.384: Total time for which application threads were stopped: 0.0006073 seconds, Stopping threads took: 0.0000270 seconds
61.433: [GC (Allocation Failure)  78421K->661K(420352K), 0.0005324 secs]
61.434: Total time for which application threads were stopped: 0.0006491 seconds, Stopping threads took: 0.0000188 seconds
61.482: [GC (Allocation Failure)  77461K->661K(419328K), 0.0005156 secs]
61.483: Total time for which application threads were stopped: 0.0006513 seconds, Stopping threads took: 0.0000269 seconds
61.534: [GC (Allocation Failure)  76437K->725K(418304K), 0.0004304 secs]
61.534: Total time for which application threads were stopped: 0.0005766 seconds, Stopping threads took: 0.0000206 seconds
61.584: [GC (Allocation Failure)  75477K->693K(417280K), 0.0004570 secs]
61.585: Total time for which application threads were stopped: 0.0005870 seconds, Stopping threads took: 0.0000280 seconds
61.631: [GC (Allocation Failure)  74421K->661K(416256K), 0.0004802 secs]
61.632: Total time for which application threads were stopped: 0.0005994 seconds, Stopping threads took: 0.0000193 seconds
61.684: [GC (Allocation Failure)  73365K->693K(415232K), 0.0004909 secs]
61.684: Total time for which application threads were stopped: 0.0006788 seconds, Stopping threads took: 0.0000636 seconds
61.729: [GC (Allocation Failure)  72373K->661K(414208K), 0.0005237 secs]
61.730: Total time for which application threads were stopped: 0.0006745 seconds, Stopping threads took: 0.0000227 seconds
61.780: [GC (Allocation Failure)  71317K->629K(413184K), 0.0006027 secs]
61.781: Total time for which application threads were stopped: 0.0007284 seconds, Stopping threads took: 0.0000268 seconds
61.824: [GC (Allocation Failure)  70261K->693K(412160K), 0.0004666 secs]
61.825: Total time for which application threads were stopped: 0.0005856 seconds, Stopping threads took: 0.0000191 seconds
61.873: [GC (Allocation Failure)  69301K->725K(411136K), 0.0005457 secs]
61.874: Total time for which application threads were stopped: 0.0006549 seconds, Stopping threads took: 0.0000168 seconds
61.917: [GC (Allocation Failure)  68309K->661K(410112K), 0.0004375 secs]
61.917: Total time for which application threads were stopped: 0.0005592 seconds, Stopping threads took: 0.0000195 seconds
61.965: [GC (Allocation Failure)  67221K->629K(409088K), 0.0004651 secs]
61.966: Total time for which application threads were stopped: 0.0005911 seconds, Stopping threads took: 0.0000258 seconds
62.007: [GC (Allocation Failure)  66165K->725K(408064K), 0.0004894 secs]
62.007: Total time for which application threads were stopped: 0.0006103 seconds, Stopping threads took: 0.0000193 seconds
62.048: [GC (Allocation Failure)  65237K->725K(407040K), 0.0005555 secs]
62.048: Total time for which application threads were stopped: 0.0006746 seconds, Stopping threads took: 0.0000198 seconds
62.095: [GC (Allocation Failure)  64213K->757K(406016K), 0.0004710 secs]
62.095: Total time for which application threads were stopped: 0.0005909 seconds, Stopping threads took: 0.0000199 seconds
62.135: [GC (Allocation Failure)  63221K->693K(405504K), 0.0004714 secs]
62.135: Total time for which application threads were stopped: 0.0005989 seconds, Stopping threads took: 0.0000269 seconds
62.175: [GC (Allocation Failure)  62645K->661K(404992K), 0.0004665 secs]
62.176: Total time for which application threads were stopped: 0.0005970 seconds, Stopping threads took: 0.0000266 seconds
62.217: [GC (Allocation Failure)  62101K->661K(417280K), 0.0005490 secs]
62.218: Total time for which application threads were stopped: 0.0006739 seconds, Stopping threads took: 0.0000270 seconds
62.264: [GC (Allocation Failure)  74389K->661K(416256K), 0.0004739 secs]
62.265: Total time for which application threads were stopped: 0.0005936 seconds, Stopping threads took: 0.0000199 seconds
62.314: [GC (Allocation Failure)  73365K->661K(415232K), 0.0005035 secs]
62.314: Total time for which application threads were stopped: 0.0006338 seconds, Stopping threads took: 0.0000206 seconds
62.364: [GC (Allocation Failure)  72341K->693K(414208K), 0.0005106 secs]
62.365: Total time for which application threads were stopped: 0.0006487 seconds, Stopping threads took: 0.0000216 seconds
62.410: [GC (Allocation Failure)  71349K->693K(413184K), 0.0004944 secs]
62.410: Total time for which application threads were stopped: 0.0006488 seconds, Stopping threads took: 0.0000298 seconds
62.455: [GC (Allocation Failure)  70325K->661K(412160K), 0.0004155 secs]
62.455: Total time for which application threads were stopped: 0.0005341 seconds, Stopping threads took: 0.0000255 seconds
62.503: [GC (Allocation Failure)  69269K->629K(411136K), 0.0005679 secs]
62.503: Total time for which application threads were stopped: 0.0007198 seconds, Stopping threads took: 0.0000287 seconds
62.546: [GC (Allocation Failure)  68213K->661K(410112K), 0.0005307 secs]
62.546: Total time for which application threads were stopped: 0.0006629 seconds, Stopping threads took: 0.0000209 seconds
62.588: [GC (Allocation Failure)  67221K->725K(423424K), 0.0005913 secs]
62.589: Total time for which application threads were stopped: 0.0007331 seconds, Stopping threads took: 0.0000212 seconds
62.643: [GC (Allocation Failure)  80597K->629K(422400K), 0.0005513 secs]
62.643: Total time for which application threads were stopped: 0.0007069 seconds, Stopping threads took: 0.0000215 seconds
62.698: [GC (Allocation Failure)  79477K->693K(421376K), 0.0006022 secs]
62.699: Total time for which application threads were stopped: 0.0007179 seconds, Stopping threads took: 0.0000187 seconds
62.754: [GC (Allocation Failure)  78517K->693K(420352K), 0.0004584 secs]
62.754: Total time for which application threads were stopped: 0.0005730 seconds, Stopping threads took: 0.0000181 seconds
62.802: [GC (Allocation Failure)  77493K->693K(419328K), 0.0004524 secs]
62.803: Total time for which application threads were stopped: 0.0005744 seconds, Stopping threads took: 0.0000260 seconds
62.855: [GC (Allocation Failure)  76469K->661K(418304K), 0.0004180 secs]
62.856: Total time for which application threads were stopped: 0.0005241 seconds, Stopping threads took: 0.0000165 seconds
62.906: [GC (Allocation Failure)  75413K->661K(417280K), 0.0004209 secs]
62.906: Total time for which application threads were stopped: 0.0005280 seconds, Stopping threads took: 0.0000171 seconds
62.957: [GC (Allocation Failure)  74389K->661K(416256K), 0.0004324 secs]
62.957: Total time for which application threads were stopped: 0.0005575 seconds, Stopping threads took: 0.0000258 seconds
63.003: [GC (Allocation Failure)  73365K->693K(415232K), 0.0004849 secs]
63.004: Total time for which application threads were stopped: 0.0006110 seconds, Stopping threads took: 0.0000270 seconds
63.048: [GC (Allocation Failure)  72373K->693K(414208K), 0.0004746 secs]
63.049: Total time for which application threads were stopped: 0.0005915 seconds, Stopping threads took: 0.0000191 seconds
63.093: [GC (Allocation Failure)  71349K->693K(413184K), 0.0005286 secs]
63.094: Total time for which application threads were stopped: 0.0006478 seconds, Stopping threads took: 0.0000196 seconds
63.138: [GC (Allocation Failure)  70325K->693K(412160K), 0.0005066 secs]
63.138: Total time for which application threads were stopped: 0.0006268 seconds, Stopping threads took: 0.0000197 seconds
63.182: [GC (Allocation Failure)  69301K->661K(411136K), 0.0006524 secs]
63.183: Total time for which application threads were stopped: 0.0007788 seconds, Stopping threads took: 0.0000279 seconds
63.225: [GC (Allocation Failure)  68245K->661K(410112K), 0.0004718 secs]
63.226: Total time for which application threads were stopped: 0.0005916 seconds, Stopping threads took: 0.0000190 seconds
63.273: [GC (Allocation Failure)  67221K->725K(409088K), 0.0004205 secs]
63.273: Total time for which application threads were stopped: 0.0005246 seconds, Stopping threads took: 0.0000158 seconds
63.315: [GC (Allocation Failure)  66261K->629K(408064K), 0.0005294 secs]
63.315: Total time for which application threads were stopped: 0.0006367 seconds, Stopping threads took: 0.0000170 seconds
63.356: [GC (Allocation Failure)  65141K->661K(407040K), 0.0004065 secs]
63.356: Total time for which application threads were stopped: 0.0005104 seconds, Stopping threads took: 0.0000157 seconds
63.403: [GC (Allocation Failure)  64149K->661K(406016K), 0.0004211 secs]
63.403: Total time for which application threads were stopped: 0.0005298 seconds, Stopping threads took: 0.0000163 seconds
63.446: [GC (Allocation Failure)  63125K->629K(405504K), 0.0004177 secs]
63.446: Total time for which application threads were stopped: 0.0005384 seconds, Stopping threads took: 0.0000200 seconds
63.485: [GC (Allocation Failure)  62581K->661K(404992K), 0.0005802 secs]
63.486: Total time for which application threads were stopped: 0.0007262 seconds, Stopping threads took: 0.0000287 seconds
63.530: [GC (Allocation Failure)  62101K->725K(404480K), 0.0004919 secs]
63.530: Total time for which application threads were stopped: 0.0006296 seconds, Stopping threads took: 0.0000210 seconds
63.568: [GC (Allocation Failure)  61653K->661K(403968K), 0.0004679 secs]
63.569: Total time for which application threads were stopped: 0.0005761 seconds, Stopping threads took: 0.0000166 seconds
63.607: [GC (Allocation Failure)  61077K->661K(416256K), 0.0004971 secs]
63.608: Total time for which application threads were stopped: 0.0006267 seconds, Stopping threads took: 0.0000269 seconds
63.654: [GC (Allocation Failure)  73365K->661K(415232K), 0.0004800 secs]
63.654: Total time for which application threads were stopped: 0.0006273 seconds, Stopping threads took: 0.0000294 seconds
63.700: [GC (Allocation Failure)  72341K->725K(414208K), 0.0005783 secs]
63.700: Total time for which application threads were stopped: 0.0007101 seconds, Stopping threads took: 0.0000205 seconds
63.745: [GC (Allocation Failure)  71381K->693K(413184K), 0.0005126 secs]
63.745: Total time for which application threads were stopped: 0.0006429 seconds, Stopping threads took: 0.0000217 seconds
63.795: [GC (Allocation Failure)  70325K->725K(412160K), 0.0004960 secs]
63.796: Total time for which application threads were stopped: 0.0006235 seconds, Stopping threads took: 0.0000270 seconds
63.839: [GC (Allocation Failure)  69333K->693K(411136K), 0.0005638 secs]
63.839: Total time for which application threads were stopped: 0.0006827 seconds, Stopping threads took: 0.0000192 seconds
63.887: [GC (Allocation Failure)  68277K->693K(410112K), 0.0005137 secs]
63.887: Total time for which application threads were stopped: 0.0006360 seconds, Stopping threads took: 0.0000260 seconds
63.936: [GC (Allocation Failure)  67253K->661K(409088K), 0.0004354 secs]
63.937: Total time for which application threads were stopped: 0.0005411 seconds, Stopping threads took: 0.0000170 seconds
63.978: [GC (Allocation Failure)  66197K->661K(408064K), 0.0005117 secs]
63.979: Total time for which application threads were stopped: 0.0006352 seconds, Stopping threads took: 0.0000256 seconds
64.020: [GC (Allocation Failure)  65173K->661K(407040K), 0.0004838 secs]
64.021: Total time for which application threads were stopped: 0.0006133 seconds, Stopping threads took: 0.0000281 seconds
64.061: [GC (Allocation Failure)  64149K->725K(406016K), 0.0004569 secs]
64.061: Total time for which application threads were stopped: 0.0005736 seconds, Stopping threads took: 0.0000189 seconds
64.101: [GC (Allocation Failure)  63189K->629K(418816K), 0.0006327 secs]
64.101: Total time for which application threads were stopped: 0.0007578 seconds, Stopping threads took: 0.0000267 seconds
64.154: [GC (Allocation Failure)  75893K->661K(417792K), 0.0004797 secs]
64.155: Total time for which application threads were stopped: 0.0006108 seconds, Stopping threads took: 0.0000264 seconds
64.203: [GC (Allocation Failure)  74901K->693K(416768K), 0.0005373 secs]
64.204: Total time for which application threads were stopped: 0.0006457 seconds, Stopping threads took: 0.0000170 seconds
64.250: [GC (Allocation Failure)  73909K->629K(431616K), 0.0006863 secs]
64.250: Total time for which application threads were stopped: 0.0008302 seconds, Stopping threads took: 0.0000212 seconds
64.311: [GC (Allocation Failure)  88693K->661K(449536K), 0.0005822 secs]
64.312: Total time for which application threads were stopped: 0.0007176 seconds, Stopping threads took: 0.0000279 seconds
64.378: [GC (Allocation Failure)  106645K->629K(447488K), 0.0004382 secs]
64.379: Total time for which application threads were stopped: 0.0005637 seconds, Stopping threads took: 0.0000197 seconds
64.444: [GC (Allocation Failure)  104565K->629K(445440K), 0.0006495 secs]
64.444: Total time for which application threads were stopped: 0.0007892 seconds, Stopping threads took: 0.0000228 seconds
64.514: [GC (Allocation Failure)  102517K->661K(443392K), 0.0005315 secs]
64.515: Total time for which application threads were stopped: 0.0006651 seconds, Stopping threads took: 0.0000200 seconds
64.577: [GC (Allocation Failure)  100501K->661K(441344K), 0.0004584 secs]
64.578: Total time for which application threads were stopped: 0.0005830 seconds, Stopping threads took: 0.0000274 seconds
64.645: [GC (Allocation Failure)  98453K->661K(439296K), 0.0005338 secs]
64.645: Total time for which application threads were stopped: 0.0006592 seconds, Stopping threads took: 0.0000270 seconds
64.711: [GC (Allocation Failure)  96405K->693K(437760K), 0.0005472 secs]
64.712: Total time for which application threads were stopped: 0.0006654 seconds, Stopping threads took: 0.0000201 seconds
64.771: [GC (Allocation Failure)  94901K->661K(436224K), 0.0004937 secs]
64.771: Total time for which application threads were stopped: 0.0006086 seconds, Stopping threads took: 0.0000187 seconds
64.836: [GC (Allocation Failure)  93333K->693K(434688K), 0.0004941 secs]
64.836: Total time for which application threads were stopped: 0.0006373 seconds, Stopping threads took: 0.0000212 seconds
64.893: [GC (Allocation Failure)  91829K->693K(433152K), 0.0005534 secs]
64.894: Total time for which application threads were stopped: 0.0006886 seconds, Stopping threads took: 0.0000291 seconds
64.956: [GC (Allocation Failure)  90293K->661K(431616K), 0.0006120 secs]
64.957: Total time for which application threads were stopped: 0.0007305 seconds, Stopping threads took: 0.0000189 seconds
65.018: [GC (Allocation Failure)  88725K->661K(430080K), 0.0005418 secs]
65.019: Total time for which application threads were stopped: 0.0006642 seconds, Stopping threads took: 0.0000269 seconds
65.073: [GC (Allocation Failure)  87189K->693K(428544K), 0.0004853 secs]
65.074: Total time for which application threads were stopped: 0.0005977 seconds, Stopping threads took: 0.0000190 seconds
65.127: [GC (Allocation Failure)  85685K->661K(427008K), 0.0005499 secs]
65.128: Total time for which application threads were stopped: 0.0006825 seconds, Stopping threads took: 0.0000189 seconds
65.187: [GC (Allocation Failure)  84117K->725K(425472K), 0.0004675 secs]
65.187: Total time for which application threads were stopped: 0.0005885 seconds, Stopping threads took: 0.0000194 seconds
65.239: [GC (Allocation Failure)  82645K->661K(423936K), 0.0004718 secs]
65.239: Total time for which application threads were stopped: 0.0005953 seconds, Stopping threads took: 0.0000198 seconds
65.295: [GC (Allocation Failure)  81045K->661K(422400K), 0.0005298 secs]
65.295: Total time for which application threads were stopped: 0.0006561 seconds, Stopping threads took: 0.0000277 seconds
65.348: [GC (Allocation Failure)  79509K->597K(421376K), 0.0004786 secs]
65.349: Total time for which application threads were stopped: 0.0005992 seconds, Stopping threads took: 0.0000183 seconds
65.397: [GC (Allocation Failure)  78421K->661K(420352K), 0.0005651 secs]
65.398: Total time for which application threads were stopped: 0.0006827 seconds, Stopping threads took: 0.0000199 seconds
65.446: [GC (Allocation Failure)  77461K->725K(419328K), 0.0004418 secs]
65.447: Total time for which application threads were stopped: 0.0005506 seconds, Stopping threads took: 0.0000189 seconds
65.498: [GC (Allocation Failure)  76501K->661K(418304K), 0.0004748 secs]
65.498: Total time for which application threads were stopped: 0.0005994 seconds, Stopping threads took: 0.0000175 seconds
65.545: [GC (Allocation Failure)  75413K->693K(417280K), 0.0006026 secs]
65.546: Total time for which application threads were stopped: 0.0007241 seconds, Stopping threads took: 0.0000200 seconds
65.592: [GC (Allocation Failure)  74421K->693K(416256K), 0.0004763 secs]
65.593: Total time for which application threads were stopped: 0.0005806 seconds, Stopping threads took: 0.0000167 seconds
65.638: [GC (Allocation Failure)  73397K->661K(415232K), 0.0004231 secs]
65.639: Total time for which application threads were stopped: 0.0005326 seconds, Stopping threads took: 0.0000170 seconds
65.689: [GC (Allocation Failure)  72341K->693K(414208K), 0.0005392 secs]
65.690: Total time for which application threads were stopped: 0.0006746 seconds, Stopping threads took: 0.0000278 seconds
65.734: [GC (Allocation Failure)  71349K->693K(413184K), 0.0005472 secs]
65.735: Total time for which application threads were stopped: 0.0006893 seconds, Stopping threads took: 0.0000288 seconds
65.778: [GC (Allocation Failure)  70325K->661K(412160K), 0.0005040 secs]
65.779: Total time for which application threads were stopped: 0.0006384 seconds, Stopping threads took: 0.0000212 seconds
65.822: [GC (Allocation Failure)  69269K->629K(425984K), 0.0006673 secs]
65.823: Total time for which application threads were stopped: 0.0008118 seconds, Stopping threads took: 0.0000213 seconds
65.881: [GC (Allocation Failure)  83061K->725K(424448K), 0.0005170 secs]
65.881: Total time for which application threads were stopped: 0.0006562 seconds, Stopping threads took: 0.0000215 seconds
65.932: [GC (Allocation Failure)  81621K->693K(422912K), 0.0005347 secs]
65.933: Total time for which application threads were stopped: 0.0007298 seconds, Stopping threads took: 0.0000209 seconds
65.990: [GC (Allocation Failure)  80053K->661K(421888K), 0.0005904 secs]
65.990: Total time for which application threads were stopped: 0.0007346 seconds, Stopping threads took: 0.0000272 seconds
66.044: [GC (Allocation Failure)  78997K->725K(420864K), 0.0005359 secs]
66.045: Total time for which application threads were stopped: 0.0006428 seconds, Stopping threads took: 0.0000170 seconds
66.093: [GC (Allocation Failure)  78037K->693K(419840K), 0.0005343 secs]
66.094: Total time for which application threads were stopped: 0.0006524 seconds, Stopping threads took: 0.0000200 seconds
66.148: [GC (Allocation Failure)  76981K->629K(418816K), 0.0004452 secs]
66.148: Total time for which application threads were stopped: 0.0005757 seconds, Stopping threads took: 0.0000146 seconds
66.196: [GC (Allocation Failure)  75893K->629K(417792K), 0.0005601 secs]
66.197: Total time for which application threads were stopped: 0.0006812 seconds, Stopping threads took: 0.0000194 seconds
66.244: [GC (Allocation Failure)  74869K->661K(416768K), 0.0004763 secs]
66.244: Total time for which application threads were stopped: 0.0005988 seconds, Stopping threads took: 0.0000200 seconds
66.294: [GC (Allocation Failure)  73877K->693K(415744K), 0.0006918 secs]
66.295: Total time for which application threads were stopped: 0.0008141 seconds, Stopping threads took: 0.0000200 seconds
66.340: [GC (Allocation Failure)  72885K->757K(414720K), 0.0005040 secs]
66.341: Total time for which application threads were stopped: 0.0006412 seconds, Stopping threads took: 0.0000197 seconds
66.385: [GC (Allocation Failure)  71925K->725K(413696K), 0.0005160 secs]
66.386: Total time for which application threads were stopped: 0.0006654 seconds, Stopping threads took: 0.0000286 seconds
66.436: [GC (Allocation Failure)  70869K->661K(412672K), 0.0004887 secs]
66.436: Total time for which application threads were stopped: 0.0006175 seconds, Stopping threads took: 0.0000211 seconds
66.480: [GC (Allocation Failure)  69781K->661K(411648K), 0.0004299 secs]
66.481: Total time for which application threads were stopped: 0.0005486 seconds, Stopping threads took: 0.0000189 seconds
66.523: [GC (Allocation Failure)  68757K->661K(410624K), 0.0004801 secs]
66.524: Total time for which application threads were stopped: 0.0005975 seconds, Stopping threads took: 0.0000190 seconds
66.567: [GC (Allocation Failure)  67733K->629K(409600K), 0.0004562 secs]
66.567: Total time for which application threads were stopped: 0.0005834 seconds, Stopping threads took: 0.0000252 seconds
66.609: [GC (Allocation Failure)  66677K->693K(408576K), 0.0005163 secs]
66.609: Total time for which application threads were stopped: 0.0006347 seconds, Stopping threads took: 0.0000189 seconds
66.651: [GC (Allocation Failure)  65717K->693K(407552K), 0.0005170 secs]
66.651: Total time for which application threads were stopped: 0.0006619 seconds, Stopping threads took: 0.0000274 seconds
66.695: [GC (Allocation Failure)  64693K->661K(406528K), 0.0005049 secs]
66.695: Total time for which application threads were stopped: 0.0006428 seconds, Stopping threads took: 0.0000288 seconds
66.735: [GC (Allocation Failure)  63637K->693K(405504K), 0.0004964 secs]
66.736: Total time for which application threads were stopped: 0.0006344 seconds, Stopping threads took: 0.0000215 seconds
66.775: [GC (Allocation Failure)  62645K->661K(418304K), 0.0005422 secs]
66.776: Total time for which application threads were stopped: 0.0007040 seconds, Stopping threads took: 0.0000235 seconds
66.823: [GC (Allocation Failure)  75413K->725K(417280K), 0.0004596 secs]
66.823: Total time for which application threads were stopped: 0.0005799 seconds, Stopping threads took: 0.0000202 seconds
66.870: [GC (Allocation Failure)  74453K->629K(416256K), 0.0004632 secs]
66.870: Total time for which application threads were stopped: 0.0005856 seconds, Stopping threads took: 0.0000217 seconds
66.921: [GC (Allocation Failure)  73333K->661K(415232K), 0.0004686 secs]
66.922: Total time for which application threads were stopped: 0.0005948 seconds, Stopping threads took: 0.0000275 seconds
66.967: [GC (Allocation Failure)  72341K->661K(414208K), 0.0005085 secs]
66.968: Total time for which application threads were stopped: 0.0006603 seconds, Stopping threads took: 0.0000375 seconds
67.012: [GC (Allocation Failure)  71317K->693K(428544K), 0.0006784 secs]
67.013: Total time for which application threads were stopped: 0.0008305 seconds, Stopping threads took: 0.0000291 seconds
67.066: [GC (Allocation Failure)  85685K->693K(445952K), 0.0006122 secs]
67.067: Total time for which application threads were stopped: 0.0007547 seconds, Stopping threads took: 0.0000224 seconds
67.131: [GC (Allocation Failure)  103093K->629K(443904K), 0.0006189 secs]
67.132: Total time for which application threads were stopped: 0.0007384 seconds, Stopping threads took: 0.0000198 seconds
67.195: [GC (Allocation Failure)  100981K->693K(441856K), 0.0004543 secs]
67.196: Total time for which application threads were stopped: 0.0005735 seconds, Stopping threads took: 0.0000191 seconds
67.257: [GC (Allocation Failure)  98997K->693K(439808K), 0.0005480 secs]
67.258: Total time for which application threads were stopped: 0.0006654 seconds, Stopping threads took: 0.0000197 seconds
67.322: [GC (Allocation Failure)  96949K->693K(437760K), 0.0004980 secs]
67.322: Total time for which application threads were stopped: 0.0006159 seconds, Stopping threads took: 0.0000187 seconds
67.387: [GC (Allocation Failure)  94901K->693K(436224K), 0.0005109 secs]
67.388: Total time for which application threads were stopped: 0.0006381 seconds, Stopping threads took: 0.0000270 seconds
67.446: [GC (Allocation Failure)  93365K->661K(434688K), 0.0005213 secs]
67.446: Total time for which application threads were stopped: 0.0006477 seconds, Stopping threads took: 0.0000194 seconds
67.504: [GC (Allocation Failure)  91797K->661K(433152K), 0.0004448 secs]
67.504: Total time for which application threads were stopped: 0.0005640 seconds, Stopping threads took: 0.0000199 seconds
67.564: [GC (Allocation Failure)  90261K->725K(431616K), 0.0004841 secs]
67.564: Total time for which application threads were stopped: 0.0006148 seconds, Stopping threads took: 0.0000192 seconds
67.619: [GC (Allocation Failure)  88789K->661K(430080K), 0.0006203 secs]
67.620: Total time for which application threads were stopped: 0.0007693 seconds, Stopping threads took: 0.0000295 seconds
67.681: [GC (Allocation Failure)  87189K->725K(428544K), 0.0005158 secs]
67.681: Total time for which application threads were stopped: 0.0006647 seconds, Stopping threads took: 0.0000221 seconds
67.735: [GC (Allocation Failure)  85717K->693K(427008K), 0.0004715 secs]
67.735: Total time for which application threads were stopped: 0.0006036 seconds, Stopping threads took: 0.0000221 seconds
67.787: [GC (Allocation Failure)  84149K->661K(425472K), 0.0006796 secs]
67.788: Total time for which application threads were stopped: 0.0008090 seconds, Stopping threads took: 0.0000296 seconds
67.839: [GC (Allocation Failure)  82581K->725K(423936K), 0.0007410 secs]
67.840: Total time for which application threads were stopped: 0.0008839 seconds, Stopping threads took: 0.0000351 seconds
67.891: [GC (Allocation Failure)  81109K->661K(422400K), 0.0005073 secs]
67.891: Total time for which application threads were stopped: 0.0006457 seconds, Stopping threads took: 0.0000289 seconds
67.946: [GC (Allocation Failure)  79509K->629K(421376K), 0.0005122 secs]
67.946: Total time for which application threads were stopped: 0.0006545 seconds, Stopping threads took: 0.0000206 seconds
68.001: [GC (Allocation Failure)  78453K->661K(420352K), 0.0006733 secs]
68.002: Total time for which application threads were stopped: 0.0008174 seconds, Stopping threads took: 0.0000262 seconds
68.050: [GC (Allocation Failure)  77461K->661K(419328K), 0.0005278 secs]
68.051: Total time for which application threads were stopped: 0.0006780 seconds, Stopping threads took: 0.0000306 seconds
68.102: [GC (Allocation Failure)  76437K->693K(418304K), 0.0005611 secs]
68.103: Total time for which application threads were stopped: 0.0007103 seconds, Stopping threads took: 0.0000228 seconds
68.150: [GC (Allocation Failure)  75445K->661K(417280K), 0.0005012 secs]
68.151: Total time for which application threads were stopped: 0.0006242 seconds, Stopping threads took: 0.0000253 seconds
68.200: [GC (Allocation Failure)  74389K->629K(416256K), 0.0004739 secs]
68.200: Total time for which application threads were stopped: 0.0006072 seconds, Stopping threads took: 0.0000247 seconds
68.246: [GC (Allocation Failure)  73333K->693K(415232K), 0.0004630 secs]
68.246: Total time for which application threads were stopped: 0.0005783 seconds, Stopping threads took: 0.0000190 seconds
68.297: [GC (Allocation Failure)  72373K->661K(414208K), 0.0005460 secs]
68.297: Total time for which application threads were stopped: 0.0006507 seconds, Stopping threads took: 0.0000168 seconds
68.345: [GC (Allocation Failure)  71317K->629K(413184K), 0.0004782 secs]
68.345: Total time for which application threads were stopped: 0.0005867 seconds, Stopping threads took: 0.0000169 seconds
68.395: [GC (Allocation Failure)  70261K->629K(412160K), 0.0007428 secs]
68.395: Total time for which application threads were stopped: 0.0009047 seconds, Stopping threads took: 0.0000216 seconds
68.439: [GC (Allocation Failure)  69237K->725K(425984K), 0.0006624 secs]
68.440: Total time for which application threads were stopped: 0.0008017 seconds, Stopping threads took: 0.0000214 seconds
68.494: [GC (Allocation Failure)  83157K->661K(424448K), 0.0004310 secs]
68.494: Total time for which application threads were stopped: 0.0005667 seconds, Stopping threads took: 0.0000272 seconds
68.547: [GC (Allocation Failure)  81557K->661K(422912K), 0.0004599 secs]
68.548: Total time for which application threads were stopped: 0.0005926 seconds, Stopping threads took: 0.0000208 seconds
68.598: [GC (Allocation Failure)  80021K->693K(421888K), 0.0004959 secs]
68.598: Total time for which application threads were stopped: 0.0006184 seconds, Stopping threads took: 0.0000201 seconds
68.648: [GC (Allocation Failure)  79029K->693K(420864K), 0.0006013 secs]
68.648: Total time for which application threads were stopped: 0.0007402 seconds, Stopping threads took: 0.0000202 seconds
68.700: [GC (Allocation Failure)  78005K->629K(419840K), 0.0005623 secs]
68.700: Total time for which application threads were stopped: 0.0006975 seconds, Stopping threads took: 0.0000194 seconds
68.755: [GC (Allocation Failure)  76917K->661K(418816K), 0.0005982 secs]
68.756: Total time for which application threads were stopped: 0.0007265 seconds, Stopping threads took: 0.0000198 seconds
68.803: [GC (Allocation Failure)  75925K->597K(434176K), 0.0006848 secs]
68.804: Total time for which application threads were stopped: 0.0008186 seconds, Stopping threads took: 0.0000299 seconds
68.860: [GC (Allocation Failure)  91221K->661K(432640K), 0.0004354 secs]
68.861: Total time for which application threads were stopped: 0.0005606 seconds, Stopping threads took: 0.0000281 seconds
68.919: [GC (Allocation Failure)  89749K->629K(431104K), 0.0004931 secs]
68.920: Total time for which application threads were stopped: 0.0005984 seconds, Stopping threads took: 0.0000168 seconds
68.975: [GC (Allocation Failure)  88181K->693K(429568K), 0.0005370 secs]
68.976: Total time for which application threads were stopped: 0.0006899 seconds, Stopping threads took: 0.0000266 seconds
69.030: [GC (Allocation Failure)  86709K->725K(428032K), 0.0004755 secs]
69.030: Total time for which application threads were stopped: 0.0005986 seconds, Stopping threads took: 0.0000198 seconds
69.084: [GC (Allocation Failure)  85205K->725K(426496K), 0.0004521 secs]
69.084: Total time for which application threads were stopped: 0.0005751 seconds, Stopping threads took: 0.0000274 seconds
69.140: [GC (Allocation Failure)  83669K->693K(424960K), 0.0004708 secs]
69.141: Total time for which application threads were stopped: 0.0005790 seconds, Stopping threads took: 0.0000179 seconds
69.194: [GC (Allocation Failure)  82101K->661K(423424K), 0.0005881 secs]
69.195: Total time for which application threads were stopped: 0.0007224 seconds, Stopping threads took: 0.0000200 seconds
69.248: [GC (Allocation Failure)  80533K->661K(422400K), 0.0005334 secs]
69.249: Total time for which application threads were stopped: 0.0006723 seconds, Stopping threads took: 0.0000204 seconds
69.305: [GC (Allocation Failure)  79509K->661K(421376K), 0.0005382 secs]
69.305: Total time for which application threads were stopped: 0.0006708 seconds, Stopping threads took: 0.0000285 seconds
69.354: [GC (Allocation Failure)  78485K->661K(420352K), 0.0005086 secs]
69.354: Total time for which application threads were stopped: 0.0006575 seconds, Stopping threads took: 0.0000286 seconds
69.408: [GC (Allocation Failure)  77461K->661K(419328K), 0.0006528 secs]
69.408: Total time for which application threads were stopped: 0.0007910 seconds, Stopping threads took: 0.0000221 seconds
69.456: [GC (Allocation Failure)  76437K->661K(418304K), 0.0003797 secs]
69.457: Total time for which application threads were stopped: 0.0004968 seconds, Stopping threads took: 0.0000258 seconds
69.505: [GC (Allocation Failure)  75413K->661K(417280K), 0.0005582 secs]
69.505: Total time for which application threads were stopped: 0.0006752 seconds, Stopping threads took: 0.0000258 seconds
69.557: [GC (Allocation Failure)  74389K->661K(416256K), 0.0005056 secs]
69.558: Total time for which application threads were stopped: 0.0006327 seconds, Stopping threads took: 0.0000174 seconds
69.603: [GC (Allocation Failure)  73365K->693K(415232K), 0.0005053 secs]
69.604: Total time for which application threads were stopped: 0.0006482 seconds, Stopping threads took: 0.0000278 seconds
69.649: [GC (Allocation Failure)  72373K->629K(414208K), 0.0005740 secs]
69.649: Total time for which application threads were stopped: 0.0007168 seconds, Stopping threads took: 0.0000210 seconds
69.700: [GC (Allocation Failure)  71285K->757K(413184K), 0.0005152 secs]
69.700: Total time for which application threads were stopped: 0.0006709 seconds, Stopping threads took: 0.0000375 seconds
69.744: [GC (Allocation Failure)  70389K->629K(412160K), 0.0005665 secs]
69.745: Total time for which application threads were stopped: 0.0007053 seconds, Stopping threads took: 0.0000207 seconds
69.793: [GC (Allocation Failure)  69237K->661K(411136K), 0.0004834 secs]
69.794: Total time for which application threads were stopped: 0.0006075 seconds, Stopping threads took: 0.0000290 seconds
69.836: [GC (Allocation Failure)  68245K->725K(410112K), 0.0005282 secs]
69.837: Total time for which application threads were stopped: 0.0006612 seconds, Stopping threads took: 0.0000192 seconds
69.879: [GC (Allocation Failure)  67285K->757K(409088K), 0.0005149 secs]
69.880: Total time for which application threads were stopped: 0.0006597 seconds, Stopping threads took: 0.0000261 seconds
69.921: [GC (Allocation Failure)  66293K->661K(408064K), 0.0005046 secs]
69.922: Total time for which application threads were stopped: 0.0006569 seconds, Stopping threads took: 0.0000265 seconds
69.968: [GC (Allocation Failure)  65173K->693K(421376K), 0.0007026 secs]
69.969: Total time for which application threads were stopped: 0.0008348 seconds, Stopping threads took: 0.0000193 seconds
70.021: [GC (Allocation Failure)  78517K->693K(437248K), 0.0005619 secs]
70.021: Total time for which application threads were stopped: 0.0007105 seconds, Stopping threads took: 0.0000288 seconds
70.080: [GC (Allocation Failure)  94389K->693K(435712K), 0.0005294 secs]
70.081: Total time for which application threads were stopped: 0.0006521 seconds, Stopping threads took: 0.0000208 seconds
70.138: [GC (Allocation Failure)  92853K->693K(434176K), 0.0004525 secs]
70.139: Total time for which application threads were stopped: 0.0005747 seconds, Stopping threads took: 0.0000195 seconds
70.197: [GC (Allocation Failure)  91317K->629K(432640K), 0.0004391 secs]
70.197: Total time for which application threads were stopped: 0.0005548 seconds, Stopping threads took: 0.0000194 seconds
70.257: [GC (Allocation Failure)  89717K->661K(431104K), 0.0005020 secs]
70.257: Total time for which application threads were stopped: 0.0006091 seconds, Stopping threads took: 0.0000171 seconds
70.312: [GC (Allocation Failure)  88213K->661K(429568K), 0.0004497 secs]
70.312: Total time for which application threads were stopped: 0.0005584 seconds, Stopping threads took: 0.0000173 seconds
70.366: [GC (Allocation Failure)  86677K->693K(428032K), 0.0004976 secs]
70.367: Total time for which application threads were stopped: 0.0006401 seconds, Stopping threads took: 0.0000171 seconds
70.424: [GC (Allocation Failure)  85173K->693K(426496K), 0.0005118 secs]
70.425: Total time for which application threads were stopped: 0.0006472 seconds, Stopping threads took: 0.0000220 seconds
70.481: [GC (Allocation Failure)  83637K->693K(424960K), 0.0004649 secs]
70.481: Total time for which application threads were stopped: 0.0005909 seconds, Stopping threads took: 0.0000266 seconds
70.538: [GC (Allocation Failure)  82101K->597K(423424K), 0.0004392 secs]
70.539: Total time for which application threads were stopped: 0.0005745 seconds, Stopping threads took: 0.0000294 seconds
70.594: [GC (Allocation Failure)  80469K->661K(422400K), 0.0004875 secs]
70.594: Total time for which application threads were stopped: 0.0006284 seconds, Stopping threads took: 0.0000214 seconds
70.644: [GC (Allocation Failure)  79509K->693K(421376K), 0.0004653 secs]
70.645: Total time for which application threads were stopped: 0.0005949 seconds, Stopping threads took: 0.0000218 seconds
70.693: [GC (Allocation Failure)  78517K->661K(420352K), 0.0005099 secs]
70.694: Total time for which application threads were stopped: 0.0006480 seconds, Stopping threads took: 0.0000203 seconds
70.748: [GC (Allocation Failure)  77461K->725K(419328K), 0.0004861 secs]
70.749: Total time for which application threads were stopped: 0.0006166 seconds, Stopping threads took: 0.0000215 seconds
70.796: [GC (Allocation Failure)  76501K->629K(418304K), 0.0005022 secs]
70.797: Total time for which application threads were stopped: 0.0006505 seconds, Stopping threads took: 0.0000273 seconds
70.847: [GC (Allocation Failure)  75381K->693K(417280K), 0.0006157 secs]
70.848: Total time for which application threads were stopped: 0.0007626 seconds, Stopping threads took: 0.0000223 seconds
70.894: [GC (Allocation Failure)  74421K->693K(416256K), 0.0006418 secs]
70.895: Total time for which application threads were stopped: 0.0007814 seconds, Stopping threads took: 0.0000221 seconds
70.941: [GC (Allocation Failure)  73397K->661K(415232K), 0.0005089 secs]
70.941: Total time for which application threads were stopped: 0.0006482 seconds, Stopping threads took: 0.0000223 seconds
70.989: [GC (Allocation Failure)  72341K->661K(414208K), 0.0004793 secs]
70.989: Total time for which application threads were stopped: 0.0006031 seconds, Stopping threads took: 0.0000255 seconds
71.039: [GC (Allocation Failure)  71317K->693K(413184K), 0.0004996 secs]
71.039: Total time for which application threads were stopped: 0.0006547 seconds, Stopping threads took: 0.0000211 seconds
71.083: [GC (Allocation Failure)  70325K->725K(412160K), 0.0005492 secs]
71.084: Total time for which application threads were stopped: 0.0006792 seconds, Stopping threads took: 0.0000193 seconds
71.131: [GC (Allocation Failure)  69333K->661K(411136K), 0.0004836 secs]
71.131: Total time for which application threads were stopped: 0.0006127 seconds, Stopping threads took: 0.0000196 seconds
71.174: [GC (Allocation Failure)  68245K->725K(410112K), 0.0004982 secs]
71.175: Total time for which application threads were stopped: 0.0006242 seconds, Stopping threads took: 0.0000255 seconds
71.218: [GC (Allocation Failure)  67285K->661K(409088K), 0.0004603 secs]
71.219: Total time for which application threads were stopped: 0.0005841 seconds, Stopping threads took: 0.0000199 seconds
71.266: [GC (Allocation Failure)  66197K->693K(408064K), 0.0004664 secs]
71.266: Total time for which application threads were stopped: 0.0005977 seconds, Stopping threads took: 0.0000275 seconds
71.307: [GC (Allocation Failure)  65205K->661K(407040K), 0.0005138 secs]
71.307: Total time for which application threads were stopped: 0.0006515 seconds, Stopping threads took: 0.0000193 seconds
71.352: [GC (Allocation Failure)  64149K->693K(406016K), 0.0005116 secs]
71.352: Total time for which application threads were stopped: 0.0006579 seconds, Stopping threads took: 0.0000296 seconds
71.392: [GC (Allocation Failure)  63157K->629K(418816K), 0.0005913 secs]
71.392: Total time for which application threads were stopped: 0.0007463 seconds, Stopping threads took: 0.0000306 seconds
71.445: [GC (Allocation Failure)  75893K->661K(417792K), 0.0004583 secs]
71.446: Total time for which application threads were stopped: 0.0005842 seconds, Stopping threads took: 0.0000277 seconds
71.498: [GC (Allocation Failure)  74901K->725K(416768K), 0.0004860 secs]
71.498: Total time for which application threads were stopped: 0.0006134 seconds, Stopping threads took: 0.0000270 seconds
71.544: [GC (Allocation Failure)  73941K->661K(415744K), 0.0005141 secs]
71.545: Total time for which application threads were stopped: 0.0006618 seconds, Stopping threads took: 0.0000219 seconds
71.596: [GC (Allocation Failure)  72853K->661K(414720K), 0.0004853 secs]
71.596: Total time for which application threads were stopped: 0.0006159 seconds, Stopping threads took: 0.0000204 seconds
71.641: [GC (Allocation Failure)  71829K->661K(413696K), 0.0005709 secs]
71.642: Total time for which application threads were stopped: 0.0007109 seconds, Stopping threads took: 0.0000215 seconds
71.691: [GC (Allocation Failure)  70805K->693K(412672K), 0.0005232 secs]
71.692: Total time for which application threads were stopped: 0.0006511 seconds, Stopping threads took: 0.0000279 seconds
71.740: [GC (Allocation Failure)  69813K->629K(411648K), 0.0006754 secs]
71.741: Total time for which application threads were stopped: 0.0008336 seconds, Stopping threads took: 0.0000290 seconds
71.784: [GC (Allocation Failure)  68725K->693K(410624K), 0.0004641 secs]
71.784: Total time for which application threads were stopped: 0.0005940 seconds, Stopping threads took: 0.0000193 seconds
71.826: [GC (Allocation Failure)  67765K->661K(409600K), 0.0005166 secs]
71.827: Total time for which application threads were stopped: 0.0006610 seconds, Stopping threads took: 0.0000215 seconds
71.873: [GC (Allocation Failure)  66709K->693K(408576K), 0.0005358 secs]
71.874: Total time for which application threads were stopped: 0.0006557 seconds, Stopping threads took: 0.0000193 seconds
71.920: [GC (Allocation Failure)  65717K->629K(421888K), 0.0006103 secs]
71.921: Total time for which application threads were stopped: 0.0007360 seconds, Stopping threads took: 0.0000204 seconds
71.970: [GC (Allocation Failure)  78965K->693K(420864K), 0.0003920 secs]
71.971: Total time for which application threads were stopped: 0.0005116 seconds, Stopping threads took: 0.0000253 seconds
72.019: [GC (Allocation Failure)  78005K->661K(419840K), 0.0005213 secs]
72.020: Total time for which application threads were stopped: 0.0006713 seconds, Stopping threads took: 0.0000263 seconds
72.068: [GC (Allocation Failure)  76949K->693K(418816K), 0.0004626 secs]
72.068: Total time for which application threads were stopped: 0.0005843 seconds, Stopping threads took: 0.0000192 seconds
72.121: [GC (Allocation Failure)  75957K->661K(417792K), 0.0004865 secs]
72.121: Total time for which application threads were stopped: 0.0006219 seconds, Stopping threads took: 0.0000283 seconds
72.173: [GC (Allocation Failure)  74901K->693K(416768K), 0.0005515 secs]
72.173: Total time for which application threads were stopped: 0.0006766 seconds, Stopping threads took: 0.0000250 seconds
72.219: [GC (Allocation Failure)  73909K->661K(415744K), 0.0005348 secs]
72.220: Total time for which application threads were stopped: 0.0006630 seconds, Stopping threads took: 0.0000271 seconds
72.270: [GC (Allocation Failure)  72853K->661K(414720K), 0.0004869 secs]
72.271: Total time for which application threads were stopped: 0.0006188 seconds, Stopping threads took: 0.0000194 seconds
72.320: [GC (Allocation Failure)  71829K->693K(413696K), 0.0004700 secs]
72.321: Total time for which application threads were stopped: 0.0006050 seconds, Stopping threads took: 0.0000293 seconds
72.365: [GC (Allocation Failure)  70837K->725K(412672K), 0.0004634 secs]
72.365: Total time for which application threads were stopped: 0.0005909 seconds, Stopping threads took: 0.0000193 seconds
72.414: [GC (Allocation Failure)  69845K->693K(411648K), 0.0005181 secs]
72.415: Total time for which application threads were stopped: 0.0006370 seconds, Stopping threads took: 0.0000195 seconds
72.458: [GC (Allocation Failure)  68789K->661K(410624K), 0.0003964 secs]
72.459: Total time for which application threads were stopped: 0.0005181 seconds, Stopping threads took: 0.0000262 seconds
72.501: [GC (Allocation Failure)  67733K->725K(409600K), 0.0004867 secs]
72.502: Total time for which application threads were stopped: 0.0006126 seconds, Stopping threads took: 0.0000253 seconds
72.548: [GC (Allocation Failure)  66773K->661K(408576K), 0.0005053 secs]
72.549: Total time for which application threads were stopped: 0.0006429 seconds, Stopping threads took: 0.0000206 seconds
72.595: [GC (Allocation Failure)  65685K->693K(407552K), 0.0005223 secs]
72.596: Total time for which application threads were stopped: 0.0006523 seconds, Stopping threads took: 0.0000209 seconds
72.642: [GC (Allocation Failure)  64693K->757K(406528K), 0.0005097 secs]
72.642: Total time for which application threads were stopped: 0.0006474 seconds, Stopping threads took: 0.0000215 seconds
72.682: [GC (Allocation Failure)  63733K->725K(405504K), 0.0005043 secs]
72.683: Total time for which application threads were stopped: 0.0006274 seconds, Stopping threads took: 0.0000203 seconds
72.726: [GC (Allocation Failure)  62677K->693K(404992K), 0.0005481 secs]
72.727: Total time for which application threads were stopped: 0.0006694 seconds, Stopping threads took: 0.0000197 seconds
72.766: [GC (Allocation Failure)  62133K->693K(404480K), 0.0004758 secs]
72.766: Total time for which application threads were stopped: 0.0005962 seconds, Stopping threads took: 0.0000193 seconds
72.805: [GC (Allocation Failure)  61621K->661K(416768K), 0.0005675 secs]
72.805: Total time for which application threads were stopped: 0.0007127 seconds, Stopping threads took: 0.0000208 seconds
72.851: [GC (Allocation Failure)  73877K->661K(431616K), 0.0005481 secs]
72.852: Total time for which application threads were stopped: 0.0007040 seconds, Stopping threads took: 0.0000304 seconds
72.911: [GC (Allocation Failure)  88725K->661K(430080K), 0.0004915 secs]
72.911: Total time for which application threads were stopped: 0.0006541 seconds, Stopping threads took: 0.0000307 seconds
72.966: [GC (Allocation Failure)  87189K->661K(428544K), 0.0005371 secs]
72.967: Total time for which application threads were stopped: 0.0006821 seconds, Stopping threads took: 0.0000279 seconds
73.020: [GC (Allocation Failure)  85653K->693K(427008K), 0.0006276 secs]
73.021: Total time for which application threads were stopped: 0.0007533 seconds, Stopping threads took: 0.0000211 seconds
73.078: [GC (Allocation Failure)  84149K->661K(425472K), 0.0004819 secs]
73.078: Total time for which application threads were stopped: 0.0006140 seconds, Stopping threads took: 0.0000286 seconds
73.130: [GC (Allocation Failure)  82581K->661K(423936K), 0.0004999 secs]
73.130: Total time for which application threads were stopped: 0.0006178 seconds, Stopping threads took: 0.0000197 seconds
73.181: [GC (Allocation Failure)  81045K->693K(422400K), 0.0004941 secs]
73.182: Total time for which application threads were stopped: 0.0006249 seconds, Stopping threads took: 0.0000195 seconds
73.233: [GC (Allocation Failure)  79541K->661K(421376K), 0.0005149 secs]
73.234: Total time for which application threads were stopped: 0.0006431 seconds, Stopping threads took: 0.0000270 seconds
73.289: [GC (Allocation Failure)  78485K->725K(420352K), 0.0004672 secs]
73.289: Total time for which application threads were stopped: 0.0005915 seconds, Stopping threads took: 0.0000280 seconds
73.341: [GC (Allocation Failure)  77525K->757K(419328K), 0.0005769 secs]
73.342: Total time for which application threads were stopped: 0.0006942 seconds, Stopping threads took: 0.0000181 seconds
73.395: [GC (Allocation Failure)  76533K->693K(418304K), 0.0007870 secs]
73.396: Total time for which application threads were stopped: 0.0009136 seconds, Stopping threads took: 0.0000192 seconds
73.449: [GC (Allocation Failure)  75445K->725K(417280K), 0.0006387 secs]
73.449: Total time for which application threads were stopped: 0.0007597 seconds, Stopping threads took: 0.0000189 seconds
73.499: [GC (Allocation Failure)  74453K->629K(416256K), 0.0005616 secs]
73.500: Total time for which application threads were stopped: 0.0006829 seconds, Stopping threads took: 0.0000201 seconds
73.546: [GC (Allocation Failure)  73333K->629K(415232K), 0.0004524 secs]
73.547: Total time for which application threads were stopped: 0.0005888 seconds, Stopping threads took: 0.0000201 seconds
73.592: [GC (Allocation Failure)  72309K->661K(429568K), 0.0006613 secs]
73.592: Total time for which application threads were stopped: 0.0007970 seconds, Stopping threads took: 0.0000217 seconds
73.646: [GC (Allocation Failure)  86677K->693K(428032K), 0.0005539 secs]
73.647: Total time for which application threads were stopped: 0.0006892 seconds, Stopping threads took: 0.0000213 seconds
73.700: [GC (Allocation Failure)  85173K->661K(426496K), 0.0005714 secs]
73.700: Total time for which application threads were stopped: 0.0006984 seconds, Stopping threads took: 0.0000192 seconds
73.759: [GC (Allocation Failure)  83605K->661K(424960K), 0.0005522 secs]
73.760: Total time for which application threads were stopped: 0.0006987 seconds, Stopping threads took: 0.0000223 seconds
73.817: [GC (Allocation Failure)  82069K->661K(423424K), 0.0004959 secs]
73.818: Total time for which application threads were stopped: 0.0006243 seconds, Stopping threads took: 0.0000205 seconds
73.874: [GC (Allocation Failure)  80533K->693K(422400K), 0.0005174 secs]
73.874: Total time for which application threads were stopped: 0.0006598 seconds, Stopping threads took: 0.0000294 seconds
73.928: [GC (Allocation Failure)  79541K->693K(421376K), 0.0004857 secs]
73.928: Total time for which application threads were stopped: 0.0006042 seconds, Stopping threads took: 0.0000189 seconds
73.981: [GC (Allocation Failure)  78517K->661K(420352K), 0.0004061 secs]
73.981: Total time for which application threads were stopped: 0.0005267 seconds, Stopping threads took: 0.0000257 seconds
74.035: [GC (Allocation Failure)  77461K->693K(419328K), 0.0006358 secs]
74.035: Total time for which application threads were stopped: 0.0007722 seconds, Stopping threads took: 0.0000206 seconds
74.087: [GC (Allocation Failure)  76469K->725K(418304K), 0.0005174 secs]
74.088: Total time for which application threads were stopped: 0.0006512 seconds, Stopping threads took: 0.0000272 seconds
74.140: [GC (Allocation Failure)  75477K->725K(417280K), 0.0004804 secs]
74.140: Total time for which application threads were stopped: 0.0006032 seconds, Stopping threads took: 0.0000208 seconds
74.191: [GC (Allocation Failure)  74453K->661K(416256K), 0.0005834 secs]
74.192: Total time for which application threads were stopped: 0.0007041 seconds, Stopping threads took: 0.0000202 seconds
74.243: [GC (Allocation Failure)  73365K->693K(415232K), 0.0004683 secs]
74.244: Total time for which application threads were stopped: 0.0005962 seconds, Stopping threads took: 0.0000193 seconds
74.289: [GC (Allocation Failure)  72373K->693K(414208K), 0.0004201 secs]
74.289: Total time for which application threads were stopped: 0.0005279 seconds, Stopping threads took: 0.0000170 seconds
74.337: [GC (Allocation Failure)  71349K->725K(413184K), 0.0004679 secs]
74.338: Total time for which application threads were stopped: 0.0006000 seconds, Stopping threads took: 0.0000297 seconds
74.381: [GC (Allocation Failure)  70357K->661K(412160K), 0.0005165 secs]
74.382: Total time for which application threads were stopped: 0.0006378 seconds, Stopping threads took: 0.0000171 seconds
74.425: [GC (Allocation Failure)  69269K->661K(411136K), 0.0006038 secs]
74.426: Total time for which application threads were stopped: 0.0007551 seconds, Stopping threads took: 0.0000292 seconds
74.472: [GC (Allocation Failure)  68245K->661K(410112K), 0.0004744 secs]
74.473: Total time for which application threads were stopped: 0.0006128 seconds, Stopping threads took: 0.0000267 seconds
74.515: [GC (Allocation Failure)  67221K->629K(423424K), 0.0006263 secs]
74.515: Total time for which application threads were stopped: 0.0007553 seconds, Stopping threads took: 0.0000277 seconds
74.566: [GC (Allocation Failure)  80501K->661K(422400K), 0.0004506 secs]
74.566: Total time for which application threads were stopped: 0.0005792 seconds, Stopping threads took: 0.0000274 seconds
74.618: [GC (Allocation Failure)  79509K->693K(421376K), 0.0004356 secs]
74.619: Total time for which application threads were stopped: 0.0005637 seconds, Stopping threads took: 0.0000277 seconds
74.671: [GC (Allocation Failure)  78517K->661K(420352K), 0.0004038 secs]
74.671: Total time for which application threads were stopped: 0.0005121 seconds, Stopping threads took: 0.0000166 seconds
74.719: [GC (Allocation Failure)  77461K->661K(419328K), 0.0004026 secs]
74.720: Total time for which application threads were stopped: 0.0005222 seconds, Stopping threads took: 0.0000268 seconds
74.773: [GC (Allocation Failure)  76437K->661K(418304K), 0.0004034 secs]
74.773: Total time for which application threads were stopped: 0.0005085 seconds, Stopping threads took: 0.0000161 seconds
74.820: [GC (Allocation Failure)  75413K->725K(417280K), 0.0004198 secs]
74.821: Total time for which application threads were stopped: 0.0005286 seconds, Stopping threads took: 0.0000167 seconds
74.867: [GC (Allocation Failure)  74453K->693K(416256K), 0.0004772 secs]
74.867: Total time for which application threads were stopped: 0.0006099 seconds, Stopping threads took: 0.0000194 seconds
74.913: [GC (Allocation Failure)  73397K->693K(415232K), 0.0005512 secs]
74.914: Total time for which application threads were stopped: 0.0006693 seconds, Stopping threads took: 0.0000197 seconds
74.959: [GC (Allocation Failure)  72373K->661K(414208K), 0.0004275 secs]
74.959: Total time for which application threads were stopped: 0.0005488 seconds, Stopping threads took: 0.0000259 seconds
75.006: [GC (Allocation Failure)  71317K->693K(413184K), 0.0004896 secs]
75.006: Total time for which application threads were stopped: 0.0006090 seconds, Stopping threads took: 0.0000192 seconds
75.050: [GC (Allocation Failure)  70325K->661K(412160K), 0.0004893 secs]
75.050: Total time for which application threads were stopped: 0.0006070 seconds, Stopping threads took: 0.0000191 seconds
75.099: [GC (Allocation Failure)  69269K->757K(411136K), 0.0007280 secs]
75.100: Total time for which application threads were stopped: 0.0008583 seconds, Stopping threads took: 0.0000188 seconds
75.145: [GC (Allocation Failure)  68341K->725K(424960K), 0.0006922 secs]
75.146: Total time for which application threads were stopped: 0.0008147 seconds, Stopping threads took: 0.0000195 seconds
75.198: [GC (Allocation Failure)  82133K->693K(423424K), 0.0004717 secs]
75.198: Total time for which application threads were stopped: 0.0005921 seconds, Stopping threads took: 0.0000198 seconds
75.252: [GC (Allocation Failure)  80565K->629K(422400K), 0.0004692 secs]
75.252: Total time for which application threads were stopped: 0.0005937 seconds, Stopping threads took: 0.0000271 seconds
75.302: [GC (Allocation Failure)  79477K->693K(421376K), 0.0004618 secs]
75.302: Total time for which application threads were stopped: 0.0005907 seconds, Stopping threads took: 0.0000275 seconds
75.356: [GC (Allocation Failure)  78517K->757K(420352K), 0.0005441 secs]
75.357: Total time for which application threads were stopped: 0.0006601 seconds, Stopping threads took: 0.0000192 seconds
75.405: [GC (Allocation Failure)  77557K->661K(419328K), 0.0004696 secs]
75.405: Total time for which application threads were stopped: 0.0005799 seconds, Stopping threads took: 0.0000169 seconds
