Java HotSpot(TM) 64-Bit Server VM (25.171-b11) for linux-amd64 JRE (1.8.0_171-b11), built on Mar 28 2018 17:07:08 by "java_re" with gcc 4.3.0 20080428 (Red Hat 4.3.0-8)
Memory: 4k page, physical 32883000k(29628004k free), swap 8000508k(8000508k free)
CommandLine flags: -XX:InitialHeapSize=526128000 -XX:MaxHeapSize=8418048000 -XX:+PrintGC -XX:+PrintGCApplicationStoppedTime -XX:+PrintGCTimeStamps -XX:+UseCompressedClassPointers -XX:+UseCompressedOops -XX:+UseParallelGC 
0.385: [GC (Allocation Failure)  129024K->2309K(493056K), 0.0029063 secs]
0.388: Total time for which application threads were stopped: 0.0031074 seconds, Stopping threads took: 0.0000227 seconds
0.477: [GC (Allocation Failure)  131333K->568K(493056K), 0.0009485 secs]
0.478: Total time for which application threads were stopped: 0.0011247 seconds, Stopping threads took: 0.0000369 seconds
0.564: [GC (Allocation Failure)  129592K->640K(493056K), 0.0007694 secs]
0.564: Total time for which application threads were stopped: 0.0008972 seconds, Stopping threads took: 0.0000297 seconds
0.652: [GC (Allocation Failure)  129664K->584K(493056K), 0.0009359 secs]
0.653: Total time for which application threads were stopped: 0.0010855 seconds, Stopping threads took: 0.0000244 seconds
0.735: [GC (Allocation Failure)  129608K->647K(470016K), 0.0010191 secs]
0.737: Total time for which application threads were stopped: 0.0011473 seconds, Stopping threads took: 0.0000238 seconds
0.816: [GC (Allocation Failure)  126599K->664K(466944K), 0.0012037 secs]
0.817: Total time for which application threads were stopped: 0.0013488 seconds, Stopping threads took: 0.0000282 seconds
0.895: [GC (Allocation Failure)  123544K->605K(463872K), 0.0011215 secs]
0.896: Total time for which application threads were stopped: 0.0012618 seconds, Stopping threads took: 0.0000276 seconds
0.979: [GC (Allocation Failure)  120925K->605K(461312K), 0.0005293 secs]
0.979: Total time for which application threads were stopped: 0.0006674 seconds, Stopping threads took: 0.0000284 seconds
1.059: [GC (Allocation Failure)  118365K->605K(460800K), 0.0005144 secs]
1.059: Total time for which application threads were stopped: 0.0006135 seconds, Stopping threads took: 0.0000235 seconds
1.135: [GC (Allocation Failure)  115805K->605K(456192K), 0.0005472 secs]
1.135: Total time for which application threads were stopped: 0.0006601 seconds, Stopping threads took: 0.0000314 seconds
1.211: [GC (Allocation Failure)  113245K->605K(455168K), 0.0008271 secs]
1.212: Total time for which application threads were stopped: 0.0009668 seconds, Stopping threads took: 0.0000325 seconds
1.283: [GC (Allocation Failure)  110685K->669K(451584K), 0.0005007 secs]
1.284: Total time for which application threads were stopped: 0.0006164 seconds, Stopping threads took: 0.0000196 seconds
1.357: [GC (Allocation Failure)  108701K->669K(451072K), 0.0004281 secs]
1.358: Total time for which application threads were stopped: 0.0005625 seconds, Stopping threads took: 0.0000201 seconds
1.424: [GC (Allocation Failure)  106653K->701K(447488K), 0.0005447 secs]
1.425: Total time for which application threads were stopped: 0.0006687 seconds, Stopping threads took: 0.0000193 seconds
1.491: [GC (Allocation Failure)  104637K->637K(446976K), 0.0005524 secs]
1.492: Total time for which application threads were stopped: 0.0006989 seconds, Stopping threads took: 0.0000268 seconds
1.556: [GC (Allocation Failure)  102525K->669K(443392K), 0.0006726 secs]
1.557: Total time for which application threads were stopped: 0.0008084 seconds, Stopping threads took: 0.0000210 seconds
1.625: [GC (Allocation Failure)  100509K->669K(442880K), 0.0004828 secs]
1.625: Total time for which application threads were stopped: 0.0006195 seconds, Stopping threads took: 0.0000262 seconds
1.688: [GC (Allocation Failure)  98461K->637K(439296K), 0.0004913 secs]
1.688: Total time for which application threads were stopped: 0.0006061 seconds, Stopping threads took: 0.0000249 seconds
1.752: [GC (Allocation Failure)  96381K->605K(438784K), 0.0004762 secs]
1.753: Total time for which application threads were stopped: 0.0005921 seconds, Stopping threads took: 0.0000203 seconds
1.816: [GC (Allocation Failure)  94813K->637K(436224K), 0.0005455 secs]
1.817: Total time for which application threads were stopped: 0.0006972 seconds, Stopping threads took: 0.0000290 seconds
1.882: [GC (Allocation Failure)  93309K->669K(435712K), 0.0004572 secs]
1.883: Total time for which application threads were stopped: 0.0005852 seconds, Stopping threads took: 0.0000235 seconds
1.947: [GC (Allocation Failure)  91805K->637K(433152K), 0.0005276 secs]
1.948: Total time for which application threads were stopped: 0.0006432 seconds, Stopping threads took: 0.0000196 seconds
2.010: [GC (Allocation Failure)  90237K->669K(432640K), 0.0004355 secs]
2.011: Total time for which application threads were stopped: 0.0005547 seconds, Stopping threads took: 0.0000212 seconds
2.066: [GC (Allocation Failure)  88733K->605K(430080K), 0.0006632 secs]
2.067: Total time for which application threads were stopped: 0.0007842 seconds, Stopping threads took: 0.0000256 seconds
2.122: [GC (Allocation Failure)  87133K->637K(429056K), 0.0004570 secs]
2.122: Total time for which application threads were stopped: 0.0005901 seconds, Stopping threads took: 0.0000300 seconds
2.179: [GC (Allocation Failure)  85629K->637K(427008K), 0.0004935 secs]
2.180: Total time for which application threads were stopped: 0.0006145 seconds, Stopping threads took: 0.0000270 seconds
2.232: [GC (Allocation Failure)  84093K->637K(425984K), 0.0005277 secs]
2.233: Total time for which application threads were stopped: 0.0006430 seconds, Stopping threads took: 0.0000198 seconds
2.285: [GC (Allocation Failure)  82557K->701K(423936K), 0.0004952 secs]
2.286: Total time for which application threads were stopped: 0.0006121 seconds, Stopping threads took: 0.0000192 seconds
2.337: [GC (Allocation Failure)  81085K->669K(422912K), 0.0004939 secs]
2.337: Total time for which application threads were stopped: 0.0006219 seconds, Stopping threads took: 0.0000288 seconds
2.392: [GC (Allocation Failure)  79517K->637K(421376K), 0.0004941 secs]
2.393: Total time for which application threads were stopped: 0.0006114 seconds, Stopping threads took: 0.0000193 seconds
2.442: [GC (Allocation Failure)  78461K->669K(420864K), 0.0005092 secs]
2.443: Total time for which application threads were stopped: 0.0006280 seconds, Stopping threads took: 0.0000204 seconds
2.495: [GC (Allocation Failure)  77469K->701K(419328K), 0.0005162 secs]
2.496: Total time for which application threads were stopped: 0.0006385 seconds, Stopping threads took: 0.0000192 seconds
2.544: [GC (Allocation Failure)  76477K->669K(418816K), 0.0004519 secs]
2.545: Total time for which application threads were stopped: 0.0005782 seconds, Stopping threads took: 0.0000283 seconds
2.598: [GC (Allocation Failure)  75421K->669K(417280K), 0.0004916 secs]
2.599: Total time for which application threads were stopped: 0.0006089 seconds, Stopping threads took: 0.0000193 seconds
2.646: [GC (Allocation Failure)  74397K->701K(416256K), 0.0004965 secs]
2.646: Total time for which application threads were stopped: 0.0006151 seconds, Stopping threads took: 0.0000203 seconds
2.693: [GC (Allocation Failure)  73405K->637K(415232K), 0.0006430 secs]
2.694: Total time for which application threads were stopped: 0.0007605 seconds, Stopping threads took: 0.0000197 seconds
2.742: [GC (Allocation Failure)  72317K->669K(414208K), 0.0005016 secs]
2.743: Total time for which application threads were stopped: 0.0006187 seconds, Stopping threads took: 0.0000203 seconds
2.794: [GC (Allocation Failure)  71325K->669K(413184K), 0.0006284 secs]
2.795: Total time for which application threads were stopped: 0.0007680 seconds, Stopping threads took: 0.0000222 seconds
2.839: [GC (Allocation Failure)  70301K->669K(430592K), 0.0006389 secs]
2.840: Total time for which application threads were stopped: 0.0007561 seconds, Stopping threads took: 0.0000197 seconds
2.895: [GC (Allocation Failure)  87709K->637K(429056K), 0.0004985 secs]
2.896: Total time for which application threads were stopped: 0.0006302 seconds, Stopping threads took: 0.0000212 seconds
2.956: [GC (Allocation Failure)  86141K->637K(427520K), 0.0004803 secs]
2.957: Total time for which application threads were stopped: 0.0006067 seconds, Stopping threads took: 0.0000279 seconds
3.010: [GC (Allocation Failure)  84605K->701K(425984K), 0.0005065 secs]
3.011: Total time for which application threads were stopped: 0.0006333 seconds, Stopping threads took: 0.0000258 seconds
3.069: [GC (Allocation Failure)  83133K->637K(424448K), 0.0004114 secs]
3.069: Total time for which application threads were stopped: 0.0005133 seconds, Stopping threads took: 0.0000169 seconds
3.124: [GC (Allocation Failure)  81533K->653K(422912K), 0.0004458 secs]
3.124: Total time for which application threads were stopped: 0.0005553 seconds, Stopping threads took: 0.0000177 seconds
3.175: [GC (Allocation Failure)  80013K->621K(421888K), 0.0005051 secs]
3.175: Total time for which application threads were stopped: 0.0006350 seconds, Stopping threads took: 0.0000200 seconds
3.231: [GC (Allocation Failure)  78957K->685K(420864K), 0.0004606 secs]
3.232: Total time for which application threads were stopped: 0.0005825 seconds, Stopping threads took: 0.0000215 seconds
3.281: [GC (Allocation Failure)  77997K->653K(419840K), 0.0004085 secs]
3.281: Total time for which application threads were stopped: 0.0005121 seconds, Stopping threads took: 0.0000167 seconds
3.329: [GC (Allocation Failure)  76941K->653K(418816K), 0.0005431 secs]
3.330: Total time for which application threads were stopped: 0.0006463 seconds, Stopping threads took: 0.0000170 seconds
3.384: [GC (Allocation Failure)  75917K->685K(417792K), 0.0004870 secs]
3.384: Total time for which application threads were stopped: 0.0006085 seconds, Stopping threads took: 0.0000163 seconds
3.432: [GC (Allocation Failure)  74925K->653K(416768K), 0.0005040 secs]
3.432: Total time for which application threads were stopped: 0.0006430 seconds, Stopping threads took: 0.0000205 seconds
3.485: [GC (Allocation Failure)  73869K->653K(415744K), 0.0004117 secs]
3.485: Total time for which application threads were stopped: 0.0005352 seconds, Stopping threads took: 0.0000198 seconds
3.532: [GC (Allocation Failure)  72845K->685K(414720K), 0.0004992 secs]
3.532: Total time for which application threads were stopped: 0.0006252 seconds, Stopping threads took: 0.0000272 seconds
3.578: [GC (Allocation Failure)  71853K->685K(413696K), 0.0005172 secs]
3.579: Total time for which application threads were stopped: 0.0006629 seconds, Stopping threads took: 0.0000201 seconds
3.624: [GC (Allocation Failure)  70829K->653K(412672K), 0.0006834 secs]
3.625: Total time for which application threads were stopped: 0.0008258 seconds, Stopping threads took: 0.0000198 seconds
3.670: [GC (Allocation Failure)  69773K->685K(411648K), 0.0004564 secs]
3.671: Total time for which application threads were stopped: 0.0005546 seconds, Stopping threads took: 0.0000168 seconds
3.720: [GC (Allocation Failure)  68781K->653K(410624K), 0.0004216 secs]
3.720: Total time for which application threads were stopped: 0.0005292 seconds, Stopping threads took: 0.0000173 seconds
3.766: [GC (Allocation Failure)  67725K->621K(409600K), 0.0004501 secs]
3.767: Total time for which application threads were stopped: 0.0005612 seconds, Stopping threads took: 0.0000167 seconds
3.809: [GC (Allocation Failure)  66669K->653K(408576K), 0.0004703 secs]
3.810: Total time for which application threads were stopped: 0.0005968 seconds, Stopping threads took: 0.0000271 seconds
3.851: [GC (Allocation Failure)  65677K->717K(407552K), 0.0004910 secs]
3.852: Total time for which application threads were stopped: 0.0006376 seconds, Stopping threads took: 0.0000214 seconds
3.893: [GC (Allocation Failure)  64717K->621K(406528K), 0.0005793 secs]
3.894: Total time for which application threads were stopped: 0.0007185 seconds, Stopping threads took: 0.0000297 seconds
3.941: [GC (Allocation Failure)  63597K->653K(419328K), 0.0005847 secs]
3.941: Total time for which application threads were stopped: 0.0007160 seconds, Stopping threads took: 0.0000279 seconds
3.990: [GC (Allocation Failure)  76429K->717K(434688K), 0.0006365 secs]
3.991: Total time for which application threads were stopped: 0.0007585 seconds, Stopping threads took: 0.0000190 seconds
4.055: [GC (Allocation Failure)  91853K->717K(433152K), 0.0004921 secs]
4.056: Total time for which application threads were stopped: 0.0006235 seconds, Stopping threads took: 0.0000274 seconds
4.064: Total time for which application threads were stopped: 0.0001135 seconds, Stopping threads took: 0.0000486 seconds
4.113: [GC (Allocation Failure)  90317K->653K(431616K), 0.0004646 secs]
4.114: Total time for which application threads were stopped: 0.0006242 seconds, Stopping threads took: 0.0000206 seconds
4.175: [GC (Allocation Failure)  88717K->717K(430080K), 0.0005508 secs]
4.176: Total time for which application threads were stopped: 0.0006527 seconds, Stopping threads took: 0.0000167 seconds
4.232: [GC (Allocation Failure)  87245K->685K(428544K), 0.0005051 secs]
4.233: Total time for which application threads were stopped: 0.0006444 seconds, Stopping threads took: 0.0000204 seconds
4.294: [GC (Allocation Failure)  85677K->653K(427008K), 0.0004788 secs]
4.294: Total time for which application threads were stopped: 0.0006270 seconds, Stopping threads took: 0.0000282 seconds
4.353: [GC (Allocation Failure)  84109K->653K(425472K), 0.0005055 secs]
4.354: Total time for which application threads were stopped: 0.0006407 seconds, Stopping threads took: 0.0000211 seconds
4.410: [GC (Allocation Failure)  82573K->653K(423936K), 0.0004559 secs]
4.410: Total time for which application threads were stopped: 0.0005958 seconds, Stopping threads took: 0.0000291 seconds
4.462: [GC (Allocation Failure)  81037K->685K(422400K), 0.0007264 secs]
4.463: Total time for which application threads were stopped: 0.0008780 seconds, Stopping threads took: 0.0000215 seconds
4.521: [GC (Allocation Failure)  79533K->653K(421376K), 0.0004548 secs]
4.521: Total time for which application threads were stopped: 0.0005835 seconds, Stopping threads took: 0.0000197 seconds
4.571: [GC (Allocation Failure)  78477K->717K(420352K), 0.0005357 secs]
4.572: Total time for which application threads were stopped: 0.0006657 seconds, Stopping threads took: 0.0000210 seconds
4.621: [GC (Allocation Failure)  77517K->653K(419328K), 0.0004819 secs]
4.622: Total time for which application threads were stopped: 0.0006060 seconds, Stopping threads took: 0.0000194 seconds
4.677: [GC (Allocation Failure)  76429K->685K(418304K), 0.0005377 secs]
4.678: Total time for which application threads were stopped: 0.0006698 seconds, Stopping threads took: 0.0000245 seconds
4.725: [GC (Allocation Failure)  75437K->653K(417280K), 0.0004773 secs]
4.726: Total time for which application threads were stopped: 0.0005960 seconds, Stopping threads took: 0.0000198 seconds
4.776: [GC (Allocation Failure)  74381K->653K(416256K), 0.0005028 secs]
4.777: Total time for which application threads were stopped: 0.0006216 seconds, Stopping threads took: 0.0000202 seconds
4.827: [GC (Allocation Failure)  73357K->685K(415232K), 0.0005562 secs]
4.828: Total time for which application threads were stopped: 0.0006826 seconds, Stopping threads took: 0.0000211 seconds
4.874: [GC (Allocation Failure)  72365K->621K(414208K), 0.0006259 secs]
4.874: Total time for which application threads were stopped: 0.0007533 seconds, Stopping threads took: 0.0000283 seconds
4.919: [GC (Allocation Failure)  71277K->621K(413184K), 0.0004864 secs]
4.920: Total time for which application threads were stopped: 0.0006130 seconds, Stopping threads took: 0.0000215 seconds
4.964: [GC (Allocation Failure)  70253K->653K(412160K), 0.0005459 secs]
4.965: Total time for which application threads were stopped: 0.0006824 seconds, Stopping threads took: 0.0000200 seconds
5.015: [GC (Allocation Failure)  69261K->621K(411136K), 0.0005108 secs]
5.015: Total time for which application threads were stopped: 0.0006442 seconds, Stopping threads took: 0.0000210 seconds
5.059: [GC (Allocation Failure)  68205K->621K(410112K), 0.0005804 secs]
5.059: Total time for which application threads were stopped: 0.0007299 seconds, Stopping threads took: 0.0000273 seconds
5.102: [GC (Allocation Failure)  67181K->685K(423424K), 0.0006551 secs]
5.103: Total time for which application threads were stopped: 0.0007838 seconds, Stopping threads took: 0.0000267 seconds
5.154: [GC (Allocation Failure)  80557K->685K(422400K), 0.0004251 secs]
5.154: Total time for which application threads were stopped: 0.0005460 seconds, Stopping threads took: 0.0000193 seconds
5.205: [GC (Allocation Failure)  79533K->653K(421376K), 0.0004793 secs]
5.206: Total time for which application threads were stopped: 0.0006082 seconds, Stopping threads took: 0.0000270 seconds
5.261: [GC (Allocation Failure)  78477K->685K(420352K), 0.0004703 secs]
5.262: Total time for which application threads were stopped: 0.0005930 seconds, Stopping threads took: 0.0000190 seconds
5.312: [GC (Allocation Failure)  77485K->621K(419328K), 0.0004472 secs]
5.312: Total time for which application threads were stopped: 0.0005742 seconds, Stopping threads took: 0.0000197 seconds
5.361: [GC (Allocation Failure)  76397K->685K(418304K), 0.0005451 secs]
5.361: Total time for which application threads were stopped: 0.0006969 seconds, Stopping threads took: 0.0000301 seconds
5.409: [GC (Allocation Failure)  75437K->685K(417280K), 0.0005430 secs]
5.410: Total time for which application threads were stopped: 0.0006952 seconds, Stopping threads took: 0.0000301 seconds
5.458: [GC (Allocation Failure)  74413K->621K(416256K), 0.0006068 secs]
5.458: Total time for which application threads were stopped: 0.0007714 seconds, Stopping threads took: 0.0000291 seconds
5.511: [GC (Allocation Failure)  73325K->717K(415232K), 0.0004931 secs]
5.512: Total time for which application threads were stopped: 0.0006475 seconds, Stopping threads took: 0.0000306 seconds
5.558: [GC (Allocation Failure)  72397K->653K(414208K), 0.0004892 secs]
5.559: Total time for which application threads were stopped: 0.0006346 seconds, Stopping threads took: 0.0000311 seconds
5.611: [GC (Allocation Failure)  71309K->653K(413184K), 0.0005360 secs]
5.611: Total time for which application threads were stopped: 0.0006667 seconds, Stopping threads took: 0.0000227 seconds
5.663: [GC (Allocation Failure)  70285K->653K(412160K), 0.0006380 secs]
5.663: Total time for which application threads were stopped: 0.0007724 seconds, Stopping threads took: 0.0000275 seconds
5.708: [GC (Allocation Failure)  69261K->685K(411136K), 0.0005187 secs]
5.708: Total time for which application threads were stopped: 0.0006442 seconds, Stopping threads took: 0.0000277 seconds
5.754: [GC (Allocation Failure)  68269K->717K(410112K), 0.0004400 secs]
5.755: Total time for which application threads were stopped: 0.0005608 seconds, Stopping threads took: 0.0000275 seconds
5.797: [GC (Allocation Failure)  67277K->653K(409088K), 0.0004068 secs]
5.798: Total time for which application threads were stopped: 0.0005118 seconds, Stopping threads took: 0.0000170 seconds
5.845: [GC (Allocation Failure)  66189K->685K(408064K), 0.0005323 secs]
5.846: Total time for which application threads were stopped: 0.0006704 seconds, Stopping threads took: 0.0000218 seconds
5.887: [GC (Allocation Failure)  65197K->685K(407040K), 0.0005236 secs]
5.887: Total time for which application threads were stopped: 0.0006783 seconds, Stopping threads took: 0.0000307 seconds
5.928: [GC (Allocation Failure)  64173K->685K(406016K), 0.0004728 secs]
5.929: Total time for which application threads were stopped: 0.0006081 seconds, Stopping threads took: 0.0000281 seconds
5.969: [GC (Allocation Failure)  63149K->717K(405504K), 0.0004072 secs]
5.970: Total time for which application threads were stopped: 0.0005324 seconds, Stopping threads took: 0.0000197 seconds
6.011: [GC (Allocation Failure)  62669K->653K(404992K), 0.0004384 secs]
6.011: Total time for which application threads were stopped: 0.0005830 seconds, Stopping threads took: 0.0000252 seconds
6.057: [GC (Allocation Failure)  62093K->685K(404480K), 0.0004941 secs]
6.057: Total time for which application threads were stopped: 0.0006497 seconds, Stopping threads took: 0.0000213 seconds
6.097: [GC (Allocation Failure)  61613K->717K(403968K), 0.0005598 secs]
6.098: Total time for which application threads were stopped: 0.0007166 seconds, Stopping threads took: 0.0000301 seconds
6.137: [GC (Allocation Failure)  61133K->653K(403456K), 0.0005301 secs]
6.137: Total time for which application threads were stopped: 0.0006880 seconds, Stopping threads took: 0.0000221 seconds
6.182: [GC (Allocation Failure)  60557K->685K(402944K), 0.0005364 secs]
6.183: Total time for which application threads were stopped: 0.0006962 seconds, Stopping threads took: 0.0000307 seconds
6.221: [GC (Allocation Failure)  60077K->685K(415232K), 0.0005524 secs]
6.222: Total time for which application threads were stopped: 0.0007042 seconds, Stopping threads took: 0.0000228 seconds
6.268: [GC (Allocation Failure)  72365K->653K(429568K), 0.0005329 secs]
6.269: Total time for which application threads were stopped: 0.0007049 seconds, Stopping threads took: 0.0000319 seconds
6.327: [GC (Allocation Failure)  86669K->685K(428032K), 0.0004570 secs]
6.328: Total time for which application threads were stopped: 0.0005857 seconds, Stopping threads took: 0.0000198 seconds
6.382: [GC (Allocation Failure)  85165K->653K(426496K), 0.0004924 secs]
6.383: Total time for which application threads were stopped: 0.0006283 seconds, Stopping threads took: 0.0000276 seconds
6.442: [GC (Allocation Failure)  83597K->653K(424960K), 0.0004625 secs]
6.442: Total time for which application threads were stopped: 0.0005861 seconds, Stopping threads took: 0.0000191 seconds
6.501: [GC (Allocation Failure)  82061K->653K(423424K), 0.0007555 secs]
6.502: Total time for which application threads were stopped: 0.0008947 seconds, Stopping threads took: 0.0000271 seconds
6.553: [GC (Allocation Failure)  80525K->717K(422400K), 0.0004953 secs]
6.554: Total time for which application threads were stopped: 0.0006178 seconds, Stopping threads took: 0.0000199 seconds
6.608: [GC (Allocation Failure)  79565K->685K(421376K), 0.0005420 secs]
6.608: Total time for which application threads were stopped: 0.0006555 seconds, Stopping threads took: 0.0000168 seconds
6.664: [GC (Allocation Failure)  78509K->653K(420352K), 0.0004914 secs]
6.664: Total time for which application threads were stopped: 0.0006260 seconds, Stopping threads took: 0.0000275 seconds
6.717: [GC (Allocation Failure)  77453K->685K(419328K), 0.0005010 secs]
6.717: Total time for which application threads were stopped: 0.0006580 seconds, Stopping threads took: 0.0000215 seconds
6.765: [GC (Allocation Failure)  76461K->749K(418304K), 0.0005440 secs]
6.766: Total time for which application threads were stopped: 0.0006871 seconds, Stopping threads took: 0.0000232 seconds
6.813: [GC (Allocation Failure)  75501K->653K(417280K), 0.0006469 secs]
6.814: Total time for which application threads were stopped: 0.0008065 seconds, Stopping threads took: 0.0000251 seconds
6.861: [GC (Allocation Failure)  74381K->685K(416256K), 0.0006146 secs]
6.861: Total time for which application threads were stopped: 0.0007885 seconds, Stopping threads took: 0.0000288 seconds
6.914: [GC (Allocation Failure)  73389K->717K(431104K), 0.0007949 secs]
6.915: Total time for which application threads were stopped: 0.0009668 seconds, Stopping threads took: 0.0000240 seconds
6.971: [GC (Allocation Failure)  88269K->685K(429568K), 0.0004768 secs]
6.972: Total time for which application threads were stopped: 0.0006113 seconds, Stopping threads took: 0.0000270 seconds
7.028: [GC (Allocation Failure)  86701K->717K(428032K), 0.0004510 secs]
7.029: Total time for which application threads were stopped: 0.0006067 seconds, Stopping threads took: 0.0000260 seconds
7.087: [GC (Allocation Failure)  85197K->749K(426496K), 0.0004839 secs]
7.088: Total time for which application threads were stopped: 0.0006086 seconds, Stopping threads took: 0.0000219 seconds
7.140: [GC (Allocation Failure)  83693K->653K(424960K), 0.0004782 secs]
7.141: Total time for which application threads were stopped: 0.0006088 seconds, Stopping threads took: 0.0000269 seconds
7.193: [GC (Allocation Failure)  82061K->717K(423424K), 0.0005008 secs]
7.193: Total time for which application threads were stopped: 0.0006466 seconds, Stopping threads took: 0.0000289 seconds
7.244: [GC (Allocation Failure)  80589K->653K(422400K), 0.0004834 secs]
7.245: Total time for which application threads were stopped: 0.0006028 seconds, Stopping threads took: 0.0000196 seconds
7.300: [GC (Allocation Failure)  79501K->717K(421376K), 0.0005021 secs]
7.301: Total time for which application threads were stopped: 0.0006349 seconds, Stopping threads took: 0.0000280 seconds
7.350: [GC (Allocation Failure)  78541K->685K(420352K), 0.0004860 secs]
7.351: Total time for which application threads were stopped: 0.0006092 seconds, Stopping threads took: 0.0000203 seconds
7.400: [GC (Allocation Failure)  77485K->653K(419328K), 0.0005146 secs]
7.401: Total time for which application threads were stopped: 0.0006516 seconds, Stopping threads took: 0.0000272 seconds
7.449: [GC (Allocation Failure)  76429K->685K(418304K), 0.0004473 secs]
7.450: Total time for which application threads were stopped: 0.0005689 seconds, Stopping threads took: 0.0000196 seconds
7.498: [GC (Allocation Failure)  75437K->653K(417280K), 0.0004739 secs]
7.499: Total time for which application threads were stopped: 0.0006041 seconds, Stopping threads took: 0.0000268 seconds
7.546: [GC (Allocation Failure)  74381K->685K(416256K), 0.0004767 secs]
7.546: Total time for which application threads were stopped: 0.0005975 seconds, Stopping threads took: 0.0000198 seconds
7.593: [GC (Allocation Failure)  73389K->653K(415232K), 0.0005134 secs]
7.594: Total time for which application threads were stopped: 0.0006663 seconds, Stopping threads took: 0.0000447 seconds
7.640: [GC (Allocation Failure)  72333K->685K(414208K), 0.0004952 secs]
7.640: Total time for which application threads were stopped: 0.0006285 seconds, Stopping threads took: 0.0000198 seconds
7.687: [GC (Allocation Failure)  71341K->653K(413184K), 0.0004370 secs]
7.687: Total time for which application threads were stopped: 0.0005402 seconds, Stopping threads took: 0.0000173 seconds
7.731: [GC (Allocation Failure)  70285K->717K(412160K), 0.0005608 secs]
7.732: Total time for which application threads were stopped: 0.0006663 seconds, Stopping threads took: 0.0000168 seconds
7.775: [GC (Allocation Failure)  69325K->685K(411136K), 0.0004346 secs]
7.776: Total time for which application threads were stopped: 0.0005579 seconds, Stopping threads took: 0.0000279 seconds
7.825: [GC (Allocation Failure)  68269K->717K(410112K), 0.0004376 secs]
7.825: Total time for which application threads were stopped: 0.0005900 seconds, Stopping threads took: 0.0000202 seconds
7.868: [GC (Allocation Failure)  67277K->685K(409088K), 0.0004826 secs]
7.869: Total time for which application threads were stopped: 0.0006162 seconds, Stopping threads took: 0.0000215 seconds
7.911: [GC (Allocation Failure)  66221K->621K(408064K), 0.0006379 secs]
7.911: Total time for which application threads were stopped: 0.0007860 seconds, Stopping threads took: 0.0000290 seconds
7.956: [GC (Allocation Failure)  65133K->685K(421376K), 0.0005524 secs]
7.957: Total time for which application threads were stopped: 0.0006850 seconds, Stopping threads took: 0.0000278 seconds
8.012: [GC (Allocation Failure)  78509K->653K(420352K), 0.0005135 secs]
8.013: Total time for which application threads were stopped: 0.0006558 seconds, Stopping threads took: 0.0000283 seconds
8.062: [GC (Allocation Failure)  77453K->717K(419328K), 0.0004561 secs]
8.062: Total time for which application threads were stopped: 0.0005858 seconds, Stopping threads took: 0.0000254 seconds
8.117: [GC (Allocation Failure)  76493K->685K(418304K), 0.0005589 secs]
8.118: Total time for which application threads were stopped: 0.0007009 seconds, Stopping threads took: 0.0000201 seconds
8.170: [GC (Allocation Failure)  75437K->621K(417280K), 0.0005419 secs]
8.170: Total time for which application threads were stopped: 0.0006683 seconds, Stopping threads took: 0.0000214 seconds
8.218: [GC (Allocation Failure)  74349K->653K(416256K), 0.0005273 secs]
8.219: Total time for which application threads were stopped: 0.0006536 seconds, Stopping threads took: 0.0000331 seconds
8.268: [GC (Allocation Failure)  73357K->685K(415232K), 0.0006126 secs]
8.269: Total time for which application threads were stopped: 0.0007487 seconds, Stopping threads took: 0.0000275 seconds
8.320: [GC (Allocation Failure)  72365K->653K(414208K), 0.0004625 secs]
8.321: Total time for which application threads were stopped: 0.0005976 seconds, Stopping threads took: 0.0000271 seconds
8.369: [GC (Allocation Failure)  71309K->685K(413184K), 0.0006168 secs]
8.370: Total time for which application threads were stopped: 0.0007528 seconds, Stopping threads took: 0.0000197 seconds
8.418: [GC (Allocation Failure)  70317K->717K(412160K), 0.0004740 secs]
8.419: Total time for which application threads were stopped: 0.0006040 seconds, Stopping threads took: 0.0000204 seconds
8.463: [GC (Allocation Failure)  69325K->685K(411136K), 0.0005063 secs]
8.463: Total time for which application threads were stopped: 0.0006565 seconds, Stopping threads took: 0.0000298 seconds
8.508: [GC (Allocation Failure)  68269K->685K(410112K), 0.0004519 secs]
8.509: Total time for which application threads were stopped: 0.0005917 seconds, Stopping threads took: 0.0000276 seconds
8.552: [GC (Allocation Failure)  67245K->685K(409088K), 0.0004908 secs]
8.552: Total time for which application threads were stopped: 0.0006420 seconds, Stopping threads took: 0.0000298 seconds
8.594: [GC (Allocation Failure)  66221K->621K(422400K), 0.0006900 secs]
8.595: Total time for which application threads were stopped: 0.0008486 seconds, Stopping threads took: 0.0000298 seconds
8.649: [GC (Allocation Failure)  79469K->685K(438272K), 0.0005572 secs]
8.649: Total time for which application threads were stopped: 0.0006900 seconds, Stopping threads took: 0.0000268 seconds
8.711: [GC (Allocation Failure)  95405K->653K(436736K), 0.0004880 secs]
8.711: Total time for which application threads were stopped: 0.0006092 seconds, Stopping threads took: 0.0000206 seconds
8.770: [GC (Allocation Failure)  93837K->749K(435200K), 0.0005556 secs]
8.771: Total time for which application threads were stopped: 0.0006993 seconds, Stopping threads took: 0.0000295 seconds
8.833: [GC (Allocation Failure)  92397K->717K(433664K), 0.0005426 secs]
8.833: Total time for which application threads were stopped: 0.0006493 seconds, Stopping threads took: 0.0000171 seconds
8.890: [GC (Allocation Failure)  90829K->717K(432128K), 0.0006355 secs]
8.891: Total time for which application threads were stopped: 0.0007686 seconds, Stopping threads took: 0.0000197 seconds
8.947: [GC (Allocation Failure)  89293K->621K(430592K), 0.0005284 secs]
8.948: Total time for which application threads were stopped: 0.0006574 seconds, Stopping threads took: 0.0000223 seconds
9.003: [GC (Allocation Failure)  87661K->717K(429056K), 0.0005360 secs]
9.004: Total time for which application threads were stopped: 0.0006534 seconds, Stopping threads took: 0.0000193 seconds
9.063: [GC (Allocation Failure)  86221K->653K(427520K), 0.0004629 secs]
9.064: Total time for which application threads were stopped: 0.0005925 seconds, Stopping threads took: 0.0000178 seconds
9.120: [GC (Allocation Failure)  84621K->717K(425984K), 0.0005964 secs]
9.120: Total time for which application threads were stopped: 0.0007228 seconds, Stopping threads took: 0.0000264 seconds
9.173: [GC (Allocation Failure)  83149K->653K(424448K), 0.0005007 secs]
9.173: Total time for which application threads were stopped: 0.0006614 seconds, Stopping threads took: 0.0000292 seconds
9.225: [GC (Allocation Failure)  81549K->717K(422912K), 0.0004833 secs]
9.225: Total time for which application threads were stopped: 0.0006441 seconds, Stopping threads took: 0.0000292 seconds
9.283: [GC (Allocation Failure)  80077K->717K(421888K), 0.0005211 secs]
9.283: Total time for which application threads were stopped: 0.0006629 seconds, Stopping threads took: 0.0000213 seconds
9.338: [GC (Allocation Failure)  79053K->653K(420864K), 0.0005302 secs]
9.338: Total time for which application threads were stopped: 0.0006713 seconds, Stopping threads took: 0.0000215 seconds
9.394: [GC (Allocation Failure)  77965K->685K(419840K), 0.0004630 secs]
9.394: Total time for which application threads were stopped: 0.0005942 seconds, Stopping threads took: 0.0000274 seconds
9.443: [GC (Allocation Failure)  76973K->717K(418816K), 0.0005137 secs]
9.444: Total time for which application threads were stopped: 0.0006465 seconds, Stopping threads took: 0.0000199 seconds
9.498: [GC (Allocation Failure)  75981K->653K(417792K), 0.0003532 secs]
9.499: Total time for which application threads were stopped: 0.0004670 seconds, Stopping threads took: 0.0000173 seconds
9.547: [GC (Allocation Failure)  74893K->685K(416768K), 0.0003977 secs]
9.547: Total time for which application threads were stopped: 0.0005191 seconds, Stopping threads took: 0.0000251 seconds
9.595: [GC (Allocation Failure)  73901K->685K(415744K), 0.0004734 secs]
9.595: Total time for which application threads were stopped: 0.0006057 seconds, Stopping threads took: 0.0000204 seconds
9.647: [GC (Allocation Failure)  72877K->685K(414720K), 0.0005161 secs]
9.648: Total time for which application threads were stopped: 0.0006551 seconds, Stopping threads took: 0.0000213 seconds
9.695: [GC (Allocation Failure)  71853K->653K(413696K), 0.0004577 secs]
9.695: Total time for which application threads were stopped: 0.0005658 seconds, Stopping threads took: 0.0000173 seconds
9.739: [GC (Allocation Failure)  70797K->685K(412672K), 0.0005873 secs]
9.740: Total time for which application threads were stopped: 0.0007371 seconds, Stopping threads took: 0.0000292 seconds
9.784: [GC (Allocation Failure)  69805K->653K(411648K), 0.0006259 secs]
9.785: Total time for which application threads were stopped: 0.0007420 seconds, Stopping threads took: 0.0000196 seconds
9.828: [GC (Allocation Failure)  68749K->717K(425472K), 0.0006551 secs]
9.829: Total time for which application threads were stopped: 0.0008015 seconds, Stopping threads took: 0.0000286 seconds
9.886: [GC (Allocation Failure)  82637K->717K(441856K), 0.0006816 secs]
9.886: Total time for which application threads were stopped: 0.0008246 seconds, Stopping threads took: 0.0000214 seconds
9.948: [GC (Allocation Failure)  99021K->653K(439808K), 0.0005588 secs]
9.949: Total time for which application threads were stopped: 0.0006910 seconds, Stopping threads took: 0.0000234 seconds
10.015: [GC (Allocation Failure)  96909K->685K(437760K), 0.0005705 secs]
10.016: Total time for which application threads were stopped: 0.0006976 seconds, Stopping threads took: 0.0000248 seconds
10.076: [GC (Allocation Failure)  94893K->685K(436224K), 0.0005183 secs]
10.077: Total time for which application threads were stopped: 0.0006544 seconds, Stopping threads took: 0.0000213 seconds
10.136: [GC (Allocation Failure)  93357K->749K(434688K), 0.0005047 secs]
10.137: Total time for which application threads were stopped: 0.0006286 seconds, Stopping threads took: 0.0000211 seconds
10.199: [GC (Allocation Failure)  91885K->653K(433152K), 0.0004837 secs]
10.200: Total time for which application threads were stopped: 0.0006208 seconds, Stopping threads took: 0.0000196 seconds
10.257: [GC (Allocation Failure)  90253K->653K(431616K), 0.0005226 secs]
10.257: Total time for which application threads were stopped: 0.0006901 seconds, Stopping threads took: 0.0000278 seconds
10.313: [GC (Allocation Failure)  88717K->653K(430080K), 0.0004808 secs]
10.314: Total time for which application threads were stopped: 0.0006237 seconds, Stopping threads took: 0.0000277 seconds
10.369: [GC (Allocation Failure)  87181K->621K(428544K), 0.0004862 secs]
10.369: Total time for which application threads were stopped: 0.0006259 seconds, Stopping threads took: 0.0000223 seconds
10.430: [GC (Allocation Failure)  85613K->685K(427008K), 0.0005345 secs]
10.431: Total time for which application threads were stopped: 0.0006613 seconds, Stopping threads took: 0.0000268 seconds
10.484: [GC (Allocation Failure)  84141K->685K(425472K), 0.0005970 secs]
10.485: Total time for which application threads were stopped: 0.0007442 seconds, Stopping threads took: 0.0000276 seconds
10.537: [GC (Allocation Failure)  82605K->749K(423936K), 0.0004330 secs]
10.537: Total time for which application threads were stopped: 0.0005475 seconds, Stopping threads took: 0.0000160 seconds
10.588: [GC (Allocation Failure)  81133K->685K(422400K), 0.0004855 secs]
10.589: Total time for which application threads were stopped: 0.0006098 seconds, Stopping threads took: 0.0000191 seconds
10.643: [GC (Allocation Failure)  79533K->685K(421376K), 0.0005814 secs]
10.644: Total time for which application threads were stopped: 0.0007060 seconds, Stopping threads took: 0.0000193 seconds
10.694: [GC (Allocation Failure)  78509K->717K(420352K), 0.0004758 secs]
10.695: Total time for which application threads were stopped: 0.0005960 seconds, Stopping threads took: 0.0000192 seconds
10.743: [GC (Allocation Failure)  77517K->749K(419328K), 0.0006080 secs]
10.744: Total time for which application threads were stopped: 0.0007351 seconds, Stopping threads took: 0.0000200 seconds
10.797: [GC (Allocation Failure)  76525K->685K(418304K), 0.0005041 secs]
10.797: Total time for which application threads were stopped: 0.0006370 seconds, Stopping threads took: 0.0000221 seconds
10.845: [GC (Allocation Failure)  75437K->621K(417280K), 0.0006524 secs]
10.846: Total time for which application threads were stopped: 0.0007961 seconds, Stopping threads took: 0.0000216 seconds
10.899: [GC (Allocation Failure)  74349K->685K(416256K), 0.0005204 secs]
10.899: Total time for which application threads were stopped: 0.0006600 seconds, Stopping threads took: 0.0000223 seconds
10.945: [GC (Allocation Failure)  73389K->685K(415232K), 0.0006663 secs]
10.946: Total time for which application threads were stopped: 0.0008065 seconds, Stopping threads took: 0.0000225 seconds
10.991: [GC (Allocation Failure)  72365K->653K(414208K), 0.0005091 secs]
10.992: Total time for which application threads were stopped: 0.0006389 seconds, Stopping threads took: 0.0000271 seconds
11.037: [GC (Allocation Failure)  71309K->621K(413184K), 0.0004453 secs]
11.037: Total time for which application threads were stopped: 0.0005628 seconds, Stopping threads took: 0.0000205 seconds
11.085: [GC (Allocation Failure)  70253K->653K(412160K), 0.0004606 secs]
11.086: Total time for which application threads were stopped: 0.0005598 seconds, Stopping threads took: 0.0000180 seconds
11.129: [GC (Allocation Failure)  69261K->685K(411136K), 0.0004876 secs]
11.130: Total time for which application threads were stopped: 0.0006058 seconds, Stopping threads took: 0.0000177 seconds
11.172: [GC (Allocation Failure)  68269K->717K(410112K), 0.0005082 secs]
11.173: Total time for which application threads were stopped: 0.0006300 seconds, Stopping threads took: 0.0000206 seconds
11.220: [GC (Allocation Failure)  67277K->717K(409088K), 0.0004907 secs]
11.221: Total time for which application threads were stopped: 0.0006185 seconds, Stopping threads took: 0.0000279 seconds
11.263: [GC (Allocation Failure)  66253K->749K(408064K), 0.0004609 secs]
11.263: Total time for which application threads were stopped: 0.0005794 seconds, Stopping threads took: 0.0000196 seconds
11.304: [GC (Allocation Failure)  65261K->653K(407040K), 0.0004171 secs]
11.305: Total time for which application threads were stopped: 0.0005280 seconds, Stopping threads took: 0.0000172 seconds
11.345: [GC (Allocation Failure)  64141K->685K(406016K), 0.0005230 secs]
11.346: Total time for which application threads were stopped: 0.0006518 seconds, Stopping threads took: 0.0000200 seconds
11.386: [GC (Allocation Failure)  63149K->685K(405504K), 0.0005058 secs]
11.387: Total time for which application threads were stopped: 0.0006545 seconds, Stopping threads took: 0.0000279 seconds
11.426: [GC (Allocation Failure)  62637K->685K(418304K), 0.0005324 secs]
11.427: Total time for which application threads were stopped: 0.0006758 seconds, Stopping threads took: 0.0000218 seconds
11.475: [GC (Allocation Failure)  75437K->717K(417280K), 0.0004251 secs]
11.475: Total time for which application threads were stopped: 0.0005511 seconds, Stopping threads took: 0.0000199 seconds
11.523: [GC (Allocation Failure)  74445K->685K(416256K), 0.0004790 secs]
11.523: Total time for which application threads were stopped: 0.0005969 seconds, Stopping threads took: 0.0000256 seconds
11.570: [GC (Allocation Failure)  73389K->653K(415232K), 0.0004943 secs]
11.570: Total time for which application threads were stopped: 0.0006271 seconds, Stopping threads took: 0.0000201 seconds
11.616: [GC (Allocation Failure)  72333K->685K(414208K), 0.0004600 secs]
11.617: Total time for which application threads were stopped: 0.0005852 seconds, Stopping threads took: 0.0000195 seconds
11.669: [GC (Allocation Failure)  71341K->621K(413184K), 0.0005100 secs]
11.670: Total time for which application threads were stopped: 0.0006380 seconds, Stopping threads took: 0.0000250 seconds
11.717: [GC (Allocation Failure)  70253K->685K(412160K), 0.0004761 secs]
11.717: Total time for which application threads were stopped: 0.0005870 seconds, Stopping threads took: 0.0000177 seconds
11.761: [GC (Allocation Failure)  69293K->685K(411136K), 0.0004519 secs]
11.761: Total time for which application threads were stopped: 0.0005731 seconds, Stopping threads took: 0.0000203 seconds
11.810: [GC (Allocation Failure)  68269K->653K(410112K), 0.0004536 secs]
11.810: Total time for which application threads were stopped: 0.0005698 seconds, Stopping threads took: 0.0000192 seconds
11.853: [GC (Allocation Failure)  67213K->653K(409088K), 0.0004912 secs]
11.853: Total time for which application threads were stopped: 0.0006210 seconds, Stopping threads took: 0.0000277 seconds
11.895: [GC (Allocation Failure)  66189K->685K(408064K), 0.0005534 secs]
11.895: Total time for which application threads were stopped: 0.0006687 seconds, Stopping threads took: 0.0000195 seconds
11.943: [GC (Allocation Failure)  65197K->717K(407040K), 0.0004249 secs]
11.943: Total time for which application threads were stopped: 0.0005387 seconds, Stopping threads took: 0.0000177 seconds
11.991: [GC (Allocation Failure)  64205K->653K(406016K), 0.0004729 secs]
11.991: Total time for which application threads were stopped: 0.0006102 seconds, Stopping threads took: 0.0000257 seconds
12.031: [GC (Allocation Failure)  63117K->749K(405504K), 0.0005306 secs]
12.032: Total time for which application threads were stopped: 0.0006595 seconds, Stopping threads took: 0.0000273 seconds
12.072: [GC (Allocation Failure)  62701K->717K(404992K), 0.0005089 secs]
12.073: Total time for which application threads were stopped: 0.0006322 seconds, Stopping threads took: 0.0000194 seconds
12.112: [GC (Allocation Failure)  62157K->621K(417280K), 0.0005531 secs]
12.113: Total time for which application threads were stopped: 0.0006731 seconds, Stopping threads took: 0.0000198 seconds
12.160: [GC (Allocation Failure)  74349K->653K(416256K), 0.0004992 secs]
12.161: Total time for which application threads were stopped: 0.0006353 seconds, Stopping threads took: 0.0000198 seconds
12.212: [GC (Allocation Failure)  73357K->621K(415232K), 0.0005179 secs]
12.213: Total time for which application threads were stopped: 0.0006649 seconds, Stopping threads took: 0.0000285 seconds
12.259: [GC (Allocation Failure)  72301K->653K(414208K), 0.0005159 secs]
12.259: Total time for which application threads were stopped: 0.0006733 seconds, Stopping threads took: 0.0000302 seconds
12.305: [GC (Allocation Failure)  71309K->685K(413184K), 0.0005111 secs]
12.305: Total time for which application threads were stopped: 0.0006606 seconds, Stopping threads took: 0.0000303 seconds
12.350: [GC (Allocation Failure)  70317K->717K(412160K), 0.0004717 secs]
12.351: Total time for which application threads were stopped: 0.0006092 seconds, Stopping threads took: 0.0000282 seconds
12.395: [GC (Allocation Failure)  69325K->653K(411136K), 0.0004994 secs]
12.396: Total time for which application threads were stopped: 0.0006364 seconds, Stopping threads took: 0.0000278 seconds
12.444: [GC (Allocation Failure)  68237K->685K(410112K), 0.0005412 secs]
12.445: Total time for which application threads were stopped: 0.0006851 seconds, Stopping threads took: 0.0000303 seconds
12.488: [GC (Allocation Failure)  67245K->653K(409088K), 0.0004817 secs]
12.489: Total time for which application threads were stopped: 0.0006174 seconds, Stopping threads took: 0.0000272 seconds
12.531: [GC (Allocation Failure)  66189K->685K(408064K), 0.0004856 secs]
12.532: Total time for which application threads were stopped: 0.0006286 seconds, Stopping threads took: 0.0000279 seconds
12.573: [GC (Allocation Failure)  65197K->653K(407040K), 0.0005202 secs]
12.574: Total time for which application threads were stopped: 0.0006507 seconds, Stopping threads took: 0.0000193 seconds
12.621: [GC (Allocation Failure)  64141K->621K(419840K), 0.0006631 secs]
12.621: Total time for which application threads were stopped: 0.0007994 seconds, Stopping threads took: 0.0000278 seconds
12.675: [GC (Allocation Failure)  76909K->685K(418816K), 0.0004202 secs]
12.675: Total time for which application threads were stopped: 0.0005337 seconds, Stopping threads took: 0.0000166 seconds
12.726: [GC (Allocation Failure)  75949K->685K(417792K), 0.0004875 secs]
12.727: Total time for which application threads were stopped: 0.0006172 seconds, Stopping threads took: 0.0000199 seconds
12.779: [GC (Allocation Failure)  74925K->653K(416768K), 0.0006462 secs]
12.780: Total time for which application threads were stopped: 0.0007731 seconds, Stopping threads took: 0.0000270 seconds
12.826: [GC (Allocation Failure)  73869K->621K(415744K), 0.0005644 secs]
12.827: Total time for which application threads were stopped: 0.0006858 seconds, Stopping threads took: 0.0000201 seconds
12.873: [GC (Allocation Failure)  72813K->653K(414720K), 0.0004650 secs]
12.874: Total time for which application threads were stopped: 0.0005878 seconds, Stopping threads took: 0.0000197 seconds
12.925: [GC (Allocation Failure)  71821K->653K(413696K), 0.0005633 secs]
12.926: Total time for which application threads were stopped: 0.0007022 seconds, Stopping threads took: 0.0000259 seconds
12.974: [GC (Allocation Failure)  70797K->685K(412672K), 0.0004724 secs]
12.975: Total time for which application threads were stopped: 0.0006408 seconds, Stopping threads took: 0.0000298 seconds
13.025: [GC (Allocation Failure)  69805K->653K(411648K), 0.0004639 secs]
13.025: Total time for which application threads were stopped: 0.0006024 seconds, Stopping threads took: 0.0000275 seconds
13.069: [GC (Allocation Failure)  68749K->685K(410624K), 0.0004677 secs]
13.070: Total time for which application threads were stopped: 0.0005895 seconds, Stopping threads took: 0.0000197 seconds
13.113: [GC (Allocation Failure)  67757K->621K(409600K), 0.0005199 secs]
13.113: Total time for which application threads were stopped: 0.0006483 seconds, Stopping threads took: 0.0000195 seconds
13.156: [GC (Allocation Failure)  66669K->621K(408576K), 0.0006020 secs]
13.157: Total time for which application threads were stopped: 0.0007494 seconds, Stopping threads took: 0.0000204 seconds
13.199: [GC (Allocation Failure)  65645K->685K(421888K), 0.0005302 secs]
13.199: Total time for which application threads were stopped: 0.0006552 seconds, Stopping threads took: 0.0000190 seconds
13.250: [GC (Allocation Failure)  79021K->749K(420864K), 0.0004907 secs]
13.250: Total time for which application threads were stopped: 0.0006261 seconds, Stopping threads took: 0.0000270 seconds
13.306: [GC (Allocation Failure)  78061K->685K(419840K), 0.0005745 secs]
13.307: Total time for which application threads were stopped: 0.0007411 seconds, Stopping threads took: 0.0000308 seconds
13.359: [GC (Allocation Failure)  76973K->685K(418816K), 0.0005230 secs]
13.360: Total time for which application threads were stopped: 0.0006590 seconds, Stopping threads took: 0.0000197 seconds
13.412: [GC (Allocation Failure)  75949K->653K(417792K), 0.0004921 secs]
13.412: Total time for which application threads were stopped: 0.0006344 seconds, Stopping threads took: 0.0000270 seconds
13.465: [GC (Allocation Failure)  74893K->653K(416768K), 0.0005391 secs]
13.466: Total time for which application threads were stopped: 0.0007009 seconds, Stopping threads took: 0.0000279 seconds
13.514: [GC (Allocation Failure)  73869K->717K(415744K), 0.0004384 secs]
13.515: Total time for which application threads were stopped: 0.0005812 seconds, Stopping threads took: 0.0000296 seconds
13.561: [GC (Allocation Failure)  72909K->589K(414720K), 0.0004982 secs]
13.562: Total time for which application threads were stopped: 0.0006694 seconds, Stopping threads took: 0.0000273 seconds
13.612: [GC (Allocation Failure)  71757K->653K(413696K), 0.0005634 secs]
13.612: Total time for which application threads were stopped: 0.0007000 seconds, Stopping threads took: 0.0000207 seconds
13.658: [GC (Allocation Failure)  70797K->621K(412672K), 0.0005055 secs]
13.659: Total time for which application threads were stopped: 0.0006498 seconds, Stopping threads took: 0.0000246 seconds
13.704: [GC (Allocation Failure)  69741K->717K(411648K), 0.0004679 secs]
13.705: Total time for which application threads were stopped: 0.0005778 seconds, Stopping threads took: 0.0000170 seconds
13.751: [GC (Allocation Failure)  68813K->653K(410624K), 0.0005203 secs]
13.752: Total time for which application threads were stopped: 0.0006363 seconds, Stopping threads took: 0.0000280 seconds
13.798: [GC (Allocation Failure)  67725K->717K(409600K), 0.0004260 secs]
13.799: Total time for which application threads were stopped: 0.0005376 seconds, Stopping threads took: 0.0000168 seconds
13.841: [GC (Allocation Failure)  66765K->717K(408576K), 0.0004888 secs]
13.841: Total time for which application threads were stopped: 0.0006052 seconds, Stopping threads took: 0.0000193 seconds
13.889: [GC (Allocation Failure)  65741K->589K(407552K), 0.0004994 secs]
13.889: Total time for which application threads were stopped: 0.0006372 seconds, Stopping threads took: 0.0000223 seconds
13.938: [GC (Allocation Failure)  64589K->653K(406528K), 0.0004844 secs]
13.938: Total time for which application threads were stopped: 0.0006174 seconds, Stopping threads took: 0.0000276 seconds
13.984: [GC (Allocation Failure)  63629K->717K(405504K), 0.0003938 secs]
13.985: Total time for which application threads were stopped: 0.0005210 seconds, Stopping threads took: 0.0000258 seconds
14.030: [GC (Allocation Failure)  62669K->685K(404992K), 0.0004269 secs]
14.031: Total time for which application threads were stopped: 0.0005656 seconds, Stopping threads took: 0.0000340 seconds
14.070: [GC (Allocation Failure)  62125K->685K(404480K), 0.0005015 secs]
14.071: Total time for which application threads were stopped: 0.0006575 seconds, Stopping threads took: 0.0000290 seconds
14.113: [GC (Allocation Failure)  61613K->685K(403968K), 0.0005175 secs]
14.114: Total time for which application threads were stopped: 0.0006786 seconds, Stopping threads took: 0.0000303 seconds
14.153: [GC (Allocation Failure)  61101K->685K(403456K), 0.0005629 secs]
14.154: Total time for which application threads were stopped: 0.0007436 seconds, Stopping threads took: 0.0000323 seconds
14.195: [GC (Allocation Failure)  60589K->653K(415744K), 0.0005397 secs]
14.196: Total time for which application threads were stopped: 0.0007005 seconds, Stopping threads took: 0.0000230 seconds
14.247: [GC (Allocation Failure)  72845K->653K(414720K), 0.0005486 secs]
14.248: Total time for which application threads were stopped: 0.0007182 seconds, Stopping threads took: 0.0000316 seconds
14.294: [GC (Allocation Failure)  71821K->685K(413696K), 0.0005374 secs]
14.294: Total time for which application threads were stopped: 0.0006661 seconds, Stopping threads took: 0.0000200 seconds
14.340: [GC (Allocation Failure)  70829K->685K(412672K), 0.0004633 secs]
14.340: Total time for which application threads were stopped: 0.0006179 seconds, Stopping threads took: 0.0000223 seconds
14.385: [GC (Allocation Failure)  69805K->653K(411648K), 0.0004797 secs]
14.385: Total time for which application threads were stopped: 0.0006441 seconds, Stopping threads took: 0.0000201 seconds
14.434: [GC (Allocation Failure)  68749K->621K(425472K), 0.0008654 secs]
14.435: Total time for which application threads were stopped: 0.0010379 seconds, Stopping threads took: 0.0000288 seconds
14.491: [GC (Allocation Failure)  82541K->685K(423936K), 0.0004667 secs]
14.492: Total time for which application threads were stopped: 0.0006339 seconds, Stopping threads took: 0.0000259 seconds
14.549: [GC (Allocation Failure)  81069K->685K(422400K), 0.0004474 secs]
14.550: Total time for which application threads were stopped: 0.0005658 seconds, Stopping threads took: 0.0000178 seconds
14.601: [GC (Allocation Failure)  79533K->653K(421376K), 0.0005624 secs]
14.601: Total time for which application threads were stopped: 0.0006844 seconds, Stopping threads took: 0.0000263 seconds
14.652: [GC (Allocation Failure)  78477K->653K(420352K), 0.0006200 secs]
14.653: Total time for which application threads were stopped: 0.0007755 seconds, Stopping threads took: 0.0000250 seconds
14.705: [GC (Allocation Failure)  77453K->685K(419328K), 0.0005212 secs]
14.705: Total time for which application threads were stopped: 0.0006582 seconds, Stopping threads took: 0.0000269 seconds
14.757: [GC (Allocation Failure)  76461K->685K(418304K), 0.0005758 secs]
14.758: Total time for which application threads were stopped: 0.0007074 seconds, Stopping threads took: 0.0000219 seconds
14.805: [GC (Allocation Failure)  75437K->685K(417280K), 0.0005144 secs]
14.806: Total time for which application threads were stopped: 0.0006570 seconds, Stopping threads took: 0.0000299 seconds
14.852: [GC (Allocation Failure)  74413K->653K(416256K), 0.0005590 secs]
14.853: Total time for which application threads were stopped: 0.0006996 seconds, Stopping threads took: 0.0000213 seconds
14.902: [GC (Allocation Failure)  73357K->717K(415232K), 0.0005873 secs]
14.902: Total time for which application threads were stopped: 0.0007352 seconds, Stopping threads took: 0.0000228 seconds
14.948: [GC (Allocation Failure)  72397K->717K(414208K), 0.0005051 secs]
14.949: Total time for which application threads were stopped: 0.0006403 seconds, Stopping threads took: 0.0000228 seconds
14.999: [GC (Allocation Failure)  71373K->653K(413184K), 0.0005086 secs]
15.000: Total time for which application threads were stopped: 0.0006475 seconds, Stopping threads took: 0.0000206 seconds
15.049: [GC (Allocation Failure)  70285K->685K(412160K), 0.0005159 secs]
15.049: Total time for which application threads were stopped: 0.0006434 seconds, Stopping threads took: 0.0000215 seconds
15.100: [GC (Allocation Failure)  69293K->685K(411136K), 0.0004744 secs]
15.101: Total time for which application threads were stopped: 0.0006114 seconds, Stopping threads took: 0.0000279 seconds
15.144: [GC (Allocation Failure)  68269K->653K(410112K), 0.0004971 secs]
15.145: Total time for which application threads were stopped: 0.0006387 seconds, Stopping threads took: 0.0000300 seconds
15.188: [GC (Allocation Failure)  67213K->717K(409088K), 0.0004613 secs]
15.188: Total time for which application threads were stopped: 0.0005833 seconds, Stopping threads took: 0.0000192 seconds
15.236: [GC (Allocation Failure)  66253K->685K(408064K), 0.0004984 secs]
15.237: Total time for which application threads were stopped: 0.0006471 seconds, Stopping threads took: 0.0000273 seconds
15.283: [GC (Allocation Failure)  65197K->653K(407040K), 0.0004827 secs]
15.283: Total time for which application threads were stopped: 0.0006223 seconds, Stopping threads took: 0.0000278 seconds
15.325: [GC (Allocation Failure)  64141K->685K(419840K), 0.0007422 secs]
15.325: Total time for which application threads were stopped: 0.0008948 seconds, Stopping threads took: 0.0000292 seconds
15.374: [GC (Allocation Failure)  76973K->685K(418816K), 0.0004796 secs]
15.375: Total time for which application threads were stopped: 0.0006210 seconds, Stopping threads took: 0.0000305 seconds
15.427: [GC (Allocation Failure)  75949K->653K(417792K), 0.0004819 secs]
15.428: Total time for which application threads were stopped: 0.0006372 seconds, Stopping threads took: 0.0000272 seconds
15.476: [GC (Allocation Failure)  74893K->685K(416768K), 0.0004631 secs]
15.476: Total time for which application threads were stopped: 0.0006011 seconds, Stopping threads took: 0.0000284 seconds
15.524: [GC (Allocation Failure)  73901K->653K(415744K), 0.0004991 secs]
15.524: Total time for which application threads were stopped: 0.0006381 seconds, Stopping threads took: 0.0000216 seconds
15.571: [GC (Allocation Failure)  72845K->653K(414720K), 0.0005059 secs]
15.571: Total time for which application threads were stopped: 0.0006633 seconds, Stopping threads took: 0.0000293 seconds
15.617: [GC (Allocation Failure)  71821K->685K(413696K), 0.0006625 secs]
15.618: Total time for which application threads were stopped: 0.0008045 seconds, Stopping threads took: 0.0000288 seconds
15.664: [GC (Allocation Failure)  70829K->621K(412672K), 0.0005315 secs]
15.664: Total time for which application threads were stopped: 0.0006520 seconds, Stopping threads took: 0.0000248 seconds
15.708: [GC (Allocation Failure)  69741K->621K(411648K), 0.0004817 secs]
15.709: Total time for which application threads were stopped: 0.0005990 seconds, Stopping threads took: 0.0000190 seconds
15.753: [GC (Allocation Failure)  68717K->685K(410624K), 0.0004578 secs]
15.753: Total time for which application threads were stopped: 0.0005835 seconds, Stopping threads took: 0.0000216 seconds
15.796: [GC (Allocation Failure)  67757K->621K(409600K), 0.0003869 secs]
15.796: Total time for which application threads were stopped: 0.0005042 seconds, Stopping threads took: 0.0000190 seconds
15.838: [GC (Allocation Failure)  66669K->621K(408576K), 0.0005844 secs]
15.839: Total time for which application threads were stopped: 0.0007130 seconds, Stopping threads took: 0.0000273 seconds
15.886: [GC (Allocation Failure)  65645K->653K(407552K), 0.0005672 secs]
15.886: Total time for which application threads were stopped: 0.0006864 seconds, Stopping threads took: 0.0000188 seconds
15.927: [GC (Allocation Failure)  64653K->653K(406528K), 0.0004897 secs]
15.928: Total time for which application threads were stopped: 0.0006164 seconds, Stopping threads took: 0.0000199 seconds
15.974: [GC (Allocation Failure)  63629K->653K(405504K), 0.0005392 secs]
15.974: Total time for which application threads were stopped: 0.0006731 seconds, Stopping threads took: 0.0000277 seconds
16.018: [GC (Allocation Failure)  62605K->653K(404992K), 0.0004092 secs]
16.019: Total time for which application threads were stopped: 0.0005364 seconds, Stopping threads took: 0.0000201 seconds
16.061: [GC (Allocation Failure)  62093K->653K(417280K), 0.0006083 secs]
16.062: Total time for which application threads were stopped: 0.0007434 seconds, Stopping threads took: 0.0000210 seconds
16.110: [GC (Allocation Failure)  74381K->685K(416256K), 0.0005185 secs]
16.110: Total time for which application threads were stopped: 0.0006726 seconds, Stopping threads took: 0.0000223 seconds
16.157: [GC (Allocation Failure)  73389K->685K(415232K), 0.0005238 secs]
16.158: Total time for which application threads were stopped: 0.0006709 seconds, Stopping threads took: 0.0000226 seconds
16.204: [GC (Allocation Failure)  72365K->685K(414208K), 0.0005594 secs]
16.205: Total time for which application threads were stopped: 0.0007213 seconds, Stopping threads took: 0.0000305 seconds
16.250: [GC (Allocation Failure)  71341K->653K(413184K), 0.0005459 secs]
16.251: Total time for which application threads were stopped: 0.0007088 seconds, Stopping threads took: 0.0000308 seconds
16.301: [GC (Allocation Failure)  70285K->621K(412160K), 0.0004333 secs]
16.302: Total time for which application threads were stopped: 0.0005535 seconds, Stopping threads took: 0.0000252 seconds
16.352: [GC (Allocation Failure)  69229K->653K(411136K), 0.0006095 secs]
16.353: Total time for which application threads were stopped: 0.0007384 seconds, Stopping threads took: 0.0000198 seconds
16.400: [GC (Allocation Failure)  68237K->685K(410112K), 0.0005000 secs]
16.401: Total time for which application threads were stopped: 0.0006519 seconds, Stopping threads took: 0.0000219 seconds
16.444: [GC (Allocation Failure)  67245K->685K(409088K), 0.0004957 secs]
16.444: Total time for which application threads were stopped: 0.0006367 seconds, Stopping threads took: 0.0000285 seconds
16.494: [GC (Allocation Failure)  66221K->653K(408064K), 0.0004226 secs]
16.494: Total time for which application threads were stopped: 0.0005522 seconds, Stopping threads took: 0.0000264 seconds
16.536: [GC (Allocation Failure)  65165K->621K(421376K), 0.0006783 secs]
16.537: Total time for which application threads were stopped: 0.0008217 seconds, Stopping threads took: 0.0000261 seconds
16.590: [GC (Allocation Failure)  78445K->749K(420352K), 0.0005175 secs]
16.591: Total time for which application threads were stopped: 0.0006696 seconds, Stopping threads took: 0.0000300 seconds
16.640: [GC (Allocation Failure)  77549K->717K(435712K), 0.0006765 secs]
16.641: Total time for which application threads were stopped: 0.0008330 seconds, Stopping threads took: 0.0000268 seconds
16.701: [GC (Allocation Failure)  92877K->653K(434176K), 0.0005583 secs]
16.701: Total time for which application threads were stopped: 0.0006773 seconds, Stopping threads took: 0.0000163 seconds
16.759: [GC (Allocation Failure)  91277K->717K(432640K), 0.0004771 secs]
16.759: Total time for which application threads were stopped: 0.0006217 seconds, Stopping threads took: 0.0000216 seconds
16.821: [GC (Allocation Failure)  89805K->717K(431104K), 0.0005227 secs]
16.822: Total time for which application threads were stopped: 0.0006611 seconds, Stopping threads took: 0.0000223 seconds
16.877: [GC (Allocation Failure)  88269K->653K(429568K), 0.0006671 secs]
16.878: Total time for which application threads were stopped: 0.0008177 seconds, Stopping threads took: 0.0000287 seconds
16.933: [GC (Allocation Failure)  86669K->685K(428032K), 0.0004812 secs]
16.933: Total time for which application threads were stopped: 0.0006144 seconds, Stopping threads took: 0.0000226 seconds
16.990: [GC (Allocation Failure)  85165K->653K(426496K), 0.0004312 secs]
16.991: Total time for which application threads were stopped: 0.0005510 seconds, Stopping threads took: 0.0000202 seconds
17.043: [GC (Allocation Failure)  83597K->685K(424960K), 0.0005283 secs]
17.043: Total time for which application threads were stopped: 0.0006763 seconds, Stopping threads took: 0.0000255 seconds
17.100: [GC (Allocation Failure)  82093K->621K(423424K), 0.0006543 secs]
17.101: Total time for which application threads were stopped: 0.0007884 seconds, Stopping threads took: 0.0000218 seconds
17.151: [GC (Allocation Failure)  80493K->749K(422400K), 0.0006132 secs]
17.152: Total time for which application threads were stopped: 0.0007688 seconds, Stopping threads took: 0.0000234 seconds
17.204: [GC (Allocation Failure)  79597K->653K(421376K), 0.0004837 secs]
17.205: Total time for which application threads were stopped: 0.0006087 seconds, Stopping threads took: 0.0000224 seconds
17.260: [GC (Allocation Failure)  78477K->653K(420352K), 0.0006348 secs]
17.261: Total time for which application threads were stopped: 0.0007528 seconds, Stopping threads took: 0.0000196 seconds
17.309: [GC (Allocation Failure)  77453K->653K(419328K), 0.0005694 secs]
17.310: Total time for which application threads were stopped: 0.0006893 seconds, Stopping threads took: 0.0000199 seconds
17.357: [GC (Allocation Failure)  76429K->653K(418304K), 0.0004963 secs]
17.358: Total time for which application threads were stopped: 0.0006121 seconds, Stopping threads took: 0.0000198 seconds
17.405: [GC (Allocation Failure)  75405K->653K(417280K), 0.0004935 secs]
17.406: Total time for which application threads were stopped: 0.0006273 seconds, Stopping threads took: 0.0000346 seconds
17.460: [GC (Allocation Failure)  74381K->685K(416256K), 0.0004640 secs]
17.460: Total time for which application threads were stopped: 0.0005909 seconds, Stopping threads took: 0.0000262 seconds
17.512: [GC (Allocation Failure)  73389K->685K(415232K), 0.0004560 secs]
17.512: Total time for which application threads were stopped: 0.0005747 seconds, Stopping threads took: 0.0000253 seconds
17.558: [GC (Allocation Failure)  72365K->685K(414208K), 0.0005798 secs]
17.559: Total time for which application threads were stopped: 0.0007128 seconds, Stopping threads took: 0.0000256 seconds
17.610: [GC (Allocation Failure)  71341K->621K(413184K), 0.0005503 secs]
17.610: Total time for which application threads were stopped: 0.0006783 seconds, Stopping threads took: 0.0000210 seconds
17.656: [GC (Allocation Failure)  70253K->685K(412160K), 0.0004459 secs]
17.656: Total time for which application threads were stopped: 0.0005705 seconds, Stopping threads took: 0.0000260 seconds
17.702: [GC (Allocation Failure)  69293K->653K(411136K), 0.0004035 secs]
17.702: Total time for which application threads were stopped: 0.0005113 seconds, Stopping threads took: 0.0000174 seconds
17.745: [GC (Allocation Failure)  68237K->653K(410112K), 0.0004876 secs]
17.745: Total time for which application threads were stopped: 0.0006166 seconds, Stopping threads took: 0.0000199 seconds
17.793: [GC (Allocation Failure)  67213K->653K(409088K), 0.0004433 secs]
17.794: Total time for which application threads were stopped: 0.0005562 seconds, Stopping threads took: 0.0000186 seconds
17.835: [GC (Allocation Failure)  66189K->717K(408064K), 0.0004762 secs]
17.836: Total time for which application threads were stopped: 0.0006040 seconds, Stopping threads took: 0.0000282 seconds
17.876: [GC (Allocation Failure)  65229K->749K(407040K), 0.0006048 secs]
17.877: Total time for which application threads were stopped: 0.0007343 seconds, Stopping threads took: 0.0000210 seconds
17.917: [GC (Allocation Failure)  64237K->717K(419840K), 0.0005520 secs]
17.918: Total time for which application threads were stopped: 0.0006782 seconds, Stopping threads took: 0.0000217 seconds
17.966: [GC (Allocation Failure)  77005K->653K(418816K), 0.0005243 secs]
17.966: Total time for which application threads were stopped: 0.0006712 seconds, Stopping threads took: 0.0000214 seconds
18.014: [GC (Allocation Failure)  75917K->685K(417792K), 0.0004849 secs]
18.015: Total time for which application threads were stopped: 0.0006200 seconds, Stopping threads took: 0.0000271 seconds
18.067: [GC (Allocation Failure)  74925K->685K(416768K), 0.0005377 secs]
18.068: Total time for which application threads were stopped: 0.0006600 seconds, Stopping threads took: 0.0000199 seconds
18.120: [GC (Allocation Failure)  73901K->653K(415744K), 0.0004846 secs]
18.121: Total time for which application threads were stopped: 0.0006252 seconds, Stopping threads took: 0.0000218 seconds
18.167: [GC (Allocation Failure)  72845K->717K(414720K), 0.0006413 secs]
18.167: Total time for which application threads were stopped: 0.0007894 seconds, Stopping threads took: 0.0000220 seconds
18.219: [GC (Allocation Failure)  71885K->685K(413696K), 0.0005184 secs]
18.219: Total time for which application threads were stopped: 0.0006869 seconds, Stopping threads took: 0.0000329 seconds
18.267: [GC (Allocation Failure)  70829K->717K(412672K), 0.0006139 secs]
18.268: Total time for which application threads were stopped: 0.0007670 seconds, Stopping threads took: 0.0000237 seconds
18.312: [GC (Allocation Failure)  69837K->749K(426496K), 0.0005994 secs]
18.313: Total time for which application threads were stopped: 0.0007330 seconds, Stopping threads took: 0.0000216 seconds
18.370: [GC (Allocation Failure)  83693K->653K(424960K), 0.0004386 secs]
18.370: Total time for which application threads were stopped: 0.0005590 seconds, Stopping threads took: 0.0000198 seconds
18.427: [GC (Allocation Failure)  82061K->685K(423424K), 0.0004982 secs]
18.428: Total time for which application threads were stopped: 0.0006327 seconds, Stopping threads took: 0.0000207 seconds
18.479: [GC (Allocation Failure)  80557K->653K(422400K), 0.0004974 secs]
18.480: Total time for which application threads were stopped: 0.0006451 seconds, Stopping threads took: 0.0000216 seconds
18.537: [GC (Allocation Failure)  79501K->653K(421376K), 0.0004790 secs]
18.537: Total time for which application threads were stopped: 0.0006343 seconds, Stopping threads took: 0.0000306 seconds
18.591: [GC (Allocation Failure)  78477K->653K(420352K), 0.0005119 secs]
18.592: Total time for which application threads were stopped: 0.0006735 seconds, Stopping threads took: 0.0000271 seconds
18.648: [GC (Allocation Failure)  77453K->653K(419328K), 0.0005114 secs]
18.648: Total time for which application threads were stopped: 0.0006698 seconds, Stopping threads took: 0.0000209 seconds
18.697: [GC (Allocation Failure)  76429K->653K(418304K), 0.0004599 secs]
18.698: Total time for which application threads were stopped: 0.0005794 seconds, Stopping threads took: 0.0000196 seconds
18.751: [GC (Allocation Failure)  75405K->653K(417280K), 0.0005558 secs]
18.752: Total time for which application threads were stopped: 0.0006856 seconds, Stopping threads took: 0.0000197 seconds
18.799: [GC (Allocation Failure)  74381K->621K(416256K), 0.0005476 secs]
18.799: Total time for which application threads were stopped: 0.0006920 seconds, Stopping threads took: 0.0000224 seconds
18.845: [GC (Allocation Failure)  73325K->621K(415232K), 0.0006096 secs]
18.846: Total time for which application threads were stopped: 0.0007588 seconds, Stopping threads took: 0.0000291 seconds
18.892: [GC (Allocation Failure)  72301K->685K(414208K), 0.0005348 secs]
18.892: Total time for which application threads were stopped: 0.0006789 seconds, Stopping threads took: 0.0000230 seconds
18.937: [GC (Allocation Failure)  71341K->653K(428544K), 0.0006362 secs]
18.938: Total time for which application threads were stopped: 0.0007638 seconds, Stopping threads took: 0.0000231 seconds
18.998: [GC (Allocation Failure)  85645K->653K(427008K), 0.0004179 secs]
18.998: Total time for which application threads were stopped: 0.0005446 seconds, Stopping threads took: 0.0000278 seconds
19.051: [GC (Allocation Failure)  84109K->653K(425472K), 0.0005499 secs]
19.051: Total time for which application threads were stopped: 0.0006705 seconds, Stopping threads took: 0.0000200 seconds
19.106: [GC (Allocation Failure)  82573K->685K(423936K), 0.0005158 secs]
19.107: Total time for which application threads were stopped: 0.0006642 seconds, Stopping threads took: 0.0000304 seconds
19.158: [GC (Allocation Failure)  81069K->653K(422400K), 0.0005286 secs]
19.159: Total time for which application threads were stopped: 0.0006795 seconds, Stopping threads took: 0.0000223 seconds
19.214: [GC (Allocation Failure)  79501K->685K(421376K), 0.0005121 secs]
19.215: Total time for which application threads were stopped: 0.0006474 seconds, Stopping threads took: 0.0000231 seconds
19.264: [GC (Allocation Failure)  78509K->717K(420352K), 0.0004974 secs]
19.264: Total time for which application threads were stopped: 0.0006355 seconds, Stopping threads took: 0.0000197 seconds
19.319: [GC (Allocation Failure)  77517K->717K(419328K), 0.0005192 secs]
19.319: Total time for which application threads were stopped: 0.0006460 seconds, Stopping threads took: 0.0000220 seconds
19.371: [GC (Allocation Failure)  76493K->653K(418304K), 0.0005140 secs]
19.371: Total time for which application threads were stopped: 0.0006409 seconds, Stopping threads took: 0.0000277 seconds
19.419: [GC (Allocation Failure)  75405K->685K(417280K), 0.0004595 secs]
19.419: Total time for which application threads were stopped: 0.0005911 seconds, Stopping threads took: 0.0000275 seconds
19.470: [GC (Allocation Failure)  74413K->621K(416256K), 0.0004936 secs]
19.471: Total time for which application threads were stopped: 0.0006403 seconds, Stopping threads took: 0.0000304 seconds
19.518: [GC (Allocation Failure)  73325K->685K(415232K), 0.0005088 secs]
19.519: Total time for which application threads were stopped: 0.0006628 seconds, Stopping threads took: 0.0000266 seconds
19.568: [GC (Allocation Failure)  72365K->653K(414208K), 0.0004888 secs]
19.568: Total time for which application threads were stopped: 0.0006320 seconds, Stopping threads took: 0.0000281 seconds
19.614: [GC (Allocation Failure)  71309K->653K(413184K), 0.0005665 secs]
19.614: Total time for which application threads were stopped: 0.0006944 seconds, Stopping threads took: 0.0000204 seconds
19.659: [GC (Allocation Failure)  70285K->653K(427520K), 0.0007063 secs]
19.660: Total time for which application threads were stopped: 0.0008387 seconds, Stopping threads took: 0.0000265 seconds
19.715: [GC (Allocation Failure)  84621K->621K(425984K), 0.0004518 secs]
19.715: Total time for which application threads were stopped: 0.0005690 seconds, Stopping threads took: 0.0000197 seconds
19.771: [GC (Allocation Failure)  83053K->653K(424448K), 0.0004129 secs]
19.772: Total time for which application threads were stopped: 0.0005212 seconds, Stopping threads took: 0.0000168 seconds
19.826: [GC (Allocation Failure)  81549K->653K(422912K), 0.0004861 secs]
19.827: Total time for which application threads were stopped: 0.0006076 seconds, Stopping threads took: 0.0000201 seconds
19.877: [GC (Allocation Failure)  80013K->621K(421888K), 0.0006318 secs]
19.878: Total time for which application threads were stopped: 0.0007717 seconds, Stopping threads took: 0.0000218 seconds
19.927: [GC (Allocation Failure)  78957K->653K(420864K), 0.0005190 secs]
19.928: Total time for which application threads were stopped: 0.0006532 seconds, Stopping threads took: 0.0000219 seconds
19.977: [GC (Allocation Failure)  77965K->653K(419840K), 0.0004874 secs]
19.977: Total time for which application threads were stopped: 0.0006422 seconds, Stopping threads took: 0.0000206 seconds
20.032: [GC (Allocation Failure)  76941K->685K(418816K), 0.0005869 secs]
20.032: Total time for which application threads were stopped: 0.0007342 seconds, Stopping threads took: 0.0000228 seconds
20.080: [GC (Allocation Failure)  75949K->685K(417792K), 0.0005867 secs]
20.081: Total time for which application threads were stopped: 0.0007349 seconds, Stopping threads took: 0.0000235 seconds
20.128: [GC (Allocation Failure)  74925K->653K(416768K), 0.0006034 secs]
20.129: Total time for which application threads were stopped: 0.0007692 seconds, Stopping threads took: 0.0000311 seconds
20.180: [GC (Allocation Failure)  73869K->749K(415744K), 0.0006339 secs]
20.180: Total time for which application threads were stopped: 0.0007643 seconds, Stopping threads took: 0.0000228 seconds
20.232: [GC (Allocation Failure)  72941K->653K(414720K), 0.0004236 secs]
20.232: Total time for which application threads were stopped: 0.0005317 seconds, Stopping threads took: 0.0000177 seconds
20.278: [GC (Allocation Failure)  71821K->653K(413696K), 0.0004662 secs]
20.278: Total time for which application threads were stopped: 0.0005755 seconds, Stopping threads took: 0.0000170 seconds
20.326: [GC (Allocation Failure)  70797K->653K(412672K), 0.0004572 secs]
20.326: Total time for which application threads were stopped: 0.0005713 seconds, Stopping threads took: 0.0000175 seconds
20.370: [GC (Allocation Failure)  69773K->685K(411648K), 0.0005078 secs]
20.371: Total time for which application threads were stopped: 0.0006461 seconds, Stopping threads took: 0.0000286 seconds
20.415: [GC (Allocation Failure)  68781K->653K(410624K), 0.0004767 secs]
20.415: Total time for which application threads were stopped: 0.0006113 seconds, Stopping threads took: 0.0000282 seconds
20.461: [GC (Allocation Failure)  67725K->685K(409600K), 0.0004854 secs]
20.461: Total time for which application threads were stopped: 0.0006090 seconds, Stopping threads took: 0.0000195 seconds
20.505: [GC (Allocation Failure)  66733K->717K(408576K), 0.0004545 secs]
20.505: Total time for which application threads were stopped: 0.0005929 seconds, Stopping threads took: 0.0000261 seconds
20.548: [GC (Allocation Failure)  65741K->717K(421888K), 0.0007274 secs]
20.549: Total time for which application threads were stopped: 0.0008939 seconds, Stopping threads took: 0.0000198 seconds
20.600: [GC (Allocation Failure)  79053K->621K(420864K), 0.0004383 secs]
20.600: Total time for which application threads were stopped: 0.0005767 seconds, Stopping threads took: 0.0000340 seconds
20.650: [GC (Allocation Failure)  77933K->621K(419840K), 0.0005298 secs]
20.650: Total time for which application threads were stopped: 0.0006554 seconds, Stopping threads took: 0.0000171 seconds
20.700: [GC (Allocation Failure)  76909K->717K(418816K), 0.0004596 secs]
20.701: Total time for which application threads were stopped: 0.0005800 seconds, Stopping threads took: 0.0000197 seconds
20.748: [GC (Allocation Failure)  75981K->685K(417792K), 0.0005073 secs]
20.749: Total time for which application threads were stopped: 0.0006323 seconds, Stopping threads took: 0.0000207 seconds
20.796: [GC (Allocation Failure)  74925K->717K(416768K), 0.0004865 secs]
20.796: Total time for which application threads were stopped: 0.0006113 seconds, Stopping threads took: 0.0000205 seconds
20.842: [GC (Allocation Failure)  73933K->653K(415744K), 0.0004484 secs]
20.843: Total time for which application threads were stopped: 0.0005723 seconds, Stopping threads took: 0.0000219 seconds
20.894: [GC (Allocation Failure)  72845K->621K(414720K), 0.0004870 secs]
20.895: Total time for which application threads were stopped: 0.0006141 seconds, Stopping threads took: 0.0000162 seconds
20.941: [GC (Allocation Failure)  71789K->653K(413696K), 0.0005059 secs]
20.941: Total time for which application threads were stopped: 0.0006472 seconds, Stopping threads took: 0.0000223 seconds
20.991: [GC (Allocation Failure)  70797K->653K(412672K), 0.0006229 secs]
20.991: Total time for which application threads were stopped: 0.0007743 seconds, Stopping threads took: 0.0000269 seconds
21.036: [GC (Allocation Failure)  69773K->717K(411648K), 0.0004473 secs]
21.036: Total time for which application threads were stopped: 0.0005758 seconds, Stopping threads took: 0.0000229 seconds
21.085: [GC (Allocation Failure)  68813K->653K(410624K), 0.0004325 secs]
21.086: Total time for which application threads were stopped: 0.0005467 seconds, Stopping threads took: 0.0000171 seconds
21.129: [GC (Allocation Failure)  67725K->653K(409600K), 0.0005813 secs]
21.129: Total time for which application threads were stopped: 0.0007041 seconds, Stopping threads took: 0.0000188 seconds
21.178: [GC (Allocation Failure)  66701K->653K(408576K), 0.0004693 secs]
21.178: Total time for which application threads were stopped: 0.0006035 seconds, Stopping threads took: 0.0000280 seconds
21.220: [GC (Allocation Failure)  65677K->653K(407552K), 0.0005532 secs]
21.221: Total time for which application threads were stopped: 0.0006871 seconds, Stopping threads took: 0.0000267 seconds
21.265: [GC (Allocation Failure)  64653K->685K(406528K), 0.0005241 secs]
21.266: Total time for which application threads were stopped: 0.0006588 seconds, Stopping threads took: 0.0000269 seconds
21.307: [GC (Allocation Failure)  63661K->685K(405504K), 0.0004809 secs]
21.307: Total time for which application threads were stopped: 0.0006227 seconds, Stopping threads took: 0.0000268 seconds
21.347: [GC (Allocation Failure)  62637K->653K(404992K), 0.0005204 secs]
21.348: Total time for which application threads were stopped: 0.0006904 seconds, Stopping threads took: 0.0000293 seconds
21.390: [GC (Allocation Failure)  62093K->653K(417280K), 0.0005853 secs]
21.391: Total time for which application threads were stopped: 0.0007266 seconds, Stopping threads took: 0.0000289 seconds
21.442: [GC (Allocation Failure)  74381K->621K(432128K), 0.0005573 secs]
21.442: Total time for which application threads were stopped: 0.0007255 seconds, Stopping threads took: 0.0000306 seconds
21.499: [GC (Allocation Failure)  89197K->685K(430592K), 0.0005461 secs]
21.500: Total time for which application threads were stopped: 0.0007019 seconds, Stopping threads took: 0.0000269 seconds
21.556: [GC (Allocation Failure)  87725K->717K(429056K), 0.0005307 secs]
21.557: Total time for which application threads were stopped: 0.0006943 seconds, Stopping threads took: 0.0000312 seconds
21.611: [GC (Allocation Failure)  86221K->749K(427520K), 0.0005144 secs]
21.612: Total time for which application threads were stopped: 0.0006639 seconds, Stopping threads took: 0.0000307 seconds
21.672: [GC (Allocation Failure)  84717K->717K(425984K), 0.0004742 secs]
21.673: Total time for which application threads were stopped: 0.0005974 seconds, Stopping threads took: 0.0000233 seconds
21.725: [GC (Allocation Failure)  83149K->685K(424448K), 0.0005008 secs]
21.725: Total time for which application threads were stopped: 0.0006225 seconds, Stopping threads took: 0.0000201 seconds
21.777: [GC (Allocation Failure)  81581K->653K(422912K), 0.0005203 secs]
21.777: Total time for which application threads were stopped: 0.0006625 seconds, Stopping threads took: 0.0000202 seconds
21.827: [GC (Allocation Failure)  80013K->685K(421888K), 0.0004857 secs]
21.828: Total time for which application threads were stopped: 0.0006279 seconds, Stopping threads took: 0.0000294 seconds
21.877: [GC (Allocation Failure)  79021K->653K(420864K), 0.0005228 secs]
21.878: Total time for which application threads were stopped: 0.0006695 seconds, Stopping threads took: 0.0000222 seconds
21.931: [GC (Allocation Failure)  77965K->717K(419840K), 0.0005689 secs]
21.932: Total time for which application threads were stopped: 0.0007083 seconds, Stopping threads took: 0.0000211 seconds
21.985: [GC (Allocation Failure)  77005K->653K(418816K), 0.0004891 secs]
21.986: Total time for which application threads were stopped: 0.0006367 seconds, Stopping threads took: 0.0000226 seconds
22.039: [GC (Allocation Failure)  75917K->685K(417792K), 0.0004311 secs]
22.040: Total time for which application threads were stopped: 0.0005756 seconds, Stopping threads took: 0.0000312 seconds
22.088: [GC (Allocation Failure)  74925K->717K(416768K), 0.0007512 secs]
22.088: Total time for which application threads were stopped: 0.0008772 seconds, Stopping threads took: 0.0000277 seconds
22.135: [GC (Allocation Failure)  73933K->621K(431616K), 0.0006613 secs]
22.136: Total time for which application threads were stopped: 0.0008137 seconds, Stopping threads took: 0.0000299 seconds
22.192: [GC (Allocation Failure)  88685K->685K(430080K), 0.0005706 secs]
22.192: Total time for which application threads were stopped: 0.0007064 seconds, Stopping threads took: 0.0000226 seconds
22.252: [GC (Allocation Failure)  87213K->749K(447488K), 0.0008557 secs]
22.253: Total time for which application threads were stopped: 0.0009945 seconds, Stopping threads took: 0.0000300 seconds
22.318: [GC (Allocation Failure)  104685K->717K(445440K), 0.0004812 secs]
22.319: Total time for which application threads were stopped: 0.0006147 seconds, Stopping threads took: 0.0000297 seconds
22.383: [GC (Allocation Failure)  102605K->685K(443392K), 0.0005308 secs]
22.384: Total time for which application threads were stopped: 0.0006477 seconds, Stopping threads took: 0.0000193 seconds
22.452: [GC (Allocation Failure)  100525K->685K(441344K), 0.0004672 secs]
22.453: Total time for which application threads were stopped: 0.0005935 seconds, Stopping threads took: 0.0000270 seconds
22.515: [GC (Allocation Failure)  98477K->653K(439296K), 0.0005472 secs]
22.515: Total time for which application threads were stopped: 0.0006740 seconds, Stopping threads took: 0.0000274 seconds
22.575: [GC (Allocation Failure)  96397K->685K(437760K), 0.0005012 secs]
22.576: Total time for which application threads were stopped: 0.0006188 seconds, Stopping threads took: 0.0000259 seconds
22.635: [GC (Allocation Failure)  94893K->749K(436224K), 0.0006773 secs]
22.636: Total time for which application threads were stopped: 0.0008051 seconds, Stopping threads took: 0.0000276 seconds
22.695: [GC (Allocation Failure)  93421K->685K(434688K), 0.0004736 secs]
22.695: Total time for which application threads were stopped: 0.0005929 seconds, Stopping threads took: 0.0000191 seconds
22.753: [GC (Allocation Failure)  91821K->653K(433152K), 0.0005055 secs]
22.753: Total time for which application threads were stopped: 0.0006427 seconds, Stopping threads took: 0.0000266 seconds
22.809: [GC (Allocation Failure)  90253K->717K(431616K), 0.0004910 secs]
22.810: Total time for which application threads were stopped: 0.0006059 seconds, Stopping threads took: 0.0000192 seconds
22.871: [GC (Allocation Failure)  88781K->653K(430080K), 0.0005032 secs]
22.871: Total time for which application threads were stopped: 0.0006188 seconds, Stopping threads took: 0.0000167 seconds
22.926: [GC (Allocation Failure)  87181K->685K(428544K), 0.0006172 secs]
22.927: Total time for which application threads were stopped: 0.0007664 seconds, Stopping threads took: 0.0000286 seconds
22.984: [GC (Allocation Failure)  85677K->717K(427008K), 0.0005019 secs]
22.985: Total time for which application threads were stopped: 0.0006238 seconds, Stopping threads took: 0.0000201 seconds
23.038: [GC (Allocation Failure)  84173K->653K(425472K), 0.0007721 secs]
23.039: Total time for which application threads were stopped: 0.0008934 seconds, Stopping threads took: 0.0000205 seconds
23.090: [GC (Allocation Failure)  82573K->653K(423936K), 0.0004851 secs]
23.091: Total time for which application threads were stopped: 0.0006053 seconds, Stopping threads took: 0.0000195 seconds
23.141: [GC (Allocation Failure)  81037K->621K(422400K), 0.0004629 secs]
23.142: Total time for which application threads were stopped: 0.0005974 seconds, Stopping threads took: 0.0000195 seconds
23.192: [GC (Allocation Failure)  79469K->717K(421376K), 0.0006911 secs]
23.192: Total time for which application threads were stopped: 0.0008394 seconds, Stopping threads took: 0.0000221 seconds
23.247: [GC (Allocation Failure)  78541K->749K(420352K), 0.0006260 secs]
23.247: Total time for which application threads were stopped: 0.0007845 seconds, Stopping threads took: 0.0000312 seconds
23.296: [GC (Allocation Failure)  77549K->749K(435712K), 0.0007032 secs]
23.297: Total time for which application threads were stopped: 0.0008627 seconds, Stopping threads took: 0.0000295 seconds
23.356: [GC (Allocation Failure)  92909K->653K(434176K), 0.0004967 secs]
23.356: Total time for which application threads were stopped: 0.0006325 seconds, Stopping threads took: 0.0000233 seconds
23.414: [GC (Allocation Failure)  91277K->589K(432640K), 0.0005509 secs]
23.414: Total time for which application threads were stopped: 0.0006754 seconds, Stopping threads took: 0.0000201 seconds
23.471: [GC (Allocation Failure)  89677K->653K(431104K), 0.0004946 secs]
23.471: Total time for which application threads were stopped: 0.0006346 seconds, Stopping threads took: 0.0000216 seconds
23.531: [GC (Allocation Failure)  88205K->685K(429568K), 0.0005035 secs]
23.532: Total time for which application threads were stopped: 0.0006374 seconds, Stopping threads took: 0.0000285 seconds
23.586: [GC (Allocation Failure)  86701K->685K(428032K), 0.0005166 secs]
23.587: Total time for which application threads were stopped: 0.0006613 seconds, Stopping threads took: 0.0000300 seconds
23.640: [GC (Allocation Failure)  85165K->685K(426496K), 0.0004864 secs]
23.641: Total time for which application threads were stopped: 0.0006160 seconds, Stopping threads took: 0.0000224 seconds
23.694: [GC (Allocation Failure)  83629K->685K(424960K), 0.0004822 secs]
23.695: Total time for which application threads were stopped: 0.0006025 seconds, Stopping threads took: 0.0000200 seconds
23.746: [GC (Allocation Failure)  82093K->653K(423424K), 0.0004927 secs]
23.746: Total time for which application threads were stopped: 0.0006130 seconds, Stopping threads took: 0.0000202 seconds
23.797: [GC (Allocation Failure)  80525K->685K(422400K), 0.0006398 secs]
23.797: Total time for which application threads were stopped: 0.0007591 seconds, Stopping threads took: 0.0000195 seconds
23.847: [GC (Allocation Failure)  79533K->653K(421376K), 0.0004540 secs]
23.848: Total time for which application threads were stopped: 0.0005726 seconds, Stopping threads took: 0.0000194 seconds
23.896: [GC (Allocation Failure)  78477K->621K(420352K), 0.0005239 secs]
23.897: Total time for which application threads were stopped: 0.0006563 seconds, Stopping threads took: 0.0000212 seconds
23.951: [GC (Allocation Failure)  77421K->749K(419328K), 0.0005836 secs]
23.952: Total time for which application threads were stopped: 0.0007355 seconds, Stopping threads took: 0.0000225 seconds
24.000: [GC (Allocation Failure)  76525K->653K(418304K), 0.0004916 secs]
24.000: Total time for which application threads were stopped: 0.0006113 seconds, Stopping threads took: 0.0000198 seconds
24.047: [GC (Allocation Failure)  75405K->717K(417280K), 0.0005069 secs]
24.048: Total time for which application threads were stopped: 0.0006413 seconds, Stopping threads took: 0.0000215 seconds
24.099: [GC (Allocation Failure)  74445K->653K(416256K), 0.0004716 secs]
24.100: Total time for which application threads were stopped: 0.0005774 seconds, Stopping threads took: 0.0000165 seconds
24.145: [GC (Allocation Failure)  73357K->653K(415232K), 0.0004177 secs]
24.146: Total time for which application threads were stopped: 0.0005265 seconds, Stopping threads took: 0.0000176 seconds
24.194: [GC (Allocation Failure)  72333K->653K(414208K), 0.0005009 secs]
24.195: Total time for which application threads were stopped: 0.0007491 seconds, Stopping threads took: 0.0000276 seconds
24.240: [GC (Allocation Failure)  71309K->653K(413184K), 0.0005977 secs]
24.241: Total time for which application threads were stopped: 0.0007320 seconds, Stopping threads took: 0.0000202 seconds
24.285: [GC (Allocation Failure)  70285K->653K(412160K), 0.0005131 secs]
24.285: Total time for which application threads were stopped: 0.0006507 seconds, Stopping threads took: 0.0000312 seconds
24.329: [GC (Allocation Failure)  69261K->621K(411136K), 0.0005023 secs]
24.330: Total time for which application threads were stopped: 0.0006396 seconds, Stopping threads took: 0.0000304 seconds
24.379: [GC (Allocation Failure)  68205K->653K(410112K), 0.0005121 secs]
24.380: Total time for which application threads were stopped: 0.0006529 seconds, Stopping threads took: 0.0000254 seconds
24.426: [GC (Allocation Failure)  67213K->653K(409088K), 0.0005906 secs]
24.427: Total time for which application threads were stopped: 0.0007470 seconds, Stopping threads took: 0.0000309 seconds
24.469: [GC (Allocation Failure)  66189K->685K(408064K), 0.0005155 secs]
24.470: Total time for which application threads were stopped: 0.0006670 seconds, Stopping threads took: 0.0000221 seconds
24.515: [GC (Allocation Failure)  65197K->653K(407040K), 0.0003784 secs]
24.516: Total time for which application threads were stopped: 0.0005037 seconds, Stopping threads took: 0.0000262 seconds
24.557: [GC (Allocation Failure)  64141K->717K(406016K), 0.0004734 secs]
24.557: Total time for which application threads were stopped: 0.0006171 seconds, Stopping threads took: 0.0000197 seconds
24.598: [GC (Allocation Failure)  63181K->653K(405504K), 0.0004959 secs]
24.598: Total time for which application threads were stopped: 0.0006541 seconds, Stopping threads took: 0.0000286 seconds
24.638: [GC (Allocation Failure)  62605K->685K(418304K), 0.0005598 secs]
24.639: Total time for which application threads were stopped: 0.0006867 seconds, Stopping threads took: 0.0000191 seconds
24.689: [GC (Allocation Failure)  75437K->621K(433664K), 0.0006853 secs]
24.689: Total time for which application threads were stopped: 0.0008034 seconds, Stopping threads took: 0.0000196 seconds
24.749: [GC (Allocation Failure)  90733K->653K(432128K), 0.0004969 secs]
24.750: Total time for which application threads were stopped: 0.0006244 seconds, Stopping threads took: 0.0000282 seconds
24.805: [GC (Allocation Failure)  89229K->685K(430592K), 0.0005515 secs]
24.806: Total time for which application threads were stopped: 0.0006750 seconds, Stopping threads took: 0.0000270 seconds
24.865: [GC (Allocation Failure)  87725K->685K(429056K), 0.0004460 secs]
24.865: Total time for which application threads were stopped: 0.0005622 seconds, Stopping threads took: 0.0000201 seconds
24.925: [GC (Allocation Failure)  86189K->621K(427520K), 0.0005287 secs]
24.926: Total time for which application threads were stopped: 0.0006394 seconds, Stopping threads took: 0.0000175 seconds
24.979: [GC (Allocation Failure)  84589K->621K(425984K), 0.0006462 secs]
24.980: Total time for which application threads were stopped: 0.0008144 seconds, Stopping threads took: 0.0000221 seconds
25.033: [GC (Allocation Failure)  83053K->653K(424448K), 0.0003884 secs]
25.034: Total time for which application threads were stopped: 0.0005063 seconds, Stopping threads took: 0.0000274 seconds
25.088: [GC (Allocation Failure)  81549K->685K(422912K), 0.0005499 secs]
25.089: Total time for which application threads were stopped: 0.0006730 seconds, Stopping threads took: 0.0000271 seconds
25.139: [GC (Allocation Failure)  80045K->717K(421888K), 0.0005344 secs]
25.140: Total time for which application threads were stopped: 0.0006534 seconds, Stopping threads took: 0.0000198 seconds
25.189: [GC (Allocation Failure)  79053K->621K(420864K), 0.0005854 secs]
25.190: Total time for which application threads were stopped: 0.0007264 seconds, Stopping threads took: 0.0000272 seconds
25.239: [GC (Allocation Failure)  77933K->685K(419840K), 0.0006168 secs]
25.240: Total time for which application threads were stopped: 0.0007336 seconds, Stopping threads took: 0.0000198 seconds
25.294: [GC (Allocation Failure)  76973K->653K(418816K), 0.0005027 secs]
25.294: Total time for which application threads were stopped: 0.0006038 seconds, Stopping threads took: 0.0000172 seconds
25.342: [GC (Allocation Failure)  75917K->653K(417792K), 0.0004124 secs]
25.343: Total time for which application threads were stopped: 0.0005272 seconds, Stopping threads took: 0.0000167 seconds
25.391: [GC (Allocation Failure)  74893K->653K(416768K), 0.0003868 secs]
25.391: Total time for which application threads were stopped: 0.0004992 seconds, Stopping threads took: 0.0000165 seconds
25.441: [GC (Allocation Failure)  73869K->685K(415744K), 0.0006112 secs]
25.441: Total time for which application threads were stopped: 0.0007495 seconds, Stopping threads took: 0.0000279 seconds
25.494: [GC (Allocation Failure)  72877K->653K(414720K), 0.0004006 secs]
25.495: Total time for which application threads were stopped: 0.0005262 seconds, Stopping threads took: 0.0000190 seconds
25.545: [GC (Allocation Failure)  71821K->653K(413696K), 0.0003893 secs]
25.545: Total time for which application threads were stopped: 0.0005150 seconds, Stopping threads took: 0.0000201 seconds
25.595: [GC (Allocation Failure)  70797K->685K(412672K), 0.0004761 secs]
25.595: Total time for which application threads were stopped: 0.0006099 seconds, Stopping threads took: 0.0000175 seconds
25.645: [GC (Allocation Failure)  69805K->717K(411648K), 0.0005883 secs]
25.646: Total time for which application threads were stopped: 0.0007520 seconds, Stopping threads took: 0.0000227 seconds
25.691: [GC (Allocation Failure)  68813K->685K(410624K), 0.0005160 secs]
25.692: Total time for which application threads were stopped: 0.0006365 seconds, Stopping threads took: 0.0000196 seconds
25.735: [GC (Allocation Failure)  67757K->653K(409600K), 0.0005080 secs]
25.735: Total time for which application threads were stopped: 0.0006475 seconds, Stopping threads took: 0.0000216 seconds
25.783: [GC (Allocation Failure)  66701K->685K(408576K), 0.0005515 secs]
25.783: Total time for which application threads were stopped: 0.0007047 seconds, Stopping threads took: 0.0000220 seconds
25.828: [GC (Allocation Failure)  65709K->653K(407552K), 0.0004914 secs]
25.828: Total time for which application threads were stopped: 0.0006252 seconds, Stopping threads took: 0.0000271 seconds
25.873: [GC (Allocation Failure)  64653K->685K(406528K), 0.0006422 secs]
25.874: Total time for which application threads were stopped: 0.0007848 seconds, Stopping threads took: 0.0000210 seconds
25.915: [GC (Allocation Failure)  63661K->653K(405504K), 0.0004886 secs]
25.916: Total time for which application threads were stopped: 0.0006335 seconds, Stopping threads took: 0.0000309 seconds
25.961: [GC (Allocation Failure)  62605K->685K(404992K), 0.0004858 secs]
25.962: Total time for which application threads were stopped: 0.0006123 seconds, Stopping threads took: 0.0000279 seconds
26.005: [GC (Allocation Failure)  62125K->653K(404480K), 0.0003983 secs]
26.006: Total time for which application threads were stopped: 0.0005485 seconds, Stopping threads took: 0.0000168 seconds
26.051: [GC (Allocation Failure)  61581K->653K(403968K), 0.0004256 secs]
26.051: Total time for which application threads were stopped: 0.0005486 seconds, Stopping threads took: 0.0000251 seconds
26.090: [GC (Allocation Failure)  61069K->749K(403456K), 0.0004832 secs]
26.091: Total time for which application threads were stopped: 0.0006212 seconds, Stopping threads took: 0.0000276 seconds
26.129: [GC (Allocation Failure)  60653K->653K(402944K), 0.0005095 secs]
26.130: Total time for which application threads were stopped: 0.0006480 seconds, Stopping threads took: 0.0000282 seconds
26.174: [GC (Allocation Failure)  60045K->621K(415232K), 0.0006346 secs]
26.175: Total time for which application threads were stopped: 0.0007711 seconds, Stopping threads took: 0.0000280 seconds
26.224: [GC (Allocation Failure)  72301K->653K(414208K), 0.0004848 secs]
26.225: Total time for which application threads were stopped: 0.0006317 seconds, Stopping threads took: 0.0000283 seconds
26.273: [GC (Allocation Failure)  71309K->621K(413184K), 0.0005872 secs]
26.274: Total time for which application threads were stopped: 0.0007298 seconds, Stopping threads took: 0.0000299 seconds
26.324: [GC (Allocation Failure)  70253K->653K(412160K), 0.0005506 secs]
26.324: Total time for which application threads were stopped: 0.0006800 seconds, Stopping threads took: 0.0000201 seconds
26.372: [GC (Allocation Failure)  69261K->749K(411136K), 0.0004781 secs]
26.373: Total time for which application threads were stopped: 0.0006036 seconds, Stopping threads took: 0.0000195 seconds
26.417: [GC (Allocation Failure)  68333K->621K(424960K), 0.0006682 secs]
26.417: Total time for which application threads were stopped: 0.0009473 seconds, Stopping threads took: 0.0000277 seconds
26.470: [GC (Allocation Failure)  82029K->653K(423424K), 0.0004845 secs]
26.471: Total time for which application threads were stopped: 0.0006304 seconds, Stopping threads took: 0.0000281 seconds
26.526: [GC (Allocation Failure)  80525K->685K(422400K), 0.0005091 secs]
26.526: Total time for which application threads were stopped: 0.0006428 seconds, Stopping threads took: 0.0000204 seconds
26.578: [GC (Allocation Failure)  79533K->653K(421376K), 0.0006121 secs]
26.578: Total time for which application threads were stopped: 0.0007482 seconds, Stopping threads took: 0.0000217 seconds
26.632: [GC (Allocation Failure)  78477K->685K(420352K), 0.0004670 secs]
26.633: Total time for which application threads were stopped: 0.0006188 seconds, Stopping threads took: 0.0000214 seconds
26.688: [GC (Allocation Failure)  77485K->653K(419328K), 0.0004926 secs]
26.689: Total time for which application threads were stopped: 0.0006217 seconds, Stopping threads took: 0.0000285 seconds
26.740: [GC (Allocation Failure)  76429K->621K(418304K), 0.0004940 secs]
26.741: Total time for which application threads were stopped: 0.0006317 seconds, Stopping threads took: 0.0000216 seconds
26.794: [GC (Allocation Failure)  75373K->685K(417280K), 0.0005172 secs]
26.795: Total time for which application threads were stopped: 0.0006679 seconds, Stopping threads took: 0.0000302 seconds
26.841: [GC (Allocation Failure)  74413K->653K(416256K), 0.0006414 secs]
26.842: Total time for which application threads were stopped: 0.0007847 seconds, Stopping threads took: 0.0000228 seconds
26.889: [GC (Allocation Failure)  73357K->717K(415232K), 0.0004912 secs]
26.889: Total time for which application threads were stopped: 0.0006426 seconds, Stopping threads took: 0.0000216 seconds
26.935: [GC (Allocation Failure)  72397K->685K(414208K), 0.0004638 secs]
26.936: Total time for which application threads were stopped: 0.0005989 seconds, Stopping threads took: 0.0000219 seconds
26.981: [GC (Allocation Failure)  71341K->685K(413184K), 0.0004949 secs]
26.981: Total time for which application threads were stopped: 0.0006402 seconds, Stopping threads took: 0.0000217 seconds
27.027: [GC (Allocation Failure)  70317K->685K(427520K), 0.0008053 secs]
27.028: Total time for which application threads were stopped: 0.0009530 seconds, Stopping threads took: 0.0000285 seconds
27.082: [GC (Allocation Failure)  84653K->685K(425984K), 0.0004785 secs]
27.082: Total time for which application threads were stopped: 0.0005985 seconds, Stopping threads took: 0.0000198 seconds
27.140: [GC (Allocation Failure)  83117K->749K(424448K), 0.0004983 secs]
27.141: Total time for which application threads were stopped: 0.0006254 seconds, Stopping threads took: 0.0000223 seconds
27.197: [GC (Allocation Failure)  81645K->685K(422912K), 0.0005623 secs]
27.198: Total time for which application threads were stopped: 0.0006909 seconds, Stopping threads took: 0.0000177 seconds
27.249: [GC (Allocation Failure)  80045K->685K(421888K), 0.0007073 secs]
27.249: Total time for which application threads were stopped: 0.0008568 seconds, Stopping threads took: 0.0000215 seconds
27.305: [GC (Allocation Failure)  79021K->685K(420864K), 0.0004683 secs]
27.306: Total time for which application threads were stopped: 0.0006199 seconds, Stopping threads took: 0.0000296 seconds
27.355: [GC (Allocation Failure)  77997K->717K(419840K), 0.0004672 secs]
27.356: Total time for which application threads were stopped: 0.0006033 seconds, Stopping threads took: 0.0000300 seconds
27.404: [GC (Allocation Failure)  77005K->653K(418816K), 0.0004857 secs]
27.405: Total time for which application threads were stopped: 0.0006291 seconds, Stopping threads took: 0.0000199 seconds
27.457: [GC (Allocation Failure)  75917K->621K(417792K), 0.0006112 secs]
27.458: Total time for which application threads were stopped: 0.0007543 seconds, Stopping threads took: 0.0000289 seconds
27.512: [GC (Allocation Failure)  74861K->653K(416768K), 0.0004236 secs]
27.513: Total time for which application threads were stopped: 0.0005518 seconds, Stopping threads took: 0.0000259 seconds
27.560: [GC (Allocation Failure)  73869K->653K(415744K), 0.0004721 secs]
27.560: Total time for which application threads were stopped: 0.0005994 seconds, Stopping threads took: 0.0000198 seconds
27.611: [GC (Allocation Failure)  72845K->653K(414720K), 0.0004797 secs]
27.611: Total time for which application threads were stopped: 0.0006162 seconds, Stopping threads took: 0.0000273 seconds
27.660: [GC (Allocation Failure)  71821K->621K(429056K), 0.0019996 secs]
27.662: Total time for which application threads were stopped: 0.0021515 seconds, Stopping threads took: 0.0000182 seconds
27.717: [GC (Allocation Failure)  86125K->621K(446464K), 0.0004237 secs]
27.717: Total time for which application threads were stopped: 0.0005424 seconds, Stopping threads took: 0.0000202 seconds
27.787: [GC (Allocation Failure)  103533K->653K(467456K), 0.0004491 secs]
27.787: Total time for which application threads were stopped: 0.0005566 seconds, Stopping threads took: 0.0000166 seconds
27.866: [GC (Allocation Failure)  124557K->717K(464896K), 0.0004767 secs]
27.866: Total time for which application threads were stopped: 0.0006083 seconds, Stopping threads took: 0.0000201 seconds
27.948: [GC (Allocation Failure)  122061K->685K(462336K), 0.0005015 secs]
27.948: Total time for which application threads were stopped: 0.0006354 seconds, Stopping threads took: 0.0000214 seconds
28.023: [GC (Allocation Failure)  119469K->749K(459776K), 0.0005460 secs]
28.024: Total time for which application threads were stopped: 0.0006878 seconds, Stopping threads took: 0.0000202 seconds
28.096: [GC (Allocation Failure)  116973K->717K(457216K), 0.0006263 secs]
28.097: Total time for which application threads were stopped: 0.0007595 seconds, Stopping threads took: 0.0000203 seconds
28.174: [GC (Allocation Failure)  114381K->685K(454656K), 0.0005088 secs]
28.175: Total time for which application threads were stopped: 0.0006565 seconds, Stopping threads took: 0.0000221 seconds
28.244: [GC (Allocation Failure)  111789K->717K(452096K), 0.0006426 secs]
28.245: Total time for which application threads were stopped: 0.0007897 seconds, Stopping threads took: 0.0000223 seconds
28.313: [GC (Allocation Failure)  109261K->653K(450048K), 0.0006386 secs]
28.314: Total time for which application threads were stopped: 0.0007979 seconds, Stopping threads took: 0.0000200 seconds
28.381: [GC (Allocation Failure)  107149K->685K(448000K), 0.0005158 secs]
28.381: Total time for which application threads were stopped: 0.0006311 seconds, Stopping threads took: 0.0000213 seconds
28.453: [GC (Allocation Failure)  105133K->653K(445952K), 0.0004114 secs]
28.454: Total time for which application threads were stopped: 0.0005083 seconds, Stopping threads took: 0.0000160 seconds
28.518: [GC (Allocation Failure)  103053K->685K(443904K), 0.0004073 secs]
28.519: Total time for which application threads were stopped: 0.0005500 seconds, Stopping threads took: 0.0000252 seconds
28.587: [GC (Allocation Failure)  101037K->653K(441856K), 0.0004479 secs]
28.588: Total time for which application threads were stopped: 0.0005669 seconds, Stopping threads took: 0.0000180 seconds
28.649: [GC (Allocation Failure)  98957K->653K(439808K), 0.0004701 secs]
28.650: Total time for which application threads were stopped: 0.0006108 seconds, Stopping threads took: 0.0000236 seconds
28.715: [GC (Allocation Failure)  96909K->717K(437760K), 0.0005344 secs]
28.715: Total time for which application threads were stopped: 0.0006607 seconds, Stopping threads took: 0.0000201 seconds
28.775: [GC (Allocation Failure)  94925K->653K(436224K), 0.0006007 secs]
28.775: Total time for which application threads were stopped: 0.0007464 seconds, Stopping threads took: 0.0000223 seconds
28.839: [GC (Allocation Failure)  93325K->717K(434688K), 0.0005354 secs]
28.840: Total time for which application threads were stopped: 0.0006899 seconds, Stopping threads took: 0.0000306 seconds
28.897: [GC (Allocation Failure)  91853K->685K(433152K), 0.0005668 secs]
28.897: Total time for which application threads were stopped: 0.0007115 seconds, Stopping threads took: 0.0000221 seconds
28.960: [GC (Allocation Failure)  90285K->717K(431616K), 0.0006319 secs]
28.960: Total time for which application threads were stopped: 0.0007811 seconds, Stopping threads took: 0.0000222 seconds
29.023: [GC (Allocation Failure)  88781K->653K(430080K), 0.0005141 secs]
29.024: Total time for which application threads were stopped: 0.0006668 seconds, Stopping threads took: 0.0000169 seconds
29.084: [GC (Allocation Failure)  87181K->653K(428544K), 0.0005701 secs]
29.085: Total time for which application threads were stopped: 0.0007136 seconds, Stopping threads took: 0.0000219 seconds
29.143: [GC (Allocation Failure)  85645K->653K(427008K), 0.0005320 secs]
29.144: Total time for which application threads were stopped: 0.0006862 seconds, Stopping threads took: 0.0000292 seconds
29.196: [GC (Allocation Failure)  84109K->653K(425472K), 0.0004939 secs]
29.197: Total time for which application threads were stopped: 0.0006419 seconds, Stopping threads took: 0.0000220 seconds
29.253: [GC (Allocation Failure)  82573K->621K(423936K), 0.0005223 secs]
29.253: Total time for which application threads were stopped: 0.0006816 seconds, Stopping threads took: 0.0000217 seconds
29.304: [GC (Allocation Failure)  81005K->685K(422400K), 0.0005156 secs]
29.304: Total time for which application threads were stopped: 0.0006553 seconds, Stopping threads took: 0.0000223 seconds
29.354: [GC (Allocation Failure)  79533K->653K(421376K), 0.0005371 secs]
29.355: Total time for which application threads were stopped: 0.0006954 seconds, Stopping threads took: 0.0000294 seconds
29.410: [GC (Allocation Failure)  78477K->717K(420352K), 0.0005453 secs]
29.411: Total time for which application threads were stopped: 0.0006779 seconds, Stopping threads took: 0.0000298 seconds
29.465: [GC (Allocation Failure)  77517K->653K(419328K), 0.0004089 secs]
29.465: Total time for which application threads were stopped: 0.0005164 seconds, Stopping threads took: 0.0000168 seconds
29.514: [GC (Allocation Failure)  76429K->653K(418304K), 0.0004162 secs]
29.514: Total time for which application threads were stopped: 0.0005367 seconds, Stopping threads took: 0.0000197 seconds
29.561: [GC (Allocation Failure)  75405K->749K(417280K), 0.0006214 secs]
29.562: Total time for which application threads were stopped: 0.0007591 seconds, Stopping threads took: 0.0000386 seconds
29.609: [GC (Allocation Failure)  74477K->685K(416256K), 0.0004780 secs]
29.609: Total time for which application threads were stopped: 0.0006061 seconds, Stopping threads took: 0.0000275 seconds
29.656: [GC (Allocation Failure)  73389K->653K(415232K), 0.0005060 secs]
29.656: Total time for which application threads were stopped: 0.0006314 seconds, Stopping threads took: 0.0000264 seconds
29.704: [GC (Allocation Failure)  72333K->621K(414208K), 0.0005606 secs]
29.705: Total time for which application threads were stopped: 0.0006761 seconds, Stopping threads took: 0.0000197 seconds
29.749: [GC (Allocation Failure)  71277K->685K(413184K), 0.0005374 secs]
29.750: Total time for which application threads were stopped: 0.0006545 seconds, Stopping threads took: 0.0000198 seconds
29.798: [GC (Allocation Failure)  70317K->653K(412160K), 0.0004784 secs]
29.798: Total time for which application threads were stopped: 0.0006254 seconds, Stopping threads took: 0.0000299 seconds
29.841: [GC (Allocation Failure)  69261K->685K(411136K), 0.0004132 secs]
29.842: Total time for which application threads were stopped: 0.0005430 seconds, Stopping threads took: 0.0000282 seconds
29.884: [GC (Allocation Failure)  68269K->685K(410112K), 0.0004729 secs]
29.885: Total time for which application threads were stopped: 0.0006009 seconds, Stopping threads took: 0.0000196 seconds
29.927: [GC (Allocation Failure)  67245K->653K(409088K), 0.0005253 secs]
29.928: Total time for which application threads were stopped: 0.0006755 seconds, Stopping threads took: 0.0000229 seconds
29.974: [GC (Allocation Failure)  66189K->653K(408064K), 0.0004878 secs]
29.975: Total time for which application threads were stopped: 0.0006337 seconds, Stopping threads took: 0.0000305 seconds
30.016: [GC (Allocation Failure)  65165K->653K(407040K), 0.0004261 secs]
30.016: Total time for which application threads were stopped: 0.0005520 seconds, Stopping threads took: 0.0000265 seconds
30.057: [GC (Allocation Failure)  64141K->685K(406016K), 0.0005764 secs]
30.057: Total time for which application threads were stopped: 0.0007197 seconds, Stopping threads took: 0.0000284 seconds
30.097: [GC (Allocation Failure)  63149K->717K(418816K), 0.0005521 secs]
30.098: Total time for which application threads were stopped: 0.0007005 seconds, Stopping threads took: 0.0000233 seconds
30.146: [GC (Allocation Failure)  75981K->621K(434176K), 0.0006683 secs]
30.147: Total time for which application threads were stopped: 0.0008211 seconds, Stopping threads took: 0.0000230 seconds
30.211: [GC (Allocation Failure)  91245K->653K(432640K), 0.0004337 secs]
30.212: Total time for which application threads were stopped: 0.0005478 seconds, Stopping threads took: 0.0000172 seconds
30.275: [GC (Allocation Failure)  89741K->685K(431104K), 0.0004577 secs]
30.275: Total time for which application threads were stopped: 0.0005892 seconds, Stopping threads took: 0.0000277 seconds
30.331: [GC (Allocation Failure)  88237K->685K(429568K), 0.0005030 secs]
30.332: Total time for which application threads were stopped: 0.0006157 seconds, Stopping threads took: 0.0000196 seconds
30.392: [GC (Allocation Failure)  86701K->653K(428032K), 0.0003979 secs]
30.392: Total time for which application threads were stopped: 0.0005281 seconds, Stopping threads took: 0.0000168 seconds
30.451: [GC (Allocation Failure)  85133K->653K(426496K), 0.0005157 secs]
30.452: Total time for which application threads were stopped: 0.0006430 seconds, Stopping threads took: 0.0000270 seconds
30.506: [GC (Allocation Failure)  83597K->653K(424960K), 0.0004148 secs]
30.506: Total time for which application threads were stopped: 0.0005277 seconds, Stopping threads took: 0.0000193 seconds
30.563: [GC (Allocation Failure)  82061K->685K(423424K), 0.0005029 secs]
30.563: Total time for which application threads were stopped: 0.0006362 seconds, Stopping threads took: 0.0000281 seconds
30.615: [GC (Allocation Failure)  80557K->717K(422400K), 0.0005156 secs]
30.615: Total time for which application threads were stopped: 0.0006409 seconds, Stopping threads took: 0.0000199 seconds
30.666: [GC (Allocation Failure)  79565K->653K(421376K), 0.0004487 secs]
30.667: Total time for which application threads were stopped: 0.0005834 seconds, Stopping threads took: 0.0000252 seconds
30.721: [GC (Allocation Failure)  78477K->621K(420352K), 0.0005366 secs]
30.721: Total time for which application threads were stopped: 0.0006615 seconds, Stopping threads took: 0.0000278 seconds
30.770: [GC (Allocation Failure)  77421K->685K(419328K), 0.0006596 secs]
30.770: Total time for which application threads were stopped: 0.0007858 seconds, Stopping threads took: 0.0000278 seconds
30.818: [GC (Allocation Failure)  76461K->717K(418304K), 0.0004518 secs]
30.818: Total time for which application threads were stopped: 0.0005753 seconds, Stopping threads took: 0.0000280 seconds
30.871: [GC (Allocation Failure)  75469K->685K(417280K), 0.0004823 secs]
30.871: Total time for which application threads were stopped: 0.0005981 seconds, Stopping threads took: 0.0000191 seconds
30.918: [GC (Allocation Failure)  74413K->653K(416256K), 0.0005645 secs]
30.919: Total time for which application threads were stopped: 0.0006983 seconds, Stopping threads took: 0.0000191 seconds
30.964: [GC (Allocation Failure)  73357K->653K(415232K), 0.0006076 secs]
30.965: Total time for which application threads were stopped: 0.0007524 seconds, Stopping threads took: 0.0000217 seconds
31.011: [GC (Allocation Failure)  72333K->685K(414208K), 0.0004651 secs]
31.011: Total time for which application threads were stopped: 0.0006089 seconds, Stopping threads took: 0.0000275 seconds
31.056: [GC (Allocation Failure)  71341K->685K(413184K), 0.0004819 secs]
31.056: Total time for which application threads were stopped: 0.0006160 seconds, Stopping threads took: 0.0000269 seconds
31.100: [GC (Allocation Failure)  70317K->653K(412160K), 0.0005060 secs]
31.101: Total time for which application threads were stopped: 0.0006319 seconds, Stopping threads took: 0.0000218 seconds
31.144: [GC (Allocation Failure)  69261K->685K(411136K), 0.0005194 secs]
31.145: Total time for which application threads were stopped: 0.0006598 seconds, Stopping threads took: 0.0000225 seconds
31.187: [GC (Allocation Failure)  68269K->653K(424960K), 0.0006385 secs]
31.188: Total time for which application threads were stopped: 0.0007909 seconds, Stopping threads took: 0.0000294 seconds
31.240: [GC (Allocation Failure)  82061K->653K(423424K), 0.0005087 secs]
31.240: Total time for which application threads were stopped: 0.0006563 seconds, Stopping threads took: 0.0000221 seconds
31.291: [GC (Allocation Failure)  80525K->653K(422400K), 0.0004685 secs]
31.291: Total time for which application threads were stopped: 0.0006025 seconds, Stopping threads took: 0.0000227 seconds
31.341: [GC (Allocation Failure)  79501K->621K(438272K), 0.0007060 secs]
31.342: Total time for which application threads were stopped: 0.0008474 seconds, Stopping threads took: 0.0000224 seconds
31.401: [GC (Allocation Failure)  95341K->685K(436736K), 0.0005285 secs]
31.402: Total time for which application threads were stopped: 0.0006494 seconds, Stopping threads took: 0.0000200 seconds
31.461: [GC (Allocation Failure)  93869K->653K(435200K), 0.0004226 secs]
31.461: Total time for which application threads were stopped: 0.0005476 seconds, Stopping threads took: 0.0000206 seconds
31.524: [GC (Allocation Failure)  92301K->653K(433664K), 0.0004124 secs]
31.524: Total time for which application threads were stopped: 0.0005397 seconds, Stopping threads took: 0.0000202 seconds
31.581: [GC (Allocation Failure)  90765K->653K(432128K), 0.0006193 secs]
31.582: Total time for which application threads were stopped: 0.0007438 seconds, Stopping threads took: 0.0000274 seconds
31.640: [GC (Allocation Failure)  89229K->717K(430592K), 0.0004686 secs]
31.640: Total time for which application threads were stopped: 0.0005678 seconds, Stopping threads took: 0.0000176 seconds
31.702: [GC (Allocation Failure)  87757K->653K(429056K), 0.0004927 secs]
31.702: Total time for which application threads were stopped: 0.0006012 seconds, Stopping threads took: 0.0000167 seconds
31.762: [GC (Allocation Failure)  86157K->621K(427520K), 0.0004221 secs]
31.762: Total time for which application threads were stopped: 0.0005438 seconds, Stopping threads took: 0.0000173 seconds
31.815: [GC (Allocation Failure)  84589K->685K(425984K), 0.0005853 secs]
31.815: Total time for which application threads were stopped: 0.0007048 seconds, Stopping threads took: 0.0000200 seconds
31.871: [GC (Allocation Failure)  83117K->621K(424448K), 0.0005661 secs]
31.871: Total time for which application threads were stopped: 0.0007144 seconds, Stopping threads took: 0.0000291 seconds
31.922: [GC (Allocation Failure)  81517K->653K(422912K), 0.0004919 secs]
31.923: Total time for which application threads were stopped: 0.0006476 seconds, Stopping threads took: 0.0000304 seconds
31.973: [GC (Allocation Failure)  80013K->685K(421888K), 0.0006325 secs]
31.973: Total time for which application threads were stopped: 0.0007616 seconds, Stopping threads took: 0.0000282 seconds
32.029: [GC (Allocation Failure)  79021K->653K(420864K), 0.0005478 secs]
32.030: Total time for which application threads were stopped: 0.0006878 seconds, Stopping threads took: 0.0000256 seconds
32.079: [GC (Allocation Failure)  77965K->653K(419840K), 0.0004826 secs]
32.080: Total time for which application threads were stopped: 0.0006315 seconds, Stopping threads took: 0.0000289 seconds
32.134: [GC (Allocation Failure)  76941K->589K(418816K), 0.0004994 secs]
32.134: Total time for which application threads were stopped: 0.0006194 seconds, Stopping threads took: 0.0000209 seconds
32.186: [GC (Allocation Failure)  75853K->589K(417792K), 0.0006803 secs]
32.186: Total time for which application threads were stopped: 0.0007859 seconds, Stopping threads took: 0.0000168 seconds
32.234: [GC (Allocation Failure)  74829K->685K(416768K), 0.0005218 secs]
32.234: Total time for which application threads were stopped: 0.0006896 seconds, Stopping threads took: 0.0000586 seconds
32.283: [GC (Allocation Failure)  73901K->685K(415744K), 0.0005037 secs]
32.284: Total time for which application threads were stopped: 0.0006281 seconds, Stopping threads took: 0.0000216 seconds
32.330: [GC (Allocation Failure)  72877K->653K(414720K), 0.0005341 secs]
32.330: Total time for which application threads were stopped: 0.0006811 seconds, Stopping threads took: 0.0000215 seconds
32.375: [GC (Allocation Failure)  71821K->685K(413696K), 0.0005104 secs]
32.376: Total time for which application threads were stopped: 0.0006642 seconds, Stopping threads took: 0.0000296 seconds
32.421: [GC (Allocation Failure)  70829K->653K(412672K), 0.0004858 secs]
32.421: Total time for which application threads were stopped: 0.0006362 seconds, Stopping threads took: 0.0000313 seconds
32.472: [GC (Allocation Failure)  69773K->685K(411648K), 0.0005079 secs]
32.473: Total time for which application threads were stopped: 0.0006508 seconds, Stopping threads took: 0.0000303 seconds
32.518: [GC (Allocation Failure)  68781K->685K(410624K), 0.0004225 secs]
32.518: Total time for which application threads were stopped: 0.0005508 seconds, Stopping threads took: 0.0000198 seconds
32.561: [GC (Allocation Failure)  67757K->653K(409600K), 0.0004825 secs]
32.562: Total time for which application threads were stopped: 0.0006241 seconds, Stopping threads took: 0.0000279 seconds
32.604: [GC (Allocation Failure)  66701K->685K(408576K), 0.0005274 secs]
32.605: Total time for which application threads were stopped: 0.0006600 seconds, Stopping threads took: 0.0000271 seconds
32.647: [GC (Allocation Failure)  65709K->685K(407552K), 0.0004482 secs]
32.647: Total time for which application threads were stopped: 0.0005800 seconds, Stopping threads took: 0.0000195 seconds
32.689: [GC (Allocation Failure)  64685K->653K(406528K), 0.0004767 secs]
32.690: Total time for which application threads were stopped: 0.0006164 seconds, Stopping threads took: 0.0000277 seconds
32.730: [GC (Allocation Failure)  63629K->653K(405504K), 0.0005227 secs]
32.731: Total time for which application threads were stopped: 0.0006588 seconds, Stopping threads took: 0.0000204 seconds
32.770: [GC (Allocation Failure)  62605K->653K(404992K), 0.0005091 secs]
32.770: Total time for which application threads were stopped: 0.0006592 seconds, Stopping threads took: 0.0000305 seconds
32.809: [GC (Allocation Failure)  62093K->685K(404480K), 0.0004822 secs]
32.810: Total time for which application threads were stopped: 0.0006225 seconds, Stopping threads took: 0.0000295 seconds
32.854: [GC (Allocation Failure)  61613K->653K(416768K), 0.0006808 secs]
32.855: Total time for which application threads were stopped: 0.0008388 seconds, Stopping threads took: 0.0000305 seconds
32.906: [GC (Allocation Failure)  73869K->685K(431616K), 0.0005213 secs]
32.907: Total time for which application threads were stopped: 0.0006674 seconds, Stopping threads took: 0.0000233 seconds
32.963: [GC (Allocation Failure)  88749K->685K(430080K), 0.0004654 secs]
32.964: Total time for which application threads were stopped: 0.0005883 seconds, Stopping threads took: 0.0000193 seconds
33.020: [GC (Allocation Failure)  87213K->653K(428544K), 0.0005029 secs]
33.020: Total time for which application threads were stopped: 0.0006439 seconds, Stopping threads took: 0.0000303 seconds
33.080: [GC (Allocation Failure)  85645K->685K(427008K), 0.0005554 secs]
33.081: Total time for which application threads were stopped: 0.0006837 seconds, Stopping threads took: 0.0000198 seconds
33.134: [GC (Allocation Failure)  84141K->621K(425472K), 0.0005910 secs]
33.135: Total time for which application threads were stopped: 0.0007513 seconds, Stopping threads took: 0.0000226 seconds
33.190: [GC (Allocation Failure)  82541K->685K(423936K), 0.0004390 secs]
33.191: Total time for which application threads were stopped: 0.0005785 seconds, Stopping threads took: 0.0000302 seconds
33.248: [GC (Allocation Failure)  81069K->685K(422400K), 0.0005053 secs]
33.249: Total time for which application threads were stopped: 0.0006526 seconds, Stopping threads took: 0.0000202 seconds
33.300: [GC (Allocation Failure)  79533K->653K(421376K), 0.0004893 secs]
33.300: Total time for which application threads were stopped: 0.0006282 seconds, Stopping threads took: 0.0000225 seconds
33.356: [GC (Allocation Failure)  78477K->685K(420352K), 0.0004835 secs]
33.356: Total time for which application threads were stopped: 0.0006211 seconds, Stopping threads took: 0.0000278 seconds
33.406: [GC (Allocation Failure)  77485K->653K(419328K), 0.0005005 secs]
33.406: Total time for which application threads were stopped: 0.0006533 seconds, Stopping threads took: 0.0000299 seconds
33.461: [GC (Allocation Failure)  76429K->685K(418304K), 0.0004953 secs]
33.462: Total time for which application threads were stopped: 0.0006430 seconds, Stopping threads took: 0.0000206 seconds
33.514: [GC (Allocation Failure)  75437K->685K(417280K), 0.0006188 secs]
33.514: Total time for which application threads were stopped: 0.0007623 seconds, Stopping threads took: 0.0000223 seconds
33.562: [GC (Allocation Failure)  74413K->653K(416256K), 0.0005586 secs]
33.563: Total time for which application threads were stopped: 0.0007060 seconds, Stopping threads took: 0.0000293 seconds
33.610: [GC (Allocation Failure)  73357K->685K(415232K), 0.0004884 secs]
33.610: Total time for which application threads were stopped: 0.0006439 seconds, Stopping threads took: 0.0000221 seconds
33.663: [GC (Allocation Failure)  72365K->685K(414208K), 0.0005197 secs]
33.663: Total time for which application threads were stopped: 0.0006696 seconds, Stopping threads took: 0.0000241 seconds
33.710: [GC (Allocation Failure)  71341K->685K(413184K), 0.0005576 secs]
33.711: Total time for which application threads were stopped: 0.0006953 seconds, Stopping threads took: 0.0000209 seconds
33.755: [GC (Allocation Failure)  70317K->685K(412160K), 0.0004966 secs]
33.755: Total time for which application threads were stopped: 0.0006342 seconds, Stopping threads took: 0.0000298 seconds
33.799: [GC (Allocation Failure)  69293K->653K(411136K), 0.0005416 secs]
33.799: Total time for which application threads were stopped: 0.0006889 seconds, Stopping threads took: 0.0000291 seconds
33.848: [GC (Allocation Failure)  68237K->685K(410112K), 0.0005107 secs]
33.849: Total time for which application threads were stopped: 0.0006876 seconds, Stopping threads took: 0.0000309 seconds
33.898: [GC (Allocation Failure)  67245K->685K(423424K), 0.0007594 secs]
33.898: Total time for which application threads were stopped: 0.0009192 seconds, Stopping threads took: 0.0000315 seconds
33.950: [GC (Allocation Failure)  80557K->653K(422400K), 0.0005122 secs]
33.950: Total time for which application threads were stopped: 0.0006564 seconds, Stopping threads took: 0.0000215 seconds
34.001: [GC (Allocation Failure)  79501K->653K(421376K), 0.0006367 secs]
34.001: Total time for which application threads were stopped: 0.0007821 seconds, Stopping threads took: 0.0000326 seconds
34.057: [GC (Allocation Failure)  78477K->685K(420352K), 0.0005139 secs]
34.058: Total time for which application threads were stopped: 0.0006474 seconds, Stopping threads took: 0.0000216 seconds
34.112: [GC (Allocation Failure)  77485K->685K(419328K), 0.0005329 secs]
34.112: Total time for which application threads were stopped: 0.0006731 seconds, Stopping threads took: 0.0000198 seconds
34.161: [GC (Allocation Failure)  76461K->685K(418304K), 0.0005718 secs]
34.162: Total time for which application threads were stopped: 0.0007262 seconds, Stopping threads took: 0.0000383 seconds
34.210: [GC (Allocation Failure)  75437K->653K(417280K), 0.0004832 secs]
34.211: Total time for which application threads were stopped: 0.0006206 seconds, Stopping threads took: 0.0000282 seconds
34.261: [GC (Allocation Failure)  74381K->653K(416256K), 0.0004973 secs]
34.262: Total time for which application threads were stopped: 0.0006133 seconds, Stopping threads took: 0.0000195 seconds
34.308: [GC (Allocation Failure)  73357K->653K(415232K), 0.0005685 secs]
34.309: Total time for which application threads were stopped: 0.0007043 seconds, Stopping threads took: 0.0000282 seconds
34.355: [GC (Allocation Failure)  72333K->717K(414208K), 0.0004738 secs]
34.356: Total time for which application threads were stopped: 0.0006148 seconds, Stopping threads took: 0.0000275 seconds
34.401: [GC (Allocation Failure)  71373K->685K(413184K), 0.0006485 secs]
34.402: Total time for which application threads were stopped: 0.0008020 seconds, Stopping threads took: 0.0000227 seconds
34.447: [GC (Allocation Failure)  70317K->685K(412160K), 0.0004718 secs]
34.447: Total time for which application threads were stopped: 0.0006092 seconds, Stopping threads took: 0.0000288 seconds
34.492: [GC (Allocation Failure)  69293K->653K(411136K), 0.0005135 secs]
34.492: Total time for which application threads were stopped: 0.0006709 seconds, Stopping threads took: 0.0000297 seconds
34.542: [GC (Allocation Failure)  68237K->653K(410112K), 0.0005383 secs]
34.543: Total time for which application threads were stopped: 0.0006890 seconds, Stopping threads took: 0.0000231 seconds
34.586: [GC (Allocation Failure)  67213K->685K(409088K), 0.0005135 secs]
34.587: Total time for which application threads were stopped: 0.0006659 seconds, Stopping threads took: 0.0000233 seconds
34.629: [GC (Allocation Failure)  66221K->653K(422400K), 0.0005729 secs]
34.630: Total time for which application threads were stopped: 0.0007399 seconds, Stopping threads took: 0.0000169 seconds
34.682: [GC (Allocation Failure)  79501K->685K(421376K), 0.0005251 secs]
34.682: Total time for which application threads were stopped: 0.0006328 seconds, Stopping threads took: 0.0000167 seconds
34.737: [GC (Allocation Failure)  78509K->653K(420352K), 0.0004674 secs]
34.737: Total time for which application threads were stopped: 0.0006095 seconds, Stopping threads took: 0.0000286 seconds
34.786: [GC (Allocation Failure)  77453K->717K(419328K), 0.0005709 secs]
34.786: Total time for which application threads were stopped: 0.0007183 seconds, Stopping threads took: 0.0000272 seconds
34.834: [GC (Allocation Failure)  76493K->749K(418304K), 0.0006306 secs]
34.835: Total time for which application threads were stopped: 0.0007567 seconds, Stopping threads took: 0.0000279 seconds
34.888: [GC (Allocation Failure)  75501K->621K(417280K), 0.0004724 secs]
34.888: Total time for which application threads were stopped: 0.0005791 seconds, Stopping threads took: 0.0000172 seconds
34.935: [GC (Allocation Failure)  74349K->685K(416256K), 0.0004972 secs]
34.935: Total time for which application threads were stopped: 0.0006236 seconds, Stopping threads took: 0.0000285 seconds
34.984: [GC (Allocation Failure)  73389K->621K(415232K), 0.0004385 secs]
34.984: Total time for which application threads were stopped: 0.0005454 seconds, Stopping threads took: 0.0000173 seconds
35.031: [GC (Allocation Failure)  72301K->653K(414208K), 0.0004136 secs]
35.031: Total time for which application threads were stopped: 0.0005336 seconds, Stopping threads took: 0.0000268 seconds
35.081: [GC (Allocation Failure)  71309K->685K(413184K), 0.0005414 secs]
35.081: Total time for which application threads were stopped: 0.0006803 seconds, Stopping threads took: 0.0000219 seconds
35.125: [GC (Allocation Failure)  70317K->653K(412160K), 0.0005805 secs]
35.126: Total time for which application threads were stopped: 0.0007422 seconds, Stopping threads took: 0.0000306 seconds
35.176: [GC (Allocation Failure)  69261K->621K(411136K), 0.0005904 secs]
35.177: Total time for which application threads were stopped: 0.0007039 seconds, Stopping threads took: 0.0000195 seconds
35.220: [GC (Allocation Failure)  68205K->685K(410112K), 0.0005358 secs]
35.221: Total time for which application threads were stopped: 0.0006583 seconds, Stopping threads took: 0.0000202 seconds
35.263: [GC (Allocation Failure)  67245K->685K(423424K), 0.0005392 secs]
35.264: Total time for which application threads were stopped: 0.0006635 seconds, Stopping threads took: 0.0000204 seconds
35.315: [GC (Allocation Failure)  80557K->685K(422400K), 0.0005058 secs]
35.315: Total time for which application threads were stopped: 0.0006424 seconds, Stopping threads took: 0.0000219 seconds
35.365: [GC (Allocation Failure)  79533K->653K(421376K), 0.0006423 secs]
35.366: Total time for which application threads were stopped: 0.0007980 seconds, Stopping threads took: 0.0000232 seconds
35.420: [GC (Allocation Failure)  78477K->653K(420352K), 0.0004706 secs]
35.421: Total time for which application threads were stopped: 0.0006061 seconds, Stopping threads took: 0.0000296 seconds
35.477: [GC (Allocation Failure)  77453K->685K(419328K), 0.0004789 secs]
35.478: Total time for which application threads were stopped: 0.0006096 seconds, Stopping threads took: 0.0000281 seconds
35.527: [GC (Allocation Failure)  76461K->717K(418304K), 0.0004117 secs]
35.527: Total time for which application threads were stopped: 0.0005342 seconds, Stopping threads took: 0.0000269 seconds
35.575: [GC (Allocation Failure)  75469K->685K(417280K), 0.0007094 secs]
35.575: Total time for which application threads were stopped: 0.0008402 seconds, Stopping threads took: 0.0000197 seconds
35.622: [GC (Allocation Failure)  74413K->653K(416256K), 0.0005360 secs]
35.623: Total time for which application threads were stopped: 0.0006943 seconds, Stopping threads took: 0.0000304 seconds
35.675: [GC (Allocation Failure)  73357K->621K(415232K), 0.0004049 secs]
35.676: Total time for which application threads were stopped: 0.0005036 seconds, Stopping threads took: 0.0000159 seconds
35.726: [GC (Allocation Failure)  72301K->717K(414208K), 0.0004992 secs]
35.726: Total time for which application threads were stopped: 0.0006057 seconds, Stopping threads took: 0.0000177 seconds
35.771: [GC (Allocation Failure)  71373K->621K(413184K), 0.0006441 secs]
35.772: Total time for which application threads were stopped: 0.0007499 seconds, Stopping threads took: 0.0000191 seconds
35.816: [GC (Allocation Failure)  70253K->653K(412160K), 0.0005659 secs]
35.817: Total time for which application threads were stopped: 0.0007219 seconds, Stopping threads took: 0.0000205 seconds
35.861: [GC (Allocation Failure)  69261K->685K(425984K), 0.0006355 secs]
35.861: Total time for which application threads were stopped: 0.0007850 seconds, Stopping threads took: 0.0000267 seconds
35.917: [GC (Allocation Failure)  83117K->749K(424448K), 0.0004993 secs]
35.918: Total time for which application threads were stopped: 0.0006415 seconds, Stopping threads took: 0.0000306 seconds
35.969: [GC (Allocation Failure)  81645K->653K(422912K), 0.0005470 secs]
35.970: Total time for which application threads were stopped: 0.0006675 seconds, Stopping threads took: 0.0000197 seconds
36.021: [GC (Allocation Failure)  80013K->653K(421888K), 0.0004287 secs]
36.021: Total time for which application threads were stopped: 0.0005611 seconds, Stopping threads took: 0.0000280 seconds
36.071: [GC (Allocation Failure)  78989K->685K(420864K), 0.0005644 secs]
36.072: Total time for which application threads were stopped: 0.0007101 seconds, Stopping threads took: 0.0000297 seconds
36.120: [GC (Allocation Failure)  77997K->749K(419840K), 0.0006369 secs]
36.121: Total time for which application threads were stopped: 0.0007892 seconds, Stopping threads took: 0.0000304 seconds
36.170: [GC (Allocation Failure)  77037K->685K(418816K), 0.0004376 secs]
36.170: Total time for which application threads were stopped: 0.0005725 seconds, Stopping threads took: 0.0000227 seconds
36.218: [GC (Allocation Failure)  75949K->653K(417792K), 0.0004932 secs]
36.219: Total time for which application threads were stopped: 0.0006155 seconds, Stopping threads took: 0.0000195 seconds
36.266: [GC (Allocation Failure)  74893K->653K(416768K), 0.0004734 secs]
36.266: Total time for which application threads were stopped: 0.0006153 seconds, Stopping threads took: 0.0000190 seconds
36.317: [GC (Allocation Failure)  73869K->653K(415744K), 0.0004497 secs]
36.318: Total time for which application threads were stopped: 0.0005639 seconds, Stopping threads took: 0.0000179 seconds
36.364: [GC (Allocation Failure)  72845K->749K(414720K), 0.0004936 secs]
36.364: Total time for which application threads were stopped: 0.0006228 seconds, Stopping threads took: 0.0000282 seconds
36.413: [GC (Allocation Failure)  71917K->653K(413696K), 0.0005003 secs]
36.414: Total time for which application threads were stopped: 0.0006354 seconds, Stopping threads took: 0.0000215 seconds
36.462: [GC (Allocation Failure)  70797K->685K(412672K), 0.0005155 secs]
36.462: Total time for which application threads were stopped: 0.0006576 seconds, Stopping threads took: 0.0000225 seconds
36.507: [GC (Allocation Failure)  69805K->685K(411648K), 0.0005439 secs]
36.508: Total time for which application threads were stopped: 0.0006910 seconds, Stopping threads took: 0.0000276 seconds
36.556: [GC (Allocation Failure)  68781K->653K(410624K), 0.0004945 secs]
36.556: Total time for which application threads were stopped: 0.0006237 seconds, Stopping threads took: 0.0000209 seconds
36.606: [GC (Allocation Failure)  67725K->653K(409600K), 0.0005283 secs]
36.607: Total time for which application threads were stopped: 0.0006761 seconds, Stopping threads took: 0.0000298 seconds
36.655: [GC (Allocation Failure)  66701K->717K(422912K), 0.0018417 secs]
36.657: Total time for which application threads were stopped: 0.0019630 seconds, Stopping threads took: 0.0000169 seconds
36.709: [GC (Allocation Failure)  80077K->685K(438784K), 0.0004974 secs]
36.709: Total time for which application threads were stopped: 0.0006343 seconds, Stopping threads took: 0.0000208 seconds
36.769: [GC (Allocation Failure)  95917K->717K(458240K), 0.0004932 secs]
36.770: Total time for which application threads were stopped: 0.0006430 seconds, Stopping threads took: 0.0000218 seconds
36.849: [GC (Allocation Failure)  115405K->685K(475648K), 0.0005323 secs]
36.850: Total time for which application threads were stopped: 0.0006712 seconds, Stopping threads took: 0.0000214 seconds
36.932: [GC (Allocation Failure)  132781K->717K(472576K), 0.0006196 secs]
36.933: Total time for which application threads were stopped: 0.0007392 seconds, Stopping threads took: 0.0000195 seconds
37.014: [GC (Allocation Failure)  129741K->621K(469504K), 0.0004886 secs]
37.015: Total time for which application threads were stopped: 0.0006193 seconds, Stopping threads took: 0.0000278 seconds
37.096: [GC (Allocation Failure)  126573K->653K(466432K), 0.0004308 secs]
37.096: Total time for which application threads were stopped: 0.0005542 seconds, Stopping threads took: 0.0000248 seconds
37.173: [GC (Allocation Failure)  123533K->685K(463872K), 0.0005192 secs]
37.173: Total time for which application threads were stopped: 0.0006539 seconds, Stopping threads took: 0.0000298 seconds
37.249: [GC (Allocation Failure)  121005K->653K(461312K), 0.0006003 secs]
37.250: Total time for which application threads were stopped: 0.0007295 seconds, Stopping threads took: 0.0000195 seconds
37.327: [GC (Allocation Failure)  118413K->653K(458752K), 0.0004668 secs]
37.328: Total time for which application threads were stopped: 0.0005911 seconds, Stopping threads took: 0.0000222 seconds
37.405: [GC (Allocation Failure)  115853K->653K(456192K), 0.0005803 secs]
37.406: Total time for which application threads were stopped: 0.0006987 seconds, Stopping threads took: 0.0000165 seconds
37.477: [GC (Allocation Failure)  113293K->653K(453632K), 0.0004904 secs]
37.478: Total time for which application threads were stopped: 0.0006328 seconds, Stopping threads took: 0.0000214 seconds
37.548: [GC (Allocation Failure)  110733K->717K(451584K), 0.0004810 secs]
37.549: Total time for which application threads were stopped: 0.0006009 seconds, Stopping threads took: 0.0000258 seconds
37.621: [GC (Allocation Failure)  108749K->717K(449536K), 0.0004684 secs]
37.622: Total time for which application threads were stopped: 0.0006184 seconds, Stopping threads took: 0.0000189 seconds
37.694: [GC (Allocation Failure)  106701K->685K(447488K), 0.0005091 secs]
37.695: Total time for which application threads were stopped: 0.0006362 seconds, Stopping threads took: 0.0000199 seconds
37.760: [GC (Allocation Failure)  104621K->717K(445440K), 0.0005174 secs]
37.760: Total time for which application threads were stopped: 0.0006662 seconds, Stopping threads took: 0.0000223 seconds
37.824: [GC (Allocation Failure)  102605K->685K(443392K), 0.0005271 secs]
37.825: Total time for which application threads were stopped: 0.0006732 seconds, Stopping threads took: 0.0000301 seconds
37.895: [GC (Allocation Failure)  100525K->653K(441344K), 0.0005295 secs]
37.896: Total time for which application threads were stopped: 0.0006358 seconds, Stopping threads took: 0.0000169 seconds
37.962: [GC (Allocation Failure)  98445K->685K(439296K), 0.0005448 secs]
37.963: Total time for which application threads were stopped: 0.0006675 seconds, Stopping threads took: 0.0000200 seconds
38.028: [GC (Allocation Failure)  96429K->653K(437760K), 0.0004543 secs]
38.028: Total time for which application threads were stopped: 0.0005785 seconds, Stopping threads took: 0.0000269 seconds
38.088: [GC (Allocation Failure)  94861K->685K(436224K), 0.0004680 secs]
38.088: Total time for which application threads were stopped: 0.0006097 seconds, Stopping threads took: 0.0000299 seconds
38.147: [GC (Allocation Failure)  93357K->621K(434688K), 0.0006253 secs]
38.147: Total time for which application threads were stopped: 0.0007476 seconds, Stopping threads took: 0.0000200 seconds
38.208: [GC (Allocation Failure)  91757K->685K(433152K), 0.0005232 secs]
38.208: Total time for which application threads were stopped: 0.0006583 seconds, Stopping threads took: 0.0000211 seconds
38.265: [GC (Allocation Failure)  90285K->685K(431616K), 0.0005791 secs]
38.265: Total time for which application threads were stopped: 0.0007199 seconds, Stopping threads took: 0.0000226 seconds
38.321: [GC (Allocation Failure)  88749K->653K(430080K), 0.0007035 secs]
38.321: Total time for which application threads were stopped: 0.0008516 seconds, Stopping threads took: 0.0000218 seconds
38.382: [GC (Allocation Failure)  87181K->685K(428544K), 0.0006879 secs]
38.383: Total time for which application threads were stopped: 0.0008339 seconds, Stopping threads took: 0.0000233 seconds
38.437: [GC (Allocation Failure)  85677K->685K(427008K), 0.0004883 secs]
38.437: Total time for which application threads were stopped: 0.0006236 seconds, Stopping threads took: 0.0000218 seconds
38.494: [GC (Allocation Failure)  84141K->621K(425472K), 0.0004330 secs]
38.494: Total time for which application threads were stopped: 0.0005583 seconds, Stopping threads took: 0.0000229 seconds
38.551: [GC (Allocation Failure)  82541K->717K(423936K), 0.0004829 secs]
38.552: Total time for which application threads were stopped: 0.0006099 seconds, Stopping threads took: 0.0000269 seconds
38.602: [GC (Allocation Failure)  81101K->685K(422400K), 0.0006109 secs]
38.603: Total time for which application threads were stopped: 0.0007486 seconds, Stopping threads took: 0.0000292 seconds
38.659: [GC (Allocation Failure)  79533K->653K(421376K), 0.0006322 secs]
38.660: Total time for which application threads were stopped: 0.0007597 seconds, Stopping threads took: 0.0000274 seconds
38.711: [GC (Allocation Failure)  78477K->621K(420352K), 0.0006862 secs]
38.712: Total time for which application threads were stopped: 0.0008293 seconds, Stopping threads took: 0.0000226 seconds
38.761: [GC (Allocation Failure)  77421K->685K(419328K), 0.0005123 secs]
38.761: Total time for which application threads were stopped: 0.0006653 seconds, Stopping threads took: 0.0000231 seconds
38.810: [GC (Allocation Failure)  76461K->685K(418304K), 0.0004982 secs]
38.810: Total time for which application threads were stopped: 0.0006303 seconds, Stopping threads took: 0.0000234 seconds
38.864: [GC (Allocation Failure)  75437K->621K(417280K), 0.0005595 secs]
38.865: Total time for which application threads were stopped: 0.0006886 seconds, Stopping threads took: 0.0000227 seconds
38.911: [GC (Allocation Failure)  74349K->653K(416256K), 0.0005198 secs]
38.912: Total time for which application threads were stopped: 0.0006558 seconds, Stopping threads took: 0.0000277 seconds
38.963: [GC (Allocation Failure)  73357K->685K(415232K), 0.0005635 secs]
38.964: Total time for which application threads were stopped: 0.0006916 seconds, Stopping threads took: 0.0000200 seconds
39.016: [GC (Allocation Failure)  72365K->653K(414208K), 0.0004184 secs]
39.016: Total time for which application threads were stopped: 0.0005484 seconds, Stopping threads took: 0.0000286 seconds
39.061: [GC (Allocation Failure)  71309K->685K(413184K), 0.0004510 secs]
39.062: Total time for which application threads were stopped: 0.0005741 seconds, Stopping threads took: 0.0000274 seconds
39.106: [GC (Allocation Failure)  70317K->621K(412160K), 0.0004510 secs]
39.107: Total time for which application threads were stopped: 0.0005693 seconds, Stopping threads took: 0.0000197 seconds
39.150: [GC (Allocation Failure)  69229K->685K(411136K), 0.0004423 secs]
39.151: Total time for which application threads were stopped: 0.0007064 seconds, Stopping threads took: 0.0000286 seconds
39.198: [GC (Allocation Failure)  68269K->621K(410112K), 0.0004625 secs]
39.199: Total time for which application threads were stopped: 0.0005846 seconds, Stopping threads took: 0.0000200 seconds
39.245: [GC (Allocation Failure)  67181K->621K(409088K), 0.0004699 secs]
39.246: Total time for which application threads were stopped: 0.0006173 seconds, Stopping threads took: 0.0000284 seconds
39.294: [GC (Allocation Failure)  66157K->685K(408064K), 0.0004970 secs]
39.295: Total time for which application threads were stopped: 0.0006312 seconds, Stopping threads took: 0.0000223 seconds
39.336: [GC (Allocation Failure)  65197K->653K(407040K), 0.0004122 secs]
39.337: Total time for which application threads were stopped: 0.0005268 seconds, Stopping threads took: 0.0000168 seconds
39.378: [GC (Allocation Failure)  64141K->685K(406016K), 0.0004925 secs]
39.378: Total time for which application threads were stopped: 0.0006119 seconds, Stopping threads took: 0.0000169 seconds
39.424: [GC (Allocation Failure)  63149K->685K(405504K), 0.0005204 secs]
39.425: Total time for which application threads were stopped: 0.0006661 seconds, Stopping threads took: 0.0000285 seconds
39.465: [GC (Allocation Failure)  62637K->685K(404992K), 0.0005923 secs]
39.465: Total time for which application threads were stopped: 0.0007476 seconds, Stopping threads took: 0.0000303 seconds
39.505: [GC (Allocation Failure)  62125K->685K(417280K), 0.0005145 secs]
39.505: Total time for which application threads were stopped: 0.0006626 seconds, Stopping threads took: 0.0000315 seconds
39.554: [GC (Allocation Failure)  74413K->653K(416256K), 0.0004038 secs]
39.555: Total time for which application threads were stopped: 0.0005343 seconds, Stopping threads took: 0.0000247 seconds
39.601: [GC (Allocation Failure)  73357K->685K(415232K), 0.0006160 secs]
39.602: Total time for which application threads were stopped: 0.0007520 seconds, Stopping threads took: 0.0000277 seconds
39.648: [GC (Allocation Failure)  72365K->653K(414208K), 0.0005325 secs]
39.649: Total time for which application threads were stopped: 0.0006717 seconds, Stopping threads took: 0.0000193 seconds
39.695: [GC (Allocation Failure)  71309K->621K(413184K), 0.0004796 secs]
39.695: Total time for which application threads were stopped: 0.0006064 seconds, Stopping threads took: 0.0000282 seconds
39.740: [GC (Allocation Failure)  70253K->653K(412160K), 0.0005377 secs]
39.740: Total time for which application threads were stopped: 0.0006535 seconds, Stopping threads took: 0.0000197 seconds
39.783: [GC (Allocation Failure)  69261K->653K(425984K), 0.0007748 secs]
39.784: Total time for which application threads were stopped: 0.0009000 seconds, Stopping threads took: 0.0000193 seconds
39.836: [GC (Allocation Failure)  83085K->653K(442880K), 0.0006419 secs]
39.837: Total time for which application threads were stopped: 0.0007683 seconds, Stopping threads took: 0.0000283 seconds
39.900: [GC (Allocation Failure)  99981K->653K(462848K), 0.0004896 secs]
39.900: Total time for which application threads were stopped: 0.0006088 seconds, Stopping threads took: 0.0000196 seconds
39.980: [GC (Allocation Failure)  119949K->685K(460288K), 0.0005516 secs]
39.981: Total time for which application threads were stopped: 0.0006701 seconds, Stopping threads took: 0.0000196 seconds
40.059: [GC (Allocation Failure)  117421K->717K(457728K), 0.0004761 secs]
40.060: Total time for which application threads were stopped: 0.0005962 seconds, Stopping threads took: 0.0000198 seconds
40.132: [GC (Allocation Failure)  114893K->653K(455168K), 0.0006169 secs]
40.132: Total time for which application threads were stopped: 0.0007371 seconds, Stopping threads took: 0.0000195 seconds
40.203: [GC (Allocation Failure)  112269K->717K(452608K), 0.0005201 secs]
40.203: Total time for which application threads were stopped: 0.0006557 seconds, Stopping threads took: 0.0000198 seconds
40.272: [GC (Allocation Failure)  109773K->653K(450560K), 0.0004909 secs]
40.272: Total time for which application threads were stopped: 0.0006253 seconds, Stopping threads took: 0.0000215 seconds
40.345: [GC (Allocation Failure)  107661K->653K(448512K), 0.0004700 secs]
40.346: Total time for which application threads were stopped: 0.0005897 seconds, Stopping threads took: 0.0000253 seconds
40.411: [GC (Allocation Failure)  105613K->685K(446464K), 0.0004647 secs]
40.412: Total time for which application threads were stopped: 0.0005821 seconds, Stopping threads took: 0.0000196 seconds
40.477: [GC (Allocation Failure)  103597K->717K(444416K), 0.0005037 secs]
40.477: Total time for which application threads were stopped: 0.0006377 seconds, Stopping threads took: 0.0000200 seconds
40.548: [GC (Allocation Failure)  101581K->653K(442368K), 0.0004803 secs]
40.549: Total time for which application threads were stopped: 0.0006074 seconds, Stopping threads took: 0.0000206 seconds
40.611: [GC (Allocation Failure)  99469K->749K(440320K), 0.0004942 secs]
40.612: Total time for which application threads were stopped: 0.0006197 seconds, Stopping threads took: 0.0000205 seconds
40.679: [GC (Allocation Failure)  97517K->653K(438272K), 0.0005285 secs]
40.680: Total time for which application threads were stopped: 0.0006558 seconds, Stopping threads took: 0.0000274 seconds
40.739: [GC (Allocation Failure)  95373K->685K(436736K), 0.0005805 secs]
40.740: Total time for which application threads were stopped: 0.0007101 seconds, Stopping threads took: 0.0000283 seconds
40.802: [GC (Allocation Failure)  93869K->685K(435200K), 0.0006457 secs]
40.803: Total time for which application threads were stopped: 0.0007836 seconds, Stopping threads took: 0.0000214 seconds
40.865: [GC (Allocation Failure)  92333K->653K(433664K), 0.0005200 secs]
40.866: Total time for which application threads were stopped: 0.0006919 seconds, Stopping threads took: 0.0000223 seconds
40.928: [GC (Allocation Failure)  90765K->621K(432128K), 0.0005091 secs]
40.929: Total time for which application threads were stopped: 0.0006442 seconds, Stopping threads took: 0.0000274 seconds
40.984: [GC (Allocation Failure)  89197K->685K(430592K), 0.0006305 secs]
40.985: Total time for which application threads were stopped: 0.0007745 seconds, Stopping threads took: 0.0000300 seconds
41.045: [GC (Allocation Failure)  87725K->653K(429056K), 0.0004228 secs]
41.046: Total time for which application threads were stopped: 0.0005491 seconds, Stopping threads took: 0.0000263 seconds
41.106: [GC (Allocation Failure)  86157K->653K(427520K), 0.0004394 secs]
41.107: Total time for which application threads were stopped: 0.0005640 seconds, Stopping threads took: 0.0000221 seconds
41.165: [GC (Allocation Failure)  84621K->685K(425984K), 0.0006287 secs]
41.166: Total time for which application threads were stopped: 0.0007457 seconds, Stopping threads took: 0.0000196 seconds
41.223: [GC (Allocation Failure)  83117K->685K(424448K), 0.0005809 secs]
41.224: Total time for which application threads were stopped: 0.0007043 seconds, Stopping threads took: 0.0000276 seconds
41.279: [GC (Allocation Failure)  81581K->653K(422912K), 0.0004268 secs]
41.279: Total time for which application threads were stopped: 0.0005452 seconds, Stopping threads took: 0.0000260 seconds
41.333: [GC (Allocation Failure)  80013K->685K(421888K), 0.0007196 secs]
41.334: Total time for which application threads were stopped: 0.0008456 seconds, Stopping threads took: 0.0000203 seconds
41.388: [GC (Allocation Failure)  79021K->685K(420864K), 0.0007590 secs]
41.389: Total time for which application threads were stopped: 0.0009083 seconds, Stopping threads took: 0.0000211 seconds
41.438: [GC (Allocation Failure)  77997K->717K(419840K), 0.0004622 secs]
41.438: Total time for which application threads were stopped: 0.0005972 seconds, Stopping threads took: 0.0000309 seconds
41.487: [GC (Allocation Failure)  77005K->685K(418816K), 0.0004938 secs]
41.487: Total time for which application threads were stopped: 0.0006310 seconds, Stopping threads took: 0.0000281 seconds
41.535: [GC (Allocation Failure)  75949K->685K(417792K), 0.0005014 secs]
41.536: Total time for which application threads were stopped: 0.0006233 seconds, Stopping threads took: 0.0000215 seconds
41.583: [GC (Allocation Failure)  74925K->685K(416768K), 0.0005046 secs]
41.583: Total time for which application threads were stopped: 0.0006438 seconds, Stopping threads took: 0.0000296 seconds
41.630: [GC (Allocation Failure)  73901K->653K(415744K), 0.0004918 secs]
41.630: Total time for which application threads were stopped: 0.0006429 seconds, Stopping threads took: 0.0000302 seconds
41.682: [GC (Allocation Failure)  72845K->653K(414720K), 0.0004790 secs]
41.683: Total time for which application threads were stopped: 0.0006087 seconds, Stopping threads took: 0.0000276 seconds
41.733: [GC (Allocation Failure)  71821K->653K(413696K), 0.0004689 secs]
41.733: Total time for which application threads were stopped: 0.0005944 seconds, Stopping threads took: 0.0000221 seconds
41.784: [GC (Allocation Failure)  70797K->653K(412672K), 0.0004867 secs]
41.785: Total time for which application threads were stopped: 0.0006145 seconds, Stopping threads took: 0.0000276 seconds
41.829: [GC (Allocation Failure)  69773K->685K(411648K), 0.0005382 secs]
41.829: Total time for which application threads were stopped: 0.0006634 seconds, Stopping threads took: 0.0000280 seconds
41.872: [GC (Allocation Failure)  68781K->653K(410624K), 0.0004974 secs]
41.873: Total time for which application threads were stopped: 0.0006215 seconds, Stopping threads took: 0.0000273 seconds
41.915: [GC (Allocation Failure)  67725K->685K(409600K), 0.0006169 secs]
41.916: Total time for which application threads were stopped: 0.0007349 seconds, Stopping threads took: 0.0000194 seconds
41.958: [GC (Allocation Failure)  66733K->717K(408576K), 0.0004577 secs]
41.958: Total time for which application threads were stopped: 0.0005780 seconds, Stopping threads took: 0.0000204 seconds
42.000: [GC (Allocation Failure)  65741K->653K(407552K), 0.0004897 secs]
42.000: Total time for which application threads were stopped: 0.0006180 seconds, Stopping threads took: 0.0000283 seconds
42.042: [GC (Allocation Failure)  64653K->717K(420352K), 0.0005789 secs]
42.043: Total time for which application threads were stopped: 0.0007146 seconds, Stopping threads took: 0.0000289 seconds
42.092: [GC (Allocation Failure)  77517K->653K(435712K), 0.0005414 secs]
42.093: Total time for which application threads were stopped: 0.0006726 seconds, Stopping threads took: 0.0000284 seconds
42.151: [GC (Allocation Failure)  92813K->717K(434176K), 0.0005259 secs]
42.152: Total time for which application threads were stopped: 0.0006530 seconds, Stopping threads took: 0.0000276 seconds
42.209: [GC (Allocation Failure)  91341K->685K(432640K), 0.0005285 secs]
42.209: Total time for which application threads were stopped: 0.0006602 seconds, Stopping threads took: 0.0000279 seconds
42.266: [GC (Allocation Failure)  89773K->653K(431104K), 0.0004966 secs]
42.266: Total time for which application threads were stopped: 0.0006329 seconds, Stopping threads took: 0.0000203 seconds
42.327: [GC (Allocation Failure)  88205K->685K(429568K), 0.0005207 secs]
42.328: Total time for which application threads were stopped: 0.0006564 seconds, Stopping threads took: 0.0000299 seconds
42.387: [GC (Allocation Failure)  86701K->653K(428032K), 0.0005012 secs]
42.388: Total time for which application threads were stopped: 0.0006221 seconds, Stopping threads took: 0.0000200 seconds
42.446: [GC (Allocation Failure)  85133K->717K(426496K), 0.0005511 secs]
42.447: Total time for which application threads were stopped: 0.0006689 seconds, Stopping threads took: 0.0000198 seconds
42.499: [GC (Allocation Failure)  83661K->653K(424960K), 0.0004851 secs]
42.500: Total time for which application threads were stopped: 0.0006648 seconds, Stopping threads took: 0.0000592 seconds
42.552: [GC (Allocation Failure)  82061K->685K(423424K), 0.0005436 secs]
42.552: Total time for which application threads were stopped: 0.0006641 seconds, Stopping threads took: 0.0000203 seconds
42.603: [GC (Allocation Failure)  80557K->621K(422400K), 0.0004676 secs]
42.604: Total time for which application threads were stopped: 0.0005839 seconds, Stopping threads took: 0.0000192 seconds
42.654: [GC (Allocation Failure)  79469K->717K(421376K), 0.0006062 secs]
42.655: Total time for which application threads were stopped: 0.0007309 seconds, Stopping threads took: 0.0000248 seconds
42.706: [GC (Allocation Failure)  78541K->653K(420352K), 0.0004914 secs]
42.706: Total time for which application threads were stopped: 0.0006099 seconds, Stopping threads took: 0.0000200 seconds
42.760: [GC (Allocation Failure)  77453K->685K(419328K), 0.0005304 secs]
42.761: Total time for which application threads were stopped: 0.0006501 seconds, Stopping threads took: 0.0000200 seconds
42.813: [GC (Allocation Failure)  76461K->685K(418304K), 0.0005361 secs]
42.814: Total time for which application threads were stopped: 0.0006611 seconds, Stopping threads took: 0.0000202 seconds
42.861: [GC (Allocation Failure)  75437K->685K(417280K), 0.0005001 secs]
42.861: Total time for which application threads were stopped: 0.0006185 seconds, Stopping threads took: 0.0000198 seconds
42.908: [GC (Allocation Failure)  74413K->685K(416256K), 0.0005331 secs]
42.908: Total time for which application threads were stopped: 0.0006521 seconds, Stopping threads took: 0.0000198 seconds
42.954: [GC (Allocation Failure)  73389K->653K(415232K), 0.0005466 secs]
42.955: Total time for which application threads were stopped: 0.0006604 seconds, Stopping threads took: 0.0000193 seconds
43.000: [GC (Allocation Failure)  72333K->685K(414208K), 0.0005110 secs]
43.001: Total time for which application threads were stopped: 0.0007393 seconds, Stopping threads took: 0.0000196 seconds
43.050: [GC (Allocation Failure)  71341K->653K(413184K), 0.0004480 secs]
43.050: Total time for which application threads were stopped: 0.0007425 seconds, Stopping threads took: 0.0000260 seconds
43.095: [GC (Allocation Failure)  70285K->653K(412160K), 0.0004782 secs]
43.095: Total time for which application threads were stopped: 0.0005951 seconds, Stopping threads took: 0.0000196 seconds
43.144: [GC (Allocation Failure)  69261K->749K(411136K), 0.0004498 secs]
43.145: Total time for which application threads were stopped: 0.0005669 seconds, Stopping threads took: 0.0000197 seconds
43.188: [GC (Allocation Failure)  68333K->653K(410112K), 0.0004782 secs]
43.189: Total time for which application threads were stopped: 0.0006091 seconds, Stopping threads took: 0.0000283 seconds
43.231: [GC (Allocation Failure)  67213K->685K(409088K), 0.0005075 secs]
43.232: Total time for which application threads were stopped: 0.0006606 seconds, Stopping threads took: 0.0000297 seconds
43.274: [GC (Allocation Failure)  66221K->621K(422400K), 0.0006648 secs]
43.275: Total time for which application threads were stopped: 0.0008296 seconds, Stopping threads took: 0.0000307 seconds
43.331: [GC (Allocation Failure)  79469K->685K(421376K), 0.0005392 secs]
43.332: Total time for which application threads were stopped: 0.0006950 seconds, Stopping threads took: 0.0000236 seconds
43.382: [GC (Allocation Failure)  78509K->717K(420352K), 0.0004376 secs]
43.383: Total time for which application threads were stopped: 0.0005626 seconds, Stopping threads took: 0.0000196 seconds
43.432: [GC (Allocation Failure)  77517K->653K(419328K), 0.0004625 secs]
43.433: Total time for which application threads were stopped: 0.0005964 seconds, Stopping threads took: 0.0000289 seconds
43.486: [GC (Allocation Failure)  76429K->653K(418304K), 0.0004978 secs]
43.486: Total time for which application threads were stopped: 0.0006346 seconds, Stopping threads took: 0.0000279 seconds
43.535: [GC (Allocation Failure)  75405K->653K(417280K), 0.0005564 secs]
43.535: Total time for which application threads were stopped: 0.0006909 seconds, Stopping threads took: 0.0000266 seconds
43.588: [GC (Allocation Failure)  74381K->653K(416256K), 0.0007770 secs]
43.589: Total time for which application threads were stopped: 0.0009135 seconds, Stopping threads took: 0.0000277 seconds
43.636: [GC (Allocation Failure)  73357K->717K(431104K), 0.0006441 secs]
43.636: Total time for which application threads were stopped: 0.0007816 seconds, Stopping threads took: 0.0000277 seconds
43.699: [GC (Allocation Failure)  88269K->653K(429568K), 0.0005771 secs]
43.699: Total time for which application threads were stopped: 0.0007037 seconds, Stopping threads took: 0.0000203 seconds
43.754: [GC (Allocation Failure)  86669K->685K(428032K), 0.0004789 secs]
43.754: Total time for which application threads were stopped: 0.0006055 seconds, Stopping threads took: 0.0000279 seconds
43.807: [GC (Allocation Failure)  85165K->621K(426496K), 0.0005477 secs]
43.808: Total time for which application threads were stopped: 0.0006667 seconds, Stopping threads took: 0.0000198 seconds
43.861: [GC (Allocation Failure)  83565K->717K(424960K), 0.0005655 secs]
43.861: Total time for which application threads were stopped: 0.0006829 seconds, Stopping threads took: 0.0000198 seconds
43.913: [GC (Allocation Failure)  82125K->685K(423424K), 0.0005851 secs]
43.913: Total time for which application threads were stopped: 0.0007115 seconds, Stopping threads took: 0.0000197 seconds
43.964: [GC (Allocation Failure)  80557K->653K(422400K), 0.0005434 secs]
43.965: Total time for which application threads were stopped: 0.0006799 seconds, Stopping threads took: 0.0000203 seconds
44.019: [GC (Allocation Failure)  79501K->621K(421376K), 0.0004131 secs]
44.019: Total time for which application threads were stopped: 0.0005329 seconds, Stopping threads took: 0.0000192 seconds
44.069: [GC (Allocation Failure)  78445K->685K(420352K), 0.0007119 secs]
44.069: Total time for which application threads were stopped: 0.0008317 seconds, Stopping threads took: 0.0000197 seconds
44.118: [GC (Allocation Failure)  77485K->685K(419328K), 0.0005691 secs]
44.119: Total time for which application threads were stopped: 0.0007027 seconds, Stopping threads took: 0.0000274 seconds
44.167: [GC (Allocation Failure)  76461K->621K(418304K), 0.0005885 secs]
44.168: Total time for which application threads were stopped: 0.0007521 seconds, Stopping threads took: 0.0000296 seconds
44.215: [GC (Allocation Failure)  75373K->621K(433664K), 0.0006323 secs]
44.216: Total time for which application threads were stopped: 0.0007754 seconds, Stopping threads took: 0.0000211 seconds
44.279: [GC (Allocation Failure)  90733K->653K(432128K), 0.0004561 secs]
44.279: Total time for which application threads were stopped: 0.0005953 seconds, Stopping threads took: 0.0000302 seconds
44.336: [GC (Allocation Failure)  89229K->685K(430592K), 0.0005024 secs]
44.337: Total time for which application threads were stopped: 0.0006481 seconds, Stopping threads took: 0.0000207 seconds
44.393: [GC (Allocation Failure)  87725K->653K(429056K), 0.0005299 secs]
44.393: Total time for which application threads were stopped: 0.0006763 seconds, Stopping threads took: 0.0000228 seconds
44.455: [GC (Allocation Failure)  86157K->653K(427520K), 0.0005299 secs]
44.455: Total time for which application threads were stopped: 0.0006869 seconds, Stopping threads took: 0.0000232 seconds
44.515: [GC (Allocation Failure)  84621K->685K(425984K), 0.0003788 secs]
44.515: Total time for which application threads were stopped: 0.0004944 seconds, Stopping threads took: 0.0000262 seconds
44.570: [GC (Allocation Failure)  83117K->653K(424448K), 0.0004138 secs]
44.570: Total time for which application threads were stopped: 0.0005282 seconds, Stopping threads took: 0.0000172 seconds
44.628: [GC (Allocation Failure)  81549K->685K(422912K), 0.0007356 secs]
44.629: Total time for which application threads were stopped: 0.0008792 seconds, Stopping threads took: 0.0000222 seconds
44.680: [GC (Allocation Failure)  80045K->685K(421888K), 0.0006165 secs]
44.681: Total time for which application threads were stopped: 0.0007473 seconds, Stopping threads took: 0.0000193 seconds
44.734: [GC (Allocation Failure)  79021K->589K(420864K), 0.0006171 secs]
44.734: Total time for which application threads were stopped: 0.0007460 seconds, Stopping threads took: 0.0000282 seconds
44.786: [GC (Allocation Failure)  77901K->621K(419840K), 0.0003944 secs]
44.787: Total time for which application threads were stopped: 0.0004983 seconds, Stopping threads took: 0.0000170 seconds
44.835: [GC (Allocation Failure)  76909K->685K(418816K), 0.0004503 secs]
44.836: Total time for which application threads were stopped: 0.0005780 seconds, Stopping threads took: 0.0000282 seconds
44.888: [GC (Allocation Failure)  75949K->685K(417792K), 0.0004923 secs]
44.889: Total time for which application threads were stopped: 0.0006165 seconds, Stopping threads took: 0.0000278 seconds
44.936: [GC (Allocation Failure)  74925K->685K(416768K), 0.0005349 secs]
44.936: Total time for which application threads were stopped: 0.0006402 seconds, Stopping threads took: 0.0000170 seconds
44.989: [GC (Allocation Failure)  73901K->717K(415744K), 0.0005689 secs]
44.989: Total time for which application threads were stopped: 0.0006779 seconds, Stopping threads took: 0.0000172 seconds
45.037: [GC (Allocation Failure)  72909K->653K(414720K), 0.0004112 secs]
45.037: Total time for which application threads were stopped: 0.0005524 seconds, Stopping threads took: 0.0000263 seconds
45.082: [GC (Allocation Failure)  71821K->685K(413696K), 0.0005734 secs]
45.083: Total time for which application threads were stopped: 0.0007102 seconds, Stopping threads took: 0.0000262 seconds
45.128: [GC (Allocation Failure)  70829K->685K(412672K), 0.0005021 secs]
45.129: Total time for which application threads were stopped: 0.0006266 seconds, Stopping threads took: 0.0000217 seconds
45.173: [GC (Allocation Failure)  69805K->685K(411648K), 0.0005164 secs]
45.174: Total time for which application threads were stopped: 0.0006623 seconds, Stopping threads took: 0.0000229 seconds
45.218: [GC (Allocation Failure)  68781K->653K(410624K), 0.0005258 secs]
45.218: Total time for which application threads were stopped: 0.0006586 seconds, Stopping threads took: 0.0000273 seconds
45.268: [GC (Allocation Failure)  67725K->685K(409600K), 0.0005482 secs]
45.268: Total time for which application threads were stopped: 0.0007063 seconds, Stopping threads took: 0.0000311 seconds
45.311: [GC (Allocation Failure)  66733K->685K(408576K), 0.0005734 secs]
45.311: Total time for which application threads were stopped: 0.0007398 seconds, Stopping threads took: 0.0000309 seconds
45.353: [GC (Allocation Failure)  65709K->685K(407552K), 0.0004623 secs]
45.353: Total time for which application threads were stopped: 0.0005966 seconds, Stopping threads took: 0.0000227 seconds
45.398: [GC (Allocation Failure)  64685K->621K(406528K), 0.0004884 secs]
45.399: Total time for which application threads were stopped: 0.0006292 seconds, Stopping threads took: 0.0000170 seconds
45.440: [GC (Allocation Failure)  63597K->717K(405504K), 0.0005260 secs]
45.440: Total time for which application threads were stopped: 0.0006420 seconds, Stopping threads took: 0.0000184 seconds
45.484: [GC (Allocation Failure)  62669K->685K(404992K), 0.0004648 secs]
45.484: Total time for which application threads were stopped: 0.0006238 seconds, Stopping threads took: 0.0000217 seconds
45.524: [GC (Allocation Failure)  62125K->685K(404480K), 0.0004663 secs]
45.525: Total time for which application threads were stopped: 0.0006052 seconds, Stopping threads took: 0.0000213 seconds
45.571: [GC (Allocation Failure)  61613K->589K(403968K), 0.0005753 secs]
45.571: Total time for which application threads were stopped: 0.0007317 seconds, Stopping threads took: 0.0000222 seconds
45.610: [GC (Allocation Failure)  61005K->685K(416256K), 0.0008320 secs]
45.611: Total time for which application threads were stopped: 0.0009945 seconds, Stopping threads took: 0.0000313 seconds
45.658: [GC (Allocation Failure)  73389K->621K(431104K), 0.0005919 secs]
45.659: Total time for which application threads were stopped: 0.0007287 seconds, Stopping threads took: 0.0000259 seconds
45.715: [GC (Allocation Failure)  88173K->653K(449024K), 0.0004786 secs]
45.716: Total time for which application threads were stopped: 0.0006001 seconds, Stopping threads took: 0.0000197 seconds
45.786: [GC (Allocation Failure)  106125K->685K(446976K), 0.0004849 secs]
45.786: Total time for which application threads were stopped: 0.0006099 seconds, Stopping threads took: 0.0000210 seconds
45.852: [GC (Allocation Failure)  104109K->717K(444928K), 0.0004338 secs]
45.852: Total time for which application threads were stopped: 0.0005654 seconds, Stopping threads took: 0.0000204 seconds
45.920: [GC (Allocation Failure)  102093K->653K(442880K), 0.0004493 secs]
45.921: Total time for which application threads were stopped: 0.0005586 seconds, Stopping threads took: 0.0000165 seconds
45.983: [GC (Allocation Failure)  99981K->685K(440832K), 0.0006480 secs]
45.984: Total time for which application threads were stopped: 0.0007742 seconds, Stopping threads took: 0.0000277 seconds
46.046: [GC (Allocation Failure)  97965K->685K(438784K), 0.0005829 secs]
46.047: Total time for which application threads were stopped: 0.0007080 seconds, Stopping threads took: 0.0000200 seconds
46.107: [GC (Allocation Failure)  95917K->685K(437248K), 0.0004854 secs]
46.107: Total time for which application threads were stopped: 0.0006387 seconds, Stopping threads took: 0.0000281 seconds
46.166: [GC (Allocation Failure)  94381K->685K(435712K), 0.0005853 secs]
46.167: Total time for which application threads were stopped: 0.0007135 seconds, Stopping threads took: 0.0000197 seconds
46.225: [GC (Allocation Failure)  92845K->621K(434176K), 0.0006161 secs]
46.226: Total time for which application threads were stopped: 0.0007315 seconds, Stopping threads took: 0.0000193 seconds
46.289: [GC (Allocation Failure)  91245K->653K(432640K), 0.0004782 secs]
46.290: Total time for which application threads were stopped: 0.0006173 seconds, Stopping threads took: 0.0000270 seconds
46.353: [GC (Allocation Failure)  89741K->685K(431104K), 0.0005449 secs]
46.354: Total time for which application threads were stopped: 0.0006618 seconds, Stopping threads took: 0.0000284 seconds
46.409: [GC (Allocation Failure)  88237K->653K(429568K), 0.0004530 secs]
46.410: Total time for which application threads were stopped: 0.0005590 seconds, Stopping threads took: 0.0000172 seconds
46.464: [GC (Allocation Failure)  86669K->717K(428032K), 0.0004268 secs]
46.464: Total time for which application threads were stopped: 0.0005259 seconds, Stopping threads took: 0.0000172 seconds
46.518: [GC (Allocation Failure)  85197K->653K(426496K), 0.0004070 secs]
46.518: Total time for which application threads were stopped: 0.0005281 seconds, Stopping threads took: 0.0000259 seconds
46.574: [GC (Allocation Failure)  83597K->653K(424960K), 0.0005610 secs]
46.574: Total time for which application threads were stopped: 0.0006829 seconds, Stopping threads took: 0.0000176 seconds
46.626: [GC (Allocation Failure)  82061K->653K(423424K), 0.0005174 secs]
46.627: Total time for which application threads were stopped: 0.0006581 seconds, Stopping threads took: 0.0000217 seconds
46.679: [GC (Allocation Failure)  80525K->685K(422400K), 0.0005592 secs]
46.680: Total time for which application threads were stopped: 0.0007023 seconds, Stopping threads took: 0.0000302 seconds
46.733: [GC (Allocation Failure)  79533K->621K(421376K), 0.0004745 secs]
46.733: Total time for which application threads were stopped: 0.0006190 seconds, Stopping threads took: 0.0000284 seconds
46.786: [GC (Allocation Failure)  78445K->621K(420352K), 0.0005615 secs]
46.787: Total time for which application threads were stopped: 0.0007040 seconds, Stopping threads took: 0.0000293 seconds
46.839: [GC (Allocation Failure)  77421K->685K(419328K), 0.0005066 secs]
46.840: Total time for which application threads were stopped: 0.0006478 seconds, Stopping threads took: 0.0000232 seconds
46.891: [GC (Allocation Failure)  76461K->621K(418304K), 0.0004741 secs]
46.891: Total time for which application threads were stopped: 0.0005942 seconds, Stopping threads took: 0.0000198 seconds
46.944: [GC (Allocation Failure)  75373K->685K(417280K), 0.0004986 secs]
46.944: Total time for which application threads were stopped: 0.0006417 seconds, Stopping threads took: 0.0000219 seconds
46.996: [GC (Allocation Failure)  74413K->685K(416256K), 0.0004980 secs]
46.996: Total time for which application threads were stopped: 0.0006428 seconds, Stopping threads took: 0.0000290 seconds
47.046: [GC (Allocation Failure)  73389K->653K(415232K), 0.0004054 secs]
47.046: Total time for which application threads were stopped: 0.0005761 seconds, Stopping threads took: 0.0000288 seconds
47.097: [GC (Allocation Failure)  72333K->685K(414208K), 0.0005281 secs]
47.098: Total time for which application threads were stopped: 0.0006461 seconds, Stopping threads took: 0.0000202 seconds
47.142: [GC (Allocation Failure)  71341K->653K(413184K), 0.0005347 secs]
47.143: Total time for which application threads were stopped: 0.0006780 seconds, Stopping threads took: 0.0000226 seconds
47.192: [GC (Allocation Failure)  70285K->685K(412160K), 0.0005301 secs]
47.193: Total time for which application threads were stopped: 0.0006702 seconds, Stopping threads took: 0.0000227 seconds
47.237: [GC (Allocation Failure)  69293K->621K(411136K), 0.0006883 secs]
47.237: Total time for which application threads were stopped: 0.0008321 seconds, Stopping threads took: 0.0000286 seconds
47.284: [GC (Allocation Failure)  68205K->621K(410112K), 0.0004704 secs]
47.284: Total time for which application threads were stopped: 0.0005974 seconds, Stopping threads took: 0.0000197 seconds
47.326: [GC (Allocation Failure)  67181K->653K(409088K), 0.0004750 secs]
47.327: Total time for which application threads were stopped: 0.0005987 seconds, Stopping threads took: 0.0000220 seconds
47.375: [GC (Allocation Failure)  66189K->653K(422400K), 0.0006497 secs]
47.375: Total time for which application threads were stopped: 0.0007710 seconds, Stopping threads took: 0.0000203 seconds
47.425: [GC (Allocation Failure)  79501K->621K(421376K), 0.0005615 secs]
47.426: Total time for which application threads were stopped: 0.0007145 seconds, Stopping threads took: 0.0000305 seconds
47.482: [GC (Allocation Failure)  78445K->653K(420352K), 0.0005037 secs]
47.482: Total time for which application threads were stopped: 0.0006482 seconds, Stopping threads took: 0.0000229 seconds
47.539: [GC (Allocation Failure)  77453K->653K(419328K), 0.0004095 secs]
47.540: Total time for which application threads were stopped: 0.0005380 seconds, Stopping threads took: 0.0000273 seconds
47.588: [GC (Allocation Failure)  76429K->685K(418304K), 0.0004753 secs]
47.589: Total time for which application threads were stopped: 0.0006256 seconds, Stopping threads took: 0.0000292 seconds
47.643: [GC (Allocation Failure)  75437K->685K(417280K), 0.0004472 secs]
47.644: Total time for which application threads were stopped: 0.0005819 seconds, Stopping threads took: 0.0000291 seconds
47.691: [GC (Allocation Failure)  74413K->685K(416256K), 0.0004840 secs]
47.692: Total time for which application threads were stopped: 0.0006052 seconds, Stopping threads took: 0.0000206 seconds
47.738: [GC (Allocation Failure)  73389K->653K(415232K), 0.0004688 secs]
47.738: Total time for which application threads were stopped: 0.0005966 seconds, Stopping threads took: 0.0000283 seconds
47.789: [GC (Allocation Failure)  72333K->685K(414208K), 0.0005938 secs]
47.789: Total time for which application threads were stopped: 0.0007369 seconds, Stopping threads took: 0.0000291 seconds
47.834: [GC (Allocation Failure)  71341K->749K(413184K), 0.0005097 secs]
47.834: Total time for which application threads were stopped: 0.0006447 seconds, Stopping threads took: 0.0000219 seconds
47.879: [GC (Allocation Failure)  70381K->685K(412160K), 0.0005070 secs]
47.879: Total time for which application threads were stopped: 0.0006416 seconds, Stopping threads took: 0.0000220 seconds
47.923: [GC (Allocation Failure)  69293K->653K(411136K), 0.0005048 secs]
47.923: Total time for which application threads were stopped: 0.0006549 seconds, Stopping threads took: 0.0000305 seconds
47.966: [GC (Allocation Failure)  68237K->653K(410112K), 0.0005175 secs]
47.967: Total time for which application threads were stopped: 0.0006663 seconds, Stopping threads took: 0.0000223 seconds
48.015: [GC (Allocation Failure)  67213K->685K(409088K), 0.0005078 secs]
48.016: Total time for which application threads were stopped: 0.0006518 seconds, Stopping threads took: 0.0000230 seconds
48.059: [GC (Allocation Failure)  66221K->653K(408064K), 0.0004205 secs]
48.059: Total time for which application threads were stopped: 0.0005463 seconds, Stopping threads took: 0.0000268 seconds
48.106: [GC (Allocation Failure)  65165K->717K(407040K), 0.0005631 secs]
48.106: Total time for which application threads were stopped: 0.0006987 seconds, Stopping threads took: 0.0000218 seconds
48.153: [GC (Allocation Failure)  64205K->749K(406016K), 0.0006368 secs]
48.154: Total time for which application threads were stopped: 0.0007697 seconds, Stopping threads took: 0.0000215 seconds
48.200: [GC (Allocation Failure)  63213K->685K(405504K), 0.0005495 secs]
48.201: Total time for which application threads were stopped: 0.0006874 seconds, Stopping threads took: 0.0000279 seconds
48.241: [GC (Allocation Failure)  62637K->653K(418304K), 0.0005366 secs]
48.241: Total time for which application threads were stopped: 0.0006891 seconds, Stopping threads took: 0.0000298 seconds
48.290: [GC (Allocation Failure)  75405K->685K(417280K), 0.0005404 secs]
48.290: Total time for which application threads were stopped: 0.0006938 seconds, Stopping threads took: 0.0000231 seconds
48.337: [GC (Allocation Failure)  74413K->685K(416256K), 0.0005295 secs]
48.338: Total time for which application threads were stopped: 0.0006919 seconds, Stopping threads took: 0.0000316 seconds
48.385: [GC (Allocation Failure)  73389K->749K(415232K), 0.0005683 secs]
48.385: Total time for which application threads were stopped: 0.0006984 seconds, Stopping threads took: 0.0000208 seconds
48.432: [GC (Allocation Failure)  72429K->685K(429568K), 0.0006112 secs]
48.432: Total time for which application threads were stopped: 0.0007421 seconds, Stopping threads took: 0.0000199 seconds
48.487: [GC (Allocation Failure)  86701K->653K(428032K), 0.0004916 secs]
48.488: Total time for which application threads were stopped: 0.0006298 seconds, Stopping threads took: 0.0000274 seconds
48.548: [GC (Allocation Failure)  85133K->717K(426496K), 0.0004843 secs]
48.548: Total time for which application threads were stopped: 0.0006305 seconds, Stopping threads took: 0.0000299 seconds
48.601: [GC (Allocation Failure)  83661K->749K(424960K), 0.0006499 secs]
48.602: Total time for which application threads were stopped: 0.0007859 seconds, Stopping threads took: 0.0000283 seconds
48.658: [GC (Allocation Failure)  82157K->685K(423424K), 0.0005123 secs]
48.659: Total time for which application threads were stopped: 0.0006646 seconds, Stopping threads took: 0.0000178 seconds
48.712: [GC (Allocation Failure)  80557K->685K(422400K), 0.0006450 secs]
48.712: Total time for which application threads were stopped: 0.0007759 seconds, Stopping threads took: 0.0000219 seconds
48.762: [GC (Allocation Failure)  79533K->717K(421376K), 0.0004901 secs]
48.763: Total time for which application threads were stopped: 0.0006236 seconds, Stopping threads took: 0.0000215 seconds
48.813: [GC (Allocation Failure)  78541K->685K(420352K), 0.0004848 secs]
48.813: Total time for which application threads were stopped: 0.0006127 seconds, Stopping threads took: 0.0000277 seconds
48.862: [GC (Allocation Failure)  77485K->685K(419328K), 0.0005001 secs]
48.863: Total time for which application threads were stopped: 0.0006390 seconds, Stopping threads took: 0.0000268 seconds
48.912: [GC (Allocation Failure)  76461K->653K(418304K), 0.0006143 secs]
48.912: Total time for which application threads were stopped: 0.0007585 seconds, Stopping threads took: 0.0000215 seconds
48.960: [GC (Allocation Failure)  75405K->685K(417280K), 0.0006121 secs]
48.961: Total time for which application threads were stopped: 0.0007503 seconds, Stopping threads took: 0.0000227 seconds
49.009: [GC (Allocation Failure)  74413K->653K(416256K), 0.0005164 secs]
49.009: Total time for which application threads were stopped: 0.0007067 seconds, Stopping threads took: 0.0000278 seconds
49.061: [GC (Allocation Failure)  73357K->653K(415232K), 0.0006615 secs]
49.062: Total time for which application threads were stopped: 0.0008255 seconds, Stopping threads took: 0.0000268 seconds
49.111: [GC (Allocation Failure)  72333K->685K(414208K), 0.0005213 secs]
49.111: Total time for which application threads were stopped: 0.0006551 seconds, Stopping threads took: 0.0000217 seconds
49.157: [GC (Allocation Failure)  71341K->685K(413184K), 0.0005861 secs]
49.158: Total time for which application threads were stopped: 0.0007061 seconds, Stopping threads took: 0.0000172 seconds
49.202: [GC (Allocation Failure)  70317K->621K(427520K), 0.0005333 secs]
49.203: Total time for which application threads were stopped: 0.0006630 seconds, Stopping threads took: 0.0000203 seconds
49.257: [GC (Allocation Failure)  84589K->685K(425984K), 0.0005000 secs]
49.258: Total time for which application threads were stopped: 0.0006304 seconds, Stopping threads took: 0.0000203 seconds
49.311: [GC (Allocation Failure)  83117K->685K(424448K), 0.0005011 secs]
49.311: Total time for which application threads were stopped: 0.0006314 seconds, Stopping threads took: 0.0000205 seconds
49.363: [GC (Allocation Failure)  81581K->653K(422912K), 0.0004853 secs]
49.364: Total time for which application threads were stopped: 0.0006226 seconds, Stopping threads took: 0.0000284 seconds
49.418: [GC (Allocation Failure)  80013K->685K(421888K), 0.0004955 secs]
49.419: Total time for which application threads were stopped: 0.0006449 seconds, Stopping threads took: 0.0000293 seconds
49.469: [GC (Allocation Failure)  79021K->717K(420864K), 0.0005114 secs]
49.470: Total time for which application threads were stopped: 0.0006588 seconds, Stopping threads took: 0.0000294 seconds
49.520: [GC (Allocation Failure)  78029K->685K(419840K), 0.0004928 secs]
49.520: Total time for which application threads were stopped: 0.0006271 seconds, Stopping threads took: 0.0000271 seconds
49.570: [GC (Allocation Failure)  76973K->653K(418816K), 0.0004971 secs]
49.570: Total time for which application threads were stopped: 0.0006451 seconds, Stopping threads took: 0.0000250 seconds
49.624: [GC (Allocation Failure)  75917K->653K(417792K), 0.0005186 secs]
49.625: Total time for which application threads were stopped: 0.0006622 seconds, Stopping threads took: 0.0000216 seconds
49.677: [GC (Allocation Failure)  74893K->653K(416768K), 0.0005210 secs]
49.677: Total time for which application threads were stopped: 0.0006464 seconds, Stopping threads took: 0.0000257 seconds
49.723: [GC (Allocation Failure)  73869K->685K(415744K), 0.0006002 secs]
49.724: Total time for which application threads were stopped: 0.0007200 seconds, Stopping threads took: 0.0000202 seconds
49.770: [GC (Allocation Failure)  72877K->653K(414720K), 0.0004969 secs]
49.770: Total time for which application threads were stopped: 0.0006167 seconds, Stopping threads took: 0.0000196 seconds
49.815: [GC (Allocation Failure)  71821K->717K(413696K), 0.0005723 secs]
49.816: Total time for which application threads were stopped: 0.0007278 seconds, Stopping threads took: 0.0000219 seconds
49.865: [GC (Allocation Failure)  70861K->749K(412672K), 0.0005996 secs]
49.865: Total time for which application threads were stopped: 0.0007573 seconds, Stopping threads took: 0.0000236 seconds
49.913: [GC (Allocation Failure)  69869K->685K(411648K), 0.0005402 secs]
49.914: Total time for which application threads were stopped: 0.0006971 seconds, Stopping threads took: 0.0000232 seconds
49.964: [GC (Allocation Failure)  68781K->621K(410624K), 0.0004838 secs]
49.964: Total time for which application threads were stopped: 0.0006264 seconds, Stopping threads took: 0.0000232 seconds
50.007: [GC (Allocation Failure)  67693K->653K(409600K), 0.0005205 secs]
50.008: Total time for which application threads were stopped: 0.0006732 seconds, Stopping threads took: 0.0000223 seconds
50.056: [GC (Allocation Failure)  66701K->621K(408576K), 0.0004700 secs]
50.056: Total time for which application threads were stopped: 0.0006388 seconds, Stopping threads took: 0.0000317 seconds
50.104: [GC (Allocation Failure)  65645K->685K(407552K), 0.0006320 secs]
50.105: Total time for which application threads were stopped: 0.0007749 seconds, Stopping threads took: 0.0000210 seconds
50.146: [GC (Allocation Failure)  64685K->749K(420352K), 0.0005600 secs]
50.147: Total time for which application threads were stopped: 0.0007242 seconds, Stopping threads took: 0.0000228 seconds
50.196: [GC (Allocation Failure)  77549K->653K(419328K), 0.0005326 secs]
50.197: Total time for which application threads were stopped: 0.0007021 seconds, Stopping threads took: 0.0000315 seconds
50.250: [GC (Allocation Failure)  76429K->685K(418304K), 0.0005839 secs]
50.251: Total time for which application threads were stopped: 0.0007482 seconds, Stopping threads took: 0.0000311 seconds
50.299: [GC (Allocation Failure)  75437K->685K(417280K), 0.0005062 secs]
50.300: Total time for which application threads were stopped: 0.0006710 seconds, Stopping threads took: 0.0000313 seconds
50.347: [GC (Allocation Failure)  74413K->685K(416256K), 0.0006373 secs]
50.348: Total time for which application threads were stopped: 0.0007957 seconds, Stopping threads took: 0.0000226 seconds
50.395: [GC (Allocation Failure)  73389K->653K(415232K), 0.0005485 secs]
50.396: Total time for which application threads were stopped: 0.0007107 seconds, Stopping threads took: 0.0000233 seconds
50.442: [GC (Allocation Failure)  72333K->653K(414208K), 0.0005106 secs]
50.443: Total time for which application threads were stopped: 0.0006730 seconds, Stopping threads took: 0.0000230 seconds
50.488: [GC (Allocation Failure)  71309K->685K(413184K), 0.0005285 secs]
50.489: Total time for which application threads were stopped: 0.0006856 seconds, Stopping threads took: 0.0000256 seconds
50.535: [GC (Allocation Failure)  70317K->653K(412160K), 0.0004588 secs]
50.535: Total time for which application threads were stopped: 0.0005942 seconds, Stopping threads took: 0.0000270 seconds
50.580: [GC (Allocation Failure)  69261K->685K(411136K), 0.0005499 secs]
50.581: Total time for which application threads were stopped: 0.0007011 seconds, Stopping threads took: 0.0000263 seconds
50.625: [GC (Allocation Failure)  68269K->749K(410112K), 0.0005170 secs]
50.625: Total time for which application threads were stopped: 0.0006679 seconds, Stopping threads took: 0.0000298 seconds
50.673: [GC (Allocation Failure)  67309K->685K(409088K), 0.0004980 secs]
50.674: Total time for which application threads were stopped: 0.0006332 seconds, Stopping threads took: 0.0000169 seconds
50.715: [GC (Allocation Failure)  66221K->621K(408064K), 0.0004744 secs]
50.716: Total time for which application threads were stopped: 0.0006021 seconds, Stopping threads took: 0.0000201 seconds
50.762: [GC (Allocation Failure)  65133K->685K(407040K), 0.0006121 secs]
50.763: Total time for which application threads were stopped: 0.0007364 seconds, Stopping threads took: 0.0000200 seconds
50.803: [GC (Allocation Failure)  64173K->621K(419840K), 0.0006069 secs]
50.804: Total time for which application threads were stopped: 0.0007255 seconds, Stopping threads took: 0.0000203 seconds
50.853: [GC (Allocation Failure)  76909K->685K(435200K), 0.0005698 secs]
50.853: Total time for which application threads were stopped: 0.0007246 seconds, Stopping threads took: 0.0000296 seconds
50.919: [GC (Allocation Failure)  92333K->685K(453632K), 0.0006428 secs]
50.919: Total time for which application threads were stopped: 0.0007738 seconds, Stopping threads took: 0.0000279 seconds
50.989: [GC (Allocation Failure)  110765K->717K(451584K), 0.0005038 secs]
50.990: Total time for which application threads were stopped: 0.0006332 seconds, Stopping threads took: 0.0000277 seconds
51.059: [GC (Allocation Failure)  108749K->717K(449536K), 0.0006279 secs]
51.060: Total time for which application threads were stopped: 0.0007570 seconds, Stopping threads took: 0.0000279 seconds
51.127: [GC (Allocation Failure)  106701K->717K(447488K), 0.0004842 secs]
51.127: Total time for which application threads were stopped: 0.0006133 seconds, Stopping threads took: 0.0000197 seconds
51.198: [GC (Allocation Failure)  104653K->653K(445440K), 0.0005701 secs]
51.199: Total time for which application threads were stopped: 0.0007146 seconds, Stopping threads took: 0.0000225 seconds
51.263: [GC (Allocation Failure)  102541K->653K(443392K), 0.0005550 secs]
51.263: Total time for which application threads were stopped: 0.0006856 seconds, Stopping threads took: 0.0000221 seconds
51.326: [GC (Allocation Failure)  100493K->717K(441344K), 0.0004739 secs]
51.327: Total time for which application threads were stopped: 0.0005963 seconds, Stopping threads took: 0.0000197 seconds
51.395: [GC (Allocation Failure)  98509K->653K(439296K), 0.0004864 secs]
51.395: Total time for which application threads were stopped: 0.0005972 seconds, Stopping threads took: 0.0000169 seconds
51.462: [GC (Allocation Failure)  96397K->685K(437760K), 0.0005115 secs]
51.462: Total time for which application threads were stopped: 0.0006512 seconds, Stopping threads took: 0.0000285 seconds
51.523: [GC (Allocation Failure)  94893K->685K(436224K), 0.0004483 secs]
51.523: Total time for which application threads were stopped: 0.0005851 seconds, Stopping threads took: 0.0000270 seconds
51.582: [GC (Allocation Failure)  93357K->749K(434688K), 0.0005060 secs]
51.583: Total time for which application threads were stopped: 0.0006597 seconds, Stopping threads took: 0.0000309 seconds
51.642: [GC (Allocation Failure)  91885K->621K(433152K), 0.0006586 secs]
51.643: Total time for which application threads were stopped: 0.0008077 seconds, Stopping threads took: 0.0000218 seconds
51.703: [GC (Allocation Failure)  90221K->685K(431616K), 0.0004969 secs]
51.704: Total time for which application threads were stopped: 0.0006360 seconds, Stopping threads took: 0.0000296 seconds
51.759: [GC (Allocation Failure)  88749K->717K(430080K), 0.0005452 secs]
51.760: Total time for which application threads were stopped: 0.0006739 seconds, Stopping threads took: 0.0000215 seconds
51.814: [GC (Allocation Failure)  87245K->685K(428544K), 0.0005793 secs]
51.815: Total time for which application threads were stopped: 0.0007038 seconds, Stopping threads took: 0.0000198 seconds
51.868: [GC (Allocation Failure)  85677K->653K(427008K), 0.0004870 secs]
51.869: Total time for which application threads were stopped: 0.0006155 seconds, Stopping threads took: 0.0000276 seconds
51.921: [GC (Allocation Failure)  84109K->717K(425472K), 0.0004826 secs]
51.922: Total time for which application threads were stopped: 0.0006015 seconds, Stopping threads took: 0.0000203 seconds
51.973: [GC (Allocation Failure)  82637K->653K(423936K), 0.0004647 secs]
51.974: Total time for which application threads were stopped: 0.0005807 seconds, Stopping threads took: 0.0000194 seconds
52.029: [GC (Allocation Failure)  81037K->653K(422400K), 0.0004559 secs]
52.029: Total time for which application threads were stopped: 0.0005844 seconds, Stopping threads took: 0.0000254 seconds
52.080: [GC (Allocation Failure)  79501K->685K(421376K), 0.0004914 secs]
52.080: Total time for which application threads were stopped: 0.0006199 seconds, Stopping threads took: 0.0000280 seconds
52.129: [GC (Allocation Failure)  78509K->685K(420352K), 0.0004822 secs]
52.130: Total time for which application threads were stopped: 0.0006021 seconds, Stopping threads took: 0.0000202 seconds
52.178: [GC (Allocation Failure)  77485K->749K(419328K), 0.0004603 secs]
52.179: Total time for which application threads were stopped: 0.0005884 seconds, Stopping threads took: 0.0000221 seconds
52.227: [GC (Allocation Failure)  76525K->653K(418304K), 0.0004722 secs]
52.227: Total time for which application threads were stopped: 0.0006122 seconds, Stopping threads took: 0.0000212 seconds
52.275: [GC (Allocation Failure)  75405K->653K(417280K), 0.0006333 secs]
52.275: Total time for which application threads were stopped: 0.0007566 seconds, Stopping threads took: 0.0000202 seconds
52.322: [GC (Allocation Failure)  74381K->717K(416256K), 0.0007039 secs]
52.323: Total time for which application threads were stopped: 0.0008246 seconds, Stopping threads took: 0.0000197 seconds
52.375: [GC (Allocation Failure)  73421K->621K(431104K), 0.0006168 secs]
52.376: Total time for which application threads were stopped: 0.0007519 seconds, Stopping threads took: 0.0000200 seconds
52.436: [GC (Allocation Failure)  88173K->653K(429568K), 0.0005619 secs]
52.437: Total time for which application threads were stopped: 0.0007000 seconds, Stopping threads took: 0.0000212 seconds
52.494: [GC (Allocation Failure)  86669K->685K(428032K), 0.0004854 secs]
52.495: Total time for which application threads were stopped: 0.0006284 seconds, Stopping threads took: 0.0000208 seconds
52.553: [GC (Allocation Failure)  85165K->717K(426496K), 0.0004072 secs]
52.553: Total time for which application threads were stopped: 0.0005496 seconds, Stopping threads took: 0.0000280 seconds
52.605: [GC (Allocation Failure)  83661K->653K(424960K), 0.0003935 secs]
52.606: Total time for which application threads were stopped: 0.0005040 seconds, Stopping threads took: 0.0000177 seconds
52.661: [GC (Allocation Failure)  82061K->653K(423424K), 0.0005201 secs]
52.661: Total time for which application threads were stopped: 0.0006759 seconds, Stopping threads took: 0.0000282 seconds
52.714: [GC (Allocation Failure)  80525K->685K(422400K), 0.0004223 secs]
52.714: Total time for which application threads were stopped: 0.0005345 seconds, Stopping threads took: 0.0000181 seconds
52.768: [GC (Allocation Failure)  79533K->685K(421376K), 0.0004747 secs]
52.768: Total time for which application threads were stopped: 0.0005919 seconds, Stopping threads took: 0.0000192 seconds
52.817: [GC (Allocation Failure)  78509K->717K(420352K), 0.0006130 secs]
52.818: Total time for which application threads were stopped: 0.0007324 seconds, Stopping threads took: 0.0000192 seconds
52.866: [GC (Allocation Failure)  77517K->653K(419328K), 0.0004823 secs]
52.867: Total time for which application threads were stopped: 0.0006119 seconds, Stopping threads took: 0.0000279 seconds
52.918: [GC (Allocation Failure)  76429K->717K(418304K), 0.0005036 secs]
52.918: Total time for which application threads were stopped: 0.0006334 seconds, Stopping threads took: 0.0000300 seconds
52.968: [GC (Allocation Failure)  75469K->589K(417280K), 0.0005606 secs]
52.969: Total time for which application threads were stopped: 0.0006678 seconds, Stopping threads took: 0.0000170 seconds
53.016: [GC (Allocation Failure)  74317K->653K(416256K), 0.0004975 secs]
53.016: Total time for which application threads were stopped: 0.0006173 seconds, Stopping threads took: 0.0000195 seconds
53.066: [GC (Allocation Failure)  73357K->717K(415232K), 0.0004877 secs]
53.066: Total time for which application threads were stopped: 0.0006145 seconds, Stopping threads took: 0.0000227 seconds
53.111: [GC (Allocation Failure)  72397K->685K(414208K), 0.0004595 secs]
53.112: Total time for which application threads were stopped: 0.0005766 seconds, Stopping threads took: 0.0000197 seconds
53.156: [GC (Allocation Failure)  71341K->621K(413184K), 0.0004714 secs]
53.157: Total time for which application threads were stopped: 0.0005896 seconds, Stopping threads took: 0.0000200 seconds
53.207: [GC (Allocation Failure)  70253K->685K(412160K), 0.0005575 secs]
53.208: Total time for which application threads were stopped: 0.0006862 seconds, Stopping threads took: 0.0000282 seconds
53.257: [GC (Allocation Failure)  69293K->685K(411136K), 0.0006797 secs]
53.258: Total time for which application threads were stopped: 0.0008012 seconds, Stopping threads took: 0.0000197 seconds
53.309: [GC (Allocation Failure)  68269K->685K(410112K), 0.0004289 secs]
53.309: Total time for which application threads were stopped: 0.0005819 seconds, Stopping threads took: 0.0000200 seconds
53.358: [GC (Allocation Failure)  67245K->653K(409088K), 0.0004265 secs]
53.358: Total time for which application threads were stopped: 0.0005399 seconds, Stopping threads took: 0.0000166 seconds
53.406: [GC (Allocation Failure)  66189K->653K(408064K), 0.0004097 secs]
53.407: Total time for which application threads were stopped: 0.0005216 seconds, Stopping threads took: 0.0000170 seconds
53.448: [GC (Allocation Failure)  65165K->685K(407040K), 0.0004012 secs]
53.449: Total time for which application threads were stopped: 0.0005159 seconds, Stopping threads took: 0.0000167 seconds
53.490: [GC (Allocation Failure)  64173K->685K(406016K), 0.0005087 secs]
53.491: Total time for which application threads were stopped: 0.0006458 seconds, Stopping threads took: 0.0000276 seconds
53.532: [GC (Allocation Failure)  63149K->749K(405504K), 0.0004157 secs]
53.532: Total time for which application threads were stopped: 0.0005529 seconds, Stopping threads took: 0.0000273 seconds
53.574: [GC (Allocation Failure)  62701K->653K(404992K), 0.0003842 secs]
53.575: Total time for which application threads were stopped: 0.0005140 seconds, Stopping threads took: 0.0000250 seconds
53.621: [GC (Allocation Failure)  62093K->685K(404480K), 0.0005133 secs]
53.621: Total time for which application threads were stopped: 0.0006471 seconds, Stopping threads took: 0.0000280 seconds
53.666: [GC (Allocation Failure)  61613K->685K(403968K), 0.0004874 secs]
53.667: Total time for which application threads were stopped: 0.0005924 seconds, Stopping threads took: 0.0000135 seconds
53.705: [GC (Allocation Failure)  61101K->685K(403456K), 0.0005716 secs]
53.706: Total time for which application threads were stopped: 0.0006825 seconds, Stopping threads took: 0.0000183 seconds
53.749: [GC (Allocation Failure)  60589K->685K(402944K), 0.0004940 secs]
53.749: Total time for which application threads were stopped: 0.0006353 seconds, Stopping threads took: 0.0000208 seconds
53.787: [GC (Allocation Failure)  60077K->653K(415232K), 0.0005149 secs]
53.788: Total time for which application threads were stopped: 0.0006466 seconds, Stopping threads took: 0.0000217 seconds
53.839: [GC (Allocation Failure)  72333K->653K(414208K), 0.0005146 secs]
53.839: Total time for which application threads were stopped: 0.0006495 seconds, Stopping threads took: 0.0000226 seconds
53.884: [GC (Allocation Failure)  71309K->653K(413184K), 0.0005379 secs]
53.885: Total time for which application threads were stopped: 0.0006944 seconds, Stopping threads took: 0.0000308 seconds
53.929: [GC (Allocation Failure)  70285K->621K(412160K), 0.0005470 secs]
53.930: Total time for which application threads were stopped: 0.0006828 seconds, Stopping threads took: 0.0000304 seconds
53.979: [GC (Allocation Failure)  69229K->685K(425984K), 0.0007368 secs]
53.980: Total time for which application threads were stopped: 0.0008691 seconds, Stopping threads took: 0.0000176 seconds
54.037: [GC (Allocation Failure)  83117K->685K(442880K), 0.0006436 secs]
54.037: Total time for which application threads were stopped: 0.0007785 seconds, Stopping threads took: 0.0000203 seconds
54.101: [GC (Allocation Failure)  100013K->653K(440832K), 0.0005556 secs]
54.101: Total time for which application threads were stopped: 0.0007192 seconds, Stopping threads took: 0.0000314 seconds
54.170: [GC (Allocation Failure)  97933K->749K(438784K), 0.0005305 secs]
54.171: Total time for which application threads were stopped: 0.0006876 seconds, Stopping threads took: 0.0000321 seconds
54.232: [GC (Allocation Failure)  95981K->685K(437248K), 0.0004950 secs]
54.232: Total time for which application threads were stopped: 0.0006450 seconds, Stopping threads took: 0.0000293 seconds
54.292: [GC (Allocation Failure)  94381K->653K(435712K), 0.0004870 secs]
54.293: Total time for which application threads were stopped: 0.0006140 seconds, Stopping threads took: 0.0000196 seconds
54.358: [GC (Allocation Failure)  92813K->685K(434176K), 0.0006377 secs]
54.358: Total time for which application threads were stopped: 0.0007789 seconds, Stopping threads took: 0.0000220 seconds
54.417: [GC (Allocation Failure)  91309K->653K(432640K), 0.0004650 secs]
54.417: Total time for which application threads were stopped: 0.0006159 seconds, Stopping threads took: 0.0000221 seconds
54.474: [GC (Allocation Failure)  89741K->685K(431104K), 0.0005798 secs]
54.475: Total time for which application threads were stopped: 0.0007269 seconds, Stopping threads took: 0.0000203 seconds
54.535: [GC (Allocation Failure)  88237K->653K(429568K), 0.0004810 secs]
54.535: Total time for which application threads were stopped: 0.0006390 seconds, Stopping threads took: 0.0000267 seconds
54.596: [GC (Allocation Failure)  86669K->653K(428032K), 0.0003979 secs]
54.597: Total time for which application threads were stopped: 0.0005148 seconds, Stopping threads took: 0.0000183 seconds
54.651: [GC (Allocation Failure)  85133K->621K(426496K), 0.0006679 secs]
54.652: Total time for which application threads were stopped: 0.0008026 seconds, Stopping threads took: 0.0000261 seconds
54.707: [GC (Allocation Failure)  83565K->653K(424960K), 0.0004927 secs]
54.708: Total time for which application threads were stopped: 0.0006307 seconds, Stopping threads took: 0.0000278 seconds
54.764: [GC (Allocation Failure)  82061K->653K(423424K), 0.0005620 secs]
54.765: Total time for which application threads were stopped: 0.0007139 seconds, Stopping threads took: 0.0000198 seconds
54.815: [GC (Allocation Failure)  80525K->685K(422400K), 0.0004573 secs]
54.816: Total time for which application threads were stopped: 0.0005786 seconds, Stopping threads took: 0.0000201 seconds
54.866: [GC (Allocation Failure)  79533K->685K(421376K), 0.0004895 secs]
54.866: Total time for which application threads were stopped: 0.0006180 seconds, Stopping threads took: 0.0000200 seconds
54.915: [GC (Allocation Failure)  78509K->653K(420352K), 0.0005746 secs]
54.916: Total time for which application threads were stopped: 0.0007258 seconds, Stopping threads took: 0.0000291 seconds
54.965: [GC (Allocation Failure)  77453K->653K(419328K), 0.0005291 secs]
54.966: Total time for which application threads were stopped: 0.0006757 seconds, Stopping threads took: 0.0000219 seconds
55.018: [GC (Allocation Failure)  76429K->653K(418304K), 0.0005006 secs]
55.019: Total time for which application threads were stopped: 0.0006301 seconds, Stopping threads took: 0.0000175 seconds
55.071: [GC (Allocation Failure)  75405K->653K(417280K), 0.0004411 secs]
55.071: Total time for which application threads were stopped: 0.0005773 seconds, Stopping threads took: 0.0000266 seconds
55.124: [GC (Allocation Failure)  74381K->685K(416256K), 0.0007451 secs]
55.124: Total time for which application threads were stopped: 0.0008946 seconds, Stopping threads took: 0.0000302 seconds
55.177: [GC (Allocation Failure)  73389K->621K(415232K), 0.0007012 secs]
55.178: Total time for which application threads were stopped: 0.0008429 seconds, Stopping threads took: 0.0000214 seconds
55.227: [GC (Allocation Failure)  72301K->685K(414208K), 0.0005810 secs]
55.228: Total time for which application threads were stopped: 0.0007387 seconds, Stopping threads took: 0.0000295 seconds
55.273: [GC (Allocation Failure)  71341K->621K(428544K), 0.0007196 secs]
55.274: Total time for which application threads were stopped: 0.0008801 seconds, Stopping threads took: 0.0000311 seconds
55.334: [GC (Allocation Failure)  85613K->621K(445952K), 0.0006715 secs]
55.335: Total time for which application threads were stopped: 0.0008330 seconds, Stopping threads took: 0.0000295 seconds
55.401: [GC (Allocation Failure)  103021K->653K(466432K), 0.0006651 secs]
55.402: Total time for which application threads were stopped: 0.0008012 seconds, Stopping threads took: 0.0000282 seconds
55.480: [GC (Allocation Failure)  123533K->685K(463872K), 0.0004768 secs]
55.481: Total time for which application threads were stopped: 0.0006107 seconds, Stopping threads took: 0.0000274 seconds
55.559: [GC (Allocation Failure)  121005K->653K(461312K), 0.0004582 secs]
55.559: Total time for which application threads were stopped: 0.0005914 seconds, Stopping threads took: 0.0000261 seconds
55.635: [GC (Allocation Failure)  118413K->653K(458752K), 0.0004827 secs]
55.635: Total time for which application threads were stopped: 0.0006089 seconds, Stopping threads took: 0.0000202 seconds
55.713: [GC (Allocation Failure)  115853K->653K(456192K), 0.0005765 secs]
55.713: Total time for which application threads were stopped: 0.0007128 seconds, Stopping threads took: 0.0000203 seconds
55.784: [GC (Allocation Failure)  113293K->685K(453632K), 0.0004993 secs]
55.785: Total time for which application threads were stopped: 0.0006338 seconds, Stopping threads took: 0.0000300 seconds
55.858: [GC (Allocation Failure)  110765K->653K(451584K), 0.0004813 secs]
55.858: Total time for which application threads were stopped: 0.0006023 seconds, Stopping threads took: 0.0000199 seconds
55.926: [GC (Allocation Failure)  108685K->717K(449536K), 0.0004596 secs]
55.927: Total time for which application threads were stopped: 0.0005872 seconds, Stopping threads took: 0.0000199 seconds
55.994: [GC (Allocation Failure)  106701K->589K(447488K), 0.0004759 secs]
55.994: Total time for which application threads were stopped: 0.0005938 seconds, Stopping threads took: 0.0000201 seconds
56.066: [GC (Allocation Failure)  104525K->717K(445440K), 0.0005192 secs]
56.067: Total time for which application threads were stopped: 0.0006718 seconds, Stopping threads took: 0.0000287 seconds
56.131: [GC (Allocation Failure)  102605K->749K(443392K), 0.0004965 secs]
56.131: Total time for which application threads were stopped: 0.0006239 seconds, Stopping threads took: 0.0000222 seconds
56.194: [GC (Allocation Failure)  100589K->653K(441344K), 0.0004965 secs]
56.194: Total time for which application threads were stopped: 0.0006286 seconds, Stopping threads took: 0.0000188 seconds
56.256: [GC (Allocation Failure)  98445K->717K(439296K), 0.0004410 secs]
56.256: Total time for which application threads were stopped: 0.0005559 seconds, Stopping threads took: 0.0000194 seconds
56.321: [GC (Allocation Failure)  96461K->653K(437760K), 0.0004825 secs]
56.322: Total time for which application threads were stopped: 0.0005889 seconds, Stopping threads took: 0.0000174 seconds
56.386: [GC (Allocation Failure)  94861K->653K(436224K), 0.0004407 secs]
56.387: Total time for which application threads were stopped: 0.0005502 seconds, Stopping threads took: 0.0000172 seconds
56.445: [GC (Allocation Failure)  93325K->621K(434688K), 0.0005689 secs]
56.446: Total time for which application threads were stopped: 0.0006843 seconds, Stopping threads took: 0.0000194 seconds
56.509: [GC (Allocation Failure)  91757K->685K(433152K), 0.0005449 secs]
56.509: Total time for which application threads were stopped: 0.0006660 seconds, Stopping threads took: 0.0000203 seconds
56.573: [GC (Allocation Failure)  90285K->653K(431616K), 0.0004922 secs]
56.574: Total time for which application threads were stopped: 0.0006209 seconds, Stopping threads took: 0.0000287 seconds
56.629: [GC (Allocation Failure)  88717K->621K(430080K), 0.0006480 secs]
56.630: Total time for which application threads were stopped: 0.0007828 seconds, Stopping threads took: 0.0000196 seconds
56.686: [GC (Allocation Failure)  87149K->685K(428544K), 0.0004728 secs]
56.686: Total time for which application threads were stopped: 0.0006007 seconds, Stopping threads took: 0.0000280 seconds
56.743: [GC (Allocation Failure)  85677K->685K(427008K), 0.0004861 secs]
56.743: Total time for which application threads were stopped: 0.0006019 seconds, Stopping threads took: 0.0000199 seconds
56.796: [GC (Allocation Failure)  84141K->685K(425472K), 0.0005232 secs]
56.797: Total time for which application threads were stopped: 0.0006435 seconds, Stopping threads took: 0.0000201 seconds
56.848: [GC (Allocation Failure)  82605K->621K(423936K), 0.0005547 secs]
56.849: Total time for which application threads were stopped: 0.0006836 seconds, Stopping threads took: 0.0000272 seconds
56.899: [GC (Allocation Failure)  81005K->685K(422400K), 0.0005443 secs]
56.900: Total time for which application threads were stopped: 0.0006823 seconds, Stopping threads took: 0.0000194 seconds
56.955: [GC (Allocation Failure)  79533K->653K(421376K), 0.0004355 secs]
56.955: Total time for which application threads were stopped: 0.0005435 seconds, Stopping threads took: 0.0000168 seconds
57.004: [GC (Allocation Failure)  78477K->653K(420352K), 0.0004744 secs]
57.004: Total time for which application threads were stopped: 0.0005933 seconds, Stopping threads took: 0.0000199 seconds
57.058: [GC (Allocation Failure)  77453K->653K(419328K), 0.0004981 secs]
57.059: Total time for which application threads were stopped: 0.0006200 seconds, Stopping threads took: 0.0000260 seconds
57.112: [GC (Allocation Failure)  76429K->653K(418304K), 0.0004715 secs]
57.112: Total time for which application threads were stopped: 0.0005770 seconds, Stopping threads took: 0.0000169 seconds
57.164: [GC (Allocation Failure)  75405K->621K(417280K), 0.0006184 secs]
57.165: Total time for which application threads were stopped: 0.0007267 seconds, Stopping threads took: 0.0000172 seconds
57.215: [GC (Allocation Failure)  74349K->621K(416256K), 0.0004731 secs]
57.216: Total time for which application threads were stopped: 0.0006064 seconds, Stopping threads took: 0.0000279 seconds
57.262: [GC (Allocation Failure)  73325K->653K(415232K), 0.0005328 secs]
57.263: Total time for which application threads were stopped: 0.0006723 seconds, Stopping threads took: 0.0000222 seconds
57.308: [GC (Allocation Failure)  72333K->685K(414208K), 0.0005299 secs]
57.309: Total time for which application threads were stopped: 0.0006703 seconds, Stopping threads took: 0.0000226 seconds
57.353: [GC (Allocation Failure)  71341K->653K(413184K), 0.0005271 secs]
57.354: Total time for which application threads were stopped: 0.0006846 seconds, Stopping threads took: 0.0000308 seconds
57.404: [GC (Allocation Failure)  70285K->717K(412160K), 0.0005068 secs]
57.404: Total time for which application threads were stopped: 0.0006351 seconds, Stopping threads took: 0.0000176 seconds
57.448: [GC (Allocation Failure)  69325K->653K(411136K), 0.0005247 secs]
57.449: Total time for which application threads were stopped: 0.0006697 seconds, Stopping threads took: 0.0000224 seconds
57.495: [GC (Allocation Failure)  68237K->685K(410112K), 0.0004653 secs]
57.496: Total time for which application threads were stopped: 0.0006015 seconds, Stopping threads took: 0.0000312 seconds
57.539: [GC (Allocation Failure)  67245K->653K(409088K), 0.0004706 secs]
57.539: Total time for which application threads were stopped: 0.0005903 seconds, Stopping threads took: 0.0000191 seconds
57.585: [GC (Allocation Failure)  66189K->653K(408064K), 0.0005302 secs]
57.586: Total time for which application threads were stopped: 0.0006677 seconds, Stopping threads took: 0.0000278 seconds
57.628: [GC (Allocation Failure)  65165K->685K(407040K), 0.0004758 secs]
57.628: Total time for which application threads were stopped: 0.0006156 seconds, Stopping threads took: 0.0000282 seconds
57.676: [GC (Allocation Failure)  64173K->653K(406016K), 0.0005184 secs]
57.676: Total time for which application threads were stopped: 0.0006448 seconds, Stopping threads took: 0.0000255 seconds
57.717: [GC (Allocation Failure)  63117K->621K(405504K), 0.0005045 secs]
57.718: Total time for which application threads were stopped: 0.0006427 seconds, Stopping threads took: 0.0000307 seconds
57.757: [GC (Allocation Failure)  62573K->685K(404992K), 0.0004967 secs]
57.757: Total time for which application threads were stopped: 0.0006179 seconds, Stopping threads took: 0.0000198 seconds
57.797: [GC (Allocation Failure)  62125K->621K(417280K), 0.0005471 secs]
57.797: Total time for which application threads were stopped: 0.0006876 seconds, Stopping threads took: 0.0000197 seconds
57.845: [GC (Allocation Failure)  74349K->653K(416256K), 0.0005015 secs]
57.845: Total time for which application threads were stopped: 0.0006673 seconds, Stopping threads took: 0.0000219 seconds
57.892: [GC (Allocation Failure)  73357K->717K(415232K), 0.0004918 secs]
57.892: Total time for which application threads were stopped: 0.0006387 seconds, Stopping threads took: 0.0000313 seconds
57.944: [GC (Allocation Failure)  72397K->685K(414208K), 0.0005580 secs]
57.944: Total time for which application threads were stopped: 0.0006847 seconds, Stopping threads took: 0.0000192 seconds
57.993: [GC (Allocation Failure)  71341K->653K(413184K), 0.0005067 secs]
57.994: Total time for which application threads were stopped: 0.0006356 seconds, Stopping threads took: 0.0000183 seconds
58.039: [GC (Allocation Failure)  70285K->653K(412160K), 0.0004942 secs]
58.040: Total time for which application threads were stopped: 0.0006446 seconds, Stopping threads took: 0.0000277 seconds
58.089: [GC (Allocation Failure)  69261K->653K(425984K), 0.0007502 secs]
58.090: Total time for which application threads were stopped: 0.0009158 seconds, Stopping threads took: 0.0000290 seconds
58.143: [GC (Allocation Failure)  83085K->685K(424448K), 0.0005246 secs]
58.144: Total time for which application threads were stopped: 0.0006810 seconds, Stopping threads took: 0.0000307 seconds
58.196: [GC (Allocation Failure)  81581K->685K(422912K), 0.0005184 secs]
58.196: Total time for which application threads were stopped: 0.0006688 seconds, Stopping threads took: 0.0000233 seconds
58.247: [GC (Allocation Failure)  80045K->685K(421888K), 0.0005897 secs]
58.248: Total time for which application threads were stopped: 0.0007402 seconds, Stopping threads took: 0.0000231 seconds
58.299: [GC (Allocation Failure)  79021K->621K(420864K), 0.0004545 secs]
58.299: Total time for which application threads were stopped: 0.0005863 seconds, Stopping threads took: 0.0000227 seconds
58.354: [GC (Allocation Failure)  77933K->685K(419840K), 0.0006484 secs]
58.355: Total time for which application threads were stopped: 0.0007781 seconds, Stopping threads took: 0.0000200 seconds
58.410: [GC (Allocation Failure)  76973K->749K(418816K), 0.0004831 secs]
58.411: Total time for which application threads were stopped: 0.0006193 seconds, Stopping threads took: 0.0000280 seconds
58.466: [GC (Allocation Failure)  76013K->685K(417792K), 0.0004820 secs]
58.466: Total time for which application threads were stopped: 0.0006100 seconds, Stopping threads took: 0.0000198 seconds
58.514: [GC (Allocation Failure)  74925K->685K(416768K), 0.0004648 secs]
58.514: Total time for which application threads were stopped: 0.0005987 seconds, Stopping threads took: 0.0000267 seconds
58.563: [GC (Allocation Failure)  73901K->685K(415744K), 0.0004834 secs]
58.563: Total time for which application threads were stopped: 0.0006192 seconds, Stopping threads took: 0.0000263 seconds
58.610: [GC (Allocation Failure)  72877K->685K(414720K), 0.0005333 secs]
58.610: Total time for which application threads were stopped: 0.0006625 seconds, Stopping threads took: 0.0000200 seconds
58.662: [GC (Allocation Failure)  71853K->621K(413696K), 0.0005427 secs]
58.663: Total time for which application threads were stopped: 0.0006901 seconds, Stopping threads took: 0.0000253 seconds
58.708: [GC (Allocation Failure)  70765K->653K(412672K), 0.0004459 secs]
58.709: Total time for which application threads were stopped: 0.0005696 seconds, Stopping threads took: 0.0000278 seconds
58.756: [GC (Allocation Failure)  69773K->717K(411648K), 0.0004782 secs]
58.757: Total time for which application threads were stopped: 0.0006139 seconds, Stopping threads took: 0.0000292 seconds
58.805: [GC (Allocation Failure)  68813K->653K(410624K), 0.0006631 secs]
58.806: Total time for which application threads were stopped: 0.0007986 seconds, Stopping threads took: 0.0000222 seconds
58.854: [GC (Allocation Failure)  67725K->621K(409600K), 0.0006092 secs]
58.854: Total time for which application threads were stopped: 0.0007460 seconds, Stopping threads took: 0.0000218 seconds
58.897: [GC (Allocation Failure)  66669K->685K(408576K), 0.0004809 secs]
58.897: Total time for which application threads were stopped: 0.0006120 seconds, Stopping threads took: 0.0000223 seconds
58.939: [GC (Allocation Failure)  65709K->717K(407552K), 0.0005131 secs]
58.940: Total time for which application threads were stopped: 0.0006599 seconds, Stopping threads took: 0.0000198 seconds
58.981: [GC (Allocation Failure)  64717K->685K(406528K), 0.0005224 secs]
58.982: Total time for which application threads were stopped: 0.0006818 seconds, Stopping threads took: 0.0000229 seconds
59.023: [GC (Allocation Failure)  63661K->685K(419328K), 0.0006621 secs]
59.024: Total time for which application threads were stopped: 0.0008255 seconds, Stopping threads took: 0.0000316 seconds
59.073: [GC (Allocation Failure)  76461K->621K(434688K), 0.0005502 secs]
59.074: Total time for which application threads were stopped: 0.0006963 seconds, Stopping threads took: 0.0000280 seconds
59.132: [GC (Allocation Failure)  91757K->685K(433152K), 0.0005174 secs]
59.133: Total time for which application threads were stopped: 0.0006636 seconds, Stopping threads took: 0.0000224 seconds
59.191: [GC (Allocation Failure)  90285K->717K(431616K), 0.0004596 secs]
59.191: Total time for which application threads were stopped: 0.0005951 seconds, Stopping threads took: 0.0000234 seconds
59.253: [GC (Allocation Failure)  88781K->685K(430080K), 0.0005223 secs]
59.254: Total time for which application threads were stopped: 0.0006521 seconds, Stopping threads took: 0.0000203 seconds
59.309: [GC (Allocation Failure)  87213K->653K(428544K), 0.0004987 secs]
59.310: Total time for which application threads were stopped: 0.0006345 seconds, Stopping threads took: 0.0000273 seconds
59.370: [GC (Allocation Failure)  85645K->653K(427008K), 0.0005401 secs]
59.371: Total time for which application threads were stopped: 0.0006769 seconds, Stopping threads took: 0.0000281 seconds
59.430: [GC (Allocation Failure)  84109K->685K(425472K), 0.0005459 secs]
59.430: Total time for which application threads were stopped: 0.0006826 seconds, Stopping threads took: 0.0000277 seconds
59.483: [GC (Allocation Failure)  82605K->653K(423936K), 0.0006107 secs]
59.484: Total time for which application threads were stopped: 0.0007551 seconds, Stopping threads took: 0.0000197 seconds
59.535: [GC (Allocation Failure)  81037K->653K(422400K), 0.0004106 secs]
59.536: Total time for which application threads were stopped: 0.0005380 seconds, Stopping threads took: 0.0000199 seconds
59.588: [GC (Allocation Failure)  79501K->685K(421376K), 0.0004914 secs]
59.588: Total time for which application threads were stopped: 0.0006288 seconds, Stopping threads took: 0.0000277 seconds
59.638: [GC (Allocation Failure)  78509K->621K(420352K), 0.0005098 secs]
59.639: Total time for which application threads were stopped: 0.0006502 seconds, Stopping threads took: 0.0000197 seconds
59.695: [GC (Allocation Failure)  77421K->653K(419328K), 0.0004191 secs]
59.695: Total time for which application threads were stopped: 0.0005289 seconds, Stopping threads took: 0.0000171 seconds
59.748: [GC (Allocation Failure)  76429K->653K(418304K), 0.0004195 secs]
59.749: Total time for which application threads were stopped: 0.0005298 seconds, Stopping threads took: 0.0000172 seconds
59.802: [GC (Allocation Failure)  75405K->653K(417280K), 0.0005907 secs]
59.803: Total time for which application threads were stopped: 0.0007100 seconds, Stopping threads took: 0.0000202 seconds
59.850: [GC (Allocation Failure)  74381K->717K(416256K), 0.0004564 secs]
59.850: Total time for which application threads were stopped: 0.0006019 seconds, Stopping threads took: 0.0000196 seconds
59.902: [GC (Allocation Failure)  73421K->685K(415232K), 0.0005591 secs]
59.903: Total time for which application threads were stopped: 0.0007105 seconds, Stopping threads took: 0.0000310 seconds
59.949: [GC (Allocation Failure)  72365K->653K(414208K), 0.0006024 secs]
59.950: Total time for which application threads were stopped: 0.0007571 seconds, Stopping threads took: 0.0000234 seconds
59.998: [GC (Allocation Failure)  71309K->653K(413184K), 0.0004915 secs]
59.999: Total time for which application threads were stopped: 0.0006608 seconds, Stopping threads took: 0.0000314 seconds
60.044: [GC (Allocation Failure)  70285K->685K(412160K), 0.0005305 secs]
60.044: Total time for which application threads were stopped: 0.0006769 seconds, Stopping threads took: 0.0000275 seconds
60.089: [GC (Allocation Failure)  69293K->653K(411136K), 0.0006008 secs]
60.089: Total time for which application threads were stopped: 0.0007402 seconds, Stopping threads took: 0.0000284 seconds
60.138: [GC (Allocation Failure)  68237K->621K(424960K), 0.0006367 secs]
60.139: Total time for which application threads were stopped: 0.0007826 seconds, Stopping threads took: 0.0000298 seconds
60.197: [GC (Allocation Failure)  82029K->749K(423424K), 0.0005297 secs]
60.198: Total time for which application threads were stopped: 0.0007181 seconds, Stopping threads took: 0.0000537 seconds
60.249: [GC (Allocation Failure)  80621K->685K(422400K), 0.0005392 secs]
60.250: Total time for which application threads were stopped: 0.0006919 seconds, Stopping threads took: 0.0000227 seconds
60.304: [GC (Allocation Failure)  79533K->653K(421376K), 0.0005238 secs]
60.304: Total time for which application threads were stopped: 0.0006895 seconds, Stopping threads took: 0.0000305 seconds
60.354: [GC (Allocation Failure)  78477K->621K(420352K), 0.0004981 secs]
60.355: Total time for which application threads were stopped: 0.0006520 seconds, Stopping threads took: 0.0000313 seconds
60.408: [GC (Allocation Failure)  77421K->717K(419328K), 0.0005256 secs]
60.409: Total time for which application threads were stopped: 0.0006804 seconds, Stopping threads took: 0.0000306 seconds
60.458: [GC (Allocation Failure)  76493K->653K(418304K), 0.0006620 secs]
60.458: Total time for which application threads were stopped: 0.0008240 seconds, Stopping threads took: 0.0000219 seconds
60.512: [GC (Allocation Failure)  75405K->685K(417280K), 0.0005364 secs]
60.513: Total time for which application threads were stopped: 0.0006852 seconds, Stopping threads took: 0.0000222 seconds
60.561: [GC (Allocation Failure)  74413K->653K(416256K), 0.0003870 secs]
60.562: Total time for which application threads were stopped: 0.0005328 seconds, Stopping threads took: 0.0000262 seconds
60.609: [GC (Allocation Failure)  73357K->653K(415232K), 0.0004615 secs]
60.609: Total time for which application threads were stopped: 0.0005895 seconds, Stopping threads took: 0.0000254 seconds
60.656: [GC (Allocation Failure)  72333K->685K(414208K), 0.0004202 secs]
60.657: Total time for which application threads were stopped: 0.0005427 seconds, Stopping threads took: 0.0000165 seconds
60.703: [GC (Allocation Failure)  71341K->685K(413184K), 0.0004398 secs]
60.703: Total time for which application threads were stopped: 0.0005589 seconds, Stopping threads took: 0.0000282 seconds
60.748: [GC (Allocation Failure)  70317K->653K(412160K), 0.0005542 secs]
60.748: Total time for which application threads were stopped: 0.0006956 seconds, Stopping threads took: 0.0000284 seconds
60.795: [GC (Allocation Failure)  69261K->685K(411136K), 0.0005035 secs]
60.796: Total time for which application threads were stopped: 0.0006373 seconds, Stopping threads took: 0.0000223 seconds
60.839: [GC (Allocation Failure)  68269K->685K(424960K), 0.0007299 secs]
60.840: Total time for which application threads were stopped: 0.0008817 seconds, Stopping threads took: 0.0000224 seconds
60.892: [GC (Allocation Failure)  82093K->685K(423424K), 0.0005555 secs]
60.892: Total time for which application threads were stopped: 0.0007067 seconds, Stopping threads took: 0.0000204 seconds
60.943: [GC (Allocation Failure)  80557K->621K(422400K), 0.0005345 secs]
60.944: Total time for which application threads were stopped: 0.0006969 seconds, Stopping threads took: 0.0000221 seconds
61.000: [GC (Allocation Failure)  79469K->717K(421376K), 0.0005318 secs]
61.000: Total time for which application threads were stopped: 0.0006645 seconds, Stopping threads took: 0.0000225 seconds
61.054: [GC (Allocation Failure)  78541K->749K(420352K), 0.0004825 secs]
61.054: Total time for which application threads were stopped: 0.0006141 seconds, Stopping threads took: 0.0000267 seconds
61.103: [GC (Allocation Failure)  77549K->653K(419328K), 0.0004545 secs]
61.104: Total time for which application threads were stopped: 0.0005847 seconds, Stopping threads took: 0.0000274 seconds
61.153: [GC (Allocation Failure)  76429K->685K(418304K), 0.0004656 secs]
61.153: Total time for which application threads were stopped: 0.0005987 seconds, Stopping threads took: 0.0000273 seconds
61.201: [GC (Allocation Failure)  75437K->717K(417280K), 0.0006847 secs]
61.202: Total time for which application threads were stopped: 0.0008258 seconds, Stopping threads took: 0.0000285 seconds
61.249: [GC (Allocation Failure)  74445K->685K(416256K), 0.0005608 secs]
61.250: Total time for which application threads were stopped: 0.0006980 seconds, Stopping threads took: 0.0000279 seconds
61.296: [GC (Allocation Failure)  73389K->685K(415232K), 0.0004728 secs]
61.297: Total time for which application threads were stopped: 0.0006093 seconds, Stopping threads took: 0.0000278 seconds
61.343: [GC (Allocation Failure)  72365K->653K(414208K), 0.0005515 secs]
61.343: Total time for which application threads were stopped: 0.0006789 seconds, Stopping threads took: 0.0000196 seconds
61.395: [GC (Allocation Failure)  71309K->653K(413184K), 0.0004632 secs]
61.395: Total time for which application threads were stopped: 0.0005890 seconds, Stopping threads took: 0.0000199 seconds
61.440: [GC (Allocation Failure)  70285K->685K(412160K), 0.0004946 secs]
61.441: Total time for which application threads were stopped: 0.0006310 seconds, Stopping threads took: 0.0000282 seconds
61.485: [GC (Allocation Failure)  69293K->653K(411136K), 0.0004932 secs]
61.485: Total time for which application threads were stopped: 0.0006301 seconds, Stopping threads took: 0.0000280 seconds
61.535: [GC (Allocation Failure)  68237K->653K(410112K), 0.0003940 secs]
61.535: Total time for which application threads were stopped: 0.0005200 seconds, Stopping threads took: 0.0000176 seconds
61.579: [GC (Allocation Failure)  67213K->653K(409088K), 0.0005506 secs]
61.580: Total time for which application threads were stopped: 0.0006849 seconds, Stopping threads took: 0.0000281 seconds
61.628: [GC (Allocation Failure)  66189K->685K(408064K), 0.0003993 secs]
61.628: Total time for which application threads were stopped: 0.0005144 seconds, Stopping threads took: 0.0000172 seconds
61.671: [GC (Allocation Failure)  65197K->621K(421376K), 0.0014949 secs]
61.672: Total time for which application threads were stopped: 0.0016190 seconds, Stopping threads took: 0.0000253 seconds
61.722: [GC (Allocation Failure)  78445K->685K(437248K), 0.0004744 secs]
61.722: Total time for which application threads were stopped: 0.0005986 seconds, Stopping threads took: 0.0000199 seconds
61.781: [GC (Allocation Failure)  94381K->621K(456192K), 0.0004954 secs]
61.782: Total time for which application threads were stopped: 0.0006114 seconds, Stopping threads took: 0.0000195 seconds
61.858: [GC (Allocation Failure)  113261K->653K(453632K), 0.0004671 secs]
61.859: Total time for which application threads were stopped: 0.0005838 seconds, Stopping threads took: 0.0000191 seconds
61.928: [GC (Allocation Failure)  110733K->717K(451584K), 0.0006185 secs]
61.929: Total time for which application threads were stopped: 0.0007371 seconds, Stopping threads took: 0.0000193 seconds
62.001: [GC (Allocation Failure)  108749K->653K(449536K), 0.0004775 secs]
62.002: Total time for which application threads were stopped: 0.0005961 seconds, Stopping threads took: 0.0000196 seconds
62.076: [GC (Allocation Failure)  106637K->685K(447488K), 0.0004479 secs]
62.077: Total time for which application threads were stopped: 0.0005767 seconds, Stopping threads took: 0.0000280 seconds
62.148: [GC (Allocation Failure)  104621K->685K(445440K), 0.0004790 secs]
62.148: Total time for which application threads were stopped: 0.0006001 seconds, Stopping threads took: 0.0000206 seconds
62.212: [GC (Allocation Failure)  102573K->653K(443392K), 0.0005549 secs]
62.213: Total time for which application threads were stopped: 0.0006813 seconds, Stopping threads took: 0.0000275 seconds
62.275: [GC (Allocation Failure)  100493K->685K(441344K), 0.0006153 secs]
62.276: Total time for which application threads were stopped: 0.0007365 seconds, Stopping threads took: 0.0000201 seconds
62.338: [GC (Allocation Failure)  98477K->653K(439296K), 0.0006526 secs]
62.338: Total time for which application threads were stopped: 0.0007958 seconds, Stopping threads took: 0.0000211 seconds
62.403: [GC (Allocation Failure)  96397K->717K(437760K), 0.0005708 secs]
62.404: Total time for which application threads were stopped: 0.0007113 seconds, Stopping threads took: 0.0000227 seconds
62.463: [GC (Allocation Failure)  94925K->653K(436224K), 0.0005283 secs]
62.463: Total time for which application threads were stopped: 0.0006829 seconds, Stopping threads took: 0.0000309 seconds
62.522: [GC (Allocation Failure)  93325K->653K(434688K), 0.0005751 secs]
62.523: Total time for which application threads were stopped: 0.0007359 seconds, Stopping threads took: 0.0000306 seconds
62.582: [GC (Allocation Failure)  91789K->717K(433152K), 0.0004492 secs]
62.582: Total time for which application threads were stopped: 0.0005794 seconds, Stopping threads took: 0.0000264 seconds
62.639: [GC (Allocation Failure)  90317K->653K(431616K), 0.0004819 secs]
62.640: Total time for which application threads were stopped: 0.0006038 seconds, Stopping threads took: 0.0000200 seconds
62.696: [GC (Allocation Failure)  88717K->653K(430080K), 0.0009121 secs]
62.697: Total time for which application threads were stopped: 0.0010395 seconds, Stopping threads took: 0.0000204 seconds
62.752: [GC (Allocation Failure)  87181K->653K(428544K), 0.0006132 secs]
62.752: Total time for which application threads were stopped: 0.0007343 seconds, Stopping threads took: 0.0000201 seconds
62.809: [GC (Allocation Failure)  85645K->685K(427008K), 0.0004577 secs]
62.809: Total time for which application threads were stopped: 0.0005820 seconds, Stopping threads took: 0.0000274 seconds
62.862: [GC (Allocation Failure)  84141K->621K(425472K), 0.0006165 secs]
62.862: Total time for which application threads were stopped: 0.0007331 seconds, Stopping threads took: 0.0000197 seconds
62.920: [GC (Allocation Failure)  82541K->621K(423936K), 0.0004270 secs]
62.920: Total time for which application threads were stopped: 0.0005544 seconds, Stopping threads took: 0.0000200 seconds
62.971: [GC (Allocation Failure)  81005K->717K(422400K), 0.0005361 secs]
62.971: Total time for which application threads were stopped: 0.0006545 seconds, Stopping threads took: 0.0000203 seconds
63.027: [GC (Allocation Failure)  79565K->685K(421376K), 0.0005146 secs]
63.027: Total time for which application threads were stopped: 0.0006374 seconds, Stopping threads took: 0.0000201 seconds
63.077: [GC (Allocation Failure)  78509K->717K(420352K), 0.0004810 secs]
63.077: Total time for which application threads were stopped: 0.0006075 seconds, Stopping threads took: 0.0000270 seconds
63.132: [GC (Allocation Failure)  77517K->717K(419328K), 0.0004891 secs]
63.132: Total time for which application threads were stopped: 0.0006118 seconds, Stopping threads took: 0.0000298 seconds
63.181: [GC (Allocation Failure)  76493K->685K(418304K), 0.0004827 secs]
63.181: Total time for which application threads were stopped: 0.0006191 seconds, Stopping threads took: 0.0000202 seconds
63.234: [GC (Allocation Failure)  75437K->749K(417280K), 0.0007446 secs]
63.235: Total time for which application threads were stopped: 0.0008899 seconds, Stopping threads took: 0.0000304 seconds
63.282: [GC (Allocation Failure)  74477K->653K(416256K), 0.0005014 secs]
63.283: Total time for which application threads were stopped: 0.0006410 seconds, Stopping threads took: 0.0000199 seconds
63.335: [GC (Allocation Failure)  73357K->621K(415232K), 0.0004946 secs]
63.335: Total time for which application threads were stopped: 0.0006329 seconds, Stopping threads took: 0.0000300 seconds
63.381: [GC (Allocation Failure)  72301K->653K(414208K), 0.0005264 secs]
63.382: Total time for which application threads were stopped: 0.0006603 seconds, Stopping threads took: 0.0000201 seconds
63.430: [GC (Allocation Failure)  71309K->653K(413184K), 0.0004392 secs]
63.431: Total time for which application threads were stopped: 0.0005561 seconds, Stopping threads took: 0.0000177 seconds
63.478: [GC (Allocation Failure)  70285K->621K(412160K), 0.0006515 secs]
63.479: Total time for which application threads were stopped: 0.0008126 seconds, Stopping threads took: 0.0000305 seconds
63.523: [GC (Allocation Failure)  69229K->621K(411136K), 0.0004757 secs]
63.524: Total time for which application threads were stopped: 0.0006184 seconds, Stopping threads took: 0.0000296 seconds
63.574: [GC (Allocation Failure)  68205K->685K(410112K), 0.0004316 secs]
63.574: Total time for which application threads were stopped: 0.0005636 seconds, Stopping threads took: 0.0000200 seconds
63.617: [GC (Allocation Failure)  67245K->685K(409088K), 0.0005288 secs]
63.618: Total time for which application threads were stopped: 0.0006548 seconds, Stopping threads took: 0.0000194 seconds
63.661: [GC (Allocation Failure)  66221K->717K(408064K), 0.0005338 secs]
63.661: Total time for which application threads were stopped: 0.0006673 seconds, Stopping threads took: 0.0000268 seconds
63.703: [GC (Allocation Failure)  65229K->685K(407040K), 0.0005266 secs]
63.704: Total time for which application threads were stopped: 0.0006544 seconds, Stopping threads took: 0.0000275 seconds
63.745: [GC (Allocation Failure)  64173K->717K(419840K), 0.0005403 secs]
63.746: Total time for which application threads were stopped: 0.0006607 seconds, Stopping threads took: 0.0000197 seconds
63.794: [GC (Allocation Failure)  77005K->653K(418816K), 0.0004714 secs]
63.795: Total time for which application threads were stopped: 0.0005953 seconds, Stopping threads took: 0.0000197 seconds
63.843: [GC (Allocation Failure)  75917K->653K(417792K), 0.0004549 secs]
63.844: Total time for which application threads were stopped: 0.0005772 seconds, Stopping threads took: 0.0000202 seconds
63.896: [GC (Allocation Failure)  74893K->749K(416768K), 0.0005715 secs]
63.897: Total time for which application threads were stopped: 0.0007149 seconds, Stopping threads took: 0.0000208 seconds
63.949: [GC (Allocation Failure)  73965K->685K(415744K), 0.0005121 secs]
63.949: Total time for which application threads were stopped: 0.0006672 seconds, Stopping threads took: 0.0000238 seconds
63.996: [GC (Allocation Failure)  72877K->621K(414720K), 0.0006298 secs]
63.996: Total time for which application threads were stopped: 0.0007586 seconds, Stopping threads took: 0.0000201 seconds
64.048: [GC (Allocation Failure)  71789K->653K(413696K), 0.0003923 secs]
64.048: Total time for which application threads were stopped: 0.0005299 seconds, Stopping threads took: 0.0000269 seconds
64.094: [GC (Allocation Failure)  70797K->685K(412672K), 0.0004726 secs]
64.094: Total time for which application threads were stopped: 0.0006091 seconds, Stopping threads took: 0.0000290 seconds
64.144: [GC (Allocation Failure)  69805K->653K(411648K), 0.0006336 secs]
64.145: Total time for which application threads were stopped: 0.0007697 seconds, Stopping threads took: 0.0000279 seconds
64.189: [GC (Allocation Failure)  68749K->653K(410624K), 0.0005244 secs]
64.190: Total time for which application threads were stopped: 0.0006768 seconds, Stopping threads took: 0.0000296 seconds
64.233: [GC (Allocation Failure)  67725K->621K(424448K), 0.0007329 secs]
64.234: Total time for which application threads were stopped: 0.0008795 seconds, Stopping threads took: 0.0000311 seconds
64.290: [GC (Allocation Failure)  81517K->653K(422912K), 0.0005097 secs]
64.291: Total time for which application threads were stopped: 0.0006453 seconds, Stopping threads took: 0.0000281 seconds
64.348: [GC (Allocation Failure)  80013K->717K(421888K), 0.0005029 secs]
64.348: Total time for which application threads were stopped: 0.0006386 seconds, Stopping threads took: 0.0000197 seconds
64.399: [GC (Allocation Failure)  79053K->621K(420864K), 0.0006912 secs]
64.399: Total time for which application threads were stopped: 0.0008497 seconds, Stopping threads took: 0.0000302 seconds
64.452: [GC (Allocation Failure)  77933K->653K(419840K), 0.0005498 secs]
64.453: Total time for which application threads were stopped: 0.0006998 seconds, Stopping threads took: 0.0000225 seconds
64.502: [GC (Allocation Failure)  76941K->685K(418816K), 0.0004504 secs]
64.503: Total time for which application threads were stopped: 0.0005786 seconds, Stopping threads took: 0.0000205 seconds
64.552: [GC (Allocation Failure)  75949K->653K(417792K), 0.0004816 secs]
64.553: Total time for which application threads were stopped: 0.0006212 seconds, Stopping threads took: 0.0000268 seconds
64.602: [GC (Allocation Failure)  74893K->653K(416768K), 0.0004635 secs]
64.603: Total time for which application threads were stopped: 0.0006070 seconds, Stopping threads took: 0.0000283 seconds
64.650: [GC (Allocation Failure)  73869K->653K(415744K), 0.0005699 secs]
64.651: Total time for which application threads were stopped: 0.0006947 seconds, Stopping threads took: 0.0000171 seconds
64.698: [GC (Allocation Failure)  72845K->653K(414720K), 0.0004779 secs]
64.699: Total time for which application threads were stopped: 0.0005972 seconds, Stopping threads took: 0.0000200 seconds
64.745: [GC (Allocation Failure)  71821K->685K(413696K), 0.0005232 secs]
64.745: Total time for which application threads were stopped: 0.0006700 seconds, Stopping threads took: 0.0000198 seconds
64.790: [GC (Allocation Failure)  70829K->685K(412672K), 0.0005256 secs]
64.791: Total time for which application threads were stopped: 0.0006755 seconds, Stopping threads took: 0.0000224 seconds
64.841: [GC (Allocation Failure)  69805K->717K(411648K), 0.0005070 secs]
64.842: Total time for which application threads were stopped: 0.0006741 seconds, Stopping threads took: 0.0000219 seconds
64.886: [GC (Allocation Failure)  68813K->685K(410624K), 0.0006535 secs]
64.886: Total time for which application threads were stopped: 0.0008248 seconds, Stopping threads took: 0.0000300 seconds
64.937: [GC (Allocation Failure)  67757K->685K(409600K), 0.0005166 secs]
64.937: Total time for which application threads were stopped: 0.0006780 seconds, Stopping threads took: 0.0000311 seconds
64.980: [GC (Allocation Failure)  66733K->653K(408576K), 0.0004635 secs]
64.980: Total time for which application threads were stopped: 0.0006076 seconds, Stopping threads took: 0.0000301 seconds
65.027: [GC (Allocation Failure)  65677K->685K(407552K), 0.0005585 secs]
65.027: Total time for which application threads were stopped: 0.0006917 seconds, Stopping threads took: 0.0000169 seconds
65.069: [GC (Allocation Failure)  64685K->653K(406528K), 0.0004267 secs]
65.069: Total time for which application threads were stopped: 0.0005506 seconds, Stopping threads took: 0.0000167 seconds
65.116: [GC (Allocation Failure)  63629K->621K(405504K), 0.0005427 secs]
65.117: Total time for which application threads were stopped: 0.0008347 seconds, Stopping threads took: 0.0000284 seconds
65.156: [GC (Allocation Failure)  62573K->653K(404992K), 0.0004837 secs]
65.157: Total time for which application threads were stopped: 0.0006205 seconds, Stopping threads took: 0.0000277 seconds
65.197: [GC (Allocation Failure)  62093K->621K(417280K), 0.0006464 secs]
65.197: Total time for which application threads were stopped: 0.0007824 seconds, Stopping threads took: 0.0000281 seconds
65.251: [GC (Allocation Failure)  74349K->653K(416256K), 0.0004760 secs]
65.252: Total time for which application threads were stopped: 0.0006131 seconds, Stopping threads took: 0.0000272 seconds
65.303: [GC (Allocation Failure)  73357K->685K(415232K), 0.0004637 secs]
65.304: Total time for which application threads were stopped: 0.0005943 seconds, Stopping threads took: 0.0000208 seconds
65.350: [GC (Allocation Failure)  72365K->685K(414208K), 0.0004865 secs]
65.351: Total time for which application threads were stopped: 0.0006166 seconds, Stopping threads took: 0.0000201 seconds
65.396: [GC (Allocation Failure)  71341K->653K(413184K), 0.0005120 secs]
65.397: Total time for which application threads were stopped: 0.0006729 seconds, Stopping threads took: 0.0000215 seconds
65.446: [GC (Allocation Failure)  70285K->685K(412160K), 0.0005450 secs]
65.447: Total time for which application threads were stopped: 0.0007083 seconds, Stopping threads took: 0.0000322 seconds
65.491: [GC (Allocation Failure)  69293K->621K(411136K), 0.0005230 secs]
65.492: Total time for which application threads were stopped: 0.0006911 seconds, Stopping threads took: 0.0000310 seconds
65.535: [GC (Allocation Failure)  68205K->685K(424960K), 0.0006646 secs]
65.536: Total time for which application threads were stopped: 0.0008176 seconds, Stopping threads took: 0.0000330 seconds
65.589: [GC (Allocation Failure)  82093K->653K(423424K), 0.0005308 secs]
65.590: Total time for which application threads were stopped: 0.0006676 seconds, Stopping threads took: 0.0000275 seconds
65.641: [GC (Allocation Failure)  80525K->685K(422400K), 0.0005566 secs]
65.642: Total time for which application threads were stopped: 0.0007083 seconds, Stopping threads took: 0.0000288 seconds
65.693: [GC (Allocation Failure)  79533K->653K(421376K), 0.0004816 secs]
65.694: Total time for which application threads were stopped: 0.0006181 seconds, Stopping threads took: 0.0000198 seconds
65.749: [GC (Allocation Failure)  78477K->653K(420352K), 0.0005506 secs]
65.750: Total time for which application threads were stopped: 0.0007141 seconds, Stopping threads took: 0.0000217 seconds
65.802: [GC (Allocation Failure)  77453K->653K(419328K), 0.0005513 secs]
65.802: Total time for which application threads were stopped: 0.0007088 seconds, Stopping threads took: 0.0000311 seconds
65.850: [GC (Allocation Failure)  76429K->685K(418304K), 0.0004546 secs]
65.851: Total time for which application threads were stopped: 0.0005832 seconds, Stopping threads took: 0.0000222 seconds
65.903: [GC (Allocation Failure)  75437K->685K(417280K), 0.0004721 secs]
65.903: Total time for which application threads were stopped: 0.0006120 seconds, Stopping threads took: 0.0000282 seconds
65.950: [GC (Allocation Failure)  74413K->685K(416256K), 0.0005536 secs]
65.951: Total time for which application threads were stopped: 0.0007090 seconds, Stopping threads took: 0.0000300 seconds
66.001: [GC (Allocation Failure)  73389K->621K(415232K), 0.0007549 secs]
66.001: Total time for which application threads were stopped: 0.0009098 seconds, Stopping threads took: 0.0000300 seconds
66.054: [GC (Allocation Failure)  72301K->685K(414208K), 0.0004484 secs]
66.054: Total time for which application threads were stopped: 0.0005775 seconds, Stopping threads took: 0.0000203 seconds
66.103: [GC (Allocation Failure)  71341K->685K(428544K), 0.0007819 secs]
66.104: Total time for which application threads were stopped: 0.0009395 seconds, Stopping threads took: 0.0000292 seconds
66.162: [GC (Allocation Failure)  85677K->685K(427008K), 0.0005196 secs]
66.162: Total time for which application threads were stopped: 0.0006696 seconds, Stopping threads took: 0.0000216 seconds
66.216: [GC (Allocation Failure)  84141K->685K(425472K), 0.0005533 secs]
66.217: Total time for which application threads were stopped: 0.0007031 seconds, Stopping threads took: 0.0000296 seconds
66.270: [GC (Allocation Failure)  82605K->685K(423936K), 0.0005662 secs]
66.270: Total time for which application threads were stopped: 0.0007277 seconds, Stopping threads took: 0.0000296 seconds
66.322: [GC (Allocation Failure)  81069K->621K(422400K), 0.0004905 secs]
66.323: Total time for which application threads were stopped: 0.0006325 seconds, Stopping threads took: 0.0000317 seconds
66.377: [GC (Allocation Failure)  79469K->685K(421376K), 0.0005273 secs]
66.377: Total time for which application threads were stopped: 0.0006609 seconds, Stopping threads took: 0.0000276 seconds
66.427: [GC (Allocation Failure)  78509K->653K(420352K), 0.0005197 secs]
66.428: Total time for which application threads were stopped: 0.0006572 seconds, Stopping threads took: 0.0000281 seconds
66.482: [GC (Allocation Failure)  77453K->653K(419328K), 0.0006082 secs]
66.483: Total time for which application threads were stopped: 0.0007495 seconds, Stopping threads took: 0.0000282 seconds
66.532: [GC (Allocation Failure)  76429K->653K(418304K), 0.0004897 secs]
66.532: Total time for which application threads were stopped: 0.0006428 seconds, Stopping threads took: 0.0000308 seconds
66.582: [GC (Allocation Failure)  75405K->685K(417280K), 0.0004533 secs]
66.582: Total time for which application threads were stopped: 0.0005943 seconds, Stopping threads took: 0.0000283 seconds
66.630: [GC (Allocation Failure)  74413K->653K(416256K), 0.0005081 secs]
66.631: Total time for which application threads were stopped: 0.0006431 seconds, Stopping threads took: 0.0000196 seconds
66.679: [GC (Allocation Failure)  73357K->685K(415232K), 0.0004925 secs]
66.679: Total time for which application threads were stopped: 0.0006205 seconds, Stopping threads took: 0.0000273 seconds
66.725: [GC (Allocation Failure)  72365K->621K(414208K), 0.0006714 secs]
66.725: Total time for which application threads were stopped: 0.0008176 seconds, Stopping threads took: 0.0000282 seconds
66.771: [GC (Allocation Failure)  71277K->717K(413184K), 0.0005485 secs]
66.771: Total time for which application threads were stopped: 0.0007177 seconds, Stopping threads took: 0.0000314 seconds
66.822: [GC (Allocation Failure)  70349K->653K(412160K), 0.0005464 secs]
66.822: Total time for which application threads were stopped: 0.0007198 seconds, Stopping threads took: 0.0000318 seconds
66.866: [GC (Allocation Failure)  69261K->653K(411136K), 0.0005792 secs]
66.867: Total time for which application threads were stopped: 0.0007343 seconds, Stopping threads took: 0.0000202 seconds
66.915: [GC (Allocation Failure)  68237K->685K(410112K), 0.0005188 secs]
66.915: Total time for which application threads were stopped: 0.0006705 seconds, Stopping threads took: 0.0000228 seconds
66.958: [GC (Allocation Failure)  67245K->717K(423424K), 0.0006270 secs]
66.959: Total time for which application threads were stopped: 0.0007813 seconds, Stopping threads took: 0.0000236 seconds
67.010: [GC (Allocation Failure)  80589K->717K(422400K), 0.0005363 secs]
67.011: Total time for which application threads were stopped: 0.0007159 seconds, Stopping threads took: 0.0000311 seconds
67.062: [GC (Allocation Failure)  79565K->685K(421376K), 0.0004798 secs]
67.063: Total time for which application threads were stopped: 0.0006166 seconds, Stopping threads took: 0.0000272 seconds
67.113: [GC (Allocation Failure)  78509K->621K(420352K), 0.0006561 secs]
67.114: Total time for which application threads were stopped: 0.0008216 seconds, Stopping threads took: 0.0000216 seconds
67.163: [GC (Allocation Failure)  77421K->653K(419328K), 0.0005212 secs]
67.164: Total time for which application threads were stopped: 0.0006712 seconds, Stopping threads took: 0.0000212 seconds
67.218: [GC (Allocation Failure)  76429K->621K(418304K), 0.0006738 secs]
67.218: Total time for which application threads were stopped: 0.0008337 seconds, Stopping threads took: 0.0000213 seconds
67.271: [GC (Allocation Failure)  75373K->685K(417280K), 0.0005530 secs]
67.272: Total time for which application threads were stopped: 0.0006967 seconds, Stopping threads took: 0.0000235 seconds
67.319: [GC (Allocation Failure)  74413K->685K(416256K), 0.0004714 secs]
67.320: Total time for which application threads were stopped: 0.0006067 seconds, Stopping threads took: 0.0000278 seconds
67.367: [GC (Allocation Failure)  73389K->653K(415232K), 0.0005828 secs]
67.367: Total time for which application threads were stopped: 0.0007218 seconds, Stopping threads took: 0.0000277 seconds
67.413: [GC (Allocation Failure)  72333K->685K(414208K), 0.0004948 secs]
67.414: Total time for which application threads were stopped: 0.0006408 seconds, Stopping threads took: 0.0000278 seconds
67.463: [GC (Allocation Failure)  71341K->685K(413184K), 0.0005011 secs]
67.463: Total time for which application threads were stopped: 0.0006294 seconds, Stopping threads took: 0.0000195 seconds
67.508: [GC (Allocation Failure)  70317K->685K(412160K), 0.0005109 secs]
67.509: Total time for which application threads were stopped: 0.0006489 seconds, Stopping threads took: 0.0000287 seconds
67.560: [GC (Allocation Failure)  69293K->653K(411136K), 0.0003859 secs]
67.560: Total time for which application threads were stopped: 0.0005121 seconds, Stopping threads took: 0.0000255 seconds
67.604: [GC (Allocation Failure)  68237K->685K(410112K), 0.0004597 secs]
67.604: Total time for which application threads were stopped: 0.0005952 seconds, Stopping threads took: 0.0000279 seconds
67.652: [GC (Allocation Failure)  67245K->653K(409088K), 0.0005097 secs]
67.653: Total time for which application threads were stopped: 0.0006679 seconds, Stopping threads took: 0.0000252 seconds
67.697: [GC (Allocation Failure)  66189K->653K(408064K), 0.0006332 secs]
67.698: Total time for which application threads were stopped: 0.0007538 seconds, Stopping threads took: 0.0000199 seconds
67.742: [GC (Allocation Failure)  65165K->653K(407040K), 0.0004953 secs]
67.743: Total time for which application threads were stopped: 0.0006151 seconds, Stopping threads took: 0.0000199 seconds
67.787: [GC (Allocation Failure)  64141K->717K(406016K), 0.0005610 secs]
67.787: Total time for which application threads were stopped: 0.0007046 seconds, Stopping threads took: 0.0000227 seconds
67.831: [GC (Allocation Failure)  63181K->621K(418816K), 0.0006236 secs]
67.831: Total time for which application threads were stopped: 0.0007531 seconds, Stopping threads took: 0.0000209 seconds
67.880: [GC (Allocation Failure)  75885K->685K(417792K), 0.0005017 secs]
67.880: Total time for which application threads were stopped: 0.0006484 seconds, Stopping threads took: 0.0000288 seconds
67.928: [GC (Allocation Failure)  74925K->653K(416768K), 0.0005299 secs]
67.929: Total time for which application threads were stopped: 0.0006678 seconds, Stopping threads took: 0.0000278 seconds
67.980: [GC (Allocation Failure)  73869K->685K(415744K), 0.0005489 secs]
67.981: Total time for which application threads were stopped: 0.0006904 seconds, Stopping threads took: 0.0000219 seconds
68.028: [GC (Allocation Failure)  72877K->653K(414720K), 0.0006026 secs]
68.029: Total time for which application threads were stopped: 0.0007414 seconds, Stopping threads took: 0.0000299 seconds
68.079: [GC (Allocation Failure)  71821K->749K(413696K), 0.0004782 secs]
68.079: Total time for which application threads were stopped: 0.0006143 seconds, Stopping threads took: 0.0000265 seconds
68.130: [GC (Allocation Failure)  70893K->653K(412672K), 0.0004965 secs]
68.130: Total time for which application threads were stopped: 0.0006336 seconds, Stopping threads took: 0.0000284 seconds
68.180: [GC (Allocation Failure)  69773K->653K(411648K), 0.0005143 secs]
68.181: Total time for which application threads were stopped: 0.0006780 seconds, Stopping threads took: 0.0000297 seconds
68.225: [GC (Allocation Failure)  68749K->653K(410624K), 0.0005230 secs]
68.225: Total time for which application threads were stopped: 0.0006739 seconds, Stopping threads took: 0.0000220 seconds
68.268: [GC (Allocation Failure)  67725K->685K(409600K), 0.0004888 secs]
68.269: Total time for which application threads were stopped: 0.0006228 seconds, Stopping threads took: 0.0000282 seconds
68.315: [GC (Allocation Failure)  66733K->685K(408576K), 0.0005018 secs]
68.315: Total time for which application threads were stopped: 0.0006247 seconds, Stopping threads took: 0.0000167 seconds
68.357: [GC (Allocation Failure)  65709K->685K(421888K), 0.0006188 secs]
68.358: Total time for which application threads were stopped: 0.0007495 seconds, Stopping threads took: 0.0000199 seconds
68.408: [GC (Allocation Failure)  79021K->653K(420864K), 0.0005236 secs]
68.409: Total time for which application threads were stopped: 0.0006855 seconds, Stopping threads took: 0.0000295 seconds
68.458: [GC (Allocation Failure)  77965K->685K(436736K), 0.0007958 secs]
68.459: Total time for which application threads were stopped: 0.0009572 seconds, Stopping threads took: 0.0000230 seconds
68.519: [GC (Allocation Failure)  93869K->685K(455680K), 0.0005375 secs]
68.519: Total time for which application threads were stopped: 0.0007082 seconds, Stopping threads took: 0.0000232 seconds
68.597: [GC (Allocation Failure)  112813K->685K(453120K), 0.0005510 secs]
68.598: Total time for which application threads were stopped: 0.0007203 seconds, Stopping threads took: 0.0000244 seconds
68.675: [GC (Allocation Failure)  110253K->653K(451072K), 0.0005398 secs]
68.675: Total time for which application threads were stopped: 0.0006378 seconds, Stopping threads took: 0.0000150 seconds
68.743: [GC (Allocation Failure)  108173K->749K(449024K), 0.0004728 secs]
68.743: Total time for which application threads were stopped: 0.0005723 seconds, Stopping threads took: 0.0000171 seconds
68.813: [GC (Allocation Failure)  106221K->685K(446976K), 0.0005052 secs]
68.814: Total time for which application threads were stopped: 0.0006349 seconds, Stopping threads took: 0.0000282 seconds
68.884: [GC (Allocation Failure)  104109K->653K(444928K), 0.0004660 secs]
68.885: Total time for which application threads were stopped: 0.0005965 seconds, Stopping threads took: 0.0000285 seconds
68.949: [GC (Allocation Failure)  102029K->653K(442880K), 0.0004942 secs]
68.949: Total time for which application threads were stopped: 0.0006210 seconds, Stopping threads took: 0.0000197 seconds
69.012: [GC (Allocation Failure)  99981K->717K(440832K), 0.0005185 secs]
69.012: Total time for which application threads were stopped: 0.0006670 seconds, Stopping threads took: 0.0000318 seconds
69.074: [GC (Allocation Failure)  97997K->653K(438784K), 0.0006147 secs]
69.074: Total time for which application threads were stopped: 0.0007339 seconds, Stopping threads took: 0.0000193 seconds
69.137: [GC (Allocation Failure)  95885K->685K(437248K), 0.0004576 secs]
69.138: Total time for which application threads were stopped: 0.0005751 seconds, Stopping threads took: 0.0000199 seconds
69.197: [GC (Allocation Failure)  94381K->653K(435712K), 0.0005382 secs]
69.197: Total time for which application threads were stopped: 0.0006557 seconds, Stopping threads took: 0.0000196 seconds
69.255: [GC (Allocation Failure)  92813K->621K(434176K), 0.0005927 secs]
69.256: Total time for which application threads were stopped: 0.0007274 seconds, Stopping threads took: 0.0000205 seconds
69.319: [GC (Allocation Failure)  91245K->621K(432640K), 0.0005148 secs]
69.319: Total time for which application threads were stopped: 0.0006678 seconds, Stopping threads took: 0.0000303 seconds
69.380: [GC (Allocation Failure)  89709K->685K(431104K), 0.0005071 secs]
69.381: Total time for which application threads were stopped: 0.0006534 seconds, Stopping threads took: 0.0000225 seconds
69.436: [GC (Allocation Failure)  88237K->717K(429568K), 0.0005155 secs]
69.437: Total time for which application threads were stopped: 0.0006441 seconds, Stopping threads took: 0.0000276 seconds
69.495: [GC (Allocation Failure)  86733K->653K(428032K), 0.0005255 secs]
69.496: Total time for which application threads were stopped: 0.0006744 seconds, Stopping threads took: 0.0000224 seconds
69.550: [GC (Allocation Failure)  85133K->685K(426496K), 0.0004428 secs]
69.550: Total time for which application threads were stopped: 0.0005719 seconds, Stopping threads took: 0.0000260 seconds
69.608: [GC (Allocation Failure)  83629K->653K(424960K), 0.0006039 secs]
69.609: Total time for which application threads were stopped: 0.0007461 seconds, Stopping threads took: 0.0000273 seconds
69.666: [GC (Allocation Failure)  82061K->621K(423424K), 0.0005931 secs]
69.666: Total time for which application threads were stopped: 0.0007117 seconds, Stopping threads took: 0.0000259 seconds
69.720: [GC (Allocation Failure)  80493K->653K(422400K), 0.0004534 secs]
69.720: Total time for which application threads were stopped: 0.0005772 seconds, Stopping threads took: 0.0000276 seconds
69.770: [GC (Allocation Failure)  79501K->621K(421376K), 0.0006259 secs]
69.770: Total time for which application threads were stopped: 0.0007435 seconds, Stopping threads took: 0.0000199 seconds
69.823: [GC (Allocation Failure)  78445K->621K(420352K), 0.0005975 secs]
69.823: Total time for which application threads were stopped: 0.0007216 seconds, Stopping threads took: 0.0000273 seconds
69.878: [GC (Allocation Failure)  77421K->685K(419328K), 0.0004719 secs]
69.878: Total time for which application threads were stopped: 0.0005966 seconds, Stopping threads took: 0.0000202 seconds
69.926: [GC (Allocation Failure)  76461K->653K(418304K), 0.0004930 secs]
69.926: Total time for which application threads were stopped: 0.0006207 seconds, Stopping threads took: 0.0000273 seconds
69.973: [GC (Allocation Failure)  75405K->749K(417280K), 0.0005129 secs]
69.974: Total time for which application threads were stopped: 0.0006393 seconds, Stopping threads took: 0.0000277 seconds
70.023: [GC (Allocation Failure)  74477K->653K(416256K), 0.0004689 secs]
70.024: Total time for which application threads were stopped: 0.0005943 seconds, Stopping threads took: 0.0000278 seconds
70.070: [GC (Allocation Failure)  73357K->685K(415232K), 0.0005340 secs]
70.070: Total time for which application threads were stopped: 0.0006799 seconds, Stopping threads took: 0.0000282 seconds
70.118: [GC (Allocation Failure)  72365K->749K(414208K), 0.0004890 secs]
70.119: Total time for which application threads were stopped: 0.0006174 seconds, Stopping threads took: 0.0000279 seconds
70.164: [GC (Allocation Failure)  71405K->685K(413184K), 0.0005086 secs]
70.164: Total time for which application threads were stopped: 0.0006296 seconds, Stopping threads took: 0.0000203 seconds
70.208: [GC (Allocation Failure)  70317K->717K(412160K), 0.0004829 secs]
70.209: Total time for which application threads were stopped: 0.0006184 seconds, Stopping threads took: 0.0000281 seconds
70.252: [GC (Allocation Failure)  69325K->621K(411136K), 0.0006453 secs]
70.253: Total time for which application threads were stopped: 0.0007873 seconds, Stopping threads took: 0.0000304 seconds
70.296: [GC (Allocation Failure)  68205K->653K(410112K), 0.0005184 secs]
70.297: Total time for which application threads were stopped: 0.0006742 seconds, Stopping threads took: 0.0000297 seconds
70.347: [GC (Allocation Failure)  67213K->717K(423424K), 0.0006410 secs]
70.347: Total time for which application threads were stopped: 0.0007649 seconds, Stopping threads took: 0.0000173 seconds
70.405: [GC (Allocation Failure)  80589K->653K(422400K), 0.0005195 secs]
70.405: Total time for which application threads were stopped: 0.0006894 seconds, Stopping threads took: 0.0000209 seconds
70.456: [GC (Allocation Failure)  79501K->685K(421376K), 0.0005233 secs]
70.456: Total time for which application threads were stopped: 0.0006821 seconds, Stopping threads took: 0.0000304 seconds
70.506: [GC (Allocation Failure)  78509K->685K(420352K), 0.0005350 secs]
70.507: Total time for which application threads were stopped: 0.0007005 seconds, Stopping threads took: 0.0000318 seconds
70.557: [GC (Allocation Failure)  77485K->653K(419328K), 0.0004717 secs]
70.557: Total time for which application threads were stopped: 0.0005955 seconds, Stopping threads took: 0.0000253 seconds
70.606: [GC (Allocation Failure)  76429K->653K(418304K), 0.0004422 secs]
70.606: Total time for which application threads were stopped: 0.0005708 seconds, Stopping threads took: 0.0000252 seconds
70.661: [GC (Allocation Failure)  75405K->717K(417280K), 0.0005169 secs]
70.661: Total time for which application threads were stopped: 0.0006609 seconds, Stopping threads took: 0.0000278 seconds
70.709: [GC (Allocation Failure)  74445K->685K(416256K), 0.0004630 secs]
70.709: Total time for which application threads were stopped: 0.0005788 seconds, Stopping threads took: 0.0000192 seconds
70.758: [GC (Allocation Failure)  73389K->653K(415232K), 0.0004783 secs]
70.759: Total time for which application threads were stopped: 0.0005982 seconds, Stopping threads took: 0.0000196 seconds
70.810: [GC (Allocation Failure)  72333K->717K(414208K), 0.0005955 secs]
70.811: Total time for which application threads were stopped: 0.0007260 seconds, Stopping threads took: 0.0000285 seconds
70.856: [GC (Allocation Failure)  71373K->621K(413184K), 0.0004701 secs]
70.856: Total time for which application threads were stopped: 0.0006030 seconds, Stopping threads took: 0.0000203 seconds
70.906: [GC (Allocation Failure)  70253K->653K(412160K), 0.0005128 secs]
70.907: Total time for which application threads were stopped: 0.0006581 seconds, Stopping threads took: 0.0000218 seconds
70.957: [GC (Allocation Failure)  69261K->717K(411136K), 0.0006131 secs]
70.957: Total time for which application threads were stopped: 0.0007536 seconds, Stopping threads took: 0.0000219 seconds
71.000: [GC (Allocation Failure)  68301K->621K(410112K), 0.0005798 secs]
71.001: Total time for which application threads were stopped: 0.0007048 seconds, Stopping threads took: 0.0000214 seconds
71.043: [GC (Allocation Failure)  67181K->717K(423424K), 0.0006102 secs]
71.044: Total time for which application threads were stopped: 0.0007406 seconds, Stopping threads took: 0.0000281 seconds
71.096: [GC (Allocation Failure)  80589K->653K(422400K), 0.0004248 secs]
71.097: Total time for which application threads were stopped: 0.0005633 seconds, Stopping threads took: 0.0000257 seconds
71.146: [GC (Allocation Failure)  79501K->685K(421376K), 0.0004693 secs]
71.147: Total time for which application threads were stopped: 0.0005935 seconds, Stopping threads took: 0.0000208 seconds
71.197: [GC (Allocation Failure)  78509K->621K(420352K), 0.0006633 secs]
71.197: Total time for which application threads were stopped: 0.0008033 seconds, Stopping threads took: 0.0000208 seconds
71.246: [GC (Allocation Failure)  77421K->621K(419328K), 0.0004608 secs]
71.247: Total time for which application threads were stopped: 0.0005930 seconds, Stopping threads took: 0.0000208 seconds
71.299: [GC (Allocation Failure)  76397K->621K(418304K), 0.0005036 secs]
71.300: Total time for which application threads were stopped: 0.0006427 seconds, Stopping threads took: 0.0000162 seconds
71.348: [GC (Allocation Failure)  75373K->653K(417280K), 0.0005497 secs]
71.349: Total time for which application threads were stopped: 0.0007063 seconds, Stopping threads took: 0.0000226 seconds
71.403: [GC (Allocation Failure)  74381K->621K(416256K), 0.0005624 secs]
71.404: Total time for which application threads were stopped: 0.0007110 seconds, Stopping threads took: 0.0000314 seconds
71.457: [GC (Allocation Failure)  73325K->621K(415232K), 0.0005300 secs]
71.457: Total time for which application threads were stopped: 0.0006887 seconds, Stopping threads took: 0.0000295 seconds
71.509: [GC (Allocation Failure)  72301K->685K(414208K), 0.0006582 secs]
71.510: Total time for which application threads were stopped: 0.0008221 seconds, Stopping threads took: 0.0000227 seconds
71.562: [GC (Allocation Failure)  71341K->653K(413184K), 0.0004190 secs]
71.562: Total time for which application threads were stopped: 0.0005487 seconds, Stopping threads took: 0.0000272 seconds
71.607: [GC (Allocation Failure)  70285K->685K(412160K), 0.0006107 secs]
71.608: Total time for which application threads were stopped: 0.0007661 seconds, Stopping threads took: 0.0000296 seconds
71.658: [GC (Allocation Failure)  69293K->685K(411136K), 0.0006411 secs]
71.659: Total time for which application threads were stopped: 0.0007679 seconds, Stopping threads took: 0.0000252 seconds
71.703: [GC (Allocation Failure)  68269K->685K(410112K), 0.0004770 secs]
71.703: Total time for which application threads were stopped: 0.0006004 seconds, Stopping threads took: 0.0000274 seconds
71.745: [GC (Allocation Failure)  67245K->685K(409088K), 0.0004914 secs]
71.746: Total time for which application threads were stopped: 0.0006196 seconds, Stopping threads took: 0.0000200 seconds
71.788: [GC (Allocation Failure)  66221K->653K(408064K), 0.0004862 secs]
71.788: Total time for which application threads were stopped: 0.0006214 seconds, Stopping threads took: 0.0000273 seconds
71.835: [GC (Allocation Failure)  65165K->685K(407040K), 0.0004871 secs]
71.835: Total time for which application threads were stopped: 0.0006234 seconds, Stopping threads took: 0.0000289 seconds
71.876: [GC (Allocation Failure)  64173K->717K(406016K), 0.0004146 secs]
71.876: Total time for which application threads were stopped: 0.0005414 seconds, Stopping threads took: 0.0000197 seconds
71.917: [GC (Allocation Failure)  63181K->653K(405504K), 0.0004818 secs]
71.917: Total time for which application threads were stopped: 0.0006139 seconds, Stopping threads took: 0.0000275 seconds
71.963: [GC (Allocation Failure)  62605K->621K(404992K), 0.0004932 secs]
71.964: Total time for which application threads were stopped: 0.0006349 seconds, Stopping threads took: 0.0000200 seconds
72.003: [GC (Allocation Failure)  62061K->685K(404480K), 0.0005102 secs]
72.004: Total time for which application threads were stopped: 0.0006495 seconds, Stopping threads took: 0.0000208 seconds
72.043: [GC (Allocation Failure)  61613K->621K(416768K), 0.0006698 secs]
72.044: Total time for which application threads were stopped: 0.0008233 seconds, Stopping threads took: 0.0000292 seconds
72.096: [GC (Allocation Failure)  73837K->653K(431616K), 0.0005034 secs]
72.096: Total time for which application threads were stopped: 0.0006543 seconds, Stopping threads took: 0.0000292 seconds
72.157: [GC (Allocation Failure)  88717K->653K(430080K), 0.0005125 secs]
72.158: Total time for which application threads were stopped: 0.0006709 seconds, Stopping threads took: 0.0000299 seconds
72.217: [GC (Allocation Failure)  87181K->653K(428544K), 0.0007590 secs]
72.217: Total time for which application threads were stopped: 0.0009083 seconds, Stopping threads took: 0.0000232 seconds
72.272: [GC (Allocation Failure)  85645K->685K(427008K), 0.0005446 secs]
72.273: Total time for which application threads were stopped: 0.0007038 seconds, Stopping threads took: 0.0000300 seconds
72.326: [GC (Allocation Failure)  84141K->685K(425472K), 0.0005922 secs]
72.327: Total time for which application threads were stopped: 0.0007486 seconds, Stopping threads took: 0.0000306 seconds
72.380: [GC (Allocation Failure)  82605K->653K(423936K), 0.0006605 secs]
72.380: Total time for which application threads were stopped: 0.0008216 seconds, Stopping threads took: 0.0000312 seconds
72.432: [GC (Allocation Failure)  81037K->685K(422400K), 0.0005334 secs]
72.432: Total time for which application threads were stopped: 0.0006966 seconds, Stopping threads took: 0.0000317 seconds
72.483: [GC (Allocation Failure)  79533K->685K(421376K), 0.0005299 secs]
72.484: Total time for which application threads were stopped: 0.0006800 seconds, Stopping threads took: 0.0000200 seconds
72.534: [GC (Allocation Failure)  78509K->685K(420352K), 0.0005166 secs]
72.534: Total time for which application threads were stopped: 0.0006677 seconds, Stopping threads took: 0.0000312 seconds
72.584: [GC (Allocation Failure)  77485K->685K(419328K), 0.0004875 secs]
72.585: Total time for which application threads were stopped: 0.0006208 seconds, Stopping threads took: 0.0000202 seconds
72.634: [GC (Allocation Failure)  76461K->685K(418304K), 0.0004558 secs]
72.635: Total time for which application threads were stopped: 0.0006081 seconds, Stopping threads took: 0.0000255 seconds
72.683: [GC (Allocation Failure)  75437K->653K(417280K), 0.0004579 secs]
72.684: Total time for which application threads were stopped: 0.0005961 seconds, Stopping threads took: 0.0000185 seconds
72.730: [GC (Allocation Failure)  74381K->685K(416256K), 0.0005261 secs]
72.731: Total time for which application threads were stopped: 0.0006282 seconds, Stopping threads took: 0.0000166 seconds
72.782: [GC (Allocation Failure)  73389K->717K(415232K), 0.0004512 secs]
72.783: Total time for which application threads were stopped: 0.0005596 seconds, Stopping threads took: 0.0000166 seconds
72.831: [GC (Allocation Failure)  72397K->685K(414208K), 0.0006345 secs]
72.832: Total time for which application threads were stopped: 0.0007679 seconds, Stopping threads took: 0.0000282 seconds
72.877: [GC (Allocation Failure)  71341K->685K(413184K), 0.0005091 secs]
72.878: Total time for which application threads were stopped: 0.0006395 seconds, Stopping threads took: 0.0000286 seconds
72.922: [GC (Allocation Failure)  70317K->685K(412160K), 0.0004587 secs]
72.923: Total time for which application threads were stopped: 0.0005862 seconds, Stopping threads took: 0.0000208 seconds
72.967: [GC (Allocation Failure)  69293K->653K(411136K), 0.0004985 secs]
72.967: Total time for which application threads were stopped: 0.0006324 seconds, Stopping threads took: 0.0000279 seconds
73.016: [GC (Allocation Failure)  68237K->685K(410112K), 0.0006902 secs]
73.017: Total time for which application threads were stopped: 0.0008313 seconds, Stopping threads took: 0.0000282 seconds
73.060: [GC (Allocation Failure)  67245K->653K(409088K), 0.0003732 secs]
73.060: Total time for which application threads were stopped: 0.0005099 seconds, Stopping threads took: 0.0000246 seconds
73.105: [GC (Allocation Failure)  66189K->653K(408064K), 0.0004934 secs]
73.106: Total time for which application threads were stopped: 0.0006301 seconds, Stopping threads took: 0.0000275 seconds
73.147: [GC (Allocation Failure)  65165K->653K(407040K), 0.0004991 secs]
73.148: Total time for which application threads were stopped: 0.0006370 seconds, Stopping threads took: 0.0000274 seconds
73.189: [GC (Allocation Failure)  64141K->685K(406016K), 0.0004631 secs]
73.189: Total time for which application threads were stopped: 0.0005945 seconds, Stopping threads took: 0.0000266 seconds
73.233: [GC (Allocation Failure)  63149K->749K(405504K), 0.0005021 secs]
73.234: Total time for which application threads were stopped: 0.0006306 seconds, Stopping threads took: 0.0000201 seconds
73.274: [GC (Allocation Failure)  62701K->685K(404992K), 0.0004892 secs]
73.275: Total time for which application threads were stopped: 0.0006169 seconds, Stopping threads took: 0.0000203 seconds
73.314: [GC (Allocation Failure)  62125K->685K(404480K), 0.0004974 secs]
73.315: Total time for which application threads were stopped: 0.0006353 seconds, Stopping threads took: 0.0000270 seconds
73.354: [GC (Allocation Failure)  61613K->653K(416768K), 0.0004999 secs]
73.355: Total time for which application threads were stopped: 0.0006359 seconds, Stopping threads took: 0.0000274 seconds
73.407: [GC (Allocation Failure)  73869K->685K(415744K), 0.0004998 secs]
73.408: Total time for which application threads were stopped: 0.0006460 seconds, Stopping threads took: 0.0000270 seconds
73.454: [GC (Allocation Failure)  72877K->621K(430592K), 0.0006349 secs]
73.455: Total time for which application threads were stopped: 0.0007845 seconds, Stopping threads took: 0.0000304 seconds
73.517: [GC (Allocation Failure)  87661K->653K(429056K), 0.0005852 secs]
73.518: Total time for which application threads were stopped: 0.0007411 seconds, Stopping threads took: 0.0000222 seconds
73.577: [GC (Allocation Failure)  86157K->653K(427520K), 0.0005176 secs]
73.578: Total time for which application threads were stopped: 0.0006827 seconds, Stopping threads took: 0.0000307 seconds
73.632: [GC (Allocation Failure)  84621K->717K(425984K), 0.0005232 secs]
73.632: Total time for which application threads were stopped: 0.0006758 seconds, Stopping threads took: 0.0000287 seconds
73.687: [GC (Allocation Failure)  83149K->653K(424448K), 0.0005148 secs]
73.687: Total time for which application threads were stopped: 0.0006462 seconds, Stopping threads took: 0.0000232 seconds
73.741: [GC (Allocation Failure)  81549K->717K(422912K), 0.0005233 secs]
73.742: Total time for which application threads were stopped: 0.0006651 seconds, Stopping threads took: 0.0000198 seconds
73.798: [GC (Allocation Failure)  80077K->685K(421888K), 0.0005523 secs]
73.799: Total time for which application threads were stopped: 0.0006842 seconds, Stopping threads took: 0.0000213 seconds
73.849: [GC (Allocation Failure)  79021K->717K(420864K), 0.0006388 secs]
73.849: Total time for which application threads were stopped: 0.0007728 seconds, Stopping threads took: 0.0000214 seconds
73.899: [GC (Allocation Failure)  78029K->621K(419840K), 0.0006782 secs]
73.900: Total time for which application threads were stopped: 0.0008356 seconds, Stopping threads took: 0.0000307 seconds
73.949: [GC (Allocation Failure)  76909K->653K(418816K), 0.0004297 secs]
73.949: Total time for which application threads were stopped: 0.0005777 seconds, Stopping threads took: 0.0000208 seconds
74.003: [GC (Allocation Failure)  75917K->685K(417792K), 0.0004780 secs]
74.003: Total time for which application threads were stopped: 0.0006168 seconds, Stopping threads took: 0.0000278 seconds
74.057: [GC (Allocation Failure)  74925K->653K(416768K), 0.0004662 secs]
74.057: Total time for which application threads were stopped: 0.0005983 seconds, Stopping threads took: 0.0000276 seconds
74.104: [GC (Allocation Failure)  73869K->685K(415744K), 0.0004853 secs]
74.105: Total time for which application threads were stopped: 0.0006260 seconds, Stopping threads took: 0.0000289 seconds
74.156: [GC (Allocation Failure)  72877K->685K(414720K), 0.0004793 secs]
74.156: Total time for which application threads were stopped: 0.0006165 seconds, Stopping threads took: 0.0000286 seconds
74.202: [GC (Allocation Failure)  71853K->749K(413696K), 0.0004786 secs]
74.203: Total time for which application threads were stopped: 0.0006141 seconds, Stopping threads took: 0.0000278 seconds
74.248: [GC (Allocation Failure)  70893K->717K(412672K), 0.0004719 secs]
74.248: Total time for which application threads were stopped: 0.0005999 seconds, Stopping threads took: 0.0000199 seconds
74.293: [GC (Allocation Failure)  69837K->685K(411648K), 0.0005166 secs]
74.293: Total time for which application threads were stopped: 0.0006554 seconds, Stopping threads took: 0.0000277 seconds
74.337: [GC (Allocation Failure)  68781K->685K(410624K), 0.0005034 secs]
74.338: Total time for which application threads were stopped: 0.0006317 seconds, Stopping threads took: 0.0000200 seconds
74.381: [GC (Allocation Failure)  67757K->685K(409600K), 0.0005616 secs]
74.382: Total time for which application threads were stopped: 0.0006916 seconds, Stopping threads took: 0.0000198 seconds
74.424: [GC (Allocation Failure)  66733K->685K(408576K), 0.0005067 secs]
74.425: Total time for which application threads were stopped: 0.0006274 seconds, Stopping threads took: 0.0000198 seconds
74.467: [GC (Allocation Failure)  65709K->621K(421888K), 0.0006651 secs]
74.467: Total time for which application threads were stopped: 0.0008381 seconds, Stopping threads took: 0.0000303 seconds
74.521: [GC (Allocation Failure)  78957K->653K(437760K), 0.0006813 secs]
74.521: Total time for which application threads were stopped: 0.0008359 seconds, Stopping threads took: 0.0000237 seconds
74.583: [GC (Allocation Failure)  94861K->621K(436224K), 0.0005465 secs]
74.583: Total time for which application threads were stopped: 0.0006829 seconds, Stopping threads took: 0.0000269 seconds
74.643: [GC (Allocation Failure)  93293K->653K(434688K), 0.0005052 secs]
74.644: Total time for which application threads were stopped: 0.0006559 seconds, Stopping threads took: 0.0000285 seconds
74.707: [GC (Allocation Failure)  91789K->653K(433152K), 0.0004505 secs]
74.707: Total time for which application threads were stopped: 0.0005521 seconds, Stopping threads took: 0.0000173 seconds
74.764: [GC (Allocation Failure)  90253K->717K(431616K), 0.0005006 secs]
74.764: Total time for which application threads were stopped: 0.0006073 seconds, Stopping threads took: 0.0000174 seconds
74.825: [GC (Allocation Failure)  88781K->653K(430080K), 0.0004916 secs]
74.825: Total time for which application threads were stopped: 0.0006223 seconds, Stopping threads took: 0.0000280 seconds
74.886: [GC (Allocation Failure)  87181K->717K(428544K), 0.0006473 secs]
74.887: Total time for which application threads were stopped: 0.0007702 seconds, Stopping threads took: 0.0000200 seconds
74.940: [GC (Allocation Failure)  85709K->685K(427008K), 0.0005238 secs]
74.941: Total time for which application threads were stopped: 0.0006606 seconds, Stopping threads took: 0.0000201 seconds
74.997: [GC (Allocation Failure)  84141K->749K(425472K), 0.0005500 secs]
74.998: Total time for which application threads were stopped: 0.0006943 seconds, Stopping threads took: 0.0000221 seconds
75.049: [GC (Allocation Failure)  82669K->621K(423936K), 0.0005617 secs]
75.050: Total time for which application threads were stopped: 0.0007115 seconds, Stopping threads took: 0.0000201 seconds
75.105: [GC (Allocation Failure)  81005K->653K(422400K), 0.0005507 secs]
75.106: Total time for which application threads were stopped: 0.0006895 seconds, Stopping threads took: 0.0000292 seconds
75.156: [GC (Allocation Failure)  79501K->653K(421376K), 0.0006639 secs]
75.156: Total time for which application threads were stopped: 0.0007954 seconds, Stopping threads took: 0.0000203 seconds
75.211: [GC (Allocation Failure)  78477K->685K(420352K), 0.0004924 secs]
75.212: Total time for which application threads were stopped: 0.0006292 seconds, Stopping threads took: 0.0000215 seconds
75.261: [GC (Allocation Failure)  77485K->653K(419328K), 0.0005027 secs]
75.262: Total time for which application threads were stopped: 0.0006523 seconds, Stopping threads took: 0.0000223 seconds
75.313: [GC (Allocation Failure)  76429K->621K(418304K), 0.0005251 secs]
75.314: Total time for which application threads were stopped: 0.0006598 seconds, Stopping threads took: 0.0000232 seconds
75.369: [GC (Allocation Failure)  75373K->653K(417280K), 0.0005307 secs]
75.369: Total time for which application threads were stopped: 0.0006861 seconds, Stopping threads took: 0.0000279 seconds
75.423: [GC (Allocation Failure)  74381K->653K(416256K), 0.0006607 secs]
75.424: Total time for which application threads were stopped: 0.0007926 seconds, Stopping threads took: 0.0000280 seconds
75.474: [GC (Allocation Failure)  73357K->685K(415232K), 0.0004126 secs]
75.475: Total time for which application threads were stopped: 0.0005374 seconds, Stopping threads took: 0.0000197 seconds
75.521: [GC (Allocation Failure)  72365K->653K(414208K), 0.0004999 secs]
75.521: Total time for which application threads were stopped: 0.0006507 seconds, Stopping threads took: 0.0000280 seconds
75.572: [GC (Allocation Failure)  71309K->621K(413184K), 0.0004423 secs]
75.573: Total time for which application threads were stopped: 0.0005871 seconds, Stopping threads took: 0.0000293 seconds
75.621: [GC (Allocation Failure)  70253K->685K(412160K), 0.0006258 secs]
75.622: Total time for which application threads were stopped: 0.0007817 seconds, Stopping threads took: 0.0000302 seconds
75.667: [GC (Allocation Failure)  69293K->621K(411136K), 0.0004650 secs]
75.667: Total time for which application threads were stopped: 0.0005800 seconds, Stopping threads took: 0.0000256 seconds
75.710: [GC (Allocation Failure)  68205K->621K(410112K), 0.0006367 secs]
75.711: Total time for which application threads were stopped: 0.0007654 seconds, Stopping threads took: 0.0000203 seconds
75.757: [GC (Allocation Failure)  67181K->685K(409088K), 0.0004536 secs]
75.757: Total time for which application threads were stopped: 0.0005738 seconds, Stopping threads took: 0.0000196 seconds
75.799: [GC (Allocation Failure)  66221K->653K(408064K), 0.0004916 secs]
75.800: Total time for which application threads were stopped: 0.0006328 seconds, Stopping threads took: 0.0000290 seconds
75.841: [GC (Allocation Failure)  65165K->685K(407040K), 0.0005459 secs]
75.842: Total time for which application threads were stopped: 0.0006971 seconds, Stopping threads took: 0.0000301 seconds
75.883: [GC (Allocation Failure)  64173K->653K(419840K), 0.0007098 secs]
75.883: Total time for which application threads were stopped: 0.0008588 seconds, Stopping threads took: 0.0000311 seconds
75.932: [GC (Allocation Failure)  76941K->685K(435200K), 0.0005880 secs]
75.933: Total time for which application threads were stopped: 0.0007276 seconds, Stopping threads took: 0.0000288 seconds
75.998: [GC (Allocation Failure)  92333K->717K(453632K), 0.0007978 secs]
75.998: Total time for which application threads were stopped: 0.0009338 seconds, Stopping threads took: 0.0000198 seconds
76.076: [GC (Allocation Failure)  110797K->653K(451584K), 0.0003991 secs]
76.077: Total time for which application threads were stopped: 0.0005427 seconds, Stopping threads took: 0.0000267 seconds
76.146: [GC (Allocation Failure)  108685K->589K(449536K), 0.0005919 secs]
76.147: Total time for which application threads were stopped: 0.0007219 seconds, Stopping threads took: 0.0000262 seconds
76.220: [GC (Allocation Failure)  106573K->685K(447488K), 0.0005016 secs]
76.221: Total time for which application threads were stopped: 0.0006193 seconds, Stopping threads took: 0.0000173 seconds
76.287: [GC (Allocation Failure)  104621K->621K(445440K), 0.0004945 secs]
76.288: Total time for which application threads were stopped: 0.0006278 seconds, Stopping threads took: 0.0000272 seconds
76.358: [GC (Allocation Failure)  102509K->685K(443392K), 0.0004622 secs]
76.359: Total time for which application threads were stopped: 0.0005964 seconds, Stopping threads took: 0.0000274 seconds
76.422: [GC (Allocation Failure)  100525K->685K(441344K), 0.0006288 secs]
76.423: Total time for which application threads were stopped: 0.0007627 seconds, Stopping threads took: 0.0000273 seconds
76.491: [GC (Allocation Failure)  98477K->653K(439296K), 0.0004862 secs]
76.492: Total time for which application threads were stopped: 0.0006214 seconds, Stopping threads took: 0.0000278 seconds
76.558: [GC (Allocation Failure)  96397K->685K(437760K), 0.0004183 secs]
76.559: Total time for which application threads were stopped: 0.0005446 seconds, Stopping threads took: 0.0000268 seconds
76.619: [GC (Allocation Failure)  94893K->621K(436224K), 0.0006120 secs]
76.620: Total time for which application threads were stopped: 0.0007474 seconds, Stopping threads took: 0.0000285 seconds
76.685: [GC (Allocation Failure)  93293K->653K(434688K), 0.0004903 secs]
76.685: Total time for which application threads were stopped: 0.0006181 seconds, Stopping threads took: 0.0000272 seconds
76.748: [GC (Allocation Failure)  91789K->653K(433152K), 0.0004933 secs]
76.749: Total time for which application threads were stopped: 0.0006169 seconds, Stopping threads took: 0.0000201 seconds
76.809: [GC (Allocation Failure)  90253K->621K(431616K), 0.0005889 secs]
76.810: Total time for which application threads were stopped: 0.0007041 seconds, Stopping threads took: 0.0000191 seconds
