Java HotSpot(TM) 64-Bit Server VM (25.171-b11) for linux-amd64 JRE (1.8.0_171-b11), built on Mar 28 2018 17:07:08 by "java_re" with gcc 4.3.0 20080428 (Red Hat 4.3.0-8)
Memory: 4k page, physical 32883000k(29628264k free), swap 8000508k(8000508k free)
CommandLine flags: -XX:InitialHeapSize=526128000 -XX:MaxHeapSize=8418048000 -XX:+PrintGC -XX:+PrintGCApplicationStoppedTime -XX:+PrintGCTimeStamps -XX:+UseCompressedClassPointers -XX:+UseCompressedOops -XX:+UseParallelGC 
0.393: [GC (Allocation Failure)  129024K->2413K(493056K), 0.0019403 secs]
0.395: Total time for which application threads were stopped: 0.0021260 seconds, Stopping threads took: 0.0000216 seconds
0.484: [GC (Allocation Failure)  131437K->576K(493056K), 0.0008962 secs]
0.485: Total time for which application threads were stopped: 0.0010452 seconds, Stopping threads took: 0.0000215 seconds
0.570: [GC (Allocation Failure)  129600K->576K(493056K), 0.0010481 secs]
0.571: Total time for which application threads were stopped: 0.0011966 seconds, Stopping threads took: 0.0000296 seconds
0.656: [GC (Allocation Failure)  129600K->584K(493056K), 0.0009004 secs]
0.657: Total time for which application threads were stopped: 0.0010351 seconds, Stopping threads took: 0.0000278 seconds
0.739: [GC (Allocation Failure)  129608K->616K(470016K), 0.0008700 secs]
0.740: Total time for which application threads were stopped: 0.0009789 seconds, Stopping threads took: 0.0000180 seconds
0.825: [GC (Allocation Failure)  126568K->584K(466944K), 0.0009691 secs]
0.826: Total time for which application threads were stopped: 0.0010821 seconds, Stopping threads took: 0.0000180 seconds
0.903: [GC (Allocation Failure)  123464K->617K(463872K), 0.0010854 secs]
0.904: Total time for which application threads were stopped: 0.0012220 seconds, Stopping threads took: 0.0000284 seconds
0.982: [GC (Allocation Failure)  120937K->617K(461312K), 0.0005107 secs]
0.983: Total time for which application threads were stopped: 0.0006348 seconds, Stopping threads took: 0.0000272 seconds
1.063: [GC (Allocation Failure)  118377K->617K(460800K), 0.0005551 secs]
1.063: Total time for which application threads were stopped: 0.0006675 seconds, Stopping threads took: 0.0000168 seconds
1.136: [GC (Allocation Failure)  115817K->617K(456192K), 0.0005021 secs]
1.136: Total time for which application threads were stopped: 0.0006208 seconds, Stopping threads took: 0.0000261 seconds
1.213: [GC (Allocation Failure)  113257K->617K(455168K), 0.0003761 secs]
1.213: Total time for which application threads were stopped: 0.0004990 seconds, Stopping threads took: 0.0000265 seconds
1.290: [GC (Allocation Failure)  110697K->617K(451584K), 0.0005604 secs]
1.291: Total time for which application threads were stopped: 0.0006735 seconds, Stopping threads took: 0.0000231 seconds
1.361: [GC (Allocation Failure)  108649K->649K(451072K), 0.0005865 secs]
1.362: Total time for which application threads were stopped: 0.0007173 seconds, Stopping threads took: 0.0000208 seconds
1.430: [GC (Allocation Failure)  106633K->649K(447488K), 0.0005099 secs]
1.430: Total time for which application threads were stopped: 0.0006333 seconds, Stopping threads took: 0.0000283 seconds
1.496: [GC (Allocation Failure)  104585K->649K(446976K), 0.0004974 secs]
1.496: Total time for which application threads were stopped: 0.0006331 seconds, Stopping threads took: 0.0000196 seconds
1.561: [GC (Allocation Failure)  102537K->649K(443392K), 0.0005721 secs]
1.561: Total time for which application threads were stopped: 0.0006963 seconds, Stopping threads took: 0.0000272 seconds
1.630: [GC (Allocation Failure)  100489K->649K(442880K), 0.0004775 secs]
1.631: Total time for which application threads were stopped: 0.0006012 seconds, Stopping threads took: 0.0000275 seconds
1.692: [GC (Allocation Failure)  98441K->649K(439296K), 0.0004615 secs]
1.693: Total time for which application threads were stopped: 0.0005957 seconds, Stopping threads took: 0.0000272 seconds
1.759: [GC (Allocation Failure)  96393K->617K(438784K), 0.0005884 secs]
1.759: Total time for which application threads were stopped: 0.0007487 seconds, Stopping threads took: 0.0000259 seconds
1.824: [GC (Allocation Failure)  94825K->649K(436224K), 0.0006233 secs]
1.825: Total time for which application threads were stopped: 0.0007397 seconds, Stopping threads took: 0.0000194 seconds
1.883: [GC (Allocation Failure)  93321K->649K(435712K), 0.0005171 secs]
1.884: Total time for which application threads were stopped: 0.0006463 seconds, Stopping threads took: 0.0000224 seconds
1.947: [GC (Allocation Failure)  91785K->649K(433152K), 0.0006235 secs]
1.947: Total time for which application threads were stopped: 0.0007476 seconds, Stopping threads took: 0.0000269 seconds
2.010: [GC (Allocation Failure)  90249K->617K(432640K), 0.0004821 secs]
2.010: Total time for which application threads were stopped: 0.0006135 seconds, Stopping threads took: 0.0000201 seconds
2.069: [GC (Allocation Failure)  88681K->649K(430080K), 0.0006094 secs]
2.070: Total time for which application threads were stopped: 0.0007256 seconds, Stopping threads took: 0.0000195 seconds
2.129: [GC (Allocation Failure)  87177K->617K(429056K), 0.0005483 secs]
2.130: Total time for which application threads were stopped: 0.0006659 seconds, Stopping threads took: 0.0000203 seconds
2.190: [GC (Allocation Failure)  85609K->617K(427008K), 0.0003463 secs]
2.190: Total time for which application threads were stopped: 0.0004345 seconds, Stopping threads took: 0.0000160 seconds
2.246: [GC (Allocation Failure)  84073K->713K(425984K), 0.0004239 secs]
2.247: Total time for which application threads were stopped: 0.0005303 seconds, Stopping threads took: 0.0000174 seconds
2.302: [GC (Allocation Failure)  82633K->585K(423936K), 0.0004599 secs]
2.302: Total time for which application threads were stopped: 0.0005641 seconds, Stopping threads took: 0.0000170 seconds
2.353: [GC (Allocation Failure)  80969K->617K(422912K), 0.0004788 secs]
2.353: Total time for which application threads were stopped: 0.0005877 seconds, Stopping threads took: 0.0000175 seconds
2.403: [GC (Allocation Failure)  79465K->649K(421376K), 0.0006496 secs]
2.404: Total time for which application threads were stopped: 0.0007904 seconds, Stopping threads took: 0.0000269 seconds
2.458: [GC (Allocation Failure)  78473K->649K(420864K), 0.0006581 secs]
2.459: Total time for which application threads were stopped: 0.0007961 seconds, Stopping threads took: 0.0000293 seconds
2.513: [GC (Allocation Failure)  77449K->649K(419328K), 0.0005834 secs]
2.514: Total time for which application threads were stopped: 0.0007233 seconds, Stopping threads took: 0.0000213 seconds
2.562: [GC (Allocation Failure)  76425K->649K(418816K), 0.0005195 secs]
2.562: Total time for which application threads were stopped: 0.0006579 seconds, Stopping threads took: 0.0000293 seconds
2.609: [GC (Allocation Failure)  75401K->585K(417280K), 0.0005210 secs]
2.610: Total time for which application threads were stopped: 0.0006458 seconds, Stopping threads took: 0.0000273 seconds
2.656: [GC (Allocation Failure)  74313K->649K(416768K), 0.0005739 secs]
2.657: Total time for which application threads were stopped: 0.0006892 seconds, Stopping threads took: 0.0000192 seconds
2.708: [GC (Allocation Failure)  73353K->617K(415232K), 0.0004936 secs]
2.708: Total time for which application threads were stopped: 0.0006127 seconds, Stopping threads took: 0.0000189 seconds
2.754: [GC (Allocation Failure)  72297K->617K(414208K), 0.0004828 secs]
2.754: Total time for which application threads were stopped: 0.0006230 seconds, Stopping threads took: 0.0000266 seconds
2.800: [GC (Allocation Failure)  71273K->617K(413184K), 0.0004421 secs]
2.800: Total time for which application threads were stopped: 0.0005773 seconds, Stopping threads took: 0.0000251 seconds
2.844: [GC (Allocation Failure)  70249K->617K(412160K), 0.0005012 secs]
2.845: Total time for which application threads were stopped: 0.0006091 seconds, Stopping threads took: 0.0000162 seconds
2.888: [GC (Allocation Failure)  69225K->585K(411136K), 0.0006311 secs]
2.889: Total time for which application threads were stopped: 0.0007579 seconds, Stopping threads took: 0.0000192 seconds
2.936: [GC (Allocation Failure)  68169K->585K(410112K), 0.0004461 secs]
2.937: Total time for which application threads were stopped: 0.0005691 seconds, Stopping threads took: 0.0000281 seconds
2.984: [GC (Allocation Failure)  67145K->649K(409088K), 0.0006351 secs]
2.985: Total time for which application threads were stopped: 0.0007442 seconds, Stopping threads took: 0.0000170 seconds
3.033: [GC (Allocation Failure)  66185K->713K(423936K), 0.0006372 secs]
3.033: Total time for which application threads were stopped: 0.0007612 seconds, Stopping threads took: 0.0000274 seconds
3.091: [GC (Allocation Failure)  81097K->649K(422400K), 0.0004774 secs]
3.091: Total time for which application threads were stopped: 0.0005950 seconds, Stopping threads took: 0.0000197 seconds
3.141: [GC (Allocation Failure)  79497K->617K(421376K), 0.0004914 secs]
3.142: Total time for which application threads were stopped: 0.0006230 seconds, Stopping threads took: 0.0000197 seconds
3.194: [GC (Allocation Failure)  78441K->617K(420352K), 0.0003350 secs]
3.195: Total time for which application threads were stopped: 0.0004476 seconds, Stopping threads took: 0.0000259 seconds
3.243: [GC (Allocation Failure)  77417K->697K(419328K), 0.0004908 secs]
3.244: Total time for which application threads were stopped: 0.0006129 seconds, Stopping threads took: 0.0000193 seconds
3.291: [GC (Allocation Failure)  76473K->665K(418304K), 0.0004930 secs]
3.292: Total time for which application threads were stopped: 0.0006145 seconds, Stopping threads took: 0.0000191 seconds
3.339: [GC (Allocation Failure)  75417K->665K(417280K), 0.0004548 secs]
3.339: Total time for which application threads were stopped: 0.0005713 seconds, Stopping threads took: 0.0000195 seconds
3.386: [GC (Allocation Failure)  74393K->665K(416256K), 0.0004822 secs]
3.386: Total time for which application threads were stopped: 0.0005977 seconds, Stopping threads took: 0.0000187 seconds
3.432: [GC (Allocation Failure)  73369K->633K(415232K), 0.0004554 secs]
3.433: Total time for which application threads were stopped: 0.0005942 seconds, Stopping threads took: 0.0000269 seconds
3.478: [GC (Allocation Failure)  72313K->665K(414208K), 0.0005671 secs]
3.479: Total time for which application threads were stopped: 0.0006814 seconds, Stopping threads took: 0.0000185 seconds
3.528: [GC (Allocation Failure)  71321K->665K(413184K), 0.0004529 secs]
3.529: Total time for which application threads were stopped: 0.0005618 seconds, Stopping threads took: 0.0000180 seconds
3.573: [GC (Allocation Failure)  70297K->665K(412160K), 0.0005605 secs]
3.574: Total time for which application threads were stopped: 0.0006873 seconds, Stopping threads took: 0.0000194 seconds
3.620: [GC (Allocation Failure)  69273K->601K(411136K), 0.0005011 secs]
3.621: Total time for which application threads were stopped: 0.0006365 seconds, Stopping threads took: 0.0000271 seconds
3.663: [GC (Allocation Failure)  68185K->665K(410112K), 0.0004927 secs]
3.664: Total time for which application threads were stopped: 0.0006186 seconds, Stopping threads took: 0.0000194 seconds
3.706: [GC (Allocation Failure)  67225K->697K(409088K), 0.0005885 secs]
3.707: Total time for which application threads were stopped: 0.0007296 seconds, Stopping threads took: 0.0000277 seconds
3.749: [GC (Allocation Failure)  66233K->601K(422400K), 0.0076663 secs]
3.757: Total time for which application threads were stopped: 0.0078216 seconds, Stopping threads took: 0.0000256 seconds
3.808: [GC (Allocation Failure)  79449K->601K(438272K), 0.0004829 secs]
3.809: Total time for which application threads were stopped: 0.0006218 seconds, Stopping threads took: 0.0000196 seconds
3.869: [GC (Allocation Failure)  95321K->665K(457216K), 0.0005086 secs]
3.869: Total time for which application threads were stopped: 0.0006548 seconds, Stopping threads took: 0.0000305 seconds
3.940: [GC (Allocation Failure)  114329K->633K(475648K), 0.0004597 secs]
3.941: Total time for which application threads were stopped: 0.0005845 seconds, Stopping threads took: 0.0000175 seconds
4.024: [GC (Allocation Failure)  132729K->665K(480256K), 0.0006819 secs]
4.025: Total time for which application threads were stopped: 0.0008086 seconds, Stopping threads took: 0.0000196 seconds
4.057: Total time for which application threads were stopped: 0.0001303 seconds, Stopping threads took: 0.0000544 seconds
4.116: [GC (Allocation Failure)  137369K->665K(480256K), 0.0005256 secs]
4.116: Total time for which application threads were stopped: 0.0006627 seconds, Stopping threads took: 0.0000214 seconds
4.202: [GC (Allocation Failure)  137369K->633K(507904K), 0.0004440 secs]
4.203: Total time for which application threads were stopped: 0.0005750 seconds, Stopping threads took: 0.0000270 seconds
4.312: [GC (Allocation Failure)  164985K->665K(507904K), 0.0005529 secs]
4.312: Total time for which application threads were stopped: 0.0006947 seconds, Stopping threads took: 0.0000288 seconds
4.415: [GC (Allocation Failure)  165017K->665K(503808K), 0.0005862 secs]
4.416: Total time for which application threads were stopped: 0.0007198 seconds, Stopping threads took: 0.0000219 seconds
4.516: [GC (Allocation Failure)  160921K->633K(499712K), 0.0005093 secs]
4.517: Total time for which application threads were stopped: 0.0006592 seconds, Stopping threads took: 0.0000291 seconds
4.614: [GC (Allocation Failure)  156793K->697K(495616K), 0.0017159 secs]
4.616: Total time for which application threads were stopped: 0.0018341 seconds, Stopping threads took: 0.0000199 seconds
4.716: [GC (Allocation Failure)  152761K->697K(491520K), 0.0004538 secs]
4.716: Total time for which application threads were stopped: 0.0005713 seconds, Stopping threads took: 0.0000255 seconds
4.809: [GC (Allocation Failure)  148665K->601K(487936K), 0.0004945 secs]
4.810: Total time for which application threads were stopped: 0.0006281 seconds, Stopping threads took: 0.0000196 seconds
4.900: [GC (Allocation Failure)  144985K->665K(484352K), 0.0004776 secs]
4.901: Total time for which application threads were stopped: 0.0006082 seconds, Stopping threads took: 0.0000289 seconds
4.995: [GC (Allocation Failure)  141465K->729K(480768K), 0.0005561 secs]
4.996: Total time for which application threads were stopped: 0.0006945 seconds, Stopping threads took: 0.0000189 seconds
5.082: [GC (Allocation Failure)  137945K->633K(477696K), 0.0004780 secs]
5.083: Total time for which application threads were stopped: 0.0006061 seconds, Stopping threads took: 0.0000283 seconds
5.167: [GC (Allocation Failure)  134777K->633K(474624K), 0.0005035 secs]
5.167: Total time for which application threads were stopped: 0.0006187 seconds, Stopping threads took: 0.0000267 seconds
5.256: [GC (Allocation Failure)  131705K->633K(471552K), 0.0004346 secs]
5.256: Total time for which application threads were stopped: 0.0005615 seconds, Stopping threads took: 0.0000195 seconds
5.343: [GC (Allocation Failure)  128633K->697K(468480K), 0.0004400 secs]
5.343: Total time for which application threads were stopped: 0.0005670 seconds, Stopping threads took: 0.0000217 seconds
5.428: [GC (Allocation Failure)  125625K->665K(465408K), 0.0004735 secs]
5.428: Total time for which application threads were stopped: 0.0005996 seconds, Stopping threads took: 0.0000277 seconds
5.505: [GC (Allocation Failure)  122521K->633K(462848K), 0.0005179 secs]
5.505: Total time for which application threads were stopped: 0.0006457 seconds, Stopping threads took: 0.0000202 seconds
5.580: [GC (Allocation Failure)  119929K->633K(460288K), 0.0004864 secs]
5.581: Total time for which application threads were stopped: 0.0006254 seconds, Stopping threads took: 0.0000225 seconds
5.654: [GC (Allocation Failure)  117369K->633K(457728K), 0.0006120 secs]
5.655: Total time for which application threads were stopped: 0.0007604 seconds, Stopping threads took: 0.0000276 seconds
5.727: [GC (Allocation Failure)  114809K->697K(455168K), 0.0004426 secs]
5.727: Total time for which application threads were stopped: 0.0005776 seconds, Stopping threads took: 0.0000281 seconds
5.798: [GC (Allocation Failure)  112313K->601K(477696K), 0.0056674 secs]
5.803: Total time for which application threads were stopped: 0.0058575 seconds, Stopping threads took: 0.0000182 seconds
5.893: [GC (Allocation Failure)  134745K->601K(504832K), 0.0005153 secs]
5.893: Total time for which application threads were stopped: 0.0006410 seconds, Stopping threads took: 0.0000197 seconds
5.994: [GC (Allocation Failure)  161881K->601K(537088K), 0.0005734 secs]
5.994: Total time for which application threads were stopped: 0.0006854 seconds, Stopping threads took: 0.0000188 seconds
6.129: [GC (Allocation Failure)  194137K->633K(541184K), 0.0005361 secs]
6.129: Total time for which application threads were stopped: 0.0006727 seconds, Stopping threads took: 0.0000190 seconds
6.254: [GC (Allocation Failure)  198265K->633K(535552K), 0.0004349 secs]
6.255: Total time for which application threads were stopped: 0.0005573 seconds, Stopping threads took: 0.0000262 seconds
6.381: [GC (Allocation Failure)  192633K->665K(529920K), 0.0007181 secs]
6.382: Total time for which application threads were stopped: 0.0008659 seconds, Stopping threads took: 0.0000206 seconds
6.499: [GC (Allocation Failure)  187033K->601K(524800K), 0.0006307 secs]
6.499: Total time for which application threads were stopped: 0.0007651 seconds, Stopping threads took: 0.0000214 seconds
6.616: [GC (Allocation Failure)  181849K->601K(519680K), 0.0004890 secs]
6.617: Total time for which application threads were stopped: 0.0006196 seconds, Stopping threads took: 0.0000196 seconds
6.727: [GC (Allocation Failure)  176729K->601K(515072K), 0.0004747 secs]
6.728: Total time for which application threads were stopped: 0.0006064 seconds, Stopping threads took: 0.0000200 seconds
6.836: [GC (Allocation Failure)  172121K->665K(510464K), 0.0004398 secs]
6.836: Total time for which application threads were stopped: 0.0005745 seconds, Stopping threads took: 0.0000272 seconds
6.940: [GC (Allocation Failure)  167577K->665K(505856K), 0.0004658 secs]
6.941: Total time for which application threads were stopped: 0.0006043 seconds, Stopping threads took: 0.0000214 seconds
7.042: [GC (Allocation Failure)  162969K->665K(501760K), 0.0005075 secs]
7.043: Total time for which application threads were stopped: 0.0006237 seconds, Stopping threads took: 0.0000193 seconds
7.142: [GC (Allocation Failure)  158873K->665K(497664K), 0.0004853 secs]
7.142: Total time for which application threads were stopped: 0.0006092 seconds, Stopping threads took: 0.0000197 seconds
7.239: [GC (Allocation Failure)  154777K->697K(493568K), 0.0004525 secs]
7.240: Total time for which application threads were stopped: 0.0005716 seconds, Stopping threads took: 0.0000196 seconds
7.339: [GC (Allocation Failure)  150713K->665K(489984K), 0.0005286 secs]
7.339: Total time for which application threads were stopped: 0.0006359 seconds, Stopping threads took: 0.0000168 seconds
7.431: [GC (Allocation Failure)  147097K->569K(486400K), 0.0004987 secs]
7.431: Total time for which application threads were stopped: 0.0006164 seconds, Stopping threads took: 0.0000187 seconds
7.521: [GC (Allocation Failure)  143417K->665K(482816K), 0.0004302 secs]
7.521: Total time for which application threads were stopped: 0.0005577 seconds, Stopping threads took: 0.0000278 seconds
7.608: [GC (Allocation Failure)  139929K->665K(479232K), 0.0005030 secs]
7.609: Total time for which application threads were stopped: 0.0006225 seconds, Stopping threads took: 0.0000193 seconds
7.694: [GC (Allocation Failure)  136345K->633K(476160K), 0.0004148 secs]
7.694: Total time for which application threads were stopped: 0.0005328 seconds, Stopping threads took: 0.0000185 seconds
7.779: [GC (Allocation Failure)  133241K->633K(473088K), 0.0004728 secs]
7.779: Total time for which application threads were stopped: 0.0005929 seconds, Stopping threads took: 0.0000193 seconds
7.867: [GC (Allocation Failure)  130169K->569K(470016K), 0.0004653 secs]
7.867: Total time for which application threads were stopped: 0.0005900 seconds, Stopping threads took: 0.0000273 seconds
7.951: [GC (Allocation Failure)  127033K->633K(466944K), 0.0004851 secs]
7.952: Total time for which application threads were stopped: 0.0006368 seconds, Stopping threads took: 0.0000218 seconds
8.035: [GC (Allocation Failure)  124025K->729K(464384K), 0.0006846 secs]
8.036: Total time for which application threads were stopped: 0.0008124 seconds, Stopping threads took: 0.0000273 seconds
8.112: [GC (Allocation Failure)  121561K->633K(461824K), 0.0004535 secs]
8.112: Total time for which application threads were stopped: 0.0005749 seconds, Stopping threads took: 0.0000203 seconds
8.191: [GC (Allocation Failure)  118905K->665K(459264K), 0.0005491 secs]
8.192: Total time for which application threads were stopped: 0.0006763 seconds, Stopping threads took: 0.0000191 seconds
8.267: [GC (Allocation Failure)  116377K->633K(456704K), 0.0004452 secs]
8.267: Total time for which application threads were stopped: 0.0005666 seconds, Stopping threads took: 0.0000192 seconds
8.339: [GC (Allocation Failure)  113785K->601K(454144K), 0.0004019 secs]
8.339: Total time for which application threads were stopped: 0.0005177 seconds, Stopping threads took: 0.0000197 seconds
8.413: [GC (Allocation Failure)  111193K->633K(452096K), 0.0004500 secs]
8.414: Total time for which application threads were stopped: 0.0005601 seconds, Stopping threads took: 0.0000167 seconds
8.482: [GC (Allocation Failure)  109177K->665K(450048K), 0.0004852 secs]
8.482: Total time for which application threads were stopped: 0.0006124 seconds, Stopping threads took: 0.0000279 seconds
8.549: [GC (Allocation Failure)  107161K->601K(448000K), 0.0004594 secs]
8.550: Total time for which application threads were stopped: 0.0005738 seconds, Stopping threads took: 0.0000189 seconds
8.615: [GC (Allocation Failure)  105049K->601K(445952K), 0.0004343 secs]
8.616: Total time for which application threads were stopped: 0.0005613 seconds, Stopping threads took: 0.0000192 seconds
8.685: [GC (Allocation Failure)  103001K->633K(443904K), 0.0005615 secs]
8.686: Total time for which application threads were stopped: 0.0006887 seconds, Stopping threads took: 0.0000197 seconds
8.749: [GC (Allocation Failure)  100985K->697K(441856K), 0.0004356 secs]
8.749: Total time for which application threads were stopped: 0.0005488 seconds, Stopping threads took: 0.0000167 seconds
8.813: [GC (Allocation Failure)  99001K->633K(439808K), 0.0005175 secs]
8.813: Total time for which application threads were stopped: 0.0006243 seconds, Stopping threads took: 0.0000247 seconds
8.874: [GC (Allocation Failure)  96889K->633K(437760K), 0.0004519 secs]
8.874: Total time for which application threads were stopped: 0.0005640 seconds, Stopping threads took: 0.0000172 seconds
8.933: [GC (Allocation Failure)  94841K->633K(436224K), 0.0004932 secs]
8.934: Total time for which application threads were stopped: 0.0006295 seconds, Stopping threads took: 0.0000272 seconds
8.992: [GC (Allocation Failure)  93305K->665K(434688K), 0.0004716 secs]
8.993: Total time for which application threads were stopped: 0.0006022 seconds, Stopping threads took: 0.0000216 seconds
9.050: [GC (Allocation Failure)  91801K->633K(433152K), 0.0006399 secs]
9.051: Total time for which application threads were stopped: 0.0007873 seconds, Stopping threads took: 0.0000274 seconds
9.107: [GC (Allocation Failure)  90233K->729K(431616K), 0.0005058 secs]
9.107: Total time for which application threads were stopped: 0.0006462 seconds, Stopping threads took: 0.0000217 seconds
9.168: [GC (Allocation Failure)  88793K->665K(430080K), 0.0006034 secs]
9.169: Total time for which application threads were stopped: 0.0007423 seconds, Stopping threads took: 0.0000209 seconds
9.224: [GC (Allocation Failure)  87193K->633K(428544K), 0.0007559 secs]
9.225: Total time for which application threads were stopped: 0.0008801 seconds, Stopping threads took: 0.0000253 seconds
9.279: [GC (Allocation Failure)  85625K->665K(427008K), 0.0004366 secs]
9.279: Total time for which application threads were stopped: 0.0005526 seconds, Stopping threads took: 0.0000193 seconds
9.337: [GC (Allocation Failure)  84121K->729K(425472K), 0.0004986 secs]
9.338: Total time for which application threads were stopped: 0.0006429 seconds, Stopping threads took: 0.0000198 seconds
9.389: [GC (Allocation Failure)  82649K->665K(423936K), 0.0005328 secs]
9.390: Total time for which application threads were stopped: 0.0006698 seconds, Stopping threads took: 0.0000276 seconds
9.446: [GC (Allocation Failure)  81049K->665K(422400K), 0.0005140 secs]
9.447: Total time for which application threads were stopped: 0.0006492 seconds, Stopping threads took: 0.0000210 seconds
9.497: [GC (Allocation Failure)  79513K->729K(421376K), 0.0005011 secs]
9.497: Total time for which application threads were stopped: 0.0006291 seconds, Stopping threads took: 0.0000213 seconds
9.547: [GC (Allocation Failure)  78553K->633K(420352K), 0.0005234 secs]
9.547: Total time for which application threads were stopped: 0.0006616 seconds, Stopping threads took: 0.0000210 seconds
9.599: [GC (Allocation Failure)  77433K->633K(419328K), 0.0004824 secs]
9.600: Total time for which application threads were stopped: 0.0006289 seconds, Stopping threads took: 0.0000287 seconds
9.647: [GC (Allocation Failure)  76409K->633K(418304K), 0.0006019 secs]
9.648: Total time for which application threads were stopped: 0.0007342 seconds, Stopping threads took: 0.0000202 seconds
9.695: [GC (Allocation Failure)  75385K->633K(417280K), 0.0006290 secs]
9.696: Total time for which application threads were stopped: 0.0007547 seconds, Stopping threads took: 0.0000190 seconds
9.748: [GC (Allocation Failure)  74361K->697K(416256K), 0.0004616 secs]
9.749: Total time for which application threads were stopped: 0.0005815 seconds, Stopping threads took: 0.0000197 seconds
9.803: [GC (Allocation Failure)  73401K->633K(415232K), 0.0004759 secs]
9.803: Total time for which application threads were stopped: 0.0006004 seconds, Stopping threads took: 0.0000243 seconds
9.848: [GC (Allocation Failure)  72313K->665K(414208K), 0.0006084 secs]
9.849: Total time for which application threads were stopped: 0.0007250 seconds, Stopping threads took: 0.0000184 seconds
9.900: [GC (Allocation Failure)  71321K->633K(413184K), 0.0004450 secs]
9.900: Total time for which application threads were stopped: 0.0005789 seconds, Stopping threads took: 0.0000271 seconds
9.944: [GC (Allocation Failure)  70265K->633K(412160K), 0.0005729 secs]
9.945: Total time for which application threads were stopped: 0.0006810 seconds, Stopping threads took: 0.0000163 seconds
9.988: [GC (Allocation Failure)  69241K->633K(411136K), 0.0004519 secs]
9.989: Total time for which application threads were stopped: 0.0005695 seconds, Stopping threads took: 0.0000246 seconds
10.035: [GC (Allocation Failure)  68217K->665K(410112K), 0.0004664 secs]
10.035: Total time for which application threads were stopped: 0.0005869 seconds, Stopping threads took: 0.0000195 seconds
10.077: [GC (Allocation Failure)  67225K->697K(409088K), 0.0005034 secs]
10.078: Total time for which application threads were stopped: 0.0006483 seconds, Stopping threads took: 0.0000210 seconds
10.123: [GC (Allocation Failure)  66233K->601K(408064K), 0.0005888 secs]
10.124: Total time for which application threads were stopped: 0.0007368 seconds, Stopping threads took: 0.0000300 seconds
10.164: [GC (Allocation Failure)  65113K->633K(421376K), 0.0007504 secs]
10.165: Total time for which application threads were stopped: 0.0008913 seconds, Stopping threads took: 0.0000217 seconds
10.215: [GC (Allocation Failure)  78457K->665K(437248K), 0.0004684 secs]
10.215: Total time for which application threads were stopped: 0.0006093 seconds, Stopping threads took: 0.0000201 seconds
10.274: [GC (Allocation Failure)  94361K->665K(435712K), 0.0004901 secs]
10.275: Total time for which application threads were stopped: 0.0006258 seconds, Stopping threads took: 0.0000268 seconds
10.332: [GC (Allocation Failure)  92825K->633K(434176K), 0.0005381 secs]
10.333: Total time for which application threads were stopped: 0.0006837 seconds, Stopping threads took: 0.0000205 seconds
10.390: [GC (Allocation Failure)  91257K->665K(432640K), 0.0005672 secs]
10.391: Total time for which application threads were stopped: 0.0007572 seconds, Stopping threads took: 0.0000266 seconds
10.453: [GC (Allocation Failure)  89753K->665K(431104K), 0.0005432 secs]
10.453: Total time for which application threads were stopped: 0.0006852 seconds, Stopping threads took: 0.0000222 seconds
10.508: [GC (Allocation Failure)  88217K->665K(429568K), 0.0005865 secs]
10.509: Total time for which application threads were stopped: 0.0007479 seconds, Stopping threads took: 0.0000228 seconds
10.563: [GC (Allocation Failure)  86681K->633K(428032K), 0.0006602 secs]
10.564: Total time for which application threads were stopped: 0.0008219 seconds, Stopping threads took: 0.0000233 seconds
10.622: [GC (Allocation Failure)  85113K->633K(426496K), 0.0005185 secs]
10.623: Total time for which application threads were stopped: 0.0006817 seconds, Stopping threads took: 0.0000310 seconds
10.680: [GC (Allocation Failure)  83577K->665K(424960K), 0.0005489 secs]
10.681: Total time for which application threads were stopped: 0.0006921 seconds, Stopping threads took: 0.0000224 seconds
10.733: [GC (Allocation Failure)  82073K->665K(423424K), 0.0004381 secs]
10.734: Total time for which application threads were stopped: 0.0005561 seconds, Stopping threads took: 0.0000198 seconds
10.790: [GC (Allocation Failure)  80537K->633K(422400K), 0.0006013 secs]
10.790: Total time for which application threads were stopped: 0.0007258 seconds, Stopping threads took: 0.0000212 seconds
10.842: [GC (Allocation Failure)  79481K->633K(421376K), 0.0004660 secs]
10.843: Total time for which application threads were stopped: 0.0005950 seconds, Stopping threads took: 0.0000189 seconds
10.892: [GC (Allocation Failure)  78457K->697K(420352K), 0.0006224 secs]
10.893: Total time for which application threads were stopped: 0.0007444 seconds, Stopping threads took: 0.0000192 seconds
10.948: [GC (Allocation Failure)  77497K->729K(419328K), 0.0006785 secs]
10.948: Total time for which application threads were stopped: 0.0008285 seconds, Stopping threads took: 0.0000210 seconds
10.999: [GC (Allocation Failure)  76505K->633K(418304K), 0.0004449 secs]
11.000: Total time for which application threads were stopped: 0.0005696 seconds, Stopping threads took: 0.0000215 seconds
11.052: [GC (Allocation Failure)  75385K->633K(417280K), 0.0004122 secs]
11.053: Total time for which application threads were stopped: 0.0005518 seconds, Stopping threads took: 0.0000176 seconds
11.099: [GC (Allocation Failure)  74361K->633K(416256K), 0.0005139 secs]
11.100: Total time for which application threads were stopped: 0.0006422 seconds, Stopping threads took: 0.0000273 seconds
11.146: [GC (Allocation Failure)  73337K->665K(415232K), 0.0004622 secs]
11.146: Total time for which application threads were stopped: 0.0005894 seconds, Stopping threads took: 0.0000271 seconds
11.191: [GC (Allocation Failure)  72345K->665K(414208K), 0.0005778 secs]
11.192: Total time for which application threads were stopped: 0.0007236 seconds, Stopping threads took: 0.0000291 seconds
11.237: [GC (Allocation Failure)  71321K->633K(413184K), 0.0006245 secs]
11.237: Total time for which application threads were stopped: 0.0007608 seconds, Stopping threads took: 0.0000193 seconds
11.281: [GC (Allocation Failure)  70265K->665K(412160K), 0.0005065 secs]
11.282: Total time for which application threads were stopped: 0.0006588 seconds, Stopping threads took: 0.0000295 seconds
11.325: [GC (Allocation Failure)  69273K->633K(411136K), 0.0004788 secs]
11.325: Total time for which application threads were stopped: 0.0006392 seconds, Stopping threads took: 0.0000466 seconds
11.375: [GC (Allocation Failure)  68217K->633K(410112K), 0.0004574 secs]
11.376: Total time for which application threads were stopped: 0.0005627 seconds, Stopping threads took: 0.0000162 seconds
11.423: [GC (Allocation Failure)  67193K->633K(409088K), 0.0004831 secs]
11.424: Total time for which application threads were stopped: 0.0006106 seconds, Stopping threads took: 0.0000267 seconds
11.465: [GC (Allocation Failure)  66169K->665K(422400K), 0.0006255 secs]
11.466: Total time for which application threads were stopped: 0.0007980 seconds, Stopping threads took: 0.0000281 seconds
11.515: [GC (Allocation Failure)  79513K->633K(421376K), 0.0005234 secs]
11.516: Total time for which application threads were stopped: 0.0006742 seconds, Stopping threads took: 0.0000292 seconds
11.569: [GC (Allocation Failure)  78457K->665K(420352K), 0.0004948 secs]
11.569: Total time for which application threads were stopped: 0.0006550 seconds, Stopping threads took: 0.0000378 seconds
11.623: [GC (Allocation Failure)  77465K->665K(419328K), 0.0005494 secs]
11.623: Total time for which application threads were stopped: 0.0006809 seconds, Stopping threads took: 0.0000223 seconds
11.671: [GC (Allocation Failure)  76441K->633K(418304K), 0.0005552 secs]
11.672: Total time for which application threads were stopped: 0.0006936 seconds, Stopping threads took: 0.0000208 seconds
11.724: [GC (Allocation Failure)  75385K->697K(417280K), 0.0004938 secs]
11.725: Total time for which application threads were stopped: 0.0006232 seconds, Stopping threads took: 0.0000266 seconds
11.778: [GC (Allocation Failure)  74425K->633K(416256K), 0.0004869 secs]
11.778: Total time for which application threads were stopped: 0.0005840 seconds, Stopping threads took: 0.0000169 seconds
11.825: [GC (Allocation Failure)  73337K->633K(415232K), 0.0004871 secs]
11.825: Total time for which application threads were stopped: 0.0006170 seconds, Stopping threads took: 0.0000284 seconds
11.870: [GC (Allocation Failure)  72313K->665K(414208K), 0.0006374 secs]
11.871: Total time for which application threads were stopped: 0.0007628 seconds, Stopping threads took: 0.0000273 seconds
11.921: [GC (Allocation Failure)  71321K->697K(413184K), 0.0004318 secs]
11.921: Total time for which application threads were stopped: 0.0005528 seconds, Stopping threads took: 0.0000267 seconds
11.965: [GC (Allocation Failure)  70329K->601K(412160K), 0.0005246 secs]
11.966: Total time for which application threads were stopped: 0.0006524 seconds, Stopping threads took: 0.0000271 seconds
12.009: [GC (Allocation Failure)  69209K->633K(411136K), 0.0004875 secs]
12.009: Total time for which application threads were stopped: 0.0006219 seconds, Stopping threads took: 0.0000185 seconds
12.052: [GC (Allocation Failure)  68217K->665K(410112K), 0.0005864 secs]
12.053: Total time for which application threads were stopped: 0.0007114 seconds, Stopping threads took: 0.0000276 seconds
12.095: [GC (Allocation Failure)  67225K->665K(409088K), 0.0004760 secs]
12.095: Total time for which application threads were stopped: 0.0006049 seconds, Stopping threads took: 0.0000271 seconds
12.137: [GC (Allocation Failure)  66201K->633K(422400K), 0.0006587 secs]
12.137: Total time for which application threads were stopped: 0.0007831 seconds, Stopping threads took: 0.0000263 seconds
12.191: [GC (Allocation Failure)  79481K->601K(438272K), 0.0004960 secs]
12.192: Total time for which application threads were stopped: 0.0006316 seconds, Stopping threads took: 0.0000274 seconds
12.257: [GC (Allocation Failure)  95321K->633K(436736K), 0.0004662 secs]
12.257: Total time for which application threads were stopped: 0.0006027 seconds, Stopping threads took: 0.0000278 seconds
12.315: [GC (Allocation Failure)  93817K->601K(435200K), 0.0005243 secs]
12.316: Total time for which application threads were stopped: 0.0006493 seconds, Stopping threads took: 0.0000279 seconds
12.379: [GC (Allocation Failure)  92249K->601K(433664K), 0.0005277 secs]
12.379: Total time for which application threads were stopped: 0.0006423 seconds, Stopping threads took: 0.0000185 seconds
12.436: [GC (Allocation Failure)  90713K->633K(432128K), 0.0004799 secs]
12.436: Total time for which application threads were stopped: 0.0005986 seconds, Stopping threads took: 0.0000190 seconds
12.495: [GC (Allocation Failure)  89209K->633K(430592K), 0.0005194 secs]
12.496: Total time for which application threads were stopped: 0.0006380 seconds, Stopping threads took: 0.0000196 seconds
12.555: [GC (Allocation Failure)  87673K->569K(429056K), 0.0005896 secs]
12.556: Total time for which application threads were stopped: 0.0007132 seconds, Stopping threads took: 0.0000199 seconds
12.610: [GC (Allocation Failure)  86073K->665K(427520K), 0.0005962 secs]
12.611: Total time for which application threads were stopped: 0.0007129 seconds, Stopping threads took: 0.0000190 seconds
12.663: [GC (Allocation Failure)  84633K->665K(425984K), 0.0004815 secs]
12.664: Total time for which application threads were stopped: 0.0006143 seconds, Stopping threads took: 0.0000189 seconds
12.716: [GC (Allocation Failure)  83097K->697K(424448K), 0.0004922 secs]
12.717: Total time for which application threads were stopped: 0.0006252 seconds, Stopping threads took: 0.0000269 seconds
12.768: [GC (Allocation Failure)  81593K->665K(422912K), 0.0005393 secs]
12.768: Total time for which application threads were stopped: 0.0006638 seconds, Stopping threads took: 0.0000276 seconds
12.819: [GC (Allocation Failure)  80025K->633K(421888K), 0.0005673 secs]
12.820: Total time for which application threads were stopped: 0.0006887 seconds, Stopping threads took: 0.0000196 seconds
12.873: [GC (Allocation Failure)  78969K->665K(420864K), 0.0005260 secs]
12.873: Total time for which application threads were stopped: 0.0006540 seconds, Stopping threads took: 0.0000273 seconds
12.922: [GC (Allocation Failure)  77977K->633K(419840K), 0.0004792 secs]
12.922: Total time for which application threads were stopped: 0.0006099 seconds, Stopping threads took: 0.0000301 seconds
12.976: [GC (Allocation Failure)  76921K->633K(418816K), 0.0006878 secs]
12.977: Total time for which application threads were stopped: 0.0008039 seconds, Stopping threads took: 0.0000187 seconds
13.024: [GC (Allocation Failure)  75897K->665K(417792K), 0.0004671 secs]
13.024: Total time for which application threads were stopped: 0.0005872 seconds, Stopping threads took: 0.0000191 seconds
13.071: [GC (Allocation Failure)  74905K->601K(416768K), 0.0005055 secs]
13.072: Total time for which application threads were stopped: 0.0006381 seconds, Stopping threads took: 0.0000269 seconds
13.118: [GC (Allocation Failure)  73817K->633K(415744K), 0.0005484 secs]
13.119: Total time for which application threads were stopped: 0.0007028 seconds, Stopping threads took: 0.0000289 seconds
13.167: [GC (Allocation Failure)  72825K->665K(414720K), 0.0005156 secs]
13.168: Total time for which application threads were stopped: 0.0006657 seconds, Stopping threads took: 0.0000311 seconds
13.213: [GC (Allocation Failure)  71833K->633K(413696K), 0.0005354 secs]
13.213: Total time for which application threads were stopped: 0.0006734 seconds, Stopping threads took: 0.0000265 seconds
13.262: [GC (Allocation Failure)  70777K->601K(412672K), 0.0005017 secs]
13.262: Total time for which application threads were stopped: 0.0006364 seconds, Stopping threads took: 0.0000207 seconds
13.306: [GC (Allocation Failure)  69721K->601K(411648K), 0.0005714 secs]
13.307: Total time for which application threads were stopped: 0.0007083 seconds, Stopping threads took: 0.0000226 seconds
13.350: [GC (Allocation Failure)  68697K->665K(425472K), 0.0006474 secs]
13.351: Total time for which application threads were stopped: 0.0007908 seconds, Stopping threads took: 0.0000287 seconds
13.405: [GC (Allocation Failure)  82585K->601K(423936K), 0.0004742 secs]
13.406: Total time for which application threads were stopped: 0.0006143 seconds, Stopping threads took: 0.0000210 seconds
13.456: [GC (Allocation Failure)  80985K->665K(440320K), 0.0006669 secs]
13.457: Total time for which application threads were stopped: 0.0007962 seconds, Stopping threads took: 0.0000199 seconds
13.522: [GC (Allocation Failure)  97433K->633K(438272K), 0.0005510 secs]
13.523: Total time for which application threads were stopped: 0.0006853 seconds, Stopping threads took: 0.0000207 seconds
13.585: [GC (Allocation Failure)  95353K->601K(436736K), 0.0005931 secs]
13.586: Total time for which application threads were stopped: 0.0007164 seconds, Stopping threads took: 0.0000190 seconds
13.645: [GC (Allocation Failure)  93785K->665K(435200K), 0.0005058 secs]
13.645: Total time for which application threads were stopped: 0.0006288 seconds, Stopping threads took: 0.0000209 seconds
13.703: [GC (Allocation Failure)  92313K->665K(433664K), 0.0004225 secs]
13.704: Total time for which application threads were stopped: 0.0005446 seconds, Stopping threads took: 0.0000257 seconds
13.760: [GC (Allocation Failure)  90777K->729K(432128K), 0.0005107 secs]
13.761: Total time for which application threads were stopped: 0.0006315 seconds, Stopping threads took: 0.0000195 seconds
13.824: [GC (Allocation Failure)  89305K->633K(430592K), 0.0005134 secs]
13.825: Total time for which application threads were stopped: 0.0006236 seconds, Stopping threads took: 0.0000171 seconds
13.879: [GC (Allocation Failure)  87673K->697K(429056K), 0.0005166 secs]
13.880: Total time for which application threads were stopped: 0.0006456 seconds, Stopping threads took: 0.0000280 seconds
13.933: [GC (Allocation Failure)  86201K->601K(427520K), 0.0004548 secs]
13.934: Total time for which application threads were stopped: 0.0005784 seconds, Stopping threads took: 0.0000202 seconds
13.986: [GC (Allocation Failure)  84569K->729K(425984K), 0.0004683 secs]
13.987: Total time for which application threads were stopped: 0.0005860 seconds, Stopping threads took: 0.0000187 seconds
14.045: [GC (Allocation Failure)  83161K->633K(424448K), 0.0005700 secs]
14.045: Total time for which application threads were stopped: 0.0006989 seconds, Stopping threads took: 0.0000279 seconds
14.103: [GC (Allocation Failure)  81529K->697K(422912K), 0.0004792 secs]
14.104: Total time for which application threads were stopped: 0.0006159 seconds, Stopping threads took: 0.0000199 seconds
14.159: [GC (Allocation Failure)  80057K->601K(421888K), 0.0006123 secs]
14.160: Total time for which application threads were stopped: 0.0007416 seconds, Stopping threads took: 0.0000210 seconds
14.210: [GC (Allocation Failure)  78937K->633K(420864K), 0.0005224 secs]
14.210: Total time for which application threads were stopped: 0.0006560 seconds, Stopping threads took: 0.0000261 seconds
14.259: [GC (Allocation Failure)  77945K->665K(419840K), 0.0006398 secs]
14.260: Total time for which application threads were stopped: 0.0007684 seconds, Stopping threads took: 0.0000200 seconds
14.310: [GC (Allocation Failure)  76953K->633K(418816K), 0.0004905 secs]
14.311: Total time for which application threads were stopped: 0.0006215 seconds, Stopping threads took: 0.0000213 seconds
14.358: [GC (Allocation Failure)  75897K->633K(417792K), 0.0004826 secs]
14.359: Total time for which application threads were stopped: 0.0006210 seconds, Stopping threads took: 0.0000203 seconds
14.408: [GC (Allocation Failure)  74873K->665K(416768K), 0.0005203 secs]
14.409: Total time for which application threads were stopped: 0.0006539 seconds, Stopping threads took: 0.0000204 seconds
14.455: [GC (Allocation Failure)  73881K->633K(415744K), 0.0005347 secs]
14.455: Total time for which application threads were stopped: 0.0006841 seconds, Stopping threads took: 0.0000223 seconds
14.507: [GC (Allocation Failure)  72825K->665K(414720K), 0.0005041 secs]
14.507: Total time for which application threads were stopped: 0.0006366 seconds, Stopping threads took: 0.0000222 seconds
14.552: [GC (Allocation Failure)  71833K->633K(413696K), 0.0005127 secs]
14.553: Total time for which application threads were stopped: 0.0006699 seconds, Stopping threads took: 0.0000205 seconds
14.603: [GC (Allocation Failure)  70777K->665K(412672K), 0.0004858 secs]
14.603: Total time for which application threads were stopped: 0.0006143 seconds, Stopping threads took: 0.0000210 seconds
14.652: [GC (Allocation Failure)  69785K->697K(411648K), 0.0004805 secs]
14.653: Total time for which application threads were stopped: 0.0005997 seconds, Stopping threads took: 0.0000192 seconds
14.696: [GC (Allocation Failure)  68793K->633K(410624K), 0.0004712 secs]
14.696: Total time for which application threads were stopped: 0.0005905 seconds, Stopping threads took: 0.0000191 seconds
14.739: [GC (Allocation Failure)  67705K->633K(409600K), 0.0005140 secs]
14.740: Total time for which application threads were stopped: 0.0006382 seconds, Stopping threads took: 0.0000199 seconds
14.781: [GC (Allocation Failure)  66681K->633K(408576K), 0.0005476 secs]
14.782: Total time for which application threads were stopped: 0.0006824 seconds, Stopping threads took: 0.0000169 seconds
14.826: [GC (Allocation Failure)  65657K->633K(407552K), 0.0004577 secs]
14.826: Total time for which application threads were stopped: 0.0005803 seconds, Stopping threads took: 0.0000164 seconds
14.872: [GC (Allocation Failure)  64633K->697K(406528K), 0.0004071 secs]
14.873: Total time for which application threads were stopped: 0.0005169 seconds, Stopping threads took: 0.0000173 seconds
14.916: [GC (Allocation Failure)  63673K->697K(405504K), 0.0004859 secs]
14.916: Total time for which application threads were stopped: 0.0006199 seconds, Stopping threads took: 0.0000195 seconds
14.959: [GC (Allocation Failure)  62649K->697K(418304K), 0.0006603 secs]
14.959: Total time for which application threads were stopped: 0.0008057 seconds, Stopping threads took: 0.0000299 seconds
15.006: [GC (Allocation Failure)  75449K->665K(433664K), 0.0005435 secs]
15.007: Total time for which application threads were stopped: 0.0006733 seconds, Stopping threads took: 0.0000281 seconds
15.064: [GC (Allocation Failure)  90777K->633K(432128K), 0.0005501 secs]
15.064: Total time for which application threads were stopped: 0.0006809 seconds, Stopping threads took: 0.0000191 seconds
15.120: [GC (Allocation Failure)  89209K->665K(430592K), 0.0004991 secs]
15.120: Total time for which application threads were stopped: 0.0006512 seconds, Stopping threads took: 0.0000292 seconds
15.181: [GC (Allocation Failure)  87705K->633K(429056K), 0.0006038 secs]
15.181: Total time for which application threads were stopped: 0.0007456 seconds, Stopping threads took: 0.0000219 seconds
15.241: [GC (Allocation Failure)  86137K->665K(427520K), 0.0004712 secs]
15.241: Total time for which application threads were stopped: 0.0005955 seconds, Stopping threads took: 0.0000197 seconds
15.294: [GC (Allocation Failure)  84633K->601K(425984K), 0.0004848 secs]
15.294: Total time for which application threads were stopped: 0.0006099 seconds, Stopping threads took: 0.0000200 seconds
15.346: [GC (Allocation Failure)  83033K->697K(424448K), 0.0005596 secs]
15.347: Total time for which application threads were stopped: 0.0006956 seconds, Stopping threads took: 0.0000218 seconds
15.403: [GC (Allocation Failure)  81593K->633K(422912K), 0.0005766 secs]
15.404: Total time for which application threads were stopped: 0.0007190 seconds, Stopping threads took: 0.0000298 seconds
15.454: [GC (Allocation Failure)  79993K->601K(421888K), 0.0005084 secs]
15.454: Total time for which application threads were stopped: 0.0006525 seconds, Stopping threads took: 0.0000283 seconds
15.509: [GC (Allocation Failure)  78937K->569K(420864K), 0.0005289 secs]
15.510: Total time for which application threads were stopped: 0.0006717 seconds, Stopping threads took: 0.0000227 seconds
15.562: [GC (Allocation Failure)  77881K->665K(419840K), 0.0004657 secs]
15.562: Total time for which application threads were stopped: 0.0005827 seconds, Stopping threads took: 0.0000193 seconds
15.610: [GC (Allocation Failure)  76953K->633K(418816K), 0.0005744 secs]
15.611: Total time for which application threads were stopped: 0.0006910 seconds, Stopping threads took: 0.0000169 seconds
15.658: [GC (Allocation Failure)  75897K->601K(417792K), 0.0006952 secs]
15.659: Total time for which application threads were stopped: 0.0008199 seconds, Stopping threads took: 0.0000204 seconds
15.711: [GC (Allocation Failure)  74841K->697K(416768K), 0.0004339 secs]
15.712: Total time for which application threads were stopped: 0.0005582 seconds, Stopping threads took: 0.0000248 seconds
15.758: [GC (Allocation Failure)  73913K->601K(415744K), 0.0004249 secs]
15.758: Total time for which application threads were stopped: 0.0005425 seconds, Stopping threads took: 0.0000195 seconds
15.811: [GC (Allocation Failure)  72793K->665K(414720K), 0.0004842 secs]
15.811: Total time for which application threads were stopped: 0.0006145 seconds, Stopping threads took: 0.0000280 seconds
15.859: [GC (Allocation Failure)  71833K->601K(413696K), 0.0004671 secs]
15.859: Total time for which application threads were stopped: 0.0005836 seconds, Stopping threads took: 0.0000191 seconds
15.903: [GC (Allocation Failure)  70745K->601K(412672K), 0.0006013 secs]
15.904: Total time for which application threads were stopped: 0.0007176 seconds, Stopping threads took: 0.0000196 seconds
15.951: [GC (Allocation Failure)  69721K->697K(411648K), 0.0004615 secs]
15.951: Total time for which application threads were stopped: 0.0005869 seconds, Stopping threads took: 0.0000274 seconds
15.994: [GC (Allocation Failure)  68793K->633K(410624K), 0.0004952 secs]
15.995: Total time for which application threads were stopped: 0.0006117 seconds, Stopping threads took: 0.0000189 seconds
16.043: [GC (Allocation Failure)  67705K->601K(409600K), 0.0005348 secs]
16.043: Total time for which application threads were stopped: 0.0006524 seconds, Stopping threads took: 0.0000188 seconds
16.085: [GC (Allocation Failure)  66649K->633K(408576K), 0.0005499 secs]
16.085: Total time for which application threads were stopped: 0.0006779 seconds, Stopping threads took: 0.0000270 seconds
16.127: [GC (Allocation Failure)  65657K->665K(407552K), 0.0004529 secs]
16.127: Total time for which application threads were stopped: 0.0005800 seconds, Stopping threads took: 0.0000275 seconds
16.168: [GC (Allocation Failure)  64665K->665K(406528K), 0.0004995 secs]
16.168: Total time for which application threads were stopped: 0.0006240 seconds, Stopping threads took: 0.0000271 seconds
16.208: [GC (Allocation Failure)  63641K->665K(405504K), 0.0003988 secs]
16.209: Total time for which application threads were stopped: 0.0005317 seconds, Stopping threads took: 0.0000262 seconds
16.248: [GC (Allocation Failure)  62617K->665K(404992K), 0.0005240 secs]
16.248: Total time for which application threads were stopped: 0.0006496 seconds, Stopping threads took: 0.0000206 seconds
16.292: [GC (Allocation Failure)  62105K->697K(404480K), 0.0004269 secs]
16.292: Total time for which application threads were stopped: 0.0005352 seconds, Stopping threads took: 0.0000171 seconds
16.335: [GC (Allocation Failure)  61625K->665K(416768K), 0.0007036 secs]
16.336: Total time for which application threads were stopped: 0.0008396 seconds, Stopping threads took: 0.0000198 seconds
16.386: [GC (Allocation Failure)  73881K->665K(415744K), 0.0004732 secs]
16.387: Total time for which application threads were stopped: 0.0006227 seconds, Stopping threads took: 0.0000211 seconds
16.432: [GC (Allocation Failure)  72857K->601K(430592K), 0.0006236 secs]
16.433: Total time for which application threads were stopped: 0.0007682 seconds, Stopping threads took: 0.0000284 seconds
16.492: [GC (Allocation Failure)  87641K->665K(429056K), 0.0005324 secs]
16.492: Total time for which application threads were stopped: 0.0006693 seconds, Stopping threads took: 0.0000211 seconds
16.552: [GC (Allocation Failure)  86169K->665K(427520K), 0.0005058 secs]
16.553: Total time for which application threads were stopped: 0.0006427 seconds, Stopping threads took: 0.0000213 seconds
16.610: [GC (Allocation Failure)  84633K->697K(425984K), 0.0005709 secs]
16.611: Total time for which application threads were stopped: 0.0007075 seconds, Stopping threads took: 0.0000275 seconds
16.663: [GC (Allocation Failure)  83129K->665K(424448K), 0.0006042 secs]
16.663: Total time for which application threads were stopped: 0.0007456 seconds, Stopping threads took: 0.0000224 seconds
16.719: [GC (Allocation Failure)  81561K->697K(422912K), 0.0005962 secs]
16.719: Total time for which application threads were stopped: 0.0007169 seconds, Stopping threads took: 0.0000195 seconds
16.769: [GC (Allocation Failure)  80057K->633K(421888K), 0.0004807 secs]
16.769: Total time for which application threads were stopped: 0.0006032 seconds, Stopping threads took: 0.0000194 seconds
16.825: [GC (Allocation Failure)  78969K->697K(420864K), 0.0005887 secs]
16.825: Total time for which application threads were stopped: 0.0006983 seconds, Stopping threads took: 0.0000165 seconds
16.877: [GC (Allocation Failure)  78009K->633K(419840K), 0.0004728 secs]
16.878: Total time for which application threads were stopped: 0.0005859 seconds, Stopping threads took: 0.0000170 seconds
16.926: [GC (Allocation Failure)  76921K->697K(418816K), 0.0004908 secs]
16.926: Total time for which application threads were stopped: 0.0006426 seconds, Stopping threads took: 0.0000202 seconds
16.973: [GC (Allocation Failure)  75961K->633K(417792K), 0.0004699 secs]
16.974: Total time for which application threads were stopped: 0.0005988 seconds, Stopping threads took: 0.0000208 seconds
17.021: [GC (Allocation Failure)  74873K->697K(416768K), 0.0004841 secs]
17.021: Total time for which application threads were stopped: 0.0005998 seconds, Stopping threads took: 0.0000183 seconds
17.072: [GC (Allocation Failure)  73913K->633K(415744K), 0.0004539 secs]
17.072: Total time for which application threads were stopped: 0.0005638 seconds, Stopping threads took: 0.0000166 seconds
17.118: [GC (Allocation Failure)  72825K->665K(414720K), 0.0004465 secs]
17.118: Total time for which application threads were stopped: 0.0005753 seconds, Stopping threads took: 0.0000277 seconds
17.163: [GC (Allocation Failure)  71833K->665K(413696K), 0.0004781 secs]
17.164: Total time for which application threads were stopped: 0.0005991 seconds, Stopping threads took: 0.0000193 seconds
17.208: [GC (Allocation Failure)  70809K->697K(412672K), 0.0004135 secs]
17.208: Total time for which application threads were stopped: 0.0005406 seconds, Stopping threads took: 0.0000191 seconds
17.252: [GC (Allocation Failure)  69817K->633K(411648K), 0.0004543 secs]
17.253: Total time for which application threads were stopped: 0.0005880 seconds, Stopping threads took: 0.0000277 seconds
17.296: [GC (Allocation Failure)  68729K->697K(410624K), 0.0004751 secs]
17.296: Total time for which application threads were stopped: 0.0005998 seconds, Stopping threads took: 0.0000205 seconds
17.338: [GC (Allocation Failure)  67769K->633K(409600K), 0.0005076 secs]
17.339: Total time for which application threads were stopped: 0.0006497 seconds, Stopping threads took: 0.0000208 seconds
17.386: [GC (Allocation Failure)  66681K->697K(408576K), 0.0004753 secs]
17.386: Total time for which application threads were stopped: 0.0006068 seconds, Stopping threads took: 0.0000274 seconds
17.433: [GC (Allocation Failure)  65721K->665K(407552K), 0.0006117 secs]
17.434: Total time for which application threads were stopped: 0.0007291 seconds, Stopping threads took: 0.0000185 seconds
17.480: [GC (Allocation Failure)  64665K->665K(406528K), 0.0005781 secs]
17.480: Total time for which application threads were stopped: 0.0006996 seconds, Stopping threads took: 0.0000190 seconds
17.525: [GC (Allocation Failure)  63641K->665K(405504K), 0.0005003 secs]
17.525: Total time for which application threads were stopped: 0.0006167 seconds, Stopping threads took: 0.0000188 seconds
17.564: [GC (Allocation Failure)  62617K->665K(404992K), 0.0004971 secs]
17.565: Total time for which application threads were stopped: 0.0007389 seconds, Stopping threads took: 0.0000197 seconds
17.603: [GC (Allocation Failure)  62105K->729K(417280K), 0.0005778 secs]
17.604: Total time for which application threads were stopped: 0.0007079 seconds, Stopping threads took: 0.0000276 seconds
17.651: [GC (Allocation Failure)  74457K->633K(432128K), 0.0004740 secs]
17.651: Total time for which application threads were stopped: 0.0006144 seconds, Stopping threads took: 0.0000202 seconds
17.707: [GC (Allocation Failure)  89209K->697K(430592K), 0.0004713 secs]
17.707: Total time for which application threads were stopped: 0.0006147 seconds, Stopping threads took: 0.0000207 seconds
17.767: [GC (Allocation Failure)  87737K->601K(429056K), 0.0005481 secs]
17.768: Total time for which application threads were stopped: 0.0006759 seconds, Stopping threads took: 0.0000210 seconds
17.828: [GC (Allocation Failure)  86105K->633K(427520K), 0.0005096 secs]
17.829: Total time for which application threads were stopped: 0.0006151 seconds, Stopping threads took: 0.0000168 seconds
17.885: [GC (Allocation Failure)  84601K->633K(425984K), 0.0004333 secs]
17.886: Total time for which application threads were stopped: 0.0005526 seconds, Stopping threads took: 0.0000205 seconds
17.943: [GC (Allocation Failure)  83065K->601K(424448K), 0.0005396 secs]
17.943: Total time for which application threads were stopped: 0.0006470 seconds, Stopping threads took: 0.0000172 seconds
17.995: [GC (Allocation Failure)  81497K->665K(422912K), 0.0004751 secs]
17.996: Total time for which application threads were stopped: 0.0005952 seconds, Stopping threads took: 0.0000191 seconds
18.046: [GC (Allocation Failure)  80025K->633K(438784K), 0.0009019 secs]
18.047: Total time for which application threads were stopped: 0.0010218 seconds, Stopping threads took: 0.0000202 seconds
18.107: [GC (Allocation Failure)  95865K->633K(437248K), 0.0005847 secs]
18.107: Total time for which application threads were stopped: 0.0007143 seconds, Stopping threads took: 0.0000260 seconds
18.169: [GC (Allocation Failure)  94329K->697K(435712K), 0.0004973 secs]
18.170: Total time for which application threads were stopped: 0.0006374 seconds, Stopping threads took: 0.0000280 seconds
18.228: [GC (Allocation Failure)  92857K->665K(434176K), 0.0004551 secs]
18.228: Total time for which application threads were stopped: 0.0005760 seconds, Stopping threads took: 0.0000197 seconds
18.290: [GC (Allocation Failure)  91289K->697K(432640K), 0.0005463 secs]
18.290: Total time for which application threads were stopped: 0.0006824 seconds, Stopping threads took: 0.0000221 seconds
18.346: [GC (Allocation Failure)  89785K->665K(431104K), 0.0005652 secs]
18.347: Total time for which application threads were stopped: 0.0007044 seconds, Stopping threads took: 0.0000224 seconds
18.402: [GC (Allocation Failure)  88217K->729K(429568K), 0.0005318 secs]
18.402: Total time for which application threads were stopped: 0.0006911 seconds, Stopping threads took: 0.0000301 seconds
18.462: [GC (Allocation Failure)  86745K->665K(428032K), 0.0004676 secs]
18.462: Total time for which application threads were stopped: 0.0005957 seconds, Stopping threads took: 0.0000275 seconds
18.516: [GC (Allocation Failure)  85145K->665K(426496K), 0.0005219 secs]
18.516: Total time for which application threads were stopped: 0.0006592 seconds, Stopping threads took: 0.0000214 seconds
18.569: [GC (Allocation Failure)  83609K->697K(424960K), 0.0005542 secs]
18.569: Total time for which application threads were stopped: 0.0006729 seconds, Stopping threads took: 0.0000196 seconds
18.626: [GC (Allocation Failure)  82105K->665K(423424K), 0.0004570 secs]
18.627: Total time for which application threads were stopped: 0.0005922 seconds, Stopping threads took: 0.0000232 seconds
18.677: [GC (Allocation Failure)  80537K->633K(422400K), 0.0004622 secs]
18.677: Total time for which application threads were stopped: 0.0005766 seconds, Stopping threads took: 0.0000189 seconds
18.733: [GC (Allocation Failure)  79481K->697K(421376K), 0.0004474 secs]
18.734: Total time for which application threads were stopped: 0.0005556 seconds, Stopping threads took: 0.0000159 seconds
18.788: [GC (Allocation Failure)  78521K->633K(420352K), 0.0005075 secs]
18.789: Total time for which application threads were stopped: 0.0006469 seconds, Stopping threads took: 0.0000274 seconds
18.842: [GC (Allocation Failure)  77433K->633K(419328K), 0.0004075 secs]
18.842: Total time for which application threads were stopped: 0.0005146 seconds, Stopping threads took: 0.0000174 seconds
18.890: [GC (Allocation Failure)  76409K->665K(418304K), 0.0005030 secs]
18.890: Total time for which application threads were stopped: 0.0006318 seconds, Stopping threads took: 0.0000272 seconds
18.937: [GC (Allocation Failure)  75417K->697K(417280K), 0.0005158 secs]
18.938: Total time for which application threads were stopped: 0.0006533 seconds, Stopping threads took: 0.0000296 seconds
18.990: [GC (Allocation Failure)  74425K->697K(416256K), 0.0006328 secs]
18.991: Total time for which application threads were stopped: 0.0007775 seconds, Stopping threads took: 0.0000274 seconds
19.037: [GC (Allocation Failure)  73401K->633K(415232K), 0.0004973 secs]
19.037: Total time for which application threads were stopped: 0.0006480 seconds, Stopping threads took: 0.0000226 seconds
19.083: [GC (Allocation Failure)  72313K->601K(414208K), 0.0005565 secs]
19.083: Total time for which application threads were stopped: 0.0006901 seconds, Stopping threads took: 0.0000221 seconds
19.133: [GC (Allocation Failure)  71257K->633K(413184K), 0.0004824 secs]
19.134: Total time for which application threads were stopped: 0.0006000 seconds, Stopping threads took: 0.0000187 seconds
19.184: [GC (Allocation Failure)  70265K->729K(412160K), 0.0004932 secs]
19.185: Total time for which application threads were stopped: 0.0006331 seconds, Stopping threads took: 0.0000186 seconds
19.232: [GC (Allocation Failure)  69337K->633K(411136K), 0.0004688 secs]
19.232: Total time for which application threads were stopped: 0.0005836 seconds, Stopping threads took: 0.0000192 seconds
19.280: [GC (Allocation Failure)  68217K->665K(410112K), 0.0004860 secs]
19.280: Total time for which application threads were stopped: 0.0006080 seconds, Stopping threads took: 0.0000192 seconds
19.322: [GC (Allocation Failure)  67225K->665K(409088K), 0.0004815 secs]
19.323: Total time for which application threads were stopped: 0.0006053 seconds, Stopping threads took: 0.0000206 seconds
19.364: [GC (Allocation Failure)  66201K->633K(408064K), 0.0005411 secs]
19.364: Total time for which application threads were stopped: 0.0006641 seconds, Stopping threads took: 0.0000190 seconds
19.405: [GC (Allocation Failure)  65145K->665K(407040K), 0.0004920 secs]
19.406: Total time for which application threads were stopped: 0.0006109 seconds, Stopping threads took: 0.0000193 seconds
19.446: [GC (Allocation Failure)  64153K->697K(406016K), 0.0004700 secs]
19.446: Total time for which application threads were stopped: 0.0005891 seconds, Stopping threads took: 0.0000188 seconds
19.485: [GC (Allocation Failure)  63161K->633K(405504K), 0.0004817 secs]
19.486: Total time for which application threads were stopped: 0.0006063 seconds, Stopping threads took: 0.0000268 seconds
19.525: [GC (Allocation Failure)  62585K->665K(418304K), 0.0006284 secs]
19.526: Total time for which application threads were stopped: 0.0007457 seconds, Stopping threads took: 0.0000186 seconds
19.573: [GC (Allocation Failure)  75417K->633K(433664K), 0.0004988 secs]
19.573: Total time for which application threads were stopped: 0.0006164 seconds, Stopping threads took: 0.0000197 seconds
19.629: [GC (Allocation Failure)  90745K->665K(432128K), 0.0005637 secs]
19.630: Total time for which application threads were stopped: 0.0006829 seconds, Stopping threads took: 0.0000195 seconds
19.691: [GC (Allocation Failure)  89241K->633K(430592K), 0.0004618 secs]
19.692: Total time for which application threads were stopped: 0.0005776 seconds, Stopping threads took: 0.0000196 seconds
19.754: [GC (Allocation Failure)  87673K->633K(429056K), 0.0005644 secs]
19.755: Total time for which application threads were stopped: 0.0006928 seconds, Stopping threads took: 0.0000276 seconds
19.813: [GC (Allocation Failure)  86137K->633K(427520K), 0.0004074 secs]
19.813: Total time for which application threads were stopped: 0.0005259 seconds, Stopping threads took: 0.0000193 seconds
19.866: [GC (Allocation Failure)  84601K->633K(425984K), 0.0005041 secs]
19.867: Total time for which application threads were stopped: 0.0006290 seconds, Stopping threads took: 0.0000271 seconds
19.918: [GC (Allocation Failure)  83065K->665K(424448K), 0.0004524 secs]
19.919: Total time for which application threads were stopped: 0.0005888 seconds, Stopping threads took: 0.0000270 seconds
19.975: [GC (Allocation Failure)  81561K->633K(422912K), 0.0004784 secs]
19.975: Total time for which application threads were stopped: 0.0006189 seconds, Stopping threads took: 0.0000192 seconds
20.031: [GC (Allocation Failure)  79993K->633K(421888K), 0.0004733 secs]
20.031: Total time for which application threads were stopped: 0.0005971 seconds, Stopping threads took: 0.0000199 seconds
20.081: [GC (Allocation Failure)  78969K->665K(420864K), 0.0005228 secs]
20.081: Total time for which application threads were stopped: 0.0006770 seconds, Stopping threads took: 0.0000291 seconds
20.131: [GC (Allocation Failure)  77977K->697K(419840K), 0.0005838 secs]
20.131: Total time for which application threads were stopped: 0.0007044 seconds, Stopping threads took: 0.0000279 seconds
20.179: [GC (Allocation Failure)  76985K->601K(418816K), 0.0005937 secs]
20.180: Total time for which application threads were stopped: 0.0007121 seconds, Stopping threads took: 0.0000197 seconds
20.228: [GC (Allocation Failure)  75865K->665K(417792K), 0.0005214 secs]
20.228: Total time for which application threads were stopped: 0.0006536 seconds, Stopping threads took: 0.0000281 seconds
20.275: [GC (Allocation Failure)  74905K->633K(432640K), 0.0014396 secs]
20.276: Total time for which application threads were stopped: 0.0015822 seconds, Stopping threads took: 0.0000281 seconds
20.338: [GC (Allocation Failure)  89721K->665K(450560K), 0.0005655 secs]
20.338: Total time for which application threads were stopped: 0.0007083 seconds, Stopping threads took: 0.0000288 seconds
20.406: [GC (Allocation Failure)  107673K->665K(472064K), 0.0005744 secs]
20.406: Total time for which application threads were stopped: 0.0007153 seconds, Stopping threads took: 0.0000224 seconds
20.487: [GC (Allocation Failure)  129177K->601K(498176K), 0.0008634 secs]
20.488: Total time for which application threads were stopped: 0.0009865 seconds, Stopping threads took: 0.0000200 seconds
20.588: [GC (Allocation Failure)  155225K->633K(494080K), 0.0005155 secs]
20.588: Total time for which application threads were stopped: 0.0006550 seconds, Stopping threads took: 0.0000209 seconds
20.688: [GC (Allocation Failure)  151161K->665K(490496K), 0.0004572 secs]
20.688: Total time for which application threads were stopped: 0.0005775 seconds, Stopping threads took: 0.0000196 seconds
20.786: [GC (Allocation Failure)  147609K->633K(486912K), 0.0007042 secs]
20.786: Total time for which application threads were stopped: 0.0008213 seconds, Stopping threads took: 0.0000164 seconds
20.878: [GC (Allocation Failure)  143993K->665K(483328K), 0.0005638 secs]
20.878: Total time for which application threads were stopped: 0.0006832 seconds, Stopping threads took: 0.0000189 seconds
20.966: [GC (Allocation Failure)  140441K->665K(479744K), 0.0004621 secs]
20.966: Total time for which application threads were stopped: 0.0005944 seconds, Stopping threads took: 0.0000290 seconds
21.051: [GC (Allocation Failure)  136857K->601K(476672K), 0.0005516 secs]
21.052: Total time for which application threads were stopped: 0.0006781 seconds, Stopping threads took: 0.0000275 seconds
21.140: [GC (Allocation Failure)  133721K->665K(473600K), 0.0004842 secs]
21.140: Total time for which application threads were stopped: 0.0006058 seconds, Stopping threads took: 0.0000195 seconds
21.222: [GC (Allocation Failure)  130713K->633K(470528K), 0.0004284 secs]
21.222: Total time for which application threads were stopped: 0.0005487 seconds, Stopping threads took: 0.0000195 seconds
21.302: [GC (Allocation Failure)  127609K->697K(467456K), 0.0004749 secs]
21.302: Total time for which application threads were stopped: 0.0006048 seconds, Stopping threads took: 0.0000281 seconds
21.383: [GC (Allocation Failure)  124601K->697K(464896K), 0.0004375 secs]
21.383: Total time for which application threads were stopped: 0.0005619 seconds, Stopping threads took: 0.0000275 seconds
21.464: [GC (Allocation Failure)  122041K->697K(462336K), 0.0004658 secs]
21.465: Total time for which application threads were stopped: 0.0005845 seconds, Stopping threads took: 0.0000255 seconds
21.542: [GC (Allocation Failure)  119481K->633K(459776K), 0.0004295 secs]
21.542: Total time for which application threads were stopped: 0.0005706 seconds, Stopping threads took: 0.0000166 seconds
21.615: [GC (Allocation Failure)  116857K->633K(457216K), 0.0004851 secs]
21.616: Total time for which application threads were stopped: 0.0006036 seconds, Stopping threads took: 0.0000191 seconds
21.687: [GC (Allocation Failure)  114297K->665K(454656K), 0.0005909 secs]
21.687: Total time for which application threads were stopped: 0.0007298 seconds, Stopping threads took: 0.0000199 seconds
21.764: [GC (Allocation Failure)  111769K->633K(452096K), 0.0006583 secs]
21.765: Total time for which application threads were stopped: 0.0007736 seconds, Stopping threads took: 0.0000191 seconds
21.834: [GC (Allocation Failure)  109177K->633K(450048K), 0.0004747 secs]
21.834: Total time for which application threads were stopped: 0.0005952 seconds, Stopping threads took: 0.0000198 seconds
21.905: [GC (Allocation Failure)  107129K->633K(448000K), 0.0004891 secs]
21.906: Total time for which application threads were stopped: 0.0006115 seconds, Stopping threads took: 0.0000201 seconds
21.978: [GC (Allocation Failure)  105081K->729K(445952K), 0.0005054 secs]
21.978: Total time for which application threads were stopped: 0.0006312 seconds, Stopping threads took: 0.0000216 seconds
22.042: [GC (Allocation Failure)  103129K->633K(443904K), 0.0005095 secs]
22.043: Total time for which application threads were stopped: 0.0006327 seconds, Stopping threads took: 0.0000267 seconds
22.111: [GC (Allocation Failure)  100985K->633K(441856K), 0.0004673 secs]
22.112: Total time for which application threads were stopped: 0.0005901 seconds, Stopping threads took: 0.0000271 seconds
22.181: [GC (Allocation Failure)  98937K->665K(439808K), 0.0005878 secs]
22.181: Total time for which application threads were stopped: 0.0007268 seconds, Stopping threads took: 0.0000271 seconds
22.246: [GC (Allocation Failure)  96921K->697K(437760K), 0.0005964 secs]
22.247: Total time for which application threads were stopped: 0.0007223 seconds, Stopping threads took: 0.0000259 seconds
22.306: [GC (Allocation Failure)  94905K->633K(436224K), 0.0005048 secs]
22.307: Total time for which application threads were stopped: 0.0006508 seconds, Stopping threads took: 0.0000210 seconds
22.370: [GC (Allocation Failure)  93305K->665K(434688K), 0.0005247 secs]
22.371: Total time for which application threads were stopped: 0.0006680 seconds, Stopping threads took: 0.0000222 seconds
22.428: [GC (Allocation Failure)  91801K->697K(433152K), 0.0005180 secs]
22.428: Total time for which application threads were stopped: 0.0006468 seconds, Stopping threads took: 0.0000215 seconds
22.485: [GC (Allocation Failure)  90297K->601K(431616K), 0.0005421 secs]
22.485: Total time for which application threads were stopped: 0.0006615 seconds, Stopping threads took: 0.0000202 seconds
22.547: [GC (Allocation Failure)  88665K->697K(430080K), 0.0008069 secs]
22.548: Total time for which application threads were stopped: 0.0009334 seconds, Stopping threads took: 0.0000190 seconds
22.602: [GC (Allocation Failure)  87225K->665K(428544K), 0.0004480 secs]
22.603: Total time for which application threads were stopped: 0.0005675 seconds, Stopping threads took: 0.0000187 seconds
22.656: [GC (Allocation Failure)  85657K->665K(427008K), 0.0005158 secs]
22.657: Total time for which application threads were stopped: 0.0006456 seconds, Stopping threads took: 0.0000204 seconds
22.709: [GC (Allocation Failure)  84121K->665K(425472K), 0.0004815 secs]
22.709: Total time for which application threads were stopped: 0.0006055 seconds, Stopping threads took: 0.0000200 seconds
22.762: [GC (Allocation Failure)  82585K->665K(423936K), 0.0004536 secs]
22.763: Total time for which application threads were stopped: 0.0005861 seconds, Stopping threads took: 0.0000283 seconds
22.814: [GC (Allocation Failure)  81049K->633K(422400K), 0.0004883 secs]
22.815: Total time for which application threads were stopped: 0.0006181 seconds, Stopping threads took: 0.0000284 seconds
22.867: [GC (Allocation Failure)  79481K->633K(421376K), 0.0004960 secs]
22.868: Total time for which application threads were stopped: 0.0006149 seconds, Stopping threads took: 0.0000193 seconds
22.921: [GC (Allocation Failure)  78457K->633K(420352K), 0.0005604 secs]
22.922: Total time for which application threads were stopped: 0.0007227 seconds, Stopping threads took: 0.0000397 seconds
22.976: [GC (Allocation Failure)  77433K->697K(419328K), 0.0005718 secs]
22.976: Total time for which application threads were stopped: 0.0007262 seconds, Stopping threads took: 0.0000293 seconds
23.030: [GC (Allocation Failure)  76473K->633K(418304K), 0.0004327 secs]
23.031: Total time for which application threads were stopped: 0.0005675 seconds, Stopping threads took: 0.0000295 seconds
23.078: [GC (Allocation Failure)  75385K->697K(417280K), 0.0004831 secs]
23.078: Total time for which application threads were stopped: 0.0005924 seconds, Stopping threads took: 0.0000167 seconds
23.125: [GC (Allocation Failure)  74425K->633K(416256K), 0.0005081 secs]
23.126: Total time for which application threads were stopped: 0.0006282 seconds, Stopping threads took: 0.0000189 seconds
23.172: [GC (Allocation Failure)  73337K->665K(415232K), 0.0005078 secs]
23.172: Total time for which application threads were stopped: 0.0006473 seconds, Stopping threads took: 0.0000214 seconds
23.223: [GC (Allocation Failure)  72345K->633K(414208K), 0.0004256 secs]
23.224: Total time for which application threads were stopped: 0.0005527 seconds, Stopping threads took: 0.0000263 seconds
23.268: [GC (Allocation Failure)  71289K->633K(413184K), 0.0004595 secs]
23.269: Total time for which application threads were stopped: 0.0005900 seconds, Stopping threads took: 0.0000291 seconds
23.317: [GC (Allocation Failure)  70265K->633K(412160K), 0.0006479 secs]
23.318: Total time for which application threads were stopped: 0.0007555 seconds, Stopping threads took: 0.0000164 seconds
23.361: [GC (Allocation Failure)  69241K->665K(411136K), 0.0004977 secs]
23.361: Total time for which application threads were stopped: 0.0006538 seconds, Stopping threads took: 0.0000194 seconds
23.408: [GC (Allocation Failure)  68249K->665K(410112K), 0.0004379 secs]
23.409: Total time for which application threads were stopped: 0.0005831 seconds, Stopping threads took: 0.0000217 seconds
23.456: [GC (Allocation Failure)  67225K->633K(409088K), 0.0004242 secs]
23.457: Total time for which application threads were stopped: 0.0005302 seconds, Stopping threads took: 0.0000164 seconds
23.498: [GC (Allocation Failure)  66169K->633K(408064K), 0.0004138 secs]
23.498: Total time for which application threads were stopped: 0.0005237 seconds, Stopping threads took: 0.0000169 seconds
23.542: [GC (Allocation Failure)  65145K->697K(407040K), 0.0004334 secs]
23.542: Total time for which application threads were stopped: 0.0005267 seconds, Stopping threads took: 0.0000165 seconds
23.582: [GC (Allocation Failure)  64185K->665K(406016K), 0.0005686 secs]
23.583: Total time for which application threads were stopped: 0.0006797 seconds, Stopping threads took: 0.0000166 seconds
23.622: [GC (Allocation Failure)  63129K->633K(418816K), 0.0006904 secs]
23.623: Total time for which application threads were stopped: 0.0008213 seconds, Stopping threads took: 0.0000209 seconds
23.670: [GC (Allocation Failure)  75897K->665K(434176K), 0.0005033 secs]
23.671: Total time for which application threads were stopped: 0.0006440 seconds, Stopping threads took: 0.0000298 seconds
23.728: [GC (Allocation Failure)  91289K->665K(432640K), 0.0004138 secs]
23.729: Total time for which application threads were stopped: 0.0005414 seconds, Stopping threads took: 0.0000263 seconds
23.785: [GC (Allocation Failure)  89753K->601K(450560K), 0.0021887 secs]
23.787: Total time for which application threads were stopped: 0.0023172 seconds, Stopping threads took: 0.0000247 seconds
23.856: [GC (Allocation Failure)  107609K->665K(472064K), 0.0005837 secs]
23.857: Total time for which application threads were stopped: 0.0007020 seconds, Stopping threads took: 0.0000190 seconds
23.937: [GC (Allocation Failure)  129177K->633K(498176K), 0.0005645 secs]
23.938: Total time for which application threads were stopped: 0.0007161 seconds, Stopping threads took: 0.0000303 seconds
24.034: [GC (Allocation Failure)  155257K->601K(494080K), 0.0004528 secs]
24.035: Total time for which application threads were stopped: 0.0005719 seconds, Stopping threads took: 0.0000194 seconds
24.129: [GC (Allocation Failure)  151129K->601K(490496K), 0.0004821 secs]
24.129: Total time for which application threads were stopped: 0.0006032 seconds, Stopping threads took: 0.0000171 seconds
24.227: [GC (Allocation Failure)  147545K->601K(486912K), 0.0004203 secs]
24.227: Total time for which application threads were stopped: 0.0005424 seconds, Stopping threads took: 0.0000198 seconds
24.322: [GC (Allocation Failure)  143961K->601K(483328K), 0.0005172 secs]
24.322: Total time for which application threads were stopped: 0.0006424 seconds, Stopping threads took: 0.0000218 seconds
24.415: [GC (Allocation Failure)  140377K->601K(479744K), 0.0007989 secs]
24.416: Total time for which application threads were stopped: 0.0009256 seconds, Stopping threads took: 0.0000272 seconds
24.501: [GC (Allocation Failure)  136793K->665K(476672K), 0.0004712 secs]
24.502: Total time for which application threads were stopped: 0.0005988 seconds, Stopping threads took: 0.0000277 seconds
24.585: [GC (Allocation Failure)  133785K->665K(473600K), 0.0005208 secs]
24.586: Total time for which application threads were stopped: 0.0006636 seconds, Stopping threads took: 0.0000296 seconds
24.667: [GC (Allocation Failure)  130713K->665K(470528K), 0.0005063 secs]
24.667: Total time for which application threads were stopped: 0.0006506 seconds, Stopping threads took: 0.0000300 seconds
24.747: [GC (Allocation Failure)  127641K->569K(467456K), 0.0005978 secs]
24.748: Total time for which application threads were stopped: 0.0007307 seconds, Stopping threads took: 0.0000278 seconds
24.830: [GC (Allocation Failure)  124473K->601K(464896K), 0.0007353 secs]
24.831: Total time for which application threads were stopped: 0.0008456 seconds, Stopping threads took: 0.0000170 seconds
24.912: [GC (Allocation Failure)  121945K->697K(462336K), 0.0006583 secs]
24.913: Total time for which application threads were stopped: 0.0008124 seconds, Stopping threads took: 0.0000214 seconds
24.991: [GC (Allocation Failure)  119481K->665K(459776K), 0.0005267 secs]
24.991: Total time for which application threads were stopped: 0.0006690 seconds, Stopping threads took: 0.0000222 seconds
25.064: [GC (Allocation Failure)  116889K->633K(457216K), 0.0005169 secs]
25.065: Total time for which application threads were stopped: 0.0006424 seconds, Stopping threads took: 0.0000195 seconds
25.140: [GC (Allocation Failure)  114297K->665K(454656K), 0.0006926 secs]
25.141: Total time for which application threads were stopped: 0.0008390 seconds, Stopping threads took: 0.0000221 seconds
25.212: [GC (Allocation Failure)  111769K->665K(452096K), 0.0005257 secs]
25.212: Total time for which application threads were stopped: 0.0006517 seconds, Stopping threads took: 0.0000277 seconds
25.281: [GC (Allocation Failure)  109209K->665K(450048K), 0.0005356 secs]
25.282: Total time for which application threads were stopped: 0.0006559 seconds, Stopping threads took: 0.0000193 seconds
25.352: [GC (Allocation Failure)  107161K->697K(448000K), 0.0004677 secs]
25.352: Total time for which application threads were stopped: 0.0005965 seconds, Stopping threads took: 0.0000276 seconds
25.418: [GC (Allocation Failure)  105145K->633K(445952K), 0.0004948 secs]
25.418: Total time for which application threads were stopped: 0.0006185 seconds, Stopping threads took: 0.0000271 seconds
25.488: [GC (Allocation Failure)  103033K->665K(443904K), 0.0004496 secs]
25.488: Total time for which application threads were stopped: 0.0005702 seconds, Stopping threads took: 0.0000205 seconds
25.551: [GC (Allocation Failure)  101017K->633K(441856K), 0.0004993 secs]
25.552: Total time for which application threads were stopped: 0.0006356 seconds, Stopping threads took: 0.0000182 seconds
25.614: [GC (Allocation Failure)  98937K->697K(439808K), 0.0005651 secs]
25.614: Total time for which application threads were stopped: 0.0007089 seconds, Stopping threads took: 0.0000211 seconds
25.675: [GC (Allocation Failure)  96953K->697K(437760K), 0.0005192 secs]
25.675: Total time for which application threads were stopped: 0.0006575 seconds, Stopping threads took: 0.0000212 seconds
25.735: [GC (Allocation Failure)  94905K->697K(436224K), 0.0004553 secs]
25.735: Total time for which application threads were stopped: 0.0005916 seconds, Stopping threads took: 0.0000215 seconds
25.794: [GC (Allocation Failure)  93369K->601K(434688K), 0.0004514 secs]
25.794: Total time for which application threads were stopped: 0.0005559 seconds, Stopping threads took: 0.0000247 seconds
25.852: [GC (Allocation Failure)  91737K->601K(433152K), 0.0005011 secs]
25.853: Total time for which application threads were stopped: 0.0006481 seconds, Stopping threads took: 0.0000293 seconds
25.909: [GC (Allocation Failure)  90201K->697K(431616K), 0.0006085 secs]
25.910: Total time for which application threads were stopped: 0.0007896 seconds, Stopping threads took: 0.0000432 seconds
25.965: [GC (Allocation Failure)  88761K->665K(430080K), 0.0006069 secs]
25.966: Total time for which application threads were stopped: 0.0007456 seconds, Stopping threads took: 0.0000268 seconds
26.023: [GC (Allocation Failure)  87193K->665K(428544K), 0.0004693 secs]
26.024: Total time for which application threads were stopped: 0.0005990 seconds, Stopping threads took: 0.0000200 seconds
26.078: [GC (Allocation Failure)  85657K->569K(427008K), 0.0004666 secs]
26.078: Total time for which application threads were stopped: 0.0005893 seconds, Stopping threads took: 0.0000198 seconds
26.131: [GC (Allocation Failure)  84025K->633K(425472K), 0.0004834 secs]
26.131: Total time for which application threads were stopped: 0.0006085 seconds, Stopping threads took: 0.0000202 seconds
26.183: [GC (Allocation Failure)  82553K->697K(423936K), 0.0004923 secs]
26.184: Total time for which application threads were stopped: 0.0006311 seconds, Stopping threads took: 0.0000198 seconds
26.235: [GC (Allocation Failure)  81081K->697K(422400K), 0.0004132 secs]
26.236: Total time for which application threads were stopped: 0.0005451 seconds, Stopping threads took: 0.0000259 seconds
26.285: [GC (Allocation Failure)  79545K->665K(421376K), 0.0005654 secs]
26.286: Total time for which application threads were stopped: 0.0007067 seconds, Stopping threads took: 0.0000286 seconds
26.338: [GC (Allocation Failure)  78489K->633K(420352K), 0.0005122 secs]
26.338: Total time for which application threads were stopped: 0.0006505 seconds, Stopping threads took: 0.0000210 seconds
26.387: [GC (Allocation Failure)  77433K->633K(419328K), 0.0004761 secs]
26.387: Total time for which application threads were stopped: 0.0006021 seconds, Stopping threads took: 0.0000208 seconds
26.441: [GC (Allocation Failure)  76409K->665K(418304K), 0.0004757 secs]
26.441: Total time for which application threads were stopped: 0.0005999 seconds, Stopping threads took: 0.0000197 seconds
26.488: [GC (Allocation Failure)  75417K->665K(417280K), 0.0005307 secs]
26.489: Total time for which application threads were stopped: 0.0006501 seconds, Stopping threads took: 0.0000193 seconds
26.535: [GC (Allocation Failure)  74393K->633K(416256K), 0.0005546 secs]
26.536: Total time for which application threads were stopped: 0.0006829 seconds, Stopping threads took: 0.0000270 seconds
26.581: [GC (Allocation Failure)  73337K->633K(415232K), 0.0005698 secs]
26.582: Total time for which application threads were stopped: 0.0006947 seconds, Stopping threads took: 0.0000267 seconds
26.627: [GC (Allocation Failure)  72313K->665K(414208K), 0.0005188 secs]
26.628: Total time for which application threads were stopped: 0.0006386 seconds, Stopping threads took: 0.0000192 seconds
26.672: [GC (Allocation Failure)  71321K->697K(413184K), 0.0005491 secs]
26.673: Total time for which application threads were stopped: 0.0006662 seconds, Stopping threads took: 0.0000190 seconds
26.717: [GC (Allocation Failure)  70329K->633K(412160K), 0.0005754 secs]
26.717: Total time for which application threads were stopped: 0.0007013 seconds, Stopping threads took: 0.0000271 seconds
26.761: [GC (Allocation Failure)  69241K->633K(411136K), 0.0004300 secs]
26.761: Total time for which application threads were stopped: 0.0005307 seconds, Stopping threads took: 0.0000156 seconds
26.805: [GC (Allocation Failure)  68217K->697K(410112K), 0.0005368 secs]
26.805: Total time for which application threads were stopped: 0.0006893 seconds, Stopping threads took: 0.0000250 seconds
26.847: [GC (Allocation Failure)  67257K->665K(409088K), 0.0004660 secs]
26.848: Total time for which application threads were stopped: 0.0005842 seconds, Stopping threads took: 0.0000189 seconds
26.889: [GC (Allocation Failure)  66201K->665K(408064K), 0.0004615 secs]
26.890: Total time for which application threads were stopped: 0.0005934 seconds, Stopping threads took: 0.0000195 seconds
26.930: [GC (Allocation Failure)  65177K->665K(421376K), 0.0005843 secs]
26.931: Total time for which application threads were stopped: 0.0007145 seconds, Stopping threads took: 0.0000213 seconds
26.984: [GC (Allocation Failure)  78489K->697K(437248K), 0.0005966 secs]
26.984: Total time for which application threads were stopped: 0.0007360 seconds, Stopping threads took: 0.0000164 seconds
27.048: [GC (Allocation Failure)  94393K->601K(435712K), 0.0005948 secs]
27.049: Total time for which application threads were stopped: 0.0007327 seconds, Stopping threads took: 0.0000189 seconds
27.111: [GC (Allocation Failure)  92761K->633K(434176K), 0.0004110 secs]
27.112: Total time for which application threads were stopped: 0.0005159 seconds, Stopping threads took: 0.0000170 seconds
27.169: [GC (Allocation Failure)  91257K->697K(432640K), 0.0004823 secs]
27.169: Total time for which application threads were stopped: 0.0005934 seconds, Stopping threads took: 0.0000171 seconds
27.225: [GC (Allocation Failure)  89785K->633K(431104K), 0.0005461 secs]
27.226: Total time for which application threads were stopped: 0.0006652 seconds, Stopping threads took: 0.0000254 seconds
27.286: [GC (Allocation Failure)  88185K->601K(429568K), 0.0004382 secs]
27.287: Total time for which application threads were stopped: 0.0005667 seconds, Stopping threads took: 0.0000204 seconds
27.344: [GC (Allocation Failure)  86617K->729K(428032K), 0.0005551 secs]
27.345: Total time for which application threads were stopped: 0.0006760 seconds, Stopping threads took: 0.0000195 seconds
27.398: [GC (Allocation Failure)  85209K->601K(426496K), 0.0005379 secs]
27.398: Total time for which application threads were stopped: 0.0006550 seconds, Stopping threads took: 0.0000184 seconds
27.450: [GC (Allocation Failure)  83545K->665K(424960K), 0.0004684 secs]
27.451: Total time for which application threads were stopped: 0.0005834 seconds, Stopping threads took: 0.0000186 seconds
27.502: [GC (Allocation Failure)  82073K->665K(423424K), 0.0005272 secs]
27.502: Total time for which application threads were stopped: 0.0006523 seconds, Stopping threads took: 0.0000279 seconds
27.552: [GC (Allocation Failure)  80537K->633K(422400K), 0.0004831 secs]
27.553: Total time for which application threads were stopped: 0.0006112 seconds, Stopping threads took: 0.0000272 seconds
27.608: [GC (Allocation Failure)  79481K->665K(421376K), 0.0004828 secs]
27.609: Total time for which application threads were stopped: 0.0005988 seconds, Stopping threads took: 0.0000192 seconds
27.658: [GC (Allocation Failure)  78489K->601K(420352K), 0.0005925 secs]
27.658: Total time for which application threads were stopped: 0.0007108 seconds, Stopping threads took: 0.0000193 seconds
27.709: [GC (Allocation Failure)  77401K->697K(419328K), 0.0006296 secs]
27.710: Total time for which application threads were stopped: 0.0007651 seconds, Stopping threads took: 0.0000199 seconds
27.764: [GC (Allocation Failure)  76473K->633K(418304K), 0.0005611 secs]
27.764: Total time for which application threads were stopped: 0.0007102 seconds, Stopping threads took: 0.0000298 seconds
27.817: [GC (Allocation Failure)  75385K->633K(417280K), 0.0005274 secs]
27.817: Total time for which application threads were stopped: 0.0006918 seconds, Stopping threads took: 0.0000288 seconds
27.867: [GC (Allocation Failure)  74361K->665K(416256K), 0.0004805 secs]
27.868: Total time for which application threads were stopped: 0.0006162 seconds, Stopping threads took: 0.0000219 seconds
27.913: [GC (Allocation Failure)  73369K->665K(415232K), 0.0005409 secs]
27.914: Total time for which application threads were stopped: 0.0006619 seconds, Stopping threads took: 0.0000202 seconds
27.959: [GC (Allocation Failure)  72345K->665K(414208K), 0.0004880 secs]
27.960: Total time for which application threads were stopped: 0.0006113 seconds, Stopping threads took: 0.0000200 seconds
28.004: [GC (Allocation Failure)  71321K->633K(413184K), 0.0005701 secs]
28.005: Total time for which application threads were stopped: 0.0007179 seconds, Stopping threads took: 0.0000204 seconds
28.055: [GC (Allocation Failure)  70265K->601K(412160K), 0.0004877 secs]
28.056: Total time for which application threads were stopped: 0.0006105 seconds, Stopping threads took: 0.0000192 seconds
28.104: [GC (Allocation Failure)  69209K->665K(411136K), 0.0004986 secs]
28.105: Total time for which application threads were stopped: 0.0006405 seconds, Stopping threads took: 0.0000296 seconds
28.147: [GC (Allocation Failure)  68249K->633K(410112K), 0.0004994 secs]
28.148: Total time for which application threads were stopped: 0.0006466 seconds, Stopping threads took: 0.0000290 seconds
28.195: [GC (Allocation Failure)  67193K->697K(409088K), 0.0005737 secs]
28.196: Total time for which application threads were stopped: 0.0007233 seconds, Stopping threads took: 0.0000216 seconds
28.238: [GC (Allocation Failure)  66233K->601K(408064K), 0.0004592 secs]
28.239: Total time for which application threads were stopped: 0.0005847 seconds, Stopping threads took: 0.0000170 seconds
28.285: [GC (Allocation Failure)  65113K->697K(407040K), 0.0005431 secs]
28.286: Total time for which application threads were stopped: 0.0006934 seconds, Stopping threads took: 0.0000304 seconds
28.326: [GC (Allocation Failure)  64185K->697K(406016K), 0.0005345 secs]
28.326: Total time for which application threads were stopped: 0.0006787 seconds, Stopping threads took: 0.0000227 seconds
28.366: [GC (Allocation Failure)  63161K->633K(405504K), 0.0004905 secs]
28.366: Total time for which application threads were stopped: 0.0006342 seconds, Stopping threads took: 0.0000284 seconds
28.411: [GC (Allocation Failure)  62585K->665K(404992K), 0.0004904 secs]
28.412: Total time for which application threads were stopped: 0.0006174 seconds, Stopping threads took: 0.0000271 seconds
28.456: [GC (Allocation Failure)  62105K->633K(404480K), 0.0004468 secs]
28.457: Total time for which application threads were stopped: 0.0005677 seconds, Stopping threads took: 0.0000196 seconds
28.495: [GC (Allocation Failure)  61561K->633K(403968K), 0.0005302 secs]
28.496: Total time for which application threads were stopped: 0.0006655 seconds, Stopping threads took: 0.0000195 seconds
28.534: [GC (Allocation Failure)  61049K->633K(416256K), 0.0004905 secs]
28.534: Total time for which application threads were stopped: 0.0006350 seconds, Stopping threads took: 0.0000277 seconds
28.580: [GC (Allocation Failure)  73337K->697K(431104K), 0.0006170 secs]
28.581: Total time for which application threads were stopped: 0.0007411 seconds, Stopping threads took: 0.0000213 seconds
28.642: [GC (Allocation Failure)  88249K->633K(449024K), 0.0006671 secs]
28.643: Total time for which application threads were stopped: 0.0007768 seconds, Stopping threads took: 0.0000165 seconds
28.715: [GC (Allocation Failure)  106105K->633K(446976K), 0.0005646 secs]
28.715: Total time for which application threads were stopped: 0.0006853 seconds, Stopping threads took: 0.0000201 seconds
28.782: [GC (Allocation Failure)  104057K->665K(444928K), 0.0005513 secs]
28.782: Total time for which application threads were stopped: 0.0006874 seconds, Stopping threads took: 0.0000254 seconds
28.851: [GC (Allocation Failure)  102041K->633K(442880K), 0.0005202 secs]
28.851: Total time for which application threads were stopped: 0.0006321 seconds, Stopping threads took: 0.0000195 seconds
28.918: [GC (Allocation Failure)  99961K->633K(440832K), 0.0003889 secs]
28.919: Total time for which application threads were stopped: 0.0005036 seconds, Stopping threads took: 0.0000172 seconds
28.980: [GC (Allocation Failure)  97913K->633K(438784K), 0.0004205 secs]
28.981: Total time for which application threads were stopped: 0.0005297 seconds, Stopping threads took: 0.0000160 seconds
29.040: [GC (Allocation Failure)  95865K->665K(437248K), 0.0004669 secs]
29.041: Total time for which application threads were stopped: 0.0005902 seconds, Stopping threads took: 0.0000199 seconds
29.099: [GC (Allocation Failure)  94361K->633K(435712K), 0.0004742 secs]
29.100: Total time for which application threads were stopped: 0.0006037 seconds, Stopping threads took: 0.0000193 seconds
29.157: [GC (Allocation Failure)  92793K->601K(434176K), 0.0004696 secs]
29.158: Total time for which application threads were stopped: 0.0005986 seconds, Stopping threads took: 0.0000271 seconds
29.215: [GC (Allocation Failure)  91225K->601K(432640K), 0.0004942 secs]
29.215: Total time for which application threads were stopped: 0.0006187 seconds, Stopping threads took: 0.0000267 seconds
29.273: [GC (Allocation Failure)  89689K->665K(431104K), 0.0005653 secs]
29.274: Total time for which application threads were stopped: 0.0006934 seconds, Stopping threads took: 0.0000270 seconds
29.332: [GC (Allocation Failure)  88217K->633K(429568K), 0.0004722 secs]
29.332: Total time for which application threads were stopped: 0.0005972 seconds, Stopping threads took: 0.0000275 seconds
29.391: [GC (Allocation Failure)  86649K->665K(428032K), 0.0005054 secs]
29.392: Total time for which application threads were stopped: 0.0006327 seconds, Stopping threads took: 0.0000271 seconds
29.445: [GC (Allocation Failure)  85145K->697K(426496K), 0.0005132 secs]
29.445: Total time for which application threads were stopped: 0.0006354 seconds, Stopping threads took: 0.0000189 seconds
29.497: [GC (Allocation Failure)  83641K->633K(424960K), 0.0006708 secs]
29.498: Total time for which application threads were stopped: 0.0007979 seconds, Stopping threads took: 0.0000196 seconds
29.549: [GC (Allocation Failure)  82041K->729K(423424K), 0.0004938 secs]
29.550: Total time for which application threads were stopped: 0.0006116 seconds, Stopping threads took: 0.0000192 seconds
29.600: [GC (Allocation Failure)  80601K->665K(422400K), 0.0006161 secs]
29.600: Total time for which application threads were stopped: 0.0007359 seconds, Stopping threads took: 0.0000195 seconds
29.650: [GC (Allocation Failure)  79513K->601K(421376K), 0.0004706 secs]
29.650: Total time for which application threads were stopped: 0.0006081 seconds, Stopping threads took: 0.0000274 seconds
29.705: [GC (Allocation Failure)  78425K->633K(420352K), 0.0005528 secs]
29.705: Total time for which application threads were stopped: 0.0006756 seconds, Stopping threads took: 0.0000196 seconds
29.755: [GC (Allocation Failure)  77433K->633K(419328K), 0.0005311 secs]
29.756: Total time for which application threads were stopped: 0.0006576 seconds, Stopping threads took: 0.0000254 seconds
29.805: [GC (Allocation Failure)  76409K->665K(418304K), 0.0004747 secs]
29.805: Total time for which application threads were stopped: 0.0005994 seconds, Stopping threads took: 0.0000244 seconds
29.852: [GC (Allocation Failure)  75417K->633K(417280K), 0.0004945 secs]
29.853: Total time for which application threads were stopped: 0.0006393 seconds, Stopping threads took: 0.0000265 seconds
29.900: [GC (Allocation Failure)  74361K->633K(416256K), 0.0004922 secs]
29.900: Total time for which application threads were stopped: 0.0006402 seconds, Stopping threads took: 0.0000295 seconds
29.946: [GC (Allocation Failure)  73337K->633K(415232K), 0.0005338 secs]
29.947: Total time for which application threads were stopped: 0.0007279 seconds, Stopping threads took: 0.0000230 seconds
29.995: [GC (Allocation Failure)  72313K->633K(414208K), 0.0005230 secs]
29.996: Total time for which application threads were stopped: 0.0006682 seconds, Stopping threads took: 0.0000226 seconds
30.046: [GC (Allocation Failure)  71289K->665K(413184K), 0.0005459 secs]
30.047: Total time for which application threads were stopped: 0.0007037 seconds, Stopping threads took: 0.0000310 seconds
30.091: [GC (Allocation Failure)  70297K->633K(412160K), 0.0005020 secs]
30.091: Total time for which application threads were stopped: 0.0006379 seconds, Stopping threads took: 0.0000229 seconds
30.141: [GC (Allocation Failure)  69241K->729K(411136K), 0.0006221 secs]
30.141: Total time for which application threads were stopped: 0.0007364 seconds, Stopping threads took: 0.0000189 seconds
30.184: [GC (Allocation Failure)  68313K->601K(424960K), 0.0006508 secs]
30.184: Total time for which application threads were stopped: 0.0008008 seconds, Stopping threads took: 0.0000293 seconds
30.236: [GC (Allocation Failure)  82009K->665K(441344K), 0.0005490 secs]
30.237: Total time for which application threads were stopped: 0.0006691 seconds, Stopping threads took: 0.0000198 seconds
30.304: [GC (Allocation Failure)  98457K->665K(439296K), 0.0004669 secs]
30.305: Total time for which application threads were stopped: 0.0005994 seconds, Stopping threads took: 0.0000277 seconds
30.365: [GC (Allocation Failure)  96409K->601K(437760K), 0.0006632 secs]
30.366: Total time for which application threads were stopped: 0.0007825 seconds, Stopping threads took: 0.0000201 seconds
30.425: [GC (Allocation Failure)  94809K->665K(436224K), 0.0004656 secs]
30.426: Total time for which application threads were stopped: 0.0006032 seconds, Stopping threads took: 0.0000295 seconds
30.484: [GC (Allocation Failure)  93337K->665K(434688K), 0.0004451 secs]
30.485: Total time for which application threads were stopped: 0.0005667 seconds, Stopping threads took: 0.0000204 seconds
30.542: [GC (Allocation Failure)  91801K->633K(433152K), 0.0003872 secs]
30.542: Total time for which application threads were stopped: 0.0005143 seconds, Stopping threads took: 0.0000164 seconds
30.599: [GC (Allocation Failure)  90233K->633K(431616K), 0.0007301 secs]
30.599: Total time for which application threads were stopped: 0.0008356 seconds, Stopping threads took: 0.0000168 seconds
30.655: [GC (Allocation Failure)  88697K->601K(430080K), 0.0006006 secs]
30.656: Total time for which application threads were stopped: 0.0007100 seconds, Stopping threads took: 0.0000166 seconds
30.715: [GC (Allocation Failure)  87129K->633K(428544K), 0.0003938 secs]
30.715: Total time for which application threads were stopped: 0.0004995 seconds, Stopping threads took: 0.0000165 seconds
30.770: [GC (Allocation Failure)  85625K->697K(427008K), 0.0004958 secs]
30.770: Total time for which application threads were stopped: 0.0006193 seconds, Stopping threads took: 0.0000259 seconds
30.830: [GC (Allocation Failure)  84153K->665K(425472K), 0.0004635 secs]
30.830: Total time for which application threads were stopped: 0.0005923 seconds, Stopping threads took: 0.0000206 seconds
30.887: [GC (Allocation Failure)  82585K->633K(423936K), 0.0005658 secs]
30.888: Total time for which application threads were stopped: 0.0007091 seconds, Stopping threads took: 0.0000215 seconds
30.938: [GC (Allocation Failure)  81017K->665K(422400K), 0.0006525 secs]
30.939: Total time for which application threads were stopped: 0.0008036 seconds, Stopping threads took: 0.0000223 seconds
30.992: [GC (Allocation Failure)  79513K->665K(421376K), 0.0005802 secs]
30.993: Total time for which application threads were stopped: 0.0007171 seconds, Stopping threads took: 0.0000216 seconds
31.048: [GC (Allocation Failure)  78489K->665K(420352K), 0.0005237 secs]
31.049: Total time for which application threads were stopped: 0.0006560 seconds, Stopping threads took: 0.0000228 seconds
31.103: [GC (Allocation Failure)  77465K->633K(419328K), 0.0004856 secs]
31.103: Total time for which application threads were stopped: 0.0006537 seconds, Stopping threads took: 0.0000214 seconds
31.151: [GC (Allocation Failure)  76409K->697K(418304K), 0.0006390 secs]
31.152: Total time for which application threads were stopped: 0.0007731 seconds, Stopping threads took: 0.0000208 seconds
31.198: [GC (Allocation Failure)  75449K->665K(417280K), 0.0005239 secs]
31.199: Total time for which application threads were stopped: 0.0006676 seconds, Stopping threads took: 0.0000227 seconds
31.246: [GC (Allocation Failure)  74393K->633K(416256K), 0.0004653 secs]
31.247: Total time for which application threads were stopped: 0.0006048 seconds, Stopping threads took: 0.0000268 seconds
31.298: [GC (Allocation Failure)  73337K->665K(415232K), 0.0005146 secs]
31.298: Total time for which application threads were stopped: 0.0006526 seconds, Stopping threads took: 0.0000218 seconds
31.350: [GC (Allocation Failure)  72345K->697K(414208K), 0.0005246 secs]
31.350: Total time for which application threads were stopped: 0.0006645 seconds, Stopping threads took: 0.0000279 seconds
31.395: [GC (Allocation Failure)  71353K->697K(413184K), 0.0004275 secs]
31.395: Total time for which application threads were stopped: 0.0005347 seconds, Stopping threads took: 0.0000173 seconds
31.444: [GC (Allocation Failure)  70329K->633K(412160K), 0.0004953 secs]
31.445: Total time for which application threads were stopped: 0.0006050 seconds, Stopping threads took: 0.0000164 seconds
31.488: [GC (Allocation Failure)  69241K->633K(411136K), 0.0004982 secs]
31.489: Total time for which application threads were stopped: 0.0006438 seconds, Stopping threads took: 0.0000190 seconds
31.538: [GC (Allocation Failure)  68217K->633K(410112K), 0.0006084 secs]
31.539: Total time for which application threads were stopped: 0.0007605 seconds, Stopping threads took: 0.0000219 seconds
31.586: [GC (Allocation Failure)  67193K->665K(409088K), 0.0006507 secs]
31.587: Total time for which application threads were stopped: 0.0007960 seconds, Stopping threads took: 0.0000223 seconds
31.628: [GC (Allocation Failure)  66201K->633K(422400K), 0.0006287 secs]
31.629: Total time for which application threads were stopped: 0.0007747 seconds, Stopping threads took: 0.0000224 seconds
31.678: [GC (Allocation Failure)  79481K->601K(438272K), 0.0005944 secs]
31.679: Total time for which application threads were stopped: 0.0007331 seconds, Stopping threads took: 0.0000221 seconds
31.742: [GC (Allocation Failure)  95321K->633K(436736K), 0.0004223 secs]
31.743: Total time for which application threads were stopped: 0.0005531 seconds, Stopping threads took: 0.0000286 seconds
31.807: [GC (Allocation Failure)  93817K->633K(435200K), 0.0004269 secs]
31.808: Total time for which application threads were stopped: 0.0005322 seconds, Stopping threads took: 0.0000151 seconds
31.865: [GC (Allocation Failure)  92281K->633K(433664K), 0.0005840 secs]
31.866: Total time for which application threads were stopped: 0.0007270 seconds, Stopping threads took: 0.0000272 seconds
31.922: [GC (Allocation Failure)  90745K->665K(432128K), 0.0005325 secs]
31.923: Total time for which application threads were stopped: 0.0006641 seconds, Stopping threads took: 0.0000214 seconds
31.985: [GC (Allocation Failure)  89241K->697K(430592K), 0.0005187 secs]
31.985: Total time for which application threads were stopped: 0.0006587 seconds, Stopping threads took: 0.0000293 seconds
32.040: [GC (Allocation Failure)  87737K->697K(429056K), 0.0004954 secs]
32.040: Total time for which application threads were stopped: 0.0006260 seconds, Stopping threads took: 0.0000208 seconds
32.094: [GC (Allocation Failure)  86201K->601K(427520K), 0.0006885 secs]
32.095: Total time for which application threads were stopped: 0.0008080 seconds, Stopping threads took: 0.0000192 seconds
32.153: [GC (Allocation Failure)  84569K->633K(425984K), 0.0005527 secs]
32.154: Total time for which application threads were stopped: 0.0008338 seconds, Stopping threads took: 0.0001638 seconds
32.209: [GC (Allocation Failure)  83065K->697K(424448K), 0.0005999 secs]
32.209: Total time for which application threads were stopped: 0.0007277 seconds, Stopping threads took: 0.0000275 seconds
32.266: [GC (Allocation Failure)  81593K->633K(422912K), 0.0004823 secs]
32.266: Total time for which application threads were stopped: 0.0006119 seconds, Stopping threads took: 0.0000282 seconds
32.322: [GC (Allocation Failure)  79993K->633K(421888K), 0.0006162 secs]
32.323: Total time for which application threads were stopped: 0.0007341 seconds, Stopping threads took: 0.0000208 seconds
32.372: [GC (Allocation Failure)  78969K->633K(420864K), 0.0006956 secs]
32.373: Total time for which application threads were stopped: 0.0008016 seconds, Stopping threads took: 0.0000170 seconds
32.421: [GC (Allocation Failure)  77945K->601K(419840K), 0.0004804 secs]
32.422: Total time for which application threads were stopped: 0.0006195 seconds, Stopping threads took: 0.0000284 seconds
32.470: [GC (Allocation Failure)  76889K->665K(418816K), 0.0004454 secs]
32.470: Total time for which application threads were stopped: 0.0005832 seconds, Stopping threads took: 0.0000215 seconds
32.518: [GC (Allocation Failure)  75929K->601K(417792K), 0.0006429 secs]
32.518: Total time for which application threads were stopped: 0.0007676 seconds, Stopping threads took: 0.0000279 seconds
32.570: [GC (Allocation Failure)  74841K->697K(416768K), 0.0004692 secs]
32.570: Total time for which application threads were stopped: 0.0005929 seconds, Stopping threads took: 0.0000214 seconds
32.617: [GC (Allocation Failure)  73913K->633K(415744K), 0.0005979 secs]
32.617: Total time for which application threads were stopped: 0.0007072 seconds, Stopping threads took: 0.0000165 seconds
32.663: [GC (Allocation Failure)  72825K->665K(414720K), 0.0005210 secs]
32.663: Total time for which application threads were stopped: 0.0006563 seconds, Stopping threads took: 0.0000223 seconds
32.708: [GC (Allocation Failure)  71833K->633K(429056K), 0.0006043 secs]
32.709: Total time for which application threads were stopped: 0.0007519 seconds, Stopping threads took: 0.0000218 seconds
32.770: [GC (Allocation Failure)  86137K->601K(427520K), 0.0004917 secs]
32.770: Total time for which application threads were stopped: 0.0006209 seconds, Stopping threads took: 0.0000227 seconds
32.827: [GC (Allocation Failure)  84569K->633K(425984K), 0.0004706 secs]
32.828: Total time for which application threads were stopped: 0.0005920 seconds, Stopping threads took: 0.0000201 seconds
32.880: [GC (Allocation Failure)  83065K->633K(424448K), 0.0004849 secs]
32.880: Total time for which application threads were stopped: 0.0006238 seconds, Stopping threads took: 0.0000213 seconds
32.936: [GC (Allocation Failure)  81529K->633K(422912K), 0.0005577 secs]
32.937: Total time for which application threads were stopped: 0.0007051 seconds, Stopping threads took: 0.0000294 seconds
32.993: [GC (Allocation Failure)  79993K->665K(421888K), 0.0004905 secs]
32.994: Total time for which application threads were stopped: 0.0006306 seconds, Stopping threads took: 0.0000296 seconds
33.049: [GC (Allocation Failure)  79001K->665K(420864K), 0.0005098 secs]
33.050: Total time for which application threads were stopped: 0.0006451 seconds, Stopping threads took: 0.0000285 seconds
33.098: [GC (Allocation Failure)  77977K->601K(419840K), 0.0005246 secs]
33.099: Total time for which application threads were stopped: 0.0006756 seconds, Stopping threads took: 0.0000300 seconds
33.147: [GC (Allocation Failure)  76889K->697K(418816K), 0.0005124 secs]
33.147: Total time for which application threads were stopped: 0.0006415 seconds, Stopping threads took: 0.0000199 seconds
33.195: [GC (Allocation Failure)  75961K->633K(417792K), 0.0004858 secs]
33.195: Total time for which application threads were stopped: 0.0006269 seconds, Stopping threads took: 0.0000212 seconds
33.245: [GC (Allocation Failure)  74873K->633K(416768K), 0.0004375 secs]
33.246: Total time for which application threads were stopped: 0.0005560 seconds, Stopping threads took: 0.0000259 seconds
33.292: [GC (Allocation Failure)  73849K->665K(415744K), 0.0004206 secs]
33.292: Total time for which application threads were stopped: 0.0005455 seconds, Stopping threads took: 0.0000278 seconds
33.343: [GC (Allocation Failure)  72857K->633K(414720K), 0.0004884 secs]
33.343: Total time for which application threads were stopped: 0.0005984 seconds, Stopping threads took: 0.0000168 seconds
33.388: [GC (Allocation Failure)  71801K->697K(413696K), 0.0005325 secs]
33.389: Total time for which application threads were stopped: 0.0006668 seconds, Stopping threads took: 0.0000212 seconds
33.438: [GC (Allocation Failure)  70841K->601K(412672K), 0.0005096 secs]
33.439: Total time for which application threads were stopped: 0.0006520 seconds, Stopping threads took: 0.0000273 seconds
33.486: [GC (Allocation Failure)  69721K->665K(411648K), 0.0005082 secs]
33.486: Total time for which application threads were stopped: 0.0006429 seconds, Stopping threads took: 0.0000213 seconds
33.529: [GC (Allocation Failure)  68761K->633K(410624K), 0.0004523 secs]
33.530: Total time for which application threads were stopped: 0.0005769 seconds, Stopping threads took: 0.0000208 seconds
33.578: [GC (Allocation Failure)  67705K->633K(409600K), 0.0004615 secs]
33.578: Total time for which application threads were stopped: 0.0005783 seconds, Stopping threads took: 0.0000186 seconds
33.626: [GC (Allocation Failure)  66681K->665K(408576K), 0.0004499 secs]
33.626: Total time for which application threads were stopped: 0.0005643 seconds, Stopping threads took: 0.0000182 seconds
33.667: [GC (Allocation Failure)  65689K->601K(407552K), 0.0005834 secs]
33.668: Total time for which application threads were stopped: 0.0006886 seconds, Stopping threads took: 0.0000169 seconds
33.712: [GC (Allocation Failure)  64601K->665K(406528K), 0.0004944 secs]
33.713: Total time for which application threads were stopped: 0.0006436 seconds, Stopping threads took: 0.0000281 seconds
33.753: [GC (Allocation Failure)  63641K->601K(405504K), 0.0004798 secs]
33.754: Total time for which application threads were stopped: 0.0006037 seconds, Stopping threads took: 0.0000256 seconds
33.794: [GC (Allocation Failure)  62553K->601K(404992K), 0.0005027 secs]
33.794: Total time for which application threads were stopped: 0.0006400 seconds, Stopping threads took: 0.0000275 seconds
33.837: [GC (Allocation Failure)  62041K->665K(417280K), 0.0005979 secs]
33.837: Total time for which application threads were stopped: 0.0007233 seconds, Stopping threads took: 0.0000271 seconds
33.883: [GC (Allocation Failure)  74393K->665K(416256K), 0.0004668 secs]
33.884: Total time for which application threads were stopped: 0.0005918 seconds, Stopping threads took: 0.0000274 seconds
33.930: [GC (Allocation Failure)  73369K->601K(415232K), 0.0003826 secs]
33.930: Total time for which application threads were stopped: 0.0005009 seconds, Stopping threads took: 0.0000188 seconds
33.978: [GC (Allocation Failure)  72281K->665K(414208K), 0.0005386 secs]
33.979: Total time for which application threads were stopped: 0.0006747 seconds, Stopping threads took: 0.0000193 seconds
34.023: [GC (Allocation Failure)  71321K->633K(413184K), 0.0004551 secs]
34.024: Total time for which application threads were stopped: 0.0006059 seconds, Stopping threads took: 0.0000212 seconds
34.073: [GC (Allocation Failure)  70265K->665K(412160K), 0.0004500 secs]
34.074: Total time for which application threads were stopped: 0.0005588 seconds, Stopping threads took: 0.0000170 seconds
34.117: [GC (Allocation Failure)  69273K->633K(411136K), 0.0005954 secs]
34.118: Total time for which application threads were stopped: 0.0007338 seconds, Stopping threads took: 0.0000376 seconds
34.167: [GC (Allocation Failure)  68217K->665K(410112K), 0.0004843 secs]
34.167: Total time for which application threads were stopped: 0.0006088 seconds, Stopping threads took: 0.0000270 seconds
34.209: [GC (Allocation Failure)  67225K->633K(409088K), 0.0004974 secs]
34.209: Total time for which application threads were stopped: 0.0006380 seconds, Stopping threads took: 0.0000267 seconds
34.255: [GC (Allocation Failure)  66169K->633K(408064K), 0.0005311 secs]
34.255: Total time for which application threads were stopped: 0.0006552 seconds, Stopping threads took: 0.0000267 seconds
34.301: [GC (Allocation Failure)  65145K->697K(407040K), 0.0005602 secs]
34.302: Total time for which application threads were stopped: 0.0007096 seconds, Stopping threads took: 0.0000303 seconds
34.342: [GC (Allocation Failure)  64185K->633K(419840K), 0.0006877 secs]
34.342: Total time for which application threads were stopped: 0.0008476 seconds, Stopping threads took: 0.0000301 seconds
34.396: [GC (Allocation Failure)  76921K->697K(435200K), 0.0005013 secs]
34.397: Total time for which application threads were stopped: 0.0006324 seconds, Stopping threads took: 0.0000211 seconds
34.455: [GC (Allocation Failure)  92345K->665K(433664K), 0.0004711 secs]
34.455: Total time for which application threads were stopped: 0.0005965 seconds, Stopping threads took: 0.0000223 seconds
34.511: [GC (Allocation Failure)  90777K->665K(432128K), 0.0005798 secs]
34.512: Total time for which application threads were stopped: 0.0006989 seconds, Stopping threads took: 0.0000194 seconds
34.568: [GC (Allocation Failure)  89241K->633K(430592K), 0.0005734 secs]
34.568: Total time for which application threads were stopped: 0.0007091 seconds, Stopping threads took: 0.0000197 seconds
34.623: [GC (Allocation Failure)  87673K->697K(429056K), 0.0005026 secs]
34.624: Total time for which application threads were stopped: 0.0006520 seconds, Stopping threads took: 0.0000228 seconds
34.677: [GC (Allocation Failure)  86201K->697K(427520K), 0.0005831 secs]
34.678: Total time for which application threads were stopped: 0.0007211 seconds, Stopping threads took: 0.0000218 seconds
34.734: [GC (Allocation Failure)  84665K->697K(425984K), 0.0004269 secs]
34.735: Total time for which application threads were stopped: 0.0005542 seconds, Stopping threads took: 0.0000275 seconds
34.787: [GC (Allocation Failure)  83129K->665K(424448K), 0.0005122 secs]
34.787: Total time for which application threads were stopped: 0.0006368 seconds, Stopping threads took: 0.0000258 seconds
34.841: [GC (Allocation Failure)  81561K->697K(422912K), 0.0004823 secs]
34.842: Total time for which application threads were stopped: 0.0006099 seconds, Stopping threads took: 0.0000182 seconds
34.892: [GC (Allocation Failure)  80057K->665K(421888K), 0.0006145 secs]
34.892: Total time for which application threads were stopped: 0.0007402 seconds, Stopping threads took: 0.0000223 seconds
34.941: [GC (Allocation Failure)  79001K->697K(420864K), 0.0004369 secs]
34.942: Total time for which application threads were stopped: 0.0005446 seconds, Stopping threads took: 0.0000176 seconds
34.990: [GC (Allocation Failure)  78009K->665K(419840K), 0.0004695 secs]
34.991: Total time for which application threads were stopped: 0.0005903 seconds, Stopping threads took: 0.0000202 seconds
35.039: [GC (Allocation Failure)  76953K->697K(418816K), 0.0005027 secs]
35.039: Total time for which application threads were stopped: 0.0006313 seconds, Stopping threads took: 0.0000194 seconds
35.092: [GC (Allocation Failure)  75961K->633K(417792K), 0.0004960 secs]
35.092: Total time for which application threads were stopped: 0.0006279 seconds, Stopping threads took: 0.0000205 seconds
35.144: [GC (Allocation Failure)  74873K->697K(416768K), 0.0006205 secs]
35.144: Total time for which application threads were stopped: 0.0007496 seconds, Stopping threads took: 0.0000189 seconds
35.190: [GC (Allocation Failure)  73913K->601K(415744K), 0.0005189 secs]
35.191: Total time for which application threads were stopped: 0.0006465 seconds, Stopping threads took: 0.0000286 seconds
35.240: [GC (Allocation Failure)  72793K->633K(414720K), 0.0004564 secs]
35.241: Total time for which application threads were stopped: 0.0005783 seconds, Stopping threads took: 0.0000263 seconds
35.287: [GC (Allocation Failure)  71801K->665K(413696K), 0.0006014 secs]
35.287: Total time for which application threads were stopped: 0.0007404 seconds, Stopping threads took: 0.0000253 seconds
35.334: [GC (Allocation Failure)  70809K->665K(412672K), 0.0005087 secs]
35.335: Total time for which application threads were stopped: 0.0006411 seconds, Stopping threads took: 0.0000287 seconds
35.384: [GC (Allocation Failure)  69785K->665K(411648K), 0.0005986 secs]
35.385: Total time for which application threads were stopped: 0.0007388 seconds, Stopping threads took: 0.0000270 seconds
35.432: [GC (Allocation Failure)  68761K->601K(425472K), 0.0006757 secs]
35.433: Total time for which application threads were stopped: 0.0008145 seconds, Stopping threads took: 0.0000200 seconds
35.489: [GC (Allocation Failure)  82521K->665K(423936K), 0.0004741 secs]
35.489: Total time for which application threads were stopped: 0.0005901 seconds, Stopping threads took: 0.0000189 seconds
35.546: [GC (Allocation Failure)  81049K->665K(422400K), 0.0004749 secs]
35.547: Total time for which application threads were stopped: 0.0005860 seconds, Stopping threads took: 0.0000165 seconds
35.596: [GC (Allocation Failure)  79513K->633K(421376K), 0.0005071 secs]
35.597: Total time for which application threads were stopped: 0.0006571 seconds, Stopping threads took: 0.0000206 seconds
35.646: [GC (Allocation Failure)  78457K->729K(420352K), 0.0006484 secs]
35.647: Total time for which application threads were stopped: 0.0008006 seconds, Stopping threads took: 0.0000219 seconds
35.701: [GC (Allocation Failure)  77529K->665K(419328K), 0.0005416 secs]
35.701: Total time for which application threads were stopped: 0.0006800 seconds, Stopping threads took: 0.0000215 seconds
35.750: [GC (Allocation Failure)  76441K->633K(418304K), 0.0004830 secs]
35.751: Total time for which application threads were stopped: 0.0006164 seconds, Stopping threads took: 0.0000287 seconds
35.799: [GC (Allocation Failure)  75385K->633K(417280K), 0.0003970 secs]
35.799: Total time for which application threads were stopped: 0.0005346 seconds, Stopping threads took: 0.0000251 seconds
35.846: [GC (Allocation Failure)  74361K->665K(416256K), 0.0004309 secs]
35.847: Total time for which application threads were stopped: 0.0005418 seconds, Stopping threads took: 0.0000192 seconds
35.893: [GC (Allocation Failure)  73369K->601K(415232K), 0.0004926 secs]
35.893: Total time for which application threads were stopped: 0.0006272 seconds, Stopping threads took: 0.0000201 seconds
35.944: [GC (Allocation Failure)  72281K->633K(414208K), 0.0005034 secs]
35.944: Total time for which application threads were stopped: 0.0006253 seconds, Stopping threads took: 0.0000193 seconds
35.989: [GC (Allocation Failure)  71289K->665K(413184K), 0.0006626 secs]
35.990: Total time for which application threads were stopped: 0.0008089 seconds, Stopping threads took: 0.0000276 seconds
36.033: [GC (Allocation Failure)  70297K->697K(412160K), 0.0004992 secs]
36.034: Total time for which application threads were stopped: 0.0006268 seconds, Stopping threads took: 0.0000209 seconds
36.077: [GC (Allocation Failure)  69305K->665K(411136K), 0.0004959 secs]
36.077: Total time for which application threads were stopped: 0.0006277 seconds, Stopping threads took: 0.0000196 seconds
36.120: [GC (Allocation Failure)  68249K->697K(410112K), 0.0004715 secs]
36.120: Total time for which application threads were stopped: 0.0005988 seconds, Stopping threads took: 0.0000271 seconds
36.167: [GC (Allocation Failure)  67257K->633K(409088K), 0.0004927 secs]
36.167: Total time for which application threads were stopped: 0.0006176 seconds, Stopping threads took: 0.0000265 seconds
36.209: [GC (Allocation Failure)  66169K->633K(422400K), 0.0006486 secs]
36.210: Total time for which application threads were stopped: 0.0007674 seconds, Stopping threads took: 0.0000192 seconds
36.266: [GC (Allocation Failure)  79481K->665K(421376K), 0.0005690 secs]
36.267: Total time for which application threads were stopped: 0.0006922 seconds, Stopping threads took: 0.0000191 seconds
36.316: [GC (Allocation Failure)  78489K->697K(420352K), 0.0005675 secs]
36.316: Total time for which application threads were stopped: 0.0006856 seconds, Stopping threads took: 0.0000200 seconds
36.371: [GC (Allocation Failure)  77497K->633K(419328K), 0.0005064 secs]
36.371: Total time for which application threads were stopped: 0.0006187 seconds, Stopping threads took: 0.0000169 seconds
36.419: [GC (Allocation Failure)  76409K->601K(418304K), 0.0005809 secs]
36.420: Total time for which application threads were stopped: 0.0006998 seconds, Stopping threads took: 0.0000200 seconds
36.467: [GC (Allocation Failure)  75353K->633K(417280K), 0.0004897 secs]
36.467: Total time for which application threads were stopped: 0.0006356 seconds, Stopping threads took: 0.0000291 seconds
36.513: [GC (Allocation Failure)  74361K->665K(416256K), 0.0006090 secs]
36.514: Total time for which application threads were stopped: 0.0007469 seconds, Stopping threads took: 0.0000282 seconds
36.565: [GC (Allocation Failure)  73369K->665K(431104K), 0.0042532 secs]
36.569: Total time for which application threads were stopped: 0.0043878 seconds, Stopping threads took: 0.0000280 seconds
36.629: [GC (Allocation Failure)  88217K->729K(449024K), 0.0005056 secs]
36.630: Total time for which application threads were stopped: 0.0006246 seconds, Stopping threads took: 0.0000196 seconds
36.696: [GC (Allocation Failure)  106201K->665K(470528K), 0.0007178 secs]
36.697: Total time for which application threads were stopped: 0.0008358 seconds, Stopping threads took: 0.0000190 seconds
36.776: [GC (Allocation Failure)  127641K->665K(496128K), 0.0004987 secs]
36.777: Total time for which application threads were stopped: 0.0006245 seconds, Stopping threads took: 0.0000196 seconds
36.874: [GC (Allocation Failure)  153241K->697K(526848K), 0.0004818 secs]
36.875: Total time for which application threads were stopped: 0.0006030 seconds, Stopping threads took: 0.0000192 seconds
36.989: [GC (Allocation Failure)  183993K->633K(563712K), 0.0006718 secs]
36.990: Total time for which application threads were stopped: 0.0008112 seconds, Stopping threads took: 0.0000382 seconds
37.132: [GC (Allocation Failure)  220793K->601K(557056K), 0.0005653 secs]
37.132: Total time for which application threads were stopped: 0.0006899 seconds, Stopping threads took: 0.0000269 seconds
37.266: [GC (Allocation Failure)  214105K->697K(550912K), 0.0004132 secs]
37.266: Total time for which application threads were stopped: 0.0005347 seconds, Stopping threads took: 0.0000189 seconds
37.396: [GC (Allocation Failure)  208057K->729K(544768K), 0.0004769 secs]
37.396: Total time for which application threads were stopped: 0.0006002 seconds, Stopping threads took: 0.0000259 seconds
37.521: [GC (Allocation Failure)  201945K->665K(539136K), 0.0005040 secs]
37.522: Total time for which application threads were stopped: 0.0006343 seconds, Stopping threads took: 0.0000214 seconds
37.644: [GC (Allocation Failure)  196249K->665K(533504K), 0.0005344 secs]
37.644: Total time for which application threads were stopped: 0.0006744 seconds, Stopping threads took: 0.0000283 seconds
37.763: [GC (Allocation Failure)  190617K->665K(527872K), 0.0004768 secs]
37.764: Total time for which application threads were stopped: 0.0006054 seconds, Stopping threads took: 0.0000275 seconds
37.879: [GC (Allocation Failure)  184985K->665K(522752K), 0.0004716 secs]
37.880: Total time for which application threads were stopped: 0.0005933 seconds, Stopping threads took: 0.0000200 seconds
37.991: [GC (Allocation Failure)  179865K->665K(517632K), 0.0004748 secs]
37.992: Total time for which application threads were stopped: 0.0005958 seconds, Stopping threads took: 0.0000203 seconds
38.101: [GC (Allocation Failure)  174745K->665K(513024K), 0.0006826 secs]
38.101: Total time for which application threads were stopped: 0.0008104 seconds, Stopping threads took: 0.0000275 seconds
38.207: [GC (Allocation Failure)  170137K->633K(508416K), 0.0005183 secs]
38.208: Total time for which application threads were stopped: 0.0006751 seconds, Stopping threads took: 0.0000297 seconds
38.311: [GC (Allocation Failure)  165497K->665K(503808K), 0.0004916 secs]
38.312: Total time for which application threads were stopped: 0.0006114 seconds, Stopping threads took: 0.0000195 seconds
38.412: [GC (Allocation Failure)  160921K->697K(499712K), 0.0006604 secs]
38.413: Total time for which application threads were stopped: 0.0008059 seconds, Stopping threads took: 0.0000216 seconds
38.510: [GC (Allocation Failure)  156857K->665K(495616K), 0.0005617 secs]
38.511: Total time for which application threads were stopped: 0.0007045 seconds, Stopping threads took: 0.0000225 seconds
38.606: [GC (Allocation Failure)  152729K->633K(491520K), 0.0005090 secs]
38.606: Total time for which application threads were stopped: 0.0006619 seconds, Stopping threads took: 0.0000225 seconds
38.698: [GC (Allocation Failure)  148601K->697K(487936K), 0.0005529 secs]
38.699: Total time for which application threads were stopped: 0.0007074 seconds, Stopping threads took: 0.0000231 seconds
38.790: [GC (Allocation Failure)  145081K->665K(484352K), 0.0005367 secs]
38.791: Total time for which application threads were stopped: 0.0006559 seconds, Stopping threads took: 0.0000200 seconds
38.880: [GC (Allocation Failure)  141465K->633K(480768K), 0.0004372 secs]
38.881: Total time for which application threads were stopped: 0.0005479 seconds, Stopping threads took: 0.0000170 seconds
38.968: [GC (Allocation Failure)  137849K->665K(477696K), 0.0004881 secs]
38.968: Total time for which application threads were stopped: 0.0005960 seconds, Stopping threads took: 0.0000191 seconds
39.055: [GC (Allocation Failure)  134809K->665K(474624K), 0.0005728 secs]
39.056: Total time for which application threads were stopped: 0.0006927 seconds, Stopping threads took: 0.0000190 seconds
39.138: [GC (Allocation Failure)  131737K->729K(471552K), 0.0005618 secs]
39.139: Total time for which application threads were stopped: 0.0006826 seconds, Stopping threads took: 0.0000199 seconds
39.218: [GC (Allocation Failure)  128729K->633K(468480K), 0.0006116 secs]
39.219: Total time for which application threads were stopped: 0.0007305 seconds, Stopping threads took: 0.0000190 seconds
39.303: [GC (Allocation Failure)  125561K->601K(465408K), 0.0005828 secs]
39.304: Total time for which application threads were stopped: 0.0007134 seconds, Stopping threads took: 0.0000277 seconds
39.386: [GC (Allocation Failure)  122457K->697K(462848K), 0.0005791 secs]
39.386: Total time for which application threads were stopped: 0.0007295 seconds, Stopping threads took: 0.0000302 seconds
39.466: [GC (Allocation Failure)  119993K->665K(460288K), 0.0005812 secs]
39.467: Total time for which application threads were stopped: 0.0007009 seconds, Stopping threads took: 0.0000193 seconds
39.543: [GC (Allocation Failure)  117401K->633K(457728K), 0.0005258 secs]
39.544: Total time for which application threads were stopped: 0.0006462 seconds, Stopping threads took: 0.0000194 seconds
39.622: [GC (Allocation Failure)  114809K->633K(455168K), 0.0004366 secs]
39.622: Total time for which application threads were stopped: 0.0005599 seconds, Stopping threads took: 0.0000268 seconds
39.697: [GC (Allocation Failure)  112249K->601K(452608K), 0.0004707 secs]
39.698: Total time for which application threads were stopped: 0.0005693 seconds, Stopping threads took: 0.0000171 seconds
39.768: [GC (Allocation Failure)  109657K->633K(450560K), 0.0005194 secs]
39.768: Total time for which application threads were stopped: 0.0006331 seconds, Stopping threads took: 0.0000257 seconds
39.837: [GC (Allocation Failure)  107641K->633K(448512K), 0.0005344 secs]
39.837: Total time for which application threads were stopped: 0.0006530 seconds, Stopping threads took: 0.0000196 seconds
39.903: [GC (Allocation Failure)  105593K->633K(446464K), 0.0004558 secs]
39.904: Total time for which application threads were stopped: 0.0005766 seconds, Stopping threads took: 0.0000193 seconds
39.969: [GC (Allocation Failure)  103545K->633K(444416K), 0.0004650 secs]
39.970: Total time for which application threads were stopped: 0.0005892 seconds, Stopping threads took: 0.0000213 seconds
40.037: [GC (Allocation Failure)  101497K->633K(442368K), 0.0004645 secs]
40.038: Total time for which application threads were stopped: 0.0006090 seconds, Stopping threads took: 0.0000190 seconds
40.099: [GC (Allocation Failure)  99449K->665K(440320K), 0.0005091 secs]
40.100: Total time for which application threads were stopped: 0.0006354 seconds, Stopping threads took: 0.0000273 seconds
40.164: [GC (Allocation Failure)  97433K->601K(438272K), 0.0004734 secs]
40.165: Total time for which application threads were stopped: 0.0005986 seconds, Stopping threads took: 0.0000274 seconds
40.224: [GC (Allocation Failure)  95321K->633K(436736K), 0.0004966 secs]
40.224: Total time for which application threads were stopped: 0.0006250 seconds, Stopping threads took: 0.0000278 seconds
40.290: [GC (Allocation Failure)  93817K->633K(435200K), 0.0006360 secs]
40.291: Total time for which application threads were stopped: 0.0007788 seconds, Stopping threads took: 0.0000282 seconds
40.349: [GC (Allocation Failure)  92281K->601K(433664K), 0.0005304 secs]
40.349: Total time for which application threads were stopped: 0.0006806 seconds, Stopping threads took: 0.0000297 seconds
40.406: [GC (Allocation Failure)  90713K->665K(432128K), 0.0004704 secs]
40.406: Total time for which application threads were stopped: 0.0006227 seconds, Stopping threads took: 0.0000302 seconds
40.462: [GC (Allocation Failure)  89241K->601K(430592K), 0.0006541 secs]
40.463: Total time for which application threads were stopped: 0.0007964 seconds, Stopping threads took: 0.0000232 seconds
40.521: [GC (Allocation Failure)  87641K->633K(429056K), 0.0004776 secs]
40.522: Total time for which application threads were stopped: 0.0005883 seconds, Stopping threads took: 0.0000165 seconds
40.575: [GC (Allocation Failure)  86137K->665K(427520K), 0.0004577 secs]
40.576: Total time for which application threads were stopped: 0.0005746 seconds, Stopping threads took: 0.0000188 seconds
40.634: [GC (Allocation Failure)  84633K->601K(425984K), 0.0005347 secs]
40.635: Total time for which application threads were stopped: 0.0006622 seconds, Stopping threads took: 0.0000276 seconds
40.691: [GC (Allocation Failure)  83033K->633K(424448K), 0.0005472 secs]
40.692: Total time for which application threads were stopped: 0.0006728 seconds, Stopping threads took: 0.0000193 seconds
40.748: [GC (Allocation Failure)  81529K->697K(422912K), 0.0004088 secs]
40.749: Total time for which application threads were stopped: 0.0005379 seconds, Stopping threads took: 0.0000265 seconds
40.803: [GC (Allocation Failure)  80057K->665K(421888K), 0.0004857 secs]
40.804: Total time for which application threads were stopped: 0.0006033 seconds, Stopping threads took: 0.0000162 seconds
40.853: [GC (Allocation Failure)  79001K->697K(420864K), 0.0004617 secs]
40.853: Total time for which application threads were stopped: 0.0005834 seconds, Stopping threads took: 0.0000192 seconds
40.902: [GC (Allocation Failure)  78009K->601K(419840K), 0.0005855 secs]
40.902: Total time for which application threads were stopped: 0.0007092 seconds, Stopping threads took: 0.0000273 seconds
40.956: [GC (Allocation Failure)  76889K->665K(418816K), 0.0005294 secs]
40.957: Total time for which application threads were stopped: 0.0006571 seconds, Stopping threads took: 0.0000270 seconds
41.011: [GC (Allocation Failure)  75929K->697K(417792K), 0.0004884 secs]
41.011: Total time for which application threads were stopped: 0.0006077 seconds, Stopping threads took: 0.0000191 seconds
41.063: [GC (Allocation Failure)  74937K->633K(416768K), 0.0004778 secs]
41.063: Total time for which application threads were stopped: 0.0005858 seconds, Stopping threads took: 0.0000164 seconds
41.110: [GC (Allocation Failure)  73849K->633K(415744K), 0.0004648 secs]
41.110: Total time for which application threads were stopped: 0.0005966 seconds, Stopping threads took: 0.0000192 seconds
41.156: [GC (Allocation Failure)  72825K->697K(414720K), 0.0005642 secs]
41.157: Total time for which application threads were stopped: 0.0006942 seconds, Stopping threads took: 0.0000281 seconds
41.202: [GC (Allocation Failure)  71865K->665K(413696K), 0.0005131 secs]
41.202: Total time for which application threads were stopped: 0.0006824 seconds, Stopping threads took: 0.0000214 seconds
41.247: [GC (Allocation Failure)  70809K->729K(412672K), 0.0005668 secs]
41.248: Total time for which application threads were stopped: 0.0007061 seconds, Stopping threads took: 0.0000264 seconds
41.296: [GC (Allocation Failure)  69849K->665K(411648K), 0.0005207 secs]
41.297: Total time for which application threads were stopped: 0.0006713 seconds, Stopping threads took: 0.0000267 seconds
41.339: [GC (Allocation Failure)  68761K->665K(425472K), 0.0007454 secs]
41.340: Total time for which application threads were stopped: 0.0008868 seconds, Stopping threads took: 0.0000221 seconds
41.392: [GC (Allocation Failure)  82585K->665K(441856K), 0.0005074 secs]
41.392: Total time for which application threads were stopped: 0.0006393 seconds, Stopping threads took: 0.0000204 seconds
41.454: [GC (Allocation Failure)  98969K->633K(439808K), 0.0005227 secs]
41.454: Total time for which application threads were stopped: 0.0006711 seconds, Stopping threads took: 0.0000221 seconds
41.520: [GC (Allocation Failure)  96889K->665K(437760K), 0.0005212 secs]
41.521: Total time for which application threads were stopped: 0.0006745 seconds, Stopping threads took: 0.0000300 seconds
41.580: [GC (Allocation Failure)  94873K->633K(436224K), 0.0006024 secs]
41.580: Total time for which application threads were stopped: 0.0007515 seconds, Stopping threads took: 0.0000225 seconds
41.643: [GC (Allocation Failure)  93305K->697K(434688K), 0.0005689 secs]
41.644: Total time for which application threads were stopped: 0.0006943 seconds, Stopping threads took: 0.0000218 seconds
41.704: [GC (Allocation Failure)  91833K->665K(433152K), 0.0004646 secs]
41.705: Total time for which application threads were stopped: 0.0005851 seconds, Stopping threads took: 0.0000198 seconds
41.762: [GC (Allocation Failure)  90265K->601K(431616K), 0.0005110 secs]
41.762: Total time for which application threads were stopped: 0.0006257 seconds, Stopping threads took: 0.0000192 seconds
41.821: [GC (Allocation Failure)  88665K->697K(430080K), 0.0006206 secs]
41.822: Total time for which application threads were stopped: 0.0007312 seconds, Stopping threads took: 0.0000170 seconds
41.876: [GC (Allocation Failure)  87225K->633K(428544K), 0.0004899 secs]
41.877: Total time for which application threads were stopped: 0.0006117 seconds, Stopping threads took: 0.0000196 seconds
41.936: [GC (Allocation Failure)  85625K->601K(427008K), 0.0005048 secs]
41.937: Total time for which application threads were stopped: 0.0006406 seconds, Stopping threads took: 0.0000193 seconds
41.990: [GC (Allocation Failure)  84057K->665K(425472K), 0.0004529 secs]
41.991: Total time for which application threads were stopped: 0.0005813 seconds, Stopping threads took: 0.0000228 seconds
42.046: [GC (Allocation Failure)  82585K->729K(423936K), 0.0005837 secs]
42.047: Total time for which application threads were stopped: 0.0007018 seconds, Stopping threads took: 0.0000196 seconds
42.097: [GC (Allocation Failure)  81113K->697K(422400K), 0.0004899 secs]
42.098: Total time for which application threads were stopped: 0.0006176 seconds, Stopping threads took: 0.0000274 seconds
42.147: [GC (Allocation Failure)  79545K->665K(421376K), 0.0004673 secs]
42.148: Total time for which application threads were stopped: 0.0005927 seconds, Stopping threads took: 0.0000266 seconds
42.197: [GC (Allocation Failure)  78489K->665K(420352K), 0.0005969 secs]
42.197: Total time for which application threads were stopped: 0.0007235 seconds, Stopping threads took: 0.0000270 seconds
42.246: [GC (Allocation Failure)  77465K->633K(419328K), 0.0004207 secs]
42.246: Total time for which application threads were stopped: 0.0005540 seconds, Stopping threads took: 0.0000267 seconds
42.297: [GC (Allocation Failure)  76409K->633K(418304K), 0.0004237 secs]
42.297: Total time for which application threads were stopped: 0.0005724 seconds, Stopping threads took: 0.0000274 seconds
42.348: [GC (Allocation Failure)  75385K->601K(417280K), 0.0006411 secs]
42.349: Total time for which application threads were stopped: 0.0007637 seconds, Stopping threads took: 0.0000214 seconds
42.401: [GC (Allocation Failure)  74329K->601K(416256K), 0.0004420 secs]
42.402: Total time for which application threads were stopped: 0.0005662 seconds, Stopping threads took: 0.0000271 seconds
42.454: [GC (Allocation Failure)  73305K->697K(415232K), 0.0004342 secs]
42.454: Total time for which application threads were stopped: 0.0005412 seconds, Stopping threads took: 0.0000171 seconds
42.499: [GC (Allocation Failure)  72377K->633K(414208K), 0.0003904 secs]
42.500: Total time for which application threads were stopped: 0.0005011 seconds, Stopping threads took: 0.0000168 seconds
42.547: [GC (Allocation Failure)  71289K->601K(413184K), 0.0004803 secs]
42.548: Total time for which application threads were stopped: 0.0005840 seconds, Stopping threads took: 0.0000167 seconds
42.592: [GC (Allocation Failure)  70233K->633K(412160K), 0.0004809 secs]
42.592: Total time for which application threads were stopped: 0.0006082 seconds, Stopping threads took: 0.0000188 seconds
42.641: [GC (Allocation Failure)  69241K->665K(411136K), 0.0005088 secs]
42.642: Total time for which application threads were stopped: 0.0006289 seconds, Stopping threads took: 0.0000196 seconds
42.684: [GC (Allocation Failure)  68249K->665K(410112K), 0.0004988 secs]
42.685: Total time for which application threads were stopped: 0.0006372 seconds, Stopping threads took: 0.0000277 seconds
42.727: [GC (Allocation Failure)  67225K->697K(409088K), 0.0005058 secs]
42.727: Total time for which application threads were stopped: 0.0006486 seconds, Stopping threads took: 0.0000206 seconds
42.769: [GC (Allocation Failure)  66233K->665K(408064K), 0.0004936 secs]
42.769: Total time for which application threads were stopped: 0.0006206 seconds, Stopping threads took: 0.0000215 seconds
42.816: [GC (Allocation Failure)  65177K->633K(407040K), 0.0004379 secs]
42.817: Total time for which application threads were stopped: 0.0005574 seconds, Stopping threads took: 0.0000192 seconds
42.857: [GC (Allocation Failure)  64121K->665K(406016K), 0.0005124 secs]
42.857: Total time for which application threads were stopped: 0.0006315 seconds, Stopping threads took: 0.0000187 seconds
42.896: [GC (Allocation Failure)  63129K->633K(418816K), 0.0006435 secs]
42.897: Total time for which application threads were stopped: 0.0007760 seconds, Stopping threads took: 0.0000189 seconds
42.944: [GC (Allocation Failure)  75897K->665K(434176K), 0.0006699 secs]
42.945: Total time for which application threads were stopped: 0.0007958 seconds, Stopping threads took: 0.0000201 seconds
43.006: [GC (Allocation Failure)  91289K->601K(452608K), 0.0005044 secs]
43.007: Total time for which application threads were stopped: 0.0006377 seconds, Stopping threads took: 0.0000281 seconds
43.075: [GC (Allocation Failure)  109657K->665K(450560K), 0.0005321 secs]
43.076: Total time for which application threads were stopped: 0.0006717 seconds, Stopping threads took: 0.0000212 seconds
43.148: [GC (Allocation Failure)  107673K->633K(448512K), 0.0005128 secs]
43.148: Total time for which application threads were stopped: 0.0006573 seconds, Stopping threads took: 0.0000212 seconds
43.218: [GC (Allocation Failure)  105593K->633K(446464K), 0.0006563 secs]
43.219: Total time for which application threads were stopped: 0.0007990 seconds, Stopping threads took: 0.0000307 seconds
43.285: [GC (Allocation Failure)  103545K->633K(444416K), 0.0004359 secs]
43.286: Total time for which application threads were stopped: 0.0005633 seconds, Stopping threads took: 0.0000274 seconds
43.355: [GC (Allocation Failure)  101497K->665K(442368K), 0.0005513 secs]
43.355: Total time for which application threads were stopped: 0.0007015 seconds, Stopping threads took: 0.0000295 seconds
43.417: [GC (Allocation Failure)  99481K->633K(440320K), 0.0007484 secs]
43.418: Total time for which application threads were stopped: 0.0008787 seconds, Stopping threads took: 0.0000280 seconds
43.479: [GC (Allocation Failure)  97401K->665K(438272K), 0.0006159 secs]
43.479: Total time for which application threads were stopped: 0.0007431 seconds, Stopping threads took: 0.0000274 seconds
43.545: [GC (Allocation Failure)  95385K->633K(436736K), 0.0005272 secs]
43.545: Total time for which application threads were stopped: 0.0006588 seconds, Stopping threads took: 0.0000189 seconds
43.607: [GC (Allocation Failure)  93817K->665K(435200K), 0.0004896 secs]
43.608: Total time for which application threads were stopped: 0.0006261 seconds, Stopping threads took: 0.0000275 seconds
43.665: [GC (Allocation Failure)  92313K->665K(433664K), 0.0004659 secs]
43.666: Total time for which application threads were stopped: 0.0005886 seconds, Stopping threads took: 0.0000267 seconds
43.728: [GC (Allocation Failure)  90777K->665K(432128K), 0.0004573 secs]
43.728: Total time for which application threads were stopped: 0.0005669 seconds, Stopping threads took: 0.0000170 seconds
43.784: [GC (Allocation Failure)  89241K->697K(430592K), 0.0005594 secs]
43.785: Total time for which application threads were stopped: 0.0006845 seconds, Stopping threads took: 0.0000252 seconds
43.843: [GC (Allocation Failure)  87737K->601K(429056K), 0.0004783 secs]
43.844: Total time for which application threads were stopped: 0.0005986 seconds, Stopping threads took: 0.0000191 seconds
43.902: [GC (Allocation Failure)  86105K->697K(427520K), 0.0007035 secs]
43.903: Total time for which application threads were stopped: 0.0008300 seconds, Stopping threads took: 0.0000272 seconds
43.956: [GC (Allocation Failure)  84665K->697K(425984K), 0.0005241 secs]
43.956: Total time for which application threads were stopped: 0.0006498 seconds, Stopping threads took: 0.0000278 seconds
44.013: [GC (Allocation Failure)  83129K->665K(424448K), 0.0005363 secs]
44.014: Total time for which application threads were stopped: 0.0006499 seconds, Stopping threads took: 0.0000168 seconds
44.064: [GC (Allocation Failure)  81561K->697K(422912K), 0.0004512 secs]
44.065: Total time for which application threads were stopped: 0.0005890 seconds, Stopping threads took: 0.0000195 seconds
44.115: [GC (Allocation Failure)  80057K->665K(421888K), 0.0005168 secs]
44.115: Total time for which application threads were stopped: 0.0006691 seconds, Stopping threads took: 0.0000297 seconds
44.167: [GC (Allocation Failure)  79001K->633K(420864K), 0.0004756 secs]
44.168: Total time for which application threads were stopped: 0.0005928 seconds, Stopping threads took: 0.0000197 seconds
44.221: [GC (Allocation Failure)  77945K->633K(419840K), 0.0005169 secs]
44.222: Total time for which application threads were stopped: 0.0006599 seconds, Stopping threads took: 0.0000216 seconds
44.271: [GC (Allocation Failure)  76921K->633K(418816K), 0.0005302 secs]
44.271: Total time for which application threads were stopped: 0.0006393 seconds, Stopping threads took: 0.0000170 seconds
44.319: [GC (Allocation Failure)  75897K->665K(417792K), 0.0004533 secs]
44.319: Total time for which application threads were stopped: 0.0005890 seconds, Stopping threads took: 0.0000295 seconds
44.366: [GC (Allocation Failure)  74905K->633K(416768K), 0.0005790 secs]
44.367: Total time for which application threads were stopped: 0.0007287 seconds, Stopping threads took: 0.0000222 seconds
44.416: [GC (Allocation Failure)  73849K->729K(415744K), 0.0004756 secs]
44.416: Total time for which application threads were stopped: 0.0006016 seconds, Stopping threads took: 0.0000219 seconds
44.462: [GC (Allocation Failure)  72921K->697K(414720K), 0.0006055 secs]
44.462: Total time for which application threads were stopped: 0.0007109 seconds, Stopping threads took: 0.0000170 seconds
44.510: [GC (Allocation Failure)  71865K->697K(413696K), 0.0004161 secs]
44.511: Total time for which application threads were stopped: 0.0005271 seconds, Stopping threads took: 0.0000172 seconds
44.555: [GC (Allocation Failure)  70841K->665K(412672K), 0.0004903 secs]
44.555: Total time for which application threads were stopped: 0.0005998 seconds, Stopping threads took: 0.0000166 seconds
44.599: [GC (Allocation Failure)  69785K->569K(411648K), 0.0005163 secs]
44.600: Total time for which application threads were stopped: 0.0006456 seconds, Stopping threads took: 0.0000274 seconds
44.648: [GC (Allocation Failure)  68665K->633K(410624K), 0.0005463 secs]
44.648: Total time for which application threads were stopped: 0.0006981 seconds, Stopping threads took: 0.0000287 seconds
44.697: [GC (Allocation Failure)  67705K->697K(409600K), 0.0006461 secs]
44.697: Total time for which application threads were stopped: 0.0007735 seconds, Stopping threads took: 0.0000222 seconds
44.739: [GC (Allocation Failure)  66745K->633K(408576K), 0.0004087 secs]
44.739: Total time for which application threads were stopped: 0.0005325 seconds, Stopping threads took: 0.0000240 seconds
44.781: [GC (Allocation Failure)  65657K->633K(407552K), 0.0005549 secs]
44.782: Total time for which application threads were stopped: 0.0006792 seconds, Stopping threads took: 0.0000244 seconds
44.826: [GC (Allocation Failure)  64633K->633K(406528K), 0.0005102 secs]
44.827: Total time for which application threads were stopped: 0.0006301 seconds, Stopping threads took: 0.0000190 seconds
44.870: [GC (Allocation Failure)  63609K->665K(405504K), 0.0004583 secs]
44.870: Total time for which application threads were stopped: 0.0005790 seconds, Stopping threads took: 0.0000196 seconds
44.915: [GC (Allocation Failure)  62617K->665K(404992K), 0.0004941 secs]
44.916: Total time for which application threads were stopped: 0.0006177 seconds, Stopping threads took: 0.0000268 seconds
44.955: [GC (Allocation Failure)  62105K->601K(404480K), 0.0004512 secs]
44.955: Total time for which application threads were stopped: 0.0005702 seconds, Stopping threads took: 0.0000193 seconds
44.993: [GC (Allocation Failure)  61529K->665K(403968K), 0.0004919 secs]
44.994: Total time for which application threads were stopped: 0.0006143 seconds, Stopping threads took: 0.0000191 seconds
45.032: [GC (Allocation Failure)  61081K->665K(416256K), 0.0005055 secs]
45.033: Total time for which application threads were stopped: 0.0006338 seconds, Stopping threads took: 0.0000273 seconds
45.079: [GC (Allocation Failure)  73369K->633K(431104K), 0.0005593 secs]
45.079: Total time for which application threads were stopped: 0.0006769 seconds, Stopping threads took: 0.0000189 seconds
45.134: [GC (Allocation Failure)  88185K->633K(429568K), 0.0004935 secs]
45.134: Total time for which application threads were stopped: 0.0006232 seconds, Stopping threads took: 0.0000278 seconds
45.194: [GC (Allocation Failure)  86649K->633K(446976K), 0.0015246 secs]
45.196: Total time for which application threads were stopped: 0.0016471 seconds, Stopping threads took: 0.0000260 seconds
45.262: [GC (Allocation Failure)  104057K->633K(467968K), 0.0004086 secs]
45.263: Total time for which application threads were stopped: 0.0005309 seconds, Stopping threads took: 0.0000265 seconds
45.340: [GC (Allocation Failure)  125049K->633K(465408K), 0.0004809 secs]
45.341: Total time for which application threads were stopped: 0.0006051 seconds, Stopping threads took: 0.0000173 seconds
45.417: [GC (Allocation Failure)  122489K->633K(462848K), 0.0004896 secs]
45.418: Total time for which application threads were stopped: 0.0006134 seconds, Stopping threads took: 0.0000186 seconds
45.492: [GC (Allocation Failure)  119929K->633K(460288K), 0.0004937 secs]
45.493: Total time for which application threads were stopped: 0.0006519 seconds, Stopping threads took: 0.0000208 seconds
45.566: [GC (Allocation Failure)  117369K->601K(457728K), 0.0006454 secs]
45.566: Total time for which application threads were stopped: 0.0007836 seconds, Stopping threads took: 0.0000204 seconds
45.638: [GC (Allocation Failure)  114777K->665K(455168K), 0.0004575 secs]
45.638: Total time for which application threads were stopped: 0.0005869 seconds, Stopping threads took: 0.0000225 seconds
45.715: [GC (Allocation Failure)  112281K->601K(452608K), 0.0004418 secs]
45.715: Total time for which application threads were stopped: 0.0005683 seconds, Stopping threads took: 0.0000283 seconds
45.789: [GC (Allocation Failure)  109657K->697K(450560K), 0.0005843 secs]
45.790: Total time for which application threads were stopped: 0.0007038 seconds, Stopping threads took: 0.0000189 seconds
45.858: [GC (Allocation Failure)  107705K->697K(448512K), 0.0004771 secs]
45.859: Total time for which application threads were stopped: 0.0005873 seconds, Stopping threads took: 0.0000172 seconds
45.925: [GC (Allocation Failure)  105657K->633K(446464K), 0.0005082 secs]
45.925: Total time for which application threads were stopped: 0.0006708 seconds, Stopping threads took: 0.0000207 seconds
45.991: [GC (Allocation Failure)  103545K->633K(444416K), 0.0005645 secs]
45.992: Total time for which application threads were stopped: 0.0007040 seconds, Stopping threads took: 0.0000203 seconds
46.060: [GC (Allocation Failure)  101497K->633K(442368K), 0.0004766 secs]
46.061: Total time for which application threads were stopped: 0.0006125 seconds, Stopping threads took: 0.0000203 seconds
46.122: [GC (Allocation Failure)  99449K->601K(440320K), 0.0006148 secs]
46.123: Total time for which application threads were stopped: 0.0007520 seconds, Stopping threads took: 0.0000300 seconds
46.184: [GC (Allocation Failure)  97369K->665K(438272K), 0.0005470 secs]
46.184: Total time for which application threads were stopped: 0.0006741 seconds, Stopping threads took: 0.0000280 seconds
46.250: [GC (Allocation Failure)  95385K->729K(436736K), 0.0004476 secs]
46.251: Total time for which application threads were stopped: 0.0005698 seconds, Stopping threads took: 0.0000193 seconds
46.310: [GC (Allocation Failure)  93913K->633K(435200K), 0.0004287 secs]
46.310: Total time for which application threads were stopped: 0.0005459 seconds, Stopping threads took: 0.0000192 seconds
46.368: [GC (Allocation Failure)  92281K->665K(433664K), 0.0005853 secs]
46.369: Total time for which application threads were stopped: 0.0007124 seconds, Stopping threads took: 0.0000260 seconds
46.425: [GC (Allocation Failure)  90777K->633K(432128K), 0.0004837 secs]
46.426: Total time for which application threads were stopped: 0.0006023 seconds, Stopping threads took: 0.0000192 seconds
46.482: [GC (Allocation Failure)  89209K->697K(430592K), 0.0004931 secs]
46.482: Total time for which application threads were stopped: 0.0006288 seconds, Stopping threads took: 0.0000295 seconds
46.542: [GC (Allocation Failure)  87737K->665K(429056K), 0.0004695 secs]
46.543: Total time for which application threads were stopped: 0.0005858 seconds, Stopping threads took: 0.0000193 seconds
46.596: [GC (Allocation Failure)  86169K->729K(427520K), 0.0005798 secs]
46.597: Total time for which application threads were stopped: 0.0007316 seconds, Stopping threads took: 0.0000188 seconds
46.653: [GC (Allocation Failure)  84697K->633K(425984K), 0.0004731 secs]
46.654: Total time for which application threads were stopped: 0.0006023 seconds, Stopping threads took: 0.0000165 seconds
46.706: [GC (Allocation Failure)  83065K->633K(424448K), 0.0005936 secs]
46.707: Total time for which application threads were stopped: 0.0007233 seconds, Stopping threads took: 0.0000221 seconds
46.758: [GC (Allocation Failure)  81529K->601K(422912K), 0.0003956 secs]
46.759: Total time for which application threads were stopped: 0.0005169 seconds, Stopping threads took: 0.0000194 seconds
46.810: [GC (Allocation Failure)  79961K->633K(421888K), 0.0006137 secs]
46.811: Total time for which application threads were stopped: 0.0007422 seconds, Stopping threads took: 0.0000272 seconds
46.860: [GC (Allocation Failure)  78969K->601K(420864K), 0.0004908 secs]
46.861: Total time for which application threads were stopped: 0.0006242 seconds, Stopping threads took: 0.0000199 seconds
46.909: [GC (Allocation Failure)  77913K->633K(419840K), 0.0005118 secs]
46.910: Total time for which application threads were stopped: 0.0006547 seconds, Stopping threads took: 0.0000208 seconds
46.964: [GC (Allocation Failure)  76921K->601K(418816K), 0.0005869 secs]
46.964: Total time for which application threads were stopped: 0.0007366 seconds, Stopping threads took: 0.0000298 seconds
47.016: [GC (Allocation Failure)  75865K->665K(417792K), 0.0005797 secs]
47.017: Total time for which application threads were stopped: 0.0007158 seconds, Stopping threads took: 0.0000302 seconds
47.067: [GC (Allocation Failure)  74905K->697K(416768K), 0.0004756 secs]
47.068: Total time for which application threads were stopped: 0.0006065 seconds, Stopping threads took: 0.0000192 seconds
47.114: [GC (Allocation Failure)  73913K->633K(415744K), 0.0004690 secs]
47.115: Total time for which application threads were stopped: 0.0005998 seconds, Stopping threads took: 0.0000220 seconds
47.161: [GC (Allocation Failure)  72825K->665K(414720K), 0.0006709 secs]
47.161: Total time for which application threads were stopped: 0.0008091 seconds, Stopping threads took: 0.0000223 seconds
47.210: [GC (Allocation Failure)  71833K->665K(413696K), 0.0004858 secs]
47.211: Total time for which application threads were stopped: 0.0006155 seconds, Stopping threads took: 0.0000279 seconds
47.261: [GC (Allocation Failure)  70809K->633K(412672K), 0.0004308 secs]
47.262: Total time for which application threads were stopped: 0.0005519 seconds, Stopping threads took: 0.0000266 seconds
47.310: [GC (Allocation Failure)  69753K->697K(411648K), 0.0004436 secs]
47.310: Total time for which application threads were stopped: 0.0005629 seconds, Stopping threads took: 0.0000191 seconds
47.353: [GC (Allocation Failure)  68793K->633K(410624K), 0.0004821 secs]
47.354: Total time for which application threads were stopped: 0.0006009 seconds, Stopping threads took: 0.0000193 seconds
47.396: [GC (Allocation Failure)  67705K->633K(409600K), 0.0004329 secs]
47.396: Total time for which application threads were stopped: 0.0005521 seconds, Stopping threads took: 0.0000190 seconds
47.438: [GC (Allocation Failure)  66681K->633K(408576K), 0.0004797 secs]
47.439: Total time for which application threads were stopped: 0.0006166 seconds, Stopping threads took: 0.0000269 seconds
47.485: [GC (Allocation Failure)  65657K->697K(407552K), 0.0005181 secs]
47.485: Total time for which application threads were stopped: 0.0006352 seconds, Stopping threads took: 0.0000187 seconds
47.526: [GC (Allocation Failure)  64697K->665K(406528K), 0.0004851 secs]
47.526: Total time for which application threads were stopped: 0.0006081 seconds, Stopping threads took: 0.0000200 seconds
47.572: [GC (Allocation Failure)  63641K->665K(405504K), 0.0004636 secs]
47.573: Total time for which application threads were stopped: 0.0005826 seconds, Stopping threads took: 0.0000189 seconds
47.612: [GC (Allocation Failure)  62617K->633K(404992K), 0.0005102 secs]
47.612: Total time for which application threads were stopped: 0.0006459 seconds, Stopping threads took: 0.0000209 seconds
47.656: [GC (Allocation Failure)  62073K->729K(404480K), 0.0005861 secs]
47.656: Total time for which application threads were stopped: 0.0007245 seconds, Stopping threads took: 0.0000212 seconds
47.698: [GC (Allocation Failure)  61657K->697K(403968K), 0.0005052 secs]
47.699: Total time for which application threads were stopped: 0.0006559 seconds, Stopping threads took: 0.0000304 seconds
47.737: [GC (Allocation Failure)  61113K->633K(416256K), 0.0004893 secs]
47.738: Total time for which application threads were stopped: 0.0006146 seconds, Stopping threads took: 0.0000201 seconds
47.789: [GC (Allocation Failure)  73337K->665K(415232K), 0.0004646 secs]
47.789: Total time for which application threads were stopped: 0.0005993 seconds, Stopping threads took: 0.0000239 seconds
47.835: [GC (Allocation Failure)  72345K->665K(414208K), 0.0004496 secs]
47.836: Total time for which application threads were stopped: 0.0005779 seconds, Stopping threads took: 0.0000275 seconds
47.880: [GC (Allocation Failure)  71321K->665K(413184K), 0.0005126 secs]
47.881: Total time for which application threads were stopped: 0.0006511 seconds, Stopping threads took: 0.0000206 seconds
47.931: [GC (Allocation Failure)  70297K->665K(412160K), 0.0005903 secs]
47.931: Total time for which application threads were stopped: 0.0007167 seconds, Stopping threads took: 0.0000197 seconds
47.975: [GC (Allocation Failure)  69273K->729K(411136K), 0.0004797 secs]
47.975: Total time for which application threads were stopped: 0.0006009 seconds, Stopping threads took: 0.0000196 seconds
48.021: [GC (Allocation Failure)  68313K->665K(410112K), 0.0004593 secs]
48.022: Total time for which application threads were stopped: 0.0005895 seconds, Stopping threads took: 0.0000275 seconds
48.069: [GC (Allocation Failure)  67225K->665K(409088K), 0.0004457 secs]
48.070: Total time for which application threads were stopped: 0.0005619 seconds, Stopping threads took: 0.0000188 seconds
48.111: [GC (Allocation Failure)  66201K->633K(408064K), 0.0004016 secs]
48.112: Total time for which application threads were stopped: 0.0005079 seconds, Stopping threads took: 0.0000170 seconds
48.152: [GC (Allocation Failure)  65145K->633K(407040K), 0.0004919 secs]
48.153: Total time for which application threads were stopped: 0.0006067 seconds, Stopping threads took: 0.0000169 seconds
48.193: [GC (Allocation Failure)  64121K->633K(406016K), 0.0004660 secs]
48.193: Total time for which application threads were stopped: 0.0005707 seconds, Stopping threads took: 0.0000166 seconds
48.232: [GC (Allocation Failure)  63097K->633K(418816K), 0.0005906 secs]
48.233: Total time for which application threads were stopped: 0.0007007 seconds, Stopping threads took: 0.0000170 seconds
48.282: [GC (Allocation Failure)  75897K->633K(417792K), 0.0004331 secs]
48.283: Total time for which application threads were stopped: 0.0005322 seconds, Stopping threads took: 0.0000169 seconds
48.333: [GC (Allocation Failure)  74873K->665K(416768K), 0.0005405 secs]
48.334: Total time for which application threads were stopped: 0.0006675 seconds, Stopping threads took: 0.0000276 seconds
48.380: [GC (Allocation Failure)  73881K->697K(415744K), 0.0004658 secs]
48.381: Total time for which application threads were stopped: 0.0005858 seconds, Stopping threads took: 0.0000193 seconds
48.426: [GC (Allocation Failure)  72889K->633K(414720K), 0.0004879 secs]
48.427: Total time for which application threads were stopped: 0.0006094 seconds, Stopping threads took: 0.0000193 seconds
48.474: [GC (Allocation Failure)  71801K->665K(413696K), 0.0004533 secs]
48.475: Total time for which application threads were stopped: 0.0005872 seconds, Stopping threads took: 0.0000294 seconds
48.519: [GC (Allocation Failure)  70809K->665K(412672K), 0.0004929 secs]
48.520: Total time for which application threads were stopped: 0.0006135 seconds, Stopping threads took: 0.0000197 seconds
48.563: [GC (Allocation Failure)  69785K->633K(411648K), 0.0004837 secs]
48.564: Total time for which application threads were stopped: 0.0006028 seconds, Stopping threads took: 0.0000193 seconds
48.607: [GC (Allocation Failure)  68729K->633K(410624K), 0.0006011 secs]
48.608: Total time for which application threads were stopped: 0.0007325 seconds, Stopping threads took: 0.0000282 seconds
48.650: [GC (Allocation Failure)  67705K->633K(409600K), 0.0005256 secs]
48.651: Total time for which application threads were stopped: 0.0006550 seconds, Stopping threads took: 0.0000273 seconds
48.692: [GC (Allocation Failure)  66681K->697K(422912K), 0.0005910 secs]
48.693: Total time for which application threads were stopped: 0.0007253 seconds, Stopping threads took: 0.0000208 seconds
48.743: [GC (Allocation Failure)  80057K->729K(421888K), 0.0004263 secs]
48.744: Total time for which application threads were stopped: 0.0005392 seconds, Stopping threads took: 0.0000180 seconds
48.795: [GC (Allocation Failure)  79065K->697K(420864K), 0.0004620 secs]
48.795: Total time for which application threads were stopped: 0.0005967 seconds, Stopping threads took: 0.0000249 seconds
48.844: [GC (Allocation Failure)  78009K->697K(419840K), 0.0004245 secs]
48.845: Total time for which application threads were stopped: 0.0005423 seconds, Stopping threads took: 0.0000174 seconds
48.893: [GC (Allocation Failure)  76985K->633K(418816K), 0.0004761 secs]
48.893: Total time for which application threads were stopped: 0.0005780 seconds, Stopping threads took: 0.0000175 seconds
48.941: [GC (Allocation Failure)  75897K->633K(417792K), 0.0005311 secs]
48.942: Total time for which application threads were stopped: 0.0006471 seconds, Stopping threads took: 0.0000178 seconds
48.989: [GC (Allocation Failure)  74873K->665K(416768K), 0.0004771 secs]
48.990: Total time for which application threads were stopped: 0.0006203 seconds, Stopping threads took: 0.0000248 seconds
49.036: [GC (Allocation Failure)  73881K->665K(415744K), 0.0005750 secs]
49.037: Total time for which application threads were stopped: 0.0007208 seconds, Stopping threads took: 0.0000248 seconds
49.082: [GC (Allocation Failure)  72857K->665K(414720K), 0.0004555 secs]
49.083: Total time for which application threads were stopped: 0.0005920 seconds, Stopping threads took: 0.0000202 seconds
49.128: [GC (Allocation Failure)  71833K->633K(413696K), 0.0005072 secs]
49.128: Total time for which application threads were stopped: 0.0006493 seconds, Stopping threads took: 0.0000286 seconds
49.173: [GC (Allocation Failure)  70777K->697K(412672K), 0.0006368 secs]
49.173: Total time for which application threads were stopped: 0.0007690 seconds, Stopping threads took: 0.0000201 seconds
49.222: [GC (Allocation Failure)  69817K->665K(426496K), 0.0007355 secs]
49.222: Total time for which application threads were stopped: 0.0009034 seconds, Stopping threads took: 0.0000308 seconds
49.281: [GC (Allocation Failure)  83609K->633K(424960K), 0.0003983 secs]
49.281: Total time for which application threads were stopped: 0.0005317 seconds, Stopping threads took: 0.0000251 seconds
49.333: [GC (Allocation Failure)  82041K->665K(423424K), 0.0004811 secs]
49.333: Total time for which application threads were stopped: 0.0005997 seconds, Stopping threads took: 0.0000255 seconds
49.384: [GC (Allocation Failure)  80537K->697K(422400K), 0.0006669 secs]
49.384: Total time for which application threads were stopped: 0.0008033 seconds, Stopping threads took: 0.0000280 seconds
49.434: [GC (Allocation Failure)  79545K->601K(438272K), 0.0006751 secs]
49.435: Total time for which application threads were stopped: 0.0008253 seconds, Stopping threads took: 0.0000292 seconds
49.495: [GC (Allocation Failure)  95321K->601K(436736K), 0.0004690 secs]
49.495: Total time for which application threads were stopped: 0.0005958 seconds, Stopping threads took: 0.0000221 seconds
49.558: [GC (Allocation Failure)  93785K->601K(435200K), 0.0004650 secs]
49.558: Total time for which application threads were stopped: 0.0005993 seconds, Stopping threads took: 0.0000275 seconds
49.623: [GC (Allocation Failure)  92249K->633K(433664K), 0.0006286 secs]
49.623: Total time for which application threads were stopped: 0.0007508 seconds, Stopping threads took: 0.0000168 seconds
49.685: [GC (Allocation Failure)  90745K->665K(432128K), 0.0005365 secs]
49.685: Total time for which application threads were stopped: 0.0006748 seconds, Stopping threads took: 0.0000285 seconds
49.741: [GC (Allocation Failure)  89241K->729K(430592K), 0.0005525 secs]
49.742: Total time for which application threads were stopped: 0.0006768 seconds, Stopping threads took: 0.0000213 seconds
49.801: [GC (Allocation Failure)  87769K->601K(429056K), 0.0006174 secs]
49.801: Total time for which application threads were stopped: 0.0007349 seconds, Stopping threads took: 0.0000249 seconds
49.858: [GC (Allocation Failure)  86105K->665K(427520K), 0.0004769 secs]
49.858: Total time for which application threads were stopped: 0.0005933 seconds, Stopping threads took: 0.0000191 seconds
49.911: [GC (Allocation Failure)  84633K->633K(425984K), 0.0005025 secs]
49.911: Total time for which application threads were stopped: 0.0006194 seconds, Stopping threads took: 0.0000189 seconds
49.963: [GC (Allocation Failure)  83065K->697K(424448K), 0.0005549 secs]
49.964: Total time for which application threads were stopped: 0.0006803 seconds, Stopping threads took: 0.0000277 seconds
50.018: [GC (Allocation Failure)  81593K->665K(422912K), 0.0005019 secs]
50.018: Total time for which application threads were stopped: 0.0006502 seconds, Stopping threads took: 0.0000277 seconds
50.071: [GC (Allocation Failure)  80025K->633K(421888K), 0.0004802 secs]
50.072: Total time for which application threads were stopped: 0.0006013 seconds, Stopping threads took: 0.0000199 seconds
50.127: [GC (Allocation Failure)  78969K->665K(420864K), 0.0005129 secs]
50.128: Total time for which application threads were stopped: 0.0006473 seconds, Stopping threads took: 0.0000187 seconds
50.176: [GC (Allocation Failure)  77977K->633K(419840K), 0.0005395 secs]
50.177: Total time for which application threads were stopped: 0.0006866 seconds, Stopping threads took: 0.0000192 seconds
50.231: [GC (Allocation Failure)  76921K->665K(418816K), 0.0005615 secs]
50.232: Total time for which application threads were stopped: 0.0006956 seconds, Stopping threads took: 0.0000216 seconds
50.281: [GC (Allocation Failure)  75929K->633K(417792K), 0.0004228 secs]
50.282: Total time for which application threads were stopped: 0.0005436 seconds, Stopping threads took: 0.0000266 seconds
50.330: [GC (Allocation Failure)  74873K->729K(416768K), 0.0004717 secs]
50.330: Total time for which application threads were stopped: 0.0005981 seconds, Stopping threads took: 0.0000247 seconds
50.376: [GC (Allocation Failure)  73945K->665K(415744K), 0.0004737 secs]
50.377: Total time for which application threads were stopped: 0.0006009 seconds, Stopping threads took: 0.0000266 seconds
50.422: [GC (Allocation Failure)  72857K->633K(414720K), 0.0004644 secs]
50.423: Total time for which application threads were stopped: 0.0005947 seconds, Stopping threads took: 0.0000281 seconds
50.468: [GC (Allocation Failure)  71801K->633K(413696K), 0.0006171 secs]
50.469: Total time for which application threads were stopped: 0.0007667 seconds, Stopping threads took: 0.0000281 seconds
50.516: [GC (Allocation Failure)  70777K->665K(412672K), 0.0005294 secs]
50.516: Total time for which application threads were stopped: 0.0006779 seconds, Stopping threads took: 0.0000299 seconds
50.563: [GC (Allocation Failure)  69785K->633K(411648K), 0.0004516 secs]
50.564: Total time for which application threads were stopped: 0.0005881 seconds, Stopping threads took: 0.0000199 seconds
50.607: [GC (Allocation Failure)  68729K->633K(425472K), 0.0006688 secs]
50.608: Total time for which application threads were stopped: 0.0008124 seconds, Stopping threads took: 0.0000294 seconds
50.665: [GC (Allocation Failure)  82553K->633K(423936K), 0.0005462 secs]
50.665: Total time for which application threads were stopped: 0.0006938 seconds, Stopping threads took: 0.0000290 seconds
50.716: [GC (Allocation Failure)  81017K->665K(422400K), 0.0004548 secs]
50.716: Total time for which application threads were stopped: 0.0005981 seconds, Stopping threads took: 0.0000275 seconds
50.770: [GC (Allocation Failure)  79513K->633K(421376K), 0.0004852 secs]
50.770: Total time for which application threads were stopped: 0.0006114 seconds, Stopping threads took: 0.0000260 seconds
50.820: [GC (Allocation Failure)  78457K->633K(420352K), 0.0004290 secs]
50.820: Total time for which application threads were stopped: 0.0005393 seconds, Stopping threads took: 0.0000249 seconds
50.875: [GC (Allocation Failure)  77433K->665K(419328K), 0.0004827 secs]
50.875: Total time for which application threads were stopped: 0.0006089 seconds, Stopping threads took: 0.0000203 seconds
50.927: [GC (Allocation Failure)  76441K->601K(418304K), 0.0004937 secs]
50.927: Total time for which application threads were stopped: 0.0006260 seconds, Stopping threads took: 0.0000204 seconds
50.980: [GC (Allocation Failure)  75353K->665K(417280K), 0.0005241 secs]
50.980: Total time for which application threads were stopped: 0.0006511 seconds, Stopping threads took: 0.0000217 seconds
51.026: [GC (Allocation Failure)  74393K->601K(416256K), 0.0005728 secs]
51.027: Total time for which application threads were stopped: 0.0007185 seconds, Stopping threads took: 0.0000219 seconds
51.078: [GC (Allocation Failure)  73305K->633K(415232K), 0.0005408 secs]
51.079: Total time for which application threads were stopped: 0.0007144 seconds, Stopping threads took: 0.0000221 seconds
51.124: [GC (Allocation Failure)  72313K->633K(414208K), 0.0004478 secs]
51.125: Total time for which application threads were stopped: 0.0005729 seconds, Stopping threads took: 0.0000218 seconds
51.177: [GC (Allocation Failure)  71289K->665K(413184K), 0.0004795 secs]
51.177: Total time for which application threads were stopped: 0.0005956 seconds, Stopping threads took: 0.0000192 seconds
51.221: [GC (Allocation Failure)  70297K->601K(412160K), 0.0005564 secs]
51.222: Total time for which application threads were stopped: 0.0006743 seconds, Stopping threads took: 0.0000190 seconds
51.265: [GC (Allocation Failure)  69209K->633K(411136K), 0.0004532 secs]
51.266: Total time for which application threads were stopped: 0.0005868 seconds, Stopping threads took: 0.0000197 seconds
51.308: [GC (Allocation Failure)  68217K->633K(410112K), 0.0004569 secs]
51.309: Total time for which application threads were stopped: 0.0005833 seconds, Stopping threads took: 0.0000258 seconds
51.351: [GC (Allocation Failure)  67193K->665K(409088K), 0.0004987 secs]
51.351: Total time for which application threads were stopped: 0.0006402 seconds, Stopping threads took: 0.0000289 seconds
51.393: [GC (Allocation Failure)  66201K->633K(408064K), 0.0005165 secs]
51.393: Total time for which application threads were stopped: 0.0006629 seconds, Stopping threads took: 0.0000213 seconds
51.434: [GC (Allocation Failure)  65145K->697K(421376K), 0.0006303 secs]
51.435: Total time for which application threads were stopped: 0.0008001 seconds, Stopping threads took: 0.0000303 seconds
51.488: [GC (Allocation Failure)  78521K->569K(437248K), 0.0005935 secs]
51.489: Total time for which application threads were stopped: 0.0007128 seconds, Stopping threads took: 0.0000226 seconds
51.548: [GC (Allocation Failure)  94265K->697K(435712K), 0.0006293 secs]
51.548: Total time for which application threads were stopped: 0.0007578 seconds, Stopping threads took: 0.0000272 seconds
51.606: [GC (Allocation Failure)  92857K->665K(434176K), 0.0004761 secs]
51.607: Total time for which application threads were stopped: 0.0006116 seconds, Stopping threads took: 0.0000216 seconds
51.664: [GC (Allocation Failure)  91289K->697K(432640K), 0.0005029 secs]
51.665: Total time for which application threads were stopped: 0.0006352 seconds, Stopping threads took: 0.0000225 seconds
51.721: [GC (Allocation Failure)  89785K->633K(431104K), 0.0005117 secs]
51.721: Total time for which application threads were stopped: 0.0006382 seconds, Stopping threads took: 0.0000198 seconds
51.777: [GC (Allocation Failure)  88185K->601K(429568K), 0.0004881 secs]
51.778: Total time for which application threads were stopped: 0.0006082 seconds, Stopping threads took: 0.0000187 seconds
51.833: [GC (Allocation Failure)  86617K->633K(428032K), 0.0004353 secs]
51.834: Total time for which application threads were stopped: 0.0005425 seconds, Stopping threads took: 0.0000168 seconds
51.887: [GC (Allocation Failure)  85113K->601K(426496K), 0.0005487 secs]
51.888: Total time for which application threads were stopped: 0.0006810 seconds, Stopping threads took: 0.0000237 seconds
51.942: [GC (Allocation Failure)  83545K->601K(424960K), 0.0005327 secs]
51.943: Total time for which application threads were stopped: 0.0006719 seconds, Stopping threads took: 0.0000278 seconds
51.994: [GC (Allocation Failure)  82009K->633K(423424K), 0.0006246 secs]
51.995: Total time for which application threads were stopped: 0.0007576 seconds, Stopping threads took: 0.0000217 seconds
52.045: [GC (Allocation Failure)  80505K->697K(422400K), 0.0006581 secs]
52.045: Total time for which application threads were stopped: 0.0007976 seconds, Stopping threads took: 0.0000206 seconds
52.102: [GC (Allocation Failure)  79545K->601K(421376K), 0.0005567 secs]
52.103: Total time for which application threads were stopped: 0.0006880 seconds, Stopping threads took: 0.0000229 seconds
52.155: [GC (Allocation Failure)  78425K->633K(420352K), 0.0005762 secs]
52.156: Total time for which application threads were stopped: 0.0006943 seconds, Stopping threads took: 0.0000191 seconds
52.204: [GC (Allocation Failure)  77433K->633K(419328K), 0.0004951 secs]
52.205: Total time for which application threads were stopped: 0.0006199 seconds, Stopping threads took: 0.0000187 seconds
52.253: [GC (Allocation Failure)  76409K->601K(418304K), 0.0005034 secs]
52.253: Total time for which application threads were stopped: 0.0006244 seconds, Stopping threads took: 0.0000254 seconds
52.300: [GC (Allocation Failure)  75353K->665K(417280K), 0.0004624 secs]
52.301: Total time for which application threads were stopped: 0.0005868 seconds, Stopping threads took: 0.0000254 seconds
52.352: [GC (Allocation Failure)  74393K->665K(416256K), 0.0004837 secs]
52.352: Total time for which application threads were stopped: 0.0006048 seconds, Stopping threads took: 0.0000196 seconds
52.402: [GC (Allocation Failure)  73369K->665K(415232K), 0.0004840 secs]
52.402: Total time for which application threads were stopped: 0.0006163 seconds, Stopping threads took: 0.0000215 seconds
52.448: [GC (Allocation Failure)  72345K->665K(414208K), 0.0005197 secs]
52.448: Total time for which application threads were stopped: 0.0006556 seconds, Stopping threads took: 0.0000216 seconds
52.493: [GC (Allocation Failure)  71321K->665K(413184K), 0.0004860 secs]
52.493: Total time for which application threads were stopped: 0.0006150 seconds, Stopping threads took: 0.0000277 seconds
52.537: [GC (Allocation Failure)  70297K->633K(412160K), 0.0005839 secs]
52.537: Total time for which application threads were stopped: 0.0007433 seconds, Stopping threads took: 0.0000246 seconds
52.586: [GC (Allocation Failure)  69241K->633K(425984K), 0.0007697 secs]
52.587: Total time for which application threads were stopped: 0.0009169 seconds, Stopping threads took: 0.0000213 seconds
52.644: [GC (Allocation Failure)  83065K->601K(424448K), 0.0005090 secs]
52.645: Total time for which application threads were stopped: 0.0006738 seconds, Stopping threads took: 0.0000220 seconds
52.696: [GC (Allocation Failure)  81497K->665K(422912K), 0.0004710 secs]
52.696: Total time for which application threads were stopped: 0.0006083 seconds, Stopping threads took: 0.0000301 seconds
52.747: [GC (Allocation Failure)  80025K->633K(421888K), 0.0005435 secs]
52.747: Total time for which application threads were stopped: 0.0006679 seconds, Stopping threads took: 0.0000203 seconds
52.799: [GC (Allocation Failure)  78969K->665K(420864K), 0.0004629 secs]
52.799: Total time for which application threads were stopped: 0.0005962 seconds, Stopping threads took: 0.0000251 seconds
52.848: [GC (Allocation Failure)  77977K->665K(419840K), 0.0004894 secs]
52.849: Total time for which application threads were stopped: 0.0006287 seconds, Stopping threads took: 0.0000196 seconds
52.902: [GC (Allocation Failure)  76953K->601K(418816K), 0.0005419 secs]
52.903: Total time for which application threads were stopped: 0.0006762 seconds, Stopping threads took: 0.0000295 seconds
52.950: [GC (Allocation Failure)  75865K->633K(417792K), 0.0004422 secs]
52.951: Total time for which application threads were stopped: 0.0005678 seconds, Stopping threads took: 0.0000283 seconds
53.004: [GC (Allocation Failure)  74873K->633K(416768K), 0.0004359 secs]
53.004: Total time for which application threads were stopped: 0.0005388 seconds, Stopping threads took: 0.0000165 seconds
53.050: [GC (Allocation Failure)  73849K->729K(415744K), 0.0004876 secs]
53.051: Total time for which application threads were stopped: 0.0006112 seconds, Stopping threads took: 0.0000167 seconds
53.096: [GC (Allocation Failure)  72921K->697K(414720K), 0.0004754 secs]
53.097: Total time for which application threads were stopped: 0.0005997 seconds, Stopping threads took: 0.0000203 seconds
53.141: [GC (Allocation Failure)  71865K->601K(413696K), 0.0005854 secs]
53.142: Total time for which application threads were stopped: 0.0007288 seconds, Stopping threads took: 0.0000211 seconds
53.191: [GC (Allocation Failure)  70745K->665K(412672K), 0.0006037 secs]
53.192: Total time for which application threads were stopped: 0.0007600 seconds, Stopping threads took: 0.0000296 seconds
53.240: [GC (Allocation Failure)  69785K->633K(411648K), 0.0004852 secs]
53.241: Total time for which application threads were stopped: 0.0006260 seconds, Stopping threads took: 0.0000302 seconds
53.284: [GC (Allocation Failure)  68729K->697K(410624K), 0.0004167 secs]
53.284: Total time for which application threads were stopped: 0.0005482 seconds, Stopping threads took: 0.0000286 seconds
53.331: [GC (Allocation Failure)  67769K->601K(409600K), 0.0005861 secs]
53.331: Total time for which application threads were stopped: 0.0007095 seconds, Stopping threads took: 0.0000267 seconds
53.378: [GC (Allocation Failure)  66649K->633K(408576K), 0.0005569 secs]
53.379: Total time for which application threads were stopped: 0.0006707 seconds, Stopping threads took: 0.0000172 seconds
53.425: [GC (Allocation Failure)  65657K->665K(407552K), 0.0006009 secs]
53.426: Total time for which application threads were stopped: 0.0007430 seconds, Stopping threads took: 0.0000216 seconds
53.466: [GC (Allocation Failure)  64665K->665K(420352K), 0.0005256 secs]
53.467: Total time for which application threads were stopped: 0.0006660 seconds, Stopping threads took: 0.0000217 seconds
53.516: [GC (Allocation Failure)  77465K->665K(435712K), 0.0005622 secs]
53.516: Total time for which application threads were stopped: 0.0007007 seconds, Stopping threads took: 0.0000285 seconds
53.575: [GC (Allocation Failure)  92825K->665K(434176K), 0.0005599 secs]
53.575: Total time for which application threads were stopped: 0.0007021 seconds, Stopping threads took: 0.0000212 seconds
53.636: [GC (Allocation Failure)  91289K->665K(432640K), 0.0007689 secs]
53.637: Total time for which application threads were stopped: 0.0009163 seconds, Stopping threads took: 0.0000224 seconds
53.693: [GC (Allocation Failure)  89753K->665K(431104K), 0.0005032 secs]
53.693: Total time for which application threads were stopped: 0.0006354 seconds, Stopping threads took: 0.0000273 seconds
53.748: [GC (Allocation Failure)  88217K->601K(429568K), 0.0006310 secs]
53.749: Total time for which application threads were stopped: 0.0007623 seconds, Stopping threads took: 0.0000199 seconds
53.804: [GC (Allocation Failure)  86617K->633K(428032K), 0.0004479 secs]
53.804: Total time for which application threads were stopped: 0.0005722 seconds, Stopping threads took: 0.0000243 seconds
53.857: [GC (Allocation Failure)  85113K->633K(426496K), 0.0004812 secs]
53.858: Total time for which application threads were stopped: 0.0006072 seconds, Stopping threads took: 0.0000208 seconds
53.910: [GC (Allocation Failure)  83577K->633K(424960K), 0.0005038 secs]
53.910: Total time for which application threads were stopped: 0.0006204 seconds, Stopping threads took: 0.0000191 seconds
53.968: [GC (Allocation Failure)  82041K->665K(423424K), 0.0006174 secs]
53.969: Total time for which application threads were stopped: 0.0007425 seconds, Stopping threads took: 0.0000274 seconds
54.024: [GC (Allocation Failure)  80537K->697K(422400K), 0.0005394 secs]
54.024: Total time for which application threads were stopped: 0.0006677 seconds, Stopping threads took: 0.0000195 seconds
54.074: [GC (Allocation Failure)  79545K->665K(421376K), 0.0005242 secs]
54.075: Total time for which application threads were stopped: 0.0006555 seconds, Stopping threads took: 0.0000275 seconds
54.123: [GC (Allocation Failure)  78489K->633K(420352K), 0.0004820 secs]
54.124: Total time for which application threads were stopped: 0.0005997 seconds, Stopping threads took: 0.0000199 seconds
54.172: [GC (Allocation Failure)  77433K->633K(419328K), 0.0004728 secs]
54.173: Total time for which application threads were stopped: 0.0005976 seconds, Stopping threads took: 0.0000265 seconds
54.224: [GC (Allocation Failure)  76409K->665K(418304K), 0.0006663 secs]
54.225: Total time for which application threads were stopped: 0.0007845 seconds, Stopping threads took: 0.0000190 seconds
54.273: [GC (Allocation Failure)  75417K->697K(417280K), 0.0004890 secs]
54.274: Total time for which application threads were stopped: 0.0006211 seconds, Stopping threads took: 0.0000264 seconds
54.325: [GC (Allocation Failure)  74425K->633K(416256K), 0.0006646 secs]
54.326: Total time for which application threads were stopped: 0.0007828 seconds, Stopping threads took: 0.0000193 seconds
54.371: [GC (Allocation Failure)  73337K->665K(415232K), 0.0004785 secs]
54.372: Total time for which application threads were stopped: 0.0006004 seconds, Stopping threads took: 0.0000200 seconds
54.417: [GC (Allocation Failure)  72345K->633K(414208K), 0.0004702 secs]
54.418: Total time for which application threads were stopped: 0.0005905 seconds, Stopping threads took: 0.0000199 seconds
54.462: [GC (Allocation Failure)  71289K->665K(413184K), 0.0005139 secs]
54.463: Total time for which application threads were stopped: 0.0006317 seconds, Stopping threads took: 0.0000193 seconds
54.512: [GC (Allocation Failure)  70297K->633K(412160K), 0.0004787 secs]
54.513: Total time for which application threads were stopped: 0.0005953 seconds, Stopping threads took: 0.0000195 seconds
54.562: [GC (Allocation Failure)  69241K->665K(411136K), 0.0006695 secs]
54.563: Total time for which application threads were stopped: 0.0007983 seconds, Stopping threads took: 0.0000276 seconds
54.608: [GC (Allocation Failure)  68249K->697K(410112K), 0.0004811 secs]
54.609: Total time for which application threads were stopped: 0.0006051 seconds, Stopping threads took: 0.0000265 seconds
54.651: [GC (Allocation Failure)  67257K->697K(409088K), 0.0004880 secs]
54.651: Total time for which application threads were stopped: 0.0006134 seconds, Stopping threads took: 0.0000273 seconds
54.693: [GC (Allocation Failure)  66233K->633K(408064K), 0.0005207 secs]
54.693: Total time for which application threads were stopped: 0.0006552 seconds, Stopping threads took: 0.0000195 seconds
54.734: [GC (Allocation Failure)  65145K->633K(407040K), 0.0004550 secs]
54.734: Total time for which application threads were stopped: 0.0005837 seconds, Stopping threads took: 0.0000276 seconds
54.775: [GC (Allocation Failure)  64121K->633K(406016K), 0.0005162 secs]
54.775: Total time for which application threads were stopped: 0.0006442 seconds, Stopping threads took: 0.0000268 seconds
54.818: [GC (Allocation Failure)  63097K->633K(405504K), 0.0004135 secs]
54.819: Total time for which application threads were stopped: 0.0005221 seconds, Stopping threads took: 0.0000166 seconds
54.861: [GC (Allocation Failure)  62585K->665K(404992K), 0.0004845 secs]
54.861: Total time for which application threads were stopped: 0.0006072 seconds, Stopping threads took: 0.0000198 seconds
54.900: [GC (Allocation Failure)  62105K->633K(404480K), 0.0005051 secs]
54.901: Total time for which application threads were stopped: 0.0006500 seconds, Stopping threads took: 0.0000212 seconds
54.939: [GC (Allocation Failure)  61561K->633K(403968K), 0.0004603 secs]
54.939: Total time for which application threads were stopped: 0.0005908 seconds, Stopping threads took: 0.0000220 seconds
54.978: [GC (Allocation Failure)  61049K->665K(403456K), 0.0004693 secs]
54.978: Total time for which application threads were stopped: 0.0005887 seconds, Stopping threads took: 0.0000192 seconds
55.016: [GC (Allocation Failure)  60569K->729K(415744K), 0.0004743 secs]
55.016: Total time for which application threads were stopped: 0.0005946 seconds, Stopping threads took: 0.0000194 seconds
55.061: [GC (Allocation Failure)  72921K->633K(414720K), 0.0004780 secs]
55.062: Total time for which application threads were stopped: 0.0005985 seconds, Stopping threads took: 0.0000195 seconds
55.112: [GC (Allocation Failure)  71801K->665K(413696K), 0.0005121 secs]
55.113: Total time for which application threads were stopped: 0.0006539 seconds, Stopping threads took: 0.0000214 seconds
55.157: [GC (Allocation Failure)  70809K->633K(412672K), 0.0005376 secs]
55.157: Total time for which application threads were stopped: 0.0006858 seconds, Stopping threads took: 0.0000215 seconds
55.206: [GC (Allocation Failure)  69753K->665K(411648K), 0.0005186 secs]
55.206: Total time for which application threads were stopped: 0.0006483 seconds, Stopping threads took: 0.0000271 seconds
55.249: [GC (Allocation Failure)  68761K->665K(410624K), 0.0005328 secs]
55.250: Total time for which application threads were stopped: 0.0006762 seconds, Stopping threads took: 0.0000294 seconds
55.293: [GC (Allocation Failure)  67737K->633K(409600K), 0.0004144 secs]
55.294: Total time for which application threads were stopped: 0.0005413 seconds, Stopping threads took: 0.0000191 seconds
55.337: [GC (Allocation Failure)  66681K->697K(408576K), 0.0005858 secs]
55.337: Total time for which application threads were stopped: 0.0007106 seconds, Stopping threads took: 0.0000280 seconds
55.382: [GC (Allocation Failure)  65721K->697K(407552K), 0.0004680 secs]
55.382: Total time for which application threads were stopped: 0.0005911 seconds, Stopping threads took: 0.0000196 seconds
55.422: [GC (Allocation Failure)  64697K->665K(420352K), 0.0006231 secs]
55.423: Total time for which application threads were stopped: 0.0007422 seconds, Stopping threads took: 0.0000197 seconds
55.471: [GC (Allocation Failure)  77465K->633K(435712K), 0.0006334 secs]
55.472: Total time for which application threads were stopped: 0.0007550 seconds, Stopping threads took: 0.0000199 seconds
55.530: [GC (Allocation Failure)  92793K->665K(454144K), 0.0005986 secs]
55.530: Total time for which application threads were stopped: 0.0007330 seconds, Stopping threads took: 0.0000186 seconds
55.606: [GC (Allocation Failure)  111257K->665K(452096K), 0.0005887 secs]
55.607: Total time for which application threads were stopped: 0.0007065 seconds, Stopping threads took: 0.0000193 seconds
55.680: [GC (Allocation Failure)  109209K->633K(450048K), 0.0005608 secs]
55.681: Total time for which application threads were stopped: 0.0006895 seconds, Stopping threads took: 0.0000282 seconds
55.747: [GC (Allocation Failure)  107129K->601K(448000K), 0.0006188 secs]
55.748: Total time for which application threads were stopped: 0.0007350 seconds, Stopping threads took: 0.0000189 seconds
55.818: [GC (Allocation Failure)  105049K->633K(445952K), 0.0005007 secs]
55.819: Total time for which application threads were stopped: 0.0006335 seconds, Stopping threads took: 0.0000195 seconds
55.883: [GC (Allocation Failure)  103033K->633K(443904K), 0.0005423 secs]
55.883: Total time for which application threads were stopped: 0.0006646 seconds, Stopping threads took: 0.0000268 seconds
55.946: [GC (Allocation Failure)  100985K->633K(441856K), 0.0005905 secs]
55.947: Total time for which application threads were stopped: 0.0007189 seconds, Stopping threads took: 0.0000273 seconds
56.012: [GC (Allocation Failure)  98937K->633K(439808K), 0.0005549 secs]
56.012: Total time for which application threads were stopped: 0.0006753 seconds, Stopping threads took: 0.0000200 seconds
56.079: [GC (Allocation Failure)  96889K->633K(437760K), 0.0005253 secs]
56.079: Total time for which application threads were stopped: 0.0006526 seconds, Stopping threads took: 0.0000272 seconds
56.142: [GC (Allocation Failure)  94841K->633K(436224K), 0.0004990 secs]
56.142: Total time for which application threads were stopped: 0.0006134 seconds, Stopping threads took: 0.0000191 seconds
56.203: [GC (Allocation Failure)  93305K->697K(434688K), 0.0004827 secs]
56.204: Total time for which application threads were stopped: 0.0006032 seconds, Stopping threads took: 0.0000202 seconds
56.261: [GC (Allocation Failure)  91833K->665K(433152K), 0.0005224 secs]
56.262: Total time for which application threads were stopped: 0.0006469 seconds, Stopping threads took: 0.0000261 seconds
56.319: [GC (Allocation Failure)  90265K->633K(431616K), 0.0004989 secs]
56.320: Total time for which application threads were stopped: 0.0006397 seconds, Stopping threads took: 0.0000251 seconds
56.375: [GC (Allocation Failure)  88697K->729K(430080K), 0.0006048 secs]
56.376: Total time for which application threads were stopped: 0.0007124 seconds, Stopping threads took: 0.0000166 seconds
56.435: [GC (Allocation Failure)  87257K->665K(428544K), 0.0004767 secs]
56.436: Total time for which application threads were stopped: 0.0006047 seconds, Stopping threads took: 0.0000278 seconds
56.492: [GC (Allocation Failure)  85657K->697K(427008K), 0.0006362 secs]
56.493: Total time for which application threads were stopped: 0.0007781 seconds, Stopping threads took: 0.0000219 seconds
56.545: [GC (Allocation Failure)  84153K->633K(425472K), 0.0005416 secs]
56.546: Total time for which application threads were stopped: 0.0006896 seconds, Stopping threads took: 0.0000222 seconds
56.601: [GC (Allocation Failure)  82553K->601K(423936K), 0.0006612 secs]
56.602: Total time for which application threads were stopped: 0.0007987 seconds, Stopping threads took: 0.0000298 seconds
56.652: [GC (Allocation Failure)  80985K->665K(422400K), 0.0004129 secs]
56.653: Total time for which application threads were stopped: 0.0005466 seconds, Stopping threads took: 0.0000195 seconds
56.710: [GC (Allocation Failure)  79513K->601K(421376K), 0.0004163 secs]
56.710: Total time for which application threads were stopped: 0.0005435 seconds, Stopping threads took: 0.0000277 seconds
56.759: [GC (Allocation Failure)  78425K->665K(420352K), 0.0004486 secs]
56.760: Total time for which application threads were stopped: 0.0005688 seconds, Stopping threads took: 0.0000257 seconds
56.809: [GC (Allocation Failure)  77465K->601K(419328K), 0.0005865 secs]
56.810: Total time for which application threads were stopped: 0.0007046 seconds, Stopping threads took: 0.0000185 seconds
56.857: [GC (Allocation Failure)  76377K->633K(418304K), 0.0005137 secs]
56.858: Total time for which application threads were stopped: 0.0006322 seconds, Stopping threads took: 0.0000194 seconds
56.910: [GC (Allocation Failure)  75385K->665K(417280K), 0.0006155 secs]
56.911: Total time for which application threads were stopped: 0.0007309 seconds, Stopping threads took: 0.0000190 seconds
56.957: [GC (Allocation Failure)  74393K->729K(416256K), 0.0004692 secs]
56.958: Total time for which application threads were stopped: 0.0005890 seconds, Stopping threads took: 0.0000193 seconds
57.004: [GC (Allocation Failure)  73433K->665K(415232K), 0.0005364 secs]
57.004: Total time for which application threads were stopped: 0.0006552 seconds, Stopping threads took: 0.0000192 seconds
57.049: [GC (Allocation Failure)  72345K->665K(414208K), 0.0004619 secs]
57.050: Total time for which application threads were stopped: 0.0005824 seconds, Stopping threads took: 0.0000193 seconds
57.094: [GC (Allocation Failure)  71321K->729K(413184K), 0.0005337 secs]
57.095: Total time for which application threads were stopped: 0.0006504 seconds, Stopping threads took: 0.0000187 seconds
57.141: [GC (Allocation Failure)  70361K->665K(412160K), 0.0004753 secs]
57.142: Total time for which application threads were stopped: 0.0005951 seconds, Stopping threads took: 0.0000192 seconds
57.185: [GC (Allocation Failure)  69273K->633K(411136K), 0.0004404 secs]
57.185: Total time for which application threads were stopped: 0.0005925 seconds, Stopping threads took: 0.0000272 seconds
57.234: [GC (Allocation Failure)  68217K->633K(410112K), 0.0004807 secs]
57.235: Total time for which application threads were stopped: 0.0006092 seconds, Stopping threads took: 0.0000272 seconds
57.277: [GC (Allocation Failure)  67193K->729K(409088K), 0.0004601 secs]
57.278: Total time for which application threads were stopped: 0.0005959 seconds, Stopping threads took: 0.0000267 seconds
57.320: [GC (Allocation Failure)  66265K->633K(408064K), 0.0004597 secs]
57.321: Total time for which application threads were stopped: 0.0005934 seconds, Stopping threads took: 0.0000261 seconds
57.361: [GC (Allocation Failure)  65145K->633K(407040K), 0.0005218 secs]
57.362: Total time for which application threads were stopped: 0.0006776 seconds, Stopping threads took: 0.0000304 seconds
57.405: [GC (Allocation Failure)  64121K->633K(406016K), 0.0005768 secs]
57.406: Total time for which application threads were stopped: 0.0007244 seconds, Stopping threads took: 0.0000225 seconds
57.445: [GC (Allocation Failure)  63097K->665K(418816K), 0.0006077 secs]
57.446: Total time for which application threads were stopped: 0.0007442 seconds, Stopping threads took: 0.0000208 seconds
57.497: [GC (Allocation Failure)  75929K->633K(417792K), 0.0005091 secs]
57.497: Total time for which application threads were stopped: 0.0006430 seconds, Stopping threads took: 0.0000282 seconds
57.544: [GC (Allocation Failure)  74873K->665K(416768K), 0.0004688 secs]
57.544: Total time for which application threads were stopped: 0.0005962 seconds, Stopping threads took: 0.0000283 seconds
57.595: [GC (Allocation Failure)  73881K->697K(415744K), 0.0005657 secs]
57.595: Total time for which application threads were stopped: 0.0006931 seconds, Stopping threads took: 0.0000203 seconds
57.646: [GC (Allocation Failure)  72889K->665K(414720K), 0.0004313 secs]
57.646: Total time for which application threads were stopped: 0.0005551 seconds, Stopping threads took: 0.0000211 seconds
57.692: [GC (Allocation Failure)  71833K->665K(413696K), 0.0003806 secs]
57.692: Total time for which application threads were stopped: 0.0004873 seconds, Stopping threads took: 0.0000169 seconds
57.737: [GC (Allocation Failure)  70809K->601K(412672K), 0.0006189 secs]
57.737: Total time for which application threads were stopped: 0.0007379 seconds, Stopping threads took: 0.0000195 seconds
57.787: [GC (Allocation Failure)  69721K->633K(411648K), 0.0004325 secs]
57.788: Total time for which application threads were stopped: 0.0005689 seconds, Stopping threads took: 0.0000263 seconds
57.832: [GC (Allocation Failure)  68729K->665K(410624K), 0.0005009 secs]
57.832: Total time for which application threads were stopped: 0.0006086 seconds, Stopping threads took: 0.0000253 seconds
57.874: [GC (Allocation Failure)  67737K->697K(409600K), 0.0005412 secs]
57.875: Total time for which application threads were stopped: 0.0006547 seconds, Stopping threads took: 0.0000174 seconds
57.917: [GC (Allocation Failure)  66745K->633K(408576K), 0.0005181 secs]
57.917: Total time for which application threads were stopped: 0.0006419 seconds, Stopping threads took: 0.0000250 seconds
57.958: [GC (Allocation Failure)  65657K->665K(407552K), 0.0004199 secs]
57.959: Total time for which application threads were stopped: 0.0005398 seconds, Stopping threads took: 0.0000196 seconds
57.999: [GC (Allocation Failure)  64665K->601K(406528K), 0.0004545 secs]
57.999: Total time for which application threads were stopped: 0.0005830 seconds, Stopping threads took: 0.0000196 seconds
58.039: [GC (Allocation Failure)  63577K->633K(405504K), 0.0004927 secs]
58.039: Total time for which application threads were stopped: 0.0006402 seconds, Stopping threads took: 0.0000212 seconds
58.084: [GC (Allocation Failure)  62585K->601K(404992K), 0.0005596 secs]
58.085: Total time for which application threads were stopped: 0.0007121 seconds, Stopping threads took: 0.0000230 seconds
58.124: [GC (Allocation Failure)  62041K->665K(417280K), 0.0005175 secs]
58.124: Total time for which application threads were stopped: 0.0006462 seconds, Stopping threads took: 0.0000227 seconds
58.176: [GC (Allocation Failure)  74393K->729K(416256K), 0.0005122 secs]
58.176: Total time for which application threads were stopped: 0.0006172 seconds, Stopping threads took: 0.0000166 seconds
58.227: [GC (Allocation Failure)  73433K->665K(415232K), 0.0005388 secs]
58.227: Total time for which application threads were stopped: 0.0006655 seconds, Stopping threads took: 0.0000195 seconds
58.273: [GC (Allocation Failure)  72345K->665K(414208K), 0.0004788 secs]
58.273: Total time for which application threads were stopped: 0.0006083 seconds, Stopping threads took: 0.0000269 seconds
58.322: [GC (Allocation Failure)  71321K->665K(413184K), 0.0004743 secs]
58.322: Total time for which application threads were stopped: 0.0005939 seconds, Stopping threads took: 0.0000195 seconds
58.366: [GC (Allocation Failure)  70297K->729K(412160K), 0.0005442 secs]
58.367: Total time for which application threads were stopped: 0.0006686 seconds, Stopping threads took: 0.0000273 seconds
58.410: [GC (Allocation Failure)  69337K->633K(411136K), 0.0005020 secs]
58.410: Total time for which application threads were stopped: 0.0006243 seconds, Stopping threads took: 0.0000195 seconds
58.453: [GC (Allocation Failure)  68217K->633K(410112K), 0.0004706 secs]
58.454: Total time for which application threads were stopped: 0.0006005 seconds, Stopping threads took: 0.0000271 seconds
58.502: [GC (Allocation Failure)  67193K->665K(409088K), 0.0005585 secs]
58.502: Total time for which application threads were stopped: 0.0007036 seconds, Stopping threads took: 0.0000219 seconds
58.544: [GC (Allocation Failure)  66201K->665K(408064K), 0.0005059 secs]
58.544: Total time for which application threads were stopped: 0.0006516 seconds, Stopping threads took: 0.0000226 seconds
58.585: [GC (Allocation Failure)  65177K->601K(421376K), 0.0006016 secs]
58.586: Total time for which application threads were stopped: 0.0007243 seconds, Stopping threads took: 0.0000203 seconds
58.635: [GC (Allocation Failure)  78425K->633K(420352K), 0.0005233 secs]
58.636: Total time for which application threads were stopped: 0.0006642 seconds, Stopping threads took: 0.0000223 seconds
58.690: [GC (Allocation Failure)  77433K->665K(419328K), 0.0005376 secs]
58.690: Total time for which application threads were stopped: 0.0006785 seconds, Stopping threads took: 0.0000225 seconds
58.738: [GC (Allocation Failure)  76441K->665K(418304K), 0.0006106 secs]
58.739: Total time for which application threads were stopped: 0.0007392 seconds, Stopping threads took: 0.0000224 seconds
58.792: [GC (Allocation Failure)  75417K->697K(417280K), 0.0005083 secs]
58.793: Total time for which application threads were stopped: 0.0006531 seconds, Stopping threads took: 0.0000268 seconds
58.842: [GC (Allocation Failure)  74425K->601K(416256K), 0.0004790 secs]
58.842: Total time for which application threads were stopped: 0.0006004 seconds, Stopping threads took: 0.0000199 seconds
58.888: [GC (Allocation Failure)  73305K->665K(415232K), 0.0004975 secs]
58.889: Total time for which application threads were stopped: 0.0006403 seconds, Stopping threads took: 0.0000203 seconds
58.940: [GC (Allocation Failure)  72345K->633K(414208K), 0.0004000 secs]
58.941: Total time for which application threads were stopped: 0.0005557 seconds, Stopping threads took: 0.0000260 seconds
58.986: [GC (Allocation Failure)  71289K->665K(413184K), 0.0005321 secs]
58.986: Total time for which application threads were stopped: 0.0006541 seconds, Stopping threads took: 0.0000198 seconds
59.030: [GC (Allocation Failure)  70297K->601K(412160K), 0.0004735 secs]
59.031: Total time for which application threads were stopped: 0.0005951 seconds, Stopping threads took: 0.0000208 seconds
59.079: [GC (Allocation Failure)  69209K->633K(411136K), 0.0006138 secs]
59.080: Total time for which application threads were stopped: 0.0007390 seconds, Stopping threads took: 0.0000269 seconds
59.123: [GC (Allocation Failure)  68217K->633K(410112K), 0.0004387 secs]
59.123: Total time for which application threads were stopped: 0.0005560 seconds, Stopping threads took: 0.0000190 seconds
59.171: [GC (Allocation Failure)  67193K->633K(409088K), 0.0004729 secs]
59.171: Total time for which application threads were stopped: 0.0005805 seconds, Stopping threads took: 0.0000169 seconds
59.212: [GC (Allocation Failure)  66169K->601K(422400K), 0.0006528 secs]
59.213: Total time for which application threads were stopped: 0.0007855 seconds, Stopping threads took: 0.0000194 seconds
59.263: [GC (Allocation Failure)  79449K->729K(438272K), 0.0005829 secs]
59.264: Total time for which application threads were stopped: 0.0007409 seconds, Stopping threads took: 0.0000255 seconds
59.328: [GC (Allocation Failure)  95449K->633K(436736K), 0.0004004 secs]
59.328: Total time for which application threads were stopped: 0.0005112 seconds, Stopping threads took: 0.0000178 seconds
59.387: [GC (Allocation Failure)  93817K->633K(435200K), 0.0004254 secs]
59.387: Total time for which application threads were stopped: 0.0005699 seconds, Stopping threads took: 0.0000164 seconds
59.451: [GC (Allocation Failure)  92281K->633K(433664K), 0.0003885 secs]
59.451: Total time for which application threads were stopped: 0.0004946 seconds, Stopping threads took: 0.0000165 seconds
59.508: [GC (Allocation Failure)  90745K->633K(432128K), 0.0004744 secs]
59.509: Total time for which application threads were stopped: 0.0005803 seconds, Stopping threads took: 0.0000167 seconds
59.564: [GC (Allocation Failure)  89209K->601K(430592K), 0.0005941 secs]
59.565: Total time for which application threads were stopped: 0.0007103 seconds, Stopping threads took: 0.0000171 seconds
59.620: [GC (Allocation Failure)  87641K->633K(429056K), 0.0005260 secs]
59.621: Total time for which application threads were stopped: 0.0006554 seconds, Stopping threads took: 0.0000202 seconds
59.675: [GC (Allocation Failure)  86137K->633K(427520K), 0.0005076 secs]
59.675: Total time for which application threads were stopped: 0.0006468 seconds, Stopping threads took: 0.0000209 seconds
59.733: [GC (Allocation Failure)  84601K->697K(425984K), 0.0005095 secs]
59.733: Total time for which application threads were stopped: 0.0006805 seconds, Stopping threads took: 0.0000290 seconds
59.786: [GC (Allocation Failure)  83129K->665K(424448K), 0.0005251 secs]
59.786: Total time for which application threads were stopped: 0.0006502 seconds, Stopping threads took: 0.0000243 seconds
59.839: [GC (Allocation Failure)  81561K->633K(422912K), 0.0004765 secs]
59.840: Total time for which application threads were stopped: 0.0005975 seconds, Stopping threads took: 0.0000193 seconds
59.890: [GC (Allocation Failure)  79993K->633K(421888K), 0.0004562 secs]
59.890: Total time for which application threads were stopped: 0.0005714 seconds, Stopping threads took: 0.0000190 seconds
59.939: [GC (Allocation Failure)  78969K->633K(420864K), 0.0005523 secs]
59.940: Total time for which application threads were stopped: 0.0006503 seconds, Stopping threads took: 0.0000176 seconds
59.989: [GC (Allocation Failure)  77945K->665K(419840K), 0.0006067 secs]
59.989: Total time for which application threads were stopped: 0.0007282 seconds, Stopping threads took: 0.0000199 seconds
60.043: [GC (Allocation Failure)  76953K->665K(418816K), 0.0006209 secs]
60.044: Total time for which application threads were stopped: 0.0007502 seconds, Stopping threads took: 0.0000261 seconds
60.091: [GC (Allocation Failure)  75929K->633K(417792K), 0.0006348 secs]
60.092: Total time for which application threads were stopped: 0.0007555 seconds, Stopping threads took: 0.0000196 seconds
60.144: [GC (Allocation Failure)  74873K->729K(416768K), 0.0004633 secs]
60.144: Total time for which application threads were stopped: 0.0005913 seconds, Stopping threads took: 0.0000213 seconds
60.190: [GC (Allocation Failure)  73945K->601K(415744K), 0.0003990 secs]
60.191: Total time for which application threads were stopped: 0.0005044 seconds, Stopping threads took: 0.0000164 seconds
60.242: [GC (Allocation Failure)  72793K->633K(414720K), 0.0005696 secs]
60.243: Total time for which application threads were stopped: 0.0007071 seconds, Stopping threads took: 0.0000201 seconds
60.288: [GC (Allocation Failure)  71801K->633K(413696K), 0.0004266 secs]
60.289: Total time for which application threads were stopped: 0.0005554 seconds, Stopping threads took: 0.0000257 seconds
60.339: [GC (Allocation Failure)  70777K->697K(412672K), 0.0007079 secs]
60.339: Total time for which application threads were stopped: 0.0008352 seconds, Stopping threads took: 0.0000220 seconds
60.386: [GC (Allocation Failure)  69817K->665K(411648K), 0.0005542 secs]
60.387: Total time for which application threads were stopped: 0.0006808 seconds, Stopping threads took: 0.0000271 seconds
60.430: [GC (Allocation Failure)  68761K->665K(425472K), 0.0007392 secs]
60.430: Total time for which application threads were stopped: 0.0008830 seconds, Stopping threads took: 0.0000273 seconds
60.482: [GC (Allocation Failure)  82585K->697K(441856K), 0.0005497 secs]
60.483: Total time for which application threads were stopped: 0.0007038 seconds, Stopping threads took: 0.0000274 seconds
60.544: [GC (Allocation Failure)  99001K->633K(461824K), 0.0006435 secs]
60.545: Total time for which application threads were stopped: 0.0007648 seconds, Stopping threads took: 0.0000192 seconds
60.626: [GC (Allocation Failure)  118905K->665K(459264K), 0.0005483 secs]
60.626: Total time for which application threads were stopped: 0.0006850 seconds, Stopping threads took: 0.0000195 seconds
60.703: [GC (Allocation Failure)  116377K->633K(456704K), 0.0004950 secs]
60.703: Total time for which application threads were stopped: 0.0006209 seconds, Stopping threads took: 0.0000190 seconds
60.775: [GC (Allocation Failure)  113785K->633K(454144K), 0.0005251 secs]
60.776: Total time for which application threads were stopped: 0.0006540 seconds, Stopping threads took: 0.0000255 seconds
60.850: [GC (Allocation Failure)  111225K->633K(452096K), 0.0004007 secs]
60.851: Total time for which application threads were stopped: 0.0005171 seconds, Stopping threads took: 0.0000165 seconds
60.919: [GC (Allocation Failure)  109177K->633K(450048K), 0.0004149 secs]
60.919: Total time for which application threads were stopped: 0.0005226 seconds, Stopping threads took: 0.0000174 seconds
60.986: [GC (Allocation Failure)  107129K->665K(448000K), 0.0004435 secs]
60.986: Total time for which application threads were stopped: 0.0005735 seconds, Stopping threads took: 0.0000288 seconds
61.057: [GC (Allocation Failure)  105113K->665K(445952K), 0.0005309 secs]
61.058: Total time for which application threads were stopped: 0.0006668 seconds, Stopping threads took: 0.0000220 seconds
61.122: [GC (Allocation Failure)  103065K->633K(443904K), 0.0005012 secs]
61.123: Total time for which application threads were stopped: 0.0006559 seconds, Stopping threads took: 0.0000231 seconds
61.186: [GC (Allocation Failure)  100985K->697K(441856K), 0.0005309 secs]
61.187: Total time for which application threads were stopped: 0.0006602 seconds, Stopping threads took: 0.0000208 seconds
61.249: [GC (Allocation Failure)  99001K->633K(439808K), 0.0004979 secs]
61.249: Total time for which application threads were stopped: 0.0006266 seconds, Stopping threads took: 0.0000211 seconds
61.311: [GC (Allocation Failure)  96889K->633K(437760K), 0.0004324 secs]
61.312: Total time for which application threads were stopped: 0.0005577 seconds, Stopping threads took: 0.0000265 seconds
61.374: [GC (Allocation Failure)  94841K->601K(436224K), 0.0004690 secs]
61.375: Total time for which application threads were stopped: 0.0005865 seconds, Stopping threads took: 0.0000201 seconds
61.436: [GC (Allocation Failure)  93273K->633K(434688K), 0.0005191 secs]
61.437: Total time for which application threads were stopped: 0.0006606 seconds, Stopping threads took: 0.0000276 seconds
61.494: [GC (Allocation Failure)  91769K->665K(433152K), 0.0005709 secs]
61.495: Total time for which application threads were stopped: 0.0006997 seconds, Stopping threads took: 0.0000196 seconds
61.551: [GC (Allocation Failure)  90265K->665K(431616K), 0.0004972 secs]
61.551: Total time for which application threads were stopped: 0.0006449 seconds, Stopping threads took: 0.0000303 seconds
61.607: [GC (Allocation Failure)  88729K->633K(430080K), 0.0005138 secs]
61.607: Total time for which application threads were stopped: 0.0006690 seconds, Stopping threads took: 0.0000305 seconds
61.667: [GC (Allocation Failure)  87161K->665K(428544K), 0.0005065 secs]
61.667: Total time for which application threads were stopped: 0.0006535 seconds, Stopping threads took: 0.0000296 seconds
61.721: [GC (Allocation Failure)  85657K->633K(427008K), 0.0005470 secs]
61.721: Total time for which application threads were stopped: 0.0006945 seconds, Stopping threads took: 0.0000227 seconds
61.780: [GC (Allocation Failure)  84089K->601K(443904K), 0.0050939 secs]
61.786: Total time for which application threads were stopped: 0.0052305 seconds, Stopping threads took: 0.0000263 seconds
61.850: [GC (Allocation Failure)  100953K->665K(464384K), 0.0006435 secs]
61.851: Total time for which application threads were stopped: 0.0007642 seconds, Stopping threads took: 0.0000193 seconds
61.927: [GC (Allocation Failure)  121497K->601K(488960K), 0.0006175 secs]
61.927: Total time for which application threads were stopped: 0.0007375 seconds, Stopping threads took: 0.0000205 seconds
62.019: [GC (Allocation Failure)  146009K->569K(518144K), 0.0007090 secs]
62.020: Total time for which application threads were stopped: 0.0008276 seconds, Stopping threads took: 0.0000204 seconds
62.129: [GC (Allocation Failure)  175161K->697K(553472K), 0.0005887 secs]
62.130: Total time for which application threads were stopped: 0.0007061 seconds, Stopping threads took: 0.0000195 seconds
62.261: [GC (Allocation Failure)  210617K->665K(576000K), 0.0033727 secs]
62.265: Total time for which application threads were stopped: 0.0035050 seconds, Stopping threads took: 0.0000261 seconds
62.412: [GC (Allocation Failure)  233113K->601K(595456K), 0.0006425 secs]
62.413: Total time for which application threads were stopped: 0.0007625 seconds, Stopping threads took: 0.0000199 seconds
62.578: [GC (Allocation Failure)  252505K->665K(587264K), 0.0005590 secs]
62.578: Total time for which application threads were stopped: 0.0006782 seconds, Stopping threads took: 0.0000198 seconds
62.730: [GC (Allocation Failure)  244377K->601K(579584K), 0.0005790 secs]
62.730: Total time for which application threads were stopped: 0.0006992 seconds, Stopping threads took: 0.0000196 seconds
62.884: [GC (Allocation Failure)  236633K->633K(572416K), 0.0004338 secs]
62.884: Total time for which application threads were stopped: 0.0005980 seconds, Stopping threads took: 0.0000580 seconds
63.031: [GC (Allocation Failure)  229497K->729K(565248K), 0.0005287 secs]
63.032: Total time for which application threads were stopped: 0.0006495 seconds, Stopping threads took: 0.0000191 seconds
63.170: [GC (Allocation Failure)  222425K->665K(558592K), 0.0005742 secs]
63.170: Total time for which application threads were stopped: 0.0007057 seconds, Stopping threads took: 0.0000208 seconds
63.313: [GC (Allocation Failure)  215705K->697K(551936K), 0.0004452 secs]
63.313: Total time for which application threads were stopped: 0.0005709 seconds, Stopping threads took: 0.0000275 seconds
63.444: [GC (Allocation Failure)  209081K->665K(545792K), 0.0006212 secs]
63.444: Total time for which application threads were stopped: 0.0007413 seconds, Stopping threads took: 0.0000198 seconds
63.575: [GC (Allocation Failure)  202905K->601K(539648K), 0.0006012 secs]
63.575: Total time for which application threads were stopped: 0.0007246 seconds, Stopping threads took: 0.0000200 seconds
63.703: [GC (Allocation Failure)  196697K->697K(534016K), 0.0006136 secs]
63.703: Total time for which application threads were stopped: 0.0007311 seconds, Stopping threads took: 0.0000191 seconds
63.829: [GC (Allocation Failure)  191161K->633K(528384K), 0.0004928 secs]
63.829: Total time for which application threads were stopped: 0.0006120 seconds, Stopping threads took: 0.0000192 seconds
63.949: [GC (Allocation Failure)  185465K->665K(523264K), 0.0006034 secs]
63.949: Total time for which application threads were stopped: 0.0007314 seconds, Stopping threads took: 0.0000280 seconds
64.065: [GC (Allocation Failure)  180377K->665K(518144K), 0.0004410 secs]
64.066: Total time for which application threads were stopped: 0.0005598 seconds, Stopping threads took: 0.0000193 seconds
64.175: [GC (Allocation Failure)  175257K->665K(513536K), 0.0003983 secs]
64.175: Total time for which application threads were stopped: 0.0005135 seconds, Stopping threads took: 0.0000195 seconds
64.288: [GC (Allocation Failure)  170649K->697K(508928K), 0.0004696 secs]
64.288: Total time for which application threads were stopped: 0.0005969 seconds, Stopping threads took: 0.0000168 seconds
64.398: [GC (Allocation Failure)  166073K->633K(504320K), 0.0005378 secs]
64.399: Total time for which application threads were stopped: 0.0006787 seconds, Stopping threads took: 0.0000214 seconds
64.500: [GC (Allocation Failure)  161401K->665K(500224K), 0.0004772 secs]
64.501: Total time for which application threads were stopped: 0.0005983 seconds, Stopping threads took: 0.0000191 seconds
64.599: [GC (Allocation Failure)  157337K->665K(496128K), 0.0005556 secs]
64.600: Total time for which application threads were stopped: 0.0006895 seconds, Stopping threads took: 0.0000202 seconds
64.696: [GC (Allocation Failure)  153241K->665K(492032K), 0.0005420 secs]
64.697: Total time for which application threads were stopped: 0.0006944 seconds, Stopping threads took: 0.0000282 seconds
64.796: [GC (Allocation Failure)  149145K->665K(488448K), 0.0005056 secs]
64.797: Total time for which application threads were stopped: 0.0006122 seconds, Stopping threads took: 0.0000253 seconds
64.891: [GC (Allocation Failure)  145561K->665K(484864K), 0.0004701 secs]
64.892: Total time for which application threads were stopped: 0.0005889 seconds, Stopping threads took: 0.0000192 seconds
64.980: [GC (Allocation Failure)  141977K->697K(481280K), 0.0006234 secs]
64.981: Total time for which application threads were stopped: 0.0007428 seconds, Stopping threads took: 0.0000188 seconds
65.067: [GC (Allocation Failure)  138425K->729K(478208K), 0.0006556 secs]
65.067: Total time for which application threads were stopped: 0.0007761 seconds, Stopping threads took: 0.0000202 seconds
65.152: [GC (Allocation Failure)  135385K->633K(475136K), 0.0004880 secs]
65.152: Total time for which application threads were stopped: 0.0006146 seconds, Stopping threads took: 0.0000273 seconds
65.240: [GC (Allocation Failure)  132217K->665K(472064K), 0.0005865 secs]
65.240: Total time for which application threads were stopped: 0.0007081 seconds, Stopping threads took: 0.0000197 seconds
65.321: [GC (Allocation Failure)  129177K->633K(468992K), 0.0004922 secs]
65.322: Total time for which application threads were stopped: 0.0006166 seconds, Stopping threads took: 0.0000257 seconds
65.400: [GC (Allocation Failure)  126073K->665K(465920K), 0.0005884 secs]
65.400: Total time for which application threads were stopped: 0.0007429 seconds, Stopping threads took: 0.0000293 seconds
65.482: [GC (Allocation Failure)  123033K->633K(463360K), 0.0004805 secs]
65.482: Total time for which application threads were stopped: 0.0006079 seconds, Stopping threads took: 0.0000276 seconds
65.563: [GC (Allocation Failure)  120441K->633K(460800K), 0.0005898 secs]
65.563: Total time for which application threads were stopped: 0.0007352 seconds, Stopping threads took: 0.0000276 seconds
65.637: [GC (Allocation Failure)  117881K->601K(458240K), 0.0004471 secs]
65.638: Total time for which application threads were stopped: 0.0005646 seconds, Stopping threads took: 0.0000195 seconds
65.710: [GC (Allocation Failure)  115289K->697K(455680K), 0.0005026 secs]
65.710: Total time for which application threads were stopped: 0.0006228 seconds, Stopping threads took: 0.0000187 seconds
65.782: [GC (Allocation Failure)  112825K->601K(453120K), 0.0005871 secs]
65.782: Total time for which application threads were stopped: 0.0007022 seconds, Stopping threads took: 0.0000167 seconds
65.852: [GC (Allocation Failure)  110169K->665K(451072K), 0.0004897 secs]
65.853: Total time for which application threads were stopped: 0.0006286 seconds, Stopping threads took: 0.0000209 seconds
65.920: [GC (Allocation Failure)  108185K->665K(449024K), 0.0006599 secs]
65.921: Total time for which application threads were stopped: 0.0007896 seconds, Stopping threads took: 0.0000209 seconds
65.994: [GC (Allocation Failure)  106137K->665K(446976K), 0.0005078 secs]
65.994: Total time for which application threads were stopped: 0.0006458 seconds, Stopping threads took: 0.0000201 seconds
66.059: [GC (Allocation Failure)  104089K->697K(444928K), 0.0005895 secs]
66.060: Total time for which application threads were stopped: 0.0007427 seconds, Stopping threads took: 0.0000227 seconds
66.126: [GC (Allocation Failure)  102073K->601K(442880K), 0.0006773 secs]
66.126: Total time for which application threads were stopped: 0.0008165 seconds, Stopping threads took: 0.0000207 seconds
66.195: [GC (Allocation Failure)  99929K->633K(440832K), 0.0005381 secs]
66.195: Total time for which application threads were stopped: 0.0006983 seconds, Stopping threads took: 0.0000303 seconds
66.260: [GC (Allocation Failure)  97913K->601K(438784K), 0.0006519 secs]
66.260: Total time for which application threads were stopped: 0.0008062 seconds, Stopping threads took: 0.0000299 seconds
66.325: [GC (Allocation Failure)  95833K->633K(437248K), 0.0007383 secs]
66.325: Total time for which application threads were stopped: 0.0008861 seconds, Stopping threads took: 0.0000292 seconds
66.384: [GC (Allocation Failure)  94329K->729K(435712K), 0.0006249 secs]
66.385: Total time for which application threads were stopped: 0.0007839 seconds, Stopping threads took: 0.0000303 seconds
66.443: [GC (Allocation Failure)  92889K->569K(434176K), 0.0007170 secs]
66.443: Total time for which application threads were stopped: 0.0008475 seconds, Stopping threads took: 0.0000232 seconds
66.500: [GC (Allocation Failure)  91193K->665K(432640K), 0.0004751 secs]
66.501: Total time for which application threads were stopped: 0.0005954 seconds, Stopping threads took: 0.0000193 seconds
66.557: [GC (Allocation Failure)  89753K->697K(431104K), 0.0006357 secs]
66.558: Total time for which application threads were stopped: 0.0007526 seconds, Stopping threads took: 0.0000194 seconds
66.619: [GC (Allocation Failure)  88249K->633K(429568K), 0.0004898 secs]
66.619: Total time for which application threads were stopped: 0.0005906 seconds, Stopping threads took: 0.0000167 seconds
66.673: [GC (Allocation Failure)  86649K->633K(428032K), 0.0003925 secs]
66.674: Total time for which application threads were stopped: 0.0005156 seconds, Stopping threads took: 0.0000172 seconds
66.733: [GC (Allocation Failure)  85113K->697K(426496K), 0.0005065 secs]
66.733: Total time for which application threads were stopped: 0.0006180 seconds, Stopping threads took: 0.0000168 seconds
66.790: [GC (Allocation Failure)  83641K->665K(424960K), 0.0005053 secs]
66.790: Total time for which application threads were stopped: 0.0006419 seconds, Stopping threads took: 0.0000189 seconds
66.845: [GC (Allocation Failure)  82073K->665K(423424K), 0.0004639 secs]
66.846: Total time for which application threads were stopped: 0.0005847 seconds, Stopping threads took: 0.0000192 seconds
66.896: [GC (Allocation Failure)  80537K->665K(422400K), 0.0006692 secs]
66.897: Total time for which application threads were stopped: 0.0007932 seconds, Stopping threads took: 0.0000191 seconds
66.946: [GC (Allocation Failure)  79513K->697K(421376K), 0.0007763 secs]
66.947: Total time for which application threads were stopped: 0.0009138 seconds, Stopping threads took: 0.0000196 seconds
66.996: [GC (Allocation Failure)  78521K->601K(420352K), 0.0005032 secs]
66.996: Total time for which application threads were stopped: 0.0006401 seconds, Stopping threads took: 0.0000189 seconds
67.045: [GC (Allocation Failure)  77401K->665K(435712K), 0.0006387 secs]
67.045: Total time for which application threads were stopped: 0.0007657 seconds, Stopping threads took: 0.0000219 seconds
67.108: [GC (Allocation Failure)  92825K->633K(434176K), 0.0005304 secs]
67.108: Total time for which application threads were stopped: 0.0006287 seconds, Stopping threads took: 0.0000171 seconds
67.166: [GC (Allocation Failure)  91257K->633K(432640K), 0.0005960 secs]
67.166: Total time for which application threads were stopped: 0.0007247 seconds, Stopping threads took: 0.0000275 seconds
67.222: [GC (Allocation Failure)  89721K->697K(431104K), 0.0005669 secs]
67.223: Total time for which application threads were stopped: 0.0006876 seconds, Stopping threads took: 0.0000201 seconds
67.283: [GC (Allocation Failure)  88249K->697K(429568K), 0.0005081 secs]
67.284: Total time for which application threads were stopped: 0.0006385 seconds, Stopping threads took: 0.0000262 seconds
67.342: [GC (Allocation Failure)  86713K->697K(428032K), 0.0006108 secs]
67.343: Total time for which application threads were stopped: 0.0007451 seconds, Stopping threads took: 0.0000203 seconds
67.396: [GC (Allocation Failure)  85177K->569K(426496K), 0.0007445 secs]
67.396: Total time for which application threads were stopped: 0.0008684 seconds, Stopping threads took: 0.0000199 seconds
67.449: [GC (Allocation Failure)  83513K->665K(424960K), 0.0006196 secs]
67.449: Total time for which application threads were stopped: 0.0007634 seconds, Stopping threads took: 0.0000276 seconds
67.500: [GC (Allocation Failure)  82073K->633K(423424K), 0.0005205 secs]
67.501: Total time for which application threads were stopped: 0.0006801 seconds, Stopping threads took: 0.0000282 seconds
67.551: [GC (Allocation Failure)  80505K->633K(422400K), 0.0004967 secs]
67.552: Total time for which application threads were stopped: 0.0006435 seconds, Stopping threads took: 0.0000220 seconds
67.607: [GC (Allocation Failure)  79481K->633K(421376K), 0.0005406 secs]
67.607: Total time for which application threads were stopped: 0.0006600 seconds, Stopping threads took: 0.0000223 seconds
67.662: [GC (Allocation Failure)  78457K->665K(420352K), 0.0004899 secs]
67.662: Total time for which application threads were stopped: 0.0006002 seconds, Stopping threads took: 0.0000162 seconds
67.711: [GC (Allocation Failure)  77465K->633K(419328K), 0.0004415 secs]
67.711: Total time for which application threads were stopped: 0.0005623 seconds, Stopping threads took: 0.0000196 seconds
67.759: [GC (Allocation Failure)  76409K->665K(418304K), 0.0006901 secs]
67.760: Total time for which application threads were stopped: 0.0008174 seconds, Stopping threads took: 0.0000271 seconds
67.809: [GC (Allocation Failure)  75417K->633K(417280K), 0.0005006 secs]
67.809: Total time for which application threads were stopped: 0.0006461 seconds, Stopping threads took: 0.0000349 seconds
67.856: [GC (Allocation Failure)  74361K->633K(416256K), 0.0004802 secs]
67.857: Total time for which application threads were stopped: 0.0006046 seconds, Stopping threads took: 0.0000197 seconds
67.903: [GC (Allocation Failure)  73337K->633K(415232K), 0.0004836 secs]
67.903: Total time for which application threads were stopped: 0.0006069 seconds, Stopping threads took: 0.0000203 seconds
67.949: [GC (Allocation Failure)  72313K->665K(414208K), 0.0006661 secs]
67.949: Total time for which application threads were stopped: 0.0007995 seconds, Stopping threads took: 0.0000293 seconds
67.998: [GC (Allocation Failure)  71321K->633K(413184K), 0.0005052 secs]
67.999: Total time for which application threads were stopped: 0.0006308 seconds, Stopping threads took: 0.0000267 seconds
68.042: [GC (Allocation Failure)  70265K->665K(412160K), 0.0005116 secs]
68.043: Total time for which application threads were stopped: 0.0006526 seconds, Stopping threads took: 0.0000185 seconds
68.093: [GC (Allocation Failure)  69273K->697K(411136K), 0.0005174 secs]
68.093: Total time for which application threads were stopped: 0.0006649 seconds, Stopping threads took: 0.0000224 seconds
68.136: [GC (Allocation Failure)  68281K->697K(410112K), 0.0004796 secs]
68.136: Total time for which application threads were stopped: 0.0006033 seconds, Stopping threads took: 0.0000272 seconds
68.178: [GC (Allocation Failure)  67257K->665K(423424K), 0.0005880 secs]
68.179: Total time for which application threads were stopped: 0.0007092 seconds, Stopping threads took: 0.0000191 seconds
68.235: [GC (Allocation Failure)  80537K->665K(422400K), 0.0005678 secs]
68.236: Total time for which application threads were stopped: 0.0007166 seconds, Stopping threads took: 0.0000296 seconds
68.291: [GC (Allocation Failure)  79513K->601K(421376K), 0.0004699 secs]
68.291: Total time for which application threads were stopped: 0.0006000 seconds, Stopping threads took: 0.0000277 seconds
68.341: [GC (Allocation Failure)  78425K->729K(420352K), 0.0005243 secs]
68.342: Total time for which application threads were stopped: 0.0006705 seconds, Stopping threads took: 0.0000249 seconds
68.394: [GC (Allocation Failure)  77529K->633K(419328K), 0.0005896 secs]
68.395: Total time for which application threads were stopped: 0.0007301 seconds, Stopping threads took: 0.0000203 seconds
68.447: [GC (Allocation Failure)  76409K->633K(418304K), 0.0005062 secs]
68.448: Total time for which application threads were stopped: 0.0006308 seconds, Stopping threads took: 0.0000209 seconds
68.500: [GC (Allocation Failure)  75385K->633K(417280K), 0.0005439 secs]
68.501: Total time for which application threads were stopped: 0.0006505 seconds, Stopping threads took: 0.0000162 seconds
68.547: [GC (Allocation Failure)  74361K->633K(416256K), 0.0004885 secs]
68.548: Total time for which application threads were stopped: 0.0006192 seconds, Stopping threads took: 0.0000285 seconds
68.594: [GC (Allocation Failure)  73337K->633K(415232K), 0.0005001 secs]
68.594: Total time for which application threads were stopped: 0.0006407 seconds, Stopping threads took: 0.0000211 seconds
68.640: [GC (Allocation Failure)  72313K->697K(414208K), 0.0006092 secs]
68.640: Total time for which application threads were stopped: 0.0007353 seconds, Stopping threads took: 0.0000211 seconds
68.691: [GC (Allocation Failure)  71353K->633K(413184K), 0.0004675 secs]
68.691: Total time for which application threads were stopped: 0.0005768 seconds, Stopping threads took: 0.0000163 seconds
68.741: [GC (Allocation Failure)  70265K->633K(412160K), 0.0004909 secs]
68.741: Total time for which application threads were stopped: 0.0006259 seconds, Stopping threads took: 0.0000343 seconds
68.786: [GC (Allocation Failure)  69241K->601K(411136K), 0.0005943 secs]
68.786: Total time for which application threads were stopped: 0.0007204 seconds, Stopping threads took: 0.0000246 seconds
68.832: [GC (Allocation Failure)  68185K->665K(424960K), 0.0006390 secs]
68.832: Total time for which application threads were stopped: 0.0007803 seconds, Stopping threads took: 0.0000208 seconds
68.890: [GC (Allocation Failure)  82073K->633K(423424K), 0.0005767 secs]
68.891: Total time for which application threads were stopped: 0.0006941 seconds, Stopping threads took: 0.0000193 seconds
68.947: [GC (Allocation Failure)  80505K->665K(422400K), 0.0006050 secs]
68.947: Total time for which application threads were stopped: 0.0007575 seconds, Stopping threads took: 0.0000295 seconds
69.000: [GC (Allocation Failure)  79513K->665K(421376K), 0.0004953 secs]
69.000: Total time for which application threads were stopped: 0.0006208 seconds, Stopping threads took: 0.0000190 seconds
69.049: [GC (Allocation Failure)  78489K->697K(420352K), 0.0005611 secs]
69.050: Total time for which application threads were stopped: 0.0006898 seconds, Stopping threads took: 0.0000274 seconds
69.099: [GC (Allocation Failure)  77497K->665K(419328K), 0.0005841 secs]
69.099: Total time for which application threads were stopped: 0.0007041 seconds, Stopping threads took: 0.0000193 seconds
69.152: [GC (Allocation Failure)  76441K->633K(418304K), 0.0004794 secs]
69.153: Total time for which application threads were stopped: 0.0006169 seconds, Stopping threads took: 0.0000286 seconds
69.200: [GC (Allocation Failure)  75385K->665K(417280K), 0.0005043 secs]
69.200: Total time for which application threads were stopped: 0.0006420 seconds, Stopping threads took: 0.0000220 seconds
69.247: [GC (Allocation Failure)  74393K->633K(416256K), 0.0005773 secs]
69.247: Total time for which application threads were stopped: 0.0007042 seconds, Stopping threads took: 0.0000272 seconds
69.293: [GC (Allocation Failure)  73337K->633K(415232K), 0.0004800 secs]
69.294: Total time for which application threads were stopped: 0.0006055 seconds, Stopping threads took: 0.0000208 seconds
69.339: [GC (Allocation Failure)  72313K->665K(414208K), 0.0006090 secs]
69.339: Total time for which application threads were stopped: 0.0007304 seconds, Stopping threads took: 0.0000205 seconds
69.383: [GC (Allocation Failure)  71321K->633K(428544K), 0.0006018 secs]
69.384: Total time for which application threads were stopped: 0.0007229 seconds, Stopping threads took: 0.0000192 seconds
69.438: [GC (Allocation Failure)  85625K->665K(427008K), 0.0004816 secs]
69.438: Total time for which application threads were stopped: 0.0005982 seconds, Stopping threads took: 0.0000193 seconds
69.496: [GC (Allocation Failure)  84121K->633K(425472K), 0.0005760 secs]
69.497: Total time for which application threads were stopped: 0.0006866 seconds, Stopping threads took: 0.0000167 seconds
69.548: [GC (Allocation Failure)  82553K->665K(423936K), 0.0004524 secs]
69.549: Total time for which application threads were stopped: 0.0005695 seconds, Stopping threads took: 0.0000196 seconds
69.605: [GC (Allocation Failure)  81049K->601K(422400K), 0.0005548 secs]
69.606: Total time for which application threads were stopped: 0.0006795 seconds, Stopping threads took: 0.0000203 seconds
69.655: [GC (Allocation Failure)  79449K->697K(421376K), 0.0005980 secs]
69.656: Total time for which application threads were stopped: 0.0007215 seconds, Stopping threads took: 0.0000193 seconds
69.710: [GC (Allocation Failure)  78521K->633K(420352K), 0.0004228 secs]
69.711: Total time for which application threads were stopped: 0.0005316 seconds, Stopping threads took: 0.0000171 seconds
69.759: [GC (Allocation Failure)  77433K->633K(419328K), 0.0004200 secs]
69.759: Total time for which application threads were stopped: 0.0005258 seconds, Stopping threads took: 0.0000164 seconds
69.809: [GC (Allocation Failure)  76409K->665K(418304K), 0.0005243 secs]
69.809: Total time for which application threads were stopped: 0.0006519 seconds, Stopping threads took: 0.0000274 seconds
69.859: [GC (Allocation Failure)  75417K->633K(417280K), 0.0005266 secs]
69.860: Total time for which application threads were stopped: 0.0006475 seconds, Stopping threads took: 0.0000191 seconds
69.907: [GC (Allocation Failure)  74361K->633K(416256K), 0.0004852 secs]
69.907: Total time for which application threads were stopped: 0.0006309 seconds, Stopping threads took: 0.0000191 seconds
69.959: [GC (Allocation Failure)  73337K->697K(415232K), 0.0006653 secs]
69.959: Total time for which application threads were stopped: 0.0007860 seconds, Stopping threads took: 0.0000196 seconds
70.004: [GC (Allocation Failure)  72377K->697K(414208K), 0.0005008 secs]
70.005: Total time for which application threads were stopped: 0.0006400 seconds, Stopping threads took: 0.0000195 seconds
70.054: [GC (Allocation Failure)  71353K->633K(413184K), 0.0005353 secs]
70.054: Total time for which application threads were stopped: 0.0006430 seconds, Stopping threads took: 0.0000168 seconds
70.098: [GC (Allocation Failure)  70265K->633K(412160K), 0.0005179 secs]
70.099: Total time for which application threads were stopped: 0.0006639 seconds, Stopping threads took: 0.0000278 seconds
70.148: [GC (Allocation Failure)  69241K->665K(411136K), 0.0005557 secs]
70.148: Total time for which application threads were stopped: 0.0006612 seconds, Stopping threads took: 0.0000165 seconds
70.195: [GC (Allocation Failure)  68249K->633K(410112K), 0.0004879 secs]
70.196: Total time for which application threads were stopped: 0.0006049 seconds, Stopping threads took: 0.0000186 seconds
70.241: [GC (Allocation Failure)  67193K->665K(409088K), 0.0005259 secs]
70.242: Total time for which application threads were stopped: 0.0006568 seconds, Stopping threads took: 0.0000207 seconds
70.288: [GC (Allocation Failure)  66201K->633K(408064K), 0.0003627 secs]
70.289: Total time for which application threads were stopped: 0.0004709 seconds, Stopping threads took: 0.0000165 seconds
70.333: [GC (Allocation Failure)  65145K->729K(407040K), 0.0004623 secs]
70.333: Total time for which application threads were stopped: 0.0005734 seconds, Stopping threads took: 0.0000172 seconds
70.379: [GC (Allocation Failure)  64217K->665K(406016K), 0.0006135 secs]
70.380: Total time for which application threads were stopped: 0.0007396 seconds, Stopping threads took: 0.0000189 seconds
70.419: [GC (Allocation Failure)  63129K->665K(405504K), 0.0005280 secs]
70.419: Total time for which application threads were stopped: 0.0006475 seconds, Stopping threads took: 0.0000186 seconds
70.459: [GC (Allocation Failure)  62617K->665K(418304K), 0.0004817 secs]
70.459: Total time for which application threads were stopped: 0.0006176 seconds, Stopping threads took: 0.0000187 seconds
70.506: [GC (Allocation Failure)  75417K->665K(433664K), 0.0005548 secs]
70.507: Total time for which application threads were stopped: 0.0006746 seconds, Stopping threads took: 0.0000203 seconds
70.564: [GC (Allocation Failure)  90777K->601K(432128K), 0.0004173 secs]
70.564: Total time for which application threads were stopped: 0.0005367 seconds, Stopping threads took: 0.0000194 seconds
70.626: [GC (Allocation Failure)  89177K->633K(430592K), 0.0005422 secs]
70.626: Total time for which application threads were stopped: 0.0006774 seconds, Stopping threads took: 0.0000197 seconds
70.685: [GC (Allocation Failure)  87673K->665K(429056K), 0.0004608 secs]
70.686: Total time for which application threads were stopped: 0.0005809 seconds, Stopping threads took: 0.0000193 seconds
70.740: [GC (Allocation Failure)  86169K->633K(427520K), 0.0005011 secs]
70.740: Total time for which application threads were stopped: 0.0006371 seconds, Stopping threads took: 0.0000213 seconds
70.798: [GC (Allocation Failure)  84601K->633K(425984K), 0.0005180 secs]
70.799: Total time for which application threads were stopped: 0.0006364 seconds, Stopping threads took: 0.0000188 seconds
70.854: [GC (Allocation Failure)  83065K->665K(424448K), 0.0007542 secs]
70.855: Total time for which application threads were stopped: 0.0008814 seconds, Stopping threads took: 0.0000207 seconds
70.906: [GC (Allocation Failure)  81561K->665K(422912K), 0.0005342 secs]
70.906: Total time for which application threads were stopped: 0.0006701 seconds, Stopping threads took: 0.0000207 seconds
70.957: [GC (Allocation Failure)  80025K->665K(421888K), 0.0005460 secs]
70.957: Total time for which application threads were stopped: 0.0006978 seconds, Stopping threads took: 0.0000220 seconds
71.013: [GC (Allocation Failure)  79001K->633K(420864K), 0.0006029 secs]
71.014: Total time for which application threads were stopped: 0.0007390 seconds, Stopping threads took: 0.0000232 seconds
71.062: [GC (Allocation Failure)  77945K->633K(419840K), 0.0006224 secs]
71.063: Total time for which application threads were stopped: 0.0007594 seconds, Stopping threads took: 0.0000196 seconds
71.111: [GC (Allocation Failure)  76921K->697K(418816K), 0.0004699 secs]
71.111: Total time for which application threads were stopped: 0.0005914 seconds, Stopping threads took: 0.0000197 seconds
71.159: [GC (Allocation Failure)  75961K->633K(417792K), 0.0004900 secs]
71.159: Total time for which application threads were stopped: 0.0006266 seconds, Stopping threads took: 0.0000196 seconds
71.206: [GC (Allocation Failure)  74873K->697K(416768K), 0.0004964 secs]
71.206: Total time for which application threads were stopped: 0.0006168 seconds, Stopping threads took: 0.0000194 seconds
71.252: [GC (Allocation Failure)  73913K->665K(431616K), 0.0006783 secs]
71.253: Total time for which application threads were stopped: 0.0008043 seconds, Stopping threads took: 0.0000267 seconds
71.309: [GC (Allocation Failure)  88729K->601K(430080K), 0.0005345 secs]
71.310: Total time for which application threads were stopped: 0.0006641 seconds, Stopping threads took: 0.0000263 seconds
71.364: [GC (Allocation Failure)  87129K->665K(428544K), 0.0004515 secs]
71.365: Total time for which application threads were stopped: 0.0005799 seconds, Stopping threads took: 0.0000279 seconds
71.421: [GC (Allocation Failure)  85657K->601K(427008K), 0.0005646 secs]
71.422: Total time for which application threads were stopped: 0.0006798 seconds, Stopping threads took: 0.0000189 seconds
71.477: [GC (Allocation Failure)  84057K->633K(425472K), 0.0004929 secs]
71.478: Total time for which application threads were stopped: 0.0006280 seconds, Stopping threads took: 0.0000185 seconds
71.529: [GC (Allocation Failure)  82553K->569K(423936K), 0.0006841 secs]
71.530: Total time for which application threads were stopped: 0.0008087 seconds, Stopping threads took: 0.0000198 seconds
71.581: [GC (Allocation Failure)  80953K->665K(422400K), 0.0005433 secs]
71.581: Total time for which application threads were stopped: 0.0007171 seconds, Stopping threads took: 0.0000303 seconds
71.631: [GC (Allocation Failure)  79513K->697K(438272K), 0.0007061 secs]
71.631: Total time for which application threads were stopped: 0.0008777 seconds, Stopping threads took: 0.0000308 seconds
71.694: [GC (Allocation Failure)  95417K->665K(457216K), 0.0007277 secs]
71.694: Total time for which application threads were stopped: 0.0008584 seconds, Stopping threads took: 0.0000278 seconds
71.769: [GC (Allocation Failure)  114329K->665K(454656K), 0.0006528 secs]
71.769: Total time for which application threads were stopped: 0.0008060 seconds, Stopping threads took: 0.0000299 seconds
71.840: [GC (Allocation Failure)  111769K->665K(452096K), 0.0007142 secs]
71.841: Total time for which application threads were stopped: 0.0008556 seconds, Stopping threads took: 0.0000215 seconds
71.909: [GC (Allocation Failure)  109209K->633K(450048K), 0.0006733 secs]
71.909: Total time for which application threads were stopped: 0.0008191 seconds, Stopping threads took: 0.0000208 seconds
71.976: [GC (Allocation Failure)  107129K->633K(448000K), 0.0006542 secs]
71.977: Total time for which application threads were stopped: 0.0008102 seconds, Stopping threads took: 0.0000297 seconds
72.042: [GC (Allocation Failure)  105081K->633K(468992K), 0.0023487 secs]
72.044: Total time for which application threads were stopped: 0.0024833 seconds, Stopping threads took: 0.0000224 seconds
72.123: [GC (Allocation Failure)  126073K->633K(494080K), 0.0004843 secs]
72.123: Total time for which application threads were stopped: 0.0006092 seconds, Stopping threads took: 0.0000269 seconds
72.217: [GC (Allocation Failure)  151161K->601K(524288K), 0.0004381 secs]
72.218: Total time for which application threads were stopped: 0.0005649 seconds, Stopping threads took: 0.0000278 seconds
72.336: [GC (Allocation Failure)  181337K->601K(519168K), 0.0006266 secs]
72.337: Total time for which application threads were stopped: 0.0007460 seconds, Stopping threads took: 0.0000196 seconds
72.447: [GC (Allocation Failure)  176217K->665K(514560K), 0.0005183 secs]
72.447: Total time for which application threads were stopped: 0.0006462 seconds, Stopping threads took: 0.0000275 seconds
72.554: [GC (Allocation Failure)  171673K->665K(509952K), 0.0006475 secs]
72.555: Total time for which application threads were stopped: 0.0007767 seconds, Stopping threads took: 0.0000281 seconds
72.659: [GC (Allocation Failure)  167065K->729K(505344K), 0.0006329 secs]
72.659: Total time for which application threads were stopped: 0.0007532 seconds, Stopping threads took: 0.0000206 seconds
72.760: [GC (Allocation Failure)  162521K->633K(501248K), 0.0005287 secs]
72.761: Total time for which application threads were stopped: 0.0006458 seconds, Stopping threads took: 0.0000200 seconds
72.866: [GC (Allocation Failure)  158329K->665K(497152K), 0.0005794 secs]
72.867: Total time for which application threads were stopped: 0.0007023 seconds, Stopping threads took: 0.0000201 seconds
72.963: [GC (Allocation Failure)  154265K->601K(493056K), 0.0004671 secs]
72.963: Total time for which application threads were stopped: 0.0005901 seconds, Stopping threads took: 0.0000209 seconds
73.057: [GC (Allocation Failure)  150105K->633K(489472K), 0.0005050 secs]
73.057: Total time for which application threads were stopped: 0.0006413 seconds, Stopping threads took: 0.0000189 seconds
73.149: [GC (Allocation Failure)  146553K->665K(485888K), 0.0005260 secs]
73.149: Total time for which application threads were stopped: 0.0006692 seconds, Stopping threads took: 0.0000219 seconds
73.238: [GC (Allocation Failure)  143001K->729K(482304K), 0.0005353 secs]
73.239: Total time for which application threads were stopped: 0.0006663 seconds, Stopping threads took: 0.0000202 seconds
73.326: [GC (Allocation Failure)  139481K->729K(478720K), 0.0004852 secs]
73.327: Total time for which application threads were stopped: 0.0006281 seconds, Stopping threads took: 0.0000207 seconds
73.417: [GC (Allocation Failure)  135897K->697K(475648K), 0.0005522 secs]
73.418: Total time for which application threads were stopped: 0.0006893 seconds, Stopping threads took: 0.0000213 seconds
73.501: [GC (Allocation Failure)  132793K->601K(472576K), 0.0005230 secs]
73.501: Total time for which application threads were stopped: 0.0006993 seconds, Stopping threads took: 0.0000218 seconds
73.588: [GC (Allocation Failure)  129625K->697K(469504K), 0.0005576 secs]
73.588: Total time for which application threads were stopped: 0.0007070 seconds, Stopping threads took: 0.0000219 seconds
73.667: [GC (Allocation Failure)  126649K->729K(466432K), 0.0004800 secs]
73.667: Total time for which application threads were stopped: 0.0006086 seconds, Stopping threads took: 0.0000201 seconds
73.744: [GC (Allocation Failure)  123609K->697K(463872K), 0.0004973 secs]
73.745: Total time for which application threads were stopped: 0.0006331 seconds, Stopping threads took: 0.0000211 seconds
73.821: [GC (Allocation Failure)  121017K->633K(461312K), 0.0006545 secs]
73.822: Total time for which application threads were stopped: 0.0007843 seconds, Stopping threads took: 0.0000279 seconds
73.901: [GC (Allocation Failure)  118393K->633K(458752K), 0.0004620 secs]
73.902: Total time for which application threads were stopped: 0.0005895 seconds, Stopping threads took: 0.0000273 seconds
73.980: [GC (Allocation Failure)  115833K->633K(456192K), 0.0004964 secs]
73.981: Total time for which application threads were stopped: 0.0006539 seconds, Stopping threads took: 0.0000197 seconds
74.057: [GC (Allocation Failure)  113273K->665K(453632K), 0.0004862 secs]
74.058: Total time for which application threads were stopped: 0.0006183 seconds, Stopping threads took: 0.0000207 seconds
74.133: [GC (Allocation Failure)  110745K->633K(451584K), 0.0005206 secs]
74.134: Total time for which application threads were stopped: 0.0006761 seconds, Stopping threads took: 0.0000295 seconds
74.201: [GC (Allocation Failure)  108665K->633K(449536K), 0.0004753 secs]
74.202: Total time for which application threads were stopped: 0.0006063 seconds, Stopping threads took: 0.0000278 seconds
74.268: [GC (Allocation Failure)  106617K->601K(447488K), 0.0005473 secs]
74.269: Total time for which application threads were stopped: 0.0006881 seconds, Stopping threads took: 0.0000270 seconds
74.340: [GC (Allocation Failure)  104537K->601K(445440K), 0.0004510 secs]
74.341: Total time for which application threads were stopped: 0.0005747 seconds, Stopping threads took: 0.0000269 seconds
74.408: [GC (Allocation Failure)  102489K->633K(443392K), 0.0004937 secs]
74.409: Total time for which application threads were stopped: 0.0006099 seconds, Stopping threads took: 0.0000168 seconds
74.472: [GC (Allocation Failure)  100473K->665K(441344K), 0.0005604 secs]
74.472: Total time for which application threads were stopped: 0.0007009 seconds, Stopping threads took: 0.0000223 seconds
74.534: [GC (Allocation Failure)  98457K->633K(439296K), 0.0004072 secs]
74.534: Total time for which application threads were stopped: 0.0005301 seconds, Stopping threads took: 0.0000175 seconds
74.598: [GC (Allocation Failure)  96377K->697K(437760K), 0.0004483 secs]
74.598: Total time for which application threads were stopped: 0.0005772 seconds, Stopping threads took: 0.0000276 seconds
74.660: [GC (Allocation Failure)  94905K->697K(436224K), 0.0005736 secs]
74.661: Total time for which application threads were stopped: 0.0007203 seconds, Stopping threads took: 0.0000214 seconds
74.720: [GC (Allocation Failure)  93369K->665K(434688K), 0.0004828 secs]
74.720: Total time for which application threads were stopped: 0.0006321 seconds, Stopping threads took: 0.0000302 seconds
74.778: [GC (Allocation Failure)  91801K->729K(433152K), 0.0003993 secs]
74.778: Total time for which application threads were stopped: 0.0005209 seconds, Stopping threads took: 0.0000254 seconds
74.836: [GC (Allocation Failure)  90329K->569K(431616K), 0.0004790 secs]
74.836: Total time for which application threads were stopped: 0.0005975 seconds, Stopping threads took: 0.0000203 seconds
74.892: [GC (Allocation Failure)  88633K->665K(430080K), 0.0008505 secs]
74.893: Total time for which application threads were stopped: 0.0009959 seconds, Stopping threads took: 0.0000208 seconds
74.951: [GC (Allocation Failure)  87193K->665K(428544K), 0.0005622 secs]
74.952: Total time for which application threads were stopped: 0.0007065 seconds, Stopping threads took: 0.0000216 seconds
75.005: [GC (Allocation Failure)  85657K->633K(427008K), 0.0005040 secs]
75.006: Total time for which application threads were stopped: 0.0006520 seconds, Stopping threads took: 0.0000225 seconds
75.058: [GC (Allocation Failure)  84089K->601K(425472K), 0.0005580 secs]
75.059: Total time for which application threads were stopped: 0.0006882 seconds, Stopping threads took: 0.0000222 seconds
75.117: [GC (Allocation Failure)  82521K->601K(423936K), 0.0005620 secs]
75.117: Total time for which application threads were stopped: 0.0006858 seconds, Stopping threads took: 0.0000276 seconds
75.168: [GC (Allocation Failure)  80985K->697K(422400K), 0.0004769 secs]
75.168: Total time for which application threads were stopped: 0.0006063 seconds, Stopping threads took: 0.0000202 seconds
75.219: [GC (Allocation Failure)  79545K->697K(421376K), 0.0005864 secs]
75.219: Total time for which application threads were stopped: 0.0007068 seconds, Stopping threads took: 0.0000194 seconds
75.274: [GC (Allocation Failure)  78521K->665K(420352K), 0.0006548 secs]
75.275: Total time for which application threads were stopped: 0.0007984 seconds, Stopping threads took: 0.0000300 seconds
