Java HotSpot(TM) 64-Bit Server VM (25.171-b11) for linux-amd64 JRE (1.8.0_171-b11), built on Mar 28 2018 17:07:08 by "java_re" with gcc 4.3.0 20080428 (Red Hat 4.3.0-8)
Memory: 4k page, physical 32883000k(29634172k free), swap 8000508k(8000508k free)
CommandLine flags: -XX:InitialHeapSize=526128000 -XX:MaxHeapSize=8418048000 -XX:+PrintGC -XX:+PrintGCApplicationStoppedTime -XX:+PrintGCTimeStamps -XX:+UseCompressedClassPointers -XX:+UseCompressedOops -XX:+UseParallelGC 
0.382: [GC (Allocation Failure)  129024K->2381K(493056K), 0.0019119 secs]
0.384: Total time for which application threads were stopped: 0.0021232 seconds, Stopping threads took: 0.0000201 seconds
0.472: [GC (Allocation Failure)  131405K->576K(493056K), 0.0009246 secs]
0.473: Total time for which application threads were stopped: 0.0010792 seconds, Stopping threads took: 0.0000299 seconds
0.559: [GC (Allocation Failure)  129600K->648K(493056K), 0.0007225 secs]
0.559: Total time for which application threads were stopped: 0.0008381 seconds, Stopping threads took: 0.0000286 seconds
0.649: [GC (Allocation Failure)  129672K->584K(493056K), 0.0010035 secs]
0.650: Total time for which application threads were stopped: 0.0011177 seconds, Stopping threads took: 0.0000207 seconds
0.735: [GC (Allocation Failure)  129608K->656K(470016K), 0.0009860 secs]
0.736: Total time for which application threads were stopped: 0.0011185 seconds, Stopping threads took: 0.0000268 seconds
0.815: [GC (Allocation Failure)  126608K->696K(466944K), 0.0011156 secs]
0.817: Total time for which application threads were stopped: 0.0012447 seconds, Stopping threads took: 0.0000285 seconds
0.894: [GC (Allocation Failure)  123576K->605K(463872K), 0.0010453 secs]
0.895: Total time for which application threads were stopped: 0.0011697 seconds, Stopping threads took: 0.0000216 seconds
0.971: [GC (Allocation Failure)  120925K->637K(461312K), 0.0005189 secs]
0.972: Total time for which application threads were stopped: 0.0006460 seconds, Stopping threads took: 0.0000284 seconds
1.047: [GC (Allocation Failure)  118397K->605K(460800K), 0.0005580 secs]
1.048: Total time for which application threads were stopped: 0.0006700 seconds, Stopping threads took: 0.0000314 seconds
1.123: [GC (Allocation Failure)  115805K->637K(456192K), 0.0005700 secs]
1.123: Total time for which application threads were stopped: 0.0006802 seconds, Stopping threads took: 0.0000312 seconds
1.199: [GC (Allocation Failure)  113277K->669K(455168K), 0.0006298 secs]
1.199: Total time for which application threads were stopped: 0.0007287 seconds, Stopping threads took: 0.0000231 seconds
1.271: [GC (Allocation Failure)  110749K->573K(451584K), 0.0005353 secs]
1.271: Total time for which application threads were stopped: 0.0006525 seconds, Stopping threads took: 0.0000295 seconds
1.340: [GC (Allocation Failure)  108605K->669K(451072K), 0.0004781 secs]
1.340: Total time for which application threads were stopped: 0.0005972 seconds, Stopping threads took: 0.0000217 seconds
1.409: [GC (Allocation Failure)  106653K->605K(447488K), 0.0005015 secs]
1.410: Total time for which application threads were stopped: 0.0006285 seconds, Stopping threads took: 0.0000295 seconds
1.477: [GC (Allocation Failure)  104541K->637K(446976K), 0.0004480 secs]
1.478: Total time for which application threads were stopped: 0.0005665 seconds, Stopping threads took: 0.0000203 seconds
1.543: [GC (Allocation Failure)  102525K->669K(443392K), 0.0005081 secs]
1.543: Total time for which application threads were stopped: 0.0006226 seconds, Stopping threads took: 0.0000187 seconds
1.609: [GC (Allocation Failure)  100509K->701K(442880K), 0.0007412 secs]
1.610: Total time for which application threads were stopped: 0.0009244 seconds, Stopping threads took: 0.0000211 seconds
1.677: [GC (Allocation Failure)  98493K->605K(439296K), 0.0005857 secs]
1.678: Total time for which application threads were stopped: 0.0007121 seconds, Stopping threads took: 0.0000281 seconds
1.743: [GC (Allocation Failure)  96349K->637K(438784K), 0.0004562 secs]
1.743: Total time for which application threads were stopped: 0.0005634 seconds, Stopping threads took: 0.0000179 seconds
1.804: [GC (Allocation Failure)  94845K->637K(436224K), 0.0005846 secs]
1.805: Total time for which application threads were stopped: 0.0007076 seconds, Stopping threads took: 0.0000259 seconds
1.863: [GC (Allocation Failure)  93309K->669K(435712K), 0.0005652 secs]
1.864: Total time for which application threads were stopped: 0.0006862 seconds, Stopping threads took: 0.0000218 seconds
1.922: [GC (Allocation Failure)  91805K->669K(433152K), 0.0005887 secs]
1.922: Total time for which application threads were stopped: 0.0007100 seconds, Stopping threads took: 0.0000268 seconds
1.979: [GC (Allocation Failure)  90269K->605K(432640K), 0.0005391 secs]
1.979: Total time for which application threads were stopped: 0.0006546 seconds, Stopping threads took: 0.0000199 seconds
2.040: [GC (Allocation Failure)  88669K->637K(430080K), 0.0005033 secs]
2.041: Total time for which application threads were stopped: 0.0006272 seconds, Stopping threads took: 0.0000273 seconds
2.095: [GC (Allocation Failure)  87165K->573K(429056K), 0.0004762 secs]
2.096: Total time for which application threads were stopped: 0.0005911 seconds, Stopping threads took: 0.0000204 seconds
2.155: [GC (Allocation Failure)  85565K->669K(427008K), 0.0005920 secs]
2.155: Total time for which application threads were stopped: 0.0007165 seconds, Stopping threads took: 0.0000274 seconds
2.209: [GC (Allocation Failure)  84125K->637K(425984K), 0.0004795 secs]
2.209: Total time for which application threads were stopped: 0.0005977 seconds, Stopping threads took: 0.0000273 seconds
2.267: [GC (Allocation Failure)  82557K->605K(423936K), 0.0004734 secs]
2.267: Total time for which application threads were stopped: 0.0005976 seconds, Stopping threads took: 0.0000277 seconds
2.324: [GC (Allocation Failure)  80989K->669K(422912K), 0.0006453 secs]
2.325: Total time for which application threads were stopped: 0.0007697 seconds, Stopping threads took: 0.0000212 seconds
2.379: [GC (Allocation Failure)  79517K->669K(421376K), 0.0004450 secs]
2.380: Total time for which application threads were stopped: 0.0005503 seconds, Stopping threads took: 0.0000164 seconds
2.434: [GC (Allocation Failure)  78493K->637K(420864K), 0.0005700 secs]
2.435: Total time for which application threads were stopped: 0.0006758 seconds, Stopping threads took: 0.0000171 seconds
2.484: [GC (Allocation Failure)  77437K->669K(419328K), 0.0005237 secs]
2.484: Total time for which application threads were stopped: 0.0006466 seconds, Stopping threads took: 0.0000192 seconds
2.532: [GC (Allocation Failure)  76445K->669K(418816K), 0.0005171 secs]
2.533: Total time for which application threads were stopped: 0.0006499 seconds, Stopping threads took: 0.0000284 seconds
2.580: [GC (Allocation Failure)  75421K->669K(417280K), 0.0006063 secs]
2.581: Total time for which application threads were stopped: 0.0007216 seconds, Stopping threads took: 0.0000200 seconds
2.632: [GC (Allocation Failure)  74397K->637K(416768K), 0.0005356 secs]
2.633: Total time for which application threads were stopped: 0.0006424 seconds, Stopping threads took: 0.0000165 seconds
2.679: [GC (Allocation Failure)  73341K->637K(415232K), 0.0003910 secs]
2.679: Total time for which application threads were stopped: 0.0004956 seconds, Stopping threads took: 0.0000164 seconds
2.725: [GC (Allocation Failure)  72317K->669K(414208K), 0.0004553 secs]
2.726: Total time for which application threads were stopped: 0.0005634 seconds, Stopping threads took: 0.0000167 seconds
2.772: [GC (Allocation Failure)  71325K->637K(413184K), 0.0005303 secs]
2.772: Total time for which application threads were stopped: 0.0006685 seconds, Stopping threads took: 0.0000255 seconds
2.816: [GC (Allocation Failure)  70269K->669K(412160K), 0.0004755 secs]
2.817: Total time for which application threads were stopped: 0.0005863 seconds, Stopping threads took: 0.0000208 seconds
2.865: [GC (Allocation Failure)  69277K->701K(411136K), 0.0006741 secs]
2.866: Total time for which application threads were stopped: 0.0008058 seconds, Stopping threads took: 0.0000304 seconds
2.909: [GC (Allocation Failure)  68285K->701K(410112K), 0.0005516 secs]
2.910: Total time for which application threads were stopped: 0.0006815 seconds, Stopping threads took: 0.0000296 seconds
2.955: [GC (Allocation Failure)  67261K->637K(424960K), 0.0005405 secs]
2.956: Total time for which application threads were stopped: 0.0006453 seconds, Stopping threads took: 0.0000170 seconds
3.007: [GC (Allocation Failure)  82045K->669K(423424K), 0.0004799 secs]
3.008: Total time for which application threads were stopped: 0.0005980 seconds, Stopping threads took: 0.0000192 seconds
3.058: [GC (Allocation Failure)  80541K->605K(422400K), 0.0006328 secs]
3.059: Total time for which application threads were stopped: 0.0007663 seconds, Stopping threads took: 0.0000193 seconds
3.109: [GC (Allocation Failure)  79453K->677K(421376K), 0.0004604 secs]
3.109: Total time for which application threads were stopped: 0.0005910 seconds, Stopping threads took: 0.0000287 seconds
3.164: [GC (Allocation Failure)  78501K->613K(420352K), 0.0006247 secs]
3.164: Total time for which application threads were stopped: 0.0007595 seconds, Stopping threads took: 0.0000271 seconds
3.218: [GC (Allocation Failure)  77413K->613K(419328K), 0.0006404 secs]
3.219: Total time for which application threads were stopped: 0.0007716 seconds, Stopping threads took: 0.0000207 seconds
3.267: [GC (Allocation Failure)  76389K->613K(418304K), 0.0004349 secs]
3.267: Total time for which application threads were stopped: 0.0005594 seconds, Stopping threads took: 0.0000271 seconds
3.321: [GC (Allocation Failure)  75365K->709K(417280K), 0.0005321 secs]
3.321: Total time for which application threads were stopped: 0.0006510 seconds, Stopping threads took: 0.0000265 seconds
3.375: [GC (Allocation Failure)  74437K->645K(416256K), 0.0005057 secs]
3.375: Total time for which application threads were stopped: 0.0006216 seconds, Stopping threads took: 0.0000177 seconds
3.423: [GC (Allocation Failure)  73349K->709K(415232K), 0.0005016 secs]
3.424: Total time for which application threads were stopped: 0.0006264 seconds, Stopping threads took: 0.0000266 seconds
3.469: [GC (Allocation Failure)  72389K->645K(414208K), 0.0005101 secs]
3.470: Total time for which application threads were stopped: 0.0007892 seconds, Stopping threads took: 0.0000197 seconds
3.514: [GC (Allocation Failure)  71301K->709K(413184K), 0.0004914 secs]
3.515: Total time for which application threads were stopped: 0.0006165 seconds, Stopping threads took: 0.0000270 seconds
3.566: [GC (Allocation Failure)  70341K->645K(412160K), 0.0004689 secs]
3.566: Total time for which application threads were stopped: 0.0006093 seconds, Stopping threads took: 0.0000270 seconds
3.615: [GC (Allocation Failure)  69253K->709K(411136K), 0.0005134 secs]
3.616: Total time for which application threads were stopped: 0.0006389 seconds, Stopping threads took: 0.0000269 seconds
3.659: [GC (Allocation Failure)  68293K->581K(410112K), 0.0006178 secs]
3.659: Total time for which application threads were stopped: 0.0007312 seconds, Stopping threads took: 0.0000190 seconds
3.702: [GC (Allocation Failure)  67141K->613K(409088K), 0.0005071 secs]
3.702: Total time for which application threads were stopped: 0.0006217 seconds, Stopping threads took: 0.0000188 seconds
3.750: [GC (Allocation Failure)  66149K->645K(408064K), 0.0004349 secs]
3.750: Total time for which application threads were stopped: 0.0005501 seconds, Stopping threads took: 0.0000188 seconds
3.794: [GC (Allocation Failure)  65157K->709K(407040K), 0.0005293 secs]
3.795: Total time for which application threads were stopped: 0.0006447 seconds, Stopping threads took: 0.0000186 seconds
3.840: [GC (Allocation Failure)  64197K->709K(406016K), 0.0005853 secs]
3.841: Total time for which application threads were stopped: 0.0007123 seconds, Stopping threads took: 0.0000272 seconds
3.884: [GC (Allocation Failure)  63173K->613K(405504K), 0.0004758 secs]
3.884: Total time for which application threads were stopped: 0.0006020 seconds, Stopping threads took: 0.0000265 seconds
3.923: [GC (Allocation Failure)  62565K->645K(418304K), 0.0005678 secs]
3.924: Total time for which application threads were stopped: 0.0006934 seconds, Stopping threads took: 0.0000194 seconds
3.976: [GC (Allocation Failure)  75397K->677K(417280K), 0.0004601 secs]
3.976: Total time for which application threads were stopped: 0.0005729 seconds, Stopping threads took: 0.0000187 seconds
4.029: [GC (Allocation Failure)  74405K->645K(416256K), 0.0006124 secs]
4.030: Total time for which application threads were stopped: 0.0007075 seconds, Stopping threads took: 0.0000164 seconds
4.057: Total time for which application threads were stopped: 0.0001173 seconds, Stopping threads took: 0.0000475 seconds
4.076: [GC (Allocation Failure)  73349K->645K(431104K), 0.0006200 secs]
4.077: Total time for which application threads were stopped: 0.0007455 seconds, Stopping threads took: 0.0000198 seconds
4.137: [GC (Allocation Failure)  88197K->613K(429568K), 0.0006115 secs]
4.138: Total time for which application threads were stopped: 0.0007684 seconds, Stopping threads took: 0.0000302 seconds
4.196: [GC (Allocation Failure)  86629K->677K(428032K), 0.0004777 secs]
4.196: Total time for which application threads were stopped: 0.0005933 seconds, Stopping threads took: 0.0000199 seconds
4.255: [GC (Allocation Failure)  85157K->709K(426496K), 0.0004055 secs]
4.256: Total time for which application threads were stopped: 0.0005218 seconds, Stopping threads took: 0.0000262 seconds
4.314: [GC (Allocation Failure)  83653K->645K(424960K), 0.0004050 secs]
4.314: Total time for which application threads were stopped: 0.0005101 seconds, Stopping threads took: 0.0000164 seconds
4.372: [GC (Allocation Failure)  82053K->677K(423424K), 0.0004907 secs]
4.373: Total time for which application threads were stopped: 0.0006007 seconds, Stopping threads took: 0.0000241 seconds
4.428: [GC (Allocation Failure)  80549K->645K(422400K), 0.0004695 secs]
4.429: Total time for which application threads were stopped: 0.0005866 seconds, Stopping threads took: 0.0000198 seconds
4.485: [GC (Allocation Failure)  79493K->677K(421376K), 0.0005629 secs]
4.485: Total time for which application threads were stopped: 0.0006968 seconds, Stopping threads took: 0.0000212 seconds
4.538: [GC (Allocation Failure)  78501K->613K(420352K), 0.0005927 secs]
4.539: Total time for which application threads were stopped: 0.0007247 seconds, Stopping threads took: 0.0000297 seconds
4.587: [GC (Allocation Failure)  77413K->613K(419328K), 0.0004841 secs]
4.588: Total time for which application threads were stopped: 0.0006102 seconds, Stopping threads took: 0.0000280 seconds
4.642: [GC (Allocation Failure)  76389K->677K(418304K), 0.0004602 secs]
4.642: Total time for which application threads were stopped: 0.0005752 seconds, Stopping threads took: 0.0000198 seconds
4.689: [GC (Allocation Failure)  75429K->645K(417280K), 0.0005336 secs]
4.690: Total time for which application threads were stopped: 0.0006375 seconds, Stopping threads took: 0.0000170 seconds
4.739: [GC (Allocation Failure)  74373K->645K(416256K), 0.0004803 secs]
4.740: Total time for which application threads were stopped: 0.0006043 seconds, Stopping threads took: 0.0000273 seconds
4.790: [GC (Allocation Failure)  73349K->645K(415232K), 0.0005062 secs]
4.791: Total time for which application threads were stopped: 0.0006337 seconds, Stopping threads took: 0.0000189 seconds
4.836: [GC (Allocation Failure)  72325K->613K(414208K), 0.0004610 secs]
4.837: Total time for which application threads were stopped: 0.0005783 seconds, Stopping threads took: 0.0000192 seconds
4.885: [GC (Allocation Failure)  71269K->645K(413184K), 0.0004761 secs]
4.886: Total time for which application threads were stopped: 0.0006174 seconds, Stopping threads took: 0.0000194 seconds
4.930: [GC (Allocation Failure)  70277K->613K(412160K), 0.0004735 secs]
4.930: Total time for which application threads were stopped: 0.0006244 seconds, Stopping threads took: 0.0000294 seconds
4.973: [GC (Allocation Failure)  69221K->709K(411136K), 0.0005019 secs]
4.974: Total time for which application threads were stopped: 0.0007032 seconds, Stopping threads took: 0.0000484 seconds
5.016: [GC (Allocation Failure)  68293K->677K(410112K), 0.0006683 secs]
5.017: Total time for which application threads were stopped: 0.0008309 seconds, Stopping threads took: 0.0000227 seconds
5.059: [GC (Allocation Failure)  67237K->645K(409088K), 0.0005019 secs]
5.060: Total time for which application threads were stopped: 0.0006528 seconds, Stopping threads took: 0.0000222 seconds
5.104: [GC (Allocation Failure)  66181K->645K(408064K), 0.0004948 secs]
5.104: Total time for which application threads were stopped: 0.0006326 seconds, Stopping threads took: 0.0000301 seconds
5.145: [GC (Allocation Failure)  65157K->613K(421376K), 0.0005970 secs]
5.146: Total time for which application threads were stopped: 0.0007149 seconds, Stopping threads took: 0.0000199 seconds
5.195: [GC (Allocation Failure)  78437K->613K(437248K), 0.0005932 secs]
5.195: Total time for which application threads were stopped: 0.0007051 seconds, Stopping threads took: 0.0000185 seconds
5.255: [GC (Allocation Failure)  94309K->613K(435712K), 0.0005335 secs]
5.255: Total time for which application threads were stopped: 0.0006542 seconds, Stopping threads took: 0.0000257 seconds
5.318: [GC (Allocation Failure)  92773K->677K(434176K), 0.0004634 secs]
5.318: Total time for which application threads were stopped: 0.0005805 seconds, Stopping threads took: 0.0000193 seconds
5.378: [GC (Allocation Failure)  91301K->645K(432640K), 0.0004646 secs]
5.378: Total time for which application threads were stopped: 0.0005704 seconds, Stopping threads took: 0.0000244 seconds
5.440: [GC (Allocation Failure)  89733K->645K(431104K), 0.0004637 secs]
5.441: Total time for which application threads were stopped: 0.0006061 seconds, Stopping threads took: 0.0000278 seconds
5.496: [GC (Allocation Failure)  88197K->613K(429568K), 0.0004950 secs]
5.497: Total time for which application threads were stopped: 0.0006343 seconds, Stopping threads took: 0.0000227 seconds
5.556: [GC (Allocation Failure)  86629K->645K(428032K), 0.0005678 secs]
5.557: Total time for which application threads were stopped: 0.0007089 seconds, Stopping threads took: 0.0000221 seconds
5.616: [GC (Allocation Failure)  85125K->645K(426496K), 0.0006101 secs]
5.617: Total time for which application threads were stopped: 0.0007587 seconds, Stopping threads took: 0.0000220 seconds
5.669: [GC (Allocation Failure)  83589K->677K(424960K), 0.0005363 secs]
5.670: Total time for which application threads were stopped: 0.0006716 seconds, Stopping threads took: 0.0000220 seconds
5.721: [GC (Allocation Failure)  82085K->645K(423424K), 0.0005668 secs]
5.722: Total time for which application threads were stopped: 0.0007258 seconds, Stopping threads took: 0.0000309 seconds
5.775: [GC (Allocation Failure)  80517K->677K(422400K), 0.0004212 secs]
5.776: Total time for which application threads were stopped: 0.0005492 seconds, Stopping threads took: 0.0000276 seconds
5.826: [GC (Allocation Failure)  79525K->613K(421376K), 0.0005775 secs]
5.827: Total time for which application threads were stopped: 0.0007108 seconds, Stopping threads took: 0.0000213 seconds
5.876: [GC (Allocation Failure)  78437K->709K(420352K), 0.0005065 secs]
5.876: Total time for which application threads were stopped: 0.0006426 seconds, Stopping threads took: 0.0000201 seconds
5.925: [GC (Allocation Failure)  77509K->709K(419328K), 0.0005022 secs]
5.926: Total time for which application threads were stopped: 0.0006177 seconds, Stopping threads took: 0.0000194 seconds
5.980: [GC (Allocation Failure)  76485K->709K(418304K), 0.0004741 secs]
5.981: Total time for which application threads were stopped: 0.0005933 seconds, Stopping threads took: 0.0000197 seconds
6.028: [GC (Allocation Failure)  75461K->709K(417280K), 0.0004942 secs]
6.028: Total time for which application threads were stopped: 0.0006357 seconds, Stopping threads took: 0.0000211 seconds
6.081: [GC (Allocation Failure)  74437K->677K(416256K), 0.0004822 secs]
6.081: Total time for which application threads were stopped: 0.0005996 seconds, Stopping threads took: 0.0000190 seconds
6.133: [GC (Allocation Failure)  73381K->709K(415232K), 0.0005146 secs]
6.134: Total time for which application threads were stopped: 0.0006367 seconds, Stopping threads took: 0.0000200 seconds
6.183: [GC (Allocation Failure)  72389K->677K(414208K), 0.0004657 secs]
6.184: Total time for which application threads were stopped: 0.0005844 seconds, Stopping threads took: 0.0000192 seconds
6.229: [GC (Allocation Failure)  71333K->677K(413184K), 0.0005015 secs]
6.229: Total time for which application threads were stopped: 0.0006178 seconds, Stopping threads took: 0.0000191 seconds
6.274: [GC (Allocation Failure)  70309K->645K(412160K), 0.0004109 secs]
6.275: Total time for which application threads were stopped: 0.0005246 seconds, Stopping threads took: 0.0000254 seconds
6.322: [GC (Allocation Failure)  69253K->645K(411136K), 0.0004744 secs]
6.323: Total time for which application threads were stopped: 0.0005941 seconds, Stopping threads took: 0.0000244 seconds
6.372: [GC (Allocation Failure)  68229K->645K(410112K), 0.0004781 secs]
6.373: Total time for which application threads were stopped: 0.0006015 seconds, Stopping threads took: 0.0000239 seconds
6.420: [GC (Allocation Failure)  67205K->677K(409088K), 0.0004757 secs]
6.420: Total time for which application threads were stopped: 0.0005923 seconds, Stopping threads took: 0.0000193 seconds
6.462: [GC (Allocation Failure)  66213K->709K(408064K), 0.0005517 secs]
6.462: Total time for which application threads were stopped: 0.0006752 seconds, Stopping threads took: 0.0000273 seconds
6.506: [GC (Allocation Failure)  65221K->645K(407040K), 0.0004899 secs]
6.507: Total time for which application threads were stopped: 0.0006133 seconds, Stopping threads took: 0.0000271 seconds
6.551: [GC (Allocation Failure)  64133K->677K(406016K), 0.0004604 secs]
6.551: Total time for which application threads were stopped: 0.0005905 seconds, Stopping threads took: 0.0000197 seconds
6.596: [GC (Allocation Failure)  63141K->645K(405504K), 0.0005294 secs]
6.597: Total time for which application threads were stopped: 0.0006713 seconds, Stopping threads took: 0.0000216 seconds
6.640: [GC (Allocation Failure)  62597K->709K(404992K), 0.0004922 secs]
6.640: Total time for which application threads were stopped: 0.0006284 seconds, Stopping threads took: 0.0000223 seconds
6.679: [GC (Allocation Failure)  62149K->645K(404480K), 0.0004937 secs]
6.679: Total time for which application threads were stopped: 0.0006340 seconds, Stopping threads took: 0.0000223 seconds
6.724: [GC (Allocation Failure)  61573K->645K(403968K), 0.0005377 secs]
6.725: Total time for which application threads were stopped: 0.0006821 seconds, Stopping threads took: 0.0000301 seconds
6.770: [GC (Allocation Failure)  61061K->613K(403456K), 0.0004136 secs]
6.771: Total time for which application threads were stopped: 0.0005369 seconds, Stopping threads took: 0.0000254 seconds
6.812: [GC (Allocation Failure)  60517K->677K(402944K), 0.0004617 secs]
6.812: Total time for which application threads were stopped: 0.0005744 seconds, Stopping threads took: 0.0000156 seconds
6.854: [GC (Allocation Failure)  60069K->677K(402432K), 0.0004806 secs]
6.854: Total time for which application threads were stopped: 0.0006054 seconds, Stopping threads took: 0.0000208 seconds
6.892: [GC (Allocation Failure)  59557K->677K(401920K), 0.0004575 secs]
6.892: Total time for which application threads were stopped: 0.0005885 seconds, Stopping threads took: 0.0000267 seconds
6.934: [GC (Allocation Failure)  59045K->677K(413696K), 0.0007455 secs]
6.935: Total time for which application threads were stopped: 0.0008635 seconds, Stopping threads took: 0.0000197 seconds
6.979: [GC (Allocation Failure)  70821K->677K(428032K), 0.0004399 secs]
6.979: Total time for which application threads were stopped: 0.0005577 seconds, Stopping threads took: 0.0000199 seconds
7.036: [GC (Allocation Failure)  85157K->645K(426496K), 0.0004217 secs]
7.037: Total time for which application threads were stopped: 0.0005280 seconds, Stopping threads took: 0.0000171 seconds
7.089: [GC (Allocation Failure)  83589K->613K(424960K), 0.0005641 secs]
7.090: Total time for which application threads were stopped: 0.0006789 seconds, Stopping threads took: 0.0000190 seconds
7.141: [GC (Allocation Failure)  82021K->613K(423424K), 0.0006594 secs]
7.142: Total time for which application threads were stopped: 0.0007834 seconds, Stopping threads took: 0.0000273 seconds
7.193: [GC (Allocation Failure)  80485K->613K(422400K), 0.0005630 secs]
7.193: Total time for which application threads were stopped: 0.0006997 seconds, Stopping threads took: 0.0000200 seconds
7.243: [GC (Allocation Failure)  79461K->677K(421376K), 0.0004748 secs]
7.244: Total time for which application threads were stopped: 0.0005932 seconds, Stopping threads took: 0.0000196 seconds
7.294: [GC (Allocation Failure)  78501K->677K(420352K), 0.0004966 secs]
7.294: Total time for which application threads were stopped: 0.0006220 seconds, Stopping threads took: 0.0000264 seconds
7.343: [GC (Allocation Failure)  77477K->709K(419328K), 0.0004997 secs]
7.343: Total time for which application threads were stopped: 0.0006412 seconds, Stopping threads took: 0.0000290 seconds
7.393: [GC (Allocation Failure)  76485K->709K(434688K), 0.0010145 secs]
7.394: Total time for which application threads were stopped: 0.0011461 seconds, Stopping threads took: 0.0000196 seconds
7.452: [GC (Allocation Failure)  91845K->645K(453120K), 0.0004326 secs]
7.452: Total time for which application threads were stopped: 0.0005470 seconds, Stopping threads took: 0.0000195 seconds
7.526: [GC (Allocation Failure)  110213K->645K(451072K), 0.0005207 secs]
7.526: Total time for which application threads were stopped: 0.0006360 seconds, Stopping threads took: 0.0000182 seconds
7.600: [GC (Allocation Failure)  108165K->677K(449024K), 0.0005150 secs]
7.600: Total time for which application threads were stopped: 0.0006306 seconds, Stopping threads took: 0.0000194 seconds
7.672: [GC (Allocation Failure)  106149K->645K(446976K), 0.0004715 secs]
7.672: Total time for which application threads were stopped: 0.0005890 seconds, Stopping threads took: 0.0000167 seconds
7.737: [GC (Allocation Failure)  104069K->645K(444928K), 0.0005105 secs]
7.738: Total time for which application threads were stopped: 0.0006353 seconds, Stopping threads took: 0.0000274 seconds
7.802: [GC (Allocation Failure)  102021K->677K(442880K), 0.0005742 secs]
7.803: Total time for which application threads were stopped: 0.0006939 seconds, Stopping threads took: 0.0000197 seconds
7.869: [GC (Allocation Failure)  100005K->709K(440832K), 0.0005985 secs]
7.869: Total time for which application threads were stopped: 0.0007261 seconds, Stopping threads took: 0.0000272 seconds
7.931: [GC (Allocation Failure)  97989K->677K(438784K), 0.0004811 secs]
7.932: Total time for which application threads were stopped: 0.0006138 seconds, Stopping threads took: 0.0000218 seconds
7.992: [GC (Allocation Failure)  95909K->677K(437248K), 0.0005054 secs]
7.992: Total time for which application threads were stopped: 0.0006329 seconds, Stopping threads took: 0.0000218 seconds
8.052: [GC (Allocation Failure)  94373K->645K(435712K), 0.0004957 secs]
8.052: Total time for which application threads were stopped: 0.0006339 seconds, Stopping threads took: 0.0000295 seconds
8.115: [GC (Allocation Failure)  92805K->645K(434176K), 0.0004400 secs]
8.115: Total time for which application threads were stopped: 0.0005647 seconds, Stopping threads took: 0.0000190 seconds
8.179: [GC (Allocation Failure)  91269K->645K(432640K), 0.0004112 secs]
8.179: Total time for which application threads were stopped: 0.0005186 seconds, Stopping threads took: 0.0000165 seconds
8.235: [GC (Allocation Failure)  89733K->645K(431104K), 0.0003871 secs]
8.236: Total time for which application threads were stopped: 0.0004903 seconds, Stopping threads took: 0.0000160 seconds
8.292: [GC (Allocation Failure)  88197K->645K(429568K), 0.0004754 secs]
8.292: Total time for which application threads were stopped: 0.0006019 seconds, Stopping threads took: 0.0000273 seconds
8.347: [GC (Allocation Failure)  86661K->677K(428032K), 0.0004934 secs]
8.347: Total time for which application threads were stopped: 0.0006179 seconds, Stopping threads took: 0.0000211 seconds
8.401: [GC (Allocation Failure)  85157K->645K(426496K), 0.0004845 secs]
8.402: Total time for which application threads were stopped: 0.0006024 seconds, Stopping threads took: 0.0000193 seconds
8.454: [GC (Allocation Failure)  83589K->645K(424960K), 0.0004403 secs]
8.454: Total time for which application threads were stopped: 0.0005722 seconds, Stopping threads took: 0.0000362 seconds
8.509: [GC (Allocation Failure)  82053K->677K(423424K), 0.0004559 secs]
8.510: Total time for which application threads were stopped: 0.0005689 seconds, Stopping threads took: 0.0000185 seconds
8.563: [GC (Allocation Failure)  80549K->645K(422400K), 0.0005147 secs]
8.564: Total time for which application threads were stopped: 0.0006509 seconds, Stopping threads took: 0.0000189 seconds
8.614: [GC (Allocation Failure)  79493K->677K(421376K), 0.0004680 secs]
8.614: Total time for which application threads were stopped: 0.0006116 seconds, Stopping threads took: 0.0000214 seconds
8.663: [GC (Allocation Failure)  78501K->677K(420352K), 0.0004743 secs]
8.664: Total time for which application threads were stopped: 0.0006018 seconds, Stopping threads took: 0.0000216 seconds
8.712: [GC (Allocation Failure)  77477K->741K(419328K), 0.0005116 secs]
8.713: Total time for which application threads were stopped: 0.0006272 seconds, Stopping threads took: 0.0000187 seconds
8.767: [GC (Allocation Failure)  76517K->645K(418304K), 0.0003723 secs]
8.767: Total time for which application threads were stopped: 0.0005100 seconds, Stopping threads took: 0.0000254 seconds
8.814: [GC (Allocation Failure)  75397K->709K(417280K), 0.0004743 secs]
8.815: Total time for which application threads were stopped: 0.0005949 seconds, Stopping threads took: 0.0000193 seconds
8.867: [GC (Allocation Failure)  74437K->677K(416256K), 0.0006744 secs]
8.868: Total time for which application threads were stopped: 0.0008193 seconds, Stopping threads took: 0.0000209 seconds
8.914: [GC (Allocation Failure)  73381K->677K(415232K), 0.0006761 secs]
8.915: Total time for which application threads were stopped: 0.0008142 seconds, Stopping threads took: 0.0000221 seconds
8.960: [GC (Allocation Failure)  72357K->677K(414208K), 0.0004979 secs]
8.961: Total time for which application threads were stopped: 0.0006133 seconds, Stopping threads took: 0.0000195 seconds
9.005: [GC (Allocation Failure)  71333K->645K(428544K), 0.0007227 secs]
9.006: Total time for which application threads were stopped: 0.0008475 seconds, Stopping threads took: 0.0000272 seconds
9.059: [GC (Allocation Failure)  85637K->613K(427008K), 0.0004723 secs]
9.060: Total time for which application threads were stopped: 0.0006109 seconds, Stopping threads took: 0.0000183 seconds
9.118: [GC (Allocation Failure)  84069K->613K(425472K), 0.0004975 secs]
9.118: Total time for which application threads were stopped: 0.0006109 seconds, Stopping threads took: 0.0000193 seconds
9.173: [GC (Allocation Failure)  82533K->645K(423936K), 0.0004889 secs]
9.174: Total time for which application threads were stopped: 0.0006146 seconds, Stopping threads took: 0.0000267 seconds
9.225: [GC (Allocation Failure)  81029K->709K(422400K), 0.0005032 secs]
9.225: Total time for which application threads were stopped: 0.0006366 seconds, Stopping threads took: 0.0000202 seconds
9.276: [GC (Allocation Failure)  79557K->645K(421376K), 0.0003901 secs]
9.277: Total time for which application threads were stopped: 0.0005226 seconds, Stopping threads took: 0.0000262 seconds
9.326: [GC (Allocation Failure)  78469K->645K(420352K), 0.0005259 secs]
9.326: Total time for which application threads were stopped: 0.0006527 seconds, Stopping threads took: 0.0000257 seconds
9.380: [GC (Allocation Failure)  77445K->645K(419328K), 0.0005074 secs]
9.381: Total time for which application threads were stopped: 0.0006356 seconds, Stopping threads took: 0.0000273 seconds
9.432: [GC (Allocation Failure)  76421K->645K(418304K), 0.0005563 secs]
9.433: Total time for which application threads were stopped: 0.0006960 seconds, Stopping threads took: 0.0000271 seconds
9.480: [GC (Allocation Failure)  75397K->645K(417280K), 0.0005421 secs]
9.481: Total time for which application threads were stopped: 0.0006589 seconds, Stopping threads took: 0.0000189 seconds
9.527: [GC (Allocation Failure)  74373K->645K(416256K), 0.0004424 secs]
9.528: Total time for which application threads were stopped: 0.0005561 seconds, Stopping threads took: 0.0000186 seconds
9.579: [GC (Allocation Failure)  73349K->645K(415232K), 0.0005909 secs]
9.579: Total time for which application threads were stopped: 0.0006990 seconds, Stopping threads took: 0.0000168 seconds
9.630: [GC (Allocation Failure)  72325K->645K(414208K), 0.0005169 secs]
9.631: Total time for which application threads were stopped: 0.0006362 seconds, Stopping threads took: 0.0000193 seconds
9.676: [GC (Allocation Failure)  71301K->677K(413184K), 0.0005317 secs]
9.676: Total time for which application threads were stopped: 0.0006701 seconds, Stopping threads took: 0.0000213 seconds
9.720: [GC (Allocation Failure)  70309K->645K(412160K), 0.0005106 secs]
9.721: Total time for which application threads were stopped: 0.0006615 seconds, Stopping threads took: 0.0000302 seconds
9.765: [GC (Allocation Failure)  69253K->645K(411136K), 0.0004131 secs]
9.765: Total time for which application threads were stopped: 0.0005319 seconds, Stopping threads took: 0.0000262 seconds
9.814: [GC (Allocation Failure)  68229K->645K(410112K), 0.0004225 secs]
9.815: Total time for which application threads were stopped: 0.0005516 seconds, Stopping threads took: 0.0000165 seconds
9.860: [GC (Allocation Failure)  67205K->645K(409088K), 0.0004526 secs]
9.861: Total time for which application threads were stopped: 0.0005753 seconds, Stopping threads took: 0.0000167 seconds
9.904: [GC (Allocation Failure)  66181K->645K(408064K), 0.0005480 secs]
9.904: Total time for which application threads were stopped: 0.0006736 seconds, Stopping threads took: 0.0000273 seconds
9.945: [GC (Allocation Failure)  65157K->613K(407040K), 0.0005436 secs]
9.946: Total time for which application threads were stopped: 0.0006828 seconds, Stopping threads took: 0.0000206 seconds
9.986: [GC (Allocation Failure)  64101K->613K(406016K), 0.0004991 secs]
9.986: Total time for which application threads were stopped: 0.0006312 seconds, Stopping threads took: 0.0000279 seconds
10.031: [GC (Allocation Failure)  63077K->677K(405504K), 0.0005518 secs]
10.032: Total time for which application threads were stopped: 0.0006816 seconds, Stopping threads took: 0.0000277 seconds
10.077: [GC (Allocation Failure)  62629K->677K(404992K), 0.0005090 secs]
10.078: Total time for which application threads were stopped: 0.0006333 seconds, Stopping threads took: 0.0000204 seconds
10.116: [GC (Allocation Failure)  62117K->677K(417280K), 0.0005651 secs]
10.117: Total time for which application threads were stopped: 0.0007047 seconds, Stopping threads took: 0.0000195 seconds
10.170: [GC (Allocation Failure)  74405K->645K(432128K), 0.0006110 secs]
10.170: Total time for which application threads were stopped: 0.0007473 seconds, Stopping threads took: 0.0000200 seconds
10.229: [GC (Allocation Failure)  89221K->645K(430592K), 0.0004540 secs]
10.230: Total time for which application threads were stopped: 0.0005735 seconds, Stopping threads took: 0.0000196 seconds
10.286: [GC (Allocation Failure)  87685K->645K(429056K), 0.0004193 secs]
10.286: Total time for which application threads were stopped: 0.0005415 seconds, Stopping threads took: 0.0000263 seconds
10.340: [GC (Allocation Failure)  86149K->645K(427520K), 0.0004855 secs]
10.341: Total time for which application threads were stopped: 0.0006060 seconds, Stopping threads took: 0.0000199 seconds
10.399: [GC (Allocation Failure)  84613K->645K(425984K), 0.0004787 secs]
10.400: Total time for which application threads were stopped: 0.0005988 seconds, Stopping threads took: 0.0000192 seconds
10.452: [GC (Allocation Failure)  83077K->645K(424448K), 0.0005217 secs]
10.453: Total time for which application threads were stopped: 0.0006479 seconds, Stopping threads took: 0.0000208 seconds
10.507: [GC (Allocation Failure)  81541K->613K(422912K), 0.0006086 secs]
10.508: Total time for which application threads were stopped: 0.0007399 seconds, Stopping threads took: 0.0000286 seconds
10.557: [GC (Allocation Failure)  79973K->645K(421888K), 0.0004969 secs]
10.558: Total time for which application threads were stopped: 0.0006149 seconds, Stopping threads took: 0.0000190 seconds
10.607: [GC (Allocation Failure)  78981K->677K(420864K), 0.0005067 secs]
10.608: Total time for which application threads were stopped: 0.0006336 seconds, Stopping threads took: 0.0000272 seconds
10.662: [GC (Allocation Failure)  77989K->709K(419840K), 0.0005877 secs]
10.663: Total time for which application threads were stopped: 0.0007124 seconds, Stopping threads took: 0.0000190 seconds
10.717: [GC (Allocation Failure)  76997K->677K(418816K), 0.0004446 secs]
10.718: Total time for which application threads were stopped: 0.0005617 seconds, Stopping threads took: 0.0000192 seconds
10.770: [GC (Allocation Failure)  75941K->677K(417792K), 0.0004048 secs]
10.771: Total time for which application threads were stopped: 0.0005349 seconds, Stopping threads took: 0.0000164 seconds
10.818: [GC (Allocation Failure)  74917K->645K(416768K), 0.0004787 secs]
10.818: Total time for which application threads were stopped: 0.0005994 seconds, Stopping threads took: 0.0000191 seconds
10.864: [GC (Allocation Failure)  73861K->613K(415744K), 0.0006116 secs]
10.865: Total time for which application threads were stopped: 0.0007362 seconds, Stopping threads took: 0.0000202 seconds
10.914: [GC (Allocation Failure)  72805K->709K(414720K), 0.0006685 secs]
10.914: Total time for which application threads were stopped: 0.0007924 seconds, Stopping threads took: 0.0000199 seconds
10.959: [GC (Allocation Failure)  71877K->677K(429056K), 0.0006528 secs]
10.960: Total time for which application threads were stopped: 0.0007685 seconds, Stopping threads took: 0.0000192 seconds
11.014: [GC (Allocation Failure)  86181K->645K(427520K), 0.0004787 secs]
11.014: Total time for which application threads were stopped: 0.0006062 seconds, Stopping threads took: 0.0000277 seconds
11.073: [GC (Allocation Failure)  84613K->677K(425984K), 0.0004886 secs]
11.074: Total time for which application threads were stopped: 0.0006150 seconds, Stopping threads took: 0.0000270 seconds
11.125: [GC (Allocation Failure)  83109K->677K(424448K), 0.0004784 secs]
11.126: Total time for which application threads were stopped: 0.0006034 seconds, Stopping threads took: 0.0000272 seconds
11.177: [GC (Allocation Failure)  81573K->613K(422912K), 0.0005434 secs]
11.177: Total time for which application threads were stopped: 0.0006677 seconds, Stopping threads took: 0.0000275 seconds
11.227: [GC (Allocation Failure)  79973K->677K(421888K), 0.0004627 secs]
11.228: Total time for which application threads were stopped: 0.0005835 seconds, Stopping threads took: 0.0000190 seconds
11.283: [GC (Allocation Failure)  79013K->645K(420864K), 0.0004080 secs]
11.283: Total time for which application threads were stopped: 0.0005428 seconds, Stopping threads took: 0.0000280 seconds
11.332: [GC (Allocation Failure)  77957K->645K(419840K), 0.0004415 secs]
11.332: Total time for which application threads were stopped: 0.0005599 seconds, Stopping threads took: 0.0000252 seconds
11.381: [GC (Allocation Failure)  76933K->741K(418816K), 0.0004778 secs]
11.382: Total time for which application threads were stopped: 0.0006062 seconds, Stopping threads took: 0.0000192 seconds
11.433: [GC (Allocation Failure)  76005K->677K(417792K), 0.0004974 secs]
11.433: Total time for which application threads were stopped: 0.0006114 seconds, Stopping threads took: 0.0000197 seconds
11.480: [GC (Allocation Failure)  74917K->645K(416768K), 0.0004698 secs]
11.480: Total time for which application threads were stopped: 0.0005861 seconds, Stopping threads took: 0.0000192 seconds
11.533: [GC (Allocation Failure)  73861K->677K(415744K), 0.0004595 secs]
11.533: Total time for which application threads were stopped: 0.0005752 seconds, Stopping threads took: 0.0000187 seconds
11.585: [GC (Allocation Failure)  72869K->613K(414720K), 0.0005580 secs]
11.585: Total time for which application threads were stopped: 0.0006675 seconds, Stopping threads took: 0.0000173 seconds
11.630: [GC (Allocation Failure)  71781K->645K(413696K), 0.0005740 secs]
11.631: Total time for which application threads were stopped: 0.0007063 seconds, Stopping threads took: 0.0000190 seconds
11.680: [GC (Allocation Failure)  70789K->677K(412672K), 0.0004394 secs]
11.681: Total time for which application threads were stopped: 0.0005656 seconds, Stopping threads took: 0.0000270 seconds
11.724: [GC (Allocation Failure)  69797K->677K(411648K), 0.0005211 secs]
11.725: Total time for which application threads were stopped: 0.0006467 seconds, Stopping threads took: 0.0000279 seconds
11.768: [GC (Allocation Failure)  68773K->677K(410624K), 0.0004681 secs]
11.769: Total time for which application threads were stopped: 0.0005956 seconds, Stopping threads took: 0.0000265 seconds
11.811: [GC (Allocation Failure)  67749K->613K(409600K), 0.0005925 secs]
11.811: Total time for which application threads were stopped: 0.0007433 seconds, Stopping threads took: 0.0000219 seconds
11.859: [GC (Allocation Failure)  66661K->645K(408576K), 0.0005222 secs]
11.860: Total time for which application threads were stopped: 0.0006693 seconds, Stopping threads took: 0.0000221 seconds
11.906: [GC (Allocation Failure)  65669K->613K(407552K), 0.0005965 secs]
11.907: Total time for which application threads were stopped: 0.0007216 seconds, Stopping threads took: 0.0000213 seconds
11.952: [GC (Allocation Failure)  64613K->645K(406528K), 0.0004837 secs]
11.953: Total time for which application threads were stopped: 0.0005925 seconds, Stopping threads took: 0.0000174 seconds
11.998: [GC (Allocation Failure)  63621K->613K(405504K), 0.0004051 secs]
11.998: Total time for which application threads were stopped: 0.0005094 seconds, Stopping threads took: 0.0000172 seconds
12.043: [GC (Allocation Failure)  62565K->645K(404992K), 0.0004653 secs]
12.043: Total time for which application threads were stopped: 0.0005844 seconds, Stopping threads took: 0.0000196 seconds
12.082: [GC (Allocation Failure)  62085K->677K(404480K), 0.0004957 secs]
12.083: Total time for which application threads were stopped: 0.0006158 seconds, Stopping threads took: 0.0000198 seconds
12.122: [GC (Allocation Failure)  61605K->613K(416768K), 0.0005657 secs]
12.123: Total time for which application threads were stopped: 0.0006828 seconds, Stopping threads took: 0.0000200 seconds
12.169: [GC (Allocation Failure)  73829K->613K(415744K), 0.0004892 secs]
12.170: Total time for which application threads were stopped: 0.0006212 seconds, Stopping threads took: 0.0000194 seconds
12.221: [GC (Allocation Failure)  72805K->677K(414720K), 0.0004545 secs]
12.222: Total time for which application threads were stopped: 0.0005791 seconds, Stopping threads took: 0.0000268 seconds
12.267: [GC (Allocation Failure)  71845K->645K(413696K), 0.0005072 secs]
12.268: Total time for which application threads were stopped: 0.0006278 seconds, Stopping threads took: 0.0000261 seconds
12.312: [GC (Allocation Failure)  70789K->677K(412672K), 0.0004844 secs]
12.312: Total time for which application threads were stopped: 0.0006013 seconds, Stopping threads took: 0.0000191 seconds
12.356: [GC (Allocation Failure)  69797K->645K(411648K), 0.0005235 secs]
12.357: Total time for which application threads were stopped: 0.0006550 seconds, Stopping threads took: 0.0000187 seconds
12.403: [GC (Allocation Failure)  68741K->741K(410624K), 0.0005165 secs]
12.403: Total time for which application threads were stopped: 0.0006529 seconds, Stopping threads took: 0.0000214 seconds
12.446: [GC (Allocation Failure)  67813K->709K(424448K), 0.0005938 secs]
12.446: Total time for which application threads were stopped: 0.0007423 seconds, Stopping threads took: 0.0000228 seconds
12.497: [GC (Allocation Failure)  81605K->709K(422912K), 0.0005976 secs]
12.498: Total time for which application threads were stopped: 0.0007292 seconds, Stopping threads took: 0.0000223 seconds
12.548: [GC (Allocation Failure)  80069K->677K(421888K), 0.0005241 secs]
12.549: Total time for which application threads were stopped: 0.0006446 seconds, Stopping threads took: 0.0000194 seconds
12.599: [GC (Allocation Failure)  79013K->645K(420864K), 0.0005238 secs]
12.599: Total time for which application threads were stopped: 0.0006657 seconds, Stopping threads took: 0.0000214 seconds
12.648: [GC (Allocation Failure)  77957K->677K(419840K), 0.0006324 secs]
12.649: Total time for which application threads were stopped: 0.0007790 seconds, Stopping threads took: 0.0000214 seconds
12.703: [GC (Allocation Failure)  76965K->677K(418816K), 0.0005344 secs]
12.704: Total time for which application threads were stopped: 0.0006912 seconds, Stopping threads took: 0.0000314 seconds
12.751: [GC (Allocation Failure)  75941K->645K(417792K), 0.0006221 secs]
12.752: Total time for which application threads were stopped: 0.0007822 seconds, Stopping threads took: 0.0000269 seconds
12.805: [GC (Allocation Failure)  74885K->613K(416768K), 0.0004920 secs]
12.805: Total time for which application threads were stopped: 0.0006316 seconds, Stopping threads took: 0.0000283 seconds
12.851: [GC (Allocation Failure)  73829K->709K(431616K), 0.0006611 secs]
12.852: Total time for which application threads were stopped: 0.0007838 seconds, Stopping threads took: 0.0000196 seconds
12.907: [GC (Allocation Failure)  88773K->613K(430080K), 0.0005445 secs]
12.908: Total time for which application threads were stopped: 0.0006774 seconds, Stopping threads took: 0.0000198 seconds
12.968: [GC (Allocation Failure)  87141K->645K(428544K), 0.0005342 secs]
12.969: Total time for which application threads were stopped: 0.0006609 seconds, Stopping threads took: 0.0000218 seconds
13.022: [GC (Allocation Failure)  85637K->613K(427008K), 0.0005678 secs]
13.023: Total time for which application threads were stopped: 0.0007013 seconds, Stopping threads took: 0.0000269 seconds
13.082: [GC (Allocation Failure)  84069K->709K(425472K), 0.0004111 secs]
13.082: Total time for which application threads were stopped: 0.0005226 seconds, Stopping threads took: 0.0000167 seconds
13.134: [GC (Allocation Failure)  82629K->741K(423936K), 0.0005652 secs]
13.134: Total time for which application threads were stopped: 0.0006747 seconds, Stopping threads took: 0.0000165 seconds
13.192: [GC (Allocation Failure)  81125K->677K(422400K), 0.0004202 secs]
13.192: Total time for which application threads were stopped: 0.0005431 seconds, Stopping threads took: 0.0000249 seconds
13.242: [GC (Allocation Failure)  79525K->677K(421376K), 0.0005806 secs]
13.243: Total time for which application threads were stopped: 0.0007136 seconds, Stopping threads took: 0.0000215 seconds
13.293: [GC (Allocation Failure)  78501K->613K(420352K), 0.0004386 secs]
13.293: Total time for which application threads were stopped: 0.0005612 seconds, Stopping threads took: 0.0000201 seconds
13.342: [GC (Allocation Failure)  77413K->645K(419328K), 0.0005939 secs]
13.343: Total time for which application threads were stopped: 0.0007301 seconds, Stopping threads took: 0.0000205 seconds
13.392: [GC (Allocation Failure)  76421K->677K(418304K), 0.0005868 secs]
13.393: Total time for which application threads were stopped: 0.0007152 seconds, Stopping threads took: 0.0000272 seconds
13.444: [GC (Allocation Failure)  75429K->645K(417280K), 0.0004880 secs]
13.445: Total time for which application threads were stopped: 0.0006089 seconds, Stopping threads took: 0.0000200 seconds
13.498: [GC (Allocation Failure)  74373K->741K(416256K), 0.0005141 secs]
13.498: Total time for which application threads were stopped: 0.0006416 seconds, Stopping threads took: 0.0000193 seconds
13.551: [GC (Allocation Failure)  73445K->645K(415232K), 0.0004403 secs]
13.551: Total time for which application threads were stopped: 0.0005586 seconds, Stopping threads took: 0.0000194 seconds
13.603: [GC (Allocation Failure)  72325K->613K(414208K), 0.0004906 secs]
13.603: Total time for which application threads were stopped: 0.0006218 seconds, Stopping threads took: 0.0000283 seconds
13.650: [GC (Allocation Failure)  71269K->677K(413184K), 0.0005857 secs]
13.651: Total time for which application threads were stopped: 0.0007287 seconds, Stopping threads took: 0.0000216 seconds
13.698: [GC (Allocation Failure)  70309K->677K(412160K), 0.0005059 secs]
13.698: Total time for which application threads were stopped: 0.0006432 seconds, Stopping threads took: 0.0000221 seconds
13.741: [GC (Allocation Failure)  69285K->677K(411136K), 0.0005616 secs]
13.742: Total time for which application threads were stopped: 0.0007135 seconds, Stopping threads took: 0.0000305 seconds
13.785: [GC (Allocation Failure)  68261K->677K(410112K), 0.0004692 secs]
13.786: Total time for which application threads were stopped: 0.0005948 seconds, Stopping threads took: 0.0000261 seconds
13.828: [GC (Allocation Failure)  67237K->613K(423424K), 0.0006279 secs]
13.828: Total time for which application threads were stopped: 0.0007636 seconds, Stopping threads took: 0.0000274 seconds
13.879: [GC (Allocation Failure)  80485K->677K(439808K), 0.0006024 secs]
13.879: Total time for which application threads were stopped: 0.0007443 seconds, Stopping threads took: 0.0000206 seconds
13.945: [GC (Allocation Failure)  96933K->677K(437760K), 0.0004634 secs]
13.946: Total time for which application threads were stopped: 0.0006434 seconds, Stopping threads took: 0.0000526 seconds
14.005: [GC (Allocation Failure)  94885K->645K(436224K), 0.0006713 secs]
14.006: Total time for which application threads were stopped: 0.0008082 seconds, Stopping threads took: 0.0000212 seconds
14.069: [GC (Allocation Failure)  93317K->677K(434688K), 0.0007132 secs]
14.069: Total time for which application threads were stopped: 0.0008369 seconds, Stopping threads took: 0.0000191 seconds
14.134: [GC (Allocation Failure)  91813K->645K(433152K), 0.0006729 secs]
14.135: Total time for which application threads were stopped: 0.0008100 seconds, Stopping threads took: 0.0000269 seconds
14.194: [GC (Allocation Failure)  90245K->645K(431616K), 0.0006380 secs]
14.195: Total time for which application threads were stopped: 0.0007638 seconds, Stopping threads took: 0.0000273 seconds
14.250: [GC (Allocation Failure)  88709K->645K(449536K), 0.0009309 secs]
14.251: Total time for which application threads were stopped: 0.0010681 seconds, Stopping threads took: 0.0000186 seconds
14.320: [GC (Allocation Failure)  106629K->613K(447488K), 0.0005790 secs]
14.320: Total time for which application threads were stopped: 0.0007141 seconds, Stopping threads took: 0.0000199 seconds
14.386: [GC (Allocation Failure)  104549K->709K(445440K), 0.0005177 secs]
14.387: Total time for which application threads were stopped: 0.0006209 seconds, Stopping threads took: 0.0000178 seconds
14.457: [GC (Allocation Failure)  102597K->709K(443392K), 0.0004797 secs]
14.457: Total time for which application threads were stopped: 0.0006265 seconds, Stopping threads took: 0.0000209 seconds
14.526: [GC (Allocation Failure)  100549K->677K(441344K), 0.0004496 secs]
14.526: Total time for which application threads were stopped: 0.0005748 seconds, Stopping threads took: 0.0000213 seconds
14.588: [GC (Allocation Failure)  98469K->677K(439296K), 0.0005322 secs]
14.588: Total time for which application threads were stopped: 0.0006749 seconds, Stopping threads took: 0.0000301 seconds
14.648: [GC (Allocation Failure)  96421K->645K(437760K), 0.0006522 secs]
14.649: Total time for which application threads were stopped: 0.0007914 seconds, Stopping threads took: 0.0000220 seconds
14.708: [GC (Allocation Failure)  94853K->677K(436224K), 0.0005761 secs]
14.709: Total time for which application threads were stopped: 0.0007204 seconds, Stopping threads took: 0.0000227 seconds
14.767: [GC (Allocation Failure)  93349K->645K(434688K), 0.0004643 secs]
14.768: Total time for which application threads were stopped: 0.0006248 seconds, Stopping threads took: 0.0000266 seconds
14.825: [GC (Allocation Failure)  91781K->613K(433152K), 0.0005951 secs]
14.826: Total time for which application threads were stopped: 0.0007206 seconds, Stopping threads took: 0.0000255 seconds
14.886: [GC (Allocation Failure)  90213K->645K(431616K), 0.0004575 secs]
14.886: Total time for which application threads were stopped: 0.0005669 seconds, Stopping threads took: 0.0000171 seconds
14.944: [GC (Allocation Failure)  88709K->645K(430080K), 0.0004213 secs]
14.945: Total time for which application threads were stopped: 0.0005318 seconds, Stopping threads took: 0.0000167 seconds
14.999: [GC (Allocation Failure)  87173K->645K(428544K), 0.0005341 secs]
15.000: Total time for which application threads were stopped: 0.0006539 seconds, Stopping threads took: 0.0000201 seconds
15.053: [GC (Allocation Failure)  85637K->677K(427008K), 0.0004859 secs]
15.054: Total time for which application threads were stopped: 0.0006111 seconds, Stopping threads took: 0.0000269 seconds
15.106: [GC (Allocation Failure)  84133K->645K(425472K), 0.0004897 secs]
15.107: Total time for which application threads were stopped: 0.0006139 seconds, Stopping threads took: 0.0000270 seconds
15.158: [GC (Allocation Failure)  82565K->645K(423936K), 0.0004720 secs]
15.158: Total time for which application threads were stopped: 0.0005981 seconds, Stopping threads took: 0.0000268 seconds
15.215: [GC (Allocation Failure)  81029K->677K(422400K), 0.0004406 secs]
15.216: Total time for which application threads were stopped: 0.0005649 seconds, Stopping threads took: 0.0000273 seconds
15.271: [GC (Allocation Failure)  79525K->645K(421376K), 0.0004339 secs]
15.272: Total time for which application threads were stopped: 0.0005515 seconds, Stopping threads took: 0.0000250 seconds
15.322: [GC (Allocation Failure)  78469K->613K(420352K), 0.0005297 secs]
15.322: Total time for which application threads were stopped: 0.0006556 seconds, Stopping threads took: 0.0000210 seconds
15.372: [GC (Allocation Failure)  77413K->677K(419328K), 0.0005053 secs]
15.372: Total time for which application threads were stopped: 0.0006293 seconds, Stopping threads took: 0.0000237 seconds
15.420: [GC (Allocation Failure)  76453K->677K(418304K), 0.0004842 secs]
15.421: Total time for which application threads were stopped: 0.0006155 seconds, Stopping threads took: 0.0000274 seconds
15.468: [GC (Allocation Failure)  75429K->773K(417280K), 0.0005117 secs]
15.469: Total time for which application threads were stopped: 0.0006348 seconds, Stopping threads took: 0.0000255 seconds
15.515: [GC (Allocation Failure)  74501K->645K(416256K), 0.0004881 secs]
15.516: Total time for which application threads were stopped: 0.0006258 seconds, Stopping threads took: 0.0000206 seconds
15.567: [GC (Allocation Failure)  73349K->741K(415232K), 0.0004825 secs]
15.567: Total time for which application threads were stopped: 0.0006079 seconds, Stopping threads took: 0.0000205 seconds
15.616: [GC (Allocation Failure)  72421K->645K(414208K), 0.0004812 secs]
15.616: Total time for which application threads were stopped: 0.0005906 seconds, Stopping threads took: 0.0000166 seconds
15.661: [GC (Allocation Failure)  71301K->741K(413184K), 0.0005265 secs]
15.661: Total time for which application threads were stopped: 0.0006469 seconds, Stopping threads took: 0.0000197 seconds
15.705: [GC (Allocation Failure)  70373K->645K(412160K), 0.0004787 secs]
15.706: Total time for which application threads were stopped: 0.0006085 seconds, Stopping threads took: 0.0000195 seconds
15.755: [GC (Allocation Failure)  69253K->645K(411136K), 0.0005084 secs]
15.755: Total time for which application threads were stopped: 0.0006449 seconds, Stopping threads took: 0.0000217 seconds
15.798: [GC (Allocation Failure)  68229K->645K(410112K), 0.0005248 secs]
15.799: Total time for which application threads were stopped: 0.0006559 seconds, Stopping threads took: 0.0000268 seconds
15.841: [GC (Allocation Failure)  67205K->613K(409088K), 0.0005894 secs]
15.842: Total time for which application threads were stopped: 0.0007535 seconds, Stopping threads took: 0.0000252 seconds
15.883: [GC (Allocation Failure)  66149K->677K(422400K), 0.0005855 secs]
15.884: Total time for which application threads were stopped: 0.0007171 seconds, Stopping threads took: 0.0000297 seconds
15.939: [GC (Allocation Failure)  79525K->645K(438272K), 0.0005498 secs]
15.939: Total time for which application threads were stopped: 0.0006584 seconds, Stopping threads took: 0.0000174 seconds
15.999: [GC (Allocation Failure)  95365K->645K(436736K), 0.0003873 secs]
15.999: Total time for which application threads were stopped: 0.0004951 seconds, Stopping threads took: 0.0000166 seconds
16.061: [GC (Allocation Failure)  93829K->709K(435200K), 0.0004791 secs]
16.062: Total time for which application threads were stopped: 0.0006012 seconds, Stopping threads took: 0.0000199 seconds
16.119: [GC (Allocation Failure)  92357K->741K(433664K), 0.0007076 secs]
16.120: Total time for which application threads were stopped: 0.0008227 seconds, Stopping threads took: 0.0000193 seconds
16.177: [GC (Allocation Failure)  90853K->741K(432128K), 0.0005032 secs]
16.177: Total time for which application threads were stopped: 0.0006273 seconds, Stopping threads took: 0.0000206 seconds
16.239: [GC (Allocation Failure)  89317K->677K(430592K), 0.0003924 secs]
16.240: Total time for which application threads were stopped: 0.0005006 seconds, Stopping threads took: 0.0000166 seconds
16.295: [GC (Allocation Failure)  87717K->709K(429056K), 0.0003888 secs]
16.296: Total time for which application threads were stopped: 0.0005005 seconds, Stopping threads took: 0.0000249 seconds
16.350: [GC (Allocation Failure)  86213K->677K(446464K), 0.0051168 secs]
16.355: Total time for which application threads were stopped: 0.0052522 seconds, Stopping threads took: 0.0000134 seconds
16.421: [GC (Allocation Failure)  103589K->645K(467456K), 0.0004637 secs]
16.421: Total time for which application threads were stopped: 0.0005948 seconds, Stopping threads took: 0.0000193 seconds
16.499: [GC (Allocation Failure)  124549K->645K(475648K), 0.0005529 secs]
16.500: Total time for which application threads were stopped: 0.0006850 seconds, Stopping threads took: 0.0000202 seconds
16.588: [GC (Allocation Failure)  132741K->677K(492544K), 0.0005518 secs]
16.589: Total time for which application threads were stopped: 0.0006902 seconds, Stopping threads took: 0.0000275 seconds
16.686: [GC (Allocation Failure)  149669K->645K(492544K), 0.0006130 secs]
16.686: Total time for which application threads were stopped: 0.0007402 seconds, Stopping threads took: 0.0000280 seconds
16.785: [GC (Allocation Failure)  149637K->677K(522752K), 0.0004731 secs]
16.786: Total time for which application threads were stopped: 0.0006355 seconds, Stopping threads took: 0.0000291 seconds
16.905: [GC (Allocation Failure)  179877K->677K(517632K), 0.0006874 secs]
16.905: Total time for which application threads were stopped: 0.0008198 seconds, Stopping threads took: 0.0000285 seconds
17.018: [GC (Allocation Failure)  174757K->709K(513024K), 0.0004358 secs]
17.019: Total time for which application threads were stopped: 0.0005464 seconds, Stopping threads took: 0.0000170 seconds
17.128: [GC (Allocation Failure)  170181K->677K(508416K), 0.0005233 secs]
17.128: Total time for which application threads were stopped: 0.0006683 seconds, Stopping threads took: 0.0000218 seconds
17.231: [GC (Allocation Failure)  165541K->709K(503808K), 0.0005095 secs]
17.232: Total time for which application threads were stopped: 0.0006528 seconds, Stopping threads took: 0.0000269 seconds
17.335: [GC (Allocation Failure)  160965K->741K(499712K), 0.0005675 secs]
17.336: Total time for which application threads were stopped: 0.0007004 seconds, Stopping threads took: 0.0000190 seconds
17.440: [GC (Allocation Failure)  156901K->613K(495616K), 0.0004958 secs]
17.440: Total time for which application threads were stopped: 0.0006241 seconds, Stopping threads took: 0.0000196 seconds
17.541: [GC (Allocation Failure)  152677K->709K(491520K), 0.0006365 secs]
17.542: Total time for which application threads were stopped: 0.0007668 seconds, Stopping threads took: 0.0000206 seconds
17.635: [GC (Allocation Failure)  148677K->709K(487936K), 0.0004688 secs]
17.635: Total time for which application threads were stopped: 0.0005896 seconds, Stopping threads took: 0.0000209 seconds
17.730: [GC (Allocation Failure)  145093K->677K(484352K), 0.0004577 secs]
17.730: Total time for which application threads were stopped: 0.0005658 seconds, Stopping threads took: 0.0000167 seconds
17.819: [GC (Allocation Failure)  141477K->677K(480768K), 0.0005329 secs]
17.820: Total time for which application threads were stopped: 0.0006615 seconds, Stopping threads took: 0.0000278 seconds
17.905: [GC (Allocation Failure)  137893K->677K(477696K), 0.0004607 secs]
17.906: Total time for which application threads were stopped: 0.0005874 seconds, Stopping threads took: 0.0000277 seconds
17.990: [GC (Allocation Failure)  134821K->677K(474624K), 0.0004968 secs]
17.990: Total time for which application threads were stopped: 0.0006396 seconds, Stopping threads took: 0.0000276 seconds
18.078: [GC (Allocation Failure)  131749K->645K(471552K), 0.0004965 secs]
18.079: Total time for which application threads were stopped: 0.0006268 seconds, Stopping threads took: 0.0000209 seconds
18.159: [GC (Allocation Failure)  128645K->677K(468480K), 0.0004833 secs]
18.159: Total time for which application threads were stopped: 0.0006036 seconds, Stopping threads took: 0.0000195 seconds
18.238: [GC (Allocation Failure)  125605K->709K(465408K), 0.0006210 secs]
18.239: Total time for which application threads were stopped: 0.0007435 seconds, Stopping threads took: 0.0000201 seconds
18.315: [GC (Allocation Failure)  122565K->709K(462848K), 0.0004630 secs]
18.316: Total time for which application threads were stopped: 0.0005843 seconds, Stopping threads took: 0.0000266 seconds
18.391: [GC (Allocation Failure)  120005K->645K(460288K), 0.0004222 secs]
18.392: Total time for which application threads were stopped: 0.0005323 seconds, Stopping threads took: 0.0000253 seconds
18.470: [GC (Allocation Failure)  117381K->709K(457728K), 0.0004974 secs]
18.471: Total time for which application threads were stopped: 0.0006117 seconds, Stopping threads took: 0.0000175 seconds
18.546: [GC (Allocation Failure)  114885K->677K(455168K), 0.0005483 secs]
18.546: Total time for which application threads were stopped: 0.0006756 seconds, Stopping threads took: 0.0000209 seconds
18.620: [GC (Allocation Failure)  112293K->709K(452608K), 0.0004913 secs]
18.621: Total time for which application threads were stopped: 0.0006206 seconds, Stopping threads took: 0.0000277 seconds
18.689: [GC (Allocation Failure)  109765K->613K(450560K), 0.0005919 secs]
18.690: Total time for which application threads were stopped: 0.0007203 seconds, Stopping threads took: 0.0000278 seconds
18.763: [GC (Allocation Failure)  107621K->613K(448512K), 0.0005497 secs]
18.764: Total time for which application threads were stopped: 0.0006738 seconds, Stopping threads took: 0.0000271 seconds
18.834: [GC (Allocation Failure)  105573K->677K(446464K), 0.0004394 secs]
18.835: Total time for which application threads were stopped: 0.0005636 seconds, Stopping threads took: 0.0000197 seconds
18.899: [GC (Allocation Failure)  103589K->645K(444416K), 0.0004638 secs]
18.900: Total time for which application threads were stopped: 0.0006147 seconds, Stopping threads took: 0.0000300 seconds
18.963: [GC (Allocation Failure)  101509K->709K(442368K), 0.0004956 secs]
18.963: Total time for which application threads were stopped: 0.0006283 seconds, Stopping threads took: 0.0000267 seconds
19.025: [GC (Allocation Failure)  99525K->677K(440320K), 0.0006352 secs]
19.026: Total time for which application threads were stopped: 0.0007549 seconds, Stopping threads took: 0.0000198 seconds
19.087: [GC (Allocation Failure)  97445K->645K(438272K), 0.0004711 secs]
19.087: Total time for which application threads were stopped: 0.0005895 seconds, Stopping threads took: 0.0000191 seconds
19.147: [GC (Allocation Failure)  95365K->677K(436736K), 0.0005264 secs]
19.147: Total time for which application threads were stopped: 0.0006634 seconds, Stopping threads took: 0.0000194 seconds
19.212: [GC (Allocation Failure)  93861K->677K(435200K), 0.0004495 secs]
19.213: Total time for which application threads were stopped: 0.0005808 seconds, Stopping threads took: 0.0000214 seconds
19.275: [GC (Allocation Failure)  92325K->709K(433664K), 0.0004270 secs]
19.276: Total time for which application threads were stopped: 0.0005469 seconds, Stopping threads took: 0.0000251 seconds
19.333: [GC (Allocation Failure)  90821K->645K(432128K), 0.0006084 secs]
19.334: Total time for which application threads were stopped: 0.0007262 seconds, Stopping threads took: 0.0000192 seconds
19.391: [GC (Allocation Failure)  89221K->677K(430592K), 0.0005774 secs]
19.391: Total time for which application threads were stopped: 0.0006983 seconds, Stopping threads took: 0.0000191 seconds
19.452: [GC (Allocation Failure)  87717K->645K(429056K), 0.0004732 secs]
19.453: Total time for which application threads were stopped: 0.0005959 seconds, Stopping threads took: 0.0000195 seconds
19.511: [GC (Allocation Failure)  86149K->613K(427520K), 0.0006426 secs]
19.512: Total time for which application threads were stopped: 0.0007925 seconds, Stopping threads took: 0.0000286 seconds
19.570: [GC (Allocation Failure)  84581K->709K(425984K), 0.0006707 secs]
19.571: Total time for which application threads were stopped: 0.0008106 seconds, Stopping threads took: 0.0000208 seconds
19.623: [GC (Allocation Failure)  83141K->645K(424448K), 0.0006372 secs]
19.624: Total time for which application threads were stopped: 0.0007823 seconds, Stopping threads took: 0.0000217 seconds
19.680: [GC (Allocation Failure)  81541K->709K(422912K), 0.0004784 secs]
19.681: Total time for which application threads were stopped: 0.0006019 seconds, Stopping threads took: 0.0000195 seconds
19.731: [GC (Allocation Failure)  80069K->645K(421888K), 0.0004182 secs]
19.731: Total time for which application threads were stopped: 0.0005381 seconds, Stopping threads took: 0.0000194 seconds
19.784: [GC (Allocation Failure)  78981K->709K(420864K), 0.0004440 secs]
19.784: Total time for which application threads were stopped: 0.0005736 seconds, Stopping threads took: 0.0000266 seconds
19.837: [GC (Allocation Failure)  78021K->677K(419840K), 0.0004762 secs]
19.837: Total time for which application threads were stopped: 0.0005992 seconds, Stopping threads took: 0.0000250 seconds
19.885: [GC (Allocation Failure)  76965K->709K(418816K), 0.0005576 secs]
19.886: Total time for which application threads were stopped: 0.0006648 seconds, Stopping threads took: 0.0000190 seconds
19.937: [GC (Allocation Failure)  75973K->613K(417792K), 0.0004901 secs]
19.937: Total time for which application threads were stopped: 0.0005969 seconds, Stopping threads took: 0.0000160 seconds
19.984: [GC (Allocation Failure)  74853K->677K(416768K), 0.0006630 secs]
19.985: Total time for which application threads were stopped: 0.0007955 seconds, Stopping threads took: 0.0000197 seconds
20.034: [GC (Allocation Failure)  73893K->677K(415744K), 0.0005061 secs]
20.035: Total time for which application threads were stopped: 0.0006411 seconds, Stopping threads took: 0.0000214 seconds
20.080: [GC (Allocation Failure)  72869K->613K(414720K), 0.0005500 secs]
20.081: Total time for which application threads were stopped: 0.0006775 seconds, Stopping threads took: 0.0000220 seconds
20.126: [GC (Allocation Failure)  71781K->677K(413696K), 0.0004944 secs]
20.126: Total time for which application threads were stopped: 0.0006179 seconds, Stopping threads took: 0.0000199 seconds
20.176: [GC (Allocation Failure)  70821K->677K(428032K), 0.0006986 secs]
20.177: Total time for which application threads were stopped: 0.0008198 seconds, Stopping threads took: 0.0000195 seconds
20.230: [GC (Allocation Failure)  85157K->709K(426496K), 0.0005639 secs]
20.231: Total time for which application threads were stopped: 0.0007020 seconds, Stopping threads took: 0.0000224 seconds
20.284: [GC (Allocation Failure)  83653K->677K(424960K), 0.0005349 secs]
20.285: Total time for which application threads were stopped: 0.0006700 seconds, Stopping threads took: 0.0000270 seconds
20.336: [GC (Allocation Failure)  82085K->645K(423424K), 0.0004335 secs]
20.337: Total time for which application threads were stopped: 0.0005594 seconds, Stopping threads took: 0.0000216 seconds
20.392: [GC (Allocation Failure)  80517K->709K(422400K), 0.0006494 secs]
20.393: Total time for which application threads were stopped: 0.0007691 seconds, Stopping threads took: 0.0000199 seconds
20.448: [GC (Allocation Failure)  79557K->645K(421376K), 0.0004188 secs]
20.449: Total time for which application threads were stopped: 0.0005476 seconds, Stopping threads took: 0.0000276 seconds
20.498: [GC (Allocation Failure)  78469K->645K(420352K), 0.0005534 secs]
20.498: Total time for which application threads were stopped: 0.0006609 seconds, Stopping threads took: 0.0000164 seconds
20.553: [GC (Allocation Failure)  77445K->645K(419328K), 0.0005218 secs]
20.553: Total time for which application threads were stopped: 0.0006592 seconds, Stopping threads took: 0.0000196 seconds
20.601: [GC (Allocation Failure)  76421K->613K(418304K), 0.0006312 secs]
20.602: Total time for which application threads were stopped: 0.0007511 seconds, Stopping threads took: 0.0000196 seconds
20.653: [GC (Allocation Failure)  75365K->677K(417280K), 0.0005149 secs]
20.654: Total time for which application threads were stopped: 0.0006374 seconds, Stopping threads took: 0.0000194 seconds
20.700: [GC (Allocation Failure)  74405K->645K(416256K), 0.0004418 secs]
20.701: Total time for which application threads were stopped: 0.0005758 seconds, Stopping threads took: 0.0000273 seconds
20.750: [GC (Allocation Failure)  73349K->709K(415232K), 0.0004861 secs]
20.751: Total time for which application threads were stopped: 0.0006150 seconds, Stopping threads took: 0.0000208 seconds
20.797: [GC (Allocation Failure)  72389K->677K(414208K), 0.0005487 secs]
20.797: Total time for which application threads were stopped: 0.0006768 seconds, Stopping threads took: 0.0000275 seconds
20.842: [GC (Allocation Failure)  71333K->677K(413184K), 0.0004953 secs]
20.842: Total time for which application threads were stopped: 0.0006225 seconds, Stopping threads took: 0.0000271 seconds
20.886: [GC (Allocation Failure)  70309K->709K(412160K), 0.0004755 secs]
20.887: Total time for which application threads were stopped: 0.0005999 seconds, Stopping threads took: 0.0000272 seconds
20.936: [GC (Allocation Failure)  69317K->645K(411136K), 0.0004191 secs]
20.936: Total time for which application threads were stopped: 0.0005231 seconds, Stopping threads took: 0.0000165 seconds
20.984: [GC (Allocation Failure)  68229K->645K(410112K), 0.0005463 secs]
20.984: Total time for which application threads were stopped: 0.0006664 seconds, Stopping threads took: 0.0000196 seconds
21.026: [GC (Allocation Failure)  67205K->741K(409088K), 0.0004891 secs]
21.027: Total time for which application threads were stopped: 0.0006095 seconds, Stopping threads took: 0.0000197 seconds
21.073: [GC (Allocation Failure)  66277K->613K(408064K), 0.0004620 secs]
21.074: Total time for which application threads were stopped: 0.0005934 seconds, Stopping threads took: 0.0000289 seconds
21.115: [GC (Allocation Failure)  65125K->645K(407040K), 0.0004808 secs]
21.115: Total time for which application threads were stopped: 0.0006067 seconds, Stopping threads took: 0.0000272 seconds
21.162: [GC (Allocation Failure)  64133K->709K(419840K), 0.0007014 secs]
21.162: Total time for which application threads were stopped: 0.0008205 seconds, Stopping threads took: 0.0000198 seconds
21.210: [GC (Allocation Failure)  76997K->613K(435200K), 0.0008947 secs]
21.211: Total time for which application threads were stopped: 0.0010119 seconds, Stopping threads took: 0.0000194 seconds
21.269: [GC (Allocation Failure)  92261K->645K(453632K), 0.0006714 secs]
21.269: Total time for which application threads were stopped: 0.0009012 seconds, Stopping threads took: 0.0000189 seconds
21.340: [GC (Allocation Failure)  110725K->645K(451584K), 0.0004917 secs]
21.341: Total time for which application threads were stopped: 0.0006270 seconds, Stopping threads took: 0.0000268 seconds
21.414: [GC (Allocation Failure)  108677K->677K(449536K), 0.0005208 secs]
21.414: Total time for which application threads were stopped: 0.0006383 seconds, Stopping threads took: 0.0000197 seconds
21.486: [GC (Allocation Failure)  106661K->677K(447488K), 0.0005233 secs]
21.486: Total time for which application threads were stopped: 0.0006568 seconds, Stopping threads took: 0.0000212 seconds
21.552: [GC (Allocation Failure)  104613K->709K(445440K), 0.0005858 secs]
21.553: Total time for which application threads were stopped: 0.0007313 seconds, Stopping threads took: 0.0000276 seconds
21.616: [GC (Allocation Failure)  102597K->645K(443392K), 0.0005257 secs]
21.617: Total time for which application threads were stopped: 0.0006491 seconds, Stopping threads took: 0.0000193 seconds
21.680: [GC (Allocation Failure)  100485K->645K(441344K), 0.0005117 secs]
21.680: Total time for which application threads were stopped: 0.0006485 seconds, Stopping threads took: 0.0000218 seconds
21.746: [GC (Allocation Failure)  98437K->677K(439296K), 0.0004230 secs]
21.747: Total time for which application threads were stopped: 0.0005343 seconds, Stopping threads took: 0.0000171 seconds
21.814: [GC (Allocation Failure)  96421K->645K(437760K), 0.0004165 secs]
21.815: Total time for which application threads were stopped: 0.0005387 seconds, Stopping threads took: 0.0000275 seconds
21.874: [GC (Allocation Failure)  94853K->645K(436224K), 0.0004917 secs]
21.874: Total time for which application threads were stopped: 0.0006230 seconds, Stopping threads took: 0.0000278 seconds
21.933: [GC (Allocation Failure)  93317K->613K(434688K), 0.0005712 secs]
21.933: Total time for which application threads were stopped: 0.0007107 seconds, Stopping threads took: 0.0000208 seconds
21.991: [GC (Allocation Failure)  91749K->709K(433152K), 0.0006636 secs]
21.991: Total time for which application threads were stopped: 0.0007941 seconds, Stopping threads took: 0.0000208 seconds
22.048: [GC (Allocation Failure)  90309K->709K(431616K), 0.0005277 secs]
22.048: Total time for which application threads were stopped: 0.0006674 seconds, Stopping threads took: 0.0000226 seconds
22.104: [GC (Allocation Failure)  88773K->645K(430080K), 0.0005299 secs]
22.104: Total time for which application threads were stopped: 0.0007040 seconds, Stopping threads took: 0.0000316 seconds
22.163: [GC (Allocation Failure)  87173K->709K(428544K), 0.0006890 secs]
22.163: Total time for which application threads were stopped: 0.0008084 seconds, Stopping threads took: 0.0000200 seconds
22.217: [GC (Allocation Failure)  85701K->613K(427008K), 0.0004925 secs]
22.217: Total time for which application threads were stopped: 0.0006348 seconds, Stopping threads took: 0.0000284 seconds
22.274: [GC (Allocation Failure)  84069K->645K(425472K), 0.0004159 secs]
22.275: Total time for which application threads were stopped: 0.0005235 seconds, Stopping threads took: 0.0000161 seconds
22.327: [GC (Allocation Failure)  82565K->709K(423936K), 0.0005042 secs]
22.327: Total time for which application threads were stopped: 0.0006420 seconds, Stopping threads took: 0.0000203 seconds
22.379: [GC (Allocation Failure)  81093K->709K(422400K), 0.0004603 secs]
22.380: Total time for which application threads were stopped: 0.0005890 seconds, Stopping threads took: 0.0000267 seconds
22.430: [GC (Allocation Failure)  79557K->645K(421376K), 0.0005243 secs]
22.430: Total time for which application threads were stopped: 0.0006531 seconds, Stopping threads took: 0.0000200 seconds
22.484: [GC (Allocation Failure)  78469K->709K(420352K), 0.0004911 secs]
22.485: Total time for which application threads were stopped: 0.0006258 seconds, Stopping threads took: 0.0000219 seconds
22.534: [GC (Allocation Failure)  77509K->645K(419328K), 0.0004583 secs]
22.534: Total time for which application threads were stopped: 0.0005787 seconds, Stopping threads took: 0.0000253 seconds
22.588: [GC (Allocation Failure)  76421K->613K(418304K), 0.0005938 secs]
22.588: Total time for which application threads were stopped: 0.0007215 seconds, Stopping threads took: 0.0000276 seconds
22.635: [GC (Allocation Failure)  75365K->709K(417280K), 0.0004886 secs]
22.636: Total time for which application threads were stopped: 0.0006001 seconds, Stopping threads took: 0.0000198 seconds
22.687: [GC (Allocation Failure)  74437K->677K(416256K), 0.0006047 secs]
22.688: Total time for which application threads were stopped: 0.0007414 seconds, Stopping threads took: 0.0000275 seconds
22.734: [GC (Allocation Failure)  73381K->709K(415232K), 0.0005275 secs]
22.734: Total time for which application threads were stopped: 0.0006785 seconds, Stopping threads took: 0.0000222 seconds
22.780: [GC (Allocation Failure)  72389K->645K(414208K), 0.0003926 secs]
22.780: Total time for which application threads were stopped: 0.0005159 seconds, Stopping threads took: 0.0000265 seconds
22.826: [GC (Allocation Failure)  71301K->645K(413184K), 0.0004440 secs]
22.826: Total time for which application threads were stopped: 0.0005655 seconds, Stopping threads took: 0.0000260 seconds
22.870: [GC (Allocation Failure)  70277K->645K(412160K), 0.0005208 secs]
22.871: Total time for which application threads were stopped: 0.0006640 seconds, Stopping threads took: 0.0000292 seconds
22.914: [GC (Allocation Failure)  69253K->677K(411136K), 0.0006197 secs]
22.915: Total time for which application threads were stopped: 0.0007652 seconds, Stopping threads took: 0.0000220 seconds
22.957: [GC (Allocation Failure)  68261K->613K(410112K), 0.0004854 secs]
22.958: Total time for which application threads were stopped: 0.0006360 seconds, Stopping threads took: 0.0000218 seconds
23.007: [GC (Allocation Failure)  67173K->677K(409088K), 0.0005228 secs]
23.007: Total time for which application threads were stopped: 0.0006718 seconds, Stopping threads took: 0.0000299 seconds
23.048: [GC (Allocation Failure)  66213K->677K(408064K), 0.0005629 secs]
23.049: Total time for which application threads were stopped: 0.0007030 seconds, Stopping threads took: 0.0000219 seconds
23.090: [GC (Allocation Failure)  65189K->645K(421376K), 0.0005704 secs]
23.090: Total time for which application threads were stopped: 0.0007177 seconds, Stopping threads took: 0.0000298 seconds
23.142: [GC (Allocation Failure)  78469K->645K(420352K), 0.0005157 secs]
23.143: Total time for which application threads were stopped: 0.0006595 seconds, Stopping threads took: 0.0000287 seconds
23.197: [GC (Allocation Failure)  77445K->645K(419328K), 0.0005555 secs]
23.197: Total time for which application threads were stopped: 0.0007071 seconds, Stopping threads took: 0.0000292 seconds
23.245: [GC (Allocation Failure)  76421K->677K(418304K), 0.0005988 secs]
23.246: Total time for which application threads were stopped: 0.0007184 seconds, Stopping threads took: 0.0000203 seconds
23.298: [GC (Allocation Failure)  75429K->645K(417280K), 0.0004365 secs]
23.299: Total time for which application threads were stopped: 0.0005732 seconds, Stopping threads took: 0.0000195 seconds
23.351: [GC (Allocation Failure)  74373K->613K(416256K), 0.0005442 secs]
23.352: Total time for which application threads were stopped: 0.0006591 seconds, Stopping threads took: 0.0000225 seconds
23.401: [GC (Allocation Failure)  73317K->645K(415232K), 0.0004800 secs]
23.401: Total time for which application threads were stopped: 0.0005995 seconds, Stopping threads took: 0.0000189 seconds
23.446: [GC (Allocation Failure)  72325K->709K(414208K), 0.0005931 secs]
23.447: Total time for which application threads were stopped: 0.0007215 seconds, Stopping threads took: 0.0000273 seconds
23.491: [GC (Allocation Failure)  71365K->677K(413184K), 0.0005115 secs]
23.492: Total time for which application threads were stopped: 0.0006642 seconds, Stopping threads took: 0.0000297 seconds
23.536: [GC (Allocation Failure)  70309K->709K(412160K), 0.0004498 secs]
23.536: Total time for which application threads were stopped: 0.0005987 seconds, Stopping threads took: 0.0000210 seconds
23.580: [GC (Allocation Failure)  69317K->709K(411136K), 0.0005306 secs]
23.580: Total time for which application threads were stopped: 0.0006679 seconds, Stopping threads took: 0.0000285 seconds
23.623: [GC (Allocation Failure)  68293K->645K(410112K), 0.0005456 secs]
23.623: Total time for which application threads were stopped: 0.0006746 seconds, Stopping threads took: 0.0000281 seconds
23.668: [GC (Allocation Failure)  67205K->677K(409088K), 0.0005053 secs]
23.668: Total time for which application threads were stopped: 0.0006320 seconds, Stopping threads took: 0.0000192 seconds
23.710: [GC (Allocation Failure)  66213K->613K(422400K), 0.0005664 secs]
23.710: Total time for which application threads were stopped: 0.0006877 seconds, Stopping threads took: 0.0000198 seconds
23.763: [GC (Allocation Failure)  79461K->677K(438272K), 0.0006001 secs]
23.763: Total time for which application threads were stopped: 0.0007199 seconds, Stopping threads took: 0.0000194 seconds
23.828: [GC (Allocation Failure)  95397K->645K(436736K), 0.0004594 secs]
23.829: Total time for which application threads were stopped: 0.0005758 seconds, Stopping threads took: 0.0000187 seconds
23.894: [GC (Allocation Failure)  93829K->741K(435200K), 0.0005323 secs]
23.894: Total time for which application threads were stopped: 0.0006516 seconds, Stopping threads took: 0.0000189 seconds
23.952: [GC (Allocation Failure)  92389K->709K(433664K), 0.0006176 secs]
23.952: Total time for which application threads were stopped: 0.0007328 seconds, Stopping threads took: 0.0000190 seconds
24.014: [GC (Allocation Failure)  90821K->613K(432128K), 0.0004343 secs]
24.015: Total time for which application threads were stopped: 0.0005420 seconds, Stopping threads took: 0.0000169 seconds
24.070: [GC (Allocation Failure)  89189K->645K(430592K), 0.0005341 secs]
24.071: Total time for which application threads were stopped: 0.0006525 seconds, Stopping threads took: 0.0000173 seconds
24.126: [GC (Allocation Failure)  87685K->709K(429056K), 0.0005304 secs]
24.126: Total time for which application threads were stopped: 0.0006509 seconds, Stopping threads took: 0.0000203 seconds
24.187: [GC (Allocation Failure)  86213K->677K(427520K), 0.0004604 secs]
24.187: Total time for which application threads were stopped: 0.0005861 seconds, Stopping threads took: 0.0000268 seconds
24.245: [GC (Allocation Failure)  84645K->709K(425984K), 0.0005661 secs]
24.246: Total time for which application threads were stopped: 0.0006919 seconds, Stopping threads took: 0.0000189 seconds
24.299: [GC (Allocation Failure)  83141K->645K(424448K), 0.0004041 secs]
24.300: Total time for which application threads were stopped: 0.0005339 seconds, Stopping threads took: 0.0000265 seconds
24.351: [GC (Allocation Failure)  81541K->677K(440832K), 0.0016049 secs]
24.352: Total time for which application threads were stopped: 0.0017283 seconds, Stopping threads took: 0.0000248 seconds
24.416: [GC (Allocation Failure)  97957K->677K(460288K), 0.0005343 secs]
24.417: Total time for which application threads were stopped: 0.0006599 seconds, Stopping threads took: 0.0000275 seconds
24.490: [GC (Allocation Failure)  117413K->613K(483840K), 0.0004904 secs]
24.491: Total time for which application threads were stopped: 0.0006260 seconds, Stopping threads took: 0.0000290 seconds
24.585: [GC (Allocation Failure)  140901K->613K(480256K), 0.0005383 secs]
24.585: Total time for which application threads were stopped: 0.0006576 seconds, Stopping threads took: 0.0000194 seconds
24.677: [GC (Allocation Failure)  137317K->677K(477184K), 0.0004785 secs]
24.678: Total time for which application threads were stopped: 0.0006019 seconds, Stopping threads took: 0.0000195 seconds
24.767: [GC (Allocation Failure)  134309K->613K(474112K), 0.0005859 secs]
24.768: Total time for which application threads were stopped: 0.0007075 seconds, Stopping threads took: 0.0000195 seconds
24.852: [GC (Allocation Failure)  131173K->677K(471040K), 0.0005291 secs]
24.853: Total time for which application threads were stopped: 0.0006791 seconds, Stopping threads took: 0.0000205 seconds
24.933: [GC (Allocation Failure)  128165K->677K(467968K), 0.0005649 secs]
24.933: Total time for which application threads were stopped: 0.0006986 seconds, Stopping threads took: 0.0000210 seconds
25.012: [GC (Allocation Failure)  125093K->677K(465408K), 0.0004808 secs]
25.012: Total time for which application threads were stopped: 0.0006156 seconds, Stopping threads took: 0.0000218 seconds
25.089: [GC (Allocation Failure)  122533K->613K(462848K), 0.0006787 secs]
25.090: Total time for which application threads were stopped: 0.0008510 seconds, Stopping threads took: 0.0000237 seconds
25.165: [GC (Allocation Failure)  119909K->613K(460288K), 0.0006075 secs]
25.166: Total time for which application threads were stopped: 0.0007413 seconds, Stopping threads took: 0.0000216 seconds
25.240: [GC (Allocation Failure)  117349K->613K(457728K), 0.0005869 secs]
25.240: Total time for which application threads were stopped: 0.0007279 seconds, Stopping threads took: 0.0000290 seconds
25.319: [GC (Allocation Failure)  114789K->645K(455168K), 0.0005716 secs]
25.319: Total time for which application threads were stopped: 0.0008359 seconds, Stopping threads took: 0.0000274 seconds
25.390: [GC (Allocation Failure)  112261K->709K(452608K), 0.0004556 secs]
25.390: Total time for which application threads were stopped: 0.0005751 seconds, Stopping threads took: 0.0000196 seconds
25.459: [GC (Allocation Failure)  109765K->645K(450560K), 0.0005027 secs]
25.459: Total time for which application threads were stopped: 0.0006291 seconds, Stopping threads took: 0.0000186 seconds
25.532: [GC (Allocation Failure)  107653K->645K(448512K), 0.0006171 secs]
25.533: Total time for which application threads were stopped: 0.0007422 seconds, Stopping threads took: 0.0000275 seconds
25.599: [GC (Allocation Failure)  105605K->613K(446464K), 0.0004389 secs]
25.599: Total time for which application threads were stopped: 0.0005560 seconds, Stopping threads took: 0.0000193 seconds
25.664: [GC (Allocation Failure)  103525K->677K(444416K), 0.0004372 secs]
25.664: Total time for which application threads were stopped: 0.0005570 seconds, Stopping threads took: 0.0000202 seconds
25.735: [GC (Allocation Failure)  101541K->645K(442368K), 0.0005291 secs]
25.736: Total time for which application threads were stopped: 0.0006541 seconds, Stopping threads took: 0.0000274 seconds
25.798: [GC (Allocation Failure)  99461K->645K(440320K), 0.0004249 secs]
25.799: Total time for which application threads were stopped: 0.0005377 seconds, Stopping threads took: 0.0000183 seconds
25.860: [GC (Allocation Failure)  97413K->677K(438272K), 0.0004895 secs]
25.860: Total time for which application threads were stopped: 0.0006175 seconds, Stopping threads took: 0.0000278 seconds
25.919: [GC (Allocation Failure)  95397K->709K(436736K), 0.0004538 secs]
25.920: Total time for which application threads were stopped: 0.0005735 seconds, Stopping threads took: 0.0000200 seconds
25.978: [GC (Allocation Failure)  93893K->645K(435200K), 0.0007936 secs]
25.979: Total time for which application threads were stopped: 0.0009169 seconds, Stopping threads took: 0.0000189 seconds
26.037: [GC (Allocation Failure)  92293K->709K(433664K), 0.0004797 secs]
26.037: Total time for which application threads were stopped: 0.0006215 seconds, Stopping threads took: 0.0000272 seconds
26.094: [GC (Allocation Failure)  90821K->709K(432128K), 0.0007440 secs]
26.095: Total time for which application threads were stopped: 0.0008796 seconds, Stopping threads took: 0.0000211 seconds
26.151: [GC (Allocation Failure)  89285K->613K(430592K), 0.0006552 secs]
26.151: Total time for which application threads were stopped: 0.0007824 seconds, Stopping threads took: 0.0000278 seconds
26.212: [GC (Allocation Failure)  87653K->709K(429056K), 0.0006046 secs]
26.212: Total time for which application threads were stopped: 0.0007466 seconds, Stopping threads took: 0.0000285 seconds
26.266: [GC (Allocation Failure)  86213K->645K(446464K), 0.0060999 secs]
26.272: Total time for which application threads were stopped: 0.0062317 seconds, Stopping threads took: 0.0000224 seconds
26.340: [GC (Allocation Failure)  103557K->677K(467456K), 0.0004443 secs]
26.341: Total time for which application threads were stopped: 0.0005704 seconds, Stopping threads took: 0.0000258 seconds
26.420: [GC (Allocation Failure)  124581K->645K(492544K), 0.0004665 secs]
26.420: Total time for which application threads were stopped: 0.0005890 seconds, Stopping threads took: 0.0000198 seconds
26.518: [GC (Allocation Failure)  149637K->741K(522752K), 0.0007212 secs]
26.519: Total time for which application threads were stopped: 0.0008424 seconds, Stopping threads took: 0.0000207 seconds
26.637: [GC (Allocation Failure)  179941K->677K(522752K), 0.0005148 secs]
26.638: Total time for which application threads were stopped: 0.0006369 seconds, Stopping threads took: 0.0000191 seconds
26.750: [GC (Allocation Failure)  179877K->645K(558592K), 0.0004894 secs]
26.750: Total time for which application threads were stopped: 0.0006278 seconds, Stopping threads took: 0.0000269 seconds
26.901: [GC (Allocation Failure)  215685K->741K(551936K), 0.0004688 secs]
26.901: Total time for which application threads were stopped: 0.0005967 seconds, Stopping threads took: 0.0000274 seconds
27.031: [GC (Allocation Failure)  209125K->645K(545792K), 0.0006165 secs]
27.032: Total time for which application threads were stopped: 0.0007454 seconds, Stopping threads took: 0.0000197 seconds
27.164: [GC (Allocation Failure)  202885K->645K(539648K), 0.0005458 secs]
27.165: Total time for which application threads were stopped: 0.0006888 seconds, Stopping threads took: 0.0000210 seconds
27.292: [GC (Allocation Failure)  196741K->645K(534016K), 0.0004921 secs]
27.292: Total time for which application threads were stopped: 0.0006155 seconds, Stopping threads took: 0.0000259 seconds
27.418: [GC (Allocation Failure)  191109K->709K(528384K), 0.0004599 secs]
27.418: Total time for which application threads were stopped: 0.0005600 seconds, Stopping threads took: 0.0000167 seconds
27.534: [GC (Allocation Failure)  185541K->645K(523264K), 0.0006661 secs]
27.534: Total time for which application threads were stopped: 0.0007776 seconds, Stopping threads took: 0.0000168 seconds
27.647: [GC (Allocation Failure)  180357K->645K(518144K), 0.0004391 secs]
27.648: Total time for which application threads were stopped: 0.0005674 seconds, Stopping threads took: 0.0000196 seconds
27.763: [GC (Allocation Failure)  175237K->613K(513536K), 0.0007806 secs]
27.764: Total time for which application threads were stopped: 0.0009061 seconds, Stopping threads took: 0.0000269 seconds
27.870: [GC (Allocation Failure)  170597K->709K(508928K), 0.0004819 secs]
27.871: Total time for which application threads were stopped: 0.0006092 seconds, Stopping threads took: 0.0000202 seconds
27.977: [GC (Allocation Failure)  166085K->677K(504320K), 0.0005661 secs]
27.978: Total time for which application threads were stopped: 0.0006843 seconds, Stopping threads took: 0.0000198 seconds
28.082: [GC (Allocation Failure)  161445K->677K(500224K), 0.0005532 secs]
28.083: Total time for which application threads were stopped: 0.0006655 seconds, Stopping threads took: 0.0000168 seconds
28.182: [GC (Allocation Failure)  157349K->581K(496128K), 0.0004390 secs]
28.183: Total time for which application threads were stopped: 0.0005618 seconds, Stopping threads took: 0.0000217 seconds
28.284: [GC (Allocation Failure)  153157K->677K(492032K), 0.0003872 secs]
28.284: Total time for which application threads were stopped: 0.0005016 seconds, Stopping threads took: 0.0000259 seconds
28.378: [GC (Allocation Failure)  149157K->677K(488448K), 0.0005584 secs]
28.379: Total time for which application threads were stopped: 0.0006764 seconds, Stopping threads took: 0.0000185 seconds
28.475: [GC (Allocation Failure)  145573K->709K(484864K), 0.0004915 secs]
28.475: Total time for which application threads were stopped: 0.0006129 seconds, Stopping threads took: 0.0000196 seconds
28.564: [GC (Allocation Failure)  142021K->613K(481280K), 0.0005855 secs]
28.564: Total time for which application threads were stopped: 0.0007158 seconds, Stopping threads took: 0.0000198 seconds
28.656: [GC (Allocation Failure)  138341K->645K(478208K), 0.0004765 secs]
28.656: Total time for which application threads were stopped: 0.0006008 seconds, Stopping threads took: 0.0000268 seconds
28.740: [GC (Allocation Failure)  135301K->613K(475136K), 0.0007600 secs]
28.741: Total time for which application threads were stopped: 0.0008901 seconds, Stopping threads took: 0.0000274 seconds
28.828: [GC (Allocation Failure)  132197K->645K(472064K), 0.0005152 secs]
28.829: Total time for which application threads were stopped: 0.0006435 seconds, Stopping threads took: 0.0000283 seconds
28.914: [GC (Allocation Failure)  129157K->741K(468992K), 0.0005001 secs]
28.914: Total time for which application threads were stopped: 0.0006201 seconds, Stopping threads took: 0.0000190 seconds
28.993: [GC (Allocation Failure)  126181K->741K(465920K), 0.0008257 secs]
28.994: Total time for which application threads were stopped: 0.0009563 seconds, Stopping threads took: 0.0000194 seconds
29.076: [GC (Allocation Failure)  123109K->581K(463360K), 0.0006916 secs]
29.077: Total time for which application threads were stopped: 0.0008211 seconds, Stopping threads took: 0.0000221 seconds
29.157: [GC (Allocation Failure)  120389K->613K(460800K), 0.0006265 secs]
29.158: Total time for which application threads were stopped: 0.0007730 seconds, Stopping threads took: 0.0000292 seconds
29.237: [GC (Allocation Failure)  117861K->677K(458240K), 0.0005197 secs]
29.238: Total time for which application threads were stopped: 0.0006631 seconds, Stopping threads took: 0.0000288 seconds
29.310: [GC (Allocation Failure)  115365K->645K(455680K), 0.0006223 secs]
29.311: Total time for which application threads were stopped: 0.0007490 seconds, Stopping threads took: 0.0000265 seconds
29.382: [GC (Allocation Failure)  112773K->677K(453120K), 0.0005000 secs]
29.383: Total time for which application threads were stopped: 0.0006267 seconds, Stopping threads took: 0.0000269 seconds
29.452: [GC (Allocation Failure)  110245K->741K(451072K), 0.0004568 secs]
29.452: Total time for which application threads were stopped: 0.0005815 seconds, Stopping threads took: 0.0000264 seconds
29.520: [GC (Allocation Failure)  108261K->709K(449024K), 0.0005458 secs]
29.520: Total time for which application threads were stopped: 0.0006682 seconds, Stopping threads took: 0.0000207 seconds
29.587: [GC (Allocation Failure)  106181K->677K(446976K), 0.0005188 secs]
29.587: Total time for which application threads were stopped: 0.0006380 seconds, Stopping threads took: 0.0000198 seconds
29.652: [GC (Allocation Failure)  104101K->645K(444928K), 0.0005289 secs]
29.653: Total time for which application threads were stopped: 0.0006571 seconds, Stopping threads took: 0.0000276 seconds
29.716: [GC (Allocation Failure)  102021K->677K(442880K), 0.0004639 secs]
29.717: Total time for which application threads were stopped: 0.0005864 seconds, Stopping threads took: 0.0000200 seconds
29.780: [GC (Allocation Failure)  100005K->613K(440832K), 0.0003860 secs]
29.780: Total time for which application threads were stopped: 0.0005137 seconds, Stopping threads took: 0.0000179 seconds
29.841: [GC (Allocation Failure)  97893K->677K(438784K), 0.0005444 secs]
29.842: Total time for which application threads were stopped: 0.0006820 seconds, Stopping threads took: 0.0000208 seconds
29.902: [GC (Allocation Failure)  95909K->613K(437248K), 0.0005713 secs]
29.903: Total time for which application threads were stopped: 0.0007149 seconds, Stopping threads took: 0.0000251 seconds
29.961: [GC (Allocation Failure)  94309K->645K(435712K), 0.0004933 secs]
29.962: Total time for which application threads were stopped: 0.0006285 seconds, Stopping threads took: 0.0000220 seconds
30.020: [GC (Allocation Failure)  92805K->677K(434176K), 0.0005443 secs]
30.021: Total time for which application threads were stopped: 0.0006652 seconds, Stopping threads took: 0.0000199 seconds
30.080: [GC (Allocation Failure)  91301K->677K(432640K), 0.0006021 secs]
30.081: Total time for which application threads were stopped: 0.0007465 seconds, Stopping threads took: 0.0000217 seconds
30.140: [GC (Allocation Failure)  89765K->677K(431104K), 0.0004824 secs]
30.140: Total time for which application threads were stopped: 0.0006104 seconds, Stopping threads took: 0.0000274 seconds
30.199: [GC (Allocation Failure)  88229K->677K(429568K), 0.0007231 secs]
30.200: Total time for which application threads were stopped: 0.0008438 seconds, Stopping threads took: 0.0000195 seconds
30.254: [GC (Allocation Failure)  86693K->645K(428032K), 0.0005011 secs]
30.254: Total time for which application threads were stopped: 0.0006291 seconds, Stopping threads took: 0.0000279 seconds
30.308: [GC (Allocation Failure)  85125K->645K(426496K), 0.0005030 secs]
30.308: Total time for which application threads were stopped: 0.0006308 seconds, Stopping threads took: 0.0000279 seconds
30.367: [GC (Allocation Failure)  83589K->645K(424960K), 0.0004434 secs]
30.367: Total time for which application threads were stopped: 0.0005780 seconds, Stopping threads took: 0.0000255 seconds
30.422: [GC (Allocation Failure)  82053K->613K(423424K), 0.0005188 secs]
30.423: Total time for which application threads were stopped: 0.0006386 seconds, Stopping threads took: 0.0000193 seconds
30.473: [GC (Allocation Failure)  80485K->645K(422400K), 0.0006303 secs]
30.474: Total time for which application threads were stopped: 0.0007783 seconds, Stopping threads took: 0.0000293 seconds
30.523: [GC (Allocation Failure)  79493K->677K(421376K), 0.0005384 secs]
30.524: Total time for which application threads were stopped: 0.0006917 seconds, Stopping threads took: 0.0000315 seconds
30.573: [GC (Allocation Failure)  78501K->709K(420352K), 0.0005384 secs]
30.573: Total time for which application threads were stopped: 0.0006869 seconds, Stopping threads took: 0.0000302 seconds
30.622: [GC (Allocation Failure)  77509K->645K(419328K), 0.0004715 secs]
30.623: Total time for which application threads were stopped: 0.0006421 seconds, Stopping threads took: 0.0000563 seconds
30.676: [GC (Allocation Failure)  76421K->741K(418304K), 0.0004413 secs]
30.676: Total time for which application threads were stopped: 0.0005575 seconds, Stopping threads took: 0.0000196 seconds
30.723: [GC (Allocation Failure)  75493K->709K(417280K), 0.0006018 secs]
30.724: Total time for which application threads were stopped: 0.0007089 seconds, Stopping threads took: 0.0000168 seconds
30.770: [GC (Allocation Failure)  74437K->677K(416256K), 0.0004950 secs]
30.771: Total time for which application threads were stopped: 0.0006227 seconds, Stopping threads took: 0.0000275 seconds
30.817: [GC (Allocation Failure)  73381K->741K(415232K), 0.0004436 secs]
30.818: Total time for which application threads were stopped: 0.0005690 seconds, Stopping threads took: 0.0000277 seconds
30.869: [GC (Allocation Failure)  72421K->645K(414208K), 0.0004791 secs]
30.870: Total time for which application threads were stopped: 0.0006098 seconds, Stopping threads took: 0.0000197 seconds
30.914: [GC (Allocation Failure)  71301K->677K(413184K), 0.0004887 secs]
30.915: Total time for which application threads were stopped: 0.0006219 seconds, Stopping threads took: 0.0000209 seconds
30.959: [GC (Allocation Failure)  70309K->613K(412160K), 0.0006622 secs]
30.960: Total time for which application threads were stopped: 0.0008023 seconds, Stopping threads took: 0.0000293 seconds
31.003: [GC (Allocation Failure)  69221K->677K(425984K), 0.0006142 secs]
31.003: Total time for which application threads were stopped: 0.0007473 seconds, Stopping threads took: 0.0000302 seconds
31.058: [GC (Allocation Failure)  83109K->677K(442880K), 0.0006054 secs]
31.059: Total time for which application threads were stopped: 0.0007258 seconds, Stopping threads took: 0.0000171 seconds
31.125: [GC (Allocation Failure)  100005K->645K(440832K), 0.0005831 secs]
31.126: Total time for which application threads were stopped: 0.0007506 seconds, Stopping threads took: 0.0000240 seconds
31.187: [GC (Allocation Failure)  97925K->677K(438784K), 0.0005654 secs]
31.187: Total time for which application threads were stopped: 0.0007164 seconds, Stopping threads took: 0.0000295 seconds
31.247: [GC (Allocation Failure)  95909K->645K(437248K), 0.0004514 secs]
31.248: Total time for which application threads were stopped: 0.0005827 seconds, Stopping threads took: 0.0000200 seconds
31.307: [GC (Allocation Failure)  94341K->645K(435712K), 0.0004547 secs]
31.308: Total time for which application threads were stopped: 0.0005780 seconds, Stopping threads took: 0.0000258 seconds
31.370: [GC (Allocation Failure)  92805K->709K(434176K), 0.0006781 secs]
31.371: Total time for which application threads were stopped: 0.0007937 seconds, Stopping threads took: 0.0000240 seconds
31.433: [GC (Allocation Failure)  91333K->645K(432640K), 0.0004221 secs]
31.434: Total time for which application threads were stopped: 0.0005317 seconds, Stopping threads took: 0.0000168 seconds
31.494: [GC (Allocation Failure)  89733K->677K(431104K), 0.0004831 secs]
31.495: Total time for which application threads were stopped: 0.0006081 seconds, Stopping threads took: 0.0000160 seconds
31.553: [GC (Allocation Failure)  88229K->645K(429568K), 0.0005092 secs]
31.554: Total time for which application threads were stopped: 0.0006443 seconds, Stopping threads took: 0.0000203 seconds
31.612: [GC (Allocation Failure)  86661K->677K(428032K), 0.0004527 secs]
31.612: Total time for which application threads were stopped: 0.0005836 seconds, Stopping threads took: 0.0000279 seconds
31.665: [GC (Allocation Failure)  85157K->677K(426496K), 0.0004775 secs]
31.666: Total time for which application threads were stopped: 0.0006111 seconds, Stopping threads took: 0.0000190 seconds
31.718: [GC (Allocation Failure)  83621K->741K(424960K), 0.0006553 secs]
31.719: Total time for which application threads were stopped: 0.0007829 seconds, Stopping threads took: 0.0000198 seconds
31.774: [GC (Allocation Failure)  82149K->677K(423424K), 0.0004812 secs]
31.775: Total time for which application threads were stopped: 0.0006031 seconds, Stopping threads took: 0.0000198 seconds
31.828: [GC (Allocation Failure)  80549K->645K(422400K), 0.0003943 secs]
31.828: Total time for which application threads were stopped: 0.0005207 seconds, Stopping threads took: 0.0000259 seconds
31.883: [GC (Allocation Failure)  79493K->709K(421376K), 0.0004067 secs]
31.883: Total time for which application threads were stopped: 0.0005169 seconds, Stopping threads took: 0.0000177 seconds
31.932: [GC (Allocation Failure)  78533K->645K(420352K), 0.0005008 secs]
31.933: Total time for which application threads were stopped: 0.0006161 seconds, Stopping threads took: 0.0000193 seconds
31.986: [GC (Allocation Failure)  77445K->613K(419328K), 0.0005372 secs]
31.986: Total time for which application threads were stopped: 0.0006640 seconds, Stopping threads took: 0.0000272 seconds
32.034: [GC (Allocation Failure)  76389K->677K(418304K), 0.0004808 secs]
32.035: Total time for which application threads were stopped: 0.0006005 seconds, Stopping threads took: 0.0000197 seconds
32.088: [GC (Allocation Failure)  75429K->677K(417280K), 0.0005443 secs]
32.088: Total time for which application threads were stopped: 0.0006675 seconds, Stopping threads took: 0.0000271 seconds
32.134: [GC (Allocation Failure)  74405K->645K(416256K), 0.0006512 secs]
32.135: Total time for which application threads were stopped: 0.0007761 seconds, Stopping threads took: 0.0000268 seconds
32.181: [GC (Allocation Failure)  73349K->677K(415232K), 0.0005528 secs]
32.181: Total time for which application threads were stopped: 0.0006780 seconds, Stopping threads took: 0.0000195 seconds
32.226: [GC (Allocation Failure)  72357K->645K(414208K), 0.0005402 secs]
32.227: Total time for which application threads were stopped: 0.0006875 seconds, Stopping threads took: 0.0000213 seconds
32.272: [GC (Allocation Failure)  71301K->677K(428544K), 0.0006040 secs]
32.272: Total time for which application threads were stopped: 0.0007398 seconds, Stopping threads took: 0.0000307 seconds
32.332: [GC (Allocation Failure)  85669K->613K(427008K), 0.0004841 secs]
32.332: Total time for which application threads were stopped: 0.0006154 seconds, Stopping threads took: 0.0000169 seconds
32.385: [GC (Allocation Failure)  84069K->677K(425472K), 0.0004513 secs]
32.386: Total time for which application threads were stopped: 0.0005798 seconds, Stopping threads took: 0.0000276 seconds
32.441: [GC (Allocation Failure)  82597K->645K(423936K), 0.0004667 secs]
32.441: Total time for which application threads were stopped: 0.0005909 seconds, Stopping threads took: 0.0000283 seconds
32.492: [GC (Allocation Failure)  81029K->677K(422400K), 0.0004965 secs]
32.492: Total time for which application threads were stopped: 0.0006246 seconds, Stopping threads took: 0.0000195 seconds
32.542: [GC (Allocation Failure)  79525K->645K(421376K), 0.0006140 secs]
32.543: Total time for which application threads were stopped: 0.0007505 seconds, Stopping threads took: 0.0000194 seconds
32.595: [GC (Allocation Failure)  78469K->677K(420352K), 0.0007683 secs]
32.596: Total time for which application threads were stopped: 0.0008947 seconds, Stopping threads took: 0.0000187 seconds
32.645: [GC (Allocation Failure)  77477K->613K(419328K), 0.0005085 secs]
32.645: Total time for which application threads were stopped: 0.0006496 seconds, Stopping threads took: 0.0000222 seconds
32.698: [GC (Allocation Failure)  76389K->677K(418304K), 0.0004908 secs]
32.699: Total time for which application threads were stopped: 0.0006236 seconds, Stopping threads took: 0.0000274 seconds
32.746: [GC (Allocation Failure)  75429K->677K(417280K), 0.0005257 secs]
32.746: Total time for which application threads were stopped: 0.0006695 seconds, Stopping threads took: 0.0000216 seconds
32.799: [GC (Allocation Failure)  74405K->645K(416256K), 0.0004046 secs]
32.800: Total time for which application threads were stopped: 0.0005528 seconds, Stopping threads took: 0.0000266 seconds
32.851: [GC (Allocation Failure)  73349K->677K(415232K), 0.0004625 secs]
32.851: Total time for which application threads were stopped: 0.0005785 seconds, Stopping threads took: 0.0000190 seconds
32.896: [GC (Allocation Failure)  72357K->613K(414208K), 0.0005743 secs]
32.897: Total time for which application threads were stopped: 0.0007099 seconds, Stopping threads took: 0.0000195 seconds
32.947: [GC (Allocation Failure)  71269K->677K(413184K), 0.0004759 secs]
32.948: Total time for which application threads were stopped: 0.0006105 seconds, Stopping threads took: 0.0000199 seconds
32.992: [GC (Allocation Failure)  70309K->613K(412160K), 0.0005545 secs]
32.992: Total time for which application threads were stopped: 0.0006969 seconds, Stopping threads took: 0.0000223 seconds
33.036: [GC (Allocation Failure)  69221K->741K(425984K), 0.0006606 secs]
33.036: Total time for which application threads were stopped: 0.0008100 seconds, Stopping threads took: 0.0000224 seconds
33.091: [GC (Allocation Failure)  83173K->645K(424448K), 0.0004768 secs]
33.091: Total time for which application threads were stopped: 0.0005956 seconds, Stopping threads took: 0.0000191 seconds
33.148: [GC (Allocation Failure)  81541K->677K(422912K), 0.0005476 secs]
33.149: Total time for which application threads were stopped: 0.0006730 seconds, Stopping threads took: 0.0000200 seconds
33.198: [GC (Allocation Failure)  80037K->645K(421888K), 0.0005703 secs]
33.199: Total time for which application threads were stopped: 0.0007123 seconds, Stopping threads took: 0.0000207 seconds
33.248: [GC (Allocation Failure)  78981K->677K(420864K), 0.0005028 secs]
33.249: Total time for which application threads were stopped: 0.0006459 seconds, Stopping threads took: 0.0000216 seconds
33.298: [GC (Allocation Failure)  77989K->645K(419840K), 0.0004993 secs]
33.299: Total time for which application threads were stopped: 0.0006344 seconds, Stopping threads took: 0.0000258 seconds
33.347: [GC (Allocation Failure)  76933K->677K(418816K), 0.0005391 secs]
33.347: Total time for which application threads were stopped: 0.0006663 seconds, Stopping threads took: 0.0000275 seconds
33.396: [GC (Allocation Failure)  75941K->677K(417792K), 0.0004832 secs]
33.396: Total time for which application threads were stopped: 0.0006131 seconds, Stopping threads took: 0.0000279 seconds
33.443: [GC (Allocation Failure)  74917K->645K(432640K), 0.0007277 secs]
33.444: Total time for which application threads were stopped: 0.0008701 seconds, Stopping threads took: 0.0000217 seconds
33.499: [GC (Allocation Failure)  89733K->709K(431104K), 0.0004869 secs]
33.500: Total time for which application threads were stopped: 0.0006187 seconds, Stopping threads took: 0.0000189 seconds
33.558: [GC (Allocation Failure)  88261K->741K(429568K), 0.0005723 secs]
33.559: Total time for which application threads were stopped: 0.0007117 seconds, Stopping threads took: 0.0000217 seconds
33.613: [GC (Allocation Failure)  86757K->645K(428032K), 0.0005318 secs]
33.614: Total time for which application threads were stopped: 0.0006649 seconds, Stopping threads took: 0.0000267 seconds
33.667: [GC (Allocation Failure)  85125K->741K(426496K), 0.0006846 secs]
33.668: Total time for which application threads were stopped: 0.0008054 seconds, Stopping threads took: 0.0000196 seconds
33.720: [GC (Allocation Failure)  83685K->741K(424960K), 0.0005266 secs]
33.720: Total time for which application threads were stopped: 0.0006534 seconds, Stopping threads took: 0.0000209 seconds
33.777: [GC (Allocation Failure)  82149K->677K(423424K), 0.0005509 secs]
33.778: Total time for which application threads were stopped: 0.0006674 seconds, Stopping threads took: 0.0000198 seconds
33.828: [GC (Allocation Failure)  80549K->677K(422400K), 0.0004833 secs]
33.829: Total time for which application threads were stopped: 0.0006122 seconds, Stopping threads took: 0.0000276 seconds
33.879: [GC (Allocation Failure)  79525K->613K(421376K), 0.0004423 secs]
33.879: Total time for which application threads were stopped: 0.0005637 seconds, Stopping threads took: 0.0000199 seconds
33.928: [GC (Allocation Failure)  78437K->709K(420352K), 0.0004942 secs]
33.929: Total time for which application threads were stopped: 0.0006225 seconds, Stopping threads took: 0.0000205 seconds
33.977: [GC (Allocation Failure)  77509K->677K(419328K), 0.0005036 secs]
33.977: Total time for which application threads were stopped: 0.0006311 seconds, Stopping threads took: 0.0000205 seconds
34.025: [GC (Allocation Failure)  76453K->645K(418304K), 0.0005150 secs]
34.026: Total time for which application threads were stopped: 0.0006505 seconds, Stopping threads took: 0.0000203 seconds
34.078: [GC (Allocation Failure)  75397K->645K(417280K), 0.0005773 secs]
34.079: Total time for which application threads were stopped: 0.0007040 seconds, Stopping threads took: 0.0000205 seconds
34.131: [GC (Allocation Failure)  74373K->613K(416256K), 0.0005317 secs]
34.132: Total time for which application threads were stopped: 0.0006496 seconds, Stopping threads took: 0.0000193 seconds
34.177: [GC (Allocation Failure)  73317K->677K(415232K), 0.0004519 secs]
34.178: Total time for which application threads were stopped: 0.0005724 seconds, Stopping threads took: 0.0000193 seconds
34.223: [GC (Allocation Failure)  72357K->613K(414208K), 0.0005619 secs]
34.224: Total time for which application threads were stopped: 0.0006876 seconds, Stopping threads took: 0.0000272 seconds
34.273: [GC (Allocation Failure)  71269K->677K(413184K), 0.0006866 secs]
34.274: Total time for which application threads were stopped: 0.0008099 seconds, Stopping threads took: 0.0000269 seconds
34.319: [GC (Allocation Failure)  70309K->709K(412160K), 0.0005271 secs]
34.320: Total time for which application threads were stopped: 0.0006543 seconds, Stopping threads took: 0.0000275 seconds
34.367: [GC (Allocation Failure)  69317K->645K(411136K), 0.0004891 secs]
34.367: Total time for which application threads were stopped: 0.0006103 seconds, Stopping threads took: 0.0000253 seconds
34.415: [GC (Allocation Failure)  68229K->741K(410112K), 0.0005074 secs]
34.415: Total time for which application threads were stopped: 0.0006662 seconds, Stopping threads took: 0.0000195 seconds
34.457: [GC (Allocation Failure)  67301K->645K(423424K), 0.0006311 secs]
34.458: Total time for which application threads were stopped: 0.0007612 seconds, Stopping threads took: 0.0000276 seconds
34.513: [GC (Allocation Failure)  80517K->677K(422400K), 0.0005501 secs]
34.514: Total time for which application threads were stopped: 0.0006772 seconds, Stopping threads took: 0.0000199 seconds
34.564: [GC (Allocation Failure)  79525K->741K(438272K), 0.0006158 secs]
34.565: Total time for which application threads were stopped: 0.0007512 seconds, Stopping threads took: 0.0000213 seconds
34.625: [GC (Allocation Failure)  95461K->645K(457216K), 0.0007672 secs]
34.625: Total time for which application threads were stopped: 0.0009077 seconds, Stopping threads took: 0.0000219 seconds
34.697: [GC (Allocation Failure)  114309K->677K(454656K), 0.0007201 secs]
34.698: Total time for which application threads were stopped: 0.0008595 seconds, Stopping threads took: 0.0000220 seconds
34.768: [GC (Allocation Failure)  111781K->677K(452096K), 0.0005397 secs]
34.769: Total time for which application threads were stopped: 0.0006601 seconds, Stopping threads took: 0.0000202 seconds
34.838: [GC (Allocation Failure)  109221K->677K(450048K), 0.0005052 secs]
34.838: Total time for which application threads were stopped: 0.0006497 seconds, Stopping threads took: 0.0000195 seconds
34.905: [GC (Allocation Failure)  107173K->613K(448000K), 0.0005741 secs]
34.906: Total time for which application threads were stopped: 0.0007052 seconds, Stopping threads took: 0.0000283 seconds
34.977: [GC (Allocation Failure)  105061K->645K(445952K), 0.0004799 secs]
34.978: Total time for which application threads were stopped: 0.0005993 seconds, Stopping threads took: 0.0000202 seconds
35.042: [GC (Allocation Failure)  103045K->741K(443904K), 0.0004807 secs]
35.043: Total time for which application threads were stopped: 0.0006000 seconds, Stopping threads took: 0.0000196 seconds
35.105: [GC (Allocation Failure)  101093K->645K(441856K), 0.0005333 secs]
35.106: Total time for which application threads were stopped: 0.0006779 seconds, Stopping threads took: 0.0000423 seconds
35.174: [GC (Allocation Failure)  98949K->677K(439808K), 0.0004827 secs]
35.175: Total time for which application threads were stopped: 0.0006192 seconds, Stopping threads took: 0.0000197 seconds
35.235: [GC (Allocation Failure)  96933K->709K(437760K), 0.0004887 secs]
35.235: Total time for which application threads were stopped: 0.0006360 seconds, Stopping threads took: 0.0000224 seconds
35.295: [GC (Allocation Failure)  94917K->677K(436224K), 0.0004204 secs]
35.295: Total time for which application threads were stopped: 0.0005518 seconds, Stopping threads took: 0.0000258 seconds
35.354: [GC (Allocation Failure)  93349K->677K(434688K), 0.0005052 secs]
35.355: Total time for which application threads were stopped: 0.0006281 seconds, Stopping threads took: 0.0000254 seconds
35.414: [GC (Allocation Failure)  91813K->645K(433152K), 0.0005218 secs]
35.414: Total time for which application threads were stopped: 0.0006307 seconds, Stopping threads took: 0.0000255 seconds
35.474: [GC (Allocation Failure)  90245K->709K(431616K), 0.0005666 secs]
35.475: Total time for which application threads were stopped: 0.0006879 seconds, Stopping threads took: 0.0000194 seconds
35.530: [GC (Allocation Failure)  88773K->613K(430080K), 0.0005800 secs]
35.531: Total time for which application threads were stopped: 0.0007266 seconds, Stopping threads took: 0.0000216 seconds
35.585: [GC (Allocation Failure)  87141K->677K(428544K), 0.0007295 secs]
35.586: Total time for which application threads were stopped: 0.0008830 seconds, Stopping threads took: 0.0000311 seconds
35.640: [GC (Allocation Failure)  85669K->645K(427008K), 0.0006797 secs]
35.641: Total time for which application threads were stopped: 0.0008176 seconds, Stopping threads took: 0.0000291 seconds
35.694: [GC (Allocation Failure)  84101K->677K(425472K), 0.0004346 secs]
35.694: Total time for which application threads were stopped: 0.0005926 seconds, Stopping threads took: 0.0000281 seconds
35.746: [GC (Allocation Failure)  82597K->677K(423936K), 0.0004429 secs]
35.746: Total time for which application threads were stopped: 0.0005773 seconds, Stopping threads took: 0.0000277 seconds
35.797: [GC (Allocation Failure)  81061K->709K(422400K), 0.0004338 secs]
35.798: Total time for which application threads were stopped: 0.0005566 seconds, Stopping threads took: 0.0000190 seconds
35.847: [GC (Allocation Failure)  79557K->677K(421376K), 0.0004949 secs]
35.848: Total time for which application threads were stopped: 0.0006239 seconds, Stopping threads took: 0.0000205 seconds
35.897: [GC (Allocation Failure)  78501K->613K(420352K), 0.0005787 secs]
35.898: Total time for which application threads were stopped: 0.0007180 seconds, Stopping threads took: 0.0000203 seconds
35.949: [GC (Allocation Failure)  77413K->677K(419328K), 0.0005206 secs]
35.950: Total time for which application threads were stopped: 0.0006571 seconds, Stopping threads took: 0.0000214 seconds
35.998: [GC (Allocation Failure)  76453K->613K(418304K), 0.0006383 secs]
35.999: Total time for which application threads were stopped: 0.0007895 seconds, Stopping threads took: 0.0000224 seconds
36.046: [GC (Allocation Failure)  75365K->677K(417280K), 0.0006669 secs]
36.047: Total time for which application threads were stopped: 0.0008121 seconds, Stopping threads took: 0.0000226 seconds
36.093: [GC (Allocation Failure)  74405K->677K(432128K), 0.0007303 secs]
36.094: Total time for which application threads were stopped: 0.0009039 seconds, Stopping threads took: 0.0000222 seconds
36.150: [GC (Allocation Failure)  89253K->645K(430592K), 0.0004798 secs]
36.151: Total time for which application threads were stopped: 0.0006111 seconds, Stopping threads took: 0.0000218 seconds
36.211: [GC (Allocation Failure)  87685K->709K(429056K), 0.0006142 secs]
36.212: Total time for which application threads were stopped: 0.0007328 seconds, Stopping threads took: 0.0000195 seconds
36.269: [GC (Allocation Failure)  86213K->677K(427520K), 0.0005844 secs]
36.269: Total time for which application threads were stopped: 0.0007012 seconds, Stopping threads took: 0.0000194 seconds
36.323: [GC (Allocation Failure)  84645K->645K(425984K), 0.0004030 secs]
36.324: Total time for which application threads were stopped: 0.0005258 seconds, Stopping threads took: 0.0000200 seconds
36.382: [GC (Allocation Failure)  83077K->613K(424448K), 0.0005798 secs]
36.383: Total time for which application threads were stopped: 0.0007089 seconds, Stopping threads took: 0.0000277 seconds
36.434: [GC (Allocation Failure)  81509K->645K(422912K), 0.0004702 secs]
36.435: Total time for which application threads were stopped: 0.0006003 seconds, Stopping threads took: 0.0000207 seconds
36.485: [GC (Allocation Failure)  80005K->645K(421888K), 0.0006106 secs]
36.485: Total time for which application threads were stopped: 0.0007402 seconds, Stopping threads took: 0.0000204 seconds
36.535: [GC (Allocation Failure)  78981K->677K(420864K), 0.0005254 secs]
36.535: Total time for which application threads were stopped: 0.0006586 seconds, Stopping threads took: 0.0000218 seconds
36.584: [GC (Allocation Failure)  77989K->645K(419840K), 0.0005121 secs]
36.585: Total time for which application threads were stopped: 0.0006364 seconds, Stopping threads took: 0.0000275 seconds
36.633: [GC (Allocation Failure)  76933K->645K(418816K), 0.0005530 secs]
36.633: Total time for which application threads were stopped: 0.0006833 seconds, Stopping threads took: 0.0000212 seconds
36.688: [GC (Allocation Failure)  75909K->613K(417792K), 0.0005289 secs]
36.688: Total time for which application threads were stopped: 0.0006690 seconds, Stopping threads took: 0.0000308 seconds
36.735: [GC (Allocation Failure)  74853K->613K(416768K), 0.0007052 secs]
36.736: Total time for which application threads were stopped: 0.0008474 seconds, Stopping threads took: 0.0000296 seconds
36.782: [GC (Allocation Failure)  73829K->645K(415744K), 0.0004927 secs]
36.782: Total time for which application threads were stopped: 0.0006126 seconds, Stopping threads took: 0.0000193 seconds
36.828: [GC (Allocation Failure)  72837K->581K(414720K), 0.0004467 secs]
36.828: Total time for which application threads were stopped: 0.0005626 seconds, Stopping threads took: 0.0000188 seconds
36.878: [GC (Allocation Failure)  71749K->613K(413696K), 0.0004797 secs]
36.879: Total time for which application threads were stopped: 0.0005861 seconds, Stopping threads took: 0.0000167 seconds
36.926: [GC (Allocation Failure)  70757K->613K(412672K), 0.0006573 secs]
36.926: Total time for which application threads were stopped: 0.0007552 seconds, Stopping threads took: 0.0000171 seconds
36.970: [GC (Allocation Failure)  69733K->613K(426496K), 0.0005603 secs]
36.970: Total time for which application threads were stopped: 0.0006979 seconds, Stopping threads took: 0.0000279 seconds
37.028: [GC (Allocation Failure)  83557K->613K(443392K), 0.0006660 secs]
37.029: Total time for which application threads were stopped: 0.0007991 seconds, Stopping threads took: 0.0000214 seconds
37.092: [GC (Allocation Failure)  100453K->645K(441344K), 0.0005415 secs]
37.092: Total time for which application threads were stopped: 0.0006891 seconds, Stopping threads took: 0.0000220 seconds
37.155: [GC (Allocation Failure)  98437K->709K(439296K), 0.0005009 secs]
37.155: Total time for which application threads were stopped: 0.0006552 seconds, Stopping threads took: 0.0000267 seconds
37.221: [GC (Allocation Failure)  96453K->645K(437760K), 0.0004854 secs]
37.222: Total time for which application threads were stopped: 0.0006069 seconds, Stopping threads took: 0.0000200 seconds
37.281: [GC (Allocation Failure)  94853K->613K(436224K), 0.0004856 secs]
37.282: Total time for which application threads were stopped: 0.0006064 seconds, Stopping threads took: 0.0000208 seconds
37.347: [GC (Allocation Failure)  93285K->677K(434688K), 0.0004315 secs]
37.347: Total time for which application threads were stopped: 0.0005235 seconds, Stopping threads took: 0.0000167 seconds
37.406: [GC (Allocation Failure)  91813K->677K(433152K), 0.0005674 secs]
37.406: Total time for which application threads were stopped: 0.0006994 seconds, Stopping threads took: 0.0000276 seconds
37.467: [GC (Allocation Failure)  90277K->677K(431616K), 0.0004751 secs]
37.468: Total time for which application threads were stopped: 0.0006132 seconds, Stopping threads took: 0.0000275 seconds
37.527: [GC (Allocation Failure)  88741K->741K(430080K), 0.0005538 secs]
37.528: Total time for which application threads were stopped: 0.0006984 seconds, Stopping threads took: 0.0000214 seconds
37.586: [GC (Allocation Failure)  87269K->581K(428544K), 0.0004691 secs]
37.586: Total time for which application threads were stopped: 0.0005925 seconds, Stopping threads took: 0.0000205 seconds
37.643: [GC (Allocation Failure)  85573K->677K(427008K), 0.0004264 secs]
37.643: Total time for which application threads were stopped: 0.0005385 seconds, Stopping threads took: 0.0000194 seconds
37.696: [GC (Allocation Failure)  84133K->709K(425472K), 0.0005892 secs]
37.697: Total time for which application threads were stopped: 0.0007344 seconds, Stopping threads took: 0.0000214 seconds
37.748: [GC (Allocation Failure)  82629K->613K(423936K), 0.0005621 secs]
37.749: Total time for which application threads were stopped: 0.0006946 seconds, Stopping threads took: 0.0000218 seconds
37.805: [GC (Allocation Failure)  80997K->645K(422400K), 0.0005975 secs]
37.805: Total time for which application threads were stopped: 0.0007184 seconds, Stopping threads took: 0.0000197 seconds
37.859: [GC (Allocation Failure)  79493K->677K(421376K), 0.0005023 secs]
37.860: Total time for which application threads were stopped: 0.0006184 seconds, Stopping threads took: 0.0000195 seconds
37.914: [GC (Allocation Failure)  78501K->645K(420352K), 0.0004412 secs]
37.915: Total time for which application threads were stopped: 0.0005583 seconds, Stopping threads took: 0.0000173 seconds
37.966: [GC (Allocation Failure)  77445K->709K(419328K), 0.0004905 secs]
37.967: Total time for which application threads were stopped: 0.0006067 seconds, Stopping threads took: 0.0000187 seconds
38.014: [GC (Allocation Failure)  76485K->645K(418304K), 0.0005676 secs]
38.015: Total time for which application threads were stopped: 0.0006874 seconds, Stopping threads took: 0.0000195 seconds
38.062: [GC (Allocation Failure)  75397K->677K(417280K), 0.0005614 secs]
38.062: Total time for which application threads were stopped: 0.0006800 seconds, Stopping threads took: 0.0000191 seconds
38.114: [GC (Allocation Failure)  74405K->677K(416256K), 0.0004745 secs]
38.115: Total time for which application threads were stopped: 0.0005850 seconds, Stopping threads took: 0.0000190 seconds
38.161: [GC (Allocation Failure)  73381K->677K(415232K), 0.0004173 secs]
38.161: Total time for which application threads were stopped: 0.0005395 seconds, Stopping threads took: 0.0000195 seconds
38.206: [GC (Allocation Failure)  72357K->645K(414208K), 0.0005354 secs]
38.207: Total time for which application threads were stopped: 0.0006642 seconds, Stopping threads took: 0.0000277 seconds
38.251: [GC (Allocation Failure)  71301K->645K(413184K), 0.0006733 secs]
38.252: Total time for which application threads were stopped: 0.0008184 seconds, Stopping threads took: 0.0000215 seconds
38.296: [GC (Allocation Failure)  70277K->677K(412160K), 0.0003853 secs]
38.296: Total time for which application threads were stopped: 0.0005063 seconds, Stopping threads took: 0.0000276 seconds
38.340: [GC (Allocation Failure)  69285K->741K(411136K), 0.0006125 secs]
38.340: Total time for which application threads were stopped: 0.0007499 seconds, Stopping threads took: 0.0000260 seconds
38.384: [GC (Allocation Failure)  68325K->645K(410112K), 0.0005033 secs]
38.384: Total time for which application threads were stopped: 0.0006288 seconds, Stopping threads took: 0.0000273 seconds
38.430: [GC (Allocation Failure)  67205K->645K(423424K), 0.0005550 secs]
38.431: Total time for which application threads were stopped: 0.0006619 seconds, Stopping threads took: 0.0000175 seconds
38.481: [GC (Allocation Failure)  80517K->645K(422400K), 0.0004317 secs]
38.481: Total time for which application threads were stopped: 0.0005421 seconds, Stopping threads took: 0.0000169 seconds
38.537: [GC (Allocation Failure)  79493K->613K(421376K), 0.0006084 secs]
38.538: Total time for which application threads were stopped: 0.0007871 seconds, Stopping threads took: 0.0000195 seconds
38.587: [GC (Allocation Failure)  78437K->677K(420352K), 0.0005686 secs]
38.587: Total time for which application threads were stopped: 0.0007050 seconds, Stopping threads took: 0.0000278 seconds
38.641: [GC (Allocation Failure)  77477K->645K(435712K), 0.0016714 secs]
38.643: Total time for which application threads were stopped: 0.0018026 seconds, Stopping threads took: 0.0000273 seconds
38.701: [GC (Allocation Failure)  92805K->677K(454144K), 0.0004482 secs]
38.701: Total time for which application threads were stopped: 0.0005687 seconds, Stopping threads took: 0.0000193 seconds
38.770: [GC (Allocation Failure)  111269K->677K(476672K), 0.0005835 secs]
38.771: Total time for which application threads were stopped: 0.0007033 seconds, Stopping threads took: 0.0000190 seconds
38.856: [GC (Allocation Failure)  133797K->709K(473600K), 0.0005493 secs]
38.857: Total time for which application threads were stopped: 0.0006750 seconds, Stopping threads took: 0.0000260 seconds
38.943: [GC (Allocation Failure)  130757K->613K(470528K), 0.0004995 secs]
38.944: Total time for which application threads were stopped: 0.0006286 seconds, Stopping threads took: 0.0000278 seconds
39.023: [GC (Allocation Failure)  127589K->645K(467456K), 0.0005965 secs]
39.024: Total time for which application threads were stopped: 0.0007427 seconds, Stopping threads took: 0.0000286 seconds
39.101: [GC (Allocation Failure)  124549K->645K(464896K), 0.0005592 secs]
39.102: Total time for which application threads were stopped: 0.0007111 seconds, Stopping threads took: 0.0000225 seconds
39.183: [GC (Allocation Failure)  121989K->741K(462336K), 0.0005709 secs]
39.183: Total time for which application threads were stopped: 0.0006915 seconds, Stopping threads took: 0.0000199 seconds
39.264: [GC (Allocation Failure)  119525K->709K(459776K), 0.0006217 secs]
39.264: Total time for which application threads were stopped: 0.0007731 seconds, Stopping threads took: 0.0000303 seconds
39.344: [GC (Allocation Failure)  116933K->645K(457216K), 0.0004295 secs]
39.344: Total time for which application threads were stopped: 0.0005554 seconds, Stopping threads took: 0.0000264 seconds
39.419: [GC (Allocation Failure)  114309K->613K(454656K), 0.0004816 secs]
39.419: Total time for which application threads were stopped: 0.0006184 seconds, Stopping threads took: 0.0000270 seconds
39.489: [GC (Allocation Failure)  111717K->709K(452096K), 0.0007357 secs]
39.490: Total time for which application threads were stopped: 0.0008567 seconds, Stopping threads took: 0.0000200 seconds
39.565: [GC (Allocation Failure)  109253K->613K(450048K), 0.0006273 secs]
39.565: Total time for which application threads were stopped: 0.0007783 seconds, Stopping threads took: 0.0000197 seconds
39.638: [GC (Allocation Failure)  107109K->645K(448000K), 0.0005092 secs]
39.638: Total time for which application threads were stopped: 0.0006557 seconds, Stopping threads took: 0.0000223 seconds
39.704: [GC (Allocation Failure)  105093K->677K(445952K), 0.0005480 secs]
39.704: Total time for which application threads were stopped: 0.0006775 seconds, Stopping threads took: 0.0000281 seconds
39.769: [GC (Allocation Failure)  103077K->645K(443904K), 0.0004885 secs]
39.769: Total time for which application threads were stopped: 0.0006241 seconds, Stopping threads took: 0.0000194 seconds
39.834: [GC (Allocation Failure)  100997K->645K(441856K), 0.0004528 secs]
39.835: Total time for which application threads were stopped: 0.0005817 seconds, Stopping threads took: 0.0000261 seconds
39.902: [GC (Allocation Failure)  98949K->677K(439808K), 0.0004969 secs]
39.902: Total time for which application threads were stopped: 0.0006475 seconds, Stopping threads took: 0.0000371 seconds
39.963: [GC (Allocation Failure)  96933K->709K(437760K), 0.0005377 secs]
39.963: Total time for which application threads were stopped: 0.0006694 seconds, Stopping threads took: 0.0000214 seconds
40.022: [GC (Allocation Failure)  94917K->709K(436224K), 0.0004919 secs]
40.023: Total time for which application threads were stopped: 0.0006178 seconds, Stopping threads took: 0.0000179 seconds
40.081: [GC (Allocation Failure)  93381K->677K(434688K), 0.0007008 secs]
40.082: Total time for which application threads were stopped: 0.0008419 seconds, Stopping threads took: 0.0000208 seconds
40.139: [GC (Allocation Failure)  91813K->709K(433152K), 0.0004963 secs]
40.140: Total time for which application threads were stopped: 0.0006157 seconds, Stopping threads took: 0.0000193 seconds
40.196: [GC (Allocation Failure)  90309K->645K(431616K), 0.0006869 secs]
40.197: Total time for which application threads were stopped: 0.0008219 seconds, Stopping threads took: 0.0000213 seconds
40.252: [GC (Allocation Failure)  88709K->677K(430080K), 0.0005251 secs]
40.253: Total time for which application threads were stopped: 0.0006774 seconds, Stopping threads took: 0.0000298 seconds
40.311: [GC (Allocation Failure)  87205K->645K(428544K), 0.0004836 secs]
40.312: Total time for which application threads were stopped: 0.0006137 seconds, Stopping threads took: 0.0000274 seconds
40.366: [GC (Allocation Failure)  85637K->677K(427008K), 0.0004745 secs]
40.366: Total time for which application threads were stopped: 0.0006087 seconds, Stopping threads took: 0.0000253 seconds
40.419: [GC (Allocation Failure)  84133K->709K(425472K), 0.0007661 secs]
40.420: Total time for which application threads were stopped: 0.0008843 seconds, Stopping threads took: 0.0000192 seconds
40.472: [GC (Allocation Failure)  82629K->613K(423936K), 0.0004997 secs]
40.473: Total time for which application threads were stopped: 0.0006436 seconds, Stopping threads took: 0.0000306 seconds
40.528: [GC (Allocation Failure)  80997K->709K(422400K), 0.0007947 secs]
40.529: Total time for which application threads were stopped: 0.0009137 seconds, Stopping threads took: 0.0000190 seconds
40.579: [GC (Allocation Failure)  79557K->645K(421376K), 0.0004924 secs]
40.579: Total time for which application threads were stopped: 0.0006307 seconds, Stopping threads took: 0.0000202 seconds
40.629: [GC (Allocation Failure)  78469K->741K(420352K), 0.0005138 secs]
40.629: Total time for which application threads were stopped: 0.0006282 seconds, Stopping threads took: 0.0000169 seconds
40.681: [GC (Allocation Failure)  77541K->677K(419328K), 0.0004277 secs]
40.681: Total time for which application threads were stopped: 0.0005363 seconds, Stopping threads took: 0.0000172 seconds
40.729: [GC (Allocation Failure)  76453K->741K(418304K), 0.0005995 secs]
40.730: Total time for which application threads were stopped: 0.0007199 seconds, Stopping threads took: 0.0000199 seconds
40.780: [GC (Allocation Failure)  75493K->741K(417280K), 0.0005839 secs]
40.781: Total time for which application threads were stopped: 0.0007013 seconds, Stopping threads took: 0.0000198 seconds
40.832: [GC (Allocation Failure)  74469K->677K(416256K), 0.0005017 secs]
40.832: Total time for which application threads were stopped: 0.0006226 seconds, Stopping threads took: 0.0000195 seconds
40.878: [GC (Allocation Failure)  73381K->645K(415232K), 0.0004735 secs]
40.879: Total time for which application threads were stopped: 0.0006073 seconds, Stopping threads took: 0.0000298 seconds
40.928: [GC (Allocation Failure)  72325K->645K(414208K), 0.0005771 secs]
40.928: Total time for which application threads were stopped: 0.0006886 seconds, Stopping threads took: 0.0000171 seconds
40.973: [GC (Allocation Failure)  71301K->645K(413184K), 0.0005526 secs]
40.974: Total time for which application threads were stopped: 0.0006806 seconds, Stopping threads took: 0.0000271 seconds
41.024: [GC (Allocation Failure)  70277K->645K(412160K), 0.0004785 secs]
41.024: Total time for which application threads were stopped: 0.0006038 seconds, Stopping threads took: 0.0000275 seconds
41.068: [GC (Allocation Failure)  69253K->613K(425984K), 0.0006327 secs]
41.068: Total time for which application threads were stopped: 0.0007555 seconds, Stopping threads took: 0.0000191 seconds
41.120: [GC (Allocation Failure)  83045K->677K(424448K), 0.0004651 secs]
41.120: Total time for which application threads were stopped: 0.0006099 seconds, Stopping threads took: 0.0000253 seconds
41.179: [GC (Allocation Failure)  81573K->645K(422912K), 0.0004550 secs]
41.179: Total time for which application threads were stopped: 0.0005645 seconds, Stopping threads took: 0.0000171 seconds
41.229: [GC (Allocation Failure)  80005K->677K(421888K), 0.0004886 secs]
41.230: Total time for which application threads were stopped: 0.0006204 seconds, Stopping threads took: 0.0000287 seconds
41.279: [GC (Allocation Failure)  79013K->613K(420864K), 0.0006712 secs]
41.280: Total time for which application threads were stopped: 0.0008193 seconds, Stopping threads took: 0.0000213 seconds
41.335: [GC (Allocation Failure)  77925K->645K(419840K), 0.0005457 secs]
41.336: Total time for which application threads were stopped: 0.0006864 seconds, Stopping threads took: 0.0000265 seconds
41.385: [GC (Allocation Failure)  76933K->645K(418816K), 0.0005405 secs]
41.386: Total time for which application threads were stopped: 0.0006603 seconds, Stopping threads took: 0.0000199 seconds
41.433: [GC (Allocation Failure)  75909K->645K(417792K), 0.0005223 secs]
41.434: Total time for which application threads were stopped: 0.0006667 seconds, Stopping threads took: 0.0000213 seconds
41.487: [GC (Allocation Failure)  74885K->645K(416768K), 0.0004781 secs]
41.488: Total time for which application threads were stopped: 0.0006232 seconds, Stopping threads took: 0.0000285 seconds
41.534: [GC (Allocation Failure)  73861K->677K(415744K), 0.0004851 secs]
41.534: Total time for which application threads were stopped: 0.0006326 seconds, Stopping threads took: 0.0000221 seconds
41.580: [GC (Allocation Failure)  72869K->645K(414720K), 0.0005155 secs]
41.581: Total time for which application threads were stopped: 0.0006617 seconds, Stopping threads took: 0.0000218 seconds
41.625: [GC (Allocation Failure)  71813K->677K(413696K), 0.0005679 secs]
41.626: Total time for which application threads were stopped: 0.0006957 seconds, Stopping threads took: 0.0000273 seconds
41.670: [GC (Allocation Failure)  70821K->645K(412672K), 0.0004685 secs]
41.671: Total time for which application threads were stopped: 0.0006145 seconds, Stopping threads took: 0.0000279 seconds
41.721: [GC (Allocation Failure)  69765K->645K(411648K), 0.0004504 secs]
41.722: Total time for which application threads were stopped: 0.0005694 seconds, Stopping threads took: 0.0000193 seconds
41.770: [GC (Allocation Failure)  68741K->613K(410624K), 0.0004715 secs]
41.770: Total time for which application threads were stopped: 0.0005788 seconds, Stopping threads took: 0.0000169 seconds
41.816: [GC (Allocation Failure)  67685K->645K(409600K), 0.0003802 secs]
41.817: Total time for which application threads were stopped: 0.0004951 seconds, Stopping threads took: 0.0000253 seconds
41.859: [GC (Allocation Failure)  66693K->645K(408576K), 0.0003604 secs]
41.860: Total time for which application threads were stopped: 0.0004582 seconds, Stopping threads took: 0.0000163 seconds
41.901: [GC (Allocation Failure)  65669K->677K(407552K), 0.0006331 secs]
41.902: Total time for which application threads were stopped: 0.0007646 seconds, Stopping threads took: 0.0000260 seconds
41.948: [GC (Allocation Failure)  64677K->677K(406528K), 0.0004701 secs]
41.948: Total time for which application threads were stopped: 0.0005991 seconds, Stopping threads took: 0.0000262 seconds
41.988: [GC (Allocation Failure)  63653K->677K(405504K), 0.0005095 secs]
41.989: Total time for which application threads were stopped: 0.0006320 seconds, Stopping threads took: 0.0000202 seconds
42.028: [GC (Allocation Failure)  62629K->709K(418304K), 0.0005751 secs]
42.028: Total time for which application threads were stopped: 0.0007103 seconds, Stopping threads took: 0.0000217 seconds
42.075: [GC (Allocation Failure)  75461K->709K(433664K), 0.0005193 secs]
42.076: Total time for which application threads were stopped: 0.0006663 seconds, Stopping threads took: 0.0000297 seconds
42.132: [GC (Allocation Failure)  90821K->709K(432128K), 0.0005245 secs]
42.133: Total time for which application threads were stopped: 0.0006698 seconds, Stopping threads took: 0.0000225 seconds
42.189: [GC (Allocation Failure)  89285K->677K(430592K), 0.0005472 secs]
42.189: Total time for which application threads were stopped: 0.0006909 seconds, Stopping threads took: 0.0000217 seconds
42.244: [GC (Allocation Failure)  87717K->677K(429056K), 0.0005284 secs]
42.245: Total time for which application threads were stopped: 0.0006900 seconds, Stopping threads took: 0.0000307 seconds
42.298: [GC (Allocation Failure)  86181K->645K(427520K), 0.0004668 secs]
42.299: Total time for which application threads were stopped: 0.0005906 seconds, Stopping threads took: 0.0000209 seconds
42.356: [GC (Allocation Failure)  84613K->645K(425984K), 0.0005036 secs]
42.357: Total time for which application threads were stopped: 0.0006299 seconds, Stopping threads took: 0.0000266 seconds
42.409: [GC (Allocation Failure)  83077K->677K(424448K), 0.0004762 secs]
42.410: Total time for which application threads were stopped: 0.0005955 seconds, Stopping threads took: 0.0000193 seconds
42.461: [GC (Allocation Failure)  81573K->645K(422912K), 0.0005335 secs]
42.461: Total time for which application threads were stopped: 0.0006509 seconds, Stopping threads took: 0.0000194 seconds
42.517: [GC (Allocation Failure)  80005K->581K(421888K), 0.0004856 secs]
42.518: Total time for which application threads were stopped: 0.0006033 seconds, Stopping threads took: 0.0000193 seconds
42.572: [GC (Allocation Failure)  78917K->645K(420864K), 0.0004355 secs]
42.572: Total time for which application threads were stopped: 0.0005403 seconds, Stopping threads took: 0.0000167 seconds
42.621: [GC (Allocation Failure)  77957K->645K(419840K), 0.0004186 secs]
42.622: Total time for which application threads were stopped: 0.0005231 seconds, Stopping threads took: 0.0000160 seconds
42.670: [GC (Allocation Failure)  76933K->645K(418816K), 0.0004178 secs]
42.670: Total time for which application threads were stopped: 0.0005262 seconds, Stopping threads took: 0.0000170 seconds
42.718: [GC (Allocation Failure)  75909K->645K(417792K), 0.0003855 secs]
42.718: Total time for which application threads were stopped: 0.0005017 seconds, Stopping threads took: 0.0000167 seconds
42.765: [GC (Allocation Failure)  74885K->677K(416768K), 0.0004911 secs]
42.766: Total time for which application threads were stopped: 0.0006190 seconds, Stopping threads took: 0.0000279 seconds
42.813: [GC (Allocation Failure)  73893K->645K(415744K), 0.0004189 secs]
42.813: Total time for which application threads were stopped: 0.0005550 seconds, Stopping threads took: 0.0000263 seconds
42.860: [GC (Allocation Failure)  72837K->677K(414720K), 0.0006909 secs]
42.861: Total time for which application threads were stopped: 0.0008254 seconds, Stopping threads took: 0.0000248 seconds
42.906: [GC (Allocation Failure)  71845K->645K(413696K), 0.0005363 secs]
42.907: Total time for which application threads were stopped: 0.0006913 seconds, Stopping threads took: 0.0000302 seconds
42.951: [GC (Allocation Failure)  70789K->677K(412672K), 0.0005036 secs]
42.951: Total time for which application threads were stopped: 0.0006418 seconds, Stopping threads took: 0.0000215 seconds
43.001: [GC (Allocation Failure)  69797K->677K(411648K), 0.0005366 secs]
43.001: Total time for which application threads were stopped: 0.0006868 seconds, Stopping threads took: 0.0000225 seconds
43.044: [GC (Allocation Failure)  68773K->645K(410624K), 0.0005169 secs]
43.045: Total time for which application threads were stopped: 0.0006697 seconds, Stopping threads took: 0.0000227 seconds
43.087: [GC (Allocation Failure)  67717K->613K(409600K), 0.0004891 secs]
43.088: Total time for which application threads were stopped: 0.0006427 seconds, Stopping threads took: 0.0000302 seconds
43.129: [GC (Allocation Failure)  66661K->709K(422912K), 0.0005838 secs]
43.130: Total time for which application threads were stopped: 0.0007369 seconds, Stopping threads took: 0.0000306 seconds
43.186: [GC (Allocation Failure)  80069K->677K(421888K), 0.0006027 secs]
43.187: Total time for which application threads were stopped: 0.0007608 seconds, Stopping threads took: 0.0000313 seconds
43.236: [GC (Allocation Failure)  79013K->677K(420864K), 0.0004693 secs]
43.237: Total time for which application threads were stopped: 0.0005973 seconds, Stopping threads took: 0.0000277 seconds
43.285: [GC (Allocation Failure)  77989K->645K(419840K), 0.0005311 secs]
43.286: Total time for which application threads were stopped: 0.0006818 seconds, Stopping threads took: 0.0000296 seconds
43.335: [GC (Allocation Failure)  76933K->613K(418816K), 0.0004271 secs]
43.335: Total time for which application threads were stopped: 0.0005497 seconds, Stopping threads took: 0.0000200 seconds
43.383: [GC (Allocation Failure)  75877K->645K(417792K), 0.0005997 secs]
43.384: Total time for which application threads were stopped: 0.0007095 seconds, Stopping threads took: 0.0000253 seconds
43.431: [GC (Allocation Failure)  74885K->677K(416768K), 0.0004821 secs]
43.431: Total time for which application threads were stopped: 0.0006104 seconds, Stopping threads took: 0.0000276 seconds
43.477: [GC (Allocation Failure)  73893K->677K(415744K), 0.0005805 secs]
43.478: Total time for which application threads were stopped: 0.0007100 seconds, Stopping threads took: 0.0000202 seconds
43.523: [GC (Allocation Failure)  72869K->613K(430592K), 0.0006414 secs]
43.524: Total time for which application threads were stopped: 0.0007801 seconds, Stopping threads took: 0.0000207 seconds
43.579: [GC (Allocation Failure)  87653K->677K(429056K), 0.0004915 secs]
43.579: Total time for which application threads were stopped: 0.0006296 seconds, Stopping threads took: 0.0000213 seconds
43.633: [GC (Allocation Failure)  86181K->645K(427520K), 0.0005169 secs]
43.634: Total time for which application threads were stopped: 0.0006388 seconds, Stopping threads took: 0.0000198 seconds
43.691: [GC (Allocation Failure)  84613K->645K(425984K), 0.0005253 secs]
43.692: Total time for which application threads were stopped: 0.0006456 seconds, Stopping threads took: 0.0000256 seconds
43.746: [GC (Allocation Failure)  83077K->613K(424448K), 0.0006042 secs]
43.747: Total time for which application threads were stopped: 0.0007383 seconds, Stopping threads took: 0.0000285 seconds
43.804: [GC (Allocation Failure)  81509K->645K(422912K), 0.0004194 secs]
43.804: Total time for which application threads were stopped: 0.0005477 seconds, Stopping threads took: 0.0000275 seconds
43.854: [GC (Allocation Failure)  80005K->613K(421888K), 0.0004371 secs]
43.854: Total time for which application threads were stopped: 0.0005606 seconds, Stopping threads took: 0.0000259 seconds
43.904: [GC (Allocation Failure)  78949K->677K(420864K), 0.0004537 secs]
43.904: Total time for which application threads were stopped: 0.0005818 seconds, Stopping threads took: 0.0000274 seconds
43.959: [GC (Allocation Failure)  77989K->677K(419840K), 0.0004244 secs]
43.959: Total time for which application threads were stopped: 0.0005528 seconds, Stopping threads took: 0.0000277 seconds
44.007: [GC (Allocation Failure)  76965K->677K(418816K), 0.0004791 secs]
44.008: Total time for which application threads were stopped: 0.0005990 seconds, Stopping threads took: 0.0000197 seconds
44.062: [GC (Allocation Failure)  75941K->645K(417792K), 0.0005074 secs]
44.063: Total time for which application threads were stopped: 0.0006286 seconds, Stopping threads took: 0.0000196 seconds
44.109: [GC (Allocation Failure)  74885K->677K(416768K), 0.0005299 secs]
44.110: Total time for which application threads were stopped: 0.0006498 seconds, Stopping threads took: 0.0000191 seconds
44.156: [GC (Allocation Failure)  73893K->709K(415744K), 0.0005144 secs]
44.157: Total time for which application threads were stopped: 0.0006427 seconds, Stopping threads took: 0.0000195 seconds
44.207: [GC (Allocation Failure)  72901K->677K(414720K), 0.0004683 secs]
44.208: Total time for which application threads were stopped: 0.0006001 seconds, Stopping threads took: 0.0000289 seconds
44.258: [GC (Allocation Failure)  71845K->645K(413696K), 0.0005413 secs]
44.259: Total time for which application threads were stopped: 0.0006596 seconds, Stopping threads took: 0.0000169 seconds
44.309: [GC (Allocation Failure)  70789K->645K(412672K), 0.0003903 secs]
44.310: Total time for which application threads were stopped: 0.0005146 seconds, Stopping threads took: 0.0000262 seconds
44.357: [GC (Allocation Failure)  69765K->613K(411648K), 0.0004560 secs]
44.357: Total time for which application threads were stopped: 0.0005600 seconds, Stopping threads took: 0.0000156 seconds
44.403: [GC (Allocation Failure)  68709K->613K(410624K), 0.0006020 secs]
44.404: Total time for which application threads were stopped: 0.0007306 seconds, Stopping threads took: 0.0000277 seconds
44.446: [GC (Allocation Failure)  67685K->709K(424448K), 0.0006694 secs]
44.446: Total time for which application threads were stopped: 0.0007899 seconds, Stopping threads took: 0.0000198 seconds
44.503: [GC (Allocation Failure)  81605K->645K(440832K), 0.0006622 secs]
44.504: Total time for which application threads were stopped: 0.0007886 seconds, Stopping threads took: 0.0000277 seconds
44.565: [GC (Allocation Failure)  97925K->613K(438784K), 0.0006074 secs]
44.565: Total time for which application threads were stopped: 0.0007234 seconds, Stopping threads took: 0.0000190 seconds
44.625: [GC (Allocation Failure)  95845K->677K(437248K), 0.0004456 secs]
44.626: Total time for which application threads were stopped: 0.0005656 seconds, Stopping threads took: 0.0000195 seconds
44.684: [GC (Allocation Failure)  94373K->645K(435712K), 0.0005113 secs]
44.685: Total time for which application threads were stopped: 0.0006569 seconds, Stopping threads took: 0.0000192 seconds
44.747: [GC (Allocation Failure)  92805K->645K(434176K), 0.0004541 secs]
44.747: Total time for which application threads were stopped: 0.0005710 seconds, Stopping threads took: 0.0000190 seconds
44.805: [GC (Allocation Failure)  91269K->645K(432640K), 0.0004073 secs]
44.805: Total time for which application threads were stopped: 0.0005192 seconds, Stopping threads took: 0.0000193 seconds
44.861: [GC (Allocation Failure)  89733K->709K(431104K), 0.0005246 secs]
44.862: Total time for which application threads were stopped: 0.0006458 seconds, Stopping threads took: 0.0000194 seconds
44.923: [GC (Allocation Failure)  88261K->677K(429568K), 0.0005056 secs]
44.923: Total time for which application threads were stopped: 0.0006551 seconds, Stopping threads took: 0.0000286 seconds
44.981: [GC (Allocation Failure)  86693K->645K(428032K), 0.0004537 secs]
44.981: Total time for which application threads were stopped: 0.0005817 seconds, Stopping threads took: 0.0000170 seconds
45.038: [GC (Allocation Failure)  85125K->677K(426496K), 0.0005388 secs]
45.038: Total time for which application threads were stopped: 0.0006554 seconds, Stopping threads took: 0.0000191 seconds
45.090: [GC (Allocation Failure)  83621K->741K(424960K), 0.0005004 secs]
45.091: Total time for which application threads were stopped: 0.0006251 seconds, Stopping threads took: 0.0000199 seconds
45.142: [GC (Allocation Failure)  82149K->677K(423424K), 0.0004734 secs]
45.143: Total time for which application threads were stopped: 0.0006051 seconds, Stopping threads took: 0.0000279 seconds
45.193: [GC (Allocation Failure)  80549K->677K(422400K), 0.0006667 secs]
45.194: Total time for which application threads were stopped: 0.0008103 seconds, Stopping threads took: 0.0000207 seconds
45.250: [GC (Allocation Failure)  79525K->709K(421376K), 0.0005031 secs]
45.250: Total time for which application threads were stopped: 0.0006419 seconds, Stopping threads took: 0.0000219 seconds
45.300: [GC (Allocation Failure)  78533K->677K(420352K), 0.0004354 secs]
45.300: Total time for which application threads were stopped: 0.0005636 seconds, Stopping threads took: 0.0000209 seconds
45.349: [GC (Allocation Failure)  77477K->677K(435712K), 0.0052348 secs]
45.354: Total time for which application threads were stopped: 0.0053830 seconds, Stopping threads took: 0.0000274 seconds
45.414: [GC (Allocation Failure)  92837K->677K(454144K), 0.0004896 secs]
45.415: Total time for which application threads were stopped: 0.0006193 seconds, Stopping threads took: 0.0000200 seconds
45.484: [GC (Allocation Failure)  111269K->645K(476672K), 0.0006666 secs]
45.485: Total time for which application threads were stopped: 0.0007764 seconds, Stopping threads took: 0.0000172 seconds
45.568: [GC (Allocation Failure)  133765K->677K(503296K), 0.0004558 secs]
45.569: Total time for which application threads were stopped: 0.0005777 seconds, Stopping threads took: 0.0000200 seconds
45.675: [GC (Allocation Failure)  160421K->613K(535552K), 0.0004208 secs]
45.675: Total time for which application threads were stopped: 0.0005290 seconds, Stopping threads took: 0.0000172 seconds
45.795: [GC (Allocation Failure)  192613K->677K(558592K), 0.0005232 secs]
45.796: Total time for which application threads were stopped: 0.0006429 seconds, Stopping threads took: 0.0000199 seconds
45.930: [GC (Allocation Failure)  215717K->677K(551936K), 0.0004349 secs]
45.931: Total time for which application threads were stopped: 0.0005548 seconds, Stopping threads took: 0.0000209 seconds
46.064: [GC (Allocation Failure)  209061K->613K(545792K), 0.0006456 secs]
46.065: Total time for which application threads were stopped: 0.0007733 seconds, Stopping threads took: 0.0000275 seconds
46.191: [GC (Allocation Failure)  202853K->677K(539648K), 0.0004430 secs]
46.191: Total time for which application threads were stopped: 0.0005658 seconds, Stopping threads took: 0.0000210 seconds
46.320: [GC (Allocation Failure)  196773K->645K(534016K), 0.0004835 secs]
46.320: Total time for which application threads were stopped: 0.0006073 seconds, Stopping threads took: 0.0000269 seconds
46.445: [GC (Allocation Failure)  191109K->645K(528384K), 0.0004344 secs]
46.446: Total time for which application threads were stopped: 0.0005518 seconds, Stopping threads took: 0.0000175 seconds
46.561: [GC (Allocation Failure)  185477K->677K(523264K), 0.0004934 secs]
46.562: Total time for which application threads were stopped: 0.0006103 seconds, Stopping threads took: 0.0000186 seconds
46.674: [GC (Allocation Failure)  180389K->677K(518144K), 0.0004607 secs]
46.674: Total time for which application threads were stopped: 0.0005789 seconds, Stopping threads took: 0.0000193 seconds
46.783: [GC (Allocation Failure)  175269K->677K(513536K), 0.0004986 secs]
46.784: Total time for which application threads were stopped: 0.0006148 seconds, Stopping threads took: 0.0000187 seconds
46.891: [GC (Allocation Failure)  170661K->613K(508928K), 0.0005030 secs]
46.891: Total time for which application threads were stopped: 0.0006211 seconds, Stopping threads took: 0.0000194 seconds
46.995: [GC (Allocation Failure)  165989K->709K(504320K), 0.0006372 secs]
46.995: Total time for which application threads were stopped: 0.0007714 seconds, Stopping threads took: 0.0000192 seconds
47.101: [GC (Allocation Failure)  161477K->709K(500224K), 0.0005276 secs]
47.101: Total time for which application threads were stopped: 0.0006489 seconds, Stopping threads took: 0.0000189 seconds
47.200: [GC (Allocation Failure)  157381K->613K(496128K), 0.0004412 secs]
47.200: Total time for which application threads were stopped: 0.0005621 seconds, Stopping threads took: 0.0000204 seconds
47.301: [GC (Allocation Failure)  153189K->645K(492032K), 0.0003788 secs]
47.301: Total time for which application threads were stopped: 0.0005039 seconds, Stopping threads took: 0.0000262 seconds
47.397: [GC (Allocation Failure)  149125K->709K(488448K), 0.0007837 secs]
47.398: Total time for which application threads were stopped: 0.0009069 seconds, Stopping threads took: 0.0000204 seconds
47.488: [GC (Allocation Failure)  145605K->677K(484864K), 0.0004701 secs]
47.489: Total time for which application threads were stopped: 0.0005960 seconds, Stopping threads took: 0.0000277 seconds
47.577: [GC (Allocation Failure)  141989K->709K(481280K), 0.0005374 secs]
47.578: Total time for which application threads were stopped: 0.0006543 seconds, Stopping threads took: 0.0000192 seconds
47.663: [GC (Allocation Failure)  138437K->645K(478208K), 0.0004656 secs]
47.664: Total time for which application threads were stopped: 0.0005910 seconds, Stopping threads took: 0.0000271 seconds
47.754: [GC (Allocation Failure)  135301K->677K(475136K), 0.0005089 secs]
47.755: Total time for which application threads were stopped: 0.0006380 seconds, Stopping threads took: 0.0000278 seconds
47.843: [GC (Allocation Failure)  132261K->645K(472064K), 0.0004948 secs]
47.844: Total time for which application threads were stopped: 0.0006197 seconds, Stopping threads took: 0.0000256 seconds
47.929: [GC (Allocation Failure)  129157K->677K(468992K), 0.0005838 secs]
47.930: Total time for which application threads were stopped: 0.0007068 seconds, Stopping threads took: 0.0000215 seconds
48.013: [GC (Allocation Failure)  126117K->645K(465920K), 0.0004933 secs]
48.014: Total time for which application threads were stopped: 0.0006327 seconds, Stopping threads took: 0.0000382 seconds
48.091: [GC (Allocation Failure)  123013K->677K(463360K), 0.0005236 secs]
48.091: Total time for which application threads were stopped: 0.0006517 seconds, Stopping threads took: 0.0000216 seconds
48.166: [GC (Allocation Failure)  120485K->677K(460800K), 0.0005560 secs]
48.167: Total time for which application threads were stopped: 0.0006771 seconds, Stopping threads took: 0.0000203 seconds
48.240: [GC (Allocation Failure)  117925K->645K(458240K), 0.0004825 secs]
48.241: Total time for which application threads were stopped: 0.0006257 seconds, Stopping threads took: 0.0000270 seconds
48.313: [GC (Allocation Failure)  115333K->645K(455680K), 0.0004265 secs]
48.314: Total time for which application threads were stopped: 0.0005592 seconds, Stopping threads took: 0.0000265 seconds
48.385: [GC (Allocation Failure)  112773K->677K(453120K), 0.0004563 secs]
48.386: Total time for which application threads were stopped: 0.0005901 seconds, Stopping threads took: 0.0000193 seconds
48.454: [GC (Allocation Failure)  110245K->677K(451072K), 0.0004715 secs]
48.455: Total time for which application threads were stopped: 0.0005993 seconds, Stopping threads took: 0.0000271 seconds
48.522: [GC (Allocation Failure)  108197K->645K(449024K), 0.0005559 secs]
48.523: Total time for which application threads were stopped: 0.0007003 seconds, Stopping threads took: 0.0000289 seconds
48.595: [GC (Allocation Failure)  106117K->613K(446976K), 0.0006102 secs]
48.596: Total time for which application threads were stopped: 0.0007346 seconds, Stopping threads took: 0.0000215 seconds
48.666: [GC (Allocation Failure)  104037K->645K(444928K), 0.0005096 secs]
48.667: Total time for which application threads were stopped: 0.0006211 seconds, Stopping threads took: 0.0000170 seconds
48.730: [GC (Allocation Failure)  102021K->677K(442880K), 0.0005431 secs]
48.731: Total time for which application threads were stopped: 0.0006598 seconds, Stopping threads took: 0.0000195 seconds
48.799: [GC (Allocation Failure)  100005K->677K(440832K), 0.0006047 secs]
48.800: Total time for which application threads were stopped: 0.0007531 seconds, Stopping threads took: 0.0000222 seconds
48.863: [GC (Allocation Failure)  97957K->645K(438784K), 0.0003919 secs]
48.864: Total time for which application threads were stopped: 0.0005111 seconds, Stopping threads took: 0.0000256 seconds
48.924: [GC (Allocation Failure)  95877K->741K(437248K), 0.0004915 secs]
48.924: Total time for which application threads were stopped: 0.0006150 seconds, Stopping threads took: 0.0000201 seconds
48.983: [GC (Allocation Failure)  94437K->677K(435712K), 0.0004933 secs]
48.984: Total time for which application threads were stopped: 0.0006124 seconds, Stopping threads took: 0.0000188 seconds
49.042: [GC (Allocation Failure)  92837K->645K(434176K), 0.0005078 secs]
49.042: Total time for which application threads were stopped: 0.0006563 seconds, Stopping threads took: 0.0000287 seconds
49.105: [GC (Allocation Failure)  91269K->709K(432640K), 0.0005628 secs]
49.105: Total time for which application threads were stopped: 0.0006861 seconds, Stopping threads took: 0.0000202 seconds
49.167: [GC (Allocation Failure)  89797K->741K(431104K), 0.0004926 secs]
49.168: Total time for which application threads were stopped: 0.0006163 seconds, Stopping threads took: 0.0000192 seconds
49.228: [GC (Allocation Failure)  88293K->645K(429568K), 0.0004687 secs]
49.228: Total time for which application threads were stopped: 0.0005889 seconds, Stopping threads took: 0.0000193 seconds
49.288: [GC (Allocation Failure)  86661K->677K(428032K), 0.0005426 secs]
49.288: Total time for which application threads were stopped: 0.0006930 seconds, Stopping threads took: 0.0000290 seconds
49.342: [GC (Allocation Failure)  85157K->677K(426496K), 0.0005282 secs]
49.342: Total time for which application threads were stopped: 0.0006467 seconds, Stopping threads took: 0.0000194 seconds
49.399: [GC (Allocation Failure)  83621K->645K(424960K), 0.0005393 secs]
49.400: Total time for which application threads were stopped: 0.0006603 seconds, Stopping threads took: 0.0000194 seconds
49.451: [GC (Allocation Failure)  82053K->645K(423424K), 0.0004713 secs]
49.452: Total time for which application threads were stopped: 0.0005914 seconds, Stopping threads took: 0.0000198 seconds
49.502: [GC (Allocation Failure)  80517K->645K(422400K), 0.0004856 secs]
49.502: Total time for which application threads were stopped: 0.0006151 seconds, Stopping threads took: 0.0000272 seconds
49.555: [GC (Allocation Failure)  79493K->677K(421376K), 0.0006901 secs]
49.556: Total time for which application threads were stopped: 0.0008360 seconds, Stopping threads took: 0.0000294 seconds
49.605: [GC (Allocation Failure)  78501K->677K(420352K), 0.0005016 secs]
49.606: Total time for which application threads were stopped: 0.0006306 seconds, Stopping threads took: 0.0000275 seconds
49.654: [GC (Allocation Failure)  77477K->645K(419328K), 0.0005489 secs]
49.655: Total time for which application threads were stopped: 0.0006924 seconds, Stopping threads took: 0.0000214 seconds
49.702: [GC (Allocation Failure)  76421K->677K(418304K), 0.0004462 secs]
49.703: Total time for which application threads were stopped: 0.0005638 seconds, Stopping threads took: 0.0000201 seconds
49.750: [GC (Allocation Failure)  75429K->677K(417280K), 0.0005013 secs]
49.751: Total time for which application threads were stopped: 0.0006379 seconds, Stopping threads took: 0.0000282 seconds
49.797: [GC (Allocation Failure)  74405K->645K(416256K), 0.0005285 secs]
49.798: Total time for which application threads were stopped: 0.0006740 seconds, Stopping threads took: 0.0000214 seconds
49.849: [GC (Allocation Failure)  73349K->645K(415232K), 0.0005725 secs]
49.850: Total time for which application threads were stopped: 0.0007312 seconds, Stopping threads took: 0.0000269 seconds
49.895: [GC (Allocation Failure)  72325K->677K(414208K), 0.0006503 secs]
49.896: Total time for which application threads were stopped: 0.0007969 seconds, Stopping threads took: 0.0000257 seconds
49.940: [GC (Allocation Failure)  71333K->645K(413184K), 0.0005337 secs]
49.941: Total time for which application threads were stopped: 0.0006945 seconds, Stopping threads took: 0.0000299 seconds
49.990: [GC (Allocation Failure)  70277K->645K(427520K), 0.0006213 secs]
49.991: Total time for which application threads were stopped: 0.0007714 seconds, Stopping threads took: 0.0000222 seconds
50.044: [GC (Allocation Failure)  84613K->677K(425984K), 0.0004501 secs]
50.045: Total time for which application threads were stopped: 0.0005806 seconds, Stopping threads took: 0.0000218 seconds
50.101: [GC (Allocation Failure)  83109K->709K(424448K), 0.0005967 secs]
50.102: Total time for which application threads were stopped: 0.0007082 seconds, Stopping threads took: 0.0000179 seconds
50.156: [GC (Allocation Failure)  81605K->677K(422912K), 0.0005356 secs]
50.157: Total time for which application threads were stopped: 0.0006550 seconds, Stopping threads took: 0.0000193 seconds
50.207: [GC (Allocation Failure)  80037K->677K(421888K), 0.0005242 secs]
50.207: Total time for which application threads were stopped: 0.0006465 seconds, Stopping threads took: 0.0000197 seconds
50.262: [GC (Allocation Failure)  79013K->613K(420864K), 0.0006205 secs]
50.263: Total time for which application threads were stopped: 0.0007493 seconds, Stopping threads took: 0.0000193 seconds
50.318: [GC (Allocation Failure)  77925K->677K(419840K), 0.0005273 secs]
50.318: Total time for which application threads were stopped: 0.0006566 seconds, Stopping threads took: 0.0000261 seconds
50.367: [GC (Allocation Failure)  76965K->645K(418816K), 0.0006970 secs]
50.368: Total time for which application threads were stopped: 0.0008332 seconds, Stopping threads took: 0.0000277 seconds
50.415: [GC (Allocation Failure)  75909K->677K(417792K), 0.0004579 secs]
50.416: Total time for which application threads were stopped: 0.0005805 seconds, Stopping threads took: 0.0000195 seconds
50.463: [GC (Allocation Failure)  74917K->645K(416768K), 0.0004784 secs]
50.463: Total time for which application threads were stopped: 0.0005856 seconds, Stopping threads took: 0.0000187 seconds
50.513: [GC (Allocation Failure)  73861K->581K(415744K), 0.0005719 secs]
50.514: Total time for which application threads were stopped: 0.0006927 seconds, Stopping threads took: 0.0000284 seconds
50.559: [GC (Allocation Failure)  72773K->677K(414720K), 0.0005135 secs]
50.560: Total time for which application threads were stopped: 0.0006336 seconds, Stopping threads took: 0.0000192 seconds
50.605: [GC (Allocation Failure)  71845K->677K(413696K), 0.0004630 secs]
50.605: Total time for which application threads were stopped: 0.0005877 seconds, Stopping threads took: 0.0000274 seconds
50.653: [GC (Allocation Failure)  70821K->645K(412672K), 0.0005645 secs]
50.653: Total time for which application threads were stopped: 0.0006917 seconds, Stopping threads took: 0.0000273 seconds
50.697: [GC (Allocation Failure)  69765K->613K(411648K), 0.0004514 secs]
50.697: Total time for which application threads were stopped: 0.0005657 seconds, Stopping threads took: 0.0000196 seconds
50.744: [GC (Allocation Failure)  68709K->581K(410624K), 0.0005935 secs]
50.745: Total time for which application threads were stopped: 0.0007006 seconds, Stopping threads took: 0.0000168 seconds
50.787: [GC (Allocation Failure)  67653K->645K(409600K), 0.0004955 secs]
50.788: Total time for which application threads were stopped: 0.0006051 seconds, Stopping threads took: 0.0000168 seconds
50.831: [GC (Allocation Failure)  66693K->645K(408576K), 0.0004174 secs]
50.831: Total time for which application threads were stopped: 0.0005506 seconds, Stopping threads took: 0.0000268 seconds
50.873: [GC (Allocation Failure)  65669K->709K(407552K), 0.0005741 secs]
50.874: Total time for which application threads were stopped: 0.0006928 seconds, Stopping threads took: 0.0000188 seconds
50.918: [GC (Allocation Failure)  64709K->677K(406528K), 0.0005213 secs]
50.919: Total time for which application threads were stopped: 0.0006634 seconds, Stopping threads took: 0.0000286 seconds
50.964: [GC (Allocation Failure)  63653K->613K(419328K), 0.0006600 secs]
50.964: Total time for which application threads were stopped: 0.0007788 seconds, Stopping threads took: 0.0000195 seconds
51.017: [GC (Allocation Failure)  76389K->709K(418304K), 0.0004250 secs]
51.018: Total time for which application threads were stopped: 0.0005308 seconds, Stopping threads took: 0.0000172 seconds
51.065: [GC (Allocation Failure)  75461K->645K(417280K), 0.0005805 secs]
51.066: Total time for which application threads were stopped: 0.0007151 seconds, Stopping threads took: 0.0000193 seconds
51.118: [GC (Allocation Failure)  74373K->741K(416256K), 0.0005166 secs]
51.118: Total time for which application threads were stopped: 0.0006665 seconds, Stopping threads took: 0.0000217 seconds
51.168: [GC (Allocation Failure)  73445K->645K(415232K), 0.0005624 secs]
51.168: Total time for which application threads were stopped: 0.0006913 seconds, Stopping threads took: 0.0000168 seconds
51.214: [GC (Allocation Failure)  72325K->709K(414208K), 0.0005739 secs]
51.214: Total time for which application threads were stopped: 0.0007130 seconds, Stopping threads took: 0.0000291 seconds
51.259: [GC (Allocation Failure)  71365K->645K(413184K), 0.0005515 secs]
51.260: Total time for which application threads were stopped: 0.0006883 seconds, Stopping threads took: 0.0000201 seconds
51.307: [GC (Allocation Failure)  70277K->677K(412160K), 0.0004681 secs]
51.308: Total time for which application threads were stopped: 0.0005930 seconds, Stopping threads took: 0.0000194 seconds
51.351: [GC (Allocation Failure)  69285K->709K(411136K), 0.0005192 secs]
51.352: Total time for which application threads were stopped: 0.0006424 seconds, Stopping threads took: 0.0000245 seconds
51.395: [GC (Allocation Failure)  68293K->645K(410112K), 0.0004147 secs]
51.395: Total time for which application threads were stopped: 0.0005410 seconds, Stopping threads took: 0.0000175 seconds
51.437: [GC (Allocation Failure)  67205K->677K(409088K), 0.0004764 secs]
51.438: Total time for which application threads were stopped: 0.0005983 seconds, Stopping threads took: 0.0000194 seconds
51.479: [GC (Allocation Failure)  66213K->613K(408064K), 0.0004382 secs]
51.479: Total time for which application threads were stopped: 0.0005550 seconds, Stopping threads took: 0.0000194 seconds
51.525: [GC (Allocation Failure)  65125K->677K(407040K), 0.0005507 secs]
51.526: Total time for which application threads were stopped: 0.0006670 seconds, Stopping threads took: 0.0000189 seconds
51.570: [GC (Allocation Failure)  64165K->677K(406016K), 0.0004381 secs]
51.571: Total time for which application threads were stopped: 0.0005756 seconds, Stopping threads took: 0.0000195 seconds
51.613: [GC (Allocation Failure)  63141K->709K(405504K), 0.0005038 secs]
51.614: Total time for which application threads were stopped: 0.0006248 seconds, Stopping threads took: 0.0000192 seconds
51.653: [GC (Allocation Failure)  62661K->677K(404992K), 0.0005619 secs]
51.654: Total time for which application threads were stopped: 0.0006975 seconds, Stopping threads took: 0.0000217 seconds
51.693: [GC (Allocation Failure)  62117K->709K(417280K), 0.0004842 secs]
51.693: Total time for which application threads were stopped: 0.0006144 seconds, Stopping threads took: 0.0000212 seconds
51.746: [GC (Allocation Failure)  74437K->677K(416256K), 0.0004766 secs]
51.747: Total time for which application threads were stopped: 0.0006004 seconds, Stopping threads took: 0.0000266 seconds
51.793: [GC (Allocation Failure)  73381K->677K(415232K), 0.0006028 secs]
51.794: Total time for which application threads were stopped: 0.0007395 seconds, Stopping threads took: 0.0000268 seconds
51.840: [GC (Allocation Failure)  72357K->645K(414208K), 0.0004456 secs]
51.840: Total time for which application threads were stopped: 0.0005753 seconds, Stopping threads took: 0.0000279 seconds
51.885: [GC (Allocation Failure)  71301K->645K(413184K), 0.0005128 secs]
51.885: Total time for which application threads were stopped: 0.0006351 seconds, Stopping threads took: 0.0000193 seconds
51.929: [GC (Allocation Failure)  70277K->645K(412160K), 0.0004969 secs]
51.930: Total time for which application threads were stopped: 0.0006364 seconds, Stopping threads took: 0.0000214 seconds
51.973: [GC (Allocation Failure)  69253K->645K(411136K), 0.0004989 secs]
51.973: Total time for which application threads were stopped: 0.0006446 seconds, Stopping threads took: 0.0000224 seconds
52.016: [GC (Allocation Failure)  68229K->677K(410112K), 0.0004999 secs]
52.016: Total time for which application threads were stopped: 0.0006269 seconds, Stopping threads took: 0.0000206 seconds
52.058: [GC (Allocation Failure)  67237K->645K(423424K), 0.0005668 secs]
52.059: Total time for which application threads were stopped: 0.0007183 seconds, Stopping threads took: 0.0000291 seconds
52.109: [GC (Allocation Failure)  80517K->709K(422400K), 0.0004691 secs]
52.110: Total time for which application threads were stopped: 0.0005855 seconds, Stopping threads took: 0.0000186 seconds
52.166: [GC (Allocation Failure)  79557K->709K(421376K), 0.0005257 secs]
52.166: Total time for which application threads were stopped: 0.0006572 seconds, Stopping threads took: 0.0000213 seconds
52.216: [GC (Allocation Failure)  78533K->613K(420352K), 0.0004873 secs]
52.216: Total time for which application threads were stopped: 0.0006144 seconds, Stopping threads took: 0.0000207 seconds
52.265: [GC (Allocation Failure)  77413K->645K(419328K), 0.0004963 secs]
52.265: Total time for which application threads were stopped: 0.0006350 seconds, Stopping threads took: 0.0000196 seconds
52.314: [GC (Allocation Failure)  76421K->645K(418304K), 0.0004785 secs]
52.314: Total time for which application threads were stopped: 0.0006099 seconds, Stopping threads took: 0.0000260 seconds
52.368: [GC (Allocation Failure)  75397K->645K(417280K), 0.0004951 secs]
52.368: Total time for which application threads were stopped: 0.0006169 seconds, Stopping threads took: 0.0000249 seconds
52.415: [GC (Allocation Failure)  74373K->677K(416256K), 0.0004598 secs]
52.415: Total time for which application threads were stopped: 0.0005793 seconds, Stopping threads took: 0.0000196 seconds
52.461: [GC (Allocation Failure)  73381K->677K(415232K), 0.0005102 secs]
52.462: Total time for which application threads were stopped: 0.0006499 seconds, Stopping threads took: 0.0000270 seconds
52.507: [GC (Allocation Failure)  72357K->645K(414208K), 0.0004268 secs]
52.508: Total time for which application threads were stopped: 0.0005560 seconds, Stopping threads took: 0.0000275 seconds
52.552: [GC (Allocation Failure)  71301K->709K(413184K), 0.0004818 secs]
52.553: Total time for which application threads were stopped: 0.0005992 seconds, Stopping threads took: 0.0000195 seconds
52.596: [GC (Allocation Failure)  70341K->645K(412160K), 0.0005062 secs]
52.597: Total time for which application threads were stopped: 0.0006260 seconds, Stopping threads took: 0.0000198 seconds
52.647: [GC (Allocation Failure)  69253K->677K(411136K), 0.0006575 secs]
52.647: Total time for which application threads were stopped: 0.0007759 seconds, Stopping threads took: 0.0000199 seconds
52.690: [GC (Allocation Failure)  68261K->613K(410112K), 0.0005628 secs]
52.690: Total time for which application threads were stopped: 0.0006811 seconds, Stopping threads took: 0.0000190 seconds
52.732: [GC (Allocation Failure)  67173K->613K(409088K), 0.0005024 secs]
52.733: Total time for which application threads were stopped: 0.0006522 seconds, Stopping threads took: 0.0000267 seconds
52.779: [GC (Allocation Failure)  66149K->709K(422400K), 0.0006947 secs]
52.780: Total time for which application threads were stopped: 0.0008347 seconds, Stopping threads took: 0.0000218 seconds
52.836: [GC (Allocation Failure)  79557K->645K(421376K), 0.0004443 secs]
52.836: Total time for which application threads were stopped: 0.0005920 seconds, Stopping threads took: 0.0000266 seconds
52.890: [GC (Allocation Failure)  78469K->645K(420352K), 0.0005274 secs]
52.890: Total time for which application threads were stopped: 0.0006480 seconds, Stopping threads took: 0.0000194 seconds
52.942: [GC (Allocation Failure)  77445K->645K(419328K), 0.0004981 secs]
52.943: Total time for which application threads were stopped: 0.0006408 seconds, Stopping threads took: 0.0000287 seconds
52.996: [GC (Allocation Failure)  76421K->677K(418304K), 0.0005930 secs]
52.997: Total time for which application threads were stopped: 0.0007414 seconds, Stopping threads took: 0.0000297 seconds
53.044: [GC (Allocation Failure)  75429K->677K(417280K), 0.0005304 secs]
53.044: Total time for which application threads were stopped: 0.0006780 seconds, Stopping threads took: 0.0000299 seconds
53.091: [GC (Allocation Failure)  74405K->645K(416256K), 0.0005418 secs]
53.092: Total time for which application threads were stopped: 0.0006603 seconds, Stopping threads took: 0.0000195 seconds
53.141: [GC (Allocation Failure)  73349K->645K(415232K), 0.0005346 secs]
53.141: Total time for which application threads were stopped: 0.0006920 seconds, Stopping threads took: 0.0000475 seconds
53.191: [GC (Allocation Failure)  72325K->613K(429568K), 0.0007227 secs]
53.192: Total time for which application threads were stopped: 0.0008698 seconds, Stopping threads took: 0.0000299 seconds
53.252: [GC (Allocation Failure)  86629K->677K(428032K), 0.0005703 secs]
53.252: Total time for which application threads were stopped: 0.0006901 seconds, Stopping threads took: 0.0000201 seconds
53.306: [GC (Allocation Failure)  85157K->677K(426496K), 0.0005018 secs]
53.306: Total time for which application threads were stopped: 0.0006311 seconds, Stopping threads took: 0.0000202 seconds
53.362: [GC (Allocation Failure)  83621K->645K(424960K), 0.0003835 secs]
53.362: Total time for which application threads were stopped: 0.0005160 seconds, Stopping threads took: 0.0000244 seconds
53.415: [GC (Allocation Failure)  82053K->581K(423424K), 0.0006976 secs]
53.416: Total time for which application threads were stopped: 0.0008413 seconds, Stopping threads took: 0.0000193 seconds
53.470: [GC (Allocation Failure)  80453K->613K(422400K), 0.0005569 secs]
53.470: Total time for which application threads were stopped: 0.0006658 seconds, Stopping threads took: 0.0000175 seconds
53.526: [GC (Allocation Failure)  79461K->645K(421376K), 0.0004902 secs]
53.527: Total time for which application threads were stopped: 0.0006202 seconds, Stopping threads took: 0.0000197 seconds
53.576: [GC (Allocation Failure)  78469K->677K(420352K), 0.0005315 secs]
53.576: Total time for which application threads were stopped: 0.0006712 seconds, Stopping threads took: 0.0000224 seconds
53.625: [GC (Allocation Failure)  77477K->677K(419328K), 0.0005586 secs]
53.625: Total time for which application threads were stopped: 0.0007003 seconds, Stopping threads took: 0.0000219 seconds
53.673: [GC (Allocation Failure)  76453K->645K(418304K), 0.0005644 secs]
53.674: Total time for which application threads were stopped: 0.0007250 seconds, Stopping threads took: 0.0000305 seconds
53.726: [GC (Allocation Failure)  75397K->645K(417280K), 0.0004250 secs]
53.727: Total time for which application threads were stopped: 0.0005353 seconds, Stopping threads took: 0.0000169 seconds
53.776: [GC (Allocation Failure)  74373K->645K(416256K), 0.0004167 secs]
53.777: Total time for which application threads were stopped: 0.0005319 seconds, Stopping threads took: 0.0000190 seconds
53.829: [GC (Allocation Failure)  73349K->645K(415232K), 0.0004165 secs]
53.829: Total time for which application threads were stopped: 0.0005458 seconds, Stopping threads took: 0.0000283 seconds
53.878: [GC (Allocation Failure)  72325K->677K(414208K), 0.0005190 secs]
53.879: Total time for which application threads were stopped: 0.0006377 seconds, Stopping threads took: 0.0000190 seconds
53.923: [GC (Allocation Failure)  71333K->741K(413184K), 0.0005875 secs]
53.924: Total time for which application threads were stopped: 0.0007128 seconds, Stopping threads took: 0.0000189 seconds
53.967: [GC (Allocation Failure)  70373K->645K(412160K), 0.0006447 secs]
53.968: Total time for which application threads were stopped: 0.0007905 seconds, Stopping threads took: 0.0000289 seconds
54.011: [GC (Allocation Failure)  69253K->613K(411136K), 0.0005058 secs]
54.012: Total time for which application threads were stopped: 0.0006351 seconds, Stopping threads took: 0.0000214 seconds
54.055: [GC (Allocation Failure)  68197K->645K(410112K), 0.0005176 secs]
54.055: Total time for which application threads were stopped: 0.0006614 seconds, Stopping threads took: 0.0000220 seconds
54.097: [GC (Allocation Failure)  67205K->677K(423424K), 0.0008072 secs]
54.098: Total time for which application threads were stopped: 0.0009607 seconds, Stopping threads took: 0.0000296 seconds
54.148: [GC (Allocation Failure)  80549K->709K(439808K), 0.0004725 secs]
54.149: Total time for which application threads were stopped: 0.0005984 seconds, Stopping threads took: 0.0000270 seconds
54.214: [GC (Allocation Failure)  96965K->645K(437760K), 0.0005254 secs]
54.214: Total time for which application threads were stopped: 0.0006327 seconds, Stopping threads took: 0.0000168 seconds
54.280: [GC (Allocation Failure)  94853K->677K(436224K), 0.0005852 secs]
54.281: Total time for which application threads were stopped: 0.0007125 seconds, Stopping threads took: 0.0000189 seconds
54.340: [GC (Allocation Failure)  93349K->645K(434688K), 0.0004931 secs]
54.341: Total time for which application threads were stopped: 0.0006215 seconds, Stopping threads took: 0.0000193 seconds
54.405: [GC (Allocation Failure)  91781K->645K(433152K), 0.0004087 secs]
54.406: Total time for which application threads were stopped: 0.0005182 seconds, Stopping threads took: 0.0000167 seconds
54.462: [GC (Allocation Failure)  90245K->677K(431616K), 0.0004393 secs]
54.463: Total time for which application threads were stopped: 0.0005600 seconds, Stopping threads took: 0.0000176 seconds
54.523: [GC (Allocation Failure)  88741K->677K(430080K), 0.0004930 secs]
54.524: Total time for which application threads were stopped: 0.0006283 seconds, Stopping threads took: 0.0000287 seconds
54.578: [GC (Allocation Failure)  87205K->645K(428544K), 0.0005445 secs]
54.579: Total time for which application threads were stopped: 0.0006650 seconds, Stopping threads took: 0.0000200 seconds
54.636: [GC (Allocation Failure)  85637K->645K(427008K), 0.0004953 secs]
54.636: Total time for which application threads were stopped: 0.0006280 seconds, Stopping threads took: 0.0000207 seconds
54.689: [GC (Allocation Failure)  84101K->645K(425472K), 0.0005378 secs]
54.689: Total time for which application threads were stopped: 0.0006903 seconds, Stopping threads took: 0.0000297 seconds
54.746: [GC (Allocation Failure)  82565K->645K(423936K), 0.0004548 secs]
54.747: Total time for which application threads were stopped: 0.0005963 seconds, Stopping threads took: 0.0000188 seconds
54.797: [GC (Allocation Failure)  81029K->645K(422400K), 0.0004811 secs]
54.798: Total time for which application threads were stopped: 0.0006197 seconds, Stopping threads took: 0.0000199 seconds
54.849: [GC (Allocation Failure)  79493K->677K(421376K), 0.0005956 secs]
54.849: Total time for which application threads were stopped: 0.0007269 seconds, Stopping threads took: 0.0000207 seconds
54.905: [GC (Allocation Failure)  78501K->613K(420352K), 0.0006575 secs]
54.906: Total time for which application threads were stopped: 0.0008066 seconds, Stopping threads took: 0.0000285 seconds
54.958: [GC (Allocation Failure)  77413K->709K(419328K), 0.0004750 secs]
54.958: Total time for which application threads were stopped: 0.0005940 seconds, Stopping threads took: 0.0000194 seconds
55.006: [GC (Allocation Failure)  76485K->677K(418304K), 0.0004629 secs]
55.006: Total time for which application threads were stopped: 0.0005881 seconds, Stopping threads took: 0.0000269 seconds
55.053: [GC (Allocation Failure)  75429K->645K(417280K), 0.0005051 secs]
55.054: Total time for which application threads were stopped: 0.0006451 seconds, Stopping threads took: 0.0000209 seconds
55.104: [GC (Allocation Failure)  74373K->709K(416256K), 0.0005151 secs]
55.104: Total time for which application threads were stopped: 0.0006433 seconds, Stopping threads took: 0.0000204 seconds
55.151: [GC (Allocation Failure)  73413K->677K(415232K), 0.0005046 secs]
55.151: Total time for which application threads were stopped: 0.0006522 seconds, Stopping threads took: 0.0000215 seconds
55.202: [GC (Allocation Failure)  72357K->613K(414208K), 0.0006542 secs]
55.203: Total time for which application threads were stopped: 0.0007910 seconds, Stopping threads took: 0.0000294 seconds
55.247: [GC (Allocation Failure)  71269K->645K(413184K), 0.0004888 secs]
55.248: Total time for which application threads were stopped: 0.0006433 seconds, Stopping threads took: 0.0000297 seconds
55.292: [GC (Allocation Failure)  70277K->613K(427520K), 0.0006303 secs]
55.292: Total time for which application threads were stopped: 0.0007649 seconds, Stopping threads took: 0.0000221 seconds
55.346: [GC (Allocation Failure)  84581K->645K(425984K), 0.0004518 secs]
55.347: Total time for which application threads were stopped: 0.0005816 seconds, Stopping threads took: 0.0000281 seconds
55.403: [GC (Allocation Failure)  83077K->677K(424448K), 0.0004906 secs]
55.404: Total time for which application threads were stopped: 0.0006145 seconds, Stopping threads took: 0.0000264 seconds
55.455: [GC (Allocation Failure)  81573K->613K(422912K), 0.0004619 secs]
55.455: Total time for which application threads were stopped: 0.0005758 seconds, Stopping threads took: 0.0000187 seconds
55.510: [GC (Allocation Failure)  79973K->645K(421888K), 0.0005604 secs]
55.511: Total time for which application threads were stopped: 0.0006700 seconds, Stopping threads took: 0.0000170 seconds
55.560: [GC (Allocation Failure)  78981K->613K(420864K), 0.0006759 secs]
55.561: Total time for which application threads were stopped: 0.0007968 seconds, Stopping threads took: 0.0000199 seconds
55.615: [GC (Allocation Failure)  77925K->645K(419840K), 0.0004781 secs]
55.616: Total time for which application threads were stopped: 0.0006055 seconds, Stopping threads took: 0.0000255 seconds
55.664: [GC (Allocation Failure)  76933K->677K(418816K), 0.0004615 secs]
55.664: Total time for which application threads were stopped: 0.0005826 seconds, Stopping threads took: 0.0000198 seconds
55.712: [GC (Allocation Failure)  75941K->613K(417792K), 0.0005002 secs]
55.713: Total time for which application threads were stopped: 0.0006268 seconds, Stopping threads took: 0.0000213 seconds
55.760: [GC (Allocation Failure)  74853K->613K(416768K), 0.0004980 secs]
55.760: Total time for which application threads were stopped: 0.0006506 seconds, Stopping threads took: 0.0000294 seconds
55.807: [GC (Allocation Failure)  73829K->645K(415744K), 0.0004790 secs]
55.808: Total time for which application threads were stopped: 0.0006288 seconds, Stopping threads took: 0.0000273 seconds
55.854: [GC (Allocation Failure)  72837K->613K(414720K), 0.0005176 secs]
55.854: Total time for which application threads were stopped: 0.0006383 seconds, Stopping threads took: 0.0000199 seconds
55.902: [GC (Allocation Failure)  71781K->645K(413696K), 0.0004413 secs]
55.903: Total time for which application threads were stopped: 0.0005554 seconds, Stopping threads took: 0.0000165 seconds
55.950: [GC (Allocation Failure)  70789K->709K(412672K), 0.0005130 secs]
55.950: Total time for which application threads were stopped: 0.0006462 seconds, Stopping threads took: 0.0000298 seconds
55.994: [GC (Allocation Failure)  69829K->645K(411648K), 0.0005187 secs]
55.995: Total time for which application threads were stopped: 0.0006592 seconds, Stopping threads took: 0.0000198 seconds
56.038: [GC (Allocation Failure)  68741K->677K(425472K), 0.0007482 secs]
56.039: Total time for which application threads were stopped: 0.0008931 seconds, Stopping threads took: 0.0000211 seconds
56.091: [GC (Allocation Failure)  82597K->645K(441856K), 0.0005345 secs]
56.091: Total time for which application threads were stopped: 0.0006863 seconds, Stopping threads took: 0.0000224 seconds
56.157: [GC (Allocation Failure)  98949K->645K(439808K), 0.0004751 secs]
56.158: Total time for which application threads were stopped: 0.0006056 seconds, Stopping threads took: 0.0000284 seconds
56.218: [GC (Allocation Failure)  96901K->709K(437760K), 0.0006173 secs]
56.219: Total time for which application threads were stopped: 0.0007705 seconds, Stopping threads took: 0.0000299 seconds
56.281: [GC (Allocation Failure)  94917K->677K(436224K), 0.0004860 secs]
56.282: Total time for which application threads were stopped: 0.0006161 seconds, Stopping threads took: 0.0000205 seconds
56.341: [GC (Allocation Failure)  93349K->645K(434688K), 0.0005506 secs]
56.342: Total time for which application threads were stopped: 0.0006874 seconds, Stopping threads took: 0.0000252 seconds
56.406: [GC (Allocation Failure)  91781K->677K(433152K), 0.0004186 secs]
56.406: Total time for which application threads were stopped: 0.0005436 seconds, Stopping threads took: 0.0000276 seconds
56.468: [GC (Allocation Failure)  90277K->613K(431616K), 0.0004300 secs]
56.469: Total time for which application threads were stopped: 0.0005345 seconds, Stopping threads took: 0.0000164 seconds
56.524: [GC (Allocation Failure)  88677K->709K(430080K), 0.0005131 secs]
56.525: Total time for which application threads were stopped: 0.0006344 seconds, Stopping threads took: 0.0000195 seconds
56.584: [GC (Allocation Failure)  87237K->645K(428544K), 0.0005735 secs]
56.585: Total time for which application threads were stopped: 0.0007173 seconds, Stopping threads took: 0.0000302 seconds
56.638: [GC (Allocation Failure)  85637K->677K(427008K), 0.0005276 secs]
56.639: Total time for which application threads were stopped: 0.0006672 seconds, Stopping threads took: 0.0000210 seconds
56.692: [GC (Allocation Failure)  84133K->645K(425472K), 0.0005301 secs]
56.692: Total time for which application threads were stopped: 0.0006815 seconds, Stopping threads took: 0.0000227 seconds
56.749: [GC (Allocation Failure)  82565K->645K(423936K), 0.0005174 secs]
56.749: Total time for which application threads were stopped: 0.0006637 seconds, Stopping threads took: 0.0000217 seconds
56.806: [GC (Allocation Failure)  81029K->677K(422400K), 0.0004802 secs]
56.806: Total time for which application threads were stopped: 0.0006003 seconds, Stopping threads took: 0.0000195 seconds
56.862: [GC (Allocation Failure)  79525K->645K(421376K), 0.0004690 secs]
56.863: Total time for which application threads were stopped: 0.0006255 seconds, Stopping threads took: 0.0000283 seconds
56.912: [GC (Allocation Failure)  78469K->709K(420352K), 0.0005152 secs]
56.913: Total time for which application threads were stopped: 0.0006344 seconds, Stopping threads took: 0.0000193 seconds
56.962: [GC (Allocation Failure)  77509K->677K(419328K), 0.0004938 secs]
56.962: Total time for which application threads were stopped: 0.0006146 seconds, Stopping threads took: 0.0000194 seconds
57.016: [GC (Allocation Failure)  76453K->741K(418304K), 0.0007156 secs]
57.017: Total time for which application threads were stopped: 0.0008360 seconds, Stopping threads took: 0.0000190 seconds
57.064: [GC (Allocation Failure)  75493K->709K(417280K), 0.0004769 secs]
57.064: Total time for which application threads were stopped: 0.0005976 seconds, Stopping threads took: 0.0000195 seconds
57.116: [GC (Allocation Failure)  74437K->677K(416256K), 0.0007065 secs]
57.117: Total time for which application threads were stopped: 0.0008497 seconds, Stopping threads took: 0.0000290 seconds
57.166: [GC (Allocation Failure)  73381K->645K(415232K), 0.0005559 secs]
57.167: Total time for which application threads were stopped: 0.0006749 seconds, Stopping threads took: 0.0000194 seconds
57.212: [GC (Allocation Failure)  72325K->677K(414208K), 0.0005367 secs]
57.212: Total time for which application threads were stopped: 0.0006753 seconds, Stopping threads took: 0.0000213 seconds
57.257: [GC (Allocation Failure)  71333K->677K(413184K), 0.0004993 secs]
57.258: Total time for which application threads were stopped: 0.0006355 seconds, Stopping threads took: 0.0000195 seconds
57.307: [GC (Allocation Failure)  70309K->677K(412160K), 0.0005327 secs]
57.308: Total time for which application threads were stopped: 0.0006678 seconds, Stopping threads took: 0.0000209 seconds
57.351: [GC (Allocation Failure)  69285K->613K(425984K), 0.0009024 secs]
57.352: Total time for which application threads were stopped: 0.0010258 seconds, Stopping threads took: 0.0000246 seconds
57.408: [GC (Allocation Failure)  83045K->677K(442880K), 0.0004771 secs]
57.408: Total time for which application threads were stopped: 0.0006055 seconds, Stopping threads took: 0.0000274 seconds
57.471: [GC (Allocation Failure)  100005K->709K(440832K), 0.0005506 secs]
57.471: Total time for which application threads were stopped: 0.0006940 seconds, Stopping threads took: 0.0000213 seconds
57.533: [GC (Allocation Failure)  97989K->645K(438784K), 0.0005501 secs]
57.533: Total time for which application threads were stopped: 0.0006863 seconds, Stopping threads took: 0.0000211 seconds
57.594: [GC (Allocation Failure)  95877K->709K(437248K), 0.0006808 secs]
57.594: Total time for which application threads were stopped: 0.0008126 seconds, Stopping threads took: 0.0000206 seconds
57.657: [GC (Allocation Failure)  94405K->741K(435712K), 0.0006232 secs]
57.658: Total time for which application threads were stopped: 0.0007564 seconds, Stopping threads took: 0.0000207 seconds
57.716: [GC (Allocation Failure)  92901K->709K(434176K), 0.0007076 secs]
57.717: Total time for which application threads were stopped: 0.0008528 seconds, Stopping threads took: 0.0000214 seconds
57.774: [GC (Allocation Failure)  91333K->613K(432640K), 0.0005423 secs]
57.775: Total time for which application threads were stopped: 0.0006661 seconds, Stopping threads took: 0.0000281 seconds
57.835: [GC (Allocation Failure)  89701K->709K(431104K), 0.0004370 secs]
57.835: Total time for which application threads were stopped: 0.0005589 seconds, Stopping threads took: 0.0000257 seconds
57.890: [GC (Allocation Failure)  88261K->709K(429568K), 0.0004875 secs]
57.891: Total time for which application threads were stopped: 0.0006155 seconds, Stopping threads took: 0.0000191 seconds
57.945: [GC (Allocation Failure)  86725K->677K(428032K), 0.0008418 secs]
57.946: Total time for which application threads were stopped: 0.0009879 seconds, Stopping threads took: 0.0000301 seconds
57.999: [GC (Allocation Failure)  85157K->677K(444928K), 0.0007061 secs]
57.999: Total time for which application threads were stopped: 0.0008498 seconds, Stopping threads took: 0.0000222 seconds
58.063: [GC (Allocation Failure)  102053K->677K(442880K), 0.0005225 secs]
58.063: Total time for which application threads were stopped: 0.0006662 seconds, Stopping threads took: 0.0000224 seconds
58.126: [GC (Allocation Failure)  100005K->709K(440832K), 0.0008237 secs]
58.127: Total time for which application threads were stopped: 0.0009616 seconds, Stopping threads took: 0.0000209 seconds
58.192: [GC (Allocation Failure)  97989K->677K(438784K), 0.0004656 secs]
58.192: Total time for which application threads were stopped: 0.0005976 seconds, Stopping threads took: 0.0000289 seconds
58.253: [GC (Allocation Failure)  95909K->645K(437248K), 0.0005052 secs]
58.253: Total time for which application threads were stopped: 0.0006224 seconds, Stopping threads took: 0.0000191 seconds
58.312: [GC (Allocation Failure)  94341K->645K(435712K), 0.0004503 secs]
58.313: Total time for which application threads were stopped: 0.0005674 seconds, Stopping threads took: 0.0000194 seconds
58.376: [GC (Allocation Failure)  92805K->645K(434176K), 0.0004493 secs]
58.377: Total time for which application threads were stopped: 0.0005552 seconds, Stopping threads took: 0.0000151 seconds
58.434: [GC (Allocation Failure)  91269K->645K(432640K), 0.0005447 secs]
58.434: Total time for which application threads were stopped: 0.0006889 seconds, Stopping threads took: 0.0000304 seconds
58.490: [GC (Allocation Failure)  89733K->613K(431104K), 0.0005486 secs]
58.491: Total time for which application threads were stopped: 0.0006971 seconds, Stopping threads took: 0.0000287 seconds
58.552: [GC (Allocation Failure)  88165K->677K(429568K), 0.0007110 secs]
58.552: Total time for which application threads were stopped: 0.0008570 seconds, Stopping threads took: 0.0000220 seconds
58.606: [GC (Allocation Failure)  86693K->677K(428032K), 0.0005238 secs]
58.607: Total time for which application threads were stopped: 0.0006748 seconds, Stopping threads took: 0.0000227 seconds
58.666: [GC (Allocation Failure)  85157K->677K(426496K), 0.0007469 secs]
58.666: Total time for which application threads were stopped: 0.0008842 seconds, Stopping threads took: 0.0000218 seconds
58.719: [GC (Allocation Failure)  83621K->677K(424960K), 0.0006252 secs]
58.720: Total time for which application threads were stopped: 0.0007701 seconds, Stopping threads took: 0.0000214 seconds
58.771: [GC (Allocation Failure)  82085K->677K(423424K), 0.0005600 secs]
58.772: Total time for which application threads were stopped: 0.0006764 seconds, Stopping threads took: 0.0000194 seconds
58.827: [GC (Allocation Failure)  80549K->613K(422400K), 0.0004852 secs]
58.828: Total time for which application threads were stopped: 0.0006291 seconds, Stopping threads took: 0.0000272 seconds
58.883: [GC (Allocation Failure)  79461K->677K(421376K), 0.0004760 secs]
58.884: Total time for which application threads were stopped: 0.0006141 seconds, Stopping threads took: 0.0000213 seconds
58.933: [GC (Allocation Failure)  78501K->677K(420352K), 0.0005597 secs]
58.933: Total time for which application threads were stopped: 0.0006988 seconds, Stopping threads took: 0.0000220 seconds
58.982: [GC (Allocation Failure)  77477K->677K(419328K), 0.0005454 secs]
58.982: Total time for which application threads were stopped: 0.0006914 seconds, Stopping threads took: 0.0000225 seconds
59.030: [GC (Allocation Failure)  76453K->709K(418304K), 0.0006395 secs]
59.031: Total time for which application threads were stopped: 0.0007853 seconds, Stopping threads took: 0.0000229 seconds
59.078: [GC (Allocation Failure)  75461K->677K(417280K), 0.0005338 secs]
59.078: Total time for which application threads were stopped: 0.0006780 seconds, Stopping threads took: 0.0000226 seconds
59.125: [GC (Allocation Failure)  74405K->709K(416256K), 0.0005326 secs]
59.125: Total time for which application threads were stopped: 0.0006957 seconds, Stopping threads took: 0.0000226 seconds
59.171: [GC (Allocation Failure)  73413K->677K(415232K), 0.0005210 secs]
59.172: Total time for which application threads were stopped: 0.0006651 seconds, Stopping threads took: 0.0000225 seconds
59.217: [GC (Allocation Failure)  72357K->677K(414208K), 0.0005605 secs]
59.217: Total time for which application threads were stopped: 0.0007018 seconds, Stopping threads took: 0.0000303 seconds
59.262: [GC (Allocation Failure)  71333K->645K(413184K), 0.0005799 secs]
59.262: Total time for which application threads were stopped: 0.0007101 seconds, Stopping threads took: 0.0000276 seconds
59.312: [GC (Allocation Failure)  70277K->677K(412160K), 0.0004984 secs]
59.312: Total time for which application threads were stopped: 0.0006247 seconds, Stopping threads took: 0.0000254 seconds
59.358: [GC (Allocation Failure)  69285K->645K(411136K), 0.0004748 secs]
59.359: Total time for which application threads were stopped: 0.0006185 seconds, Stopping threads took: 0.0000270 seconds
59.404: [GC (Allocation Failure)  68229K->677K(410112K), 0.0004946 secs]
59.405: Total time for which application threads were stopped: 0.0006230 seconds, Stopping threads took: 0.0000269 seconds
59.454: [GC (Allocation Failure)  67237K->645K(409088K), 0.0004684 secs]
59.454: Total time for which application threads were stopped: 0.0005878 seconds, Stopping threads took: 0.0000172 seconds
59.496: [GC (Allocation Failure)  66181K->709K(408064K), 0.0004827 secs]
59.496: Total time for which application threads were stopped: 0.0006241 seconds, Stopping threads took: 0.0000195 seconds
59.537: [GC (Allocation Failure)  65221K->677K(407040K), 0.0005530 secs]
59.538: Total time for which application threads were stopped: 0.0006893 seconds, Stopping threads took: 0.0000271 seconds
59.578: [GC (Allocation Failure)  64165K->645K(419840K), 0.0005132 secs]
59.578: Total time for which application threads were stopped: 0.0006616 seconds, Stopping threads took: 0.0000216 seconds
59.633: [GC (Allocation Failure)  76933K->677K(418816K), 0.0005124 secs]
59.633: Total time for which application threads were stopped: 0.0006491 seconds, Stopping threads took: 0.0000269 seconds
59.680: [GC (Allocation Failure)  75941K->677K(417792K), 0.0005919 secs]
59.681: Total time for which application threads were stopped: 0.0007119 seconds, Stopping threads took: 0.0000197 seconds
59.735: [GC (Allocation Failure)  74917K->677K(416768K), 0.0004904 secs]
59.736: Total time for which application threads were stopped: 0.0006144 seconds, Stopping threads took: 0.0000266 seconds
59.782: [GC (Allocation Failure)  73893K->645K(415744K), 0.0005465 secs]
59.782: Total time for which application threads were stopped: 0.0006647 seconds, Stopping threads took: 0.0000192 seconds
59.828: [GC (Allocation Failure)  72837K->645K(414720K), 0.0005240 secs]
59.829: Total time for which application threads were stopped: 0.0006642 seconds, Stopping threads took: 0.0000272 seconds
59.879: [GC (Allocation Failure)  71813K->709K(429056K), 0.0007270 secs]
59.879: Total time for which application threads were stopped: 0.0008454 seconds, Stopping threads took: 0.0000189 seconds
59.939: [GC (Allocation Failure)  86213K->677K(427520K), 0.0005666 secs]
59.940: Total time for which application threads were stopped: 0.0006914 seconds, Stopping threads took: 0.0000275 seconds
59.997: [GC (Allocation Failure)  84645K->645K(425984K), 0.0004784 secs]
59.997: Total time for which application threads were stopped: 0.0005961 seconds, Stopping threads took: 0.0000192 seconds
60.055: [GC (Allocation Failure)  83077K->677K(424448K), 0.0004633 secs]
60.056: Total time for which application threads were stopped: 0.0005799 seconds, Stopping threads took: 0.0000190 seconds
60.111: [GC (Allocation Failure)  81573K->645K(422912K), 0.0005547 secs]
60.112: Total time for which application threads were stopped: 0.0006770 seconds, Stopping threads took: 0.0000194 seconds
60.168: [GC (Allocation Failure)  80005K->613K(421888K), 0.0004868 secs]
60.169: Total time for which application threads were stopped: 0.0006206 seconds, Stopping threads took: 0.0000290 seconds
60.223: [GC (Allocation Failure)  78949K->677K(420864K), 0.0005554 secs]
60.224: Total time for which application threads were stopped: 0.0006717 seconds, Stopping threads took: 0.0000190 seconds
60.272: [GC (Allocation Failure)  77989K->677K(419840K), 0.0005827 secs]
60.273: Total time for which application threads were stopped: 0.0007109 seconds, Stopping threads took: 0.0000271 seconds
60.327: [GC (Allocation Failure)  76965K->677K(418816K), 0.0005306 secs]
60.327: Total time for which application threads were stopped: 0.0006698 seconds, Stopping threads took: 0.0000266 seconds
60.376: [GC (Allocation Failure)  75941K->677K(417792K), 0.0004780 secs]
60.377: Total time for which application threads were stopped: 0.0006054 seconds, Stopping threads took: 0.0000246 seconds
60.423: [GC (Allocation Failure)  74917K->645K(416768K), 0.0005536 secs]
60.424: Total time for which application threads were stopped: 0.0006890 seconds, Stopping threads took: 0.0000279 seconds
60.470: [GC (Allocation Failure)  73861K->677K(415744K), 0.0004567 secs]
60.470: Total time for which application threads were stopped: 0.0005753 seconds, Stopping threads took: 0.0000198 seconds
60.519: [GC (Allocation Failure)  72869K->645K(414720K), 0.0004625 secs]
60.520: Total time for which application threads were stopped: 0.0005845 seconds, Stopping threads took: 0.0000263 seconds
60.570: [GC (Allocation Failure)  71813K->709K(413696K), 0.0004621 secs]
60.570: Total time for which application threads were stopped: 0.0005817 seconds, Stopping threads took: 0.0000191 seconds
60.621: [GC (Allocation Failure)  70853K->645K(412672K), 0.0004921 secs]
60.621: Total time for which application threads were stopped: 0.0006169 seconds, Stopping threads took: 0.0000276 seconds
60.672: [GC (Allocation Failure)  69765K->677K(411648K), 0.0005430 secs]
60.672: Total time for which application threads were stopped: 0.0006672 seconds, Stopping threads took: 0.0000271 seconds
60.722: [GC (Allocation Failure)  68773K->613K(410624K), 0.0005710 secs]
60.722: Total time for which application threads were stopped: 0.0006858 seconds, Stopping threads took: 0.0000196 seconds
60.764: [GC (Allocation Failure)  67685K->645K(409600K), 0.0004973 secs]
60.765: Total time for which application threads were stopped: 0.0006148 seconds, Stopping threads took: 0.0000173 seconds
60.807: [GC (Allocation Failure)  66693K->677K(408576K), 0.0004797 secs]
60.807: Total time for which application threads were stopped: 0.0006079 seconds, Stopping threads took: 0.0000272 seconds
60.849: [GC (Allocation Failure)  65701K->645K(407552K), 0.0004721 secs]
60.850: Total time for which application threads were stopped: 0.0005991 seconds, Stopping threads took: 0.0000256 seconds
60.894: [GC (Allocation Failure)  64645K->677K(406528K), 0.0004853 secs]
60.894: Total time for which application threads were stopped: 0.0006190 seconds, Stopping threads took: 0.0000217 seconds
60.934: [GC (Allocation Failure)  63653K->613K(419328K), 0.0006890 secs]
60.935: Total time for which application threads were stopped: 0.0008336 seconds, Stopping threads took: 0.0000299 seconds
60.988: [GC (Allocation Failure)  76389K->677K(434688K), 0.0005380 secs]
60.988: Total time for which application threads were stopped: 0.0006895 seconds, Stopping threads took: 0.0000298 seconds
61.046: [GC (Allocation Failure)  91813K->741K(433152K), 0.0004904 secs]
61.046: Total time for which application threads were stopped: 0.0006182 seconds, Stopping threads took: 0.0000213 seconds
61.102: [GC (Allocation Failure)  90341K->677K(431616K), 0.0004720 secs]
61.103: Total time for which application threads were stopped: 0.0005975 seconds, Stopping threads took: 0.0000274 seconds
61.158: [GC (Allocation Failure)  88741K->645K(430080K), 0.0005478 secs]
61.159: Total time for which application threads were stopped: 0.0006674 seconds, Stopping threads took: 0.0000199 seconds
61.213: [GC (Allocation Failure)  87173K->741K(428544K), 0.0005261 secs]
61.214: Total time for which application threads were stopped: 0.0006442 seconds, Stopping threads took: 0.0000204 seconds
61.273: [GC (Allocation Failure)  85733K->645K(427008K), 0.0005973 secs]
61.274: Total time for which application threads were stopped: 0.0007069 seconds, Stopping threads took: 0.0000195 seconds
61.330: [GC (Allocation Failure)  84101K->709K(425472K), 0.0004382 secs]
61.330: Total time for which application threads were stopped: 0.0006045 seconds, Stopping threads took: 0.0000572 seconds
61.388: [GC (Allocation Failure)  82629K->613K(423936K), 0.0005709 secs]
61.389: Total time for which application threads were stopped: 0.0007005 seconds, Stopping threads took: 0.0000277 seconds
61.439: [GC (Allocation Failure)  80997K->645K(422400K), 0.0004601 secs]
61.440: Total time for which application threads were stopped: 0.0005876 seconds, Stopping threads took: 0.0000274 seconds
61.489: [GC (Allocation Failure)  79493K->709K(421376K), 0.0004820 secs]
61.490: Total time for which application threads were stopped: 0.0006149 seconds, Stopping threads took: 0.0000197 seconds
61.545: [GC (Allocation Failure)  78533K->645K(420352K), 0.0005095 secs]
61.545: Total time for which application threads were stopped: 0.0006348 seconds, Stopping threads took: 0.0000191 seconds
61.601: [GC (Allocation Failure)  77445K->677K(419328K), 0.0006564 secs]
61.602: Total time for which application threads were stopped: 0.0009004 seconds, Stopping threads took: 0.0000268 seconds
61.656: [GC (Allocation Failure)  76453K->677K(418304K), 0.0005024 secs]
61.656: Total time for which application threads were stopped: 0.0006192 seconds, Stopping threads took: 0.0000190 seconds
61.703: [GC (Allocation Failure)  75429K->677K(417280K), 0.0004185 secs]
61.704: Total time for which application threads were stopped: 0.0005420 seconds, Stopping threads took: 0.0000268 seconds
61.755: [GC (Allocation Failure)  74405K->613K(416256K), 0.0006052 secs]
61.756: Total time for which application threads were stopped: 0.0007144 seconds, Stopping threads took: 0.0000159 seconds
61.807: [GC (Allocation Failure)  73317K->677K(415232K), 0.0004922 secs]
61.808: Total time for which application threads were stopped: 0.0006203 seconds, Stopping threads took: 0.0000274 seconds
61.854: [GC (Allocation Failure)  72357K->645K(414208K), 0.0004070 secs]
61.855: Total time for which application threads were stopped: 0.0005410 seconds, Stopping threads took: 0.0000248 seconds
61.902: [GC (Allocation Failure)  71301K->613K(413184K), 0.0005832 secs]
61.903: Total time for which application threads were stopped: 0.0007138 seconds, Stopping threads took: 0.0000285 seconds
61.946: [GC (Allocation Failure)  70245K->645K(412160K), 0.0005142 secs]
61.947: Total time for which application threads were stopped: 0.0006618 seconds, Stopping threads took: 0.0000222 seconds
61.996: [GC (Allocation Failure)  69253K->645K(411136K), 0.0004897 secs]
61.997: Total time for which application threads were stopped: 0.0006289 seconds, Stopping threads took: 0.0000223 seconds
62.039: [GC (Allocation Failure)  68229K->677K(410112K), 0.0004887 secs]
62.040: Total time for which application threads were stopped: 0.0006275 seconds, Stopping threads took: 0.0000307 seconds
62.086: [GC (Allocation Failure)  67237K->709K(409088K), 0.0004704 secs]
62.086: Total time for which application threads were stopped: 0.0005801 seconds, Stopping threads took: 0.0000170 seconds
62.127: [GC (Allocation Failure)  66245K->709K(408064K), 0.0005731 secs]
62.128: Total time for which application threads were stopped: 0.0006937 seconds, Stopping threads took: 0.0000197 seconds
62.174: [GC (Allocation Failure)  65221K->677K(407040K), 0.0004552 secs]
62.175: Total time for which application threads were stopped: 0.0005805 seconds, Stopping threads took: 0.0000215 seconds
62.221: [GC (Allocation Failure)  64165K->613K(419840K), 0.0012821 secs]
62.222: Total time for which application threads were stopped: 0.0013943 seconds, Stopping threads took: 0.0000172 seconds
62.274: [GC (Allocation Failure)  76901K->709K(435200K), 0.0004631 secs]
62.274: Total time for which application threads were stopped: 0.0005792 seconds, Stopping threads took: 0.0000200 seconds
62.332: [GC (Allocation Failure)  92357K->741K(453632K), 0.0004112 secs]
62.333: Total time for which application threads were stopped: 0.0005350 seconds, Stopping threads took: 0.0000264 seconds
62.403: [GC (Allocation Failure)  110821K->581K(451584K), 0.0005999 secs]
62.403: Total time for which application threads were stopped: 0.0007224 seconds, Stopping threads took: 0.0000275 seconds
62.476: [GC (Allocation Failure)  108613K->645K(449536K), 0.0005580 secs]
62.477: Total time for which application threads were stopped: 0.0006643 seconds, Stopping threads took: 0.0000166 seconds
62.550: [GC (Allocation Failure)  106629K->645K(447488K), 0.0004857 secs]
62.550: Total time for which application threads were stopped: 0.0006057 seconds, Stopping threads took: 0.0000198 seconds
62.616: [GC (Allocation Failure)  104581K->677K(445440K), 0.0004582 secs]
62.616: Total time for which application threads were stopped: 0.0005802 seconds, Stopping threads took: 0.0000194 seconds
62.680: [GC (Allocation Failure)  102565K->709K(443392K), 0.0004694 secs]
62.681: Total time for which application threads were stopped: 0.0005925 seconds, Stopping threads took: 0.0000199 seconds
62.748: [GC (Allocation Failure)  100549K->613K(441344K), 0.0005134 secs]
62.749: Total time for which application threads were stopped: 0.0006585 seconds, Stopping threads took: 0.0000294 seconds
62.815: [GC (Allocation Failure)  98405K->741K(439296K), 0.0004899 secs]
62.816: Total time for which application threads were stopped: 0.0006144 seconds, Stopping threads took: 0.0000221 seconds
62.878: [GC (Allocation Failure)  96485K->645K(437760K), 0.0004784 secs]
62.878: Total time for which application threads were stopped: 0.0006041 seconds, Stopping threads took: 0.0000271 seconds
62.938: [GC (Allocation Failure)  94853K->677K(436224K), 0.0004783 secs]
62.938: Total time for which application threads were stopped: 0.0006141 seconds, Stopping threads took: 0.0000207 seconds
63.002: [GC (Allocation Failure)  93349K->645K(434688K), 0.0005327 secs]
63.003: Total time for which application threads were stopped: 0.0006675 seconds, Stopping threads took: 0.0000289 seconds
63.063: [GC (Allocation Failure)  91781K->645K(433152K), 0.0006603 secs]
63.063: Total time for which application threads were stopped: 0.0008048 seconds, Stopping threads took: 0.0000287 seconds
63.123: [GC (Allocation Failure)  90245K->677K(431616K), 0.0005025 secs]
63.124: Total time for which application threads were stopped: 0.0006397 seconds, Stopping threads took: 0.0000214 seconds
63.179: [GC (Allocation Failure)  88741K->677K(430080K), 0.0005839 secs]
63.180: Total time for which application threads were stopped: 0.0007380 seconds, Stopping threads took: 0.0000297 seconds
63.234: [GC (Allocation Failure)  87205K->645K(428544K), 0.0004827 secs]
63.235: Total time for which application threads were stopped: 0.0006161 seconds, Stopping threads took: 0.0000222 seconds
63.294: [GC (Allocation Failure)  85637K->709K(427008K), 0.0004693 secs]
63.295: Total time for which application threads were stopped: 0.0005848 seconds, Stopping threads took: 0.0000191 seconds
63.348: [GC (Allocation Failure)  84165K->677K(443904K), 0.0061177 secs]
63.354: Total time for which application threads were stopped: 0.0062895 seconds, Stopping threads took: 0.0000258 seconds
63.419: [GC (Allocation Failure)  101029K->645K(464384K), 0.0005345 secs]
63.419: Total time for which application threads were stopped: 0.0006558 seconds, Stopping threads took: 0.0000265 seconds
63.495: [GC (Allocation Failure)  121477K->677K(488960K), 0.0004859 secs]
63.495: Total time for which application threads were stopped: 0.0006055 seconds, Stopping threads took: 0.0000201 seconds
63.586: [GC (Allocation Failure)  146085K->645K(518144K), 0.0007292 secs]
63.587: Total time for which application threads were stopped: 0.0008750 seconds, Stopping threads took: 0.0000220 seconds
63.702: [GC (Allocation Failure)  175237K->709K(553472K), 0.0005809 secs]
63.703: Total time for which application threads were stopped: 0.0007012 seconds, Stopping threads took: 0.0000196 seconds
63.833: [GC (Allocation Failure)  210629K->613K(573952K), 0.0006053 secs]
63.834: Total time for which application threads were stopped: 0.0008683 seconds, Stopping threads took: 0.0000272 seconds
63.981: [GC (Allocation Failure)  231013K->645K(566784K), 0.0004348 secs]
63.982: Total time for which application threads were stopped: 0.0005540 seconds, Stopping threads took: 0.0000199 seconds
64.127: [GC (Allocation Failure)  223877K->645K(560128K), 0.0004821 secs]
64.127: Total time for which application threads were stopped: 0.0005989 seconds, Stopping threads took: 0.0000195 seconds
64.262: [GC (Allocation Failure)  217221K->645K(553472K), 0.0004629 secs]
64.262: Total time for which application threads were stopped: 0.0005924 seconds, Stopping threads took: 0.0000282 seconds
64.400: [GC (Allocation Failure)  210565K->613K(547328K), 0.0005841 secs]
64.401: Total time for which application threads were stopped: 0.0007048 seconds, Stopping threads took: 0.0000200 seconds
64.533: [GC (Allocation Failure)  204389K->613K(541184K), 0.0004503 secs]
64.534: Total time for which application threads were stopped: 0.0005705 seconds, Stopping threads took: 0.0000192 seconds
64.660: [GC (Allocation Failure)  198245K->645K(535552K), 0.0004822 secs]
64.661: Total time for which application threads were stopped: 0.0006013 seconds, Stopping threads took: 0.0000195 seconds
64.784: [GC (Allocation Failure)  192645K->677K(529920K), 0.0004526 secs]
64.784: Total time for which application threads were stopped: 0.0005740 seconds, Stopping threads took: 0.0000200 seconds
64.901: [GC (Allocation Failure)  187045K->677K(524800K), 0.0006425 secs]
64.902: Total time for which application threads were stopped: 0.0007626 seconds, Stopping threads took: 0.0000194 seconds
65.015: [GC (Allocation Failure)  181925K->645K(519680K), 0.0004730 secs]
65.015: Total time for which application threads were stopped: 0.0005967 seconds, Stopping threads took: 0.0000272 seconds
65.125: [GC (Allocation Failure)  176773K->709K(515072K), 0.0005287 secs]
65.126: Total time for which application threads were stopped: 0.0006450 seconds, Stopping threads took: 0.0000194 seconds
65.238: [GC (Allocation Failure)  172229K->645K(510464K), 0.0004357 secs]
65.239: Total time for which application threads were stopped: 0.0005431 seconds, Stopping threads took: 0.0000166 seconds
65.343: [GC (Allocation Failure)  167557K->677K(505856K), 0.0005170 secs]
65.344: Total time for which application threads were stopped: 0.0006436 seconds, Stopping threads took: 0.0000257 seconds
65.446: [GC (Allocation Failure)  162981K->677K(501760K), 0.0004267 secs]
65.447: Total time for which application threads were stopped: 0.0005373 seconds, Stopping threads took: 0.0000170 seconds
65.546: [GC (Allocation Failure)  158885K->677K(497664K), 0.0005584 secs]
65.546: Total time for which application threads were stopped: 0.0006879 seconds, Stopping threads took: 0.0000336 seconds
65.643: [GC (Allocation Failure)  154789K->677K(493568K), 0.0004721 secs]
65.643: Total time for which application threads were stopped: 0.0005920 seconds, Stopping threads took: 0.0000194 seconds
65.737: [GC (Allocation Failure)  150693K->645K(489984K), 0.0004689 secs]
65.737: Total time for which application threads were stopped: 0.0005913 seconds, Stopping threads took: 0.0000274 seconds
65.834: [GC (Allocation Failure)  147077K->645K(486400K), 0.0004341 secs]
65.834: Total time for which application threads were stopped: 0.0005511 seconds, Stopping threads took: 0.0000267 seconds
65.929: [GC (Allocation Failure)  143493K->645K(482816K), 0.0004867 secs]
65.930: Total time for which application threads were stopped: 0.0006176 seconds, Stopping threads took: 0.0000167 seconds
66.023: [GC (Allocation Failure)  139909K->677K(479232K), 0.0004903 secs]
66.023: Total time for which application threads were stopped: 0.0006233 seconds, Stopping threads took: 0.0000211 seconds
66.114: [GC (Allocation Failure)  136357K->645K(476160K), 0.0004849 secs]
66.115: Total time for which application threads were stopped: 0.0006162 seconds, Stopping threads took: 0.0000214 seconds
66.201: [GC (Allocation Failure)  133253K->645K(473088K), 0.0004754 secs]
66.202: Total time for which application threads were stopped: 0.0005996 seconds, Stopping threads took: 0.0000205 seconds
66.287: [GC (Allocation Failure)  130181K->613K(470016K), 0.0004625 secs]
66.287: Total time for which application threads were stopped: 0.0006013 seconds, Stopping threads took: 0.0000276 seconds
66.371: [GC (Allocation Failure)  127077K->677K(466944K), 0.0007040 secs]
66.371: Total time for which application threads were stopped: 0.0008092 seconds, Stopping threads took: 0.0000127 seconds
66.454: [GC (Allocation Failure)  124069K->645K(464384K), 0.0004405 secs]
66.454: Total time for which application threads were stopped: 0.0005595 seconds, Stopping threads took: 0.0000195 seconds
66.530: [GC (Allocation Failure)  121477K->677K(461824K), 0.0005894 secs]
66.531: Total time for which application threads were stopped: 0.0007168 seconds, Stopping threads took: 0.0000206 seconds
66.605: [GC (Allocation Failure)  118949K->613K(459264K), 0.0006670 secs]
66.605: Total time for which application threads were stopped: 0.0008117 seconds, Stopping threads took: 0.0000293 seconds
66.683: [GC (Allocation Failure)  116325K->645K(456704K), 0.0007132 secs]
66.683: Total time for which application threads were stopped: 0.0008567 seconds, Stopping threads took: 0.0000226 seconds
66.755: [GC (Allocation Failure)  113797K->677K(454144K), 0.0005233 secs]
66.755: Total time for which application threads were stopped: 0.0006478 seconds, Stopping threads took: 0.0000268 seconds
66.825: [GC (Allocation Failure)  111269K->645K(452096K), 0.0004210 secs]
66.826: Total time for which application threads were stopped: 0.0005466 seconds, Stopping threads took: 0.0000259 seconds
66.894: [GC (Allocation Failure)  109189K->645K(450048K), 0.0005572 secs]
66.895: Total time for which application threads were stopped: 0.0006884 seconds, Stopping threads took: 0.0000280 seconds
66.962: [GC (Allocation Failure)  107141K->645K(448000K), 0.0005246 secs]
66.962: Total time for which application threads were stopped: 0.0006726 seconds, Stopping threads took: 0.0000216 seconds
67.035: [GC (Allocation Failure)  105093K->709K(445952K), 0.0006783 secs]
67.036: Total time for which application threads were stopped: 0.0008388 seconds, Stopping threads took: 0.0000314 seconds
67.104: [GC (Allocation Failure)  103109K->709K(443904K), 0.0005593 secs]
67.104: Total time for which application threads were stopped: 0.0007179 seconds, Stopping threads took: 0.0000314 seconds
67.168: [GC (Allocation Failure)  101061K->677K(441856K), 0.0005592 secs]
67.168: Total time for which application threads were stopped: 0.0006793 seconds, Stopping threads took: 0.0000193 seconds
67.230: [GC (Allocation Failure)  98981K->645K(439808K), 0.0005126 secs]
67.231: Total time for which application threads were stopped: 0.0006508 seconds, Stopping threads took: 0.0000206 seconds
67.297: [GC (Allocation Failure)  96901K->677K(437760K), 0.0005149 secs]
67.298: Total time for which application threads were stopped: 0.0006587 seconds, Stopping threads took: 0.0000215 seconds
67.364: [GC (Allocation Failure)  94885K->613K(436224K), 0.0005063 secs]
67.365: Total time for which application threads were stopped: 0.0006384 seconds, Stopping threads took: 0.0000247 seconds
67.423: [GC (Allocation Failure)  93285K->677K(434688K), 0.0004671 secs]
67.424: Total time for which application threads were stopped: 0.0005948 seconds, Stopping threads took: 0.0000275 seconds
67.481: [GC (Allocation Failure)  91813K->645K(433152K), 0.0005392 secs]
67.482: Total time for which application threads were stopped: 0.0006818 seconds, Stopping threads took: 0.0000215 seconds
67.538: [GC (Allocation Failure)  90245K->645K(431616K), 0.0006625 secs]
67.538: Total time for which application threads were stopped: 0.0007823 seconds, Stopping threads took: 0.0000192 seconds
67.600: [GC (Allocation Failure)  88709K->677K(430080K), 0.0005418 secs]
67.600: Total time for which application threads were stopped: 0.0006584 seconds, Stopping threads took: 0.0000276 seconds
67.655: [GC (Allocation Failure)  87205K->645K(428544K), 0.0005394 secs]
67.655: Total time for which application threads were stopped: 0.0006489 seconds, Stopping threads took: 0.0000163 seconds
67.708: [GC (Allocation Failure)  85637K->677K(427008K), 0.0005327 secs]
67.709: Total time for which application threads were stopped: 0.0006591 seconds, Stopping threads took: 0.0000207 seconds
67.762: [GC (Allocation Failure)  84133K->709K(425472K), 0.0004520 secs]
67.762: Total time for which application threads were stopped: 0.0005848 seconds, Stopping threads took: 0.0000270 seconds
67.814: [GC (Allocation Failure)  82629K->645K(423936K), 0.0004503 secs]
67.815: Total time for which application threads were stopped: 0.0005681 seconds, Stopping threads took: 0.0000196 seconds
67.868: [GC (Allocation Failure)  81029K->645K(422400K), 0.0004397 secs]
67.869: Total time for which application threads were stopped: 0.0005344 seconds, Stopping threads took: 0.0000163 seconds
67.919: [GC (Allocation Failure)  79493K->677K(421376K), 0.0006000 secs]
67.919: Total time for which application threads were stopped: 0.0007393 seconds, Stopping threads took: 0.0000259 seconds
67.968: [GC (Allocation Failure)  78501K->677K(420352K), 0.0004829 secs]
67.969: Total time for which application threads were stopped: 0.0005978 seconds, Stopping threads took: 0.0000203 seconds
68.025: [GC (Allocation Failure)  77477K->741K(419328K), 0.0005251 secs]
68.025: Total time for which application threads were stopped: 0.0006446 seconds, Stopping threads took: 0.0000250 seconds
68.073: [GC (Allocation Failure)  76517K->677K(418304K), 0.0005575 secs]
68.074: Total time for which application threads were stopped: 0.0006968 seconds, Stopping threads took: 0.0000208 seconds
68.125: [GC (Allocation Failure)  75429K->645K(417280K), 0.0005378 secs]
68.126: Total time for which application threads were stopped: 0.0006848 seconds, Stopping threads took: 0.0000216 seconds
68.176: [GC (Allocation Failure)  74373K->677K(416256K), 0.0006866 secs]
68.177: Total time for which application threads were stopped: 0.0008351 seconds, Stopping threads took: 0.0000214 seconds
68.226: [GC (Allocation Failure)  73381K->677K(415232K), 0.0004699 secs]
68.226: Total time for which application threads were stopped: 0.0005983 seconds, Stopping threads took: 0.0000211 seconds
68.271: [GC (Allocation Failure)  72357K->741K(414208K), 0.0004929 secs]
68.272: Total time for which application threads were stopped: 0.0006165 seconds, Stopping threads took: 0.0000267 seconds
68.316: [GC (Allocation Failure)  71397K->645K(413184K), 0.0004948 secs]
68.317: Total time for which application threads were stopped: 0.0006254 seconds, Stopping threads took: 0.0000193 seconds
68.367: [GC (Allocation Failure)  70277K->613K(412160K), 0.0006454 secs]
68.368: Total time for which application threads were stopped: 0.0007605 seconds, Stopping threads took: 0.0000243 seconds
68.413: [GC (Allocation Failure)  69221K->709K(411136K), 0.0004696 secs]
68.413: Total time for which application threads were stopped: 0.0005880 seconds, Stopping threads took: 0.0000202 seconds
68.459: [GC (Allocation Failure)  68293K->709K(410112K), 0.0005005 secs]
68.459: Total time for which application threads were stopped: 0.0006373 seconds, Stopping threads took: 0.0000199 seconds
68.501: [GC (Allocation Failure)  67269K->613K(423424K), 0.0006206 secs]
68.502: Total time for which application threads were stopped: 0.0007547 seconds, Stopping threads took: 0.0000291 seconds
68.552: [GC (Allocation Failure)  80485K->613K(439808K), 0.0005447 secs]
68.553: Total time for which application threads were stopped: 0.0006750 seconds, Stopping threads took: 0.0000185 seconds
68.613: [GC (Allocation Failure)  96869K->677K(437760K), 0.0006357 secs]
68.614: Total time for which application threads were stopped: 0.0007637 seconds, Stopping threads took: 0.0000228 seconds
68.680: [GC (Allocation Failure)  94885K->709K(436224K), 0.0004885 secs]
68.680: Total time for which application threads were stopped: 0.0005918 seconds, Stopping threads took: 0.0000179 seconds
68.739: [GC (Allocation Failure)  93381K->677K(434688K), 0.0004800 secs]
68.739: Total time for which application threads were stopped: 0.0006080 seconds, Stopping threads took: 0.0000275 seconds
68.796: [GC (Allocation Failure)  91813K->645K(433152K), 0.0005036 secs]
68.797: Total time for which application threads were stopped: 0.0006251 seconds, Stopping threads took: 0.0000195 seconds
68.860: [GC (Allocation Failure)  90245K->709K(431616K), 0.0006359 secs]
68.860: Total time for which application threads were stopped: 0.0007658 seconds, Stopping threads took: 0.0000286 seconds
68.920: [GC (Allocation Failure)  88773K->613K(430080K), 0.0005523 secs]
68.920: Total time for which application threads were stopped: 0.0006779 seconds, Stopping threads took: 0.0000210 seconds
68.975: [GC (Allocation Failure)  87141K->709K(428544K), 0.0004836 secs]
68.975: Total time for which application threads were stopped: 0.0006132 seconds, Stopping threads took: 0.0000285 seconds
69.028: [GC (Allocation Failure)  85701K->645K(427008K), 0.0005901 secs]
69.029: Total time for which application threads were stopped: 0.0007073 seconds, Stopping threads took: 0.0000197 seconds
69.089: [GC (Allocation Failure)  84101K->677K(425472K), 0.0004703 secs]
69.089: Total time for which application threads were stopped: 0.0005771 seconds, Stopping threads took: 0.0000175 seconds
69.141: [GC (Allocation Failure)  82597K->645K(423936K), 0.0004829 secs]
69.141: Total time for which application threads were stopped: 0.0006227 seconds, Stopping threads took: 0.0000195 seconds
69.192: [GC (Allocation Failure)  81029K->709K(422400K), 0.0005348 secs]
69.192: Total time for which application threads were stopped: 0.0006639 seconds, Stopping threads took: 0.0000211 seconds
69.248: [GC (Allocation Failure)  79557K->645K(421376K), 0.0005245 secs]
69.249: Total time for which application threads were stopped: 0.0006581 seconds, Stopping threads took: 0.0000216 seconds
69.298: [GC (Allocation Failure)  78469K->645K(420352K), 0.0006025 secs]
69.299: Total time for which application threads were stopped: 0.0007502 seconds, Stopping threads took: 0.0000204 seconds
69.354: [GC (Allocation Failure)  77445K->613K(419328K), 0.0005258 secs]
69.355: Total time for which application threads were stopped: 0.0006493 seconds, Stopping threads took: 0.0000250 seconds
69.406: [GC (Allocation Failure)  76389K->677K(418304K), 0.0005599 secs]
69.407: Total time for which application threads were stopped: 0.0006940 seconds, Stopping threads took: 0.0000217 seconds
69.454: [GC (Allocation Failure)  75429K->709K(417280K), 0.0004891 secs]
69.455: Total time for which application threads were stopped: 0.0005971 seconds, Stopping threads took: 0.0000195 seconds
69.501: [GC (Allocation Failure)  74437K->645K(416256K), 0.0005641 secs]
69.502: Total time for which application threads were stopped: 0.0006689 seconds, Stopping threads took: 0.0000164 seconds
69.554: [GC (Allocation Failure)  73349K->709K(415232K), 0.0005610 secs]
69.554: Total time for which application threads were stopped: 0.0006818 seconds, Stopping threads took: 0.0000194 seconds
69.599: [GC (Allocation Failure)  72389K->709K(414208K), 0.0005079 secs]
69.600: Total time for which application threads were stopped: 0.0006484 seconds, Stopping threads took: 0.0000191 seconds
69.650: [GC (Allocation Failure)  71365K->645K(413184K), 0.0006073 secs]
69.650: Total time for which application threads were stopped: 0.0007296 seconds, Stopping threads took: 0.0000194 seconds
69.698: [GC (Allocation Failure)  70277K->677K(412160K), 0.0004398 secs]
69.698: Total time for which application threads were stopped: 0.0005533 seconds, Stopping threads took: 0.0000195 seconds
69.747: [GC (Allocation Failure)  69285K->645K(411136K), 0.0004169 secs]
69.748: Total time for which application threads were stopped: 0.0005274 seconds, Stopping threads took: 0.0000172 seconds
69.790: [GC (Allocation Failure)  68229K->613K(410112K), 0.0004923 secs]
69.791: Total time for which application threads were stopped: 0.0006212 seconds, Stopping threads took: 0.0000213 seconds
69.833: [GC (Allocation Failure)  67173K->645K(409088K), 0.0005182 secs]
69.834: Total time for which application threads were stopped: 0.0006461 seconds, Stopping threads took: 0.0000267 seconds
69.881: [GC (Allocation Failure)  66181K->709K(408064K), 0.0005196 secs]
69.882: Total time for which application threads were stopped: 0.0006245 seconds, Stopping threads took: 0.0000164 seconds
69.923: [GC (Allocation Failure)  65221K->645K(407040K), 0.0005423 secs]
69.924: Total time for which application threads were stopped: 0.0006735 seconds, Stopping threads took: 0.0000273 seconds
69.969: [GC (Allocation Failure)  64133K->709K(419840K), 0.0006345 secs]
69.970: Total time for which application threads were stopped: 0.0007928 seconds, Stopping threads took: 0.0000300 seconds
70.018: [GC (Allocation Failure)  76997K->613K(418816K), 0.0004960 secs]
70.019: Total time for which application threads were stopped: 0.0006274 seconds, Stopping threads took: 0.0000221 seconds
70.067: [GC (Allocation Failure)  75877K->677K(434176K), 0.0006003 secs]
70.067: Total time for which application threads were stopped: 0.0007361 seconds, Stopping threads took: 0.0000191 seconds
70.130: [GC (Allocation Failure)  91301K->645K(432640K), 0.0005146 secs]
70.130: Total time for which application threads were stopped: 0.0006321 seconds, Stopping threads took: 0.0000194 seconds
70.186: [GC (Allocation Failure)  89733K->709K(431104K), 0.0005025 secs]
70.187: Total time for which application threads were stopped: 0.0006354 seconds, Stopping threads took: 0.0000270 seconds
70.242: [GC (Allocation Failure)  88261K->677K(429568K), 0.0005654 secs]
70.242: Total time for which application threads were stopped: 0.0007024 seconds, Stopping threads took: 0.0000216 seconds
70.302: [GC (Allocation Failure)  86693K->613K(428032K), 0.0004834 secs]
70.303: Total time for which application threads were stopped: 0.0006150 seconds, Stopping threads took: 0.0000240 seconds
70.360: [GC (Allocation Failure)  85093K->645K(426496K), 0.0004421 secs]
70.361: Total time for which application threads were stopped: 0.0005622 seconds, Stopping threads took: 0.0000197 seconds
70.414: [GC (Allocation Failure)  83589K->645K(424960K), 0.0005902 secs]
70.415: Total time for which application threads were stopped: 0.0007252 seconds, Stopping threads took: 0.0000202 seconds
70.466: [GC (Allocation Failure)  82053K->709K(423424K), 0.0005178 secs]
70.466: Total time for which application threads were stopped: 0.0006629 seconds, Stopping threads took: 0.0000213 seconds
70.516: [GC (Allocation Failure)  80581K->677K(439808K), 0.0011358 secs]
70.517: Total time for which application threads were stopped: 0.0012691 seconds, Stopping threads took: 0.0000216 seconds
70.582: [GC (Allocation Failure)  96933K->645K(437760K), 0.0004476 secs]
70.583: Total time for which application threads were stopped: 0.0005614 seconds, Stopping threads took: 0.0000168 seconds
70.642: [GC (Allocation Failure)  94853K->677K(436224K), 0.0004960 secs]
70.643: Total time for which application threads were stopped: 0.0006281 seconds, Stopping threads took: 0.0000201 seconds
70.701: [GC (Allocation Failure)  93349K->613K(434688K), 0.0004960 secs]
70.702: Total time for which application threads were stopped: 0.0006406 seconds, Stopping threads took: 0.0000278 seconds
70.759: [GC (Allocation Failure)  91749K->645K(433152K), 0.0005015 secs]
70.760: Total time for which application threads were stopped: 0.0006309 seconds, Stopping threads took: 0.0000278 seconds
70.823: [GC (Allocation Failure)  90245K->677K(431616K), 0.0005574 secs]
70.824: Total time for which application threads were stopped: 0.0006876 seconds, Stopping threads took: 0.0000204 seconds
70.879: [GC (Allocation Failure)  88741K->645K(430080K), 0.0004755 secs]
70.880: Total time for which application threads were stopped: 0.0005948 seconds, Stopping threads took: 0.0000195 seconds
70.934: [GC (Allocation Failure)  87173K->645K(428544K), 0.0007814 secs]
70.935: Total time for which application threads were stopped: 0.0009144 seconds, Stopping threads took: 0.0000287 seconds
70.992: [GC (Allocation Failure)  85637K->677K(427008K), 0.0004439 secs]
70.992: Total time for which application threads were stopped: 0.0005620 seconds, Stopping threads took: 0.0000193 seconds
71.044: [GC (Allocation Failure)  84133K->709K(425472K), 0.0005637 secs]
71.045: Total time for which application threads were stopped: 0.0006721 seconds, Stopping threads took: 0.0000165 seconds
71.097: [GC (Allocation Failure)  82629K->645K(423936K), 0.0004591 secs]
71.097: Total time for which application threads were stopped: 0.0005768 seconds, Stopping threads took: 0.0000195 seconds
71.148: [GC (Allocation Failure)  81029K->645K(422400K), 0.0005369 secs]
71.148: Total time for which application threads were stopped: 0.0006638 seconds, Stopping threads took: 0.0000270 seconds
71.198: [GC (Allocation Failure)  79493K->613K(421376K), 0.0004931 secs]
71.198: Total time for which application threads were stopped: 0.0006197 seconds, Stopping threads took: 0.0000193 seconds
71.252: [GC (Allocation Failure)  78437K->677K(420352K), 0.0005152 secs]
71.252: Total time for which application threads were stopped: 0.0006536 seconds, Stopping threads took: 0.0000209 seconds
71.301: [GC (Allocation Failure)  77477K->677K(419328K), 0.0004918 secs]
71.301: Total time for which application threads were stopped: 0.0006113 seconds, Stopping threads took: 0.0000197 seconds
71.356: [GC (Allocation Failure)  76453K->613K(434688K), 0.0010231 secs]
71.358: Total time for which application threads were stopped: 0.0011515 seconds, Stopping threads took: 0.0000268 seconds
71.416: [GC (Allocation Failure)  91749K->645K(433152K), 0.0004922 secs]
71.416: Total time for which application threads were stopped: 0.0006126 seconds, Stopping threads took: 0.0000199 seconds
71.476: [GC (Allocation Failure)  90245K->741K(431616K), 0.0005151 secs]
71.477: Total time for which application threads were stopped: 0.0006508 seconds, Stopping threads took: 0.0000211 seconds
71.532: [GC (Allocation Failure)  88805K->709K(430080K), 0.0005341 secs]
71.533: Total time for which application threads were stopped: 0.0006792 seconds, Stopping threads took: 0.0000215 seconds
71.593: [GC (Allocation Failure)  87237K->645K(428544K), 0.0006287 secs]
71.594: Total time for which application threads were stopped: 0.0007543 seconds, Stopping threads took: 0.0000202 seconds
71.647: [GC (Allocation Failure)  85637K->677K(427008K), 0.0005472 secs]
71.648: Total time for which application threads were stopped: 0.0006674 seconds, Stopping threads took: 0.0000193 seconds
71.706: [GC (Allocation Failure)  84133K->677K(425472K), 0.0006835 secs]
71.706: Total time for which application threads were stopped: 0.0008220 seconds, Stopping threads took: 0.0000194 seconds
71.758: [GC (Allocation Failure)  82597K->645K(423936K), 0.0004962 secs]
71.759: Total time for which application threads were stopped: 0.0006332 seconds, Stopping threads took: 0.0000261 seconds
71.810: [GC (Allocation Failure)  81029K->677K(422400K), 0.0004871 secs]
71.810: Total time for which application threads were stopped: 0.0006157 seconds, Stopping threads took: 0.0000213 seconds
71.860: [GC (Allocation Failure)  79525K->645K(421376K), 0.0004364 secs]
71.861: Total time for which application threads were stopped: 0.0005713 seconds, Stopping threads took: 0.0000196 seconds
71.913: [GC (Allocation Failure)  78469K->677K(420352K), 0.0005617 secs]
71.914: Total time for which application threads were stopped: 0.0006775 seconds, Stopping threads took: 0.0000193 seconds
71.967: [GC (Allocation Failure)  77477K->677K(419328K), 0.0005788 secs]
71.967: Total time for which application threads were stopped: 0.0007050 seconds, Stopping threads took: 0.0000175 seconds
72.015: [GC (Allocation Failure)  76453K->709K(418304K), 0.0004954 secs]
72.015: Total time for which application threads were stopped: 0.0006245 seconds, Stopping threads took: 0.0000203 seconds
72.063: [GC (Allocation Failure)  75461K->677K(417280K), 0.0005057 secs]
72.063: Total time for which application threads were stopped: 0.0006238 seconds, Stopping threads took: 0.0000194 seconds
72.115: [GC (Allocation Failure)  74405K->645K(416256K), 0.0005070 secs]
72.116: Total time for which application threads were stopped: 0.0006171 seconds, Stopping threads took: 0.0000168 seconds
72.161: [GC (Allocation Failure)  73349K->677K(415232K), 0.0005184 secs]
72.162: Total time for which application threads were stopped: 0.0006386 seconds, Stopping threads took: 0.0000196 seconds
72.207: [GC (Allocation Failure)  72357K->613K(414208K), 0.0005828 secs]
72.207: Total time for which application threads were stopped: 0.0007357 seconds, Stopping threads took: 0.0000297 seconds
72.258: [GC (Allocation Failure)  71269K->677K(413184K), 0.0005690 secs]
72.259: Total time for which application threads were stopped: 0.0006891 seconds, Stopping threads took: 0.0000196 seconds
72.308: [GC (Allocation Failure)  70309K->677K(412160K), 0.0004989 secs]
72.309: Total time for which application threads were stopped: 0.0006182 seconds, Stopping threads took: 0.0000190 seconds
72.353: [GC (Allocation Failure)  69285K->645K(411136K), 0.0006044 secs]
72.354: Total time for which application threads were stopped: 0.0007269 seconds, Stopping threads took: 0.0000244 seconds
72.397: [GC (Allocation Failure)  68229K->677K(410112K), 0.0004829 secs]
72.398: Total time for which application threads were stopped: 0.0006108 seconds, Stopping threads took: 0.0000212 seconds
72.440: [GC (Allocation Failure)  67237K->677K(409088K), 0.0005143 secs]
72.441: Total time for which application threads were stopped: 0.0006326 seconds, Stopping threads took: 0.0000216 seconds
72.482: [GC (Allocation Failure)  66213K->677K(422400K), 0.0006049 secs]
72.483: Total time for which application threads were stopped: 0.0007484 seconds, Stopping threads took: 0.0000202 seconds
72.536: [GC (Allocation Failure)  79525K->613K(438272K), 0.0006022 secs]
72.537: Total time for which application threads were stopped: 0.0007636 seconds, Stopping threads took: 0.0000316 seconds
72.596: [GC (Allocation Failure)  95333K->613K(436736K), 0.0004703 secs]
72.597: Total time for which application threads were stopped: 0.0006032 seconds, Stopping threads took: 0.0000192 seconds
72.661: [GC (Allocation Failure)  93797K->645K(435200K), 0.0004771 secs]
72.662: Total time for which application threads were stopped: 0.0006169 seconds, Stopping threads took: 0.0000214 seconds
72.726: [GC (Allocation Failure)  92293K->677K(433664K), 0.0004842 secs]
72.727: Total time for which application threads were stopped: 0.0006011 seconds, Stopping threads took: 0.0000191 seconds
72.783: [GC (Allocation Failure)  90789K->645K(432128K), 0.0005172 secs]
72.784: Total time for which application threads were stopped: 0.0006500 seconds, Stopping threads took: 0.0000190 seconds
72.840: [GC (Allocation Failure)  89221K->645K(430592K), 0.0004030 secs]
72.840: Total time for which application threads were stopped: 0.0005222 seconds, Stopping threads took: 0.0000260 seconds
72.895: [GC (Allocation Failure)  87685K->677K(429056K), 0.0004840 secs]
72.896: Total time for which application threads were stopped: 0.0006043 seconds, Stopping threads took: 0.0000192 seconds
72.949: [GC (Allocation Failure)  86181K->741K(427520K), 0.0005236 secs]
72.950: Total time for which application threads were stopped: 0.0006582 seconds, Stopping threads took: 0.0000186 seconds
73.003: [GC (Allocation Failure)  84709K->645K(425984K), 0.0004871 secs]
73.003: Total time for which application threads were stopped: 0.0006128 seconds, Stopping threads took: 0.0000278 seconds
73.060: [GC (Allocation Failure)  83077K->709K(424448K), 0.0005271 secs]
73.061: Total time for which application threads were stopped: 0.0006457 seconds, Stopping threads took: 0.0000191 seconds
73.112: [GC (Allocation Failure)  81605K->613K(422912K), 0.0005395 secs]
73.112: Total time for which application threads were stopped: 0.0006665 seconds, Stopping threads took: 0.0000187 seconds
73.167: [GC (Allocation Failure)  79973K->677K(421888K), 0.0005307 secs]
73.168: Total time for which application threads were stopped: 0.0007890 seconds, Stopping threads took: 0.0001508 seconds
73.217: [GC (Allocation Failure)  79013K->677K(420864K), 0.0005666 secs]
73.218: Total time for which application threads were stopped: 0.0006971 seconds, Stopping threads took: 0.0000202 seconds
73.267: [GC (Allocation Failure)  77989K->709K(436736K), 0.0008306 secs]
73.268: Total time for which application threads were stopped: 0.0009539 seconds, Stopping threads took: 0.0000191 seconds
73.326: [GC (Allocation Failure)  93893K->613K(435200K), 0.0006013 secs]
73.327: Total time for which application threads were stopped: 0.0007169 seconds, Stopping threads took: 0.0000189 seconds
73.386: [GC (Allocation Failure)  92261K->613K(433664K), 0.0004898 secs]
73.387: Total time for which application threads were stopped: 0.0006180 seconds, Stopping threads took: 0.0000272 seconds
73.443: [GC (Allocation Failure)  90725K->613K(432128K), 0.0004576 secs]
73.444: Total time for which application threads were stopped: 0.0005834 seconds, Stopping threads took: 0.0000185 seconds
73.505: [GC (Allocation Failure)  89189K->677K(430592K), 0.0005104 secs]
73.505: Total time for which application threads were stopped: 0.0006525 seconds, Stopping threads took: 0.0000209 seconds
73.560: [GC (Allocation Failure)  87717K->613K(429056K), 0.0006490 secs]
73.561: Total time for which application threads were stopped: 0.0007938 seconds, Stopping threads took: 0.0000213 seconds
73.622: [GC (Allocation Failure)  86117K->645K(427520K), 0.0005573 secs]
73.622: Total time for which application threads were stopped: 0.0007230 seconds, Stopping threads took: 0.0000308 seconds
73.681: [GC (Allocation Failure)  84613K->709K(425984K), 0.0006541 secs]
73.681: Total time for which application threads were stopped: 0.0008191 seconds, Stopping threads took: 0.0000291 seconds
73.736: [GC (Allocation Failure)  83141K->677K(424448K), 0.0005031 secs]
73.737: Total time for which application threads were stopped: 0.0006502 seconds, Stopping threads took: 0.0000217 seconds
73.791: [GC (Allocation Failure)  81573K->613K(422912K), 0.0005770 secs]
73.792: Total time for which application threads were stopped: 0.0007010 seconds, Stopping threads took: 0.0000193 seconds
73.842: [GC (Allocation Failure)  79973K->677K(421888K), 0.0004481 secs]
73.843: Total time for which application threads were stopped: 0.0005940 seconds, Stopping threads took: 0.0000272 seconds
73.895: [GC (Allocation Failure)  79013K->677K(420864K), 0.0004138 secs]
73.896: Total time for which application threads were stopped: 0.0005194 seconds, Stopping threads took: 0.0000170 seconds
73.945: [GC (Allocation Failure)  77989K->677K(419840K), 0.0005212 secs]
73.946: Total time for which application threads were stopped: 0.0006443 seconds, Stopping threads took: 0.0000273 seconds
73.994: [GC (Allocation Failure)  76965K->677K(418816K), 0.0004471 secs]
73.995: Total time for which application threads were stopped: 0.0005720 seconds, Stopping threads took: 0.0000204 seconds
74.042: [GC (Allocation Failure)  75941K->645K(417792K), 0.0005231 secs]
74.043: Total time for which application threads were stopped: 0.0006471 seconds, Stopping threads took: 0.0000200 seconds
74.095: [GC (Allocation Failure)  74885K->709K(416768K), 0.0004890 secs]
74.096: Total time for which application threads were stopped: 0.0006187 seconds, Stopping threads took: 0.0000212 seconds
74.142: [GC (Allocation Failure)  73925K->645K(415744K), 0.0005716 secs]
74.143: Total time for which application threads were stopped: 0.0006908 seconds, Stopping threads took: 0.0000196 seconds
74.188: [GC (Allocation Failure)  72837K->613K(414720K), 0.0006156 secs]
74.189: Total time for which application threads were stopped: 0.0007390 seconds, Stopping threads took: 0.0000268 seconds
74.236: [GC (Allocation Failure)  71781K->613K(413696K), 0.0004598 secs]
74.236: Total time for which application threads were stopped: 0.0005841 seconds, Stopping threads took: 0.0000277 seconds
74.286: [GC (Allocation Failure)  70757K->677K(412672K), 0.0004902 secs]
74.287: Total time for which application threads were stopped: 0.0006005 seconds, Stopping threads took: 0.0000168 seconds
74.330: [GC (Allocation Failure)  69797K->645K(426496K), 0.0006810 secs]
74.331: Total time for which application threads were stopped: 0.0008090 seconds, Stopping threads took: 0.0000277 seconds
74.385: [GC (Allocation Failure)  83589K->677K(424960K), 0.0005693 secs]
74.386: Total time for which application threads were stopped: 0.0006966 seconds, Stopping threads took: 0.0000266 seconds
74.437: [GC (Allocation Failure)  82085K->709K(441344K), 0.0006575 secs]
74.438: Total time for which application threads were stopped: 0.0007758 seconds, Stopping threads took: 0.0000187 seconds
74.503: [GC (Allocation Failure)  98501K->677K(439296K), 0.0005040 secs]
74.503: Total time for which application threads were stopped: 0.0006294 seconds, Stopping threads took: 0.0000273 seconds
74.563: [GC (Allocation Failure)  96421K->645K(437760K), 0.0004698 secs]
74.563: Total time for which application threads were stopped: 0.0005901 seconds, Stopping threads took: 0.0000201 seconds
74.629: [GC (Allocation Failure)  94853K->677K(436224K), 0.0004730 secs]
74.629: Total time for which application threads were stopped: 0.0006212 seconds, Stopping threads took: 0.0000289 seconds
74.687: [GC (Allocation Failure)  93349K->581K(434688K), 0.0005040 secs]
74.688: Total time for which application threads were stopped: 0.0006228 seconds, Stopping threads took: 0.0000192 seconds
74.749: [GC (Allocation Failure)  91717K->677K(433152K), 0.0005223 secs]
74.749: Total time for which application threads were stopped: 0.0006466 seconds, Stopping threads took: 0.0000194 seconds
74.806: [GC (Allocation Failure)  90277K->645K(431616K), 0.0004945 secs]
74.807: Total time for which application threads were stopped: 0.0006327 seconds, Stopping threads took: 0.0000208 seconds
74.865: [GC (Allocation Failure)  88709K->677K(430080K), 0.0004407 secs]
74.866: Total time for which application threads were stopped: 0.0005595 seconds, Stopping threads took: 0.0000195 seconds
74.926: [GC (Allocation Failure)  87205K->677K(428544K), 0.0004475 secs]
74.927: Total time for which application threads were stopped: 0.0005666 seconds, Stopping threads took: 0.0000202 seconds
74.986: [GC (Allocation Failure)  85669K->677K(427008K), 0.0004384 secs]
74.987: Total time for which application threads were stopped: 0.0005715 seconds, Stopping threads took: 0.0000285 seconds
75.039: [GC (Allocation Failure)  84133K->677K(425472K), 0.0005090 secs]
75.040: Total time for which application threads were stopped: 0.0006544 seconds, Stopping threads took: 0.0000275 seconds
75.091: [GC (Allocation Failure)  82597K->677K(423936K), 0.0004416 secs]
75.091: Total time for which application threads were stopped: 0.0005671 seconds, Stopping threads took: 0.0000215 seconds
75.142: [GC (Allocation Failure)  81061K->677K(422400K), 0.0004837 secs]
75.143: Total time for which application threads were stopped: 0.0006116 seconds, Stopping threads took: 0.0000197 seconds
75.192: [GC (Allocation Failure)  79525K->645K(421376K), 0.0006494 secs]
75.193: Total time for which application threads were stopped: 0.0007981 seconds, Stopping threads took: 0.0000214 seconds
75.247: [GC (Allocation Failure)  78469K->677K(420352K), 0.0005425 secs]
75.248: Total time for which application threads were stopped: 0.0006834 seconds, Stopping threads took: 0.0000224 seconds
75.296: [GC (Allocation Failure)  77477K->677K(419328K), 0.0005282 secs]
75.297: Total time for which application threads were stopped: 0.0006677 seconds, Stopping threads took: 0.0000216 seconds
75.345: [GC (Allocation Failure)  76453K->677K(418304K), 0.0005139 secs]
75.345: Total time for which application threads were stopped: 0.0006691 seconds, Stopping threads took: 0.0000267 seconds
75.393: [GC (Allocation Failure)  75429K->709K(417280K), 0.0004505 secs]
75.394: Total time for which application threads were stopped: 0.0005563 seconds, Stopping threads took: 0.0000168 seconds
75.446: [GC (Allocation Failure)  74437K->709K(416256K), 0.0005023 secs]
75.446: Total time for which application threads were stopped: 0.0006270 seconds, Stopping threads took: 0.0000280 seconds
75.496: [GC (Allocation Failure)  73413K->741K(415232K), 0.0004768 secs]
75.496: Total time for which application threads were stopped: 0.0005937 seconds, Stopping threads took: 0.0000161 seconds
75.545: [GC (Allocation Failure)  72421K->645K(414208K), 0.0005509 secs]
75.546: Total time for which application threads were stopped: 0.0006746 seconds, Stopping threads took: 0.0000191 seconds
