Java HotSpot(TM) 64-Bit Server VM (25.171-b11) for linux-amd64 JRE (1.8.0_171-b11), built on Mar 28 2018 17:07:08 by "java_re" with gcc 4.3.0 20080428 (Red Hat 4.3.0-8)
Memory: 4k page, physical 32883000k(29633456k free), swap 8000508k(8000508k free)
CommandLine flags: -XX:InitialHeapSize=526128000 -XX:MaxHeapSize=8418048000 -XX:+PrintGC -XX:+PrintGCApplicationStoppedTime -XX:+PrintGCTimeStamps -XX:+UseCompressedClassPointers -XX:+UseCompressedOops -XX:+UseParallelGC 
0.384: [GC (Allocation Failure)  129024K->2365K(493056K), 0.0020046 secs]
0.386: Total time for which application threads were stopped: 0.0021868 seconds, Stopping threads took: 0.0000217 seconds
0.473: [GC (Allocation Failure)  131389K->576K(493056K), 0.0009105 secs]
0.474: Total time for which application threads were stopped: 0.0010570 seconds, Stopping threads took: 0.0000214 seconds
0.559: [GC (Allocation Failure)  129600K->584K(493056K), 0.0009050 secs]
0.560: Total time for which application threads were stopped: 0.0010377 seconds, Stopping threads took: 0.0000292 seconds
0.646: [GC (Allocation Failure)  129608K->647K(493056K), 0.0010497 secs]
0.647: Total time for which application threads were stopped: 0.0011741 seconds, Stopping threads took: 0.0000255 seconds
0.729: [GC (Allocation Failure)  129671K->591K(470016K), 0.0009692 secs]
0.730: Total time for which application threads were stopped: 0.0011178 seconds, Stopping threads took: 0.0000242 seconds
0.811: [GC (Allocation Failure)  126543K->600K(466944K), 0.0009428 secs]
0.812: Total time for which application threads were stopped: 0.0010780 seconds, Stopping threads took: 0.0000271 seconds
0.896: [GC (Allocation Failure)  123480K->605K(463872K), 0.0009550 secs]
0.897: Total time for which application threads were stopped: 0.0010825 seconds, Stopping threads took: 0.0000206 seconds
0.972: [GC (Allocation Failure)  120925K->637K(461312K), 0.0005217 secs]
0.973: Total time for which application threads were stopped: 0.0006397 seconds, Stopping threads took: 0.0000196 seconds
1.048: [GC (Allocation Failure)  118397K->605K(460800K), 0.0005704 secs]
1.049: Total time for which application threads were stopped: 0.0006941 seconds, Stopping threads took: 0.0000318 seconds
1.124: [GC (Allocation Failure)  115805K->637K(456192K), 0.0005971 secs]
1.124: Total time for which application threads were stopped: 0.0007202 seconds, Stopping threads took: 0.0000318 seconds
1.199: [GC (Allocation Failure)  113277K->605K(455168K), 0.0005214 secs]
1.199: Total time for which application threads were stopped: 0.0006314 seconds, Stopping threads took: 0.0000277 seconds
1.270: [GC (Allocation Failure)  110685K->605K(451584K), 0.0005320 secs]
1.270: Total time for which application threads were stopped: 0.0006548 seconds, Stopping threads took: 0.0000292 seconds
1.339: [GC (Allocation Failure)  108637K->669K(451072K), 0.0004625 secs]
1.339: Total time for which application threads were stopped: 0.0005863 seconds, Stopping threads took: 0.0000285 seconds
1.406: [GC (Allocation Failure)  106653K->605K(447488K), 0.0004850 secs]
1.406: Total time for which application threads were stopped: 0.0006200 seconds, Stopping threads took: 0.0000293 seconds
1.474: [GC (Allocation Failure)  104541K->669K(446976K), 0.0005909 secs]
1.475: Total time for which application threads were stopped: 0.0006986 seconds, Stopping threads took: 0.0000175 seconds
1.540: [GC (Allocation Failure)  102557K->637K(443392K), 0.0006118 secs]
1.540: Total time for which application threads were stopped: 0.0007349 seconds, Stopping threads took: 0.0000195 seconds
1.603: [GC (Allocation Failure)  100477K->669K(442880K), 0.0004842 secs]
1.604: Total time for which application threads were stopped: 0.0006327 seconds, Stopping threads took: 0.0000218 seconds
1.668: [GC (Allocation Failure)  98461K->637K(439296K), 0.0005386 secs]
1.668: Total time for which application threads were stopped: 0.0006755 seconds, Stopping threads took: 0.0000271 seconds
1.736: [GC (Allocation Failure)  96381K->669K(438784K), 0.0005389 secs]
1.736: Total time for which application threads were stopped: 0.0006637 seconds, Stopping threads took: 0.0000281 seconds
1.797: [GC (Allocation Failure)  94877K->637K(436224K), 0.0005013 secs]
1.798: Total time for which application threads were stopped: 0.0006248 seconds, Stopping threads took: 0.0000272 seconds
1.856: [GC (Allocation Failure)  93309K->669K(435712K), 0.0004552 secs]
1.856: Total time for which application threads were stopped: 0.0005615 seconds, Stopping threads took: 0.0000163 seconds
1.917: [GC (Allocation Failure)  91805K->669K(433152K), 0.0005643 secs]
1.917: Total time for which application threads were stopped: 0.0006845 seconds, Stopping threads took: 0.0000317 seconds
1.974: [GC (Allocation Failure)  90269K->669K(432640K), 0.0004970 secs]
1.974: Total time for which application threads were stopped: 0.0006295 seconds, Stopping threads took: 0.0000223 seconds
2.029: [GC (Allocation Failure)  88733K->637K(430080K), 0.0006251 secs]
2.030: Total time for which application threads were stopped: 0.0007503 seconds, Stopping threads took: 0.0000197 seconds
2.087: [GC (Allocation Failure)  87165K->669K(429056K), 0.0004693 secs]
2.087: Total time for which application threads were stopped: 0.0005876 seconds, Stopping threads took: 0.0000203 seconds
2.146: [GC (Allocation Failure)  85661K->701K(427008K), 0.0004588 secs]
2.147: Total time for which application threads were stopped: 0.0005677 seconds, Stopping threads took: 0.0000190 seconds
2.203: [GC (Allocation Failure)  84157K->669K(425984K), 0.0004271 secs]
2.204: Total time for which application threads were stopped: 0.0005350 seconds, Stopping threads took: 0.0000167 seconds
2.259: [GC (Allocation Failure)  82589K->669K(423936K), 0.0004783 secs]
2.259: Total time for which application threads were stopped: 0.0005988 seconds, Stopping threads took: 0.0000195 seconds
2.316: [GC (Allocation Failure)  81053K->669K(422912K), 0.0006103 secs]
2.317: Total time for which application threads were stopped: 0.0007218 seconds, Stopping threads took: 0.0000195 seconds
2.373: [GC (Allocation Failure)  79517K->669K(421376K), 0.0004601 secs]
2.374: Total time for which application threads were stopped: 0.0005664 seconds, Stopping threads took: 0.0000163 seconds
2.428: [GC (Allocation Failure)  78493K->669K(420864K), 0.0004856 secs]
2.428: Total time for which application threads were stopped: 0.0006088 seconds, Stopping threads took: 0.0000279 seconds
2.482: [GC (Allocation Failure)  77469K->637K(419328K), 0.0005364 secs]
2.483: Total time for which application threads were stopped: 0.0006545 seconds, Stopping threads took: 0.0000187 seconds
2.534: [GC (Allocation Failure)  76413K->669K(418816K), 0.0004812 secs]
2.534: Total time for which application threads were stopped: 0.0005995 seconds, Stopping threads took: 0.0000203 seconds
2.585: [GC (Allocation Failure)  75421K->701K(417280K), 0.0005539 secs]
2.585: Total time for which application threads were stopped: 0.0006691 seconds, Stopping threads took: 0.0000193 seconds
2.637: [GC (Allocation Failure)  74429K->637K(416256K), 0.0003987 secs]
2.637: Total time for which application threads were stopped: 0.0004941 seconds, Stopping threads took: 0.0000172 seconds
2.683: [GC (Allocation Failure)  73341K->637K(415232K), 0.0005035 secs]
2.683: Total time for which application threads were stopped: 0.0005996 seconds, Stopping threads took: 0.0000171 seconds
2.734: [GC (Allocation Failure)  72317K->669K(414208K), 0.0004525 secs]
2.734: Total time for which application threads were stopped: 0.0005574 seconds, Stopping threads took: 0.0000171 seconds
2.779: [GC (Allocation Failure)  71325K->669K(413184K), 0.0004872 secs]
2.779: Total time for which application threads were stopped: 0.0006125 seconds, Stopping threads took: 0.0000271 seconds
2.827: [GC (Allocation Failure)  70301K->669K(412160K), 0.0004879 secs]
2.828: Total time for which application threads were stopped: 0.0006049 seconds, Stopping threads took: 0.0000192 seconds
2.871: [GC (Allocation Failure)  69277K->605K(411136K), 0.0006188 secs]
2.872: Total time for which application threads were stopped: 0.0007434 seconds, Stopping threads took: 0.0000187 seconds
2.914: [GC (Allocation Failure)  68189K->605K(426496K), 0.0007070 secs]
2.915: Total time for which application threads were stopped: 0.0008506 seconds, Stopping threads took: 0.0000278 seconds
2.971: [GC (Allocation Failure)  83549K->637K(424960K), 0.0004872 secs]
2.971: Total time for which application threads were stopped: 0.0006101 seconds, Stopping threads took: 0.0000189 seconds
3.022: [GC (Allocation Failure)  82045K->637K(423424K), 0.0004978 secs]
3.022: Total time for which application threads were stopped: 0.0006358 seconds, Stopping threads took: 0.0000288 seconds
3.072: [GC (Allocation Failure)  80509K->637K(422400K), 0.0005623 secs]
3.073: Total time for which application threads were stopped: 0.0006939 seconds, Stopping threads took: 0.0000211 seconds
3.128: [GC (Allocation Failure)  79485K->685K(421376K), 0.0004836 secs]
3.129: Total time for which application threads were stopped: 0.0006242 seconds, Stopping threads took: 0.0000295 seconds
3.178: [GC (Allocation Failure)  78509K->685K(420352K), 0.0005598 secs]
3.179: Total time for which application threads were stopped: 0.0006848 seconds, Stopping threads took: 0.0000228 seconds
3.227: [GC (Allocation Failure)  77485K->621K(419328K), 0.0006035 secs]
3.228: Total time for which application threads were stopped: 0.0007856 seconds, Stopping threads took: 0.0000260 seconds
3.276: [GC (Allocation Failure)  76397K->717K(418304K), 0.0004676 secs]
3.276: Total time for which application threads were stopped: 0.0005914 seconds, Stopping threads took: 0.0000218 seconds
3.330: [GC (Allocation Failure)  75469K->653K(417280K), 0.0004807 secs]
3.331: Total time for which application threads were stopped: 0.0006037 seconds, Stopping threads took: 0.0000268 seconds
3.381: [GC (Allocation Failure)  74381K->685K(416256K), 0.0004932 secs]
3.381: Total time for which application threads were stopped: 0.0006246 seconds, Stopping threads took: 0.0000276 seconds
3.427: [GC (Allocation Failure)  73389K->653K(415232K), 0.0005208 secs]
3.427: Total time for which application threads were stopped: 0.0006714 seconds, Stopping threads took: 0.0000289 seconds
3.472: [GC (Allocation Failure)  72333K->589K(414208K), 0.0005363 secs]
3.473: Total time for which application threads were stopped: 0.0006484 seconds, Stopping threads took: 0.0000192 seconds
3.523: [GC (Allocation Failure)  71245K->685K(413184K), 0.0005540 secs]
3.524: Total time for which application threads were stopped: 0.0006653 seconds, Stopping threads took: 0.0000176 seconds
3.572: [GC (Allocation Failure)  70317K->749K(412160K), 0.0005833 secs]
3.573: Total time for which application threads were stopped: 0.0007272 seconds, Stopping threads took: 0.0000197 seconds
3.615: [GC (Allocation Failure)  69357K->685K(427008K), 0.0006201 secs]
3.616: Total time for which application threads were stopped: 0.0007353 seconds, Stopping threads took: 0.0000189 seconds
3.675: [GC (Allocation Failure)  84141K->717K(425472K), 0.0007028 secs]
3.676: Total time for which application threads were stopped: 0.0008162 seconds, Stopping threads took: 0.0000194 seconds
3.727: [GC (Allocation Failure)  82637K->685K(423936K), 0.0004194 secs]
3.728: Total time for which application threads were stopped: 0.0005263 seconds, Stopping threads took: 0.0000134 seconds
3.779: [GC (Allocation Failure)  81069K->653K(422400K), 0.0004898 secs]
3.779: Total time for which application threads were stopped: 0.0006213 seconds, Stopping threads took: 0.0000275 seconds
3.833: [GC (Allocation Failure)  79501K->653K(421376K), 0.0004452 secs]
3.834: Total time for which application threads were stopped: 0.0005600 seconds, Stopping threads took: 0.0000193 seconds
3.888: [GC (Allocation Failure)  78477K->653K(420352K), 0.0004529 secs]
3.889: Total time for which application threads were stopped: 0.0005706 seconds, Stopping threads took: 0.0000192 seconds
3.937: [GC (Allocation Failure)  77453K->685K(419328K), 0.0005282 secs]
3.938: Total time for which application threads were stopped: 0.0006476 seconds, Stopping threads took: 0.0000198 seconds
3.985: [GC (Allocation Failure)  76461K->717K(418304K), 0.0005010 secs]
3.986: Total time for which application threads were stopped: 0.0006200 seconds, Stopping threads took: 0.0000205 seconds
4.033: [GC (Allocation Failure)  75469K->653K(417280K), 0.0004825 secs]
4.033: Total time for which application threads were stopped: 0.0005995 seconds, Stopping threads took: 0.0000194 seconds
4.056: Total time for which application threads were stopped: 0.0001129 seconds, Stopping threads took: 0.0000564 seconds
4.085: [GC (Allocation Failure)  74381K->653K(416256K), 0.0004268 secs]
4.086: Total time for which application threads were stopped: 0.0005299 seconds, Stopping threads took: 0.0000172 seconds
4.138: [GC (Allocation Failure)  73357K->621K(415232K), 0.0007363 secs]
4.139: Total time for which application threads were stopped: 0.0008423 seconds, Stopping threads took: 0.0000166 seconds
4.183: [GC (Allocation Failure)  72301K->653K(414208K), 0.0004715 secs]
4.184: Total time for which application threads were stopped: 0.0005845 seconds, Stopping threads took: 0.0000191 seconds
4.229: [GC (Allocation Failure)  71309K->653K(413184K), 0.0004415 secs]
4.229: Total time for which application threads were stopped: 0.0005656 seconds, Stopping threads took: 0.0000268 seconds
4.273: [GC (Allocation Failure)  70285K->685K(412160K), 0.0004886 secs]
4.273: Total time for which application threads were stopped: 0.0006144 seconds, Stopping threads took: 0.0000199 seconds
4.316: [GC (Allocation Failure)  69293K->653K(411136K), 0.0004829 secs]
4.317: Total time for which application threads were stopped: 0.0006006 seconds, Stopping threads took: 0.0000194 seconds
4.359: [GC (Allocation Failure)  68237K->653K(410112K), 0.0004030 secs]
4.360: Total time for which application threads were stopped: 0.0005187 seconds, Stopping threads took: 0.0000253 seconds
4.402: [GC (Allocation Failure)  67213K->589K(409088K), 0.0006079 secs]
4.402: Total time for which application threads were stopped: 0.0007440 seconds, Stopping threads took: 0.0000262 seconds
4.444: [GC (Allocation Failure)  66125K->685K(408064K), 0.0004707 secs]
4.444: Total time for which application threads were stopped: 0.0006185 seconds, Stopping threads took: 0.0000289 seconds
4.486: [GC (Allocation Failure)  65197K->621K(421376K), 0.0005716 secs]
4.486: Total time for which application threads were stopped: 0.0007170 seconds, Stopping threads took: 0.0000289 seconds
4.542: [GC (Allocation Failure)  78445K->653K(420352K), 0.0004773 secs]
4.542: Total time for which application threads were stopped: 0.0005980 seconds, Stopping threads took: 0.0000190 seconds
4.591: [GC (Allocation Failure)  77453K->653K(435712K), 0.0006931 secs]
4.592: Total time for which application threads were stopped: 0.0008272 seconds, Stopping threads took: 0.0000199 seconds
4.651: [GC (Allocation Failure)  92813K->653K(434176K), 0.0004712 secs]
4.651: Total time for which application threads were stopped: 0.0006073 seconds, Stopping threads took: 0.0000291 seconds
4.709: [GC (Allocation Failure)  91277K->717K(432640K), 0.0005292 secs]
4.709: Total time for which application threads were stopped: 0.0006752 seconds, Stopping threads took: 0.0000181 seconds
4.767: [GC (Allocation Failure)  89805K->653K(431104K), 0.0005569 secs]
4.767: Total time for which application threads were stopped: 0.0006665 seconds, Stopping threads took: 0.0000165 seconds
4.822: [GC (Allocation Failure)  88205K->653K(429568K), 0.0005195 secs]
4.823: Total time for which application threads were stopped: 0.0006479 seconds, Stopping threads took: 0.0000189 seconds
4.876: [GC (Allocation Failure)  86669K->621K(428032K), 0.0005124 secs]
4.877: Total time for which application threads were stopped: 0.0006516 seconds, Stopping threads took: 0.0000293 seconds
4.930: [GC (Allocation Failure)  85101K->717K(426496K), 0.0005960 secs]
4.931: Total time for which application threads were stopped: 0.0007492 seconds, Stopping threads took: 0.0000292 seconds
4.982: [GC (Allocation Failure)  83661K->717K(424960K), 0.0005013 secs]
4.983: Total time for which application threads were stopped: 0.0006719 seconds, Stopping threads took: 0.0000215 seconds
5.034: [GC (Allocation Failure)  82125K->685K(423424K), 0.0005070 secs]
5.035: Total time for which application threads were stopped: 0.0006546 seconds, Stopping threads took: 0.0000218 seconds
5.090: [GC (Allocation Failure)  80557K->653K(422400K), 0.0006299 secs]
5.091: Total time for which application threads were stopped: 0.0007631 seconds, Stopping threads took: 0.0000229 seconds
5.140: [GC (Allocation Failure)  79501K->621K(421376K), 0.0005287 secs]
5.141: Total time for which application threads were stopped: 0.0006422 seconds, Stopping threads took: 0.0000187 seconds
5.197: [GC (Allocation Failure)  78445K->621K(420352K), 0.0004774 secs]
5.197: Total time for which application threads were stopped: 0.0005995 seconds, Stopping threads took: 0.0000265 seconds
5.246: [GC (Allocation Failure)  77421K->717K(419328K), 0.0004910 secs]
5.246: Total time for which application threads were stopped: 0.0006278 seconds, Stopping threads took: 0.0000291 seconds
5.294: [GC (Allocation Failure)  76493K->685K(418304K), 0.0005122 secs]
5.294: Total time for which application threads were stopped: 0.0006453 seconds, Stopping threads took: 0.0000290 seconds
5.341: [GC (Allocation Failure)  75437K->685K(417280K), 0.0004925 secs]
5.342: Total time for which application threads were stopped: 0.0006259 seconds, Stopping threads took: 0.0000288 seconds
5.388: [GC (Allocation Failure)  74413K->653K(416256K), 0.0005043 secs]
5.389: Total time for which application threads were stopped: 0.0006539 seconds, Stopping threads took: 0.0000205 seconds
5.440: [GC (Allocation Failure)  73357K->749K(415232K), 0.0005297 secs]
5.441: Total time for which application threads were stopped: 0.0006672 seconds, Stopping threads took: 0.0000210 seconds
5.486: [GC (Allocation Failure)  72429K->653K(414208K), 0.0005137 secs]
5.486: Total time for which application threads were stopped: 0.0006575 seconds, Stopping threads took: 0.0000217 seconds
5.536: [GC (Allocation Failure)  71309K->621K(413184K), 0.0006483 secs]
5.537: Total time for which application threads were stopped: 0.0007843 seconds, Stopping threads took: 0.0000213 seconds
5.581: [GC (Allocation Failure)  70253K->685K(427520K), 0.0006237 secs]
5.582: Total time for which application threads were stopped: 0.0007571 seconds, Stopping threads took: 0.0000214 seconds
5.639: [GC (Allocation Failure)  84653K->717K(425984K), 0.0005138 secs]
5.640: Total time for which application threads were stopped: 0.0006426 seconds, Stopping threads took: 0.0000280 seconds
5.692: [GC (Allocation Failure)  83149K->685K(424448K), 0.0005099 secs]
5.692: Total time for which application threads were stopped: 0.0006425 seconds, Stopping threads took: 0.0000284 seconds
5.745: [GC (Allocation Failure)  81581K->621K(422912K), 0.0005046 secs]
5.746: Total time for which application threads were stopped: 0.0006272 seconds, Stopping threads took: 0.0000275 seconds
5.798: [GC (Allocation Failure)  79981K->685K(421888K), 0.0004752 secs]
5.798: Total time for which application threads were stopped: 0.0005939 seconds, Stopping threads took: 0.0000266 seconds
5.847: [GC (Allocation Failure)  79021K->653K(420864K), 0.0004692 secs]
5.848: Total time for which application threads were stopped: 0.0005814 seconds, Stopping threads took: 0.0000186 seconds
5.900: [GC (Allocation Failure)  77965K->685K(419840K), 0.0004722 secs]
5.900: Total time for which application threads were stopped: 0.0005845 seconds, Stopping threads took: 0.0000194 seconds
5.948: [GC (Allocation Failure)  76973K->653K(418816K), 0.0004769 secs]
5.949: Total time for which application threads were stopped: 0.0005947 seconds, Stopping threads took: 0.0000187 seconds
5.996: [GC (Allocation Failure)  75917K->685K(417792K), 0.0004903 secs]
5.996: Total time for which application threads were stopped: 0.0006065 seconds, Stopping threads took: 0.0000195 seconds
6.047: [GC (Allocation Failure)  74925K->685K(416768K), 0.0005082 secs]
6.048: Total time for which application threads were stopped: 0.0006376 seconds, Stopping threads took: 0.0000186 seconds
6.094: [GC (Allocation Failure)  73901K->653K(415744K), 0.0005539 secs]
6.095: Total time for which application threads were stopped: 0.0006846 seconds, Stopping threads took: 0.0000203 seconds
6.146: [GC (Allocation Failure)  72845K->589K(414720K), 0.0005735 secs]
6.146: Total time for which application threads were stopped: 0.0007213 seconds, Stopping threads took: 0.0000297 seconds
6.197: [GC (Allocation Failure)  71757K->685K(413696K), 0.0006838 secs]
6.198: Total time for which application threads were stopped: 0.0008367 seconds, Stopping threads took: 0.0000297 seconds
6.242: [GC (Allocation Failure)  70829K->717K(412672K), 0.0004810 secs]
6.243: Total time for which application threads were stopped: 0.0006166 seconds, Stopping threads took: 0.0000276 seconds
6.286: [GC (Allocation Failure)  69837K->653K(411648K), 0.0004995 secs]
6.287: Total time for which application threads were stopped: 0.0006330 seconds, Stopping threads took: 0.0000218 seconds
6.329: [GC (Allocation Failure)  68749K->685K(425472K), 0.0005788 secs]
6.330: Total time for which application threads were stopped: 0.0007168 seconds, Stopping threads took: 0.0000220 seconds
6.382: [GC (Allocation Failure)  82605K->653K(423936K), 0.0004321 secs]
6.382: Total time for which application threads were stopped: 0.0005466 seconds, Stopping threads took: 0.0000190 seconds
6.437: [GC (Allocation Failure)  81037K->717K(422400K), 0.0005923 secs]
6.437: Total time for which application threads were stopped: 0.0007189 seconds, Stopping threads took: 0.0000276 seconds
6.486: [GC (Allocation Failure)  79565K->653K(421376K), 0.0004958 secs]
6.487: Total time for which application threads were stopped: 0.0006308 seconds, Stopping threads took: 0.0000204 seconds
6.541: [GC (Allocation Failure)  78477K->717K(420352K), 0.0005674 secs]
6.542: Total time for which application threads were stopped: 0.0007072 seconds, Stopping threads took: 0.0000208 seconds
6.590: [GC (Allocation Failure)  77517K->621K(419328K), 0.0006409 secs]
6.591: Total time for which application threads were stopped: 0.0007632 seconds, Stopping threads took: 0.0000199 seconds
6.638: [GC (Allocation Failure)  76397K->653K(418304K), 0.0004817 secs]
6.639: Total time for which application threads were stopped: 0.0006079 seconds, Stopping threads took: 0.0000219 seconds
6.691: [GC (Allocation Failure)  75405K->685K(417280K), 0.0004826 secs]
6.692: Total time for which application threads were stopped: 0.0007404 seconds, Stopping threads took: 0.0000193 seconds
6.739: [GC (Allocation Failure)  74413K->621K(416256K), 0.0004810 secs]
6.740: Total time for which application threads were stopped: 0.0006114 seconds, Stopping threads took: 0.0000255 seconds
6.786: [GC (Allocation Failure)  73325K->685K(415232K), 0.0004737 secs]
6.786: Total time for which application threads were stopped: 0.0005996 seconds, Stopping threads took: 0.0000194 seconds
6.831: [GC (Allocation Failure)  72365K->653K(414208K), 0.0005182 secs]
6.832: Total time for which application threads were stopped: 0.0006338 seconds, Stopping threads took: 0.0000193 seconds
6.879: [GC (Allocation Failure)  71309K->717K(413184K), 0.0006131 secs]
6.880: Total time for which application threads were stopped: 0.0007296 seconds, Stopping threads took: 0.0000186 seconds
6.924: [GC (Allocation Failure)  70349K->685K(412160K), 0.0005166 secs]
6.924: Total time for which application threads were stopped: 0.0006511 seconds, Stopping threads took: 0.0000267 seconds
6.973: [GC (Allocation Failure)  69293K->653K(411136K), 0.0004795 secs]
6.974: Total time for which application threads were stopped: 0.0006031 seconds, Stopping threads took: 0.0000204 seconds
7.022: [GC (Allocation Failure)  68237K->685K(410112K), 0.0004398 secs]
7.023: Total time for which application threads were stopped: 0.0005666 seconds, Stopping threads took: 0.0000212 seconds
7.070: [GC (Allocation Failure)  67245K->653K(409088K), 0.0004843 secs]
7.070: Total time for which application threads were stopped: 0.0005867 seconds, Stopping threads took: 0.0000163 seconds
7.111: [GC (Allocation Failure)  66189K->717K(408064K), 0.0004035 secs]
7.111: Total time for which application threads were stopped: 0.0005097 seconds, Stopping threads took: 0.0000167 seconds
7.152: [GC (Allocation Failure)  65229K->685K(407040K), 0.0004595 secs]
7.153: Total time for which application threads were stopped: 0.0005933 seconds, Stopping threads took: 0.0000353 seconds
7.192: [GC (Allocation Failure)  64173K->653K(406016K), 0.0005132 secs]
7.193: Total time for which application threads were stopped: 0.0006402 seconds, Stopping threads took: 0.0000272 seconds
7.239: [GC (Allocation Failure)  63117K->653K(405504K), 0.0004699 secs]
7.240: Total time for which application threads were stopped: 0.0005887 seconds, Stopping threads took: 0.0000169 seconds
7.279: [GC (Allocation Failure)  62605K->653K(404992K), 0.0003896 secs]
7.279: Total time for which application threads were stopped: 0.0005186 seconds, Stopping threads took: 0.0000166 seconds
7.318: [GC (Allocation Failure)  62093K->621K(417280K), 0.0006613 secs]
7.318: Total time for which application threads were stopped: 0.0008095 seconds, Stopping threads took: 0.0000283 seconds
7.365: [GC (Allocation Failure)  74349K->653K(432128K), 0.0006084 secs]
7.365: Total time for which application threads were stopped: 0.0007337 seconds, Stopping threads took: 0.0000273 seconds
7.421: [GC (Allocation Failure)  89229K->621K(450048K), 0.0006252 secs]
7.421: Total time for which application threads were stopped: 0.0007445 seconds, Stopping threads took: 0.0000197 seconds
7.488: [GC (Allocation Failure)  107117K->653K(448000K), 0.0006244 secs]
7.488: Total time for which application threads were stopped: 0.0007594 seconds, Stopping threads took: 0.0000212 seconds
7.554: [GC (Allocation Failure)  105101K->653K(445952K), 0.0005878 secs]
7.554: Total time for which application threads were stopped: 0.0007464 seconds, Stopping threads took: 0.0000307 seconds
7.621: [GC (Allocation Failure)  103053K->653K(443904K), 0.0004783 secs]
7.622: Total time for which application threads were stopped: 0.0006011 seconds, Stopping threads took: 0.0000200 seconds
7.685: [GC (Allocation Failure)  101005K->685K(441856K), 0.0005124 secs]
7.685: Total time for which application threads were stopped: 0.0006527 seconds, Stopping threads took: 0.0000212 seconds
7.749: [GC (Allocation Failure)  98989K->653K(439808K), 0.0005006 secs]
7.749: Total time for which application threads were stopped: 0.0006157 seconds, Stopping threads took: 0.0000164 seconds
7.810: [GC (Allocation Failure)  96909K->685K(437760K), 0.0005811 secs]
7.810: Total time for which application threads were stopped: 0.0006978 seconds, Stopping threads took: 0.0000195 seconds
7.869: [GC (Allocation Failure)  94893K->685K(436224K), 0.0005531 secs]
7.870: Total time for which application threads were stopped: 0.0006868 seconds, Stopping threads took: 0.0000211 seconds
7.931: [GC (Allocation Failure)  93357K->653K(434688K), 0.0005206 secs]
7.932: Total time for which application threads were stopped: 0.0006535 seconds, Stopping threads took: 0.0000203 seconds
7.996: [GC (Allocation Failure)  91789K->717K(433152K), 0.0005314 secs]
7.997: Total time for which application threads were stopped: 0.0006798 seconds, Stopping threads took: 0.0000293 seconds
8.053: [GC (Allocation Failure)  90317K->621K(431616K), 0.0004859 secs]
8.053: Total time for which application threads were stopped: 0.0006300 seconds, Stopping threads took: 0.0000212 seconds
8.108: [GC (Allocation Failure)  88685K->749K(430080K), 0.0005972 secs]
8.109: Total time for which application threads were stopped: 0.0007318 seconds, Stopping threads took: 0.0000187 seconds
8.166: [GC (Allocation Failure)  87277K->653K(428544K), 0.0005023 secs]
8.167: Total time for which application threads were stopped: 0.0006323 seconds, Stopping threads took: 0.0000281 seconds
8.225: [GC (Allocation Failure)  85645K->717K(427008K), 0.0004081 secs]
8.226: Total time for which application threads were stopped: 0.0005407 seconds, Stopping threads took: 0.0000281 seconds
8.278: [GC (Allocation Failure)  84173K->717K(425472K), 0.0005247 secs]
8.279: Total time for which application threads were stopped: 0.0006527 seconds, Stopping threads took: 0.0000277 seconds
8.335: [GC (Allocation Failure)  82637K->653K(423936K), 0.0004591 secs]
8.336: Total time for which application threads were stopped: 0.0005737 seconds, Stopping threads took: 0.0000192 seconds
8.393: [GC (Allocation Failure)  81037K->717K(422400K), 0.0004932 secs]
8.393: Total time for which application threads were stopped: 0.0006197 seconds, Stopping threads took: 0.0000275 seconds
8.443: [GC (Allocation Failure)  79565K->685K(421376K), 0.0006139 secs]
8.443: Total time for which application threads were stopped: 0.0007385 seconds, Stopping threads took: 0.0000272 seconds
8.498: [GC (Allocation Failure)  78509K->717K(420352K), 0.0005011 secs]
8.499: Total time for which application threads were stopped: 0.0006185 seconds, Stopping threads took: 0.0000188 seconds
8.547: [GC (Allocation Failure)  77517K->685K(419328K), 0.0004937 secs]
8.547: Total time for which application threads were stopped: 0.0006076 seconds, Stopping threads took: 0.0000189 seconds
8.600: [GC (Allocation Failure)  76461K->749K(418304K), 0.0005886 secs]
8.601: Total time for which application threads were stopped: 0.0007072 seconds, Stopping threads took: 0.0000195 seconds
8.647: [GC (Allocation Failure)  75501K->717K(417280K), 0.0005676 secs]
8.648: Total time for which application threads were stopped: 0.0006833 seconds, Stopping threads took: 0.0000194 seconds
8.694: [GC (Allocation Failure)  74445K->685K(416256K), 0.0004750 secs]
8.695: Total time for which application threads were stopped: 0.0006030 seconds, Stopping threads took: 0.0000275 seconds
8.741: [GC (Allocation Failure)  73389K->621K(415232K), 0.0004908 secs]
8.742: Total time for which application threads were stopped: 0.0005953 seconds, Stopping threads took: 0.0000249 seconds
8.787: [GC (Allocation Failure)  72301K->621K(414208K), 0.0004730 secs]
8.787: Total time for which application threads were stopped: 0.0005894 seconds, Stopping threads took: 0.0000190 seconds
8.832: [GC (Allocation Failure)  71277K->621K(413184K), 0.0004501 secs]
8.832: Total time for which application threads were stopped: 0.0005678 seconds, Stopping threads took: 0.0000197 seconds
8.880: [GC (Allocation Failure)  70253K->653K(412160K), 0.0005485 secs]
8.881: Total time for which application threads were stopped: 0.0006652 seconds, Stopping threads took: 0.0000261 seconds
8.924: [GC (Allocation Failure)  69261K->621K(425984K), 0.0006390 secs]
8.924: Total time for which application threads were stopped: 0.0007869 seconds, Stopping threads took: 0.0000283 seconds
8.976: [GC (Allocation Failure)  83053K->685K(442880K), 0.0006800 secs]
8.977: Total time for which application threads were stopped: 0.0008225 seconds, Stopping threads took: 0.0000211 seconds
9.039: [GC (Allocation Failure)  100013K->685K(440832K), 0.0004615 secs]
9.039: Total time for which application threads were stopped: 0.0005764 seconds, Stopping threads took: 0.0000194 seconds
9.106: [GC (Allocation Failure)  97965K->685K(438784K), 0.0004854 secs]
9.106: Total time for which application threads were stopped: 0.0006177 seconds, Stopping threads took: 0.0000190 seconds
9.166: [GC (Allocation Failure)  95917K->717K(437248K), 0.0007117 secs]
9.167: Total time for which application threads were stopped: 0.0008747 seconds, Stopping threads took: 0.0000291 seconds
9.232: [GC (Allocation Failure)  94413K->717K(435712K), 0.0005527 secs]
9.233: Total time for which application threads were stopped: 0.0006908 seconds, Stopping threads took: 0.0000221 seconds
9.291: [GC (Allocation Failure)  92877K->717K(434176K), 0.0005088 secs]
9.291: Total time for which application threads were stopped: 0.0006502 seconds, Stopping threads took: 0.0000215 seconds
9.353: [GC (Allocation Failure)  91341K->621K(432640K), 0.0006132 secs]
9.353: Total time for which application threads were stopped: 0.0007592 seconds, Stopping threads took: 0.0000214 seconds
9.415: [GC (Allocation Failure)  89709K->717K(431104K), 0.0007403 secs]
9.416: Total time for which application threads were stopped: 0.0008781 seconds, Stopping threads took: 0.0000280 seconds
9.471: [GC (Allocation Failure)  88269K->685K(429568K), 0.0005317 secs]
9.471: Total time for which application threads were stopped: 0.0006784 seconds, Stopping threads took: 0.0000293 seconds
9.526: [GC (Allocation Failure)  86701K->621K(428032K), 0.0006814 secs]
9.527: Total time for which application threads were stopped: 0.0008327 seconds, Stopping threads took: 0.0000295 seconds
9.585: [GC (Allocation Failure)  85101K->653K(426496K), 0.0004733 secs]
9.586: Total time for which application threads were stopped: 0.0005998 seconds, Stopping threads took: 0.0000224 seconds
9.638: [GC (Allocation Failure)  83597K->621K(424960K), 0.0004693 secs]
9.638: Total time for which application threads were stopped: 0.0005866 seconds, Stopping threads took: 0.0000193 seconds
9.695: [GC (Allocation Failure)  82029K->621K(423424K), 0.0005619 secs]
9.696: Total time for which application threads were stopped: 0.0006875 seconds, Stopping threads took: 0.0000271 seconds
9.754: [GC (Allocation Failure)  80493K->653K(422400K), 0.0005422 secs]
9.754: Total time for which application threads were stopped: 0.0006683 seconds, Stopping threads took: 0.0000269 seconds
9.807: [GC (Allocation Failure)  79501K->685K(421376K), 0.0004690 secs]
9.808: Total time for which application threads were stopped: 0.0006016 seconds, Stopping threads took: 0.0000198 seconds
9.856: [GC (Allocation Failure)  78509K->621K(420352K), 0.0005037 secs]
9.857: Total time for which application threads were stopped: 0.0006374 seconds, Stopping threads took: 0.0000206 seconds
9.909: [GC (Allocation Failure)  77421K->653K(419328K), 0.0004880 secs]
9.910: Total time for which application threads were stopped: 0.0006248 seconds, Stopping threads took: 0.0000287 seconds
9.958: [GC (Allocation Failure)  76429K->685K(418304K), 0.0005096 secs]
9.958: Total time for which application threads were stopped: 0.0006440 seconds, Stopping threads took: 0.0000340 seconds
10.008: [GC (Allocation Failure)  75437K->589K(417280K), 0.0006040 secs]
10.009: Total time for which application threads were stopped: 0.0007260 seconds, Stopping threads took: 0.0000169 seconds
10.055: [GC (Allocation Failure)  74317K->653K(416256K), 0.0005336 secs]
10.056: Total time for which application threads were stopped: 0.0006757 seconds, Stopping threads took: 0.0000211 seconds
10.101: [GC (Allocation Failure)  73357K->685K(415232K), 0.0005123 secs]
10.102: Total time for which application threads were stopped: 0.0006384 seconds, Stopping threads took: 0.0000211 seconds
10.146: [GC (Allocation Failure)  72365K->685K(414208K), 0.0004515 secs]
10.147: Total time for which application threads were stopped: 0.0005693 seconds, Stopping threads took: 0.0000194 seconds
10.191: [GC (Allocation Failure)  71341K->653K(428544K), 0.0008558 secs]
10.192: Total time for which application threads were stopped: 0.0009814 seconds, Stopping threads took: 0.0000192 seconds
10.245: [GC (Allocation Failure)  85645K->685K(445952K), 0.0004762 secs]
10.246: Total time for which application threads were stopped: 0.0005955 seconds, Stopping threads took: 0.0000193 seconds
10.315: [GC (Allocation Failure)  103085K->685K(443904K), 0.0005427 secs]
10.316: Total time for which application threads were stopped: 0.0006608 seconds, Stopping threads took: 0.0000195 seconds
10.385: [GC (Allocation Failure)  101037K->653K(441856K), 0.0004787 secs]
10.386: Total time for which application threads were stopped: 0.0005962 seconds, Stopping threads took: 0.0000192 seconds
10.448: [GC (Allocation Failure)  98957K->621K(439808K), 0.0005743 secs]
10.448: Total time for which application threads were stopped: 0.0007101 seconds, Stopping threads took: 0.0000270 seconds
10.515: [GC (Allocation Failure)  96877K->621K(437760K), 0.0005169 secs]
10.516: Total time for which application threads were stopped: 0.0006634 seconds, Stopping threads took: 0.0000223 seconds
10.581: [GC (Allocation Failure)  94829K->653K(436224K), 0.0005269 secs]
10.582: Total time for which application threads were stopped: 0.0006653 seconds, Stopping threads took: 0.0000206 seconds
10.646: [GC (Allocation Failure)  93325K->653K(434688K), 0.0004855 secs]
10.647: Total time for which application threads were stopped: 0.0006124 seconds, Stopping threads took: 0.0000277 seconds
10.708: [GC (Allocation Failure)  91789K->653K(433152K), 0.0005126 secs]
10.708: Total time for which application threads were stopped: 0.0006236 seconds, Stopping threads took: 0.0000170 seconds
10.771: [GC (Allocation Failure)  90253K->653K(431616K), 0.0005702 secs]
10.772: Total time for which application threads were stopped: 0.0006979 seconds, Stopping threads took: 0.0000276 seconds
10.826: [GC (Allocation Failure)  88717K->685K(430080K), 0.0005403 secs]
10.827: Total time for which application threads were stopped: 0.0006559 seconds, Stopping threads took: 0.0000188 seconds
10.887: [GC (Allocation Failure)  87213K->717K(428544K), 0.0004287 secs]
10.887: Total time for which application threads were stopped: 0.0005377 seconds, Stopping threads took: 0.0000170 seconds
10.945: [GC (Allocation Failure)  85709K->653K(427008K), 0.0005740 secs]
10.946: Total time for which application threads were stopped: 0.0006928 seconds, Stopping threads took: 0.0000197 seconds
11.003: [GC (Allocation Failure)  84109K->621K(425472K), 0.0005993 secs]
11.004: Total time for which application threads were stopped: 0.0007184 seconds, Stopping threads took: 0.0000193 seconds
11.055: [GC (Allocation Failure)  82541K->653K(423936K), 0.0004910 secs]
11.055: Total time for which application threads were stopped: 0.0006233 seconds, Stopping threads took: 0.0000199 seconds
11.112: [GC (Allocation Failure)  81037K->653K(422400K), 0.0005778 secs]
11.112: Total time for which application threads were stopped: 0.0007012 seconds, Stopping threads took: 0.0000200 seconds
11.162: [GC (Allocation Failure)  79501K->621K(421376K), 0.0005894 secs]
11.162: Total time for which application threads were stopped: 0.0007337 seconds, Stopping threads took: 0.0000218 seconds
11.216: [GC (Allocation Failure)  78445K->621K(420352K), 0.0005384 secs]
11.216: Total time for which application threads were stopped: 0.0006729 seconds, Stopping threads took: 0.0000206 seconds
11.265: [GC (Allocation Failure)  77421K->685K(419328K), 0.0004625 secs]
11.265: Total time for which application threads were stopped: 0.0005967 seconds, Stopping threads took: 0.0000291 seconds
11.313: [GC (Allocation Failure)  76461K->717K(418304K), 0.0005679 secs]
11.314: Total time for which application threads were stopped: 0.0006953 seconds, Stopping threads took: 0.0000194 seconds
11.361: [GC (Allocation Failure)  75469K->685K(417280K), 0.0005071 secs]
11.361: Total time for which application threads were stopped: 0.0006516 seconds, Stopping threads took: 0.0000216 seconds
11.413: [GC (Allocation Failure)  74413K->653K(416256K), 0.0005175 secs]
11.414: Total time for which application threads were stopped: 0.0006727 seconds, Stopping threads took: 0.0000297 seconds
11.464: [GC (Allocation Failure)  73357K->685K(415232K), 0.0005280 secs]
11.465: Total time for which application threads were stopped: 0.0006637 seconds, Stopping threads took: 0.0000306 seconds
11.516: [GC (Allocation Failure)  72365K->685K(414208K), 0.0005287 secs]
11.516: Total time for which application threads were stopped: 0.0006466 seconds, Stopping threads took: 0.0000193 seconds
11.565: [GC (Allocation Failure)  71341K->653K(413184K), 0.0004669 secs]
11.565: Total time for which application threads were stopped: 0.0005998 seconds, Stopping threads took: 0.0000262 seconds
11.614: [GC (Allocation Failure)  70285K->717K(412160K), 0.0005674 secs]
11.615: Total time for which application threads were stopped: 0.0006993 seconds, Stopping threads took: 0.0000197 seconds
11.664: [GC (Allocation Failure)  69325K->653K(411136K), 0.0005682 secs]
11.664: Total time for which application threads were stopped: 0.0006949 seconds, Stopping threads took: 0.0000205 seconds
11.710: [GC (Allocation Failure)  68237K->653K(410112K), 0.0005655 secs]
11.711: Total time for which application threads were stopped: 0.0007079 seconds, Stopping threads took: 0.0000209 seconds
11.753: [GC (Allocation Failure)  67213K->717K(409088K), 0.0004422 secs]
11.754: Total time for which application threads were stopped: 0.0005627 seconds, Stopping threads took: 0.0000273 seconds
11.795: [GC (Allocation Failure)  66253K->685K(422400K), 0.0006415 secs]
11.796: Total time for which application threads were stopped: 0.0007522 seconds, Stopping threads took: 0.0000185 seconds
11.845: [GC (Allocation Failure)  79533K->653K(421376K), 0.0004658 secs]
11.845: Total time for which application threads were stopped: 0.0005851 seconds, Stopping threads took: 0.0000267 seconds
11.894: [GC (Allocation Failure)  78477K->653K(420352K), 0.0004835 secs]
11.895: Total time for which application threads were stopped: 0.0006127 seconds, Stopping threads took: 0.0000203 seconds
11.948: [GC (Allocation Failure)  77453K->621K(419328K), 0.0004459 secs]
11.948: Total time for which application threads were stopped: 0.0005640 seconds, Stopping threads took: 0.0000190 seconds
11.996: [GC (Allocation Failure)  76397K->621K(418304K), 0.0005935 secs]
11.996: Total time for which application threads were stopped: 0.0007155 seconds, Stopping threads took: 0.0000273 seconds
12.049: [GC (Allocation Failure)  75373K->653K(417280K), 0.0005472 secs]
12.049: Total time for which application threads were stopped: 0.0006612 seconds, Stopping threads took: 0.0000189 seconds
12.096: [GC (Allocation Failure)  74381K->685K(416256K), 0.0005876 secs]
12.096: Total time for which application threads were stopped: 0.0007031 seconds, Stopping threads took: 0.0000198 seconds
12.150: [GC (Allocation Failure)  73389K->685K(415232K), 0.0005067 secs]
12.150: Total time for which application threads were stopped: 0.0006345 seconds, Stopping threads took: 0.0000272 seconds
12.198: [GC (Allocation Failure)  72365K->621K(414208K), 0.0005381 secs]
12.198: Total time for which application threads were stopped: 0.0006653 seconds, Stopping threads took: 0.0000197 seconds
12.243: [GC (Allocation Failure)  71277K->685K(413184K), 0.0005129 secs]
12.244: Total time for which application threads were stopped: 0.0006565 seconds, Stopping threads took: 0.0000289 seconds
12.295: [GC (Allocation Failure)  70317K->653K(412160K), 0.0005189 secs]
12.296: Total time for which application threads were stopped: 0.0006517 seconds, Stopping threads took: 0.0000207 seconds
12.343: [GC (Allocation Failure)  69261K->685K(411136K), 0.0005426 secs]
12.343: Total time for which application threads were stopped: 0.0006878 seconds, Stopping threads took: 0.0000291 seconds
12.386: [GC (Allocation Failure)  68269K->653K(410112K), 0.0004693 secs]
12.386: Total time for which application threads were stopped: 0.0005737 seconds, Stopping threads took: 0.0000166 seconds
12.429: [GC (Allocation Failure)  67213K->653K(409088K), 0.0005049 secs]
12.429: Total time for which application threads were stopped: 0.0006329 seconds, Stopping threads took: 0.0000277 seconds
12.471: [GC (Allocation Failure)  66189K->653K(408064K), 0.0004709 secs]
12.471: Total time for which application threads were stopped: 0.0005950 seconds, Stopping threads took: 0.0000201 seconds
12.517: [GC (Allocation Failure)  65165K->621K(407040K), 0.0005564 secs]
12.518: Total time for which application threads were stopped: 0.0006829 seconds, Stopping threads took: 0.0000208 seconds
12.564: [GC (Allocation Failure)  64109K->621K(406016K), 0.0005421 secs]
12.565: Total time for which application threads were stopped: 0.0007041 seconds, Stopping threads took: 0.0000263 seconds
12.604: [GC (Allocation Failure)  63085K->685K(405504K), 0.0004874 secs]
12.604: Total time for which application threads were stopped: 0.0006335 seconds, Stopping threads took: 0.0000234 seconds
12.650: [GC (Allocation Failure)  62637K->685K(404992K), 0.0004827 secs]
12.651: Total time for which application threads were stopped: 0.0005985 seconds, Stopping threads took: 0.0000186 seconds
12.689: [GC (Allocation Failure)  62125K->653K(417280K), 0.0005997 secs]
12.690: Total time for which application threads were stopped: 0.0007197 seconds, Stopping threads took: 0.0000195 seconds
12.737: [GC (Allocation Failure)  74381K->717K(416256K), 0.0004749 secs]
12.737: Total time for which application threads were stopped: 0.0006102 seconds, Stopping threads took: 0.0000247 seconds
12.784: [GC (Allocation Failure)  73421K->685K(415232K), 0.0005006 secs]
12.784: Total time for which application threads were stopped: 0.0006013 seconds, Stopping threads took: 0.0000170 seconds
12.829: [GC (Allocation Failure)  72365K->685K(414208K), 0.0004777 secs]
12.830: Total time for which application threads were stopped: 0.0006084 seconds, Stopping threads took: 0.0000197 seconds
12.874: [GC (Allocation Failure)  71341K->685K(428544K), 0.0006540 secs]
12.874: Total time for which application threads were stopped: 0.0007935 seconds, Stopping threads took: 0.0000284 seconds
12.928: [GC (Allocation Failure)  85677K->653K(427008K), 0.0004916 secs]
12.928: Total time for which application threads were stopped: 0.0006376 seconds, Stopping threads took: 0.0000201 seconds
12.984: [GC (Allocation Failure)  84109K->685K(425472K), 0.0004386 secs]
12.985: Total time for which application threads were stopped: 0.0005650 seconds, Stopping threads took: 0.0000212 seconds
13.036: [GC (Allocation Failure)  82605K->653K(423936K), 0.0004632 secs]
13.036: Total time for which application threads were stopped: 0.0005899 seconds, Stopping threads took: 0.0000166 seconds
13.094: [GC (Allocation Failure)  81037K->749K(422400K), 0.0005410 secs]
13.094: Total time for which application threads were stopped: 0.0006607 seconds, Stopping threads took: 0.0000188 seconds
13.144: [GC (Allocation Failure)  79597K->685K(421376K), 0.0006525 secs]
13.144: Total time for which application threads were stopped: 0.0007749 seconds, Stopping threads took: 0.0000184 seconds
13.193: [GC (Allocation Failure)  78509K->685K(420352K), 0.0006759 secs]
13.194: Total time for which application threads were stopped: 0.0008159 seconds, Stopping threads took: 0.0000243 seconds
13.243: [GC (Allocation Failure)  77485K->653K(419328K), 0.0004404 secs]
13.244: Total time for which application threads were stopped: 0.0005733 seconds, Stopping threads took: 0.0000259 seconds
13.293: [GC (Allocation Failure)  76429K->621K(418304K), 0.0006294 secs]
13.294: Total time for which application threads were stopped: 0.0007613 seconds, Stopping threads took: 0.0000213 seconds
13.344: [GC (Allocation Failure)  75373K->621K(417280K), 0.0005583 secs]
13.345: Total time for which application threads were stopped: 0.0006833 seconds, Stopping threads took: 0.0000201 seconds
13.398: [GC (Allocation Failure)  74349K->685K(416256K), 0.0004769 secs]
13.398: Total time for which application threads were stopped: 0.0005926 seconds, Stopping threads took: 0.0000185 seconds
13.444: [GC (Allocation Failure)  73389K->653K(415232K), 0.0004869 secs]
13.444: Total time for which application threads were stopped: 0.0006104 seconds, Stopping threads took: 0.0000267 seconds
13.496: [GC (Allocation Failure)  72333K->621K(414208K), 0.0005903 secs]
13.497: Total time for which application threads were stopped: 0.0007052 seconds, Stopping threads took: 0.0000190 seconds
13.544: [GC (Allocation Failure)  71277K->653K(413184K), 0.0005128 secs]
13.545: Total time for which application threads were stopped: 0.0006535 seconds, Stopping threads took: 0.0000273 seconds
13.588: [GC (Allocation Failure)  70285K->653K(412160K), 0.0005416 secs]
13.589: Total time for which application threads were stopped: 0.0006799 seconds, Stopping threads took: 0.0000201 seconds
13.632: [GC (Allocation Failure)  69261K->685K(411136K), 0.0005111 secs]
13.632: Total time for which application threads were stopped: 0.0006545 seconds, Stopping threads took: 0.0000215 seconds
13.675: [GC (Allocation Failure)  68269K->653K(424960K), 0.0005560 secs]
13.675: Total time for which application threads were stopped: 0.0006858 seconds, Stopping threads took: 0.0000291 seconds
13.732: [GC (Allocation Failure)  82061K->653K(423424K), 0.0005194 secs]
13.732: Total time for which application threads were stopped: 0.0006424 seconds, Stopping threads took: 0.0000258 seconds
13.783: [GC (Allocation Failure)  80525K->653K(422400K), 0.0004451 secs]
13.783: Total time for which application threads were stopped: 0.0005636 seconds, Stopping threads took: 0.0000193 seconds
13.832: [GC (Allocation Failure)  79501K->717K(421376K), 0.0004878 secs]
13.833: Total time for which application threads were stopped: 0.0006092 seconds, Stopping threads took: 0.0000194 seconds
13.882: [GC (Allocation Failure)  78541K->717K(420352K), 0.0005035 secs]
13.882: Total time for which application threads were stopped: 0.0006439 seconds, Stopping threads took: 0.0000198 seconds
13.930: [GC (Allocation Failure)  77517K->653K(419328K), 0.0006209 secs]
13.931: Total time for which application threads were stopped: 0.0007604 seconds, Stopping threads took: 0.0000300 seconds
13.978: [GC (Allocation Failure)  76429K->685K(418304K), 0.0005924 secs]
13.979: Total time for which application threads were stopped: 0.0007196 seconds, Stopping threads took: 0.0000280 seconds
14.032: [GC (Allocation Failure)  75437K->717K(417280K), 0.0006081 secs]
14.033: Total time for which application threads were stopped: 0.0007176 seconds, Stopping threads took: 0.0000173 seconds
14.079: [GC (Allocation Failure)  74445K->653K(416256K), 0.0005300 secs]
14.079: Total time for which application threads were stopped: 0.0006577 seconds, Stopping threads took: 0.0000281 seconds
14.131: [GC (Allocation Failure)  73357K->653K(415232K), 0.0004817 secs]
14.131: Total time for which application threads were stopped: 0.0006020 seconds, Stopping threads took: 0.0000194 seconds
14.181: [GC (Allocation Failure)  72333K->653K(414208K), 0.0004566 secs]
14.182: Total time for which application threads were stopped: 0.0005774 seconds, Stopping threads took: 0.0000199 seconds
14.226: [GC (Allocation Failure)  71309K->717K(413184K), 0.0004822 secs]
14.227: Total time for which application threads were stopped: 0.0006112 seconds, Stopping threads took: 0.0000275 seconds
14.274: [GC (Allocation Failure)  70349K->685K(412160K), 0.0004207 secs]
14.274: Total time for which application threads were stopped: 0.0005390 seconds, Stopping threads took: 0.0000188 seconds
14.323: [GC (Allocation Failure)  69293K->653K(411136K), 0.0004915 secs]
14.323: Total time for which application threads were stopped: 0.0006216 seconds, Stopping threads took: 0.0000250 seconds
14.369: [GC (Allocation Failure)  68237K->749K(410112K), 0.0005336 secs]
14.370: Total time for which application threads were stopped: 0.0006674 seconds, Stopping threads took: 0.0000209 seconds
14.411: [GC (Allocation Failure)  67309K->685K(409088K), 0.0006331 secs]
14.412: Total time for which application threads were stopped: 0.0007797 seconds, Stopping threads took: 0.0000302 seconds
14.453: [GC (Allocation Failure)  66221K->621K(408064K), 0.0004391 secs]
14.454: Total time for which application threads were stopped: 0.0005605 seconds, Stopping threads took: 0.0000195 seconds
14.500: [GC (Allocation Failure)  65133K->717K(407040K), 0.0005097 secs]
14.500: Total time for which application threads were stopped: 0.0006241 seconds, Stopping threads took: 0.0000190 seconds
14.540: [GC (Allocation Failure)  64205K->685K(419840K), 0.0005504 secs]
14.541: Total time for which application threads were stopped: 0.0006667 seconds, Stopping threads took: 0.0000196 seconds
14.593: [GC (Allocation Failure)  76973K->653K(418816K), 0.0005037 secs]
14.593: Total time for which application threads were stopped: 0.0006093 seconds, Stopping threads took: 0.0000175 seconds
14.644: [GC (Allocation Failure)  75917K->685K(417792K), 0.0004818 secs]
14.644: Total time for which application threads were stopped: 0.0005850 seconds, Stopping threads took: 0.0000165 seconds
14.691: [GC (Allocation Failure)  74925K->717K(416768K), 0.0004706 secs]
14.691: Total time for which application threads were stopped: 0.0006170 seconds, Stopping threads took: 0.0000196 seconds
14.738: [GC (Allocation Failure)  73933K->621K(415744K), 0.0005381 secs]
14.738: Total time for which application threads were stopped: 0.0006569 seconds, Stopping threads took: 0.0000251 seconds
14.786: [GC (Allocation Failure)  72813K->621K(414720K), 0.0005338 secs]
14.787: Total time for which application threads were stopped: 0.0006527 seconds, Stopping threads took: 0.0000191 seconds
14.831: [GC (Allocation Failure)  71789K->685K(413696K), 0.0004758 secs]
14.832: Total time for which application threads were stopped: 0.0005992 seconds, Stopping threads took: 0.0000265 seconds
14.876: [GC (Allocation Failure)  70829K->685K(412672K), 0.0005545 secs]
14.876: Total time for which application threads were stopped: 0.0006780 seconds, Stopping threads took: 0.0000262 seconds
14.920: [GC (Allocation Failure)  69805K->685K(426496K), 0.0006136 secs]
14.920: Total time for which application threads were stopped: 0.0007336 seconds, Stopping threads took: 0.0000198 seconds
14.972: [GC (Allocation Failure)  83629K->653K(424960K), 0.0004918 secs]
14.973: Total time for which application threads were stopped: 0.0006272 seconds, Stopping threads took: 0.0000336 seconds
15.023: [GC (Allocation Failure)  82061K->685K(423424K), 0.0004543 secs]
15.024: Total time for which application threads were stopped: 0.0005726 seconds, Stopping threads took: 0.0000188 seconds
15.074: [GC (Allocation Failure)  80557K->621K(439808K), 0.0019798 secs]
15.076: Total time for which application threads were stopped: 0.0021046 seconds, Stopping threads took: 0.0000193 seconds
15.136: [GC (Allocation Failure)  96877K->653K(459264K), 0.0005689 secs]
15.136: Total time for which application threads were stopped: 0.0006885 seconds, Stopping threads took: 0.0000192 seconds
15.214: [GC (Allocation Failure)  116365K->685K(475648K), 0.0005056 secs]
15.215: Total time for which application threads were stopped: 0.0006236 seconds, Stopping threads took: 0.0000189 seconds
15.298: [GC (Allocation Failure)  132781K->717K(482816K), 0.0005714 secs]
15.299: Total time for which application threads were stopped: 0.0006953 seconds, Stopping threads took: 0.0000192 seconds
15.387: [GC (Allocation Failure)  139981K->653K(479232K), 0.0005109 secs]
15.387: Total time for which application threads were stopped: 0.0006293 seconds, Stopping threads took: 0.0000194 seconds
15.477: [GC (Allocation Failure)  136333K->685K(476160K), 0.0005010 secs]
15.478: Total time for which application threads were stopped: 0.0006592 seconds, Stopping threads took: 0.0000324 seconds
15.561: [GC (Allocation Failure)  133293K->621K(473088K), 0.0007063 secs]
15.561: Total time for which application threads were stopped: 0.0008609 seconds, Stopping threads took: 0.0000230 seconds
15.648: [GC (Allocation Failure)  130157K->653K(470016K), 0.0004981 secs]
15.649: Total time for which application threads were stopped: 0.0006191 seconds, Stopping threads took: 0.0000195 seconds
15.727: [GC (Allocation Failure)  127117K->749K(482816K), 0.0019583 secs]
15.729: Total time for which application threads were stopped: 0.0020786 seconds, Stopping threads took: 0.0000138 seconds
15.816: [GC (Allocation Failure)  140013K->685K(479232K), 0.0005346 secs]
15.817: Total time for which application threads were stopped: 0.0006512 seconds, Stopping threads took: 0.0000200 seconds
15.904: [GC (Allocation Failure)  136365K->621K(476160K), 0.0004748 secs]
15.905: Total time for which application threads were stopped: 0.0005893 seconds, Stopping threads took: 0.0000167 seconds
15.987: [GC (Allocation Failure)  133229K->653K(473088K), 0.0005624 secs]
15.988: Total time for which application threads were stopped: 0.0006975 seconds, Stopping threads took: 0.0000192 seconds
16.075: [GC (Allocation Failure)  130189K->653K(470016K), 0.0005121 secs]
16.076: Total time for which application threads were stopped: 0.0006447 seconds, Stopping threads took: 0.0000213 seconds
16.159: [GC (Allocation Failure)  127117K->653K(466944K), 0.0005059 secs]
16.159: Total time for which application threads were stopped: 0.0006290 seconds, Stopping threads took: 0.0000269 seconds
16.240: [GC (Allocation Failure)  124045K->685K(464384K), 0.0004073 secs]
16.241: Total time for which application threads were stopped: 0.0005414 seconds, Stopping threads took: 0.0000266 seconds
16.322: [GC (Allocation Failure)  121517K->717K(461824K), 0.0004714 secs]
16.322: Total time for which application threads were stopped: 0.0005966 seconds, Stopping threads took: 0.0000175 seconds
16.401: [GC (Allocation Failure)  118989K->685K(459264K), 0.0006019 secs]
16.402: Total time for which application threads were stopped: 0.0007084 seconds, Stopping threads took: 0.0000169 seconds
16.475: [GC (Allocation Failure)  116397K->653K(456704K), 0.0006433 secs]
16.475: Total time for which application threads were stopped: 0.0007754 seconds, Stopping threads took: 0.0000197 seconds
16.547: [GC (Allocation Failure)  113805K->685K(454144K), 0.0004759 secs]
16.548: Total time for which application threads were stopped: 0.0005958 seconds, Stopping threads took: 0.0000200 seconds
16.617: [GC (Allocation Failure)  111277K->685K(452096K), 0.0004833 secs]
16.617: Total time for which application threads were stopped: 0.0006105 seconds, Stopping threads took: 0.0000191 seconds
16.685: [GC (Allocation Failure)  109229K->717K(450048K), 0.0005011 secs]
16.686: Total time for which application threads were stopped: 0.0006366 seconds, Stopping threads took: 0.0000214 seconds
16.754: [GC (Allocation Failure)  107213K->653K(448000K), 0.0004847 secs]
16.754: Total time for which application threads were stopped: 0.0006121 seconds, Stopping threads took: 0.0000271 seconds
16.820: [GC (Allocation Failure)  105101K->653K(445952K), 0.0004950 secs]
16.820: Total time for which application threads were stopped: 0.0006195 seconds, Stopping threads took: 0.0000207 seconds
16.884: [GC (Allocation Failure)  103053K->653K(443904K), 0.0004757 secs]
16.885: Total time for which application threads were stopped: 0.0006156 seconds, Stopping threads took: 0.0000281 seconds
16.948: [GC (Allocation Failure)  101005K->717K(441856K), 0.0004993 secs]
16.948: Total time for which application threads were stopped: 0.0006290 seconds, Stopping threads took: 0.0000203 seconds
17.010: [GC (Allocation Failure)  99021K->621K(439808K), 0.0005471 secs]
17.011: Total time for which application threads were stopped: 0.0006671 seconds, Stopping threads took: 0.0000193 seconds
17.076: [GC (Allocation Failure)  96877K->749K(437760K), 0.0005036 secs]
17.076: Total time for which application threads were stopped: 0.0006245 seconds, Stopping threads took: 0.0000194 seconds
17.142: [GC (Allocation Failure)  94957K->717K(436224K), 0.0005301 secs]
17.142: Total time for which application threads were stopped: 0.0006702 seconds, Stopping threads took: 0.0000259 seconds
17.200: [GC (Allocation Failure)  93389K->621K(434688K), 0.0004705 secs]
17.201: Total time for which application threads were stopped: 0.0005929 seconds, Stopping threads took: 0.0000193 seconds
17.264: [GC (Allocation Failure)  91757K->717K(433152K), 0.0005760 secs]
17.264: Total time for which application threads were stopped: 0.0007043 seconds, Stopping threads took: 0.0000273 seconds
17.320: [GC (Allocation Failure)  90317K->653K(431616K), 0.0004970 secs]
17.321: Total time for which application threads were stopped: 0.0006349 seconds, Stopping threads took: 0.0000194 seconds
17.380: [GC (Allocation Failure)  88717K->653K(430080K), 0.0004726 secs]
17.380: Total time for which application threads were stopped: 0.0006263 seconds, Stopping threads took: 0.0000294 seconds
17.434: [GC (Allocation Failure)  87181K->685K(428544K), 0.0004699 secs]
17.435: Total time for which application threads were stopped: 0.0005943 seconds, Stopping threads took: 0.0000266 seconds
17.488: [GC (Allocation Failure)  85677K->653K(427008K), 0.0005946 secs]
17.488: Total time for which application threads were stopped: 0.0007190 seconds, Stopping threads took: 0.0000198 seconds
17.541: [GC (Allocation Failure)  84109K->653K(425472K), 0.0006825 secs]
17.541: Total time for which application threads were stopped: 0.0008066 seconds, Stopping threads took: 0.0000193 seconds
17.592: [GC (Allocation Failure)  82573K->621K(423936K), 0.0003822 secs]
17.593: Total time for which application threads were stopped: 0.0004965 seconds, Stopping threads took: 0.0000189 seconds
17.646: [GC (Allocation Failure)  81005K->653K(422400K), 0.0004064 secs]
17.647: Total time for which application threads were stopped: 0.0005124 seconds, Stopping threads took: 0.0000175 seconds
17.696: [GC (Allocation Failure)  79501K->749K(421376K), 0.0005023 secs]
17.696: Total time for which application threads were stopped: 0.0006229 seconds, Stopping threads took: 0.0000194 seconds
17.746: [GC (Allocation Failure)  78573K->653K(420352K), 0.0003778 secs]
17.746: Total time for which application threads were stopped: 0.0004730 seconds, Stopping threads took: 0.0000135 seconds
17.798: [GC (Allocation Failure)  77453K->717K(419328K), 0.0005122 secs]
17.799: Total time for which application threads were stopped: 0.0006218 seconds, Stopping threads took: 0.0000172 seconds
17.846: [GC (Allocation Failure)  76493K->653K(418304K), 0.0005891 secs]
17.847: Total time for which application threads were stopped: 0.0007139 seconds, Stopping threads took: 0.0000200 seconds
17.894: [GC (Allocation Failure)  75405K->685K(417280K), 0.0004792 secs]
17.895: Total time for which application threads were stopped: 0.0006065 seconds, Stopping threads took: 0.0000250 seconds
17.941: [GC (Allocation Failure)  74413K->685K(416256K), 0.0004903 secs]
17.942: Total time for which application threads were stopped: 0.0006300 seconds, Stopping threads took: 0.0000195 seconds
17.987: [GC (Allocation Failure)  73389K->685K(415232K), 0.0006287 secs]
17.988: Total time for which application threads were stopped: 0.0007741 seconds, Stopping threads took: 0.0000221 seconds
18.033: [GC (Allocation Failure)  72365K->685K(414208K), 0.0005698 secs]
18.034: Total time for which application threads were stopped: 0.0007142 seconds, Stopping threads took: 0.0000219 seconds
18.078: [GC (Allocation Failure)  71341K->685K(413184K), 0.0005238 secs]
18.079: Total time for which application threads were stopped: 0.0006733 seconds, Stopping threads took: 0.0000229 seconds
18.123: [GC (Allocation Failure)  70317K->653K(427520K), 0.0006514 secs]
18.123: Total time for which application threads were stopped: 0.0008106 seconds, Stopping threads took: 0.0000230 seconds
18.176: [GC (Allocation Failure)  84621K->653K(425984K), 0.0005337 secs]
18.177: Total time for which application threads were stopped: 0.0007003 seconds, Stopping threads took: 0.0000320 seconds
18.235: [GC (Allocation Failure)  83085K->653K(424448K), 0.0004906 secs]
18.235: Total time for which application threads were stopped: 0.0006246 seconds, Stopping threads took: 0.0000278 seconds
18.291: [GC (Allocation Failure)  81549K->749K(422912K), 0.0005416 secs]
18.291: Total time for which application threads were stopped: 0.0006498 seconds, Stopping threads took: 0.0000174 seconds
18.344: [GC (Allocation Failure)  80109K->717K(421888K), 0.0004394 secs]
18.345: Total time for which application threads were stopped: 0.0005470 seconds, Stopping threads took: 0.0000167 seconds
18.394: [GC (Allocation Failure)  79053K->653K(420864K), 0.0006084 secs]
18.394: Total time for which application threads were stopped: 0.0007304 seconds, Stopping threads took: 0.0000197 seconds
18.448: [GC (Allocation Failure)  77965K->685K(419840K), 0.0004706 secs]
18.448: Total time for which application threads were stopped: 0.0005930 seconds, Stopping threads took: 0.0000197 seconds
18.502: [GC (Allocation Failure)  76973K->621K(418816K), 0.0005734 secs]
18.503: Total time for which application threads were stopped: 0.0007005 seconds, Stopping threads took: 0.0000279 seconds
18.550: [GC (Allocation Failure)  75885K->717K(417792K), 0.0005418 secs]
18.551: Total time for which application threads were stopped: 0.0006793 seconds, Stopping threads took: 0.0000204 seconds
18.598: [GC (Allocation Failure)  74957K->653K(416768K), 0.0005182 secs]
18.598: Total time for which application threads were stopped: 0.0006528 seconds, Stopping threads took: 0.0000218 seconds
18.644: [GC (Allocation Failure)  73869K->653K(415744K), 0.0004869 secs]
18.645: Total time for which application threads were stopped: 0.0006246 seconds, Stopping threads took: 0.0000218 seconds
18.694: [GC (Allocation Failure)  72845K->621K(414720K), 0.0005479 secs]
18.695: Total time for which application threads were stopped: 0.0006717 seconds, Stopping threads took: 0.0000271 seconds
18.746: [GC (Allocation Failure)  71789K->653K(413696K), 0.0004559 secs]
18.746: Total time for which application threads were stopped: 0.0005791 seconds, Stopping threads took: 0.0000242 seconds
18.790: [GC (Allocation Failure)  70797K->749K(412672K), 0.0005374 secs]
18.791: Total time for which application threads were stopped: 0.0006549 seconds, Stopping threads took: 0.0000196 seconds
18.834: [GC (Allocation Failure)  69869K->653K(411648K), 0.0004054 secs]
18.834: Total time for which application threads were stopped: 0.0005124 seconds, Stopping threads took: 0.0000165 seconds
18.877: [GC (Allocation Failure)  68749K->717K(410624K), 0.0005125 secs]
18.878: Total time for which application threads were stopped: 0.0006205 seconds, Stopping threads took: 0.0000173 seconds
18.920: [GC (Allocation Failure)  67789K->621K(424448K), 0.0006240 secs]
18.920: Total time for which application threads were stopped: 0.0007430 seconds, Stopping threads took: 0.0000195 seconds
18.971: [GC (Allocation Failure)  81517K->653K(422912K), 0.0004495 secs]
18.971: Total time for which application threads were stopped: 0.0005756 seconds, Stopping threads took: 0.0000249 seconds
19.026: [GC (Allocation Failure)  80013K->653K(421888K), 0.0005066 secs]
19.026: Total time for which application threads were stopped: 0.0006238 seconds, Stopping threads took: 0.0000196 seconds
19.080: [GC (Allocation Failure)  78989K->653K(420864K), 0.0004957 secs]
19.081: Total time for which application threads were stopped: 0.0006117 seconds, Stopping threads took: 0.0000195 seconds
19.135: [GC (Allocation Failure)  77965K->685K(419840K), 0.0004538 secs]
19.136: Total time for which application threads were stopped: 0.0005742 seconds, Stopping threads took: 0.0000196 seconds
19.183: [GC (Allocation Failure)  76973K->717K(418816K), 0.0006228 secs]
19.184: Total time for which application threads were stopped: 0.0007624 seconds, Stopping threads took: 0.0000199 seconds
19.231: [GC (Allocation Failure)  75981K->653K(417792K), 0.0003819 secs]
19.232: Total time for which application threads were stopped: 0.0005094 seconds, Stopping threads took: 0.0000297 seconds
19.281: [GC (Allocation Failure)  74893K->653K(416768K), 0.0005955 secs]
19.282: Total time for which application threads were stopped: 0.0007124 seconds, Stopping threads took: 0.0000193 seconds
19.334: [GC (Allocation Failure)  73869K->653K(415744K), 0.0005881 secs]
19.334: Total time for which application threads were stopped: 0.0007224 seconds, Stopping threads took: 0.0000271 seconds
19.385: [GC (Allocation Failure)  72845K->653K(414720K), 0.0004699 secs]
19.385: Total time for which application threads were stopped: 0.0006108 seconds, Stopping threads took: 0.0000273 seconds
19.434: [GC (Allocation Failure)  71821K->685K(413696K), 0.0004701 secs]
19.434: Total time for which application threads were stopped: 0.0005863 seconds, Stopping threads took: 0.0000191 seconds
19.478: [GC (Allocation Failure)  70829K->685K(412672K), 0.0006431 secs]
19.479: Total time for which application threads were stopped: 0.0007661 seconds, Stopping threads took: 0.0000270 seconds
19.522: [GC (Allocation Failure)  69805K->717K(411648K), 0.0005015 secs]
19.523: Total time for which application threads were stopped: 0.0006448 seconds, Stopping threads took: 0.0000272 seconds
19.565: [GC (Allocation Failure)  68813K->653K(410624K), 0.0005163 secs]
19.566: Total time for which application threads were stopped: 0.0006600 seconds, Stopping threads took: 0.0000205 seconds
19.614: [GC (Allocation Failure)  67725K->653K(409600K), 0.0005631 secs]
19.614: Total time for which application threads were stopped: 0.0007025 seconds, Stopping threads took: 0.0000211 seconds
19.661: [GC (Allocation Failure)  66701K->653K(408576K), 0.0005626 secs]
19.662: Total time for which application threads were stopped: 0.0007199 seconds, Stopping threads took: 0.0000305 seconds
19.703: [GC (Allocation Failure)  65677K->717K(421888K), 0.0007013 secs]
19.703: Total time for which application threads were stopped: 0.0008419 seconds, Stopping threads took: 0.0000203 seconds
19.754: [GC (Allocation Failure)  79053K->685K(437760K), 0.0004792 secs]
19.754: Total time for which application threads were stopped: 0.0006081 seconds, Stopping threads took: 0.0000277 seconds
19.813: [GC (Allocation Failure)  94893K->621K(436224K), 0.0005366 secs]
19.814: Total time for which application threads were stopped: 0.0006560 seconds, Stopping threads took: 0.0000195 seconds
19.877: [GC (Allocation Failure)  93293K->653K(434688K), 0.0005203 secs]
19.877: Total time for which application threads were stopped: 0.0006572 seconds, Stopping threads took: 0.0000277 seconds
19.938: [GC (Allocation Failure)  91789K->653K(433152K), 0.0006877 secs]
19.938: Total time for which application threads were stopped: 0.0008241 seconds, Stopping threads took: 0.0000212 seconds
19.994: [GC (Allocation Failure)  90253K->717K(431616K), 0.0005366 secs]
19.995: Total time for which application threads were stopped: 0.0006752 seconds, Stopping threads took: 0.0000207 seconds
20.050: [GC (Allocation Failure)  88781K->653K(430080K), 0.0005345 secs]
20.051: Total time for which application threads were stopped: 0.0006806 seconds, Stopping threads took: 0.0000212 seconds
20.105: [GC (Allocation Failure)  87181K->685K(428544K), 0.0005602 secs]
20.106: Total time for which application threads were stopped: 0.0006795 seconds, Stopping threads took: 0.0000206 seconds
20.162: [GC (Allocation Failure)  85677K->685K(427008K), 0.0005878 secs]
20.163: Total time for which application threads were stopped: 0.0007070 seconds, Stopping threads took: 0.0000190 seconds
20.215: [GC (Allocation Failure)  84141K->685K(425472K), 0.0005314 secs]
20.215: Total time for which application threads were stopped: 0.0006478 seconds, Stopping threads took: 0.0000194 seconds
20.272: [GC (Allocation Failure)  82605K->621K(423936K), 0.0006445 secs]
20.273: Total time for which application threads were stopped: 0.0007823 seconds, Stopping threads took: 0.0000194 seconds
20.323: [GC (Allocation Failure)  81005K->685K(422400K), 0.0005962 secs]
20.324: Total time for which application threads were stopped: 0.0007358 seconds, Stopping threads took: 0.0000206 seconds
20.373: [GC (Allocation Failure)  79533K->653K(421376K), 0.0004932 secs]
20.374: Total time for which application threads were stopped: 0.0006405 seconds, Stopping threads took: 0.0000217 seconds
20.428: [GC (Allocation Failure)  78477K->621K(420352K), 0.0005008 secs]
20.429: Total time for which application threads were stopped: 0.0006127 seconds, Stopping threads took: 0.0000170 seconds
20.477: [GC (Allocation Failure)  77421K->717K(419328K), 0.0005678 secs]
20.478: Total time for which application threads were stopped: 0.0007114 seconds, Stopping threads took: 0.0000219 seconds
20.526: [GC (Allocation Failure)  76493K->621K(418304K), 0.0005545 secs]
20.527: Total time for which application threads were stopped: 0.0006843 seconds, Stopping threads took: 0.0000286 seconds
20.578: [GC (Allocation Failure)  75373K->621K(417280K), 0.0004768 secs]
20.579: Total time for which application threads were stopped: 0.0006076 seconds, Stopping threads took: 0.0000282 seconds
20.625: [GC (Allocation Failure)  74349K->653K(416256K), 0.0008232 secs]
20.625: Total time for which application threads were stopped: 0.0009495 seconds, Stopping threads took: 0.0000192 seconds
20.671: [GC (Allocation Failure)  73357K->685K(415232K), 0.0004955 secs]
20.671: Total time for which application threads were stopped: 0.0006124 seconds, Stopping threads took: 0.0000192 seconds
20.722: [GC (Allocation Failure)  72365K->749K(414208K), 0.0005451 secs]
20.723: Total time for which application threads were stopped: 0.0006879 seconds, Stopping threads took: 0.0000197 seconds
20.773: [GC (Allocation Failure)  71405K->653K(413184K), 0.0004040 secs]
20.773: Total time for which application threads were stopped: 0.0005131 seconds, Stopping threads took: 0.0000173 seconds
20.817: [GC (Allocation Failure)  70285K->653K(412160K), 0.0004843 secs]
20.818: Total time for which application threads were stopped: 0.0006238 seconds, Stopping threads took: 0.0000193 seconds
20.864: [GC (Allocation Failure)  69261K->653K(411136K), 0.0006238 secs]
20.865: Total time for which application threads were stopped: 0.0007860 seconds, Stopping threads took: 0.0000360 seconds
20.914: [GC (Allocation Failure)  68237K->685K(410112K), 0.0005305 secs]
20.914: Total time for which application threads were stopped: 0.0006855 seconds, Stopping threads took: 0.0000225 seconds
20.956: [GC (Allocation Failure)  67245K->621K(409088K), 0.0004790 secs]
20.956: Total time for which application threads were stopped: 0.0006297 seconds, Stopping threads took: 0.0000339 seconds
21.002: [GC (Allocation Failure)  66157K->653K(408064K), 0.0005894 secs]
21.003: Total time for which application threads were stopped: 0.0007232 seconds, Stopping threads took: 0.0000220 seconds
21.043: [GC (Allocation Failure)  65165K->653K(421376K), 0.0005966 secs]
21.044: Total time for which application threads were stopped: 0.0007474 seconds, Stopping threads took: 0.0000279 seconds
21.096: [GC (Allocation Failure)  78477K->621K(437248K), 0.0005940 secs]
21.097: Total time for which application threads were stopped: 0.0007427 seconds, Stopping threads took: 0.0000220 seconds
21.161: [GC (Allocation Failure)  94317K->621K(435712K), 0.0006621 secs]
21.161: Total time for which application threads were stopped: 0.0008070 seconds, Stopping threads took: 0.0000309 seconds
21.226: [GC (Allocation Failure)  92781K->685K(434176K), 0.0005970 secs]
21.227: Total time for which application threads were stopped: 0.0007275 seconds, Stopping threads took: 0.0000214 seconds
21.284: [GC (Allocation Failure)  91309K->685K(432640K), 0.0004888 secs]
21.284: Total time for which application threads were stopped: 0.0006341 seconds, Stopping threads took: 0.0000273 seconds
21.340: [GC (Allocation Failure)  89773K->653K(431104K), 0.0005866 secs]
21.341: Total time for which application threads were stopped: 0.0007460 seconds, Stopping threads took: 0.0000289 seconds
21.396: [GC (Allocation Failure)  88205K->653K(429568K), 0.0004632 secs]
21.396: Total time for which application threads were stopped: 0.0005995 seconds, Stopping threads took: 0.0000268 seconds
21.454: [GC (Allocation Failure)  86669K->653K(428032K), 0.0004990 secs]
21.455: Total time for which application threads were stopped: 0.0006215 seconds, Stopping threads took: 0.0000205 seconds
21.513: [GC (Allocation Failure)  85133K->717K(426496K), 0.0005910 secs]
21.513: Total time for which application threads were stopped: 0.0007146 seconds, Stopping threads took: 0.0000271 seconds
21.565: [GC (Allocation Failure)  83661K->685K(424960K), 0.0005346 secs]
21.566: Total time for which application threads were stopped: 0.0006646 seconds, Stopping threads took: 0.0000196 seconds
21.617: [GC (Allocation Failure)  82093K->621K(423424K), 0.0004910 secs]
21.617: Total time for which application threads were stopped: 0.0006257 seconds, Stopping threads took: 0.0000207 seconds
21.667: [GC (Allocation Failure)  80493K->653K(422400K), 0.0004704 secs]
21.668: Total time for which application threads were stopped: 0.0005923 seconds, Stopping threads took: 0.0000213 seconds
21.723: [GC (Allocation Failure)  79501K->653K(421376K), 0.0004966 secs]
21.724: Total time for which application threads were stopped: 0.0006412 seconds, Stopping threads took: 0.0000275 seconds
21.776: [GC (Allocation Failure)  78477K->685K(420352K), 0.0006712 secs]
21.777: Total time for which application threads were stopped: 0.0007992 seconds, Stopping threads took: 0.0000192 seconds
21.828: [GC (Allocation Failure)  77485K->685K(419328K), 0.0007036 secs]
21.829: Total time for which application threads were stopped: 0.0008379 seconds, Stopping threads took: 0.0000212 seconds
21.876: [GC (Allocation Failure)  76461K->685K(418304K), 0.0005199 secs]
21.877: Total time for which application threads were stopped: 0.0006620 seconds, Stopping threads took: 0.0000288 seconds
21.927: [GC (Allocation Failure)  75437K->717K(417280K), 0.0006355 secs]
21.927: Total time for which application threads were stopped: 0.0007763 seconds, Stopping threads took: 0.0000218 seconds
21.974: [GC (Allocation Failure)  74445K->653K(432128K), 0.0007002 secs]
21.975: Total time for which application threads were stopped: 0.0008449 seconds, Stopping threads took: 0.0000225 seconds
22.030: [GC (Allocation Failure)  89229K->717K(450048K), 0.0007071 secs]
22.031: Total time for which application threads were stopped: 0.0008500 seconds, Stopping threads took: 0.0000221 seconds
22.098: [GC (Allocation Failure)  107213K->621K(471552K), 0.0006459 secs]
22.098: Total time for which application threads were stopped: 0.0007833 seconds, Stopping threads took: 0.0000271 seconds
22.184: [GC (Allocation Failure)  128621K->685K(468480K), 0.0006709 secs]
22.184: Total time for which application threads were stopped: 0.0008072 seconds, Stopping threads took: 0.0000197 seconds
22.263: [GC (Allocation Failure)  125613K->653K(465408K), 0.0004125 secs]
22.264: Total time for which application threads were stopped: 0.0005420 seconds, Stopping threads took: 0.0000268 seconds
22.339: [GC (Allocation Failure)  122509K->653K(462848K), 0.0005005 secs]
22.340: Total time for which application threads were stopped: 0.0006220 seconds, Stopping threads took: 0.0000252 seconds
22.418: [GC (Allocation Failure)  119949K->653K(460288K), 0.0005089 secs]
22.419: Total time for which application threads were stopped: 0.0006322 seconds, Stopping threads took: 0.0000173 seconds
22.497: [GC (Allocation Failure)  117389K->653K(457728K), 0.0005706 secs]
22.498: Total time for which application threads were stopped: 0.0007047 seconds, Stopping threads took: 0.0000189 seconds
22.570: [GC (Allocation Failure)  114829K->653K(455168K), 0.0004960 secs]
22.571: Total time for which application threads were stopped: 0.0006298 seconds, Stopping threads took: 0.0000218 seconds
22.641: [GC (Allocation Failure)  112269K->653K(452608K), 0.0005053 secs]
22.641: Total time for which application threads were stopped: 0.0006552 seconds, Stopping threads took: 0.0000289 seconds
22.714: [GC (Allocation Failure)  109709K->653K(450560K), 0.0004984 secs]
22.715: Total time for which application threads were stopped: 0.0006365 seconds, Stopping threads took: 0.0000216 seconds
22.788: [GC (Allocation Failure)  107661K->653K(448512K), 0.0004523 secs]
22.789: Total time for which application threads were stopped: 0.0005735 seconds, Stopping threads took: 0.0000201 seconds
22.857: [GC (Allocation Failure)  105613K->749K(446464K), 0.0006590 secs]
22.858: Total time for which application threads were stopped: 0.0007990 seconds, Stopping threads took: 0.0000217 seconds
22.928: [GC (Allocation Failure)  103661K->717K(444416K), 0.0005281 secs]
22.929: Total time for which application threads were stopped: 0.0006592 seconds, Stopping threads took: 0.0000192 seconds
22.996: [GC (Allocation Failure)  101581K->653K(442368K), 0.0004667 secs]
22.996: Total time for which application threads were stopped: 0.0006017 seconds, Stopping threads took: 0.0000288 seconds
23.058: [GC (Allocation Failure)  99469K->653K(440320K), 0.0007437 secs]
23.059: Total time for which application threads were stopped: 0.0008710 seconds, Stopping threads took: 0.0000201 seconds
23.119: [GC (Allocation Failure)  97421K->749K(438272K), 0.0005945 secs]
23.120: Total time for which application threads were stopped: 0.0007481 seconds, Stopping threads took: 0.0000221 seconds
23.179: [GC (Allocation Failure)  95469K->749K(436736K), 0.0004949 secs]
23.180: Total time for which application threads were stopped: 0.0006192 seconds, Stopping threads took: 0.0000197 seconds
23.238: [GC (Allocation Failure)  93933K->685K(435200K), 0.0004557 secs]
23.239: Total time for which application threads were stopped: 0.0005745 seconds, Stopping threads took: 0.0000263 seconds
23.296: [GC (Allocation Failure)  92333K->621K(433664K), 0.0005794 secs]
23.297: Total time for which application threads were stopped: 0.0007093 seconds, Stopping threads took: 0.0000277 seconds
23.359: [GC (Allocation Failure)  90733K->653K(432128K), 0.0005199 secs]
23.360: Total time for which application threads were stopped: 0.0006443 seconds, Stopping threads took: 0.0000273 seconds
23.419: [GC (Allocation Failure)  89229K->717K(430592K), 0.0006695 secs]
23.420: Total time for which application threads were stopped: 0.0007768 seconds, Stopping threads took: 0.0000169 seconds
23.481: [GC (Allocation Failure)  87757K->749K(429056K), 0.0004519 secs]
23.481: Total time for which application threads were stopped: 0.0005787 seconds, Stopping threads took: 0.0000279 seconds
23.535: [GC (Allocation Failure)  86253K->621K(427520K), 0.0004949 secs]
23.536: Total time for which application threads were stopped: 0.0006252 seconds, Stopping threads took: 0.0000193 seconds
23.593: [GC (Allocation Failure)  84589K->717K(425984K), 0.0006498 secs]
23.593: Total time for which application threads were stopped: 0.0007986 seconds, Stopping threads took: 0.0000252 seconds
23.645: [GC (Allocation Failure)  83149K->685K(424448K), 0.0004483 secs]
23.645: Total time for which application threads were stopped: 0.0005770 seconds, Stopping threads took: 0.0000286 seconds
23.701: [GC (Allocation Failure)  81581K->621K(422912K), 0.0005183 secs]
23.701: Total time for which application threads were stopped: 0.0006268 seconds, Stopping threads took: 0.0000172 seconds
23.752: [GC (Allocation Failure)  79981K->749K(421888K), 0.0004378 secs]
23.753: Total time for which application threads were stopped: 0.0005490 seconds, Stopping threads took: 0.0000168 seconds
23.802: [GC (Allocation Failure)  79085K->653K(420864K), 0.0006364 secs]
23.803: Total time for which application threads were stopped: 0.0007603 seconds, Stopping threads took: 0.0000203 seconds
23.851: [GC (Allocation Failure)  77965K->653K(419840K), 0.0005054 secs]
23.852: Total time for which application threads were stopped: 0.0006362 seconds, Stopping threads took: 0.0000282 seconds
23.907: [GC (Allocation Failure)  76941K->653K(418816K), 0.0004681 secs]
23.907: Total time for which application threads were stopped: 0.0005838 seconds, Stopping threads took: 0.0000185 seconds
23.954: [GC (Allocation Failure)  75917K->621K(417792K), 0.0004896 secs]
23.955: Total time for which application threads were stopped: 0.0006231 seconds, Stopping threads took: 0.0000191 seconds
24.007: [GC (Allocation Failure)  74861K->685K(416768K), 0.0005350 secs]
24.008: Total time for which application threads were stopped: 0.0006499 seconds, Stopping threads took: 0.0000206 seconds
24.058: [GC (Allocation Failure)  73901K->685K(415744K), 0.0004972 secs]
24.059: Total time for which application threads were stopped: 0.0006168 seconds, Stopping threads took: 0.0000196 seconds
24.104: [GC (Allocation Failure)  72877K->621K(414720K), 0.0006102 secs]
24.105: Total time for which application threads were stopped: 0.0007345 seconds, Stopping threads took: 0.0000201 seconds
24.150: [GC (Allocation Failure)  71789K->653K(413696K), 0.0004851 secs]
24.150: Total time for which application threads were stopped: 0.0006201 seconds, Stopping threads took: 0.0000194 seconds
24.194: [GC (Allocation Failure)  70797K->685K(412672K), 0.0005046 secs]
24.195: Total time for which application threads were stopped: 0.0006495 seconds, Stopping threads took: 0.0000205 seconds
24.245: [GC (Allocation Failure)  69805K->653K(411648K), 0.0003989 secs]
24.246: Total time for which application threads were stopped: 0.0005228 seconds, Stopping threads took: 0.0000190 seconds
24.293: [GC (Allocation Failure)  68749K->685K(410624K), 0.0005152 secs]
24.293: Total time for which application threads were stopped: 0.0006853 seconds, Stopping threads took: 0.0000286 seconds
24.336: [GC (Allocation Failure)  67757K->653K(409600K), 0.0006772 secs]
24.336: Total time for which application threads were stopped: 0.0008286 seconds, Stopping threads took: 0.0000207 seconds
24.382: [GC (Allocation Failure)  66701K->653K(408576K), 0.0005179 secs]
24.383: Total time for which application threads were stopped: 0.0006370 seconds, Stopping threads took: 0.0000207 seconds
24.429: [GC (Allocation Failure)  65677K->621K(421888K), 0.0005784 secs]
24.430: Total time for which application threads were stopped: 0.0006964 seconds, Stopping threads took: 0.0000169 seconds
24.479: [GC (Allocation Failure)  78957K->749K(420864K), 0.0005034 secs]
24.479: Total time for which application threads were stopped: 0.0006396 seconds, Stopping threads took: 0.0000202 seconds
24.528: [GC (Allocation Failure)  78061K->653K(419840K), 0.0004800 secs]
24.529: Total time for which application threads were stopped: 0.0005996 seconds, Stopping threads took: 0.0000199 seconds
24.576: [GC (Allocation Failure)  76941K->717K(418816K), 0.0005096 secs]
24.577: Total time for which application threads were stopped: 0.0006561 seconds, Stopping threads took: 0.0000219 seconds
24.624: [GC (Allocation Failure)  75981K->685K(417792K), 0.0005388 secs]
24.625: Total time for which application threads were stopped: 0.0007198 seconds, Stopping threads took: 0.0000225 seconds
24.671: [GC (Allocation Failure)  74925K->685K(416768K), 0.0006094 secs]
24.672: Total time for which application threads were stopped: 0.0007658 seconds, Stopping threads took: 0.0000304 seconds
24.722: [GC (Allocation Failure)  73901K->685K(415744K), 0.0005520 secs]
24.723: Total time for which application threads were stopped: 0.0006893 seconds, Stopping threads took: 0.0000217 seconds
24.770: [GC (Allocation Failure)  72877K->685K(414720K), 0.0004870 secs]
24.770: Total time for which application threads were stopped: 0.0006076 seconds, Stopping threads took: 0.0000194 seconds
24.815: [GC (Allocation Failure)  71853K->653K(429056K), 0.0006719 secs]
24.815: Total time for which application threads were stopped: 0.0008024 seconds, Stopping threads took: 0.0000211 seconds
24.869: [GC (Allocation Failure)  86157K->685K(427520K), 0.0004905 secs]
24.870: Total time for which application threads were stopped: 0.0006301 seconds, Stopping threads took: 0.0000218 seconds
24.922: [GC (Allocation Failure)  84653K->749K(425984K), 0.0005079 secs]
24.923: Total time for which application threads were stopped: 0.0006406 seconds, Stopping threads took: 0.0000218 seconds
24.975: [GC (Allocation Failure)  83181K->621K(424448K), 0.0006223 secs]
24.976: Total time for which application threads were stopped: 0.0007525 seconds, Stopping threads took: 0.0000280 seconds
25.026: [GC (Allocation Failure)  81517K->685K(422912K), 0.0005430 secs]
25.027: Total time for which application threads were stopped: 0.0007037 seconds, Stopping threads took: 0.0000305 seconds
25.082: [GC (Allocation Failure)  80045K->717K(421888K), 0.0006982 secs]
25.083: Total time for which application threads were stopped: 0.0008365 seconds, Stopping threads took: 0.0000261 seconds
25.132: [GC (Allocation Failure)  79053K->653K(420864K), 0.0005156 secs]
25.132: Total time for which application threads were stopped: 0.0006555 seconds, Stopping threads took: 0.0000281 seconds
25.180: [GC (Allocation Failure)  77965K->653K(419840K), 0.0004745 secs]
25.181: Total time for which application threads were stopped: 0.0006174 seconds, Stopping threads took: 0.0000277 seconds
25.229: [GC (Allocation Failure)  76941K->749K(435200K), 0.0007223 secs]
25.229: Total time for which application threads were stopped: 0.0008638 seconds, Stopping threads took: 0.0000292 seconds
25.288: [GC (Allocation Failure)  92397K->653K(433664K), 0.0004911 secs]
25.289: Total time for which application threads were stopped: 0.0006307 seconds, Stopping threads took: 0.0000280 seconds
25.349: [GC (Allocation Failure)  90765K->717K(432128K), 0.0004633 secs]
25.349: Total time for which application threads were stopped: 0.0006156 seconds, Stopping threads took: 0.0000189 seconds
25.405: [GC (Allocation Failure)  89293K->621K(430592K), 0.0005408 secs]
25.405: Total time for which application threads were stopped: 0.0006565 seconds, Stopping threads took: 0.0000200 seconds
25.465: [GC (Allocation Failure)  87661K->685K(429056K), 0.0005629 secs]
25.466: Total time for which application threads were stopped: 0.0006802 seconds, Stopping threads took: 0.0000189 seconds
25.526: [GC (Allocation Failure)  86189K->685K(427520K), 0.0004714 secs]
25.526: Total time for which application threads were stopped: 0.0006163 seconds, Stopping threads took: 0.0000267 seconds
25.582: [GC (Allocation Failure)  84653K->621K(425984K), 0.0005847 secs]
25.582: Total time for which application threads were stopped: 0.0007243 seconds, Stopping threads took: 0.0000212 seconds
25.639: [GC (Allocation Failure)  83053K->717K(424448K), 0.0006588 secs]
25.640: Total time for which application threads were stopped: 0.0007861 seconds, Stopping threads took: 0.0000202 seconds
25.695: [GC (Allocation Failure)  81613K->653K(422912K), 0.0005994 secs]
25.696: Total time for which application threads were stopped: 0.0007459 seconds, Stopping threads took: 0.0000287 seconds
25.746: [GC (Allocation Failure)  80013K->653K(421888K), 0.0003939 secs]
25.747: Total time for which application threads were stopped: 0.0004904 seconds, Stopping threads took: 0.0000139 seconds
25.796: [GC (Allocation Failure)  78989K->717K(420864K), 0.0005707 secs]
25.796: Total time for which application threads were stopped: 0.0007016 seconds, Stopping threads took: 0.0000280 seconds
25.845: [GC (Allocation Failure)  78029K->621K(419840K), 0.0004363 secs]
25.845: Total time for which application threads were stopped: 0.0005500 seconds, Stopping threads took: 0.0000190 seconds
25.898: [GC (Allocation Failure)  76909K->653K(418816K), 0.0004035 secs]
25.899: Total time for which application threads were stopped: 0.0005124 seconds, Stopping threads took: 0.0000173 seconds
25.946: [GC (Allocation Failure)  75917K->717K(417792K), 0.0005794 secs]
25.946: Total time for which application threads were stopped: 0.0007082 seconds, Stopping threads took: 0.0000279 seconds
25.993: [GC (Allocation Failure)  74957K->653K(416768K), 0.0005707 secs]
25.993: Total time for which application threads were stopped: 0.0007078 seconds, Stopping threads took: 0.0000196 seconds
26.039: [GC (Allocation Failure)  73869K->685K(415744K), 0.0004885 secs]
26.040: Total time for which application threads were stopped: 0.0006163 seconds, Stopping threads took: 0.0000214 seconds
26.085: [GC (Allocation Failure)  72877K->749K(430592K), 0.0007144 secs]
26.086: Total time for which application threads were stopped: 0.0008340 seconds, Stopping threads took: 0.0000195 seconds
26.140: [GC (Allocation Failure)  87789K->653K(429056K), 0.0005257 secs]
26.141: Total time for which application threads were stopped: 0.0006538 seconds, Stopping threads took: 0.0000271 seconds
26.194: [GC (Allocation Failure)  86157K->589K(427520K), 0.0005863 secs]
26.195: Total time for which application threads were stopped: 0.0007020 seconds, Stopping threads took: 0.0000190 seconds
26.252: [GC (Allocation Failure)  84557K->685K(425984K), 0.0004584 secs]
26.253: Total time for which application threads were stopped: 0.0005734 seconds, Stopping threads took: 0.0000188 seconds
26.304: [GC (Allocation Failure)  83117K->685K(424448K), 0.0005253 secs]
26.305: Total time for which application threads were stopped: 0.0006409 seconds, Stopping threads took: 0.0000186 seconds
26.355: [GC (Allocation Failure)  81581K->653K(422912K), 0.0004765 secs]
26.356: Total time for which application threads were stopped: 0.0005930 seconds, Stopping threads took: 0.0000193 seconds
26.405: [GC (Allocation Failure)  80013K->717K(421888K), 0.0004851 secs]
26.406: Total time for which application threads were stopped: 0.0006193 seconds, Stopping threads took: 0.0000198 seconds
26.455: [GC (Allocation Failure)  79053K->717K(420864K), 0.0004735 secs]
26.455: Total time for which application threads were stopped: 0.0005945 seconds, Stopping threads took: 0.0000202 seconds
26.508: [GC (Allocation Failure)  78029K->685K(419840K), 0.0005920 secs]
26.509: Total time for which application threads were stopped: 0.0007221 seconds, Stopping threads took: 0.0000207 seconds
26.557: [GC (Allocation Failure)  76973K->653K(418816K), 0.0005045 secs]
26.558: Total time for which application threads were stopped: 0.0006209 seconds, Stopping threads took: 0.0000218 seconds
26.608: [GC (Allocation Failure)  75917K->653K(417792K), 0.0004849 secs]
26.608: Total time for which application threads were stopped: 0.0006164 seconds, Stopping threads took: 0.0000256 seconds
26.658: [GC (Allocation Failure)  74893K->685K(416768K), 0.0007508 secs]
26.659: Total time for which application threads were stopped: 0.0008776 seconds, Stopping threads took: 0.0000269 seconds
26.705: [GC (Allocation Failure)  73901K->621K(415744K), 0.0004831 secs]
26.706: Total time for which application threads were stopped: 0.0006088 seconds, Stopping threads took: 0.0000212 seconds
26.752: [GC (Allocation Failure)  72813K->621K(414720K), 0.0005068 secs]
26.753: Total time for which application threads were stopped: 0.0006168 seconds, Stopping threads took: 0.0000254 seconds
26.797: [GC (Allocation Failure)  71789K->685K(413696K), 0.0004979 secs]
26.798: Total time for which application threads were stopped: 0.0006462 seconds, Stopping threads took: 0.0000279 seconds
26.847: [GC (Allocation Failure)  70829K->653K(412672K), 0.0006009 secs]
26.848: Total time for which application threads were stopped: 0.0007370 seconds, Stopping threads took: 0.0000294 seconds
26.895: [GC (Allocation Failure)  69773K->653K(411648K), 0.0004805 secs]
26.895: Total time for which application threads were stopped: 0.0006289 seconds, Stopping threads took: 0.0000286 seconds
26.938: [GC (Allocation Failure)  68749K->685K(410624K), 0.0005049 secs]
26.939: Total time for which application threads were stopped: 0.0006508 seconds, Stopping threads took: 0.0000291 seconds
26.981: [GC (Allocation Failure)  67757K->653K(409600K), 0.0005178 secs]
26.981: Total time for which application threads were stopped: 0.0006627 seconds, Stopping threads took: 0.0000215 seconds
27.029: [GC (Allocation Failure)  66701K->685K(408576K), 0.0005536 secs]
27.029: Total time for which application threads were stopped: 0.0006976 seconds, Stopping threads took: 0.0000231 seconds
27.070: [GC (Allocation Failure)  65709K->653K(421888K), 0.0005565 secs]
27.071: Total time for which application threads were stopped: 0.0006918 seconds, Stopping threads took: 0.0000202 seconds
27.124: [GC (Allocation Failure)  78989K->653K(420864K), 0.0005223 secs]
27.125: Total time for which application threads were stopped: 0.0006580 seconds, Stopping threads took: 0.0000207 seconds
27.178: [GC (Allocation Failure)  77965K->717K(419840K), 0.0005943 secs]
27.178: Total time for which application threads were stopped: 0.0007222 seconds, Stopping threads took: 0.0000195 seconds
27.230: [GC (Allocation Failure)  77005K->653K(418816K), 0.0004870 secs]
27.230: Total time for which application threads were stopped: 0.0006072 seconds, Stopping threads took: 0.0000200 seconds
27.282: [GC (Allocation Failure)  75917K->653K(417792K), 0.0004434 secs]
27.283: Total time for which application threads were stopped: 0.0005707 seconds, Stopping threads took: 0.0000281 seconds
27.334: [GC (Allocation Failure)  74893K->653K(416768K), 0.0007177 secs]
27.335: Total time for which application threads were stopped: 0.0008518 seconds, Stopping threads took: 0.0000215 seconds
27.381: [GC (Allocation Failure)  73869K->685K(415744K), 0.0006061 secs]
27.382: Total time for which application threads were stopped: 0.0007490 seconds, Stopping threads took: 0.0000223 seconds
27.427: [GC (Allocation Failure)  72877K->685K(414720K), 0.0004757 secs]
27.428: Total time for which application threads were stopped: 0.0006024 seconds, Stopping threads took: 0.0000268 seconds
27.472: [GC (Allocation Failure)  71853K->653K(413696K), 0.0005297 secs]
27.472: Total time for which application threads were stopped: 0.0006676 seconds, Stopping threads took: 0.0000206 seconds
27.516: [GC (Allocation Failure)  70797K->717K(412672K), 0.0004840 secs]
27.517: Total time for which application threads were stopped: 0.0006151 seconds, Stopping threads took: 0.0000211 seconds
27.560: [GC (Allocation Failure)  69837K->621K(411648K), 0.0005911 secs]
27.561: Total time for which application threads were stopped: 0.0007448 seconds, Stopping threads took: 0.0000299 seconds
27.603: [GC (Allocation Failure)  68717K->717K(410624K), 0.0004806 secs]
27.604: Total time for which application threads were stopped: 0.0006409 seconds, Stopping threads took: 0.0000226 seconds
27.652: [GC (Allocation Failure)  67789K->717K(409600K), 0.0004741 secs]
27.653: Total time for which application threads were stopped: 0.0005951 seconds, Stopping threads took: 0.0000197 seconds
27.694: [GC (Allocation Failure)  66765K->653K(408576K), 0.0005585 secs]
27.695: Total time for which application threads were stopped: 0.0006833 seconds, Stopping threads took: 0.0000276 seconds
27.736: [GC (Allocation Failure)  65677K->621K(421888K), 0.0005614 secs]
27.737: Total time for which application threads were stopped: 0.0006955 seconds, Stopping threads took: 0.0000193 seconds
27.788: [GC (Allocation Failure)  78957K->717K(437760K), 0.0007458 secs]
27.789: Total time for which application threads were stopped: 0.0008764 seconds, Stopping threads took: 0.0000197 seconds
27.847: [GC (Allocation Failure)  94925K->653K(456704K), 0.0005024 secs]
27.848: Total time for which application threads were stopped: 0.0006442 seconds, Stopping threads took: 0.0000205 seconds
27.924: [GC (Allocation Failure)  113805K->653K(454144K), 0.0006600 secs]
27.925: Total time for which application threads were stopped: 0.0007862 seconds, Stopping threads took: 0.0000216 seconds
27.998: [GC (Allocation Failure)  111245K->717K(452096K), 0.0004651 secs]
27.999: Total time for which application threads were stopped: 0.0005891 seconds, Stopping threads took: 0.0000196 seconds
28.067: [GC (Allocation Failure)  109261K->717K(450048K), 0.0006148 secs]
28.067: Total time for which application threads were stopped: 0.0007442 seconds, Stopping threads took: 0.0000201 seconds
28.134: [GC (Allocation Failure)  107213K->653K(448000K), 0.0004951 secs]
28.135: Total time for which application threads were stopped: 0.0006357 seconds, Stopping threads took: 0.0000228 seconds
28.205: [GC (Allocation Failure)  105101K->653K(445952K), 0.0005045 secs]
28.205: Total time for which application threads were stopped: 0.0006525 seconds, Stopping threads took: 0.0000280 seconds
28.270: [GC (Allocation Failure)  103053K->653K(443904K), 0.0004849 secs]
28.270: Total time for which application threads were stopped: 0.0006313 seconds, Stopping threads took: 0.0000230 seconds
28.338: [GC (Allocation Failure)  101005K->621K(441856K), 0.0005602 secs]
28.339: Total time for which application threads were stopped: 0.0007063 seconds, Stopping threads took: 0.0000308 seconds
28.406: [GC (Allocation Failure)  98925K->685K(439808K), 0.0006770 secs]
28.407: Total time for which application threads were stopped: 0.0007966 seconds, Stopping threads took: 0.0000196 seconds
28.467: [GC (Allocation Failure)  96941K->653K(437760K), 0.0005532 secs]
28.468: Total time for which application threads were stopped: 0.0006760 seconds, Stopping threads took: 0.0000202 seconds
28.526: [GC (Allocation Failure)  94861K->621K(436224K), 0.0006641 secs]
28.527: Total time for which application threads were stopped: 0.0007993 seconds, Stopping threads took: 0.0000270 seconds
28.589: [GC (Allocation Failure)  93293K->653K(434688K), 0.0004609 secs]
28.589: Total time for which application threads were stopped: 0.0005814 seconds, Stopping threads took: 0.0000188 seconds
28.652: [GC (Allocation Failure)  91789K->717K(433152K), 0.0005892 secs]
28.653: Total time for which application threads were stopped: 0.0007178 seconds, Stopping threads took: 0.0000295 seconds
28.715: [GC (Allocation Failure)  90317K->653K(431616K), 0.0006249 secs]
28.716: Total time for which application threads were stopped: 0.0007567 seconds, Stopping threads took: 0.0000198 seconds
28.772: [GC (Allocation Failure)  88717K->621K(430080K), 0.0006311 secs]
28.772: Total time for which application threads were stopped: 0.0007620 seconds, Stopping threads took: 0.0000192 seconds
28.826: [GC (Allocation Failure)  87149K->653K(428544K), 0.0004767 secs]
28.827: Total time for which application threads were stopped: 0.0005928 seconds, Stopping threads took: 0.0000186 seconds
28.883: [GC (Allocation Failure)  85645K->717K(427008K), 0.0004607 secs]
28.884: Total time for which application threads were stopped: 0.0005774 seconds, Stopping threads took: 0.0000191 seconds
28.936: [GC (Allocation Failure)  84173K->685K(425472K), 0.0004844 secs]
28.937: Total time for which application threads were stopped: 0.0006005 seconds, Stopping threads took: 0.0000192 seconds
28.994: [GC (Allocation Failure)  82605K->685K(423936K), 0.0004798 secs]
28.994: Total time for which application threads were stopped: 0.0006074 seconds, Stopping threads took: 0.0000281 seconds
29.048: [GC (Allocation Failure)  81069K->621K(422400K), 0.0004534 secs]
29.048: Total time for which application threads were stopped: 0.0005768 seconds, Stopping threads took: 0.0000277 seconds
29.102: [GC (Allocation Failure)  79469K->653K(421376K), 0.0004707 secs]
29.102: Total time for which application threads were stopped: 0.0005954 seconds, Stopping threads took: 0.0000273 seconds
29.155: [GC (Allocation Failure)  78477K->717K(420352K), 0.0005342 secs]
29.155: Total time for which application threads were stopped: 0.0006603 seconds, Stopping threads took: 0.0000187 seconds
29.203: [GC (Allocation Failure)  77517K->653K(419328K), 0.0004683 secs]
29.204: Total time for which application threads were stopped: 0.0006035 seconds, Stopping threads took: 0.0000275 seconds
29.251: [GC (Allocation Failure)  76429K->717K(418304K), 0.0004354 secs]
29.252: Total time for which application threads were stopped: 0.0005537 seconds, Stopping threads took: 0.0000198 seconds
29.299: [GC (Allocation Failure)  75469K->653K(417280K), 0.0004837 secs]
29.299: Total time for which application threads were stopped: 0.0006240 seconds, Stopping threads took: 0.0000294 seconds
29.350: [GC (Allocation Failure)  74381K->653K(416256K), 0.0005196 secs]
29.351: Total time for which application threads were stopped: 0.0006318 seconds, Stopping threads took: 0.0000170 seconds
29.396: [GC (Allocation Failure)  73357K->717K(415232K), 0.0005165 secs]
29.397: Total time for which application threads were stopped: 0.0006852 seconds, Stopping threads took: 0.0000481 seconds
29.441: [GC (Allocation Failure)  72397K->717K(414208K), 0.0006068 secs]
29.442: Total time for which application threads were stopped: 0.0007240 seconds, Stopping threads took: 0.0000195 seconds
29.489: [GC (Allocation Failure)  71373K->621K(413184K), 0.0004714 secs]
29.489: Total time for which application threads were stopped: 0.0005808 seconds, Stopping threads took: 0.0000167 seconds
29.533: [GC (Allocation Failure)  70253K->653K(412160K), 0.0004691 secs]
29.534: Total time for which application threads were stopped: 0.0005867 seconds, Stopping threads took: 0.0000207 seconds
29.583: [GC (Allocation Failure)  69261K->717K(411136K), 0.0004553 secs]
29.583: Total time for which application threads were stopped: 0.0005743 seconds, Stopping threads took: 0.0000194 seconds
29.626: [GC (Allocation Failure)  68301K->685K(410112K), 0.0004807 secs]
29.626: Total time for which application threads were stopped: 0.0006079 seconds, Stopping threads took: 0.0000273 seconds
29.668: [GC (Allocation Failure)  67245K->685K(409088K), 0.0004852 secs]
29.668: Total time for which application threads were stopped: 0.0006052 seconds, Stopping threads took: 0.0000195 seconds
29.709: [GC (Allocation Failure)  66221K->685K(408064K), 0.0004146 secs]
29.710: Total time for which application threads were stopped: 0.0005360 seconds, Stopping threads took: 0.0000197 seconds
29.757: [GC (Allocation Failure)  65197K->653K(407040K), 0.0004965 secs]
29.757: Total time for which application threads were stopped: 0.0006227 seconds, Stopping threads took: 0.0000270 seconds
29.801: [GC (Allocation Failure)  64141K->621K(419840K), 0.0006887 secs]
29.801: Total time for which application threads were stopped: 0.0008036 seconds, Stopping threads took: 0.0000187 seconds
29.849: [GC (Allocation Failure)  76909K->685K(418816K), 0.0005029 secs]
29.850: Total time for which application threads were stopped: 0.0006260 seconds, Stopping threads took: 0.0000276 seconds
29.900: [GC (Allocation Failure)  75949K->717K(417792K), 0.0004641 secs]
29.900: Total time for which application threads were stopped: 0.0005744 seconds, Stopping threads took: 0.0000172 seconds
29.947: [GC (Allocation Failure)  74957K->685K(416768K), 0.0005072 secs]
29.947: Total time for which application threads were stopped: 0.0006252 seconds, Stopping threads took: 0.0000191 seconds
29.993: [GC (Allocation Failure)  73901K->653K(415744K), 0.0005368 secs]
29.993: Total time for which application threads were stopped: 0.0006657 seconds, Stopping threads took: 0.0000283 seconds
30.038: [GC (Allocation Failure)  72845K->653K(414720K), 0.0004836 secs]
30.039: Total time for which application threads were stopped: 0.0006040 seconds, Stopping threads took: 0.0000202 seconds
30.088: [GC (Allocation Failure)  71821K->685K(413696K), 0.0005198 secs]
30.089: Total time for which application threads were stopped: 0.0006479 seconds, Stopping threads took: 0.0000305 seconds
30.138: [GC (Allocation Failure)  70829K->653K(412672K), 0.0005537 secs]
30.139: Total time for which application threads were stopped: 0.0006585 seconds, Stopping threads took: 0.0000169 seconds
30.182: [GC (Allocation Failure)  69773K->685K(411648K), 0.0005000 secs]
30.183: Total time for which application threads were stopped: 0.0006098 seconds, Stopping threads took: 0.0000168 seconds
30.225: [GC (Allocation Failure)  68781K->621K(410624K), 0.0005510 secs]
30.226: Total time for which application threads were stopped: 0.0006794 seconds, Stopping threads took: 0.0000275 seconds
30.272: [GC (Allocation Failure)  67693K->717K(409600K), 0.0004661 secs]
30.272: Total time for which application threads were stopped: 0.0005922 seconds, Stopping threads took: 0.0000180 seconds
30.314: [GC (Allocation Failure)  66765K->685K(408576K), 0.0004788 secs]
30.314: Total time for which application threads were stopped: 0.0005984 seconds, Stopping threads took: 0.0000194 seconds
30.360: [GC (Allocation Failure)  65709K->653K(407552K), 0.0004684 secs]
30.361: Total time for which application threads were stopped: 0.0006030 seconds, Stopping threads took: 0.0000292 seconds
30.401: [GC (Allocation Failure)  64653K->653K(406528K), 0.0004693 secs]
30.402: Total time for which application threads were stopped: 0.0005973 seconds, Stopping threads took: 0.0000187 seconds
30.447: [GC (Allocation Failure)  63629K->653K(405504K), 0.0005938 secs]
30.448: Total time for which application threads were stopped: 0.0007130 seconds, Stopping threads took: 0.0000190 seconds
30.493: [GC (Allocation Failure)  62605K->653K(404992K), 0.0004667 secs]
30.493: Total time for which application threads were stopped: 0.0005761 seconds, Stopping threads took: 0.0000164 seconds
30.538: [GC (Allocation Failure)  62093K->621K(404480K), 0.0005585 secs]
30.539: Total time for which application threads were stopped: 0.0006847 seconds, Stopping threads took: 0.0000213 seconds
30.583: [GC (Allocation Failure)  61549K->717K(416768K), 0.0005580 secs]
30.583: Total time for which application threads were stopped: 0.0006997 seconds, Stopping threads took: 0.0000214 seconds
30.636: [GC (Allocation Failure)  73933K->621K(415744K), 0.0005780 secs]
30.636: Total time for which application threads were stopped: 0.0007062 seconds, Stopping threads took: 0.0000210 seconds
30.682: [GC (Allocation Failure)  72813K->717K(430592K), 0.0006394 secs]
30.682: Total time for which application threads were stopped: 0.0007560 seconds, Stopping threads took: 0.0000190 seconds
30.744: [GC (Allocation Failure)  87757K->717K(429056K), 0.0004728 secs]
30.744: Total time for which application threads were stopped: 0.0005802 seconds, Stopping threads took: 0.0000248 seconds
30.797: [GC (Allocation Failure)  86221K->685K(427520K), 0.0004446 secs]
30.798: Total time for which application threads were stopped: 0.0005736 seconds, Stopping threads took: 0.0000280 seconds
30.850: [GC (Allocation Failure)  84653K->621K(425984K), 0.0006084 secs]
30.851: Total time for which application threads were stopped: 0.0007339 seconds, Stopping threads took: 0.0000206 seconds
30.902: [GC (Allocation Failure)  83053K->653K(424448K), 0.0006400 secs]
30.903: Total time for which application threads were stopped: 0.0007834 seconds, Stopping threads took: 0.0000281 seconds
30.954: [GC (Allocation Failure)  81549K->621K(422912K), 0.0005394 secs]
30.954: Total time for which application threads were stopped: 0.0006701 seconds, Stopping threads took: 0.0000214 seconds
31.004: [GC (Allocation Failure)  79981K->685K(421888K), 0.0006317 secs]
31.004: Total time for which application threads were stopped: 0.0007558 seconds, Stopping threads took: 0.0000271 seconds
31.053: [GC (Allocation Failure)  79021K->685K(420864K), 0.0004892 secs]
31.054: Total time for which application threads were stopped: 0.0006099 seconds, Stopping threads took: 0.0000191 seconds
31.102: [GC (Allocation Failure)  77997K->685K(419840K), 0.0005126 secs]
31.102: Total time for which application threads were stopped: 0.0006411 seconds, Stopping threads took: 0.0000193 seconds
31.150: [GC (Allocation Failure)  76973K->685K(418816K), 0.0004751 secs]
31.150: Total time for which application threads were stopped: 0.0005923 seconds, Stopping threads took: 0.0000186 seconds
31.200: [GC (Allocation Failure)  75949K->653K(417792K), 0.0004085 secs]
31.201: Total time for which application threads were stopped: 0.0005225 seconds, Stopping threads took: 0.0000253 seconds
31.251: [GC (Allocation Failure)  74893K->685K(416768K), 0.0003580 secs]
31.251: Total time for which application threads were stopped: 0.0004744 seconds, Stopping threads took: 0.0000192 seconds
31.302: [GC (Allocation Failure)  73901K->653K(415744K), 0.0005466 secs]
31.302: Total time for which application threads were stopped: 0.0006549 seconds, Stopping threads took: 0.0000170 seconds
31.348: [GC (Allocation Failure)  72845K->653K(414720K), 0.0004910 secs]
31.349: Total time for which application threads were stopped: 0.0006271 seconds, Stopping threads took: 0.0000192 seconds
31.399: [GC (Allocation Failure)  71821K->653K(413696K), 0.0004694 secs]
31.400: Total time for which application threads were stopped: 0.0005990 seconds, Stopping threads took: 0.0000255 seconds
31.449: [GC (Allocation Failure)  70797K->621K(412672K), 0.0004756 secs]
31.449: Total time for which application threads were stopped: 0.0006108 seconds, Stopping threads took: 0.0000193 seconds
31.492: [GC (Allocation Failure)  69741K->685K(411648K), 0.0004700 secs]
31.493: Total time for which application threads were stopped: 0.0006103 seconds, Stopping threads took: 0.0000208 seconds
31.536: [GC (Allocation Failure)  68781K->717K(410624K), 0.0005099 secs]
31.536: Total time for which application threads were stopped: 0.0006442 seconds, Stopping threads took: 0.0000214 seconds
31.585: [GC (Allocation Failure)  67789K->589K(409600K), 0.0005517 secs]
31.586: Total time for which application threads were stopped: 0.0006765 seconds, Stopping threads took: 0.0000191 seconds
31.634: [GC (Allocation Failure)  66637K->653K(408576K), 0.0004777 secs]
31.634: Total time for which application threads were stopped: 0.0005969 seconds, Stopping threads took: 0.0000194 seconds
31.678: [GC (Allocation Failure)  65677K->717K(407552K), 0.0006248 secs]
31.679: Total time for which application threads were stopped: 0.0007415 seconds, Stopping threads took: 0.0000194 seconds
31.723: [GC (Allocation Failure)  64717K->621K(406528K), 0.0005493 secs]
31.724: Total time for which application threads were stopped: 0.0006785 seconds, Stopping threads took: 0.0000291 seconds
31.764: [GC (Allocation Failure)  63597K->621K(419328K), 0.0006559 secs]
31.765: Total time for which application threads were stopped: 0.0007747 seconds, Stopping threads took: 0.0000195 seconds
31.815: [GC (Allocation Failure)  76397K->653K(434688K), 0.0004589 secs]
31.816: Total time for which application threads were stopped: 0.0006175 seconds, Stopping threads took: 0.0000519 seconds
31.873: [GC (Allocation Failure)  91789K->685K(453120K), 0.0007216 secs]
31.874: Total time for which application threads were stopped: 0.0008663 seconds, Stopping threads took: 0.0000220 seconds
31.943: [GC (Allocation Failure)  110253K->653K(451072K), 0.0006609 secs]
31.943: Total time for which application threads were stopped: 0.0008131 seconds, Stopping threads took: 0.0000223 seconds
32.016: [GC (Allocation Failure)  108173K->653K(449024K), 0.0006560 secs]
32.016: Total time for which application threads were stopped: 0.0007874 seconds, Stopping threads took: 0.0000224 seconds
32.087: [GC (Allocation Failure)  106125K->685K(446976K), 0.0005414 secs]
32.087: Total time for which application threads were stopped: 0.0006572 seconds, Stopping threads took: 0.0000194 seconds
32.158: [GC (Allocation Failure)  104109K->685K(444928K), 0.0004685 secs]
32.159: Total time for which application threads were stopped: 0.0005965 seconds, Stopping threads took: 0.0000278 seconds
32.222: [GC (Allocation Failure)  102061K->749K(442880K), 0.0004817 secs]
32.222: Total time for which application threads were stopped: 0.0006021 seconds, Stopping threads took: 0.0000197 seconds
32.285: [GC (Allocation Failure)  100077K->653K(440832K), 0.0004188 secs]
32.286: Total time for which application threads were stopped: 0.0005536 seconds, Stopping threads took: 0.0000277 seconds
32.350: [GC (Allocation Failure)  97933K->685K(438784K), 0.0006130 secs]
32.350: Total time for which application threads were stopped: 0.0007446 seconds, Stopping threads took: 0.0000202 seconds
32.410: [GC (Allocation Failure)  95917K->685K(437248K), 0.0005855 secs]
32.410: Total time for which application threads were stopped: 0.0007250 seconds, Stopping threads took: 0.0000291 seconds
32.469: [GC (Allocation Failure)  94381K->653K(435712K), 0.0005366 secs]
32.469: Total time for which application threads were stopped: 0.0006792 seconds, Stopping threads took: 0.0000213 seconds
32.531: [GC (Allocation Failure)  92813K->717K(434176K), 0.0004509 secs]
32.532: Total time for which application threads were stopped: 0.0005620 seconds, Stopping threads took: 0.0000170 seconds
32.588: [GC (Allocation Failure)  91341K->717K(432640K), 0.0004858 secs]
32.589: Total time for which application threads were stopped: 0.0006134 seconds, Stopping threads took: 0.0000276 seconds
32.650: [GC (Allocation Failure)  89805K->653K(431104K), 0.0004679 secs]
32.650: Total time for which application threads were stopped: 0.0005914 seconds, Stopping threads took: 0.0000205 seconds
32.705: [GC (Allocation Failure)  88205K->653K(429568K), 0.0005068 secs]
32.705: Total time for which application threads were stopped: 0.0006318 seconds, Stopping threads took: 0.0000274 seconds
32.760: [GC (Allocation Failure)  86669K->685K(428032K), 0.0006621 secs]
32.760: Total time for which application threads were stopped: 0.0007863 seconds, Stopping threads took: 0.0000274 seconds
32.813: [GC (Allocation Failure)  85165K->653K(426496K), 0.0005822 secs]
32.814: Total time for which application threads were stopped: 0.0007054 seconds, Stopping threads took: 0.0000195 seconds
32.871: [GC (Allocation Failure)  83597K->717K(424960K), 0.0008687 secs]
32.872: Total time for which application threads were stopped: 0.0010073 seconds, Stopping threads took: 0.0000195 seconds
32.923: [GC (Allocation Failure)  82125K->685K(423424K), 0.0004834 secs]
32.923: Total time for which application threads were stopped: 0.0006069 seconds, Stopping threads took: 0.0000264 seconds
32.973: [GC (Allocation Failure)  80557K->621K(422400K), 0.0004181 secs]
32.974: Total time for which application threads were stopped: 0.0005376 seconds, Stopping threads took: 0.0000188 seconds
33.027: [GC (Allocation Failure)  79469K->685K(421376K), 0.0005056 secs]
33.028: Total time for which application threads were stopped: 0.0006284 seconds, Stopping threads took: 0.0000194 seconds
33.076: [GC (Allocation Failure)  78509K->685K(420352K), 0.0005388 secs]
33.077: Total time for which application threads were stopped: 0.0006558 seconds, Stopping threads took: 0.0000190 seconds
33.125: [GC (Allocation Failure)  77485K->685K(419328K), 0.0004526 secs]
33.126: Total time for which application threads were stopped: 0.0005852 seconds, Stopping threads took: 0.0000291 seconds
33.177: [GC (Allocation Failure)  76461K->685K(418304K), 0.0006207 secs]
33.177: Total time for which application threads were stopped: 0.0007442 seconds, Stopping threads took: 0.0000276 seconds
33.231: [GC (Allocation Failure)  75437K->653K(417280K), 0.0005915 secs]
33.231: Total time for which application threads were stopped: 0.0006987 seconds, Stopping threads took: 0.0000170 seconds
33.284: [GC (Allocation Failure)  74381K->749K(416256K), 0.0005791 secs]
33.284: Total time for which application threads were stopped: 0.0007273 seconds, Stopping threads took: 0.0000263 seconds
33.333: [GC (Allocation Failure)  73453K->685K(415232K), 0.0005030 secs]
33.334: Total time for which application threads were stopped: 0.0006362 seconds, Stopping threads took: 0.0000217 seconds
33.378: [GC (Allocation Failure)  72365K->653K(414208K), 0.0005033 secs]
33.379: Total time for which application threads were stopped: 0.0006548 seconds, Stopping threads took: 0.0000304 seconds
33.428: [GC (Allocation Failure)  71309K->685K(413184K), 0.0006609 secs]
33.429: Total time for which application threads were stopped: 0.0008356 seconds, Stopping threads took: 0.0000293 seconds
33.477: [GC (Allocation Failure)  70317K->653K(412160K), 0.0004837 secs]
33.477: Total time for which application threads were stopped: 0.0006124 seconds, Stopping threads took: 0.0000210 seconds
33.520: [GC (Allocation Failure)  69261K->717K(425984K), 0.0006103 secs]
33.521: Total time for which application threads were stopped: 0.0007499 seconds, Stopping threads took: 0.0000214 seconds
33.579: [GC (Allocation Failure)  83149K->717K(424448K), 0.0004989 secs]
33.579: Total time for which application threads were stopped: 0.0006345 seconds, Stopping threads took: 0.0000195 seconds
33.630: [GC (Allocation Failure)  81613K->685K(422912K), 0.0006731 secs]
33.631: Total time for which application threads were stopped: 0.0008327 seconds, Stopping threads took: 0.0000212 seconds
33.686: [GC (Allocation Failure)  80045K->653K(421888K), 0.0004463 secs]
33.686: Total time for which application threads were stopped: 0.0005563 seconds, Stopping threads took: 0.0000165 seconds
33.735: [GC (Allocation Failure)  78989K->653K(420864K), 0.0004206 secs]
33.736: Total time for which application threads were stopped: 0.0005544 seconds, Stopping threads took: 0.0000266 seconds
33.785: [GC (Allocation Failure)  77965K->685K(419840K), 0.0004664 secs]
33.786: Total time for which application threads were stopped: 0.0005961 seconds, Stopping threads took: 0.0000281 seconds
33.833: [GC (Allocation Failure)  76973K->653K(418816K), 0.0005148 secs]
33.834: Total time for which application threads were stopped: 0.0006416 seconds, Stopping threads took: 0.0000256 seconds
33.881: [GC (Allocation Failure)  75917K->653K(417792K), 0.0004433 secs]
33.881: Total time for which application threads were stopped: 0.0005718 seconds, Stopping threads took: 0.0000279 seconds
33.928: [GC (Allocation Failure)  74893K->653K(416768K), 0.0004776 secs]
33.928: Total time for which application threads were stopped: 0.0005936 seconds, Stopping threads took: 0.0000198 seconds
33.974: [GC (Allocation Failure)  73869K->685K(415744K), 0.0005422 secs]
33.975: Total time for which application threads were stopped: 0.0006648 seconds, Stopping threads took: 0.0000202 seconds
34.020: [GC (Allocation Failure)  72877K->685K(414720K), 0.0004665 secs]
34.020: Total time for which application threads were stopped: 0.0006146 seconds, Stopping threads took: 0.0000197 seconds
34.065: [GC (Allocation Failure)  71853K->685K(413696K), 0.0006122 secs]
34.065: Total time for which application threads were stopped: 0.0007321 seconds, Stopping threads took: 0.0000194 seconds
34.109: [GC (Allocation Failure)  70829K->717K(412672K), 0.0005063 secs]
34.110: Total time for which application threads were stopped: 0.0006424 seconds, Stopping threads took: 0.0000193 seconds
34.153: [GC (Allocation Failure)  69837K->621K(411648K), 0.0005446 secs]
34.154: Total time for which application threads were stopped: 0.0007041 seconds, Stopping threads took: 0.0000189 seconds
34.196: [GC (Allocation Failure)  68717K->685K(425472K), 0.0005972 secs]
34.197: Total time for which application threads were stopped: 0.0007488 seconds, Stopping threads took: 0.0000221 seconds
34.248: [GC (Allocation Failure)  82605K->653K(423936K), 0.0004264 secs]
34.249: Total time for which application threads were stopped: 0.0005503 seconds, Stopping threads took: 0.0000269 seconds
34.300: [GC (Allocation Failure)  81037K->653K(422400K), 0.0005803 secs]
34.301: Total time for which application threads were stopped: 0.0007368 seconds, Stopping threads took: 0.0000278 seconds
34.350: [GC (Allocation Failure)  79501K->685K(421376K), 0.0004669 secs]
34.350: Total time for which application threads were stopped: 0.0006178 seconds, Stopping threads took: 0.0000305 seconds
34.399: [GC (Allocation Failure)  78509K->685K(420352K), 0.0005845 secs]
34.399: Total time for which application threads were stopped: 0.0007143 seconds, Stopping threads took: 0.0000207 seconds
34.447: [GC (Allocation Failure)  77485K->621K(419328K), 0.0004792 secs]
34.448: Total time for which application threads were stopped: 0.0006263 seconds, Stopping threads took: 0.0000215 seconds
34.495: [GC (Allocation Failure)  76397K->685K(418304K), 0.0004624 secs]
34.496: Total time for which application threads were stopped: 0.0006101 seconds, Stopping threads took: 0.0000212 seconds
34.547: [GC (Allocation Failure)  75437K->685K(417280K), 0.0005893 secs]
34.548: Total time for which application threads were stopped: 0.0007281 seconds, Stopping threads took: 0.0000208 seconds
34.595: [GC (Allocation Failure)  74413K->653K(416256K), 0.0005203 secs]
34.595: Total time for which application threads were stopped: 0.0006403 seconds, Stopping threads took: 0.0000198 seconds
34.644: [GC (Allocation Failure)  73357K->717K(415232K), 0.0005389 secs]
34.645: Total time for which application threads were stopped: 0.0007006 seconds, Stopping threads took: 0.0000210 seconds
34.689: [GC (Allocation Failure)  72397K->685K(414208K), 0.0004673 secs]
34.690: Total time for which application threads were stopped: 0.0005972 seconds, Stopping threads took: 0.0000287 seconds
34.734: [GC (Allocation Failure)  71341K->685K(413184K), 0.0005217 secs]
34.735: Total time for which application threads were stopped: 0.0006574 seconds, Stopping threads took: 0.0000271 seconds
34.780: [GC (Allocation Failure)  70317K->685K(412160K), 0.0005225 secs]
34.781: Total time for which application threads were stopped: 0.0006523 seconds, Stopping threads took: 0.0000203 seconds
34.824: [GC (Allocation Failure)  69293K->685K(411136K), 0.0005402 secs]
34.824: Total time for which application threads were stopped: 0.0006791 seconds, Stopping threads took: 0.0000201 seconds
34.872: [GC (Allocation Failure)  68269K->621K(424960K), 0.0006362 secs]
34.873: Total time for which application threads were stopped: 0.0007814 seconds, Stopping threads took: 0.0000213 seconds
34.930: [GC (Allocation Failure)  82029K->653K(423424K), 0.0005164 secs]
34.930: Total time for which application threads were stopped: 0.0006639 seconds, Stopping threads took: 0.0000216 seconds
34.985: [GC (Allocation Failure)  80525K->621K(422400K), 0.0005993 secs]
34.986: Total time for which application threads were stopped: 0.0007292 seconds, Stopping threads took: 0.0000287 seconds
35.035: [GC (Allocation Failure)  79469K->717K(421376K), 0.0006366 secs]
35.036: Total time for which application threads were stopped: 0.0007820 seconds, Stopping threads took: 0.0000197 seconds
35.091: [GC (Allocation Failure)  78541K->749K(420352K), 0.0005101 secs]
35.092: Total time for which application threads were stopped: 0.0006685 seconds, Stopping threads took: 0.0000276 seconds
35.144: [GC (Allocation Failure)  77549K->685K(419328K), 0.0005494 secs]
35.144: Total time for which application threads were stopped: 0.0006838 seconds, Stopping threads took: 0.0000209 seconds
35.192: [GC (Allocation Failure)  76461K->685K(418304K), 0.0006319 secs]
35.193: Total time for which application threads were stopped: 0.0007503 seconds, Stopping threads took: 0.0000196 seconds
35.240: [GC (Allocation Failure)  75437K->621K(433664K), 0.0007402 secs]
35.240: Total time for which application threads were stopped: 0.0008832 seconds, Stopping threads took: 0.0000213 seconds
35.303: [GC (Allocation Failure)  90733K->653K(432128K), 0.0005173 secs]
35.303: Total time for which application threads were stopped: 0.0006628 seconds, Stopping threads took: 0.0000263 seconds
35.363: [GC (Allocation Failure)  89229K->685K(430592K), 0.0004966 secs]
35.363: Total time for which application threads were stopped: 0.0006447 seconds, Stopping threads took: 0.0000297 seconds
35.423: [GC (Allocation Failure)  87725K->717K(429056K), 0.0004882 secs]
35.424: Total time for which application threads were stopped: 0.0006134 seconds, Stopping threads took: 0.0000190 seconds
35.477: [GC (Allocation Failure)  86221K->653K(427520K), 0.0005519 secs]
35.478: Total time for which application threads were stopped: 0.0006967 seconds, Stopping threads took: 0.0000218 seconds
35.531: [GC (Allocation Failure)  84621K->621K(425984K), 0.0005196 secs]
35.532: Total time for which application threads were stopped: 0.0006463 seconds, Stopping threads took: 0.0000275 seconds
35.583: [GC (Allocation Failure)  83053K->653K(424448K), 0.0005086 secs]
35.584: Total time for which application threads were stopped: 0.0006828 seconds, Stopping threads took: 0.0000210 seconds
35.635: [GC (Allocation Failure)  81549K->621K(422912K), 0.0007681 secs]
35.636: Total time for which application threads were stopped: 0.0008950 seconds, Stopping threads took: 0.0000212 seconds
35.686: [GC (Allocation Failure)  79981K->685K(421888K), 0.0005012 secs]
35.686: Total time for which application threads were stopped: 0.0006313 seconds, Stopping threads took: 0.0000215 seconds
35.742: [GC (Allocation Failure)  79021K->621K(420864K), 0.0004652 secs]
35.742: Total time for which application threads were stopped: 0.0005791 seconds, Stopping threads took: 0.0000248 seconds
35.792: [GC (Allocation Failure)  77933K->653K(419840K), 0.0005088 secs]
35.792: Total time for which application threads were stopped: 0.0006559 seconds, Stopping threads took: 0.0000295 seconds
35.846: [GC (Allocation Failure)  76941K->685K(418816K), 0.0005014 secs]
35.847: Total time for which application threads were stopped: 0.0006522 seconds, Stopping threads took: 0.0000303 seconds
35.900: [GC (Allocation Failure)  75949K->653K(417792K), 0.0005639 secs]
35.900: Total time for which application threads were stopped: 0.0007103 seconds, Stopping threads took: 0.0000227 seconds
35.947: [GC (Allocation Failure)  74893K->653K(416768K), 0.0005116 secs]
35.948: Total time for which application threads were stopped: 0.0006653 seconds, Stopping threads took: 0.0000223 seconds
35.999: [GC (Allocation Failure)  73869K->685K(415744K), 0.0006108 secs]
35.999: Total time for which application threads were stopped: 0.0007493 seconds, Stopping threads took: 0.0000199 seconds
36.045: [GC (Allocation Failure)  72877K->653K(414720K), 0.0004862 secs]
36.045: Total time for which application threads were stopped: 0.0006357 seconds, Stopping threads took: 0.0000255 seconds
36.096: [GC (Allocation Failure)  71821K->685K(413696K), 0.0005148 secs]
36.097: Total time for which application threads were stopped: 0.0006320 seconds, Stopping threads took: 0.0000194 seconds
36.141: [GC (Allocation Failure)  70829K->685K(412672K), 0.0006236 secs]
36.141: Total time for which application threads were stopped: 0.0007514 seconds, Stopping threads took: 0.0000190 seconds
36.185: [GC (Allocation Failure)  69805K->653K(411648K), 0.0005068 secs]
36.185: Total time for which application threads were stopped: 0.0006150 seconds, Stopping threads took: 0.0000192 seconds
36.234: [GC (Allocation Failure)  68749K->717K(410624K), 0.0005936 secs]
36.235: Total time for which application threads were stopped: 0.0007048 seconds, Stopping threads took: 0.0000167 seconds
36.283: [GC (Allocation Failure)  67789K->653K(424448K), 0.0005771 secs]
36.283: Total time for which application threads were stopped: 0.0007202 seconds, Stopping threads took: 0.0000260 seconds
36.334: [GC (Allocation Failure)  81549K->685K(422912K), 0.0005025 secs]
36.334: Total time for which application threads were stopped: 0.0006372 seconds, Stopping threads took: 0.0000210 seconds
36.389: [GC (Allocation Failure)  80045K->653K(421888K), 0.0005256 secs]
36.390: Total time for which application threads were stopped: 0.0006561 seconds, Stopping threads took: 0.0000212 seconds
36.443: [GC (Allocation Failure)  78989K->685K(420864K), 0.0006377 secs]
36.443: Total time for which application threads were stopped: 0.0007657 seconds, Stopping threads took: 0.0000278 seconds
36.491: [GC (Allocation Failure)  77997K->653K(419840K), 0.0004952 secs]
36.492: Total time for which application threads were stopped: 0.0006288 seconds, Stopping threads took: 0.0000285 seconds
36.540: [GC (Allocation Failure)  76941K->685K(418816K), 0.0004775 secs]
36.540: Total time for which application threads were stopped: 0.0006152 seconds, Stopping threads took: 0.0000198 seconds
36.587: [GC (Allocation Failure)  75949K->653K(417792K), 0.0004980 secs]
36.588: Total time for which application threads were stopped: 0.0006319 seconds, Stopping threads took: 0.0000214 seconds
36.642: [GC (Allocation Failure)  74893K->717K(416768K), 0.0005127 secs]
36.642: Total time for which application threads were stopped: 0.0006332 seconds, Stopping threads took: 0.0000196 seconds
36.688: [GC (Allocation Failure)  73933K->653K(415744K), 0.0004489 secs]
36.689: Total time for which application threads were stopped: 0.0005734 seconds, Stopping threads took: 0.0000258 seconds
36.739: [GC (Allocation Failure)  72845K->653K(414720K), 0.0006337 secs]
36.739: Total time for which application threads were stopped: 0.0007608 seconds, Stopping threads took: 0.0000274 seconds
36.785: [GC (Allocation Failure)  71821K->653K(413696K), 0.0004766 secs]
36.786: Total time for which application threads were stopped: 0.0005909 seconds, Stopping threads took: 0.0000258 seconds
36.830: [GC (Allocation Failure)  70797K->653K(412672K), 0.0004920 secs]
36.831: Total time for which application threads were stopped: 0.0006144 seconds, Stopping threads took: 0.0000254 seconds
36.874: [GC (Allocation Failure)  69773K->749K(411648K), 0.0005938 secs]
36.875: Total time for which application threads were stopped: 0.0007301 seconds, Stopping threads took: 0.0000190 seconds
36.922: [GC (Allocation Failure)  68845K->685K(410624K), 0.0005184 secs]
36.922: Total time for which application threads were stopped: 0.0006514 seconds, Stopping threads took: 0.0000208 seconds
36.965: [GC (Allocation Failure)  67757K->685K(409600K), 0.0005266 secs]
36.965: Total time for which application threads were stopped: 0.0006724 seconds, Stopping threads took: 0.0000292 seconds
37.013: [GC (Allocation Failure)  66733K->653K(408576K), 0.0005530 secs]
37.013: Total time for which application threads were stopped: 0.0007123 seconds, Stopping threads took: 0.0000297 seconds
37.054: [GC (Allocation Failure)  65677K->717K(421888K), 0.0005883 secs]
37.055: Total time for which application threads were stopped: 0.0007320 seconds, Stopping threads took: 0.0000221 seconds
37.107: [GC (Allocation Failure)  79053K->653K(437760K), 0.0009145 secs]
37.108: Total time for which application threads were stopped: 0.0010540 seconds, Stopping threads took: 0.0000218 seconds
37.167: [GC (Allocation Failure)  94861K->685K(456704K), 0.0005293 secs]
37.168: Total time for which application threads were stopped: 0.0006611 seconds, Stopping threads took: 0.0000276 seconds
37.238: [GC (Allocation Failure)  113837K->685K(454144K), 0.0005059 secs]
37.239: Total time for which application threads were stopped: 0.0006479 seconds, Stopping threads took: 0.0000212 seconds
37.308: [GC (Allocation Failure)  111277K->653K(452096K), 0.0006657 secs]
37.308: Total time for which application threads were stopped: 0.0008221 seconds, Stopping threads took: 0.0000296 seconds
37.376: [GC (Allocation Failure)  109197K->717K(474112K), 0.0009939 secs]
37.377: Total time for which application threads were stopped: 0.0011406 seconds, Stopping threads took: 0.0000284 seconds
37.458: [GC (Allocation Failure)  131277K->653K(471040K), 0.0007819 secs]
37.459: Total time for which application threads were stopped: 0.0009224 seconds, Stopping threads took: 0.0000281 seconds
37.538: [GC (Allocation Failure)  128141K->685K(467968K), 0.0004715 secs]
37.539: Total time for which application threads were stopped: 0.0006083 seconds, Stopping threads took: 0.0000275 seconds
37.622: [GC (Allocation Failure)  125101K->653K(465408K), 0.0005871 secs]
37.622: Total time for which application threads were stopped: 0.0007265 seconds, Stopping threads took: 0.0000206 seconds
37.701: [GC (Allocation Failure)  122509K->653K(462848K), 0.0005001 secs]
37.702: Total time for which application threads were stopped: 0.0006392 seconds, Stopping threads took: 0.0000202 seconds
37.782: [GC (Allocation Failure)  119949K->653K(460288K), 0.0004451 secs]
37.783: Total time for which application threads were stopped: 0.0005741 seconds, Stopping threads took: 0.0000272 seconds
37.856: [GC (Allocation Failure)  117389K->621K(457728K), 0.0010144 secs]
37.857: Total time for which application threads were stopped: 0.0011498 seconds, Stopping threads took: 0.0000269 seconds
37.928: [GC (Allocation Failure)  114797K->685K(455168K), 0.0006242 secs]
37.929: Total time for which application threads were stopped: 0.0007600 seconds, Stopping threads took: 0.0000211 seconds
37.999: [GC (Allocation Failure)  112301K->653K(452608K), 0.0005850 secs]
38.000: Total time for which application threads were stopped: 0.0007265 seconds, Stopping threads took: 0.0000211 seconds
38.074: [GC (Allocation Failure)  109709K->685K(450560K), 0.0005201 secs]
38.075: Total time for which application threads were stopped: 0.0006585 seconds, Stopping threads took: 0.0000281 seconds
38.147: [GC (Allocation Failure)  107693K->621K(448512K), 0.0005944 secs]
38.148: Total time for which application threads were stopped: 0.0007128 seconds, Stopping threads took: 0.0000197 seconds
38.213: [GC (Allocation Failure)  105581K->685K(446464K), 0.0004775 secs]
38.214: Total time for which application threads were stopped: 0.0006041 seconds, Stopping threads took: 0.0000275 seconds
38.281: [GC (Allocation Failure)  103597K->653K(444416K), 0.0003760 secs]
38.281: Total time for which application threads were stopped: 0.0005222 seconds, Stopping threads took: 0.0000192 seconds
38.350: [GC (Allocation Failure)  101517K->717K(442368K), 0.0005076 secs]
38.351: Total time for which application threads were stopped: 0.0006315 seconds, Stopping threads took: 0.0000201 seconds
38.413: [GC (Allocation Failure)  99533K->621K(440320K), 0.0004800 secs]
38.413: Total time for which application threads were stopped: 0.0005976 seconds, Stopping threads took: 0.0000200 seconds
38.479: [GC (Allocation Failure)  97389K->685K(438272K), 0.0004817 secs]
38.480: Total time for which application threads were stopped: 0.0006007 seconds, Stopping threads took: 0.0000194 seconds
38.539: [GC (Allocation Failure)  95405K->685K(436736K), 0.0004750 secs]
38.539: Total time for which application threads were stopped: 0.0005916 seconds, Stopping threads took: 0.0000189 seconds
38.597: [GC (Allocation Failure)  93869K->653K(435200K), 0.0004063 secs]
38.598: Total time for which application threads were stopped: 0.0005141 seconds, Stopping threads took: 0.0000178 seconds
38.655: [GC (Allocation Failure)  92301K->653K(433664K), 0.0005171 secs]
38.656: Total time for which application threads were stopped: 0.0006380 seconds, Stopping threads took: 0.0000194 seconds
38.712: [GC (Allocation Failure)  90765K->685K(432128K), 0.0004441 secs]
38.713: Total time for which application threads were stopped: 0.0005592 seconds, Stopping threads took: 0.0000201 seconds
38.770: [GC (Allocation Failure)  89261K->717K(430592K), 0.0004303 secs]
38.770: Total time for which application threads were stopped: 0.0005587 seconds, Stopping threads took: 0.0000260 seconds
38.824: [GC (Allocation Failure)  87757K->653K(429056K), 0.0005171 secs]
38.825: Total time for which application threads were stopped: 0.0006528 seconds, Stopping threads took: 0.0000284 seconds
38.881: [GC (Allocation Failure)  86157K->717K(427520K), 0.0004645 secs]
38.882: Total time for which application threads were stopped: 0.0005967 seconds, Stopping threads took: 0.0000296 seconds
38.934: [GC (Allocation Failure)  84685K->621K(425984K), 0.0005698 secs]
38.935: Total time for which application threads were stopped: 0.0007024 seconds, Stopping threads took: 0.0000202 seconds
38.992: [GC (Allocation Failure)  83053K->653K(424448K), 0.0005233 secs]
38.992: Total time for which application threads were stopped: 0.0006597 seconds, Stopping threads took: 0.0000215 seconds
39.043: [GC (Allocation Failure)  81549K->685K(422912K), 0.0005370 secs]
39.044: Total time for which application threads were stopped: 0.0006939 seconds, Stopping threads took: 0.0000217 seconds
39.098: [GC (Allocation Failure)  80045K->621K(421888K), 0.0006850 secs]
39.099: Total time for which application threads were stopped: 0.0008304 seconds, Stopping threads took: 0.0000212 seconds
39.148: [GC (Allocation Failure)  78957K->685K(420864K), 0.0005202 secs]
39.148: Total time for which application threads were stopped: 0.0006743 seconds, Stopping threads took: 0.0000222 seconds
39.197: [GC (Allocation Failure)  77997K->621K(419840K), 0.0005221 secs]
39.197: Total time for which application threads were stopped: 0.0006575 seconds, Stopping threads took: 0.0000307 seconds
39.251: [GC (Allocation Failure)  76909K->653K(418816K), 0.0004780 secs]
39.252: Total time for which application threads were stopped: 0.0006067 seconds, Stopping threads took: 0.0000176 seconds
39.305: [GC (Allocation Failure)  75917K->685K(417792K), 0.0005392 secs]
39.305: Total time for which application threads were stopped: 0.0006663 seconds, Stopping threads took: 0.0000278 seconds
39.352: [GC (Allocation Failure)  74925K->717K(416768K), 0.0005542 secs]
39.353: Total time for which application threads were stopped: 0.0006732 seconds, Stopping threads took: 0.0000192 seconds
39.399: [GC (Allocation Failure)  73933K->621K(415744K), 0.0004593 secs]
39.399: Total time for which application threads were stopped: 0.0005825 seconds, Stopping threads took: 0.0000207 seconds
39.452: [GC (Allocation Failure)  72813K->653K(414720K), 0.0004874 secs]
39.452: Total time for which application threads were stopped: 0.0006174 seconds, Stopping threads took: 0.0000192 seconds
39.497: [GC (Allocation Failure)  71821K->621K(413696K), 0.0006333 secs]
39.497: Total time for which application threads were stopped: 0.0007768 seconds, Stopping threads took: 0.0000276 seconds
39.541: [GC (Allocation Failure)  70765K->621K(428032K), 0.0006017 secs]
39.542: Total time for which application threads were stopped: 0.0007432 seconds, Stopping threads took: 0.0000214 seconds
39.601: [GC (Allocation Failure)  85101K->621K(426496K), 0.0005157 secs]
39.601: Total time for which application threads were stopped: 0.0006499 seconds, Stopping threads took: 0.0000285 seconds
39.658: [GC (Allocation Failure)  83565K->621K(424960K), 0.0005568 secs]
39.659: Total time for which application threads were stopped: 0.0006844 seconds, Stopping threads took: 0.0000210 seconds
39.713: [GC (Allocation Failure)  82029K->685K(423424K), 0.0005078 secs]
39.714: Total time for which application threads were stopped: 0.0006281 seconds, Stopping threads took: 0.0000203 seconds
39.765: [GC (Allocation Failure)  80557K->749K(422400K), 0.0004403 secs]
39.765: Total time for which application threads were stopped: 0.0005755 seconds, Stopping threads took: 0.0000195 seconds
39.817: [GC (Allocation Failure)  79597K->717K(421376K), 0.0004085 secs]
39.818: Total time for which application threads were stopped: 0.0005190 seconds, Stopping threads took: 0.0000174 seconds
39.866: [GC (Allocation Failure)  78541K->717K(420352K), 0.0005075 secs]
39.867: Total time for which application threads were stopped: 0.0006350 seconds, Stopping threads took: 0.0000280 seconds
39.915: [GC (Allocation Failure)  77517K->653K(419328K), 0.0005075 secs]
39.915: Total time for which application threads were stopped: 0.0006433 seconds, Stopping threads took: 0.0000281 seconds
39.967: [GC (Allocation Failure)  76429K->621K(418304K), 0.0005122 secs]
39.967: Total time for which application threads were stopped: 0.0006503 seconds, Stopping threads took: 0.0000214 seconds
40.014: [GC (Allocation Failure)  75373K->717K(417280K), 0.0004747 secs]
40.015: Total time for which application threads were stopped: 0.0005943 seconds, Stopping threads took: 0.0000194 seconds
40.067: [GC (Allocation Failure)  74445K->685K(416256K), 0.0004432 secs]
40.067: Total time for which application threads were stopped: 0.0005583 seconds, Stopping threads took: 0.0000187 seconds
40.118: [GC (Allocation Failure)  73389K->653K(415232K), 0.0004578 secs]
40.119: Total time for which application threads were stopped: 0.0005927 seconds, Stopping threads took: 0.0000273 seconds
40.164: [GC (Allocation Failure)  72333K->653K(414208K), 0.0004857 secs]
40.164: Total time for which application threads were stopped: 0.0006067 seconds, Stopping threads took: 0.0000201 seconds
40.208: [GC (Allocation Failure)  71309K->685K(413184K), 0.0004922 secs]
40.209: Total time for which application threads were stopped: 0.0006154 seconds, Stopping threads took: 0.0000268 seconds
40.253: [GC (Allocation Failure)  70317K->685K(412160K), 0.0004817 secs]
40.253: Total time for which application threads were stopped: 0.0006022 seconds, Stopping threads took: 0.0000197 seconds
40.297: [GC (Allocation Failure)  69293K->653K(411136K), 0.0005600 secs]
40.298: Total time for which application threads were stopped: 0.0006916 seconds, Stopping threads took: 0.0000276 seconds
40.340: [GC (Allocation Failure)  68237K->653K(424960K), 0.0006089 secs]
40.341: Total time for which application threads were stopped: 0.0007511 seconds, Stopping threads took: 0.0000266 seconds
40.391: [GC (Allocation Failure)  82061K->685K(423424K), 0.0004712 secs]
40.392: Total time for which application threads were stopped: 0.0006078 seconds, Stopping threads took: 0.0000271 seconds
40.442: [GC (Allocation Failure)  80557K->621K(422400K), 0.0005411 secs]
40.442: Total time for which application threads were stopped: 0.0006742 seconds, Stopping threads took: 0.0000291 seconds
40.497: [GC (Allocation Failure)  79469K->653K(421376K), 0.0004919 secs]
40.498: Total time for which application threads were stopped: 0.0006189 seconds, Stopping threads took: 0.0000278 seconds
40.552: [GC (Allocation Failure)  78477K->685K(420352K), 0.0005194 secs]
40.552: Total time for which application threads were stopped: 0.0006537 seconds, Stopping threads took: 0.0000281 seconds
40.600: [GC (Allocation Failure)  77485K->685K(419328K), 0.0004913 secs]
40.601: Total time for which application threads were stopped: 0.0006096 seconds, Stopping threads took: 0.0000190 seconds
40.654: [GC (Allocation Failure)  76461K->717K(418304K), 0.0005490 secs]
40.655: Total time for which application threads were stopped: 0.0006764 seconds, Stopping threads took: 0.0000258 seconds
40.702: [GC (Allocation Failure)  75469K->653K(417280K), 0.0004849 secs]
40.702: Total time for which application threads were stopped: 0.0006127 seconds, Stopping threads took: 0.0000192 seconds
40.749: [GC (Allocation Failure)  74381K->621K(416256K), 0.0005402 secs]
40.750: Total time for which application threads were stopped: 0.0006493 seconds, Stopping threads took: 0.0000140 seconds
40.796: [GC (Allocation Failure)  73325K->621K(415232K), 0.0006594 secs]
40.797: Total time for which application threads were stopped: 0.0007798 seconds, Stopping threads took: 0.0000198 seconds
40.842: [GC (Allocation Failure)  72301K->653K(414208K), 0.0004853 secs]
40.842: Total time for which application threads were stopped: 0.0006133 seconds, Stopping threads took: 0.0000277 seconds
40.892: [GC (Allocation Failure)  71309K->653K(413184K), 0.0004832 secs]
40.893: Total time for which application threads were stopped: 0.0006109 seconds, Stopping threads took: 0.0000280 seconds
40.940: [GC (Allocation Failure)  70285K->621K(412160K), 0.0005023 secs]
40.941: Total time for which application threads were stopped: 0.0006197 seconds, Stopping threads took: 0.0000185 seconds
40.988: [GC (Allocation Failure)  69229K->653K(411136K), 0.0004402 secs]
40.988: Total time for which application threads were stopped: 0.0005483 seconds, Stopping threads took: 0.0000161 seconds
41.031: [GC (Allocation Failure)  68237K->621K(410112K), 0.0004382 secs]
41.031: Total time for which application threads were stopped: 0.0005552 seconds, Stopping threads took: 0.0000191 seconds
41.078: [GC (Allocation Failure)  67181K->685K(409088K), 0.0005240 secs]
41.079: Total time for which application threads were stopped: 0.0006691 seconds, Stopping threads took: 0.0000292 seconds
41.119: [GC (Allocation Failure)  66221K->685K(422400K), 0.0007490 secs]
41.120: Total time for which application threads were stopped: 0.0008880 seconds, Stopping threads took: 0.0000219 seconds
41.170: [GC (Allocation Failure)  79533K->653K(438272K), 0.0005406 secs]
41.170: Total time for which application threads were stopped: 0.0006934 seconds, Stopping threads took: 0.0000221 seconds
41.235: [GC (Allocation Failure)  95373K->685K(436736K), 0.0005271 secs]
41.236: Total time for which application threads were stopped: 0.0006553 seconds, Stopping threads took: 0.0000224 seconds
41.301: [GC (Allocation Failure)  93869K->653K(435200K), 0.0003990 secs]
41.302: Total time for which application threads were stopped: 0.0005284 seconds, Stopping threads took: 0.0000163 seconds
41.365: [GC (Allocation Failure)  92301K->685K(433664K), 0.0005297 secs]
41.365: Total time for which application threads were stopped: 0.0006452 seconds, Stopping threads took: 0.0000194 seconds
41.421: [GC (Allocation Failure)  90797K->749K(432128K), 0.0004967 secs]
41.422: Total time for which application threads were stopped: 0.0006259 seconds, Stopping threads took: 0.0000276 seconds
41.477: [GC (Allocation Failure)  89325K->653K(430592K), 0.0005641 secs]
41.478: Total time for which application threads were stopped: 0.0007036 seconds, Stopping threads took: 0.0000210 seconds
41.538: [GC (Allocation Failure)  87693K->653K(429056K), 0.0004949 secs]
41.538: Total time for which application threads were stopped: 0.0006414 seconds, Stopping threads took: 0.0000286 seconds
41.592: [GC (Allocation Failure)  86157K->653K(427520K), 0.0005508 secs]
41.592: Total time for which application threads were stopped: 0.0006971 seconds, Stopping threads took: 0.0000214 seconds
41.645: [GC (Allocation Failure)  84621K->685K(425984K), 0.0004750 secs]
41.645: Total time for which application threads were stopped: 0.0006039 seconds, Stopping threads took: 0.0000218 seconds
41.704: [GC (Allocation Failure)  83117K->749K(424448K), 0.0006246 secs]
41.704: Total time for which application threads were stopped: 0.0007408 seconds, Stopping threads took: 0.0000194 seconds
41.756: [GC (Allocation Failure)  81645K->653K(422912K), 0.0003776 secs]
41.756: Total time for which application threads were stopped: 0.0004999 seconds, Stopping threads took: 0.0000255 seconds
41.810: [GC (Allocation Failure)  80013K->717K(421888K), 0.0005112 secs]
41.811: Total time for which application threads were stopped: 0.0006179 seconds, Stopping threads took: 0.0000172 seconds
41.865: [GC (Allocation Failure)  79053K->653K(420864K), 0.0007088 secs]
41.866: Total time for which application threads were stopped: 0.0008149 seconds, Stopping threads took: 0.0000169 seconds
41.914: [GC (Allocation Failure)  77965K->685K(419840K), 0.0005006 secs]
41.914: Total time for which application threads were stopped: 0.0006229 seconds, Stopping threads took: 0.0000196 seconds
41.962: [GC (Allocation Failure)  76973K->717K(418816K), 0.0004855 secs]
41.963: Total time for which application threads were stopped: 0.0006076 seconds, Stopping threads took: 0.0000192 seconds
42.010: [GC (Allocation Failure)  75981K->653K(417792K), 0.0005820 secs]
42.010: Total time for which application threads were stopped: 0.0007201 seconds, Stopping threads took: 0.0000211 seconds
42.060: [GC (Allocation Failure)  74893K->621K(416768K), 0.0006745 secs]
42.061: Total time for which application threads were stopped: 0.0008088 seconds, Stopping threads took: 0.0000211 seconds
42.113: [GC (Allocation Failure)  73837K->717K(415744K), 0.0004815 secs]
42.113: Total time for which application threads were stopped: 0.0006179 seconds, Stopping threads took: 0.0000297 seconds
42.159: [GC (Allocation Failure)  72909K->685K(414720K), 0.0004848 secs]
42.160: Total time for which application threads were stopped: 0.0006130 seconds, Stopping threads took: 0.0000275 seconds
42.204: [GC (Allocation Failure)  71853K->621K(413696K), 0.0004897 secs]
42.205: Total time for which application threads were stopped: 0.0006192 seconds, Stopping threads took: 0.0000189 seconds
42.255: [GC (Allocation Failure)  70765K->653K(412672K), 0.0005266 secs]
42.256: Total time for which application threads were stopped: 0.0006440 seconds, Stopping threads took: 0.0000188 seconds
42.299: [GC (Allocation Failure)  69773K->653K(411648K), 0.0005450 secs]
42.300: Total time for which application threads were stopped: 0.0006647 seconds, Stopping threads took: 0.0000197 seconds
42.343: [GC (Allocation Failure)  68749K->653K(410624K), 0.0004415 secs]
42.343: Total time for which application threads were stopped: 0.0005682 seconds, Stopping threads took: 0.0000282 seconds
42.390: [GC (Allocation Failure)  67725K->653K(409600K), 0.0004935 secs]
42.390: Total time for which application threads were stopped: 0.0006275 seconds, Stopping threads took: 0.0000195 seconds
42.435: [GC (Allocation Failure)  66701K->717K(408576K), 0.0005976 secs]
42.436: Total time for which application threads were stopped: 0.0007287 seconds, Stopping threads took: 0.0000269 seconds
42.483: [GC (Allocation Failure)  65741K->621K(421888K), 0.0006026 secs]
42.484: Total time for which application threads were stopped: 0.0007156 seconds, Stopping threads took: 0.0000185 seconds
42.539: [GC (Allocation Failure)  78957K->685K(420864K), 0.0005418 secs]
42.539: Total time for which application threads were stopped: 0.0006697 seconds, Stopping threads took: 0.0000272 seconds
42.592: [GC (Allocation Failure)  77997K->621K(419840K), 0.0004024 secs]
42.593: Total time for which application threads were stopped: 0.0005199 seconds, Stopping threads took: 0.0000192 seconds
42.640: [GC (Allocation Failure)  76909K->685K(418816K), 0.0006030 secs]
42.641: Total time for which application threads were stopped: 0.0007235 seconds, Stopping threads took: 0.0000193 seconds
42.688: [GC (Allocation Failure)  75949K->685K(417792K), 0.0004621 secs]
42.689: Total time for which application threads were stopped: 0.0005771 seconds, Stopping threads took: 0.0000193 seconds
42.735: [GC (Allocation Failure)  74925K->621K(416768K), 0.0005001 secs]
42.736: Total time for which application threads were stopped: 0.0006530 seconds, Stopping threads took: 0.0000267 seconds
42.783: [GC (Allocation Failure)  73837K->685K(415744K), 0.0005419 secs]
42.783: Total time for which application threads were stopped: 0.0006675 seconds, Stopping threads took: 0.0000255 seconds
42.834: [GC (Allocation Failure)  72877K->717K(414720K), 0.0006098 secs]
42.835: Total time for which application threads were stopped: 0.0007460 seconds, Stopping threads took: 0.0000214 seconds
42.879: [GC (Allocation Failure)  71885K->685K(413696K), 0.0004282 secs]
42.880: Total time for which application threads were stopped: 0.0005605 seconds, Stopping threads took: 0.0000212 seconds
42.924: [GC (Allocation Failure)  70829K->717K(412672K), 0.0005350 secs]
42.924: Total time for which application threads were stopped: 0.0006461 seconds, Stopping threads took: 0.0000167 seconds
42.968: [GC (Allocation Failure)  69837K->621K(426496K), 0.0006433 secs]
42.968: Total time for which application threads were stopped: 0.0007684 seconds, Stopping threads took: 0.0000203 seconds
43.026: [GC (Allocation Failure)  83565K->685K(424960K), 0.0004813 secs]
43.027: Total time for which application threads were stopped: 0.0006090 seconds, Stopping threads took: 0.0000268 seconds
43.078: [GC (Allocation Failure)  82093K->685K(423424K), 0.0004869 secs]
43.078: Total time for which application threads were stopped: 0.0006067 seconds, Stopping threads took: 0.0000193 seconds
43.134: [GC (Allocation Failure)  80557K->717K(422400K), 0.0004739 secs]
43.135: Total time for which application threads were stopped: 0.0006242 seconds, Stopping threads took: 0.0000291 seconds
43.184: [GC (Allocation Failure)  79565K->653K(421376K), 0.0004939 secs]
43.184: Total time for which application threads were stopped: 0.0006255 seconds, Stopping threads took: 0.0000213 seconds
43.233: [GC (Allocation Failure)  78477K->621K(420352K), 0.0004505 secs]
43.233: Total time for which application threads were stopped: 0.0005828 seconds, Stopping threads took: 0.0000292 seconds
43.290: [GC (Allocation Failure)  77421K->653K(419328K), 0.0004440 secs]
43.290: Total time for which application threads were stopped: 0.0005612 seconds, Stopping threads took: 0.0000247 seconds
43.343: [GC (Allocation Failure)  76429K->653K(418304K), 0.0007625 secs]
43.344: Total time for which application threads were stopped: 0.0008810 seconds, Stopping threads took: 0.0000189 seconds
43.396: [GC (Allocation Failure)  75405K->653K(417280K), 0.0004885 secs]
43.396: Total time for which application threads were stopped: 0.0006160 seconds, Stopping threads took: 0.0000282 seconds
43.448: [GC (Allocation Failure)  74381K->717K(416256K), 0.0005024 secs]
43.449: Total time for which application threads were stopped: 0.0006191 seconds, Stopping threads took: 0.0000198 seconds
43.500: [GC (Allocation Failure)  73421K->653K(415232K), 0.0004282 secs]
43.501: Total time for which application threads were stopped: 0.0005378 seconds, Stopping threads took: 0.0000169 seconds
43.552: [GC (Allocation Failure)  72333K->653K(414208K), 0.0004972 secs]
43.552: Total time for which application threads were stopped: 0.0006179 seconds, Stopping threads took: 0.0000198 seconds
43.596: [GC (Allocation Failure)  71309K->717K(413184K), 0.0004517 secs]
43.597: Total time for which application threads were stopped: 0.0005716 seconds, Stopping threads took: 0.0000191 seconds
43.641: [GC (Allocation Failure)  70349K->653K(412160K), 0.0005211 secs]
43.641: Total time for which application threads were stopped: 0.0006518 seconds, Stopping threads took: 0.0000278 seconds
43.684: [GC (Allocation Failure)  69261K->685K(411136K), 0.0004832 secs]
43.685: Total time for which application threads were stopped: 0.0006050 seconds, Stopping threads took: 0.0000195 seconds
43.727: [GC (Allocation Failure)  68269K->621K(424960K), 0.0006479 secs]
43.728: Total time for which application threads were stopped: 0.0007756 seconds, Stopping threads took: 0.0000246 seconds
43.780: [GC (Allocation Failure)  82029K->653K(423424K), 0.0004692 secs]
43.781: Total time for which application threads were stopped: 0.0005993 seconds, Stopping threads took: 0.0000253 seconds
43.831: [GC (Allocation Failure)  80525K->685K(422400K), 0.0005522 secs]
43.832: Total time for which application threads were stopped: 0.0006799 seconds, Stopping threads took: 0.0000276 seconds
43.881: [GC (Allocation Failure)  79533K->653K(421376K), 0.0004843 secs]
43.882: Total time for which application threads were stopped: 0.0006107 seconds, Stopping threads took: 0.0000204 seconds
43.931: [GC (Allocation Failure)  78477K->653K(420352K), 0.0006729 secs]
43.931: Total time for which application threads were stopped: 0.0008380 seconds, Stopping threads took: 0.0000288 seconds
43.985: [GC (Allocation Failure)  77453K->685K(419328K), 0.0005080 secs]
43.985: Total time for which application threads were stopped: 0.0006589 seconds, Stopping threads took: 0.0000236 seconds
44.032: [GC (Allocation Failure)  76461K->621K(434688K), 0.0006775 secs]
44.033: Total time for which application threads were stopped: 0.0008165 seconds, Stopping threads took: 0.0000218 seconds
44.097: [GC (Allocation Failure)  91757K->685K(433152K), 0.0005275 secs]
44.098: Total time for which application threads were stopped: 0.0006591 seconds, Stopping threads took: 0.0000205 seconds
44.153: [GC (Allocation Failure)  90285K->621K(431616K), 0.0006558 secs]
44.154: Total time for which application threads were stopped: 0.0008005 seconds, Stopping threads took: 0.0000211 seconds
44.212: [GC (Allocation Failure)  88685K->685K(430080K), 0.0004498 secs]
44.213: Total time for which application threads were stopped: 0.0005766 seconds, Stopping threads took: 0.0000217 seconds
44.267: [GC (Allocation Failure)  87213K->685K(428544K), 0.0005057 secs]
44.268: Total time for which application threads were stopped: 0.0006250 seconds, Stopping threads took: 0.0000190 seconds
44.321: [GC (Allocation Failure)  85677K->653K(427008K), 0.0004884 secs]
44.322: Total time for which application threads were stopped: 0.0006470 seconds, Stopping threads took: 0.0000256 seconds
44.376: [GC (Allocation Failure)  84109K->653K(425472K), 0.0006081 secs]
44.377: Total time for which application threads were stopped: 0.0007459 seconds, Stopping threads took: 0.0000202 seconds
44.434: [GC (Allocation Failure)  82573K->653K(423936K), 0.0004897 secs]
44.435: Total time for which application threads were stopped: 0.0006363 seconds, Stopping threads took: 0.0000296 seconds
44.491: [GC (Allocation Failure)  81037K->621K(422400K), 0.0005129 secs]
44.491: Total time for which application threads were stopped: 0.0006303 seconds, Stopping threads took: 0.0000199 seconds
44.540: [GC (Allocation Failure)  79469K->717K(421376K), 0.0005012 secs]
44.541: Total time for which application threads were stopped: 0.0006441 seconds, Stopping threads took: 0.0000282 seconds
44.590: [GC (Allocation Failure)  78541K->717K(420352K), 0.0005173 secs]
44.590: Total time for which application threads were stopped: 0.0006566 seconds, Stopping threads took: 0.0000217 seconds
44.638: [GC (Allocation Failure)  77517K->653K(419328K), 0.0005007 secs]
44.639: Total time for which application threads were stopped: 0.0006004 seconds, Stopping threads took: 0.0000171 seconds
44.687: [GC (Allocation Failure)  76429K->653K(418304K), 0.0004595 secs]
44.687: Total time for which application threads were stopped: 0.0005785 seconds, Stopping threads took: 0.0000193 seconds
44.734: [GC (Allocation Failure)  75405K->685K(433664K), 0.0018340 secs]
44.736: Total time for which application threads were stopped: 0.0019475 seconds, Stopping threads took: 0.0000168 seconds
44.794: [GC (Allocation Failure)  90797K->653K(452096K), 0.0004657 secs]
44.795: Total time for which application threads were stopped: 0.0006061 seconds, Stopping threads took: 0.0000266 seconds
44.866: [GC (Allocation Failure)  109197K->653K(474112K), 0.0004971 secs]
44.866: Total time for which application threads were stopped: 0.0006240 seconds, Stopping threads took: 0.0000204 seconds
44.953: [GC (Allocation Failure)  131213K->685K(471040K), 0.0005133 secs]
44.954: Total time for which application threads were stopped: 0.0006371 seconds, Stopping threads took: 0.0000197 seconds
45.034: [GC (Allocation Failure)  128173K->685K(467968K), 0.0005229 secs]
45.034: Total time for which application threads were stopped: 0.0006618 seconds, Stopping threads took: 0.0000216 seconds
45.112: [GC (Allocation Failure)  125101K->685K(465408K), 0.0005556 secs]
45.113: Total time for which application threads were stopped: 0.0006897 seconds, Stopping threads took: 0.0000220 seconds
45.189: [GC (Allocation Failure)  122541K->685K(462848K), 0.0005283 secs]
45.189: Total time for which application threads were stopped: 0.0007061 seconds, Stopping threads took: 0.0000220 seconds
45.270: [GC (Allocation Failure)  119981K->685K(460288K), 0.0004799 secs]
45.270: Total time for which application threads were stopped: 0.0006037 seconds, Stopping threads took: 0.0000265 seconds
45.343: [GC (Allocation Failure)  117421K->653K(457728K), 0.0004912 secs]
45.343: Total time for which application threads were stopped: 0.0006261 seconds, Stopping threads took: 0.0000199 seconds
45.419: [GC (Allocation Failure)  114829K->685K(455168K), 0.0006821 secs]
45.420: Total time for which application threads were stopped: 0.0008262 seconds, Stopping threads took: 0.0000217 seconds
45.496: [GC (Allocation Failure)  112301K->685K(452608K), 0.0005046 secs]
45.497: Total time for which application threads were stopped: 0.0006220 seconds, Stopping threads took: 0.0000189 seconds
45.565: [GC (Allocation Failure)  109741K->653K(450560K), 0.0004860 secs]
45.566: Total time for which application threads were stopped: 0.0006170 seconds, Stopping threads took: 0.0000206 seconds
45.633: [GC (Allocation Failure)  107661K->653K(448512K), 0.0005269 secs]
45.634: Total time for which application threads were stopped: 0.0006552 seconds, Stopping threads took: 0.0000275 seconds
45.702: [GC (Allocation Failure)  105613K->621K(446464K), 0.0005116 secs]
45.703: Total time for which application threads were stopped: 0.0006365 seconds, Stopping threads took: 0.0000277 seconds
45.768: [GC (Allocation Failure)  103533K->621K(444416K), 0.0005257 secs]
45.769: Total time for which application threads were stopped: 0.0006487 seconds, Stopping threads took: 0.0000201 seconds
45.837: [GC (Allocation Failure)  101485K->685K(442368K), 0.0006034 secs]
45.838: Total time for which application threads were stopped: 0.0007419 seconds, Stopping threads took: 0.0000218 seconds
45.900: [GC (Allocation Failure)  99501K->685K(440320K), 0.0005640 secs]
45.900: Total time for which application threads were stopped: 0.0007048 seconds, Stopping threads took: 0.0000231 seconds
45.960: [GC (Allocation Failure)  97453K->621K(438272K), 0.0006774 secs]
45.961: Total time for which application threads were stopped: 0.0008295 seconds, Stopping threads took: 0.0000223 seconds
46.020: [GC (Allocation Failure)  95341K->653K(436736K), 0.0004894 secs]
46.021: Total time for which application threads were stopped: 0.0006223 seconds, Stopping threads took: 0.0000220 seconds
46.079: [GC (Allocation Failure)  93837K->685K(435200K), 0.0005825 secs]
46.080: Total time for which application threads were stopped: 0.0007236 seconds, Stopping threads took: 0.0000279 seconds
46.137: [GC (Allocation Failure)  92333K->717K(433664K), 0.0005093 secs]
46.137: Total time for which application threads were stopped: 0.0006550 seconds, Stopping threads took: 0.0000284 seconds
46.194: [GC (Allocation Failure)  90829K->621K(432128K), 0.0005964 secs]
46.194: Total time for which application threads were stopped: 0.0007390 seconds, Stopping threads took: 0.0000287 seconds
46.256: [GC (Allocation Failure)  89197K->685K(430592K), 0.0006075 secs]
46.256: Total time for which application threads were stopped: 0.0007542 seconds, Stopping threads took: 0.0000212 seconds
46.312: [GC (Allocation Failure)  87725K->685K(429056K), 0.0005417 secs]
46.312: Total time for which application threads were stopped: 0.0006953 seconds, Stopping threads took: 0.0000269 seconds
46.366: [GC (Allocation Failure)  86189K->685K(427520K), 0.0004727 secs]
46.366: Total time for which application threads were stopped: 0.0006021 seconds, Stopping threads took: 0.0000197 seconds
46.424: [GC (Allocation Failure)  84653K->717K(425984K), 0.0005132 secs]
46.424: Total time for which application threads were stopped: 0.0006538 seconds, Stopping threads took: 0.0000215 seconds
46.476: [GC (Allocation Failure)  83149K->717K(424448K), 0.0005173 secs]
46.476: Total time for which application threads were stopped: 0.0006575 seconds, Stopping threads took: 0.0000307 seconds
46.527: [GC (Allocation Failure)  81613K->685K(422912K), 0.0005306 secs]
46.527: Total time for which application threads were stopped: 0.0006766 seconds, Stopping threads took: 0.0000210 seconds
46.581: [GC (Allocation Failure)  80045K->621K(421888K), 0.0006190 secs]
46.581: Total time for which application threads were stopped: 0.0007563 seconds, Stopping threads took: 0.0000289 seconds
46.630: [GC (Allocation Failure)  78957K->621K(420864K), 0.0006184 secs]
46.631: Total time for which application threads were stopped: 0.0007441 seconds, Stopping threads took: 0.0000273 seconds
46.679: [GC (Allocation Failure)  77933K->717K(419840K), 0.0006437 secs]
46.680: Total time for which application threads were stopped: 0.0007690 seconds, Stopping threads took: 0.0000274 seconds
46.736: [GC (Allocation Failure)  77005K->653K(418816K), 0.0004444 secs]
46.737: Total time for which application threads were stopped: 0.0005526 seconds, Stopping threads took: 0.0000254 seconds
46.788: [GC (Allocation Failure)  75917K->685K(417792K), 0.0004720 secs]
46.789: Total time for which application threads were stopped: 0.0006003 seconds, Stopping threads took: 0.0000285 seconds
46.835: [GC (Allocation Failure)  74925K->685K(416768K), 0.0004576 secs]
46.836: Total time for which application threads were stopped: 0.0005735 seconds, Stopping threads took: 0.0000189 seconds
46.882: [GC (Allocation Failure)  73901K->653K(431616K), 0.0007604 secs]
46.882: Total time for which application threads were stopped: 0.0008900 seconds, Stopping threads took: 0.0000273 seconds
46.938: [GC (Allocation Failure)  88717K->685K(430080K), 0.0004790 secs]
46.938: Total time for which application threads were stopped: 0.0006082 seconds, Stopping threads took: 0.0000184 seconds
46.997: [GC (Allocation Failure)  87213K->621K(428544K), 0.0005382 secs]
46.998: Total time for which application threads were stopped: 0.0006647 seconds, Stopping threads took: 0.0000273 seconds
47.051: [GC (Allocation Failure)  85613K->621K(427008K), 0.0005591 secs]
47.051: Total time for which application threads were stopped: 0.0006920 seconds, Stopping threads took: 0.0000189 seconds
47.104: [GC (Allocation Failure)  84077K->653K(425472K), 0.0005603 secs]
47.104: Total time for which application threads were stopped: 0.0006786 seconds, Stopping threads took: 0.0000194 seconds
47.155: [GC (Allocation Failure)  82573K->621K(423936K), 0.0005186 secs]
47.156: Total time for which application threads were stopped: 0.0006625 seconds, Stopping threads took: 0.0000189 seconds
47.212: [GC (Allocation Failure)  81005K->653K(422400K), 0.0004830 secs]
47.213: Total time for which application threads were stopped: 0.0006065 seconds, Stopping threads took: 0.0000270 seconds
47.266: [GC (Allocation Failure)  79501K->653K(421376K), 0.0004771 secs]
47.267: Total time for which application threads were stopped: 0.0005973 seconds, Stopping threads took: 0.0000192 seconds
47.316: [GC (Allocation Failure)  78477K->653K(420352K), 0.0005237 secs]
47.316: Total time for which application threads were stopped: 0.0006424 seconds, Stopping threads took: 0.0000197 seconds
47.364: [GC (Allocation Failure)  77453K->749K(419328K), 0.0005055 secs]
47.365: Total time for which application threads were stopped: 0.0006264 seconds, Stopping threads took: 0.0000194 seconds
47.412: [GC (Allocation Failure)  76525K->653K(418304K), 0.0004792 secs]
47.413: Total time for which application threads were stopped: 0.0005946 seconds, Stopping threads took: 0.0000194 seconds
47.459: [GC (Allocation Failure)  75405K->621K(417280K), 0.0004876 secs]
47.460: Total time for which application threads were stopped: 0.0006329 seconds, Stopping threads took: 0.0000274 seconds
47.513: [GC (Allocation Failure)  74349K->685K(416256K), 0.0005703 secs]
47.513: Total time for which application threads were stopped: 0.0007170 seconds, Stopping threads took: 0.0000219 seconds
47.565: [GC (Allocation Failure)  73389K->685K(415232K), 0.0005868 secs]
47.565: Total time for which application threads were stopped: 0.0007318 seconds, Stopping threads took: 0.0000231 seconds
47.610: [GC (Allocation Failure)  72365K->717K(414208K), 0.0006118 secs]
47.611: Total time for which application threads were stopped: 0.0007290 seconds, Stopping threads took: 0.0000196 seconds
47.658: [GC (Allocation Failure)  71373K->653K(413184K), 0.0005093 secs]
47.659: Total time for which application threads were stopped: 0.0006452 seconds, Stopping threads took: 0.0000211 seconds
47.706: [GC (Allocation Failure)  70285K->589K(412160K), 0.0005335 secs]
47.706: Total time for which application threads were stopped: 0.0006557 seconds, Stopping threads took: 0.0000204 seconds
47.756: [GC (Allocation Failure)  69197K->621K(411136K), 0.0005302 secs]
47.757: Total time for which application threads were stopped: 0.0006515 seconds, Stopping threads took: 0.0000249 seconds
47.801: [GC (Allocation Failure)  68205K->749K(410112K), 0.0004072 secs]
47.802: Total time for which application threads were stopped: 0.0005404 seconds, Stopping threads took: 0.0000177 seconds
47.845: [GC (Allocation Failure)  67309K->653K(409088K), 0.0004084 secs]
47.845: Total time for which application threads were stopped: 0.0005305 seconds, Stopping threads took: 0.0000255 seconds
47.892: [GC (Allocation Failure)  66189K->685K(408064K), 0.0004555 secs]
47.892: Total time for which application threads were stopped: 0.0005736 seconds, Stopping threads took: 0.0000194 seconds
47.932: [GC (Allocation Failure)  65197K->717K(407040K), 0.0005056 secs]
47.933: Total time for which application threads were stopped: 0.0006270 seconds, Stopping threads took: 0.0000274 seconds
47.978: [GC (Allocation Failure)  64205K->685K(406016K), 0.0004184 secs]
47.979: Total time for which application threads were stopped: 0.0005472 seconds, Stopping threads took: 0.0000275 seconds
48.018: [GC (Allocation Failure)  63149K->685K(418816K), 0.0006759 secs]
48.019: Total time for which application threads were stopped: 0.0007982 seconds, Stopping threads took: 0.0000197 seconds
48.071: [GC (Allocation Failure)  75949K->685K(417792K), 0.0004823 secs]
48.072: Total time for which application threads were stopped: 0.0006260 seconds, Stopping threads took: 0.0000214 seconds
48.118: [GC (Allocation Failure)  74925K->685K(416768K), 0.0004783 secs]
48.119: Total time for which application threads were stopped: 0.0006023 seconds, Stopping threads took: 0.0000213 seconds
48.164: [GC (Allocation Failure)  73901K->685K(415744K), 0.0004404 secs]
48.165: Total time for which application threads were stopped: 0.0005489 seconds, Stopping threads took: 0.0000166 seconds
48.210: [GC (Allocation Failure)  72877K->653K(414720K), 0.0004739 secs]
48.211: Total time for which application threads were stopped: 0.0005904 seconds, Stopping threads took: 0.0000195 seconds
48.260: [GC (Allocation Failure)  71821K->621K(413696K), 0.0004770 secs]
48.261: Total time for which application threads were stopped: 0.0005838 seconds, Stopping threads took: 0.0000166 seconds
48.306: [GC (Allocation Failure)  70765K->653K(412672K), 0.0003936 secs]
48.306: Total time for which application threads were stopped: 0.0005218 seconds, Stopping threads took: 0.0000281 seconds
48.354: [GC (Allocation Failure)  69773K->653K(411648K), 0.0004188 secs]
48.354: Total time for which application threads were stopped: 0.0005279 seconds, Stopping threads took: 0.0000171 seconds
48.397: [GC (Allocation Failure)  68749K->653K(410624K), 0.0004057 secs]
48.397: Total time for which application threads were stopped: 0.0005132 seconds, Stopping threads took: 0.0000167 seconds
48.442: [GC (Allocation Failure)  67725K->685K(409600K), 0.0005464 secs]
48.442: Total time for which application threads were stopped: 0.0006769 seconds, Stopping threads took: 0.0000276 seconds
48.484: [GC (Allocation Failure)  66733K->621K(408576K), 0.0004889 secs]
48.484: Total time for which application threads were stopped: 0.0006255 seconds, Stopping threads took: 0.0000281 seconds
48.525: [GC (Allocation Failure)  65645K->685K(421888K), 0.0007033 secs]
48.526: Total time for which application threads were stopped: 0.0008496 seconds, Stopping threads took: 0.0000299 seconds
48.575: [GC (Allocation Failure)  79021K->717K(437760K), 0.0005578 secs]
48.575: Total time for which application threads were stopped: 0.0007121 seconds, Stopping threads took: 0.0000231 seconds
48.639: [GC (Allocation Failure)  94925K->717K(436224K), 0.0006340 secs]
48.639: Total time for which application threads were stopped: 0.0007656 seconds, Stopping threads took: 0.0000225 seconds
48.697: [GC (Allocation Failure)  93389K->685K(434688K), 0.0004964 secs]
48.698: Total time for which application threads were stopped: 0.0006360 seconds, Stopping threads took: 0.0000192 seconds
48.762: [GC (Allocation Failure)  91821K->685K(433152K), 0.0004677 secs]
48.762: Total time for which application threads were stopped: 0.0005855 seconds, Stopping threads took: 0.0000188 seconds
48.819: [GC (Allocation Failure)  90285K->685K(431616K), 0.0004725 secs]
48.819: Total time for which application threads were stopped: 0.0005983 seconds, Stopping threads took: 0.0000260 seconds
48.875: [GC (Allocation Failure)  88749K->653K(430080K), 0.0004849 secs]
48.875: Total time for which application threads were stopped: 0.0006039 seconds, Stopping threads took: 0.0000196 seconds
48.932: [GC (Allocation Failure)  87181K->685K(428544K), 0.0005139 secs]
48.933: Total time for which application threads were stopped: 0.0006515 seconds, Stopping threads took: 0.0000285 seconds
48.986: [GC (Allocation Failure)  85677K->717K(427008K), 0.0005718 secs]
48.987: Total time for which application threads were stopped: 0.0006968 seconds, Stopping threads took: 0.0000206 seconds
49.039: [GC (Allocation Failure)  84173K->685K(425472K), 0.0004562 secs]
49.039: Total time for which application threads were stopped: 0.0005851 seconds, Stopping threads took: 0.0000276 seconds
49.090: [GC (Allocation Failure)  82605K->653K(423936K), 0.0005643 secs]
49.091: Total time for which application threads were stopped: 0.0006918 seconds, Stopping threads took: 0.0000276 seconds
49.141: [GC (Allocation Failure)  81037K->717K(422400K), 0.0004884 secs]
49.142: Total time for which application threads were stopped: 0.0006081 seconds, Stopping threads took: 0.0000200 seconds
49.191: [GC (Allocation Failure)  79565K->653K(438272K), 0.0014325 secs]
49.192: Total time for which application threads were stopped: 0.0015782 seconds, Stopping threads took: 0.0000284 seconds
49.251: [GC (Allocation Failure)  95373K->685K(457216K), 0.0006472 secs]
49.252: Total time for which application threads were stopped: 0.0008151 seconds, Stopping threads took: 0.0000210 seconds
49.330: [GC (Allocation Failure)  114349K->653K(480256K), 0.0004325 secs]
49.331: Total time for which application threads were stopped: 0.0005839 seconds, Stopping threads took: 0.0000271 seconds
49.419: [GC (Allocation Failure)  137357K->653K(477184K), 0.0004028 secs]
49.420: Total time for which application threads were stopped: 0.0005098 seconds, Stopping threads took: 0.0000168 seconds
49.509: [GC (Allocation Failure)  134285K->717K(474112K), 0.0004534 secs]
49.510: Total time for which application threads were stopped: 0.0005688 seconds, Stopping threads took: 0.0000190 seconds
49.591: [GC (Allocation Failure)  131277K->621K(471040K), 0.0006212 secs]
49.592: Total time for which application threads were stopped: 0.0007495 seconds, Stopping threads took: 0.0000287 seconds
49.671: [GC (Allocation Failure)  128109K->653K(467968K), 0.0004878 secs]
49.671: Total time for which application threads were stopped: 0.0006309 seconds, Stopping threads took: 0.0000214 seconds
49.750: [GC (Allocation Failure)  125069K->653K(465408K), 0.0004286 secs]
49.750: Total time for which application threads were stopped: 0.0005465 seconds, Stopping threads took: 0.0000239 seconds
49.826: [GC (Allocation Failure)  122509K->621K(462848K), 0.0004353 secs]
49.827: Total time for which application threads were stopped: 0.0005840 seconds, Stopping threads took: 0.0000275 seconds
49.901: [GC (Allocation Failure)  119917K->717K(460288K), 0.0004774 secs]
49.902: Total time for which application threads were stopped: 0.0006031 seconds, Stopping threads took: 0.0000206 seconds
49.981: [GC (Allocation Failure)  117453K->653K(457728K), 0.0005776 secs]
49.981: Total time for which application threads were stopped: 0.0007014 seconds, Stopping threads took: 0.0000195 seconds
50.052: [GC (Allocation Failure)  114829K->717K(455168K), 0.0004962 secs]
50.053: Total time for which application threads were stopped: 0.0006197 seconds, Stopping threads took: 0.0000200 seconds
50.122: [GC (Allocation Failure)  112333K->653K(452608K), 0.0005263 secs]
50.123: Total time for which application threads were stopped: 0.0006621 seconds, Stopping threads took: 0.0000222 seconds
50.196: [GC (Allocation Failure)  109709K->717K(450560K), 0.0005528 secs]
50.196: Total time for which application threads were stopped: 0.0006977 seconds, Stopping threads took: 0.0000224 seconds
50.263: [GC (Allocation Failure)  107725K->685K(448512K), 0.0004935 secs]
50.264: Total time for which application threads were stopped: 0.0006325 seconds, Stopping threads took: 0.0000220 seconds
50.331: [GC (Allocation Failure)  105645K->685K(446464K), 0.0003814 secs]
50.331: Total time for which application threads were stopped: 0.0005081 seconds, Stopping threads took: 0.0000257 seconds
50.397: [GC (Allocation Failure)  103597K->653K(444416K), 0.0004943 secs]
50.398: Total time for which application threads were stopped: 0.0006121 seconds, Stopping threads took: 0.0000259 seconds
50.464: [GC (Allocation Failure)  101517K->653K(442368K), 0.0005352 secs]
50.465: Total time for which application threads were stopped: 0.0006555 seconds, Stopping threads took: 0.0000200 seconds
50.533: [GC (Allocation Failure)  99469K->685K(440320K), 0.0005537 secs]
50.534: Total time for which application threads were stopped: 0.0006833 seconds, Stopping threads took: 0.0000198 seconds
50.600: [GC (Allocation Failure)  97453K->685K(438272K), 0.0004842 secs]
50.600: Total time for which application threads were stopped: 0.0006048 seconds, Stopping threads took: 0.0000217 seconds
50.659: [GC (Allocation Failure)  95405K->685K(436736K), 0.0004671 secs]
50.660: Total time for which application threads were stopped: 0.0005738 seconds, Stopping threads took: 0.0000164 seconds
50.719: [GC (Allocation Failure)  93869K->621K(435200K), 0.0005963 secs]
50.719: Total time for which application threads were stopped: 0.0007331 seconds, Stopping threads took: 0.0000200 seconds
50.778: [GC (Allocation Failure)  92269K->717K(433664K), 0.0004133 secs]
50.778: Total time for which application threads were stopped: 0.0005370 seconds, Stopping threads took: 0.0000258 seconds
50.835: [GC (Allocation Failure)  90829K->685K(432128K), 0.0004731 secs]
50.835: Total time for which application threads were stopped: 0.0006011 seconds, Stopping threads took: 0.0000272 seconds
50.890: [GC (Allocation Failure)  89261K->653K(430592K), 0.0005887 secs]
50.891: Total time for which application threads were stopped: 0.0007016 seconds, Stopping threads took: 0.0000201 seconds
50.950: [GC (Allocation Failure)  87693K->653K(429056K), 0.0004454 secs]
50.951: Total time for which application threads were stopped: 0.0005536 seconds, Stopping threads took: 0.0000168 seconds
51.004: [GC (Allocation Failure)  86157K->653K(427520K), 0.0005818 secs]
51.005: Total time for which application threads were stopped: 0.0007036 seconds, Stopping threads took: 0.0000202 seconds
51.057: [GC (Allocation Failure)  84621K->653K(425984K), 0.0006411 secs]
51.058: Total time for which application threads were stopped: 0.0007573 seconds, Stopping threads took: 0.0000197 seconds
51.112: [GC (Allocation Failure)  83085K->621K(424448K), 0.0004574 secs]
51.113: Total time for which application threads were stopped: 0.0005580 seconds, Stopping threads took: 0.0000181 seconds
51.163: [GC (Allocation Failure)  81517K->621K(422912K), 0.0006577 secs]
51.164: Total time for which application threads were stopped: 0.0007849 seconds, Stopping threads took: 0.0000202 seconds
51.220: [GC (Allocation Failure)  79981K->653K(421888K), 0.0006388 secs]
51.220: Total time for which application threads were stopped: 0.0007713 seconds, Stopping threads took: 0.0000200 seconds
51.269: [GC (Allocation Failure)  78989K->653K(420864K), 0.0004772 secs]
51.270: Total time for which application threads were stopped: 0.0006232 seconds, Stopping threads took: 0.0000265 seconds
51.325: [GC (Allocation Failure)  77965K->717K(419840K), 0.0005168 secs]
51.325: Total time for which application threads were stopped: 0.0006415 seconds, Stopping threads took: 0.0000220 seconds
51.376: [GC (Allocation Failure)  77005K->653K(418816K), 0.0005472 secs]
51.376: Total time for which application threads were stopped: 0.0006513 seconds, Stopping threads took: 0.0000164 seconds
51.424: [GC (Allocation Failure)  75917K->685K(417792K), 0.0005809 secs]
51.424: Total time for which application threads were stopped: 0.0006932 seconds, Stopping threads took: 0.0000201 seconds
51.477: [GC (Allocation Failure)  74925K->653K(416768K), 0.0004945 secs]
51.477: Total time for which application threads were stopped: 0.0006221 seconds, Stopping threads took: 0.0000279 seconds
51.523: [GC (Allocation Failure)  73869K->717K(415744K), 0.0006033 secs]
51.524: Total time for which application threads were stopped: 0.0007173 seconds, Stopping threads took: 0.0000188 seconds
51.574: [GC (Allocation Failure)  72909K->685K(414720K), 0.0004543 secs]
51.574: Total time for which application threads were stopped: 0.0005606 seconds, Stopping threads took: 0.0000170 seconds
51.622: [GC (Allocation Failure)  71853K->653K(413696K), 0.0005322 secs]
51.623: Total time for which application threads were stopped: 0.0006301 seconds, Stopping threads took: 0.0000173 seconds
51.666: [GC (Allocation Failure)  70797K->653K(412672K), 0.0004942 secs]
51.667: Total time for which application threads were stopped: 0.0006299 seconds, Stopping threads took: 0.0000189 seconds
51.715: [GC (Allocation Failure)  69773K->653K(411648K), 0.0006260 secs]
51.716: Total time for which application threads were stopped: 0.0007731 seconds, Stopping threads took: 0.0000222 seconds
51.759: [GC (Allocation Failure)  68749K->685K(410624K), 0.0004576 secs]
51.759: Total time for which application threads were stopped: 0.0005667 seconds, Stopping threads took: 0.0000167 seconds
51.803: [GC (Allocation Failure)  67757K->717K(409600K), 0.0004439 secs]
51.803: Total time for which application threads were stopped: 0.0005704 seconds, Stopping threads took: 0.0000256 seconds
51.845: [GC (Allocation Failure)  66765K->653K(408576K), 0.0005430 secs]
51.846: Total time for which application threads were stopped: 0.0006914 seconds, Stopping threads took: 0.0000195 seconds
51.886: [GC (Allocation Failure)  65677K->685K(421888K), 0.0006812 secs]
51.887: Total time for which application threads were stopped: 0.0008275 seconds, Stopping threads took: 0.0000258 seconds
51.936: [GC (Allocation Failure)  79021K->685K(437760K), 0.0005885 secs]
51.937: Total time for which application threads were stopped: 0.0007437 seconds, Stopping threads took: 0.0000298 seconds
51.995: [GC (Allocation Failure)  94893K->653K(456704K), 0.0006279 secs]
51.996: Total time for which application threads were stopped: 0.0008018 seconds, Stopping threads took: 0.0000301 seconds
52.066: [GC (Allocation Failure)  113805K->685K(454144K), 0.0004820 secs]
52.067: Total time for which application threads were stopped: 0.0006196 seconds, Stopping threads took: 0.0000225 seconds
52.136: [GC (Allocation Failure)  111277K->653K(476672K), 0.0077938 secs]
52.144: Total time for which application threads were stopped: 0.0079057 seconds, Stopping threads took: 0.0000271 seconds
52.233: [GC (Allocation Failure)  133773K->653K(495616K), 0.0005255 secs]
52.233: Total time for which application threads were stopped: 0.0006574 seconds, Stopping threads took: 0.0000160 seconds
52.339: [GC (Allocation Failure)  152717K->717K(495616K), 0.0005180 secs]
52.339: Total time for which application threads were stopped: 0.0006566 seconds, Stopping threads took: 0.0000267 seconds
52.433: [GC (Allocation Failure)  152781K->653K(526336K), 0.0017682 secs]
52.435: Total time for which application threads were stopped: 0.0018926 seconds, Stopping threads took: 0.0000217 seconds
52.559: [GC (Allocation Failure)  183437K->685K(526336K), 0.0005674 secs]
52.560: Total time for which application threads were stopped: 0.0007010 seconds, Stopping threads took: 0.0000189 seconds
52.679: [GC (Allocation Failure)  183469K->653K(563200K), 0.0004017 secs]
52.680: Total time for which application threads were stopped: 0.0005068 seconds, Stopping threads took: 0.0000173 seconds
52.832: [GC (Allocation Failure)  220301K->717K(556544K), 0.0004998 secs]
52.832: Total time for which application threads were stopped: 0.0006304 seconds, Stopping threads took: 0.0000186 seconds
52.967: [GC (Allocation Failure)  213709K->685K(550400K), 0.0004678 secs]
52.968: Total time for which application threads were stopped: 0.0006204 seconds, Stopping threads took: 0.0000193 seconds
53.096: [GC (Allocation Failure)  207533K->685K(544256K), 0.0004706 secs]
53.097: Total time for which application threads were stopped: 0.0005921 seconds, Stopping threads took: 0.0000198 seconds
53.221: [GC (Allocation Failure)  201389K->621K(538624K), 0.0005798 secs]
53.221: Total time for which application threads were stopped: 0.0007161 seconds, Stopping threads took: 0.0000199 seconds
53.343: [GC (Allocation Failure)  195693K->717K(532992K), 0.0004751 secs]
53.343: Total time for which application threads were stopped: 0.0005947 seconds, Stopping threads took: 0.0000194 seconds
53.460: [GC (Allocation Failure)  190157K->685K(527360K), 0.0004749 secs]
53.461: Total time for which application threads were stopped: 0.0006011 seconds, Stopping threads took: 0.0000274 seconds
53.581: [GC (Allocation Failure)  184493K->685K(522240K), 0.0004711 secs]
53.581: Total time for which application threads were stopped: 0.0005909 seconds, Stopping threads took: 0.0000191 seconds
53.692: [GC (Allocation Failure)  179373K->653K(517120K), 0.0005608 secs]
53.692: Total time for which application threads were stopped: 0.0006849 seconds, Stopping threads took: 0.0000269 seconds
53.805: [GC (Allocation Failure)  174221K->653K(512512K), 0.0005549 secs]
53.806: Total time for which application threads were stopped: 0.0006859 seconds, Stopping threads took: 0.0000274 seconds
53.916: [GC (Allocation Failure)  169613K->653K(507904K), 0.0005135 secs]
53.916: Total time for which application threads were stopped: 0.0006532 seconds, Stopping threads took: 0.0000211 seconds
54.018: [GC (Allocation Failure)  165005K->685K(503808K), 0.0004486 secs]
54.019: Total time for which application threads were stopped: 0.0005688 seconds, Stopping threads took: 0.0000190 seconds
54.118: [GC (Allocation Failure)  160941K->653K(499712K), 0.0004958 secs]
54.119: Total time for which application threads were stopped: 0.0006240 seconds, Stopping threads took: 0.0000193 seconds
54.219: [GC (Allocation Failure)  156813K->685K(495616K), 0.0005906 secs]
54.220: Total time for which application threads were stopped: 0.0007104 seconds, Stopping threads took: 0.0000196 seconds
54.323: [GC (Allocation Failure)  152749K->653K(491520K), 0.0003951 secs]
54.324: Total time for which application threads were stopped: 0.0005156 seconds, Stopping threads took: 0.0000171 seconds
54.416: [GC (Allocation Failure)  148621K->685K(487936K), 0.0005199 secs]
54.417: Total time for which application threads were stopped: 0.0006416 seconds, Stopping threads took: 0.0000196 seconds
54.507: [GC (Allocation Failure)  145069K->653K(484352K), 0.0006494 secs]
54.508: Total time for which application threads were stopped: 0.0007759 seconds, Stopping threads took: 0.0000200 seconds
54.596: [GC (Allocation Failure)  141453K->685K(480768K), 0.0005057 secs]
54.597: Total time for which application threads were stopped: 0.0006494 seconds, Stopping threads took: 0.0000208 seconds
54.682: [GC (Allocation Failure)  137901K->653K(477696K), 0.0005474 secs]
54.683: Total time for which application threads were stopped: 0.0006886 seconds, Stopping threads took: 0.0000262 seconds
54.772: [GC (Allocation Failure)  134797K->653K(474624K), 0.0004272 secs]
54.773: Total time for which application threads were stopped: 0.0005898 seconds, Stopping threads took: 0.0000256 seconds
54.854: [GC (Allocation Failure)  131725K->653K(471552K), 0.0004768 secs]
54.855: Total time for which application threads were stopped: 0.0006121 seconds, Stopping threads took: 0.0000196 seconds
54.934: [GC (Allocation Failure)  128653K->621K(468480K), 0.0006535 secs]
54.935: Total time for which application threads were stopped: 0.0007810 seconds, Stopping threads took: 0.0000217 seconds
55.019: [GC (Allocation Failure)  125549K->685K(465408K), 0.0006295 secs]
55.020: Total time for which application threads were stopped: 0.0007649 seconds, Stopping threads took: 0.0000276 seconds
55.096: [GC (Allocation Failure)  122541K->653K(462848K), 0.0005194 secs]
55.096: Total time for which application threads were stopped: 0.0006362 seconds, Stopping threads took: 0.0000186 seconds
55.170: [GC (Allocation Failure)  119949K->653K(460288K), 0.0004874 secs]
55.171: Total time for which application threads were stopped: 0.0006028 seconds, Stopping threads took: 0.0000188 seconds
55.249: [GC (Allocation Failure)  117389K->685K(457728K), 0.0005088 secs]
55.249: Total time for which application threads were stopped: 0.0006368 seconds, Stopping threads took: 0.0000196 seconds
55.326: [GC (Allocation Failure)  114861K->685K(455168K), 0.0005066 secs]
55.327: Total time for which application threads were stopped: 0.0006413 seconds, Stopping threads took: 0.0000259 seconds
55.397: [GC (Allocation Failure)  112301K->653K(452608K), 0.0005266 secs]
55.397: Total time for which application threads were stopped: 0.0006541 seconds, Stopping threads took: 0.0000283 seconds
55.466: [GC (Allocation Failure)  109709K->621K(450560K), 0.0005922 secs]
55.466: Total time for which application threads were stopped: 0.0007292 seconds, Stopping threads took: 0.0000204 seconds
55.537: [GC (Allocation Failure)  107629K->653K(448512K), 0.0004982 secs]
55.537: Total time for which application threads were stopped: 0.0006465 seconds, Stopping threads took: 0.0000296 seconds
55.606: [GC (Allocation Failure)  105613K->653K(446464K), 0.0004814 secs]
55.606: Total time for which application threads were stopped: 0.0006235 seconds, Stopping threads took: 0.0000220 seconds
55.671: [GC (Allocation Failure)  103565K->653K(444416K), 0.0004992 secs]
55.671: Total time for which application threads were stopped: 0.0006345 seconds, Stopping threads took: 0.0000205 seconds
55.734: [GC (Allocation Failure)  101517K->653K(442368K), 0.0005097 secs]
55.735: Total time for which application threads were stopped: 0.0006326 seconds, Stopping threads took: 0.0000198 seconds
55.797: [GC (Allocation Failure)  99469K->717K(440320K), 0.0005778 secs]
55.798: Total time for which application threads were stopped: 0.0006989 seconds, Stopping threads took: 0.0000258 seconds
55.864: [GC (Allocation Failure)  97485K->653K(438272K), 0.0004248 secs]
55.864: Total time for which application threads were stopped: 0.0005355 seconds, Stopping threads took: 0.0000169 seconds
55.926: [GC (Allocation Failure)  95373K->685K(436736K), 0.0005942 secs]
55.927: Total time for which application threads were stopped: 0.0007213 seconds, Stopping threads took: 0.0000271 seconds
55.985: [GC (Allocation Failure)  93869K->717K(435200K), 0.0006266 secs]
55.986: Total time for which application threads were stopped: 0.0007668 seconds, Stopping threads took: 0.0000218 seconds
56.043: [GC (Allocation Failure)  92365K->653K(433664K), 0.0004996 secs]
56.044: Total time for which application threads were stopped: 0.0006487 seconds, Stopping threads took: 0.0000250 seconds
56.104: [GC (Allocation Failure)  90765K->685K(432128K), 0.0005272 secs]
56.104: Total time for which application threads were stopped: 0.0006662 seconds, Stopping threads took: 0.0000213 seconds
56.160: [GC (Allocation Failure)  89261K->685K(430592K), 0.0005517 secs]
56.160: Total time for which application threads were stopped: 0.0007084 seconds, Stopping threads took: 0.0000298 seconds
56.214: [GC (Allocation Failure)  87725K->653K(429056K), 0.0005214 secs]
56.215: Total time for which application threads were stopped: 0.0006562 seconds, Stopping threads took: 0.0000229 seconds
56.274: [GC (Allocation Failure)  86157K->685K(427520K), 0.0005200 secs]
56.275: Total time for which application threads were stopped: 0.0006496 seconds, Stopping threads took: 0.0000250 seconds
56.327: [GC (Allocation Failure)  84653K->653K(425984K), 0.0005223 secs]
56.328: Total time for which application threads were stopped: 0.0006402 seconds, Stopping threads took: 0.0000190 seconds
56.383: [GC (Allocation Failure)  83085K->653K(424448K), 0.0004760 secs]
56.383: Total time for which application threads were stopped: 0.0005944 seconds, Stopping threads took: 0.0000191 seconds
56.434: [GC (Allocation Failure)  81549K->621K(422912K), 0.0007439 secs]
56.435: Total time for which application threads were stopped: 0.0008666 seconds, Stopping threads took: 0.0000196 seconds
56.484: [GC (Allocation Failure)  79981K->653K(438784K), 0.0008055 secs]
56.485: Total time for which application threads were stopped: 0.0009238 seconds, Stopping threads took: 0.0000196 seconds
56.551: [GC (Allocation Failure)  95885K->749K(458240K), 0.0007112 secs]
56.551: Total time for which application threads were stopped: 0.0008324 seconds, Stopping threads took: 0.0000193 seconds
56.630: [GC (Allocation Failure)  115437K->653K(455680K), 0.0004720 secs]
56.630: Total time for which application threads were stopped: 0.0006016 seconds, Stopping threads took: 0.0000279 seconds
56.700: [GC (Allocation Failure)  112781K->685K(453120K), 0.0007490 secs]
56.701: Total time for which application threads were stopped: 0.0008649 seconds, Stopping threads took: 0.0000195 seconds
56.773: [GC (Allocation Failure)  110253K->621K(451072K), 0.0004347 secs]
56.774: Total time for which application threads were stopped: 0.0005622 seconds, Stopping threads took: 0.0000182 seconds
56.841: [GC (Allocation Failure)  108141K->653K(449024K), 0.0004023 secs]
56.841: Total time for which application threads were stopped: 0.0005079 seconds, Stopping threads took: 0.0000163 seconds
56.912: [GC (Allocation Failure)  106125K->653K(446976K), 0.0004606 secs]
56.913: Total time for which application threads were stopped: 0.0005665 seconds, Stopping threads took: 0.0000176 seconds
56.977: [GC (Allocation Failure)  104077K->653K(444928K), 0.0005848 secs]
56.978: Total time for which application threads were stopped: 0.0007139 seconds, Stopping threads took: 0.0000284 seconds
57.047: [GC (Allocation Failure)  102029K->653K(442880K), 0.0005088 secs]
57.047: Total time for which application threads were stopped: 0.0006472 seconds, Stopping threads took: 0.0000261 seconds
57.115: [GC (Allocation Failure)  99981K->621K(440832K), 0.0006615 secs]
57.116: Total time for which application threads were stopped: 0.0008056 seconds, Stopping threads took: 0.0000219 seconds
57.177: [GC (Allocation Failure)  97901K->653K(438784K), 0.0005582 secs]
57.177: Total time for which application threads were stopped: 0.0006962 seconds, Stopping threads took: 0.0000193 seconds
57.237: [GC (Allocation Failure)  95885K->653K(437248K), 0.0005118 secs]
57.238: Total time for which application threads were stopped: 0.0006512 seconds, Stopping threads took: 0.0000226 seconds
57.298: [GC (Allocation Failure)  94349K->653K(435712K), 0.0004022 secs]
57.298: Total time for which application threads were stopped: 0.0005336 seconds, Stopping threads took: 0.0000269 seconds
57.357: [GC (Allocation Failure)  92813K->653K(434176K), 0.0005375 secs]
57.358: Total time for which application threads were stopped: 0.0006876 seconds, Stopping threads took: 0.0000302 seconds
57.417: [GC (Allocation Failure)  91277K->653K(432640K), 0.0005321 secs]
57.418: Total time for which application threads were stopped: 0.0006803 seconds, Stopping threads took: 0.0000214 seconds
57.479: [GC (Allocation Failure)  89741K->685K(431104K), 0.0004978 secs]
57.480: Total time for which application threads were stopped: 0.0006480 seconds, Stopping threads took: 0.0000220 seconds
57.541: [GC (Allocation Failure)  88237K->685K(429568K), 0.0005114 secs]
57.542: Total time for which application threads were stopped: 0.0006423 seconds, Stopping threads took: 0.0000221 seconds
57.596: [GC (Allocation Failure)  86701K->653K(428032K), 0.0006114 secs]
57.596: Total time for which application threads were stopped: 0.0007406 seconds, Stopping threads took: 0.0000190 seconds
57.649: [GC (Allocation Failure)  85133K->653K(426496K), 0.0004832 secs]
57.650: Total time for which application threads were stopped: 0.0006347 seconds, Stopping threads took: 0.0000289 seconds
57.707: [GC (Allocation Failure)  83597K->653K(424960K), 0.0004976 secs]
57.708: Total time for which application threads were stopped: 0.0006458 seconds, Stopping threads took: 0.0000275 seconds
57.759: [GC (Allocation Failure)  82061K->653K(423424K), 0.0004708 secs]
57.760: Total time for which application threads were stopped: 0.0005974 seconds, Stopping threads took: 0.0000195 seconds
57.816: [GC (Allocation Failure)  80525K->653K(422400K), 0.0005125 secs]
57.817: Total time for which application threads were stopped: 0.0006617 seconds, Stopping threads took: 0.0000273 seconds
57.872: [GC (Allocation Failure)  79501K->685K(421376K), 0.0005181 secs]
57.873: Total time for which application threads were stopped: 0.0006633 seconds, Stopping threads took: 0.0000297 seconds
57.922: [GC (Allocation Failure)  78509K->717K(420352K), 0.0006552 secs]
57.922: Total time for which application threads were stopped: 0.0008071 seconds, Stopping threads took: 0.0000216 seconds
57.975: [GC (Allocation Failure)  77517K->685K(419328K), 0.0004938 secs]
57.976: Total time for which application threads were stopped: 0.0006433 seconds, Stopping threads took: 0.0000309 seconds
58.023: [GC (Allocation Failure)  76461K->749K(418304K), 0.0004602 secs]
58.024: Total time for which application threads were stopped: 0.0005878 seconds, Stopping threads took: 0.0000221 seconds
58.074: [GC (Allocation Failure)  75501K->717K(417280K), 0.0004293 secs]
58.075: Total time for which application threads were stopped: 0.0005387 seconds, Stopping threads took: 0.0000170 seconds
58.121: [GC (Allocation Failure)  74445K->685K(416256K), 0.0005170 secs]
58.122: Total time for which application threads were stopped: 0.0006376 seconds, Stopping threads took: 0.0000200 seconds
58.173: [GC (Allocation Failure)  73389K->685K(415232K), 0.0004779 secs]
58.173: Total time for which application threads were stopped: 0.0005979 seconds, Stopping threads took: 0.0000194 seconds
58.218: [GC (Allocation Failure)  72365K->685K(414208K), 0.0005388 secs]
58.218: Total time for which application threads were stopped: 0.0006588 seconds, Stopping threads took: 0.0000203 seconds
58.263: [GC (Allocation Failure)  71341K->685K(413184K), 0.0004959 secs]
58.263: Total time for which application threads were stopped: 0.0006311 seconds, Stopping threads took: 0.0000213 seconds
58.308: [GC (Allocation Failure)  70317K->653K(412160K), 0.0004428 secs]
58.309: Total time for which application threads were stopped: 0.0005762 seconds, Stopping threads took: 0.0000258 seconds
58.355: [GC (Allocation Failure)  69261K->685K(411136K), 0.0005070 secs]
58.356: Total time for which application threads were stopped: 0.0006411 seconds, Stopping threads took: 0.0000216 seconds
58.398: [GC (Allocation Failure)  68269K->685K(410112K), 0.0005411 secs]
58.399: Total time for which application threads were stopped: 0.0006713 seconds, Stopping threads took: 0.0000275 seconds
58.440: [GC (Allocation Failure)  67245K->653K(409088K), 0.0005504 secs]
58.441: Total time for which application threads were stopped: 0.0006915 seconds, Stopping threads took: 0.0000201 seconds
58.486: [GC (Allocation Failure)  66189K->685K(408064K), 0.0005213 secs]
58.487: Total time for which application threads were stopped: 0.0006820 seconds, Stopping threads took: 0.0000298 seconds
58.530: [GC (Allocation Failure)  65197K->653K(407040K), 0.0005249 secs]
58.530: Total time for which application threads were stopped: 0.0006761 seconds, Stopping threads took: 0.0000295 seconds
58.570: [GC (Allocation Failure)  64141K->685K(419840K), 0.0006067 secs]
58.571: Total time for which application threads were stopped: 0.0007326 seconds, Stopping threads took: 0.0000273 seconds
58.618: [GC (Allocation Failure)  76973K->685K(435200K), 0.0005038 secs]
58.619: Total time for which application threads were stopped: 0.0006346 seconds, Stopping threads took: 0.0000210 seconds
58.676: [GC (Allocation Failure)  92333K->621K(433664K), 0.0004858 secs]
58.677: Total time for which application threads were stopped: 0.0006219 seconds, Stopping threads took: 0.0000204 seconds
58.733: [GC (Allocation Failure)  90733K->653K(432128K), 0.0003981 secs]
58.733: Total time for which application threads were stopped: 0.0005435 seconds, Stopping threads took: 0.0000249 seconds
58.791: [GC (Allocation Failure)  89229K->621K(430592K), 0.0004306 secs]
58.791: Total time for which application threads were stopped: 0.0005565 seconds, Stopping threads took: 0.0000272 seconds
58.846: [GC (Allocation Failure)  87661K->685K(429056K), 0.0005430 secs]
58.846: Total time for which application threads were stopped: 0.0006700 seconds, Stopping threads took: 0.0000279 seconds
58.900: [GC (Allocation Failure)  86189K->653K(427520K), 0.0005742 secs]
58.900: Total time for which application threads were stopped: 0.0007153 seconds, Stopping threads took: 0.0000274 seconds
58.953: [GC (Allocation Failure)  84621K->653K(425984K), 0.0004940 secs]
58.953: Total time for which application threads were stopped: 0.0006583 seconds, Stopping threads took: 0.0000300 seconds
59.011: [GC (Allocation Failure)  83085K->717K(424448K), 0.0005838 secs]
59.012: Total time for which application threads were stopped: 0.0007441 seconds, Stopping threads took: 0.0000305 seconds
59.067: [GC (Allocation Failure)  81613K->621K(422912K), 0.0004891 secs]
59.067: Total time for which application threads were stopped: 0.0006219 seconds, Stopping threads took: 0.0000226 seconds
59.122: [GC (Allocation Failure)  79981K->717K(421888K), 0.0006944 secs]
59.123: Total time for which application threads were stopped: 0.0008341 seconds, Stopping threads took: 0.0000212 seconds
59.172: [GC (Allocation Failure)  79053K->749K(437760K), 0.0007776 secs]
59.173: Total time for which application threads were stopped: 0.0009085 seconds, Stopping threads took: 0.0000218 seconds
59.231: [GC (Allocation Failure)  94957K->717K(436224K), 0.0004771 secs]
59.232: Total time for which application threads were stopped: 0.0005931 seconds, Stopping threads took: 0.0000191 seconds
59.290: [GC (Allocation Failure)  93389K->653K(434688K), 0.0006173 secs]
59.291: Total time for which application threads were stopped: 0.0007508 seconds, Stopping threads took: 0.0000259 seconds
59.353: [GC (Allocation Failure)  91789K->653K(433152K), 0.0005278 secs]
59.353: Total time for which application threads were stopped: 0.0006519 seconds, Stopping threads took: 0.0000268 seconds
59.409: [GC (Allocation Failure)  90253K->685K(431616K), 0.0004726 secs]
59.410: Total time for which application threads were stopped: 0.0005888 seconds, Stopping threads took: 0.0000189 seconds
59.467: [GC (Allocation Failure)  88749K->685K(430080K), 0.0006187 secs]
59.468: Total time for which application threads were stopped: 0.0007554 seconds, Stopping threads took: 0.0000195 seconds
59.528: [GC (Allocation Failure)  87213K->685K(428544K), 0.0005753 secs]
59.528: Total time for which application threads were stopped: 0.0007184 seconds, Stopping threads took: 0.0000216 seconds
59.587: [GC (Allocation Failure)  85677K->685K(427008K), 0.0004763 secs]
59.588: Total time for which application threads were stopped: 0.0006099 seconds, Stopping threads took: 0.0000233 seconds
59.643: [GC (Allocation Failure)  84141K->653K(425472K), 0.0005438 secs]
59.644: Total time for which application threads were stopped: 0.0006691 seconds, Stopping threads took: 0.0000274 seconds
59.695: [GC (Allocation Failure)  82573K->685K(423936K), 0.0004783 secs]
59.695: Total time for which application threads were stopped: 0.0006059 seconds, Stopping threads took: 0.0000274 seconds
59.746: [GC (Allocation Failure)  81069K->717K(422400K), 0.0003991 secs]
59.746: Total time for which application threads were stopped: 0.0004960 seconds, Stopping threads took: 0.0000145 seconds
59.800: [GC (Allocation Failure)  79565K->653K(421376K), 0.0004429 secs]
59.800: Total time for which application threads were stopped: 0.0005513 seconds, Stopping threads took: 0.0000244 seconds
59.853: [GC (Allocation Failure)  78477K->621K(420352K), 0.0004168 secs]
59.854: Total time for which application threads were stopped: 0.0005050 seconds, Stopping threads took: 0.0000153 seconds
59.908: [GC (Allocation Failure)  77421K->749K(419328K), 0.0004367 secs]
59.908: Total time for which application threads were stopped: 0.0005420 seconds, Stopping threads took: 0.0000166 seconds
59.959: [GC (Allocation Failure)  76525K->653K(418304K), 0.0005812 secs]
59.959: Total time for which application threads were stopped: 0.0007066 seconds, Stopping threads took: 0.0000276 seconds
60.010: [GC (Allocation Failure)  75405K->685K(417280K), 0.0005175 secs]
60.010: Total time for which application threads were stopped: 0.0006410 seconds, Stopping threads took: 0.0000270 seconds
60.056: [GC (Allocation Failure)  74413K->685K(416256K), 0.0004983 secs]
60.057: Total time for which application threads were stopped: 0.0006176 seconds, Stopping threads took: 0.0000194 seconds
60.102: [GC (Allocation Failure)  73389K->717K(415232K), 0.0004810 secs]
60.103: Total time for which application threads were stopped: 0.0006023 seconds, Stopping threads took: 0.0000265 seconds
60.153: [GC (Allocation Failure)  72397K->653K(414208K), 0.0005237 secs]
60.154: Total time for which application threads were stopped: 0.0006517 seconds, Stopping threads took: 0.0000281 seconds
60.204: [GC (Allocation Failure)  71309K->685K(413184K), 0.0004845 secs]
60.205: Total time for which application threads were stopped: 0.0006121 seconds, Stopping threads took: 0.0000276 seconds
60.248: [GC (Allocation Failure)  70317K->653K(412160K), 0.0004960 secs]
60.249: Total time for which application threads were stopped: 0.0006315 seconds, Stopping threads took: 0.0000274 seconds
60.292: [GC (Allocation Failure)  69261K->749K(411136K), 0.0004706 secs]
60.293: Total time for which application threads were stopped: 0.0005952 seconds, Stopping threads took: 0.0000262 seconds
60.335: [GC (Allocation Failure)  68333K->685K(410112K), 0.0005063 secs]
60.336: Total time for which application threads were stopped: 0.0006318 seconds, Stopping threads took: 0.0000214 seconds
60.377: [GC (Allocation Failure)  67245K->653K(409088K), 0.0005705 secs]
60.378: Total time for which application threads were stopped: 0.0007114 seconds, Stopping threads took: 0.0000270 seconds
60.425: [GC (Allocation Failure)  66189K->621K(422400K), 0.0005810 secs]
60.426: Total time for which application threads were stopped: 0.0007062 seconds, Stopping threads took: 0.0000210 seconds
60.481: [GC (Allocation Failure)  79469K->685K(421376K), 0.0004959 secs]
60.481: Total time for which application threads were stopped: 0.0006251 seconds, Stopping threads took: 0.0000285 seconds
60.530: [GC (Allocation Failure)  78509K->685K(420352K), 0.0005377 secs]
60.531: Total time for which application threads were stopped: 0.0006719 seconds, Stopping threads took: 0.0000194 seconds
60.579: [GC (Allocation Failure)  77485K->653K(435712K), 0.0008476 secs]
60.580: Total time for which application threads were stopped: 0.0009901 seconds, Stopping threads took: 0.0000211 seconds
60.642: [GC (Allocation Failure)  92813K->685K(434176K), 0.0005121 secs]
60.642: Total time for which application threads were stopped: 0.0006479 seconds, Stopping threads took: 0.0000295 seconds
60.703: [GC (Allocation Failure)  91309K->717K(432640K), 0.0005070 secs]
60.703: Total time for which application threads were stopped: 0.0006133 seconds, Stopping threads took: 0.0000168 seconds
60.760: [GC (Allocation Failure)  89805K->653K(431104K), 0.0004252 secs]
60.760: Total time for which application threads were stopped: 0.0005443 seconds, Stopping threads took: 0.0000163 seconds
60.820: [GC (Allocation Failure)  88205K->621K(429568K), 0.0004802 secs]
60.820: Total time for which application threads were stopped: 0.0006020 seconds, Stopping threads took: 0.0000195 seconds
60.880: [GC (Allocation Failure)  86637K->653K(428032K), 0.0005673 secs]
60.881: Total time for which application threads were stopped: 0.0007084 seconds, Stopping threads took: 0.0000216 seconds
60.939: [GC (Allocation Failure)  85133K->685K(426496K), 0.0005025 secs]
60.939: Total time for which application threads were stopped: 0.0006506 seconds, Stopping threads took: 0.0000293 seconds
60.991: [GC (Allocation Failure)  83629K->685K(424960K), 0.0004591 secs]
60.991: Total time for which application threads were stopped: 0.0006034 seconds, Stopping threads took: 0.0000224 seconds
61.042: [GC (Allocation Failure)  82093K->621K(423424K), 0.0006838 secs]
61.043: Total time for which application threads were stopped: 0.0008412 seconds, Stopping threads took: 0.0000304 seconds
61.093: [GC (Allocation Failure)  80493K->717K(422400K), 0.0005121 secs]
61.093: Total time for which application threads were stopped: 0.0006641 seconds, Stopping threads took: 0.0000220 seconds
61.143: [GC (Allocation Failure)  79565K->653K(421376K), 0.0004845 secs]
61.143: Total time for which application threads were stopped: 0.0006257 seconds, Stopping threads took: 0.0000307 seconds
61.198: [GC (Allocation Failure)  78477K->717K(420352K), 0.0004596 secs]
61.198: Total time for which application threads were stopped: 0.0005766 seconds, Stopping threads took: 0.0000189 seconds
61.246: [GC (Allocation Failure)  77517K->653K(419328K), 0.0004769 secs]
61.247: Total time for which application threads were stopped: 0.0005937 seconds, Stopping threads took: 0.0000186 seconds
61.300: [GC (Allocation Failure)  76429K->717K(418304K), 0.0004048 secs]
61.300: Total time for which application threads were stopped: 0.0005384 seconds, Stopping threads took: 0.0000395 seconds
61.347: [GC (Allocation Failure)  75469K->621K(417280K), 0.0005878 secs]
61.348: Total time for which application threads were stopped: 0.0007117 seconds, Stopping threads took: 0.0000267 seconds
61.398: [GC (Allocation Failure)  74349K->621K(416256K), 0.0006515 secs]
61.398: Total time for which application threads were stopped: 0.0007694 seconds, Stopping threads took: 0.0000193 seconds
61.444: [GC (Allocation Failure)  73325K->685K(415232K), 0.0004780 secs]
61.444: Total time for which application threads were stopped: 0.0006022 seconds, Stopping threads took: 0.0000277 seconds
61.496: [GC (Allocation Failure)  72365K->621K(414208K), 0.0006499 secs]
61.496: Total time for which application threads were stopped: 0.0007651 seconds, Stopping threads took: 0.0000187 seconds
61.541: [GC (Allocation Failure)  71277K->653K(413184K), 0.0004470 secs]
61.541: Total time for which application threads were stopped: 0.0005731 seconds, Stopping threads took: 0.0000272 seconds
61.585: [GC (Allocation Failure)  70285K->685K(412160K), 0.0004030 secs]
61.585: Total time for which application threads were stopped: 0.0005102 seconds, Stopping threads took: 0.0000174 seconds
61.628: [GC (Allocation Failure)  69293K->653K(411136K), 0.0004245 secs]
61.628: Total time for which application threads were stopped: 0.0005339 seconds, Stopping threads took: 0.0000172 seconds
61.675: [GC (Allocation Failure)  68237K->653K(410112K), 0.0005519 secs]
61.676: Total time for which application threads were stopped: 0.0006736 seconds, Stopping threads took: 0.0000197 seconds
61.717: [GC (Allocation Failure)  67213K->653K(409088K), 0.0005685 secs]
61.718: Total time for which application threads were stopped: 0.0007056 seconds, Stopping threads took: 0.0000207 seconds
61.761: [GC (Allocation Failure)  66189K->621K(408064K), 0.0004931 secs]
61.761: Total time for which application threads were stopped: 0.0006218 seconds, Stopping threads took: 0.0000285 seconds
61.802: [GC (Allocation Failure)  65133K->717K(407040K), 0.0004612 secs]
61.803: Total time for which application threads were stopped: 0.0005824 seconds, Stopping threads took: 0.0000187 seconds
61.846: [GC (Allocation Failure)  64205K->717K(419840K), 0.0006474 secs]
61.847: Total time for which application threads were stopped: 0.0007751 seconds, Stopping threads took: 0.0000250 seconds
61.900: [GC (Allocation Failure)  77005K->653K(418816K), 0.0005088 secs]
61.900: Total time for which application threads were stopped: 0.0006584 seconds, Stopping threads took: 0.0000280 seconds
61.947: [GC (Allocation Failure)  75917K->685K(434176K), 0.0006581 secs]
61.948: Total time for which application threads were stopped: 0.0008062 seconds, Stopping threads took: 0.0000216 seconds
62.012: [GC (Allocation Failure)  91309K->685K(432640K), 0.0005070 secs]
62.012: Total time for which application threads were stopped: 0.0006333 seconds, Stopping threads took: 0.0000272 seconds
62.068: [GC (Allocation Failure)  89773K->653K(431104K), 0.0005215 secs]
62.068: Total time for which application threads were stopped: 0.0006411 seconds, Stopping threads took: 0.0000191 seconds
62.123: [GC (Allocation Failure)  88205K->685K(429568K), 0.0005467 secs]
62.123: Total time for which application threads were stopped: 0.0006676 seconds, Stopping threads took: 0.0000192 seconds
62.184: [GC (Allocation Failure)  86701K->717K(428032K), 0.0004825 secs]
62.185: Total time for which application threads were stopped: 0.0006325 seconds, Stopping threads took: 0.0000194 seconds
62.237: [GC (Allocation Failure)  85197K->653K(426496K), 0.0004903 secs]
62.238: Total time for which application threads were stopped: 0.0006279 seconds, Stopping threads took: 0.0000191 seconds
62.294: [GC (Allocation Failure)  83597K->685K(424960K), 0.0004573 secs]
62.295: Total time for which application threads were stopped: 0.0005798 seconds, Stopping threads took: 0.0000260 seconds
62.347: [GC (Allocation Failure)  82093K->717K(423424K), 0.0004551 secs]
62.347: Total time for which application threads were stopped: 0.0005917 seconds, Stopping threads took: 0.0000241 seconds
62.402: [GC (Allocation Failure)  80589K->621K(422400K), 0.0006387 secs]
62.403: Total time for which application threads were stopped: 0.0007782 seconds, Stopping threads took: 0.0000287 seconds
62.456: [GC (Allocation Failure)  79469K->653K(421376K), 0.0005057 secs]
62.457: Total time for which application threads were stopped: 0.0006639 seconds, Stopping threads took: 0.0000206 seconds
62.510: [GC (Allocation Failure)  78477K->653K(420352K), 0.0005346 secs]
62.510: Total time for which application threads were stopped: 0.0007222 seconds, Stopping threads took: 0.0000607 seconds
62.561: [GC (Allocation Failure)  77453K->685K(419328K), 0.0005253 secs]
62.562: Total time for which application threads were stopped: 0.0006744 seconds, Stopping threads took: 0.0000287 seconds
62.612: [GC (Allocation Failure)  76461K->653K(418304K), 0.0005642 secs]
62.613: Total time for which application threads were stopped: 0.0007112 seconds, Stopping threads took: 0.0000293 seconds
62.664: [GC (Allocation Failure)  75405K->621K(417280K), 0.0004271 secs]
62.665: Total time for which application threads were stopped: 0.0005346 seconds, Stopping threads took: 0.0000171 seconds
62.711: [GC (Allocation Failure)  74349K->685K(416256K), 0.0004811 secs]
62.712: Total time for which application threads were stopped: 0.0005890 seconds, Stopping threads took: 0.0000168 seconds
62.758: [GC (Allocation Failure)  73389K->653K(415232K), 0.0005089 secs]
62.759: Total time for which application threads were stopped: 0.0006427 seconds, Stopping threads took: 0.0000192 seconds
62.808: [GC (Allocation Failure)  72333K->653K(414208K), 0.0004983 secs]
62.808: Total time for which application threads were stopped: 0.0006249 seconds, Stopping threads took: 0.0000259 seconds
62.853: [GC (Allocation Failure)  71309K->685K(413184K), 0.0004570 secs]
62.853: Total time for which application threads were stopped: 0.0005773 seconds, Stopping threads took: 0.0000190 seconds
62.897: [GC (Allocation Failure)  70317K->653K(412160K), 0.0005985 secs]
62.898: Total time for which application threads were stopped: 0.0007438 seconds, Stopping threads took: 0.0000282 seconds
62.946: [GC (Allocation Failure)  69261K->621K(411136K), 0.0005776 secs]
62.947: Total time for which application threads were stopped: 0.0007266 seconds, Stopping threads took: 0.0000297 seconds
62.989: [GC (Allocation Failure)  68205K->717K(410112K), 0.0005625 secs]
62.989: Total time for which application threads were stopped: 0.0007007 seconds, Stopping threads took: 0.0000216 seconds
63.031: [GC (Allocation Failure)  67277K->685K(423424K), 0.0005357 secs]
63.032: Total time for which application threads were stopped: 0.0006608 seconds, Stopping threads took: 0.0000212 seconds
63.088: [GC (Allocation Failure)  80557K->653K(422400K), 0.0005942 secs]
63.088: Total time for which application threads were stopped: 0.0007122 seconds, Stopping threads took: 0.0000254 seconds
63.145: [GC (Allocation Failure)  79501K->685K(421376K), 0.0005489 secs]
63.145: Total time for which application threads were stopped: 0.0006996 seconds, Stopping threads took: 0.0000295 seconds
63.194: [GC (Allocation Failure)  78509K->685K(420352K), 0.0005275 secs]
63.194: Total time for which application threads were stopped: 0.0006703 seconds, Stopping threads took: 0.0000288 seconds
63.242: [GC (Allocation Failure)  77485K->685K(435712K), 0.0007050 secs]
63.243: Total time for which application threads were stopped: 0.0008434 seconds, Stopping threads took: 0.0000222 seconds
63.301: [GC (Allocation Failure)  92845K->653K(434176K), 0.0004089 secs]
63.302: Total time for which application threads were stopped: 0.0005281 seconds, Stopping threads took: 0.0000261 seconds
63.364: [GC (Allocation Failure)  91277K->653K(432640K), 0.0004615 secs]
63.364: Total time for which application threads were stopped: 0.0005761 seconds, Stopping threads took: 0.0000173 seconds
63.420: [GC (Allocation Failure)  89741K->621K(431104K), 0.0006453 secs]
63.420: Total time for which application threads were stopped: 0.0007811 seconds, Stopping threads took: 0.0000208 seconds
63.481: [GC (Allocation Failure)  88173K->621K(429568K), 0.0006628 secs]
63.482: Total time for which application threads were stopped: 0.0007996 seconds, Stopping threads took: 0.0000216 seconds
63.536: [GC (Allocation Failure)  86637K->653K(428032K), 0.0004560 secs]
63.537: Total time for which application threads were stopped: 0.0005805 seconds, Stopping threads took: 0.0000262 seconds
63.596: [GC (Allocation Failure)  85133K->685K(426496K), 0.0005065 secs]
63.597: Total time for which application threads were stopped: 0.0006351 seconds, Stopping threads took: 0.0000280 seconds
63.649: [GC (Allocation Failure)  83629K->685K(424960K), 0.0005912 secs]
63.649: Total time for which application threads were stopped: 0.0007352 seconds, Stopping threads took: 0.0000277 seconds
63.700: [GC (Allocation Failure)  82093K->685K(423424K), 0.0004709 secs]
63.701: Total time for which application threads were stopped: 0.0006128 seconds, Stopping threads took: 0.0000213 seconds
63.751: [GC (Allocation Failure)  80557K->653K(422400K), 0.0006957 secs]
63.752: Total time for which application threads were stopped: 0.0008013 seconds, Stopping threads took: 0.0000166 seconds
63.806: [GC (Allocation Failure)  79501K->653K(421376K), 0.0004164 secs]
63.807: Total time for which application threads were stopped: 0.0005282 seconds, Stopping threads took: 0.0000254 seconds
63.855: [GC (Allocation Failure)  78477K->621K(420352K), 0.0006194 secs]
63.856: Total time for which application threads were stopped: 0.0007308 seconds, Stopping threads took: 0.0000161 seconds
63.908: [GC (Allocation Failure)  77421K->749K(419328K), 0.0006109 secs]
63.909: Total time for which application threads were stopped: 0.0007500 seconds, Stopping threads took: 0.0000296 seconds
63.959: [GC (Allocation Failure)  76525K->653K(418304K), 0.0005332 secs]
63.960: Total time for which application threads were stopped: 0.0006541 seconds, Stopping threads took: 0.0000170 seconds
64.007: [GC (Allocation Failure)  75405K->653K(417280K), 0.0005008 secs]
64.007: Total time for which application threads were stopped: 0.0006429 seconds, Stopping threads took: 0.0000198 seconds
64.053: [GC (Allocation Failure)  74381K->717K(416256K), 0.0004855 secs]
64.054: Total time for which application threads were stopped: 0.0006236 seconds, Stopping threads took: 0.0000210 seconds
64.099: [GC (Allocation Failure)  73421K->749K(415232K), 0.0005273 secs]
64.100: Total time for which application threads were stopped: 0.0006713 seconds, Stopping threads took: 0.0000228 seconds
64.144: [GC (Allocation Failure)  72429K->749K(414208K), 0.0006330 secs]
64.145: Total time for which application threads were stopped: 0.0007792 seconds, Stopping threads took: 0.0000222 seconds
64.189: [GC (Allocation Failure)  71405K->685K(413184K), 0.0005079 secs]
64.190: Total time for which application threads were stopped: 0.0006530 seconds, Stopping threads took: 0.0000254 seconds
64.233: [GC (Allocation Failure)  70317K->749K(412160K), 0.0005095 secs]
64.234: Total time for which application threads were stopped: 0.0006568 seconds, Stopping threads took: 0.0000264 seconds
64.277: [GC (Allocation Failure)  69357K->621K(425984K), 0.0005769 secs]
64.278: Total time for which application threads were stopped: 0.0007265 seconds, Stopping threads took: 0.0000227 seconds
64.330: [GC (Allocation Failure)  83053K->717K(424448K), 0.0005302 secs]
64.331: Total time for which application threads were stopped: 0.0006676 seconds, Stopping threads took: 0.0000204 seconds
64.381: [GC (Allocation Failure)  81613K->717K(422912K), 0.0004718 secs]
64.382: Total time for which application threads were stopped: 0.0006044 seconds, Stopping threads took: 0.0000288 seconds
64.431: [GC (Allocation Failure)  80077K->685K(421888K), 0.0005154 secs]
64.432: Total time for which application threads were stopped: 0.0006325 seconds, Stopping threads took: 0.0000188 seconds
64.481: [GC (Allocation Failure)  79021K->685K(420864K), 0.0004426 secs]
64.481: Total time for which application threads were stopped: 0.0005699 seconds, Stopping threads took: 0.0000281 seconds
64.536: [GC (Allocation Failure)  77997K->653K(419840K), 0.0004773 secs]
64.537: Total time for which application threads were stopped: 0.0006065 seconds, Stopping threads took: 0.0000280 seconds
64.584: [GC (Allocation Failure)  76941K->653K(418816K), 0.0005456 secs]
64.585: Total time for which application threads were stopped: 0.0006711 seconds, Stopping threads took: 0.0000198 seconds
64.638: [GC (Allocation Failure)  75917K->685K(417792K), 0.0004765 secs]
64.638: Total time for which application threads were stopped: 0.0006030 seconds, Stopping threads took: 0.0000209 seconds
64.685: [GC (Allocation Failure)  74925K->653K(416768K), 0.0006539 secs]
64.686: Total time for which application threads were stopped: 0.0007725 seconds, Stopping threads took: 0.0000191 seconds
64.732: [GC (Allocation Failure)  73869K->717K(431616K), 0.0006869 secs]
64.733: Total time for which application threads were stopped: 0.0008380 seconds, Stopping threads took: 0.0000280 seconds
64.790: [GC (Allocation Failure)  88781K->685K(430080K), 0.0005378 secs]
64.790: Total time for which application threads were stopped: 0.0006468 seconds, Stopping threads took: 0.0000191 seconds
64.846: [GC (Allocation Failure)  87213K->717K(428544K), 0.0004655 secs]
64.846: Total time for which application threads were stopped: 0.0005828 seconds, Stopping threads took: 0.0000188 seconds
64.900: [GC (Allocation Failure)  85709K->621K(427008K), 0.0004338 secs]
64.900: Total time for which application threads were stopped: 0.0005546 seconds, Stopping threads took: 0.0000200 seconds
64.956: [GC (Allocation Failure)  84077K->685K(425472K), 0.0006520 secs]
64.957: Total time for which application threads were stopped: 0.0007752 seconds, Stopping threads took: 0.0000190 seconds
65.008: [GC (Allocation Failure)  82605K->685K(423936K), 0.0004684 secs]
65.009: Total time for which application threads were stopped: 0.0005923 seconds, Stopping threads took: 0.0000273 seconds
65.063: [GC (Allocation Failure)  81069K->749K(422400K), 0.0004690 secs]
65.064: Total time for which application threads were stopped: 0.0006194 seconds, Stopping threads took: 0.0000272 seconds
65.113: [GC (Allocation Failure)  79597K->685K(421376K), 0.0004651 secs]
65.114: Total time for which application threads were stopped: 0.0005894 seconds, Stopping threads took: 0.0000274 seconds
65.162: [GC (Allocation Failure)  78509K->685K(420352K), 0.0004801 secs]
65.163: Total time for which application threads were stopped: 0.0005973 seconds, Stopping threads took: 0.0000187 seconds
65.214: [GC (Allocation Failure)  77485K->653K(419328K), 0.0004651 secs]
65.214: Total time for which application threads were stopped: 0.0005929 seconds, Stopping threads took: 0.0000271 seconds
65.267: [GC (Allocation Failure)  76429K->653K(418304K), 0.0005652 secs]
65.268: Total time for which application threads were stopped: 0.0006872 seconds, Stopping threads took: 0.0000197 seconds
65.315: [GC (Allocation Failure)  75405K->749K(417280K), 0.0004931 secs]
65.316: Total time for which application threads were stopped: 0.0006312 seconds, Stopping threads took: 0.0000267 seconds
65.362: [GC (Allocation Failure)  74477K->653K(416256K), 0.0004520 secs]
65.363: Total time for which application threads were stopped: 0.0005946 seconds, Stopping threads took: 0.0000258 seconds
65.408: [GC (Allocation Failure)  73357K->717K(415232K), 0.0005438 secs]
65.409: Total time for which application threads were stopped: 0.0006981 seconds, Stopping threads took: 0.0000264 seconds
65.460: [GC (Allocation Failure)  72397K->685K(414208K), 0.0005881 secs]
65.461: Total time for which application threads were stopped: 0.0007539 seconds, Stopping threads took: 0.0000225 seconds
65.505: [GC (Allocation Failure)  71341K->653K(413184K), 0.0005706 secs]
65.506: Total time for which application threads were stopped: 0.0007196 seconds, Stopping threads took: 0.0000298 seconds
65.552: [GC (Allocation Failure)  70285K->685K(412160K), 0.0005628 secs]
65.553: Total time for which application threads were stopped: 0.0007025 seconds, Stopping threads took: 0.0000209 seconds
65.596: [GC (Allocation Failure)  69293K->653K(411136K), 0.0005431 secs]
65.597: Total time for which application threads were stopped: 0.0006961 seconds, Stopping threads took: 0.0000214 seconds
65.645: [GC (Allocation Failure)  68237K->685K(410112K), 0.0004544 secs]
65.645: Total time for which application threads were stopped: 0.0005845 seconds, Stopping threads took: 0.0000228 seconds
65.690: [GC (Allocation Failure)  67245K->685K(409088K), 0.0006097 secs]
65.691: Total time for which application threads were stopped: 0.0007328 seconds, Stopping threads took: 0.0000189 seconds
65.738: [GC (Allocation Failure)  66221K->653K(408064K), 0.0004594 secs]
65.739: Total time for which application threads were stopped: 0.0006060 seconds, Stopping threads took: 0.0000248 seconds
65.779: [GC (Allocation Failure)  65165K->685K(407040K), 0.0005605 secs]
65.780: Total time for which application threads were stopped: 0.0006883 seconds, Stopping threads took: 0.0000192 seconds
65.821: [GC (Allocation Failure)  64173K->717K(406016K), 0.0004342 secs]
65.821: Total time for which application threads were stopped: 0.0005554 seconds, Stopping threads took: 0.0000195 seconds
65.866: [GC (Allocation Failure)  63181K->653K(405504K), 0.0004776 secs]
65.867: Total time for which application threads were stopped: 0.0005920 seconds, Stopping threads took: 0.0000194 seconds
65.911: [GC (Allocation Failure)  62605K->621K(404992K), 0.0005814 secs]
65.911: Total time for which application threads were stopped: 0.0007044 seconds, Stopping threads took: 0.0000275 seconds
65.955: [GC (Allocation Failure)  62061K->685K(417280K), 0.0006667 secs]
65.956: Total time for which application threads were stopped: 0.0007858 seconds, Stopping threads took: 0.0000194 seconds
66.002: [GC (Allocation Failure)  74413K->685K(432128K), 0.0004631 secs]
66.002: Total time for which application threads were stopped: 0.0005809 seconds, Stopping threads took: 0.0000194 seconds
66.058: [GC (Allocation Failure)  89261K->653K(430592K), 0.0004936 secs]
66.058: Total time for which application threads were stopped: 0.0006105 seconds, Stopping threads took: 0.0000192 seconds
66.119: [GC (Allocation Failure)  87693K->685K(429056K), 0.0005349 secs]
66.119: Total time for which application threads were stopped: 0.0006595 seconds, Stopping threads took: 0.0000273 seconds
66.173: [GC (Allocation Failure)  86189K->653K(427520K), 0.0005910 secs]
66.173: Total time for which application threads were stopped: 0.0007183 seconds, Stopping threads took: 0.0000277 seconds
66.226: [GC (Allocation Failure)  84621K->653K(425984K), 0.0006641 secs]
66.226: Total time for which application threads were stopped: 0.0007884 seconds, Stopping threads took: 0.0000274 seconds
66.283: [GC (Allocation Failure)  83085K->717K(424448K), 0.0004188 secs]
66.284: Total time for which application threads were stopped: 0.0005360 seconds, Stopping threads took: 0.0000199 seconds
66.335: [GC (Allocation Failure)  81613K->653K(422912K), 0.0004090 secs]
66.335: Total time for which application threads were stopped: 0.0005001 seconds, Stopping threads took: 0.0000161 seconds
66.390: [GC (Allocation Failure)  80013K->653K(421888K), 0.0004061 secs]
66.390: Total time for which application threads were stopped: 0.0005104 seconds, Stopping threads took: 0.0000160 seconds
66.439: [GC (Allocation Failure)  78989K->653K(420864K), 0.0005603 secs]
66.440: Total time for which application threads were stopped: 0.0006890 seconds, Stopping threads took: 0.0000278 seconds
66.488: [GC (Allocation Failure)  77965K->653K(419840K), 0.0004939 secs]
66.489: Total time for which application threads were stopped: 0.0006300 seconds, Stopping threads took: 0.0000199 seconds
66.542: [GC (Allocation Failure)  76941K->653K(418816K), 0.0005698 secs]
66.543: Total time for which application threads were stopped: 0.0007215 seconds, Stopping threads took: 0.0000293 seconds
66.590: [GC (Allocation Failure)  75917K->653K(417792K), 0.0006622 secs]
66.591: Total time for which application threads were stopped: 0.0007844 seconds, Stopping threads took: 0.0000195 seconds
66.642: [GC (Allocation Failure)  74893K->653K(416768K), 0.0005661 secs]
66.643: Total time for which application threads were stopped: 0.0006942 seconds, Stopping threads took: 0.0000273 seconds
66.691: [GC (Allocation Failure)  73869K->717K(415744K), 0.0004687 secs]
66.692: Total time for which application threads were stopped: 0.0006170 seconds, Stopping threads took: 0.0000283 seconds
66.738: [GC (Allocation Failure)  72909K->653K(414720K), 0.0004697 secs]
66.738: Total time for which application threads were stopped: 0.0006020 seconds, Stopping threads took: 0.0000249 seconds
66.785: [GC (Allocation Failure)  71821K->653K(413696K), 0.0006221 secs]
66.786: Total time for which application threads were stopped: 0.0007411 seconds, Stopping threads took: 0.0000197 seconds
66.830: [GC (Allocation Failure)  70797K->717K(412672K), 0.0004442 secs]
66.830: Total time for which application threads were stopped: 0.0005643 seconds, Stopping threads took: 0.0000191 seconds
66.874: [GC (Allocation Failure)  69837K->653K(411648K), 0.0005031 secs]
66.874: Total time for which application threads were stopped: 0.0006487 seconds, Stopping threads took: 0.0000278 seconds
66.917: [GC (Allocation Failure)  68749K->621K(410624K), 0.0005301 secs]
66.917: Total time for which application threads were stopped: 0.0006460 seconds, Stopping threads took: 0.0000267 seconds
66.965: [GC (Allocation Failure)  67693K->653K(409600K), 0.0004527 secs]
66.965: Total time for which application threads were stopped: 0.0005589 seconds, Stopping threads took: 0.0000173 seconds
67.013: [GC (Allocation Failure)  66701K->685K(408576K), 0.0004673 secs]
67.013: Total time for which application threads were stopped: 0.0005953 seconds, Stopping threads took: 0.0000274 seconds
67.054: [GC (Allocation Failure)  65709K->621K(421888K), 0.0006076 secs]
67.055: Total time for which application threads were stopped: 0.0007232 seconds, Stopping threads took: 0.0000188 seconds
67.109: [GC (Allocation Failure)  78957K->685K(420864K), 0.0005538 secs]
67.109: Total time for which application threads were stopped: 0.0006810 seconds, Stopping threads took: 0.0000276 seconds
67.158: [GC (Allocation Failure)  77997K->685K(419840K), 0.0005139 secs]
67.158: Total time for which application threads were stopped: 0.0006412 seconds, Stopping threads took: 0.0000276 seconds
67.206: [GC (Allocation Failure)  76973K->621K(418816K), 0.0005895 secs]
67.207: Total time for which application threads were stopped: 0.0007088 seconds, Stopping threads took: 0.0000199 seconds
67.254: [GC (Allocation Failure)  75885K->621K(417792K), 0.0005408 secs]
67.254: Total time for which application threads were stopped: 0.0006570 seconds, Stopping threads took: 0.0000192 seconds
67.307: [GC (Allocation Failure)  74861K->653K(416768K), 0.0006000 secs]
67.307: Total time for which application threads were stopped: 0.0007383 seconds, Stopping threads took: 0.0000260 seconds
67.357: [GC (Allocation Failure)  73869K->685K(415744K), 0.0005359 secs]
67.358: Total time for which application threads were stopped: 0.0006835 seconds, Stopping threads took: 0.0000297 seconds
67.404: [GC (Allocation Failure)  72877K->653K(414720K), 0.0004877 secs]
67.404: Total time for which application threads were stopped: 0.0006271 seconds, Stopping threads took: 0.0000199 seconds
67.455: [GC (Allocation Failure)  71821K->653K(413696K), 0.0005219 secs]
67.455: Total time for which application threads were stopped: 0.0006674 seconds, Stopping threads took: 0.0000212 seconds
67.507: [GC (Allocation Failure)  70797K->621K(412672K), 0.0006569 secs]
67.508: Total time for which application threads were stopped: 0.0008134 seconds, Stopping threads took: 0.0000225 seconds
67.555: [GC (Allocation Failure)  69741K->685K(426496K), 0.0007264 secs]
67.556: Total time for which application threads were stopped: 0.0008695 seconds, Stopping threads took: 0.0000230 seconds
67.608: [GC (Allocation Failure)  83629K->653K(424960K), 0.0004796 secs]
67.609: Total time for which application threads were stopped: 0.0006081 seconds, Stopping threads took: 0.0000216 seconds
67.665: [GC (Allocation Failure)  82061K->621K(423424K), 0.0006691 secs]
67.666: Total time for which application threads were stopped: 0.0008230 seconds, Stopping threads took: 0.0000303 seconds
67.716: [GC (Allocation Failure)  80493K->653K(422400K), 0.0005504 secs]
67.717: Total time for which application threads were stopped: 0.0006873 seconds, Stopping threads took: 0.0000221 seconds
67.767: [GC (Allocation Failure)  79501K->621K(421376K), 0.0006015 secs]
67.768: Total time for which application threads were stopped: 0.0007276 seconds, Stopping threads took: 0.0000273 seconds
67.818: [GC (Allocation Failure)  78445K->621K(420352K), 0.0004196 secs]
67.818: Total time for which application threads were stopped: 0.0005436 seconds, Stopping threads took: 0.0000194 seconds
67.866: [GC (Allocation Failure)  77421K->685K(435712K), 0.0007014 secs]
67.867: Total time for which application threads were stopped: 0.0008275 seconds, Stopping threads took: 0.0000271 seconds
67.924: [GC (Allocation Failure)  92845K->717K(434176K), 0.0005832 secs]
67.925: Total time for which application threads were stopped: 0.0007179 seconds, Stopping threads took: 0.0000274 seconds
67.981: [GC (Allocation Failure)  91341K->653K(432640K), 0.0005270 secs]
67.982: Total time for which application threads were stopped: 0.0006703 seconds, Stopping threads took: 0.0000214 seconds
68.043: [GC (Allocation Failure)  89741K->685K(431104K), 0.0007564 secs]
68.044: Total time for which application threads were stopped: 0.0008912 seconds, Stopping threads took: 0.0000205 seconds
68.103: [GC (Allocation Failure)  88237K->653K(429568K), 0.0005223 secs]
68.103: Total time for which application threads were stopped: 0.0006603 seconds, Stopping threads took: 0.0000215 seconds
68.157: [GC (Allocation Failure)  86669K->685K(428032K), 0.0004779 secs]
68.158: Total time for which application threads were stopped: 0.0005984 seconds, Stopping threads took: 0.0000197 seconds
68.211: [GC (Allocation Failure)  85165K->685K(426496K), 0.0006627 secs]
68.212: Total time for which application threads were stopped: 0.0007820 seconds, Stopping threads took: 0.0000195 seconds
68.264: [GC (Allocation Failure)  83629K->749K(424960K), 0.0006656 secs]
68.264: Total time for which application threads were stopped: 0.0008108 seconds, Stopping threads took: 0.0000217 seconds
68.323: [GC (Allocation Failure)  82157K->653K(423424K), 0.0004841 secs]
68.323: Total time for which application threads were stopped: 0.0006107 seconds, Stopping threads took: 0.0000268 seconds
68.378: [GC (Allocation Failure)  80525K->653K(422400K), 0.0004909 secs]
68.378: Total time for which application threads were stopped: 0.0006011 seconds, Stopping threads took: 0.0000175 seconds
68.433: [GC (Allocation Failure)  79501K->653K(421376K), 0.0005132 secs]
68.434: Total time for which application threads were stopped: 0.0006406 seconds, Stopping threads took: 0.0000208 seconds
68.489: [GC (Allocation Failure)  78477K->621K(420352K), 0.0005556 secs]
68.489: Total time for which application threads were stopped: 0.0006826 seconds, Stopping threads took: 0.0000209 seconds
68.544: [GC (Allocation Failure)  77421K->685K(419328K), 0.0007266 secs]
68.545: Total time for which application threads were stopped: 0.0008565 seconds, Stopping threads took: 0.0000281 seconds
68.592: [GC (Allocation Failure)  76461K->621K(418304K), 0.0005448 secs]
68.593: Total time for which application threads were stopped: 0.0006716 seconds, Stopping threads took: 0.0000283 seconds
68.640: [GC (Allocation Failure)  75373K->685K(417280K), 0.0004661 secs]
68.640: Total time for which application threads were stopped: 0.0005882 seconds, Stopping threads took: 0.0000191 seconds
68.686: [GC (Allocation Failure)  74413K->685K(416256K), 0.0004663 secs]
68.687: Total time for which application threads were stopped: 0.0005827 seconds, Stopping threads took: 0.0000194 seconds
68.733: [GC (Allocation Failure)  73389K->685K(431104K), 0.0015481 secs]
68.734: Total time for which application threads were stopped: 0.0016792 seconds, Stopping threads took: 0.0000272 seconds
68.790: [GC (Allocation Failure)  88237K->685K(449024K), 0.0005043 secs]
68.790: Total time for which application threads were stopped: 0.0007595 seconds, Stopping threads took: 0.0000185 seconds
68.856: [GC (Allocation Failure)  106157K->653K(470528K), 0.0005008 secs]
68.857: Total time for which application threads were stopped: 0.0006276 seconds, Stopping threads took: 0.0000199 seconds
68.941: [GC (Allocation Failure)  127629K->653K(467456K), 0.0005246 secs]
68.942: Total time for which application threads were stopped: 0.0006479 seconds, Stopping threads took: 0.0000271 seconds
69.025: [GC (Allocation Failure)  124557K->685K(464896K), 0.0004756 secs]
69.026: Total time for which application threads were stopped: 0.0006007 seconds, Stopping threads took: 0.0000270 seconds
69.101: [GC (Allocation Failure)  122029K->685K(462336K), 0.0005050 secs]
69.102: Total time for which application threads were stopped: 0.0006215 seconds, Stopping threads took: 0.0000189 seconds
69.179: [GC (Allocation Failure)  119469K->717K(459776K), 0.0005272 secs]
69.180: Total time for which application threads were stopped: 0.0006462 seconds, Stopping threads took: 0.0000191 seconds
69.252: [GC (Allocation Failure)  116941K->685K(457216K), 0.0004833 secs]
69.253: Total time for which application threads were stopped: 0.0006018 seconds, Stopping threads took: 0.0000192 seconds
69.324: [GC (Allocation Failure)  114349K->685K(454656K), 0.0005100 secs]
69.325: Total time for which application threads were stopped: 0.0006396 seconds, Stopping threads took: 0.0000346 seconds
69.394: [GC (Allocation Failure)  111789K->717K(452096K), 0.0009206 secs]
69.395: Total time for which application threads were stopped: 0.0010410 seconds, Stopping threads took: 0.0000193 seconds
69.462: [GC (Allocation Failure)  109261K->653K(450048K), 0.0004795 secs]
69.463: Total time for which application threads were stopped: 0.0006062 seconds, Stopping threads took: 0.0000256 seconds
69.535: [GC (Allocation Failure)  107149K->653K(448000K), 0.0004978 secs]
69.536: Total time for which application threads were stopped: 0.0006511 seconds, Stopping threads took: 0.0000276 seconds
69.601: [GC (Allocation Failure)  105101K->653K(445952K), 0.0004777 secs]
69.602: Total time for which application threads were stopped: 0.0006090 seconds, Stopping threads took: 0.0000199 seconds
69.666: [GC (Allocation Failure)  103053K->685K(443904K), 0.0005524 secs]
69.667: Total time for which application threads were stopped: 0.0007001 seconds, Stopping threads took: 0.0000302 seconds
69.730: [GC (Allocation Failure)  101037K->685K(464384K), 0.0054073 secs]
69.735: Total time for which application threads were stopped: 0.0055848 seconds, Stopping threads took: 0.0000261 seconds
69.812: [GC (Allocation Failure)  121517K->685K(488960K), 0.0004908 secs]
69.813: Total time for which application threads were stopped: 0.0006158 seconds, Stopping threads took: 0.0000261 seconds
69.903: [GC (Allocation Failure)  146093K->653K(518144K), 0.0005349 secs]
69.903: Total time for which application threads were stopped: 0.0006649 seconds, Stopping threads took: 0.0000197 seconds
70.016: [GC (Allocation Failure)  175245K->685K(553472K), 0.0005568 secs]
70.017: Total time for which application threads were stopped: 0.0006764 seconds, Stopping threads took: 0.0000188 seconds
70.153: [GC (Allocation Failure)  210605K->685K(563200K), 0.0005196 secs]
70.153: Total time for which application threads were stopped: 0.0006461 seconds, Stopping threads took: 0.0000277 seconds
70.295: [GC (Allocation Failure)  220333K->653K(556544K), 0.0004829 secs]
70.295: Total time for which application threads were stopped: 0.0006127 seconds, Stopping threads took: 0.0000264 seconds
70.427: [GC (Allocation Failure)  213645K->653K(550400K), 0.0004661 secs]
70.428: Total time for which application threads were stopped: 0.0005976 seconds, Stopping threads took: 0.0000193 seconds
70.562: [GC (Allocation Failure)  207501K->621K(544256K), 0.0004702 secs]
70.562: Total time for which application threads were stopped: 0.0005912 seconds, Stopping threads took: 0.0000194 seconds
70.693: [GC (Allocation Failure)  201325K->653K(538624K), 0.0004476 secs]
70.693: Total time for which application threads were stopped: 0.0005600 seconds, Stopping threads took: 0.0000190 seconds
70.816: [GC (Allocation Failure)  195725K->717K(532992K), 0.0005177 secs]
70.817: Total time for which application threads were stopped: 0.0006476 seconds, Stopping threads took: 0.0000196 seconds
70.936: [GC (Allocation Failure)  190157K->685K(527360K), 0.0004451 secs]
70.936: Total time for which application threads were stopped: 0.0005725 seconds, Stopping threads took: 0.0000275 seconds
71.051: [GC (Allocation Failure)  184493K->685K(522240K), 0.0004589 secs]
71.051: Total time for which application threads were stopped: 0.0005843 seconds, Stopping threads took: 0.0000205 seconds
71.163: [GC (Allocation Failure)  179373K->749K(517120K), 0.0004882 secs]
71.163: Total time for which application threads were stopped: 0.0006079 seconds, Stopping threads took: 0.0000192 seconds
71.272: [GC (Allocation Failure)  174317K->653K(512512K), 0.0005145 secs]
71.272: Total time for which application threads were stopped: 0.0006378 seconds, Stopping threads took: 0.0000268 seconds
71.383: [GC (Allocation Failure)  169613K->685K(507904K), 0.0004877 secs]
71.383: Total time for which application threads were stopped: 0.0006422 seconds, Stopping threads took: 0.0000271 seconds
71.490: [GC (Allocation Failure)  165037K->653K(503808K), 0.0005510 secs]
71.491: Total time for which application threads were stopped: 0.0006598 seconds, Stopping threads took: 0.0000168 seconds
71.590: [GC (Allocation Failure)  160909K->685K(499712K), 0.0004986 secs]
71.590: Total time for which application threads were stopped: 0.0006165 seconds, Stopping threads took: 0.0000204 seconds
71.693: [GC (Allocation Failure)  156845K->685K(495616K), 0.0005892 secs]
71.694: Total time for which application threads were stopped: 0.0006973 seconds, Stopping threads took: 0.0000167 seconds
71.790: [GC (Allocation Failure)  152749K->685K(491520K), 0.0007317 secs]
71.791: Total time for which application threads were stopped: 0.0008453 seconds, Stopping threads took: 0.0000174 seconds
71.886: [GC (Allocation Failure)  148653K->653K(487936K), 0.0003841 secs]
71.886: Total time for which application threads were stopped: 0.0005184 seconds, Stopping threads took: 0.0000275 seconds
71.981: [GC (Allocation Failure)  145037K->653K(484352K), 0.0004522 secs]
71.982: Total time for which application threads were stopped: 0.0005668 seconds, Stopping threads took: 0.0000183 seconds
72.075: [GC (Allocation Failure)  141453K->653K(480768K), 0.0005461 secs]
72.076: Total time for which application threads were stopped: 0.0006555 seconds, Stopping threads took: 0.0000168 seconds
72.162: [GC (Allocation Failure)  137869K->685K(477696K), 0.0004869 secs]
72.162: Total time for which application threads were stopped: 0.0006133 seconds, Stopping threads took: 0.0000275 seconds
72.246: [GC (Allocation Failure)  134829K->653K(474624K), 0.0005645 secs]
72.246: Total time for which application threads were stopped: 0.0006843 seconds, Stopping threads took: 0.0000190 seconds
72.334: [GC (Allocation Failure)  131725K->685K(471552K), 0.0004904 secs]
72.334: Total time for which application threads were stopped: 0.0006224 seconds, Stopping threads took: 0.0000272 seconds
72.420: [GC (Allocation Failure)  128685K->685K(468480K), 0.0004498 secs]
72.420: Total time for which application threads were stopped: 0.0005669 seconds, Stopping threads took: 0.0000191 seconds
72.504: [GC (Allocation Failure)  125613K->621K(465408K), 0.0005115 secs]
72.504: Total time for which application threads were stopped: 0.0006308 seconds, Stopping threads took: 0.0000194 seconds
72.586: [GC (Allocation Failure)  122477K->621K(462848K), 0.0004263 secs]
72.586: Total time for which application threads were stopped: 0.0005469 seconds, Stopping threads took: 0.0000206 seconds
72.666: [GC (Allocation Failure)  119917K->653K(460288K), 0.0004228 secs]
72.666: Total time for which application threads were stopped: 0.0005271 seconds, Stopping threads took: 0.0000168 seconds
72.745: [GC (Allocation Failure)  117389K->621K(457728K), 0.0004400 secs]
72.746: Total time for which application threads were stopped: 0.0005435 seconds, Stopping threads took: 0.0000135 seconds
72.822: [GC (Allocation Failure)  114797K->653K(455168K), 0.0004668 secs]
72.823: Total time for which application threads were stopped: 0.0005882 seconds, Stopping threads took: 0.0000199 seconds
72.897: [GC (Allocation Failure)  112269K->653K(452608K), 0.0005163 secs]
72.897: Total time for which application threads were stopped: 0.0006469 seconds, Stopping threads took: 0.0000211 seconds
72.969: [GC (Allocation Failure)  109709K->653K(450560K), 0.0004557 secs]
72.970: Total time for which application threads were stopped: 0.0005704 seconds, Stopping threads took: 0.0000192 seconds
73.042: [GC (Allocation Failure)  107661K->621K(448512K), 0.0004020 secs]
73.043: Total time for which application threads were stopped: 0.0005068 seconds, Stopping threads took: 0.0000173 seconds
73.108: [GC (Allocation Failure)  105581K->685K(446464K), 0.0005768 secs]
73.109: Total time for which application threads were stopped: 0.0006868 seconds, Stopping threads took: 0.0000172 seconds
73.179: [GC (Allocation Failure)  103597K->685K(444416K), 0.0005511 secs]
73.179: Total time for which application threads were stopped: 0.0006787 seconds, Stopping threads took: 0.0000277 seconds
73.242: [GC (Allocation Failure)  101549K->685K(442368K), 0.0005709 secs]
73.243: Total time for which application threads were stopped: 0.0006995 seconds, Stopping threads took: 0.0000198 seconds
73.305: [GC (Allocation Failure)  99501K->653K(440320K), 0.0004139 secs]
73.305: Total time for which application threads were stopped: 0.0005307 seconds, Stopping threads took: 0.0000269 seconds
73.366: [GC (Allocation Failure)  97421K->685K(438272K), 0.0004847 secs]
73.367: Total time for which application threads were stopped: 0.0006490 seconds, Stopping threads took: 0.0000199 seconds
73.426: [GC (Allocation Failure)  95405K->685K(436736K), 0.0004921 secs]
73.427: Total time for which application threads were stopped: 0.0006390 seconds, Stopping threads took: 0.0000295 seconds
73.485: [GC (Allocation Failure)  93869K->685K(435200K), 0.0005710 secs]
73.485: Total time for which application threads were stopped: 0.0007120 seconds, Stopping threads took: 0.0000214 seconds
73.542: [GC (Allocation Failure)  92333K->685K(433664K), 0.0005531 secs]
73.543: Total time for which application threads were stopped: 0.0007145 seconds, Stopping threads took: 0.0000303 seconds
73.605: [GC (Allocation Failure)  90797K->749K(432128K), 0.0005264 secs]
73.606: Total time for which application threads were stopped: 0.0006574 seconds, Stopping threads took: 0.0000196 seconds
73.661: [GC (Allocation Failure)  89325K->621K(430592K), 0.0005752 secs]
73.662: Total time for which application threads were stopped: 0.0007218 seconds, Stopping threads took: 0.0000279 seconds
73.721: [GC (Allocation Failure)  87661K->653K(429056K), 0.0005212 secs]
73.722: Total time for which application threads were stopped: 0.0006631 seconds, Stopping threads took: 0.0000205 seconds
73.780: [GC (Allocation Failure)  86157K->621K(427520K), 0.0004613 secs]
73.780: Total time for which application threads were stopped: 0.0005694 seconds, Stopping threads took: 0.0000168 seconds
73.834: [GC (Allocation Failure)  84589K->685K(425984K), 0.0004226 secs]
73.834: Total time for which application threads were stopped: 0.0005492 seconds, Stopping threads took: 0.0000259 seconds
73.890: [GC (Allocation Failure)  83117K->621K(424448K), 0.0005309 secs]
73.891: Total time for which application threads were stopped: 0.0006578 seconds, Stopping threads took: 0.0000219 seconds
73.946: [GC (Allocation Failure)  81517K->621K(422912K), 0.0004708 secs]
73.947: Total time for which application threads were stopped: 0.0006011 seconds, Stopping threads took: 0.0000212 seconds
73.997: [GC (Allocation Failure)  79981K->653K(421888K), 0.0005799 secs]
73.997: Total time for which application threads were stopped: 0.0007224 seconds, Stopping threads took: 0.0000213 seconds
74.046: [GC (Allocation Failure)  78989K->621K(420864K), 0.0004937 secs]
74.047: Total time for which application threads were stopped: 0.0006305 seconds, Stopping threads took: 0.0000208 seconds
74.096: [GC (Allocation Failure)  77933K->685K(419840K), 0.0005323 secs]
74.096: Total time for which application threads were stopped: 0.0006706 seconds, Stopping threads took: 0.0000221 seconds
74.144: [GC (Allocation Failure)  76973K->685K(418816K), 0.0005049 secs]
74.145: Total time for which application threads were stopped: 0.0006580 seconds, Stopping threads took: 0.0000295 seconds
74.192: [GC (Allocation Failure)  75949K->685K(417792K), 0.0005091 secs]
74.193: Total time for which application threads were stopped: 0.0006609 seconds, Stopping threads took: 0.0000299 seconds
74.239: [GC (Allocation Failure)  74925K->685K(416768K), 0.0005338 secs]
74.240: Total time for which application threads were stopped: 0.0006852 seconds, Stopping threads took: 0.0000221 seconds
74.289: [GC (Allocation Failure)  73901K->621K(415744K), 0.0005688 secs]
74.290: Total time for which application threads were stopped: 0.0007003 seconds, Stopping threads took: 0.0000221 seconds
74.340: [GC (Allocation Failure)  72813K->653K(414720K), 0.0003898 secs]
74.341: Total time for which application threads were stopped: 0.0005235 seconds, Stopping threads took: 0.0000275 seconds
74.385: [GC (Allocation Failure)  71821K->621K(413696K), 0.0005045 secs]
74.386: Total time for which application threads were stopped: 0.0006358 seconds, Stopping threads took: 0.0000197 seconds
74.430: [GC (Allocation Failure)  70765K->685K(412672K), 0.0005114 secs]
74.430: Total time for which application threads were stopped: 0.0006352 seconds, Stopping threads took: 0.0000272 seconds
74.479: [GC (Allocation Failure)  69805K->653K(411648K), 0.0005262 secs]
74.480: Total time for which application threads were stopped: 0.0006691 seconds, Stopping threads took: 0.0000168 seconds
74.523: [GC (Allocation Failure)  68749K->685K(410624K), 0.0004757 secs]
74.523: Total time for which application threads were stopped: 0.0005953 seconds, Stopping threads took: 0.0000198 seconds
74.566: [GC (Allocation Failure)  67757K->621K(424448K), 0.0006771 secs]
74.566: Total time for which application threads were stopped: 0.0008215 seconds, Stopping threads took: 0.0000206 seconds
74.617: [GC (Allocation Failure)  81517K->685K(440832K), 0.0005859 secs]
74.618: Total time for which application threads were stopped: 0.0007237 seconds, Stopping threads took: 0.0000216 seconds
74.679: [GC (Allocation Failure)  97965K->653K(438784K), 0.0005812 secs]
74.679: Total time for which application threads were stopped: 0.0007273 seconds, Stopping threads took: 0.0000211 seconds
74.740: [GC (Allocation Failure)  95885K->717K(458240K), 0.0007803 secs]
74.741: Total time for which application threads were stopped: 0.0009131 seconds, Stopping threads took: 0.0000248 seconds
74.813: [GC (Allocation Failure)  115405K->653K(455680K), 0.0004064 secs]
74.814: Total time for which application threads were stopped: 0.0005291 seconds, Stopping threads took: 0.0000260 seconds
74.884: [GC (Allocation Failure)  112781K->685K(453120K), 0.0005854 secs]
74.885: Total time for which application threads were stopped: 0.0007270 seconds, Stopping threads took: 0.0000277 seconds
74.953: [GC (Allocation Failure)  110253K->717K(451072K), 0.0004830 secs]
74.954: Total time for which application threads were stopped: 0.0006170 seconds, Stopping threads took: 0.0000288 seconds
75.024: [GC (Allocation Failure)  108237K->717K(449024K), 0.0004706 secs]
75.025: Total time for which application threads were stopped: 0.0005980 seconds, Stopping threads took: 0.0000272 seconds
75.090: [GC (Allocation Failure)  106189K->653K(446976K), 0.0004848 secs]
75.091: Total time for which application threads were stopped: 0.0006088 seconds, Stopping threads took: 0.0000202 seconds
75.155: [GC (Allocation Failure)  104077K->653K(444928K), 0.0006347 secs]
75.156: Total time for which application threads were stopped: 0.0007779 seconds, Stopping threads took: 0.0000228 seconds
75.219: [GC (Allocation Failure)  102029K->685K(442880K), 0.0004678 secs]
75.219: Total time for which application threads were stopped: 0.0006017 seconds, Stopping threads took: 0.0000198 seconds
75.281: [GC (Allocation Failure)  100013K->717K(440832K), 0.0006536 secs]
75.282: Total time for which application threads were stopped: 0.0008010 seconds, Stopping threads took: 0.0000220 seconds
