Java HotSpot(TM) 64-Bit Server VM (25.171-b11) for linux-amd64 JRE (1.8.0_171-b11), built on Mar 28 2018 17:07:08 by "java_re" with gcc 4.3.0 20080428 (Red Hat 4.3.0-8)
Memory: 4k page, physical 32883000k(29632760k free), swap 8000508k(8000508k free)
CommandLine flags: -XX:InitialHeapSize=526128000 -XX:MaxHeapSize=8418048000 -XX:+PrintGC -XX:+PrintGCApplicationStoppedTime -XX:+PrintGCTimeStamps -XX:+UseCompressedClassPointers -XX:+UseCompressedOops -XX:+UseParallelGC 
0.385: [GC (Allocation Failure)  129024K->2381K(493056K), 0.0019098 secs]
0.387: Total time for which application threads were stopped: 0.0020971 seconds, Stopping threads took: 0.0000237 seconds
0.475: [GC (Allocation Failure)  131405K->608K(493056K), 0.0010881 secs]
0.476: Total time for which application threads were stopped: 0.0012147 seconds, Stopping threads took: 0.0000224 seconds
0.560: [GC (Allocation Failure)  129632K->576K(493056K), 0.0010355 secs]
0.561: Total time for which application threads were stopped: 0.0011768 seconds, Stopping threads took: 0.0000212 seconds
0.646: [GC (Allocation Failure)  129600K->680K(493056K), 0.0009053 secs]
0.647: Total time for which application threads were stopped: 0.0010165 seconds, Stopping threads took: 0.0000302 seconds
0.729: [GC (Allocation Failure)  129704K->688K(470016K), 0.0010297 secs]
0.730: Total time for which application threads were stopped: 0.0011610 seconds, Stopping threads took: 0.0000266 seconds
0.809: [GC (Allocation Failure)  126640K->696K(491008K), 0.0012993 secs]
0.810: Total time for which application threads were stopped: 0.0014198 seconds, Stopping threads took: 0.0000208 seconds
0.911: [GC (Allocation Failure)  146104K->601K(485376K), 0.0010836 secs]
0.912: Total time for which application threads were stopped: 0.0012110 seconds, Stopping threads took: 0.0000274 seconds
1.002: [GC (Allocation Failure)  142425K->633K(481792K), 0.0006877 secs]
1.003: Total time for which application threads were stopped: 0.0008145 seconds, Stopping threads took: 0.0000315 seconds
1.093: [GC (Allocation Failure)  138873K->665K(480768K), 0.0007933 secs]
1.094: Total time for which application threads were stopped: 0.0009082 seconds, Stopping threads took: 0.0000320 seconds
1.183: [GC (Allocation Failure)  135833K->665K(475648K), 0.0005347 secs]
1.183: Total time for which application threads were stopped: 0.0006707 seconds, Stopping threads took: 0.0000333 seconds
1.269: [GC (Allocation Failure)  132761K->633K(474112K), 0.0004452 secs]
1.269: Total time for which application threads were stopped: 0.0005704 seconds, Stopping threads took: 0.0000299 seconds
1.350: [GC (Allocation Failure)  129657K->633K(469504K), 0.0005687 secs]
1.351: Total time for which application threads were stopped: 0.0006911 seconds, Stopping threads took: 0.0000292 seconds
1.432: [GC (Allocation Failure)  126585K->633K(467968K), 0.0004126 secs]
1.432: Total time for which application threads were stopped: 0.0005215 seconds, Stopping threads took: 0.0000180 seconds
1.510: [GC (Allocation Failure)  123513K->665K(463872K), 0.0005846 secs]
1.511: Total time for which application threads were stopped: 0.0007137 seconds, Stopping threads took: 0.0000253 seconds
1.591: [GC (Allocation Failure)  120985K->665K(462848K), 0.0004700 secs]
1.591: Total time for which application threads were stopped: 0.0005860 seconds, Stopping threads took: 0.0000200 seconds
1.665: [GC (Allocation Failure)  118425K->729K(458752K), 0.0006841 secs]
1.666: Total time for which application threads were stopped: 0.0008152 seconds, Stopping threads took: 0.0000329 seconds
1.738: [GC (Allocation Failure)  115929K->569K(457728K), 0.0004258 secs]
1.738: Total time for which application threads were stopped: 0.0005458 seconds, Stopping threads took: 0.0000272 seconds
1.814: [GC (Allocation Failure)  113209K->633K(453632K), 0.0004571 secs]
1.815: Total time for which application threads were stopped: 0.0005610 seconds, Stopping threads took: 0.0000170 seconds
1.883: [GC (Allocation Failure)  110713K->633K(452608K), 0.0005700 secs]
1.884: Total time for which application threads were stopped: 0.0007027 seconds, Stopping threads took: 0.0000208 seconds
1.952: [GC (Allocation Failure)  108665K->665K(449536K), 0.0006428 secs]
1.952: Total time for which application threads were stopped: 0.0007737 seconds, Stopping threads took: 0.0000195 seconds
2.019: [GC (Allocation Failure)  106649K->697K(448512K), 0.0004533 secs]
2.019: Total time for which application threads were stopped: 0.0005797 seconds, Stopping threads took: 0.0000268 seconds
2.089: [GC (Allocation Failure)  104633K->633K(445440K), 0.0006180 secs]
2.090: Total time for which application threads were stopped: 0.0007580 seconds, Stopping threads took: 0.0000211 seconds
2.160: [GC (Allocation Failure)  102521K->601K(444416K), 0.0004823 secs]
2.160: Total time for which application threads were stopped: 0.0006058 seconds, Stopping threads took: 0.0000197 seconds
2.223: [GC (Allocation Failure)  100441K->601K(441344K), 0.0005670 secs]
2.223: Total time for which application threads were stopped: 0.0007084 seconds, Stopping threads took: 0.0000295 seconds
2.284: [GC (Allocation Failure)  98393K->665K(440320K), 0.0006486 secs]
2.285: Total time for which application threads were stopped: 0.0007704 seconds, Stopping threads took: 0.0000272 seconds
2.345: [GC (Allocation Failure)  96409K->633K(437760K), 0.0007312 secs]
2.346: Total time for which application threads were stopped: 0.0008484 seconds, Stopping threads took: 0.0000195 seconds
2.405: [GC (Allocation Failure)  94841K->601K(436736K), 0.0005682 secs]
2.406: Total time for which application threads were stopped: 0.0006774 seconds, Stopping threads took: 0.0000258 seconds
2.466: [GC (Allocation Failure)  93273K->665K(434688K), 0.0005066 secs]
2.467: Total time for which application threads were stopped: 0.0006267 seconds, Stopping threads took: 0.0000254 seconds
2.524: [GC (Allocation Failure)  91801K->633K(433664K), 0.0005271 secs]
2.525: Total time for which application threads were stopped: 0.0006396 seconds, Stopping threads took: 0.0000246 seconds
2.581: [GC (Allocation Failure)  90233K->697K(431616K), 0.0006802 secs]
2.582: Total time for which application threads were stopped: 0.0007945 seconds, Stopping threads took: 0.0000191 seconds
2.637: [GC (Allocation Failure)  88761K->633K(430592K), 0.0004553 secs]
2.638: Total time for which application threads were stopped: 0.0005693 seconds, Stopping threads took: 0.0000201 seconds
2.695: [GC (Allocation Failure)  87161K->633K(428544K), 0.0006357 secs]
2.695: Total time for which application threads were stopped: 0.0007400 seconds, Stopping threads took: 0.0000241 seconds
2.749: [GC (Allocation Failure)  85625K->665K(427520K), 0.0004793 secs]
2.750: Total time for which application threads were stopped: 0.0005941 seconds, Stopping threads took: 0.0000206 seconds
2.802: [GC (Allocation Failure)  84121K->601K(425472K), 0.0006036 secs]
2.803: Total time for which application threads were stopped: 0.0007204 seconds, Stopping threads took: 0.0000200 seconds
2.859: [GC (Allocation Failure)  82521K->697K(424448K), 0.0005292 secs]
2.860: Total time for which application threads were stopped: 0.0006692 seconds, Stopping threads took: 0.0000287 seconds
2.910: [GC (Allocation Failure)  81081K->601K(422400K), 0.0007072 secs]
2.911: Total time for which application threads were stopped: 0.0008593 seconds, Stopping threads took: 0.0000296 seconds
2.965: [GC (Allocation Failure)  79449K->633K(421376K), 0.0004439 secs]
2.965: Total time for which application threads were stopped: 0.0005628 seconds, Stopping threads took: 0.0000254 seconds
3.014: [GC (Allocation Failure)  78457K->665K(420352K), 0.0005956 secs]
3.015: Total time for which application threads were stopped: 0.0007225 seconds, Stopping threads took: 0.0000273 seconds
3.069: [GC (Allocation Failure)  77465K->713K(419328K), 0.0005195 secs]
3.070: Total time for which application threads were stopped: 0.0006622 seconds, Stopping threads took: 0.0000224 seconds
3.123: [GC (Allocation Failure)  76489K->681K(418304K), 0.0005071 secs]
3.123: Total time for which application threads were stopped: 0.0006536 seconds, Stopping threads took: 0.0000300 seconds
3.170: [GC (Allocation Failure)  75433K->649K(435200K), 0.0008381 secs]
3.171: Total time for which application threads were stopped: 0.0009755 seconds, Stopping threads took: 0.0000215 seconds
3.228: [GC (Allocation Failure)  92297K->713K(433664K), 0.0004654 secs]
3.229: Total time for which application threads were stopped: 0.0005847 seconds, Stopping threads took: 0.0000199 seconds
3.285: [GC (Allocation Failure)  90825K->649K(432128K), 0.0005255 secs]
3.286: Total time for which application threads were stopped: 0.0006547 seconds, Stopping threads took: 0.0000202 seconds
3.344: [GC (Allocation Failure)  89225K->649K(430592K), 0.0004520 secs]
3.344: Total time for which application threads were stopped: 0.0005744 seconds, Stopping threads took: 0.0000205 seconds
3.399: [GC (Allocation Failure)  87689K->681K(429056K), 0.0004708 secs]
3.400: Total time for which application threads were stopped: 0.0005865 seconds, Stopping threads took: 0.0000248 seconds
3.455: [GC (Allocation Failure)  86185K->681K(427520K), 0.0004813 secs]
3.455: Total time for which application threads were stopped: 0.0006054 seconds, Stopping threads took: 0.0000270 seconds
3.508: [GC (Allocation Failure)  84649K->649K(425984K), 0.0004663 secs]
3.509: Total time for which application threads were stopped: 0.0006132 seconds, Stopping threads took: 0.0000273 seconds
3.560: [GC (Allocation Failure)  83081K->617K(424448K), 0.0005410 secs]
3.561: Total time for which application threads were stopped: 0.0006572 seconds, Stopping threads took: 0.0000190 seconds
3.611: [GC (Allocation Failure)  81513K->649K(422912K), 0.0004401 secs]
3.612: Total time for which application threads were stopped: 0.0005676 seconds, Stopping threads took: 0.0000268 seconds
3.668: [GC (Allocation Failure)  80009K->649K(421888K), 0.0004471 secs]
3.668: Total time for which application threads were stopped: 0.0005472 seconds, Stopping threads took: 0.0000165 seconds
3.717: [GC (Allocation Failure)  78985K->681K(420864K), 0.0004715 secs]
3.718: Total time for which application threads were stopped: 0.0005879 seconds, Stopping threads took: 0.0000196 seconds
3.766: [GC (Allocation Failure)  77993K->617K(419840K), 0.0006132 secs]
3.767: Total time for which application threads were stopped: 0.0007355 seconds, Stopping threads took: 0.0000264 seconds
3.814: [GC (Allocation Failure)  76905K->681K(418816K), 0.0006012 secs]
3.815: Total time for which application threads were stopped: 0.0007470 seconds, Stopping threads took: 0.0000286 seconds
3.862: [GC (Allocation Failure)  75945K->681K(417792K), 0.0004794 secs]
3.863: Total time for which application threads were stopped: 0.0006069 seconds, Stopping threads took: 0.0000217 seconds
3.914: [GC (Allocation Failure)  74921K->681K(416768K), 0.0004608 secs]
3.914: Total time for which application threads were stopped: 0.0006005 seconds, Stopping threads took: 0.0000273 seconds
3.966: [GC (Allocation Failure)  73897K->713K(415744K), 0.0004561 secs]
3.966: Total time for which application threads were stopped: 0.0005829 seconds, Stopping threads took: 0.0000206 seconds
4.012: [GC (Allocation Failure)  72905K->649K(414720K), 0.0005075 secs]
4.013: Total time for which application threads were stopped: 0.0006270 seconds, Stopping threads took: 0.0000197 seconds
4.060: Total time for which application threads were stopped: 0.0001371 seconds, Stopping threads took: 0.0000483 seconds
4.061: [GC (Allocation Failure)  71817K->681K(413696K), 0.0004983 secs]
4.062: Total time for which application threads were stopped: 0.0006035 seconds, Stopping threads took: 0.0000093 seconds
4.106: [GC (Allocation Failure)  70825K->745K(412672K), 0.0005141 secs]
4.106: Total time for which application threads were stopped: 0.0006500 seconds, Stopping threads took: 0.0000212 seconds
4.154: [GC (Allocation Failure)  69865K->649K(411648K), 0.0005630 secs]
4.155: Total time for which application threads were stopped: 0.0007102 seconds, Stopping threads took: 0.0000293 seconds
4.202: [GC (Allocation Failure)  68745K->649K(410624K), 0.0006450 secs]
4.203: Total time for which application threads were stopped: 0.0007804 seconds, Stopping threads took: 0.0000216 seconds
4.252: [GC (Allocation Failure)  67721K->713K(409600K), 0.0004842 secs]
4.252: Total time for which application threads were stopped: 0.0006247 seconds, Stopping threads took: 0.0000378 seconds
4.294: [GC (Allocation Failure)  66761K->617K(422912K), 0.0006500 secs]
4.294: Total time for which application threads were stopped: 0.0007673 seconds, Stopping threads took: 0.0000196 seconds
4.348: [GC (Allocation Failure)  79977K->649K(421888K), 0.0005375 secs]
4.348: Total time for which application threads were stopped: 0.0006534 seconds, Stopping threads took: 0.0000190 seconds
4.398: [GC (Allocation Failure)  78985K->649K(420864K), 0.0004970 secs]
4.398: Total time for which application threads were stopped: 0.0006200 seconds, Stopping threads took: 0.0000272 seconds
4.448: [GC (Allocation Failure)  77961K->617K(419840K), 0.0004735 secs]
4.448: Total time for which application threads were stopped: 0.0005956 seconds, Stopping threads took: 0.0000189 seconds
4.496: [GC (Allocation Failure)  76905K->649K(418816K), 0.0004430 secs]
4.497: Total time for which application threads were stopped: 0.0005659 seconds, Stopping threads took: 0.0000276 seconds
4.547: [GC (Allocation Failure)  75913K->649K(417792K), 0.0005794 secs]
4.548: Total time for which application threads were stopped: 0.0006899 seconds, Stopping threads took: 0.0000190 seconds
4.594: [GC (Allocation Failure)  74889K->649K(416768K), 0.0004673 secs]
4.595: Total time for which application threads were stopped: 0.0005926 seconds, Stopping threads took: 0.0000276 seconds
4.641: [GC (Allocation Failure)  73865K->649K(415744K), 0.0005117 secs]
4.641: Total time for which application threads were stopped: 0.0006343 seconds, Stopping threads took: 0.0000275 seconds
4.691: [GC (Allocation Failure)  72841K->617K(414720K), 0.0004518 secs]
4.691: Total time for which application threads were stopped: 0.0005596 seconds, Stopping threads took: 0.0000168 seconds
4.736: [GC (Allocation Failure)  71785K->713K(413696K), 0.0005317 secs]
4.736: Total time for which application threads were stopped: 0.0006481 seconds, Stopping threads took: 0.0000167 seconds
4.780: [GC (Allocation Failure)  70857K->681K(412672K), 0.0004922 secs]
4.781: Total time for which application threads were stopped: 0.0006115 seconds, Stopping threads took: 0.0000199 seconds
4.824: [GC (Allocation Failure)  69801K->681K(411648K), 0.0004902 secs]
4.825: Total time for which application threads were stopped: 0.0006090 seconds, Stopping threads took: 0.0000202 seconds
4.874: [GC (Allocation Failure)  68777K->617K(410624K), 0.0005731 secs]
4.874: Total time for which application threads were stopped: 0.0006877 seconds, Stopping threads took: 0.0000193 seconds
4.923: [GC (Allocation Failure)  67689K->745K(409600K), 0.0005093 secs]
4.923: Total time for which application threads were stopped: 0.0006423 seconds, Stopping threads took: 0.0000211 seconds
4.965: [GC (Allocation Failure)  66793K->617K(422912K), 0.0007523 secs]
4.965: Total time for which application threads were stopped: 0.0008959 seconds, Stopping threads took: 0.0000297 seconds
5.019: [GC (Allocation Failure)  79977K->649K(421888K), 0.0004559 secs]
5.020: Total time for which application threads were stopped: 0.0005975 seconds, Stopping threads took: 0.0000279 seconds
5.069: [GC (Allocation Failure)  78985K->681K(420864K), 0.0005605 secs]
5.070: Total time for which application threads were stopped: 0.0007013 seconds, Stopping threads took: 0.0000294 seconds
5.124: [GC (Allocation Failure)  77993K->649K(436736K), 0.0006806 secs]
5.125: Total time for which application threads were stopped: 0.0008122 seconds, Stopping threads took: 0.0000215 seconds
5.183: [GC (Allocation Failure)  93833K->617K(435200K), 0.0006398 secs]
5.184: Total time for which application threads were stopped: 0.0007884 seconds, Stopping threads took: 0.0000218 seconds
5.245: [GC (Allocation Failure)  92265K->681K(433664K), 0.0005389 secs]
5.245: Total time for which application threads were stopped: 0.0006865 seconds, Stopping threads took: 0.0000204 seconds
5.307: [GC (Allocation Failure)  90793K->713K(432128K), 0.0004982 secs]
5.308: Total time for which application threads were stopped: 0.0006147 seconds, Stopping threads took: 0.0000195 seconds
5.363: [GC (Allocation Failure)  89289K->617K(430592K), 0.0006421 secs]
5.364: Total time for which application threads were stopped: 0.0007711 seconds, Stopping threads took: 0.0000210 seconds
5.420: [GC (Allocation Failure)  87657K->681K(429056K), 0.0005386 secs]
5.420: Total time for which application threads were stopped: 0.0006358 seconds, Stopping threads took: 0.0000170 seconds
5.475: [GC (Allocation Failure)  86185K->649K(427520K), 0.0003832 secs]
5.475: Total time for which application threads were stopped: 0.0005040 seconds, Stopping threads took: 0.0000192 seconds
5.528: [GC (Allocation Failure)  84617K->681K(425984K), 0.0005522 secs]
5.528: Total time for which application threads were stopped: 0.0006680 seconds, Stopping threads took: 0.0000190 seconds
5.580: [GC (Allocation Failure)  83113K->681K(424448K), 0.0005193 secs]
5.580: Total time for which application threads were stopped: 0.0006651 seconds, Stopping threads took: 0.0000213 seconds
5.631: [GC (Allocation Failure)  81577K->745K(422912K), 0.0004877 secs]
5.632: Total time for which application threads were stopped: 0.0006062 seconds, Stopping threads took: 0.0000191 seconds
5.687: [GC (Allocation Failure)  80105K->713K(421888K), 0.0004722 secs]
5.688: Total time for which application threads were stopped: 0.0006092 seconds, Stopping threads took: 0.0000291 seconds
5.737: [GC (Allocation Failure)  79049K->745K(420864K), 0.0005919 secs]
5.737: Total time for which application threads were stopped: 0.0007233 seconds, Stopping threads took: 0.0000194 seconds
5.790: [GC (Allocation Failure)  78057K->681K(419840K), 0.0006880 secs]
5.791: Total time for which application threads were stopped: 0.0008417 seconds, Stopping threads took: 0.0000303 seconds
5.839: [GC (Allocation Failure)  76969K->649K(418816K), 0.0005200 secs]
5.840: Total time for which application threads were stopped: 0.0006495 seconds, Stopping threads took: 0.0000224 seconds
5.887: [GC (Allocation Failure)  75913K->681K(417792K), 0.0004866 secs]
5.887: Total time for which application threads were stopped: 0.0006263 seconds, Stopping threads took: 0.0000215 seconds
5.934: [GC (Allocation Failure)  74921K->713K(416768K), 0.0006767 secs]
5.934: Total time for which application threads were stopped: 0.0008093 seconds, Stopping threads took: 0.0000214 seconds
5.981: [GC (Allocation Failure)  73929K->649K(415744K), 0.0005082 secs]
5.981: Total time for which application threads were stopped: 0.0006562 seconds, Stopping threads took: 0.0000265 seconds
6.033: [GC (Allocation Failure)  72841K->681K(414720K), 0.0004746 secs]
6.033: Total time for which application threads were stopped: 0.0006164 seconds, Stopping threads took: 0.0000266 seconds
6.081: [GC (Allocation Failure)  71849K->585K(413696K), 0.0006662 secs]
6.082: Total time for which application threads were stopped: 0.0008011 seconds, Stopping threads took: 0.0000216 seconds
6.126: [GC (Allocation Failure)  70729K->649K(428032K), 0.0005602 secs]
6.127: Total time for which application threads were stopped: 0.0007076 seconds, Stopping threads took: 0.0000259 seconds
6.186: [GC (Allocation Failure)  85129K->617K(444928K), 0.0007051 secs]
6.187: Total time for which application threads were stopped: 0.0008534 seconds, Stopping threads took: 0.0000229 seconds
6.250: [GC (Allocation Failure)  101993K->681K(442880K), 0.0004980 secs]
6.251: Total time for which application threads were stopped: 0.0006395 seconds, Stopping threads took: 0.0000212 seconds
6.317: [GC (Allocation Failure)  100009K->649K(440832K), 0.0005134 secs]
6.317: Total time for which application threads were stopped: 0.0006554 seconds, Stopping threads took: 0.0000215 seconds
6.385: [GC (Allocation Failure)  97929K->617K(438784K), 0.0007962 secs]
6.385: Total time for which application threads were stopped: 0.0009654 seconds, Stopping threads took: 0.0000216 seconds
6.446: [GC (Allocation Failure)  95849K->649K(437248K), 0.0005007 secs]
6.446: Total time for which application threads were stopped: 0.0006264 seconds, Stopping threads took: 0.0000181 seconds
6.511: [GC (Allocation Failure)  94345K->713K(435712K), 0.0004470 secs]
6.511: Total time for which application threads were stopped: 0.0005747 seconds, Stopping threads took: 0.0000275 seconds
6.573: [GC (Allocation Failure)  92873K->681K(434176K), 0.0005637 secs]
6.573: Total time for which application threads were stopped: 0.0006976 seconds, Stopping threads took: 0.0000222 seconds
6.630: [GC (Allocation Failure)  91305K->649K(432640K), 0.0004799 secs]
6.630: Total time for which application threads were stopped: 0.0005955 seconds, Stopping threads took: 0.0000207 seconds
6.690: [GC (Allocation Failure)  89737K->649K(431104K), 0.0004002 secs]
6.690: Total time for which application threads were stopped: 0.0005016 seconds, Stopping threads took: 0.0000164 seconds
6.749: [GC (Allocation Failure)  88201K->713K(429568K), 0.0006861 secs]
6.750: Total time for which application threads were stopped: 0.0008304 seconds, Stopping threads took: 0.0000205 seconds
6.810: [GC (Allocation Failure)  86729K->649K(428032K), 0.0004673 secs]
6.810: Total time for which application threads were stopped: 0.0005917 seconds, Stopping threads took: 0.0000269 seconds
6.868: [GC (Allocation Failure)  85129K->681K(426496K), 0.0005570 secs]
6.868: Total time for which application threads were stopped: 0.0006795 seconds, Stopping threads took: 0.0000223 seconds
6.920: [GC (Allocation Failure)  83625K->681K(424960K), 0.0008285 secs]
6.921: Total time for which application threads were stopped: 0.0009387 seconds, Stopping threads took: 0.0000172 seconds
6.979: [GC (Allocation Failure)  82089K->681K(423424K), 0.0003896 secs]
6.979: Total time for which application threads were stopped: 0.0005015 seconds, Stopping threads took: 0.0000254 seconds
7.031: [GC (Allocation Failure)  80553K->649K(422400K), 0.0004737 secs]
7.031: Total time for which application threads were stopped: 0.0005969 seconds, Stopping threads took: 0.0000247 seconds
7.085: [GC (Allocation Failure)  79497K->681K(421376K), 0.0005950 secs]
7.086: Total time for which application threads were stopped: 0.0007344 seconds, Stopping threads took: 0.0000215 seconds
7.140: [GC (Allocation Failure)  78505K->745K(420352K), 0.0004816 secs]
7.140: Total time for which application threads were stopped: 0.0006110 seconds, Stopping threads took: 0.0000220 seconds
7.189: [GC (Allocation Failure)  77545K->649K(419328K), 0.0005041 secs]
7.190: Total time for which application threads were stopped: 0.0006448 seconds, Stopping threads took: 0.0000195 seconds
7.243: [GC (Allocation Failure)  76425K->681K(418304K), 0.0006857 secs]
7.243: Total time for which application threads were stopped: 0.0008230 seconds, Stopping threads took: 0.0000307 seconds
7.290: [GC (Allocation Failure)  75433K->745K(417280K), 0.0005096 secs]
7.291: Total time for which application threads were stopped: 0.0006265 seconds, Stopping threads took: 0.0000192 seconds
7.337: [GC (Allocation Failure)  74473K->617K(432128K), 0.0007417 secs]
7.337: Total time for which application threads were stopped: 0.0008677 seconds, Stopping threads took: 0.0000198 seconds
7.399: [GC (Allocation Failure)  89193K->649K(450048K), 0.0006993 secs]
7.400: Total time for which application threads were stopped: 0.0008227 seconds, Stopping threads took: 0.0000274 seconds
7.467: [GC (Allocation Failure)  107145K->681K(448000K), 0.0005463 secs]
7.468: Total time for which application threads were stopped: 0.0006633 seconds, Stopping threads took: 0.0000205 seconds
7.536: [GC (Allocation Failure)  105129K->681K(445952K), 0.0004633 secs]
7.536: Total time for which application threads were stopped: 0.0005903 seconds, Stopping threads took: 0.0000265 seconds
7.601: [GC (Allocation Failure)  103081K->649K(443904K), 0.0004886 secs]
7.601: Total time for which application threads were stopped: 0.0006125 seconds, Stopping threads took: 0.0000202 seconds
7.667: [GC (Allocation Failure)  101001K->681K(441856K), 0.0005513 secs]
7.668: Total time for which application threads were stopped: 0.0006720 seconds, Stopping threads took: 0.0000191 seconds
7.729: [GC (Allocation Failure)  98985K->649K(439808K), 0.0004597 secs]
7.730: Total time for which application threads were stopped: 0.0005783 seconds, Stopping threads took: 0.0000192 seconds
7.790: [GC (Allocation Failure)  96905K->649K(437760K), 0.0004755 secs]
7.790: Total time for which application threads were stopped: 0.0005879 seconds, Stopping threads took: 0.0000187 seconds
7.849: [GC (Allocation Failure)  94857K->617K(436224K), 0.0004666 secs]
7.850: Total time for which application threads were stopped: 0.0005815 seconds, Stopping threads took: 0.0000191 seconds
7.913: [GC (Allocation Failure)  93289K->649K(434688K), 0.0005377 secs]
7.913: Total time for which application threads were stopped: 0.0006432 seconds, Stopping threads took: 0.0000168 seconds
7.976: [GC (Allocation Failure)  91785K->649K(433152K), 0.0005633 secs]
7.977: Total time for which application threads were stopped: 0.0007002 seconds, Stopping threads took: 0.0000272 seconds
8.036: [GC (Allocation Failure)  90249K->617K(431616K), 0.0004204 secs]
8.037: Total time for which application threads were stopped: 0.0005455 seconds, Stopping threads took: 0.0000283 seconds
8.096: [GC (Allocation Failure)  88681K->649K(430080K), 0.0004811 secs]
8.096: Total time for which application threads were stopped: 0.0005845 seconds, Stopping threads took: 0.0000160 seconds
8.150: [GC (Allocation Failure)  87177K->681K(428544K), 0.0004686 secs]
8.151: Total time for which application threads were stopped: 0.0005877 seconds, Stopping threads took: 0.0000197 seconds
8.204: [GC (Allocation Failure)  85673K->649K(427008K), 0.0005857 secs]
8.205: Total time for which application threads were stopped: 0.0007373 seconds, Stopping threads took: 0.0000305 seconds
8.262: [GC (Allocation Failure)  84105K->681K(425472K), 0.0005470 secs]
8.263: Total time for which application threads were stopped: 0.0006989 seconds, Stopping threads took: 0.0000294 seconds
8.319: [GC (Allocation Failure)  82601K->745K(423936K), 0.0004813 secs]
8.320: Total time for which application threads were stopped: 0.0006076 seconds, Stopping threads took: 0.0000276 seconds
8.374: [GC (Allocation Failure)  81129K->617K(422400K), 0.0004890 secs]
8.374: Total time for which application threads were stopped: 0.0006096 seconds, Stopping threads took: 0.0000276 seconds
8.430: [GC (Allocation Failure)  79465K->649K(421376K), 0.0004673 secs]
8.431: Total time for which application threads were stopped: 0.0005907 seconds, Stopping threads took: 0.0000269 seconds
8.483: [GC (Allocation Failure)  78473K->649K(420352K), 0.0005123 secs]
8.484: Total time for which application threads were stopped: 0.0006372 seconds, Stopping threads took: 0.0000257 seconds
8.532: [GC (Allocation Failure)  77449K->681K(419328K), 0.0005093 secs]
8.532: Total time for which application threads were stopped: 0.0006492 seconds, Stopping threads took: 0.0000290 seconds
8.580: [GC (Allocation Failure)  76457K->681K(418304K), 0.0004393 secs]
8.580: Total time for which application threads were stopped: 0.0006236 seconds, Stopping threads took: 0.0000448 seconds
8.627: [GC (Allocation Failure)  75433K->649K(417280K), 0.0005155 secs]
8.628: Total time for which application threads were stopped: 0.0006590 seconds, Stopping threads took: 0.0000208 seconds
8.680: [GC (Allocation Failure)  74377K->681K(416256K), 0.0005134 secs]
8.681: Total time for which application threads were stopped: 0.0006504 seconds, Stopping threads took: 0.0000217 seconds
8.726: [GC (Allocation Failure)  73385K->585K(415232K), 0.0004808 secs]
8.727: Total time for which application threads were stopped: 0.0006185 seconds, Stopping threads took: 0.0000281 seconds
8.777: [GC (Allocation Failure)  72265K->681K(414208K), 0.0004971 secs]
8.778: Total time for which application threads were stopped: 0.0006184 seconds, Stopping threads took: 0.0000203 seconds
8.823: [GC (Allocation Failure)  71337K->681K(413184K), 0.0007055 secs]
8.823: Total time for which application threads were stopped: 0.0008705 seconds, Stopping threads took: 0.0000294 seconds
8.867: [GC (Allocation Failure)  70313K->713K(412160K), 0.0005258 secs]
8.868: Total time for which application threads were stopped: 0.0006707 seconds, Stopping threads took: 0.0000214 seconds
8.911: [GC (Allocation Failure)  69321K->713K(425984K), 0.0006646 secs]
8.912: Total time for which application threads were stopped: 0.0008132 seconds, Stopping threads took: 0.0000224 seconds
8.964: [GC (Allocation Failure)  83145K->617K(424448K), 0.0005167 secs]
8.964: Total time for which application threads were stopped: 0.0006607 seconds, Stopping threads took: 0.0000223 seconds
9.023: [GC (Allocation Failure)  81513K->649K(422912K), 0.0005964 secs]
9.023: Total time for which application threads were stopped: 0.0007556 seconds, Stopping threads took: 0.0000274 seconds
9.077: [GC (Allocation Failure)  80009K->681K(438784K), 0.0007174 secs]
9.078: Total time for which application threads were stopped: 0.0008479 seconds, Stopping threads took: 0.0000208 seconds
9.142: [GC (Allocation Failure)  95913K->713K(437248K), 0.0004583 secs]
9.143: Total time for which application threads were stopped: 0.0005807 seconds, Stopping threads took: 0.0000203 seconds
9.201: [GC (Allocation Failure)  94409K->681K(435712K), 0.0004601 secs]
9.202: Total time for which application threads were stopped: 0.0005747 seconds, Stopping threads took: 0.0000189 seconds
9.259: [GC (Allocation Failure)  92841K->649K(434176K), 0.0004804 secs]
9.260: Total time for which application threads were stopped: 0.0005943 seconds, Stopping threads took: 0.0000195 seconds
9.322: [GC (Allocation Failure)  91273K->681K(432640K), 0.0004884 secs]
9.323: Total time for which application threads were stopped: 0.0006127 seconds, Stopping threads took: 0.0000272 seconds
9.379: [GC (Allocation Failure)  89769K->681K(431104K), 0.0004666 secs]
9.379: Total time for which application threads were stopped: 0.0005898 seconds, Stopping threads took: 0.0000268 seconds
9.435: [GC (Allocation Failure)  88233K->713K(429568K), 0.0005553 secs]
9.435: Total time for which application threads were stopped: 0.0006724 seconds, Stopping threads took: 0.0000193 seconds
9.489: [GC (Allocation Failure)  86729K->713K(428032K), 0.0004689 secs]
9.490: Total time for which application threads were stopped: 0.0005921 seconds, Stopping threads took: 0.0000261 seconds
9.543: [GC (Allocation Failure)  85193K->649K(426496K), 0.0005252 secs]
9.543: Total time for which application threads were stopped: 0.0006497 seconds, Stopping threads took: 0.0000278 seconds
9.600: [GC (Allocation Failure)  83593K->649K(424960K), 0.0004979 secs]
9.600: Total time for which application threads were stopped: 0.0006238 seconds, Stopping threads took: 0.0000281 seconds
9.654: [GC (Allocation Failure)  82057K->649K(423424K), 0.0004452 secs]
9.655: Total time for which application threads were stopped: 0.0005677 seconds, Stopping threads took: 0.0000268 seconds
9.705: [GC (Allocation Failure)  80521K->681K(422400K), 0.0004606 secs]
9.706: Total time for which application threads were stopped: 0.0005828 seconds, Stopping threads took: 0.0000268 seconds
9.755: [GC (Allocation Failure)  79529K->745K(421376K), 0.0004714 secs]
9.756: Total time for which application threads were stopped: 0.0005976 seconds, Stopping threads took: 0.0000272 seconds
9.810: [GC (Allocation Failure)  78569K->681K(420352K), 0.0006737 secs]
9.811: Total time for which application threads were stopped: 0.0007983 seconds, Stopping threads took: 0.0000268 seconds
9.859: [GC (Allocation Failure)  77481K->649K(419328K), 0.0004918 secs]
9.860: Total time for which application threads were stopped: 0.0006122 seconds, Stopping threads took: 0.0000261 seconds
9.907: [GC (Allocation Failure)  76425K->681K(418304K), 0.0004789 secs]
9.908: Total time for which application threads were stopped: 0.0005990 seconds, Stopping threads took: 0.0000266 seconds
9.959: [GC (Allocation Failure)  75433K->649K(417280K), 0.0004803 secs]
9.959: Total time for which application threads were stopped: 0.0006099 seconds, Stopping threads took: 0.0000263 seconds
10.005: [GC (Allocation Failure)  74377K->617K(416256K), 0.0006353 secs]
10.006: Total time for which application threads were stopped: 0.0007771 seconds, Stopping threads took: 0.0000273 seconds
10.054: [GC (Allocation Failure)  73321K->649K(415232K), 0.0005461 secs]
10.055: Total time for which application threads were stopped: 0.0006742 seconds, Stopping threads took: 0.0000200 seconds
10.100: [GC (Allocation Failure)  72329K->681K(429568K), 0.0007498 secs]
10.101: Total time for which application threads were stopped: 0.0008810 seconds, Stopping threads took: 0.0000213 seconds
10.155: [GC (Allocation Failure)  86697K->617K(428032K), 0.0005150 secs]
10.155: Total time for which application threads were stopped: 0.0006615 seconds, Stopping threads took: 0.0000220 seconds
10.209: [GC (Allocation Failure)  85097K->649K(444928K), 0.0006384 secs]
10.210: Total time for which application threads were stopped: 0.0007682 seconds, Stopping threads took: 0.0000218 seconds
10.279: [GC (Allocation Failure)  102025K->681K(442880K), 0.0005152 secs]
10.280: Total time for which application threads were stopped: 0.0006587 seconds, Stopping threads took: 0.0000218 seconds
10.348: [GC (Allocation Failure)  100009K->681K(440832K), 0.0005134 secs]
10.349: Total time for which application threads were stopped: 0.0006515 seconds, Stopping threads took: 0.0000215 seconds
10.410: [GC (Allocation Failure)  97961K->681K(438784K), 0.0004632 secs]
10.411: Total time for which application threads were stopped: 0.0005793 seconds, Stopping threads took: 0.0000159 seconds
10.470: [GC (Allocation Failure)  95913K->681K(437248K), 0.0004778 secs]
10.471: Total time for which application threads were stopped: 0.0006160 seconds, Stopping threads took: 0.0000265 seconds
10.530: [GC (Allocation Failure)  94377K->681K(435712K), 0.0004621 secs]
10.531: Total time for which application threads were stopped: 0.0005908 seconds, Stopping threads took: 0.0000274 seconds
10.589: [GC (Allocation Failure)  92841K->649K(434176K), 0.0005497 secs]
10.590: Total time for which application threads were stopped: 0.0007022 seconds, Stopping threads took: 0.0000300 seconds
10.650: [GC (Allocation Failure)  91273K->649K(432640K), 0.0004803 secs]
10.650: Total time for which application threads were stopped: 0.0006094 seconds, Stopping threads took: 0.0000269 seconds
10.711: [GC (Allocation Failure)  89737K->617K(431104K), 0.0005346 secs]
10.712: Total time for which application threads were stopped: 0.0006644 seconds, Stopping threads took: 0.0000298 seconds
10.770: [GC (Allocation Failure)  88169K->617K(429568K), 0.0005437 secs]
10.770: Total time for which application threads were stopped: 0.0006657 seconds, Stopping threads took: 0.0000171 seconds
10.824: [GC (Allocation Failure)  86633K->649K(428032K), 0.0004819 secs]
10.824: Total time for which application threads were stopped: 0.0006118 seconds, Stopping threads took: 0.0000197 seconds
10.881: [GC (Allocation Failure)  85129K->681K(426496K), 0.0005583 secs]
10.882: Total time for which application threads were stopped: 0.0006939 seconds, Stopping threads took: 0.0000221 seconds
10.934: [GC (Allocation Failure)  83625K->617K(424960K), 0.0005526 secs]
10.935: Total time for which application threads were stopped: 0.0006940 seconds, Stopping threads took: 0.0000218 seconds
10.991: [GC (Allocation Failure)  82025K->713K(423424K), 0.0004896 secs]
10.992: Total time for which application threads were stopped: 0.0006246 seconds, Stopping threads took: 0.0000194 seconds
11.047: [GC (Allocation Failure)  80585K->713K(422400K), 0.0005923 secs]
11.048: Total time for which application threads were stopped: 0.0007388 seconds, Stopping threads took: 0.0000222 seconds
11.103: [GC (Allocation Failure)  79561K->649K(421376K), 0.0004887 secs]
11.104: Total time for which application threads were stopped: 0.0006192 seconds, Stopping threads took: 0.0000281 seconds
11.153: [GC (Allocation Failure)  78473K->649K(420352K), 0.0004681 secs]
11.153: Total time for which application threads were stopped: 0.0006139 seconds, Stopping threads took: 0.0000215 seconds
11.205: [GC (Allocation Failure)  77449K->681K(419328K), 0.0005197 secs]
11.205: Total time for which application threads were stopped: 0.0006384 seconds, Stopping threads took: 0.0000193 seconds
11.253: [GC (Allocation Failure)  76457K->617K(418304K), 0.0006069 secs]
11.253: Total time for which application threads were stopped: 0.0007228 seconds, Stopping threads took: 0.0000191 seconds
11.304: [GC (Allocation Failure)  75369K->681K(417280K), 0.0004512 secs]
11.305: Total time for which application threads were stopped: 0.0005888 seconds, Stopping threads took: 0.0000290 seconds
11.357: [GC (Allocation Failure)  74409K->649K(416256K), 0.0005129 secs]
11.357: Total time for which application threads were stopped: 0.0006467 seconds, Stopping threads took: 0.0000206 seconds
11.407: [GC (Allocation Failure)  73353K->649K(415232K), 0.0007985 secs]
11.408: Total time for which application threads were stopped: 0.0009499 seconds, Stopping threads took: 0.0000192 seconds
11.458: [GC (Allocation Failure)  72329K->713K(414208K), 0.0005009 secs]
11.458: Total time for which application threads were stopped: 0.0006160 seconds, Stopping threads took: 0.0000172 seconds
11.506: [GC (Allocation Failure)  71369K->649K(413184K), 0.0004762 secs]
11.506: Total time for which application threads were stopped: 0.0006077 seconds, Stopping threads took: 0.0000257 seconds
11.553: [GC (Allocation Failure)  70281K->681K(427520K), 0.0007634 secs]
11.554: Total time for which application threads were stopped: 0.0009056 seconds, Stopping threads took: 0.0000209 seconds
11.610: [GC (Allocation Failure)  84649K->649K(425984K), 0.0005199 secs]
11.611: Total time for which application threads were stopped: 0.0006751 seconds, Stopping threads took: 0.0000293 seconds
11.668: [GC (Allocation Failure)  83081K->681K(424448K), 0.0006062 secs]
11.668: Total time for which application threads were stopped: 0.0007506 seconds, Stopping threads took: 0.0000225 seconds
11.719: [GC (Allocation Failure)  81577K->649K(422912K), 0.0004720 secs]
11.720: Total time for which application threads were stopped: 0.0006073 seconds, Stopping threads took: 0.0000193 seconds
11.769: [GC (Allocation Failure)  80009K->681K(421888K), 0.0004966 secs]
11.770: Total time for which application threads were stopped: 0.0006270 seconds, Stopping threads took: 0.0000213 seconds
11.819: [GC (Allocation Failure)  79017K->681K(420864K), 0.0005285 secs]
11.819: Total time for which application threads were stopped: 0.0006511 seconds, Stopping threads took: 0.0000194 seconds
11.868: [GC (Allocation Failure)  77993K->649K(419840K), 0.0005639 secs]
11.868: Total time for which application threads were stopped: 0.0006996 seconds, Stopping threads took: 0.0000203 seconds
11.922: [GC (Allocation Failure)  76937K->649K(418816K), 0.0006000 secs]
11.922: Total time for which application threads were stopped: 0.0007472 seconds, Stopping threads took: 0.0000218 seconds
11.974: [GC (Allocation Failure)  75913K->649K(417792K), 0.0003806 secs]
11.975: Total time for which application threads were stopped: 0.0004945 seconds, Stopping threads took: 0.0000246 seconds
12.022: [GC (Allocation Failure)  74889K->649K(416768K), 0.0005744 secs]
12.022: Total time for which application threads were stopped: 0.0007335 seconds, Stopping threads took: 0.0000297 seconds
12.072: [GC (Allocation Failure)  73865K->681K(415744K), 0.0005747 secs]
12.072: Total time for which application threads were stopped: 0.0007224 seconds, Stopping threads took: 0.0000210 seconds
12.121: [GC (Allocation Failure)  72873K->681K(414720K), 0.0005021 secs]
12.121: Total time for which application threads were stopped: 0.0006486 seconds, Stopping threads took: 0.0000223 seconds
12.166: [GC (Allocation Failure)  71849K->681K(413696K), 0.0005125 secs]
12.166: Total time for which application threads were stopped: 0.0006537 seconds, Stopping threads took: 0.0000221 seconds
12.211: [GC (Allocation Failure)  70825K->681K(412672K), 0.0005202 secs]
12.212: Total time for which application threads were stopped: 0.0006609 seconds, Stopping threads took: 0.0000223 seconds
12.255: [GC (Allocation Failure)  69801K->681K(411648K), 0.0005959 secs]
12.256: Total time for which application threads were stopped: 0.0007362 seconds, Stopping threads took: 0.0000226 seconds
12.299: [GC (Allocation Failure)  68777K->745K(410624K), 0.0005186 secs]
12.300: Total time for which application threads were stopped: 0.0006554 seconds, Stopping threads took: 0.0000194 seconds
12.342: [GC (Allocation Failure)  67817K->617K(424448K), 0.0005444 secs]
12.343: Total time for which application threads were stopped: 0.0006798 seconds, Stopping threads took: 0.0000214 seconds
12.393: [GC (Allocation Failure)  81513K->617K(422912K), 0.0005053 secs]
12.394: Total time for which application threads were stopped: 0.0006467 seconds, Stopping threads took: 0.0000262 seconds
12.446: [GC (Allocation Failure)  79977K->649K(421888K), 0.0005944 secs]
12.446: Total time for which application threads were stopped: 0.0007123 seconds, Stopping threads took: 0.0000193 seconds
12.501: [GC (Allocation Failure)  78985K->649K(420864K), 0.0003935 secs]
12.501: Total time for which application threads were stopped: 0.0005218 seconds, Stopping threads took: 0.0000264 seconds
12.550: [GC (Allocation Failure)  77961K->649K(419840K), 0.0004526 secs]
12.550: Total time for which application threads were stopped: 0.0005822 seconds, Stopping threads took: 0.0000271 seconds
12.603: [GC (Allocation Failure)  76937K->681K(418816K), 0.0006540 secs]
12.604: Total time for which application threads were stopped: 0.0007793 seconds, Stopping threads took: 0.0000198 seconds
12.651: [GC (Allocation Failure)  75945K->681K(417792K), 0.0005022 secs]
12.652: Total time for which application threads were stopped: 0.0006289 seconds, Stopping threads took: 0.0000205 seconds
12.699: [GC (Allocation Failure)  74921K->649K(416768K), 0.0005746 secs]
12.699: Total time for which application threads were stopped: 0.0007098 seconds, Stopping threads took: 0.0000201 seconds
12.750: [GC (Allocation Failure)  73865K->681K(415744K), 0.0005701 secs]
12.750: Total time for which application threads were stopped: 0.0006960 seconds, Stopping threads took: 0.0000198 seconds
12.796: [GC (Allocation Failure)  72873K->745K(414720K), 0.0004822 secs]
12.796: Total time for which application threads were stopped: 0.0006096 seconds, Stopping threads took: 0.0000215 seconds
12.841: [GC (Allocation Failure)  71913K->681K(413696K), 0.0005657 secs]
12.841: Total time for which application threads were stopped: 0.0006954 seconds, Stopping threads took: 0.0000208 seconds
12.885: [GC (Allocation Failure)  70825K->681K(412672K), 0.0005207 secs]
12.885: Total time for which application threads were stopped: 0.0006600 seconds, Stopping threads took: 0.0000222 seconds
12.929: [GC (Allocation Failure)  69801K->649K(411648K), 0.0005239 secs]
12.929: Total time for which application threads were stopped: 0.0006805 seconds, Stopping threads took: 0.0000303 seconds
12.978: [GC (Allocation Failure)  68745K->681K(410624K), 0.0004284 secs]
12.978: Total time for which application threads were stopped: 0.0005471 seconds, Stopping threads took: 0.0000258 seconds
13.020: [GC (Allocation Failure)  67753K->649K(409600K), 0.0004372 secs]
13.021: Total time for which application threads were stopped: 0.0005692 seconds, Stopping threads took: 0.0000275 seconds
13.062: [GC (Allocation Failure)  66697K->649K(408576K), 0.0004826 secs]
13.063: Total time for which application threads were stopped: 0.0006031 seconds, Stopping threads took: 0.0000198 seconds
13.107: [GC (Allocation Failure)  65673K->649K(407552K), 0.0004851 secs]
13.107: Total time for which application threads were stopped: 0.0006162 seconds, Stopping threads took: 0.0000195 seconds
13.153: [GC (Allocation Failure)  64649K->681K(406528K), 0.0006186 secs]
13.154: Total time for which application threads were stopped: 0.0007496 seconds, Stopping threads took: 0.0000188 seconds
13.193: [GC (Allocation Failure)  63657K->681K(405504K), 0.0004651 secs]
13.194: Total time for which application threads were stopped: 0.0005839 seconds, Stopping threads took: 0.0000194 seconds
13.233: [GC (Allocation Failure)  62633K->713K(418304K), 0.0007339 secs]
13.233: Total time for which application threads were stopped: 0.0008491 seconds, Stopping threads took: 0.0000187 seconds
13.280: [GC (Allocation Failure)  75465K->681K(433664K), 0.0005680 secs]
13.281: Total time for which application threads were stopped: 0.0006955 seconds, Stopping threads took: 0.0000278 seconds
13.343: [GC (Allocation Failure)  90793K->681K(452096K), 0.0004844 secs]
13.344: Total time for which application threads were stopped: 0.0006009 seconds, Stopping threads took: 0.0000187 seconds
13.412: [GC (Allocation Failure)  109225K->649K(450048K), 0.0004513 secs]
13.412: Total time for which application threads were stopped: 0.0005751 seconds, Stopping threads took: 0.0000254 seconds
13.484: [GC (Allocation Failure)  107145K->713K(448000K), 0.0004039 secs]
13.485: Total time for which application threads were stopped: 0.0005239 seconds, Stopping threads took: 0.0000257 seconds
13.555: [GC (Allocation Failure)  105161K->649K(445952K), 0.0005998 secs]
13.556: Total time for which application threads were stopped: 0.0007084 seconds, Stopping threads took: 0.0000174 seconds
13.620: [GC (Allocation Failure)  103049K->713K(443904K), 0.0007080 secs]
13.621: Total time for which application threads were stopped: 0.0008237 seconds, Stopping threads took: 0.0000200 seconds
13.686: [GC (Allocation Failure)  101065K->617K(441856K), 0.0006504 secs]
13.687: Total time for which application threads were stopped: 0.0007842 seconds, Stopping threads took: 0.0000197 seconds
13.748: [GC (Allocation Failure)  98921K->649K(439808K), 0.0005712 secs]
13.749: Total time for which application threads were stopped: 0.0006984 seconds, Stopping threads took: 0.0000213 seconds
13.815: [GC (Allocation Failure)  96905K->713K(437760K), 0.0004006 secs]
13.815: Total time for which application threads were stopped: 0.0005095 seconds, Stopping threads took: 0.0000163 seconds
13.874: [GC (Allocation Failure)  94921K->649K(436224K), 0.0004452 secs]
13.874: Total time for which application threads were stopped: 0.0005646 seconds, Stopping threads took: 0.0000190 seconds
13.938: [GC (Allocation Failure)  93321K->713K(434688K), 0.0004783 secs]
13.938: Total time for which application threads were stopped: 0.0006068 seconds, Stopping threads took: 0.0000197 seconds
13.996: [GC (Allocation Failure)  91849K->649K(433152K), 0.0004430 secs]
13.996: Total time for which application threads were stopped: 0.0005746 seconds, Stopping threads took: 0.0000275 seconds
14.052: [GC (Allocation Failure)  90249K->713K(431616K), 0.0004862 secs]
14.053: Total time for which application threads were stopped: 0.0006158 seconds, Stopping threads took: 0.0000243 seconds
14.108: [GC (Allocation Failure)  88777K->649K(430080K), 0.0006261 secs]
14.109: Total time for which application threads were stopped: 0.0007762 seconds, Stopping threads took: 0.0000294 seconds
14.168: [GC (Allocation Failure)  87177K->681K(428544K), 0.0005234 secs]
14.169: Total time for which application threads were stopped: 0.0006674 seconds, Stopping threads took: 0.0000297 seconds
14.222: [GC (Allocation Failure)  85673K->649K(427008K), 0.0005951 secs]
14.223: Total time for which application threads were stopped: 0.0007561 seconds, Stopping threads took: 0.0000308 seconds
14.275: [GC (Allocation Failure)  84105K->745K(425472K), 0.0005161 secs]
14.275: Total time for which application threads were stopped: 0.0006523 seconds, Stopping threads took: 0.0000309 seconds
14.331: [GC (Allocation Failure)  82665K->617K(423936K), 0.0006401 secs]
14.332: Total time for which application threads were stopped: 0.0007469 seconds, Stopping threads took: 0.0000168 seconds
14.382: [GC (Allocation Failure)  81001K->713K(422400K), 0.0004497 secs]
14.383: Total time for which application threads were stopped: 0.0005907 seconds, Stopping threads took: 0.0000170 seconds
14.434: [GC (Allocation Failure)  79561K->681K(421376K), 0.0004641 secs]
14.434: Total time for which application threads were stopped: 0.0006086 seconds, Stopping threads took: 0.0000283 seconds
14.484: [GC (Allocation Failure)  78505K->649K(420352K), 0.0004067 secs]
14.484: Total time for which application threads were stopped: 0.0005295 seconds, Stopping threads took: 0.0000262 seconds
14.532: [GC (Allocation Failure)  77449K->649K(419328K), 0.0005342 secs]
14.533: Total time for which application threads were stopped: 0.0006756 seconds, Stopping threads took: 0.0000250 seconds
14.586: [GC (Allocation Failure)  76425K->713K(418304K), 0.0004905 secs]
14.587: Total time for which application threads were stopped: 0.0006311 seconds, Stopping threads took: 0.0000219 seconds
14.633: [GC (Allocation Failure)  75465K->649K(417280K), 0.0005419 secs]
14.634: Total time for which application threads were stopped: 0.0006935 seconds, Stopping threads took: 0.0000230 seconds
14.680: [GC (Allocation Failure)  74377K->617K(416256K), 0.0005517 secs]
14.681: Total time for which application threads were stopped: 0.0006823 seconds, Stopping threads took: 0.0000222 seconds
14.726: [GC (Allocation Failure)  73321K->617K(415232K), 0.0004902 secs]
14.726: Total time for which application threads were stopped: 0.0006072 seconds, Stopping threads took: 0.0000192 seconds
14.771: [GC (Allocation Failure)  72297K->649K(414208K), 0.0004958 secs]
14.772: Total time for which application threads were stopped: 0.0006189 seconds, Stopping threads took: 0.0000270 seconds
14.816: [GC (Allocation Failure)  71305K->681K(413184K), 0.0006264 secs]
14.817: Total time for which application threads were stopped: 0.0007538 seconds, Stopping threads took: 0.0000277 seconds
14.866: [GC (Allocation Failure)  70313K->617K(412160K), 0.0004579 secs]
14.867: Total time for which application threads were stopped: 0.0005771 seconds, Stopping threads took: 0.0000262 seconds
14.915: [GC (Allocation Failure)  69225K->649K(411136K), 0.0006295 secs]
14.915: Total time for which application threads were stopped: 0.0007413 seconds, Stopping threads took: 0.0000168 seconds
14.958: [GC (Allocation Failure)  68233K->681K(410112K), 0.0004909 secs]
14.958: Total time for which application threads were stopped: 0.0006339 seconds, Stopping threads took: 0.0000293 seconds
15.001: [GC (Allocation Failure)  67241K->649K(409088K), 0.0004034 secs]
15.001: Total time for which application threads were stopped: 0.0005191 seconds, Stopping threads took: 0.0000254 seconds
15.043: [GC (Allocation Failure)  66185K->649K(408064K), 0.0005596 secs]
15.044: Total time for which application threads were stopped: 0.0006919 seconds, Stopping threads took: 0.0000251 seconds
15.084: [GC (Allocation Failure)  65161K->681K(407040K), 0.0004814 secs]
15.085: Total time for which application threads were stopped: 0.0006041 seconds, Stopping threads took: 0.0000194 seconds
15.130: [GC (Allocation Failure)  64169K->649K(406016K), 0.0004974 secs]
15.131: Total time for which application threads were stopped: 0.0006338 seconds, Stopping threads took: 0.0000199 seconds
15.173: [GC (Allocation Failure)  63113K->713K(405504K), 0.0004676 secs]
15.174: Total time for which application threads were stopped: 0.0006037 seconds, Stopping threads took: 0.0000293 seconds
15.217: [GC (Allocation Failure)  62665K->649K(404992K), 0.0005068 secs]
15.218: Total time for which application threads were stopped: 0.0006435 seconds, Stopping threads took: 0.0000197 seconds
15.256: [GC (Allocation Failure)  62089K->649K(404480K), 0.0004827 secs]
15.257: Total time for which application threads were stopped: 0.0006296 seconds, Stopping threads took: 0.0000225 seconds
15.301: [GC (Allocation Failure)  61577K->649K(416768K), 0.0006466 secs]
15.301: Total time for which application threads were stopped: 0.0007852 seconds, Stopping threads took: 0.0000218 seconds
15.354: [GC (Allocation Failure)  73865K->649K(431616K), 0.0005849 secs]
15.354: Total time for which application threads were stopped: 0.0007356 seconds, Stopping threads took: 0.0000293 seconds
15.413: [GC (Allocation Failure)  88713K->713K(430080K), 0.0004851 secs]
15.414: Total time for which application threads were stopped: 0.0005953 seconds, Stopping threads took: 0.0000160 seconds
15.469: [GC (Allocation Failure)  87241K->713K(428544K), 0.0004877 secs]
15.469: Total time for which application threads were stopped: 0.0006147 seconds, Stopping threads took: 0.0000198 seconds
15.524: [GC (Allocation Failure)  85705K->681K(427008K), 0.0004157 secs]
15.524: Total time for which application threads were stopped: 0.0005347 seconds, Stopping threads took: 0.0000198 seconds
15.576: [GC (Allocation Failure)  84137K->617K(425472K), 0.0005975 secs]
15.577: Total time for which application threads were stopped: 0.0007210 seconds, Stopping threads took: 0.0000274 seconds
15.631: [GC (Allocation Failure)  82537K->681K(423936K), 0.0005419 secs]
15.631: Total time for which application threads were stopped: 0.0006607 seconds, Stopping threads took: 0.0000197 seconds
15.686: [GC (Allocation Failure)  81065K->681K(422400K), 0.0004931 secs]
15.686: Total time for which application threads were stopped: 0.0006171 seconds, Stopping threads took: 0.0000270 seconds
15.736: [GC (Allocation Failure)  79529K->617K(421376K), 0.0005488 secs]
15.736: Total time for which application threads were stopped: 0.0006833 seconds, Stopping threads took: 0.0000195 seconds
15.785: [GC (Allocation Failure)  78441K->649K(420352K), 0.0004772 secs]
15.785: Total time for which application threads were stopped: 0.0006050 seconds, Stopping threads took: 0.0000274 seconds
15.839: [GC (Allocation Failure)  77449K->617K(419328K), 0.0005410 secs]
15.839: Total time for which application threads were stopped: 0.0006653 seconds, Stopping threads took: 0.0000271 seconds
15.887: [GC (Allocation Failure)  76393K->681K(418304K), 0.0004891 secs]
15.887: Total time for which application threads were stopped: 0.0006106 seconds, Stopping threads took: 0.0000266 seconds
15.934: [GC (Allocation Failure)  75433K->649K(417280K), 0.0004622 secs]
15.934: Total time for which application threads were stopped: 0.0005899 seconds, Stopping threads took: 0.0000271 seconds
15.981: [GC (Allocation Failure)  74377K->649K(416256K), 0.0003862 secs]
15.981: Total time for which application threads were stopped: 0.0005089 seconds, Stopping threads took: 0.0000253 seconds
16.027: [GC (Allocation Failure)  73353K->713K(415232K), 0.0004753 secs]
16.028: Total time for which application threads were stopped: 0.0005997 seconds, Stopping threads took: 0.0000200 seconds
16.079: [GC (Allocation Failure)  72393K->681K(414208K), 0.0004497 secs]
16.079: Total time for which application threads were stopped: 0.0005654 seconds, Stopping threads took: 0.0000200 seconds
16.127: [GC (Allocation Failure)  71337K->649K(413184K), 0.0004641 secs]
16.127: Total time for which application threads were stopped: 0.0005799 seconds, Stopping threads took: 0.0000190 seconds
16.175: [GC (Allocation Failure)  70281K->713K(412160K), 0.0005214 secs]
16.176: Total time for which application threads were stopped: 0.0006463 seconds, Stopping threads took: 0.0000278 seconds
16.223: [GC (Allocation Failure)  69321K->713K(411136K), 0.0004922 secs]
16.223: Total time for which application threads were stopped: 0.0006086 seconds, Stopping threads took: 0.0000192 seconds
16.265: [GC (Allocation Failure)  68297K->713K(410112K), 0.0005057 secs]
16.266: Total time for which application threads were stopped: 0.0006421 seconds, Stopping threads took: 0.0000274 seconds
16.308: [GC (Allocation Failure)  67273K->681K(409088K), 0.0004707 secs]
16.308: Total time for which application threads were stopped: 0.0006099 seconds, Stopping threads took: 0.0000410 seconds
16.353: [GC (Allocation Failure)  66217K->681K(408064K), 0.0004827 secs]
16.353: Total time for which application threads were stopped: 0.0006007 seconds, Stopping threads took: 0.0000186 seconds
16.394: [GC (Allocation Failure)  65193K->649K(421376K), 0.0006556 secs]
16.395: Total time for which application threads were stopped: 0.0007888 seconds, Stopping threads took: 0.0000266 seconds
16.444: [GC (Allocation Failure)  78473K->681K(420352K), 0.0004763 secs]
16.445: Total time for which application threads were stopped: 0.0005997 seconds, Stopping threads took: 0.0000197 seconds
16.493: [GC (Allocation Failure)  77481K->649K(419328K), 0.0004669 secs]
16.493: Total time for which application threads were stopped: 0.0005859 seconds, Stopping threads took: 0.0000196 seconds
16.541: [GC (Allocation Failure)  76425K->681K(418304K), 0.0004435 secs]
16.541: Total time for which application threads were stopped: 0.0005654 seconds, Stopping threads took: 0.0000272 seconds
16.593: [GC (Allocation Failure)  75433K->649K(417280K), 0.0004774 secs]
16.593: Total time for which application threads were stopped: 0.0005849 seconds, Stopping threads took: 0.0000172 seconds
16.639: [GC (Allocation Failure)  74377K->649K(416256K), 0.0005244 secs]
16.640: Total time for which application threads were stopped: 0.0006680 seconds, Stopping threads took: 0.0000276 seconds
16.688: [GC (Allocation Failure)  73353K->681K(415232K), 0.0005795 secs]
16.689: Total time for which application threads were stopped: 0.0007188 seconds, Stopping threads took: 0.0000220 seconds
16.734: [GC (Allocation Failure)  72361K->617K(429568K), 0.0007056 secs]
16.735: Total time for which application threads were stopped: 0.0008448 seconds, Stopping threads took: 0.0000217 seconds
16.792: [GC (Allocation Failure)  86633K->649K(428032K), 0.0004875 secs]
16.793: Total time for which application threads were stopped: 0.0006069 seconds, Stopping threads took: 0.0000194 seconds
16.849: [GC (Allocation Failure)  85129K->649K(426496K), 0.0005461 secs]
16.850: Total time for which application threads were stopped: 0.0006802 seconds, Stopping threads took: 0.0000196 seconds
16.907: [GC (Allocation Failure)  83593K->681K(424960K), 0.0005229 secs]
16.908: Total time for which application threads were stopped: 0.0006859 seconds, Stopping threads took: 0.0000211 seconds
16.965: [GC (Allocation Failure)  82089K->617K(423424K), 0.0006558 secs]
16.966: Total time for which application threads were stopped: 0.0008012 seconds, Stopping threads took: 0.0000226 seconds
17.020: [GC (Allocation Failure)  80489K->649K(422400K), 0.0004117 secs]
17.021: Total time for which application threads were stopped: 0.0005346 seconds, Stopping threads took: 0.0000256 seconds
17.070: [GC (Allocation Failure)  79497K->649K(421376K), 0.0004352 secs]
17.071: Total time for which application threads were stopped: 0.0005547 seconds, Stopping threads took: 0.0000246 seconds
17.119: [GC (Allocation Failure)  78473K->713K(437248K), 0.0022167 secs]
17.122: Total time for which application threads were stopped: 0.0023360 seconds, Stopping threads took: 0.0000199 seconds
17.183: [GC (Allocation Failure)  94409K->649K(456192K), 0.0005375 secs]
17.183: Total time for which application threads were stopped: 0.0006666 seconds, Stopping threads took: 0.0000195 seconds
17.253: [GC (Allocation Failure)  113289K->617K(475136K), 0.0006925 secs]
17.254: Total time for which application threads were stopped: 0.0008384 seconds, Stopping threads took: 0.0000201 seconds
17.336: [GC (Allocation Failure)  132201K->649K(475136K), 0.0006531 secs]
17.336: Total time for which application threads were stopped: 0.0007807 seconds, Stopping threads took: 0.0000273 seconds
17.424: [GC (Allocation Failure)  132233K->617K(472064K), 0.0005647 secs]
17.425: Total time for which application threads were stopped: 0.0006914 seconds, Stopping threads took: 0.0000287 seconds
17.506: [GC (Allocation Failure)  129129K->681K(468992K), 0.0004345 secs]
17.507: Total time for which application threads were stopped: 0.0005629 seconds, Stopping threads took: 0.0000266 seconds
17.588: [GC (Allocation Failure)  126121K->649K(465920K), 0.0004189 secs]
17.589: Total time for which application threads were stopped: 0.0005518 seconds, Stopping threads took: 0.0000160 seconds
17.666: [GC (Allocation Failure)  123017K->681K(463360K), 0.0007164 secs]
17.667: Total time for which application threads were stopped: 0.0008393 seconds, Stopping threads took: 0.0000197 seconds
17.741: [GC (Allocation Failure)  120489K->617K(460800K), 0.0005710 secs]
17.742: Total time for which application threads were stopped: 0.0007189 seconds, Stopping threads took: 0.0000338 seconds
17.815: [GC (Allocation Failure)  117865K->681K(458240K), 0.0004914 secs]
17.815: Total time for which application threads were stopped: 0.0006145 seconds, Stopping threads took: 0.0000195 seconds
17.891: [GC (Allocation Failure)  115369K->617K(455680K), 0.0004909 secs]
17.892: Total time for which application threads were stopped: 0.0006374 seconds, Stopping threads took: 0.0000282 seconds
17.961: [GC (Allocation Failure)  112745K->681K(453120K), 0.0004642 secs]
17.962: Total time for which application threads were stopped: 0.0005854 seconds, Stopping threads took: 0.0000198 seconds
18.031: [GC (Allocation Failure)  110249K->649K(451072K), 0.0004642 secs]
18.031: Total time for which application threads were stopped: 0.0006088 seconds, Stopping threads took: 0.0000283 seconds
18.103: [GC (Allocation Failure)  108169K->681K(449024K), 0.0005841 secs]
18.103: Total time for which application threads were stopped: 0.0007113 seconds, Stopping threads took: 0.0000264 seconds
18.172: [GC (Allocation Failure)  106153K->713K(446976K), 0.0004672 secs]
18.173: Total time for which application threads were stopped: 0.0005906 seconds, Stopping threads took: 0.0000269 seconds
18.237: [GC (Allocation Failure)  104137K->617K(444928K), 0.0006322 secs]
18.238: Total time for which application threads were stopped: 0.0007509 seconds, Stopping threads took: 0.0000192 seconds
18.307: [GC (Allocation Failure)  101993K->681K(442880K), 0.0005403 secs]
18.307: Total time for which application threads were stopped: 0.0006661 seconds, Stopping threads took: 0.0000277 seconds
18.373: [GC (Allocation Failure)  100009K->649K(440832K), 0.0005418 secs]
18.374: Total time for which application threads were stopped: 0.0006655 seconds, Stopping threads took: 0.0000269 seconds
18.435: [GC (Allocation Failure)  97929K->681K(438784K), 0.0005488 secs]
18.436: Total time for which application threads were stopped: 0.0006644 seconds, Stopping threads took: 0.0000188 seconds
18.502: [GC (Allocation Failure)  95913K->649K(437248K), 0.0004298 secs]
18.502: Total time for which application threads were stopped: 0.0005603 seconds, Stopping threads took: 0.0000282 seconds
18.566: [GC (Allocation Failure)  94345K->745K(435712K), 0.0005189 secs]
18.567: Total time for which application threads were stopped: 0.0006374 seconds, Stopping threads took: 0.0000188 seconds
18.624: [GC (Allocation Failure)  92905K->681K(434176K), 0.0005786 secs]
18.625: Total time for which application threads were stopped: 0.0007104 seconds, Stopping threads took: 0.0000290 seconds
18.682: [GC (Allocation Failure)  91305K->713K(432640K), 0.0005168 secs]
18.682: Total time for which application threads were stopped: 0.0006317 seconds, Stopping threads took: 0.0000190 seconds
18.742: [GC (Allocation Failure)  89801K->713K(431104K), 0.0005092 secs]
18.743: Total time for which application threads were stopped: 0.0006519 seconds, Stopping threads took: 0.0000274 seconds
18.802: [GC (Allocation Failure)  88265K->681K(429568K), 0.0004858 secs]
18.802: Total time for which application threads were stopped: 0.0006162 seconds, Stopping threads took: 0.0000216 seconds
18.856: [GC (Allocation Failure)  86697K->681K(428032K), 0.0005001 secs]
18.857: Total time for which application threads were stopped: 0.0006199 seconds, Stopping threads took: 0.0000195 seconds
18.912: [GC (Allocation Failure)  85161K->713K(426496K), 0.0004399 secs]
18.913: Total time for which application threads were stopped: 0.0005487 seconds, Stopping threads took: 0.0000164 seconds
18.965: [GC (Allocation Failure)  83657K->745K(424960K), 0.0004852 secs]
18.965: Total time for which application threads were stopped: 0.0006031 seconds, Stopping threads took: 0.0000191 seconds
19.022: [GC (Allocation Failure)  82153K->713K(423424K), 0.0005516 secs]
19.022: Total time for which application threads were stopped: 0.0006709 seconds, Stopping threads took: 0.0000197 seconds
19.078: [GC (Allocation Failure)  80585K->649K(422400K), 0.0004666 secs]
19.078: Total time for which application threads were stopped: 0.0005822 seconds, Stopping threads took: 0.0000192 seconds
19.133: [GC (Allocation Failure)  79497K->681K(421376K), 0.0004680 secs]
19.134: Total time for which application threads were stopped: 0.0005896 seconds, Stopping threads took: 0.0000195 seconds
19.188: [GC (Allocation Failure)  78505K->681K(420352K), 0.0005694 secs]
19.189: Total time for which application threads were stopped: 0.0007070 seconds, Stopping threads took: 0.0000281 seconds
19.237: [GC (Allocation Failure)  77481K->649K(419328K), 0.0005878 secs]
19.238: Total time for which application threads were stopped: 0.0007066 seconds, Stopping threads took: 0.0000191 seconds
19.285: [GC (Allocation Failure)  76425K->681K(418304K), 0.0006268 secs]
19.286: Total time for which application threads were stopped: 0.0007640 seconds, Stopping threads took: 0.0000203 seconds
19.338: [GC (Allocation Failure)  75433K->681K(417280K), 0.0004940 secs]
19.338: Total time for which application threads were stopped: 0.0006406 seconds, Stopping threads took: 0.0000213 seconds
19.384: [GC (Allocation Failure)  74409K->649K(416256K), 0.0005254 secs]
19.385: Total time for which application threads were stopped: 0.0006723 seconds, Stopping threads took: 0.0000215 seconds
19.435: [GC (Allocation Failure)  73353K->681K(415232K), 0.0005327 secs]
19.435: Total time for which application threads were stopped: 0.0006411 seconds, Stopping threads took: 0.0000174 seconds
19.480: [GC (Allocation Failure)  72361K->681K(414208K), 0.0005405 secs]
19.481: Total time for which application threads were stopped: 0.0006477 seconds, Stopping threads took: 0.0000165 seconds
19.526: [GC (Allocation Failure)  71337K->649K(413184K), 0.0004145 secs]
19.526: Total time for which application threads were stopped: 0.0005310 seconds, Stopping threads took: 0.0000253 seconds
19.576: [GC (Allocation Failure)  70281K->649K(412160K), 0.0004945 secs]
19.576: Total time for which application threads were stopped: 0.0006355 seconds, Stopping threads took: 0.0000277 seconds
19.623: [GC (Allocation Failure)  69257K->681K(411136K), 0.0004653 secs]
19.624: Total time for which application threads were stopped: 0.0005906 seconds, Stopping threads took: 0.0000209 seconds
19.672: [GC (Allocation Failure)  68265K->617K(410112K), 0.0005595 secs]
19.672: Total time for which application threads were stopped: 0.0006796 seconds, Stopping threads took: 0.0000189 seconds
19.718: [GC (Allocation Failure)  67177K->713K(409088K), 0.0004810 secs]
19.718: Total time for which application threads were stopped: 0.0005918 seconds, Stopping threads took: 0.0000174 seconds
19.760: [GC (Allocation Failure)  66249K->649K(408064K), 0.0005888 secs]
19.760: Total time for which application threads were stopped: 0.0007239 seconds, Stopping threads took: 0.0000197 seconds
19.807: [GC (Allocation Failure)  65161K->649K(421376K), 0.0006689 secs]
19.808: Total time for which application threads were stopped: 0.0008128 seconds, Stopping threads took: 0.0000231 seconds
19.856: [GC (Allocation Failure)  78473K->713K(437248K), 0.0006079 secs]
19.857: Total time for which application threads were stopped: 0.0007752 seconds, Stopping threads took: 0.0000312 seconds
19.921: [GC (Allocation Failure)  94409K->617K(435712K), 0.0005918 secs]
19.922: Total time for which application threads were stopped: 0.0007267 seconds, Stopping threads took: 0.0000297 seconds
19.980: [GC (Allocation Failure)  92777K->713K(434176K), 0.0006051 secs]
19.980: Total time for which application threads were stopped: 0.0007338 seconds, Stopping threads took: 0.0000282 seconds
20.039: [GC (Allocation Failure)  91337K->713K(432640K), 0.0006117 secs]
20.039: Total time for which application threads were stopped: 0.0007323 seconds, Stopping threads took: 0.0000198 seconds
20.095: [GC (Allocation Failure)  89801K->649K(431104K), 0.0005792 secs]
20.095: Total time for which application threads were stopped: 0.0007035 seconds, Stopping threads took: 0.0000272 seconds
20.150: [GC (Allocation Failure)  88201K->681K(429568K), 0.0004563 secs]
20.151: Total time for which application threads were stopped: 0.0005761 seconds, Stopping threads took: 0.0000195 seconds
20.204: [GC (Allocation Failure)  86697K->681K(428032K), 0.0004642 secs]
20.205: Total time for which application threads were stopped: 0.0005893 seconds, Stopping threads took: 0.0000275 seconds
20.257: [GC (Allocation Failure)  85161K->713K(426496K), 0.0004988 secs]
20.258: Total time for which application threads were stopped: 0.0006173 seconds, Stopping threads took: 0.0000197 seconds
20.310: [GC (Allocation Failure)  83657K->713K(424960K), 0.0004774 secs]
20.310: Total time for which application threads were stopped: 0.0006073 seconds, Stopping threads took: 0.0000198 seconds
20.367: [GC (Allocation Failure)  82121K->617K(423424K), 0.0006918 secs]
20.367: Total time for which application threads were stopped: 0.0008193 seconds, Stopping threads took: 0.0000200 seconds
20.424: [GC (Allocation Failure)  80489K->649K(422400K), 0.0004837 secs]
20.425: Total time for which application threads were stopped: 0.0005934 seconds, Stopping threads took: 0.0000172 seconds
20.477: [GC (Allocation Failure)  79497K->681K(421376K), 0.0004726 secs]
20.477: Total time for which application threads were stopped: 0.0006016 seconds, Stopping threads took: 0.0000272 seconds
20.527: [GC (Allocation Failure)  78505K->649K(420352K), 0.0004450 secs]
20.528: Total time for which application threads were stopped: 0.0005689 seconds, Stopping threads took: 0.0000263 seconds
20.575: [GC (Allocation Failure)  77449K->649K(419328K), 0.0005320 secs]
20.576: Total time for which application threads were stopped: 0.0006504 seconds, Stopping threads took: 0.0000203 seconds
20.629: [GC (Allocation Failure)  76425K->649K(418304K), 0.0006363 secs]
20.630: Total time for which application threads were stopped: 0.0007543 seconds, Stopping threads took: 0.0000255 seconds
20.677: [GC (Allocation Failure)  75401K->649K(417280K), 0.0004824 secs]
20.677: Total time for which application threads were stopped: 0.0005988 seconds, Stopping threads took: 0.0000171 seconds
20.730: [GC (Allocation Failure)  74377K->649K(416256K), 0.0005279 secs]
20.730: Total time for which application threads were stopped: 0.0006742 seconds, Stopping threads took: 0.0000225 seconds
20.781: [GC (Allocation Failure)  73353K->713K(415232K), 0.0005338 secs]
20.781: Total time for which application threads were stopped: 0.0006768 seconds, Stopping threads took: 0.0000223 seconds
20.827: [GC (Allocation Failure)  72393K->681K(414208K), 0.0004727 secs]
20.827: Total time for which application threads were stopped: 0.0006013 seconds, Stopping threads took: 0.0000230 seconds
20.872: [GC (Allocation Failure)  71337K->681K(413184K), 0.0004755 secs]
20.872: Total time for which application threads were stopped: 0.0006027 seconds, Stopping threads took: 0.0000277 seconds
20.916: [GC (Allocation Failure)  70313K->617K(412160K), 0.0006050 secs]
20.916: Total time for which application threads were stopped: 0.0007395 seconds, Stopping threads took: 0.0000199 seconds
20.959: [GC (Allocation Failure)  69225K->713K(425984K), 0.0005954 secs]
20.960: Total time for which application threads were stopped: 0.0007367 seconds, Stopping threads took: 0.0000215 seconds
21.013: [GC (Allocation Failure)  83145K->713K(424448K), 0.0004754 secs]
21.013: Total time for which application threads were stopped: 0.0006133 seconds, Stopping threads took: 0.0000256 seconds
21.069: [GC (Allocation Failure)  81609K->649K(422912K), 0.0006157 secs]
21.070: Total time for which application threads were stopped: 0.0007438 seconds, Stopping threads took: 0.0000265 seconds
21.120: [GC (Allocation Failure)  80009K->681K(421888K), 0.0005113 secs]
21.120: Total time for which application threads were stopped: 0.0006596 seconds, Stopping threads took: 0.0000205 seconds
21.175: [GC (Allocation Failure)  79017K->649K(420864K), 0.0006136 secs]
21.176: Total time for which application threads were stopped: 0.0007567 seconds, Stopping threads took: 0.0000219 seconds
21.231: [GC (Allocation Failure)  77961K->713K(419840K), 0.0005267 secs]
21.231: Total time for which application threads were stopped: 0.0006658 seconds, Stopping threads took: 0.0000217 seconds
21.279: [GC (Allocation Failure)  77001K->649K(418816K), 0.0005718 secs]
21.280: Total time for which application threads were stopped: 0.0007176 seconds, Stopping threads took: 0.0000215 seconds
21.333: [GC (Allocation Failure)  75913K->649K(417792K), 0.0005073 secs]
21.333: Total time for which application threads were stopped: 0.0006428 seconds, Stopping threads took: 0.0000200 seconds
21.385: [GC (Allocation Failure)  74889K->681K(416768K), 0.0005604 secs]
21.386: Total time for which application threads were stopped: 0.0006928 seconds, Stopping threads took: 0.0000208 seconds
21.436: [GC (Allocation Failure)  73897K->649K(415744K), 0.0004534 secs]
21.437: Total time for which application threads were stopped: 0.0005623 seconds, Stopping threads took: 0.0000170 seconds
21.482: [GC (Allocation Failure)  72841K->713K(414720K), 0.0006543 secs]
21.483: Total time for which application threads were stopped: 0.0007782 seconds, Stopping threads took: 0.0000253 seconds
21.529: [GC (Allocation Failure)  71881K->649K(429056K), 0.0006216 secs]
21.529: Total time for which application threads were stopped: 0.0007529 seconds, Stopping threads took: 0.0000188 seconds
21.584: [GC (Allocation Failure)  86153K->713K(427520K), 0.0004656 secs]
21.585: Total time for which application threads were stopped: 0.0005993 seconds, Stopping threads took: 0.0000255 seconds
21.638: [GC (Allocation Failure)  84681K->681K(425984K), 0.0005679 secs]
21.638: Total time for which application threads were stopped: 0.0007057 seconds, Stopping threads took: 0.0000250 seconds
21.694: [GC (Allocation Failure)  83113K->713K(424448K), 0.0004959 secs]
21.695: Total time for which application threads were stopped: 0.0006201 seconds, Stopping threads took: 0.0000188 seconds
21.745: [GC (Allocation Failure)  81609K->649K(422912K), 0.0005253 secs]
21.746: Total time for which application threads were stopped: 0.0006730 seconds, Stopping threads took: 0.0000297 seconds
21.802: [GC (Allocation Failure)  80009K->713K(421888K), 0.0006141 secs]
21.802: Total time for which application threads were stopped: 0.0007324 seconds, Stopping threads took: 0.0000192 seconds
21.857: [GC (Allocation Failure)  79049K->681K(420864K), 0.0005838 secs]
21.858: Total time for which application threads were stopped: 0.0006990 seconds, Stopping threads took: 0.0000196 seconds
21.911: [GC (Allocation Failure)  77993K->649K(419840K), 0.0005068 secs]
21.912: Total time for which application threads were stopped: 0.0006228 seconds, Stopping threads took: 0.0000190 seconds
21.966: [GC (Allocation Failure)  76937K->649K(418816K), 0.0004817 secs]
21.967: Total time for which application threads were stopped: 0.0005984 seconds, Stopping threads took: 0.0000191 seconds
22.020: [GC (Allocation Failure)  75913K->681K(417792K), 0.0004479 secs]
22.021: Total time for which application threads were stopped: 0.0005731 seconds, Stopping threads took: 0.0000198 seconds
22.067: [GC (Allocation Failure)  74921K->617K(416768K), 0.0004488 secs]
22.068: Total time for which application threads were stopped: 0.0006041 seconds, Stopping threads took: 0.0000269 seconds
22.118: [GC (Allocation Failure)  73833K->745K(415744K), 0.0005270 secs]
22.118: Total time for which application threads were stopped: 0.0006780 seconds, Stopping threads took: 0.0000222 seconds
22.169: [GC (Allocation Failure)  72937K->681K(414720K), 0.0004749 secs]
22.169: Total time for which application threads were stopped: 0.0005935 seconds, Stopping threads took: 0.0000188 seconds
22.215: [GC (Allocation Failure)  71849K->617K(413696K), 0.0005189 secs]
22.216: Total time for which application threads were stopped: 0.0006533 seconds, Stopping threads took: 0.0000194 seconds
22.260: [GC (Allocation Failure)  70761K->681K(412672K), 0.0004781 secs]
22.260: Total time for which application threads were stopped: 0.0006128 seconds, Stopping threads took: 0.0000215 seconds
22.309: [GC (Allocation Failure)  69801K->649K(411648K), 0.0004692 secs]
22.310: Total time for which application threads were stopped: 0.0005858 seconds, Stopping threads took: 0.0000200 seconds
22.358: [GC (Allocation Failure)  68745K->713K(410624K), 0.0005270 secs]
22.359: Total time for which application threads were stopped: 0.0006474 seconds, Stopping threads took: 0.0000193 seconds
22.401: [GC (Allocation Failure)  67785K->649K(409600K), 0.0003969 secs]
22.401: Total time for which application threads were stopped: 0.0005119 seconds, Stopping threads took: 0.0000255 seconds
22.443: [GC (Allocation Failure)  66697K->681K(422912K), 0.0016061 secs]
22.445: Total time for which application threads were stopped: 0.0017341 seconds, Stopping threads took: 0.0000270 seconds
22.495: [GC (Allocation Failure)  80041K->745K(438784K), 0.0004020 secs]
22.495: Total time for which application threads were stopped: 0.0005337 seconds, Stopping threads took: 0.0000255 seconds
22.555: [GC (Allocation Failure)  95977K->713K(458240K), 0.0006420 secs]
22.555: Total time for which application threads were stopped: 0.0007879 seconds, Stopping threads took: 0.0000259 seconds
22.629: [GC (Allocation Failure)  115401K->681K(481280K), 0.0006481 secs]
22.630: Total time for which application threads were stopped: 0.0007886 seconds, Stopping threads took: 0.0000218 seconds
22.717: [GC (Allocation Failure)  138409K->713K(478208K), 0.0005138 secs]
22.718: Total time for which application threads were stopped: 0.0006600 seconds, Stopping threads took: 0.0000214 seconds
22.806: [GC (Allocation Failure)  135369K->649K(475136K), 0.0004911 secs]
22.807: Total time for which application threads were stopped: 0.0006115 seconds, Stopping threads took: 0.0000199 seconds
22.893: [GC (Allocation Failure)  132233K->681K(472064K), 0.0005059 secs]
22.894: Total time for which application threads were stopped: 0.0006328 seconds, Stopping threads took: 0.0000272 seconds
22.974: [GC (Allocation Failure)  129193K->681K(468992K), 0.0005263 secs]
22.974: Total time for which application threads were stopped: 0.0006488 seconds, Stopping threads took: 0.0000210 seconds
23.054: [GC (Allocation Failure)  126121K->713K(465920K), 0.0004564 secs]
23.055: Total time for which application threads were stopped: 0.0005846 seconds, Stopping threads took: 0.0000264 seconds
23.131: [GC (Allocation Failure)  123081K->617K(463360K), 0.0006391 secs]
23.131: Total time for which application threads were stopped: 0.0007789 seconds, Stopping threads took: 0.0000219 seconds
23.213: [GC (Allocation Failure)  120425K->649K(460800K), 0.0004959 secs]
23.213: Total time for which application threads were stopped: 0.0006274 seconds, Stopping threads took: 0.0000185 seconds
23.286: [GC (Allocation Failure)  117897K->681K(458240K), 0.0006932 secs]
23.287: Total time for which application threads were stopped: 0.0008183 seconds, Stopping threads took: 0.0000218 seconds
23.363: [GC (Allocation Failure)  115369K->681K(455680K), 0.0005981 secs]
23.364: Total time for which application threads were stopped: 0.0007305 seconds, Stopping threads took: 0.0000270 seconds
23.434: [GC (Allocation Failure)  112809K->681K(453120K), 0.0005819 secs]
23.435: Total time for which application threads were stopped: 0.0006996 seconds, Stopping threads took: 0.0000193 seconds
23.508: [GC (Allocation Failure)  110249K->649K(451072K), 0.0005442 secs]
23.508: Total time for which application threads were stopped: 0.0006848 seconds, Stopping threads took: 0.0000278 seconds
23.581: [GC (Allocation Failure)  108169K->649K(449024K), 0.0004319 secs]
23.582: Total time for which application threads were stopped: 0.0005542 seconds, Stopping threads took: 0.0000252 seconds
23.653: [GC (Allocation Failure)  106121K->649K(446976K), 0.0005413 secs]
23.654: Total time for which application threads were stopped: 0.0006735 seconds, Stopping threads took: 0.0000176 seconds
23.718: [GC (Allocation Failure)  104073K->745K(444928K), 0.0006302 secs]
23.719: Total time for which application threads were stopped: 0.0007619 seconds, Stopping threads took: 0.0000210 seconds
23.783: [GC (Allocation Failure)  102121K->745K(442880K), 0.0005085 secs]
23.783: Total time for which application threads were stopped: 0.0006463 seconds, Stopping threads took: 0.0000214 seconds
23.846: [GC (Allocation Failure)  100073K->745K(440832K), 0.0004776 secs]
23.846: Total time for which application threads were stopped: 0.0006070 seconds, Stopping threads took: 0.0000284 seconds
23.907: [GC (Allocation Failure)  98025K->649K(438784K), 0.0004786 secs]
23.907: Total time for which application threads were stopped: 0.0005945 seconds, Stopping threads took: 0.0000192 seconds
23.967: [GC (Allocation Failure)  95881K->649K(437248K), 0.0004177 secs]
23.968: Total time for which application threads were stopped: 0.0005417 seconds, Stopping threads took: 0.0000200 seconds
24.027: [GC (Allocation Failure)  94345K->649K(435712K), 0.0004637 secs]
24.028: Total time for which application threads were stopped: 0.0005841 seconds, Stopping threads took: 0.0000193 seconds
24.092: [GC (Allocation Failure)  92809K->681K(434176K), 0.0004212 secs]
24.092: Total time for which application threads were stopped: 0.0005615 seconds, Stopping threads took: 0.0000224 seconds
24.154: [GC (Allocation Failure)  91305K->649K(432640K), 0.0004208 secs]
24.154: Total time for which application threads were stopped: 0.0005253 seconds, Stopping threads took: 0.0000153 seconds
24.213: [GC (Allocation Failure)  89737K->681K(431104K), 0.0004768 secs]
24.214: Total time for which application threads were stopped: 0.0005975 seconds, Stopping threads took: 0.0000206 seconds
24.274: [GC (Allocation Failure)  88233K->681K(429568K), 0.0005228 secs]
24.274: Total time for which application threads were stopped: 0.0006417 seconds, Stopping threads took: 0.0000197 seconds
24.334: [GC (Allocation Failure)  86697K->649K(428032K), 0.0004979 secs]
24.334: Total time for which application threads were stopped: 0.0006250 seconds, Stopping threads took: 0.0000194 seconds
24.387: [GC (Allocation Failure)  85129K->617K(444928K), 0.0023369 secs]
24.389: Total time for which application threads were stopped: 0.0024625 seconds, Stopping threads took: 0.0000353 seconds
24.456: [GC (Allocation Failure)  101993K->681K(465408K), 0.0006793 secs]
24.457: Total time for which application threads were stopped: 0.0008082 seconds, Stopping threads took: 0.0000197 seconds
24.534: [GC (Allocation Failure)  122537K->681K(489984K), 0.0003777 secs]
24.535: Total time for which application threads were stopped: 0.0005108 seconds, Stopping threads took: 0.0000247 seconds
24.632: [GC (Allocation Failure)  147113K->681K(486400K), 0.0005411 secs]
24.633: Total time for which application threads were stopped: 0.0006660 seconds, Stopping threads took: 0.0000188 seconds
24.727: [GC (Allocation Failure)  143529K->681K(482816K), 0.0004977 secs]
24.728: Total time for which application threads were stopped: 0.0006148 seconds, Stopping threads took: 0.0000202 seconds
24.814: [GC (Allocation Failure)  139945K->649K(479232K), 0.0004492 secs]
24.815: Total time for which application threads were stopped: 0.0005595 seconds, Stopping threads took: 0.0000176 seconds
24.899: [GC (Allocation Failure)  136329K->617K(476160K), 0.0004308 secs]
24.899: Total time for which application threads were stopped: 0.0005363 seconds, Stopping threads took: 0.0000173 seconds
24.987: [GC (Allocation Failure)  133225K->649K(473088K), 0.0004052 secs]
24.988: Total time for which application threads were stopped: 0.0005122 seconds, Stopping threads took: 0.0000169 seconds
25.070: [GC (Allocation Failure)  130185K->649K(470016K), 0.0004335 secs]
25.071: Total time for which application threads were stopped: 0.0005541 seconds, Stopping threads took: 0.0000253 seconds
25.149: [GC (Allocation Failure)  127113K->649K(466944K), 0.0004832 secs]
25.150: Total time for which application threads were stopped: 0.0006031 seconds, Stopping threads took: 0.0000204 seconds
25.233: [GC (Allocation Failure)  124041K->649K(464384K), 0.0006757 secs]
25.234: Total time for which application threads were stopped: 0.0007830 seconds, Stopping threads took: 0.0000193 seconds
25.311: [GC (Allocation Failure)  121481K->681K(461824K), 0.0006729 secs]
25.312: Total time for which application threads were stopped: 0.0007920 seconds, Stopping threads took: 0.0000193 seconds
25.386: [GC (Allocation Failure)  118953K->649K(459264K), 0.0004752 secs]
25.386: Total time for which application threads were stopped: 0.0005917 seconds, Stopping threads took: 0.0000193 seconds
25.459: [GC (Allocation Failure)  116361K->681K(456704K), 0.0007384 secs]
25.460: Total time for which application threads were stopped: 0.0008667 seconds, Stopping threads took: 0.0000277 seconds
25.530: [GC (Allocation Failure)  113833K->649K(454144K), 0.0004678 secs]
25.531: Total time for which application threads were stopped: 0.0005955 seconds, Stopping threads took: 0.0000274 seconds
25.604: [GC (Allocation Failure)  111241K->681K(452096K), 0.0004590 secs]
25.605: Total time for which application threads were stopped: 0.0005747 seconds, Stopping threads took: 0.0000192 seconds
25.678: [GC (Allocation Failure)  109225K->649K(450048K), 0.0004670 secs]
25.679: Total time for which application threads were stopped: 0.0005832 seconds, Stopping threads took: 0.0000197 seconds
25.750: [GC (Allocation Failure)  107145K->681K(448000K), 0.0004634 secs]
25.750: Total time for which application threads were stopped: 0.0005811 seconds, Stopping threads took: 0.0000192 seconds
25.816: [GC (Allocation Failure)  105129K->649K(445952K), 0.0005267 secs]
25.816: Total time for which application threads were stopped: 0.0006706 seconds, Stopping threads took: 0.0000442 seconds
25.880: [GC (Allocation Failure)  103049K->649K(443904K), 0.0006011 secs]
25.881: Total time for which application threads were stopped: 0.0007262 seconds, Stopping threads took: 0.0000194 seconds
25.947: [GC (Allocation Failure)  101001K->617K(441856K), 0.0004641 secs]
25.947: Total time for which application threads were stopped: 0.0005739 seconds, Stopping threads took: 0.0000166 seconds
26.009: [GC (Allocation Failure)  98921K->681K(439808K), 0.0004960 secs]
26.009: Total time for which application threads were stopped: 0.0006271 seconds, Stopping threads took: 0.0000262 seconds
26.069: [GC (Allocation Failure)  96937K->681K(437760K), 0.0004574 secs]
26.070: Total time for which application threads were stopped: 0.0005775 seconds, Stopping threads took: 0.0000194 seconds
26.128: [GC (Allocation Failure)  94889K->617K(436224K), 0.0006489 secs]
26.129: Total time for which application threads were stopped: 0.0007633 seconds, Stopping threads took: 0.0000191 seconds
26.192: [GC (Allocation Failure)  93289K->681K(434688K), 0.0006290 secs]
26.193: Total time for which application threads were stopped: 0.0007464 seconds, Stopping threads took: 0.0000254 seconds
26.253: [GC (Allocation Failure)  91817K->681K(433152K), 0.0006198 secs]
26.254: Total time for which application threads were stopped: 0.0007629 seconds, Stopping threads took: 0.0000274 seconds
26.315: [GC (Allocation Failure)  90281K->649K(431616K), 0.0005147 secs]
26.315: Total time for which application threads were stopped: 0.0006307 seconds, Stopping threads took: 0.0000190 seconds
26.375: [GC (Allocation Failure)  88713K->617K(430080K), 0.0005954 secs]
26.376: Total time for which application threads were stopped: 0.0007342 seconds, Stopping threads took: 0.0000273 seconds
26.435: [GC (Allocation Failure)  87145K->649K(428544K), 0.0005784 secs]
26.435: Total time for which application threads were stopped: 0.0006949 seconds, Stopping threads took: 0.0000178 seconds
26.488: [GC (Allocation Failure)  85641K->713K(427008K), 0.0006025 secs]
26.489: Total time for which application threads were stopped: 0.0007202 seconds, Stopping threads took: 0.0000197 seconds
26.542: [GC (Allocation Failure)  84169K->649K(425472K), 0.0004754 secs]
26.542: Total time for which application threads were stopped: 0.0005825 seconds, Stopping threads took: 0.0000171 seconds
26.595: [GC (Allocation Failure)  82569K->649K(423936K), 0.0004623 secs]
26.595: Total time for which application threads were stopped: 0.0005950 seconds, Stopping threads took: 0.0000250 seconds
26.649: [GC (Allocation Failure)  81033K->649K(422400K), 0.0004516 secs]
26.649: Total time for which application threads were stopped: 0.0005816 seconds, Stopping threads took: 0.0000253 seconds
26.703: [GC (Allocation Failure)  79497K->713K(421376K), 0.0006383 secs]
26.703: Total time for which application threads were stopped: 0.0007686 seconds, Stopping threads took: 0.0000272 seconds
26.752: [GC (Allocation Failure)  78537K->649K(420352K), 0.0005486 secs]
26.752: Total time for which application threads were stopped: 0.0006640 seconds, Stopping threads took: 0.0000191 seconds
26.807: [GC (Allocation Failure)  77449K->649K(419328K), 0.0004852 secs]
26.807: Total time for which application threads were stopped: 0.0006146 seconds, Stopping threads took: 0.0000272 seconds
26.859: [GC (Allocation Failure)  76425K->681K(418304K), 0.0004657 secs]
26.859: Total time for which application threads were stopped: 0.0005933 seconds, Stopping threads took: 0.0000217 seconds
26.912: [GC (Allocation Failure)  75433K->713K(417280K), 0.0006310 secs]
26.913: Total time for which application threads were stopped: 0.0007420 seconds, Stopping threads took: 0.0000169 seconds
26.965: [GC (Allocation Failure)  74441K->649K(416256K), 0.0004883 secs]
26.965: Total time for which application threads were stopped: 0.0005953 seconds, Stopping threads took: 0.0000173 seconds
27.011: [GC (Allocation Failure)  73353K->649K(415232K), 0.0004033 secs]
27.012: Total time for which application threads were stopped: 0.0005197 seconds, Stopping threads took: 0.0000169 seconds
27.056: [GC (Allocation Failure)  72329K->649K(414208K), 0.0005666 secs]
27.057: Total time for which application threads were stopped: 0.0006891 seconds, Stopping threads took: 0.0000253 seconds
27.107: [GC (Allocation Failure)  71305K->713K(428544K), 0.0007899 secs]
27.107: Total time for which application threads were stopped: 0.0009325 seconds, Stopping threads took: 0.0000298 seconds
27.161: [GC (Allocation Failure)  85705K->649K(427008K), 0.0005073 secs]
27.161: Total time for which application threads were stopped: 0.0006536 seconds, Stopping threads took: 0.0000286 seconds
27.219: [GC (Allocation Failure)  84105K->681K(425472K), 0.0006782 secs]
27.220: Total time for which application threads were stopped: 0.0008053 seconds, Stopping threads took: 0.0000217 seconds
27.275: [GC (Allocation Failure)  82601K->681K(423936K), 0.0004749 secs]
27.275: Total time for which application threads were stopped: 0.0006003 seconds, Stopping threads took: 0.0000195 seconds
27.325: [GC (Allocation Failure)  81065K->681K(422400K), 0.0005689 secs]
27.326: Total time for which application threads were stopped: 0.0007112 seconds, Stopping threads took: 0.0000295 seconds
27.375: [GC (Allocation Failure)  79529K->649K(421376K), 0.0005472 secs]
27.376: Total time for which application threads were stopped: 0.0006934 seconds, Stopping threads took: 0.0000219 seconds
27.428: [GC (Allocation Failure)  78473K->681K(420352K), 0.0006167 secs]
27.429: Total time for which application threads were stopped: 0.0007440 seconds, Stopping threads took: 0.0000271 seconds
27.477: [GC (Allocation Failure)  77481K->617K(435712K), 0.0007365 secs]
27.478: Total time for which application threads were stopped: 0.0008621 seconds, Stopping threads took: 0.0000217 seconds
27.536: [GC (Allocation Failure)  92777K->649K(434176K), 0.0004722 secs]
27.536: Total time for which application threads were stopped: 0.0006062 seconds, Stopping threads took: 0.0000198 seconds
27.593: [GC (Allocation Failure)  91273K->617K(432640K), 0.0004567 secs]
27.593: Total time for which application threads were stopped: 0.0005910 seconds, Stopping threads took: 0.0000301 seconds
27.648: [GC (Allocation Failure)  89705K->713K(431104K), 0.0005217 secs]
27.649: Total time for which application threads were stopped: 0.0006604 seconds, Stopping threads took: 0.0000265 seconds
27.704: [GC (Allocation Failure)  88265K->713K(429568K), 0.0005253 secs]
27.704: Total time for which application threads were stopped: 0.0006997 seconds, Stopping threads took: 0.0000480 seconds
27.758: [GC (Allocation Failure)  86729K->713K(428032K), 0.0005516 secs]
27.759: Total time for which application threads were stopped: 0.0006588 seconds, Stopping threads took: 0.0000165 seconds
27.817: [GC (Allocation Failure)  85193K->617K(426496K), 0.0005246 secs]
27.817: Total time for which application threads were stopped: 0.0006432 seconds, Stopping threads took: 0.0000194 seconds
27.874: [GC (Allocation Failure)  83561K->617K(424960K), 0.0004759 secs]
27.874: Total time for which application threads were stopped: 0.0006028 seconds, Stopping threads took: 0.0000196 seconds
27.930: [GC (Allocation Failure)  82025K->745K(423424K), 0.0005446 secs]
27.931: Total time for which application threads were stopped: 0.0006652 seconds, Stopping threads took: 0.0000190 seconds
27.981: [GC (Allocation Failure)  80617K->617K(422400K), 0.0004900 secs]
27.981: Total time for which application threads were stopped: 0.0006250 seconds, Stopping threads took: 0.0000220 seconds
28.035: [GC (Allocation Failure)  79465K->713K(421376K), 0.0007179 secs]
28.036: Total time for which application threads were stopped: 0.0008552 seconds, Stopping threads took: 0.0000293 seconds
28.084: [GC (Allocation Failure)  78537K->649K(420352K), 0.0004818 secs]
28.085: Total time for which application threads were stopped: 0.0006085 seconds, Stopping threads took: 0.0000189 seconds
28.139: [GC (Allocation Failure)  77449K->681K(419328K), 0.0005259 secs]
28.139: Total time for which application threads were stopped: 0.0006591 seconds, Stopping threads took: 0.0000210 seconds
28.187: [GC (Allocation Failure)  76457K->649K(418304K), 0.0005081 secs]
28.187: Total time for which application threads were stopped: 0.0006522 seconds, Stopping threads took: 0.0000218 seconds
28.235: [GC (Allocation Failure)  75401K->681K(417280K), 0.0004982 secs]
28.235: Total time for which application threads were stopped: 0.0006303 seconds, Stopping threads took: 0.0000200 seconds
28.286: [GC (Allocation Failure)  74409K->713K(416256K), 0.0005673 secs]
28.286: Total time for which application threads were stopped: 0.0006822 seconds, Stopping threads took: 0.0000194 seconds
28.337: [GC (Allocation Failure)  73417K->649K(415232K), 0.0004662 secs]
28.338: Total time for which application threads were stopped: 0.0005765 seconds, Stopping threads took: 0.0000175 seconds
28.382: [GC (Allocation Failure)  72329K->649K(414208K), 0.0004732 secs]
28.383: Total time for which application threads were stopped: 0.0005815 seconds, Stopping threads took: 0.0000169 seconds
28.428: [GC (Allocation Failure)  71305K->681K(413184K), 0.0005876 secs]
28.428: Total time for which application threads were stopped: 0.0007055 seconds, Stopping threads took: 0.0000174 seconds
28.475: [GC (Allocation Failure)  70313K->649K(412160K), 0.0005345 secs]
28.476: Total time for which application threads were stopped: 0.0006450 seconds, Stopping threads took: 0.0000167 seconds
28.520: [GC (Allocation Failure)  69257K->713K(411136K), 0.0005479 secs]
28.520: Total time for which application threads were stopped: 0.0006736 seconds, Stopping threads took: 0.0000265 seconds
28.566: [GC (Allocation Failure)  68297K->585K(410112K), 0.0004637 secs]
28.566: Total time for which application threads were stopped: 0.0005842 seconds, Stopping threads took: 0.0000215 seconds
28.608: [GC (Allocation Failure)  67145K->681K(409088K), 0.0004820 secs]
28.608: Total time for which application threads were stopped: 0.0005910 seconds, Stopping threads took: 0.0000173 seconds
28.649: [GC (Allocation Failure)  66217K->649K(408064K), 0.0003955 secs]
28.650: Total time for which application threads were stopped: 0.0005022 seconds, Stopping threads took: 0.0000165 seconds
28.690: [GC (Allocation Failure)  65161K->649K(407040K), 0.0004600 secs]
28.691: Total time for which application threads were stopped: 0.0005867 seconds, Stopping threads took: 0.0000275 seconds
28.734: [GC (Allocation Failure)  64137K->649K(406016K), 0.0005640 secs]
28.735: Total time for which application threads were stopped: 0.0007074 seconds, Stopping threads took: 0.0000218 seconds
28.779: [GC (Allocation Failure)  63113K->649K(418816K), 0.0006674 secs]
28.780: Total time for which application threads were stopped: 0.0008080 seconds, Stopping threads took: 0.0000230 seconds
28.830: [GC (Allocation Failure)  75913K->617K(434176K), 0.0007087 secs]
28.831: Total time for which application threads were stopped: 0.0008651 seconds, Stopping threads took: 0.0000232 seconds
28.887: [GC (Allocation Failure)  91241K->649K(432640K), 0.0004906 secs]
28.888: Total time for which application threads were stopped: 0.0006238 seconds, Stopping threads took: 0.0000289 seconds
28.944: [GC (Allocation Failure)  89737K->649K(431104K), 0.0004504 secs]
28.944: Total time for which application threads were stopped: 0.0005709 seconds, Stopping threads took: 0.0000197 seconds
28.999: [GC (Allocation Failure)  88201K->649K(429568K), 0.0005530 secs]
28.999: Total time for which application threads were stopped: 0.0006990 seconds, Stopping threads took: 0.0000261 seconds
29.053: [GC (Allocation Failure)  86665K->617K(428032K), 0.0005901 secs]
29.054: Total time for which application threads were stopped: 0.0007138 seconds, Stopping threads took: 0.0000211 seconds
29.106: [GC (Allocation Failure)  85097K->681K(426496K), 0.0006791 secs]
29.107: Total time for which application threads were stopped: 0.0008216 seconds, Stopping threads took: 0.0000286 seconds
29.159: [GC (Allocation Failure)  83625K->649K(424960K), 0.0004860 secs]
29.159: Total time for which application threads were stopped: 0.0006046 seconds, Stopping threads took: 0.0000193 seconds
29.214: [GC (Allocation Failure)  82057K->681K(423424K), 0.0004790 secs]
29.215: Total time for which application threads were stopped: 0.0006041 seconds, Stopping threads took: 0.0000271 seconds
29.265: [GC (Allocation Failure)  80553K->681K(422400K), 0.0004685 secs]
29.265: Total time for which application threads were stopped: 0.0005865 seconds, Stopping threads took: 0.0000187 seconds
29.314: [GC (Allocation Failure)  79529K->649K(421376K), 0.0004965 secs]
29.315: Total time for which application threads were stopped: 0.0006113 seconds, Stopping threads took: 0.0000188 seconds
29.368: [GC (Allocation Failure)  78473K->649K(420352K), 0.0004682 secs]
29.369: Total time for which application threads were stopped: 0.0005860 seconds, Stopping threads took: 0.0000198 seconds
29.424: [GC (Allocation Failure)  77449K->681K(419328K), 0.0004812 secs]
29.425: Total time for which application threads were stopped: 0.0006074 seconds, Stopping threads took: 0.0000271 seconds
29.476: [GC (Allocation Failure)  76457K->681K(418304K), 0.0005572 secs]
29.476: Total time for which application threads were stopped: 0.0006751 seconds, Stopping threads took: 0.0000192 seconds
29.527: [GC (Allocation Failure)  75433K->649K(417280K), 0.0004430 secs]
29.528: Total time for which application threads were stopped: 0.0005602 seconds, Stopping threads took: 0.0000249 seconds
29.580: [GC (Allocation Failure)  74377K->617K(416256K), 0.0006486 secs]
29.581: Total time for which application threads were stopped: 0.0007659 seconds, Stopping threads took: 0.0000199 seconds
29.629: [GC (Allocation Failure)  73321K->681K(415232K), 0.0005027 secs]
29.630: Total time for which application threads were stopped: 0.0006210 seconds, Stopping threads took: 0.0000192 seconds
29.675: [GC (Allocation Failure)  72361K->681K(414208K), 0.0006093 secs]
29.675: Total time for which application threads were stopped: 0.0007281 seconds, Stopping threads took: 0.0000195 seconds
29.720: [GC (Allocation Failure)  71337K->681K(428544K), 0.0007004 secs]
29.720: Total time for which application threads were stopped: 0.0008476 seconds, Stopping threads took: 0.0000219 seconds
29.778: [GC (Allocation Failure)  85673K->681K(445952K), 0.0007329 secs]
29.779: Total time for which application threads were stopped: 0.0008526 seconds, Stopping threads took: 0.0000195 seconds
29.843: [GC (Allocation Failure)  103081K->713K(443904K), 0.0005660 secs]
29.843: Total time for which application threads were stopped: 0.0007048 seconds, Stopping threads took: 0.0000273 seconds
29.906: [GC (Allocation Failure)  101065K->745K(441856K), 0.0007098 secs]
29.907: Total time for which application threads were stopped: 0.0008470 seconds, Stopping threads took: 0.0000213 seconds
29.968: [GC (Allocation Failure)  99049K->617K(439808K), 0.0006713 secs]
29.968: Total time for which application threads were stopped: 0.0008196 seconds, Stopping threads took: 0.0000214 seconds
30.030: [GC (Allocation Failure)  96873K->649K(437760K), 0.0004766 secs]
30.030: Total time for which application threads were stopped: 0.0006185 seconds, Stopping threads took: 0.0000277 seconds
30.089: [GC (Allocation Failure)  94857K->649K(436224K), 0.0007105 secs]
30.090: Total time for which application threads were stopped: 0.0008442 seconds, Stopping threads took: 0.0000212 seconds
30.147: [GC (Allocation Failure)  93321K->617K(434688K), 0.0005155 secs]
30.148: Total time for which application threads were stopped: 0.0006554 seconds, Stopping threads took: 0.0000229 seconds
30.205: [GC (Allocation Failure)  91753K->649K(433152K), 0.0004815 secs]
30.205: Total time for which application threads were stopped: 0.0006085 seconds, Stopping threads took: 0.0000277 seconds
30.267: [GC (Allocation Failure)  90249K->713K(431616K), 0.0006149 secs]
30.268: Total time for which application threads were stopped: 0.0007399 seconds, Stopping threads took: 0.0000216 seconds
30.323: [GC (Allocation Failure)  88777K->617K(430080K), 0.0004728 secs]
30.324: Total time for which application threads were stopped: 0.0005988 seconds, Stopping threads took: 0.0000274 seconds
30.381: [GC (Allocation Failure)  87145K->617K(428544K), 0.0005602 secs]
30.382: Total time for which application threads were stopped: 0.0006965 seconds, Stopping threads took: 0.0000198 seconds
30.438: [GC (Allocation Failure)  85609K->649K(427008K), 0.0005198 secs]
30.439: Total time for which application threads were stopped: 0.0006461 seconds, Stopping threads took: 0.0000270 seconds
30.495: [GC (Allocation Failure)  84105K->649K(425472K), 0.0008568 secs]
30.496: Total time for which application threads were stopped: 0.0009935 seconds, Stopping threads took: 0.0000193 seconds
30.553: [GC (Allocation Failure)  82569K->617K(423936K), 0.0004700 secs]
30.553: Total time for which application threads were stopped: 0.0005852 seconds, Stopping threads took: 0.0000194 seconds
30.606: [GC (Allocation Failure)  81001K->649K(422400K), 0.0004920 secs]
30.607: Total time for which application threads were stopped: 0.0006338 seconds, Stopping threads took: 0.0000281 seconds
30.661: [GC (Allocation Failure)  79497K->681K(421376K), 0.0004914 secs]
30.661: Total time for which application threads were stopped: 0.0006325 seconds, Stopping threads took: 0.0000212 seconds
30.710: [GC (Allocation Failure)  78505K->649K(420352K), 0.0006952 secs]
30.711: Total time for which application threads were stopped: 0.0008449 seconds, Stopping threads took: 0.0000294 seconds
30.764: [GC (Allocation Failure)  77449K->681K(419328K), 0.0005382 secs]
30.765: Total time for which application threads were stopped: 0.0006782 seconds, Stopping threads took: 0.0000218 seconds
30.813: [GC (Allocation Failure)  76457K->649K(418304K), 0.0006431 secs]
30.813: Total time for which application threads were stopped: 0.0007700 seconds, Stopping threads took: 0.0000215 seconds
30.860: [GC (Allocation Failure)  75401K->649K(417280K), 0.0004748 secs]
30.861: Total time for which application threads were stopped: 0.0006003 seconds, Stopping threads took: 0.0000273 seconds
30.914: [GC (Allocation Failure)  74377K->745K(416256K), 0.0005036 secs]
30.914: Total time for which application threads were stopped: 0.0006326 seconds, Stopping threads took: 0.0000220 seconds
30.965: [GC (Allocation Failure)  73449K->617K(415232K), 0.0005405 secs]
30.966: Total time for which application threads were stopped: 0.0006601 seconds, Stopping threads took: 0.0000194 seconds
31.011: [GC (Allocation Failure)  72297K->649K(414208K), 0.0004743 secs]
31.012: Total time for which application threads were stopped: 0.0006019 seconds, Stopping threads took: 0.0000277 seconds
31.056: [GC (Allocation Failure)  71305K->681K(413184K), 0.0004683 secs]
31.057: Total time for which application threads were stopped: 0.0005848 seconds, Stopping threads took: 0.0000192 seconds
31.103: [GC (Allocation Failure)  70313K->649K(412160K), 0.0006508 secs]
31.104: Total time for which application threads were stopped: 0.0007710 seconds, Stopping threads took: 0.0000199 seconds
31.147: [GC (Allocation Failure)  69257K->649K(411136K), 0.0004866 secs]
31.148: Total time for which application threads were stopped: 0.0006070 seconds, Stopping threads took: 0.0000195 seconds
31.190: [GC (Allocation Failure)  68233K->649K(410112K), 0.0004891 secs]
31.190: Total time for which application threads were stopped: 0.0006172 seconds, Stopping threads took: 0.0000275 seconds
31.237: [GC (Allocation Failure)  67209K->617K(423424K), 0.0006664 secs]
31.238: Total time for which application threads were stopped: 0.0008083 seconds, Stopping threads took: 0.0000296 seconds
31.292: [GC (Allocation Failure)  80489K->617K(439808K), 0.0006091 secs]
31.293: Total time for which application threads were stopped: 0.0007636 seconds, Stopping threads took: 0.0000308 seconds
31.352: [GC (Allocation Failure)  96873K->649K(437760K), 0.0004930 secs]
31.353: Total time for which application threads were stopped: 0.0006247 seconds, Stopping threads took: 0.0000213 seconds
31.419: [GC (Allocation Failure)  94857K->649K(436224K), 0.0004277 secs]
31.420: Total time for which application threads were stopped: 0.0005374 seconds, Stopping threads took: 0.0000165 seconds
31.477: [GC (Allocation Failure)  93321K->649K(434688K), 0.0004371 secs]
31.478: Total time for which application threads were stopped: 0.0005537 seconds, Stopping threads took: 0.0000196 seconds
31.542: [GC (Allocation Failure)  91785K->649K(433152K), 0.0003595 secs]
31.542: Total time for which application threads were stopped: 0.0004870 seconds, Stopping threads took: 0.0000167 seconds
31.599: [GC (Allocation Failure)  90249K->617K(431616K), 0.0004818 secs]
31.599: Total time for which application threads were stopped: 0.0006131 seconds, Stopping threads took: 0.0000200 seconds
31.654: [GC (Allocation Failure)  88681K->713K(430080K), 0.0005141 secs]
31.654: Total time for which application threads were stopped: 0.0006678 seconds, Stopping threads took: 0.0000276 seconds
31.714: [GC (Allocation Failure)  87241K->585K(428544K), 0.0005546 secs]
31.715: Total time for which application threads were stopped: 0.0006545 seconds, Stopping threads took: 0.0000166 seconds
31.768: [GC (Allocation Failure)  85577K->681K(427008K), 0.0005994 secs]
31.768: Total time for which application threads were stopped: 0.0007304 seconds, Stopping threads took: 0.0000197 seconds
31.826: [GC (Allocation Failure)  84137K->713K(425472K), 0.0005085 secs]
31.827: Total time for which application threads were stopped: 0.0006363 seconds, Stopping threads took: 0.0000193 seconds
31.881: [GC (Allocation Failure)  82633K->617K(423936K), 0.0005449 secs]
31.882: Total time for which application threads were stopped: 0.0006730 seconds, Stopping threads took: 0.0000193 seconds
31.932: [GC (Allocation Failure)  81001K->681K(422400K), 0.0004954 secs]
31.933: Total time for which application threads were stopped: 0.0006323 seconds, Stopping threads took: 0.0000284 seconds
31.982: [GC (Allocation Failure)  79529K->649K(421376K), 0.0005320 secs]
31.982: Total time for which application threads were stopped: 0.0006770 seconds, Stopping threads took: 0.0000223 seconds
32.036: [GC (Allocation Failure)  78473K->617K(420352K), 0.0004268 secs]
32.036: Total time for which application threads were stopped: 0.0005535 seconds, Stopping threads took: 0.0000278 seconds
32.088: [GC (Allocation Failure)  77417K->649K(419328K), 0.0006226 secs]
32.089: Total time for which application threads were stopped: 0.0007576 seconds, Stopping threads took: 0.0000211 seconds
32.137: [GC (Allocation Failure)  76425K->681K(418304K), 0.0005935 secs]
32.137: Total time for which application threads were stopped: 0.0007204 seconds, Stopping threads took: 0.0000214 seconds
32.187: [GC (Allocation Failure)  75433K->681K(417280K), 0.0005610 secs]
32.187: Total time for which application threads were stopped: 0.0006805 seconds, Stopping threads took: 0.0000194 seconds
32.238: [GC (Allocation Failure)  74409K->681K(416256K), 0.0004751 secs]
32.239: Total time for which application threads were stopped: 0.0005922 seconds, Stopping threads took: 0.0000190 seconds
32.290: [GC (Allocation Failure)  73385K->681K(415232K), 0.0004711 secs]
32.290: Total time for which application threads were stopped: 0.0005946 seconds, Stopping threads took: 0.0000277 seconds
32.338: [GC (Allocation Failure)  72361K->649K(414208K), 0.0005309 secs]
32.339: Total time for which application threads were stopped: 0.0006546 seconds, Stopping threads took: 0.0000272 seconds
32.387: [GC (Allocation Failure)  71305K->617K(413184K), 0.0006984 secs]
32.387: Total time for which application threads were stopped: 0.0008232 seconds, Stopping threads took: 0.0000199 seconds
32.432: [GC (Allocation Failure)  70249K->649K(412160K), 0.0004502 secs]
32.432: Total time for which application threads were stopped: 0.0005717 seconds, Stopping threads took: 0.0000196 seconds
32.478: [GC (Allocation Failure)  69257K->649K(411136K), 0.0004737 secs]
32.479: Total time for which application threads were stopped: 0.0005950 seconds, Stopping threads took: 0.0000197 seconds
32.521: [GC (Allocation Failure)  68233K->681K(410112K), 0.0004417 secs]
32.522: Total time for which application threads were stopped: 0.0005613 seconds, Stopping threads took: 0.0000188 seconds
32.568: [GC (Allocation Failure)  67241K->649K(409088K), 0.0004248 secs]
32.569: Total time for which application threads were stopped: 0.0005332 seconds, Stopping threads took: 0.0000163 seconds
32.613: [GC (Allocation Failure)  66185K->649K(408064K), 0.0004820 secs]
32.614: Total time for which application threads were stopped: 0.0006097 seconds, Stopping threads took: 0.0000274 seconds
32.657: [GC (Allocation Failure)  65161K->649K(407040K), 0.0006217 secs]
32.658: Total time for which application threads were stopped: 0.0007418 seconds, Stopping threads took: 0.0000191 seconds
32.698: [GC (Allocation Failure)  64137K->649K(419840K), 0.0005478 secs]
32.698: Total time for which application threads were stopped: 0.0006673 seconds, Stopping threads took: 0.0000195 seconds
32.749: [GC (Allocation Failure)  76937K->745K(435200K), 0.0005514 secs]
32.750: Total time for which application threads were stopped: 0.0006651 seconds, Stopping threads took: 0.0000185 seconds
32.810: [GC (Allocation Failure)  92393K->649K(433664K), 0.0004845 secs]
32.810: Total time for which application threads were stopped: 0.0005946 seconds, Stopping threads took: 0.0000167 seconds
32.873: [GC (Allocation Failure)  90761K->649K(432128K), 0.0004424 secs]
32.873: Total time for which application threads were stopped: 0.0005620 seconds, Stopping threads took: 0.0000198 seconds
32.934: [GC (Allocation Failure)  89225K->649K(430592K), 0.0005468 secs]
32.934: Total time for which application threads were stopped: 0.0006820 seconds, Stopping threads took: 0.0000200 seconds
32.993: [GC (Allocation Failure)  87689K->649K(429056K), 0.0004642 secs]
32.994: Total time for which application threads were stopped: 0.0005933 seconds, Stopping threads took: 0.0000222 seconds
33.053: [GC (Allocation Failure)  86153K->681K(427520K), 0.0004809 secs]
33.054: Total time for which application threads were stopped: 0.0006178 seconds, Stopping threads took: 0.0000303 seconds
33.106: [GC (Allocation Failure)  84649K->713K(425984K), 0.0005105 secs]
33.107: Total time for which application threads were stopped: 0.0006793 seconds, Stopping threads took: 0.0000282 seconds
33.158: [GC (Allocation Failure)  83145K->649K(424448K), 0.0005099 secs]
33.159: Total time for which application threads were stopped: 0.0006368 seconds, Stopping threads took: 0.0000273 seconds
33.215: [GC (Allocation Failure)  81545K->649K(422912K), 0.0005653 secs]
33.216: Total time for which application threads were stopped: 0.0006991 seconds, Stopping threads took: 0.0000214 seconds
33.266: [GC (Allocation Failure)  80009K->681K(421888K), 0.0004955 secs]
33.267: Total time for which application threads were stopped: 0.0006541 seconds, Stopping threads took: 0.0000538 seconds
33.316: [GC (Allocation Failure)  79017K->649K(420864K), 0.0004356 secs]
33.316: Total time for which application threads were stopped: 0.0005574 seconds, Stopping threads took: 0.0000204 seconds
33.365: [GC (Allocation Failure)  77961K->713K(419840K), 0.0005360 secs]
33.365: Total time for which application threads were stopped: 0.0006556 seconds, Stopping threads took: 0.0000197 seconds
33.420: [GC (Allocation Failure)  77001K->649K(418816K), 0.0004454 secs]
33.421: Total time for which application threads were stopped: 0.0005527 seconds, Stopping threads took: 0.0000252 seconds
33.468: [GC (Allocation Failure)  75913K->649K(417792K), 0.0005055 secs]
33.468: Total time for which application threads were stopped: 0.0006383 seconds, Stopping threads took: 0.0000271 seconds
33.515: [GC (Allocation Failure)  74889K->713K(416768K), 0.0004507 secs]
33.515: Total time for which application threads were stopped: 0.0005854 seconds, Stopping threads took: 0.0000292 seconds
33.561: [GC (Allocation Failure)  73929K->745K(415744K), 0.0004790 secs]
33.561: Total time for which application threads were stopped: 0.0005967 seconds, Stopping threads took: 0.0000195 seconds
33.606: [GC (Allocation Failure)  72937K->649K(414720K), 0.0004800 secs]
33.607: Total time for which application threads were stopped: 0.0006040 seconds, Stopping threads took: 0.0000268 seconds
33.651: [GC (Allocation Failure)  71817K->713K(413696K), 0.0005805 secs]
33.652: Total time for which application threads were stopped: 0.0007209 seconds, Stopping threads took: 0.0000194 seconds
33.701: [GC (Allocation Failure)  70857K->681K(412672K), 0.0005026 secs]
33.701: Total time for which application threads were stopped: 0.0006179 seconds, Stopping threads took: 0.0000191 seconds
33.744: [GC (Allocation Failure)  69801K->681K(411648K), 0.0004696 secs]
33.745: Total time for which application threads were stopped: 0.0005885 seconds, Stopping threads took: 0.0000201 seconds
33.787: [GC (Allocation Failure)  68777K->681K(410624K), 0.0004837 secs]
33.788: Total time for which application threads were stopped: 0.0006026 seconds, Stopping threads took: 0.0000191 seconds
33.833: [GC (Allocation Failure)  67753K->681K(409600K), 0.0004777 secs]
33.833: Total time for which application threads were stopped: 0.0006050 seconds, Stopping threads took: 0.0000272 seconds
33.875: [GC (Allocation Failure)  66729K->649K(408576K), 0.0004981 secs]
33.876: Total time for which application threads were stopped: 0.0006259 seconds, Stopping threads took: 0.0000277 seconds
33.923: [GC (Allocation Failure)  65673K->681K(407552K), 0.0005021 secs]
33.924: Total time for which application threads were stopped: 0.0006482 seconds, Stopping threads took: 0.0000305 seconds
33.963: [GC (Allocation Failure)  64681K->681K(406528K), 0.0005572 secs]
33.964: Total time for which application threads were stopped: 0.0006961 seconds, Stopping threads took: 0.0000224 seconds
34.003: [GC (Allocation Failure)  63657K->649K(419328K), 0.0004917 secs]
34.004: Total time for which application threads were stopped: 0.0006179 seconds, Stopping threads took: 0.0000258 seconds
34.051: [GC (Allocation Failure)  76425K->681K(418304K), 0.0004288 secs]
34.052: Total time for which application threads were stopped: 0.0005548 seconds, Stopping threads took: 0.0000259 seconds
34.098: [GC (Allocation Failure)  75433K->649K(417280K), 0.0004889 secs]
34.099: Total time for which application threads were stopped: 0.0006443 seconds, Stopping threads took: 0.0000195 seconds
34.145: [GC (Allocation Failure)  74377K->649K(416256K), 0.0004699 secs]
34.145: Total time for which application threads were stopped: 0.0005917 seconds, Stopping threads took: 0.0000199 seconds
34.194: [GC (Allocation Failure)  73353K->681K(415232K), 0.0004292 secs]
34.194: Total time for which application threads were stopped: 0.0005470 seconds, Stopping threads took: 0.0000189 seconds
34.239: [GC (Allocation Failure)  72361K->649K(414208K), 0.0004429 secs]
34.239: Total time for which application threads were stopped: 0.0005505 seconds, Stopping threads took: 0.0000174 seconds
34.283: [GC (Allocation Failure)  71305K->649K(413184K), 0.0006140 secs]
34.284: Total time for which application threads were stopped: 0.0007246 seconds, Stopping threads took: 0.0000177 seconds
34.328: [GC (Allocation Failure)  70281K->617K(412160K), 0.0005236 secs]
34.328: Total time for which application threads were stopped: 0.0006392 seconds, Stopping threads took: 0.0000199 seconds
34.377: [GC (Allocation Failure)  69225K->745K(425984K), 0.0006484 secs]
34.378: Total time for which application threads were stopped: 0.0007575 seconds, Stopping threads took: 0.0000169 seconds
34.430: [GC (Allocation Failure)  83177K->649K(424448K), 0.0004509 secs]
34.431: Total time for which application threads were stopped: 0.0005761 seconds, Stopping threads took: 0.0000271 seconds
34.486: [GC (Allocation Failure)  81545K->649K(422912K), 0.0006027 secs]
34.487: Total time for which application threads were stopped: 0.0007286 seconds, Stopping threads took: 0.0000196 seconds
34.542: [GC (Allocation Failure)  80009K->649K(421888K), 0.0006870 secs]
34.542: Total time for which application threads were stopped: 0.0008318 seconds, Stopping threads took: 0.0000283 seconds
34.597: [GC (Allocation Failure)  78985K->681K(420864K), 0.0004812 secs]
34.597: Total time for which application threads were stopped: 0.0005902 seconds, Stopping threads took: 0.0000168 seconds
34.646: [GC (Allocation Failure)  77993K->681K(419840K), 0.0004572 secs]
34.647: Total time for which application threads were stopped: 0.0005769 seconds, Stopping threads took: 0.0000192 seconds
34.695: [GC (Allocation Failure)  76969K->681K(418816K), 0.0004945 secs]
34.695: Total time for which application threads were stopped: 0.0006287 seconds, Stopping threads took: 0.0000218 seconds
34.742: [GC (Allocation Failure)  75945K->681K(417792K), 0.0006597 secs]
34.743: Total time for which application threads were stopped: 0.0008127 seconds, Stopping threads took: 0.0000227 seconds
34.796: [GC (Allocation Failure)  74921K->681K(416768K), 0.0004965 secs]
34.796: Total time for which application threads were stopped: 0.0006408 seconds, Stopping threads took: 0.0000232 seconds
34.842: [GC (Allocation Failure)  73897K->713K(415744K), 0.0004715 secs]
34.842: Total time for which application threads were stopped: 0.0005905 seconds, Stopping threads took: 0.0000190 seconds
34.888: [GC (Allocation Failure)  72905K->649K(414720K), 0.0005242 secs]
34.888: Total time for which application threads were stopped: 0.0007216 seconds, Stopping threads took: 0.0000299 seconds
34.936: [GC (Allocation Failure)  71817K->713K(413696K), 0.0005568 secs]
34.937: Total time for which application threads were stopped: 0.0007127 seconds, Stopping threads took: 0.0000220 seconds
34.987: [GC (Allocation Failure)  70857K->681K(412672K), 0.0004874 secs]
34.988: Total time for which application threads were stopped: 0.0006308 seconds, Stopping threads took: 0.0000212 seconds
35.037: [GC (Allocation Failure)  69801K->649K(411648K), 0.0005073 secs]
35.038: Total time for which application threads were stopped: 0.0006445 seconds, Stopping threads took: 0.0000258 seconds
35.086: [GC (Allocation Failure)  68745K->681K(410624K), 0.0004980 secs]
35.087: Total time for which application threads were stopped: 0.0006206 seconds, Stopping threads took: 0.0000214 seconds
35.129: [GC (Allocation Failure)  67753K->681K(424448K), 0.0006741 secs]
35.130: Total time for which application threads were stopped: 0.0007890 seconds, Stopping threads took: 0.0000190 seconds
35.186: [GC (Allocation Failure)  81577K->649K(422912K), 0.0006369 secs]
35.187: Total time for which application threads were stopped: 0.0007650 seconds, Stopping threads took: 0.0000192 seconds
35.241: [GC (Allocation Failure)  80009K->681K(421888K), 0.0004670 secs]
35.242: Total time for which application threads were stopped: 0.0005861 seconds, Stopping threads took: 0.0000193 seconds
35.291: [GC (Allocation Failure)  79017K->649K(420864K), 0.0004978 secs]
35.291: Total time for which application threads were stopped: 0.0006270 seconds, Stopping threads took: 0.0000276 seconds
35.339: [GC (Allocation Failure)  77961K->617K(419840K), 0.0005196 secs]
35.340: Total time for which application threads were stopped: 0.0006455 seconds, Stopping threads took: 0.0000272 seconds
35.388: [GC (Allocation Failure)  76905K->617K(418816K), 0.0006753 secs]
35.388: Total time for which application threads were stopped: 0.0007996 seconds, Stopping threads took: 0.0000246 seconds
35.436: [GC (Allocation Failure)  75881K->649K(434176K), 0.0005802 secs]
35.437: Total time for which application threads were stopped: 0.0006913 seconds, Stopping threads took: 0.0000170 seconds
35.493: [GC (Allocation Failure)  91273K->713K(452608K), 0.0007404 secs]
35.494: Total time for which application threads were stopped: 0.0008594 seconds, Stopping threads took: 0.0000191 seconds
35.568: [GC (Allocation Failure)  109769K->681K(450560K), 0.0005030 secs]
35.569: Total time for which application threads were stopped: 0.0006333 seconds, Stopping threads took: 0.0000273 seconds
35.636: [GC (Allocation Failure)  107689K->649K(448512K), 0.0005806 secs]
35.637: Total time for which application threads were stopped: 0.0007221 seconds, Stopping threads took: 0.0000218 seconds
35.705: [GC (Allocation Failure)  105609K->585K(446464K), 0.0004821 secs]
35.705: Total time for which application threads were stopped: 0.0006033 seconds, Stopping threads took: 0.0000209 seconds
35.776: [GC (Allocation Failure)  103497K->617K(444416K), 0.0004553 secs]
35.776: Total time for which application threads were stopped: 0.0005709 seconds, Stopping threads took: 0.0000193 seconds
35.846: [GC (Allocation Failure)  101481K->649K(442368K), 0.0005111 secs]
35.846: Total time for which application threads were stopped: 0.0006227 seconds, Stopping threads took: 0.0000171 seconds
35.908: [GC (Allocation Failure)  99465K->649K(440320K), 0.0004541 secs]
35.909: Total time for which application threads were stopped: 0.0005807 seconds, Stopping threads took: 0.0000279 seconds
35.969: [GC (Allocation Failure)  97417K->681K(438272K), 0.0004828 secs]
35.969: Total time for which application threads were stopped: 0.0006211 seconds, Stopping threads took: 0.0000292 seconds
36.029: [GC (Allocation Failure)  95401K->649K(436736K), 0.0004206 secs]
36.030: Total time for which application threads were stopped: 0.0005490 seconds, Stopping threads took: 0.0000275 seconds
36.091: [GC (Allocation Failure)  93833K->649K(435200K), 0.0004523 secs]
36.092: Total time for which application threads were stopped: 0.0005610 seconds, Stopping threads took: 0.0000164 seconds
36.149: [GC (Allocation Failure)  92297K->713K(433664K), 0.0004961 secs]
36.150: Total time for which application threads were stopped: 0.0006416 seconds, Stopping threads took: 0.0000271 seconds
36.211: [GC (Allocation Failure)  90825K->681K(432128K), 0.0004717 secs]
36.212: Total time for which application threads were stopped: 0.0006215 seconds, Stopping threads took: 0.0000217 seconds
36.267: [GC (Allocation Failure)  89257K->649K(430592K), 0.0005397 secs]
36.267: Total time for which application threads were stopped: 0.0006958 seconds, Stopping threads took: 0.0000292 seconds
36.327: [GC (Allocation Failure)  87689K->713K(429056K), 0.0005496 secs]
36.327: Total time for which application threads were stopped: 0.0006689 seconds, Stopping threads took: 0.0000195 seconds
36.384: [GC (Allocation Failure)  86217K->681K(427520K), 0.0005758 secs]
36.385: Total time for which application threads were stopped: 0.0007036 seconds, Stopping threads took: 0.0000196 seconds
36.438: [GC (Allocation Failure)  84649K->681K(425984K), 0.0004971 secs]
36.438: Total time for which application threads were stopped: 0.0006155 seconds, Stopping threads took: 0.0000198 seconds
36.492: [GC (Allocation Failure)  83113K->585K(424448K), 0.0004459 secs]
36.493: Total time for which application threads were stopped: 0.0005516 seconds, Stopping threads took: 0.0000164 seconds
36.547: [GC (Allocation Failure)  81481K->681K(422912K), 0.0004759 secs]
36.547: Total time for which application threads were stopped: 0.0006024 seconds, Stopping threads took: 0.0000276 seconds
36.597: [GC (Allocation Failure)  80041K->681K(421888K), 0.0004996 secs]
36.597: Total time for which application threads were stopped: 0.0006346 seconds, Stopping threads took: 0.0000195 seconds
36.652: [GC (Allocation Failure)  79017K->649K(420864K), 0.0004591 secs]
36.652: Total time for which application threads were stopped: 0.0005788 seconds, Stopping threads took: 0.0000194 seconds
36.700: [GC (Allocation Failure)  77961K->681K(419840K), 0.0005008 secs]
36.701: Total time for which application threads were stopped: 0.0006209 seconds, Stopping threads took: 0.0000195 seconds
36.749: [GC (Allocation Failure)  76969K->713K(418816K), 0.0004604 secs]
36.749: Total time for which application threads were stopped: 0.0005747 seconds, Stopping threads took: 0.0000189 seconds
36.802: [GC (Allocation Failure)  75977K->649K(417792K), 0.0005627 secs]
36.803: Total time for which application threads were stopped: 0.0006865 seconds, Stopping threads took: 0.0000254 seconds
36.852: [GC (Allocation Failure)  74889K->713K(416768K), 0.0004899 secs]
36.852: Total time for which application threads were stopped: 0.0006168 seconds, Stopping threads took: 0.0000195 seconds
36.898: [GC (Allocation Failure)  73929K->681K(415744K), 0.0004808 secs]
36.899: Total time for which application threads were stopped: 0.0006054 seconds, Stopping threads took: 0.0000200 seconds
36.944: [GC (Allocation Failure)  72873K->681K(414720K), 0.0006726 secs]
36.945: Total time for which application threads were stopped: 0.0007993 seconds, Stopping threads took: 0.0000208 seconds
36.990: [GC (Allocation Failure)  71849K->585K(429056K), 0.0006161 secs]
36.990: Total time for which application threads were stopped: 0.0007416 seconds, Stopping threads took: 0.0000217 seconds
37.050: [GC (Allocation Failure)  86089K->649K(427520K), 0.0005248 secs]
37.050: Total time for which application threads were stopped: 0.0006884 seconds, Stopping threads took: 0.0000310 seconds
37.109: [GC (Allocation Failure)  84617K->649K(425984K), 0.0005069 secs]
37.109: Total time for which application threads were stopped: 0.0006711 seconds, Stopping threads took: 0.0000256 seconds
37.161: [GC (Allocation Failure)  83081K->681K(424448K), 0.0004972 secs]
37.161: Total time for which application threads were stopped: 0.0006176 seconds, Stopping threads took: 0.0000226 seconds
37.218: [GC (Allocation Failure)  81577K->649K(422912K), 0.0004169 secs]
37.218: Total time for which application threads were stopped: 0.0005258 seconds, Stopping threads took: 0.0000167 seconds
37.273: [GC (Allocation Failure)  80009K->681K(421888K), 0.0005037 secs]
37.274: Total time for which application threads were stopped: 0.0006344 seconds, Stopping threads took: 0.0000275 seconds
37.323: [GC (Allocation Failure)  79017K->649K(420864K), 0.0004614 secs]
37.323: Total time for which application threads were stopped: 0.0005883 seconds, Stopping threads took: 0.0000271 seconds
37.371: [GC (Allocation Failure)  77961K->649K(419840K), 0.0005072 secs]
37.372: Total time for which application threads were stopped: 0.0006316 seconds, Stopping threads took: 0.0000271 seconds
37.420: [GC (Allocation Failure)  76937K->681K(418816K), 0.0005539 secs]
37.421: Total time for which application threads were stopped: 0.0006823 seconds, Stopping threads took: 0.0000269 seconds
37.472: [GC (Allocation Failure)  75945K->649K(417792K), 0.0004418 secs]
37.472: Total time for which application threads were stopped: 0.0005708 seconds, Stopping threads took: 0.0000276 seconds
37.525: [GC (Allocation Failure)  74889K->649K(416768K), 0.0004445 secs]
37.525: Total time for which application threads were stopped: 0.0005662 seconds, Stopping threads took: 0.0000266 seconds
37.571: [GC (Allocation Failure)  73865K->617K(415744K), 0.0005885 secs]
37.572: Total time for which application threads were stopped: 0.0007556 seconds, Stopping threads took: 0.0000287 seconds
37.623: [GC (Allocation Failure)  72809K->681K(414720K), 0.0005054 secs]
37.623: Total time for which application threads were stopped: 0.0006485 seconds, Stopping threads took: 0.0000221 seconds
37.668: [GC (Allocation Failure)  71849K->617K(413696K), 0.0006205 secs]
37.668: Total time for which application threads were stopped: 0.0007660 seconds, Stopping threads took: 0.0000223 seconds
37.716: [GC (Allocation Failure)  70761K->649K(412672K), 0.0005034 secs]
37.717: Total time for which application threads were stopped: 0.0006542 seconds, Stopping threads took: 0.0000222 seconds
37.765: [GC (Allocation Failure)  69769K->649K(411648K), 0.0006051 secs]
37.766: Total time for which application threads were stopped: 0.0007441 seconds, Stopping threads took: 0.0000221 seconds
37.813: [GC (Allocation Failure)  68745K->681K(410624K), 0.0004787 secs]
37.813: Total time for which application threads were stopped: 0.0006209 seconds, Stopping threads took: 0.0000298 seconds
37.855: [GC (Allocation Failure)  67753K->713K(409600K), 0.0005868 secs]
37.856: Total time for which application threads were stopped: 0.0007135 seconds, Stopping threads took: 0.0000189 seconds
37.905: [GC (Allocation Failure)  66761K->681K(422912K), 0.0006759 secs]
37.905: Total time for which application threads were stopped: 0.0008042 seconds, Stopping threads took: 0.0000220 seconds
37.961: [GC (Allocation Failure)  80041K->649K(421888K), 0.0005347 secs]
37.962: Total time for which application threads were stopped: 0.0006532 seconds, Stopping threads took: 0.0000191 seconds
38.011: [GC (Allocation Failure)  78985K->713K(420864K), 0.0004175 secs]
38.011: Total time for which application threads were stopped: 0.0005467 seconds, Stopping threads took: 0.0000183 seconds
38.065: [GC (Allocation Failure)  78025K->681K(419840K), 0.0005259 secs]
38.065: Total time for which application threads were stopped: 0.0006592 seconds, Stopping threads took: 0.0000159 seconds
38.113: [GC (Allocation Failure)  76969K->649K(418816K), 0.0005755 secs]
38.114: Total time for which application threads were stopped: 0.0007102 seconds, Stopping threads took: 0.0000214 seconds
38.161: [GC (Allocation Failure)  75913K->617K(417792K), 0.0004857 secs]
38.162: Total time for which application threads were stopped: 0.0006235 seconds, Stopping threads took: 0.0000255 seconds
38.212: [GC (Allocation Failure)  74857K->649K(416768K), 0.0005361 secs]
38.213: Total time for which application threads were stopped: 0.0006937 seconds, Stopping threads took: 0.0000300 seconds
38.265: [GC (Allocation Failure)  73865K->681K(415744K), 0.0005142 secs]
38.266: Total time for which application threads were stopped: 0.0006827 seconds, Stopping threads took: 0.0000288 seconds
38.311: [GC (Allocation Failure)  72873K->649K(414720K), 0.0006407 secs]
38.312: Total time for which application threads were stopped: 0.0007938 seconds, Stopping threads took: 0.0000221 seconds
38.356: [GC (Allocation Failure)  71817K->649K(429056K), 0.0006640 secs]
38.357: Total time for which application threads were stopped: 0.0008194 seconds, Stopping threads took: 0.0000227 seconds
38.415: [GC (Allocation Failure)  86153K->617K(427520K), 0.0005361 secs]
38.416: Total time for which application threads were stopped: 0.0006448 seconds, Stopping threads took: 0.0000249 seconds
38.473: [GC (Allocation Failure)  84585K->713K(425984K), 0.0005594 secs]
38.474: Total time for which application threads were stopped: 0.0006827 seconds, Stopping threads took: 0.0000270 seconds
38.526: [GC (Allocation Failure)  83145K->745K(424448K), 0.0003961 secs]
38.527: Total time for which application threads were stopped: 0.0005311 seconds, Stopping threads took: 0.0000268 seconds
38.582: [GC (Allocation Failure)  81641K->649K(422912K), 0.0004442 secs]
38.583: Total time for which application threads were stopped: 0.0005506 seconds, Stopping threads took: 0.0000170 seconds
38.637: [GC (Allocation Failure)  80009K->745K(421888K), 0.0004638 secs]
38.638: Total time for which application threads were stopped: 0.0005695 seconds, Stopping threads took: 0.0000174 seconds
38.692: [GC (Allocation Failure)  79081K->713K(420864K), 0.0004770 secs]
38.693: Total time for which application threads were stopped: 0.0005965 seconds, Stopping threads took: 0.0000196 seconds
38.741: [GC (Allocation Failure)  78025K->649K(419840K), 0.0005452 secs]
38.741: Total time for which application threads were stopped: 0.0006727 seconds, Stopping threads took: 0.0000271 seconds
38.789: [GC (Allocation Failure)  76937K->681K(418816K), 0.0005978 secs]
38.790: Total time for which application threads were stopped: 0.0007264 seconds, Stopping threads took: 0.0000271 seconds
38.840: [GC (Allocation Failure)  75945K->713K(417792K), 0.0005545 secs]
38.841: Total time for which application threads were stopped: 0.0006801 seconds, Stopping threads took: 0.0000269 seconds
38.893: [GC (Allocation Failure)  74953K->649K(416768K), 0.0004414 secs]
38.894: Total time for which application threads were stopped: 0.0005505 seconds, Stopping threads took: 0.0000166 seconds
38.943: [GC (Allocation Failure)  73865K->713K(415744K), 0.0004730 secs]
38.943: Total time for which application threads were stopped: 0.0005875 seconds, Stopping threads took: 0.0000171 seconds
38.992: [GC (Allocation Failure)  72905K->681K(414720K), 0.0004861 secs]
38.992: Total time for which application threads were stopped: 0.0006196 seconds, Stopping threads took: 0.0000333 seconds
39.037: [GC (Allocation Failure)  71849K->681K(413696K), 0.0004073 secs]
39.037: Total time for which application threads were stopped: 0.0005223 seconds, Stopping threads took: 0.0000255 seconds
39.087: [GC (Allocation Failure)  70825K->649K(412672K), 0.0004874 secs]
39.087: Total time for which application threads were stopped: 0.0006040 seconds, Stopping threads took: 0.0000195 seconds
39.134: [GC (Allocation Failure)  69769K->617K(411648K), 0.0005799 secs]
39.135: Total time for which application threads were stopped: 0.0007098 seconds, Stopping threads took: 0.0000277 seconds
39.183: [GC (Allocation Failure)  68713K->617K(410624K), 0.0005305 secs]
39.183: Total time for which application threads were stopped: 0.0006458 seconds, Stopping threads took: 0.0000188 seconds
39.225: [GC (Allocation Failure)  67689K->681K(409600K), 0.0005449 secs]
39.226: Total time for which application threads were stopped: 0.0006720 seconds, Stopping threads took: 0.0000276 seconds
39.267: [GC (Allocation Failure)  66729K->617K(422912K), 0.0005880 secs]
39.268: Total time for which application threads were stopped: 0.0007216 seconds, Stopping threads took: 0.0000192 seconds
39.317: [GC (Allocation Failure)  79977K->681K(438784K), 0.0006108 secs]
39.318: Total time for which application threads were stopped: 0.0007267 seconds, Stopping threads took: 0.0000214 seconds
39.383: [GC (Allocation Failure)  95913K->649K(437248K), 0.0004699 secs]
39.383: Total time for which application threads were stopped: 0.0006017 seconds, Stopping threads took: 0.0000213 seconds
39.448: [GC (Allocation Failure)  94345K->713K(435712K), 0.0006474 secs]
39.448: Total time for which application threads were stopped: 0.0007811 seconds, Stopping threads took: 0.0000194 seconds
39.506: [GC (Allocation Failure)  92873K->649K(434176K), 0.0005953 secs]
39.506: Total time for which application threads were stopped: 0.0007216 seconds, Stopping threads took: 0.0000204 seconds
39.563: [GC (Allocation Failure)  91273K->713K(432640K), 0.0004308 secs]
39.563: Total time for which application threads were stopped: 0.0005473 seconds, Stopping threads took: 0.0000171 seconds
39.619: [GC (Allocation Failure)  89801K->649K(431104K), 0.0005767 secs]
39.619: Total time for which application threads were stopped: 0.0006918 seconds, Stopping threads took: 0.0000189 seconds
39.678: [GC (Allocation Failure)  88201K->681K(429568K), 0.0004501 secs]
39.678: Total time for which application threads were stopped: 0.0005793 seconds, Stopping threads took: 0.0000281 seconds
39.732: [GC (Allocation Failure)  86697K->617K(428032K), 0.0006208 secs]
39.732: Total time for which application threads were stopped: 0.0007765 seconds, Stopping threads took: 0.0000478 seconds
39.791: [GC (Allocation Failure)  85097K->649K(426496K), 0.0005208 secs]
39.791: Total time for which application threads were stopped: 0.0006657 seconds, Stopping threads took: 0.0000217 seconds
39.850: [GC (Allocation Failure)  83593K->649K(424960K), 0.0004977 secs]
39.851: Total time for which application threads were stopped: 0.0006480 seconds, Stopping threads took: 0.0000222 seconds
39.902: [GC (Allocation Failure)  82057K->681K(423424K), 0.0004560 secs]
39.902: Total time for which application threads were stopped: 0.0005853 seconds, Stopping threads took: 0.0000268 seconds
39.952: [GC (Allocation Failure)  80553K->713K(422400K), 0.0006133 secs]
39.953: Total time for which application threads were stopped: 0.0007584 seconds, Stopping threads took: 0.0000286 seconds
40.008: [GC (Allocation Failure)  79561K->681K(421376K), 0.0004626 secs]
40.009: Total time for which application threads were stopped: 0.0005816 seconds, Stopping threads took: 0.0000302 seconds
40.058: [GC (Allocation Failure)  78505K->745K(420352K), 0.0004263 secs]
40.058: Total time for which application threads were stopped: 0.0005456 seconds, Stopping threads took: 0.0000249 seconds
40.106: [GC (Allocation Failure)  77545K->681K(419328K), 0.0004938 secs]
40.106: Total time for which application threads were stopped: 0.0006252 seconds, Stopping threads took: 0.0000197 seconds
40.157: [GC (Allocation Failure)  76457K->649K(418304K), 0.0004804 secs]
40.158: Total time for which application threads were stopped: 0.0006025 seconds, Stopping threads took: 0.0000196 seconds
40.206: [GC (Allocation Failure)  75401K->745K(417280K), 0.0005566 secs]
40.206: Total time for which application threads were stopped: 0.0006835 seconds, Stopping threads took: 0.0000271 seconds
40.253: [GC (Allocation Failure)  74473K->617K(416256K), 0.0005933 secs]
40.253: Total time for which application threads were stopped: 0.0007209 seconds, Stopping threads took: 0.0000199 seconds
40.304: [GC (Allocation Failure)  73321K->617K(415232K), 0.0006321 secs]
40.305: Total time for which application threads were stopped: 0.0007692 seconds, Stopping threads took: 0.0000316 seconds
40.349: [GC (Allocation Failure)  72297K->649K(414208K), 0.0005051 secs]
40.350: Total time for which application threads were stopped: 0.0006251 seconds, Stopping threads took: 0.0000193 seconds
40.400: [GC (Allocation Failure)  71305K->617K(413184K), 0.0004797 secs]
40.400: Total time for which application threads were stopped: 0.0006058 seconds, Stopping threads took: 0.0000166 seconds
40.446: [GC (Allocation Failure)  70249K->649K(412160K), 0.0004471 secs]
40.446: Total time for which application threads were stopped: 0.0005855 seconds, Stopping threads took: 0.0000169 seconds
40.489: [GC (Allocation Failure)  69257K->649K(411136K), 0.0004527 secs]
40.490: Total time for which application threads were stopped: 0.0005625 seconds, Stopping threads took: 0.0000164 seconds
40.534: [GC (Allocation Failure)  68233K->649K(410112K), 0.0004188 secs]
40.534: Total time for which application threads were stopped: 0.0005457 seconds, Stopping threads took: 0.0000260 seconds
40.576: [GC (Allocation Failure)  67209K->649K(409088K), 0.0005119 secs]
40.577: Total time for which application threads were stopped: 0.0006672 seconds, Stopping threads took: 0.0000290 seconds
40.621: [GC (Allocation Failure)  66185K->681K(408064K), 0.0004992 secs]
40.621: Total time for which application threads were stopped: 0.0006306 seconds, Stopping threads took: 0.0000212 seconds
40.662: [GC (Allocation Failure)  65193K->649K(407040K), 0.0006160 secs]
40.662: Total time for which application threads were stopped: 0.0007615 seconds, Stopping threads took: 0.0000222 seconds
40.702: [GC (Allocation Failure)  64137K->681K(406016K), 0.0004810 secs]
40.703: Total time for which application threads were stopped: 0.0006125 seconds, Stopping threads took: 0.0000230 seconds
40.742: [GC (Allocation Failure)  63145K->649K(418816K), 0.0005083 secs]
40.742: Total time for which application threads were stopped: 0.0006487 seconds, Stopping threads took: 0.0000206 seconds
40.793: [GC (Allocation Failure)  75913K->649K(434176K), 0.0005881 secs]
40.793: Total time for which application threads were stopped: 0.0007326 seconds, Stopping threads took: 0.0000229 seconds
40.856: [GC (Allocation Failure)  91273K->649K(432640K), 0.0005400 secs]
40.857: Total time for which application threads were stopped: 0.0006758 seconds, Stopping threads took: 0.0000218 seconds
40.913: [GC (Allocation Failure)  89737K->649K(431104K), 0.0005378 secs]
40.913: Total time for which application threads were stopped: 0.0006853 seconds, Stopping threads took: 0.0000220 seconds
40.974: [GC (Allocation Failure)  88201K->649K(429568K), 0.0004880 secs]
40.975: Total time for which application threads were stopped: 0.0006131 seconds, Stopping threads took: 0.0000273 seconds
41.029: [GC (Allocation Failure)  86665K->681K(428032K), 0.0004310 secs]
41.030: Total time for which application threads were stopped: 0.0005570 seconds, Stopping threads took: 0.0000264 seconds
41.083: [GC (Allocation Failure)  85161K->713K(426496K), 0.0005641 secs]
41.083: Total time for which application threads were stopped: 0.0006905 seconds, Stopping threads took: 0.0000274 seconds
41.135: [GC (Allocation Failure)  83657K->649K(424960K), 0.0004800 secs]
41.135: Total time for which application threads were stopped: 0.0006068 seconds, Stopping threads took: 0.0000193 seconds
41.186: [GC (Allocation Failure)  82057K->649K(423424K), 0.0005146 secs]
41.187: Total time for which application threads were stopped: 0.0007738 seconds, Stopping threads took: 0.0000192 seconds
41.237: [GC (Allocation Failure)  80521K->649K(422400K), 0.0004789 secs]
41.237: Total time for which application threads were stopped: 0.0006084 seconds, Stopping threads took: 0.0000276 seconds
41.287: [GC (Allocation Failure)  79497K->681K(421376K), 0.0004628 secs]
41.287: Total time for which application threads were stopped: 0.0006133 seconds, Stopping threads took: 0.0000296 seconds
41.339: [GC (Allocation Failure)  78505K->681K(420352K), 0.0004629 secs]
41.340: Total time for which application threads were stopped: 0.0005921 seconds, Stopping threads took: 0.0000220 seconds
41.393: [GC (Allocation Failure)  77481K->681K(419328K), 0.0005664 secs]
41.393: Total time for which application threads were stopped: 0.0006891 seconds, Stopping threads took: 0.0000245 seconds
41.441: [GC (Allocation Failure)  76457K->649K(418304K), 0.0006479 secs]
41.442: Total time for which application threads were stopped: 0.0007787 seconds, Stopping threads took: 0.0000283 seconds
41.489: [GC (Allocation Failure)  75401K->649K(417280K), 0.0005528 secs]
41.489: Total time for which application threads were stopped: 0.0006925 seconds, Stopping threads took: 0.0000285 seconds
41.536: [GC (Allocation Failure)  74377K->681K(416256K), 0.0005389 secs]
41.536: Total time for which application threads were stopped: 0.0006825 seconds, Stopping threads took: 0.0000219 seconds
41.581: [GC (Allocation Failure)  73385K->649K(415232K), 0.0004828 secs]
41.582: Total time for which application threads were stopped: 0.0006128 seconds, Stopping threads took: 0.0000207 seconds
41.627: [GC (Allocation Failure)  72329K->617K(429568K), 0.0006653 secs]
41.628: Total time for which application threads were stopped: 0.0008337 seconds, Stopping threads took: 0.0000302 seconds
41.688: [GC (Allocation Failure)  86633K->649K(428032K), 0.0005347 secs]
41.688: Total time for which application threads were stopped: 0.0006987 seconds, Stopping threads took: 0.0000288 seconds
41.741: [GC (Allocation Failure)  85129K->713K(426496K), 0.0004844 secs]
41.742: Total time for which application threads were stopped: 0.0006036 seconds, Stopping threads took: 0.0000198 seconds
41.794: [GC (Allocation Failure)  83657K->681K(424960K), 0.0004674 secs]
41.794: Total time for which application threads were stopped: 0.0005889 seconds, Stopping threads took: 0.0000197 seconds
41.845: [GC (Allocation Failure)  82089K->713K(423424K), 0.0004974 secs]
41.846: Total time for which application threads were stopped: 0.0006251 seconds, Stopping threads took: 0.0000218 seconds
41.896: [GC (Allocation Failure)  80585K->649K(422400K), 0.0004743 secs]
41.896: Total time for which application threads were stopped: 0.0005925 seconds, Stopping threads took: 0.0000189 seconds
41.946: [GC (Allocation Failure)  79497K->649K(421376K), 0.0004422 secs]
41.947: Total time for which application threads were stopped: 0.0005620 seconds, Stopping threads took: 0.0000195 seconds
42.002: [GC (Allocation Failure)  78473K->713K(420352K), 0.0005569 secs]
42.002: Total time for which application threads were stopped: 0.0006839 seconds, Stopping threads took: 0.0000274 seconds
42.051: [GC (Allocation Failure)  77513K->713K(419328K), 0.0005063 secs]
42.052: Total time for which application threads were stopped: 0.0006488 seconds, Stopping threads took: 0.0000285 seconds
42.104: [GC (Allocation Failure)  76489K->649K(418304K), 0.0005384 secs]
42.105: Total time for which application threads were stopped: 0.0006835 seconds, Stopping threads took: 0.0000229 seconds
42.155: [GC (Allocation Failure)  75401K->713K(417280K), 0.0005531 secs]
42.156: Total time for which application threads were stopped: 0.0006965 seconds, Stopping threads took: 0.0000214 seconds
42.202: [GC (Allocation Failure)  74441K->713K(416256K), 0.0004598 secs]
42.202: Total time for which application threads were stopped: 0.0005876 seconds, Stopping threads took: 0.0000279 seconds
42.247: [GC (Allocation Failure)  73417K->649K(415232K), 0.0005647 secs]
42.248: Total time for which application threads were stopped: 0.0006955 seconds, Stopping threads took: 0.0000186 seconds
42.299: [GC (Allocation Failure)  72329K->617K(414208K), 0.0005305 secs]
42.300: Total time for which application threads were stopped: 0.0006448 seconds, Stopping threads took: 0.0000191 seconds
42.344: [GC (Allocation Failure)  71273K->649K(413184K), 0.0004861 secs]
42.345: Total time for which application threads were stopped: 0.0006061 seconds, Stopping threads took: 0.0000190 seconds
42.391: [GC (Allocation Failure)  70281K->617K(412160K), 0.0005571 secs]
42.392: Total time for which application threads were stopped: 0.0006767 seconds, Stopping threads took: 0.0000241 seconds
42.435: [GC (Allocation Failure)  69225K->649K(425984K), 0.0006024 secs]
42.436: Total time for which application threads were stopped: 0.0007209 seconds, Stopping threads took: 0.0000200 seconds
42.488: [GC (Allocation Failure)  83081K->617K(424448K), 0.0005338 secs]
42.488: Total time for which application threads were stopped: 0.0006566 seconds, Stopping threads took: 0.0000268 seconds
42.539: [GC (Allocation Failure)  81513K->681K(422912K), 0.0005619 secs]
42.540: Total time for which application threads were stopped: 0.0006896 seconds, Stopping threads took: 0.0000279 seconds
42.589: [GC (Allocation Failure)  80041K->681K(421888K), 0.0005639 secs]
42.590: Total time for which application threads were stopped: 0.0006872 seconds, Stopping threads took: 0.0000273 seconds
42.639: [GC (Allocation Failure)  79017K->681K(437760K), 0.0006339 secs]
42.639: Total time for which application threads were stopped: 0.0007756 seconds, Stopping threads took: 0.0000277 seconds
42.698: [GC (Allocation Failure)  94889K->649K(436224K), 0.0005880 secs]
42.699: Total time for which application threads were stopped: 0.0007227 seconds, Stopping threads took: 0.0000202 seconds
42.762: [GC (Allocation Failure)  93321K->713K(434688K), 0.0005799 secs]
42.763: Total time for which application threads were stopped: 0.0007192 seconds, Stopping threads took: 0.0000221 seconds
42.820: [GC (Allocation Failure)  91849K->713K(433152K), 0.0005239 secs]
42.820: Total time for which application threads were stopped: 0.0006622 seconds, Stopping threads took: 0.0000218 seconds
42.877: [GC (Allocation Failure)  90313K->681K(431616K), 0.0005860 secs]
42.877: Total time for which application threads were stopped: 0.0007383 seconds, Stopping threads took: 0.0000308 seconds
42.932: [GC (Allocation Failure)  88745K->681K(430080K), 0.0005261 secs]
42.933: Total time for which application threads were stopped: 0.0006736 seconds, Stopping threads took: 0.0000228 seconds
42.987: [GC (Allocation Failure)  87209K->681K(428544K), 0.0005563 secs]
42.988: Total time for which application threads were stopped: 0.0007053 seconds, Stopping threads took: 0.0000231 seconds
43.042: [GC (Allocation Failure)  85673K->681K(427008K), 0.0004885 secs]
43.042: Total time for which application threads were stopped: 0.0006251 seconds, Stopping threads took: 0.0000229 seconds
43.094: [GC (Allocation Failure)  84137K->681K(425472K), 0.0004864 secs]
43.095: Total time for which application threads were stopped: 0.0006097 seconds, Stopping threads took: 0.0000202 seconds
43.146: [GC (Allocation Failure)  82601K->681K(423936K), 0.0004524 secs]
43.147: Total time for which application threads were stopped: 0.0005774 seconds, Stopping threads took: 0.0000201 seconds
43.202: [GC (Allocation Failure)  81065K->649K(422400K), 0.0004697 secs]
43.203: Total time for which application threads were stopped: 0.0005992 seconds, Stopping threads took: 0.0000273 seconds
43.257: [GC (Allocation Failure)  79497K->681K(421376K), 0.0004596 secs]
43.258: Total time for which application threads were stopped: 0.0005828 seconds, Stopping threads took: 0.0000269 seconds
43.306: [GC (Allocation Failure)  78505K->745K(420352K), 0.0005781 secs]
43.307: Total time for which application threads were stopped: 0.0007193 seconds, Stopping threads took: 0.0000280 seconds
43.359: [GC (Allocation Failure)  77545K->713K(419328K), 0.0006046 secs]
43.360: Total time for which application threads were stopped: 0.0007554 seconds, Stopping threads took: 0.0000207 seconds
43.408: [GC (Allocation Failure)  76489K->617K(434688K), 0.0030213 secs]
43.411: Total time for which application threads were stopped: 0.0031405 seconds, Stopping threads took: 0.0000251 seconds
43.471: [GC (Allocation Failure)  91753K->649K(453120K), 0.0004874 secs]
43.472: Total time for which application threads were stopped: 0.0006229 seconds, Stopping threads took: 0.0000305 seconds
43.547: [GC (Allocation Failure)  110217K->713K(475136K), 0.0004580 secs]
43.548: Total time for which application threads were stopped: 0.0006244 seconds, Stopping threads took: 0.0000609 seconds
43.630: [GC (Allocation Failure)  132297K->617K(501760K), 0.0004854 secs]
43.630: Total time for which application threads were stopped: 0.0006109 seconds, Stopping threads took: 0.0000274 seconds
43.731: [GC (Allocation Failure)  158825K->649K(497664K), 0.0004393 secs]
43.732: Total time for which application threads were stopped: 0.0005573 seconds, Stopping threads took: 0.0000191 seconds
43.833: [GC (Allocation Failure)  154761K->649K(493568K), 0.0004680 secs]
43.833: Total time for which application threads were stopped: 0.0005773 seconds, Stopping threads took: 0.0000169 seconds
43.926: [GC (Allocation Failure)  150665K->649K(489984K), 0.0004595 secs]
43.926: Total time for which application threads were stopped: 0.0005743 seconds, Stopping threads took: 0.0000183 seconds
44.018: [GC (Allocation Failure)  147081K->681K(486400K), 0.0004168 secs]
44.018: Total time for which application threads were stopped: 0.0005413 seconds, Stopping threads took: 0.0000193 seconds
44.107: [GC (Allocation Failure)  143529K->649K(482816K), 0.0005252 secs]
44.107: Total time for which application threads were stopped: 0.0006529 seconds, Stopping threads took: 0.0000276 seconds
44.200: [GC (Allocation Failure)  139913K->617K(479232K), 0.0006742 secs]
44.201: Total time for which application threads were stopped: 0.0008242 seconds, Stopping threads took: 0.0000249 seconds
44.285: [GC (Allocation Failure)  136297K->681K(476160K), 0.0006783 secs]
44.286: Total time for which application threads were stopped: 0.0008147 seconds, Stopping threads took: 0.0000214 seconds
44.368: [GC (Allocation Failure)  133289K->713K(473088K), 0.0006743 secs]
44.369: Total time for which application threads were stopped: 0.0008218 seconds, Stopping threads took: 0.0000218 seconds
44.450: [GC (Allocation Failure)  130249K->681K(470016K), 0.0005350 secs]
44.451: Total time for which application threads were stopped: 0.0006436 seconds, Stopping threads took: 0.0000178 seconds
44.534: [GC (Allocation Failure)  127145K->681K(466944K), 0.0005954 secs]
44.535: Total time for which application threads were stopped: 0.0007213 seconds, Stopping threads took: 0.0000274 seconds
44.617: [GC (Allocation Failure)  124073K->713K(464384K), 0.0007733 secs]
44.618: Total time for which application threads were stopped: 0.0009050 seconds, Stopping threads took: 0.0000212 seconds
44.693: [GC (Allocation Failure)  121545K->681K(461824K), 0.0004837 secs]
44.694: Total time for which application threads were stopped: 0.0006124 seconds, Stopping threads took: 0.0000219 seconds
44.774: [GC (Allocation Failure)  118953K->617K(459264K), 0.0006580 secs]
44.774: Total time for which application threads were stopped: 0.0008081 seconds, Stopping threads took: 0.0000301 seconds
44.852: [GC (Allocation Failure)  116329K->585K(456704K), 0.0004663 secs]
44.853: Total time for which application threads were stopped: 0.0005839 seconds, Stopping threads took: 0.0000201 seconds
44.923: [GC (Allocation Failure)  113737K->745K(454144K), 0.0005190 secs]
44.923: Total time for which application threads were stopped: 0.0006567 seconds, Stopping threads took: 0.0000288 seconds
44.992: [GC (Allocation Failure)  111337K->681K(452096K), 0.0005299 secs]
44.993: Total time for which application threads were stopped: 0.0006757 seconds, Stopping threads took: 0.0000306 seconds
45.069: [GC (Allocation Failure)  109225K->681K(450048K), 0.0004239 secs]
45.070: Total time for which application threads were stopped: 0.0005466 seconds, Stopping threads took: 0.0000265 seconds
45.141: [GC (Allocation Failure)  107177K->649K(448000K), 0.0004232 secs]
45.141: Total time for which application threads were stopped: 0.0005395 seconds, Stopping threads took: 0.0000166 seconds
45.206: [GC (Allocation Failure)  105097K->681K(445952K), 0.0004416 secs]
45.207: Total time for which application threads were stopped: 0.0005577 seconds, Stopping threads took: 0.0000188 seconds
45.271: [GC (Allocation Failure)  103081K->681K(443904K), 0.0005044 secs]
45.271: Total time for which application threads were stopped: 0.0006465 seconds, Stopping threads took: 0.0000302 seconds
45.333: [GC (Allocation Failure)  101033K->649K(441856K), 0.0005470 secs]
45.334: Total time for which application threads were stopped: 0.0006737 seconds, Stopping threads took: 0.0000274 seconds
45.396: [GC (Allocation Failure)  98953K->617K(439808K), 0.0006824 secs]
45.396: Total time for which application threads were stopped: 0.0008052 seconds, Stopping threads took: 0.0000268 seconds
45.457: [GC (Allocation Failure)  96873K->681K(437760K), 0.0004719 secs]
45.457: Total time for which application threads were stopped: 0.0005873 seconds, Stopping threads took: 0.0000187 seconds
45.516: [GC (Allocation Failure)  94889K->649K(436224K), 0.0005401 secs]
45.517: Total time for which application threads were stopped: 0.0006590 seconds, Stopping threads took: 0.0000193 seconds
45.574: [GC (Allocation Failure)  93321K->681K(434688K), 0.0006176 secs]
45.575: Total time for which application threads were stopped: 0.0007365 seconds, Stopping threads took: 0.0000200 seconds
45.632: [GC (Allocation Failure)  91817K->617K(433152K), 0.0006096 secs]
45.633: Total time for which application threads were stopped: 0.0007257 seconds, Stopping threads took: 0.0000191 seconds
45.692: [GC (Allocation Failure)  90217K->649K(431616K), 0.0005240 secs]
45.692: Total time for which application threads were stopped: 0.0006713 seconds, Stopping threads took: 0.0000394 seconds
45.747: [GC (Allocation Failure)  88713K->649K(430080K), 0.0004966 secs]
45.748: Total time for which application threads were stopped: 0.0006328 seconds, Stopping threads took: 0.0000214 seconds
45.802: [GC (Allocation Failure)  87177K->681K(428544K), 0.0004878 secs]
45.802: Total time for which application threads were stopped: 0.0006338 seconds, Stopping threads took: 0.0000230 seconds
45.861: [GC (Allocation Failure)  85673K->617K(427008K), 0.0005769 secs]
45.862: Total time for which application threads were stopped: 0.0007197 seconds, Stopping threads took: 0.0000216 seconds
45.914: [GC (Allocation Failure)  84073K->649K(425472K), 0.0004934 secs]
45.915: Total time for which application threads were stopped: 0.0006016 seconds, Stopping threads took: 0.0000175 seconds
45.966: [GC (Allocation Failure)  82569K->649K(423936K), 0.0004956 secs]
45.967: Total time for which application threads were stopped: 0.0006290 seconds, Stopping threads took: 0.0000189 seconds
46.017: [GC (Allocation Failure)  81033K->681K(422400K), 0.0004750 secs]
46.017: Total time for which application threads were stopped: 0.0005959 seconds, Stopping threads took: 0.0000198 seconds
46.072: [GC (Allocation Failure)  79529K->649K(421376K), 0.0005677 secs]
46.072: Total time for which application threads were stopped: 0.0007115 seconds, Stopping threads took: 0.0000228 seconds
46.121: [GC (Allocation Failure)  78473K->713K(420352K), 0.0005906 secs]
46.122: Total time for which application threads were stopped: 0.0007521 seconds, Stopping threads took: 0.0000307 seconds
46.170: [GC (Allocation Failure)  77513K->649K(419328K), 0.0004683 secs]
46.170: Total time for which application threads were stopped: 0.0006051 seconds, Stopping threads took: 0.0000310 seconds
46.218: [GC (Allocation Failure)  76425K->681K(418304K), 0.0004437 secs]
46.218: Total time for which application threads were stopped: 0.0005817 seconds, Stopping threads took: 0.0000199 seconds
46.270: [GC (Allocation Failure)  75433K->649K(417280K), 0.0005442 secs]
46.271: Total time for which application threads were stopped: 0.0006703 seconds, Stopping threads took: 0.0000275 seconds
46.317: [GC (Allocation Failure)  74377K->713K(416256K), 0.0004699 secs]
46.317: Total time for which application threads were stopped: 0.0005902 seconds, Stopping threads took: 0.0000196 seconds
46.363: [GC (Allocation Failure)  73417K->713K(415232K), 0.0005008 secs]
46.363: Total time for which application threads were stopped: 0.0006277 seconds, Stopping threads took: 0.0000209 seconds
46.414: [GC (Allocation Failure)  72393K->649K(414208K), 0.0005492 secs]
46.415: Total time for which application threads were stopped: 0.0006761 seconds, Stopping threads took: 0.0000265 seconds
46.461: [GC (Allocation Failure)  71305K->617K(413184K), 0.0005677 secs]
46.462: Total time for which application threads were stopped: 0.0007018 seconds, Stopping threads took: 0.0000200 seconds
46.510: [GC (Allocation Failure)  70249K->713K(412160K), 0.0004996 secs]
46.511: Total time for which application threads were stopped: 0.0006363 seconds, Stopping threads took: 0.0000205 seconds
46.557: [GC (Allocation Failure)  69321K->649K(411136K), 0.0005018 secs]
46.558: Total time for which application threads were stopped: 0.0006221 seconds, Stopping threads took: 0.0000256 seconds
46.600: [GC (Allocation Failure)  68233K->681K(410112K), 0.0004544 secs]
46.601: Total time for which application threads were stopped: 0.0005805 seconds, Stopping threads took: 0.0000262 seconds
46.648: [GC (Allocation Failure)  67241K->585K(409088K), 0.0006055 secs]
46.649: Total time for which application threads were stopped: 0.0007500 seconds, Stopping threads took: 0.0000273 seconds
46.693: [GC (Allocation Failure)  66121K->681K(408064K), 0.0005010 secs]
46.693: Total time for which application threads were stopped: 0.0006390 seconds, Stopping threads took: 0.0000218 seconds
46.734: [GC (Allocation Failure)  65193K->649K(421376K), 0.0005842 secs]
46.735: Total time for which application threads were stopped: 0.0007187 seconds, Stopping threads took: 0.0000214 seconds
46.786: [GC (Allocation Failure)  78473K->681K(420352K), 0.0004971 secs]
46.787: Total time for which application threads were stopped: 0.0006433 seconds, Stopping threads took: 0.0000291 seconds
46.836: [GC (Allocation Failure)  77481K->617K(419328K), 0.0005919 secs]
46.836: Total time for which application threads were stopped: 0.0007376 seconds, Stopping threads took: 0.0000275 seconds
46.887: [GC (Allocation Failure)  76393K->649K(418304K), 0.0004633 secs]
46.888: Total time for which application threads were stopped: 0.0005801 seconds, Stopping threads took: 0.0000200 seconds
46.938: [GC (Allocation Failure)  75401K->649K(417280K), 0.0004612 secs]
46.938: Total time for which application threads were stopped: 0.0005692 seconds, Stopping threads took: 0.0000166 seconds
46.984: [GC (Allocation Failure)  74377K->681K(416256K), 0.0004753 secs]
46.985: Total time for which application threads were stopped: 0.0006047 seconds, Stopping threads took: 0.0000278 seconds
47.031: [GC (Allocation Failure)  73385K->649K(415232K), 0.0004306 secs]
47.031: Total time for which application threads were stopped: 0.0005531 seconds, Stopping threads took: 0.0000195 seconds
47.076: [GC (Allocation Failure)  72329K->649K(414208K), 0.0005057 secs]
47.077: Total time for which application threads were stopped: 0.0006561 seconds, Stopping threads took: 0.0000289 seconds
47.127: [GC (Allocation Failure)  71305K->681K(413184K), 0.0004846 secs]
47.128: Total time for which application threads were stopped: 0.0005949 seconds, Stopping threads took: 0.0000198 seconds
47.176: [GC (Allocation Failure)  70313K->649K(412160K), 0.0004130 secs]
47.176: Total time for which application threads were stopped: 0.0005211 seconds, Stopping threads took: 0.0000168 seconds
47.223: [GC (Allocation Failure)  69257K->649K(411136K), 0.0004760 secs]
47.223: Total time for which application threads were stopped: 0.0006051 seconds, Stopping threads took: 0.0000274 seconds
47.266: [GC (Allocation Failure)  68233K->713K(410112K), 0.0004645 secs]
47.266: Total time for which application threads were stopped: 0.0005890 seconds, Stopping threads took: 0.0000209 seconds
47.313: [GC (Allocation Failure)  67273K->649K(409088K), 0.0004690 secs]
47.314: Total time for which application threads were stopped: 0.0005881 seconds, Stopping threads took: 0.0000197 seconds
47.361: [GC (Allocation Failure)  66185K->713K(408064K), 0.0004769 secs]
47.361: Total time for which application threads were stopped: 0.0006065 seconds, Stopping threads took: 0.0000191 seconds
47.408: [GC (Allocation Failure)  65225K->617K(407040K), 0.0005762 secs]
47.408: Total time for which application threads were stopped: 0.0006918 seconds, Stopping threads took: 0.0000169 seconds
47.449: [GC (Allocation Failure)  64105K->649K(406016K), 0.0004593 secs]
47.450: Total time for which application threads were stopped: 0.0005934 seconds, Stopping threads took: 0.0000175 seconds
47.489: [GC (Allocation Failure)  63113K->649K(405504K), 0.0005587 secs]
47.490: Total time for which application threads were stopped: 0.0006750 seconds, Stopping threads took: 0.0000192 seconds
47.534: [GC (Allocation Failure)  62601K->649K(404992K), 0.0003993 secs]
47.534: Total time for which application threads were stopped: 0.0005170 seconds, Stopping threads took: 0.0000190 seconds
47.573: [GC (Allocation Failure)  62089K->649K(404480K), 0.0004615 secs]
47.573: Total time for which application threads were stopped: 0.0005854 seconds, Stopping threads took: 0.0000273 seconds
47.617: [GC (Allocation Failure)  61577K->649K(403968K), 0.0005513 secs]
47.618: Total time for which application threads were stopped: 0.0006787 seconds, Stopping threads took: 0.0000279 seconds
47.661: [GC (Allocation Failure)  61065K->649K(403456K), 0.0004444 secs]
47.662: Total time for which application threads were stopped: 0.0005665 seconds, Stopping threads took: 0.0000198 seconds
47.699: [GC (Allocation Failure)  60553K->681K(402944K), 0.0005092 secs]
47.700: Total time for which application threads were stopped: 0.0006471 seconds, Stopping threads took: 0.0000198 seconds
47.737: [GC (Allocation Failure)  60073K->649K(415232K), 0.0004751 secs]
47.737: Total time for which application threads were stopped: 0.0005998 seconds, Stopping threads took: 0.0000270 seconds
47.788: [GC (Allocation Failure)  72329K->649K(414208K), 0.0005590 secs]
47.789: Total time for which application threads were stopped: 0.0006837 seconds, Stopping threads took: 0.0000270 seconds
47.837: [GC (Allocation Failure)  71305K->713K(413184K), 0.0004940 secs]
47.837: Total time for which application threads were stopped: 0.0006280 seconds, Stopping threads took: 0.0000272 seconds
47.881: [GC (Allocation Failure)  70345K->649K(427520K), 0.0005808 secs]
47.881: Total time for which application threads were stopped: 0.0007290 seconds, Stopping threads took: 0.0000198 seconds
47.934: [GC (Allocation Failure)  84617K->713K(425984K), 0.0005194 secs]
47.935: Total time for which application threads were stopped: 0.0006381 seconds, Stopping threads took: 0.0000193 seconds
47.990: [GC (Allocation Failure)  83145K->681K(424448K), 0.0005581 secs]
47.991: Total time for which application threads were stopped: 0.0006763 seconds, Stopping threads took: 0.0000199 seconds
48.042: [GC (Allocation Failure)  81577K->681K(422912K), 0.0004015 secs]
48.043: Total time for which application threads were stopped: 0.0005276 seconds, Stopping threads took: 0.0000281 seconds
48.097: [GC (Allocation Failure)  80041K->681K(421888K), 0.0006027 secs]
48.097: Total time for which application threads were stopped: 0.0007555 seconds, Stopping threads took: 0.0000275 seconds
48.152: [GC (Allocation Failure)  79017K->649K(420864K), 0.0004886 secs]
48.152: Total time for which application threads were stopped: 0.0006141 seconds, Stopping threads took: 0.0000276 seconds
48.201: [GC (Allocation Failure)  77961K->617K(419840K), 0.0005775 secs]
48.201: Total time for which application threads were stopped: 0.0006930 seconds, Stopping threads took: 0.0000193 seconds
48.255: [GC (Allocation Failure)  76905K->713K(418816K), 0.0005551 secs]
48.256: Total time for which application threads were stopped: 0.0006896 seconds, Stopping threads took: 0.0000296 seconds
48.310: [GC (Allocation Failure)  75977K->713K(417792K), 0.0004942 secs]
48.310: Total time for which application threads were stopped: 0.0006297 seconds, Stopping threads took: 0.0000271 seconds
48.357: [GC (Allocation Failure)  74953K->649K(416768K), 0.0005265 secs]
48.357: Total time for which application threads were stopped: 0.0006805 seconds, Stopping threads took: 0.0000282 seconds
48.403: [GC (Allocation Failure)  73865K->617K(415744K), 0.0005492 secs]
48.404: Total time for which application threads were stopped: 0.0006648 seconds, Stopping threads took: 0.0000252 seconds
48.452: [GC (Allocation Failure)  72809K->681K(414720K), 0.0006407 secs]
48.453: Total time for which application threads were stopped: 0.0007626 seconds, Stopping threads took: 0.0000191 seconds
48.498: [GC (Allocation Failure)  71849K->713K(413696K), 0.0004417 secs]
48.498: Total time for which application threads were stopped: 0.0005614 seconds, Stopping threads took: 0.0000198 seconds
48.548: [GC (Allocation Failure)  70857K->649K(412672K), 0.0003913 secs]
48.549: Total time for which application threads were stopped: 0.0005124 seconds, Stopping threads took: 0.0000259 seconds
48.595: [GC (Allocation Failure)  69769K->617K(411648K), 0.0005538 secs]
48.596: Total time for which application threads were stopped: 0.0006948 seconds, Stopping threads took: 0.0000265 seconds
48.645: [GC (Allocation Failure)  68713K->681K(410624K), 0.0005346 secs]
48.645: Total time for which application threads were stopped: 0.0006891 seconds, Stopping threads took: 0.0000305 seconds
48.693: [GC (Allocation Failure)  67753K->681K(409600K), 0.0004886 secs]
48.694: Total time for which application threads were stopped: 0.0006146 seconds, Stopping threads took: 0.0000205 seconds
48.735: [GC (Allocation Failure)  66729K->649K(408576K), 0.0005249 secs]
48.736: Total time for which application threads were stopped: 0.0006417 seconds, Stopping threads took: 0.0000191 seconds
48.779: [GC (Allocation Failure)  65673K->649K(407552K), 0.0004888 secs]
48.780: Total time for which application threads were stopped: 0.0006070 seconds, Stopping threads took: 0.0000191 seconds
48.820: [GC (Allocation Failure)  64649K->681K(420352K), 0.0005721 secs]
48.821: Total time for which application threads were stopped: 0.0007061 seconds, Stopping threads took: 0.0000293 seconds
48.871: [GC (Allocation Failure)  77481K->649K(419328K), 0.0004701 secs]
48.872: Total time for which application threads were stopped: 0.0005941 seconds, Stopping threads took: 0.0000272 seconds
48.922: [GC (Allocation Failure)  76425K->617K(418304K), 0.0005039 secs]
48.923: Total time for which application threads were stopped: 0.0006392 seconds, Stopping threads took: 0.0000270 seconds
48.970: [GC (Allocation Failure)  75369K->681K(417280K), 0.0004727 secs]
48.970: Total time for which application threads were stopped: 0.0005983 seconds, Stopping threads took: 0.0000207 seconds
49.016: [GC (Allocation Failure)  74409K->681K(416256K), 0.0004864 secs]
49.017: Total time for which application threads were stopped: 0.0006070 seconds, Stopping threads took: 0.0000192 seconds
49.063: [GC (Allocation Failure)  73385K->649K(415232K), 0.0004754 secs]
49.064: Total time for which application threads were stopped: 0.0006159 seconds, Stopping threads took: 0.0000262 seconds
49.112: [GC (Allocation Failure)  72329K->617K(414208K), 0.0004427 secs]
49.113: Total time for which application threads were stopped: 0.0005757 seconds, Stopping threads took: 0.0000284 seconds
49.163: [GC (Allocation Failure)  71273K->649K(413184K), 0.0005606 secs]
49.164: Total time for which application threads were stopped: 0.0007003 seconds, Stopping threads took: 0.0000196 seconds
49.207: [GC (Allocation Failure)  70281K->713K(412160K), 0.0005892 secs]
49.208: Total time for which application threads were stopped: 0.0007171 seconds, Stopping threads took: 0.0000282 seconds
49.251: [GC (Allocation Failure)  69321K->649K(425984K), 0.0005984 secs]
49.251: Total time for which application threads were stopped: 0.0007338 seconds, Stopping threads took: 0.0000215 seconds
49.303: [GC (Allocation Failure)  83081K->681K(424448K), 0.0005144 secs]
49.303: Total time for which application threads were stopped: 0.0006432 seconds, Stopping threads took: 0.0000284 seconds
49.354: [GC (Allocation Failure)  81577K->649K(422912K), 0.0004835 secs]
49.354: Total time for which application threads were stopped: 0.0006069 seconds, Stopping threads took: 0.0000207 seconds
49.405: [GC (Allocation Failure)  80009K->681K(421888K), 0.0005128 secs]
49.406: Total time for which application threads were stopped: 0.0006110 seconds, Stopping threads took: 0.0000166 seconds
49.459: [GC (Allocation Failure)  79017K->681K(420864K), 0.0005630 secs]
49.460: Total time for which application threads were stopped: 0.0006822 seconds, Stopping threads took: 0.0000192 seconds
49.508: [GC (Allocation Failure)  77993K->681K(419840K), 0.0004682 secs]
49.508: Total time for which application threads were stopped: 0.0005833 seconds, Stopping threads took: 0.0000192 seconds
49.556: [GC (Allocation Failure)  76969K->649K(418816K), 0.0004280 secs]
49.557: Total time for which application threads were stopped: 0.0005445 seconds, Stopping threads took: 0.0000188 seconds
49.604: [GC (Allocation Failure)  75913K->649K(417792K), 0.0004782 secs]
49.604: Total time for which application threads were stopped: 0.0006022 seconds, Stopping threads took: 0.0000269 seconds
49.657: [GC (Allocation Failure)  74889K->649K(416768K), 0.0004690 secs]
49.657: Total time for which application threads were stopped: 0.0005936 seconds, Stopping threads took: 0.0000270 seconds
49.705: [GC (Allocation Failure)  73865K->713K(415744K), 0.0006057 secs]
49.706: Total time for which application threads were stopped: 0.0007338 seconds, Stopping threads took: 0.0000275 seconds
49.755: [GC (Allocation Failure)  72905K->713K(414720K), 0.0004640 secs]
49.755: Total time for which application threads were stopped: 0.0005845 seconds, Stopping threads took: 0.0000193 seconds
49.803: [GC (Allocation Failure)  71881K->649K(413696K), 0.0005827 secs]
49.803: Total time for which application threads were stopped: 0.0007168 seconds, Stopping threads took: 0.0000386 seconds
49.851: [GC (Allocation Failure)  70793K->617K(412672K), 0.0004722 secs]
49.851: Total time for which application threads were stopped: 0.0005868 seconds, Stopping threads took: 0.0000198 seconds
49.899: [GC (Allocation Failure)  69737K->713K(411648K), 0.0005183 secs]
49.900: Total time for which application threads were stopped: 0.0006387 seconds, Stopping threads took: 0.0000200 seconds
49.949: [GC (Allocation Failure)  68809K->681K(410624K), 0.0004926 secs]
49.950: Total time for which application threads were stopped: 0.0006097 seconds, Stopping threads took: 0.0000194 seconds
49.992: [GC (Allocation Failure)  67753K->649K(409600K), 0.0004932 secs]
49.993: Total time for which application threads were stopped: 0.0006152 seconds, Stopping threads took: 0.0000201 seconds
50.041: [GC (Allocation Failure)  66697K->649K(408576K), 0.0004949 secs]
50.041: Total time for which application threads were stopped: 0.0006226 seconds, Stopping threads took: 0.0000278 seconds
50.085: [GC (Allocation Failure)  65673K->585K(407552K), 0.0004765 secs]
50.085: Total time for which application threads were stopped: 0.0005954 seconds, Stopping threads took: 0.0000193 seconds
50.126: [GC (Allocation Failure)  64585K->617K(406528K), 0.0005802 secs]
50.126: Total time for which application threads were stopped: 0.0006988 seconds, Stopping threads took: 0.0000198 seconds
50.166: [GC (Allocation Failure)  63593K->681K(419328K), 0.0005166 secs]
50.166: Total time for which application threads were stopped: 0.0006476 seconds, Stopping threads took: 0.0000201 seconds
50.214: [GC (Allocation Failure)  76457K->681K(418304K), 0.0005095 secs]
50.214: Total time for which application threads were stopped: 0.0006419 seconds, Stopping threads took: 0.0000274 seconds
50.261: [GC (Allocation Failure)  75433K->681K(433664K), 0.0005801 secs]
50.262: Total time for which application threads were stopped: 0.0007296 seconds, Stopping threads took: 0.0000298 seconds
50.318: [GC (Allocation Failure)  90793K->649K(432128K), 0.0005268 secs]
50.318: Total time for which application threads were stopped: 0.0006721 seconds, Stopping threads took: 0.0000211 seconds
50.379: [GC (Allocation Failure)  89225K->681K(430592K), 0.0005281 secs]
50.379: Total time for which application threads were stopped: 0.0006532 seconds, Stopping threads took: 0.0000218 seconds
50.435: [GC (Allocation Failure)  87721K->617K(429056K), 0.0005296 secs]
50.435: Total time for which application threads were stopped: 0.0006492 seconds, Stopping threads took: 0.0000195 seconds
50.495: [GC (Allocation Failure)  86121K->681K(427520K), 0.0005966 secs]
50.495: Total time for which application threads were stopped: 0.0007253 seconds, Stopping threads took: 0.0000192 seconds
50.554: [GC (Allocation Failure)  84649K->649K(425984K), 0.0004302 secs]
50.555: Total time for which application threads were stopped: 0.0005503 seconds, Stopping threads took: 0.0000195 seconds
50.610: [GC (Allocation Failure)  83081K->745K(424448K), 0.0006424 secs]
50.610: Total time for which application threads were stopped: 0.0007583 seconds, Stopping threads took: 0.0000193 seconds
50.661: [GC (Allocation Failure)  81641K->649K(422912K), 0.0004626 secs]
50.661: Total time for which application threads were stopped: 0.0006087 seconds, Stopping threads took: 0.0000187 seconds
50.711: [GC (Allocation Failure)  80009K->713K(421888K), 0.0005888 secs]
50.712: Total time for which application threads were stopped: 0.0007103 seconds, Stopping threads took: 0.0000198 seconds
50.766: [GC (Allocation Failure)  79049K->713K(420864K), 0.0005371 secs]
50.767: Total time for which application threads were stopped: 0.0006732 seconds, Stopping threads took: 0.0000217 seconds
50.815: [GC (Allocation Failure)  78025K->745K(419840K), 0.0005621 secs]
50.816: Total time for which application threads were stopped: 0.0007019 seconds, Stopping threads took: 0.0000221 seconds
50.864: [GC (Allocation Failure)  77033K->649K(418816K), 0.0005729 secs]
50.865: Total time for which application threads were stopped: 0.0007257 seconds, Stopping threads took: 0.0000218 seconds
50.917: [GC (Allocation Failure)  75913K->713K(417792K), 0.0005396 secs]
50.918: Total time for which application threads were stopped: 0.0006846 seconds, Stopping threads took: 0.0000230 seconds
50.964: [GC (Allocation Failure)  74953K->649K(416768K), 0.0005285 secs]
50.965: Total time for which application threads were stopped: 0.0006798 seconds, Stopping threads took: 0.0000224 seconds
51.016: [GC (Allocation Failure)  73865K->681K(415744K), 0.0004407 secs]
51.017: Total time for which application threads were stopped: 0.0005624 seconds, Stopping threads took: 0.0000202 seconds
51.062: [GC (Allocation Failure)  72873K->649K(414720K), 0.0004418 secs]
51.063: Total time for which application threads were stopped: 0.0005504 seconds, Stopping threads took: 0.0000175 seconds
51.111: [GC (Allocation Failure)  71817K->649K(413696K), 0.0005330 secs]
51.111: Total time for which application threads were stopped: 0.0006659 seconds, Stopping threads took: 0.0000280 seconds
51.155: [GC (Allocation Failure)  70793K->681K(412672K), 0.0004722 secs]
51.155: Total time for which application threads were stopped: 0.0005958 seconds, Stopping threads took: 0.0000203 seconds
51.199: [GC (Allocation Failure)  69801K->649K(411648K), 0.0005443 secs]
51.199: Total time for which application threads were stopped: 0.0006851 seconds, Stopping threads took: 0.0000284 seconds
51.246: [GC (Allocation Failure)  68745K->617K(410624K), 0.0005703 secs]
51.247: Total time for which application threads were stopped: 0.0007070 seconds, Stopping threads took: 0.0000202 seconds
51.293: [GC (Allocation Failure)  67689K->617K(409600K), 0.0005768 secs]
51.293: Total time for which application threads were stopped: 0.0007334 seconds, Stopping threads took: 0.0000299 seconds
51.338: [GC (Allocation Failure)  66665K->585K(408576K), 0.0004827 secs]
51.339: Total time for which application threads were stopped: 0.0006113 seconds, Stopping threads took: 0.0000223 seconds
51.383: [GC (Allocation Failure)  65609K->681K(407552K), 0.0005741 secs]
51.383: Total time for which application threads were stopped: 0.0006991 seconds, Stopping threads took: 0.0000190 seconds
51.424: [GC (Allocation Failure)  64681K->681K(406528K), 0.0004443 secs]
51.425: Total time for which application threads were stopped: 0.0005730 seconds, Stopping threads took: 0.0000276 seconds
51.469: [GC (Allocation Failure)  63657K->681K(405504K), 0.0004649 secs]
51.469: Total time for which application threads were stopped: 0.0005885 seconds, Stopping threads took: 0.0000214 seconds
51.508: [GC (Allocation Failure)  62633K->681K(418304K), 0.0005277 secs]
51.509: Total time for which application threads were stopped: 0.0006357 seconds, Stopping threads took: 0.0000170 seconds
51.559: [GC (Allocation Failure)  75433K->649K(417280K), 0.0004458 secs]
51.560: Total time for which application threads were stopped: 0.0005742 seconds, Stopping threads took: 0.0000195 seconds
51.606: [GC (Allocation Failure)  74377K->649K(416256K), 0.0005312 secs]
51.606: Total time for which application threads were stopped: 0.0006788 seconds, Stopping threads took: 0.0000220 seconds
51.657: [GC (Allocation Failure)  73353K->681K(415232K), 0.0005202 secs]
51.658: Total time for which application threads were stopped: 0.0006682 seconds, Stopping threads took: 0.0000308 seconds
51.702: [GC (Allocation Failure)  72361K->649K(429568K), 0.0008885 secs]
51.703: Total time for which application threads were stopped: 0.0010365 seconds, Stopping threads took: 0.0000221 seconds
51.757: [GC (Allocation Failure)  86665K->681K(446976K), 0.0005657 secs]
51.758: Total time for which application threads were stopped: 0.0007014 seconds, Stopping threads took: 0.0000218 seconds
51.827: [GC (Allocation Failure)  104105K->713K(444928K), 0.0005874 secs]
51.828: Total time for which application threads were stopped: 0.0007050 seconds, Stopping threads took: 0.0000252 seconds
51.891: [GC (Allocation Failure)  102089K->681K(442880K), 0.0004947 secs]
51.892: Total time for which application threads were stopped: 0.0006274 seconds, Stopping threads took: 0.0000206 seconds
51.958: [GC (Allocation Failure)  100009K->649K(440832K), 0.0005326 secs]
51.959: Total time for which application threads were stopped: 0.0006869 seconds, Stopping threads took: 0.0000292 seconds
52.025: [GC (Allocation Failure)  97929K->649K(438784K), 0.0004962 secs]
52.026: Total time for which application threads were stopped: 0.0006131 seconds, Stopping threads took: 0.0000193 seconds
52.091: [GC (Allocation Failure)  95881K->649K(437248K), 0.0004162 secs]
52.092: Total time for which application threads were stopped: 0.0005221 seconds, Stopping threads took: 0.0000175 seconds
52.150: [GC (Allocation Failure)  94345K->649K(435712K), 0.0003996 secs]
52.151: Total time for which application threads were stopped: 0.0005068 seconds, Stopping threads took: 0.0000167 seconds
52.209: [GC (Allocation Failure)  92809K->713K(434176K), 0.0005061 secs]
52.210: Total time for which application threads were stopped: 0.0006301 seconds, Stopping threads took: 0.0000275 seconds
52.269: [GC (Allocation Failure)  91337K->681K(432640K), 0.0007391 secs]
52.270: Total time for which application threads were stopped: 0.0008808 seconds, Stopping threads took: 0.0000269 seconds
52.329: [GC (Allocation Failure)  89769K->681K(431104K), 0.0005306 secs]
52.329: Total time for which application threads were stopped: 0.0006488 seconds, Stopping threads took: 0.0000193 seconds
52.384: [GC (Allocation Failure)  88233K->617K(429568K), 0.0005638 secs]
52.384: Total time for which application threads were stopped: 0.0006791 seconds, Stopping threads took: 0.0000191 seconds
52.440: [GC (Allocation Failure)  86633K->649K(428032K), 0.0005055 secs]
52.441: Total time for which application threads were stopped: 0.0006247 seconds, Stopping threads took: 0.0000165 seconds
52.493: [GC (Allocation Failure)  85129K->649K(426496K), 0.0004688 secs]
52.494: Total time for which application threads were stopped: 0.0006030 seconds, Stopping threads took: 0.0000282 seconds
52.546: [GC (Allocation Failure)  83593K->681K(424960K), 0.0004782 secs]
52.547: Total time for which application threads were stopped: 0.0006060 seconds, Stopping threads took: 0.0000280 seconds
52.604: [GC (Allocation Failure)  82089K->745K(423424K), 0.0005140 secs]
52.604: Total time for which application threads were stopped: 0.0006218 seconds, Stopping threads took: 0.0000254 seconds
52.654: [GC (Allocation Failure)  80617K->585K(422400K), 0.0006364 secs]
52.655: Total time for which application threads were stopped: 0.0007478 seconds, Stopping threads took: 0.0000169 seconds
52.705: [GC (Allocation Failure)  79433K->681K(421376K), 0.0005021 secs]
52.705: Total time for which application threads were stopped: 0.0006341 seconds, Stopping threads took: 0.0000199 seconds
52.754: [GC (Allocation Failure)  78505K->649K(420352K), 0.0005190 secs]
52.755: Total time for which application threads were stopped: 0.0006764 seconds, Stopping threads took: 0.0000216 seconds
52.808: [GC (Allocation Failure)  77449K->681K(419328K), 0.0005149 secs]
52.809: Total time for which application threads were stopped: 0.0006607 seconds, Stopping threads took: 0.0000294 seconds
52.856: [GC (Allocation Failure)  76457K->713K(418304K), 0.0007445 secs]
52.857: Total time for which application threads were stopped: 0.0008906 seconds, Stopping threads took: 0.0000307 seconds
52.903: [GC (Allocation Failure)  75465K->617K(433664K), 0.0006134 secs]
52.904: Total time for which application threads were stopped: 0.0007646 seconds, Stopping threads took: 0.0000223 seconds
52.960: [GC (Allocation Failure)  90729K->617K(432128K), 0.0004800 secs]
52.961: Total time for which application threads were stopped: 0.0006404 seconds, Stopping threads took: 0.0000220 seconds
53.016: [GC (Allocation Failure)  89193K->649K(430592K), 0.0004482 secs]
53.016: Total time for which application threads were stopped: 0.0005675 seconds, Stopping threads took: 0.0000200 seconds
53.075: [GC (Allocation Failure)  87689K->649K(429056K), 0.0004272 secs]
53.075: Total time for which application threads were stopped: 0.0005469 seconds, Stopping threads took: 0.0000253 seconds
53.134: [GC (Allocation Failure)  86153K->681K(427520K), 0.0007248 secs]
53.135: Total time for which application threads were stopped: 0.0008351 seconds, Stopping threads took: 0.0000169 seconds
53.188: [GC (Allocation Failure)  84649K->713K(425984K), 0.0004937 secs]
53.188: Total time for which application threads were stopped: 0.0006513 seconds, Stopping threads took: 0.0000283 seconds
53.241: [GC (Allocation Failure)  83145K->649K(424448K), 0.0005271 secs]
53.241: Total time for which application threads were stopped: 0.0006463 seconds, Stopping threads took: 0.0000192 seconds
53.292: [GC (Allocation Failure)  81545K->681K(422912K), 0.0006310 secs]
53.293: Total time for which application threads were stopped: 0.0007599 seconds, Stopping threads took: 0.0000200 seconds
53.346: [GC (Allocation Failure)  80041K->713K(421888K), 0.0006499 secs]
53.346: Total time for which application threads were stopped: 0.0008000 seconds, Stopping threads took: 0.0000221 seconds
53.401: [GC (Allocation Failure)  79049K->617K(420864K), 0.0004424 secs]
53.401: Total time for which application threads were stopped: 0.0005768 seconds, Stopping threads took: 0.0000247 seconds
53.452: [GC (Allocation Failure)  77929K->745K(419840K), 0.0005836 secs]
53.453: Total time for which application threads were stopped: 0.0007045 seconds, Stopping threads took: 0.0000195 seconds
53.506: [GC (Allocation Failure)  77033K->649K(418816K), 0.0005353 secs]
53.507: Total time for which application threads were stopped: 0.0006864 seconds, Stopping threads took: 0.0000227 seconds
53.561: [GC (Allocation Failure)  75913K->713K(417792K), 0.0004151 secs]
53.561: Total time for which application threads were stopped: 0.0005411 seconds, Stopping threads took: 0.0000258 seconds
53.612: [GC (Allocation Failure)  74953K->649K(416768K), 0.0004978 secs]
53.612: Total time for which application threads were stopped: 0.0006235 seconds, Stopping threads took: 0.0000201 seconds
53.661: [GC (Allocation Failure)  73865K->681K(415744K), 0.0004887 secs]
53.662: Total time for which application threads were stopped: 0.0006133 seconds, Stopping threads took: 0.0000272 seconds
53.707: [GC (Allocation Failure)  72873K->713K(414720K), 0.0005555 secs]
53.708: Total time for which application threads were stopped: 0.0006835 seconds, Stopping threads took: 0.0000281 seconds
53.752: [GC (Allocation Failure)  71881K->649K(413696K), 0.0005135 secs]
53.753: Total time for which application threads were stopped: 0.0006524 seconds, Stopping threads took: 0.0000210 seconds
53.802: [GC (Allocation Failure)  70793K->681K(412672K), 0.0005070 secs]
53.803: Total time for which application threads were stopped: 0.0006335 seconds, Stopping threads took: 0.0000220 seconds
53.846: [GC (Allocation Failure)  69801K->681K(411648K), 0.0004744 secs]
53.847: Total time for which application threads were stopped: 0.0006011 seconds, Stopping threads took: 0.0000278 seconds
53.889: [GC (Allocation Failure)  68777K->649K(410624K), 0.0004887 secs]
53.890: Total time for which application threads were stopped: 0.0006240 seconds, Stopping threads took: 0.0000192 seconds
53.936: [GC (Allocation Failure)  67721K->713K(409600K), 0.0006324 secs]
53.936: Total time for which application threads were stopped: 0.0007714 seconds, Stopping threads took: 0.0000303 seconds
53.978: [GC (Allocation Failure)  66761K->649K(422912K), 0.0005674 secs]
53.979: Total time for which application threads were stopped: 0.0006861 seconds, Stopping threads took: 0.0000196 seconds
54.032: [GC (Allocation Failure)  80009K->681K(421888K), 0.0004925 secs]
54.032: Total time for which application threads were stopped: 0.0006549 seconds, Stopping threads took: 0.0000257 seconds
54.081: [GC (Allocation Failure)  79017K->649K(420864K), 0.0004858 secs]
54.082: Total time for which application threads were stopped: 0.0006211 seconds, Stopping threads took: 0.0000206 seconds
54.135: [GC (Allocation Failure)  77961K->681K(419840K), 0.0005074 secs]
54.136: Total time for which application threads were stopped: 0.0006376 seconds, Stopping threads took: 0.0000209 seconds
54.184: [GC (Allocation Failure)  76969K->713K(418816K), 0.0005441 secs]
54.184: Total time for which application threads were stopped: 0.0006878 seconds, Stopping threads took: 0.0000221 seconds
54.232: [GC (Allocation Failure)  75977K->649K(417792K), 0.0005374 secs]
54.232: Total time for which application threads were stopped: 0.0006906 seconds, Stopping threads took: 0.0000229 seconds
54.286: [GC (Allocation Failure)  74889K->649K(416768K), 0.0006339 secs]
54.286: Total time for which application threads were stopped: 0.0007617 seconds, Stopping threads took: 0.0000194 seconds
54.337: [GC (Allocation Failure)  73865K->681K(415744K), 0.0004577 secs]
54.338: Total time for which application threads were stopped: 0.0005848 seconds, Stopping threads took: 0.0000215 seconds
54.383: [GC (Allocation Failure)  72873K->617K(414720K), 0.0006294 secs]
54.384: Total time for which application threads were stopped: 0.0007497 seconds, Stopping threads took: 0.0000196 seconds
54.432: [GC (Allocation Failure)  71785K->649K(413696K), 0.0004500 secs]
54.433: Total time for which application threads were stopped: 0.0005726 seconds, Stopping threads took: 0.0000194 seconds
54.477: [GC (Allocation Failure)  70793K->745K(412672K), 0.0004975 secs]
54.477: Total time for which application threads were stopped: 0.0006405 seconds, Stopping threads took: 0.0000217 seconds
54.526: [GC (Allocation Failure)  69865K->681K(411648K), 0.0004591 secs]
54.527: Total time for which application threads were stopped: 0.0005890 seconds, Stopping threads took: 0.0000263 seconds
54.569: [GC (Allocation Failure)  68777K->649K(410624K), 0.0006213 secs]
54.570: Total time for which application threads were stopped: 0.0007620 seconds, Stopping threads took: 0.0000211 seconds
54.612: [GC (Allocation Failure)  67721K->649K(409600K), 0.0004902 secs]
54.613: Total time for which application threads were stopped: 0.0006385 seconds, Stopping threads took: 0.0000222 seconds
54.660: [GC (Allocation Failure)  66697K->681K(408576K), 0.0004577 secs]
54.660: Total time for which application threads were stopped: 0.0005772 seconds, Stopping threads took: 0.0000202 seconds
54.701: [GC (Allocation Failure)  65705K->681K(407552K), 0.0004944 secs]
54.702: Total time for which application threads were stopped: 0.0006030 seconds, Stopping threads took: 0.0000165 seconds
54.746: [GC (Allocation Failure)  64681K->649K(406528K), 0.0004867 secs]
54.747: Total time for which application threads were stopped: 0.0006221 seconds, Stopping threads took: 0.0000195 seconds
54.786: [GC (Allocation Failure)  63625K->713K(419328K), 0.0007161 secs]
54.787: Total time for which application threads were stopped: 0.0008471 seconds, Stopping threads took: 0.0000210 seconds
54.840: [GC (Allocation Failure)  76489K->681K(434688K), 0.0005142 secs]
54.840: Total time for which application threads were stopped: 0.0006486 seconds, Stopping threads took: 0.0000213 seconds
54.898: [GC (Allocation Failure)  91817K->649K(433152K), 0.0005150 secs]
54.898: Total time for which application threads were stopped: 0.0006588 seconds, Stopping threads took: 0.0000298 seconds
54.959: [GC (Allocation Failure)  90249K->649K(431616K), 0.0004895 secs]
54.960: Total time for which application threads were stopped: 0.0006210 seconds, Stopping threads took: 0.0000284 seconds
55.014: [GC (Allocation Failure)  88713K->649K(430080K), 0.0004943 secs]
55.015: Total time for which application threads were stopped: 0.0006129 seconds, Stopping threads took: 0.0000193 seconds
55.075: [GC (Allocation Failure)  87177K->681K(428544K), 0.0005189 secs]
55.075: Total time for which application threads were stopped: 0.0006377 seconds, Stopping threads took: 0.0000193 seconds
55.132: [GC (Allocation Failure)  85673K->649K(427008K), 0.0005044 secs]
55.132: Total time for which application threads were stopped: 0.0006238 seconds, Stopping threads took: 0.0000195 seconds
55.184: [GC (Allocation Failure)  84105K->681K(425472K), 0.0004894 secs]
55.185: Total time for which application threads were stopped: 0.0006046 seconds, Stopping threads took: 0.0000192 seconds
55.236: [GC (Allocation Failure)  82601K->617K(423936K), 0.0005980 secs]
55.237: Total time for which application threads were stopped: 0.0008879 seconds, Stopping threads took: 0.0001784 seconds
55.287: [GC (Allocation Failure)  81001K->617K(422400K), 0.0005388 secs]
55.288: Total time for which application threads were stopped: 0.0006721 seconds, Stopping threads took: 0.0000295 seconds
55.340: [GC (Allocation Failure)  79465K->681K(421376K), 0.0006795 secs]
55.341: Total time for which application threads were stopped: 0.0008146 seconds, Stopping threads took: 0.0000260 seconds
55.396: [GC (Allocation Failure)  78505K->681K(420352K), 0.0006716 secs]
55.397: Total time for which application threads were stopped: 0.0007896 seconds, Stopping threads took: 0.0000181 seconds
55.445: [GC (Allocation Failure)  77481K->649K(419328K), 0.0004995 secs]
55.446: Total time for which application threads were stopped: 0.0006153 seconds, Stopping threads took: 0.0000191 seconds
55.493: [GC (Allocation Failure)  76425K->649K(418304K), 0.0006148 secs]
55.494: Total time for which application threads were stopped: 0.0007242 seconds, Stopping threads took: 0.0000173 seconds
55.541: [GC (Allocation Failure)  75401K->681K(417280K), 0.0004354 secs]
55.541: Total time for which application threads were stopped: 0.0005674 seconds, Stopping threads took: 0.0000275 seconds
55.593: [GC (Allocation Failure)  74409K->681K(416256K), 0.0006380 secs]
55.594: Total time for which application threads were stopped: 0.0007536 seconds, Stopping threads took: 0.0000195 seconds
55.639: [GC (Allocation Failure)  73385K->713K(431104K), 0.0007041 secs]
55.640: Total time for which application threads were stopped: 0.0008282 seconds, Stopping threads took: 0.0000272 seconds
55.694: [GC (Allocation Failure)  88265K->713K(429568K), 0.0004652 secs]
55.695: Total time for which application threads were stopped: 0.0005812 seconds, Stopping threads took: 0.0000188 seconds
55.749: [GC (Allocation Failure)  86729K->617K(428032K), 0.0006226 secs]
55.749: Total time for which application threads were stopped: 0.0007480 seconds, Stopping threads took: 0.0000279 seconds
55.807: [GC (Allocation Failure)  85097K->649K(426496K), 0.0006276 secs]
55.808: Total time for which application threads were stopped: 0.0007560 seconds, Stopping threads took: 0.0000266 seconds
55.860: [GC (Allocation Failure)  83593K->681K(424960K), 0.0004772 secs]
55.860: Total time for which application threads were stopped: 0.0006080 seconds, Stopping threads took: 0.0000191 seconds
55.917: [GC (Allocation Failure)  82089K->681K(423424K), 0.0004925 secs]
55.918: Total time for which application threads were stopped: 0.0006090 seconds, Stopping threads took: 0.0000192 seconds
55.973: [GC (Allocation Failure)  80553K->617K(422400K), 0.0005558 secs]
55.974: Total time for which application threads were stopped: 0.0006794 seconds, Stopping threads took: 0.0000267 seconds
56.023: [GC (Allocation Failure)  79465K->713K(421376K), 0.0004635 secs]
56.024: Total time for which application threads were stopped: 0.0005735 seconds, Stopping threads took: 0.0000196 seconds
56.076: [GC (Allocation Failure)  78537K->617K(420352K), 0.0004628 secs]
56.076: Total time for which application threads were stopped: 0.0005802 seconds, Stopping threads took: 0.0000273 seconds
56.124: [GC (Allocation Failure)  77417K->649K(419328K), 0.0004525 secs]
56.125: Total time for which application threads were stopped: 0.0005697 seconds, Stopping threads took: 0.0000262 seconds
56.172: [GC (Allocation Failure)  76425K->681K(418304K), 0.0004707 secs]
56.173: Total time for which application threads were stopped: 0.0005807 seconds, Stopping threads took: 0.0000192 seconds
56.220: [GC (Allocation Failure)  75433K->649K(417280K), 0.0004358 secs]
56.220: Total time for which application threads were stopped: 0.0005681 seconds, Stopping threads took: 0.0000283 seconds
56.266: [GC (Allocation Failure)  74377K->713K(416256K), 0.0006236 secs]
56.267: Total time for which application threads were stopped: 0.0007502 seconds, Stopping threads took: 0.0000269 seconds
56.312: [GC (Allocation Failure)  73417K->649K(415232K), 0.0004778 secs]
56.313: Total time for which application threads were stopped: 0.0005951 seconds, Stopping threads took: 0.0000191 seconds
56.358: [GC (Allocation Failure)  72329K->617K(414208K), 0.0004658 secs]
56.358: Total time for which application threads were stopped: 0.0006055 seconds, Stopping threads took: 0.0000277 seconds
56.409: [GC (Allocation Failure)  71273K->649K(413184K), 0.0006554 secs]
56.409: Total time for which application threads were stopped: 0.0007657 seconds, Stopping threads took: 0.0000218 seconds
56.458: [GC (Allocation Failure)  70281K->617K(412160K), 0.0005128 secs]
56.458: Total time for which application threads were stopped: 0.0006342 seconds, Stopping threads took: 0.0000266 seconds
56.506: [GC (Allocation Failure)  69225K->681K(411136K), 0.0004479 secs]
56.507: Total time for which application threads were stopped: 0.0005749 seconds, Stopping threads took: 0.0000275 seconds
56.554: [GC (Allocation Failure)  68265K->681K(410112K), 0.0004281 secs]
56.554: Total time for which application threads were stopped: 0.0005496 seconds, Stopping threads took: 0.0000196 seconds
56.596: [GC (Allocation Failure)  67241K->617K(409088K), 0.0004681 secs]
56.596: Total time for which application threads were stopped: 0.0005872 seconds, Stopping threads took: 0.0000199 seconds
56.643: [GC (Allocation Failure)  66153K->681K(408064K), 0.0006855 secs]
56.644: Total time for which application threads were stopped: 0.0008049 seconds, Stopping threads took: 0.0000198 seconds
56.685: [GC (Allocation Failure)  65193K->713K(421376K), 0.0006728 secs]
56.685: Total time for which application threads were stopped: 0.0007885 seconds, Stopping threads took: 0.0000200 seconds
56.734: [GC (Allocation Failure)  78537K->649K(437248K), 0.0004731 secs]
56.735: Total time for which application threads were stopped: 0.0006048 seconds, Stopping threads took: 0.0000209 seconds
56.793: [GC (Allocation Failure)  94345K->681K(435712K), 0.0004892 secs]
56.794: Total time for which application threads were stopped: 0.0006339 seconds, Stopping threads took: 0.0000220 seconds
56.857: [GC (Allocation Failure)  92841K->681K(434176K), 0.0006223 secs]
56.857: Total time for which application threads were stopped: 0.0007523 seconds, Stopping threads took: 0.0000216 seconds
56.914: [GC (Allocation Failure)  91305K->713K(432640K), 0.0006712 secs]
56.914: Total time for which application threads were stopped: 0.0008139 seconds, Stopping threads took: 0.0000207 seconds
56.970: [GC (Allocation Failure)  89801K->617K(431104K), 0.0006808 secs]
56.971: Total time for which application threads were stopped: 0.0008256 seconds, Stopping threads took: 0.0000294 seconds
57.028: [GC (Allocation Failure)  88169K->649K(429568K), 0.0004811 secs]
57.029: Total time for which application threads were stopped: 0.0006141 seconds, Stopping threads took: 0.0000212 seconds
57.083: [GC (Allocation Failure)  86665K->681K(428032K), 0.0006306 secs]
57.083: Total time for which application threads were stopped: 0.0007739 seconds, Stopping threads took: 0.0000216 seconds
57.136: [GC (Allocation Failure)  85161K->681K(426496K), 0.0007016 secs]
57.137: Total time for which application threads were stopped: 0.0008540 seconds, Stopping threads took: 0.0000226 seconds
57.196: [GC (Allocation Failure)  83625K->681K(424960K), 0.0006128 secs]
57.197: Total time for which application threads were stopped: 0.0007319 seconds, Stopping threads took: 0.0000193 seconds
57.252: [GC (Allocation Failure)  82089K->745K(423424K), 0.0005797 secs]
57.253: Total time for which application threads were stopped: 0.0008669 seconds, Stopping threads took: 0.0000195 seconds
57.302: [GC (Allocation Failure)  80617K->617K(422400K), 0.0005145 secs]
57.303: Total time for which application threads were stopped: 0.0006426 seconds, Stopping threads took: 0.0000276 seconds
57.357: [GC (Allocation Failure)  79465K->681K(421376K), 0.0005013 secs]
57.357: Total time for which application threads were stopped: 0.0006477 seconds, Stopping threads took: 0.0000290 seconds
57.406: [GC (Allocation Failure)  78505K->649K(420352K), 0.0004742 secs]
57.407: Total time for which application threads were stopped: 0.0006071 seconds, Stopping threads took: 0.0000251 seconds
57.458: [GC (Allocation Failure)  77449K->681K(419328K), 0.0004873 secs]
57.459: Total time for which application threads were stopped: 0.0006055 seconds, Stopping threads took: 0.0000193 seconds
57.510: [GC (Allocation Failure)  76457K->649K(418304K), 0.0006293 secs]
57.511: Total time for which application threads were stopped: 0.0007506 seconds, Stopping threads took: 0.0000197 seconds
57.558: [GC (Allocation Failure)  75401K->649K(417280K), 0.0003854 secs]
57.559: Total time for which application threads were stopped: 0.0005207 seconds, Stopping threads took: 0.0000249 seconds
57.608: [GC (Allocation Failure)  74377K->681K(416256K), 0.0004366 secs]
57.609: Total time for which application threads were stopped: 0.0005696 seconds, Stopping threads took: 0.0000278 seconds
57.654: [GC (Allocation Failure)  73385K->681K(415232K), 0.0006093 secs]
57.655: Total time for which application threads were stopped: 0.0007497 seconds, Stopping threads took: 0.0000294 seconds
57.700: [GC (Allocation Failure)  72361K->681K(414208K), 0.0005271 secs]
57.700: Total time for which application threads were stopped: 0.0006901 seconds, Stopping threads took: 0.0000221 seconds
57.744: [GC (Allocation Failure)  71337K->681K(413184K), 0.0005294 secs]
57.745: Total time for which application threads were stopped: 0.0006758 seconds, Stopping threads took: 0.0000232 seconds
57.788: [GC (Allocation Failure)  70313K->649K(412160K), 0.0005541 secs]
57.789: Total time for which application threads were stopped: 0.0007064 seconds, Stopping threads took: 0.0000223 seconds
57.832: [GC (Allocation Failure)  69257K->649K(411136K), 0.0004473 secs]
57.833: Total time for which application threads were stopped: 0.0005743 seconds, Stopping threads took: 0.0000278 seconds
57.880: [GC (Allocation Failure)  68233K->681K(410112K), 0.0004413 secs]
57.881: Total time for which application threads were stopped: 0.0005559 seconds, Stopping threads took: 0.0000188 seconds
57.922: [GC (Allocation Failure)  67241K->713K(409088K), 0.0004655 secs]
57.923: Total time for which application threads were stopped: 0.0005743 seconds, Stopping threads took: 0.0000173 seconds
57.964: [GC (Allocation Failure)  66249K->649K(408064K), 0.0004817 secs]
57.965: Total time for which application threads were stopped: 0.0006015 seconds, Stopping threads took: 0.0000201 seconds
58.011: [GC (Allocation Failure)  65161K->649K(407040K), 0.0005634 secs]
58.011: Total time for which application threads were stopped: 0.0007010 seconds, Stopping threads took: 0.0000208 seconds
58.058: [GC (Allocation Failure)  64137K->649K(406016K), 0.0005135 secs]
58.059: Total time for which application threads were stopped: 0.0006354 seconds, Stopping threads took: 0.0000194 seconds
58.098: [GC (Allocation Failure)  63113K->681K(405504K), 0.0004470 secs]
58.099: Total time for which application threads were stopped: 0.0005747 seconds, Stopping threads took: 0.0000272 seconds
58.137: [GC (Allocation Failure)  62633K->649K(418304K), 0.0005952 secs]
58.138: Total time for which application threads were stopped: 0.0007437 seconds, Stopping threads took: 0.0000292 seconds
58.185: [GC (Allocation Failure)  75401K->649K(433664K), 0.0005066 secs]
58.185: Total time for which application threads were stopped: 0.0006524 seconds, Stopping threads took: 0.0000222 seconds
58.241: [GC (Allocation Failure)  90761K->681K(432128K), 0.0005861 secs]
58.242: Total time for which application threads were stopped: 0.0007218 seconds, Stopping threads took: 0.0000301 seconds
58.298: [GC (Allocation Failure)  89257K->617K(430592K), 0.0004888 secs]
58.298: Total time for which application threads were stopped: 0.0006148 seconds, Stopping threads took: 0.0000276 seconds
58.352: [GC (Allocation Failure)  87657K->617K(429056K), 0.0006826 secs]
58.353: Total time for which application threads were stopped: 0.0008284 seconds, Stopping threads took: 0.0000272 seconds
58.411: [GC (Allocation Failure)  86121K->617K(427520K), 0.0004678 secs]
58.412: Total time for which application threads were stopped: 0.0005607 seconds, Stopping threads took: 0.0000142 seconds
58.464: [GC (Allocation Failure)  84585K->649K(425984K), 0.0004287 secs]
58.465: Total time for which application threads were stopped: 0.0005297 seconds, Stopping threads took: 0.0000175 seconds
58.522: [GC (Allocation Failure)  83081K->649K(424448K), 0.0004497 secs]
58.522: Total time for which application threads were stopped: 0.0005503 seconds, Stopping threads took: 0.0000177 seconds
58.573: [GC (Allocation Failure)  81545K->649K(422912K), 0.0004084 secs]
58.574: Total time for which application threads were stopped: 0.0005247 seconds, Stopping threads took: 0.0000251 seconds
58.624: [GC (Allocation Failure)  80009K->681K(421888K), 0.0004529 secs]
58.625: Total time for which application threads were stopped: 0.0005717 seconds, Stopping threads took: 0.0000195 seconds
58.677: [GC (Allocation Failure)  79017K->649K(420864K), 0.0005462 secs]
58.677: Total time for which application threads were stopped: 0.0006661 seconds, Stopping threads took: 0.0000193 seconds
58.729: [GC (Allocation Failure)  77961K->713K(419840K), 0.0005077 secs]
58.730: Total time for which application threads were stopped: 0.0006433 seconds, Stopping threads took: 0.0000187 seconds
58.778: [GC (Allocation Failure)  77001K->681K(418816K), 0.0004664 secs]
58.778: Total time for which application threads were stopped: 0.0005927 seconds, Stopping threads took: 0.0000213 seconds
58.825: [GC (Allocation Failure)  75945K->713K(417792K), 0.0004959 secs]
58.826: Total time for which application threads were stopped: 0.0006259 seconds, Stopping threads took: 0.0000197 seconds
58.875: [GC (Allocation Failure)  74953K->681K(416768K), 0.0005158 secs]
58.875: Total time for which application threads were stopped: 0.0006461 seconds, Stopping threads took: 0.0000198 seconds
58.921: [GC (Allocation Failure)  73897K->649K(415744K), 0.0004928 secs]
58.921: Total time for which application threads were stopped: 0.0006297 seconds, Stopping threads took: 0.0000298 seconds
58.969: [GC (Allocation Failure)  72841K->649K(414720K), 0.0004617 secs]
58.970: Total time for which application threads were stopped: 0.0005969 seconds, Stopping threads took: 0.0000216 seconds
59.014: [GC (Allocation Failure)  71817K->649K(413696K), 0.0005553 secs]
59.015: Total time for which application threads were stopped: 0.0007041 seconds, Stopping threads took: 0.0000222 seconds
59.063: [GC (Allocation Failure)  70793K->681K(412672K), 0.0005725 secs]
59.063: Total time for which application threads were stopped: 0.0006988 seconds, Stopping threads took: 0.0000199 seconds
59.106: [GC (Allocation Failure)  69801K->649K(411648K), 0.0005271 secs]
59.107: Total time for which application threads were stopped: 0.0006799 seconds, Stopping threads took: 0.0000297 seconds
59.153: [GC (Allocation Failure)  68745K->681K(410624K), 0.0004762 secs]
59.153: Total time for which application threads were stopped: 0.0006113 seconds, Stopping threads took: 0.0000210 seconds
59.195: [GC (Allocation Failure)  67753K->681K(409600K), 0.0005052 secs]
59.196: Total time for which application threads were stopped: 0.0006408 seconds, Stopping threads took: 0.0000212 seconds
59.237: [GC (Allocation Failure)  66729K->745K(408576K), 0.0004811 secs]
59.238: Total time for which application threads were stopped: 0.0006161 seconds, Stopping threads took: 0.0000200 seconds
59.281: [GC (Allocation Failure)  65769K->681K(407552K), 0.0005462 secs]
59.282: Total time for which application threads were stopped: 0.0006777 seconds, Stopping threads took: 0.0000215 seconds
59.322: [GC (Allocation Failure)  64681K->617K(420352K), 0.0006272 secs]
59.323: Total time for which application threads were stopped: 0.0007649 seconds, Stopping threads took: 0.0000206 seconds
59.371: [GC (Allocation Failure)  77417K->649K(435712K), 0.0005662 secs]
59.371: Total time for which application threads were stopped: 0.0007089 seconds, Stopping threads took: 0.0000210 seconds
59.436: [GC (Allocation Failure)  92809K->649K(434176K), 0.0005345 secs]
59.437: Total time for which application threads were stopped: 0.0006893 seconds, Stopping threads took: 0.0000308 seconds
59.499: [GC (Allocation Failure)  91273K->681K(432640K), 0.0006822 secs]
59.500: Total time for which application threads were stopped: 0.0008203 seconds, Stopping threads took: 0.0000221 seconds
59.562: [GC (Allocation Failure)  89769K->649K(431104K), 0.0005150 secs]
59.563: Total time for which application threads were stopped: 0.0006489 seconds, Stopping threads took: 0.0000192 seconds
59.623: [GC (Allocation Failure)  88201K->681K(429568K), 0.0005110 secs]
59.624: Total time for which application threads were stopped: 0.0006723 seconds, Stopping threads took: 0.0000290 seconds
59.677: [GC (Allocation Failure)  86697K->649K(428032K), 0.0004882 secs]
59.678: Total time for which application threads were stopped: 0.0006239 seconds, Stopping threads took: 0.0000194 seconds
59.730: [GC (Allocation Failure)  85129K->713K(426496K), 0.0005666 secs]
59.731: Total time for which application threads were stopped: 0.0007045 seconds, Stopping threads took: 0.0000207 seconds
59.783: [GC (Allocation Failure)  83657K->649K(424960K), 0.0005057 secs]
59.783: Total time for which application threads were stopped: 0.0006553 seconds, Stopping threads took: 0.0000222 seconds
59.834: [GC (Allocation Failure)  82057K->713K(423424K), 0.0007188 secs]
59.835: Total time for which application threads were stopped: 0.0008656 seconds, Stopping threads took: 0.0000218 seconds
59.890: [GC (Allocation Failure)  80585K->681K(422400K), 0.0004953 secs]
59.890: Total time for which application threads were stopped: 0.0006339 seconds, Stopping threads took: 0.0000288 seconds
59.940: [GC (Allocation Failure)  79529K->713K(421376K), 0.0005251 secs]
59.940: Total time for which application threads were stopped: 0.0006662 seconds, Stopping threads took: 0.0000293 seconds
59.989: [GC (Allocation Failure)  78537K->617K(420352K), 0.0006391 secs]
59.989: Total time for which application threads were stopped: 0.0007672 seconds, Stopping threads took: 0.0000214 seconds
60.044: [GC (Allocation Failure)  77417K->649K(419328K), 0.0005705 secs]
60.045: Total time for which application threads were stopped: 0.0006985 seconds, Stopping threads took: 0.0000261 seconds
60.093: [GC (Allocation Failure)  76425K->681K(418304K), 0.0004642 secs]
60.093: Total time for which application threads were stopped: 0.0005911 seconds, Stopping threads took: 0.0000277 seconds
60.140: [GC (Allocation Failure)  75433K->681K(417280K), 0.0004921 secs]
60.141: Total time for which application threads were stopped: 0.0006165 seconds, Stopping threads took: 0.0000275 seconds
60.187: [GC (Allocation Failure)  74409K->649K(416256K), 0.0004821 secs]
60.187: Total time for which application threads were stopped: 0.0006057 seconds, Stopping threads took: 0.0000271 seconds
60.239: [GC (Allocation Failure)  73353K->649K(415232K), 0.0004616 secs]
60.239: Total time for which application threads were stopped: 0.0005862 seconds, Stopping threads took: 0.0000266 seconds
60.288: [GC (Allocation Failure)  72329K->649K(414208K), 0.0005344 secs]
60.289: Total time for which application threads were stopped: 0.0006628 seconds, Stopping threads took: 0.0000274 seconds
60.336: [GC (Allocation Failure)  71305K->681K(413184K), 0.0005966 secs]
60.337: Total time for which application threads were stopped: 0.0007238 seconds, Stopping threads took: 0.0000274 seconds
60.383: [GC (Allocation Failure)  70313K->649K(412160K), 0.0005097 secs]
60.384: Total time for which application threads were stopped: 0.0006338 seconds, Stopping threads took: 0.0000203 seconds
60.428: [GC (Allocation Failure)  69257K->681K(411136K), 0.0005220 secs]
60.429: Total time for which application threads were stopped: 0.0006672 seconds, Stopping threads took: 0.0000282 seconds
60.471: [GC (Allocation Failure)  68265K->617K(410112K), 0.0004875 secs]
60.472: Total time for which application threads were stopped: 0.0006159 seconds, Stopping threads took: 0.0000207 seconds
60.514: [GC (Allocation Failure)  67177K->681K(409088K), 0.0004947 secs]
60.514: Total time for which application threads were stopped: 0.0006328 seconds, Stopping threads took: 0.0000272 seconds
60.556: [GC (Allocation Failure)  66217K->649K(408064K), 0.0004071 secs]
60.557: Total time for which application threads were stopped: 0.0005290 seconds, Stopping threads took: 0.0000261 seconds
60.597: [GC (Allocation Failure)  65161K->681K(407040K), 0.0004759 secs]
60.598: Total time for which application threads were stopped: 0.0006021 seconds, Stopping threads took: 0.0000265 seconds
60.638: [GC (Allocation Failure)  64169K->649K(419840K), 0.0006402 secs]
60.639: Total time for which application threads were stopped: 0.0007936 seconds, Stopping threads took: 0.0000304 seconds
60.691: [GC (Allocation Failure)  76937K->713K(435200K), 0.0005645 secs]
60.691: Total time for which application threads were stopped: 0.0007095 seconds, Stopping threads took: 0.0000214 seconds
60.748: [GC (Allocation Failure)  92361K->649K(433664K), 0.0004693 secs]
60.749: Total time for which application threads were stopped: 0.0005964 seconds, Stopping threads took: 0.0000204 seconds
60.805: [GC (Allocation Failure)  90761K->713K(432128K), 0.0005067 secs]
60.805: Total time for which application threads were stopped: 0.0006328 seconds, Stopping threads took: 0.0000202 seconds
60.861: [GC (Allocation Failure)  89289K->649K(430592K), 0.0006824 secs]
60.861: Total time for which application threads were stopped: 0.0008194 seconds, Stopping threads took: 0.0000286 seconds
60.916: [GC (Allocation Failure)  87689K->649K(429056K), 0.0005507 secs]
60.916: Total time for which application threads were stopped: 0.0006898 seconds, Stopping threads took: 0.0000210 seconds
60.969: [GC (Allocation Failure)  86153K->649K(427520K), 0.0004999 secs]
60.970: Total time for which application threads were stopped: 0.0006228 seconds, Stopping threads took: 0.0000191 seconds
61.026: [GC (Allocation Failure)  84617K->649K(425984K), 0.0004397 secs]
61.026: Total time for which application threads were stopped: 0.0005501 seconds, Stopping threads took: 0.0000171 seconds
61.079: [GC (Allocation Failure)  83081K->713K(424448K), 0.0005213 secs]
61.080: Total time for which application threads were stopped: 0.0006643 seconds, Stopping threads took: 0.0000287 seconds
61.131: [GC (Allocation Failure)  81609K->617K(422912K), 0.0004509 secs]
61.131: Total time for which application threads were stopped: 0.0005813 seconds, Stopping threads took: 0.0000221 seconds
61.187: [GC (Allocation Failure)  79977K->681K(421888K), 0.0005422 secs]
61.188: Total time for which application threads were stopped: 0.0006765 seconds, Stopping threads took: 0.0000268 seconds
61.237: [GC (Allocation Failure)  79017K->649K(420864K), 0.0005310 secs]
61.237: Total time for which application threads were stopped: 0.0006678 seconds, Stopping threads took: 0.0000278 seconds
61.286: [GC (Allocation Failure)  77961K->649K(419840K), 0.0006044 secs]
61.286: Total time for which application threads were stopped: 0.0007233 seconds, Stopping threads took: 0.0000194 seconds
61.339: [GC (Allocation Failure)  76937K->681K(418816K), 0.0005210 secs]
61.340: Total time for which application threads were stopped: 0.0006567 seconds, Stopping threads took: 0.0000287 seconds
61.394: [GC (Allocation Failure)  75945K->681K(417792K), 0.0004452 secs]
61.394: Total time for which application threads were stopped: 0.0005806 seconds, Stopping threads took: 0.0000255 seconds
61.443: [GC (Allocation Failure)  74921K->681K(416768K), 0.0006263 secs]
61.444: Total time for which application threads were stopped: 0.0007678 seconds, Stopping threads took: 0.0000230 seconds
61.490: [GC (Allocation Failure)  73897K->681K(415744K), 0.0005162 secs]
61.490: Total time for which application threads were stopped: 0.0006558 seconds, Stopping threads took: 0.0000222 seconds
61.536: [GC (Allocation Failure)  72873K->649K(414720K), 0.0004933 secs]
61.536: Total time for which application threads were stopped: 0.0006175 seconds, Stopping threads took: 0.0000264 seconds
61.581: [GC (Allocation Failure)  71817K->681K(413696K), 0.0004866 secs]
61.581: Total time for which application threads were stopped: 0.0006361 seconds, Stopping threads took: 0.0000213 seconds
61.630: [GC (Allocation Failure)  70825K->617K(412672K), 0.0005758 secs]
61.631: Total time for which application threads were stopped: 0.0007166 seconds, Stopping threads took: 0.0000231 seconds
61.674: [GC (Allocation Failure)  69737K->713K(411648K), 0.0004967 secs]
61.675: Total time for which application threads were stopped: 0.0006259 seconds, Stopping threads took: 0.0000222 seconds
61.717: [GC (Allocation Failure)  68809K->681K(410624K), 0.0004585 secs]
61.718: Total time for which application threads were stopped: 0.0005810 seconds, Stopping threads took: 0.0000266 seconds
61.760: [GC (Allocation Failure)  67753K->649K(409600K), 0.0005048 secs]
61.760: Total time for which application threads were stopped: 0.0006326 seconds, Stopping threads took: 0.0000271 seconds
61.807: [GC (Allocation Failure)  66697K->681K(408576K), 0.0004712 secs]
61.808: Total time for which application threads were stopped: 0.0005960 seconds, Stopping threads took: 0.0000272 seconds
61.848: [GC (Allocation Failure)  65705K->681K(407552K), 0.0004824 secs]
61.849: Total time for which application threads were stopped: 0.0006001 seconds, Stopping threads took: 0.0000192 seconds
61.889: [GC (Allocation Failure)  64681K->649K(406528K), 0.0005212 secs]
61.890: Total time for which application threads were stopped: 0.0006464 seconds, Stopping threads took: 0.0000270 seconds
61.934: [GC (Allocation Failure)  63625K->617K(419328K), 0.0005662 secs]
61.935: Total time for which application threads were stopped: 0.0007047 seconds, Stopping threads took: 0.0000278 seconds
61.988: [GC (Allocation Failure)  76393K->649K(418304K), 0.0004932 secs]
61.988: Total time for which application threads were stopped: 0.0006148 seconds, Stopping threads took: 0.0000199 seconds
62.041: [GC (Allocation Failure)  75401K->649K(417280K), 0.0003728 secs]
62.042: Total time for which application threads were stopped: 0.0004959 seconds, Stopping threads took: 0.0000258 seconds
62.091: [GC (Allocation Failure)  74377K->681K(416256K), 0.0006340 secs]
62.092: Total time for which application threads were stopped: 0.0007451 seconds, Stopping threads took: 0.0000203 seconds
62.144: [GC (Allocation Failure)  73385K->681K(415232K), 0.0004408 secs]
62.144: Total time for which application threads were stopped: 0.0006183 seconds, Stopping threads took: 0.0000286 seconds
62.194: [GC (Allocation Failure)  72361K->649K(414208K), 0.0004759 secs]
62.194: Total time for which application threads were stopped: 0.0005922 seconds, Stopping threads took: 0.0000191 seconds
62.238: [GC (Allocation Failure)  71305K->617K(413184K), 0.0005624 secs]
62.239: Total time for which application threads were stopped: 0.0006852 seconds, Stopping threads took: 0.0000268 seconds
62.288: [GC (Allocation Failure)  70249K->681K(412160K), 0.0006569 secs]
62.289: Total time for which application threads were stopped: 0.0007854 seconds, Stopping threads took: 0.0000278 seconds
62.332: [GC (Allocation Failure)  69289K->713K(411136K), 0.0005056 secs]
62.332: Total time for which application threads were stopped: 0.0006413 seconds, Stopping threads took: 0.0000385 seconds
62.382: [GC (Allocation Failure)  68297K->681K(424960K), 0.0007419 secs]
62.383: Total time for which application threads were stopped: 0.0008599 seconds, Stopping threads took: 0.0000188 seconds
62.439: [GC (Allocation Failure)  82089K->649K(423424K), 0.0005248 secs]
62.440: Total time for which application threads were stopped: 0.0006518 seconds, Stopping threads took: 0.0000268 seconds
62.490: [GC (Allocation Failure)  80521K->681K(422400K), 0.0004958 secs]
62.490: Total time for which application threads were stopped: 0.0006114 seconds, Stopping threads took: 0.0000189 seconds
62.543: [GC (Allocation Failure)  79529K->649K(421376K), 0.0005437 secs]
62.544: Total time for which application threads were stopped: 0.0006684 seconds, Stopping threads took: 0.0000260 seconds
62.598: [GC (Allocation Failure)  78473K->649K(420352K), 0.0005397 secs]
62.599: Total time for which application threads were stopped: 0.0006574 seconds, Stopping threads took: 0.0000194 seconds
62.652: [GC (Allocation Failure)  77449K->681K(419328K), 0.0004449 secs]
62.652: Total time for which application threads were stopped: 0.0005776 seconds, Stopping threads took: 0.0000350 seconds
62.699: [GC (Allocation Failure)  76457K->649K(418304K), 0.0004315 secs]
62.700: Total time for which application threads were stopped: 0.0005488 seconds, Stopping threads took: 0.0000200 seconds
62.753: [GC (Allocation Failure)  75401K->649K(417280K), 0.0005158 secs]
62.754: Total time for which application threads were stopped: 0.0006243 seconds, Stopping threads took: 0.0000170 seconds
62.800: [GC (Allocation Failure)  74377K->649K(416256K), 0.0004619 secs]
62.800: Total time for which application threads were stopped: 0.0005839 seconds, Stopping threads took: 0.0000165 seconds
62.851: [GC (Allocation Failure)  73353K->681K(415232K), 0.0005274 secs]
62.852: Total time for which application threads were stopped: 0.0006614 seconds, Stopping threads took: 0.0000205 seconds
62.897: [GC (Allocation Failure)  72361K->713K(414208K), 0.0006418 secs]
62.897: Total time for which application threads were stopped: 0.0007829 seconds, Stopping threads took: 0.0000217 seconds
62.942: [GC (Allocation Failure)  71369K->681K(413184K), 0.0005205 secs]
62.942: Total time for which application threads were stopped: 0.0006620 seconds, Stopping threads took: 0.0000218 seconds
62.985: [GC (Allocation Failure)  70313K->681K(427520K), 0.0006831 secs]
62.986: Total time for which application threads were stopped: 0.0008144 seconds, Stopping threads took: 0.0000223 seconds
63.039: [GC (Allocation Failure)  84649K->649K(425984K), 0.0003846 secs]
63.039: Total time for which application threads were stopped: 0.0005043 seconds, Stopping threads took: 0.0000265 seconds
63.095: [GC (Allocation Failure)  83081K->649K(424448K), 0.0005977 secs]
63.096: Total time for which application threads were stopped: 0.0007103 seconds, Stopping threads took: 0.0000174 seconds
63.146: [GC (Allocation Failure)  81545K->713K(440832K), 0.0006984 secs]
63.147: Total time for which application threads were stopped: 0.0008184 seconds, Stopping threads took: 0.0000193 seconds
63.208: [GC (Allocation Failure)  97993K->681K(438784K), 0.0004619 secs]
63.208: Total time for which application threads were stopped: 0.0005881 seconds, Stopping threads took: 0.0000267 seconds
63.268: [GC (Allocation Failure)  95913K->649K(437248K), 0.0005848 secs]
63.268: Total time for which application threads were stopped: 0.0007196 seconds, Stopping threads took: 0.0000193 seconds
63.331: [GC (Allocation Failure)  94345K->713K(435712K), 0.0004979 secs]
63.332: Total time for which application threads were stopped: 0.0006237 seconds, Stopping threads took: 0.0000225 seconds
63.395: [GC (Allocation Failure)  92873K->617K(434176K), 0.0005404 secs]
63.396: Total time for which application threads were stopped: 0.0006554 seconds, Stopping threads took: 0.0000267 seconds
63.454: [GC (Allocation Failure)  91241K->617K(432640K), 0.0005809 secs]
63.454: Total time for which application threads were stopped: 0.0007065 seconds, Stopping threads took: 0.0000201 seconds
63.510: [GC (Allocation Failure)  89705K->649K(431104K), 0.0004832 secs]
63.510: Total time for which application threads were stopped: 0.0006387 seconds, Stopping threads took: 0.0000199 seconds
63.572: [GC (Allocation Failure)  88201K->745K(429568K), 0.0004118 secs]
63.573: Total time for which application threads were stopped: 0.0005313 seconds, Stopping threads took: 0.0000246 seconds
63.626: [GC (Allocation Failure)  86761K->649K(428032K), 0.0004759 secs]
63.627: Total time for which application threads were stopped: 0.0005968 seconds, Stopping threads took: 0.0000196 seconds
63.680: [GC (Allocation Failure)  85129K->713K(426496K), 0.0006035 secs]
63.681: Total time for which application threads were stopped: 0.0007190 seconds, Stopping threads took: 0.0000194 seconds
63.739: [GC (Allocation Failure)  83657K->681K(424960K), 0.0004497 secs]
63.739: Total time for which application threads were stopped: 0.0005666 seconds, Stopping threads took: 0.0000195 seconds
63.790: [GC (Allocation Failure)  82089K->681K(423424K), 0.0005013 secs]
63.791: Total time for which application threads were stopped: 0.0006481 seconds, Stopping threads took: 0.0000275 seconds
63.846: [GC (Allocation Failure)  80553K->681K(422400K), 0.0005144 secs]
63.847: Total time for which application threads were stopped: 0.0006433 seconds, Stopping threads took: 0.0000232 seconds
63.896: [GC (Allocation Failure)  79529K->681K(421376K), 0.0005773 secs]
63.897: Total time for which application threads were stopped: 0.0006845 seconds, Stopping threads took: 0.0000172 seconds
63.945: [GC (Allocation Failure)  78505K->649K(420352K), 0.0005337 secs]
63.946: Total time for which application threads were stopped: 0.0006400 seconds, Stopping threads took: 0.0000172 seconds
63.994: [GC (Allocation Failure)  77449K->681K(419328K), 0.0004855 secs]
63.994: Total time for which application threads were stopped: 0.0006063 seconds, Stopping threads took: 0.0000170 seconds
64.042: [GC (Allocation Failure)  76457K->681K(418304K), 0.0005668 secs]
64.043: Total time for which application threads were stopped: 0.0006842 seconds, Stopping threads took: 0.0000193 seconds
64.095: [GC (Allocation Failure)  75433K->649K(417280K), 0.0005857 secs]
64.096: Total time for which application threads were stopped: 0.0007481 seconds, Stopping threads took: 0.0000299 seconds
64.149: [GC (Allocation Failure)  74377K->617K(416256K), 0.0004472 secs]
64.150: Total time for which application threads were stopped: 0.0005649 seconds, Stopping threads took: 0.0000199 seconds
64.198: [GC (Allocation Failure)  73321K->649K(415232K), 0.0006070 secs]
64.199: Total time for which application threads were stopped: 0.0007167 seconds, Stopping threads took: 0.0000169 seconds
64.244: [GC (Allocation Failure)  72329K->649K(414208K), 0.0004804 secs]
64.244: Total time for which application threads were stopped: 0.0006013 seconds, Stopping threads took: 0.0000201 seconds
64.294: [GC (Allocation Failure)  71305K->681K(413184K), 0.0005075 secs]
64.295: Total time for which application threads were stopped: 0.0006284 seconds, Stopping threads took: 0.0000200 seconds
64.344: [GC (Allocation Failure)  70313K->681K(412160K), 0.0005080 secs]
64.344: Total time for which application threads were stopped: 0.0006285 seconds, Stopping threads took: 0.0000201 seconds
64.387: [GC (Allocation Failure)  69289K->617K(425984K), 0.0048554 secs]
64.392: Total time for which application threads were stopped: 0.0049818 seconds, Stopping threads took: 0.0000179 seconds
64.444: [GC (Allocation Failure)  83049K->649K(442880K), 0.0004752 secs]
64.445: Total time for which application threads were stopped: 0.0005890 seconds, Stopping threads took: 0.0000173 seconds
64.507: [GC (Allocation Failure)  99977K->681K(462848K), 0.0005565 secs]
64.507: Total time for which application threads were stopped: 0.0006872 seconds, Stopping threads took: 0.0000280 seconds
64.588: [GC (Allocation Failure)  119977K->713K(486912K), 0.0004518 secs]
64.588: Total time for which application threads were stopped: 0.0005724 seconds, Stopping threads took: 0.0000192 seconds
64.681: [GC (Allocation Failure)  144073K->649K(501760K), 0.0005390 secs]
64.682: Total time for which application threads were stopped: 0.0006856 seconds, Stopping threads took: 0.0000208 seconds
64.780: [GC (Allocation Failure)  158857K->617K(501760K), 0.0006291 secs]
64.781: Total time for which application threads were stopped: 0.0007701 seconds, Stopping threads took: 0.0000220 seconds
64.884: [GC (Allocation Failure)  158825K->681K(497664K), 0.0004755 secs]
64.885: Total time for which application threads were stopped: 0.0005947 seconds, Stopping threads took: 0.0000203 seconds
64.980: [GC (Allocation Failure)  154793K->649K(493568K), 0.0004801 secs]
64.981: Total time for which application threads were stopped: 0.0005968 seconds, Stopping threads took: 0.0000192 seconds
65.081: [GC (Allocation Failure)  150665K->649K(489984K), 0.0004109 secs]
65.081: Total time for which application threads were stopped: 0.0005388 seconds, Stopping threads took: 0.0000280 seconds
65.173: [GC (Allocation Failure)  147081K->649K(486400K), 0.0005095 secs]
65.173: Total time for which application threads were stopped: 0.0006457 seconds, Stopping threads took: 0.0000279 seconds
65.262: [GC (Allocation Failure)  143497K->681K(482816K), 0.0004392 secs]
65.263: Total time for which application threads were stopped: 0.0005606 seconds, Stopping threads took: 0.0000196 seconds
65.349: [GC (Allocation Failure)  139945K->649K(479232K), 0.0004764 secs]
65.350: Total time for which application threads were stopped: 0.0006041 seconds, Stopping threads took: 0.0000199 seconds
65.436: [GC (Allocation Failure)  136329K->681K(476160K), 0.0005091 secs]
65.436: Total time for which application threads were stopped: 0.0006519 seconds, Stopping threads took: 0.0000276 seconds
65.522: [GC (Allocation Failure)  133289K->617K(473088K), 0.0005032 secs]
65.523: Total time for which application threads were stopped: 0.0006381 seconds, Stopping threads took: 0.0000221 seconds
65.605: [GC (Allocation Failure)  130153K->617K(470016K), 0.0004421 secs]
65.606: Total time for which application threads were stopped: 0.0005638 seconds, Stopping threads took: 0.0000200 seconds
65.691: [GC (Allocation Failure)  127081K->713K(466944K), 0.0004820 secs]
65.691: Total time for which application threads were stopped: 0.0006017 seconds, Stopping threads took: 0.0000193 seconds
65.768: [GC (Allocation Failure)  124105K->745K(464384K), 0.0004794 secs]
65.768: Total time for which application threads were stopped: 0.0006041 seconds, Stopping threads took: 0.0000282 seconds
65.849: [GC (Allocation Failure)  121577K->649K(461824K), 0.0004658 secs]
65.849: Total time for which application threads were stopped: 0.0005850 seconds, Stopping threads took: 0.0000194 seconds
65.929: [GC (Allocation Failure)  118921K->649K(459264K), 0.0007539 secs]
65.930: Total time for which application threads were stopped: 0.0009060 seconds, Stopping threads took: 0.0000224 seconds
66.004: [GC (Allocation Failure)  116361K->713K(456704K), 0.0004961 secs]
66.005: Total time for which application threads were stopped: 0.0006275 seconds, Stopping threads took: 0.0000224 seconds
66.079: [GC (Allocation Failure)  113865K->681K(454144K), 0.0005470 secs]
66.080: Total time for which application threads were stopped: 0.0006553 seconds, Stopping threads took: 0.0000160 seconds
66.149: [GC (Allocation Failure)  111273K->681K(452096K), 0.0005266 secs]
66.150: Total time for which application threads were stopped: 0.0006617 seconds, Stopping threads took: 0.0000195 seconds
66.223: [GC (Allocation Failure)  109225K->649K(450048K), 0.0004642 secs]
66.223: Total time for which application threads were stopped: 0.0005858 seconds, Stopping threads took: 0.0000199 seconds
66.296: [GC (Allocation Failure)  107145K->649K(448000K), 0.0005501 secs]
66.296: Total time for which application threads were stopped: 0.0006854 seconds, Stopping threads took: 0.0000194 seconds
66.361: [GC (Allocation Failure)  105097K->681K(445952K), 0.0005277 secs]
66.362: Total time for which application threads were stopped: 0.0006628 seconds, Stopping threads took: 0.0000294 seconds
66.432: [GC (Allocation Failure)  103081K->745K(443904K), 0.0004905 secs]
66.432: Total time for which application threads were stopped: 0.0006066 seconds, Stopping threads took: 0.0000197 seconds
66.499: [GC (Allocation Failure)  101097K->649K(441856K), 0.0005219 secs]
66.500: Total time for which application threads were stopped: 0.0006556 seconds, Stopping threads took: 0.0000169 seconds
66.561: [GC (Allocation Failure)  98953K->649K(439808K), 0.0004923 secs]
66.562: Total time for which application threads were stopped: 0.0006159 seconds, Stopping threads took: 0.0000264 seconds
66.623: [GC (Allocation Failure)  96905K->681K(437760K), 0.0004454 secs]
66.624: Total time for which application threads were stopped: 0.0005758 seconds, Stopping threads took: 0.0000260 seconds
66.687: [GC (Allocation Failure)  94889K->681K(436224K), 0.0005233 secs]
66.687: Total time for which application threads were stopped: 0.0006655 seconds, Stopping threads took: 0.0000296 seconds
66.745: [GC (Allocation Failure)  93353K->745K(434688K), 0.0005338 secs]
66.746: Total time for which application threads were stopped: 0.0006807 seconds, Stopping threads took: 0.0000227 seconds
66.809: [GC (Allocation Failure)  91881K->617K(433152K), 0.0005056 secs]
66.809: Total time for which application threads were stopped: 0.0006364 seconds, Stopping threads took: 0.0000184 seconds
66.870: [GC (Allocation Failure)  90217K->649K(431616K), 0.0005204 secs]
66.871: Total time for which application threads were stopped: 0.0006723 seconds, Stopping threads took: 0.0000298 seconds
66.926: [GC (Allocation Failure)  88713K->713K(430080K), 0.0004363 secs]
66.926: Total time for which application threads were stopped: 0.0005637 seconds, Stopping threads took: 0.0000213 seconds
66.986: [GC (Allocation Failure)  87241K->649K(428544K), 0.0004873 secs]
66.986: Total time for which application threads were stopped: 0.0006024 seconds, Stopping threads took: 0.0000253 seconds
67.039: [GC (Allocation Failure)  85641K->649K(427008K), 0.0005360 secs]
67.040: Total time for which application threads were stopped: 0.0006545 seconds, Stopping threads took: 0.0000263 seconds
67.092: [GC (Allocation Failure)  84105K->649K(425472K), 0.0004568 secs]
67.093: Total time for which application threads were stopped: 0.0005832 seconds, Stopping threads took: 0.0000284 seconds
67.150: [GC (Allocation Failure)  82569K->649K(423936K), 0.0005020 secs]
67.150: Total time for which application threads were stopped: 0.0006299 seconds, Stopping threads took: 0.0000197 seconds
67.200: [GC (Allocation Failure)  81033K->649K(422400K), 0.0004898 secs]
67.201: Total time for which application threads were stopped: 0.0006107 seconds, Stopping threads took: 0.0000201 seconds
67.256: [GC (Allocation Failure)  79497K->681K(421376K), 0.0005483 secs]
67.257: Total time for which application threads were stopped: 0.0006839 seconds, Stopping threads took: 0.0000215 seconds
67.306: [GC (Allocation Failure)  78505K->649K(420352K), 0.0005032 secs]
67.306: Total time for which application threads were stopped: 0.0006437 seconds, Stopping threads took: 0.0000225 seconds
67.360: [GC (Allocation Failure)  77449K->681K(419328K), 0.0005274 secs]
67.361: Total time for which application threads were stopped: 0.0006668 seconds, Stopping threads took: 0.0000211 seconds
67.409: [GC (Allocation Failure)  76457K->649K(418304K), 0.0004847 secs]
67.409: Total time for which application threads were stopped: 0.0006262 seconds, Stopping threads took: 0.0000241 seconds
67.456: [GC (Allocation Failure)  75401K->713K(417280K), 0.0007093 secs]
67.457: Total time for which application threads were stopped: 0.0008568 seconds, Stopping threads took: 0.0000294 seconds
67.507: [GC (Allocation Failure)  74441K->681K(416256K), 0.0005780 secs]
67.508: Total time for which application threads were stopped: 0.0007250 seconds, Stopping threads took: 0.0000299 seconds
67.558: [GC (Allocation Failure)  73385K->649K(415232K), 0.0004453 secs]
67.559: Total time for which application threads were stopped: 0.0005754 seconds, Stopping threads took: 0.0000200 seconds
67.604: [GC (Allocation Failure)  72329K->617K(414208K), 0.0005863 secs]
67.605: Total time for which application threads were stopped: 0.0007112 seconds, Stopping threads took: 0.0000204 seconds
67.649: [GC (Allocation Failure)  71273K->681K(428544K), 0.0006387 secs]
67.650: Total time for which application threads were stopped: 0.0007703 seconds, Stopping threads took: 0.0000213 seconds
67.703: [GC (Allocation Failure)  85673K->681K(445952K), 0.0006598 secs]
67.704: Total time for which application threads were stopped: 0.0008193 seconds, Stopping threads took: 0.0000309 seconds
67.772: [GC (Allocation Failure)  103081K->617K(443904K), 0.0006215 secs]
67.773: Total time for which application threads were stopped: 0.0007613 seconds, Stopping threads took: 0.0000309 seconds
67.835: [GC (Allocation Failure)  100969K->649K(441856K), 0.0007381 secs]
67.836: Total time for which application threads were stopped: 0.0008642 seconds, Stopping threads took: 0.0000193 seconds
67.901: [GC (Allocation Failure)  98953K->681K(439808K), 0.0004833 secs]
67.902: Total time for which application threads were stopped: 0.0006104 seconds, Stopping threads took: 0.0000275 seconds
67.962: [GC (Allocation Failure)  96937K->745K(437760K), 0.0004756 secs]
67.963: Total time for which application threads were stopped: 0.0005923 seconds, Stopping threads took: 0.0000186 seconds
68.021: [GC (Allocation Failure)  94953K->681K(436224K), 0.0004747 secs]
68.022: Total time for which application threads were stopped: 0.0006015 seconds, Stopping threads took: 0.0000280 seconds
68.081: [GC (Allocation Failure)  93353K->649K(434688K), 0.0004840 secs]
68.081: Total time for which application threads were stopped: 0.0005979 seconds, Stopping threads took: 0.0000255 seconds
68.141: [GC (Allocation Failure)  91785K->713K(433152K), 0.0004645 secs]
68.142: Total time for which application threads were stopped: 0.0005858 seconds, Stopping threads took: 0.0000201 seconds
68.198: [GC (Allocation Failure)  90313K->713K(431616K), 0.0005372 secs]
68.199: Total time for which application threads were stopped: 0.0006654 seconds, Stopping threads took: 0.0000209 seconds
68.254: [GC (Allocation Failure)  88777K->681K(430080K), 0.0006086 secs]
68.255: Total time for which application threads were stopped: 0.0007343 seconds, Stopping threads took: 0.0000277 seconds
68.315: [GC (Allocation Failure)  87209K->649K(428544K), 0.0005211 secs]
68.315: Total time for which application threads were stopped: 0.0006770 seconds, Stopping threads took: 0.0000288 seconds
68.368: [GC (Allocation Failure)  85641K->649K(427008K), 0.0004719 secs]
68.369: Total time for which application threads were stopped: 0.0006072 seconds, Stopping threads took: 0.0000291 seconds
68.429: [GC (Allocation Failure)  84105K->617K(425472K), 0.0005311 secs]
68.429: Total time for which application threads were stopped: 0.0006580 seconds, Stopping threads took: 0.0000282 seconds
68.485: [GC (Allocation Failure)  82537K->681K(423936K), 0.0005157 secs]
68.485: Total time for which application threads were stopped: 0.0006313 seconds, Stopping threads took: 0.0000189 seconds
68.535: [GC (Allocation Failure)  81065K->681K(422400K), 0.0004886 secs]
68.536: Total time for which application threads were stopped: 0.0005987 seconds, Stopping threads took: 0.0000172 seconds
68.587: [GC (Allocation Failure)  79529K->649K(421376K), 0.0004213 secs]
68.587: Total time for which application threads were stopped: 0.0005422 seconds, Stopping threads took: 0.0000269 seconds
68.636: [GC (Allocation Failure)  78473K->617K(420352K), 0.0005061 secs]
68.636: Total time for which application threads were stopped: 0.0006441 seconds, Stopping threads took: 0.0000266 seconds
68.684: [GC (Allocation Failure)  77417K->649K(419328K), 0.0005205 secs]
68.685: Total time for which application threads were stopped: 0.0006692 seconds, Stopping threads took: 0.0000214 seconds
68.737: [GC (Allocation Failure)  76425K->649K(418304K), 0.0004822 secs]
68.737: Total time for which application threads were stopped: 0.0005919 seconds, Stopping threads took: 0.0000166 seconds
68.784: [GC (Allocation Failure)  75401K->681K(417280K), 0.0006090 secs]
68.785: Total time for which application threads were stopped: 0.0007259 seconds, Stopping threads took: 0.0000191 seconds
68.836: [GC (Allocation Failure)  74409K->649K(416256K), 0.0005014 secs]
68.837: Total time for which application threads were stopped: 0.0006247 seconds, Stopping threads took: 0.0000267 seconds
68.889: [GC (Allocation Failure)  73353K->681K(415232K), 0.0004817 secs]
68.889: Total time for which application threads were stopped: 0.0006095 seconds, Stopping threads took: 0.0000275 seconds
68.934: [GC (Allocation Failure)  72361K->681K(414208K), 0.0004590 secs]
68.935: Total time for which application threads were stopped: 0.0005965 seconds, Stopping threads took: 0.0000264 seconds
68.979: [GC (Allocation Failure)  71337K->681K(413184K), 0.0007104 secs]
68.980: Total time for which application threads were stopped: 0.0008454 seconds, Stopping threads took: 0.0000187 seconds
69.026: [GC (Allocation Failure)  70313K->649K(412160K), 0.0004185 secs]
69.027: Total time for which application threads were stopped: 0.0005315 seconds, Stopping threads took: 0.0000271 seconds
69.070: [GC (Allocation Failure)  69257K->681K(411136K), 0.0005531 secs]
69.071: Total time for which application threads were stopped: 0.0006798 seconds, Stopping threads took: 0.0000259 seconds
69.113: [GC (Allocation Failure)  68265K->649K(424960K), 0.0005779 secs]
69.114: Total time for which application threads were stopped: 0.0007105 seconds, Stopping threads took: 0.0000273 seconds
69.165: [GC (Allocation Failure)  82057K->681K(423424K), 0.0005166 secs]
69.165: Total time for which application threads were stopped: 0.0006506 seconds, Stopping threads took: 0.0000212 seconds
69.215: [GC (Allocation Failure)  80553K->649K(422400K), 0.0005192 secs]
69.216: Total time for which application threads were stopped: 0.0006657 seconds, Stopping threads took: 0.0000215 seconds
69.271: [GC (Allocation Failure)  79497K->713K(421376K), 0.0005225 secs]
69.272: Total time for which application threads were stopped: 0.0006645 seconds, Stopping threads took: 0.0000291 seconds
69.321: [GC (Allocation Failure)  78537K->713K(420352K), 0.0004907 secs]
69.321: Total time for which application threads were stopped: 0.0006324 seconds, Stopping threads took: 0.0000289 seconds
69.375: [GC (Allocation Failure)  77513K->649K(419328K), 0.0004870 secs]
69.375: Total time for which application threads were stopped: 0.0006215 seconds, Stopping threads took: 0.0000196 seconds
69.423: [GC (Allocation Failure)  76425K->681K(418304K), 0.0005236 secs]
69.424: Total time for which application threads were stopped: 0.0006585 seconds, Stopping threads took: 0.0000282 seconds
69.470: [GC (Allocation Failure)  75433K->745K(417280K), 0.0005123 secs]
69.471: Total time for which application threads were stopped: 0.0006558 seconds, Stopping threads took: 0.0000296 seconds
69.517: [GC (Allocation Failure)  74473K->649K(416256K), 0.0004942 secs]
69.517: Total time for which application threads were stopped: 0.0006468 seconds, Stopping threads took: 0.0000293 seconds
69.567: [GC (Allocation Failure)  73353K->649K(415232K), 0.0004631 secs]
69.568: Total time for which application threads were stopped: 0.0005847 seconds, Stopping threads took: 0.0000254 seconds
69.616: [GC (Allocation Failure)  72329K->649K(414208K), 0.0004086 secs]
69.617: Total time for which application threads were stopped: 0.0005189 seconds, Stopping threads took: 0.0000178 seconds
69.667: [GC (Allocation Failure)  71305K->681K(413184K), 0.0005225 secs]
69.668: Total time for which application threads were stopped: 0.0006550 seconds, Stopping threads took: 0.0000273 seconds
69.716: [GC (Allocation Failure)  70313K->649K(412160K), 0.0004928 secs]
69.716: Total time for which application threads were stopped: 0.0006061 seconds, Stopping threads took: 0.0000188 seconds
69.760: [GC (Allocation Failure)  69257K->681K(411136K), 0.0004549 secs]
69.760: Total time for which application threads were stopped: 0.0005830 seconds, Stopping threads took: 0.0000277 seconds
69.803: [GC (Allocation Failure)  68265K->681K(410112K), 0.0006034 secs]
69.804: Total time for which application threads were stopped: 0.0007152 seconds, Stopping threads took: 0.0000208 seconds
69.851: [GC (Allocation Failure)  67241K->617K(409088K), 0.0005467 secs]
69.852: Total time for which application threads were stopped: 0.0006674 seconds, Stopping threads took: 0.0000194 seconds
69.900: [GC (Allocation Failure)  66153K->713K(422400K), 0.0006879 secs]
69.900: Total time for which application threads were stopped: 0.0008115 seconds, Stopping threads took: 0.0000196 seconds
69.950: [GC (Allocation Failure)  79561K->649K(421376K), 0.0004901 secs]
69.950: Total time for which application threads were stopped: 0.0006102 seconds, Stopping threads took: 0.0000194 seconds
69.999: [GC (Allocation Failure)  78473K->617K(437248K), 0.0006049 secs]
70.000: Total time for which application threads were stopped: 0.0007403 seconds, Stopping threads took: 0.0000188 seconds
70.059: [GC (Allocation Failure)  94313K->713K(435712K), 0.0005372 secs]
70.059: Total time for which application threads were stopped: 0.0006808 seconds, Stopping threads took: 0.0000273 seconds
70.117: [GC (Allocation Failure)  92873K->649K(434176K), 0.0004162 secs]
70.117: Total time for which application threads were stopped: 0.0005317 seconds, Stopping threads took: 0.0000253 seconds
70.177: [GC (Allocation Failure)  91273K->649K(432640K), 0.0004876 secs]
70.177: Total time for which application threads were stopped: 0.0006192 seconds, Stopping threads took: 0.0000279 seconds
70.233: [GC (Allocation Failure)  89737K->649K(431104K), 0.0004991 secs]
70.233: Total time for which application threads were stopped: 0.0006163 seconds, Stopping threads took: 0.0000194 seconds
70.288: [GC (Allocation Failure)  88201K->681K(429568K), 0.0005920 secs]
70.288: Total time for which application threads were stopped: 0.0007234 seconds, Stopping threads took: 0.0000211 seconds
70.346: [GC (Allocation Failure)  86697K->649K(428032K), 0.0005398 secs]
70.347: Total time for which application threads were stopped: 0.0006899 seconds, Stopping threads took: 0.0000227 seconds
70.404: [GC (Allocation Failure)  85129K->617K(426496K), 0.0004459 secs]
70.405: Total time for which application threads were stopped: 0.0005666 seconds, Stopping threads took: 0.0000250 seconds
70.457: [GC (Allocation Failure)  83561K->681K(424960K), 0.0004486 secs]
70.457: Total time for which application threads were stopped: 0.0005677 seconds, Stopping threads took: 0.0000201 seconds
70.514: [GC (Allocation Failure)  82089K->617K(423424K), 0.0004406 secs]
70.514: Total time for which application threads were stopped: 0.0005606 seconds, Stopping threads took: 0.0000194 seconds
70.569: [GC (Allocation Failure)  80489K->649K(422400K), 0.0004844 secs]
70.570: Total time for which application threads were stopped: 0.0006024 seconds, Stopping threads took: 0.0000194 seconds
70.622: [GC (Allocation Failure)  79497K->713K(421376K), 0.0004877 secs]
70.622: Total time for which application threads were stopped: 0.0006208 seconds, Stopping threads took: 0.0000209 seconds
70.671: [GC (Allocation Failure)  78537K->713K(420352K), 0.0005428 secs]
70.672: Total time for which application threads were stopped: 0.0006846 seconds, Stopping threads took: 0.0000291 seconds
70.723: [GC (Allocation Failure)  77513K->681K(419328K), 0.0006016 secs]
70.724: Total time for which application threads were stopped: 0.0007445 seconds, Stopping threads took: 0.0000289 seconds
70.771: [GC (Allocation Failure)  76457K->681K(418304K), 0.0005397 secs]
70.772: Total time for which application threads were stopped: 0.0006910 seconds, Stopping threads took: 0.0000286 seconds
70.819: [GC (Allocation Failure)  75433K->681K(417280K), 0.0006250 secs]
70.819: Total time for which application threads were stopped: 0.0007905 seconds, Stopping threads took: 0.0000370 seconds
70.869: [GC (Allocation Failure)  74409K->681K(432128K), 0.0006773 secs]
70.869: Total time for which application threads were stopped: 0.0008100 seconds, Stopping threads took: 0.0000206 seconds
70.931: [GC (Allocation Failure)  89257K->649K(430592K), 0.0004991 secs]
70.931: Total time for which application threads were stopped: 0.0006285 seconds, Stopping threads took: 0.0000193 seconds
70.992: [GC (Allocation Failure)  87689K->649K(429056K), 0.0005134 secs]
70.993: Total time for which application threads were stopped: 0.0006333 seconds, Stopping threads took: 0.0000195 seconds
71.049: [GC (Allocation Failure)  86153K->617K(427520K), 0.0005408 secs]
71.050: Total time for which application threads were stopped: 0.0006676 seconds, Stopping threads took: 0.0000277 seconds
71.108: [GC (Allocation Failure)  84585K->649K(425984K), 0.0005599 secs]
71.109: Total time for which application threads were stopped: 0.0006951 seconds, Stopping threads took: 0.0000272 seconds
71.167: [GC (Allocation Failure)  83081K->681K(424448K), 0.0004935 secs]
71.167: Total time for which application threads were stopped: 0.0006139 seconds, Stopping threads took: 0.0000195 seconds
71.218: [GC (Allocation Failure)  81577K->681K(422912K), 0.0004389 secs]
71.218: Total time for which application threads were stopped: 0.0005663 seconds, Stopping threads took: 0.0000277 seconds
71.268: [GC (Allocation Failure)  80041K->649K(421888K), 0.0005049 secs]
71.268: Total time for which application threads were stopped: 0.0006613 seconds, Stopping threads took: 0.0000213 seconds
71.322: [GC (Allocation Failure)  78985K->713K(420864K), 0.0005231 secs]
71.322: Total time for which application threads were stopped: 0.0006579 seconds, Stopping threads took: 0.0000210 seconds
71.371: [GC (Allocation Failure)  78025K->713K(419840K), 0.0005608 secs]
71.371: Total time for which application threads were stopped: 0.0007042 seconds, Stopping threads took: 0.0000299 seconds
71.420: [GC (Allocation Failure)  77001K->681K(418816K), 0.0004611 secs]
71.421: Total time for which application threads were stopped: 0.0005782 seconds, Stopping threads took: 0.0000214 seconds
71.468: [GC (Allocation Failure)  75945K->649K(417792K), 0.0004823 secs]
71.469: Total time for which application threads were stopped: 0.0006043 seconds, Stopping threads took: 0.0000195 seconds
71.515: [GC (Allocation Failure)  74889K->649K(416768K), 0.0005223 secs]
71.516: Total time for which application threads were stopped: 0.0006666 seconds, Stopping threads took: 0.0000210 seconds
71.563: [GC (Allocation Failure)  73865K->617K(415744K), 0.0004407 secs]
71.563: Total time for which application threads were stopped: 0.0005743 seconds, Stopping threads took: 0.0000264 seconds
71.613: [GC (Allocation Failure)  72809K->617K(414720K), 0.0005137 secs]
71.613: Total time for which application threads were stopped: 0.0006656 seconds, Stopping threads took: 0.0000227 seconds
71.664: [GC (Allocation Failure)  71785K->649K(413696K), 0.0005450 secs]
71.665: Total time for which application threads were stopped: 0.0006913 seconds, Stopping threads took: 0.0000224 seconds
71.714: [GC (Allocation Failure)  70793K->681K(428032K), 0.0008938 secs]
71.715: Total time for which application threads were stopped: 0.0010385 seconds, Stopping threads took: 0.0000227 seconds
71.768: [GC (Allocation Failure)  85161K->649K(444928K), 0.0006466 secs]
71.769: Total time for which application threads were stopped: 0.0007683 seconds, Stopping threads took: 0.0000201 seconds
71.832: [GC (Allocation Failure)  102025K->649K(442880K), 0.0005087 secs]
71.833: Total time for which application threads were stopped: 0.0006411 seconds, Stopping threads took: 0.0000196 seconds
71.895: [GC (Allocation Failure)  99977K->649K(440832K), 0.0005871 secs]
71.896: Total time for which application threads were stopped: 0.0007242 seconds, Stopping threads took: 0.0000193 seconds
71.961: [GC (Allocation Failure)  97929K->681K(438784K), 0.0004872 secs]
71.961: Total time for which application threads were stopped: 0.0006074 seconds, Stopping threads took: 0.0000199 seconds
72.027: [GC (Allocation Failure)  95913K->681K(437248K), 0.0004905 secs]
72.027: Total time for which application threads were stopped: 0.0006193 seconds, Stopping threads took: 0.0000278 seconds
72.092: [GC (Allocation Failure)  94377K->681K(435712K), 0.0004732 secs]
72.093: Total time for which application threads were stopped: 0.0005865 seconds, Stopping threads took: 0.0000191 seconds
72.157: [GC (Allocation Failure)  92841K->649K(434176K), 0.0005925 secs]
72.157: Total time for which application threads were stopped: 0.0007149 seconds, Stopping threads took: 0.0000189 seconds
72.214: [GC (Allocation Failure)  91273K->713K(432640K), 0.0004899 secs]
72.215: Total time for which application threads were stopped: 0.0006329 seconds, Stopping threads took: 0.0000279 seconds
72.271: [GC (Allocation Failure)  89801K->617K(431104K), 0.0004668 secs]
72.271: Total time for which application threads were stopped: 0.0006059 seconds, Stopping threads took: 0.0000267 seconds
72.331: [GC (Allocation Failure)  88169K->713K(429568K), 0.0005316 secs]
72.332: Total time for which application threads were stopped: 0.0006547 seconds, Stopping threads took: 0.0000215 seconds
72.390: [GC (Allocation Failure)  86729K->617K(428032K), 0.0004641 secs]
72.390: Total time for which application threads were stopped: 0.0005793 seconds, Stopping threads took: 0.0000218 seconds
72.447: [GC (Allocation Failure)  85097K->681K(426496K), 0.0004748 secs]
72.447: Total time for which application threads were stopped: 0.0005829 seconds, Stopping threads took: 0.0000168 seconds
72.499: [GC (Allocation Failure)  83625K->681K(424960K), 0.0004919 secs]
72.500: Total time for which application threads were stopped: 0.0006354 seconds, Stopping threads took: 0.0000197 seconds
72.551: [GC (Allocation Failure)  82089K->681K(423424K), 0.0004536 secs]
72.551: Total time for which application threads were stopped: 0.0005771 seconds, Stopping threads took: 0.0000256 seconds
72.601: [GC (Allocation Failure)  80553K->617K(422400K), 0.0004880 secs]
72.601: Total time for which application threads were stopped: 0.0006299 seconds, Stopping threads took: 0.0000260 seconds
72.654: [GC (Allocation Failure)  79465K->649K(421376K), 0.0005002 secs]
72.655: Total time for which application threads were stopped: 0.0006188 seconds, Stopping threads took: 0.0000194 seconds
72.708: [GC (Allocation Failure)  78473K->713K(420352K), 0.0005874 secs]
72.709: Total time for which application threads were stopped: 0.0007269 seconds, Stopping threads took: 0.0000292 seconds
72.757: [GC (Allocation Failure)  77513K->681K(419328K), 0.0005303 secs]
72.757: Total time for which application threads were stopped: 0.0006847 seconds, Stopping threads took: 0.0000305 seconds
72.811: [GC (Allocation Failure)  76457K->681K(418304K), 0.0005261 secs]
72.812: Total time for which application threads were stopped: 0.0006776 seconds, Stopping threads took: 0.0000227 seconds
72.858: [GC (Allocation Failure)  75433K->649K(417280K), 0.0005094 secs]
72.859: Total time for which application threads were stopped: 0.0006354 seconds, Stopping threads took: 0.0000277 seconds
72.905: [GC (Allocation Failure)  74377K->681K(416256K), 0.0005694 secs]
72.905: Total time for which application threads were stopped: 0.0007071 seconds, Stopping threads took: 0.0000288 seconds
72.954: [GC (Allocation Failure)  73385K->617K(415232K), 0.0005601 secs]
72.955: Total time for which application threads were stopped: 0.0006794 seconds, Stopping threads took: 0.0000192 seconds
73.000: [GC (Allocation Failure)  72297K->649K(414208K), 0.0005129 secs]
73.000: Total time for which application threads were stopped: 0.0006487 seconds, Stopping threads took: 0.0000208 seconds
73.045: [GC (Allocation Failure)  71305K->681K(413184K), 0.0005248 secs]
73.045: Total time for which application threads were stopped: 0.0006394 seconds, Stopping threads took: 0.0000193 seconds
73.093: [GC (Allocation Failure)  70313K->649K(412160K), 0.0005075 secs]
73.093: Total time for which application threads were stopped: 0.0006174 seconds, Stopping threads took: 0.0000190 seconds
73.136: [GC (Allocation Failure)  69257K->649K(411136K), 0.0004669 secs]
73.137: Total time for which application threads were stopped: 0.0006161 seconds, Stopping threads took: 0.0000278 seconds
73.179: [GC (Allocation Failure)  68233K->649K(410112K), 0.0004884 secs]
73.179: Total time for which application threads were stopped: 0.0006382 seconds, Stopping threads took: 0.0000268 seconds
73.221: [GC (Allocation Failure)  67209K->681K(409088K), 0.0004732 secs]
73.222: Total time for which application threads were stopped: 0.0005920 seconds, Stopping threads took: 0.0000189 seconds
73.269: [GC (Allocation Failure)  66217K->617K(408064K), 0.0005078 secs]
73.270: Total time for which application threads were stopped: 0.0006088 seconds, Stopping threads took: 0.0000169 seconds
73.310: [GC (Allocation Failure)  65129K->649K(407040K), 0.0004926 secs]
73.310: Total time for which application threads were stopped: 0.0006034 seconds, Stopping threads took: 0.0000168 seconds
73.353: [GC (Allocation Failure)  64137K->681K(406016K), 0.0004492 secs]
73.354: Total time for which application threads were stopped: 0.0005711 seconds, Stopping threads took: 0.0000191 seconds
73.393: [GC (Allocation Failure)  63145K->649K(405504K), 0.0004650 secs]
73.394: Total time for which application threads were stopped: 0.0005986 seconds, Stopping threads took: 0.0000253 seconds
73.436: [GC (Allocation Failure)  62601K->745K(418304K), 0.0005618 secs]
73.436: Total time for which application threads were stopped: 0.0006899 seconds, Stopping threads took: 0.0000171 seconds
73.486: [GC (Allocation Failure)  75497K->745K(417280K), 0.0005051 secs]
73.487: Total time for which application threads were stopped: 0.0006311 seconds, Stopping threads took: 0.0000271 seconds
73.533: [GC (Allocation Failure)  74473K->617K(416256K), 0.0005685 secs]
73.533: Total time for which application threads were stopped: 0.0006868 seconds, Stopping threads took: 0.0000194 seconds
73.579: [GC (Allocation Failure)  73321K->681K(415232K), 0.0004481 secs]
73.579: Total time for which application threads were stopped: 0.0005676 seconds, Stopping threads took: 0.0000195 seconds
73.629: [GC (Allocation Failure)  72361K->617K(414208K), 0.0003671 secs]
73.629: Total time for which application threads were stopped: 0.0004860 seconds, Stopping threads took: 0.0000194 seconds
73.679: [GC (Allocation Failure)  71273K->681K(413184K), 0.0005151 secs]
73.680: Total time for which application threads were stopped: 0.0006565 seconds, Stopping threads took: 0.0000201 seconds
73.723: [GC (Allocation Failure)  70313K->617K(412160K), 0.0005691 secs]
73.724: Total time for which application threads were stopped: 0.0007000 seconds, Stopping threads took: 0.0000297 seconds
73.771: [GC (Allocation Failure)  69225K->681K(411136K), 0.0005697 secs]
73.772: Total time for which application threads were stopped: 0.0006856 seconds, Stopping threads took: 0.0000191 seconds
73.814: [GC (Allocation Failure)  68265K->681K(410112K), 0.0004790 secs]
73.814: Total time for which application threads were stopped: 0.0005955 seconds, Stopping threads took: 0.0000190 seconds
73.862: [GC (Allocation Failure)  67241K->649K(423424K), 0.0007142 secs]
73.863: Total time for which application threads were stopped: 0.0008435 seconds, Stopping threads took: 0.0000199 seconds
73.921: [GC (Allocation Failure)  80521K->681K(422400K), 0.0004699 secs]
73.922: Total time for which application threads were stopped: 0.0005973 seconds, Stopping threads took: 0.0000274 seconds
73.975: [GC (Allocation Failure)  79529K->681K(421376K), 0.0004902 secs]
73.976: Total time for which application threads were stopped: 0.0006185 seconds, Stopping threads took: 0.0000269 seconds
74.028: [GC (Allocation Failure)  78505K->681K(420352K), 0.0004719 secs]
74.029: Total time for which application threads were stopped: 0.0006050 seconds, Stopping threads took: 0.0000282 seconds
74.082: [GC (Allocation Failure)  77481K->649K(419328K), 0.0004839 secs]
74.082: Total time for which application threads were stopped: 0.0005886 seconds, Stopping threads took: 0.0000171 seconds
74.130: [GC (Allocation Failure)  76425K->713K(418304K), 0.0004913 secs]
74.130: Total time for which application threads were stopped: 0.0006468 seconds, Stopping threads took: 0.0000198 seconds
74.182: [GC (Allocation Failure)  75465K->681K(417280K), 0.0005859 secs]
74.183: Total time for which application threads were stopped: 0.0007294 seconds, Stopping threads took: 0.0000294 seconds
74.230: [GC (Allocation Failure)  74409K->649K(416256K), 0.0005223 secs]
74.230: Total time for which application threads were stopped: 0.0006434 seconds, Stopping threads took: 0.0000199 seconds
74.281: [GC (Allocation Failure)  73353K->649K(415232K), 0.0005162 secs]
74.281: Total time for which application threads were stopped: 0.0006683 seconds, Stopping threads took: 0.0000286 seconds
74.330: [GC (Allocation Failure)  72329K->681K(414208K), 0.0004791 secs]
74.331: Total time for which application threads were stopped: 0.0006255 seconds, Stopping threads took: 0.0000297 seconds
74.380: [GC (Allocation Failure)  71337K->649K(413184K), 0.0005603 secs]
74.381: Total time for which application threads were stopped: 0.0007146 seconds, Stopping threads took: 0.0000292 seconds
74.427: [GC (Allocation Failure)  70281K->681K(412160K), 0.0004515 secs]
74.427: Total time for which application threads were stopped: 0.0005794 seconds, Stopping threads took: 0.0000275 seconds
74.470: [GC (Allocation Failure)  69289K->681K(411136K), 0.0004976 secs]
74.471: Total time for which application threads were stopped: 0.0006224 seconds, Stopping threads took: 0.0000266 seconds
74.513: [GC (Allocation Failure)  68265K->649K(410112K), 0.0004675 secs]
74.514: Total time for which application threads were stopped: 0.0005870 seconds, Stopping threads took: 0.0000193 seconds
74.556: [GC (Allocation Failure)  67209K->649K(409088K), 0.0003744 secs]
74.556: Total time for which application threads were stopped: 0.0004896 seconds, Stopping threads took: 0.0000264 seconds
74.597: [GC (Allocation Failure)  66185K->649K(408064K), 0.0006010 secs]
74.598: Total time for which application threads were stopped: 0.0007389 seconds, Stopping threads took: 0.0000194 seconds
74.638: [GC (Allocation Failure)  65161K->681K(407040K), 0.0004438 secs]
74.639: Total time for which application threads were stopped: 0.0005605 seconds, Stopping threads took: 0.0000188 seconds
74.684: [GC (Allocation Failure)  64169K->649K(406016K), 0.0004689 secs]
74.685: Total time for which application threads were stopped: 0.0005759 seconds, Stopping threads took: 0.0000167 seconds
74.728: [GC (Allocation Failure)  63113K->617K(405504K), 0.0005983 secs]
74.729: Total time for which application threads were stopped: 0.0007219 seconds, Stopping threads took: 0.0000204 seconds
74.771: [GC (Allocation Failure)  62569K->649K(404992K), 0.0004975 secs]
74.772: Total time for which application threads were stopped: 0.0006299 seconds, Stopping threads took: 0.0000290 seconds
74.817: [GC (Allocation Failure)  62089K->617K(404480K), 0.0005016 secs]
74.818: Total time for which application threads were stopped: 0.0006463 seconds, Stopping threads took: 0.0000274 seconds
74.862: [GC (Allocation Failure)  61545K->681K(403968K), 0.0004617 secs]
74.863: Total time for which application threads were stopped: 0.0005832 seconds, Stopping threads took: 0.0000282 seconds
74.907: [GC (Allocation Failure)  61097K->713K(403456K), 0.0004469 secs]
74.908: Total time for which application threads were stopped: 0.0005724 seconds, Stopping threads took: 0.0000173 seconds
74.946: [GC (Allocation Failure)  60617K->649K(415744K), 0.0005977 secs]
74.946: Total time for which application threads were stopped: 0.0007203 seconds, Stopping threads took: 0.0000253 seconds
74.992: [GC (Allocation Failure)  72841K->681K(430592K), 0.0005902 secs]
74.992: Total time for which application threads were stopped: 0.0007268 seconds, Stopping threads took: 0.0000222 seconds
75.047: [GC (Allocation Failure)  87721K->649K(429056K), 0.0004919 secs]
75.048: Total time for which application threads were stopped: 0.0006325 seconds, Stopping threads took: 0.0000222 seconds
75.106: [GC (Allocation Failure)  86153K->713K(427520K), 0.0004928 secs]
75.107: Total time for which application threads were stopped: 0.0006317 seconds, Stopping threads took: 0.0000215 seconds
75.159: [GC (Allocation Failure)  84681K->681K(425984K), 0.0004532 secs]
75.160: Total time for which application threads were stopped: 0.0005820 seconds, Stopping threads took: 0.0000221 seconds
75.211: [GC (Allocation Failure)  83113K->617K(424448K), 0.0004958 secs]
75.211: Total time for which application threads were stopped: 0.0006307 seconds, Stopping threads took: 0.0000265 seconds
75.270: [GC (Allocation Failure)  81513K->681K(422912K), 0.0004462 secs]
75.270: Total time for which application threads were stopped: 0.0005733 seconds, Stopping threads took: 0.0000228 seconds
75.322: [GC (Allocation Failure)  80041K->713K(421888K), 0.0004410 secs]
75.323: Total time for which application threads were stopped: 0.0005525 seconds, Stopping threads took: 0.0000165 seconds
75.372: [GC (Allocation Failure)  79049K->617K(420864K), 0.0006184 secs]
75.373: Total time for which application threads were stopped: 0.0007546 seconds, Stopping threads took: 0.0000196 seconds
75.425: [GC (Allocation Failure)  77929K->649K(419840K), 0.0004010 secs]
75.426: Total time for which application threads were stopped: 0.0005013 seconds, Stopping threads took: 0.0000162 seconds
75.473: [GC (Allocation Failure)  76937K->681K(418816K), 0.0004631 secs]
75.474: Total time for which application threads were stopped: 0.0005798 seconds, Stopping threads took: 0.0000189 seconds
75.521: [GC (Allocation Failure)  75945K->713K(417792K), 0.0004943 secs]
75.521: Total time for which application threads were stopped: 0.0006334 seconds, Stopping threads took: 0.0000294 seconds
