Java HotSpot(TM) 64-Bit Server VM (25.171-b11) for linux-amd64 JRE (1.8.0_171-b11), built on Mar 28 2018 17:07:08 by "java_re" with gcc 4.3.0 20080428 (Red Hat 4.3.0-8)
Memory: 4k page, physical 32883000k(29632644k free), swap 8000508k(8000508k free)
CommandLine flags: -XX:InitialHeapSize=526128000 -XX:MaxHeapSize=8418048000 -XX:+PrintGC -XX:+PrintGCApplicationStoppedTime -XX:+PrintGCTimeStamps -XX:+UseCompressedClassPointers -XX:+UseCompressedOops -XX:+UseParallelGC 
0.392: [GC (Allocation Failure)  129024K->2445K(493056K), 0.0018898 secs]
0.394: Total time for which application threads were stopped: 0.0021916 seconds, Stopping threads took: 0.0000241 seconds
0.483: [GC (Allocation Failure)  131469K->608K(493056K), 0.0009053 secs]
0.484: Total time for which application threads were stopped: 0.0010324 seconds, Stopping threads took: 0.0000210 seconds
0.569: [GC (Allocation Failure)  129632K->672K(493056K), 0.0010209 secs]
0.570: Total time for which application threads were stopped: 0.0011395 seconds, Stopping threads took: 0.0000285 seconds
0.658: [GC (Allocation Failure)  129696K->607K(493056K), 0.0008659 secs]
0.659: Total time for which application threads were stopped: 0.0009818 seconds, Stopping threads took: 0.0000246 seconds
0.745: [GC (Allocation Failure)  129631K->639K(470016K), 0.0009039 secs]
0.746: Total time for which application threads were stopped: 0.0010268 seconds, Stopping threads took: 0.0000270 seconds
0.826: [GC (Allocation Failure)  126591K->648K(466944K), 0.0010398 secs]
0.827: Total time for which application threads were stopped: 0.0011645 seconds, Stopping threads took: 0.0000270 seconds
0.907: [GC (Allocation Failure)  123528K->661K(463872K), 0.0009409 secs]
0.908: Total time for which application threads were stopped: 0.0010678 seconds, Stopping threads took: 0.0000287 seconds
0.985: [GC (Allocation Failure)  120981K->629K(461312K), 0.0005309 secs]
0.985: Total time for which application threads were stopped: 0.0006478 seconds, Stopping threads took: 0.0000197 seconds
1.060: [GC (Allocation Failure)  118389K->661K(460800K), 0.0005987 secs]
1.061: Total time for which application threads were stopped: 0.0007500 seconds, Stopping threads took: 0.0000290 seconds
1.133: [GC (Allocation Failure)  115861K->693K(456192K), 0.0005110 secs]
1.134: Total time for which application threads were stopped: 0.0006438 seconds, Stopping threads took: 0.0000327 seconds
1.209: [GC (Allocation Failure)  113333K->661K(455680K), 0.0005876 secs]
1.210: Total time for which application threads were stopped: 0.0007054 seconds, Stopping threads took: 0.0000305 seconds
1.282: [GC (Allocation Failure)  110741K->661K(451584K), 0.0005170 secs]
1.283: Total time for which application threads were stopped: 0.0006337 seconds, Stopping threads took: 0.0000193 seconds
1.353: [GC (Allocation Failure)  108693K->629K(451072K), 0.0006110 secs]
1.354: Total time for which application threads were stopped: 0.0007321 seconds, Stopping threads took: 0.0000208 seconds
1.422: [GC (Allocation Failure)  106613K->693K(447488K), 0.0005684 secs]
1.423: Total time for which application threads were stopped: 0.0007005 seconds, Stopping threads took: 0.0000279 seconds
1.490: [GC (Allocation Failure)  104629K->629K(446976K), 0.0005132 secs]
1.491: Total time for which application threads were stopped: 0.0006555 seconds, Stopping threads took: 0.0000264 seconds
1.556: [GC (Allocation Failure)  102517K->661K(443392K), 0.0005006 secs]
1.557: Total time for which application threads were stopped: 0.0006217 seconds, Stopping threads took: 0.0000267 seconds
1.627: [GC (Allocation Failure)  100501K->661K(442880K), 0.0004774 secs]
1.628: Total time for which application threads were stopped: 0.0005918 seconds, Stopping threads took: 0.0000203 seconds
1.691: [GC (Allocation Failure)  98453K->661K(439296K), 0.0004926 secs]
1.691: Total time for which application threads were stopped: 0.0006068 seconds, Stopping threads took: 0.0000259 seconds
1.753: [GC (Allocation Failure)  96405K->661K(438784K), 0.0007174 secs]
1.754: Total time for which application threads were stopped: 0.0008468 seconds, Stopping threads took: 0.0000223 seconds
1.815: [GC (Allocation Failure)  94869K->597K(436224K), 0.0005761 secs]
1.816: Total time for which application threads were stopped: 0.0006907 seconds, Stopping threads took: 0.0000272 seconds
1.879: [GC (Allocation Failure)  93269K->661K(435712K), 0.0007094 secs]
1.880: Total time for which application threads were stopped: 0.0008444 seconds, Stopping threads took: 0.0000216 seconds
1.939: [GC (Allocation Failure)  91797K->661K(433152K), 0.0005318 secs]
1.940: Total time for which application threads were stopped: 0.0006644 seconds, Stopping threads took: 0.0000214 seconds
1.998: [GC (Allocation Failure)  90261K->629K(432640K), 0.0005684 secs]
1.999: Total time for which application threads were stopped: 0.0007071 seconds, Stopping threads took: 0.0000267 seconds
2.061: [GC (Allocation Failure)  88693K->661K(430080K), 0.0006748 secs]
2.061: Total time for which application threads were stopped: 0.0008036 seconds, Stopping threads took: 0.0000206 seconds
2.117: [GC (Allocation Failure)  87189K->629K(429568K), 0.0006222 secs]
2.118: Total time for which application threads were stopped: 0.0007415 seconds, Stopping threads took: 0.0000271 seconds
2.179: [GC (Allocation Failure)  85621K->597K(427008K), 0.0005868 secs]
2.180: Total time for which application threads were stopped: 0.0007071 seconds, Stopping threads took: 0.0000262 seconds
2.234: [GC (Allocation Failure)  84053K->693K(425984K), 0.0005718 secs]
2.234: Total time for which application threads were stopped: 0.0006988 seconds, Stopping threads took: 0.0000282 seconds
2.290: [GC (Allocation Failure)  82613K->661K(423936K), 0.0006497 secs]
2.290: Total time for which application threads were stopped: 0.0007640 seconds, Stopping threads took: 0.0000191 seconds
2.342: [GC (Allocation Failure)  81045K->661K(422912K), 0.0006293 secs]
2.343: Total time for which application threads were stopped: 0.0007442 seconds, Stopping threads took: 0.0000196 seconds
2.394: [GC (Allocation Failure)  79509K->597K(421376K), 0.0005148 secs]
2.395: Total time for which application threads were stopped: 0.0006534 seconds, Stopping threads took: 0.0000275 seconds
2.445: [GC (Allocation Failure)  78421K->661K(420864K), 0.0005031 secs]
2.446: Total time for which application threads were stopped: 0.0006518 seconds, Stopping threads took: 0.0000302 seconds
2.497: [GC (Allocation Failure)  77461K->661K(419328K), 0.0004632 secs]
2.497: Total time for which application threads were stopped: 0.0005913 seconds, Stopping threads took: 0.0000261 seconds
2.546: [GC (Allocation Failure)  76437K->597K(418816K), 0.0004641 secs]
2.547: Total time for which application threads were stopped: 0.0005702 seconds, Stopping threads took: 0.0000167 seconds
2.599: [GC (Allocation Failure)  75349K->661K(417280K), 0.0004895 secs]
2.599: Total time for which application threads were stopped: 0.0006128 seconds, Stopping threads took: 0.0000171 seconds
2.652: [GC (Allocation Failure)  74389K->629K(416768K), 0.0005114 secs]
2.652: Total time for which application threads were stopped: 0.0006434 seconds, Stopping threads took: 0.0000202 seconds
2.699: [GC (Allocation Failure)  73333K->597K(415232K), 0.0005413 secs]
2.700: Total time for which application threads were stopped: 0.0006786 seconds, Stopping threads took: 0.0000216 seconds
2.746: [GC (Allocation Failure)  72277K->597K(414208K), 0.0004826 secs]
2.747: Total time for which application threads were stopped: 0.0006029 seconds, Stopping threads took: 0.0000220 seconds
2.798: [GC (Allocation Failure)  71253K->597K(413184K), 0.0004359 secs]
2.798: Total time for which application threads were stopped: 0.0005513 seconds, Stopping threads took: 0.0000219 seconds
2.844: [GC (Allocation Failure)  70229K->661K(412160K), 0.0004610 secs]
2.845: Total time for which application threads were stopped: 0.0005780 seconds, Stopping threads took: 0.0000192 seconds
2.889: [GC (Allocation Failure)  69269K->661K(411136K), 0.0005270 secs]
2.890: Total time for which application threads were stopped: 0.0006425 seconds, Stopping threads took: 0.0000194 seconds
2.934: [GC (Allocation Failure)  68245K->629K(410112K), 0.0005354 secs]
2.934: Total time for which application threads were stopped: 0.0006822 seconds, Stopping threads took: 0.0000291 seconds
2.983: [GC (Allocation Failure)  67189K->629K(409088K), 0.0004392 secs]
2.984: Total time for which application threads were stopped: 0.0005579 seconds, Stopping threads took: 0.0000258 seconds
3.027: [GC (Allocation Failure)  66165K->661K(408064K), 0.0004592 secs]
3.028: Total time for which application threads were stopped: 0.0006031 seconds, Stopping threads took: 0.0000259 seconds
3.069: [GC (Allocation Failure)  65173K->693K(407040K), 0.0004329 secs]
3.070: Total time for which application threads were stopped: 0.0005521 seconds, Stopping threads took: 0.0000217 seconds
3.110: [GC (Allocation Failure)  64181K->669K(406016K), 0.0006017 secs]
3.111: Total time for which application threads were stopped: 0.0007284 seconds, Stopping threads took: 0.0000217 seconds
3.151: [GC (Allocation Failure)  63133K->701K(419840K), 0.0005614 secs]
3.151: Total time for which application threads were stopped: 0.0006882 seconds, Stopping threads took: 0.0000278 seconds
3.200: [GC (Allocation Failure)  76989K->669K(418816K), 0.0004942 secs]
3.200: Total time for which application threads were stopped: 0.0006286 seconds, Stopping threads took: 0.0000280 seconds
3.248: [GC (Allocation Failure)  75933K->701K(417792K), 0.0004685 secs]
3.249: Total time for which application threads were stopped: 0.0005873 seconds, Stopping threads took: 0.0000196 seconds
3.296: [GC (Allocation Failure)  74941K->637K(416768K), 0.0004642 secs]
3.297: Total time for which application threads were stopped: 0.0005833 seconds, Stopping threads took: 0.0000216 seconds
3.349: [GC (Allocation Failure)  73853K->733K(415744K), 0.0005143 secs]
3.350: Total time for which application threads were stopped: 0.0006379 seconds, Stopping threads took: 0.0000277 seconds
3.396: [GC (Allocation Failure)  72925K->637K(414720K), 0.0005947 secs]
3.396: Total time for which application threads were stopped: 0.0007145 seconds, Stopping threads took: 0.0000260 seconds
3.441: [GC (Allocation Failure)  71805K->637K(413696K), 0.0005088 secs]
3.442: Total time for which application threads were stopped: 0.0006277 seconds, Stopping threads took: 0.0000266 seconds
3.490: [GC (Allocation Failure)  70781K->669K(412672K), 0.0004145 secs]
3.491: Total time for which application threads were stopped: 0.0005484 seconds, Stopping threads took: 0.0000251 seconds
3.539: [GC (Allocation Failure)  69789K->605K(411648K), 0.0006665 secs]
3.540: Total time for which application threads were stopped: 0.0008000 seconds, Stopping threads took: 0.0000204 seconds
3.590: [GC (Allocation Failure)  68701K->669K(410624K), 0.0005021 secs]
3.590: Total time for which application threads were stopped: 0.0006363 seconds, Stopping threads took: 0.0000191 seconds
3.633: [GC (Allocation Failure)  67741K->701K(409600K), 0.0005813 secs]
3.633: Total time for which application threads were stopped: 0.0007217 seconds, Stopping threads took: 0.0000286 seconds
3.681: [GC (Allocation Failure)  66749K->637K(408576K), 0.0005061 secs]
3.682: Total time for which application threads were stopped: 0.0006436 seconds, Stopping threads took: 0.0000289 seconds
3.728: [GC (Allocation Failure)  65661K->733K(407552K), 0.0005148 secs]
3.728: Total time for which application threads were stopped: 0.0006408 seconds, Stopping threads took: 0.0000226 seconds
3.769: [GC (Allocation Failure)  64733K->637K(420352K), 0.0005739 secs]
3.770: Total time for which application threads were stopped: 0.0006774 seconds, Stopping threads took: 0.0000168 seconds
3.820: [GC (Allocation Failure)  77437K->637K(435712K), 0.0005574 secs]
3.820: Total time for which application threads were stopped: 0.0006820 seconds, Stopping threads took: 0.0000253 seconds
3.879: [GC (Allocation Failure)  92797K->637K(434176K), 0.0004714 secs]
3.880: Total time for which application threads were stopped: 0.0005900 seconds, Stopping threads took: 0.0000194 seconds
3.942: [GC (Allocation Failure)  91261K->605K(432640K), 0.0004924 secs]
3.942: Total time for which application threads were stopped: 0.0006131 seconds, Stopping threads took: 0.0000268 seconds
4.003: [GC (Allocation Failure)  89693K->701K(431104K), 0.0004389 secs]
4.004: Total time for which application threads were stopped: 0.0005779 seconds, Stopping threads took: 0.0000278 seconds
4.060: Total time for which application threads were stopped: 0.0001182 seconds, Stopping threads took: 0.0000474 seconds
4.066: [GC (Allocation Failure)  88253K->637K(429568K), 0.0004503 secs]
4.066: Total time for which application threads were stopped: 0.0005512 seconds, Stopping threads took: 0.0000120 seconds
4.121: [GC (Allocation Failure)  86653K->637K(428032K), 0.0004753 secs]
4.121: Total time for which application threads were stopped: 0.0005946 seconds, Stopping threads took: 0.0000204 seconds
4.180: [GC (Allocation Failure)  85117K->701K(426496K), 0.0005210 secs]
4.181: Total time for which application threads were stopped: 0.0006503 seconds, Stopping threads took: 0.0000275 seconds
4.233: [GC (Allocation Failure)  83645K->701K(424960K), 0.0006771 secs]
4.234: Total time for which application threads were stopped: 0.0008172 seconds, Stopping threads took: 0.0000210 seconds
4.291: [GC (Allocation Failure)  82109K->669K(423424K), 0.0005175 secs]
4.291: Total time for which application threads were stopped: 0.0006515 seconds, Stopping threads took: 0.0000209 seconds
4.342: [GC (Allocation Failure)  80541K->701K(422400K), 0.0006012 secs]
4.343: Total time for which application threads were stopped: 0.0007528 seconds, Stopping threads took: 0.0000292 seconds
4.398: [GC (Allocation Failure)  79549K->669K(421376K), 0.0004588 secs]
4.398: Total time for which application threads were stopped: 0.0005865 seconds, Stopping threads took: 0.0000218 seconds
4.448: [GC (Allocation Failure)  78493K->637K(420352K), 0.0006122 secs]
4.449: Total time for which application threads were stopped: 0.0007541 seconds, Stopping threads took: 0.0000317 seconds
4.503: [GC (Allocation Failure)  77437K->637K(419328K), 0.0005483 secs]
4.503: Total time for which application threads were stopped: 0.0006876 seconds, Stopping threads took: 0.0000277 seconds
4.556: [GC (Allocation Failure)  76413K->669K(418304K), 0.0006314 secs]
4.557: Total time for which application threads were stopped: 0.0007555 seconds, Stopping threads took: 0.0000214 seconds
4.609: [GC (Allocation Failure)  75421K->669K(417280K), 0.0006014 secs]
4.610: Total time for which application threads were stopped: 0.0007197 seconds, Stopping threads took: 0.0000198 seconds
4.658: [GC (Allocation Failure)  74397K->637K(416256K), 0.0005080 secs]
4.658: Total time for which application threads were stopped: 0.0006497 seconds, Stopping threads took: 0.0000210 seconds
4.707: [GC (Allocation Failure)  73341K->637K(415232K), 0.0005043 secs]
4.708: Total time for which application threads were stopped: 0.0006445 seconds, Stopping threads took: 0.0000215 seconds
4.753: [GC (Allocation Failure)  72317K->637K(414208K), 0.0004779 secs]
4.753: Total time for which application threads were stopped: 0.0006044 seconds, Stopping threads took: 0.0000213 seconds
4.805: [GC (Allocation Failure)  71293K->637K(413184K), 0.0006517 secs]
4.806: Total time for which application threads were stopped: 0.0007692 seconds, Stopping threads took: 0.0000189 seconds
4.852: [GC (Allocation Failure)  70269K->605K(412160K), 0.0005334 secs]
4.853: Total time for which application threads were stopped: 0.0006514 seconds, Stopping threads took: 0.0000199 seconds
4.896: [GC (Allocation Failure)  69213K->701K(425984K), 0.0005685 secs]
4.897: Total time for which application threads were stopped: 0.0006807 seconds, Stopping threads took: 0.0000191 seconds
4.953: [GC (Allocation Failure)  83133K->605K(442880K), 0.0006719 secs]
4.954: Total time for which application threads were stopped: 0.0007944 seconds, Stopping threads took: 0.0000201 seconds
5.017: [GC (Allocation Failure)  99933K->669K(440832K), 0.0004194 secs]
5.018: Total time for which application threads were stopped: 0.0005676 seconds, Stopping threads took: 0.0000195 seconds
5.080: [GC (Allocation Failure)  97949K->669K(438784K), 0.0005209 secs]
5.080: Total time for which application threads were stopped: 0.0006572 seconds, Stopping threads took: 0.0000297 seconds
5.141: [GC (Allocation Failure)  95901K->637K(437248K), 0.0004821 secs]
5.141: Total time for which application threads were stopped: 0.0006115 seconds, Stopping threads took: 0.0000211 seconds
5.201: [GC (Allocation Failure)  94333K->637K(435712K), 0.0004898 secs]
5.201: Total time for which application threads were stopped: 0.0006114 seconds, Stopping threads took: 0.0000202 seconds
5.266: [GC (Allocation Failure)  92797K->701K(434176K), 0.0005304 secs]
5.267: Total time for which application threads were stopped: 0.0006520 seconds, Stopping threads took: 0.0000272 seconds
5.324: [GC (Allocation Failure)  91325K->733K(432640K), 0.0004640 secs]
5.325: Total time for which application threads were stopped: 0.0005787 seconds, Stopping threads took: 0.0000187 seconds
5.381: [GC (Allocation Failure)  89821K->637K(431104K), 0.0005402 secs]
5.382: Total time for which application threads were stopped: 0.0006630 seconds, Stopping threads took: 0.0000272 seconds
5.437: [GC (Allocation Failure)  88189K->637K(429568K), 0.0004601 secs]
5.438: Total time for which application threads were stopped: 0.0006805 seconds, Stopping threads took: 0.0000194 seconds
5.499: [GC (Allocation Failure)  86653K->637K(428032K), 0.0004441 secs]
5.499: Total time for which application threads were stopped: 0.0005617 seconds, Stopping threads took: 0.0000252 seconds
5.558: [GC (Allocation Failure)  85117K->669K(426496K), 0.0006263 secs]
5.558: Total time for which application threads were stopped: 0.0007549 seconds, Stopping threads took: 0.0000209 seconds
5.611: [GC (Allocation Failure)  83613K->637K(424960K), 0.0004759 secs]
5.611: Total time for which application threads were stopped: 0.0006169 seconds, Stopping threads took: 0.0000290 seconds
5.668: [GC (Allocation Failure)  82045K->669K(423424K), 0.0004710 secs]
5.668: Total time for which application threads were stopped: 0.0005894 seconds, Stopping threads took: 0.0000200 seconds
5.719: [GC (Allocation Failure)  80541K->669K(422400K), 0.0005496 secs]
5.720: Total time for which application threads were stopped: 0.0006859 seconds, Stopping threads took: 0.0000204 seconds
5.774: [GC (Allocation Failure)  79517K->669K(421376K), 0.0004723 secs]
5.774: Total time for which application threads were stopped: 0.0006086 seconds, Stopping threads took: 0.0000220 seconds
5.825: [GC (Allocation Failure)  78493K->669K(420352K), 0.0004670 secs]
5.825: Total time for which application threads were stopped: 0.0005829 seconds, Stopping threads took: 0.0000186 seconds
5.875: [GC (Allocation Failure)  77469K->637K(419328K), 0.0005395 secs]
5.875: Total time for which application threads were stopped: 0.0006712 seconds, Stopping threads took: 0.0000198 seconds
5.928: [GC (Allocation Failure)  76413K->605K(418304K), 0.0004826 secs]
5.928: Total time for which application threads were stopped: 0.0006054 seconds, Stopping threads took: 0.0000280 seconds
5.981: [GC (Allocation Failure)  75357K->605K(417280K), 0.0003700 secs]
5.981: Total time for which application threads were stopped: 0.0004841 seconds, Stopping threads took: 0.0000190 seconds
6.033: [GC (Allocation Failure)  74333K->573K(416256K), 0.0004543 secs]
6.033: Total time for which application threads were stopped: 0.0005782 seconds, Stopping threads took: 0.0000275 seconds
6.086: [GC (Allocation Failure)  73277K->669K(415232K), 0.0004614 secs]
6.086: Total time for which application threads were stopped: 0.0005805 seconds, Stopping threads took: 0.0000197 seconds
6.132: [GC (Allocation Failure)  72349K->637K(414208K), 0.0005182 secs]
6.132: Total time for which application threads were stopped: 0.0006581 seconds, Stopping threads took: 0.0000214 seconds
6.184: [GC (Allocation Failure)  71293K->669K(413184K), 0.0004485 secs]
6.184: Total time for which application threads were stopped: 0.0005725 seconds, Stopping threads took: 0.0000230 seconds
6.235: [GC (Allocation Failure)  70301K->669K(412160K), 0.0004897 secs]
6.235: Total time for which application threads were stopped: 0.0006145 seconds, Stopping threads took: 0.0000275 seconds
6.279: [GC (Allocation Failure)  69277K->669K(411136K), 0.0004902 secs]
6.280: Total time for which application threads were stopped: 0.0006144 seconds, Stopping threads took: 0.0000199 seconds
6.323: [GC (Allocation Failure)  68253K->605K(410112K), 0.0006870 secs]
6.323: Total time for which application threads were stopped: 0.0008233 seconds, Stopping threads took: 0.0000284 seconds
6.369: [GC (Allocation Failure)  67165K->701K(409088K), 0.0005142 secs]
6.370: Total time for which application threads were stopped: 0.0006586 seconds, Stopping threads took: 0.0000295 seconds
6.411: [GC (Allocation Failure)  66237K->637K(408064K), 0.0005121 secs]
6.412: Total time for which application threads were stopped: 0.0006656 seconds, Stopping threads took: 0.0000299 seconds
6.456: [GC (Allocation Failure)  65149K->669K(407040K), 0.0004106 secs]
6.457: Total time for which application threads were stopped: 0.0005427 seconds, Stopping threads took: 0.0000294 seconds
6.501: [GC (Allocation Failure)  64157K->637K(406016K), 0.0004920 secs]
6.502: Total time for which application threads were stopped: 0.0006280 seconds, Stopping threads took: 0.0000201 seconds
6.547: [GC (Allocation Failure)  63101K->637K(405504K), 0.0005589 secs]
6.548: Total time for which application threads were stopped: 0.0007059 seconds, Stopping threads took: 0.0000289 seconds
6.591: [GC (Allocation Failure)  62589K->669K(404992K), 0.0005240 secs]
6.592: Total time for which application threads were stopped: 0.0006595 seconds, Stopping threads took: 0.0000219 seconds
6.632: [GC (Allocation Failure)  62109K->701K(404480K), 0.0005142 secs]
6.632: Total time for which application threads were stopped: 0.0006453 seconds, Stopping threads took: 0.0000198 seconds
6.672: [GC (Allocation Failure)  61629K->669K(416768K), 0.0006826 secs]
6.672: Total time for which application threads were stopped: 0.0008158 seconds, Stopping threads took: 0.0000241 seconds
6.725: [GC (Allocation Failure)  73885K->701K(431616K), 0.0005652 secs]
6.726: Total time for which application threads were stopped: 0.0007095 seconds, Stopping threads took: 0.0000219 seconds
6.782: [GC (Allocation Failure)  88765K->637K(449536K), 0.0007404 secs]
6.782: Total time for which application threads were stopped: 0.0008833 seconds, Stopping threads took: 0.0000295 seconds
6.851: [GC (Allocation Failure)  106621K->637K(447488K), 0.0004685 secs]
6.851: Total time for which application threads were stopped: 0.0005810 seconds, Stopping threads took: 0.0000192 seconds
6.922: [GC (Allocation Failure)  104573K->669K(445440K), 0.0005878 secs]
6.922: Total time for which application threads were stopped: 0.0007198 seconds, Stopping threads took: 0.0000272 seconds
6.992: [GC (Allocation Failure)  102557K->637K(443392K), 0.0004441 secs]
6.992: Total time for which application threads were stopped: 0.0005611 seconds, Stopping threads took: 0.0000258 seconds
7.058: [GC (Allocation Failure)  100477K->701K(441344K), 0.0004756 secs]
7.058: Total time for which application threads were stopped: 0.0005962 seconds, Stopping threads took: 0.0000189 seconds
7.120: [GC (Allocation Failure)  98493K->637K(439296K), 0.0004642 secs]
7.121: Total time for which application threads were stopped: 0.0005795 seconds, Stopping threads took: 0.0000189 seconds
7.187: [GC (Allocation Failure)  96381K->637K(437760K), 0.0005127 secs]
7.188: Total time for which application threads were stopped: 0.0006341 seconds, Stopping threads took: 0.0000200 seconds
7.247: [GC (Allocation Failure)  94845K->701K(436224K), 0.0004478 secs]
7.248: Total time for which application threads were stopped: 0.0005688 seconds, Stopping threads took: 0.0000268 seconds
7.311: [GC (Allocation Failure)  93373K->669K(434688K), 0.0005913 secs]
7.311: Total time for which application threads were stopped: 0.0006995 seconds, Stopping threads took: 0.0000170 seconds
7.369: [GC (Allocation Failure)  91805K->669K(433152K), 0.0006524 secs]
7.370: Total time for which application threads were stopped: 0.0007717 seconds, Stopping threads took: 0.0000196 seconds
7.432: [GC (Allocation Failure)  90269K->701K(431616K), 0.0004695 secs]
7.432: Total time for which application threads were stopped: 0.0005996 seconds, Stopping threads took: 0.0000288 seconds
7.494: [GC (Allocation Failure)  88765K->733K(430080K), 0.0003429 secs]
7.495: Total time for which application threads were stopped: 0.0004545 seconds, Stopping threads took: 0.0000169 seconds
7.550: [GC (Allocation Failure)  87261K->605K(428544K), 0.0005541 secs]
7.551: Total time for which application threads were stopped: 0.0006732 seconds, Stopping threads took: 0.0000254 seconds
7.610: [GC (Allocation Failure)  85597K->637K(427008K), 0.0004964 secs]
7.610: Total time for which application threads were stopped: 0.0006153 seconds, Stopping threads took: 0.0000207 seconds
7.663: [GC (Allocation Failure)  84093K->669K(425472K), 0.0004549 secs]
7.664: Total time for which application threads were stopped: 0.0005826 seconds, Stopping threads took: 0.0000272 seconds
7.722: [GC (Allocation Failure)  82589K->669K(423936K), 0.0008080 secs]
7.723: Total time for which application threads were stopped: 0.0009313 seconds, Stopping threads took: 0.0000187 seconds
7.779: [GC (Allocation Failure)  81053K->637K(422400K), 0.0006188 secs]
7.780: Total time for which application threads were stopped: 0.0007371 seconds, Stopping threads took: 0.0000191 seconds
7.831: [GC (Allocation Failure)  79485K->637K(421376K), 0.0004538 secs]
7.831: Total time for which application threads were stopped: 0.0005808 seconds, Stopping threads took: 0.0000282 seconds
7.884: [GC (Allocation Failure)  78461K->669K(420352K), 0.0004726 secs]
7.884: Total time for which application threads were stopped: 0.0005885 seconds, Stopping threads took: 0.0000198 seconds
7.933: [GC (Allocation Failure)  77469K->637K(419328K), 0.0004618 secs]
7.934: Total time for which application threads were stopped: 0.0005886 seconds, Stopping threads took: 0.0000280 seconds
7.982: [GC (Allocation Failure)  76413K->701K(418304K), 0.0004772 secs]
7.982: Total time for which application threads were stopped: 0.0005955 seconds, Stopping threads took: 0.0000194 seconds
8.035: [GC (Allocation Failure)  75453K->669K(417280K), 0.0005947 secs]
8.036: Total time for which application threads were stopped: 0.0007120 seconds, Stopping threads took: 0.0000191 seconds
8.083: [GC (Allocation Failure)  74397K->669K(416256K), 0.0004074 secs]
8.083: Total time for which application threads were stopped: 0.0005340 seconds, Stopping threads took: 0.0000190 seconds
8.129: [GC (Allocation Failure)  73373K->669K(415232K), 0.0005779 secs]
8.130: Total time for which application threads were stopped: 0.0007051 seconds, Stopping threads took: 0.0000280 seconds
8.175: [GC (Allocation Failure)  72349K->701K(414208K), 0.0005691 secs]
8.176: Total time for which application threads were stopped: 0.0006828 seconds, Stopping threads took: 0.0000188 seconds
8.225: [GC (Allocation Failure)  71357K->733K(413184K), 0.0006090 secs]
8.226: Total time for which application threads were stopped: 0.0007367 seconds, Stopping threads took: 0.0000240 seconds
8.274: [GC (Allocation Failure)  70365K->637K(412160K), 0.0005245 secs]
8.274: Total time for which application threads were stopped: 0.0006475 seconds, Stopping threads took: 0.0000264 seconds
8.323: [GC (Allocation Failure)  69245K->701K(411136K), 0.0004436 secs]
8.324: Total time for which application threads were stopped: 0.0005675 seconds, Stopping threads took: 0.0000267 seconds
8.367: [GC (Allocation Failure)  68285K->669K(410112K), 0.0004766 secs]
8.367: Total time for which application threads were stopped: 0.0006035 seconds, Stopping threads took: 0.0000283 seconds
8.409: [GC (Allocation Failure)  67229K->605K(409088K), 0.0005599 secs]
8.410: Total time for which application threads were stopped: 0.0006789 seconds, Stopping threads took: 0.0000193 seconds
8.452: [GC (Allocation Failure)  66141K->669K(422400K), 0.0005599 secs]
8.452: Total time for which application threads were stopped: 0.0006852 seconds, Stopping threads took: 0.0000194 seconds
8.503: [GC (Allocation Failure)  79517K->637K(421376K), 0.0004866 secs]
8.503: Total time for which application threads were stopped: 0.0006204 seconds, Stopping threads took: 0.0000279 seconds
8.560: [GC (Allocation Failure)  78461K->669K(420352K), 0.0006547 secs]
8.560: Total time for which application threads were stopped: 0.0007912 seconds, Stopping threads took: 0.0000200 seconds
8.609: [GC (Allocation Failure)  77469K->605K(419328K), 0.0004533 secs]
8.610: Total time for which application threads were stopped: 0.0005815 seconds, Stopping threads took: 0.0000218 seconds
8.663: [GC (Allocation Failure)  76381K->637K(418304K), 0.0004598 secs]
8.664: Total time for which application threads were stopped: 0.0005877 seconds, Stopping threads took: 0.0000206 seconds
8.711: [GC (Allocation Failure)  75389K->605K(417280K), 0.0006308 secs]
8.712: Total time for which application threads were stopped: 0.0007462 seconds, Stopping threads took: 0.0000190 seconds
8.759: [GC (Allocation Failure)  74333K->669K(416256K), 0.0006080 secs]
8.760: Total time for which application threads were stopped: 0.0007469 seconds, Stopping threads took: 0.0000208 seconds
8.807: [GC (Allocation Failure)  73373K->637K(415232K), 0.0004698 secs]
8.807: Total time for which application threads were stopped: 0.0005907 seconds, Stopping threads took: 0.0000209 seconds
8.855: [GC (Allocation Failure)  72317K->701K(414208K), 0.0005627 secs]
8.856: Total time for which application threads were stopped: 0.0006780 seconds, Stopping threads took: 0.0000195 seconds
8.901: [GC (Allocation Failure)  71357K->637K(413184K), 0.0005418 secs]
8.901: Total time for which application threads were stopped: 0.0006728 seconds, Stopping threads took: 0.0000192 seconds
8.946: [GC (Allocation Failure)  70269K->669K(427520K), 0.0006472 secs]
8.946: Total time for which application threads were stopped: 0.0007927 seconds, Stopping threads took: 0.0000218 seconds
9.004: [GC (Allocation Failure)  84637K->701K(425984K), 0.0005422 secs]
9.004: Total time for which application threads were stopped: 0.0006756 seconds, Stopping threads took: 0.0000260 seconds
9.057: [GC (Allocation Failure)  83133K->573K(424448K), 0.0004569 secs]
9.057: Total time for which application threads were stopped: 0.0005860 seconds, Stopping threads took: 0.0000193 seconds
9.111: [GC (Allocation Failure)  81469K->605K(422912K), 0.0004628 secs]
9.112: Total time for which application threads were stopped: 0.0005857 seconds, Stopping threads took: 0.0000270 seconds
9.162: [GC (Allocation Failure)  79965K->637K(421888K), 0.0004749 secs]
9.162: Total time for which application threads were stopped: 0.0005900 seconds, Stopping threads took: 0.0000192 seconds
9.212: [GC (Allocation Failure)  78973K->637K(420864K), 0.0004566 secs]
9.213: Total time for which application threads were stopped: 0.0005786 seconds, Stopping threads took: 0.0000266 seconds
9.262: [GC (Allocation Failure)  77949K->605K(419840K), 0.0004834 secs]
9.262: Total time for which application threads were stopped: 0.0006088 seconds, Stopping threads took: 0.0000277 seconds
9.311: [GC (Allocation Failure)  76893K->637K(418816K), 0.0004861 secs]
9.311: Total time for which application threads were stopped: 0.0006087 seconds, Stopping threads took: 0.0000271 seconds
9.365: [GC (Allocation Failure)  75901K->669K(417792K), 0.0004734 secs]
9.365: Total time for which application threads were stopped: 0.0005990 seconds, Stopping threads took: 0.0000271 seconds
9.412: [GC (Allocation Failure)  74909K->733K(416768K), 0.0004941 secs]
9.413: Total time for which application threads were stopped: 0.0006150 seconds, Stopping threads took: 0.0000192 seconds
9.459: [GC (Allocation Failure)  73949K->701K(415744K), 0.0005286 secs]
9.460: Total time for which application threads were stopped: 0.0006622 seconds, Stopping threads took: 0.0000189 seconds
9.510: [GC (Allocation Failure)  72893K->669K(414720K), 0.0005466 secs]
9.511: Total time for which application threads were stopped: 0.0006795 seconds, Stopping threads took: 0.0000297 seconds
9.556: [GC (Allocation Failure)  71837K->637K(413696K), 0.0005175 secs]
9.557: Total time for which application threads were stopped: 0.0006692 seconds, Stopping threads took: 0.0000346 seconds
9.601: [GC (Allocation Failure)  70781K->669K(412672K), 0.0005780 secs]
9.602: Total time for which application threads were stopped: 0.0007029 seconds, Stopping threads took: 0.0000222 seconds
9.651: [GC (Allocation Failure)  69789K->605K(411648K), 0.0004688 secs]
9.652: Total time for which application threads were stopped: 0.0005955 seconds, Stopping threads took: 0.0000271 seconds
9.699: [GC (Allocation Failure)  68701K->669K(410624K), 0.0006849 secs]
9.700: Total time for which application threads were stopped: 0.0008125 seconds, Stopping threads took: 0.0000276 seconds
9.749: [GC (Allocation Failure)  67741K->573K(409600K), 0.0004635 secs]
9.750: Total time for which application threads were stopped: 0.0005793 seconds, Stopping threads took: 0.0000193 seconds
9.795: [GC (Allocation Failure)  66621K->605K(408576K), 0.0005175 secs]
9.796: Total time for which application threads were stopped: 0.0006388 seconds, Stopping threads took: 0.0000277 seconds
9.840: [GC (Allocation Failure)  65629K->669K(407552K), 0.0005114 secs]
9.841: Total time for which application threads were stopped: 0.0006347 seconds, Stopping threads took: 0.0000271 seconds
9.881: [GC (Allocation Failure)  64669K->669K(406528K), 0.0004598 secs]
9.882: Total time for which application threads were stopped: 0.0005846 seconds, Stopping threads took: 0.0000267 seconds
9.927: [GC (Allocation Failure)  63645K->637K(405504K), 0.0004822 secs]
9.927: Total time for which application threads were stopped: 0.0006060 seconds, Stopping threads took: 0.0000272 seconds
9.971: [GC (Allocation Failure)  62589K->669K(404992K), 0.0004223 secs]
9.972: Total time for which application threads were stopped: 0.0005472 seconds, Stopping threads took: 0.0000192 seconds
10.011: [GC (Allocation Failure)  62109K->605K(404480K), 0.0004492 secs]
10.011: Total time for which application threads were stopped: 0.0005688 seconds, Stopping threads took: 0.0000193 seconds
10.055: [GC (Allocation Failure)  61533K->637K(403968K), 0.0004792 secs]
10.055: Total time for which application threads were stopped: 0.0005956 seconds, Stopping threads took: 0.0000193 seconds
10.099: [GC (Allocation Failure)  61053K->701K(416256K), 0.0006235 secs]
10.100: Total time for which application threads were stopped: 0.0007434 seconds, Stopping threads took: 0.0000197 seconds
10.151: [GC (Allocation Failure)  73405K->637K(415232K), 0.0005872 secs]
10.151: Total time for which application threads were stopped: 0.0007138 seconds, Stopping threads took: 0.0000268 seconds
10.201: [GC (Allocation Failure)  72317K->701K(414208K), 0.0004830 secs]
10.202: Total time for which application threads were stopped: 0.0006078 seconds, Stopping threads took: 0.0000194 seconds
10.252: [GC (Allocation Failure)  71357K->669K(413184K), 0.0006496 secs]
10.253: Total time for which application threads were stopped: 0.0007923 seconds, Stopping threads took: 0.0000267 seconds
10.299: [GC (Allocation Failure)  70301K->669K(412160K), 0.0004838 secs]
10.300: Total time for which application threads were stopped: 0.0006080 seconds, Stopping threads took: 0.0000205 seconds
10.343: [GC (Allocation Failure)  69277K->701K(425984K), 0.0006389 secs]
10.344: Total time for which application threads were stopped: 0.0007547 seconds, Stopping threads took: 0.0000188 seconds
10.403: [GC (Allocation Failure)  83133K->637K(424448K), 0.0005081 secs]
10.403: Total time for which application threads were stopped: 0.0006169 seconds, Stopping threads took: 0.0000166 seconds
10.454: [GC (Allocation Failure)  81533K->637K(422912K), 0.0005453 secs]
10.455: Total time for which application threads were stopped: 0.0006865 seconds, Stopping threads took: 0.0000276 seconds
10.509: [GC (Allocation Failure)  79997K->701K(421888K), 0.0005640 secs]
10.510: Total time for which application threads were stopped: 0.0006972 seconds, Stopping threads took: 0.0000274 seconds
10.561: [GC (Allocation Failure)  79037K->637K(420864K), 0.0005254 secs]
10.561: Total time for which application threads were stopped: 0.0006602 seconds, Stopping threads took: 0.0000268 seconds
10.610: [GC (Allocation Failure)  77949K->637K(419840K), 0.0004208 secs]
10.610: Total time for which application threads were stopped: 0.0005479 seconds, Stopping threads took: 0.0000169 seconds
10.658: [GC (Allocation Failure)  76925K->637K(418816K), 0.0003981 secs]
10.659: Total time for which application threads were stopped: 0.0005068 seconds, Stopping threads took: 0.0000167 seconds
10.707: [GC (Allocation Failure)  75901K->605K(417792K), 0.0005415 secs]
10.707: Total time for which application threads were stopped: 0.0006589 seconds, Stopping threads took: 0.0000195 seconds
10.761: [GC (Allocation Failure)  74845K->701K(416768K), 0.0004869 secs]
10.761: Total time for which application threads were stopped: 0.0006093 seconds, Stopping threads took: 0.0000206 seconds
10.814: [GC (Allocation Failure)  73917K->605K(415744K), 0.0004353 secs]
10.815: Total time for which application threads were stopped: 0.0005686 seconds, Stopping threads took: 0.0000253 seconds
10.863: [GC (Allocation Failure)  72797K->573K(414720K), 0.0006838 secs]
10.864: Total time for which application threads were stopped: 0.0007932 seconds, Stopping threads took: 0.0000195 seconds
10.909: [GC (Allocation Failure)  71741K->637K(413696K), 0.0004962 secs]
10.910: Total time for which application threads were stopped: 0.0006291 seconds, Stopping threads took: 0.0000210 seconds
10.960: [GC (Allocation Failure)  70781K->701K(412672K), 0.0006473 secs]
10.961: Total time for which application threads were stopped: 0.0008335 seconds, Stopping threads took: 0.0000441 seconds
11.009: [GC (Allocation Failure)  69821K->669K(411648K), 0.0005566 secs]
11.009: Total time for which application threads were stopped: 0.0007175 seconds, Stopping threads took: 0.0000305 seconds
11.056: [GC (Allocation Failure)  68765K->637K(410624K), 0.0005279 secs]
11.057: Total time for which application threads were stopped: 0.0007277 seconds, Stopping threads took: 0.0000295 seconds
11.099: [GC (Allocation Failure)  67709K->669K(409600K), 0.0004655 secs]
11.099: Total time for which application threads were stopped: 0.0005943 seconds, Stopping threads took: 0.0000277 seconds
11.141: [GC (Allocation Failure)  66717K->605K(422912K), 0.0006971 secs]
11.142: Total time for which application threads were stopped: 0.0008311 seconds, Stopping threads took: 0.0000195 seconds
11.192: [GC (Allocation Failure)  79965K->701K(438784K), 0.0005955 secs]
11.192: Total time for which application threads were stopped: 0.0007204 seconds, Stopping threads took: 0.0000185 seconds
11.259: [GC (Allocation Failure)  95933K->669K(437248K), 0.0005937 secs]
11.260: Total time for which application threads were stopped: 0.0007116 seconds, Stopping threads took: 0.0000194 seconds
11.319: [GC (Allocation Failure)  94365K->701K(435712K), 0.0005230 secs]
11.319: Total time for which application threads were stopped: 0.0006611 seconds, Stopping threads took: 0.0000192 seconds
11.377: [GC (Allocation Failure)  92861K->637K(434176K), 0.0004867 secs]
11.378: Total time for which application threads were stopped: 0.0006076 seconds, Stopping threads took: 0.0000193 seconds
11.435: [GC (Allocation Failure)  91261K->637K(432640K), 0.0004768 secs]
11.435: Total time for which application threads were stopped: 0.0006074 seconds, Stopping threads took: 0.0000296 seconds
11.498: [GC (Allocation Failure)  89725K->701K(431104K), 0.0004132 secs]
11.498: Total time for which application threads were stopped: 0.0005544 seconds, Stopping threads took: 0.0000267 seconds
11.559: [GC (Allocation Failure)  88253K->669K(429568K), 0.0004797 secs]
11.559: Total time for which application threads were stopped: 0.0005940 seconds, Stopping threads took: 0.0000191 seconds
11.613: [GC (Allocation Failure)  86685K->733K(428032K), 0.0005181 secs]
11.614: Total time for which application threads were stopped: 0.0006446 seconds, Stopping threads took: 0.0000273 seconds
11.667: [GC (Allocation Failure)  85213K->605K(426496K), 0.0005529 secs]
11.667: Total time for which application threads were stopped: 0.0006867 seconds, Stopping threads took: 0.0000190 seconds
11.719: [GC (Allocation Failure)  83549K->669K(424960K), 0.0005746 secs]
11.720: Total time for which application threads were stopped: 0.0007118 seconds, Stopping threads took: 0.0000207 seconds
11.776: [GC (Allocation Failure)  82077K->669K(423424K), 0.0004865 secs]
11.776: Total time for which application threads were stopped: 0.0006131 seconds, Stopping threads took: 0.0000212 seconds
11.827: [GC (Allocation Failure)  80541K->669K(422400K), 0.0004670 secs]
11.828: Total time for which application threads were stopped: 0.0005802 seconds, Stopping threads took: 0.0000188 seconds
11.877: [GC (Allocation Failure)  79517K->637K(421376K), 0.0005455 secs]
11.878: Total time for which application threads were stopped: 0.0006961 seconds, Stopping threads took: 0.0000291 seconds
11.930: [GC (Allocation Failure)  78461K->637K(420352K), 0.0004985 secs]
11.931: Total time for which application threads were stopped: 0.0006530 seconds, Stopping threads took: 0.0000306 seconds
11.979: [GC (Allocation Failure)  77437K->701K(419328K), 0.0005714 secs]
11.980: Total time for which application threads were stopped: 0.0006970 seconds, Stopping threads took: 0.0000189 seconds
12.028: [GC (Allocation Failure)  76477K->669K(418304K), 0.0005304 secs]
12.028: Total time for which application threads were stopped: 0.0006611 seconds, Stopping threads took: 0.0000210 seconds
12.076: [GC (Allocation Failure)  75421K->637K(417280K), 0.0005721 secs]
12.076: Total time for which application threads were stopped: 0.0007226 seconds, Stopping threads took: 0.0000217 seconds
12.128: [GC (Allocation Failure)  74365K->669K(416256K), 0.0005890 secs]
12.129: Total time for which application threads were stopped: 0.0007215 seconds, Stopping threads took: 0.0000186 seconds
12.178: [GC (Allocation Failure)  73373K->669K(415232K), 0.0005587 secs]
12.179: Total time for which application threads were stopped: 0.0006917 seconds, Stopping threads took: 0.0000208 seconds
12.224: [GC (Allocation Failure)  72349K->605K(414208K), 0.0005123 secs]
12.224: Total time for which application threads were stopped: 0.0006393 seconds, Stopping threads took: 0.0000221 seconds
12.276: [GC (Allocation Failure)  71261K->637K(428544K), 0.0006888 secs]
12.276: Total time for which application threads were stopped: 0.0008165 seconds, Stopping threads took: 0.0000280 seconds
12.335: [GC (Allocation Failure)  85629K->669K(427008K), 0.0005694 secs]
12.335: Total time for which application threads were stopped: 0.0006885 seconds, Stopping threads took: 0.0000199 seconds
12.388: [GC (Allocation Failure)  84125K->637K(425472K), 0.0005309 secs]
12.388: Total time for which application threads were stopped: 0.0006549 seconds, Stopping threads took: 0.0000271 seconds
12.440: [GC (Allocation Failure)  82557K->637K(423936K), 0.0004986 secs]
12.440: Total time for which application threads were stopped: 0.0006306 seconds, Stopping threads took: 0.0000200 seconds
12.498: [GC (Allocation Failure)  81021K->669K(422400K), 0.0005481 secs]
12.498: Total time for which application threads were stopped: 0.0006747 seconds, Stopping threads took: 0.0000269 seconds
12.553: [GC (Allocation Failure)  79517K->669K(421376K), 0.0004889 secs]
12.553: Total time for which application threads were stopped: 0.0006178 seconds, Stopping threads took: 0.0000211 seconds
12.603: [GC (Allocation Failure)  78493K->669K(420352K), 0.0004987 secs]
12.603: Total time for which application threads were stopped: 0.0006318 seconds, Stopping threads took: 0.0000210 seconds
12.652: [GC (Allocation Failure)  77469K->637K(419328K), 0.0004635 secs]
12.652: Total time for which application threads were stopped: 0.0005817 seconds, Stopping threads took: 0.0000162 seconds
12.701: [GC (Allocation Failure)  76413K->637K(418304K), 0.0005390 secs]
12.701: Total time for which application threads were stopped: 0.0006695 seconds, Stopping threads took: 0.0000195 seconds
12.749: [GC (Allocation Failure)  75389K->701K(417280K), 0.0005631 secs]
12.749: Total time for which application threads were stopped: 0.0007080 seconds, Stopping threads took: 0.0000279 seconds
12.802: [GC (Allocation Failure)  74429K->669K(416256K), 0.0005473 secs]
12.803: Total time for which application threads were stopped: 0.0006711 seconds, Stopping threads took: 0.0000261 seconds
12.852: [GC (Allocation Failure)  73373K->637K(415232K), 0.0004462 secs]
12.852: Total time for which application threads were stopped: 0.0005538 seconds, Stopping threads took: 0.0000196 seconds
12.897: [GC (Allocation Failure)  72317K->637K(414208K), 0.0003756 secs]
12.898: Total time for which application threads were stopped: 0.0004722 seconds, Stopping threads took: 0.0000165 seconds
12.942: [GC (Allocation Failure)  71293K->637K(413184K), 0.0004843 secs]
12.943: Total time for which application threads were stopped: 0.0006046 seconds, Stopping threads took: 0.0000195 seconds
12.993: [GC (Allocation Failure)  70269K->637K(412160K), 0.0004612 secs]
12.993: Total time for which application threads were stopped: 0.0005846 seconds, Stopping threads took: 0.0000266 seconds
13.036: [GC (Allocation Failure)  69245K->637K(411136K), 0.0005742 secs]
13.037: Total time for which application threads were stopped: 0.0007175 seconds, Stopping threads took: 0.0000255 seconds
13.086: [GC (Allocation Failure)  68221K->669K(410112K), 0.0004467 secs]
13.086: Total time for which application threads were stopped: 0.0005724 seconds, Stopping threads took: 0.0000208 seconds
13.128: [GC (Allocation Failure)  67229K->733K(409088K), 0.0004957 secs]
13.129: Total time for which application threads were stopped: 0.0006239 seconds, Stopping threads took: 0.0000199 seconds
13.170: [GC (Allocation Failure)  66269K->669K(408064K), 0.0005590 secs]
13.171: Total time for which application threads were stopped: 0.0006970 seconds, Stopping threads took: 0.0000222 seconds
13.211: [GC (Allocation Failure)  65181K->669K(421376K), 0.0006044 secs]
13.212: Total time for which application threads were stopped: 0.0007517 seconds, Stopping threads took: 0.0000296 seconds
13.261: [GC (Allocation Failure)  78493K->669K(420352K), 0.0004488 secs]
13.262: Total time for which application threads were stopped: 0.0005917 seconds, Stopping threads took: 0.0000232 seconds
13.310: [GC (Allocation Failure)  77469K->701K(435712K), 0.0006423 secs]
13.311: Total time for which application threads were stopped: 0.0008023 seconds, Stopping threads took: 0.0000283 seconds
13.369: [GC (Allocation Failure)  92861K->701K(434176K), 0.0005454 secs]
13.369: Total time for which application threads were stopped: 0.0006764 seconds, Stopping threads took: 0.0000204 seconds
13.426: [GC (Allocation Failure)  91325K->637K(432640K), 0.0005894 secs]
13.427: Total time for which application threads were stopped: 0.0007217 seconds, Stopping threads took: 0.0000192 seconds
13.483: [GC (Allocation Failure)  89725K->637K(431104K), 0.0004198 secs]
13.484: Total time for which application threads were stopped: 0.0005452 seconds, Stopping threads took: 0.0000280 seconds
13.545: [GC (Allocation Failure)  88189K->637K(429568K), 0.0005193 secs]
13.546: Total time for which application threads were stopped: 0.0006247 seconds, Stopping threads took: 0.0000166 seconds
13.603: [GC (Allocation Failure)  86653K->637K(428032K), 0.0005436 secs]
13.603: Total time for which application threads were stopped: 0.0006496 seconds, Stopping threads took: 0.0000163 seconds
13.661: [GC (Allocation Failure)  85117K->637K(426496K), 0.0004611 secs]
13.661: Total time for which application threads were stopped: 0.0005690 seconds, Stopping threads took: 0.0000167 seconds
13.714: [GC (Allocation Failure)  83581K->701K(424960K), 0.0004778 secs]
13.714: Total time for which application threads were stopped: 0.0006007 seconds, Stopping threads took: 0.0000270 seconds
13.765: [GC (Allocation Failure)  82109K->701K(423424K), 0.0005864 secs]
13.766: Total time for which application threads were stopped: 0.0007135 seconds, Stopping threads took: 0.0000277 seconds
13.818: [GC (Allocation Failure)  80573K->605K(422400K), 0.0006121 secs]
13.819: Total time for which application threads were stopped: 0.0007232 seconds, Stopping threads took: 0.0000220 seconds
13.868: [GC (Allocation Failure)  79453K->637K(421376K), 0.0005654 secs]
13.869: Total time for which application threads were stopped: 0.0006648 seconds, Stopping threads took: 0.0000172 seconds
13.918: [GC (Allocation Failure)  78461K->605K(420352K), 0.0006406 secs]
13.918: Total time for which application threads were stopped: 0.0007673 seconds, Stopping threads took: 0.0000274 seconds
13.967: [GC (Allocation Failure)  77405K->637K(435712K), 0.0006585 secs]
13.968: Total time for which application threads were stopped: 0.0008124 seconds, Stopping threads took: 0.0000304 seconds
14.026: [GC (Allocation Failure)  92797K->605K(434176K), 0.0004461 secs]
14.026: Total time for which application threads were stopped: 0.0005778 seconds, Stopping threads took: 0.0000275 seconds
14.083: [GC (Allocation Failure)  91229K->637K(432640K), 0.0005638 secs]
14.084: Total time for which application threads were stopped: 0.0007186 seconds, Stopping threads took: 0.0000295 seconds
14.146: [GC (Allocation Failure)  89725K->669K(431104K), 0.0005934 secs]
14.147: Total time for which application threads were stopped: 0.0007181 seconds, Stopping threads took: 0.0000216 seconds
14.206: [GC (Allocation Failure)  88221K->701K(429568K), 0.0004711 secs]
14.207: Total time for which application threads were stopped: 0.0005865 seconds, Stopping threads took: 0.0000181 seconds
14.265: [GC (Allocation Failure)  86717K->637K(428032K), 0.0004831 secs]
14.265: Total time for which application threads were stopped: 0.0006266 seconds, Stopping threads took: 0.0000223 seconds
14.319: [GC (Allocation Failure)  85117K->637K(426496K), 0.0006041 secs]
14.319: Total time for which application threads were stopped: 0.0007451 seconds, Stopping threads took: 0.0000202 seconds
14.372: [GC (Allocation Failure)  83581K->669K(424960K), 0.0005856 secs]
14.373: Total time for which application threads were stopped: 0.0007300 seconds, Stopping threads took: 0.0000208 seconds
14.427: [GC (Allocation Failure)  82077K->669K(423424K), 0.0005109 secs]
14.428: Total time for which application threads were stopped: 0.0006822 seconds, Stopping threads took: 0.0000295 seconds
14.483: [GC (Allocation Failure)  80541K->637K(422400K), 0.0005673 secs]
14.484: Total time for which application threads were stopped: 0.0007051 seconds, Stopping threads took: 0.0000202 seconds
14.539: [GC (Allocation Failure)  79485K->669K(421376K), 0.0004941 secs]
14.540: Total time for which application threads were stopped: 0.0006285 seconds, Stopping threads took: 0.0000214 seconds
14.589: [GC (Allocation Failure)  78493K->669K(420352K), 0.0004359 secs]
14.590: Total time for which application threads were stopped: 0.0005671 seconds, Stopping threads took: 0.0000196 seconds
14.638: [GC (Allocation Failure)  77469K->701K(419328K), 0.0005442 secs]
14.639: Total time for which application threads were stopped: 0.0006836 seconds, Stopping threads took: 0.0000207 seconds
14.687: [GC (Allocation Failure)  76477K->605K(418304K), 0.0004876 secs]
14.688: Total time for which application threads were stopped: 0.0006084 seconds, Stopping threads took: 0.0000193 seconds
14.735: [GC (Allocation Failure)  75357K->605K(417280K), 0.0006004 secs]
14.736: Total time for which application threads were stopped: 0.0007417 seconds, Stopping threads took: 0.0000291 seconds
14.782: [GC (Allocation Failure)  74333K->669K(416256K), 0.0005797 secs]
14.783: Total time for which application threads were stopped: 0.0007091 seconds, Stopping threads took: 0.0000203 seconds
14.830: [GC (Allocation Failure)  73373K->637K(415232K), 0.0005069 secs]
14.831: Total time for which application threads were stopped: 0.0006735 seconds, Stopping threads took: 0.0000226 seconds
14.876: [GC (Allocation Failure)  72317K->701K(414208K), 0.0005463 secs]
14.877: Total time for which application threads were stopped: 0.0006724 seconds, Stopping threads took: 0.0000202 seconds
14.927: [GC (Allocation Failure)  71357K->669K(413184K), 0.0006052 secs]
14.927: Total time for which application threads were stopped: 0.0007376 seconds, Stopping threads took: 0.0000215 seconds
14.971: [GC (Allocation Failure)  70301K->605K(412160K), 0.0004590 secs]
14.972: Total time for which application threads were stopped: 0.0005926 seconds, Stopping threads took: 0.0000300 seconds
15.018: [GC (Allocation Failure)  69213K->733K(411136K), 0.0004788 secs]
15.019: Total time for which application threads were stopped: 0.0005781 seconds, Stopping threads took: 0.0000175 seconds
15.067: [GC (Allocation Failure)  68317K->637K(410112K), 0.0004378 secs]
15.068: Total time for which application threads were stopped: 0.0005368 seconds, Stopping threads took: 0.0000172 seconds
15.116: [GC (Allocation Failure)  67197K->637K(409088K), 0.0004692 secs]
15.116: Total time for which application threads were stopped: 0.0006087 seconds, Stopping threads took: 0.0000199 seconds
15.158: [GC (Allocation Failure)  66173K->637K(408064K), 0.0005268 secs]
15.159: Total time for which application threads were stopped: 0.0006738 seconds, Stopping threads took: 0.0000218 seconds
15.204: [GC (Allocation Failure)  65149K->669K(407040K), 0.0004634 secs]
15.205: Total time for which application threads were stopped: 0.0005967 seconds, Stopping threads took: 0.0000293 seconds
15.245: [GC (Allocation Failure)  64157K->637K(406016K), 0.0005370 secs]
15.245: Total time for which application threads were stopped: 0.0006626 seconds, Stopping threads took: 0.0000271 seconds
15.291: [GC (Allocation Failure)  63101K->605K(418816K), 0.0006053 secs]
15.292: Total time for which application threads were stopped: 0.0007475 seconds, Stopping threads took: 0.0000271 seconds
15.344: [GC (Allocation Failure)  75869K->637K(417792K), 0.0005295 secs]
15.345: Total time for which application threads were stopped: 0.0006717 seconds, Stopping threads took: 0.0000224 seconds
15.398: [GC (Allocation Failure)  74877K->637K(416768K), 0.0004902 secs]
15.399: Total time for which application threads were stopped: 0.0006394 seconds, Stopping threads took: 0.0000228 seconds
15.449: [GC (Allocation Failure)  73853K->637K(415744K), 0.0004645 secs]
15.449: Total time for which application threads were stopped: 0.0005937 seconds, Stopping threads took: 0.0000215 seconds
15.500: [GC (Allocation Failure)  72829K->637K(414720K), 0.0004259 secs]
15.500: Total time for which application threads were stopped: 0.0005536 seconds, Stopping threads took: 0.0000281 seconds
15.545: [GC (Allocation Failure)  71805K->637K(413696K), 0.0004631 secs]
15.546: Total time for which application threads were stopped: 0.0005776 seconds, Stopping threads took: 0.0000188 seconds
15.590: [GC (Allocation Failure)  70781K->605K(412672K), 0.0004727 secs]
15.590: Total time for which application threads were stopped: 0.0005869 seconds, Stopping threads took: 0.0000192 seconds
15.634: [GC (Allocation Failure)  69725K->669K(411648K), 0.0004547 secs]
15.634: Total time for which application threads were stopped: 0.0005823 seconds, Stopping threads took: 0.0000270 seconds
15.677: [GC (Allocation Failure)  68765K->605K(410624K), 0.0005491 secs]
15.678: Total time for which application threads were stopped: 0.0006768 seconds, Stopping threads took: 0.0000195 seconds
15.720: [GC (Allocation Failure)  67677K->701K(409600K), 0.0005613 secs]
15.721: Total time for which application threads were stopped: 0.0006960 seconds, Stopping threads took: 0.0000217 seconds
15.762: [GC (Allocation Failure)  66749K->669K(408576K), 0.0005119 secs]
15.763: Total time for which application threads were stopped: 0.0006534 seconds, Stopping threads took: 0.0000296 seconds
15.804: [GC (Allocation Failure)  65693K->669K(421888K), 0.0005125 secs]
15.804: Total time for which application threads were stopped: 0.0006542 seconds, Stopping threads took: 0.0000262 seconds
15.854: [GC (Allocation Failure)  79005K->669K(437760K), 0.0006614 secs]
15.855: Total time for which application threads were stopped: 0.0007768 seconds, Stopping threads took: 0.0000189 seconds
15.914: [GC (Allocation Failure)  94877K->669K(436224K), 0.0004709 secs]
15.914: Total time for which application threads were stopped: 0.0005879 seconds, Stopping threads took: 0.0000194 seconds
15.972: [GC (Allocation Failure)  93341K->669K(434688K), 0.0004283 secs]
15.973: Total time for which application threads were stopped: 0.0005558 seconds, Stopping threads took: 0.0000273 seconds
16.031: [GC (Allocation Failure)  91805K->637K(433152K), 0.0006026 secs]
16.031: Total time for which application threads were stopped: 0.0007200 seconds, Stopping threads took: 0.0000196 seconds
16.091: [GC (Allocation Failure)  90237K->701K(431616K), 0.0005607 secs]
16.092: Total time for which application threads were stopped: 0.0006738 seconds, Stopping threads took: 0.0000251 seconds
16.152: [GC (Allocation Failure)  88765K->605K(430080K), 0.0005904 secs]
16.152: Total time for which application threads were stopped: 0.0006991 seconds, Stopping threads took: 0.0000166 seconds
16.210: [GC (Allocation Failure)  87133K->669K(428544K), 0.0004725 secs]
16.211: Total time for which application threads were stopped: 0.0005931 seconds, Stopping threads took: 0.0000204 seconds
16.264: [GC (Allocation Failure)  85661K->669K(427008K), 0.0005464 secs]
16.265: Total time for which application threads were stopped: 0.0006863 seconds, Stopping threads took: 0.0000291 seconds
16.317: [GC (Allocation Failure)  84125K->669K(425472K), 0.0004574 secs]
16.318: Total time for which application threads were stopped: 0.0006029 seconds, Stopping threads took: 0.0000213 seconds
16.369: [GC (Allocation Failure)  82589K->637K(423936K), 0.0004670 secs]
16.370: Total time for which application threads were stopped: 0.0005897 seconds, Stopping threads took: 0.0000211 seconds
16.424: [GC (Allocation Failure)  81021K->605K(422400K), 0.0005287 secs]
16.425: Total time for which application threads were stopped: 0.0006442 seconds, Stopping threads took: 0.0000194 seconds
16.480: [GC (Allocation Failure)  79453K->637K(421376K), 0.0003806 secs]
16.481: Total time for which application threads were stopped: 0.0004920 seconds, Stopping threads took: 0.0000165 seconds
16.530: [GC (Allocation Failure)  78461K->637K(420352K), 0.0004285 secs]
16.530: Total time for which application threads were stopped: 0.0005399 seconds, Stopping threads took: 0.0000256 seconds
16.579: [GC (Allocation Failure)  77437K->669K(419328K), 0.0004671 secs]
16.579: Total time for which application threads were stopped: 0.0005793 seconds, Stopping threads took: 0.0000190 seconds
16.627: [GC (Allocation Failure)  76445K->733K(418304K), 0.0004926 secs]
16.627: Total time for which application threads were stopped: 0.0006340 seconds, Stopping threads took: 0.0000201 seconds
16.675: [GC (Allocation Failure)  75485K->669K(417280K), 0.0005620 secs]
16.675: Total time for which application threads were stopped: 0.0007405 seconds, Stopping threads took: 0.0000221 seconds
16.722: [GC (Allocation Failure)  74397K->669K(416256K), 0.0005327 secs]
16.722: Total time for which application threads were stopped: 0.0006509 seconds, Stopping threads took: 0.0000187 seconds
16.768: [GC (Allocation Failure)  73373K->605K(415232K), 0.0004431 secs]
16.769: Total time for which application threads were stopped: 0.0005582 seconds, Stopping threads took: 0.0000190 seconds
16.821: [GC (Allocation Failure)  72285K->637K(414208K), 0.0005037 secs]
16.821: Total time for which application threads were stopped: 0.0006273 seconds, Stopping threads took: 0.0000247 seconds
16.872: [GC (Allocation Failure)  71293K->637K(413184K), 0.0005020 secs]
16.872: Total time for which application threads were stopped: 0.0006354 seconds, Stopping threads took: 0.0000191 seconds
16.916: [GC (Allocation Failure)  70269K->637K(412160K), 0.0005892 secs]
16.917: Total time for which application threads were stopped: 0.0007558 seconds, Stopping threads took: 0.0000292 seconds
16.965: [GC (Allocation Failure)  69245K->733K(411136K), 0.0005461 secs]
16.965: Total time for which application threads were stopped: 0.0006805 seconds, Stopping threads took: 0.0000304 seconds
17.008: [GC (Allocation Failure)  68317K->669K(410112K), 0.0004352 secs]
17.008: Total time for which application threads were stopped: 0.0005746 seconds, Stopping threads took: 0.0000257 seconds
17.050: [GC (Allocation Failure)  67229K->669K(409088K), 0.0004838 secs]
17.051: Total time for which application threads were stopped: 0.0006115 seconds, Stopping threads took: 0.0000263 seconds
17.093: [GC (Allocation Failure)  66205K->669K(408064K), 0.0005376 secs]
17.093: Total time for which application threads were stopped: 0.0006756 seconds, Stopping threads took: 0.0000215 seconds
17.134: [GC (Allocation Failure)  65181K->637K(407040K), 0.0005303 secs]
17.134: Total time for which application threads were stopped: 0.0006753 seconds, Stopping threads took: 0.0000215 seconds
17.177: [GC (Allocation Failure)  64125K->669K(406016K), 0.0005066 secs]
17.178: Total time for which application threads were stopped: 0.0006600 seconds, Stopping threads took: 0.0000307 seconds
17.217: [GC (Allocation Failure)  63133K->669K(418816K), 0.0005353 secs]
17.218: Total time for which application threads were stopped: 0.0006799 seconds, Stopping threads took: 0.0000229 seconds
17.271: [GC (Allocation Failure)  75933K->637K(417792K), 0.0005115 secs]
17.272: Total time for which application threads were stopped: 0.0006706 seconds, Stopping threads took: 0.0000226 seconds
17.319: [GC (Allocation Failure)  74877K->669K(432640K), 0.0006285 secs]
17.320: Total time for which application threads were stopped: 0.0007739 seconds, Stopping threads took: 0.0000219 seconds
17.379: [GC (Allocation Failure)  89757K->637K(431104K), 0.0005264 secs]
17.379: Total time for which application threads were stopped: 0.0006804 seconds, Stopping threads took: 0.0000293 seconds
17.435: [GC (Allocation Failure)  88189K->637K(429568K), 0.0006047 secs]
17.435: Total time for which application threads were stopped: 0.0007468 seconds, Stopping threads took: 0.0000276 seconds
17.496: [GC (Allocation Failure)  86653K->637K(428032K), 0.0004643 secs]
17.497: Total time for which application threads were stopped: 0.0006006 seconds, Stopping threads took: 0.0000263 seconds
17.554: [GC (Allocation Failure)  85117K->637K(426496K), 0.0005783 secs]
17.555: Total time for which application threads were stopped: 0.0007023 seconds, Stopping threads took: 0.0000275 seconds
17.607: [GC (Allocation Failure)  83581K->669K(424960K), 0.0004772 secs]
17.607: Total time for which application threads were stopped: 0.0006074 seconds, Stopping threads took: 0.0000204 seconds
17.659: [GC (Allocation Failure)  82077K->669K(423424K), 0.0004738 secs]
17.660: Total time for which application threads were stopped: 0.0005974 seconds, Stopping threads took: 0.0000192 seconds
17.710: [GC (Allocation Failure)  80541K->701K(422400K), 0.0004994 secs]
17.711: Total time for which application threads were stopped: 0.0006467 seconds, Stopping threads took: 0.0000288 seconds
17.761: [GC (Allocation Failure)  79549K->637K(421376K), 0.0004652 secs]
17.761: Total time for which application threads were stopped: 0.0005927 seconds, Stopping threads took: 0.0000206 seconds
17.817: [GC (Allocation Failure)  78461K->637K(420352K), 0.0004811 secs]
17.818: Total time for which application threads were stopped: 0.0006292 seconds, Stopping threads took: 0.0000263 seconds
17.866: [GC (Allocation Failure)  77437K->669K(419328K), 0.0004760 secs]
17.867: Total time for which application threads were stopped: 0.0006033 seconds, Stopping threads took: 0.0000206 seconds
17.914: [GC (Allocation Failure)  76445K->669K(418304K), 0.0006345 secs]
17.915: Total time for which application threads were stopped: 0.0007642 seconds, Stopping threads took: 0.0000195 seconds
17.962: [GC (Allocation Failure)  75421K->637K(417280K), 0.0005087 secs]
17.963: Total time for which application threads were stopped: 0.0006539 seconds, Stopping threads took: 0.0000293 seconds
18.013: [GC (Allocation Failure)  74365K->637K(416256K), 0.0004193 secs]
18.014: Total time for which application threads were stopped: 0.0005377 seconds, Stopping threads took: 0.0000195 seconds
18.060: [GC (Allocation Failure)  73341K->669K(415232K), 0.0004789 secs]
18.060: Total time for which application threads were stopped: 0.0006097 seconds, Stopping threads took: 0.0000279 seconds
18.105: [GC (Allocation Failure)  72349K->669K(414208K), 0.0004853 secs]
18.106: Total time for which application threads were stopped: 0.0006096 seconds, Stopping threads took: 0.0000202 seconds
18.150: [GC (Allocation Failure)  71325K->669K(413184K), 0.0005248 secs]
18.151: Total time for which application threads were stopped: 0.0006632 seconds, Stopping threads took: 0.0000220 seconds
18.195: [GC (Allocation Failure)  70301K->637K(412160K), 0.0005285 secs]
18.195: Total time for which application threads were stopped: 0.0006877 seconds, Stopping threads took: 0.0000305 seconds
18.241: [GC (Allocation Failure)  69245K->669K(411136K), 0.0006156 secs]
18.242: Total time for which application threads were stopped: 0.0007419 seconds, Stopping threads took: 0.0000275 seconds
18.285: [GC (Allocation Failure)  68253K->637K(410112K), 0.0004688 secs]
18.285: Total time for which application threads were stopped: 0.0005886 seconds, Stopping threads took: 0.0000199 seconds
18.327: [GC (Allocation Failure)  67197K->701K(409088K), 0.0005145 secs]
18.328: Total time for which application threads were stopped: 0.0006448 seconds, Stopping threads took: 0.0000279 seconds
18.369: [GC (Allocation Failure)  66237K->637K(408064K), 0.0004874 secs]
18.370: Total time for which application threads were stopped: 0.0006135 seconds, Stopping threads took: 0.0000205 seconds
18.411: [GC (Allocation Failure)  65149K->669K(421376K), 0.0005575 secs]
18.411: Total time for which application threads were stopped: 0.0006839 seconds, Stopping threads took: 0.0000203 seconds
18.465: [GC (Allocation Failure)  78493K->637K(437248K), 0.0006225 secs]
18.466: Total time for which application threads were stopped: 0.0007603 seconds, Stopping threads took: 0.0000220 seconds
18.526: [GC (Allocation Failure)  94333K->637K(435712K), 0.0004667 secs]
18.527: Total time for which application threads were stopped: 0.0006011 seconds, Stopping threads took: 0.0000249 seconds
18.585: [GC (Allocation Failure)  92797K->669K(434176K), 0.0005707 secs]
18.585: Total time for which application threads were stopped: 0.0007083 seconds, Stopping threads took: 0.0000274 seconds
18.648: [GC (Allocation Failure)  91293K->669K(432640K), 0.0004827 secs]
18.648: Total time for which application threads were stopped: 0.0006237 seconds, Stopping threads took: 0.0000210 seconds
18.704: [GC (Allocation Failure)  89757K->701K(431104K), 0.0005187 secs]
18.705: Total time for which application threads were stopped: 0.0006408 seconds, Stopping threads took: 0.0000272 seconds
18.766: [GC (Allocation Failure)  88253K->605K(429568K), 0.0005591 secs]
18.766: Total time for which application threads were stopped: 0.0006782 seconds, Stopping threads took: 0.0000188 seconds
18.827: [GC (Allocation Failure)  86621K->637K(428032K), 0.0004778 secs]
18.827: Total time for which application threads were stopped: 0.0006054 seconds, Stopping threads took: 0.0000282 seconds
18.884: [GC (Allocation Failure)  85117K->701K(426496K), 0.0004552 secs]
18.884: Total time for which application threads were stopped: 0.0005878 seconds, Stopping threads took: 0.0000199 seconds
18.937: [GC (Allocation Failure)  83645K->637K(424960K), 0.0004893 secs]
18.937: Total time for which application threads were stopped: 0.0005964 seconds, Stopping threads took: 0.0000166 seconds
18.992: [GC (Allocation Failure)  82045K->637K(423424K), 0.0004254 secs]
18.992: Total time for which application threads were stopped: 0.0005375 seconds, Stopping threads took: 0.0000252 seconds
19.046: [GC (Allocation Failure)  80509K->637K(422400K), 0.0004953 secs]
19.047: Total time for which application threads were stopped: 0.0006199 seconds, Stopping threads took: 0.0000161 seconds
19.101: [GC (Allocation Failure)  79485K->637K(421376K), 0.0004803 secs]
19.102: Total time for which application threads were stopped: 0.0006186 seconds, Stopping threads took: 0.0000198 seconds
19.151: [GC (Allocation Failure)  78461K->637K(420352K), 0.0005587 secs]
19.151: Total time for which application threads were stopped: 0.0006791 seconds, Stopping threads took: 0.0000197 seconds
19.200: [GC (Allocation Failure)  77437K->637K(419328K), 0.0006154 secs]
19.200: Total time for which application threads were stopped: 0.0007472 seconds, Stopping threads took: 0.0000292 seconds
19.251: [GC (Allocation Failure)  76413K->637K(418304K), 0.0004830 secs]
19.252: Total time for which application threads were stopped: 0.0006074 seconds, Stopping threads took: 0.0000169 seconds
19.299: [GC (Allocation Failure)  75389K->637K(417280K), 0.0003941 secs]
19.299: Total time for which application threads were stopped: 0.0005025 seconds, Stopping threads took: 0.0000173 seconds
19.349: [GC (Allocation Failure)  74365K->637K(416256K), 0.0006600 secs]
19.349: Total time for which application threads were stopped: 0.0007714 seconds, Stopping threads took: 0.0000166 seconds
19.399: [GC (Allocation Failure)  73341K->669K(415232K), 0.0006543 secs]
19.399: Total time for which application threads were stopped: 0.0007915 seconds, Stopping threads took: 0.0000279 seconds
19.444: [GC (Allocation Failure)  72349K->669K(414208K), 0.0004402 secs]
19.445: Total time for which application threads were stopped: 0.0005673 seconds, Stopping threads took: 0.0000206 seconds
19.497: [GC (Allocation Failure)  71325K->701K(413184K), 0.0004238 secs]
19.497: Total time for which application threads were stopped: 0.0005423 seconds, Stopping threads took: 0.0000198 seconds
19.542: [GC (Allocation Failure)  70333K->637K(412160K), 0.0005984 secs]
19.542: Total time for which application threads were stopped: 0.0007143 seconds, Stopping threads took: 0.0000188 seconds
19.591: [GC (Allocation Failure)  69245K->637K(411136K), 0.0004692 secs]
19.591: Total time for which application threads were stopped: 0.0005929 seconds, Stopping threads took: 0.0000267 seconds
19.638: [GC (Allocation Failure)  68221K->669K(410112K), 0.0005442 secs]
19.639: Total time for which application threads were stopped: 0.0006641 seconds, Stopping threads took: 0.0000195 seconds
19.681: [GC (Allocation Failure)  67229K->605K(423424K), 0.0005946 secs]
19.682: Total time for which application threads were stopped: 0.0007179 seconds, Stopping threads took: 0.0000272 seconds
19.737: [GC (Allocation Failure)  80477K->701K(422400K), 0.0004544 secs]
19.738: Total time for which application threads were stopped: 0.0005784 seconds, Stopping threads took: 0.0000191 seconds
19.788: [GC (Allocation Failure)  79549K->637K(421376K), 0.0004515 secs]
19.788: Total time for which application threads were stopped: 0.0005705 seconds, Stopping threads took: 0.0000197 seconds
19.838: [GC (Allocation Failure)  78461K->637K(420352K), 0.0005784 secs]
19.839: Total time for which application threads were stopped: 0.0006969 seconds, Stopping threads took: 0.0000199 seconds
19.887: [GC (Allocation Failure)  77437K->605K(419328K), 0.0004610 secs]
19.887: Total time for which application threads were stopped: 0.0005886 seconds, Stopping threads took: 0.0000195 seconds
19.935: [GC (Allocation Failure)  76381K->605K(418304K), 0.0005953 secs]
19.936: Total time for which application threads were stopped: 0.0007210 seconds, Stopping threads took: 0.0000209 seconds
19.990: [GC (Allocation Failure)  75357K->637K(417280K), 0.0005135 secs]
19.990: Total time for which application threads were stopped: 0.0006430 seconds, Stopping threads took: 0.0000268 seconds
20.039: [GC (Allocation Failure)  74365K->637K(416256K), 0.0005678 secs]
20.040: Total time for which application threads were stopped: 0.0007161 seconds, Stopping threads took: 0.0000273 seconds
20.092: [GC (Allocation Failure)  73341K->637K(415232K), 0.0005078 secs]
20.092: Total time for which application threads were stopped: 0.0006348 seconds, Stopping threads took: 0.0000267 seconds
20.141: [GC (Allocation Failure)  72317K->701K(414208K), 0.0004658 secs]
20.141: Total time for which application threads were stopped: 0.0005925 seconds, Stopping threads took: 0.0000272 seconds
20.191: [GC (Allocation Failure)  71357K->637K(413184K), 0.0005195 secs]
20.192: Total time for which application threads were stopped: 0.0006786 seconds, Stopping threads took: 0.0000283 seconds
20.236: [GC (Allocation Failure)  70269K->669K(412160K), 0.0004842 secs]
20.236: Total time for which application threads were stopped: 0.0006304 seconds, Stopping threads took: 0.0000296 seconds
20.280: [GC (Allocation Failure)  69277K->605K(411136K), 0.0006048 secs]
20.280: Total time for which application threads were stopped: 0.0007573 seconds, Stopping threads took: 0.0000297 seconds
20.329: [GC (Allocation Failure)  68189K->605K(424960K), 0.0006590 secs]
20.330: Total time for which application threads were stopped: 0.0007874 seconds, Stopping threads took: 0.0000208 seconds
20.385: [GC (Allocation Failure)  82013K->733K(441344K), 0.0006295 secs]
20.386: Total time for which application threads were stopped: 0.0007625 seconds, Stopping threads took: 0.0000207 seconds
20.450: [GC (Allocation Failure)  98525K->637K(439296K), 0.0005064 secs]
20.451: Total time for which application threads were stopped: 0.0006305 seconds, Stopping threads took: 0.0000201 seconds
20.511: [GC (Allocation Failure)  96381K->637K(437760K), 0.0006714 secs]
20.512: Total time for which application threads were stopped: 0.0008104 seconds, Stopping threads took: 0.0000275 seconds
20.575: [GC (Allocation Failure)  94845K->701K(436224K), 0.0004984 secs]
20.575: Total time for which application threads were stopped: 0.0006362 seconds, Stopping threads took: 0.0000299 seconds
20.634: [GC (Allocation Failure)  93373K->637K(434688K), 0.0005894 secs]
20.634: Total time for which application threads were stopped: 0.0007354 seconds, Stopping threads took: 0.0000279 seconds
20.691: [GC (Allocation Failure)  91773K->733K(433152K), 0.0005578 secs]
20.692: Total time for which application threads were stopped: 0.0006879 seconds, Stopping threads took: 0.0000218 seconds
20.756: [GC (Allocation Failure)  90333K->669K(431616K), 0.0004742 secs]
20.756: Total time for which application threads were stopped: 0.0005966 seconds, Stopping threads took: 0.0000260 seconds
20.812: [GC (Allocation Failure)  88733K->605K(430080K), 0.0005687 secs]
20.813: Total time for which application threads were stopped: 0.0007034 seconds, Stopping threads took: 0.0000275 seconds
20.870: [GC (Allocation Failure)  87133K->701K(428544K), 0.0004803 secs]
20.871: Total time for which application threads were stopped: 0.0005978 seconds, Stopping threads took: 0.0000193 seconds
20.925: [GC (Allocation Failure)  85693K->669K(427008K), 0.0004643 secs]
20.925: Total time for which application threads were stopped: 0.0005940 seconds, Stopping threads took: 0.0000211 seconds
20.978: [GC (Allocation Failure)  84125K->669K(425472K), 0.0005002 secs]
20.978: Total time for which application threads were stopped: 0.0006436 seconds, Stopping threads took: 0.0000302 seconds
21.031: [GC (Allocation Failure)  82589K->605K(423936K), 0.0004462 secs]
21.031: Total time for which application threads were stopped: 0.0005789 seconds, Stopping threads took: 0.0000207 seconds
21.082: [GC (Allocation Failure)  80989K->637K(422400K), 0.0004573 secs]
21.083: Total time for which application threads were stopped: 0.0005822 seconds, Stopping threads took: 0.0000225 seconds
21.138: [GC (Allocation Failure)  79485K->701K(421376K), 0.0005348 secs]
21.138: Total time for which application threads were stopped: 0.0006489 seconds, Stopping threads took: 0.0000188 seconds
21.193: [GC (Allocation Failure)  78525K->669K(420352K), 0.0005329 secs]
21.193: Total time for which application threads were stopped: 0.0006525 seconds, Stopping threads took: 0.0000192 seconds
21.247: [GC (Allocation Failure)  77469K->669K(419328K), 0.0005170 secs]
21.247: Total time for which application threads were stopped: 0.0006531 seconds, Stopping threads took: 0.0000274 seconds
21.295: [GC (Allocation Failure)  76445K->637K(418304K), 0.0005692 secs]
21.295: Total time for which application threads were stopped: 0.0007204 seconds, Stopping threads took: 0.0000293 seconds
21.343: [GC (Allocation Failure)  75389K->637K(417280K), 0.0004713 secs]
21.343: Total time for which application threads were stopped: 0.0006074 seconds, Stopping threads took: 0.0000293 seconds
21.394: [GC (Allocation Failure)  74365K->637K(416256K), 0.0004811 secs]
21.395: Total time for which application threads were stopped: 0.0006009 seconds, Stopping threads took: 0.0000196 seconds
21.440: [GC (Allocation Failure)  73341K->637K(415232K), 0.0004820 secs]
21.441: Total time for which application threads were stopped: 0.0006216 seconds, Stopping threads took: 0.0000193 seconds
21.491: [GC (Allocation Failure)  72317K->669K(414208K), 0.0005862 secs]
21.491: Total time for which application threads were stopped: 0.0007422 seconds, Stopping threads took: 0.0000304 seconds
21.536: [GC (Allocation Failure)  71325K->637K(413184K), 0.0005216 secs]
21.537: Total time for which application threads were stopped: 0.0006439 seconds, Stopping threads took: 0.0000217 seconds
21.587: [GC (Allocation Failure)  70269K->637K(412160K), 0.0005272 secs]
21.588: Total time for which application threads were stopped: 0.0006389 seconds, Stopping threads took: 0.0000168 seconds
21.638: [GC (Allocation Failure)  69245K->637K(411136K), 0.0004872 secs]
21.638: Total time for which application threads were stopped: 0.0006098 seconds, Stopping threads took: 0.0000198 seconds
21.686: [GC (Allocation Failure)  68221K->669K(410112K), 0.0004891 secs]
21.687: Total time for which application threads were stopped: 0.0006232 seconds, Stopping threads took: 0.0000210 seconds
21.734: [GC (Allocation Failure)  67229K->701K(409088K), 0.0005211 secs]
21.735: Total time for which application threads were stopped: 0.0006664 seconds, Stopping threads took: 0.0000222 seconds
21.776: [GC (Allocation Failure)  66237K->733K(422400K), 0.0007187 secs]
21.777: Total time for which application threads were stopped: 0.0008431 seconds, Stopping threads took: 0.0000199 seconds
21.827: [GC (Allocation Failure)  79581K->669K(421376K), 0.0004440 secs]
21.828: Total time for which application threads were stopped: 0.0005730 seconds, Stopping threads took: 0.0000276 seconds
21.877: [GC (Allocation Failure)  78493K->605K(437248K), 0.0007516 secs]
21.878: Total time for which application threads were stopped: 0.0009060 seconds, Stopping threads took: 0.0000342 seconds
21.940: [GC (Allocation Failure)  94301K->669K(435712K), 0.0004631 secs]
21.941: Total time for which application threads were stopped: 0.0005888 seconds, Stopping threads took: 0.0000273 seconds
21.999: [GC (Allocation Failure)  92829K->637K(434176K), 0.0003997 secs]
22.000: Total time for which application threads were stopped: 0.0005178 seconds, Stopping threads took: 0.0000190 seconds
22.057: [GC (Allocation Failure)  91261K->669K(432640K), 0.0004745 secs]
22.057: Total time for which application threads were stopped: 0.0005834 seconds, Stopping threads took: 0.0000187 seconds
22.113: [GC (Allocation Failure)  89757K->669K(431104K), 0.0005005 secs]
22.114: Total time for which application threads were stopped: 0.0006247 seconds, Stopping threads took: 0.0000272 seconds
22.169: [GC (Allocation Failure)  88221K->637K(429568K), 0.0004156 secs]
22.169: Total time for which application threads were stopped: 0.0005341 seconds, Stopping threads took: 0.0000199 seconds
22.229: [GC (Allocation Failure)  86653K->701K(428032K), 0.0004569 secs]
22.230: Total time for which application threads were stopped: 0.0005766 seconds, Stopping threads took: 0.0000201 seconds
22.283: [GC (Allocation Failure)  85181K->701K(426496K), 0.0004745 secs]
22.283: Total time for which application threads were stopped: 0.0005929 seconds, Stopping threads took: 0.0000199 seconds
22.336: [GC (Allocation Failure)  83645K->637K(424960K), 0.0005471 secs]
22.336: Total time for which application threads were stopped: 0.0006738 seconds, Stopping threads took: 0.0000191 seconds
22.388: [GC (Allocation Failure)  82045K->669K(423424K), 0.0005661 secs]
22.388: Total time for which application threads were stopped: 0.0007049 seconds, Stopping threads took: 0.0000222 seconds
22.439: [GC (Allocation Failure)  80541K->637K(422400K), 0.0005482 secs]
22.440: Total time for which application threads were stopped: 0.0007002 seconds, Stopping threads took: 0.0000231 seconds
22.490: [GC (Allocation Failure)  79485K->637K(421376K), 0.0004127 secs]
22.490: Total time for which application threads were stopped: 0.0005309 seconds, Stopping threads took: 0.0000263 seconds
22.546: [GC (Allocation Failure)  78461K->701K(420352K), 0.0004827 secs]
22.546: Total time for which application threads were stopped: 0.0006027 seconds, Stopping threads took: 0.0000195 seconds
22.595: [GC (Allocation Failure)  77501K->669K(419328K), 0.0005481 secs]
22.595: Total time for which application threads were stopped: 0.0006846 seconds, Stopping threads took: 0.0000210 seconds
22.647: [GC (Allocation Failure)  76445K->669K(418304K), 0.0005851 secs]
22.647: Total time for which application threads were stopped: 0.0007397 seconds, Stopping threads took: 0.0000293 seconds
22.695: [GC (Allocation Failure)  75421K->605K(417280K), 0.0006023 secs]
22.695: Total time for which application threads were stopped: 0.0007312 seconds, Stopping threads took: 0.0000270 seconds
22.742: [GC (Allocation Failure)  74333K->669K(432128K), 0.0006968 secs]
22.742: Total time for which application threads were stopped: 0.0008261 seconds, Stopping threads took: 0.0000193 seconds
22.798: [GC (Allocation Failure)  89245K->637K(430592K), 0.0005090 secs]
22.799: Total time for which application threads were stopped: 0.0006273 seconds, Stopping threads took: 0.0000244 seconds
22.854: [GC (Allocation Failure)  87677K->701K(429056K), 0.0004246 secs]
22.855: Total time for which application threads were stopped: 0.0005310 seconds, Stopping threads took: 0.0000167 seconds
22.909: [GC (Allocation Failure)  86205K->637K(427520K), 0.0004179 secs]
22.909: Total time for which application threads were stopped: 0.0005269 seconds, Stopping threads took: 0.0000174 seconds
22.968: [GC (Allocation Failure)  84605K->701K(425984K), 0.0004083 secs]
22.968: Total time for which application threads were stopped: 0.0005180 seconds, Stopping threads took: 0.0000169 seconds
23.021: [GC (Allocation Failure)  83133K->669K(424448K), 0.0003846 secs]
23.022: Total time for which application threads were stopped: 0.0005144 seconds, Stopping threads took: 0.0000246 seconds
23.072: [GC (Allocation Failure)  81565K->637K(422912K), 0.0003913 secs]
23.073: Total time for which application threads were stopped: 0.0005218 seconds, Stopping threads took: 0.0000164 seconds
23.123: [GC (Allocation Failure)  79997K->637K(421888K), 0.0003997 secs]
23.123: Total time for which application threads were stopped: 0.0005261 seconds, Stopping threads took: 0.0000171 seconds
23.172: [GC (Allocation Failure)  78973K->637K(420864K), 0.0004049 secs]
23.173: Total time for which application threads were stopped: 0.0005103 seconds, Stopping threads took: 0.0000165 seconds
23.221: [GC (Allocation Failure)  77949K->637K(419840K), 0.0004722 secs]
23.222: Total time for which application threads were stopped: 0.0005800 seconds, Stopping threads took: 0.0000161 seconds
23.270: [GC (Allocation Failure)  76925K->637K(418816K), 0.0004813 secs]
23.270: Total time for which application threads were stopped: 0.0005907 seconds, Stopping threads took: 0.0000166 seconds
23.323: [GC (Allocation Failure)  75901K->701K(417792K), 0.0004337 secs]
23.323: Total time for which application threads were stopped: 0.0005393 seconds, Stopping threads took: 0.0000170 seconds
23.370: [GC (Allocation Failure)  74941K->637K(416768K), 0.0004313 secs]
23.371: Total time for which application threads were stopped: 0.0005370 seconds, Stopping threads took: 0.0000166 seconds
23.417: [GC (Allocation Failure)  73853K->669K(415744K), 0.0005397 secs]
23.418: Total time for which application threads were stopped: 0.0006657 seconds, Stopping threads took: 0.0000194 seconds
23.464: [GC (Allocation Failure)  72861K->669K(414720K), 0.0005108 secs]
23.464: Total time for which application threads were stopped: 0.0006452 seconds, Stopping threads took: 0.0000216 seconds
23.514: [GC (Allocation Failure)  71837K->605K(413696K), 0.0004372 secs]
23.515: Total time for which application threads were stopped: 0.0005527 seconds, Stopping threads took: 0.0000197 seconds
23.565: [GC (Allocation Failure)  70749K->637K(412672K), 0.0005406 secs]
23.565: Total time for which application threads were stopped: 0.0007015 seconds, Stopping threads took: 0.0000309 seconds
23.609: [GC (Allocation Failure)  69757K->669K(411648K), 0.0005845 secs]
23.609: Total time for which application threads were stopped: 0.0007239 seconds, Stopping threads took: 0.0000213 seconds
23.658: [GC (Allocation Failure)  68765K->637K(410624K), 0.0005609 secs]
23.658: Total time for which application threads were stopped: 0.0007022 seconds, Stopping threads took: 0.0000212 seconds
23.707: [GC (Allocation Failure)  67709K->669K(409600K), 0.0005453 secs]
23.708: Total time for which application threads were stopped: 0.0006932 seconds, Stopping threads took: 0.0000219 seconds
23.755: [GC (Allocation Failure)  66717K->605K(408576K), 0.0004989 secs]
23.755: Total time for which application threads were stopped: 0.0006301 seconds, Stopping threads took: 0.0000275 seconds
23.801: [GC (Allocation Failure)  65629K->669K(421888K), 0.0027272 secs]
23.804: Total time for which application threads were stopped: 0.0028524 seconds, Stopping threads took: 0.0000244 seconds
23.855: [GC (Allocation Failure)  79005K->701K(437760K), 0.0004661 secs]
23.855: Total time for which application threads were stopped: 0.0005815 seconds, Stopping threads took: 0.0000189 seconds
23.914: [GC (Allocation Failure)  94909K->701K(456704K), 0.0004720 secs]
23.915: Total time for which application threads were stopped: 0.0005955 seconds, Stopping threads took: 0.0000266 seconds
23.986: [GC (Allocation Failure)  113853K->669K(474624K), 0.0004576 secs]
23.986: Total time for which application threads were stopped: 0.0005767 seconds, Stopping threads took: 0.0000254 seconds
24.073: [GC (Allocation Failure)  131741K->637K(474624K), 0.0005115 secs]
24.074: Total time for which application threads were stopped: 0.0006182 seconds, Stopping threads took: 0.0000167 seconds
24.161: [GC (Allocation Failure)  131709K->669K(471552K), 0.0004843 secs]
24.161: Total time for which application threads were stopped: 0.0006234 seconds, Stopping threads took: 0.0000283 seconds
24.241: [GC (Allocation Failure)  128669K->701K(468480K), 0.0004769 secs]
24.242: Total time for which application threads were stopped: 0.0005939 seconds, Stopping threads took: 0.0000192 seconds
24.320: [GC (Allocation Failure)  125629K->637K(465408K), 0.0005290 secs]
24.321: Total time for which application threads were stopped: 0.0006482 seconds, Stopping threads took: 0.0000198 seconds
24.400: [GC (Allocation Failure)  122493K->669K(462848K), 0.0004435 secs]
24.400: Total time for which application threads were stopped: 0.0005604 seconds, Stopping threads took: 0.0000192 seconds
24.480: [GC (Allocation Failure)  119965K->605K(460288K), 0.0005625 secs]
24.481: Total time for which application threads were stopped: 0.0006871 seconds, Stopping threads took: 0.0000272 seconds
24.554: [GC (Allocation Failure)  117341K->701K(457728K), 0.0004302 secs]
24.555: Total time for which application threads were stopped: 0.0005629 seconds, Stopping threads took: 0.0000279 seconds
24.626: [GC (Allocation Failure)  114877K->669K(455168K), 0.0005601 secs]
24.627: Total time for which application threads were stopped: 0.0006855 seconds, Stopping threads took: 0.0000267 seconds
24.702: [GC (Allocation Failure)  112285K->669K(452608K), 0.0004471 secs]
24.702: Total time for which application threads were stopped: 0.0006058 seconds, Stopping threads took: 0.0000270 seconds
24.776: [GC (Allocation Failure)  109725K->637K(450560K), 0.0004201 secs]
24.776: Total time for which application threads were stopped: 0.0005276 seconds, Stopping threads took: 0.0000167 seconds
24.844: [GC (Allocation Failure)  107645K->637K(448512K), 0.0004062 secs]
24.845: Total time for which application threads were stopped: 0.0005050 seconds, Stopping threads took: 0.0000180 seconds
24.916: [GC (Allocation Failure)  105597K->669K(446464K), 0.0004228 secs]
24.916: Total time for which application threads were stopped: 0.0005306 seconds, Stopping threads took: 0.0000259 seconds
24.981: [GC (Allocation Failure)  103581K->637K(444416K), 0.0004809 secs]
24.981: Total time for which application threads were stopped: 0.0006023 seconds, Stopping threads took: 0.0000269 seconds
25.051: [GC (Allocation Failure)  101501K->637K(442368K), 0.0004564 secs]
25.051: Total time for which application threads were stopped: 0.0005916 seconds, Stopping threads took: 0.0000267 seconds
25.114: [GC (Allocation Failure)  99453K->669K(440320K), 0.0007401 secs]
25.115: Total time for which application threads were stopped: 0.0008805 seconds, Stopping threads took: 0.0000226 seconds
25.176: [GC (Allocation Failure)  97437K->669K(438272K), 0.0006071 secs]
25.176: Total time for which application threads were stopped: 0.0007450 seconds, Stopping threads took: 0.0000214 seconds
25.236: [GC (Allocation Failure)  95389K->669K(436736K), 0.0006204 secs]
25.237: Total time for which application threads were stopped: 0.0007671 seconds, Stopping threads took: 0.0000268 seconds
25.295: [GC (Allocation Failure)  93853K->669K(435200K), 0.0005153 secs]
25.296: Total time for which application threads were stopped: 0.0006626 seconds, Stopping threads took: 0.0000271 seconds
25.353: [GC (Allocation Failure)  92317K->669K(433664K), 0.0005618 secs]
25.354: Total time for which application threads were stopped: 0.0007051 seconds, Stopping threads took: 0.0000225 seconds
25.411: [GC (Allocation Failure)  90781K->669K(432128K), 0.0005122 secs]
25.411: Total time for which application threads were stopped: 0.0006661 seconds, Stopping threads took: 0.0000305 seconds
25.466: [GC (Allocation Failure)  89245K->701K(430592K), 0.0007148 secs]
25.467: Total time for which application threads were stopped: 0.0008627 seconds, Stopping threads took: 0.0000229 seconds
25.522: [GC (Allocation Failure)  87741K->637K(429056K), 0.0005714 secs]
25.523: Total time for which application threads were stopped: 0.0007037 seconds, Stopping threads took: 0.0000201 seconds
25.582: [GC (Allocation Failure)  86141K->701K(427520K), 0.0006008 secs]
25.583: Total time for which application threads were stopped: 0.0007252 seconds, Stopping threads took: 0.0000282 seconds
25.635: [GC (Allocation Failure)  84669K->669K(425984K), 0.0004932 secs]
25.636: Total time for which application threads were stopped: 0.0006106 seconds, Stopping threads took: 0.0000194 seconds
25.694: [GC (Allocation Failure)  83101K->637K(424448K), 0.0004585 secs]
25.695: Total time for which application threads were stopped: 0.0005644 seconds, Stopping threads took: 0.0000163 seconds
25.746: [GC (Allocation Failure)  81533K->637K(422912K), 0.0004995 secs]
25.746: Total time for which application threads were stopped: 0.0006402 seconds, Stopping threads took: 0.0000277 seconds
25.800: [GC (Allocation Failure)  79997K->605K(421888K), 0.0005031 secs]
25.801: Total time for which application threads were stopped: 0.0006236 seconds, Stopping threads took: 0.0000241 seconds
25.851: [GC (Allocation Failure)  78941K->733K(420864K), 0.0004784 secs]
25.851: Total time for which application threads were stopped: 0.0005971 seconds, Stopping threads took: 0.0000192 seconds
25.903: [GC (Allocation Failure)  78045K->637K(419840K), 0.0005339 secs]
25.904: Total time for which application threads were stopped: 0.0006710 seconds, Stopping threads took: 0.0000287 seconds
25.958: [GC (Allocation Failure)  76925K->669K(418816K), 0.0005248 secs]
25.958: Total time for which application threads were stopped: 0.0006920 seconds, Stopping threads took: 0.0000217 seconds
26.006: [GC (Allocation Failure)  75933K->701K(417792K), 0.0004251 secs]
26.007: Total time for which application threads were stopped: 0.0005463 seconds, Stopping threads took: 0.0000198 seconds
26.059: [GC (Allocation Failure)  74941K->637K(416768K), 0.0004735 secs]
26.060: Total time for which application threads were stopped: 0.0005963 seconds, Stopping threads took: 0.0000249 seconds
26.106: [GC (Allocation Failure)  73853K->637K(415744K), 0.0005017 secs]
26.106: Total time for which application threads were stopped: 0.0006440 seconds, Stopping threads took: 0.0000206 seconds
26.152: [GC (Allocation Failure)  72829K->669K(414720K), 0.0004334 secs]
26.152: Total time for which application threads were stopped: 0.0005714 seconds, Stopping threads took: 0.0000274 seconds
26.202: [GC (Allocation Failure)  71837K->637K(413696K), 0.0004420 secs]
26.202: Total time for which application threads were stopped: 0.0005498 seconds, Stopping threads took: 0.0000169 seconds
26.252: [GC (Allocation Failure)  70781K->669K(412672K), 0.0005825 secs]
26.252: Total time for which application threads were stopped: 0.0007018 seconds, Stopping threads took: 0.0000190 seconds
26.296: [GC (Allocation Failure)  69789K->669K(411648K), 0.0005237 secs]
26.296: Total time for which application threads were stopped: 0.0006600 seconds, Stopping threads took: 0.0000283 seconds
26.339: [GC (Allocation Failure)  68765K->605K(410624K), 0.0004775 secs]
26.340: Total time for which application threads were stopped: 0.0005931 seconds, Stopping threads took: 0.0000191 seconds
26.388: [GC (Allocation Failure)  67677K->637K(409600K), 0.0004347 secs]
26.389: Total time for which application threads were stopped: 0.0005405 seconds, Stopping threads took: 0.0000166 seconds
26.436: [GC (Allocation Failure)  66685K->573K(408576K), 0.0006475 secs]
26.437: Total time for which application threads were stopped: 0.0007739 seconds, Stopping threads took: 0.0000166 seconds
26.478: [GC (Allocation Failure)  65597K->637K(407552K), 0.0005243 secs]
26.478: Total time for which application threads were stopped: 0.0006677 seconds, Stopping threads took: 0.0000212 seconds
26.525: [GC (Allocation Failure)  64637K->605K(406528K), 0.0004765 secs]
26.525: Total time for which application threads were stopped: 0.0006041 seconds, Stopping threads took: 0.0000265 seconds
26.565: [GC (Allocation Failure)  63581K->605K(419328K), 0.0005393 secs]
26.566: Total time for which application threads were stopped: 0.0006578 seconds, Stopping threads took: 0.0000260 seconds
26.619: [GC (Allocation Failure)  76381K->637K(418304K), 0.0004577 secs]
26.619: Total time for which application threads were stopped: 0.0005647 seconds, Stopping threads took: 0.0000170 seconds
26.673: [GC (Allocation Failure)  75389K->637K(417280K), 0.0003868 secs]
26.673: Total time for which application threads were stopped: 0.0004932 seconds, Stopping threads took: 0.0000162 seconds
26.720: [GC (Allocation Failure)  74365K->637K(416256K), 0.0004844 secs]
26.720: Total time for which application threads were stopped: 0.0006055 seconds, Stopping threads took: 0.0000203 seconds
26.772: [GC (Allocation Failure)  73341K->637K(415232K), 0.0004879 secs]
26.773: Total time for which application threads were stopped: 0.0006141 seconds, Stopping threads took: 0.0000210 seconds
26.819: [GC (Allocation Failure)  72317K->701K(414208K), 0.0004695 secs]
26.819: Total time for which application threads were stopped: 0.0005933 seconds, Stopping threads took: 0.0000232 seconds
26.864: [GC (Allocation Failure)  71357K->669K(413184K), 0.0005377 secs]
26.864: Total time for which application threads were stopped: 0.0006635 seconds, Stopping threads took: 0.0000276 seconds
26.908: [GC (Allocation Failure)  70301K->669K(412160K), 0.0004284 secs]
26.909: Total time for which application threads were stopped: 0.0005392 seconds, Stopping threads took: 0.0000170 seconds
26.952: [GC (Allocation Failure)  69277K->669K(411136K), 0.0004975 secs]
26.952: Total time for which application threads were stopped: 0.0006216 seconds, Stopping threads took: 0.0000265 seconds
26.995: [GC (Allocation Failure)  68253K->701K(410112K), 0.0004033 secs]
26.996: Total time for which application threads were stopped: 0.0005225 seconds, Stopping threads took: 0.0000189 seconds
27.038: [GC (Allocation Failure)  67261K->669K(409088K), 0.0004984 secs]
27.038: Total time for which application threads were stopped: 0.0006252 seconds, Stopping threads took: 0.0000191 seconds
27.080: [GC (Allocation Failure)  66205K->701K(408064K), 0.0005774 secs]
27.080: Total time for which application threads were stopped: 0.0007275 seconds, Stopping threads took: 0.0000279 seconds
27.125: [GC (Allocation Failure)  65213K->605K(421376K), 0.0006438 secs]
27.125: Total time for which application threads were stopped: 0.0007987 seconds, Stopping threads took: 0.0000245 seconds
27.178: [GC (Allocation Failure)  78429K->669K(420352K), 0.0005108 secs]
27.179: Total time for which application threads were stopped: 0.0006529 seconds, Stopping threads took: 0.0000212 seconds
27.231: [GC (Allocation Failure)  77469K->669K(419328K), 0.0005666 secs]
27.231: Total time for which application threads were stopped: 0.0007182 seconds, Stopping threads took: 0.0000298 seconds
27.284: [GC (Allocation Failure)  76445K->669K(418304K), 0.0005189 secs]
27.284: Total time for which application threads were stopped: 0.0006432 seconds, Stopping threads took: 0.0000203 seconds
27.331: [GC (Allocation Failure)  75421K->637K(417280K), 0.0005916 secs]
27.332: Total time for which application threads were stopped: 0.0007127 seconds, Stopping threads took: 0.0000212 seconds
27.382: [GC (Allocation Failure)  74365K->605K(416256K), 0.0004953 secs]
27.382: Total time for which application threads were stopped: 0.0006319 seconds, Stopping threads took: 0.0000272 seconds
27.428: [GC (Allocation Failure)  73309K->669K(415232K), 0.0004651 secs]
27.429: Total time for which application threads were stopped: 0.0005878 seconds, Stopping threads took: 0.0000201 seconds
27.480: [GC (Allocation Failure)  72349K->669K(414208K), 0.0006019 secs]
27.481: Total time for which application threads were stopped: 0.0007251 seconds, Stopping threads took: 0.0000272 seconds
27.527: [GC (Allocation Failure)  71325K->605K(413184K), 0.0004314 secs]
27.527: Total time for which application threads were stopped: 0.0005722 seconds, Stopping threads took: 0.0000196 seconds
27.576: [GC (Allocation Failure)  70237K->669K(412160K), 0.0005261 secs]
27.577: Total time for which application threads were stopped: 0.0006550 seconds, Stopping threads took: 0.0000294 seconds
27.625: [GC (Allocation Failure)  69277K->669K(411136K), 0.0005836 secs]
27.626: Total time for which application threads were stopped: 0.0007265 seconds, Stopping threads took: 0.0000273 seconds
27.675: [GC (Allocation Failure)  68253K->637K(410112K), 0.0004684 secs]
27.675: Total time for which application threads were stopped: 0.0005980 seconds, Stopping threads took: 0.0000203 seconds
27.717: [GC (Allocation Failure)  67197K->669K(409088K), 0.0004845 secs]
27.718: Total time for which application threads were stopped: 0.0006006 seconds, Stopping threads took: 0.0000190 seconds
27.759: [GC (Allocation Failure)  66205K->637K(408064K), 0.0005606 secs]
27.760: Total time for which application threads were stopped: 0.0006916 seconds, Stopping threads took: 0.0000207 seconds
27.808: [GC (Allocation Failure)  65149K->701K(407040K), 0.0005279 secs]
27.808: Total time for which application threads were stopped: 0.0006810 seconds, Stopping threads took: 0.0000269 seconds
27.850: [GC (Allocation Failure)  64189K->669K(406016K), 0.0004491 secs]
27.850: Total time for which application threads were stopped: 0.0005531 seconds, Stopping threads took: 0.0000178 seconds
27.895: [GC (Allocation Failure)  63133K->733K(405504K), 0.0004607 secs]
27.896: Total time for which application threads were stopped: 0.0005706 seconds, Stopping threads took: 0.0000251 seconds
27.938: [GC (Allocation Failure)  62685K->669K(418304K), 0.0006358 secs]
27.939: Total time for which application threads were stopped: 0.0007395 seconds, Stopping threads took: 0.0000177 seconds
27.986: [GC (Allocation Failure)  75421K->637K(417280K), 0.0003848 secs]
27.986: Total time for which application threads were stopped: 0.0005013 seconds, Stopping threads took: 0.0000195 seconds
28.035: [GC (Allocation Failure)  74365K->637K(416256K), 0.0004355 secs]
28.036: Total time for which application threads were stopped: 0.0006080 seconds, Stopping threads took: 0.0000262 seconds
28.088: [GC (Allocation Failure)  73341K->669K(415232K), 0.0006462 secs]
28.089: Total time for which application threads were stopped: 0.0007652 seconds, Stopping threads took: 0.0000193 seconds
28.134: [GC (Allocation Failure)  72349K->605K(414208K), 0.0004405 secs]
28.135: Total time for which application threads were stopped: 0.0005632 seconds, Stopping threads took: 0.0000214 seconds
28.185: [GC (Allocation Failure)  71261K->669K(413184K), 0.0005320 secs]
28.186: Total time for which application threads were stopped: 0.0006597 seconds, Stopping threads took: 0.0000191 seconds
28.236: [GC (Allocation Failure)  70301K->605K(412160K), 0.0005467 secs]
28.237: Total time for which application threads were stopped: 0.0006772 seconds, Stopping threads took: 0.0000212 seconds
28.286: [GC (Allocation Failure)  69213K->637K(411136K), 0.0005340 secs]
28.287: Total time for which application threads were stopped: 0.0006929 seconds, Stopping threads took: 0.0000242 seconds
28.333: [GC (Allocation Failure)  68221K->637K(424960K), 0.0006973 secs]
28.334: Total time for which application threads were stopped: 0.0008477 seconds, Stopping threads took: 0.0000227 seconds
28.385: [GC (Allocation Failure)  82045K->669K(423424K), 0.0004883 secs]
28.385: Total time for which application threads were stopped: 0.0006333 seconds, Stopping threads took: 0.0000301 seconds
28.435: [GC (Allocation Failure)  80541K->605K(422400K), 0.0004834 secs]
28.436: Total time for which application threads were stopped: 0.0005994 seconds, Stopping threads took: 0.0000191 seconds
28.489: [GC (Allocation Failure)  79453K->669K(421376K), 0.0005026 secs]
28.489: Total time for which application threads were stopped: 0.0006266 seconds, Stopping threads took: 0.0000193 seconds
28.546: [GC (Allocation Failure)  78493K->669K(420352K), 0.0004519 secs]
28.547: Total time for which application threads were stopped: 0.0005881 seconds, Stopping threads took: 0.0000174 seconds
28.595: [GC (Allocation Failure)  77469K->637K(419328K), 0.0004203 secs]
28.595: Total time for which application threads were stopped: 0.0005536 seconds, Stopping threads took: 0.0000249 seconds
28.643: [GC (Allocation Failure)  76413K->637K(418304K), 0.0005717 secs]
28.644: Total time for which application threads were stopped: 0.0006870 seconds, Stopping threads took: 0.0000193 seconds
28.695: [GC (Allocation Failure)  75389K->669K(417280K), 0.0004637 secs]
28.695: Total time for which application threads were stopped: 0.0005733 seconds, Stopping threads took: 0.0000165 seconds
28.744: [GC (Allocation Failure)  74397K->669K(416256K), 0.0005129 secs]
28.745: Total time for which application threads were stopped: 0.0006314 seconds, Stopping threads took: 0.0000195 seconds
28.791: [GC (Allocation Failure)  73373K->637K(415232K), 0.0004452 secs]
28.791: Total time for which application threads were stopped: 0.0005541 seconds, Stopping threads took: 0.0000168 seconds
28.838: [GC (Allocation Failure)  72317K->637K(414208K), 0.0004738 secs]
28.838: Total time for which application threads were stopped: 0.0006001 seconds, Stopping threads took: 0.0000271 seconds
28.883: [GC (Allocation Failure)  71293K->701K(413184K), 0.0004822 secs]
28.884: Total time for which application threads were stopped: 0.0006175 seconds, Stopping threads took: 0.0000199 seconds
28.928: [GC (Allocation Failure)  70333K->701K(412160K), 0.0006948 secs]
28.929: Total time for which application threads were stopped: 0.0008430 seconds, Stopping threads took: 0.0000220 seconds
28.972: [GC (Allocation Failure)  69309K->637K(425984K), 0.0006115 secs]
28.973: Total time for which application threads were stopped: 0.0007532 seconds, Stopping threads took: 0.0000232 seconds
29.026: [GC (Allocation Failure)  83069K->637K(424448K), 0.0003837 secs]
29.026: Total time for which application threads were stopped: 0.0005350 seconds, Stopping threads took: 0.0000257 seconds
29.082: [GC (Allocation Failure)  81533K->701K(422912K), 0.0004742 secs]
29.083: Total time for which application threads were stopped: 0.0005933 seconds, Stopping threads took: 0.0000192 seconds
29.133: [GC (Allocation Failure)  80061K->637K(421888K), 0.0004897 secs]
29.133: Total time for which application threads were stopped: 0.0006098 seconds, Stopping threads took: 0.0000197 seconds
29.186: [GC (Allocation Failure)  78973K->701K(420864K), 0.0006565 secs]
29.187: Total time for which application threads were stopped: 0.0007759 seconds, Stopping threads took: 0.0000201 seconds
29.236: [GC (Allocation Failure)  78013K->669K(419840K), 0.0005623 secs]
29.236: Total time for which application threads were stopped: 0.0007027 seconds, Stopping threads took: 0.0000282 seconds
29.284: [GC (Allocation Failure)  76957K->701K(435200K), 0.0006809 secs]
29.285: Total time for which application threads were stopped: 0.0008005 seconds, Stopping threads took: 0.0000198 seconds
29.348: [GC (Allocation Failure)  92349K->701K(433664K), 0.0004874 secs]
29.349: Total time for which application threads were stopped: 0.0006314 seconds, Stopping threads took: 0.0000276 seconds
29.411: [GC (Allocation Failure)  90813K->669K(432128K), 0.0004860 secs]
29.412: Total time for which application threads were stopped: 0.0006107 seconds, Stopping threads took: 0.0000214 seconds
29.474: [GC (Allocation Failure)  89245K->701K(430592K), 0.0006089 secs]
29.474: Total time for which application threads were stopped: 0.0007441 seconds, Stopping threads took: 0.0000193 seconds
29.530: [GC (Allocation Failure)  87741K->669K(429056K), 0.0005792 secs]
29.531: Total time for which application threads were stopped: 0.0006983 seconds, Stopping threads took: 0.0000191 seconds
29.589: [GC (Allocation Failure)  86173K->669K(427520K), 0.0004879 secs]
29.589: Total time for which application threads were stopped: 0.0006145 seconds, Stopping threads took: 0.0000271 seconds
29.642: [GC (Allocation Failure)  84637K->669K(425984K), 0.0005374 secs]
29.643: Total time for which application threads were stopped: 0.0006658 seconds, Stopping threads took: 0.0000261 seconds
29.695: [GC (Allocation Failure)  83101K->637K(424448K), 0.0005207 secs]
29.695: Total time for which application threads were stopped: 0.0006706 seconds, Stopping threads took: 0.0000300 seconds
29.748: [GC (Allocation Failure)  81533K->637K(422912K), 0.0005160 secs]
29.749: Total time for which application threads were stopped: 0.0006557 seconds, Stopping threads took: 0.0000216 seconds
29.799: [GC (Allocation Failure)  79997K->637K(438784K), 0.0015302 secs]
29.801: Total time for which application threads were stopped: 0.0016562 seconds, Stopping threads took: 0.0000240 seconds
29.862: [GC (Allocation Failure)  95869K->637K(458240K), 0.0005023 secs]
29.862: Total time for which application threads were stopped: 0.0006298 seconds, Stopping threads took: 0.0000276 seconds
29.934: [GC (Allocation Failure)  115325K->669K(481280K), 0.0005453 secs]
29.935: Total time for which application threads were stopped: 0.0006605 seconds, Stopping threads took: 0.0000186 seconds
30.028: [GC (Allocation Failure)  138397K->701K(478208K), 0.0005073 secs]
30.029: Total time for which application threads were stopped: 0.0006284 seconds, Stopping threads took: 0.0000193 seconds
30.113: [GC (Allocation Failure)  135357K->669K(475136K), 0.0004350 secs]
30.114: Total time for which application threads were stopped: 0.0005443 seconds, Stopping threads took: 0.0000171 seconds
30.202: [GC (Allocation Failure)  132253K->669K(472064K), 0.0006083 secs]
30.202: Total time for which application threads were stopped: 0.0007241 seconds, Stopping threads took: 0.0000192 seconds
30.287: [GC (Allocation Failure)  129181K->637K(468992K), 0.0005971 secs]
30.288: Total time for which application threads were stopped: 0.0007325 seconds, Stopping threads took: 0.0000190 seconds
30.373: [GC (Allocation Failure)  126077K->701K(465920K), 0.0004439 secs]
30.373: Total time for which application threads were stopped: 0.0005578 seconds, Stopping threads took: 0.0000187 seconds
30.456: [GC (Allocation Failure)  123069K->637K(463360K), 0.0005202 secs]
30.456: Total time for which application threads were stopped: 0.0006281 seconds, Stopping threads took: 0.0000167 seconds
30.532: [GC (Allocation Failure)  120445K->637K(460800K), 0.0003831 secs]
30.533: Total time for which application threads were stopped: 0.0005002 seconds, Stopping threads took: 0.0000253 seconds
30.608: [GC (Allocation Failure)  117885K->669K(458240K), 0.0005417 secs]
30.609: Total time for which application threads were stopped: 0.0006922 seconds, Stopping threads took: 0.0000248 seconds
30.680: [GC (Allocation Failure)  115357K->669K(455680K), 0.0004648 secs]
30.681: Total time for which application threads were stopped: 0.0005931 seconds, Stopping threads took: 0.0000267 seconds
30.756: [GC (Allocation Failure)  112797K->573K(453120K), 0.0005952 secs]
30.756: Total time for which application threads were stopped: 0.0007141 seconds, Stopping threads took: 0.0000202 seconds
30.827: [GC (Allocation Failure)  110141K->701K(451072K), 0.0004198 secs]
30.827: Total time for which application threads were stopped: 0.0005276 seconds, Stopping threads took: 0.0000253 seconds
30.896: [GC (Allocation Failure)  108221K->669K(449024K), 0.0007200 secs]
30.896: Total time for which application threads were stopped: 0.0008538 seconds, Stopping threads took: 0.0000283 seconds
30.963: [GC (Allocation Failure)  106141K->605K(446976K), 0.0004304 secs]
30.964: Total time for which application threads were stopped: 0.0005597 seconds, Stopping threads took: 0.0000292 seconds
31.036: [GC (Allocation Failure)  104029K->605K(444928K), 0.0004497 secs]
31.036: Total time for which application threads were stopped: 0.0005741 seconds, Stopping threads took: 0.0000197 seconds
31.104: [GC (Allocation Failure)  101981K->637K(442880K), 0.0005498 secs]
31.105: Total time for which application threads were stopped: 0.0006599 seconds, Stopping threads took: 0.0000174 seconds
31.167: [GC (Allocation Failure)  99965K->605K(440832K), 0.0007500 secs]
31.168: Total time for which application threads were stopped: 0.0008852 seconds, Stopping threads took: 0.0000199 seconds
31.230: [GC (Allocation Failure)  97885K->669K(438784K), 0.0005509 secs]
31.230: Total time for which application threads were stopped: 0.0007086 seconds, Stopping threads took: 0.0000301 seconds
31.296: [GC (Allocation Failure)  95901K->701K(437248K), 0.0005192 secs]
31.296: Total time for which application threads were stopped: 0.0006686 seconds, Stopping threads took: 0.0000234 seconds
31.355: [GC (Allocation Failure)  94397K->637K(435712K), 0.0004876 secs]
31.356: Total time for which application threads were stopped: 0.0006352 seconds, Stopping threads took: 0.0000216 seconds
31.414: [GC (Allocation Failure)  92797K->605K(434176K), 0.0005547 secs]
31.414: Total time for which application threads were stopped: 0.0007149 seconds, Stopping threads took: 0.0000310 seconds
31.471: [GC (Allocation Failure)  91229K->669K(432640K), 0.0006119 secs]
31.472: Total time for which application threads were stopped: 0.0007384 seconds, Stopping threads took: 0.0000222 seconds
31.533: [GC (Allocation Failure)  89757K->637K(431104K), 0.0004469 secs]
31.533: Total time for which application threads were stopped: 0.0005630 seconds, Stopping threads took: 0.0000170 seconds
31.595: [GC (Allocation Failure)  88189K->637K(429568K), 0.0004839 secs]
31.596: Total time for which application threads were stopped: 0.0006172 seconds, Stopping threads took: 0.0000193 seconds
31.656: [GC (Allocation Failure)  86653K->669K(428032K), 0.0005228 secs]
31.657: Total time for which application threads were stopped: 0.0006797 seconds, Stopping threads took: 0.0000294 seconds
31.709: [GC (Allocation Failure)  85149K->669K(426496K), 0.0004848 secs]
31.710: Total time for which application threads were stopped: 0.0006030 seconds, Stopping threads took: 0.0000185 seconds
31.762: [GC (Allocation Failure)  83613K->669K(424960K), 0.0005062 secs]
31.763: Total time for which application threads were stopped: 0.0006347 seconds, Stopping threads took: 0.0000205 seconds
31.814: [GC (Allocation Failure)  82077K->637K(423424K), 0.0004582 secs]
31.815: Total time for which application threads were stopped: 0.0005796 seconds, Stopping threads took: 0.0000244 seconds
31.865: [GC (Allocation Failure)  80509K->669K(422400K), 0.0004529 secs]
31.866: Total time for which application threads were stopped: 0.0005679 seconds, Stopping threads took: 0.0000195 seconds
31.921: [GC (Allocation Failure)  79517K->637K(421376K), 0.0005060 secs]
31.921: Total time for which application threads were stopped: 0.0006137 seconds, Stopping threads took: 0.0000167 seconds
31.970: [GC (Allocation Failure)  78461K->669K(420352K), 0.0006431 secs]
31.971: Total time for which application threads were stopped: 0.0007630 seconds, Stopping threads took: 0.0000200 seconds
32.020: [GC (Allocation Failure)  77469K->637K(419328K), 0.0004286 secs]
32.020: Total time for which application threads were stopped: 0.0005574 seconds, Stopping threads took: 0.0000354 seconds
32.068: [GC (Allocation Failure)  76413K->669K(418304K), 0.0004945 secs]
32.069: Total time for which application threads were stopped: 0.0006369 seconds, Stopping threads took: 0.0000276 seconds
32.121: [GC (Allocation Failure)  75421K->669K(417280K), 0.0004652 secs]
32.122: Total time for which application threads were stopped: 0.0005938 seconds, Stopping threads took: 0.0000221 seconds
32.169: [GC (Allocation Failure)  74397K->669K(416256K), 0.0004860 secs]
32.169: Total time for which application threads were stopped: 0.0006220 seconds, Stopping threads took: 0.0000198 seconds
32.221: [GC (Allocation Failure)  73373K->605K(415232K), 0.0006254 secs]
32.221: Total time for which application threads were stopped: 0.0007734 seconds, Stopping threads took: 0.0000224 seconds
32.272: [GC (Allocation Failure)  72285K->669K(414208K), 0.0005506 secs]
32.273: Total time for which application threads were stopped: 0.0006849 seconds, Stopping threads took: 0.0000214 seconds
32.317: [GC (Allocation Failure)  71325K->605K(413184K), 0.0006677 secs]
32.318: Total time for which application threads were stopped: 0.0008032 seconds, Stopping threads took: 0.0000283 seconds
32.362: [GC (Allocation Failure)  70237K->637K(412160K), 0.0004853 secs]
32.362: Total time for which application threads were stopped: 0.0006267 seconds, Stopping threads took: 0.0000206 seconds
32.406: [GC (Allocation Failure)  69245K->637K(425984K), 0.0007674 secs]
32.407: Total time for which application threads were stopped: 0.0009178 seconds, Stopping threads took: 0.0000220 seconds
32.461: [GC (Allocation Failure)  83069K->637K(442880K), 0.0005926 secs]
32.462: Total time for which application threads were stopped: 0.0007449 seconds, Stopping threads took: 0.0000298 seconds
32.526: [GC (Allocation Failure)  99965K->733K(440832K), 0.0004203 secs]
32.526: Total time for which application threads were stopped: 0.0005513 seconds, Stopping threads took: 0.0000285 seconds
32.592: [GC (Allocation Failure)  98013K->669K(438784K), 0.0006129 secs]
32.592: Total time for which application threads were stopped: 0.0007372 seconds, Stopping threads took: 0.0000276 seconds
32.652: [GC (Allocation Failure)  95901K->669K(437248K), 0.0005094 secs]
32.653: Total time for which application threads were stopped: 0.0006518 seconds, Stopping threads took: 0.0000286 seconds
32.711: [GC (Allocation Failure)  94365K->637K(435712K), 0.0005982 secs]
32.712: Total time for which application threads were stopped: 0.0007439 seconds, Stopping threads took: 0.0000213 seconds
32.773: [GC (Allocation Failure)  92797K->701K(434176K), 0.0005251 secs]
32.774: Total time for which application threads were stopped: 0.0006704 seconds, Stopping threads took: 0.0000221 seconds
32.838: [GC (Allocation Failure)  91325K->637K(432640K), 0.0005109 secs]
32.838: Total time for which application threads were stopped: 0.0006341 seconds, Stopping threads took: 0.0000171 seconds
32.895: [GC (Allocation Failure)  89725K->701K(431104K), 0.0004326 secs]
32.895: Total time for which application threads were stopped: 0.0005549 seconds, Stopping threads took: 0.0000272 seconds
32.957: [GC (Allocation Failure)  88253K->701K(429568K), 0.0005484 secs]
32.958: Total time for which application threads were stopped: 0.0006748 seconds, Stopping threads took: 0.0000198 seconds
33.013: [GC (Allocation Failure)  86717K->733K(428032K), 0.0004118 secs]
33.013: Total time for which application threads were stopped: 0.0005380 seconds, Stopping threads took: 0.0000261 seconds
33.072: [GC (Allocation Failure)  85213K->701K(426496K), 0.0003748 secs]
33.072: Total time for which application threads were stopped: 0.0004853 seconds, Stopping threads took: 0.0000169 seconds
33.128: [GC (Allocation Failure)  83645K->605K(424960K), 0.0005507 secs]
33.128: Total time for which application threads were stopped: 0.0006561 seconds, Stopping threads took: 0.0000176 seconds
33.186: [GC (Allocation Failure)  82013K->605K(423424K), 0.0005927 secs]
33.186: Total time for which application threads were stopped: 0.0007228 seconds, Stopping threads took: 0.0000193 seconds
33.237: [GC (Allocation Failure)  80477K->637K(422400K), 0.0006164 secs]
33.237: Total time for which application threads were stopped: 0.0007548 seconds, Stopping threads took: 0.0000215 seconds
33.287: [GC (Allocation Failure)  79485K->701K(421376K), 0.0005846 secs]
33.287: Total time for which application threads were stopped: 0.0007148 seconds, Stopping threads took: 0.0000208 seconds
33.336: [GC (Allocation Failure)  78525K->637K(420352K), 0.0005974 secs]
33.337: Total time for which application threads were stopped: 0.0007449 seconds, Stopping threads took: 0.0000222 seconds
33.392: [GC (Allocation Failure)  77437K->669K(419328K), 0.0006057 secs]
33.392: Total time for which application threads were stopped: 0.0007329 seconds, Stopping threads took: 0.0000220 seconds
33.440: [GC (Allocation Failure)  76445K->669K(418304K), 0.0004698 secs]
33.440: Total time for which application threads were stopped: 0.0005759 seconds, Stopping threads took: 0.0000168 seconds
33.487: [GC (Allocation Failure)  75421K->701K(417280K), 0.0005003 secs]
33.488: Total time for which application threads were stopped: 0.0006111 seconds, Stopping threads took: 0.0000175 seconds
33.538: [GC (Allocation Failure)  74429K->605K(416256K), 0.0004842 secs]
33.539: Total time for which application threads were stopped: 0.0006290 seconds, Stopping threads took: 0.0000219 seconds
33.585: [GC (Allocation Failure)  73309K->637K(415232K), 0.0006526 secs]
33.585: Total time for which application threads were stopped: 0.0007909 seconds, Stopping threads took: 0.0000220 seconds
33.630: [GC (Allocation Failure)  72317K->669K(414208K), 0.0005032 secs]
33.631: Total time for which application threads were stopped: 0.0006375 seconds, Stopping threads took: 0.0000283 seconds
33.675: [GC (Allocation Failure)  71325K->701K(413184K), 0.0005156 secs]
33.676: Total time for which application threads were stopped: 0.0006484 seconds, Stopping threads took: 0.0000211 seconds
33.720: [GC (Allocation Failure)  70333K->669K(412160K), 0.0005198 secs]
33.720: Total time for which application threads were stopped: 0.0006529 seconds, Stopping threads took: 0.0000208 seconds
33.764: [GC (Allocation Failure)  69277K->669K(411136K), 0.0004957 secs]
33.764: Total time for which application threads were stopped: 0.0006319 seconds, Stopping threads took: 0.0000217 seconds
33.807: [GC (Allocation Failure)  68253K->637K(410112K), 0.0005438 secs]
33.808: Total time for which application threads were stopped: 0.0006704 seconds, Stopping threads took: 0.0000284 seconds
33.852: [GC (Allocation Failure)  67197K->637K(409088K), 0.0004959 secs]
33.853: Total time for which application threads were stopped: 0.0006258 seconds, Stopping threads took: 0.0000279 seconds
33.897: [GC (Allocation Failure)  66173K->669K(408064K), 0.0004948 secs]
33.898: Total time for which application threads were stopped: 0.0006188 seconds, Stopping threads took: 0.0000270 seconds
33.939: [GC (Allocation Failure)  65181K->637K(407040K), 0.0004800 secs]
33.939: Total time for which application threads were stopped: 0.0005982 seconds, Stopping threads took: 0.0000199 seconds
33.984: [GC (Allocation Failure)  64125K->669K(406016K), 0.0005352 secs]
33.985: Total time for which application threads were stopped: 0.0006587 seconds, Stopping threads took: 0.0000199 seconds
34.028: [GC (Allocation Failure)  63133K->669K(405504K), 0.0004996 secs]
34.028: Total time for which application threads were stopped: 0.0006261 seconds, Stopping threads took: 0.0000274 seconds
34.067: [GC (Allocation Failure)  62621K->637K(418304K), 0.0005769 secs]
34.068: Total time for which application threads were stopped: 0.0007158 seconds, Stopping threads took: 0.0000268 seconds
34.121: [GC (Allocation Failure)  75389K->637K(417280K), 0.0004799 secs]
34.122: Total time for which application threads were stopped: 0.0005982 seconds, Stopping threads took: 0.0000192 seconds
34.168: [GC (Allocation Failure)  74365K->733K(416256K), 0.0004823 secs]
34.169: Total time for which application threads were stopped: 0.0005971 seconds, Stopping threads took: 0.0000189 seconds
34.214: [GC (Allocation Failure)  73437K->605K(431104K), 0.0006297 secs]
34.215: Total time for which application threads were stopped: 0.0007539 seconds, Stopping threads took: 0.0000272 seconds
34.270: [GC (Allocation Failure)  88157K->637K(429568K), 0.0004415 secs]
34.270: Total time for which application threads were stopped: 0.0005741 seconds, Stopping threads took: 0.0000187 seconds
34.329: [GC (Allocation Failure)  86653K->669K(428032K), 0.0004749 secs]
34.330: Total time for which application threads were stopped: 0.0006024 seconds, Stopping threads took: 0.0000205 seconds
34.389: [GC (Allocation Failure)  85149K->637K(426496K), 0.0004936 secs]
34.390: Total time for which application threads were stopped: 0.0006369 seconds, Stopping threads took: 0.0000218 seconds
34.442: [GC (Allocation Failure)  83581K->701K(424960K), 0.0005704 secs]
34.442: Total time for which application threads were stopped: 0.0006947 seconds, Stopping threads took: 0.0000200 seconds
34.497: [GC (Allocation Failure)  82109K->701K(423424K), 0.0005274 secs]
34.498: Total time for which application threads were stopped: 0.0006914 seconds, Stopping threads took: 0.0000537 seconds
34.548: [GC (Allocation Failure)  80573K->637K(422400K), 0.0004206 secs]
34.548: Total time for which application threads were stopped: 0.0005471 seconds, Stopping threads took: 0.0000174 seconds
34.598: [GC (Allocation Failure)  79485K->637K(421376K), 0.0004037 secs]
34.598: Total time for which application threads were stopped: 0.0005220 seconds, Stopping threads took: 0.0000175 seconds
34.653: [GC (Allocation Failure)  78461K->637K(420352K), 0.0004847 secs]
34.654: Total time for which application threads were stopped: 0.0006167 seconds, Stopping threads took: 0.0000200 seconds
34.709: [GC (Allocation Failure)  77437K->669K(419328K), 0.0006203 secs]
34.709: Total time for which application threads were stopped: 0.0007431 seconds, Stopping threads took: 0.0000214 seconds
34.763: [GC (Allocation Failure)  76445K->637K(418304K), 0.0004195 secs]
34.764: Total time for which application threads were stopped: 0.0005365 seconds, Stopping threads took: 0.0000164 seconds
34.816: [GC (Allocation Failure)  75389K->669K(417280K), 0.0005985 secs]
34.816: Total time for which application threads were stopped: 0.0007127 seconds, Stopping threads took: 0.0000267 seconds
34.866: [GC (Allocation Failure)  74397K->669K(416256K), 0.0004588 secs]
34.867: Total time for which application threads were stopped: 0.0006054 seconds, Stopping threads took: 0.0000203 seconds
34.917: [GC (Allocation Failure)  73373K->637K(415232K), 0.0004514 secs]
34.917: Total time for which application threads were stopped: 0.0006204 seconds, Stopping threads took: 0.0000254 seconds
34.968: [GC (Allocation Failure)  72317K->637K(414208K), 0.0004591 secs]
34.969: Total time for which application threads were stopped: 0.0005732 seconds, Stopping threads took: 0.0000193 seconds
35.013: [GC (Allocation Failure)  71293K->637K(413184K), 0.0004465 secs]
35.014: Total time for which application threads were stopped: 0.0005640 seconds, Stopping threads took: 0.0000252 seconds
35.058: [GC (Allocation Failure)  70269K->669K(412160K), 0.0005063 secs]
35.058: Total time for which application threads were stopped: 0.0006300 seconds, Stopping threads took: 0.0000272 seconds
35.101: [GC (Allocation Failure)  69277K->605K(411136K), 0.0004420 secs]
35.102: Total time for which application threads were stopped: 0.0005591 seconds, Stopping threads took: 0.0000199 seconds
35.150: [GC (Allocation Failure)  68189K->637K(410112K), 0.0004574 secs]
35.150: Total time for which application threads were stopped: 0.0005756 seconds, Stopping threads took: 0.0000187 seconds
35.199: [GC (Allocation Failure)  67197K->669K(409088K), 0.0005459 secs]
35.199: Total time for which application threads were stopped: 0.0006754 seconds, Stopping threads took: 0.0000285 seconds
35.246: [GC (Allocation Failure)  66205K->637K(408064K), 0.0005954 secs]
35.247: Total time for which application threads were stopped: 0.0007348 seconds, Stopping threads took: 0.0000211 seconds
35.293: [GC (Allocation Failure)  65149K->637K(407040K), 0.0005937 secs]
35.293: Total time for which application threads were stopped: 0.0007365 seconds, Stopping threads took: 0.0000225 seconds
35.337: [GC (Allocation Failure)  64125K->637K(406016K), 0.0005147 secs]
35.338: Total time for which application threads were stopped: 0.0006623 seconds, Stopping threads took: 0.0000226 seconds
35.380: [GC (Allocation Failure)  63101K->669K(405504K), 0.0005199 secs]
35.381: Total time for which application threads were stopped: 0.0006637 seconds, Stopping threads took: 0.0000225 seconds
35.420: [GC (Allocation Failure)  62621K->669K(418304K), 0.0005305 secs]
35.420: Total time for which application threads were stopped: 0.0006601 seconds, Stopping threads took: 0.0000278 seconds
35.468: [GC (Allocation Failure)  75421K->669K(433664K), 0.0007080 secs]
35.469: Total time for which application threads were stopped: 0.0008493 seconds, Stopping threads took: 0.0000288 seconds
35.526: [GC (Allocation Failure)  90781K->637K(432128K), 0.0004158 secs]
35.527: Total time for which application threads were stopped: 0.0005381 seconds, Stopping threads took: 0.0000200 seconds
35.583: [GC (Allocation Failure)  89213K->669K(430592K), 0.0005749 secs]
35.583: Total time for which application threads were stopped: 0.0007004 seconds, Stopping threads took: 0.0000211 seconds
35.639: [GC (Allocation Failure)  87709K->637K(429056K), 0.0005372 secs]
35.639: Total time for which application threads were stopped: 0.0006559 seconds, Stopping threads took: 0.0000201 seconds
35.698: [GC (Allocation Failure)  86141K->605K(427520K), 0.0005230 secs]
35.698: Total time for which application threads were stopped: 0.0006726 seconds, Stopping threads took: 0.0000292 seconds
35.751: [GC (Allocation Failure)  84573K->637K(425984K), 0.0004816 secs]
35.752: Total time for which application threads were stopped: 0.0006044 seconds, Stopping threads took: 0.0000200 seconds
35.804: [GC (Allocation Failure)  83069K->637K(424448K), 0.0006306 secs]
35.805: Total time for which application threads were stopped: 0.0007805 seconds, Stopping threads took: 0.0000250 seconds
35.857: [GC (Allocation Failure)  81533K->701K(422912K), 0.0004699 secs]
35.857: Total time for which application threads were stopped: 0.0005820 seconds, Stopping threads took: 0.0000191 seconds
35.907: [GC (Allocation Failure)  80061K->637K(421888K), 0.0005596 secs]
35.908: Total time for which application threads were stopped: 0.0006894 seconds, Stopping threads took: 0.0000259 seconds
35.958: [GC (Allocation Failure)  78973K->637K(420864K), 0.0005915 secs]
35.959: Total time for which application threads were stopped: 0.0007414 seconds, Stopping threads took: 0.0000255 seconds
36.008: [GC (Allocation Failure)  77949K->701K(419840K), 0.0004036 secs]
36.008: Total time for which application threads were stopped: 0.0005219 seconds, Stopping threads took: 0.0000257 seconds
36.056: [GC (Allocation Failure)  76989K->669K(418816K), 0.0005111 secs]
36.057: Total time for which application threads were stopped: 0.0006524 seconds, Stopping threads took: 0.0000250 seconds
36.109: [GC (Allocation Failure)  75933K->701K(417792K), 0.0005035 secs]
36.110: Total time for which application threads were stopped: 0.0006395 seconds, Stopping threads took: 0.0000202 seconds
36.161: [GC (Allocation Failure)  74941K->669K(416768K), 0.0005526 secs]
36.161: Total time for which application threads were stopped: 0.0006760 seconds, Stopping threads took: 0.0000197 seconds
36.208: [GC (Allocation Failure)  73885K->637K(415744K), 0.0005053 secs]
36.208: Total time for which application threads were stopped: 0.0006430 seconds, Stopping threads took: 0.0000287 seconds
36.254: [GC (Allocation Failure)  72829K->605K(414720K), 0.0005182 secs]
36.254: Total time for which application threads were stopped: 0.0006557 seconds, Stopping threads took: 0.0000251 seconds
36.305: [GC (Allocation Failure)  71773K->637K(413696K), 0.0006518 secs]
36.306: Total time for which application threads were stopped: 0.0007942 seconds, Stopping threads took: 0.0000217 seconds
36.350: [GC (Allocation Failure)  70781K->733K(428032K), 0.0006905 secs]
36.350: Total time for which application threads were stopped: 0.0008284 seconds, Stopping threads took: 0.0000296 seconds
36.404: [GC (Allocation Failure)  85213K->573K(426496K), 0.0004681 secs]
36.404: Total time for which application threads were stopped: 0.0005983 seconds, Stopping threads took: 0.0000212 seconds
36.456: [GC (Allocation Failure)  83517K->669K(424960K), 0.0005074 secs]
36.457: Total time for which application threads were stopped: 0.0006415 seconds, Stopping threads took: 0.0000209 seconds
36.508: [GC (Allocation Failure)  82077K->669K(423424K), 0.0004897 secs]
36.509: Total time for which application threads were stopped: 0.0006205 seconds, Stopping threads took: 0.0000264 seconds
36.559: [GC (Allocation Failure)  80541K->637K(422400K), 0.0006707 secs]
36.560: Total time for which application threads were stopped: 0.0008070 seconds, Stopping threads took: 0.0000214 seconds
36.609: [GC (Allocation Failure)  79485K->637K(421376K), 0.0005922 secs]
36.610: Total time for which application threads were stopped: 0.0007353 seconds, Stopping threads took: 0.0000228 seconds
36.659: [GC (Allocation Failure)  78461K->637K(420352K), 0.0004385 secs]
36.659: Total time for which application threads were stopped: 0.0005676 seconds, Stopping threads took: 0.0000223 seconds
36.712: [GC (Allocation Failure)  77437K->669K(419328K), 0.0004009 secs]
36.713: Total time for which application threads were stopped: 0.0005182 seconds, Stopping threads took: 0.0000254 seconds
36.761: [GC (Allocation Failure)  76445K->637K(418304K), 0.0004079 secs]
36.761: Total time for which application threads were stopped: 0.0005145 seconds, Stopping threads took: 0.0000175 seconds
36.809: [GC (Allocation Failure)  75389K->605K(417280K), 0.0005888 secs]
36.810: Total time for which application threads were stopped: 0.0007206 seconds, Stopping threads took: 0.0000248 seconds
36.857: [GC (Allocation Failure)  74333K->669K(416256K), 0.0005260 secs]
36.857: Total time for which application threads were stopped: 0.0006390 seconds, Stopping threads took: 0.0000197 seconds
36.904: [GC (Allocation Failure)  73373K->637K(415232K), 0.0005098 secs]
36.904: Total time for which application threads were stopped: 0.0006433 seconds, Stopping threads took: 0.0000281 seconds
36.950: [GC (Allocation Failure)  72317K->637K(414208K), 0.0005027 secs]
36.950: Total time for which application threads were stopped: 0.0006281 seconds, Stopping threads took: 0.0000202 seconds
36.995: [GC (Allocation Failure)  71293K->637K(413184K), 0.0005336 secs]
36.996: Total time for which application threads were stopped: 0.0007020 seconds, Stopping threads took: 0.0000295 seconds
37.043: [GC (Allocation Failure)  70269K->637K(412160K), 0.0004866 secs]
37.043: Total time for which application threads were stopped: 0.0006227 seconds, Stopping threads took: 0.0000275 seconds
37.087: [GC (Allocation Failure)  69245K->605K(411136K), 0.0004835 secs]
37.087: Total time for which application threads were stopped: 0.0006147 seconds, Stopping threads took: 0.0000223 seconds
37.130: [GC (Allocation Failure)  68189K->669K(424960K), 0.0006706 secs]
37.130: Total time for which application threads were stopped: 0.0007936 seconds, Stopping threads took: 0.0000269 seconds
37.188: [GC (Allocation Failure)  82077K->637K(423424K), 0.0004723 secs]
37.188: Total time for which application threads were stopped: 0.0005792 seconds, Stopping threads took: 0.0000165 seconds
37.238: [GC (Allocation Failure)  80509K->637K(422400K), 0.0004172 secs]
37.239: Total time for which application threads were stopped: 0.0005266 seconds, Stopping threads took: 0.0000167 seconds
37.292: [GC (Allocation Failure)  79485K->701K(421376K), 0.0005113 secs]
37.292: Total time for which application threads were stopped: 0.0006204 seconds, Stopping threads took: 0.0000175 seconds
37.341: [GC (Allocation Failure)  78525K->637K(420352K), 0.0005108 secs]
37.342: Total time for which application threads were stopped: 0.0006362 seconds, Stopping threads took: 0.0000199 seconds
37.390: [GC (Allocation Failure)  77437K->669K(419328K), 0.0005394 secs]
37.391: Total time for which application threads were stopped: 0.0006813 seconds, Stopping threads took: 0.0000216 seconds
37.444: [GC (Allocation Failure)  76445K->669K(418304K), 0.0004568 secs]
37.445: Total time for which application threads were stopped: 0.0005916 seconds, Stopping threads took: 0.0000302 seconds
37.499: [GC (Allocation Failure)  75421K->733K(417280K), 0.0004673 secs]
37.499: Total time for which application threads were stopped: 0.0005863 seconds, Stopping threads took: 0.0000172 seconds
37.546: [GC (Allocation Failure)  74461K->669K(416256K), 0.0007112 secs]
37.547: Total time for which application threads were stopped: 0.0008541 seconds, Stopping threads took: 0.0000264 seconds
37.596: [GC (Allocation Failure)  73373K->637K(415232K), 0.0005173 secs]
37.597: Total time for which application threads were stopped: 0.0006583 seconds, Stopping threads took: 0.0000212 seconds
37.647: [GC (Allocation Failure)  72317K->605K(414208K), 0.0006140 secs]
37.648: Total time for which application threads were stopped: 0.0007534 seconds, Stopping threads took: 0.0000219 seconds
37.692: [GC (Allocation Failure)  71261K->669K(413184K), 0.0004745 secs]
37.693: Total time for which application threads were stopped: 0.0005977 seconds, Stopping threads took: 0.0000202 seconds
37.736: [GC (Allocation Failure)  70301K->637K(412160K), 0.0005182 secs]
37.737: Total time for which application threads were stopped: 0.0006490 seconds, Stopping threads took: 0.0000198 seconds
37.780: [GC (Allocation Failure)  69245K->669K(411136K), 0.0005416 secs]
37.781: Total time for which application threads were stopped: 0.0006952 seconds, Stopping threads took: 0.0000303 seconds
37.830: [GC (Allocation Failure)  68253K->637K(410112K), 0.0005828 secs]
37.831: Total time for which application threads were stopped: 0.0007022 seconds, Stopping threads took: 0.0000255 seconds
37.873: [GC (Allocation Failure)  67197K->669K(423424K), 0.0005564 secs]
37.873: Total time for which application threads were stopped: 0.0006941 seconds, Stopping threads took: 0.0000280 seconds
37.923: [GC (Allocation Failure)  80541K->669K(439808K), 0.0005934 secs]
37.924: Total time for which application threads were stopped: 0.0007494 seconds, Stopping threads took: 0.0000284 seconds
37.991: [GC (Allocation Failure)  96925K->669K(437760K), 0.0005398 secs]
37.991: Total time for which application threads were stopped: 0.0006633 seconds, Stopping threads took: 0.0000199 seconds
38.051: [GC (Allocation Failure)  94877K->669K(436224K), 0.0005048 secs]
38.052: Total time for which application threads were stopped: 0.0006393 seconds, Stopping threads took: 0.0000264 seconds
38.110: [GC (Allocation Failure)  93341K->669K(434688K), 0.0005406 secs]
38.111: Total time for which application threads were stopped: 0.0006700 seconds, Stopping threads took: 0.0000223 seconds
38.168: [GC (Allocation Failure)  91805K->573K(433152K), 0.0006399 secs]
38.169: Total time for which application threads were stopped: 0.0007895 seconds, Stopping threads took: 0.0000248 seconds
38.226: [GC (Allocation Failure)  90173K->669K(431616K), 0.0005801 secs]
38.226: Total time for which application threads were stopped: 0.0007189 seconds, Stopping threads took: 0.0000215 seconds
38.282: [GC (Allocation Failure)  88733K->669K(430080K), 0.0005222 secs]
38.282: Total time for which application threads were stopped: 0.0006699 seconds, Stopping threads took: 0.0000227 seconds
38.337: [GC (Allocation Failure)  87197K->669K(428544K), 0.0004831 secs]
38.338: Total time for which application threads were stopped: 0.0006186 seconds, Stopping threads took: 0.0000240 seconds
38.398: [GC (Allocation Failure)  85661K->669K(427008K), 0.0005571 secs]
38.399: Total time for which application threads were stopped: 0.0006881 seconds, Stopping threads took: 0.0000217 seconds
38.451: [GC (Allocation Failure)  84125K->637K(425472K), 0.0005494 secs]
38.452: Total time for which application threads were stopped: 0.0006956 seconds, Stopping threads took: 0.0000289 seconds
38.503: [GC (Allocation Failure)  82557K->637K(423936K), 0.0003821 secs]
38.504: Total time for which application threads were stopped: 0.0005099 seconds, Stopping threads took: 0.0000257 seconds
38.555: [GC (Allocation Failure)  81021K->637K(422400K), 0.0005111 secs]
38.555: Total time for which application threads were stopped: 0.0006516 seconds, Stopping threads took: 0.0000276 seconds
38.610: [GC (Allocation Failure)  79485K->669K(421376K), 0.0006092 secs]
38.610: Total time for which application threads were stopped: 0.0007281 seconds, Stopping threads took: 0.0000195 seconds
38.663: [GC (Allocation Failure)  78493K->669K(420352K), 0.0004689 secs]
38.664: Total time for which application threads were stopped: 0.0006039 seconds, Stopping threads took: 0.0000223 seconds
38.716: [GC (Allocation Failure)  77469K->637K(419328K), 0.0005008 secs]
38.717: Total time for which application threads were stopped: 0.0006307 seconds, Stopping threads took: 0.0000282 seconds
38.770: [GC (Allocation Failure)  76413K->669K(418304K), 0.0004723 secs]
38.771: Total time for which application threads were stopped: 0.0005962 seconds, Stopping threads took: 0.0000275 seconds
38.819: [GC (Allocation Failure)  75421K->701K(417280K), 0.0004546 secs]
38.819: Total time for which application threads were stopped: 0.0005814 seconds, Stopping threads took: 0.0000268 seconds
38.871: [GC (Allocation Failure)  74429K->605K(416256K), 0.0006470 secs]
38.871: Total time for which application threads were stopped: 0.0007706 seconds, Stopping threads took: 0.0000271 seconds
38.922: [GC (Allocation Failure)  73309K->669K(415232K), 0.0004559 secs]
38.922: Total time for which application threads were stopped: 0.0005847 seconds, Stopping threads took: 0.0000272 seconds
38.967: [GC (Allocation Failure)  72349K->637K(414208K), 0.0004770 secs]
38.968: Total time for which application threads were stopped: 0.0006158 seconds, Stopping threads took: 0.0000216 seconds
39.017: [GC (Allocation Failure)  71293K->669K(413184K), 0.0004919 secs]
39.018: Total time for which application threads were stopped: 0.0006303 seconds, Stopping threads took: 0.0000257 seconds
39.062: [GC (Allocation Failure)  70301K->669K(412160K), 0.0006836 secs]
39.062: Total time for which application threads were stopped: 0.0008297 seconds, Stopping threads took: 0.0000262 seconds
39.106: [GC (Allocation Failure)  69277K->669K(411136K), 0.0004969 secs]
39.106: Total time for which application threads were stopped: 0.0006316 seconds, Stopping threads took: 0.0000216 seconds
39.149: [GC (Allocation Failure)  68253K->669K(424960K), 0.0006155 secs]
39.149: Total time for which application threads were stopped: 0.0007688 seconds, Stopping threads took: 0.0000310 seconds
39.201: [GC (Allocation Failure)  82077K->637K(423424K), 0.0005118 secs]
39.201: Total time for which application threads were stopped: 0.0006606 seconds, Stopping threads took: 0.0000295 seconds
39.257: [GC (Allocation Failure)  80509K->637K(422400K), 0.0005119 secs]
39.258: Total time for which application threads were stopped: 0.0006543 seconds, Stopping threads took: 0.0000215 seconds
39.313: [GC (Allocation Failure)  79485K->701K(421376K), 0.0004920 secs]
39.314: Total time for which application threads were stopped: 0.0006402 seconds, Stopping threads took: 0.0000298 seconds
39.363: [GC (Allocation Failure)  78525K->669K(420352K), 0.0006332 secs]
39.364: Total time for which application threads were stopped: 0.0007624 seconds, Stopping threads took: 0.0000225 seconds
39.419: [GC (Allocation Failure)  77469K->637K(419328K), 0.0004172 secs]
39.420: Total time for which application threads were stopped: 0.0005329 seconds, Stopping threads took: 0.0000172 seconds
39.467: [GC (Allocation Failure)  76413K->701K(418304K), 0.0004531 secs]
39.468: Total time for which application threads were stopped: 0.0005742 seconds, Stopping threads took: 0.0000198 seconds
39.515: [GC (Allocation Failure)  75453K->669K(417280K), 0.0005228 secs]
39.516: Total time for which application threads were stopped: 0.0006541 seconds, Stopping threads took: 0.0000272 seconds
39.562: [GC (Allocation Failure)  74397K->669K(416256K), 0.0006570 secs]
39.563: Total time for which application threads were stopped: 0.0007940 seconds, Stopping threads took: 0.0000208 seconds
39.609: [GC (Allocation Failure)  73373K->669K(415232K), 0.0004961 secs]
39.609: Total time for which application threads were stopped: 0.0006281 seconds, Stopping threads took: 0.0000224 seconds
39.654: [GC (Allocation Failure)  72349K->605K(414208K), 0.0004522 secs]
39.655: Total time for which application threads were stopped: 0.0005724 seconds, Stopping threads took: 0.0000198 seconds
39.699: [GC (Allocation Failure)  71261K->637K(413184K), 0.0006037 secs]
39.700: Total time for which application threads were stopped: 0.0007685 seconds, Stopping threads took: 0.0000208 seconds
39.744: [GC (Allocation Failure)  70269K->701K(427520K), 0.0006889 secs]
39.745: Total time for which application threads were stopped: 0.0008217 seconds, Stopping threads took: 0.0000303 seconds
39.803: [GC (Allocation Failure)  84669K->605K(425984K), 0.0005205 secs]
39.804: Total time for which application threads were stopped: 0.0006519 seconds, Stopping threads took: 0.0000275 seconds
39.856: [GC (Allocation Failure)  83037K->701K(424448K), 0.0004827 secs]
39.857: Total time for which application threads were stopped: 0.0006118 seconds, Stopping threads took: 0.0000204 seconds
39.911: [GC (Allocation Failure)  81597K->669K(422912K), 0.0004514 secs]
39.912: Total time for which application threads were stopped: 0.0005856 seconds, Stopping threads took: 0.0000301 seconds
39.962: [GC (Allocation Failure)  80029K->669K(421888K), 0.0005020 secs]
39.962: Total time for which application threads were stopped: 0.0006259 seconds, Stopping threads took: 0.0000199 seconds
40.012: [GC (Allocation Failure)  79005K->637K(420864K), 0.0004952 secs]
40.012: Total time for which application threads were stopped: 0.0006275 seconds, Stopping threads took: 0.0000227 seconds
40.061: [GC (Allocation Failure)  77949K->701K(419840K), 0.0005002 secs]
40.061: Total time for which application threads were stopped: 0.0006336 seconds, Stopping threads took: 0.0000210 seconds
40.112: [GC (Allocation Failure)  76989K->637K(418816K), 0.0005953 secs]
40.113: Total time for which application threads were stopped: 0.0007403 seconds, Stopping threads took: 0.0000213 seconds
40.167: [GC (Allocation Failure)  75901K->701K(417792K), 0.0005182 secs]
40.167: Total time for which application threads were stopped: 0.0006743 seconds, Stopping threads took: 0.0000230 seconds
40.220: [GC (Allocation Failure)  74941K->669K(416768K), 0.0005576 secs]
40.221: Total time for which application threads were stopped: 0.0006731 seconds, Stopping threads took: 0.0000217 seconds
40.273: [GC (Allocation Failure)  73885K->669K(415744K), 0.0004681 secs]
40.273: Total time for which application threads were stopped: 0.0005734 seconds, Stopping threads took: 0.0000168 seconds
40.322: [GC (Allocation Failure)  72861K->605K(414720K), 0.0005087 secs]
40.323: Total time for which application threads were stopped: 0.0006370 seconds, Stopping threads took: 0.0000275 seconds
40.368: [GC (Allocation Failure)  71773K->605K(413696K), 0.0006026 secs]
40.368: Total time for which application threads were stopped: 0.0007457 seconds, Stopping threads took: 0.0000214 seconds
40.412: [GC (Allocation Failure)  70749K->701K(412672K), 0.0004739 secs]
40.413: Total time for which application threads were stopped: 0.0006022 seconds, Stopping threads took: 0.0000285 seconds
40.463: [GC (Allocation Failure)  69821K->637K(411648K), 0.0005664 secs]
40.463: Total time for which application threads were stopped: 0.0006636 seconds, Stopping threads took: 0.0000162 seconds
40.506: [GC (Allocation Failure)  68733K->637K(410624K), 0.0003596 secs]
40.507: Total time for which application threads were stopped: 0.0004620 seconds, Stopping threads took: 0.0000168 seconds
40.549: [GC (Allocation Failure)  67709K->637K(409600K), 0.0005039 secs]
40.549: Total time for which application threads were stopped: 0.0006140 seconds, Stopping threads took: 0.0000171 seconds
40.597: [GC (Allocation Failure)  66685K->701K(408576K), 0.0004985 secs]
40.597: Total time for which application threads were stopped: 0.0006288 seconds, Stopping threads took: 0.0000210 seconds
40.639: [GC (Allocation Failure)  65725K->637K(407552K), 0.0005077 secs]
40.639: Total time for which application threads were stopped: 0.0006438 seconds, Stopping threads took: 0.0000204 seconds
40.683: [GC (Allocation Failure)  64637K->637K(406528K), 0.0004604 secs]
40.684: Total time for which application threads were stopped: 0.0005841 seconds, Stopping threads took: 0.0000290 seconds
40.729: [GC (Allocation Failure)  63613K->637K(405504K), 0.0004650 secs]
40.730: Total time for which application threads were stopped: 0.0005734 seconds, Stopping threads took: 0.0000170 seconds
40.769: [GC (Allocation Failure)  62589K->637K(404992K), 0.0004409 secs]
40.769: Total time for which application threads were stopped: 0.0005512 seconds, Stopping threads took: 0.0000163 seconds
40.812: [GC (Allocation Failure)  62077K->605K(404480K), 0.0004579 secs]
40.812: Total time for which application threads were stopped: 0.0005926 seconds, Stopping threads took: 0.0000249 seconds
40.854: [GC (Allocation Failure)  61533K->637K(403968K), 0.0004017 secs]
40.854: Total time for which application threads were stopped: 0.0005076 seconds, Stopping threads took: 0.0000169 seconds
40.892: [GC (Allocation Failure)  61053K->669K(403456K), 0.0004711 secs]
40.893: Total time for which application threads were stopped: 0.0005907 seconds, Stopping threads took: 0.0000200 seconds
40.937: [GC (Allocation Failure)  60573K->669K(402944K), 0.0004786 secs]
40.937: Total time for which application threads were stopped: 0.0005976 seconds, Stopping threads took: 0.0000193 seconds
40.980: [GC (Allocation Failure)  60061K->669K(402432K), 0.0005142 secs]
40.981: Total time for which application threads were stopped: 0.0006542 seconds, Stopping threads took: 0.0000218 seconds
41.022: [GC (Allocation Failure)  59549K->637K(401920K), 0.0004718 secs]
41.023: Total time for which application threads were stopped: 0.0006072 seconds, Stopping threads took: 0.0000254 seconds
41.060: [GC (Allocation Failure)  59005K->605K(401408K), 0.0004915 secs]
41.060: Total time for which application threads were stopped: 0.0006201 seconds, Stopping threads took: 0.0000163 seconds
41.097: [GC (Allocation Failure)  58461K->637K(400896K), 0.0004661 secs]
41.098: Total time for which application threads were stopped: 0.0005862 seconds, Stopping threads took: 0.0000199 seconds
41.139: [GC (Allocation Failure)  57981K->669K(400384K), 0.0005133 secs]
41.140: Total time for which application threads were stopped: 0.0006337 seconds, Stopping threads took: 0.0000188 seconds
41.175: [GC (Allocation Failure)  57501K->637K(412160K), 0.0004876 secs]
41.176: Total time for which application threads were stopped: 0.0006033 seconds, Stopping threads took: 0.0000184 seconds
41.220: [GC (Allocation Failure)  69245K->637K(425984K), 0.0005101 secs]
41.221: Total time for which application threads were stopped: 0.0006486 seconds, Stopping threads took: 0.0000171 seconds
41.272: [GC (Allocation Failure)  83069K->637K(424448K), 0.0004527 secs]
41.273: Total time for which application threads were stopped: 0.0005918 seconds, Stopping threads took: 0.0000192 seconds
41.329: [GC (Allocation Failure)  81533K->637K(422912K), 0.0005585 secs]
41.330: Total time for which application threads were stopped: 0.0006758 seconds, Stopping threads took: 0.0000192 seconds
41.386: [GC (Allocation Failure)  79997K->637K(421888K), 0.0005354 secs]
41.386: Total time for which application threads were stopped: 0.0006653 seconds, Stopping threads took: 0.0000279 seconds
41.436: [GC (Allocation Failure)  78973K->637K(420864K), 0.0005786 secs]
41.436: Total time for which application threads were stopped: 0.0006975 seconds, Stopping threads took: 0.0000197 seconds
41.485: [GC (Allocation Failure)  77949K->637K(419840K), 0.0004745 secs]
41.486: Total time for which application threads were stopped: 0.0006065 seconds, Stopping threads took: 0.0000277 seconds
41.535: [GC (Allocation Failure)  76925K->669K(418816K), 0.0005212 secs]
41.535: Total time for which application threads were stopped: 0.0006607 seconds, Stopping threads took: 0.0000258 seconds
41.588: [GC (Allocation Failure)  75933K->637K(417792K), 0.0005610 secs]
41.588: Total time for which application threads were stopped: 0.0006695 seconds, Stopping threads took: 0.0000167 seconds
41.642: [GC (Allocation Failure)  74877K->669K(416768K), 0.0004504 secs]
41.642: Total time for which application threads were stopped: 0.0005705 seconds, Stopping threads took: 0.0000199 seconds
41.688: [GC (Allocation Failure)  73885K->637K(415744K), 0.0004691 secs]
41.689: Total time for which application threads were stopped: 0.0005875 seconds, Stopping threads took: 0.0000197 seconds
41.741: [GC (Allocation Failure)  72829K->637K(414720K), 0.0004544 secs]
41.741: Total time for which application threads were stopped: 0.0005695 seconds, Stopping threads took: 0.0000195 seconds
41.786: [GC (Allocation Failure)  71805K->669K(413696K), 0.0004782 secs]
41.787: Total time for which application threads were stopped: 0.0005970 seconds, Stopping threads took: 0.0000197 seconds
41.832: [GC (Allocation Failure)  70813K->669K(412672K), 0.0006346 secs]
41.833: Total time for which application threads were stopped: 0.0007619 seconds, Stopping threads took: 0.0000277 seconds
41.879: [GC (Allocation Failure)  69789K->669K(411648K), 0.0004696 secs]
41.880: Total time for which application threads were stopped: 0.0005946 seconds, Stopping threads took: 0.0000278 seconds
41.923: [GC (Allocation Failure)  68765K->637K(410624K), 0.0005454 secs]
41.923: Total time for which application threads were stopped: 0.0006822 seconds, Stopping threads took: 0.0000194 seconds
41.971: [GC (Allocation Failure)  67709K->669K(409600K), 0.0005013 secs]
41.971: Total time for which application threads were stopped: 0.0006465 seconds, Stopping threads took: 0.0000216 seconds
42.013: [GC (Allocation Failure)  66717K->701K(408576K), 0.0004460 secs]
42.014: Total time for which application threads were stopped: 0.0005804 seconds, Stopping threads took: 0.0000272 seconds
42.055: [GC (Allocation Failure)  65725K->669K(407552K), 0.0004529 secs]
42.055: Total time for which application threads were stopped: 0.0005697 seconds, Stopping threads took: 0.0000255 seconds
42.096: [GC (Allocation Failure)  64669K->605K(420352K), 0.0006095 secs]
42.097: Total time for which application threads were stopped: 0.0007296 seconds, Stopping threads took: 0.0000201 seconds
42.149: [GC (Allocation Failure)  77405K->605K(435712K), 0.0006261 secs]
42.149: Total time for which application threads were stopped: 0.0007592 seconds, Stopping threads took: 0.0000293 seconds
42.213: [GC (Allocation Failure)  92765K->605K(434176K), 0.0005991 secs]
42.214: Total time for which application threads were stopped: 0.0007285 seconds, Stopping threads took: 0.0000272 seconds
42.271: [GC (Allocation Failure)  91229K->669K(432640K), 0.0004938 secs]
42.271: Total time for which application threads were stopped: 0.0006157 seconds, Stopping threads took: 0.0000215 seconds
42.332: [GC (Allocation Failure)  89757K->605K(431104K), 0.0005516 secs]
42.332: Total time for which application threads were stopped: 0.0006567 seconds, Stopping threads took: 0.0000165 seconds
42.387: [GC (Allocation Failure)  88157K->637K(429568K), 0.0003905 secs]
42.388: Total time for which application threads were stopped: 0.0004987 seconds, Stopping threads took: 0.0000167 seconds
42.442: [GC (Allocation Failure)  86653K->637K(428032K), 0.0004170 secs]
42.442: Total time for which application threads were stopped: 0.0005271 seconds, Stopping threads took: 0.0000173 seconds
42.501: [GC (Allocation Failure)  85117K->637K(426496K), 0.0004048 secs]
42.501: Total time for which application threads were stopped: 0.0005313 seconds, Stopping threads took: 0.0000178 seconds
42.554: [GC (Allocation Failure)  83581K->637K(424960K), 0.0003681 secs]
42.555: Total time for which application threads were stopped: 0.0004791 seconds, Stopping threads took: 0.0000164 seconds
42.606: [GC (Allocation Failure)  82045K->669K(423424K), 0.0004507 secs]
42.606: Total time for which application threads were stopped: 0.0005793 seconds, Stopping threads took: 0.0000259 seconds
42.663: [GC (Allocation Failure)  80541K->669K(422400K), 0.0006120 secs]
42.664: Total time for which application threads were stopped: 0.0007578 seconds, Stopping threads took: 0.0000225 seconds
42.720: [GC (Allocation Failure)  79517K->637K(421376K), 0.0005317 secs]
42.720: Total time for which application threads were stopped: 0.0006732 seconds, Stopping threads took: 0.0000230 seconds
42.769: [GC (Allocation Failure)  78461K->669K(420352K), 0.0006019 secs]
42.770: Total time for which application threads were stopped: 0.0007491 seconds, Stopping threads took: 0.0000296 seconds
42.820: [GC (Allocation Failure)  77469K->637K(419328K), 0.0004791 secs]
42.820: Total time for which application threads were stopped: 0.0005698 seconds, Stopping threads took: 0.0000144 seconds
42.874: [GC (Allocation Failure)  76413K->637K(418304K), 0.0005147 secs]
42.874: Total time for which application threads were stopped: 0.0006510 seconds, Stopping threads took: 0.0000272 seconds
42.925: [GC (Allocation Failure)  75389K->669K(417280K), 0.0004556 secs]
42.926: Total time for which application threads were stopped: 0.0005682 seconds, Stopping threads took: 0.0000193 seconds
42.973: [GC (Allocation Failure)  74397K->733K(416256K), 0.0004709 secs]
42.973: Total time for which application threads were stopped: 0.0005917 seconds, Stopping threads took: 0.0000196 seconds
43.025: [GC (Allocation Failure)  73437K->637K(415232K), 0.0004387 secs]
43.025: Total time for which application threads were stopped: 0.0005447 seconds, Stopping threads took: 0.0000166 seconds
43.071: [GC (Allocation Failure)  72317K->669K(414208K), 0.0004008 secs]
43.071: Total time for which application threads were stopped: 0.0005062 seconds, Stopping threads took: 0.0000175 seconds
43.116: [GC (Allocation Failure)  71325K->637K(413184K), 0.0003835 secs]
43.116: Total time for which application threads were stopped: 0.0004922 seconds, Stopping threads took: 0.0000168 seconds
43.161: [GC (Allocation Failure)  70269K->637K(412160K), 0.0004267 secs]
43.161: Total time for which application threads were stopped: 0.0005343 seconds, Stopping threads took: 0.0000171 seconds
43.204: [GC (Allocation Failure)  69245K->733K(411136K), 0.0004912 secs]
43.205: Total time for which application threads were stopped: 0.0006152 seconds, Stopping threads took: 0.0000251 seconds
43.248: [GC (Allocation Failure)  68317K->605K(410112K), 0.0004962 secs]
43.248: Total time for which application threads were stopped: 0.0006349 seconds, Stopping threads took: 0.0000206 seconds
43.294: [GC (Allocation Failure)  67165K->669K(409088K), 0.0005570 secs]
43.294: Total time for which application threads were stopped: 0.0006863 seconds, Stopping threads took: 0.0000271 seconds
43.342: [GC (Allocation Failure)  66205K->573K(408064K), 0.0005671 secs]
43.342: Total time for which application threads were stopped: 0.0006851 seconds, Stopping threads took: 0.0000195 seconds
43.383: [GC (Allocation Failure)  65085K->733K(407040K), 0.0004944 secs]
43.384: Total time for which application threads were stopped: 0.0006306 seconds, Stopping threads took: 0.0000287 seconds
43.424: [GC (Allocation Failure)  64221K->669K(406016K), 0.0005050 secs]
43.424: Total time for which application threads were stopped: 0.0006365 seconds, Stopping threads took: 0.0000217 seconds
43.464: [GC (Allocation Failure)  63133K->733K(418816K), 0.0005355 secs]
43.464: Total time for which application threads were stopped: 0.0006778 seconds, Stopping threads took: 0.0000292 seconds
43.517: [GC (Allocation Failure)  75997K->637K(417792K), 0.0003639 secs]
43.517: Total time for which application threads were stopped: 0.0004792 seconds, Stopping threads took: 0.0000253 seconds
43.564: [GC (Allocation Failure)  74877K->573K(416768K), 0.0006745 secs]
43.565: Total time for which application threads were stopped: 0.0007931 seconds, Stopping threads took: 0.0000156 seconds
43.611: [GC (Allocation Failure)  73789K->669K(431616K), 0.0006201 secs]
43.612: Total time for which application threads were stopped: 0.0007626 seconds, Stopping threads took: 0.0000215 seconds
43.673: [GC (Allocation Failure)  88733K->637K(430080K), 0.0004908 secs]
43.674: Total time for which application threads were stopped: 0.0006188 seconds, Stopping threads took: 0.0000219 seconds
43.735: [GC (Allocation Failure)  87165K->669K(428544K), 0.0004571 secs]
43.735: Total time for which application threads were stopped: 0.0005837 seconds, Stopping threads took: 0.0000275 seconds
43.795: [GC (Allocation Failure)  85661K->637K(427008K), 0.0004040 secs]
43.795: Total time for which application threads were stopped: 0.0005305 seconds, Stopping threads took: 0.0000170 seconds
43.852: [GC (Allocation Failure)  84093K->605K(425472K), 0.0004081 secs]
43.852: Total time for which application threads were stopped: 0.0005147 seconds, Stopping threads took: 0.0000171 seconds
43.903: [GC (Allocation Failure)  82525K->637K(423936K), 0.0005648 secs]
43.904: Total time for which application threads were stopped: 0.0006904 seconds, Stopping threads took: 0.0000188 seconds
43.961: [GC (Allocation Failure)  81021K->669K(422400K), 0.0005252 secs]
43.962: Total time for which application threads were stopped: 0.0006718 seconds, Stopping threads took: 0.0000218 seconds
44.014: [GC (Allocation Failure)  79517K->637K(421376K), 0.0004475 secs]
44.015: Total time for which application threads were stopped: 0.0005690 seconds, Stopping threads took: 0.0000261 seconds
44.069: [GC (Allocation Failure)  78461K->637K(420352K), 0.0004800 secs]
44.070: Total time for which application threads were stopped: 0.0005892 seconds, Stopping threads took: 0.0000172 seconds
44.118: [GC (Allocation Failure)  77437K->669K(419328K), 0.0006640 secs]
44.119: Total time for which application threads were stopped: 0.0007911 seconds, Stopping threads took: 0.0000209 seconds
44.166: [GC (Allocation Failure)  76445K->701K(418304K), 0.0005654 secs]
44.167: Total time for which application threads were stopped: 0.0006930 seconds, Stopping threads took: 0.0000223 seconds
44.219: [GC (Allocation Failure)  75453K->669K(417280K), 0.0005793 secs]
44.220: Total time for which application threads were stopped: 0.0007067 seconds, Stopping threads took: 0.0000198 seconds
44.266: [GC (Allocation Failure)  74397K->669K(416256K), 0.0005053 secs]
44.267: Total time for which application threads were stopped: 0.0006417 seconds, Stopping threads took: 0.0000193 seconds
44.317: [GC (Allocation Failure)  73373K->637K(415232K), 0.0004399 secs]
44.318: Total time for which application threads were stopped: 0.0005499 seconds, Stopping threads took: 0.0000168 seconds
44.363: [GC (Allocation Failure)  72317K->605K(414208K), 0.0004748 secs]
44.364: Total time for which application threads were stopped: 0.0006038 seconds, Stopping threads took: 0.0000277 seconds
44.408: [GC (Allocation Failure)  71261K->669K(413184K), 0.0004951 secs]
44.409: Total time for which application threads were stopped: 0.0006334 seconds, Stopping threads took: 0.0000193 seconds
44.458: [GC (Allocation Failure)  70301K->605K(412160K), 0.0005261 secs]
44.459: Total time for which application threads were stopped: 0.0006720 seconds, Stopping threads took: 0.0000222 seconds
44.508: [GC (Allocation Failure)  69213K->669K(411136K), 0.0004714 secs]
44.508: Total time for which application threads were stopped: 0.0006014 seconds, Stopping threads took: 0.0000222 seconds
44.556: [GC (Allocation Failure)  68253K->637K(410112K), 0.0004648 secs]
44.557: Total time for which application threads were stopped: 0.0005847 seconds, Stopping threads took: 0.0000199 seconds
44.599: [GC (Allocation Failure)  67197K->637K(409088K), 0.0004594 secs]
44.599: Total time for which application threads were stopped: 0.0005826 seconds, Stopping threads took: 0.0000267 seconds
44.640: [GC (Allocation Failure)  66173K->637K(408064K), 0.0004804 secs]
44.641: Total time for which application threads were stopped: 0.0006112 seconds, Stopping threads took: 0.0000271 seconds
44.682: [GC (Allocation Failure)  65149K->605K(407040K), 0.0005350 secs]
44.682: Total time for which application threads were stopped: 0.0006711 seconds, Stopping threads took: 0.0000216 seconds
44.728: [GC (Allocation Failure)  64093K->637K(406016K), 0.0005205 secs]
44.728: Total time for which application threads were stopped: 0.0006600 seconds, Stopping threads took: 0.0000292 seconds
44.771: [GC (Allocation Failure)  63101K->669K(405504K), 0.0005116 secs]
44.771: Total time for which application threads were stopped: 0.0006410 seconds, Stopping threads took: 0.0000215 seconds
44.811: [GC (Allocation Failure)  62621K->669K(404992K), 0.0004604 secs]
44.812: Total time for which application threads were stopped: 0.0005806 seconds, Stopping threads took: 0.0000253 seconds
44.851: [GC (Allocation Failure)  62109K->669K(417280K), 0.0005114 secs]
44.852: Total time for which application threads were stopped: 0.0006378 seconds, Stopping threads took: 0.0000272 seconds
44.898: [GC (Allocation Failure)  74397K->733K(432128K), 0.0008045 secs]
44.899: Total time for which application threads were stopped: 0.0009113 seconds, Stopping threads took: 0.0000161 seconds
44.955: [GC (Allocation Failure)  89309K->637K(450048K), 0.0005798 secs]
44.956: Total time for which application threads were stopped: 0.0007215 seconds, Stopping threads took: 0.0000276 seconds
45.029: [GC (Allocation Failure)  107133K->669K(448000K), 0.0004475 secs]
45.030: Total time for which application threads were stopped: 0.0005725 seconds, Stopping threads took: 0.0000212 seconds
45.098: [GC (Allocation Failure)  105117K->669K(445952K), 0.0005006 secs]
45.099: Total time for which application threads were stopped: 0.0006388 seconds, Stopping threads took: 0.0000291 seconds
45.163: [GC (Allocation Failure)  103069K->669K(443904K), 0.0005033 secs]
45.164: Total time for which application threads were stopped: 0.0006456 seconds, Stopping threads took: 0.0000300 seconds
45.226: [GC (Allocation Failure)  101021K->733K(441856K), 0.0005185 secs]
45.227: Total time for which application threads were stopped: 0.0006555 seconds, Stopping threads took: 0.0000283 seconds
45.289: [GC (Allocation Failure)  99037K->605K(439808K), 0.0006728 secs]
45.290: Total time for which application threads were stopped: 0.0008203 seconds, Stopping threads took: 0.0000228 seconds
45.355: [GC (Allocation Failure)  96861K->669K(437760K), 0.0006477 secs]
45.356: Total time for which application threads were stopped: 0.0008198 seconds, Stopping threads took: 0.0000222 seconds
45.416: [GC (Allocation Failure)  94877K->669K(436224K), 0.0005408 secs]
45.416: Total time for which application threads were stopped: 0.0006900 seconds, Stopping threads took: 0.0000221 seconds
45.481: [GC (Allocation Failure)  93341K->669K(434688K), 0.0004699 secs]
45.482: Total time for which application threads were stopped: 0.0005972 seconds, Stopping threads took: 0.0000274 seconds
45.544: [GC (Allocation Failure)  91805K->637K(433152K), 0.0004605 secs]
45.544: Total time for which application threads were stopped: 0.0005915 seconds, Stopping threads took: 0.0000259 seconds
45.600: [GC (Allocation Failure)  90237K->669K(431616K), 0.0004446 secs]
45.601: Total time for which application threads were stopped: 0.0005775 seconds, Stopping threads took: 0.0000195 seconds
45.656: [GC (Allocation Failure)  88733K->701K(430080K), 0.0006582 secs]
45.657: Total time for which application threads were stopped: 0.0007856 seconds, Stopping threads took: 0.0000275 seconds
45.717: [GC (Allocation Failure)  87229K->637K(428544K), 0.0005752 secs]
45.718: Total time for which application threads were stopped: 0.0007031 seconds, Stopping threads took: 0.0000282 seconds
45.771: [GC (Allocation Failure)  85629K->637K(427008K), 0.0005910 secs]
45.772: Total time for which application threads were stopped: 0.0007255 seconds, Stopping threads took: 0.0000213 seconds
45.826: [GC (Allocation Failure)  84093K->637K(425472K), 0.0005335 secs]
45.826: Total time for which application threads were stopped: 0.0006547 seconds, Stopping threads took: 0.0000275 seconds
45.882: [GC (Allocation Failure)  82557K->605K(423936K), 0.0006037 secs]
45.883: Total time for which application threads were stopped: 0.0007465 seconds, Stopping threads took: 0.0000221 seconds
45.934: [GC (Allocation Failure)  80989K->669K(422400K), 0.0004688 secs]
45.934: Total time for which application threads were stopped: 0.0005959 seconds, Stopping threads took: 0.0000274 seconds
45.984: [GC (Allocation Failure)  79517K->637K(421376K), 0.0005426 secs]
45.984: Total time for which application threads were stopped: 0.0006897 seconds, Stopping threads took: 0.0000291 seconds
46.034: [GC (Allocation Failure)  78461K->637K(437248K), 0.0013014 secs]
46.035: Total time for which application threads were stopped: 0.0014288 seconds, Stopping threads took: 0.0000256 seconds
46.099: [GC (Allocation Failure)  94333K->669K(456192K), 0.0004945 secs]
46.099: Total time for which application threads were stopped: 0.0006204 seconds, Stopping threads took: 0.0000202 seconds
46.170: [GC (Allocation Failure)  113309K->669K(453632K), 0.0004781 secs]
46.170: Total time for which application threads were stopped: 0.0005945 seconds, Stopping threads took: 0.0000187 seconds
46.239: [GC (Allocation Failure)  110749K->637K(451584K), 0.0004633 secs]
46.240: Total time for which application threads were stopped: 0.0005882 seconds, Stopping threads took: 0.0000273 seconds
46.307: [GC (Allocation Failure)  108669K->701K(449536K), 0.0005280 secs]
46.308: Total time for which application threads were stopped: 0.0006592 seconds, Stopping threads took: 0.0000194 seconds
46.374: [GC (Allocation Failure)  106685K->605K(447488K), 0.0006726 secs]
46.375: Total time for which application threads were stopped: 0.0007974 seconds, Stopping threads took: 0.0000203 seconds
46.440: [GC (Allocation Failure)  104541K->637K(445440K), 0.0005938 secs]
46.441: Total time for which application threads were stopped: 0.0007119 seconds, Stopping threads took: 0.0000195 seconds
46.505: [GC (Allocation Failure)  102525K->637K(443392K), 0.0005049 secs]
46.505: Total time for which application threads were stopped: 0.0006449 seconds, Stopping threads took: 0.0000191 seconds
46.574: [GC (Allocation Failure)  100477K->637K(441344K), 0.0004522 secs]
46.574: Total time for which application threads were stopped: 0.0005720 seconds, Stopping threads took: 0.0000254 seconds
46.637: [GC (Allocation Failure)  98429K->605K(439296K), 0.0006768 secs]
46.637: Total time for which application threads were stopped: 0.0008136 seconds, Stopping threads took: 0.0000209 seconds
46.700: [GC (Allocation Failure)  96349K->669K(437760K), 0.0005505 secs]
46.701: Total time for which application threads were stopped: 0.0006965 seconds, Stopping threads took: 0.0000224 seconds
46.766: [GC (Allocation Failure)  94877K->637K(436224K), 0.0005243 secs]
46.767: Total time for which application threads were stopped: 0.0006627 seconds, Stopping threads took: 0.0000227 seconds
46.832: [GC (Allocation Failure)  93309K->669K(434688K), 0.0006264 secs]
46.833: Total time for which application threads were stopped: 0.0007469 seconds, Stopping threads took: 0.0000196 seconds
46.893: [GC (Allocation Failure)  91805K->669K(433152K), 0.0006013 secs]
46.894: Total time for which application threads were stopped: 0.0007303 seconds, Stopping threads took: 0.0000200 seconds
46.954: [GC (Allocation Failure)  90269K->669K(431616K), 0.0006148 secs]
46.955: Total time for which application threads were stopped: 0.0007313 seconds, Stopping threads took: 0.0000195 seconds
47.011: [GC (Allocation Failure)  88733K->669K(430080K), 0.0004963 secs]
47.011: Total time for which application threads were stopped: 0.0006255 seconds, Stopping threads took: 0.0000278 seconds
47.069: [GC (Allocation Failure)  87197K->669K(428544K), 0.0004757 secs]
47.070: Total time for which application threads were stopped: 0.0005930 seconds, Stopping threads took: 0.0000195 seconds
47.130: [GC (Allocation Failure)  85661K->637K(427008K), 0.0005352 secs]
47.130: Total time for which application threads were stopped: 0.0006623 seconds, Stopping threads took: 0.0000271 seconds
47.183: [GC (Allocation Failure)  84093K->637K(425472K), 0.0004884 secs]
47.183: Total time for which application threads were stopped: 0.0006156 seconds, Stopping threads took: 0.0000283 seconds
47.235: [GC (Allocation Failure)  82557K->605K(423936K), 0.0004513 secs]
47.235: Total time for which application threads were stopped: 0.0005676 seconds, Stopping threads took: 0.0000194 seconds
47.289: [GC (Allocation Failure)  80989K->669K(422400K), 0.0004893 secs]
47.289: Total time for which application threads were stopped: 0.0006136 seconds, Stopping threads took: 0.0000274 seconds
47.345: [GC (Allocation Failure)  79517K->637K(421376K), 0.0005295 secs]
47.345: Total time for which application threads were stopped: 0.0006539 seconds, Stopping threads took: 0.0000270 seconds
47.398: [GC (Allocation Failure)  78461K->733K(420352K), 0.0006107 secs]
47.398: Total time for which application threads were stopped: 0.0007401 seconds, Stopping threads took: 0.0000281 seconds
47.450: [GC (Allocation Failure)  77533K->605K(419328K), 0.0006383 secs]
47.451: Total time for which application threads were stopped: 0.0007621 seconds, Stopping threads took: 0.0000272 seconds
47.498: [GC (Allocation Failure)  76381K->637K(418304K), 0.0005166 secs]
47.499: Total time for which application threads were stopped: 0.0006439 seconds, Stopping threads took: 0.0000274 seconds
47.547: [GC (Allocation Failure)  75389K->669K(417280K), 0.0005319 secs]
47.548: Total time for which application threads were stopped: 0.0006566 seconds, Stopping threads took: 0.0000196 seconds
47.599: [GC (Allocation Failure)  74397K->637K(416256K), 0.0005604 secs]
47.600: Total time for which application threads were stopped: 0.0006936 seconds, Stopping threads took: 0.0000208 seconds
47.647: [GC (Allocation Failure)  73341K->669K(415232K), 0.0004876 secs]
47.647: Total time for which application threads were stopped: 0.0006290 seconds, Stopping threads took: 0.0000290 seconds
47.693: [GC (Allocation Failure)  72349K->637K(414208K), 0.0004775 secs]
47.693: Total time for which application threads were stopped: 0.0006210 seconds, Stopping threads took: 0.0000215 seconds
47.744: [GC (Allocation Failure)  71293K->605K(413184K), 0.0006682 secs]
47.745: Total time for which application threads were stopped: 0.0008276 seconds, Stopping threads took: 0.0000205 seconds
47.789: [GC (Allocation Failure)  70237K->637K(412160K), 0.0004992 secs]
47.789: Total time for which application threads were stopped: 0.0006366 seconds, Stopping threads took: 0.0000295 seconds
47.833: [GC (Allocation Failure)  69245K->637K(425984K), 0.0008384 secs]
47.834: Total time for which application threads were stopped: 0.0009679 seconds, Stopping threads took: 0.0000275 seconds
47.886: [GC (Allocation Failure)  83069K->669K(442880K), 0.0004823 secs]
47.886: Total time for which application threads were stopped: 0.0006227 seconds, Stopping threads took: 0.0000272 seconds
47.949: [GC (Allocation Failure)  99997K->669K(440832K), 0.0004310 secs]
47.950: Total time for which application threads were stopped: 0.0005674 seconds, Stopping threads took: 0.0000215 seconds
48.010: [GC (Allocation Failure)  97949K->701K(438784K), 0.0004962 secs]
48.011: Total time for which application threads were stopped: 0.0006509 seconds, Stopping threads took: 0.0000302 seconds
48.072: [GC (Allocation Failure)  95933K->701K(437248K), 0.0004941 secs]
48.072: Total time for which application threads were stopped: 0.0006387 seconds, Stopping threads took: 0.0000267 seconds
48.137: [GC (Allocation Failure)  94397K->637K(435712K), 0.0005089 secs]
48.138: Total time for which application threads were stopped: 0.0006540 seconds, Stopping threads took: 0.0000214 seconds
48.200: [GC (Allocation Failure)  92797K->637K(434176K), 0.0007864 secs]
48.201: Total time for which application threads were stopped: 0.0009117 seconds, Stopping threads took: 0.0000208 seconds
48.262: [GC (Allocation Failure)  91261K->605K(432640K), 0.0005015 secs]
48.262: Total time for which application threads were stopped: 0.0006242 seconds, Stopping threads took: 0.0000266 seconds
48.319: [GC (Allocation Failure)  89693K->669K(431104K), 0.0004769 secs]
48.319: Total time for which application threads were stopped: 0.0005963 seconds, Stopping threads took: 0.0000195 seconds
48.374: [GC (Allocation Failure)  88221K->701K(429568K), 0.0004688 secs]
48.375: Total time for which application threads were stopped: 0.0005886 seconds, Stopping threads took: 0.0000197 seconds
48.429: [GC (Allocation Failure)  86717K->637K(428032K), 0.0005733 secs]
48.429: Total time for which application threads were stopped: 0.0007005 seconds, Stopping threads took: 0.0000274 seconds
48.482: [GC (Allocation Failure)  85117K->669K(426496K), 0.0004269 secs]
48.483: Total time for which application threads were stopped: 0.0005570 seconds, Stopping threads took: 0.0000276 seconds
48.535: [GC (Allocation Failure)  83613K->637K(424960K), 0.0005436 secs]
48.536: Total time for which application threads were stopped: 0.0006633 seconds, Stopping threads took: 0.0000193 seconds
48.593: [GC (Allocation Failure)  82045K->733K(423424K), 0.0005290 secs]
48.594: Total time for which application threads were stopped: 0.0006470 seconds, Stopping threads took: 0.0000194 seconds
48.645: [GC (Allocation Failure)  80605K->669K(422400K), 0.0005661 secs]
48.645: Total time for which application threads were stopped: 0.0006919 seconds, Stopping threads took: 0.0000212 seconds
48.701: [GC (Allocation Failure)  79517K->701K(421376K), 0.0005648 secs]
48.702: Total time for which application threads were stopped: 0.0006848 seconds, Stopping threads took: 0.0000207 seconds
48.757: [GC (Allocation Failure)  78525K->637K(420352K), 0.0004401 secs]
48.757: Total time for which application threads were stopped: 0.0005461 seconds, Stopping threads took: 0.0000175 seconds
48.806: [GC (Allocation Failure)  77437K->701K(419328K), 0.0005126 secs]
48.807: Total time for which application threads were stopped: 0.0006295 seconds, Stopping threads took: 0.0000196 seconds
48.855: [GC (Allocation Failure)  76477K->669K(418304K), 0.0004401 secs]
48.856: Total time for which application threads were stopped: 0.0005507 seconds, Stopping threads took: 0.0000194 seconds
48.903: [GC (Allocation Failure)  75421K->637K(417280K), 0.0005483 secs]
48.904: Total time for which application threads were stopped: 0.0006683 seconds, Stopping threads took: 0.0000196 seconds
48.956: [GC (Allocation Failure)  74365K->669K(416256K), 0.0006008 secs]
48.957: Total time for which application threads were stopped: 0.0007352 seconds, Stopping threads took: 0.0000223 seconds
49.003: [GC (Allocation Failure)  73373K->637K(415232K), 0.0005191 secs]
49.003: Total time for which application threads were stopped: 0.0006638 seconds, Stopping threads took: 0.0000225 seconds
49.050: [GC (Allocation Failure)  72317K->637K(414208K), 0.0004582 secs]
49.050: Total time for which application threads were stopped: 0.0005933 seconds, Stopping threads took: 0.0000253 seconds
49.095: [GC (Allocation Failure)  71293K->669K(413184K), 0.0004457 secs]
49.095: Total time for which application threads were stopped: 0.0005659 seconds, Stopping threads took: 0.0000195 seconds
49.145: [GC (Allocation Failure)  70301K->701K(412160K), 0.0006226 secs]
49.146: Total time for which application threads were stopped: 0.0007467 seconds, Stopping threads took: 0.0000269 seconds
49.189: [GC (Allocation Failure)  69309K->669K(411136K), 0.0004319 secs]
49.190: Total time for which application threads were stopped: 0.0005471 seconds, Stopping threads took: 0.0000193 seconds
49.238: [GC (Allocation Failure)  68253K->701K(410112K), 0.0004771 secs]
49.239: Total time for which application threads were stopped: 0.0006051 seconds, Stopping threads took: 0.0000273 seconds
49.281: [GC (Allocation Failure)  67261K->701K(409088K), 0.0004724 secs]
49.281: Total time for which application threads were stopped: 0.0005921 seconds, Stopping threads took: 0.0000197 seconds
49.323: [GC (Allocation Failure)  66237K->605K(408064K), 0.0005012 secs]
49.323: Total time for which application threads were stopped: 0.0006203 seconds, Stopping threads took: 0.0000195 seconds
49.369: [GC (Allocation Failure)  65117K->669K(421376K), 0.0006573 secs]
49.370: Total time for which application threads were stopped: 0.0007764 seconds, Stopping threads took: 0.0000195 seconds
49.419: [GC (Allocation Failure)  78493K->701K(420352K), 0.0004760 secs]
49.419: Total time for which application threads were stopped: 0.0006034 seconds, Stopping threads took: 0.0000212 seconds
49.468: [GC (Allocation Failure)  77501K->733K(419328K), 0.0005699 secs]
49.468: Total time for which application threads were stopped: 0.0006871 seconds, Stopping threads took: 0.0000193 seconds
49.516: [GC (Allocation Failure)  76509K->637K(418304K), 0.0005516 secs]
49.517: Total time for which application threads were stopped: 0.0006737 seconds, Stopping threads took: 0.0000191 seconds
49.564: [GC (Allocation Failure)  75389K->701K(417280K), 0.0005013 secs]
49.564: Total time for which application threads were stopped: 0.0006294 seconds, Stopping threads took: 0.0000188 seconds
49.617: [GC (Allocation Failure)  74429K->637K(416256K), 0.0004205 secs]
49.617: Total time for which application threads were stopped: 0.0005399 seconds, Stopping threads took: 0.0000197 seconds
49.663: [GC (Allocation Failure)  73341K->637K(415232K), 0.0004819 secs]
49.663: Total time for which application threads were stopped: 0.0006048 seconds, Stopping threads took: 0.0000204 seconds
49.713: [GC (Allocation Failure)  72317K->637K(414208K), 0.0005483 secs]
49.713: Total time for which application threads were stopped: 0.0007093 seconds, Stopping threads took: 0.0000219 seconds
49.763: [GC (Allocation Failure)  71293K->701K(413184K), 0.0006760 secs]
49.764: Total time for which application threads were stopped: 0.0008401 seconds, Stopping threads took: 0.0000312 seconds
49.813: [GC (Allocation Failure)  70333K->669K(412160K), 0.0004514 secs]
49.814: Total time for which application threads were stopped: 0.0005858 seconds, Stopping threads took: 0.0000256 seconds
49.860: [GC (Allocation Failure)  69277K->605K(411136K), 0.0005594 secs]
49.861: Total time for which application threads were stopped: 0.0006857 seconds, Stopping threads took: 0.0000215 seconds
49.903: [GC (Allocation Failure)  68189K->669K(410112K), 0.0005106 secs]
49.904: Total time for which application threads were stopped: 0.0006435 seconds, Stopping threads took: 0.0000196 seconds
49.951: [GC (Allocation Failure)  67229K->669K(409088K), 0.0004972 secs]
49.951: Total time for which application threads were stopped: 0.0006173 seconds, Stopping threads took: 0.0000201 seconds
49.998: [GC (Allocation Failure)  66205K->605K(408064K), 0.0005582 secs]
49.998: Total time for which application threads were stopped: 0.0006834 seconds, Stopping threads took: 0.0000276 seconds
50.040: [GC (Allocation Failure)  65117K->637K(407040K), 0.0004506 secs]
50.040: Total time for which application threads were stopped: 0.0005760 seconds, Stopping threads took: 0.0000192 seconds
50.080: [GC (Allocation Failure)  64125K->669K(406016K), 0.0005283 secs]
50.081: Total time for which application threads were stopped: 0.0006479 seconds, Stopping threads took: 0.0000202 seconds
50.120: [GC (Allocation Failure)  63133K->701K(418816K), 0.0005523 secs]
50.121: Total time for which application threads were stopped: 0.0006730 seconds, Stopping threads took: 0.0000197 seconds
50.168: [GC (Allocation Failure)  75965K->733K(434176K), 0.0005487 secs]
50.169: Total time for which application threads were stopped: 0.0006670 seconds, Stopping threads took: 0.0000197 seconds
50.226: [GC (Allocation Failure)  91357K->637K(452608K), 0.0009210 secs]
50.226: Total time for which application threads were stopped: 0.0010472 seconds, Stopping threads took: 0.0000194 seconds
50.295: [GC (Allocation Failure)  109693K->637K(450560K), 0.0004698 secs]
50.295: Total time for which application threads were stopped: 0.0005993 seconds, Stopping threads took: 0.0000281 seconds
50.367: [GC (Allocation Failure)  107645K->669K(448512K), 0.0004855 secs]
50.368: Total time for which application threads were stopped: 0.0006200 seconds, Stopping threads took: 0.0000204 seconds
50.434: [GC (Allocation Failure)  105629K->637K(446464K), 0.0005318 secs]
50.434: Total time for which application threads were stopped: 0.0006708 seconds, Stopping threads took: 0.0000216 seconds
50.505: [GC (Allocation Failure)  103549K->637K(444416K), 0.0005457 secs]
50.505: Total time for which application threads were stopped: 0.0006721 seconds, Stopping threads took: 0.0000210 seconds
50.575: [GC (Allocation Failure)  101501K->637K(442368K), 0.0004794 secs]
50.576: Total time for which application threads were stopped: 0.0006367 seconds, Stopping threads took: 0.0000266 seconds
50.638: [GC (Allocation Failure)  99453K->733K(440320K), 0.0006876 secs]
50.639: Total time for which application threads were stopped: 0.0008779 seconds, Stopping threads took: 0.0000272 seconds
50.699: [GC (Allocation Failure)  97501K->669K(438272K), 0.0004742 secs]
50.700: Total time for which application threads were stopped: 0.0006041 seconds, Stopping threads took: 0.0000201 seconds
50.759: [GC (Allocation Failure)  95389K->669K(436736K), 0.0005241 secs]
50.760: Total time for which application threads were stopped: 0.0006402 seconds, Stopping threads took: 0.0000194 seconds
50.819: [GC (Allocation Failure)  93853K->637K(435200K), 0.0004764 secs]
50.820: Total time for which application threads were stopped: 0.0006013 seconds, Stopping threads took: 0.0000248 seconds
50.878: [GC (Allocation Failure)  92285K->669K(433664K), 0.0004943 secs]
50.878: Total time for which application threads were stopped: 0.0006112 seconds, Stopping threads took: 0.0000199 seconds
50.935: [GC (Allocation Failure)  90781K->669K(432128K), 0.0004769 secs]
50.936: Total time for which application threads were stopped: 0.0005863 seconds, Stopping threads took: 0.0000169 seconds
50.991: [GC (Allocation Failure)  89245K->605K(430592K), 0.0004771 secs]
50.992: Total time for which application threads were stopped: 0.0005808 seconds, Stopping threads took: 0.0000164 seconds
51.050: [GC (Allocation Failure)  87645K->669K(429056K), 0.0004299 secs]
51.050: Total time for which application threads were stopped: 0.0005509 seconds, Stopping threads took: 0.0000209 seconds
51.104: [GC (Allocation Failure)  86173K->637K(427520K), 0.0004583 secs]
51.105: Total time for which application threads were stopped: 0.0005674 seconds, Stopping threads took: 0.0000178 seconds
51.157: [GC (Allocation Failure)  84605K->637K(425984K), 0.0004819 secs]
51.158: Total time for which application threads were stopped: 0.0006023 seconds, Stopping threads took: 0.0000167 seconds
51.216: [GC (Allocation Failure)  83069K->637K(424448K), 0.0004342 secs]
51.217: Total time for which application threads were stopped: 0.0005604 seconds, Stopping threads took: 0.0000277 seconds
51.268: [GC (Allocation Failure)  81533K->637K(422912K), 0.0005260 secs]
51.268: Total time for which application threads were stopped: 0.0006617 seconds, Stopping threads took: 0.0000197 seconds
51.319: [GC (Allocation Failure)  79997K->605K(421888K), 0.0005225 secs]
51.319: Total time for which application threads were stopped: 0.0006476 seconds, Stopping threads took: 0.0000213 seconds
51.375: [GC (Allocation Failure)  78941K->637K(420864K), 0.0005999 secs]
51.375: Total time for which application threads were stopped: 0.0007259 seconds, Stopping threads took: 0.0000196 seconds
51.424: [GC (Allocation Failure)  77949K->669K(419840K), 0.0004753 secs]
51.424: Total time for which application threads were stopped: 0.0006062 seconds, Stopping threads took: 0.0000282 seconds
51.472: [GC (Allocation Failure)  76957K->733K(418816K), 0.0005040 secs]
51.473: Total time for which application threads were stopped: 0.0006384 seconds, Stopping threads took: 0.0000192 seconds
51.526: [GC (Allocation Failure)  75997K->733K(417792K), 0.0003838 secs]
51.527: Total time for which application threads were stopped: 0.0005060 seconds, Stopping threads took: 0.0000166 seconds
51.574: [GC (Allocation Failure)  74973K->605K(416768K), 0.0005685 secs]
51.574: Total time for which application threads were stopped: 0.0007012 seconds, Stopping threads took: 0.0000257 seconds
51.626: [GC (Allocation Failure)  73821K->637K(415744K), 0.0005015 secs]
51.627: Total time for which application threads were stopped: 0.0006426 seconds, Stopping threads took: 0.0000198 seconds
51.672: [GC (Allocation Failure)  72829K->701K(414720K), 0.0004858 secs]
51.673: Total time for which application threads were stopped: 0.0006213 seconds, Stopping threads took: 0.0000224 seconds
51.718: [GC (Allocation Failure)  71869K->637K(413696K), 0.0004675 secs]
51.718: Total time for which application threads were stopped: 0.0005839 seconds, Stopping threads took: 0.0000186 seconds
51.765: [GC (Allocation Failure)  70781K->669K(412672K), 0.0004942 secs]
51.765: Total time for which application threads were stopped: 0.0006186 seconds, Stopping threads took: 0.0000276 seconds
51.816: [GC (Allocation Failure)  69789K->605K(411648K), 0.0005503 secs]
51.816: Total time for which application threads were stopped: 0.0006836 seconds, Stopping threads took: 0.0000252 seconds
51.859: [GC (Allocation Failure)  68701K->669K(410624K), 0.0005251 secs]
51.860: Total time for which application threads were stopped: 0.0006528 seconds, Stopping threads took: 0.0000279 seconds
51.908: [GC (Allocation Failure)  67741K->669K(409600K), 0.0004645 secs]
51.909: Total time for which application threads were stopped: 0.0005835 seconds, Stopping threads took: 0.0000196 seconds
51.950: [GC (Allocation Failure)  66717K->669K(408576K), 0.0004658 secs]
51.951: Total time for which application threads were stopped: 0.0005852 seconds, Stopping threads took: 0.0000203 seconds
51.992: [GC (Allocation Failure)  65693K->669K(407552K), 0.0004683 secs]
51.992: Total time for which application threads were stopped: 0.0005948 seconds, Stopping threads took: 0.0000276 seconds
52.033: [GC (Allocation Failure)  64669K->637K(420352K), 0.0006482 secs]
52.034: Total time for which application threads were stopped: 0.0007750 seconds, Stopping threads took: 0.0000264 seconds
52.082: [GC (Allocation Failure)  77437K->669K(435712K), 0.0005270 secs]
52.083: Total time for which application threads were stopped: 0.0006528 seconds, Stopping threads took: 0.0000275 seconds
52.141: [GC (Allocation Failure)  92829K->637K(434176K), 0.0005027 secs]
52.141: Total time for which application threads were stopped: 0.0006393 seconds, Stopping threads took: 0.0000246 seconds
52.198: [GC (Allocation Failure)  91261K->701K(432640K), 0.0005127 secs]
52.199: Total time for which application threads were stopped: 0.0006315 seconds, Stopping threads took: 0.0000190 seconds
52.254: [GC (Allocation Failure)  89789K->669K(431104K), 0.0005433 secs]
52.255: Total time for which application threads were stopped: 0.0006673 seconds, Stopping threads took: 0.0000274 seconds
52.310: [GC (Allocation Failure)  88221K->637K(429568K), 0.0004783 secs]
52.311: Total time for which application threads were stopped: 0.0006051 seconds, Stopping threads took: 0.0000273 seconds
52.370: [GC (Allocation Failure)  86653K->669K(428032K), 0.0004639 secs]
52.371: Total time for which application threads were stopped: 0.0005833 seconds, Stopping threads took: 0.0000196 seconds
52.424: [GC (Allocation Failure)  85149K->669K(426496K), 0.0005749 secs]
52.425: Total time for which application threads were stopped: 0.0007172 seconds, Stopping threads took: 0.0000268 seconds
52.477: [GC (Allocation Failure)  83613K->669K(424960K), 0.0004728 secs]
52.477: Total time for which application threads were stopped: 0.0005876 seconds, Stopping threads took: 0.0000195 seconds
52.529: [GC (Allocation Failure)  82077K->637K(423424K), 0.0005766 secs]
52.529: Total time for which application threads were stopped: 0.0006995 seconds, Stopping threads took: 0.0000191 seconds
52.580: [GC (Allocation Failure)  80509K->701K(422400K), 0.0005387 secs]
52.581: Total time for which application threads were stopped: 0.0006841 seconds, Stopping threads took: 0.0000448 seconds
52.630: [GC (Allocation Failure)  79549K->701K(421376K), 0.0005202 secs]
52.631: Total time for which application threads were stopped: 0.0006397 seconds, Stopping threads took: 0.0000198 seconds
52.680: [GC (Allocation Failure)  78525K->701K(420352K), 0.0004782 secs]
52.680: Total time for which application threads were stopped: 0.0006079 seconds, Stopping threads took: 0.0000272 seconds
52.729: [GC (Allocation Failure)  77501K->669K(419328K), 0.0005167 secs]
52.729: Total time for which application threads were stopped: 0.0006640 seconds, Stopping threads took: 0.0000304 seconds
52.777: [GC (Allocation Failure)  76445K->669K(418304K), 0.0007483 secs]
52.778: Total time for which application threads were stopped: 0.0008950 seconds, Stopping threads took: 0.0000302 seconds
52.825: [GC (Allocation Failure)  75421K->669K(417280K), 0.0004820 secs]
52.826: Total time for which application threads were stopped: 0.0006102 seconds, Stopping threads took: 0.0000284 seconds
52.872: [GC (Allocation Failure)  74397K->669K(432128K), 0.0006524 secs]
52.873: Total time for which application threads were stopped: 0.0007718 seconds, Stopping threads took: 0.0000194 seconds
52.929: [GC (Allocation Failure)  89245K->605K(430592K), 0.0004622 secs]
52.929: Total time for which application threads were stopped: 0.0005883 seconds, Stopping threads took: 0.0000210 seconds
52.987: [GC (Allocation Failure)  87645K->637K(429056K), 0.0004188 secs]
52.988: Total time for which application threads were stopped: 0.0005230 seconds, Stopping threads took: 0.0000171 seconds
53.043: [GC (Allocation Failure)  86141K->637K(427520K), 0.0005346 secs]
53.043: Total time for which application threads were stopped: 0.0006598 seconds, Stopping threads took: 0.0000190 seconds
53.099: [GC (Allocation Failure)  84605K->669K(425984K), 0.0004187 secs]
53.099: Total time for which application threads were stopped: 0.0005371 seconds, Stopping threads took: 0.0000196 seconds
53.151: [GC (Allocation Failure)  83101K->669K(424448K), 0.0005214 secs]
53.151: Total time for which application threads were stopped: 0.0006393 seconds, Stopping threads took: 0.0000195 seconds
53.202: [GC (Allocation Failure)  81565K->637K(422912K), 0.0004632 secs]
53.203: Total time for which application threads were stopped: 0.0005816 seconds, Stopping threads took: 0.0000194 seconds
53.256: [GC (Allocation Failure)  79997K->669K(421888K), 0.0004567 secs]
53.257: Total time for which application threads were stopped: 0.0005736 seconds, Stopping threads took: 0.0000188 seconds
53.306: [GC (Allocation Failure)  79005K->669K(420864K), 0.0004984 secs]
53.307: Total time for which application threads were stopped: 0.0006226 seconds, Stopping threads took: 0.0000195 seconds
53.361: [GC (Allocation Failure)  77981K->637K(419840K), 0.0004514 secs]
53.361: Total time for which application threads were stopped: 0.0005781 seconds, Stopping threads took: 0.0000276 seconds
53.409: [GC (Allocation Failure)  76925K->637K(418816K), 0.0006188 secs]
53.410: Total time for which application threads were stopped: 0.0007515 seconds, Stopping threads took: 0.0000193 seconds
53.457: [GC (Allocation Failure)  75901K->605K(417792K), 0.0004930 secs]
53.458: Total time for which application threads were stopped: 0.0006380 seconds, Stopping threads took: 0.0000271 seconds
53.510: [GC (Allocation Failure)  74845K->733K(416768K), 0.0003942 secs]
53.511: Total time for which application threads were stopped: 0.0005023 seconds, Stopping threads took: 0.0000170 seconds
53.558: [GC (Allocation Failure)  73949K->733K(415744K), 0.0005025 secs]
53.558: Total time for which application threads were stopped: 0.0006371 seconds, Stopping threads took: 0.0000285 seconds
53.604: [GC (Allocation Failure)  72925K->701K(414720K), 0.0004875 secs]
53.604: Total time for which application threads were stopped: 0.0006254 seconds, Stopping threads took: 0.0000244 seconds
53.649: [GC (Allocation Failure)  71869K->701K(413696K), 0.0004838 secs]
53.650: Total time for which application threads were stopped: 0.0006107 seconds, Stopping threads took: 0.0000271 seconds
53.694: [GC (Allocation Failure)  70845K->669K(412672K), 0.0005294 secs]
53.694: Total time for which application threads were stopped: 0.0006494 seconds, Stopping threads took: 0.0000198 seconds
53.738: [GC (Allocation Failure)  69789K->701K(411648K), 0.0005268 secs]
53.738: Total time for which application threads were stopped: 0.0006615 seconds, Stopping threads took: 0.0000217 seconds
53.781: [GC (Allocation Failure)  68797K->669K(410624K), 0.0006083 secs]
53.782: Total time for which application threads were stopped: 0.0007558 seconds, Stopping threads took: 0.0000298 seconds
53.825: [GC (Allocation Failure)  67741K->669K(409600K), 0.0004357 secs]
53.825: Total time for which application threads were stopped: 0.0005454 seconds, Stopping threads took: 0.0000165 seconds
53.867: [GC (Allocation Failure)  66717K->669K(408576K), 0.0004725 secs]
53.868: Total time for which application threads were stopped: 0.0005923 seconds, Stopping threads took: 0.0000199 seconds
53.908: [GC (Allocation Failure)  65693K->669K(407552K), 0.0004694 secs]
53.909: Total time for which application threads were stopped: 0.0005860 seconds, Stopping threads took: 0.0000192 seconds
53.949: [GC (Allocation Failure)  64669K->701K(406528K), 0.0004498 secs]
53.950: Total time for which application threads were stopped: 0.0005733 seconds, Stopping threads took: 0.0000278 seconds
53.989: [GC (Allocation Failure)  63677K->605K(405504K), 0.0004694 secs]
53.990: Total time for which application threads were stopped: 0.0005893 seconds, Stopping threads took: 0.0000200 seconds
54.029: [GC (Allocation Failure)  62557K->637K(404992K), 0.0004102 secs]
54.030: Total time for which application threads were stopped: 0.0005371 seconds, Stopping threads took: 0.0000194 seconds
54.074: [GC (Allocation Failure)  62077K->701K(404480K), 0.0004724 secs]
54.074: Total time for which application threads were stopped: 0.0005703 seconds, Stopping threads took: 0.0000175 seconds
54.113: [GC (Allocation Failure)  61629K->637K(416768K), 0.0005538 secs]
54.113: Total time for which application threads were stopped: 0.0006626 seconds, Stopping threads took: 0.0000168 seconds
54.165: [GC (Allocation Failure)  73853K->701K(431616K), 0.0014205 secs]
54.167: Total time for which application threads were stopped: 0.0015500 seconds, Stopping threads took: 0.0000258 seconds
54.222: [GC (Allocation Failure)  88765K->637K(449536K), 0.0004747 secs]
54.222: Total time for which application threads were stopped: 0.0005935 seconds, Stopping threads took: 0.0000201 seconds
54.295: [GC (Allocation Failure)  106621K->605K(471040K), 0.0006841 secs]
54.295: Total time for which application threads were stopped: 0.0008224 seconds, Stopping threads took: 0.0000223 seconds
54.379: [GC (Allocation Failure)  128093K->669K(467968K), 0.0004850 secs]
54.379: Total time for which application threads were stopped: 0.0006315 seconds, Stopping threads took: 0.0000304 seconds
54.457: [GC (Allocation Failure)  125085K->605K(465408K), 0.0004860 secs]
54.458: Total time for which application threads were stopped: 0.0006217 seconds, Stopping threads took: 0.0000274 seconds
54.540: [GC (Allocation Failure)  122461K->637K(462848K), 0.0004315 secs]
54.541: Total time for which application threads were stopped: 0.0005716 seconds, Stopping threads took: 0.0000283 seconds
54.615: [GC (Allocation Failure)  119933K->701K(460288K), 0.0005341 secs]
54.616: Total time for which application threads were stopped: 0.0006662 seconds, Stopping threads took: 0.0000297 seconds
54.696: [GC (Allocation Failure)  117437K->637K(457728K), 0.0005455 secs]
54.697: Total time for which application threads were stopped: 0.0006601 seconds, Stopping threads took: 0.0000245 seconds
54.768: [GC (Allocation Failure)  114813K->669K(455168K), 0.0004841 secs]
54.769: Total time for which application threads were stopped: 0.0006060 seconds, Stopping threads took: 0.0000200 seconds
54.846: [GC (Allocation Failure)  112285K->669K(452608K), 0.0005217 secs]
54.847: Total time for which application threads were stopped: 0.0006314 seconds, Stopping threads took: 0.0000170 seconds
54.915: [GC (Allocation Failure)  109725K->733K(450560K), 0.0004810 secs]
54.916: Total time for which application threads were stopped: 0.0006013 seconds, Stopping threads took: 0.0000198 seconds
54.987: [GC (Allocation Failure)  107741K->669K(448512K), 0.0004964 secs]
54.987: Total time for which application threads were stopped: 0.0006402 seconds, Stopping threads took: 0.0000219 seconds
55.059: [GC (Allocation Failure)  105629K->701K(446464K), 0.0005427 secs]
55.060: Total time for which application threads were stopped: 0.0006852 seconds, Stopping threads took: 0.0000193 seconds
55.124: [GC (Allocation Failure)  103613K->637K(444416K), 0.0004852 secs]
55.125: Total time for which application threads were stopped: 0.0006131 seconds, Stopping threads took: 0.0000273 seconds
55.194: [GC (Allocation Failure)  101501K->669K(442368K), 0.0004504 secs]
55.194: Total time for which application threads were stopped: 0.0005817 seconds, Stopping threads took: 0.0000295 seconds
55.256: [GC (Allocation Failure)  99485K->637K(440320K), 0.0004767 secs]
55.257: Total time for which application threads were stopped: 0.0006014 seconds, Stopping threads took: 0.0000270 seconds
55.324: [GC (Allocation Failure)  97405K->637K(438272K), 0.0005041 secs]
55.324: Total time for which application threads were stopped: 0.0006211 seconds, Stopping threads took: 0.0000196 seconds
55.390: [GC (Allocation Failure)  95357K->669K(436736K), 0.0004991 secs]
55.391: Total time for which application threads were stopped: 0.0006174 seconds, Stopping threads took: 0.0000197 seconds
55.450: [GC (Allocation Failure)  93853K->669K(435200K), 0.0004443 secs]
55.450: Total time for which application threads were stopped: 0.0005597 seconds, Stopping threads took: 0.0000191 seconds
55.507: [GC (Allocation Failure)  92317K->701K(433664K), 0.0004619 secs]
55.508: Total time for which application threads were stopped: 0.0005721 seconds, Stopping threads took: 0.0000173 seconds
55.565: [GC (Allocation Failure)  90813K->637K(432128K), 0.0004729 secs]
55.566: Total time for which application threads were stopped: 0.0005925 seconds, Stopping threads took: 0.0000260 seconds
55.627: [GC (Allocation Failure)  89213K->637K(430592K), 0.0005830 secs]
55.628: Total time for which application threads were stopped: 0.0007243 seconds, Stopping threads took: 0.0000273 seconds
55.687: [GC (Allocation Failure)  87677K->701K(429056K), 0.0005268 secs]
55.688: Total time for which application threads were stopped: 0.0007039 seconds, Stopping threads took: 0.0000215 seconds
55.742: [GC (Allocation Failure)  86205K->669K(427520K), 0.0005658 secs]
55.742: Total time for which application threads were stopped: 0.0006981 seconds, Stopping threads took: 0.0000210 seconds
55.795: [GC (Allocation Failure)  84637K->605K(444416K), 0.0055152 secs]
55.801: Total time for which application threads were stopped: 0.0056473 seconds, Stopping threads took: 0.0000202 seconds
55.864: [GC (Allocation Failure)  101469K->701K(464896K), 0.0004980 secs]
55.865: Total time for which application threads were stopped: 0.0006079 seconds, Stopping threads took: 0.0000195 seconds
55.941: [GC (Allocation Failure)  122045K->701K(489472K), 0.0004908 secs]
55.941: Total time for which application threads were stopped: 0.0005925 seconds, Stopping threads took: 0.0000171 seconds
56.041: [GC (Allocation Failure)  146621K->701K(501248K), 0.0004501 secs]
56.041: Total time for which application threads were stopped: 0.0005704 seconds, Stopping threads took: 0.0000190 seconds
56.143: [GC (Allocation Failure)  158397K->637K(518656K), 0.0005091 secs]
56.143: Total time for which application threads were stopped: 0.0006368 seconds, Stopping threads took: 0.0000280 seconds
56.261: [GC (Allocation Failure)  175741K->637K(518656K), 0.0005313 secs]
56.261: Total time for which application threads were stopped: 0.0006414 seconds, Stopping threads took: 0.0000174 seconds
56.371: [GC (Allocation Failure)  175741K->637K(514048K), 0.0005445 secs]
56.371: Total time for which application threads were stopped: 0.0006653 seconds, Stopping threads took: 0.0000204 seconds
56.478: [GC (Allocation Failure)  171133K->669K(509440K), 0.0005850 secs]
56.478: Total time for which application threads were stopped: 0.0007357 seconds, Stopping threads took: 0.0000299 seconds
56.588: [GC (Allocation Failure)  166557K->637K(504832K), 0.0004151 secs]
56.589: Total time for which application threads were stopped: 0.0005449 seconds, Stopping threads took: 0.0000268 seconds
56.692: [GC (Allocation Failure)  161917K->637K(500736K), 0.0005228 secs]
56.692: Total time for which application threads were stopped: 0.0006627 seconds, Stopping threads took: 0.0000209 seconds
56.791: [GC (Allocation Failure)  157821K->669K(496640K), 0.0004976 secs]
56.791: Total time for which application threads were stopped: 0.0006251 seconds, Stopping threads took: 0.0000208 seconds
56.889: [GC (Allocation Failure)  153757K->637K(492544K), 0.0006277 secs]
56.889: Total time for which application threads were stopped: 0.0007603 seconds, Stopping threads took: 0.0000213 seconds
56.983: [GC (Allocation Failure)  149629K->637K(488960K), 0.0005182 secs]
56.984: Total time for which application threads were stopped: 0.0006593 seconds, Stopping threads took: 0.0000297 seconds
57.076: [GC (Allocation Failure)  146045K->669K(485376K), 0.0005514 secs]
57.077: Total time for which application threads were stopped: 0.0006731 seconds, Stopping threads took: 0.0000194 seconds
57.166: [GC (Allocation Failure)  142493K->669K(481792K), 0.0004674 secs]
57.166: Total time for which application threads were stopped: 0.0005872 seconds, Stopping threads took: 0.0000203 seconds
57.258: [GC (Allocation Failure)  138909K->637K(478720K), 0.0004754 secs]
57.259: Total time for which application threads were stopped: 0.0006124 seconds, Stopping threads took: 0.0000295 seconds
57.343: [GC (Allocation Failure)  135805K->669K(475648K), 0.0005262 secs]
57.344: Total time for which application threads were stopped: 0.0006526 seconds, Stopping threads took: 0.0000280 seconds
57.426: [GC (Allocation Failure)  132765K->637K(472576K), 0.0004624 secs]
57.427: Total time for which application threads were stopped: 0.0005786 seconds, Stopping threads took: 0.0000168 seconds
57.512: [GC (Allocation Failure)  129661K->637K(469504K), 0.0004668 secs]
57.513: Total time for which application threads were stopped: 0.0005894 seconds, Stopping threads took: 0.0000269 seconds
57.598: [GC (Allocation Failure)  126589K->605K(466432K), 0.0005000 secs]
57.598: Total time for which application threads were stopped: 0.0006195 seconds, Stopping threads took: 0.0000195 seconds
57.675: [GC (Allocation Failure)  123485K->637K(463872K), 0.0004668 secs]
57.676: Total time for which application threads were stopped: 0.0005932 seconds, Stopping threads took: 0.0000274 seconds
57.754: [GC (Allocation Failure)  120957K->669K(461312K), 0.0004503 secs]
57.755: Total time for which application threads were stopped: 0.0005767 seconds, Stopping threads took: 0.0000271 seconds
57.834: [GC (Allocation Failure)  118429K->701K(458752K), 0.0004267 secs]
57.835: Total time for which application threads were stopped: 0.0005280 seconds, Stopping threads took: 0.0000177 seconds
57.908: [GC (Allocation Failure)  115901K->637K(456192K), 0.0005186 secs]
57.908: Total time for which application threads were stopped: 0.0006488 seconds, Stopping threads took: 0.0000202 seconds
57.985: [GC (Allocation Failure)  113277K->701K(453632K), 0.0005432 secs]
57.985: Total time for which application threads were stopped: 0.0006753 seconds, Stopping threads took: 0.0000201 seconds
58.055: [GC (Allocation Failure)  110781K->637K(451584K), 0.0004651 secs]
58.055: Total time for which application threads were stopped: 0.0006060 seconds, Stopping threads took: 0.0000261 seconds
58.127: [GC (Allocation Failure)  108669K->669K(449536K), 0.0005361 secs]
58.128: Total time for which application threads were stopped: 0.0006755 seconds, Stopping threads took: 0.0000289 seconds
58.194: [GC (Allocation Failure)  106653K->605K(447488K), 0.0004146 secs]
58.195: Total time for which application threads were stopped: 0.0005303 seconds, Stopping threads took: 0.0000194 seconds
58.260: [GC (Allocation Failure)  104541K->637K(445440K), 0.0005014 secs]
58.260: Total time for which application threads were stopped: 0.0006101 seconds, Stopping threads took: 0.0000175 seconds
58.328: [GC (Allocation Failure)  102525K->637K(443392K), 0.0006339 secs]
58.328: Total time for which application threads were stopped: 0.0007638 seconds, Stopping threads took: 0.0000207 seconds
58.391: [GC (Allocation Failure)  100477K->701K(441344K), 0.0005943 secs]
58.392: Total time for which application threads were stopped: 0.0007154 seconds, Stopping threads took: 0.0000210 seconds
58.460: [GC (Allocation Failure)  98493K->637K(439296K), 0.0005175 secs]
58.460: Total time for which application threads were stopped: 0.0006447 seconds, Stopping threads took: 0.0000274 seconds
58.527: [GC (Allocation Failure)  96381K->637K(437760K), 0.0005484 secs]
58.528: Total time for which application threads were stopped: 0.0006702 seconds, Stopping threads took: 0.0000192 seconds
58.588: [GC (Allocation Failure)  94845K->605K(436224K), 0.0005150 secs]
58.588: Total time for which application threads were stopped: 0.0006505 seconds, Stopping threads took: 0.0000284 seconds
58.646: [GC (Allocation Failure)  93277K->669K(434688K), 0.0005630 secs]
58.647: Total time for which application threads were stopped: 0.0007143 seconds, Stopping threads took: 0.0000225 seconds
58.704: [GC (Allocation Failure)  91805K->637K(433152K), 0.0004770 secs]
58.705: Total time for which application threads were stopped: 0.0006166 seconds, Stopping threads took: 0.0000305 seconds
58.761: [GC (Allocation Failure)  90237K->669K(431616K), 0.0004684 secs]
58.762: Total time for which application threads were stopped: 0.0005965 seconds, Stopping threads took: 0.0000283 seconds
58.818: [GC (Allocation Failure)  88733K->669K(430080K), 0.0004564 secs]
58.818: Total time for which application threads were stopped: 0.0005734 seconds, Stopping threads took: 0.0000165 seconds
58.872: [GC (Allocation Failure)  87197K->605K(428544K), 0.0006007 secs]
58.873: Total time for which application threads were stopped: 0.0007283 seconds, Stopping threads took: 0.0000201 seconds
58.932: [GC (Allocation Failure)  85597K->701K(427008K), 0.0007269 secs]
58.933: Total time for which application threads were stopped: 0.0008538 seconds, Stopping threads took: 0.0000205 seconds
58.986: [GC (Allocation Failure)  84157K->669K(425472K), 0.0006448 secs]
58.986: Total time for which application threads were stopped: 0.0007806 seconds, Stopping threads took: 0.0000214 seconds
59.039: [GC (Allocation Failure)  82589K->637K(423936K), 0.0004285 secs]
59.039: Total time for which application threads were stopped: 0.0005564 seconds, Stopping threads took: 0.0000259 seconds
59.090: [GC (Allocation Failure)  81021K->669K(422400K), 0.0005836 secs]
59.091: Total time for which application threads were stopped: 0.0007222 seconds, Stopping threads took: 0.0000204 seconds
59.141: [GC (Allocation Failure)  79517K->669K(421376K), 0.0005200 secs]
59.141: Total time for which application threads were stopped: 0.0006487 seconds, Stopping threads took: 0.0000212 seconds
59.191: [GC (Allocation Failure)  78493K->605K(420352K), 0.0004857 secs]
59.191: Total time for which application threads were stopped: 0.0006206 seconds, Stopping threads took: 0.0000206 seconds
59.245: [GC (Allocation Failure)  77405K->637K(419328K), 0.0005099 secs]
59.246: Total time for which application threads were stopped: 0.0006424 seconds, Stopping threads took: 0.0000228 seconds
59.293: [GC (Allocation Failure)  76413K->669K(418304K), 0.0005380 secs]
59.294: Total time for which application threads were stopped: 0.0006861 seconds, Stopping threads took: 0.0000279 seconds
59.347: [GC (Allocation Failure)  75421K->637K(417280K), 0.0004761 secs]
59.348: Total time for which application threads were stopped: 0.0006144 seconds, Stopping threads took: 0.0000307 seconds
59.402: [GC (Allocation Failure)  74365K->637K(416256K), 0.0005398 secs]
59.402: Total time for which application threads were stopped: 0.0006537 seconds, Stopping threads took: 0.0000189 seconds
59.453: [GC (Allocation Failure)  73341K->605K(415232K), 0.0006198 secs]
59.454: Total time for which application threads were stopped: 0.0007335 seconds, Stopping threads took: 0.0000182 seconds
59.499: [GC (Allocation Failure)  72285K->605K(414208K), 0.0004787 secs]
59.499: Total time for which application threads were stopped: 0.0005960 seconds, Stopping threads took: 0.0000191 seconds
59.545: [GC (Allocation Failure)  71261K->733K(413184K), 0.0004237 secs]
59.545: Total time for which application threads were stopped: 0.0005463 seconds, Stopping threads took: 0.0000260 seconds
59.590: [GC (Allocation Failure)  70365K->669K(412160K), 0.0004533 secs]
59.590: Total time for which application threads were stopped: 0.0005805 seconds, Stopping threads took: 0.0000277 seconds
59.639: [GC (Allocation Failure)  69277K->637K(411136K), 0.0004941 secs]
59.640: Total time for which application threads were stopped: 0.0006164 seconds, Stopping threads took: 0.0000199 seconds
59.682: [GC (Allocation Failure)  68221K->637K(410112K), 0.0005038 secs]
59.683: Total time for which application threads were stopped: 0.0006567 seconds, Stopping threads took: 0.0000214 seconds
59.730: [GC (Allocation Failure)  67197K->605K(409088K), 0.0004403 secs]
59.731: Total time for which application threads were stopped: 0.0005479 seconds, Stopping threads took: 0.0000165 seconds
59.772: [GC (Allocation Failure)  66141K->605K(408064K), 0.0006510 secs]
59.773: Total time for which application threads were stopped: 0.0007846 seconds, Stopping threads took: 0.0000199 seconds
59.814: [GC (Allocation Failure)  65117K->701K(421376K), 0.0005924 secs]
59.814: Total time for which application threads were stopped: 0.0007203 seconds, Stopping threads took: 0.0000274 seconds
59.867: [GC (Allocation Failure)  78525K->637K(420352K), 0.0004931 secs]
59.867: Total time for which application threads were stopped: 0.0006313 seconds, Stopping threads took: 0.0000225 seconds
59.916: [GC (Allocation Failure)  77437K->637K(419328K), 0.0005612 secs]
59.916: Total time for which application threads were stopped: 0.0007082 seconds, Stopping threads took: 0.0000226 seconds
59.964: [GC (Allocation Failure)  76413K->669K(434688K), 0.0006139 secs]
59.965: Total time for which application threads were stopped: 0.0007431 seconds, Stopping threads took: 0.0000227 seconds
60.029: [GC (Allocation Failure)  91805K->637K(433152K), 0.0004828 secs]
60.030: Total time for which application threads were stopped: 0.0006092 seconds, Stopping threads took: 0.0000254 seconds
60.086: [GC (Allocation Failure)  90237K->669K(431616K), 0.0004831 secs]
60.087: Total time for which application threads were stopped: 0.0006135 seconds, Stopping threads took: 0.0000256 seconds
60.142: [GC (Allocation Failure)  88733K->669K(430080K), 0.0005334 secs]
60.142: Total time for which application threads were stopped: 0.0006736 seconds, Stopping threads took: 0.0000218 seconds
60.197: [GC (Allocation Failure)  87197K->637K(428544K), 0.0005399 secs]
60.198: Total time for which application threads were stopped: 0.0007033 seconds, Stopping threads took: 0.0000315 seconds
60.256: [GC (Allocation Failure)  85629K->605K(427008K), 0.0005787 secs]
60.257: Total time for which application threads were stopped: 0.0007061 seconds, Stopping threads took: 0.0000212 seconds
60.309: [GC (Allocation Failure)  84061K->637K(425472K), 0.0004958 secs]
60.310: Total time for which application threads were stopped: 0.0006309 seconds, Stopping threads took: 0.0000262 seconds
60.362: [GC (Allocation Failure)  82557K->605K(423936K), 0.0006266 secs]
60.363: Total time for which application threads were stopped: 0.0007813 seconds, Stopping threads took: 0.0000311 seconds
60.419: [GC (Allocation Failure)  80989K->605K(422400K), 0.0004983 secs]
60.420: Total time for which application threads were stopped: 0.0006366 seconds, Stopping threads took: 0.0000284 seconds
60.469: [GC (Allocation Failure)  79453K->605K(421376K), 0.0005276 secs]
60.470: Total time for which application threads were stopped: 0.0006467 seconds, Stopping threads took: 0.0000208 seconds
60.525: [GC (Allocation Failure)  78429K->669K(420352K), 0.0004856 secs]
60.525: Total time for which application threads were stopped: 0.0006243 seconds, Stopping threads took: 0.0000185 seconds
60.576: [GC (Allocation Failure)  77469K->701K(419328K), 0.0007378 secs]
60.577: Total time for which application threads were stopped: 0.0008951 seconds, Stopping threads took: 0.0000223 seconds
60.625: [GC (Allocation Failure)  76477K->637K(418304K), 0.0005161 secs]
60.625: Total time for which application threads were stopped: 0.0006621 seconds, Stopping threads took: 0.0000281 seconds
60.672: [GC (Allocation Failure)  75389K->637K(417280K), 0.0004836 secs]
60.673: Total time for which application threads were stopped: 0.0006105 seconds, Stopping threads took: 0.0000219 seconds
60.719: [GC (Allocation Failure)  74365K->637K(416256K), 0.0004912 secs]
60.720: Total time for which application threads were stopped: 0.0006054 seconds, Stopping threads took: 0.0000193 seconds
60.770: [GC (Allocation Failure)  73341K->669K(415232K), 0.0004246 secs]
60.771: Total time for which application threads were stopped: 0.0005309 seconds, Stopping threads took: 0.0000163 seconds
60.822: [GC (Allocation Failure)  72349K->733K(414208K), 0.0006752 secs]
60.823: Total time for which application threads were stopped: 0.0007939 seconds, Stopping threads took: 0.0000184 seconds
60.871: [GC (Allocation Failure)  71389K->669K(413184K), 0.0004444 secs]
60.872: Total time for which application threads were stopped: 0.0005697 seconds, Stopping threads took: 0.0000293 seconds
60.916: [GC (Allocation Failure)  70301K->573K(412160K), 0.0006064 secs]
60.917: Total time for which application threads were stopped: 0.0007396 seconds, Stopping threads took: 0.0000194 seconds
60.967: [GC (Allocation Failure)  69181K->637K(411136K), 0.0004772 secs]
60.967: Total time for which application threads were stopped: 0.0006190 seconds, Stopping threads took: 0.0000215 seconds
61.016: [GC (Allocation Failure)  68221K->669K(410112K), 0.0005126 secs]
61.017: Total time for which application threads were stopped: 0.0006563 seconds, Stopping threads took: 0.0000228 seconds
61.059: [GC (Allocation Failure)  67229K->669K(409088K), 0.0004830 secs]
61.059: Total time for which application threads were stopped: 0.0006063 seconds, Stopping threads took: 0.0000251 seconds
61.101: [GC (Allocation Failure)  66205K->637K(422400K), 0.0007698 secs]
61.102: Total time for which application threads were stopped: 0.0009206 seconds, Stopping threads took: 0.0000297 seconds
61.151: [GC (Allocation Failure)  79485K->701K(438272K), 0.0004897 secs]
61.152: Total time for which application threads were stopped: 0.0006289 seconds, Stopping threads took: 0.0000208 seconds
61.212: [GC (Allocation Failure)  95421K->669K(436736K), 0.0004105 secs]
61.212: Total time for which application threads were stopped: 0.0005282 seconds, Stopping threads took: 0.0000258 seconds
61.271: [GC (Allocation Failure)  93853K->637K(435200K), 0.0005803 secs]
61.271: Total time for which application threads were stopped: 0.0006996 seconds, Stopping threads took: 0.0000197 seconds
61.335: [GC (Allocation Failure)  92285K->701K(433664K), 0.0006258 secs]
61.336: Total time for which application threads were stopped: 0.0007589 seconds, Stopping threads took: 0.0000217 seconds
61.393: [GC (Allocation Failure)  90813K->637K(432128K), 0.0005485 secs]
61.394: Total time for which application threads were stopped: 0.0006725 seconds, Stopping threads took: 0.0000274 seconds
61.455: [GC (Allocation Failure)  89213K->669K(430592K), 0.0004960 secs]
61.455: Total time for which application threads were stopped: 0.0006104 seconds, Stopping threads took: 0.0000188 seconds
61.514: [GC (Allocation Failure)  87709K->669K(429056K), 0.0005626 secs]
61.514: Total time for which application threads were stopped: 0.0006665 seconds, Stopping threads took: 0.0000171 seconds
61.569: [GC (Allocation Failure)  86173K->669K(427520K), 0.0004410 secs]
61.570: Total time for which application threads were stopped: 0.0005660 seconds, Stopping threads took: 0.0000262 seconds
61.623: [GC (Allocation Failure)  84637K->669K(425984K), 0.0006400 secs]
61.623: Total time for which application threads were stopped: 0.0007837 seconds, Stopping threads took: 0.0000190 seconds
61.675: [GC (Allocation Failure)  83101K->669K(424448K), 0.0004512 secs]
61.676: Total time for which application threads were stopped: 0.0005718 seconds, Stopping threads took: 0.0000193 seconds
61.727: [GC (Allocation Failure)  81565K->637K(422912K), 0.0004840 secs]
61.727: Total time for which application threads were stopped: 0.0006082 seconds, Stopping threads took: 0.0000208 seconds
61.777: [GC (Allocation Failure)  79997K->605K(421888K), 0.0005926 secs]
61.778: Total time for which application threads were stopped: 0.0007209 seconds, Stopping threads took: 0.0000277 seconds
61.828: [GC (Allocation Failure)  78941K->637K(420864K), 0.0005293 secs]
61.829: Total time for which application threads were stopped: 0.0006589 seconds, Stopping threads took: 0.0000197 seconds
61.877: [GC (Allocation Failure)  77949K->669K(419840K), 0.0004955 secs]
61.878: Total time for which application threads were stopped: 0.0006136 seconds, Stopping threads took: 0.0000189 seconds
61.930: [GC (Allocation Failure)  76957K->605K(418816K), 0.0005657 secs]
61.930: Total time for which application threads were stopped: 0.0007121 seconds, Stopping threads took: 0.0000278 seconds
61.978: [GC (Allocation Failure)  75869K->669K(417792K), 0.0005859 secs]
61.978: Total time for which application threads were stopped: 0.0007177 seconds, Stopping threads took: 0.0000222 seconds
62.028: [GC (Allocation Failure)  74909K->669K(416768K), 0.0006104 secs]
62.029: Total time for which application threads were stopped: 0.0007374 seconds, Stopping threads took: 0.0000204 seconds
62.077: [GC (Allocation Failure)  73885K->669K(415744K), 0.0004110 secs]
62.078: Total time for which application threads were stopped: 0.0005342 seconds, Stopping threads took: 0.0000270 seconds
62.123: [GC (Allocation Failure)  72861K->605K(414720K), 0.0004557 secs]
62.124: Total time for which application threads were stopped: 0.0005836 seconds, Stopping threads took: 0.0000266 seconds
62.172: [GC (Allocation Failure)  71773K->669K(413696K), 0.0004764 secs]
62.173: Total time for which application threads were stopped: 0.0006026 seconds, Stopping threads took: 0.0000219 seconds
62.223: [GC (Allocation Failure)  70813K->637K(412672K), 0.0005202 secs]
62.224: Total time for which application threads were stopped: 0.0006514 seconds, Stopping threads took: 0.0000191 seconds
62.275: [GC (Allocation Failure)  69757K->605K(411648K), 0.0006390 secs]
62.275: Total time for which application threads were stopped: 0.0007754 seconds, Stopping threads took: 0.0000219 seconds
62.324: [GC (Allocation Failure)  68701K->669K(410624K), 0.0005314 secs]
62.324: Total time for which application threads were stopped: 0.0006643 seconds, Stopping threads took: 0.0000220 seconds
62.372: [GC (Allocation Failure)  67741K->669K(409600K), 0.0004773 secs]
62.372: Total time for which application threads were stopped: 0.0006126 seconds, Stopping threads took: 0.0000197 seconds
62.414: [GC (Allocation Failure)  66717K->637K(408576K), 0.0004735 secs]
62.415: Total time for which application threads were stopped: 0.0005967 seconds, Stopping threads took: 0.0000268 seconds
62.458: [GC (Allocation Failure)  65661K->669K(421888K), 0.0006591 secs]
62.459: Total time for which application threads were stopped: 0.0007872 seconds, Stopping threads took: 0.0000273 seconds
62.513: [GC (Allocation Failure)  79005K->637K(420864K), 0.0004061 secs]
62.514: Total time for which application threads were stopped: 0.0005362 seconds, Stopping threads took: 0.0000342 seconds
62.568: [GC (Allocation Failure)  77949K->605K(419840K), 0.0004290 secs]
62.569: Total time for which application threads were stopped: 0.0005476 seconds, Stopping threads took: 0.0000195 seconds
62.617: [GC (Allocation Failure)  76893K->637K(418816K), 0.0005349 secs]
62.617: Total time for which application threads were stopped: 0.0006513 seconds, Stopping threads took: 0.0000195 seconds
62.665: [GC (Allocation Failure)  75901K->701K(417792K), 0.0004469 secs]
62.665: Total time for which application threads were stopped: 0.0005632 seconds, Stopping threads took: 0.0000192 seconds
62.718: [GC (Allocation Failure)  74941K->605K(416768K), 0.0006071 secs]
62.719: Total time for which application threads were stopped: 0.0007162 seconds, Stopping threads took: 0.0000167 seconds
62.765: [GC (Allocation Failure)  73821K->605K(415744K), 0.0004249 secs]
62.765: Total time for which application threads were stopped: 0.0005539 seconds, Stopping threads took: 0.0000279 seconds
62.818: [GC (Allocation Failure)  72797K->637K(414720K), 0.0004106 secs]
62.818: Total time for which application threads were stopped: 0.0005230 seconds, Stopping threads took: 0.0000240 seconds
62.863: [GC (Allocation Failure)  71805K->637K(413696K), 0.0004646 secs]
62.863: Total time for which application threads were stopped: 0.0005739 seconds, Stopping threads took: 0.0000171 seconds
62.907: [GC (Allocation Failure)  70781K->669K(412672K), 0.0005526 secs]
62.908: Total time for which application threads were stopped: 0.0006749 seconds, Stopping threads took: 0.0000200 seconds
62.952: [GC (Allocation Failure)  69789K->669K(411648K), 0.0006088 secs]
62.952: Total time for which application threads were stopped: 0.0007273 seconds, Stopping threads took: 0.0000200 seconds
63.002: [GC (Allocation Failure)  68765K->669K(410624K), 0.0005282 secs]
63.002: Total time for which application threads were stopped: 0.0006448 seconds, Stopping threads took: 0.0000187 seconds
63.051: [GC (Allocation Failure)  67741K->669K(409600K), 0.0004931 secs]
63.051: Total time for which application threads were stopped: 0.0006173 seconds, Stopping threads took: 0.0000265 seconds
63.096: [GC (Allocation Failure)  66717K->669K(408576K), 0.0004473 secs]
63.097: Total time for which application threads were stopped: 0.0005596 seconds, Stopping threads took: 0.0000192 seconds
63.138: [GC (Allocation Failure)  65693K->669K(407552K), 0.0005138 secs]
63.138: Total time for which application threads were stopped: 0.0006420 seconds, Stopping threads took: 0.0000277 seconds
63.179: [GC (Allocation Failure)  64669K->701K(406528K), 0.0004687 secs]
63.179: Total time for which application threads were stopped: 0.0005884 seconds, Stopping threads took: 0.0000195 seconds
63.219: [GC (Allocation Failure)  63677K->637K(405504K), 0.0004906 secs]
63.219: Total time for which application threads were stopped: 0.0006104 seconds, Stopping threads took: 0.0000196 seconds
63.263: [GC (Allocation Failure)  62589K->733K(404992K), 0.0004940 secs]
63.263: Total time for which application threads were stopped: 0.0006207 seconds, Stopping threads took: 0.0000267 seconds
63.302: [GC (Allocation Failure)  62173K->637K(404480K), 0.0004980 secs]
63.303: Total time for which application threads were stopped: 0.0006152 seconds, Stopping threads took: 0.0000197 seconds
63.341: [GC (Allocation Failure)  61565K->637K(416768K), 0.0004808 secs]
63.342: Total time for which application threads were stopped: 0.0005967 seconds, Stopping threads took: 0.0000195 seconds
63.392: [GC (Allocation Failure)  73853K->605K(415744K), 0.0004612 secs]
63.392: Total time for which application threads were stopped: 0.0005778 seconds, Stopping threads took: 0.0000193 seconds
63.444: [GC (Allocation Failure)  72797K->733K(414720K), 0.0005047 secs]
63.445: Total time for which application threads were stopped: 0.0006304 seconds, Stopping threads took: 0.0000270 seconds
63.489: [GC (Allocation Failure)  71901K->701K(413696K), 0.0004529 secs]
63.490: Total time for which application threads were stopped: 0.0005677 seconds, Stopping threads took: 0.0000192 seconds
63.540: [GC (Allocation Failure)  70845K->637K(412672K), 0.0004235 secs]
63.540: Total time for which application threads were stopped: 0.0005406 seconds, Stopping threads took: 0.0000188 seconds
63.589: [GC (Allocation Failure)  69757K->669K(411648K), 0.0005066 secs]
63.590: Total time for which application threads were stopped: 0.0006374 seconds, Stopping threads took: 0.0000207 seconds
63.633: [GC (Allocation Failure)  68765K->637K(410624K), 0.0005087 secs]
63.633: Total time for which application threads were stopped: 0.0006585 seconds, Stopping threads took: 0.0000288 seconds
63.681: [GC (Allocation Failure)  67709K->605K(409600K), 0.0004908 secs]
63.682: Total time for which application threads were stopped: 0.0006282 seconds, Stopping threads took: 0.0000302 seconds
63.723: [GC (Allocation Failure)  66653K->669K(408576K), 0.0004555 secs]
63.724: Total time for which application threads were stopped: 0.0005751 seconds, Stopping threads took: 0.0000194 seconds
63.765: [GC (Allocation Failure)  65693K->637K(407552K), 0.0006219 secs]
63.765: Total time for which application threads were stopped: 0.0007469 seconds, Stopping threads took: 0.0000280 seconds
63.806: [GC (Allocation Failure)  64637K->605K(406528K), 0.0004407 secs]
63.806: Total time for which application threads were stopped: 0.0005860 seconds, Stopping threads took: 0.0000247 seconds
63.852: [GC (Allocation Failure)  63581K->669K(405504K), 0.0005517 secs]
63.852: Total time for which application threads were stopped: 0.0006709 seconds, Stopping threads took: 0.0000199 seconds
63.891: [GC (Allocation Failure)  62621K->637K(418304K), 0.0004887 secs]
63.892: Total time for which application threads were stopped: 0.0006168 seconds, Stopping threads took: 0.0000272 seconds
63.946: [GC (Allocation Failure)  75389K->669K(433664K), 0.0006579 secs]
63.946: Total time for which application threads were stopped: 0.0007831 seconds, Stopping threads took: 0.0000267 seconds
64.009: [GC (Allocation Failure)  90781K->733K(432128K), 0.0006110 secs]
64.009: Total time for which application threads were stopped: 0.0007195 seconds, Stopping threads took: 0.0000195 seconds
64.066: [GC (Allocation Failure)  89309K->669K(430592K), 0.0004013 secs]
64.066: Total time for which application threads were stopped: 0.0005259 seconds, Stopping threads took: 0.0000271 seconds
64.126: [GC (Allocation Failure)  87709K->701K(429056K), 0.0005718 secs]
64.127: Total time for which application threads were stopped: 0.0006989 seconds, Stopping threads took: 0.0000286 seconds
64.184: [GC (Allocation Failure)  86205K->669K(427520K), 0.0005248 secs]
64.185: Total time for which application threads were stopped: 0.0006640 seconds, Stopping threads took: 0.0000218 seconds
64.238: [GC (Allocation Failure)  84637K->669K(425984K), 0.0005964 secs]
64.239: Total time for which application threads were stopped: 0.0007413 seconds, Stopping threads took: 0.0000225 seconds
64.291: [GC (Allocation Failure)  83101K->669K(424448K), 0.0005159 secs]
64.291: Total time for which application threads were stopped: 0.0006608 seconds, Stopping threads took: 0.0000233 seconds
64.343: [GC (Allocation Failure)  81565K->637K(422912K), 0.0005062 secs]
64.343: Total time for which application threads were stopped: 0.0006501 seconds, Stopping threads took: 0.0000221 seconds
64.393: [GC (Allocation Failure)  79997K->669K(421888K), 0.0004978 secs]
64.394: Total time for which application threads were stopped: 0.0006347 seconds, Stopping threads took: 0.0000229 seconds
64.444: [GC (Allocation Failure)  79005K->637K(420864K), 0.0004841 secs]
64.444: Total time for which application threads were stopped: 0.0006053 seconds, Stopping threads took: 0.0000204 seconds
64.493: [GC (Allocation Failure)  77949K->637K(419840K), 0.0005087 secs]
64.494: Total time for which application threads were stopped: 0.0006612 seconds, Stopping threads took: 0.0000227 seconds
64.548: [GC (Allocation Failure)  76925K->637K(418816K), 0.0004647 secs]
64.549: Total time for which application threads were stopped: 0.0006007 seconds, Stopping threads took: 0.0000263 seconds
64.597: [GC (Allocation Failure)  75901K->669K(417792K), 0.0004971 secs]
64.597: Total time for which application threads were stopped: 0.0006282 seconds, Stopping threads took: 0.0000211 seconds
64.644: [GC (Allocation Failure)  74909K->605K(416768K), 0.0006112 secs]
64.645: Total time for which application threads were stopped: 0.0007651 seconds, Stopping threads took: 0.0000300 seconds
64.694: [GC (Allocation Failure)  73821K->637K(415744K), 0.0004872 secs]
64.694: Total time for which application threads were stopped: 0.0006187 seconds, Stopping threads took: 0.0000195 seconds
64.745: [GC (Allocation Failure)  72829K->669K(414720K), 0.0006100 secs]
64.746: Total time for which application threads were stopped: 0.0007389 seconds, Stopping threads took: 0.0000284 seconds
64.796: [GC (Allocation Failure)  71837K->637K(413696K), 0.0004765 secs]
64.797: Total time for which application threads were stopped: 0.0006428 seconds, Stopping threads took: 0.0000488 seconds
64.844: [GC (Allocation Failure)  70781K->669K(412672K), 0.0004849 secs]
64.844: Total time for which application threads were stopped: 0.0006134 seconds, Stopping threads took: 0.0000278 seconds
64.891: [GC (Allocation Failure)  69789K->605K(411648K), 0.0005525 secs]
64.891: Total time for which application threads were stopped: 0.0006929 seconds, Stopping threads took: 0.0000294 seconds
64.935: [GC (Allocation Failure)  68701K->669K(410624K), 0.0005115 secs]
64.935: Total time for which application threads were stopped: 0.0006305 seconds, Stopping threads took: 0.0000207 seconds
64.983: [GC (Allocation Failure)  67741K->669K(409600K), 0.0006217 secs]
64.983: Total time for which application threads were stopped: 0.0007332 seconds, Stopping threads took: 0.0000204 seconds
65.032: [GC (Allocation Failure)  66717K->701K(422912K), 0.0006624 secs]
65.033: Total time for which application threads were stopped: 0.0007792 seconds, Stopping threads took: 0.0000176 seconds
65.084: [GC (Allocation Failure)  80061K->637K(421888K), 0.0004150 secs]
65.085: Total time for which application threads were stopped: 0.0005341 seconds, Stopping threads took: 0.0000249 seconds
65.135: [GC (Allocation Failure)  78973K->637K(420864K), 0.0005160 secs]
65.135: Total time for which application threads were stopped: 0.0006413 seconds, Stopping threads took: 0.0000218 seconds
65.184: [GC (Allocation Failure)  77949K->637K(419840K), 0.0004505 secs]
65.185: Total time for which application threads were stopped: 0.0006128 seconds, Stopping threads took: 0.0000522 seconds
65.237: [GC (Allocation Failure)  76925K->637K(418816K), 0.0005681 secs]
65.238: Total time for which application threads were stopped: 0.0007504 seconds, Stopping threads took: 0.0000219 seconds
65.285: [GC (Allocation Failure)  75901K->701K(417792K), 0.0006406 secs]
65.286: Total time for which application threads were stopped: 0.0007735 seconds, Stopping threads took: 0.0000211 seconds
65.333: [GC (Allocation Failure)  74941K->637K(416768K), 0.0005093 secs]
65.333: Total time for which application threads were stopped: 0.0006506 seconds, Stopping threads took: 0.0000214 seconds
65.385: [GC (Allocation Failure)  73853K->701K(415744K), 0.0004681 secs]
65.385: Total time for which application threads were stopped: 0.0005860 seconds, Stopping threads took: 0.0000192 seconds
65.431: [GC (Allocation Failure)  72893K->637K(414720K), 0.0005069 secs]
65.431: Total time for which application threads were stopped: 0.0006515 seconds, Stopping threads took: 0.0000212 seconds
65.476: [GC (Allocation Failure)  71805K->669K(413696K), 0.0005030 secs]
65.477: Total time for which application threads were stopped: 0.0006300 seconds, Stopping threads took: 0.0000271 seconds
65.524: [GC (Allocation Failure)  70813K->605K(412672K), 0.0005423 secs]
65.525: Total time for which application threads were stopped: 0.0006755 seconds, Stopping threads took: 0.0000420 seconds
65.572: [GC (Allocation Failure)  69725K->605K(411648K), 0.0004164 secs]
65.573: Total time for which application threads were stopped: 0.0005390 seconds, Stopping threads took: 0.0000276 seconds
65.621: [GC (Allocation Failure)  68701K->637K(410624K), 0.0005017 secs]
65.622: Total time for which application threads were stopped: 0.0006092 seconds, Stopping threads took: 0.0000167 seconds
65.670: [GC (Allocation Failure)  67709K->637K(409600K), 0.0005115 secs]
65.671: Total time for which application threads were stopped: 0.0006413 seconds, Stopping threads took: 0.0000272 seconds
65.712: [GC (Allocation Failure)  66685K->669K(422912K), 0.0006628 secs]
65.713: Total time for which application threads were stopped: 0.0007915 seconds, Stopping threads took: 0.0000277 seconds
65.763: [GC (Allocation Failure)  80029K->637K(421888K), 0.0004422 secs]
65.763: Total time for which application threads were stopped: 0.0005796 seconds, Stopping threads took: 0.0000274 seconds
65.813: [GC (Allocation Failure)  78973K->669K(420864K), 0.0004544 secs]
65.814: Total time for which application threads were stopped: 0.0005653 seconds, Stopping threads took: 0.0000173 seconds
65.863: [GC (Allocation Failure)  77981K->637K(419840K), 0.0004602 secs]
65.863: Total time for which application threads were stopped: 0.0005809 seconds, Stopping threads took: 0.0000198 seconds
65.911: [GC (Allocation Failure)  76925K->637K(418816K), 0.0006517 secs]
65.912: Total time for which application threads were stopped: 0.0007787 seconds, Stopping threads took: 0.0000215 seconds
65.966: [GC (Allocation Failure)  75901K->637K(417792K), 0.0005999 secs]
65.967: Total time for which application threads were stopped: 0.0007336 seconds, Stopping threads took: 0.0000207 seconds
66.014: [GC (Allocation Failure)  74877K->669K(416768K), 0.0005085 secs]
66.014: Total time for which application threads were stopped: 0.0006576 seconds, Stopping threads took: 0.0000293 seconds
66.064: [GC (Allocation Failure)  73885K->669K(415744K), 0.0004048 secs]
66.064: Total time for which application threads were stopped: 0.0005409 seconds, Stopping threads took: 0.0000202 seconds
66.110: [GC (Allocation Failure)  72861K->765K(414720K), 0.0004812 secs]
66.110: Total time for which application threads were stopped: 0.0006025 seconds, Stopping threads took: 0.0000250 seconds
66.158: [GC (Allocation Failure)  71933K->605K(413696K), 0.0006185 secs]
66.159: Total time for which application threads were stopped: 0.0007550 seconds, Stopping threads took: 0.0000199 seconds
66.208: [GC (Allocation Failure)  70749K->637K(412672K), 0.0005137 secs]
66.208: Total time for which application threads were stopped: 0.0006745 seconds, Stopping threads took: 0.0000306 seconds
66.257: [GC (Allocation Failure)  69757K->669K(411648K), 0.0005124 secs]
66.257: Total time for which application threads were stopped: 0.0006745 seconds, Stopping threads took: 0.0000222 seconds
66.300: [GC (Allocation Failure)  68765K->669K(410624K), 0.0005912 secs]
66.301: Total time for which application threads were stopped: 0.0007357 seconds, Stopping threads took: 0.0000226 seconds
66.344: [GC (Allocation Failure)  67741K->669K(424448K), 0.0005572 secs]
66.344: Total time for which application threads were stopped: 0.0007140 seconds, Stopping threads took: 0.0000309 seconds
66.395: [GC (Allocation Failure)  81565K->605K(422912K), 0.0005057 secs]
66.396: Total time for which application threads were stopped: 0.0006414 seconds, Stopping threads took: 0.0000237 seconds
66.446: [GC (Allocation Failure)  79965K->669K(421888K), 0.0006132 secs]
66.447: Total time for which application threads were stopped: 0.0007327 seconds, Stopping threads took: 0.0000193 seconds
66.496: [GC (Allocation Failure)  79005K->669K(420864K), 0.0004893 secs]
66.497: Total time for which application threads were stopped: 0.0006156 seconds, Stopping threads took: 0.0000204 seconds
66.546: [GC (Allocation Failure)  77981K->669K(419840K), 0.0005137 secs]
66.547: Total time for which application threads were stopped: 0.0006394 seconds, Stopping threads took: 0.0000198 seconds
66.595: [GC (Allocation Failure)  76957K->701K(418816K), 0.0005056 secs]
66.596: Total time for which application threads were stopped: 0.0006357 seconds, Stopping threads took: 0.0000214 seconds
66.644: [GC (Allocation Failure)  75965K->637K(417792K), 0.0005303 secs]
66.644: Total time for which application threads were stopped: 0.0006808 seconds, Stopping threads took: 0.0000288 seconds
66.696: [GC (Allocation Failure)  74877K->605K(416768K), 0.0006280 secs]
66.696: Total time for which application threads were stopped: 0.0007584 seconds, Stopping threads took: 0.0000218 seconds
66.742: [GC (Allocation Failure)  73821K->637K(415744K), 0.0005411 secs]
66.743: Total time for which application threads were stopped: 0.0006763 seconds, Stopping threads took: 0.0000219 seconds
66.788: [GC (Allocation Failure)  72829K->637K(414720K), 0.0005246 secs]
66.789: Total time for which application threads were stopped: 0.0006446 seconds, Stopping threads took: 0.0000196 seconds
66.841: [GC (Allocation Failure)  71805K->637K(413696K), 0.0005268 secs]
66.841: Total time for which application threads were stopped: 0.0006462 seconds, Stopping threads took: 0.0000193 seconds
66.885: [GC (Allocation Failure)  70781K->637K(412672K), 0.0004657 secs]
66.886: Total time for which application threads were stopped: 0.0005854 seconds, Stopping threads took: 0.0000194 seconds
66.935: [GC (Allocation Failure)  69757K->669K(411648K), 0.0005384 secs]
66.935: Total time for which application threads were stopped: 0.0006540 seconds, Stopping threads took: 0.0000193 seconds
66.979: [GC (Allocation Failure)  68765K->669K(410624K), 0.0004910 secs]
66.980: Total time for which application threads were stopped: 0.0006098 seconds, Stopping threads took: 0.0000196 seconds
67.022: [GC (Allocation Failure)  67741K->637K(409600K), 0.0005582 secs]
67.022: Total time for which application threads were stopped: 0.0006869 seconds, Stopping threads took: 0.0000273 seconds
67.070: [GC (Allocation Failure)  66685K->637K(408576K), 0.0004733 secs]
67.070: Total time for which application threads were stopped: 0.0005911 seconds, Stopping threads took: 0.0000190 seconds
67.117: [GC (Allocation Failure)  65661K->637K(407552K), 0.0004661 secs]
67.117: Total time for which application threads were stopped: 0.0005667 seconds, Stopping threads took: 0.0000165 seconds
67.163: [GC (Allocation Failure)  64637K->637K(406528K), 0.0006497 secs]
67.164: Total time for which application threads were stopped: 0.0007957 seconds, Stopping threads took: 0.0000287 seconds
67.204: [GC (Allocation Failure)  63613K->573K(419328K), 0.0004989 secs]
67.204: Total time for which application threads were stopped: 0.0006386 seconds, Stopping threads took: 0.0000303 seconds
67.252: [GC (Allocation Failure)  76349K->637K(418304K), 0.0005293 secs]
67.253: Total time for which application threads were stopped: 0.0006771 seconds, Stopping threads took: 0.0000301 seconds
67.300: [GC (Allocation Failure)  75389K->669K(417280K), 0.0004789 secs]
67.300: Total time for which application threads were stopped: 0.0006315 seconds, Stopping threads took: 0.0000209 seconds
67.347: [GC (Allocation Failure)  74397K->605K(416256K), 0.0005218 secs]
67.348: Total time for which application threads were stopped: 0.0006616 seconds, Stopping threads took: 0.0000233 seconds
67.399: [GC (Allocation Failure)  73309K->637K(415232K), 0.0005001 secs]
67.399: Total time for which application threads were stopped: 0.0006378 seconds, Stopping threads took: 0.0000208 seconds
67.445: [GC (Allocation Failure)  72317K->605K(414208K), 0.0005741 secs]
67.445: Total time for which application threads were stopped: 0.0007138 seconds, Stopping threads took: 0.0000296 seconds
67.490: [GC (Allocation Failure)  71261K->637K(413184K), 0.0005187 secs]
67.490: Total time for which application threads were stopped: 0.0006647 seconds, Stopping threads took: 0.0000216 seconds
67.534: [GC (Allocation Failure)  70269K->701K(412160K), 0.0004839 secs]
67.535: Total time for which application threads were stopped: 0.0006082 seconds, Stopping threads took: 0.0000203 seconds
67.580: [GC (Allocation Failure)  69309K->669K(411136K), 0.0005055 secs]
67.580: Total time for which application threads were stopped: 0.0006252 seconds, Stopping threads took: 0.0000197 seconds
67.623: [GC (Allocation Failure)  68253K->701K(424960K), 0.0006013 secs]
67.623: Total time for which application threads were stopped: 0.0007364 seconds, Stopping threads took: 0.0000211 seconds
67.679: [GC (Allocation Failure)  82109K->669K(423424K), 0.0005336 secs]
67.680: Total time for which application threads were stopped: 0.0006688 seconds, Stopping threads took: 0.0000213 seconds
67.730: [GC (Allocation Failure)  80541K->733K(422400K), 0.0005968 secs]
67.731: Total time for which application threads were stopped: 0.0007320 seconds, Stopping threads took: 0.0000304 seconds
67.785: [GC (Allocation Failure)  79581K->669K(421376K), 0.0004819 secs]
67.786: Total time for which application threads were stopped: 0.0005859 seconds, Stopping threads took: 0.0000165 seconds
67.836: [GC (Allocation Failure)  78493K->669K(420352K), 0.0004915 secs]
67.837: Total time for which application threads were stopped: 0.0006208 seconds, Stopping threads took: 0.0000280 seconds
67.886: [GC (Allocation Failure)  77469K->637K(419328K), 0.0004960 secs]
67.886: Total time for which application threads were stopped: 0.0006340 seconds, Stopping threads took: 0.0000207 seconds
67.939: [GC (Allocation Failure)  76413K->637K(418304K), 0.0005089 secs]
67.940: Total time for which application threads were stopped: 0.0006464 seconds, Stopping threads took: 0.0000219 seconds
67.987: [GC (Allocation Failure)  75389K->669K(417280K), 0.0005205 secs]
67.987: Total time for which application threads were stopped: 0.0006684 seconds, Stopping threads took: 0.0000300 seconds
68.034: [GC (Allocation Failure)  74397K->637K(416256K), 0.0005214 secs]
68.034: Total time for which application threads were stopped: 0.0006676 seconds, Stopping threads took: 0.0000220 seconds
68.080: [GC (Allocation Failure)  73341K->701K(415232K), 0.0004707 secs]
68.081: Total time for which application threads were stopped: 0.0006119 seconds, Stopping threads took: 0.0000304 seconds
68.126: [GC (Allocation Failure)  72381K->605K(414208K), 0.0005931 secs]
68.127: Total time for which application threads were stopped: 0.0007162 seconds, Stopping threads took: 0.0000270 seconds
68.171: [GC (Allocation Failure)  71261K->637K(413184K), 0.0004702 secs]
68.171: Total time for which application threads were stopped: 0.0006048 seconds, Stopping threads took: 0.0000272 seconds
68.215: [GC (Allocation Failure)  70269K->637K(412160K), 0.0004777 secs]
68.216: Total time for which application threads were stopped: 0.0006094 seconds, Stopping threads took: 0.0000194 seconds
68.266: [GC (Allocation Failure)  69245K->637K(411136K), 0.0004902 secs]
68.267: Total time for which application threads were stopped: 0.0006205 seconds, Stopping threads took: 0.0000272 seconds
68.315: [GC (Allocation Failure)  68221K->637K(410112K), 0.0004688 secs]
68.316: Total time for which application threads were stopped: 0.0005952 seconds, Stopping threads took: 0.0000281 seconds
68.361: [GC (Allocation Failure)  67197K->669K(409088K), 0.0006079 secs]
68.362: Total time for which application threads were stopped: 0.0007288 seconds, Stopping threads took: 0.0000202 seconds
68.403: [GC (Allocation Failure)  66205K->637K(422400K), 0.0006410 secs]
68.403: Total time for which application threads were stopped: 0.0007759 seconds, Stopping threads took: 0.0000197 seconds
68.458: [GC (Allocation Failure)  79485K->637K(421376K), 0.0004767 secs]
68.459: Total time for which application threads were stopped: 0.0006034 seconds, Stopping threads took: 0.0000277 seconds
68.507: [GC (Allocation Failure)  78461K->637K(420352K), 0.0005655 secs]
68.508: Total time for which application threads were stopped: 0.0006942 seconds, Stopping threads took: 0.0000197 seconds
68.564: [GC (Allocation Failure)  77437K->637K(419328K), 0.0004315 secs]
68.565: Total time for which application threads were stopped: 0.0005540 seconds, Stopping threads took: 0.0000197 seconds
68.613: [GC (Allocation Failure)  76413K->605K(418304K), 0.0006176 secs]
68.614: Total time for which application threads were stopped: 0.0007356 seconds, Stopping threads took: 0.0000198 seconds
68.667: [GC (Allocation Failure)  75357K->669K(417280K), 0.0004600 secs]
68.667: Total time for which application threads were stopped: 0.0005852 seconds, Stopping threads took: 0.0000276 seconds
68.713: [GC (Allocation Failure)  74397K->701K(416256K), 0.0005378 secs]
68.714: Total time for which application threads were stopped: 0.0006653 seconds, Stopping threads took: 0.0000282 seconds
68.765: [GC (Allocation Failure)  73405K->637K(415232K), 0.0005974 secs]
68.766: Total time for which application threads were stopped: 0.0007130 seconds, Stopping threads took: 0.0000188 seconds
68.814: [GC (Allocation Failure)  72317K->669K(414208K), 0.0004728 secs]
68.815: Total time for which application threads were stopped: 0.0005952 seconds, Stopping threads took: 0.0000251 seconds
68.863: [GC (Allocation Failure)  71325K->605K(413184K), 0.0004667 secs]
68.863: Total time for which application threads were stopped: 0.0005920 seconds, Stopping threads took: 0.0000205 seconds
68.914: [GC (Allocation Failure)  70237K->637K(412160K), 0.0005653 secs]
68.914: Total time for which application threads were stopped: 0.0007131 seconds, Stopping threads took: 0.0000295 seconds
68.961: [GC (Allocation Failure)  69245K->669K(411136K), 0.0005284 secs]
68.961: Total time for which application threads were stopped: 0.0006668 seconds, Stopping threads took: 0.0000309 seconds
69.007: [GC (Allocation Failure)  68253K->637K(410112K), 0.0004516 secs]
69.008: Total time for which application threads were stopped: 0.0005601 seconds, Stopping threads took: 0.0000169 seconds
69.055: [GC (Allocation Failure)  67197K->669K(409088K), 0.0004584 secs]
69.056: Total time for which application threads were stopped: 0.0005815 seconds, Stopping threads took: 0.0000252 seconds
69.102: [GC (Allocation Failure)  66205K->669K(408064K), 0.0004698 secs]
69.102: Total time for which application threads were stopped: 0.0006000 seconds, Stopping threads took: 0.0000250 seconds
69.143: [GC (Allocation Failure)  65181K->733K(421376K), 0.0006718 secs]
69.144: Total time for which application threads were stopped: 0.0008031 seconds, Stopping threads took: 0.0000203 seconds
69.193: [GC (Allocation Failure)  78557K->701K(420352K), 0.0004978 secs]
69.193: Total time for which application threads were stopped: 0.0006386 seconds, Stopping threads took: 0.0000295 seconds
69.248: [GC (Allocation Failure)  77501K->637K(419328K), 0.0004839 secs]
69.248: Total time for which application threads were stopped: 0.0006251 seconds, Stopping threads took: 0.0000316 seconds
69.301: [GC (Allocation Failure)  76413K->669K(418304K), 0.0005008 secs]
69.302: Total time for which application threads were stopped: 0.0006201 seconds, Stopping threads took: 0.0000201 seconds
69.349: [GC (Allocation Failure)  75421K->733K(417280K), 0.0004802 secs]
69.349: Total time for which application threads were stopped: 0.0006125 seconds, Stopping threads took: 0.0000193 seconds
69.396: [GC (Allocation Failure)  74461K->605K(416256K), 0.0005650 secs]
69.396: Total time for which application threads were stopped: 0.0007023 seconds, Stopping threads took: 0.0000285 seconds
69.442: [GC (Allocation Failure)  73309K->669K(415232K), 0.0005268 secs]
69.443: Total time for which application threads were stopped: 0.0006528 seconds, Stopping threads took: 0.0000206 seconds
69.493: [GC (Allocation Failure)  72349K->605K(414208K), 0.0005605 secs]
69.494: Total time for which application threads were stopped: 0.0006881 seconds, Stopping threads took: 0.0000206 seconds
69.539: [GC (Allocation Failure)  71261K->701K(428544K), 0.0006870 secs]
69.539: Total time for which application threads were stopped: 0.0008163 seconds, Stopping threads took: 0.0000217 seconds
69.593: [GC (Allocation Failure)  85693K->669K(445952K), 0.0005699 secs]
69.594: Total time for which application threads were stopped: 0.0006864 seconds, Stopping threads took: 0.0000212 seconds
69.664: [GC (Allocation Failure)  103069K->637K(443904K), 0.0004402 secs]
69.665: Total time for which application threads were stopped: 0.0005644 seconds, Stopping threads took: 0.0000273 seconds
69.734: [GC (Allocation Failure)  100989K->669K(441856K), 0.0004815 secs]
69.734: Total time for which application threads were stopped: 0.0005926 seconds, Stopping threads took: 0.0000178 seconds
69.796: [GC (Allocation Failure)  98973K->605K(439808K), 0.0005588 secs]
69.796: Total time for which application threads were stopped: 0.0006905 seconds, Stopping threads took: 0.0000247 seconds
69.858: [GC (Allocation Failure)  96861K->701K(437760K), 0.0004720 secs]
69.858: Total time for which application threads were stopped: 0.0005983 seconds, Stopping threads took: 0.0000275 seconds
69.923: [GC (Allocation Failure)  94909K->669K(436224K), 0.0005096 secs]
69.923: Total time for which application threads were stopped: 0.0006407 seconds, Stopping threads took: 0.0000227 seconds
69.981: [GC (Allocation Failure)  93341K->669K(434688K), 0.0004168 secs]
69.982: Total time for which application threads were stopped: 0.0005256 seconds, Stopping threads took: 0.0000167 seconds
70.042: [GC (Allocation Failure)  91805K->637K(433152K), 0.0004077 secs]
70.042: Total time for which application threads were stopped: 0.0005225 seconds, Stopping threads took: 0.0000184 seconds
70.099: [GC (Allocation Failure)  90237K->669K(431616K), 0.0005174 secs]
70.099: Total time for which application threads were stopped: 0.0006337 seconds, Stopping threads took: 0.0000189 seconds
70.155: [GC (Allocation Failure)  88733K->637K(430080K), 0.0004759 secs]
70.155: Total time for which application threads were stopped: 0.0005932 seconds, Stopping threads took: 0.0000197 seconds
70.214: [GC (Allocation Failure)  87165K->669K(428544K), 0.0005238 secs]
70.215: Total time for which application threads were stopped: 0.0006425 seconds, Stopping threads took: 0.0000199 seconds
70.268: [GC (Allocation Failure)  85661K->637K(427008K), 0.0005200 secs]
70.269: Total time for which application threads were stopped: 0.0006387 seconds, Stopping threads took: 0.0000194 seconds
70.327: [GC (Allocation Failure)  84093K->605K(425472K), 0.0004991 secs]
70.328: Total time for which application threads were stopped: 0.0006245 seconds, Stopping threads took: 0.0000272 seconds
70.379: [GC (Allocation Failure)  82525K->701K(423936K), 0.0006109 secs]
70.380: Total time for which application threads were stopped: 0.0007543 seconds, Stopping threads took: 0.0000266 seconds
70.437: [GC (Allocation Failure)  81085K->669K(422400K), 0.0004514 secs]
70.438: Total time for which application threads were stopped: 0.0005727 seconds, Stopping threads took: 0.0000209 seconds
70.493: [GC (Allocation Failure)  79517K->701K(421376K), 0.0005312 secs]
70.493: Total time for which application threads were stopped: 0.0006510 seconds, Stopping threads took: 0.0000199 seconds
70.542: [GC (Allocation Failure)  78525K->637K(420352K), 0.0004750 secs]
70.543: Total time for which application threads were stopped: 0.0005754 seconds, Stopping threads took: 0.0000165 seconds
70.593: [GC (Allocation Failure)  77437K->701K(419328K), 0.0003657 secs]
70.593: Total time for which application threads were stopped: 0.0004887 seconds, Stopping threads took: 0.0000167 seconds
70.641: [GC (Allocation Failure)  76477K->605K(418304K), 0.0006454 secs]
70.642: Total time for which application threads were stopped: 0.0007839 seconds, Stopping threads took: 0.0000209 seconds
70.690: [GC (Allocation Failure)  75357K->605K(417280K), 0.0006973 secs]
70.691: Total time for which application threads were stopped: 0.0008400 seconds, Stopping threads took: 0.0000216 seconds
70.738: [GC (Allocation Failure)  74333K->669K(432128K), 0.0006341 secs]
70.738: Total time for which application threads were stopped: 0.0007713 seconds, Stopping threads took: 0.0000217 seconds
70.794: [GC (Allocation Failure)  89245K->701K(430592K), 0.0005034 secs]
70.795: Total time for which application threads were stopped: 0.0006550 seconds, Stopping threads took: 0.0000257 seconds
70.851: [GC (Allocation Failure)  87741K->669K(429056K), 0.0005280 secs]
70.851: Total time for which application threads were stopped: 0.0006625 seconds, Stopping threads took: 0.0000183 seconds
70.910: [GC (Allocation Failure)  86173K->637K(427520K), 0.0005401 secs]
70.911: Total time for which application threads were stopped: 0.0006668 seconds, Stopping threads took: 0.0000215 seconds
70.967: [GC (Allocation Failure)  84605K->605K(425984K), 0.0006359 secs]
70.967: Total time for which application threads were stopped: 0.0007508 seconds, Stopping threads took: 0.0000191 seconds
71.019: [GC (Allocation Failure)  83037K->669K(424448K), 0.0005028 secs]
71.020: Total time for which application threads were stopped: 0.0006208 seconds, Stopping threads took: 0.0000192 seconds
71.076: [GC (Allocation Failure)  81565K->701K(422912K), 0.0003842 secs]
71.076: Total time for which application threads were stopped: 0.0005270 seconds, Stopping threads took: 0.0000276 seconds
71.126: [GC (Allocation Failure)  80061K->637K(421888K), 0.0004961 secs]
71.127: Total time for which application threads were stopped: 0.0006166 seconds, Stopping threads took: 0.0000196 seconds
71.176: [GC (Allocation Failure)  78973K->637K(420864K), 0.0004585 secs]
71.177: Total time for which application threads were stopped: 0.0005949 seconds, Stopping threads took: 0.0000280 seconds
71.226: [GC (Allocation Failure)  77949K->637K(419840K), 0.0005649 secs]
71.227: Total time for which application threads were stopped: 0.0006924 seconds, Stopping threads took: 0.0000283 seconds
71.275: [GC (Allocation Failure)  76925K->669K(418816K), 0.0004899 secs]
71.275: Total time for which application threads were stopped: 0.0006281 seconds, Stopping threads took: 0.0000292 seconds
71.322: [GC (Allocation Failure)  75933K->637K(417792K), 0.0004998 secs]
71.323: Total time for which application threads were stopped: 0.0006316 seconds, Stopping threads took: 0.0000289 seconds
71.370: [GC (Allocation Failure)  74877K->669K(416768K), 0.0004990 secs]
71.370: Total time for which application threads were stopped: 0.0006185 seconds, Stopping threads took: 0.0000199 seconds
71.422: [GC (Allocation Failure)  73885K->669K(415744K), 0.0005412 secs]
71.423: Total time for which application threads were stopped: 0.0006561 seconds, Stopping threads took: 0.0000170 seconds
71.472: [GC (Allocation Failure)  72861K->669K(414720K), 0.0004738 secs]
71.473: Total time for which application threads were stopped: 0.0005938 seconds, Stopping threads took: 0.0000201 seconds
71.518: [GC (Allocation Failure)  71837K->637K(413696K), 0.0004347 secs]
71.518: Total time for which application threads were stopped: 0.0005633 seconds, Stopping threads took: 0.0000276 seconds
71.563: [GC (Allocation Failure)  70781K->669K(412672K), 0.0005270 secs]
71.564: Total time for which application threads were stopped: 0.0006591 seconds, Stopping threads took: 0.0000267 seconds
71.608: [GC (Allocation Failure)  69789K->669K(411648K), 0.0004791 secs]
71.608: Total time for which application threads were stopped: 0.0006130 seconds, Stopping threads took: 0.0000270 seconds
71.651: [GC (Allocation Failure)  68765K->637K(410624K), 0.0004851 secs]
71.651: Total time for which application threads were stopped: 0.0006180 seconds, Stopping threads took: 0.0000290 seconds
71.694: [GC (Allocation Failure)  67709K->637K(409600K), 0.0004943 secs]
71.694: Total time for which application threads were stopped: 0.0006289 seconds, Stopping threads took: 0.0000203 seconds
71.742: [GC (Allocation Failure)  66685K->637K(408576K), 0.0006005 secs]
71.743: Total time for which application threads were stopped: 0.0007409 seconds, Stopping threads took: 0.0000207 seconds
71.789: [GC (Allocation Failure)  65661K->573K(421888K), 0.0006461 secs]
71.790: Total time for which application threads were stopped: 0.0007765 seconds, Stopping threads took: 0.0000199 seconds
71.844: [GC (Allocation Failure)  78909K->637K(437760K), 0.0005954 secs]
71.845: Total time for which application threads were stopped: 0.0006943 seconds, Stopping threads took: 0.0000180 seconds
71.904: [GC (Allocation Failure)  94845K->733K(436224K), 0.0005901 secs]
71.905: Total time for which application threads were stopped: 0.0007284 seconds, Stopping threads took: 0.0000390 seconds
71.969: [GC (Allocation Failure)  93405K->605K(434688K), 0.0006430 secs]
71.970: Total time for which application threads were stopped: 0.0007625 seconds, Stopping threads took: 0.0000200 seconds
72.032: [GC (Allocation Failure)  91741K->733K(433152K), 0.0007210 secs]
72.033: Total time for which application threads were stopped: 0.0008794 seconds, Stopping threads took: 0.0000316 seconds
72.091: [GC (Allocation Failure)  90333K->637K(431616K), 0.0004253 secs]
72.092: Total time for which application threads were stopped: 0.0005676 seconds, Stopping threads took: 0.0000261 seconds
72.153: [GC (Allocation Failure)  88701K->637K(430080K), 0.0004599 secs]
72.154: Total time for which application threads were stopped: 0.0005684 seconds, Stopping threads took: 0.0000175 seconds
72.208: [GC (Allocation Failure)  87165K->637K(428544K), 0.0005443 secs]
72.208: Total time for which application threads were stopped: 0.0006707 seconds, Stopping threads took: 0.0000281 seconds
72.262: [GC (Allocation Failure)  85629K->701K(427008K), 0.0004678 secs]
72.262: Total time for which application threads were stopped: 0.0005929 seconds, Stopping threads took: 0.0000276 seconds
72.315: [GC (Allocation Failure)  84157K->637K(425472K), 0.0004793 secs]
72.315: Total time for which application threads were stopped: 0.0005965 seconds, Stopping threads took: 0.0000192 seconds
72.371: [GC (Allocation Failure)  82557K->637K(423936K), 0.0004891 secs]
72.372: Total time for which application threads were stopped: 0.0006079 seconds, Stopping threads took: 0.0000193 seconds
72.429: [GC (Allocation Failure)  81021K->669K(422400K), 0.0004893 secs]
72.429: Total time for which application threads were stopped: 0.0006077 seconds, Stopping threads took: 0.0000197 seconds
72.479: [GC (Allocation Failure)  79517K->637K(421376K), 0.0004570 secs]
72.479: Total time for which application threads were stopped: 0.0005805 seconds, Stopping threads took: 0.0000266 seconds
72.528: [GC (Allocation Failure)  78461K->637K(420352K), 0.0004632 secs]
72.529: Total time for which application threads were stopped: 0.0005841 seconds, Stopping threads took: 0.0000191 seconds
72.578: [GC (Allocation Failure)  77437K->669K(419328K), 0.0004605 secs]
72.579: Total time for which application threads were stopped: 0.0005874 seconds, Stopping threads took: 0.0000266 seconds
72.631: [GC (Allocation Failure)  76445K->733K(418304K), 0.0004761 secs]
72.631: Total time for which application threads were stopped: 0.0006114 seconds, Stopping threads took: 0.0000293 seconds
72.678: [GC (Allocation Failure)  75485K->669K(417280K), 0.0005011 secs]
72.679: Total time for which application threads were stopped: 0.0005979 seconds, Stopping threads took: 0.0000167 seconds
72.725: [GC (Allocation Failure)  74397K->669K(416256K), 0.0005323 secs]
72.726: Total time for which application threads were stopped: 0.0006515 seconds, Stopping threads took: 0.0000192 seconds
72.772: [GC (Allocation Failure)  73373K->701K(415232K), 0.0007217 secs]
72.773: Total time for which application threads were stopped: 0.0008603 seconds, Stopping threads took: 0.0000210 seconds
72.819: [GC (Allocation Failure)  72381K->701K(414208K), 0.0004766 secs]
72.819: Total time for which application threads were stopped: 0.0006074 seconds, Stopping threads took: 0.0000251 seconds
72.863: [GC (Allocation Failure)  71357K->637K(413184K), 0.0004909 secs]
72.864: Total time for which application threads were stopped: 0.0006064 seconds, Stopping threads took: 0.0000273 seconds
72.908: [GC (Allocation Failure)  70269K->669K(412160K), 0.0004700 secs]
72.908: Total time for which application threads were stopped: 0.0006030 seconds, Stopping threads took: 0.0000211 seconds
72.951: [GC (Allocation Failure)  69277K->733K(411136K), 0.0004895 secs]
72.952: Total time for which application threads were stopped: 0.0006272 seconds, Stopping threads took: 0.0000208 seconds
72.995: [GC (Allocation Failure)  68317K->669K(424960K), 0.0006488 secs]
72.995: Total time for which application threads were stopped: 0.0007758 seconds, Stopping threads took: 0.0000277 seconds
73.047: [GC (Allocation Failure)  82077K->637K(423424K), 0.0004597 secs]
73.047: Total time for which application threads were stopped: 0.0005758 seconds, Stopping threads took: 0.0000186 seconds
73.101: [GC (Allocation Failure)  80509K->701K(422400K), 0.0003827 secs]
73.102: Total time for which application threads were stopped: 0.0004880 seconds, Stopping threads took: 0.0000171 seconds
73.157: [GC (Allocation Failure)  79549K->669K(421376K), 0.0005275 secs]
73.157: Total time for which application threads were stopped: 0.0006679 seconds, Stopping threads took: 0.0000227 seconds
73.207: [GC (Allocation Failure)  78493K->669K(420352K), 0.0006272 secs]
73.208: Total time for which application threads were stopped: 0.0007476 seconds, Stopping threads took: 0.0000203 seconds
73.256: [GC (Allocation Failure)  77469K->669K(419328K), 0.0004388 secs]
73.256: Total time for which application threads were stopped: 0.0005612 seconds, Stopping threads took: 0.0000204 seconds
73.310: [GC (Allocation Failure)  76445K->733K(418304K), 0.0005613 secs]
73.311: Total time for which application threads were stopped: 0.0006884 seconds, Stopping threads took: 0.0000284 seconds
73.360: [GC (Allocation Failure)  75485K->637K(417280K), 0.0004893 secs]
73.361: Total time for which application threads were stopped: 0.0005976 seconds, Stopping threads took: 0.0000171 seconds
73.407: [GC (Allocation Failure)  74365K->701K(416256K), 0.0006662 secs]
73.408: Total time for which application threads were stopped: 0.0007851 seconds, Stopping threads took: 0.0000197 seconds
73.454: [GC (Allocation Failure)  73405K->701K(415232K), 0.0005113 secs]
73.455: Total time for which application threads were stopped: 0.0006468 seconds, Stopping threads took: 0.0000214 seconds
73.500: [GC (Allocation Failure)  72381K->669K(414208K), 0.0005245 secs]
73.501: Total time for which application threads were stopped: 0.0006755 seconds, Stopping threads took: 0.0000213 seconds
73.546: [GC (Allocation Failure)  71325K->605K(413184K), 0.0004391 secs]
73.546: Total time for which application threads were stopped: 0.0005531 seconds, Stopping threads took: 0.0000187 seconds
73.592: [GC (Allocation Failure)  70237K->637K(412160K), 0.0005031 secs]
73.593: Total time for which application threads were stopped: 0.0006141 seconds, Stopping threads took: 0.0000171 seconds
73.636: [GC (Allocation Failure)  69245K->669K(411136K), 0.0005157 secs]
73.636: Total time for which application threads were stopped: 0.0006550 seconds, Stopping threads took: 0.0000210 seconds
73.685: [GC (Allocation Failure)  68253K->669K(410112K), 0.0005690 secs]
73.686: Total time for which application threads were stopped: 0.0007197 seconds, Stopping threads took: 0.0000233 seconds
73.728: [GC (Allocation Failure)  67229K->605K(409088K), 0.0005183 secs]
73.729: Total time for which application threads were stopped: 0.0006696 seconds, Stopping threads took: 0.0000291 seconds
73.770: [GC (Allocation Failure)  66141K->637K(408064K), 0.0005496 secs]
73.771: Total time for which application threads were stopped: 0.0006951 seconds, Stopping threads took: 0.0000223 seconds
73.813: [GC (Allocation Failure)  65149K->637K(407040K), 0.0003720 secs]
73.813: Total time for which application threads were stopped: 0.0004860 seconds, Stopping threads took: 0.0000234 seconds
73.853: [GC (Allocation Failure)  64125K->669K(419840K), 0.0006093 secs]
73.854: Total time for which application threads were stopped: 0.0007389 seconds, Stopping threads took: 0.0000199 seconds
73.908: [GC (Allocation Failure)  76957K->637K(435200K), 0.0005990 secs]
73.908: Total time for which application threads were stopped: 0.0007362 seconds, Stopping threads took: 0.0000219 seconds
73.970: [GC (Allocation Failure)  92285K->637K(433664K), 0.0005183 secs]
73.970: Total time for which application threads were stopped: 0.0006651 seconds, Stopping threads took: 0.0000223 seconds
74.027: [GC (Allocation Failure)  90749K->733K(432128K), 0.0006245 secs]
74.027: Total time for which application threads were stopped: 0.0007433 seconds, Stopping threads took: 0.0000195 seconds
74.089: [GC (Allocation Failure)  89309K->669K(430592K), 0.0004642 secs]
74.089: Total time for which application threads were stopped: 0.0006000 seconds, Stopping threads took: 0.0000202 seconds
74.147: [GC (Allocation Failure)  87709K->669K(429056K), 0.0005407 secs]
74.148: Total time for which application threads were stopped: 0.0006580 seconds, Stopping threads took: 0.0000189 seconds
74.202: [GC (Allocation Failure)  86173K->637K(427520K), 0.0006197 secs]
74.202: Total time for which application threads were stopped: 0.0007349 seconds, Stopping threads took: 0.0000210 seconds
74.261: [GC (Allocation Failure)  84605K->669K(425984K), 0.0005885 secs]
74.261: Total time for which application threads were stopped: 0.0007248 seconds, Stopping threads took: 0.0000271 seconds
74.319: [GC (Allocation Failure)  83101K->701K(424448K), 0.0005096 secs]
74.320: Total time for which application threads were stopped: 0.0006493 seconds, Stopping threads took: 0.0000264 seconds
74.376: [GC (Allocation Failure)  81597K->605K(422912K), 0.0007164 secs]
74.376: Total time for which application threads were stopped: 0.0008588 seconds, Stopping threads took: 0.0000295 seconds
74.426: [GC (Allocation Failure)  79965K->733K(421888K), 0.0004401 secs]
74.427: Total time for which application threads were stopped: 0.0005690 seconds, Stopping threads took: 0.0000223 seconds
74.482: [GC (Allocation Failure)  79069K->669K(420864K), 0.0004562 secs]
74.483: Total time for which application threads were stopped: 0.0005848 seconds, Stopping threads took: 0.0000198 seconds
74.537: [GC (Allocation Failure)  77981K->669K(419840K), 0.0006614 secs]
74.538: Total time for which application threads were stopped: 0.0007880 seconds, Stopping threads took: 0.0000214 seconds
74.587: [GC (Allocation Failure)  76957K->701K(418816K), 0.0004592 secs]
74.587: Total time for which application threads were stopped: 0.0005804 seconds, Stopping threads took: 0.0000195 seconds
74.635: [GC (Allocation Failure)  75965K->637K(417792K), 0.0005419 secs]
74.636: Total time for which application threads were stopped: 0.0006878 seconds, Stopping threads took: 0.0000282 seconds
74.689: [GC (Allocation Failure)  74877K->669K(416768K), 0.0004972 secs]
74.690: Total time for which application threads were stopped: 0.0006401 seconds, Stopping threads took: 0.0000299 seconds
74.736: [GC (Allocation Failure)  73885K->701K(415744K), 0.0005104 secs]
74.737: Total time for which application threads were stopped: 0.0006791 seconds, Stopping threads took: 0.0000212 seconds
74.782: [GC (Allocation Failure)  72893K->669K(414720K), 0.0006791 secs]
74.783: Total time for which application threads were stopped: 0.0008217 seconds, Stopping threads took: 0.0000297 seconds
74.829: [GC (Allocation Failure)  71837K->637K(413696K), 0.0005358 secs]
74.829: Total time for which application threads were stopped: 0.0006360 seconds, Stopping threads took: 0.0000172 seconds
74.873: [GC (Allocation Failure)  70781K->637K(412672K), 0.0004237 secs]
74.874: Total time for which application threads were stopped: 0.0005262 seconds, Stopping threads took: 0.0000178 seconds
74.923: [GC (Allocation Failure)  69757K->669K(411648K), 0.0004576 secs]
74.924: Total time for which application threads were stopped: 0.0005759 seconds, Stopping threads took: 0.0000201 seconds
74.971: [GC (Allocation Failure)  68765K->669K(410624K), 0.0006515 secs]
74.972: Total time for which application threads were stopped: 0.0007858 seconds, Stopping threads took: 0.0000195 seconds
75.014: [GC (Allocation Failure)  67741K->669K(409600K), 0.0004876 secs]
75.014: Total time for which application threads were stopped: 0.0006184 seconds, Stopping threads took: 0.0000280 seconds
75.062: [GC (Allocation Failure)  66717K->669K(408576K), 0.0005761 secs]
75.062: Total time for which application threads were stopped: 0.0007030 seconds, Stopping threads took: 0.0000257 seconds
75.103: [GC (Allocation Failure)  65693K->637K(421888K), 0.0005035 secs]
75.104: Total time for which application threads were stopped: 0.0006519 seconds, Stopping threads took: 0.0000262 seconds
75.153: [GC (Allocation Failure)  78973K->701K(420864K), 0.0004903 secs]
75.154: Total time for which application threads were stopped: 0.0006247 seconds, Stopping threads took: 0.0000289 seconds
75.203: [GC (Allocation Failure)  78013K->605K(419840K), 0.0006193 secs]
75.204: Total time for which application threads were stopped: 0.0007346 seconds, Stopping threads took: 0.0000192 seconds
75.256: [GC (Allocation Failure)  76893K->669K(418816K), 0.0005021 secs]
75.257: Total time for which application threads were stopped: 0.0006338 seconds, Stopping threads took: 0.0000277 seconds
75.308: [GC (Allocation Failure)  75933K->701K(417792K), 0.0005341 secs]
75.309: Total time for which application threads were stopped: 0.0006636 seconds, Stopping threads took: 0.0000185 seconds
75.362: [GC (Allocation Failure)  74941K->669K(416768K), 0.0005409 secs]
75.363: Total time for which application threads were stopped: 0.0006583 seconds, Stopping threads took: 0.0000194 seconds
75.409: [GC (Allocation Failure)  73885K->605K(415744K), 0.0005575 secs]
75.410: Total time for which application threads were stopped: 0.0006840 seconds, Stopping threads took: 0.0000271 seconds
75.460: [GC (Allocation Failure)  72797K->637K(414720K), 0.0004192 secs]
75.461: Total time for which application threads were stopped: 0.0005270 seconds, Stopping threads took: 0.0000166 seconds
75.506: [GC (Allocation Failure)  71805K->669K(413696K), 0.0005171 secs]
75.506: Total time for which application threads were stopped: 0.0006360 seconds, Stopping threads took: 0.0000197 seconds
75.557: [GC (Allocation Failure)  70813K->669K(412672K), 0.0003928 secs]
75.557: Total time for which application threads were stopped: 0.0005118 seconds, Stopping threads took: 0.0000261 seconds
75.602: [GC (Allocation Failure)  69789K->605K(411648K), 0.0006018 secs]
75.602: Total time for which application threads were stopped: 0.0007310 seconds, Stopping threads took: 0.0000282 seconds
75.645: [GC (Allocation Failure)  68701K->637K(410624K), 0.0005080 secs]
75.646: Total time for which application threads were stopped: 0.0006301 seconds, Stopping threads took: 0.0000216 seconds
75.693: [GC (Allocation Failure)  67709K->637K(409600K), 0.0006184 secs]
75.694: Total time for which application threads were stopped: 0.0007358 seconds, Stopping threads took: 0.0000193 seconds
75.736: [GC (Allocation Failure)  66685K->605K(422912K), 0.0005869 secs]
75.736: Total time for which application threads were stopped: 0.0007387 seconds, Stopping threads took: 0.0000276 seconds
75.786: [GC (Allocation Failure)  79965K->669K(421888K), 0.0005017 secs]
75.787: Total time for which application threads were stopped: 0.0006476 seconds, Stopping threads took: 0.0000277 seconds
75.842: [GC (Allocation Failure)  79005K->669K(420864K), 0.0005813 secs]
75.843: Total time for which application threads were stopped: 0.0007049 seconds, Stopping threads took: 0.0000196 seconds
75.897: [GC (Allocation Failure)  77981K->605K(419840K), 0.0006167 secs]
75.897: Total time for which application threads were stopped: 0.0007408 seconds, Stopping threads took: 0.0000280 seconds
75.945: [GC (Allocation Failure)  76893K->669K(418816K), 0.0004825 secs]
75.946: Total time for which application threads were stopped: 0.0006021 seconds, Stopping threads took: 0.0000195 seconds
75.996: [GC (Allocation Failure)  75933K->669K(417792K), 0.0004411 secs]
75.997: Total time for which application threads were stopped: 0.0005553 seconds, Stopping threads took: 0.0000191 seconds
76.047: [GC (Allocation Failure)  74909K->637K(432640K), 0.0021714 secs]
76.049: Total time for which application threads were stopped: 0.0022743 seconds, Stopping threads took: 0.0000172 seconds
