Java HotSpot(TM) 64-Bit Server VM (25.171-b11) for linux-amd64 JRE (1.8.0_171-b11), built on Mar 28 2018 17:07:08 by "java_re" with gcc 4.3.0 20080428 (Red Hat 4.3.0-8)
Memory: 4k page, physical 32883000k(29632628k free), swap 8000508k(8000508k free)
CommandLine flags: -XX:InitialHeapSize=526128000 -XX:MaxHeapSize=8418048000 -XX:+PrintGC -XX:+PrintGCApplicationStoppedTime -XX:+PrintGCTimeStamps -XX:+UseCompressedClassPointers -XX:+UseCompressedOops -XX:+UseParallelGC 
0.379: [GC (Allocation Failure)  129024K->2373K(493056K), 0.0021912 secs]
0.382: Total time for which application threads were stopped: 0.0024129 seconds, Stopping threads took: 0.0000221 seconds
0.471: [GC (Allocation Failure)  131397K->576K(493056K), 0.0009025 secs]
0.472: Total time for which application threads were stopped: 0.0010577 seconds, Stopping threads took: 0.0000290 seconds
0.556: [GC (Allocation Failure)  129600K->616K(493056K), 0.0007169 secs]
0.557: Total time for which application threads were stopped: 0.0008492 seconds, Stopping threads took: 0.0000381 seconds
0.643: [GC (Allocation Failure)  129640K->664K(493056K), 0.0008475 secs]
0.644: Total time for which application threads were stopped: 0.0009697 seconds, Stopping threads took: 0.0000298 seconds
0.726: [GC (Allocation Failure)  129688K->592K(470016K), 0.0008727 secs]
0.727: Total time for which application threads were stopped: 0.0009886 seconds, Stopping threads took: 0.0000179 seconds
0.809: [GC (Allocation Failure)  126544K->664K(466944K), 0.0010158 secs]
0.811: Total time for which application threads were stopped: 0.0011472 seconds, Stopping threads took: 0.0000278 seconds
0.888: [GC (Allocation Failure)  123544K->569K(463872K), 0.0009337 secs]
0.889: Total time for which application threads were stopped: 0.0010789 seconds, Stopping threads took: 0.0000297 seconds
0.965: [GC (Allocation Failure)  120889K->729K(461312K), 0.0005563 secs]
0.966: Total time for which application threads were stopped: 0.0006846 seconds, Stopping threads took: 0.0000274 seconds
1.042: [GC (Allocation Failure)  118489K->601K(460800K), 0.0005121 secs]
1.042: Total time for which application threads were stopped: 0.0006157 seconds, Stopping threads took: 0.0000306 seconds
1.117: [GC (Allocation Failure)  115801K->601K(456192K), 0.0005505 secs]
1.118: Total time for which application threads were stopped: 0.0006754 seconds, Stopping threads took: 0.0000307 seconds
1.193: [GC (Allocation Failure)  113241K->601K(455168K), 0.0005307 secs]
1.193: Total time for which application threads were stopped: 0.0006470 seconds, Stopping threads took: 0.0000317 seconds
1.263: [GC (Allocation Failure)  110681K->665K(451584K), 0.0004996 secs]
1.264: Total time for which application threads were stopped: 0.0006369 seconds, Stopping threads took: 0.0000295 seconds
1.332: [GC (Allocation Failure)  108697K->665K(451072K), 0.0004517 secs]
1.332: Total time for which application threads were stopped: 0.0005898 seconds, Stopping threads took: 0.0000303 seconds
1.399: [GC (Allocation Failure)  106649K->601K(447488K), 0.0004782 secs]
1.400: Total time for which application threads were stopped: 0.0006135 seconds, Stopping threads took: 0.0000286 seconds
1.466: [GC (Allocation Failure)  104537K->665K(446976K), 0.0005217 secs]
1.467: Total time for which application threads were stopped: 0.0006205 seconds, Stopping threads took: 0.0000174 seconds
1.530: [GC (Allocation Failure)  102553K->665K(443392K), 0.0005209 secs]
1.531: Total time for which application threads were stopped: 0.0006311 seconds, Stopping threads took: 0.0000194 seconds
1.600: [GC (Allocation Failure)  100505K->665K(442880K), 0.0005921 secs]
1.600: Total time for which application threads were stopped: 0.0007231 seconds, Stopping threads took: 0.0000203 seconds
1.668: [GC (Allocation Failure)  98457K->665K(439296K), 0.0004994 secs]
1.669: Total time for which application threads were stopped: 0.0006044 seconds, Stopping threads took: 0.0000242 seconds
1.732: [GC (Allocation Failure)  96409K->697K(438784K), 0.0005718 secs]
1.733: Total time for which application threads were stopped: 0.0006910 seconds, Stopping threads took: 0.0000213 seconds
1.792: [GC (Allocation Failure)  94905K->665K(436224K), 0.0005926 secs]
1.792: Total time for which application threads were stopped: 0.0007084 seconds, Stopping threads took: 0.0000188 seconds
1.850: [GC (Allocation Failure)  93337K->633K(435712K), 0.0004781 secs]
1.851: Total time for which application threads were stopped: 0.0006067 seconds, Stopping threads took: 0.0000199 seconds
1.908: [GC (Allocation Failure)  91769K->633K(433152K), 0.0004451 secs]
1.909: Total time for which application threads were stopped: 0.0005707 seconds, Stopping threads took: 0.0000269 seconds
1.965: [GC (Allocation Failure)  90233K->665K(432640K), 0.0004725 secs]
1.966: Total time for which application threads were stopped: 0.0005966 seconds, Stopping threads took: 0.0000265 seconds
2.021: [GC (Allocation Failure)  88729K->729K(430080K), 0.0005460 secs]
2.022: Total time for which application threads were stopped: 0.0006706 seconds, Stopping threads took: 0.0000191 seconds
2.081: [GC (Allocation Failure)  87257K->601K(429056K), 0.0005289 secs]
2.081: Total time for which application threads were stopped: 0.0006603 seconds, Stopping threads took: 0.0000196 seconds
2.140: [GC (Allocation Failure)  85593K->697K(427008K), 0.0004954 secs]
2.141: Total time for which application threads were stopped: 0.0006229 seconds, Stopping threads took: 0.0000213 seconds
2.193: [GC (Allocation Failure)  84153K->697K(425984K), 0.0005593 secs]
2.194: Total time for which application threads were stopped: 0.0006628 seconds, Stopping threads took: 0.0000173 seconds
2.253: [GC (Allocation Failure)  82617K->665K(423936K), 0.0005231 secs]
2.253: Total time for which application threads were stopped: 0.0006534 seconds, Stopping threads took: 0.0000185 seconds
2.309: [GC (Allocation Failure)  81049K->697K(422912K), 0.0005283 secs]
2.310: Total time for which application threads were stopped: 0.0006851 seconds, Stopping threads took: 0.0000298 seconds
2.366: [GC (Allocation Failure)  79545K->729K(421376K), 0.0005826 secs]
2.367: Total time for which application threads were stopped: 0.0007162 seconds, Stopping threads took: 0.0000216 seconds
2.416: [GC (Allocation Failure)  78553K->665K(420864K), 0.0004564 secs]
2.417: Total time for which application threads were stopped: 0.0005957 seconds, Stopping threads took: 0.0000273 seconds
2.465: [GC (Allocation Failure)  77465K->633K(419328K), 0.0004589 secs]
2.466: Total time for which application threads were stopped: 0.0005900 seconds, Stopping threads took: 0.0000278 seconds
2.514: [GC (Allocation Failure)  76409K->665K(418816K), 0.0005223 secs]
2.515: Total time for which application threads were stopped: 0.0006469 seconds, Stopping threads took: 0.0000276 seconds
2.562: [GC (Allocation Failure)  75417K->633K(417280K), 0.0006096 secs]
2.563: Total time for which application threads were stopped: 0.0007354 seconds, Stopping threads took: 0.0000193 seconds
2.609: [GC (Allocation Failure)  74361K->665K(416768K), 0.0005267 secs]
2.610: Total time for which application threads were stopped: 0.0006496 seconds, Stopping threads took: 0.0000208 seconds
2.656: [GC (Allocation Failure)  73369K->601K(415232K), 0.0005403 secs]
2.656: Total time for which application threads were stopped: 0.0006605 seconds, Stopping threads took: 0.0000230 seconds
2.707: [GC (Allocation Failure)  72281K->633K(414208K), 0.0005268 secs]
2.707: Total time for which application threads were stopped: 0.0006519 seconds, Stopping threads took: 0.0000190 seconds
2.752: [GC (Allocation Failure)  71289K->665K(413184K), 0.0004136 secs]
2.752: Total time for which application threads were stopped: 0.0005366 seconds, Stopping threads took: 0.0000209 seconds
2.799: [GC (Allocation Failure)  70297K->633K(412160K), 0.0004022 secs]
2.799: Total time for which application threads were stopped: 0.0005255 seconds, Stopping threads took: 0.0000166 seconds
2.849: [GC (Allocation Failure)  69241K->633K(411136K), 0.0004286 secs]
2.849: Total time for which application threads were stopped: 0.0005288 seconds, Stopping threads took: 0.0000165 seconds
2.892: [GC (Allocation Failure)  68217K->633K(410112K), 0.0006243 secs]
2.893: Total time for which application threads were stopped: 0.0007395 seconds, Stopping threads took: 0.0000166 seconds
2.935: [GC (Allocation Failure)  67193K->633K(409088K), 0.0004535 secs]
2.935: Total time for which application threads were stopped: 0.0005781 seconds, Stopping threads took: 0.0000260 seconds
2.980: [GC (Allocation Failure)  66169K->665K(408064K), 0.0004263 secs]
2.980: Total time for which application threads were stopped: 0.0005530 seconds, Stopping threads took: 0.0000204 seconds
3.021: [GC (Allocation Failure)  65177K->633K(407040K), 0.0004646 secs]
3.022: Total time for which application threads were stopped: 0.0007111 seconds, Stopping threads took: 0.0001533 seconds
3.065: [GC (Allocation Failure)  64121K->673K(406016K), 0.0004117 secs]
3.065: Total time for which application threads were stopped: 0.0005209 seconds, Stopping threads took: 0.0000165 seconds
3.105: [GC (Allocation Failure)  63137K->641K(405504K), 0.0006006 secs]
3.106: Total time for which application threads were stopped: 0.0007331 seconds, Stopping threads took: 0.0000265 seconds
3.145: [GC (Allocation Failure)  62593K->609K(419328K), 0.0006188 secs]
3.145: Total time for which application threads were stopped: 0.0007431 seconds, Stopping threads took: 0.0000207 seconds
3.193: [GC (Allocation Failure)  76385K->673K(436224K), 0.0004742 secs]
3.193: Total time for which application threads were stopped: 0.0005897 seconds, Stopping threads took: 0.0000190 seconds
3.256: [GC (Allocation Failure)  93345K->641K(434688K), 0.0004825 secs]
3.256: Total time for which application threads were stopped: 0.0006202 seconds, Stopping threads took: 0.0000269 seconds
3.319: [GC (Allocation Failure)  91777K->673K(433152K), 0.0005479 secs]
3.319: Total time for which application threads were stopped: 0.0006881 seconds, Stopping threads took: 0.0000294 seconds
3.375: [GC (Allocation Failure)  90273K->673K(431616K), 0.0004695 secs]
3.376: Total time for which application threads were stopped: 0.0006007 seconds, Stopping threads took: 0.0000212 seconds
3.432: [GC (Allocation Failure)  88737K->641K(430080K), 0.0004432 secs]
3.432: Total time for which application threads were stopped: 0.0005615 seconds, Stopping threads took: 0.0000257 seconds
3.491: [GC (Allocation Failure)  87169K->673K(428544K), 0.0004693 secs]
3.491: Total time for which application threads were stopped: 0.0005867 seconds, Stopping threads took: 0.0000192 seconds
3.546: [GC (Allocation Failure)  85665K->609K(427008K), 0.0004932 secs]
3.547: Total time for which application threads were stopped: 0.0006217 seconds, Stopping threads took: 0.0000192 seconds
3.599: [GC (Allocation Failure)  84065K->641K(425472K), 0.0005026 secs]
3.600: Total time for which application threads were stopped: 0.0006496 seconds, Stopping threads took: 0.0000283 seconds
3.657: [GC (Allocation Failure)  82561K->641K(423936K), 0.0004945 secs]
3.657: Total time for which application threads were stopped: 0.0006153 seconds, Stopping threads took: 0.0000249 seconds
3.708: [GC (Allocation Failure)  81025K->705K(422400K), 0.0005155 secs]
3.709: Total time for which application threads were stopped: 0.0006332 seconds, Stopping threads took: 0.0000186 seconds
3.758: [GC (Allocation Failure)  79553K->673K(421376K), 0.0005451 secs]
3.759: Total time for which application threads were stopped: 0.0006700 seconds, Stopping threads took: 0.0000268 seconds
3.808: [GC (Allocation Failure)  78497K->705K(420352K), 0.0005482 secs]
3.808: Total time for which application threads were stopped: 0.0006645 seconds, Stopping threads took: 0.0000269 seconds
3.862: [GC (Allocation Failure)  77505K->673K(419328K), 0.0007319 secs]
3.863: Total time for which application threads were stopped: 0.0008574 seconds, Stopping threads took: 0.0000273 seconds
3.910: [GC (Allocation Failure)  76449K->705K(418304K), 0.0004021 secs]
3.911: Total time for which application threads were stopped: 0.0005294 seconds, Stopping threads took: 0.0000337 seconds
3.958: [GC (Allocation Failure)  75457K->705K(417280K), 0.0004047 secs]
3.958: Total time for which application threads were stopped: 0.0005342 seconds, Stopping threads took: 0.0000196 seconds
4.004: [GC (Allocation Failure)  74433K->673K(416256K), 0.0005694 secs]
4.005: Total time for which application threads were stopped: 0.0007014 seconds, Stopping threads took: 0.0000206 seconds
4.051: [GC (Allocation Failure)  73377K->673K(415232K), 0.0004519 secs]
4.051: Total time for which application threads were stopped: 0.0005743 seconds, Stopping threads took: 0.0000213 seconds
4.059: Total time for which application threads were stopped: 0.0001229 seconds, Stopping threads took: 0.0000568 seconds
4.101: [GC (Allocation Failure)  72353K->609K(414208K), 0.0004498 secs]
4.101: Total time for which application threads were stopped: 0.0005575 seconds, Stopping threads took: 0.0000165 seconds
4.146: [GC (Allocation Failure)  71265K->673K(413184K), 0.0005129 secs]
4.146: Total time for which application threads were stopped: 0.0006316 seconds, Stopping threads took: 0.0000197 seconds
4.190: [GC (Allocation Failure)  70305K->673K(412160K), 0.0004255 secs]
4.191: Total time for which application threads were stopped: 0.0005468 seconds, Stopping threads took: 0.0000203 seconds
4.234: [GC (Allocation Failure)  69281K->673K(411136K), 0.0004558 secs]
4.235: Total time for which application threads were stopped: 0.0005657 seconds, Stopping threads took: 0.0000172 seconds
4.277: [GC (Allocation Failure)  68257K->673K(410112K), 0.0004424 secs]
4.278: Total time for which application threads were stopped: 0.0005863 seconds, Stopping threads took: 0.0000210 seconds
4.324: [GC (Allocation Failure)  67233K->673K(409088K), 0.0004945 secs]
4.325: Total time for which application threads were stopped: 0.0006493 seconds, Stopping threads took: 0.0000301 seconds
4.366: [GC (Allocation Failure)  66209K->737K(408064K), 0.0005162 secs]
4.367: Total time for which application threads were stopped: 0.0006626 seconds, Stopping threads took: 0.0000293 seconds
4.413: [GC (Allocation Failure)  65249K->737K(407040K), 0.0004501 secs]
4.414: Total time for which application threads were stopped: 0.0005887 seconds, Stopping threads took: 0.0000312 seconds
4.454: [GC (Allocation Failure)  64225K->737K(406016K), 0.0005047 secs]
4.454: Total time for which application threads were stopped: 0.0006386 seconds, Stopping threads took: 0.0000193 seconds
4.494: [GC (Allocation Failure)  63201K->641K(405504K), 0.0004783 secs]
4.494: Total time for which application threads were stopped: 0.0006083 seconds, Stopping threads took: 0.0000271 seconds
4.540: [GC (Allocation Failure)  62593K->609K(404992K), 0.0005401 secs]
4.541: Total time for which application threads were stopped: 0.0006644 seconds, Stopping threads took: 0.0000269 seconds
4.579: [GC (Allocation Failure)  62049K->673K(404480K), 0.0004863 secs]
4.580: Total time for which application threads were stopped: 0.0006005 seconds, Stopping threads took: 0.0000188 seconds
4.618: [GC (Allocation Failure)  61601K->641K(416768K), 0.0005678 secs]
4.619: Total time for which application threads were stopped: 0.0006901 seconds, Stopping threads took: 0.0000261 seconds
4.671: [GC (Allocation Failure)  73857K->609K(415744K), 0.0004554 secs]
4.672: Total time for which application threads were stopped: 0.0005994 seconds, Stopping threads took: 0.0000244 seconds
4.719: [GC (Allocation Failure)  72801K->641K(414720K), 0.0004486 secs]
4.720: Total time for which application threads were stopped: 0.0005623 seconds, Stopping threads took: 0.0000166 seconds
4.767: [GC (Allocation Failure)  71809K->641K(413696K), 0.0005699 secs]
4.768: Total time for which application threads were stopped: 0.0007032 seconds, Stopping threads took: 0.0000214 seconds
4.812: [GC (Allocation Failure)  70785K->705K(412672K), 0.0005183 secs]
4.812: Total time for which application threads were stopped: 0.0006536 seconds, Stopping threads took: 0.0000205 seconds
4.856: [GC (Allocation Failure)  69825K->609K(426496K), 0.0006449 secs]
4.857: Total time for which application threads were stopped: 0.0007978 seconds, Stopping threads took: 0.0000197 seconds
4.914: [GC (Allocation Failure)  83553K->641K(424960K), 0.0004377 secs]
4.915: Total time for which application threads were stopped: 0.0005636 seconds, Stopping threads took: 0.0000257 seconds
4.966: [GC (Allocation Failure)  82049K->641K(423424K), 0.0005383 secs]
4.967: Total time for which application threads were stopped: 0.0006714 seconds, Stopping threads took: 0.0000196 seconds
5.017: [GC (Allocation Failure)  80513K->737K(422400K), 0.0005054 secs]
5.018: Total time for which application threads were stopped: 0.0006521 seconds, Stopping threads took: 0.0000294 seconds
5.068: [GC (Allocation Failure)  79585K->673K(421376K), 0.0003894 secs]
5.068: Total time for which application threads were stopped: 0.0005047 seconds, Stopping threads took: 0.0000270 seconds
5.122: [GC (Allocation Failure)  78497K->705K(420352K), 0.0005767 secs]
5.123: Total time for which application threads were stopped: 0.0007178 seconds, Stopping threads took: 0.0000209 seconds
5.175: [GC (Allocation Failure)  77505K->673K(419328K), 0.0005887 secs]
5.176: Total time for which application threads were stopped: 0.0007212 seconds, Stopping threads took: 0.0000211 seconds
5.224: [GC (Allocation Failure)  76449K->737K(418304K), 0.0005280 secs]
5.224: Total time for which application threads were stopped: 0.0006733 seconds, Stopping threads took: 0.0000212 seconds
5.277: [GC (Allocation Failure)  75489K->705K(417280K), 0.0007185 secs]
5.278: Total time for which application threads were stopped: 0.0008620 seconds, Stopping threads took: 0.0000229 seconds
5.324: [GC (Allocation Failure)  74433K->673K(416256K), 0.0005130 secs]
5.324: Total time for which application threads were stopped: 0.0006626 seconds, Stopping threads took: 0.0000302 seconds
5.370: [GC (Allocation Failure)  73377K->609K(415232K), 0.0005485 secs]
5.371: Total time for which application threads were stopped: 0.0007061 seconds, Stopping threads took: 0.0000304 seconds
5.422: [GC (Allocation Failure)  72289K->705K(414208K), 0.0004557 secs]
5.422: Total time for which application threads were stopped: 0.0005842 seconds, Stopping threads took: 0.0000223 seconds
5.472: [GC (Allocation Failure)  71361K->609K(413184K), 0.0005500 secs]
5.472: Total time for which application threads were stopped: 0.0006516 seconds, Stopping threads took: 0.0000165 seconds
5.516: [GC (Allocation Failure)  70241K->641K(412160K), 0.0005395 secs]
5.517: Total time for which application threads were stopped: 0.0006779 seconds, Stopping threads took: 0.0000275 seconds
5.566: [GC (Allocation Failure)  69249K->641K(411136K), 0.0004680 secs]
5.566: Total time for which application threads were stopped: 0.0006204 seconds, Stopping threads took: 0.0000270 seconds
5.609: [GC (Allocation Failure)  68225K->673K(410112K), 0.0005472 secs]
5.609: Total time for which application threads were stopped: 0.0006793 seconds, Stopping threads took: 0.0000210 seconds
5.651: [GC (Allocation Failure)  67233K->673K(423424K), 0.0005859 secs]
5.652: Total time for which application threads were stopped: 0.0007269 seconds, Stopping threads took: 0.0000290 seconds
5.703: [GC (Allocation Failure)  80545K->673K(439808K), 0.0006293 secs]
5.703: Total time for which application threads were stopped: 0.0007643 seconds, Stopping threads took: 0.0000273 seconds
5.767: [GC (Allocation Failure)  96929K->705K(459264K), 0.0007780 secs]
5.768: Total time for which application threads were stopped: 0.0009151 seconds, Stopping threads took: 0.0000219 seconds
5.844: [GC (Allocation Failure)  116417K->641K(456704K), 0.0006422 secs]
5.845: Total time for which application threads were stopped: 0.0007861 seconds, Stopping threads took: 0.0000221 seconds
5.916: [GC (Allocation Failure)  113793K->641K(454144K), 0.0004278 secs]
5.917: Total time for which application threads were stopped: 0.0005482 seconds, Stopping threads took: 0.0000259 seconds
5.991: [GC (Allocation Failure)  111233K->705K(452096K), 0.0004309 secs]
5.992: Total time for which application threads were stopped: 0.0005462 seconds, Stopping threads took: 0.0000186 seconds
6.065: [GC (Allocation Failure)  109249K->673K(450048K), 0.0004789 secs]
6.066: Total time for which application threads were stopped: 0.0005999 seconds, Stopping threads took: 0.0000259 seconds
6.136: [GC (Allocation Failure)  107169K->577K(448000K), 0.0004643 secs]
6.137: Total time for which application threads were stopped: 0.0005897 seconds, Stopping threads took: 0.0000276 seconds
6.207: [GC (Allocation Failure)  105025K->673K(445952K), 0.0004282 secs]
6.208: Total time for which application threads were stopped: 0.0005528 seconds, Stopping threads took: 0.0000277 seconds
6.272: [GC (Allocation Failure)  103073K->641K(443904K), 0.0004735 secs]
6.272: Total time for which application threads were stopped: 0.0005980 seconds, Stopping threads took: 0.0000274 seconds
6.335: [GC (Allocation Failure)  100993K->609K(441856K), 0.0006354 secs]
6.336: Total time for which application threads were stopped: 0.0007572 seconds, Stopping threads took: 0.0000265 seconds
6.397: [GC (Allocation Failure)  98913K->673K(439808K), 0.0006634 secs]
6.398: Total time for which application threads were stopped: 0.0008053 seconds, Stopping threads took: 0.0000191 seconds
6.463: [GC (Allocation Failure)  96929K->705K(437760K), 0.0006468 secs]
6.464: Total time for which application threads were stopped: 0.0007667 seconds, Stopping threads took: 0.0000186 seconds
6.523: [GC (Allocation Failure)  94913K->673K(436224K), 0.0005261 secs]
6.523: Total time for which application threads were stopped: 0.0006504 seconds, Stopping threads took: 0.0000264 seconds
6.585: [GC (Allocation Failure)  93345K->673K(434688K), 0.0004969 secs]
6.585: Total time for which application threads were stopped: 0.0006171 seconds, Stopping threads took: 0.0000269 seconds
6.647: [GC (Allocation Failure)  91809K->673K(433152K), 0.0005030 secs]
6.648: Total time for which application threads were stopped: 0.0006199 seconds, Stopping threads took: 0.0000192 seconds
6.708: [GC (Allocation Failure)  90273K->641K(431616K), 0.0004788 secs]
6.709: Total time for which application threads were stopped: 0.0005965 seconds, Stopping threads took: 0.0000192 seconds
6.767: [GC (Allocation Failure)  88705K->673K(430080K), 0.0005155 secs]
6.768: Total time for which application threads were stopped: 0.0006348 seconds, Stopping threads took: 0.0000187 seconds
6.827: [GC (Allocation Failure)  87201K->641K(428544K), 0.0005702 secs]
6.828: Total time for which application threads were stopped: 0.0006834 seconds, Stopping threads took: 0.0000165 seconds
6.884: [GC (Allocation Failure)  85633K->673K(427008K), 0.0004577 secs]
6.885: Total time for which application threads were stopped: 0.0005794 seconds, Stopping threads took: 0.0000254 seconds
6.937: [GC (Allocation Failure)  84129K->641K(425472K), 0.0004064 secs]
6.938: Total time for which application threads were stopped: 0.0005221 seconds, Stopping threads took: 0.0000194 seconds
6.989: [GC (Allocation Failure)  82561K->641K(423936K), 0.0004725 secs]
6.990: Total time for which application threads were stopped: 0.0005996 seconds, Stopping threads took: 0.0000269 seconds
7.043: [GC (Allocation Failure)  81025K->641K(422400K), 0.0004477 secs]
7.044: Total time for which application threads were stopped: 0.0005680 seconds, Stopping threads took: 0.0000201 seconds
7.099: [GC (Allocation Failure)  79489K->641K(421376K), 0.0004821 secs]
7.099: Total time for which application threads were stopped: 0.0006234 seconds, Stopping threads took: 0.0000272 seconds
7.148: [GC (Allocation Failure)  78465K->673K(420352K), 0.0004393 secs]
7.149: Total time for which application threads were stopped: 0.0005652 seconds, Stopping threads took: 0.0000276 seconds
7.202: [GC (Allocation Failure)  77473K->641K(419328K), 0.0004818 secs]
7.203: Total time for which application threads were stopped: 0.0006077 seconds, Stopping threads took: 0.0000272 seconds
7.256: [GC (Allocation Failure)  76417K->705K(418304K), 0.0006029 secs]
7.257: Total time for which application threads were stopped: 0.0007567 seconds, Stopping threads took: 0.0000288 seconds
7.309: [GC (Allocation Failure)  75457K->673K(417280K), 0.0006217 secs]
7.310: Total time for which application threads were stopped: 0.0007714 seconds, Stopping threads took: 0.0000297 seconds
7.356: [GC (Allocation Failure)  74401K->673K(416256K), 0.0006041 secs]
7.357: Total time for which application threads were stopped: 0.0007472 seconds, Stopping threads took: 0.0000224 seconds
7.407: [GC (Allocation Failure)  73377K->641K(415232K), 0.0005459 secs]
7.408: Total time for which application threads were stopped: 0.0006961 seconds, Stopping threads took: 0.0000219 seconds
7.458: [GC (Allocation Failure)  72321K->705K(414208K), 0.0006439 secs]
7.458: Total time for which application threads were stopped: 0.0007952 seconds, Stopping threads took: 0.0000260 seconds
7.503: [GC (Allocation Failure)  71361K->641K(413184K), 0.0004487 secs]
7.503: Total time for which application threads were stopped: 0.0005753 seconds, Stopping threads took: 0.0000272 seconds
7.547: [GC (Allocation Failure)  70273K->673K(427520K), 0.0006801 secs]
7.547: Total time for which application threads were stopped: 0.0007979 seconds, Stopping threads took: 0.0000193 seconds
7.600: [GC (Allocation Failure)  84641K->641K(425984K), 0.0005345 secs]
7.601: Total time for which application threads were stopped: 0.0006677 seconds, Stopping threads took: 0.0000195 seconds
7.652: [GC (Allocation Failure)  83073K->673K(424448K), 0.0004623 secs]
7.653: Total time for which application threads were stopped: 0.0005848 seconds, Stopping threads took: 0.0000264 seconds
7.704: [GC (Allocation Failure)  81569K->673K(422912K), 0.0004773 secs]
7.704: Total time for which application threads were stopped: 0.0006015 seconds, Stopping threads took: 0.0000187 seconds
7.754: [GC (Allocation Failure)  80033K->609K(421888K), 0.0006884 secs]
7.755: Total time for which application threads were stopped: 0.0008275 seconds, Stopping threads took: 0.0000291 seconds
7.807: [GC (Allocation Failure)  78945K->673K(420864K), 0.0005537 secs]
7.808: Total time for which application threads were stopped: 0.0006958 seconds, Stopping threads took: 0.0000284 seconds
7.856: [GC (Allocation Failure)  77985K->609K(436736K), 0.0006676 secs]
7.857: Total time for which application threads were stopped: 0.0008195 seconds, Stopping threads took: 0.0000292 seconds
7.915: [GC (Allocation Failure)  93793K->705K(435200K), 0.0003717 secs]
7.916: Total time for which application threads were stopped: 0.0005030 seconds, Stopping threads took: 0.0000276 seconds
7.977: [GC (Allocation Failure)  92353K->641K(433664K), 0.0004049 secs]
7.977: Total time for which application threads were stopped: 0.0005097 seconds, Stopping threads took: 0.0000163 seconds
8.034: [GC (Allocation Failure)  90753K->641K(432128K), 0.0006946 secs]
8.035: Total time for which application threads were stopped: 0.0008303 seconds, Stopping threads took: 0.0000172 seconds
8.090: [GC (Allocation Failure)  89217K->673K(430592K), 0.0005984 secs]
8.091: Total time for which application threads were stopped: 0.0007201 seconds, Stopping threads took: 0.0000199 seconds
8.146: [GC (Allocation Failure)  87713K->641K(429056K), 0.0005016 secs]
8.146: Total time for which application threads were stopped: 0.0006445 seconds, Stopping threads took: 0.0000215 seconds
8.205: [GC (Allocation Failure)  86145K->673K(427520K), 0.0005958 secs]
8.206: Total time for which application threads were stopped: 0.0007321 seconds, Stopping threads took: 0.0000186 seconds
8.263: [GC (Allocation Failure)  84641K->705K(425984K), 0.0005920 secs]
8.264: Total time for which application threads were stopped: 0.0007480 seconds, Stopping threads took: 0.0000222 seconds
8.321: [GC (Allocation Failure)  83137K->641K(424448K), 0.0004191 secs]
8.322: Total time for which application threads were stopped: 0.0005238 seconds, Stopping threads took: 0.0000162 seconds
8.372: [GC (Allocation Failure)  81537K->641K(422912K), 0.0004559 secs]
8.373: Total time for which application threads were stopped: 0.0005602 seconds, Stopping threads took: 0.0000164 seconds
8.426: [GC (Allocation Failure)  80001K->609K(421888K), 0.0005018 secs]
8.427: Total time for which application threads were stopped: 0.0006207 seconds, Stopping threads took: 0.0000185 seconds
8.482: [GC (Allocation Failure)  78945K->641K(420864K), 0.0004853 secs]
8.483: Total time for which application threads were stopped: 0.0006030 seconds, Stopping threads took: 0.0000191 seconds
8.538: [GC (Allocation Failure)  77953K->641K(419840K), 0.0004924 secs]
8.538: Total time for which application threads were stopped: 0.0006203 seconds, Stopping threads took: 0.0000284 seconds
8.590: [GC (Allocation Failure)  76929K->705K(418816K), 0.0004905 secs]
8.591: Total time for which application threads were stopped: 0.0006099 seconds, Stopping threads took: 0.0000194 seconds
8.638: [GC (Allocation Failure)  75969K->673K(417792K), 0.0004556 secs]
8.638: Total time for which application threads were stopped: 0.0005857 seconds, Stopping threads took: 0.0000193 seconds
8.686: [GC (Allocation Failure)  74913K->673K(416768K), 0.0004688 secs]
8.687: Total time for which application threads were stopped: 0.0005951 seconds, Stopping threads took: 0.0000268 seconds
8.733: [GC (Allocation Failure)  73889K->673K(415744K), 0.0004977 secs]
8.733: Total time for which application threads were stopped: 0.0006180 seconds, Stopping threads took: 0.0000189 seconds
8.779: [GC (Allocation Failure)  72865K->673K(414720K), 0.0006620 secs]
8.779: Total time for which application threads were stopped: 0.0008046 seconds, Stopping threads took: 0.0000208 seconds
8.824: [GC (Allocation Failure)  71841K->641K(413696K), 0.0004675 secs]
8.825: Total time for which application threads were stopped: 0.0005999 seconds, Stopping threads took: 0.0000210 seconds
8.875: [GC (Allocation Failure)  70785K->705K(412672K), 0.0005265 secs]
8.875: Total time for which application threads were stopped: 0.0006748 seconds, Stopping threads took: 0.0000302 seconds
8.919: [GC (Allocation Failure)  69825K->673K(411648K), 0.0004534 secs]
8.920: Total time for which application threads were stopped: 0.0005872 seconds, Stopping threads took: 0.0000184 seconds
8.962: [GC (Allocation Failure)  68769K->641K(410624K), 0.0005733 secs]
8.963: Total time for which application threads were stopped: 0.0007179 seconds, Stopping threads took: 0.0000208 seconds
9.005: [GC (Allocation Failure)  67713K->737K(409600K), 0.0005179 secs]
9.005: Total time for which application threads were stopped: 0.0006495 seconds, Stopping threads took: 0.0000206 seconds
9.053: [GC (Allocation Failure)  66785K->641K(408576K), 0.0005241 secs]
9.053: Total time for which application threads were stopped: 0.0006582 seconds, Stopping threads took: 0.0000208 seconds
9.097: [GC (Allocation Failure)  65665K->673K(407552K), 0.0005148 secs]
9.098: Total time for which application threads were stopped: 0.0006506 seconds, Stopping threads took: 0.0000214 seconds
9.139: [GC (Allocation Failure)  64673K->705K(406528K), 0.0004638 secs]
9.139: Total time for which application threads were stopped: 0.0005807 seconds, Stopping threads took: 0.0000190 seconds
9.185: [GC (Allocation Failure)  63681K->737K(405504K), 0.0004585 secs]
9.185: Total time for which application threads were stopped: 0.0005737 seconds, Stopping threads took: 0.0000187 seconds
9.230: [GC (Allocation Failure)  62689K->641K(404992K), 0.0004708 secs]
9.230: Total time for which application threads were stopped: 0.0005757 seconds, Stopping threads took: 0.0000169 seconds
9.268: [GC (Allocation Failure)  62081K->641K(404480K), 0.0004100 secs]
9.269: Total time for which application threads were stopped: 0.0005148 seconds, Stopping threads took: 0.0000168 seconds
9.307: [GC (Allocation Failure)  61569K->673K(416768K), 0.0005690 secs]
9.308: Total time for which application threads were stopped: 0.0006890 seconds, Stopping threads took: 0.0000195 seconds
9.359: [GC (Allocation Failure)  73889K->641K(415744K), 0.0005068 secs]
9.360: Total time for which application threads were stopped: 0.0006311 seconds, Stopping threads took: 0.0000247 seconds
9.411: [GC (Allocation Failure)  72833K->609K(414720K), 0.0005316 secs]
9.411: Total time for which application threads were stopped: 0.0006886 seconds, Stopping threads took: 0.0000287 seconds
9.460: [GC (Allocation Failure)  71777K->673K(413696K), 0.0005165 secs]
9.460: Total time for which application threads were stopped: 0.0006629 seconds, Stopping threads took: 0.0000265 seconds
9.511: [GC (Allocation Failure)  70817K->673K(412672K), 0.0004566 secs]
9.511: Total time for which application threads were stopped: 0.0005838 seconds, Stopping threads took: 0.0000265 seconds
9.555: [GC (Allocation Failure)  69793K->737K(411648K), 0.0004826 secs]
9.555: Total time for which application threads were stopped: 0.0006002 seconds, Stopping threads took: 0.0000187 seconds
9.605: [GC (Allocation Failure)  68833K->673K(410624K), 0.0005007 secs]
9.605: Total time for which application threads were stopped: 0.0006272 seconds, Stopping threads took: 0.0000273 seconds
9.647: [GC (Allocation Failure)  67745K->673K(409600K), 0.0004827 secs]
9.648: Total time for which application threads were stopped: 0.0006027 seconds, Stopping threads took: 0.0000195 seconds
9.690: [GC (Allocation Failure)  66721K->609K(408576K), 0.0004660 secs]
9.690: Total time for which application threads were stopped: 0.0005743 seconds, Stopping threads took: 0.0000253 seconds
9.731: [GC (Allocation Failure)  65633K->641K(407552K), 0.0004833 secs]
9.732: Total time for which application threads were stopped: 0.0006151 seconds, Stopping threads took: 0.0000197 seconds
9.772: [GC (Allocation Failure)  64641K->705K(420352K), 0.0006302 secs]
9.772: Total time for which application threads were stopped: 0.0007614 seconds, Stopping threads took: 0.0000275 seconds
9.825: [GC (Allocation Failure)  77505K->641K(435712K), 0.0005401 secs]
9.826: Total time for which application threads were stopped: 0.0006715 seconds, Stopping threads took: 0.0000278 seconds
9.883: [GC (Allocation Failure)  92801K->609K(454144K), 0.0007561 secs]
9.884: Total time for which application threads were stopped: 0.0008904 seconds, Stopping threads took: 0.0000210 seconds
9.958: [GC (Allocation Failure)  111201K->609K(452096K), 0.0004525 secs]
9.958: Total time for which application threads were stopped: 0.0005691 seconds, Stopping threads took: 0.0000171 seconds
10.030: [GC (Allocation Failure)  109153K->641K(450048K), 0.0004922 secs]
10.031: Total time for which application threads were stopped: 0.0006166 seconds, Stopping threads took: 0.0000188 seconds
10.097: [GC (Allocation Failure)  107137K->673K(448000K), 0.0004531 secs]
10.098: Total time for which application threads were stopped: 0.0005799 seconds, Stopping threads took: 0.0000273 seconds
10.163: [GC (Allocation Failure)  105121K->641K(445952K), 0.0005700 secs]
10.163: Total time for which application threads were stopped: 0.0007060 seconds, Stopping threads took: 0.0000197 seconds
10.234: [GC (Allocation Failure)  103041K->641K(443904K), 0.0005270 secs]
10.234: Total time for which application threads were stopped: 0.0006679 seconds, Stopping threads took: 0.0000197 seconds
10.302: [GC (Allocation Failure)  100993K->673K(441856K), 0.0005334 secs]
10.303: Total time for which application threads were stopped: 0.0006657 seconds, Stopping threads took: 0.0000209 seconds
10.364: [GC (Allocation Failure)  98977K->641K(439808K), 0.0004787 secs]
10.365: Total time for which application threads were stopped: 0.0006130 seconds, Stopping threads took: 0.0000213 seconds
10.425: [GC (Allocation Failure)  96897K->673K(437760K), 0.0004202 secs]
10.426: Total time for which application threads were stopped: 0.0005454 seconds, Stopping threads took: 0.0000187 seconds
10.485: [GC (Allocation Failure)  94881K->609K(436224K), 0.0006246 secs]
10.486: Total time for which application threads were stopped: 0.0007547 seconds, Stopping threads took: 0.0000278 seconds
10.547: [GC (Allocation Failure)  93281K->673K(434688K), 0.0005119 secs]
10.547: Total time for which application threads were stopped: 0.0006512 seconds, Stopping threads took: 0.0000288 seconds
10.604: [GC (Allocation Failure)  91809K->673K(433152K), 0.0005001 secs]
10.604: Total time for which application threads were stopped: 0.0006203 seconds, Stopping threads took: 0.0000197 seconds
10.660: [GC (Allocation Failure)  90273K->609K(431616K), 0.0005350 secs]
10.661: Total time for which application threads were stopped: 0.0006524 seconds, Stopping threads took: 0.0000171 seconds
10.719: [GC (Allocation Failure)  88673K->705K(430080K), 0.0005644 secs]
10.720: Total time for which application threads were stopped: 0.0006992 seconds, Stopping threads took: 0.0000191 seconds
10.779: [GC (Allocation Failure)  87233K->577K(428544K), 0.0005215 secs]
10.780: Total time for which application threads were stopped: 0.0006575 seconds, Stopping threads took: 0.0000286 seconds
10.833: [GC (Allocation Failure)  85569K->673K(427008K), 0.0005281 secs]
10.833: Total time for which application threads were stopped: 0.0006668 seconds, Stopping threads took: 0.0000213 seconds
10.886: [GC (Allocation Failure)  84129K->641K(425472K), 0.0005082 secs]
10.886: Total time for which application threads were stopped: 0.0006625 seconds, Stopping threads took: 0.0000297 seconds
10.942: [GC (Allocation Failure)  82561K->673K(423936K), 0.0005377 secs]
10.943: Total time for which application threads were stopped: 0.0006860 seconds, Stopping threads took: 0.0000217 seconds
10.999: [GC (Allocation Failure)  81057K->609K(422400K), 0.0004763 secs]
11.000: Total time for which application threads were stopped: 0.0006019 seconds, Stopping threads took: 0.0000208 seconds
11.049: [GC (Allocation Failure)  79457K->641K(421376K), 0.0007346 secs]
11.050: Total time for which application threads were stopped: 0.0008705 seconds, Stopping threads took: 0.0000196 seconds
11.099: [GC (Allocation Failure)  78465K->641K(420352K), 0.0005110 secs]
11.099: Total time for which application threads were stopped: 0.0006500 seconds, Stopping threads took: 0.0000217 seconds
11.148: [GC (Allocation Failure)  77441K->673K(419328K), 0.0005393 secs]
11.149: Total time for which application threads were stopped: 0.0006915 seconds, Stopping threads took: 0.0000301 seconds
11.196: [GC (Allocation Failure)  76449K->641K(418304K), 0.0005086 secs]
11.197: Total time for which application threads were stopped: 0.0006526 seconds, Stopping threads took: 0.0000279 seconds
11.247: [GC (Allocation Failure)  75393K->641K(417280K), 0.0006836 secs]
11.248: Total time for which application threads were stopped: 0.0008241 seconds, Stopping threads took: 0.0000208 seconds
11.300: [GC (Allocation Failure)  74369K->673K(416256K), 0.0006272 secs]
11.300: Total time for which application threads were stopped: 0.0007527 seconds, Stopping threads took: 0.0000215 seconds
11.349: [GC (Allocation Failure)  73377K->641K(431104K), 0.0005761 secs]
11.350: Total time for which application threads were stopped: 0.0006840 seconds, Stopping threads took: 0.0000164 seconds
11.409: [GC (Allocation Failure)  88193K->737K(429568K), 0.0005092 secs]
11.410: Total time for which application threads were stopped: 0.0006241 seconds, Stopping threads took: 0.0000184 seconds
11.464: [GC (Allocation Failure)  86753K->705K(428032K), 0.0005343 secs]
11.464: Total time for which application threads were stopped: 0.0006524 seconds, Stopping threads took: 0.0000189 seconds
11.517: [GC (Allocation Failure)  85185K->673K(426496K), 0.0005694 secs]
11.518: Total time for which application threads were stopped: 0.0006997 seconds, Stopping threads took: 0.0000191 seconds
11.575: [GC (Allocation Failure)  83617K->673K(424960K), 0.0005286 secs]
11.576: Total time for which application threads were stopped: 0.0006681 seconds, Stopping threads took: 0.0000205 seconds
11.626: [GC (Allocation Failure)  82081K->641K(423424K), 0.0004938 secs]
11.627: Total time for which application threads were stopped: 0.0006400 seconds, Stopping threads took: 0.0000290 seconds
11.684: [GC (Allocation Failure)  80513K->641K(422400K), 0.0005220 secs]
11.684: Total time for which application threads were stopped: 0.0006502 seconds, Stopping threads took: 0.0000272 seconds
11.734: [GC (Allocation Failure)  79489K->641K(421376K), 0.0005168 secs]
11.734: Total time for which application threads were stopped: 0.0006363 seconds, Stopping threads took: 0.0000198 seconds
11.783: [GC (Allocation Failure)  78465K->641K(420352K), 0.0006578 secs]
11.784: Total time for which application threads were stopped: 0.0008020 seconds, Stopping threads took: 0.0000215 seconds
11.838: [GC (Allocation Failure)  77441K->641K(419328K), 0.0005446 secs]
11.839: Total time for which application threads were stopped: 0.0007029 seconds, Stopping threads took: 0.0000304 seconds
11.891: [GC (Allocation Failure)  76417K->673K(418304K), 0.0004501 secs]
11.892: Total time for which application threads were stopped: 0.0005801 seconds, Stopping threads took: 0.0000230 seconds
11.939: [GC (Allocation Failure)  75425K->641K(417280K), 0.0004167 secs]
11.939: Total time for which application threads were stopped: 0.0005389 seconds, Stopping threads took: 0.0000165 seconds
11.988: [GC (Allocation Failure)  74369K->641K(416256K), 0.0004893 secs]
11.989: Total time for which application threads were stopped: 0.0006283 seconds, Stopping threads took: 0.0000278 seconds
12.034: [GC (Allocation Failure)  73345K->641K(415232K), 0.0005626 secs]
12.035: Total time for which application threads were stopped: 0.0007081 seconds, Stopping threads took: 0.0000216 seconds
12.083: [GC (Allocation Failure)  72321K->673K(414208K), 0.0005222 secs]
12.083: Total time for which application threads were stopped: 0.0006387 seconds, Stopping threads took: 0.0000185 seconds
12.128: [GC (Allocation Failure)  71329K->673K(413184K), 0.0005053 secs]
12.128: Total time for which application threads were stopped: 0.0006488 seconds, Stopping threads took: 0.0000294 seconds
12.172: [GC (Allocation Failure)  70305K->737K(412160K), 0.0005273 secs]
12.172: Total time for which application threads were stopped: 0.0006543 seconds, Stopping threads took: 0.0000214 seconds
12.215: [GC (Allocation Failure)  69345K->641K(411136K), 0.0005506 secs]
12.216: Total time for which application threads were stopped: 0.0006671 seconds, Stopping threads took: 0.0000194 seconds
12.258: [GC (Allocation Failure)  68225K->673K(424960K), 0.0005894 secs]
12.259: Total time for which application threads were stopped: 0.0007086 seconds, Stopping threads took: 0.0000200 seconds
12.310: [GC (Allocation Failure)  82081K->641K(423424K), 0.0004732 secs]
12.310: Total time for which application threads were stopped: 0.0005900 seconds, Stopping threads took: 0.0000194 seconds
12.367: [GC (Allocation Failure)  80513K->641K(422400K), 0.0004700 secs]
12.367: Total time for which application threads were stopped: 0.0005962 seconds, Stopping threads took: 0.0000187 seconds
12.425: [GC (Allocation Failure)  79489K->641K(421376K), 0.0003676 secs]
12.425: Total time for which application threads were stopped: 0.0005187 seconds, Stopping threads took: 0.0000259 seconds
12.481: [GC (Allocation Failure)  78465K->641K(420352K), 0.0004455 secs]
12.481: Total time for which application threads were stopped: 0.0005538 seconds, Stopping threads took: 0.0000169 seconds
12.529: [GC (Allocation Failure)  77441K->705K(419328K), 0.0005121 secs]
12.530: Total time for which application threads were stopped: 0.0006559 seconds, Stopping threads took: 0.0000277 seconds
12.582: [GC (Allocation Failure)  76481K->673K(418304K), 0.0004953 secs]
12.583: Total time for which application threads were stopped: 0.0006512 seconds, Stopping threads took: 0.0000220 seconds
12.629: [GC (Allocation Failure)  75425K->641K(417280K), 0.0005680 secs]
12.630: Total time for which application threads were stopped: 0.0007140 seconds, Stopping threads took: 0.0000299 seconds
12.684: [GC (Allocation Failure)  74369K->609K(416256K), 0.0006553 secs]
12.684: Total time for which application threads were stopped: 0.0007759 seconds, Stopping threads took: 0.0000194 seconds
12.730: [GC (Allocation Failure)  73313K->673K(415232K), 0.0005497 secs]
12.730: Total time for which application threads were stopped: 0.0007047 seconds, Stopping threads took: 0.0000210 seconds
12.775: [GC (Allocation Failure)  72353K->673K(414208K), 0.0005299 secs]
12.776: Total time for which application threads were stopped: 0.0006766 seconds, Stopping threads took: 0.0000290 seconds
12.820: [GC (Allocation Failure)  71329K->673K(413184K), 0.0005640 secs]
12.821: Total time for which application threads were stopped: 0.0007025 seconds, Stopping threads took: 0.0000211 seconds
12.864: [GC (Allocation Failure)  70305K->641K(412160K), 0.0005327 secs]
12.865: Total time for which application threads were stopped: 0.0006935 seconds, Stopping threads took: 0.0000225 seconds
12.914: [GC (Allocation Failure)  69249K->673K(411136K), 0.0005892 secs]
12.915: Total time for which application threads were stopped: 0.0007247 seconds, Stopping threads took: 0.0000199 seconds
12.959: [GC (Allocation Failure)  68257K->673K(410112K), 0.0003953 secs]
12.960: Total time for which application threads were stopped: 0.0005193 seconds, Stopping threads took: 0.0000252 seconds
13.002: [GC (Allocation Failure)  67233K->609K(409088K), 0.0005101 secs]
13.002: Total time for which application threads were stopped: 0.0006371 seconds, Stopping threads took: 0.0000273 seconds
13.043: [GC (Allocation Failure)  66145K->673K(408064K), 0.0004943 secs]
13.044: Total time for which application threads were stopped: 0.0006104 seconds, Stopping threads took: 0.0000183 seconds
13.084: [GC (Allocation Failure)  65185K->673K(407040K), 0.0004632 secs]
13.085: Total time for which application threads were stopped: 0.0005857 seconds, Stopping threads took: 0.0000194 seconds
13.124: [GC (Allocation Failure)  64161K->609K(419840K), 0.0005523 secs]
13.125: Total time for which application threads were stopped: 0.0006920 seconds, Stopping threads took: 0.0000200 seconds
13.179: [GC (Allocation Failure)  76897K->673K(418816K), 0.0004794 secs]
13.179: Total time for which application threads were stopped: 0.0006122 seconds, Stopping threads took: 0.0000188 seconds
13.226: [GC (Allocation Failure)  75937K->609K(417792K), 0.0006073 secs]
13.227: Total time for which application threads were stopped: 0.0007350 seconds, Stopping threads took: 0.0000192 seconds
13.279: [GC (Allocation Failure)  74849K->705K(416768K), 0.0005451 secs]
13.280: Total time for which application threads were stopped: 0.0006954 seconds, Stopping threads took: 0.0000287 seconds
13.326: [GC (Allocation Failure)  73921K->673K(415744K), 0.0004800 secs]
13.326: Total time for which application threads were stopped: 0.0006377 seconds, Stopping threads took: 0.0000203 seconds
13.375: [GC (Allocation Failure)  72865K->673K(414720K), 0.0005053 secs]
13.376: Total time for which application threads were stopped: 0.0006437 seconds, Stopping threads took: 0.0000210 seconds
13.420: [GC (Allocation Failure)  71841K->609K(413696K), 0.0005823 secs]
13.421: Total time for which application threads were stopped: 0.0007377 seconds, Stopping threads took: 0.0000294 seconds
13.468: [GC (Allocation Failure)  70753K->609K(412672K), 0.0005568 secs]
13.469: Total time for which application threads were stopped: 0.0007011 seconds, Stopping threads took: 0.0000257 seconds
13.518: [GC (Allocation Failure)  69729K->641K(411648K), 0.0004980 secs]
13.519: Total time for which application threads were stopped: 0.0006421 seconds, Stopping threads took: 0.0000215 seconds
13.561: [GC (Allocation Failure)  68737K->609K(410624K), 0.0004972 secs]
13.562: Total time for which application threads were stopped: 0.0006213 seconds, Stopping threads took: 0.0000214 seconds
13.608: [GC (Allocation Failure)  67681K->609K(409600K), 0.0004913 secs]
13.609: Total time for which application threads were stopped: 0.0005993 seconds, Stopping threads took: 0.0000170 seconds
13.656: [GC (Allocation Failure)  66657K->641K(408576K), 0.0006342 secs]
13.657: Total time for which application threads were stopped: 0.0007553 seconds, Stopping threads took: 0.0000239 seconds
13.703: [GC (Allocation Failure)  65665K->641K(407552K), 0.0004942 secs]
13.703: Total time for which application threads were stopped: 0.0006348 seconds, Stopping threads took: 0.0000273 seconds
13.743: [GC (Allocation Failure)  64641K->641K(406528K), 0.0004909 secs]
13.744: Total time for which application threads were stopped: 0.0006126 seconds, Stopping threads took: 0.0000199 seconds
13.783: [GC (Allocation Failure)  63617K->673K(419328K), 0.0005895 secs]
13.783: Total time for which application threads were stopped: 0.0007162 seconds, Stopping threads took: 0.0000187 seconds
13.831: [GC (Allocation Failure)  76449K->609K(434688K), 0.0005249 secs]
13.831: Total time for which application threads were stopped: 0.0006559 seconds, Stopping threads took: 0.0000266 seconds
13.895: [GC (Allocation Failure)  91745K->705K(433152K), 0.0005035 secs]
13.895: Total time for which application threads were stopped: 0.0006183 seconds, Stopping threads took: 0.0000186 seconds
13.959: [GC (Allocation Failure)  90305K->737K(431616K), 0.0005088 secs]
13.959: Total time for which application threads were stopped: 0.0006392 seconds, Stopping threads took: 0.0000264 seconds
14.014: [GC (Allocation Failure)  88801K->673K(430080K), 0.0005407 secs]
14.015: Total time for which application threads were stopped: 0.0006666 seconds, Stopping threads took: 0.0000198 seconds
14.069: [GC (Allocation Failure)  87201K->641K(428544K), 0.0004981 secs]
14.069: Total time for which application threads were stopped: 0.0006461 seconds, Stopping threads took: 0.0000296 seconds
14.123: [GC (Allocation Failure)  85633K->641K(427008K), 0.0004270 secs]
14.123: Total time for which application threads were stopped: 0.0005602 seconds, Stopping threads took: 0.0000190 seconds
14.180: [GC (Allocation Failure)  84097K->673K(425472K), 0.0004342 secs]
14.181: Total time for which application threads were stopped: 0.0005610 seconds, Stopping threads took: 0.0000276 seconds
14.238: [GC (Allocation Failure)  82593K->609K(423936K), 0.0004359 secs]
14.238: Total time for which application threads were stopped: 0.0005391 seconds, Stopping threads took: 0.0000171 seconds
14.296: [GC (Allocation Failure)  80993K->641K(422400K), 0.0004264 secs]
14.296: Total time for which application threads were stopped: 0.0005367 seconds, Stopping threads took: 0.0000176 seconds
14.349: [GC (Allocation Failure)  79489K->641K(421376K), 0.0004991 secs]
14.349: Total time for which application threads were stopped: 0.0006086 seconds, Stopping threads took: 0.0000169 seconds
14.398: [GC (Allocation Failure)  78465K->641K(420352K), 0.0004773 secs]
14.398: Total time for which application threads were stopped: 0.0006051 seconds, Stopping threads took: 0.0000193 seconds
14.452: [GC (Allocation Failure)  77441K->673K(419328K), 0.0004677 secs]
14.452: Total time for which application threads were stopped: 0.0005940 seconds, Stopping threads took: 0.0000259 seconds
14.505: [GC (Allocation Failure)  76449K->705K(418304K), 0.0005670 secs]
14.506: Total time for which application threads were stopped: 0.0006857 seconds, Stopping threads took: 0.0000192 seconds
14.553: [GC (Allocation Failure)  75457K->673K(417280K), 0.0005322 secs]
14.553: Total time for which application threads were stopped: 0.0006595 seconds, Stopping threads took: 0.0000276 seconds
14.599: [GC (Allocation Failure)  74401K->673K(416256K), 0.0005542 secs]
14.600: Total time for which application threads were stopped: 0.0006799 seconds, Stopping threads took: 0.0000186 seconds
14.645: [GC (Allocation Failure)  73377K->609K(415232K), 0.0005343 secs]
14.646: Total time for which application threads were stopped: 0.0006492 seconds, Stopping threads took: 0.0000188 seconds
14.695: [GC (Allocation Failure)  72289K->673K(414208K), 0.0004771 secs]
14.695: Total time for which application threads were stopped: 0.0005954 seconds, Stopping threads took: 0.0000189 seconds
14.740: [GC (Allocation Failure)  71329K->641K(413184K), 0.0004677 secs]
14.740: Total time for which application threads were stopped: 0.0005840 seconds, Stopping threads took: 0.0000190 seconds
14.784: [GC (Allocation Failure)  70273K->705K(412160K), 0.0004649 secs]
14.784: Total time for which application threads were stopped: 0.0006105 seconds, Stopping threads took: 0.0000190 seconds
14.827: [GC (Allocation Failure)  69313K->673K(411136K), 0.0005029 secs]
14.828: Total time for which application threads were stopped: 0.0006309 seconds, Stopping threads took: 0.0000269 seconds
14.870: [GC (Allocation Failure)  68257K->641K(410112K), 0.0005870 secs]
14.870: Total time for which application threads were stopped: 0.0007162 seconds, Stopping threads took: 0.0000272 seconds
14.917: [GC (Allocation Failure)  67201K->609K(409088K), 0.0004555 secs]
14.917: Total time for which application threads were stopped: 0.0005804 seconds, Stopping threads took: 0.0000268 seconds
14.958: [GC (Allocation Failure)  66145K->673K(408064K), 0.0005653 secs]
14.959: Total time for which application threads were stopped: 0.0006938 seconds, Stopping threads took: 0.0000280 seconds
14.999: [GC (Allocation Failure)  65185K->641K(407040K), 0.0004649 secs]
15.000: Total time for which application threads were stopped: 0.0005851 seconds, Stopping threads took: 0.0000191 seconds
15.039: [GC (Allocation Failure)  64129K->641K(406016K), 0.0004938 secs]
15.040: Total time for which application threads were stopped: 0.0006394 seconds, Stopping threads took: 0.0000209 seconds
15.080: [GC (Allocation Failure)  63105K->673K(405504K), 0.0004058 secs]
15.080: Total time for which application threads were stopped: 0.0005226 seconds, Stopping threads took: 0.0000181 seconds
15.125: [GC (Allocation Failure)  62625K->641K(404992K), 0.0005527 secs]
15.125: Total time for which application threads were stopped: 0.0006669 seconds, Stopping threads took: 0.0000170 seconds
15.164: [GC (Allocation Failure)  62081K->737K(404480K), 0.0004040 secs]
15.164: Total time for which application threads were stopped: 0.0005112 seconds, Stopping threads took: 0.0000169 seconds
15.203: [GC (Allocation Failure)  61665K->641K(416768K), 0.0005138 secs]
15.203: Total time for which application threads were stopped: 0.0006463 seconds, Stopping threads took: 0.0000267 seconds
15.249: [GC (Allocation Failure)  73857K->609K(415744K), 0.0005048 secs]
15.250: Total time for which application threads were stopped: 0.0006496 seconds, Stopping threads took: 0.0000212 seconds
15.295: [GC (Allocation Failure)  72801K->705K(414720K), 0.0004963 secs]
15.295: Total time for which application threads were stopped: 0.0006349 seconds, Stopping threads took: 0.0000214 seconds
15.340: [GC (Allocation Failure)  71873K->737K(413696K), 0.0005366 secs]
15.341: Total time for which application threads were stopped: 0.0006821 seconds, Stopping threads took: 0.0000215 seconds
15.384: [GC (Allocation Failure)  70881K->705K(412672K), 0.0005058 secs]
15.385: Total time for which application threads were stopped: 0.0006502 seconds, Stopping threads took: 0.0000221 seconds
15.428: [GC (Allocation Failure)  69825K->641K(411648K), 0.0005291 secs]
15.429: Total time for which application threads were stopped: 0.0006674 seconds, Stopping threads took: 0.0000258 seconds
15.472: [GC (Allocation Failure)  68737K->609K(425472K), 0.0006345 secs]
15.472: Total time for which application threads were stopped: 0.0007664 seconds, Stopping threads took: 0.0000249 seconds
15.524: [GC (Allocation Failure)  82529K->673K(441856K), 0.0005834 secs]
15.524: Total time for which application threads were stopped: 0.0007249 seconds, Stopping threads took: 0.0000202 seconds
15.586: [GC (Allocation Failure)  98977K->641K(439808K), 0.0004529 secs]
15.586: Total time for which application threads were stopped: 0.0006069 seconds, Stopping threads took: 0.0000303 seconds
15.652: [GC (Allocation Failure)  96897K->673K(437760K), 0.0005129 secs]
15.653: Total time for which application threads were stopped: 0.0006745 seconds, Stopping threads took: 0.0000307 seconds
15.714: [GC (Allocation Failure)  94881K->673K(436224K), 0.0005922 secs]
15.715: Total time for which application threads were stopped: 0.0007134 seconds, Stopping threads took: 0.0000199 seconds
15.779: [GC (Allocation Failure)  93345K->673K(434688K), 0.0004595 secs]
15.780: Total time for which application threads were stopped: 0.0005994 seconds, Stopping threads took: 0.0000169 seconds
15.837: [GC (Allocation Failure)  91809K->673K(433152K), 0.0005792 secs]
15.837: Total time for which application threads were stopped: 0.0006747 seconds, Stopping threads took: 0.0000165 seconds
15.894: [GC (Allocation Failure)  90273K->673K(431616K), 0.0004679 secs]
15.894: Total time for which application threads were stopped: 0.0005906 seconds, Stopping threads took: 0.0000194 seconds
15.950: [GC (Allocation Failure)  88737K->641K(430080K), 0.0005177 secs]
15.951: Total time for which application threads were stopped: 0.0006407 seconds, Stopping threads took: 0.0000264 seconds
16.005: [GC (Allocation Failure)  87169K->641K(428544K), 0.0004557 secs]
16.005: Total time for which application threads were stopped: 0.0005773 seconds, Stopping threads took: 0.0000193 seconds
16.063: [GC (Allocation Failure)  85633K->609K(427008K), 0.0005065 secs]
16.064: Total time for which application threads were stopped: 0.0006471 seconds, Stopping threads took: 0.0000294 seconds
16.116: [GC (Allocation Failure)  84065K->641K(425472K), 0.0006091 secs]
16.117: Total time for which application threads were stopped: 0.0007503 seconds, Stopping threads took: 0.0000207 seconds
16.168: [GC (Allocation Failure)  82561K->673K(423936K), 0.0006233 secs]
16.168: Total time for which application threads were stopped: 0.0007776 seconds, Stopping threads took: 0.0000217 seconds
16.222: [GC (Allocation Failure)  81057K->609K(422400K), 0.0005056 secs]
16.223: Total time for which application threads were stopped: 0.0006491 seconds, Stopping threads took: 0.0000305 seconds
16.272: [GC (Allocation Failure)  79457K->705K(421376K), 0.0004784 secs]
16.273: Total time for which application threads were stopped: 0.0006052 seconds, Stopping threads took: 0.0000275 seconds
16.321: [GC (Allocation Failure)  78529K->609K(420352K), 0.0006389 secs]
16.322: Total time for which application threads were stopped: 0.0007557 seconds, Stopping threads took: 0.0000198 seconds
16.375: [GC (Allocation Failure)  77409K->641K(419328K), 0.0004739 secs]
16.376: Total time for which application threads were stopped: 0.0005962 seconds, Stopping threads took: 0.0000269 seconds
16.430: [GC (Allocation Failure)  76417K->641K(418304K), 0.0004101 secs]
16.431: Total time for which application threads were stopped: 0.0005317 seconds, Stopping threads took: 0.0000251 seconds
16.482: [GC (Allocation Failure)  75393K->641K(417280K), 0.0004715 secs]
16.483: Total time for which application threads were stopped: 0.0005785 seconds, Stopping threads took: 0.0000166 seconds
16.532: [GC (Allocation Failure)  74369K->609K(416256K), 0.0004442 secs]
16.533: Total time for which application threads were stopped: 0.0005489 seconds, Stopping threads took: 0.0000178 seconds
16.578: [GC (Allocation Failure)  73313K->609K(415232K), 0.0004747 secs]
16.579: Total time for which application threads were stopped: 0.0006156 seconds, Stopping threads took: 0.0000206 seconds
16.630: [GC (Allocation Failure)  72289K->705K(414208K), 0.0004966 secs]
16.630: Total time for which application threads were stopped: 0.0006370 seconds, Stopping threads took: 0.0000211 seconds
16.675: [GC (Allocation Failure)  71361K->609K(428544K), 0.0020124 secs]
16.677: Total time for which application threads were stopped: 0.0021451 seconds, Stopping threads took: 0.0000248 seconds
16.730: [GC (Allocation Failure)  85601K->609K(445952K), 0.0006160 secs]
16.731: Total time for which application threads were stopped: 0.0007422 seconds, Stopping threads took: 0.0000268 seconds
16.798: [GC (Allocation Failure)  103009K->609K(443904K), 0.0005446 secs]
16.799: Total time for which application threads were stopped: 0.0006860 seconds, Stopping threads took: 0.0000211 seconds
16.867: [GC (Allocation Failure)  100961K->641K(441856K), 0.0004564 secs]
16.868: Total time for which application threads were stopped: 0.0005892 seconds, Stopping threads took: 0.0000220 seconds
16.933: [GC (Allocation Failure)  98945K->609K(439808K), 0.0005674 secs]
16.933: Total time for which application threads were stopped: 0.0006941 seconds, Stopping threads took: 0.0000266 seconds
16.993: [GC (Allocation Failure)  96865K->609K(437760K), 0.0004280 secs]
16.994: Total time for which application threads were stopped: 0.0005435 seconds, Stopping threads took: 0.0000197 seconds
17.057: [GC (Allocation Failure)  94817K->673K(436224K), 0.0004694 secs]
17.058: Total time for which application threads were stopped: 0.0005770 seconds, Stopping threads took: 0.0000164 seconds
17.116: [GC (Allocation Failure)  93345K->641K(434688K), 0.0005762 secs]
17.116: Total time for which application threads were stopped: 0.0006774 seconds, Stopping threads took: 0.0000172 seconds
17.176: [GC (Allocation Failure)  91777K->641K(433152K), 0.0004026 secs]
17.177: Total time for which application threads were stopped: 0.0005172 seconds, Stopping threads took: 0.0000251 seconds
17.238: [GC (Allocation Failure)  90241K->673K(431616K), 0.0005507 secs]
17.239: Total time for which application threads were stopped: 0.0006668 seconds, Stopping threads took: 0.0000277 seconds
17.300: [GC (Allocation Failure)  88737K->673K(430080K), 0.0005493 secs]
17.300: Total time for which application threads were stopped: 0.0006557 seconds, Stopping threads took: 0.0000165 seconds
17.360: [GC (Allocation Failure)  87201K->641K(428544K), 0.0004032 secs]
17.360: Total time for which application threads were stopped: 0.0005080 seconds, Stopping threads took: 0.0000168 seconds
17.419: [GC (Allocation Failure)  85633K->673K(427008K), 0.0004638 secs]
17.420: Total time for which application threads were stopped: 0.0005836 seconds, Stopping threads took: 0.0000187 seconds
17.472: [GC (Allocation Failure)  84129K->673K(425472K), 0.0006382 secs]
17.473: Total time for which application threads were stopped: 0.0007581 seconds, Stopping threads took: 0.0000199 seconds
17.524: [GC (Allocation Failure)  82593K->641K(423936K), 0.0006512 secs]
17.525: Total time for which application threads were stopped: 0.0007776 seconds, Stopping threads took: 0.0000269 seconds
17.575: [GC (Allocation Failure)  81025K->641K(422400K), 0.0005246 secs]
17.576: Total time for which application threads were stopped: 0.0006511 seconds, Stopping threads took: 0.0000277 seconds
17.629: [GC (Allocation Failure)  79489K->641K(421376K), 0.0005329 secs]
17.630: Total time for which application threads were stopped: 0.0006538 seconds, Stopping threads took: 0.0000192 seconds
17.687: [GC (Allocation Failure)  78465K->641K(420352K), 0.0004715 secs]
17.688: Total time for which application threads were stopped: 0.0005991 seconds, Stopping threads took: 0.0000273 seconds
17.736: [GC (Allocation Failure)  77441K->641K(419328K), 0.0006449 secs]
17.736: Total time for which application threads were stopped: 0.0007817 seconds, Stopping threads took: 0.0000274 seconds
17.784: [GC (Allocation Failure)  76417K->705K(418304K), 0.0005982 secs]
17.784: Total time for which application threads were stopped: 0.0007243 seconds, Stopping threads took: 0.0000267 seconds
17.837: [GC (Allocation Failure)  75457K->641K(417280K), 0.0005212 secs]
17.837: Total time for which application threads were stopped: 0.0006418 seconds, Stopping threads took: 0.0000198 seconds
17.883: [GC (Allocation Failure)  74369K->641K(416256K), 0.0004496 secs]
17.884: Total time for which application threads were stopped: 0.0005673 seconds, Stopping threads took: 0.0000187 seconds
17.935: [GC (Allocation Failure)  73345K->641K(415232K), 0.0003925 secs]
17.935: Total time for which application threads were stopped: 0.0005146 seconds, Stopping threads took: 0.0000246 seconds
17.981: [GC (Allocation Failure)  72321K->641K(414208K), 0.0003713 secs]
17.982: Total time for which application threads were stopped: 0.0004701 seconds, Stopping threads took: 0.0000243 seconds
18.026: [GC (Allocation Failure)  71297K->641K(413184K), 0.0005351 secs]
18.026: Total time for which application threads were stopped: 0.0006405 seconds, Stopping threads took: 0.0000169 seconds
18.070: [GC (Allocation Failure)  70273K->673K(412160K), 0.0004961 secs]
18.070: Total time for which application threads were stopped: 0.0006242 seconds, Stopping threads took: 0.0000275 seconds
18.113: [GC (Allocation Failure)  69281K->705K(411136K), 0.0004869 secs]
18.114: Total time for which application threads were stopped: 0.0006211 seconds, Stopping threads took: 0.0000211 seconds
18.156: [GC (Allocation Failure)  68289K->641K(410112K), 0.0004945 secs]
18.157: Total time for which application threads were stopped: 0.0006323 seconds, Stopping threads took: 0.0000287 seconds
18.198: [GC (Allocation Failure)  67201K->641K(409088K), 0.0004948 secs]
18.199: Total time for which application threads were stopped: 0.0006262 seconds, Stopping threads took: 0.0000198 seconds
18.246: [GC (Allocation Failure)  66177K->641K(408064K), 0.0006412 secs]
18.247: Total time for which application threads were stopped: 0.0007946 seconds, Stopping threads took: 0.0000211 seconds
18.294: [GC (Allocation Failure)  65153K->641K(407040K), 0.0004858 secs]
18.295: Total time for which application threads were stopped: 0.0006091 seconds, Stopping threads took: 0.0000198 seconds
18.334: [GC (Allocation Failure)  64129K->641K(406016K), 0.0004851 secs]
18.335: Total time for which application threads were stopped: 0.0006065 seconds, Stopping threads took: 0.0000257 seconds
18.381: [GC (Allocation Failure)  63105K->577K(405504K), 0.0005375 secs]
18.382: Total time for which application threads were stopped: 0.0006542 seconds, Stopping threads took: 0.0000193 seconds
18.421: [GC (Allocation Failure)  62529K->673K(404992K), 0.0004794 secs]
18.421: Total time for which application threads were stopped: 0.0006067 seconds, Stopping threads took: 0.0000269 seconds
18.460: [GC (Allocation Failure)  62113K->641K(417280K), 0.0005341 secs]
18.460: Total time for which application threads were stopped: 0.0006620 seconds, Stopping threads took: 0.0000276 seconds
18.512: [GC (Allocation Failure)  74369K->641K(416256K), 0.0005053 secs]
18.513: Total time for which application threads were stopped: 0.0006293 seconds, Stopping threads took: 0.0000268 seconds
18.564: [GC (Allocation Failure)  73345K->673K(415232K), 0.0004734 secs]
18.564: Total time for which application threads were stopped: 0.0005941 seconds, Stopping threads took: 0.0000192 seconds
18.609: [GC (Allocation Failure)  72353K->641K(414208K), 0.0005503 secs]
18.610: Total time for which application threads were stopped: 0.0006781 seconds, Stopping threads took: 0.0000196 seconds
18.654: [GC (Allocation Failure)  71297K->705K(413184K), 0.0005445 secs]
18.655: Total time for which application threads were stopped: 0.0006968 seconds, Stopping threads took: 0.0000267 seconds
18.701: [GC (Allocation Failure)  70337K->737K(412160K), 0.0005113 secs]
18.702: Total time for which application threads were stopped: 0.0006417 seconds, Stopping threads took: 0.0000205 seconds
18.745: [GC (Allocation Failure)  69345K->641K(411136K), 0.0005172 secs]
18.746: Total time for which application threads were stopped: 0.0006517 seconds, Stopping threads took: 0.0000209 seconds
18.793: [GC (Allocation Failure)  68225K->641K(424960K), 0.0006443 secs]
18.794: Total time for which application threads were stopped: 0.0007884 seconds, Stopping threads took: 0.0000221 seconds
18.845: [GC (Allocation Failure)  82049K->577K(423424K), 0.0004861 secs]
18.845: Total time for which application threads were stopped: 0.0006176 seconds, Stopping threads took: 0.0000266 seconds
18.901: [GC (Allocation Failure)  80449K->673K(422400K), 0.0004739 secs]
18.902: Total time for which application threads were stopped: 0.0006016 seconds, Stopping threads took: 0.0000278 seconds
18.952: [GC (Allocation Failure)  79521K->641K(421376K), 0.0004444 secs]
18.952: Total time for which application threads were stopped: 0.0005671 seconds, Stopping threads took: 0.0000193 seconds
19.001: [GC (Allocation Failure)  78465K->673K(420352K), 0.0005639 secs]
19.001: Total time for which application threads were stopped: 0.0006972 seconds, Stopping threads took: 0.0000259 seconds
19.049: [GC (Allocation Failure)  77473K->673K(419328K), 0.0005495 secs]
19.050: Total time for which application threads were stopped: 0.0006869 seconds, Stopping threads took: 0.0000210 seconds
19.097: [GC (Allocation Failure)  76449K->673K(418304K), 0.0007049 secs]
19.098: Total time for which application threads were stopped: 0.0008474 seconds, Stopping threads took: 0.0000219 seconds
19.145: [GC (Allocation Failure)  75425K->673K(433664K), 0.0005639 secs]
19.146: Total time for which application threads were stopped: 0.0007081 seconds, Stopping threads took: 0.0000218 seconds
19.202: [GC (Allocation Failure)  90785K->737K(432128K), 0.0005775 secs]
19.202: Total time for which application threads were stopped: 0.0007237 seconds, Stopping threads took: 0.0000263 seconds
19.258: [GC (Allocation Failure)  89313K->737K(430592K), 0.0004754 secs]
19.258: Total time for which application threads were stopped: 0.0005937 seconds, Stopping threads took: 0.0000192 seconds
19.313: [GC (Allocation Failure)  87777K->673K(429056K), 0.0005366 secs]
19.313: Total time for which application threads were stopped: 0.0006674 seconds, Stopping threads took: 0.0000205 seconds
19.366: [GC (Allocation Failure)  86177K->641K(427520K), 0.0005393 secs]
19.367: Total time for which application threads were stopped: 0.0006617 seconds, Stopping threads took: 0.0000205 seconds
19.424: [GC (Allocation Failure)  84609K->609K(425984K), 0.0004816 secs]
19.424: Total time for which application threads were stopped: 0.0005876 seconds, Stopping threads took: 0.0000178 seconds
19.479: [GC (Allocation Failure)  83041K->641K(424448K), 0.0004719 secs]
19.479: Total time for which application threads were stopped: 0.0006182 seconds, Stopping threads took: 0.0000277 seconds
19.536: [GC (Allocation Failure)  81537K->673K(422912K), 0.0004185 secs]
19.536: Total time for which application threads were stopped: 0.0005275 seconds, Stopping threads took: 0.0000171 seconds
19.586: [GC (Allocation Failure)  80033K->673K(421888K), 0.0004819 secs]
19.586: Total time for which application threads were stopped: 0.0006014 seconds, Stopping threads took: 0.0000186 seconds
19.635: [GC (Allocation Failure)  79009K->641K(420864K), 0.0004783 secs]
19.636: Total time for which application threads were stopped: 0.0005967 seconds, Stopping threads took: 0.0000192 seconds
19.688: [GC (Allocation Failure)  77953K->673K(419840K), 0.0004864 secs]
19.688: Total time for which application threads were stopped: 0.0006142 seconds, Stopping threads took: 0.0000271 seconds
19.736: [GC (Allocation Failure)  76961K->641K(418816K), 0.0004671 secs]
19.737: Total time for which application threads were stopped: 0.0006069 seconds, Stopping threads took: 0.0000205 seconds
19.784: [GC (Allocation Failure)  75905K->641K(417792K), 0.0006831 secs]
19.784: Total time for which application threads were stopped: 0.0008106 seconds, Stopping threads took: 0.0000202 seconds
19.831: [GC (Allocation Failure)  74881K->641K(416768K), 0.0005020 secs]
19.831: Total time for which application threads were stopped: 0.0006423 seconds, Stopping threads took: 0.0000257 seconds
19.883: [GC (Allocation Failure)  73857K->609K(415744K), 0.0006370 secs]
19.883: Total time for which application threads were stopped: 0.0008014 seconds, Stopping threads took: 0.0000276 seconds
19.934: [GC (Allocation Failure)  72801K->705K(414720K), 0.0005854 secs]
19.935: Total time for which application threads were stopped: 0.0007315 seconds, Stopping threads took: 0.0000192 seconds
19.979: [GC (Allocation Failure)  71873K->737K(413696K), 0.0004899 secs]
19.980: Total time for which application threads were stopped: 0.0006303 seconds, Stopping threads took: 0.0000253 seconds
20.023: [GC (Allocation Failure)  70881K->609K(412672K), 0.0004959 secs]
20.024: Total time for which application threads were stopped: 0.0006493 seconds, Stopping threads took: 0.0000300 seconds
20.067: [GC (Allocation Failure)  69729K->609K(426496K), 0.0006386 secs]
20.068: Total time for which application threads were stopped: 0.0007697 seconds, Stopping threads took: 0.0000187 seconds
20.120: [GC (Allocation Failure)  83553K->705K(424960K), 0.0005094 secs]
20.120: Total time for which application threads were stopped: 0.0006408 seconds, Stopping threads took: 0.0000274 seconds
20.175: [GC (Allocation Failure)  82113K->673K(423424K), 0.0005081 secs]
20.175: Total time for which application threads were stopped: 0.0006422 seconds, Stopping threads took: 0.0000208 seconds
20.225: [GC (Allocation Failure)  80545K->673K(422400K), 0.0004730 secs]
20.226: Total time for which application threads were stopped: 0.0005898 seconds, Stopping threads took: 0.0000189 seconds
20.275: [GC (Allocation Failure)  79521K->641K(421376K), 0.0005216 secs]
20.276: Total time for which application threads were stopped: 0.0006620 seconds, Stopping threads took: 0.0000206 seconds
20.330: [GC (Allocation Failure)  78465K->641K(420352K), 0.0004499 secs]
20.331: Total time for which application threads were stopped: 0.0005747 seconds, Stopping threads took: 0.0000275 seconds
20.384: [GC (Allocation Failure)  77441K->673K(419328K), 0.0005002 secs]
20.385: Total time for which application threads were stopped: 0.0006449 seconds, Stopping threads took: 0.0000317 seconds
20.432: [GC (Allocation Failure)  76449K->641K(418304K), 0.0005369 secs]
20.433: Total time for which application threads were stopped: 0.0006622 seconds, Stopping threads took: 0.0000255 seconds
20.480: [GC (Allocation Failure)  75393K->673K(417280K), 0.0004881 secs]
20.480: Total time for which application threads were stopped: 0.0006218 seconds, Stopping threads took: 0.0000192 seconds
20.532: [GC (Allocation Failure)  74401K->673K(416256K), 0.0005675 secs]
20.532: Total time for which application threads were stopped: 0.0007024 seconds, Stopping threads took: 0.0000203 seconds
20.583: [GC (Allocation Failure)  73377K->641K(415232K), 0.0005510 secs]
20.584: Total time for which application threads were stopped: 0.0006829 seconds, Stopping threads took: 0.0000217 seconds
20.634: [GC (Allocation Failure)  72321K->641K(414208K), 0.0004833 secs]
20.635: Total time for which application threads were stopped: 0.0006177 seconds, Stopping threads took: 0.0000296 seconds
20.679: [GC (Allocation Failure)  71297K->641K(413184K), 0.0004134 secs]
20.680: Total time for which application threads were stopped: 0.0005163 seconds, Stopping threads took: 0.0000140 seconds
20.726: [GC (Allocation Failure)  70273K->609K(412160K), 0.0004740 secs]
20.727: Total time for which application threads were stopped: 0.0006004 seconds, Stopping threads took: 0.0000265 seconds
20.770: [GC (Allocation Failure)  69217K->673K(411136K), 0.0004578 secs]
20.770: Total time for which application threads were stopped: 0.0005774 seconds, Stopping threads took: 0.0000189 seconds
20.818: [GC (Allocation Failure)  68257K->673K(410112K), 0.0004685 secs]
20.818: Total time for which application threads were stopped: 0.0005958 seconds, Stopping threads took: 0.0000275 seconds
20.860: [GC (Allocation Failure)  67233K->673K(409088K), 0.0005568 secs]
20.860: Total time for which application threads were stopped: 0.0006782 seconds, Stopping threads took: 0.0000197 seconds
20.901: [GC (Allocation Failure)  66209K->673K(408064K), 0.0005008 secs]
20.902: Total time for which application threads were stopped: 0.0006363 seconds, Stopping threads took: 0.0000272 seconds
20.943: [GC (Allocation Failure)  65185K->641K(407040K), 0.0005042 secs]
20.943: Total time for which application threads were stopped: 0.0006341 seconds, Stopping threads took: 0.0000244 seconds
20.983: [GC (Allocation Failure)  64129K->673K(419840K), 0.0006451 secs]
20.984: Total time for which application threads were stopped: 0.0007831 seconds, Stopping threads took: 0.0000215 seconds
21.031: [GC (Allocation Failure)  76961K->673K(435200K), 0.0006293 secs]
21.032: Total time for which application threads were stopped: 0.0007665 seconds, Stopping threads took: 0.0000293 seconds
21.095: [GC (Allocation Failure)  92321K->641K(433664K), 0.0005059 secs]
21.095: Total time for which application threads were stopped: 0.0006350 seconds, Stopping threads took: 0.0000275 seconds
21.158: [GC (Allocation Failure)  90753K->577K(432128K), 0.0005260 secs]
21.159: Total time for which application threads were stopped: 0.0006602 seconds, Stopping threads took: 0.0000285 seconds
21.214: [GC (Allocation Failure)  89153K->641K(430592K), 0.0006482 secs]
21.215: Total time for which application threads were stopped: 0.0007702 seconds, Stopping threads took: 0.0000193 seconds
21.276: [GC (Allocation Failure)  87681K->609K(429056K), 0.0006144 secs]
21.277: Total time for which application threads were stopped: 0.0007608 seconds, Stopping threads took: 0.0000265 seconds
21.330: [GC (Allocation Failure)  86113K->641K(427520K), 0.0004957 secs]
21.331: Total time for which application threads were stopped: 0.0006518 seconds, Stopping threads took: 0.0000293 seconds
21.383: [GC (Allocation Failure)  84609K->705K(425984K), 0.0005356 secs]
21.384: Total time for which application threads were stopped: 0.0006840 seconds, Stopping threads took: 0.0000224 seconds
21.436: [GC (Allocation Failure)  83137K->641K(424448K), 0.0004051 secs]
21.436: Total time for which application threads were stopped: 0.0005216 seconds, Stopping threads took: 0.0000257 seconds
21.486: [GC (Allocation Failure)  81537K->641K(422912K), 0.0005054 secs]
21.487: Total time for which application threads were stopped: 0.0006228 seconds, Stopping threads took: 0.0000240 seconds
21.542: [GC (Allocation Failure)  80001K->641K(421888K), 0.0005371 secs]
21.543: Total time for which application threads were stopped: 0.0006816 seconds, Stopping threads took: 0.0000304 seconds
21.592: [GC (Allocation Failure)  78977K->609K(420864K), 0.0006664 secs]
21.593: Total time for which application threads were stopped: 0.0008168 seconds, Stopping threads took: 0.0000290 seconds
21.641: [GC (Allocation Failure)  77921K->609K(419840K), 0.0005143 secs]
21.641: Total time for which application threads were stopped: 0.0006595 seconds, Stopping threads took: 0.0000293 seconds
21.690: [GC (Allocation Failure)  76897K->673K(418816K), 0.0005911 secs]
21.691: Total time for which application threads were stopped: 0.0007179 seconds, Stopping threads took: 0.0000187 seconds
21.738: [GC (Allocation Failure)  75937K->737K(417792K), 0.0006285 secs]
21.738: Total time for which application threads were stopped: 0.0007843 seconds, Stopping threads took: 0.0000205 seconds
21.785: [GC (Allocation Failure)  74977K->673K(416768K), 0.0004618 secs]
21.785: Total time for which application threads were stopped: 0.0006156 seconds, Stopping threads took: 0.0000246 seconds
21.831: [GC (Allocation Failure)  73889K->641K(415744K), 0.0005353 secs]
21.832: Total time for which application threads were stopped: 0.0006843 seconds, Stopping threads took: 0.0000221 seconds
21.877: [GC (Allocation Failure)  72833K->673K(414720K), 0.0005130 secs]
21.878: Total time for which application threads were stopped: 0.0006555 seconds, Stopping threads took: 0.0000212 seconds
21.927: [GC (Allocation Failure)  71841K->673K(413696K), 0.0004813 secs]
21.928: Total time for which application threads were stopped: 0.0006206 seconds, Stopping threads took: 0.0000214 seconds
21.973: [GC (Allocation Failure)  70817K->641K(412672K), 0.0004964 secs]
21.973: Total time for which application threads were stopped: 0.0006367 seconds, Stopping threads took: 0.0000272 seconds
22.017: [GC (Allocation Failure)  69761K->641K(411648K), 0.0004965 secs]
22.017: Total time for which application threads were stopped: 0.0006345 seconds, Stopping threads took: 0.0000218 seconds
22.065: [GC (Allocation Failure)  68737K->609K(410624K), 0.0006369 secs]
22.065: Total time for which application threads were stopped: 0.0007654 seconds, Stopping threads took: 0.0000198 seconds
22.107: [GC (Allocation Failure)  67681K->609K(424448K), 0.0006266 secs]
22.108: Total time for which application threads were stopped: 0.0007485 seconds, Stopping threads took: 0.0000193 seconds
22.159: [GC (Allocation Failure)  81505K->673K(440832K), 0.0013374 secs]
22.160: Total time for which application threads were stopped: 0.0014738 seconds, Stopping threads took: 0.0000308 seconds
22.221: [GC (Allocation Failure)  97953K->673K(460288K), 0.0005606 secs]
22.221: Total time for which application threads were stopped: 0.0006994 seconds, Stopping threads took: 0.0000275 seconds
22.294: [GC (Allocation Failure)  117409K->641K(475648K), 0.0005105 secs]
22.294: Total time for which application threads were stopped: 0.0006355 seconds, Stopping threads took: 0.0000271 seconds
22.380: [GC (Allocation Failure)  132737K->641K(472576K), 0.0005080 secs]
22.381: Total time for which application threads were stopped: 0.0006392 seconds, Stopping threads took: 0.0000209 seconds
22.467: [GC (Allocation Failure)  129665K->673K(469504K), 0.0006216 secs]
22.468: Total time for which application threads were stopped: 0.0007561 seconds, Stopping threads took: 0.0000281 seconds
22.547: [GC (Allocation Failure)  126625K->705K(466432K), 0.0005189 secs]
22.548: Total time for which application threads were stopped: 0.0006615 seconds, Stopping threads took: 0.0000271 seconds
22.627: [GC (Allocation Failure)  123585K->609K(463872K), 0.0005546 secs]
22.628: Total time for which application threads were stopped: 0.0006800 seconds, Stopping threads took: 0.0000212 seconds
22.709: [GC (Allocation Failure)  120929K->641K(461312K), 0.0004811 secs]
22.710: Total time for which application threads were stopped: 0.0006002 seconds, Stopping threads took: 0.0000196 seconds
22.783: [GC (Allocation Failure)  118401K->673K(458752K), 0.0004639 secs]
22.784: Total time for which application threads were stopped: 0.0005797 seconds, Stopping threads took: 0.0000190 seconds
22.855: [GC (Allocation Failure)  115873K->641K(456192K), 0.0005148 secs]
22.856: Total time for which application threads were stopped: 0.0006342 seconds, Stopping threads took: 0.0000193 seconds
22.926: [GC (Allocation Failure)  113281K->673K(453632K), 0.0005208 secs]
22.927: Total time for which application threads were stopped: 0.0006626 seconds, Stopping threads took: 0.0000270 seconds
22.996: [GC (Allocation Failure)  110753K->641K(451584K), 0.0004371 secs]
22.997: Total time for which application threads were stopped: 0.0005653 seconds, Stopping threads took: 0.0000264 seconds
23.070: [GC (Allocation Failure)  108673K->641K(449536K), 0.0004541 secs]
23.070: Total time for which application threads were stopped: 0.0005843 seconds, Stopping threads took: 0.0000269 seconds
23.141: [GC (Allocation Failure)  106625K->673K(447488K), 0.0006100 secs]
23.141: Total time for which application threads were stopped: 0.0007362 seconds, Stopping threads took: 0.0000199 seconds
23.206: [GC (Allocation Failure)  104609K->641K(445440K), 0.0005092 secs]
23.207: Total time for which application threads were stopped: 0.0006359 seconds, Stopping threads took: 0.0000194 seconds
23.276: [GC (Allocation Failure)  102529K->673K(443392K), 0.0006018 secs]
23.277: Total time for which application threads were stopped: 0.0007225 seconds, Stopping threads took: 0.0000200 seconds
23.345: [GC (Allocation Failure)  100513K->673K(441344K), 0.0004422 secs]
23.345: Total time for which application threads were stopped: 0.0005678 seconds, Stopping threads took: 0.0000218 seconds
23.412: [GC (Allocation Failure)  98465K->609K(439296K), 0.0005546 secs]
23.413: Total time for which application threads were stopped: 0.0006732 seconds, Stopping threads took: 0.0000194 seconds
23.476: [GC (Allocation Failure)  96353K->705K(437760K), 0.0004611 secs]
23.476: Total time for which application threads were stopped: 0.0005801 seconds, Stopping threads took: 0.0000198 seconds
23.535: [GC (Allocation Failure)  94913K->641K(436224K), 0.0004801 secs]
23.536: Total time for which application threads were stopped: 0.0006078 seconds, Stopping threads took: 0.0000273 seconds
23.596: [GC (Allocation Failure)  93313K->641K(434688K), 0.0004835 secs]
23.597: Total time for which application threads were stopped: 0.0006285 seconds, Stopping threads took: 0.0000272 seconds
23.658: [GC (Allocation Failure)  91777K->641K(433152K), 0.0006043 secs]
23.658: Total time for which application threads were stopped: 0.0007435 seconds, Stopping threads took: 0.0000239 seconds
23.717: [GC (Allocation Failure)  90241K->673K(431616K), 0.0005745 secs]
23.718: Total time for which application threads were stopped: 0.0006959 seconds, Stopping threads took: 0.0000202 seconds
23.773: [GC (Allocation Failure)  88737K->673K(430080K), 0.0004748 secs]
23.773: Total time for which application threads were stopped: 0.0006009 seconds, Stopping threads took: 0.0000267 seconds
23.827: [GC (Allocation Failure)  87201K->673K(428544K), 0.0005084 secs]
23.828: Total time for which application threads were stopped: 0.0006432 seconds, Stopping threads took: 0.0000212 seconds
23.881: [GC (Allocation Failure)  85665K->673K(427008K), 0.0005311 secs]
23.881: Total time for which application threads were stopped: 0.0006625 seconds, Stopping threads took: 0.0000215 seconds
23.934: [GC (Allocation Failure)  84129K->641K(425472K), 0.0005251 secs]
23.934: Total time for which application threads were stopped: 0.0006533 seconds, Stopping threads took: 0.0000202 seconds
23.986: [GC (Allocation Failure)  82561K->609K(423936K), 0.0005895 secs]
23.987: Total time for which application threads were stopped: 0.0007298 seconds, Stopping threads took: 0.0000203 seconds
24.037: [GC (Allocation Failure)  80993K->705K(422400K), 0.0005325 secs]
24.037: Total time for which application threads were stopped: 0.0006546 seconds, Stopping threads took: 0.0000208 seconds
24.090: [GC (Allocation Failure)  79553K->641K(421376K), 0.0004880 secs]
24.091: Total time for which application threads were stopped: 0.0006033 seconds, Stopping threads took: 0.0000194 seconds
24.147: [GC (Allocation Failure)  78465K->673K(420352K), 0.0005977 secs]
24.147: Total time for which application threads were stopped: 0.0007245 seconds, Stopping threads took: 0.0000191 seconds
24.195: [GC (Allocation Failure)  77473K->705K(419328K), 0.0005198 secs]
24.196: Total time for which application threads were stopped: 0.0006560 seconds, Stopping threads took: 0.0000265 seconds
24.243: [GC (Allocation Failure)  76481K->673K(418304K), 0.0004746 secs]
24.244: Total time for which application threads were stopped: 0.0005927 seconds, Stopping threads took: 0.0000185 seconds
24.291: [GC (Allocation Failure)  75425K->673K(417280K), 0.0004929 secs]
24.291: Total time for which application threads were stopped: 0.0006115 seconds, Stopping threads took: 0.0000189 seconds
24.337: [GC (Allocation Failure)  74401K->641K(416256K), 0.0005036 secs]
24.338: Total time for which application threads were stopped: 0.0006534 seconds, Stopping threads took: 0.0000301 seconds
24.388: [GC (Allocation Failure)  73345K->673K(415232K), 0.0007437 secs]
24.389: Total time for which application threads were stopped: 0.0008894 seconds, Stopping threads took: 0.0000290 seconds
24.439: [GC (Allocation Failure)  72353K->609K(414208K), 0.0005034 secs]
24.439: Total time for which application threads were stopped: 0.0006278 seconds, Stopping threads took: 0.0000190 seconds
24.484: [GC (Allocation Failure)  71265K->673K(413184K), 0.0004497 secs]
24.485: Total time for which application threads were stopped: 0.0005773 seconds, Stopping threads took: 0.0000252 seconds
24.529: [GC (Allocation Failure)  70305K->673K(412160K), 0.0004757 secs]
24.529: Total time for which application threads were stopped: 0.0005951 seconds, Stopping threads took: 0.0000197 seconds
24.577: [GC (Allocation Failure)  69281K->705K(411136K), 0.0005499 secs]
24.577: Total time for which application threads were stopped: 0.0006975 seconds, Stopping threads took: 0.0000210 seconds
24.625: [GC (Allocation Failure)  68289K->673K(410112K), 0.0004833 secs]
24.625: Total time for which application threads were stopped: 0.0006144 seconds, Stopping threads took: 0.0000211 seconds
24.673: [GC (Allocation Failure)  67233K->609K(409088K), 0.0004567 secs]
24.674: Total time for which application threads were stopped: 0.0005923 seconds, Stopping threads took: 0.0000251 seconds
24.720: [GC (Allocation Failure)  66145K->705K(408064K), 0.0004362 secs]
24.721: Total time for which application threads were stopped: 0.0005783 seconds, Stopping threads took: 0.0000169 seconds
24.764: [GC (Allocation Failure)  65217K->673K(407040K), 0.0004825 secs]
24.765: Total time for which application threads were stopped: 0.0006087 seconds, Stopping threads took: 0.0000189 seconds
24.805: [GC (Allocation Failure)  64161K->641K(406016K), 0.0004622 secs]
24.805: Total time for which application threads were stopped: 0.0006040 seconds, Stopping threads took: 0.0000208 seconds
24.844: [GC (Allocation Failure)  63105K->705K(418816K), 0.0006874 secs]
24.845: Total time for which application threads were stopped: 0.0008212 seconds, Stopping threads took: 0.0000213 seconds
24.892: [GC (Allocation Failure)  75969K->737K(434176K), 0.0005579 secs]
24.893: Total time for which application threads were stopped: 0.0007091 seconds, Stopping threads took: 0.0000217 seconds
24.955: [GC (Allocation Failure)  91361K->705K(432640K), 0.0004404 secs]
24.956: Total time for which application threads were stopped: 0.0005639 seconds, Stopping threads took: 0.0000257 seconds
25.017: [GC (Allocation Failure)  89793K->673K(431104K), 0.0006141 secs]
25.018: Total time for which application threads were stopped: 0.0007517 seconds, Stopping threads took: 0.0000286 seconds
25.074: [GC (Allocation Failure)  88225K->641K(429568K), 0.0004405 secs]
25.074: Total time for which application threads were stopped: 0.0005600 seconds, Stopping threads took: 0.0000258 seconds
25.128: [GC (Allocation Failure)  86657K->641K(428032K), 0.0004635 secs]
25.129: Total time for which application threads were stopped: 0.0005842 seconds, Stopping threads took: 0.0000209 seconds
25.187: [GC (Allocation Failure)  85121K->641K(426496K), 0.0005999 secs]
25.188: Total time for which application threads were stopped: 0.0007247 seconds, Stopping threads took: 0.0000270 seconds
25.246: [GC (Allocation Failure)  83585K->609K(424960K), 0.0004990 secs]
25.246: Total time for which application threads were stopped: 0.0006433 seconds, Stopping threads took: 0.0000272 seconds
25.298: [GC (Allocation Failure)  82017K->609K(423424K), 0.0004572 secs]
25.298: Total time for which application threads were stopped: 0.0005867 seconds, Stopping threads took: 0.0000279 seconds
25.351: [GC (Allocation Failure)  80481K->673K(422400K), 0.0004565 secs]
25.351: Total time for which application threads were stopped: 0.0005844 seconds, Stopping threads took: 0.0000287 seconds
25.407: [GC (Allocation Failure)  79521K->705K(421376K), 0.0005093 secs]
25.408: Total time for which application threads were stopped: 0.0006260 seconds, Stopping threads took: 0.0000193 seconds
25.457: [GC (Allocation Failure)  78529K->641K(420352K), 0.0004723 secs]
25.457: Total time for which application threads were stopped: 0.0006090 seconds, Stopping threads took: 0.0000189 seconds
25.511: [GC (Allocation Failure)  77441K->641K(419328K), 0.0005533 secs]
25.511: Total time for which application threads were stopped: 0.0006612 seconds, Stopping threads took: 0.0000169 seconds
25.559: [GC (Allocation Failure)  76417K->641K(418304K), 0.0004569 secs]
25.559: Total time for which application threads were stopped: 0.0005877 seconds, Stopping threads took: 0.0000336 seconds
25.612: [GC (Allocation Failure)  75393K->641K(417280K), 0.0004766 secs]
25.612: Total time for which application threads were stopped: 0.0005877 seconds, Stopping threads took: 0.0000167 seconds
25.658: [GC (Allocation Failure)  74369K->673K(416256K), 0.0004408 secs]
25.659: Total time for which application threads were stopped: 0.0005809 seconds, Stopping threads took: 0.0000241 seconds
25.709: [GC (Allocation Failure)  73377K->641K(415232K), 0.0004162 secs]
25.709: Total time for which application threads were stopped: 0.0005236 seconds, Stopping threads took: 0.0000168 seconds
25.754: [GC (Allocation Failure)  72321K->673K(414208K), 0.0005331 secs]
25.755: Total time for which application threads were stopped: 0.0006676 seconds, Stopping threads took: 0.0000272 seconds
25.799: [GC (Allocation Failure)  71329K->609K(413184K), 0.0006017 secs]
25.800: Total time for which application threads were stopped: 0.0007854 seconds, Stopping threads took: 0.0000285 seconds
25.847: [GC (Allocation Failure)  70241K->705K(412160K), 0.0005177 secs]
25.848: Total time for which application threads were stopped: 0.0006591 seconds, Stopping threads took: 0.0000209 seconds
25.894: [GC (Allocation Failure)  69313K->641K(411136K), 0.0006488 secs]
25.895: Total time for which application threads were stopped: 0.0007773 seconds, Stopping threads took: 0.0000275 seconds
25.937: [GC (Allocation Failure)  68225K->673K(424960K), 0.0005518 secs]
25.938: Total time for which application threads were stopped: 0.0006779 seconds, Stopping threads took: 0.0000258 seconds
25.989: [GC (Allocation Failure)  82081K->673K(423424K), 0.0004752 secs]
25.990: Total time for which application threads were stopped: 0.0006011 seconds, Stopping threads took: 0.0000250 seconds
26.039: [GC (Allocation Failure)  80545K->609K(439808K), 0.0006707 secs]
26.040: Total time for which application threads were stopped: 0.0008228 seconds, Stopping threads took: 0.0000289 seconds
26.106: [GC (Allocation Failure)  96865K->705K(437760K), 0.0005405 secs]
26.107: Total time for which application threads were stopped: 0.0006595 seconds, Stopping threads took: 0.0000190 seconds
26.165: [GC (Allocation Failure)  94913K->705K(436224K), 0.0004700 secs]
26.166: Total time for which application threads were stopped: 0.0005982 seconds, Stopping threads took: 0.0000210 seconds
26.224: [GC (Allocation Failure)  93377K->673K(434688K), 0.0004607 secs]
26.224: Total time for which application threads were stopped: 0.0005801 seconds, Stopping threads took: 0.0000195 seconds
26.281: [GC (Allocation Failure)  91809K->673K(433152K), 0.0004350 secs]
26.281: Total time for which application threads were stopped: 0.0005707 seconds, Stopping threads took: 0.0000197 seconds
26.337: [GC (Allocation Failure)  90273K->641K(431616K), 0.0004849 secs]
26.338: Total time for which application threads were stopped: 0.0006188 seconds, Stopping threads took: 0.0000279 seconds
26.392: [GC (Allocation Failure)  88705K->609K(430080K), 0.0006061 secs]
26.393: Total time for which application threads were stopped: 0.0007287 seconds, Stopping threads took: 0.0000199 seconds
26.453: [GC (Allocation Failure)  87137K->641K(428544K), 0.0003920 secs]
26.454: Total time for which application threads were stopped: 0.0005132 seconds, Stopping threads took: 0.0000245 seconds
26.506: [GC (Allocation Failure)  85633K->609K(427008K), 0.0004337 secs]
26.507: Total time for which application threads were stopped: 0.0005562 seconds, Stopping threads took: 0.0000268 seconds
26.565: [GC (Allocation Failure)  84065K->641K(425472K), 0.0004831 secs]
26.565: Total time for which application threads were stopped: 0.0005911 seconds, Stopping threads took: 0.0000173 seconds
26.622: [GC (Allocation Failure)  82561K->673K(423936K), 0.0004925 secs]
26.623: Total time for which application threads were stopped: 0.0006206 seconds, Stopping threads took: 0.0000198 seconds
26.674: [GC (Allocation Failure)  81057K->673K(422400K), 0.0006861 secs]
26.675: Total time for which application threads were stopped: 0.0008032 seconds, Stopping threads took: 0.0000256 seconds
26.728: [GC (Allocation Failure)  79521K->705K(421376K), 0.0004685 secs]
26.728: Total time for which application threads were stopped: 0.0005837 seconds, Stopping threads took: 0.0000207 seconds
26.777: [GC (Allocation Failure)  78529K->641K(420352K), 0.0004962 secs]
26.777: Total time for which application threads were stopped: 0.0006187 seconds, Stopping threads took: 0.0000204 seconds
26.831: [GC (Allocation Failure)  77441K->705K(419328K), 0.0006107 secs]
26.832: Total time for which application threads were stopped: 0.0007553 seconds, Stopping threads took: 0.0000207 seconds
26.879: [GC (Allocation Failure)  76481K->641K(418304K), 0.0006597 secs]
26.880: Total time for which application threads were stopped: 0.0007815 seconds, Stopping threads took: 0.0000196 seconds
26.932: [GC (Allocation Failure)  75393K->673K(417280K), 0.0005423 secs]
26.933: Total time for which application threads were stopped: 0.0006780 seconds, Stopping threads took: 0.0000211 seconds
26.980: [GC (Allocation Failure)  74401K->705K(416256K), 0.0004089 secs]
26.981: Total time for which application threads were stopped: 0.0005334 seconds, Stopping threads took: 0.0000187 seconds
27.027: [GC (Allocation Failure)  73409K->641K(415232K), 0.0005939 secs]
27.027: Total time for which application threads were stopped: 0.0007459 seconds, Stopping threads took: 0.0000205 seconds
27.072: [GC (Allocation Failure)  72321K->705K(414208K), 0.0005651 secs]
27.073: Total time for which application threads were stopped: 0.0006945 seconds, Stopping threads took: 0.0000224 seconds
27.123: [GC (Allocation Failure)  71361K->641K(413184K), 0.0004424 secs]
27.123: Total time for which application threads were stopped: 0.0005604 seconds, Stopping threads took: 0.0000185 seconds
27.174: [GC (Allocation Failure)  70273K->673K(412160K), 0.0004549 secs]
27.174: Total time for which application threads were stopped: 0.0005717 seconds, Stopping threads took: 0.0000185 seconds
27.217: [GC (Allocation Failure)  69281K->641K(411136K), 0.0005687 secs]
27.218: Total time for which application threads were stopped: 0.0006782 seconds, Stopping threads took: 0.0000168 seconds
27.260: [GC (Allocation Failure)  68225K->641K(410112K), 0.0004753 secs]
27.260: Total time for which application threads were stopped: 0.0005924 seconds, Stopping threads took: 0.0000188 seconds
27.306: [GC (Allocation Failure)  67201K->609K(409088K), 0.0004616 secs]
27.307: Total time for which application threads were stopped: 0.0005824 seconds, Stopping threads took: 0.0000187 seconds
27.348: [GC (Allocation Failure)  66145K->641K(408064K), 0.0004321 secs]
27.348: Total time for which application threads were stopped: 0.0005518 seconds, Stopping threads took: 0.0000191 seconds
27.394: [GC (Allocation Failure)  65153K->673K(407040K), 0.0005586 secs]
27.395: Total time for which application threads were stopped: 0.0006949 seconds, Stopping threads took: 0.0000207 seconds
27.435: [GC (Allocation Failure)  64161K->737K(406016K), 0.0005005 secs]
27.435: Total time for which application threads were stopped: 0.0006285 seconds, Stopping threads took: 0.0000207 seconds
27.480: [GC (Allocation Failure)  63201K->641K(405504K), 0.0004774 secs]
27.481: Total time for which application threads were stopped: 0.0005970 seconds, Stopping threads took: 0.0000191 seconds
27.520: [GC (Allocation Failure)  62593K->641K(404992K), 0.0004715 secs]
27.520: Total time for which application threads were stopped: 0.0005987 seconds, Stopping threads took: 0.0000269 seconds
27.562: [GC (Allocation Failure)  62081K->705K(404480K), 0.0004714 secs]
27.562: Total time for which application threads were stopped: 0.0005864 seconds, Stopping threads took: 0.0000199 seconds
27.607: [GC (Allocation Failure)  61633K->641K(403968K), 0.0004702 secs]
27.607: Total time for which application threads were stopped: 0.0005786 seconds, Stopping threads took: 0.0000163 seconds
27.648: [GC (Allocation Failure)  61057K->705K(403456K), 0.0005195 secs]
27.649: Total time for which application threads were stopped: 0.0006331 seconds, Stopping threads took: 0.0000164 seconds
27.690: [GC (Allocation Failure)  60609K->673K(415744K), 0.0007203 secs]
27.691: Total time for which application threads were stopped: 0.0008478 seconds, Stopping threads took: 0.0000272 seconds
27.737: [GC (Allocation Failure)  72865K->673K(430592K), 0.0004844 secs]
27.737: Total time for which application threads were stopped: 0.0006126 seconds, Stopping threads took: 0.0000275 seconds
27.792: [GC (Allocation Failure)  87713K->673K(429056K), 0.0004780 secs]
27.792: Total time for which application threads were stopped: 0.0006135 seconds, Stopping threads took: 0.0000216 seconds
27.846: [GC (Allocation Failure)  86177K->673K(427520K), 0.0005387 secs]
27.847: Total time for which application threads were stopped: 0.0006732 seconds, Stopping threads took: 0.0000216 seconds
27.899: [GC (Allocation Failure)  84641K->673K(425984K), 0.0005881 secs]
27.900: Total time for which application threads were stopped: 0.0007109 seconds, Stopping threads took: 0.0000214 seconds
27.958: [GC (Allocation Failure)  83105K->641K(424448K), 0.0004718 secs]
27.958: Total time for which application threads were stopped: 0.0005966 seconds, Stopping threads took: 0.0000262 seconds
28.008: [GC (Allocation Failure)  81537K->673K(422912K), 0.0005023 secs]
28.009: Total time for which application threads were stopped: 0.0006211 seconds, Stopping threads took: 0.0000195 seconds
28.058: [GC (Allocation Failure)  80033K->609K(421888K), 0.0006422 secs]
28.059: Total time for which application threads were stopped: 0.0007560 seconds, Stopping threads took: 0.0000187 seconds
28.114: [GC (Allocation Failure)  78945K->641K(420864K), 0.0005090 secs]
28.115: Total time for which application threads were stopped: 0.0006296 seconds, Stopping threads took: 0.0000194 seconds
28.166: [GC (Allocation Failure)  77953K->737K(419840K), 0.0004928 secs]
28.167: Total time for which application threads were stopped: 0.0006137 seconds, Stopping threads took: 0.0000194 seconds
28.214: [GC (Allocation Failure)  77025K->641K(418816K), 0.0005762 secs]
28.215: Total time for which application threads were stopped: 0.0007076 seconds, Stopping threads took: 0.0000276 seconds
28.262: [GC (Allocation Failure)  75905K->641K(434176K), 0.0007507 secs]
28.263: Total time for which application threads were stopped: 0.0008981 seconds, Stopping threads took: 0.0000217 seconds
28.325: [GC (Allocation Failure)  91265K->673K(432640K), 0.0004475 secs]
28.326: Total time for which application threads were stopped: 0.0005856 seconds, Stopping threads took: 0.0000314 seconds
28.388: [GC (Allocation Failure)  89761K->673K(431104K), 0.0005079 secs]
28.388: Total time for which application threads were stopped: 0.0006454 seconds, Stopping threads took: 0.0000211 seconds
28.443: [GC (Allocation Failure)  88225K->673K(429568K), 0.0004553 secs]
28.444: Total time for which application threads were stopped: 0.0005757 seconds, Stopping threads took: 0.0000257 seconds
28.499: [GC (Allocation Failure)  86689K->641K(428032K), 0.0005622 secs]
28.500: Total time for which application threads were stopped: 0.0006982 seconds, Stopping threads took: 0.0000202 seconds
28.558: [GC (Allocation Failure)  85121K->641K(426496K), 0.0005129 secs]
28.559: Total time for which application threads were stopped: 0.0006894 seconds, Stopping threads took: 0.0000286 seconds
28.610: [GC (Allocation Failure)  83585K->641K(424960K), 0.0004335 secs]
28.611: Total time for which application threads were stopped: 0.0005597 seconds, Stopping threads took: 0.0000208 seconds
28.668: [GC (Allocation Failure)  82049K->673K(423424K), 0.0004669 secs]
28.668: Total time for which application threads were stopped: 0.0006003 seconds, Stopping threads took: 0.0000247 seconds
28.719: [GC (Allocation Failure)  80545K->641K(422400K), 0.0005047 secs]
28.719: Total time for which application threads were stopped: 0.0006204 seconds, Stopping threads took: 0.0000190 seconds
28.768: [GC (Allocation Failure)  79489K->705K(421376K), 0.0005686 secs]
28.769: Total time for which application threads were stopped: 0.0006928 seconds, Stopping threads took: 0.0000272 seconds
28.818: [GC (Allocation Failure)  78529K->641K(420352K), 0.0004743 secs]
28.818: Total time for which application threads were stopped: 0.0005946 seconds, Stopping threads took: 0.0000194 seconds
28.866: [GC (Allocation Failure)  77441K->609K(419328K), 0.0005038 secs]
28.867: Total time for which application threads were stopped: 0.0006371 seconds, Stopping threads took: 0.0000189 seconds
28.914: [GC (Allocation Failure)  76385K->609K(418304K), 0.0005292 secs]
28.915: Total time for which application threads were stopped: 0.0006623 seconds, Stopping threads took: 0.0000200 seconds
28.968: [GC (Allocation Failure)  75361K->705K(417280K), 0.0004734 secs]
28.969: Total time for which application threads were stopped: 0.0006176 seconds, Stopping threads took: 0.0000267 seconds
29.015: [GC (Allocation Failure)  74433K->641K(416256K), 0.0005247 secs]
29.016: Total time for which application threads were stopped: 0.0006692 seconds, Stopping threads took: 0.0000209 seconds
29.065: [GC (Allocation Failure)  73345K->705K(415232K), 0.0007077 secs]
29.066: Total time for which application threads were stopped: 0.0008493 seconds, Stopping threads took: 0.0000218 seconds
29.111: [GC (Allocation Failure)  72385K->641K(414208K), 0.0005307 secs]
29.112: Total time for which application threads were stopped: 0.0006912 seconds, Stopping threads took: 0.0000212 seconds
29.162: [GC (Allocation Failure)  71297K->737K(413184K), 0.0006084 secs]
29.163: Total time for which application threads were stopped: 0.0007422 seconds, Stopping threads took: 0.0000265 seconds
29.206: [GC (Allocation Failure)  70369K->609K(427520K), 0.0006820 secs]
29.207: Total time for which application threads were stopped: 0.0008546 seconds, Stopping threads took: 0.0000291 seconds
29.260: [GC (Allocation Failure)  84577K->609K(444416K), 0.0005227 secs]
29.260: Total time for which application threads were stopped: 0.0006650 seconds, Stopping threads took: 0.0000296 seconds
29.330: [GC (Allocation Failure)  101473K->673K(442368K), 0.0004730 secs]
29.330: Total time for which application threads were stopped: 0.0006039 seconds, Stopping threads took: 0.0000270 seconds
29.392: [GC (Allocation Failure)  99489K->705K(440320K), 0.0005137 secs]
29.392: Total time for which application threads were stopped: 0.0006520 seconds, Stopping threads took: 0.0000218 seconds
29.453: [GC (Allocation Failure)  97473K->641K(438272K), 0.0004203 secs]
29.454: Total time for which application threads were stopped: 0.0005455 seconds, Stopping threads took: 0.0000251 seconds
29.513: [GC (Allocation Failure)  95361K->641K(436736K), 0.0004467 secs]
29.514: Total time for which application threads were stopped: 0.0005712 seconds, Stopping threads took: 0.0000272 seconds
29.577: [GC (Allocation Failure)  93825K->609K(435200K), 0.0004716 secs]
29.577: Total time for which application threads were stopped: 0.0005980 seconds, Stopping threads took: 0.0000276 seconds
29.638: [GC (Allocation Failure)  92257K->673K(433664K), 0.0004765 secs]
29.638: Total time for which application threads were stopped: 0.0006040 seconds, Stopping threads took: 0.0000282 seconds
29.696: [GC (Allocation Failure)  90785K->641K(432128K), 0.0004854 secs]
29.696: Total time for which application threads were stopped: 0.0006051 seconds, Stopping threads took: 0.0000194 seconds
29.751: [GC (Allocation Failure)  89217K->641K(430592K), 0.0006642 secs]
29.752: Total time for which application threads were stopped: 0.0007815 seconds, Stopping threads took: 0.0000194 seconds
29.806: [GC (Allocation Failure)  87681K->641K(429056K), 0.0004865 secs]
29.807: Total time for which application threads were stopped: 0.0006106 seconds, Stopping threads took: 0.0000262 seconds
29.860: [GC (Allocation Failure)  86145K->641K(427520K), 0.0005589 secs]
29.861: Total time for which application threads were stopped: 0.0006831 seconds, Stopping threads took: 0.0000272 seconds
29.916: [GC (Allocation Failure)  84609K->641K(425984K), 0.0004751 secs]
29.916: Total time for which application threads were stopped: 0.0005957 seconds, Stopping threads took: 0.0000199 seconds
29.973: [GC (Allocation Failure)  83073K->673K(424448K), 0.0004699 secs]
29.974: Total time for which application threads were stopped: 0.0006031 seconds, Stopping threads took: 0.0000194 seconds
30.030: [GC (Allocation Failure)  81569K->673K(422912K), 0.0005579 secs]
30.031: Total time for which application threads were stopped: 0.0006938 seconds, Stopping threads took: 0.0000217 seconds
30.080: [GC (Allocation Failure)  80033K->609K(421888K), 0.0006467 secs]
30.081: Total time for which application threads were stopped: 0.0007835 seconds, Stopping threads took: 0.0000214 seconds
30.136: [GC (Allocation Failure)  78945K->641K(420864K), 0.0005900 secs]
30.137: Total time for which application threads were stopped: 0.0007405 seconds, Stopping threads took: 0.0000231 seconds
30.185: [GC (Allocation Failure)  77953K->641K(419840K), 0.0006635 secs]
30.186: Total time for which application threads were stopped: 0.0008258 seconds, Stopping threads took: 0.0000304 seconds
30.240: [GC (Allocation Failure)  76929K->705K(418816K), 0.0004562 secs]
30.241: Total time for which application threads were stopped: 0.0005864 seconds, Stopping threads took: 0.0000217 seconds
30.294: [GC (Allocation Failure)  75969K->705K(417792K), 0.0004197 secs]
30.294: Total time for which application threads were stopped: 0.0005256 seconds, Stopping threads took: 0.0000170 seconds
30.345: [GC (Allocation Failure)  74945K->641K(416768K), 0.0005409 secs]
30.346: Total time for which application threads were stopped: 0.0006604 seconds, Stopping threads took: 0.0000192 seconds
30.392: [GC (Allocation Failure)  73857K->641K(415744K), 0.0004902 secs]
30.392: Total time for which application threads were stopped: 0.0006067 seconds, Stopping threads took: 0.0000188 seconds
30.437: [GC (Allocation Failure)  72833K->673K(414720K), 0.0005345 secs]
30.438: Total time for which application threads were stopped: 0.0006691 seconds, Stopping threads took: 0.0000261 seconds
30.486: [GC (Allocation Failure)  71841K->641K(413696K), 0.0004624 secs]
30.486: Total time for which application threads were stopped: 0.0005897 seconds, Stopping threads took: 0.0000268 seconds
30.534: [GC (Allocation Failure)  70785K->673K(412672K), 0.0004766 secs]
30.534: Total time for which application threads were stopped: 0.0007096 seconds, Stopping threads took: 0.0000191 seconds
30.577: [GC (Allocation Failure)  69793K->577K(411648K), 0.0004742 secs]
30.578: Total time for which application threads were stopped: 0.0005916 seconds, Stopping threads took: 0.0000189 seconds
30.627: [GC (Allocation Failure)  68673K->673K(410624K), 0.0005704 secs]
30.627: Total time for which application threads were stopped: 0.0006903 seconds, Stopping threads took: 0.0000192 seconds
30.670: [GC (Allocation Failure)  67745K->609K(409600K), 0.0004458 secs]
30.670: Total time for which application threads were stopped: 0.0005585 seconds, Stopping threads took: 0.0000250 seconds
30.713: [GC (Allocation Failure)  66657K->673K(408576K), 0.0005624 secs]
30.714: Total time for which application threads were stopped: 0.0006793 seconds, Stopping threads took: 0.0000191 seconds
30.758: [GC (Allocation Failure)  65697K->641K(421888K), 0.0007090 secs]
30.759: Total time for which application threads were stopped: 0.0008415 seconds, Stopping threads took: 0.0000278 seconds
30.808: [GC (Allocation Failure)  78977K->705K(437760K), 0.0006148 secs]
30.809: Total time for which application threads were stopped: 0.0007346 seconds, Stopping threads took: 0.0000186 seconds
30.867: [GC (Allocation Failure)  94913K->673K(456704K), 0.0006493 secs]
30.868: Total time for which application threads were stopped: 0.0007996 seconds, Stopping threads took: 0.0000296 seconds
30.938: [GC (Allocation Failure)  113825K->609K(454144K), 0.0006287 secs]
30.939: Total time for which application threads were stopped: 0.0007701 seconds, Stopping threads took: 0.0000297 seconds
31.014: [GC (Allocation Failure)  111201K->641K(452096K), 0.0004703 secs]
31.015: Total time for which application threads were stopped: 0.0005928 seconds, Stopping threads took: 0.0000262 seconds
31.083: [GC (Allocation Failure)  109185K->737K(450048K), 0.0004680 secs]
31.083: Total time for which application threads were stopped: 0.0005938 seconds, Stopping threads took: 0.0000197 seconds
31.153: [GC (Allocation Failure)  107233K->641K(448000K), 0.0004885 secs]
31.153: Total time for which application threads were stopped: 0.0006253 seconds, Stopping threads took: 0.0000204 seconds
31.224: [GC (Allocation Failure)  105089K->641K(445952K), 0.0005376 secs]
31.225: Total time for which application threads were stopped: 0.0007009 seconds, Stopping threads took: 0.0000301 seconds
31.295: [GC (Allocation Failure)  103041K->673K(443904K), 0.0005149 secs]
31.295: Total time for which application threads were stopped: 0.0006255 seconds, Stopping threads took: 0.0000184 seconds
31.364: [GC (Allocation Failure)  101025K->705K(441856K), 0.0005119 secs]
31.364: Total time for which application threads were stopped: 0.0006321 seconds, Stopping threads took: 0.0000191 seconds
31.426: [GC (Allocation Failure)  99009K->673K(439808K), 0.0004848 secs]
31.426: Total time for which application threads were stopped: 0.0006070 seconds, Stopping threads took: 0.0000193 seconds
31.492: [GC (Allocation Failure)  96929K->641K(437760K), 0.0006676 secs]
31.493: Total time for which application threads were stopped: 0.0008077 seconds, Stopping threads took: 0.0000260 seconds
31.551: [GC (Allocation Failure)  94849K->705K(436224K), 0.0004710 secs]
31.552: Total time for which application threads were stopped: 0.0006046 seconds, Stopping threads took: 0.0000291 seconds
31.610: [GC (Allocation Failure)  93377K->673K(434688K), 0.0004509 secs]
31.610: Total time for which application threads were stopped: 0.0005745 seconds, Stopping threads took: 0.0000270 seconds
31.667: [GC (Allocation Failure)  91809K->673K(433152K), 0.0006450 secs]
31.668: Total time for which application threads were stopped: 0.0007593 seconds, Stopping threads took: 0.0000238 seconds
31.724: [GC (Allocation Failure)  90273K->641K(431616K), 0.0004656 secs]
31.725: Total time for which application threads were stopped: 0.0005850 seconds, Stopping threads took: 0.0000192 seconds
31.784: [GC (Allocation Failure)  88705K->737K(430080K), 0.0007307 secs]
31.784: Total time for which application threads were stopped: 0.0008735 seconds, Stopping threads took: 0.0000208 seconds
31.838: [GC (Allocation Failure)  87265K->705K(428544K), 0.0005792 secs]
31.839: Total time for which application threads were stopped: 0.0007133 seconds, Stopping threads took: 0.0000208 seconds
31.897: [GC (Allocation Failure)  85697K->641K(427008K), 0.0004097 secs]
31.897: Total time for which application threads were stopped: 0.0005157 seconds, Stopping threads took: 0.0000169 seconds
31.950: [GC (Allocation Failure)  84097K->641K(425472K), 0.0004283 secs]
31.950: Total time for which application threads were stopped: 0.0005377 seconds, Stopping threads took: 0.0000269 seconds
32.003: [GC (Allocation Failure)  82561K->641K(423936K), 0.0004167 secs]
32.004: Total time for which application threads were stopped: 0.0005377 seconds, Stopping threads took: 0.0000167 seconds
32.059: [GC (Allocation Failure)  81025K->641K(422400K), 0.0005316 secs]
32.060: Total time for which application threads were stopped: 0.0006690 seconds, Stopping threads took: 0.0000265 seconds
32.115: [GC (Allocation Failure)  79489K->609K(421376K), 0.0005177 secs]
32.115: Total time for which application threads were stopped: 0.0006435 seconds, Stopping threads took: 0.0000196 seconds
32.170: [GC (Allocation Failure)  78433K->705K(420352K), 0.0005582 secs]
32.170: Total time for which application threads were stopped: 0.0007393 seconds, Stopping threads took: 0.0000216 seconds
32.222: [GC (Allocation Failure)  77505K->705K(419328K), 0.0004851 secs]
32.222: Total time for which application threads were stopped: 0.0006255 seconds, Stopping threads took: 0.0000268 seconds
32.275: [GC (Allocation Failure)  76481K->673K(418304K), 0.0005147 secs]
32.275: Total time for which application threads were stopped: 0.0006491 seconds, Stopping threads took: 0.0000208 seconds
32.323: [GC (Allocation Failure)  75425K->673K(417280K), 0.0004953 secs]
32.323: Total time for which application threads were stopped: 0.0006383 seconds, Stopping threads took: 0.0000333 seconds
32.370: [GC (Allocation Failure)  74401K->673K(416256K), 0.0005661 secs]
32.370: Total time for which application threads were stopped: 0.0006872 seconds, Stopping threads took: 0.0000192 seconds
32.416: [GC (Allocation Failure)  73377K->705K(415232K), 0.0004638 secs]
32.416: Total time for which application threads were stopped: 0.0005908 seconds, Stopping threads took: 0.0000208 seconds
32.462: [GC (Allocation Failure)  72385K->705K(414208K), 0.0004544 secs]
32.462: Total time for which application threads were stopped: 0.0005770 seconds, Stopping threads took: 0.0000187 seconds
32.507: [GC (Allocation Failure)  71361K->673K(413184K), 0.0005239 secs]
32.507: Total time for which application threads were stopped: 0.0006767 seconds, Stopping threads took: 0.0000208 seconds
32.552: [GC (Allocation Failure)  70305K->737K(412160K), 0.0005340 secs]
32.552: Total time for which application threads were stopped: 0.0006669 seconds, Stopping threads took: 0.0000220 seconds
32.595: [GC (Allocation Failure)  69345K->673K(411136K), 0.0004755 secs]
32.596: Total time for which application threads were stopped: 0.0006076 seconds, Stopping threads took: 0.0000204 seconds
32.639: [GC (Allocation Failure)  68257K->705K(424960K), 0.0006402 secs]
32.639: Total time for which application threads were stopped: 0.0007886 seconds, Stopping threads took: 0.0000204 seconds
32.691: [GC (Allocation Failure)  82113K->673K(423424K), 0.0005044 secs]
32.692: Total time for which application threads were stopped: 0.0006154 seconds, Stopping threads took: 0.0000188 seconds
32.742: [GC (Allocation Failure)  80545K->673K(422400K), 0.0005110 secs]
32.742: Total time for which application threads were stopped: 0.0006448 seconds, Stopping threads took: 0.0000194 seconds
32.798: [GC (Allocation Failure)  79521K->705K(421376K), 0.0004965 secs]
32.798: Total time for which application threads were stopped: 0.0006318 seconds, Stopping threads took: 0.0000198 seconds
32.851: [GC (Allocation Failure)  78529K->673K(420352K), 0.0004476 secs]
32.851: Total time for which application threads were stopped: 0.0005658 seconds, Stopping threads took: 0.0000193 seconds
32.899: [GC (Allocation Failure)  77473K->705K(419328K), 0.0005257 secs]
32.900: Total time for which application threads were stopped: 0.0006648 seconds, Stopping threads took: 0.0000207 seconds
32.947: [GC (Allocation Failure)  76481K->641K(418304K), 0.0004597 secs]
32.948: Total time for which application threads were stopped: 0.0005858 seconds, Stopping threads took: 0.0000195 seconds
32.995: [GC (Allocation Failure)  75393K->705K(417280K), 0.0004736 secs]
32.995: Total time for which application threads were stopped: 0.0006011 seconds, Stopping threads took: 0.0000199 seconds
33.041: [GC (Allocation Failure)  74433K->609K(416256K), 0.0005766 secs]
33.042: Total time for which application threads were stopped: 0.0006938 seconds, Stopping threads took: 0.0000192 seconds
33.092: [GC (Allocation Failure)  73313K->609K(415232K), 0.0005685 secs]
33.092: Total time for which application threads were stopped: 0.0007008 seconds, Stopping threads took: 0.0000195 seconds
33.137: [GC (Allocation Failure)  72289K->609K(414208K), 0.0005080 secs]
33.138: Total time for which application threads were stopped: 0.0006731 seconds, Stopping threads took: 0.0000289 seconds
33.182: [GC (Allocation Failure)  71265K->641K(413184K), 0.0005382 secs]
33.183: Total time for which application threads were stopped: 0.0006933 seconds, Stopping threads took: 0.0000220 seconds
33.233: [GC (Allocation Failure)  70273K->673K(412160K), 0.0005067 secs]
33.233: Total time for which application threads were stopped: 0.0006525 seconds, Stopping threads took: 0.0000223 seconds
33.276: [GC (Allocation Failure)  69281K->609K(411136K), 0.0006070 secs]
33.277: Total time for which application threads were stopped: 0.0007595 seconds, Stopping threads took: 0.0000224 seconds
33.325: [GC (Allocation Failure)  68193K->641K(410112K), 0.0005067 secs]
33.326: Total time for which application threads were stopped: 0.0006546 seconds, Stopping threads took: 0.0000294 seconds
33.372: [GC (Allocation Failure)  67201K->641K(423424K), 0.0006740 secs]
33.372: Total time for which application threads were stopped: 0.0008089 seconds, Stopping threads took: 0.0000211 seconds
33.426: [GC (Allocation Failure)  80513K->609K(422400K), 0.0004847 secs]
33.427: Total time for which application threads were stopped: 0.0006002 seconds, Stopping threads took: 0.0000187 seconds
33.482: [GC (Allocation Failure)  79457K->673K(421376K), 0.0004566 secs]
33.483: Total time for which application threads were stopped: 0.0005927 seconds, Stopping threads took: 0.0000277 seconds
33.531: [GC (Allocation Failure)  78497K->609K(420352K), 0.0004752 secs]
33.532: Total time for which application threads were stopped: 0.0006031 seconds, Stopping threads took: 0.0000282 seconds
33.580: [GC (Allocation Failure)  77409K->705K(419328K), 0.0006534 secs]
33.580: Total time for which application threads were stopped: 0.0007704 seconds, Stopping threads took: 0.0000186 seconds
33.628: [GC (Allocation Failure)  76481K->641K(418304K), 0.0004652 secs]
33.628: Total time for which application threads were stopped: 0.0005849 seconds, Stopping threads took: 0.0000193 seconds
33.675: [GC (Allocation Failure)  75393K->641K(417280K), 0.0004622 secs]
33.676: Total time for which application threads were stopped: 0.0005912 seconds, Stopping threads took: 0.0000250 seconds
33.722: [GC (Allocation Failure)  74369K->737K(416256K), 0.0004816 secs]
33.723: Total time for which application threads were stopped: 0.0006126 seconds, Stopping threads took: 0.0000194 seconds
33.768: [GC (Allocation Failure)  73441K->673K(415232K), 0.0004689 secs]
33.768: Total time for which application threads were stopped: 0.0005932 seconds, Stopping threads took: 0.0000265 seconds
33.813: [GC (Allocation Failure)  72353K->705K(414208K), 0.0004757 secs]
33.814: Total time for which application threads were stopped: 0.0005942 seconds, Stopping threads took: 0.0000189 seconds
33.858: [GC (Allocation Failure)  71361K->609K(413184K), 0.0006628 secs]
33.859: Total time for which application threads were stopped: 0.0007856 seconds, Stopping threads took: 0.0000185 seconds
33.902: [GC (Allocation Failure)  70241K->673K(427520K), 0.0006231 secs]
33.903: Total time for which application threads were stopped: 0.0007502 seconds, Stopping threads took: 0.0000270 seconds
33.959: [GC (Allocation Failure)  84641K->641K(425984K), 0.0004419 secs]
33.959: Total time for which application threads were stopped: 0.0005645 seconds, Stopping threads took: 0.0000257 seconds
34.010: [GC (Allocation Failure)  83073K->673K(424448K), 0.0004994 secs]
34.011: Total time for which application threads were stopped: 0.0006163 seconds, Stopping threads took: 0.0000188 seconds
34.065: [GC (Allocation Failure)  81569K->641K(422912K), 0.0004947 secs]
34.065: Total time for which application threads were stopped: 0.0006115 seconds, Stopping threads took: 0.0000187 seconds
34.115: [GC (Allocation Failure)  80001K->705K(421888K), 0.0005483 secs]
34.115: Total time for which application threads were stopped: 0.0006767 seconds, Stopping threads took: 0.0000266 seconds
34.164: [GC (Allocation Failure)  79041K->609K(420864K), 0.0005979 secs]
34.165: Total time for which application threads were stopped: 0.0007340 seconds, Stopping threads took: 0.0000268 seconds
34.213: [GC (Allocation Failure)  77921K->641K(419840K), 0.0004798 secs]
34.214: Total time for which application threads were stopped: 0.0006156 seconds, Stopping threads took: 0.0000210 seconds
34.261: [GC (Allocation Failure)  76929K->609K(418816K), 0.0006152 secs]
34.262: Total time for which application threads were stopped: 0.0007492 seconds, Stopping threads took: 0.0000291 seconds
34.313: [GC (Allocation Failure)  75873K->609K(417792K), 0.0005737 secs]
34.313: Total time for which application threads were stopped: 0.0006980 seconds, Stopping threads took: 0.0000190 seconds
34.365: [GC (Allocation Failure)  74849K->641K(416768K), 0.0005581 secs]
34.365: Total time for which application threads were stopped: 0.0006903 seconds, Stopping threads took: 0.0000277 seconds
34.411: [GC (Allocation Failure)  73857K->673K(415744K), 0.0004953 secs]
34.411: Total time for which application threads were stopped: 0.0006215 seconds, Stopping threads took: 0.0000269 seconds
34.457: [GC (Allocation Failure)  72865K->609K(414720K), 0.0005066 secs]
34.457: Total time for which application threads were stopped: 0.0006300 seconds, Stopping threads took: 0.0000256 seconds
34.507: [GC (Allocation Failure)  71777K->673K(413696K), 0.0004850 secs]
34.507: Total time for which application threads were stopped: 0.0006275 seconds, Stopping threads took: 0.0000186 seconds
34.551: [GC (Allocation Failure)  70817K->641K(412672K), 0.0004912 secs]
34.552: Total time for which application threads were stopped: 0.0006192 seconds, Stopping threads took: 0.0000264 seconds
34.601: [GC (Allocation Failure)  69761K->609K(411648K), 0.0006323 secs]
34.602: Total time for which application threads were stopped: 0.0007545 seconds, Stopping threads took: 0.0000260 seconds
34.650: [GC (Allocation Failure)  68705K->673K(410624K), 0.0005602 secs]
34.650: Total time for which application threads were stopped: 0.0007056 seconds, Stopping threads took: 0.0000280 seconds
34.697: [GC (Allocation Failure)  67745K->641K(409600K), 0.0005063 secs]
34.698: Total time for which application threads were stopped: 0.0006117 seconds, Stopping threads took: 0.0000169 seconds
34.739: [GC (Allocation Failure)  66689K->673K(408576K), 0.0004243 secs]
34.739: Total time for which application threads were stopped: 0.0005410 seconds, Stopping threads took: 0.0000197 seconds
34.786: [GC (Allocation Failure)  65697K->641K(407552K), 0.0004329 secs]
34.786: Total time for which application threads were stopped: 0.0005426 seconds, Stopping threads took: 0.0000173 seconds
34.826: [GC (Allocation Failure)  64641K->641K(406528K), 0.0004317 secs]
34.827: Total time for which application threads were stopped: 0.0005414 seconds, Stopping threads took: 0.0000166 seconds
34.869: [GC (Allocation Failure)  63617K->609K(405504K), 0.0005012 secs]
34.870: Total time for which application threads were stopped: 0.0006096 seconds, Stopping threads took: 0.0000166 seconds
34.909: [GC (Allocation Failure)  62561K->609K(418304K), 0.0005902 secs]
34.909: Total time for which application threads were stopped: 0.0007181 seconds, Stopping threads took: 0.0000191 seconds
34.962: [GC (Allocation Failure)  75361K->641K(417280K), 0.0004840 secs]
34.963: Total time for which application threads were stopped: 0.0006288 seconds, Stopping threads took: 0.0000265 seconds
35.012: [GC (Allocation Failure)  74369K->705K(416256K), 0.0005134 secs]
35.013: Total time for which application threads were stopped: 0.0006405 seconds, Stopping threads took: 0.0000281 seconds
35.058: [GC (Allocation Failure)  73409K->673K(415232K), 0.0004364 secs]
35.059: Total time for which application threads were stopped: 0.0005435 seconds, Stopping threads took: 0.0000164 seconds
35.107: [GC (Allocation Failure)  72353K->673K(414208K), 0.0006177 secs]
35.108: Total time for which application threads were stopped: 0.0011487 seconds, Stopping threads took: 0.0004009 seconds
35.152: [GC (Allocation Failure)  71329K->609K(413184K), 0.0005021 secs]
35.153: Total time for which application threads were stopped: 0.0006267 seconds, Stopping threads took: 0.0000206 seconds
35.196: [GC (Allocation Failure)  70241K->705K(412160K), 0.0005986 secs]
35.197: Total time for which application threads were stopped: 0.0007353 seconds, Stopping threads took: 0.0000203 seconds
35.240: [GC (Allocation Failure)  69313K->673K(425984K), 0.0005463 secs]
35.240: Total time for which application threads were stopped: 0.0006707 seconds, Stopping threads took: 0.0000191 seconds
35.296: [GC (Allocation Failure)  83105K->641K(424448K), 0.0004123 secs]
35.296: Total time for which application threads were stopped: 0.0005208 seconds, Stopping threads took: 0.0000171 seconds
35.350: [GC (Allocation Failure)  81537K->737K(422912K), 0.0005054 secs]
35.351: Total time for which application threads were stopped: 0.0006422 seconds, Stopping threads took: 0.0000247 seconds
35.405: [GC (Allocation Failure)  80097K->673K(421888K), 0.0005185 secs]
35.405: Total time for which application threads were stopped: 0.0006504 seconds, Stopping threads took: 0.0000274 seconds
35.455: [GC (Allocation Failure)  79009K->673K(420864K), 0.0004342 secs]
35.455: Total time for which application threads were stopped: 0.0005681 seconds, Stopping threads took: 0.0000188 seconds
35.507: [GC (Allocation Failure)  77985K->641K(419840K), 0.0004625 secs]
35.508: Total time for which application threads were stopped: 0.0005995 seconds, Stopping threads took: 0.0000169 seconds
35.561: [GC (Allocation Failure)  76929K->737K(418816K), 0.0005742 secs]
35.562: Total time for which application threads were stopped: 0.0006954 seconds, Stopping threads took: 0.0000201 seconds
35.613: [GC (Allocation Failure)  76001K->705K(417792K), 0.0005794 secs]
35.614: Total time for which application threads were stopped: 0.0006970 seconds, Stopping threads took: 0.0000185 seconds
35.660: [GC (Allocation Failure)  74945K->641K(416768K), 0.0004203 secs]
35.661: Total time for which application threads were stopped: 0.0005387 seconds, Stopping threads took: 0.0000248 seconds
35.709: [GC (Allocation Failure)  73857K->641K(415744K), 0.0005012 secs]
35.710: Total time for which application threads were stopped: 0.0006387 seconds, Stopping threads took: 0.0000200 seconds
35.755: [GC (Allocation Failure)  72833K->673K(414720K), 0.0005210 secs]
35.756: Total time for which application threads were stopped: 0.0006639 seconds, Stopping threads took: 0.0000211 seconds
35.801: [GC (Allocation Failure)  71841K->641K(413696K), 0.0005135 secs]
35.801: Total time for which application threads were stopped: 0.0006553 seconds, Stopping threads took: 0.0000224 seconds
35.850: [GC (Allocation Failure)  70785K->737K(412672K), 0.0005336 secs]
35.851: Total time for which application threads were stopped: 0.0006865 seconds, Stopping threads took: 0.0000296 seconds
35.897: [GC (Allocation Failure)  69857K->737K(411648K), 0.0004813 secs]
35.898: Total time for which application threads were stopped: 0.0006035 seconds, Stopping threads took: 0.0000198 seconds
35.944: [GC (Allocation Failure)  68833K->705K(425472K), 0.0006952 secs]
35.944: Total time for which application threads were stopped: 0.0008113 seconds, Stopping threads took: 0.0000184 seconds
35.996: [GC (Allocation Failure)  82625K->673K(423936K), 0.0005124 secs]
35.997: Total time for which application threads were stopped: 0.0006313 seconds, Stopping threads took: 0.0000192 seconds
36.052: [GC (Allocation Failure)  81057K->641K(422400K), 0.0005361 secs]
36.053: Total time for which application threads were stopped: 0.0006555 seconds, Stopping threads took: 0.0000190 seconds
36.107: [GC (Allocation Failure)  79489K->673K(421376K), 0.0004977 secs]
36.107: Total time for which application threads were stopped: 0.0006129 seconds, Stopping threads took: 0.0000189 seconds
36.156: [GC (Allocation Failure)  78497K->705K(420352K), 0.0004948 secs]
36.157: Total time for which application threads were stopped: 0.0006200 seconds, Stopping threads took: 0.0000211 seconds
36.205: [GC (Allocation Failure)  77505K->641K(419328K), 0.0004619 secs]
36.205: Total time for which application threads were stopped: 0.0005861 seconds, Stopping threads took: 0.0000270 seconds
36.252: [GC (Allocation Failure)  76417K->609K(418304K), 0.0005475 secs]
36.253: Total time for which application threads were stopped: 0.0006843 seconds, Stopping threads took: 0.0000187 seconds
36.303: [GC (Allocation Failure)  75361K->673K(417280K), 0.0006193 secs]
36.303: Total time for which application threads were stopped: 0.0007442 seconds, Stopping threads took: 0.0000216 seconds
36.356: [GC (Allocation Failure)  74401K->609K(416256K), 0.0005939 secs]
36.356: Total time for which application threads were stopped: 0.0007207 seconds, Stopping threads took: 0.0000265 seconds
36.407: [GC (Allocation Failure)  73313K->673K(415232K), 0.0004452 secs]
36.408: Total time for which application threads were stopped: 0.0005698 seconds, Stopping threads took: 0.0000216 seconds
36.459: [GC (Allocation Failure)  72353K->641K(414208K), 0.0004238 secs]
36.459: Total time for which application threads were stopped: 0.0005374 seconds, Stopping threads took: 0.0000248 seconds
36.510: [GC (Allocation Failure)  71297K->641K(428544K), 0.0009147 secs]
36.511: Total time for which application threads were stopped: 0.0010266 seconds, Stopping threads took: 0.0000165 seconds
36.564: [GC (Allocation Failure)  85633K->673K(445952K), 0.0005855 secs]
36.565: Total time for which application threads were stopped: 0.0007270 seconds, Stopping threads took: 0.0000269 seconds
36.629: [GC (Allocation Failure)  103073K->609K(443904K), 0.0004899 secs]
36.629: Total time for which application threads were stopped: 0.0006127 seconds, Stopping threads took: 0.0000203 seconds
36.692: [GC (Allocation Failure)  100961K->737K(441856K), 0.0005938 secs]
36.693: Total time for which application threads were stopped: 0.0007214 seconds, Stopping threads took: 0.0000276 seconds
36.754: [GC (Allocation Failure)  99041K->673K(439808K), 0.0004697 secs]
36.755: Total time for which application threads were stopped: 0.0005931 seconds, Stopping threads took: 0.0000264 seconds
36.815: [GC (Allocation Failure)  96929K->673K(437760K), 0.0005303 secs]
36.815: Total time for which application threads were stopped: 0.0006392 seconds, Stopping threads took: 0.0000191 seconds
36.881: [GC (Allocation Failure)  94881K->737K(436224K), 0.0004864 secs]
36.882: Total time for which application threads were stopped: 0.0005856 seconds, Stopping threads took: 0.0000173 seconds
36.945: [GC (Allocation Failure)  93409K->673K(434688K), 0.0004792 secs]
36.945: Total time for which application threads were stopped: 0.0006037 seconds, Stopping threads took: 0.0000188 seconds
37.003: [GC (Allocation Failure)  91809K->609K(433152K), 0.0005694 secs]
37.004: Total time for which application threads were stopped: 0.0007150 seconds, Stopping threads took: 0.0000261 seconds
37.065: [GC (Allocation Failure)  90209K->673K(431616K), 0.0005034 secs]
37.066: Total time for which application threads were stopped: 0.0006445 seconds, Stopping threads took: 0.0000289 seconds
37.120: [GC (Allocation Failure)  88737K->705K(430080K), 0.0006416 secs]
37.121: Total time for which application threads were stopped: 0.0007966 seconds, Stopping threads took: 0.0000295 seconds
37.181: [GC (Allocation Failure)  87233K->641K(428544K), 0.0005567 secs]
37.181: Total time for which application threads were stopped: 0.0007026 seconds, Stopping threads took: 0.0000222 seconds
37.240: [GC (Allocation Failure)  85633K->641K(427008K), 0.0005606 secs]
37.240: Total time for which application threads were stopped: 0.0006795 seconds, Stopping threads took: 0.0000196 seconds
37.296: [GC (Allocation Failure)  84097K->641K(425472K), 0.0005463 secs]
37.296: Total time for which application threads were stopped: 0.0006749 seconds, Stopping threads took: 0.0000200 seconds
37.351: [GC (Allocation Failure)  82561K->641K(423936K), 0.0004410 secs]
37.351: Total time for which application threads were stopped: 0.0005646 seconds, Stopping threads took: 0.0000257 seconds
37.406: [GC (Allocation Failure)  81025K->673K(422400K), 0.0004912 secs]
37.406: Total time for which application threads were stopped: 0.0006258 seconds, Stopping threads took: 0.0000284 seconds
37.456: [GC (Allocation Failure)  79521K->641K(421376K), 0.0004599 secs]
37.456: Total time for which application threads were stopped: 0.0005942 seconds, Stopping threads took: 0.0000269 seconds
37.510: [GC (Allocation Failure)  78465K->641K(420352K), 0.0005563 secs]
37.511: Total time for which application threads were stopped: 0.0006874 seconds, Stopping threads took: 0.0000209 seconds
37.565: [GC (Allocation Failure)  77441K->641K(419328K), 0.0004226 secs]
37.566: Total time for which application threads were stopped: 0.0005527 seconds, Stopping threads took: 0.0000215 seconds
37.619: [GC (Allocation Failure)  76417K->673K(418304K), 0.0004711 secs]
37.620: Total time for which application threads were stopped: 0.0005856 seconds, Stopping threads took: 0.0000187 seconds
37.667: [GC (Allocation Failure)  75425K->641K(417280K), 0.0005214 secs]
37.667: Total time for which application threads were stopped: 0.0006474 seconds, Stopping threads took: 0.0000339 seconds
37.715: [GC (Allocation Failure)  74369K->641K(416256K), 0.0004595 secs]
37.715: Total time for which application threads were stopped: 0.0005577 seconds, Stopping threads took: 0.0000172 seconds
37.760: [GC (Allocation Failure)  73345K->673K(415232K), 0.0004627 secs]
37.761: Total time for which application threads were stopped: 0.0005740 seconds, Stopping threads took: 0.0000167 seconds
37.806: [GC (Allocation Failure)  72353K->673K(414208K), 0.0005014 secs]
37.806: Total time for which application threads were stopped: 0.0006392 seconds, Stopping threads took: 0.0000284 seconds
37.850: [GC (Allocation Failure)  71329K->737K(413184K), 0.0006564 secs]
37.851: Total time for which application threads were stopped: 0.0008157 seconds, Stopping threads took: 0.0000202 seconds
37.895: [GC (Allocation Failure)  70369K->641K(427520K), 0.0006282 secs]
37.896: Total time for which application threads were stopped: 0.0007831 seconds, Stopping threads took: 0.0000218 seconds
37.955: [GC (Allocation Failure)  84609K->673K(425984K), 0.0005051 secs]
37.955: Total time for which application threads were stopped: 0.0006257 seconds, Stopping threads took: 0.0000256 seconds
38.007: [GC (Allocation Failure)  83105K->641K(424448K), 0.0005173 secs]
38.008: Total time for which application threads were stopped: 0.0006584 seconds, Stopping threads took: 0.0000303 seconds
38.058: [GC (Allocation Failure)  81537K->705K(422912K), 0.0005909 secs]
38.059: Total time for which application threads were stopped: 0.0007236 seconds, Stopping threads took: 0.0000197 seconds
38.115: [GC (Allocation Failure)  80065K->641K(421888K), 0.0004887 secs]
38.115: Total time for which application threads were stopped: 0.0006182 seconds, Stopping threads took: 0.0000213 seconds
38.169: [GC (Allocation Failure)  78977K->705K(420864K), 0.0004830 secs]
38.169: Total time for which application threads were stopped: 0.0006008 seconds, Stopping threads took: 0.0000187 seconds
38.217: [GC (Allocation Failure)  78017K->673K(436736K), 0.0008315 secs]
38.218: Total time for which application threads were stopped: 0.0009675 seconds, Stopping threads took: 0.0000277 seconds
38.276: [GC (Allocation Failure)  93857K->641K(435200K), 0.0005679 secs]
38.277: Total time for which application threads were stopped: 0.0007133 seconds, Stopping threads took: 0.0000209 seconds
38.340: [GC (Allocation Failure)  92289K->641K(433664K), 0.0006485 secs]
38.340: Total time for which application threads were stopped: 0.0007857 seconds, Stopping threads took: 0.0000299 seconds
38.396: [GC (Allocation Failure)  90753K->705K(452096K), 0.0007484 secs]
38.397: Total time for which application threads were stopped: 0.0008665 seconds, Stopping threads took: 0.0000187 seconds
38.465: [GC (Allocation Failure)  109249K->673K(450048K), 0.0004453 secs]
38.466: Total time for which application threads were stopped: 0.0005696 seconds, Stopping threads took: 0.0000258 seconds
38.536: [GC (Allocation Failure)  107169K->673K(448000K), 0.0004351 secs]
38.537: Total time for which application threads were stopped: 0.0005543 seconds, Stopping threads took: 0.0000169 seconds
38.607: [GC (Allocation Failure)  105121K->705K(445952K), 0.0004901 secs]
38.608: Total time for which application threads were stopped: 0.0006110 seconds, Stopping threads took: 0.0000197 seconds
38.679: [GC (Allocation Failure)  103105K->609K(443904K), 0.0005671 secs]
38.679: Total time for which application threads were stopped: 0.0007059 seconds, Stopping threads took: 0.0000244 seconds
38.742: [GC (Allocation Failure)  100961K->641K(441856K), 0.0005183 secs]
38.742: Total time for which application threads were stopped: 0.0006612 seconds, Stopping threads took: 0.0000210 seconds
38.807: [GC (Allocation Failure)  98945K->673K(439808K), 0.0004247 secs]
38.808: Total time for which application threads were stopped: 0.0005394 seconds, Stopping threads took: 0.0000191 seconds
38.868: [GC (Allocation Failure)  96929K->705K(437760K), 0.0005548 secs]
38.868: Total time for which application threads were stopped: 0.0006685 seconds, Stopping threads took: 0.0000180 seconds
38.930: [GC (Allocation Failure)  94913K->705K(436224K), 0.0004698 secs]
38.930: Total time for which application threads were stopped: 0.0006058 seconds, Stopping threads took: 0.0000207 seconds
38.989: [GC (Allocation Failure)  93377K->673K(434688K), 0.0004981 secs]
38.990: Total time for which application threads were stopped: 0.0006177 seconds, Stopping threads took: 0.0000259 seconds
39.047: [GC (Allocation Failure)  91809K->705K(433152K), 0.0004987 secs]
39.048: Total time for which application threads were stopped: 0.0006231 seconds, Stopping threads took: 0.0000197 seconds
39.104: [GC (Allocation Failure)  90305K->641K(431616K), 0.0006022 secs]
39.105: Total time for which application threads were stopped: 0.0007366 seconds, Stopping threads took: 0.0000190 seconds
39.160: [GC (Allocation Failure)  88705K->641K(430080K), 0.0005899 secs]
39.161: Total time for which application threads were stopped: 0.0007203 seconds, Stopping threads took: 0.0000186 seconds
39.219: [GC (Allocation Failure)  87169K->705K(428544K), 0.0005087 secs]
39.220: Total time for which application threads were stopped: 0.0006317 seconds, Stopping threads took: 0.0000210 seconds
39.278: [GC (Allocation Failure)  85697K->673K(427008K), 0.0004843 secs]
39.278: Total time for which application threads were stopped: 0.0005919 seconds, Stopping threads took: 0.0000166 seconds
39.333: [GC (Allocation Failure)  84129K->577K(425472K), 0.0005784 secs]
39.334: Total time for which application threads were stopped: 0.0006877 seconds, Stopping threads took: 0.0000170 seconds
39.391: [GC (Allocation Failure)  82497K->673K(423936K), 0.0004567 secs]
39.392: Total time for which application threads were stopped: 0.0005864 seconds, Stopping threads took: 0.0000278 seconds
39.442: [GC (Allocation Failure)  81057K->641K(422400K), 0.0005773 secs]
39.443: Total time for which application threads were stopped: 0.0007271 seconds, Stopping threads took: 0.0000215 seconds
39.493: [GC (Allocation Failure)  79489K->641K(421376K), 0.0005617 secs]
39.494: Total time for which application threads were stopped: 0.0006816 seconds, Stopping threads took: 0.0000195 seconds
39.543: [GC (Allocation Failure)  78465K->609K(420352K), 0.0004922 secs]
39.543: Total time for which application threads were stopped: 0.0006194 seconds, Stopping threads took: 0.0000212 seconds
39.597: [GC (Allocation Failure)  77409K->705K(419328K), 0.0004990 secs]
39.598: Total time for which application threads were stopped: 0.0006435 seconds, Stopping threads took: 0.0000216 seconds
39.649: [GC (Allocation Failure)  76481K->641K(418304K), 0.0004957 secs]
39.649: Total time for which application threads were stopped: 0.0006397 seconds, Stopping threads took: 0.0000226 seconds
39.697: [GC (Allocation Failure)  75393K->737K(417280K), 0.0004978 secs]
39.697: Total time for which application threads were stopped: 0.0006065 seconds, Stopping threads took: 0.0000167 seconds
39.748: [GC (Allocation Failure)  74465K->673K(416256K), 0.0004697 secs]
39.749: Total time for which application threads were stopped: 0.0005858 seconds, Stopping threads took: 0.0000195 seconds
39.799: [GC (Allocation Failure)  73377K->641K(415232K), 0.0005048 secs]
39.800: Total time for which application threads were stopped: 0.0006132 seconds, Stopping threads took: 0.0000192 seconds
39.851: [GC (Allocation Failure)  72321K->673K(414208K), 0.0005683 secs]
39.851: Total time for which application threads were stopped: 0.0006785 seconds, Stopping threads took: 0.0000168 seconds
39.896: [GC (Allocation Failure)  71329K->673K(413184K), 0.0004855 secs]
39.896: Total time for which application threads were stopped: 0.0006045 seconds, Stopping threads took: 0.0000192 seconds
39.940: [GC (Allocation Failure)  70305K->673K(412160K), 0.0005053 secs]
39.940: Total time for which application threads were stopped: 0.0006308 seconds, Stopping threads took: 0.0000217 seconds
39.983: [GC (Allocation Failure)  69281K->673K(411136K), 0.0006167 secs]
39.984: Total time for which application threads were stopped: 0.0007480 seconds, Stopping threads took: 0.0000271 seconds
40.030: [GC (Allocation Failure)  68257K->673K(410112K), 0.0004437 secs]
40.030: Total time for which application threads were stopped: 0.0005635 seconds, Stopping threads took: 0.0000194 seconds
40.072: [GC (Allocation Failure)  67233K->673K(409088K), 0.0005092 secs]
40.072: Total time for which application threads were stopped: 0.0006416 seconds, Stopping threads took: 0.0000278 seconds
40.113: [GC (Allocation Failure)  66209K->641K(408064K), 0.0005279 secs]
40.114: Total time for which application threads were stopped: 0.0006594 seconds, Stopping threads took: 0.0000202 seconds
40.158: [GC (Allocation Failure)  65153K->673K(407040K), 0.0004768 secs]
40.159: Total time for which application threads were stopped: 0.0005996 seconds, Stopping threads took: 0.0000199 seconds
40.199: [GC (Allocation Failure)  64161K->609K(419840K), 0.0006685 secs]
40.199: Total time for which application threads were stopped: 0.0008111 seconds, Stopping threads took: 0.0000294 seconds
40.253: [GC (Allocation Failure)  76897K->673K(435200K), 0.0005320 secs]
40.254: Total time for which application threads were stopped: 0.0006628 seconds, Stopping threads took: 0.0000294 seconds
40.315: [GC (Allocation Failure)  92321K->641K(433664K), 0.0005325 secs]
40.315: Total time for which application threads were stopped: 0.0006433 seconds, Stopping threads took: 0.0000170 seconds
40.378: [GC (Allocation Failure)  90753K->673K(432128K), 0.0005035 secs]
40.378: Total time for which application threads were stopped: 0.0006193 seconds, Stopping threads took: 0.0000191 seconds
40.440: [GC (Allocation Failure)  89249K->641K(430592K), 0.0004615 secs]
40.440: Total time for which application threads were stopped: 0.0005706 seconds, Stopping threads took: 0.0000167 seconds
40.496: [GC (Allocation Failure)  87681K->673K(429056K), 0.0004302 secs]
40.497: Total time for which application threads were stopped: 0.0005496 seconds, Stopping threads took: 0.0000190 seconds
40.550: [GC (Allocation Failure)  86177K->641K(427520K), 0.0004845 secs]
40.551: Total time for which application threads were stopped: 0.0006109 seconds, Stopping threads took: 0.0000271 seconds
40.610: [GC (Allocation Failure)  84609K->673K(425984K), 0.0005057 secs]
40.610: Total time for which application threads were stopped: 0.0006375 seconds, Stopping threads took: 0.0000206 seconds
40.662: [GC (Allocation Failure)  83105K->641K(442880K), 0.0011174 secs]
40.663: Total time for which application threads were stopped: 0.0012389 seconds, Stopping threads took: 0.0000257 seconds
40.728: [GC (Allocation Failure)  99969K->609K(462848K), 0.0007742 secs]
40.729: Total time for which application threads were stopped: 0.0009085 seconds, Stopping threads took: 0.0000190 seconds
40.803: [GC (Allocation Failure)  119905K->705K(460288K), 0.0005677 secs]
40.803: Total time for which application threads were stopped: 0.0006979 seconds, Stopping threads took: 0.0000273 seconds
40.876: [GC (Allocation Failure)  117441K->641K(457728K), 0.0006051 secs]
40.877: Total time for which application threads were stopped: 0.0007438 seconds, Stopping threads took: 0.0000267 seconds
40.953: [GC (Allocation Failure)  114817K->641K(455168K), 0.0004630 secs]
40.953: Total time for which application threads were stopped: 0.0005910 seconds, Stopping threads took: 0.0000281 seconds
41.028: [GC (Allocation Failure)  112257K->673K(452608K), 0.0004590 secs]
41.028: Total time for which application threads were stopped: 0.0005906 seconds, Stopping threads took: 0.0000264 seconds
41.103: [GC (Allocation Failure)  109729K->641K(450560K), 0.0005345 secs]
41.103: Total time for which application threads were stopped: 0.0007098 seconds, Stopping threads took: 0.0000453 seconds
41.170: [GC (Allocation Failure)  107649K->609K(448512K), 0.0005520 secs]
41.170: Total time for which application threads were stopped: 0.0006934 seconds, Stopping threads took: 0.0000303 seconds
41.235: [GC (Allocation Failure)  105569K->705K(446464K), 0.0005950 secs]
41.236: Total time for which application threads were stopped: 0.0007233 seconds, Stopping threads took: 0.0000191 seconds
41.304: [GC (Allocation Failure)  103617K->673K(444416K), 0.0006595 secs]
41.305: Total time for which application threads were stopped: 0.0007899 seconds, Stopping threads took: 0.0000282 seconds
41.373: [GC (Allocation Failure)  101537K->609K(442368K), 0.0006680 secs]
41.374: Total time for which application threads were stopped: 0.0007911 seconds, Stopping threads took: 0.0000192 seconds
41.436: [GC (Allocation Failure)  99425K->673K(440320K), 0.0004294 secs]
41.436: Total time for which application threads were stopped: 0.0005456 seconds, Stopping threads took: 0.0000184 seconds
41.498: [GC (Allocation Failure)  97441K->641K(438272K), 0.0004226 secs]
41.498: Total time for which application threads were stopped: 0.0005448 seconds, Stopping threads took: 0.0000188 seconds
41.558: [GC (Allocation Failure)  95361K->673K(436736K), 0.0004793 secs]
41.559: Total time for which application threads were stopped: 0.0006184 seconds, Stopping threads took: 0.0000196 seconds
41.623: [GC (Allocation Failure)  93857K->641K(435200K), 0.0004586 secs]
41.623: Total time for which application threads were stopped: 0.0005847 seconds, Stopping threads took: 0.0000213 seconds
41.687: [GC (Allocation Failure)  92289K->609K(433664K), 0.0004375 secs]
41.688: Total time for which application threads were stopped: 0.0005645 seconds, Stopping threads took: 0.0000276 seconds
41.744: [GC (Allocation Failure)  90721K->641K(432128K), 0.0005077 secs]
41.745: Total time for which application threads were stopped: 0.0006345 seconds, Stopping threads took: 0.0000273 seconds
41.800: [GC (Allocation Failure)  89217K->641K(430592K), 0.0005371 secs]
41.800: Total time for which application threads were stopped: 0.0006705 seconds, Stopping threads took: 0.0000198 seconds
41.855: [GC (Allocation Failure)  87681K->705K(429056K), 0.0004940 secs]
41.855: Total time for which application threads were stopped: 0.0006226 seconds, Stopping threads took: 0.0000207 seconds
41.908: [GC (Allocation Failure)  86209K->641K(427520K), 0.0005051 secs]
41.909: Total time for which application threads were stopped: 0.0006295 seconds, Stopping threads took: 0.0000187 seconds
41.962: [GC (Allocation Failure)  84609K->673K(425984K), 0.0005176 secs]
41.962: Total time for which application threads were stopped: 0.0006509 seconds, Stopping threads took: 0.0000276 seconds
42.014: [GC (Allocation Failure)  83105K->737K(424448K), 0.0005047 secs]
42.014: Total time for which application threads were stopped: 0.0006370 seconds, Stopping threads took: 0.0000192 seconds
42.072: [GC (Allocation Failure)  81633K->641K(422912K), 0.0005657 secs]
42.072: Total time for which application threads were stopped: 0.0006954 seconds, Stopping threads took: 0.0000205 seconds
42.127: [GC (Allocation Failure)  80001K->673K(421888K), 0.0005909 secs]
42.127: Total time for which application threads were stopped: 0.0007178 seconds, Stopping threads took: 0.0000266 seconds
42.182: [GC (Allocation Failure)  79009K->673K(420864K), 0.0006858 secs]
42.183: Total time for which application threads were stopped: 0.0008055 seconds, Stopping threads took: 0.0000200 seconds
42.231: [GC (Allocation Failure)  77985K->705K(419840K), 0.0004738 secs]
42.232: Total time for which application threads were stopped: 0.0005980 seconds, Stopping threads took: 0.0000207 seconds
42.279: [GC (Allocation Failure)  76993K->641K(418816K), 0.0005978 secs]
42.280: Total time for which application threads were stopped: 0.0007128 seconds, Stopping threads took: 0.0000268 seconds
42.334: [GC (Allocation Failure)  75905K->641K(417792K), 0.0004168 secs]
42.334: Total time for which application threads were stopped: 0.0005247 seconds, Stopping threads took: 0.0000175 seconds
42.381: [GC (Allocation Failure)  74881K->641K(416768K), 0.0004914 secs]
42.381: Total time for which application threads were stopped: 0.0006012 seconds, Stopping threads took: 0.0000165 seconds
42.427: [GC (Allocation Failure)  73857K->641K(415744K), 0.0004401 secs]
42.427: Total time for which application threads were stopped: 0.0005646 seconds, Stopping threads took: 0.0000276 seconds
42.478: [GC (Allocation Failure)  72833K->673K(414720K), 0.0004687 secs]
42.479: Total time for which application threads were stopped: 0.0006079 seconds, Stopping threads took: 0.0000188 seconds
42.530: [GC (Allocation Failure)  71841K->641K(413696K), 0.0005362 secs]
42.530: Total time for which application threads were stopped: 0.0006890 seconds, Stopping threads took: 0.0000294 seconds
42.574: [GC (Allocation Failure)  70785K->673K(412672K), 0.0005042 secs]
42.575: Total time for which application threads were stopped: 0.0006591 seconds, Stopping threads took: 0.0000291 seconds
42.618: [GC (Allocation Failure)  69793K->641K(411648K), 0.0006715 secs]
42.619: Total time for which application threads were stopped: 0.0008110 seconds, Stopping threads took: 0.0000293 seconds
42.661: [GC (Allocation Failure)  68737K->641K(410624K), 0.0004058 secs]
42.662: Total time for which application threads were stopped: 0.0005296 seconds, Stopping threads took: 0.0000255 seconds
42.704: [GC (Allocation Failure)  67713K->705K(409600K), 0.0005492 secs]
42.705: Total time for which application threads were stopped: 0.0006773 seconds, Stopping threads took: 0.0000285 seconds
42.750: [GC (Allocation Failure)  66753K->705K(408576K), 0.0005393 secs]
42.751: Total time for which application threads were stopped: 0.0006474 seconds, Stopping threads took: 0.0000163 seconds
42.791: [GC (Allocation Failure)  65729K->641K(407552K), 0.0003947 secs]
42.792: Total time for which application threads were stopped: 0.0005021 seconds, Stopping threads took: 0.0000163 seconds
42.832: [GC (Allocation Failure)  64641K->705K(406528K), 0.0004984 secs]
42.832: Total time for which application threads were stopped: 0.0006091 seconds, Stopping threads took: 0.0000172 seconds
42.872: [GC (Allocation Failure)  63681K->641K(405504K), 0.0004842 secs]
42.872: Total time for which application threads were stopped: 0.0006120 seconds, Stopping threads took: 0.0000276 seconds
42.916: [GC (Allocation Failure)  62593K->641K(418304K), 0.0006050 secs]
42.917: Total time for which application threads were stopped: 0.0007241 seconds, Stopping threads took: 0.0000202 seconds
42.970: [GC (Allocation Failure)  75393K->641K(417280K), 0.0004274 secs]
42.970: Total time for which application threads were stopped: 0.0005589 seconds, Stopping threads took: 0.0000272 seconds
43.017: [GC (Allocation Failure)  74369K->673K(432128K), 0.0006942 secs]
43.017: Total time for which application threads were stopped: 0.0008217 seconds, Stopping threads took: 0.0000194 seconds
43.073: [GC (Allocation Failure)  89249K->673K(430592K), 0.0005066 secs]
43.073: Total time for which application threads were stopped: 0.0006367 seconds, Stopping threads took: 0.0000278 seconds
43.128: [GC (Allocation Failure)  87713K->641K(429056K), 0.0005262 secs]
43.128: Total time for which application threads were stopped: 0.0006689 seconds, Stopping threads took: 0.0000211 seconds
43.187: [GC (Allocation Failure)  86145K->641K(427520K), 0.0004682 secs]
43.188: Total time for which application threads were stopped: 0.0005770 seconds, Stopping threads took: 0.0000165 seconds
43.240: [GC (Allocation Failure)  84609K->641K(425984K), 0.0004739 secs]
43.241: Total time for which application threads were stopped: 0.0005895 seconds, Stopping threads took: 0.0000194 seconds
43.295: [GC (Allocation Failure)  83073K->673K(424448K), 0.0006661 secs]
43.296: Total time for which application threads were stopped: 0.0007838 seconds, Stopping threads took: 0.0000192 seconds
43.352: [GC (Allocation Failure)  81569K->673K(422912K), 0.0006144 secs]
43.353: Total time for which application threads were stopped: 0.0007568 seconds, Stopping threads took: 0.0000273 seconds
43.403: [GC (Allocation Failure)  80033K->705K(421888K), 0.0004606 secs]
43.403: Total time for which application threads were stopped: 0.0005890 seconds, Stopping threads took: 0.0000277 seconds
43.452: [GC (Allocation Failure)  79041K->673K(420864K), 0.0005914 secs]
43.453: Total time for which application threads were stopped: 0.0007324 seconds, Stopping threads took: 0.0000285 seconds
43.507: [GC (Allocation Failure)  77985K->641K(419840K), 0.0005228 secs]
43.507: Total time for which application threads were stopped: 0.0006526 seconds, Stopping threads took: 0.0000215 seconds
43.555: [GC (Allocation Failure)  76929K->673K(418816K), 0.0004565 secs]
43.555: Total time for which application threads were stopped: 0.0005768 seconds, Stopping threads took: 0.0000195 seconds
43.602: [GC (Allocation Failure)  75937K->641K(417792K), 0.0004920 secs]
43.603: Total time for which application threads were stopped: 0.0006217 seconds, Stopping threads took: 0.0000274 seconds
43.649: [GC (Allocation Failure)  74881K->609K(416768K), 0.0005720 secs]
43.650: Total time for which application threads were stopped: 0.0006973 seconds, Stopping threads took: 0.0000245 seconds
43.697: [GC (Allocation Failure)  73825K->673K(415744K), 0.0004752 secs]
43.697: Total time for which application threads were stopped: 0.0005926 seconds, Stopping threads took: 0.0000194 seconds
43.742: [GC (Allocation Failure)  72865K->641K(414720K), 0.0005749 secs]
43.743: Total time for which application threads were stopped: 0.0007049 seconds, Stopping threads took: 0.0000184 seconds
43.793: [GC (Allocation Failure)  71809K->641K(413696K), 0.0006203 secs]
43.794: Total time for which application threads were stopped: 0.0007565 seconds, Stopping threads took: 0.0000219 seconds
43.843: [GC (Allocation Failure)  70785K->641K(412672K), 0.0004734 secs]
43.843: Total time for which application threads were stopped: 0.0006119 seconds, Stopping threads took: 0.0000297 seconds
43.893: [GC (Allocation Failure)  69761K->641K(411648K), 0.0004879 secs]
43.893: Total time for which application threads were stopped: 0.0005982 seconds, Stopping threads took: 0.0000163 seconds
43.936: [GC (Allocation Failure)  68737K->641K(410624K), 0.0005022 secs]
43.937: Total time for which application threads were stopped: 0.0006336 seconds, Stopping threads took: 0.0000281 seconds
43.982: [GC (Allocation Failure)  67713K->705K(409600K), 0.0005044 secs]
43.982: Total time for which application threads were stopped: 0.0006418 seconds, Stopping threads took: 0.0000258 seconds
44.028: [GC (Allocation Failure)  66753K->673K(408576K), 0.0005453 secs]
44.028: Total time for which application threads were stopped: 0.0006878 seconds, Stopping threads took: 0.0000276 seconds
44.069: [GC (Allocation Failure)  65697K->673K(421888K), 0.0006481 secs]
44.070: Total time for which application threads were stopped: 0.0007897 seconds, Stopping threads took: 0.0000210 seconds
44.122: [GC (Allocation Failure)  79009K->705K(420864K), 0.0005128 secs]
44.122: Total time for which application threads were stopped: 0.0006697 seconds, Stopping threads took: 0.0000301 seconds
44.171: [GC (Allocation Failure)  78017K->609K(436736K), 0.0007082 secs]
44.172: Total time for which application threads were stopped: 0.0008506 seconds, Stopping threads took: 0.0000213 seconds
44.230: [GC (Allocation Failure)  93793K->641K(435200K), 0.0005099 secs]
44.231: Total time for which application threads were stopped: 0.0006383 seconds, Stopping threads took: 0.0000275 seconds
44.292: [GC (Allocation Failure)  92289K->641K(433664K), 0.0004836 secs]
44.293: Total time for which application threads were stopped: 0.0006364 seconds, Stopping threads took: 0.0000293 seconds
44.353: [GC (Allocation Failure)  90753K->641K(432128K), 0.0005586 secs]
44.353: Total time for which application threads were stopped: 0.0006828 seconds, Stopping threads took: 0.0000268 seconds
44.409: [GC (Allocation Failure)  89217K->641K(430592K), 0.0005001 secs]
44.409: Total time for which application threads were stopped: 0.0006314 seconds, Stopping threads took: 0.0000195 seconds
44.464: [GC (Allocation Failure)  87681K->641K(429056K), 0.0003770 secs]
44.464: Total time for which application threads were stopped: 0.0004913 seconds, Stopping threads took: 0.0000188 seconds
44.518: [GC (Allocation Failure)  86145K->641K(427520K), 0.0004539 secs]
44.518: Total time for which application threads were stopped: 0.0005767 seconds, Stopping threads took: 0.0000190 seconds
44.571: [GC (Allocation Failure)  84609K->641K(425984K), 0.0005709 secs]
44.571: Total time for which application threads were stopped: 0.0007467 seconds, Stopping threads took: 0.0000287 seconds
44.623: [GC (Allocation Failure)  83073K->705K(424448K), 0.0006381 secs]
44.623: Total time for which application threads were stopped: 0.0007847 seconds, Stopping threads took: 0.0000213 seconds
44.675: [GC (Allocation Failure)  81601K->641K(422912K), 0.0004376 secs]
44.675: Total time for which application threads were stopped: 0.0005801 seconds, Stopping threads took: 0.0000188 seconds
44.728: [GC (Allocation Failure)  80001K->609K(421888K), 0.0004921 secs]
44.729: Total time for which application threads were stopped: 0.0005985 seconds, Stopping threads took: 0.0000167 seconds
44.778: [GC (Allocation Failure)  78945K->641K(420864K), 0.0005117 secs]
44.778: Total time for which application threads were stopped: 0.0006369 seconds, Stopping threads took: 0.0000195 seconds
44.827: [GC (Allocation Failure)  77953K->673K(419840K), 0.0005115 secs]
44.827: Total time for which application threads were stopped: 0.0006467 seconds, Stopping threads took: 0.0000199 seconds
44.875: [GC (Allocation Failure)  76961K->673K(418816K), 0.0006132 secs]
44.876: Total time for which application threads were stopped: 0.0007413 seconds, Stopping threads took: 0.0000202 seconds
44.929: [GC (Allocation Failure)  75937K->641K(417792K), 0.0004773 secs]
44.929: Total time for which application threads were stopped: 0.0006101 seconds, Stopping threads took: 0.0000198 seconds
44.976: [GC (Allocation Failure)  74881K->705K(416768K), 0.0005438 secs]
44.976: Total time for which application threads were stopped: 0.0006789 seconds, Stopping threads took: 0.0000209 seconds
45.022: [GC (Allocation Failure)  73921K->673K(415744K), 0.0004723 secs]
45.023: Total time for which application threads were stopped: 0.0006130 seconds, Stopping threads took: 0.0000205 seconds
45.074: [GC (Allocation Failure)  72865K->641K(414720K), 0.0004265 secs]
45.075: Total time for which application threads were stopped: 0.0005502 seconds, Stopping threads took: 0.0000276 seconds
45.119: [GC (Allocation Failure)  71809K->641K(413696K), 0.0005290 secs]
45.120: Total time for which application threads were stopped: 0.0006492 seconds, Stopping threads took: 0.0000191 seconds
45.164: [GC (Allocation Failure)  70785K->641K(412672K), 0.0004771 secs]
45.165: Total time for which application threads were stopped: 0.0005931 seconds, Stopping threads took: 0.0000197 seconds
45.214: [GC (Allocation Failure)  69761K->641K(411648K), 0.0005087 secs]
45.215: Total time for which application threads were stopped: 0.0006355 seconds, Stopping threads took: 0.0000189 seconds
45.264: [GC (Allocation Failure)  68737K->737K(410624K), 0.0004967 secs]
45.265: Total time for which application threads were stopped: 0.0006128 seconds, Stopping threads took: 0.0000196 seconds
45.312: [GC (Allocation Failure)  67809K->641K(409600K), 0.0004867 secs]
45.312: Total time for which application threads were stopped: 0.0005912 seconds, Stopping threads took: 0.0000166 seconds
45.359: [GC (Allocation Failure)  66689K->705K(408576K), 0.0004180 secs]
45.360: Total time for which application threads were stopped: 0.0005240 seconds, Stopping threads took: 0.0000166 seconds
45.406: [GC (Allocation Failure)  65729K->673K(407552K), 0.0004625 secs]
45.406: Total time for which application threads were stopped: 0.0005908 seconds, Stopping threads took: 0.0000277 seconds
45.447: [GC (Allocation Failure)  64673K->641K(406528K), 0.0004779 secs]
45.447: Total time for which application threads were stopped: 0.0006046 seconds, Stopping threads took: 0.0000186 seconds
45.491: [GC (Allocation Failure)  63617K->705K(405504K), 0.0005232 secs]
45.492: Total time for which application threads were stopped: 0.0006509 seconds, Stopping threads took: 0.0000254 seconds
45.530: [GC (Allocation Failure)  62657K->673K(404992K), 0.0004631 secs]
45.531: Total time for which application threads were stopped: 0.0005801 seconds, Stopping threads took: 0.0000191 seconds
45.570: [GC (Allocation Failure)  62113K->641K(404480K), 0.0004744 secs]
45.570: Total time for which application threads were stopped: 0.0006258 seconds, Stopping threads took: 0.0000269 seconds
45.608: [GC (Allocation Failure)  61569K->641K(416768K), 0.0005145 secs]
45.609: Total time for which application threads were stopped: 0.0006310 seconds, Stopping threads took: 0.0000186 seconds
45.654: [GC (Allocation Failure)  73857K->641K(431616K), 0.0005542 secs]
45.655: Total time for which application threads were stopped: 0.0006788 seconds, Stopping threads took: 0.0000239 seconds
45.711: [GC (Allocation Failure)  88705K->641K(430080K), 0.0004719 secs]
45.712: Total time for which application threads were stopped: 0.0005861 seconds, Stopping threads took: 0.0000178 seconds
45.765: [GC (Allocation Failure)  87169K->609K(428544K), 0.0005647 secs]
45.766: Total time for which application threads were stopped: 0.0006969 seconds, Stopping threads took: 0.0000207 seconds
45.823: [GC (Allocation Failure)  85601K->641K(427008K), 0.0004625 secs]
45.824: Total time for which application threads were stopped: 0.0005843 seconds, Stopping threads took: 0.0000164 seconds
45.876: [GC (Allocation Failure)  84097K->673K(425472K), 0.0004159 secs]
45.877: Total time for which application threads were stopped: 0.0005625 seconds, Stopping threads took: 0.0000194 seconds
45.934: [GC (Allocation Failure)  82593K->673K(423936K), 0.0004607 secs]
45.935: Total time for which application threads were stopped: 0.0005806 seconds, Stopping threads took: 0.0000193 seconds
45.989: [GC (Allocation Failure)  81057K->641K(422400K), 0.0005227 secs]
45.990: Total time for which application threads were stopped: 0.0006306 seconds, Stopping threads took: 0.0000169 seconds
46.039: [GC (Allocation Failure)  79489K->641K(421376K), 0.0005093 secs]
46.040: Total time for which application threads were stopped: 0.0006338 seconds, Stopping threads took: 0.0000258 seconds
46.095: [GC (Allocation Failure)  78465K->673K(420352K), 0.0005365 secs]
46.095: Total time for which application threads were stopped: 0.0006830 seconds, Stopping threads took: 0.0000367 seconds
46.144: [GC (Allocation Failure)  77473K->641K(419328K), 0.0005365 secs]
46.144: Total time for which application threads were stopped: 0.0006832 seconds, Stopping threads took: 0.0000212 seconds
46.196: [GC (Allocation Failure)  76417K->705K(418304K), 0.0005109 secs]
46.196: Total time for which application threads were stopped: 0.0006322 seconds, Stopping threads took: 0.0000189 seconds
46.243: [GC (Allocation Failure)  75457K->641K(417280K), 0.0004909 secs]
46.244: Total time for which application threads were stopped: 0.0006226 seconds, Stopping threads took: 0.0000199 seconds
46.290: [GC (Allocation Failure)  74369K->673K(416256K), 0.0004457 secs]
46.290: Total time for which application threads were stopped: 0.0005687 seconds, Stopping threads took: 0.0000209 seconds
46.342: [GC (Allocation Failure)  73377K->641K(415232K), 0.0004796 secs]
46.343: Total time for which application threads were stopped: 0.0006036 seconds, Stopping threads took: 0.0000193 seconds
46.394: [GC (Allocation Failure)  72321K->673K(414208K), 0.0006342 secs]
46.394: Total time for which application threads were stopped: 0.0007592 seconds, Stopping threads took: 0.0000192 seconds
46.438: [GC (Allocation Failure)  71329K->641K(413184K), 0.0005021 secs]
46.439: Total time for which application threads were stopped: 0.0006360 seconds, Stopping threads took: 0.0000216 seconds
46.483: [GC (Allocation Failure)  70273K->609K(412160K), 0.0004679 secs]
46.483: Total time for which application threads were stopped: 0.0005976 seconds, Stopping threads took: 0.0000217 seconds
46.530: [GC (Allocation Failure)  69217K->673K(411136K), 0.0004879 secs]
46.531: Total time for which application threads were stopped: 0.0006539 seconds, Stopping threads took: 0.0000194 seconds
46.576: [GC (Allocation Failure)  68257K->641K(410112K), 0.0005631 secs]
46.577: Total time for which application threads were stopped: 0.0006808 seconds, Stopping threads took: 0.0000199 seconds
46.619: [GC (Allocation Failure)  67201K->641K(409088K), 0.0004582 secs]
46.619: Total time for which application threads were stopped: 0.0005756 seconds, Stopping threads took: 0.0000190 seconds
46.664: [GC (Allocation Failure)  66177K->641K(422400K), 0.0006726 secs]
46.664: Total time for which application threads were stopped: 0.0007821 seconds, Stopping threads took: 0.0000192 seconds
46.719: [GC (Allocation Failure)  79489K->705K(421376K), 0.0005677 secs]
46.720: Total time for which application threads were stopped: 0.0006911 seconds, Stopping threads took: 0.0000189 seconds
46.768: [GC (Allocation Failure)  78529K->673K(420352K), 0.0004791 secs]
46.769: Total time for which application threads were stopped: 0.0006158 seconds, Stopping threads took: 0.0000215 seconds
46.817: [GC (Allocation Failure)  77473K->609K(419328K), 0.0005273 secs]
46.817: Total time for which application threads were stopped: 0.0006666 seconds, Stopping threads took: 0.0000194 seconds
46.870: [GC (Allocation Failure)  76385K->673K(418304K), 0.0005101 secs]
46.871: Total time for which application threads were stopped: 0.0006971 seconds, Stopping threads took: 0.0000225 seconds
46.923: [GC (Allocation Failure)  75425K->673K(417280K), 0.0005773 secs]
46.923: Total time for which application threads were stopped: 0.0007184 seconds, Stopping threads took: 0.0000220 seconds
46.970: [GC (Allocation Failure)  74401K->641K(416256K), 0.0003843 secs]
46.970: Total time for which application threads were stopped: 0.0005129 seconds, Stopping threads took: 0.0000268 seconds
47.016: [GC (Allocation Failure)  73345K->673K(415232K), 0.0004345 secs]
47.016: Total time for which application threads were stopped: 0.0005495 seconds, Stopping threads took: 0.0000249 seconds
47.067: [GC (Allocation Failure)  72353K->673K(414208K), 0.0005613 secs]
47.068: Total time for which application threads were stopped: 0.0006895 seconds, Stopping threads took: 0.0000270 seconds
47.112: [GC (Allocation Failure)  71329K->705K(413184K), 0.0006243 secs]
47.112: Total time for which application threads were stopped: 0.0007552 seconds, Stopping threads took: 0.0000181 seconds
47.162: [GC (Allocation Failure)  70337K->641K(412160K), 0.0004883 secs]
47.162: Total time for which application threads were stopped: 0.0006131 seconds, Stopping threads took: 0.0000215 seconds
47.208: [GC (Allocation Failure)  69249K->641K(411136K), 0.0005192 secs]
47.209: Total time for which application threads were stopped: 0.0006395 seconds, Stopping threads took: 0.0000193 seconds
47.254: [GC (Allocation Failure)  68225K->673K(410112K), 0.0004925 secs]
47.254: Total time for which application threads were stopped: 0.0006149 seconds, Stopping threads took: 0.0000265 seconds
47.296: [GC (Allocation Failure)  67233K->641K(409088K), 0.0004447 secs]
47.296: Total time for which application threads were stopped: 0.0005517 seconds, Stopping threads took: 0.0000163 seconds
47.337: [GC (Allocation Failure)  66177K->641K(408064K), 0.0004172 secs]
47.338: Total time for which application threads were stopped: 0.0005235 seconds, Stopping threads took: 0.0000162 seconds
47.384: [GC (Allocation Failure)  65153K->641K(407040K), 0.0003877 secs]
47.384: Total time for which application threads were stopped: 0.0005133 seconds, Stopping threads took: 0.0000257 seconds
47.427: [GC (Allocation Failure)  64129K->641K(406016K), 0.0003990 secs]
47.427: Total time for which application threads were stopped: 0.0005116 seconds, Stopping threads took: 0.0000161 seconds
47.470: [GC (Allocation Failure)  63105K->673K(405504K), 0.0004571 secs]
47.470: Total time for which application threads were stopped: 0.0005818 seconds, Stopping threads took: 0.0000204 seconds
47.509: [GC (Allocation Failure)  62625K->705K(404992K), 0.0004845 secs]
47.510: Total time for which application threads were stopped: 0.0006028 seconds, Stopping threads took: 0.0000193 seconds
47.548: [GC (Allocation Failure)  62145K->641K(404480K), 0.0004981 secs]
47.549: Total time for which application threads were stopped: 0.0006168 seconds, Stopping threads took: 0.0000192 seconds
47.587: [GC (Allocation Failure)  61569K->641K(403968K), 0.0005085 secs]
47.588: Total time for which application threads were stopped: 0.0006277 seconds, Stopping threads took: 0.0000196 seconds
47.631: [GC (Allocation Failure)  61057K->705K(403456K), 0.0004570 secs]
47.632: Total time for which application threads were stopped: 0.0005843 seconds, Stopping threads took: 0.0000191 seconds
47.669: [GC (Allocation Failure)  60609K->673K(402944K), 0.0005008 secs]
47.670: Total time for which application threads were stopped: 0.0006532 seconds, Stopping threads took: 0.0000265 seconds
47.711: [GC (Allocation Failure)  60065K->673K(402432K), 0.0004637 secs]
47.711: Total time for which application threads were stopped: 0.0005833 seconds, Stopping threads took: 0.0000195 seconds
47.748: [GC (Allocation Failure)  59553K->641K(414208K), 0.0006311 secs]
47.749: Total time for which application threads were stopped: 0.0007726 seconds, Stopping threads took: 0.0000205 seconds
47.799: [GC (Allocation Failure)  71297K->705K(428544K), 0.0006455 secs]
47.799: Total time for which application threads were stopped: 0.0007953 seconds, Stopping threads took: 0.0000215 seconds
47.857: [GC (Allocation Failure)  85697K->673K(427008K), 0.0004533 secs]
47.858: Total time for which application threads were stopped: 0.0005726 seconds, Stopping threads took: 0.0000189 seconds
47.910: [GC (Allocation Failure)  84129K->641K(425472K), 0.0004735 secs]
47.910: Total time for which application threads were stopped: 0.0005997 seconds, Stopping threads took: 0.0000208 seconds
47.968: [GC (Allocation Failure)  82561K->673K(423936K), 0.0005243 secs]
47.969: Total time for which application threads were stopped: 0.0006526 seconds, Stopping threads took: 0.0000258 seconds
48.020: [GC (Allocation Failure)  81057K->609K(422400K), 0.0003983 secs]
48.021: Total time for which application threads were stopped: 0.0005270 seconds, Stopping threads took: 0.0000273 seconds
48.070: [GC (Allocation Failure)  79457K->641K(421376K), 0.0005350 secs]
48.071: Total time for which application threads were stopped: 0.0006759 seconds, Stopping threads took: 0.0000273 seconds
48.119: [GC (Allocation Failure)  78465K->673K(420352K), 0.0004542 secs]
48.120: Total time for which application threads were stopped: 0.0005743 seconds, Stopping threads took: 0.0000193 seconds
48.168: [GC (Allocation Failure)  77473K->641K(419328K), 0.0004907 secs]
48.168: Total time for which application threads were stopped: 0.0006104 seconds, Stopping threads took: 0.0000193 seconds
48.216: [GC (Allocation Failure)  76417K->609K(418304K), 0.0006202 secs]
48.216: Total time for which application threads were stopped: 0.0007520 seconds, Stopping threads took: 0.0000184 seconds
48.263: [GC (Allocation Failure)  75361K->705K(417280K), 0.0004974 secs]
48.264: Total time for which application threads were stopped: 0.0006508 seconds, Stopping threads took: 0.0000278 seconds
48.309: [GC (Allocation Failure)  74433K->673K(416256K), 0.0005852 secs]
48.310: Total time for which application threads were stopped: 0.0007011 seconds, Stopping threads took: 0.0000191 seconds
48.355: [GC (Allocation Failure)  73377K->673K(415232K), 0.0004657 secs]
48.356: Total time for which application threads were stopped: 0.0005827 seconds, Stopping threads took: 0.0000188 seconds
48.401: [GC (Allocation Failure)  72353K->673K(414208K), 0.0004573 secs]
48.401: Total time for which application threads were stopped: 0.0005813 seconds, Stopping threads took: 0.0000274 seconds
48.445: [GC (Allocation Failure)  71329K->673K(413184K), 0.0004797 secs]
48.446: Total time for which application threads were stopped: 0.0006097 seconds, Stopping threads took: 0.0000190 seconds
48.490: [GC (Allocation Failure)  70305K->641K(412160K), 0.0004123 secs]
48.491: Total time for which application threads were stopped: 0.0005414 seconds, Stopping threads took: 0.0000198 seconds
48.534: [GC (Allocation Failure)  69249K->673K(411136K), 0.0004783 secs]
48.534: Total time for which application threads were stopped: 0.0005980 seconds, Stopping threads took: 0.0000186 seconds
48.576: [GC (Allocation Failure)  68257K->641K(410112K), 0.0006650 secs]
48.577: Total time for which application threads were stopped: 0.0008001 seconds, Stopping threads took: 0.0000193 seconds
48.623: [GC (Allocation Failure)  67201K->705K(409088K), 0.0005102 secs]
48.623: Total time for which application threads were stopped: 0.0006462 seconds, Stopping threads took: 0.0000213 seconds
48.665: [GC (Allocation Failure)  66241K->705K(408064K), 0.0005009 secs]
48.665: Total time for which application threads were stopped: 0.0006371 seconds, Stopping threads took: 0.0000192 seconds
48.707: [GC (Allocation Failure)  65217K->641K(407040K), 0.0004941 secs]
48.708: Total time for which application threads were stopped: 0.0006242 seconds, Stopping threads took: 0.0000197 seconds
48.748: [GC (Allocation Failure)  64129K->609K(419840K), 0.0006278 secs]
48.748: Total time for which application threads were stopped: 0.0007531 seconds, Stopping threads took: 0.0000199 seconds
48.800: [GC (Allocation Failure)  76897K->673K(435200K), 0.0004882 secs]
48.800: Total time for which application threads were stopped: 0.0006277 seconds, Stopping threads took: 0.0000212 seconds
48.857: [GC (Allocation Failure)  92321K->641K(433664K), 0.0005115 secs]
48.858: Total time for which application threads were stopped: 0.0006415 seconds, Stopping threads took: 0.0000205 seconds
48.919: [GC (Allocation Failure)  90753K->673K(432128K), 0.0005033 secs]
48.919: Total time for which application threads were stopped: 0.0006364 seconds, Stopping threads took: 0.0000202 seconds
48.975: [GC (Allocation Failure)  89249K->641K(430592K), 0.0004031 secs]
48.975: Total time for which application threads were stopped: 0.0005232 seconds, Stopping threads took: 0.0000259 seconds
49.030: [GC (Allocation Failure)  87681K->641K(429056K), 0.0005263 secs]
49.030: Total time for which application threads were stopped: 0.0006493 seconds, Stopping threads took: 0.0000273 seconds
49.090: [GC (Allocation Failure)  86145K->609K(427520K), 0.0006445 secs]
49.091: Total time for which application threads were stopped: 0.0007610 seconds, Stopping threads took: 0.0000169 seconds
49.150: [GC (Allocation Failure)  84577K->673K(425984K), 0.0004504 secs]
49.150: Total time for which application threads were stopped: 0.0005740 seconds, Stopping threads took: 0.0000203 seconds
49.206: [GC (Allocation Failure)  83105K->641K(424448K), 0.0005446 secs]
49.207: Total time for which application threads were stopped: 0.0006771 seconds, Stopping threads took: 0.0000207 seconds
49.261: [GC (Allocation Failure)  81537K->705K(422912K), 0.0005304 secs]
49.261: Total time for which application threads were stopped: 0.0006599 seconds, Stopping threads took: 0.0000205 seconds
49.311: [GC (Allocation Failure)  80065K->673K(421888K), 0.0005695 secs]
49.311: Total time for which application threads were stopped: 0.0007002 seconds, Stopping threads took: 0.0000212 seconds
49.360: [GC (Allocation Failure)  79009K->609K(420864K), 0.0005615 secs]
49.361: Total time for which application threads were stopped: 0.0007057 seconds, Stopping threads took: 0.0000203 seconds
49.413: [GC (Allocation Failure)  77921K->641K(419840K), 0.0005068 secs]
49.414: Total time for which application threads were stopped: 0.0006340 seconds, Stopping threads took: 0.0000267 seconds
49.467: [GC (Allocation Failure)  76929K->641K(418816K), 0.0004601 secs]
49.468: Total time for which application threads were stopped: 0.0005847 seconds, Stopping threads took: 0.0000255 seconds
49.515: [GC (Allocation Failure)  75905K->705K(417792K), 0.0005921 secs]
49.516: Total time for which application threads were stopped: 0.0007226 seconds, Stopping threads took: 0.0000184 seconds
49.563: [GC (Allocation Failure)  74945K->609K(416768K), 0.0005454 secs]
49.564: Total time for which application threads were stopped: 0.0006794 seconds, Stopping threads took: 0.0000191 seconds
49.610: [GC (Allocation Failure)  73825K->673K(415744K), 0.0005538 secs]
49.611: Total time for which application threads were stopped: 0.0006926 seconds, Stopping threads took: 0.0000221 seconds
49.662: [GC (Allocation Failure)  72865K->609K(414720K), 0.0004957 secs]
49.662: Total time for which application threads were stopped: 0.0006336 seconds, Stopping threads took: 0.0000182 seconds
49.707: [GC (Allocation Failure)  71777K->673K(413696K), 0.0004954 secs]
49.708: Total time for which application threads were stopped: 0.0006335 seconds, Stopping threads took: 0.0000203 seconds
49.752: [GC (Allocation Failure)  70817K->705K(412672K), 0.0005821 secs]
49.753: Total time for which application threads were stopped: 0.0007192 seconds, Stopping threads took: 0.0000286 seconds
49.796: [GC (Allocation Failure)  69825K->641K(411648K), 0.0005523 secs]
49.796: Total time for which application threads were stopped: 0.0006938 seconds, Stopping threads took: 0.0000270 seconds
49.844: [GC (Allocation Failure)  68737K->673K(410624K), 0.0004604 secs]
49.845: Total time for which application threads were stopped: 0.0005990 seconds, Stopping threads took: 0.0000284 seconds
49.887: [GC (Allocation Failure)  67745K->609K(424448K), 0.0005932 secs]
49.887: Total time for which application threads were stopped: 0.0007300 seconds, Stopping threads took: 0.0000287 seconds
49.938: [GC (Allocation Failure)  81505K->673K(440832K), 0.0006002 secs]
49.939: Total time for which application threads were stopped: 0.0007174 seconds, Stopping threads took: 0.0000184 seconds
50.000: [GC (Allocation Failure)  97953K->609K(438784K), 0.0005320 secs]
50.001: Total time for which application threads were stopped: 0.0006620 seconds, Stopping threads took: 0.0000189 seconds
50.063: [GC (Allocation Failure)  95841K->673K(437248K), 0.0004620 secs]
50.063: Total time for which application threads were stopped: 0.0005899 seconds, Stopping threads took: 0.0000259 seconds
50.128: [GC (Allocation Failure)  94369K->705K(435712K), 0.0004775 secs]
50.128: Total time for which application threads were stopped: 0.0006036 seconds, Stopping threads took: 0.0000201 seconds
50.192: [GC (Allocation Failure)  92865K->641K(434176K), 0.0004766 secs]
50.192: Total time for which application threads were stopped: 0.0006127 seconds, Stopping threads took: 0.0000284 seconds
50.255: [GC (Allocation Failure)  91265K->641K(432640K), 0.0005289 secs]
50.256: Total time for which application threads were stopped: 0.0006827 seconds, Stopping threads took: 0.0000226 seconds
50.311: [GC (Allocation Failure)  89729K->609K(431104K), 0.0006193 secs]
50.312: Total time for which application threads were stopped: 0.0007689 seconds, Stopping threads took: 0.0000219 seconds
50.367: [GC (Allocation Failure)  88161K->641K(429568K), 0.0005025 secs]
50.367: Total time for which application threads were stopped: 0.0006426 seconds, Stopping threads took: 0.0000275 seconds
50.425: [GC (Allocation Failure)  86657K->673K(428032K), 0.0005426 secs]
50.426: Total time for which application threads were stopped: 0.0006611 seconds, Stopping threads took: 0.0000193 seconds
50.479: [GC (Allocation Failure)  85153K->641K(426496K), 0.0004258 secs]
50.479: Total time for which application threads were stopped: 0.0005505 seconds, Stopping threads took: 0.0000196 seconds
50.532: [GC (Allocation Failure)  83585K->641K(424960K), 0.0004647 secs]
50.532: Total time for which application threads were stopped: 0.0006010 seconds, Stopping threads took: 0.0000273 seconds
50.586: [GC (Allocation Failure)  82049K->673K(423424K), 0.0005101 secs]
50.586: Total time for which application threads were stopped: 0.0006436 seconds, Stopping threads took: 0.0000209 seconds
50.637: [GC (Allocation Failure)  80545K->641K(422400K), 0.0004586 secs]
50.637: Total time for which application threads were stopped: 0.0005917 seconds, Stopping threads took: 0.0000272 seconds
50.687: [GC (Allocation Failure)  79489K->641K(421376K), 0.0006827 secs]
50.688: Total time for which application threads were stopped: 0.0008125 seconds, Stopping threads took: 0.0000206 seconds
50.740: [GC (Allocation Failure)  78465K->673K(420352K), 0.0005788 secs]
50.741: Total time for which application threads were stopped: 0.0007243 seconds, Stopping threads took: 0.0000292 seconds
50.789: [GC (Allocation Failure)  77473K->641K(419328K), 0.0006092 secs]
50.790: Total time for which application threads were stopped: 0.0007630 seconds, Stopping threads took: 0.0000296 seconds
50.837: [GC (Allocation Failure)  76417K->673K(418304K), 0.0005150 secs]
50.838: Total time for which application threads were stopped: 0.0006697 seconds, Stopping threads took: 0.0000294 seconds
50.884: [GC (Allocation Failure)  75425K->641K(433664K), 0.0007305 secs]
50.885: Total time for which application threads were stopped: 0.0008834 seconds, Stopping threads took: 0.0000296 seconds
50.941: [GC (Allocation Failure)  90753K->641K(432128K), 0.0005909 secs]
50.942: Total time for which application threads were stopped: 0.0007381 seconds, Stopping threads took: 0.0000215 seconds
51.003: [GC (Allocation Failure)  89217K->641K(430592K), 0.0004270 secs]
51.004: Total time for which application threads were stopped: 0.0005418 seconds, Stopping threads took: 0.0000247 seconds
51.058: [GC (Allocation Failure)  87681K->705K(429056K), 0.0004407 secs]
51.058: Total time for which application threads were stopped: 0.0005568 seconds, Stopping threads took: 0.0000195 seconds
51.117: [GC (Allocation Failure)  86209K->641K(427520K), 0.0003966 secs]
51.118: Total time for which application threads were stopped: 0.0005018 seconds, Stopping threads took: 0.0000169 seconds
51.170: [GC (Allocation Failure)  84609K->705K(425984K), 0.0004782 secs]
51.171: Total time for which application threads were stopped: 0.0005897 seconds, Stopping threads took: 0.0000175 seconds
51.222: [GC (Allocation Failure)  83137K->673K(424448K), 0.0004975 secs]
51.223: Total time for which application threads were stopped: 0.0006322 seconds, Stopping threads took: 0.0000276 seconds
51.273: [GC (Allocation Failure)  81569K->673K(422912K), 0.0004734 secs]
51.274: Total time for which application threads were stopped: 0.0006061 seconds, Stopping threads took: 0.0000205 seconds
51.323: [GC (Allocation Failure)  80033K->673K(421888K), 0.0005211 secs]
51.324: Total time for which application threads were stopped: 0.0006634 seconds, Stopping threads took: 0.0000296 seconds
51.373: [GC (Allocation Failure)  79009K->641K(420864K), 0.0005355 secs]
51.373: Total time for which application threads were stopped: 0.0006547 seconds, Stopping threads took: 0.0000192 seconds
51.421: [GC (Allocation Failure)  77953K->641K(419840K), 0.0006004 secs]
51.422: Total time for which application threads were stopped: 0.0007183 seconds, Stopping threads took: 0.0000191 seconds
51.475: [GC (Allocation Failure)  76929K->705K(418816K), 0.0006464 secs]
51.475: Total time for which application threads were stopped: 0.0007832 seconds, Stopping threads took: 0.0000251 seconds
51.522: [GC (Allocation Failure)  75969K->641K(417792K), 0.0004868 secs]
51.523: Total time for which application threads were stopped: 0.0006142 seconds, Stopping threads took: 0.0000213 seconds
51.569: [GC (Allocation Failure)  74881K->609K(416768K), 0.0005254 secs]
51.570: Total time for which application threads were stopped: 0.0006697 seconds, Stopping threads took: 0.0000263 seconds
51.616: [GC (Allocation Failure)  73825K->673K(415744K), 0.0005067 secs]
51.616: Total time for which application threads were stopped: 0.0006448 seconds, Stopping threads took: 0.0000209 seconds
51.662: [GC (Allocation Failure)  72865K->641K(414720K), 0.0005429 secs]
51.662: Total time for which application threads were stopped: 0.0006721 seconds, Stopping threads took: 0.0000268 seconds
51.707: [GC (Allocation Failure)  71809K->705K(429056K), 0.0006292 secs]
51.708: Total time for which application threads were stopped: 0.0007677 seconds, Stopping threads took: 0.0000206 seconds
51.761: [GC (Allocation Failure)  86209K->673K(427520K), 0.0004614 secs]
51.762: Total time for which application threads were stopped: 0.0005813 seconds, Stopping threads took: 0.0000200 seconds
51.818: [GC (Allocation Failure)  84641K->673K(425984K), 0.0006602 secs]
51.819: Total time for which application threads were stopped: 0.0007825 seconds, Stopping threads took: 0.0000173 seconds
51.870: [GC (Allocation Failure)  83105K->673K(424448K), 0.0005378 secs]
51.871: Total time for which application threads were stopped: 0.0006777 seconds, Stopping threads took: 0.0000265 seconds
51.921: [GC (Allocation Failure)  81569K->609K(422912K), 0.0004526 secs]
51.922: Total time for which application threads were stopped: 0.0005868 seconds, Stopping threads took: 0.0000208 seconds
51.971: [GC (Allocation Failure)  79969K->705K(421888K), 0.0004552 secs]
51.972: Total time for which application threads were stopped: 0.0005864 seconds, Stopping threads took: 0.0000258 seconds
52.021: [GC (Allocation Failure)  79041K->673K(420864K), 0.0004070 secs]
52.021: Total time for which application threads were stopped: 0.0005299 seconds, Stopping threads took: 0.0000247 seconds
52.075: [GC (Allocation Failure)  77985K->705K(419840K), 0.0005294 secs]
52.076: Total time for which application threads were stopped: 0.0006662 seconds, Stopping threads took: 0.0000272 seconds
52.123: [GC (Allocation Failure)  76993K->609K(418816K), 0.0006527 secs]
52.124: Total time for which application threads were stopped: 0.0007908 seconds, Stopping threads took: 0.0000297 seconds
52.172: [GC (Allocation Failure)  75873K->609K(417792K), 0.0006335 secs]
52.172: Total time for which application threads were stopped: 0.0007599 seconds, Stopping threads took: 0.0000202 seconds
52.219: [GC (Allocation Failure)  74849K->673K(416768K), 0.0004750 secs]
52.219: Total time for which application threads were stopped: 0.0005978 seconds, Stopping threads took: 0.0000196 seconds
52.265: [GC (Allocation Failure)  73889K->705K(431616K), 0.0007053 secs]
52.266: Total time for which application threads were stopped: 0.0008279 seconds, Stopping threads took: 0.0000195 seconds
52.322: [GC (Allocation Failure)  88769K->673K(449536K), 0.0005824 secs]
52.322: Total time for which application threads were stopped: 0.0007045 seconds, Stopping threads took: 0.0000194 seconds
52.389: [GC (Allocation Failure)  106657K->641K(447488K), 0.0005827 secs]
52.389: Total time for which application threads were stopped: 0.0007048 seconds, Stopping threads took: 0.0000209 seconds
52.459: [GC (Allocation Failure)  104577K->705K(445440K), 0.0006472 secs]
52.460: Total time for which application threads were stopped: 0.0007677 seconds, Stopping threads took: 0.0000199 seconds
52.524: [GC (Allocation Failure)  102593K->609K(443392K), 0.0005537 secs]
52.524: Total time for which application threads were stopped: 0.0006762 seconds, Stopping threads took: 0.0000266 seconds
52.592: [GC (Allocation Failure)  100449K->673K(441344K), 0.0004195 secs]
52.593: Total time for which application threads were stopped: 0.0005448 seconds, Stopping threads took: 0.0000269 seconds
52.659: [GC (Allocation Failure)  98465K->641K(439296K), 0.0005276 secs]
52.660: Total time for which application threads were stopped: 0.0006538 seconds, Stopping threads took: 0.0000251 seconds
52.721: [GC (Allocation Failure)  96385K->705K(437760K), 0.0006054 secs]
52.722: Total time for which application threads were stopped: 0.0007239 seconds, Stopping threads took: 0.0000192 seconds
52.781: [GC (Allocation Failure)  94913K->673K(436224K), 0.0005156 secs]
52.781: Total time for which application threads were stopped: 0.0006610 seconds, Stopping threads took: 0.0000210 seconds
52.844: [GC (Allocation Failure)  93345K->609K(434688K), 0.0005818 secs]
52.845: Total time for which application threads were stopped: 0.0007369 seconds, Stopping threads took: 0.0000295 seconds
52.908: [GC (Allocation Failure)  91745K->673K(433152K), 0.0006370 secs]
52.909: Total time for which application threads were stopped: 0.0007890 seconds, Stopping threads took: 0.0000219 seconds
52.965: [GC (Allocation Failure)  90273K->673K(431616K), 0.0004686 secs]
52.966: Total time for which application threads were stopped: 0.0006108 seconds, Stopping threads took: 0.0000265 seconds
53.026: [GC (Allocation Failure)  88737K->641K(430080K), 0.0006511 secs]
53.026: Total time for which application threads were stopped: 0.0007825 seconds, Stopping threads took: 0.0000276 seconds
53.081: [GC (Allocation Failure)  87169K->673K(428544K), 0.0004877 secs]
53.081: Total time for which application threads were stopped: 0.0006223 seconds, Stopping threads took: 0.0000265 seconds
53.134: [GC (Allocation Failure)  85665K->609K(427008K), 0.0006413 secs]
53.135: Total time for which application threads were stopped: 0.0007673 seconds, Stopping threads took: 0.0000268 seconds
53.187: [GC (Allocation Failure)  84065K->641K(425472K), 0.0005031 secs]
53.187: Total time for which application threads were stopped: 0.0006276 seconds, Stopping threads took: 0.0000280 seconds
53.244: [GC (Allocation Failure)  82561K->641K(423936K), 0.0005056 secs]
53.245: Total time for which application threads were stopped: 0.0006327 seconds, Stopping threads took: 0.0000167 seconds
53.295: [GC (Allocation Failure)  81025K->705K(422400K), 0.0004785 secs]
53.296: Total time for which application threads were stopped: 0.0006128 seconds, Stopping threads took: 0.0000206 seconds
53.345: [GC (Allocation Failure)  79553K->641K(421376K), 0.0006818 secs]
53.346: Total time for which application threads were stopped: 0.0008321 seconds, Stopping threads took: 0.0000295 seconds
53.401: [GC (Allocation Failure)  78465K->673K(420352K), 0.0004873 secs]
53.401: Total time for which application threads were stopped: 0.0006170 seconds, Stopping threads took: 0.0000208 seconds
53.449: [GC (Allocation Failure)  77473K->673K(419328K), 0.0006586 secs]
53.450: Total time for which application threads were stopped: 0.0007875 seconds, Stopping threads took: 0.0000279 seconds
53.498: [GC (Allocation Failure)  76449K->673K(418304K), 0.0004788 secs]
53.499: Total time for which application threads were stopped: 0.0006086 seconds, Stopping threads took: 0.0000193 seconds
53.546: [GC (Allocation Failure)  75425K->641K(417280K), 0.0004344 secs]
53.547: Total time for which application threads were stopped: 0.0005535 seconds, Stopping threads took: 0.0000187 seconds
53.598: [GC (Allocation Failure)  74369K->641K(416256K), 0.0005614 secs]
53.599: Total time for which application threads were stopped: 0.0007030 seconds, Stopping threads took: 0.0000274 seconds
53.650: [GC (Allocation Failure)  73345K->673K(415232K), 0.0004806 secs]
53.650: Total time for which application threads were stopped: 0.0006288 seconds, Stopping threads took: 0.0000284 seconds
53.696: [GC (Allocation Failure)  72353K->609K(414208K), 0.0004293 secs]
53.696: Total time for which application threads were stopped: 0.0005480 seconds, Stopping threads took: 0.0000191 seconds
53.741: [GC (Allocation Failure)  71265K->609K(413184K), 0.0004695 secs]
53.741: Total time for which application threads were stopped: 0.0005886 seconds, Stopping threads took: 0.0000186 seconds
53.789: [GC (Allocation Failure)  70241K->641K(412160K), 0.0004734 secs]
53.790: Total time for which application threads were stopped: 0.0005885 seconds, Stopping threads took: 0.0000189 seconds
53.833: [GC (Allocation Failure)  69249K->673K(411136K), 0.0005380 secs]
53.833: Total time for which application threads were stopped: 0.0006657 seconds, Stopping threads took: 0.0000190 seconds
53.880: [GC (Allocation Failure)  68257K->673K(410112K), 0.0004926 secs]
53.881: Total time for which application threads were stopped: 0.0006139 seconds, Stopping threads took: 0.0000193 seconds
53.922: [GC (Allocation Failure)  67233K->641K(409088K), 0.0005977 secs]
53.923: Total time for which application threads were stopped: 0.0007255 seconds, Stopping threads took: 0.0000208 seconds
53.964: [GC (Allocation Failure)  66177K->641K(408064K), 0.0004542 secs]
53.964: Total time for which application threads were stopped: 0.0005695 seconds, Stopping threads took: 0.0000182 seconds
54.006: [GC (Allocation Failure)  65153K->673K(421376K), 0.0006464 secs]
54.007: Total time for which application threads were stopped: 0.0007767 seconds, Stopping threads took: 0.0000275 seconds
54.062: [GC (Allocation Failure)  78497K->673K(437248K), 0.0005621 secs]
54.063: Total time for which application threads were stopped: 0.0006898 seconds, Stopping threads took: 0.0000190 seconds
54.122: [GC (Allocation Failure)  94369K->673K(435712K), 0.0006173 secs]
54.122: Total time for which application threads were stopped: 0.0007443 seconds, Stopping threads took: 0.0000265 seconds
54.180: [GC (Allocation Failure)  92833K->737K(434176K), 0.0006817 secs]
54.180: Total time for which application threads were stopped: 0.0007996 seconds, Stopping threads took: 0.0000191 seconds
54.237: [GC (Allocation Failure)  91361K->673K(432640K), 0.0006024 secs]
54.238: Total time for which application threads were stopped: 0.0007320 seconds, Stopping threads took: 0.0000192 seconds
54.299: [GC (Allocation Failure)  89761K->641K(431104K), 0.0005590 secs]
54.299: Total time for which application threads were stopped: 0.0007279 seconds, Stopping threads took: 0.0000426 seconds
54.354: [GC (Allocation Failure)  88193K->705K(429568K), 0.0004906 secs]
54.354: Total time for which application threads were stopped: 0.0006209 seconds, Stopping threads took: 0.0000201 seconds
54.408: [GC (Allocation Failure)  86721K->641K(428032K), 0.0005201 secs]
54.408: Total time for which application threads were stopped: 0.0006756 seconds, Stopping threads took: 0.0000295 seconds
54.467: [GC (Allocation Failure)  85121K->641K(426496K), 0.0005989 secs]
54.468: Total time for which application threads were stopped: 0.0007456 seconds, Stopping threads took: 0.0000213 seconds
54.521: [GC (Allocation Failure)  83585K->705K(424960K), 0.0004594 secs]
54.522: Total time for which application threads were stopped: 0.0005832 seconds, Stopping threads took: 0.0000196 seconds
54.578: [GC (Allocation Failure)  82113K->673K(423424K), 0.0005206 secs]
54.579: Total time for which application threads were stopped: 0.0006443 seconds, Stopping threads took: 0.0000200 seconds
54.628: [GC (Allocation Failure)  80545K->673K(422400K), 0.0004988 secs]
54.629: Total time for which application threads were stopped: 0.0006226 seconds, Stopping threads took: 0.0000195 seconds
54.679: [GC (Allocation Failure)  79521K->737K(421376K), 0.0005248 secs]
54.680: Total time for which application threads were stopped: 0.0006559 seconds, Stopping threads took: 0.0000164 seconds
54.728: [GC (Allocation Failure)  78561K->673K(420352K), 0.0005259 secs]
54.729: Total time for which application threads were stopped: 0.0006570 seconds, Stopping threads took: 0.0000193 seconds
54.777: [GC (Allocation Failure)  77473K->673K(419328K), 0.0004571 secs]
54.777: Total time for which application threads were stopped: 0.0005762 seconds, Stopping threads took: 0.0000195 seconds
54.825: [GC (Allocation Failure)  76449K->641K(418304K), 0.0004478 secs]
54.825: Total time for which application threads were stopped: 0.0005634 seconds, Stopping threads took: 0.0000184 seconds
54.872: [GC (Allocation Failure)  75393K->673K(417280K), 0.0005983 secs]
54.872: Total time for which application threads were stopped: 0.0007254 seconds, Stopping threads took: 0.0000189 seconds
54.919: [GC (Allocation Failure)  74401K->641K(416256K), 0.0005116 secs]
54.919: Total time for which application threads were stopped: 0.0006576 seconds, Stopping threads took: 0.0000295 seconds
54.972: [GC (Allocation Failure)  73345K->609K(415232K), 0.0006110 secs]
54.972: Total time for which application threads were stopped: 0.0007390 seconds, Stopping threads took: 0.0000253 seconds
55.017: [GC (Allocation Failure)  72289K->641K(414208K), 0.0004323 secs]
55.018: Total time for which application threads were stopped: 0.0005643 seconds, Stopping threads took: 0.0000266 seconds
55.062: [GC (Allocation Failure)  71297K->641K(413184K), 0.0005250 secs]
55.062: Total time for which application threads were stopped: 0.0006795 seconds, Stopping threads took: 0.0000286 seconds
55.106: [GC (Allocation Failure)  70273K->609K(412160K), 0.0004362 secs]
55.107: Total time for which application threads were stopped: 0.0005526 seconds, Stopping threads took: 0.0000196 seconds
55.156: [GC (Allocation Failure)  69217K->641K(411136K), 0.0004669 secs]
55.156: Total time for which application threads were stopped: 0.0006085 seconds, Stopping threads took: 0.0000164 seconds
55.204: [GC (Allocation Failure)  68225K->641K(410112K), 0.0004362 secs]
55.205: Total time for which application threads were stopped: 0.0005412 seconds, Stopping threads took: 0.0000168 seconds
55.247: [GC (Allocation Failure)  67201K->609K(409088K), 0.0004968 secs]
55.247: Total time for which application threads were stopped: 0.0005946 seconds, Stopping threads took: 0.0000160 seconds
55.288: [GC (Allocation Failure)  66145K->641K(408064K), 0.0004211 secs]
55.289: Total time for which application threads were stopped: 0.0005271 seconds, Stopping threads took: 0.0000153 seconds
55.333: [GC (Allocation Failure)  65153K->641K(407040K), 0.0005569 secs]
55.333: Total time for which application threads were stopped: 0.0006746 seconds, Stopping threads took: 0.0000197 seconds
55.373: [GC (Allocation Failure)  64129K->641K(406016K), 0.0004842 secs]
55.374: Total time for which application threads were stopped: 0.0006312 seconds, Stopping threads took: 0.0000286 seconds
55.413: [GC (Allocation Failure)  63105K->673K(405504K), 0.0004671 secs]
55.413: Total time for which application threads were stopped: 0.0005929 seconds, Stopping threads took: 0.0000206 seconds
55.452: [GC (Allocation Failure)  62625K->641K(404992K), 0.0004846 secs]
55.452: Total time for which application threads were stopped: 0.0006112 seconds, Stopping threads took: 0.0000274 seconds
55.498: [GC (Allocation Failure)  62081K->705K(404480K), 0.0005107 secs]
55.499: Total time for which application threads were stopped: 0.0006517 seconds, Stopping threads took: 0.0000271 seconds
55.537: [GC (Allocation Failure)  61633K->673K(416768K), 0.0005151 secs]
55.538: Total time for which application threads were stopped: 0.0006485 seconds, Stopping threads took: 0.0000283 seconds
55.589: [GC (Allocation Failure)  73889K->641K(415744K), 0.0004631 secs]
55.589: Total time for which application threads were stopped: 0.0005878 seconds, Stopping threads took: 0.0000273 seconds
55.641: [GC (Allocation Failure)  72833K->705K(414720K), 0.0005093 secs]
55.641: Total time for which application threads were stopped: 0.0006403 seconds, Stopping threads took: 0.0000190 seconds
55.690: [GC (Allocation Failure)  71873K->609K(413696K), 0.0006053 secs]
55.691: Total time for which application threads were stopped: 0.0007413 seconds, Stopping threads took: 0.0000272 seconds
55.734: [GC (Allocation Failure)  70753K->673K(412672K), 0.0005358 secs]
55.735: Total time for which application threads were stopped: 0.0006721 seconds, Stopping threads took: 0.0000271 seconds
55.778: [GC (Allocation Failure)  69793K->641K(411648K), 0.0004761 secs]
55.779: Total time for which application threads were stopped: 0.0005923 seconds, Stopping threads took: 0.0000195 seconds
55.828: [GC (Allocation Failure)  68737K->641K(410624K), 0.0005440 secs]
55.828: Total time for which application threads were stopped: 0.0006538 seconds, Stopping threads took: 0.0000168 seconds
55.876: [GC (Allocation Failure)  67713K->705K(409600K), 0.0003984 secs]
55.876: Total time for which application threads were stopped: 0.0005068 seconds, Stopping threads took: 0.0000161 seconds
55.917: [GC (Allocation Failure)  66753K->673K(408576K), 0.0003899 secs]
55.918: Total time for which application threads were stopped: 0.0004977 seconds, Stopping threads took: 0.0000168 seconds
55.958: [GC (Allocation Failure)  65697K->641K(407552K), 0.0005616 secs]
55.959: Total time for which application threads were stopped: 0.0006944 seconds, Stopping threads took: 0.0000199 seconds
56.005: [GC (Allocation Failure)  64641K->673K(406528K), 0.0004333 secs]
56.005: Total time for which application threads were stopped: 0.0005533 seconds, Stopping threads took: 0.0000255 seconds
56.050: [GC (Allocation Failure)  63649K->641K(405504K), 0.0004460 secs]
56.051: Total time for which application threads were stopped: 0.0005549 seconds, Stopping threads took: 0.0000167 seconds
56.090: [GC (Allocation Failure)  62593K->673K(404992K), 0.0004539 secs]
56.090: Total time for which application threads were stopped: 0.0005971 seconds, Stopping threads took: 0.0000196 seconds
56.129: [GC (Allocation Failure)  62113K->673K(404480K), 0.0004873 secs]
56.130: Total time for which application threads were stopped: 0.0006065 seconds, Stopping threads took: 0.0000197 seconds
56.168: [GC (Allocation Failure)  61601K->609K(416768K), 0.0006325 secs]
56.169: Total time for which application threads were stopped: 0.0007747 seconds, Stopping threads took: 0.0000204 seconds
56.215: [GC (Allocation Failure)  73825K->673K(431616K), 0.0005437 secs]
56.215: Total time for which application threads were stopped: 0.0006794 seconds, Stopping threads took: 0.0000204 seconds
56.270: [GC (Allocation Failure)  88737K->609K(449536K), 0.0006548 secs]
56.271: Total time for which application threads were stopped: 0.0007756 seconds, Stopping threads took: 0.0000194 seconds
56.344: [GC (Allocation Failure)  106593K->609K(447488K), 0.0005741 secs]
56.344: Total time for which application threads were stopped: 0.0007264 seconds, Stopping threads took: 0.0000210 seconds
56.416: [GC (Allocation Failure)  104545K->673K(445440K), 0.0004721 secs]
56.416: Total time for which application threads were stopped: 0.0006012 seconds, Stopping threads took: 0.0000188 seconds
56.480: [GC (Allocation Failure)  102561K->673K(443392K), 0.0004731 secs]
56.480: Total time for which application threads were stopped: 0.0006119 seconds, Stopping threads took: 0.0000281 seconds
56.543: [GC (Allocation Failure)  100513K->641K(441344K), 0.0006642 secs]
56.543: Total time for which application threads were stopped: 0.0008138 seconds, Stopping threads took: 0.0000276 seconds
56.605: [GC (Allocation Failure)  98433K->705K(439296K), 0.0004436 secs]
56.605: Total time for which application threads were stopped: 0.0005643 seconds, Stopping threads took: 0.0000192 seconds
56.665: [GC (Allocation Failure)  96449K->705K(437760K), 0.0004403 secs]
56.665: Total time for which application threads were stopped: 0.0005558 seconds, Stopping threads took: 0.0000204 seconds
56.728: [GC (Allocation Failure)  94913K->673K(436224K), 0.0004806 secs]
56.729: Total time for which application threads were stopped: 0.0006066 seconds, Stopping threads took: 0.0000190 seconds
56.786: [GC (Allocation Failure)  93345K->641K(434688K), 0.0005215 secs]
56.787: Total time for which application threads were stopped: 0.0006448 seconds, Stopping threads took: 0.0000269 seconds
56.844: [GC (Allocation Failure)  91777K->641K(433152K), 0.0004767 secs]
56.844: Total time for which application threads were stopped: 0.0005927 seconds, Stopping threads took: 0.0000185 seconds
56.900: [GC (Allocation Failure)  90241K->673K(431616K), 0.0006002 secs]
56.901: Total time for which application threads were stopped: 0.0007462 seconds, Stopping threads took: 0.0000272 seconds
56.960: [GC (Allocation Failure)  88737K->641K(430080K), 0.0006809 secs]
56.960: Total time for which application threads were stopped: 0.0008284 seconds, Stopping threads took: 0.0000227 seconds
57.018: [GC (Allocation Failure)  87169K->641K(428544K), 0.0004271 secs]
57.019: Total time for which application threads were stopped: 0.0005430 seconds, Stopping threads took: 0.0000248 seconds
57.072: [GC (Allocation Failure)  85633K->641K(427008K), 0.0004707 secs]
57.073: Total time for which application threads were stopped: 0.0005975 seconds, Stopping threads took: 0.0000212 seconds
57.125: [GC (Allocation Failure)  84097K->609K(425472K), 0.0004252 secs]
57.125: Total time for which application threads were stopped: 0.0005510 seconds, Stopping threads took: 0.0000273 seconds
57.182: [GC (Allocation Failure)  82529K->641K(423936K), 0.0004985 secs]
57.183: Total time for which application threads were stopped: 0.0006320 seconds, Stopping threads took: 0.0000186 seconds
57.233: [GC (Allocation Failure)  81025K->705K(422400K), 0.0007794 secs]
57.234: Total time for which application threads were stopped: 0.0009166 seconds, Stopping threads took: 0.0000194 seconds
57.289: [GC (Allocation Failure)  79553K->673K(421376K), 0.0005261 secs]
57.290: Total time for which application threads were stopped: 0.0006427 seconds, Stopping threads took: 0.0000189 seconds
57.343: [GC (Allocation Failure)  78497K->641K(420352K), 0.0004932 secs]
57.344: Total time for which application threads were stopped: 0.0006119 seconds, Stopping threads took: 0.0000195 seconds
57.395: [GC (Allocation Failure)  77441K->641K(419328K), 0.0004743 secs]
57.396: Total time for which application threads were stopped: 0.0005977 seconds, Stopping threads took: 0.0000194 seconds
57.443: [GC (Allocation Failure)  76417K->673K(418304K), 0.0005931 secs]
57.444: Total time for which application threads were stopped: 0.0007202 seconds, Stopping threads took: 0.0000276 seconds
57.491: [GC (Allocation Failure)  75425K->641K(417280K), 0.0004212 secs]
57.491: Total time for which application threads were stopped: 0.0005399 seconds, Stopping threads took: 0.0000193 seconds
57.538: [GC (Allocation Failure)  74369K->673K(416256K), 0.0004647 secs]
57.538: Total time for which application threads were stopped: 0.0005848 seconds, Stopping threads took: 0.0000193 seconds
57.583: [GC (Allocation Failure)  73377K->737K(415232K), 0.0004637 secs]
57.584: Total time for which application threads were stopped: 0.0005799 seconds, Stopping threads took: 0.0000196 seconds
57.632: [GC (Allocation Failure)  72417K->641K(414208K), 0.0004669 secs]
57.632: Total time for which application threads were stopped: 0.0005826 seconds, Stopping threads took: 0.0000163 seconds
57.678: [GC (Allocation Failure)  71297K->673K(413184K), 0.0005440 secs]
57.679: Total time for which application threads were stopped: 0.0006543 seconds, Stopping threads took: 0.0000157 seconds
57.722: [GC (Allocation Failure)  70305K->673K(412160K), 0.0005899 secs]
57.723: Total time for which application threads were stopped: 0.0007223 seconds, Stopping threads took: 0.0000212 seconds
57.766: [GC (Allocation Failure)  69281K->641K(425984K), 0.0008461 secs]
57.767: Total time for which application threads were stopped: 0.0009767 seconds, Stopping threads took: 0.0000208 seconds
57.818: [GC (Allocation Failure)  83073K->641K(442880K), 0.0006002 secs]
57.819: Total time for which application threads were stopped: 0.0007431 seconds, Stopping threads took: 0.0000259 seconds
57.881: [GC (Allocation Failure)  99969K->609K(462848K), 0.0005741 secs]
57.881: Total time for which application threads were stopped: 0.0006962 seconds, Stopping threads took: 0.0000200 seconds
57.956: [GC (Allocation Failure)  119905K->673K(460288K), 0.0004836 secs]
57.956: Total time for which application threads were stopped: 0.0006223 seconds, Stopping threads took: 0.0000285 seconds
58.029: [GC (Allocation Failure)  117409K->673K(457728K), 0.0005401 secs]
58.030: Total time for which application threads were stopped: 0.0006703 seconds, Stopping threads took: 0.0000258 seconds
58.101: [GC (Allocation Failure)  114849K->641K(455168K), 0.0005298 secs]
58.102: Total time for which application threads were stopped: 0.0006819 seconds, Stopping threads took: 0.0000261 seconds
58.175: [GC (Allocation Failure)  112257K->673K(452608K), 0.0005793 secs]
58.176: Total time for which application threads were stopped: 0.0007205 seconds, Stopping threads took: 0.0000221 seconds
58.244: [GC (Allocation Failure)  109729K->641K(450560K), 0.0006156 secs]
58.244: Total time for which application threads were stopped: 0.0007684 seconds, Stopping threads took: 0.0000225 seconds
58.316: [GC (Allocation Failure)  107649K->705K(448512K), 0.0005373 secs]
58.317: Total time for which application threads were stopped: 0.0006697 seconds, Stopping threads took: 0.0000232 seconds
58.382: [GC (Allocation Failure)  105665K->737K(446464K), 0.0007488 secs]
58.383: Total time for which application threads were stopped: 0.0008820 seconds, Stopping threads took: 0.0000188 seconds
58.452: [GC (Allocation Failure)  103649K->641K(444416K), 0.0004533 secs]
58.452: Total time for which application threads were stopped: 0.0005637 seconds, Stopping threads took: 0.0000167 seconds
58.517: [GC (Allocation Failure)  101505K->641K(442368K), 0.0004081 secs]
58.517: Total time for which application threads were stopped: 0.0005461 seconds, Stopping threads took: 0.0000192 seconds
58.584: [GC (Allocation Failure)  99457K->641K(440320K), 0.0004471 secs]
58.584: Total time for which application threads were stopped: 0.0005691 seconds, Stopping threads took: 0.0000268 seconds
58.650: [GC (Allocation Failure)  97409K->641K(438272K), 0.0005054 secs]
58.651: Total time for which application threads were stopped: 0.0006150 seconds, Stopping threads took: 0.0000168 seconds
58.714: [GC (Allocation Failure)  95361K->609K(436736K), 0.0005515 secs]
58.714: Total time for which application threads were stopped: 0.0006622 seconds, Stopping threads took: 0.0000167 seconds
58.777: [GC (Allocation Failure)  93793K->673K(435200K), 0.0005002 secs]
58.778: Total time for which application threads were stopped: 0.0006348 seconds, Stopping threads took: 0.0000213 seconds
58.836: [GC (Allocation Failure)  92321K->641K(433664K), 0.0004572 secs]
58.836: Total time for which application threads were stopped: 0.0005818 seconds, Stopping threads took: 0.0000214 seconds
58.896: [GC (Allocation Failure)  90753K->641K(432128K), 0.0004822 secs]
58.897: Total time for which application threads were stopped: 0.0006018 seconds, Stopping threads took: 0.0000193 seconds
58.958: [GC (Allocation Failure)  89217K->705K(430592K), 0.0004720 secs]
58.958: Total time for which application threads were stopped: 0.0005946 seconds, Stopping threads took: 0.0000271 seconds
59.014: [GC (Allocation Failure)  87745K->609K(429056K), 0.0004332 secs]
59.014: Total time for which application threads were stopped: 0.0005633 seconds, Stopping threads took: 0.0000262 seconds
59.068: [GC (Allocation Failure)  86113K->641K(427520K), 0.0005561 secs]
59.068: Total time for which application threads were stopped: 0.0006855 seconds, Stopping threads took: 0.0000244 seconds
59.127: [GC (Allocation Failure)  84609K->673K(425984K), 0.0005438 secs]
59.127: Total time for which application threads were stopped: 0.0006829 seconds, Stopping threads took: 0.0000220 seconds
59.179: [GC (Allocation Failure)  83105K->737K(424448K), 0.0005331 secs]
59.180: Total time for which application threads were stopped: 0.0006776 seconds, Stopping threads took: 0.0000221 seconds
59.230: [GC (Allocation Failure)  81633K->673K(422912K), 0.0005486 secs]
59.231: Total time for which application threads were stopped: 0.0007038 seconds, Stopping threads took: 0.0000230 seconds
59.280: [GC (Allocation Failure)  80033K->641K(421888K), 0.0005073 secs]
59.281: Total time for which application threads were stopped: 0.0006649 seconds, Stopping threads took: 0.0000303 seconds
59.330: [GC (Allocation Failure)  78977K->705K(420864K), 0.0005085 secs]
59.330: Total time for which application threads were stopped: 0.0006260 seconds, Stopping threads took: 0.0000188 seconds
59.379: [GC (Allocation Failure)  78017K->673K(419840K), 0.0005675 secs]
59.379: Total time for which application threads were stopped: 0.0006844 seconds, Stopping threads took: 0.0000189 seconds
59.431: [GC (Allocation Failure)  76961K->609K(418816K), 0.0004439 secs]
59.432: Total time for which application threads were stopped: 0.0005749 seconds, Stopping threads took: 0.0000204 seconds
59.479: [GC (Allocation Failure)  75873K->641K(417792K), 0.0003875 secs]
59.480: Total time for which application threads were stopped: 0.0005033 seconds, Stopping threads took: 0.0000186 seconds
59.527: [GC (Allocation Failure)  74881K->673K(416768K), 0.0004290 secs]
59.527: Total time for which application threads were stopped: 0.0005478 seconds, Stopping threads took: 0.0000186 seconds
59.573: [GC (Allocation Failure)  73889K->673K(415744K), 0.0004990 secs]
59.574: Total time for which application threads were stopped: 0.0006404 seconds, Stopping threads took: 0.0000294 seconds
59.619: [GC (Allocation Failure)  72865K->673K(414720K), 0.0004536 secs]
59.620: Total time for which application threads were stopped: 0.0005765 seconds, Stopping threads took: 0.0000200 seconds
59.671: [GC (Allocation Failure)  71841K->609K(413696K), 0.0004664 secs]
59.671: Total time for which application threads were stopped: 0.0006007 seconds, Stopping threads took: 0.0000248 seconds
59.715: [GC (Allocation Failure)  70753K->673K(412672K), 0.0005778 secs]
59.716: Total time for which application threads were stopped: 0.0006982 seconds, Stopping threads took: 0.0000187 seconds
59.759: [GC (Allocation Failure)  69793K->673K(411648K), 0.0004805 secs]
59.760: Total time for which application threads were stopped: 0.0005983 seconds, Stopping threads took: 0.0000189 seconds
59.802: [GC (Allocation Failure)  68769K->673K(410624K), 0.0005490 secs]
59.803: Total time for which application threads were stopped: 0.0006911 seconds, Stopping threads took: 0.0000282 seconds
59.845: [GC (Allocation Failure)  67745K->641K(409600K), 0.0005862 secs]
59.845: Total time for which application threads were stopped: 0.0007399 seconds, Stopping threads took: 0.0000286 seconds
59.890: [GC (Allocation Failure)  66689K->673K(422912K), 0.0005344 secs]
59.890: Total time for which application threads were stopped: 0.0006693 seconds, Stopping threads took: 0.0000283 seconds
59.940: [GC (Allocation Failure)  80033K->641K(421888K), 0.0005204 secs]
59.941: Total time for which application threads were stopped: 0.0006640 seconds, Stopping threads took: 0.0000209 seconds
59.990: [GC (Allocation Failure)  78977K->673K(420864K), 0.0003549 secs]
59.990: Total time for which application threads were stopped: 0.0004779 seconds, Stopping threads took: 0.0000252 seconds
60.042: [GC (Allocation Failure)  77985K->737K(419840K), 0.0004096 secs]
60.042: Total time for which application threads were stopped: 0.0005187 seconds, Stopping threads took: 0.0000161 seconds
60.090: [GC (Allocation Failure)  77025K->673K(418816K), 0.0007425 secs]
60.091: Total time for which application threads were stopped: 0.0008594 seconds, Stopping threads took: 0.0000198 seconds
60.138: [GC (Allocation Failure)  75937K->673K(417792K), 0.0004610 secs]
60.138: Total time for which application threads were stopped: 0.0005869 seconds, Stopping threads took: 0.0000268 seconds
60.184: [GC (Allocation Failure)  74913K->609K(416768K), 0.0005619 secs]
60.185: Total time for which application threads were stopped: 0.0006793 seconds, Stopping threads took: 0.0000182 seconds
60.231: [GC (Allocation Failure)  73825K->705K(415744K), 0.0004986 secs]
60.231: Total time for which application threads were stopped: 0.0006174 seconds, Stopping threads took: 0.0000194 seconds
60.276: [GC (Allocation Failure)  72897K->673K(414720K), 0.0005152 secs]
60.277: Total time for which application threads were stopped: 0.0006309 seconds, Stopping threads took: 0.0000191 seconds
60.326: [GC (Allocation Failure)  71841K->705K(413696K), 0.0005912 secs]
60.327: Total time for which application threads were stopped: 0.0007388 seconds, Stopping threads took: 0.0000190 seconds
60.377: [GC (Allocation Failure)  70849K->673K(412672K), 0.0005079 secs]
60.377: Total time for which application threads were stopped: 0.0006345 seconds, Stopping threads took: 0.0000266 seconds
60.421: [GC (Allocation Failure)  69793K->641K(426496K), 0.0006580 secs]
60.422: Total time for which application threads were stopped: 0.0007982 seconds, Stopping threads took: 0.0000287 seconds
60.474: [GC (Allocation Failure)  83585K->673K(424960K), 0.0005286 secs]
60.474: Total time for which application threads were stopped: 0.0006731 seconds, Stopping threads took: 0.0000228 seconds
60.527: [GC (Allocation Failure)  82081K->673K(423424K), 0.0004775 secs]
60.527: Total time for which application threads were stopped: 0.0006310 seconds, Stopping threads took: 0.0000295 seconds
60.584: [GC (Allocation Failure)  80545K->673K(422400K), 0.0005360 secs]
60.585: Total time for which application threads were stopped: 0.0006612 seconds, Stopping threads took: 0.0000199 seconds
60.634: [GC (Allocation Failure)  79521K->641K(421376K), 0.0005276 secs]
60.634: Total time for which application threads were stopped: 0.0006633 seconds, Stopping threads took: 0.0000283 seconds
60.690: [GC (Allocation Failure)  78465K->673K(420352K), 0.0004716 secs]
60.691: Total time for which application threads were stopped: 0.0005852 seconds, Stopping threads took: 0.0000178 seconds
60.739: [GC (Allocation Failure)  77473K->737K(419328K), 0.0005261 secs]
60.739: Total time for which application threads were stopped: 0.0006778 seconds, Stopping threads took: 0.0000289 seconds
60.792: [GC (Allocation Failure)  76513K->673K(418304K), 0.0005098 secs]
60.793: Total time for which application threads were stopped: 0.0006482 seconds, Stopping threads took: 0.0000215 seconds
60.840: [GC (Allocation Failure)  75425K->673K(417280K), 0.0005797 secs]
60.841: Total time for which application threads were stopped: 0.0007240 seconds, Stopping threads took: 0.0000221 seconds
60.887: [GC (Allocation Failure)  74401K->641K(416256K), 0.0004517 secs]
60.888: Total time for which application threads were stopped: 0.0005773 seconds, Stopping threads took: 0.0000202 seconds
60.933: [GC (Allocation Failure)  73345K->609K(415232K), 0.0005627 secs]
60.934: Total time for which application threads were stopped: 0.0007039 seconds, Stopping threads took: 0.0000211 seconds
60.985: [GC (Allocation Failure)  72289K->609K(414208K), 0.0004109 secs]
60.986: Total time for which application threads were stopped: 0.0005389 seconds, Stopping threads took: 0.0000185 seconds
61.035: [GC (Allocation Failure)  71265K->641K(413184K), 0.0004362 secs]
61.035: Total time for which application threads were stopped: 0.0005543 seconds, Stopping threads took: 0.0000185 seconds
61.079: [GC (Allocation Failure)  70273K->609K(412160K), 0.0005950 secs]
61.080: Total time for which application threads were stopped: 0.0007231 seconds, Stopping threads took: 0.0000186 seconds
61.128: [GC (Allocation Failure)  69217K->673K(411136K), 0.0004917 secs]
61.129: Total time for which application threads were stopped: 0.0006268 seconds, Stopping threads took: 0.0000277 seconds
61.177: [GC (Allocation Failure)  68257K->737K(410112K), 0.0005823 secs]
61.177: Total time for which application threads were stopped: 0.0007249 seconds, Stopping threads took: 0.0000209 seconds
61.219: [GC (Allocation Failure)  67297K->673K(409088K), 0.0004477 secs]
61.220: Total time for which application threads were stopped: 0.0005682 seconds, Stopping threads took: 0.0000200 seconds
61.261: [GC (Allocation Failure)  66209K->641K(422400K), 0.0005870 secs]
61.261: Total time for which application threads were stopped: 0.0006929 seconds, Stopping threads took: 0.0000157 seconds
61.310: [GC (Allocation Failure)  79489K->609K(438272K), 0.0005880 secs]
61.311: Total time for which application threads were stopped: 0.0007294 seconds, Stopping threads took: 0.0000267 seconds
61.370: [GC (Allocation Failure)  95329K->705K(436736K), 0.0006314 secs]
61.371: Total time for which application threads were stopped: 0.0007627 seconds, Stopping threads took: 0.0000192 seconds
61.435: [GC (Allocation Failure)  93889K->641K(435200K), 0.0005768 secs]
61.435: Total time for which application threads were stopped: 0.0007225 seconds, Stopping threads took: 0.0000208 seconds
61.493: [GC (Allocation Failure)  92289K->673K(433664K), 0.0004911 secs]
61.494: Total time for which application threads were stopped: 0.0006164 seconds, Stopping threads took: 0.0000254 seconds
61.556: [GC (Allocation Failure)  90785K->641K(432128K), 0.0004672 secs]
61.556: Total time for which application threads were stopped: 0.0005917 seconds, Stopping threads took: 0.0000259 seconds
61.617: [GC (Allocation Failure)  89217K->641K(430592K), 0.0005167 secs]
61.617: Total time for which application threads were stopped: 0.0006724 seconds, Stopping threads took: 0.0000304 seconds
61.678: [GC (Allocation Failure)  87681K->641K(429056K), 0.0004261 secs]
61.678: Total time for which application threads were stopped: 0.0005430 seconds, Stopping threads took: 0.0000163 seconds
61.735: [GC (Allocation Failure)  86145K->673K(427520K), 0.0004618 secs]
61.735: Total time for which application threads were stopped: 0.0005953 seconds, Stopping threads took: 0.0000198 seconds
61.791: [GC (Allocation Failure)  84641K->609K(425984K), 0.0006822 secs]
61.792: Total time for which application threads were stopped: 0.0008289 seconds, Stopping threads took: 0.0000222 seconds
61.850: [GC (Allocation Failure)  83041K->673K(424448K), 0.0005087 secs]
61.850: Total time for which application threads were stopped: 0.0006439 seconds, Stopping threads took: 0.0000304 seconds
61.901: [GC (Allocation Failure)  81569K->673K(422912K), 0.0004584 secs]
61.901: Total time for which application threads were stopped: 0.0005785 seconds, Stopping threads took: 0.0000194 seconds
61.951: [GC (Allocation Failure)  80033K->609K(421888K), 0.0005220 secs]
61.951: Total time for which application threads were stopped: 0.0006666 seconds, Stopping threads took: 0.0000272 seconds
62.005: [GC (Allocation Failure)  78945K->641K(420864K), 0.0005009 secs]
62.005: Total time for which application threads were stopped: 0.0006217 seconds, Stopping threads took: 0.0000201 seconds
62.054: [GC (Allocation Failure)  77953K->673K(419840K), 0.0006186 secs]
62.055: Total time for which application threads were stopped: 0.0007384 seconds, Stopping threads took: 0.0000193 seconds
62.103: [GC (Allocation Failure)  76961K->673K(418816K), 0.0004594 secs]
62.103: Total time for which application threads were stopped: 0.0005877 seconds, Stopping threads took: 0.0000278 seconds
62.157: [GC (Allocation Failure)  75937K->641K(417792K), 0.0007152 secs]
62.157: Total time for which application threads were stopped: 0.0008507 seconds, Stopping threads took: 0.0000279 seconds
62.204: [GC (Allocation Failure)  74881K->641K(416768K), 0.0005101 secs]
62.204: Total time for which application threads were stopped: 0.0006600 seconds, Stopping threads took: 0.0000293 seconds
62.255: [GC (Allocation Failure)  73857K->737K(415744K), 0.0005708 secs]
62.256: Total time for which application threads were stopped: 0.0007076 seconds, Stopping threads took: 0.0000289 seconds
62.306: [GC (Allocation Failure)  72929K->705K(414720K), 0.0004521 secs]
62.307: Total time for which application threads were stopped: 0.0005681 seconds, Stopping threads took: 0.0000194 seconds
62.355: [GC (Allocation Failure)  71873K->641K(413696K), 0.0004648 secs]
62.356: Total time for which application threads were stopped: 0.0005845 seconds, Stopping threads took: 0.0000267 seconds
62.406: [GC (Allocation Failure)  70785K->641K(412672K), 0.0004425 secs]
62.407: Total time for which application threads were stopped: 0.0005679 seconds, Stopping threads took: 0.0000164 seconds
62.456: [GC (Allocation Failure)  69761K->641K(411648K), 0.0006007 secs]
62.456: Total time for which application threads were stopped: 0.0007122 seconds, Stopping threads took: 0.0000173 seconds
62.502: [GC (Allocation Failure)  68737K->641K(410624K), 0.0004723 secs]
62.503: Total time for which application threads were stopped: 0.0005951 seconds, Stopping threads took: 0.0000260 seconds
62.549: [GC (Allocation Failure)  67713K->673K(409600K), 0.0005076 secs]
62.549: Total time for which application threads were stopped: 0.0006276 seconds, Stopping threads took: 0.0000192 seconds
62.596: [GC (Allocation Failure)  66721K->641K(408576K), 0.0005058 secs]
62.597: Total time for which application threads were stopped: 0.0006481 seconds, Stopping threads took: 0.0000205 seconds
62.638: [GC (Allocation Failure)  65665K->673K(407552K), 0.0005173 secs]
62.638: Total time for which application threads were stopped: 0.0006528 seconds, Stopping threads took: 0.0000216 seconds
62.679: [GC (Allocation Failure)  64673K->673K(406528K), 0.0004806 secs]
62.680: Total time for which application threads were stopped: 0.0005922 seconds, Stopping threads took: 0.0000153 seconds
62.724: [GC (Allocation Failure)  63649K->609K(419328K), 0.0006294 secs]
62.725: Total time for which application threads were stopped: 0.0007512 seconds, Stopping threads took: 0.0000190 seconds
62.778: [GC (Allocation Failure)  76385K->641K(418304K), 0.0005646 secs]
62.779: Total time for which application threads were stopped: 0.0006989 seconds, Stopping threads took: 0.0000262 seconds
62.830: [GC (Allocation Failure)  75393K->673K(417280K), 0.0005442 secs]
62.831: Total time for which application threads were stopped: 0.0006641 seconds, Stopping threads took: 0.0000247 seconds
62.883: [GC (Allocation Failure)  74401K->641K(416256K), 0.0005145 secs]
62.884: Total time for which application threads were stopped: 0.0006421 seconds, Stopping threads took: 0.0000273 seconds
62.930: [GC (Allocation Failure)  73345K->673K(415232K), 0.0004894 secs]
62.930: Total time for which application threads were stopped: 0.0006161 seconds, Stopping threads took: 0.0000191 seconds
62.975: [GC (Allocation Failure)  72353K->673K(414208K), 0.0005813 secs]
62.976: Total time for which application threads were stopped: 0.0007212 seconds, Stopping threads took: 0.0000211 seconds
63.022: [GC (Allocation Failure)  71329K->673K(413184K), 0.0004463 secs]
63.022: Total time for which application threads were stopped: 0.0005673 seconds, Stopping threads took: 0.0000192 seconds
63.069: [GC (Allocation Failure)  70305K->609K(412160K), 0.0005894 secs]
63.070: Total time for which application threads were stopped: 0.0007218 seconds, Stopping threads took: 0.0000285 seconds
63.112: [GC (Allocation Failure)  69217K->705K(425984K), 0.0005689 secs]
63.113: Total time for which application threads were stopped: 0.0006932 seconds, Stopping threads took: 0.0000267 seconds
63.170: [GC (Allocation Failure)  83137K->673K(424448K), 0.0004719 secs]
63.171: Total time for which application threads were stopped: 0.0005984 seconds, Stopping threads took: 0.0000278 seconds
63.221: [GC (Allocation Failure)  81569K->673K(422912K), 0.0004607 secs]
63.222: Total time for which application threads were stopped: 0.0005837 seconds, Stopping threads took: 0.0000265 seconds
63.271: [GC (Allocation Failure)  80033K->641K(421888K), 0.0004810 secs]
63.272: Total time for which application threads were stopped: 0.0006077 seconds, Stopping threads took: 0.0000272 seconds
63.327: [GC (Allocation Failure)  78977K->641K(420864K), 0.0004850 secs]
63.327: Total time for which application threads were stopped: 0.0006158 seconds, Stopping threads took: 0.0000336 seconds
63.381: [GC (Allocation Failure)  77953K->673K(419840K), 0.0006066 secs]
63.382: Total time for which application threads were stopped: 0.0007509 seconds, Stopping threads took: 0.0000277 seconds
63.434: [GC (Allocation Failure)  76961K->705K(418816K), 0.0005832 secs]
63.435: Total time for which application threads were stopped: 0.0007038 seconds, Stopping threads took: 0.0000194 seconds
63.482: [GC (Allocation Failure)  75969K->641K(417792K), 0.0005212 secs]
63.482: Total time for which application threads were stopped: 0.0006578 seconds, Stopping threads took: 0.0000176 seconds
63.529: [GC (Allocation Failure)  74881K->673K(416768K), 0.0004578 secs]
63.530: Total time for which application threads were stopped: 0.0005899 seconds, Stopping threads took: 0.0000282 seconds
63.576: [GC (Allocation Failure)  73889K->641K(415744K), 0.0004924 secs]
63.576: Total time for which application threads were stopped: 0.0006186 seconds, Stopping threads took: 0.0000272 seconds
63.622: [GC (Allocation Failure)  72833K->641K(430592K), 0.0017775 secs]
63.623: Total time for which application threads were stopped: 0.0019017 seconds, Stopping threads took: 0.0000272 seconds
63.678: [GC (Allocation Failure)  87681K->609K(448000K), 0.0005480 secs]
63.679: Total time for which application threads were stopped: 0.0006632 seconds, Stopping threads took: 0.0000239 seconds
63.744: [GC (Allocation Failure)  105057K->737K(468992K), 0.0004862 secs]
63.745: Total time for which application threads were stopped: 0.0005935 seconds, Stopping threads took: 0.0000170 seconds
63.828: [GC (Allocation Failure)  126177K->673K(483840K), 0.0006434 secs]
63.829: Total time for which application threads were stopped: 0.0007617 seconds, Stopping threads took: 0.0000189 seconds
63.923: [GC (Allocation Failure)  140961K->705K(480256K), 0.0005438 secs]
63.924: Total time for which application threads were stopped: 0.0006883 seconds, Stopping threads took: 0.0000238 seconds
64.015: [GC (Allocation Failure)  137409K->705K(477184K), 0.0004730 secs]
64.016: Total time for which application threads were stopped: 0.0005962 seconds, Stopping threads took: 0.0000196 seconds
64.104: [GC (Allocation Failure)  134337K->673K(474112K), 0.0004593 secs]
64.105: Total time for which application threads were stopped: 0.0005840 seconds, Stopping threads took: 0.0000266 seconds
64.186: [GC (Allocation Failure)  131233K->609K(471040K), 0.0005151 secs]
64.186: Total time for which application threads were stopped: 0.0006444 seconds, Stopping threads took: 0.0000274 seconds
64.266: [GC (Allocation Failure)  128097K->609K(467968K), 0.0006881 secs]
64.266: Total time for which application threads were stopped: 0.0008262 seconds, Stopping threads took: 0.0000209 seconds
64.349: [GC (Allocation Failure)  125025K->705K(465408K), 0.0005129 secs]
64.350: Total time for which application threads were stopped: 0.0006353 seconds, Stopping threads took: 0.0000170 seconds
64.426: [GC (Allocation Failure)  122561K->705K(462848K), 0.0005038 secs]
64.426: Total time for which application threads were stopped: 0.0006436 seconds, Stopping threads took: 0.0000293 seconds
64.501: [GC (Allocation Failure)  120001K->641K(460288K), 0.0005221 secs]
64.502: Total time for which application threads were stopped: 0.0006489 seconds, Stopping threads took: 0.0000191 seconds
64.575: [GC (Allocation Failure)  117377K->673K(457728K), 0.0004971 secs]
64.576: Total time for which application threads were stopped: 0.0006358 seconds, Stopping threads took: 0.0000213 seconds
64.647: [GC (Allocation Failure)  114849K->673K(455168K), 0.0006209 secs]
64.648: Total time for which application threads were stopped: 0.0007514 seconds, Stopping threads took: 0.0000220 seconds
64.719: [GC (Allocation Failure)  112289K->673K(452608K), 0.0004798 secs]
64.719: Total time for which application threads were stopped: 0.0006084 seconds, Stopping threads took: 0.0000274 seconds
64.787: [GC (Allocation Failure)  109729K->673K(450560K), 0.0004410 secs]
64.788: Total time for which application threads were stopped: 0.0005574 seconds, Stopping threads took: 0.0000192 seconds
64.855: [GC (Allocation Failure)  107681K->673K(448512K), 0.0005997 secs]
64.856: Total time for which application threads were stopped: 0.0007416 seconds, Stopping threads took: 0.0000207 seconds
64.921: [GC (Allocation Failure)  105633K->673K(446464K), 0.0005877 secs]
64.922: Total time for which application threads were stopped: 0.0007200 seconds, Stopping threads took: 0.0000206 seconds
64.991: [GC (Allocation Failure)  103585K->705K(444416K), 0.0004450 secs]
64.991: Total time for which application threads were stopped: 0.0005691 seconds, Stopping threads took: 0.0000264 seconds
65.058: [GC (Allocation Failure)  101569K->705K(442368K), 0.0006875 secs]
65.059: Total time for which application threads were stopped: 0.0007976 seconds, Stopping threads took: 0.0000172 seconds
65.121: [GC (Allocation Failure)  99521K->641K(440320K), 0.0004831 secs]
65.122: Total time for which application threads were stopped: 0.0006010 seconds, Stopping threads took: 0.0000186 seconds
65.182: [GC (Allocation Failure)  97409K->673K(438272K), 0.0004391 secs]
65.182: Total time for which application threads were stopped: 0.0005832 seconds, Stopping threads took: 0.0000212 seconds
65.249: [GC (Allocation Failure)  95393K->641K(436736K), 0.0005536 secs]
65.249: Total time for which application threads were stopped: 0.0006773 seconds, Stopping threads took: 0.0000170 seconds
65.307: [GC (Allocation Failure)  93825K->673K(435200K), 0.0004846 secs]
65.308: Total time for which application threads were stopped: 0.0006038 seconds, Stopping threads took: 0.0000188 seconds
65.371: [GC (Allocation Failure)  92321K->641K(433664K), 0.0005450 secs]
65.372: Total time for which application threads were stopped: 0.0006706 seconds, Stopping threads took: 0.0000273 seconds
65.433: [GC (Allocation Failure)  90753K->641K(432128K), 0.0005129 secs]
65.434: Total time for which application threads were stopped: 0.0006671 seconds, Stopping threads took: 0.0000264 seconds
65.492: [GC (Allocation Failure)  89217K->673K(430592K), 0.0004785 secs]
65.492: Total time for which application threads were stopped: 0.0006060 seconds, Stopping threads took: 0.0000190 seconds
65.547: [GC (Allocation Failure)  87713K->641K(429056K), 0.0005301 secs]
65.548: Total time for which application threads were stopped: 0.0006390 seconds, Stopping threads took: 0.0000171 seconds
65.602: [GC (Allocation Failure)  86145K->641K(427520K), 0.0004928 secs]
65.602: Total time for which application threads were stopped: 0.0006049 seconds, Stopping threads took: 0.0000192 seconds
65.655: [GC (Allocation Failure)  84609K->673K(425984K), 0.0005236 secs]
65.656: Total time for which application threads were stopped: 0.0006643 seconds, Stopping threads took: 0.0000248 seconds
65.711: [GC (Allocation Failure)  83105K->641K(424448K), 0.0005099 secs]
65.711: Total time for which application threads were stopped: 0.0006300 seconds, Stopping threads took: 0.0000198 seconds
65.762: [GC (Allocation Failure)  81537K->641K(422912K), 0.0004562 secs]
65.762: Total time for which application threads were stopped: 0.0005703 seconds, Stopping threads took: 0.0000183 seconds
65.816: [GC (Allocation Failure)  80001K->577K(421888K), 0.0006697 secs]
65.816: Total time for which application threads were stopped: 0.0007788 seconds, Stopping threads took: 0.0000164 seconds
65.868: [GC (Allocation Failure)  78913K->673K(420864K), 0.0004911 secs]
65.869: Total time for which application threads were stopped: 0.0006405 seconds, Stopping threads took: 0.0000534 seconds
65.917: [GC (Allocation Failure)  77985K->577K(419840K), 0.0005851 secs]
65.918: Total time for which application threads were stopped: 0.0006941 seconds, Stopping threads took: 0.0000168 seconds
65.966: [GC (Allocation Failure)  76865K->705K(418816K), 0.0003821 secs]
65.966: Total time for which application threads were stopped: 0.0004862 seconds, Stopping threads took: 0.0000157 seconds
66.014: [GC (Allocation Failure)  75969K->641K(417792K), 0.0004579 secs]
66.015: Total time for which application threads were stopped: 0.0005701 seconds, Stopping threads took: 0.0000255 seconds
66.062: [GC (Allocation Failure)  74881K->641K(416768K), 0.0003684 secs]
66.062: Total time for which application threads were stopped: 0.0004699 seconds, Stopping threads took: 0.0000155 seconds
66.110: [GC (Allocation Failure)  73857K->609K(415744K), 0.0005343 secs]
66.111: Total time for which application threads were stopped: 0.0006512 seconds, Stopping threads took: 0.0000191 seconds
66.156: [GC (Allocation Failure)  72801K->641K(414720K), 0.0004837 secs]
66.156: Total time for which application threads were stopped: 0.0005992 seconds, Stopping threads took: 0.0000182 seconds
66.201: [GC (Allocation Failure)  71809K->673K(413696K), 0.0004943 secs]
66.201: Total time for which application threads were stopped: 0.0006328 seconds, Stopping threads took: 0.0000266 seconds
66.251: [GC (Allocation Failure)  70817K->673K(412672K), 0.0004697 secs]
66.252: Total time for which application threads were stopped: 0.0006040 seconds, Stopping threads took: 0.0000289 seconds
66.295: [GC (Allocation Failure)  69793K->673K(411648K), 0.0004839 secs]
66.295: Total time for which application threads were stopped: 0.0006042 seconds, Stopping threads took: 0.0000191 seconds
66.342: [GC (Allocation Failure)  68769K->641K(410624K), 0.0004170 secs]
66.342: Total time for which application threads were stopped: 0.0005352 seconds, Stopping threads took: 0.0000187 seconds
66.388: [GC (Allocation Failure)  67713K->641K(409600K), 0.0004731 secs]
66.388: Total time for which application threads were stopped: 0.0005965 seconds, Stopping threads took: 0.0000272 seconds
66.436: [GC (Allocation Failure)  66689K->673K(408576K), 0.0005497 secs]
66.436: Total time for which application threads were stopped: 0.0006601 seconds, Stopping threads took: 0.0000171 seconds
66.481: [GC (Allocation Failure)  65697K->705K(407552K), 0.0005308 secs]
66.482: Total time for which application threads were stopped: 0.0006752 seconds, Stopping threads took: 0.0000215 seconds
66.523: [GC (Allocation Failure)  64705K->673K(406528K), 0.0004477 secs]
66.523: Total time for which application threads were stopped: 0.0005747 seconds, Stopping threads took: 0.0000269 seconds
66.566: [GC (Allocation Failure)  63649K->673K(405504K), 0.0005069 secs]
66.566: Total time for which application threads were stopped: 0.0006444 seconds, Stopping threads took: 0.0000280 seconds
66.605: [GC (Allocation Failure)  62625K->641K(418304K), 0.0006295 secs]
66.606: Total time for which application threads were stopped: 0.0007518 seconds, Stopping threads took: 0.0000204 seconds
66.660: [GC (Allocation Failure)  75393K->641K(417280K), 0.0005024 secs]
66.660: Total time for which application threads were stopped: 0.0006274 seconds, Stopping threads took: 0.0000265 seconds
66.707: [GC (Allocation Failure)  74369K->673K(432128K), 0.0007649 secs]
66.708: Total time for which application threads were stopped: 0.0008902 seconds, Stopping threads took: 0.0000273 seconds
66.763: [GC (Allocation Failure)  89249K->673K(450048K), 0.0005054 secs]
66.763: Total time for which application threads were stopped: 0.0006359 seconds, Stopping threads took: 0.0000321 seconds
66.830: [GC (Allocation Failure)  107169K->609K(448000K), 0.0005701 secs]
66.831: Total time for which application threads were stopped: 0.0007176 seconds, Stopping threads took: 0.0000198 seconds
66.901: [GC (Allocation Failure)  105057K->673K(445952K), 0.0004563 secs]
66.901: Total time for which application threads were stopped: 0.0005801 seconds, Stopping threads took: 0.0000274 seconds
66.970: [GC (Allocation Failure)  103073K->673K(443904K), 0.0004601 secs]
66.971: Total time for which application threads were stopped: 0.0005970 seconds, Stopping threads took: 0.0000271 seconds
67.035: [GC (Allocation Failure)  101025K->673K(441856K), 0.0004853 secs]
67.035: Total time for which application threads were stopped: 0.0006063 seconds, Stopping threads took: 0.0000186 seconds
67.096: [GC (Allocation Failure)  98977K->673K(439808K), 0.0005621 secs]
67.097: Total time for which application threads were stopped: 0.0006796 seconds, Stopping threads took: 0.0000193 seconds
67.157: [GC (Allocation Failure)  96929K->673K(437760K), 0.0004650 secs]
67.158: Total time for which application threads were stopped: 0.0005823 seconds, Stopping threads took: 0.0000191 seconds
67.216: [GC (Allocation Failure)  94881K->673K(436224K), 0.0004910 secs]
67.217: Total time for which application threads were stopped: 0.0006337 seconds, Stopping threads took: 0.0000242 seconds
67.274: [GC (Allocation Failure)  93345K->641K(434688K), 0.0005947 secs]
67.275: Total time for which application threads were stopped: 0.0007305 seconds, Stopping threads took: 0.0000192 seconds
67.336: [GC (Allocation Failure)  91777K->641K(433152K), 0.0004804 secs]
67.336: Total time for which application threads were stopped: 0.0006404 seconds, Stopping threads took: 0.0000308 seconds
67.396: [GC (Allocation Failure)  90241K->673K(431616K), 0.0004542 secs]
67.397: Total time for which application threads were stopped: 0.0005695 seconds, Stopping threads took: 0.0000185 seconds
67.452: [GC (Allocation Failure)  88737K->641K(430080K), 0.0004908 secs]
67.453: Total time for which application threads were stopped: 0.0006196 seconds, Stopping threads took: 0.0000203 seconds
67.507: [GC (Allocation Failure)  87169K->609K(428544K), 0.0004085 secs]
67.508: Total time for which application threads were stopped: 0.0005472 seconds, Stopping threads took: 0.0000263 seconds
67.566: [GC (Allocation Failure)  85601K->673K(427008K), 0.0004568 secs]
67.567: Total time for which application threads were stopped: 0.0005979 seconds, Stopping threads took: 0.0000270 seconds
67.626: [GC (Allocation Failure)  84129K->641K(425472K), 0.0005325 secs]
67.627: Total time for which application threads were stopped: 0.0006571 seconds, Stopping threads took: 0.0000269 seconds
67.679: [GC (Allocation Failure)  82561K->609K(423936K), 0.0006080 secs]
67.679: Total time for which application threads were stopped: 0.0007162 seconds, Stopping threads took: 0.0000166 seconds
67.733: [GC (Allocation Failure)  80993K->641K(422400K), 0.0004654 secs]
67.734: Total time for which application threads were stopped: 0.0005692 seconds, Stopping threads took: 0.0000175 seconds
67.790: [GC (Allocation Failure)  79489K->673K(421376K), 0.0004820 secs]
67.790: Total time for which application threads were stopped: 0.0005991 seconds, Stopping threads took: 0.0000190 seconds
67.839: [GC (Allocation Failure)  78497K->673K(420352K), 0.0006194 secs]
67.840: Total time for which application threads were stopped: 0.0007555 seconds, Stopping threads took: 0.0000275 seconds
67.893: [GC (Allocation Failure)  77473K->641K(419328K), 0.0004886 secs]
67.894: Total time for which application threads were stopped: 0.0006065 seconds, Stopping threads took: 0.0000187 seconds
67.946: [GC (Allocation Failure)  76417K->705K(418304K), 0.0006610 secs]
67.947: Total time for which application threads were stopped: 0.0007811 seconds, Stopping threads took: 0.0000191 seconds
68.000: [GC (Allocation Failure)  75457K->673K(417280K), 0.0004036 secs]
68.000: Total time for which application threads were stopped: 0.0005201 seconds, Stopping threads took: 0.0000257 seconds
68.050: [GC (Allocation Failure)  74401K->641K(416256K), 0.0007784 secs]
68.050: Total time for which application threads were stopped: 0.0009202 seconds, Stopping threads took: 0.0000289 seconds
68.099: [GC (Allocation Failure)  73345K->641K(415232K), 0.0004771 secs]
68.100: Total time for which application threads were stopped: 0.0006216 seconds, Stopping threads took: 0.0000280 seconds
68.145: [GC (Allocation Failure)  72321K->705K(414208K), 0.0004575 secs]
68.145: Total time for which application threads were stopped: 0.0005809 seconds, Stopping threads took: 0.0000190 seconds
68.189: [GC (Allocation Failure)  71361K->641K(413184K), 0.0005943 secs]
68.190: Total time for which application threads were stopped: 0.0007129 seconds, Stopping threads took: 0.0000187 seconds
68.233: [GC (Allocation Failure)  70273K->705K(412160K), 0.0004781 secs]
68.234: Total time for which application threads were stopped: 0.0006174 seconds, Stopping threads took: 0.0000276 seconds
68.284: [GC (Allocation Failure)  69313K->673K(411136K), 0.0005091 secs]
68.284: Total time for which application threads were stopped: 0.0006358 seconds, Stopping threads took: 0.0000204 seconds
68.331: [GC (Allocation Failure)  68257K->641K(410112K), 0.0006001 secs]
68.331: Total time for which application threads were stopped: 0.0007349 seconds, Stopping threads took: 0.0000208 seconds
68.374: [GC (Allocation Failure)  67201K->641K(409088K), 0.0004411 secs]
68.374: Total time for which application threads were stopped: 0.0005784 seconds, Stopping threads took: 0.0000268 seconds
68.419: [GC (Allocation Failure)  66177K->673K(408064K), 0.0005640 secs]
68.419: Total time for which application threads were stopped: 0.0007008 seconds, Stopping threads took: 0.0000216 seconds
68.460: [GC (Allocation Failure)  65185K->641K(421376K), 0.0005257 secs]
68.460: Total time for which application threads were stopped: 0.0006736 seconds, Stopping threads took: 0.0000219 seconds
68.515: [GC (Allocation Failure)  78465K->641K(420352K), 0.0005044 secs]
68.516: Total time for which application threads were stopped: 0.0006536 seconds, Stopping threads took: 0.0000276 seconds
68.568: [GC (Allocation Failure)  77441K->673K(419328K), 0.0005169 secs]
68.568: Total time for which application threads were stopped: 0.0006409 seconds, Stopping threads took: 0.0000189 seconds
68.621: [GC (Allocation Failure)  76449K->673K(418304K), 0.0004712 secs]
68.622: Total time for which application threads were stopped: 0.0006050 seconds, Stopping threads took: 0.0000193 seconds
68.674: [GC (Allocation Failure)  75425K->673K(433664K), 0.0059110 secs]
68.680: Total time for which application threads were stopped: 0.0060451 seconds, Stopping threads took: 0.0000250 seconds
68.736: [GC (Allocation Failure)  90785K->673K(452096K), 0.0005127 secs]
68.737: Total time for which application threads were stopped: 0.0006470 seconds, Stopping threads took: 0.0000273 seconds
68.804: [GC (Allocation Failure)  109217K->737K(474112K), 0.0005172 secs]
68.805: Total time for which application threads were stopped: 0.0006667 seconds, Stopping threads took: 0.0000224 seconds
68.892: [GC (Allocation Failure)  131297K->673K(483840K), 0.0006620 secs]
68.892: Total time for which application threads were stopped: 0.0007995 seconds, Stopping threads took: 0.0000214 seconds
68.980: [GC (Allocation Failure)  140961K->641K(500224K), 0.0005272 secs]
68.981: Total time for which application threads were stopped: 0.0006487 seconds, Stopping threads took: 0.0000206 seconds
69.085: [GC (Allocation Failure)  157313K->673K(500224K), 0.0004413 secs]
69.085: Total time for which application threads were stopped: 0.0005661 seconds, Stopping threads took: 0.0000192 seconds
69.187: [GC (Allocation Failure)  157345K->641K(496128K), 0.0005013 secs]
69.188: Total time for which application threads were stopped: 0.0006210 seconds, Stopping threads took: 0.0000198 seconds
69.283: [GC (Allocation Failure)  153217K->641K(492032K), 0.0005602 secs]
69.283: Total time for which application threads were stopped: 0.0006781 seconds, Stopping threads took: 0.0000191 seconds
69.379: [GC (Allocation Failure)  149121K->641K(488448K), 0.0004709 secs]
69.379: Total time for which application threads were stopped: 0.0006082 seconds, Stopping threads took: 0.0000278 seconds
69.472: [GC (Allocation Failure)  145537K->641K(484864K), 0.0005077 secs]
69.473: Total time for which application threads were stopped: 0.0006642 seconds, Stopping threads took: 0.0000303 seconds
69.567: [GC (Allocation Failure)  141953K->673K(481280K), 0.0004854 secs]
69.567: Total time for which application threads were stopped: 0.0006093 seconds, Stopping threads took: 0.0000279 seconds
69.654: [GC (Allocation Failure)  138401K->673K(478208K), 0.0005371 secs]
69.654: Total time for which application threads were stopped: 0.0006668 seconds, Stopping threads took: 0.0000274 seconds
69.739: [GC (Allocation Failure)  135329K->609K(475136K), 0.0005162 secs]
69.739: Total time for which application threads were stopped: 0.0006328 seconds, Stopping threads took: 0.0000188 seconds
69.821: [GC (Allocation Failure)  132193K->577K(472064K), 0.0005746 secs]
69.821: Total time for which application threads were stopped: 0.0006928 seconds, Stopping threads took: 0.0000168 seconds
69.907: [GC (Allocation Failure)  129089K->737K(468992K), 0.0004978 secs]
69.907: Total time for which application threads were stopped: 0.0006254 seconds, Stopping threads took: 0.0000199 seconds
69.989: [GC (Allocation Failure)  126177K->705K(465920K), 0.0006086 secs]
69.990: Total time for which application threads were stopped: 0.0007501 seconds, Stopping threads took: 0.0000283 seconds
70.070: [GC (Allocation Failure)  123073K->641K(463360K), 0.0003860 secs]
70.070: Total time for which application threads were stopped: 0.0004911 seconds, Stopping threads took: 0.0000167 seconds
70.145: [GC (Allocation Failure)  120449K->641K(460800K), 0.0004475 secs]
70.145: Total time for which application threads were stopped: 0.0005672 seconds, Stopping threads took: 0.0000165 seconds
70.218: [GC (Allocation Failure)  117889K->705K(458240K), 0.0004660 secs]
70.218: Total time for which application threads were stopped: 0.0006249 seconds, Stopping threads took: 0.0000204 seconds
70.296: [GC (Allocation Failure)  115393K->705K(455680K), 0.0004770 secs]
70.296: Total time for which application threads were stopped: 0.0005864 seconds, Stopping threads took: 0.0000168 seconds
70.369: [GC (Allocation Failure)  112833K->641K(453120K), 0.0004646 secs]
70.370: Total time for which application threads were stopped: 0.0005751 seconds, Stopping threads took: 0.0000169 seconds
70.438: [GC (Allocation Failure)  110209K->673K(451072K), 0.0004645 secs]
70.438: Total time for which application threads were stopped: 0.0005893 seconds, Stopping threads took: 0.0000271 seconds
70.506: [GC (Allocation Failure)  108193K->609K(449024K), 0.0004826 secs]
70.506: Total time for which application threads were stopped: 0.0006076 seconds, Stopping threads took: 0.0000266 seconds
70.578: [GC (Allocation Failure)  106081K->673K(446976K), 0.0004540 secs]
70.579: Total time for which application threads were stopped: 0.0005804 seconds, Stopping threads took: 0.0000285 seconds
70.649: [GC (Allocation Failure)  104097K->641K(444928K), 0.0004123 secs]
70.649: Total time for which application threads were stopped: 0.0005303 seconds, Stopping threads took: 0.0000259 seconds
70.713: [GC (Allocation Failure)  102017K->641K(442880K), 0.0004731 secs]
70.714: Total time for which application threads were stopped: 0.0005931 seconds, Stopping threads took: 0.0000195 seconds
70.779: [GC (Allocation Failure)  99969K->609K(440832K), 0.0005931 secs]
70.780: Total time for which application threads were stopped: 0.0007289 seconds, Stopping threads took: 0.0000217 seconds
70.846: [GC (Allocation Failure)  97889K->641K(438784K), 0.0006626 secs]
70.847: Total time for which application threads were stopped: 0.0007923 seconds, Stopping threads took: 0.0000209 seconds
70.909: [GC (Allocation Failure)  95873K->641K(437248K), 0.0005934 secs]
70.910: Total time for which application threads were stopped: 0.0007205 seconds, Stopping threads took: 0.0000194 seconds
70.972: [GC (Allocation Failure)  94337K->705K(435712K), 0.0004533 secs]
70.972: Total time for which application threads were stopped: 0.0005805 seconds, Stopping threads took: 0.0000265 seconds
71.031: [GC (Allocation Failure)  92865K->641K(434176K), 0.0004441 secs]
71.031: Total time for which application threads were stopped: 0.0005767 seconds, Stopping threads took: 0.0000289 seconds
71.088: [GC (Allocation Failure)  91265K->641K(432640K), 0.0006837 secs]
71.088: Total time for which application threads were stopped: 0.0008271 seconds, Stopping threads took: 0.0000214 seconds
71.144: [GC (Allocation Failure)  89729K->641K(431104K), 0.0004682 secs]
71.144: Total time for which application threads were stopped: 0.0005969 seconds, Stopping threads took: 0.0000273 seconds
71.199: [GC (Allocation Failure)  88193K->673K(429568K), 0.0006529 secs]
71.200: Total time for which application threads were stopped: 0.0007872 seconds, Stopping threads took: 0.0000266 seconds
71.256: [GC (Allocation Failure)  86689K->705K(428032K), 0.0005100 secs]
71.257: Total time for which application threads were stopped: 0.0006515 seconds, Stopping threads took: 0.0000212 seconds
71.313: [GC (Allocation Failure)  85185K->641K(426496K), 0.0005127 secs]
71.313: Total time for which application threads were stopped: 0.0006589 seconds, Stopping threads took: 0.0000215 seconds
71.365: [GC (Allocation Failure)  83585K->641K(424960K), 0.0006089 secs]
71.366: Total time for which application threads were stopped: 0.0007293 seconds, Stopping threads took: 0.0000193 seconds
71.422: [GC (Allocation Failure)  82049K->641K(423424K), 0.0005668 secs]
71.423: Total time for which application threads were stopped: 0.0006968 seconds, Stopping threads took: 0.0000274 seconds
71.473: [GC (Allocation Failure)  80513K->641K(422400K), 0.0005568 secs]
71.473: Total time for which application threads were stopped: 0.0006852 seconds, Stopping threads took: 0.0000192 seconds
71.529: [GC (Allocation Failure)  79489K->641K(421376K), 0.0005576 secs]
71.530: Total time for which application threads were stopped: 0.0006840 seconds, Stopping threads took: 0.0000278 seconds
71.585: [GC (Allocation Failure)  78465K->705K(420352K), 0.0005082 secs]
71.585: Total time for which application threads were stopped: 0.0006551 seconds, Stopping threads took: 0.0000278 seconds
71.637: [GC (Allocation Failure)  77505K->673K(419328K), 0.0004756 secs]
71.638: Total time for which application threads were stopped: 0.0005950 seconds, Stopping threads took: 0.0000194 seconds
71.687: [GC (Allocation Failure)  76449K->705K(418304K), 0.0004838 secs]
71.687: Total time for which application threads were stopped: 0.0006161 seconds, Stopping threads took: 0.0000309 seconds
71.737: [GC (Allocation Failure)  75457K->705K(417280K), 0.0005019 secs]
71.737: Total time for which application threads were stopped: 0.0006330 seconds, Stopping threads took: 0.0000275 seconds
71.788: [GC (Allocation Failure)  74433K->641K(416256K), 0.0005525 secs]
71.788: Total time for which application threads were stopped: 0.0006746 seconds, Stopping threads took: 0.0000193 seconds
71.840: [GC (Allocation Failure)  73345K->673K(415232K), 0.0005464 secs]
71.840: Total time for which application threads were stopped: 0.0006808 seconds, Stopping threads took: 0.0000210 seconds
71.885: [GC (Allocation Failure)  72353K->641K(414208K), 0.0004919 secs]
71.886: Total time for which application threads were stopped: 0.0006108 seconds, Stopping threads took: 0.0000190 seconds
71.930: [GC (Allocation Failure)  71297K->641K(413184K), 0.0005524 secs]
71.931: Total time for which application threads were stopped: 0.0006982 seconds, Stopping threads took: 0.0000280 seconds
71.975: [GC (Allocation Failure)  70273K->641K(412160K), 0.0004841 secs]
71.975: Total time for which application threads were stopped: 0.0006428 seconds, Stopping threads took: 0.0000285 seconds
72.020: [GC (Allocation Failure)  69249K->641K(411136K), 0.0004302 secs]
72.020: Total time for which application threads were stopped: 0.0005648 seconds, Stopping threads took: 0.0000265 seconds
72.064: [GC (Allocation Failure)  68225K->609K(410112K), 0.0005017 secs]
72.065: Total time for which application threads were stopped: 0.0006479 seconds, Stopping threads took: 0.0000299 seconds
72.113: [GC (Allocation Failure)  67169K->609K(409088K), 0.0006509 secs]
72.113: Total time for which application threads were stopped: 0.0007969 seconds, Stopping threads took: 0.0000211 seconds
72.154: [GC (Allocation Failure)  66145K->673K(422400K), 0.0005705 secs]
72.155: Total time for which application threads were stopped: 0.0007230 seconds, Stopping threads took: 0.0000222 seconds
72.209: [GC (Allocation Failure)  79521K->737K(421376K), 0.0005164 secs]
72.210: Total time for which application threads were stopped: 0.0006529 seconds, Stopping threads took: 0.0000207 seconds
72.258: [GC (Allocation Failure)  78561K->641K(420352K), 0.0005919 secs]
72.259: Total time for which application threads were stopped: 0.0007469 seconds, Stopping threads took: 0.0000299 seconds
72.313: [GC (Allocation Failure)  77441K->673K(419328K), 0.0004977 secs]
72.313: Total time for which application threads were stopped: 0.0006349 seconds, Stopping threads took: 0.0000218 seconds
72.361: [GC (Allocation Failure)  76449K->673K(418304K), 0.0004878 secs]
72.361: Total time for which application threads were stopped: 0.0006051 seconds, Stopping threads took: 0.0000189 seconds
72.408: [GC (Allocation Failure)  75425K->673K(417280K), 0.0004878 secs]
72.408: Total time for which application threads were stopped: 0.0006067 seconds, Stopping threads took: 0.0000188 seconds
72.460: [GC (Allocation Failure)  74401K->609K(416256K), 0.0006765 secs]
72.461: Total time for which application threads were stopped: 0.0008129 seconds, Stopping threads took: 0.0000211 seconds
72.512: [GC (Allocation Failure)  73313K->705K(415232K), 0.0004808 secs]
72.512: Total time for which application threads were stopped: 0.0006055 seconds, Stopping threads took: 0.0000280 seconds
72.563: [GC (Allocation Failure)  72385K->641K(414208K), 0.0005159 secs]
72.564: Total time for which application threads were stopped: 0.0006242 seconds, Stopping threads took: 0.0000167 seconds
72.608: [GC (Allocation Failure)  71297K->737K(413184K), 0.0004845 secs]
72.609: Total time for which application threads were stopped: 0.0006038 seconds, Stopping threads took: 0.0000182 seconds
72.658: [GC (Allocation Failure)  70369K->641K(412160K), 0.0005721 secs]
72.659: Total time for which application threads were stopped: 0.0006998 seconds, Stopping threads took: 0.0000251 seconds
72.705: [GC (Allocation Failure)  69249K->641K(411136K), 0.0004482 secs]
72.706: Total time for which application threads were stopped: 0.0005685 seconds, Stopping threads took: 0.0000198 seconds
72.748: [GC (Allocation Failure)  68225K->641K(410112K), 0.0004696 secs]
72.749: Total time for which application threads were stopped: 0.0005906 seconds, Stopping threads took: 0.0000195 seconds
72.790: [GC (Allocation Failure)  67201K->705K(423424K), 0.0006655 secs]
72.791: Total time for which application threads were stopped: 0.0007871 seconds, Stopping threads took: 0.0000192 seconds
72.841: [GC (Allocation Failure)  80577K->673K(422400K), 0.0005163 secs]
72.842: Total time for which application threads were stopped: 0.0006535 seconds, Stopping threads took: 0.0000211 seconds
72.891: [GC (Allocation Failure)  79521K->673K(421376K), 0.0004946 secs]
72.892: Total time for which application threads were stopped: 0.0006224 seconds, Stopping threads took: 0.0000224 seconds
72.946: [GC (Allocation Failure)  78497K->705K(420352K), 0.0005452 secs]
72.947: Total time for which application threads were stopped: 0.0006752 seconds, Stopping threads took: 0.0000194 seconds
72.995: [GC (Allocation Failure)  77505K->641K(419328K), 0.0004539 secs]
72.996: Total time for which application threads were stopped: 0.0005698 seconds, Stopping threads took: 0.0000250 seconds
73.048: [GC (Allocation Failure)  76417K->641K(418304K), 0.0005070 secs]
73.049: Total time for which application threads were stopped: 0.0006265 seconds, Stopping threads took: 0.0000172 seconds
73.100: [GC (Allocation Failure)  75393K->673K(417280K), 0.0004775 secs]
73.101: Total time for which application threads were stopped: 0.0006031 seconds, Stopping threads took: 0.0000213 seconds
73.147: [GC (Allocation Failure)  74401K->641K(416256K), 0.0004850 secs]
73.148: Total time for which application threads were stopped: 0.0006043 seconds, Stopping threads took: 0.0000190 seconds
73.199: [GC (Allocation Failure)  73345K->641K(415232K), 0.0005219 secs]
73.200: Total time for which application threads were stopped: 0.0006682 seconds, Stopping threads took: 0.0000280 seconds
73.251: [GC (Allocation Failure)  72321K->641K(414208K), 0.0004705 secs]
73.251: Total time for which application threads were stopped: 0.0006057 seconds, Stopping threads took: 0.0000294 seconds
73.296: [GC (Allocation Failure)  71297K->705K(413184K), 0.0006171 secs]
73.296: Total time for which application threads were stopped: 0.0007359 seconds, Stopping threads took: 0.0000189 seconds
73.346: [GC (Allocation Failure)  70337K->609K(412160K), 0.0005960 secs]
73.347: Total time for which application threads were stopped: 0.0007208 seconds, Stopping threads took: 0.0000197 seconds
73.394: [GC (Allocation Failure)  69217K->641K(411136K), 0.0004135 secs]
73.395: Total time for which application threads were stopped: 0.0005187 seconds, Stopping threads took: 0.0000165 seconds
73.437: [GC (Allocation Failure)  68225K->641K(410112K), 0.0004117 secs]
73.437: Total time for which application threads were stopped: 0.0005153 seconds, Stopping threads took: 0.0000162 seconds
73.479: [GC (Allocation Failure)  67201K->641K(409088K), 0.0003954 secs]
73.479: Total time for which application threads were stopped: 0.0005211 seconds, Stopping threads took: 0.0000170 seconds
73.521: [GC (Allocation Failure)  66177K->641K(408064K), 0.0003936 secs]
73.522: Total time for which application threads were stopped: 0.0004991 seconds, Stopping threads took: 0.0000165 seconds
73.563: [GC (Allocation Failure)  65153K->673K(407040K), 0.0005685 secs]
73.564: Total time for which application threads were stopped: 0.0006741 seconds, Stopping threads took: 0.0000164 seconds
73.603: [GC (Allocation Failure)  64161K->641K(406016K), 0.0004592 secs]
73.604: Total time for which application threads were stopped: 0.0005680 seconds, Stopping threads took: 0.0000166 seconds
73.643: [GC (Allocation Failure)  63105K->641K(405504K), 0.0005207 secs]
73.644: Total time for which application threads were stopped: 0.0006773 seconds, Stopping threads took: 0.0000278 seconds
73.684: [GC (Allocation Failure)  62593K->609K(404992K), 0.0004726 secs]
73.685: Total time for which application threads were stopped: 0.0006177 seconds, Stopping threads took: 0.0000193 seconds
73.723: [GC (Allocation Failure)  62049K->673K(417280K), 0.0005039 secs]
73.724: Total time for which application threads were stopped: 0.0006341 seconds, Stopping threads took: 0.0000214 seconds
73.776: [GC (Allocation Failure)  74401K->641K(416256K), 0.0005520 secs]
73.776: Total time for which application threads were stopped: 0.0006983 seconds, Stopping threads took: 0.0000284 seconds
73.825: [GC (Allocation Failure)  73345K->641K(415232K), 0.0004548 secs]
73.825: Total time for which application threads were stopped: 0.0005856 seconds, Stopping threads took: 0.0000204 seconds
73.875: [GC (Allocation Failure)  72321K->609K(414208K), 0.0006066 secs]
73.876: Total time for which application threads were stopped: 0.0007512 seconds, Stopping threads took: 0.0000200 seconds
73.921: [GC (Allocation Failure)  71265K->705K(413184K), 0.0004548 secs]
73.921: Total time for which application threads were stopped: 0.0005801 seconds, Stopping threads took: 0.0000215 seconds
73.970: [GC (Allocation Failure)  70337K->673K(412160K), 0.0004715 secs]
73.970: Total time for which application threads were stopped: 0.0005956 seconds, Stopping threads took: 0.0000269 seconds
74.021: [GC (Allocation Failure)  69281K->641K(411136K), 0.0004756 secs]
74.021: Total time for which application threads were stopped: 0.0005958 seconds, Stopping threads took: 0.0000197 seconds
74.069: [GC (Allocation Failure)  68225K->673K(410112K), 0.0004573 secs]
74.069: Total time for which application threads were stopped: 0.0005766 seconds, Stopping threads took: 0.0000197 seconds
74.111: [GC (Allocation Failure)  67233K->641K(409088K), 0.0005645 secs]
74.111: Total time for which application threads were stopped: 0.0006841 seconds, Stopping threads took: 0.0000194 seconds
74.156: [GC (Allocation Failure)  66177K->641K(408064K), 0.0004623 secs]
74.156: Total time for which application threads were stopped: 0.0005780 seconds, Stopping threads took: 0.0000187 seconds
74.196: [GC (Allocation Failure)  65153K->705K(407040K), 0.0004553 secs]
74.197: Total time for which application threads were stopped: 0.0005606 seconds, Stopping threads took: 0.0000174 seconds
74.236: [GC (Allocation Failure)  64193K->705K(406016K), 0.0004611 secs]
74.237: Total time for which application threads were stopped: 0.0005881 seconds, Stopping threads took: 0.0000273 seconds
74.276: [GC (Allocation Failure)  63169K->673K(405504K), 0.0004809 secs]
74.277: Total time for which application threads were stopped: 0.0006006 seconds, Stopping threads took: 0.0000189 seconds
74.315: [GC (Allocation Failure)  62625K->641K(404992K), 0.0004750 secs]
74.316: Total time for which application threads were stopped: 0.0006014 seconds, Stopping threads took: 0.0000268 seconds
74.359: [GC (Allocation Failure)  62081K->641K(404480K), 0.0005132 secs]
74.360: Total time for which application threads were stopped: 0.0006566 seconds, Stopping threads took: 0.0000210 seconds
74.404: [GC (Allocation Failure)  61569K->673K(403968K), 0.0004850 secs]
74.404: Total time for which application threads were stopped: 0.0006228 seconds, Stopping threads took: 0.0000208 seconds
74.442: [GC (Allocation Failure)  61089K->673K(416256K), 0.0006847 secs]
74.443: Total time for which application threads were stopped: 0.0008329 seconds, Stopping threads took: 0.0000217 seconds
74.489: [GC (Allocation Failure)  73377K->577K(431104K), 0.0006093 secs]
74.489: Total time for which application threads were stopped: 0.0007461 seconds, Stopping threads took: 0.0000215 seconds
74.545: [GC (Allocation Failure)  88129K->673K(449024K), 0.0004750 secs]
74.546: Total time for which application threads were stopped: 0.0006031 seconds, Stopping threads took: 0.0000275 seconds
74.612: [GC (Allocation Failure)  106145K->705K(446976K), 0.0005954 secs]
74.612: Total time for which application threads were stopped: 0.0007135 seconds, Stopping threads took: 0.0000196 seconds
74.678: [GC (Allocation Failure)  104129K->641K(444928K), 0.0005747 secs]
74.679: Total time for which application threads were stopped: 0.0007163 seconds, Stopping threads took: 0.0000166 seconds
74.746: [GC (Allocation Failure)  102017K->641K(442880K), 0.0005544 secs]
74.747: Total time for which application threads were stopped: 0.0006736 seconds, Stopping threads took: 0.0000189 seconds
74.808: [GC (Allocation Failure)  99969K->641K(440832K), 0.0005734 secs]
74.809: Total time for which application threads were stopped: 0.0007141 seconds, Stopping threads took: 0.0000202 seconds
74.870: [GC (Allocation Failure)  97921K->641K(438784K), 0.0004970 secs]
74.870: Total time for which application threads were stopped: 0.0006542 seconds, Stopping threads took: 0.0000296 seconds
74.929: [GC (Allocation Failure)  95873K->673K(437248K), 0.0005965 secs]
74.930: Total time for which application threads were stopped: 0.0007475 seconds, Stopping threads took: 0.0000222 seconds
74.992: [GC (Allocation Failure)  94369K->673K(435712K), 0.0004953 secs]
74.993: Total time for which application threads were stopped: 0.0006299 seconds, Stopping threads took: 0.0000209 seconds
75.050: [GC (Allocation Failure)  92833K->673K(434176K), 0.0004753 secs]
75.051: Total time for which application threads were stopped: 0.0006112 seconds, Stopping threads took: 0.0000190 seconds
75.111: [GC (Allocation Failure)  91297K->641K(432640K), 0.0004979 secs]
75.112: Total time for which application threads were stopped: 0.0006338 seconds, Stopping threads took: 0.0000193 seconds
75.173: [GC (Allocation Failure)  89729K->641K(431104K), 0.0004873 secs]
75.174: Total time for which application threads were stopped: 0.0006176 seconds, Stopping threads took: 0.0000217 seconds
75.233: [GC (Allocation Failure)  88193K->673K(429568K), 0.0005507 secs]
75.233: Total time for which application threads were stopped: 0.0006776 seconds, Stopping threads took: 0.0000273 seconds
75.294: [GC (Allocation Failure)  86689K->673K(428032K), 0.0004912 secs]
75.295: Total time for which application threads were stopped: 0.0006105 seconds, Stopping threads took: 0.0000189 seconds
75.351: [GC (Allocation Failure)  85153K->673K(426496K), 0.0004595 secs]
75.351: Total time for which application threads were stopped: 0.0005758 seconds, Stopping threads took: 0.0000189 seconds
75.403: [GC (Allocation Failure)  83617K->641K(424960K), 0.0004746 secs]
75.404: Total time for which application threads were stopped: 0.0006040 seconds, Stopping threads took: 0.0000265 seconds
75.460: [GC (Allocation Failure)  82049K->737K(423424K), 0.0004644 secs]
75.460: Total time for which application threads were stopped: 0.0005816 seconds, Stopping threads took: 0.0000188 seconds
75.516: [GC (Allocation Failure)  80609K->673K(422400K), 0.0004547 secs]
75.517: Total time for which application threads were stopped: 0.0005813 seconds, Stopping threads took: 0.0000270 seconds
