Java HotSpot(TM) 64-Bit Server VM (25.171-b11) for linux-amd64 JRE (1.8.0_171-b11), built on Mar 28 2018 17:07:08 by "java_re" with gcc 4.3.0 20080428 (Red Hat 4.3.0-8)
Memory: 4k page, physical 32883000k(29631552k free), swap 8000508k(8000508k free)
CommandLine flags: -XX:InitialHeapSize=526128000 -XX:MaxHeapSize=8418048000 -XX:+PrintGC -XX:+PrintGCApplicationStoppedTime -XX:+PrintGCTimeStamps -XX:+UseCompressedClassPointers -XX:+UseCompressedOops -XX:+UseParallelGC 
0.382: [GC (Allocation Failure)  129024K->2381K(493056K), 0.0018087 secs]
0.384: Total time for which application threads were stopped: 0.0020090 seconds, Stopping threads took: 0.0000221 seconds
0.473: [GC (Allocation Failure)  131405K->544K(493056K), 0.0011247 secs]
0.474: Total time for which application threads were stopped: 0.0012622 seconds, Stopping threads took: 0.0000290 seconds
0.560: [GC (Allocation Failure)  129568K->648K(493056K), 0.0010546 secs]
0.561: Total time for which application threads were stopped: 0.0011764 seconds, Stopping threads took: 0.0000302 seconds
0.647: [GC (Allocation Failure)  129672K->680K(493056K), 0.0010819 secs]
0.648: Total time for which application threads were stopped: 0.0012066 seconds, Stopping threads took: 0.0000294 seconds
0.735: [GC (Allocation Failure)  129704K->583K(470016K), 0.0009982 secs]
0.736: Total time for which application threads were stopped: 0.0011383 seconds, Stopping threads took: 0.0000268 seconds
0.815: [GC (Allocation Failure)  126535K->664K(466944K), 0.0010439 secs]
0.816: Total time for which application threads were stopped: 0.0011652 seconds, Stopping threads took: 0.0000201 seconds
0.898: [GC (Allocation Failure)  123544K->577K(463872K), 0.0009413 secs]
0.899: Total time for which application threads were stopped: 0.0010653 seconds, Stopping threads took: 0.0000206 seconds
0.977: [GC (Allocation Failure)  120897K->673K(461312K), 0.0005650 secs]
0.977: Total time for which application threads were stopped: 0.0006915 seconds, Stopping threads took: 0.0000283 seconds
1.054: [GC (Allocation Failure)  118433K->609K(460800K), 0.0005424 secs]
1.055: Total time for which application threads were stopped: 0.0006556 seconds, Stopping threads took: 0.0000319 seconds
1.131: [GC (Allocation Failure)  115809K->609K(456192K), 0.0005561 secs]
1.131: Total time for which application threads were stopped: 0.0006665 seconds, Stopping threads took: 0.0000318 seconds
1.208: [GC (Allocation Failure)  113249K->609K(455168K), 0.0005577 secs]
1.208: Total time for which application threads were stopped: 0.0006768 seconds, Stopping threads took: 0.0000330 seconds
1.280: [GC (Allocation Failure)  110689K->673K(451584K), 0.0005200 secs]
1.280: Total time for which application threads were stopped: 0.0006562 seconds, Stopping threads took: 0.0000305 seconds
1.349: [GC (Allocation Failure)  108705K->609K(451072K), 0.0004371 secs]
1.349: Total time for which application threads were stopped: 0.0005634 seconds, Stopping threads took: 0.0000297 seconds
1.417: [GC (Allocation Failure)  106593K->641K(447488K), 0.0003619 secs]
1.417: Total time for which application threads were stopped: 0.0004535 seconds, Stopping threads took: 0.0000159 seconds
1.484: [GC (Allocation Failure)  104577K->641K(446976K), 0.0003876 secs]
1.484: Total time for which application threads were stopped: 0.0004910 seconds, Stopping threads took: 0.0000169 seconds
1.552: [GC (Allocation Failure)  102529K->641K(443392K), 0.0006441 secs]
1.553: Total time for which application threads were stopped: 0.0007472 seconds, Stopping threads took: 0.0000165 seconds
1.621: [GC (Allocation Failure)  100481K->641K(442880K), 0.0004600 secs]
1.622: Total time for which application threads were stopped: 0.0005776 seconds, Stopping threads took: 0.0000202 seconds
1.689: [GC (Allocation Failure)  98433K->673K(439296K), 0.0004909 secs]
1.690: Total time for which application threads were stopped: 0.0005951 seconds, Stopping threads took: 0.0000181 seconds
1.750: [GC (Allocation Failure)  96417K->737K(438784K), 0.0004716 secs]
1.751: Total time for which application threads were stopped: 0.0005974 seconds, Stopping threads took: 0.0000280 seconds
1.810: [GC (Allocation Failure)  94945K->673K(436224K), 0.0005276 secs]
1.811: Total time for which application threads were stopped: 0.0006504 seconds, Stopping threads took: 0.0000270 seconds
1.869: [GC (Allocation Failure)  93345K->641K(435712K), 0.0004674 secs]
1.870: Total time for which application threads were stopped: 0.0005832 seconds, Stopping threads took: 0.0000202 seconds
1.933: [GC (Allocation Failure)  91777K->673K(433152K), 0.0004283 secs]
1.934: Total time for which application threads were stopped: 0.0005627 seconds, Stopping threads took: 0.0000249 seconds
1.990: [GC (Allocation Failure)  90273K->641K(432640K), 0.0004815 secs]
1.991: Total time for which application threads were stopped: 0.0006045 seconds, Stopping threads took: 0.0000278 seconds
2.046: [GC (Allocation Failure)  88705K->673K(430080K), 0.0005427 secs]
2.047: Total time for which application threads were stopped: 0.0006607 seconds, Stopping threads took: 0.0000202 seconds
2.103: [GC (Allocation Failure)  87201K->673K(429056K), 0.0005400 secs]
2.103: Total time for which application threads were stopped: 0.0006617 seconds, Stopping threads took: 0.0000271 seconds
2.157: [GC (Allocation Failure)  85665K->673K(427008K), 0.0006138 secs]
2.158: Total time for which application threads were stopped: 0.0007379 seconds, Stopping threads took: 0.0000277 seconds
2.214: [GC (Allocation Failure)  84129K->673K(425984K), 0.0004426 secs]
2.215: Total time for which application threads were stopped: 0.0005621 seconds, Stopping threads took: 0.0000209 seconds
2.272: [GC (Allocation Failure)  82593K->641K(423936K), 0.0005255 secs]
2.273: Total time for which application threads were stopped: 0.0006544 seconds, Stopping threads took: 0.0000201 seconds
2.330: [GC (Allocation Failure)  81025K->673K(422912K), 0.0005832 secs]
2.331: Total time for which application threads were stopped: 0.0007202 seconds, Stopping threads took: 0.0000312 seconds
2.381: [GC (Allocation Failure)  79521K->641K(421376K), 0.0005156 secs]
2.381: Total time for which application threads were stopped: 0.0006323 seconds, Stopping threads took: 0.0000197 seconds
2.431: [GC (Allocation Failure)  78465K->705K(420864K), 0.0004344 secs]
2.431: Total time for which application threads were stopped: 0.0005655 seconds, Stopping threads took: 0.0000284 seconds
2.480: [GC (Allocation Failure)  77505K->673K(419328K), 0.0005692 secs]
2.480: Total time for which application threads were stopped: 0.0006987 seconds, Stopping threads took: 0.0000199 seconds
2.528: [GC (Allocation Failure)  76449K->705K(418816K), 0.0005502 secs]
2.529: Total time for which application threads were stopped: 0.0006811 seconds, Stopping threads took: 0.0000332 seconds
2.582: [GC (Allocation Failure)  75457K->673K(417280K), 0.0005296 secs]
2.583: Total time for which application threads were stopped: 0.0007879 seconds, Stopping threads took: 0.0000186 seconds
2.630: [GC (Allocation Failure)  74401K->641K(416768K), 0.0004970 secs]
2.630: Total time for which application threads were stopped: 0.0006290 seconds, Stopping threads took: 0.0000203 seconds
2.676: [GC (Allocation Failure)  73345K->705K(415232K), 0.0004686 secs]
2.677: Total time for which application threads were stopped: 0.0005864 seconds, Stopping threads took: 0.0000201 seconds
2.728: [GC (Allocation Failure)  72385K->673K(414208K), 0.0004864 secs]
2.729: Total time for which application threads were stopped: 0.0006094 seconds, Stopping threads took: 0.0000202 seconds
2.780: [GC (Allocation Failure)  71329K->641K(413184K), 0.0005460 secs]
2.780: Total time for which application threads were stopped: 0.0006662 seconds, Stopping threads took: 0.0000204 seconds
2.824: [GC (Allocation Failure)  70273K->673K(412160K), 0.0004905 secs]
2.825: Total time for which application threads were stopped: 0.0006204 seconds, Stopping threads took: 0.0000203 seconds
2.874: [GC (Allocation Failure)  69281K->609K(411136K), 0.0006182 secs]
2.875: Total time for which application threads were stopped: 0.0007412 seconds, Stopping threads took: 0.0000215 seconds
2.918: [GC (Allocation Failure)  68193K->609K(410112K), 0.0004766 secs]
2.918: Total time for which application threads were stopped: 0.0005945 seconds, Stopping threads took: 0.0000201 seconds
2.960: [GC (Allocation Failure)  67169K->609K(409088K), 0.0005335 secs]
2.961: Total time for which application threads were stopped: 0.0006604 seconds, Stopping threads took: 0.0000284 seconds
3.002: [GC (Allocation Failure)  66145K->705K(408064K), 0.0004938 secs]
3.003: Total time for which application threads were stopped: 0.0006195 seconds, Stopping threads took: 0.0000268 seconds
3.049: [GC (Allocation Failure)  65217K->641K(407040K), 0.0005749 secs]
3.050: Total time for which application threads were stopped: 0.0006834 seconds, Stopping threads took: 0.0000181 seconds
3.094: [GC (Allocation Failure)  64129K->681K(406016K), 0.0004665 secs]
3.095: Total time for which application threads were stopped: 0.0005882 seconds, Stopping threads took: 0.0000240 seconds
3.134: [GC (Allocation Failure)  63145K->649K(419840K), 0.0005397 secs]
3.135: Total time for which application threads were stopped: 0.0006636 seconds, Stopping threads took: 0.0000279 seconds
3.186: [GC (Allocation Failure)  76937K->713K(418816K), 0.0004317 secs]
3.187: Total time for which application threads were stopped: 0.0005416 seconds, Stopping threads took: 0.0000175 seconds
3.239: [GC (Allocation Failure)  75977K->617K(417792K), 0.0004767 secs]
3.240: Total time for which application threads were stopped: 0.0005927 seconds, Stopping threads took: 0.0000202 seconds
3.286: [GC (Allocation Failure)  74857K->649K(416768K), 0.0004645 secs]
3.287: Total time for which application threads were stopped: 0.0005734 seconds, Stopping threads took: 0.0000174 seconds
3.333: [GC (Allocation Failure)  73865K->713K(415744K), 0.0005658 secs]
3.334: Total time for which application threads were stopped: 0.0006925 seconds, Stopping threads took: 0.0000277 seconds
3.382: [GC (Allocation Failure)  72905K->681K(414720K), 0.0004424 secs]
3.383: Total time for which application threads were stopped: 0.0005562 seconds, Stopping threads took: 0.0000194 seconds
3.428: [GC (Allocation Failure)  71849K->745K(413696K), 0.0004011 secs]
3.429: Total time for which application threads were stopped: 0.0005172 seconds, Stopping threads took: 0.0000280 seconds
3.477: [GC (Allocation Failure)  70889K->649K(412672K), 0.0004399 secs]
3.478: Total time for which application threads were stopped: 0.0005477 seconds, Stopping threads took: 0.0000174 seconds
3.522: [GC (Allocation Failure)  69769K->681K(411648K), 0.0004953 secs]
3.522: Total time for which application threads were stopped: 0.0006207 seconds, Stopping threads took: 0.0000282 seconds
3.571: [GC (Allocation Failure)  68777K->649K(410624K), 0.0004633 secs]
3.571: Total time for which application threads were stopped: 0.0006103 seconds, Stopping threads took: 0.0000275 seconds
3.613: [GC (Allocation Failure)  67721K->681K(409600K), 0.0004798 secs]
3.614: Total time for which application threads were stopped: 0.0006197 seconds, Stopping threads took: 0.0000274 seconds
3.656: [GC (Allocation Failure)  66729K->649K(408576K), 0.0004797 secs]
3.656: Total time for which application threads were stopped: 0.0005928 seconds, Stopping threads took: 0.0000191 seconds
3.705: [GC (Allocation Failure)  65673K->649K(407552K), 0.0005267 secs]
3.705: Total time for which application threads were stopped: 0.0006534 seconds, Stopping threads took: 0.0000280 seconds
3.751: [GC (Allocation Failure)  64649K->617K(406528K), 0.0005435 secs]
3.751: Total time for which application threads were stopped: 0.0006668 seconds, Stopping threads took: 0.0000276 seconds
3.791: [GC (Allocation Failure)  63593K->681K(405504K), 0.0004205 secs]
3.792: Total time for which application threads were stopped: 0.0005442 seconds, Stopping threads took: 0.0000275 seconds
3.831: [GC (Allocation Failure)  62633K->713K(404992K), 0.0004901 secs]
3.831: Total time for which application threads were stopped: 0.0006091 seconds, Stopping threads took: 0.0000198 seconds
3.876: [GC (Allocation Failure)  62153K->617K(404480K), 0.0005163 secs]
3.876: Total time for which application threads were stopped: 0.0006583 seconds, Stopping threads took: 0.0000290 seconds
3.915: [GC (Allocation Failure)  61545K->713K(403968K), 0.0005169 secs]
3.916: Total time for which application threads were stopped: 0.0006431 seconds, Stopping threads took: 0.0000206 seconds
3.960: [GC (Allocation Failure)  61129K->617K(403456K), 0.0004532 secs]
3.961: Total time for which application threads were stopped: 0.0005916 seconds, Stopping threads took: 0.0000298 seconds
4.003: [GC (Allocation Failure)  60521K->649K(402944K), 0.0004820 secs]
4.003: Total time for which application threads were stopped: 0.0006249 seconds, Stopping threads took: 0.0000262 seconds
4.041: [GC (Allocation Failure)  60041K->681K(402432K), 0.0004338 secs]
4.042: Total time for which application threads were stopped: 0.0005664 seconds, Stopping threads took: 0.0000305 seconds
4.058: Total time for which application threads were stopped: 0.0001141 seconds, Stopping threads took: 0.0000565 seconds
4.079: [GC (Allocation Failure)  59561K->681K(401920K), 0.0004461 secs]
4.080: Total time for which application threads were stopped: 0.0005709 seconds, Stopping threads took: 0.0000231 seconds
4.117: [GC (Allocation Failure)  59049K->649K(401408K), 0.0004264 secs]
4.118: Total time for which application threads were stopped: 0.0005520 seconds, Stopping threads took: 0.0000278 seconds
4.158: [GC (Allocation Failure)  58505K->649K(400896K), 0.0004557 secs]
4.158: Total time for which application threads were stopped: 0.0005770 seconds, Stopping threads took: 0.0000215 seconds
4.200: [GC (Allocation Failure)  57993K->681K(400384K), 0.0005372 secs]
4.201: Total time for which application threads were stopped: 0.0006558 seconds, Stopping threads took: 0.0000198 seconds
4.237: [GC (Allocation Failure)  57513K->649K(412160K), 0.0004447 secs]
4.237: Total time for which application threads were stopped: 0.0005618 seconds, Stopping threads took: 0.0000201 seconds
4.287: [GC (Allocation Failure)  69257K->713K(411136K), 0.0004329 secs]
4.287: Total time for which application threads were stopped: 0.0005580 seconds, Stopping threads took: 0.0000274 seconds
4.335: [GC (Allocation Failure)  68297K->649K(410112K), 0.0005289 secs]
4.336: Total time for which application threads were stopped: 0.0006499 seconds, Stopping threads took: 0.0000204 seconds
4.378: [GC (Allocation Failure)  67209K->617K(409088K), 0.0005512 secs]
4.378: Total time for which application threads were stopped: 0.0006783 seconds, Stopping threads took: 0.0000215 seconds
4.420: [GC (Allocation Failure)  66153K->649K(408064K), 0.0005079 secs]
4.421: Total time for which application threads were stopped: 0.0006314 seconds, Stopping threads took: 0.0000256 seconds
4.462: [GC (Allocation Failure)  65161K->745K(407040K), 0.0005020 secs]
4.462: Total time for which application threads were stopped: 0.0006313 seconds, Stopping threads took: 0.0000254 seconds
4.508: [GC (Allocation Failure)  64233K->713K(406016K), 0.0005359 secs]
4.509: Total time for which application threads were stopped: 0.0006529 seconds, Stopping threads took: 0.0000196 seconds
4.554: [GC (Allocation Failure)  63177K->681K(405504K), 0.0005046 secs]
4.555: Total time for which application threads were stopped: 0.0006103 seconds, Stopping threads took: 0.0000170 seconds
4.599: [GC (Allocation Failure)  62633K->585K(404992K), 0.0005146 secs]
4.600: Total time for which application threads were stopped: 0.0006251 seconds, Stopping threads took: 0.0000194 seconds
4.639: [GC (Allocation Failure)  62025K->617K(417280K), 0.0005522 secs]
4.639: Total time for which application threads were stopped: 0.0006799 seconds, Stopping threads took: 0.0000277 seconds
4.691: [GC (Allocation Failure)  74345K->681K(416256K), 0.0004719 secs]
4.691: Total time for which application threads were stopped: 0.0005962 seconds, Stopping threads took: 0.0000214 seconds
4.737: [GC (Allocation Failure)  73385K->681K(415232K), 0.0004964 secs]
4.738: Total time for which application threads were stopped: 0.0006513 seconds, Stopping threads took: 0.0000275 seconds
4.783: [GC (Allocation Failure)  72361K->649K(414208K), 0.0004926 secs]
4.783: Total time for which application threads were stopped: 0.0007613 seconds, Stopping threads took: 0.0001486 seconds
4.833: [GC (Allocation Failure)  71305K->681K(413184K), 0.0005141 secs]
4.834: Total time for which application threads were stopped: 0.0006380 seconds, Stopping threads took: 0.0000272 seconds
4.878: [GC (Allocation Failure)  70313K->713K(412160K), 0.0004866 secs]
4.878: Total time for which application threads were stopped: 0.0006117 seconds, Stopping threads took: 0.0000200 seconds
4.927: [GC (Allocation Failure)  69321K->649K(411136K), 0.0004930 secs]
4.928: Total time for which application threads were stopped: 0.0006337 seconds, Stopping threads took: 0.0000263 seconds
4.971: [GC (Allocation Failure)  68233K->649K(410112K), 0.0004764 secs]
4.971: Total time for which application threads were stopped: 0.0006143 seconds, Stopping threads took: 0.0000217 seconds
5.013: [GC (Allocation Failure)  67209K->649K(409088K), 0.0005112 secs]
5.014: Total time for which application threads were stopped: 0.0006686 seconds, Stopping threads took: 0.0000297 seconds
5.061: [GC (Allocation Failure)  66185K->713K(422400K), 0.0006786 secs]
5.062: Total time for which application threads were stopped: 0.0008205 seconds, Stopping threads took: 0.0000295 seconds
5.113: [GC (Allocation Failure)  79561K->681K(421376K), 0.0005603 secs]
5.113: Total time for which application threads were stopped: 0.0006849 seconds, Stopping threads took: 0.0000272 seconds
5.163: [GC (Allocation Failure)  78505K->713K(420352K), 0.0005042 secs]
5.163: Total time for which application threads were stopped: 0.0006401 seconds, Stopping threads took: 0.0000289 seconds
5.212: [GC (Allocation Failure)  77513K->649K(419328K), 0.0005233 secs]
5.213: Total time for which application threads were stopped: 0.0006716 seconds, Stopping threads took: 0.0000291 seconds
5.266: [GC (Allocation Failure)  76425K->713K(418304K), 0.0006227 secs]
5.267: Total time for which application threads were stopped: 0.0007771 seconds, Stopping threads took: 0.0000305 seconds
5.319: [GC (Allocation Failure)  75465K->681K(417280K), 0.0006466 secs]
5.320: Total time for which application threads were stopped: 0.0007912 seconds, Stopping threads took: 0.0000302 seconds
5.367: [GC (Allocation Failure)  74409K->649K(416256K), 0.0004614 secs]
5.367: Total time for which application threads were stopped: 0.0005799 seconds, Stopping threads took: 0.0000197 seconds
5.419: [GC (Allocation Failure)  73353K->681K(415232K), 0.0005129 secs]
5.420: Total time for which application threads were stopped: 0.0006382 seconds, Stopping threads took: 0.0000274 seconds
5.467: [GC (Allocation Failure)  72361K->617K(414208K), 0.0003860 secs]
5.467: Total time for which application threads were stopped: 0.0005005 seconds, Stopping threads took: 0.0000199 seconds
5.513: [GC (Allocation Failure)  71273K->649K(413184K), 0.0004341 secs]
5.513: Total time for which application threads were stopped: 0.0005544 seconds, Stopping threads took: 0.0000254 seconds
5.557: [GC (Allocation Failure)  70281K->681K(412160K), 0.0005514 secs]
5.558: Total time for which application threads were stopped: 0.0006779 seconds, Stopping threads took: 0.0000285 seconds
5.601: [GC (Allocation Failure)  69289K->649K(411136K), 0.0004691 secs]
5.602: Total time for which application threads were stopped: 0.0005959 seconds, Stopping threads took: 0.0000280 seconds
5.648: [GC (Allocation Failure)  68233K->681K(410112K), 0.0005101 secs]
5.648: Total time for which application threads were stopped: 0.0006421 seconds, Stopping threads took: 0.0000197 seconds
5.690: [GC (Allocation Failure)  67241K->617K(409088K), 0.0005667 secs]
5.691: Total time for which application threads were stopped: 0.0006811 seconds, Stopping threads took: 0.0000201 seconds
5.732: [GC (Allocation Failure)  66153K->649K(422400K), 0.0007754 secs]
5.733: Total time for which application threads were stopped: 0.0009069 seconds, Stopping threads took: 0.0000196 seconds
5.787: [GC (Allocation Failure)  79497K->649K(438272K), 0.0004737 secs]
5.788: Total time for which application threads were stopped: 0.0006001 seconds, Stopping threads took: 0.0000272 seconds
5.852: [GC (Allocation Failure)  95369K->713K(436736K), 0.0006246 secs]
5.853: Total time for which application threads were stopped: 0.0007397 seconds, Stopping threads took: 0.0000193 seconds
5.912: [GC (Allocation Failure)  93897K->681K(435200K), 0.0004592 secs]
5.912: Total time for which application threads were stopped: 0.0005716 seconds, Stopping threads took: 0.0000192 seconds
5.974: [GC (Allocation Failure)  92329K->649K(433664K), 0.0005394 secs]
5.975: Total time for which application threads were stopped: 0.0006473 seconds, Stopping threads took: 0.0000169 seconds
6.032: [GC (Allocation Failure)  90761K->713K(432128K), 0.0006879 secs]
6.032: Total time for which application threads were stopped: 0.0008117 seconds, Stopping threads took: 0.0000194 seconds
6.089: [GC (Allocation Failure)  89289K->649K(430592K), 0.0004663 secs]
6.090: Total time for which application threads were stopped: 0.0006002 seconds, Stopping threads took: 0.0000253 seconds
6.145: [GC (Allocation Failure)  87689K->681K(429056K), 0.0005633 secs]
6.146: Total time for which application threads were stopped: 0.0006852 seconds, Stopping threads took: 0.0000272 seconds
6.203: [GC (Allocation Failure)  86185K->681K(427520K), 0.0004677 secs]
6.203: Total time for which application threads were stopped: 0.0006099 seconds, Stopping threads took: 0.0000279 seconds
6.256: [GC (Allocation Failure)  84649K->617K(425984K), 0.0006251 secs]
6.257: Total time for which application threads were stopped: 0.0007712 seconds, Stopping threads took: 0.0000231 seconds
6.309: [GC (Allocation Failure)  83049K->713K(424448K), 0.0004945 secs]
6.309: Total time for which application threads were stopped: 0.0006169 seconds, Stopping threads took: 0.0000205 seconds
6.360: [GC (Allocation Failure)  81609K->649K(422912K), 0.0005875 secs]
6.361: Total time for which application threads were stopped: 0.0007188 seconds, Stopping threads took: 0.0000286 seconds
6.418: [GC (Allocation Failure)  80009K->681K(421888K), 0.0005146 secs]
6.418: Total time for which application threads were stopped: 0.0006635 seconds, Stopping threads took: 0.0000306 seconds
6.469: [GC (Allocation Failure)  79017K->713K(420864K), 0.0004617 secs]
6.470: Total time for which application threads were stopped: 0.0005793 seconds, Stopping threads took: 0.0000258 seconds
6.522: [GC (Allocation Failure)  78025K->681K(419840K), 0.0006338 secs]
6.523: Total time for which application threads were stopped: 0.0007674 seconds, Stopping threads took: 0.0000203 seconds
6.572: [GC (Allocation Failure)  76969K->649K(418816K), 0.0004702 secs]
6.572: Total time for which application threads were stopped: 0.0005915 seconds, Stopping threads took: 0.0000205 seconds
6.620: [GC (Allocation Failure)  75913K->617K(417792K), 0.0004883 secs]
6.620: Total time for which application threads were stopped: 0.0006121 seconds, Stopping threads took: 0.0000274 seconds
6.673: [GC (Allocation Failure)  74857K->649K(416768K), 0.0005186 secs]
6.674: Total time for which application threads were stopped: 0.0006570 seconds, Stopping threads took: 0.0000213 seconds
6.726: [GC (Allocation Failure)  73865K->649K(415744K), 0.0004923 secs]
6.727: Total time for which application threads were stopped: 0.0006168 seconds, Stopping threads took: 0.0000213 seconds
6.772: [GC (Allocation Failure)  72841K->713K(414720K), 0.0005005 secs]
6.773: Total time for which application threads were stopped: 0.0006520 seconds, Stopping threads took: 0.0000199 seconds
6.824: [GC (Allocation Failure)  71881K->681K(413696K), 0.0005156 secs]
6.824: Total time for which application threads were stopped: 0.0006480 seconds, Stopping threads took: 0.0000210 seconds
6.869: [GC (Allocation Failure)  70825K->681K(412672K), 0.0005066 secs]
6.870: Total time for which application threads were stopped: 0.0006518 seconds, Stopping threads took: 0.0000216 seconds
6.913: [GC (Allocation Failure)  69801K->713K(411648K), 0.0005419 secs]
6.914: Total time for which application threads were stopped: 0.0006807 seconds, Stopping threads took: 0.0000226 seconds
6.958: [GC (Allocation Failure)  68809K->649K(410624K), 0.0005646 secs]
6.959: Total time for which application threads were stopped: 0.0006972 seconds, Stopping threads took: 0.0000264 seconds
7.002: [GC (Allocation Failure)  67721K->649K(424448K), 0.0006452 secs]
7.002: Total time for which application threads were stopped: 0.0007879 seconds, Stopping threads took: 0.0000215 seconds
7.059: [GC (Allocation Failure)  81545K->649K(422912K), 0.0005900 secs]
7.059: Total time for which application threads were stopped: 0.0007365 seconds, Stopping threads took: 0.0000223 seconds
7.114: [GC (Allocation Failure)  80009K->681K(421888K), 0.0004644 secs]
7.114: Total time for which application threads were stopped: 0.0005823 seconds, Stopping threads took: 0.0000200 seconds
7.164: [GC (Allocation Failure)  79017K->681K(420864K), 0.0005861 secs]
7.164: Total time for which application threads were stopped: 0.0007150 seconds, Stopping threads took: 0.0000276 seconds
7.217: [GC (Allocation Failure)  77993K->681K(419840K), 0.0004760 secs]
7.218: Total time for which application threads were stopped: 0.0006035 seconds, Stopping threads took: 0.0000282 seconds
7.266: [GC (Allocation Failure)  76969K->681K(418816K), 0.0005404 secs]
7.267: Total time for which application threads were stopped: 0.0006575 seconds, Stopping threads took: 0.0000192 seconds
7.314: [GC (Allocation Failure)  75945K->649K(417792K), 0.0004790 secs]
7.315: Total time for which application threads were stopped: 0.0005974 seconds, Stopping threads took: 0.0000194 seconds
7.361: [GC (Allocation Failure)  74889K->617K(416768K), 0.0005118 secs]
7.362: Total time for which application threads were stopped: 0.0006493 seconds, Stopping threads took: 0.0000271 seconds
7.408: [GC (Allocation Failure)  73833K->745K(415744K), 0.0005394 secs]
7.409: Total time for which application threads were stopped: 0.0006630 seconds, Stopping threads took: 0.0000202 seconds
7.461: [GC (Allocation Failure)  72937K->713K(414720K), 0.0004451 secs]
7.461: Total time for which application threads were stopped: 0.0005669 seconds, Stopping threads took: 0.0000256 seconds
7.507: [GC (Allocation Failure)  71881K->713K(413696K), 0.0005195 secs]
7.507: Total time for which application threads were stopped: 0.0006486 seconds, Stopping threads took: 0.0000284 seconds
7.552: [GC (Allocation Failure)  70857K->681K(412672K), 0.0005829 secs]
7.552: Total time for which application threads were stopped: 0.0007030 seconds, Stopping threads took: 0.0000196 seconds
7.596: [GC (Allocation Failure)  69801K->649K(411648K), 0.0004774 secs]
7.597: Total time for which application threads were stopped: 0.0005969 seconds, Stopping threads took: 0.0000197 seconds
7.640: [GC (Allocation Failure)  68745K->617K(425472K), 0.0006106 secs]
7.641: Total time for which application threads were stopped: 0.0007413 seconds, Stopping threads took: 0.0000199 seconds
7.696: [GC (Allocation Failure)  82537K->713K(423936K), 0.0005202 secs]
7.697: Total time for which application threads were stopped: 0.0006687 seconds, Stopping threads took: 0.0000204 seconds
7.752: [GC (Allocation Failure)  81097K->681K(422400K), 0.0005665 secs]
7.752: Total time for which application threads were stopped: 0.0007032 seconds, Stopping threads took: 0.0000275 seconds
7.802: [GC (Allocation Failure)  79529K->681K(421376K), 0.0004870 secs]
7.803: Total time for which application threads were stopped: 0.0006083 seconds, Stopping threads took: 0.0000205 seconds
7.856: [GC (Allocation Failure)  78505K->649K(420352K), 0.0004949 secs]
7.856: Total time for which application threads were stopped: 0.0006414 seconds, Stopping threads took: 0.0000219 seconds
7.910: [GC (Allocation Failure)  77449K->681K(419328K), 0.0004586 secs]
7.911: Total time for which application threads were stopped: 0.0005835 seconds, Stopping threads took: 0.0000226 seconds
7.965: [GC (Allocation Failure)  76457K->713K(418304K), 0.0006859 secs]
7.966: Total time for which application threads were stopped: 0.0008225 seconds, Stopping threads took: 0.0000194 seconds
8.016: [GC (Allocation Failure)  75465K->585K(417280K), 0.0005639 secs]
8.016: Total time for which application threads were stopped: 0.0007087 seconds, Stopping threads took: 0.0000335 seconds
8.066: [GC (Allocation Failure)  74313K->649K(416256K), 0.0005499 secs]
8.067: Total time for which application threads were stopped: 0.0006841 seconds, Stopping threads took: 0.0000208 seconds
8.114: [GC (Allocation Failure)  73353K->649K(415232K), 0.0004894 secs]
8.115: Total time for which application threads were stopped: 0.0005978 seconds, Stopping threads took: 0.0000171 seconds
8.163: [GC (Allocation Failure)  72329K->713K(414208K), 0.0006055 secs]
8.164: Total time for which application threads were stopped: 0.0007339 seconds, Stopping threads took: 0.0000281 seconds
8.209: [GC (Allocation Failure)  71369K->681K(413184K), 0.0004837 secs]
8.209: Total time for which application threads were stopped: 0.0006104 seconds, Stopping threads took: 0.0000225 seconds
8.253: [GC (Allocation Failure)  70313K->681K(412160K), 0.0004830 secs]
8.253: Total time for which application threads were stopped: 0.0006092 seconds, Stopping threads took: 0.0000274 seconds
8.297: [GC (Allocation Failure)  69289K->617K(425984K), 0.0006158 secs]
8.297: Total time for which application threads were stopped: 0.0007380 seconds, Stopping threads took: 0.0000218 seconds
8.356: [GC (Allocation Failure)  83049K->585K(424448K), 0.0006330 secs]
8.357: Total time for which application threads were stopped: 0.0007473 seconds, Stopping threads took: 0.0000196 seconds
8.408: [GC (Allocation Failure)  81481K->713K(422912K), 0.0005352 secs]
8.408: Total time for which application threads were stopped: 0.0006601 seconds, Stopping threads took: 0.0000195 seconds
8.459: [GC (Allocation Failure)  80073K->649K(421888K), 0.0005447 secs]
8.459: Total time for which application threads were stopped: 0.0006862 seconds, Stopping threads took: 0.0000277 seconds
8.514: [GC (Allocation Failure)  78985K->617K(420864K), 0.0004668 secs]
8.514: Total time for which application threads were stopped: 0.0005885 seconds, Stopping threads took: 0.0000213 seconds
8.569: [GC (Allocation Failure)  77929K->745K(419840K), 0.0004761 secs]
8.569: Total time for which application threads were stopped: 0.0005840 seconds, Stopping threads took: 0.0000170 seconds
8.617: [GC (Allocation Failure)  77033K->649K(418816K), 0.0005314 secs]
8.618: Total time for which application threads were stopped: 0.0006519 seconds, Stopping threads took: 0.0000203 seconds
8.669: [GC (Allocation Failure)  75913K->713K(417792K), 0.0007083 secs]
8.670: Total time for which application threads were stopped: 0.0008430 seconds, Stopping threads took: 0.0000289 seconds
8.717: [GC (Allocation Failure)  74953K->649K(432640K), 0.0006276 secs]
8.717: Total time for which application threads were stopped: 0.0007707 seconds, Stopping threads took: 0.0000206 seconds
8.777: [GC (Allocation Failure)  89737K->649K(450560K), 0.0006759 secs]
8.778: Total time for which application threads were stopped: 0.0008201 seconds, Stopping threads took: 0.0000230 seconds
8.851: [GC (Allocation Failure)  107657K->681K(448512K), 0.0004212 secs]
8.851: Total time for which application threads were stopped: 0.0005405 seconds, Stopping threads took: 0.0000202 seconds
8.918: [GC (Allocation Failure)  105641K->713K(446464K), 0.0005515 secs]
8.918: Total time for which application threads were stopped: 0.0006774 seconds, Stopping threads took: 0.0000193 seconds
8.985: [GC (Allocation Failure)  103625K->617K(444416K), 0.0006446 secs]
8.986: Total time for which application threads were stopped: 0.0007852 seconds, Stopping threads took: 0.0000263 seconds
9.056: [GC (Allocation Failure)  101481K->681K(442368K), 0.0004880 secs]
9.056: Total time for which application threads were stopped: 0.0006198 seconds, Stopping threads took: 0.0000214 seconds
9.119: [GC (Allocation Failure)  99497K->617K(440320K), 0.0005870 secs]
9.120: Total time for which application threads were stopped: 0.0007377 seconds, Stopping threads took: 0.0000295 seconds
9.185: [GC (Allocation Failure)  97385K->681K(438272K), 0.0004929 secs]
9.186: Total time for which application threads were stopped: 0.0006273 seconds, Stopping threads took: 0.0000216 seconds
9.246: [GC (Allocation Failure)  95401K->745K(436736K), 0.0004936 secs]
9.246: Total time for which application threads were stopped: 0.0006442 seconds, Stopping threads took: 0.0000215 seconds
9.310: [GC (Allocation Failure)  93929K->681K(435200K), 0.0005302 secs]
9.311: Total time for which application threads were stopped: 0.0006770 seconds, Stopping threads took: 0.0000225 seconds
9.373: [GC (Allocation Failure)  92329K->617K(433664K), 0.0006004 secs]
9.374: Total time for which application threads were stopped: 0.0007506 seconds, Stopping threads took: 0.0000307 seconds
9.431: [GC (Allocation Failure)  90729K->649K(432128K), 0.0004677 secs]
9.431: Total time for which application threads were stopped: 0.0005958 seconds, Stopping threads took: 0.0000270 seconds
9.487: [GC (Allocation Failure)  89225K->745K(430592K), 0.0003866 secs]
9.488: Total time for which application threads were stopped: 0.0004994 seconds, Stopping threads took: 0.0000255 seconds
9.545: [GC (Allocation Failure)  87785K->617K(429056K), 0.0004687 secs]
9.545: Total time for which application threads were stopped: 0.0005896 seconds, Stopping threads took: 0.0000200 seconds
9.605: [GC (Allocation Failure)  86121K->745K(427520K), 0.0004429 secs]
9.606: Total time for which application threads were stopped: 0.0005628 seconds, Stopping threads took: 0.0000197 seconds
9.659: [GC (Allocation Failure)  84713K->681K(425984K), 0.0004764 secs]
9.659: Total time for which application threads were stopped: 0.0005863 seconds, Stopping threads took: 0.0000181 seconds
9.712: [GC (Allocation Failure)  83113K->649K(424448K), 0.0005120 secs]
9.712: Total time for which application threads were stopped: 0.0006342 seconds, Stopping threads took: 0.0000205 seconds
9.763: [GC (Allocation Failure)  81545K->649K(422912K), 0.0004924 secs]
9.764: Total time for which application threads were stopped: 0.0006342 seconds, Stopping threads took: 0.0000273 seconds
9.814: [GC (Allocation Failure)  80009K->649K(421888K), 0.0006909 secs]
9.815: Total time for which application threads were stopped: 0.0008325 seconds, Stopping threads took: 0.0000218 seconds
9.869: [GC (Allocation Failure)  78985K->713K(420864K), 0.0005551 secs]
9.870: Total time for which application threads were stopped: 0.0006849 seconds, Stopping threads took: 0.0000209 seconds
9.918: [GC (Allocation Failure)  78025K->649K(419840K), 0.0005356 secs]
9.919: Total time for which application threads were stopped: 0.0006819 seconds, Stopping threads took: 0.0000216 seconds
9.969: [GC (Allocation Failure)  76937K->681K(418816K), 0.0005840 secs]
9.970: Total time for which application threads were stopped: 0.0007170 seconds, Stopping threads took: 0.0000186 seconds
10.023: [GC (Allocation Failure)  75945K->649K(417792K), 0.0004924 secs]
10.023: Total time for which application threads were stopped: 0.0006203 seconds, Stopping threads took: 0.0000284 seconds
10.076: [GC (Allocation Failure)  74889K->617K(416768K), 0.0005545 secs]
10.077: Total time for which application threads were stopped: 0.0007145 seconds, Stopping threads took: 0.0000237 seconds
10.126: [GC (Allocation Failure)  73833K->681K(415744K), 0.0005711 secs]
10.127: Total time for which application threads were stopped: 0.0007059 seconds, Stopping threads took: 0.0000214 seconds
10.173: [GC (Allocation Failure)  72873K->649K(414720K), 0.0005024 secs]
10.173: Total time for which application threads were stopped: 0.0006526 seconds, Stopping threads took: 0.0000290 seconds
10.224: [GC (Allocation Failure)  71817K->649K(413696K), 0.0005041 secs]
10.225: Total time for which application threads were stopped: 0.0006375 seconds, Stopping threads took: 0.0000292 seconds
10.276: [GC (Allocation Failure)  70793K->681K(412672K), 0.0004782 secs]
10.277: Total time for which application threads were stopped: 0.0005989 seconds, Stopping threads took: 0.0000195 seconds
10.320: [GC (Allocation Failure)  69801K->649K(411648K), 0.0005004 secs]
10.321: Total time for which application threads were stopped: 0.0006550 seconds, Stopping threads took: 0.0000369 seconds
10.367: [GC (Allocation Failure)  68745K->681K(410624K), 0.0006114 secs]
10.368: Total time for which application threads were stopped: 0.0007474 seconds, Stopping threads took: 0.0000212 seconds
10.410: [GC (Allocation Failure)  67753K->649K(409600K), 0.0004819 secs]
10.411: Total time for which application threads were stopped: 0.0006081 seconds, Stopping threads took: 0.0000209 seconds
10.459: [GC (Allocation Failure)  66697K->649K(408576K), 0.0005478 secs]
10.460: Total time for which application threads were stopped: 0.0006807 seconds, Stopping threads took: 0.0000260 seconds
10.505: [GC (Allocation Failure)  65673K->649K(407552K), 0.0004292 secs]
10.506: Total time for which application threads were stopped: 0.0005395 seconds, Stopping threads took: 0.0000173 seconds
10.546: [GC (Allocation Failure)  64649K->745K(406528K), 0.0005531 secs]
10.547: Total time for which application threads were stopped: 0.0006773 seconds, Stopping threads took: 0.0000191 seconds
10.587: [GC (Allocation Failure)  63721K->649K(419328K), 0.0005369 secs]
10.587: Total time for which application threads were stopped: 0.0006912 seconds, Stopping threads took: 0.0000294 seconds
10.640: [GC (Allocation Failure)  76425K->649K(418304K), 0.0005483 secs]
10.641: Total time for which application threads were stopped: 0.0006867 seconds, Stopping threads took: 0.0000223 seconds
10.694: [GC (Allocation Failure)  75401K->649K(417280K), 0.0005236 secs]
10.695: Total time for which application threads were stopped: 0.0006689 seconds, Stopping threads took: 0.0000235 seconds
10.741: [GC (Allocation Failure)  74377K->649K(432128K), 0.0006970 secs]
10.742: Total time for which application threads were stopped: 0.0008417 seconds, Stopping threads took: 0.0000228 seconds
10.798: [GC (Allocation Failure)  89225K->713K(430592K), 0.0005759 secs]
10.799: Total time for which application threads were stopped: 0.0007200 seconds, Stopping threads took: 0.0000228 seconds
10.854: [GC (Allocation Failure)  87753K->681K(429056K), 0.0005362 secs]
10.855: Total time for which application threads were stopped: 0.0006824 seconds, Stopping threads took: 0.0000309 seconds
10.909: [GC (Allocation Failure)  86185K->681K(427520K), 0.0005071 secs]
10.909: Total time for which application threads were stopped: 0.0006419 seconds, Stopping threads took: 0.0000282 seconds
10.969: [GC (Allocation Failure)  84649K->649K(425984K), 0.0004393 secs]
10.969: Total time for which application threads were stopped: 0.0005723 seconds, Stopping threads took: 0.0000298 seconds
11.027: [GC (Allocation Failure)  83081K->649K(424448K), 0.0004203 secs]
11.028: Total time for which application threads were stopped: 0.0005272 seconds, Stopping threads took: 0.0000176 seconds
11.079: [GC (Allocation Failure)  81545K->713K(422912K), 0.0005835 secs]
11.079: Total time for which application threads were stopped: 0.0007359 seconds, Stopping threads took: 0.0000274 seconds
11.132: [GC (Allocation Failure)  80073K->681K(421888K), 0.0004215 secs]
11.132: Total time for which application threads were stopped: 0.0005296 seconds, Stopping threads took: 0.0000175 seconds
11.182: [GC (Allocation Failure)  79017K->649K(420864K), 0.0004928 secs]
11.182: Total time for which application threads were stopped: 0.0006065 seconds, Stopping threads took: 0.0000176 seconds
11.231: [GC (Allocation Failure)  77961K->649K(419840K), 0.0004027 secs]
11.232: Total time for which application threads were stopped: 0.0005224 seconds, Stopping threads took: 0.0000261 seconds
11.283: [GC (Allocation Failure)  76937K->713K(418816K), 0.0006653 secs]
11.284: Total time for which application threads were stopped: 0.0007718 seconds, Stopping threads took: 0.0000171 seconds
11.335: [GC (Allocation Failure)  75977K->649K(417792K), 0.0004991 secs]
11.335: Total time for which application threads were stopped: 0.0006248 seconds, Stopping threads took: 0.0000274 seconds
11.387: [GC (Allocation Failure)  74889K->681K(416768K), 0.0005957 secs]
11.388: Total time for which application threads were stopped: 0.0007221 seconds, Stopping threads took: 0.0000273 seconds
11.440: [GC (Allocation Failure)  73897K->649K(415744K), 0.0004984 secs]
11.441: Total time for which application threads were stopped: 0.0006319 seconds, Stopping threads took: 0.0000255 seconds
11.486: [GC (Allocation Failure)  72841K->681K(414720K), 0.0005087 secs]
11.487: Total time for which application threads were stopped: 0.0006424 seconds, Stopping threads took: 0.0000289 seconds
11.538: [GC (Allocation Failure)  71849K->649K(413696K), 0.0005563 secs]
11.538: Total time for which application threads were stopped: 0.0006773 seconds, Stopping threads took: 0.0000195 seconds
11.589: [GC (Allocation Failure)  70793K->681K(412672K), 0.0004686 secs]
11.589: Total time for which application threads were stopped: 0.0005948 seconds, Stopping threads took: 0.0000276 seconds
11.633: [GC (Allocation Failure)  69801K->649K(411648K), 0.0005518 secs]
11.633: Total time for which application threads were stopped: 0.0006815 seconds, Stopping threads took: 0.0000284 seconds
11.682: [GC (Allocation Failure)  68745K->617K(410624K), 0.0006223 secs]
11.683: Total time for which application threads were stopped: 0.0007382 seconds, Stopping threads took: 0.0000201 seconds
11.725: [GC (Allocation Failure)  67689K->649K(409600K), 0.0004734 secs]
11.725: Total time for which application threads were stopped: 0.0005841 seconds, Stopping threads took: 0.0000169 seconds
11.767: [GC (Allocation Failure)  66697K->713K(408576K), 0.0004600 secs]
11.768: Total time for which application threads were stopped: 0.0005955 seconds, Stopping threads took: 0.0000274 seconds
11.811: [GC (Allocation Failure)  65737K->681K(407552K), 0.0005601 secs]
11.812: Total time for which application threads were stopped: 0.0006896 seconds, Stopping threads took: 0.0000278 seconds
11.852: [GC (Allocation Failure)  64681K->649K(420352K), 0.0005808 secs]
11.853: Total time for which application threads were stopped: 0.0007085 seconds, Stopping threads took: 0.0000276 seconds
11.902: [GC (Allocation Failure)  77449K->681K(435712K), 0.0005388 secs]
11.902: Total time for which application threads were stopped: 0.0006748 seconds, Stopping threads took: 0.0000216 seconds
11.961: [GC (Allocation Failure)  92841K->681K(434176K), 0.0005155 secs]
11.962: Total time for which application threads were stopped: 0.0006471 seconds, Stopping threads took: 0.0000212 seconds
12.019: [GC (Allocation Failure)  91305K->681K(432640K), 0.0005517 secs]
12.020: Total time for which application threads were stopped: 0.0006894 seconds, Stopping threads took: 0.0000217 seconds
12.076: [GC (Allocation Failure)  89769K->617K(431104K), 0.0005061 secs]
12.077: Total time for which application threads were stopped: 0.0006353 seconds, Stopping threads took: 0.0000247 seconds
12.133: [GC (Allocation Failure)  88169K->681K(429568K), 0.0004782 secs]
12.134: Total time for which application threads were stopped: 0.0005993 seconds, Stopping threads took: 0.0000199 seconds
12.188: [GC (Allocation Failure)  86697K->681K(428032K), 0.0005200 secs]
12.189: Total time for which application threads were stopped: 0.0006464 seconds, Stopping threads took: 0.0000205 seconds
12.242: [GC (Allocation Failure)  85161K->649K(426496K), 0.0005474 secs]
12.243: Total time for which application threads were stopped: 0.0006858 seconds, Stopping threads took: 0.0000209 seconds
12.295: [GC (Allocation Failure)  83593K->649K(424960K), 0.0004954 secs]
12.296: Total time for which application threads were stopped: 0.0006360 seconds, Stopping threads took: 0.0000213 seconds
12.347: [GC (Allocation Failure)  82057K->681K(423424K), 0.0005065 secs]
12.348: Total time for which application threads were stopped: 0.0006286 seconds, Stopping threads took: 0.0000205 seconds
12.398: [GC (Allocation Failure)  80553K->649K(422400K), 0.0004970 secs]
12.399: Total time for which application threads were stopped: 0.0006171 seconds, Stopping threads took: 0.0000201 seconds
12.454: [GC (Allocation Failure)  79497K->649K(421376K), 0.0004134 secs]
12.455: Total time for which application threads were stopped: 0.0005348 seconds, Stopping threads took: 0.0000266 seconds
12.504: [GC (Allocation Failure)  78473K->649K(420352K), 0.0005267 secs]
12.505: Total time for which application threads were stopped: 0.0006681 seconds, Stopping threads took: 0.0000258 seconds
12.556: [GC (Allocation Failure)  77449K->649K(419328K), 0.0005650 secs]
12.557: Total time for which application threads were stopped: 0.0007010 seconds, Stopping threads took: 0.0000215 seconds
12.611: [GC (Allocation Failure)  76425K->649K(418304K), 0.0005234 secs]
12.611: Total time for which application threads were stopped: 0.0006631 seconds, Stopping threads took: 0.0000218 seconds
12.659: [GC (Allocation Failure)  75401K->681K(417280K), 0.0005060 secs]
12.659: Total time for which application threads were stopped: 0.0006264 seconds, Stopping threads took: 0.0000195 seconds
12.706: [GC (Allocation Failure)  74409K->649K(416256K), 0.0004822 secs]
12.707: Total time for which application threads were stopped: 0.0006161 seconds, Stopping threads took: 0.0000209 seconds
12.758: [GC (Allocation Failure)  73353K->713K(415232K), 0.0005934 secs]
12.758: Total time for which application threads were stopped: 0.0007087 seconds, Stopping threads took: 0.0000197 seconds
12.809: [GC (Allocation Failure)  72393K->681K(414208K), 0.0005588 secs]
12.809: Total time for which application threads were stopped: 0.0006914 seconds, Stopping threads took: 0.0000348 seconds
12.858: [GC (Allocation Failure)  71337K->681K(413184K), 0.0004486 secs]
12.858: Total time for which application threads were stopped: 0.0005698 seconds, Stopping threads took: 0.0000195 seconds
12.908: [GC (Allocation Failure)  70313K->617K(412160K), 0.0005511 secs]
12.909: Total time for which application threads were stopped: 0.0006577 seconds, Stopping threads took: 0.0000175 seconds
12.959: [GC (Allocation Failure)  69225K->649K(411136K), 0.0004352 secs]
12.960: Total time for which application threads were stopped: 0.0005632 seconds, Stopping threads took: 0.0000261 seconds
13.007: [GC (Allocation Failure)  68233K->649K(410112K), 0.0004728 secs]
13.008: Total time for which application threads were stopped: 0.0006011 seconds, Stopping threads took: 0.0000170 seconds
13.057: [GC (Allocation Failure)  67209K->681K(409088K), 0.0004851 secs]
13.057: Total time for which application threads were stopped: 0.0006143 seconds, Stopping threads took: 0.0000224 seconds
13.106: [GC (Allocation Failure)  66217K->649K(408064K), 0.0004730 secs]
13.106: Total time for which application threads were stopped: 0.0006004 seconds, Stopping threads took: 0.0000278 seconds
13.151: [GC (Allocation Failure)  65161K->713K(407040K), 0.0004729 secs]
13.152: Total time for which application threads were stopped: 0.0005909 seconds, Stopping threads took: 0.0000198 seconds
13.192: [GC (Allocation Failure)  64201K->681K(406016K), 0.0005635 secs]
13.193: Total time for which application threads were stopped: 0.0006849 seconds, Stopping threads took: 0.0000198 seconds
13.238: [GC (Allocation Failure)  63145K->681K(405504K), 0.0004523 secs]
13.238: Total time for which application threads were stopped: 0.0005803 seconds, Stopping threads took: 0.0000283 seconds
13.283: [GC (Allocation Failure)  62633K->649K(404992K), 0.0004973 secs]
13.283: Total time for which application threads were stopped: 0.0006311 seconds, Stopping threads took: 0.0000268 seconds
13.322: [GC (Allocation Failure)  62089K->649K(404480K), 0.0005312 secs]
13.323: Total time for which application threads were stopped: 0.0006552 seconds, Stopping threads took: 0.0000213 seconds
13.367: [GC (Allocation Failure)  61577K->649K(416768K), 0.0005810 secs]
13.368: Total time for which application threads were stopped: 0.0007367 seconds, Stopping threads took: 0.0000305 seconds
13.414: [GC (Allocation Failure)  73865K->681K(415744K), 0.0004772 secs]
13.414: Total time for which application threads were stopped: 0.0006080 seconds, Stopping threads took: 0.0000202 seconds
13.461: [GC (Allocation Failure)  72873K->649K(414720K), 0.0005627 secs]
13.461: Total time for which application threads were stopped: 0.0007106 seconds, Stopping threads took: 0.0000278 seconds
13.512: [GC (Allocation Failure)  71817K->649K(413696K), 0.0004900 secs]
13.512: Total time for which application threads were stopped: 0.0006333 seconds, Stopping threads took: 0.0000220 seconds
13.557: [GC (Allocation Failure)  70793K->617K(412672K), 0.0005059 secs]
13.557: Total time for which application threads were stopped: 0.0006446 seconds, Stopping threads took: 0.0000217 seconds
13.605: [GC (Allocation Failure)  69737K->649K(411648K), 0.0005080 secs]
13.605: Total time for which application threads were stopped: 0.0006178 seconds, Stopping threads took: 0.0000174 seconds
13.654: [GC (Allocation Failure)  68745K->681K(410624K), 0.0004408 secs]
13.655: Total time for which application threads were stopped: 0.0005649 seconds, Stopping threads took: 0.0000219 seconds
13.702: [GC (Allocation Failure)  67753K->713K(409600K), 0.0005375 secs]
13.702: Total time for which application threads were stopped: 0.0006623 seconds, Stopping threads took: 0.0000273 seconds
13.744: [GC (Allocation Failure)  66761K->649K(408576K), 0.0004734 secs]
13.745: Total time for which application threads were stopped: 0.0005997 seconds, Stopping threads took: 0.0000272 seconds
13.792: [GC (Allocation Failure)  65673K->649K(407552K), 0.0004754 secs]
13.792: Total time for which application threads were stopped: 0.0006058 seconds, Stopping threads took: 0.0000277 seconds
13.833: [GC (Allocation Failure)  64649K->713K(406528K), 0.0004475 secs]
13.833: Total time for which application threads were stopped: 0.0005680 seconds, Stopping threads took: 0.0000205 seconds
13.878: [GC (Allocation Failure)  63689K->713K(405504K), 0.0005215 secs]
13.879: Total time for which application threads were stopped: 0.0006316 seconds, Stopping threads took: 0.0000167 seconds
13.918: [GC (Allocation Failure)  62665K->649K(404992K), 0.0004742 secs]
13.919: Total time for which application threads were stopped: 0.0006058 seconds, Stopping threads took: 0.0000199 seconds
13.958: [GC (Allocation Failure)  62089K->681K(404480K), 0.0004597 secs]
13.959: Total time for which application threads were stopped: 0.0005911 seconds, Stopping threads took: 0.0000216 seconds
14.002: [GC (Allocation Failure)  61609K->649K(403968K), 0.0005013 secs]
14.003: Total time for which application threads were stopped: 0.0006466 seconds, Stopping threads took: 0.0000272 seconds
14.041: [GC (Allocation Failure)  61065K->617K(416256K), 0.0005590 secs]
14.041: Total time for which application threads were stopped: 0.0007010 seconds, Stopping threads took: 0.0000303 seconds
14.094: [GC (Allocation Failure)  73321K->649K(415232K), 0.0004961 secs]
14.095: Total time for which application threads were stopped: 0.0006365 seconds, Stopping threads took: 0.0000240 seconds
14.146: [GC (Allocation Failure)  72329K->649K(414208K), 0.0005316 secs]
14.146: Total time for which application threads were stopped: 0.0006304 seconds, Stopping threads took: 0.0000179 seconds
14.191: [GC (Allocation Failure)  71305K->681K(413184K), 0.0005081 secs]
14.192: Total time for which application threads were stopped: 0.0006365 seconds, Stopping threads took: 0.0000271 seconds
14.236: [GC (Allocation Failure)  70313K->713K(427520K), 0.0005918 secs]
14.237: Total time for which application threads were stopped: 0.0007003 seconds, Stopping threads took: 0.0000203 seconds
14.295: [GC (Allocation Failure)  84681K->649K(425984K), 0.0004762 secs]
14.296: Total time for which application threads were stopped: 0.0005949 seconds, Stopping threads took: 0.0000200 seconds
14.348: [GC (Allocation Failure)  83081K->649K(424448K), 0.0004496 secs]
14.348: Total time for which application threads were stopped: 0.0005793 seconds, Stopping threads took: 0.0000197 seconds
14.406: [GC (Allocation Failure)  81545K->745K(422912K), 0.0005713 secs]
14.407: Total time for which application threads were stopped: 0.0007154 seconds, Stopping threads took: 0.0000213 seconds
14.457: [GC (Allocation Failure)  80105K->649K(421888K), 0.0004800 secs]
14.458: Total time for which application threads were stopped: 0.0006318 seconds, Stopping threads took: 0.0000230 seconds
14.507: [GC (Allocation Failure)  78985K->681K(420864K), 0.0005105 secs]
14.508: Total time for which application threads were stopped: 0.0006535 seconds, Stopping threads took: 0.0000228 seconds
14.557: [GC (Allocation Failure)  77993K->617K(419840K), 0.0006025 secs]
14.557: Total time for which application threads were stopped: 0.0007336 seconds, Stopping threads took: 0.0000283 seconds
14.605: [GC (Allocation Failure)  76905K->681K(418816K), 0.0004841 secs]
14.606: Total time for which application threads were stopped: 0.0006201 seconds, Stopping threads took: 0.0000207 seconds
14.653: [GC (Allocation Failure)  75945K->649K(417792K), 0.0004494 secs]
14.654: Total time for which application threads were stopped: 0.0005832 seconds, Stopping threads took: 0.0000301 seconds
14.706: [GC (Allocation Failure)  74889K->649K(416768K), 0.0005543 secs]
14.706: Total time for which application threads were stopped: 0.0006643 seconds, Stopping threads took: 0.0000182 seconds
14.753: [GC (Allocation Failure)  73865K->649K(415744K), 0.0005392 secs]
14.753: Total time for which application threads were stopped: 0.0006608 seconds, Stopping threads took: 0.0000204 seconds
14.799: [GC (Allocation Failure)  72841K->649K(414720K), 0.0006334 secs]
14.800: Total time for which application threads were stopped: 0.0007434 seconds, Stopping threads took: 0.0000175 seconds
14.850: [GC (Allocation Failure)  71817K->713K(429056K), 0.0006569 secs]
14.850: Total time for which application threads were stopped: 0.0007891 seconds, Stopping threads took: 0.0000268 seconds
14.904: [GC (Allocation Failure)  86217K->681K(446464K), 0.0007326 secs]
14.905: Total time for which application threads were stopped: 0.0008723 seconds, Stopping threads took: 0.0000280 seconds
14.970: [GC (Allocation Failure)  103593K->649K(444416K), 0.0005926 secs]
14.970: Total time for which application threads were stopped: 0.0007540 seconds, Stopping threads took: 0.0000307 seconds
15.034: [GC (Allocation Failure)  101513K->617K(442368K), 0.0004572 secs]
15.034: Total time for which application threads were stopped: 0.0005860 seconds, Stopping threads took: 0.0000279 seconds
15.097: [GC (Allocation Failure)  99433K->617K(440320K), 0.0004379 secs]
15.098: Total time for which application threads were stopped: 0.0005548 seconds, Stopping threads took: 0.0000175 seconds
15.159: [GC (Allocation Failure)  97385K->681K(438272K), 0.0004387 secs]
15.160: Total time for which application threads were stopped: 0.0005545 seconds, Stopping threads took: 0.0000188 seconds
15.224: [GC (Allocation Failure)  95401K->649K(436736K), 0.0004484 secs]
15.224: Total time for which application threads were stopped: 0.0005573 seconds, Stopping threads took: 0.0000168 seconds
15.283: [GC (Allocation Failure)  93833K->649K(435200K), 0.0005096 secs]
15.283: Total time for which application threads were stopped: 0.0006384 seconds, Stopping threads took: 0.0000282 seconds
15.341: [GC (Allocation Failure)  92297K->649K(433664K), 0.0005827 secs]
15.342: Total time for which application threads were stopped: 0.0007030 seconds, Stopping threads took: 0.0000199 seconds
15.402: [GC (Allocation Failure)  90761K->649K(432128K), 0.0004300 secs]
15.403: Total time for which application threads were stopped: 0.0005491 seconds, Stopping threads took: 0.0000202 seconds
15.465: [GC (Allocation Failure)  89225K->681K(430592K), 0.0004403 secs]
15.465: Total time for which application threads were stopped: 0.0005613 seconds, Stopping threads took: 0.0000197 seconds
15.524: [GC (Allocation Failure)  87721K->681K(429056K), 0.0005117 secs]
15.524: Total time for which application threads were stopped: 0.0006873 seconds, Stopping threads took: 0.0000203 seconds
15.578: [GC (Allocation Failure)  86185K->649K(427520K), 0.0005470 secs]
15.579: Total time for which application threads were stopped: 0.0006675 seconds, Stopping threads took: 0.0000196 seconds
15.636: [GC (Allocation Failure)  84617K->649K(425984K), 0.0005455 secs]
15.636: Total time for which application threads were stopped: 0.0006775 seconds, Stopping threads took: 0.0000211 seconds
15.694: [GC (Allocation Failure)  83081K->617K(424448K), 0.0006468 secs]
15.695: Total time for which application threads were stopped: 0.0007782 seconds, Stopping threads took: 0.0000222 seconds
15.745: [GC (Allocation Failure)  81513K->649K(422912K), 0.0004983 secs]
15.746: Total time for which application threads were stopped: 0.0006278 seconds, Stopping threads took: 0.0000202 seconds
15.803: [GC (Allocation Failure)  80009K->617K(421888K), 0.0004585 secs]
15.803: Total time for which application threads were stopped: 0.0005945 seconds, Stopping threads took: 0.0000282 seconds
15.853: [GC (Allocation Failure)  78953K->649K(420864K), 0.0005149 secs]
15.853: Total time for which application threads were stopped: 0.0006663 seconds, Stopping threads took: 0.0000296 seconds
15.902: [GC (Allocation Failure)  77961K->649K(419840K), 0.0004665 secs]
15.903: Total time for which application threads were stopped: 0.0005974 seconds, Stopping threads took: 0.0000287 seconds
15.951: [GC (Allocation Failure)  76937K->713K(418816K), 0.0006070 secs]
15.951: Total time for which application threads were stopped: 0.0007314 seconds, Stopping threads took: 0.0000194 seconds
16.004: [GC (Allocation Failure)  75977K->649K(417792K), 0.0004821 secs]
16.005: Total time for which application threads were stopped: 0.0006009 seconds, Stopping threads took: 0.0000195 seconds
16.057: [GC (Allocation Failure)  74889K->681K(416768K), 0.0004609 secs]
16.057: Total time for which application threads were stopped: 0.0005819 seconds, Stopping threads took: 0.0000198 seconds
16.104: [GC (Allocation Failure)  73897K->681K(415744K), 0.0005102 secs]
16.105: Total time for which application threads were stopped: 0.0006211 seconds, Stopping threads took: 0.0000199 seconds
16.154: [GC (Allocation Failure)  72873K->713K(414720K), 0.0004229 secs]
16.155: Total time for which application threads were stopped: 0.0005330 seconds, Stopping threads took: 0.0000173 seconds
16.206: [GC (Allocation Failure)  71881K->681K(413696K), 0.0004480 secs]
16.206: Total time for which application threads were stopped: 0.0005786 seconds, Stopping threads took: 0.0000280 seconds
16.251: [GC (Allocation Failure)  70825K->617K(412672K), 0.0005778 secs]
16.251: Total time for which application threads were stopped: 0.0007094 seconds, Stopping threads took: 0.0000210 seconds
16.295: [GC (Allocation Failure)  69737K->681K(426496K), 0.0007775 secs]
16.296: Total time for which application threads were stopped: 0.0009077 seconds, Stopping threads took: 0.0000225 seconds
16.353: [GC (Allocation Failure)  83625K->649K(424960K), 0.0004765 secs]
16.354: Total time for which application threads were stopped: 0.0006041 seconds, Stopping threads took: 0.0000277 seconds
16.405: [GC (Allocation Failure)  82057K->681K(423424K), 0.0005945 secs]
16.405: Total time for which application threads were stopped: 0.0007419 seconds, Stopping threads took: 0.0000274 seconds
16.456: [GC (Allocation Failure)  80553K->745K(422400K), 0.0004713 secs]
16.457: Total time for which application threads were stopped: 0.0006242 seconds, Stopping threads took: 0.0000521 seconds
16.512: [GC (Allocation Failure)  79593K->681K(421376K), 0.0005408 secs]
16.512: Total time for which application threads were stopped: 0.0006694 seconds, Stopping threads took: 0.0000207 seconds
16.561: [GC (Allocation Failure)  78505K->617K(420352K), 0.0006083 secs]
16.562: Total time for which application threads were stopped: 0.0007246 seconds, Stopping threads took: 0.0000193 seconds
16.611: [GC (Allocation Failure)  77417K->681K(419328K), 0.0005835 secs]
16.611: Total time for which application threads were stopped: 0.0007252 seconds, Stopping threads took: 0.0000196 seconds
16.664: [GC (Allocation Failure)  76457K->713K(418304K), 0.0004105 secs]
16.665: Total time for which application threads were stopped: 0.0005278 seconds, Stopping threads took: 0.0000180 seconds
16.718: [GC (Allocation Failure)  75465K->681K(417280K), 0.0004530 secs]
16.718: Total time for which application threads were stopped: 0.0005820 seconds, Stopping threads took: 0.0000279 seconds
16.768: [GC (Allocation Failure)  74409K->649K(416256K), 0.0004601 secs]
16.769: Total time for which application threads were stopped: 0.0005704 seconds, Stopping threads took: 0.0000176 seconds
16.814: [GC (Allocation Failure)  73353K->649K(415232K), 0.0004494 secs]
16.815: Total time for which application threads were stopped: 0.0005885 seconds, Stopping threads took: 0.0000276 seconds
16.864: [GC (Allocation Failure)  72329K->681K(414208K), 0.0004898 secs]
16.864: Total time for which application threads were stopped: 0.0006076 seconds, Stopping threads took: 0.0000215 seconds
16.909: [GC (Allocation Failure)  71337K->649K(413184K), 0.0005552 secs]
16.910: Total time for which application threads were stopped: 0.0006616 seconds, Stopping threads took: 0.0000171 seconds
16.955: [GC (Allocation Failure)  70281K->649K(412160K), 0.0005308 secs]
16.956: Total time for which application threads were stopped: 0.0006625 seconds, Stopping threads took: 0.0000179 seconds
16.999: [GC (Allocation Failure)  69257K->649K(411136K), 0.0005118 secs]
17.000: Total time for which application threads were stopped: 0.0006599 seconds, Stopping threads took: 0.0000222 seconds
17.043: [GC (Allocation Failure)  68233K->649K(410112K), 0.0004975 secs]
17.043: Total time for which application threads were stopped: 0.0006325 seconds, Stopping threads took: 0.0000220 seconds
17.086: [GC (Allocation Failure)  67209K->649K(409088K), 0.0003859 secs]
17.086: Total time for which application threads were stopped: 0.0005218 seconds, Stopping threads took: 0.0000262 seconds
17.131: [GC (Allocation Failure)  66185K->681K(408064K), 0.0004500 secs]
17.131: Total time for which application threads were stopped: 0.0005704 seconds, Stopping threads took: 0.0000199 seconds
17.177: [GC (Allocation Failure)  65193K->713K(407040K), 0.0005552 secs]
17.177: Total time for which application threads were stopped: 0.0006643 seconds, Stopping threads took: 0.0000173 seconds
17.218: [GC (Allocation Failure)  64201K->713K(406016K), 0.0005524 secs]
17.218: Total time for which application threads were stopped: 0.0006683 seconds, Stopping threads took: 0.0000175 seconds
17.258: [GC (Allocation Failure)  63177K->649K(418816K), 0.0004848 secs]
17.258: Total time for which application threads were stopped: 0.0006015 seconds, Stopping threads took: 0.0000163 seconds
17.306: [GC (Allocation Failure)  75913K->617K(417792K), 0.0004743 secs]
17.307: Total time for which application threads were stopped: 0.0005954 seconds, Stopping threads took: 0.0000201 seconds
17.359: [GC (Allocation Failure)  74857K->617K(416768K), 0.0006245 secs]
17.359: Total time for which application threads were stopped: 0.0007539 seconds, Stopping threads took: 0.0000212 seconds
17.405: [GC (Allocation Failure)  73833K->713K(431616K), 0.0006270 secs]
17.406: Total time for which application threads were stopped: 0.0007672 seconds, Stopping threads took: 0.0000307 seconds
17.462: [GC (Allocation Failure)  88777K->649K(430080K), 0.0003973 secs]
17.463: Total time for which application threads were stopped: 0.0005336 seconds, Stopping threads took: 0.0000279 seconds
17.522: [GC (Allocation Failure)  87177K->745K(428544K), 0.0004694 secs]
17.523: Total time for which application threads were stopped: 0.0005801 seconds, Stopping threads took: 0.0000179 seconds
17.576: [GC (Allocation Failure)  85737K->681K(427008K), 0.0004840 secs]
17.577: Total time for which application threads were stopped: 0.0006198 seconds, Stopping threads took: 0.0000210 seconds
17.635: [GC (Allocation Failure)  84137K->713K(425472K), 0.0007095 secs]
17.636: Total time for which application threads were stopped: 0.0008478 seconds, Stopping threads took: 0.0000209 seconds
17.688: [GC (Allocation Failure)  82633K->617K(423936K), 0.0005588 secs]
17.688: Total time for which application threads were stopped: 0.0006996 seconds, Stopping threads took: 0.0000308 seconds
17.739: [GC (Allocation Failure)  81001K->713K(422400K), 0.0004778 secs]
17.739: Total time for which application threads were stopped: 0.0006067 seconds, Stopping threads took: 0.0000218 seconds
17.794: [GC (Allocation Failure)  79561K->649K(421376K), 0.0006043 secs]
17.795: Total time for which application threads were stopped: 0.0007232 seconds, Stopping threads took: 0.0000164 seconds
17.848: [GC (Allocation Failure)  78473K->649K(420352K), 0.0005993 secs]
17.848: Total time for which application threads were stopped: 0.0007474 seconds, Stopping threads took: 0.0000223 seconds
17.897: [GC (Allocation Failure)  77449K->681K(419328K), 0.0005823 secs]
17.897: Total time for which application threads were stopped: 0.0007065 seconds, Stopping threads took: 0.0000216 seconds
17.949: [GC (Allocation Failure)  76457K->681K(418304K), 0.0003899 secs]
17.949: Total time for which application threads were stopped: 0.0005171 seconds, Stopping threads took: 0.0000262 seconds
17.996: [GC (Allocation Failure)  75433K->649K(417280K), 0.0005982 secs]
17.997: Total time for which application threads were stopped: 0.0007088 seconds, Stopping threads took: 0.0000167 seconds
18.043: [GC (Allocation Failure)  74377K->617K(416256K), 0.0004964 secs]
18.044: Total time for which application threads were stopped: 0.0006172 seconds, Stopping threads took: 0.0000200 seconds
18.090: [GC (Allocation Failure)  73321K->713K(415232K), 0.0004728 secs]
18.090: Total time for which application threads were stopped: 0.0006056 seconds, Stopping threads took: 0.0000256 seconds
18.136: [GC (Allocation Failure)  72393K->649K(414208K), 0.0005301 secs]
18.136: Total time for which application threads were stopped: 0.0006587 seconds, Stopping threads took: 0.0000276 seconds
18.181: [GC (Allocation Failure)  71305K->681K(413184K), 0.0004683 secs]
18.181: Total time for which application threads were stopped: 0.0005827 seconds, Stopping threads took: 0.0000170 seconds
18.230: [GC (Allocation Failure)  70313K->681K(412160K), 0.0004933 secs]
18.230: Total time for which application threads were stopped: 0.0006233 seconds, Stopping threads took: 0.0000287 seconds
18.274: [GC (Allocation Failure)  69289K->681K(411136K), 0.0005040 secs]
18.274: Total time for which application threads were stopped: 0.0006359 seconds, Stopping threads took: 0.0000213 seconds
18.323: [GC (Allocation Failure)  68265K->649K(410112K), 0.0005610 secs]
18.324: Total time for which application threads were stopped: 0.0006932 seconds, Stopping threads took: 0.0000227 seconds
18.366: [GC (Allocation Failure)  67209K->649K(409088K), 0.0005205 secs]
18.366: Total time for which application threads were stopped: 0.0006673 seconds, Stopping threads took: 0.0000276 seconds
18.414: [GC (Allocation Failure)  66185K->745K(408064K), 0.0005712 secs]
18.414: Total time for which application threads were stopped: 0.0006991 seconds, Stopping threads took: 0.0000196 seconds
18.459: [GC (Allocation Failure)  65257K->649K(407040K), 0.0004921 secs]
18.459: Total time for which application threads were stopped: 0.0006179 seconds, Stopping threads took: 0.0000262 seconds
18.503: [GC (Allocation Failure)  64137K->713K(406016K), 0.0003991 secs]
18.503: Total time for which application threads were stopped: 0.0005056 seconds, Stopping threads took: 0.0000166 seconds
18.547: [GC (Allocation Failure)  63177K->649K(405504K), 0.0005156 secs]
18.547: Total time for which application threads were stopped: 0.0006441 seconds, Stopping threads took: 0.0000210 seconds
18.591: [GC (Allocation Failure)  62601K->617K(404992K), 0.0004851 secs]
18.592: Total time for which application threads were stopped: 0.0006120 seconds, Stopping threads took: 0.0000203 seconds
18.630: [GC (Allocation Failure)  62057K->617K(404480K), 0.0004988 secs]
18.631: Total time for which application threads were stopped: 0.0006140 seconds, Stopping threads took: 0.0000198 seconds
18.675: [GC (Allocation Failure)  61545K->713K(403968K), 0.0004669 secs]
18.675: Total time for which application threads were stopped: 0.0005730 seconds, Stopping threads took: 0.0000174 seconds
18.718: [GC (Allocation Failure)  61129K->649K(403456K), 0.0004055 secs]
18.719: Total time for which application threads were stopped: 0.0005151 seconds, Stopping threads took: 0.0000168 seconds
18.762: [GC (Allocation Failure)  60553K->681K(402944K), 0.0004700 secs]
18.763: Total time for which application threads were stopped: 0.0005970 seconds, Stopping threads took: 0.0000273 seconds
18.800: [GC (Allocation Failure)  60073K->649K(402432K), 0.0005123 secs]
18.801: Total time for which application threads were stopped: 0.0006390 seconds, Stopping threads took: 0.0000279 seconds
18.842: [GC (Allocation Failure)  59529K->649K(401920K), 0.0004753 secs]
18.843: Total time for which application threads were stopped: 0.0005813 seconds, Stopping threads took: 0.0000175 seconds
18.879: [GC (Allocation Failure)  59017K->649K(401408K), 0.0004602 secs]
18.880: Total time for which application threads were stopped: 0.0005832 seconds, Stopping threads took: 0.0000165 seconds
18.916: [GC (Allocation Failure)  58505K->681K(413184K), 0.0004602 secs]
18.917: Total time for which application threads were stopped: 0.0005858 seconds, Stopping threads took: 0.0000217 seconds
18.972: [GC (Allocation Failure)  70313K->649K(412160K), 0.0004211 secs]
18.973: Total time for which application threads were stopped: 0.0005598 seconds, Stopping threads took: 0.0000177 seconds
19.016: [GC (Allocation Failure)  69257K->681K(411136K), 0.0005014 secs]
19.016: Total time for which application threads were stopped: 0.0006243 seconds, Stopping threads took: 0.0000265 seconds
19.059: [GC (Allocation Failure)  68265K->681K(410112K), 0.0004669 secs]
19.059: Total time for which application threads were stopped: 0.0005873 seconds, Stopping threads took: 0.0000202 seconds
19.102: [GC (Allocation Failure)  67241K->745K(423424K), 0.0006065 secs]
19.103: Total time for which application threads were stopped: 0.0007351 seconds, Stopping threads took: 0.0000274 seconds
19.155: [GC (Allocation Failure)  80617K->617K(422400K), 0.0005980 secs]
19.156: Total time for which application threads were stopped: 0.0007281 seconds, Stopping threads took: 0.0000278 seconds
19.211: [GC (Allocation Failure)  79465K->681K(421376K), 0.0005010 secs]
19.211: Total time for which application threads were stopped: 0.0006180 seconds, Stopping threads took: 0.0000199 seconds
19.265: [GC (Allocation Failure)  78505K->681K(420352K), 0.0004026 secs]
19.266: Total time for which application threads were stopped: 0.0005095 seconds, Stopping threads took: 0.0000173 seconds
19.320: [GC (Allocation Failure)  77481K->681K(419328K), 0.0004998 secs]
19.321: Total time for which application threads were stopped: 0.0006258 seconds, Stopping threads took: 0.0000281 seconds
19.374: [GC (Allocation Failure)  76457K->617K(418304K), 0.0006167 secs]
19.375: Total time for which application threads were stopped: 0.0007384 seconds, Stopping threads took: 0.0000196 seconds
19.428: [GC (Allocation Failure)  75369K->713K(417280K), 0.0005207 secs]
19.429: Total time for which application threads were stopped: 0.0006420 seconds, Stopping threads took: 0.0000202 seconds
19.476: [GC (Allocation Failure)  74441K->649K(416256K), 0.0004781 secs]
19.477: Total time for which application threads were stopped: 0.0006300 seconds, Stopping threads took: 0.0000302 seconds
19.529: [GC (Allocation Failure)  73353K->649K(415232K), 0.0005314 secs]
19.529: Total time for which application threads were stopped: 0.0006853 seconds, Stopping threads took: 0.0000224 seconds
19.581: [GC (Allocation Failure)  72329K->681K(414208K), 0.0005431 secs]
19.582: Total time for which application threads were stopped: 0.0006890 seconds, Stopping threads took: 0.0000226 seconds
19.627: [GC (Allocation Failure)  71337K->681K(413184K), 0.0005705 secs]
19.627: Total time for which application threads were stopped: 0.0007173 seconds, Stopping threads took: 0.0000227 seconds
19.671: [GC (Allocation Failure)  70313K->681K(412160K), 0.0005446 secs]
19.672: Total time for which application threads were stopped: 0.0007008 seconds, Stopping threads took: 0.0000324 seconds
19.715: [GC (Allocation Failure)  69289K->649K(411136K), 0.0005310 secs]
19.715: Total time for which application threads were stopped: 0.0006615 seconds, Stopping threads took: 0.0000229 seconds
19.761: [GC (Allocation Failure)  68233K->617K(410112K), 0.0005115 secs]
19.762: Total time for which application threads were stopped: 0.0006638 seconds, Stopping threads took: 0.0000301 seconds
19.807: [GC (Allocation Failure)  67177K->713K(423424K), 0.0006259 secs]
19.808: Total time for which application threads were stopped: 0.0007724 seconds, Stopping threads took: 0.0000293 seconds
19.858: [GC (Allocation Failure)  80585K->617K(422400K), 0.0005358 secs]
19.859: Total time for which application threads were stopped: 0.0006576 seconds, Stopping threads took: 0.0000202 seconds
19.909: [GC (Allocation Failure)  79465K->649K(421376K), 0.0004508 secs]
19.909: Total time for which application threads were stopped: 0.0005754 seconds, Stopping threads took: 0.0000221 seconds
19.965: [GC (Allocation Failure)  78473K->713K(420352K), 0.0004059 secs]
19.965: Total time for which application threads were stopped: 0.0005303 seconds, Stopping threads took: 0.0000263 seconds
20.018: [GC (Allocation Failure)  77513K->649K(419328K), 0.0004460 secs]
20.019: Total time for which application threads were stopped: 0.0005715 seconds, Stopping threads took: 0.0000224 seconds
20.066: [GC (Allocation Failure)  76425K->681K(418304K), 0.0005098 secs]
20.067: Total time for which application threads were stopped: 0.0006392 seconds, Stopping threads took: 0.0000278 seconds
20.115: [GC (Allocation Failure)  75433K->713K(417280K), 0.0006808 secs]
20.115: Total time for which application threads were stopped: 0.0008072 seconds, Stopping threads took: 0.0000192 seconds
20.166: [GC (Allocation Failure)  74441K->681K(416256K), 0.0004863 secs]
20.167: Total time for which application threads were stopped: 0.0006064 seconds, Stopping threads took: 0.0000197 seconds
20.212: [GC (Allocation Failure)  73385K->617K(415232K), 0.0005955 secs]
20.213: Total time for which application threads were stopped: 0.0007110 seconds, Stopping threads took: 0.0000198 seconds
20.258: [GC (Allocation Failure)  72297K->649K(414208K), 0.0004704 secs]
20.259: Total time for which application threads were stopped: 0.0006122 seconds, Stopping threads took: 0.0000276 seconds
20.309: [GC (Allocation Failure)  71305K->681K(413184K), 0.0004789 secs]
20.310: Total time for which application threads were stopped: 0.0006069 seconds, Stopping threads took: 0.0000204 seconds
20.353: [GC (Allocation Failure)  70313K->649K(412160K), 0.0005510 secs]
20.354: Total time for which application threads were stopped: 0.0007028 seconds, Stopping threads took: 0.0000308 seconds
20.403: [GC (Allocation Failure)  69257K->681K(411136K), 0.0004673 secs]
20.404: Total time for which application threads were stopped: 0.0005955 seconds, Stopping threads took: 0.0000223 seconds
20.450: [GC (Allocation Failure)  68265K->649K(410112K), 0.0005877 secs]
20.450: Total time for which application threads were stopped: 0.0007312 seconds, Stopping threads took: 0.0000280 seconds
20.492: [GC (Allocation Failure)  67209K->713K(409088K), 0.0005249 secs]
20.493: Total time for which application threads were stopped: 0.0006665 seconds, Stopping threads took: 0.0000218 seconds
20.535: [GC (Allocation Failure)  66249K->649K(408064K), 0.0004597 secs]
20.535: Total time for which application threads were stopped: 0.0005935 seconds, Stopping threads took: 0.0000297 seconds
20.579: [GC (Allocation Failure)  65161K->713K(407040K), 0.0005061 secs]
20.580: Total time for which application threads were stopped: 0.0006521 seconds, Stopping threads took: 0.0000218 seconds
20.620: [GC (Allocation Failure)  64201K->713K(419840K), 0.0005953 secs]
20.621: Total time for which application threads were stopped: 0.0007378 seconds, Stopping threads took: 0.0000228 seconds
20.669: [GC (Allocation Failure)  77001K->649K(418816K), 0.0005175 secs]
20.670: Total time for which application threads were stopped: 0.0006630 seconds, Stopping threads took: 0.0000224 seconds
20.720: [GC (Allocation Failure)  75913K->649K(434176K), 0.0007178 secs]
20.721: Total time for which application threads were stopped: 0.0008746 seconds, Stopping threads took: 0.0000300 seconds
20.778: [GC (Allocation Failure)  91273K->713K(432640K), 0.0005392 secs]
20.778: Total time for which application threads were stopped: 0.0006916 seconds, Stopping threads took: 0.0000223 seconds
20.840: [GC (Allocation Failure)  89801K->745K(431104K), 0.0004909 secs]
20.840: Total time for which application threads were stopped: 0.0006221 seconds, Stopping threads took: 0.0000202 seconds
20.899: [GC (Allocation Failure)  88297K->617K(429568K), 0.0005290 secs]
20.899: Total time for which application threads were stopped: 0.0006579 seconds, Stopping threads took: 0.0000209 seconds
20.955: [GC (Allocation Failure)  86633K->649K(428032K), 0.0003764 secs]
20.955: Total time for which application threads were stopped: 0.0004927 seconds, Stopping threads took: 0.0000258 seconds
21.009: [GC (Allocation Failure)  85129K->649K(426496K), 0.0004844 secs]
21.009: Total time for which application threads were stopped: 0.0006137 seconds, Stopping threads took: 0.0000281 seconds
21.062: [GC (Allocation Failure)  83593K->713K(424960K), 0.0004601 secs]
21.062: Total time for which application threads were stopped: 0.0005824 seconds, Stopping threads took: 0.0000204 seconds
21.119: [GC (Allocation Failure)  82121K->649K(423424K), 0.0004316 secs]
21.119: Total time for which application threads were stopped: 0.0005578 seconds, Stopping threads took: 0.0000283 seconds
21.173: [GC (Allocation Failure)  80521K->617K(422400K), 0.0005660 secs]
21.173: Total time for which application threads were stopped: 0.0006735 seconds, Stopping threads took: 0.0000170 seconds
21.223: [GC (Allocation Failure)  79465K->649K(421376K), 0.0004016 secs]
21.223: Total time for which application threads were stopped: 0.0005111 seconds, Stopping threads took: 0.0000172 seconds
21.279: [GC (Allocation Failure)  78473K->713K(420352K), 0.0004902 secs]
21.279: Total time for which application threads were stopped: 0.0005983 seconds, Stopping threads took: 0.0000171 seconds
21.333: [GC (Allocation Failure)  77513K->649K(419328K), 0.0003958 secs]
21.333: Total time for which application threads were stopped: 0.0005067 seconds, Stopping threads took: 0.0000178 seconds
21.381: [GC (Allocation Failure)  76425K->713K(418304K), 0.0004755 secs]
21.381: Total time for which application threads were stopped: 0.0005977 seconds, Stopping threads took: 0.0000205 seconds
21.433: [GC (Allocation Failure)  75465K->713K(417280K), 0.0005369 secs]
21.433: Total time for which application threads were stopped: 0.0006796 seconds, Stopping threads took: 0.0000208 seconds
21.485: [GC (Allocation Failure)  74441K->617K(416256K), 0.0004576 secs]
21.486: Total time for which application threads were stopped: 0.0006019 seconds, Stopping threads took: 0.0000302 seconds
21.536: [GC (Allocation Failure)  73321K->713K(415232K), 0.0005478 secs]
21.537: Total time for which application threads were stopped: 0.0006537 seconds, Stopping threads took: 0.0000168 seconds
21.582: [GC (Allocation Failure)  72393K->649K(414208K), 0.0004451 secs]
21.583: Total time for which application threads were stopped: 0.0005510 seconds, Stopping threads took: 0.0000173 seconds
21.632: [GC (Allocation Failure)  71305K->649K(413184K), 0.0004743 secs]
21.633: Total time for which application threads were stopped: 0.0006017 seconds, Stopping threads took: 0.0000277 seconds
21.677: [GC (Allocation Failure)  70281K->681K(412160K), 0.0005015 secs]
21.677: Total time for which application threads were stopped: 0.0006209 seconds, Stopping threads took: 0.0000198 seconds
21.720: [GC (Allocation Failure)  69289K->617K(411136K), 0.0005262 secs]
21.721: Total time for which application threads were stopped: 0.0006687 seconds, Stopping threads took: 0.0000275 seconds
21.763: [GC (Allocation Failure)  68201K->649K(410112K), 0.0005969 secs]
21.764: Total time for which application threads were stopped: 0.0007350 seconds, Stopping threads took: 0.0000292 seconds
21.813: [GC (Allocation Failure)  67209K->649K(409088K), 0.0004089 secs]
21.814: Total time for which application threads were stopped: 0.0005232 seconds, Stopping threads took: 0.0000193 seconds
21.855: [GC (Allocation Failure)  66185K->649K(408064K), 0.0005595 secs]
21.856: Total time for which application threads were stopped: 0.0006882 seconds, Stopping threads took: 0.0000205 seconds
21.901: [GC (Allocation Failure)  65161K->649K(407040K), 0.0004856 secs]
21.902: Total time for which application threads were stopped: 0.0006122 seconds, Stopping threads took: 0.0000207 seconds
21.942: [GC (Allocation Failure)  64137K->649K(406016K), 0.0004467 secs]
21.942: Total time for which application threads were stopped: 0.0005736 seconds, Stopping threads took: 0.0000260 seconds
21.982: [GC (Allocation Failure)  63113K->649K(405504K), 0.0004973 secs]
21.983: Total time for which application threads were stopped: 0.0006330 seconds, Stopping threads took: 0.0000269 seconds
22.022: [GC (Allocation Failure)  62601K->681K(404992K), 0.0004889 secs]
22.022: Total time for which application threads were stopped: 0.0006368 seconds, Stopping threads took: 0.0000300 seconds
22.067: [GC (Allocation Failure)  62121K->681K(404480K), 0.0005277 secs]
22.067: Total time for which application threads were stopped: 0.0006529 seconds, Stopping threads took: 0.0000212 seconds
22.107: [GC (Allocation Failure)  61609K->681K(403968K), 0.0004092 secs]
22.107: Total time for which application threads were stopped: 0.0005281 seconds, Stopping threads took: 0.0000195 seconds
22.151: [GC (Allocation Failure)  61097K->617K(403456K), 0.0005247 secs]
22.152: Total time for which application threads were stopped: 0.0006542 seconds, Stopping threads took: 0.0000278 seconds
22.190: [GC (Allocation Failure)  60521K->617K(415744K), 0.0005762 secs]
22.190: Total time for which application threads were stopped: 0.0006988 seconds, Stopping threads took: 0.0000195 seconds
22.239: [GC (Allocation Failure)  72809K->713K(430592K), 0.0005737 secs]
22.239: Total time for which application threads were stopped: 0.0006933 seconds, Stopping threads took: 0.0000194 seconds
22.299: [GC (Allocation Failure)  87753K->617K(429056K), 0.0005251 secs]
22.300: Total time for which application threads were stopped: 0.0006519 seconds, Stopping threads took: 0.0000274 seconds
22.358: [GC (Allocation Failure)  86121K->713K(427520K), 0.0004857 secs]
22.359: Total time for which application threads were stopped: 0.0006042 seconds, Stopping threads took: 0.0000192 seconds
22.412: [GC (Allocation Failure)  84681K->617K(425984K), 0.0006485 secs]
22.412: Total time for which application threads were stopped: 0.0007862 seconds, Stopping threads took: 0.0000279 seconds
22.465: [GC (Allocation Failure)  83049K->681K(424448K), 0.0005940 secs]
22.465: Total time for which application threads were stopped: 0.0007284 seconds, Stopping threads took: 0.0000200 seconds
22.516: [GC (Allocation Failure)  81577K->681K(422912K), 0.0005109 secs]
22.517: Total time for which application threads were stopped: 0.0006574 seconds, Stopping threads took: 0.0000300 seconds
22.567: [GC (Allocation Failure)  80041K->713K(421888K), 0.0004652 secs]
22.567: Total time for which application threads were stopped: 0.0005900 seconds, Stopping threads took: 0.0000212 seconds
22.616: [GC (Allocation Failure)  79049K->745K(420864K), 0.0004895 secs]
22.617: Total time for which application threads were stopped: 0.0006111 seconds, Stopping threads took: 0.0000205 seconds
22.666: [GC (Allocation Failure)  78057K->681K(419840K), 0.0005102 secs]
22.666: Total time for which application threads were stopped: 0.0006382 seconds, Stopping threads took: 0.0000277 seconds
22.714: [GC (Allocation Failure)  76969K->649K(418816K), 0.0005049 secs]
22.715: Total time for which application threads were stopped: 0.0006236 seconds, Stopping threads took: 0.0000199 seconds
22.762: [GC (Allocation Failure)  75913K->617K(417792K), 0.0004797 secs]
22.762: Total time for which application threads were stopped: 0.0006080 seconds, Stopping threads took: 0.0000277 seconds
22.809: [GC (Allocation Failure)  74857K->681K(416768K), 0.0004928 secs]
22.810: Total time for which application threads were stopped: 0.0006308 seconds, Stopping threads took: 0.0000201 seconds
22.860: [GC (Allocation Failure)  73897K->713K(415744K), 0.0004157 secs]
22.860: Total time for which application threads were stopped: 0.0005421 seconds, Stopping threads took: 0.0000279 seconds
22.909: [GC (Allocation Failure)  72905K->713K(414720K), 0.0004626 secs]
22.910: Total time for which application threads were stopped: 0.0005807 seconds, Stopping threads took: 0.0000198 seconds
22.955: [GC (Allocation Failure)  71881K->649K(413696K), 0.0005780 secs]
22.956: Total time for which application threads were stopped: 0.0007039 seconds, Stopping threads took: 0.0000269 seconds
23.000: [GC (Allocation Failure)  70793K->681K(412672K), 0.0004432 secs]
23.000: Total time for which application threads were stopped: 0.0005638 seconds, Stopping threads took: 0.0000200 seconds
23.044: [GC (Allocation Failure)  69801K->745K(411648K), 0.0005248 secs]
23.044: Total time for which application threads were stopped: 0.0006442 seconds, Stopping threads took: 0.0000199 seconds
23.092: [GC (Allocation Failure)  68841K->649K(410624K), 0.0004771 secs]
23.093: Total time for which application threads were stopped: 0.0006158 seconds, Stopping threads took: 0.0000259 seconds
23.135: [GC (Allocation Failure)  67721K->681K(409600K), 0.0004714 secs]
23.136: Total time for which application threads were stopped: 0.0005992 seconds, Stopping threads took: 0.0000200 seconds
23.178: [GC (Allocation Failure)  66729K->649K(408576K), 0.0004654 secs]
23.178: Total time for which application threads were stopped: 0.0005912 seconds, Stopping threads took: 0.0000219 seconds
23.225: [GC (Allocation Failure)  65673K->713K(407552K), 0.0004658 secs]
23.226: Total time for which application threads were stopped: 0.0005879 seconds, Stopping threads took: 0.0000193 seconds
23.266: [GC (Allocation Failure)  64713K->681K(406528K), 0.0005011 secs]
23.267: Total time for which application threads were stopped: 0.0006350 seconds, Stopping threads took: 0.0000211 seconds
23.306: [GC (Allocation Failure)  63657K->681K(405504K), 0.0005394 secs]
23.307: Total time for which application threads were stopped: 0.0006625 seconds, Stopping threads took: 0.0000203 seconds
23.346: [GC (Allocation Failure)  62633K->617K(418304K), 0.0006398 secs]
23.347: Total time for which application threads were stopped: 0.0007897 seconds, Stopping threads took: 0.0000295 seconds
23.397: [GC (Allocation Failure)  75369K->681K(433664K), 0.0004527 secs]
23.397: Total time for which application threads were stopped: 0.0005835 seconds, Stopping threads took: 0.0000222 seconds
23.454: [GC (Allocation Failure)  90793K->649K(432128K), 0.0004624 secs]
23.454: Total time for which application threads were stopped: 0.0005847 seconds, Stopping threads took: 0.0000260 seconds
23.513: [GC (Allocation Failure)  89225K->649K(430592K), 0.0004793 secs]
23.513: Total time for which application threads were stopped: 0.0006146 seconds, Stopping threads took: 0.0000199 seconds
23.574: [GC (Allocation Failure)  87689K->681K(429056K), 0.0006191 secs]
23.575: Total time for which application threads were stopped: 0.0007397 seconds, Stopping threads took: 0.0000196 seconds
23.635: [GC (Allocation Failure)  86185K->681K(427520K), 0.0005265 secs]
23.635: Total time for which application threads were stopped: 0.0006541 seconds, Stopping threads took: 0.0000277 seconds
23.688: [GC (Allocation Failure)  84649K->649K(425984K), 0.0004778 secs]
23.689: Total time for which application threads were stopped: 0.0006078 seconds, Stopping threads took: 0.0000285 seconds
23.741: [GC (Allocation Failure)  83081K->649K(424448K), 0.0004970 secs]
23.741: Total time for which application threads were stopped: 0.0006265 seconds, Stopping threads took: 0.0000279 seconds
23.792: [GC (Allocation Failure)  81545K->649K(422912K), 0.0005381 secs]
23.793: Total time for which application threads were stopped: 0.0006641 seconds, Stopping threads took: 0.0000270 seconds
23.846: [GC (Allocation Failure)  80009K->681K(421888K), 0.0007320 secs]
23.847: Total time for which application threads were stopped: 0.0008564 seconds, Stopping threads took: 0.0000273 seconds
23.896: [GC (Allocation Failure)  79017K->649K(420864K), 0.0004835 secs]
23.896: Total time for which application threads were stopped: 0.0006146 seconds, Stopping threads took: 0.0000195 seconds
23.949: [GC (Allocation Failure)  77961K->617K(419840K), 0.0005842 secs]
23.949: Total time for which application threads were stopped: 0.0007148 seconds, Stopping threads took: 0.0000264 seconds
23.998: [GC (Allocation Failure)  76905K->649K(418816K), 0.0005115 secs]
23.998: Total time for which application threads were stopped: 0.0006522 seconds, Stopping threads took: 0.0000258 seconds
24.051: [GC (Allocation Failure)  75913K->649K(417792K), 0.0005018 secs]
24.051: Total time for which application threads were stopped: 0.0006396 seconds, Stopping threads took: 0.0000204 seconds
24.104: [GC (Allocation Failure)  74889K->617K(416768K), 0.0004636 secs]
24.104: Total time for which application threads were stopped: 0.0006046 seconds, Stopping threads took: 0.0000271 seconds
24.154: [GC (Allocation Failure)  73833K->681K(415744K), 0.0005490 secs]
24.154: Total time for which application threads were stopped: 0.0006741 seconds, Stopping threads took: 0.0000280 seconds
24.200: [GC (Allocation Failure)  72873K->649K(414720K), 0.0004941 secs]
24.200: Total time for which application threads were stopped: 0.0006228 seconds, Stopping threads took: 0.0000281 seconds
24.249: [GC (Allocation Failure)  71817K->649K(413696K), 0.0004190 secs]
24.249: Total time for which application threads were stopped: 0.0005279 seconds, Stopping threads took: 0.0000171 seconds
24.299: [GC (Allocation Failure)  70793K->617K(412672K), 0.0004532 secs]
24.300: Total time for which application threads were stopped: 0.0005965 seconds, Stopping threads took: 0.0000216 seconds
24.347: [GC (Allocation Failure)  69737K->649K(411648K), 0.0005995 secs]
24.347: Total time for which application threads were stopped: 0.0007500 seconds, Stopping threads took: 0.0000305 seconds
24.395: [GC (Allocation Failure)  68745K->713K(410624K), 0.0005296 secs]
24.396: Total time for which application threads were stopped: 0.0006794 seconds, Stopping threads took: 0.0000241 seconds
24.438: [GC (Allocation Failure)  67785K->649K(409600K), 0.0005364 secs]
24.439: Total time for which application threads were stopped: 0.0006941 seconds, Stopping threads took: 0.0000230 seconds
24.485: [GC (Allocation Failure)  66697K->681K(408576K), 0.0005834 secs]
24.486: Total time for which application threads were stopped: 0.0007342 seconds, Stopping threads took: 0.0000280 seconds
24.527: [GC (Allocation Failure)  65705K->649K(407552K), 0.0004827 secs]
24.528: Total time for which application threads were stopped: 0.0006094 seconds, Stopping threads took: 0.0000207 seconds
24.568: [GC (Allocation Failure)  64649K->649K(420352K), 0.0005516 secs]
24.568: Total time for which application threads were stopped: 0.0006938 seconds, Stopping threads took: 0.0000215 seconds
24.623: [GC (Allocation Failure)  77449K->681K(419328K), 0.0005471 secs]
24.623: Total time for which application threads were stopped: 0.0006911 seconds, Stopping threads took: 0.0000230 seconds
24.671: [GC (Allocation Failure)  76457K->681K(418304K), 0.0005349 secs]
24.672: Total time for which application threads were stopped: 0.0006820 seconds, Stopping threads took: 0.0000305 seconds
24.719: [GC (Allocation Failure)  75433K->617K(417280K), 0.0005335 secs]
24.720: Total time for which application threads were stopped: 0.0006871 seconds, Stopping threads took: 0.0000277 seconds
24.767: [GC (Allocation Failure)  74345K->617K(416256K), 0.0004627 secs]
24.767: Total time for which application threads were stopped: 0.0006022 seconds, Stopping threads took: 0.0000216 seconds
24.813: [GC (Allocation Failure)  73321K->617K(415232K), 0.0005746 secs]
24.814: Total time for which application threads were stopped: 0.0007021 seconds, Stopping threads took: 0.0000276 seconds
24.859: [GC (Allocation Failure)  72297K->649K(414208K), 0.0004931 secs]
24.860: Total time for which application threads were stopped: 0.0006243 seconds, Stopping threads took: 0.0000284 seconds
24.905: [GC (Allocation Failure)  71305K->649K(428544K), 0.0024293 secs]
24.907: Total time for which application threads were stopped: 0.0025587 seconds, Stopping threads took: 0.0000278 seconds
24.961: [GC (Allocation Failure)  85641K->617K(445952K), 0.0004892 secs]
24.962: Total time for which application threads were stopped: 0.0006185 seconds, Stopping threads took: 0.0000200 seconds
25.031: [GC (Allocation Failure)  103017K->649K(466432K), 0.0005739 secs]
25.032: Total time for which application threads were stopped: 0.0006866 seconds, Stopping threads took: 0.0000176 seconds
25.110: [GC (Allocation Failure)  123529K->617K(475648K), 0.0005232 secs]
25.110: Total time for which application threads were stopped: 0.0006497 seconds, Stopping threads took: 0.0000279 seconds
25.193: [GC (Allocation Failure)  132713K->649K(491008K), 0.0004543 secs]
25.193: Total time for which application threads were stopped: 0.0005818 seconds, Stopping threads took: 0.0000283 seconds
25.295: [GC (Allocation Failure)  148105K->681K(487424K), 0.0005817 secs]
25.296: Total time for which application threads were stopped: 0.0007099 seconds, Stopping threads took: 0.0000203 seconds
25.386: [GC (Allocation Failure)  144553K->681K(483840K), 0.0005116 secs]
25.386: Total time for which application threads were stopped: 0.0006548 seconds, Stopping threads took: 0.0000302 seconds
25.475: [GC (Allocation Failure)  140969K->649K(480256K), 0.0004696 secs]
25.475: Total time for which application threads were stopped: 0.0005955 seconds, Stopping threads took: 0.0000276 seconds
25.565: [GC (Allocation Failure)  137353K->713K(477184K), 0.0004523 secs]
25.566: Total time for which application threads were stopped: 0.0005709 seconds, Stopping threads took: 0.0000175 seconds
25.649: [GC (Allocation Failure)  134345K->617K(474112K), 0.0005643 secs]
25.650: Total time for which application threads were stopped: 0.0006986 seconds, Stopping threads took: 0.0000214 seconds
25.731: [GC (Allocation Failure)  131177K->713K(471040K), 0.0005883 secs]
25.732: Total time for which application threads were stopped: 0.0007224 seconds, Stopping threads took: 0.0000214 seconds
25.812: [GC (Allocation Failure)  128201K->681K(467968K), 0.0006219 secs]
25.813: Total time for which application threads were stopped: 0.0007567 seconds, Stopping threads took: 0.0000209 seconds
25.891: [GC (Allocation Failure)  125097K->617K(465408K), 0.0005809 secs]
25.891: Total time for which application threads were stopped: 0.0007253 seconds, Stopping threads took: 0.0000217 seconds
25.975: [GC (Allocation Failure)  122473K->649K(462848K), 0.0004419 secs]
25.975: Total time for which application threads were stopped: 0.0005628 seconds, Stopping threads took: 0.0000259 seconds
26.050: [GC (Allocation Failure)  119945K->649K(460288K), 0.0006451 secs]
26.051: Total time for which application threads were stopped: 0.0007609 seconds, Stopping threads took: 0.0000199 seconds
26.126: [GC (Allocation Failure)  117385K->649K(457728K), 0.0004482 secs]
26.126: Total time for which application threads were stopped: 0.0005683 seconds, Stopping threads took: 0.0000201 seconds
26.198: [GC (Allocation Failure)  114825K->649K(455168K), 0.0004469 secs]
26.199: Total time for which application threads were stopped: 0.0005751 seconds, Stopping threads took: 0.0000285 seconds
26.274: [GC (Allocation Failure)  112265K->649K(452608K), 0.0005216 secs]
26.275: Total time for which application threads were stopped: 0.0006665 seconds, Stopping threads took: 0.0000202 seconds
26.343: [GC (Allocation Failure)  109705K->713K(450560K), 0.0004600 secs]
26.344: Total time for which application threads were stopped: 0.0005899 seconds, Stopping threads took: 0.0000277 seconds
26.411: [GC (Allocation Failure)  107721K->649K(448512K), 0.0004799 secs]
26.412: Total time for which application threads were stopped: 0.0006257 seconds, Stopping threads took: 0.0000214 seconds
26.479: [GC (Allocation Failure)  105609K->649K(446464K), 0.0003968 secs]
26.479: Total time for which application threads were stopped: 0.0005296 seconds, Stopping threads took: 0.0000261 seconds
26.549: [GC (Allocation Failure)  103561K->649K(444416K), 0.0004848 secs]
26.549: Total time for which application threads were stopped: 0.0005960 seconds, Stopping threads took: 0.0000174 seconds
26.613: [GC (Allocation Failure)  101513K->649K(442368K), 0.0005536 secs]
26.614: Total time for which application threads were stopped: 0.0006911 seconds, Stopping threads took: 0.0000203 seconds
26.682: [GC (Allocation Failure)  99465K->617K(440320K), 0.0005658 secs]
26.683: Total time for which application threads were stopped: 0.0006977 seconds, Stopping threads took: 0.0000224 seconds
26.744: [GC (Allocation Failure)  97385K->681K(438272K), 0.0004900 secs]
26.744: Total time for which application threads were stopped: 0.0006184 seconds, Stopping threads took: 0.0000216 seconds
26.809: [GC (Allocation Failure)  95401K->649K(436736K), 0.0004617 secs]
26.810: Total time for which application threads were stopped: 0.0005798 seconds, Stopping threads took: 0.0000195 seconds
26.868: [GC (Allocation Failure)  93833K->649K(435200K), 0.0005189 secs]
26.869: Total time for which application threads were stopped: 0.0006441 seconds, Stopping threads took: 0.0000202 seconds
26.927: [GC (Allocation Failure)  92297K->617K(433664K), 0.0005834 secs]
26.927: Total time for which application threads were stopped: 0.0007366 seconds, Stopping threads took: 0.0000295 seconds
26.991: [GC (Allocation Failure)  90729K->681K(432128K), 0.0004740 secs]
26.991: Total time for which application threads were stopped: 0.0006011 seconds, Stopping threads took: 0.0000257 seconds
27.047: [GC (Allocation Failure)  89257K->681K(430592K), 0.0004666 secs]
27.048: Total time for which application threads were stopped: 0.0005867 seconds, Stopping threads took: 0.0000198 seconds
27.104: [GC (Allocation Failure)  87721K->713K(429056K), 0.0005476 secs]
27.104: Total time for which application threads were stopped: 0.0006731 seconds, Stopping threads took: 0.0000199 seconds
27.158: [GC (Allocation Failure)  86217K->681K(427520K), 0.0004783 secs]
27.159: Total time for which application threads were stopped: 0.0006234 seconds, Stopping threads took: 0.0000221 seconds
27.216: [GC (Allocation Failure)  84649K->681K(425984K), 0.0005300 secs]
27.217: Total time for which application threads were stopped: 0.0006785 seconds, Stopping threads took: 0.0000312 seconds
27.269: [GC (Allocation Failure)  83113K->681K(424448K), 0.0005557 secs]
27.269: Total time for which application threads were stopped: 0.0007042 seconds, Stopping threads took: 0.0000305 seconds
27.320: [GC (Allocation Failure)  81577K->649K(422912K), 0.0005145 secs]
27.321: Total time for which application threads were stopped: 0.0006703 seconds, Stopping threads took: 0.0000307 seconds
27.371: [GC (Allocation Failure)  80009K->713K(421888K), 0.0004642 secs]
27.371: Total time for which application threads were stopped: 0.0006027 seconds, Stopping threads took: 0.0000279 seconds
27.421: [GC (Allocation Failure)  79049K->649K(420864K), 0.0005496 secs]
27.421: Total time for which application threads were stopped: 0.0006788 seconds, Stopping threads took: 0.0000276 seconds
27.471: [GC (Allocation Failure)  77961K->713K(419840K), 0.0005768 secs]
27.471: Total time for which application threads were stopped: 0.0007042 seconds, Stopping threads took: 0.0000267 seconds
27.525: [GC (Allocation Failure)  77001K->745K(418816K), 0.0005357 secs]
27.525: Total time for which application threads were stopped: 0.0006536 seconds, Stopping threads took: 0.0000196 seconds
27.580: [GC (Allocation Failure)  76009K->649K(417792K), 0.0004900 secs]
27.581: Total time for which application threads were stopped: 0.0006195 seconds, Stopping threads took: 0.0000192 seconds
27.631: [GC (Allocation Failure)  74889K->649K(416768K), 0.0009006 secs]
27.632: Total time for which application threads were stopped: 0.0010281 seconds, Stopping threads took: 0.0000197 seconds
27.679: [GC (Allocation Failure)  73865K->745K(415744K), 0.0004930 secs]
27.679: Total time for which application threads were stopped: 0.0006124 seconds, Stopping threads took: 0.0000188 seconds
27.725: [GC (Allocation Failure)  72937K->713K(414720K), 0.0005014 secs]
27.725: Total time for which application threads were stopped: 0.0006219 seconds, Stopping threads took: 0.0000198 seconds
27.770: [GC (Allocation Failure)  71881K->649K(413696K), 0.0005230 secs]
27.770: Total time for which application threads were stopped: 0.0006660 seconds, Stopping threads took: 0.0000210 seconds
27.815: [GC (Allocation Failure)  70793K->649K(428032K), 0.0006074 secs]
27.815: Total time for which application threads were stopped: 0.0007623 seconds, Stopping threads took: 0.0000291 seconds
27.869: [GC (Allocation Failure)  85129K->713K(426496K), 0.0005092 secs]
27.869: Total time for which application threads were stopped: 0.0006535 seconds, Stopping threads took: 0.0000305 seconds
27.926: [GC (Allocation Failure)  83657K->681K(424960K), 0.0004684 secs]
27.926: Total time for which application threads were stopped: 0.0005968 seconds, Stopping threads took: 0.0000276 seconds
27.979: [GC (Allocation Failure)  82089K->649K(423424K), 0.0004006 secs]
27.980: Total time for which application threads were stopped: 0.0005279 seconds, Stopping threads took: 0.0000282 seconds
28.035: [GC (Allocation Failure)  80521K->681K(422400K), 0.0004405 secs]
28.035: Total time for which application threads were stopped: 0.0005626 seconds, Stopping threads took: 0.0000197 seconds
28.085: [GC (Allocation Failure)  79529K->681K(421376K), 0.0004701 secs]
28.086: Total time for which application threads were stopped: 0.0005855 seconds, Stopping threads took: 0.0000251 seconds
28.136: [GC (Allocation Failure)  78505K->649K(420352K), 0.0005464 secs]
28.136: Total time for which application threads were stopped: 0.0006636 seconds, Stopping threads took: 0.0000189 seconds
28.188: [GC (Allocation Failure)  77449K->649K(419328K), 0.0004870 secs]
28.188: Total time for which application threads were stopped: 0.0006044 seconds, Stopping threads took: 0.0000196 seconds
28.242: [GC (Allocation Failure)  76425K->681K(418304K), 0.0004582 secs]
28.243: Total time for which application threads were stopped: 0.0005772 seconds, Stopping threads took: 0.0000205 seconds
28.296: [GC (Allocation Failure)  75433K->649K(417280K), 0.0004857 secs]
28.296: Total time for which application threads were stopped: 0.0006243 seconds, Stopping threads took: 0.0000201 seconds
28.343: [GC (Allocation Failure)  74377K->649K(416256K), 0.0004742 secs]
28.344: Total time for which application threads were stopped: 0.0006180 seconds, Stopping threads took: 0.0000221 seconds
28.396: [GC (Allocation Failure)  73353K->681K(415232K), 0.0005336 secs]
28.397: Total time for which application threads were stopped: 0.0006726 seconds, Stopping threads took: 0.0000217 seconds
28.447: [GC (Allocation Failure)  72361K->617K(414208K), 0.0005042 secs]
28.447: Total time for which application threads were stopped: 0.0006406 seconds, Stopping threads took: 0.0000274 seconds
28.492: [GC (Allocation Failure)  71273K->681K(413184K), 0.0003965 secs]
28.492: Total time for which application threads were stopped: 0.0005307 seconds, Stopping threads took: 0.0000199 seconds
28.536: [GC (Allocation Failure)  70313K->713K(412160K), 0.0005279 secs]
28.537: Total time for which application threads were stopped: 0.0006413 seconds, Stopping threads took: 0.0000177 seconds
28.580: [GC (Allocation Failure)  69321K->713K(411136K), 0.0006861 secs]
28.580: Total time for which application threads were stopped: 0.0008181 seconds, Stopping threads took: 0.0000213 seconds
28.623: [GC (Allocation Failure)  68297K->617K(424960K), 0.0006189 secs]
28.624: Total time for which application threads were stopped: 0.0007566 seconds, Stopping threads took: 0.0000207 seconds
28.675: [GC (Allocation Failure)  82025K->681K(423424K), 0.0004158 secs]
28.676: Total time for which application threads were stopped: 0.0005355 seconds, Stopping threads took: 0.0000201 seconds
28.726: [GC (Allocation Failure)  80553K->649K(422400K), 0.0005042 secs]
28.726: Total time for which application threads were stopped: 0.0006257 seconds, Stopping threads took: 0.0000205 seconds
28.782: [GC (Allocation Failure)  79497K->681K(421376K), 0.0006441 secs]
28.783: Total time for which application threads were stopped: 0.0007654 seconds, Stopping threads took: 0.0000199 seconds
28.838: [GC (Allocation Failure)  78505K->681K(420352K), 0.0005326 secs]
28.839: Total time for which application threads were stopped: 0.0006651 seconds, Stopping threads took: 0.0000277 seconds
28.887: [GC (Allocation Failure)  77481K->713K(419328K), 0.0004728 secs]
28.887: Total time for which application threads were stopped: 0.0005942 seconds, Stopping threads took: 0.0000206 seconds
28.935: [GC (Allocation Failure)  76489K->649K(418304K), 0.0005309 secs]
28.936: Total time for which application threads were stopped: 0.0006592 seconds, Stopping threads took: 0.0000282 seconds
28.989: [GC (Allocation Failure)  75401K->649K(417280K), 0.0004466 secs]
28.989: Total time for which application threads were stopped: 0.0005755 seconds, Stopping threads took: 0.0000284 seconds
29.036: [GC (Allocation Failure)  74377K->681K(416256K), 0.0005609 secs]
29.036: Total time for which application threads were stopped: 0.0006798 seconds, Stopping threads took: 0.0000198 seconds
29.082: [GC (Allocation Failure)  73385K->649K(415232K), 0.0004430 secs]
29.083: Total time for which application threads were stopped: 0.0005649 seconds, Stopping threads took: 0.0000194 seconds
29.129: [GC (Allocation Failure)  72329K->713K(414208K), 0.0003971 secs]
29.130: Total time for which application threads were stopped: 0.0005077 seconds, Stopping threads took: 0.0000172 seconds
29.174: [GC (Allocation Failure)  71369K->681K(413184K), 0.0005679 secs]
29.175: Total time for which application threads were stopped: 0.0006848 seconds, Stopping threads took: 0.0000200 seconds
29.223: [GC (Allocation Failure)  70313K->681K(412160K), 0.0004845 secs]
29.224: Total time for which application threads were stopped: 0.0006115 seconds, Stopping threads took: 0.0000197 seconds
29.267: [GC (Allocation Failure)  69289K->681K(425984K), 0.0007229 secs]
29.268: Total time for which application threads were stopped: 0.0008581 seconds, Stopping threads took: 0.0000289 seconds
29.319: [GC (Allocation Failure)  83113K->649K(442880K), 0.0007304 secs]
29.320: Total time for which application threads were stopped: 0.0008891 seconds, Stopping threads took: 0.0000298 seconds
29.382: [GC (Allocation Failure)  99977K->713K(462848K), 0.0005786 secs]
29.383: Total time for which application threads were stopped: 0.0007303 seconds, Stopping threads took: 0.0000311 seconds
29.464: [GC (Allocation Failure)  120009K->649K(460288K), 0.0004447 secs]
29.464: Total time for which application threads were stopped: 0.0005647 seconds, Stopping threads took: 0.0000194 seconds
29.538: [GC (Allocation Failure)  117385K->649K(457728K), 0.0004501 secs]
29.539: Total time for which application threads were stopped: 0.0005729 seconds, Stopping threads took: 0.0000199 seconds
29.616: [GC (Allocation Failure)  114825K->681K(455168K), 0.0004491 secs]
29.616: Total time for which application threads were stopped: 0.0005732 seconds, Stopping threads took: 0.0000280 seconds
29.693: [GC (Allocation Failure)  112297K->681K(452608K), 0.0006380 secs]
29.694: Total time for which application threads were stopped: 0.0007587 seconds, Stopping threads took: 0.0000201 seconds
29.768: [GC (Allocation Failure)  109737K->649K(450560K), 0.0006254 secs]
29.769: Total time for which application threads were stopped: 0.0007460 seconds, Stopping threads took: 0.0000202 seconds
29.840: [GC (Allocation Failure)  107657K->649K(448512K), 0.0005496 secs]
29.841: Total time for which application threads were stopped: 0.0006932 seconds, Stopping threads took: 0.0000218 seconds
29.913: [GC (Allocation Failure)  105609K->681K(446464K), 0.0004712 secs]
29.913: Total time for which application threads were stopped: 0.0005998 seconds, Stopping threads took: 0.0000218 seconds
29.978: [GC (Allocation Failure)  103593K->681K(444416K), 0.0006226 secs]
29.979: Total time for which application threads were stopped: 0.0007457 seconds, Stopping threads took: 0.0000202 seconds
30.042: [GC (Allocation Failure)  101545K->681K(442368K), 0.0004498 secs]
30.043: Total time for which application threads were stopped: 0.0005757 seconds, Stopping threads took: 0.0000202 seconds
30.106: [GC (Allocation Failure)  99497K->649K(440320K), 0.0004888 secs]
30.106: Total time for which application threads were stopped: 0.0006095 seconds, Stopping threads took: 0.0000201 seconds
30.172: [GC (Allocation Failure)  97417K->681K(438272K), 0.0005081 secs]
30.173: Total time for which application threads were stopped: 0.0006529 seconds, Stopping threads took: 0.0000355 seconds
30.238: [GC (Allocation Failure)  95401K->617K(436736K), 0.0005029 secs]
30.239: Total time for which application threads were stopped: 0.0006368 seconds, Stopping threads took: 0.0000197 seconds
30.297: [GC (Allocation Failure)  93801K->713K(435200K), 0.0004503 secs]
30.298: Total time for which application threads were stopped: 0.0005596 seconds, Stopping threads took: 0.0000181 seconds
30.356: [GC (Allocation Failure)  92361K->617K(433664K), 0.0006221 secs]
30.357: Total time for which application threads were stopped: 0.0007493 seconds, Stopping threads took: 0.0000277 seconds
30.419: [GC (Allocation Failure)  90729K->745K(432128K), 0.0004999 secs]
30.420: Total time for which application threads were stopped: 0.0006306 seconds, Stopping threads took: 0.0000214 seconds
30.476: [GC (Allocation Failure)  89321K->745K(430592K), 0.0004025 secs]
30.477: Total time for which application threads were stopped: 0.0005170 seconds, Stopping threads took: 0.0000255 seconds
30.532: [GC (Allocation Failure)  87785K->713K(429056K), 0.0005172 secs]
30.532: Total time for which application threads were stopped: 0.0006517 seconds, Stopping threads took: 0.0000211 seconds
30.586: [GC (Allocation Failure)  86217K->617K(427520K), 0.0006356 secs]
30.587: Total time for which application threads were stopped: 0.0007903 seconds, Stopping threads took: 0.0000294 seconds
30.645: [GC (Allocation Failure)  84585K->649K(425984K), 0.0005142 secs]
30.646: Total time for which application threads were stopped: 0.0006500 seconds, Stopping threads took: 0.0000209 seconds
30.701: [GC (Allocation Failure)  83081K->649K(424448K), 0.0004835 secs]
30.702: Total time for which application threads were stopped: 0.0006292 seconds, Stopping threads took: 0.0000293 seconds
30.757: [GC (Allocation Failure)  81545K->617K(422912K), 0.0004645 secs]
30.757: Total time for which application threads were stopped: 0.0005936 seconds, Stopping threads took: 0.0000290 seconds
30.808: [GC (Allocation Failure)  79977K->649K(421888K), 0.0004237 secs]
30.808: Total time for which application threads were stopped: 0.0005337 seconds, Stopping threads took: 0.0000175 seconds
30.858: [GC (Allocation Failure)  78985K->713K(420864K), 0.0004974 secs]
30.858: Total time for which application threads were stopped: 0.0006301 seconds, Stopping threads took: 0.0000203 seconds
30.912: [GC (Allocation Failure)  78025K->649K(419840K), 0.0004983 secs]
30.913: Total time for which application threads were stopped: 0.0006503 seconds, Stopping threads took: 0.0000207 seconds
30.961: [GC (Allocation Failure)  76937K->649K(418816K), 0.0004902 secs]
30.962: Total time for which application threads were stopped: 0.0006354 seconds, Stopping threads took: 0.0000275 seconds
31.009: [GC (Allocation Failure)  75913K->681K(417792K), 0.0005520 secs]
31.010: Total time for which application threads were stopped: 0.0006748 seconds, Stopping threads took: 0.0000213 seconds
31.062: [GC (Allocation Failure)  74921K->649K(416768K), 0.0004287 secs]
31.063: Total time for which application threads were stopped: 0.0005484 seconds, Stopping threads took: 0.0000190 seconds
31.113: [GC (Allocation Failure)  73865K->745K(415744K), 0.0004729 secs]
31.114: Total time for which application threads were stopped: 0.0006034 seconds, Stopping threads took: 0.0000277 seconds
31.159: [GC (Allocation Failure)  72937K->745K(414720K), 0.0006164 secs]
31.160: Total time for which application threads were stopped: 0.0007390 seconds, Stopping threads took: 0.0000211 seconds
31.211: [GC (Allocation Failure)  71913K->681K(413696K), 0.0005320 secs]
31.212: Total time for which application threads were stopped: 0.0007044 seconds, Stopping threads took: 0.0000533 seconds
31.263: [GC (Allocation Failure)  70825K->617K(412672K), 0.0006524 secs]
31.264: Total time for which application threads were stopped: 0.0007962 seconds, Stopping threads took: 0.0000217 seconds
31.312: [GC (Allocation Failure)  69737K->681K(426496K), 0.0007237 secs]
31.313: Total time for which application threads were stopped: 0.0008789 seconds, Stopping threads took: 0.0000231 seconds
31.371: [GC (Allocation Failure)  83625K->681K(443392K), 0.0007431 secs]
31.372: Total time for which application threads were stopped: 0.0008957 seconds, Stopping threads took: 0.0000228 seconds
31.443: [GC (Allocation Failure)  100521K->617K(441344K), 0.0005115 secs]
31.443: Total time for which application threads were stopped: 0.0006456 seconds, Stopping threads took: 0.0000235 seconds
31.506: [GC (Allocation Failure)  98409K->649K(439296K), 0.0003915 secs]
31.506: Total time for which application threads were stopped: 0.0005067 seconds, Stopping threads took: 0.0000197 seconds
31.567: [GC (Allocation Failure)  96393K->681K(437760K), 0.0005043 secs]
31.567: Total time for which application threads were stopped: 0.0006386 seconds, Stopping threads took: 0.0000190 seconds
31.630: [GC (Allocation Failure)  94889K->649K(436224K), 0.0004697 secs]
31.631: Total time for which application threads were stopped: 0.0006001 seconds, Stopping threads took: 0.0000208 seconds
31.689: [GC (Allocation Failure)  93321K->681K(434688K), 0.0005073 secs]
31.689: Total time for which application threads were stopped: 0.0006478 seconds, Stopping threads took: 0.0000230 seconds
31.747: [GC (Allocation Failure)  91817K->649K(433152K), 0.0004821 secs]
31.747: Total time for which application threads were stopped: 0.0005998 seconds, Stopping threads took: 0.0000199 seconds
31.803: [GC (Allocation Failure)  90249K->681K(431616K), 0.0006066 secs]
31.804: Total time for which application threads were stopped: 0.0007305 seconds, Stopping threads took: 0.0000269 seconds
31.859: [GC (Allocation Failure)  88745K->617K(430080K), 0.0005013 secs]
31.860: Total time for which application threads were stopped: 0.0006351 seconds, Stopping threads took: 0.0000283 seconds
31.914: [GC (Allocation Failure)  87145K->649K(428544K), 0.0005021 secs]
31.915: Total time for which application threads were stopped: 0.0006254 seconds, Stopping threads took: 0.0000200 seconds
31.969: [GC (Allocation Failure)  85641K->681K(427008K), 0.0005550 secs]
31.970: Total time for which application threads were stopped: 0.0006842 seconds, Stopping threads took: 0.0000192 seconds
32.022: [GC (Allocation Failure)  84137K->681K(425472K), 0.0005099 secs]
32.023: Total time for which application threads were stopped: 0.0006515 seconds, Stopping threads took: 0.0000300 seconds
32.074: [GC (Allocation Failure)  82601K->649K(423936K), 0.0004829 secs]
32.075: Total time for which application threads were stopped: 0.0006242 seconds, Stopping threads took: 0.0000252 seconds
32.126: [GC (Allocation Failure)  81033K->745K(422400K), 0.0005002 secs]
32.127: Total time for which application threads were stopped: 0.0006122 seconds, Stopping threads took: 0.0000173 seconds
32.180: [GC (Allocation Failure)  79593K->681K(421376K), 0.0007895 secs]
32.181: Total time for which application threads were stopped: 0.0009112 seconds, Stopping threads took: 0.0000199 seconds
32.230: [GC (Allocation Failure)  78505K->649K(420352K), 0.0004688 secs]
32.230: Total time for which application threads were stopped: 0.0005868 seconds, Stopping threads took: 0.0000191 seconds
32.284: [GC (Allocation Failure)  77449K->681K(419328K), 0.0004682 secs]
32.285: Total time for which application threads were stopped: 0.0006068 seconds, Stopping threads took: 0.0000270 seconds
32.333: [GC (Allocation Failure)  76457K->745K(418304K), 0.0005525 secs]
32.333: Total time for which application threads were stopped: 0.0006733 seconds, Stopping threads took: 0.0000201 seconds
32.386: [GC (Allocation Failure)  75497K->617K(417280K), 0.0005898 secs]
32.387: Total time for which application threads were stopped: 0.0007270 seconds, Stopping threads took: 0.0000280 seconds
32.433: [GC (Allocation Failure)  74345K->617K(416256K), 0.0005001 secs]
32.434: Total time for which application threads were stopped: 0.0006185 seconds, Stopping threads took: 0.0000279 seconds
32.484: [GC (Allocation Failure)  73321K->649K(415232K), 0.0004502 secs]
32.485: Total time for which application threads were stopped: 0.0005791 seconds, Stopping threads took: 0.0000261 seconds
32.530: [GC (Allocation Failure)  72329K->681K(414208K), 0.0005253 secs]
32.531: Total time for which application threads were stopped: 0.0006619 seconds, Stopping threads took: 0.0000257 seconds
32.576: [GC (Allocation Failure)  71337K->681K(413184K), 0.0005396 secs]
32.576: Total time for which application threads were stopped: 0.0006733 seconds, Stopping threads took: 0.0000202 seconds
32.627: [GC (Allocation Failure)  70313K->681K(412160K), 0.0005177 secs]
32.628: Total time for which application threads were stopped: 0.0006534 seconds, Stopping threads took: 0.0000220 seconds
32.671: [GC (Allocation Failure)  69289K->713K(411136K), 0.0005072 secs]
32.672: Total time for which application threads were stopped: 0.0006502 seconds, Stopping threads took: 0.0000224 seconds
32.714: [GC (Allocation Failure)  68297K->681K(410112K), 0.0005429 secs]
32.715: Total time for which application threads were stopped: 0.0006736 seconds, Stopping threads took: 0.0000227 seconds
32.757: [GC (Allocation Failure)  67241K->649K(409088K), 0.0004978 secs]
32.757: Total time for which application threads were stopped: 0.0006481 seconds, Stopping threads took: 0.0000221 seconds
32.805: [GC (Allocation Failure)  66185K->649K(408064K), 0.0004925 secs]
32.805: Total time for which application threads were stopped: 0.0006204 seconds, Stopping threads took: 0.0000218 seconds
32.846: [GC (Allocation Failure)  65161K->681K(421376K), 0.0006000 secs]
32.847: Total time for which application threads were stopped: 0.0007328 seconds, Stopping threads took: 0.0000277 seconds
32.896: [GC (Allocation Failure)  78505K->649K(420352K), 0.0005368 secs]
32.896: Total time for which application threads were stopped: 0.0006632 seconds, Stopping threads took: 0.0000198 seconds
32.945: [GC (Allocation Failure)  77449K->681K(419328K), 0.0004716 secs]
32.945: Total time for which application threads were stopped: 0.0005909 seconds, Stopping threads took: 0.0000198 seconds
32.994: [GC (Allocation Failure)  76457K->649K(418304K), 0.0005436 secs]
32.994: Total time for which application threads were stopped: 0.0006645 seconds, Stopping threads took: 0.0000202 seconds
33.044: [GC (Allocation Failure)  75401K->681K(417280K), 0.0005079 secs]
33.045: Total time for which application threads were stopped: 0.0006351 seconds, Stopping threads took: 0.0000196 seconds
33.091: [GC (Allocation Failure)  74409K->649K(416256K), 0.0005193 secs]
33.092: Total time for which application threads were stopped: 0.0006402 seconds, Stopping threads took: 0.0000254 seconds
33.144: [GC (Allocation Failure)  73353K->713K(415232K), 0.0005083 secs]
33.144: Total time for which application threads were stopped: 0.0006394 seconds, Stopping threads took: 0.0000204 seconds
33.190: [GC (Allocation Failure)  72393K->681K(414208K), 0.0005357 secs]
33.190: Total time for which application threads were stopped: 0.0006776 seconds, Stopping threads took: 0.0000216 seconds
33.235: [GC (Allocation Failure)  71337K->617K(413184K), 0.0005734 secs]
33.235: Total time for which application threads were stopped: 0.0007275 seconds, Stopping threads took: 0.0000295 seconds
33.279: [GC (Allocation Failure)  70249K->649K(412160K), 0.0005149 secs]
33.280: Total time for which application threads were stopped: 0.0006639 seconds, Stopping threads took: 0.0000228 seconds
33.323: [GC (Allocation Failure)  69257K->649K(411136K), 0.0004844 secs]
33.324: Total time for which application threads were stopped: 0.0006123 seconds, Stopping threads took: 0.0000225 seconds
33.366: [GC (Allocation Failure)  68233K->649K(410112K), 0.0004527 secs]
33.367: Total time for which application threads were stopped: 0.0005763 seconds, Stopping threads took: 0.0000273 seconds
33.415: [GC (Allocation Failure)  67209K->713K(409088K), 0.0005143 secs]
33.415: Total time for which application threads were stopped: 0.0006210 seconds, Stopping threads took: 0.0000169 seconds
33.461: [GC (Allocation Failure)  66249K->713K(408064K), 0.0003878 secs]
33.462: Total time for which application threads were stopped: 0.0005162 seconds, Stopping threads took: 0.0000244 seconds
33.503: [GC (Allocation Failure)  65225K->745K(407040K), 0.0004648 secs]
33.504: Total time for which application threads were stopped: 0.0005845 seconds, Stopping threads took: 0.0000162 seconds
33.550: [GC (Allocation Failure)  64233K->713K(406016K), 0.0005195 secs]
33.550: Total time for which application threads were stopped: 0.0006191 seconds, Stopping threads took: 0.0000168 seconds
33.593: [GC (Allocation Failure)  63177K->617K(405504K), 0.0005305 secs]
33.593: Total time for which application threads were stopped: 0.0006398 seconds, Stopping threads took: 0.0000176 seconds
33.632: [GC (Allocation Failure)  62569K->713K(404992K), 0.0004823 secs]
33.633: Total time for which application threads were stopped: 0.0006232 seconds, Stopping threads took: 0.0000195 seconds
33.679: [GC (Allocation Failure)  62153K->649K(404480K), 0.0005101 secs]
33.679: Total time for which application threads were stopped: 0.0006579 seconds, Stopping threads took: 0.0000226 seconds
33.723: [GC (Allocation Failure)  61577K->681K(403968K), 0.0004777 secs]
33.723: Total time for which application threads were stopped: 0.0006123 seconds, Stopping threads took: 0.0000299 seconds
33.761: [GC (Allocation Failure)  61097K->649K(403456K), 0.0004093 secs]
33.761: Total time for which application threads were stopped: 0.0005168 seconds, Stopping threads took: 0.0000172 seconds
33.799: [GC (Allocation Failure)  60553K->649K(402944K), 0.0004663 secs]
33.800: Total time for which application threads were stopped: 0.0005760 seconds, Stopping threads took: 0.0000172 seconds
33.837: [GC (Allocation Failure)  60041K->649K(415232K), 0.0005401 secs]
33.838: Total time for which application threads were stopped: 0.0006677 seconds, Stopping threads took: 0.0000277 seconds
33.883: [GC (Allocation Failure)  72329K->617K(429568K), 0.0005062 secs]
33.884: Total time for which application threads were stopped: 0.0006358 seconds, Stopping threads took: 0.0000207 seconds
33.942: [GC (Allocation Failure)  86633K->681K(428032K), 0.0005012 secs]
33.943: Total time for which application threads were stopped: 0.0006267 seconds, Stopping threads took: 0.0000277 seconds
33.997: [GC (Allocation Failure)  85161K->649K(444928K), 0.0009376 secs]
33.998: Total time for which application threads were stopped: 0.0010670 seconds, Stopping threads took: 0.0000176 seconds
34.065: [GC (Allocation Failure)  102025K->745K(442880K), 0.0004900 secs]
34.065: Total time for which application threads were stopped: 0.0006260 seconds, Stopping threads took: 0.0000211 seconds
34.134: [GC (Allocation Failure)  100073K->649K(440832K), 0.0005835 secs]
34.134: Total time for which application threads were stopped: 0.0007565 seconds, Stopping threads took: 0.0000291 seconds
34.196: [GC (Allocation Failure)  97929K->649K(438784K), 0.0004439 secs]
34.196: Total time for which application threads were stopped: 0.0005615 seconds, Stopping threads took: 0.0000206 seconds
34.260: [GC (Allocation Failure)  95881K->649K(437248K), 0.0004372 secs]
34.261: Total time for which application threads were stopped: 0.0005728 seconds, Stopping threads took: 0.0000352 seconds
34.320: [GC (Allocation Failure)  94345K->681K(435712K), 0.0004922 secs]
34.320: Total time for which application threads were stopped: 0.0006168 seconds, Stopping threads took: 0.0000278 seconds
34.379: [GC (Allocation Failure)  92841K->681K(434176K), 0.0004939 secs]
34.379: Total time for which application threads were stopped: 0.0006221 seconds, Stopping threads took: 0.0000282 seconds
34.436: [GC (Allocation Failure)  91305K->649K(432640K), 0.0004823 secs]
34.437: Total time for which application threads were stopped: 0.0006111 seconds, Stopping threads took: 0.0000284 seconds
34.500: [GC (Allocation Failure)  89737K->713K(431104K), 0.0004584 secs]
34.500: Total time for which application threads were stopped: 0.0005832 seconds, Stopping threads took: 0.0000201 seconds
34.555: [GC (Allocation Failure)  88265K->681K(429568K), 0.0004835 secs]
34.556: Total time for which application threads were stopped: 0.0006007 seconds, Stopping threads took: 0.0000194 seconds
34.610: [GC (Allocation Failure)  86697K->649K(428032K), 0.0005917 secs]
34.610: Total time for which application threads were stopped: 0.0007331 seconds, Stopping threads took: 0.0000271 seconds
34.664: [GC (Allocation Failure)  85129K->713K(426496K), 0.0005385 secs]
34.664: Total time for which application threads were stopped: 0.0006595 seconds, Stopping threads took: 0.0000204 seconds
34.716: [GC (Allocation Failure)  83657K->713K(424960K), 0.0004256 secs]
34.717: Total time for which application threads were stopped: 0.0005454 seconds, Stopping threads took: 0.0000198 seconds
34.774: [GC (Allocation Failure)  82121K->681K(423424K), 0.0004767 secs]
34.774: Total time for which application threads were stopped: 0.0005937 seconds, Stopping threads took: 0.0000196 seconds
34.825: [GC (Allocation Failure)  80553K->681K(422400K), 0.0005444 secs]
34.825: Total time for which application threads were stopped: 0.0006689 seconds, Stopping threads took: 0.0000275 seconds
34.875: [GC (Allocation Failure)  79529K->649K(421376K), 0.0004970 secs]
34.875: Total time for which application threads were stopped: 0.0006310 seconds, Stopping threads took: 0.0000201 seconds
34.928: [GC (Allocation Failure)  78473K->713K(420352K), 0.0006008 secs]
34.929: Total time for which application threads were stopped: 0.0007321 seconds, Stopping threads took: 0.0000278 seconds
34.978: [GC (Allocation Failure)  77513K->681K(419328K), 0.0004005 secs]
34.978: Total time for which application threads were stopped: 0.0005304 seconds, Stopping threads took: 0.0000288 seconds
35.030: [GC (Allocation Failure)  76457K->745K(418304K), 0.0005705 secs]
35.031: Total time for which application threads were stopped: 0.0007040 seconds, Stopping threads took: 0.0000292 seconds
35.082: [GC (Allocation Failure)  75497K->649K(417280K), 0.0006317 secs]
35.082: Total time for which application threads were stopped: 0.0007505 seconds, Stopping threads took: 0.0000192 seconds
35.130: [GC (Allocation Failure)  74377K->681K(416256K), 0.0004873 secs]
35.130: Total time for which application threads were stopped: 0.0006183 seconds, Stopping threads took: 0.0000203 seconds
35.176: [GC (Allocation Failure)  73385K->681K(415232K), 0.0005969 secs]
35.177: Total time for which application threads were stopped: 0.0007145 seconds, Stopping threads took: 0.0000189 seconds
35.222: [GC (Allocation Failure)  72361K->617K(414208K), 0.0003787 secs]
35.222: Total time for which application threads were stopped: 0.0004991 seconds, Stopping threads took: 0.0000198 seconds
35.270: [GC (Allocation Failure)  71273K->649K(413184K), 0.0004564 secs]
35.271: Total time for which application threads were stopped: 0.0005986 seconds, Stopping threads took: 0.0000190 seconds
35.314: [GC (Allocation Failure)  70281K->681K(412160K), 0.0004900 secs]
35.315: Total time for which application threads were stopped: 0.0006237 seconds, Stopping threads took: 0.0000287 seconds
35.364: [GC (Allocation Failure)  69289K->649K(411136K), 0.0005006 secs]
35.364: Total time for which application threads were stopped: 0.0006453 seconds, Stopping threads took: 0.0000296 seconds
35.414: [GC (Allocation Failure)  68233K->649K(410112K), 0.0005424 secs]
35.414: Total time for which application threads were stopped: 0.0006985 seconds, Stopping threads took: 0.0000301 seconds
35.460: [GC (Allocation Failure)  67209K->617K(409088K), 0.0004139 secs]
35.461: Total time for which application threads were stopped: 0.0005304 seconds, Stopping threads took: 0.0000188 seconds
35.503: [GC (Allocation Failure)  66153K->617K(408064K), 0.0006604 secs]
35.503: Total time for which application threads were stopped: 0.0008060 seconds, Stopping threads took: 0.0000291 seconds
35.544: [GC (Allocation Failure)  65129K->649K(407040K), 0.0005040 secs]
35.545: Total time for which application threads were stopped: 0.0006336 seconds, Stopping threads took: 0.0000216 seconds
35.585: [GC (Allocation Failure)  64137K->649K(419840K), 0.0006202 secs]
35.585: Total time for which application threads were stopped: 0.0007580 seconds, Stopping threads took: 0.0000271 seconds
35.633: [GC (Allocation Failure)  76937K->681K(435200K), 0.0004618 secs]
35.634: Total time for which application threads were stopped: 0.0005975 seconds, Stopping threads took: 0.0000299 seconds
35.697: [GC (Allocation Failure)  92329K->649K(433664K), 0.0006556 secs]
35.698: Total time for which application threads were stopped: 0.0007809 seconds, Stopping threads took: 0.0000201 seconds
35.755: [GC (Allocation Failure)  90761K->649K(432128K), 0.0005068 secs]
35.756: Total time for which application threads were stopped: 0.0006425 seconds, Stopping threads took: 0.0000199 seconds
35.811: [GC (Allocation Failure)  89225K->649K(430592K), 0.0004692 secs]
35.812: Total time for which application threads were stopped: 0.0006155 seconds, Stopping threads took: 0.0000299 seconds
35.867: [GC (Allocation Failure)  87689K->649K(429056K), 0.0004526 secs]
35.867: Total time for which application threads were stopped: 0.0005805 seconds, Stopping threads took: 0.0000276 seconds
35.927: [GC (Allocation Failure)  86153K->649K(427520K), 0.0004901 secs]
35.927: Total time for which application threads were stopped: 0.0006457 seconds, Stopping threads took: 0.0000304 seconds
35.982: [GC (Allocation Failure)  84617K->649K(425984K), 0.0004758 secs]
35.982: Total time for which application threads were stopped: 0.0005956 seconds, Stopping threads took: 0.0000249 seconds
36.034: [GC (Allocation Failure)  83081K->681K(424448K), 0.0006450 secs]
36.035: Total time for which application threads were stopped: 0.0007850 seconds, Stopping threads took: 0.0000266 seconds
36.092: [GC (Allocation Failure)  81577K->617K(422912K), 0.0004398 secs]
36.093: Total time for which application threads were stopped: 0.0005821 seconds, Stopping threads took: 0.0000250 seconds
36.143: [GC (Allocation Failure)  79977K->713K(421888K), 0.0004721 secs]
36.143: Total time for which application threads were stopped: 0.0006020 seconds, Stopping threads took: 0.0000205 seconds
36.196: [GC (Allocation Failure)  79049K->681K(420864K), 0.0004976 secs]
36.197: Total time for which application threads were stopped: 0.0006334 seconds, Stopping threads took: 0.0000222 seconds
36.246: [GC (Allocation Failure)  77993K->681K(419840K), 0.0005735 secs]
36.246: Total time for which application threads were stopped: 0.0007155 seconds, Stopping threads took: 0.0000233 seconds
36.294: [GC (Allocation Failure)  76969K->649K(418816K), 0.0004263 secs]
36.295: Total time for which application threads were stopped: 0.0005358 seconds, Stopping threads took: 0.0000171 seconds
36.346: [GC (Allocation Failure)  75913K->617K(417792K), 0.0004453 secs]
36.347: Total time for which application threads were stopped: 0.0005717 seconds, Stopping threads took: 0.0000281 seconds
36.394: [GC (Allocation Failure)  74857K->617K(416768K), 0.0004683 secs]
36.394: Total time for which application threads were stopped: 0.0005970 seconds, Stopping threads took: 0.0000270 seconds
36.441: [GC (Allocation Failure)  73833K->681K(415744K), 0.0004568 secs]
36.441: Total time for which application threads were stopped: 0.0005795 seconds, Stopping threads took: 0.0000201 seconds
36.488: [GC (Allocation Failure)  72873K->649K(414720K), 0.0004592 secs]
36.488: Total time for which application threads were stopped: 0.0005813 seconds, Stopping threads took: 0.0000266 seconds
36.539: [GC (Allocation Failure)  71817K->649K(413696K), 0.0005218 secs]
36.540: Total time for which application threads were stopped: 0.0006688 seconds, Stopping threads took: 0.0000213 seconds
36.589: [GC (Allocation Failure)  70793K->649K(412672K), 0.0004675 secs]
36.590: Total time for which application threads were stopped: 0.0005839 seconds, Stopping threads took: 0.0000192 seconds
36.633: [GC (Allocation Failure)  69769K->649K(411648K), 0.0005393 secs]
36.634: Total time for which application threads were stopped: 0.0006650 seconds, Stopping threads took: 0.0000282 seconds
36.677: [GC (Allocation Failure)  68745K->713K(410624K), 0.0005961 secs]
36.678: Total time for which application threads were stopped: 0.0007165 seconds, Stopping threads took: 0.0000198 seconds
36.720: [GC (Allocation Failure)  67785K->745K(409600K), 0.0004825 secs]
36.720: Total time for which application threads were stopped: 0.0006228 seconds, Stopping threads took: 0.0000269 seconds
36.762: [GC (Allocation Failure)  66793K->649K(422912K), 0.0005580 secs]
36.763: Total time for which application threads were stopped: 0.0006887 seconds, Stopping threads took: 0.0000276 seconds
36.813: [GC (Allocation Failure)  80009K->649K(438784K), 0.0006147 secs]
36.813: Total time for which application threads were stopped: 0.0007618 seconds, Stopping threads took: 0.0000298 seconds
36.873: [GC (Allocation Failure)  95881K->713K(437248K), 0.0004823 secs]
36.874: Total time for which application threads were stopped: 0.0006020 seconds, Stopping threads took: 0.0000201 seconds
36.938: [GC (Allocation Failure)  94409K->617K(435712K), 0.0006279 secs]
36.939: Total time for which application threads were stopped: 0.0007553 seconds, Stopping threads took: 0.0000212 seconds
36.999: [GC (Allocation Failure)  92777K->713K(434176K), 0.0004613 secs]
37.000: Total time for which application threads were stopped: 0.0005895 seconds, Stopping threads took: 0.0000262 seconds
37.063: [GC (Allocation Failure)  91337K->649K(432640K), 0.0007834 secs]
37.064: Total time for which application threads were stopped: 0.0009398 seconds, Stopping threads took: 0.0000300 seconds
37.121: [GC (Allocation Failure)  89737K->649K(431104K), 0.0005029 secs]
37.121: Total time for which application threads were stopped: 0.0006327 seconds, Stopping threads took: 0.0000283 seconds
37.180: [GC (Allocation Failure)  88201K->649K(429568K), 0.0004983 secs]
37.180: Total time for which application threads were stopped: 0.0006380 seconds, Stopping threads took: 0.0000209 seconds
37.239: [GC (Allocation Failure)  86665K->681K(428032K), 0.0005641 secs]
37.240: Total time for which application threads were stopped: 0.0007144 seconds, Stopping threads took: 0.0000219 seconds
37.299: [GC (Allocation Failure)  85161K->617K(426496K), 0.0006366 secs]
37.299: Total time for which application threads were stopped: 0.0007651 seconds, Stopping threads took: 0.0000282 seconds
37.355: [GC (Allocation Failure)  83561K->681K(424960K), 0.0004378 secs]
37.356: Total time for which application threads were stopped: 0.0005752 seconds, Stopping threads took: 0.0000297 seconds
37.413: [GC (Allocation Failure)  82089K->713K(423424K), 0.0006639 secs]
37.414: Total time for which application threads were stopped: 0.0007742 seconds, Stopping threads took: 0.0000166 seconds
37.464: [GC (Allocation Failure)  80585K->649K(422400K), 0.0004801 secs]
37.465: Total time for which application threads were stopped: 0.0006004 seconds, Stopping threads took: 0.0000262 seconds
37.515: [GC (Allocation Failure)  79497K->681K(421376K), 0.0005644 secs]
37.515: Total time for which application threads were stopped: 0.0006877 seconds, Stopping threads took: 0.0000202 seconds
37.565: [GC (Allocation Failure)  78505K->713K(420352K), 0.0006352 secs]
37.565: Total time for which application threads were stopped: 0.0007818 seconds, Stopping threads took: 0.0000254 seconds
37.614: [GC (Allocation Failure)  77513K->617K(419328K), 0.0004942 secs]
37.615: Total time for which application threads were stopped: 0.0006309 seconds, Stopping threads took: 0.0000247 seconds
37.666: [GC (Allocation Failure)  76393K->649K(418304K), 0.0004896 secs]
37.667: Total time for which application threads were stopped: 0.0006189 seconds, Stopping threads took: 0.0000282 seconds
37.714: [GC (Allocation Failure)  75401K->617K(417280K), 0.0005263 secs]
37.714: Total time for which application threads were stopped: 0.0006399 seconds, Stopping threads took: 0.0000185 seconds
37.764: [GC (Allocation Failure)  74345K->617K(416256K), 0.0006078 secs]
37.765: Total time for which application threads were stopped: 0.0007162 seconds, Stopping threads took: 0.0000176 seconds
37.811: [GC (Allocation Failure)  73321K->681K(415232K), 0.0004719 secs]
37.811: Total time for which application threads were stopped: 0.0006031 seconds, Stopping threads took: 0.0000280 seconds
37.857: [GC (Allocation Failure)  72361K->681K(414208K), 0.0004880 secs]
37.857: Total time for which application threads were stopped: 0.0006098 seconds, Stopping threads took: 0.0000199 seconds
37.902: [GC (Allocation Failure)  71337K->649K(413184K), 0.0005044 secs]
37.902: Total time for which application threads were stopped: 0.0006550 seconds, Stopping threads took: 0.0000300 seconds
37.951: [GC (Allocation Failure)  70281K->649K(412160K), 0.0006048 secs]
37.952: Total time for which application threads were stopped: 0.0007571 seconds, Stopping threads took: 0.0000227 seconds
38.003: [GC (Allocation Failure)  69257K->649K(411136K), 0.0004638 secs]
38.003: Total time for which application threads were stopped: 0.0006133 seconds, Stopping threads took: 0.0000282 seconds
38.050: [GC (Allocation Failure)  68233K->713K(410112K), 0.0004476 secs]
38.051: Total time for which application threads were stopped: 0.0005730 seconds, Stopping threads took: 0.0000171 seconds
38.097: [GC (Allocation Failure)  67273K->681K(409088K), 0.0005568 secs]
38.098: Total time for which application threads were stopped: 0.0006677 seconds, Stopping threads took: 0.0000166 seconds
38.139: [GC (Allocation Failure)  66217K->617K(408064K), 0.0004848 secs]
38.140: Total time for which application threads were stopped: 0.0006118 seconds, Stopping threads took: 0.0000200 seconds
38.185: [GC (Allocation Failure)  65129K->713K(407040K), 0.0004894 secs]
38.185: Total time for which application threads were stopped: 0.0006250 seconds, Stopping threads took: 0.0000288 seconds
38.225: [GC (Allocation Failure)  64201K->713K(406016K), 0.0005071 secs]
38.226: Total time for which application threads were stopped: 0.0006303 seconds, Stopping threads took: 0.0000206 seconds
38.265: [GC (Allocation Failure)  63177K->713K(405504K), 0.0005031 secs]
38.266: Total time for which application threads were stopped: 0.0006306 seconds, Stopping threads took: 0.0000275 seconds
38.305: [GC (Allocation Failure)  62665K->649K(418304K), 0.0004877 secs]
38.305: Total time for which application threads were stopped: 0.0006123 seconds, Stopping threads took: 0.0000198 seconds
38.356: [GC (Allocation Failure)  75401K->681K(417280K), 0.0004938 secs]
38.357: Total time for which application threads were stopped: 0.0006145 seconds, Stopping threads took: 0.0000201 seconds
38.403: [GC (Allocation Failure)  74409K->681K(416256K), 0.0004632 secs]
38.404: Total time for which application threads were stopped: 0.0005914 seconds, Stopping threads took: 0.0000284 seconds
38.450: [GC (Allocation Failure)  73385K->681K(415232K), 0.0005381 secs]
38.450: Total time for which application threads were stopped: 0.0006554 seconds, Stopping threads took: 0.0000192 seconds
38.497: [GC (Allocation Failure)  72361K->649K(414208K), 0.0004676 secs]
38.497: Total time for which application threads were stopped: 0.0005938 seconds, Stopping threads took: 0.0000267 seconds
38.547: [GC (Allocation Failure)  71305K->649K(413184K), 0.0004760 secs]
38.548: Total time for which application threads were stopped: 0.0005998 seconds, Stopping threads took: 0.0000200 seconds
38.592: [GC (Allocation Failure)  70281K->649K(412160K), 0.0004831 secs]
38.592: Total time for which application threads were stopped: 0.0006087 seconds, Stopping threads took: 0.0000203 seconds
38.641: [GC (Allocation Failure)  69257K->745K(411136K), 0.0005917 secs]
38.641: Total time for which application threads were stopped: 0.0007140 seconds, Stopping threads took: 0.0000201 seconds
38.684: [GC (Allocation Failure)  68329K->617K(424960K), 0.0006527 secs]
38.685: Total time for which application threads were stopped: 0.0007839 seconds, Stopping threads took: 0.0000199 seconds
38.740: [GC (Allocation Failure)  82025K->649K(441344K), 0.0006584 secs]
38.741: Total time for which application threads were stopped: 0.0008012 seconds, Stopping threads took: 0.0000298 seconds
38.802: [GC (Allocation Failure)  98441K->713K(439296K), 0.0005095 secs]
38.803: Total time for which application threads were stopped: 0.0006506 seconds, Stopping threads took: 0.0000312 seconds
38.863: [GC (Allocation Failure)  96457K->649K(437760K), 0.0004782 secs]
38.863: Total time for which application threads were stopped: 0.0005976 seconds, Stopping threads took: 0.0000191 seconds
38.928: [GC (Allocation Failure)  94857K->681K(436224K), 0.0006946 secs]
38.929: Total time for which application threads were stopped: 0.0008234 seconds, Stopping threads took: 0.0000283 seconds
38.988: [GC (Allocation Failure)  93353K->649K(434688K), 0.0004747 secs]
38.988: Total time for which application threads were stopped: 0.0006033 seconds, Stopping threads took: 0.0000279 seconds
39.051: [GC (Allocation Failure)  91785K->745K(433152K), 0.0004692 secs]
39.052: Total time for which application threads were stopped: 0.0005929 seconds, Stopping threads took: 0.0000201 seconds
39.114: [GC (Allocation Failure)  90345K->649K(431616K), 0.0005004 secs]
39.114: Total time for which application threads were stopped: 0.0006317 seconds, Stopping threads took: 0.0000283 seconds
39.173: [GC (Allocation Failure)  88713K->681K(430080K), 0.0006596 secs]
39.173: Total time for which application threads were stopped: 0.0007867 seconds, Stopping threads took: 0.0000277 seconds
39.234: [GC (Allocation Failure)  87209K->681K(428544K), 0.0005737 secs]
39.234: Total time for which application threads were stopped: 0.0007200 seconds, Stopping threads took: 0.0000302 seconds
39.288: [GC (Allocation Failure)  85673K->713K(427008K), 0.0005064 secs]
39.288: Total time for which application threads were stopped: 0.0006376 seconds, Stopping threads took: 0.0000221 seconds
39.341: [GC (Allocation Failure)  84169K->649K(425472K), 0.0004847 secs]
39.342: Total time for which application threads were stopped: 0.0006017 seconds, Stopping threads took: 0.0000195 seconds
39.393: [GC (Allocation Failure)  82569K->617K(423936K), 0.0006294 secs]
39.394: Total time for which application threads were stopped: 0.0007640 seconds, Stopping threads took: 0.0000200 seconds
39.444: [GC (Allocation Failure)  81001K->617K(422400K), 0.0006508 secs]
39.445: Total time for which application threads were stopped: 0.0007769 seconds, Stopping threads took: 0.0000199 seconds
39.496: [GC (Allocation Failure)  79465K->649K(421376K), 0.0004481 secs]
39.496: Total time for which application threads were stopped: 0.0005709 seconds, Stopping threads took: 0.0000202 seconds
39.545: [GC (Allocation Failure)  78473K->681K(420352K), 0.0005636 secs]
39.546: Total time for which application threads were stopped: 0.0006735 seconds, Stopping threads took: 0.0000202 seconds
39.598: [GC (Allocation Failure)  77481K->617K(419328K), 0.0004733 secs]
39.599: Total time for which application threads were stopped: 0.0005991 seconds, Stopping threads took: 0.0000287 seconds
39.652: [GC (Allocation Failure)  76393K->617K(418304K), 0.0004880 secs]
39.653: Total time for which application threads were stopped: 0.0005986 seconds, Stopping threads took: 0.0000175 seconds
39.700: [GC (Allocation Failure)  75369K->681K(417280K), 0.0005135 secs]
39.700: Total time for which application threads were stopped: 0.0006417 seconds, Stopping threads took: 0.0000279 seconds
39.746: [GC (Allocation Failure)  74409K->681K(416256K), 0.0005552 secs]
39.747: Total time for which application threads were stopped: 0.0006768 seconds, Stopping threads took: 0.0000197 seconds
39.793: [GC (Allocation Failure)  73385K->681K(415232K), 0.0004741 secs]
39.794: Total time for which application threads were stopped: 0.0005953 seconds, Stopping threads took: 0.0000199 seconds
39.839: [GC (Allocation Failure)  72361K->649K(414208K), 0.0004968 secs]
39.839: Total time for which application threads were stopped: 0.0006260 seconds, Stopping threads took: 0.0000201 seconds
39.884: [GC (Allocation Failure)  71305K->681K(428544K), 0.0007441 secs]
39.885: Total time for which application threads were stopped: 0.0008766 seconds, Stopping threads took: 0.0000299 seconds
39.943: [GC (Allocation Failure)  85673K->617K(427008K), 0.0004818 secs]
39.943: Total time for which application threads were stopped: 0.0005903 seconds, Stopping threads took: 0.0000162 seconds
39.997: [GC (Allocation Failure)  84073K->649K(425472K), 0.0004048 secs]
39.997: Total time for which application threads were stopped: 0.0005288 seconds, Stopping threads took: 0.0000272 seconds
40.053: [GC (Allocation Failure)  82569K->745K(423936K), 0.0004939 secs]
40.054: Total time for which application threads were stopped: 0.0006316 seconds, Stopping threads took: 0.0000179 seconds
40.112: [GC (Allocation Failure)  81129K->649K(422400K), 0.0005923 secs]
40.112: Total time for which application threads were stopped: 0.0007324 seconds, Stopping threads took: 0.0000283 seconds
40.162: [GC (Allocation Failure)  79497K->713K(421376K), 0.0006529 secs]
40.163: Total time for which application threads were stopped: 0.0008011 seconds, Stopping threads took: 0.0000218 seconds
40.216: [GC (Allocation Failure)  78537K->681K(420352K), 0.0005181 secs]
40.216: Total time for which application threads were stopped: 0.0006747 seconds, Stopping threads took: 0.0000306 seconds
40.265: [GC (Allocation Failure)  77481K->649K(419328K), 0.0004729 secs]
40.265: Total time for which application threads were stopped: 0.0005944 seconds, Stopping threads took: 0.0000203 seconds
40.313: [GC (Allocation Failure)  76425K->649K(418304K), 0.0004928 secs]
40.313: Total time for which application threads were stopped: 0.0006159 seconds, Stopping threads took: 0.0000202 seconds
40.364: [GC (Allocation Failure)  75401K->649K(417280K), 0.0005011 secs]
40.364: Total time for which application threads were stopped: 0.0006293 seconds, Stopping threads took: 0.0000210 seconds
40.411: [GC (Allocation Failure)  74377K->681K(416256K), 0.0004703 secs]
40.412: Total time for which application threads were stopped: 0.0006160 seconds, Stopping threads took: 0.0000281 seconds
40.464: [GC (Allocation Failure)  73385K->649K(415232K), 0.0005854 secs]
40.465: Total time for which application threads were stopped: 0.0007183 seconds, Stopping threads took: 0.0000261 seconds
40.510: [GC (Allocation Failure)  72329K->713K(414208K), 0.0005168 secs]
40.510: Total time for which application threads were stopped: 0.0006528 seconds, Stopping threads took: 0.0000220 seconds
40.555: [GC (Allocation Failure)  71369K->681K(413184K), 0.0005359 secs]
40.556: Total time for which application threads were stopped: 0.0006770 seconds, Stopping threads took: 0.0000223 seconds
40.599: [GC (Allocation Failure)  70313K->649K(427520K), 0.0006806 secs]
40.600: Total time for which application threads were stopped: 0.0008077 seconds, Stopping threads took: 0.0000278 seconds
40.653: [GC (Allocation Failure)  84617K->713K(444416K), 0.0006558 secs]
40.653: Total time for which application threads were stopped: 0.0007773 seconds, Stopping threads took: 0.0000204 seconds
40.723: [GC (Allocation Failure)  101577K->713K(442368K), 0.0005600 secs]
40.723: Total time for which application threads were stopped: 0.0007147 seconds, Stopping threads took: 0.0000302 seconds
40.785: [GC (Allocation Failure)  99529K->681K(440320K), 0.0005160 secs]
40.786: Total time for which application threads were stopped: 0.0006701 seconds, Stopping threads took: 0.0000309 seconds
40.847: [GC (Allocation Failure)  97449K->649K(438272K), 0.0005179 secs]
40.847: Total time for which application threads were stopped: 0.0006553 seconds, Stopping threads took: 0.0000279 seconds
40.912: [GC (Allocation Failure)  95369K->713K(436736K), 0.0006431 secs]
40.912: Total time for which application threads were stopped: 0.0007592 seconds, Stopping threads took: 0.0000177 seconds
40.975: [GC (Allocation Failure)  93897K->649K(435200K), 0.0004863 secs]
40.975: Total time for which application threads were stopped: 0.0006088 seconds, Stopping threads took: 0.0000194 seconds
41.033: [GC (Allocation Failure)  92297K->649K(433664K), 0.0006512 secs]
41.034: Total time for which application threads were stopped: 0.0007759 seconds, Stopping threads took: 0.0000278 seconds
41.091: [GC (Allocation Failure)  90761K->649K(432128K), 0.0006756 secs]
41.092: Total time for which application threads were stopped: 0.0008041 seconds, Stopping threads took: 0.0000176 seconds
41.148: [GC (Allocation Failure)  89225K->649K(430592K), 0.0005194 secs]
41.148: Total time for which application threads were stopped: 0.0006601 seconds, Stopping threads took: 0.0000207 seconds
41.209: [GC (Allocation Failure)  87689K->681K(429056K), 0.0004566 secs]
41.209: Total time for which application threads were stopped: 0.0005752 seconds, Stopping threads took: 0.0000201 seconds
41.263: [GC (Allocation Failure)  86185K->681K(427520K), 0.0005503 secs]
41.264: Total time for which application threads were stopped: 0.0006774 seconds, Stopping threads took: 0.0000196 seconds
41.316: [GC (Allocation Failure)  84649K->681K(425984K), 0.0005192 secs]
41.317: Total time for which application threads were stopped: 0.0006358 seconds, Stopping threads took: 0.0000192 seconds
41.369: [GC (Allocation Failure)  83113K->745K(424448K), 0.0004823 secs]
41.369: Total time for which application threads were stopped: 0.0006002 seconds, Stopping threads took: 0.0000191 seconds
41.426: [GC (Allocation Failure)  81641K->713K(422912K), 0.0005530 secs]
41.426: Total time for which application threads were stopped: 0.0006700 seconds, Stopping threads took: 0.0000195 seconds
41.477: [GC (Allocation Failure)  80073K->681K(421888K), 0.0004134 secs]
41.477: Total time for which application threads were stopped: 0.0005407 seconds, Stopping threads took: 0.0000267 seconds
41.532: [GC (Allocation Failure)  79017K->681K(420864K), 0.0004418 secs]
41.533: Total time for which application threads were stopped: 0.0005695 seconds, Stopping threads took: 0.0000259 seconds
41.582: [GC (Allocation Failure)  77993K->681K(419840K), 0.0005063 secs]
41.582: Total time for which application threads were stopped: 0.0006458 seconds, Stopping threads took: 0.0000223 seconds
41.637: [GC (Allocation Failure)  76969K->617K(418816K), 0.0005181 secs]
41.637: Total time for which application threads were stopped: 0.0006671 seconds, Stopping threads took: 0.0000303 seconds
41.691: [GC (Allocation Failure)  75881K->681K(417792K), 0.0005553 secs]
41.691: Total time for which application threads were stopped: 0.0006926 seconds, Stopping threads took: 0.0000215 seconds
41.738: [GC (Allocation Failure)  74921K->681K(416768K), 0.0004956 secs]
41.739: Total time for which application threads were stopped: 0.0006363 seconds, Stopping threads took: 0.0000219 seconds
41.788: [GC (Allocation Failure)  73897K->649K(415744K), 0.0005022 secs]
41.789: Total time for which application threads were stopped: 0.0006435 seconds, Stopping threads took: 0.0000217 seconds
41.834: [GC (Allocation Failure)  72841K->681K(414720K), 0.0005552 secs]
41.835: Total time for which application threads were stopped: 0.0006980 seconds, Stopping threads took: 0.0000228 seconds
41.880: [GC (Allocation Failure)  71849K->617K(413696K), 0.0006874 secs]
41.880: Total time for which application threads were stopped: 0.0008328 seconds, Stopping threads took: 0.0000222 seconds
41.925: [GC (Allocation Failure)  70761K->713K(412672K), 0.0004804 secs]
41.925: Total time for which application threads were stopped: 0.0006121 seconds, Stopping threads took: 0.0000228 seconds
41.969: [GC (Allocation Failure)  69833K->713K(411648K), 0.0004008 secs]
41.970: Total time for which application threads were stopped: 0.0005303 seconds, Stopping threads took: 0.0000285 seconds
42.018: [GC (Allocation Failure)  68809K->649K(410624K), 0.0004822 secs]
42.019: Total time for which application threads were stopped: 0.0006085 seconds, Stopping threads took: 0.0000264 seconds
42.067: [GC (Allocation Failure)  67721K->681K(409600K), 0.0005424 secs]
42.067: Total time for which application threads were stopped: 0.0006631 seconds, Stopping threads took: 0.0000200 seconds
42.111: [GC (Allocation Failure)  66729K->681K(422912K), 0.0007423 secs]
42.111: Total time for which application threads were stopped: 0.0008699 seconds, Stopping threads took: 0.0000270 seconds
42.161: [GC (Allocation Failure)  80041K->681K(438784K), 0.0004971 secs]
42.162: Total time for which application threads were stopped: 0.0006326 seconds, Stopping threads took: 0.0000225 seconds
42.221: [GC (Allocation Failure)  95913K->649K(437248K), 0.0005217 secs]
42.222: Total time for which application threads were stopped: 0.0006728 seconds, Stopping threads took: 0.0000218 seconds
42.283: [GC (Allocation Failure)  94345K->649K(435712K), 0.0004687 secs]
42.284: Total time for which application threads were stopped: 0.0005959 seconds, Stopping threads took: 0.0000277 seconds
42.342: [GC (Allocation Failure)  92809K->617K(434176K), 0.0006172 secs]
42.343: Total time for which application threads were stopped: 0.0007477 seconds, Stopping threads took: 0.0000215 seconds
42.400: [GC (Allocation Failure)  91241K->681K(432640K), 0.0005067 secs]
42.400: Total time for which application threads were stopped: 0.0006507 seconds, Stopping threads took: 0.0000300 seconds
42.456: [GC (Allocation Failure)  89769K->713K(431104K), 0.0004368 secs]
42.457: Total time for which application threads were stopped: 0.0005560 seconds, Stopping threads took: 0.0000196 seconds
42.512: [GC (Allocation Failure)  88265K->617K(429568K), 0.0004984 secs]
42.513: Total time for which application threads were stopped: 0.0006172 seconds, Stopping threads took: 0.0000197 seconds
42.567: [GC (Allocation Failure)  86633K->681K(428032K), 0.0004388 secs]
42.567: Total time for which application threads were stopped: 0.0005654 seconds, Stopping threads took: 0.0000254 seconds
42.623: [GC (Allocation Failure)  85161K->617K(426496K), 0.0005335 secs]
42.624: Total time for which application threads were stopped: 0.0006590 seconds, Stopping threads took: 0.0000269 seconds
42.676: [GC (Allocation Failure)  83561K->681K(424960K), 0.0004936 secs]
42.676: Total time for which application threads were stopped: 0.0006211 seconds, Stopping threads took: 0.0000276 seconds
42.728: [GC (Allocation Failure)  82089K->713K(423424K), 0.0005276 secs]
42.728: Total time for which application threads were stopped: 0.0006767 seconds, Stopping threads took: 0.0000198 seconds
42.785: [GC (Allocation Failure)  80585K->649K(422400K), 0.0004859 secs]
42.785: Total time for which application threads were stopped: 0.0006066 seconds, Stopping threads took: 0.0000199 seconds
42.838: [GC (Allocation Failure)  79497K->649K(421376K), 0.0005839 secs]
42.839: Total time for which application threads were stopped: 0.0007062 seconds, Stopping threads took: 0.0000206 seconds
42.891: [GC (Allocation Failure)  78473K->681K(420352K), 0.0005868 secs]
42.892: Total time for which application threads were stopped: 0.0007081 seconds, Stopping threads took: 0.0000197 seconds
42.940: [GC (Allocation Failure)  77481K->681K(419328K), 0.0005578 secs]
42.941: Total time for which application threads were stopped: 0.0006943 seconds, Stopping threads took: 0.0000208 seconds
42.989: [GC (Allocation Failure)  76457K->745K(418304K), 0.0005666 secs]
42.990: Total time for which application threads were stopped: 0.0006949 seconds, Stopping threads took: 0.0000264 seconds
43.037: [GC (Allocation Failure)  75497K->681K(417280K), 0.0004945 secs]
43.037: Total time for which application threads were stopped: 0.0006361 seconds, Stopping threads took: 0.0000296 seconds
43.091: [GC (Allocation Failure)  74409K->617K(416256K), 0.0005221 secs]
43.091: Total time for which application threads were stopped: 0.0006656 seconds, Stopping threads took: 0.0000252 seconds
43.138: [GC (Allocation Failure)  73321K->649K(415232K), 0.0004903 secs]
43.138: Total time for which application threads were stopped: 0.0006162 seconds, Stopping threads took: 0.0000206 seconds
43.189: [GC (Allocation Failure)  72329K->649K(414208K), 0.0004799 secs]
43.189: Total time for which application threads were stopped: 0.0006054 seconds, Stopping threads took: 0.0000208 seconds
43.240: [GC (Allocation Failure)  71305K->649K(413184K), 0.0005685 secs]
43.240: Total time for which application threads were stopped: 0.0006980 seconds, Stopping threads took: 0.0000275 seconds
43.284: [GC (Allocation Failure)  70281K->617K(412160K), 0.0005249 secs]
43.285: Total time for which application threads were stopped: 0.0006580 seconds, Stopping threads took: 0.0000287 seconds
43.328: [GC (Allocation Failure)  69225K->649K(411136K), 0.0005156 secs]
43.329: Total time for which application threads were stopped: 0.0006389 seconds, Stopping threads took: 0.0000272 seconds
43.378: [GC (Allocation Failure)  68233K->681K(410112K), 0.0005083 secs]
43.378: Total time for which application threads were stopped: 0.0006351 seconds, Stopping threads took: 0.0000274 seconds
43.424: [GC (Allocation Failure)  67241K->681K(409088K), 0.0004967 secs]
43.424: Total time for which application threads were stopped: 0.0006255 seconds, Stopping threads took: 0.0000273 seconds
43.465: [GC (Allocation Failure)  66217K->649K(408064K), 0.0004223 secs]
43.466: Total time for which application threads were stopped: 0.0005537 seconds, Stopping threads took: 0.0000258 seconds
43.510: [GC (Allocation Failure)  65161K->649K(407040K), 0.0004502 secs]
43.510: Total time for which application threads were stopped: 0.0005753 seconds, Stopping threads took: 0.0000260 seconds
43.550: [GC (Allocation Failure)  64137K->681K(406016K), 0.0005115 secs]
43.551: Total time for which application threads were stopped: 0.0006420 seconds, Stopping threads took: 0.0000202 seconds
43.590: [GC (Allocation Failure)  63145K->681K(405504K), 0.0004961 secs]
43.591: Total time for which application threads were stopped: 0.0006278 seconds, Stopping threads took: 0.0000210 seconds
43.630: [GC (Allocation Failure)  62633K->617K(418304K), 0.0006641 secs]
43.630: Total time for which application threads were stopped: 0.0008031 seconds, Stopping threads took: 0.0000309 seconds
43.677: [GC (Allocation Failure)  75369K->649K(433664K), 0.0005547 secs]
43.678: Total time for which application threads were stopped: 0.0006912 seconds, Stopping threads took: 0.0000213 seconds
43.735: [GC (Allocation Failure)  90761K->713K(432128K), 0.0005146 secs]
43.735: Total time for which application threads were stopped: 0.0006528 seconds, Stopping threads took: 0.0000269 seconds
43.791: [GC (Allocation Failure)  89289K->649K(430592K), 0.0005313 secs]
43.791: Total time for which application threads were stopped: 0.0006795 seconds, Stopping threads took: 0.0000222 seconds
43.852: [GC (Allocation Failure)  87689K->649K(429056K), 0.0004908 secs]
43.852: Total time for which application threads were stopped: 0.0006539 seconds, Stopping threads took: 0.0000226 seconds
43.906: [GC (Allocation Failure)  86153K->681K(427520K), 0.0006083 secs]
43.907: Total time for which application threads were stopped: 0.0007506 seconds, Stopping threads took: 0.0000234 seconds
43.960: [GC (Allocation Failure)  84649K->681K(425984K), 0.0005211 secs]
43.961: Total time for which application threads were stopped: 0.0006419 seconds, Stopping threads took: 0.0000205 seconds
44.016: [GC (Allocation Failure)  83113K->649K(424448K), 0.0004260 secs]
44.016: Total time for which application threads were stopped: 0.0005494 seconds, Stopping threads took: 0.0000265 seconds
44.072: [GC (Allocation Failure)  81545K->617K(422912K), 0.0005966 secs]
44.073: Total time for which application threads were stopped: 0.0007308 seconds, Stopping threads took: 0.0000234 seconds
44.127: [GC (Allocation Failure)  79977K->649K(421888K), 0.0004665 secs]
44.127: Total time for which application threads were stopped: 0.0005864 seconds, Stopping threads took: 0.0000203 seconds
44.177: [GC (Allocation Failure)  78985K->617K(420864K), 0.0005373 secs]
44.177: Total time for which application threads were stopped: 0.0006565 seconds, Stopping threads took: 0.0000195 seconds
44.229: [GC (Allocation Failure)  77929K->681K(419840K), 0.0005315 secs]
44.230: Total time for which application threads were stopped: 0.0006644 seconds, Stopping threads took: 0.0000190 seconds
44.284: [GC (Allocation Failure)  76969K->649K(418816K), 0.0005063 secs]
44.284: Total time for which application threads were stopped: 0.0006369 seconds, Stopping threads took: 0.0000284 seconds
44.335: [GC (Allocation Failure)  75913K->681K(417792K), 0.0004677 secs]
44.335: Total time for which application threads were stopped: 0.0005841 seconds, Stopping threads took: 0.0000198 seconds
44.382: [GC (Allocation Failure)  74921K->681K(416768K), 0.0004940 secs]
44.383: Total time for which application threads were stopped: 0.0006139 seconds, Stopping threads took: 0.0000197 seconds
44.429: [GC (Allocation Failure)  73897K->649K(415744K), 0.0006016 secs]
44.430: Total time for which application threads were stopped: 0.0007371 seconds, Stopping threads took: 0.0000273 seconds
44.481: [GC (Allocation Failure)  72841K->649K(414720K), 0.0004773 secs]
44.482: Total time for which application threads were stopped: 0.0006080 seconds, Stopping threads took: 0.0000290 seconds
44.527: [GC (Allocation Failure)  71817K->649K(413696K), 0.0005525 secs]
44.527: Total time for which application threads were stopped: 0.0006814 seconds, Stopping threads took: 0.0000209 seconds
44.577: [GC (Allocation Failure)  70793K->617K(412672K), 0.0005768 secs]
44.578: Total time for which application threads were stopped: 0.0007203 seconds, Stopping threads took: 0.0000214 seconds
44.627: [GC (Allocation Failure)  69737K->649K(411648K), 0.0005419 secs]
44.628: Total time for which application threads were stopped: 0.0006859 seconds, Stopping threads took: 0.0000226 seconds
44.671: [GC (Allocation Failure)  68745K->649K(410624K), 0.0005450 secs]
44.672: Total time for which application threads were stopped: 0.0006992 seconds, Stopping threads took: 0.0000229 seconds
44.714: [GC (Allocation Failure)  67721K->713K(424448K), 0.0006222 secs]
44.715: Total time for which application threads were stopped: 0.0007707 seconds, Stopping threads took: 0.0000222 seconds
44.772: [GC (Allocation Failure)  81609K->649K(422912K), 0.0004127 secs]
44.772: Total time for which application threads were stopped: 0.0005277 seconds, Stopping threads took: 0.0000172 seconds
44.822: [GC (Allocation Failure)  80009K->713K(421888K), 0.0005851 secs]
44.823: Total time for which application threads were stopped: 0.0007062 seconds, Stopping threads took: 0.0000206 seconds
44.877: [GC (Allocation Failure)  79049K->649K(420864K), 0.0004553 secs]
44.878: Total time for which application threads were stopped: 0.0005818 seconds, Stopping threads took: 0.0000207 seconds
44.927: [GC (Allocation Failure)  77961K->681K(419840K), 0.0004360 secs]
44.927: Total time for which application threads were stopped: 0.0005648 seconds, Stopping threads took: 0.0000185 seconds
44.976: [GC (Allocation Failure)  76969K->649K(418816K), 0.0005259 secs]
44.976: Total time for which application threads were stopped: 0.0006799 seconds, Stopping threads took: 0.0000284 seconds
45.025: [GC (Allocation Failure)  75913K->681K(417792K), 0.0003978 secs]
45.025: Total time for which application threads were stopped: 0.0005176 seconds, Stopping threads took: 0.0000255 seconds
45.072: [GC (Allocation Failure)  74921K->617K(416768K), 0.0005101 secs]
45.073: Total time for which application threads were stopped: 0.0006537 seconds, Stopping threads took: 0.0000267 seconds
45.122: [GC (Allocation Failure)  73833K->649K(415744K), 0.0004554 secs]
45.123: Total time for which application threads were stopped: 0.0005772 seconds, Stopping threads took: 0.0000200 seconds
45.172: [GC (Allocation Failure)  72841K->649K(414720K), 0.0005601 secs]
45.173: Total time for which application threads were stopped: 0.0006906 seconds, Stopping threads took: 0.0000284 seconds
45.223: [GC (Allocation Failure)  71817K->681K(413696K), 0.0006016 secs]
45.224: Total time for which application threads were stopped: 0.0007286 seconds, Stopping threads took: 0.0000278 seconds
45.268: [GC (Allocation Failure)  70825K->681K(412672K), 0.0005476 secs]
45.269: Total time for which application threads were stopped: 0.0006705 seconds, Stopping threads took: 0.0000198 seconds
45.312: [GC (Allocation Failure)  69801K->649K(426496K), 0.0006023 secs]
45.313: Total time for which application threads were stopped: 0.0007297 seconds, Stopping threads took: 0.0000206 seconds
45.365: [GC (Allocation Failure)  83593K->649K(424960K), 0.0005126 secs]
45.366: Total time for which application threads were stopped: 0.0006502 seconds, Stopping threads took: 0.0000203 seconds
45.417: [GC (Allocation Failure)  82057K->649K(423424K), 0.0004888 secs]
45.417: Total time for which application threads were stopped: 0.0006217 seconds, Stopping threads took: 0.0000300 seconds
45.467: [GC (Allocation Failure)  80521K->617K(439808K), 0.0008467 secs]
45.468: Total time for which application threads were stopped: 0.0009837 seconds, Stopping threads took: 0.0000194 seconds
45.533: [GC (Allocation Failure)  96873K->649K(437760K), 0.0003875 secs]
45.534: Total time for which application threads were stopped: 0.0004940 seconds, Stopping threads took: 0.0000173 seconds
45.593: [GC (Allocation Failure)  94857K->649K(436224K), 0.0004109 secs]
45.593: Total time for which application threads were stopped: 0.0005185 seconds, Stopping threads took: 0.0000175 seconds
45.651: [GC (Allocation Failure)  93321K->681K(434688K), 0.0005047 secs]
45.652: Total time for which application threads were stopped: 0.0006147 seconds, Stopping threads took: 0.0000170 seconds
45.709: [GC (Allocation Failure)  91817K->681K(433152K), 0.0006311 secs]
45.710: Total time for which application threads were stopped: 0.0007527 seconds, Stopping threads took: 0.0000204 seconds
45.766: [GC (Allocation Failure)  90281K->681K(431616K), 0.0004820 secs]
45.767: Total time for which application threads were stopped: 0.0006075 seconds, Stopping threads took: 0.0000203 seconds
45.822: [GC (Allocation Failure)  88745K->681K(430080K), 0.0005195 secs]
45.822: Total time for which application threads were stopped: 0.0006633 seconds, Stopping threads took: 0.0000216 seconds
45.880: [GC (Allocation Failure)  87209K->681K(428544K), 0.0005825 secs]
45.880: Total time for which application threads were stopped: 0.0007327 seconds, Stopping threads took: 0.0000292 seconds
45.934: [GC (Allocation Failure)  85673K->681K(427008K), 0.0004901 secs]
45.935: Total time for which application threads were stopped: 0.0006380 seconds, Stopping threads took: 0.0000301 seconds
45.989: [GC (Allocation Failure)  84137K->681K(425472K), 0.0004677 secs]
45.989: Total time for which application threads were stopped: 0.0005877 seconds, Stopping threads took: 0.0000201 seconds
46.041: [GC (Allocation Failure)  82601K->681K(423936K), 0.0005471 secs]
46.041: Total time for which application threads were stopped: 0.0006716 seconds, Stopping threads took: 0.0000258 seconds
46.096: [GC (Allocation Failure)  81065K->649K(422400K), 0.0005745 secs]
46.097: Total time for which application threads were stopped: 0.0007228 seconds, Stopping threads took: 0.0000247 seconds
46.147: [GC (Allocation Failure)  79497K->681K(421376K), 0.0004615 secs]
46.147: Total time for which application threads were stopped: 0.0005800 seconds, Stopping threads took: 0.0000196 seconds
46.201: [GC (Allocation Failure)  78505K->713K(420352K), 0.0006380 secs]
46.202: Total time for which application threads were stopped: 0.0007657 seconds, Stopping threads took: 0.0000273 seconds
46.256: [GC (Allocation Failure)  77513K->617K(419328K), 0.0005074 secs]
46.256: Total time for which application threads were stopped: 0.0006242 seconds, Stopping threads took: 0.0000205 seconds
46.304: [GC (Allocation Failure)  76393K->681K(418304K), 0.0005358 secs]
46.305: Total time for which application threads were stopped: 0.0006559 seconds, Stopping threads took: 0.0000198 seconds
46.356: [GC (Allocation Failure)  75433K->649K(417280K), 0.0004873 secs]
46.356: Total time for which application threads were stopped: 0.0006059 seconds, Stopping threads took: 0.0000195 seconds
46.403: [GC (Allocation Failure)  74377K->745K(416256K), 0.0006150 secs]
46.403: Total time for which application threads were stopped: 0.0007353 seconds, Stopping threads took: 0.0000198 seconds
46.454: [GC (Allocation Failure)  73449K->649K(415232K), 0.0005352 secs]
46.455: Total time for which application threads were stopped: 0.0006748 seconds, Stopping threads took: 0.0000278 seconds
46.505: [GC (Allocation Failure)  72329K->681K(414208K), 0.0005277 secs]
46.506: Total time for which application threads were stopped: 0.0006555 seconds, Stopping threads took: 0.0000271 seconds
46.556: [GC (Allocation Failure)  71337K->745K(413184K), 0.0004692 secs]
46.557: Total time for which application threads were stopped: 0.0005876 seconds, Stopping threads took: 0.0000201 seconds
46.601: [GC (Allocation Failure)  70377K->649K(412160K), 0.0005474 secs]
46.601: Total time for which application threads were stopped: 0.0006762 seconds, Stopping threads took: 0.0000285 seconds
46.644: [GC (Allocation Failure)  69257K->649K(411136K), 0.0004903 secs]
46.645: Total time for which application threads were stopped: 0.0006323 seconds, Stopping threads took: 0.0000281 seconds
46.693: [GC (Allocation Failure)  68233K->649K(410112K), 0.0005328 secs]
46.694: Total time for which application threads were stopped: 0.0006593 seconds, Stopping threads took: 0.0000280 seconds
46.736: [GC (Allocation Failure)  67209K->681K(409088K), 0.0005269 secs]
46.737: Total time for which application threads were stopped: 0.0006789 seconds, Stopping threads took: 0.0000285 seconds
46.784: [GC (Allocation Failure)  66217K->649K(408064K), 0.0005159 secs]
46.785: Total time for which application threads were stopped: 0.0006825 seconds, Stopping threads took: 0.0000306 seconds
46.831: [GC (Allocation Failure)  65161K->681K(407040K), 0.0005335 secs]
46.832: Total time for which application threads were stopped: 0.0006842 seconds, Stopping threads took: 0.0000296 seconds
46.872: [GC (Allocation Failure)  64169K->681K(419840K), 0.0006259 secs]
46.873: Total time for which application threads were stopped: 0.0007734 seconds, Stopping threads took: 0.0000220 seconds
46.921: [GC (Allocation Failure)  76969K->681K(435200K), 0.0005159 secs]
46.921: Total time for which application threads were stopped: 0.0006610 seconds, Stopping threads took: 0.0000280 seconds
46.984: [GC (Allocation Failure)  92329K->713K(433664K), 0.0004807 secs]
46.984: Total time for which application threads were stopped: 0.0006219 seconds, Stopping threads took: 0.0000271 seconds
47.048: [GC (Allocation Failure)  90825K->649K(432128K), 0.0006013 secs]
47.049: Total time for which application threads were stopped: 0.0007311 seconds, Stopping threads took: 0.0000174 seconds
47.105: [GC (Allocation Failure)  89225K->681K(430592K), 0.0004922 secs]
47.106: Total time for which application threads were stopped: 0.0006114 seconds, Stopping threads took: 0.0000255 seconds
47.166: [GC (Allocation Failure)  87721K->713K(429056K), 0.0004278 secs]
47.167: Total time for which application threads were stopped: 0.0005382 seconds, Stopping threads took: 0.0000173 seconds
47.220: [GC (Allocation Failure)  86217K->649K(427520K), 0.0004129 secs]
47.221: Total time for which application threads were stopped: 0.0005335 seconds, Stopping threads took: 0.0000182 seconds
47.277: [GC (Allocation Failure)  84617K->649K(425984K), 0.0005436 secs]
47.277: Total time for which application threads were stopped: 0.0006600 seconds, Stopping threads took: 0.0000195 seconds
47.329: [GC (Allocation Failure)  83081K->617K(424448K), 0.0006025 secs]
47.330: Total time for which application threads were stopped: 0.0007399 seconds, Stopping threads took: 0.0000271 seconds
47.381: [GC (Allocation Failure)  81513K->681K(422912K), 0.0004762 secs]
47.381: Total time for which application threads were stopped: 0.0006049 seconds, Stopping threads took: 0.0000213 seconds
47.431: [GC (Allocation Failure)  80041K->681K(421888K), 0.0004716 secs]
47.432: Total time for which application threads were stopped: 0.0006013 seconds, Stopping threads took: 0.0000280 seconds
47.481: [GC (Allocation Failure)  79017K->649K(420864K), 0.0004924 secs]
47.482: Total time for which application threads were stopped: 0.0006271 seconds, Stopping threads took: 0.0000202 seconds
47.536: [GC (Allocation Failure)  77961K->649K(419840K), 0.0005260 secs]
47.537: Total time for which application threads were stopped: 0.0006740 seconds, Stopping threads took: 0.0000304 seconds
47.585: [GC (Allocation Failure)  76937K->681K(418816K), 0.0005872 secs]
47.586: Total time for which application threads were stopped: 0.0007333 seconds, Stopping threads took: 0.0000228 seconds
47.633: [GC (Allocation Failure)  75945K->649K(417792K), 0.0005615 secs]
47.634: Total time for which application threads were stopped: 0.0007123 seconds, Stopping threads took: 0.0000220 seconds
47.681: [GC (Allocation Failure)  74889K->681K(416768K), 0.0005174 secs]
47.681: Total time for which application threads were stopped: 0.0006536 seconds, Stopping threads took: 0.0000221 seconds
47.728: [GC (Allocation Failure)  73897K->713K(415744K), 0.0004900 secs]
47.728: Total time for which application threads were stopped: 0.0006175 seconds, Stopping threads took: 0.0000207 seconds
47.774: [GC (Allocation Failure)  72905K->713K(414720K), 0.0005726 secs]
47.774: Total time for which application threads were stopped: 0.0007166 seconds, Stopping threads took: 0.0000218 seconds
47.820: [GC (Allocation Failure)  71881K->681K(413696K), 0.0004838 secs]
47.820: Total time for which application threads were stopped: 0.0006204 seconds, Stopping threads took: 0.0000292 seconds
47.865: [GC (Allocation Failure)  70825K->649K(412672K), 0.0004987 secs]
47.865: Total time for which application threads were stopped: 0.0006389 seconds, Stopping threads took: 0.0000210 seconds
47.914: [GC (Allocation Failure)  69769K->681K(411648K), 0.0005375 secs]
47.915: Total time for which application threads were stopped: 0.0006901 seconds, Stopping threads took: 0.0000376 seconds
47.958: [GC (Allocation Failure)  68777K->681K(410624K), 0.0004919 secs]
47.958: Total time for which application threads were stopped: 0.0006132 seconds, Stopping threads took: 0.0000206 seconds
48.001: [GC (Allocation Failure)  67753K->681K(409600K), 0.0004673 secs]
48.001: Total time for which application threads were stopped: 0.0005923 seconds, Stopping threads took: 0.0000201 seconds
48.043: [GC (Allocation Failure)  66729K->649K(408576K), 0.0005444 secs]
48.043: Total time for which application threads were stopped: 0.0006771 seconds, Stopping threads took: 0.0000199 seconds
48.085: [GC (Allocation Failure)  65673K->649K(407552K), 0.0003758 secs]
48.085: Total time for which application threads were stopped: 0.0005100 seconds, Stopping threads took: 0.0000253 seconds
48.126: [GC (Allocation Failure)  64649K->585K(406528K), 0.0005670 secs]
48.127: Total time for which application threads were stopped: 0.0006783 seconds, Stopping threads took: 0.0000171 seconds
48.166: [GC (Allocation Failure)  63561K->745K(419328K), 0.0005154 secs]
48.167: Total time for which application threads were stopped: 0.0006412 seconds, Stopping threads took: 0.0000205 seconds
48.214: [GC (Allocation Failure)  76521K->649K(418304K), 0.0004820 secs]
48.215: Total time for which application threads were stopped: 0.0006094 seconds, Stopping threads took: 0.0000279 seconds
48.266: [GC (Allocation Failure)  75401K->681K(417280K), 0.0006199 secs]
48.266: Total time for which application threads were stopped: 0.0007453 seconds, Stopping threads took: 0.0000273 seconds
48.318: [GC (Allocation Failure)  74409K->649K(416256K), 0.0005080 secs]
48.318: Total time for which application threads were stopped: 0.0006344 seconds, Stopping threads took: 0.0000272 seconds
48.367: [GC (Allocation Failure)  73353K->649K(415232K), 0.0004607 secs]
48.368: Total time for which application threads were stopped: 0.0006783 seconds, Stopping threads took: 0.0001190 seconds
48.413: [GC (Allocation Failure)  72329K->681K(414208K), 0.0004310 secs]
48.414: Total time for which application threads were stopped: 0.0005521 seconds, Stopping threads took: 0.0000202 seconds
48.458: [GC (Allocation Failure)  71337K->745K(413184K), 0.0003800 secs]
48.459: Total time for which application threads were stopped: 0.0004992 seconds, Stopping threads took: 0.0000193 seconds
48.508: [GC (Allocation Failure)  70377K->713K(412160K), 0.0004860 secs]
48.509: Total time for which application threads were stopped: 0.0006088 seconds, Stopping threads took: 0.0000200 seconds
48.552: [GC (Allocation Failure)  69321K->617K(411136K), 0.0006017 secs]
48.553: Total time for which application threads were stopped: 0.0007488 seconds, Stopping threads took: 0.0000316 seconds
48.600: [GC (Allocation Failure)  68201K->649K(410112K), 0.0004817 secs]
48.601: Total time for which application threads were stopped: 0.0006044 seconds, Stopping threads took: 0.0000170 seconds
48.643: [GC (Allocation Failure)  67209K->681K(409088K), 0.0005223 secs]
48.643: Total time for which application threads were stopped: 0.0006616 seconds, Stopping threads took: 0.0000293 seconds
48.685: [GC (Allocation Failure)  66217K->681K(422400K), 0.0006056 secs]
48.685: Total time for which application threads were stopped: 0.0007542 seconds, Stopping threads took: 0.0000288 seconds
48.735: [GC (Allocation Failure)  79529K->649K(421376K), 0.0004983 secs]
48.735: Total time for which application threads were stopped: 0.0006499 seconds, Stopping threads took: 0.0000296 seconds
48.784: [GC (Allocation Failure)  78473K->713K(420352K), 0.0005945 secs]
48.785: Total time for which application threads were stopped: 0.0007658 seconds, Stopping threads took: 0.0000228 seconds
48.839: [GC (Allocation Failure)  77513K->617K(419328K), 0.0005790 secs]
48.840: Total time for which application threads were stopped: 0.0007155 seconds, Stopping threads took: 0.0000278 seconds
48.888: [GC (Allocation Failure)  76393K->681K(418304K), 0.0004562 secs]
48.888: Total time for which application threads were stopped: 0.0005730 seconds, Stopping threads took: 0.0000195 seconds
48.940: [GC (Allocation Failure)  75433K->713K(417280K), 0.0005382 secs]
48.940: Total time for which application threads were stopped: 0.0006454 seconds, Stopping threads took: 0.0000180 seconds
48.988: [GC (Allocation Failure)  74441K->649K(416256K), 0.0003851 secs]
48.988: Total time for which application threads were stopped: 0.0004982 seconds, Stopping threads took: 0.0000259 seconds
49.034: [GC (Allocation Failure)  73353K->649K(415232K), 0.0004253 secs]
49.034: Total time for which application threads were stopped: 0.0005514 seconds, Stopping threads took: 0.0000252 seconds
49.084: [GC (Allocation Failure)  72329K->649K(414208K), 0.0004936 secs]
49.084: Total time for which application threads were stopped: 0.0006438 seconds, Stopping threads took: 0.0000299 seconds
49.131: [GC (Allocation Failure)  71305K->681K(413184K), 0.0004787 secs]
49.131: Total time for which application threads were stopped: 0.0006043 seconds, Stopping threads took: 0.0000273 seconds
49.175: [GC (Allocation Failure)  70313K->617K(412160K), 0.0006161 secs]
49.176: Total time for which application threads were stopped: 0.0007413 seconds, Stopping threads took: 0.0000277 seconds
49.226: [GC (Allocation Failure)  69225K->617K(411136K), 0.0004666 secs]
49.226: Total time for which application threads were stopped: 0.0005951 seconds, Stopping threads took: 0.0000282 seconds
49.273: [GC (Allocation Failure)  68201K->649K(424960K), 0.0012762 secs]
49.274: Total time for which application threads were stopped: 0.0013975 seconds, Stopping threads took: 0.0000204 seconds
49.328: [GC (Allocation Failure)  82057K->681K(441344K), 0.0005082 secs]
49.329: Total time for which application threads were stopped: 0.0006282 seconds, Stopping threads took: 0.0000196 seconds
49.393: [GC (Allocation Failure)  98473K->617K(461312K), 0.0006026 secs]
49.394: Total time for which application threads were stopped: 0.0007235 seconds, Stopping threads took: 0.0000203 seconds
49.468: [GC (Allocation Failure)  118377K->617K(458752K), 0.0005249 secs]
49.468: Total time for which application threads were stopped: 0.0006625 seconds, Stopping threads took: 0.0000299 seconds
49.541: [GC (Allocation Failure)  115817K->649K(456192K), 0.0004708 secs]
49.542: Total time for which application threads were stopped: 0.0005923 seconds, Stopping threads took: 0.0000199 seconds
49.612: [GC (Allocation Failure)  113289K->649K(453632K), 0.0004794 secs]
49.613: Total time for which application threads were stopped: 0.0006157 seconds, Stopping threads took: 0.0000199 seconds
49.682: [GC (Allocation Failure)  110729K->649K(451584K), 0.0006835 secs]
49.683: Total time for which application threads were stopped: 0.0008108 seconds, Stopping threads took: 0.0000275 seconds
49.756: [GC (Allocation Failure)  108681K->681K(449536K), 0.0007061 secs]
49.756: Total time for which application threads were stopped: 0.0008257 seconds, Stopping threads took: 0.0000196 seconds
49.828: [GC (Allocation Failure)  106665K->649K(447488K), 0.0004904 secs]
49.828: Total time for which application threads were stopped: 0.0006145 seconds, Stopping threads took: 0.0000202 seconds
49.893: [GC (Allocation Failure)  104585K->681K(445440K), 0.0004738 secs]
49.894: Total time for which application threads were stopped: 0.0005936 seconds, Stopping threads took: 0.0000202 seconds
49.961: [GC (Allocation Failure)  102569K->649K(443392K), 0.0006992 secs]
49.961: Total time for which application threads were stopped: 0.0008181 seconds, Stopping threads took: 0.0000258 seconds
50.030: [GC (Allocation Failure)  100489K->649K(441344K), 0.0005004 secs]
50.031: Total time for which application threads were stopped: 0.0006172 seconds, Stopping threads took: 0.0000251 seconds
50.093: [GC (Allocation Failure)  98441K->617K(439296K), 0.0006351 secs]
50.094: Total time for which application threads were stopped: 0.0007395 seconds, Stopping threads took: 0.0000159 seconds
50.157: [GC (Allocation Failure)  96361K->649K(437760K), 0.0004532 secs]
50.158: Total time for which application threads were stopped: 0.0005511 seconds, Stopping threads took: 0.0000172 seconds
50.223: [GC (Allocation Failure)  94857K->713K(436224K), 0.0004233 secs]
50.223: Total time for which application threads were stopped: 0.0005239 seconds, Stopping threads took: 0.0000167 seconds
50.281: [GC (Allocation Failure)  93385K->681K(434688K), 0.0004726 secs]
50.282: Total time for which application threads were stopped: 0.0006093 seconds, Stopping threads took: 0.0000248 seconds
50.339: [GC (Allocation Failure)  91817K->617K(433152K), 0.0004639 secs]
50.340: Total time for which application threads were stopped: 0.0005957 seconds, Stopping threads took: 0.0000297 seconds
50.402: [GC (Allocation Failure)  90217K->617K(431616K), 0.0006514 secs]
50.403: Total time for which application threads were stopped: 0.0007590 seconds, Stopping threads took: 0.0000170 seconds
50.458: [GC (Allocation Failure)  88681K->681K(430080K), 0.0004914 secs]
50.458: Total time for which application threads were stopped: 0.0006119 seconds, Stopping threads took: 0.0000201 seconds
50.513: [GC (Allocation Failure)  87209K->745K(428544K), 0.0005004 secs]
50.514: Total time for which application threads were stopped: 0.0006218 seconds, Stopping threads took: 0.0000201 seconds
50.567: [GC (Allocation Failure)  85737K->681K(427008K), 0.0005240 secs]
50.568: Total time for which application threads were stopped: 0.0006500 seconds, Stopping threads took: 0.0000213 seconds
50.620: [GC (Allocation Failure)  84137K->681K(425472K), 0.0004988 secs]
50.621: Total time for which application threads were stopped: 0.0006299 seconds, Stopping threads took: 0.0000283 seconds
50.673: [GC (Allocation Failure)  82601K->681K(423936K), 0.0005242 secs]
50.673: Total time for which application threads were stopped: 0.0006688 seconds, Stopping threads took: 0.0000217 seconds
50.731: [GC (Allocation Failure)  81065K->617K(422400K), 0.0005682 secs]
50.731: Total time for which application threads were stopped: 0.0008294 seconds, Stopping threads took: 0.0000196 seconds
50.781: [GC (Allocation Failure)  79465K->745K(421376K), 0.0006540 secs]
50.782: Total time for which application threads were stopped: 0.0007808 seconds, Stopping threads took: 0.0000278 seconds
50.831: [GC (Allocation Failure)  78569K->681K(420352K), 0.0005623 secs]
50.831: Total time for which application threads were stopped: 0.0006863 seconds, Stopping threads took: 0.0000195 seconds
50.880: [GC (Allocation Failure)  77481K->713K(419328K), 0.0006707 secs]
50.880: Total time for which application threads were stopped: 0.0008313 seconds, Stopping threads took: 0.0000210 seconds
50.928: [GC (Allocation Failure)  76489K->649K(434688K), 0.0006330 secs]
50.929: Total time for which application threads were stopped: 0.0007741 seconds, Stopping threads took: 0.0000300 seconds
50.991: [GC (Allocation Failure)  91785K->649K(433152K), 0.0004274 secs]
50.992: Total time for which application threads were stopped: 0.0005492 seconds, Stopping threads took: 0.0000202 seconds
51.054: [GC (Allocation Failure)  90249K->681K(431616K), 0.0005738 secs]
51.054: Total time for which application threads were stopped: 0.0007018 seconds, Stopping threads took: 0.0000278 seconds
51.110: [GC (Allocation Failure)  88745K->681K(430080K), 0.0004728 secs]
51.111: Total time for which application threads were stopped: 0.0006013 seconds, Stopping threads took: 0.0000283 seconds
51.165: [GC (Allocation Failure)  87209K->617K(428544K), 0.0005976 secs]
51.166: Total time for which application threads were stopped: 0.0007228 seconds, Stopping threads took: 0.0000277 seconds
51.223: [GC (Allocation Failure)  85609K->681K(427008K), 0.0005207 secs]
51.224: Total time for which application threads were stopped: 0.0006382 seconds, Stopping threads took: 0.0000191 seconds
51.281: [GC (Allocation Failure)  84137K->681K(425472K), 0.0004769 secs]
51.282: Total time for which application threads were stopped: 0.0006029 seconds, Stopping threads took: 0.0000270 seconds
51.337: [GC (Allocation Failure)  82601K->681K(423936K), 0.0004534 secs]
51.337: Total time for which application threads were stopped: 0.0005745 seconds, Stopping threads took: 0.0000192 seconds
51.388: [GC (Allocation Failure)  81065K->649K(422400K), 0.0005369 secs]
51.388: Total time for which application threads were stopped: 0.0006702 seconds, Stopping threads took: 0.0000198 seconds
51.438: [GC (Allocation Failure)  79497K->649K(421376K), 0.0005557 secs]
51.438: Total time for which application threads were stopped: 0.0007116 seconds, Stopping threads took: 0.0000307 seconds
51.494: [GC (Allocation Failure)  78473K->681K(420352K), 0.0006395 secs]
51.494: Total time for which application threads were stopped: 0.0007937 seconds, Stopping threads took: 0.0000315 seconds
51.543: [GC (Allocation Failure)  77481K->745K(419328K), 0.0006466 secs]
51.544: Total time for which application threads were stopped: 0.0007963 seconds, Stopping threads took: 0.0000267 seconds
51.592: [GC (Allocation Failure)  76521K->681K(418304K), 0.0005262 secs]
51.592: Total time for which application threads were stopped: 0.0006553 seconds, Stopping threads took: 0.0000220 seconds
51.646: [GC (Allocation Failure)  75433K->649K(417280K), 0.0005225 secs]
51.647: Total time for which application threads were stopped: 0.0006423 seconds, Stopping threads took: 0.0000198 seconds
51.698: [GC (Allocation Failure)  74377K->681K(416256K), 0.0004815 secs]
51.699: Total time for which application threads were stopped: 0.0006736 seconds, Stopping threads took: 0.0000906 seconds
51.745: [GC (Allocation Failure)  73385K->681K(415232K), 0.0004883 secs]
51.745: Total time for which application threads were stopped: 0.0006081 seconds, Stopping threads took: 0.0000200 seconds
51.797: [GC (Allocation Failure)  72361K->713K(414208K), 0.0004435 secs]
51.798: Total time for which application threads were stopped: 0.0005628 seconds, Stopping threads took: 0.0000198 seconds
51.845: [GC (Allocation Failure)  71369K->617K(413184K), 0.0006414 secs]
51.846: Total time for which application threads were stopped: 0.0007458 seconds, Stopping threads took: 0.0000171 seconds
51.893: [GC (Allocation Failure)  70249K->745K(412160K), 0.0004832 secs]
51.893: Total time for which application threads were stopped: 0.0006126 seconds, Stopping threads took: 0.0000195 seconds
51.936: [GC (Allocation Failure)  69353K->681K(411136K), 0.0004772 secs]
51.937: Total time for which application threads were stopped: 0.0005988 seconds, Stopping threads took: 0.0000200 seconds
51.984: [GC (Allocation Failure)  68265K->713K(410112K), 0.0005468 secs]
51.984: Total time for which application threads were stopped: 0.0006872 seconds, Stopping threads took: 0.0000267 seconds
52.032: [GC (Allocation Failure)  67273K->649K(409088K), 0.0004428 secs]
52.033: Total time for which application threads were stopped: 0.0005644 seconds, Stopping threads took: 0.0000174 seconds
52.074: [GC (Allocation Failure)  66185K->649K(408064K), 0.0005350 secs]
52.075: Total time for which application threads were stopped: 0.0006707 seconds, Stopping threads took: 0.0000255 seconds
52.119: [GC (Allocation Failure)  65161K->649K(407040K), 0.0004906 secs]
52.119: Total time for which application threads were stopped: 0.0006258 seconds, Stopping threads took: 0.0000218 seconds
52.163: [GC (Allocation Failure)  64137K->681K(419840K), 0.0007178 secs]
52.164: Total time for which application threads were stopped: 0.0008444 seconds, Stopping threads took: 0.0000205 seconds
52.211: [GC (Allocation Failure)  76969K->649K(435200K), 0.0005100 secs]
52.212: Total time for which application threads were stopped: 0.0006467 seconds, Stopping threads took: 0.0000222 seconds
52.273: [GC (Allocation Failure)  92297K->681K(433664K), 0.0004888 secs]
52.274: Total time for which application threads were stopped: 0.0006196 seconds, Stopping threads took: 0.0000219 seconds
52.330: [GC (Allocation Failure)  90793K->649K(432128K), 0.0005868 secs]
52.331: Total time for which application threads were stopped: 0.0007152 seconds, Stopping threads took: 0.0000220 seconds
52.387: [GC (Allocation Failure)  89225K->713K(430592K), 0.0005891 secs]
52.387: Total time for which application threads were stopped: 0.0007156 seconds, Stopping threads took: 0.0000280 seconds
52.445: [GC (Allocation Failure)  87753K->649K(429056K), 0.0005441 secs]
52.446: Total time for which application threads were stopped: 0.0006505 seconds, Stopping threads took: 0.0000173 seconds
52.500: [GC (Allocation Failure)  86153K->713K(427520K), 0.0004983 secs]
52.501: Total time for which application threads were stopped: 0.0006328 seconds, Stopping threads took: 0.0000283 seconds
52.554: [GC (Allocation Failure)  84681K->617K(425984K), 0.0006069 secs]
52.555: Total time for which application threads were stopped: 0.0007476 seconds, Stopping threads took: 0.0000212 seconds
52.613: [GC (Allocation Failure)  83049K->681K(424448K), 0.0005104 secs]
52.613: Total time for which application threads were stopped: 0.0006503 seconds, Stopping threads took: 0.0000219 seconds
52.664: [GC (Allocation Failure)  81577K->681K(422912K), 0.0005753 secs]
52.665: Total time for which application threads were stopped: 0.0007339 seconds, Stopping threads took: 0.0000219 seconds
52.715: [GC (Allocation Failure)  80041K->617K(421888K), 0.0006415 secs]
52.716: Total time for which application threads were stopped: 0.0007671 seconds, Stopping threads took: 0.0000224 seconds
52.766: [GC (Allocation Failure)  78953K->649K(437760K), 0.0006939 secs]
52.766: Total time for which application threads were stopped: 0.0008031 seconds, Stopping threads took: 0.0000175 seconds
52.826: [GC (Allocation Failure)  94857K->713K(436224K), 0.0004961 secs]
52.826: Total time for which application threads were stopped: 0.0006023 seconds, Stopping threads took: 0.0000173 seconds
52.891: [GC (Allocation Failure)  93385K->681K(434688K), 0.0006719 secs]
52.891: Total time for which application threads were stopped: 0.0008016 seconds, Stopping threads took: 0.0000278 seconds
52.948: [GC (Allocation Failure)  91817K->681K(433152K), 0.0005590 secs]
52.949: Total time for which application threads were stopped: 0.0006890 seconds, Stopping threads took: 0.0000279 seconds
53.013: [GC (Allocation Failure)  90281K->649K(431616K), 0.0004930 secs]
53.013: Total time for which application threads were stopped: 0.0006110 seconds, Stopping threads took: 0.0000260 seconds
53.069: [GC (Allocation Failure)  88713K->713K(430080K), 0.0004606 secs]
53.070: Total time for which application threads were stopped: 0.0005895 seconds, Stopping threads took: 0.0000276 seconds
53.125: [GC (Allocation Failure)  87241K->649K(428544K), 0.0004943 secs]
53.125: Total time for which application threads were stopped: 0.0006276 seconds, Stopping threads took: 0.0000201 seconds
53.179: [GC (Allocation Failure)  85641K->649K(427008K), 0.0004964 secs]
53.179: Total time for which application threads were stopped: 0.0006471 seconds, Stopping threads took: 0.0000289 seconds
53.237: [GC (Allocation Failure)  84105K->617K(425472K), 0.0005164 secs]
53.237: Total time for which application threads were stopped: 0.0006493 seconds, Stopping threads took: 0.0000216 seconds
53.289: [GC (Allocation Failure)  82537K->617K(423936K), 0.0004744 secs]
53.290: Total time for which application threads were stopped: 0.0006024 seconds, Stopping threads took: 0.0000205 seconds
53.341: [GC (Allocation Failure)  81001K->681K(422400K), 0.0006304 secs]
53.341: Total time for which application threads were stopped: 0.0007526 seconds, Stopping threads took: 0.0000201 seconds
53.395: [GC (Allocation Failure)  79529K->681K(421376K), 0.0004981 secs]
53.396: Total time for which application threads were stopped: 0.0006377 seconds, Stopping threads took: 0.0000202 seconds
53.445: [GC (Allocation Failure)  78505K->617K(420352K), 0.0005694 secs]
53.446: Total time for which application threads were stopped: 0.0007173 seconds, Stopping threads took: 0.0000212 seconds
53.501: [GC (Allocation Failure)  77417K->681K(419328K), 0.0005546 secs]
53.502: Total time for which application threads were stopped: 0.0006927 seconds, Stopping threads took: 0.0000263 seconds
53.549: [GC (Allocation Failure)  76457K->681K(418304K), 0.0005395 secs]
53.550: Total time for which application threads were stopped: 0.0006747 seconds, Stopping threads took: 0.0000288 seconds
53.597: [GC (Allocation Failure)  75433K->649K(417280K), 0.0005537 secs]
53.598: Total time for which application threads were stopped: 0.0006957 seconds, Stopping threads took: 0.0000283 seconds
53.647: [GC (Allocation Failure)  74377K->649K(416256K), 0.0005016 secs]
53.648: Total time for which application threads were stopped: 0.0006362 seconds, Stopping threads took: 0.0000210 seconds
53.700: [GC (Allocation Failure)  73353K->681K(415232K), 0.0005656 secs]
53.701: Total time for which application threads were stopped: 0.0007134 seconds, Stopping threads took: 0.0000298 seconds
53.749: [GC (Allocation Failure)  72361K->649K(414208K), 0.0005317 secs]
53.750: Total time for which application threads were stopped: 0.0006803 seconds, Stopping threads took: 0.0000304 seconds
53.797: [GC (Allocation Failure)  71305K->649K(413184K), 0.0005192 secs]
53.798: Total time for which application threads were stopped: 0.0006678 seconds, Stopping threads took: 0.0000310 seconds
53.842: [GC (Allocation Failure)  70281K->649K(412160K), 0.0006221 secs]
53.842: Total time for which application threads were stopped: 0.0007520 seconds, Stopping threads took: 0.0000283 seconds
53.886: [GC (Allocation Failure)  69257K->617K(411136K), 0.0004804 secs]
53.886: Total time for which application threads were stopped: 0.0006031 seconds, Stopping threads took: 0.0000197 seconds
53.929: [GC (Allocation Failure)  68201K->681K(410112K), 0.0005010 secs]
53.930: Total time for which application threads were stopped: 0.0006237 seconds, Stopping threads took: 0.0000192 seconds
53.972: [GC (Allocation Failure)  67241K->745K(423424K), 0.0005998 secs]
53.973: Total time for which application threads were stopped: 0.0007375 seconds, Stopping threads took: 0.0000224 seconds
54.025: [GC (Allocation Failure)  80617K->649K(422400K), 0.0004845 secs]
54.025: Total time for which application threads were stopped: 0.0006115 seconds, Stopping threads took: 0.0000267 seconds
54.075: [GC (Allocation Failure)  79497K->681K(421376K), 0.0004638 secs]
54.076: Total time for which application threads were stopped: 0.0006134 seconds, Stopping threads took: 0.0000251 seconds
54.128: [GC (Allocation Failure)  78505K->681K(420352K), 0.0006984 secs]
54.128: Total time for which application threads were stopped: 0.0008338 seconds, Stopping threads took: 0.0000199 seconds
54.177: [GC (Allocation Failure)  77481K->649K(419328K), 0.0004940 secs]
54.177: Total time for which application threads were stopped: 0.0006232 seconds, Stopping threads took: 0.0000198 seconds
54.225: [GC (Allocation Failure)  76425K->649K(418304K), 0.0005452 secs]
54.226: Total time for which application threads were stopped: 0.0006796 seconds, Stopping threads took: 0.0000219 seconds
54.273: [GC (Allocation Failure)  75401K->681K(417280K), 0.0005240 secs]
54.273: Total time for which application threads were stopped: 0.0006663 seconds, Stopping threads took: 0.0000298 seconds
54.320: [GC (Allocation Failure)  74409K->649K(416256K), 0.0005768 secs]
54.320: Total time for which application threads were stopped: 0.0007450 seconds, Stopping threads took: 0.0000225 seconds
54.372: [GC (Allocation Failure)  73353K->649K(415232K), 0.0005225 secs]
54.373: Total time for which application threads were stopped: 0.0006776 seconds, Stopping threads took: 0.0000301 seconds
54.424: [GC (Allocation Failure)  72329K->681K(414208K), 0.0004959 secs]
54.425: Total time for which application threads were stopped: 0.0006350 seconds, Stopping threads took: 0.0000216 seconds
54.475: [GC (Allocation Failure)  71337K->649K(413184K), 0.0004511 secs]
54.475: Total time for which application threads were stopped: 0.0005591 seconds, Stopping threads took: 0.0000169 seconds
54.524: [GC (Allocation Failure)  70281K->681K(412160K), 0.0004680 secs]
54.524: Total time for which application threads were stopped: 0.0005877 seconds, Stopping threads took: 0.0000207 seconds
54.572: [GC (Allocation Failure)  69289K->681K(411136K), 0.0005218 secs]
54.572: Total time for which application threads were stopped: 0.0006635 seconds, Stopping threads took: 0.0000201 seconds
54.615: [GC (Allocation Failure)  68265K->585K(410112K), 0.0005974 secs]
54.616: Total time for which application threads were stopped: 0.0007213 seconds, Stopping threads took: 0.0000223 seconds
54.662: [GC (Allocation Failure)  67145K->713K(409088K), 0.0005720 secs]
54.663: Total time for which application threads were stopped: 0.0007003 seconds, Stopping threads took: 0.0000199 seconds
54.710: [GC (Allocation Failure)  66249K->681K(408064K), 0.0004271 secs]
54.710: Total time for which application threads were stopped: 0.0005322 seconds, Stopping threads took: 0.0000169 seconds
54.751: [GC (Allocation Failure)  65193K->649K(407040K), 0.0005028 secs]
54.752: Total time for which application threads were stopped: 0.0006359 seconds, Stopping threads took: 0.0000282 seconds
54.792: [GC (Allocation Failure)  64137K->617K(406016K), 0.0005164 secs]
54.792: Total time for which application threads were stopped: 0.0006689 seconds, Stopping threads took: 0.0000284 seconds
54.837: [GC (Allocation Failure)  63081K->713K(405504K), 0.0004652 secs]
54.837: Total time for which application threads were stopped: 0.0005902 seconds, Stopping threads took: 0.0000279 seconds
54.876: [GC (Allocation Failure)  62665K->649K(418304K), 0.0006810 secs]
54.877: Total time for which application threads were stopped: 0.0007904 seconds, Stopping threads took: 0.0000169 seconds
54.924: [GC (Allocation Failure)  75401K->649K(433664K), 0.0004775 secs]
54.924: Total time for which application threads were stopped: 0.0005983 seconds, Stopping threads took: 0.0000196 seconds
54.981: [GC (Allocation Failure)  90761K->649K(432128K), 0.0003950 secs]
54.982: Total time for which application threads were stopped: 0.0005164 seconds, Stopping threads took: 0.0000263 seconds
55.041: [GC (Allocation Failure)  89225K->649K(430592K), 0.0005578 secs]
55.042: Total time for which application threads were stopped: 0.0006785 seconds, Stopping threads took: 0.0000202 seconds
55.100: [GC (Allocation Failure)  87689K->617K(429056K), 0.0004588 secs]
55.101: Total time for which application threads were stopped: 0.0005766 seconds, Stopping threads took: 0.0000185 seconds
55.157: [GC (Allocation Failure)  86121K->649K(427520K), 0.0004624 secs]
55.157: Total time for which application threads were stopped: 0.0005812 seconds, Stopping threads took: 0.0000202 seconds
55.210: [GC (Allocation Failure)  84617K->617K(425984K), 0.0004987 secs]
55.211: Total time for which application threads were stopped: 0.0006314 seconds, Stopping threads took: 0.0000206 seconds
55.268: [GC (Allocation Failure)  83049K->681K(424448K), 0.0005589 secs]
55.269: Total time for which application threads were stopped: 0.0006892 seconds, Stopping threads took: 0.0000263 seconds
55.320: [GC (Allocation Failure)  81577K->713K(422912K), 0.0005120 secs]
55.320: Total time for which application threads were stopped: 0.0006486 seconds, Stopping threads took: 0.0000217 seconds
55.377: [GC (Allocation Failure)  80073K->649K(421888K), 0.0005168 secs]
55.377: Total time for which application threads were stopped: 0.0006608 seconds, Stopping threads took: 0.0000219 seconds
55.426: [GC (Allocation Failure)  78985K->649K(420864K), 0.0004938 secs]
55.427: Total time for which application threads were stopped: 0.0006315 seconds, Stopping threads took: 0.0000224 seconds
55.482: [GC (Allocation Failure)  77961K->745K(419840K), 0.0004311 secs]
55.483: Total time for which application threads were stopped: 0.0005603 seconds, Stopping threads took: 0.0000196 seconds
55.535: [GC (Allocation Failure)  77033K->681K(418816K), 0.0005136 secs]
55.535: Total time for which application threads were stopped: 0.0006541 seconds, Stopping threads took: 0.0000268 seconds
55.583: [GC (Allocation Failure)  75945K->713K(417792K), 0.0004830 secs]
55.584: Total time for which application threads were stopped: 0.0006135 seconds, Stopping threads took: 0.0000221 seconds
55.634: [GC (Allocation Failure)  74953K->617K(416768K), 0.0005470 secs]
55.634: Total time for which application threads were stopped: 0.0006839 seconds, Stopping threads took: 0.0000296 seconds
55.681: [GC (Allocation Failure)  73833K->649K(415744K), 0.0004581 secs]
55.681: Total time for which application threads were stopped: 0.0005835 seconds, Stopping threads took: 0.0000277 seconds
55.734: [GC (Allocation Failure)  72841K->617K(414720K), 0.0004745 secs]
55.734: Total time for which application threads were stopped: 0.0005809 seconds, Stopping threads took: 0.0000169 seconds
55.779: [GC (Allocation Failure)  71785K->649K(413696K), 0.0003941 secs]
55.779: Total time for which application threads were stopped: 0.0005000 seconds, Stopping threads took: 0.0000169 seconds
55.823: [GC (Allocation Failure)  70793K->681K(412672K), 0.0004368 secs]
55.824: Total time for which application threads were stopped: 0.0005631 seconds, Stopping threads took: 0.0000173 seconds
55.867: [GC (Allocation Failure)  69801K->681K(411648K), 0.0006117 secs]
55.868: Total time for which application threads were stopped: 0.0007931 seconds, Stopping threads took: 0.0000216 seconds
55.911: [GC (Allocation Failure)  68777K->649K(410624K), 0.0005513 secs]
55.912: Total time for which application threads were stopped: 0.0007002 seconds, Stopping threads took: 0.0000212 seconds
55.958: [GC (Allocation Failure)  67721K->681K(409600K), 0.0005116 secs]
55.959: Total time for which application threads were stopped: 0.0006563 seconds, Stopping threads took: 0.0000226 seconds
56.006: [GC (Allocation Failure)  66729K->713K(408576K), 0.0005016 secs]
56.007: Total time for which application threads were stopped: 0.0006485 seconds, Stopping threads took: 0.0000290 seconds
56.053: [GC (Allocation Failure)  65737K->649K(407552K), 0.0004866 secs]
56.054: Total time for which application threads were stopped: 0.0006321 seconds, Stopping threads took: 0.0000291 seconds
56.095: [GC (Allocation Failure)  64649K->713K(406528K), 0.0003967 secs]
56.095: Total time for which application threads were stopped: 0.0004936 seconds, Stopping threads took: 0.0000139 seconds
56.139: [GC (Allocation Failure)  63689K->649K(405504K), 0.0004214 secs]
56.139: Total time for which application threads were stopped: 0.0005309 seconds, Stopping threads took: 0.0000165 seconds
56.182: [GC (Allocation Failure)  62601K->713K(404992K), 0.0005296 secs]
56.182: Total time for which application threads were stopped: 0.0006390 seconds, Stopping threads took: 0.0000176 seconds
56.222: [GC (Allocation Failure)  62153K->681K(404480K), 0.0004188 secs]
56.222: Total time for which application threads were stopped: 0.0005453 seconds, Stopping threads took: 0.0000258 seconds
56.261: [GC (Allocation Failure)  61609K->617K(416768K), 0.0006262 secs]
56.262: Total time for which application threads were stopped: 0.0007458 seconds, Stopping threads took: 0.0000199 seconds
56.313: [GC (Allocation Failure)  73833K->617K(415744K), 0.0005106 secs]
56.314: Total time for which application threads were stopped: 0.0006443 seconds, Stopping threads took: 0.0000212 seconds
56.360: [GC (Allocation Failure)  72809K->713K(414720K), 0.0005051 secs]
56.360: Total time for which application threads were stopped: 0.0006579 seconds, Stopping threads took: 0.0000305 seconds
56.405: [GC (Allocation Failure)  71881K->713K(413696K), 0.0005532 secs]
56.406: Total time for which application threads were stopped: 0.0006734 seconds, Stopping threads took: 0.0000202 seconds
56.450: [GC (Allocation Failure)  70857K->649K(412672K), 0.0005050 secs]
56.451: Total time for which application threads were stopped: 0.0006664 seconds, Stopping threads took: 0.0000299 seconds
56.501: [GC (Allocation Failure)  69769K->649K(411648K), 0.0004527 secs]
56.501: Total time for which application threads were stopped: 0.0005725 seconds, Stopping threads took: 0.0000267 seconds
56.550: [GC (Allocation Failure)  68745K->649K(410624K), 0.0004951 secs]
56.551: Total time for which application threads were stopped: 0.0006238 seconds, Stopping threads took: 0.0000275 seconds
56.593: [GC (Allocation Failure)  67721K->649K(409600K), 0.0004655 secs]
56.594: Total time for which application threads were stopped: 0.0005952 seconds, Stopping threads took: 0.0000202 seconds
56.635: [GC (Allocation Failure)  66697K->617K(408576K), 0.0005389 secs]
56.636: Total time for which application threads were stopped: 0.0006682 seconds, Stopping threads took: 0.0000282 seconds
56.682: [GC (Allocation Failure)  65641K->681K(407552K), 0.0004783 secs]
56.683: Total time for which application threads were stopped: 0.0006099 seconds, Stopping threads took: 0.0000280 seconds
56.723: [GC (Allocation Failure)  64681K->649K(406528K), 0.0005369 secs]
56.724: Total time for which application threads were stopped: 0.0006602 seconds, Stopping threads took: 0.0000197 seconds
56.764: [GC (Allocation Failure)  63625K->617K(419328K), 0.0005921 secs]
56.765: Total time for which application threads were stopped: 0.0007349 seconds, Stopping threads took: 0.0000213 seconds
56.813: [GC (Allocation Failure)  76393K->713K(434688K), 0.0005130 secs]
56.813: Total time for which application threads were stopped: 0.0006847 seconds, Stopping threads took: 0.0000231 seconds
56.871: [GC (Allocation Failure)  91849K->681K(433152K), 0.0005470 secs]
56.871: Total time for which application threads were stopped: 0.0007007 seconds, Stopping threads took: 0.0000317 seconds
56.928: [GC (Allocation Failure)  90281K->649K(431616K), 0.0005477 secs]
56.929: Total time for which application threads were stopped: 0.0007013 seconds, Stopping threads took: 0.0000232 seconds
56.985: [GC (Allocation Failure)  88713K->745K(430080K), 0.0004304 secs]
56.986: Total time for which application threads were stopped: 0.0005525 seconds, Stopping threads took: 0.0000273 seconds
57.045: [GC (Allocation Failure)  87273K->681K(428544K), 0.0004621 secs]
57.045: Total time for which application threads were stopped: 0.0005913 seconds, Stopping threads took: 0.0000206 seconds
57.100: [GC (Allocation Failure)  85673K->649K(427008K), 0.0005404 secs]
57.100: Total time for which application threads were stopped: 0.0006784 seconds, Stopping threads took: 0.0000277 seconds
57.153: [GC (Allocation Failure)  84105K->713K(425472K), 0.0007069 secs]
57.154: Total time for which application threads were stopped: 0.0008549 seconds, Stopping threads took: 0.0000215 seconds
57.211: [GC (Allocation Failure)  82633K->681K(423936K), 0.0006490 secs]
57.211: Total time for which application threads were stopped: 0.0008034 seconds, Stopping threads took: 0.0000228 seconds
57.267: [GC (Allocation Failure)  81065K->713K(422400K), 0.0006274 secs]
57.268: Total time for which application threads were stopped: 0.0007774 seconds, Stopping threads took: 0.0000239 seconds
57.318: [GC (Allocation Failure)  79561K->649K(421376K), 0.0005917 secs]
57.318: Total time for which application threads were stopped: 0.0007382 seconds, Stopping threads took: 0.0000231 seconds
57.368: [GC (Allocation Failure)  78473K->681K(420352K), 0.0004818 secs]
57.368: Total time for which application threads were stopped: 0.0006213 seconds, Stopping threads took: 0.0000224 seconds
57.417: [GC (Allocation Failure)  77481K->585K(419328K), 0.0006303 secs]
57.417: Total time for which application threads were stopped: 0.0007707 seconds, Stopping threads took: 0.0000231 seconds
57.468: [GC (Allocation Failure)  76361K->681K(418304K), 0.0005096 secs]
57.469: Total time for which application threads were stopped: 0.0006450 seconds, Stopping threads took: 0.0000214 seconds
57.521: [GC (Allocation Failure)  75433K->681K(417280K), 0.0006882 secs]
57.521: Total time for which application threads were stopped: 0.0008160 seconds, Stopping threads took: 0.0000217 seconds
57.568: [GC (Allocation Failure)  74409K->681K(416256K), 0.0005119 secs]
57.569: Total time for which application threads were stopped: 0.0006421 seconds, Stopping threads took: 0.0000195 seconds
57.615: [GC (Allocation Failure)  73385K->681K(431104K), 0.0005924 secs]
57.615: Total time for which application threads were stopped: 0.0007455 seconds, Stopping threads took: 0.0000220 seconds
57.671: [GC (Allocation Failure)  88233K->681K(429568K), 0.0004567 secs]
57.671: Total time for which application threads were stopped: 0.0005820 seconds, Stopping threads took: 0.0000230 seconds
57.731: [GC (Allocation Failure)  86697K->745K(428032K), 0.0007248 secs]
57.731: Total time for which application threads were stopped: 0.0008409 seconds, Stopping threads took: 0.0000193 seconds
57.784: [GC (Allocation Failure)  85225K->649K(426496K), 0.0006475 secs]
57.785: Total time for which application threads were stopped: 0.0007735 seconds, Stopping threads took: 0.0000280 seconds
57.843: [GC (Allocation Failure)  83593K->649K(424960K), 0.0004182 secs]
57.844: Total time for which application threads were stopped: 0.0005362 seconds, Stopping threads took: 0.0000206 seconds
57.895: [GC (Allocation Failure)  82057K->649K(423424K), 0.0004146 secs]
57.895: Total time for which application threads were stopped: 0.0005220 seconds, Stopping threads took: 0.0000170 seconds
57.951: [GC (Allocation Failure)  80521K->713K(422400K), 0.0005016 secs]
57.951: Total time for which application threads were stopped: 0.0006309 seconds, Stopping threads took: 0.0000203 seconds
58.002: [GC (Allocation Failure)  79561K->681K(421376K), 0.0003891 secs]
58.003: Total time for which application threads were stopped: 0.0005153 seconds, Stopping threads took: 0.0000262 seconds
58.053: [GC (Allocation Failure)  78505K->649K(420352K), 0.0004491 secs]
58.053: Total time for which application threads were stopped: 0.0005821 seconds, Stopping threads took: 0.0000269 seconds
58.108: [GC (Allocation Failure)  77449K->649K(419328K), 0.0005087 secs]
58.109: Total time for which application threads were stopped: 0.0006492 seconds, Stopping threads took: 0.0000211 seconds
58.157: [GC (Allocation Failure)  76425K->617K(418304K), 0.0005439 secs]
58.157: Total time for which application threads were stopped: 0.0006652 seconds, Stopping threads took: 0.0000198 seconds
58.204: [GC (Allocation Failure)  75369K->681K(417280K), 0.0005921 secs]
58.205: Total time for which application threads were stopped: 0.0007220 seconds, Stopping threads took: 0.0000280 seconds
58.251: [GC (Allocation Failure)  74409K->681K(416256K), 0.0004461 secs]
58.252: Total time for which application threads were stopped: 0.0005841 seconds, Stopping threads took: 0.0000203 seconds
58.304: [GC (Allocation Failure)  73385K->617K(415232K), 0.0004774 secs]
58.304: Total time for which application threads were stopped: 0.0006088 seconds, Stopping threads took: 0.0000200 seconds
58.350: [GC (Allocation Failure)  72297K->649K(414208K), 0.0005019 secs]
58.350: Total time for which application threads were stopped: 0.0006425 seconds, Stopping threads took: 0.0000209 seconds
58.400: [GC (Allocation Failure)  71305K->681K(413184K), 0.0004889 secs]
58.401: Total time for which application threads were stopped: 0.0006089 seconds, Stopping threads took: 0.0000192 seconds
58.448: [GC (Allocation Failure)  70313K->617K(412160K), 0.0004922 secs]
58.448: Total time for which application threads were stopped: 0.0006304 seconds, Stopping threads took: 0.0000293 seconds
58.492: [GC (Allocation Failure)  69225K->649K(411136K), 0.0004205 secs]
58.492: Total time for which application threads were stopped: 0.0005520 seconds, Stopping threads took: 0.0000276 seconds
58.535: [GC (Allocation Failure)  68233K->713K(410112K), 0.0004287 secs]
58.536: Total time for which application threads were stopped: 0.0005484 seconds, Stopping threads took: 0.0000193 seconds
58.582: [GC (Allocation Failure)  67273K->649K(409088K), 0.0004939 secs]
58.583: Total time for which application threads were stopped: 0.0006220 seconds, Stopping threads took: 0.0000279 seconds
58.630: [GC (Allocation Failure)  66185K->713K(408064K), 0.0004566 secs]
58.630: Total time for which application threads were stopped: 0.0005768 seconds, Stopping threads took: 0.0000195 seconds
58.671: [GC (Allocation Failure)  65225K->681K(407040K), 0.0004669 secs]
58.671: Total time for which application threads were stopped: 0.0005859 seconds, Stopping threads took: 0.0000194 seconds
58.711: [GC (Allocation Failure)  64169K->649K(406016K), 0.0004934 secs]
58.712: Total time for which application threads were stopped: 0.0006140 seconds, Stopping threads took: 0.0000192 seconds
58.755: [GC (Allocation Failure)  63113K->617K(405504K), 0.0004568 secs]
58.755: Total time for which application threads were stopped: 0.0005835 seconds, Stopping threads took: 0.0000276 seconds
58.794: [GC (Allocation Failure)  62569K->681K(404992K), 0.0004745 secs]
58.795: Total time for which application threads were stopped: 0.0005950 seconds, Stopping threads took: 0.0000200 seconds
58.834: [GC (Allocation Failure)  62121K->681K(404480K), 0.0005239 secs]
58.834: Total time for which application threads were stopped: 0.0006526 seconds, Stopping threads took: 0.0000279 seconds
58.873: [GC (Allocation Failure)  61609K->681K(403968K), 0.0004582 secs]
58.873: Total time for which application threads were stopped: 0.0005777 seconds, Stopping threads took: 0.0000199 seconds
58.911: [GC (Allocation Failure)  61097K->649K(416256K), 0.0006016 secs]
58.912: Total time for which application threads were stopped: 0.0007377 seconds, Stopping threads took: 0.0000195 seconds
58.962: [GC (Allocation Failure)  73353K->713K(431104K), 0.0004912 secs]
58.963: Total time for which application threads were stopped: 0.0006211 seconds, Stopping threads took: 0.0000201 seconds
59.019: [GC (Allocation Failure)  88265K->745K(429568K), 0.0005258 secs]
59.020: Total time for which application threads were stopped: 0.0006491 seconds, Stopping threads took: 0.0000267 seconds
59.078: [GC (Allocation Failure)  86761K->617K(428032K), 0.0004856 secs]
59.078: Total time for which application threads were stopped: 0.0006355 seconds, Stopping threads took: 0.0000246 seconds
59.134: [GC (Allocation Failure)  85097K->649K(426496K), 0.0005138 secs]
59.135: Total time for which application threads were stopped: 0.0006500 seconds, Stopping threads took: 0.0000285 seconds
59.187: [GC (Allocation Failure)  83593K->681K(424960K), 0.0006391 secs]
59.188: Total time for which application threads were stopped: 0.0007829 seconds, Stopping threads took: 0.0000212 seconds
59.244: [GC (Allocation Failure)  82089K->681K(423424K), 0.0006529 secs]
59.244: Total time for which application threads were stopped: 0.0008128 seconds, Stopping threads took: 0.0000297 seconds
59.301: [GC (Allocation Failure)  80553K->681K(422400K), 0.0005109 secs]
59.302: Total time for which application threads were stopped: 0.0006521 seconds, Stopping threads took: 0.0000218 seconds
59.352: [GC (Allocation Failure)  79529K->649K(421376K), 0.0004760 secs]
59.352: Total time for which application threads were stopped: 0.0006170 seconds, Stopping threads took: 0.0000314 seconds
59.404: [GC (Allocation Failure)  78473K->681K(420352K), 0.0005378 secs]
59.405: Total time for which application threads were stopped: 0.0006638 seconds, Stopping threads took: 0.0000281 seconds
59.453: [GC (Allocation Failure)  77481K->681K(419328K), 0.0004799 secs]
59.454: Total time for which application threads were stopped: 0.0005999 seconds, Stopping threads took: 0.0000197 seconds
59.502: [GC (Allocation Failure)  76457K->649K(418304K), 0.0004976 secs]
59.503: Total time for which application threads were stopped: 0.0006185 seconds, Stopping threads took: 0.0000207 seconds
59.550: [GC (Allocation Failure)  75401K->617K(417280K), 0.0006116 secs]
59.550: Total time for which application threads were stopped: 0.0007401 seconds, Stopping threads took: 0.0000194 seconds
59.602: [GC (Allocation Failure)  74345K->681K(416256K), 0.0006765 secs]
59.603: Total time for which application threads were stopped: 0.0008213 seconds, Stopping threads took: 0.0000303 seconds
59.655: [GC (Allocation Failure)  73385K->745K(431104K), 0.0006821 secs]
59.656: Total time for which application threads were stopped: 0.0008230 seconds, Stopping threads took: 0.0000218 seconds
59.711: [GC (Allocation Failure)  88297K->649K(429568K), 0.0005316 secs]
59.711: Total time for which application threads were stopped: 0.0006704 seconds, Stopping threads took: 0.0000221 seconds
59.766: [GC (Allocation Failure)  86665K->649K(428032K), 0.0005622 secs]
59.766: Total time for which application threads were stopped: 0.0007005 seconds, Stopping threads took: 0.0000214 seconds
59.820: [GC (Allocation Failure)  85129K->681K(426496K), 0.0005109 secs]
59.821: Total time for which application threads were stopped: 0.0006452 seconds, Stopping threads took: 0.0000219 seconds
59.880: [GC (Allocation Failure)  83625K->649K(424960K), 0.0005770 secs]
59.880: Total time for which application threads were stopped: 0.0007215 seconds, Stopping threads took: 0.0000217 seconds
59.932: [GC (Allocation Failure)  82057K->681K(423424K), 0.0004667 secs]
59.932: Total time for which application threads were stopped: 0.0006064 seconds, Stopping threads took: 0.0000304 seconds
59.982: [GC (Allocation Failure)  80553K->649K(422400K), 0.0005607 secs]
59.983: Total time for which application threads were stopped: 0.0006887 seconds, Stopping threads took: 0.0000275 seconds
60.037: [GC (Allocation Failure)  79497K->681K(421376K), 0.0004886 secs]
60.038: Total time for which application threads were stopped: 0.0006176 seconds, Stopping threads took: 0.0000284 seconds
60.089: [GC (Allocation Failure)  78505K->649K(420352K), 0.0004735 secs]
60.090: Total time for which application threads were stopped: 0.0005865 seconds, Stopping threads took: 0.0000261 seconds
60.143: [GC (Allocation Failure)  77449K->649K(419328K), 0.0004834 secs]
60.143: Total time for which application threads were stopped: 0.0006045 seconds, Stopping threads took: 0.0000198 seconds
60.196: [GC (Allocation Failure)  76425K->649K(418304K), 0.0006453 secs]
60.196: Total time for which application threads were stopped: 0.0007645 seconds, Stopping threads took: 0.0000202 seconds
60.244: [GC (Allocation Failure)  75401K->649K(417280K), 0.0005003 secs]
60.244: Total time for which application threads were stopped: 0.0006179 seconds, Stopping threads took: 0.0000196 seconds
60.295: [GC (Allocation Failure)  74377K->681K(416256K), 0.0004623 secs]
60.295: Total time for which application threads were stopped: 0.0005774 seconds, Stopping threads took: 0.0000188 seconds
60.341: [GC (Allocation Failure)  73385K->681K(415232K), 0.0004778 secs]
60.341: Total time for which application threads were stopped: 0.0005978 seconds, Stopping threads took: 0.0000194 seconds
60.387: [GC (Allocation Failure)  72361K->649K(414208K), 0.0004836 secs]
60.387: Total time for which application threads were stopped: 0.0006089 seconds, Stopping threads took: 0.0000276 seconds
60.437: [GC (Allocation Failure)  71305K->681K(413184K), 0.0004700 secs]
60.437: Total time for which application threads were stopped: 0.0005945 seconds, Stopping threads took: 0.0000278 seconds
60.481: [GC (Allocation Failure)  70313K->681K(412160K), 0.0004471 secs]
60.482: Total time for which application threads were stopped: 0.0005731 seconds, Stopping threads took: 0.0000280 seconds
60.526: [GC (Allocation Failure)  69289K->713K(411136K), 0.0003751 secs]
60.526: Total time for which application threads were stopped: 0.0004912 seconds, Stopping threads took: 0.0000265 seconds
60.573: [GC (Allocation Failure)  68297K->681K(410112K), 0.0004765 secs]
60.573: Total time for which application threads were stopped: 0.0005975 seconds, Stopping threads took: 0.0000199 seconds
60.616: [GC (Allocation Failure)  67241K->649K(409088K), 0.0005252 secs]
60.616: Total time for which application threads were stopped: 0.0006500 seconds, Stopping threads took: 0.0000207 seconds
60.658: [GC (Allocation Failure)  66185K->649K(408064K), 0.0004220 secs]
60.658: Total time for which application threads were stopped: 0.0005409 seconds, Stopping threads took: 0.0000191 seconds
60.704: [GC (Allocation Failure)  65161K->617K(407040K), 0.0006688 secs]
60.705: Total time for which application threads were stopped: 0.0008200 seconds, Stopping threads took: 0.0000290 seconds
60.745: [GC (Allocation Failure)  64105K->649K(406016K), 0.0005045 secs]
60.746: Total time for which application threads were stopped: 0.0006437 seconds, Stopping threads took: 0.0000207 seconds
60.785: [GC (Allocation Failure)  63113K->681K(405504K), 0.0004640 secs]
60.786: Total time for which application threads were stopped: 0.0006068 seconds, Stopping threads took: 0.0000224 seconds
60.825: [GC (Allocation Failure)  62633K->745K(418304K), 0.0005360 secs]
60.825: Total time for which application threads were stopped: 0.0006703 seconds, Stopping threads took: 0.0000232 seconds
60.872: [GC (Allocation Failure)  75497K->649K(417280K), 0.0004591 secs]
60.873: Total time for which application threads were stopped: 0.0005996 seconds, Stopping threads took: 0.0000273 seconds
60.919: [GC (Allocation Failure)  74377K->681K(416256K), 0.0005390 secs]
60.920: Total time for which application threads were stopped: 0.0006491 seconds, Stopping threads took: 0.0000198 seconds
60.970: [GC (Allocation Failure)  73385K->617K(415232K), 0.0005258 secs]
60.971: Total time for which application threads were stopped: 0.0006334 seconds, Stopping threads took: 0.0000169 seconds
61.017: [GC (Allocation Failure)  72297K->617K(414208K), 0.0005542 secs]
61.017: Total time for which application threads were stopped: 0.0006809 seconds, Stopping threads took: 0.0000276 seconds
61.062: [GC (Allocation Failure)  71273K->649K(413184K), 0.0005703 secs]
61.062: Total time for which application threads were stopped: 0.0007071 seconds, Stopping threads took: 0.0000200 seconds
61.112: [GC (Allocation Failure)  70281K->649K(412160K), 0.0005108 secs]
61.113: Total time for which application threads were stopped: 0.0006321 seconds, Stopping threads took: 0.0000201 seconds
61.156: [GC (Allocation Failure)  69257K->649K(411136K), 0.0004952 secs]
61.157: Total time for which application threads were stopped: 0.0006118 seconds, Stopping threads took: 0.0000191 seconds
61.205: [GC (Allocation Failure)  68233K->681K(410112K), 0.0004843 secs]
61.205: Total time for which application threads were stopped: 0.0005897 seconds, Stopping threads took: 0.0000171 seconds
61.253: [GC (Allocation Failure)  67241K->649K(409088K), 0.0004894 secs]
61.254: Total time for which application threads were stopped: 0.0005990 seconds, Stopping threads took: 0.0000172 seconds
61.295: [GC (Allocation Failure)  66185K->649K(408064K), 0.0005541 secs]
61.296: Total time for which application threads were stopped: 0.0006795 seconds, Stopping threads took: 0.0000194 seconds
61.337: [GC (Allocation Failure)  65161K->681K(421376K), 0.0005808 secs]
61.337: Total time for which application threads were stopped: 0.0007001 seconds, Stopping threads took: 0.0000192 seconds
61.386: [GC (Allocation Failure)  78505K->617K(437248K), 0.0006539 secs]
61.387: Total time for which application threads were stopped: 0.0007834 seconds, Stopping threads took: 0.0000193 seconds
61.452: [GC (Allocation Failure)  94313K->681K(435712K), 0.0005316 secs]
61.452: Total time for which application threads were stopped: 0.0006600 seconds, Stopping threads took: 0.0000274 seconds
61.517: [GC (Allocation Failure)  92841K->713K(434176K), 0.0004663 secs]
61.518: Total time for which application threads were stopped: 0.0005874 seconds, Stopping threads took: 0.0000201 seconds
61.581: [GC (Allocation Failure)  91337K->681K(432640K), 0.0005456 secs]
61.581: Total time for which application threads were stopped: 0.0006873 seconds, Stopping threads took: 0.0000215 seconds
61.637: [GC (Allocation Failure)  89769K->617K(431104K), 0.0005130 secs]
61.638: Total time for which application threads were stopped: 0.0006666 seconds, Stopping threads took: 0.0000295 seconds
61.693: [GC (Allocation Failure)  88169K->649K(429568K), 0.0005069 secs]
61.694: Total time for which application threads were stopped: 0.0006311 seconds, Stopping threads took: 0.0000275 seconds
61.754: [GC (Allocation Failure)  86665K->681K(428032K), 0.0005545 secs]
61.754: Total time for which application threads were stopped: 0.0006596 seconds, Stopping threads took: 0.0000171 seconds
61.808: [GC (Allocation Failure)  85161K->649K(426496K), 0.0004028 secs]
61.808: Total time for which application threads were stopped: 0.0005113 seconds, Stopping threads took: 0.0000169 seconds
61.861: [GC (Allocation Failure)  83593K->617K(424960K), 0.0005286 secs]
61.861: Total time for which application threads were stopped: 0.0006655 seconds, Stopping threads took: 0.0000206 seconds
61.913: [GC (Allocation Failure)  82025K->617K(423424K), 0.0004663 secs]
61.913: Total time for which application threads were stopped: 0.0006000 seconds, Stopping threads took: 0.0000213 seconds
61.970: [GC (Allocation Failure)  80489K->681K(422400K), 0.0005697 secs]
61.971: Total time for which application threads were stopped: 0.0007734 seconds, Stopping threads took: 0.0000609 seconds
62.028: [GC (Allocation Failure)  79529K->649K(421376K), 0.0004488 secs]
62.028: Total time for which application threads were stopped: 0.0005999 seconds, Stopping threads took: 0.0000273 seconds
62.085: [GC (Allocation Failure)  78473K->649K(420352K), 0.0005127 secs]
62.085: Total time for which application threads were stopped: 0.0006506 seconds, Stopping threads took: 0.0000280 seconds
62.137: [GC (Allocation Failure)  77449K->617K(419328K), 0.0006681 secs]
62.138: Total time for which application threads were stopped: 0.0007993 seconds, Stopping threads took: 0.0000214 seconds
62.190: [GC (Allocation Failure)  76393K->713K(418304K), 0.0005990 secs]
62.191: Total time for which application threads were stopped: 0.0007549 seconds, Stopping threads took: 0.0000232 seconds
62.244: [GC (Allocation Failure)  75465K->681K(417280K), 0.0005343 secs]
62.244: Total time for which application threads were stopped: 0.0006831 seconds, Stopping threads took: 0.0000231 seconds
62.291: [GC (Allocation Failure)  74409K->681K(416256K), 0.0005744 secs]
62.291: Total time for which application threads were stopped: 0.0007125 seconds, Stopping threads took: 0.0000219 seconds
62.337: [GC (Allocation Failure)  73385K->649K(415232K), 0.0004997 secs]
62.338: Total time for which application threads were stopped: 0.0006460 seconds, Stopping threads took: 0.0000218 seconds
62.389: [GC (Allocation Failure)  72329K->649K(414208K), 0.0004904 secs]
62.389: Total time for which application threads were stopped: 0.0006217 seconds, Stopping threads took: 0.0000212 seconds
62.437: [GC (Allocation Failure)  71305K->649K(413184K), 0.0004902 secs]
62.438: Total time for which application threads were stopped: 0.0006340 seconds, Stopping threads took: 0.0000219 seconds
62.482: [GC (Allocation Failure)  70281K->649K(412160K), 0.0004939 secs]
62.482: Total time for which application threads were stopped: 0.0006320 seconds, Stopping threads took: 0.0000200 seconds
62.526: [GC (Allocation Failure)  69257K->649K(411136K), 0.0004929 secs]
62.527: Total time for which application threads were stopped: 0.0006173 seconds, Stopping threads took: 0.0000265 seconds
62.569: [GC (Allocation Failure)  68233K->649K(410112K), 0.0004374 secs]
62.570: Total time for which application threads were stopped: 0.0005785 seconds, Stopping threads took: 0.0000267 seconds
62.612: [GC (Allocation Failure)  67209K->713K(409088K), 0.0004613 secs]
62.612: Total time for which application threads were stopped: 0.0005883 seconds, Stopping threads took: 0.0000211 seconds
62.661: [GC (Allocation Failure)  66249K->649K(408064K), 0.0004496 secs]
62.661: Total time for which application threads were stopped: 0.0005558 seconds, Stopping threads took: 0.0000165 seconds
62.705: [GC (Allocation Failure)  65161K->745K(407040K), 0.0004982 secs]
62.705: Total time for which application threads were stopped: 0.0006357 seconds, Stopping threads took: 0.0000192 seconds
62.751: [GC (Allocation Failure)  64233K->681K(406016K), 0.0005715 secs]
62.752: Total time for which application threads were stopped: 0.0007145 seconds, Stopping threads took: 0.0000211 seconds
62.792: [GC (Allocation Failure)  63145K->649K(405504K), 0.0004342 secs]
62.792: Total time for which application threads were stopped: 0.0005620 seconds, Stopping threads took: 0.0000214 seconds
62.837: [GC (Allocation Failure)  62601K->617K(404992K), 0.0005454 secs]
62.838: Total time for which application threads were stopped: 0.0006641 seconds, Stopping threads took: 0.0000195 seconds
62.876: [GC (Allocation Failure)  62057K->681K(417280K), 0.0005352 secs]
62.877: Total time for which application threads were stopped: 0.0006543 seconds, Stopping threads took: 0.0000197 seconds
62.923: [GC (Allocation Failure)  74409K->713K(432128K), 0.0005669 secs]
62.924: Total time for which application threads were stopped: 0.0006844 seconds, Stopping threads took: 0.0000194 seconds
62.980: [GC (Allocation Failure)  89289K->649K(430592K), 0.0005568 secs]
62.980: Total time for which application threads were stopped: 0.0006935 seconds, Stopping threads took: 0.0000194 seconds
63.043: [GC (Allocation Failure)  87689K->681K(429056K), 0.0004850 secs]
63.043: Total time for which application threads were stopped: 0.0006204 seconds, Stopping threads took: 0.0000272 seconds
63.098: [GC (Allocation Failure)  86185K->649K(427520K), 0.0004183 secs]
63.099: Total time for which application threads were stopped: 0.0005257 seconds, Stopping threads took: 0.0000176 seconds
63.157: [GC (Allocation Failure)  84617K->681K(425984K), 0.0006382 secs]
63.158: Total time for which application threads were stopped: 0.0007845 seconds, Stopping threads took: 0.0000279 seconds
63.216: [GC (Allocation Failure)  83113K->649K(424448K), 0.0005750 secs]
63.216: Total time for which application threads were stopped: 0.0006948 seconds, Stopping threads took: 0.0000202 seconds
63.267: [GC (Allocation Failure)  81545K->649K(422912K), 0.0005088 secs]
63.268: Total time for which application threads were stopped: 0.0006311 seconds, Stopping threads took: 0.0000198 seconds
63.318: [GC (Allocation Failure)  80009K->713K(421888K), 0.0005251 secs]
63.318: Total time for which application threads were stopped: 0.0006518 seconds, Stopping threads took: 0.0000277 seconds
63.373: [GC (Allocation Failure)  79049K->617K(420864K), 0.0004423 secs]
63.374: Total time for which application threads were stopped: 0.0005663 seconds, Stopping threads took: 0.0000270 seconds
63.422: [GC (Allocation Failure)  77929K->649K(419840K), 0.0005509 secs]
63.423: Total time for which application threads were stopped: 0.0006721 seconds, Stopping threads took: 0.0000197 seconds
63.471: [GC (Allocation Failure)  76937K->681K(418816K), 0.0004856 secs]
63.471: Total time for which application threads were stopped: 0.0006104 seconds, Stopping threads took: 0.0000198 seconds
63.519: [GC (Allocation Failure)  75945K->681K(417792K), 0.0005734 secs]
63.520: Total time for which application threads were stopped: 0.0007034 seconds, Stopping threads took: 0.0000284 seconds
63.566: [GC (Allocation Failure)  74921K->681K(416768K), 0.0005011 secs]
63.567: Total time for which application threads were stopped: 0.0006335 seconds, Stopping threads took: 0.0000212 seconds
63.617: [GC (Allocation Failure)  73897K->681K(415744K), 0.0005097 secs]
63.618: Total time for which application threads were stopped: 0.0006309 seconds, Stopping threads took: 0.0000211 seconds
63.668: [GC (Allocation Failure)  72873K->681K(414720K), 0.0004431 secs]
63.668: Total time for which application threads were stopped: 0.0005628 seconds, Stopping threads took: 0.0000200 seconds
63.713: [GC (Allocation Failure)  71849K->649K(413696K), 0.0005461 secs]
63.714: Total time for which application threads were stopped: 0.0006669 seconds, Stopping threads took: 0.0000200 seconds
63.758: [GC (Allocation Failure)  70793K->649K(412672K), 0.0005704 secs]
63.759: Total time for which application threads were stopped: 0.0007103 seconds, Stopping threads took: 0.0000208 seconds
63.803: [GC (Allocation Failure)  69769K->649K(411648K), 0.0005054 secs]
63.803: Total time for which application threads were stopped: 0.0006375 seconds, Stopping threads took: 0.0000213 seconds
63.846: [GC (Allocation Failure)  68745K->681K(425472K), 0.0005914 secs]
63.847: Total time for which application threads were stopped: 0.0007323 seconds, Stopping threads took: 0.0000218 seconds
63.899: [GC (Allocation Failure)  82601K->713K(423936K), 0.0005627 secs]
63.899: Total time for which application threads were stopped: 0.0007039 seconds, Stopping threads took: 0.0000300 seconds
63.950: [GC (Allocation Failure)  81097K->681K(440320K), 0.0006191 secs]
63.951: Total time for which application threads were stopped: 0.0007400 seconds, Stopping threads took: 0.0000206 seconds
64.018: [GC (Allocation Failure)  97449K->649K(438272K), 0.0004682 secs]
64.018: Total time for which application threads were stopped: 0.0005848 seconds, Stopping threads took: 0.0000196 seconds
64.084: [GC (Allocation Failure)  95369K->649K(436736K), 0.0004814 secs]
64.084: Total time for which application threads were stopped: 0.0006350 seconds, Stopping threads took: 0.0000274 seconds
64.145: [GC (Allocation Failure)  93833K->681K(435200K), 0.0005767 secs]
64.145: Total time for which application threads were stopped: 0.0007066 seconds, Stopping threads took: 0.0000275 seconds
64.203: [GC (Allocation Failure)  92329K->745K(433664K), 0.0005086 secs]
64.204: Total time for which application threads were stopped: 0.0006355 seconds, Stopping threads took: 0.0000199 seconds
64.261: [GC (Allocation Failure)  90857K->649K(432128K), 0.0005921 secs]
64.261: Total time for which application threads were stopped: 0.0007328 seconds, Stopping threads took: 0.0000212 seconds
64.322: [GC (Allocation Failure)  89225K->649K(430592K), 0.0004735 secs]
64.323: Total time for which application threads were stopped: 0.0006016 seconds, Stopping threads took: 0.0000211 seconds
64.377: [GC (Allocation Failure)  87689K->745K(429056K), 0.0005373 secs]
64.378: Total time for which application threads were stopped: 0.0006737 seconds, Stopping threads took: 0.0000275 seconds
64.432: [GC (Allocation Failure)  86249K->617K(427520K), 0.0006214 secs]
64.432: Total time for which application threads were stopped: 0.0007719 seconds, Stopping threads took: 0.0000294 seconds
64.485: [GC (Allocation Failure)  84585K->617K(425984K), 0.0004497 secs]
64.486: Total time for which application threads were stopped: 0.0005748 seconds, Stopping threads took: 0.0000271 seconds
64.538: [GC (Allocation Failure)  83049K->681K(424448K), 0.0004868 secs]
64.539: Total time for which application threads were stopped: 0.0006149 seconds, Stopping threads took: 0.0000282 seconds
64.590: [GC (Allocation Failure)  81577K->681K(422912K), 0.0006853 secs]
64.591: Total time for which application threads were stopped: 0.0008035 seconds, Stopping threads took: 0.0000282 seconds
64.646: [GC (Allocation Failure)  80041K->649K(421888K), 0.0004348 secs]
64.646: Total time for which application threads were stopped: 0.0005461 seconds, Stopping threads took: 0.0000178 seconds
64.699: [GC (Allocation Failure)  78985K->649K(420864K), 0.0004836 secs]
64.699: Total time for which application threads were stopped: 0.0006060 seconds, Stopping threads took: 0.0000200 seconds
64.748: [GC (Allocation Failure)  77961K->681K(419840K), 0.0004681 secs]
64.748: Total time for which application threads were stopped: 0.0005946 seconds, Stopping threads took: 0.0000214 seconds
64.797: [GC (Allocation Failure)  76969K->713K(418816K), 0.0005378 secs]
64.797: Total time for which application threads were stopped: 0.0006689 seconds, Stopping threads took: 0.0000174 seconds
64.848: [GC (Allocation Failure)  75977K->681K(417792K), 0.0005321 secs]
64.849: Total time for which application threads were stopped: 0.0006807 seconds, Stopping threads took: 0.0000303 seconds
64.896: [GC (Allocation Failure)  74921K->649K(416768K), 0.0005508 secs]
64.897: Total time for which application threads were stopped: 0.0006901 seconds, Stopping threads took: 0.0000216 seconds
64.943: [GC (Allocation Failure)  73865K->713K(415744K), 0.0005105 secs]
64.943: Total time for which application threads were stopped: 0.0006411 seconds, Stopping threads took: 0.0000224 seconds
64.989: [GC (Allocation Failure)  72905K->713K(414720K), 0.0005381 secs]
64.989: Total time for which application threads were stopped: 0.0006832 seconds, Stopping threads took: 0.0000208 seconds
65.036: [GC (Allocation Failure)  71881K->713K(413696K), 0.0005275 secs]
65.036: Total time for which application threads were stopped: 0.0006756 seconds, Stopping threads took: 0.0000280 seconds
65.087: [GC (Allocation Failure)  70857K->649K(412672K), 0.0004485 secs]
65.087: Total time for which application threads were stopped: 0.0005842 seconds, Stopping threads took: 0.0000259 seconds
65.134: [GC (Allocation Failure)  69769K->713K(411648K), 0.0004877 secs]
65.135: Total time for which application threads were stopped: 0.0006049 seconds, Stopping threads took: 0.0000193 seconds
65.178: [GC (Allocation Failure)  68809K->649K(410624K), 0.0004833 secs]
65.178: Total time for which application threads were stopped: 0.0006005 seconds, Stopping threads took: 0.0000194 seconds
65.221: [GC (Allocation Failure)  67721K->681K(409600K), 0.0004597 secs]
65.221: Total time for which application threads were stopped: 0.0005938 seconds, Stopping threads took: 0.0000192 seconds
65.263: [GC (Allocation Failure)  66729K->649K(408576K), 0.0006175 secs]
65.264: Total time for which application threads were stopped: 0.0007899 seconds, Stopping threads took: 0.0000286 seconds
65.309: [GC (Allocation Failure)  65673K->713K(421888K), 0.0006038 secs]
65.310: Total time for which application threads were stopped: 0.0007433 seconds, Stopping threads took: 0.0000223 seconds
65.359: [GC (Allocation Failure)  79049K->681K(420864K), 0.0005220 secs]
65.360: Total time for which application threads were stopped: 0.0006652 seconds, Stopping threads took: 0.0000228 seconds
65.409: [GC (Allocation Failure)  77993K->681K(419840K), 0.0005215 secs]
65.410: Total time for which application threads were stopped: 0.0006675 seconds, Stopping threads took: 0.0000237 seconds
65.458: [GC (Allocation Failure)  76969K->649K(418816K), 0.0006008 secs]
65.459: Total time for which application threads were stopped: 0.0007525 seconds, Stopping threads took: 0.0000225 seconds
65.507: [GC (Allocation Failure)  75913K->649K(417792K), 0.0004287 secs]
65.507: Total time for which application threads were stopped: 0.0005768 seconds, Stopping threads took: 0.0000276 seconds
65.555: [GC (Allocation Failure)  74889K->713K(416768K), 0.0004900 secs]
65.555: Total time for which application threads were stopped: 0.0006259 seconds, Stopping threads took: 0.0000260 seconds
65.601: [GC (Allocation Failure)  73929K->617K(415744K), 0.0005154 secs]
65.602: Total time for which application threads were stopped: 0.0006436 seconds, Stopping threads took: 0.0000220 seconds
65.648: [GC (Allocation Failure)  72809K->713K(414720K), 0.0005147 secs]
65.648: Total time for which application threads were stopped: 0.0006844 seconds, Stopping threads took: 0.0000220 seconds
65.693: [GC (Allocation Failure)  71881K->617K(413696K), 0.0006111 secs]
65.694: Total time for which application threads were stopped: 0.0007638 seconds, Stopping threads took: 0.0000223 seconds
65.745: [GC (Allocation Failure)  70761K->649K(412672K), 0.0005420 secs]
65.745: Total time for which application threads were stopped: 0.0006961 seconds, Stopping threads took: 0.0000228 seconds
65.795: [GC (Allocation Failure)  69769K->649K(411648K), 0.0005029 secs]
65.795: Total time for which application threads were stopped: 0.0006564 seconds, Stopping threads took: 0.0000236 seconds
65.838: [GC (Allocation Failure)  68745K->681K(410624K), 0.0005056 secs]
65.839: Total time for which application threads were stopped: 0.0006526 seconds, Stopping threads took: 0.0000233 seconds
65.881: [GC (Allocation Failure)  67753K->649K(409600K), 0.0005182 secs]
65.882: Total time for which application threads were stopped: 0.0006681 seconds, Stopping threads took: 0.0000222 seconds
65.926: [GC (Allocation Failure)  66697K->681K(408576K), 0.0005396 secs]
65.927: Total time for which application threads were stopped: 0.0006838 seconds, Stopping threads took: 0.0000221 seconds
65.969: [GC (Allocation Failure)  65705K->681K(421888K), 0.0005684 secs]
65.970: Total time for which application threads were stopped: 0.0007032 seconds, Stopping threads took: 0.0000219 seconds
66.021: [GC (Allocation Failure)  79017K->745K(420864K), 0.0003816 secs]
66.021: Total time for which application threads were stopped: 0.0005020 seconds, Stopping threads took: 0.0000257 seconds
66.073: [GC (Allocation Failure)  78057K->681K(419840K), 0.0004765 secs]
66.074: Total time for which application threads were stopped: 0.0006096 seconds, Stopping threads took: 0.0000144 seconds
66.125: [GC (Allocation Failure)  76969K->649K(418816K), 0.0004600 secs]
66.126: Total time for which application threads were stopped: 0.0005705 seconds, Stopping threads took: 0.0000180 seconds
66.173: [GC (Allocation Failure)  75913K->681K(417792K), 0.0004839 secs]
66.174: Total time for which application threads were stopped: 0.0006164 seconds, Stopping threads took: 0.0000211 seconds
66.220: [GC (Allocation Failure)  74921K->681K(416768K), 0.0005072 secs]
66.221: Total time for which application threads were stopped: 0.0006527 seconds, Stopping threads took: 0.0000295 seconds
66.267: [GC (Allocation Failure)  73897K->745K(415744K), 0.0005335 secs]
66.268: Total time for which application threads were stopped: 0.0007240 seconds, Stopping threads took: 0.0000303 seconds
66.320: [GC (Allocation Failure)  72937K->649K(414720K), 0.0005243 secs]
66.320: Total time for which application threads were stopped: 0.0006644 seconds, Stopping threads took: 0.0000220 seconds
66.373: [GC (Allocation Failure)  71817K->649K(413696K), 0.0005135 secs]
66.373: Total time for which application threads were stopped: 0.0006675 seconds, Stopping threads took: 0.0000303 seconds
66.418: [GC (Allocation Failure)  70793K->649K(412672K), 0.0005172 secs]
66.418: Total time for which application threads were stopped: 0.0006604 seconds, Stopping threads took: 0.0000210 seconds
66.462: [GC (Allocation Failure)  69769K->681K(411648K), 0.0005732 secs]
66.462: Total time for which application threads were stopped: 0.0006925 seconds, Stopping threads took: 0.0000224 seconds
66.512: [GC (Allocation Failure)  68777K->649K(410624K), 0.0003964 secs]
66.512: Total time for which application threads were stopped: 0.0005202 seconds, Stopping threads took: 0.0000254 seconds
66.555: [GC (Allocation Failure)  67721K->681K(409600K), 0.0004253 secs]
66.555: Total time for which application threads were stopped: 0.0005478 seconds, Stopping threads took: 0.0000200 seconds
66.602: [GC (Allocation Failure)  66729K->649K(408576K), 0.0004672 secs]
66.603: Total time for which application threads were stopped: 0.0006020 seconds, Stopping threads took: 0.0000261 seconds
66.644: [GC (Allocation Failure)  65673K->681K(407552K), 0.0005198 secs]
66.644: Total time for which application threads were stopped: 0.0006583 seconds, Stopping threads took: 0.0000292 seconds
66.685: [GC (Allocation Failure)  64681K->745K(406528K), 0.0005248 secs]
66.686: Total time for which application threads were stopped: 0.0006731 seconds, Stopping threads took: 0.0000300 seconds
66.725: [GC (Allocation Failure)  63721K->745K(405504K), 0.0005202 secs]
66.726: Total time for which application threads were stopped: 0.0006616 seconds, Stopping threads took: 0.0000219 seconds
66.765: [GC (Allocation Failure)  62697K->649K(418304K), 0.0005346 secs]
66.766: Total time for which application threads were stopped: 0.0006887 seconds, Stopping threads took: 0.0000277 seconds
66.813: [GC (Allocation Failure)  75401K->681K(417280K), 0.0004987 secs]
66.813: Total time for which application threads were stopped: 0.0006153 seconds, Stopping threads took: 0.0000215 seconds
66.864: [GC (Allocation Failure)  74409K->649K(416256K), 0.0004789 secs]
66.864: Total time for which application threads were stopped: 0.0006065 seconds, Stopping threads took: 0.0000270 seconds
66.910: [GC (Allocation Failure)  73353K->681K(415232K), 0.0006155 secs]
66.911: Total time for which application threads were stopped: 0.0007351 seconds, Stopping threads took: 0.0000192 seconds
66.957: [GC (Allocation Failure)  72361K->681K(414208K), 0.0004954 secs]
66.957: Total time for which application threads were stopped: 0.0006299 seconds, Stopping threads took: 0.0000266 seconds
67.007: [GC (Allocation Failure)  71337K->681K(413184K), 0.0005000 secs]
67.007: Total time for which application threads were stopped: 0.0006386 seconds, Stopping threads took: 0.0000275 seconds
67.051: [GC (Allocation Failure)  70313K->617K(427520K), 0.0006295 secs]
67.052: Total time for which application threads were stopped: 0.0007717 seconds, Stopping threads took: 0.0000300 seconds
67.110: [GC (Allocation Failure)  84585K->617K(425984K), 0.0006149 secs]
67.111: Total time for which application threads were stopped: 0.0007486 seconds, Stopping threads took: 0.0000278 seconds
67.162: [GC (Allocation Failure)  83049K->617K(442880K), 0.0006414 secs]
67.163: Total time for which application threads were stopped: 0.0007914 seconds, Stopping threads took: 0.0000296 seconds
67.225: [GC (Allocation Failure)  99945K->713K(440832K), 0.0004999 secs]
67.226: Total time for which application threads were stopped: 0.0006288 seconds, Stopping threads took: 0.0000220 seconds
67.287: [GC (Allocation Failure)  97993K->681K(438784K), 0.0006033 secs]
67.288: Total time for which application threads were stopped: 0.0007200 seconds, Stopping threads took: 0.0000194 seconds
67.352: [GC (Allocation Failure)  95913K->617K(437248K), 0.0005206 secs]
67.353: Total time for which application threads were stopped: 0.0006355 seconds, Stopping threads took: 0.0000198 seconds
67.419: [GC (Allocation Failure)  94313K->649K(435712K), 0.0004742 secs]
67.419: Total time for which application threads were stopped: 0.0005945 seconds, Stopping threads took: 0.0000199 seconds
67.480: [GC (Allocation Failure)  92809K->713K(434176K), 0.0006272 secs]
67.481: Total time for which application threads were stopped: 0.0007916 seconds, Stopping threads took: 0.0000289 seconds
67.538: [GC (Allocation Failure)  91337K->649K(432640K), 0.0005095 secs]
67.539: Total time for which application threads were stopped: 0.0006297 seconds, Stopping threads took: 0.0000193 seconds
67.600: [GC (Allocation Failure)  89737K->649K(431104K), 0.0003912 secs]
67.601: Total time for which application threads were stopped: 0.0005078 seconds, Stopping threads took: 0.0000195 seconds
67.660: [GC (Allocation Failure)  88201K->649K(429568K), 0.0004062 secs]
67.660: Total time for which application threads were stopped: 0.0005159 seconds, Stopping threads took: 0.0000173 seconds
67.718: [GC (Allocation Failure)  86665K->617K(428032K), 0.0004934 secs]
67.718: Total time for which application threads were stopped: 0.0006323 seconds, Stopping threads took: 0.0000289 seconds
67.775: [GC (Allocation Failure)  85097K->681K(426496K), 0.0004842 secs]
67.776: Total time for which application threads were stopped: 0.0006115 seconds, Stopping threads took: 0.0000279 seconds
67.828: [GC (Allocation Failure)  83625K->649K(424960K), 0.0007336 secs]
67.829: Total time for which application threads were stopped: 0.0008699 seconds, Stopping threads took: 0.0000227 seconds
67.880: [GC (Allocation Failure)  82057K->617K(423424K), 0.0004780 secs]
67.880: Total time for which application threads were stopped: 0.0006154 seconds, Stopping threads took: 0.0000284 seconds
67.934: [GC (Allocation Failure)  80489K->745K(422400K), 0.0004926 secs]
67.935: Total time for which application threads were stopped: 0.0006238 seconds, Stopping threads took: 0.0000211 seconds
67.986: [GC (Allocation Failure)  79593K->681K(421376K), 0.0005456 secs]
67.986: Total time for which application threads were stopped: 0.0006714 seconds, Stopping threads took: 0.0000202 seconds
68.037: [GC (Allocation Failure)  78505K->649K(420352K), 0.0004570 secs]
68.037: Total time for which application threads were stopped: 0.0005936 seconds, Stopping threads took: 0.0000211 seconds
68.092: [GC (Allocation Failure)  77449K->617K(419328K), 0.0005391 secs]
68.092: Total time for which application threads were stopped: 0.0006581 seconds, Stopping threads took: 0.0000251 seconds
68.144: [GC (Allocation Failure)  76393K->713K(418304K), 0.0003777 secs]
68.144: Total time for which application threads were stopped: 0.0004774 seconds, Stopping threads took: 0.0000183 seconds
68.191: [GC (Allocation Failure)  75465K->681K(417280K), 0.0008179 secs]
68.192: Total time for which application threads were stopped: 0.0009349 seconds, Stopping threads took: 0.0000192 seconds
68.238: [GC (Allocation Failure)  74409K->713K(416256K), 0.0004642 secs]
68.239: Total time for which application threads were stopped: 0.0005854 seconds, Stopping threads took: 0.0000201 seconds
68.285: [GC (Allocation Failure)  73417K->649K(415232K), 0.0005030 secs]
68.285: Total time for which application threads were stopped: 0.0006358 seconds, Stopping threads took: 0.0000194 seconds
68.336: [GC (Allocation Failure)  72329K->681K(414208K), 0.0004967 secs]
68.336: Total time for which application threads were stopped: 0.0006354 seconds, Stopping threads took: 0.0000213 seconds
68.381: [GC (Allocation Failure)  71337K->713K(413184K), 0.0004568 secs]
68.382: Total time for which application threads were stopped: 0.0005893 seconds, Stopping threads took: 0.0000224 seconds
68.426: [GC (Allocation Failure)  70345K->713K(412160K), 0.0004974 secs]
68.426: Total time for which application threads were stopped: 0.0006264 seconds, Stopping threads took: 0.0000169 seconds
68.475: [GC (Allocation Failure)  69321K->649K(411136K), 0.0005234 secs]
68.475: Total time for which application threads were stopped: 0.0006688 seconds, Stopping threads took: 0.0000219 seconds
68.518: [GC (Allocation Failure)  68233K->649K(410112K), 0.0005061 secs]
68.519: Total time for which application threads were stopped: 0.0006522 seconds, Stopping threads took: 0.0000263 seconds
68.561: [GC (Allocation Failure)  67209K->649K(409088K), 0.0004584 secs]
68.561: Total time for which application threads were stopped: 0.0005574 seconds, Stopping threads took: 0.0000174 seconds
68.602: [GC (Allocation Failure)  66185K->649K(408064K), 0.0004776 secs]
68.603: Total time for which application threads were stopped: 0.0005977 seconds, Stopping threads took: 0.0000198 seconds
68.649: [GC (Allocation Failure)  65161K->649K(407040K), 0.0004907 secs]
68.650: Total time for which application threads were stopped: 0.0006400 seconds, Stopping threads took: 0.0000290 seconds
68.690: [GC (Allocation Failure)  64137K->681K(406016K), 0.0004511 secs]
68.690: Total time for which application threads were stopped: 0.0005767 seconds, Stopping threads took: 0.0000211 seconds
68.736: [GC (Allocation Failure)  63145K->713K(405504K), 0.0004647 secs]
68.736: Total time for which application threads were stopped: 0.0005816 seconds, Stopping threads took: 0.0000192 seconds
68.775: [GC (Allocation Failure)  62665K->649K(404992K), 0.0004660 secs]
68.776: Total time for which application threads were stopped: 0.0005840 seconds, Stopping threads took: 0.0000201 seconds
68.819: [GC (Allocation Failure)  62089K->649K(404480K), 0.0005037 secs]
68.820: Total time for which application threads were stopped: 0.0006017 seconds, Stopping threads took: 0.0000168 seconds
68.858: [GC (Allocation Failure)  61577K->649K(403968K), 0.0004949 secs]
68.859: Total time for which application threads were stopped: 0.0006291 seconds, Stopping threads took: 0.0000207 seconds
68.897: [GC (Allocation Failure)  61065K->649K(403456K), 0.0004715 secs]
68.897: Total time for which application threads were stopped: 0.0006113 seconds, Stopping threads took: 0.0000291 seconds
68.935: [GC (Allocation Failure)  60553K->649K(415744K), 0.0005778 secs]
68.936: Total time for which application threads were stopped: 0.0007195 seconds, Stopping threads took: 0.0000259 seconds
68.985: [GC (Allocation Failure)  72841K->681K(430592K), 0.0005916 secs]
68.985: Total time for which application threads were stopped: 0.0007355 seconds, Stopping threads took: 0.0000296 seconds
69.048: [GC (Allocation Failure)  87721K->745K(429056K), 0.0004594 secs]
69.048: Total time for which application threads were stopped: 0.0005939 seconds, Stopping threads took: 0.0000269 seconds
69.104: [GC (Allocation Failure)  86249K->649K(427520K), 0.0004256 secs]
69.104: Total time for which application threads were stopped: 0.0005341 seconds, Stopping threads took: 0.0000255 seconds
69.158: [GC (Allocation Failure)  84617K->681K(425984K), 0.0005035 secs]
69.158: Total time for which application threads were stopped: 0.0006268 seconds, Stopping threads took: 0.0000207 seconds
69.210: [GC (Allocation Failure)  83113K->745K(424448K), 0.0004673 secs]
69.211: Total time for which application threads were stopped: 0.0005843 seconds, Stopping threads took: 0.0000195 seconds
69.267: [GC (Allocation Failure)  81641K->681K(422912K), 0.0004601 secs]
69.267: Total time for which application threads were stopped: 0.0005813 seconds, Stopping threads took: 0.0000193 seconds
69.322: [GC (Allocation Failure)  80041K->681K(421888K), 0.0005095 secs]
69.322: Total time for which application threads were stopped: 0.0006407 seconds, Stopping threads took: 0.0000279 seconds
69.372: [GC (Allocation Failure)  79017K->617K(420864K), 0.0006511 secs]
69.373: Total time for which application threads were stopped: 0.0007945 seconds, Stopping threads took: 0.0000296 seconds
69.427: [GC (Allocation Failure)  77929K->649K(419840K), 0.0005839 secs]
69.427: Total time for which application threads were stopped: 0.0007324 seconds, Stopping threads took: 0.0000224 seconds
69.479: [GC (Allocation Failure)  76937K->713K(418816K), 0.0005160 secs]
69.479: Total time for which application threads were stopped: 0.0006508 seconds, Stopping threads took: 0.0000209 seconds
69.528: [GC (Allocation Failure)  75977K->681K(417792K), 0.0006141 secs]
69.528: Total time for which application threads were stopped: 0.0007356 seconds, Stopping threads took: 0.0000203 seconds
69.575: [GC (Allocation Failure)  74921K->649K(416768K), 0.0005813 secs]
69.576: Total time for which application threads were stopped: 0.0007336 seconds, Stopping threads took: 0.0000302 seconds
69.627: [GC (Allocation Failure)  73865K->649K(415744K), 0.0004741 secs]
69.627: Total time for which application threads were stopped: 0.0006014 seconds, Stopping threads took: 0.0000197 seconds
69.673: [GC (Allocation Failure)  72841K->681K(414720K), 0.0005155 secs]
69.673: Total time for which application threads were stopped: 0.0006594 seconds, Stopping threads took: 0.0000297 seconds
69.719: [GC (Allocation Failure)  71849K->649K(413696K), 0.0004776 secs]
69.719: Total time for which application threads were stopped: 0.0005981 seconds, Stopping threads took: 0.0000195 seconds
69.769: [GC (Allocation Failure)  70793K->649K(412672K), 0.0005178 secs]
69.770: Total time for which application threads were stopped: 0.0006691 seconds, Stopping threads took: 0.0000299 seconds
69.817: [GC (Allocation Failure)  69769K->713K(411648K), 0.0006844 secs]
69.818: Total time for which application threads were stopped: 0.0008382 seconds, Stopping threads took: 0.0000230 seconds
69.866: [GC (Allocation Failure)  68809K->681K(410624K), 0.0005842 secs]
69.866: Total time for which application threads were stopped: 0.0007289 seconds, Stopping threads took: 0.0000226 seconds
69.909: [GC (Allocation Failure)  67753K->649K(424448K), 0.0006503 secs]
69.909: Total time for which application threads were stopped: 0.0007704 seconds, Stopping threads took: 0.0000194 seconds
69.961: [GC (Allocation Failure)  81545K->681K(440832K), 0.0004953 secs]
69.961: Total time for which application threads were stopped: 0.0006307 seconds, Stopping threads took: 0.0000218 seconds
70.025: [GC (Allocation Failure)  97961K->681K(438784K), 0.0005021 secs]
70.025: Total time for which application threads were stopped: 0.0006285 seconds, Stopping threads took: 0.0000198 seconds
70.089: [GC (Allocation Failure)  95913K->617K(437248K), 0.0008277 secs]
70.090: Total time for which application threads were stopped: 0.0009627 seconds, Stopping threads took: 0.0000249 seconds
70.151: [GC (Allocation Failure)  94313K->649K(435712K), 0.0004241 secs]
70.152: Total time for which application threads were stopped: 0.0005393 seconds, Stopping threads took: 0.0000168 seconds
70.210: [GC (Allocation Failure)  92809K->649K(434176K), 0.0005441 secs]
70.211: Total time for which application threads were stopped: 0.0006628 seconds, Stopping threads took: 0.0000201 seconds
70.271: [GC (Allocation Failure)  91273K->649K(432640K), 0.0005591 secs]
70.272: Total time for which application threads were stopped: 0.0007058 seconds, Stopping threads took: 0.0000289 seconds
70.327: [GC (Allocation Failure)  89737K->649K(431104K), 0.0004774 secs]
70.328: Total time for which application threads were stopped: 0.0006064 seconds, Stopping threads took: 0.0000215 seconds
70.389: [GC (Allocation Failure)  88201K->713K(429568K), 0.0005021 secs]
70.390: Total time for which application threads were stopped: 0.0006189 seconds, Stopping threads took: 0.0000193 seconds
70.444: [GC (Allocation Failure)  86729K->617K(428032K), 0.0005407 secs]
70.444: Total time for which application threads were stopped: 0.0006611 seconds, Stopping threads took: 0.0000202 seconds
70.504: [GC (Allocation Failure)  85097K->681K(426496K), 0.0004246 secs]
70.505: Total time for which application threads were stopped: 0.0005412 seconds, Stopping threads took: 0.0000261 seconds
70.557: [GC (Allocation Failure)  83625K->713K(424960K), 0.0006956 secs]
70.558: Total time for which application threads were stopped: 0.0008245 seconds, Stopping threads took: 0.0000213 seconds
70.609: [GC (Allocation Failure)  82121K->713K(423424K), 0.0007973 secs]
70.610: Total time for which application threads were stopped: 0.0009098 seconds, Stopping threads took: 0.0000169 seconds
70.661: [GC (Allocation Failure)  80585K->617K(422400K), 0.0005030 secs]
70.662: Total time for which application threads were stopped: 0.0006268 seconds, Stopping threads took: 0.0000203 seconds
70.715: [GC (Allocation Failure)  79465K->713K(421376K), 0.0004807 secs]
70.716: Total time for which application threads were stopped: 0.0006044 seconds, Stopping threads took: 0.0000194 seconds
70.768: [GC (Allocation Failure)  78537K->649K(420352K), 0.0004624 secs]
70.768: Total time for which application threads were stopped: 0.0005808 seconds, Stopping threads took: 0.0000170 seconds
70.820: [GC (Allocation Failure)  77449K->745K(419328K), 0.0006519 secs]
70.821: Total time for which application threads were stopped: 0.0008001 seconds, Stopping threads took: 0.0000226 seconds
70.868: [GC (Allocation Failure)  76521K->649K(418304K), 0.0005116 secs]
70.869: Total time for which application threads were stopped: 0.0006475 seconds, Stopping threads took: 0.0000229 seconds
70.916: [GC (Allocation Failure)  75401K->681K(417280K), 0.0006396 secs]
70.917: Total time for which application threads were stopped: 0.0007690 seconds, Stopping threads took: 0.0000277 seconds
70.963: [GC (Allocation Failure)  74409K->649K(416256K), 0.0005347 secs]
70.964: Total time for which application threads were stopped: 0.0006854 seconds, Stopping threads took: 0.0000313 seconds
71.010: [GC (Allocation Failure)  73353K->617K(415232K), 0.0003799 secs]
71.011: Total time for which application threads were stopped: 0.0005124 seconds, Stopping threads took: 0.0000262 seconds
71.061: [GC (Allocation Failure)  72297K->617K(414208K), 0.0004526 secs]
71.061: Total time for which application threads were stopped: 0.0005612 seconds, Stopping threads took: 0.0000173 seconds
71.112: [GC (Allocation Failure)  71273K->649K(413184K), 0.0004550 secs]
71.112: Total time for which application threads were stopped: 0.0005689 seconds, Stopping threads took: 0.0000196 seconds
71.160: [GC (Allocation Failure)  70281K->681K(412160K), 0.0004958 secs]
71.161: Total time for which application threads were stopped: 0.0006293 seconds, Stopping threads took: 0.0000222 seconds
71.211: [GC (Allocation Failure)  69289K->649K(411136K), 0.0005141 secs]
71.211: Total time for which application threads were stopped: 0.0006578 seconds, Stopping threads took: 0.0000219 seconds
71.254: [GC (Allocation Failure)  68233K->649K(410112K), 0.0005203 secs]
71.254: Total time for which application threads were stopped: 0.0006592 seconds, Stopping threads took: 0.0000228 seconds
71.296: [GC (Allocation Failure)  67209K->681K(409088K), 0.0005763 secs]
71.297: Total time for which application threads were stopped: 0.0007192 seconds, Stopping threads took: 0.0000201 seconds
71.338: [GC (Allocation Failure)  66217K->649K(408064K), 0.0004579 secs]
71.339: Total time for which application threads were stopped: 0.0005800 seconds, Stopping threads took: 0.0000200 seconds
71.384: [GC (Allocation Failure)  65161K->681K(407040K), 0.0004468 secs]
71.385: Total time for which application threads were stopped: 0.0005821 seconds, Stopping threads took: 0.0000280 seconds
71.425: [GC (Allocation Failure)  64169K->649K(406016K), 0.0005041 secs]
71.425: Total time for which application threads were stopped: 0.0006136 seconds, Stopping threads took: 0.0000162 seconds
71.471: [GC (Allocation Failure)  63113K->681K(405504K), 0.0004721 secs]
71.471: Total time for which application threads were stopped: 0.0006004 seconds, Stopping threads took: 0.0000278 seconds
71.510: [GC (Allocation Failure)  62633K->681K(404992K), 0.0005184 secs]
71.511: Total time for which application threads were stopped: 0.0006422 seconds, Stopping threads took: 0.0000193 seconds
71.550: [GC (Allocation Failure)  62121K->649K(417280K), 0.0006137 secs]
71.550: Total time for which application threads were stopped: 0.0007515 seconds, Stopping threads took: 0.0000292 seconds
71.601: [GC (Allocation Failure)  74377K->617K(416256K), 0.0004518 secs]
71.602: Total time for which application threads were stopped: 0.0005714 seconds, Stopping threads took: 0.0000199 seconds
71.653: [GC (Allocation Failure)  73321K->713K(415232K), 0.0004356 secs]
71.654: Total time for which application threads were stopped: 0.0005463 seconds, Stopping threads took: 0.0000170 seconds
71.699: [GC (Allocation Failure)  72393K->649K(414208K), 0.0004944 secs]
71.700: Total time for which application threads were stopped: 0.0006214 seconds, Stopping threads took: 0.0000279 seconds
71.744: [GC (Allocation Failure)  71305K->649K(413184K), 0.0006179 secs]
71.745: Total time for which application threads were stopped: 0.0007456 seconds, Stopping threads took: 0.0000277 seconds
71.792: [GC (Allocation Failure)  70281K->681K(427520K), 0.0006561 secs]
71.792: Total time for which application threads were stopped: 0.0007675 seconds, Stopping threads took: 0.0000176 seconds
71.851: [GC (Allocation Failure)  84649K->649K(425984K), 0.0005558 secs]
71.852: Total time for which application threads were stopped: 0.0007074 seconds, Stopping threads took: 0.0000295 seconds
71.909: [GC (Allocation Failure)  83081K->617K(424448K), 0.0004561 secs]
71.910: Total time for which application threads were stopped: 0.0006084 seconds, Stopping threads took: 0.0000297 seconds
71.965: [GC (Allocation Failure)  81513K->713K(422912K), 0.0005836 secs]
71.965: Total time for which application threads were stopped: 0.0007049 seconds, Stopping threads took: 0.0000201 seconds
72.016: [GC (Allocation Failure)  80073K->681K(421888K), 0.0004577 secs]
72.016: Total time for which application threads were stopped: 0.0005781 seconds, Stopping threads took: 0.0000201 seconds
72.065: [GC (Allocation Failure)  79017K->681K(420864K), 0.0004796 secs]
72.066: Total time for which application threads were stopped: 0.0006079 seconds, Stopping threads took: 0.0000276 seconds
72.121: [GC (Allocation Failure)  77993K->649K(419840K), 0.0004868 secs]
72.121: Total time for which application threads were stopped: 0.0006235 seconds, Stopping threads took: 0.0000195 seconds
72.173: [GC (Allocation Failure)  76937K->681K(418816K), 0.0005995 secs]
72.173: Total time for which application threads were stopped: 0.0007257 seconds, Stopping threads took: 0.0000300 seconds
72.221: [GC (Allocation Failure)  75945K->649K(417792K), 0.0004007 secs]
72.221: Total time for which application threads were stopped: 0.0005069 seconds, Stopping threads took: 0.0000165 seconds
72.274: [GC (Allocation Failure)  74889K->681K(416768K), 0.0005325 secs]
72.274: Total time for which application threads were stopped: 0.0006603 seconds, Stopping threads took: 0.0000276 seconds
72.324: [GC (Allocation Failure)  73897K->681K(415744K), 0.0005780 secs]
72.325: Total time for which application threads were stopped: 0.0007059 seconds, Stopping threads took: 0.0000276 seconds
72.370: [GC (Allocation Failure)  72873K->681K(414720K), 0.0004796 secs]
72.371: Total time for which application threads were stopped: 0.0005982 seconds, Stopping threads took: 0.0000190 seconds
72.416: [GC (Allocation Failure)  71849K->649K(413696K), 0.0004730 secs]
72.416: Total time for which application threads were stopped: 0.0005976 seconds, Stopping threads took: 0.0000274 seconds
72.467: [GC (Allocation Failure)  70793K->681K(412672K), 0.0004798 secs]
72.467: Total time for which application threads were stopped: 0.0006051 seconds, Stopping threads took: 0.0000278 seconds
72.511: [GC (Allocation Failure)  69801K->649K(411648K), 0.0004499 secs]
72.512: Total time for which application threads were stopped: 0.0005811 seconds, Stopping threads took: 0.0000290 seconds
72.555: [GC (Allocation Failure)  68745K->681K(410624K), 0.0004931 secs]
72.555: Total time for which application threads were stopped: 0.0006109 seconds, Stopping threads took: 0.0000193 seconds
72.597: [GC (Allocation Failure)  67753K->681K(409600K), 0.0005017 secs]
72.598: Total time for which application threads were stopped: 0.0006274 seconds, Stopping threads took: 0.0000273 seconds
72.640: [GC (Allocation Failure)  66729K->681K(408576K), 0.0004651 secs]
72.640: Total time for which application threads were stopped: 0.0005900 seconds, Stopping threads took: 0.0000275 seconds
72.682: [GC (Allocation Failure)  65705K->681K(407552K), 0.0005266 secs]
72.682: Total time for which application threads were stopped: 0.0006483 seconds, Stopping threads took: 0.0000199 seconds
72.722: [GC (Allocation Failure)  64681K->681K(406528K), 0.0004242 secs]
72.723: Total time for which application threads were stopped: 0.0005441 seconds, Stopping threads took: 0.0000194 seconds
72.767: [GC (Allocation Failure)  63657K->649K(405504K), 0.0004946 secs]
72.767: Total time for which application threads were stopped: 0.0006187 seconds, Stopping threads took: 0.0000270 seconds
72.807: [GC (Allocation Failure)  62601K->681K(404992K), 0.0005052 secs]
72.807: Total time for which application threads were stopped: 0.0006295 seconds, Stopping threads took: 0.0000193 seconds
72.846: [GC (Allocation Failure)  62121K->681K(417280K), 0.0006572 secs]
72.846: Total time for which application threads were stopped: 0.0007930 seconds, Stopping threads took: 0.0000212 seconds
72.893: [GC (Allocation Failure)  74409K->681K(432128K), 0.0004691 secs]
72.893: Total time for which application threads were stopped: 0.0005896 seconds, Stopping threads took: 0.0000198 seconds
72.949: [GC (Allocation Failure)  89257K->681K(430592K), 0.0004677 secs]
72.950: Total time for which application threads were stopped: 0.0005878 seconds, Stopping threads took: 0.0000198 seconds
73.005: [GC (Allocation Failure)  87721K->649K(429056K), 0.0004182 secs]
73.005: Total time for which application threads were stopped: 0.0005390 seconds, Stopping threads took: 0.0000200 seconds
73.059: [GC (Allocation Failure)  86153K->745K(427520K), 0.0004772 secs]
73.059: Total time for which application threads were stopped: 0.0006060 seconds, Stopping threads took: 0.0000274 seconds
73.113: [GC (Allocation Failure)  84713K->585K(425984K), 0.0004453 secs]
73.114: Total time for which application threads were stopped: 0.0005689 seconds, Stopping threads took: 0.0000274 seconds
73.171: [GC (Allocation Failure)  83017K->713K(424448K), 0.0004039 secs]
73.171: Total time for which application threads were stopped: 0.0005111 seconds, Stopping threads took: 0.0000178 seconds
73.225: [GC (Allocation Failure)  81609K->681K(422912K), 0.0005042 secs]
73.226: Total time for which application threads were stopped: 0.0006427 seconds, Stopping threads took: 0.0000278 seconds
73.275: [GC (Allocation Failure)  80041K->681K(421888K), 0.0005218 secs]
73.276: Total time for which application threads were stopped: 0.0006679 seconds, Stopping threads took: 0.0000293 seconds
73.325: [GC (Allocation Failure)  79017K->681K(420864K), 0.0005653 secs]
73.326: Total time for which application threads were stopped: 0.0007189 seconds, Stopping threads took: 0.0000312 seconds
73.375: [GC (Allocation Failure)  77993K->713K(419840K), 0.0006132 secs]
73.375: Total time for which application threads were stopped: 0.0007683 seconds, Stopping threads took: 0.0000313 seconds
73.426: [GC (Allocation Failure)  77001K->681K(418816K), 0.0007470 secs]
73.427: Total time for which application threads were stopped: 0.0009019 seconds, Stopping threads took: 0.0000312 seconds
73.474: [GC (Allocation Failure)  75945K->713K(434176K), 0.0006103 secs]
73.475: Total time for which application threads were stopped: 0.0007394 seconds, Stopping threads took: 0.0000279 seconds
73.534: [GC (Allocation Failure)  91337K->681K(432640K), 0.0004074 secs]
73.534: Total time for which application threads were stopped: 0.0005346 seconds, Stopping threads took: 0.0000269 seconds
73.592: [GC (Allocation Failure)  89769K->649K(450560K), 0.0017663 secs]
73.594: Total time for which application threads were stopped: 0.0018982 seconds, Stopping threads took: 0.0000207 seconds
73.661: [GC (Allocation Failure)  107657K->681K(472064K), 0.0006201 secs]
73.662: Total time for which application threads were stopped: 0.0007660 seconds, Stopping threads took: 0.0000295 seconds
73.743: [GC (Allocation Failure)  129193K->649K(491008K), 0.0005454 secs]
73.743: Total time for which application threads were stopped: 0.0006830 seconds, Stopping threads took: 0.0000207 seconds
73.840: [GC (Allocation Failure)  148105K->713K(487424K), 0.0006800 secs]
73.841: Total time for which application threads were stopped: 0.0008207 seconds, Stopping threads took: 0.0000276 seconds
73.935: [GC (Allocation Failure)  144585K->681K(483840K), 0.0006034 secs]
73.936: Total time for which application threads were stopped: 0.0007527 seconds, Stopping threads took: 0.0000305 seconds
74.030: [GC (Allocation Failure)  140969K->649K(480256K), 0.0004526 secs]
74.031: Total time for which application threads were stopped: 0.0005782 seconds, Stopping threads took: 0.0000194 seconds
74.119: [GC (Allocation Failure)  137353K->649K(477184K), 0.0004717 secs]
74.120: Total time for which application threads were stopped: 0.0005824 seconds, Stopping threads took: 0.0000189 seconds
74.204: [GC (Allocation Failure)  134281K->681K(474112K), 0.0004480 secs]
74.205: Total time for which application threads were stopped: 0.0005614 seconds, Stopping threads took: 0.0000196 seconds
74.292: [GC (Allocation Failure)  131241K->649K(471040K), 0.0005040 secs]
74.293: Total time for which application threads were stopped: 0.0006309 seconds, Stopping threads took: 0.0000211 seconds
74.372: [GC (Allocation Failure)  128137K->649K(467968K), 0.0005210 secs]
74.373: Total time for which application threads were stopped: 0.0006737 seconds, Stopping threads took: 0.0000272 seconds
74.454: [GC (Allocation Failure)  125065K->745K(465408K), 0.0004705 secs]
74.454: Total time for which application threads were stopped: 0.0005874 seconds, Stopping threads took: 0.0000196 seconds
74.537: [GC (Allocation Failure)  122601K->681K(462848K), 0.0004130 secs]
74.537: Total time for which application threads were stopped: 0.0005381 seconds, Stopping threads took: 0.0000268 seconds
74.618: [GC (Allocation Failure)  119977K->649K(460288K), 0.0004077 secs]
74.619: Total time for which application threads were stopped: 0.0005173 seconds, Stopping threads took: 0.0000167 seconds
74.692: [GC (Allocation Failure)  117385K->617K(457728K), 0.0004440 secs]
74.693: Total time for which application threads were stopped: 0.0005693 seconds, Stopping threads took: 0.0000284 seconds
74.768: [GC (Allocation Failure)  114793K->649K(455168K), 0.0004528 secs]
74.768: Total time for which application threads were stopped: 0.0005786 seconds, Stopping threads took: 0.0000287 seconds
74.838: [GC (Allocation Failure)  112265K->649K(452608K), 0.0004963 secs]
74.838: Total time for which application threads were stopped: 0.0006173 seconds, Stopping threads took: 0.0000205 seconds
74.907: [GC (Allocation Failure)  109705K->649K(450560K), 0.0004977 secs]
74.907: Total time for which application threads were stopped: 0.0006341 seconds, Stopping threads took: 0.0000199 seconds
74.980: [GC (Allocation Failure)  107657K->681K(448512K), 0.0006558 secs]
74.980: Total time for which application threads were stopped: 0.0007865 seconds, Stopping threads took: 0.0000275 seconds
75.053: [GC (Allocation Failure)  105641K->681K(446464K), 0.0004591 secs]
75.053: Total time for which application threads were stopped: 0.0005923 seconds, Stopping threads took: 0.0000265 seconds
75.122: [GC (Allocation Failure)  103593K->649K(444416K), 0.0005031 secs]
75.123: Total time for which application threads were stopped: 0.0006393 seconds, Stopping threads took: 0.0000203 seconds
75.190: [GC (Allocation Failure)  101513K->681K(442368K), 0.0005042 secs]
75.191: Total time for which application threads were stopped: 0.0006296 seconds, Stopping threads took: 0.0000216 seconds
75.253: [GC (Allocation Failure)  99497K->649K(440320K), 0.0004788 secs]
75.253: Total time for which application threads were stopped: 0.0006398 seconds, Stopping threads took: 0.0000201 seconds
75.314: [GC (Allocation Failure)  97417K->681K(438272K), 0.0004959 secs]
75.315: Total time for which application threads were stopped: 0.0006450 seconds, Stopping threads took: 0.0000311 seconds
75.374: [GC (Allocation Failure)  95401K->681K(436736K), 0.0007678 secs]
75.375: Total time for which application threads were stopped: 0.0008886 seconds, Stopping threads took: 0.0000199 seconds
75.434: [GC (Allocation Failure)  93865K->649K(435200K), 0.0005221 secs]
75.434: Total time for which application threads were stopped: 0.0006752 seconds, Stopping threads took: 0.0000303 seconds
75.492: [GC (Allocation Failure)  92297K->649K(433664K), 0.0004490 secs]
75.492: Total time for which application threads were stopped: 0.0005857 seconds, Stopping threads took: 0.0000202 seconds
75.556: [GC (Allocation Failure)  90761K->745K(432128K), 0.0004956 secs]
75.556: Total time for which application threads were stopped: 0.0006277 seconds, Stopping threads took: 0.0000254 seconds
75.614: [GC (Allocation Failure)  89321K->713K(430592K), 0.0004362 secs]
75.614: Total time for which application threads were stopped: 0.0005647 seconds, Stopping threads took: 0.0000252 seconds
75.675: [GC (Allocation Failure)  87753K->649K(429056K), 0.0004904 secs]
75.676: Total time for which application threads were stopped: 0.0006351 seconds, Stopping threads took: 0.0000288 seconds
75.732: [GC (Allocation Failure)  86153K->649K(427520K), 0.0006156 secs]
75.733: Total time for which application threads were stopped: 0.0007744 seconds, Stopping threads took: 0.0000301 seconds
75.790: [GC (Allocation Failure)  84617K->649K(425984K), 0.0006248 secs]
75.790: Total time for which application threads were stopped: 0.0007792 seconds, Stopping threads took: 0.0000232 seconds
75.846: [GC (Allocation Failure)  83081K->617K(424448K), 0.0004713 secs]
75.846: Total time for which application threads were stopped: 0.0005970 seconds, Stopping threads took: 0.0000278 seconds
75.897: [GC (Allocation Failure)  81513K->713K(422912K), 0.0005675 secs]
75.898: Total time for which application threads were stopped: 0.0007058 seconds, Stopping threads took: 0.0000203 seconds
75.951: [GC (Allocation Failure)  80073K->617K(421888K), 0.0004759 secs]
75.951: Total time for which application threads were stopped: 0.0006083 seconds, Stopping threads took: 0.0000220 seconds
76.001: [GC (Allocation Failure)  78953K->617K(420864K), 0.0004762 secs]
76.001: Total time for which application threads were stopped: 0.0005994 seconds, Stopping threads took: 0.0000215 seconds
76.055: [GC (Allocation Failure)  77929K->649K(419840K), 0.0004540 secs]
76.055: Total time for which application threads were stopped: 0.0005830 seconds, Stopping threads took: 0.0000265 seconds
76.110: [GC (Allocation Failure)  76937K->617K(418816K), 0.0005146 secs]
76.110: Total time for which application threads were stopped: 0.0006258 seconds, Stopping threads took: 0.0000171 seconds
