Java HotSpot(TM) 64-Bit Server VM (25.171-b11) for linux-amd64 JRE (1.8.0_171-b11), built on Mar 28 2018 17:07:08 by "java_re" with gcc 4.3.0 20080428 (Red Hat 4.3.0-8)
Memory: 4k page, physical 32883000k(29631572k free), swap 8000508k(8000508k free)
CommandLine flags: -XX:InitialHeapSize=526128000 -XX:MaxHeapSize=8418048000 -XX:+PrintGC -XX:+PrintGCApplicationStoppedTime -XX:+PrintGCTimeStamps -XX:+UseCompressedClassPointers -XX:+UseCompressedOops -XX:+UseParallelGC 
0.381: [GC (Allocation Failure)  129024K->2381K(493056K), 0.0017032 secs]
0.383: Total time for which application threads were stopped: 0.0018816 seconds, Stopping threads took: 0.0000224 seconds
0.470: [GC (Allocation Failure)  131405K->576K(493056K), 0.0009218 secs]
0.471: Total time for which application threads were stopped: 0.0010896 seconds, Stopping threads took: 0.0000294 seconds
0.557: [GC (Allocation Failure)  129600K->576K(493056K), 0.0008866 secs]
0.558: Total time for which application threads were stopped: 0.0010243 seconds, Stopping threads took: 0.0000291 seconds
0.644: [GC (Allocation Failure)  129600K->616K(493056K), 0.0008796 secs]
0.645: Total time for which application threads were stopped: 0.0009896 seconds, Stopping threads took: 0.0000229 seconds
0.731: [GC (Allocation Failure)  129640K->696K(470016K), 0.0010021 secs]
0.732: Total time for which application threads were stopped: 0.0011161 seconds, Stopping threads took: 0.0000190 seconds
0.813: [GC (Allocation Failure)  126648K->616K(466944K), 0.0009603 secs]
0.814: Total time for which application threads were stopped: 0.0010891 seconds, Stopping threads took: 0.0000216 seconds
0.896: [GC (Allocation Failure)  123496K->581K(463872K), 0.0010659 secs]
0.898: Total time for which application threads were stopped: 0.0011917 seconds, Stopping threads took: 0.0000236 seconds
0.974: [GC (Allocation Failure)  120901K->613K(461312K), 0.0005632 secs]
0.975: Total time for which application threads were stopped: 0.0006890 seconds, Stopping threads took: 0.0000203 seconds
1.051: [GC (Allocation Failure)  118373K->581K(460800K), 0.0005363 secs]
1.051: Total time for which application threads were stopped: 0.0006469 seconds, Stopping threads took: 0.0000313 seconds
1.126: [GC (Allocation Failure)  115781K->581K(456192K), 0.0005757 secs]
1.127: Total time for which application threads were stopped: 0.0006834 seconds, Stopping threads took: 0.0000312 seconds
1.201: [GC (Allocation Failure)  113221K->581K(485376K), 0.0045766 secs]
1.206: Total time for which application threads were stopped: 0.0046915 seconds, Stopping threads took: 0.0000314 seconds
1.298: [GC (Allocation Failure)  140869K->645K(525312K), 0.0005119 secs]
1.298: Total time for which application threads were stopped: 0.0006497 seconds, Stopping threads took: 0.0000304 seconds
1.422: [GC (Allocation Failure)  180869K->677K(525312K), 0.0005220 secs]
1.423: Total time for which application threads were stopped: 0.0006279 seconds, Stopping threads took: 0.0000169 seconds
1.540: [GC (Allocation Failure)  180901K->645K(633856K), 0.0004626 secs]
1.541: Total time for which application threads were stopped: 0.0005829 seconds, Stopping threads took: 0.0000201 seconds
1.754: [GC (Allocation Failure)  289413K->645K(622592K), 0.0005741 secs]
1.755: Total time for which application threads were stopped: 0.0006986 seconds, Stopping threads took: 0.0000273 seconds
1.934: [GC (Allocation Failure)  279685K->645K(613376K), 0.0004915 secs]
1.935: Total time for which application threads were stopped: 0.0005988 seconds, Stopping threads took: 0.0000193 seconds
2.103: [GC (Allocation Failure)  270469K->645K(606208K), 0.0004611 secs]
2.104: Total time for which application threads were stopped: 0.0006013 seconds, Stopping threads took: 0.0000198 seconds
2.266: [GC (Allocation Failure)  261765K->613K(595968K), 0.0007603 secs]
2.267: Total time for which application threads were stopped: 0.0008790 seconds, Stopping threads took: 0.0000263 seconds
2.425: [GC (Allocation Failure)  253029K->613K(588800K), 0.0005188 secs]
2.426: Total time for which application threads were stopped: 0.0006383 seconds, Stopping threads took: 0.0000201 seconds
2.584: [GC (Allocation Failure)  244837K->613K(580096K), 0.0006124 secs]
2.585: Total time for which application threads were stopped: 0.0007312 seconds, Stopping threads took: 0.0000193 seconds
2.737: [GC (Allocation Failure)  237157K->677K(573952K), 0.0004311 secs]
2.737: Total time for which application threads were stopped: 0.0005450 seconds, Stopping threads took: 0.0000200 seconds
2.887: [GC (Allocation Failure)  230053K->613K(565760K), 0.0005393 secs]
2.887: Total time for which application threads were stopped: 0.0006608 seconds, Stopping threads took: 0.0000200 seconds
3.027: [GC (Allocation Failure)  222821K->645K(560128K), 0.0004503 secs]
3.027: Total time for which application threads were stopped: 0.0005638 seconds, Stopping threads took: 0.0000194 seconds
3.161: [GC (Allocation Failure)  216197K->621K(552448K), 0.0006208 secs]
3.162: Total time for which application threads were stopped: 0.0007487 seconds, Stopping threads took: 0.0000183 seconds
3.298: [GC (Allocation Failure)  209517K->589K(546816K), 0.0005914 secs]
3.298: Total time for which application threads were stopped: 0.0007198 seconds, Stopping threads took: 0.0000279 seconds
3.431: [GC (Allocation Failure)  203341K->621K(540160K), 0.0006133 secs]
3.431: Total time for which application threads were stopped: 0.0007495 seconds, Stopping threads took: 0.0000194 seconds
3.560: [GC (Allocation Failure)  197229K->685K(535040K), 0.0004852 secs]
3.560: Total time for which application threads were stopped: 0.0006226 seconds, Stopping threads took: 0.0000224 seconds
3.680: [GC (Allocation Failure)  191661K->653K(528896K), 0.0007337 secs]
3.681: Total time for which application threads were stopped: 0.0008844 seconds, Stopping threads took: 0.0000303 seconds
3.802: [GC (Allocation Failure)  185997K->621K(524288K), 0.0005260 secs]
3.803: Total time for which application threads were stopped: 0.0006769 seconds, Stopping threads took: 0.0000230 seconds
3.918: [GC (Allocation Failure)  180845K->621K(518656K), 0.0004732 secs]
3.918: Total time for which application threads were stopped: 0.0005711 seconds, Stopping threads took: 0.0000156 seconds
4.027: [GC (Allocation Failure)  175725K->653K(514560K), 0.0004827 secs]
4.028: Total time for which application threads were stopped: 0.0005892 seconds, Stopping threads took: 0.0000174 seconds
4.054: Total time for which application threads were stopped: 0.0001247 seconds, Stopping threads took: 0.0000555 seconds
4.138: [GC (Allocation Failure)  171149K->621K(509440K), 0.0007333 secs]
4.139: Total time for which application threads were stopped: 0.0008499 seconds, Stopping threads took: 0.0000194 seconds
4.242: [GC (Allocation Failure)  166509K->653K(505344K), 0.0004880 secs]
4.243: Total time for which application threads were stopped: 0.0006051 seconds, Stopping threads took: 0.0000202 seconds
4.344: [GC (Allocation Failure)  161933K->621K(500736K), 0.0004370 secs]
4.345: Total time for which application threads were stopped: 0.0005529 seconds, Stopping threads took: 0.0000246 seconds
4.443: [GC (Allocation Failure)  157805K->717K(497152K), 0.0006638 secs]
4.444: Total time for which application threads were stopped: 0.0007819 seconds, Stopping threads took: 0.0000204 seconds
4.540: [GC (Allocation Failure)  153805K->589K(492544K), 0.0004836 secs]
4.541: Total time for which application threads were stopped: 0.0006082 seconds, Stopping threads took: 0.0000278 seconds
4.634: [GC (Allocation Failure)  149581K->621K(488960K), 0.0004697 secs]
4.635: Total time for which application threads were stopped: 0.0005973 seconds, Stopping threads took: 0.0000278 seconds
4.726: [GC (Allocation Failure)  146029K->621K(485376K), 0.0006633 secs]
4.726: Total time for which application threads were stopped: 0.0007818 seconds, Stopping threads took: 0.0000198 seconds
4.815: [GC (Allocation Failure)  142445K->653K(481792K), 0.0005884 secs]
4.816: Total time for which application threads were stopped: 0.0007400 seconds, Stopping threads took: 0.0000277 seconds
4.907: [GC (Allocation Failure)  138893K->589K(478720K), 0.0016431 secs]
4.909: Total time for which application threads were stopped: 0.0017742 seconds, Stopping threads took: 0.0000263 seconds
4.994: [GC (Allocation Failure)  135757K->653K(475648K), 0.0004768 secs]
4.994: Total time for which application threads were stopped: 0.0005940 seconds, Stopping threads took: 0.0000194 seconds
5.082: [GC (Allocation Failure)  132749K->685K(472576K), 0.0006218 secs]
5.083: Total time for which application threads were stopped: 0.0007564 seconds, Stopping threads took: 0.0000274 seconds
5.164: [GC (Allocation Failure)  129709K->653K(469504K), 0.0005561 secs]
5.164: Total time for which application threads were stopped: 0.0006881 seconds, Stopping threads took: 0.0000272 seconds
5.249: [GC (Allocation Failure)  126605K->685K(466432K), 0.0005408 secs]
5.250: Total time for which application threads were stopped: 0.0006644 seconds, Stopping threads took: 0.0000278 seconds
5.330: [GC (Allocation Failure)  123565K->621K(463872K), 0.0004523 secs]
5.330: Total time for which application threads were stopped: 0.0005685 seconds, Stopping threads took: 0.0000256 seconds
5.408: [GC (Allocation Failure)  120941K->653K(461312K), 0.0004652 secs]
5.408: Total time for which application threads were stopped: 0.0005837 seconds, Stopping threads took: 0.0000194 seconds
5.483: [GC (Allocation Failure)  118413K->589K(458752K), 0.0004804 secs]
5.483: Total time for which application threads were stopped: 0.0006074 seconds, Stopping threads took: 0.0000212 seconds
5.560: [GC (Allocation Failure)  115789K->621K(456192K), 0.0005603 secs]
5.561: Total time for which application threads were stopped: 0.0007029 seconds, Stopping threads took: 0.0000286 seconds
5.632: [GC (Allocation Failure)  113261K->621K(453632K), 0.0006173 secs]
5.632: Total time for which application threads were stopped: 0.0007520 seconds, Stopping threads took: 0.0000218 seconds
5.701: [GC (Allocation Failure)  110701K->717K(451584K), 0.0004668 secs]
5.702: Total time for which application threads were stopped: 0.0005892 seconds, Stopping threads took: 0.0000274 seconds
5.769: [GC (Allocation Failure)  108749K->621K(449536K), 0.0004825 secs]
5.770: Total time for which application threads were stopped: 0.0006092 seconds, Stopping threads took: 0.0000276 seconds
5.837: [GC (Allocation Failure)  106605K->621K(447488K), 0.0004337 secs]
5.837: Total time for which application threads were stopped: 0.0005615 seconds, Stopping threads took: 0.0000268 seconds
5.902: [GC (Allocation Failure)  104557K->685K(445440K), 0.0004758 secs]
5.903: Total time for which application threads were stopped: 0.0005825 seconds, Stopping threads took: 0.0000257 seconds
5.967: [GC (Allocation Failure)  102573K->653K(443392K), 0.0004986 secs]
5.968: Total time for which application threads were stopped: 0.0006253 seconds, Stopping threads took: 0.0000275 seconds
6.034: [GC (Allocation Failure)  100493K->685K(441344K), 0.0004468 secs]
6.034: Total time for which application threads were stopped: 0.0005728 seconds, Stopping threads took: 0.0000276 seconds
6.096: [GC (Allocation Failure)  98477K->621K(439296K), 0.0004147 secs]
6.096: Total time for which application threads were stopped: 0.0005191 seconds, Stopping threads took: 0.0000168 seconds
6.163: [GC (Allocation Failure)  96365K->685K(437760K), 0.0005190 secs]
6.163: Total time for which application threads were stopped: 0.0006283 seconds, Stopping threads took: 0.0000180 seconds
6.223: [GC (Allocation Failure)  94893K->653K(436224K), 0.0004518 secs]
6.223: Total time for which application threads were stopped: 0.0005684 seconds, Stopping threads took: 0.0000188 seconds
6.282: [GC (Allocation Failure)  93325K->685K(434688K), 0.0004895 secs]
6.282: Total time for which application threads were stopped: 0.0006233 seconds, Stopping threads took: 0.0000290 seconds
6.341: [GC (Allocation Failure)  91821K->621K(433152K), 0.0004136 secs]
6.341: Total time for which application threads were stopped: 0.0005313 seconds, Stopping threads took: 0.0000260 seconds
6.398: [GC (Allocation Failure)  90221K->717K(431616K), 0.0005297 secs]
6.398: Total time for which application threads were stopped: 0.0006734 seconds, Stopping threads took: 0.0000207 seconds
6.459: [GC (Allocation Failure)  88781K->589K(430080K), 0.0005817 secs]
6.459: Total time for which application threads were stopped: 0.0007398 seconds, Stopping threads took: 0.0000298 seconds
6.518: [GC (Allocation Failure)  87117K->653K(428544K), 0.0004762 secs]
6.518: Total time for which application threads were stopped: 0.0006042 seconds, Stopping threads took: 0.0000223 seconds
6.575: [GC (Allocation Failure)  85645K->621K(427008K), 0.0005547 secs]
6.576: Total time for which application threads were stopped: 0.0006707 seconds, Stopping threads took: 0.0000263 seconds
6.632: [GC (Allocation Failure)  84077K->589K(425472K), 0.0006206 secs]
6.632: Total time for which application threads were stopped: 0.0007444 seconds, Stopping threads took: 0.0000275 seconds
6.687: [GC (Allocation Failure)  82509K->621K(423936K), 0.0005147 secs]
6.688: Total time for which application threads were stopped: 0.0006526 seconds, Stopping threads took: 0.0000221 seconds
6.745: [GC (Allocation Failure)  81005K->685K(422400K), 0.0005023 secs]
6.745: Total time for which application threads were stopped: 0.0006438 seconds, Stopping threads took: 0.0000211 seconds
6.795: [GC (Allocation Failure)  79533K->621K(421376K), 0.0004707 secs]
6.795: Total time for which application threads were stopped: 0.0005913 seconds, Stopping threads took: 0.0000193 seconds
6.849: [GC (Allocation Failure)  78445K->653K(420352K), 0.0005320 secs]
6.849: Total time for which application threads were stopped: 0.0006590 seconds, Stopping threads took: 0.0000259 seconds
6.898: [GC (Allocation Failure)  77453K->589K(419328K), 0.0007349 secs]
6.898: Total time for which application threads were stopped: 0.0008576 seconds, Stopping threads took: 0.0000266 seconds
6.947: [GC (Allocation Failure)  76365K->621K(418304K), 0.0005066 secs]
6.947: Total time for which application threads were stopped: 0.0006389 seconds, Stopping threads took: 0.0000200 seconds
6.998: [GC (Allocation Failure)  75373K->653K(417280K), 0.0004173 secs]
6.998: Total time for which application threads were stopped: 0.0005315 seconds, Stopping threads took: 0.0000190 seconds
7.050: [GC (Allocation Failure)  74381K->589K(416256K), 0.0004457 secs]
7.050: Total time for which application threads were stopped: 0.0005501 seconds, Stopping threads took: 0.0000170 seconds
7.096: [GC (Allocation Failure)  73293K->621K(415232K), 0.0004118 secs]
7.096: Total time for which application threads were stopped: 0.0005173 seconds, Stopping threads took: 0.0000172 seconds
7.141: [GC (Allocation Failure)  72301K->621K(414208K), 0.0004735 secs]
7.142: Total time for which application threads were stopped: 0.0005783 seconds, Stopping threads took: 0.0000172 seconds
7.186: [GC (Allocation Failure)  71277K->653K(413184K), 0.0004347 secs]
7.187: Total time for which application threads were stopped: 0.0005570 seconds, Stopping threads took: 0.0000248 seconds
7.231: [GC (Allocation Failure)  70285K->621K(412160K), 0.0004048 secs]
7.231: Total time for which application threads were stopped: 0.0005316 seconds, Stopping threads took: 0.0000275 seconds
7.274: [GC (Allocation Failure)  69229K->621K(411136K), 0.0005345 secs]
7.275: Total time for which application threads were stopped: 0.0006513 seconds, Stopping threads took: 0.0000192 seconds
7.322: [GC (Allocation Failure)  68205K->653K(410112K), 0.0004877 secs]
7.323: Total time for which application threads were stopped: 0.0006061 seconds, Stopping threads took: 0.0000193 seconds
7.366: [GC (Allocation Failure)  67213K->653K(409088K), 0.0004015 secs]
7.367: Total time for which application threads were stopped: 0.0005313 seconds, Stopping threads took: 0.0000283 seconds
7.413: [GC (Allocation Failure)  66189K->621K(408064K), 0.0004460 secs]
7.413: Total time for which application threads were stopped: 0.0005676 seconds, Stopping threads took: 0.0000163 seconds
7.454: [GC (Allocation Failure)  65133K->557K(407040K), 0.0005115 secs]
7.455: Total time for which application threads were stopped: 0.0006492 seconds, Stopping threads took: 0.0000286 seconds
7.495: [GC (Allocation Failure)  64045K->717K(406016K), 0.0005010 secs]
7.495: Total time for which application threads were stopped: 0.0006302 seconds, Stopping threads took: 0.0000200 seconds
7.535: [GC (Allocation Failure)  63181K->653K(405504K), 0.0005455 secs]
7.535: Total time for which application threads were stopped: 0.0006827 seconds, Stopping threads took: 0.0000295 seconds
7.574: [GC (Allocation Failure)  62605K->653K(418304K), 0.0005744 secs]
7.575: Total time for which application threads were stopped: 0.0007135 seconds, Stopping threads took: 0.0000217 seconds
7.622: [GC (Allocation Failure)  75405K->717K(433664K), 0.0005143 secs]
7.623: Total time for which application threads were stopped: 0.0006546 seconds, Stopping threads took: 0.0000286 seconds
7.679: [GC (Allocation Failure)  90829K->653K(452096K), 0.0007770 secs]
7.680: Total time for which application threads were stopped: 0.0009159 seconds, Stopping threads took: 0.0000220 seconds
7.748: [GC (Allocation Failure)  109197K->621K(450048K), 0.0005068 secs]
7.749: Total time for which application threads were stopped: 0.0006299 seconds, Stopping threads took: 0.0000202 seconds
7.821: [GC (Allocation Failure)  107117K->653K(448000K), 0.0004684 secs]
7.822: Total time for which application threads were stopped: 0.0005873 seconds, Stopping threads took: 0.0000197 seconds
7.889: [GC (Allocation Failure)  105101K->653K(445952K), 0.0004337 secs]
7.890: Total time for which application threads were stopped: 0.0005711 seconds, Stopping threads took: 0.0000278 seconds
7.956: [GC (Allocation Failure)  103053K->653K(443904K), 0.0006127 secs]
7.956: Total time for which application threads were stopped: 0.0007373 seconds, Stopping threads took: 0.0000203 seconds
8.025: [GC (Allocation Failure)  101005K->621K(441856K), 0.0004907 secs]
8.025: Total time for which application threads were stopped: 0.0006130 seconds, Stopping threads took: 0.0000195 seconds
8.091: [GC (Allocation Failure)  98925K->621K(439808K), 0.0004952 secs]
8.091: Total time for which application threads were stopped: 0.0006177 seconds, Stopping threads took: 0.0000199 seconds
8.158: [GC (Allocation Failure)  96877K->653K(437760K), 0.0004756 secs]
8.158: Total time for which application threads were stopped: 0.0006038 seconds, Stopping threads took: 0.0000208 seconds
8.218: [GC (Allocation Failure)  94861K->685K(436224K), 0.0005179 secs]
8.219: Total time for which application threads were stopped: 0.0006383 seconds, Stopping threads took: 0.0000203 seconds
8.277: [GC (Allocation Failure)  93357K->653K(434688K), 0.0005111 secs]
8.278: Total time for which application threads were stopped: 0.0006545 seconds, Stopping threads took: 0.0000282 seconds
8.341: [GC (Allocation Failure)  91789K->621K(433152K), 0.0004228 secs]
8.342: Total time for which application threads were stopped: 0.0005545 seconds, Stopping threads took: 0.0000188 seconds
8.398: [GC (Allocation Failure)  90221K->685K(431616K), 0.0005570 secs]
8.399: Total time for which application threads were stopped: 0.0006933 seconds, Stopping threads took: 0.0000255 seconds
8.460: [GC (Allocation Failure)  88749K->621K(430080K), 0.0006175 secs]
8.460: Total time for which application threads were stopped: 0.0007530 seconds, Stopping threads took: 0.0000223 seconds
8.515: [GC (Allocation Failure)  87149K->621K(428544K), 0.0004360 secs]
8.515: Total time for which application threads were stopped: 0.0005415 seconds, Stopping threads took: 0.0000168 seconds
8.569: [GC (Allocation Failure)  85613K->685K(427008K), 0.0007701 secs]
8.570: Total time for which application threads were stopped: 0.0008897 seconds, Stopping threads took: 0.0000168 seconds
8.627: [GC (Allocation Failure)  84141K->621K(425472K), 0.0004375 secs]
8.627: Total time for which application threads were stopped: 0.0005678 seconds, Stopping threads took: 0.0000277 seconds
8.679: [GC (Allocation Failure)  82541K->621K(423936K), 0.0005028 secs]
8.680: Total time for which application threads were stopped: 0.0006737 seconds, Stopping threads took: 0.0000196 seconds
8.731: [GC (Allocation Failure)  81005K->621K(422400K), 0.0005026 secs]
8.731: Total time for which application threads were stopped: 0.0006459 seconds, Stopping threads took: 0.0000269 seconds
8.786: [GC (Allocation Failure)  79469K->685K(421376K), 0.0005154 secs]
8.787: Total time for which application threads were stopped: 0.0006600 seconds, Stopping threads took: 0.0000292 seconds
8.836: [GC (Allocation Failure)  78509K->621K(420352K), 0.0003898 secs]
8.836: Total time for which application threads were stopped: 0.0005056 seconds, Stopping threads took: 0.0000190 seconds
8.885: [GC (Allocation Failure)  77421K->589K(419328K), 0.0005843 secs]
8.885: Total time for which application threads were stopped: 0.0007185 seconds, Stopping threads took: 0.0000204 seconds
8.939: [GC (Allocation Failure)  76365K->685K(418304K), 0.0005852 secs]
8.939: Total time for which application threads were stopped: 0.0007132 seconds, Stopping threads took: 0.0000195 seconds
8.993: [GC (Allocation Failure)  75437K->653K(417280K), 0.0004888 secs]
8.993: Total time for which application threads were stopped: 0.0006475 seconds, Stopping threads took: 0.0000292 seconds
9.043: [GC (Allocation Failure)  74381K->653K(416256K), 0.0005157 secs]
9.044: Total time for which application threads were stopped: 0.0006562 seconds, Stopping threads took: 0.0000221 seconds
9.090: [GC (Allocation Failure)  73357K->621K(415232K), 0.0006244 secs]
9.090: Total time for which application threads were stopped: 0.0007664 seconds, Stopping threads took: 0.0000219 seconds
9.136: [GC (Allocation Failure)  72301K->653K(414208K), 0.0005005 secs]
9.136: Total time for which application threads were stopped: 0.0006441 seconds, Stopping threads took: 0.0000277 seconds
9.181: [GC (Allocation Failure)  71309K->685K(413184K), 0.0004913 secs]
9.181: Total time for which application threads were stopped: 0.0006144 seconds, Stopping threads took: 0.0000202 seconds
9.230: [GC (Allocation Failure)  70317K->685K(412160K), 0.0005682 secs]
9.231: Total time for which application threads were stopped: 0.0006913 seconds, Stopping threads took: 0.0000197 seconds
9.279: [GC (Allocation Failure)  69293K->653K(411136K), 0.0006040 secs]
9.280: Total time for which application threads were stopped: 0.0007421 seconds, Stopping threads took: 0.0000222 seconds
9.322: [GC (Allocation Failure)  68237K->621K(410112K), 0.0004743 secs]
9.323: Total time for which application threads were stopped: 0.0005937 seconds, Stopping threads took: 0.0000198 seconds
9.368: [GC (Allocation Failure)  67181K->653K(409088K), 0.0005065 secs]
9.369: Total time for which application threads were stopped: 0.0006395 seconds, Stopping threads took: 0.0000212 seconds
9.410: [GC (Allocation Failure)  66189K->653K(408064K), 0.0005118 secs]
9.411: Total time for which application threads were stopped: 0.0006547 seconds, Stopping threads took: 0.0000296 seconds
9.451: [GC (Allocation Failure)  65165K->621K(421376K), 0.0006007 secs]
9.452: Total time for which application threads were stopped: 0.0007543 seconds, Stopping threads took: 0.0000302 seconds
9.505: [GC (Allocation Failure)  78445K->589K(420352K), 0.0004907 secs]
9.505: Total time for which application threads were stopped: 0.0006225 seconds, Stopping threads took: 0.0000229 seconds
9.559: [GC (Allocation Failure)  77389K->717K(419328K), 0.0004956 secs]
9.559: Total time for which application threads were stopped: 0.0006129 seconds, Stopping threads took: 0.0000194 seconds
9.607: [GC (Allocation Failure)  76493K->653K(418304K), 0.0005294 secs]
9.607: Total time for which application threads were stopped: 0.0006450 seconds, Stopping threads took: 0.0000191 seconds
9.654: [GC (Allocation Failure)  75405K->653K(417280K), 0.0004649 secs]
9.655: Total time for which application threads were stopped: 0.0005836 seconds, Stopping threads took: 0.0000194 seconds
9.701: [GC (Allocation Failure)  74381K->621K(416256K), 0.0005478 secs]
9.702: Total time for which application threads were stopped: 0.0006987 seconds, Stopping threads took: 0.0000265 seconds
9.752: [GC (Allocation Failure)  73325K->621K(415232K), 0.0005156 secs]
9.752: Total time for which application threads were stopped: 0.0006471 seconds, Stopping threads took: 0.0000192 seconds
9.803: [GC (Allocation Failure)  72301K->653K(414208K), 0.0005187 secs]
9.804: Total time for which application threads were stopped: 0.0006480 seconds, Stopping threads took: 0.0000266 seconds
9.849: [GC (Allocation Failure)  71309K->621K(413184K), 0.0004126 secs]
9.849: Total time for which application threads were stopped: 0.0005330 seconds, Stopping threads took: 0.0000243 seconds
9.893: [GC (Allocation Failure)  70253K->653K(412160K), 0.0004977 secs]
9.894: Total time for which application threads were stopped: 0.0006124 seconds, Stopping threads took: 0.0000166 seconds
9.941: [GC (Allocation Failure)  69261K->653K(411136K), 0.0005046 secs]
9.941: Total time for which application threads were stopped: 0.0006391 seconds, Stopping threads took: 0.0000205 seconds
9.984: [GC (Allocation Failure)  68237K->653K(410112K), 0.0004871 secs]
9.985: Total time for which application threads were stopped: 0.0006230 seconds, Stopping threads took: 0.0000305 seconds
10.030: [GC (Allocation Failure)  67213K->685K(409088K), 0.0005133 secs]
10.030: Total time for which application threads were stopped: 0.0006422 seconds, Stopping threads took: 0.0000199 seconds
10.071: [GC (Allocation Failure)  66221K->621K(422400K), 0.0006374 secs]
10.072: Total time for which application threads were stopped: 0.0007618 seconds, Stopping threads took: 0.0000272 seconds
10.121: [GC (Allocation Failure)  79469K->589K(438272K), 0.0006118 secs]
10.122: Total time for which application threads were stopped: 0.0007347 seconds, Stopping threads took: 0.0000267 seconds
10.182: [GC (Allocation Failure)  95309K->685K(436736K), 0.0005815 secs]
10.182: Total time for which application threads were stopped: 0.0007245 seconds, Stopping threads took: 0.0000293 seconds
10.246: [GC (Allocation Failure)  93869K->653K(455680K), 0.0007598 secs]
10.247: Total time for which application threads were stopped: 0.0009115 seconds, Stopping threads took: 0.0000199 seconds
10.318: [GC (Allocation Failure)  112781K->589K(453120K), 0.0005454 secs]
10.318: Total time for which application threads were stopped: 0.0006897 seconds, Stopping threads took: 0.0000274 seconds
10.394: [GC (Allocation Failure)  110157K->621K(451072K), 0.0004792 secs]
10.395: Total time for which application threads were stopped: 0.0006138 seconds, Stopping threads took: 0.0000269 seconds
10.462: [GC (Allocation Failure)  108141K->589K(449024K), 0.0004516 secs]
10.462: Total time for which application threads were stopped: 0.0005768 seconds, Stopping threads took: 0.0000274 seconds
10.533: [GC (Allocation Failure)  106061K->621K(446976K), 0.0004226 secs]
10.533: Total time for which application threads were stopped: 0.0005313 seconds, Stopping threads took: 0.0000173 seconds
10.598: [GC (Allocation Failure)  104045K->589K(444928K), 0.0006560 secs]
10.599: Total time for which application threads were stopped: 0.0007797 seconds, Stopping threads took: 0.0000275 seconds
10.665: [GC (Allocation Failure)  101965K->653K(442880K), 0.0004409 secs]
10.666: Total time for which application threads were stopped: 0.0005464 seconds, Stopping threads took: 0.0000170 seconds
10.734: [GC (Allocation Failure)  99981K->653K(440832K), 0.0004166 secs]
10.734: Total time for which application threads were stopped: 0.0005466 seconds, Stopping threads took: 0.0000274 seconds
10.795: [GC (Allocation Failure)  97933K->621K(438784K), 0.0005228 secs]
10.795: Total time for which application threads were stopped: 0.0006726 seconds, Stopping threads took: 0.0000291 seconds
10.856: [GC (Allocation Failure)  95853K->717K(437248K), 0.0004004 secs]
10.857: Total time for which application threads were stopped: 0.0005212 seconds, Stopping threads took: 0.0000258 seconds
10.917: [GC (Allocation Failure)  94413K->621K(435712K), 0.0004952 secs]
10.917: Total time for which application threads were stopped: 0.0006486 seconds, Stopping threads took: 0.0000176 seconds
10.977: [GC (Allocation Failure)  92781K->653K(434176K), 0.0004347 secs]
10.977: Total time for which application threads were stopped: 0.0005526 seconds, Stopping threads took: 0.0000204 seconds
11.040: [GC (Allocation Failure)  91277K->621K(432640K), 0.0005703 secs]
11.040: Total time for which application threads were stopped: 0.0006670 seconds, Stopping threads took: 0.0000169 seconds
11.096: [GC (Allocation Failure)  89709K->621K(431104K), 0.0003910 secs]
11.096: Total time for which application threads were stopped: 0.0005005 seconds, Stopping threads took: 0.0000170 seconds
11.155: [GC (Allocation Failure)  88173K->621K(429568K), 0.0005886 secs]
11.156: Total time for which application threads were stopped: 0.0006981 seconds, Stopping threads took: 0.0000167 seconds
11.210: [GC (Allocation Failure)  86637K->685K(428032K), 0.0004643 secs]
11.210: Total time for which application threads were stopped: 0.0005837 seconds, Stopping threads took: 0.0000196 seconds
11.263: [GC (Allocation Failure)  85165K->653K(426496K), 0.0005409 secs]
11.264: Total time for which application threads were stopped: 0.0006947 seconds, Stopping threads took: 0.0000211 seconds
11.315: [GC (Allocation Failure)  83597K->653K(424960K), 0.0006406 secs]
11.316: Total time for which application threads were stopped: 0.0007942 seconds, Stopping threads took: 0.0000302 seconds
11.368: [GC (Allocation Failure)  82061K->621K(423424K), 0.0005689 secs]
11.369: Total time for which application threads were stopped: 0.0007222 seconds, Stopping threads took: 0.0000267 seconds
11.424: [GC (Allocation Failure)  80493K->685K(422400K), 0.0004758 secs]
11.425: Total time for which application threads were stopped: 0.0006048 seconds, Stopping threads took: 0.0000218 seconds
11.478: [GC (Allocation Failure)  79533K->589K(421376K), 0.0005370 secs]
11.479: Total time for which application threads were stopped: 0.0006539 seconds, Stopping threads took: 0.0000193 seconds
11.528: [GC (Allocation Failure)  78413K->653K(420352K), 0.0005556 secs]
11.528: Total time for which application threads were stopped: 0.0006747 seconds, Stopping threads took: 0.0000196 seconds
11.583: [GC (Allocation Failure)  77453K->621K(419328K), 0.0004821 secs]
11.584: Total time for which application threads were stopped: 0.0006073 seconds, Stopping threads took: 0.0000267 seconds
11.631: [GC (Allocation Failure)  76397K->621K(418304K), 0.0006757 secs]
11.632: Total time for which application threads were stopped: 0.0007989 seconds, Stopping threads took: 0.0000191 seconds
11.679: [GC (Allocation Failure)  75373K->621K(417280K), 0.0005033 secs]
11.679: Total time for which application threads were stopped: 0.0006362 seconds, Stopping threads took: 0.0000194 seconds
11.729: [GC (Allocation Failure)  74349K->653K(416256K), 0.0004870 secs]
11.730: Total time for which application threads were stopped: 0.0006127 seconds, Stopping threads took: 0.0000200 seconds
11.776: [GC (Allocation Failure)  73357K->589K(415232K), 0.0005427 secs]
11.776: Total time for which application threads were stopped: 0.0006755 seconds, Stopping threads took: 0.0000205 seconds
11.825: [GC (Allocation Failure)  72269K->653K(414208K), 0.0004732 secs]
11.826: Total time for which application threads were stopped: 0.0005932 seconds, Stopping threads took: 0.0000190 seconds
11.876: [GC (Allocation Failure)  71309K->653K(413184K), 0.0005230 secs]
11.877: Total time for which application threads were stopped: 0.0006645 seconds, Stopping threads took: 0.0000264 seconds
11.925: [GC (Allocation Failure)  70285K->589K(412160K), 0.0004799 secs]
11.926: Total time for which application threads were stopped: 0.0006203 seconds, Stopping threads took: 0.0000206 seconds
11.973: [GC (Allocation Failure)  69197K->653K(411136K), 0.0005828 secs]
11.973: Total time for which application threads were stopped: 0.0007177 seconds, Stopping threads took: 0.0000286 seconds
12.021: [GC (Allocation Failure)  68237K->717K(410112K), 0.0005421 secs]
12.022: Total time for which application threads were stopped: 0.0006785 seconds, Stopping threads took: 0.0000222 seconds
12.064: [GC (Allocation Failure)  67277K->589K(409088K), 0.0006106 secs]
12.064: Total time for which application threads were stopped: 0.0007553 seconds, Stopping threads took: 0.0000220 seconds
12.109: [GC (Allocation Failure)  66125K->653K(422400K), 0.0005611 secs]
12.109: Total time for which application threads were stopped: 0.0006991 seconds, Stopping threads took: 0.0000220 seconds
12.159: [GC (Allocation Failure)  79501K->621K(421376K), 0.0005231 secs]
12.159: Total time for which application threads were stopped: 0.0006741 seconds, Stopping threads took: 0.0000230 seconds
12.208: [GC (Allocation Failure)  78445K->653K(420352K), 0.0005175 secs]
12.209: Total time for which application threads were stopped: 0.0006589 seconds, Stopping threads took: 0.0000231 seconds
12.263: [GC (Allocation Failure)  77453K->621K(419328K), 0.0005004 secs]
12.263: Total time for which application threads were stopped: 0.0006374 seconds, Stopping threads took: 0.0000206 seconds
12.316: [GC (Allocation Failure)  76397K->589K(418304K), 0.0004505 secs]
12.317: Total time for which application threads were stopped: 0.0005831 seconds, Stopping threads took: 0.0000299 seconds
12.371: [GC (Allocation Failure)  75341K->621K(417280K), 0.0004049 secs]
12.371: Total time for which application threads were stopped: 0.0005198 seconds, Stopping threads took: 0.0000194 seconds
12.418: [GC (Allocation Failure)  74349K->653K(416256K), 0.0004723 secs]
12.418: Total time for which application threads were stopped: 0.0005954 seconds, Stopping threads took: 0.0000245 seconds
12.464: [GC (Allocation Failure)  73357K->653K(415232K), 0.0004985 secs]
12.464: Total time for which application threads were stopped: 0.0006414 seconds, Stopping threads took: 0.0000289 seconds
12.510: [GC (Allocation Failure)  72333K->653K(414208K), 0.0005072 secs]
12.510: Total time for which application threads were stopped: 0.0006435 seconds, Stopping threads took: 0.0000215 seconds
12.555: [GC (Allocation Failure)  71309K->653K(413184K), 0.0006261 secs]
12.555: Total time for which application threads were stopped: 0.0007771 seconds, Stopping threads took: 0.0000225 seconds
12.599: [GC (Allocation Failure)  70285K->621K(412160K), 0.0005189 secs]
12.600: Total time for which application threads were stopped: 0.0006459 seconds, Stopping threads took: 0.0000199 seconds
12.643: [GC (Allocation Failure)  69229K->653K(411136K), 0.0005185 secs]
12.644: Total time for which application threads were stopped: 0.0006540 seconds, Stopping threads took: 0.0000220 seconds
12.686: [GC (Allocation Failure)  68237K->621K(410112K), 0.0005168 secs]
12.687: Total time for which application threads were stopped: 0.0006594 seconds, Stopping threads took: 0.0000217 seconds
12.729: [GC (Allocation Failure)  67181K->653K(409088K), 0.0004983 secs]
12.729: Total time for which application threads were stopped: 0.0006278 seconds, Stopping threads took: 0.0000200 seconds
12.774: [GC (Allocation Failure)  66189K->621K(408064K), 0.0005446 secs]
12.775: Total time for which application threads were stopped: 0.0006504 seconds, Stopping threads took: 0.0000168 seconds
12.821: [GC (Allocation Failure)  65133K->685K(407040K), 0.0003983 secs]
12.821: Total time for which application threads were stopped: 0.0005060 seconds, Stopping threads took: 0.0000170 seconds
12.862: [GC (Allocation Failure)  64173K->621K(406016K), 0.0004209 secs]
12.862: Total time for which application threads were stopped: 0.0005496 seconds, Stopping threads took: 0.0000282 seconds
12.902: [GC (Allocation Failure)  63085K->685K(405504K), 0.0005071 secs]
12.903: Total time for which application threads were stopped: 0.0006636 seconds, Stopping threads took: 0.0000277 seconds
12.943: [GC (Allocation Failure)  62637K->653K(404992K), 0.0004544 secs]
12.943: Total time for which application threads were stopped: 0.0005735 seconds, Stopping threads took: 0.0000192 seconds
12.982: [GC (Allocation Failure)  62093K->653K(404480K), 0.0005024 secs]
12.983: Total time for which application threads were stopped: 0.0006247 seconds, Stopping threads took: 0.0000203 seconds
13.021: [GC (Allocation Failure)  61581K->653K(416768K), 0.0005285 secs]
13.022: Total time for which application threads were stopped: 0.0006465 seconds, Stopping threads took: 0.0000196 seconds
13.068: [GC (Allocation Failure)  73869K->653K(415744K), 0.0004285 secs]
13.069: Total time for which application threads were stopped: 0.0005485 seconds, Stopping threads took: 0.0000203 seconds
13.118: [GC (Allocation Failure)  72845K->589K(430592K), 0.0006631 secs]
13.118: Total time for which application threads were stopped: 0.0008209 seconds, Stopping threads took: 0.0000305 seconds
13.178: [GC (Allocation Failure)  87629K->621K(429056K), 0.0005387 secs]
13.179: Total time for which application threads were stopped: 0.0006925 seconds, Stopping threads took: 0.0000235 seconds
13.236: [GC (Allocation Failure)  86125K->621K(427520K), 0.0004984 secs]
13.237: Total time for which application threads were stopped: 0.0006425 seconds, Stopping threads took: 0.0000229 seconds
13.295: [GC (Allocation Failure)  84589K->589K(425984K), 0.0006014 secs]
13.295: Total time for which application threads were stopped: 0.0007333 seconds, Stopping threads took: 0.0000213 seconds
13.348: [GC (Allocation Failure)  83021K->621K(424448K), 0.0004937 secs]
13.349: Total time for which application threads were stopped: 0.0006156 seconds, Stopping threads took: 0.0000260 seconds
13.400: [GC (Allocation Failure)  81517K->589K(422912K), 0.0006367 secs]
13.401: Total time for which application threads were stopped: 0.0007650 seconds, Stopping threads took: 0.0000250 seconds
13.451: [GC (Allocation Failure)  79949K->653K(421888K), 0.0005323 secs]
13.452: Total time for which application threads were stopped: 0.0006628 seconds, Stopping threads took: 0.0000217 seconds
13.501: [GC (Allocation Failure)  78989K->621K(420864K), 0.0004841 secs]
13.502: Total time for which application threads were stopped: 0.0006203 seconds, Stopping threads took: 0.0000227 seconds
13.551: [GC (Allocation Failure)  77933K->653K(436736K), 0.0007953 secs]
13.551: Total time for which application threads were stopped: 0.0009452 seconds, Stopping threads took: 0.0000212 seconds
13.610: [GC (Allocation Failure)  93837K->653K(435200K), 0.0006339 secs]
13.611: Total time for which application threads were stopped: 0.0007925 seconds, Stopping threads took: 0.0000232 seconds
13.669: [GC (Allocation Failure)  92301K->589K(433664K), 0.0005009 secs]
13.669: Total time for which application threads were stopped: 0.0006571 seconds, Stopping threads took: 0.0000241 seconds
13.726: [GC (Allocation Failure)  90701K->589K(432128K), 0.0005352 secs]
13.727: Total time for which application threads were stopped: 0.0006986 seconds, Stopping threads took: 0.0000309 seconds
13.782: [GC (Allocation Failure)  89165K->621K(430592K), 0.0005030 secs]
13.783: Total time for which application threads were stopped: 0.0006247 seconds, Stopping threads took: 0.0000235 seconds
13.843: [GC (Allocation Failure)  87661K->621K(429056K), 0.0004156 secs]
13.843: Total time for which application threads were stopped: 0.0005314 seconds, Stopping threads took: 0.0000254 seconds
13.898: [GC (Allocation Failure)  86125K->685K(427520K), 0.0005314 secs]
13.899: Total time for which application threads were stopped: 0.0006734 seconds, Stopping threads took: 0.0000259 seconds
13.952: [GC (Allocation Failure)  84653K->621K(425984K), 0.0005043 secs]
13.953: Total time for which application threads were stopped: 0.0006337 seconds, Stopping threads took: 0.0000283 seconds
14.004: [GC (Allocation Failure)  83053K->621K(424448K), 0.0005769 secs]
14.005: Total time for which application threads were stopped: 0.0007011 seconds, Stopping threads took: 0.0000267 seconds
14.056: [GC (Allocation Failure)  81517K->685K(422912K), 0.0005084 secs]
14.056: Total time for which application threads were stopped: 0.0006385 seconds, Stopping threads took: 0.0000191 seconds
14.106: [GC (Allocation Failure)  80045K->621K(421888K), 0.0005382 secs]
14.107: Total time for which application threads were stopped: 0.0006582 seconds, Stopping threads took: 0.0000199 seconds
14.161: [GC (Allocation Failure)  78957K->653K(420864K), 0.0004702 secs]
14.161: Total time for which application threads were stopped: 0.0005965 seconds, Stopping threads took: 0.0000269 seconds
14.214: [GC (Allocation Failure)  77965K->653K(419840K), 0.0005913 secs]
14.214: Total time for which application threads were stopped: 0.0007095 seconds, Stopping threads took: 0.0000199 seconds
14.262: [GC (Allocation Failure)  76941K->621K(418816K), 0.0004689 secs]
14.263: Total time for which application threads were stopped: 0.0005894 seconds, Stopping threads took: 0.0000202 seconds
14.317: [GC (Allocation Failure)  75885K->685K(417792K), 0.0005339 secs]
14.318: Total time for which application threads were stopped: 0.0006606 seconds, Stopping threads took: 0.0000271 seconds
14.365: [GC (Allocation Failure)  74925K->621K(416768K), 0.0005218 secs]
14.366: Total time for which application threads were stopped: 0.0006515 seconds, Stopping threads took: 0.0000264 seconds
14.413: [GC (Allocation Failure)  73837K->653K(415744K), 0.0004063 secs]
14.413: Total time for which application threads were stopped: 0.0005332 seconds, Stopping threads took: 0.0000277 seconds
14.459: [GC (Allocation Failure)  72845K->621K(414720K), 0.0004703 secs]
14.459: Total time for which application threads were stopped: 0.0005962 seconds, Stopping threads took: 0.0000273 seconds
14.508: [GC (Allocation Failure)  71789K->653K(413696K), 0.0004586 secs]
14.509: Total time for which application threads were stopped: 0.0005819 seconds, Stopping threads took: 0.0000192 seconds
14.557: [GC (Allocation Failure)  70797K->621K(412672K), 0.0005045 secs]
14.558: Total time for which application threads were stopped: 0.0006388 seconds, Stopping threads took: 0.0000205 seconds
14.605: [GC (Allocation Failure)  69741K->589K(411648K), 0.0004665 secs]
14.605: Total time for which application threads were stopped: 0.0006136 seconds, Stopping threads took: 0.0000280 seconds
14.648: [GC (Allocation Failure)  68685K->685K(410624K), 0.0005984 secs]
14.649: Total time for which application threads were stopped: 0.0007277 seconds, Stopping threads took: 0.0000277 seconds
14.691: [GC (Allocation Failure)  67757K->621K(424448K), 0.0006281 secs]
14.692: Total time for which application threads were stopped: 0.0007475 seconds, Stopping threads took: 0.0000189 seconds
14.743: [GC (Allocation Failure)  81517K->621K(422912K), 0.0005193 secs]
14.743: Total time for which application threads were stopped: 0.0006380 seconds, Stopping threads took: 0.0000195 seconds
14.793: [GC (Allocation Failure)  79981K->685K(438784K), 0.0006455 secs]
14.794: Total time for which application threads were stopped: 0.0007712 seconds, Stopping threads took: 0.0000272 seconds
14.853: [GC (Allocation Failure)  95917K->589K(437248K), 0.0004663 secs]
14.854: Total time for which application threads were stopped: 0.0005890 seconds, Stopping threads took: 0.0000192 seconds
14.914: [GC (Allocation Failure)  94285K->589K(435712K), 0.0004900 secs]
14.915: Total time for which application threads were stopped: 0.0006049 seconds, Stopping threads took: 0.0000219 seconds
14.972: [GC (Allocation Failure)  92749K->653K(434176K), 0.0004287 secs]
14.973: Total time for which application threads were stopped: 0.0005449 seconds, Stopping threads took: 0.0000192 seconds
15.035: [GC (Allocation Failure)  91277K->621K(432640K), 0.0005560 secs]
15.036: Total time for which application threads were stopped: 0.0006655 seconds, Stopping threads took: 0.0000165 seconds
15.096: [GC (Allocation Failure)  89709K->621K(431104K), 0.0004270 secs]
15.096: Total time for which application threads were stopped: 0.0005379 seconds, Stopping threads took: 0.0000171 seconds
15.157: [GC (Allocation Failure)  88173K->589K(429568K), 0.0004919 secs]
15.157: Total time for which application threads were stopped: 0.0005982 seconds, Stopping threads took: 0.0000168 seconds
15.211: [GC (Allocation Failure)  86605K->685K(428032K), 0.0004804 secs]
15.211: Total time for which application threads were stopped: 0.0005994 seconds, Stopping threads took: 0.0000203 seconds
15.265: [GC (Allocation Failure)  85165K->653K(426496K), 0.0005254 secs]
15.265: Total time for which application threads were stopped: 0.0006570 seconds, Stopping threads took: 0.0000208 seconds
15.317: [GC (Allocation Failure)  83597K->621K(424960K), 0.0005197 secs]
15.318: Total time for which application threads were stopped: 0.0006558 seconds, Stopping threads took: 0.0000210 seconds
15.373: [GC (Allocation Failure)  82029K->621K(423424K), 0.0003603 secs]
15.374: Total time for which application threads were stopped: 0.0004928 seconds, Stopping threads took: 0.0000263 seconds
15.424: [GC (Allocation Failure)  80493K->621K(422400K), 0.0006183 secs]
15.425: Total time for which application threads were stopped: 0.0007365 seconds, Stopping threads took: 0.0000187 seconds
15.474: [GC (Allocation Failure)  79469K->589K(421376K), 0.0005421 secs]
15.475: Total time for which application threads were stopped: 0.0006649 seconds, Stopping threads took: 0.0000205 seconds
15.527: [GC (Allocation Failure)  78413K->685K(420352K), 0.0004749 secs]
15.527: Total time for which application threads were stopped: 0.0006031 seconds, Stopping threads took: 0.0000279 seconds
15.575: [GC (Allocation Failure)  77485K->653K(419328K), 0.0004881 secs]
15.576: Total time for which application threads were stopped: 0.0006136 seconds, Stopping threads took: 0.0000189 seconds
15.623: [GC (Allocation Failure)  76429K->685K(418304K), 0.0004906 secs]
15.624: Total time for which application threads were stopped: 0.0006131 seconds, Stopping threads took: 0.0000206 seconds
15.671: [GC (Allocation Failure)  75437K->621K(417280K), 0.0004989 secs]
15.672: Total time for which application threads were stopped: 0.0006513 seconds, Stopping threads took: 0.0000273 seconds
15.718: [GC (Allocation Failure)  74349K->653K(416256K), 0.0004568 secs]
15.718: Total time for which application threads were stopped: 0.0005854 seconds, Stopping threads took: 0.0000291 seconds
15.769: [GC (Allocation Failure)  73357K->685K(415232K), 0.0005118 secs]
15.770: Total time for which application threads were stopped: 0.0006399 seconds, Stopping threads took: 0.0000277 seconds
15.821: [GC (Allocation Failure)  72365K->653K(414208K), 0.0004733 secs]
15.821: Total time for which application threads were stopped: 0.0005934 seconds, Stopping threads took: 0.0000195 seconds
15.867: [GC (Allocation Failure)  71309K->653K(413184K), 0.0004100 secs]
15.867: Total time for which application threads were stopped: 0.0005297 seconds, Stopping threads took: 0.0000258 seconds
15.912: [GC (Allocation Failure)  70285K->589K(412160K), 0.0004885 secs]
15.912: Total time for which application threads were stopped: 0.0006261 seconds, Stopping threads took: 0.0000174 seconds
15.962: [GC (Allocation Failure)  69197K->685K(411136K), 0.0006041 secs]
15.962: Total time for which application threads were stopped: 0.0007142 seconds, Stopping threads took: 0.0000168 seconds
16.005: [GC (Allocation Failure)  68269K->621K(410112K), 0.0004594 secs]
16.005: Total time for which application threads were stopped: 0.0005870 seconds, Stopping threads took: 0.0000274 seconds
16.047: [GC (Allocation Failure)  67181K->653K(409088K), 0.0004940 secs]
16.048: Total time for which application threads were stopped: 0.0006316 seconds, Stopping threads took: 0.0000196 seconds
16.092: [GC (Allocation Failure)  66189K->621K(408064K), 0.0004398 secs]
16.092: Total time for which application threads were stopped: 0.0005565 seconds, Stopping threads took: 0.0000198 seconds
16.140: [GC (Allocation Failure)  65133K->621K(407040K), 0.0004855 secs]
16.140: Total time for which application threads were stopped: 0.0005950 seconds, Stopping threads took: 0.0000167 seconds
16.184: [GC (Allocation Failure)  64109K->621K(406016K), 0.0006510 secs]
16.184: Total time for which application threads were stopped: 0.0007783 seconds, Stopping threads took: 0.0000270 seconds
16.224: [GC (Allocation Failure)  63085K->685K(418816K), 0.0005509 secs]
16.225: Total time for which application threads were stopped: 0.0006854 seconds, Stopping threads took: 0.0000274 seconds
16.272: [GC (Allocation Failure)  75949K->717K(417792K), 0.0004861 secs]
16.272: Total time for which application threads were stopped: 0.0006203 seconds, Stopping threads took: 0.0000192 seconds
16.319: [GC (Allocation Failure)  74957K->653K(416768K), 0.0005690 secs]
16.320: Total time for which application threads were stopped: 0.0007176 seconds, Stopping threads took: 0.0000216 seconds
16.367: [GC (Allocation Failure)  73869K->621K(415744K), 0.0004577 secs]
16.368: Total time for which application threads were stopped: 0.0005756 seconds, Stopping threads took: 0.0000265 seconds
16.413: [GC (Allocation Failure)  72813K->653K(414720K), 0.0004826 secs]
16.414: Total time for which application threads were stopped: 0.0006252 seconds, Stopping threads took: 0.0000214 seconds
16.464: [GC (Allocation Failure)  71821K->621K(429056K), 0.0006905 secs]
16.465: Total time for which application threads were stopped: 0.0008245 seconds, Stopping threads took: 0.0000284 seconds
16.525: [GC (Allocation Failure)  86125K->589K(427520K), 0.0004474 secs]
16.525: Total time for which application threads were stopped: 0.0005638 seconds, Stopping threads took: 0.0000195 seconds
16.582: [GC (Allocation Failure)  84557K->685K(425984K), 0.0004204 secs]
16.582: Total time for which application threads were stopped: 0.0005243 seconds, Stopping threads took: 0.0000169 seconds
16.640: [GC (Allocation Failure)  83117K->621K(424448K), 0.0004969 secs]
16.640: Total time for which application threads were stopped: 0.0006701 seconds, Stopping threads took: 0.0000405 seconds
16.691: [GC (Allocation Failure)  81517K->653K(422912K), 0.0004871 secs]
16.692: Total time for which application threads were stopped: 0.0006146 seconds, Stopping threads took: 0.0000214 seconds
16.741: [GC (Allocation Failure)  80013K->621K(421888K), 0.0005958 secs]
16.742: Total time for which application threads were stopped: 0.0007151 seconds, Stopping threads took: 0.0000198 seconds
16.791: [GC (Allocation Failure)  78957K->685K(420864K), 0.0005780 secs]
16.792: Total time for which application threads were stopped: 0.0007054 seconds, Stopping threads took: 0.0000273 seconds
16.844: [GC (Allocation Failure)  77997K->621K(419840K), 0.0003895 secs]
16.844: Total time for which application threads were stopped: 0.0004832 seconds, Stopping threads took: 0.0000164 seconds
16.892: [GC (Allocation Failure)  76909K->621K(418816K), 0.0004946 secs]
16.893: Total time for which application threads were stopped: 0.0006352 seconds, Stopping threads took: 0.0000251 seconds
16.943: [GC (Allocation Failure)  75885K->653K(417792K), 0.0004524 secs]
16.943: Total time for which application threads were stopped: 0.0005706 seconds, Stopping threads took: 0.0000192 seconds
16.990: [GC (Allocation Failure)  74893K->653K(416768K), 0.0004696 secs]
16.991: Total time for which application threads were stopped: 0.0005897 seconds, Stopping threads took: 0.0000198 seconds
17.037: [GC (Allocation Failure)  73869K->717K(415744K), 0.0004971 secs]
17.037: Total time for which application threads were stopped: 0.0006170 seconds, Stopping threads took: 0.0000194 seconds
17.088: [GC (Allocation Failure)  72909K->653K(414720K), 0.0004283 secs]
17.088: Total time for which application threads were stopped: 0.0005490 seconds, Stopping threads took: 0.0000199 seconds
17.133: [GC (Allocation Failure)  71821K->621K(413696K), 0.0005409 secs]
17.134: Total time for which application threads were stopped: 0.0006467 seconds, Stopping threads took: 0.0000168 seconds
17.184: [GC (Allocation Failure)  70765K->621K(412672K), 0.0005438 secs]
17.184: Total time for which application threads were stopped: 0.0006735 seconds, Stopping threads took: 0.0000195 seconds
17.233: [GC (Allocation Failure)  69741K->653K(411648K), 0.0007425 secs]
17.234: Total time for which application threads were stopped: 0.0008808 seconds, Stopping threads took: 0.0000274 seconds
17.280: [GC (Allocation Failure)  68749K->717K(410624K), 0.0004870 secs]
17.280: Total time for which application threads were stopped: 0.0006183 seconds, Stopping threads took: 0.0000290 seconds
17.329: [GC (Allocation Failure)  67789K->621K(409600K), 0.0005472 secs]
17.329: Total time for which application threads were stopped: 0.0006668 seconds, Stopping threads took: 0.0000168 seconds
17.372: [GC (Allocation Failure)  66669K->685K(408576K), 0.0005211 secs]
17.372: Total time for which application threads were stopped: 0.0006468 seconds, Stopping threads took: 0.0000268 seconds
17.419: [GC (Allocation Failure)  65709K->653K(407552K), 0.0005288 secs]
17.420: Total time for which application threads were stopped: 0.0006718 seconds, Stopping threads took: 0.0000291 seconds
17.460: [GC (Allocation Failure)  64653K->621K(420352K), 0.0005209 secs]
17.460: Total time for which application threads were stopped: 0.0006557 seconds, Stopping threads took: 0.0000215 seconds
17.514: [GC (Allocation Failure)  77421K->621K(419328K), 0.0005223 secs]
17.515: Total time for which application threads were stopped: 0.0006701 seconds, Stopping threads took: 0.0000222 seconds
17.562: [GC (Allocation Failure)  76397K->621K(418304K), 0.0005158 secs]
17.563: Total time for which application threads were stopped: 0.0006599 seconds, Stopping threads took: 0.0000207 seconds
17.615: [GC (Allocation Failure)  75373K->621K(417280K), 0.0005386 secs]
17.615: Total time for which application threads were stopped: 0.0006779 seconds, Stopping threads took: 0.0000306 seconds
17.662: [GC (Allocation Failure)  74349K->653K(416256K), 0.0004597 secs]
17.662: Total time for which application threads were stopped: 0.0005786 seconds, Stopping threads took: 0.0000198 seconds
17.708: [GC (Allocation Failure)  73357K->621K(415232K), 0.0005536 secs]
17.708: Total time for which application threads were stopped: 0.0006710 seconds, Stopping threads took: 0.0000193 seconds
17.753: [GC (Allocation Failure)  72301K->621K(414208K), 0.0004910 secs]
17.754: Total time for which application threads were stopped: 0.0006138 seconds, Stopping threads took: 0.0000272 seconds
17.803: [GC (Allocation Failure)  71277K->653K(413184K), 0.0004493 secs]
17.803: Total time for which application threads were stopped: 0.0005685 seconds, Stopping threads took: 0.0000194 seconds
17.851: [GC (Allocation Failure)  70285K->685K(412160K), 0.0003521 secs]
17.851: Total time for which application threads were stopped: 0.0004667 seconds, Stopping threads took: 0.0000244 seconds
17.895: [GC (Allocation Failure)  69293K->621K(425984K), 0.0008646 secs]
17.896: Total time for which application threads were stopped: 0.0009934 seconds, Stopping threads took: 0.0000251 seconds
17.948: [GC (Allocation Failure)  83053K->685K(424448K), 0.0004305 secs]
17.949: Total time for which application threads were stopped: 0.0005634 seconds, Stopping threads took: 0.0000203 seconds
18.000: [GC (Allocation Failure)  81581K->589K(422912K), 0.0005532 secs]
18.000: Total time for which application threads were stopped: 0.0006914 seconds, Stopping threads took: 0.0000212 seconds
18.051: [GC (Allocation Failure)  79949K->621K(421888K), 0.0004655 secs]
18.051: Total time for which application threads were stopped: 0.0006052 seconds, Stopping threads took: 0.0000259 seconds
18.104: [GC (Allocation Failure)  78957K->653K(420864K), 0.0004313 secs]
18.105: Total time for which application threads were stopped: 0.0005545 seconds, Stopping threads took: 0.0000255 seconds
18.159: [GC (Allocation Failure)  77965K->621K(419840K), 0.0006816 secs]
18.160: Total time for which application threads were stopped: 0.0007989 seconds, Stopping threads took: 0.0000193 seconds
18.208: [GC (Allocation Failure)  76909K->685K(418816K), 0.0006738 secs]
18.208: Total time for which application threads were stopped: 0.0007911 seconds, Stopping threads took: 0.0000192 seconds
18.262: [GC (Allocation Failure)  75949K->621K(417792K), 0.0004662 secs]
18.262: Total time for which application threads were stopped: 0.0006081 seconds, Stopping threads took: 0.0000280 seconds
18.309: [GC (Allocation Failure)  74861K->685K(416768K), 0.0005209 secs]
18.310: Total time for which application threads were stopped: 0.0006568 seconds, Stopping threads took: 0.0000285 seconds
18.356: [GC (Allocation Failure)  73901K->717K(415744K), 0.0004322 secs]
18.357: Total time for which application threads were stopped: 0.0005748 seconds, Stopping threads took: 0.0000267 seconds
18.402: [GC (Allocation Failure)  72909K->653K(414720K), 0.0004920 secs]
18.402: Total time for which application threads were stopped: 0.0006324 seconds, Stopping threads took: 0.0000264 seconds
18.452: [GC (Allocation Failure)  71821K->653K(413696K), 0.0005256 secs]
18.453: Total time for which application threads were stopped: 0.0006653 seconds, Stopping threads took: 0.0000294 seconds
18.497: [GC (Allocation Failure)  70797K->685K(428032K), 0.0006932 secs]
18.498: Total time for which application threads were stopped: 0.0008224 seconds, Stopping threads took: 0.0000218 seconds
18.556: [GC (Allocation Failure)  85165K->621K(426496K), 0.0005268 secs]
18.556: Total time for which application threads were stopped: 0.0006758 seconds, Stopping threads took: 0.0000219 seconds
18.609: [GC (Allocation Failure)  83565K->621K(424960K), 0.0004781 secs]
18.609: Total time for which application threads were stopped: 0.0005880 seconds, Stopping threads took: 0.0000177 seconds
18.667: [GC (Allocation Failure)  82029K->653K(423424K), 0.0004615 secs]
18.667: Total time for which application threads were stopped: 0.0005901 seconds, Stopping threads took: 0.0000286 seconds
18.717: [GC (Allocation Failure)  80525K->685K(422400K), 0.0005263 secs]
18.718: Total time for which application threads were stopped: 0.0006712 seconds, Stopping threads took: 0.0000285 seconds
18.767: [GC (Allocation Failure)  79533K->621K(421376K), 0.0004624 secs]
18.768: Total time for which application threads were stopped: 0.0006002 seconds, Stopping threads took: 0.0000305 seconds
18.823: [GC (Allocation Failure)  78445K->653K(420352K), 0.0004523 secs]
18.823: Total time for which application threads were stopped: 0.0005693 seconds, Stopping threads took: 0.0000196 seconds
18.872: [GC (Allocation Failure)  77453K->621K(419328K), 0.0004681 secs]
18.873: Total time for which application threads were stopped: 0.0006088 seconds, Stopping threads took: 0.0000279 seconds
18.921: [GC (Allocation Failure)  76397K->621K(418304K), 0.0004571 secs]
18.922: Total time for which application threads were stopped: 0.0005838 seconds, Stopping threads took: 0.0000275 seconds
18.969: [GC (Allocation Failure)  75373K->589K(417280K), 0.0005186 secs]
18.969: Total time for which application threads were stopped: 0.0006579 seconds, Stopping threads took: 0.0000277 seconds
19.020: [GC (Allocation Failure)  74317K->653K(416256K), 0.0005116 secs]
19.021: Total time for which application threads were stopped: 0.0006500 seconds, Stopping threads took: 0.0000212 seconds
19.067: [GC (Allocation Failure)  73357K->685K(415232K), 0.0006309 secs]
19.067: Total time for which application threads were stopped: 0.0007689 seconds, Stopping threads took: 0.0000217 seconds
19.119: [GC (Allocation Failure)  72365K->653K(414208K), 0.0006246 secs]
19.119: Total time for which application threads were stopped: 0.0007845 seconds, Stopping threads took: 0.0000320 seconds
19.164: [GC (Allocation Failure)  71309K->653K(413184K), 0.0005453 secs]
19.164: Total time for which application threads were stopped: 0.0006912 seconds, Stopping threads took: 0.0000230 seconds
19.208: [GC (Allocation Failure)  70285K->653K(412160K), 0.0005354 secs]
19.208: Total time for which application threads were stopped: 0.0006828 seconds, Stopping threads took: 0.0000234 seconds
19.252: [GC (Allocation Failure)  69261K->653K(411136K), 0.0004949 secs]
19.252: Total time for which application threads were stopped: 0.0006325 seconds, Stopping threads took: 0.0000221 seconds
19.295: [GC (Allocation Failure)  68237K->653K(410112K), 0.0004797 secs]
19.295: Total time for which application threads were stopped: 0.0005989 seconds, Stopping threads took: 0.0000190 seconds
19.337: [GC (Allocation Failure)  67213K->621K(423424K), 0.0005705 secs]
19.338: Total time for which application threads were stopped: 0.0007112 seconds, Stopping threads took: 0.0000208 seconds
19.393: [GC (Allocation Failure)  80493K->685K(422400K), 0.0004564 secs]
19.394: Total time for which application threads were stopped: 0.0005859 seconds, Stopping threads took: 0.0000267 seconds
19.443: [GC (Allocation Failure)  79533K->653K(438272K), 0.0007329 secs]
19.444: Total time for which application threads were stopped: 0.0008594 seconds, Stopping threads took: 0.0000200 seconds
19.503: [GC (Allocation Failure)  95373K->621K(436736K), 0.0005531 secs]
19.504: Total time for which application threads were stopped: 0.0007010 seconds, Stopping threads took: 0.0000298 seconds
19.568: [GC (Allocation Failure)  93805K->621K(435200K), 0.0005603 secs]
19.568: Total time for which application threads were stopped: 0.0006996 seconds, Stopping threads took: 0.0000216 seconds
19.632: [GC (Allocation Failure)  92269K->653K(433664K), 0.0005114 secs]
19.632: Total time for which application threads were stopped: 0.0006646 seconds, Stopping threads took: 0.0000300 seconds
19.692: [GC (Allocation Failure)  90765K->653K(432128K), 0.0005145 secs]
19.692: Total time for which application threads were stopped: 0.0006548 seconds, Stopping threads took: 0.0000219 seconds
19.754: [GC (Allocation Failure)  89229K->589K(430592K), 0.0005704 secs]
19.755: Total time for which application threads were stopped: 0.0007089 seconds, Stopping threads took: 0.0000299 seconds
19.809: [GC (Allocation Failure)  87629K->621K(429056K), 0.0006230 secs]
19.810: Total time for which application threads were stopped: 0.0007529 seconds, Stopping threads took: 0.0000201 seconds
19.870: [GC (Allocation Failure)  86125K->621K(427520K), 0.0004635 secs]
19.871: Total time for which application threads were stopped: 0.0005833 seconds, Stopping threads took: 0.0000258 seconds
19.924: [GC (Allocation Failure)  84589K->653K(425984K), 0.0004690 secs]
19.925: Total time for which application threads were stopped: 0.0005968 seconds, Stopping threads took: 0.0000271 seconds
19.976: [GC (Allocation Failure)  83085K->653K(424448K), 0.0004730 secs]
19.977: Total time for which application threads were stopped: 0.0006145 seconds, Stopping threads took: 0.0000213 seconds
20.034: [GC (Allocation Failure)  81549K->621K(422912K), 0.0005569 secs]
20.034: Total time for which application threads were stopped: 0.0006845 seconds, Stopping threads took: 0.0000274 seconds
20.084: [GC (Allocation Failure)  79981K->685K(421888K), 0.0004674 secs]
20.085: Total time for which application threads were stopped: 0.0005908 seconds, Stopping threads took: 0.0000275 seconds
20.134: [GC (Allocation Failure)  79021K->653K(420864K), 0.0004658 secs]
20.135: Total time for which application threads were stopped: 0.0005923 seconds, Stopping threads took: 0.0000272 seconds
20.183: [GC (Allocation Failure)  77965K->621K(419840K), 0.0005128 secs]
20.184: Total time for which application threads were stopped: 0.0006370 seconds, Stopping threads took: 0.0000269 seconds
20.231: [GC (Allocation Failure)  76909K->621K(418816K), 0.0005010 secs]
20.232: Total time for which application threads were stopped: 0.0006266 seconds, Stopping threads took: 0.0000270 seconds
20.286: [GC (Allocation Failure)  75885K->653K(417792K), 0.0004718 secs]
20.286: Total time for which application threads were stopped: 0.0005976 seconds, Stopping threads took: 0.0000274 seconds
20.338: [GC (Allocation Failure)  74893K->653K(416768K), 0.0005072 secs]
20.339: Total time for which application threads were stopped: 0.0006415 seconds, Stopping threads took: 0.0000200 seconds
20.389: [GC (Allocation Failure)  73869K->621K(415744K), 0.0005129 secs]
20.389: Total time for which application threads were stopped: 0.0006520 seconds, Stopping threads took: 0.0000225 seconds
20.435: [GC (Allocation Failure)  72813K->717K(414720K), 0.0005285 secs]
20.435: Total time for which application threads were stopped: 0.0007237 seconds, Stopping threads took: 0.0000306 seconds
20.484: [GC (Allocation Failure)  71885K->653K(413696K), 0.0005247 secs]
20.485: Total time for which application threads were stopped: 0.0006624 seconds, Stopping threads took: 0.0000221 seconds
20.529: [GC (Allocation Failure)  70797K->621K(412672K), 0.0004911 secs]
20.530: Total time for which application threads were stopped: 0.0006297 seconds, Stopping threads took: 0.0000219 seconds
20.574: [GC (Allocation Failure)  69741K->653K(411648K), 0.0005695 secs]
20.574: Total time for which application threads were stopped: 0.0007099 seconds, Stopping threads took: 0.0000225 seconds
20.617: [GC (Allocation Failure)  68749K->621K(410624K), 0.0005633 secs]
20.618: Total time for which application threads were stopped: 0.0007060 seconds, Stopping threads took: 0.0000201 seconds
20.660: [GC (Allocation Failure)  67693K->685K(409600K), 0.0005363 secs]
20.661: Total time for which application threads were stopped: 0.0007061 seconds, Stopping threads took: 0.0000303 seconds
20.703: [GC (Allocation Failure)  66733K->653K(422912K), 0.0007834 secs]
20.704: Total time for which application threads were stopped: 0.0009106 seconds, Stopping threads took: 0.0000196 seconds
20.754: [GC (Allocation Failure)  80013K->621K(438784K), 0.0005021 secs]
20.754: Total time for which application threads were stopped: 0.0006287 seconds, Stopping threads took: 0.0000302 seconds
20.819: [GC (Allocation Failure)  95853K->685K(458240K), 0.0007127 secs]
20.820: Total time for which application threads were stopped: 0.0008285 seconds, Stopping threads took: 0.0000195 seconds
20.898: [GC (Allocation Failure)  115373K->621K(455680K), 0.0004392 secs]
20.898: Total time for which application threads were stopped: 0.0005513 seconds, Stopping threads took: 0.0000233 seconds
20.969: [GC (Allocation Failure)  112749K->653K(453120K), 0.0004567 secs]
20.970: Total time for which application threads were stopped: 0.0005656 seconds, Stopping threads took: 0.0000175 seconds
21.038: [GC (Allocation Failure)  110221K->685K(451072K), 0.0004676 secs]
21.039: Total time for which application threads were stopped: 0.0005865 seconds, Stopping threads took: 0.0000196 seconds
21.106: [GC (Allocation Failure)  108205K->589K(449024K), 0.0006006 secs]
21.107: Total time for which application threads were stopped: 0.0007282 seconds, Stopping threads took: 0.0000221 seconds
21.178: [GC (Allocation Failure)  106061K->621K(446976K), 0.0005385 secs]
21.179: Total time for which application threads were stopped: 0.0006628 seconds, Stopping threads took: 0.0000189 seconds
21.248: [GC (Allocation Failure)  104045K->685K(444928K), 0.0005485 secs]
21.249: Total time for which application threads were stopped: 0.0006662 seconds, Stopping threads took: 0.0000192 seconds
21.312: [GC (Allocation Failure)  102061K->653K(442880K), 0.0004900 secs]
21.313: Total time for which application threads were stopped: 0.0006315 seconds, Stopping threads took: 0.0000260 seconds
21.381: [GC (Allocation Failure)  99981K->653K(440832K), 0.0004629 secs]
21.382: Total time for which application threads were stopped: 0.0005880 seconds, Stopping threads took: 0.0000263 seconds
21.443: [GC (Allocation Failure)  97933K->621K(438784K), 0.0005231 secs]
21.443: Total time for which application threads were stopped: 0.0006419 seconds, Stopping threads took: 0.0000195 seconds
21.503: [GC (Allocation Failure)  95853K->653K(437248K), 0.0004810 secs]
21.503: Total time for which application threads were stopped: 0.0005969 seconds, Stopping threads took: 0.0000191 seconds
21.566: [GC (Allocation Failure)  94349K->653K(435712K), 0.0004716 secs]
21.566: Total time for which application threads were stopped: 0.0005997 seconds, Stopping threads took: 0.0000277 seconds
21.624: [GC (Allocation Failure)  92813K->589K(434176K), 0.0005862 secs]
21.624: Total time for which application threads were stopped: 0.0007217 seconds, Stopping threads took: 0.0000194 seconds
21.687: [GC (Allocation Failure)  91213K->621K(432640K), 0.0005078 secs]
21.688: Total time for which application threads were stopped: 0.0006581 seconds, Stopping threads took: 0.0000275 seconds
21.751: [GC (Allocation Failure)  89709K->621K(431104K), 0.0004607 secs]
21.751: Total time for which application threads were stopped: 0.0006069 seconds, Stopping threads took: 0.0000284 seconds
21.812: [GC (Allocation Failure)  88173K->621K(429568K), 0.0004654 secs]
21.813: Total time for which application threads were stopped: 0.0005621 seconds, Stopping threads took: 0.0000170 seconds
21.867: [GC (Allocation Failure)  86637K->653K(428032K), 0.0004551 secs]
21.868: Total time for which application threads were stopped: 0.0005811 seconds, Stopping threads took: 0.0000261 seconds
21.922: [GC (Allocation Failure)  85133K->621K(426496K), 0.0004881 secs]
21.922: Total time for which application threads were stopped: 0.0006159 seconds, Stopping threads took: 0.0000267 seconds
21.979: [GC (Allocation Failure)  83565K->621K(424960K), 0.0004347 secs]
21.979: Total time for which application threads were stopped: 0.0005544 seconds, Stopping threads took: 0.0000201 seconds
22.036: [GC (Allocation Failure)  82029K->653K(423424K), 0.0004771 secs]
22.037: Total time for which application threads were stopped: 0.0006006 seconds, Stopping threads took: 0.0000274 seconds
22.087: [GC (Allocation Failure)  80525K->621K(422400K), 0.0005381 secs]
22.087: Total time for which application threads were stopped: 0.0006622 seconds, Stopping threads took: 0.0000268 seconds
22.141: [GC (Allocation Failure)  79469K->685K(421376K), 0.0006572 secs]
22.142: Total time for which application threads were stopped: 0.0007903 seconds, Stopping threads took: 0.0000190 seconds
22.196: [GC (Allocation Failure)  78509K->621K(420352K), 0.0004827 secs]
22.197: Total time for which application threads were stopped: 0.0006071 seconds, Stopping threads took: 0.0000193 seconds
22.245: [GC (Allocation Failure)  77421K->621K(419328K), 0.0005363 secs]
22.246: Total time for which application threads were stopped: 0.0006543 seconds, Stopping threads took: 0.0000197 seconds
22.293: [GC (Allocation Failure)  76397K->685K(418304K), 0.0004555 secs]
22.294: Total time for which application threads were stopped: 0.0005700 seconds, Stopping threads took: 0.0000197 seconds
22.341: [GC (Allocation Failure)  75437K->621K(417280K), 0.0005322 secs]
22.341: Total time for which application threads were stopped: 0.0006566 seconds, Stopping threads took: 0.0000273 seconds
22.391: [GC (Allocation Failure)  74349K->621K(416256K), 0.0005657 secs]
22.392: Total time for which application threads were stopped: 0.0007104 seconds, Stopping threads took: 0.0000264 seconds
22.439: [GC (Allocation Failure)  73325K->621K(415232K), 0.0005862 secs]
22.439: Total time for which application threads were stopped: 0.0007429 seconds, Stopping threads took: 0.0000288 seconds
22.490: [GC (Allocation Failure)  72301K->653K(414208K), 0.0004774 secs]
22.490: Total time for which application threads were stopped: 0.0006051 seconds, Stopping threads took: 0.0000279 seconds
22.535: [GC (Allocation Failure)  71309K->621K(413184K), 0.0004935 secs]
22.535: Total time for which application threads were stopped: 0.0006202 seconds, Stopping threads took: 0.0000268 seconds
22.579: [GC (Allocation Failure)  70253K->589K(412160K), 0.0006038 secs]
22.580: Total time for which application threads were stopped: 0.0007591 seconds, Stopping threads took: 0.0000195 seconds
22.623: [GC (Allocation Failure)  69197K->621K(411136K), 0.0005053 secs]
22.623: Total time for which application threads were stopped: 0.0006242 seconds, Stopping threads took: 0.0000174 seconds
22.666: [GC (Allocation Failure)  68205K->685K(410112K), 0.0005111 secs]
22.666: Total time for which application threads were stopped: 0.0006610 seconds, Stopping threads took: 0.0000297 seconds
22.714: [GC (Allocation Failure)  67245K->621K(423424K), 0.0006247 secs]
22.715: Total time for which application threads were stopped: 0.0007594 seconds, Stopping threads took: 0.0000281 seconds
22.769: [GC (Allocation Failure)  80493K->653K(439808K), 0.0006776 secs]
22.770: Total time for which application threads were stopped: 0.0008057 seconds, Stopping threads took: 0.0000269 seconds
22.830: [GC (Allocation Failure)  96909K->621K(437760K), 0.0005002 secs]
22.831: Total time for which application threads were stopped: 0.0007651 seconds, Stopping threads took: 0.0000202 seconds
22.891: [GC (Allocation Failure)  94829K->589K(436224K), 0.0004249 secs]
22.892: Total time for which application threads were stopped: 0.0005659 seconds, Stopping threads took: 0.0000251 seconds
22.953: [GC (Allocation Failure)  93261K->717K(434688K), 0.0005995 secs]
22.954: Total time for which application threads were stopped: 0.0007295 seconds, Stopping threads took: 0.0000278 seconds
23.011: [GC (Allocation Failure)  91853K->589K(433152K), 0.0004965 secs]
23.012: Total time for which application threads were stopped: 0.0006328 seconds, Stopping threads took: 0.0000199 seconds
23.074: [GC (Allocation Failure)  90189K->589K(431616K), 0.0005504 secs]
23.075: Total time for which application threads were stopped: 0.0006895 seconds, Stopping threads took: 0.0000210 seconds
23.136: [GC (Allocation Failure)  88653K->589K(430080K), 0.0005231 secs]
23.136: Total time for which application threads were stopped: 0.0006693 seconds, Stopping threads took: 0.0000220 seconds
23.191: [GC (Allocation Failure)  87117K->557K(428544K), 0.0005772 secs]
23.191: Total time for which application threads were stopped: 0.0007054 seconds, Stopping threads took: 0.0000281 seconds
23.249: [GC (Allocation Failure)  85549K->621K(427008K), 0.0005155 secs]
23.249: Total time for which application threads were stopped: 0.0006539 seconds, Stopping threads took: 0.0000277 seconds
23.302: [GC (Allocation Failure)  84077K->589K(425472K), 0.0005096 secs]
23.302: Total time for which application threads were stopped: 0.0006519 seconds, Stopping threads took: 0.0000288 seconds
23.359: [GC (Allocation Failure)  82509K->653K(423936K), 0.0007166 secs]
23.360: Total time for which application threads were stopped: 0.0008475 seconds, Stopping threads took: 0.0000275 seconds
23.411: [GC (Allocation Failure)  81037K->653K(422400K), 0.0004558 secs]
23.411: Total time for which application threads were stopped: 0.0005894 seconds, Stopping threads took: 0.0000193 seconds
23.467: [GC (Allocation Failure)  79501K->685K(421376K), 0.0004866 secs]
23.468: Total time for which application threads were stopped: 0.0006120 seconds, Stopping threads took: 0.0000269 seconds
23.517: [GC (Allocation Failure)  78509K->653K(420352K), 0.0004831 secs]
23.517: Total time for which application threads were stopped: 0.0006105 seconds, Stopping threads took: 0.0000279 seconds
23.565: [GC (Allocation Failure)  77453K->621K(419328K), 0.0005306 secs]
23.566: Total time for which application threads were stopped: 0.0006560 seconds, Stopping threads took: 0.0000272 seconds
23.614: [GC (Allocation Failure)  76397K->621K(418304K), 0.0005168 secs]
23.614: Total time for which application threads were stopped: 0.0006360 seconds, Stopping threads took: 0.0000203 seconds
23.666: [GC (Allocation Failure)  75373K->589K(417280K), 0.0005149 secs]
23.667: Total time for which application threads were stopped: 0.0006432 seconds, Stopping threads took: 0.0000280 seconds
23.713: [GC (Allocation Failure)  74317K->621K(416256K), 0.0005464 secs]
23.714: Total time for which application threads were stopped: 0.0006653 seconds, Stopping threads took: 0.0000204 seconds
23.759: [GC (Allocation Failure)  73325K->717K(415232K), 0.0006273 secs]
23.760: Total time for which application threads were stopped: 0.0007554 seconds, Stopping threads took: 0.0000267 seconds
23.805: [GC (Allocation Failure)  72397K->653K(414208K), 0.0004696 secs]
23.806: Total time for which application threads were stopped: 0.0005933 seconds, Stopping threads took: 0.0000195 seconds
23.850: [GC (Allocation Failure)  71309K->653K(413184K), 0.0005104 secs]
23.851: Total time for which application threads were stopped: 0.0006366 seconds, Stopping threads took: 0.0000205 seconds
23.896: [GC (Allocation Failure)  70285K->653K(412160K), 0.0004934 secs]
23.896: Total time for which application threads were stopped: 0.0006084 seconds, Stopping threads took: 0.0000235 seconds
23.940: [GC (Allocation Failure)  69261K->621K(425984K), 0.0006408 secs]
23.941: Total time for which application threads were stopped: 0.0007715 seconds, Stopping threads took: 0.0000207 seconds
23.992: [GC (Allocation Failure)  83053K->653K(424448K), 0.0004949 secs]
23.993: Total time for which application threads were stopped: 0.0006438 seconds, Stopping threads took: 0.0000289 seconds
24.049: [GC (Allocation Failure)  81549K->685K(422912K), 0.0004630 secs]
24.050: Total time for which application threads were stopped: 0.0005869 seconds, Stopping threads took: 0.0000211 seconds
24.100: [GC (Allocation Failure)  80045K->621K(421888K), 0.0003991 secs]
24.100: Total time for which application threads were stopped: 0.0005040 seconds, Stopping threads took: 0.0000168 seconds
24.150: [GC (Allocation Failure)  78957K->653K(420864K), 0.0006656 secs]
24.151: Total time for which application threads were stopped: 0.0007903 seconds, Stopping threads took: 0.0000277 seconds
24.199: [GC (Allocation Failure)  77965K->621K(419840K), 0.0004538 secs]
24.200: Total time for which application threads were stopped: 0.0005722 seconds, Stopping threads took: 0.0000199 seconds
24.248: [GC (Allocation Failure)  76909K->653K(418816K), 0.0005011 secs]
24.249: Total time for which application threads were stopped: 0.0006496 seconds, Stopping threads took: 0.0000292 seconds
24.302: [GC (Allocation Failure)  75917K->589K(417792K), 0.0004759 secs]
24.302: Total time for which application threads were stopped: 0.0006087 seconds, Stopping threads took: 0.0000294 seconds
24.355: [GC (Allocation Failure)  74829K->589K(416768K), 0.0004205 secs]
24.356: Total time for which application threads were stopped: 0.0005362 seconds, Stopping threads took: 0.0000184 seconds
24.406: [GC (Allocation Failure)  73805K->717K(415744K), 0.0006107 secs]
24.407: Total time for which application threads were stopped: 0.0007405 seconds, Stopping threads took: 0.0000277 seconds
24.452: [GC (Allocation Failure)  72909K->685K(414720K), 0.0004570 secs]
24.453: Total time for which application threads were stopped: 0.0005805 seconds, Stopping threads took: 0.0000277 seconds
24.502: [GC (Allocation Failure)  71853K->589K(413696K), 0.0006372 secs]
24.503: Total time for which application threads were stopped: 0.0007562 seconds, Stopping threads took: 0.0000199 seconds
24.547: [GC (Allocation Failure)  70733K->589K(428032K), 0.0007045 secs]
24.548: Total time for which application threads were stopped: 0.0008241 seconds, Stopping threads took: 0.0000198 seconds
24.601: [GC (Allocation Failure)  85069K->621K(426496K), 0.0004851 secs]
24.602: Total time for which application threads were stopped: 0.0006058 seconds, Stopping threads took: 0.0000257 seconds
24.654: [GC (Allocation Failure)  83565K->653K(424960K), 0.0005779 secs]
24.655: Total time for which application threads were stopped: 0.0007126 seconds, Stopping threads took: 0.0000204 seconds
24.711: [GC (Allocation Failure)  82061K->653K(423424K), 0.0004700 secs]
24.712: Total time for which application threads were stopped: 0.0006064 seconds, Stopping threads took: 0.0000217 seconds
24.762: [GC (Allocation Failure)  80525K->589K(422400K), 0.0004290 secs]
24.762: Total time for which application threads were stopped: 0.0005551 seconds, Stopping threads took: 0.0000209 seconds
24.812: [GC (Allocation Failure)  79437K->653K(421376K), 0.0005739 secs]
24.812: Total time for which application threads were stopped: 0.0006936 seconds, Stopping threads took: 0.0000200 seconds
24.866: [GC (Allocation Failure)  78477K->621K(420352K), 0.0003913 secs]
24.866: Total time for which application threads were stopped: 0.0005174 seconds, Stopping threads took: 0.0000269 seconds
24.916: [GC (Allocation Failure)  77421K->589K(419328K), 0.0004369 secs]
24.917: Total time for which application threads were stopped: 0.0005751 seconds, Stopping threads took: 0.0000228 seconds
24.964: [GC (Allocation Failure)  76365K->685K(418304K), 0.0006223 secs]
24.965: Total time for which application threads were stopped: 0.0007506 seconds, Stopping threads took: 0.0000287 seconds
25.016: [GC (Allocation Failure)  75437K->621K(417280K), 0.0004770 secs]
25.017: Total time for which application threads were stopped: 0.0005958 seconds, Stopping threads took: 0.0000250 seconds
25.063: [GC (Allocation Failure)  74349K->621K(416256K), 0.0005390 secs]
25.064: Total time for which application threads were stopped: 0.0006770 seconds, Stopping threads took: 0.0000203 seconds
25.116: [GC (Allocation Failure)  73325K->653K(415232K), 0.0005058 secs]
25.116: Total time for which application threads were stopped: 0.0006488 seconds, Stopping threads took: 0.0000299 seconds
25.161: [GC (Allocation Failure)  72333K->621K(414208K), 0.0004955 secs]
25.162: Total time for which application threads were stopped: 0.0006233 seconds, Stopping threads took: 0.0000217 seconds
25.210: [GC (Allocation Failure)  71277K->653K(413184K), 0.0005413 secs]
25.211: Total time for which application threads were stopped: 0.0006594 seconds, Stopping threads took: 0.0000189 seconds
25.260: [GC (Allocation Failure)  70285K->685K(412160K), 0.0005662 secs]
25.261: Total time for which application threads were stopped: 0.0007018 seconds, Stopping threads took: 0.0000201 seconds
25.308: [GC (Allocation Failure)  69293K->621K(411136K), 0.0004514 secs]
25.309: Total time for which application threads were stopped: 0.0005664 seconds, Stopping threads took: 0.0000166 seconds
25.351: [GC (Allocation Failure)  68205K->589K(410112K), 0.0005459 secs]
25.352: Total time for which application threads were stopped: 0.0006748 seconds, Stopping threads took: 0.0000212 seconds
25.400: [GC (Allocation Failure)  67149K->589K(409088K), 0.0004706 secs]
25.400: Total time for which application threads were stopped: 0.0006064 seconds, Stopping threads took: 0.0000258 seconds
25.448: [GC (Allocation Failure)  66125K->589K(408064K), 0.0006769 secs]
25.449: Total time for which application threads were stopped: 0.0008142 seconds, Stopping threads took: 0.0000267 seconds
25.495: [GC (Allocation Failure)  65101K->653K(421376K), 0.0006375 secs]
25.496: Total time for which application threads were stopped: 0.0007806 seconds, Stopping threads took: 0.0000300 seconds
25.551: [GC (Allocation Failure)  78477K->589K(420352K), 0.0005265 secs]
25.551: Total time for which application threads were stopped: 0.0006487 seconds, Stopping threads took: 0.0000211 seconds
25.603: [GC (Allocation Failure)  77389K->621K(419328K), 0.0005369 secs]
25.604: Total time for which application threads were stopped: 0.0006883 seconds, Stopping threads took: 0.0000274 seconds
25.655: [GC (Allocation Failure)  76397K->621K(418304K), 0.0004842 secs]
25.656: Total time for which application threads were stopped: 0.0006251 seconds, Stopping threads took: 0.0000219 seconds
25.703: [GC (Allocation Failure)  75373K->621K(417280K), 0.0004736 secs]
25.703: Total time for which application threads were stopped: 0.0006101 seconds, Stopping threads took: 0.0000286 seconds
25.757: [GC (Allocation Failure)  74349K->653K(416256K), 0.0004569 secs]
25.757: Total time for which application threads were stopped: 0.0005817 seconds, Stopping threads took: 0.0000271 seconds
25.808: [GC (Allocation Failure)  73357K->621K(415232K), 0.0005515 secs]
25.809: Total time for which application threads were stopped: 0.0006804 seconds, Stopping threads took: 0.0000191 seconds
25.854: [GC (Allocation Failure)  72301K->621K(414208K), 0.0004396 secs]
25.855: Total time for which application threads were stopped: 0.0005605 seconds, Stopping threads took: 0.0000263 seconds
25.900: [GC (Allocation Failure)  71277K->621K(428544K), 0.0050742 secs]
25.905: Total time for which application threads were stopped: 0.0052185 seconds, Stopping threads took: 0.0000191 seconds
25.959: [GC (Allocation Failure)  85613K->589K(445952K), 0.0006062 secs]
25.960: Total time for which application threads were stopped: 0.0007258 seconds, Stopping threads took: 0.0000192 seconds
26.027: [GC (Allocation Failure)  102989K->621K(466432K), 0.0004865 secs]
26.027: Total time for which application threads were stopped: 0.0005978 seconds, Stopping threads took: 0.0000175 seconds
26.108: [GC (Allocation Failure)  123501K->653K(491008K), 0.0004580 secs]
26.108: Total time for which application threads were stopped: 0.0005806 seconds, Stopping threads took: 0.0000196 seconds
26.200: [GC (Allocation Failure)  148109K->653K(520704K), 0.0005993 secs]
26.201: Total time for which application threads were stopped: 0.0007207 seconds, Stopping threads took: 0.0000195 seconds
26.311: [GC (Allocation Failure)  177805K->653K(556544K), 0.0005374 secs]
26.312: Total time for which application threads were stopped: 0.0006583 seconds, Stopping threads took: 0.0000197 seconds
26.445: [GC (Allocation Failure)  213645K->621K(550400K), 0.0004806 secs]
26.445: Total time for which application threads were stopped: 0.0006152 seconds, Stopping threads took: 0.0000251 seconds
26.579: [GC (Allocation Failure)  207469K->653K(544256K), 0.0005797 secs]
26.580: Total time for which application threads were stopped: 0.0007010 seconds, Stopping threads took: 0.0000197 seconds
26.704: [GC (Allocation Failure)  201357K->653K(584704K), 0.0032663 secs]
26.708: Total time for which application threads were stopped: 0.0033895 seconds, Stopping threads took: 0.0000266 seconds
26.860: [GC (Allocation Failure)  241805K->621K(577024K), 0.0003646 secs]
26.860: Total time for which application threads were stopped: 0.0004729 seconds, Stopping threads took: 0.0000241 seconds
27.007: [GC (Allocation Failure)  234093K->589K(569856K), 0.0004621 secs]
27.008: Total time for which application threads were stopped: 0.0006088 seconds, Stopping threads took: 0.0000270 seconds
27.148: [GC (Allocation Failure)  226893K->653K(562688K), 0.0004675 secs]
27.148: Total time for which application threads were stopped: 0.0005875 seconds, Stopping threads took: 0.0000194 seconds
27.285: [GC (Allocation Failure)  219789K->621K(556032K), 0.0006008 secs]
27.285: Total time for which application threads were stopped: 0.0007184 seconds, Stopping threads took: 0.0000192 seconds
27.419: [GC (Allocation Failure)  213101K->653K(549888K), 0.0004394 secs]
27.419: Total time for which application threads were stopped: 0.0005609 seconds, Stopping threads took: 0.0000259 seconds
27.551: [GC (Allocation Failure)  206989K->653K(543744K), 0.0005565 secs]
27.551: Total time for which application threads were stopped: 0.0006771 seconds, Stopping threads took: 0.0000196 seconds
27.676: [GC (Allocation Failure)  200845K->653K(538112K), 0.0004839 secs]
27.676: Total time for which application threads were stopped: 0.0006089 seconds, Stopping threads took: 0.0000189 seconds
27.797: [GC (Allocation Failure)  195213K->653K(532480K), 0.0005352 secs]
27.798: Total time for which application threads were stopped: 0.0006625 seconds, Stopping threads took: 0.0000277 seconds
27.919: [GC (Allocation Failure)  189581K->653K(527360K), 0.0004291 secs]
27.919: Total time for which application threads were stopped: 0.0005473 seconds, Stopping threads took: 0.0000182 seconds
28.034: [GC (Allocation Failure)  184461K->653K(522240K), 0.0004721 secs]
28.034: Total time for which application threads were stopped: 0.0005922 seconds, Stopping threads took: 0.0000199 seconds
28.146: [GC (Allocation Failure)  179341K->589K(517120K), 0.0006154 secs]
28.146: Total time for which application threads were stopped: 0.0007494 seconds, Stopping threads took: 0.0000195 seconds
28.254: [GC (Allocation Failure)  174157K->653K(512512K), 0.0006034 secs]
28.255: Total time for which application threads were stopped: 0.0007601 seconds, Stopping threads took: 0.0000299 seconds
28.368: [GC (Allocation Failure)  169613K->653K(507904K), 0.0004111 secs]
28.368: Total time for which application threads were stopped: 0.0005305 seconds, Stopping threads took: 0.0000258 seconds
28.472: [GC (Allocation Failure)  165005K->621K(503808K), 0.0005050 secs]
28.473: Total time for which application threads were stopped: 0.0006425 seconds, Stopping threads took: 0.0000210 seconds
28.573: [GC (Allocation Failure)  160877K->653K(499712K), 0.0005569 secs]
28.574: Total time for which application threads were stopped: 0.0006837 seconds, Stopping threads took: 0.0000230 seconds
28.676: [GC (Allocation Failure)  156813K->621K(495616K), 0.0005102 secs]
28.677: Total time for which application threads were stopped: 0.0006448 seconds, Stopping threads took: 0.0000196 seconds
28.778: [GC (Allocation Failure)  152685K->653K(491520K), 0.0004826 secs]
28.778: Total time for which application threads were stopped: 0.0006048 seconds, Stopping threads took: 0.0000202 seconds
28.871: [GC (Allocation Failure)  148621K->653K(487936K), 0.0004196 secs]
28.871: Total time for which application threads were stopped: 0.0005637 seconds, Stopping threads took: 0.0000286 seconds
28.969: [GC (Allocation Failure)  145037K->685K(484352K), 0.0004838 secs]
28.970: Total time for which application threads were stopped: 0.0006044 seconds, Stopping threads took: 0.0000200 seconds
29.058: [GC (Allocation Failure)  141485K->621K(480768K), 0.0004978 secs]
29.059: Total time for which application threads were stopped: 0.0006355 seconds, Stopping threads took: 0.0000198 seconds
29.145: [GC (Allocation Failure)  137837K->621K(477696K), 0.0004824 secs]
29.145: Total time for which application threads were stopped: 0.0006153 seconds, Stopping threads took: 0.0000221 seconds
29.232: [GC (Allocation Failure)  134765K->685K(474624K), 0.0006265 secs]
29.233: Total time for which application threads were stopped: 0.0007761 seconds, Stopping threads took: 0.0000292 seconds
29.322: [GC (Allocation Failure)  131757K->685K(471552K), 0.0006083 secs]
29.322: Total time for which application threads were stopped: 0.0007358 seconds, Stopping threads took: 0.0000275 seconds
29.408: [GC (Allocation Failure)  128685K->621K(468480K), 0.0004389 secs]
29.409: Total time for which application threads were stopped: 0.0005702 seconds, Stopping threads took: 0.0000195 seconds
29.492: [GC (Allocation Failure)  125549K->557K(465408K), 0.0005131 secs]
29.493: Total time for which application threads were stopped: 0.0006294 seconds, Stopping threads took: 0.0000198 seconds
29.569: [GC (Allocation Failure)  122413K->621K(462848K), 0.0005107 secs]
29.569: Total time for which application threads were stopped: 0.0006278 seconds, Stopping threads took: 0.0000191 seconds
29.648: [GC (Allocation Failure)  119917K->621K(460288K), 0.0004993 secs]
29.649: Total time for which application threads were stopped: 0.0006193 seconds, Stopping threads took: 0.0000186 seconds
29.727: [GC (Allocation Failure)  117357K->653K(457728K), 0.0006133 secs]
29.728: Total time for which application threads were stopped: 0.0007334 seconds, Stopping threads took: 0.0000203 seconds
29.806: [GC (Allocation Failure)  114829K->621K(455168K), 0.0005046 secs]
29.807: Total time for which application threads were stopped: 0.0006246 seconds, Stopping threads took: 0.0000198 seconds
29.880: [GC (Allocation Failure)  112237K->653K(452608K), 0.0005630 secs]
29.881: Total time for which application threads were stopped: 0.0006824 seconds, Stopping threads took: 0.0000200 seconds
29.953: [GC (Allocation Failure)  109709K->621K(450560K), 0.0005083 secs]
29.954: Total time for which application threads were stopped: 0.0006179 seconds, Stopping threads took: 0.0000165 seconds
30.027: [GC (Allocation Failure)  107629K->621K(448512K), 0.0004392 secs]
30.027: Total time for which application threads were stopped: 0.0005605 seconds, Stopping threads took: 0.0000174 seconds
30.100: [GC (Allocation Failure)  105581K->685K(446464K), 0.0005036 secs]
30.101: Total time for which application threads were stopped: 0.0006440 seconds, Stopping threads took: 0.0000295 seconds
30.165: [GC (Allocation Failure)  103597K->685K(444416K), 0.0005702 secs]
30.166: Total time for which application threads were stopped: 0.0007139 seconds, Stopping threads took: 0.0000216 seconds
30.229: [GC (Allocation Failure)  101549K->653K(442368K), 0.0005074 secs]
30.230: Total time for which application threads were stopped: 0.0006487 seconds, Stopping threads took: 0.0000221 seconds
30.295: [GC (Allocation Failure)  99469K->653K(440320K), 0.0005217 secs]
30.295: Total time for which application threads were stopped: 0.0006482 seconds, Stopping threads took: 0.0000271 seconds
30.356: [GC (Allocation Failure)  97421K->653K(438272K), 0.0005119 secs]
30.356: Total time for which application threads were stopped: 0.0006467 seconds, Stopping threads took: 0.0000211 seconds
30.416: [GC (Allocation Failure)  95373K->621K(436736K), 0.0005046 secs]
30.417: Total time for which application threads were stopped: 0.0006408 seconds, Stopping threads took: 0.0000213 seconds
30.475: [GC (Allocation Failure)  93805K->621K(435200K), 0.0004553 secs]
30.476: Total time for which application threads were stopped: 0.0005795 seconds, Stopping threads took: 0.0000219 seconds
30.539: [GC (Allocation Failure)  92269K->589K(433664K), 0.0004270 secs]
30.539: Total time for which application threads were stopped: 0.0005341 seconds, Stopping threads took: 0.0000173 seconds
30.596: [GC (Allocation Failure)  90701K->621K(432128K), 0.0004177 secs]
30.596: Total time for which application threads were stopped: 0.0005225 seconds, Stopping threads took: 0.0000165 seconds
30.652: [GC (Allocation Failure)  89197K->589K(430592K), 0.0005830 secs]
30.652: Total time for which application threads were stopped: 0.0006938 seconds, Stopping threads took: 0.0000160 seconds
30.707: [GC (Allocation Failure)  87629K->653K(429056K), 0.0005032 secs]
30.708: Total time for which application threads were stopped: 0.0006230 seconds, Stopping threads took: 0.0000198 seconds
30.761: [GC (Allocation Failure)  86157K->621K(427520K), 0.0005294 secs]
30.762: Total time for which application threads were stopped: 0.0006496 seconds, Stopping threads took: 0.0000197 seconds
30.820: [GC (Allocation Failure)  84589K->685K(425984K), 0.0006231 secs]
30.821: Total time for which application threads were stopped: 0.0007656 seconds, Stopping threads took: 0.0000222 seconds
30.877: [GC (Allocation Failure)  83117K->621K(424448K), 0.0004801 secs]
30.878: Total time for which application threads were stopped: 0.0006242 seconds, Stopping threads took: 0.0000257 seconds
30.933: [GC (Allocation Failure)  81517K->653K(422912K), 0.0004232 secs]
30.933: Total time for which application threads were stopped: 0.0005425 seconds, Stopping threads took: 0.0000196 seconds
30.983: [GC (Allocation Failure)  80013K->685K(421888K), 0.0004161 secs]
30.983: Total time for which application threads were stopped: 0.0005327 seconds, Stopping threads took: 0.0000195 seconds
31.036: [GC (Allocation Failure)  79021K->589K(420864K), 0.0005025 secs]
31.036: Total time for which application threads were stopped: 0.0006183 seconds, Stopping threads took: 0.0000164 seconds
31.085: [GC (Allocation Failure)  77901K->717K(419840K), 0.0004506 secs]
31.085: Total time for which application threads were stopped: 0.0005679 seconds, Stopping threads took: 0.0000198 seconds
31.134: [GC (Allocation Failure)  77005K->653K(418816K), 0.0004140 secs]
31.134: Total time for which application threads were stopped: 0.0005243 seconds, Stopping threads took: 0.0000167 seconds
31.182: [GC (Allocation Failure)  75917K->653K(417792K), 0.0005169 secs]
31.182: Total time for which application threads were stopped: 0.0006419 seconds, Stopping threads took: 0.0000206 seconds
31.229: [GC (Allocation Failure)  74893K->621K(416768K), 0.0004806 secs]
31.230: Total time for which application threads were stopped: 0.0006122 seconds, Stopping threads took: 0.0000219 seconds
31.276: [GC (Allocation Failure)  73837K->653K(415744K), 0.0005141 secs]
31.276: Total time for which application threads were stopped: 0.0006336 seconds, Stopping threads took: 0.0000204 seconds
31.328: [GC (Allocation Failure)  72845K->685K(414720K), 0.0005744 secs]
31.329: Total time for which application threads were stopped: 0.0006961 seconds, Stopping threads took: 0.0000198 seconds
31.380: [GC (Allocation Failure)  71853K->621K(413696K), 0.0004621 secs]
31.380: Total time for which application threads were stopped: 0.0006139 seconds, Stopping threads took: 0.0000259 seconds
31.428: [GC (Allocation Failure)  70765K->621K(412672K), 0.0004345 secs]
31.428: Total time for which application threads were stopped: 0.0005640 seconds, Stopping threads took: 0.0000258 seconds
31.472: [GC (Allocation Failure)  69741K->653K(411648K), 0.0005840 secs]
31.473: Total time for which application threads were stopped: 0.0007281 seconds, Stopping threads took: 0.0000203 seconds
31.521: [GC (Allocation Failure)  68749K->621K(410624K), 0.0005147 secs]
31.522: Total time for which application threads were stopped: 0.0006639 seconds, Stopping threads took: 0.0000282 seconds
31.564: [GC (Allocation Failure)  67693K->685K(424448K), 0.0006441 secs]
31.564: Total time for which application threads were stopped: 0.0007967 seconds, Stopping threads took: 0.0000215 seconds
31.620: [GC (Allocation Failure)  81581K->685K(422912K), 0.0005879 secs]
31.621: Total time for which application threads were stopped: 0.0007328 seconds, Stopping threads took: 0.0000225 seconds
31.671: [GC (Allocation Failure)  80045K->589K(421888K), 0.0004631 secs]
31.671: Total time for which application threads were stopped: 0.0005899 seconds, Stopping threads took: 0.0000229 seconds
31.724: [GC (Allocation Failure)  78925K->589K(420864K), 0.0004657 secs]
31.724: Total time for which application threads were stopped: 0.0005849 seconds, Stopping threads took: 0.0000196 seconds
31.773: [GC (Allocation Failure)  77901K->685K(419840K), 0.0004903 secs]
31.773: Total time for which application threads were stopped: 0.0006155 seconds, Stopping threads took: 0.0000190 seconds
31.821: [GC (Allocation Failure)  76973K->621K(418816K), 0.0006340 secs]
31.822: Total time for which application threads were stopped: 0.0007890 seconds, Stopping threads took: 0.0000296 seconds
31.876: [GC (Allocation Failure)  75885K->653K(417792K), 0.0004241 secs]
31.876: Total time for which application threads were stopped: 0.0005863 seconds, Stopping threads took: 0.0000606 seconds
31.925: [GC (Allocation Failure)  74893K->685K(416768K), 0.0005323 secs]
31.925: Total time for which application threads were stopped: 0.0006799 seconds, Stopping threads took: 0.0000293 seconds
31.972: [GC (Allocation Failure)  73901K->589K(415744K), 0.0006121 secs]
31.972: Total time for which application threads were stopped: 0.0007478 seconds, Stopping threads took: 0.0000214 seconds
32.022: [GC (Allocation Failure)  72781K->621K(414720K), 0.0005232 secs]
32.023: Total time for which application threads were stopped: 0.0006699 seconds, Stopping threads took: 0.0000223 seconds
32.073: [GC (Allocation Failure)  71789K->653K(413696K), 0.0005945 secs]
32.074: Total time for which application threads were stopped: 0.0007130 seconds, Stopping threads took: 0.0000226 seconds
32.123: [GC (Allocation Failure)  70797K->653K(412672K), 0.0004651 secs]
32.124: Total time for which application threads were stopped: 0.0005850 seconds, Stopping threads took: 0.0000252 seconds
32.175: [GC (Allocation Failure)  69773K->717K(411648K), 0.0005804 secs]
32.175: Total time for which application threads were stopped: 0.0007052 seconds, Stopping threads took: 0.0000194 seconds
32.218: [GC (Allocation Failure)  68813K->653K(410624K), 0.0003919 secs]
32.218: Total time for which application threads were stopped: 0.0005003 seconds, Stopping threads took: 0.0000170 seconds
32.261: [GC (Allocation Failure)  67725K->621K(424448K), 0.0007160 secs]
32.261: Total time for which application threads were stopped: 0.0008255 seconds, Stopping threads took: 0.0000174 seconds
32.312: [GC (Allocation Failure)  81517K->653K(440832K), 0.0005373 secs]
32.313: Total time for which application threads were stopped: 0.0006329 seconds, Stopping threads took: 0.0000167 seconds
32.374: [GC (Allocation Failure)  97933K->621K(438784K), 0.0004584 secs]
32.374: Total time for which application threads were stopped: 0.0005772 seconds, Stopping threads took: 0.0000262 seconds
32.434: [GC (Allocation Failure)  95853K->653K(437248K), 0.0005756 secs]
32.435: Total time for which application threads were stopped: 0.0006967 seconds, Stopping threads took: 0.0000246 seconds
32.494: [GC (Allocation Failure)  94349K->621K(435712K), 0.0004700 secs]
32.494: Total time for which application threads were stopped: 0.0006053 seconds, Stopping threads took: 0.0000208 seconds
32.557: [GC (Allocation Failure)  92781K->685K(434176K), 0.0004705 secs]
32.558: Total time for which application threads were stopped: 0.0006016 seconds, Stopping threads took: 0.0000281 seconds
32.614: [GC (Allocation Failure)  91309K->653K(432640K), 0.0004874 secs]
32.615: Total time for which application threads were stopped: 0.0006102 seconds, Stopping threads took: 0.0000193 seconds
32.674: [GC (Allocation Failure)  89741K->621K(431104K), 0.0005261 secs]
32.675: Total time for which application threads were stopped: 0.0006705 seconds, Stopping threads took: 0.0000226 seconds
32.730: [GC (Allocation Failure)  88173K->717K(429568K), 0.0005084 secs]
32.731: Total time for which application threads were stopped: 0.0006351 seconds, Stopping threads took: 0.0000276 seconds
32.788: [GC (Allocation Failure)  86733K->621K(428032K), 0.0005012 secs]
32.789: Total time for which application threads were stopped: 0.0006211 seconds, Stopping threads took: 0.0000194 seconds
32.847: [GC (Allocation Failure)  85101K->621K(426496K), 0.0005166 secs]
32.848: Total time for which application threads were stopped: 0.0006627 seconds, Stopping threads took: 0.0000222 seconds
32.907: [GC (Allocation Failure)  83565K->653K(424960K), 0.0006278 secs]
32.907: Total time for which application threads were stopped: 0.0007435 seconds, Stopping threads took: 0.0000174 seconds
32.961: [GC (Allocation Failure)  82061K->621K(423424K), 0.0004754 secs]
32.962: Total time for which application threads were stopped: 0.0005918 seconds, Stopping threads took: 0.0000200 seconds
33.012: [GC (Allocation Failure)  80493K->621K(422400K), 0.0006190 secs]
33.013: Total time for which application threads were stopped: 0.0007472 seconds, Stopping threads took: 0.0000205 seconds
33.062: [GC (Allocation Failure)  79469K->717K(421376K), 0.0004841 secs]
33.063: Total time for which application threads were stopped: 0.0006185 seconds, Stopping threads took: 0.0000199 seconds
33.112: [GC (Allocation Failure)  78541K->653K(420352K), 0.0006217 secs]
33.113: Total time for which application threads were stopped: 0.0007651 seconds, Stopping threads took: 0.0000220 seconds
33.161: [GC (Allocation Failure)  77453K->685K(419328K), 0.0005980 secs]
33.162: Total time for which application threads were stopped: 0.0007425 seconds, Stopping threads took: 0.0000231 seconds
33.210: [GC (Allocation Failure)  76461K->589K(418304K), 0.0005385 secs]
33.210: Total time for which application threads were stopped: 0.0006537 seconds, Stopping threads took: 0.0000193 seconds
33.258: [GC (Allocation Failure)  75341K->653K(417280K), 0.0005012 secs]
33.258: Total time for which application threads were stopped: 0.0006389 seconds, Stopping threads took: 0.0000289 seconds
33.311: [GC (Allocation Failure)  74381K->621K(416256K), 0.0005442 secs]
33.312: Total time for which application threads were stopped: 0.0006870 seconds, Stopping threads took: 0.0000266 seconds
33.357: [GC (Allocation Failure)  73325K->621K(415232K), 0.0004565 secs]
33.358: Total time for which application threads were stopped: 0.0005813 seconds, Stopping threads took: 0.0000276 seconds
33.409: [GC (Allocation Failure)  72301K->621K(414208K), 0.0005148 secs]
33.410: Total time for which application threads were stopped: 0.0006336 seconds, Stopping threads took: 0.0000264 seconds
33.461: [GC (Allocation Failure)  71277K->621K(413184K), 0.0005382 secs]
33.461: Total time for which application threads were stopped: 0.0006581 seconds, Stopping threads took: 0.0000197 seconds
33.508: [GC (Allocation Failure)  70253K->589K(412160K), 0.0004944 secs]
33.509: Total time for which application threads were stopped: 0.0006298 seconds, Stopping threads took: 0.0000293 seconds
33.552: [GC (Allocation Failure)  69197K->589K(411136K), 0.0005044 secs]
33.552: Total time for which application threads were stopped: 0.0006306 seconds, Stopping threads took: 0.0000274 seconds
33.595: [GC (Allocation Failure)  68173K->621K(410112K), 0.0004807 secs]
33.595: Total time for which application threads were stopped: 0.0006192 seconds, Stopping threads took: 0.0000197 seconds
33.637: [GC (Allocation Failure)  67181K->589K(409088K), 0.0005270 secs]
33.638: Total time for which application threads were stopped: 0.0006594 seconds, Stopping threads took: 0.0000288 seconds
33.679: [GC (Allocation Failure)  66125K->621K(408064K), 0.0004722 secs]
33.679: Total time for which application threads were stopped: 0.0005925 seconds, Stopping threads took: 0.0000194 seconds
33.720: [GC (Allocation Failure)  65133K->621K(421376K), 0.0006609 secs]
33.721: Total time for which application threads were stopped: 0.0008066 seconds, Stopping threads took: 0.0000277 seconds
33.769: [GC (Allocation Failure)  78445K->653K(437248K), 0.0005863 secs]
33.770: Total time for which application threads were stopped: 0.0007456 seconds, Stopping threads took: 0.0000303 seconds
33.829: [GC (Allocation Failure)  94349K->685K(435712K), 0.0005095 secs]
33.829: Total time for which application threads were stopped: 0.0006507 seconds, Stopping threads took: 0.0000230 seconds
33.892: [GC (Allocation Failure)  92845K->685K(434176K), 0.0005621 secs]
33.893: Total time for which application threads were stopped: 0.0006910 seconds, Stopping threads took: 0.0000248 seconds
33.950: [GC (Allocation Failure)  91309K->653K(432640K), 0.0004177 secs]
33.951: Total time for which application threads were stopped: 0.0005373 seconds, Stopping threads took: 0.0000187 seconds
34.007: [GC (Allocation Failure)  89741K->653K(431104K), 0.0005226 secs]
34.007: Total time for which application threads were stopped: 0.0006600 seconds, Stopping threads took: 0.0000288 seconds
34.062: [GC (Allocation Failure)  88205K->653K(429568K), 0.0005007 secs]
34.063: Total time for which application threads were stopped: 0.0006356 seconds, Stopping threads took: 0.0000205 seconds
34.120: [GC (Allocation Failure)  86669K->685K(428032K), 0.0004432 secs]
34.121: Total time for which application threads were stopped: 0.0005625 seconds, Stopping threads took: 0.0000197 seconds
34.174: [GC (Allocation Failure)  85165K->621K(426496K), 0.0004653 secs]
34.174: Total time for which application threads were stopped: 0.0005868 seconds, Stopping threads took: 0.0000201 seconds
34.231: [GC (Allocation Failure)  83565K->653K(424960K), 0.0005233 secs]
34.232: Total time for which application threads were stopped: 0.0006711 seconds, Stopping threads took: 0.0000220 seconds
34.286: [GC (Allocation Failure)  82061K->653K(423424K), 0.0004792 secs]
34.287: Total time for which application threads were stopped: 0.0006117 seconds, Stopping threads took: 0.0000232 seconds
34.337: [GC (Allocation Failure)  80525K->621K(422400K), 0.0005678 secs]
34.337: Total time for which application threads were stopped: 0.0006975 seconds, Stopping threads took: 0.0000274 seconds
34.388: [GC (Allocation Failure)  79469K->621K(421376K), 0.0004940 secs]
34.388: Total time for which application threads were stopped: 0.0006441 seconds, Stopping threads took: 0.0000284 seconds
34.442: [GC (Allocation Failure)  78445K->653K(420352K), 0.0005635 secs]
34.443: Total time for which application threads were stopped: 0.0006947 seconds, Stopping threads took: 0.0000209 seconds
34.491: [GC (Allocation Failure)  77453K->717K(419328K), 0.0004849 secs]
34.492: Total time for which application threads were stopped: 0.0006141 seconds, Stopping threads took: 0.0000221 seconds
34.540: [GC (Allocation Failure)  76493K->653K(418304K), 0.0005234 secs]
34.540: Total time for which application threads were stopped: 0.0006557 seconds, Stopping threads took: 0.0000211 seconds
34.588: [GC (Allocation Failure)  75405K->653K(417280K), 0.0006490 secs]
34.588: Total time for which application threads were stopped: 0.0007956 seconds, Stopping threads took: 0.0000211 seconds
34.639: [GC (Allocation Failure)  74381K->621K(416256K), 0.0005701 secs]
34.640: Total time for which application threads were stopped: 0.0006897 seconds, Stopping threads took: 0.0000194 seconds
34.686: [GC (Allocation Failure)  73325K->589K(415232K), 0.0006004 secs]
34.686: Total time for which application threads were stopped: 0.0007471 seconds, Stopping threads took: 0.0000280 seconds
34.731: [GC (Allocation Failure)  72269K->621K(414208K), 0.0004722 secs]
34.732: Total time for which application threads were stopped: 0.0005811 seconds, Stopping threads took: 0.0000172 seconds
34.780: [GC (Allocation Failure)  71277K->653K(413184K), 0.0004808 secs]
34.781: Total time for which application threads were stopped: 0.0006364 seconds, Stopping threads took: 0.0000285 seconds
34.830: [GC (Allocation Failure)  70285K->589K(427520K), 0.0007056 secs]
34.831: Total time for which application threads were stopped: 0.0008354 seconds, Stopping threads took: 0.0000221 seconds
34.892: [GC (Allocation Failure)  84557K->589K(425984K), 0.0004668 secs]
34.893: Total time for which application threads were stopped: 0.0005796 seconds, Stopping threads took: 0.0000226 seconds
34.945: [GC (Allocation Failure)  83021K->717K(424448K), 0.0004953 secs]
34.946: Total time for which application threads were stopped: 0.0006164 seconds, Stopping threads took: 0.0000200 seconds
34.997: [GC (Allocation Failure)  81613K->589K(422912K), 0.0005157 secs]
34.997: Total time for which application threads were stopped: 0.0006537 seconds, Stopping threads took: 0.0000194 seconds
35.053: [GC (Allocation Failure)  79949K->621K(421888K), 0.0003957 secs]
35.053: Total time for which application threads were stopped: 0.0005040 seconds, Stopping threads took: 0.0000168 seconds
35.108: [GC (Allocation Failure)  78957K->653K(420864K), 0.0004863 secs]
35.108: Total time for which application threads were stopped: 0.0006282 seconds, Stopping threads took: 0.0000191 seconds
35.161: [GC (Allocation Failure)  77965K->589K(419840K), 0.0006332 secs]
35.161: Total time for which application threads were stopped: 0.0007814 seconds, Stopping threads took: 0.0000279 seconds
35.215: [GC (Allocation Failure)  76877K->621K(418816K), 0.0007335 secs]
35.216: Total time for which application threads were stopped: 0.0008834 seconds, Stopping threads took: 0.0000298 seconds
35.263: [GC (Allocation Failure)  75885K->653K(417792K), 0.0005905 secs]
35.263: Total time for which application threads were stopped: 0.0007376 seconds, Stopping threads took: 0.0000232 seconds
35.314: [GC (Allocation Failure)  74893K->653K(416768K), 0.0004541 secs]
35.315: Total time for which application threads were stopped: 0.0005803 seconds, Stopping threads took: 0.0000222 seconds
35.361: [GC (Allocation Failure)  73869K->621K(415744K), 0.0006304 secs]
35.362: Total time for which application threads were stopped: 0.0007411 seconds, Stopping threads took: 0.0000171 seconds
35.407: [GC (Allocation Failure)  72813K->621K(414720K), 0.0005597 secs]
35.408: Total time for which application threads were stopped: 0.0006856 seconds, Stopping threads took: 0.0000259 seconds
35.453: [GC (Allocation Failure)  71789K->589K(413696K), 0.0004719 secs]
35.453: Total time for which application threads were stopped: 0.0006066 seconds, Stopping threads took: 0.0000201 seconds
35.501: [GC (Allocation Failure)  70733K->621K(412672K), 0.0004867 secs]
35.502: Total time for which application threads were stopped: 0.0006231 seconds, Stopping threads took: 0.0000268 seconds
35.545: [GC (Allocation Failure)  69741K->621K(411648K), 0.0004709 secs]
35.546: Total time for which application threads were stopped: 0.0006044 seconds, Stopping threads took: 0.0000209 seconds
35.589: [GC (Allocation Failure)  68717K->653K(410624K), 0.0005226 secs]
35.589: Total time for which application threads were stopped: 0.0006625 seconds, Stopping threads took: 0.0000206 seconds
35.631: [GC (Allocation Failure)  67725K->653K(424448K), 0.0006253 secs]
35.632: Total time for which application threads were stopped: 0.0007686 seconds, Stopping threads took: 0.0000297 seconds
35.683: [GC (Allocation Failure)  81549K->653K(440832K), 0.0007299 secs]
35.684: Total time for which application threads were stopped: 0.0008501 seconds, Stopping threads took: 0.0000201 seconds
35.744: [GC (Allocation Failure)  97933K->717K(438784K), 0.0005088 secs]
35.745: Total time for which application threads were stopped: 0.0006319 seconds, Stopping threads took: 0.0000197 seconds
35.805: [GC (Allocation Failure)  95949K->653K(437248K), 0.0005037 secs]
35.805: Total time for which application threads were stopped: 0.0006354 seconds, Stopping threads took: 0.0000283 seconds
35.864: [GC (Allocation Failure)  94349K->589K(435712K), 0.0006216 secs]
35.865: Total time for which application threads were stopped: 0.0007667 seconds, Stopping threads took: 0.0000281 seconds
35.927: [GC (Allocation Failure)  92749K->621K(434176K), 0.0005836 secs]
35.928: Total time for which application threads were stopped: 0.0007180 seconds, Stopping threads took: 0.0000279 seconds
35.985: [GC (Allocation Failure)  91245K->717K(432640K), 0.0005090 secs]
35.986: Total time for which application threads were stopped: 0.0006520 seconds, Stopping threads took: 0.0000212 seconds
36.045: [GC (Allocation Failure)  89805K->589K(431104K), 0.0006400 secs]
36.046: Total time for which application threads were stopped: 0.0007703 seconds, Stopping threads took: 0.0000222 seconds
36.101: [GC (Allocation Failure)  88141K->589K(429568K), 0.0005215 secs]
36.101: Total time for which application threads were stopped: 0.0006473 seconds, Stopping threads took: 0.0000286 seconds
36.161: [GC (Allocation Failure)  86605K->621K(428032K), 0.0005297 secs]
36.161: Total time for which application threads were stopped: 0.0006271 seconds, Stopping threads took: 0.0000168 seconds
36.214: [GC (Allocation Failure)  85101K->621K(426496K), 0.0004814 secs]
36.215: Total time for which application threads were stopped: 0.0006099 seconds, Stopping threads took: 0.0000279 seconds
36.267: [GC (Allocation Failure)  83565K->621K(424960K), 0.0004993 secs]
36.267: Total time for which application threads were stopped: 0.0006514 seconds, Stopping threads took: 0.0000301 seconds
36.323: [GC (Allocation Failure)  82029K->717K(423424K), 0.0004979 secs]
36.324: Total time for which application threads were stopped: 0.0006359 seconds, Stopping threads took: 0.0000215 seconds
36.374: [GC (Allocation Failure)  80589K->621K(422400K), 0.0003974 secs]
36.375: Total time for which application threads were stopped: 0.0005292 seconds, Stopping threads took: 0.0000276 seconds
36.429: [GC (Allocation Failure)  79469K->621K(421376K), 0.0004320 secs]
36.429: Total time for which application threads were stopped: 0.0005383 seconds, Stopping threads took: 0.0000169 seconds
36.484: [GC (Allocation Failure)  78445K->589K(420352K), 0.0006198 secs]
36.485: Total time for which application threads were stopped: 0.0007290 seconds, Stopping threads took: 0.0000170 seconds
36.539: [GC (Allocation Failure)  77389K->653K(419328K), 0.0005423 secs]
36.539: Total time for which application threads were stopped: 0.0006581 seconds, Stopping threads took: 0.0000193 seconds
36.593: [GC (Allocation Failure)  76429K->589K(418304K), 0.0004602 secs]
36.593: Total time for which application threads were stopped: 0.0005698 seconds, Stopping threads took: 0.0000168 seconds
36.640: [GC (Allocation Failure)  75341K->653K(417280K), 0.0006186 secs]
36.641: Total time for which application threads were stopped: 0.0007411 seconds, Stopping threads took: 0.0000199 seconds
36.693: [GC (Allocation Failure)  74381K->621K(416256K), 0.0005303 secs]
36.694: Total time for which application threads were stopped: 0.0006587 seconds, Stopping threads took: 0.0000264 seconds
36.740: [GC (Allocation Failure)  73325K->653K(415232K), 0.0004546 secs]
36.740: Total time for which application threads were stopped: 0.0005795 seconds, Stopping threads took: 0.0000271 seconds
36.785: [GC (Allocation Failure)  72333K->653K(414208K), 0.0004808 secs]
36.786: Total time for which application threads were stopped: 0.0006091 seconds, Stopping threads took: 0.0000279 seconds
36.832: [GC (Allocation Failure)  71309K->653K(413184K), 0.0007365 secs]
36.832: Total time for which application threads were stopped: 0.0008717 seconds, Stopping threads took: 0.0000293 seconds
36.880: [GC (Allocation Failure)  70285K->653K(412160K), 0.0004929 secs]
36.881: Total time for which application threads were stopped: 0.0006323 seconds, Stopping threads took: 0.0000262 seconds
36.925: [GC (Allocation Failure)  69261K->621K(425984K), 0.0005811 secs]
36.926: Total time for which application threads were stopped: 0.0007021 seconds, Stopping threads took: 0.0000195 seconds
36.981: [GC (Allocation Failure)  83053K->653K(424448K), 0.0004788 secs]
36.982: Total time for which application threads were stopped: 0.0006205 seconds, Stopping threads took: 0.0000276 seconds
37.032: [GC (Allocation Failure)  81549K->621K(422912K), 0.0005864 secs]
37.033: Total time for which application threads were stopped: 0.0007211 seconds, Stopping threads took: 0.0000294 seconds
37.083: [GC (Allocation Failure)  79981K->653K(421888K), 0.0004822 secs]
37.083: Total time for which application threads were stopped: 0.0006088 seconds, Stopping threads took: 0.0000273 seconds
37.132: [GC (Allocation Failure)  78989K->685K(420864K), 0.0004838 secs]
37.133: Total time for which application threads were stopped: 0.0006236 seconds, Stopping threads took: 0.0000267 seconds
37.181: [GC (Allocation Failure)  77997K->589K(419840K), 0.0006155 secs]
37.182: Total time for which application threads were stopped: 0.0007445 seconds, Stopping threads took: 0.0000277 seconds
37.230: [GC (Allocation Failure)  76877K->621K(418816K), 0.0005486 secs]
37.231: Total time for which application threads were stopped: 0.0006636 seconds, Stopping threads took: 0.0000195 seconds
37.283: [GC (Allocation Failure)  75885K->717K(417792K), 0.0005001 secs]
37.284: Total time for which application threads were stopped: 0.0006016 seconds, Stopping threads took: 0.0000174 seconds
37.330: [GC (Allocation Failure)  74957K->653K(416768K), 0.0004062 secs]
37.331: Total time for which application threads were stopped: 0.0005235 seconds, Stopping threads took: 0.0000249 seconds
37.384: [GC (Allocation Failure)  73869K->653K(415744K), 0.0006957 secs]
37.385: Total time for which application threads were stopped: 0.0008215 seconds, Stopping threads took: 0.0000264 seconds
37.430: [GC (Allocation Failure)  72845K->653K(414720K), 0.0004996 secs]
37.431: Total time for which application threads were stopped: 0.0006360 seconds, Stopping threads took: 0.0000221 seconds
37.476: [GC (Allocation Failure)  71821K->685K(413696K), 0.0005389 secs]
37.476: Total time for which application threads were stopped: 0.0006826 seconds, Stopping threads took: 0.0000220 seconds
37.520: [GC (Allocation Failure)  70829K->653K(428032K), 0.0006241 secs]
37.521: Total time for which application threads were stopped: 0.0007803 seconds, Stopping threads took: 0.0000300 seconds
37.579: [GC (Allocation Failure)  85133K->653K(426496K), 0.0005720 secs]
37.580: Total time for which application threads were stopped: 0.0007070 seconds, Stopping threads took: 0.0000227 seconds
37.632: [GC (Allocation Failure)  83597K->621K(424960K), 0.0004742 secs]
37.632: Total time for which application threads were stopped: 0.0006012 seconds, Stopping threads took: 0.0000278 seconds
37.687: [GC (Allocation Failure)  82029K->653K(423424K), 0.0005112 secs]
37.687: Total time for which application threads were stopped: 0.0006274 seconds, Stopping threads took: 0.0000197 seconds
37.737: [GC (Allocation Failure)  80525K->621K(422400K), 0.0004556 secs]
37.738: Total time for which application threads were stopped: 0.0005606 seconds, Stopping threads took: 0.0000166 seconds
37.787: [GC (Allocation Failure)  79469K->685K(421376K), 0.0004264 secs]
37.788: Total time for which application threads were stopped: 0.0005320 seconds, Stopping threads took: 0.0000169 seconds
37.837: [GC (Allocation Failure)  78509K->621K(420352K), 0.0005533 secs]
37.837: Total time for which application threads were stopped: 0.0006647 seconds, Stopping threads took: 0.0000171 seconds
37.886: [GC (Allocation Failure)  77421K->621K(419328K), 0.0004611 secs]
37.886: Total time for which application threads were stopped: 0.0005988 seconds, Stopping threads took: 0.0000200 seconds
37.935: [GC (Allocation Failure)  76397K->653K(434688K), 0.0018275 secs]
37.937: Total time for which application threads were stopped: 0.0019668 seconds, Stopping threads took: 0.0000219 seconds
37.994: [GC (Allocation Failure)  91789K->621K(453120K), 0.0004998 secs]
37.994: Total time for which application threads were stopped: 0.0006307 seconds, Stopping threads took: 0.0000210 seconds
38.068: [GC (Allocation Failure)  110189K->621K(475136K), 0.0005086 secs]
38.069: Total time for which application threads were stopped: 0.0006374 seconds, Stopping threads took: 0.0000212 seconds
38.151: [GC (Allocation Failure)  132205K->685K(501760K), 0.0006518 secs]
38.152: Total time for which application threads were stopped: 0.0007883 seconds, Stopping threads took: 0.0000222 seconds
38.251: [GC (Allocation Failure)  158893K->589K(497664K), 0.0005444 secs]
38.252: Total time for which application threads were stopped: 0.0006922 seconds, Stopping threads took: 0.0000231 seconds
38.349: [GC (Allocation Failure)  154701K->685K(493568K), 0.0005884 secs]
38.349: Total time for which application threads were stopped: 0.0007365 seconds, Stopping threads took: 0.0000223 seconds
38.445: [GC (Allocation Failure)  150701K->685K(489984K), 0.0005250 secs]
38.446: Total time for which application threads were stopped: 0.0006470 seconds, Stopping threads took: 0.0000264 seconds
38.538: [GC (Allocation Failure)  147117K->685K(486400K), 0.0005771 secs]
38.538: Total time for which application threads were stopped: 0.0007176 seconds, Stopping threads took: 0.0000222 seconds
38.628: [GC (Allocation Failure)  143533K->621K(482816K), 0.0004919 secs]
38.629: Total time for which application threads were stopped: 0.0006443 seconds, Stopping threads took: 0.0000225 seconds
38.720: [GC (Allocation Failure)  139885K->621K(479232K), 0.0004810 secs]
38.721: Total time for which application threads were stopped: 0.0006062 seconds, Stopping threads took: 0.0000275 seconds
38.811: [GC (Allocation Failure)  136301K->685K(476160K), 0.0004570 secs]
38.812: Total time for which application threads were stopped: 0.0005772 seconds, Stopping threads took: 0.0000196 seconds
38.903: [GC (Allocation Failure)  133293K->589K(473088K), 0.0005915 secs]
38.903: Total time for which application threads were stopped: 0.0007211 seconds, Stopping threads took: 0.0000282 seconds
38.985: [GC (Allocation Failure)  130125K->589K(470016K), 0.0004733 secs]
38.985: Total time for which application threads were stopped: 0.0006091 seconds, Stopping threads took: 0.0000273 seconds
39.070: [GC (Allocation Failure)  127053K->589K(466944K), 0.0005518 secs]
39.070: Total time for which application threads were stopped: 0.0006832 seconds, Stopping threads took: 0.0000279 seconds
39.153: [GC (Allocation Failure)  123981K->685K(464384K), 0.0005167 secs]
39.153: Total time for which application threads were stopped: 0.0006572 seconds, Stopping threads took: 0.0000287 seconds
39.229: [GC (Allocation Failure)  121517K->653K(461824K), 0.0005454 secs]
39.230: Total time for which application threads were stopped: 0.0006940 seconds, Stopping threads took: 0.0000225 seconds
39.310: [GC (Allocation Failure)  118925K->589K(459264K), 0.0005860 secs]
39.311: Total time for which application threads were stopped: 0.0007123 seconds, Stopping threads took: 0.0000205 seconds
39.388: [GC (Allocation Failure)  116301K->621K(456704K), 0.0003751 secs]
39.388: Total time for which application threads were stopped: 0.0005088 seconds, Stopping threads took: 0.0000257 seconds
39.459: [GC (Allocation Failure)  113773K->589K(454144K), 0.0006254 secs]
39.460: Total time for which application threads were stopped: 0.0007440 seconds, Stopping threads took: 0.0000201 seconds
39.535: [GC (Allocation Failure)  111181K->589K(452096K), 0.0005862 secs]
39.535: Total time for which application threads were stopped: 0.0007107 seconds, Stopping threads took: 0.0000269 seconds
39.603: [GC (Allocation Failure)  109133K->653K(450048K), 0.0006027 secs]
39.604: Total time for which application threads were stopped: 0.0007177 seconds, Stopping threads took: 0.0000193 seconds
39.670: [GC (Allocation Failure)  107149K->589K(448000K), 0.0006162 secs]
39.671: Total time for which application threads were stopped: 0.0007356 seconds, Stopping threads took: 0.0000197 seconds
39.736: [GC (Allocation Failure)  105037K->653K(445952K), 0.0004659 secs]
39.737: Total time for which application threads were stopped: 0.0005856 seconds, Stopping threads took: 0.0000196 seconds
39.806: [GC (Allocation Failure)  103053K->621K(443904K), 0.0004673 secs]
39.807: Total time for which application threads were stopped: 0.0005918 seconds, Stopping threads took: 0.0000269 seconds
39.874: [GC (Allocation Failure)  100973K->621K(441856K), 0.0004351 secs]
39.875: Total time for which application threads were stopped: 0.0005635 seconds, Stopping threads took: 0.0000275 seconds
39.942: [GC (Allocation Failure)  98925K->653K(439808K), 0.0004753 secs]
39.942: Total time for which application threads were stopped: 0.0006060 seconds, Stopping threads took: 0.0000202 seconds
40.008: [GC (Allocation Failure)  96909K->653K(437760K), 0.0004936 secs]
40.008: Total time for which application threads were stopped: 0.0006333 seconds, Stopping threads took: 0.0000203 seconds
40.067: [GC (Allocation Failure)  94861K->621K(436224K), 0.0005620 secs]
40.068: Total time for which application threads were stopped: 0.0006824 seconds, Stopping threads took: 0.0000194 seconds
40.126: [GC (Allocation Failure)  93293K->621K(434688K), 0.0004933 secs]
40.126: Total time for which application threads were stopped: 0.0006140 seconds, Stopping threads took: 0.0000199 seconds
40.183: [GC (Allocation Failure)  91757K->589K(433152K), 0.0005262 secs]
40.184: Total time for which application threads were stopped: 0.0006534 seconds, Stopping threads took: 0.0000278 seconds
40.244: [GC (Allocation Failure)  90189K->621K(431616K), 0.0005611 secs]
40.245: Total time for which application threads were stopped: 0.0007007 seconds, Stopping threads took: 0.0000209 seconds
40.304: [GC (Allocation Failure)  88685K->589K(430080K), 0.0006260 secs]
40.305: Total time for which application threads were stopped: 0.0007729 seconds, Stopping threads took: 0.0000294 seconds
40.365: [GC (Allocation Failure)  87117K->653K(428544K), 0.0006177 secs]
40.365: Total time for which application threads were stopped: 0.0007555 seconds, Stopping threads took: 0.0000217 seconds
40.422: [GC (Allocation Failure)  85645K->621K(427008K), 0.0004058 secs]
40.422: Total time for which application threads were stopped: 0.0005267 seconds, Stopping threads took: 0.0000266 seconds
40.476: [GC (Allocation Failure)  84077K->653K(425472K), 0.0004573 secs]
40.476: Total time for which application threads were stopped: 0.0005991 seconds, Stopping threads took: 0.0000216 seconds
40.534: [GC (Allocation Failure)  82573K->653K(423936K), 0.0006592 secs]
40.534: Total time for which application threads were stopped: 0.0007883 seconds, Stopping threads took: 0.0000284 seconds
40.585: [GC (Allocation Failure)  81037K->621K(422400K), 0.0004937 secs]
40.585: Total time for which application threads were stopped: 0.0006463 seconds, Stopping threads took: 0.0000296 seconds
40.640: [GC (Allocation Failure)  79469K->685K(421376K), 0.0004870 secs]
40.641: Total time for which application threads were stopped: 0.0006140 seconds, Stopping threads took: 0.0000213 seconds
40.693: [GC (Allocation Failure)  78509K->589K(420352K), 0.0006475 secs]
40.694: Total time for which application threads were stopped: 0.0007841 seconds, Stopping threads took: 0.0000199 seconds
40.742: [GC (Allocation Failure)  77389K->653K(419328K), 0.0005570 secs]
40.743: Total time for which application threads were stopped: 0.0006959 seconds, Stopping threads took: 0.0000296 seconds
40.791: [GC (Allocation Failure)  76429K->589K(418304K), 0.0006545 secs]
40.792: Total time for which application threads were stopped: 0.0008546 seconds, Stopping threads took: 0.0000272 seconds
40.844: [GC (Allocation Failure)  75341K->589K(417280K), 0.0004823 secs]
40.844: Total time for which application threads were stopped: 0.0006012 seconds, Stopping threads took: 0.0000192 seconds
40.898: [GC (Allocation Failure)  74317K->621K(416256K), 0.0004095 secs]
40.898: Total time for which application threads were stopped: 0.0005327 seconds, Stopping threads took: 0.0000268 seconds
40.944: [GC (Allocation Failure)  73325K->653K(415232K), 0.0004915 secs]
40.945: Total time for which application threads were stopped: 0.0006186 seconds, Stopping threads took: 0.0000197 seconds
40.990: [GC (Allocation Failure)  72333K->621K(414208K), 0.0004807 secs]
40.991: Total time for which application threads were stopped: 0.0005979 seconds, Stopping threads took: 0.0000196 seconds
41.040: [GC (Allocation Failure)  71277K->653K(413184K), 0.0005034 secs]
41.041: Total time for which application threads were stopped: 0.0006234 seconds, Stopping threads took: 0.0000204 seconds
41.084: [GC (Allocation Failure)  70285K->653K(412160K), 0.0005064 secs]
41.085: Total time for which application threads were stopped: 0.0006305 seconds, Stopping threads took: 0.0000270 seconds
41.134: [GC (Allocation Failure)  69261K->685K(411136K), 0.0004668 secs]
41.135: Total time for which application threads were stopped: 0.0006017 seconds, Stopping threads took: 0.0000191 seconds
41.182: [GC (Allocation Failure)  68269K->621K(410112K), 0.0004816 secs]
41.182: Total time for which application threads were stopped: 0.0006136 seconds, Stopping threads took: 0.0000220 seconds
41.224: [GC (Allocation Failure)  67181K->621K(409088K), 0.0004998 secs]
41.225: Total time for which application threads were stopped: 0.0006358 seconds, Stopping threads took: 0.0000201 seconds
41.266: [GC (Allocation Failure)  66157K->653K(408064K), 0.0005719 secs]
41.267: Total time for which application threads were stopped: 0.0006882 seconds, Stopping threads took: 0.0000199 seconds
41.311: [GC (Allocation Failure)  65165K->621K(421376K), 0.0006459 secs]
41.311: Total time for which application threads were stopped: 0.0007737 seconds, Stopping threads took: 0.0000200 seconds
41.368: [GC (Allocation Failure)  78445K->621K(420352K), 0.0004661 secs]
41.368: Total time for which application threads were stopped: 0.0006129 seconds, Stopping threads took: 0.0000191 seconds
41.417: [GC (Allocation Failure)  77421K->653K(419328K), 0.0004981 secs]
41.418: Total time for which application threads were stopped: 0.0006300 seconds, Stopping threads took: 0.0000269 seconds
41.465: [GC (Allocation Failure)  76429K->685K(418304K), 0.0006509 secs]
41.466: Total time for which application threads were stopped: 0.0007873 seconds, Stopping threads took: 0.0000296 seconds
41.513: [GC (Allocation Failure)  75437K->653K(433664K), 0.0005972 secs]
41.513: Total time for which application threads were stopped: 0.0007276 seconds, Stopping threads took: 0.0000196 seconds
41.574: [GC (Allocation Failure)  90765K->653K(432128K), 0.0004239 secs]
41.574: Total time for which application threads were stopped: 0.0005470 seconds, Stopping threads took: 0.0000214 seconds
41.635: [GC (Allocation Failure)  89229K->717K(430592K), 0.0005031 secs]
41.636: Total time for which application threads were stopped: 0.0006389 seconds, Stopping threads took: 0.0000277 seconds
41.694: [GC (Allocation Failure)  87757K->621K(429056K), 0.0005522 secs]
41.694: Total time for which application threads were stopped: 0.0006912 seconds, Stopping threads took: 0.0000215 seconds
41.748: [GC (Allocation Failure)  86125K->685K(427520K), 0.0004640 secs]
41.748: Total time for which application threads were stopped: 0.0005840 seconds, Stopping threads took: 0.0000192 seconds
41.801: [GC (Allocation Failure)  84653K->589K(444416K), 0.0012586 secs]
41.803: Total time for which application threads were stopped: 0.0013925 seconds, Stopping threads took: 0.0000289 seconds
41.866: [GC (Allocation Failure)  101453K->621K(464896K), 0.0004979 secs]
41.866: Total time for which application threads were stopped: 0.0006536 seconds, Stopping threads took: 0.0000275 seconds
41.944: [GC (Allocation Failure)  121965K->653K(462336K), 0.0004624 secs]
41.945: Total time for which application threads were stopped: 0.0005820 seconds, Stopping threads took: 0.0000194 seconds
42.023: [GC (Allocation Failure)  119437K->653K(459776K), 0.0005030 secs]
42.023: Total time for which application threads were stopped: 0.0006273 seconds, Stopping threads took: 0.0000271 seconds
42.096: [GC (Allocation Failure)  116877K->621K(457216K), 0.0004895 secs]
42.096: Total time for which application threads were stopped: 0.0006228 seconds, Stopping threads took: 0.0000198 seconds
42.173: [GC (Allocation Failure)  114285K->621K(454656K), 0.0005546 secs]
42.174: Total time for which application threads were stopped: 0.0006845 seconds, Stopping threads took: 0.0000278 seconds
42.249: [GC (Allocation Failure)  111725K->621K(452096K), 0.0004710 secs]
42.249: Total time for which application threads were stopped: 0.0005966 seconds, Stopping threads took: 0.0000275 seconds
42.322: [GC (Allocation Failure)  109165K->621K(450048K), 0.0004928 secs]
42.323: Total time for which application threads were stopped: 0.0006396 seconds, Stopping threads took: 0.0000273 seconds
42.397: [GC (Allocation Failure)  107117K->717K(448000K), 0.0005686 secs]
42.397: Total time for which application threads were stopped: 0.0007022 seconds, Stopping threads took: 0.0000267 seconds
42.463: [GC (Allocation Failure)  105165K->589K(445952K), 0.0004795 secs]
42.463: Total time for which application threads were stopped: 0.0006119 seconds, Stopping threads took: 0.0000274 seconds
42.530: [GC (Allocation Failure)  102989K->685K(443904K), 0.0004936 secs]
42.531: Total time for which application threads were stopped: 0.0006376 seconds, Stopping threads took: 0.0000224 seconds
42.593: [GC (Allocation Failure)  101037K->621K(441856K), 0.0005682 secs]
42.594: Total time for which application threads were stopped: 0.0006889 seconds, Stopping threads took: 0.0000202 seconds
42.655: [GC (Allocation Failure)  98925K->621K(439808K), 0.0004737 secs]
42.656: Total time for which application threads were stopped: 0.0005986 seconds, Stopping threads took: 0.0000270 seconds
42.722: [GC (Allocation Failure)  96877K->685K(437760K), 0.0004631 secs]
42.723: Total time for which application threads were stopped: 0.0005838 seconds, Stopping threads took: 0.0000194 seconds
42.788: [GC (Allocation Failure)  94893K->589K(436224K), 0.0006348 secs]
42.789: Total time for which application threads were stopped: 0.0007455 seconds, Stopping threads took: 0.0000168 seconds
42.848: [GC (Allocation Failure)  93261K->717K(434688K), 0.0004721 secs]
42.848: Total time for which application threads were stopped: 0.0005930 seconds, Stopping threads took: 0.0000292 seconds
42.912: [GC (Allocation Failure)  91853K->621K(433152K), 0.0005408 secs]
42.913: Total time for which application threads were stopped: 0.0006648 seconds, Stopping threads took: 0.0000235 seconds
42.969: [GC (Allocation Failure)  90221K->621K(431616K), 0.0005670 secs]
42.970: Total time for which application threads were stopped: 0.0007022 seconds, Stopping threads took: 0.0000195 seconds
43.031: [GC (Allocation Failure)  88685K->653K(430080K), 0.0004684 secs]
43.031: Total time for which application threads were stopped: 0.0006011 seconds, Stopping threads took: 0.0000214 seconds
43.089: [GC (Allocation Failure)  87181K->589K(428544K), 0.0004980 secs]
43.089: Total time for which application threads were stopped: 0.0006415 seconds, Stopping threads took: 0.0000226 seconds
43.143: [GC (Allocation Failure)  85581K->653K(427008K), 0.0005091 secs]
43.144: Total time for which application threads were stopped: 0.0006807 seconds, Stopping threads took: 0.0000228 seconds
43.200: [GC (Allocation Failure)  84109K->589K(425472K), 0.0006387 secs]
43.201: Total time for which application threads were stopped: 0.0007809 seconds, Stopping threads took: 0.0000240 seconds
43.258: [GC (Allocation Failure)  82509K->621K(423936K), 0.0005732 secs]
43.259: Total time for which application threads were stopped: 0.0006936 seconds, Stopping threads took: 0.0000197 seconds
43.310: [GC (Allocation Failure)  81005K->621K(422400K), 0.0004111 secs]
43.311: Total time for which application threads were stopped: 0.0005326 seconds, Stopping threads took: 0.0000269 seconds
43.360: [GC (Allocation Failure)  79469K->653K(421376K), 0.0004792 secs]
43.361: Total time for which application threads were stopped: 0.0005983 seconds, Stopping threads took: 0.0000192 seconds
43.411: [GC (Allocation Failure)  78477K->621K(420352K), 0.0004967 secs]
43.411: Total time for which application threads were stopped: 0.0006351 seconds, Stopping threads took: 0.0000196 seconds
43.459: [GC (Allocation Failure)  77421K->653K(419328K), 0.0005155 secs]
43.460: Total time for which application threads were stopped: 0.0006384 seconds, Stopping threads took: 0.0000206 seconds
43.508: [GC (Allocation Failure)  76429K->685K(418304K), 0.0004667 secs]
43.508: Total time for which application threads were stopped: 0.0006158 seconds, Stopping threads took: 0.0000194 seconds
43.555: [GC (Allocation Failure)  75437K->685K(417280K), 0.0004741 secs]
43.556: Total time for which application threads were stopped: 0.0005936 seconds, Stopping threads took: 0.0000199 seconds
43.602: [GC (Allocation Failure)  74413K->621K(416256K), 0.0005630 secs]
43.602: Total time for which application threads were stopped: 0.0006908 seconds, Stopping threads took: 0.0000273 seconds
43.648: [GC (Allocation Failure)  73325K->621K(415232K), 0.0004790 secs]
43.649: Total time for which application threads were stopped: 0.0006101 seconds, Stopping threads took: 0.0000279 seconds
43.694: [GC (Allocation Failure)  72301K->621K(414208K), 0.0004844 secs]
43.694: Total time for which application threads were stopped: 0.0006139 seconds, Stopping threads took: 0.0000212 seconds
43.739: [GC (Allocation Failure)  71277K->621K(413184K), 0.0005764 secs]
43.739: Total time for which application threads were stopped: 0.0007134 seconds, Stopping threads took: 0.0000211 seconds
43.783: [GC (Allocation Failure)  70253K->621K(412160K), 0.0004284 secs]
43.783: Total time for which application threads were stopped: 0.0005526 seconds, Stopping threads took: 0.0000278 seconds
43.831: [GC (Allocation Failure)  69229K->621K(411136K), 0.0004695 secs]
43.831: Total time for which application threads were stopped: 0.0005768 seconds, Stopping threads took: 0.0000170 seconds
43.874: [GC (Allocation Failure)  68205K->589K(410112K), 0.0006113 secs]
43.875: Total time for which application threads were stopped: 0.0007189 seconds, Stopping threads took: 0.0000163 seconds
43.918: [GC (Allocation Failure)  67149K->621K(409088K), 0.0004354 secs]
43.918: Total time for which application threads were stopped: 0.0005550 seconds, Stopping threads took: 0.0000152 seconds
43.959: [GC (Allocation Failure)  66157K->653K(408064K), 0.0005179 secs]
43.960: Total time for which application threads were stopped: 0.0006306 seconds, Stopping threads took: 0.0000174 seconds
44.001: [GC (Allocation Failure)  65165K->653K(421376K), 0.0006755 secs]
44.001: Total time for which application threads were stopped: 0.0008027 seconds, Stopping threads took: 0.0000212 seconds
44.051: [GC (Allocation Failure)  78477K->653K(437248K), 0.0004631 secs]
44.051: Total time for which application threads were stopped: 0.0005943 seconds, Stopping threads took: 0.0000222 seconds
44.115: [GC (Allocation Failure)  94349K->621K(435712K), 0.0004805 secs]
44.115: Total time for which application threads were stopped: 0.0006085 seconds, Stopping threads took: 0.0000280 seconds
44.177: [GC (Allocation Failure)  92781K->653K(434176K), 0.0004772 secs]
44.178: Total time for which application threads were stopped: 0.0006099 seconds, Stopping threads took: 0.0000277 seconds
44.235: [GC (Allocation Failure)  91277K->589K(432640K), 0.0006136 secs]
44.235: Total time for which application threads were stopped: 0.0007414 seconds, Stopping threads took: 0.0000276 seconds
44.291: [GC (Allocation Failure)  89677K->589K(431104K), 0.0005975 secs]
44.292: Total time for which application threads were stopped: 0.0007264 seconds, Stopping threads took: 0.0000191 seconds
44.347: [GC (Allocation Failure)  88141K->589K(429568K), 0.0004805 secs]
44.347: Total time for which application threads were stopped: 0.0006250 seconds, Stopping threads took: 0.0000338 seconds
44.406: [GC (Allocation Failure)  86605K->685K(428032K), 0.0004775 secs]
44.407: Total time for which application threads were stopped: 0.0005913 seconds, Stopping threads took: 0.0000258 seconds
44.465: [GC (Allocation Failure)  85165K->653K(426496K), 0.0004940 secs]
44.465: Total time for which application threads were stopped: 0.0006241 seconds, Stopping threads took: 0.0000275 seconds
44.523: [GC (Allocation Failure)  83597K->653K(424960K), 0.0005300 secs]
44.523: Total time for which application threads were stopped: 0.0006692 seconds, Stopping threads took: 0.0000281 seconds
44.579: [GC (Allocation Failure)  82061K->589K(423424K), 0.0006180 secs]
44.579: Total time for which application threads were stopped: 0.0007607 seconds, Stopping threads took: 0.0000218 seconds
44.634: [GC (Allocation Failure)  80461K->653K(422400K), 0.0004915 secs]
44.635: Total time for which application threads were stopped: 0.0006369 seconds, Stopping threads took: 0.0000222 seconds
44.685: [GC (Allocation Failure)  79501K->653K(421376K), 0.0004471 secs]
44.685: Total time for which application threads were stopped: 0.0005780 seconds, Stopping threads took: 0.0000202 seconds
44.738: [GC (Allocation Failure)  78477K->589K(420352K), 0.0005983 secs]
44.739: Total time for which application threads were stopped: 0.0007488 seconds, Stopping threads took: 0.0000292 seconds
44.787: [GC (Allocation Failure)  77389K->717K(419328K), 0.0004360 secs]
44.787: Total time for which application threads were stopped: 0.0005397 seconds, Stopping threads took: 0.0000162 seconds
44.835: [GC (Allocation Failure)  76493K->653K(418304K), 0.0003995 secs]
44.835: Total time for which application threads were stopped: 0.0005050 seconds, Stopping threads took: 0.0000165 seconds
44.883: [GC (Allocation Failure)  75405K->653K(417280K), 0.0005091 secs]
44.883: Total time for which application threads were stopped: 0.0006280 seconds, Stopping threads took: 0.0000255 seconds
44.931: [GC (Allocation Failure)  74381K->621K(416256K), 0.0005028 secs]
44.931: Total time for which application threads were stopped: 0.0006116 seconds, Stopping threads took: 0.0000182 seconds
44.980: [GC (Allocation Failure)  73325K->653K(415232K), 0.0004574 secs]
44.981: Total time for which application threads were stopped: 0.0005718 seconds, Stopping threads took: 0.0000181 seconds
45.029: [GC (Allocation Failure)  72333K->621K(414208K), 0.0006601 secs]
45.030: Total time for which application threads were stopped: 0.0007943 seconds, Stopping threads took: 0.0000221 seconds
45.074: [GC (Allocation Failure)  71277K->717K(428544K), 0.0006856 secs]
45.075: Total time for which application threads were stopped: 0.0008328 seconds, Stopping threads took: 0.0000296 seconds
45.128: [GC (Allocation Failure)  85709K->653K(427008K), 0.0005430 secs]
45.129: Total time for which application threads were stopped: 0.0007120 seconds, Stopping threads took: 0.0000309 seconds
45.184: [GC (Allocation Failure)  84109K->589K(425472K), 0.0006138 secs]
45.185: Total time for which application threads were stopped: 0.0007673 seconds, Stopping threads took: 0.0000307 seconds
45.242: [GC (Allocation Failure)  82509K->653K(423936K), 0.0005153 secs]
45.242: Total time for which application threads were stopped: 0.0006354 seconds, Stopping threads took: 0.0000204 seconds
45.293: [GC (Allocation Failure)  81037K->621K(422400K), 0.0005146 secs]
45.294: Total time for which application threads were stopped: 0.0006481 seconds, Stopping threads took: 0.0000293 seconds
45.343: [GC (Allocation Failure)  79469K->653K(421376K), 0.0005375 secs]
45.344: Total time for which application threads were stopped: 0.0006796 seconds, Stopping threads took: 0.0000211 seconds
45.394: [GC (Allocation Failure)  78477K->717K(420352K), 0.0005133 secs]
45.395: Total time for which application threads were stopped: 0.0006506 seconds, Stopping threads took: 0.0000265 seconds
45.444: [GC (Allocation Failure)  77517K->653K(419328K), 0.0004728 secs]
45.445: Total time for which application threads were stopped: 0.0006058 seconds, Stopping threads took: 0.0000268 seconds
45.493: [GC (Allocation Failure)  76429K->685K(418304K), 0.0004873 secs]
45.493: Total time for which application threads were stopped: 0.0006320 seconds, Stopping threads took: 0.0000219 seconds
45.540: [GC (Allocation Failure)  75437K->589K(417280K), 0.0006404 secs]
45.541: Total time for which application threads were stopped: 0.0007888 seconds, Stopping threads took: 0.0000215 seconds
45.594: [GC (Allocation Failure)  74317K->653K(416256K), 0.0005224 secs]
45.594: Total time for which application threads were stopped: 0.0006651 seconds, Stopping threads took: 0.0000226 seconds
45.640: [GC (Allocation Failure)  73357K->621K(415232K), 0.0005493 secs]
45.641: Total time for which application threads were stopped: 0.0007109 seconds, Stopping threads took: 0.0000307 seconds
45.689: [GC (Allocation Failure)  72301K->621K(414208K), 0.0005413 secs]
45.690: Total time for which application threads were stopped: 0.0006908 seconds, Stopping threads took: 0.0000223 seconds
45.740: [GC (Allocation Failure)  71277K->621K(413184K), 0.0005591 secs]
45.740: Total time for which application threads were stopped: 0.0006802 seconds, Stopping threads took: 0.0000168 seconds
45.784: [GC (Allocation Failure)  70253K->621K(412160K), 0.0004538 secs]
45.785: Total time for which application threads were stopped: 0.0006058 seconds, Stopping threads took: 0.0000274 seconds
45.828: [GC (Allocation Failure)  69229K->653K(411136K), 0.0004718 secs]
45.828: Total time for which application threads were stopped: 0.0006199 seconds, Stopping threads took: 0.0000410 seconds
45.871: [GC (Allocation Failure)  68237K->589K(410112K), 0.0005597 secs]
45.871: Total time for which application threads were stopped: 0.0006929 seconds, Stopping threads took: 0.0000200 seconds
45.915: [GC (Allocation Failure)  67149K->653K(409088K), 0.0004652 secs]
45.915: Total time for which application threads were stopped: 0.0005983 seconds, Stopping threads took: 0.0000253 seconds
45.957: [GC (Allocation Failure)  66189K->653K(408064K), 0.0004930 secs]
45.958: Total time for which application threads were stopped: 0.0006150 seconds, Stopping threads took: 0.0000215 seconds
45.998: [GC (Allocation Failure)  65165K->621K(407040K), 0.0004331 secs]
45.999: Total time for which application threads were stopped: 0.0005460 seconds, Stopping threads took: 0.0000174 seconds
46.039: [GC (Allocation Failure)  64109K->621K(406016K), 0.0005153 secs]
46.040: Total time for which application threads were stopped: 0.0006401 seconds, Stopping threads took: 0.0000203 seconds
46.083: [GC (Allocation Failure)  63085K->653K(405504K), 0.0005073 secs]
46.084: Total time for which application threads were stopped: 0.0006651 seconds, Stopping threads took: 0.0000293 seconds
46.122: [GC (Allocation Failure)  62605K->621K(404992K), 0.0004680 secs]
46.123: Total time for which application threads were stopped: 0.0005955 seconds, Stopping threads took: 0.0000219 seconds
46.162: [GC (Allocation Failure)  62061K->589K(417280K), 0.0005358 secs]
46.162: Total time for which application threads were stopped: 0.0006545 seconds, Stopping threads took: 0.0000259 seconds
46.209: [GC (Allocation Failure)  74317K->589K(432128K), 0.0006403 secs]
46.209: Total time for which application threads were stopped: 0.0007843 seconds, Stopping threads took: 0.0000270 seconds
46.270: [GC (Allocation Failure)  89165K->621K(430592K), 0.0005058 secs]
46.271: Total time for which application threads were stopped: 0.0006225 seconds, Stopping threads took: 0.0000198 seconds
46.331: [GC (Allocation Failure)  87661K->589K(429056K), 0.0006694 secs]
46.332: Total time for which application threads were stopped: 0.0007947 seconds, Stopping threads took: 0.0000272 seconds
46.386: [GC (Allocation Failure)  86093K->685K(427520K), 0.0004470 secs]
46.386: Total time for which application threads were stopped: 0.0005766 seconds, Stopping threads took: 0.0000272 seconds
46.440: [GC (Allocation Failure)  84653K->685K(425984K), 0.0004660 secs]
46.440: Total time for which application threads were stopped: 0.0005953 seconds, Stopping threads took: 0.0000276 seconds
46.498: [GC (Allocation Failure)  83117K->621K(424448K), 0.0004779 secs]
46.499: Total time for which application threads were stopped: 0.0006058 seconds, Stopping threads took: 0.0000279 seconds
46.550: [GC (Allocation Failure)  81517K->653K(422912K), 0.0006687 secs]
46.550: Total time for which application threads were stopped: 0.0007942 seconds, Stopping threads took: 0.0000273 seconds
46.600: [GC (Allocation Failure)  80013K->621K(421888K), 0.0004933 secs]
46.601: Total time for which application threads were stopped: 0.0006213 seconds, Stopping threads took: 0.0000272 seconds
46.650: [GC (Allocation Failure)  78957K->653K(420864K), 0.0005381 secs]
46.650: Total time for which application threads were stopped: 0.0006673 seconds, Stopping threads took: 0.0000274 seconds
46.699: [GC (Allocation Failure)  77965K->621K(419840K), 0.0004820 secs]
46.699: Total time for which application threads were stopped: 0.0006276 seconds, Stopping threads took: 0.0000276 seconds
46.747: [GC (Allocation Failure)  76909K->589K(418816K), 0.0006382 secs]
46.748: Total time for which application threads were stopped: 0.0008020 seconds, Stopping threads took: 0.0000223 seconds
46.802: [GC (Allocation Failure)  75853K->653K(417792K), 0.0006250 secs]
46.803: Total time for which application threads were stopped: 0.0007773 seconds, Stopping threads took: 0.0000229 seconds
46.850: [GC (Allocation Failure)  74893K->653K(416768K), 0.0005647 secs]
46.850: Total time for which application threads were stopped: 0.0007104 seconds, Stopping threads took: 0.0000232 seconds
46.897: [GC (Allocation Failure)  73869K->685K(415744K), 0.0005050 secs]
46.898: Total time for which application threads were stopped: 0.0006330 seconds, Stopping threads took: 0.0000255 seconds
46.944: [GC (Allocation Failure)  72877K->621K(414720K), 0.0004131 secs]
46.945: Total time for which application threads were stopped: 0.0005350 seconds, Stopping threads took: 0.0000198 seconds
46.989: [GC (Allocation Failure)  71789K->621K(413696K), 0.0004899 secs]
46.990: Total time for which application threads were stopped: 0.0006130 seconds, Stopping threads took: 0.0000197 seconds
47.039: [GC (Allocation Failure)  70765K->653K(412672K), 0.0004912 secs]
47.040: Total time for which application threads were stopped: 0.0006112 seconds, Stopping threads took: 0.0000267 seconds
47.083: [GC (Allocation Failure)  69773K->589K(411648K), 0.0005491 secs]
47.084: Total time for which application threads were stopped: 0.0006733 seconds, Stopping threads took: 0.0000271 seconds
47.134: [GC (Allocation Failure)  68685K->685K(410624K), 0.0004912 secs]
47.134: Total time for which application threads were stopped: 0.0006170 seconds, Stopping threads took: 0.0000278 seconds
47.176: [GC (Allocation Failure)  67757K->621K(409600K), 0.0005084 secs]
47.177: Total time for which application threads were stopped: 0.0006275 seconds, Stopping threads took: 0.0000196 seconds
47.218: [GC (Allocation Failure)  66669K->653K(408576K), 0.0004538 secs]
47.218: Total time for which application threads were stopped: 0.0005724 seconds, Stopping threads took: 0.0000194 seconds
47.264: [GC (Allocation Failure)  65677K->717K(407552K), 0.0006111 secs]
47.265: Total time for which application threads were stopped: 0.0007442 seconds, Stopping threads took: 0.0000206 seconds
47.306: [GC (Allocation Failure)  64717K->621K(420352K), 0.0005219 secs]
47.306: Total time for which application threads were stopped: 0.0006691 seconds, Stopping threads took: 0.0000229 seconds
47.355: [GC (Allocation Failure)  77421K->685K(419328K), 0.0005120 secs]
47.355: Total time for which application threads were stopped: 0.0006552 seconds, Stopping threads took: 0.0000222 seconds
47.403: [GC (Allocation Failure)  76461K->621K(418304K), 0.0005200 secs]
47.404: Total time for which application threads were stopped: 0.0006787 seconds, Stopping threads took: 0.0000296 seconds
47.457: [GC (Allocation Failure)  75373K->653K(417280K), 0.0006627 secs]
47.458: Total time for which application threads were stopped: 0.0008111 seconds, Stopping threads took: 0.0000227 seconds
47.510: [GC (Allocation Failure)  74381K->621K(416256K), 0.0005969 secs]
47.510: Total time for which application threads were stopped: 0.0007403 seconds, Stopping threads took: 0.0000222 seconds
47.561: [GC (Allocation Failure)  73325K->589K(415232K), 0.0005818 secs]
47.562: Total time for which application threads were stopped: 0.0007246 seconds, Stopping threads took: 0.0000220 seconds
47.607: [GC (Allocation Failure)  72269K->621K(414208K), 0.0005229 secs]
47.608: Total time for which application threads were stopped: 0.0006624 seconds, Stopping threads took: 0.0000218 seconds
47.655: [GC (Allocation Failure)  71277K->685K(413184K), 0.0004771 secs]
47.656: Total time for which application threads were stopped: 0.0005985 seconds, Stopping threads took: 0.0000201 seconds
47.700: [GC (Allocation Failure)  70317K->621K(412160K), 0.0004816 secs]
47.700: Total time for which application threads were stopped: 0.0006190 seconds, Stopping threads took: 0.0000293 seconds
47.743: [GC (Allocation Failure)  69229K->589K(411136K), 0.0005720 secs]
47.744: Total time for which application threads were stopped: 0.0007090 seconds, Stopping threads took: 0.0000220 seconds
47.791: [GC (Allocation Failure)  68173K->653K(410112K), 0.0003921 secs]
47.792: Total time for which application threads were stopped: 0.0005032 seconds, Stopping threads took: 0.0000255 seconds
47.834: [GC (Allocation Failure)  67213K->589K(409088K), 0.0004386 secs]
47.835: Total time for which application threads were stopped: 0.0005784 seconds, Stopping threads took: 0.0000284 seconds
47.876: [GC (Allocation Failure)  66125K->621K(408064K), 0.0005000 secs]
47.877: Total time for which application threads were stopped: 0.0006297 seconds, Stopping threads took: 0.0000212 seconds
47.920: [GC (Allocation Failure)  65133K->621K(407040K), 0.0004740 secs]
47.920: Total time for which application threads were stopped: 0.0006039 seconds, Stopping threads took: 0.0000273 seconds
47.960: [GC (Allocation Failure)  64109K->653K(406016K), 0.0004968 secs]
47.961: Total time for which application threads were stopped: 0.0006263 seconds, Stopping threads took: 0.0000203 seconds
48.006: [GC (Allocation Failure)  63117K->621K(405504K), 0.0005294 secs]
48.006: Total time for which application threads were stopped: 0.0006600 seconds, Stopping threads took: 0.0000199 seconds
48.046: [GC (Allocation Failure)  62573K->621K(418304K), 0.0005474 secs]
48.046: Total time for which application threads were stopped: 0.0006714 seconds, Stopping threads took: 0.0000271 seconds
48.099: [GC (Allocation Failure)  75373K->589K(433664K), 0.0006780 secs]
48.100: Total time for which application threads were stopped: 0.0008052 seconds, Stopping threads took: 0.0000277 seconds
48.163: [GC (Allocation Failure)  90701K->685K(432128K), 0.0005077 secs]
48.164: Total time for which application threads were stopped: 0.0006531 seconds, Stopping threads took: 0.0000196 seconds
48.223: [GC (Allocation Failure)  89261K->685K(430592K), 0.0004485 secs]
48.223: Total time for which application threads were stopped: 0.0005568 seconds, Stopping threads took: 0.0000172 seconds
48.284: [GC (Allocation Failure)  87725K->589K(429056K), 0.0005767 secs]
48.285: Total time for which application threads were stopped: 0.0007100 seconds, Stopping threads took: 0.0000221 seconds
48.339: [GC (Allocation Failure)  86093K->589K(427520K), 0.0007431 secs]
48.339: Total time for which application threads were stopped: 0.0008786 seconds, Stopping threads took: 0.0000213 seconds
48.393: [GC (Allocation Failure)  84557K->653K(425984K), 0.0004925 secs]
48.393: Total time for which application threads were stopped: 0.0006210 seconds, Stopping threads took: 0.0000273 seconds
48.446: [GC (Allocation Failure)  83085K->653K(424448K), 0.0005578 secs]
48.446: Total time for which application threads were stopped: 0.0007028 seconds, Stopping threads took: 0.0000214 seconds
48.497: [GC (Allocation Failure)  81549K->589K(422912K), 0.0006366 secs]
48.498: Total time for which application threads were stopped: 0.0007745 seconds, Stopping threads took: 0.0000199 seconds
48.548: [GC (Allocation Failure)  79949K->621K(421888K), 0.0005161 secs]
48.549: Total time for which application threads were stopped: 0.0006695 seconds, Stopping threads took: 0.0000296 seconds
48.603: [GC (Allocation Failure)  78957K->685K(420864K), 0.0005658 secs]
48.604: Total time for which application threads were stopped: 0.0007090 seconds, Stopping threads took: 0.0000274 seconds
48.658: [GC (Allocation Failure)  77997K->589K(419840K), 0.0006676 secs]
48.659: Total time for which application threads were stopped: 0.0008207 seconds, Stopping threads took: 0.0000294 seconds
48.707: [GC (Allocation Failure)  76877K->589K(418816K), 0.0006303 secs]
48.708: Total time for which application threads were stopped: 0.0007647 seconds, Stopping threads took: 0.0000216 seconds
48.760: [GC (Allocation Failure)  75853K->653K(417792K), 0.0004733 secs]
48.760: Total time for which application threads were stopped: 0.0006011 seconds, Stopping threads took: 0.0000276 seconds
48.807: [GC (Allocation Failure)  74893K->685K(432640K), 0.0007875 secs]
48.808: Total time for which application threads were stopped: 0.0009231 seconds, Stopping threads took: 0.0000211 seconds
48.864: [GC (Allocation Failure)  89773K->621K(431104K), 0.0004999 secs]
48.864: Total time for which application threads were stopped: 0.0006286 seconds, Stopping threads took: 0.0000199 seconds
48.927: [GC (Allocation Failure)  88173K->621K(429568K), 0.0005745 secs]
48.927: Total time for which application threads were stopped: 0.0007032 seconds, Stopping threads took: 0.0000277 seconds
48.986: [GC (Allocation Failure)  86637K->621K(428032K), 0.0006064 secs]
48.986: Total time for which application threads were stopped: 0.0007259 seconds, Stopping threads took: 0.0000198 seconds
49.040: [GC (Allocation Failure)  85101K->685K(426496K), 0.0005714 secs]
49.040: Total time for which application threads were stopped: 0.0007112 seconds, Stopping threads took: 0.0000209 seconds
49.099: [GC (Allocation Failure)  83629K->717K(424960K), 0.0006391 secs]
49.099: Total time for which application threads were stopped: 0.0007948 seconds, Stopping threads took: 0.0000303 seconds
49.156: [GC (Allocation Failure)  82125K->653K(423424K), 0.0005155 secs]
49.156: Total time for which application threads were stopped: 0.0006396 seconds, Stopping threads took: 0.0000206 seconds
49.211: [GC (Allocation Failure)  80525K->653K(422400K), 0.0004527 secs]
49.211: Total time for which application threads were stopped: 0.0005812 seconds, Stopping threads took: 0.0000273 seconds
49.261: [GC (Allocation Failure)  79501K->621K(421376K), 0.0004974 secs]
49.261: Total time for which application threads were stopped: 0.0006195 seconds, Stopping threads took: 0.0000200 seconds
49.310: [GC (Allocation Failure)  78445K->621K(420352K), 0.0005382 secs]
49.311: Total time for which application threads were stopped: 0.0006617 seconds, Stopping threads took: 0.0000200 seconds
49.364: [GC (Allocation Failure)  77421K->653K(419328K), 0.0005813 secs]
49.365: Total time for which application threads were stopped: 0.0006904 seconds, Stopping threads took: 0.0000199 seconds
49.418: [GC (Allocation Failure)  76429K->621K(418304K), 0.0004903 secs]
49.418: Total time for which application threads were stopped: 0.0006221 seconds, Stopping threads took: 0.0000283 seconds
49.465: [GC (Allocation Failure)  75373K->621K(417280K), 0.0004937 secs]
49.466: Total time for which application threads were stopped: 0.0006199 seconds, Stopping threads took: 0.0000271 seconds
49.515: [GC (Allocation Failure)  74349K->653K(416256K), 0.0004842 secs]
49.515: Total time for which application threads were stopped: 0.0006112 seconds, Stopping threads took: 0.0000278 seconds
49.561: [GC (Allocation Failure)  73357K->653K(415232K), 0.0005456 secs]
49.561: Total time for which application threads were stopped: 0.0006729 seconds, Stopping threads took: 0.0000195 seconds
49.606: [GC (Allocation Failure)  72333K->589K(414208K), 0.0006612 secs]
49.607: Total time for which application threads were stopped: 0.0007871 seconds, Stopping threads took: 0.0000271 seconds
49.652: [GC (Allocation Failure)  71245K->653K(413184K), 0.0004449 secs]
49.652: Total time for which application threads were stopped: 0.0005819 seconds, Stopping threads took: 0.0000364 seconds
49.696: [GC (Allocation Failure)  70285K->653K(412160K), 0.0004799 secs]
49.697: Total time for which application threads were stopped: 0.0007333 seconds, Stopping threads took: 0.0000195 seconds
49.740: [GC (Allocation Failure)  69261K->621K(411136K), 0.0004927 secs]
49.740: Total time for which application threads were stopped: 0.0006311 seconds, Stopping threads took: 0.0000193 seconds
49.789: [GC (Allocation Failure)  68205K->589K(410112K), 0.0004555 secs]
49.789: Total time for which application threads were stopped: 0.0005741 seconds, Stopping threads took: 0.0000208 seconds
49.831: [GC (Allocation Failure)  67149K->589K(409088K), 0.0005501 secs]
49.831: Total time for which application threads were stopped: 0.0006595 seconds, Stopping threads took: 0.0000169 seconds
49.879: [GC (Allocation Failure)  66125K->589K(408064K), 0.0005304 secs]
49.879: Total time for which application threads were stopped: 0.0006532 seconds, Stopping threads took: 0.0000199 seconds
49.921: [GC (Allocation Failure)  65101K->685K(407040K), 0.0005087 secs]
49.922: Total time for which application threads were stopped: 0.0006319 seconds, Stopping threads took: 0.0000253 seconds
49.962: [GC (Allocation Failure)  64173K->589K(419840K), 0.0006412 secs]
49.962: Total time for which application threads were stopped: 0.0007595 seconds, Stopping threads took: 0.0000197 seconds
50.014: [GC (Allocation Failure)  76877K->653K(435200K), 0.0005751 secs]
50.015: Total time for which application threads were stopped: 0.0006961 seconds, Stopping threads took: 0.0000196 seconds
50.075: [GC (Allocation Failure)  92301K->653K(433664K), 0.0004547 secs]
50.076: Total time for which application threads were stopped: 0.0005791 seconds, Stopping threads took: 0.0000221 seconds
50.138: [GC (Allocation Failure)  90765K->621K(432128K), 0.0004770 secs]
50.138: Total time for which application threads were stopped: 0.0005956 seconds, Stopping threads took: 0.0000197 seconds
50.194: [GC (Allocation Failure)  89197K->653K(430592K), 0.0006843 secs]
50.195: Total time for which application threads were stopped: 0.0008304 seconds, Stopping threads took: 0.0000192 seconds
50.253: [GC (Allocation Failure)  87693K->653K(429056K), 0.0004989 secs]
50.253: Total time for which application threads were stopped: 0.0006304 seconds, Stopping threads took: 0.0000224 seconds
50.314: [GC (Allocation Failure)  86157K->653K(427520K), 0.0005747 secs]
50.314: Total time for which application threads were stopped: 0.0007026 seconds, Stopping threads took: 0.0000276 seconds
50.367: [GC (Allocation Failure)  84621K->621K(425984K), 0.0004868 secs]
50.367: Total time for which application threads were stopped: 0.0006150 seconds, Stopping threads took: 0.0000276 seconds
50.420: [GC (Allocation Failure)  83053K->685K(424448K), 0.0004079 secs]
50.421: Total time for which application threads were stopped: 0.0005294 seconds, Stopping threads took: 0.0000197 seconds
50.475: [GC (Allocation Failure)  81581K->589K(422912K), 0.0005730 secs]
50.476: Total time for which application threads were stopped: 0.0006795 seconds, Stopping threads took: 0.0000196 seconds
50.531: [GC (Allocation Failure)  79949K->621K(421888K), 0.0005622 secs]
50.532: Total time for which application threads were stopped: 0.0006844 seconds, Stopping threads took: 0.0000166 seconds
50.581: [GC (Allocation Failure)  78957K->653K(420864K), 0.0006243 secs]
50.582: Total time for which application threads were stopped: 0.0008053 seconds, Stopping threads took: 0.0000298 seconds
50.633: [GC (Allocation Failure)  77965K->717K(419840K), 0.0005259 secs]
50.634: Total time for which application threads were stopped: 0.0006680 seconds, Stopping threads took: 0.0000215 seconds
50.684: [GC (Allocation Failure)  77005K->653K(418816K), 0.0005096 secs]
50.685: Total time for which application threads were stopped: 0.0006586 seconds, Stopping threads took: 0.0000301 seconds
50.732: [GC (Allocation Failure)  75917K->621K(417792K), 0.0005229 secs]
50.733: Total time for which application threads were stopped: 0.0006712 seconds, Stopping threads took: 0.0000221 seconds
50.785: [GC (Allocation Failure)  74861K->621K(416768K), 0.0005837 secs]
50.786: Total time for which application threads were stopped: 0.0007322 seconds, Stopping threads took: 0.0000297 seconds
50.837: [GC (Allocation Failure)  73837K->621K(415744K), 0.0005722 secs]
50.838: Total time for which application threads were stopped: 0.0006924 seconds, Stopping threads took: 0.0000195 seconds
50.885: [GC (Allocation Failure)  72813K->621K(414720K), 0.0005344 secs]
50.886: Total time for which application threads were stopped: 0.0006787 seconds, Stopping threads took: 0.0000270 seconds
50.935: [GC (Allocation Failure)  71789K->653K(413696K), 0.0004381 secs]
50.936: Total time for which application threads were stopped: 0.0005636 seconds, Stopping threads took: 0.0000273 seconds
50.980: [GC (Allocation Failure)  70797K->621K(412672K), 0.0004385 secs]
50.980: Total time for which application threads were stopped: 0.0005679 seconds, Stopping threads took: 0.0000288 seconds
51.024: [GC (Allocation Failure)  69741K->653K(411648K), 0.0006224 secs]
51.025: Total time for which application threads were stopped: 0.0007569 seconds, Stopping threads took: 0.0000210 seconds
51.073: [GC (Allocation Failure)  68749K->621K(410624K), 0.0005740 secs]
51.074: Total time for which application threads were stopped: 0.0006858 seconds, Stopping threads took: 0.0000177 seconds
51.116: [GC (Allocation Failure)  67693K->685K(409600K), 0.0004563 secs]
51.117: Total time for which application threads were stopped: 0.0005770 seconds, Stopping threads took: 0.0000197 seconds
51.158: [GC (Allocation Failure)  66733K->685K(408576K), 0.0004661 secs]
51.159: Total time for which application threads were stopped: 0.0005820 seconds, Stopping threads took: 0.0000185 seconds
51.199: [GC (Allocation Failure)  65709K->621K(407552K), 0.0005486 secs]
51.200: Total time for which application threads were stopped: 0.0006757 seconds, Stopping threads took: 0.0000269 seconds
51.240: [GC (Allocation Failure)  64621K->589K(420352K), 0.0005795 secs]
51.241: Total time for which application threads were stopped: 0.0007095 seconds, Stopping threads took: 0.0000196 seconds
51.293: [GC (Allocation Failure)  77389K->589K(435712K), 0.0005691 secs]
51.294: Total time for which application threads were stopped: 0.0007029 seconds, Stopping threads took: 0.0000216 seconds
51.352: [GC (Allocation Failure)  92749K->653K(434176K), 0.0005715 secs]
51.353: Total time for which application threads were stopped: 0.0006948 seconds, Stopping threads took: 0.0000199 seconds
51.411: [GC (Allocation Failure)  91277K->717K(432640K), 0.0004749 secs]
51.412: Total time for which application threads were stopped: 0.0006150 seconds, Stopping threads took: 0.0000268 seconds
51.472: [GC (Allocation Failure)  89805K->685K(431104K), 0.0004837 secs]
51.473: Total time for which application threads were stopped: 0.0005997 seconds, Stopping threads took: 0.0000194 seconds
51.531: [GC (Allocation Failure)  88237K->653K(429568K), 0.0005277 secs]
51.532: Total time for which application threads were stopped: 0.0006759 seconds, Stopping threads took: 0.0000291 seconds
51.589: [GC (Allocation Failure)  86669K->621K(428032K), 0.0004063 secs]
51.589: Total time for which application threads were stopped: 0.0005186 seconds, Stopping threads took: 0.0000178 seconds
51.643: [GC (Allocation Failure)  85101K->685K(426496K), 0.0004408 secs]
51.643: Total time for which application threads were stopped: 0.0005767 seconds, Stopping threads took: 0.0000174 seconds
51.695: [GC (Allocation Failure)  83629K->717K(424960K), 0.0004944 secs]
51.696: Total time for which application threads were stopped: 0.0006213 seconds, Stopping threads took: 0.0000203 seconds
51.747: [GC (Allocation Failure)  82125K->685K(423424K), 0.0005024 secs]
51.748: Total time for which application threads were stopped: 0.0006296 seconds, Stopping threads took: 0.0000216 seconds
51.798: [GC (Allocation Failure)  80557K->621K(422400K), 0.0005934 secs]
51.799: Total time for which application threads were stopped: 0.0007201 seconds, Stopping threads took: 0.0000200 seconds
51.849: [GC (Allocation Failure)  79469K->589K(421376K), 0.0005322 secs]
51.850: Total time for which application threads were stopped: 0.0006635 seconds, Stopping threads took: 0.0000293 seconds
51.900: [GC (Allocation Failure)  78413K->653K(420352K), 0.0004842 secs]
51.900: Total time for which application threads were stopped: 0.0006050 seconds, Stopping threads took: 0.0000246 seconds
51.951: [GC (Allocation Failure)  77453K->653K(419328K), 0.0004631 secs]
51.951: Total time for which application threads were stopped: 0.0006069 seconds, Stopping threads took: 0.0000280 seconds
51.999: [GC (Allocation Failure)  76429K->621K(418304K), 0.0004353 secs]
51.999: Total time for which application threads were stopped: 0.0005612 seconds, Stopping threads took: 0.0000278 seconds
52.049: [GC (Allocation Failure)  75373K->685K(417280K), 0.0005652 secs]
52.050: Total time for which application threads were stopped: 0.0006979 seconds, Stopping threads took: 0.0000173 seconds
52.096: [GC (Allocation Failure)  74413K->589K(416256K), 0.0004377 secs]
52.097: Total time for which application threads were stopped: 0.0005568 seconds, Stopping threads took: 0.0000206 seconds
52.148: [GC (Allocation Failure)  73293K->653K(415232K), 0.0004452 secs]
52.149: Total time for which application threads were stopped: 0.0005742 seconds, Stopping threads took: 0.0000192 seconds
52.194: [GC (Allocation Failure)  72333K->589K(414208K), 0.0006360 secs]
52.194: Total time for which application threads were stopped: 0.0007703 seconds, Stopping threads took: 0.0000219 seconds
52.239: [GC (Allocation Failure)  71245K->653K(413184K), 0.0004880 secs]
52.239: Total time for which application threads were stopped: 0.0006036 seconds, Stopping threads took: 0.0000190 seconds
52.283: [GC (Allocation Failure)  70285K->717K(412160K), 0.0005560 secs]
52.284: Total time for which application threads were stopped: 0.0006748 seconds, Stopping threads took: 0.0000199 seconds
52.327: [GC (Allocation Failure)  69325K->621K(411136K), 0.0004967 secs]
52.327: Total time for which application threads were stopped: 0.0006165 seconds, Stopping threads took: 0.0000195 seconds
52.376: [GC (Allocation Failure)  68205K->653K(410112K), 0.0005758 secs]
52.376: Total time for which application threads were stopped: 0.0006968 seconds, Stopping threads took: 0.0000200 seconds
52.419: [GC (Allocation Failure)  67213K->653K(409088K), 0.0005329 secs]
52.420: Total time for which application threads were stopped: 0.0006612 seconds, Stopping threads took: 0.0000279 seconds
52.461: [GC (Allocation Failure)  66189K->653K(408064K), 0.0004580 secs]
52.461: Total time for which application threads were stopped: 0.0005746 seconds, Stopping threads took: 0.0000193 seconds
52.502: [GC (Allocation Failure)  65165K->653K(407040K), 0.0004709 secs]
52.502: Total time for which application threads were stopped: 0.0005893 seconds, Stopping threads took: 0.0000195 seconds
52.548: [GC (Allocation Failure)  64141K->621K(406016K), 0.0004708 secs]
52.549: Total time for which application threads were stopped: 0.0005971 seconds, Stopping threads took: 0.0000268 seconds
52.595: [GC (Allocation Failure)  63085K->621K(405504K), 0.0004642 secs]
52.595: Total time for which application threads were stopped: 0.0005834 seconds, Stopping threads took: 0.0000194 seconds
52.634: [GC (Allocation Failure)  62573K->621K(404992K), 0.0005380 secs]
52.635: Total time for which application threads were stopped: 0.0006585 seconds, Stopping threads took: 0.0000195 seconds
52.678: [GC (Allocation Failure)  62061K->653K(417280K), 0.0006378 secs]
52.679: Total time for which application threads were stopped: 0.0007636 seconds, Stopping threads took: 0.0000197 seconds
52.725: [GC (Allocation Failure)  74381K->589K(432128K), 0.0006424 secs]
52.726: Total time for which application threads were stopped: 0.0007815 seconds, Stopping threads took: 0.0000191 seconds
52.787: [GC (Allocation Failure)  89165K->589K(430592K), 0.0005348 secs]
52.788: Total time for which application threads were stopped: 0.0006919 seconds, Stopping threads took: 0.0000253 seconds
52.842: [GC (Allocation Failure)  87629K->685K(429056K), 0.0005184 secs]
52.843: Total time for which application threads were stopped: 0.0006557 seconds, Stopping threads took: 0.0000225 seconds
52.897: [GC (Allocation Failure)  86189K->621K(427520K), 0.0004833 secs]
52.898: Total time for which application threads were stopped: 0.0006026 seconds, Stopping threads took: 0.0000249 seconds
52.951: [GC (Allocation Failure)  84589K->685K(425984K), 0.0004715 secs]
52.952: Total time for which application threads were stopped: 0.0005999 seconds, Stopping threads took: 0.0000274 seconds
53.003: [GC (Allocation Failure)  83117K->653K(424448K), 0.0004635 secs]
53.004: Total time for which application threads were stopped: 0.0005826 seconds, Stopping threads took: 0.0000193 seconds
53.055: [GC (Allocation Failure)  81549K->685K(422912K), 0.0004596 secs]
53.055: Total time for which application threads were stopped: 0.0005766 seconds, Stopping threads took: 0.0000196 seconds
53.105: [GC (Allocation Failure)  80045K->621K(421888K), 0.0004630 secs]
53.106: Total time for which application threads were stopped: 0.0005840 seconds, Stopping threads took: 0.0000197 seconds
53.155: [GC (Allocation Failure)  78957K->589K(420864K), 0.0004358 secs]
53.155: Total time for which application threads were stopped: 0.0005523 seconds, Stopping threads took: 0.0000202 seconds
53.210: [GC (Allocation Failure)  77901K->717K(419840K), 0.0006230 secs]
53.210: Total time for which application threads were stopped: 0.0007275 seconds, Stopping threads took: 0.0000168 seconds
53.263: [GC (Allocation Failure)  77005K->653K(418816K), 0.0004956 secs]
53.264: Total time for which application threads were stopped: 0.0006064 seconds, Stopping threads took: 0.0000176 seconds
53.311: [GC (Allocation Failure)  75917K->685K(417792K), 0.0004698 secs]
53.312: Total time for which application threads were stopped: 0.0005993 seconds, Stopping threads took: 0.0000263 seconds
53.364: [GC (Allocation Failure)  74925K->653K(416768K), 0.0005074 secs]
53.364: Total time for which application threads were stopped: 0.0006559 seconds, Stopping threads took: 0.0000342 seconds
53.411: [GC (Allocation Failure)  73869K->621K(415744K), 0.0003963 secs]
53.411: Total time for which application threads were stopped: 0.0005277 seconds, Stopping threads took: 0.0000260 seconds
53.463: [GC (Allocation Failure)  72813K->621K(414720K), 0.0005956 secs]
53.464: Total time for which application threads were stopped: 0.0007238 seconds, Stopping threads took: 0.0000255 seconds
53.512: [GC (Allocation Failure)  71789K->589K(413696K), 0.0006809 secs]
53.513: Total time for which application threads were stopped: 0.0008178 seconds, Stopping threads took: 0.0000225 seconds
53.557: [GC (Allocation Failure)  70733K->653K(412672K), 0.0005309 secs]
53.558: Total time for which application threads were stopped: 0.0006797 seconds, Stopping threads took: 0.0000264 seconds
53.607: [GC (Allocation Failure)  69773K->621K(411648K), 0.0005019 secs]
53.608: Total time for which application threads were stopped: 0.0006436 seconds, Stopping threads took: 0.0000216 seconds
53.655: [GC (Allocation Failure)  68717K->685K(410624K), 0.0004840 secs]
53.656: Total time for which application threads were stopped: 0.0006047 seconds, Stopping threads took: 0.0000201 seconds
53.698: [GC (Allocation Failure)  67757K->653K(409600K), 0.0005421 secs]
53.699: Total time for which application threads were stopped: 0.0006706 seconds, Stopping threads took: 0.0000276 seconds
53.740: [GC (Allocation Failure)  66701K->685K(422912K), 0.0006122 secs]
53.741: Total time for which application threads were stopped: 0.0007314 seconds, Stopping threads took: 0.0000190 seconds
53.796: [GC (Allocation Failure)  80045K->685K(421888K), 0.0005216 secs]
53.797: Total time for which application threads were stopped: 0.0006380 seconds, Stopping threads took: 0.0000199 seconds
53.849: [GC (Allocation Failure)  79021K->621K(420864K), 0.0005553 secs]
53.850: Total time for which application threads were stopped: 0.0006735 seconds, Stopping threads took: 0.0000167 seconds
53.903: [GC (Allocation Failure)  77933K->653K(436736K), 0.0017294 secs]
53.905: Total time for which application threads were stopped: 0.0018718 seconds, Stopping threads took: 0.0000266 seconds
53.965: [GC (Allocation Failure)  93837K->589K(455680K), 0.0005913 secs]
53.966: Total time for which application threads were stopped: 0.0006984 seconds, Stopping threads took: 0.0000193 seconds
54.041: [GC (Allocation Failure)  112717K->717K(478208K), 0.0004690 secs]
54.041: Total time for which application threads were stopped: 0.0005737 seconds, Stopping threads took: 0.0000164 seconds
54.131: [GC (Allocation Failure)  135373K->653K(475136K), 0.0005243 secs]
54.132: Total time for which application threads were stopped: 0.0006649 seconds, Stopping threads took: 0.0000258 seconds
54.220: [GC (Allocation Failure)  132237K->653K(472064K), 0.0006305 secs]
54.221: Total time for which application threads were stopped: 0.0007405 seconds, Stopping threads took: 0.0000182 seconds
54.307: [GC (Allocation Failure)  129165K->621K(468992K), 0.0006659 secs]
54.308: Total time for which application threads were stopped: 0.0007942 seconds, Stopping threads took: 0.0000270 seconds
54.386: [GC (Allocation Failure)  126061K->621K(465920K), 0.0006585 secs]
54.387: Total time for which application threads were stopped: 0.0007943 seconds, Stopping threads took: 0.0000194 seconds
54.468: [GC (Allocation Failure)  122989K->685K(463360K), 0.0004498 secs]
54.469: Total time for which application threads were stopped: 0.0005886 seconds, Stopping threads took: 0.0000286 seconds
54.544: [GC (Allocation Failure)  120493K->589K(460800K), 0.0004957 secs]
54.544: Total time for which application threads were stopped: 0.0006338 seconds, Stopping threads took: 0.0000208 seconds
54.617: [GC (Allocation Failure)  117837K->621K(458240K), 0.0004818 secs]
54.618: Total time for which application threads were stopped: 0.0006092 seconds, Stopping threads took: 0.0000274 seconds
54.690: [GC (Allocation Failure)  115309K->653K(455680K), 0.0004974 secs]
54.690: Total time for which application threads were stopped: 0.0006399 seconds, Stopping threads took: 0.0000212 seconds
54.760: [GC (Allocation Failure)  112781K->621K(453120K), 0.0005079 secs]
54.761: Total time for which application threads were stopped: 0.0006712 seconds, Stopping threads took: 0.0000311 seconds
54.836: [GC (Allocation Failure)  110189K->589K(451072K), 0.0005203 secs]
54.836: Total time for which application threads were stopped: 0.0006842 seconds, Stopping threads took: 0.0000226 seconds
54.907: [GC (Allocation Failure)  108109K->589K(449024K), 0.0004970 secs]
54.908: Total time for which application threads were stopped: 0.0006067 seconds, Stopping threads took: 0.0000257 seconds
54.975: [GC (Allocation Failure)  106061K->621K(446976K), 0.0004829 secs]
54.975: Total time for which application threads were stopped: 0.0006023 seconds, Stopping threads took: 0.0000198 seconds
55.046: [GC (Allocation Failure)  104045K->621K(444928K), 0.0005679 secs]
55.047: Total time for which application threads were stopped: 0.0006896 seconds, Stopping threads took: 0.0000195 seconds
55.110: [GC (Allocation Failure)  101997K->653K(442880K), 0.0004578 secs]
55.111: Total time for which application threads were stopped: 0.0005745 seconds, Stopping threads took: 0.0000196 seconds
55.173: [GC (Allocation Failure)  99981K->653K(440832K), 0.0005684 secs]
55.173: Total time for which application threads were stopped: 0.0006857 seconds, Stopping threads took: 0.0000196 seconds
55.234: [GC (Allocation Failure)  97933K->653K(438784K), 0.0005803 secs]
55.235: Total time for which application threads were stopped: 0.0006969 seconds, Stopping threads took: 0.0000189 seconds
55.295: [GC (Allocation Failure)  95885K->653K(437248K), 0.0004625 secs]
55.295: Total time for which application threads were stopped: 0.0005790 seconds, Stopping threads took: 0.0000199 seconds
55.354: [GC (Allocation Failure)  94349K->621K(435712K), 0.0004711 secs]
55.354: Total time for which application threads were stopped: 0.0005903 seconds, Stopping threads took: 0.0000191 seconds
55.418: [GC (Allocation Failure)  92781K->653K(434176K), 0.0004607 secs]
55.418: Total time for which application threads were stopped: 0.0005896 seconds, Stopping threads took: 0.0000287 seconds
55.476: [GC (Allocation Failure)  91277K->621K(432640K), 0.0006774 secs]
55.477: Total time for which application threads were stopped: 0.0008197 seconds, Stopping threads took: 0.0000270 seconds
55.537: [GC (Allocation Failure)  89709K->589K(431104K), 0.0005613 secs]
55.538: Total time for which application threads were stopped: 0.0007127 seconds, Stopping threads took: 0.0000264 seconds
55.599: [GC (Allocation Failure)  88141K->621K(429568K), 0.0004802 secs]
55.599: Total time for which application threads were stopped: 0.0006119 seconds, Stopping threads took: 0.0000219 seconds
55.658: [GC (Allocation Failure)  86637K->621K(428032K), 0.0005326 secs]
55.659: Total time for which application threads were stopped: 0.0006846 seconds, Stopping threads took: 0.0000224 seconds
55.717: [GC (Allocation Failure)  85101K->621K(426496K), 0.0005123 secs]
55.718: Total time for which application threads were stopped: 0.0006510 seconds, Stopping threads took: 0.0000311 seconds
55.774: [GC (Allocation Failure)  83565K->621K(424960K), 0.0004857 secs]
55.775: Total time for which application threads were stopped: 0.0006050 seconds, Stopping threads took: 0.0000196 seconds
55.833: [GC (Allocation Failure)  82029K->621K(423424K), 0.0004787 secs]
55.833: Total time for which application threads were stopped: 0.0006132 seconds, Stopping threads took: 0.0000292 seconds
55.890: [GC (Allocation Failure)  80493K->621K(422400K), 0.0004062 secs]
55.890: Total time for which application threads were stopped: 0.0005247 seconds, Stopping threads took: 0.0000187 seconds
55.941: [GC (Allocation Failure)  79469K->621K(421376K), 0.0004405 secs]
55.941: Total time for which application threads were stopped: 0.0005832 seconds, Stopping threads took: 0.0000194 seconds
55.990: [GC (Allocation Failure)  78445K->653K(420352K), 0.0004552 secs]
55.991: Total time for which application threads were stopped: 0.0005831 seconds, Stopping threads took: 0.0000275 seconds
56.039: [GC (Allocation Failure)  77453K->589K(419328K), 0.0006026 secs]
56.040: Total time for which application threads were stopped: 0.0007331 seconds, Stopping threads took: 0.0000195 seconds
56.087: [GC (Allocation Failure)  76365K->653K(418304K), 0.0007117 secs]
56.088: Total time for which application threads were stopped: 0.0008412 seconds, Stopping threads took: 0.0000199 seconds
56.135: [GC (Allocation Failure)  75405K->621K(417280K), 0.0005066 secs]
56.135: Total time for which application threads were stopped: 0.0006515 seconds, Stopping threads took: 0.0000213 seconds
56.182: [GC (Allocation Failure)  74349K->621K(416256K), 0.0005066 secs]
56.182: Total time for which application threads were stopped: 0.0006663 seconds, Stopping threads took: 0.0000311 seconds
56.233: [GC (Allocation Failure)  73325K->621K(415232K), 0.0004916 secs]
56.234: Total time for which application threads were stopped: 0.0006308 seconds, Stopping threads took: 0.0000312 seconds
56.279: [GC (Allocation Failure)  72301K->653K(414208K), 0.0005289 secs]
56.279: Total time for which application threads were stopped: 0.0006498 seconds, Stopping threads took: 0.0000202 seconds
56.331: [GC (Allocation Failure)  71309K->685K(413184K), 0.0004721 secs]
56.331: Total time for which application threads were stopped: 0.0005867 seconds, Stopping threads took: 0.0000192 seconds
56.382: [GC (Allocation Failure)  70317K->685K(412160K), 0.0006521 secs]
56.383: Total time for which application threads were stopped: 0.0007877 seconds, Stopping threads took: 0.0000282 seconds
56.431: [GC (Allocation Failure)  69293K->621K(411136K), 0.0004227 secs]
56.432: Total time for which application threads were stopped: 0.0005695 seconds, Stopping threads took: 0.0000284 seconds
56.478: [GC (Allocation Failure)  68205K->653K(410112K), 0.0004866 secs]
56.479: Total time for which application threads were stopped: 0.0006209 seconds, Stopping threads took: 0.0000223 seconds
56.520: [GC (Allocation Failure)  67213K->653K(409088K), 0.0005364 secs]
56.521: Total time for which application threads were stopped: 0.0006645 seconds, Stopping threads took: 0.0000278 seconds
56.562: [GC (Allocation Failure)  66189K->653K(408064K), 0.0004884 secs]
56.563: Total time for which application threads were stopped: 0.0006129 seconds, Stopping threads took: 0.0000272 seconds
56.603: [GC (Allocation Failure)  65165K->653K(407040K), 0.0004906 secs]
56.604: Total time for which application threads were stopped: 0.0006113 seconds, Stopping threads took: 0.0000199 seconds
56.644: [GC (Allocation Failure)  64141K->653K(406016K), 0.0004580 secs]
56.644: Total time for which application threads were stopped: 0.0005723 seconds, Stopping threads took: 0.0000188 seconds
56.683: [GC (Allocation Failure)  63117K->621K(418816K), 0.0005624 secs]
56.684: Total time for which application threads were stopped: 0.0006887 seconds, Stopping threads took: 0.0000266 seconds
56.734: [GC (Allocation Failure)  75885K->621K(417792K), 0.0005370 secs]
56.735: Total time for which application threads were stopped: 0.0006606 seconds, Stopping threads took: 0.0000269 seconds
56.788: [GC (Allocation Failure)  74861K->621K(416768K), 0.0004728 secs]
56.788: Total time for which application threads were stopped: 0.0005937 seconds, Stopping threads took: 0.0000200 seconds
56.834: [GC (Allocation Failure)  73837K->685K(415744K), 0.0004965 secs]
56.835: Total time for which application threads were stopped: 0.0006252 seconds, Stopping threads took: 0.0000192 seconds
56.880: [GC (Allocation Failure)  72877K->621K(414720K), 0.0005108 secs]
56.881: Total time for which application threads were stopped: 0.0006371 seconds, Stopping threads took: 0.0000216 seconds
56.927: [GC (Allocation Failure)  71789K->589K(413696K), 0.0005054 secs]
56.928: Total time for which application threads were stopped: 0.0006396 seconds, Stopping threads took: 0.0000195 seconds
56.978: [GC (Allocation Failure)  70733K->621K(412672K), 0.0005907 secs]
56.978: Total time for which application threads were stopped: 0.0007116 seconds, Stopping threads took: 0.0000280 seconds
57.025: [GC (Allocation Failure)  69741K->685K(411648K), 0.0004424 secs]
57.026: Total time for which application threads were stopped: 0.0005585 seconds, Stopping threads took: 0.0000196 seconds
57.072: [GC (Allocation Failure)  68781K->685K(410624K), 0.0004568 secs]
57.073: Total time for which application threads were stopped: 0.0005821 seconds, Stopping threads took: 0.0000167 seconds
57.115: [GC (Allocation Failure)  67757K->653K(424448K), 0.0007162 secs]
57.116: Total time for which application threads were stopped: 0.0008602 seconds, Stopping threads took: 0.0000287 seconds
57.166: [GC (Allocation Failure)  81549K->621K(422912K), 0.0004702 secs]
57.167: Total time for which application threads were stopped: 0.0005905 seconds, Stopping threads took: 0.0000202 seconds
57.222: [GC (Allocation Failure)  79981K->621K(421888K), 0.0005253 secs]
57.222: Total time for which application threads were stopped: 0.0006447 seconds, Stopping threads took: 0.0000207 seconds
57.272: [GC (Allocation Failure)  78957K->653K(420864K), 0.0005052 secs]
57.272: Total time for which application threads were stopped: 0.0006329 seconds, Stopping threads took: 0.0000189 seconds
57.321: [GC (Allocation Failure)  77965K->621K(419840K), 0.0005195 secs]
57.321: Total time for which application threads were stopped: 0.0006547 seconds, Stopping threads took: 0.0000202 seconds
57.369: [GC (Allocation Failure)  76909K->653K(418816K), 0.0004693 secs]
57.370: Total time for which application threads were stopped: 0.0005942 seconds, Stopping threads took: 0.0000212 seconds
57.423: [GC (Allocation Failure)  75917K->685K(417792K), 0.0004947 secs]
57.424: Total time for which application threads were stopped: 0.0006247 seconds, Stopping threads took: 0.0000287 seconds
57.477: [GC (Allocation Failure)  74925K->653K(416768K), 0.0005077 secs]
57.478: Total time for which application threads were stopped: 0.0006435 seconds, Stopping threads took: 0.0000216 seconds
57.524: [GC (Allocation Failure)  73869K->621K(415744K), 0.0005194 secs]
57.525: Total time for which application threads were stopped: 0.0006677 seconds, Stopping threads took: 0.0000225 seconds
57.575: [GC (Allocation Failure)  72813K->589K(414720K), 0.0005021 secs]
57.575: Total time for which application threads were stopped: 0.0006241 seconds, Stopping threads took: 0.0000218 seconds
57.625: [GC (Allocation Failure)  71757K->653K(413696K), 0.0005624 secs]
57.625: Total time for which application threads were stopped: 0.0006833 seconds, Stopping threads took: 0.0000199 seconds
57.670: [GC (Allocation Failure)  70797K->685K(412672K), 0.0005082 secs]
57.670: Total time for which application threads were stopped: 0.0006448 seconds, Stopping threads took: 0.0000217 seconds
57.719: [GC (Allocation Failure)  69805K->589K(411648K), 0.0006037 secs]
57.720: Total time for which application threads were stopped: 0.0007189 seconds, Stopping threads took: 0.0000212 seconds
57.767: [GC (Allocation Failure)  68685K->653K(425472K), 0.0015408 secs]
57.769: Total time for which application threads were stopped: 0.0016500 seconds, Stopping threads took: 0.0000172 seconds
57.826: [GC (Allocation Failure)  82573K->621K(441856K), 0.0004902 secs]
57.826: Total time for which application threads were stopped: 0.0006108 seconds, Stopping threads took: 0.0000171 seconds
57.888: [GC (Allocation Failure)  98925K->653K(461824K), 0.0004748 secs]
57.888: Total time for which application threads were stopped: 0.0005967 seconds, Stopping threads took: 0.0000199 seconds
57.966: [GC (Allocation Failure)  118925K->621K(459264K), 0.0005001 secs]
57.966: Total time for which application threads were stopped: 0.0006263 seconds, Stopping threads took: 0.0000197 seconds
58.039: [GC (Allocation Failure)  116333K->589K(456704K), 0.0007035 secs]
58.040: Total time for which application threads were stopped: 0.0008594 seconds, Stopping threads took: 0.0000240 seconds
58.118: [GC (Allocation Failure)  113741K->685K(454144K), 0.0006390 secs]
58.119: Total time for which application threads were stopped: 0.0007708 seconds, Stopping threads took: 0.0000210 seconds
58.188: [GC (Allocation Failure)  111277K->653K(452096K), 0.0004666 secs]
58.188: Total time for which application threads were stopped: 0.0005831 seconds, Stopping threads took: 0.0000190 seconds
58.256: [GC (Allocation Failure)  109197K->653K(450048K), 0.0004559 secs]
58.257: Total time for which application threads were stopped: 0.0005733 seconds, Stopping threads took: 0.0000199 seconds
58.327: [GC (Allocation Failure)  107149K->685K(448000K), 0.0005300 secs]
58.328: Total time for which application threads were stopped: 0.0006381 seconds, Stopping threads took: 0.0000174 seconds
58.397: [GC (Allocation Failure)  105133K->621K(445952K), 0.0004314 secs]
58.398: Total time for which application threads were stopped: 0.0005533 seconds, Stopping threads took: 0.0000255 seconds
58.467: [GC (Allocation Failure)  103021K->653K(443904K), 0.0004866 secs]
58.468: Total time for which application threads were stopped: 0.0006198 seconds, Stopping threads took: 0.0000209 seconds
58.531: [GC (Allocation Failure)  101005K->621K(441856K), 0.0007399 secs]
58.531: Total time for which application threads were stopped: 0.0008916 seconds, Stopping threads took: 0.0000298 seconds
58.593: [GC (Allocation Failure)  98925K->685K(439808K), 0.0005984 secs]
58.593: Total time for which application threads were stopped: 0.0007474 seconds, Stopping threads took: 0.0000222 seconds
58.658: [GC (Allocation Failure)  96941K->621K(437760K), 0.0005637 secs]
58.659: Total time for which application threads were stopped: 0.0006873 seconds, Stopping threads took: 0.0000190 seconds
58.718: [GC (Allocation Failure)  94829K->653K(436224K), 0.0004784 secs]
58.718: Total time for which application threads were stopped: 0.0006030 seconds, Stopping threads took: 0.0000275 seconds
58.776: [GC (Allocation Failure)  93325K->621K(434688K), 0.0005453 secs]
58.777: Total time for which application threads were stopped: 0.0006649 seconds, Stopping threads took: 0.0000193 seconds
58.834: [GC (Allocation Failure)  91757K->621K(433152K), 0.0004853 secs]
58.835: Total time for which application threads were stopped: 0.0006376 seconds, Stopping threads took: 0.0000300 seconds
58.891: [GC (Allocation Failure)  90221K->589K(451072K), 0.0053036 secs]
58.896: Total time for which application threads were stopped: 0.0055695 seconds, Stopping threads took: 0.0000301 seconds
58.964: [GC (Allocation Failure)  108109K->653K(472576K), 0.0004034 secs]
58.965: Total time for which application threads were stopped: 0.0005229 seconds, Stopping threads took: 0.0000274 seconds
59.051: [GC (Allocation Failure)  129677K->653K(498688K), 0.0004315 secs]
59.052: Total time for which application threads were stopped: 0.0005762 seconds, Stopping threads took: 0.0000273 seconds
59.148: [GC (Allocation Failure)  155789K->621K(529920K), 0.0005763 secs]
59.149: Total time for which application threads were stopped: 0.0007052 seconds, Stopping threads took: 0.0000192 seconds
59.264: [GC (Allocation Failure)  186989K->685K(567296K), 0.0005984 secs]
59.265: Total time for which application threads were stopped: 0.0007241 seconds, Stopping threads took: 0.0000205 seconds
59.404: [GC (Allocation Failure)  224429K->621K(560640K), 0.0004332 secs]
59.405: Total time for which application threads were stopped: 0.0005534 seconds, Stopping threads took: 0.0000193 seconds
59.539: [GC (Allocation Failure)  217709K->621K(553984K), 0.0006611 secs]
59.540: Total time for which application threads were stopped: 0.0007777 seconds, Stopping threads took: 0.0000188 seconds
59.671: [GC (Allocation Failure)  211053K->653K(547840K), 0.0005667 secs]
59.671: Total time for which application threads were stopped: 0.0006862 seconds, Stopping threads took: 0.0000191 seconds
59.804: [GC (Allocation Failure)  204941K->621K(541696K), 0.0004459 secs]
59.805: Total time for which application threads were stopped: 0.0005620 seconds, Stopping threads took: 0.0000198 seconds
59.929: [GC (Allocation Failure)  198765K->589K(536064K), 0.0007177 secs]
59.930: Total time for which application threads were stopped: 0.0008454 seconds, Stopping threads took: 0.0000283 seconds
60.054: [GC (Allocation Failure)  193101K->621K(530432K), 0.0005034 secs]
60.054: Total time for which application threads were stopped: 0.0006345 seconds, Stopping threads took: 0.0000227 seconds
60.176: [GC (Allocation Failure)  187501K->653K(525312K), 0.0004720 secs]
60.177: Total time for which application threads were stopped: 0.0005916 seconds, Stopping threads took: 0.0000203 seconds
60.291: [GC (Allocation Failure)  182413K->653K(520192K), 0.0004953 secs]
60.292: Total time for which application threads were stopped: 0.0006285 seconds, Stopping threads took: 0.0000204 seconds
60.402: [GC (Allocation Failure)  177293K->621K(515584K), 0.0005646 secs]
60.403: Total time for which application threads were stopped: 0.0007101 seconds, Stopping threads took: 0.0000283 seconds
60.516: [GC (Allocation Failure)  172653K->621K(510976K), 0.0004636 secs]
60.517: Total time for which application threads were stopped: 0.0005837 seconds, Stopping threads took: 0.0000192 seconds
60.621: [GC (Allocation Failure)  168045K->653K(506368K), 0.0005486 secs]
60.621: Total time for which application threads were stopped: 0.0006944 seconds, Stopping threads took: 0.0000199 seconds
60.723: [GC (Allocation Failure)  163469K->589K(502272K), 0.0004082 secs]
60.723: Total time for which application threads were stopped: 0.0005243 seconds, Stopping threads took: 0.0000201 seconds
60.827: [GC (Allocation Failure)  159309K->621K(498176K), 0.0005853 secs]
60.827: Total time for which application threads were stopped: 0.0007212 seconds, Stopping threads took: 0.0000204 seconds
60.929: [GC (Allocation Failure)  155245K->653K(494080K), 0.0005394 secs]
60.930: Total time for which application threads were stopped: 0.0006609 seconds, Stopping threads took: 0.0000269 seconds
61.028: [GC (Allocation Failure)  151181K->621K(490496K), 0.0004958 secs]
61.029: Total time for which application threads were stopped: 0.0006324 seconds, Stopping threads took: 0.0000199 seconds
61.121: [GC (Allocation Failure)  147565K->685K(486912K), 0.0004594 secs]
61.121: Total time for which application threads were stopped: 0.0005863 seconds, Stopping threads took: 0.0000220 seconds
61.216: [GC (Allocation Failure)  144045K->653K(483328K), 0.0005068 secs]
61.217: Total time for which application threads were stopped: 0.0006316 seconds, Stopping threads took: 0.0000270 seconds
61.304: [GC (Allocation Failure)  140429K->653K(479744K), 0.0004685 secs]
61.304: Total time for which application threads were stopped: 0.0005862 seconds, Stopping threads took: 0.0000190 seconds
61.389: [GC (Allocation Failure)  136845K->653K(476672K), 0.0004811 secs]
61.390: Total time for which application threads were stopped: 0.0005988 seconds, Stopping threads took: 0.0000196 seconds
61.474: [GC (Allocation Failure)  133773K->621K(473600K), 0.0004118 secs]
61.475: Total time for which application threads were stopped: 0.0005321 seconds, Stopping threads took: 0.0000195 seconds
61.556: [GC (Allocation Failure)  130669K->589K(470528K), 0.0005737 secs]
61.557: Total time for which application threads were stopped: 0.0007148 seconds, Stopping threads took: 0.0000270 seconds
61.642: [GC (Allocation Failure)  127565K->621K(467456K), 0.0005606 secs]
61.642: Total time for which application threads were stopped: 0.0006871 seconds, Stopping threads took: 0.0000268 seconds
61.725: [GC (Allocation Failure)  124525K->653K(464896K), 0.0006061 secs]
61.725: Total time for which application threads were stopped: 0.0007371 seconds, Stopping threads took: 0.0000197 seconds
61.801: [GC (Allocation Failure)  121997K->653K(462336K), 0.0004772 secs]
61.802: Total time for which application threads were stopped: 0.0006107 seconds, Stopping threads took: 0.0000213 seconds
61.881: [GC (Allocation Failure)  119437K->653K(459776K), 0.0005110 secs]
61.882: Total time for which application threads were stopped: 0.0006478 seconds, Stopping threads took: 0.0000215 seconds
61.956: [GC (Allocation Failure)  116877K->653K(457216K), 0.0005934 secs]
61.957: Total time for which application threads were stopped: 0.0007226 seconds, Stopping threads took: 0.0000275 seconds
62.033: [GC (Allocation Failure)  114317K->621K(454656K), 0.0005152 secs]
62.034: Total time for which application threads were stopped: 0.0006669 seconds, Stopping threads took: 0.0000226 seconds
62.103: [GC (Allocation Failure)  111725K->589K(452096K), 0.0004862 secs]
62.104: Total time for which application threads were stopped: 0.0006279 seconds, Stopping threads took: 0.0000269 seconds
62.172: [GC (Allocation Failure)  109133K->589K(450048K), 0.0005521 secs]
62.172: Total time for which application threads were stopped: 0.0006750 seconds, Stopping threads took: 0.0000216 seconds
62.243: [GC (Allocation Failure)  107085K->621K(448000K), 0.0004377 secs]
62.243: Total time for which application threads were stopped: 0.0005538 seconds, Stopping threads took: 0.0000170 seconds
62.309: [GC (Allocation Failure)  105069K->717K(445952K), 0.0006342 secs]
62.310: Total time for which application threads were stopped: 0.0007684 seconds, Stopping threads took: 0.0000227 seconds
62.375: [GC (Allocation Failure)  103117K->653K(443904K), 0.0006762 secs]
62.375: Total time for which application threads were stopped: 0.0008122 seconds, Stopping threads took: 0.0000217 seconds
62.440: [GC (Allocation Failure)  101005K->621K(441856K), 0.0004078 secs]
62.440: Total time for which application threads were stopped: 0.0005396 seconds, Stopping threads took: 0.0000276 seconds
62.502: [GC (Allocation Failure)  98925K->653K(439808K), 0.0004853 secs]
62.503: Total time for which application threads were stopped: 0.0006207 seconds, Stopping threads took: 0.0000254 seconds
62.564: [GC (Allocation Failure)  96909K->621K(437760K), 0.0005132 secs]
62.564: Total time for which application threads were stopped: 0.0006725 seconds, Stopping threads took: 0.0000569 seconds
62.629: [GC (Allocation Failure)  94829K->621K(436224K), 0.0005322 secs]
62.630: Total time for which application threads were stopped: 0.0006551 seconds, Stopping threads took: 0.0000220 seconds
62.691: [GC (Allocation Failure)  93293K->621K(434688K), 0.0005060 secs]
62.691: Total time for which application threads were stopped: 0.0006284 seconds, Stopping threads took: 0.0000169 seconds
62.749: [GC (Allocation Failure)  91757K->621K(433152K), 0.0004930 secs]
62.749: Total time for which application threads were stopped: 0.0006100 seconds, Stopping threads took: 0.0000197 seconds
62.806: [GC (Allocation Failure)  90221K->685K(431616K), 0.0004623 secs]
62.806: Total time for which application threads were stopped: 0.0005899 seconds, Stopping threads took: 0.0000274 seconds
62.862: [GC (Allocation Failure)  88749K->621K(430080K), 0.0005826 secs]
62.862: Total time for which application threads were stopped: 0.0007103 seconds, Stopping threads took: 0.0000199 seconds
62.923: [GC (Allocation Failure)  87149K->685K(428544K), 0.0004751 secs]
62.924: Total time for which application threads were stopped: 0.0006033 seconds, Stopping threads took: 0.0000198 seconds
62.981: [GC (Allocation Failure)  85677K->653K(427008K), 0.0005130 secs]
62.981: Total time for which application threads were stopped: 0.0006399 seconds, Stopping threads took: 0.0000212 seconds
63.038: [GC (Allocation Failure)  84109K->685K(425472K), 0.0004609 secs]
63.039: Total time for which application threads were stopped: 0.0005859 seconds, Stopping threads took: 0.0000276 seconds
63.090: [GC (Allocation Failure)  82605K->653K(423936K), 0.0005451 secs]
63.091: Total time for which application threads were stopped: 0.0006654 seconds, Stopping threads took: 0.0000194 seconds
63.141: [GC (Allocation Failure)  81037K->653K(422400K), 0.0006064 secs]
63.142: Total time for which application threads were stopped: 0.0007217 seconds, Stopping threads took: 0.0000192 seconds
63.197: [GC (Allocation Failure)  79501K->557K(421376K), 0.0005912 secs]
63.197: Total time for which application threads were stopped: 0.0007365 seconds, Stopping threads took: 0.0000280 seconds
63.249: [GC (Allocation Failure)  78381K->621K(420352K), 0.0005916 secs]
63.250: Total time for which application threads were stopped: 0.0007317 seconds, Stopping threads took: 0.0000220 seconds
63.298: [GC (Allocation Failure)  77421K->621K(419328K), 0.0006264 secs]
63.299: Total time for which application threads were stopped: 0.0007666 seconds, Stopping threads took: 0.0000312 seconds
63.351: [GC (Allocation Failure)  76397K->589K(418304K), 0.0005463 secs]
63.352: Total time for which application threads were stopped: 0.0006657 seconds, Stopping threads took: 0.0000195 seconds
63.399: [GC (Allocation Failure)  75341K->653K(417280K), 0.0004309 secs]
63.400: Total time for which application threads were stopped: 0.0005738 seconds, Stopping threads took: 0.0000258 seconds
63.446: [GC (Allocation Failure)  74381K->589K(416256K), 0.0005749 secs]
63.446: Total time for which application threads were stopped: 0.0006882 seconds, Stopping threads took: 0.0000199 seconds
63.496: [GC (Allocation Failure)  73293K->653K(415232K), 0.0005340 secs]
63.496: Total time for which application threads were stopped: 0.0006420 seconds, Stopping threads took: 0.0000172 seconds
63.541: [GC (Allocation Failure)  72333K->621K(414208K), 0.0005135 secs]
63.542: Total time for which application threads were stopped: 0.0006337 seconds, Stopping threads took: 0.0000199 seconds
63.587: [GC (Allocation Failure)  71277K->589K(413184K), 0.0004663 secs]
63.587: Total time for which application threads were stopped: 0.0005849 seconds, Stopping threads took: 0.0000199 seconds
63.631: [GC (Allocation Failure)  70221K->589K(412160K), 0.0004503 secs]
63.631: Total time for which application threads were stopped: 0.0005706 seconds, Stopping threads took: 0.0000200 seconds
63.679: [GC (Allocation Failure)  69197K->621K(411136K), 0.0005290 secs]
63.679: Total time for which application threads were stopped: 0.0006468 seconds, Stopping threads took: 0.0000174 seconds
63.726: [GC (Allocation Failure)  68205K->589K(410112K), 0.0006039 secs]
63.727: Total time for which application threads were stopped: 0.0007365 seconds, Stopping threads took: 0.0000213 seconds
63.769: [GC (Allocation Failure)  67149K->621K(423424K), 0.0005721 secs]
63.770: Total time for which application threads were stopped: 0.0007192 seconds, Stopping threads took: 0.0000292 seconds
63.820: [GC (Allocation Failure)  80493K->653K(422400K), 0.0005436 secs]
63.821: Total time for which application threads were stopped: 0.0006815 seconds, Stopping threads took: 0.0000217 seconds
63.874: [GC (Allocation Failure)  79501K->685K(421376K), 0.0005364 secs]
63.874: Total time for which application threads were stopped: 0.0006651 seconds, Stopping threads took: 0.0000223 seconds
63.924: [GC (Allocation Failure)  78509K->621K(420352K), 0.0005880 secs]
63.925: Total time for which application threads were stopped: 0.0007155 seconds, Stopping threads took: 0.0000273 seconds
63.973: [GC (Allocation Failure)  77421K->621K(419328K), 0.0004863 secs]
63.974: Total time for which application threads were stopped: 0.0006065 seconds, Stopping threads took: 0.0000199 seconds
64.021: [GC (Allocation Failure)  76397K->621K(418304K), 0.0006099 secs]
64.022: Total time for which application threads were stopped: 0.0007445 seconds, Stopping threads took: 0.0000198 seconds
64.074: [GC (Allocation Failure)  75373K->653K(417280K), 0.0005176 secs]
64.074: Total time for which application threads were stopped: 0.0006458 seconds, Stopping threads took: 0.0000229 seconds
64.126: [GC (Allocation Failure)  74381K->653K(416256K), 0.0006069 secs]
64.127: Total time for which application threads were stopped: 0.0007210 seconds, Stopping threads took: 0.0000193 seconds
64.176: [GC (Allocation Failure)  73357K->621K(415232K), 0.0004051 secs]
64.177: Total time for which application threads were stopped: 0.0005132 seconds, Stopping threads took: 0.0000168 seconds
64.227: [GC (Allocation Failure)  72301K->621K(414208K), 0.0004441 secs]
64.228: Total time for which application threads were stopped: 0.0005545 seconds, Stopping threads took: 0.0000173 seconds
64.272: [GC (Allocation Failure)  71277K->717K(413184K), 0.0004860 secs]
64.273: Total time for which application threads were stopped: 0.0006069 seconds, Stopping threads took: 0.0000201 seconds
64.323: [GC (Allocation Failure)  70349K->653K(412160K), 0.0004566 secs]
64.323: Total time for which application threads were stopped: 0.0005810 seconds, Stopping threads took: 0.0000225 seconds
64.372: [GC (Allocation Failure)  69261K->621K(411136K), 0.0005702 secs]
64.373: Total time for which application threads were stopped: 0.0007210 seconds, Stopping threads took: 0.0000235 seconds
64.423: [GC (Allocation Failure)  68205K->621K(410112K), 0.0004330 secs]
64.424: Total time for which application threads were stopped: 0.0005537 seconds, Stopping threads took: 0.0000198 seconds
64.466: [GC (Allocation Failure)  67181K->621K(409088K), 0.0005694 secs]
64.466: Total time for which application threads were stopped: 0.0007215 seconds, Stopping threads took: 0.0000295 seconds
64.508: [GC (Allocation Failure)  66157K->621K(408064K), 0.0004843 secs]
64.508: Total time for which application threads were stopped: 0.0006198 seconds, Stopping threads took: 0.0000205 seconds
64.555: [GC (Allocation Failure)  65133K->653K(407040K), 0.0005176 secs]
64.555: Total time for which application threads were stopped: 0.0006579 seconds, Stopping threads took: 0.0000218 seconds
64.595: [GC (Allocation Failure)  64141K->621K(406016K), 0.0005437 secs]
64.596: Total time for which application threads were stopped: 0.0006840 seconds, Stopping threads took: 0.0000223 seconds
64.635: [GC (Allocation Failure)  63085K->653K(418816K), 0.0005936 secs]
64.636: Total time for which application threads were stopped: 0.0007158 seconds, Stopping threads took: 0.0000283 seconds
64.689: [GC (Allocation Failure)  75917K->589K(434176K), 0.0005898 secs]
64.690: Total time for which application threads were stopped: 0.0007166 seconds, Stopping threads took: 0.0000201 seconds
64.752: [GC (Allocation Failure)  91213K->621K(432640K), 0.0005841 secs]
64.753: Total time for which application threads were stopped: 0.0007100 seconds, Stopping threads took: 0.0000271 seconds
64.815: [GC (Allocation Failure)  89709K->653K(431104K), 0.0005286 secs]
64.815: Total time for which application threads were stopped: 0.0006484 seconds, Stopping threads took: 0.0000196 seconds
64.870: [GC (Allocation Failure)  88205K->621K(429568K), 0.0004927 secs]
64.871: Total time for which application threads were stopped: 0.0006122 seconds, Stopping threads took: 0.0000195 seconds
64.926: [GC (Allocation Failure)  86637K->653K(428032K), 0.0004610 secs]
64.926: Total time for which application threads were stopped: 0.0005866 seconds, Stopping threads took: 0.0000270 seconds
64.979: [GC (Allocation Failure)  85133K->621K(426496K), 0.0005800 secs]
64.980: Total time for which application threads were stopped: 0.0007053 seconds, Stopping threads took: 0.0000194 seconds
65.032: [GC (Allocation Failure)  83565K->589K(424960K), 0.0006111 secs]
65.033: Total time for which application threads were stopped: 0.0007389 seconds, Stopping threads took: 0.0000277 seconds
65.090: [GC (Allocation Failure)  81997K->653K(423424K), 0.0006193 secs]
65.091: Total time for which application threads were stopped: 0.0007393 seconds, Stopping threads took: 0.0000197 seconds
65.141: [GC (Allocation Failure)  80525K->621K(422400K), 0.0004883 secs]
65.141: Total time for which application threads were stopped: 0.0006087 seconds, Stopping threads took: 0.0000196 seconds
65.191: [GC (Allocation Failure)  79469K->621K(421376K), 0.0005007 secs]
65.191: Total time for which application threads were stopped: 0.0006278 seconds, Stopping threads took: 0.0000194 seconds
65.240: [GC (Allocation Failure)  78445K->621K(420352K), 0.0004831 secs]
65.241: Total time for which application threads were stopped: 0.0006019 seconds, Stopping threads took: 0.0000192 seconds
65.289: [GC (Allocation Failure)  77421K->589K(419328K), 0.0005611 secs]
65.289: Total time for which application threads were stopped: 0.0006762 seconds, Stopping threads took: 0.0000196 seconds
65.337: [GC (Allocation Failure)  76365K->621K(418304K), 0.0004884 secs]
65.338: Total time for which application threads were stopped: 0.0006159 seconds, Stopping threads took: 0.0000284 seconds
65.391: [GC (Allocation Failure)  75373K->621K(417280K), 0.0004948 secs]
65.391: Total time for which application threads were stopped: 0.0006145 seconds, Stopping threads took: 0.0000199 seconds
65.441: [GC (Allocation Failure)  74349K->621K(416256K), 0.0003979 secs]
65.442: Total time for which application threads were stopped: 0.0005216 seconds, Stopping threads took: 0.0000259 seconds
65.490: [GC (Allocation Failure)  73325K->589K(415232K), 0.0005847 secs]
65.491: Total time for which application threads were stopped: 0.0006948 seconds, Stopping threads took: 0.0000171 seconds
65.536: [GC (Allocation Failure)  72269K->685K(414208K), 0.0004772 secs]
65.537: Total time for which application threads were stopped: 0.0005972 seconds, Stopping threads took: 0.0000258 seconds
65.581: [GC (Allocation Failure)  71341K->653K(413184K), 0.0004198 secs]
65.582: Total time for which application threads were stopped: 0.0005466 seconds, Stopping threads took: 0.0000267 seconds
65.625: [GC (Allocation Failure)  70285K->685K(412160K), 0.0005062 secs]
65.626: Total time for which application threads were stopped: 0.0006269 seconds, Stopping threads took: 0.0000200 seconds
65.669: [GC (Allocation Failure)  69293K->589K(411136K), 0.0006247 secs]
65.670: Total time for which application threads were stopped: 0.0007486 seconds, Stopping threads took: 0.0000204 seconds
65.718: [GC (Allocation Failure)  68173K->685K(410112K), 0.0005087 secs]
65.718: Total time for which application threads were stopped: 0.0006529 seconds, Stopping threads took: 0.0000214 seconds
65.765: [GC (Allocation Failure)  67245K->621K(409088K), 0.0005058 secs]
65.765: Total time for which application threads were stopped: 0.0006492 seconds, Stopping threads took: 0.0000214 seconds
65.811: [GC (Allocation Failure)  66157K->589K(408064K), 0.0004665 secs]
65.811: Total time for which application threads were stopped: 0.0005726 seconds, Stopping threads took: 0.0000170 seconds
65.852: [GC (Allocation Failure)  65101K->653K(421376K), 0.0005960 secs]
65.853: Total time for which application threads were stopped: 0.0007059 seconds, Stopping threads took: 0.0000171 seconds
65.902: [GC (Allocation Failure)  78477K->621K(420352K), 0.0005110 secs]
65.903: Total time for which application threads were stopped: 0.0006400 seconds, Stopping threads took: 0.0000279 seconds
65.952: [GC (Allocation Failure)  77421K->621K(419328K), 0.0004786 secs]
65.953: Total time for which application threads were stopped: 0.0005896 seconds, Stopping threads took: 0.0000169 seconds
66.000: [GC (Allocation Failure)  76397K->653K(418304K), 0.0005499 secs]
66.001: Total time for which application threads were stopped: 0.0006667 seconds, Stopping threads took: 0.0000278 seconds
66.052: [GC (Allocation Failure)  75405K->589K(417280K), 0.0004641 secs]
66.052: Total time for which application threads were stopped: 0.0005701 seconds, Stopping threads took: 0.0000172 seconds
66.099: [GC (Allocation Failure)  74317K->621K(416256K), 0.0004874 secs]
66.099: Total time for which application threads were stopped: 0.0006177 seconds, Stopping threads took: 0.0000200 seconds
66.148: [GC (Allocation Failure)  73325K->653K(415232K), 0.0005577 secs]
66.149: Total time for which application threads were stopped: 0.0006868 seconds, Stopping threads took: 0.0000200 seconds
66.194: [GC (Allocation Failure)  72333K->653K(414208K), 0.0004971 secs]
66.194: Total time for which application threads were stopped: 0.0006455 seconds, Stopping threads took: 0.0000227 seconds
66.242: [GC (Allocation Failure)  71309K->717K(413184K), 0.0004935 secs]
66.243: Total time for which application threads were stopped: 0.0006311 seconds, Stopping threads took: 0.0000282 seconds
66.286: [GC (Allocation Failure)  70349K->653K(412160K), 0.0005428 secs]
66.287: Total time for which application threads were stopped: 0.0006638 seconds, Stopping threads took: 0.0000195 seconds
66.330: [GC (Allocation Failure)  69261K->685K(411136K), 0.0005054 secs]
66.331: Total time for which application threads were stopped: 0.0006326 seconds, Stopping threads took: 0.0000277 seconds
66.373: [GC (Allocation Failure)  68269K->589K(410112K), 0.0005244 secs]
66.374: Total time for which application threads were stopped: 0.0006407 seconds, Stopping threads took: 0.0000190 seconds
66.422: [GC (Allocation Failure)  67149K->653K(409088K), 0.0005037 secs]
66.423: Total time for which application threads were stopped: 0.0006427 seconds, Stopping threads took: 0.0000282 seconds
66.464: [GC (Allocation Failure)  66189K->621K(408064K), 0.0004947 secs]
66.465: Total time for which application threads were stopped: 0.0006093 seconds, Stopping threads took: 0.0000244 seconds
66.505: [GC (Allocation Failure)  65133K->653K(407040K), 0.0004356 secs]
66.506: Total time for which application threads were stopped: 0.0005525 seconds, Stopping threads took: 0.0000194 seconds
66.551: [GC (Allocation Failure)  64141K->589K(406016K), 0.0004331 secs]
66.552: Total time for which application threads were stopped: 0.0005405 seconds, Stopping threads took: 0.0000168 seconds
66.591: [GC (Allocation Failure)  63053K->589K(405504K), 0.0004877 secs]
66.591: Total time for which application threads were stopped: 0.0005922 seconds, Stopping threads took: 0.0000169 seconds
66.630: [GC (Allocation Failure)  62541K->621K(404992K), 0.0004065 secs]
66.631: Total time for which application threads were stopped: 0.0005127 seconds, Stopping threads took: 0.0000166 seconds
66.669: [GC (Allocation Failure)  62061K->621K(404480K), 0.0005487 secs]
66.670: Total time for which application threads were stopped: 0.0006710 seconds, Stopping threads took: 0.0000195 seconds
66.714: [GC (Allocation Failure)  61549K->621K(403968K), 0.0004593 secs]
66.714: Total time for which application threads were stopped: 0.0005694 seconds, Stopping threads took: 0.0000169 seconds
66.752: [GC (Allocation Failure)  61037K->717K(403456K), 0.0004911 secs]
66.753: Total time for which application threads were stopped: 0.0006164 seconds, Stopping threads took: 0.0000191 seconds
66.790: [GC (Allocation Failure)  60621K->653K(415744K), 0.0005598 secs]
66.791: Total time for which application threads were stopped: 0.0006926 seconds, Stopping threads took: 0.0000216 seconds
66.836: [GC (Allocation Failure)  72845K->685K(430592K), 0.0006229 secs]
66.837: Total time for which application threads were stopped: 0.0007546 seconds, Stopping threads took: 0.0000214 seconds
66.891: [GC (Allocation Failure)  87725K->685K(448000K), 0.0005671 secs]
66.892: Total time for which application threads were stopped: 0.0007058 seconds, Stopping threads took: 0.0000260 seconds
66.962: [GC (Allocation Failure)  105133K->685K(445952K), 0.0006382 secs]
66.962: Total time for which application threads were stopped: 0.0007670 seconds, Stopping threads took: 0.0000280 seconds
67.027: [GC (Allocation Failure)  103085K->717K(443904K), 0.0004684 secs]
67.027: Total time for which application threads were stopped: 0.0006109 seconds, Stopping threads took: 0.0000205 seconds
67.095: [GC (Allocation Failure)  101069K->621K(441856K), 0.0005003 secs]
67.095: Total time for which application threads were stopped: 0.0006199 seconds, Stopping threads took: 0.0000196 seconds
67.156: [GC (Allocation Failure)  98925K->653K(439808K), 0.0004847 secs]
67.157: Total time for which application threads were stopped: 0.0006097 seconds, Stopping threads took: 0.0000276 seconds
67.221: [GC (Allocation Failure)  96909K->685K(437760K), 0.0004960 secs]
67.221: Total time for which application threads were stopped: 0.0006291 seconds, Stopping threads took: 0.0000192 seconds
67.286: [GC (Allocation Failure)  94893K->589K(436224K), 0.0005072 secs]
67.287: Total time for which application threads were stopped: 0.0006421 seconds, Stopping threads took: 0.0000211 seconds
67.348: [GC (Allocation Failure)  93261K->653K(434688K), 0.0005756 secs]
67.348: Total time for which application threads were stopped: 0.0007110 seconds, Stopping threads took: 0.0000216 seconds
67.406: [GC (Allocation Failure)  91789K->685K(433152K), 0.0005063 secs]
67.406: Total time for which application threads were stopped: 0.0006308 seconds, Stopping threads took: 0.0000262 seconds
67.467: [GC (Allocation Failure)  90285K->621K(431616K), 0.0004596 secs]
67.468: Total time for which application threads were stopped: 0.0005872 seconds, Stopping threads took: 0.0000276 seconds
67.523: [GC (Allocation Failure)  88685K->653K(430080K), 0.0004599 secs]
67.524: Total time for which application threads were stopped: 0.0005802 seconds, Stopping threads took: 0.0000188 seconds
67.578: [GC (Allocation Failure)  87181K->685K(428544K), 0.0004426 secs]
67.578: Total time for which application threads were stopped: 0.0005663 seconds, Stopping threads took: 0.0000169 seconds
67.631: [GC (Allocation Failure)  85677K->653K(427008K), 0.0004558 secs]
67.632: Total time for which application threads were stopped: 0.0005783 seconds, Stopping threads took: 0.0000210 seconds
67.688: [GC (Allocation Failure)  84109K->621K(425472K), 0.0004728 secs]
67.688: Total time for which application threads were stopped: 0.0005868 seconds, Stopping threads took: 0.0000263 seconds
67.740: [GC (Allocation Failure)  82541K->621K(423936K), 0.0004369 secs]
67.740: Total time for which application threads were stopped: 0.0005469 seconds, Stopping threads took: 0.0000170 seconds
67.791: [GC (Allocation Failure)  81005K->685K(422400K), 0.0004922 secs]
67.791: Total time for which application threads were stopped: 0.0006274 seconds, Stopping threads took: 0.0000216 seconds
67.842: [GC (Allocation Failure)  79533K->621K(421376K), 0.0005207 secs]
67.842: Total time for which application threads were stopped: 0.0006661 seconds, Stopping threads took: 0.0000219 seconds
67.897: [GC (Allocation Failure)  78445K->621K(420352K), 0.0005233 secs]
67.897: Total time for which application threads were stopped: 0.0006624 seconds, Stopping threads took: 0.0000255 seconds
67.948: [GC (Allocation Failure)  77421K->621K(419328K), 0.0007281 secs]
67.949: Total time for which application threads were stopped: 0.0008715 seconds, Stopping threads took: 0.0000218 seconds
67.999: [GC (Allocation Failure)  76397K->621K(418304K), 0.0005235 secs]
68.000: Total time for which application threads were stopped: 0.0006544 seconds, Stopping threads took: 0.0000283 seconds
68.047: [GC (Allocation Failure)  75373K->621K(417280K), 0.0004978 secs]
68.047: Total time for which application threads were stopped: 0.0006247 seconds, Stopping threads took: 0.0000270 seconds
68.094: [GC (Allocation Failure)  74349K->621K(416256K), 0.0005016 secs]
68.094: Total time for which application threads were stopped: 0.0006178 seconds, Stopping threads took: 0.0000193 seconds
68.140: [GC (Allocation Failure)  73325K->589K(415232K), 0.0005313 secs]
68.140: Total time for which application threads were stopped: 0.0006583 seconds, Stopping threads took: 0.0000280 seconds
68.191: [GC (Allocation Failure)  72269K->621K(414208K), 0.0004953 secs]
68.192: Total time for which application threads were stopped: 0.0006310 seconds, Stopping threads took: 0.0000195 seconds
68.241: [GC (Allocation Failure)  71277K->653K(413184K), 0.0006922 secs]
68.242: Total time for which application threads were stopped: 0.0008408 seconds, Stopping threads took: 0.0000264 seconds
68.289: [GC (Allocation Failure)  70285K->621K(412160K), 0.0004944 secs]
68.290: Total time for which application threads were stopped: 0.0006330 seconds, Stopping threads took: 0.0000210 seconds
68.333: [GC (Allocation Failure)  69229K->589K(411136K), 0.0005411 secs]
68.333: Total time for which application threads were stopped: 0.0006746 seconds, Stopping threads took: 0.0000293 seconds
68.376: [GC (Allocation Failure)  68173K->653K(410112K), 0.0004887 secs]
68.376: Total time for which application threads were stopped: 0.0006246 seconds, Stopping threads took: 0.0000192 seconds
68.425: [GC (Allocation Failure)  67213K->621K(409088K), 0.0004654 secs]
68.426: Total time for which application threads were stopped: 0.0005936 seconds, Stopping threads took: 0.0000273 seconds
68.467: [GC (Allocation Failure)  66157K->621K(408064K), 0.0005001 secs]
68.468: Total time for which application threads were stopped: 0.0006463 seconds, Stopping threads took: 0.0000260 seconds
68.514: [GC (Allocation Failure)  65133K->653K(407040K), 0.0005907 secs]
68.515: Total time for which application threads were stopped: 0.0007270 seconds, Stopping threads took: 0.0000221 seconds
68.555: [GC (Allocation Failure)  64141K->685K(419840K), 0.0005377 secs]
68.556: Total time for which application threads were stopped: 0.0006794 seconds, Stopping threads took: 0.0000220 seconds
68.604: [GC (Allocation Failure)  76973K->653K(418816K), 0.0005042 secs]
68.605: Total time for which application threads were stopped: 0.0006487 seconds, Stopping threads took: 0.0000229 seconds
68.652: [GC (Allocation Failure)  75917K->685K(434176K), 0.0006786 secs]
68.653: Total time for which application threads were stopped: 0.0008317 seconds, Stopping threads took: 0.0000230 seconds
68.716: [GC (Allocation Failure)  91309K->653K(432640K), 0.0004962 secs]
68.717: Total time for which application threads were stopped: 0.0006209 seconds, Stopping threads took: 0.0000269 seconds
68.780: [GC (Allocation Failure)  89741K->621K(431104K), 0.0004959 secs]
68.781: Total time for which application threads were stopped: 0.0006216 seconds, Stopping threads took: 0.0000273 seconds
68.841: [GC (Allocation Failure)  88173K->685K(429568K), 0.0004816 secs]
68.842: Total time for which application threads were stopped: 0.0005978 seconds, Stopping threads took: 0.0000195 seconds
68.895: [GC (Allocation Failure)  86701K->589K(428032K), 0.0006572 secs]
68.896: Total time for which application threads were stopped: 0.0007780 seconds, Stopping threads took: 0.0000239 seconds
68.952: [GC (Allocation Failure)  85069K->653K(426496K), 0.0004889 secs]
68.952: Total time for which application threads were stopped: 0.0006176 seconds, Stopping threads took: 0.0000283 seconds
69.004: [GC (Allocation Failure)  83597K->653K(424960K), 0.0006773 secs]
69.005: Total time for which application threads were stopped: 0.0007983 seconds, Stopping threads took: 0.0000197 seconds
69.056: [GC (Allocation Failure)  82061K->685K(423424K), 0.0004999 secs]
69.057: Total time for which application threads were stopped: 0.0006195 seconds, Stopping threads took: 0.0000198 seconds
69.113: [GC (Allocation Failure)  80557K->653K(422400K), 0.0004669 secs]
69.113: Total time for which application threads were stopped: 0.0005940 seconds, Stopping threads took: 0.0000276 seconds
69.163: [GC (Allocation Failure)  79501K->589K(421376K), 0.0005785 secs]
69.164: Total time for which application threads were stopped: 0.0007149 seconds, Stopping threads took: 0.0000210 seconds
69.219: [GC (Allocation Failure)  78413K->653K(420352K), 0.0005616 secs]
69.220: Total time for which application threads were stopped: 0.0007159 seconds, Stopping threads took: 0.0000302 seconds
69.275: [GC (Allocation Failure)  77453K->621K(419328K), 0.0004718 secs]
69.275: Total time for which application threads were stopped: 0.0006026 seconds, Stopping threads took: 0.0000226 seconds
69.328: [GC (Allocation Failure)  76397K->653K(418304K), 0.0004714 secs]
69.328: Total time for which application threads were stopped: 0.0005798 seconds, Stopping threads took: 0.0000200 seconds
69.375: [GC (Allocation Failure)  75405K->653K(417280K), 0.0004924 secs]
69.376: Total time for which application threads were stopped: 0.0006241 seconds, Stopping threads took: 0.0000279 seconds
69.423: [GC (Allocation Failure)  74381K->685K(416256K), 0.0004880 secs]
69.424: Total time for which application threads were stopped: 0.0006175 seconds, Stopping threads took: 0.0000261 seconds
69.470: [GC (Allocation Failure)  73389K->653K(415232K), 0.0004894 secs]
69.470: Total time for which application threads were stopped: 0.0006237 seconds, Stopping threads took: 0.0000257 seconds
69.516: [GC (Allocation Failure)  72333K->685K(414208K), 0.0005960 secs]
69.516: Total time for which application threads were stopped: 0.0007727 seconds, Stopping threads took: 0.0000296 seconds
69.561: [GC (Allocation Failure)  71341K->589K(413184K), 0.0005988 secs]
69.561: Total time for which application threads were stopped: 0.0007434 seconds, Stopping threads took: 0.0000221 seconds
69.605: [GC (Allocation Failure)  70221K->685K(412160K), 0.0005104 secs]
69.606: Total time for which application threads were stopped: 0.0006504 seconds, Stopping threads took: 0.0000220 seconds
69.650: [GC (Allocation Failure)  69293K->717K(411136K), 0.0004711 secs]
69.650: Total time for which application threads were stopped: 0.0005886 seconds, Stopping threads took: 0.0000194 seconds
69.693: [GC (Allocation Failure)  68301K->653K(410112K), 0.0004841 secs]
69.693: Total time for which application threads were stopped: 0.0006170 seconds, Stopping threads took: 0.0000205 seconds
69.742: [GC (Allocation Failure)  67213K->685K(409088K), 0.0005780 secs]
69.742: Total time for which application threads were stopped: 0.0007271 seconds, Stopping threads took: 0.0000229 seconds
69.789: [GC (Allocation Failure)  66221K->621K(408064K), 0.0004870 secs]
69.790: Total time for which application threads were stopped: 0.0006292 seconds, Stopping threads took: 0.0000313 seconds
69.830: [GC (Allocation Failure)  65133K->653K(407040K), 0.0004861 secs]
69.831: Total time for which application threads were stopped: 0.0006104 seconds, Stopping threads took: 0.0000272 seconds
69.871: [GC (Allocation Failure)  64141K->589K(406016K), 0.0004974 secs]
69.871: Total time for which application threads were stopped: 0.0006161 seconds, Stopping threads took: 0.0000191 seconds
69.911: [GC (Allocation Failure)  63053K->653K(418816K), 0.0006483 secs]
69.912: Total time for which application threads were stopped: 0.0007714 seconds, Stopping threads took: 0.0000260 seconds
69.963: [GC (Allocation Failure)  75917K->621K(434176K), 0.0004791 secs]
69.963: Total time for which application threads were stopped: 0.0006022 seconds, Stopping threads took: 0.0000208 seconds
70.020: [GC (Allocation Failure)  91245K->621K(432640K), 0.0004808 secs]
70.020: Total time for which application threads were stopped: 0.0006039 seconds, Stopping threads took: 0.0000267 seconds
70.083: [GC (Allocation Failure)  89709K->653K(431104K), 0.0004889 secs]
70.083: Total time for which application threads were stopped: 0.0006072 seconds, Stopping threads took: 0.0000193 seconds
70.138: [GC (Allocation Failure)  88205K->621K(429568K), 0.0004905 secs]
70.139: Total time for which application threads were stopped: 0.0006118 seconds, Stopping threads took: 0.0000196 seconds
70.200: [GC (Allocation Failure)  86637K->589K(428032K), 0.0006102 secs]
70.200: Total time for which application threads were stopped: 0.0007526 seconds, Stopping threads took: 0.0000290 seconds
70.253: [GC (Allocation Failure)  85069K->621K(426496K), 0.0005110 secs]
70.254: Total time for which application threads were stopped: 0.0006462 seconds, Stopping threads took: 0.0000197 seconds
70.306: [GC (Allocation Failure)  83565K->653K(424960K), 0.0006029 secs]
70.307: Total time for which application threads were stopped: 0.0007389 seconds, Stopping threads took: 0.0000213 seconds
70.363: [GC (Allocation Failure)  82061K->653K(423424K), 0.0006325 secs]
70.364: Total time for which application threads were stopped: 0.0007545 seconds, Stopping threads took: 0.0000195 seconds
70.415: [GC (Allocation Failure)  80525K->653K(422400K), 0.0004019 secs]
70.415: Total time for which application threads were stopped: 0.0005142 seconds, Stopping threads took: 0.0000182 seconds
70.464: [GC (Allocation Failure)  79501K->653K(421376K), 0.0004612 secs]
70.465: Total time for which application threads were stopped: 0.0005805 seconds, Stopping threads took: 0.0000192 seconds
70.514: [GC (Allocation Failure)  78477K->589K(420352K), 0.0005647 secs]
70.515: Total time for which application threads were stopped: 0.0006826 seconds, Stopping threads took: 0.0000192 seconds
70.565: [GC (Allocation Failure)  77389K->621K(419328K), 0.0004592 secs]
70.566: Total time for which application threads were stopped: 0.0005760 seconds, Stopping threads took: 0.0000195 seconds
70.613: [GC (Allocation Failure)  76397K->621K(418304K), 0.0004642 secs]
70.614: Total time for which application threads were stopped: 0.0005907 seconds, Stopping threads took: 0.0000271 seconds
70.666: [GC (Allocation Failure)  75373K->653K(417280K), 0.0004711 secs]
70.667: Total time for which application threads were stopped: 0.0005878 seconds, Stopping threads took: 0.0000195 seconds
70.713: [GC (Allocation Failure)  74381K->589K(416256K), 0.0005023 secs]
70.713: Total time for which application threads were stopped: 0.0006347 seconds, Stopping threads took: 0.0000338 seconds
70.759: [GC (Allocation Failure)  73293K->685K(415232K), 0.0005851 secs]
70.760: Total time for which application threads were stopped: 0.0007066 seconds, Stopping threads took: 0.0000200 seconds
70.805: [GC (Allocation Failure)  72365K->653K(414208K), 0.0005078 secs]
70.805: Total time for which application threads were stopped: 0.0006479 seconds, Stopping threads took: 0.0000216 seconds
70.850: [GC (Allocation Failure)  71309K->653K(428544K), 0.0007328 secs]
70.850: Total time for which application threads were stopped: 0.0009135 seconds, Stopping threads took: 0.0000305 seconds
70.904: [GC (Allocation Failure)  85645K->653K(427008K), 0.0004536 secs]
70.905: Total time for which application threads were stopped: 0.0005656 seconds, Stopping threads took: 0.0000170 seconds
70.960: [GC (Allocation Failure)  84109K->653K(425472K), 0.0006155 secs]
70.960: Total time for which application threads were stopped: 0.0007562 seconds, Stopping threads took: 0.0000294 seconds
71.012: [GC (Allocation Failure)  82573K->589K(441856K), 0.0006785 secs]
71.013: Total time for which application threads were stopped: 0.0008099 seconds, Stopping threads took: 0.0000213 seconds
71.075: [GC (Allocation Failure)  98893K->589K(439808K), 0.0005233 secs]
71.076: Total time for which application threads were stopped: 0.0006535 seconds, Stopping threads took: 0.0000223 seconds
71.136: [GC (Allocation Failure)  96845K->589K(437760K), 0.0004895 secs]
71.137: Total time for which application threads were stopped: 0.0006168 seconds, Stopping threads took: 0.0000198 seconds
71.196: [GC (Allocation Failure)  94797K->621K(436224K), 0.0005248 secs]
71.197: Total time for which application threads were stopped: 0.0006807 seconds, Stopping threads took: 0.0000230 seconds
71.261: [GC (Allocation Failure)  93293K->621K(434688K), 0.0005285 secs]
71.262: Total time for which application threads were stopped: 0.0006818 seconds, Stopping threads took: 0.0000230 seconds
71.325: [GC (Allocation Failure)  91757K->717K(433152K), 0.0005043 secs]
71.325: Total time for which application threads were stopped: 0.0006326 seconds, Stopping threads took: 0.0000201 seconds
71.382: [GC (Allocation Failure)  90317K->589K(431616K), 0.0004048 secs]
71.383: Total time for which application threads were stopped: 0.0005475 seconds, Stopping threads took: 0.0000281 seconds
71.441: [GC (Allocation Failure)  88653K->621K(430080K), 0.0006533 secs]
71.442: Total time for which application threads were stopped: 0.0007810 seconds, Stopping threads took: 0.0000277 seconds
71.499: [GC (Allocation Failure)  87149K->589K(428544K), 0.0004304 secs]
71.499: Total time for which application threads were stopped: 0.0005637 seconds, Stopping threads took: 0.0000245 seconds
71.553: [GC (Allocation Failure)  85581K->685K(427008K), 0.0004626 secs]
71.554: Total time for which application threads were stopped: 0.0005964 seconds, Stopping threads took: 0.0000254 seconds
71.607: [GC (Allocation Failure)  84141K->589K(425472K), 0.0004997 secs]
71.607: Total time for which application threads were stopped: 0.0006361 seconds, Stopping threads took: 0.0000246 seconds
71.659: [GC (Allocation Failure)  82509K->621K(423936K), 0.0004843 secs]
71.660: Total time for which application threads were stopped: 0.0006256 seconds, Stopping threads took: 0.0000248 seconds
71.711: [GC (Allocation Failure)  81005K->653K(422400K), 0.0004647 secs]
71.711: Total time for which application threads were stopped: 0.0005904 seconds, Stopping threads took: 0.0000195 seconds
71.761: [GC (Allocation Failure)  79501K->653K(421376K), 0.0004876 secs]
71.761: Total time for which application threads were stopped: 0.0006153 seconds, Stopping threads took: 0.0000277 seconds
71.810: [GC (Allocation Failure)  78477K->653K(420352K), 0.0006529 secs]
71.811: Total time for which application threads were stopped: 0.0007919 seconds, Stopping threads took: 0.0000211 seconds
71.859: [GC (Allocation Failure)  77453K->653K(419328K), 0.0004746 secs]
71.859: Total time for which application threads were stopped: 0.0006146 seconds, Stopping threads took: 0.0000214 seconds
71.914: [GC (Allocation Failure)  76429K->653K(418304K), 0.0004853 secs]
71.915: Total time for which application threads were stopped: 0.0005936 seconds, Stopping threads took: 0.0000161 seconds
71.967: [GC (Allocation Failure)  75405K->653K(417280K), 0.0005042 secs]
71.968: Total time for which application threads were stopped: 0.0006384 seconds, Stopping threads took: 0.0000282 seconds
72.014: [GC (Allocation Failure)  74381K->653K(416256K), 0.0004901 secs]
72.015: Total time for which application threads were stopped: 0.0006606 seconds, Stopping threads took: 0.0000225 seconds
72.061: [GC (Allocation Failure)  73357K->621K(415232K), 0.0004769 secs]
72.061: Total time for which application threads were stopped: 0.0006040 seconds, Stopping threads took: 0.0000229 seconds
72.109: [GC (Allocation Failure)  72301K->685K(414208K), 0.0004875 secs]
72.110: Total time for which application threads were stopped: 0.0006102 seconds, Stopping threads took: 0.0000197 seconds
72.158: [GC (Allocation Failure)  71341K->653K(413184K), 0.0005108 secs]
72.159: Total time for which application threads were stopped: 0.0006270 seconds, Stopping threads took: 0.0000196 seconds
72.208: [GC (Allocation Failure)  70285K->621K(412160K), 0.0005055 secs]
72.208: Total time for which application threads were stopped: 0.0006179 seconds, Stopping threads took: 0.0000173 seconds
72.257: [GC (Allocation Failure)  69229K->653K(411136K), 0.0004771 secs]
72.258: Total time for which application threads were stopped: 0.0006062 seconds, Stopping threads took: 0.0000276 seconds
72.300: [GC (Allocation Failure)  68237K->653K(410112K), 0.0004901 secs]
72.301: Total time for which application threads were stopped: 0.0006332 seconds, Stopping threads took: 0.0000263 seconds
72.348: [GC (Allocation Failure)  67213K->653K(409088K), 0.0004634 secs]
72.348: Total time for which application threads were stopped: 0.0005927 seconds, Stopping threads took: 0.0000219 seconds
72.390: [GC (Allocation Failure)  66189K->653K(408064K), 0.0006062 secs]
72.390: Total time for which application threads were stopped: 0.0007424 seconds, Stopping threads took: 0.0000208 seconds
72.432: [GC (Allocation Failure)  65165K->653K(407040K), 0.0004662 secs]
72.432: Total time for which application threads were stopped: 0.0005987 seconds, Stopping threads took: 0.0000248 seconds
72.473: [GC (Allocation Failure)  64141K->621K(419840K), 0.0005894 secs]
72.473: Total time for which application threads were stopped: 0.0007085 seconds, Stopping threads took: 0.0000192 seconds
72.527: [GC (Allocation Failure)  76909K->653K(418816K), 0.0004744 secs]
72.527: Total time for which application threads were stopped: 0.0005949 seconds, Stopping threads took: 0.0000200 seconds
72.575: [GC (Allocation Failure)  75917K->653K(417792K), 0.0004976 secs]
72.575: Total time for which application threads were stopped: 0.0006162 seconds, Stopping threads took: 0.0000190 seconds
72.622: [GC (Allocation Failure)  74893K->621K(416768K), 0.0005121 secs]
72.622: Total time for which application threads were stopped: 0.0006412 seconds, Stopping threads took: 0.0000274 seconds
72.672: [GC (Allocation Failure)  73837K->621K(415744K), 0.0004856 secs]
72.672: Total time for which application threads were stopped: 0.0006198 seconds, Stopping threads took: 0.0000248 seconds
72.718: [GC (Allocation Failure)  72813K->589K(414720K), 0.0005943 secs]
72.718: Total time for which application threads were stopped: 0.0007276 seconds, Stopping threads took: 0.0000263 seconds
72.763: [GC (Allocation Failure)  71757K->653K(413696K), 0.0004823 secs]
72.764: Total time for which application threads were stopped: 0.0006042 seconds, Stopping threads took: 0.0000198 seconds
72.808: [GC (Allocation Failure)  70797K->653K(412672K), 0.0005101 secs]
72.808: Total time for which application threads were stopped: 0.0006382 seconds, Stopping threads took: 0.0000274 seconds
72.852: [GC (Allocation Failure)  69773K->621K(411648K), 0.0004935 secs]
72.852: Total time for which application threads were stopped: 0.0006267 seconds, Stopping threads took: 0.0000191 seconds
72.898: [GC (Allocation Failure)  68717K->589K(410624K), 0.0005775 secs]
72.899: Total time for which application threads were stopped: 0.0007053 seconds, Stopping threads took: 0.0000267 seconds
72.942: [GC (Allocation Failure)  67661K->717K(424448K), 0.0005993 secs]
72.943: Total time for which application threads were stopped: 0.0007190 seconds, Stopping threads took: 0.0000196 seconds
72.993: [GC (Allocation Failure)  81613K->653K(440832K), 0.0007493 secs]
72.994: Total time for which application threads were stopped: 0.0008784 seconds, Stopping threads took: 0.0000198 seconds
73.060: [GC (Allocation Failure)  97933K->621K(438784K), 0.0004930 secs]
73.060: Total time for which application threads were stopped: 0.0006102 seconds, Stopping threads took: 0.0000196 seconds
73.121: [GC (Allocation Failure)  95853K->717K(437248K), 0.0005881 secs]
73.121: Total time for which application threads were stopped: 0.0007150 seconds, Stopping threads took: 0.0000271 seconds
73.180: [GC (Allocation Failure)  94413K->621K(435712K), 0.0005299 secs]
73.181: Total time for which application threads were stopped: 0.0006811 seconds, Stopping threads took: 0.0000293 seconds
73.242: [GC (Allocation Failure)  92781K->621K(434176K), 0.0005637 secs]
73.242: Total time for which application threads were stopped: 0.0007004 seconds, Stopping threads took: 0.0000213 seconds
73.305: [GC (Allocation Failure)  91245K->717K(432640K), 0.0007437 secs]
73.306: Total time for which application threads were stopped: 0.0008730 seconds, Stopping threads took: 0.0000271 seconds
73.362: [GC (Allocation Failure)  89805K->621K(450560K), 0.0008401 secs]
73.363: Total time for which application threads were stopped: 0.0009683 seconds, Stopping threads took: 0.0000282 seconds
73.431: [GC (Allocation Failure)  107629K->621K(448512K), 0.0004035 secs]
73.431: Total time for which application threads were stopped: 0.0005504 seconds, Stopping threads took: 0.0000264 seconds
73.501: [GC (Allocation Failure)  105581K->621K(446464K), 0.0003987 secs]
73.501: Total time for which application threads were stopped: 0.0005073 seconds, Stopping threads took: 0.0000170 seconds
73.569: [GC (Allocation Failure)  103533K->621K(444416K), 0.0005582 secs]
73.570: Total time for which application threads were stopped: 0.0006757 seconds, Stopping threads took: 0.0000169 seconds
73.633: [GC (Allocation Failure)  101485K->685K(442368K), 0.0005664 secs]
73.634: Total time for which application threads were stopped: 0.0006867 seconds, Stopping threads took: 0.0000194 seconds
73.695: [GC (Allocation Failure)  99501K->685K(440320K), 0.0005700 secs]
73.696: Total time for which application threads were stopped: 0.0006912 seconds, Stopping threads took: 0.0000199 seconds
73.757: [GC (Allocation Failure)  97453K->621K(438272K), 0.0006064 secs]
73.757: Total time for which application threads were stopped: 0.0007252 seconds, Stopping threads took: 0.0000194 seconds
73.817: [GC (Allocation Failure)  95341K->653K(436736K), 0.0005135 secs]
73.817: Total time for which application threads were stopped: 0.0006413 seconds, Stopping threads took: 0.0000278 seconds
73.876: [GC (Allocation Failure)  93837K->621K(435200K), 0.0004962 secs]
73.876: Total time for which application threads were stopped: 0.0006318 seconds, Stopping threads took: 0.0000198 seconds
73.941: [GC (Allocation Failure)  92269K->653K(433664K), 0.0005644 secs]
73.941: Total time for which application threads were stopped: 0.0006851 seconds, Stopping threads took: 0.0000210 seconds
74.003: [GC (Allocation Failure)  90765K->653K(432128K), 0.0006560 secs]
74.004: Total time for which application threads were stopped: 0.0008011 seconds, Stopping threads took: 0.0000279 seconds
74.059: [GC (Allocation Failure)  89229K->653K(430592K), 0.0005817 secs]
74.060: Total time for which application threads were stopped: 0.0006986 seconds, Stopping threads took: 0.0000200 seconds
74.121: [GC (Allocation Failure)  87693K->653K(429056K), 0.0004453 secs]
74.122: Total time for which application threads were stopped: 0.0005632 seconds, Stopping threads took: 0.0000195 seconds
74.176: [GC (Allocation Failure)  86157K->653K(427520K), 0.0004807 secs]
74.176: Total time for which application threads were stopped: 0.0006292 seconds, Stopping threads took: 0.0000438 seconds
74.229: [GC (Allocation Failure)  84621K->685K(425984K), 0.0005368 secs]
74.229: Total time for which application threads were stopped: 0.0006575 seconds, Stopping threads took: 0.0000195 seconds
74.281: [GC (Allocation Failure)  83117K->621K(424448K), 0.0005144 secs]
74.282: Total time for which application threads were stopped: 0.0006602 seconds, Stopping threads took: 0.0000294 seconds
74.332: [GC (Allocation Failure)  81517K->621K(422912K), 0.0005228 secs]
74.333: Total time for which application threads were stopped: 0.0006701 seconds, Stopping threads took: 0.0000219 seconds
74.383: [GC (Allocation Failure)  79981K->685K(421888K), 0.0004784 secs]
74.383: Total time for which application threads were stopped: 0.0006159 seconds, Stopping threads took: 0.0000295 seconds
74.438: [GC (Allocation Failure)  79021K->621K(420864K), 0.0004139 secs]
74.439: Total time for which application threads were stopped: 0.0005444 seconds, Stopping threads took: 0.0000280 seconds
74.488: [GC (Allocation Failure)  77933K->653K(419840K), 0.0004582 secs]
74.488: Total time for which application threads were stopped: 0.0006082 seconds, Stopping threads took: 0.0000196 seconds
74.536: [GC (Allocation Failure)  76941K->653K(418816K), 0.0004731 secs]
74.536: Total time for which application threads were stopped: 0.0006011 seconds, Stopping threads took: 0.0000277 seconds
74.583: [GC (Allocation Failure)  75917K->653K(417792K), 0.0004335 secs]
74.584: Total time for which application threads were stopped: 0.0005487 seconds, Stopping threads took: 0.0000196 seconds
74.636: [GC (Allocation Failure)  74893K->621K(416768K), 0.0004035 secs]
74.637: Total time for which application threads were stopped: 0.0005102 seconds, Stopping threads took: 0.0000169 seconds
74.683: [GC (Allocation Failure)  73837K->621K(415744K), 0.0004190 secs]
74.683: Total time for which application threads were stopped: 0.0005282 seconds, Stopping threads took: 0.0000167 seconds
74.728: [GC (Allocation Failure)  72813K->621K(414720K), 0.0004178 secs]
74.729: Total time for which application threads were stopped: 0.0005276 seconds, Stopping threads took: 0.0000173 seconds
74.774: [GC (Allocation Failure)  71789K->621K(413696K), 0.0004334 secs]
74.774: Total time for which application threads were stopped: 0.0005694 seconds, Stopping threads took: 0.0000197 seconds
74.823: [GC (Allocation Failure)  70765K->653K(412672K), 0.0005067 secs]
74.824: Total time for which application threads were stopped: 0.0006542 seconds, Stopping threads took: 0.0000299 seconds
74.867: [GC (Allocation Failure)  69773K->653K(411648K), 0.0005792 secs]
74.868: Total time for which application threads were stopped: 0.0007405 seconds, Stopping threads took: 0.0000217 seconds
74.912: [GC (Allocation Failure)  68749K->589K(410624K), 0.0004298 secs]
74.912: Total time for which application threads were stopped: 0.0005580 seconds, Stopping threads took: 0.0000179 seconds
74.954: [GC (Allocation Failure)  67661K->685K(409600K), 0.0004736 secs]
74.955: Total time for which application threads were stopped: 0.0005924 seconds, Stopping threads took: 0.0000198 seconds
74.997: [GC (Allocation Failure)  66733K->621K(408576K), 0.0005062 secs]
74.997: Total time for which application threads were stopped: 0.0006297 seconds, Stopping threads took: 0.0000267 seconds
75.044: [GC (Allocation Failure)  65645K->653K(407552K), 0.0005811 secs]
75.044: Total time for which application threads were stopped: 0.0007180 seconds, Stopping threads took: 0.0000202 seconds
75.084: [GC (Allocation Failure)  64653K->621K(420352K), 0.0005543 secs]
75.085: Total time for which application threads were stopped: 0.0006811 seconds, Stopping threads took: 0.0000271 seconds
75.139: [GC (Allocation Failure)  77421K->653K(419328K), 0.0005019 secs]
75.139: Total time for which application threads were stopped: 0.0006524 seconds, Stopping threads took: 0.0000226 seconds
75.187: [GC (Allocation Failure)  76429K->653K(418304K), 0.0005104 secs]
75.187: Total time for which application threads were stopped: 0.0006518 seconds, Stopping threads took: 0.0000225 seconds
75.234: [GC (Allocation Failure)  75405K->685K(417280K), 0.0004781 secs]
75.235: Total time for which application threads were stopped: 0.0006065 seconds, Stopping threads took: 0.0000221 seconds
75.281: [GC (Allocation Failure)  74413K->621K(416256K), 0.0005013 secs]
75.282: Total time for which application threads were stopped: 0.0006177 seconds, Stopping threads took: 0.0000192 seconds
75.333: [GC (Allocation Failure)  73325K->653K(415232K), 0.0004606 secs]
75.334: Total time for which application threads were stopped: 0.0005879 seconds, Stopping threads took: 0.0000272 seconds
75.379: [GC (Allocation Failure)  72333K->653K(414208K), 0.0004621 secs]
75.379: Total time for which application threads were stopped: 0.0007091 seconds, Stopping threads took: 0.0000195 seconds
