Java HotSpot(TM) 64-Bit Server VM (25.171-b11) for linux-amd64 JRE (1.8.0_171-b11), built on Mar 28 2018 17:07:08 by "java_re" with gcc 4.3.0 20080428 (Red Hat 4.3.0-8)
Memory: 4k page, physical 32883000k(29631912k free), swap 8000508k(8000508k free)
CommandLine flags: -XX:InitialHeapSize=526128000 -XX:MaxHeapSize=8418048000 -XX:+PrintGC -XX:+PrintGCApplicationStoppedTime -XX:+PrintGCTimeStamps -XX:+UseCompressedClassPointers -XX:+UseCompressedOops -XX:+UseParallelGC 
0.386: [GC (Allocation Failure)  129024K->2421K(493056K), 0.0019392 secs]
0.388: Total time for which application threads were stopped: 0.0021612 seconds, Stopping threads took: 0.0000251 seconds
0.477: [GC (Allocation Failure)  131445K->608K(493056K), 0.0008961 secs]
0.478: Total time for which application threads were stopped: 0.0010444 seconds, Stopping threads took: 0.0000295 seconds
0.562: [GC (Allocation Failure)  129632K->552K(493056K), 0.0008828 secs]
0.563: Total time for which application threads were stopped: 0.0010211 seconds, Stopping threads took: 0.0000302 seconds
0.648: [GC (Allocation Failure)  129576K->688K(493056K), 0.0009379 secs]
0.649: Total time for which application threads were stopped: 0.0010639 seconds, Stopping threads took: 0.0000289 seconds
0.731: [GC (Allocation Failure)  129712K->664K(470016K), 0.0009107 secs]
0.732: Total time for which application threads were stopped: 0.0010488 seconds, Stopping threads took: 0.0000264 seconds
0.812: [GC (Allocation Failure)  126616K->664K(466944K), 0.0009416 secs]
0.813: Total time for which application threads were stopped: 0.0010714 seconds, Stopping threads took: 0.0000289 seconds
0.890: [GC (Allocation Failure)  123544K->637K(463872K), 0.0011316 secs]
0.892: Total time for which application threads were stopped: 0.0013021 seconds, Stopping threads took: 0.0000209 seconds
0.971: [GC (Allocation Failure)  120957K->637K(461312K), 0.0005689 secs]
0.972: Total time for which application threads were stopped: 0.0007059 seconds, Stopping threads took: 0.0000204 seconds
1.053: [GC (Allocation Failure)  118397K->669K(460800K), 0.0005819 secs]
1.054: Total time for which application threads were stopped: 0.0007054 seconds, Stopping threads took: 0.0000309 seconds
1.129: [GC (Allocation Failure)  115869K->637K(456192K), 0.0005852 secs]
1.129: Total time for which application threads were stopped: 0.0007121 seconds, Stopping threads took: 0.0000322 seconds
1.205: [GC (Allocation Failure)  113277K->637K(455680K), 0.0006442 secs]
1.206: Total time for which application threads were stopped: 0.0007779 seconds, Stopping threads took: 0.0000310 seconds
1.277: [GC (Allocation Failure)  110717K->605K(451584K), 0.0006889 secs]
1.277: Total time for which application threads were stopped: 0.0008193 seconds, Stopping threads took: 0.0000301 seconds
1.346: [GC (Allocation Failure)  108637K->637K(451072K), 0.0004657 secs]
1.347: Total time for which application threads were stopped: 0.0005856 seconds, Stopping threads took: 0.0000307 seconds
1.414: [GC (Allocation Failure)  106621K->605K(447488K), 0.0005128 secs]
1.414: Total time for which application threads were stopped: 0.0006499 seconds, Stopping threads took: 0.0000305 seconds
1.481: [GC (Allocation Failure)  104541K->637K(446976K), 0.0004792 secs]
1.482: Total time for which application threads were stopped: 0.0006015 seconds, Stopping threads took: 0.0000203 seconds
1.549: [GC (Allocation Failure)  102525K->637K(443392K), 0.0004949 secs]
1.550: Total time for which application threads were stopped: 0.0006170 seconds, Stopping threads took: 0.0000278 seconds
1.617: [GC (Allocation Failure)  100477K->669K(442880K), 0.0006714 secs]
1.618: Total time for which application threads were stopped: 0.0007903 seconds, Stopping threads took: 0.0000202 seconds
1.680: [GC (Allocation Failure)  98461K->637K(439296K), 0.0005346 secs]
1.681: Total time for which application threads were stopped: 0.0006576 seconds, Stopping threads took: 0.0000186 seconds
1.744: [GC (Allocation Failure)  96381K->701K(438784K), 0.0004967 secs]
1.745: Total time for which application threads were stopped: 0.0006153 seconds, Stopping threads took: 0.0000195 seconds
1.809: [GC (Allocation Failure)  94909K->701K(436224K), 0.0006994 secs]
1.810: Total time for which application threads were stopped: 0.0008540 seconds, Stopping threads took: 0.0000287 seconds
1.873: [GC (Allocation Failure)  93373K->669K(435712K), 0.0004218 secs]
1.873: Total time for which application threads were stopped: 0.0005310 seconds, Stopping threads took: 0.0000175 seconds
1.935: [GC (Allocation Failure)  91805K->605K(433152K), 0.0006062 secs]
1.936: Total time for which application threads were stopped: 0.0007274 seconds, Stopping threads took: 0.0000273 seconds
1.998: [GC (Allocation Failure)  90205K->637K(432640K), 0.0003772 secs]
1.998: Total time for which application threads were stopped: 0.0004931 seconds, Stopping threads took: 0.0000178 seconds
2.054: [GC (Allocation Failure)  88701K->637K(430080K), 0.0005495 secs]
2.054: Total time for which application threads were stopped: 0.0006921 seconds, Stopping threads took: 0.0000278 seconds
2.115: [GC (Allocation Failure)  87165K->701K(429056K), 0.0005190 secs]
2.115: Total time for which application threads were stopped: 0.0006654 seconds, Stopping threads took: 0.0000226 seconds
2.175: [GC (Allocation Failure)  85693K->701K(427008K), 0.0005594 secs]
2.176: Total time for which application threads were stopped: 0.0006916 seconds, Stopping threads took: 0.0000202 seconds
2.235: [GC (Allocation Failure)  84157K->637K(425984K), 0.0004515 secs]
2.235: Total time for which application threads were stopped: 0.0005667 seconds, Stopping threads took: 0.0000204 seconds
2.290: [GC (Allocation Failure)  82557K->637K(423936K), 0.0005102 secs]
2.291: Total time for which application threads were stopped: 0.0006379 seconds, Stopping threads took: 0.0000196 seconds
2.342: [GC (Allocation Failure)  81021K->605K(422912K), 0.0005252 secs]
2.342: Total time for which application threads were stopped: 0.0006385 seconds, Stopping threads took: 0.0000194 seconds
2.397: [GC (Allocation Failure)  79453K->605K(421376K), 0.0006192 secs]
2.397: Total time for which application threads were stopped: 0.0007562 seconds, Stopping threads took: 0.0000199 seconds
2.453: [GC (Allocation Failure)  78429K->637K(420864K), 0.0004097 secs]
2.453: Total time for which application threads were stopped: 0.0005061 seconds, Stopping threads took: 0.0000146 seconds
2.502: [GC (Allocation Failure)  77437K->701K(419328K), 0.0005318 secs]
2.502: Total time for which application threads were stopped: 0.0006552 seconds, Stopping threads took: 0.0000194 seconds
2.550: [GC (Allocation Failure)  76477K->669K(418816K), 0.0004996 secs]
2.551: Total time for which application threads were stopped: 0.0006182 seconds, Stopping threads took: 0.0000299 seconds
2.603: [GC (Allocation Failure)  75421K->669K(417280K), 0.0004681 secs]
2.603: Total time for which application threads were stopped: 0.0005743 seconds, Stopping threads took: 0.0000187 seconds
2.650: [GC (Allocation Failure)  74397K->669K(416768K), 0.0007412 secs]
2.651: Total time for which application threads were stopped: 0.0008870 seconds, Stopping threads took: 0.0000218 seconds
2.701: [GC (Allocation Failure)  73373K->669K(415232K), 0.0005046 secs]
2.702: Total time for which application threads were stopped: 0.0006487 seconds, Stopping threads took: 0.0000276 seconds
2.751: [GC (Allocation Failure)  72349K->573K(414208K), 0.0005556 secs]
2.751: Total time for which application threads were stopped: 0.0006927 seconds, Stopping threads took: 0.0000226 seconds
2.802: [GC (Allocation Failure)  71229K->637K(413184K), 0.0005037 secs]
2.803: Total time for which application threads were stopped: 0.0006277 seconds, Stopping threads took: 0.0000164 seconds
2.847: [GC (Allocation Failure)  70269K->637K(412160K), 0.0006330 secs]
2.847: Total time for which application threads were stopped: 0.0007762 seconds, Stopping threads took: 0.0000223 seconds
2.894: [GC (Allocation Failure)  69245K->669K(411136K), 0.0004744 secs]
2.894: Total time for which application threads were stopped: 0.0005933 seconds, Stopping threads took: 0.0000201 seconds
2.942: [GC (Allocation Failure)  68253K->669K(410112K), 0.0004466 secs]
2.943: Total time for which application threads were stopped: 0.0006511 seconds, Stopping threads took: 0.0001076 seconds
2.991: [GC (Allocation Failure)  67229K->637K(409088K), 0.0005642 secs]
2.992: Total time for which application threads were stopped: 0.0006852 seconds, Stopping threads took: 0.0000201 seconds
3.033: [GC (Allocation Failure)  66173K->701K(408064K), 0.0004570 secs]
3.033: Total time for which application threads were stopped: 0.0005723 seconds, Stopping threads took: 0.0000199 seconds
3.079: [GC (Allocation Failure)  65213K->669K(407040K), 0.0005022 secs]
3.080: Total time for which application threads were stopped: 0.0005898 seconds, Stopping threads took: 0.0000152 seconds
3.120: [GC (Allocation Failure)  64157K->645K(406016K), 0.0004595 secs]
3.120: Total time for which application threads were stopped: 0.0005625 seconds, Stopping threads took: 0.0000170 seconds
3.160: [GC (Allocation Failure)  63109K->645K(405504K), 0.0005281 secs]
3.160: Total time for which application threads were stopped: 0.0006388 seconds, Stopping threads took: 0.0000172 seconds
3.199: [GC (Allocation Failure)  62597K->677K(419328K), 0.0004955 secs]
3.200: Total time for which application threads were stopped: 0.0006237 seconds, Stopping threads took: 0.0000202 seconds
3.247: [GC (Allocation Failure)  76453K->613K(436224K), 0.0006598 secs]
3.248: Total time for which application threads were stopped: 0.0007951 seconds, Stopping threads took: 0.0000208 seconds
3.309: [GC (Allocation Failure)  93285K->709K(456192K), 0.0006251 secs]
3.310: Total time for which application threads were stopped: 0.0007426 seconds, Stopping threads took: 0.0000194 seconds
3.382: [GC (Allocation Failure)  113349K->645K(453632K), 0.0004599 secs]
3.382: Total time for which application threads were stopped: 0.0005783 seconds, Stopping threads took: 0.0000196 seconds
3.454: [GC (Allocation Failure)  110725K->645K(451584K), 0.0004197 secs]
3.454: Total time for which application threads were stopped: 0.0005353 seconds, Stopping threads took: 0.0000167 seconds
3.523: [GC (Allocation Failure)  108677K->613K(449536K), 0.0006596 secs]
3.524: Total time for which application threads were stopped: 0.0007910 seconds, Stopping threads took: 0.0000269 seconds
3.593: [GC (Allocation Failure)  106597K->613K(447488K), 0.0005368 secs]
3.594: Total time for which application threads were stopped: 0.0006814 seconds, Stopping threads took: 0.0000212 seconds
3.665: [GC (Allocation Failure)  104549K->645K(445440K), 0.0004674 secs]
3.666: Total time for which application threads were stopped: 0.0005888 seconds, Stopping threads took: 0.0000191 seconds
3.729: [GC (Allocation Failure)  102533K->645K(443392K), 0.0004771 secs]
3.730: Total time for which application threads were stopped: 0.0006151 seconds, Stopping threads took: 0.0000272 seconds
3.797: [GC (Allocation Failure)  100485K->677K(441344K), 0.0004703 secs]
3.798: Total time for which application threads were stopped: 0.0005870 seconds, Stopping threads took: 0.0000204 seconds
3.859: [GC (Allocation Failure)  98469K->677K(439296K), 0.0005397 secs]
3.859: Total time for which application threads were stopped: 0.0006434 seconds, Stopping threads took: 0.0000171 seconds
3.925: [GC (Allocation Failure)  96421K->709K(437760K), 0.0005141 secs]
3.926: Total time for which application threads were stopped: 0.0006326 seconds, Stopping threads took: 0.0000193 seconds
3.985: [GC (Allocation Failure)  94917K->709K(436224K), 0.0004749 secs]
3.986: Total time for which application threads were stopped: 0.0006054 seconds, Stopping threads took: 0.0000200 seconds
4.050: [GC (Allocation Failure)  93381K->709K(434688K), 0.0005109 secs]
4.050: Total time for which application threads were stopped: 0.0006385 seconds, Stopping threads took: 0.0000210 seconds
4.062: Total time for which application threads were stopped: 0.0001282 seconds, Stopping threads took: 0.0000561 seconds
4.108: [GC (Allocation Failure)  91845K->645K(433152K), 0.0005096 secs]
4.108: Total time for which application threads were stopped: 0.0006332 seconds, Stopping threads took: 0.0000208 seconds
4.171: [GC (Allocation Failure)  90245K->677K(431616K), 0.0005358 secs]
4.171: Total time for which application threads were stopped: 0.0006586 seconds, Stopping threads took: 0.0000272 seconds
4.233: [GC (Allocation Failure)  88741K->677K(430080K), 0.0005086 secs]
4.233: Total time for which application threads were stopped: 0.0006256 seconds, Stopping threads took: 0.0000193 seconds
4.288: [GC (Allocation Failure)  87205K->709K(428544K), 0.0004860 secs]
4.288: Total time for which application threads were stopped: 0.0006129 seconds, Stopping threads took: 0.0000193 seconds
4.342: [GC (Allocation Failure)  85701K->645K(427008K), 0.0006652 secs]
4.342: Total time for which application threads were stopped: 0.0008125 seconds, Stopping threads took: 0.0000212 seconds
4.395: [GC (Allocation Failure)  84101K->677K(425472K), 0.0005655 secs]
4.396: Total time for which application threads were stopped: 0.0007128 seconds, Stopping threads took: 0.0000228 seconds
4.447: [GC (Allocation Failure)  82597K->613K(423936K), 0.0005673 secs]
4.448: Total time for which application threads were stopped: 0.0007023 seconds, Stopping threads took: 0.0000259 seconds
4.500: [GC (Allocation Failure)  80997K->645K(422400K), 0.0003870 secs]
4.500: Total time for which application threads were stopped: 0.0004756 seconds, Stopping threads took: 0.0000169 seconds
4.553: [GC (Allocation Failure)  79493K->645K(421376K), 0.0006207 secs]
4.553: Total time for which application threads were stopped: 0.0007142 seconds, Stopping threads took: 0.0000165 seconds
4.606: [GC (Allocation Failure)  78469K->709K(420352K), 0.0004965 secs]
4.606: Total time for which application threads were stopped: 0.0006146 seconds, Stopping threads took: 0.0000199 seconds
4.655: [GC (Allocation Failure)  77509K->645K(419328K), 0.0004708 secs]
4.655: Total time for which application threads were stopped: 0.0005937 seconds, Stopping threads took: 0.0000271 seconds
4.706: [GC (Allocation Failure)  76421K->709K(418304K), 0.0005495 secs]
4.707: Total time for which application threads were stopped: 0.0006702 seconds, Stopping threads took: 0.0000279 seconds
4.754: [GC (Allocation Failure)  75461K->645K(417280K), 0.0004718 secs]
4.754: Total time for which application threads were stopped: 0.0005874 seconds, Stopping threads took: 0.0000197 seconds
4.804: [GC (Allocation Failure)  74373K->645K(416256K), 0.0005662 secs]
4.805: Total time for which application threads were stopped: 0.0006900 seconds, Stopping threads took: 0.0000268 seconds
4.855: [GC (Allocation Failure)  73349K->645K(415232K), 0.0004564 secs]
4.856: Total time for which application threads were stopped: 0.0005807 seconds, Stopping threads took: 0.0000264 seconds
4.901: [GC (Allocation Failure)  72325K->677K(414208K), 0.0005311 secs]
4.902: Total time for which application threads were stopped: 0.0007994 seconds, Stopping threads took: 0.0001408 seconds
4.946: [GC (Allocation Failure)  71333K->677K(413184K), 0.0004623 secs]
4.947: Total time for which application threads were stopped: 0.0005806 seconds, Stopping threads took: 0.0000177 seconds
4.995: [GC (Allocation Failure)  70309K->677K(412160K), 0.0004450 secs]
4.995: Total time for which application threads were stopped: 0.0005779 seconds, Stopping threads took: 0.0000210 seconds
5.044: [GC (Allocation Failure)  69285K->645K(411136K), 0.0004729 secs]
5.045: Total time for which application threads were stopped: 0.0005933 seconds, Stopping threads took: 0.0000214 seconds
5.091: [GC (Allocation Failure)  68229K->613K(410112K), 0.0006163 secs]
5.091: Total time for which application threads were stopped: 0.0007237 seconds, Stopping threads took: 0.0000169 seconds
5.133: [GC (Allocation Failure)  67173K->613K(409088K), 0.0004992 secs]
5.134: Total time for which application threads were stopped: 0.0006181 seconds, Stopping threads took: 0.0000198 seconds
5.180: [GC (Allocation Failure)  66149K->677K(408064K), 0.0004310 secs]
5.181: Total time for which application threads were stopped: 0.0005877 seconds, Stopping threads took: 0.0000213 seconds
5.221: [GC (Allocation Failure)  65189K->677K(407040K), 0.0004678 secs]
5.222: Total time for which application threads were stopped: 0.0005840 seconds, Stopping threads took: 0.0000194 seconds
5.262: [GC (Allocation Failure)  64165K->645K(406016K), 0.0005428 secs]
5.263: Total time for which application threads were stopped: 0.0006725 seconds, Stopping threads took: 0.0000192 seconds
5.308: [GC (Allocation Failure)  63109K->677K(405504K), 0.0005371 secs]
5.309: Total time for which application threads were stopped: 0.0006874 seconds, Stopping threads took: 0.0000293 seconds
5.354: [GC (Allocation Failure)  62629K->645K(418304K), 0.0005668 secs]
5.354: Total time for which application threads were stopped: 0.0006989 seconds, Stopping threads took: 0.0000210 seconds
5.402: [GC (Allocation Failure)  75397K->709K(417280K), 0.0004987 secs]
5.402: Total time for which application threads were stopped: 0.0006299 seconds, Stopping threads took: 0.0000221 seconds
5.449: [GC (Allocation Failure)  74437K->645K(432128K), 0.0035239 secs]
5.453: Total time for which application threads were stopped: 0.0036569 seconds, Stopping threads took: 0.0000249 seconds
5.509: [GC (Allocation Failure)  89221K->613K(450048K), 0.0005947 secs]
5.510: Total time for which application threads were stopped: 0.0007305 seconds, Stopping threads took: 0.0000276 seconds
5.580: [GC (Allocation Failure)  107109K->677K(471552K), 0.0004807 secs]
5.580: Total time for which application threads were stopped: 0.0006161 seconds, Stopping threads took: 0.0000218 seconds
5.660: [GC (Allocation Failure)  128677K->677K(475648K), 0.0006176 secs]
5.661: Total time for which application threads were stopped: 0.0007622 seconds, Stopping threads took: 0.0000227 seconds
5.744: [GC (Allocation Failure)  132773K->677K(497152K), 0.0005336 secs]
5.745: Total time for which application threads were stopped: 0.0006588 seconds, Stopping threads took: 0.0000199 seconds
5.846: [GC (Allocation Failure)  154277K->677K(497152K), 0.0006802 secs]
5.847: Total time for which application threads were stopped: 0.0008083 seconds, Stopping threads took: 0.0000278 seconds
5.942: [GC (Allocation Failure)  154277K->677K(493056K), 0.0004729 secs]
5.943: Total time for which application threads were stopped: 0.0006074 seconds, Stopping threads took: 0.0000361 seconds
6.044: [GC (Allocation Failure)  150181K->645K(489472K), 0.0006761 secs]
6.045: Total time for which application threads were stopped: 0.0008013 seconds, Stopping threads took: 0.0000276 seconds
6.139: [GC (Allocation Failure)  146565K->613K(485888K), 0.0006031 secs]
6.139: Total time for which application threads were stopped: 0.0007220 seconds, Stopping threads took: 0.0000267 seconds
6.228: [GC (Allocation Failure)  142949K->645K(482304K), 0.0004892 secs]
6.229: Total time for which application threads were stopped: 0.0006168 seconds, Stopping threads took: 0.0000194 seconds
6.316: [GC (Allocation Failure)  139397K->677K(478720K), 0.0005164 secs]
6.316: Total time for which application threads were stopped: 0.0006527 seconds, Stopping threads took: 0.0000221 seconds
6.404: [GC (Allocation Failure)  135845K->645K(475648K), 0.0005514 secs]
6.405: Total time for which application threads were stopped: 0.0006891 seconds, Stopping threads took: 0.0000286 seconds
6.493: [GC (Allocation Failure)  132741K->709K(472576K), 0.0004737 secs]
6.494: Total time for which application threads were stopped: 0.0005791 seconds, Stopping threads took: 0.0000175 seconds
6.575: [GC (Allocation Failure)  129733K->645K(469504K), 0.0004462 secs]
6.575: Total time for which application threads were stopped: 0.0005624 seconds, Stopping threads took: 0.0000193 seconds
6.659: [GC (Allocation Failure)  126597K->677K(466432K), 0.0004958 secs]
6.660: Total time for which application threads were stopped: 0.0006257 seconds, Stopping threads took: 0.0000211 seconds
6.737: [GC (Allocation Failure)  123557K->677K(463872K), 0.0004722 secs]
6.737: Total time for which application threads were stopped: 0.0006198 seconds, Stopping threads took: 0.0000285 seconds
6.813: [GC (Allocation Failure)  120997K->645K(461312K), 0.0005300 secs]
6.814: Total time for which application threads were stopped: 0.0006573 seconds, Stopping threads took: 0.0000201 seconds
6.887: [GC (Allocation Failure)  118405K->613K(458752K), 0.0005680 secs]
6.888: Total time for which application threads were stopped: 0.0006926 seconds, Stopping threads took: 0.0000199 seconds
6.960: [GC (Allocation Failure)  115813K->677K(456192K), 0.0004664 secs]
6.961: Total time for which application threads were stopped: 0.0005949 seconds, Stopping threads took: 0.0000261 seconds
7.031: [GC (Allocation Failure)  113317K->645K(453632K), 0.0004748 secs]
7.032: Total time for which application threads were stopped: 0.0005970 seconds, Stopping threads took: 0.0000255 seconds
7.106: [GC (Allocation Failure)  110725K->645K(451584K), 0.0005647 secs]
7.107: Total time for which application threads were stopped: 0.0006889 seconds, Stopping threads took: 0.0000174 seconds
7.180: [GC (Allocation Failure)  108677K->645K(449536K), 0.0004009 secs]
7.180: Total time for which application threads were stopped: 0.0005140 seconds, Stopping threads took: 0.0000258 seconds
7.247: [GC (Allocation Failure)  106629K->645K(447488K), 0.0004862 secs]
7.248: Total time for which application threads were stopped: 0.0006160 seconds, Stopping threads took: 0.0000211 seconds
7.318: [GC (Allocation Failure)  104581K->613K(445440K), 0.0004846 secs]
7.319: Total time for which application threads were stopped: 0.0006258 seconds, Stopping threads took: 0.0000375 seconds
7.390: [GC (Allocation Failure)  102501K->645K(443392K), 0.0006212 secs]
7.390: Total time for which application threads were stopped: 0.0007678 seconds, Stopping threads took: 0.0000237 seconds
7.454: [GC (Allocation Failure)  100485K->741K(441344K), 0.0004353 secs]
7.454: Total time for which application threads were stopped: 0.0005395 seconds, Stopping threads took: 0.0000167 seconds
7.518: [GC (Allocation Failure)  98533K->645K(439296K), 0.0004462 secs]
7.518: Total time for which application threads were stopped: 0.0005589 seconds, Stopping threads took: 0.0000255 seconds
7.578: [GC (Allocation Failure)  96389K->581K(437760K), 0.0006826 secs]
7.579: Total time for which application threads were stopped: 0.0008069 seconds, Stopping threads took: 0.0000202 seconds
7.638: [GC (Allocation Failure)  94789K->645K(436224K), 0.0005471 secs]
7.638: Total time for which application threads were stopped: 0.0006587 seconds, Stopping threads took: 0.0000170 seconds
7.697: [GC (Allocation Failure)  93317K->645K(434688K), 0.0004380 secs]
7.697: Total time for which application threads were stopped: 0.0005520 seconds, Stopping threads took: 0.0000199 seconds
7.754: [GC (Allocation Failure)  91781K->645K(433152K), 0.0003836 secs]
7.755: Total time for which application threads were stopped: 0.0005128 seconds, Stopping threads took: 0.0000195 seconds
7.815: [GC (Allocation Failure)  90245K->645K(431616K), 0.0005631 secs]
7.816: Total time for which application threads were stopped: 0.0006674 seconds, Stopping threads took: 0.0000167 seconds
7.872: [GC (Allocation Failure)  88709K->677K(430080K), 0.0005276 secs]
7.873: Total time for which application threads were stopped: 0.0006540 seconds, Stopping threads took: 0.0000275 seconds
7.927: [GC (Allocation Failure)  87205K->677K(428544K), 0.0004727 secs]
7.928: Total time for which application threads were stopped: 0.0005931 seconds, Stopping threads took: 0.0000193 seconds
7.982: [GC (Allocation Failure)  85669K->645K(427008K), 0.0004247 secs]
7.982: Total time for which application threads were stopped: 0.0005350 seconds, Stopping threads took: 0.0000170 seconds
8.039: [GC (Allocation Failure)  84101K->645K(425472K), 0.0004674 secs]
8.039: Total time for which application threads were stopped: 0.0005895 seconds, Stopping threads took: 0.0000203 seconds
8.091: [GC (Allocation Failure)  82565K->709K(423936K), 0.0004567 secs]
8.091: Total time for which application threads were stopped: 0.0005972 seconds, Stopping threads took: 0.0000194 seconds
8.142: [GC (Allocation Failure)  81093K->645K(422400K), 0.0004677 secs]
8.142: Total time for which application threads were stopped: 0.0005928 seconds, Stopping threads took: 0.0000273 seconds
8.198: [GC (Allocation Failure)  79493K->741K(421376K), 0.0006868 secs]
8.199: Total time for which application threads were stopped: 0.0008077 seconds, Stopping threads took: 0.0000197 seconds
8.254: [GC (Allocation Failure)  78565K->645K(420352K), 0.0006643 secs]
8.254: Total time for which application threads were stopped: 0.0007925 seconds, Stopping threads took: 0.0000286 seconds
8.303: [GC (Allocation Failure)  77445K->645K(419328K), 0.0005499 secs]
8.303: Total time for which application threads were stopped: 0.0006575 seconds, Stopping threads took: 0.0000169 seconds
8.351: [GC (Allocation Failure)  76421K->677K(418304K), 0.0006661 secs]
8.352: Total time for which application threads were stopped: 0.0007850 seconds, Stopping threads took: 0.0000201 seconds
8.399: [GC (Allocation Failure)  75429K->645K(417280K), 0.0004683 secs]
8.399: Total time for which application threads were stopped: 0.0005963 seconds, Stopping threads took: 0.0000199 seconds
8.452: [GC (Allocation Failure)  74373K->677K(416256K), 0.0004794 secs]
8.453: Total time for which application threads were stopped: 0.0006246 seconds, Stopping threads took: 0.0000260 seconds
8.501: [GC (Allocation Failure)  73381K->645K(415232K), 0.0004166 secs]
8.501: Total time for which application threads were stopped: 0.0005420 seconds, Stopping threads took: 0.0000266 seconds
8.550: [GC (Allocation Failure)  72325K->645K(414208K), 0.0004721 secs]
8.551: Total time for which application threads were stopped: 0.0005826 seconds, Stopping threads took: 0.0000169 seconds
8.595: [GC (Allocation Failure)  71301K->613K(413184K), 0.0004793 secs]
8.596: Total time for which application threads were stopped: 0.0006155 seconds, Stopping threads took: 0.0000208 seconds
8.640: [GC (Allocation Failure)  70245K->677K(412160K), 0.0004286 secs]
8.640: Total time for which application threads were stopped: 0.0005628 seconds, Stopping threads took: 0.0000308 seconds
8.683: [GC (Allocation Failure)  69285K->709K(425984K), 0.0007716 secs]
8.684: Total time for which application threads were stopped: 0.0008998 seconds, Stopping threads took: 0.0000203 seconds
8.740: [GC (Allocation Failure)  83141K->645K(424448K), 0.0005179 secs]
8.741: Total time for which application threads were stopped: 0.0006541 seconds, Stopping threads took: 0.0000205 seconds
8.795: [GC (Allocation Failure)  81541K->677K(422912K), 0.0004947 secs]
8.796: Total time for which application threads were stopped: 0.0006135 seconds, Stopping threads took: 0.0000205 seconds
8.852: [GC (Allocation Failure)  80037K->677K(421888K), 0.0005714 secs]
8.852: Total time for which application threads were stopped: 0.0006855 seconds, Stopping threads took: 0.0000192 seconds
8.902: [GC (Allocation Failure)  79013K->645K(420864K), 0.0004825 secs]
8.902: Total time for which application threads were stopped: 0.0006119 seconds, Stopping threads took: 0.0000281 seconds
8.954: [GC (Allocation Failure)  77957K->709K(419840K), 0.0005437 secs]
8.955: Total time for which application threads were stopped: 0.0006705 seconds, Stopping threads took: 0.0000179 seconds
9.009: [GC (Allocation Failure)  76997K->645K(418816K), 0.0005481 secs]
9.010: Total time for which application threads were stopped: 0.0006871 seconds, Stopping threads took: 0.0000212 seconds
9.062: [GC (Allocation Failure)  75909K->677K(417792K), 0.0006231 secs]
9.062: Total time for which application threads were stopped: 0.0007820 seconds, Stopping threads took: 0.0000309 seconds
9.109: [GC (Allocation Failure)  74917K->677K(416768K), 0.0005013 secs]
9.109: Total time for which application threads were stopped: 0.0006448 seconds, Stopping threads took: 0.0000231 seconds
9.156: [GC (Allocation Failure)  73893K->677K(415744K), 0.0005277 secs]
9.156: Total time for which application threads were stopped: 0.0006614 seconds, Stopping threads took: 0.0000211 seconds
9.202: [GC (Allocation Failure)  72869K->677K(414720K), 0.0005238 secs]
9.202: Total time for which application threads were stopped: 0.0006679 seconds, Stopping threads took: 0.0000297 seconds
9.247: [GC (Allocation Failure)  71845K->613K(429056K), 0.0006686 secs]
9.248: Total time for which application threads were stopped: 0.0008118 seconds, Stopping threads took: 0.0000219 seconds
9.307: [GC (Allocation Failure)  86117K->677K(427520K), 0.0004844 secs]
9.308: Total time for which application threads were stopped: 0.0006123 seconds, Stopping threads took: 0.0000279 seconds
9.362: [GC (Allocation Failure)  84645K->677K(425984K), 0.0004799 secs]
9.362: Total time for which application threads were stopped: 0.0005971 seconds, Stopping threads took: 0.0000190 seconds
9.414: [GC (Allocation Failure)  83109K->677K(424448K), 0.0005041 secs]
9.415: Total time for which application threads were stopped: 0.0006473 seconds, Stopping threads took: 0.0000207 seconds
9.471: [GC (Allocation Failure)  81573K->645K(422912K), 0.0004301 secs]
9.471: Total time for which application threads were stopped: 0.0005260 seconds, Stopping threads took: 0.0000174 seconds
9.521: [GC (Allocation Failure)  80005K->709K(421888K), 0.0004896 secs]
9.521: Total time for which application threads were stopped: 0.0006117 seconds, Stopping threads took: 0.0000253 seconds
9.570: [GC (Allocation Failure)  79045K->677K(420864K), 0.0006100 secs]
9.571: Total time for which application threads were stopped: 0.0007683 seconds, Stopping threads took: 0.0000454 seconds
9.623: [GC (Allocation Failure)  77989K->645K(419840K), 0.0005823 secs]
9.624: Total time for which application threads were stopped: 0.0007298 seconds, Stopping threads took: 0.0000221 seconds
9.677: [GC (Allocation Failure)  76933K->677K(418816K), 0.0005210 secs]
9.678: Total time for which application threads were stopped: 0.0006676 seconds, Stopping threads took: 0.0000298 seconds
9.726: [GC (Allocation Failure)  75941K->677K(417792K), 0.0005314 secs]
9.726: Total time for which application threads were stopped: 0.0006762 seconds, Stopping threads took: 0.0000227 seconds
9.773: [GC (Allocation Failure)  74917K->677K(416768K), 0.0005196 secs]
9.774: Total time for which application threads were stopped: 0.0006630 seconds, Stopping threads took: 0.0000225 seconds
9.820: [GC (Allocation Failure)  73893K->677K(415744K), 0.0005744 secs]
9.821: Total time for which application threads were stopped: 0.0007024 seconds, Stopping threads took: 0.0000233 seconds
9.871: [GC (Allocation Failure)  72869K->645K(414720K), 0.0004567 secs]
9.872: Total time for which application threads were stopped: 0.0005846 seconds, Stopping threads took: 0.0000270 seconds
9.921: [GC (Allocation Failure)  71813K->645K(413696K), 0.0005136 secs]
9.922: Total time for which application threads were stopped: 0.0006396 seconds, Stopping threads took: 0.0000270 seconds
9.966: [GC (Allocation Failure)  70789K->677K(412672K), 0.0004532 secs]
9.967: Total time for which application threads were stopped: 0.0005746 seconds, Stopping threads took: 0.0000253 seconds
10.010: [GC (Allocation Failure)  69797K->645K(411648K), 0.0004852 secs]
10.011: Total time for which application threads were stopped: 0.0006129 seconds, Stopping threads took: 0.0000197 seconds
10.060: [GC (Allocation Failure)  68741K->677K(410624K), 0.0005653 secs]
10.060: Total time for which application threads were stopped: 0.0006898 seconds, Stopping threads took: 0.0000276 seconds
10.108: [GC (Allocation Failure)  67749K->645K(409600K), 0.0004918 secs]
10.108: Total time for which application threads were stopped: 0.0006220 seconds, Stopping threads took: 0.0000274 seconds
10.153: [GC (Allocation Failure)  66693K->709K(408576K), 0.0004674 secs]
10.153: Total time for which application threads were stopped: 0.0005829 seconds, Stopping threads took: 0.0000193 seconds
10.194: [GC (Allocation Failure)  65733K->677K(407552K), 0.0004901 secs]
10.195: Total time for which application threads were stopped: 0.0006105 seconds, Stopping threads took: 0.0000196 seconds
10.235: [GC (Allocation Failure)  64677K->645K(406528K), 0.0004868 secs]
10.236: Total time for which application threads were stopped: 0.0006048 seconds, Stopping threads took: 0.0000193 seconds
10.275: [GC (Allocation Failure)  63621K->645K(419328K), 0.0006605 secs]
10.276: Total time for which application threads were stopped: 0.0008063 seconds, Stopping threads took: 0.0000213 seconds
10.329: [GC (Allocation Failure)  76421K->645K(434688K), 0.0006242 secs]
10.330: Total time for which application threads were stopped: 0.0007502 seconds, Stopping threads took: 0.0000221 seconds
10.392: [GC (Allocation Failure)  91781K->677K(433152K), 0.0004495 secs]
10.392: Total time for which application threads were stopped: 0.0005680 seconds, Stopping threads took: 0.0000193 seconds
10.451: [GC (Allocation Failure)  90277K->677K(431616K), 0.0004903 secs]
10.451: Total time for which application threads were stopped: 0.0006173 seconds, Stopping threads took: 0.0000339 seconds
10.509: [GC (Allocation Failure)  88741K->645K(430080K), 0.0004863 secs]
10.509: Total time for which application threads were stopped: 0.0006023 seconds, Stopping threads took: 0.0000247 seconds
10.563: [GC (Allocation Failure)  87173K->645K(428544K), 0.0004779 secs]
10.564: Total time for which application threads were stopped: 0.0006028 seconds, Stopping threads took: 0.0000197 seconds
10.617: [GC (Allocation Failure)  85637K->645K(427008K), 0.0005644 secs]
10.617: Total time for which application threads were stopped: 0.0006946 seconds, Stopping threads took: 0.0000282 seconds
10.675: [GC (Allocation Failure)  84101K->677K(425472K), 0.0004627 secs]
10.675: Total time for which application threads were stopped: 0.0006090 seconds, Stopping threads took: 0.0000218 seconds
10.727: [GC (Allocation Failure)  82597K->709K(423936K), 0.0005011 secs]
10.727: Total time for which application threads were stopped: 0.0006420 seconds, Stopping threads took: 0.0000299 seconds
10.783: [GC (Allocation Failure)  81093K->677K(422400K), 0.0004683 secs]
10.784: Total time for which application threads were stopped: 0.0005876 seconds, Stopping threads took: 0.0000199 seconds
10.833: [GC (Allocation Failure)  79525K->709K(421376K), 0.0005879 secs]
10.834: Total time for which application threads were stopped: 0.0007062 seconds, Stopping threads took: 0.0000194 seconds
10.888: [GC (Allocation Failure)  78533K->645K(420352K), 0.0004625 secs]
10.888: Total time for which application threads were stopped: 0.0005812 seconds, Stopping threads took: 0.0000194 seconds
10.936: [GC (Allocation Failure)  77445K->709K(419328K), 0.0005983 secs]
10.937: Total time for which application threads were stopped: 0.0007290 seconds, Stopping threads took: 0.0000283 seconds
10.985: [GC (Allocation Failure)  76485K->645K(418304K), 0.0004325 secs]
10.986: Total time for which application threads were stopped: 0.0005541 seconds, Stopping threads took: 0.0000275 seconds
11.037: [GC (Allocation Failure)  75397K->645K(417280K), 0.0005941 secs]
11.037: Total time for which application threads were stopped: 0.0007416 seconds, Stopping threads took: 0.0000217 seconds
11.084: [GC (Allocation Failure)  74373K->741K(416256K), 0.0005954 secs]
11.084: Total time for which application threads were stopped: 0.0007247 seconds, Stopping threads took: 0.0000221 seconds
11.130: [GC (Allocation Failure)  73445K->677K(415232K), 0.0004598 secs]
11.130: Total time for which application threads were stopped: 0.0005846 seconds, Stopping threads took: 0.0000270 seconds
11.175: [GC (Allocation Failure)  72357K->677K(414208K), 0.0005198 secs]
11.176: Total time for which application threads were stopped: 0.0006425 seconds, Stopping threads took: 0.0000260 seconds
11.220: [GC (Allocation Failure)  71333K->645K(413184K), 0.0005013 secs]
11.220: Total time for which application threads were stopped: 0.0006255 seconds, Stopping threads took: 0.0000277 seconds
11.270: [GC (Allocation Failure)  70277K->709K(412160K), 0.0004719 secs]
11.271: Total time for which application threads were stopped: 0.0005955 seconds, Stopping threads took: 0.0000276 seconds
11.314: [GC (Allocation Failure)  69317K->645K(411136K), 0.0004859 secs]
11.314: Total time for which application threads were stopped: 0.0006061 seconds, Stopping threads took: 0.0000192 seconds
11.364: [GC (Allocation Failure)  68229K->709K(410112K), 0.0006870 secs]
11.364: Total time for which application threads were stopped: 0.0008326 seconds, Stopping threads took: 0.0000220 seconds
11.406: [GC (Allocation Failure)  67269K->709K(423424K), 0.0005856 secs]
11.407: Total time for which application threads were stopped: 0.0007529 seconds, Stopping threads took: 0.0000230 seconds
11.462: [GC (Allocation Failure)  80581K->645K(422400K), 0.0003892 secs]
11.463: Total time for which application threads were stopped: 0.0005262 seconds, Stopping threads took: 0.0000250 seconds
11.512: [GC (Allocation Failure)  79493K->645K(421376K), 0.0004726 secs]
11.513: Total time for which application threads were stopped: 0.0006008 seconds, Stopping threads took: 0.0000255 seconds
11.567: [GC (Allocation Failure)  78469K->581K(420352K), 0.0007463 secs]
11.568: Total time for which application threads were stopped: 0.0008848 seconds, Stopping threads took: 0.0000277 seconds
11.617: [GC (Allocation Failure)  77381K->645K(419328K), 0.0005201 secs]
11.617: Total time for which application threads were stopped: 0.0006685 seconds, Stopping threads took: 0.0000224 seconds
11.669: [GC (Allocation Failure)  76421K->645K(418304K), 0.0004716 secs]
11.670: Total time for which application threads were stopped: 0.0005767 seconds, Stopping threads took: 0.0000166 seconds
11.721: [GC (Allocation Failure)  75397K->645K(417280K), 0.0005122 secs]
11.722: Total time for which application threads were stopped: 0.0006547 seconds, Stopping threads took: 0.0000211 seconds
11.773: [GC (Allocation Failure)  74373K->677K(416256K), 0.0004702 secs]
11.773: Total time for which application threads were stopped: 0.0005918 seconds, Stopping threads took: 0.0000196 seconds
11.822: [GC (Allocation Failure)  73381K->645K(415232K), 0.0004948 secs]
11.823: Total time for which application threads were stopped: 0.0006273 seconds, Stopping threads took: 0.0000215 seconds
11.868: [GC (Allocation Failure)  72325K->709K(414208K), 0.0007216 secs]
11.868: Total time for which application threads were stopped: 0.0008454 seconds, Stopping threads took: 0.0000197 seconds
11.913: [GC (Allocation Failure)  71365K->677K(413184K), 0.0005029 secs]
11.913: Total time for which application threads were stopped: 0.0006380 seconds, Stopping threads took: 0.0000286 seconds
11.957: [GC (Allocation Failure)  70309K->709K(427520K), 0.0005551 secs]
11.958: Total time for which application threads were stopped: 0.0006907 seconds, Stopping threads took: 0.0000295 seconds
12.012: [GC (Allocation Failure)  84677K->645K(425984K), 0.0005451 secs]
12.013: Total time for which application threads were stopped: 0.0006738 seconds, Stopping threads took: 0.0000280 seconds
12.064: [GC (Allocation Failure)  83077K->613K(424448K), 0.0006096 secs]
12.065: Total time for which application threads were stopped: 0.0007297 seconds, Stopping threads took: 0.0000192 seconds
12.116: [GC (Allocation Failure)  81509K->677K(422912K), 0.0004863 secs]
12.116: Total time for which application threads were stopped: 0.0006199 seconds, Stopping threads took: 0.0000190 seconds
12.166: [GC (Allocation Failure)  80037K->645K(421888K), 0.0005439 secs]
12.167: Total time for which application threads were stopped: 0.0006858 seconds, Stopping threads took: 0.0000206 seconds
12.220: [GC (Allocation Failure)  78981K->645K(420864K), 0.0005796 secs]
12.221: Total time for which application threads were stopped: 0.0007084 seconds, Stopping threads took: 0.0000277 seconds
12.275: [GC (Allocation Failure)  77957K->645K(419840K), 0.0004731 secs]
12.275: Total time for which application threads were stopped: 0.0006010 seconds, Stopping threads took: 0.0000271 seconds
12.327: [GC (Allocation Failure)  76933K->677K(418816K), 0.0005694 secs]
12.328: Total time for which application threads were stopped: 0.0007170 seconds, Stopping threads took: 0.0000202 seconds
12.375: [GC (Allocation Failure)  75941K->677K(417792K), 0.0004619 secs]
12.375: Total time for which application threads were stopped: 0.0005783 seconds, Stopping threads took: 0.0000190 seconds
12.422: [GC (Allocation Failure)  74917K->709K(416768K), 0.0005199 secs]
12.422: Total time for which application threads were stopped: 0.0006339 seconds, Stopping threads took: 0.0000192 seconds
12.476: [GC (Allocation Failure)  73925K->645K(415744K), 0.0004152 secs]
12.476: Total time for which application threads were stopped: 0.0005361 seconds, Stopping threads took: 0.0000203 seconds
12.525: [GC (Allocation Failure)  72837K->677K(414720K), 0.0005420 secs]
12.526: Total time for which application threads were stopped: 0.0006650 seconds, Stopping threads took: 0.0000276 seconds
12.577: [GC (Allocation Failure)  71845K->613K(413696K), 0.0004392 secs]
12.577: Total time for which application threads were stopped: 0.0005467 seconds, Stopping threads took: 0.0000166 seconds
12.624: [GC (Allocation Failure)  70757K->677K(412672K), 0.0005034 secs]
12.625: Total time for which application threads were stopped: 0.0006262 seconds, Stopping threads took: 0.0000202 seconds
12.668: [GC (Allocation Failure)  69797K->741K(411648K), 0.0004940 secs]
12.669: Total time for which application threads were stopped: 0.0006308 seconds, Stopping threads took: 0.0000203 seconds
12.714: [GC (Allocation Failure)  68837K->677K(410624K), 0.0005499 secs]
12.714: Total time for which application threads were stopped: 0.0006810 seconds, Stopping threads took: 0.0000207 seconds
12.757: [GC (Allocation Failure)  67749K->645K(409600K), 0.0005138 secs]
12.758: Total time for which application threads were stopped: 0.0006587 seconds, Stopping threads took: 0.0000226 seconds
12.799: [GC (Allocation Failure)  66693K->645K(408576K), 0.0005470 secs]
12.800: Total time for which application threads were stopped: 0.0007178 seconds, Stopping threads took: 0.0000336 seconds
12.847: [GC (Allocation Failure)  65669K->677K(407552K), 0.0005209 secs]
12.847: Total time for which application threads were stopped: 0.0006667 seconds, Stopping threads took: 0.0000220 seconds
12.893: [GC (Allocation Failure)  64677K->677K(406528K), 0.0004985 secs]
12.894: Total time for which application threads were stopped: 0.0006324 seconds, Stopping threads took: 0.0000211 seconds
12.934: [GC (Allocation Failure)  63653K->677K(419328K), 0.0006743 secs]
12.934: Total time for which application threads were stopped: 0.0008154 seconds, Stopping threads took: 0.0000286 seconds
12.983: [GC (Allocation Failure)  76453K->645K(434688K), 0.0004597 secs]
12.983: Total time for which application threads were stopped: 0.0005789 seconds, Stopping threads took: 0.0000198 seconds
13.041: [GC (Allocation Failure)  91781K->677K(433152K), 0.0005148 secs]
13.042: Total time for which application threads were stopped: 0.0006364 seconds, Stopping threads took: 0.0000193 seconds
13.098: [GC (Allocation Failure)  90277K->613K(431616K), 0.0006252 secs]
13.099: Total time for which application threads were stopped: 0.0007473 seconds, Stopping threads took: 0.0000199 seconds
13.160: [GC (Allocation Failure)  88677K->645K(430080K), 0.0005252 secs]
13.161: Total time for which application threads were stopped: 0.0006644 seconds, Stopping threads took: 0.0000277 seconds
13.220: [GC (Allocation Failure)  87173K->645K(428544K), 0.0004197 secs]
13.221: Total time for which application threads were stopped: 0.0005789 seconds, Stopping threads took: 0.0000732 seconds
13.274: [GC (Allocation Failure)  85637K->677K(427008K), 0.0004868 secs]
13.274: Total time for which application threads were stopped: 0.0006086 seconds, Stopping threads took: 0.0000269 seconds
13.327: [GC (Allocation Failure)  84133K->645K(425472K), 0.0004840 secs]
13.327: Total time for which application threads were stopped: 0.0006128 seconds, Stopping threads took: 0.0000203 seconds
13.385: [GC (Allocation Failure)  82565K->645K(423936K), 0.0005689 secs]
13.385: Total time for which application threads were stopped: 0.0007249 seconds, Stopping threads took: 0.0000212 seconds
13.443: [GC (Allocation Failure)  81029K->709K(422400K), 0.0005688 secs]
13.444: Total time for which application threads were stopped: 0.0006954 seconds, Stopping threads took: 0.0000274 seconds
13.496: [GC (Allocation Failure)  79557K->645K(421376K), 0.0004451 secs]
13.496: Total time for which application threads were stopped: 0.0005740 seconds, Stopping threads took: 0.0000172 seconds
13.545: [GC (Allocation Failure)  78469K->677K(420352K), 0.0005479 secs]
13.546: Total time for which application threads were stopped: 0.0006797 seconds, Stopping threads took: 0.0000212 seconds
13.594: [GC (Allocation Failure)  77477K->613K(419328K), 0.0006378 secs]
13.595: Total time for which application threads were stopped: 0.0007725 seconds, Stopping threads took: 0.0000208 seconds
13.648: [GC (Allocation Failure)  76389K->677K(418304K), 0.0004756 secs]
13.649: Total time for which application threads were stopped: 0.0005994 seconds, Stopping threads took: 0.0000206 seconds
13.696: [GC (Allocation Failure)  75429K->613K(417280K), 0.0007006 secs]
13.696: Total time for which application threads were stopped: 0.0008350 seconds, Stopping threads took: 0.0000198 seconds
13.743: [GC (Allocation Failure)  74341K->677K(416256K), 0.0005001 secs]
13.743: Total time for which application threads were stopped: 0.0006179 seconds, Stopping threads took: 0.0000188 seconds
13.789: [GC (Allocation Failure)  73381K->709K(415232K), 0.0005158 secs]
13.789: Total time for which application threads were stopped: 0.0006523 seconds, Stopping threads took: 0.0000198 seconds
13.839: [GC (Allocation Failure)  72389K->677K(414208K), 0.0004853 secs]
13.840: Total time for which application threads were stopped: 0.0006214 seconds, Stopping threads took: 0.0000297 seconds
13.887: [GC (Allocation Failure)  71333K->613K(413184K), 0.0004796 secs]
13.888: Total time for which application threads were stopped: 0.0006030 seconds, Stopping threads took: 0.0000273 seconds
13.931: [GC (Allocation Failure)  70245K->613K(412160K), 0.0004690 secs]
13.932: Total time for which application threads were stopped: 0.0005960 seconds, Stopping threads took: 0.0000273 seconds
13.978: [GC (Allocation Failure)  69221K->677K(411136K), 0.0005048 secs]
13.978: Total time for which application threads were stopped: 0.0006318 seconds, Stopping threads took: 0.0000275 seconds
14.025: [GC (Allocation Failure)  68261K->741K(410112K), 0.0004515 secs]
14.026: Total time for which application threads were stopped: 0.0005588 seconds, Stopping threads took: 0.0000179 seconds
14.068: [GC (Allocation Failure)  67301K->741K(409088K), 0.0006053 secs]
14.068: Total time for which application threads were stopped: 0.0007231 seconds, Stopping threads took: 0.0000164 seconds
14.110: [GC (Allocation Failure)  66277K->677K(422400K), 0.0006573 secs]
14.110: Total time for which application threads were stopped: 0.0008007 seconds, Stopping threads took: 0.0000230 seconds
14.160: [GC (Allocation Failure)  79525K->677K(438272K), 0.0006914 secs]
14.161: Total time for which application threads were stopped: 0.0008318 seconds, Stopping threads took: 0.0000219 seconds
14.221: [GC (Allocation Failure)  95397K->677K(457216K), 0.0006271 secs]
14.221: Total time for which application threads were stopped: 0.0007613 seconds, Stopping threads took: 0.0000227 seconds
14.293: [GC (Allocation Failure)  114341K->645K(454656K), 0.0004820 secs]
14.293: Total time for which application threads were stopped: 0.0006066 seconds, Stopping threads took: 0.0000205 seconds
14.363: [GC (Allocation Failure)  111749K->645K(452096K), 0.0004621 secs]
14.364: Total time for which application threads were stopped: 0.0005812 seconds, Stopping threads took: 0.0000197 seconds
14.437: [GC (Allocation Failure)  109189K->709K(450048K), 0.0006125 secs]
14.438: Total time for which application threads were stopped: 0.0007392 seconds, Stopping threads took: 0.0000267 seconds
14.507: [GC (Allocation Failure)  107205K->645K(448000K), 0.0004657 secs]
14.507: Total time for which application threads were stopped: 0.0005888 seconds, Stopping threads took: 0.0000203 seconds
14.578: [GC (Allocation Failure)  105093K->709K(445952K), 0.0006043 secs]
14.579: Total time for which application threads were stopped: 0.0007510 seconds, Stopping threads took: 0.0000222 seconds
14.649: [GC (Allocation Failure)  103109K->613K(443904K), 0.0006439 secs]
14.649: Total time for which application threads were stopped: 0.0007795 seconds, Stopping threads took: 0.0000215 seconds
14.712: [GC (Allocation Failure)  100965K->613K(441856K), 0.0005362 secs]
14.713: Total time for which application threads were stopped: 0.0006787 seconds, Stopping threads took: 0.0000224 seconds
14.780: [GC (Allocation Failure)  98917K->645K(439808K), 0.0006380 secs]
14.781: Total time for which application threads were stopped: 0.0007688 seconds, Stopping threads took: 0.0000216 seconds
14.844: [GC (Allocation Failure)  96901K->741K(437760K), 0.0005002 secs]
14.845: Total time for which application threads were stopped: 0.0006289 seconds, Stopping threads took: 0.0000285 seconds
14.906: [GC (Allocation Failure)  94949K->677K(436224K), 0.0006399 secs]
14.907: Total time for which application threads were stopped: 0.0007479 seconds, Stopping threads took: 0.0000194 seconds
14.972: [GC (Allocation Failure)  93349K->645K(434688K), 0.0004262 secs]
14.973: Total time for which application threads were stopped: 0.0005617 seconds, Stopping threads took: 0.0000268 seconds
15.035: [GC (Allocation Failure)  91781K->645K(433152K), 0.0006656 secs]
15.036: Total time for which application threads were stopped: 0.0008013 seconds, Stopping threads took: 0.0000259 seconds
15.098: [GC (Allocation Failure)  90245K->645K(431616K), 0.0004729 secs]
15.098: Total time for which application threads were stopped: 0.0005962 seconds, Stopping threads took: 0.0000215 seconds
15.154: [GC (Allocation Failure)  88709K->645K(430080K), 0.0004864 secs]
15.154: Total time for which application threads were stopped: 0.0005958 seconds, Stopping threads took: 0.0000168 seconds
15.208: [GC (Allocation Failure)  87173K->613K(428544K), 0.0005485 secs]
15.209: Total time for which application threads were stopped: 0.0006674 seconds, Stopping threads took: 0.0000191 seconds
15.262: [GC (Allocation Failure)  85605K->645K(427008K), 0.0005067 secs]
15.262: Total time for which application threads were stopped: 0.0006484 seconds, Stopping threads took: 0.0000188 seconds
15.321: [GC (Allocation Failure)  84101K->677K(425472K), 0.0004649 secs]
15.321: Total time for which application threads were stopped: 0.0005864 seconds, Stopping threads took: 0.0000203 seconds
15.373: [GC (Allocation Failure)  82597K->645K(423936K), 0.0004481 secs]
15.373: Total time for which application threads were stopped: 0.0005763 seconds, Stopping threads took: 0.0000279 seconds
15.428: [GC (Allocation Failure)  81029K->613K(422400K), 0.0006090 secs]
15.429: Total time for which application threads were stopped: 0.0007294 seconds, Stopping threads took: 0.0000200 seconds
15.480: [GC (Allocation Failure)  79461K->677K(421376K), 0.0003993 secs]
15.480: Total time for which application threads were stopped: 0.0005247 seconds, Stopping threads took: 0.0000196 seconds
15.529: [GC (Allocation Failure)  78501K->613K(420352K), 0.0005226 secs]
15.530: Total time for which application threads were stopped: 0.0006368 seconds, Stopping threads took: 0.0000198 seconds
15.583: [GC (Allocation Failure)  77413K->645K(419328K), 0.0004554 secs]
15.583: Total time for which application threads were stopped: 0.0005783 seconds, Stopping threads took: 0.0000193 seconds
15.634: [GC (Allocation Failure)  76421K->645K(418304K), 0.0005019 secs]
15.634: Total time for which application threads were stopped: 0.0006330 seconds, Stopping threads took: 0.0000225 seconds
15.681: [GC (Allocation Failure)  75397K->677K(417280K), 0.0005548 secs]
15.682: Total time for which application threads were stopped: 0.0006860 seconds, Stopping threads took: 0.0000282 seconds
15.728: [GC (Allocation Failure)  74405K->677K(416256K), 0.0005114 secs]
15.729: Total time for which application threads were stopped: 0.0006456 seconds, Stopping threads took: 0.0000217 seconds
15.775: [GC (Allocation Failure)  73381K->613K(415232K), 0.0006471 secs]
15.776: Total time for which application threads were stopped: 0.0007954 seconds, Stopping threads took: 0.0000300 seconds
15.821: [GC (Allocation Failure)  72293K->645K(414208K), 0.0004928 secs]
15.822: Total time for which application threads were stopped: 0.0006232 seconds, Stopping threads took: 0.0000223 seconds
15.866: [GC (Allocation Failure)  71301K->645K(413184K), 0.0005576 secs]
15.867: Total time for which application threads were stopped: 0.0007036 seconds, Stopping threads took: 0.0000215 seconds
15.914: [GC (Allocation Failure)  70277K->645K(412160K), 0.0005069 secs]
15.915: Total time for which application threads were stopped: 0.0006689 seconds, Stopping threads took: 0.0000217 seconds
15.958: [GC (Allocation Failure)  69253K->677K(411136K), 0.0004798 secs]
15.959: Total time for which application threads were stopped: 0.0006118 seconds, Stopping threads took: 0.0000224 seconds
16.002: [GC (Allocation Failure)  68261K->645K(410112K), 0.0004506 secs]
16.002: Total time for which application threads were stopped: 0.0005701 seconds, Stopping threads took: 0.0000195 seconds
16.049: [GC (Allocation Failure)  67205K->645K(409088K), 0.0005753 secs]
16.049: Total time for which application threads were stopped: 0.0007019 seconds, Stopping threads took: 0.0000195 seconds
16.090: [GC (Allocation Failure)  66181K->677K(408064K), 0.0004814 secs]
16.091: Total time for which application threads were stopped: 0.0006230 seconds, Stopping threads took: 0.0000274 seconds
16.131: [GC (Allocation Failure)  65189K->677K(407040K), 0.0004758 secs]
16.132: Total time for which application threads were stopped: 0.0005949 seconds, Stopping threads took: 0.0000200 seconds
16.172: [GC (Allocation Failure)  64165K->613K(419840K), 0.0005618 secs]
16.172: Total time for which application threads were stopped: 0.0006873 seconds, Stopping threads took: 0.0000279 seconds
16.220: [GC (Allocation Failure)  76901K->645K(418816K), 0.0004954 secs]
16.221: Total time for which application threads were stopped: 0.0006427 seconds, Stopping threads took: 0.0000282 seconds
16.268: [GC (Allocation Failure)  75909K->709K(417792K), 0.0004691 secs]
16.269: Total time for which application threads were stopped: 0.0006034 seconds, Stopping threads took: 0.0000303 seconds
16.321: [GC (Allocation Failure)  74949K->613K(416768K), 0.0005826 secs]
16.322: Total time for which application threads were stopped: 0.0006802 seconds, Stopping threads took: 0.0000171 seconds
16.368: [GC (Allocation Failure)  73829K->709K(415744K), 0.0005032 secs]
16.368: Total time for which application threads were stopped: 0.0006145 seconds, Stopping threads took: 0.0000173 seconds
16.414: [GC (Allocation Failure)  72901K->645K(414720K), 0.0004941 secs]
16.415: Total time for which application threads were stopped: 0.0006111 seconds, Stopping threads took: 0.0000192 seconds
16.460: [GC (Allocation Failure)  71813K->709K(413696K), 0.0005754 secs]
16.461: Total time for which application threads were stopped: 0.0007028 seconds, Stopping threads took: 0.0000186 seconds
16.505: [GC (Allocation Failure)  70853K->645K(412672K), 0.0004596 secs]
16.506: Total time for which application threads were stopped: 0.0005915 seconds, Stopping threads took: 0.0000196 seconds
16.554: [GC (Allocation Failure)  69765K->581K(411648K), 0.0004394 secs]
16.555: Total time for which application threads were stopped: 0.0005597 seconds, Stopping threads took: 0.0000165 seconds
16.602: [GC (Allocation Failure)  68677K->645K(410624K), 0.0003904 secs]
16.602: Total time for which application threads were stopped: 0.0004993 seconds, Stopping threads took: 0.0000172 seconds
16.644: [GC (Allocation Failure)  67717K->709K(409600K), 0.0006176 secs]
16.645: Total time for which application threads were stopped: 0.0007375 seconds, Stopping threads took: 0.0000194 seconds
16.686: [GC (Allocation Failure)  66757K->677K(408576K), 0.0004408 secs]
16.687: Total time for which application threads were stopped: 0.0005592 seconds, Stopping threads took: 0.0000198 seconds
16.731: [GC (Allocation Failure)  65701K->645K(407552K), 0.0004623 secs]
16.732: Total time for which application threads were stopped: 0.0005866 seconds, Stopping threads took: 0.0000265 seconds
16.772: [GC (Allocation Failure)  64645K->709K(420352K), 0.0006129 secs]
16.773: Total time for which application threads were stopped: 0.0007381 seconds, Stopping threads took: 0.0000275 seconds
16.821: [GC (Allocation Failure)  77509K->645K(435712K), 0.0005435 secs]
16.821: Total time for which application threads were stopped: 0.0006679 seconds, Stopping threads took: 0.0000270 seconds
16.884: [GC (Allocation Failure)  92805K->581K(434176K), 0.0004922 secs]
16.884: Total time for which application threads were stopped: 0.0006071 seconds, Stopping threads took: 0.0000193 seconds
16.947: [GC (Allocation Failure)  91205K->677K(432640K), 0.0006977 secs]
16.948: Total time for which application threads were stopped: 0.0008204 seconds, Stopping threads took: 0.0000191 seconds
17.004: [GC (Allocation Failure)  89765K->645K(431104K), 0.0005106 secs]
17.004: Total time for which application threads were stopped: 0.0006356 seconds, Stopping threads took: 0.0000268 seconds
17.059: [GC (Allocation Failure)  88197K->709K(429568K), 0.0005368 secs]
17.060: Total time for which application threads were stopped: 0.0006721 seconds, Stopping threads took: 0.0000196 seconds
17.120: [GC (Allocation Failure)  86725K->613K(428032K), 0.0005140 secs]
17.120: Total time for which application threads were stopped: 0.0006570 seconds, Stopping threads took: 0.0000294 seconds
17.173: [GC (Allocation Failure)  85093K->741K(426496K), 0.0005168 secs]
17.174: Total time for which application threads were stopped: 0.0006525 seconds, Stopping threads took: 0.0000215 seconds
17.226: [GC (Allocation Failure)  83685K->645K(424960K), 0.0005423 secs]
17.226: Total time for which application threads were stopped: 0.0006900 seconds, Stopping threads took: 0.0000219 seconds
17.277: [GC (Allocation Failure)  82053K->677K(423424K), 0.0005467 secs]
17.278: Total time for which application threads were stopped: 0.0006953 seconds, Stopping threads took: 0.0000222 seconds
17.333: [GC (Allocation Failure)  80549K->677K(422400K), 0.0005361 secs]
17.333: Total time for which application threads were stopped: 0.0006807 seconds, Stopping threads took: 0.0000230 seconds
17.384: [GC (Allocation Failure)  79525K->741K(421376K), 0.0007363 secs]
17.385: Total time for which application threads were stopped: 0.0008844 seconds, Stopping threads took: 0.0000169 seconds
17.434: [GC (Allocation Failure)  78565K->677K(420352K), 0.0005394 secs]
17.434: Total time for which application threads were stopped: 0.0006512 seconds, Stopping threads took: 0.0000151 seconds
17.485: [GC (Allocation Failure)  77477K->645K(419328K), 0.0003491 secs]
17.485: Total time for which application threads were stopped: 0.0004407 seconds, Stopping threads took: 0.0000174 seconds
17.534: [GC (Allocation Failure)  76421K->677K(418304K), 0.0004296 secs]
17.534: Total time for which application threads were stopped: 0.0005428 seconds, Stopping threads took: 0.0000251 seconds
17.582: [GC (Allocation Failure)  75429K->645K(417280K), 0.0005741 secs]
17.582: Total time for which application threads were stopped: 0.0007337 seconds, Stopping threads took: 0.0000296 seconds
17.635: [GC (Allocation Failure)  74373K->645K(416256K), 0.0005024 secs]
17.635: Total time for which application threads were stopped: 0.0006434 seconds, Stopping threads took: 0.0000213 seconds
17.681: [GC (Allocation Failure)  73349K->645K(415232K), 0.0004643 secs]
17.681: Total time for which application threads were stopped: 0.0005871 seconds, Stopping threads took: 0.0000216 seconds
17.731: [GC (Allocation Failure)  72325K->645K(414208K), 0.0004807 secs]
17.732: Total time for which application threads were stopped: 0.0005846 seconds, Stopping threads took: 0.0000173 seconds
17.783: [GC (Allocation Failure)  71301K->613K(413184K), 0.0004968 secs]
17.783: Total time for which application threads were stopped: 0.0006219 seconds, Stopping threads took: 0.0000197 seconds
17.831: [GC (Allocation Failure)  70245K->677K(412160K), 0.0005382 secs]
17.831: Total time for which application threads were stopped: 0.0006476 seconds, Stopping threads took: 0.0000202 seconds
17.880: [GC (Allocation Failure)  69285K->645K(411136K), 0.0004779 secs]
17.881: Total time for which application threads were stopped: 0.0006083 seconds, Stopping threads took: 0.0000202 seconds
17.924: [GC (Allocation Failure)  68229K->645K(410112K), 0.0004841 secs]
17.924: Total time for which application threads were stopped: 0.0006062 seconds, Stopping threads took: 0.0000214 seconds
17.972: [GC (Allocation Failure)  67205K->613K(409088K), 0.0003826 secs]
17.972: Total time for which application threads were stopped: 0.0004995 seconds, Stopping threads took: 0.0000189 seconds
18.014: [GC (Allocation Failure)  66149K->677K(408064K), 0.0005855 secs]
18.015: Total time for which application threads were stopped: 0.0007059 seconds, Stopping threads took: 0.0000198 seconds
18.055: [GC (Allocation Failure)  65189K->677K(407040K), 0.0004796 secs]
18.056: Total time for which application threads were stopped: 0.0006069 seconds, Stopping threads took: 0.0000279 seconds
18.096: [GC (Allocation Failure)  64165K->645K(406016K), 0.0005201 secs]
18.096: Total time for which application threads were stopped: 0.0006593 seconds, Stopping threads took: 0.0000189 seconds
18.136: [GC (Allocation Failure)  63109K->677K(405504K), 0.0004943 secs]
18.136: Total time for which application threads were stopped: 0.0006401 seconds, Stopping threads took: 0.0000293 seconds
18.178: [GC (Allocation Failure)  62629K->741K(418304K), 0.0005409 secs]
18.178: Total time for which application threads were stopped: 0.0006991 seconds, Stopping threads took: 0.0000220 seconds
18.230: [GC (Allocation Failure)  75493K->645K(417280K), 0.0005349 secs]
18.230: Total time for which application threads were stopped: 0.0006818 seconds, Stopping threads took: 0.0000219 seconds
18.276: [GC (Allocation Failure)  74373K->645K(416256K), 0.0005639 secs]
18.277: Total time for which application threads were stopped: 0.0007092 seconds, Stopping threads took: 0.0000218 seconds
18.328: [GC (Allocation Failure)  73349K->677K(415232K), 0.0005216 secs]
18.328: Total time for which application threads were stopped: 0.0006341 seconds, Stopping threads took: 0.0000210 seconds
18.380: [GC (Allocation Failure)  72357K->645K(414208K), 0.0006548 secs]
18.380: Total time for which application threads were stopped: 0.0007737 seconds, Stopping threads took: 0.0000194 seconds
18.425: [GC (Allocation Failure)  71301K->645K(413184K), 0.0004762 secs]
18.426: Total time for which application threads were stopped: 0.0006052 seconds, Stopping threads took: 0.0000280 seconds
18.471: [GC (Allocation Failure)  70277K->677K(412160K), 0.0004088 secs]
18.471: Total time for which application threads were stopped: 0.0005278 seconds, Stopping threads took: 0.0000252 seconds
18.518: [GC (Allocation Failure)  69285K->645K(411136K), 0.0005089 secs]
18.519: Total time for which application threads were stopped: 0.0006343 seconds, Stopping threads took: 0.0000172 seconds
18.561: [GC (Allocation Failure)  68229K->645K(410112K), 0.0005100 secs]
18.562: Total time for which application threads were stopped: 0.0006512 seconds, Stopping threads took: 0.0000300 seconds
18.604: [GC (Allocation Failure)  67205K->709K(423424K), 0.0006312 secs]
18.604: Total time for which application threads were stopped: 0.0007749 seconds, Stopping threads took: 0.0000293 seconds
18.654: [GC (Allocation Failure)  80581K->741K(422400K), 0.0005362 secs]
18.655: Total time for which application threads were stopped: 0.0006875 seconds, Stopping threads took: 0.0000297 seconds
18.704: [GC (Allocation Failure)  79589K->677K(421376K), 0.0005063 secs]
18.705: Total time for which application threads were stopped: 0.0006594 seconds, Stopping threads took: 0.0000227 seconds
18.759: [GC (Allocation Failure)  78501K->613K(420352K), 0.0004988 secs]
18.760: Total time for which application threads were stopped: 0.0006174 seconds, Stopping threads took: 0.0000195 seconds
18.808: [GC (Allocation Failure)  77413K->645K(419328K), 0.0005251 secs]
18.809: Total time for which application threads were stopped: 0.0006426 seconds, Stopping threads took: 0.0000198 seconds
18.861: [GC (Allocation Failure)  76421K->709K(418304K), 0.0005253 secs]
18.862: Total time for which application threads were stopped: 0.0006494 seconds, Stopping threads took: 0.0000276 seconds
18.909: [GC (Allocation Failure)  75461K->645K(417280K), 0.0005156 secs]
18.909: Total time for which application threads were stopped: 0.0006360 seconds, Stopping threads took: 0.0000201 seconds
18.961: [GC (Allocation Failure)  74373K->677K(416256K), 0.0004529 secs]
18.961: Total time for which application threads were stopped: 0.0005830 seconds, Stopping threads took: 0.0000274 seconds
19.008: [GC (Allocation Failure)  73381K->645K(415232K), 0.0003911 secs]
19.008: Total time for which application threads were stopped: 0.0005141 seconds, Stopping threads took: 0.0000250 seconds
19.053: [GC (Allocation Failure)  72325K->677K(414208K), 0.0004502 secs]
19.054: Total time for which application threads were stopped: 0.0005743 seconds, Stopping threads took: 0.0000279 seconds
19.098: [GC (Allocation Failure)  71333K->613K(413184K), 0.0004168 secs]
19.098: Total time for which application threads were stopped: 0.0005244 seconds, Stopping threads took: 0.0000171 seconds
19.142: [GC (Allocation Failure)  70245K->645K(412160K), 0.0005862 secs]
19.143: Total time for which application threads were stopped: 0.0006932 seconds, Stopping threads took: 0.0000174 seconds
19.186: [GC (Allocation Failure)  69253K->645K(411136K), 0.0004181 secs]
19.186: Total time for which application threads were stopped: 0.0005252 seconds, Stopping threads took: 0.0000169 seconds
19.231: [GC (Allocation Failure)  68229K->645K(410112K), 0.0004554 secs]
19.232: Total time for which application threads were stopped: 0.0005631 seconds, Stopping threads took: 0.0000170 seconds
19.274: [GC (Allocation Failure)  67205K->677K(409088K), 0.0004807 secs]
19.274: Total time for which application threads were stopped: 0.0006042 seconds, Stopping threads took: 0.0000273 seconds
19.316: [GC (Allocation Failure)  66213K->645K(408064K), 0.0005299 secs]
19.316: Total time for which application threads were stopped: 0.0006697 seconds, Stopping threads took: 0.0000209 seconds
19.358: [GC (Allocation Failure)  65157K->709K(407040K), 0.0005306 secs]
19.358: Total time for which application threads were stopped: 0.0006782 seconds, Stopping threads took: 0.0000214 seconds
19.404: [GC (Allocation Failure)  64197K->709K(406016K), 0.0005742 secs]
19.405: Total time for which application threads were stopped: 0.0007284 seconds, Stopping threads took: 0.0000309 seconds
19.445: [GC (Allocation Failure)  63173K->613K(418816K), 0.0005566 secs]
19.445: Total time for which application threads were stopped: 0.0007016 seconds, Stopping threads took: 0.0000256 seconds
19.496: [GC (Allocation Failure)  75877K->677K(417792K), 0.0004409 secs]
19.496: Total time for which application threads were stopped: 0.0005639 seconds, Stopping threads took: 0.0000204 seconds
19.543: [GC (Allocation Failure)  74917K->645K(416768K), 0.0004966 secs]
19.543: Total time for which application threads were stopped: 0.0006358 seconds, Stopping threads took: 0.0000290 seconds
19.590: [GC (Allocation Failure)  73861K->741K(415744K), 0.0005121 secs]
19.590: Total time for which application threads were stopped: 0.0006551 seconds, Stopping threads took: 0.0000211 seconds
19.636: [GC (Allocation Failure)  72933K->645K(414720K), 0.0005111 secs]
19.636: Total time for which application threads were stopped: 0.0006532 seconds, Stopping threads took: 0.0000219 seconds
19.681: [GC (Allocation Failure)  71813K->613K(413696K), 0.0005508 secs]
19.682: Total time for which application threads were stopped: 0.0006812 seconds, Stopping threads took: 0.0000209 seconds
19.726: [GC (Allocation Failure)  70757K->677K(412672K), 0.0005422 secs]
19.727: Total time for which application threads were stopped: 0.0006838 seconds, Stopping threads took: 0.0000223 seconds
19.770: [GC (Allocation Failure)  69797K->645K(411648K), 0.0005013 secs]
19.771: Total time for which application threads were stopped: 0.0006565 seconds, Stopping threads took: 0.0000222 seconds
19.814: [GC (Allocation Failure)  68741K->645K(410624K), 0.0004997 secs]
19.815: Total time for which application threads were stopped: 0.0006088 seconds, Stopping threads took: 0.0000194 seconds
19.864: [GC (Allocation Failure)  67717K->709K(409600K), 0.0004773 secs]
19.864: Total time for which application threads were stopped: 0.0005937 seconds, Stopping threads took: 0.0000202 seconds
19.911: [GC (Allocation Failure)  66757K->645K(408576K), 0.0005851 secs]
19.912: Total time for which application threads were stopped: 0.0006907 seconds, Stopping threads took: 0.0000174 seconds
19.955: [GC (Allocation Failure)  65669K->677K(407552K), 0.0005410 secs]
19.956: Total time for which application threads were stopped: 0.0006693 seconds, Stopping threads took: 0.0000275 seconds
19.998: [GC (Allocation Failure)  64677K->677K(406528K), 0.0004424 secs]
19.998: Total time for which application threads were stopped: 0.0005645 seconds, Stopping threads took: 0.0000253 seconds
20.037: [GC (Allocation Failure)  63653K->677K(405504K), 0.0005046 secs]
20.038: Total time for which application threads were stopped: 0.0006478 seconds, Stopping threads took: 0.0000291 seconds
20.077: [GC (Allocation Failure)  62629K->677K(418304K), 0.0004931 secs]
20.077: Total time for which application threads were stopped: 0.0006396 seconds, Stopping threads took: 0.0000290 seconds
20.124: [GC (Allocation Failure)  75429K->645K(417280K), 0.0005368 secs]
20.125: Total time for which application threads were stopped: 0.0006827 seconds, Stopping threads took: 0.0000224 seconds
20.178: [GC (Allocation Failure)  74373K->709K(432128K), 0.0007299 secs]
20.178: Total time for which application threads were stopped: 0.0008754 seconds, Stopping threads took: 0.0000213 seconds
20.238: [GC (Allocation Failure)  89285K->613K(450048K), 0.0006653 secs]
20.239: Total time for which application threads were stopped: 0.0008062 seconds, Stopping threads took: 0.0000306 seconds
20.310: [GC (Allocation Failure)  107109K->709K(448000K), 0.0005037 secs]
20.311: Total time for which application threads were stopped: 0.0006299 seconds, Stopping threads took: 0.0000215 seconds
20.377: [GC (Allocation Failure)  105157K->677K(445952K), 0.0006697 secs]
20.378: Total time for which application threads were stopped: 0.0008154 seconds, Stopping threads took: 0.0000218 seconds
20.443: [GC (Allocation Failure)  103077K->741K(443904K), 0.0004200 secs]
20.443: Total time for which application threads were stopped: 0.0005343 seconds, Stopping threads took: 0.0000260 seconds
20.509: [GC (Allocation Failure)  101093K->613K(441856K), 0.0005208 secs]
20.509: Total time for which application threads were stopped: 0.0006476 seconds, Stopping threads took: 0.0000282 seconds
20.576: [GC (Allocation Failure)  98917K->709K(439808K), 0.0005158 secs]
20.576: Total time for which application threads were stopped: 0.0006321 seconds, Stopping threads took: 0.0000194 seconds
20.636: [GC (Allocation Failure)  96965K->709K(437760K), 0.0004785 secs]
20.637: Total time for which application threads were stopped: 0.0006080 seconds, Stopping threads took: 0.0000279 seconds
20.696: [GC (Allocation Failure)  94917K->645K(436224K), 0.0004572 secs]
20.697: Total time for which application threads were stopped: 0.0005857 seconds, Stopping threads took: 0.0000268 seconds
20.760: [GC (Allocation Failure)  93317K->741K(434688K), 0.0005905 secs]
20.761: Total time for which application threads were stopped: 0.0007124 seconds, Stopping threads took: 0.0000210 seconds
20.824: [GC (Allocation Failure)  91877K->741K(433152K), 0.0005167 secs]
20.824: Total time for which application threads were stopped: 0.0006330 seconds, Stopping threads took: 0.0000193 seconds
20.880: [GC (Allocation Failure)  90341K->613K(431616K), 0.0006489 secs]
20.881: Total time for which application threads were stopped: 0.0007832 seconds, Stopping threads took: 0.0000191 seconds
20.936: [GC (Allocation Failure)  88677K->709K(430080K), 0.0007511 secs]
20.937: Total time for which application threads were stopped: 0.0008724 seconds, Stopping threads took: 0.0000202 seconds
20.997: [GC (Allocation Failure)  87237K->645K(428544K), 0.0004164 secs]
20.998: Total time for which application threads were stopped: 0.0005495 seconds, Stopping threads took: 0.0000281 seconds
21.051: [GC (Allocation Failure)  85637K->677K(427008K), 0.0004699 secs]
21.052: Total time for which application threads were stopped: 0.0005871 seconds, Stopping threads took: 0.0000188 seconds
21.104: [GC (Allocation Failure)  84133K->677K(425472K), 0.0004774 secs]
21.104: Total time for which application threads were stopped: 0.0006016 seconds, Stopping threads took: 0.0000194 seconds
21.156: [GC (Allocation Failure)  82597K->645K(423936K), 0.0005215 secs]
21.156: Total time for which application threads were stopped: 0.0006496 seconds, Stopping threads took: 0.0000205 seconds
21.213: [GC (Allocation Failure)  81029K->709K(422400K), 0.0006373 secs]
21.213: Total time for which application threads were stopped: 0.0007772 seconds, Stopping threads took: 0.0000219 seconds
21.263: [GC (Allocation Failure)  79557K->677K(421376K), 0.0004990 secs]
21.263: Total time for which application threads were stopped: 0.0006394 seconds, Stopping threads took: 0.0000220 seconds
21.319: [GC (Allocation Failure)  78501K->677K(420352K), 0.0005148 secs]
21.319: Total time for which application threads were stopped: 0.0006773 seconds, Stopping threads took: 0.0000325 seconds
21.375: [GC (Allocation Failure)  77477K->613K(419328K), 0.0005212 secs]
21.376: Total time for which application threads were stopped: 0.0006682 seconds, Stopping threads took: 0.0000221 seconds
21.429: [GC (Allocation Failure)  76389K->677K(418304K), 0.0004876 secs]
21.429: Total time for which application threads were stopped: 0.0006264 seconds, Stopping threads took: 0.0000227 seconds
21.482: [GC (Allocation Failure)  75429K->645K(417280K), 0.0004154 secs]
21.483: Total time for which application threads were stopped: 0.0005415 seconds, Stopping threads took: 0.0000197 seconds
21.529: [GC (Allocation Failure)  74373K->613K(416256K), 0.0004665 secs]
21.530: Total time for which application threads were stopped: 0.0005967 seconds, Stopping threads took: 0.0000287 seconds
21.583: [GC (Allocation Failure)  73317K->677K(415232K), 0.0004996 secs]
21.583: Total time for which application threads were stopped: 0.0006304 seconds, Stopping threads took: 0.0000211 seconds
21.628: [GC (Allocation Failure)  72357K->645K(414208K), 0.0005826 secs]
21.629: Total time for which application threads were stopped: 0.0007301 seconds, Stopping threads took: 0.0000217 seconds
21.673: [GC (Allocation Failure)  71301K->677K(413184K), 0.0006263 secs]
21.674: Total time for which application threads were stopped: 0.0007577 seconds, Stopping threads took: 0.0000226 seconds
21.717: [GC (Allocation Failure)  70309K->645K(412160K), 0.0004735 secs]
21.718: Total time for which application threads were stopped: 0.0005884 seconds, Stopping threads took: 0.0000200 seconds
21.766: [GC (Allocation Failure)  69253K->645K(411136K), 0.0004575 secs]
21.767: Total time for which application threads were stopped: 0.0005671 seconds, Stopping threads took: 0.0000172 seconds
21.813: [GC (Allocation Failure)  68229K->741K(410112K), 0.0004829 secs]
21.813: Total time for which application threads were stopped: 0.0006098 seconds, Stopping threads took: 0.0000218 seconds
21.860: [GC (Allocation Failure)  67301K->613K(409088K), 0.0004636 secs]
21.861: Total time for which application threads were stopped: 0.0005774 seconds, Stopping threads took: 0.0000191 seconds
21.907: [GC (Allocation Failure)  66149K->645K(408064K), 0.0004539 secs]
21.908: Total time for which application threads were stopped: 0.0005967 seconds, Stopping threads took: 0.0000190 seconds
21.949: [GC (Allocation Failure)  65157K->677K(407040K), 0.0004825 secs]
21.949: Total time for which application threads were stopped: 0.0006134 seconds, Stopping threads took: 0.0000196 seconds
21.994: [GC (Allocation Failure)  64165K->645K(406016K), 0.0004688 secs]
21.995: Total time for which application threads were stopped: 0.0005965 seconds, Stopping threads took: 0.0000259 seconds
22.035: [GC (Allocation Failure)  63109K->709K(418816K), 0.0011640 secs]
22.036: Total time for which application threads were stopped: 0.0012862 seconds, Stopping threads took: 0.0000318 seconds
22.086: [GC (Allocation Failure)  75973K->645K(434176K), 0.0006452 secs]
22.087: Total time for which application threads were stopped: 0.0007506 seconds, Stopping threads took: 0.0000170 seconds
22.144: [GC (Allocation Failure)  91269K->709K(452608K), 0.0005151 secs]
22.145: Total time for which application threads were stopped: 0.0006521 seconds, Stopping threads took: 0.0000195 seconds
22.213: [GC (Allocation Failure)  109765K->645K(474624K), 0.0004873 secs]
22.214: Total time for which application threads were stopped: 0.0006151 seconds, Stopping threads took: 0.0000220 seconds
22.296: [GC (Allocation Failure)  131717K->677K(471552K), 0.0005422 secs]
22.296: Total time for which application threads were stopped: 0.0006715 seconds, Stopping threads took: 0.0000276 seconds
22.377: [GC (Allocation Failure)  128677K->645K(468480K), 0.0005100 secs]
22.377: Total time for which application threads were stopped: 0.0006589 seconds, Stopping threads took: 0.0000212 seconds
22.461: [GC (Allocation Failure)  125573K->645K(465408K), 0.0004765 secs]
22.462: Total time for which application threads were stopped: 0.0005983 seconds, Stopping threads took: 0.0000196 seconds
22.542: [GC (Allocation Failure)  122501K->645K(462848K), 0.0004494 secs]
22.542: Total time for which application threads were stopped: 0.0005681 seconds, Stopping threads took: 0.0000205 seconds
22.624: [GC (Allocation Failure)  119941K->645K(460288K), 0.0004437 secs]
22.624: Total time for which application threads were stopped: 0.0005604 seconds, Stopping threads took: 0.0000202 seconds
22.702: [GC (Allocation Failure)  117381K->709K(457728K), 0.0005304 secs]
22.703: Total time for which application threads were stopped: 0.0006372 seconds, Stopping threads took: 0.0000174 seconds
22.781: [GC (Allocation Failure)  114885K->613K(455168K), 0.0004504 secs]
22.781: Total time for which application threads were stopped: 0.0005645 seconds, Stopping threads took: 0.0000192 seconds
22.856: [GC (Allocation Failure)  112229K->677K(452608K), 0.0004728 secs]
22.856: Total time for which application threads were stopped: 0.0005802 seconds, Stopping threads took: 0.0000176 seconds
22.930: [GC (Allocation Failure)  109733K->645K(450560K), 0.0005262 secs]
22.930: Total time for which application threads were stopped: 0.0006845 seconds, Stopping threads took: 0.0000276 seconds
22.998: [GC (Allocation Failure)  107653K->677K(448512K), 0.0004386 secs]
22.998: Total time for which application threads were stopped: 0.0005563 seconds, Stopping threads took: 0.0000201 seconds
23.064: [GC (Allocation Failure)  105637K->677K(446464K), 0.0004916 secs]
23.064: Total time for which application threads were stopped: 0.0006247 seconds, Stopping threads took: 0.0000283 seconds
23.129: [GC (Allocation Failure)  103589K->613K(444416K), 0.0006276 secs]
23.129: Total time for which application threads were stopped: 0.0007692 seconds, Stopping threads took: 0.0000217 seconds
23.192: [GC (Allocation Failure)  101477K->645K(442368K), 0.0005742 secs]
23.193: Total time for which application threads were stopped: 0.0007316 seconds, Stopping threads took: 0.0000308 seconds
23.260: [GC (Allocation Failure)  99461K->677K(440320K), 0.0005700 secs]
23.261: Total time for which application threads were stopped: 0.0007141 seconds, Stopping threads took: 0.0000219 seconds
23.327: [GC (Allocation Failure)  97445K->613K(438272K), 0.0005191 secs]
23.327: Total time for which application threads were stopped: 0.0006686 seconds, Stopping threads took: 0.0000199 seconds
23.390: [GC (Allocation Failure)  95333K->645K(436736K), 0.0005667 secs]
23.391: Total time for which application threads were stopped: 0.0006844 seconds, Stopping threads took: 0.0000195 seconds
23.450: [GC (Allocation Failure)  93829K->645K(435200K), 0.0004841 secs]
23.450: Total time for which application threads were stopped: 0.0005959 seconds, Stopping threads took: 0.0000270 seconds
23.508: [GC (Allocation Failure)  92293K->645K(433664K), 0.0003821 secs]
23.508: Total time for which application threads were stopped: 0.0004966 seconds, Stopping threads took: 0.0000177 seconds
23.564: [GC (Allocation Failure)  90757K->645K(432128K), 0.0004106 secs]
23.565: Total time for which application threads were stopped: 0.0005311 seconds, Stopping threads took: 0.0000170 seconds
23.620: [GC (Allocation Failure)  89221K->677K(430592K), 0.0006118 secs]
23.621: Total time for which application threads were stopped: 0.0007376 seconds, Stopping threads took: 0.0000284 seconds
23.680: [GC (Allocation Failure)  87717K->613K(429056K), 0.0004790 secs]
23.681: Total time for which application threads were stopped: 0.0005883 seconds, Stopping threads took: 0.0000171 seconds
23.734: [GC (Allocation Failure)  86117K->645K(427520K), 0.0005723 secs]
23.735: Total time for which application threads were stopped: 0.0007080 seconds, Stopping threads took: 0.0000277 seconds
23.791: [GC (Allocation Failure)  84613K->645K(425984K), 0.0006706 secs]
23.791: Total time for which application threads were stopped: 0.0008055 seconds, Stopping threads took: 0.0000216 seconds
23.846: [GC (Allocation Failure)  83077K->677K(424448K), 0.0005427 secs]
23.847: Total time for which application threads were stopped: 0.0006642 seconds, Stopping threads took: 0.0000190 seconds
23.903: [GC (Allocation Failure)  81573K->677K(422912K), 0.0005296 secs]
23.904: Total time for which application threads were stopped: 0.0006831 seconds, Stopping threads took: 0.0000308 seconds
23.953: [GC (Allocation Failure)  80037K->677K(421888K), 0.0005374 secs]
23.954: Total time for which application threads were stopped: 0.0006906 seconds, Stopping threads took: 0.0000304 seconds
24.003: [GC (Allocation Failure)  79013K->613K(420864K), 0.0005031 secs]
24.004: Total time for which application threads were stopped: 0.0006429 seconds, Stopping threads took: 0.0000213 seconds
24.057: [GC (Allocation Failure)  77925K->645K(419840K), 0.0005475 secs]
24.057: Total time for which application threads were stopped: 0.0006871 seconds, Stopping threads took: 0.0000224 seconds
24.109: [GC (Allocation Failure)  76933K->613K(418816K), 0.0006639 secs]
24.109: Total time for which application threads were stopped: 0.0008123 seconds, Stopping threads took: 0.0000225 seconds
24.162: [GC (Allocation Failure)  75877K->613K(417792K), 0.0005049 secs]
24.163: Total time for which application threads were stopped: 0.0006330 seconds, Stopping threads took: 0.0000222 seconds
24.209: [GC (Allocation Failure)  74853K->677K(416768K), 0.0006550 secs]
24.210: Total time for which application threads were stopped: 0.0007992 seconds, Stopping threads took: 0.0000216 seconds
24.261: [GC (Allocation Failure)  73893K->581K(415744K), 0.0006215 secs]
24.262: Total time for which application threads were stopped: 0.0007516 seconds, Stopping threads took: 0.0000231 seconds
24.307: [GC (Allocation Failure)  72773K->709K(414720K), 0.0004876 secs]
24.308: Total time for which application threads were stopped: 0.0006166 seconds, Stopping threads took: 0.0000279 seconds
24.356: [GC (Allocation Failure)  71877K->709K(413696K), 0.0005876 secs]
24.357: Total time for which application threads were stopped: 0.0007087 seconds, Stopping threads took: 0.0000191 seconds
24.401: [GC (Allocation Failure)  70853K->709K(428032K), 0.0006936 secs]
24.402: Total time for which application threads were stopped: 0.0008125 seconds, Stopping threads took: 0.0000201 seconds
24.461: [GC (Allocation Failure)  85189K->645K(444928K), 0.0005728 secs]
24.462: Total time for which application threads were stopped: 0.0006819 seconds, Stopping threads took: 0.0000167 seconds
24.526: [GC (Allocation Failure)  102021K->677K(442880K), 0.0004711 secs]
24.526: Total time for which application threads were stopped: 0.0005994 seconds, Stopping threads took: 0.0000282 seconds
24.588: [GC (Allocation Failure)  100005K->677K(440832K), 0.0004719 secs]
24.589: Total time for which application threads were stopped: 0.0005997 seconds, Stopping threads took: 0.0000286 seconds
24.649: [GC (Allocation Failure)  97957K->677K(438784K), 0.0004965 secs]
24.650: Total time for which application threads were stopped: 0.0007758 seconds, Stopping threads took: 0.0000250 seconds
24.710: [GC (Allocation Failure)  95909K->613K(437248K), 0.0005494 secs]
24.710: Total time for which application threads were stopped: 0.0006699 seconds, Stopping threads took: 0.0000193 seconds
24.769: [GC (Allocation Failure)  94309K->709K(435712K), 0.0004657 secs]
24.769: Total time for which application threads were stopped: 0.0005965 seconds, Stopping threads took: 0.0000272 seconds
24.832: [GC (Allocation Failure)  92869K->677K(434176K), 0.0004847 secs]
24.832: Total time for which application threads were stopped: 0.0006074 seconds, Stopping threads took: 0.0000199 seconds
24.892: [GC (Allocation Failure)  91301K->709K(432640K), 0.0005574 secs]
24.893: Total time for which application threads were stopped: 0.0006834 seconds, Stopping threads took: 0.0000171 seconds
24.949: [GC (Allocation Failure)  89797K->645K(431104K), 0.0004768 secs]
24.949: Total time for which application threads were stopped: 0.0005868 seconds, Stopping threads took: 0.0000171 seconds
25.005: [GC (Allocation Failure)  88197K->645K(429568K), 0.0004244 secs]
25.006: Total time for which application threads were stopped: 0.0005446 seconds, Stopping threads took: 0.0000295 seconds
25.060: [GC (Allocation Failure)  86661K->677K(428032K), 0.0005035 secs]
25.060: Total time for which application threads were stopped: 0.0006353 seconds, Stopping threads took: 0.0000285 seconds
25.113: [GC (Allocation Failure)  85157K->613K(426496K), 0.0006651 secs]
25.114: Total time for which application threads were stopped: 0.0007930 seconds, Stopping threads took: 0.0000215 seconds
25.165: [GC (Allocation Failure)  83557K->613K(424960K), 0.0004786 secs]
25.166: Total time for which application threads were stopped: 0.0006111 seconds, Stopping threads took: 0.0000283 seconds
25.217: [GC (Allocation Failure)  82021K->677K(423424K), 0.0005237 secs]
25.217: Total time for which application threads were stopped: 0.0006544 seconds, Stopping threads took: 0.0000213 seconds
25.267: [GC (Allocation Failure)  80549K->709K(422400K), 0.0004846 secs]
25.268: Total time for which application threads were stopped: 0.0006313 seconds, Stopping threads took: 0.0000280 seconds
25.324: [GC (Allocation Failure)  79557K->677K(421376K), 0.0004506 secs]
25.324: Total time for which application threads were stopped: 0.0005705 seconds, Stopping threads took: 0.0000196 seconds
25.378: [GC (Allocation Failure)  78501K->677K(420352K), 0.0004604 secs]
25.379: Total time for which application threads were stopped: 0.0005766 seconds, Stopping threads took: 0.0000197 seconds
25.427: [GC (Allocation Failure)  77477K->645K(419328K), 0.0004676 secs]
25.427: Total time for which application threads were stopped: 0.0005783 seconds, Stopping threads took: 0.0000169 seconds
25.476: [GC (Allocation Failure)  76421K->677K(418304K), 0.0004920 secs]
25.476: Total time for which application threads were stopped: 0.0006124 seconds, Stopping threads took: 0.0000193 seconds
25.528: [GC (Allocation Failure)  75429K->645K(417280K), 0.0004486 secs]
25.529: Total time for which application threads were stopped: 0.0005814 seconds, Stopping threads took: 0.0000198 seconds
25.575: [GC (Allocation Failure)  74373K->709K(416256K), 0.0006121 secs]
25.576: Total time for which application threads were stopped: 0.0007346 seconds, Stopping threads took: 0.0000194 seconds
25.628: [GC (Allocation Failure)  73413K->613K(415232K), 0.0005826 secs]
25.628: Total time for which application threads were stopped: 0.0007060 seconds, Stopping threads took: 0.0000199 seconds
25.673: [GC (Allocation Failure)  72293K->677K(414208K), 0.0004953 secs]
25.674: Total time for which application threads were stopped: 0.0006274 seconds, Stopping threads took: 0.0000206 seconds
25.718: [GC (Allocation Failure)  71333K->677K(413184K), 0.0004968 secs]
25.719: Total time for which application threads were stopped: 0.0006264 seconds, Stopping threads took: 0.0000199 seconds
25.762: [GC (Allocation Failure)  70309K->645K(412160K), 0.0005687 secs]
25.763: Total time for which application threads were stopped: 0.0007157 seconds, Stopping threads took: 0.0000225 seconds
25.806: [GC (Allocation Failure)  69253K->677K(411136K), 0.0004787 secs]
25.807: Total time for which application threads were stopped: 0.0006092 seconds, Stopping threads took: 0.0000229 seconds
25.850: [GC (Allocation Failure)  68261K->645K(410112K), 0.0004752 secs]
25.850: Total time for which application threads were stopped: 0.0005969 seconds, Stopping threads took: 0.0000197 seconds
25.892: [GC (Allocation Failure)  67205K->645K(409088K), 0.0005444 secs]
25.893: Total time for which application threads were stopped: 0.0006805 seconds, Stopping threads took: 0.0000196 seconds
25.939: [GC (Allocation Failure)  66181K->677K(408064K), 0.0004881 secs]
25.940: Total time for which application threads were stopped: 0.0006176 seconds, Stopping threads took: 0.0000217 seconds
25.987: [GC (Allocation Failure)  65189K->645K(407040K), 0.0005364 secs]
25.988: Total time for which application threads were stopped: 0.0006545 seconds, Stopping threads took: 0.0000253 seconds
26.031: [GC (Allocation Failure)  64133K->709K(406016K), 0.0004447 secs]
26.031: Total time for which application threads were stopped: 0.0005546 seconds, Stopping threads took: 0.0000171 seconds
26.071: [GC (Allocation Failure)  63173K->677K(418816K), 0.0005634 secs]
26.071: Total time for which application threads were stopped: 0.0006995 seconds, Stopping threads took: 0.0000267 seconds
26.119: [GC (Allocation Failure)  75941K->677K(417792K), 0.0005116 secs]
26.119: Total time for which application threads were stopped: 0.0006565 seconds, Stopping threads took: 0.0000218 seconds
26.166: [GC (Allocation Failure)  74917K->677K(432640K), 0.0006161 secs]
26.167: Total time for which application threads were stopped: 0.0007606 seconds, Stopping threads took: 0.0000220 seconds
26.222: [GC (Allocation Failure)  89765K->645K(431104K), 0.0004767 secs]
26.223: Total time for which application threads were stopped: 0.0006182 seconds, Stopping threads took: 0.0000202 seconds
26.283: [GC (Allocation Failure)  88197K->677K(429568K), 0.0005378 secs]
26.284: Total time for which application threads were stopped: 0.0006858 seconds, Stopping threads took: 0.0000305 seconds
26.340: [GC (Allocation Failure)  86693K->677K(428032K), 0.0004543 secs]
26.341: Total time for which application threads were stopped: 0.0005741 seconds, Stopping threads took: 0.0000190 seconds
26.394: [GC (Allocation Failure)  85157K->645K(426496K), 0.0006031 secs]
26.394: Total time for which application threads were stopped: 0.0007316 seconds, Stopping threads took: 0.0000193 seconds
26.446: [GC (Allocation Failure)  83589K->645K(424960K), 0.0007322 secs]
26.447: Total time for which application threads were stopped: 0.0008582 seconds, Stopping threads took: 0.0000260 seconds
26.502: [GC (Allocation Failure)  82053K->645K(423424K), 0.0004794 secs]
26.503: Total time for which application threads were stopped: 0.0006148 seconds, Stopping threads took: 0.0000253 seconds
26.559: [GC (Allocation Failure)  80517K->677K(422400K), 0.0005672 secs]
26.559: Total time for which application threads were stopped: 0.0006839 seconds, Stopping threads took: 0.0000193 seconds
26.608: [GC (Allocation Failure)  79525K->645K(421376K), 0.0004636 secs]
26.609: Total time for which application threads were stopped: 0.0005808 seconds, Stopping threads took: 0.0000197 seconds
26.663: [GC (Allocation Failure)  78469K->645K(420352K), 0.0005078 secs]
26.663: Total time for which application threads were stopped: 0.0006286 seconds, Stopping threads took: 0.0000193 seconds
26.717: [GC (Allocation Failure)  77445K->677K(419328K), 0.0004946 secs]
26.718: Total time for which application threads were stopped: 0.0006206 seconds, Stopping threads took: 0.0000278 seconds
26.768: [GC (Allocation Failure)  76453K->645K(418304K), 0.0004494 secs]
26.769: Total time for which application threads were stopped: 0.0005735 seconds, Stopping threads took: 0.0000278 seconds
26.816: [GC (Allocation Failure)  75397K->645K(417280K), 0.0004906 secs]
26.816: Total time for which application threads were stopped: 0.0006114 seconds, Stopping threads took: 0.0000199 seconds
26.868: [GC (Allocation Failure)  74373K->645K(416256K), 0.0004677 secs]
26.869: Total time for which application threads were stopped: 0.0005888 seconds, Stopping threads took: 0.0000195 seconds
26.917: [GC (Allocation Failure)  73349K->709K(415232K), 0.0005003 secs]
26.918: Total time for which application threads were stopped: 0.0006311 seconds, Stopping threads took: 0.0000299 seconds
26.966: [GC (Allocation Failure)  72389K->645K(414208K), 0.0004372 secs]
26.967: Total time for which application threads were stopped: 0.0005513 seconds, Stopping threads took: 0.0000173 seconds
27.016: [GC (Allocation Failure)  71301K->709K(413184K), 0.0004024 secs]
27.016: Total time for which application threads were stopped: 0.0005187 seconds, Stopping threads took: 0.0000251 seconds
27.060: [GC (Allocation Failure)  70341K->645K(412160K), 0.0004786 secs]
27.060: Total time for which application threads were stopped: 0.0006085 seconds, Stopping threads took: 0.0000282 seconds
27.109: [GC (Allocation Failure)  69253K->709K(411136K), 0.0004745 secs]
27.109: Total time for which application threads were stopped: 0.0006008 seconds, Stopping threads took: 0.0000283 seconds
27.152: [GC (Allocation Failure)  68293K->645K(410112K), 0.0004893 secs]
27.152: Total time for which application threads were stopped: 0.0006094 seconds, Stopping threads took: 0.0000194 seconds
27.194: [GC (Allocation Failure)  67205K->645K(409088K), 0.0004890 secs]
27.195: Total time for which application threads were stopped: 0.0006099 seconds, Stopping threads took: 0.0000195 seconds
27.242: [GC (Allocation Failure)  66181K->677K(408064K), 0.0004534 secs]
27.243: Total time for which application threads were stopped: 0.0005909 seconds, Stopping threads took: 0.0000283 seconds
27.283: [GC (Allocation Failure)  65189K->645K(421376K), 0.0006690 secs]
27.284: Total time for which application threads were stopped: 0.0007896 seconds, Stopping threads took: 0.0000202 seconds
27.336: [GC (Allocation Failure)  78469K->645K(420352K), 0.0005068 secs]
27.337: Total time for which application threads were stopped: 0.0006539 seconds, Stopping threads took: 0.0000292 seconds
27.385: [GC (Allocation Failure)  77445K->645K(419328K), 0.0004711 secs]
27.385: Total time for which application threads were stopped: 0.0005966 seconds, Stopping threads took: 0.0000281 seconds
27.438: [GC (Allocation Failure)  76421K->645K(418304K), 0.0005545 secs]
27.438: Total time for which application threads were stopped: 0.0006822 seconds, Stopping threads took: 0.0000276 seconds
27.490: [GC (Allocation Failure)  75397K->677K(417280K), 0.0004561 secs]
27.490: Total time for which application threads were stopped: 0.0005836 seconds, Stopping threads took: 0.0000279 seconds
27.537: [GC (Allocation Failure)  74405K->677K(416256K), 0.0004931 secs]
27.537: Total time for which application threads were stopped: 0.0006211 seconds, Stopping threads took: 0.0000282 seconds
27.583: [GC (Allocation Failure)  73381K->613K(415232K), 0.0006541 secs]
27.583: Total time for which application threads were stopped: 0.0008545 seconds, Stopping threads took: 0.0000213 seconds
27.628: [GC (Allocation Failure)  72293K->645K(414208K), 0.0005270 secs]
27.629: Total time for which application threads were stopped: 0.0006670 seconds, Stopping threads took: 0.0000220 seconds
27.673: [GC (Allocation Failure)  71301K->677K(413184K), 0.0005372 secs]
27.674: Total time for which application threads were stopped: 0.0006793 seconds, Stopping threads took: 0.0000216 seconds
27.724: [GC (Allocation Failure)  70309K->677K(412160K), 0.0004945 secs]
27.724: Total time for which application threads were stopped: 0.0006110 seconds, Stopping threads took: 0.0000194 seconds
27.768: [GC (Allocation Failure)  69285K->645K(411136K), 0.0005139 secs]
27.768: Total time for which application threads were stopped: 0.0006437 seconds, Stopping threads took: 0.0000212 seconds
27.811: [GC (Allocation Failure)  68229K->741K(410112K), 0.0004797 secs]
27.811: Total time for which application threads were stopped: 0.0006040 seconds, Stopping threads took: 0.0000217 seconds
27.854: [GC (Allocation Failure)  67301K->709K(409088K), 0.0004540 secs]
27.854: Total time for which application threads were stopped: 0.0005745 seconds, Stopping threads took: 0.0000279 seconds
27.901: [GC (Allocation Failure)  66245K->645K(408064K), 0.0005342 secs]
27.902: Total time for which application threads were stopped: 0.0006848 seconds, Stopping threads took: 0.0000196 seconds
27.942: [GC (Allocation Failure)  65157K->709K(421376K), 0.0006391 secs]
27.943: Total time for which application threads were stopped: 0.0007719 seconds, Stopping threads took: 0.0000229 seconds
27.992: [GC (Allocation Failure)  78533K->677K(420352K), 0.0004546 secs]
27.993: Total time for which application threads were stopped: 0.0005825 seconds, Stopping threads took: 0.0000282 seconds
28.041: [GC (Allocation Failure)  77477K->645K(419328K), 0.0004791 secs]
28.041: Total time for which application threads were stopped: 0.0005952 seconds, Stopping threads took: 0.0000193 seconds
28.094: [GC (Allocation Failure)  76421K->645K(418304K), 0.0004885 secs]
28.094: Total time for which application threads were stopped: 0.0006086 seconds, Stopping threads took: 0.0000199 seconds
28.148: [GC (Allocation Failure)  75397K->645K(417280K), 0.0005026 secs]
28.148: Total time for which application threads were stopped: 0.0006353 seconds, Stopping threads took: 0.0000193 seconds
28.198: [GC (Allocation Failure)  74373K->677K(416256K), 0.0005444 secs]
28.198: Total time for which application threads were stopped: 0.0006643 seconds, Stopping threads took: 0.0000200 seconds
28.250: [GC (Allocation Failure)  73381K->645K(415232K), 0.0005351 secs]
28.251: Total time for which application threads were stopped: 0.0006743 seconds, Stopping threads took: 0.0000277 seconds
28.296: [GC (Allocation Failure)  72325K->645K(414208K), 0.0004748 secs]
28.296: Total time for which application threads were stopped: 0.0005915 seconds, Stopping threads took: 0.0000193 seconds
28.341: [GC (Allocation Failure)  71301K->645K(413184K), 0.0004685 secs]
28.341: Total time for which application threads were stopped: 0.0005854 seconds, Stopping threads took: 0.0000197 seconds
28.385: [GC (Allocation Failure)  70277K->613K(412160K), 0.0004404 secs]
28.385: Total time for which application threads were stopped: 0.0005664 seconds, Stopping threads took: 0.0000276 seconds
28.433: [GC (Allocation Failure)  69221K->709K(411136K), 0.0004716 secs]
28.434: Total time for which application threads were stopped: 0.0006028 seconds, Stopping threads took: 0.0000224 seconds
28.480: [GC (Allocation Failure)  68293K->613K(410112K), 0.0004484 secs]
28.481: Total time for which application threads were stopped: 0.0005678 seconds, Stopping threads took: 0.0000199 seconds
28.526: [GC (Allocation Failure)  67173K->645K(409088K), 0.0004710 secs]
28.527: Total time for which application threads were stopped: 0.0005838 seconds, Stopping threads took: 0.0000167 seconds
28.568: [GC (Allocation Failure)  66181K->741K(408064K), 0.0005035 secs]
28.569: Total time for which application threads were stopped: 0.0006356 seconds, Stopping threads took: 0.0000210 seconds
28.612: [GC (Allocation Failure)  65253K->677K(407040K), 0.0005617 secs]
28.613: Total time for which application threads were stopped: 0.0006908 seconds, Stopping threads took: 0.0000210 seconds
28.653: [GC (Allocation Failure)  64165K->677K(406016K), 0.0005385 secs]
28.653: Total time for which application threads were stopped: 0.0006725 seconds, Stopping threads took: 0.0000210 seconds
28.693: [GC (Allocation Failure)  63141K->645K(418816K), 0.0005327 secs]
28.693: Total time for which application threads were stopped: 0.0006604 seconds, Stopping threads took: 0.0000214 seconds
28.741: [GC (Allocation Failure)  75909K->709K(434176K), 0.0006235 secs]
28.741: Total time for which application threads were stopped: 0.0007721 seconds, Stopping threads took: 0.0000217 seconds
28.804: [GC (Allocation Failure)  91333K->677K(432640K), 0.0005013 secs]
28.805: Total time for which application threads were stopped: 0.0006469 seconds, Stopping threads took: 0.0000223 seconds
28.860: [GC (Allocation Failure)  89765K->741K(431104K), 0.0005500 secs]
28.861: Total time for which application threads were stopped: 0.0006794 seconds, Stopping threads took: 0.0000198 seconds
28.916: [GC (Allocation Failure)  88293K->677K(429568K), 0.0006149 secs]
28.916: Total time for which application threads were stopped: 0.0007311 seconds, Stopping threads took: 0.0000217 seconds
28.976: [GC (Allocation Failure)  86693K->709K(428032K), 0.0004945 secs]
28.977: Total time for which application threads were stopped: 0.0006145 seconds, Stopping threads took: 0.0000192 seconds
29.030: [GC (Allocation Failure)  85189K->677K(426496K), 0.0006347 secs]
29.031: Total time for which application threads were stopped: 0.0008048 seconds, Stopping threads took: 0.0000440 seconds
29.089: [GC (Allocation Failure)  83621K->677K(424960K), 0.0005014 secs]
29.089: Total time for which application threads were stopped: 0.0006167 seconds, Stopping threads took: 0.0000183 seconds
29.140: [GC (Allocation Failure)  82085K->613K(423424K), 0.0004729 secs]
29.141: Total time for which application threads were stopped: 0.0005926 seconds, Stopping threads took: 0.0000194 seconds
29.196: [GC (Allocation Failure)  80485K->709K(422400K), 0.0005009 secs]
29.196: Total time for which application threads were stopped: 0.0006298 seconds, Stopping threads took: 0.0000199 seconds
29.250: [GC (Allocation Failure)  79557K->645K(421376K), 0.0006968 secs]
29.250: Total time for which application threads were stopped: 0.0008329 seconds, Stopping threads took: 0.0000242 seconds
29.299: [GC (Allocation Failure)  78469K->677K(420352K), 0.0006116 secs]
29.300: Total time for which application threads were stopped: 0.0007484 seconds, Stopping threads took: 0.0000196 seconds
29.355: [GC (Allocation Failure)  77477K->645K(419328K), 0.0005119 secs]
29.355: Total time for which application threads were stopped: 0.0006637 seconds, Stopping threads took: 0.0000212 seconds
29.407: [GC (Allocation Failure)  76421K->677K(418304K), 0.0006664 secs]
29.408: Total time for which application threads were stopped: 0.0008132 seconds, Stopping threads took: 0.0000297 seconds
29.455: [GC (Allocation Failure)  75429K->709K(417280K), 0.0004545 secs]
29.456: Total time for which application threads were stopped: 0.0005699 seconds, Stopping threads took: 0.0000170 seconds
29.506: [GC (Allocation Failure)  74437K->613K(416256K), 0.0004213 secs]
29.507: Total time for which application threads were stopped: 0.0005434 seconds, Stopping threads took: 0.0000261 seconds
29.558: [GC (Allocation Failure)  73317K->613K(415232K), 0.0005247 secs]
29.559: Total time for which application threads were stopped: 0.0006481 seconds, Stopping threads took: 0.0000272 seconds
29.604: [GC (Allocation Failure)  72293K->613K(414208K), 0.0005496 secs]
29.604: Total time for which application threads were stopped: 0.0006738 seconds, Stopping threads took: 0.0000272 seconds
29.654: [GC (Allocation Failure)  71269K->677K(413184K), 0.0004608 secs]
29.655: Total time for which application threads were stopped: 0.0005770 seconds, Stopping threads took: 0.0000192 seconds
29.698: [GC (Allocation Failure)  70309K->613K(412160K), 0.0006210 secs]
29.699: Total time for which application threads were stopped: 0.0007391 seconds, Stopping threads took: 0.0000193 seconds
29.745: [GC (Allocation Failure)  69221K->677K(411136K), 0.0004820 secs]
29.746: Total time for which application threads were stopped: 0.0005989 seconds, Stopping threads took: 0.0000196 seconds
29.788: [GC (Allocation Failure)  68261K->677K(410112K), 0.0004678 secs]
29.789: Total time for which application threads were stopped: 0.0005873 seconds, Stopping threads took: 0.0000197 seconds
29.831: [GC (Allocation Failure)  67237K->645K(423424K), 0.0006644 secs]
29.831: Total time for which application threads were stopped: 0.0007810 seconds, Stopping threads took: 0.0000192 seconds
29.882: [GC (Allocation Failure)  80517K->709K(439808K), 0.0007284 secs]
29.883: Total time for which application threads were stopped: 0.0008486 seconds, Stopping threads took: 0.0000201 seconds
29.943: [GC (Allocation Failure)  96965K->677K(459264K), 0.0005230 secs]
29.943: Total time for which application threads were stopped: 0.0006417 seconds, Stopping threads took: 0.0000198 seconds
30.016: [GC (Allocation Failure)  116389K->741K(456704K), 0.0005462 secs]
30.017: Total time for which application threads were stopped: 0.0008105 seconds, Stopping threads took: 0.0000200 seconds
30.087: [GC (Allocation Failure)  113893K->645K(454144K), 0.0005839 secs]
30.088: Total time for which application threads were stopped: 0.0007124 seconds, Stopping threads took: 0.0000285 seconds
30.157: [GC (Allocation Failure)  111237K->645K(452096K), 0.0005250 secs]
30.157: Total time for which application threads were stopped: 0.0006415 seconds, Stopping threads took: 0.0000191 seconds
30.225: [GC (Allocation Failure)  109189K->709K(450048K), 0.0004741 secs]
30.226: Total time for which application threads were stopped: 0.0005955 seconds, Stopping threads took: 0.0000202 seconds
30.292: [GC (Allocation Failure)  107205K->709K(448000K), 0.0004986 secs]
30.293: Total time for which application threads were stopped: 0.0006249 seconds, Stopping threads took: 0.0000219 seconds
30.358: [GC (Allocation Failure)  105157K->645K(445952K), 0.0005570 secs]
30.358: Total time for which application threads were stopped: 0.0006831 seconds, Stopping threads took: 0.0000273 seconds
30.423: [GC (Allocation Failure)  103045K->709K(443904K), 0.0005065 secs]
30.423: Total time for which application threads were stopped: 0.0006416 seconds, Stopping threads took: 0.0000275 seconds
30.487: [GC (Allocation Failure)  101061K->645K(441856K), 0.0003730 secs]
30.487: Total time for which application threads were stopped: 0.0004973 seconds, Stopping threads took: 0.0000258 seconds
30.553: [GC (Allocation Failure)  98949K->709K(439808K), 0.0004288 secs]
30.553: Total time for which application threads were stopped: 0.0005567 seconds, Stopping threads took: 0.0000275 seconds
30.614: [GC (Allocation Failure)  96965K->677K(437760K), 0.0004640 secs]
30.614: Total time for which application threads were stopped: 0.0005907 seconds, Stopping threads took: 0.0000274 seconds
30.673: [GC (Allocation Failure)  94885K->645K(436224K), 0.0004840 secs]
30.674: Total time for which application threads were stopped: 0.0006033 seconds, Stopping threads took: 0.0000202 seconds
30.732: [GC (Allocation Failure)  93317K->709K(434688K), 0.0004680 secs]
30.733: Total time for which application threads were stopped: 0.0005899 seconds, Stopping threads took: 0.0000197 seconds
30.790: [GC (Allocation Failure)  91845K->645K(433152K), 0.0005165 secs]
30.791: Total time for which application threads were stopped: 0.0006644 seconds, Stopping threads took: 0.0000228 seconds
30.854: [GC (Allocation Failure)  90245K->677K(431616K), 0.0005813 secs]
30.854: Total time for which application threads were stopped: 0.0007277 seconds, Stopping threads took: 0.0000233 seconds
30.909: [GC (Allocation Failure)  88741K->613K(430080K), 0.0006068 secs]
30.910: Total time for which application threads were stopped: 0.0007254 seconds, Stopping threads took: 0.0000201 seconds
30.964: [GC (Allocation Failure)  87141K->709K(428544K), 0.0005859 secs]
30.965: Total time for which application threads were stopped: 0.0007062 seconds, Stopping threads took: 0.0000193 seconds
31.018: [GC (Allocation Failure)  85701K->677K(427008K), 0.0005001 secs]
31.018: Total time for which application threads were stopped: 0.0006469 seconds, Stopping threads took: 0.0000277 seconds
31.071: [GC (Allocation Failure)  84133K->677K(425472K), 0.0005040 secs]
31.071: Total time for which application threads were stopped: 0.0006445 seconds, Stopping threads took: 0.0000222 seconds
31.122: [GC (Allocation Failure)  82597K->645K(423936K), 0.0005283 secs]
31.123: Total time for which application threads were stopped: 0.0006922 seconds, Stopping threads took: 0.0000369 seconds
31.173: [GC (Allocation Failure)  81029K->645K(422400K), 0.0004883 secs]
31.174: Total time for which application threads were stopped: 0.0006207 seconds, Stopping threads took: 0.0000225 seconds
31.228: [GC (Allocation Failure)  79493K->709K(421376K), 0.0004643 secs]
31.229: Total time for which application threads were stopped: 0.0005817 seconds, Stopping threads took: 0.0000198 seconds
31.277: [GC (Allocation Failure)  78533K->645K(420352K), 0.0004044 secs]
31.278: Total time for which application threads were stopped: 0.0005137 seconds, Stopping threads took: 0.0000170 seconds
31.329: [GC (Allocation Failure)  77445K->677K(419328K), 0.0004804 secs]
31.330: Total time for which application threads were stopped: 0.0006003 seconds, Stopping threads took: 0.0000194 seconds
31.377: [GC (Allocation Failure)  76453K->613K(418304K), 0.0006621 secs]
31.378: Total time for which application threads were stopped: 0.0007970 seconds, Stopping threads took: 0.0000215 seconds
31.432: [GC (Allocation Failure)  75365K->645K(417280K), 0.0006623 secs]
31.433: Total time for which application threads were stopped: 0.0007858 seconds, Stopping threads took: 0.0000255 seconds
31.480: [GC (Allocation Failure)  74373K->613K(416256K), 0.0006262 secs]
31.480: Total time for which application threads were stopped: 0.0007454 seconds, Stopping threads took: 0.0000196 seconds
31.527: [GC (Allocation Failure)  73317K->741K(415232K), 0.0003775 secs]
31.527: Total time for which application threads were stopped: 0.0005117 seconds, Stopping threads took: 0.0000255 seconds
31.573: [GC (Allocation Failure)  72421K->677K(414208K), 0.0005412 secs]
31.573: Total time for which application threads were stopped: 0.0006608 seconds, Stopping threads took: 0.0000200 seconds
31.617: [GC (Allocation Failure)  71333K->677K(413184K), 0.0005683 secs]
31.618: Total time for which application threads were stopped: 0.0007123 seconds, Stopping threads took: 0.0000299 seconds
31.662: [GC (Allocation Failure)  70309K->677K(412160K), 0.0004693 secs]
31.662: Total time for which application threads were stopped: 0.0005880 seconds, Stopping threads took: 0.0000201 seconds
31.705: [GC (Allocation Failure)  69285K->645K(411136K), 0.0004681 secs]
31.706: Total time for which application threads were stopped: 0.0005949 seconds, Stopping threads took: 0.0000274 seconds
31.754: [GC (Allocation Failure)  68229K->645K(410112K), 0.0005373 secs]
31.755: Total time for which application threads were stopped: 0.0006816 seconds, Stopping threads took: 0.0000217 seconds
31.802: [GC (Allocation Failure)  67205K->645K(409088K), 0.0004893 secs]
31.803: Total time for which application threads were stopped: 0.0006257 seconds, Stopping threads took: 0.0000294 seconds
31.848: [GC (Allocation Failure)  66181K->613K(408064K), 0.0005008 secs]
31.849: Total time for which application threads were stopped: 0.0006171 seconds, Stopping threads took: 0.0000194 seconds
31.895: [GC (Allocation Failure)  65125K->645K(407040K), 0.0004684 secs]
31.896: Total time for which application threads were stopped: 0.0005885 seconds, Stopping threads took: 0.0000192 seconds
31.936: [GC (Allocation Failure)  64133K->709K(406016K), 0.0004831 secs]
31.936: Total time for which application threads were stopped: 0.0006088 seconds, Stopping threads took: 0.0000272 seconds
31.976: [GC (Allocation Failure)  63173K->741K(418816K), 0.0006545 secs]
31.976: Total time for which application threads were stopped: 0.0007932 seconds, Stopping threads took: 0.0000192 seconds
32.024: [GC (Allocation Failure)  76005K->741K(434176K), 0.0004752 secs]
32.024: Total time for which application threads were stopped: 0.0005935 seconds, Stopping threads took: 0.0000191 seconds
32.081: [GC (Allocation Failure)  91365K->677K(432640K), 0.0005426 secs]
32.082: Total time for which application threads were stopped: 0.0006716 seconds, Stopping threads took: 0.0000201 seconds
32.138: [GC (Allocation Failure)  89765K->645K(431104K), 0.0004722 secs]
32.138: Total time for which application threads were stopped: 0.0005974 seconds, Stopping threads took: 0.0000274 seconds
32.199: [GC (Allocation Failure)  88197K->677K(429568K), 0.0004858 secs]
32.199: Total time for which application threads were stopped: 0.0006098 seconds, Stopping threads took: 0.0000199 seconds
32.253: [GC (Allocation Failure)  86693K->645K(428032K), 0.0004801 secs]
32.254: Total time for which application threads were stopped: 0.0006059 seconds, Stopping threads took: 0.0000274 seconds
32.311: [GC (Allocation Failure)  85125K->709K(426496K), 0.0004789 secs]
32.312: Total time for which application threads were stopped: 0.0006101 seconds, Stopping threads took: 0.0000188 seconds
32.364: [GC (Allocation Failure)  83653K->645K(424960K), 0.0004772 secs]
32.364: Total time for which application threads were stopped: 0.0006208 seconds, Stopping threads took: 0.0000273 seconds
32.421: [GC (Allocation Failure)  82053K->677K(423424K), 0.0004956 secs]
32.421: Total time for which application threads were stopped: 0.0006323 seconds, Stopping threads took: 0.0000288 seconds
32.473: [GC (Allocation Failure)  80549K->677K(422400K), 0.0006359 secs]
32.474: Total time for which application threads were stopped: 0.0007634 seconds, Stopping threads took: 0.0000281 seconds
32.525: [GC (Allocation Failure)  79525K->645K(421376K), 0.0005262 secs]
32.525: Total time for which application threads were stopped: 0.0006692 seconds, Stopping threads took: 0.0000275 seconds
32.581: [GC (Allocation Failure)  78469K->645K(420352K), 0.0005503 secs]
32.582: Total time for which application threads were stopped: 0.0006705 seconds, Stopping threads took: 0.0000242 seconds
32.631: [GC (Allocation Failure)  77445K->677K(419328K), 0.0004936 secs]
32.631: Total time for which application threads were stopped: 0.0006290 seconds, Stopping threads took: 0.0000211 seconds
32.679: [GC (Allocation Failure)  76453K->709K(418304K), 0.0006672 secs]
32.680: Total time for which application threads were stopped: 0.0007959 seconds, Stopping threads took: 0.0000281 seconds
32.727: [GC (Allocation Failure)  75461K->613K(417280K), 0.0006203 secs]
32.728: Total time for which application threads were stopped: 0.0007499 seconds, Stopping threads took: 0.0000216 seconds
32.774: [GC (Allocation Failure)  74341K->645K(416256K), 0.0004805 secs]
32.775: Total time for which application threads were stopped: 0.0006045 seconds, Stopping threads took: 0.0000257 seconds
32.825: [GC (Allocation Failure)  73349K->677K(415232K), 0.0004819 secs]
32.825: Total time for which application threads were stopped: 0.0006014 seconds, Stopping threads took: 0.0000190 seconds
32.870: [GC (Allocation Failure)  72357K->645K(429568K), 0.0006770 secs]
32.871: Total time for which application threads were stopped: 0.0008172 seconds, Stopping threads took: 0.0000267 seconds
32.925: [GC (Allocation Failure)  86661K->677K(428032K), 0.0004679 secs]
32.925: Total time for which application threads were stopped: 0.0005854 seconds, Stopping threads took: 0.0000191 seconds
32.978: [GC (Allocation Failure)  85157K->709K(426496K), 0.0004486 secs]
32.979: Total time for which application threads were stopped: 0.0005650 seconds, Stopping threads took: 0.0000200 seconds
33.038: [GC (Allocation Failure)  83653K->677K(424960K), 0.0005509 secs]
33.038: Total time for which application threads were stopped: 0.0006690 seconds, Stopping threads took: 0.0000168 seconds
33.089: [GC (Allocation Failure)  82085K->709K(423424K), 0.0005300 secs]
33.090: Total time for which application threads were stopped: 0.0007063 seconds, Stopping threads took: 0.0000296 seconds
33.140: [GC (Allocation Failure)  80581K->645K(422400K), 0.0005269 secs]
33.141: Total time for which application threads were stopped: 0.0006892 seconds, Stopping threads took: 0.0000224 seconds
33.195: [GC (Allocation Failure)  79493K->613K(421376K), 0.0005604 secs]
33.196: Total time for which application threads were stopped: 0.0007328 seconds, Stopping threads took: 0.0000610 seconds
33.245: [GC (Allocation Failure)  78437K->677K(420352K), 0.0004883 secs]
33.245: Total time for which application threads were stopped: 0.0006266 seconds, Stopping threads took: 0.0000197 seconds
33.293: [GC (Allocation Failure)  77477K->709K(419328K), 0.0004552 secs]
33.294: Total time for which application threads were stopped: 0.0005707 seconds, Stopping threads took: 0.0000192 seconds
33.341: [GC (Allocation Failure)  76485K->581K(418304K), 0.0004456 secs]
33.342: Total time for which application threads were stopped: 0.0005777 seconds, Stopping threads took: 0.0000299 seconds
33.395: [GC (Allocation Failure)  75333K->677K(417280K), 0.0004585 secs]
33.396: Total time for which application threads were stopped: 0.0005801 seconds, Stopping threads took: 0.0000173 seconds
33.448: [GC (Allocation Failure)  74405K->613K(416256K), 0.0004752 secs]
33.449: Total time for which application threads were stopped: 0.0005972 seconds, Stopping threads took: 0.0000254 seconds
33.495: [GC (Allocation Failure)  73317K->709K(415232K), 0.0003966 secs]
33.495: Total time for which application threads were stopped: 0.0005175 seconds, Stopping threads took: 0.0000261 seconds
33.541: [GC (Allocation Failure)  72389K->645K(414208K), 0.0006049 secs]
33.541: Total time for which application threads were stopped: 0.0007239 seconds, Stopping threads took: 0.0000190 seconds
33.586: [GC (Allocation Failure)  71301K->645K(413184K), 0.0005085 secs]
33.587: Total time for which application threads were stopped: 0.0006504 seconds, Stopping threads took: 0.0000211 seconds
33.630: [GC (Allocation Failure)  70277K->709K(412160K), 0.0005649 secs]
33.631: Total time for which application threads were stopped: 0.0007440 seconds, Stopping threads took: 0.0000319 seconds
33.680: [GC (Allocation Failure)  69317K->709K(425984K), 0.0006650 secs]
33.680: Total time for which application threads were stopped: 0.0007819 seconds, Stopping threads took: 0.0000196 seconds
33.732: [GC (Allocation Failure)  83141K->613K(442880K), 0.0006713 secs]
33.733: Total time for which application threads were stopped: 0.0008147 seconds, Stopping threads took: 0.0000219 seconds
33.795: [GC (Allocation Failure)  99941K->677K(440832K), 0.0005045 secs]
33.795: Total time for which application threads were stopped: 0.0006488 seconds, Stopping threads took: 0.0000211 seconds
33.863: [GC (Allocation Failure)  97957K->645K(438784K), 0.0005764 secs]
33.863: Total time for which application threads were stopped: 0.0006965 seconds, Stopping threads took: 0.0000195 seconds
33.923: [GC (Allocation Failure)  95877K->645K(437248K), 0.0004761 secs]
33.924: Total time for which application threads were stopped: 0.0005967 seconds, Stopping threads took: 0.0000199 seconds
33.982: [GC (Allocation Failure)  94341K->709K(435712K), 0.0005093 secs]
33.983: Total time for which application threads were stopped: 0.0006531 seconds, Stopping threads took: 0.0000203 seconds
34.044: [GC (Allocation Failure)  92869K->709K(434176K), 0.0003741 secs]
34.044: Total time for which application threads were stopped: 0.0005033 seconds, Stopping threads took: 0.0000253 seconds
34.101: [GC (Allocation Failure)  91333K->645K(432640K), 0.0004396 secs]
34.101: Total time for which application threads were stopped: 0.0005756 seconds, Stopping threads took: 0.0000282 seconds
34.160: [GC (Allocation Failure)  89733K->677K(431104K), 0.0005145 secs]
34.160: Total time for which application threads were stopped: 0.0006506 seconds, Stopping threads took: 0.0000221 seconds
34.215: [GC (Allocation Failure)  88229K->645K(429568K), 0.0005173 secs]
34.216: Total time for which application threads were stopped: 0.0006357 seconds, Stopping threads took: 0.0000192 seconds
34.270: [GC (Allocation Failure)  86661K->613K(428032K), 0.0006224 secs]
34.271: Total time for which application threads were stopped: 0.0007459 seconds, Stopping threads took: 0.0000214 seconds
34.324: [GC (Allocation Failure)  85093K->613K(426496K), 0.0007112 secs]
34.325: Total time for which application threads were stopped: 0.0008175 seconds, Stopping threads took: 0.0000192 seconds
34.381: [GC (Allocation Failure)  83557K->677K(424960K), 0.0004547 secs]
34.382: Total time for which application threads were stopped: 0.0005747 seconds, Stopping threads took: 0.0000197 seconds
34.439: [GC (Allocation Failure)  82085K->645K(441344K), 0.0015816 secs]
34.441: Total time for which application threads were stopped: 0.0017057 seconds, Stopping threads took: 0.0000191 seconds
34.504: [GC (Allocation Failure)  98437K->645K(461312K), 0.0005041 secs]
34.505: Total time for which application threads were stopped: 0.0006295 seconds, Stopping threads took: 0.0000201 seconds
34.579: [GC (Allocation Failure)  118405K->613K(458752K), 0.0004489 secs]
34.579: Total time for which application threads were stopped: 0.0005767 seconds, Stopping threads took: 0.0000260 seconds
34.655: [GC (Allocation Failure)  115813K->677K(456192K), 0.0004498 secs]
34.655: Total time for which application threads were stopped: 0.0005726 seconds, Stopping threads took: 0.0000218 seconds
34.732: [GC (Allocation Failure)  113317K->677K(453632K), 0.0005195 secs]
34.733: Total time for which application threads were stopped: 0.0006458 seconds, Stopping threads took: 0.0000193 seconds
34.801: [GC (Allocation Failure)  110757K->677K(451584K), 0.0004801 secs]
34.802: Total time for which application threads were stopped: 0.0006177 seconds, Stopping threads took: 0.0000280 seconds
34.869: [GC (Allocation Failure)  108709K->709K(449536K), 0.0004743 secs]
34.870: Total time for which application threads were stopped: 0.0006035 seconds, Stopping threads took: 0.0000223 seconds
34.936: [GC (Allocation Failure)  106693K->645K(447488K), 0.0004808 secs]
34.936: Total time for which application threads were stopped: 0.0006255 seconds, Stopping threads took: 0.0000278 seconds
35.002: [GC (Allocation Failure)  104581K->645K(445440K), 0.0005561 secs]
35.002: Total time for which application threads were stopped: 0.0006859 seconds, Stopping threads took: 0.0000269 seconds
35.072: [GC (Allocation Failure)  102533K->645K(443392K), 0.0004984 secs]
35.073: Total time for which application threads were stopped: 0.0006236 seconds, Stopping threads took: 0.0000170 seconds
35.141: [GC (Allocation Failure)  100485K->645K(441344K), 0.0004116 secs]
35.142: Total time for which application threads were stopped: 0.0005184 seconds, Stopping threads took: 0.0000176 seconds
35.203: [GC (Allocation Failure)  98437K->645K(439296K), 0.0004634 secs]
35.204: Total time for which application threads were stopped: 0.0005987 seconds, Stopping threads took: 0.0000172 seconds
35.263: [GC (Allocation Failure)  96389K->645K(437760K), 0.0004488 secs]
35.264: Total time for which application threads were stopped: 0.0005808 seconds, Stopping threads took: 0.0000247 seconds
35.323: [GC (Allocation Failure)  94853K->677K(436224K), 0.0004912 secs]
35.323: Total time for which application threads were stopped: 0.0006080 seconds, Stopping threads took: 0.0000205 seconds
35.387: [GC (Allocation Failure)  93349K->645K(434688K), 0.0005690 secs]
35.388: Total time for which application threads were stopped: 0.0006746 seconds, Stopping threads took: 0.0000169 seconds
35.445: [GC (Allocation Failure)  91781K->677K(453120K), 0.0029010 secs]
35.448: Total time for which application threads were stopped: 0.0030523 seconds, Stopping threads took: 0.0000249 seconds
35.517: [GC (Allocation Failure)  110245K->645K(475136K), 0.0004318 secs]
35.518: Total time for which application threads were stopped: 0.0005512 seconds, Stopping threads took: 0.0000203 seconds
35.600: [GC (Allocation Failure)  132229K->613K(501760K), 0.0005065 secs]
35.600: Total time for which application threads were stopped: 0.0006494 seconds, Stopping threads took: 0.0000281 seconds
35.700: [GC (Allocation Failure)  158821K->677K(497664K), 0.0004710 secs]
35.700: Total time for which application threads were stopped: 0.0005946 seconds, Stopping threads took: 0.0000189 seconds
35.802: [GC (Allocation Failure)  154789K->677K(493568K), 0.0004923 secs]
35.802: Total time for which application threads were stopped: 0.0006172 seconds, Stopping threads took: 0.0000270 seconds
35.902: [GC (Allocation Failure)  150693K->677K(489984K), 0.0004718 secs]
35.903: Total time for which application threads were stopped: 0.0006004 seconds, Stopping threads took: 0.0000273 seconds
35.994: [GC (Allocation Failure)  147109K->677K(486400K), 0.0004355 secs]
35.995: Total time for which application threads were stopped: 0.0005669 seconds, Stopping threads took: 0.0000278 seconds
36.087: [GC (Allocation Failure)  143525K->645K(482816K), 0.0004728 secs]
36.087: Total time for which application threads were stopped: 0.0006036 seconds, Stopping threads took: 0.0000196 seconds
36.174: [GC (Allocation Failure)  139909K->645K(479232K), 0.0004801 secs]
36.174: Total time for which application threads were stopped: 0.0006038 seconds, Stopping threads took: 0.0000195 seconds
36.259: [GC (Allocation Failure)  136325K->613K(476160K), 0.0004951 secs]
36.259: Total time for which application threads were stopped: 0.0006141 seconds, Stopping threads took: 0.0000201 seconds
36.342: [GC (Allocation Failure)  133221K->613K(473088K), 0.0005161 secs]
36.342: Total time for which application threads were stopped: 0.0006321 seconds, Stopping threads took: 0.0000198 seconds
36.430: [GC (Allocation Failure)  130149K->613K(499200K), 0.0034377 secs]
36.434: Total time for which application threads were stopped: 0.0035668 seconds, Stopping threads took: 0.0000246 seconds
36.532: [GC (Allocation Failure)  156261K->741K(527872K), 0.0004590 secs]
36.532: Total time for which application threads were stopped: 0.0005711 seconds, Stopping threads took: 0.0000249 seconds
36.655: [GC (Allocation Failure)  185061K->677K(522752K), 0.0005104 secs]
36.655: Total time for which application threads were stopped: 0.0006379 seconds, Stopping threads took: 0.0000279 seconds
36.766: [GC (Allocation Failure)  179877K->677K(517632K), 0.0007254 secs]
36.767: Total time for which application threads were stopped: 0.0008441 seconds, Stopping threads took: 0.0000198 seconds
36.875: [GC (Allocation Failure)  174757K->677K(513024K), 0.0004706 secs]
36.876: Total time for which application threads were stopped: 0.0005871 seconds, Stopping threads took: 0.0000194 seconds
36.981: [GC (Allocation Failure)  170149K->645K(508416K), 0.0004734 secs]
36.981: Total time for which application threads were stopped: 0.0005898 seconds, Stopping threads took: 0.0000193 seconds
37.089: [GC (Allocation Failure)  165509K->677K(503808K), 0.0004780 secs]
37.090: Total time for which application threads were stopped: 0.0005954 seconds, Stopping threads took: 0.0000198 seconds
37.190: [GC (Allocation Failure)  160933K->581K(499712K), 0.0005485 secs]
37.190: Total time for which application threads were stopped: 0.0006574 seconds, Stopping threads took: 0.0000169 seconds
37.287: [GC (Allocation Failure)  156741K->677K(495616K), 0.0004695 secs]
37.288: Total time for which application threads were stopped: 0.0005897 seconds, Stopping threads took: 0.0000198 seconds
37.383: [GC (Allocation Failure)  152741K->645K(491520K), 0.0005415 secs]
37.384: Total time for which application threads were stopped: 0.0006814 seconds, Stopping threads took: 0.0000212 seconds
37.478: [GC (Allocation Failure)  148613K->709K(487936K), 0.0005582 secs]
37.478: Total time for which application threads were stopped: 0.0006972 seconds, Stopping threads took: 0.0000211 seconds
37.571: [GC (Allocation Failure)  145093K->709K(484352K), 0.0004111 secs]
37.571: Total time for which application threads were stopped: 0.0005425 seconds, Stopping threads took: 0.0000253 seconds
37.665: [GC (Allocation Failure)  141509K->677K(480768K), 0.0005964 secs]
37.666: Total time for which application threads were stopped: 0.0007044 seconds, Stopping threads took: 0.0000172 seconds
37.752: [GC (Allocation Failure)  137893K->709K(477696K), 0.0005238 secs]
37.752: Total time for which application threads were stopped: 0.0006474 seconds, Stopping threads took: 0.0000203 seconds
37.837: [GC (Allocation Failure)  134853K->645K(474624K), 0.0005043 secs]
37.837: Total time for which application threads were stopped: 0.0006478 seconds, Stopping threads took: 0.0000214 seconds
37.920: [GC (Allocation Failure)  131717K->709K(471552K), 0.0004704 secs]
37.920: Total time for which application threads were stopped: 0.0006063 seconds, Stopping threads took: 0.0000192 seconds
38.003: [GC (Allocation Failure)  128709K->613K(468480K), 0.0004489 secs]
38.004: Total time for which application threads were stopped: 0.0005689 seconds, Stopping threads took: 0.0000194 seconds
38.081: [GC (Allocation Failure)  125541K->645K(465408K), 0.0004866 secs]
38.082: Total time for which application threads were stopped: 0.0006060 seconds, Stopping threads took: 0.0000193 seconds
38.158: [GC (Allocation Failure)  122501K->613K(462848K), 0.0004474 secs]
38.158: Total time for which application threads were stopped: 0.0005643 seconds, Stopping threads took: 0.0000192 seconds
38.233: [GC (Allocation Failure)  119909K->709K(460288K), 0.0004863 secs]
38.233: Total time for which application threads were stopped: 0.0006136 seconds, Stopping threads took: 0.0000192 seconds
38.306: [GC (Allocation Failure)  117445K->709K(457728K), 0.0004998 secs]
38.307: Total time for which application threads were stopped: 0.0006196 seconds, Stopping threads took: 0.0000195 seconds
38.378: [GC (Allocation Failure)  114885K->709K(455168K), 0.0006369 secs]
38.378: Total time for which application threads were stopped: 0.0007567 seconds, Stopping threads took: 0.0000193 seconds
38.449: [GC (Allocation Failure)  112325K->741K(452608K), 0.0003751 secs]
38.449: Total time for which application threads were stopped: 0.0004973 seconds, Stopping threads took: 0.0000254 seconds
38.523: [GC (Allocation Failure)  109797K->709K(450560K), 0.0005385 secs]
38.523: Total time for which application threads were stopped: 0.0006692 seconds, Stopping threads took: 0.0000269 seconds
38.590: [GC (Allocation Failure)  107717K->709K(448512K), 0.0004655 secs]
38.591: Total time for which application threads were stopped: 0.0005804 seconds, Stopping threads took: 0.0000201 seconds
38.656: [GC (Allocation Failure)  105669K->645K(446464K), 0.0005193 secs]
38.657: Total time for which application threads were stopped: 0.0006637 seconds, Stopping threads took: 0.0000282 seconds
38.721: [GC (Allocation Failure)  103557K->677K(444416K), 0.0005762 secs]
38.722: Total time for which application threads were stopped: 0.0007172 seconds, Stopping threads took: 0.0000205 seconds
38.790: [GC (Allocation Failure)  101541K->645K(442368K), 0.0006824 secs]
38.791: Total time for which application threads were stopped: 0.0008186 seconds, Stopping threads took: 0.0000212 seconds
38.860: [GC (Allocation Failure)  99461K->613K(440320K), 0.0005155 secs]
38.860: Total time for which application threads were stopped: 0.0006420 seconds, Stopping threads took: 0.0000281 seconds
38.920: [GC (Allocation Failure)  97381K->645K(438272K), 0.0004846 secs]
38.921: Total time for which application threads were stopped: 0.0006173 seconds, Stopping threads took: 0.0000197 seconds
38.980: [GC (Allocation Failure)  95365K->677K(436736K), 0.0004606 secs]
38.981: Total time for which application threads were stopped: 0.0005905 seconds, Stopping threads took: 0.0000198 seconds
39.045: [GC (Allocation Failure)  93861K->613K(435200K), 0.0005780 secs]
39.046: Total time for which application threads were stopped: 0.0007074 seconds, Stopping threads took: 0.0000218 seconds
39.109: [GC (Allocation Failure)  92261K->613K(433664K), 0.0005580 secs]
39.109: Total time for which application threads were stopped: 0.0006736 seconds, Stopping threads took: 0.0000194 seconds
39.166: [GC (Allocation Failure)  90725K->613K(432128K), 0.0004535 secs]
39.166: Total time for which application threads were stopped: 0.0005835 seconds, Stopping threads took: 0.0000281 seconds
39.225: [GC (Allocation Failure)  89189K->709K(430592K), 0.0006424 secs]
39.226: Total time for which application threads were stopped: 0.0007629 seconds, Stopping threads took: 0.0000202 seconds
39.287: [GC (Allocation Failure)  87749K->645K(429056K), 0.0004716 secs]
39.287: Total time for which application threads were stopped: 0.0005996 seconds, Stopping threads took: 0.0000278 seconds
39.347: [GC (Allocation Failure)  86149K->677K(427520K), 0.0006056 secs]
39.348: Total time for which application threads were stopped: 0.0007372 seconds, Stopping threads took: 0.0000195 seconds
39.400: [GC (Allocation Failure)  84645K->709K(425984K), 0.0006295 secs]
39.401: Total time for which application threads were stopped: 0.0007745 seconds, Stopping threads took: 0.0000210 seconds
39.456: [GC (Allocation Failure)  83141K->709K(424448K), 0.0005659 secs]
39.457: Total time for which application threads were stopped: 0.0006681 seconds, Stopping threads took: 0.0000154 seconds
39.514: [GC (Allocation Failure)  81605K->709K(422912K), 0.0004127 secs]
39.514: Total time for which application threads were stopped: 0.0005363 seconds, Stopping threads took: 0.0000262 seconds
39.564: [GC (Allocation Failure)  80069K->613K(421888K), 0.0004585 secs]
39.565: Total time for which application threads were stopped: 0.0005752 seconds, Stopping threads took: 0.0000188 seconds
39.619: [GC (Allocation Failure)  78949K->613K(420864K), 0.0005688 secs]
39.620: Total time for which application threads were stopped: 0.0007078 seconds, Stopping threads took: 0.0000290 seconds
39.672: [GC (Allocation Failure)  77925K->677K(419840K), 0.0005762 secs]
39.672: Total time for which application threads were stopped: 0.0007127 seconds, Stopping threads took: 0.0000212 seconds
39.721: [GC (Allocation Failure)  76965K->677K(418816K), 0.0005082 secs]
39.721: Total time for which application threads were stopped: 0.0006496 seconds, Stopping threads took: 0.0000227 seconds
39.769: [GC (Allocation Failure)  75941K->677K(417792K), 0.0005935 secs]
39.769: Total time for which application threads were stopped: 0.0007340 seconds, Stopping threads took: 0.0000228 seconds
39.816: [GC (Allocation Failure)  74917K->613K(432640K), 0.0007197 secs]
39.817: Total time for which application threads were stopped: 0.0008607 seconds, Stopping threads took: 0.0000230 seconds
39.873: [GC (Allocation Failure)  89701K->677K(431104K), 0.0004810 secs]
39.873: Total time for which application threads were stopped: 0.0006037 seconds, Stopping threads took: 0.0000195 seconds
39.928: [GC (Allocation Failure)  88229K->741K(429568K), 0.0004922 secs]
39.929: Total time for which application threads were stopped: 0.0006133 seconds, Stopping threads took: 0.0000193 seconds
39.986: [GC (Allocation Failure)  86757K->645K(428032K), 0.0005008 secs]
39.987: Total time for which application threads were stopped: 0.0006386 seconds, Stopping threads took: 0.0000279 seconds
40.041: [GC (Allocation Failure)  85125K->709K(426496K), 0.0004519 secs]
40.041: Total time for which application threads were stopped: 0.0005765 seconds, Stopping threads took: 0.0000202 seconds
40.093: [GC (Allocation Failure)  83653K->645K(424960K), 0.0004978 secs]
40.094: Total time for which application threads were stopped: 0.0006221 seconds, Stopping threads took: 0.0000196 seconds
40.151: [GC (Allocation Failure)  82053K->645K(423424K), 0.0005851 secs]
40.151: Total time for which application threads were stopped: 0.0007339 seconds, Stopping threads took: 0.0000304 seconds
40.204: [GC (Allocation Failure)  80517K->613K(422400K), 0.0004612 secs]
40.205: Total time for which application threads were stopped: 0.0005918 seconds, Stopping threads took: 0.0000284 seconds
40.255: [GC (Allocation Failure)  79461K->709K(421376K), 0.0006654 secs]
40.255: Total time for which application threads were stopped: 0.0007856 seconds, Stopping threads took: 0.0000195 seconds
40.310: [GC (Allocation Failure)  78533K->709K(420352K), 0.0005570 secs]
40.310: Total time for which application threads were stopped: 0.0007183 seconds, Stopping threads took: 0.0000297 seconds
40.359: [GC (Allocation Failure)  77509K->645K(419328K), 0.0006366 secs]
40.359: Total time for which application threads were stopped: 0.0007806 seconds, Stopping threads took: 0.0000226 seconds
40.413: [GC (Allocation Failure)  76421K->677K(418304K), 0.0005174 secs]
40.414: Total time for which application threads were stopped: 0.0006561 seconds, Stopping threads took: 0.0000219 seconds
40.462: [GC (Allocation Failure)  75429K->677K(417280K), 0.0005311 secs]
40.462: Total time for which application threads were stopped: 0.0006604 seconds, Stopping threads took: 0.0000279 seconds
40.510: [GC (Allocation Failure)  74405K->645K(416256K), 0.0004149 secs]
40.510: Total time for which application threads were stopped: 0.0005431 seconds, Stopping threads took: 0.0000266 seconds
40.556: [GC (Allocation Failure)  73349K->677K(415232K), 0.0004178 secs]
40.557: Total time for which application threads were stopped: 0.0005414 seconds, Stopping threads took: 0.0000201 seconds
40.602: [GC (Allocation Failure)  72357K->613K(414208K), 0.0004969 secs]
40.602: Total time for which application threads were stopped: 0.0006463 seconds, Stopping threads took: 0.0000286 seconds
40.647: [GC (Allocation Failure)  71269K->613K(413184K), 0.0006098 secs]
40.648: Total time for which application threads were stopped: 0.0007327 seconds, Stopping threads took: 0.0000201 seconds
40.692: [GC (Allocation Failure)  70245K->677K(412160K), 0.0005047 secs]
40.692: Total time for which application threads were stopped: 0.0006457 seconds, Stopping threads took: 0.0000219 seconds
40.735: [GC (Allocation Failure)  69285K->709K(411136K), 0.0004984 secs]
40.736: Total time for which application threads were stopped: 0.0006362 seconds, Stopping threads took: 0.0000215 seconds
40.784: [GC (Allocation Failure)  68293K->613K(410112K), 0.0005368 secs]
40.785: Total time for which application threads were stopped: 0.0006699 seconds, Stopping threads took: 0.0000296 seconds
40.827: [GC (Allocation Failure)  67173K->613K(409088K), 0.0005105 secs]
40.827: Total time for which application threads were stopped: 0.0006558 seconds, Stopping threads took: 0.0000271 seconds
40.868: [GC (Allocation Failure)  66149K->677K(408064K), 0.0004442 secs]
40.869: Total time for which application threads were stopped: 0.0005758 seconds, Stopping threads took: 0.0000217 seconds
40.915: [GC (Allocation Failure)  65189K->645K(407040K), 0.0005474 secs]
40.916: Total time for which application threads were stopped: 0.0006477 seconds, Stopping threads took: 0.0000169 seconds
40.955: [GC (Allocation Failure)  64133K->613K(406016K), 0.0004761 secs]
40.956: Total time for which application threads were stopped: 0.0006102 seconds, Stopping threads took: 0.0000282 seconds
41.001: [GC (Allocation Failure)  63077K->645K(405504K), 0.0004297 secs]
41.001: Total time for which application threads were stopped: 0.0005523 seconds, Stopping threads took: 0.0000260 seconds
41.040: [GC (Allocation Failure)  62597K->709K(404992K), 0.0004921 secs]
41.041: Total time for which application threads were stopped: 0.0006271 seconds, Stopping threads took: 0.0000216 seconds
41.080: [GC (Allocation Failure)  62149K->613K(417280K), 0.0006536 secs]
41.080: Total time for which application threads were stopped: 0.0008034 seconds, Stopping threads took: 0.0000292 seconds
41.127: [GC (Allocation Failure)  74341K->677K(432128K), 0.0005250 secs]
41.128: Total time for which application threads were stopped: 0.0006595 seconds, Stopping threads took: 0.0000281 seconds
41.188: [GC (Allocation Failure)  89253K->741K(430592K), 0.0005362 secs]
41.189: Total time for which application threads were stopped: 0.0006728 seconds, Stopping threads took: 0.0000229 seconds
41.247: [GC (Allocation Failure)  87781K->645K(429056K), 0.0005786 secs]
41.248: Total time for which application threads were stopped: 0.0007448 seconds, Stopping threads took: 0.0000215 seconds
41.301: [GC (Allocation Failure)  86149K->645K(427520K), 0.0006401 secs]
41.302: Total time for which application threads were stopped: 0.0007753 seconds, Stopping threads took: 0.0000297 seconds
41.355: [GC (Allocation Failure)  84613K->645K(425984K), 0.0004802 secs]
41.355: Total time for which application threads were stopped: 0.0006172 seconds, Stopping threads took: 0.0000199 seconds
41.411: [GC (Allocation Failure)  83077K->709K(424448K), 0.0004636 secs]
41.411: Total time for which application threads were stopped: 0.0005881 seconds, Stopping threads took: 0.0000215 seconds
41.463: [GC (Allocation Failure)  81605K->645K(422912K), 0.0004111 secs]
41.463: Total time for which application threads were stopped: 0.0005200 seconds, Stopping threads took: 0.0000166 seconds
41.513: [GC (Allocation Failure)  80005K->645K(421888K), 0.0004351 secs]
41.514: Total time for which application threads were stopped: 0.0005585 seconds, Stopping threads took: 0.0000197 seconds
41.563: [GC (Allocation Failure)  78981K->741K(420864K), 0.0006007 secs]
41.564: Total time for which application threads were stopped: 0.0007362 seconds, Stopping threads took: 0.0000213 seconds
41.612: [GC (Allocation Failure)  78053K->613K(419840K), 0.0006314 secs]
41.613: Total time for which application threads were stopped: 0.0007736 seconds, Stopping threads took: 0.0000289 seconds
41.660: [GC (Allocation Failure)  76901K->613K(418816K), 0.0004646 secs]
41.661: Total time for which application threads were stopped: 0.0006007 seconds, Stopping threads took: 0.0000205 seconds
41.713: [GC (Allocation Failure)  75877K->677K(417792K), 0.0005597 secs]
41.714: Total time for which application threads were stopped: 0.0006970 seconds, Stopping threads took: 0.0000210 seconds
41.766: [GC (Allocation Failure)  74917K->613K(416768K), 0.0005280 secs]
41.766: Total time for which application threads were stopped: 0.0007090 seconds, Stopping threads took: 0.0000290 seconds
41.812: [GC (Allocation Failure)  73829K->645K(415744K), 0.0004786 secs]
41.813: Total time for which application threads were stopped: 0.0006216 seconds, Stopping threads took: 0.0000217 seconds
41.864: [GC (Allocation Failure)  72837K->613K(414720K), 0.0005877 secs]
41.865: Total time for which application threads were stopped: 0.0007156 seconds, Stopping threads took: 0.0000218 seconds
41.909: [GC (Allocation Failure)  71781K->645K(413696K), 0.0004919 secs]
41.910: Total time for which application threads were stopped: 0.0006122 seconds, Stopping threads took: 0.0000201 seconds
41.954: [GC (Allocation Failure)  70789K->645K(412672K), 0.0004819 secs]
41.954: Total time for which application threads were stopped: 0.0006328 seconds, Stopping threads took: 0.0000267 seconds
42.003: [GC (Allocation Failure)  69765K->645K(411648K), 0.0003942 secs]
42.003: Total time for which application threads were stopped: 0.0005080 seconds, Stopping threads took: 0.0000262 seconds
42.051: [GC (Allocation Failure)  68741K->645K(410624K), 0.0004420 secs]
42.051: Total time for which application threads were stopped: 0.0005811 seconds, Stopping threads took: 0.0000264 seconds
42.093: [GC (Allocation Failure)  67717K->677K(409600K), 0.0004897 secs]
42.094: Total time for which application threads were stopped: 0.0006263 seconds, Stopping threads took: 0.0000202 seconds
42.140: [GC (Allocation Failure)  66725K->677K(408576K), 0.0006381 secs]
42.141: Total time for which application threads were stopped: 0.0007778 seconds, Stopping threads took: 0.0000224 seconds
42.188: [GC (Allocation Failure)  65701K->613K(421888K), 0.0006584 secs]
42.189: Total time for which application threads were stopped: 0.0007844 seconds, Stopping threads took: 0.0000278 seconds
42.242: [GC (Allocation Failure)  78949K->645K(420864K), 0.0004911 secs]
42.242: Total time for which application threads were stopped: 0.0006339 seconds, Stopping threads took: 0.0000216 seconds
42.291: [GC (Allocation Failure)  77957K->709K(419840K), 0.0005061 secs]
42.291: Total time for which application threads were stopped: 0.0006762 seconds, Stopping threads took: 0.0000198 seconds
42.345: [GC (Allocation Failure)  76997K->613K(418816K), 0.0006231 secs]
42.345: Total time for which application threads were stopped: 0.0007809 seconds, Stopping threads took: 0.0000235 seconds
42.393: [GC (Allocation Failure)  75877K->677K(417792K), 0.0004716 secs]
42.393: Total time for which application threads were stopped: 0.0006017 seconds, Stopping threads took: 0.0000226 seconds
42.440: [GC (Allocation Failure)  74917K->613K(416768K), 0.0005789 secs]
42.441: Total time for which application threads were stopped: 0.0006961 seconds, Stopping threads took: 0.0000192 seconds
42.489: [GC (Allocation Failure)  73829K->613K(415744K), 0.0004533 secs]
42.490: Total time for which application threads were stopped: 0.0005812 seconds, Stopping threads took: 0.0000212 seconds
42.539: [GC (Allocation Failure)  72805K->613K(414720K), 0.0006430 secs]
42.540: Total time for which application threads were stopped: 0.0007646 seconds, Stopping threads took: 0.0000203 seconds
42.585: [GC (Allocation Failure)  71781K->613K(413696K), 0.0004901 secs]
42.585: Total time for which application threads were stopped: 0.0006333 seconds, Stopping threads took: 0.0000276 seconds
42.632: [GC (Allocation Failure)  70757K->677K(428032K), 0.0006389 secs]
42.632: Total time for which application threads were stopped: 0.0007937 seconds, Stopping threads took: 0.0000299 seconds
42.691: [GC (Allocation Failure)  85157K->709K(426496K), 0.0006296 secs]
42.692: Total time for which application threads were stopped: 0.0007783 seconds, Stopping threads took: 0.0000223 seconds
42.744: [GC (Allocation Failure)  83653K->677K(424960K), 0.0005459 secs]
42.744: Total time for which application threads were stopped: 0.0006654 seconds, Stopping threads took: 0.0000208 seconds
42.801: [GC (Allocation Failure)  82085K->613K(423424K), 0.0005255 secs]
42.801: Total time for which application threads were stopped: 0.0006346 seconds, Stopping threads took: 0.0000164 seconds
42.851: [GC (Allocation Failure)  80485K->645K(422400K), 0.0004827 secs]
42.852: Total time for which application threads were stopped: 0.0006202 seconds, Stopping threads took: 0.0000281 seconds
42.904: [GC (Allocation Failure)  79493K->613K(421376K), 0.0005236 secs]
42.905: Total time for which application threads were stopped: 0.0006703 seconds, Stopping threads took: 0.0000216 seconds
42.959: [GC (Allocation Failure)  78437K->613K(420352K), 0.0006401 secs]
42.960: Total time for which application threads were stopped: 0.0007766 seconds, Stopping threads took: 0.0000226 seconds
43.013: [GC (Allocation Failure)  77413K->645K(419328K), 0.0004114 secs]
43.014: Total time for which application threads were stopped: 0.0005299 seconds, Stopping threads took: 0.0000263 seconds
43.061: [GC (Allocation Failure)  76421K->709K(418304K), 0.0005333 secs]
43.062: Total time for which application threads were stopped: 0.0006735 seconds, Stopping threads took: 0.0000296 seconds
43.108: [GC (Allocation Failure)  75461K->613K(433664K), 0.0007728 secs]
43.109: Total time for which application threads were stopped: 0.0009065 seconds, Stopping threads took: 0.0000218 seconds
43.166: [GC (Allocation Failure)  90725K->645K(432128K), 0.0005474 secs]
43.166: Total time for which application threads were stopped: 0.0007030 seconds, Stopping threads took: 0.0000277 seconds
43.225: [GC (Allocation Failure)  89221K->677K(430592K), 0.0004835 secs]
43.226: Total time for which application threads were stopped: 0.0006081 seconds, Stopping threads took: 0.0000203 seconds
43.280: [GC (Allocation Failure)  87717K->677K(429056K), 0.0005034 secs]
43.281: Total time for which application threads were stopped: 0.0006347 seconds, Stopping threads took: 0.0000283 seconds
43.335: [GC (Allocation Failure)  86181K->709K(427520K), 0.0004921 secs]
43.335: Total time for which application threads were stopped: 0.0006185 seconds, Stopping threads took: 0.0000212 seconds
43.394: [GC (Allocation Failure)  84677K->677K(425984K), 0.0004954 secs]
43.395: Total time for which application threads were stopped: 0.0006356 seconds, Stopping threads took: 0.0000289 seconds
43.447: [GC (Allocation Failure)  83109K->613K(424448K), 0.0005682 secs]
43.448: Total time for which application threads were stopped: 0.0007335 seconds, Stopping threads took: 0.0000529 seconds
43.499: [GC (Allocation Failure)  81509K->645K(422912K), 0.0005683 secs]
43.499: Total time for which application threads were stopped: 0.0006758 seconds, Stopping threads took: 0.0000196 seconds
43.549: [GC (Allocation Failure)  80005K->677K(421888K), 0.0004654 secs]
43.550: Total time for which application threads were stopped: 0.0005818 seconds, Stopping threads took: 0.0000254 seconds
43.599: [GC (Allocation Failure)  79013K->677K(420864K), 0.0004168 secs]
43.599: Total time for which application threads were stopped: 0.0005230 seconds, Stopping threads took: 0.0000171 seconds
43.651: [GC (Allocation Failure)  77989K->677K(419840K), 0.0004191 secs]
43.652: Total time for which application threads were stopped: 0.0005460 seconds, Stopping threads took: 0.0000280 seconds
43.699: [GC (Allocation Failure)  76965K->645K(418816K), 0.0004888 secs]
43.700: Total time for which application threads were stopped: 0.0006222 seconds, Stopping threads took: 0.0000194 seconds
43.747: [GC (Allocation Failure)  75909K->645K(417792K), 0.0004939 secs]
43.747: Total time for which application threads were stopped: 0.0006127 seconds, Stopping threads took: 0.0000194 seconds
43.801: [GC (Allocation Failure)  74885K->645K(416768K), 0.0004611 secs]
43.801: Total time for which application threads were stopped: 0.0005676 seconds, Stopping threads took: 0.0000175 seconds
43.847: [GC (Allocation Failure)  73861K->677K(415744K), 0.0005878 secs]
43.848: Total time for which application threads were stopped: 0.0007117 seconds, Stopping threads took: 0.0000174 seconds
43.893: [GC (Allocation Failure)  72869K->645K(414720K), 0.0004872 secs]
43.893: Total time for which application threads were stopped: 0.0006258 seconds, Stopping threads took: 0.0000209 seconds
43.938: [GC (Allocation Failure)  71813K->645K(413696K), 0.0006633 secs]
43.939: Total time for which application threads were stopped: 0.0008165 seconds, Stopping threads took: 0.0000301 seconds
43.990: [GC (Allocation Failure)  70789K->645K(412672K), 0.0004705 secs]
43.991: Total time for which application threads were stopped: 0.0005980 seconds, Stopping threads took: 0.0000276 seconds
44.034: [GC (Allocation Failure)  69765K->645K(411648K), 0.0005411 secs]
44.035: Total time for which application threads were stopped: 0.0006771 seconds, Stopping threads took: 0.0000194 seconds
44.083: [GC (Allocation Failure)  68741K->677K(410624K), 0.0004474 secs]
44.084: Total time for which application threads were stopped: 0.0005767 seconds, Stopping threads took: 0.0000291 seconds
44.126: [GC (Allocation Failure)  67749K->677K(409600K), 0.0004117 secs]
44.126: Total time for which application threads were stopped: 0.0005491 seconds, Stopping threads took: 0.0000172 seconds
44.174: [GC (Allocation Failure)  66725K->741K(408576K), 0.0004737 secs]
44.174: Total time for which application threads were stopped: 0.0005946 seconds, Stopping threads took: 0.0000199 seconds
44.222: [GC (Allocation Failure)  65765K->677K(407552K), 0.0004388 secs]
44.222: Total time for which application threads were stopped: 0.0005881 seconds, Stopping threads took: 0.0000439 seconds
44.262: [GC (Allocation Failure)  64677K->709K(406528K), 0.0004761 secs]
44.263: Total time for which application threads were stopped: 0.0005953 seconds, Stopping threads took: 0.0000195 seconds
44.302: [GC (Allocation Failure)  63685K->677K(419328K), 0.0006268 secs]
44.303: Total time for which application threads were stopped: 0.0007664 seconds, Stopping threads took: 0.0000196 seconds
44.350: [GC (Allocation Failure)  76453K->613K(418304K), 0.0004322 secs]
44.351: Total time for which application threads were stopped: 0.0005490 seconds, Stopping threads took: 0.0000203 seconds
44.398: [GC (Allocation Failure)  75365K->645K(417280K), 0.0006205 secs]
44.398: Total time for which application threads were stopped: 0.0007361 seconds, Stopping threads took: 0.0000191 seconds
44.448: [GC (Allocation Failure)  74373K->613K(416256K), 0.0004677 secs]
44.449: Total time for which application threads were stopped: 0.0005997 seconds, Stopping threads took: 0.0000251 seconds
44.498: [GC (Allocation Failure)  73317K->645K(431104K), 0.0006764 secs]
44.498: Total time for which application threads were stopped: 0.0008028 seconds, Stopping threads took: 0.0000203 seconds
44.556: [GC (Allocation Failure)  88197K->677K(429568K), 0.0004945 secs]
44.557: Total time for which application threads were stopped: 0.0006120 seconds, Stopping threads took: 0.0000195 seconds
44.611: [GC (Allocation Failure)  86693K->645K(428032K), 0.0005536 secs]
44.611: Total time for which application threads were stopped: 0.0006896 seconds, Stopping threads took: 0.0000191 seconds
44.664: [GC (Allocation Failure)  85125K->709K(426496K), 0.0005040 secs]
44.665: Total time for which application threads were stopped: 0.0006224 seconds, Stopping threads took: 0.0000195 seconds
44.717: [GC (Allocation Failure)  83653K->677K(424960K), 0.0005140 secs]
44.717: Total time for which application threads were stopped: 0.0006305 seconds, Stopping threads took: 0.0000189 seconds
44.774: [GC (Allocation Failure)  82085K->709K(423424K), 0.0005017 secs]
44.774: Total time for which application threads were stopped: 0.0006206 seconds, Stopping threads took: 0.0000194 seconds
44.830: [GC (Allocation Failure)  80581K->645K(422400K), 0.0004171 secs]
44.831: Total time for which application threads were stopped: 0.0005251 seconds, Stopping threads took: 0.0000169 seconds
44.880: [GC (Allocation Failure)  79493K->645K(421376K), 0.0005109 secs]
44.881: Total time for which application threads were stopped: 0.0006190 seconds, Stopping threads took: 0.0000168 seconds
44.930: [GC (Allocation Failure)  78469K->613K(420352K), 0.0004618 secs]
44.930: Total time for which application threads were stopped: 0.0005837 seconds, Stopping threads took: 0.0000271 seconds
44.982: [GC (Allocation Failure)  77413K->645K(419328K), 0.0005774 secs]
44.983: Total time for which application threads were stopped: 0.0007166 seconds, Stopping threads took: 0.0000269 seconds
45.031: [GC (Allocation Failure)  76421K->645K(418304K), 0.0004793 secs]
45.031: Total time for which application threads were stopped: 0.0006066 seconds, Stopping threads took: 0.0000281 seconds
45.078: [GC (Allocation Failure)  75397K->645K(417280K), 0.0004854 secs]
45.079: Total time for which application threads were stopped: 0.0006001 seconds, Stopping threads took: 0.0000193 seconds
45.129: [GC (Allocation Failure)  74373K->709K(416256K), 0.0006423 secs]
45.130: Total time for which application threads were stopped: 0.0007652 seconds, Stopping threads took: 0.0000276 seconds
45.180: [GC (Allocation Failure)  73413K->677K(415232K), 0.0004681 secs]
45.180: Total time for which application threads were stopped: 0.0005871 seconds, Stopping threads took: 0.0000190 seconds
45.225: [GC (Allocation Failure)  72357K->677K(414208K), 0.0004786 secs]
45.226: Total time for which application threads were stopped: 0.0005994 seconds, Stopping threads took: 0.0000198 seconds
45.275: [GC (Allocation Failure)  71333K->613K(413184K), 0.0005506 secs]
45.275: Total time for which application threads were stopped: 0.0006696 seconds, Stopping threads took: 0.0000200 seconds
45.319: [GC (Allocation Failure)  70245K->677K(412160K), 0.0004858 secs]
45.319: Total time for which application threads were stopped: 0.0006057 seconds, Stopping threads took: 0.0000204 seconds
45.362: [GC (Allocation Failure)  69285K->709K(411136K), 0.0006041 secs]
45.363: Total time for which application threads were stopped: 0.0007396 seconds, Stopping threads took: 0.0000196 seconds
45.405: [GC (Allocation Failure)  68293K->677K(410112K), 0.0004703 secs]
45.406: Total time for which application threads were stopped: 0.0006012 seconds, Stopping threads took: 0.0000202 seconds
45.454: [GC (Allocation Failure)  67237K->677K(409088K), 0.0004343 secs]
45.454: Total time for which application threads were stopped: 0.0005302 seconds, Stopping threads took: 0.0000144 seconds
45.495: [GC (Allocation Failure)  66213K->677K(408064K), 0.0005066 secs]
45.496: Total time for which application threads were stopped: 0.0006156 seconds, Stopping threads took: 0.0000187 seconds
45.537: [GC (Allocation Failure)  65189K->677K(407040K), 0.0004137 secs]
45.538: Total time for which application threads were stopped: 0.0005340 seconds, Stopping threads took: 0.0000206 seconds
45.578: [GC (Allocation Failure)  64165K->613K(406016K), 0.0004545 secs]
45.578: Total time for which application threads were stopped: 0.0005910 seconds, Stopping threads took: 0.0000202 seconds
45.617: [GC (Allocation Failure)  63077K->677K(405504K), 0.0005191 secs]
45.618: Total time for which application threads were stopped: 0.0006716 seconds, Stopping threads took: 0.0000292 seconds
45.662: [GC (Allocation Failure)  62629K->613K(418304K), 0.0005870 secs]
45.663: Total time for which application threads were stopped: 0.0007091 seconds, Stopping threads took: 0.0000204 seconds
45.710: [GC (Allocation Failure)  75365K->645K(433664K), 0.0005662 secs]
45.710: Total time for which application threads were stopped: 0.0006905 seconds, Stopping threads took: 0.0000192 seconds
45.773: [GC (Allocation Failure)  90757K->645K(432128K), 0.0005301 secs]
45.774: Total time for which application threads were stopped: 0.0006494 seconds, Stopping threads took: 0.0000198 seconds
45.829: [GC (Allocation Failure)  89221K->645K(430592K), 0.0004715 secs]
45.830: Total time for which application threads were stopped: 0.0005919 seconds, Stopping threads took: 0.0000197 seconds
45.884: [GC (Allocation Failure)  87685K->645K(429056K), 0.0004908 secs]
45.885: Total time for which application threads were stopped: 0.0006179 seconds, Stopping threads took: 0.0000272 seconds
45.944: [GC (Allocation Failure)  86149K->677K(427520K), 0.0004343 secs]
45.945: Total time for which application threads were stopped: 0.0005516 seconds, Stopping threads took: 0.0000191 seconds
45.998: [GC (Allocation Failure)  84645K->645K(425984K), 0.0005653 secs]
45.998: Total time for which application threads were stopped: 0.0006847 seconds, Stopping threads took: 0.0000277 seconds
46.053: [GC (Allocation Failure)  83077K->613K(424448K), 0.0005755 secs]
46.054: Total time for which application threads were stopped: 0.0006924 seconds, Stopping threads took: 0.0000254 seconds
46.104: [GC (Allocation Failure)  81509K->613K(422912K), 0.0006104 secs]
46.105: Total time for which application threads were stopped: 0.0007531 seconds, Stopping threads took: 0.0000212 seconds
46.155: [GC (Allocation Failure)  79973K->677K(421888K), 0.0005365 secs]
46.155: Total time for which application threads were stopped: 0.0006840 seconds, Stopping threads took: 0.0000217 seconds
46.204: [GC (Allocation Failure)  79013K->677K(420864K), 0.0005394 secs]
46.205: Total time for which application threads were stopped: 0.0006853 seconds, Stopping threads took: 0.0000220 seconds
46.254: [GC (Allocation Failure)  77989K->645K(419840K), 0.0005008 secs]
46.254: Total time for which application threads were stopped: 0.0006552 seconds, Stopping threads took: 0.0000290 seconds
46.302: [GC (Allocation Failure)  76933K->645K(418816K), 0.0004991 secs]
46.303: Total time for which application threads were stopped: 0.0006655 seconds, Stopping threads took: 0.0000310 seconds
46.350: [GC (Allocation Failure)  75909K->645K(417792K), 0.0006257 secs]
46.351: Total time for which application threads were stopped: 0.0007897 seconds, Stopping threads took: 0.0000315 seconds
46.402: [GC (Allocation Failure)  74885K->645K(416768K), 0.0005698 secs]
46.402: Total time for which application threads were stopped: 0.0007233 seconds, Stopping threads took: 0.0000227 seconds
46.448: [GC (Allocation Failure)  73861K->677K(415744K), 0.0004789 secs]
46.449: Total time for which application threads were stopped: 0.0006131 seconds, Stopping threads took: 0.0000251 seconds
46.494: [GC (Allocation Failure)  72869K->677K(414720K), 0.0004946 secs]
46.495: Total time for which application threads were stopped: 0.0006330 seconds, Stopping threads took: 0.0000374 seconds
46.541: [GC (Allocation Failure)  71845K->677K(413696K), 0.0004662 secs]
46.541: Total time for which application threads were stopped: 0.0005852 seconds, Stopping threads took: 0.0000198 seconds
46.585: [GC (Allocation Failure)  70821K->741K(412672K), 0.0004824 secs]
46.586: Total time for which application threads were stopped: 0.0006184 seconds, Stopping threads took: 0.0000194 seconds
46.634: [GC (Allocation Failure)  69861K->677K(411648K), 0.0006629 secs]
46.634: Total time for which application threads were stopped: 0.0007937 seconds, Stopping threads took: 0.0000294 seconds
46.680: [GC (Allocation Failure)  68773K->645K(410624K), 0.0004985 secs]
46.681: Total time for which application threads were stopped: 0.0006315 seconds, Stopping threads took: 0.0000215 seconds
46.723: [GC (Allocation Failure)  67717K->677K(409600K), 0.0004659 secs]
46.724: Total time for which application threads were stopped: 0.0005863 seconds, Stopping threads took: 0.0000210 seconds
46.768: [GC (Allocation Failure)  66725K->645K(408576K), 0.0005037 secs]
46.769: Total time for which application threads were stopped: 0.0006303 seconds, Stopping threads took: 0.0000271 seconds
46.816: [GC (Allocation Failure)  65669K->613K(407552K), 0.0005666 secs]
46.816: Total time for which application threads were stopped: 0.0006921 seconds, Stopping threads took: 0.0000198 seconds
46.861: [GC (Allocation Failure)  64613K->613K(420352K), 0.0006553 secs]
46.861: Total time for which application threads were stopped: 0.0007701 seconds, Stopping threads took: 0.0000191 seconds
46.913: [GC (Allocation Failure)  77413K->709K(419328K), 0.0004647 secs]
46.913: Total time for which application threads were stopped: 0.0005854 seconds, Stopping threads took: 0.0000200 seconds
46.961: [GC (Allocation Failure)  76485K->677K(434688K), 0.0006057 secs]
46.961: Total time for which application threads were stopped: 0.0007376 seconds, Stopping threads took: 0.0000194 seconds
47.024: [GC (Allocation Failure)  91813K->645K(433152K), 0.0004775 secs]
47.024: Total time for which application threads were stopped: 0.0006029 seconds, Stopping threads took: 0.0000260 seconds
47.086: [GC (Allocation Failure)  90245K->677K(431616K), 0.0005073 secs]
47.087: Total time for which application threads were stopped: 0.0006242 seconds, Stopping threads took: 0.0000190 seconds
47.142: [GC (Allocation Failure)  88741K->645K(430080K), 0.0004683 secs]
47.142: Total time for which application threads were stopped: 0.0005843 seconds, Stopping threads took: 0.0000188 seconds
47.201: [GC (Allocation Failure)  87173K->677K(428544K), 0.0005148 secs]
47.201: Total time for which application threads were stopped: 0.0006373 seconds, Stopping threads took: 0.0000272 seconds
47.260: [GC (Allocation Failure)  85669K->645K(427008K), 0.0005508 secs]
47.261: Total time for which application threads were stopped: 0.0006612 seconds, Stopping threads took: 0.0000175 seconds
47.313: [GC (Allocation Failure)  84101K->645K(425472K), 0.0007126 secs]
47.314: Total time for which application threads were stopped: 0.0008578 seconds, Stopping threads took: 0.0000209 seconds
47.365: [GC (Allocation Failure)  82565K->677K(423936K), 0.0004399 secs]
47.366: Total time for which application threads were stopped: 0.0005678 seconds, Stopping threads took: 0.0000217 seconds
47.420: [GC (Allocation Failure)  81061K->677K(422400K), 0.0004937 secs]
47.420: Total time for which application threads were stopped: 0.0006197 seconds, Stopping threads took: 0.0000275 seconds
47.471: [GC (Allocation Failure)  79525K->677K(421376K), 0.0004405 secs]
47.471: Total time for which application threads were stopped: 0.0005691 seconds, Stopping threads took: 0.0000275 seconds
47.520: [GC (Allocation Failure)  78501K->645K(420352K), 0.0004948 secs]
47.521: Total time for which application threads were stopped: 0.0006172 seconds, Stopping threads took: 0.0000201 seconds
47.569: [GC (Allocation Failure)  77445K->677K(419328K), 0.0004825 secs]
47.570: Total time for which application threads were stopped: 0.0006088 seconds, Stopping threads took: 0.0000256 seconds
47.617: [GC (Allocation Failure)  76453K->677K(418304K), 0.0004865 secs]
47.618: Total time for which application threads were stopped: 0.0006130 seconds, Stopping threads took: 0.0000276 seconds
47.665: [GC (Allocation Failure)  75429K->677K(417280K), 0.0005890 secs]
47.665: Total time for which application threads were stopped: 0.0007053 seconds, Stopping threads took: 0.0000198 seconds
47.717: [GC (Allocation Failure)  74405K->677K(416256K), 0.0004758 secs]
47.717: Total time for which application threads were stopped: 0.0006036 seconds, Stopping threads took: 0.0000279 seconds
47.763: [GC (Allocation Failure)  73381K->677K(415232K), 0.0006059 secs]
47.763: Total time for which application threads were stopped: 0.0007345 seconds, Stopping threads took: 0.0000195 seconds
47.815: [GC (Allocation Failure)  72357K->677K(414208K), 0.0005004 secs]
47.816: Total time for which application threads were stopped: 0.0006370 seconds, Stopping threads took: 0.0000218 seconds
47.865: [GC (Allocation Failure)  71333K->709K(413184K), 0.0005423 secs]
47.865: Total time for which application threads were stopped: 0.0006607 seconds, Stopping threads took: 0.0000191 seconds
47.914: [GC (Allocation Failure)  70341K->645K(412160K), 0.0004839 secs]
47.914: Total time for which application threads were stopped: 0.0006195 seconds, Stopping threads took: 0.0000204 seconds
47.964: [GC (Allocation Failure)  69253K->709K(411136K), 0.0004405 secs]
47.965: Total time for which application threads were stopped: 0.0005613 seconds, Stopping threads took: 0.0000198 seconds
48.011: [GC (Allocation Failure)  68293K->645K(410112K), 0.0004140 secs]
48.011: Total time for which application threads were stopped: 0.0005320 seconds, Stopping threads took: 0.0000268 seconds
48.053: [GC (Allocation Failure)  67205K->645K(409088K), 0.0004567 secs]
48.054: Total time for which application threads were stopped: 0.0005887 seconds, Stopping threads took: 0.0000290 seconds
48.095: [GC (Allocation Failure)  66181K->645K(408064K), 0.0005183 secs]
48.096: Total time for which application threads were stopped: 0.0006562 seconds, Stopping threads took: 0.0000195 seconds
48.136: [GC (Allocation Failure)  65157K->645K(407040K), 0.0004650 secs]
48.136: Total time for which application threads were stopped: 0.0005810 seconds, Stopping threads took: 0.0000187 seconds
48.181: [GC (Allocation Failure)  64133K->613K(406016K), 0.0004363 secs]
48.181: Total time for which application threads were stopped: 0.0005536 seconds, Stopping threads took: 0.0000202 seconds
48.226: [GC (Allocation Failure)  63077K->645K(405504K), 0.0004861 secs]
48.227: Total time for which application threads were stopped: 0.0006281 seconds, Stopping threads took: 0.0000196 seconds
48.272: [GC (Allocation Failure)  62597K->677K(404992K), 0.0004850 secs]
48.272: Total time for which application threads were stopped: 0.0006051 seconds, Stopping threads took: 0.0000199 seconds
48.311: [GC (Allocation Failure)  62117K->677K(404480K), 0.0004713 secs]
48.311: Total time for which application threads were stopped: 0.0005991 seconds, Stopping threads took: 0.0000283 seconds
48.350: [GC (Allocation Failure)  61605K->645K(416768K), 0.0006191 secs]
48.351: Total time for which application threads were stopped: 0.0007582 seconds, Stopping threads took: 0.0000212 seconds
48.402: [GC (Allocation Failure)  73861K->645K(415744K), 0.0004593 secs]
48.402: Total time for which application threads were stopped: 0.0005824 seconds, Stopping threads took: 0.0000214 seconds
48.452: [GC (Allocation Failure)  72837K->645K(414720K), 0.0004485 secs]
48.453: Total time for which application threads were stopped: 0.0005595 seconds, Stopping threads took: 0.0000143 seconds
48.498: [GC (Allocation Failure)  71813K->677K(413696K), 0.0005528 secs]
48.498: Total time for which application threads were stopped: 0.0006886 seconds, Stopping threads took: 0.0000208 seconds
48.543: [GC (Allocation Failure)  70821K->741K(412672K), 0.0006085 secs]
48.543: Total time for which application threads were stopped: 0.0007415 seconds, Stopping threads took: 0.0000272 seconds
48.587: [GC (Allocation Failure)  69861K->677K(426496K), 0.0005904 secs]
48.587: Total time for which application threads were stopped: 0.0007497 seconds, Stopping threads took: 0.0000252 seconds
48.639: [GC (Allocation Failure)  83621K->677K(424960K), 0.0004925 secs]
48.640: Total time for which application threads were stopped: 0.0006380 seconds, Stopping threads took: 0.0000222 seconds
48.691: [GC (Allocation Failure)  82085K->645K(441344K), 0.0006683 secs]
48.692: Total time for which application threads were stopped: 0.0008300 seconds, Stopping threads took: 0.0000303 seconds
48.759: [GC (Allocation Failure)  98437K->645K(439296K), 0.0005520 secs]
48.760: Total time for which application threads were stopped: 0.0007112 seconds, Stopping threads took: 0.0000309 seconds
48.823: [GC (Allocation Failure)  96389K->677K(437760K), 0.0006062 secs]
48.824: Total time for which application threads were stopped: 0.0007251 seconds, Stopping threads took: 0.0000191 seconds
48.882: [GC (Allocation Failure)  94885K->645K(436224K), 0.0005021 secs]
48.883: Total time for which application threads were stopped: 0.0006451 seconds, Stopping threads took: 0.0000206 seconds
48.944: [GC (Allocation Failure)  93317K->645K(434688K), 0.0006619 secs]
48.945: Total time for which application threads were stopped: 0.0007783 seconds, Stopping threads took: 0.0000196 seconds
49.002: [GC (Allocation Failure)  91781K->645K(433152K), 0.0004734 secs]
49.002: Total time for which application threads were stopped: 0.0005985 seconds, Stopping threads took: 0.0000275 seconds
49.062: [GC (Allocation Failure)  90245K->677K(431616K), 0.0007246 secs]
49.063: Total time for which application threads were stopped: 0.0008624 seconds, Stopping threads took: 0.0000362 seconds
49.118: [GC (Allocation Failure)  88741K->677K(430080K), 0.0004804 secs]
49.119: Total time for which application threads were stopped: 0.0006056 seconds, Stopping threads took: 0.0000278 seconds
49.173: [GC (Allocation Failure)  87205K->709K(428544K), 0.0004574 secs]
49.174: Total time for which application threads were stopped: 0.0005805 seconds, Stopping threads took: 0.0000268 seconds
49.227: [GC (Allocation Failure)  85701K->645K(427008K), 0.0004969 secs]
49.227: Total time for which application threads were stopped: 0.0006297 seconds, Stopping threads took: 0.0000193 seconds
49.285: [GC (Allocation Failure)  84101K->677K(425472K), 0.0004668 secs]
49.286: Total time for which application threads were stopped: 0.0005882 seconds, Stopping threads took: 0.0000200 seconds
49.337: [GC (Allocation Failure)  82597K->645K(423936K), 0.0005277 secs]
49.338: Total time for which application threads were stopped: 0.0006541 seconds, Stopping threads took: 0.0000261 seconds
49.392: [GC (Allocation Failure)  81029K->741K(422400K), 0.0004778 secs]
49.392: Total time for which application threads were stopped: 0.0005944 seconds, Stopping threads took: 0.0000194 seconds
49.447: [GC (Allocation Failure)  79589K->709K(421376K), 0.0004622 secs]
49.448: Total time for which application threads were stopped: 0.0005902 seconds, Stopping threads took: 0.0000272 seconds
49.500: [GC (Allocation Failure)  78533K->645K(420352K), 0.0007224 secs]
49.501: Total time for which application threads were stopped: 0.0008507 seconds, Stopping threads took: 0.0000200 seconds
49.553: [GC (Allocation Failure)  77445K->709K(419328K), 0.0004359 secs]
49.554: Total time for which application threads were stopped: 0.0005727 seconds, Stopping threads took: 0.0000274 seconds
49.601: [GC (Allocation Failure)  76485K->613K(418304K), 0.0005384 secs]
49.602: Total time for which application threads were stopped: 0.0006600 seconds, Stopping threads took: 0.0000205 seconds
49.649: [GC (Allocation Failure)  75365K->677K(417280K), 0.0006242 secs]
49.649: Total time for which application threads were stopped: 0.0007501 seconds, Stopping threads took: 0.0000190 seconds
49.700: [GC (Allocation Failure)  74405K->645K(416256K), 0.0004844 secs]
49.701: Total time for which application threads were stopped: 0.0006062 seconds, Stopping threads took: 0.0000269 seconds
49.752: [GC (Allocation Failure)  73349K->645K(415232K), 0.0004860 secs]
49.753: Total time for which application threads were stopped: 0.0005942 seconds, Stopping threads took: 0.0000168 seconds
49.802: [GC (Allocation Failure)  72325K->613K(414208K), 0.0004646 secs]
49.802: Total time for which application threads were stopped: 0.0005757 seconds, Stopping threads took: 0.0000168 seconds
49.847: [GC (Allocation Failure)  71269K->645K(413184K), 0.0004870 secs]
49.847: Total time for which application threads were stopped: 0.0006199 seconds, Stopping threads took: 0.0000212 seconds
49.897: [GC (Allocation Failure)  70277K->645K(412160K), 0.0004961 secs]
49.898: Total time for which application threads were stopped: 0.0006330 seconds, Stopping threads took: 0.0000190 seconds
49.941: [GC (Allocation Failure)  69253K->613K(411136K), 0.0004836 secs]
49.941: Total time for which application threads were stopped: 0.0006296 seconds, Stopping threads took: 0.0000280 seconds
49.989: [GC (Allocation Failure)  68197K->677K(410112K), 0.0004888 secs]
49.990: Total time for which application threads were stopped: 0.0005996 seconds, Stopping threads took: 0.0000169 seconds
50.033: [GC (Allocation Failure)  67237K->645K(409088K), 0.0004054 secs]
50.033: Total time for which application threads were stopped: 0.0006539 seconds, Stopping threads took: 0.0001463 seconds
50.074: [GC (Allocation Failure)  66181K->613K(408064K), 0.0005605 secs]
50.075: Total time for which application threads were stopped: 0.0006851 seconds, Stopping threads took: 0.0000218 seconds
50.122: [GC (Allocation Failure)  65125K->613K(407040K), 0.0004999 secs]
50.122: Total time for which application threads were stopped: 0.0006280 seconds, Stopping threads took: 0.0000201 seconds
50.162: [GC (Allocation Failure)  64101K->677K(406016K), 0.0005106 secs]
50.163: Total time for which application threads were stopped: 0.0006452 seconds, Stopping threads took: 0.0000213 seconds
50.202: [GC (Allocation Failure)  63141K->677K(405504K), 0.0004888 secs]
50.203: Total time for which application threads were stopped: 0.0006364 seconds, Stopping threads took: 0.0000282 seconds
50.242: [GC (Allocation Failure)  62629K->677K(404992K), 0.0004904 secs]
50.242: Total time for which application threads were stopped: 0.0006290 seconds, Stopping threads took: 0.0000291 seconds
50.281: [GC (Allocation Failure)  62117K->677K(417280K), 0.0005104 secs]
50.282: Total time for which application threads were stopped: 0.0006410 seconds, Stopping threads took: 0.0000211 seconds
50.328: [GC (Allocation Failure)  74405K->677K(416256K), 0.0004921 secs]
50.329: Total time for which application threads were stopped: 0.0006109 seconds, Stopping threads took: 0.0000195 seconds
50.375: [GC (Allocation Failure)  73381K->741K(415232K), 0.0004892 secs]
50.375: Total time for which application threads were stopped: 0.0006162 seconds, Stopping threads took: 0.0000210 seconds
50.421: [GC (Allocation Failure)  72421K->709K(414208K), 0.0004843 secs]
50.421: Total time for which application threads were stopped: 0.0006123 seconds, Stopping threads took: 0.0000209 seconds
50.470: [GC (Allocation Failure)  71365K->645K(413184K), 0.0004623 secs]
50.470: Total time for which application threads were stopped: 0.0005715 seconds, Stopping threads took: 0.0000171 seconds
50.521: [GC (Allocation Failure)  70277K->645K(412160K), 0.0004111 secs]
50.521: Total time for which application threads were stopped: 0.0005299 seconds, Stopping threads took: 0.0000270 seconds
50.564: [GC (Allocation Failure)  69253K->613K(411136K), 0.0006766 secs]
50.565: Total time for which application threads were stopped: 0.0008035 seconds, Stopping threads took: 0.0000208 seconds
50.607: [GC (Allocation Failure)  68197K->645K(424960K), 0.0005893 secs]
50.608: Total time for which application threads were stopped: 0.0007143 seconds, Stopping threads took: 0.0000217 seconds
50.659: [GC (Allocation Failure)  82053K->677K(423424K), 0.0004806 secs]
50.659: Total time for which application threads were stopped: 0.0006029 seconds, Stopping threads took: 0.0000199 seconds
50.709: [GC (Allocation Failure)  80549K->709K(422400K), 0.0006248 secs]
50.710: Total time for which application threads were stopped: 0.0007460 seconds, Stopping threads took: 0.0000194 seconds
50.764: [GC (Allocation Failure)  79557K->645K(421376K), 0.0004788 secs]
50.765: Total time for which application threads were stopped: 0.0005956 seconds, Stopping threads took: 0.0000194 seconds
50.819: [GC (Allocation Failure)  78469K->709K(420352K), 0.0004921 secs]
50.820: Total time for which application threads were stopped: 0.0006114 seconds, Stopping threads took: 0.0000195 seconds
50.868: [GC (Allocation Failure)  77509K->709K(419328K), 0.0004685 secs]
50.868: Total time for which application threads were stopped: 0.0005979 seconds, Stopping threads took: 0.0000188 seconds
50.916: [GC (Allocation Failure)  76485K->645K(418304K), 0.0005301 secs]
50.916: Total time for which application threads were stopped: 0.0006617 seconds, Stopping threads took: 0.0000207 seconds
50.967: [GC (Allocation Failure)  75397K->709K(417280K), 0.0004685 secs]
50.967: Total time for which application threads were stopped: 0.0005773 seconds, Stopping threads took: 0.0000171 seconds
51.021: [GC (Allocation Failure)  74437K->677K(416256K), 0.0004718 secs]
51.021: Total time for which application threads were stopped: 0.0005987 seconds, Stopping threads took: 0.0000272 seconds
51.067: [GC (Allocation Failure)  73381K->613K(415232K), 0.0006657 secs]
51.067: Total time for which application threads were stopped: 0.0008049 seconds, Stopping threads took: 0.0000207 seconds
51.112: [GC (Allocation Failure)  72293K->677K(414208K), 0.0004497 secs]
51.113: Total time for which application threads were stopped: 0.0005943 seconds, Stopping threads took: 0.0000217 seconds
51.157: [GC (Allocation Failure)  71333K->677K(413184K), 0.0005294 secs]
51.158: Total time for which application threads were stopped: 0.0006739 seconds, Stopping threads took: 0.0000217 seconds
51.208: [GC (Allocation Failure)  70309K->613K(412160K), 0.0004938 secs]
51.208: Total time for which application threads were stopped: 0.0006326 seconds, Stopping threads took: 0.0000262 seconds
51.257: [GC (Allocation Failure)  69221K->677K(411136K), 0.0004481 secs]
51.257: Total time for which application threads were stopped: 0.0005760 seconds, Stopping threads took: 0.0000282 seconds
51.300: [GC (Allocation Failure)  68261K->677K(410112K), 0.0004971 secs]
51.300: Total time for which application threads were stopped: 0.0006398 seconds, Stopping threads took: 0.0000216 seconds
51.342: [GC (Allocation Failure)  67237K->645K(409088K), 0.0005650 secs]
51.343: Total time for which application threads were stopped: 0.0007198 seconds, Stopping threads took: 0.0000291 seconds
51.384: [GC (Allocation Failure)  66181K->677K(422400K), 0.0005943 secs]
51.384: Total time for which application threads were stopped: 0.0007501 seconds, Stopping threads took: 0.0000300 seconds
51.440: [GC (Allocation Failure)  79525K->645K(421376K), 0.0004896 secs]
51.441: Total time for which application threads were stopped: 0.0006337 seconds, Stopping threads took: 0.0000275 seconds
51.490: [GC (Allocation Failure)  78469K->677K(420352K), 0.0004885 secs]
51.490: Total time for which application threads were stopped: 0.0006250 seconds, Stopping threads took: 0.0000249 seconds
51.544: [GC (Allocation Failure)  77477K->645K(419328K), 0.0004075 secs]
51.544: Total time for which application threads were stopped: 0.0005346 seconds, Stopping threads took: 0.0000281 seconds
51.597: [GC (Allocation Failure)  76421K->677K(418304K), 0.0005730 secs]
51.597: Total time for which application threads were stopped: 0.0006941 seconds, Stopping threads took: 0.0000202 seconds
51.651: [GC (Allocation Failure)  75429K->677K(417280K), 0.0004700 secs]
51.651: Total time for which application threads were stopped: 0.0006217 seconds, Stopping threads took: 0.0000281 seconds
51.697: [GC (Allocation Failure)  74405K->677K(416256K), 0.0004767 secs]
51.698: Total time for which application threads were stopped: 0.0005920 seconds, Stopping threads took: 0.0000195 seconds
51.743: [GC (Allocation Failure)  73381K->645K(415232K), 0.0004733 secs]
51.744: Total time for which application threads were stopped: 0.0005902 seconds, Stopping threads took: 0.0000191 seconds
51.794: [GC (Allocation Failure)  72325K->709K(414208K), 0.0004614 secs]
51.795: Total time for which application threads were stopped: 0.0005977 seconds, Stopping threads took: 0.0000274 seconds
51.843: [GC (Allocation Failure)  71365K->645K(413184K), 0.0004543 secs]
51.843: Total time for which application threads were stopped: 0.0005815 seconds, Stopping threads took: 0.0000275 seconds
51.887: [GC (Allocation Failure)  70277K->677K(412160K), 0.0004714 secs]
51.888: Total time for which application threads were stopped: 0.0005976 seconds, Stopping threads took: 0.0000274 seconds
51.931: [GC (Allocation Failure)  69285K->645K(411136K), 0.0004792 secs]
51.931: Total time for which application threads were stopped: 0.0006078 seconds, Stopping threads took: 0.0000198 seconds
51.977: [GC (Allocation Failure)  68229K->677K(410112K), 0.0006805 secs]
51.977: Total time for which application threads were stopped: 0.0008093 seconds, Stopping threads took: 0.0000201 seconds
52.020: [GC (Allocation Failure)  67237K->709K(409088K), 0.0004733 secs]
52.020: Total time for which application threads were stopped: 0.0006078 seconds, Stopping threads took: 0.0000273 seconds
52.065: [GC (Allocation Failure)  66245K->613K(408064K), 0.0004634 secs]
52.065: Total time for which application threads were stopped: 0.0005822 seconds, Stopping threads took: 0.0000196 seconds
52.111: [GC (Allocation Failure)  65125K->709K(407040K), 0.0004844 secs]
52.111: Total time for which application threads were stopped: 0.0006122 seconds, Stopping threads took: 0.0000217 seconds
52.158: [GC (Allocation Failure)  64197K->677K(406016K), 0.0004403 secs]
52.158: Total time for which application threads were stopped: 0.0005550 seconds, Stopping threads took: 0.0000190 seconds
52.197: [GC (Allocation Failure)  63141K->677K(405504K), 0.0004916 secs]
52.198: Total time for which application threads were stopped: 0.0006197 seconds, Stopping threads took: 0.0000273 seconds
52.237: [GC (Allocation Failure)  62629K->709K(404992K), 0.0005046 secs]
52.237: Total time for which application threads were stopped: 0.0006303 seconds, Stopping threads took: 0.0000198 seconds
52.276: [GC (Allocation Failure)  62149K->741K(417280K), 0.0005242 secs]
52.276: Total time for which application threads were stopped: 0.0006676 seconds, Stopping threads took: 0.0000211 seconds
52.328: [GC (Allocation Failure)  74469K->613K(416256K), 0.0005030 secs]
52.329: Total time for which application threads were stopped: 0.0006433 seconds, Stopping threads took: 0.0000226 seconds
52.382: [GC (Allocation Failure)  73317K->645K(415232K), 0.0005213 secs]
52.382: Total time for which application threads were stopped: 0.0006602 seconds, Stopping threads took: 0.0000219 seconds
52.427: [GC (Allocation Failure)  72325K->613K(429568K), 0.0006655 secs]
52.428: Total time for which application threads were stopped: 0.0008140 seconds, Stopping threads took: 0.0000220 seconds
52.487: [GC (Allocation Failure)  86629K->677K(428032K), 0.0004636 secs]
52.487: Total time for which application threads were stopped: 0.0005840 seconds, Stopping threads took: 0.0000197 seconds
52.541: [GC (Allocation Failure)  85157K->645K(426496K), 0.0004420 secs]
52.542: Total time for which application threads were stopped: 0.0005730 seconds, Stopping threads took: 0.0000260 seconds
52.597: [GC (Allocation Failure)  83589K->645K(424960K), 0.0004824 secs]
52.598: Total time for which application threads were stopped: 0.0006182 seconds, Stopping threads took: 0.0000169 seconds
52.649: [GC (Allocation Failure)  82053K->613K(423424K), 0.0007487 secs]
52.650: Total time for which application threads were stopped: 0.0009157 seconds, Stopping threads took: 0.0000211 seconds
52.706: [GC (Allocation Failure)  80485K->645K(422400K), 0.0004776 secs]
52.707: Total time for which application threads were stopped: 0.0006081 seconds, Stopping threads took: 0.0000225 seconds
52.762: [GC (Allocation Failure)  79493K->645K(421376K), 0.0003942 secs]
52.762: Total time for which application threads were stopped: 0.0005014 seconds, Stopping threads took: 0.0000166 seconds
52.818: [GC (Allocation Failure)  78469K->709K(420352K), 0.0004839 secs]
52.818: Total time for which application threads were stopped: 0.0006043 seconds, Stopping threads took: 0.0000194 seconds
52.866: [GC (Allocation Failure)  77509K->709K(419328K), 0.0004906 secs]
52.867: Total time for which application threads were stopped: 0.0006269 seconds, Stopping threads took: 0.0000198 seconds
52.914: [GC (Allocation Failure)  76485K->613K(418304K), 0.0005138 secs]
52.915: Total time for which application threads were stopped: 0.0006482 seconds, Stopping threads took: 0.0000220 seconds
52.966: [GC (Allocation Failure)  75365K->709K(417280K), 0.0004787 secs]
52.966: Total time for which application threads were stopped: 0.0006054 seconds, Stopping threads took: 0.0000198 seconds
53.013: [GC (Allocation Failure)  74437K->645K(416256K), 0.0004387 secs]
53.013: Total time for which application threads were stopped: 0.0005716 seconds, Stopping threads took: 0.0000263 seconds
53.064: [GC (Allocation Failure)  73349K->709K(415232K), 0.0006055 secs]
53.065: Total time for which application threads were stopped: 0.0007492 seconds, Stopping threads took: 0.0000264 seconds
53.115: [GC (Allocation Failure)  72389K->677K(414208K), 0.0004939 secs]
53.116: Total time for which application threads were stopped: 0.0006289 seconds, Stopping threads took: 0.0000215 seconds
53.164: [GC (Allocation Failure)  71333K->741K(413184K), 0.0005232 secs]
53.165: Total time for which application threads were stopped: 0.0006619 seconds, Stopping threads took: 0.0000218 seconds
53.209: [GC (Allocation Failure)  70373K->677K(412160K), 0.0005239 secs]
53.209: Total time for which application threads were stopped: 0.0006424 seconds, Stopping threads took: 0.0000224 seconds
53.257: [GC (Allocation Failure)  69285K->613K(411136K), 0.0005497 secs]
53.258: Total time for which application threads were stopped: 0.0006666 seconds, Stopping threads took: 0.0000195 seconds
53.305: [GC (Allocation Failure)  68197K->645K(410112K), 0.0004631 secs]
53.306: Total time for which application threads were stopped: 0.0005953 seconds, Stopping threads took: 0.0000281 seconds
53.347: [GC (Allocation Failure)  67205K->645K(409088K), 0.0004988 secs]
53.348: Total time for which application threads were stopped: 0.0006359 seconds, Stopping threads took: 0.0000201 seconds
53.389: [GC (Allocation Failure)  66181K->645K(408064K), 0.0005270 secs]
53.390: Total time for which application threads were stopped: 0.0006772 seconds, Stopping threads took: 0.0000217 seconds
53.430: [GC (Allocation Failure)  65157K->677K(421376K), 0.0005553 secs]
53.431: Total time for which application threads were stopped: 0.0006870 seconds, Stopping threads took: 0.0000236 seconds
53.485: [GC (Allocation Failure)  78501K->645K(420352K), 0.0004890 secs]
53.486: Total time for which application threads were stopped: 0.0006075 seconds, Stopping threads took: 0.0000195 seconds
53.535: [GC (Allocation Failure)  77445K->645K(419328K), 0.0004117 secs]
53.536: Total time for which application threads were stopped: 0.0005355 seconds, Stopping threads took: 0.0000270 seconds
53.585: [GC (Allocation Failure)  76421K->677K(418304K), 0.0004318 secs]
53.585: Total time for which application threads were stopped: 0.0005633 seconds, Stopping threads took: 0.0000194 seconds
53.637: [GC (Allocation Failure)  75429K->677K(417280K), 0.0005148 secs]
53.637: Total time for which application threads were stopped: 0.0006571 seconds, Stopping threads took: 0.0000212 seconds
53.689: [GC (Allocation Failure)  74405K->645K(416256K), 0.0004748 secs]
53.689: Total time for which application threads were stopped: 0.0006147 seconds, Stopping threads took: 0.0000307 seconds
53.741: [GC (Allocation Failure)  73349K->645K(415232K), 0.0004766 secs]
53.741: Total time for which application threads were stopped: 0.0005985 seconds, Stopping threads took: 0.0000195 seconds
53.791: [GC (Allocation Failure)  72325K->645K(414208K), 0.0004841 secs]
53.792: Total time for which application threads were stopped: 0.0006044 seconds, Stopping threads took: 0.0000195 seconds
53.842: [GC (Allocation Failure)  71301K->645K(413184K), 0.0007229 secs]
53.843: Total time for which application threads were stopped: 0.0008568 seconds, Stopping threads took: 0.0000202 seconds
53.887: [GC (Allocation Failure)  70277K->645K(412160K), 0.0005698 secs]
53.887: Total time for which application threads were stopped: 0.0007163 seconds, Stopping threads took: 0.0000215 seconds
53.935: [GC (Allocation Failure)  69253K->677K(411136K), 0.0005518 secs]
53.936: Total time for which application threads were stopped: 0.0006863 seconds, Stopping threads took: 0.0000200 seconds
53.978: [GC (Allocation Failure)  68261K->613K(410112K), 0.0005314 secs]
53.979: Total time for which application threads were stopped: 0.0006550 seconds, Stopping threads took: 0.0000215 seconds
54.027: [GC (Allocation Failure)  67173K->709K(409088K), 0.0004547 secs]
54.027: Total time for which application threads were stopped: 0.0005798 seconds, Stopping threads took: 0.0000250 seconds
54.076: [GC (Allocation Failure)  66245K->677K(422400K), 0.0007826 secs]
54.077: Total time for which application threads were stopped: 0.0008911 seconds, Stopping threads took: 0.0000168 seconds
54.126: [GC (Allocation Failure)  79525K->741K(438272K), 0.0006399 secs]
54.127: Total time for which application threads were stopped: 0.0007753 seconds, Stopping threads took: 0.0000285 seconds
54.186: [GC (Allocation Failure)  95461K->677K(436736K), 0.0004848 secs]
54.186: Total time for which application threads were stopped: 0.0006338 seconds, Stopping threads took: 0.0000210 seconds
54.245: [GC (Allocation Failure)  93861K->645K(435200K), 0.0005002 secs]
54.245: Total time for which application threads were stopped: 0.0006439 seconds, Stopping threads took: 0.0000214 seconds
54.305: [GC (Allocation Failure)  92293K->613K(433664K), 0.0004703 secs]
54.306: Total time for which application threads were stopped: 0.0005930 seconds, Stopping threads took: 0.0000222 seconds
54.370: [GC (Allocation Failure)  90725K->613K(432128K), 0.0006577 secs]
54.370: Total time for which application threads were stopped: 0.0007920 seconds, Stopping threads took: 0.0000273 seconds
54.426: [GC (Allocation Failure)  89189K->677K(430592K), 0.0005956 secs]
54.427: Total time for which application threads were stopped: 0.0007293 seconds, Stopping threads took: 0.0000204 seconds
54.482: [GC (Allocation Failure)  87717K->709K(429056K), 0.0006311 secs]
54.482: Total time for which application threads were stopped: 0.0007580 seconds, Stopping threads took: 0.0000197 seconds
54.540: [GC (Allocation Failure)  86213K->645K(427520K), 0.0005015 secs]
54.541: Total time for which application threads were stopped: 0.0006208 seconds, Stopping threads took: 0.0000253 seconds
54.593: [GC (Allocation Failure)  84613K->709K(425984K), 0.0004477 secs]
54.594: Total time for which application threads were stopped: 0.0005772 seconds, Stopping threads took: 0.0000205 seconds
54.645: [GC (Allocation Failure)  83141K->645K(424448K), 0.0005775 secs]
54.646: Total time for which application threads were stopped: 0.0007227 seconds, Stopping threads took: 0.0000217 seconds
54.700: [GC (Allocation Failure)  81541K->677K(422912K), 0.0005916 secs]
54.701: Total time for which application threads were stopped: 0.0007203 seconds, Stopping threads took: 0.0000268 seconds
54.751: [GC (Allocation Failure)  80037K->645K(421888K), 0.0004360 secs]
54.751: Total time for which application threads were stopped: 0.0005618 seconds, Stopping threads took: 0.0000274 seconds
54.801: [GC (Allocation Failure)  78981K->645K(420864K), 0.0005204 secs]
54.801: Total time for which application threads were stopped: 0.0006655 seconds, Stopping threads took: 0.0000294 seconds
54.855: [GC (Allocation Failure)  77957K->677K(419840K), 0.0004650 secs]
54.856: Total time for which application threads were stopped: 0.0005842 seconds, Stopping threads took: 0.0000196 seconds
54.903: [GC (Allocation Failure)  76965K->645K(418816K), 0.0004685 secs]
54.904: Total time for which application threads were stopped: 0.0005849 seconds, Stopping threads took: 0.0000194 seconds
54.951: [GC (Allocation Failure)  75909K->709K(417792K), 0.0004838 secs]
54.952: Total time for which application threads were stopped: 0.0006108 seconds, Stopping threads took: 0.0000195 seconds
55.001: [GC (Allocation Failure)  74949K->613K(416768K), 0.0006392 secs]
55.002: Total time for which application threads were stopped: 0.0007880 seconds, Stopping threads took: 0.0000288 seconds
55.055: [GC (Allocation Failure)  73829K->645K(415744K), 0.0004621 secs]
55.056: Total time for which application threads were stopped: 0.0006040 seconds, Stopping threads took: 0.0000265 seconds
55.108: [GC (Allocation Failure)  72837K->581K(414720K), 0.0004488 secs]
55.108: Total time for which application threads were stopped: 0.0005676 seconds, Stopping threads took: 0.0000204 seconds
55.153: [GC (Allocation Failure)  71749K->709K(413696K), 0.0004455 secs]
55.153: Total time for which application threads were stopped: 0.0005718 seconds, Stopping threads took: 0.0000277 seconds
55.203: [GC (Allocation Failure)  70853K->645K(412672K), 0.0004191 secs]
55.204: Total time for which application threads were stopped: 0.0005272 seconds, Stopping threads took: 0.0000172 seconds
55.250: [GC (Allocation Failure)  69765K->645K(411648K), 0.0004545 secs]
55.251: Total time for which application threads were stopped: 0.0005959 seconds, Stopping threads took: 0.0000394 seconds
55.294: [GC (Allocation Failure)  68741K->645K(410624K), 0.0005118 secs]
55.294: Total time for which application threads were stopped: 0.0006481 seconds, Stopping threads took: 0.0000197 seconds
55.336: [GC (Allocation Failure)  67717K->677K(409600K), 0.0005577 secs]
55.337: Total time for which application threads were stopped: 0.0006959 seconds, Stopping threads took: 0.0000214 seconds
55.383: [GC (Allocation Failure)  66725K->613K(408576K), 0.0004800 secs]
55.384: Total time for which application threads were stopped: 0.0006252 seconds, Stopping threads took: 0.0000221 seconds
55.428: [GC (Allocation Failure)  65637K->645K(407552K), 0.0005404 secs]
55.428: Total time for which application threads were stopped: 0.0006917 seconds, Stopping threads took: 0.0000221 seconds
55.470: [GC (Allocation Failure)  64645K->645K(406528K), 0.0004708 secs]
55.470: Total time for which application threads were stopped: 0.0005975 seconds, Stopping threads took: 0.0000279 seconds
55.516: [GC (Allocation Failure)  63621K->645K(405504K), 0.0004172 secs]
55.516: Total time for which application threads were stopped: 0.0005372 seconds, Stopping threads took: 0.0000263 seconds
55.558: [GC (Allocation Failure)  62597K->645K(404992K), 0.0004579 secs]
55.559: Total time for which application threads were stopped: 0.0005668 seconds, Stopping threads took: 0.0000174 seconds
55.603: [GC (Allocation Failure)  62085K->677K(404480K), 0.0004700 secs]
55.603: Total time for which application threads were stopped: 0.0005985 seconds, Stopping threads took: 0.0000199 seconds
55.642: [GC (Allocation Failure)  61605K->677K(403968K), 0.0005194 secs]
55.642: Total time for which application threads were stopped: 0.0006558 seconds, Stopping threads took: 0.0000217 seconds
55.680: [GC (Allocation Failure)  61093K->677K(416256K), 0.0005328 secs]
55.681: Total time for which application threads were stopped: 0.0006792 seconds, Stopping threads took: 0.0000221 seconds
55.732: [GC (Allocation Failure)  73381K->709K(431104K), 0.0007202 secs]
55.733: Total time for which application threads were stopped: 0.0008559 seconds, Stopping threads took: 0.0000213 seconds
55.788: [GC (Allocation Failure)  88261K->645K(449024K), 0.0006149 secs]
55.789: Total time for which application threads were stopped: 0.0007678 seconds, Stopping threads took: 0.0000293 seconds
55.855: [GC (Allocation Failure)  106117K->645K(446976K), 0.0004987 secs]
55.855: Total time for which application threads were stopped: 0.0006378 seconds, Stopping threads took: 0.0000210 seconds
55.920: [GC (Allocation Failure)  104069K->741K(444928K), 0.0005013 secs]
55.921: Total time for which application threads were stopped: 0.0006399 seconds, Stopping threads took: 0.0000206 seconds
55.985: [GC (Allocation Failure)  102117K->613K(442880K), 0.0005318 secs]
55.985: Total time for which application threads were stopped: 0.0006752 seconds, Stopping threads took: 0.0000284 seconds
56.053: [GC (Allocation Failure)  99941K->645K(440832K), 0.0005164 secs]
56.054: Total time for which application threads were stopped: 0.0006628 seconds, Stopping threads took: 0.0000224 seconds
56.121: [GC (Allocation Failure)  97925K->645K(438784K), 0.0005179 secs]
56.122: Total time for which application threads were stopped: 0.0006340 seconds, Stopping threads took: 0.0000196 seconds
56.187: [GC (Allocation Failure)  95877K->613K(437248K), 0.0003933 secs]
56.188: Total time for which application threads were stopped: 0.0005005 seconds, Stopping threads took: 0.0000166 seconds
56.246: [GC (Allocation Failure)  94309K->645K(435712K), 0.0005054 secs]
56.247: Total time for which application threads were stopped: 0.0006123 seconds, Stopping threads took: 0.0000173 seconds
56.305: [GC (Allocation Failure)  92805K->741K(434176K), 0.0005898 secs]
56.305: Total time for which application threads were stopped: 0.0007211 seconds, Stopping threads took: 0.0000285 seconds
56.363: [GC (Allocation Failure)  91365K->677K(432640K), 0.0005559 secs]
56.363: Total time for which application threads were stopped: 0.0006958 seconds, Stopping threads took: 0.0000210 seconds
56.420: [GC (Allocation Failure)  89765K->709K(431104K), 0.0006084 secs]
56.421: Total time for which application threads were stopped: 0.0007416 seconds, Stopping threads took: 0.0000196 seconds
56.481: [GC (Allocation Failure)  88261K->677K(429568K), 0.0004732 secs]
56.482: Total time for which application threads were stopped: 0.0005927 seconds, Stopping threads took: 0.0000197 seconds
56.540: [GC (Allocation Failure)  86693K->741K(428032K), 0.0003919 secs]
56.540: Total time for which application threads were stopped: 0.0005307 seconds, Stopping threads took: 0.0000194 seconds
56.599: [GC (Allocation Failure)  85221K->613K(426496K), 0.0006471 secs]
56.600: Total time for which application threads were stopped: 0.0007652 seconds, Stopping threads took: 0.0000193 seconds
56.652: [GC (Allocation Failure)  83557K->645K(424960K), 0.0005275 secs]
56.653: Total time for which application threads were stopped: 0.0006655 seconds, Stopping threads took: 0.0000207 seconds
56.704: [GC (Allocation Failure)  82053K->677K(423424K), 0.0006767 secs]
56.705: Total time for which application threads were stopped: 0.0008194 seconds, Stopping threads took: 0.0000292 seconds
56.761: [GC (Allocation Failure)  80549K->741K(422400K), 0.0005571 secs]
56.761: Total time for which application threads were stopped: 0.0006906 seconds, Stopping threads took: 0.0000200 seconds
56.811: [GC (Allocation Failure)  79589K->709K(421376K), 0.0005032 secs]
56.811: Total time for which application threads were stopped: 0.0006504 seconds, Stopping threads took: 0.0000223 seconds
56.860: [GC (Allocation Failure)  78533K->709K(420352K), 0.0004873 secs]
56.861: Total time for which application threads were stopped: 0.0006050 seconds, Stopping threads took: 0.0000195 seconds
56.914: [GC (Allocation Failure)  77509K->645K(419328K), 0.0006192 secs]
56.914: Total time for which application threads were stopped: 0.0007461 seconds, Stopping threads took: 0.0000277 seconds
56.962: [GC (Allocation Failure)  76421K->645K(418304K), 0.0005585 secs]
56.963: Total time for which application threads were stopped: 0.0007111 seconds, Stopping threads took: 0.0000281 seconds
57.016: [GC (Allocation Failure)  75397K->709K(417280K), 0.0004497 secs]
57.016: Total time for which application threads were stopped: 0.0005738 seconds, Stopping threads took: 0.0000169 seconds
57.064: [GC (Allocation Failure)  74437K->645K(416256K), 0.0004571 secs]
57.064: Total time for which application threads were stopped: 0.0005752 seconds, Stopping threads took: 0.0000257 seconds
57.110: [GC (Allocation Failure)  73349K->677K(415232K), 0.0004970 secs]
57.110: Total time for which application threads were stopped: 0.0006437 seconds, Stopping threads took: 0.0000211 seconds
57.155: [GC (Allocation Failure)  72357K->645K(414208K), 0.0005160 secs]
57.156: Total time for which application threads were stopped: 0.0006573 seconds, Stopping threads took: 0.0000298 seconds
57.206: [GC (Allocation Failure)  71301K->645K(413184K), 0.0005772 secs]
57.206: Total time for which application threads were stopped: 0.0007235 seconds, Stopping threads took: 0.0000298 seconds
57.250: [GC (Allocation Failure)  70277K->613K(412160K), 0.0005133 secs]
57.251: Total time for which application threads were stopped: 0.0006618 seconds, Stopping threads took: 0.0000221 seconds
57.297: [GC (Allocation Failure)  69221K->677K(411136K), 0.0005186 secs]
57.298: Total time for which application threads were stopped: 0.0006591 seconds, Stopping threads took: 0.0000224 seconds
57.340: [GC (Allocation Failure)  68261K->677K(410112K), 0.0004771 secs]
57.341: Total time for which application threads were stopped: 0.0006063 seconds, Stopping threads took: 0.0000274 seconds
57.382: [GC (Allocation Failure)  67237K->645K(409088K), 0.0005959 secs]
57.383: Total time for which application threads were stopped: 0.0007363 seconds, Stopping threads took: 0.0000211 seconds
57.424: [GC (Allocation Failure)  66181K->645K(408064K), 0.0004907 secs]
57.425: Total time for which application threads were stopped: 0.0006302 seconds, Stopping threads took: 0.0000275 seconds
57.466: [GC (Allocation Failure)  65157K->709K(407040K), 0.0004283 secs]
57.466: Total time for which application threads were stopped: 0.0005375 seconds, Stopping threads took: 0.0000252 seconds
57.506: [GC (Allocation Failure)  64197K->709K(419840K), 0.0006822 secs]
57.507: Total time for which application threads were stopped: 0.0008295 seconds, Stopping threads took: 0.0000284 seconds
57.556: [GC (Allocation Failure)  76997K->645K(435200K), 0.0004259 secs]
57.556: Total time for which application threads were stopped: 0.0005478 seconds, Stopping threads took: 0.0000202 seconds
57.619: [GC (Allocation Failure)  92293K->677K(433664K), 0.0004697 secs]
57.620: Total time for which application threads were stopped: 0.0005979 seconds, Stopping threads took: 0.0000276 seconds
57.676: [GC (Allocation Failure)  90789K->677K(432128K), 0.0004952 secs]
57.676: Total time for which application threads were stopped: 0.0006235 seconds, Stopping threads took: 0.0000194 seconds
57.732: [GC (Allocation Failure)  89253K->645K(430592K), 0.0006934 secs]
57.733: Total time for which application threads were stopped: 0.0008278 seconds, Stopping threads took: 0.0000213 seconds
57.787: [GC (Allocation Failure)  87685K->677K(429056K), 0.0005466 secs]
57.788: Total time for which application threads were stopped: 0.0006977 seconds, Stopping threads took: 0.0000296 seconds
57.847: [GC (Allocation Failure)  86181K->645K(427520K), 0.0006066 secs]
57.848: Total time for which application threads were stopped: 0.0007341 seconds, Stopping threads took: 0.0000269 seconds
57.903: [GC (Allocation Failure)  84613K->613K(425984K), 0.0006875 secs]
57.904: Total time for which application threads were stopped: 0.0008296 seconds, Stopping threads took: 0.0000285 seconds
57.955: [GC (Allocation Failure)  83045K->613K(424448K), 0.0004548 secs]
57.956: Total time for which application threads were stopped: 0.0005722 seconds, Stopping threads took: 0.0000192 seconds
58.013: [GC (Allocation Failure)  81509K->709K(422912K), 0.0005180 secs]
58.014: Total time for which application threads were stopped: 0.0006549 seconds, Stopping threads took: 0.0000219 seconds
58.065: [GC (Allocation Failure)  80069K->741K(421888K), 0.0005762 secs]
58.065: Total time for which application threads were stopped: 0.0007201 seconds, Stopping threads took: 0.0000212 seconds
58.118: [GC (Allocation Failure)  79077K->709K(420864K), 0.0004898 secs]
58.118: Total time for which application threads were stopped: 0.0006210 seconds, Stopping threads took: 0.0000212 seconds
58.167: [GC (Allocation Failure)  78021K->677K(419840K), 0.0004830 secs]
58.167: Total time for which application threads were stopped: 0.0006099 seconds, Stopping threads took: 0.0000280 seconds
58.215: [GC (Allocation Failure)  76965K->677K(418816K), 0.0004776 secs]
58.216: Total time for which application threads were stopped: 0.0007704 seconds, Stopping threads took: 0.0000201 seconds
58.263: [GC (Allocation Failure)  75941K->613K(417792K), 0.0005933 secs]
58.264: Total time for which application threads were stopped: 0.0007259 seconds, Stopping threads took: 0.0000197 seconds
58.310: [GC (Allocation Failure)  74853K->709K(416768K), 0.0005327 secs]
58.311: Total time for which application threads were stopped: 0.0006750 seconds, Stopping threads took: 0.0000271 seconds
58.357: [GC (Allocation Failure)  73925K->645K(415744K), 0.0005804 secs]
58.357: Total time for which application threads were stopped: 0.0007392 seconds, Stopping threads took: 0.0000297 seconds
58.409: [GC (Allocation Failure)  72837K->677K(414720K), 0.0005202 secs]
58.409: Total time for which application threads were stopped: 0.0006591 seconds, Stopping threads took: 0.0000216 seconds
58.455: [GC (Allocation Failure)  71845K->613K(413696K), 0.0004024 secs]
58.456: Total time for which application threads were stopped: 0.0005041 seconds, Stopping threads took: 0.0000159 seconds
58.503: [GC (Allocation Failure)  70757K->645K(412672K), 0.0005018 secs]
58.503: Total time for which application threads were stopped: 0.0006436 seconds, Stopping threads took: 0.0000275 seconds
58.553: [GC (Allocation Failure)  69765K->645K(411648K), 0.0004712 secs]
58.553: Total time for which application threads were stopped: 0.0006099 seconds, Stopping threads took: 0.0000310 seconds
58.600: [GC (Allocation Failure)  68741K->677K(410624K), 0.0004797 secs]
58.600: Total time for which application threads were stopped: 0.0006034 seconds, Stopping threads took: 0.0000274 seconds
58.648: [GC (Allocation Failure)  67749K->677K(409600K), 0.0005670 secs]
58.649: Total time for which application threads were stopped: 0.0006930 seconds, Stopping threads took: 0.0000196 seconds
58.696: [GC (Allocation Failure)  66725K->709K(408576K), 0.0004414 secs]
58.696: Total time for which application threads were stopped: 0.0005582 seconds, Stopping threads took: 0.0000198 seconds
58.737: [GC (Allocation Failure)  65733K->677K(407552K), 0.0005365 secs]
58.738: Total time for which application threads were stopped: 0.0006807 seconds, Stopping threads took: 0.0000298 seconds
58.778: [GC (Allocation Failure)  64677K->645K(406528K), 0.0004948 secs]
58.778: Total time for which application threads were stopped: 0.0006137 seconds, Stopping threads took: 0.0000194 seconds
58.818: [GC (Allocation Failure)  63621K->645K(405504K), 0.0005068 secs]
58.818: Total time for which application threads were stopped: 0.0006480 seconds, Stopping threads took: 0.0000280 seconds
58.864: [GC (Allocation Failure)  62597K->677K(404992K), 0.0004446 secs]
58.864: Total time for which application threads were stopped: 0.0005672 seconds, Stopping threads took: 0.0000202 seconds
58.909: [GC (Allocation Failure)  62117K->645K(404480K), 0.0004983 secs]
58.909: Total time for which application threads were stopped: 0.0006307 seconds, Stopping threads took: 0.0000281 seconds
58.955: [GC (Allocation Failure)  61573K->677K(416768K), 0.0006599 secs]
58.955: Total time for which application threads were stopped: 0.0007949 seconds, Stopping threads took: 0.0000214 seconds
59.001: [GC (Allocation Failure)  73893K->741K(415744K), 0.0005099 secs]
59.002: Total time for which application threads were stopped: 0.0006435 seconds, Stopping threads took: 0.0000218 seconds
59.047: [GC (Allocation Failure)  72933K->677K(430592K), 0.0006201 secs]
59.048: Total time for which application threads were stopped: 0.0007500 seconds, Stopping threads took: 0.0000274 seconds
59.102: [GC (Allocation Failure)  87717K->645K(429056K), 0.0005250 secs]
59.103: Total time for which application threads were stopped: 0.0006564 seconds, Stopping threads took: 0.0000186 seconds
59.157: [GC (Allocation Failure)  86149K->709K(427520K), 0.0004786 secs]
59.157: Total time for which application threads were stopped: 0.0006071 seconds, Stopping threads took: 0.0000271 seconds
59.215: [GC (Allocation Failure)  84677K->677K(425984K), 0.0005462 secs]
59.216: Total time for which application threads were stopped: 0.0008091 seconds, Stopping threads took: 0.0000277 seconds
59.267: [GC (Allocation Failure)  83109K->613K(424448K), 0.0006508 secs]
59.268: Total time for which application threads were stopped: 0.0007823 seconds, Stopping threads took: 0.0000273 seconds
59.318: [GC (Allocation Failure)  81509K->645K(422912K), 0.0004746 secs]
59.319: Total time for which application threads were stopped: 0.0006015 seconds, Stopping threads took: 0.0000274 seconds
59.375: [GC (Allocation Failure)  80005K->645K(421888K), 0.0004883 secs]
59.375: Total time for which application threads were stopped: 0.0006081 seconds, Stopping threads took: 0.0000187 seconds
59.431: [GC (Allocation Failure)  78981K->645K(437760K), 0.0044054 secs]
59.435: Total time for which application threads were stopped: 0.0045394 seconds, Stopping threads took: 0.0000247 seconds
59.495: [GC (Allocation Failure)  94853K->613K(456704K), 0.0005709 secs]
59.495: Total time for which application threads were stopped: 0.0006986 seconds, Stopping threads took: 0.0000278 seconds
59.567: [GC (Allocation Failure)  113765K->645K(479744K), 0.0004567 secs]
59.568: Total time for which application threads were stopped: 0.0005892 seconds, Stopping threads took: 0.0000267 seconds
59.656: [GC (Allocation Failure)  136837K->645K(507392K), 0.0004991 secs]
59.657: Total time for which application threads were stopped: 0.0006411 seconds, Stopping threads took: 0.0000260 seconds
59.764: [GC (Allocation Failure)  164485K->645K(530432K), 0.0005080 secs]
59.765: Total time for which application threads were stopped: 0.0006247 seconds, Stopping threads took: 0.0000199 seconds
59.882: [GC (Allocation Failure)  187525K->613K(525312K), 0.0006288 secs]
59.882: Total time for which application threads were stopped: 0.0007607 seconds, Stopping threads took: 0.0000197 seconds
59.995: [GC (Allocation Failure)  182373K->709K(520192K), 0.0005025 secs]
59.996: Total time for which application threads were stopped: 0.0006453 seconds, Stopping threads took: 0.0000218 seconds
60.106: [GC (Allocation Failure)  177349K->613K(515584K), 0.0004843 secs]
60.106: Total time for which application threads were stopped: 0.0006202 seconds, Stopping threads took: 0.0000198 seconds
60.214: [GC (Allocation Failure)  172645K->677K(510976K), 0.0006133 secs]
60.214: Total time for which application threads were stopped: 0.0007356 seconds, Stopping threads took: 0.0000198 seconds
60.318: [GC (Allocation Failure)  168101K->677K(506368K), 0.0007024 secs]
60.319: Total time for which application threads were stopped: 0.0008429 seconds, Stopping threads took: 0.0000299 seconds
60.420: [GC (Allocation Failure)  163493K->677K(502272K), 0.0005385 secs]
60.421: Total time for which application threads were stopped: 0.0006921 seconds, Stopping threads took: 0.0000298 seconds
60.526: [GC (Allocation Failure)  159397K->677K(498176K), 0.0004143 secs]
60.526: Total time for which application threads were stopped: 0.0005335 seconds, Stopping threads took: 0.0000264 seconds
60.624: [GC (Allocation Failure)  155301K->613K(494080K), 0.0004656 secs]
60.624: Total time for which application threads were stopped: 0.0005948 seconds, Stopping threads took: 0.0000286 seconds
60.718: [GC (Allocation Failure)  151141K->709K(490496K), 0.0008483 secs]
60.719: Total time for which application threads were stopped: 0.0009687 seconds, Stopping threads took: 0.0000204 seconds
60.811: [GC (Allocation Failure)  147653K->709K(486912K), 0.0004725 secs]
60.812: Total time for which application threads were stopped: 0.0005945 seconds, Stopping threads took: 0.0000199 seconds
60.901: [GC (Allocation Failure)  144069K->677K(483328K), 0.0005217 secs]
60.902: Total time for which application threads were stopped: 0.0006655 seconds, Stopping threads took: 0.0000212 seconds
60.994: [GC (Allocation Failure)  140453K->677K(479744K), 0.0005561 secs]
60.995: Total time for which application threads were stopped: 0.0006882 seconds, Stopping threads took: 0.0000201 seconds
61.088: [GC (Allocation Failure)  136869K->645K(476672K), 0.0004216 secs]
61.088: Total time for which application threads were stopped: 0.0005548 seconds, Stopping threads took: 0.0000272 seconds
61.177: [GC (Allocation Failure)  133765K->677K(473600K), 0.0005615 secs]
61.178: Total time for which application threads were stopped: 0.0006931 seconds, Stopping threads took: 0.0000207 seconds
61.259: [GC (Allocation Failure)  130725K->613K(470528K), 0.0006000 secs]
61.260: Total time for which application threads were stopped: 0.0007336 seconds, Stopping threads took: 0.0000194 seconds
61.345: [GC (Allocation Failure)  127589K->709K(467456K), 0.0004910 secs]
61.345: Total time for which application threads were stopped: 0.0006240 seconds, Stopping threads took: 0.0000271 seconds
61.422: [GC (Allocation Failure)  124613K->677K(464896K), 0.0004741 secs]
61.423: Total time for which application threads were stopped: 0.0006062 seconds, Stopping threads took: 0.0000196 seconds
61.499: [GC (Allocation Failure)  122021K->645K(462336K), 0.0005321 secs]
61.500: Total time for which application threads were stopped: 0.0006566 seconds, Stopping threads took: 0.0000273 seconds
61.580: [GC (Allocation Failure)  119429K->677K(459776K), 0.0006644 secs]
61.581: Total time for which application threads were stopped: 0.0007847 seconds, Stopping threads took: 0.0000199 seconds
61.654: [GC (Allocation Failure)  116901K->645K(457216K), 0.0005949 secs]
61.654: Total time for which application threads were stopped: 0.0007208 seconds, Stopping threads took: 0.0000272 seconds
61.725: [GC (Allocation Failure)  114309K->645K(454656K), 0.0004741 secs]
61.726: Total time for which application threads were stopped: 0.0005911 seconds, Stopping threads took: 0.0000193 seconds
61.801: [GC (Allocation Failure)  111749K->677K(452096K), 0.0006647 secs]
61.802: Total time for which application threads were stopped: 0.0007929 seconds, Stopping threads took: 0.0000276 seconds
61.870: [GC (Allocation Failure)  109221K->645K(450048K), 0.0006184 secs]
61.870: Total time for which application threads were stopped: 0.0007440 seconds, Stopping threads took: 0.0000274 seconds
61.937: [GC (Allocation Failure)  107141K->677K(448000K), 0.0005515 secs]
61.938: Total time for which application threads were stopped: 0.0006803 seconds, Stopping threads took: 0.0000283 seconds
62.003: [GC (Allocation Failure)  105125K->645K(445952K), 0.0004783 secs]
62.003: Total time for which application threads were stopped: 0.0006089 seconds, Stopping threads took: 0.0000279 seconds
62.067: [GC (Allocation Failure)  103045K->645K(443904K), 0.0005186 secs]
62.068: Total time for which application threads were stopped: 0.0006619 seconds, Stopping threads took: 0.0000290 seconds
62.131: [GC (Allocation Failure)  100997K->677K(441856K), 0.0005978 secs]
62.132: Total time for which application threads were stopped: 0.0007490 seconds, Stopping threads took: 0.0000296 seconds
62.193: [GC (Allocation Failure)  98981K->677K(439808K), 0.0005252 secs]
62.194: Total time for which application threads were stopped: 0.0006433 seconds, Stopping threads took: 0.0000221 seconds
62.260: [GC (Allocation Failure)  96933K->645K(437760K), 0.0004843 secs]
62.260: Total time for which application threads were stopped: 0.0006046 seconds, Stopping threads took: 0.0000167 seconds
62.319: [GC (Allocation Failure)  94853K->677K(436224K), 0.0004897 secs]
62.320: Total time for which application threads were stopped: 0.0006618 seconds, Stopping threads took: 0.0000220 seconds
62.378: [GC (Allocation Failure)  93349K->677K(434688K), 0.0004905 secs]
62.378: Total time for which application threads were stopped: 0.0006498 seconds, Stopping threads took: 0.0000225 seconds
62.435: [GC (Allocation Failure)  91813K->645K(433152K), 0.0005064 secs]
62.436: Total time for which application threads were stopped: 0.0006241 seconds, Stopping threads took: 0.0000168 seconds
62.494: [GC (Allocation Failure)  90245K->645K(431616K), 0.0006139 secs]
62.495: Total time for which application threads were stopped: 0.0007116 seconds, Stopping threads took: 0.0000170 seconds
62.551: [GC (Allocation Failure)  88709K->677K(430080K), 0.0004161 secs]
62.552: Total time for which application threads were stopped: 0.0005366 seconds, Stopping threads took: 0.0000257 seconds
62.607: [GC (Allocation Failure)  87205K->645K(428544K), 0.0006107 secs]
62.607: Total time for which application threads were stopped: 0.0007303 seconds, Stopping threads took: 0.0000197 seconds
62.660: [GC (Allocation Failure)  85637K->645K(427008K), 0.0005072 secs]
62.661: Total time for which application threads were stopped: 0.0006329 seconds, Stopping threads took: 0.0000270 seconds
62.713: [GC (Allocation Failure)  84101K->709K(425472K), 0.0004988 secs]
62.714: Total time for which application threads were stopped: 0.0006449 seconds, Stopping threads took: 0.0000291 seconds
62.765: [GC (Allocation Failure)  82629K->709K(423936K), 0.0005589 secs]
62.766: Total time for which application threads were stopped: 0.0006872 seconds, Stopping threads took: 0.0000207 seconds
62.823: [GC (Allocation Failure)  81093K->677K(422400K), 0.0004390 secs]
62.823: Total time for which application threads were stopped: 0.0005661 seconds, Stopping threads took: 0.0000215 seconds
62.873: [GC (Allocation Failure)  79525K->645K(421376K), 0.0004838 secs]
62.873: Total time for which application threads were stopped: 0.0006205 seconds, Stopping threads took: 0.0000279 seconds
62.928: [GC (Allocation Failure)  78469K->645K(420352K), 0.0005124 secs]
62.929: Total time for which application threads were stopped: 0.0006325 seconds, Stopping threads took: 0.0000197 seconds
62.982: [GC (Allocation Failure)  77445K->677K(419328K), 0.0006794 secs]
62.983: Total time for which application threads were stopped: 0.0008089 seconds, Stopping threads took: 0.0000197 seconds
63.031: [GC (Allocation Failure)  76453K->677K(418304K), 0.0004703 secs]
63.031: Total time for which application threads were stopped: 0.0005881 seconds, Stopping threads took: 0.0000257 seconds
63.078: [GC (Allocation Failure)  75429K->613K(417280K), 0.0006692 secs]
63.079: Total time for which application threads were stopped: 0.0008034 seconds, Stopping threads took: 0.0000207 seconds
63.125: [GC (Allocation Failure)  74341K->741K(416256K), 0.0005274 secs]
63.126: Total time for which application threads were stopped: 0.0006772 seconds, Stopping threads took: 0.0000221 seconds
63.178: [GC (Allocation Failure)  73445K->677K(415232K), 0.0005286 secs]
63.178: Total time for which application threads were stopped: 0.0006562 seconds, Stopping threads took: 0.0000213 seconds
63.229: [GC (Allocation Failure)  72357K->709K(414208K), 0.0004356 secs]
63.229: Total time for which application threads were stopped: 0.0005577 seconds, Stopping threads took: 0.0000174 seconds
63.278: [GC (Allocation Failure)  71365K->709K(413184K), 0.0005333 secs]
63.279: Total time for which application threads were stopped: 0.0006690 seconds, Stopping threads took: 0.0000215 seconds
63.323: [GC (Allocation Failure)  70341K->677K(412160K), 0.0005129 secs]
63.324: Total time for which application threads were stopped: 0.0006442 seconds, Stopping threads took: 0.0000220 seconds
63.370: [GC (Allocation Failure)  69285K->709K(411136K), 0.0005329 secs]
63.370: Total time for which application threads were stopped: 0.0006803 seconds, Stopping threads took: 0.0000219 seconds
63.420: [GC (Allocation Failure)  68293K->613K(410112K), 0.0006956 secs]
63.421: Total time for which application threads were stopped: 0.0008344 seconds, Stopping threads took: 0.0000300 seconds
63.464: [GC (Allocation Failure)  67173K->613K(409088K), 0.0004783 secs]
63.464: Total time for which application threads were stopped: 0.0006052 seconds, Stopping threads took: 0.0000275 seconds
63.509: [GC (Allocation Failure)  66149K->613K(408064K), 0.0005262 secs]
63.510: Total time for which application threads were stopped: 0.0006505 seconds, Stopping threads took: 0.0000271 seconds
63.556: [GC (Allocation Failure)  65125K->709K(407040K), 0.0004577 secs]
63.557: Total time for which application threads were stopped: 0.0005875 seconds, Stopping threads took: 0.0000284 seconds
63.596: [GC (Allocation Failure)  64197K->677K(406016K), 0.0004190 secs]
63.597: Total time for which application threads were stopped: 0.0005470 seconds, Stopping threads took: 0.0000281 seconds
63.641: [GC (Allocation Failure)  63141K->741K(405504K), 0.0004946 secs]
63.642: Total time for which application threads were stopped: 0.0006157 seconds, Stopping threads took: 0.0000195 seconds
63.686: [GC (Allocation Failure)  62693K->741K(404992K), 0.0004684 secs]
63.686: Total time for which application threads were stopped: 0.0005866 seconds, Stopping threads took: 0.0000193 seconds
63.725: [GC (Allocation Failure)  62181K->677K(404480K), 0.0005450 secs]
63.725: Total time for which application threads were stopped: 0.0006670 seconds, Stopping threads took: 0.0000193 seconds
63.764: [GC (Allocation Failure)  61605K->677K(403968K), 0.0004659 secs]
63.764: Total time for which application threads were stopped: 0.0005877 seconds, Stopping threads took: 0.0000199 seconds
63.802: [GC (Allocation Failure)  61093K->645K(416256K), 0.0005792 secs]
63.803: Total time for which application threads were stopped: 0.0007033 seconds, Stopping threads took: 0.0000274 seconds
63.848: [GC (Allocation Failure)  73349K->677K(431104K), 0.0006469 secs]
63.849: Total time for which application threads were stopped: 0.0007763 seconds, Stopping threads took: 0.0000201 seconds
63.904: [GC (Allocation Failure)  88229K->645K(449024K), 0.0004798 secs]
63.904: Total time for which application threads were stopped: 0.0005968 seconds, Stopping threads took: 0.0000191 seconds
63.976: [GC (Allocation Failure)  106117K->645K(446976K), 0.0004665 secs]
63.976: Total time for which application threads were stopped: 0.0005840 seconds, Stopping threads took: 0.0000194 seconds
64.047: [GC (Allocation Failure)  104069K->645K(444928K), 0.0004037 secs]
64.047: Total time for which application threads were stopped: 0.0005290 seconds, Stopping threads took: 0.0000261 seconds
64.113: [GC (Allocation Failure)  102021K->645K(442880K), 0.0003880 secs]
64.114: Total time for which application threads were stopped: 0.0004929 seconds, Stopping threads took: 0.0000168 seconds
64.176: [GC (Allocation Failure)  99973K->645K(440832K), 0.0007521 secs]
64.177: Total time for which application threads were stopped: 0.0008974 seconds, Stopping threads took: 0.0000280 seconds
64.238: [GC (Allocation Failure)  97925K->677K(438784K), 0.0004916 secs]
64.238: Total time for which application threads were stopped: 0.0006066 seconds, Stopping threads took: 0.0000207 seconds
64.304: [GC (Allocation Failure)  95909K->613K(437248K), 0.0005597 secs]
64.304: Total time for which application threads were stopped: 0.0006757 seconds, Stopping threads took: 0.0000165 seconds
64.363: [GC (Allocation Failure)  94309K->645K(435712K), 0.0005814 secs]
64.364: Total time for which application threads were stopped: 0.0007259 seconds, Stopping threads took: 0.0000214 seconds
64.423: [GC (Allocation Failure)  92805K->645K(434176K), 0.0005165 secs]
64.423: Total time for which application threads were stopped: 0.0006537 seconds, Stopping threads took: 0.0000224 seconds
64.487: [GC (Allocation Failure)  91269K->677K(432640K), 0.0004826 secs]
64.488: Total time for which application threads were stopped: 0.0006126 seconds, Stopping threads took: 0.0000295 seconds
64.543: [GC (Allocation Failure)  89765K->677K(431104K), 0.0006482 secs]
64.544: Total time for which application threads were stopped: 0.0007765 seconds, Stopping threads took: 0.0000274 seconds
64.599: [GC (Allocation Failure)  88229K->645K(429568K), 0.0004912 secs]
64.599: Total time for which application threads were stopped: 0.0006417 seconds, Stopping threads took: 0.0000276 seconds
64.659: [GC (Allocation Failure)  86661K->677K(428032K), 0.0005071 secs]
64.660: Total time for which application threads were stopped: 0.0006489 seconds, Stopping threads took: 0.0000216 seconds
64.719: [GC (Allocation Failure)  85157K->645K(426496K), 0.0004748 secs]
64.720: Total time for which application threads were stopped: 0.0006040 seconds, Stopping threads took: 0.0000274 seconds
64.778: [GC (Allocation Failure)  83589K->677K(424960K), 0.0005452 secs]
64.778: Total time for which application threads were stopped: 0.0006660 seconds, Stopping threads took: 0.0000198 seconds
64.829: [GC (Allocation Failure)  82085K->613K(423424K), 0.0007175 secs]
64.830: Total time for which application threads were stopped: 0.0008554 seconds, Stopping threads took: 0.0000215 seconds
64.880: [GC (Allocation Failure)  80485K->709K(422400K), 0.0004745 secs]
64.881: Total time for which application threads were stopped: 0.0005942 seconds, Stopping threads took: 0.0000197 seconds
64.931: [GC (Allocation Failure)  79557K->645K(421376K), 0.0006042 secs]
64.931: Total time for which application threads were stopped: 0.0007304 seconds, Stopping threads took: 0.0000209 seconds
64.980: [GC (Allocation Failure)  78469K->709K(420352K), 0.0005344 secs]
64.981: Total time for which application threads were stopped: 0.0006721 seconds, Stopping threads took: 0.0000225 seconds
65.035: [GC (Allocation Failure)  77509K->645K(419328K), 0.0004820 secs]
65.035: Total time for which application threads were stopped: 0.0006125 seconds, Stopping threads took: 0.0000267 seconds
65.086: [GC (Allocation Failure)  76421K->709K(418304K), 0.0005101 secs]
65.087: Total time for which application threads were stopped: 0.0006762 seconds, Stopping threads took: 0.0000234 seconds
65.140: [GC (Allocation Failure)  75461K->677K(417280K), 0.0005339 secs]
65.141: Total time for which application threads were stopped: 0.0006778 seconds, Stopping threads took: 0.0000233 seconds
65.187: [GC (Allocation Failure)  74405K->613K(416256K), 0.0005672 secs]
65.187: Total time for which application threads were stopped: 0.0007143 seconds, Stopping threads took: 0.0000289 seconds
65.239: [GC (Allocation Failure)  73317K->677K(415232K), 0.0004592 secs]
65.240: Total time for which application threads were stopped: 0.0005853 seconds, Stopping threads took: 0.0000215 seconds
65.285: [GC (Allocation Failure)  72357K->741K(414208K), 0.0006235 secs]
65.285: Total time for which application threads were stopped: 0.0007487 seconds, Stopping threads took: 0.0000207 seconds
65.330: [GC (Allocation Failure)  71397K->645K(413184K), 0.0005158 secs]
65.330: Total time for which application threads were stopped: 0.0006631 seconds, Stopping threads took: 0.0000203 seconds
65.380: [GC (Allocation Failure)  70277K->645K(412160K), 0.0005326 secs]
65.381: Total time for which application threads were stopped: 0.0006653 seconds, Stopping threads took: 0.0000208 seconds
65.424: [GC (Allocation Failure)  69253K->677K(411136K), 0.0004614 secs]
65.424: Total time for which application threads were stopped: 0.0005838 seconds, Stopping threads took: 0.0000207 seconds
65.467: [GC (Allocation Failure)  68261K->645K(410112K), 0.0004688 secs]
65.468: Total time for which application threads were stopped: 0.0005955 seconds, Stopping threads took: 0.0000261 seconds
65.515: [GC (Allocation Failure)  67205K->677K(409088K), 0.0005147 secs]
65.515: Total time for which application threads were stopped: 0.0006344 seconds, Stopping threads took: 0.0000199 seconds
65.558: [GC (Allocation Failure)  66213K->709K(408064K), 0.0004367 secs]
65.558: Total time for which application threads were stopped: 0.0005668 seconds, Stopping threads took: 0.0000270 seconds
65.599: [GC (Allocation Failure)  65221K->677K(421376K), 0.0007810 secs]
65.599: Total time for which application threads were stopped: 0.0009072 seconds, Stopping threads took: 0.0000207 seconds
65.654: [GC (Allocation Failure)  78501K->613K(437248K), 0.0006345 secs]
65.655: Total time for which application threads were stopped: 0.0007541 seconds, Stopping threads took: 0.0000194 seconds
65.713: [GC (Allocation Failure)  94309K->677K(435712K), 0.0004573 secs]
65.714: Total time for which application threads were stopped: 0.0005906 seconds, Stopping threads took: 0.0000273 seconds
65.771: [GC (Allocation Failure)  92837K->677K(434176K), 0.0004985 secs]
65.772: Total time for which application threads were stopped: 0.0006153 seconds, Stopping threads took: 0.0000191 seconds
65.828: [GC (Allocation Failure)  91301K->645K(432640K), 0.0005544 secs]
65.829: Total time for which application threads were stopped: 0.0006706 seconds, Stopping threads took: 0.0000187 seconds
65.890: [GC (Allocation Failure)  89733K->645K(431104K), 0.0005029 secs]
65.890: Total time for which application threads were stopped: 0.0006213 seconds, Stopping threads took: 0.0000191 seconds
65.949: [GC (Allocation Failure)  88197K->677K(429568K), 0.0004347 secs]
65.949: Total time for which application threads were stopped: 0.0005606 seconds, Stopping threads took: 0.0000220 seconds
66.008: [GC (Allocation Failure)  86693K->645K(428032K), 0.0003992 secs]
66.009: Total time for which application threads were stopped: 0.0005040 seconds, Stopping threads took: 0.0000165 seconds
66.068: [GC (Allocation Failure)  85125K->645K(426496K), 0.0004557 secs]
66.068: Total time for which application threads were stopped: 0.0005787 seconds, Stopping threads took: 0.0000293 seconds
66.125: [GC (Allocation Failure)  83589K->613K(424960K), 0.0005596 secs]
66.126: Total time for which application threads were stopped: 0.0006993 seconds, Stopping threads took: 0.0000281 seconds
66.177: [GC (Allocation Failure)  82021K->645K(423424K), 0.0004794 secs]
66.177: Total time for which application threads were stopped: 0.0006156 seconds, Stopping threads took: 0.0000287 seconds
66.227: [GC (Allocation Failure)  80517K->677K(422400K), 0.0006015 secs]
66.228: Total time for which application threads were stopped: 0.0007194 seconds, Stopping threads took: 0.0000193 seconds
66.283: [GC (Allocation Failure)  79525K->613K(421376K), 0.0006146 secs]
66.283: Total time for which application threads were stopped: 0.0007586 seconds, Stopping threads took: 0.0000275 seconds
66.336: [GC (Allocation Failure)  78437K->709K(420352K), 0.0005126 secs]
66.336: Total time for which application threads were stopped: 0.0006472 seconds, Stopping threads took: 0.0000220 seconds
66.385: [GC (Allocation Failure)  77509K->645K(419328K), 0.0005264 secs]
66.385: Total time for which application threads were stopped: 0.0006676 seconds, Stopping threads took: 0.0000289 seconds
66.433: [GC (Allocation Failure)  76421K->645K(418304K), 0.0004770 secs]
66.434: Total time for which application threads were stopped: 0.0006183 seconds, Stopping threads took: 0.0000170 seconds
66.483: [GC (Allocation Failure)  75397K->677K(417280K), 0.0006297 secs]
66.484: Total time for which application threads were stopped: 0.0007540 seconds, Stopping threads took: 0.0000275 seconds
66.531: [GC (Allocation Failure)  74405K->645K(416256K), 0.0004076 secs]
66.531: Total time for which application threads were stopped: 0.0005353 seconds, Stopping threads took: 0.0000196 seconds
66.582: [GC (Allocation Failure)  73349K->645K(415232K), 0.0005370 secs]
66.582: Total time for which application threads were stopped: 0.0006638 seconds, Stopping threads took: 0.0000253 seconds
66.631: [GC (Allocation Failure)  72325K->677K(414208K), 0.0005239 secs]
66.632: Total time for which application threads were stopped: 0.0006469 seconds, Stopping threads took: 0.0000206 seconds
66.676: [GC (Allocation Failure)  71333K->677K(413184K), 0.0004973 secs]
66.676: Total time for which application threads were stopped: 0.0006268 seconds, Stopping threads took: 0.0000210 seconds
66.720: [GC (Allocation Failure)  70309K->645K(412160K), 0.0005238 secs]
66.721: Total time for which application threads were stopped: 0.0006703 seconds, Stopping threads took: 0.0000290 seconds
66.769: [GC (Allocation Failure)  69253K->677K(411136K), 0.0005737 secs]
66.770: Total time for which application threads were stopped: 0.0007161 seconds, Stopping threads took: 0.0000288 seconds
66.812: [GC (Allocation Failure)  68261K->677K(410112K), 0.0005223 secs]
66.813: Total time for which application threads were stopped: 0.0006692 seconds, Stopping threads took: 0.0000237 seconds
66.855: [GC (Allocation Failure)  67237K->677K(409088K), 0.0005294 secs]
66.855: Total time for which application threads were stopped: 0.0006736 seconds, Stopping threads took: 0.0000223 seconds
66.896: [GC (Allocation Failure)  66213K->645K(408064K), 0.0004648 secs]
66.897: Total time for which application threads were stopped: 0.0005888 seconds, Stopping threads took: 0.0000201 seconds
66.943: [GC (Allocation Failure)  65157K->709K(407040K), 0.0005104 secs]
66.943: Total time for which application threads were stopped: 0.0006461 seconds, Stopping threads took: 0.0000222 seconds
66.983: [GC (Allocation Failure)  64197K->677K(406016K), 0.0004757 secs]
66.984: Total time for which application threads were stopped: 0.0006098 seconds, Stopping threads took: 0.0000293 seconds
67.023: [GC (Allocation Failure)  63141K->613K(418816K), 0.0006055 secs]
67.024: Total time for which application threads were stopped: 0.0007372 seconds, Stopping threads took: 0.0000295 seconds
67.072: [GC (Allocation Failure)  75877K->645K(417792K), 0.0004692 secs]
67.072: Total time for which application threads were stopped: 0.0006008 seconds, Stopping threads took: 0.0000214 seconds
67.120: [GC (Allocation Failure)  74885K->677K(416768K), 0.0005066 secs]
67.120: Total time for which application threads were stopped: 0.0006411 seconds, Stopping threads took: 0.0000291 seconds
67.166: [GC (Allocation Failure)  73893K->613K(415744K), 0.0004982 secs]
67.167: Total time for which application threads were stopped: 0.0006325 seconds, Stopping threads took: 0.0000196 seconds
67.215: [GC (Allocation Failure)  72805K->709K(430592K), 0.0006671 secs]
67.216: Total time for which application threads were stopped: 0.0007936 seconds, Stopping threads took: 0.0000178 seconds
67.271: [GC (Allocation Failure)  87749K->613K(429056K), 0.0005937 secs]
67.271: Total time for which application threads were stopped: 0.0007258 seconds, Stopping threads took: 0.0000209 seconds
67.331: [GC (Allocation Failure)  86117K->677K(427520K), 0.0006236 secs]
67.331: Total time for which application threads were stopped: 0.0007679 seconds, Stopping threads took: 0.0000229 seconds
67.384: [GC (Allocation Failure)  84645K->645K(425984K), 0.0004917 secs]
67.384: Total time for which application threads were stopped: 0.0006268 seconds, Stopping threads took: 0.0000285 seconds
67.440: [GC (Allocation Failure)  83077K->677K(424448K), 0.0004308 secs]
67.440: Total time for which application threads were stopped: 0.0005591 seconds, Stopping threads took: 0.0000283 seconds
67.492: [GC (Allocation Failure)  81573K->677K(422912K), 0.0005095 secs]
67.492: Total time for which application threads were stopped: 0.0006369 seconds, Stopping threads took: 0.0000194 seconds
67.543: [GC (Allocation Failure)  80037K->645K(421888K), 0.0004429 secs]
67.543: Total time for which application threads were stopped: 0.0005658 seconds, Stopping threads took: 0.0000270 seconds
67.593: [GC (Allocation Failure)  78981K->709K(420864K), 0.0005310 secs]
67.594: Total time for which application threads were stopped: 0.0006688 seconds, Stopping threads took: 0.0000219 seconds
67.642: [GC (Allocation Failure)  78021K->677K(419840K), 0.0005428 secs]
67.643: Total time for which application threads were stopped: 0.0007101 seconds, Stopping threads took: 0.0000221 seconds
67.695: [GC (Allocation Failure)  76965K->645K(418816K), 0.0005310 secs]
67.696: Total time for which application threads were stopped: 0.0006816 seconds, Stopping threads took: 0.0000228 seconds
67.743: [GC (Allocation Failure)  75909K->613K(417792K), 0.0005020 secs]
67.744: Total time for which application threads were stopped: 0.0006355 seconds, Stopping threads took: 0.0000229 seconds
67.790: [GC (Allocation Failure)  74853K->645K(416768K), 0.0005014 secs]
67.791: Total time for which application threads were stopped: 0.0006293 seconds, Stopping threads took: 0.0000196 seconds
67.841: [GC (Allocation Failure)  73861K->645K(415744K), 0.0007372 secs]
67.842: Total time for which application threads were stopped: 0.0008475 seconds, Stopping threads took: 0.0000185 seconds
67.890: [GC (Allocation Failure)  72837K->677K(414720K), 0.0005132 secs]
67.891: Total time for which application threads were stopped: 0.0006520 seconds, Stopping threads took: 0.0000217 seconds
67.935: [GC (Allocation Failure)  71845K->677K(413696K), 0.0004640 secs]
67.936: Total time for which application threads were stopped: 0.0005909 seconds, Stopping threads took: 0.0000231 seconds
67.983: [GC (Allocation Failure)  70821K->645K(412672K), 0.0005764 secs]
67.983: Total time for which application threads were stopped: 0.0006848 seconds, Stopping threads took: 0.0000169 seconds
68.027: [GC (Allocation Failure)  69765K->709K(411648K), 0.0005061 secs]
68.027: Total time for which application threads were stopped: 0.0006249 seconds, Stopping threads took: 0.0000203 seconds
68.071: [GC (Allocation Failure)  68805K->645K(410624K), 0.0003792 secs]
68.071: Total time for which application threads were stopped: 0.0004991 seconds, Stopping threads took: 0.0000254 seconds
68.114: [GC (Allocation Failure)  67717K->645K(409600K), 0.0004768 secs]
68.114: Total time for which application threads were stopped: 0.0006033 seconds, Stopping threads took: 0.0000271 seconds
68.159: [GC (Allocation Failure)  66693K->677K(408576K), 0.0006142 secs]
68.160: Total time for which application threads were stopped: 0.0007353 seconds, Stopping threads took: 0.0000196 seconds
68.201: [GC (Allocation Failure)  65701K->709K(407552K), 0.0004642 secs]
68.201: Total time for which application threads were stopped: 0.0005884 seconds, Stopping threads took: 0.0000275 seconds
68.247: [GC (Allocation Failure)  64709K->613K(420352K), 0.0006491 secs]
68.247: Total time for which application threads were stopped: 0.0007497 seconds, Stopping threads took: 0.0000174 seconds
68.296: [GC (Allocation Failure)  77413K->645K(419328K), 0.0004816 secs]
68.296: Total time for which application threads were stopped: 0.0006095 seconds, Stopping threads took: 0.0000193 seconds
68.349: [GC (Allocation Failure)  76421K->645K(418304K), 0.0005604 secs]
68.350: Total time for which application threads were stopped: 0.0007150 seconds, Stopping threads took: 0.0000295 seconds
68.404: [GC (Allocation Failure)  75397K->613K(417280K), 0.0005096 secs]
68.404: Total time for which application threads were stopped: 0.0006521 seconds, Stopping threads took: 0.0000305 seconds
68.451: [GC (Allocation Failure)  74341K->645K(416256K), 0.0006409 secs]
68.452: Total time for which application threads were stopped: 0.0007546 seconds, Stopping threads took: 0.0000239 seconds
68.502: [GC (Allocation Failure)  73349K->645K(415232K), 0.0005229 secs]
68.503: Total time for which application threads were stopped: 0.0006551 seconds, Stopping threads took: 0.0000170 seconds
68.549: [GC (Allocation Failure)  72325K->709K(414208K), 0.0004276 secs]
68.549: Total time for which application threads were stopped: 0.0005641 seconds, Stopping threads took: 0.0000289 seconds
68.597: [GC (Allocation Failure)  71365K->613K(428544K), 0.0006821 secs]
68.598: Total time for which application threads were stopped: 0.0007990 seconds, Stopping threads took: 0.0000200 seconds
68.657: [GC (Allocation Failure)  85605K->613K(427008K), 0.0004466 secs]
68.657: Total time for which application threads were stopped: 0.0005811 seconds, Stopping threads took: 0.0000284 seconds
68.709: [GC (Allocation Failure)  84069K->677K(425472K), 0.0005135 secs]
68.710: Total time for which application threads were stopped: 0.0006496 seconds, Stopping threads took: 0.0000265 seconds
68.761: [GC (Allocation Failure)  82597K->645K(423936K), 0.0005228 secs]
68.761: Total time for which application threads were stopped: 0.0006711 seconds, Stopping threads took: 0.0000292 seconds
68.814: [GC (Allocation Failure)  81029K->677K(422400K), 0.0005263 secs]
68.815: Total time for which application threads were stopped: 0.0006656 seconds, Stopping threads took: 0.0000220 seconds
68.864: [GC (Allocation Failure)  79525K->645K(421376K), 0.0005880 secs]
68.865: Total time for which application threads were stopped: 0.0007391 seconds, Stopping threads took: 0.0000225 seconds
68.919: [GC (Allocation Failure)  78469K->677K(420352K), 0.0004722 secs]
68.920: Total time for which application threads were stopped: 0.0006022 seconds, Stopping threads took: 0.0000216 seconds
68.972: [GC (Allocation Failure)  77477K->613K(419328K), 0.0006394 secs]
68.973: Total time for which application threads were stopped: 0.0007686 seconds, Stopping threads took: 0.0000206 seconds
69.020: [GC (Allocation Failure)  76389K->645K(418304K), 0.0005507 secs]
69.021: Total time for which application threads were stopped: 0.0006932 seconds, Stopping threads took: 0.0000210 seconds
69.072: [GC (Allocation Failure)  75397K->677K(417280K), 0.0004305 secs]
69.072: Total time for which application threads were stopped: 0.0005808 seconds, Stopping threads took: 0.0000275 seconds
69.124: [GC (Allocation Failure)  74405K->581K(416256K), 0.0006061 secs]
69.125: Total time for which application threads were stopped: 0.0007111 seconds, Stopping threads took: 0.0000170 seconds
69.177: [GC (Allocation Failure)  73285K->677K(415232K), 0.0004750 secs]
69.178: Total time for which application threads were stopped: 0.0006030 seconds, Stopping threads took: 0.0000271 seconds
69.223: [GC (Allocation Failure)  72357K->581K(414208K), 0.0005026 secs]
69.223: Total time for which application threads were stopped: 0.0006406 seconds, Stopping threads took: 0.0000210 seconds
69.268: [GC (Allocation Failure)  71237K->645K(413184K), 0.0006441 secs]
69.269: Total time for which application threads were stopped: 0.0007926 seconds, Stopping threads took: 0.0000288 seconds
69.318: [GC (Allocation Failure)  70277K->677K(412160K), 0.0004467 secs]
69.318: Total time for which application threads were stopped: 0.0005726 seconds, Stopping threads took: 0.0000221 seconds
69.361: [GC (Allocation Failure)  69285K->645K(411136K), 0.0005393 secs]
69.362: Total time for which application threads were stopped: 0.0006659 seconds, Stopping threads took: 0.0000200 seconds
69.404: [GC (Allocation Failure)  68229K->709K(424960K), 0.0006640 secs]
69.405: Total time for which application threads were stopped: 0.0008151 seconds, Stopping threads took: 0.0000287 seconds
69.462: [GC (Allocation Failure)  82117K->709K(423424K), 0.0004037 secs]
69.463: Total time for which application threads were stopped: 0.0005105 seconds, Stopping threads took: 0.0000175 seconds
69.513: [GC (Allocation Failure)  80581K->645K(422400K), 0.0004594 secs]
69.513: Total time for which application threads were stopped: 0.0005695 seconds, Stopping threads took: 0.0000176 seconds
69.564: [GC (Allocation Failure)  79493K->645K(421376K), 0.0004065 secs]
69.565: Total time for which application threads were stopped: 0.0005282 seconds, Stopping threads took: 0.0000269 seconds
69.614: [GC (Allocation Failure)  78469K->709K(420352K), 0.0004960 secs]
69.614: Total time for which application threads were stopped: 0.0006348 seconds, Stopping threads took: 0.0000209 seconds
69.663: [GC (Allocation Failure)  77509K->645K(419328K), 0.0004951 secs]
69.663: Total time for which application threads were stopped: 0.0006177 seconds, Stopping threads took: 0.0000200 seconds
69.717: [GC (Allocation Failure)  76421K->677K(418304K), 0.0005195 secs]
69.717: Total time for which application threads were stopped: 0.0006755 seconds, Stopping threads took: 0.0000299 seconds
69.769: [GC (Allocation Failure)  75429K->677K(417280K), 0.0005637 secs]
69.770: Total time for which application threads were stopped: 0.0007280 seconds, Stopping threads took: 0.0000312 seconds
69.816: [GC (Allocation Failure)  74405K->645K(416256K), 0.0005596 secs]
69.817: Total time for which application threads were stopped: 0.0007113 seconds, Stopping threads took: 0.0000226 seconds
69.862: [GC (Allocation Failure)  73349K->645K(415232K), 0.0005607 secs]
69.863: Total time for which application threads were stopped: 0.0007052 seconds, Stopping threads took: 0.0000233 seconds
69.915: [GC (Allocation Failure)  72325K->613K(414208K), 0.0006751 secs]
69.916: Total time for which application threads were stopped: 0.0008027 seconds, Stopping threads took: 0.0000192 seconds
69.963: [GC (Allocation Failure)  71269K->709K(413184K), 0.0005635 secs]
69.963: Total time for which application threads were stopped: 0.0006918 seconds, Stopping threads took: 0.0000283 seconds
70.010: [GC (Allocation Failure)  70341K->677K(412160K), 0.0005407 secs]
70.011: Total time for which application threads were stopped: 0.0006711 seconds, Stopping threads took: 0.0000211 seconds
70.054: [GC (Allocation Failure)  69285K->677K(411136K), 0.0004530 secs]
70.055: Total time for which application threads were stopped: 0.0005974 seconds, Stopping threads took: 0.0000265 seconds
70.097: [GC (Allocation Failure)  68261K->645K(410112K), 0.0004662 secs]
70.098: Total time for which application threads were stopped: 0.0005843 seconds, Stopping threads took: 0.0000197 seconds
70.146: [GC (Allocation Failure)  67205K->645K(409088K), 0.0005954 secs]
70.146: Total time for which application threads were stopped: 0.0007154 seconds, Stopping threads took: 0.0000167 seconds
70.187: [GC (Allocation Failure)  66181K->677K(422400K), 0.0005697 secs]
70.188: Total time for which application threads were stopped: 0.0006882 seconds, Stopping threads took: 0.0000200 seconds
70.241: [GC (Allocation Failure)  79525K->741K(421376K), 0.0004924 secs]
70.241: Total time for which application threads were stopped: 0.0006189 seconds, Stopping threads took: 0.0000207 seconds
70.290: [GC (Allocation Failure)  78565K->613K(420352K), 0.0005922 secs]
70.291: Total time for which application threads were stopped: 0.0007344 seconds, Stopping threads took: 0.0000206 seconds
70.339: [GC (Allocation Failure)  77413K->645K(419328K), 0.0004759 secs]
70.340: Total time for which application threads were stopped: 0.0006051 seconds, Stopping threads took: 0.0000225 seconds
70.394: [GC (Allocation Failure)  76421K->677K(418304K), 0.0005541 secs]
70.394: Total time for which application threads were stopped: 0.0006826 seconds, Stopping threads took: 0.0000202 seconds
70.442: [GC (Allocation Failure)  75429K->613K(417280K), 0.0004333 secs]
70.443: Total time for which application threads were stopped: 0.0005776 seconds, Stopping threads took: 0.0000268 seconds
70.490: [GC (Allocation Failure)  74341K->613K(416256K), 0.0004110 secs]
70.490: Total time for which application threads were stopped: 0.0005276 seconds, Stopping threads took: 0.0000194 seconds
70.542: [GC (Allocation Failure)  73317K->709K(415232K), 0.0004166 secs]
70.543: Total time for which application threads were stopped: 0.0005441 seconds, Stopping threads took: 0.0000277 seconds
70.592: [GC (Allocation Failure)  72389K->613K(414208K), 0.0005348 secs]
70.592: Total time for which application threads were stopped: 0.0006382 seconds, Stopping threads took: 0.0000174 seconds
70.640: [GC (Allocation Failure)  71269K->613K(413184K), 0.0005166 secs]
70.640: Total time for which application threads were stopped: 0.0006448 seconds, Stopping threads took: 0.0000290 seconds
70.690: [GC (Allocation Failure)  70245K->645K(412160K), 0.0004448 secs]
70.690: Total time for which application threads were stopped: 0.0005500 seconds, Stopping threads took: 0.0000176 seconds
70.737: [GC (Allocation Failure)  69253K->613K(411136K), 0.0005598 secs]
70.738: Total time for which application threads were stopped: 0.0006883 seconds, Stopping threads took: 0.0000279 seconds
70.785: [GC (Allocation Failure)  68197K->613K(410112K), 0.0004977 secs]
70.786: Total time for which application threads were stopped: 0.0006410 seconds, Stopping threads took: 0.0000278 seconds
70.833: [GC (Allocation Failure)  67173K->645K(409088K), 0.0005131 secs]
70.834: Total time for which application threads were stopped: 0.0006539 seconds, Stopping threads took: 0.0000290 seconds
70.875: [GC (Allocation Failure)  66181K->677K(408064K), 0.0004874 secs]
70.875: Total time for which application threads were stopped: 0.0006109 seconds, Stopping threads took: 0.0000210 seconds
70.916: [GC (Allocation Failure)  65189K->677K(407040K), 0.0004770 secs]
70.916: Total time for which application threads were stopped: 0.0005935 seconds, Stopping threads took: 0.0000190 seconds
70.956: [GC (Allocation Failure)  64165K->645K(406016K), 0.0005257 secs]
70.957: Total time for which application threads were stopped: 0.0006421 seconds, Stopping threads took: 0.0000191 seconds
70.996: [GC (Allocation Failure)  63109K->645K(405504K), 0.0004797 secs]
70.996: Total time for which application threads were stopped: 0.0006092 seconds, Stopping threads took: 0.0000195 seconds
71.040: [GC (Allocation Failure)  62597K->709K(404992K), 0.0004675 secs]
71.040: Total time for which application threads were stopped: 0.0006075 seconds, Stopping threads took: 0.0000301 seconds
71.081: [GC (Allocation Failure)  62149K->645K(404480K), 0.0004727 secs]
71.081: Total time for which application threads were stopped: 0.0006070 seconds, Stopping threads took: 0.0000255 seconds
71.120: [GC (Allocation Failure)  61573K->677K(416768K), 0.0006444 secs]
71.121: Total time for which application threads were stopped: 0.0007744 seconds, Stopping threads took: 0.0000226 seconds
71.167: [GC (Allocation Failure)  73893K->677K(431616K), 0.0005689 secs]
71.167: Total time for which application threads were stopped: 0.0007111 seconds, Stopping threads took: 0.0000226 seconds
71.223: [GC (Allocation Failure)  88741K->613K(430080K), 0.0005096 secs]
71.223: Total time for which application threads were stopped: 0.0006685 seconds, Stopping threads took: 0.0000247 seconds
71.278: [GC (Allocation Failure)  87141K->677K(428544K), 0.0005331 secs]
71.278: Total time for which application threads were stopped: 0.0006617 seconds, Stopping threads took: 0.0000272 seconds
71.332: [GC (Allocation Failure)  85669K->645K(427008K), 0.0005419 secs]
71.333: Total time for which application threads were stopped: 0.0006608 seconds, Stopping threads took: 0.0000196 seconds
71.390: [GC (Allocation Failure)  84101K->645K(425472K), 0.0006193 secs]
71.391: Total time for which application threads were stopped: 0.0007451 seconds, Stopping threads took: 0.0000218 seconds
71.447: [GC (Allocation Failure)  82565K->677K(423936K), 0.0004563 secs]
71.448: Total time for which application threads were stopped: 0.0006010 seconds, Stopping threads took: 0.0000248 seconds
71.501: [GC (Allocation Failure)  81061K->645K(422400K), 0.0004145 secs]
71.502: Total time for which application threads were stopped: 0.0005240 seconds, Stopping threads took: 0.0000170 seconds
71.552: [GC (Allocation Failure)  79493K->645K(421376K), 0.0004832 secs]
71.552: Total time for which application threads were stopped: 0.0006098 seconds, Stopping threads took: 0.0000201 seconds
71.601: [GC (Allocation Failure)  78469K->677K(420352K), 0.0004672 secs]
71.602: Total time for which application threads were stopped: 0.0006028 seconds, Stopping threads took: 0.0000221 seconds
71.650: [GC (Allocation Failure)  77477K->645K(419328K), 0.0005868 secs]
71.651: Total time for which application threads were stopped: 0.0007332 seconds, Stopping threads took: 0.0000304 seconds
71.699: [GC (Allocation Failure)  76421K->677K(418304K), 0.0005270 secs]
71.699: Total time for which application threads were stopped: 0.0006750 seconds, Stopping threads took: 0.0000304 seconds
71.746: [GC (Allocation Failure)  75429K->613K(417280K), 0.0006057 secs]
71.747: Total time for which application threads were stopped: 0.0007304 seconds, Stopping threads took: 0.0000218 seconds
71.799: [GC (Allocation Failure)  74341K->709K(416256K), 0.0004848 secs]
71.799: Total time for which application threads were stopped: 0.0006348 seconds, Stopping threads took: 0.0000272 seconds
71.845: [GC (Allocation Failure)  73413K->677K(415232K), 0.0004769 secs]
71.845: Total time for which application threads were stopped: 0.0005979 seconds, Stopping threads took: 0.0000199 seconds
71.895: [GC (Allocation Failure)  72357K->709K(414208K), 0.0004784 secs]
71.896: Total time for which application threads were stopped: 0.0005980 seconds, Stopping threads took: 0.0000195 seconds
71.946: [GC (Allocation Failure)  71365K->645K(413184K), 0.0004560 secs]
71.947: Total time for which application threads were stopped: 0.0005723 seconds, Stopping threads took: 0.0000200 seconds
71.997: [GC (Allocation Failure)  70277K->709K(412160K), 0.0005015 secs]
71.997: Total time for which application threads were stopped: 0.0006079 seconds, Stopping threads took: 0.0000172 seconds
72.044: [GC (Allocation Failure)  69317K->645K(411136K), 0.0004500 secs]
72.044: Total time for which application threads were stopped: 0.0005693 seconds, Stopping threads took: 0.0000263 seconds
72.087: [GC (Allocation Failure)  68229K->677K(410112K), 0.0005590 secs]
72.087: Total time for which application threads were stopped: 0.0006838 seconds, Stopping threads took: 0.0000281 seconds
72.135: [GC (Allocation Failure)  67237K->677K(409088K), 0.0004614 secs]
72.135: Total time for which application threads were stopped: 0.0005710 seconds, Stopping threads took: 0.0000167 seconds
72.176: [GC (Allocation Failure)  66213K->645K(408064K), 0.0004518 secs]
72.177: Total time for which application threads were stopped: 0.0005567 seconds, Stopping threads took: 0.0000167 seconds
72.218: [GC (Allocation Failure)  65157K->677K(407040K), 0.0004246 secs]
72.218: Total time for which application threads were stopped: 0.0005461 seconds, Stopping threads took: 0.0000199 seconds
72.258: [GC (Allocation Failure)  64165K->645K(419840K), 0.0006979 secs]
72.259: Total time for which application threads were stopped: 0.0008324 seconds, Stopping threads took: 0.0000197 seconds
72.313: [GC (Allocation Failure)  76933K->677K(435200K), 0.0005568 secs]
72.313: Total time for which application threads were stopped: 0.0007010 seconds, Stopping threads took: 0.0000224 seconds
72.372: [GC (Allocation Failure)  92325K->677K(433664K), 0.0005300 secs]
72.372: Total time for which application threads were stopped: 0.0006751 seconds, Stopping threads took: 0.0000225 seconds
72.429: [GC (Allocation Failure)  90789K->645K(432128K), 0.0005283 secs]
72.430: Total time for which application threads were stopped: 0.0006854 seconds, Stopping threads took: 0.0000316 seconds
72.491: [GC (Allocation Failure)  89221K->677K(430592K), 0.0004561 secs]
72.492: Total time for which application threads were stopped: 0.0005770 seconds, Stopping threads took: 0.0000198 seconds
72.553: [GC (Allocation Failure)  87717K->645K(429056K), 0.0003785 secs]
72.553: Total time for which application threads were stopped: 0.0004960 seconds, Stopping threads took: 0.0000200 seconds
72.607: [GC (Allocation Failure)  86149K->645K(427520K), 0.0004046 secs]
72.607: Total time for which application threads were stopped: 0.0005222 seconds, Stopping threads took: 0.0000253 seconds
72.660: [GC (Allocation Failure)  84613K->645K(425984K), 0.0006966 secs]
72.660: Total time for which application threads were stopped: 0.0008212 seconds, Stopping threads took: 0.0000194 seconds
72.712: [GC (Allocation Failure)  83077K->741K(424448K), 0.0005213 secs]
72.713: Total time for which application threads were stopped: 0.0006433 seconds, Stopping threads took: 0.0000196 seconds
72.763: [GC (Allocation Failure)  81637K->709K(422912K), 0.0005185 secs]
72.764: Total time for which application threads were stopped: 0.0006525 seconds, Stopping threads took: 0.0000205 seconds
72.813: [GC (Allocation Failure)  80069K->709K(421888K), 0.0005463 secs]
72.814: Total time for which application threads were stopped: 0.0006794 seconds, Stopping threads took: 0.0000217 seconds
72.863: [GC (Allocation Failure)  79045K->645K(420864K), 0.0005125 secs]
72.864: Total time for which application threads were stopped: 0.0006932 seconds, Stopping threads took: 0.0000228 seconds
72.912: [GC (Allocation Failure)  77957K->709K(419840K), 0.0004635 secs]
72.913: Total time for which application threads were stopped: 0.0005888 seconds, Stopping threads took: 0.0000206 seconds
72.960: [GC (Allocation Failure)  76997K->709K(418816K), 0.0004914 secs]
72.961: Total time for which application threads were stopped: 0.0006130 seconds, Stopping threads took: 0.0000198 seconds
73.014: [GC (Allocation Failure)  75973K->677K(417792K), 0.0004869 secs]
73.015: Total time for which application threads were stopped: 0.0006157 seconds, Stopping threads took: 0.0000277 seconds
73.063: [GC (Allocation Failure)  74917K->645K(416768K), 0.0004180 secs]
73.063: Total time for which application threads were stopped: 0.0005494 seconds, Stopping threads took: 0.0000269 seconds
73.109: [GC (Allocation Failure)  73861K->709K(415744K), 0.0005761 secs]
73.110: Total time for which application threads were stopped: 0.0006967 seconds, Stopping threads took: 0.0000195 seconds
73.155: [GC (Allocation Failure)  72901K->677K(414720K), 0.0006600 secs]
73.156: Total time for which application threads were stopped: 0.0007790 seconds, Stopping threads took: 0.0000189 seconds
73.200: [GC (Allocation Failure)  71845K->645K(413696K), 0.0004866 secs]
73.201: Total time for which application threads were stopped: 0.0006132 seconds, Stopping threads took: 0.0000273 seconds
73.251: [GC (Allocation Failure)  70789K->709K(412672K), 0.0005323 secs]
73.251: Total time for which application threads were stopped: 0.0006566 seconds, Stopping threads took: 0.0000277 seconds
73.294: [GC (Allocation Failure)  69829K->677K(411648K), 0.0005476 secs]
73.295: Total time for which application threads were stopped: 0.0006572 seconds, Stopping threads took: 0.0000171 seconds
73.338: [GC (Allocation Failure)  68773K->677K(410624K), 0.0004974 secs]
73.338: Total time for which application threads were stopped: 0.0006508 seconds, Stopping threads took: 0.0000279 seconds
73.387: [GC (Allocation Failure)  67749K->709K(424448K), 0.0006413 secs]
73.388: Total time for which application threads were stopped: 0.0007815 seconds, Stopping threads took: 0.0000222 seconds
73.439: [GC (Allocation Failure)  81605K->613K(422912K), 0.0004969 secs]
73.440: Total time for which application threads were stopped: 0.0006166 seconds, Stopping threads took: 0.0000192 seconds
73.491: [GC (Allocation Failure)  79973K->645K(421888K), 0.0004304 secs]
73.491: Total time for which application threads were stopped: 0.0005382 seconds, Stopping threads took: 0.0000194 seconds
73.540: [GC (Allocation Failure)  78981K->709K(420864K), 0.0004058 secs]
73.541: Total time for which application threads were stopped: 0.0005332 seconds, Stopping threads took: 0.0000262 seconds
73.594: [GC (Allocation Failure)  78021K->709K(419840K), 0.0004503 secs]
73.594: Total time for which application threads were stopped: 0.0005789 seconds, Stopping threads took: 0.0000283 seconds
73.642: [GC (Allocation Failure)  76997K->645K(418816K), 0.0004839 secs]
73.642: Total time for which application threads were stopped: 0.0006007 seconds, Stopping threads took: 0.0000192 seconds
73.693: [GC (Allocation Failure)  75909K->677K(417792K), 0.0004326 secs]
73.694: Total time for which application threads were stopped: 0.0005507 seconds, Stopping threads took: 0.0000202 seconds
73.740: [GC (Allocation Failure)  74917K->645K(416768K), 0.0004755 secs]
73.741: Total time for which application threads were stopped: 0.0005968 seconds, Stopping threads took: 0.0000198 seconds
73.787: [GC (Allocation Failure)  73861K->613K(415744K), 0.0005448 secs]
73.787: Total time for which application threads were stopped: 0.0006651 seconds, Stopping threads took: 0.0000194 seconds
73.832: [GC (Allocation Failure)  72805K->677K(414720K), 0.0004951 secs]
73.833: Total time for which application threads were stopped: 0.0006455 seconds, Stopping threads took: 0.0000209 seconds
73.883: [GC (Allocation Failure)  71845K->613K(413696K), 0.0005633 secs]
73.884: Total time for which application threads were stopped: 0.0007274 seconds, Stopping threads took: 0.0000321 seconds
73.928: [GC (Allocation Failure)  70757K->613K(412672K), 0.0006689 secs]
73.929: Total time for which application threads were stopped: 0.0008233 seconds, Stopping threads took: 0.0000225 seconds
73.975: [GC (Allocation Failure)  69733K->677K(426496K), 0.0006200 secs]
73.976: Total time for which application threads were stopped: 0.0007807 seconds, Stopping threads took: 0.0000309 seconds
74.033: [GC (Allocation Failure)  83621K->677K(443392K), 0.0006509 secs]
74.034: Total time for which application threads were stopped: 0.0008157 seconds, Stopping threads took: 0.0000306 seconds
74.103: [GC (Allocation Failure)  100517K->677K(441344K), 0.0005436 secs]
74.104: Total time for which application threads were stopped: 0.0007026 seconds, Stopping threads took: 0.0000324 seconds
74.165: [GC (Allocation Failure)  98469K->645K(439296K), 0.0005051 secs]
74.166: Total time for which application threads were stopped: 0.0006502 seconds, Stopping threads took: 0.0000231 seconds
74.226: [GC (Allocation Failure)  96389K->613K(437760K), 0.0005661 secs]
74.226: Total time for which application threads were stopped: 0.0006954 seconds, Stopping threads took: 0.0000208 seconds
74.285: [GC (Allocation Failure)  94821K->709K(436224K), 0.0005945 secs]
74.286: Total time for which application threads were stopped: 0.0007309 seconds, Stopping threads took: 0.0000196 seconds
74.344: [GC (Allocation Failure)  93381K->677K(434688K), 0.0004460 secs]
74.344: Total time for which application threads were stopped: 0.0005902 seconds, Stopping threads took: 0.0000219 seconds
74.404: [GC (Allocation Failure)  91813K->645K(433152K), 0.0004820 secs]
74.405: Total time for which application threads were stopped: 0.0006168 seconds, Stopping threads took: 0.0000292 seconds
74.462: [GC (Allocation Failure)  90245K->613K(431616K), 0.0004687 secs]
74.462: Total time for which application threads were stopped: 0.0006004 seconds, Stopping threads took: 0.0000276 seconds
74.517: [GC (Allocation Failure)  88677K->677K(430080K), 0.0004694 secs]
74.518: Total time for which application threads were stopped: 0.0005973 seconds, Stopping threads took: 0.0000279 seconds
74.577: [GC (Allocation Failure)  87205K->645K(428544K), 0.0004461 secs]
74.577: Total time for which application threads were stopped: 0.0005707 seconds, Stopping threads took: 0.0000278 seconds
74.635: [GC (Allocation Failure)  85637K->613K(427008K), 0.0004405 secs]
74.636: Total time for which application threads were stopped: 0.0005558 seconds, Stopping threads took: 0.0000192 seconds
74.688: [GC (Allocation Failure)  84069K->677K(425472K), 0.0006349 secs]
74.689: Total time for which application threads were stopped: 0.0007533 seconds, Stopping threads took: 0.0000197 seconds
74.740: [GC (Allocation Failure)  82597K->677K(423936K), 0.0004370 secs]
74.741: Total time for which application threads were stopped: 0.0005585 seconds, Stopping threads took: 0.0000268 seconds
74.796: [GC (Allocation Failure)  81061K->613K(422400K), 0.0006738 secs]
74.796: Total time for which application threads were stopped: 0.0008197 seconds, Stopping threads took: 0.0000217 seconds
74.852: [GC (Allocation Failure)  79461K->645K(421376K), 0.0005166 secs]
74.853: Total time for which application threads were stopped: 0.0006441 seconds, Stopping threads took: 0.0000273 seconds
74.906: [GC (Allocation Failure)  78469K->677K(420352K), 0.0004814 secs]
74.907: Total time for which application threads were stopped: 0.0006009 seconds, Stopping threads took: 0.0000198 seconds
74.955: [GC (Allocation Failure)  77477K->677K(419328K), 0.0004725 secs]
74.955: Total time for which application threads were stopped: 0.0006009 seconds, Stopping threads took: 0.0000277 seconds
75.003: [GC (Allocation Failure)  76453K->645K(418304K), 0.0005468 secs]
75.004: Total time for which application threads were stopped: 0.0006789 seconds, Stopping threads took: 0.0000206 seconds
75.056: [GC (Allocation Failure)  75397K->677K(417280K), 0.0006170 secs]
75.057: Total time for which application threads were stopped: 0.0007538 seconds, Stopping threads took: 0.0000266 seconds
75.108: [GC (Allocation Failure)  74405K->613K(416256K), 0.0005094 secs]
75.109: Total time for which application threads were stopped: 0.0006503 seconds, Stopping threads took: 0.0000216 seconds
75.160: [GC (Allocation Failure)  73317K->677K(415232K), 0.0005055 secs]
75.160: Total time for which application threads were stopped: 0.0006538 seconds, Stopping threads took: 0.0000303 seconds
75.206: [GC (Allocation Failure)  72357K->645K(414208K), 0.0004709 secs]
75.206: Total time for which application threads were stopped: 0.0005907 seconds, Stopping threads took: 0.0000197 seconds
75.258: [GC (Allocation Failure)  71301K->645K(413184K), 0.0005228 secs]
75.258: Total time for which application threads were stopped: 0.0006721 seconds, Stopping threads took: 0.0000224 seconds
75.305: [GC (Allocation Failure)  70277K->645K(412160K), 0.0004595 secs]
75.306: Total time for which application threads were stopped: 0.0005887 seconds, Stopping threads took: 0.0000228 seconds
75.354: [GC (Allocation Failure)  69253K->613K(411136K), 0.0005201 secs]
75.355: Total time for which application threads were stopped: 0.0006539 seconds, Stopping threads took: 0.0000221 seconds
75.398: [GC (Allocation Failure)  68197K->645K(410112K), 0.0005267 secs]
75.398: Total time for which application threads were stopped: 0.0006669 seconds, Stopping threads took: 0.0000211 seconds
75.441: [GC (Allocation Failure)  67205K->645K(409088K), 0.0004951 secs]
75.441: Total time for which application threads were stopped: 0.0006447 seconds, Stopping threads took: 0.0000281 seconds
75.485: [GC (Allocation Failure)  66181K->645K(408064K), 0.0004540 secs]
75.485: Total time for which application threads were stopped: 0.0005769 seconds, Stopping threads took: 0.0000265 seconds
75.525: [GC (Allocation Failure)  65157K->645K(407040K), 0.0004853 secs]
75.526: Total time for which application threads were stopped: 0.0006007 seconds, Stopping threads took: 0.0000194 seconds
75.567: [GC (Allocation Failure)  64133K->677K(406016K), 0.0003965 secs]
75.567: Total time for which application threads were stopped: 0.0005131 seconds, Stopping threads took: 0.0000198 seconds
75.606: [GC (Allocation Failure)  63141K->677K(418816K), 0.0007213 secs]
75.607: Total time for which application threads were stopped: 0.0008401 seconds, Stopping threads took: 0.0000193 seconds
