Java HotSpot(TM) 64-Bit Server VM (25.171-b11) for linux-amd64 JRE (1.8.0_171-b11), built on Mar 28 2018 17:07:08 by "java_re" with gcc 4.3.0 20080428 (Red Hat 4.3.0-8)
Memory: 4k page, physical 32883000k(29614964k free), swap 8000508k(8000508k free)
CommandLine flags: -XX:InitialHeapSize=526128000 -XX:MaxHeapSize=8418048000 -XX:+PrintGC -XX:+PrintGCApplicationStoppedTime -XX:+PrintGCTimeStamps -XX:+UseCompressedClassPointers -XX:+UseCompressedOops -XX:+UseParallelGC 
0.209: Total time for which application threads were stopped: 0.0001212 seconds, Stopping threads took: 0.0000132 seconds
0.582: [GC (Allocation Failure)  129024K->7591K(493056K), 0.0044482 secs]
0.587: Total time for which application threads were stopped: 0.0047018 seconds, Stopping threads took: 0.0000166 seconds
0.863: [GC (Allocation Failure)  136615K->5014K(493056K), 0.0029899 secs]
0.866: Total time for which application threads were stopped: 0.0031564 seconds, Stopping threads took: 0.0000195 seconds
1.153: [GC (Allocation Failure)  134038K->5494K(493056K), 0.0031368 secs]
1.156: Total time for which application threads were stopped: 0.0032887 seconds, Stopping threads took: 0.0000193 seconds
1.432: [GC (Allocation Failure)  134518K->5278K(493056K), 0.0030373 secs]
1.436: Total time for which application threads were stopped: 0.0032176 seconds, Stopping threads took: 0.0000188 seconds
1.722: [GC (Allocation Failure)  134302K->2672K(472064K), 0.0017883 secs]
1.724: Total time for which application threads were stopped: 0.0019266 seconds, Stopping threads took: 0.0000177 seconds
1.997: [GC (Allocation Failure)  128624K->5366K(471552K), 0.0035461 secs]
2.000: Total time for which application threads were stopped: 0.0037375 seconds, Stopping threads took: 0.0000195 seconds
2.275: [GC (Allocation Failure)  128246K->5292K(468480K), 0.0033208 secs]
2.279: Total time for which application threads were stopped: 0.0034905 seconds, Stopping threads took: 0.0000201 seconds
2.542: [GC (Allocation Failure)  125612K->5516K(465920K), 0.0030930 secs]
2.545: Total time for which application threads were stopped: 0.0032759 seconds, Stopping threads took: 0.0000283 seconds
2.804: [GC (Allocation Failure)  123276K->701K(458752K), 0.0007053 secs]
2.805: Total time for which application threads were stopped: 0.0008188 seconds, Stopping threads took: 0.0000195 seconds
3.052: [GC (Allocation Failure)  115901K->5372K(460800K), 0.0027180 secs]
3.055: Total time for which application threads were stopped: 0.0028784 seconds, Stopping threads took: 0.0000280 seconds
3.296: [GC (Allocation Failure)  118012K->5548K(458240K), 0.0028612 secs]
3.299: Total time for which application threads were stopped: 0.0030423 seconds, Stopping threads took: 0.0000286 seconds
3.541: [GC (Allocation Failure)  115628K->4325K(455168K), 0.0017400 secs]
3.543: Total time for which application threads were stopped: 0.0018805 seconds, Stopping threads took: 0.0000197 seconds
3.779: [GC (Allocation Failure)  112357K->5164K(453632K), 0.0023571 secs]
3.782: Total time for which application threads were stopped: 0.0025135 seconds, Stopping threads took: 0.0000194 seconds
4.012: [GC (Allocation Failure)  111148K->3205K(450048K), 0.0012141 secs]
4.013: Total time for which application threads were stopped: 0.0013491 seconds, Stopping threads took: 0.0000165 seconds
4.055: Total time for which application threads were stopped: 0.0001187 seconds, Stopping threads took: 0.0000515 seconds
4.226: [GC (Allocation Failure)  107141K->5300K(450048K), 0.0026812 secs]
4.229: Total time for which application threads were stopped: 0.0028461 seconds, Stopping threads took: 0.0000190 seconds
4.440: [GC (Allocation Failure)  107188K->5020K(447488K), 0.0021942 secs]
4.442: Total time for which application threads were stopped: 0.0023602 seconds, Stopping threads took: 0.0000273 seconds
4.649: [GC (Allocation Failure)  104860K->5212K(445440K), 0.0025721 secs]
4.652: Total time for which application threads were stopped: 0.0027676 seconds, Stopping threads took: 0.0000217 seconds
4.851: [GC (Allocation Failure)  103004K->5196K(443392K), 0.0025014 secs]
4.853: Total time for which application threads were stopped: 0.0026842 seconds, Stopping threads took: 0.0000197 seconds
5.047: [GC (Allocation Failure)  100940K->5020K(445440K), 0.0023323 secs]
5.049: Total time for which application threads were stopped: 0.0024857 seconds, Stopping threads took: 0.0000190 seconds
5.246: [GC (Allocation Failure)  100764K->5388K(483840K), 0.0028011 secs]
5.249: Total time for which application threads were stopped: 0.0029731 seconds, Stopping threads took: 0.0000274 seconds
5.528: [GC (Allocation Failure)  139532K->5180K(483840K), 0.0025622 secs]
5.531: Total time for which application threads were stopped: 0.0027165 seconds, Stopping threads took: 0.0000181 seconds
5.807: [GC (Allocation Failure)  139324K->4341K(478208K), 0.0016419 secs]
5.809: Total time for which application threads were stopped: 0.0018293 seconds, Stopping threads took: 0.0000200 seconds
6.077: [GC (Allocation Failure)  135413K->5452K(476160K), 0.0031337 secs]
6.080: Total time for which application threads were stopped: 0.0033124 seconds, Stopping threads took: 0.0000220 seconds
6.338: [GC (Allocation Failure)  133452K->5252K(471552K), 0.0026910 secs]
6.340: Total time for which application threads were stopped: 0.0028870 seconds, Stopping threads took: 0.0000284 seconds
6.599: [GC (Allocation Failure)  130180K->6388K(470016K), 0.0029450 secs]
6.602: Total time for which application threads were stopped: 0.0031053 seconds, Stopping threads took: 0.0000278 seconds
6.854: [GC (Allocation Failure)  128244K->2925K(463872K), 0.0009330 secs]
6.855: Total time for which application threads were stopped: 0.0010664 seconds, Stopping threads took: 0.0000214 seconds
7.095: [GC (Allocation Failure)  122221K->4237K(462336K), 0.0013922 secs]
7.096: Total time for which application threads were stopped: 0.0015260 seconds, Stopping threads took: 0.0000193 seconds
7.335: [GC (Allocation Failure)  120973K->3693K(459264K), 0.0012012 secs]
7.336: Total time for which application threads were stopped: 0.0013218 seconds, Stopping threads took: 0.0000192 seconds
7.573: [GC (Allocation Failure)  117869K->6596K(459776K), 0.0029063 secs]
7.576: Total time for which application threads were stopped: 0.0030656 seconds, Stopping threads took: 0.0000282 seconds
7.801: [GC (Allocation Failure)  118212K->6036K(456704K), 0.0023874 secs]
7.803: Total time for which application threads were stopped: 0.0025495 seconds, Stopping threads took: 0.0000197 seconds
8.022: [GC (Allocation Failure)  115092K->5101K(453632K), 0.0018552 secs]
8.024: Total time for which application threads were stopped: 0.0020053 seconds, Stopping threads took: 0.0000211 seconds
8.247: [GC (Allocation Failure)  112109K->6100K(452608K), 0.0023499 secs]
8.250: Total time for which application threads were stopped: 0.0025155 seconds, Stopping threads took: 0.0000194 seconds
8.472: [GC (Allocation Failure)  111060K->2541K(446976K), 0.0009088 secs]
8.472: Total time for which application threads were stopped: 0.0010497 seconds, Stopping threads took: 0.0000197 seconds
8.683: [GC (Allocation Failure)  105453K->6093K(448512K), 0.0019537 secs]
8.685: Total time for which application threads were stopped: 0.0021174 seconds, Stopping threads took: 0.0000196 seconds
8.890: [GC (Allocation Failure)  106957K->6292K(446976K), 0.0028417 secs]
8.893: Total time for which application threads were stopped: 0.0030217 seconds, Stopping threads took: 0.0000278 seconds
9.093: [GC (Allocation Failure)  105108K->6300K(443904K), 0.0025292 secs]
9.095: Total time for which application threads were stopped: 0.0027039 seconds, Stopping threads took: 0.0000203 seconds
9.296: [GC (Allocation Failure)  103068K->6844K(442880K), 0.0026051 secs]
9.298: Total time for which application threads were stopped: 0.0027548 seconds, Stopping threads took: 0.0000190 seconds
9.490: [GC (Allocation Failure)  101564K->6309K(440320K), 0.0017977 secs]
9.492: Total time for which application threads were stopped: 0.0019558 seconds, Stopping threads took: 0.0000204 seconds
9.694: [GC (Allocation Failure)  99493K->2821K(435712K), 0.0007953 secs]
9.695: Total time for which application threads were stopped: 0.0009148 seconds, Stopping threads took: 0.0000172 seconds
9.879: [GC (Allocation Failure)  94469K->6668K(437760K), 0.0024118 secs]
9.882: Total time for which application threads were stopped: 0.0025653 seconds, Stopping threads took: 0.0000199 seconds
10.063: [GC (Allocation Failure)  96780K->6629K(436224K), 0.0020579 secs]
10.065: Total time for which application threads were stopped: 0.0022346 seconds, Stopping threads took: 0.0000276 seconds
10.252: [GC (Allocation Failure)  95205K->6892K(435200K), 0.0026245 secs]
10.254: Total time for which application threads were stopped: 0.0027684 seconds, Stopping threads took: 0.0000175 seconds
10.429: [GC (Allocation Failure)  93932K->6181K(432640K), 0.0021056 secs]
10.431: Total time for which application threads were stopped: 0.0022477 seconds, Stopping threads took: 0.0000203 seconds
10.606: [GC (Allocation Failure)  91685K->7148K(452608K), 0.0026903 secs]
10.609: Total time for which application threads were stopped: 0.0028470 seconds, Stopping threads took: 0.0000198 seconds
10.826: [GC (Allocation Failure)  111596K->7116K(475648K), 0.0027005 secs]
10.829: Total time for which application threads were stopped: 0.0028668 seconds, Stopping threads took: 0.0000281 seconds
11.086: [GC (Allocation Failure)  134604K->6860K(478208K), 0.0025859 secs]
11.089: Total time for which application threads were stopped: 0.0027608 seconds, Stopping threads took: 0.0000201 seconds
11.356: [GC (Allocation Failure)  136396K->3717K(471040K), 0.0010107 secs]
11.357: Total time for which application threads were stopped: 0.0011333 seconds, Stopping threads took: 0.0000188 seconds
11.613: [GC (Allocation Failure)  130181K->6988K(471552K), 0.0028091 secs]
11.615: Total time for which application threads were stopped: 0.0029810 seconds, Stopping threads took: 0.0000275 seconds
11.875: [GC (Allocation Failure)  130380K->6940K(468992K), 0.0026372 secs]
11.878: Total time for which application threads were stopped: 0.0027925 seconds, Stopping threads took: 0.0000198 seconds
12.128: [GC (Allocation Failure)  127772K->2789K(464384K), 0.0007842 secs]
12.129: Total time for which application threads were stopped: 0.0009115 seconds, Stopping threads took: 0.0000202 seconds
12.369: [GC (Allocation Failure)  121061K->3365K(460288K), 0.0007911 secs]
12.370: Total time for which application threads were stopped: 0.0009091 seconds, Stopping threads took: 0.0000190 seconds
12.609: [GC (Allocation Failure)  119077K->7164K(461312K), 0.0028878 secs]
12.612: Total time for which application threads were stopped: 0.0030394 seconds, Stopping threads took: 0.0000191 seconds
12.842: [GC (Allocation Failure)  120316K->6732K(458240K), 0.0024731 secs]
12.844: Total time for which application threads were stopped: 0.0026428 seconds, Stopping threads took: 0.0000273 seconds
13.065: [GC (Allocation Failure)  117324K->6764K(457216K), 0.0022838 secs]
13.067: Total time for which application threads were stopped: 0.0024376 seconds, Stopping threads took: 0.0000198 seconds
13.295: [GC (Allocation Failure)  115308K->7084K(454656K), 0.0028094 secs]
13.298: Total time for which application threads were stopped: 0.0029759 seconds, Stopping threads took: 0.0000281 seconds
13.513: [GC (Allocation Failure)  113580K->6700K(453120K), 0.0025743 secs]
13.516: Total time for which application threads were stopped: 0.0027266 seconds, Stopping threads took: 0.0000243 seconds
13.734: [GC (Allocation Failure)  111148K->6700K(450048K), 0.0023256 secs]
13.736: Total time for which application threads were stopped: 0.0025020 seconds, Stopping threads took: 0.0000274 seconds
13.944: [GC (Allocation Failure)  109100K->7068K(452608K), 0.0026479 secs]
13.947: Total time for which application threads were stopped: 0.0028151 seconds, Stopping threads took: 0.0000198 seconds
14.156: [GC (Allocation Failure)  109468K->4965K(446464K), 0.0014497 secs]
14.158: Total time for which application threads were stopped: 0.0015910 seconds, Stopping threads took: 0.0000185 seconds
14.362: [GC (Allocation Failure)  105317K->6661K(446464K), 0.0021092 secs]
14.364: Total time for which application threads were stopped: 0.0022673 seconds, Stopping threads took: 0.0000194 seconds
14.563: [GC (Allocation Failure)  104965K->6604K(443904K), 0.0023193 secs]
14.565: Total time for which application threads were stopped: 0.0024816 seconds, Stopping threads took: 0.0000189 seconds
14.760: [GC (Allocation Failure)  102860K->5669K(441344K), 0.0016203 secs]
14.762: Total time for which application threads were stopped: 0.0018088 seconds, Stopping threads took: 0.0000286 seconds
14.960: [GC (Allocation Failure)  99877K->2981K(436736K), 0.0006609 secs]
14.960: Total time for which application threads were stopped: 0.0007778 seconds, Stopping threads took: 0.0000198 seconds
15.146: [GC (Allocation Failure)  95653K->6796K(439808K), 0.0025535 secs]
15.149: Total time for which application threads were stopped: 0.0027205 seconds, Stopping threads took: 0.0000198 seconds
15.332: [GC (Allocation Failure)  97932K->6796K(437248K), 0.0024670 secs]
15.334: Total time for which application threads were stopped: 0.0026297 seconds, Stopping threads took: 0.0000276 seconds
15.520: [GC (Allocation Failure)  96396K->2469K(437760K), 0.0005373 secs]
15.520: Total time for which application threads were stopped: 0.0006522 seconds, Stopping threads took: 0.0000187 seconds
15.696: [GC (Allocation Failure)  90533K->6924K(434688K), 0.0025265 secs]
15.698: Total time for which application threads were stopped: 0.0026887 seconds, Stopping threads took: 0.0000195 seconds
15.879: [GC (Allocation Failure)  93452K->7036K(437248K), 0.0027470 secs]
15.882: Total time for which application threads were stopped: 0.0029388 seconds, Stopping threads took: 0.0000218 seconds
16.057: [GC (Allocation Failure)  93564K->6636K(437248K), 0.0022053 secs]
16.059: Total time for which application threads were stopped: 0.0023951 seconds, Stopping threads took: 0.0000247 seconds
16.242: [GC (Allocation Failure)  93164K->6764K(454656K), 0.0024483 secs]
16.245: Total time for which application threads were stopped: 0.0026388 seconds, Stopping threads took: 0.0000205 seconds
16.460: [GC (Allocation Failure)  110700K->3365K(446464K), 0.0008232 secs]
16.461: Total time for which application threads were stopped: 0.0009508 seconds, Stopping threads took: 0.0000268 seconds
16.664: [GC (Allocation Failure)  105253K->6277K(447488K), 0.0021506 secs]
16.666: Total time for which application threads were stopped: 0.0023015 seconds, Stopping threads took: 0.0000201 seconds
16.867: [GC (Allocation Failure)  106117K->6668K(445440K), 0.0024750 secs]
16.870: Total time for which application threads were stopped: 0.0026594 seconds, Stopping threads took: 0.0000278 seconds
17.066: [GC (Allocation Failure)  104460K->6668K(448000K), 0.0026095 secs]
17.069: Total time for which application threads were stopped: 0.0027716 seconds, Stopping threads took: 0.0000202 seconds
17.268: [GC (Allocation Failure)  104460K->6636K(448000K), 0.0021132 secs]
17.270: Total time for which application threads were stopped: 0.0022794 seconds, Stopping threads took: 0.0000205 seconds
17.466: [GC (Allocation Failure)  104428K->6604K(467968K), 0.0024798 secs]
17.469: Total time for which application threads were stopped: 0.0026828 seconds, Stopping threads took: 0.0000195 seconds
17.713: [GC (Allocation Failure)  124364K->6636K(467968K), 0.0023265 secs]
17.715: Total time for which application threads were stopped: 0.0024869 seconds, Stopping threads took: 0.0000261 seconds
17.954: [GC (Allocation Failure)  124396K->6700K(490496K), 0.0024516 secs]
17.957: Total time for which application threads were stopped: 0.0026220 seconds, Stopping threads took: 0.0000287 seconds
18.247: [GC (Allocation Failure)  148012K->7052K(485888K), 0.0027620 secs]
18.250: Total time for which application threads were stopped: 0.0029202 seconds, Stopping threads took: 0.0000195 seconds
18.534: [GC (Allocation Failure)  144780K->7100K(482816K), 0.0029319 secs]
18.537: Total time for which application threads were stopped: 0.0031040 seconds, Stopping threads took: 0.0000282 seconds
18.811: [GC (Allocation Failure)  141756K->6908K(479744K), 0.0026896 secs]
18.814: Total time for which application threads were stopped: 0.0028357 seconds, Stopping threads took: 0.0000171 seconds
19.082: [GC (Allocation Failure)  138492K->5541K(475136K), 0.0015922 secs]
19.084: Total time for which application threads were stopped: 0.0017400 seconds, Stopping threads took: 0.0000198 seconds
19.348: [GC (Allocation Failure)  134053K->6828K(473600K), 0.0026705 secs]
19.350: Total time for which application threads were stopped: 0.0028395 seconds, Stopping threads took: 0.0000197 seconds
19.605: [GC (Allocation Failure)  132268K->5093K(468480K), 0.0013831 secs]
19.606: Total time for which application threads were stopped: 0.0015246 seconds, Stopping threads took: 0.0000194 seconds
19.853: [GC (Allocation Failure)  127461K->6780K(467456K), 0.0025662 secs]
19.856: Total time for which application threads were stopped: 0.0027310 seconds, Stopping threads took: 0.0000263 seconds
20.101: [GC (Allocation Failure)  126588K->7004K(465408K), 0.0027346 secs]
20.104: Total time for which application threads were stopped: 0.0028994 seconds, Stopping threads took: 0.0000198 seconds
20.343: [GC (Allocation Failure)  124252K->6972K(462848K), 0.0026791 secs]
20.346: Total time for which application threads were stopped: 0.0028514 seconds, Stopping threads took: 0.0000283 seconds
20.577: [GC (Allocation Failure)  121660K->6700K(458752K), 0.0022837 secs]
20.580: Total time for which application threads were stopped: 0.0024848 seconds, Stopping threads took: 0.0000287 seconds
20.814: [GC (Allocation Failure)  118828K->5093K(454656K), 0.0011800 secs]
20.816: Total time for which application threads were stopped: 0.0013019 seconds, Stopping threads took: 0.0000252 seconds
21.039: [GC (Allocation Failure)  114661K->7660K(455168K), 0.0023336 secs]
21.041: Total time for which application threads were stopped: 0.0025000 seconds, Stopping threads took: 0.0000200 seconds
21.259: [GC (Allocation Failure)  115180K->6373K(452096K), 0.0015843 secs]
21.261: Total time for which application threads were stopped: 0.0017414 seconds, Stopping threads took: 0.0000201 seconds
21.475: [GC (Allocation Failure)  111845K->7996K(451584K), 0.0025773 secs]
21.477: Total time for which application threads were stopped: 0.0027453 seconds, Stopping threads took: 0.0000200 seconds
21.691: [GC (Allocation Failure)  111420K->7916K(449536K), 0.0026390 secs]
21.694: Total time for which application threads were stopped: 0.0028157 seconds, Stopping threads took: 0.0000200 seconds
21.904: [GC (Allocation Failure)  109292K->4101K(443392K), 0.0009870 secs]
21.905: Total time for which application threads were stopped: 0.0011357 seconds, Stopping threads took: 0.0000220 seconds
22.108: [GC (Allocation Failure)  103429K->5157K(442368K), 0.0010574 secs]
22.109: Total time for which application threads were stopped: 0.0011993 seconds, Stopping threads took: 0.0000221 seconds
22.308: [GC (Allocation Failure)  102437K->4709K(440320K), 0.0010856 secs]
22.309: Total time for which application threads were stopped: 0.0012090 seconds, Stopping threads took: 0.0000196 seconds
22.502: [GC (Allocation Failure)  99941K->8012K(441856K), 0.0026759 secs]
22.505: Total time for which application threads were stopped: 0.0028613 seconds, Stopping threads took: 0.0000198 seconds
22.696: [GC (Allocation Failure)  101708K->7660K(440320K), 0.0022058 secs]
22.698: Total time for which application threads were stopped: 0.0023993 seconds, Stopping threads took: 0.0000263 seconds
22.885: [GC (Allocation Failure)  99820K->7788K(438784K), 0.0024188 secs]
22.888: Total time for which application threads were stopped: 0.0025793 seconds, Stopping threads took: 0.0000285 seconds
23.074: [GC (Allocation Failure)  98412K->4325K(437760K), 0.0008310 secs]
23.075: Total time for which application threads were stopped: 0.0009538 seconds, Stopping threads took: 0.0000197 seconds
23.254: [GC (Allocation Failure)  93413K->8060K(435712K), 0.0026197 secs]
23.257: Total time for which application threads were stopped: 0.0028192 seconds, Stopping threads took: 0.0000279 seconds
23.438: [GC (Allocation Failure)  95612K->4645K(435200K), 0.0009201 secs]
23.439: Total time for which application threads were stopped: 0.0010464 seconds, Stopping threads took: 0.0000192 seconds
23.609: [GC (Allocation Failure)  90661K->7820K(432640K), 0.0025453 secs]
23.612: Total time for which application threads were stopped: 0.0027404 seconds, Stopping threads took: 0.0000277 seconds
23.791: [GC (Allocation Failure)  92300K->7772K(435200K), 0.0025753 secs]
23.793: Total time for which application threads were stopped: 0.0027411 seconds, Stopping threads took: 0.0000194 seconds
23.965: [GC (Allocation Failure)  92252K->4933K(428032K), 0.0011154 secs]
23.966: Total time for which application threads were stopped: 0.0012536 seconds, Stopping threads took: 0.0000218 seconds
24.132: [GC (Allocation Failure)  87877K->7532K(433664K), 0.0023449 secs]
24.134: Total time for which application threads were stopped: 0.0025170 seconds, Stopping threads took: 0.0000214 seconds
24.305: [GC (Allocation Failure)  90476K->7964K(433664K), 0.0026414 secs]
24.308: Total time for which application threads were stopped: 0.0027977 seconds, Stopping threads took: 0.0000169 seconds
24.482: [GC (Allocation Failure)  90908K->7740K(450560K), 0.0027052 secs]
24.485: Total time for which application threads were stopped: 0.0028751 seconds, Stopping threads took: 0.0000262 seconds
24.688: [GC (Allocation Failure)  107580K->7932K(450560K), 0.0026278 secs]
24.691: Total time for which application threads were stopped: 0.0027955 seconds, Stopping threads took: 0.0000254 seconds
24.897: [GC (Allocation Failure)  107772K->3461K(441344K), 0.0006259 secs]
24.898: Total time for which application threads were stopped: 0.0007351 seconds, Stopping threads took: 0.0000168 seconds
25.097: [GC (Allocation Failure)  101253K->3365K(439296K), 0.0005786 secs]
25.097: Total time for which application threads were stopped: 0.0007129 seconds, Stopping threads took: 0.0000205 seconds
25.297: [GC (Allocation Failure)  99109K->7900K(442368K), 0.0028578 secs]
25.299: Total time for which application threads were stopped: 0.0030436 seconds, Stopping threads took: 0.0000189 seconds
25.490: [GC (Allocation Failure)  102108K->7596K(440320K), 0.0025005 secs]
25.492: Total time for which application threads were stopped: 0.0026555 seconds, Stopping threads took: 0.0000195 seconds
25.680: [GC (Allocation Failure)  100268K->7724K(455168K), 0.0025888 secs]
25.683: Total time for which application threads were stopped: 0.0027486 seconds, Stopping threads took: 0.0000197 seconds
25.898: [GC (Allocation Failure)  112684K->7788K(456192K), 0.0025116 secs]
25.901: Total time for which application threads were stopped: 0.0026778 seconds, Stopping threads took: 0.0000199 seconds
26.112: [GC (Allocation Failure)  112748K->5541K(448512K), 0.0013882 secs]
26.114: Total time for which application threads were stopped: 0.0015316 seconds, Stopping threads took: 0.0000196 seconds
26.324: [GC (Allocation Failure)  108453K->7692K(448512K), 0.0025927 secs]
26.327: Total time for which application threads were stopped: 0.0027677 seconds, Stopping threads took: 0.0000286 seconds
26.531: [GC (Allocation Failure)  108556K->7932K(470016K), 0.0027137 secs]
26.533: Total time for which application threads were stopped: 0.0028929 seconds, Stopping threads took: 0.0000211 seconds
26.778: [GC (Allocation Failure)  127228K->7532K(470016K), 0.0022373 secs]
26.780: Total time for which application threads were stopped: 0.0024329 seconds, Stopping threads took: 0.0000191 seconds
27.026: [GC (Allocation Failure)  126828K->7692K(494080K), 0.0025893 secs]
27.029: Total time for which application threads were stopped: 0.0027495 seconds, Stopping threads took: 0.0000204 seconds
27.326: [GC (Allocation Failure)  151052K->4357K(484352K), 0.0008419 secs]
27.327: Total time for which application threads were stopped: 0.0009773 seconds, Stopping threads took: 0.0000185 seconds
27.608: [GC (Allocation Failure)  144133K->6341K(482816K), 0.0017796 secs]
27.610: Total time for which application threads were stopped: 0.0019406 seconds, Stopping threads took: 0.0000277 seconds
27.888: [GC (Allocation Failure)  142533K->5701K(478720K), 0.0013619 secs]
27.889: Total time for which application threads were stopped: 0.0015063 seconds, Stopping threads took: 0.0000195 seconds
28.162: [GC (Allocation Failure)  138821K->8060K(478208K), 0.0028785 secs]
28.165: Total time for which application threads were stopped: 0.0030508 seconds, Stopping threads took: 0.0000271 seconds
28.426: [GC (Allocation Failure)  138108K->8012K(475136K), 0.0027254 secs]
28.428: Total time for which application threads were stopped: 0.0028920 seconds, Stopping threads took: 0.0000200 seconds
28.689: [GC (Allocation Failure)  134988K->4581K(469504K), 0.0009049 secs]
28.690: Total time for which application threads were stopped: 0.0010333 seconds, Stopping threads took: 0.0000273 seconds
28.936: [GC (Allocation Failure)  128485K->7724K(468992K), 0.0025085 secs]
28.938: Total time for which application threads were stopped: 0.0026731 seconds, Stopping threads took: 0.0000196 seconds
29.184: [GC (Allocation Failure)  129068K->8012K(472576K), 0.0065188 secs]
29.191: Total time for which application threads were stopped: 0.0067161 seconds, Stopping threads took: 0.0000194 seconds
29.441: [GC (Allocation Failure)  129868K->7836K(472576K), 0.0023785 secs]
29.444: Total time for which application threads were stopped: 0.0025534 seconds, Stopping threads took: 0.0000354 seconds
29.697: [GC (Allocation Failure)  129692K->4261K(463872K), 0.0007858 secs]
29.698: Total time for which application threads were stopped: 0.0008960 seconds, Stopping threads took: 0.0000179 seconds
29.938: [GC (Allocation Failure)  123557K->5605K(462336K), 0.0012820 secs]
29.939: Total time for which application threads were stopped: 0.0014314 seconds, Stopping threads took: 0.0000194 seconds
30.176: [GC (Allocation Failure)  122341K->4997K(459264K), 0.0014039 secs]
30.178: Total time for which application threads were stopped: 0.0015411 seconds, Stopping threads took: 0.0000166 seconds
30.411: [GC (Allocation Failure)  119173K->7996K(459776K), 0.0026621 secs]
30.413: Total time for which application threads were stopped: 0.0028671 seconds, Stopping threads took: 0.0000525 seconds
30.636: [GC (Allocation Failure)  119612K->8092K(457216K), 0.0028270 secs]
30.639: Total time for which application threads were stopped: 0.0029926 seconds, Stopping threads took: 0.0000200 seconds
30.861: [GC (Allocation Failure)  117148K->6405K(453632K), 0.0016091 secs]
30.863: Total time for which application threads were stopped: 0.0017693 seconds, Stopping threads took: 0.0000198 seconds
31.085: [GC (Allocation Failure)  113413K->7564K(452608K), 0.0023845 secs]
31.088: Total time for which application threads were stopped: 0.0025575 seconds, Stopping threads took: 0.0000289 seconds
31.306: [GC (Allocation Failure)  112524K->3909K(446976K), 0.0008935 secs]
31.307: Total time for which application threads were stopped: 0.0010137 seconds, Stopping threads took: 0.0000194 seconds
31.512: [GC (Allocation Failure)  106821K->7557K(448512K), 0.0020067 secs]
31.514: Total time for which application threads were stopped: 0.0021695 seconds, Stopping threads took: 0.0000275 seconds
31.719: [GC (Allocation Failure)  108421K->7788K(446976K), 0.0026481 secs]
31.722: Total time for which application threads were stopped: 0.0028373 seconds, Stopping threads took: 0.0000267 seconds
31.922: [GC (Allocation Failure)  106604K->7836K(444928K), 0.0024146 secs]
31.925: Total time for which application threads were stopped: 0.0025815 seconds, Stopping threads took: 0.0000277 seconds
32.121: [GC (Allocation Failure)  104604K->7692K(442368K), 0.0025027 secs]
32.124: Total time for which application threads were stopped: 0.0026676 seconds, Stopping threads took: 0.0000200 seconds
32.318: [GC (Allocation Failure)  102412K->7173K(440320K), 0.0019549 secs]
32.321: Total time for which application threads were stopped: 0.0021181 seconds, Stopping threads took: 0.0000197 seconds
32.516: [GC (Allocation Failure)  100357K->3685K(435712K), 0.0009096 secs]
32.517: Total time for which application threads were stopped: 0.0010272 seconds, Stopping threads took: 0.0000196 seconds
32.700: [GC (Allocation Failure)  95333K->7628K(437760K), 0.0024562 secs]
32.703: Total time for which application threads were stopped: 0.0026197 seconds, Stopping threads took: 0.0000267 seconds
32.881: [GC (Allocation Failure)  97740K->7525K(436224K), 0.0020358 secs]
32.883: Total time for which application threads were stopped: 0.0022071 seconds, Stopping threads took: 0.0000192 seconds
33.065: [GC (Allocation Failure)  96101K->7820K(435200K), 0.0024305 secs]
33.067: Total time for which application threads were stopped: 0.0026101 seconds, Stopping threads took: 0.0000274 seconds
33.246: [GC (Allocation Failure)  94860K->7077K(432640K), 0.0019994 secs]
33.248: Total time for which application threads were stopped: 0.0021516 seconds, Stopping threads took: 0.0000199 seconds
33.424: [GC (Allocation Failure)  92581K->8044K(437760K), 0.0026008 secs]
33.427: Total time for which application threads were stopped: 0.0027652 seconds, Stopping threads took: 0.0000278 seconds
33.607: [GC (Allocation Failure)  96108K->5125K(431616K), 0.0010510 secs]
33.608: Total time for which application threads were stopped: 0.0011747 seconds, Stopping threads took: 0.0000190 seconds
33.782: [GC (Allocation Failure)  91653K->7868K(436736K), 0.0025146 secs]
33.785: Total time for which application threads were stopped: 0.0026804 seconds, Stopping threads took: 0.0000280 seconds
33.963: [GC (Allocation Failure)  94396K->8028K(436736K), 0.0026674 secs]
33.966: Total time for which application threads were stopped: 0.0028509 seconds, Stopping threads took: 0.0000249 seconds
34.137: [GC (Allocation Failure)  94556K->7628K(454144K), 0.0024897 secs]
34.139: Total time for which application threads were stopped: 0.0026878 seconds, Stopping threads took: 0.0000284 seconds
34.356: [GC (Allocation Failure)  111564K->7564K(454144K), 0.0025005 secs]
34.359: Total time for which application threads were stopped: 0.0026559 seconds, Stopping threads took: 0.0000188 seconds
34.575: [GC (Allocation Failure)  111500K->3269K(445440K), 0.0004893 secs]
34.575: Total time for which application threads were stopped: 0.0006277 seconds, Stopping threads took: 0.0000194 seconds
34.779: [GC (Allocation Failure)  105157K->6213K(450560K), 0.0013916 secs]
34.780: Total time for which application threads were stopped: 0.0015443 seconds, Stopping threads took: 0.0000276 seconds
34.980: [GC (Allocation Failure)  106053K->7557K(445440K), 0.0019078 secs]
34.982: Total time for which application threads were stopped: 0.0020677 seconds, Stopping threads took: 0.0000268 seconds
35.179: [GC (Allocation Failure)  105349K->7493K(443392K), 0.0024143 secs]
35.182: Total time for which application threads were stopped: 0.0025939 seconds, Stopping threads took: 0.0000247 seconds
35.382: [GC (Allocation Failure)  103237K->5925K(440320K), 0.0014016 secs]
35.383: Total time for which application threads were stopped: 0.0015420 seconds, Stopping threads took: 0.0000206 seconds
35.576: [GC (Allocation Failure)  100133K->8092K(440832K), 0.0028394 secs]
35.579: Total time for which application threads were stopped: 0.0029968 seconds, Stopping threads took: 0.0000204 seconds
35.768: [GC (Allocation Failure)  100764K->7660K(438784K), 0.0022656 secs]
35.770: Total time for which application threads were stopped: 0.0025469 seconds, Stopping threads took: 0.0001376 seconds
35.951: [GC (Allocation Failure)  98796K->7628K(454656K), 0.0025262 secs]
35.954: Total time for which application threads were stopped: 0.0026904 seconds, Stopping threads took: 0.0000199 seconds
36.168: [GC (Allocation Failure)  112076K->7628K(459776K), 0.0023159 secs]
36.171: Total time for which application threads were stopped: 0.0024784 seconds, Stopping threads took: 0.0000280 seconds
36.389: [GC (Allocation Failure)  117196K->7589K(455168K), 0.0018121 secs]
36.391: Total time for which application threads were stopped: 0.0019599 seconds, Stopping threads took: 0.0000189 seconds
36.613: [GC (Allocation Failure)  115109K->7724K(453120K), 0.0025971 secs]
36.615: Total time for which application threads were stopped: 0.0027678 seconds, Stopping threads took: 0.0000196 seconds
36.836: [GC (Allocation Failure)  113196K->5765K(449536K), 0.0014206 secs]
36.837: Total time for which application threads were stopped: 0.0015744 seconds, Stopping threads took: 0.0000194 seconds
37.045: [GC (Allocation Failure)  109189K->7788K(449536K), 0.0025372 secs]
37.048: Total time for which application threads were stopped: 0.0027112 seconds, Stopping threads took: 0.0000223 seconds
37.256: [GC (Allocation Failure)  109164K->8076K(451584K), 0.0027448 secs]
37.258: Total time for which application threads were stopped: 0.0029083 seconds, Stopping threads took: 0.0000265 seconds
37.471: [GC (Allocation Failure)  109964K->7820K(472064K), 0.0025127 secs]
37.474: Total time for which application threads were stopped: 0.0026682 seconds, Stopping threads took: 0.0000202 seconds
37.729: [GC (Allocation Failure)  130188K->4485K(464384K), 0.0008867 secs]
37.730: Total time for which application threads were stopped: 0.0010156 seconds, Stopping threads took: 0.0000249 seconds
37.971: [GC (Allocation Failure)  124293K->6189K(464896K), 0.0017189 secs]
37.972: Total time for which application threads were stopped: 0.0018692 seconds, Stopping threads took: 0.0000194 seconds
38.210: [GC (Allocation Failure)  123437K->6061K(460800K), 0.0014615 secs]
38.212: Total time for which application threads were stopped: 0.0016007 seconds, Stopping threads took: 0.0000199 seconds
38.446: [GC (Allocation Failure)  120749K->3981K(460288K), 0.0008136 secs]
38.447: Total time for which application threads were stopped: 0.0009312 seconds, Stopping threads took: 0.0000199 seconds
38.672: [GC (Allocation Failure)  116109K->7716K(457216K), 0.0024050 secs]
38.674: Total time for which application threads were stopped: 0.0025818 seconds, Stopping threads took: 0.0000291 seconds
38.897: [GC (Allocation Failure)  117284K->7604K(455680K), 0.0023886 secs]
38.900: Total time for which application threads were stopped: 0.0025656 seconds, Stopping threads took: 0.0000280 seconds
39.118: [GC (Allocation Failure)  115124K->7892K(453632K), 0.0027609 secs]
39.121: Total time for which application threads were stopped: 0.0029324 seconds, Stopping threads took: 0.0000217 seconds
39.333: [GC (Allocation Failure)  113364K->6861K(450560K), 0.0018856 secs]
39.335: Total time for which application threads were stopped: 0.0020356 seconds, Stopping threads took: 0.0000185 seconds
39.545: [GC (Allocation Failure)  110285K->7844K(449536K), 0.0027579 secs]
39.548: Total time for which application threads were stopped: 0.0029290 seconds, Stopping threads took: 0.0000198 seconds
39.755: [GC (Allocation Failure)  109220K->7604K(446976K), 0.0023692 secs]
39.758: Total time for which application threads were stopped: 0.0025246 seconds, Stopping threads took: 0.0000196 seconds
39.965: [GC (Allocation Failure)  106932K->7732K(444928K), 0.0023871 secs]
39.968: Total time for which application threads were stopped: 0.0025505 seconds, Stopping threads took: 0.0000197 seconds
40.165: [GC (Allocation Failure)  105012K->7668K(446976K), 0.0024308 secs]
40.167: Total time for which application threads were stopped: 0.0025968 seconds, Stopping threads took: 0.0000200 seconds
40.367: [GC (Allocation Failure)  105460K->7636K(447488K), 0.0022233 secs]
40.369: Total time for which application threads were stopped: 0.0024083 seconds, Stopping threads took: 0.0000323 seconds
40.571: [GC (Allocation Failure)  105428K->7604K(467456K), 0.0024948 secs]
40.573: Total time for which application threads were stopped: 0.0026775 seconds, Stopping threads took: 0.0000274 seconds
40.816: [GC (Allocation Failure)  125364K->7668K(467456K), 0.0024579 secs]
40.819: Total time for which application threads were stopped: 0.0026524 seconds, Stopping threads took: 0.0000185 seconds
41.056: [GC (Allocation Failure)  125428K->7700K(491008K), 0.0025584 secs]
41.059: Total time for which application threads were stopped: 0.0027708 seconds, Stopping threads took: 0.0000201 seconds
41.350: [GC (Allocation Failure)  149012K->8052K(491008K), 0.0031336 secs]
41.353: Total time for which application threads were stopped: 0.0032985 seconds, Stopping threads took: 0.0000189 seconds
41.636: [GC (Allocation Failure)  149364K->5965K(483840K), 0.0014538 secs]
41.637: Total time for which application threads were stopped: 0.0015883 seconds, Stopping threads took: 0.0000190 seconds
41.915: [GC (Allocation Failure)  143693K->6509K(481280K), 0.0016999 secs]
41.916: Total time for which application threads were stopped: 0.0018485 seconds, Stopping threads took: 0.0000193 seconds
42.191: [GC (Allocation Failure)  141165K->4717K(476672K), 0.0011687 secs]
42.192: Total time for which application threads were stopped: 0.0013004 seconds, Stopping threads took: 0.0000177 seconds
42.458: [GC (Allocation Failure)  136301K->7796K(476672K), 0.0026226 secs]
42.461: Total time for which application threads were stopped: 0.0027887 seconds, Stopping threads took: 0.0000198 seconds
42.717: [GC (Allocation Failure)  136308K->7604K(473088K), 0.0023217 secs]
42.719: Total time for which application threads were stopped: 0.0024904 seconds, Stopping threads took: 0.0000272 seconds
42.974: [GC (Allocation Failure)  133044K->7748K(470016K), 0.0026156 secs]
42.977: Total time for which application threads were stopped: 0.0027726 seconds, Stopping threads took: 0.0000198 seconds
43.229: [GC (Allocation Failure)  130116K->3885K(463872K), 0.0008754 secs]
43.230: Total time for which application threads were stopped: 0.0009919 seconds, Stopping threads took: 0.0000195 seconds
43.469: [GC (Allocation Failure)  123693K->5581K(462848K), 0.0012151 secs]
43.471: Total time for which application threads were stopped: 0.0013478 seconds, Stopping threads took: 0.0000195 seconds
43.707: [GC (Allocation Failure)  122829K->5421K(460288K), 0.0013344 secs]
43.708: Total time for which application threads were stopped: 0.0014655 seconds, Stopping threads took: 0.0000196 seconds
43.946: [GC (Allocation Failure)  120109K->3405K(455680K), 0.0006801 secs]
43.947: Total time for which application threads were stopped: 0.0007972 seconds, Stopping threads took: 0.0000198 seconds
44.171: [GC (Allocation Failure)  115533K->7668K(457216K), 0.0022682 secs]
44.173: Total time for which application threads were stopped: 0.0024372 seconds, Stopping threads took: 0.0000271 seconds
44.392: [GC (Allocation Failure)  117236K->7540K(455168K), 0.0023984 secs]
44.394: Total time for which application threads were stopped: 0.0025411 seconds, Stopping threads took: 0.0000186 seconds
44.614: [GC (Allocation Failure)  115060K->7828K(453632K), 0.0025058 secs]
44.617: Total time for which application threads were stopped: 0.0026687 seconds, Stopping threads took: 0.0000193 seconds
44.833: [GC (Allocation Failure)  113300K->6189K(449536K), 0.0015655 secs]
44.835: Total time for which application threads were stopped: 0.0017478 seconds, Stopping threads took: 0.0000284 seconds
45.043: [GC (Allocation Failure)  109613K->7796K(449536K), 0.0025190 secs]
45.046: Total time for which application threads were stopped: 0.0026840 seconds, Stopping threads took: 0.0000200 seconds
45.255: [GC (Allocation Failure)  109172K->7540K(446976K), 0.0025576 secs]
45.258: Total time for which application threads were stopped: 0.0027137 seconds, Stopping threads took: 0.0000168 seconds
45.460: [GC (Allocation Failure)  106868K->7668K(444928K), 0.0022990 secs]
45.462: Total time for which application threads were stopped: 0.0024556 seconds, Stopping threads took: 0.0000195 seconds
45.662: [GC (Allocation Failure)  104948K->7572K(442880K), 0.0023632 secs]
45.665: Total time for which application threads were stopped: 0.0025296 seconds, Stopping threads took: 0.0000195 seconds
45.857: [GC (Allocation Failure)  102804K->7956K(462848K), 0.0026749 secs]
45.860: Total time for which application threads were stopped: 0.0028351 seconds, Stopping threads took: 0.0000275 seconds
46.092: [GC (Allocation Failure)  122644K->7732K(459776K), 0.0023880 secs]
46.095: Total time for which application threads were stopped: 0.0025817 seconds, Stopping threads took: 0.0000197 seconds
46.330: [GC (Allocation Failure)  119860K->5421K(455168K), 0.0012448 secs]
46.331: Total time for which application threads were stopped: 0.0014040 seconds, Stopping threads took: 0.0000192 seconds
46.553: [GC (Allocation Failure)  114989K->7636K(455168K), 0.0023644 secs]
46.555: Total time for which application threads were stopped: 0.0025198 seconds, Stopping threads took: 0.0000184 seconds
46.773: [GC (Allocation Failure)  115156K->6637K(452608K), 0.0015696 secs]
46.774: Total time for which application threads were stopped: 0.0017258 seconds, Stopping threads took: 0.0000200 seconds
46.992: [GC (Allocation Failure)  112109K->8068K(451584K), 0.0028861 secs]
46.995: Total time for which application threads were stopped: 0.0030442 seconds, Stopping threads took: 0.0000205 seconds
47.209: [GC (Allocation Failure)  111492K->7956K(449536K), 0.0027262 secs]
47.212: Total time for which application threads were stopped: 0.0028893 seconds, Stopping threads took: 0.0000192 seconds
47.417: [GC (Allocation Failure)  109332K->4461K(443904K), 0.0010360 secs]
47.418: Total time for which application threads were stopped: 0.0011590 seconds, Stopping threads took: 0.0000199 seconds
47.623: [GC (Allocation Failure)  103789K->5485K(445440K), 0.0014581 secs]
47.624: Total time for which application threads were stopped: 0.0016165 seconds, Stopping threads took: 0.0000192 seconds
47.826: [GC (Allocation Failure)  102765K->4973K(440320K), 0.0010550 secs]
47.828: Total time for which application threads were stopped: 0.0011929 seconds, Stopping threads took: 0.0000269 seconds
48.021: [GC (Allocation Failure)  100205K->8084K(442368K), 0.0027321 secs]
48.024: Total time for which application threads were stopped: 0.0029304 seconds, Stopping threads took: 0.0000283 seconds
48.218: [GC (Allocation Failure)  101780K->7732K(439808K), 0.0023830 secs]
48.221: Total time for which application threads were stopped: 0.0025564 seconds, Stopping threads took: 0.0000267 seconds
48.404: [GC (Allocation Failure)  99892K->7796K(442368K), 0.0025807 secs]
48.407: Total time for which application threads were stopped: 0.0027618 seconds, Stopping threads took: 0.0000298 seconds
48.596: [GC (Allocation Failure)  99956K->5837K(436736K), 0.0012512 secs]
48.597: Total time for which application threads were stopped: 0.0013924 seconds, Stopping threads took: 0.0000214 seconds
48.787: [GC (Allocation Failure)  96461K->7764K(440832K), 0.0027834 secs]
48.790: Total time for which application threads were stopped: 0.0029413 seconds, Stopping threads took: 0.0000200 seconds
48.969: [GC (Allocation Failure)  98388K->7716K(440832K), 0.0024513 secs]
48.972: Total time for which application threads were stopped: 0.0026054 seconds, Stopping threads took: 0.0000197 seconds
49.159: [GC (Allocation Failure)  98340K->4205K(433664K), 0.0007623 secs]
49.160: Total time for which application threads were stopped: 0.0008814 seconds, Stopping threads took: 0.0000182 seconds
49.338: [GC (Allocation Failure)  93293K->8004K(453632K), 0.0028524 secs]
49.341: Total time for which application threads were stopped: 0.0030094 seconds, Stopping threads took: 0.0000196 seconds
49.558: [GC (Allocation Failure)  111428K->7908K(457728K), 0.0026447 secs]
49.561: Total time for which application threads were stopped: 0.0028097 seconds, Stopping threads took: 0.0000192 seconds
49.775: [GC (Allocation Failure)  114916K->7604K(457728K), 0.0024110 secs]
49.778: Total time for which application threads were stopped: 0.0025720 seconds, Stopping threads took: 0.0000262 seconds
49.997: [GC (Allocation Failure)  114612K->7796K(478720K), 0.0026670 secs]
50.000: Total time for which application threads were stopped: 0.0028356 seconds, Stopping threads took: 0.0000202 seconds
50.264: [GC (Allocation Failure)  136308K->7604K(478720K), 0.0025651 secs]
50.267: Total time for which application threads were stopped: 0.0027365 seconds, Stopping threads took: 0.0000255 seconds
50.529: [GC (Allocation Failure)  136116K->7956K(504832K), 0.0027565 secs]
50.532: Total time for which application threads were stopped: 0.0029571 seconds, Stopping threads took: 0.0000270 seconds
50.853: [GC (Allocation Failure)  162580K->7828K(498688K), 0.0026257 secs]
50.856: Total time for which application threads were stopped: 0.0027823 seconds, Stopping threads took: 0.0000181 seconds
51.159: [GC (Allocation Failure)  158356K->7860K(495104K), 0.0026890 secs]
51.162: Total time for which application threads were stopped: 0.0028525 seconds, Stopping threads took: 0.0000205 seconds
51.466: [GC (Allocation Failure)  154804K->3661K(486912K), 0.0008402 secs]
51.467: Total time for which application threads were stopped: 0.0009651 seconds, Stopping threads took: 0.0000199 seconds
51.754: [GC (Allocation Failure)  147021K->7572K(487424K), 0.0023512 secs]
51.756: Total time for which application threads were stopped: 0.0025153 seconds, Stopping threads took: 0.0000205 seconds
52.040: [GC (Allocation Failure)  147348K->7812K(484352K), 0.0025203 secs]
52.042: Total time for which application threads were stopped: 0.0026990 seconds, Stopping threads took: 0.0000206 seconds
52.321: [GC (Allocation Failure)  144004K->7716K(480768K), 0.0024881 secs]
52.324: Total time for which application threads were stopped: 0.0026534 seconds, Stopping threads took: 0.0000198 seconds
52.594: [GC (Allocation Failure)  140836K->6701K(476672K), 0.0017115 secs]
52.595: Total time for which application threads were stopped: 0.0018566 seconds, Stopping threads took: 0.0000197 seconds
52.867: [GC (Allocation Failure)  136749K->7860K(475136K), 0.0024342 secs]
52.870: Total time for which application threads were stopped: 0.0026082 seconds, Stopping threads took: 0.0000272 seconds
53.124: [GC (Allocation Failure)  134836K->7604K(471552K), 0.0023317 secs]
53.126: Total time for which application threads were stopped: 0.0024965 seconds, Stopping threads took: 0.0000205 seconds
53.380: [GC (Allocation Failure)  131508K->7604K(468992K), 0.0022870 secs]
53.383: Total time for which application threads were stopped: 0.0024528 seconds, Stopping threads took: 0.0000197 seconds
53.630: [GC (Allocation Failure)  128948K->7908K(466944K), 0.0029201 secs]
53.633: Total time for which application threads were stopped: 0.0030942 seconds, Stopping threads took: 0.0000204 seconds
53.877: [GC (Allocation Failure)  126692K->7964K(463360K), 0.0027472 secs]
53.880: Total time for which application threads were stopped: 0.0029080 seconds, Stopping threads took: 0.0000203 seconds
54.116: [GC (Allocation Failure)  124188K->9116K(461824K), 0.0031610 secs]
54.120: Total time for which application threads were stopped: 0.0033298 seconds, Stopping threads took: 0.0000196 seconds
54.351: [GC (Allocation Failure)  122780K->8732K(458752K), 0.0022568 secs]
54.353: Total time for which application threads were stopped: 0.0024251 seconds, Stopping threads took: 0.0000198 seconds
54.575: [GC (Allocation Failure)  119836K->8764K(470528K), 0.0027336 secs]
54.578: Total time for which application threads were stopped: 0.0029091 seconds, Stopping threads took: 0.0000195 seconds
54.827: [GC (Allocation Failure)  129596K->9084K(482816K), 0.0026674 secs]
54.829: Total time for which application threads were stopped: 0.0028412 seconds, Stopping threads took: 0.0000277 seconds
55.104: [GC (Allocation Failure)  142716K->8764K(478208K), 0.0023443 secs]
55.106: Total time for which application threads were stopped: 0.0025011 seconds, Stopping threads took: 0.0000202 seconds
55.378: [GC (Allocation Failure)  139324K->4949K(473088K), 0.0007712 secs]
55.379: Total time for which application threads were stopped: 0.0009036 seconds, Stopping threads took: 0.0000196 seconds
55.633: [GC (Allocation Failure)  132437K->9068K(472576K), 0.0025574 secs]
55.636: Total time for which application threads were stopped: 0.0027243 seconds, Stopping threads took: 0.0000200 seconds
55.890: [GC (Allocation Failure)  133484K->9084K(470016K), 0.0028199 secs]
55.893: Total time for which application threads were stopped: 0.0030222 seconds, Stopping threads took: 0.0000201 seconds
56.138: [GC (Allocation Failure)  130940K->6165K(464384K), 0.0013872 secs]
56.140: Total time for which application threads were stopped: 0.0015206 seconds, Stopping threads took: 0.0000193 seconds
56.380: [GC (Allocation Failure)  125461K->7517K(463360K), 0.0015019 secs]
56.382: Total time for which application threads were stopped: 0.0016563 seconds, Stopping threads took: 0.0000202 seconds
56.617: [GC (Allocation Failure)  124253K->6973K(460288K), 0.0013213 secs]
56.619: Total time for which application threads were stopped: 0.0014628 seconds, Stopping threads took: 0.0000198 seconds
56.857: [GC (Allocation Failure)  121149K->4541K(459776K), 0.0006284 secs]
56.857: Total time for which application threads were stopped: 0.0007524 seconds, Stopping threads took: 0.0000265 seconds
57.080: [GC (Allocation Failure)  116157K->8772K(456704K), 0.0024237 secs]
57.083: Total time for which application threads were stopped: 0.0025984 seconds, Stopping threads took: 0.0000208 seconds
57.303: [GC (Allocation Failure)  117828K->8381K(455168K), 0.0017566 secs]
57.305: Total time for which application threads were stopped: 0.0019119 seconds, Stopping threads took: 0.0000211 seconds
57.527: [GC (Allocation Failure)  115389K->8868K(452608K), 0.0024018 secs]
57.530: Total time for which application threads were stopped: 0.0025700 seconds, Stopping threads took: 0.0000192 seconds
57.742: [GC (Allocation Failure)  113828K->5853K(451072K), 0.0011884 secs]
57.743: Total time for which application threads were stopped: 0.0013141 seconds, Stopping threads took: 0.0000199 seconds
57.955: [GC (Allocation Failure)  108765K->8772K(448512K), 0.0024249 secs]
57.958: Total time for which application threads were stopped: 0.0025877 seconds, Stopping threads took: 0.0000201 seconds
58.162: [GC (Allocation Failure)  109636K->9044K(446976K), 0.0025745 secs]
58.165: Total time for which application threads were stopped: 0.0027508 seconds, Stopping threads took: 0.0000281 seconds
58.371: [GC (Allocation Failure)  107860K->9092K(444928K), 0.0027582 secs]
58.373: Total time for which application threads were stopped: 0.0029544 seconds, Stopping threads took: 0.0000202 seconds
58.571: [GC (Allocation Failure)  105860K->9012K(446976K), 0.0025323 secs]
58.573: Total time for which application threads were stopped: 0.0027106 seconds, Stopping threads took: 0.0000284 seconds
58.769: [GC (Allocation Failure)  105780K->8916K(446976K), 0.0023775 secs]
58.772: Total time for which application threads were stopped: 0.0025449 seconds, Stopping threads took: 0.0000275 seconds
58.966: [GC (Allocation Failure)  105684K->8772K(466432K), 0.0022892 secs]
58.968: Total time for which application threads were stopped: 0.0024476 seconds, Stopping threads took: 0.0000204 seconds
59.207: [GC (Allocation Failure)  124996K->8797K(461312K), 0.0020343 secs]
59.209: Total time for which application threads were stopped: 0.0021850 seconds, Stopping threads took: 0.0000245 seconds
59.442: [GC (Allocation Failure)  122461K->5981K(458752K), 0.0010758 secs]
59.443: Total time for which application threads were stopped: 0.0012085 seconds, Stopping threads took: 0.0000193 seconds
59.673: [GC (Allocation Failure)  117085K->8932K(456192K), 0.0022908 secs]
59.676: Total time for which application threads were stopped: 0.0024833 seconds, Stopping threads took: 0.0000204 seconds
59.895: [GC (Allocation Failure)  117476K->8733K(454656K), 0.0020392 secs]
59.897: Total time for which application threads were stopped: 0.0022010 seconds, Stopping threads took: 0.0000278 seconds
60.115: [GC (Allocation Failure)  115229K->8868K(452096K), 0.0022748 secs]
60.117: Total time for which application threads were stopped: 0.0024382 seconds, Stopping threads took: 0.0000196 seconds
60.330: [GC (Allocation Failure)  113316K->5469K(450560K), 0.0008704 secs]
60.331: Total time for which application threads were stopped: 0.0009891 seconds, Stopping threads took: 0.0000194 seconds
60.534: [GC (Allocation Failure)  107869K->8765K(448000K), 0.0020828 secs]
60.536: Total time for which application threads were stopped: 0.0022396 seconds, Stopping threads took: 0.0000202 seconds
60.739: [GC (Allocation Failure)  109117K->8900K(446464K), 0.0023694 secs]
60.741: Total time for which application threads were stopped: 0.0025426 seconds, Stopping threads took: 0.0000286 seconds
60.944: [GC (Allocation Failure)  107204K->8932K(443904K), 0.0024609 secs]
60.947: Total time for which application threads were stopped: 0.0027003 seconds, Stopping threads took: 0.0000606 seconds
61.144: [GC (Allocation Failure)  105188K->8772K(442368K), 0.0024177 secs]
61.147: Total time for which application threads were stopped: 0.0025827 seconds, Stopping threads took: 0.0000175 seconds
61.342: [GC (Allocation Failure)  102980K->6845K(438272K), 0.0013478 secs]
61.343: Total time for which application threads were stopped: 0.0014903 seconds, Stopping threads took: 0.0000270 seconds
61.531: [GC (Allocation Failure)  99517K->9124K(439808K), 0.0029164 secs]
61.534: Total time for which application threads were stopped: 0.0031019 seconds, Stopping threads took: 0.0000217 seconds
61.715: [GC (Allocation Failure)  100260K->9092K(441344K), 0.0028254 secs]
61.718: Total time for which application threads were stopped: 0.0029968 seconds, Stopping threads took: 0.0000220 seconds
61.906: [GC (Allocation Failure)  100228K->7389K(459776K), 0.0014463 secs]
61.907: Total time for which application threads were stopped: 0.0015876 seconds, Stopping threads took: 0.0000201 seconds
62.134: [GC (Allocation Failure)  116957K->9012K(459776K), 0.0026569 secs]
62.137: Total time for which application threads were stopped: 0.0028280 seconds, Stopping threads took: 0.0000279 seconds
62.356: [GC (Allocation Failure)  118580K->8868K(480768K), 0.0025148 secs]
62.359: Total time for which application threads were stopped: 0.0026682 seconds, Stopping threads took: 0.0000198 seconds
62.630: [GC (Allocation Failure)  140452K->6077K(473600K), 0.0010364 secs]
62.631: Total time for which application threads were stopped: 0.0011596 seconds, Stopping threads took: 0.0000190 seconds
62.890: [GC (Allocation Failure)  134589K->8740K(473088K), 0.0025648 secs]
62.892: Total time for which application threads were stopped: 0.0027369 seconds, Stopping threads took: 0.0000205 seconds
63.146: [GC (Allocation Failure)  134180K->5661K(466944K), 0.0010860 secs]
63.147: Total time for which application threads were stopped: 0.0012131 seconds, Stopping threads took: 0.0000194 seconds
63.391: [GC (Allocation Failure)  128029K->8740K(467456K), 0.0023336 secs]
63.393: Total time for which application threads were stopped: 0.0025039 seconds, Stopping threads took: 0.0000201 seconds
63.634: [GC (Allocation Failure)  128548K->8948K(464896K), 0.0024082 secs]
63.637: Total time for which application threads were stopped: 0.0025623 seconds, Stopping threads took: 0.0000271 seconds
63.874: [GC (Allocation Failure)  126196K->8916K(462336K), 0.0024412 secs]
63.876: Total time for which application threads were stopped: 0.0026329 seconds, Stopping threads took: 0.0000270 seconds
64.111: [GC (Allocation Failure)  123604K->8701K(459776K), 0.0020920 secs]
64.113: Total time for which application threads were stopped: 0.0022525 seconds, Stopping threads took: 0.0000196 seconds
64.350: [GC (Allocation Failure)  120829K->4765K(457216K), 0.0007910 secs]
64.351: Total time for which application threads were stopped: 0.0009028 seconds, Stopping threads took: 0.0000258 seconds
64.575: [GC (Allocation Failure)  114333K->9252K(455680K), 0.0027570 secs]
64.578: Total time for which application threads were stopped: 0.0029196 seconds, Stopping threads took: 0.0000197 seconds
64.799: [GC (Allocation Failure)  116772K->6013K(453632K), 0.0008958 secs]
64.800: Total time for which application threads were stopped: 0.0010314 seconds, Stopping threads took: 0.0000284 seconds
65.013: [GC (Allocation Failure)  111485K->9028K(451584K), 0.0025433 secs]
65.016: Total time for which application threads were stopped: 0.0027045 seconds, Stopping threads took: 0.0000201 seconds
65.227: [GC (Allocation Failure)  112452K->8916K(450048K), 0.0023737 secs]
65.230: Total time for which application threads were stopped: 0.0025405 seconds, Stopping threads took: 0.0000192 seconds
65.434: [GC (Allocation Failure)  110292K->9252K(447488K), 0.0027224 secs]
65.437: Total time for which application threads were stopped: 0.0028857 seconds, Stopping threads took: 0.0000277 seconds
65.642: [GC (Allocation Failure)  108580K->4829K(445952K), 0.0007469 secs]
65.642: Total time for which application threads were stopped: 0.0008642 seconds, Stopping threads took: 0.0000195 seconds
65.839: [GC (Allocation Failure)  102109K->9236K(443392K), 0.0029115 secs]
65.842: Total time for which application threads were stopped: 0.0030712 seconds, Stopping threads took: 0.0000268 seconds
66.038: [GC (Allocation Failure)  104468K->9108K(442880K), 0.0024798 secs]
66.041: Total time for which application threads were stopped: 0.0026452 seconds, Stopping threads took: 0.0000278 seconds
66.228: [GC (Allocation Failure)  102804K->9268K(444416K), 0.0026021 secs]
66.231: Total time for which application threads were stopped: 0.0027471 seconds, Stopping threads took: 0.0000175 seconds
66.419: [GC (Allocation Failure)  102964K->8868K(462848K), 0.0042168 secs]
66.423: Total time for which application threads were stopped: 0.0043799 seconds, Stopping threads took: 0.0000278 seconds
66.657: [GC (Allocation Failure)  121508K->7037K(463360K), 0.0013742 secs]
66.659: Total time for which application threads were stopped: 0.0015310 seconds, Stopping threads took: 0.0000195 seconds
66.889: [GC (Allocation Failure)  119677K->9196K(485888K), 0.0027351 secs]
66.892: Total time for which application threads were stopped: 0.0029178 seconds, Stopping threads took: 0.0000206 seconds
67.168: [GC (Allocation Failure)  144364K->9036K(485888K), 0.0025756 secs]
67.171: Total time for which application threads were stopped: 0.0027451 seconds, Stopping threads took: 0.0000272 seconds
67.444: [GC (Allocation Failure)  144204K->8876K(513024K), 0.0025259 secs]
67.446: Total time for which application threads were stopped: 0.0027042 seconds, Stopping threads took: 0.0000277 seconds
67.781: [GC (Allocation Failure)  171180K->4805K(501760K), 0.0006831 secs]
67.782: Total time for which application threads were stopped: 0.0008102 seconds, Stopping threads took: 0.0000266 seconds
68.101: [GC (Allocation Failure)  163013K->5989K(500736K), 0.0010922 secs]
68.102: Total time for which application threads were stopped: 0.0012154 seconds, Stopping threads took: 0.0000195 seconds
68.417: [GC (Allocation Failure)  160101K->9260K(498176K), 0.0028076 secs]
68.420: Total time for which application threads were stopped: 0.0029632 seconds, Stopping threads took: 0.0000198 seconds
68.720: [GC (Allocation Failure)  159276K->9340K(494592K), 0.0028492 secs]
68.722: Total time for which application threads were stopped: 0.0030231 seconds, Stopping threads took: 0.0000201 seconds
69.025: [GC (Allocation Failure)  155772K->6149K(487936K), 0.0012188 secs]
69.026: Total time for which application threads were stopped: 0.0013441 seconds, Stopping threads took: 0.0000191 seconds
69.317: [GC (Allocation Failure)  148997K->8876K(486912K), 0.0024916 secs]
69.319: Total time for which application threads were stopped: 0.0026551 seconds, Stopping threads took: 0.0000198 seconds
69.600: [GC (Allocation Failure)  148140K->9052K(483840K), 0.0026326 secs]
69.602: Total time for which application threads were stopped: 0.0027934 seconds, Stopping threads took: 0.0000203 seconds
69.880: [GC (Allocation Failure)  144732K->8972K(480768K), 0.0025700 secs]
69.883: Total time for which application threads were stopped: 0.0027341 seconds, Stopping threads took: 0.0000284 seconds
70.156: [GC (Allocation Failure)  141580K->7749K(476160K), 0.0017558 secs]
70.158: Total time for which application threads were stopped: 0.0019010 seconds, Stopping threads took: 0.0000196 seconds
70.424: [GC (Allocation Failure)  137285K->9036K(474624K), 0.0025909 secs]
70.427: Total time for which application threads were stopped: 0.0028246 seconds, Stopping threads took: 0.0000279 seconds
70.682: [GC (Allocation Failure)  135500K->8805K(471040K), 0.0021710 secs]
70.685: Total time for which application threads were stopped: 0.0023212 seconds, Stopping threads took: 0.0000193 seconds
70.935: [GC (Allocation Failure)  132197K->9212K(468992K), 0.0025723 secs]
70.937: Total time for which application threads were stopped: 0.0027320 seconds, Stopping threads took: 0.0000195 seconds
71.185: [GC (Allocation Failure)  130044K->8940K(465920K), 0.0030813 secs]
71.188: Total time for which application threads were stopped: 0.0032729 seconds, Stopping threads took: 0.0000182 seconds
71.429: [GC (Allocation Failure)  127212K->8988K(463872K), 0.0022982 secs]
71.431: Total time for which application threads were stopped: 0.0024667 seconds, Stopping threads took: 0.0000199 seconds
71.669: [GC (Allocation Failure)  124700K->8876K(460800K), 0.0025690 secs]
71.671: Total time for which application threads were stopped: 0.0027407 seconds, Stopping threads took: 0.0000190 seconds
71.901: [GC (Allocation Failure)  122028K->9020K(458752K), 0.0024234 secs]
71.904: Total time for which application threads were stopped: 0.0025918 seconds, Stopping threads took: 0.0000211 seconds
72.129: [GC (Allocation Failure)  119612K->6629K(454144K), 0.0012667 secs]
72.131: Total time for which application threads were stopped: 0.0013955 seconds, Stopping threads took: 0.0000190 seconds
72.350: [GC (Allocation Failure)  115173K->8812K(454144K), 0.0023131 secs]
72.353: Total time for which application threads were stopped: 0.0024795 seconds, Stopping threads took: 0.0000207 seconds
72.568: [GC (Allocation Failure)  115308K->6309K(449536K), 0.0012496 secs]
72.569: Total time for which application threads were stopped: 0.0013721 seconds, Stopping threads took: 0.0000187 seconds
72.781: [GC (Allocation Failure)  110757K->9020K(450560K), 0.0025226 secs]
72.784: Total time for which application threads were stopped: 0.0026818 seconds, Stopping threads took: 0.0000259 seconds
72.992: [GC (Allocation Failure)  111420K->8748K(448000K), 0.0024969 secs]
72.995: Total time for which application threads were stopped: 0.0026510 seconds, Stopping threads took: 0.0000198 seconds
73.204: [GC (Allocation Failure)  109100K->9004K(446464K), 0.0024435 secs]
73.206: Total time for which application threads were stopped: 0.0026032 seconds, Stopping threads took: 0.0000196 seconds
73.406: [GC (Allocation Failure)  107308K->9036K(444416K), 0.0023846 secs]
73.409: Total time for which application threads were stopped: 0.0025618 seconds, Stopping threads took: 0.0000210 seconds
73.606: [GC (Allocation Failure)  105292K->8908K(441856K), 0.0022239 secs]
73.608: Total time for which application threads were stopped: 0.0024021 seconds, Stopping threads took: 0.0000282 seconds
73.800: [GC (Allocation Failure)  103116K->9116K(444928K), 0.0026454 secs]
73.803: Total time for which application threads were stopped: 0.0028001 seconds, Stopping threads took: 0.0000201 seconds
73.994: [GC (Allocation Failure)  104348K->8940K(462848K), 0.0026916 secs]
73.997: Total time for which application threads were stopped: 0.0028607 seconds, Stopping threads took: 0.0000203 seconds
74.229: [GC (Allocation Failure)  122092K->7333K(456704K), 0.0014571 secs]
74.230: Total time for which application threads were stopped: 0.0016201 seconds, Stopping threads took: 0.0000343 seconds
74.461: [GC (Allocation Failure)  117925K->9116K(460288K), 0.0026983 secs]
74.464: Total time for which application threads were stopped: 0.0028649 seconds, Stopping threads took: 0.0000200 seconds
74.686: [GC (Allocation Failure)  119708K->9020K(460288K), 0.0025495 secs]
74.688: Total time for which application threads were stopped: 0.0027282 seconds, Stopping threads took: 0.0000288 seconds
74.916: [GC (Allocation Failure)  119612K->6533K(454144K), 0.0012685 secs]
74.917: Total time for which application threads were stopped: 0.0013991 seconds, Stopping threads took: 0.0000193 seconds
75.136: [GC (Allocation Failure)  115077K->8748K(454144K), 0.0026643 secs]
75.138: Total time for which application threads were stopped: 0.0028381 seconds, Stopping threads took: 0.0000287 seconds
75.356: [GC (Allocation Failure)  115244K->6213K(449536K), 0.0010027 secs]
75.357: Total time for which application threads were stopped: 0.0011286 seconds, Stopping threads took: 0.0000249 seconds
75.565: [GC (Allocation Failure)  110648K->8988K(450560K), 0.0024086 secs]
75.567: Total time for which application threads were stopped: 0.0025980 seconds, Stopping threads took: 0.0000200 seconds
75.779: [GC (Allocation Failure)  111388K->8780K(448000K), 0.0023122 secs]
75.781: Total time for which application threads were stopped: 0.0024520 seconds, Stopping threads took: 0.0000167 seconds
75.983: [GC (Allocation Failure)  109132K->8988K(446464K), 0.0026954 secs]
75.986: Total time for which application threads were stopped: 0.0028765 seconds, Stopping threads took: 0.0000217 seconds
76.191: [GC (Allocation Failure)  107292K->8988K(464384K), 0.0034564 secs]
76.195: Total time for which application threads were stopped: 0.0036497 seconds, Stopping threads took: 0.0000249 seconds
76.433: [GC (Allocation Failure)  126236K->9580K(466944K), 0.0024284 secs]
76.436: Total time for which application threads were stopped: 0.0025828 seconds, Stopping threads took: 0.0000183 seconds
76.675: [GC (Allocation Failure)  126828K->9516K(490496K), 0.0024838 secs]
76.677: Total time for which application threads were stopped: 0.0026540 seconds, Stopping threads took: 0.0000197 seconds
76.972: [GC (Allocation Failure)  150316K->9900K(490496K), 0.0030063 secs]
76.976: Total time for which application threads were stopped: 0.0031751 seconds, Stopping threads took: 0.0000185 seconds
77.259: [GC (Allocation Failure)  150700K->7701K(483328K), 0.0013281 secs]
77.260: Total time for which application threads were stopped: 0.0014678 seconds, Stopping threads took: 0.0000258 seconds
77.537: [GC (Allocation Failure)  144917K->7829K(480256K), 0.0016095 secs]
77.539: Total time for which application threads were stopped: 0.0017522 seconds, Stopping threads took: 0.0000199 seconds
77.812: [GC (Allocation Failure)  141973K->5653K(475136K), 0.0006672 secs]
77.813: Total time for which application threads were stopped: 0.0007942 seconds, Stopping threads took: 0.0000283 seconds
78.075: [GC (Allocation Failure)  136725K->9404K(475648K), 0.0026413 secs]
78.078: Total time for which application threads were stopped: 0.0028053 seconds, Stopping threads took: 0.0000200 seconds
78.335: [GC (Allocation Failure)  137404K->8949K(472064K), 0.0018029 secs]
78.337: Total time for which application threads were stopped: 0.0019542 seconds, Stopping threads took: 0.0000193 seconds
78.590: [GC (Allocation Failure)  133877K->9836K(470016K), 0.0029406 secs]
78.593: Total time for which application threads were stopped: 0.0031142 seconds, Stopping threads took: 0.0000284 seconds
78.842: [GC (Allocation Failure)  131692K->9612K(466944K), 0.0024951 secs]
78.845: Total time for which application threads were stopped: 0.0026738 seconds, Stopping threads took: 0.0000197 seconds
79.087: [GC (Allocation Failure)  128908K->9948K(464896K), 0.0028686 secs]
79.090: Total time for which application threads were stopped: 0.0030405 seconds, Stopping threads took: 0.0000267 seconds
79.327: [GC (Allocation Failure)  126684K->9836K(462336K), 0.0032511 secs]
79.330: Total time for which application threads were stopped: 0.0034099 seconds, Stopping threads took: 0.0000200 seconds
79.559: [GC (Allocation Failure)  124012K->9564K(459264K), 0.0027412 secs]
79.562: Total time for which application threads were stopped: 0.0029237 seconds, Stopping threads took: 0.0000195 seconds
79.785: [GC (Allocation Failure)  121180K->9612K(456704K), 0.0022964 secs]
79.787: Total time for which application threads were stopped: 0.0024685 seconds, Stopping threads took: 0.0000271 seconds
80.011: [GC (Allocation Failure)  118668K->5525K(450560K), 0.0008704 secs]
80.012: Total time for which application threads were stopped: 0.0010090 seconds, Stopping threads took: 0.0000216 seconds
80.232: [GC (Allocation Failure)  112533K->9692K(453120K), 0.0024663 secs]
80.234: Total time for which application threads were stopped: 0.0026252 seconds, Stopping threads took: 0.0000197 seconds
80.454: [GC (Allocation Failure)  114652K->9740K(451072K), 0.0027727 secs]
80.457: Total time for which application threads were stopped: 0.0029343 seconds, Stopping threads took: 0.0000272 seconds
80.668: [GC (Allocation Failure)  112652K->6677K(445952K), 0.0011260 secs]
80.669: Total time for which application threads were stopped: 0.0012596 seconds, Stopping threads took: 0.0000199 seconds
80.870: [GC (Allocation Failure)  107541K->8821K(445952K), 0.0016538 secs]
80.872: Total time for which application threads were stopped: 0.0018028 seconds, Stopping threads took: 0.0000201 seconds
81.070: [GC (Allocation Failure)  107596K->9429K(444416K), 0.0021324 secs]
81.072: Total time for which application threads were stopped: 0.0023041 seconds, Stopping threads took: 0.0000208 seconds
81.273: [GC (Allocation Failure)  106197K->8565K(441344K), 0.0017130 secs]
81.275: Total time for which application threads were stopped: 0.0018601 seconds, Stopping threads took: 0.0000253 seconds
81.468: [GC (Allocation Failure)  103285K->6197K(437760K), 0.0009800 secs]
81.469: Total time for which application threads were stopped: 0.0010992 seconds, Stopping threads took: 0.0000195 seconds
81.657: [GC (Allocation Failure)  99381K->9692K(439808K), 0.0023908 secs]
81.659: Total time for which application threads were stopped: 0.0025517 seconds, Stopping threads took: 0.0000274 seconds
81.844: [GC (Allocation Failure)  101340K->9740K(438272K), 0.0026247 secs]
81.847: Total time for which application threads were stopped: 0.0027702 seconds, Stopping threads took: 0.0000202 seconds
82.036: [GC (Allocation Failure)  99852K->6805K(433664K), 0.0011695 secs]
82.037: Total time for which application threads were stopped: 0.0012970 seconds, Stopping threads took: 0.0000195 seconds
82.219: [GC (Allocation Failure)  95381K->9964K(435200K), 0.0026302 secs]
82.221: Total time for which application threads were stopped: 0.0028059 seconds, Stopping threads took: 0.0000198 seconds
82.405: [GC (Allocation Failure)  97004K->6325K(430080K), 0.0010013 secs]
82.406: Total time for which application threads were stopped: 0.0011187 seconds, Stopping threads took: 0.0000184 seconds
82.574: [GC (Allocation Failure)  91829K->9612K(431616K), 0.0023977 secs]
82.577: Total time for which application threads were stopped: 0.0025577 seconds, Stopping threads took: 0.0000278 seconds
82.748: [GC (Allocation Failure)  93580K->9532K(430080K), 0.0023415 secs]
82.750: Total time for which application threads were stopped: 0.0025107 seconds, Stopping threads took: 0.0000275 seconds
82.923: [GC (Allocation Failure)  91964K->9868K(441856K), 0.0025969 secs]
82.926: Total time for which application threads were stopped: 0.0027744 seconds, Stopping threads took: 0.0000283 seconds
83.112: [GC (Allocation Failure)  103052K->9468K(443904K), 0.0022204 secs]
83.115: Total time for which application threads were stopped: 0.0023867 seconds, Stopping threads took: 0.0000200 seconds
83.302: [GC (Allocation Failure)  102652K->9644K(462336K), 0.0025196 secs]
83.304: Total time for which application threads were stopped: 0.0026899 seconds, Stopping threads took: 0.0000194 seconds
83.533: [GC (Allocation Failure)  121772K->7893K(462336K), 0.0016093 secs]
83.535: Total time for which application threads were stopped: 0.0017706 seconds, Stopping threads took: 0.0000196 seconds
83.767: [GC (Allocation Failure)  120021K->9804K(484864K), 0.0026373 secs]
83.769: Total time for which application threads were stopped: 0.0028048 seconds, Stopping threads took: 0.0000282 seconds
84.045: [GC (Allocation Failure)  144460K->9628K(484864K), 0.0027010 secs]
84.047: Total time for which application threads were stopped: 0.0028585 seconds, Stopping threads took: 0.0000186 seconds
84.321: [GC (Allocation Failure)  144284K->9404K(479232K), 0.0023764 secs]
84.323: Total time for which application threads were stopped: 0.0025394 seconds, Stopping threads took: 0.0000279 seconds
84.585: [GC (Allocation Failure)  140988K->9500K(476160K), 0.0027811 secs]
84.588: Total time for which application threads were stopped: 0.0029459 seconds, Stopping threads took: 0.0000280 seconds
84.859: [GC (Allocation Failure)  138012K->9852K(473600K), 0.0027959 secs]
84.862: Total time for which application threads were stopped: 0.0029886 seconds, Stopping threads took: 0.0000280 seconds
85.110: [GC (Allocation Failure)  135292K->9436K(470016K), 0.0025512 secs]
85.113: Total time for which application threads were stopped: 0.0027238 seconds, Stopping threads took: 0.0000211 seconds
85.361: [GC (Allocation Failure)  131804K->9852K(467968K), 0.0024844 secs]
85.364: Total time for which application threads were stopped: 0.0026761 seconds, Stopping threads took: 0.0000193 seconds
85.611: [GC (Allocation Failure)  129660K->9500K(464896K), 0.0027069 secs]
85.614: Total time for which application threads were stopped: 0.0028577 seconds, Stopping threads took: 0.0000160 seconds
85.851: [GC (Allocation Failure)  126748K->9412K(461824K), 0.0022820 secs]
85.853: Total time for which application threads were stopped: 0.0024571 seconds, Stopping threads took: 0.0000286 seconds
86.082: [GC (Allocation Failure)  124100K->10100K(460288K), 0.0028837 secs]
86.085: Total time for which application threads were stopped: 0.0030538 seconds, Stopping threads took: 0.0000204 seconds
86.312: [GC (Allocation Failure)  122228K->9629K(457216K), 0.0016880 secs]
86.314: Total time for which application threads were stopped: 0.0018437 seconds, Stopping threads took: 0.0000197 seconds
86.543: [GC (Allocation Failure)  119197K->10116K(455680K), 0.0028576 secs]
86.546: Total time for which application threads were stopped: 0.0030412 seconds, Stopping threads took: 0.0000207 seconds
86.761: [GC (Allocation Failure)  117636K->9748K(451584K), 0.0023035 secs]
86.764: Total time for which application threads were stopped: 0.0024739 seconds, Stopping threads took: 0.0000264 seconds
86.982: [GC (Allocation Failure)  115220K->11220K(451072K), 0.0023898 secs]
86.985: Total time for which application threads were stopped: 0.0025608 seconds, Stopping threads took: 0.0000189 seconds
87.199: [GC (Allocation Failure)  114644K->7373K(445440K), 0.0007764 secs]
87.199: Total time for which application threads were stopped: 0.0008714 seconds, Stopping threads took: 0.0000160 seconds
87.408: [GC (Allocation Failure)  108749K->9901K(445952K), 0.0014690 secs]
87.409: Total time for which application threads were stopped: 0.0016236 seconds, Stopping threads took: 0.0000199 seconds
87.611: [GC (Allocation Failure)  109229K->10957K(444928K), 0.0018428 secs]
87.613: Total time for which application threads were stopped: 0.0019916 seconds, Stopping threads took: 0.0000197 seconds
87.811: [GC (Allocation Failure)  108237K->10477K(442368K), 0.0018607 secs]
87.813: Total time for which application threads were stopped: 0.0020390 seconds, Stopping threads took: 0.0000282 seconds
88.010: [GC (Allocation Failure)  105709K->8461K(438784K), 0.0010293 secs]
88.011: Total time for which application threads were stopped: 0.0011559 seconds, Stopping threads took: 0.0000199 seconds
88.202: [GC (Allocation Failure)  102157K->11476K(440320K), 0.0026089 secs]
88.205: Total time for which application threads were stopped: 0.0027545 seconds, Stopping threads took: 0.0000159 seconds
88.389: [GC (Allocation Failure)  103636K->11588K(438784K), 0.0029076 secs]
88.392: Total time for which application threads were stopped: 0.0030742 seconds, Stopping threads took: 0.0000201 seconds
88.579: [GC (Allocation Failure)  102212K->10157K(435712K), 0.0021323 secs]
88.581: Total time for which application threads were stopped: 0.0022826 seconds, Stopping threads took: 0.0000216 seconds
88.762: [GC (Allocation Failure)  99245K->11332K(455168K), 0.0023053 secs]
88.765: Total time for which application threads were stopped: 0.0024637 seconds, Stopping threads took: 0.0000262 seconds
88.979: [GC (Allocation Failure)  118340K->10317K(452096K), 0.0018774 secs]
88.981: Total time for which application threads were stopped: 0.0020688 seconds, Stopping threads took: 0.0000355 seconds
89.197: [GC (Allocation Failure)  115277K->11516K(461824K), 0.0026439 secs]
89.200: Total time for which application threads were stopped: 0.0027724 seconds, Stopping threads took: 0.0000140 seconds
89.434: [GC (Allocation Failure)  125692K->11500K(459264K), 0.0023661 secs]
89.436: Total time for which application threads were stopped: 0.0025322 seconds, Stopping threads took: 0.0000209 seconds
89.665: [GC (Allocation Failure)  123116K->8933K(455680K), 0.0012668 secs]
89.666: Total time for which application threads were stopped: 0.0014134 seconds, Stopping threads took: 0.0000207 seconds
89.890: [GC (Allocation Failure)  117989K->11340K(454656K), 0.0024318 secs]
89.892: Total time for which application threads were stopped: 0.0025996 seconds, Stopping threads took: 0.0000195 seconds
90.108: [GC (Allocation Failure)  118348K->9445K(452608K), 0.0012860 secs]
90.109: Total time for which application threads were stopped: 0.0014280 seconds, Stopping threads took: 0.0000210 seconds
90.321: [GC (Allocation Failure)  114405K->11644K(451072K), 0.0027256 secs]
90.324: Total time for which application threads were stopped: 0.0029013 seconds, Stopping threads took: 0.0000284 seconds
90.533: [GC (Allocation Failure)  114556K->11516K(448512K), 0.0023188 secs]
90.536: Total time for which application threads were stopped: 0.0024838 seconds, Stopping threads took: 0.0000203 seconds
90.740: [GC (Allocation Failure)  112380K->11708K(446976K), 0.0027431 secs]
90.743: Total time for which application threads were stopped: 0.0029177 seconds, Stopping threads took: 0.0000287 seconds
90.947: [GC (Allocation Failure)  110524K->11804K(448512K), 0.0027929 secs]
90.950: Total time for which application threads were stopped: 0.0029484 seconds, Stopping threads took: 0.0000199 seconds
91.152: [GC (Allocation Failure)  111644K->8165K(442368K), 0.0007946 secs]
91.153: Total time for which application threads were stopped: 0.0009263 seconds, Stopping threads took: 0.0000192 seconds
91.351: [GC (Allocation Failure)  105957K->7973K(443904K), 0.0008209 secs]
91.352: Total time for which application threads were stopped: 0.0009443 seconds, Stopping threads took: 0.0000237 seconds
91.545: [GC (Allocation Failure)  103717K->11788K(442368K), 0.0027876 secs]
91.548: Total time for which application threads were stopped: 0.0029540 seconds, Stopping threads took: 0.0000207 seconds
91.737: [GC (Allocation Failure)  105996K->11500K(441344K), 0.0023299 secs]
91.740: Total time for which application threads were stopped: 0.0025123 seconds, Stopping threads took: 0.0000274 seconds
91.930: [GC (Allocation Failure)  104172K->11580K(442880K), 0.0025967 secs]
91.933: Total time for which application threads were stopped: 0.0027598 seconds, Stopping threads took: 0.0000286 seconds
92.124: [GC (Allocation Failure)  104252K->10373K(437760K), 0.0016605 secs]
92.126: Total time for which application threads were stopped: 0.0018117 seconds, Stopping threads took: 0.0000201 seconds
92.318: [GC (Allocation Failure)  101509K->11692K(458240K), 0.0028837 secs]
92.321: Total time for which application threads were stopped: 0.0030517 seconds, Stopping threads took: 0.0000199 seconds
92.535: [GC (Allocation Failure)  119724K->11468K(459776K), 0.0025795 secs]
92.537: Total time for which application threads were stopped: 0.0027476 seconds, Stopping threads took: 0.0000203 seconds
92.762: [GC (Allocation Failure)  121036K->11852K(459776K), 0.0026658 secs]
92.765: Total time for which application threads were stopped: 0.0028329 seconds, Stopping threads took: 0.0000279 seconds
92.988: [GC (Allocation Failure)  121420K->11708K(481792K), 0.0034067 secs]
92.991: Total time for which application threads were stopped: 0.0035661 seconds, Stopping threads took: 0.0000196 seconds
93.260: [GC (Allocation Failure)  143264K->11365K(481792K), 0.0019941 secs]
93.262: Total time for which application threads were stopped: 0.0021615 seconds, Stopping threads took: 0.0000272 seconds
93.532: [GC (Allocation Failure)  142949K->7269K(472064K), 0.0006231 secs]
93.533: Total time for which application threads were stopped: 0.0007497 seconds, Stopping threads took: 0.0000186 seconds
93.788: [GC (Allocation Failure)  135781K->11756K(475648K), 0.0028040 secs]
93.791: Total time for which application threads were stopped: 0.0029743 seconds, Stopping threads took: 0.0000218 seconds
94.048: [GC (Allocation Failure)  137196K->11868K(470528K), 0.0030739 secs]
94.051: Total time for which application threads were stopped: 0.0032340 seconds, Stopping threads took: 0.0000203 seconds
94.297: [GC (Allocation Failure)  134236K->10405K(466432K), 0.0019394 secs]
94.299: Total time for which application threads were stopped: 0.0020954 seconds, Stopping threads took: 0.0000282 seconds
94.539: [GC (Allocation Failure)  130213K->11372K(464896K), 0.0021979 secs]
94.541: Total time for which application threads were stopped: 0.0023736 seconds, Stopping threads took: 0.0000289 seconds
94.776: [GC (Allocation Failure)  128620K->11340K(462336K), 0.0026655 secs]
94.779: Total time for which application threads were stopped: 0.0028304 seconds, Stopping threads took: 0.0000205 seconds
95.011: [GC (Allocation Failure)  126028K->9861K(458240K), 0.0015121 secs]
95.013: Total time for which application threads were stopped: 0.0016596 seconds, Stopping threads took: 0.0000202 seconds
95.247: [GC (Allocation Failure)  121989K->11692K(457728K), 0.0027723 secs]
95.250: Total time for which application threads were stopped: 0.0029372 seconds, Stopping threads took: 0.0000195 seconds
95.471: [GC (Allocation Failure)  121260K->11628K(455680K), 0.0025320 secs]
95.473: Total time for which application threads were stopped: 0.0027062 seconds, Stopping threads took: 0.0000281 seconds
95.695: [GC (Allocation Failure)  119148K->7109K(449024K), 0.0007430 secs]
95.696: Total time for which application threads were stopped: 0.0008719 seconds, Stopping threads took: 0.0000318 seconds
95.905: [GC (Allocation Failure)  112581K->11404K(451072K), 0.0023639 secs]
95.908: Total time for which application threads were stopped: 0.0025096 seconds, Stopping threads took: 0.0000204 seconds
96.125: [GC (Allocation Failure)  114828K->11308K(449024K), 0.0023662 secs]
96.127: Total time for which application threads were stopped: 0.0025210 seconds, Stopping threads took: 0.0000169 seconds
96.335: [GC (Allocation Failure)  112684K->11660K(447488K), 0.0023897 secs]
96.338: Total time for which application threads were stopped: 0.0025546 seconds, Stopping threads took: 0.0000199 seconds
96.541: [GC (Allocation Failure)  110988K->11692K(445440K), 0.0028172 secs]
96.544: Total time for which application threads were stopped: 0.0029975 seconds, Stopping threads took: 0.0000201 seconds
96.744: [GC (Allocation Failure)  108972K->11644K(464384K), 0.0026603 secs]
96.747: Total time for which application threads were stopped: 0.0028213 seconds, Stopping threads took: 0.0000202 seconds
96.982: [GC (Allocation Failure)  128380K->11788K(466944K), 0.0026372 secs]
96.985: Total time for which application threads were stopped: 0.0028106 seconds, Stopping threads took: 0.0000275 seconds
97.224: [GC (Allocation Failure)  128524K->11692K(490496K), 0.0026429 secs]
97.227: Total time for which application threads were stopped: 0.0028016 seconds, Stopping threads took: 0.0000204 seconds
97.515: [GC (Allocation Failure)  151980K->11932K(490496K), 0.0028398 secs]
97.518: Total time for which application threads were stopped: 0.0030027 seconds, Stopping threads took: 0.0000190 seconds
97.800: [GC (Allocation Failure)  152220K->9189K(482304K), 0.0011373 secs]
97.801: Total time for which application threads were stopped: 0.0012749 seconds, Stopping threads took: 0.0000257 seconds
98.082: [GC (Allocation Failure)  145893K->8933K(478720K), 0.0012801 secs]
98.084: Total time for which application threads were stopped: 0.0014115 seconds, Stopping threads took: 0.0000192 seconds
98.357: [GC (Allocation Failure)  142565K->11884K(478720K), 0.0029384 secs]
98.360: Total time for which application threads were stopped: 0.0031165 seconds, Stopping threads took: 0.0000197 seconds
98.622: [GC (Allocation Failure)  142444K->11948K(475648K), 0.0033165 secs]
98.626: Total time for which application threads were stopped: 0.0034928 seconds, Stopping threads took: 0.0000276 seconds
98.890: [GC (Allocation Failure)  139436K->8965K(469504K), 0.0010721 secs]
98.891: Total time for which application threads were stopped: 0.0012243 seconds, Stopping threads took: 0.0000278 seconds
99.145: [GC (Allocation Failure)  133381K->11724K(470016K), 0.0027752 secs]
99.148: Total time for which application threads were stopped: 0.0029580 seconds, Stopping threads took: 0.0000272 seconds
99.398: [GC (Allocation Failure)  133580K->11500K(466944K), 0.0025657 secs]
99.401: Total time for which application threads were stopped: 0.0027236 seconds, Stopping threads took: 0.0000203 seconds
99.641: [GC (Allocation Failure)  130796K->11628K(464384K), 0.0024970 secs]
99.644: Total time for which application threads were stopped: 0.0026615 seconds, Stopping threads took: 0.0000193 seconds
99.883: [GC (Allocation Failure)  128364K->11564K(461824K), 0.0023701 secs]
99.886: Total time for which application threads were stopped: 0.0025302 seconds, Stopping threads took: 0.0000276 seconds
100.113: [GC (Allocation Failure)  125740K->11884K(459776K), 0.0031937 secs]
100.117: Total time for which application threads were stopped: 0.0033501 seconds, Stopping threads took: 0.0000195 seconds
100.347: [GC (Allocation Failure)  123500K->11205K(456704K), 0.0019191 secs]
100.349: Total time for which application threads were stopped: 0.0020979 seconds, Stopping threads took: 0.0000200 seconds
100.572: [GC (Allocation Failure)  120261K->11740K(455168K), 0.0028254 secs]
100.575: Total time for which application threads were stopped: 0.0029981 seconds, Stopping threads took: 0.0000278 seconds
100.786: [GC (Allocation Failure)  118748K->11421K(452096K), 0.0018159 secs]
100.788: Total time for which application threads were stopped: 0.0019860 seconds, Stopping threads took: 0.0000284 seconds
101.001: [GC (Allocation Failure)  116381K->12276K(451072K), 0.0029094 secs]
101.004: Total time for which application threads were stopped: 0.0030805 seconds, Stopping threads took: 0.0000274 seconds
101.216: [GC (Allocation Failure)  115188K->12092K(471552K), 0.0025750 secs]
101.218: Total time for which application threads were stopped: 0.0027316 seconds, Stopping threads took: 0.0000193 seconds
101.465: [GC (Allocation Failure)  135996K->11061K(467968K), 0.0017481 secs]
101.467: Total time for which application threads were stopped: 0.0018947 seconds, Stopping threads took: 0.0000196 seconds
101.710: [GC (Allocation Failure)  132405K->12092K(466432K), 0.0024841 secs]
101.713: Total time for which application threads were stopped: 0.0026492 seconds, Stopping threads took: 0.0000198 seconds
101.954: [GC (Allocation Failure)  130876K->12172K(464384K), 0.0025802 secs]
101.956: Total time for which application threads were stopped: 0.0027465 seconds, Stopping threads took: 0.0000288 seconds
102.192: [GC (Allocation Failure)  128396K->12044K(473088K), 0.0064164 secs]
102.198: Total time for which application threads were stopped: 0.0065722 seconds, Stopping threads took: 0.0000250 seconds
102.459: [GC (Allocation Failure)  137996K->12732K(475136K), 0.0024533 secs]
102.462: Total time for which application threads were stopped: 0.0026219 seconds, Stopping threads took: 0.0000285 seconds
102.714: [GC (Allocation Failure)  138684K->12373K(500736K), 0.0019045 secs]
102.716: Total time for which application threads were stopped: 0.0020702 seconds, Stopping threads took: 0.0000196 seconds
103.032: [GC (Allocation Failure)  163925K->8629K(492032K), 0.0007773 secs]
103.033: Total time for which application threads were stopped: 0.0009034 seconds, Stopping threads took: 0.0000196 seconds
103.331: [GC (Allocation Failure)  156597K->12812K(492544K), 0.0029365 secs]
103.334: Total time for which application threads were stopped: 0.0031058 seconds, Stopping threads took: 0.0000201 seconds
103.631: [GC (Allocation Failure)  157196K->12844K(488960K), 0.0028834 secs]
103.634: Total time for which application threads were stopped: 0.0030366 seconds, Stopping threads took: 0.0000204 seconds
103.919: [GC (Allocation Failure)  153644K->10421K(482816K), 0.0012458 secs]
103.921: Total time for which application threads were stopped: 0.0013878 seconds, Stopping threads took: 0.0000196 seconds
104.200: [GC (Allocation Failure)  147637K->10485K(479744K), 0.0013362 secs]
104.201: Total time for which application threads were stopped: 0.0014824 seconds, Stopping threads took: 0.0000228 seconds
104.480: [GC (Allocation Failure)  144629K->8373K(474624K), 0.0008327 secs]
104.481: Total time for which application threads were stopped: 0.0009509 seconds, Stopping threads took: 0.0000193 seconds
104.743: [GC (Allocation Failure)  139445K->12412K(478208K), 0.0022692 secs]
104.746: Total time for which application threads were stopped: 0.0024398 seconds, Stopping threads took: 0.0000195 seconds
105.003: [GC (Allocation Failure)  140412K->11701K(472064K), 0.0017228 secs]
105.005: Total time for which application threads were stopped: 0.0018979 seconds, Stopping threads took: 0.0000198 seconds
105.261: [GC (Allocation Failure)  136629K->12876K(470016K), 0.0027833 secs]
105.263: Total time for which application threads were stopped: 0.0029501 seconds, Stopping threads took: 0.0000201 seconds
105.513: [GC (Allocation Failure)  134732K->12636K(466944K), 0.0023949 secs]
105.515: Total time for which application threads were stopped: 0.0025660 seconds, Stopping threads took: 0.0000194 seconds
105.757: [GC (Allocation Failure)  131932K->12908K(464896K), 0.0027565 secs]
105.759: Total time for which application threads were stopped: 0.0029311 seconds, Stopping threads took: 0.0000277 seconds
105.995: [GC (Allocation Failure)  129644K->12812K(462336K), 0.0025895 secs]
105.998: Total time for which application threads were stopped: 0.0027584 seconds, Stopping threads took: 0.0000196 seconds
106.228: [GC (Allocation Failure)  126988K->12524K(459264K), 0.0024047 secs]
106.230: Total time for which application threads were stopped: 0.0025622 seconds, Stopping threads took: 0.0000176 seconds
106.455: [GC (Allocation Failure)  124140K->12588K(456704K), 0.0022462 secs]
106.457: Total time for which application threads were stopped: 0.0024088 seconds, Stopping threads took: 0.0000199 seconds
106.681: [GC (Allocation Failure)  121644K->12956K(455168K), 0.0031096 secs]
106.684: Total time for which application threads were stopped: 0.0032833 seconds, Stopping threads took: 0.0000284 seconds
106.901: [GC (Allocation Failure)  119964K->12668K(453120K), 0.0024410 secs]
106.903: Total time for which application threads were stopped: 0.0026177 seconds, Stopping threads took: 0.0000275 seconds
107.118: [GC (Allocation Failure)  117628K->12668K(462336K), 0.0025465 secs]
107.121: Total time for which application threads were stopped: 0.0027362 seconds, Stopping threads took: 0.0000213 seconds
107.346: [GC (Allocation Failure)  125308K->12844K(475648K), 0.0028837 secs]
107.349: Total time for which application threads were stopped: 0.0030514 seconds, Stopping threads took: 0.0000211 seconds
107.608: [GC (Allocation Failure)  138796K->8133K(466432K), 0.0005137 secs]
107.609: Total time for which application threads were stopped: 0.0006300 seconds, Stopping threads took: 0.0000194 seconds
107.853: [GC (Allocation Failure)  131013K->12133K(467968K), 0.0023899 secs]
107.855: Total time for which application threads were stopped: 0.0025440 seconds, Stopping threads took: 0.0000273 seconds
108.097: [GC (Allocation Failure)  132453K->12556K(465408K), 0.0024139 secs]
108.099: Total time for which application threads were stopped: 0.0026062 seconds, Stopping threads took: 0.0000207 seconds
108.337: [GC (Allocation Failure)  130316K->12588K(462848K), 0.0026210 secs]
108.340: Total time for which application threads were stopped: 0.0027774 seconds, Stopping threads took: 0.0000200 seconds
108.574: [GC (Allocation Failure)  127788K->12485K(460288K), 0.0021229 secs]
108.577: Total time for which application threads were stopped: 0.0022884 seconds, Stopping threads took: 0.0000205 seconds
108.811: [GC (Allocation Failure)  125125K->8901K(456704K), 0.0008860 secs]
108.812: Total time for which application threads were stopped: 0.0010172 seconds, Stopping threads took: 0.0000286 seconds
109.036: [GC (Allocation Failure)  118981K->12428K(455680K), 0.0021929 secs]
109.038: Total time for which application threads were stopped: 0.0023495 seconds, Stopping threads took: 0.0000196 seconds
109.259: [GC (Allocation Failure)  120460K->10885K(453120K), 0.0015323 secs]
109.260: Total time for which application threads were stopped: 0.0016864 seconds, Stopping threads took: 0.0000197 seconds
109.474: [GC (Allocation Failure)  116869K->12924K(452096K), 0.0026092 secs]
109.476: Total time for which application threads were stopped: 0.0027844 seconds, Stopping threads took: 0.0000288 seconds
109.693: [GC (Allocation Failure)  116860K->12812K(450048K), 0.0026942 secs]
109.696: Total time for which application threads were stopped: 0.0028591 seconds, Stopping threads took: 0.0000200 seconds
109.901: [GC (Allocation Failure)  114700K->9637K(444928K), 0.0010143 secs]
109.902: Total time for which application threads were stopped: 0.0011355 seconds, Stopping threads took: 0.0000194 seconds
110.105: [GC (Allocation Failure)  109477K->11045K(445952K), 0.0014524 secs]
110.106: Total time for which application threads were stopped: 0.0015901 seconds, Stopping threads took: 0.0000201 seconds
110.307: [GC (Allocation Failure)  108837K->10917K(441856K), 0.0014276 secs]
110.308: Total time for which application threads were stopped: 0.0015822 seconds, Stopping threads took: 0.0000263 seconds
110.505: [GC (Allocation Failure)  106661K->9381K(442368K), 0.0010489 secs]
110.506: Total time for which application threads were stopped: 0.0011875 seconds, Stopping threads took: 0.0000199 seconds
110.701: [GC (Allocation Failure)  103589K->12828K(440832K), 0.0025278 secs]
110.703: Total time for which application threads were stopped: 0.0026839 seconds, Stopping threads took: 0.0000202 seconds
110.887: [GC (Allocation Failure)  105500K->12988K(439808K), 0.0028955 secs]
110.890: Total time for which application threads were stopped: 0.0030868 seconds, Stopping threads took: 0.0000298 seconds
111.076: [GC (Allocation Failure)  104124K->12229K(437248K), 0.0020518 secs]
111.078: Total time for which application threads were stopped: 0.0022086 seconds, Stopping threads took: 0.0000203 seconds
111.262: [GC (Allocation Failure)  101829K->12748K(439808K), 0.0024517 secs]
111.265: Total time for which application threads were stopped: 0.0026227 seconds, Stopping threads took: 0.0000201 seconds
111.446: [GC (Allocation Failure)  102348K->12604K(439808K), 0.0022670 secs]
111.448: Total time for which application threads were stopped: 0.0024438 seconds, Stopping threads took: 0.0000280 seconds
111.633: [GC (Allocation Failure)  102204K->8261K(431616K), 0.0005979 secs]
111.633: Total time for which application threads were stopped: 0.0007310 seconds, Stopping threads took: 0.0000151 seconds
111.803: [GC (Allocation Failure)  96325K->12732K(437248K), 0.0024608 secs]
111.806: Total time for which application threads were stopped: 0.0026250 seconds, Stopping threads took: 0.0000268 seconds
111.980: [GC (Allocation Failure)  99260K->12812K(450560K), 0.0027244 secs]
111.983: Total time for which application threads were stopped: 0.0029026 seconds, Stopping threads took: 0.0000195 seconds
112.181: [GC (Allocation Failure)  112652K->8453K(441344K), 0.0007235 secs]
112.181: Total time for which application threads were stopped: 0.0008487 seconds, Stopping threads took: 0.0000272 seconds
112.378: [GC (Allocation Failure)  106245K->8357K(444416K), 0.0007248 secs]
112.379: Total time for which application threads were stopped: 0.0008756 seconds, Stopping threads took: 0.0000196 seconds
112.573: [GC (Allocation Failure)  104101K->12860K(442368K), 0.0024933 secs]
112.575: Total time for which application threads were stopped: 0.0026603 seconds, Stopping threads took: 0.0000286 seconds
112.761: [GC (Allocation Failure)  107068K->12492K(442368K), 0.0026464 secs]
112.763: Total time for which application threads were stopped: 0.0028303 seconds, Stopping threads took: 0.0000219 seconds
112.946: [GC (Allocation Failure)  105164K->12668K(443904K), 0.0024935 secs]
112.949: Total time for which application threads were stopped: 0.0026565 seconds, Stopping threads took: 0.0000204 seconds
113.138: [GC (Allocation Failure)  105340K->10725K(437248K), 0.0014514 secs]
113.139: Total time for which application threads were stopped: 0.0016128 seconds, Stopping threads took: 0.0000291 seconds
113.325: [GC (Allocation Failure)  101861K->12732K(458240K), 0.0026736 secs]
113.328: Total time for which application threads were stopped: 0.0028406 seconds, Stopping threads took: 0.0000207 seconds
113.537: [GC (Allocation Failure)  120252K->12428K(460288K), 0.0026051 secs]
113.539: Total time for which application threads were stopped: 0.0027565 seconds, Stopping threads took: 0.0000199 seconds
113.760: [GC (Allocation Failure)  121996K->12844K(460288K), 0.0025170 secs]
113.763: Total time for which application threads were stopped: 0.0027144 seconds, Stopping threads took: 0.0000202 seconds
113.982: [GC (Allocation Failure)  122412K->12748K(482304K), 0.0026948 secs]
113.985: Total time for which application threads were stopped: 0.0028715 seconds, Stopping threads took: 0.0000279 seconds
114.250: [GC (Allocation Failure)  144332K->11557K(475136K), 0.0017448 secs]
114.252: Total time for which application threads were stopped: 0.0019262 seconds, Stopping threads took: 0.0000192 seconds
114.509: [GC (Allocation Failure)  140069K->12628K(473088K), 0.0027123 secs]
114.512: Total time for which application threads were stopped: 0.0028813 seconds, Stopping threads took: 0.0000205 seconds
114.762: [GC (Allocation Failure)  138068K->11005K(468480K), 0.0015704 secs]
114.764: Total time for which application threads were stopped: 0.0017278 seconds, Stopping threads took: 0.0000197 seconds
115.008: [GC (Allocation Failure)  133373K->12660K(467456K), 0.0024387 secs]
115.011: Total time for which application threads were stopped: 0.0025946 seconds, Stopping threads took: 0.0000204 seconds
115.247: [GC (Allocation Failure)  132468K->12836K(465408K), 0.0028007 secs]
115.250: Total time for which application threads were stopped: 0.0029663 seconds, Stopping threads took: 0.0000273 seconds
115.482: [GC (Allocation Failure)  130084K->12804K(462848K), 0.0027687 secs]
115.485: Total time for which application threads were stopped: 0.0029368 seconds, Stopping threads took: 0.0000201 seconds
115.711: [GC (Allocation Failure)  127492K->12548K(459776K), 0.0025869 secs]
115.714: Total time for which application threads were stopped: 0.0027519 seconds, Stopping threads took: 0.0000205 seconds
115.942: [GC (Allocation Failure)  124676K->10045K(456192K), 0.0011613 secs]
115.943: Total time for which application threads were stopped: 0.0012973 seconds, Stopping threads took: 0.0000258 seconds
116.159: [GC (Allocation Failure)  119613K->12548K(455168K), 0.0022943 secs]
116.161: Total time for which application threads were stopped: 0.0024634 seconds, Stopping threads took: 0.0000208 seconds
116.373: [GC (Allocation Failure)  120068K->11293K(453632K), 0.0015134 secs]
116.375: Total time for which application threads were stopped: 0.0016615 seconds, Stopping threads took: 0.0000194 seconds
116.587: [GC (Allocation Failure)  116765K->12916K(451584K), 0.0026718 secs]
116.590: Total time for which application threads were stopped: 0.0028265 seconds, Stopping threads took: 0.0000258 seconds
116.797: [GC (Allocation Failure)  116340K->12836K(449536K), 0.0027815 secs]
116.800: Total time for which application threads were stopped: 0.0029552 seconds, Stopping threads took: 0.0000266 seconds
117.004: [GC (Allocation Failure)  114212K->8989K(443392K), 0.0008672 secs]
117.005: Total time for which application threads were stopped: 0.0009874 seconds, Stopping threads took: 0.0000195 seconds
117.201: [GC (Allocation Failure)  108317K->10109K(445440K), 0.0013582 secs]
117.202: Total time for which application threads were stopped: 0.0014898 seconds, Stopping threads took: 0.0000190 seconds
117.398: [GC (Allocation Failure)  107389K->9629K(440320K), 0.0009305 secs]
117.399: Total time for which application threads were stopped: 0.0010642 seconds, Stopping threads took: 0.0000280 seconds
117.587: [GC (Allocation Failure)  104861K->12980K(443392K), 0.0026013 secs]
117.590: Total time for which application threads were stopped: 0.0027816 seconds, Stopping threads took: 0.0000296 seconds
117.775: [GC (Allocation Failure)  106676K->12580K(439808K), 0.0022687 secs]
117.777: Total time for which application threads were stopped: 0.0024560 seconds, Stopping threads took: 0.0000201 seconds
117.962: [GC (Allocation Failure)  104740K->12660K(439808K), 0.0024896 secs]
117.965: Total time for which application threads were stopped: 0.0026571 seconds, Stopping threads took: 0.0000278 seconds
118.152: [GC (Allocation Failure)  103284K->9341K(433664K), 0.0010889 secs]
118.153: Total time for which application threads were stopped: 0.0012111 seconds, Stopping threads took: 0.0000201 seconds
118.331: [GC (Allocation Failure)  98429K->12980K(436736K), 0.0028310 secs]
118.333: Total time for which application threads were stopped: 0.0030060 seconds, Stopping threads took: 0.0000267 seconds
118.511: [GC (Allocation Failure)  100532K->9597K(430592K), 0.0010771 secs]
118.512: Total time for which application threads were stopped: 0.0012077 seconds, Stopping threads took: 0.0000198 seconds
118.680: [GC (Allocation Failure)  95613K->12724K(436736K), 0.0025535 secs]
118.683: Total time for which application threads were stopped: 0.0027225 seconds, Stopping threads took: 0.0000210 seconds
118.857: [GC (Allocation Failure)  98740K->12836K(436736K), 0.0025116 secs]
118.860: Total time for which application threads were stopped: 0.0026830 seconds, Stopping threads took: 0.0000201 seconds
119.028: [GC (Allocation Failure)  98852K->12093K(454144K), 0.0018248 secs]
119.029: Total time for which application threads were stopped: 0.0019636 seconds, Stopping threads took: 0.0000199 seconds
119.236: [GC (Allocation Failure)  115517K->12820K(454144K), 0.0028755 secs]
119.239: Total time for which application threads were stopped: 0.0030535 seconds, Stopping threads took: 0.0000265 seconds
119.451: [GC (Allocation Failure)  116244K->12740K(475136K), 0.0025882 secs]
119.454: Total time for which application threads were stopped: 0.0027638 seconds, Stopping threads took: 0.0000264 seconds
119.701: [GC (Allocation Failure)  137156K->10909K(467968K), 0.0015745 secs]
119.703: Total time for which application threads were stopped: 0.0017333 seconds, Stopping threads took: 0.0000188 seconds
119.942: [GC (Allocation Failure)  132765K->12580K(472064K), 0.0025733 secs]
119.944: Total time for which application threads were stopped: 0.0027485 seconds, Stopping threads took: 0.0000195 seconds
120.188: [GC (Allocation Failure)  134436K->12980K(472064K), 0.0042954 secs]
120.193: Total time for which application threads were stopped: 0.0045019 seconds, Stopping threads took: 0.0000253 seconds
120.438: [GC (Allocation Failure)  134836K->12788K(496640K), 0.0025610 secs]
120.441: Total time for which application threads were stopped: 0.0027380 seconds, Stopping threads took: 0.0000274 seconds
120.730: [GC (Allocation Failure)  159220K->12452K(496640K), 0.0027049 secs]
120.733: Total time for which application threads were stopped: 0.0028770 seconds, Stopping threads took: 0.0000193 seconds
121.026: [GC (Allocation Failure)  158884K->12676K(526336K), 0.0026793 secs]
121.028: Total time for which application threads were stopped: 0.0028372 seconds, Stopping threads took: 0.0000197 seconds
