Java HotSpot(TM) 64-Bit Server VM (25.171-b11) for linux-amd64 JRE (1.8.0_171-b11), built on Mar 28 2018 17:07:08 by "java_re" with gcc 4.3.0 20080428 (Red Hat 4.3.0-8)
Memory: 4k page, physical 32883000k(29481788k free), swap 8000508k(8000508k free)
CommandLine flags: -XX:InitialHeapSize=526128000 -XX:MaxHeapSize=8418048000 -XX:+PrintGC -XX:+PrintGCApplicationStoppedTime -XX:+PrintGCTimeStamps -XX:+UseCompressedClassPointers -XX:+UseCompressedOops -XX:+UseParallelGC 
0.221: Total time for which application threads were stopped: 0.0001314 seconds, Stopping threads took: 0.0000182 seconds
0.332: Total time for which application threads were stopped: 0.0001550 seconds, Stopping threads took: 0.0000410 seconds
0.555: [GC (Allocation Failure)  129024K->3305K(493056K), 0.0026574 secs]
0.558: Total time for which application threads were stopped: 0.0028270 seconds, Stopping threads took: 0.0000225 seconds
0.743: [GC (Allocation Failure)  132329K->800K(493056K), 0.0011409 secs]
0.744: Total time for which application threads were stopped: 0.0013138 seconds, Stopping threads took: 0.0000330 seconds
0.865: [GC (Allocation Failure)  129824K->791K(493056K), 0.0013865 secs]
0.867: Total time for which application threads were stopped: 0.0015153 seconds, Stopping threads took: 0.0000236 seconds
0.983: [GC (Allocation Failure)  129815K->792K(493056K), 0.0011140 secs]
0.984: Total time for which application threads were stopped: 0.0012450 seconds, Stopping threads took: 0.0000400 seconds
1.091: [GC (Allocation Failure)  129816K->816K(470016K), 0.0010354 secs]
1.092: Total time for which application threads were stopped: 0.0011677 seconds, Stopping threads took: 0.0000137 seconds
1.194: [GC (Allocation Failure)  126768K->848K(466944K), 0.0014607 secs]
1.196: Total time for which application threads were stopped: 0.0015802 seconds, Stopping threads took: 0.0000176 seconds
1.299: [GC (Allocation Failure)  123728K->809K(463872K), 0.0014149 secs]
1.300: Total time for which application threads were stopped: 0.0015577 seconds, Stopping threads took: 0.0000259 seconds
1.397: [GC (Allocation Failure)  121129K->841K(461312K), 0.0005341 secs]
1.398: Total time for which application threads were stopped: 0.0006602 seconds, Stopping threads took: 0.0000270 seconds
1.498: [GC (Allocation Failure)  118601K->873K(461312K), 0.0005016 secs]
1.498: Total time for which application threads were stopped: 0.0006366 seconds, Stopping threads took: 0.0000335 seconds
1.594: [GC (Allocation Failure)  116073K->809K(456192K), 0.0005292 secs]
1.594: Total time for which application threads were stopped: 0.0006680 seconds, Stopping threads took: 0.0000323 seconds
1.686: [GC (Allocation Failure)  113449K->841K(456192K), 0.0004428 secs]
1.687: Total time for which application threads were stopped: 0.0005574 seconds, Stopping threads took: 0.0000161 seconds
1.775: [GC (Allocation Failure)  110921K->841K(451584K), 0.0005677 secs]
1.776: Total time for which application threads were stopped: 0.0006949 seconds, Stopping threads took: 0.0000180 seconds
1.865: [GC (Allocation Failure)  108873K->873K(452096K), 0.0005711 secs]
1.865: Total time for which application threads were stopped: 0.0007077 seconds, Stopping threads took: 0.0000271 seconds
1.951: [GC (Allocation Failure)  106857K->841K(447488K), 0.0005218 secs]
1.951: Total time for which application threads were stopped: 0.0006668 seconds, Stopping threads took: 0.0000235 seconds
2.040: [GC (Allocation Failure)  104777K->841K(447488K), 0.0005407 secs]
2.040: Total time for which application threads were stopped: 0.0006752 seconds, Stopping threads took: 0.0000264 seconds
2.125: [GC (Allocation Failure)  102729K->841K(443392K), 0.0005279 secs]
2.126: Total time for which application threads were stopped: 0.0006541 seconds, Stopping threads took: 0.0000255 seconds
2.209: [GC (Allocation Failure)  100681K->809K(443392K), 0.0005793 secs]
2.210: Total time for which application threads were stopped: 0.0006976 seconds, Stopping threads took: 0.0000189 seconds
2.291: [GC (Allocation Failure)  98601K->841K(439296K), 0.0005337 secs]
2.291: Total time for which application threads were stopped: 0.0007194 seconds, Stopping threads took: 0.0000251 seconds
2.367: [GC (Allocation Failure)  96585K->777K(439296K), 0.0006243 secs]
2.368: Total time for which application threads were stopped: 0.0007458 seconds, Stopping threads took: 0.0000183 seconds
2.448: [GC (Allocation Failure)  94985K->809K(436224K), 0.0004973 secs]
2.449: Total time for which application threads were stopped: 0.0006164 seconds, Stopping threads took: 0.0000180 seconds
2.522: [GC (Allocation Failure)  93481K->873K(436224K), 0.0005882 secs]
2.523: Total time for which application threads were stopped: 0.0007218 seconds, Stopping threads took: 0.0000195 seconds
2.595: [GC (Allocation Failure)  92009K->873K(433152K), 0.0007455 secs]
2.596: Total time for which application threads were stopped: 0.0008980 seconds, Stopping threads took: 0.0000209 seconds
2.668: [GC (Allocation Failure)  90473K->841K(433152K), 0.0004393 secs]
2.669: Total time for which application threads were stopped: 0.0005552 seconds, Stopping threads took: 0.0000149 seconds
2.738: [GC (Allocation Failure)  88905K->777K(430080K), 0.0006316 secs]
2.739: Total time for which application threads were stopped: 0.0007587 seconds, Stopping threads took: 0.0000168 seconds
2.808: [GC (Allocation Failure)  87305K->809K(429568K), 0.0005242 secs]
2.808: Total time for which application threads were stopped: 0.0006744 seconds, Stopping threads took: 0.0000193 seconds
2.879: [GC (Allocation Failure)  85801K->809K(427008K), 0.0005655 secs]
2.879: Total time for which application threads were stopped: 0.0007174 seconds, Stopping threads took: 0.0000194 seconds
2.946: [GC (Allocation Failure)  84265K->841K(426496K), 0.0004203 secs]
2.946: Total time for which application threads were stopped: 0.0005391 seconds, Stopping threads took: 0.0000188 seconds
3.016: [GC (Allocation Failure)  82761K->849K(423936K), 0.0006381 secs]
3.017: Total time for which application threads were stopped: 0.0007580 seconds, Stopping threads took: 0.0000173 seconds
3.087: [GC (Allocation Failure)  81233K->817K(423424K), 0.0006045 secs]
3.087: Total time for which application threads were stopped: 0.0007532 seconds, Stopping threads took: 0.0000228 seconds
3.156: [GC (Allocation Failure)  79665K->849K(421376K), 0.0004850 secs]
3.157: Total time for which application threads were stopped: 0.0006010 seconds, Stopping threads took: 0.0000246 seconds
3.219: [GC (Allocation Failure)  78673K->817K(420864K), 0.0004450 secs]
3.219: Total time for which application threads were stopped: 0.0005618 seconds, Stopping threads took: 0.0000174 seconds
3.287: [GC (Allocation Failure)  77617K->849K(419328K), 0.0005125 secs]
3.287: Total time for which application threads were stopped: 0.0007067 seconds, Stopping threads took: 0.0000999 seconds
3.354: [GC (Allocation Failure)  76625K->881K(418816K), 0.0005677 secs]
3.354: Total time for which application threads were stopped: 0.0006954 seconds, Stopping threads took: 0.0000256 seconds
3.414: [GC (Allocation Failure)  75633K->881K(417280K), 0.0006049 secs]
3.415: Total time for which application threads were stopped: 0.0007528 seconds, Stopping threads took: 0.0000229 seconds
3.479: [GC (Allocation Failure)  74609K->817K(416768K), 0.0005020 secs]
3.480: Total time for which application threads were stopped: 0.0006354 seconds, Stopping threads took: 0.0000191 seconds
3.537: [GC (Allocation Failure)  73521K->881K(415232K), 0.0006627 secs]
3.538: Total time for which application threads were stopped: 0.0007929 seconds, Stopping threads took: 0.0000186 seconds
3.595: [GC (Allocation Failure)  72561K->817K(414720K), 0.0005612 secs]
3.596: Total time for which application threads were stopped: 0.0007017 seconds, Stopping threads took: 0.0000196 seconds
3.658: [GC (Allocation Failure)  71473K->817K(413184K), 0.0005089 secs]
3.659: Total time for which application threads were stopped: 0.0006229 seconds, Stopping threads took: 0.0000227 seconds
3.714: [GC (Allocation Failure)  70449K->849K(412672K), 0.0004321 secs]
3.715: Total time for which application threads were stopped: 0.0005527 seconds, Stopping threads took: 0.0000290 seconds
3.770: [GC (Allocation Failure)  69457K->817K(411136K), 0.0005516 secs]
3.770: Total time for which application threads were stopped: 0.0006852 seconds, Stopping threads took: 0.0000188 seconds
3.828: [GC (Allocation Failure)  68401K->785K(410112K), 0.0005245 secs]
3.828: Total time for which application threads were stopped: 0.0006500 seconds, Stopping threads took: 0.0000261 seconds
3.887: [GC (Allocation Failure)  67345K->881K(409088K), 0.0004815 secs]
3.888: Total time for which application threads were stopped: 0.0006107 seconds, Stopping threads took: 0.0000224 seconds
3.940: [GC (Allocation Failure)  66417K->817K(408064K), 0.0004338 secs]
3.940: Total time for which application threads were stopped: 0.0005686 seconds, Stopping threads took: 0.0000225 seconds
3.997: [GC (Allocation Failure)  65329K->817K(407040K), 0.0004760 secs]
3.998: Total time for which application threads were stopped: 0.0005888 seconds, Stopping threads took: 0.0000164 seconds
4.053: [GC (Allocation Failure)  64305K->849K(406016K), 0.0005948 secs]
4.054: Total time for which application threads were stopped: 0.0007541 seconds, Stopping threads took: 0.0000257 seconds
4.059: Total time for which application threads were stopped: 0.0001126 seconds, Stopping threads took: 0.0000540 seconds
4.107: [GC (Allocation Failure)  63313K->849K(405504K), 0.0004939 secs]
4.108: Total time for which application threads were stopped: 0.0006240 seconds, Stopping threads took: 0.0000170 seconds
4.157: [GC (Allocation Failure)  62801K->849K(404992K), 0.0004357 secs]
4.158: Total time for which application threads were stopped: 0.0005572 seconds, Stopping threads took: 0.0000234 seconds
4.211: [GC (Allocation Failure)  62289K->817K(404480K), 0.0004615 secs]
4.211: Total time for which application threads were stopped: 0.0005993 seconds, Stopping threads took: 0.0000253 seconds
4.259: [GC (Allocation Failure)  61745K->849K(403968K), 0.0005502 secs]
4.260: Total time for which application threads were stopped: 0.0006656 seconds, Stopping threads took: 0.0000165 seconds
4.314: [GC (Allocation Failure)  61265K->849K(403456K), 0.0005276 secs]
4.315: Total time for which application threads were stopped: 0.0006707 seconds, Stopping threads took: 0.0000180 seconds
4.367: [GC (Allocation Failure)  60753K->817K(402944K), 0.0005368 secs]
4.368: Total time for which application threads were stopped: 0.0006619 seconds, Stopping threads took: 0.0000175 seconds
4.416: [GC (Allocation Failure)  60209K->849K(402432K), 0.0004653 secs]
4.416: Total time for which application threads were stopped: 0.0006095 seconds, Stopping threads took: 0.0000231 seconds
4.469: [GC (Allocation Failure)  59729K->817K(401920K), 0.0004969 secs]
4.469: Total time for which application threads were stopped: 0.0006303 seconds, Stopping threads took: 0.0000211 seconds
4.515: [GC (Allocation Failure)  59185K->881K(401408K), 0.0005358 secs]
4.516: Total time for which application threads were stopped: 0.0006759 seconds, Stopping threads took: 0.0000471 seconds
4.561: [GC (Allocation Failure)  58737K->881K(400896K), 0.0005341 secs]
4.562: Total time for which application threads were stopped: 0.0006569 seconds, Stopping threads took: 0.0000206 seconds
