Java HotSpot(TM) 64-Bit Server VM (25.171-b11) for linux-amd64 JRE (1.8.0_171-b11), built on Mar 28 2018 17:07:08 by "java_re" with gcc 4.3.0 20080428 (Red Hat 4.3.0-8)
Memory: 4k page, physical 32883000k(29431028k free), swap 8000508k(8000508k free)
CommandLine flags: -XX:InitialHeapSize=1073741824 -XX:MaxHeapSize=1073741824 -XX:+PrintGC -XX:+PrintGCApplicationStoppedTime -XX:+PrintGCTimeStamps -XX:+UseCompressedClassPointers -XX:+UseCompressedOops -XX:+UseParallelGC 
0.498: [GC (Allocation Failure)  262144K->2381K(1005056K), 0.0019380 secs]
0.500: Total time for which application threads were stopped: 0.0021453 seconds, Stopping threads took: 0.0000209 seconds
0.669: [GC (Allocation Failure)  264525K->672K(1005056K), 0.0008978 secs]
0.670: Total time for which application threads were stopped: 0.0010405 seconds, Stopping threads took: 0.0000198 seconds
0.833: [GC (Allocation Failure)  262816K->672K(1005056K), 0.0008167 secs]
0.834: Total time for which application threads were stopped: 0.0009326 seconds, Stopping threads took: 0.0000197 seconds
1.002: [GC (Allocation Failure)  262816K->640K(1005056K), 0.0008382 secs]
1.003: Total time for which application threads were stopped: 0.0009727 seconds, Stopping threads took: 0.0000279 seconds
1.170: [GC (Allocation Failure)  262784K->576K(1005056K), 0.0010952 secs]
1.171: Total time for which application threads were stopped: 0.0012231 seconds, Stopping threads took: 0.0000321 seconds
1.337: [GC (Allocation Failure)  262720K->608K(1046016K), 0.0009237 secs]
1.338: Total time for which application threads were stopped: 0.0010520 seconds, Stopping threads took: 0.0000293 seconds
1.571: [GC (Allocation Failure)  344672K->621K(1046016K), 0.0009553 secs]
1.572: Total time for which application threads were stopped: 0.0010809 seconds, Stopping threads took: 0.0000194 seconds
1.783: [GC (Allocation Failure)  344685K->685K(1046016K), 0.0007596 secs]
1.784: Total time for which application threads were stopped: 0.0008849 seconds, Stopping threads took: 0.0000279 seconds
1.996: [GC (Allocation Failure)  344749K->685K(1046016K), 0.0004504 secs]
1.997: Total time for which application threads were stopped: 0.0005827 seconds, Stopping threads took: 0.0000279 seconds
2.208: [GC (Allocation Failure)  344749K->653K(1046016K), 0.0005963 secs]
2.209: Total time for which application threads were stopped: 0.0007113 seconds, Stopping threads took: 0.0000188 seconds
2.421: [GC (Allocation Failure)  344717K->589K(1046016K), 0.0004414 secs]
2.422: Total time for which application threads were stopped: 0.0005699 seconds, Stopping threads took: 0.0000272 seconds
2.634: [GC (Allocation Failure)  344653K->621K(1046528K), 0.0004518 secs]
2.634: Total time for which application threads were stopped: 0.0005687 seconds, Stopping threads took: 0.0000193 seconds
2.852: [GC (Allocation Failure)  345709K->653K(1046528K), 0.0006872 secs]
2.853: Total time for which application threads were stopped: 0.0008138 seconds, Stopping threads took: 0.0000266 seconds
3.065: [GC (Allocation Failure)  345741K->621K(1046528K), 0.0006931 secs]
3.065: Total time for which application threads were stopped: 0.0008216 seconds, Stopping threads took: 0.0000186 seconds
3.282: [GC (Allocation Failure)  345709K->573K(1046528K), 0.0006300 secs]
3.283: Total time for which application threads were stopped: 0.0007529 seconds, Stopping threads took: 0.0000274 seconds
3.496: [GC (Allocation Failure)  345661K->637K(1046528K), 0.0005707 secs]
3.497: Total time for which application threads were stopped: 0.0006974 seconds, Stopping threads took: 0.0000194 seconds
3.709: [GC (Allocation Failure)  345725K->669K(1046528K), 0.0004638 secs]
3.709: Total time for which application threads were stopped: 0.0005941 seconds, Stopping threads took: 0.0000199 seconds
3.921: [GC (Allocation Failure)  345757K->637K(1047040K), 0.0005179 secs]
3.921: Total time for which application threads were stopped: 0.0006465 seconds, Stopping threads took: 0.0000274 seconds
4.057: Total time for which application threads were stopped: 0.0001137 seconds, Stopping threads took: 0.0000448 seconds
4.136: [GC (Allocation Failure)  346237K->669K(1046528K), 0.0005101 secs]
4.137: Total time for which application threads were stopped: 0.0006430 seconds, Stopping threads took: 0.0000188 seconds
4.355: [GC (Allocation Failure)  346269K->669K(1047040K), 0.0006087 secs]
4.356: Total time for which application threads were stopped: 0.0007340 seconds, Stopping threads took: 0.0000203 seconds
4.572: [GC (Allocation Failure)  346781K->637K(1047040K), 0.0006185 secs]
4.572: Total time for which application threads were stopped: 0.0007356 seconds, Stopping threads took: 0.0000193 seconds
4.786: [GC (Allocation Failure)  346749K->605K(1047040K), 0.0004909 secs]
4.786: Total time for which application threads were stopped: 0.0006341 seconds, Stopping threads took: 0.0000196 seconds
5.002: [GC (Allocation Failure)  346717K->605K(1047040K), 0.0005151 secs]
5.003: Total time for which application threads were stopped: 0.0006411 seconds, Stopping threads took: 0.0000263 seconds
5.215: [GC (Allocation Failure)  346717K->701K(1047040K), 0.0004891 secs]
5.215: Total time for which application threads were stopped: 0.0006226 seconds, Stopping threads took: 0.0000266 seconds
5.432: [GC (Allocation Failure)  346813K->637K(1047040K), 0.0004061 secs]
5.433: Total time for which application threads were stopped: 0.0005206 seconds, Stopping threads took: 0.0000250 seconds
5.645: [GC (Allocation Failure)  346749K->605K(1047552K), 0.0005496 secs]
5.646: Total time for which application threads were stopped: 0.0006837 seconds, Stopping threads took: 0.0000265 seconds
5.864: [GC (Allocation Failure)  347741K->733K(1047552K), 0.0005598 secs]
5.865: Total time for which application threads were stopped: 0.0006783 seconds, Stopping threads took: 0.0000182 seconds
6.081: [GC (Allocation Failure)  347869K->669K(1047552K), 0.0008099 secs]
6.082: Total time for which application threads were stopped: 0.0009447 seconds, Stopping threads took: 0.0000198 seconds
6.295: [GC (Allocation Failure)  347805K->669K(1047552K), 0.0005042 secs]
6.295: Total time for which application threads were stopped: 0.0006231 seconds, Stopping threads took: 0.0000193 seconds
6.510: [GC (Allocation Failure)  347805K->701K(1047552K), 0.0004151 secs]
6.511: Total time for which application threads were stopped: 0.0005556 seconds, Stopping threads took: 0.0000254 seconds
6.723: [GC (Allocation Failure)  347837K->605K(1047552K), 0.0005774 secs]
6.724: Total time for which application threads were stopped: 0.0006934 seconds, Stopping threads took: 0.0000186 seconds
6.940: [GC (Allocation Failure)  347741K->637K(1047552K), 0.0004684 secs]
6.941: Total time for which application threads were stopped: 0.0006341 seconds, Stopping threads took: 0.0000531 seconds
7.153: [GC (Allocation Failure)  347773K->701K(1047552K), 0.0004555 secs]
7.154: Total time for which application threads were stopped: 0.0005747 seconds, Stopping threads took: 0.0000189 seconds
7.366: [GC (Allocation Failure)  347837K->733K(1047552K), 0.0004892 secs]
7.367: Total time for which application threads were stopped: 0.0006188 seconds, Stopping threads took: 0.0000270 seconds
7.581: [GC (Allocation Failure)  347869K->669K(1047552K), 0.0004722 secs]
7.582: Total time for which application threads were stopped: 0.0005907 seconds, Stopping threads took: 0.0000196 seconds
7.795: [GC (Allocation Failure)  347805K->637K(1048064K), 0.0004848 secs]
7.796: Total time for which application threads were stopped: 0.0006109 seconds, Stopping threads took: 0.0000268 seconds
8.016: [GC (Allocation Failure)  348797K->637K(1048064K), 0.0004180 secs]
8.017: Total time for which application threads were stopped: 0.0005446 seconds, Stopping threads took: 0.0000326 seconds
8.233: [GC (Allocation Failure)  348797K->733K(1048064K), 0.0005059 secs]
8.234: Total time for which application threads were stopped: 0.0006234 seconds, Stopping threads took: 0.0000186 seconds
8.449: [GC (Allocation Failure)  348893K->701K(1048064K), 0.0004322 secs]
8.449: Total time for which application threads were stopped: 0.0005495 seconds, Stopping threads took: 0.0000193 seconds
8.667: [GC (Allocation Failure)  348861K->605K(1048064K), 0.0006774 secs]
8.667: Total time for which application threads were stopped: 0.0008177 seconds, Stopping threads took: 0.0000278 seconds
8.885: [GC (Allocation Failure)  348765K->605K(1048064K), 0.0005804 secs]
8.886: Total time for which application threads were stopped: 0.0007038 seconds, Stopping threads took: 0.0000192 seconds
9.109: [GC (Allocation Failure)  348765K->701K(1048064K), 0.0005110 secs]
9.110: Total time for which application threads were stopped: 0.0006353 seconds, Stopping threads took: 0.0000198 seconds
9.325: [GC (Allocation Failure)  348861K->637K(1048064K), 0.0005225 secs]
9.326: Total time for which application threads were stopped: 0.0006758 seconds, Stopping threads took: 0.0000294 seconds
9.543: [GC (Allocation Failure)  348797K->605K(1048064K), 0.0005915 secs]
9.544: Total time for which application threads were stopped: 0.0007266 seconds, Stopping threads took: 0.0000267 seconds
9.763: [GC (Allocation Failure)  348765K->637K(1048064K), 0.0004945 secs]
9.764: Total time for which application threads were stopped: 0.0006133 seconds, Stopping threads took: 0.0000189 seconds
9.977: [GC (Allocation Failure)  348797K->637K(1048064K), 0.0005112 secs]
9.978: Total time for which application threads were stopped: 0.0006295 seconds, Stopping threads took: 0.0000193 seconds
10.196: [GC (Allocation Failure)  348797K->669K(1048064K), 0.0005433 secs]
10.197: Total time for which application threads were stopped: 0.0006611 seconds, Stopping threads took: 0.0000195 seconds
10.410: [GC (Allocation Failure)  348829K->605K(1048064K), 0.0006098 secs]
10.411: Total time for which application threads were stopped: 0.0007287 seconds, Stopping threads took: 0.0000191 seconds
10.629: [GC (Allocation Failure)  348765K->637K(1048064K), 0.0005384 secs]
10.630: Total time for which application threads were stopped: 0.0006742 seconds, Stopping threads took: 0.0000192 seconds
10.843: [GC (Allocation Failure)  348797K->637K(1048064K), 0.0006367 secs]
10.844: Total time for which application threads were stopped: 0.0007519 seconds, Stopping threads took: 0.0000182 seconds
11.058: [GC (Allocation Failure)  348797K->669K(1048064K), 0.0004894 secs]
11.058: Total time for which application threads were stopped: 0.0006175 seconds, Stopping threads took: 0.0000279 seconds
11.271: [GC (Allocation Failure)  348829K->637K(1048064K), 0.0004813 secs]
11.272: Total time for which application threads were stopped: 0.0006068 seconds, Stopping threads took: 0.0000189 seconds
11.490: [GC (Allocation Failure)  348797K->637K(1048064K), 0.0004646 secs]
11.490: Total time for which application threads were stopped: 0.0005699 seconds, Stopping threads took: 0.0000171 seconds
11.707: [GC (Allocation Failure)  348797K->669K(1048064K), 0.0004823 secs]
11.708: Total time for which application threads were stopped: 0.0006015 seconds, Stopping threads took: 0.0000192 seconds
11.921: [GC (Allocation Failure)  348829K->605K(1048064K), 0.0004688 secs]
11.921: Total time for which application threads were stopped: 0.0005884 seconds, Stopping threads took: 0.0000192 seconds
12.135: [GC (Allocation Failure)  348765K->701K(1048064K), 0.0005600 secs]
12.136: Total time for which application threads were stopped: 0.0006781 seconds, Stopping threads took: 0.0000189 seconds
12.349: [GC (Allocation Failure)  348861K->605K(1048064K), 0.0005175 secs]
12.349: Total time for which application threads were stopped: 0.0006410 seconds, Stopping threads took: 0.0000274 seconds
12.570: [GC (Allocation Failure)  348765K->637K(1048064K), 0.0004830 secs]
12.570: Total time for which application threads were stopped: 0.0006456 seconds, Stopping threads took: 0.0000281 seconds
12.783: [GC (Allocation Failure)  348797K->669K(1048064K), 0.0004801 secs]
12.784: Total time for which application threads were stopped: 0.0006005 seconds, Stopping threads took: 0.0000189 seconds
13.002: [GC (Allocation Failure)  348829K->637K(1048064K), 0.0004254 secs]
13.003: Total time for which application threads were stopped: 0.0005572 seconds, Stopping threads took: 0.0000253 seconds
13.217: [GC (Allocation Failure)  348797K->637K(1048064K), 0.0005087 secs]
13.217: Total time for which application threads were stopped: 0.0006463 seconds, Stopping threads took: 0.0000195 seconds
13.433: [GC (Allocation Failure)  348797K->605K(1048064K), 0.0005421 secs]
13.433: Total time for which application threads were stopped: 0.0006664 seconds, Stopping threads took: 0.0000279 seconds
13.651: [GC (Allocation Failure)  348765K->669K(1048064K), 0.0004926 secs]
13.651: Total time for which application threads were stopped: 0.0006152 seconds, Stopping threads took: 0.0000259 seconds
13.870: [GC (Allocation Failure)  348829K->637K(1048064K), 0.0004629 secs]
13.870: Total time for which application threads were stopped: 0.0006168 seconds, Stopping threads took: 0.0000272 seconds
14.084: [GC (Allocation Failure)  348797K->701K(1048064K), 0.0005492 secs]
14.084: Total time for which application threads were stopped: 0.0006714 seconds, Stopping threads took: 0.0000203 seconds
14.302: [GC (Allocation Failure)  348861K->573K(1048064K), 0.0005820 secs]
14.303: Total time for which application threads were stopped: 0.0006897 seconds, Stopping threads took: 0.0000164 seconds
14.522: [GC (Allocation Failure)  348733K->701K(1048064K), 0.0004642 secs]
14.523: Total time for which application threads were stopped: 0.0006045 seconds, Stopping threads took: 0.0000271 seconds
14.735: [GC (Allocation Failure)  348861K->605K(1048064K), 0.0005083 secs]
14.736: Total time for which application threads were stopped: 0.0006294 seconds, Stopping threads took: 0.0000265 seconds
14.954: [GC (Allocation Failure)  348765K->701K(1048064K), 0.0006269 secs]
14.954: Total time for which application threads were stopped: 0.0007523 seconds, Stopping threads took: 0.0000264 seconds
15.174: [GC (Allocation Failure)  348861K->701K(1048064K), 0.0006355 secs]
15.175: Total time for which application threads were stopped: 0.0007444 seconds, Stopping threads took: 0.0000167 seconds
15.391: [GC (Allocation Failure)  348861K->637K(1048064K), 0.0004046 secs]
15.392: Total time for which application threads were stopped: 0.0004992 seconds, Stopping threads took: 0.0000135 seconds
15.611: [GC (Allocation Failure)  348797K->605K(1048064K), 0.0004373 secs]
15.612: Total time for which application threads were stopped: 0.0005693 seconds, Stopping threads took: 0.0000191 seconds
15.824: [GC (Allocation Failure)  348765K->701K(1048064K), 0.0006195 secs]
15.825: Total time for which application threads were stopped: 0.0007372 seconds, Stopping threads took: 0.0000187 seconds
16.044: [GC (Allocation Failure)  348861K->637K(1048064K), 0.0004616 secs]
16.044: Total time for which application threads were stopped: 0.0005949 seconds, Stopping threads took: 0.0000191 seconds
16.262: [GC (Allocation Failure)  348797K->669K(1048064K), 0.0004836 secs]
16.263: Total time for which application threads were stopped: 0.0006233 seconds, Stopping threads took: 0.0000291 seconds
16.477: [GC (Allocation Failure)  348829K->733K(1048064K), 0.0004707 secs]
16.478: Total time for which application threads were stopped: 0.0005923 seconds, Stopping threads took: 0.0000254 seconds
16.690: [GC (Allocation Failure)  348893K->637K(1048064K), 0.0005583 secs]
16.691: Total time for which application threads were stopped: 0.0006852 seconds, Stopping threads took: 0.0000270 seconds
16.904: [GC (Allocation Failure)  348797K->605K(1048064K), 0.0004927 secs]
16.904: Total time for which application threads were stopped: 0.0006570 seconds, Stopping threads took: 0.0000291 seconds
17.118: [GC (Allocation Failure)  348765K->669K(1048064K), 0.0004745 secs]
17.118: Total time for which application threads were stopped: 0.0005931 seconds, Stopping threads took: 0.0000189 seconds
17.337: [GC (Allocation Failure)  348829K->701K(1048064K), 0.0005071 secs]
17.337: Total time for which application threads were stopped: 0.0006423 seconds, Stopping threads took: 0.0000209 seconds
17.555: [GC (Allocation Failure)  348861K->669K(1048064K), 0.0004515 secs]
17.555: Total time for which application threads were stopped: 0.0005831 seconds, Stopping threads took: 0.0000191 seconds
17.769: [GC (Allocation Failure)  348829K->733K(1048064K), 0.0004833 secs]
17.770: Total time for which application threads were stopped: 0.0006178 seconds, Stopping threads took: 0.0000192 seconds
17.990: [GC (Allocation Failure)  348893K->637K(1048064K), 0.0004619 secs]
17.990: Total time for which application threads were stopped: 0.0005828 seconds, Stopping threads took: 0.0000190 seconds
18.203: [GC (Allocation Failure)  348797K->637K(1048064K), 0.0004907 secs]
18.203: Total time for which application threads were stopped: 0.0006209 seconds, Stopping threads took: 0.0000276 seconds
18.421: [GC (Allocation Failure)  348797K->733K(1048064K), 0.0004838 secs]
18.422: Total time for which application threads were stopped: 0.0006032 seconds, Stopping threads took: 0.0000178 seconds
18.635: [GC (Allocation Failure)  348893K->637K(1048064K), 0.0004737 secs]
18.636: Total time for which application threads were stopped: 0.0005922 seconds, Stopping threads took: 0.0000193 seconds
18.852: [GC (Allocation Failure)  348797K->669K(1048064K), 0.0004766 secs]
18.853: Total time for which application threads were stopped: 0.0005949 seconds, Stopping threads took: 0.0000196 seconds
19.072: [GC (Allocation Failure)  348829K->637K(1048064K), 0.0004557 secs]
19.072: Total time for which application threads were stopped: 0.0005735 seconds, Stopping threads took: 0.0000187 seconds
19.286: [GC (Allocation Failure)  348797K->701K(1048064K), 0.0004867 secs]
19.287: Total time for which application threads were stopped: 0.0006173 seconds, Stopping threads took: 0.0000270 seconds
19.504: [GC (Allocation Failure)  348861K->605K(1048064K), 0.0004346 secs]
19.504: Total time for which application threads were stopped: 0.0005564 seconds, Stopping threads took: 0.0000198 seconds
19.720: [GC (Allocation Failure)  348765K->637K(1048064K), 0.0004483 secs]
19.721: Total time for which application threads were stopped: 0.0005685 seconds, Stopping threads took: 0.0000194 seconds
19.934: [GC (Allocation Failure)  348797K->669K(1048064K), 0.0004781 secs]
19.934: Total time for which application threads were stopped: 0.0005942 seconds, Stopping threads took: 0.0000185 seconds
20.151: [GC (Allocation Failure)  348829K->637K(1048064K), 0.0004705 secs]
20.151: Total time for which application threads were stopped: 0.0005953 seconds, Stopping threads took: 0.0000269 seconds
20.369: [GC (Allocation Failure)  348797K->605K(1048064K), 0.0039889 secs]
20.373: Total time for which application threads were stopped: 0.0041256 seconds, Stopping threads took: 0.0000250 seconds
20.587: [GC (Allocation Failure)  348765K->605K(1048064K), 0.0004789 secs]
20.587: Total time for which application threads were stopped: 0.0006211 seconds, Stopping threads took: 0.0000279 seconds
20.800: [GC (Allocation Failure)  348765K->669K(1048064K), 0.0005022 secs]
20.800: Total time for which application threads were stopped: 0.0006481 seconds, Stopping threads took: 0.0000272 seconds
21.013: [GC (Allocation Failure)  348829K->637K(1048064K), 0.0004529 secs]
21.014: Total time for which application threads were stopped: 0.0005864 seconds, Stopping threads took: 0.0000275 seconds
21.226: [GC (Allocation Failure)  348797K->637K(1048064K), 0.0005391 secs]
21.226: Total time for which application threads were stopped: 0.0006670 seconds, Stopping threads took: 0.0000206 seconds
21.446: [GC (Allocation Failure)  348797K->637K(1048064K), 0.0004353 secs]
21.447: Total time for which application threads were stopped: 0.0005545 seconds, Stopping threads took: 0.0000188 seconds
21.662: [GC (Allocation Failure)  348797K->669K(1048064K), 0.0005451 secs]
21.662: Total time for which application threads were stopped: 0.0006765 seconds, Stopping threads took: 0.0000192 seconds
21.875: [GC (Allocation Failure)  348829K->605K(1048064K), 0.0005888 secs]
21.876: Total time for which application threads were stopped: 0.0007167 seconds, Stopping threads took: 0.0000191 seconds
22.096: [GC (Allocation Failure)  348765K->605K(1048064K), 0.0004966 secs]
22.097: Total time for which application threads were stopped: 0.0006205 seconds, Stopping threads took: 0.0000258 seconds
22.315: [GC (Allocation Failure)  348765K->637K(1048064K), 0.0004887 secs]
22.316: Total time for which application threads were stopped: 0.0006081 seconds, Stopping threads took: 0.0000196 seconds
22.532: [GC (Allocation Failure)  348797K->669K(1048064K), 0.0006013 secs]
22.533: Total time for which application threads were stopped: 0.0007428 seconds, Stopping threads took: 0.0000388 seconds
22.751: [GC (Allocation Failure)  348829K->637K(1048064K), 0.0005186 secs]
22.752: Total time for which application threads were stopped: 0.0006405 seconds, Stopping threads took: 0.0000193 seconds
22.965: [GC (Allocation Failure)  348797K->669K(1048064K), 0.0004193 secs]
22.966: Total time for which application threads were stopped: 0.0005472 seconds, Stopping threads took: 0.0000259 seconds
23.184: [GC (Allocation Failure)  348829K->701K(1048064K), 0.0005454 secs]
23.185: Total time for which application threads were stopped: 0.0006560 seconds, Stopping threads took: 0.0000165 seconds
23.398: [GC (Allocation Failure)  348861K->637K(1048064K), 0.0004813 secs]
23.399: Total time for which application threads were stopped: 0.0006076 seconds, Stopping threads took: 0.0000264 seconds
23.616: [GC (Allocation Failure)  348797K->701K(1048064K), 0.0004631 secs]
23.617: Total time for which application threads were stopped: 0.0005835 seconds, Stopping threads took: 0.0000188 seconds
23.829: [GC (Allocation Failure)  348861K->701K(1048064K), 0.0005324 secs]
23.830: Total time for which application threads were stopped: 0.0006492 seconds, Stopping threads took: 0.0000188 seconds
24.044: [GC (Allocation Failure)  348861K->637K(1048064K), 0.0005022 secs]
24.044: Total time for which application threads were stopped: 0.0006213 seconds, Stopping threads took: 0.0000194 seconds
24.260: [GC (Allocation Failure)  348797K->669K(1048064K), 0.0004756 secs]
24.260: Total time for which application threads were stopped: 0.0005921 seconds, Stopping threads took: 0.0000186 seconds
24.474: [GC (Allocation Failure)  348829K->701K(1048064K), 0.0005071 secs]
24.475: Total time for which application threads were stopped: 0.0006248 seconds, Stopping threads took: 0.0000190 seconds
24.693: [GC (Allocation Failure)  348861K->701K(1048064K), 0.0004630 secs]
24.693: Total time for which application threads were stopped: 0.0005844 seconds, Stopping threads took: 0.0000185 seconds
24.913: [GC (Allocation Failure)  348861K->637K(1048064K), 0.0004757 secs]
24.914: Total time for which application threads were stopped: 0.0005948 seconds, Stopping threads took: 0.0000191 seconds
25.128: [GC (Allocation Failure)  348797K->637K(1048064K), 0.0004742 secs]
25.129: Total time for which application threads were stopped: 0.0005949 seconds, Stopping threads took: 0.0000197 seconds
25.343: [GC (Allocation Failure)  348797K->701K(1048064K), 0.0004568 secs]
25.343: Total time for which application threads were stopped: 0.0005778 seconds, Stopping threads took: 0.0000199 seconds
25.559: [GC (Allocation Failure)  348861K->669K(1048064K), 0.0004591 secs]
25.559: Total time for which application threads were stopped: 0.0005788 seconds, Stopping threads took: 0.0000193 seconds
25.774: [GC (Allocation Failure)  348829K->701K(1048064K), 0.0006136 secs]
25.774: Total time for which application threads were stopped: 0.0007325 seconds, Stopping threads took: 0.0000196 seconds
25.988: [GC (Allocation Failure)  348861K->637K(1048064K), 0.0004825 secs]
25.989: Total time for which application threads were stopped: 0.0006204 seconds, Stopping threads took: 0.0000253 seconds
26.207: [GC (Allocation Failure)  348797K->669K(1048064K), 0.0004671 secs]
26.207: Total time for which application threads were stopped: 0.0005973 seconds, Stopping threads took: 0.0000191 seconds
26.426: [GC (Allocation Failure)  348829K->669K(1048064K), 0.0005918 secs]
26.426: Total time for which application threads were stopped: 0.0007124 seconds, Stopping threads took: 0.0000194 seconds
26.648: [GC (Allocation Failure)  348829K->669K(1048064K), 0.0005182 secs]
26.649: Total time for which application threads were stopped: 0.0006449 seconds, Stopping threads took: 0.0000273 seconds
26.863: [GC (Allocation Failure)  348829K->637K(1048064K), 0.0007307 secs]
26.864: Total time for which application threads were stopped: 0.0008495 seconds, Stopping threads took: 0.0000193 seconds
27.080: [GC (Allocation Failure)  348797K->669K(1048064K), 0.0006522 secs]
27.081: Total time for which application threads were stopped: 0.0007735 seconds, Stopping threads took: 0.0000199 seconds
27.298: [GC (Allocation Failure)  348829K->669K(1048064K), 0.0004739 secs]
27.298: Total time for which application threads were stopped: 0.0006003 seconds, Stopping threads took: 0.0000268 seconds
27.512: [GC (Allocation Failure)  348829K->637K(1048064K), 0.0006354 secs]
27.513: Total time for which application threads were stopped: 0.0007566 seconds, Stopping threads took: 0.0000194 seconds
27.726: [GC (Allocation Failure)  348797K->701K(1048064K), 0.0005115 secs]
27.727: Total time for which application threads were stopped: 0.0006286 seconds, Stopping threads took: 0.0000189 seconds
27.940: [GC (Allocation Failure)  348861K->605K(1048064K), 0.0005259 secs]
27.941: Total time for which application threads were stopped: 0.0006415 seconds, Stopping threads took: 0.0000185 seconds
28.157: [GC (Allocation Failure)  348765K->637K(1048064K), 0.0004684 secs]
28.158: Total time for which application threads were stopped: 0.0005979 seconds, Stopping threads took: 0.0000264 seconds
28.376: [GC (Allocation Failure)  348797K->605K(1048064K), 0.0005268 secs]
28.377: Total time for which application threads were stopped: 0.0006534 seconds, Stopping threads took: 0.0000275 seconds
28.593: [GC (Allocation Failure)  348765K->605K(1048064K), 0.0005993 secs]
28.593: Total time for which application threads were stopped: 0.0007191 seconds, Stopping threads took: 0.0000192 seconds
28.806: [GC (Allocation Failure)  348765K->669K(1048064K), 0.0005946 secs]
28.806: Total time for which application threads were stopped: 0.0007118 seconds, Stopping threads took: 0.0000278 seconds
29.025: [GC (Allocation Failure)  348829K->637K(1048064K), 0.0005435 secs]
29.026: Total time for which application threads were stopped: 0.0006543 seconds, Stopping threads took: 0.0000171 seconds
29.244: [GC (Allocation Failure)  348797K->637K(1048064K), 0.0004668 secs]
29.244: Total time for which application threads were stopped: 0.0006027 seconds, Stopping threads took: 0.0000193 seconds
29.458: [GC (Allocation Failure)  348797K->637K(1048064K), 0.0004138 secs]
29.458: Total time for which application threads were stopped: 0.0005219 seconds, Stopping threads took: 0.0000184 seconds
29.678: [GC (Allocation Failure)  348797K->637K(1048064K), 0.0004499 secs]
29.679: Total time for which application threads were stopped: 0.0005696 seconds, Stopping threads took: 0.0000165 seconds
29.896: [GC (Allocation Failure)  348797K->637K(1048064K), 0.0004521 secs]
29.896: Total time for which application threads were stopped: 0.0005681 seconds, Stopping threads took: 0.0000191 seconds
30.116: [GC (Allocation Failure)  348797K->605K(1048064K), 0.0006144 secs]
30.117: Total time for which application threads were stopped: 0.0007984 seconds, Stopping threads took: 0.0000611 seconds
30.329: [GC (Allocation Failure)  348765K->669K(1048064K), 0.0005526 secs]
30.330: Total time for which application threads were stopped: 0.0006732 seconds, Stopping threads took: 0.0000196 seconds
30.545: [GC (Allocation Failure)  348829K->669K(1048064K), 0.0004148 secs]
30.546: Total time for which application threads were stopped: 0.0005448 seconds, Stopping threads took: 0.0000276 seconds
30.764: [GC (Allocation Failure)  348829K->669K(1048064K), 0.0006568 secs]
30.765: Total time for which application threads were stopped: 0.0008007 seconds, Stopping threads took: 0.0000208 seconds
30.978: [GC (Allocation Failure)  348829K->637K(1048064K), 0.0004431 secs]
30.978: Total time for which application threads were stopped: 0.0005822 seconds, Stopping threads took: 0.0000252 seconds
31.192: [GC (Allocation Failure)  348797K->669K(1048064K), 0.0005155 secs]
31.192: Total time for which application threads were stopped: 0.0006351 seconds, Stopping threads took: 0.0000188 seconds
31.406: [GC (Allocation Failure)  348829K->637K(1048064K), 0.0004754 secs]
31.406: Total time for which application threads were stopped: 0.0006027 seconds, Stopping threads took: 0.0000267 seconds
31.625: [GC (Allocation Failure)  348797K->637K(1048064K), 0.0004572 secs]
31.625: Total time for which application threads were stopped: 0.0005785 seconds, Stopping threads took: 0.0000194 seconds
31.839: [GC (Allocation Failure)  348797K->637K(1048064K), 0.0004667 secs]
31.839: Total time for which application threads were stopped: 0.0005865 seconds, Stopping threads took: 0.0000187 seconds
32.061: [GC (Allocation Failure)  348797K->669K(1048064K), 0.0003980 secs]
32.061: Total time for which application threads were stopped: 0.0005193 seconds, Stopping threads took: 0.0000243 seconds
32.275: [GC (Allocation Failure)  348829K->605K(1048064K), 0.0006220 secs]
32.276: Total time for which application threads were stopped: 0.0007401 seconds, Stopping threads took: 0.0000189 seconds
32.494: [GC (Allocation Failure)  348765K->701K(1048064K), 0.0004296 secs]
32.495: Total time for which application threads were stopped: 0.0005579 seconds, Stopping threads took: 0.0000275 seconds
32.707: [GC (Allocation Failure)  348861K->669K(1048064K), 0.0004904 secs]
32.707: Total time for which application threads were stopped: 0.0006088 seconds, Stopping threads took: 0.0000190 seconds
32.923: [GC (Allocation Failure)  348829K->637K(1048064K), 0.0004767 secs]
32.923: Total time for which application threads were stopped: 0.0005945 seconds, Stopping threads took: 0.0000188 seconds
33.142: [GC (Allocation Failure)  348797K->733K(1048064K), 0.0004812 secs]
33.143: Total time for which application threads were stopped: 0.0006002 seconds, Stopping threads took: 0.0000187 seconds
33.355: [GC (Allocation Failure)  348893K->701K(1048064K), 0.0004861 secs]
33.356: Total time for which application threads were stopped: 0.0006142 seconds, Stopping threads took: 0.0000199 seconds
33.577: [GC (Allocation Failure)  348861K->701K(1048064K), 0.0004274 secs]
33.578: Total time for which application threads were stopped: 0.0005553 seconds, Stopping threads took: 0.0000271 seconds
33.797: [GC (Allocation Failure)  348861K->637K(1048064K), 0.0004687 secs]
33.797: Total time for which application threads were stopped: 0.0005935 seconds, Stopping threads took: 0.0000191 seconds
34.011: [GC (Allocation Failure)  348797K->637K(1048064K), 0.0004397 secs]
34.012: Total time for which application threads were stopped: 0.0005686 seconds, Stopping threads took: 0.0000276 seconds
34.224: [GC (Allocation Failure)  348797K->637K(1048064K), 0.0005055 secs]
34.225: Total time for which application threads were stopped: 0.0006218 seconds, Stopping threads took: 0.0000186 seconds
34.444: [GC (Allocation Failure)  348797K->637K(1048064K), 0.0005386 secs]
34.445: Total time for which application threads were stopped: 0.0006397 seconds, Stopping threads took: 0.0000176 seconds
34.660: [GC (Allocation Failure)  348797K->701K(1048064K), 0.0005668 secs]
34.660: Total time for which application threads were stopped: 0.0006948 seconds, Stopping threads took: 0.0000190 seconds
34.873: [GC (Allocation Failure)  348861K->637K(1048064K), 0.0004835 secs]
34.874: Total time for which application threads were stopped: 0.0006008 seconds, Stopping threads took: 0.0000189 seconds
35.089: [GC (Allocation Failure)  348797K->669K(1048064K), 0.0004986 secs]
35.090: Total time for which application threads were stopped: 0.0006195 seconds, Stopping threads took: 0.0000192 seconds
35.303: [GC (Allocation Failure)  348829K->637K(1048064K), 0.0004876 secs]
35.303: Total time for which application threads were stopped: 0.0006323 seconds, Stopping threads took: 0.0000288 seconds
35.517: [GC (Allocation Failure)  348797K->669K(1048064K), 0.0005544 secs]
35.518: Total time for which application threads were stopped: 0.0006838 seconds, Stopping threads took: 0.0000268 seconds
35.736: [GC (Allocation Failure)  348829K->637K(1048064K), 0.0004889 secs]
35.737: Total time for which application threads were stopped: 0.0006089 seconds, Stopping threads took: 0.0000197 seconds
35.951: [GC (Allocation Failure)  348797K->605K(1048064K), 0.0005346 secs]
35.951: Total time for which application threads were stopped: 0.0006726 seconds, Stopping threads took: 0.0000211 seconds
36.169: [GC (Allocation Failure)  348765K->637K(1048064K), 0.0004910 secs]
36.169: Total time for which application threads were stopped: 0.0006104 seconds, Stopping threads took: 0.0000189 seconds
36.382: [GC (Allocation Failure)  348797K->701K(1048064K), 0.0005123 secs]
36.382: Total time for which application threads were stopped: 0.0006310 seconds, Stopping threads took: 0.0000264 seconds
36.600: [GC (Allocation Failure)  348861K->669K(1048064K), 0.0005105 secs]
36.601: Total time for which application threads were stopped: 0.0006358 seconds, Stopping threads took: 0.0000199 seconds
36.815: [GC (Allocation Failure)  348829K->701K(1048064K), 0.0005764 secs]
36.816: Total time for which application threads were stopped: 0.0007081 seconds, Stopping threads took: 0.0000186 seconds
37.031: [GC (Allocation Failure)  348861K->669K(1048064K), 0.0005404 secs]
37.032: Total time for which application threads were stopped: 0.0006680 seconds, Stopping threads took: 0.0000273 seconds
37.244: [GC (Allocation Failure)  348829K->669K(1048064K), 0.0007825 secs]
37.245: Total time for which application threads were stopped: 0.0009212 seconds, Stopping threads took: 0.0000191 seconds
37.459: [GC (Allocation Failure)  348829K->637K(1048064K), 0.0004241 secs]
37.459: Total time for which application threads were stopped: 0.0005417 seconds, Stopping threads took: 0.0000183 seconds
37.677: [GC (Allocation Failure)  348797K->637K(1048064K), 0.0005121 secs]
37.678: Total time for which application threads were stopped: 0.0006475 seconds, Stopping threads took: 0.0000196 seconds
37.899: [GC (Allocation Failure)  348797K->637K(1048064K), 0.0004543 secs]
37.899: Total time for which application threads were stopped: 0.0005750 seconds, Stopping threads took: 0.0000191 seconds
38.118: [GC (Allocation Failure)  348797K->605K(1048064K), 0.0004774 secs]
38.119: Total time for which application threads were stopped: 0.0006113 seconds, Stopping threads took: 0.0000191 seconds
38.335: [GC (Allocation Failure)  348765K->637K(1048064K), 0.0004799 secs]
38.335: Total time for which application threads were stopped: 0.0006175 seconds, Stopping threads took: 0.0000277 seconds
38.549: [GC (Allocation Failure)  348797K->605K(1048064K), 0.0005065 secs]
38.550: Total time for which application threads were stopped: 0.0006289 seconds, Stopping threads took: 0.0000197 seconds
38.762: [GC (Allocation Failure)  348765K->669K(1048064K), 0.0004264 secs]
38.763: Total time for which application threads were stopped: 0.0005482 seconds, Stopping threads took: 0.0000195 seconds
38.981: [GC (Allocation Failure)  348829K->637K(1048064K), 0.0004043 secs]
38.982: Total time for which application threads were stopped: 0.0005264 seconds, Stopping threads took: 0.0000260 seconds
39.199: [GC (Allocation Failure)  348797K->637K(1048064K), 0.0004729 secs]
39.200: Total time for which application threads were stopped: 0.0005919 seconds, Stopping threads took: 0.0000194 seconds
39.418: [GC (Allocation Failure)  348797K->669K(1048064K), 0.0004802 secs]
39.418: Total time for which application threads were stopped: 0.0006083 seconds, Stopping threads took: 0.0000274 seconds
39.636: [GC (Allocation Failure)  348829K->669K(1048064K), 0.0004647 secs]
39.636: Total time for which application threads were stopped: 0.0005847 seconds, Stopping threads took: 0.0000197 seconds
39.849: [GC (Allocation Failure)  348829K->637K(1048064K), 0.0004650 secs]
39.850: Total time for which application threads were stopped: 0.0005894 seconds, Stopping threads took: 0.0000270 seconds
40.069: [GC (Allocation Failure)  348797K->637K(1048064K), 0.0004352 secs]
40.069: Total time for which application threads were stopped: 0.0005447 seconds, Stopping threads took: 0.0000157 seconds
40.282: [GC (Allocation Failure)  348797K->637K(1048064K), 0.0004538 secs]
40.282: Total time for which application threads were stopped: 0.0005834 seconds, Stopping threads took: 0.0000274 seconds
40.497: [GC (Allocation Failure)  348797K->637K(1048064K), 0.0004525 secs]
40.497: Total time for which application threads were stopped: 0.0005808 seconds, Stopping threads took: 0.0000278 seconds
40.709: [GC (Allocation Failure)  348797K->669K(1048064K), 0.0004721 secs]
40.710: Total time for which application threads were stopped: 0.0005906 seconds, Stopping threads took: 0.0000188 seconds
40.922: [GC (Allocation Failure)  348829K->637K(1048064K), 0.0004983 secs]
40.923: Total time for which application threads were stopped: 0.0006174 seconds, Stopping threads took: 0.0000189 seconds
41.140: [GC (Allocation Failure)  348797K->605K(1048064K), 0.0005472 secs]
41.141: Total time for which application threads were stopped: 0.0006835 seconds, Stopping threads took: 0.0000339 seconds
41.359: [GC (Allocation Failure)  348765K->637K(1048064K), 0.0004526 secs]
41.360: Total time for which application threads were stopped: 0.0005737 seconds, Stopping threads took: 0.0000209 seconds
41.580: [GC (Allocation Failure)  348797K->669K(1048064K), 0.0004785 secs]
41.581: Total time for which application threads were stopped: 0.0006047 seconds, Stopping threads took: 0.0000259 seconds
41.799: [GC (Allocation Failure)  348829K->637K(1048064K), 0.0004529 secs]
41.800: Total time for which application threads were stopped: 0.0005742 seconds, Stopping threads took: 0.0000191 seconds
42.013: [GC (Allocation Failure)  348797K->669K(1048064K), 0.0005306 secs]
42.014: Total time for which application threads were stopped: 0.0006523 seconds, Stopping threads took: 0.0000263 seconds
42.232: [GC (Allocation Failure)  348829K->637K(1048064K), 0.0004706 secs]
42.233: Total time for which application threads were stopped: 0.0006431 seconds, Stopping threads took: 0.0000272 seconds
42.451: [GC (Allocation Failure)  348797K->669K(1048064K), 0.0004184 secs]
42.452: Total time for which application threads were stopped: 0.0005343 seconds, Stopping threads took: 0.0000194 seconds
42.669: [GC (Allocation Failure)  348829K->637K(1048064K), 0.0004749 secs]
42.670: Total time for which application threads were stopped: 0.0005992 seconds, Stopping threads took: 0.0000267 seconds
42.888: [GC (Allocation Failure)  348797K->733K(1048064K), 0.0005629 secs]
42.888: Total time for which application threads were stopped: 0.0006867 seconds, Stopping threads took: 0.0000187 seconds
43.101: [GC (Allocation Failure)  348893K->669K(1048064K), 0.0005508 secs]
43.102: Total time for which application threads were stopped: 0.0006941 seconds, Stopping threads took: 0.0000294 seconds
43.314: [GC (Allocation Failure)  348829K->605K(1048064K), 0.0006720 secs]
43.315: Total time for which application threads were stopped: 0.0008224 seconds, Stopping threads took: 0.0000299 seconds
43.529: [GC (Allocation Failure)  348765K->669K(1048064K), 0.0006250 secs]
43.530: Total time for which application threads were stopped: 0.0007630 seconds, Stopping threads took: 0.0000200 seconds
43.749: [GC (Allocation Failure)  348829K->605K(1048064K), 0.0004873 secs]
43.749: Total time for which application threads were stopped: 0.0005964 seconds, Stopping threads took: 0.0000165 seconds
43.963: [GC (Allocation Failure)  348765K->733K(1048064K), 0.0005940 secs]
43.963: Total time for which application threads were stopped: 0.0007141 seconds, Stopping threads took: 0.0000191 seconds
44.178: [GC (Allocation Failure)  348893K->669K(1048064K), 0.0004858 secs]
44.178: Total time for which application threads were stopped: 0.0006109 seconds, Stopping threads took: 0.0000190 seconds
44.392: [GC (Allocation Failure)  348829K->669K(1048064K), 0.0005195 secs]
44.392: Total time for which application threads were stopped: 0.0006785 seconds, Stopping threads took: 0.0000250 seconds
44.607: [GC (Allocation Failure)  348829K->637K(1048064K), 0.0007203 secs]
44.607: Total time for which application threads were stopped: 0.0008539 seconds, Stopping threads took: 0.0000201 seconds
44.820: [GC (Allocation Failure)  348797K->637K(1048064K), 0.0005749 secs]
44.821: Total time for which application threads were stopped: 0.0006951 seconds, Stopping threads took: 0.0000191 seconds
45.040: [GC (Allocation Failure)  348797K->669K(1048064K), 0.0004678 secs]
45.041: Total time for which application threads were stopped: 0.0006185 seconds, Stopping threads took: 0.0000254 seconds
45.255: [GC (Allocation Failure)  348829K->701K(1048064K), 0.0004740 secs]
45.255: Total time for which application threads were stopped: 0.0005904 seconds, Stopping threads took: 0.0000188 seconds
45.471: [GC (Allocation Failure)  348861K->669K(1048064K), 0.0004269 secs]
45.472: Total time for which application threads were stopped: 0.0005274 seconds, Stopping threads took: 0.0000169 seconds
45.691: [GC (Allocation Failure)  348829K->701K(1048064K), 0.0004610 secs]
45.691: Total time for which application threads were stopped: 0.0005841 seconds, Stopping threads took: 0.0000195 seconds
45.910: [GC (Allocation Failure)  348861K->637K(1048064K), 0.0004679 secs]
45.911: Total time for which application threads were stopped: 0.0005885 seconds, Stopping threads took: 0.0000192 seconds
46.131: [GC (Allocation Failure)  348797K->669K(1048064K), 0.0005430 secs]
46.132: Total time for which application threads were stopped: 0.0006764 seconds, Stopping threads took: 0.0000189 seconds
46.350: [GC (Allocation Failure)  348829K->669K(1048064K), 0.0005433 secs]
46.350: Total time for which application threads were stopped: 0.0006702 seconds, Stopping threads took: 0.0000269 seconds
46.565: [GC (Allocation Failure)  348829K->637K(1048064K), 0.0003981 secs]
46.565: Total time for which application threads were stopped: 0.0005035 seconds, Stopping threads took: 0.0000251 seconds
46.778: [GC (Allocation Failure)  348797K->605K(1048064K), 0.0006002 secs]
46.779: Total time for which application threads were stopped: 0.0007280 seconds, Stopping threads took: 0.0000200 seconds
46.997: [GC (Allocation Failure)  348765K->637K(1048064K), 0.0005141 secs]
46.997: Total time for which application threads were stopped: 0.0006556 seconds, Stopping threads took: 0.0000258 seconds
47.215: [GC (Allocation Failure)  348797K->669K(1048064K), 0.0006380 secs]
47.216: Total time for which application threads were stopped: 0.0007596 seconds, Stopping threads took: 0.0000193 seconds
47.431: [GC (Allocation Failure)  348829K->573K(1048064K), 0.0006637 secs]
47.432: Total time for which application threads were stopped: 0.0007827 seconds, Stopping threads took: 0.0000195 seconds
47.646: [GC (Allocation Failure)  348733K->669K(1048064K), 0.0004729 secs]
47.646: Total time for which application threads were stopped: 0.0005919 seconds, Stopping threads took: 0.0000193 seconds
47.866: [GC (Allocation Failure)  348829K->637K(1048064K), 0.0004897 secs]
47.866: Total time for which application threads were stopped: 0.0006291 seconds, Stopping threads took: 0.0000272 seconds
48.085: [GC (Allocation Failure)  348797K->637K(1048064K), 0.0004573 secs]
48.086: Total time for which application threads were stopped: 0.0005877 seconds, Stopping threads took: 0.0000278 seconds
48.303: [GC (Allocation Failure)  348797K->701K(1048064K), 0.0006433 secs]
48.304: Total time for which application threads were stopped: 0.0007605 seconds, Stopping threads took: 0.0000193 seconds
48.519: [GC (Allocation Failure)  348861K->637K(1048064K), 0.0004221 secs]
48.519: Total time for which application threads were stopped: 0.0005609 seconds, Stopping threads took: 0.0000191 seconds
48.732: [GC (Allocation Failure)  348797K->637K(1048064K), 0.0004693 secs]
48.733: Total time for which application threads were stopped: 0.0005909 seconds, Stopping threads took: 0.0000196 seconds
48.945: [GC (Allocation Failure)  348797K->605K(1048064K), 0.0006181 secs]
48.946: Total time for which application threads were stopped: 0.0007398 seconds, Stopping threads took: 0.0000189 seconds
49.164: [GC (Allocation Failure)  348765K->701K(1048064K), 0.0005632 secs]
49.165: Total time for which application threads were stopped: 0.0007022 seconds, Stopping threads took: 0.0000211 seconds
49.383: [GC (Allocation Failure)  348861K->605K(1048064K), 0.0004641 secs]
49.384: Total time for which application threads were stopped: 0.0006061 seconds, Stopping threads took: 0.0000248 seconds
49.597: [GC (Allocation Failure)  348765K->669K(1048064K), 0.0004635 secs]
49.597: Total time for which application threads were stopped: 0.0005865 seconds, Stopping threads took: 0.0000273 seconds
49.810: [GC (Allocation Failure)  348829K->637K(1048064K), 0.0005054 secs]
49.811: Total time for which application threads were stopped: 0.0006185 seconds, Stopping threads took: 0.0000189 seconds
50.030: [GC (Allocation Failure)  348797K->669K(1048064K), 0.0006035 secs]
50.030: Total time for which application threads were stopped: 0.0007281 seconds, Stopping threads took: 0.0000254 seconds
50.243: [GC (Allocation Failure)  348829K->637K(1048064K), 0.0005431 secs]
50.244: Total time for which application threads were stopped: 0.0006635 seconds, Stopping threads took: 0.0000191 seconds
50.464: [GC (Allocation Failure)  348797K->669K(1048064K), 0.0004574 secs]
50.464: Total time for which application threads were stopped: 0.0005774 seconds, Stopping threads took: 0.0000192 seconds
50.681: [GC (Allocation Failure)  348829K->637K(1048064K), 0.0004487 secs]
50.682: Total time for which application threads were stopped: 0.0005661 seconds, Stopping threads took: 0.0000193 seconds
50.900: [GC (Allocation Failure)  348797K->669K(1048064K), 0.0004544 secs]
50.900: Total time for which application threads were stopped: 0.0005919 seconds, Stopping threads took: 0.0000276 seconds
51.113: [GC (Allocation Failure)  348829K->637K(1048064K), 0.0005770 secs]
51.114: Total time for which application threads were stopped: 0.0006938 seconds, Stopping threads took: 0.0000187 seconds
51.332: [GC (Allocation Failure)  348797K->637K(1048064K), 0.0004806 secs]
51.332: Total time for which application threads were stopped: 0.0005981 seconds, Stopping threads took: 0.0000182 seconds
51.549: [GC (Allocation Failure)  348797K->637K(1048064K), 0.0004516 secs]
51.549: Total time for which application threads were stopped: 0.0005970 seconds, Stopping threads took: 0.0000273 seconds
51.768: [GC (Allocation Failure)  348797K->701K(1048064K), 0.0005659 secs]
51.768: Total time for which application threads were stopped: 0.0006999 seconds, Stopping threads took: 0.0000266 seconds
51.981: [GC (Allocation Failure)  348861K->605K(1048064K), 0.0005261 secs]
51.982: Total time for which application threads were stopped: 0.0006470 seconds, Stopping threads took: 0.0000200 seconds
52.195: [GC (Allocation Failure)  348765K->669K(1048064K), 0.0005467 secs]
52.195: Total time for which application threads were stopped: 0.0006817 seconds, Stopping threads took: 0.0000253 seconds
52.414: [GC (Allocation Failure)  348829K->637K(1048064K), 0.0004308 secs]
52.415: Total time for which application threads were stopped: 0.0005511 seconds, Stopping threads took: 0.0000245 seconds
52.628: [GC (Allocation Failure)  348797K->701K(1048064K), 0.0004725 secs]
52.628: Total time for which application threads were stopped: 0.0006156 seconds, Stopping threads took: 0.0000191 seconds
52.847: [GC (Allocation Failure)  348861K->701K(1048064K), 0.0004805 secs]
52.848: Total time for which application threads were stopped: 0.0005991 seconds, Stopping threads took: 0.0000187 seconds
53.061: [GC (Allocation Failure)  348861K->669K(1048064K), 0.0004850 secs]
53.061: Total time for which application threads were stopped: 0.0006062 seconds, Stopping threads took: 0.0000197 seconds
53.274: [GC (Allocation Failure)  348829K->605K(1048064K), 0.0004903 secs]
53.274: Total time for which application threads were stopped: 0.0006099 seconds, Stopping threads took: 0.0000192 seconds
53.495: [GC (Allocation Failure)  348765K->733K(1048064K), 0.0003949 secs]
53.495: Total time for which application threads were stopped: 0.0005132 seconds, Stopping threads took: 0.0000246 seconds
53.710: [GC (Allocation Failure)  348893K->637K(1048064K), 0.0004465 secs]
53.710: Total time for which application threads were stopped: 0.0005618 seconds, Stopping threads took: 0.0000192 seconds
53.929: [GC (Allocation Failure)  348797K->637K(1048064K), 0.0004757 secs]
53.929: Total time for which application threads were stopped: 0.0005985 seconds, Stopping threads took: 0.0000199 seconds
54.148: [GC (Allocation Failure)  348797K->701K(1048064K), 0.0005690 secs]
54.149: Total time for which application threads were stopped: 0.0006956 seconds, Stopping threads took: 0.0000269 seconds
54.367: [GC (Allocation Failure)  348861K->637K(1048064K), 0.0005878 secs]
54.368: Total time for which application threads were stopped: 0.0007063 seconds, Stopping threads took: 0.0000202 seconds
54.586: [GC (Allocation Failure)  348797K->701K(1048064K), 0.0004861 secs]
54.587: Total time for which application threads were stopped: 0.0006311 seconds, Stopping threads took: 0.0000191 seconds
54.805: [GC (Allocation Failure)  348861K->637K(1048064K), 0.0005562 secs]
54.805: Total time for which application threads were stopped: 0.0006735 seconds, Stopping threads took: 0.0000190 seconds
55.022: [GC (Allocation Failure)  348797K->637K(1048064K), 0.0004492 secs]
55.022: Total time for which application threads were stopped: 0.0005854 seconds, Stopping threads took: 0.0000282 seconds
55.240: [GC (Allocation Failure)  348797K->637K(1048064K), 0.0004472 secs]
55.240: Total time for which application threads were stopped: 0.0005538 seconds, Stopping threads took: 0.0000163 seconds
55.454: [GC (Allocation Failure)  348797K->701K(1048064K), 0.0005985 secs]
55.454: Total time for which application threads were stopped: 0.0007170 seconds, Stopping threads took: 0.0000193 seconds
55.668: [GC (Allocation Failure)  348861K->669K(1048064K), 0.0006651 secs]
55.669: Total time for which application threads were stopped: 0.0008000 seconds, Stopping threads took: 0.0000268 seconds
55.887: [GC (Allocation Failure)  348829K->637K(1048064K), 0.0004543 secs]
55.888: Total time for which application threads were stopped: 0.0005853 seconds, Stopping threads took: 0.0000277 seconds
56.101: [GC (Allocation Failure)  348797K->637K(1048064K), 0.0004701 secs]
56.101: Total time for which application threads were stopped: 0.0005858 seconds, Stopping threads took: 0.0000187 seconds
56.314: [GC (Allocation Failure)  348797K->669K(1048064K), 0.0004833 secs]
56.315: Total time for which application threads were stopped: 0.0005996 seconds, Stopping threads took: 0.0000185 seconds
56.529: [GC (Allocation Failure)  348829K->669K(1048064K), 0.0004514 secs]
56.529: Total time for which application threads were stopped: 0.0005781 seconds, Stopping threads took: 0.0000272 seconds
56.748: [GC (Allocation Failure)  348829K->605K(1048064K), 0.0006193 secs]
56.748: Total time for which application threads were stopped: 0.0007424 seconds, Stopping threads took: 0.0000260 seconds
56.961: [GC (Allocation Failure)  348765K->605K(1048064K), 0.0005474 secs]
56.962: Total time for which application threads were stopped: 0.0006767 seconds, Stopping threads took: 0.0000278 seconds
57.179: [GC (Allocation Failure)  348765K->669K(1048064K), 0.0004921 secs]
57.179: Total time for which application threads were stopped: 0.0006211 seconds, Stopping threads took: 0.0000274 seconds
57.393: [GC (Allocation Failure)  348829K->669K(1048064K), 0.0005174 secs]
57.393: Total time for which application threads were stopped: 0.0006419 seconds, Stopping threads took: 0.0000246 seconds
57.607: [GC (Allocation Failure)  348829K->669K(1048064K), 0.0004855 secs]
57.607: Total time for which application threads were stopped: 0.0006038 seconds, Stopping threads took: 0.0000191 seconds
57.821: [GC (Allocation Failure)  348829K->605K(1048064K), 0.0005369 secs]
57.821: Total time for which application threads were stopped: 0.0006648 seconds, Stopping threads took: 0.0000269 seconds
58.038: [GC (Allocation Failure)  348765K->669K(1048064K), 0.0004689 secs]
58.039: Total time for which application threads were stopped: 0.0006060 seconds, Stopping threads took: 0.0000191 seconds
58.252: [GC (Allocation Failure)  348829K->605K(1048064K), 0.0005163 secs]
58.252: Total time for which application threads were stopped: 0.0006447 seconds, Stopping threads took: 0.0000285 seconds
58.470: [GC (Allocation Failure)  348765K->733K(1048064K), 0.0005026 secs]
58.471: Total time for which application threads were stopped: 0.0006326 seconds, Stopping threads took: 0.0000267 seconds
58.684: [GC (Allocation Failure)  348893K->637K(1048064K), 0.0004392 secs]
58.684: Total time for which application threads were stopped: 0.0005524 seconds, Stopping threads took: 0.0000189 seconds
58.902: [GC (Allocation Failure)  348797K->637K(1048064K), 0.0004550 secs]
58.903: Total time for which application threads were stopped: 0.0005823 seconds, Stopping threads took: 0.0000275 seconds
59.116: [GC (Allocation Failure)  348797K->637K(1048064K), 0.0004913 secs]
59.117: Total time for which application threads were stopped: 0.0006533 seconds, Stopping threads took: 0.0000460 seconds
59.330: [GC (Allocation Failure)  348797K->605K(1048064K), 0.0006543 secs]
59.330: Total time for which application threads were stopped: 0.0007786 seconds, Stopping threads took: 0.0000214 seconds
59.545: [GC (Allocation Failure)  348765K->637K(1048064K), 0.0004156 secs]
59.546: Total time for which application threads were stopped: 0.0005336 seconds, Stopping threads took: 0.0000267 seconds
59.759: [GC (Allocation Failure)  348797K->669K(1048064K), 0.0004678 secs]
59.759: Total time for which application threads were stopped: 0.0005857 seconds, Stopping threads took: 0.0000191 seconds
59.972: [GC (Allocation Failure)  348829K->605K(1048064K), 0.0006685 secs]
59.973: Total time for which application threads were stopped: 0.0007875 seconds, Stopping threads took: 0.0000191 seconds
60.186: [GC (Allocation Failure)  348765K->605K(1048064K), 0.0004209 secs]
60.187: Total time for which application threads were stopped: 0.0005479 seconds, Stopping threads took: 0.0000274 seconds
60.408: [GC (Allocation Failure)  348765K->637K(1048064K), 0.0005264 secs]
60.409: Total time for which application threads were stopped: 0.0006460 seconds, Stopping threads took: 0.0000190 seconds
60.626: [GC (Allocation Failure)  348797K->669K(1048064K), 0.0005231 secs]
60.627: Total time for which application threads were stopped: 0.0006418 seconds, Stopping threads took: 0.0000189 seconds
60.841: [GC (Allocation Failure)  348829K->733K(1048064K), 0.0004115 secs]
60.841: Total time for which application threads were stopped: 0.0005698 seconds, Stopping threads took: 0.0000512 seconds
61.061: [GC (Allocation Failure)  348893K->637K(1048064K), 0.0005447 secs]
61.061: Total time for which application threads were stopped: 0.0006674 seconds, Stopping threads took: 0.0000193 seconds
61.277: [GC (Allocation Failure)  348797K->605K(1048064K), 0.0005919 secs]
61.278: Total time for which application threads were stopped: 0.0007214 seconds, Stopping threads took: 0.0000277 seconds
61.491: [GC (Allocation Failure)  348765K->701K(1048064K), 0.0004589 secs]
61.491: Total time for which application threads were stopped: 0.0005910 seconds, Stopping threads took: 0.0000185 seconds
61.705: [GC (Allocation Failure)  348861K->669K(1048064K), 0.0004799 secs]
61.706: Total time for which application threads were stopped: 0.0006167 seconds, Stopping threads took: 0.0000265 seconds
61.919: [GC (Allocation Failure)  348829K->637K(1048064K), 0.0004805 secs]
61.919: Total time for which application threads were stopped: 0.0006010 seconds, Stopping threads took: 0.0000192 seconds
62.133: [GC (Allocation Failure)  348797K->701K(1048064K), 0.0004693 secs]
62.134: Total time for which application threads were stopped: 0.0005988 seconds, Stopping threads took: 0.0000274 seconds
62.346: [GC (Allocation Failure)  348861K->701K(1048064K), 0.0005533 secs]
62.347: Total time for which application threads were stopped: 0.0007985 seconds, Stopping threads took: 0.0000188 seconds
62.561: [GC (Allocation Failure)  348861K->669K(1048064K), 0.0005917 secs]
62.562: Total time for which application threads were stopped: 0.0007158 seconds, Stopping threads took: 0.0000185 seconds
62.774: [GC (Allocation Failure)  348829K->701K(1048064K), 0.0004519 secs]
62.775: Total time for which application threads were stopped: 0.0005803 seconds, Stopping threads took: 0.0000186 seconds
62.987: [GC (Allocation Failure)  348861K->637K(1048064K), 0.0004526 secs]
62.988: Total time for which application threads were stopped: 0.0005719 seconds, Stopping threads took: 0.0000190 seconds
63.208: [GC (Allocation Failure)  348797K->605K(1048064K), 0.0004638 secs]
63.208: Total time for which application threads were stopped: 0.0005925 seconds, Stopping threads took: 0.0000182 seconds
63.428: [GC (Allocation Failure)  348765K->669K(1048064K), 0.0004636 secs]
63.429: Total time for which application threads were stopped: 0.0005830 seconds, Stopping threads took: 0.0000193 seconds
63.641: [GC (Allocation Failure)  348829K->605K(1048064K), 0.0005641 secs]
63.642: Total time for which application threads were stopped: 0.0006822 seconds, Stopping threads took: 0.0000185 seconds
63.854: [GC (Allocation Failure)  348765K->637K(1048064K), 0.0005350 secs]
63.855: Total time for which application threads were stopped: 0.0006631 seconds, Stopping threads took: 0.0000273 seconds
64.074: [GC (Allocation Failure)  348797K->605K(1048064K), 0.0004287 secs]
64.074: Total time for which application threads were stopped: 0.0005548 seconds, Stopping threads took: 0.0000192 seconds
64.292: [GC (Allocation Failure)  348765K->701K(1048064K), 0.0005049 secs]
64.293: Total time for which application threads were stopped: 0.0006117 seconds, Stopping threads took: 0.0000166 seconds
64.512: [GC (Allocation Failure)  348861K->637K(1048064K), 0.0003687 secs]
64.512: Total time for which application threads were stopped: 0.0004849 seconds, Stopping threads took: 0.0000246 seconds
64.729: [GC (Allocation Failure)  348797K->637K(1048064K), 0.0004597 secs]
64.729: Total time for which application threads were stopped: 0.0005878 seconds, Stopping threads took: 0.0000193 seconds
64.942: [GC (Allocation Failure)  348797K->637K(1048064K), 0.0005628 secs]
64.942: Total time for which application threads were stopped: 0.0006802 seconds, Stopping threads took: 0.0000183 seconds
65.156: [GC (Allocation Failure)  348797K->669K(1048064K), 0.0004815 secs]
65.157: Total time for which application threads were stopped: 0.0006034 seconds, Stopping threads took: 0.0000194 seconds
65.369: [GC (Allocation Failure)  348829K->605K(1048064K), 0.0004881 secs]
65.370: Total time for which application threads were stopped: 0.0006103 seconds, Stopping threads took: 0.0000244 seconds
65.587: [GC (Allocation Failure)  348765K->669K(1048064K), 0.0004642 secs]
65.587: Total time for which application threads were stopped: 0.0005922 seconds, Stopping threads took: 0.0000273 seconds
65.800: [GC (Allocation Failure)  348829K->605K(1048064K), 0.0006372 secs]
65.801: Total time for which application threads were stopped: 0.0007638 seconds, Stopping threads took: 0.0000274 seconds
66.021: [GC (Allocation Failure)  348765K->637K(1048064K), 0.0004311 secs]
66.022: Total time for which application threads were stopped: 0.0005603 seconds, Stopping threads took: 0.0000262 seconds
66.235: [GC (Allocation Failure)  348797K->605K(1048064K), 0.0004762 secs]
66.235: Total time for which application threads were stopped: 0.0005964 seconds, Stopping threads took: 0.0000208 seconds
66.456: [GC (Allocation Failure)  348765K->605K(1048064K), 0.0005383 secs]
66.457: Total time for which application threads were stopped: 0.0006448 seconds, Stopping threads took: 0.0000161 seconds
66.673: [GC (Allocation Failure)  348765K->701K(1048064K), 0.0004875 secs]
66.674: Total time for which application threads were stopped: 0.0006075 seconds, Stopping threads took: 0.0000193 seconds
66.888: [GC (Allocation Failure)  348861K->637K(1048064K), 0.0005216 secs]
66.888: Total time for which application threads were stopped: 0.0006922 seconds, Stopping threads took: 0.0000198 seconds
67.105: [GC (Allocation Failure)  348797K->669K(1048064K), 0.0004599 secs]
67.105: Total time for which application threads were stopped: 0.0005905 seconds, Stopping threads took: 0.0000269 seconds
67.319: [GC (Allocation Failure)  348829K->701K(1048064K), 0.0005013 secs]
67.320: Total time for which application threads were stopped: 0.0006500 seconds, Stopping threads took: 0.0000294 seconds
67.540: [GC (Allocation Failure)  348861K->605K(1048064K), 0.0004590 secs]
67.540: Total time for which application threads were stopped: 0.0005823 seconds, Stopping threads took: 0.0000268 seconds
67.759: [GC (Allocation Failure)  348765K->637K(1048064K), 0.0004842 secs]
67.759: Total time for which application threads were stopped: 0.0005920 seconds, Stopping threads took: 0.0000164 seconds
67.973: [GC (Allocation Failure)  348797K->605K(1048064K), 0.0004620 secs]
67.974: Total time for which application threads were stopped: 0.0005797 seconds, Stopping threads took: 0.0000191 seconds
68.193: [GC (Allocation Failure)  348765K->701K(1048064K), 0.0006081 secs]
68.194: Total time for which application threads were stopped: 0.0007270 seconds, Stopping threads took: 0.0000188 seconds
68.409: [GC (Allocation Failure)  348861K->605K(1048064K), 0.0004800 secs]
68.410: Total time for which application threads were stopped: 0.0006114 seconds, Stopping threads took: 0.0000194 seconds
68.626: [GC (Allocation Failure)  348765K->637K(1048064K), 0.0005372 secs]
68.626: Total time for which application threads were stopped: 0.0006574 seconds, Stopping threads took: 0.0000198 seconds
68.840: [GC (Allocation Failure)  348797K->669K(1048064K), 0.0006100 secs]
68.841: Total time for which application threads were stopped: 0.0007360 seconds, Stopping threads took: 0.0000189 seconds
69.056: [GC (Allocation Failure)  348829K->701K(1048064K), 0.0005367 secs]
69.057: Total time for which application threads were stopped: 0.0006667 seconds, Stopping threads took: 0.0000277 seconds
69.271: [GC (Allocation Failure)  348861K->669K(1048064K), 0.0007602 secs]
69.272: Total time for which application threads were stopped: 0.0008875 seconds, Stopping threads took: 0.0000272 seconds
69.487: [GC (Allocation Failure)  348829K->669K(1048064K), 0.0005540 secs]
69.488: Total time for which application threads were stopped: 0.0006802 seconds, Stopping threads took: 0.0000272 seconds
69.707: [GC (Allocation Failure)  348829K->669K(1048064K), 0.0006180 secs]
69.708: Total time for which application threads were stopped: 0.0007529 seconds, Stopping threads took: 0.0000197 seconds
69.924: [GC (Allocation Failure)  348829K->669K(1048064K), 0.0004883 secs]
69.925: Total time for which application threads were stopped: 0.0006088 seconds, Stopping threads took: 0.0000193 seconds
70.145: [GC (Allocation Failure)  348829K->701K(1048064K), 0.0004587 secs]
70.145: Total time for which application threads were stopped: 0.0005819 seconds, Stopping threads took: 0.0000196 seconds
70.363: [GC (Allocation Failure)  348861K->637K(1048064K), 0.0004623 secs]
70.364: Total time for which application threads were stopped: 0.0005903 seconds, Stopping threads took: 0.0000273 seconds
70.582: [GC (Allocation Failure)  348797K->637K(1048064K), 0.0005376 secs]
70.583: Total time for which application threads were stopped: 0.0006653 seconds, Stopping threads took: 0.0000268 seconds
70.800: [GC (Allocation Failure)  348797K->637K(1048064K), 0.0005052 secs]
70.800: Total time for which application threads were stopped: 0.0006400 seconds, Stopping threads took: 0.0000196 seconds
71.015: [GC (Allocation Failure)  348797K->701K(1048064K), 0.0004232 secs]
71.015: Total time for which application threads were stopped: 0.0005453 seconds, Stopping threads took: 0.0000253 seconds
