Java HotSpot(TM) 64-Bit Server VM (25.171-b11) for linux-amd64 JRE (1.8.0_171-b11), built on Mar 28 2018 17:07:08 by "java_re" with gcc 4.3.0 20080428 (Red Hat 4.3.0-8)
Memory: 4k page, physical 32883000k(29420464k free), swap 8000508k(8000508k free)
CommandLine flags: -XX:InitialHeapSize=1073741824 -XX:MaxHeapSize=1073741824 -XX:+PrintGC -XX:+PrintGCApplicationStoppedTime -XX:+PrintGCTimeStamps -XX:+UseCompressedClassPointers -XX:+UseCompressedOops -XX:+UseParallelGC 
0.490: [GC (Allocation Failure)  262144K->2389K(1005056K), 0.0018131 secs]
0.492: Total time for which application threads were stopped: 0.0020147 seconds, Stopping threads took: 0.0000200 seconds
0.661: [GC (Allocation Failure)  264533K->640K(1005056K), 0.0008213 secs]
0.661: Total time for which application threads were stopped: 0.0009392 seconds, Stopping threads took: 0.0000167 seconds
0.829: [GC (Allocation Failure)  262784K->576K(1005056K), 0.0008810 secs]
0.830: Total time for which application threads were stopped: 0.0010311 seconds, Stopping threads took: 0.0000191 seconds
0.994: [GC (Allocation Failure)  262720K->616K(1005056K), 0.0008665 secs]
0.994: Total time for which application threads were stopped: 0.0010011 seconds, Stopping threads took: 0.0000314 seconds
1.164: [GC (Allocation Failure)  262760K->584K(1005056K), 0.0011160 secs]
1.165: Total time for which application threads were stopped: 0.0012522 seconds, Stopping threads took: 0.0000317 seconds
1.333: [GC (Allocation Failure)  262728K->560K(1046016K), 0.0009182 secs]
1.334: Total time for which application threads were stopped: 0.0010435 seconds, Stopping threads took: 0.0000295 seconds
1.565: [GC (Allocation Failure)  344624K->589K(1046016K), 0.0009072 secs]
1.565: Total time for which application threads were stopped: 0.0010344 seconds, Stopping threads took: 0.0000206 seconds
1.778: [GC (Allocation Failure)  344653K->653K(1046016K), 0.0004733 secs]
1.779: Total time for which application threads were stopped: 0.0005893 seconds, Stopping threads took: 0.0000192 seconds
1.991: [GC (Allocation Failure)  344717K->685K(1046016K), 0.0004719 secs]
1.992: Total time for which application threads were stopped: 0.0005953 seconds, Stopping threads took: 0.0000269 seconds
2.209: [GC (Allocation Failure)  344749K->589K(1046016K), 0.0004869 secs]
2.210: Total time for which application threads were stopped: 0.0006200 seconds, Stopping threads took: 0.0000274 seconds
2.422: [GC (Allocation Failure)  344653K->685K(1046016K), 0.0004664 secs]
2.422: Total time for which application threads were stopped: 0.0005913 seconds, Stopping threads took: 0.0000199 seconds
2.635: [GC (Allocation Failure)  344749K->621K(1046528K), 0.0005604 secs]
2.635: Total time for which application threads were stopped: 0.0006847 seconds, Stopping threads took: 0.0000203 seconds
2.849: [GC (Allocation Failure)  345709K->653K(1046528K), 0.0004539 secs]
2.849: Total time for which application threads were stopped: 0.0005672 seconds, Stopping threads took: 0.0000193 seconds
3.062: [GC (Allocation Failure)  345741K->621K(1046528K), 0.0004808 secs]
3.062: Total time for which application threads were stopped: 0.0005956 seconds, Stopping threads took: 0.0000188 seconds
3.281: [GC (Allocation Failure)  345709K->629K(1046528K), 0.0005642 secs]
3.281: Total time for which application threads were stopped: 0.0007008 seconds, Stopping threads took: 0.0000271 seconds
3.499: [GC (Allocation Failure)  345717K->629K(1046528K), 0.0006230 secs]
3.499: Total time for which application threads were stopped: 0.0007577 seconds, Stopping threads took: 0.0000204 seconds
3.715: [GC (Allocation Failure)  345717K->661K(1046528K), 0.0004765 secs]
3.715: Total time for which application threads were stopped: 0.0005945 seconds, Stopping threads took: 0.0000197 seconds
3.928: [GC (Allocation Failure)  345749K->661K(1047040K), 0.0005590 secs]
3.929: Total time for which application threads were stopped: 0.0006768 seconds, Stopping threads took: 0.0000192 seconds
4.056: Total time for which application threads were stopped: 0.0001235 seconds, Stopping threads took: 0.0000578 seconds
4.142: [GC (Allocation Failure)  346773K->661K(1047040K), 0.0004588 secs]
4.142: Total time for which application threads were stopped: 0.0005788 seconds, Stopping threads took: 0.0000254 seconds
4.355: [GC (Allocation Failure)  346773K->725K(1047040K), 0.0005117 secs]
4.355: Total time for which application threads were stopped: 0.0006333 seconds, Stopping threads took: 0.0000221 seconds
4.573: [GC (Allocation Failure)  346837K->661K(1047040K), 0.0005357 secs]
4.573: Total time for which application threads were stopped: 0.0006895 seconds, Stopping threads took: 0.0000285 seconds
4.794: [GC (Allocation Failure)  346773K->629K(1047040K), 0.0005101 secs]
4.795: Total time for which application threads were stopped: 0.0006589 seconds, Stopping threads took: 0.0000216 seconds
5.009: [GC (Allocation Failure)  346741K->693K(1047040K), 0.0005041 secs]
5.009: Total time for which application threads were stopped: 0.0006266 seconds, Stopping threads took: 0.0000267 seconds
5.225: [GC (Allocation Failure)  346805K->629K(1047552K), 0.0005401 secs]
5.225: Total time for which application threads were stopped: 0.0006632 seconds, Stopping threads took: 0.0000264 seconds
5.445: [GC (Allocation Failure)  347253K->629K(1047040K), 0.0004442 secs]
5.446: Total time for which application threads were stopped: 0.0005957 seconds, Stopping threads took: 0.0000189 seconds
5.661: [GC (Allocation Failure)  347253K->725K(1047552K), 0.0004799 secs]
5.662: Total time for which application threads were stopped: 0.0006037 seconds, Stopping threads took: 0.0000271 seconds
5.876: [GC (Allocation Failure)  347861K->661K(1047552K), 0.0004252 secs]
5.876: Total time for which application threads were stopped: 0.0005633 seconds, Stopping threads took: 0.0000240 seconds
6.093: [GC (Allocation Failure)  347797K->629K(1047552K), 0.0005214 secs]
6.093: Total time for which application threads were stopped: 0.0006372 seconds, Stopping threads took: 0.0000196 seconds
6.316: [GC (Allocation Failure)  347765K->661K(1047552K), 0.0004643 secs]
6.316: Total time for which application threads were stopped: 0.0005907 seconds, Stopping threads took: 0.0000273 seconds
6.529: [GC (Allocation Failure)  347797K->629K(1047552K), 0.0005329 secs]
6.530: Total time for which application threads were stopped: 0.0006535 seconds, Stopping threads took: 0.0000186 seconds
6.750: [GC (Allocation Failure)  347765K->629K(1047552K), 0.0004872 secs]
6.750: Total time for which application threads were stopped: 0.0006145 seconds, Stopping threads took: 0.0000203 seconds
6.964: [GC (Allocation Failure)  347765K->693K(1047552K), 0.0006530 secs]
6.965: Total time for which application threads were stopped: 0.0007705 seconds, Stopping threads took: 0.0000249 seconds
7.178: [GC (Allocation Failure)  347829K->693K(1047552K), 0.0004864 secs]
7.179: Total time for which application threads were stopped: 0.0006063 seconds, Stopping threads took: 0.0000191 seconds
7.392: [GC (Allocation Failure)  347829K->661K(1047552K), 0.0007299 secs]
7.393: Total time for which application threads were stopped: 0.0008551 seconds, Stopping threads took: 0.0000197 seconds
7.606: [GC (Allocation Failure)  347797K->661K(1047552K), 0.0004794 secs]
7.606: Total time for which application threads were stopped: 0.0006061 seconds, Stopping threads took: 0.0000279 seconds
7.820: [GC (Allocation Failure)  347797K->661K(1048064K), 0.0006254 secs]
7.820: Total time for which application threads were stopped: 0.0007585 seconds, Stopping threads took: 0.0000276 seconds
8.035: [GC (Allocation Failure)  348821K->629K(1048064K), 0.0006271 secs]
8.036: Total time for which application threads were stopped: 0.0007490 seconds, Stopping threads took: 0.0000190 seconds
8.250: [GC (Allocation Failure)  348789K->597K(1048064K), 0.0005894 secs]
8.250: Total time for which application threads were stopped: 0.0007136 seconds, Stopping threads took: 0.0000273 seconds
8.464: [GC (Allocation Failure)  348757K->629K(1048064K), 0.0004528 secs]
8.465: Total time for which application threads were stopped: 0.0005945 seconds, Stopping threads took: 0.0000276 seconds
8.679: [GC (Allocation Failure)  348789K->629K(1048064K), 0.0006162 secs]
8.680: Total time for which application threads were stopped: 0.0007571 seconds, Stopping threads took: 0.0000222 seconds
8.894: [GC (Allocation Failure)  348789K->597K(1048064K), 0.0004168 secs]
8.894: Total time for which application threads were stopped: 0.0005575 seconds, Stopping threads took: 0.0000337 seconds
9.111: [GC (Allocation Failure)  348757K->629K(1048064K), 0.0004524 secs]
9.112: Total time for which application threads were stopped: 0.0005627 seconds, Stopping threads took: 0.0000172 seconds
9.330: [GC (Allocation Failure)  348789K->629K(1048064K), 0.0004772 secs]
9.331: Total time for which application threads were stopped: 0.0005899 seconds, Stopping threads took: 0.0000186 seconds
9.551: [GC (Allocation Failure)  348789K->661K(1048064K), 0.0004497 secs]
9.551: Total time for which application threads were stopped: 0.0005719 seconds, Stopping threads took: 0.0000191 seconds
9.765: [GC (Allocation Failure)  348821K->597K(1048064K), 0.0006453 secs]
9.766: Total time for which application threads were stopped: 0.0007770 seconds, Stopping threads took: 0.0000190 seconds
9.986: [GC (Allocation Failure)  348757K->693K(1048064K), 0.0004983 secs]
9.986: Total time for which application threads were stopped: 0.0006249 seconds, Stopping threads took: 0.0000276 seconds
10.204: [GC (Allocation Failure)  348853K->629K(1048064K), 0.0004647 secs]
10.205: Total time for which application threads were stopped: 0.0005845 seconds, Stopping threads took: 0.0000191 seconds
10.420: [GC (Allocation Failure)  348789K->661K(1048064K), 0.0006068 secs]
10.421: Total time for which application threads were stopped: 0.0007339 seconds, Stopping threads took: 0.0000271 seconds
10.636: [GC (Allocation Failure)  348821K->693K(1048064K), 0.0005682 secs]
10.636: Total time for which application threads were stopped: 0.0006883 seconds, Stopping threads took: 0.0000195 seconds
10.851: [GC (Allocation Failure)  348853K->693K(1048064K), 0.0004697 secs]
10.852: Total time for which application threads were stopped: 0.0005919 seconds, Stopping threads took: 0.0000192 seconds
11.072: [GC (Allocation Failure)  348853K->661K(1048064K), 0.0004595 secs]
11.072: Total time for which application threads were stopped: 0.0005898 seconds, Stopping threads took: 0.0000270 seconds
11.287: [GC (Allocation Failure)  348821K->693K(1048064K), 0.0004613 secs]
11.287: Total time for which application threads were stopped: 0.0005791 seconds, Stopping threads took: 0.0000196 seconds
11.501: [GC (Allocation Failure)  348853K->661K(1048064K), 0.0005178 secs]
11.502: Total time for which application threads were stopped: 0.0006373 seconds, Stopping threads took: 0.0000198 seconds
11.724: [GC (Allocation Failure)  348821K->661K(1048064K), 0.0004446 secs]
11.724: Total time for which application threads were stopped: 0.0005712 seconds, Stopping threads took: 0.0000257 seconds
11.943: [GC (Allocation Failure)  348821K->597K(1048064K), 0.0005004 secs]
11.944: Total time for which application threads were stopped: 0.0006177 seconds, Stopping threads took: 0.0000194 seconds
12.158: [GC (Allocation Failure)  348757K->629K(1048064K), 0.0004291 secs]
12.159: Total time for which application threads were stopped: 0.0005562 seconds, Stopping threads took: 0.0000257 seconds
12.372: [GC (Allocation Failure)  348789K->629K(1048064K), 0.0004557 secs]
12.372: Total time for which application threads were stopped: 0.0005739 seconds, Stopping threads took: 0.0000196 seconds
12.586: [GC (Allocation Failure)  348789K->629K(1048064K), 0.0005738 secs]
12.587: Total time for which application threads were stopped: 0.0006973 seconds, Stopping threads took: 0.0000204 seconds
12.800: [GC (Allocation Failure)  348789K->693K(1048064K), 0.0004688 secs]
12.801: Total time for which application threads were stopped: 0.0005877 seconds, Stopping threads took: 0.0000191 seconds
13.015: [GC (Allocation Failure)  348853K->597K(1048064K), 0.0004671 secs]
13.016: Total time for which application threads were stopped: 0.0005877 seconds, Stopping threads took: 0.0000191 seconds
13.229: [GC (Allocation Failure)  348757K->629K(1048064K), 0.0007397 secs]
13.230: Total time for which application threads were stopped: 0.0008750 seconds, Stopping threads took: 0.0000260 seconds
13.449: [GC (Allocation Failure)  348789K->661K(1048064K), 0.0004463 secs]
13.450: Total time for which application threads were stopped: 0.0005988 seconds, Stopping threads took: 0.0000371 seconds
13.664: [GC (Allocation Failure)  348821K->629K(1048064K), 0.0004847 secs]
13.664: Total time for which application threads were stopped: 0.0006076 seconds, Stopping threads took: 0.0000272 seconds
13.884: [GC (Allocation Failure)  348789K->661K(1048064K), 0.0005094 secs]
13.885: Total time for which application threads were stopped: 0.0006367 seconds, Stopping threads took: 0.0000272 seconds
14.100: [GC (Allocation Failure)  348821K->661K(1048064K), 0.0005501 secs]
14.100: Total time for which application threads were stopped: 0.0006759 seconds, Stopping threads took: 0.0000199 seconds
14.315: [GC (Allocation Failure)  348821K->597K(1048064K), 0.0004307 secs]
14.315: Total time for which application threads were stopped: 0.0005584 seconds, Stopping threads took: 0.0000189 seconds
14.531: [GC (Allocation Failure)  348757K->661K(1048064K), 0.0004545 secs]
14.532: Total time for which application threads were stopped: 0.0005709 seconds, Stopping threads took: 0.0000188 seconds
14.753: [GC (Allocation Failure)  348821K->629K(1048064K), 0.0004682 secs]
14.754: Total time for which application threads were stopped: 0.0005953 seconds, Stopping threads took: 0.0000277 seconds
14.969: [GC (Allocation Failure)  348789K->629K(1048064K), 0.0004949 secs]
14.970: Total time for which application threads were stopped: 0.0006138 seconds, Stopping threads took: 0.0000190 seconds
15.188: [GC (Allocation Failure)  348789K->629K(1048064K), 0.0004056 secs]
15.188: Total time for which application threads were stopped: 0.0005350 seconds, Stopping threads took: 0.0000281 seconds
15.403: [GC (Allocation Failure)  348789K->661K(1048064K), 0.0004736 secs]
15.404: Total time for which application threads were stopped: 0.0005905 seconds, Stopping threads took: 0.0000190 seconds
15.617: [GC (Allocation Failure)  348821K->597K(1048064K), 0.0005939 secs]
15.618: Total time for which application threads were stopped: 0.0007315 seconds, Stopping threads took: 0.0000194 seconds
15.835: [GC (Allocation Failure)  348757K->629K(1048064K), 0.0004727 secs]
15.836: Total time for which application threads were stopped: 0.0005917 seconds, Stopping threads took: 0.0000192 seconds
16.054: [GC (Allocation Failure)  348789K->693K(1048064K), 0.0004313 secs]
16.054: Total time for which application threads were stopped: 0.0005521 seconds, Stopping threads took: 0.0000200 seconds
16.272: [GC (Allocation Failure)  348853K->629K(1048064K), 0.0004053 secs]
16.273: Total time for which application threads were stopped: 0.0005234 seconds, Stopping threads took: 0.0000188 seconds
16.486: [GC (Allocation Failure)  348789K->693K(1048064K), 0.0006894 secs]
16.487: Total time for which application threads were stopped: 0.0008206 seconds, Stopping threads took: 0.0000188 seconds
16.704: [GC (Allocation Failure)  348853K->661K(1048064K), 0.0004332 secs]
16.704: Total time for which application threads were stopped: 0.0005634 seconds, Stopping threads took: 0.0000279 seconds
16.918: [GC (Allocation Failure)  348821K->661K(1048064K), 0.0005327 secs]
16.918: Total time for which application threads were stopped: 0.0006527 seconds, Stopping threads took: 0.0000195 seconds
17.136: [GC (Allocation Failure)  348821K->629K(1048064K), 0.0005054 secs]
17.136: Total time for which application threads were stopped: 0.0006249 seconds, Stopping threads took: 0.0000190 seconds
17.350: [GC (Allocation Failure)  348789K->725K(1048064K), 0.0005161 secs]
17.350: Total time for which application threads were stopped: 0.0006528 seconds, Stopping threads took: 0.0000205 seconds
17.564: [GC (Allocation Failure)  348885K->629K(1048064K), 0.0004923 secs]
17.564: Total time for which application threads were stopped: 0.0006477 seconds, Stopping threads took: 0.0000222 seconds
17.788: [GC (Allocation Failure)  348789K->629K(1048064K), 0.0004498 secs]
17.788: Total time for which application threads were stopped: 0.0005674 seconds, Stopping threads took: 0.0000256 seconds
18.002: [GC (Allocation Failure)  348789K->629K(1048064K), 0.0005257 secs]
18.003: Total time for which application threads were stopped: 0.0006526 seconds, Stopping threads took: 0.0000266 seconds
18.218: [GC (Allocation Failure)  348789K->597K(1048064K), 0.0004484 secs]
18.219: Total time for which application threads were stopped: 0.0005665 seconds, Stopping threads took: 0.0000191 seconds
18.433: [GC (Allocation Failure)  348757K->693K(1048064K), 0.0005189 secs]
18.433: Total time for which application threads were stopped: 0.0006421 seconds, Stopping threads took: 0.0000274 seconds
18.647: [GC (Allocation Failure)  348853K->629K(1048064K), 0.0004607 secs]
18.648: Total time for which application threads were stopped: 0.0005812 seconds, Stopping threads took: 0.0000259 seconds
18.861: [GC (Allocation Failure)  348789K->661K(1048064K), 0.0005762 secs]
18.862: Total time for which application threads were stopped: 0.0006929 seconds, Stopping threads took: 0.0000194 seconds
19.077: [GC (Allocation Failure)  348821K->597K(1048064K), 0.0005874 secs]
19.077: Total time for which application threads were stopped: 0.0007239 seconds, Stopping threads took: 0.0000270 seconds
19.298: [GC (Allocation Failure)  348757K->597K(1048064K), 0.0005680 secs]
19.298: Total time for which application threads were stopped: 0.0006985 seconds, Stopping threads took: 0.0000194 seconds
19.515: [GC (Allocation Failure)  348757K->661K(1048064K), 0.0005049 secs]
19.515: Total time for which application threads were stopped: 0.0006386 seconds, Stopping threads took: 0.0000193 seconds
19.730: [GC (Allocation Failure)  348821K->725K(1048064K), 0.0003898 secs]
19.731: Total time for which application threads were stopped: 0.0005244 seconds, Stopping threads took: 0.0000249 seconds
19.945: [GC (Allocation Failure)  348885K->629K(1048064K), 0.0005225 secs]
19.946: Total time for which application threads were stopped: 0.0006391 seconds, Stopping threads took: 0.0000191 seconds
20.159: [GC (Allocation Failure)  348789K->661K(1048064K), 0.0004263 secs]
20.160: Total time for which application threads were stopped: 0.0005459 seconds, Stopping threads took: 0.0000193 seconds
20.373: [GC (Allocation Failure)  348821K->629K(1048064K), 0.0004783 secs]
20.374: Total time for which application threads were stopped: 0.0006078 seconds, Stopping threads took: 0.0000281 seconds
20.590: [GC (Allocation Failure)  348789K->629K(1048064K), 0.0004774 secs]
20.591: Total time for which application threads were stopped: 0.0006001 seconds, Stopping threads took: 0.0000264 seconds
20.811: [GC (Allocation Failure)  348789K->661K(1048064K), 0.0004391 secs]
20.811: Total time for which application threads were stopped: 0.0005668 seconds, Stopping threads took: 0.0000276 seconds
21.026: [GC (Allocation Failure)  348821K->629K(1048064K), 0.0005183 secs]
21.026: Total time for which application threads were stopped: 0.0006427 seconds, Stopping threads took: 0.0000267 seconds
21.241: [GC (Allocation Failure)  348789K->597K(1048064K), 0.0004211 secs]
21.241: Total time for which application threads were stopped: 0.0005374 seconds, Stopping threads took: 0.0000185 seconds
21.455: [GC (Allocation Failure)  348757K->629K(1048064K), 0.0005283 secs]
21.456: Total time for which application threads were stopped: 0.0006473 seconds, Stopping threads took: 0.0000198 seconds
21.675: [GC (Allocation Failure)  348789K->629K(1048064K), 0.0004198 secs]
21.675: Total time for which application threads were stopped: 0.0005423 seconds, Stopping threads took: 0.0000253 seconds
21.889: [GC (Allocation Failure)  348789K->597K(1048064K), 0.0004564 secs]
21.890: Total time for which application threads were stopped: 0.0005888 seconds, Stopping threads took: 0.0000187 seconds
22.107: [GC (Allocation Failure)  348757K->693K(1048064K), 0.0005002 secs]
22.107: Total time for which application threads were stopped: 0.0006246 seconds, Stopping threads took: 0.0000190 seconds
22.327: [GC (Allocation Failure)  348853K->629K(1048064K), 0.0004654 secs]
22.327: Total time for which application threads were stopped: 0.0005845 seconds, Stopping threads took: 0.0000185 seconds
22.547: [GC (Allocation Failure)  348789K->629K(1048064K), 0.0006199 secs]
22.548: Total time for which application threads were stopped: 0.0007416 seconds, Stopping threads took: 0.0000195 seconds
22.769: [GC (Allocation Failure)  348789K->693K(1048064K), 0.0004770 secs]
22.770: Total time for which application threads were stopped: 0.0006063 seconds, Stopping threads took: 0.0000207 seconds
22.984: [GC (Allocation Failure)  348853K->629K(1048064K), 0.0004797 secs]
22.984: Total time for which application threads were stopped: 0.0006081 seconds, Stopping threads took: 0.0000197 seconds
23.204: [GC (Allocation Failure)  348789K->661K(1048064K), 0.0004049 secs]
23.204: Total time for which application threads were stopped: 0.0005295 seconds, Stopping threads took: 0.0000256 seconds
23.417: [GC (Allocation Failure)  348821K->661K(1048064K), 0.0004905 secs]
23.418: Total time for which application threads were stopped: 0.0006156 seconds, Stopping threads took: 0.0000192 seconds
23.631: [GC (Allocation Failure)  348821K->693K(1048064K), 0.0004844 secs]
23.632: Total time for which application threads were stopped: 0.0006103 seconds, Stopping threads took: 0.0000203 seconds
23.848: [GC (Allocation Failure)  348853K->661K(1048064K), 0.0004606 secs]
23.849: Total time for which application threads were stopped: 0.0005794 seconds, Stopping threads took: 0.0000200 seconds
24.064: [GC (Allocation Failure)  348821K->661K(1048064K), 0.0004616 secs]
24.064: Total time for which application threads were stopped: 0.0005864 seconds, Stopping threads took: 0.0000272 seconds
24.279: [GC (Allocation Failure)  348821K->629K(1048064K), 0.0004631 secs]
24.279: Total time for which application threads were stopped: 0.0005820 seconds, Stopping threads took: 0.0000256 seconds
24.493: [GC (Allocation Failure)  348789K->661K(1048064K), 0.0004459 secs]
24.493: Total time for which application threads were stopped: 0.0005772 seconds, Stopping threads took: 0.0000283 seconds
24.712: [GC (Allocation Failure)  348821K->629K(1048064K), 0.0004328 secs]
24.712: Total time for which application threads were stopped: 0.0005560 seconds, Stopping threads took: 0.0000259 seconds
24.927: [GC (Allocation Failure)  348789K->629K(1048064K), 0.0005298 secs]
24.927: Total time for which application threads were stopped: 0.0006502 seconds, Stopping threads took: 0.0000187 seconds
25.148: [GC (Allocation Failure)  348789K->629K(1048064K), 0.0004140 secs]
25.149: Total time for which application threads were stopped: 0.0005329 seconds, Stopping threads took: 0.0000193 seconds
25.365: [GC (Allocation Failure)  348789K->661K(1048064K), 0.0004877 secs]
25.366: Total time for which application threads were stopped: 0.0006123 seconds, Stopping threads took: 0.0000191 seconds
25.580: [GC (Allocation Failure)  348821K->629K(1048064K), 0.0004708 secs]
25.581: Total time for which application threads were stopped: 0.0005898 seconds, Stopping threads took: 0.0000200 seconds
25.801: [GC (Allocation Failure)  348789K->661K(1048064K), 0.0005286 secs]
25.801: Total time for which application threads were stopped: 0.0006653 seconds, Stopping threads took: 0.0000193 seconds
26.020: [GC (Allocation Failure)  348821K->597K(1048064K), 0.0004638 secs]
26.021: Total time for which application threads were stopped: 0.0005669 seconds, Stopping threads took: 0.0000178 seconds
26.240: [GC (Allocation Failure)  348757K->661K(1048064K), 0.0004709 secs]
26.240: Total time for which application threads were stopped: 0.0005860 seconds, Stopping threads took: 0.0000255 seconds
26.458: [GC (Allocation Failure)  348821K->597K(1048064K), 0.0006305 secs]
26.459: Total time for which application threads were stopped: 0.0007709 seconds, Stopping threads took: 0.0000284 seconds
26.679: [GC (Allocation Failure)  348757K->629K(1048064K), 0.0005161 secs]
26.680: Total time for which application threads were stopped: 0.0006496 seconds, Stopping threads took: 0.0000270 seconds
26.899: [GC (Allocation Failure)  348789K->629K(1048064K), 0.0004641 secs]
26.899: Total time for which application threads were stopped: 0.0005892 seconds, Stopping threads took: 0.0000254 seconds
27.113: [GC (Allocation Failure)  348789K->693K(1048064K), 0.0004476 secs]
27.113: Total time for which application threads were stopped: 0.0005999 seconds, Stopping threads took: 0.0000197 seconds
27.332: [GC (Allocation Failure)  348853K->661K(1048064K), 0.0004591 secs]
27.333: Total time for which application threads were stopped: 0.0005749 seconds, Stopping threads took: 0.0000196 seconds
27.546: [GC (Allocation Failure)  348821K->629K(1048064K), 0.0005472 secs]
27.547: Total time for which application threads were stopped: 0.0006455 seconds, Stopping threads took: 0.0000164 seconds
27.769: [GC (Allocation Failure)  348789K->597K(1048064K), 0.0005163 secs]
27.770: Total time for which application threads were stopped: 0.0006215 seconds, Stopping threads took: 0.0000168 seconds
27.986: [GC (Allocation Failure)  348757K->693K(1048064K), 0.0005538 secs]
27.986: Total time for which application threads were stopped: 0.0006733 seconds, Stopping threads took: 0.0000194 seconds
28.202: [GC (Allocation Failure)  348853K->661K(1048064K), 0.0005119 secs]
28.202: Total time for which application threads were stopped: 0.0006382 seconds, Stopping threads took: 0.0000274 seconds
28.417: [GC (Allocation Failure)  348821K->629K(1048064K), 0.0004347 secs]
28.417: Total time for which application threads were stopped: 0.0005626 seconds, Stopping threads took: 0.0000204 seconds
28.636: [GC (Allocation Failure)  348789K->661K(1048064K), 0.0004997 secs]
28.636: Total time for which application threads were stopped: 0.0006281 seconds, Stopping threads took: 0.0000273 seconds
28.850: [GC (Allocation Failure)  348821K->629K(1048064K), 0.0005489 secs]
28.851: Total time for which application threads were stopped: 0.0006701 seconds, Stopping threads took: 0.0000191 seconds
29.071: [GC (Allocation Failure)  348789K->629K(1048064K), 0.0005087 secs]
29.072: Total time for which application threads were stopped: 0.0006266 seconds, Stopping threads took: 0.0000193 seconds
29.287: [GC (Allocation Failure)  348789K->661K(1048064K), 0.0004494 secs]
29.287: Total time for which application threads were stopped: 0.0005776 seconds, Stopping threads took: 0.0000274 seconds
29.500: [GC (Allocation Failure)  348821K->661K(1048064K), 0.0004654 secs]
29.501: Total time for which application threads were stopped: 0.0005817 seconds, Stopping threads took: 0.0000187 seconds
29.715: [GC (Allocation Failure)  348821K->661K(1048064K), 0.0004856 secs]
29.715: Total time for which application threads were stopped: 0.0006073 seconds, Stopping threads took: 0.0000266 seconds
29.930: [GC (Allocation Failure)  348821K->725K(1048064K), 0.0004436 secs]
29.930: Total time for which application threads were stopped: 0.0005557 seconds, Stopping threads took: 0.0000170 seconds
30.152: [GC (Allocation Failure)  348885K->661K(1048064K), 0.0005839 secs]
30.152: Total time for which application threads were stopped: 0.0007099 seconds, Stopping threads took: 0.0000274 seconds
30.369: [GC (Allocation Failure)  348821K->661K(1048064K), 0.0007056 secs]
30.370: Total time for which application threads were stopped: 0.0008342 seconds, Stopping threads took: 0.0000277 seconds
30.583: [GC (Allocation Failure)  348821K->661K(1048064K), 0.0004626 secs]
30.583: Total time for which application threads were stopped: 0.0005826 seconds, Stopping threads took: 0.0000196 seconds
30.798: [GC (Allocation Failure)  348821K->661K(1048064K), 0.0003828 secs]
30.799: Total time for which application threads were stopped: 0.0005230 seconds, Stopping threads took: 0.0000199 seconds
31.017: [GC (Allocation Failure)  348821K->661K(1048064K), 0.0005211 secs]
31.017: Total time for which application threads were stopped: 0.0006615 seconds, Stopping threads took: 0.0000166 seconds
31.238: [GC (Allocation Failure)  348821K->629K(1048064K), 0.0004696 secs]
31.238: Total time for which application threads were stopped: 0.0005867 seconds, Stopping threads took: 0.0000252 seconds
31.454: [GC (Allocation Failure)  348789K->597K(1048064K), 0.0005902 secs]
31.454: Total time for which application threads were stopped: 0.0007107 seconds, Stopping threads took: 0.0000197 seconds
31.669: [GC (Allocation Failure)  348757K->629K(1048064K), 0.0004027 secs]
31.670: Total time for which application threads were stopped: 0.0005307 seconds, Stopping threads took: 0.0000262 seconds
31.889: [GC (Allocation Failure)  348789K->597K(1048064K), 0.0006627 secs]
31.890: Total time for which application threads were stopped: 0.0007941 seconds, Stopping threads took: 0.0000254 seconds
32.104: [GC (Allocation Failure)  348757K->629K(1048064K), 0.0005499 secs]
32.104: Total time for which application threads were stopped: 0.0007170 seconds, Stopping threads took: 0.0000601 seconds
32.319: [GC (Allocation Failure)  348789K->629K(1048064K), 0.0004718 secs]
32.320: Total time for which application threads were stopped: 0.0005965 seconds, Stopping threads took: 0.0000269 seconds
32.538: [GC (Allocation Failure)  348789K->661K(1048064K), 0.0006386 secs]
32.539: Total time for which application threads were stopped: 0.0007548 seconds, Stopping threads took: 0.0000192 seconds
32.759: [GC (Allocation Failure)  348821K->661K(1048064K), 0.0004776 secs]
32.759: Total time for which application threads were stopped: 0.0005965 seconds, Stopping threads took: 0.0000193 seconds
32.977: [GC (Allocation Failure)  348821K->725K(1048064K), 0.0005011 secs]
32.977: Total time for which application threads were stopped: 0.0006202 seconds, Stopping threads took: 0.0000196 seconds
33.191: [GC (Allocation Failure)  348885K->629K(1048064K), 0.0004389 secs]
33.192: Total time for which application threads were stopped: 0.0005580 seconds, Stopping threads took: 0.0000192 seconds
33.405: [GC (Allocation Failure)  348789K->629K(1048064K), 0.0004099 secs]
33.406: Total time for which application threads were stopped: 0.0005423 seconds, Stopping threads took: 0.0000247 seconds
33.619: [GC (Allocation Failure)  348789K->629K(1048064K), 0.0004813 secs]
33.620: Total time for which application threads were stopped: 0.0006202 seconds, Stopping threads took: 0.0000271 seconds
33.839: [GC (Allocation Failure)  348789K->597K(1048064K), 0.0005915 secs]
33.839: Total time for which application threads were stopped: 0.0007346 seconds, Stopping threads took: 0.0000277 seconds
34.060: [GC (Allocation Failure)  348757K->661K(1048064K), 0.0004652 secs]
34.060: Total time for which application threads were stopped: 0.0005852 seconds, Stopping threads took: 0.0000196 seconds
34.279: [GC (Allocation Failure)  348821K->661K(1048064K), 0.0004744 secs]
34.280: Total time for which application threads were stopped: 0.0005938 seconds, Stopping threads took: 0.0000200 seconds
34.493: [GC (Allocation Failure)  348821K->597K(1048064K), 0.0005221 secs]
34.493: Total time for which application threads were stopped: 0.0006663 seconds, Stopping threads took: 0.0000276 seconds
34.711: [GC (Allocation Failure)  348757K->629K(1048064K), 0.0004680 secs]
34.711: Total time for which application threads were stopped: 0.0005930 seconds, Stopping threads took: 0.0000266 seconds
34.925: [GC (Allocation Failure)  348789K->597K(1048064K), 0.0003888 secs]
34.926: Total time for which application threads were stopped: 0.0004875 seconds, Stopping threads took: 0.0000175 seconds
35.139: [GC (Allocation Failure)  348757K->661K(1048064K), 0.0004777 secs]
35.140: Total time for which application threads were stopped: 0.0006030 seconds, Stopping threads took: 0.0000271 seconds
35.359: [GC (Allocation Failure)  348821K->725K(1048064K), 0.0005007 secs]
35.359: Total time for which application threads were stopped: 0.0006240 seconds, Stopping threads took: 0.0000186 seconds
35.573: [GC (Allocation Failure)  348885K->629K(1048064K), 0.0006437 secs]
35.574: Total time for which application threads were stopped: 0.0007858 seconds, Stopping threads took: 0.0000213 seconds
35.798: [GC (Allocation Failure)  348789K->597K(1048064K), 0.0006108 secs]
35.798: Total time for which application threads were stopped: 0.0007293 seconds, Stopping threads took: 0.0000195 seconds
36.018: [GC (Allocation Failure)  348757K->661K(1048064K), 0.0005562 secs]
36.019: Total time for which application threads were stopped: 0.0006746 seconds, Stopping threads took: 0.0000192 seconds
36.237: [GC (Allocation Failure)  348821K->661K(1048064K), 0.0004579 secs]
36.238: Total time for which application threads were stopped: 0.0005783 seconds, Stopping threads took: 0.0000196 seconds
36.451: [GC (Allocation Failure)  348821K->629K(1048064K), 0.0004701 secs]
36.451: Total time for which application threads were stopped: 0.0006004 seconds, Stopping threads took: 0.0000198 seconds
36.665: [GC (Allocation Failure)  348789K->693K(1048064K), 0.0004451 secs]
36.666: Total time for which application threads were stopped: 0.0006137 seconds, Stopping threads took: 0.0000270 seconds
36.887: [GC (Allocation Failure)  348853K->661K(1048064K), 0.0004556 secs]
36.887: Total time for which application threads were stopped: 0.0005698 seconds, Stopping threads took: 0.0000252 seconds
37.102: [GC (Allocation Failure)  348821K->661K(1048064K), 0.0004723 secs]
37.103: Total time for which application threads were stopped: 0.0005953 seconds, Stopping threads took: 0.0000272 seconds
37.318: [GC (Allocation Failure)  348821K->693K(1048064K), 0.0005008 secs]
37.318: Total time for which application threads were stopped: 0.0006295 seconds, Stopping threads took: 0.0000290 seconds
37.537: [GC (Allocation Failure)  348853K->661K(1048064K), 0.0004419 secs]
37.538: Total time for which application threads were stopped: 0.0005776 seconds, Stopping threads took: 0.0000193 seconds
37.752: [GC (Allocation Failure)  348821K->661K(1048064K), 0.0005633 secs]
37.753: Total time for which application threads were stopped: 0.0006843 seconds, Stopping threads took: 0.0000193 seconds
37.967: [GC (Allocation Failure)  348821K->629K(1048064K), 0.0006196 secs]
37.968: Total time for which application threads were stopped: 0.0007377 seconds, Stopping threads took: 0.0000193 seconds
38.188: [GC (Allocation Failure)  348789K->629K(1048064K), 0.0003853 secs]
38.189: Total time for which application threads were stopped: 0.0004990 seconds, Stopping threads took: 0.0000257 seconds
38.404: [GC (Allocation Failure)  348789K->629K(1048064K), 0.0005380 secs]
38.404: Total time for which application threads were stopped: 0.0006589 seconds, Stopping threads took: 0.0000199 seconds
38.619: [GC (Allocation Failure)  348789K->597K(1048064K), 0.0005044 secs]
38.619: Total time for which application threads were stopped: 0.0006532 seconds, Stopping threads took: 0.0000293 seconds
38.835: [GC (Allocation Failure)  348757K->693K(1048064K), 0.0005899 secs]
38.836: Total time for which application threads were stopped: 0.0007092 seconds, Stopping threads took: 0.0000198 seconds
39.052: [GC (Allocation Failure)  348853K->661K(1048064K), 0.0004467 secs]
39.052: Total time for which application threads were stopped: 0.0005671 seconds, Stopping threads took: 0.0000196 seconds
39.272: [GC (Allocation Failure)  348821K->629K(1048064K), 0.0005530 secs]
39.272: Total time for which application threads were stopped: 0.0006854 seconds, Stopping threads took: 0.0000271 seconds
39.490: [GC (Allocation Failure)  348789K->661K(1048064K), 0.0005786 secs]
39.491: Total time for which application threads were stopped: 0.0006978 seconds, Stopping threads took: 0.0000194 seconds
39.704: [GC (Allocation Failure)  348821K->629K(1048064K), 0.0005552 secs]
39.705: Total time for which application threads were stopped: 0.0006762 seconds, Stopping threads took: 0.0000199 seconds
39.919: [GC (Allocation Failure)  348789K->629K(1048064K), 0.0005066 secs]
39.920: Total time for which application threads were stopped: 0.0006343 seconds, Stopping threads took: 0.0000279 seconds
40.133: [GC (Allocation Failure)  348789K->597K(1048064K), 0.0005753 secs]
40.134: Total time for which application threads were stopped: 0.0007358 seconds, Stopping threads took: 0.0000194 seconds
40.352: [GC (Allocation Failure)  348757K->597K(1048064K), 0.0006623 secs]
40.353: Total time for which application threads were stopped: 0.0007870 seconds, Stopping threads took: 0.0000277 seconds
40.571: [GC (Allocation Failure)  348757K->629K(1048064K), 0.0004705 secs]
40.571: Total time for which application threads were stopped: 0.0005948 seconds, Stopping threads took: 0.0000268 seconds
40.793: [GC (Allocation Failure)  348789K->629K(1048064K), 0.0004380 secs]
40.794: Total time for which application threads were stopped: 0.0005781 seconds, Stopping threads took: 0.0000403 seconds
41.012: [GC (Allocation Failure)  348789K->597K(1048064K), 0.0004400 secs]
41.012: Total time for which application threads were stopped: 0.0005555 seconds, Stopping threads took: 0.0000195 seconds
41.230: [GC (Allocation Failure)  348757K->693K(1048064K), 0.0004534 secs]
41.230: Total time for which application threads were stopped: 0.0005746 seconds, Stopping threads took: 0.0000195 seconds
41.444: [GC (Allocation Failure)  348853K->629K(1048064K), 0.0005015 secs]
41.445: Total time for which application threads were stopped: 0.0006219 seconds, Stopping threads took: 0.0000194 seconds
41.658: [GC (Allocation Failure)  348789K->629K(1048064K), 0.0004745 secs]
41.658: Total time for which application threads were stopped: 0.0005910 seconds, Stopping threads took: 0.0000191 seconds
41.878: [GC (Allocation Failure)  348789K->693K(1048064K), 0.0004713 secs]
41.878: Total time for which application threads were stopped: 0.0005975 seconds, Stopping threads took: 0.0000255 seconds
42.093: [GC (Allocation Failure)  348853K->597K(1048064K), 0.0005189 secs]
42.093: Total time for which application threads were stopped: 0.0006368 seconds, Stopping threads took: 0.0000190 seconds
42.314: [GC (Allocation Failure)  348757K->597K(1048064K), 0.0004786 secs]
42.314: Total time for which application threads were stopped: 0.0006207 seconds, Stopping threads took: 0.0000275 seconds
42.528: [GC (Allocation Failure)  348757K->597K(1048064K), 0.0004713 secs]
42.528: Total time for which application threads were stopped: 0.0005905 seconds, Stopping threads took: 0.0000197 seconds
42.742: [GC (Allocation Failure)  348757K->693K(1048064K), 0.0004361 secs]
42.743: Total time for which application threads were stopped: 0.0005587 seconds, Stopping threads took: 0.0000200 seconds
42.957: [GC (Allocation Failure)  348853K->597K(1048064K), 0.0004978 secs]
42.958: Total time for which application threads were stopped: 0.0006176 seconds, Stopping threads took: 0.0000194 seconds
43.172: [GC (Allocation Failure)  348757K->629K(1048064K), 0.0004299 secs]
43.172: Total time for which application threads were stopped: 0.0005384 seconds, Stopping threads took: 0.0000190 seconds
43.386: [GC (Allocation Failure)  348789K->725K(1048064K), 0.0004815 secs]
43.386: Total time for which application threads were stopped: 0.0006047 seconds, Stopping threads took: 0.0000203 seconds
43.604: [GC (Allocation Failure)  348885K->693K(1048064K), 0.0005743 secs]
43.605: Total time for which application threads were stopped: 0.0006947 seconds, Stopping threads took: 0.0000199 seconds
43.824: [GC (Allocation Failure)  348853K->661K(1048064K), 0.0004623 secs]
43.824: Total time for which application threads were stopped: 0.0006033 seconds, Stopping threads took: 0.0000277 seconds
44.043: [GC (Allocation Failure)  348821K->629K(1048064K), 0.0004822 secs]
44.044: Total time for which application threads were stopped: 0.0006045 seconds, Stopping threads took: 0.0000189 seconds
44.259: [GC (Allocation Failure)  348789K->693K(1048064K), 0.0004375 secs]
44.259: Total time for which application threads were stopped: 0.0005608 seconds, Stopping threads took: 0.0000260 seconds
44.479: [GC (Allocation Failure)  348853K->629K(1048064K), 0.0007299 secs]
44.480: Total time for which application threads were stopped: 0.0009013 seconds, Stopping threads took: 0.0000281 seconds
44.695: [GC (Allocation Failure)  348789K->693K(1048064K), 0.0004987 secs]
44.696: Total time for which application threads were stopped: 0.0006288 seconds, Stopping threads took: 0.0000212 seconds
44.914: [GC (Allocation Failure)  348853K->661K(1048064K), 0.0004901 secs]
44.914: Total time for which application threads were stopped: 0.0005996 seconds, Stopping threads took: 0.0000252 seconds
45.128: [GC (Allocation Failure)  348821K->661K(1048064K), 0.0004906 secs]
45.128: Total time for which application threads were stopped: 0.0006101 seconds, Stopping threads took: 0.0000194 seconds
45.342: [GC (Allocation Failure)  348821K->661K(1048064K), 0.0005004 secs]
45.343: Total time for which application threads were stopped: 0.0006210 seconds, Stopping threads took: 0.0000198 seconds
45.556: [GC (Allocation Failure)  348821K->693K(1048064K), 0.0005019 secs]
45.556: Total time for which application threads were stopped: 0.0006184 seconds, Stopping threads took: 0.0000189 seconds
45.770: [GC (Allocation Failure)  348853K->661K(1048064K), 0.0004164 secs]
45.771: Total time for which application threads were stopped: 0.0005376 seconds, Stopping threads took: 0.0000192 seconds
45.985: [GC (Allocation Failure)  348821K->629K(1048064K), 0.0005508 secs]
45.986: Total time for which application threads were stopped: 0.0006786 seconds, Stopping threads took: 0.0000278 seconds
46.199: [GC (Allocation Failure)  348789K->661K(1048064K), 0.0004609 secs]
46.200: Total time for which application threads were stopped: 0.0005890 seconds, Stopping threads took: 0.0000278 seconds
46.413: [GC (Allocation Failure)  348821K->661K(1048064K), 0.0004743 secs]
46.413: Total time for which application threads were stopped: 0.0005903 seconds, Stopping threads took: 0.0000192 seconds
46.627: [GC (Allocation Failure)  348821K->629K(1048064K), 0.0004776 secs]
46.627: Total time for which application threads were stopped: 0.0005943 seconds, Stopping threads took: 0.0000189 seconds
46.841: [GC (Allocation Failure)  348789K->629K(1048064K), 0.0004275 secs]
46.842: Total time for which application threads were stopped: 0.0005465 seconds, Stopping threads took: 0.0000187 seconds
47.056: [GC (Allocation Failure)  348789K->725K(1048064K), 0.0005629 secs]
47.056: Total time for which application threads were stopped: 0.0006904 seconds, Stopping threads took: 0.0000191 seconds
47.271: [GC (Allocation Failure)  348885K->629K(1048064K), 0.0005532 secs]
47.271: Total time for which application threads were stopped: 0.0006715 seconds, Stopping threads took: 0.0000192 seconds
47.484: [GC (Allocation Failure)  348789K->661K(1048064K), 0.0005587 secs]
47.485: Total time for which application threads were stopped: 0.0006818 seconds, Stopping threads took: 0.0000266 seconds
47.704: [GC (Allocation Failure)  348821K->693K(1048064K), 0.0004368 secs]
47.705: Total time for which application threads were stopped: 0.0005633 seconds, Stopping threads took: 0.0000265 seconds
47.919: [GC (Allocation Failure)  348853K->629K(1048064K), 0.0004909 secs]
47.920: Total time for which application threads were stopped: 0.0006109 seconds, Stopping threads took: 0.0000192 seconds
48.133: [GC (Allocation Failure)  348789K->597K(1048064K), 0.0004367 secs]
48.133: Total time for which application threads were stopped: 0.0005523 seconds, Stopping threads took: 0.0000189 seconds
48.354: [GC (Allocation Failure)  348757K->629K(1048064K), 0.0004784 secs]
48.355: Total time for which application threads were stopped: 0.0006066 seconds, Stopping threads took: 0.0000280 seconds
48.568: [GC (Allocation Failure)  348789K->661K(1048064K), 0.0007325 secs]
48.569: Total time for which application threads were stopped: 0.0008735 seconds, Stopping threads took: 0.0000288 seconds
48.782: [GC (Allocation Failure)  348821K->661K(1048064K), 0.0004809 secs]
48.783: Total time for which application threads were stopped: 0.0006253 seconds, Stopping threads took: 0.0000277 seconds
48.997: [GC (Allocation Failure)  348821K->629K(1048064K), 0.0004944 secs]
48.998: Total time for which application threads were stopped: 0.0006278 seconds, Stopping threads took: 0.0000200 seconds
49.220: [GC (Allocation Failure)  348789K->661K(1048064K), 0.0004218 secs]
49.220: Total time for which application threads were stopped: 0.0005445 seconds, Stopping threads took: 0.0000280 seconds
49.438: [GC (Allocation Failure)  348821K->629K(1048064K), 0.0004674 secs]
49.438: Total time for which application threads were stopped: 0.0005838 seconds, Stopping threads took: 0.0000191 seconds
49.656: [GC (Allocation Failure)  348789K->661K(1048064K), 0.0004577 secs]
49.656: Total time for which application threads were stopped: 0.0005761 seconds, Stopping threads took: 0.0000199 seconds
49.870: [GC (Allocation Failure)  348821K->661K(1048064K), 0.0005048 secs]
49.870: Total time for which application threads were stopped: 0.0006387 seconds, Stopping threads took: 0.0000280 seconds
50.085: [GC (Allocation Failure)  348821K->629K(1048064K), 0.0004861 secs]
50.085: Total time for which application threads were stopped: 0.0006048 seconds, Stopping threads took: 0.0000190 seconds
50.304: [GC (Allocation Failure)  348789K->597K(1048064K), 0.0004590 secs]
50.304: Total time for which application threads were stopped: 0.0005882 seconds, Stopping threads took: 0.0000274 seconds
50.519: [GC (Allocation Failure)  348757K->661K(1048064K), 0.0005543 secs]
50.520: Total time for which application threads were stopped: 0.0006806 seconds, Stopping threads took: 0.0000212 seconds
50.734: [GC (Allocation Failure)  348821K->693K(1048064K), 0.0005870 secs]
50.735: Total time for which application threads were stopped: 0.0007093 seconds, Stopping threads took: 0.0000198 seconds
50.951: [GC (Allocation Failure)  348853K->693K(1048064K), 0.0006881 secs]
50.951: Total time for which application threads were stopped: 0.0008138 seconds, Stopping threads took: 0.0000201 seconds
51.167: [GC (Allocation Failure)  348853K->661K(1048064K), 0.0004699 secs]
51.167: Total time for which application threads were stopped: 0.0006123 seconds, Stopping threads took: 0.0000268 seconds
51.384: [GC (Allocation Failure)  348821K->693K(1048064K), 0.0005930 secs]
51.384: Total time for which application threads were stopped: 0.0007091 seconds, Stopping threads took: 0.0000190 seconds
51.600: [GC (Allocation Failure)  348853K->693K(1048064K), 0.0004876 secs]
51.601: Total time for which application threads were stopped: 0.0007478 seconds, Stopping threads took: 0.0000200 seconds
51.815: [GC (Allocation Failure)  348853K->629K(1048064K), 0.0006249 secs]
51.815: Total time for which application threads were stopped: 0.0007477 seconds, Stopping threads took: 0.0000269 seconds
52.029: [GC (Allocation Failure)  348789K->725K(1048064K), 0.0004720 secs]
52.030: Total time for which application threads were stopped: 0.0005931 seconds, Stopping threads took: 0.0000187 seconds
52.244: [GC (Allocation Failure)  348885K->661K(1048064K), 0.0004686 secs]
52.245: Total time for which application threads were stopped: 0.0005873 seconds, Stopping threads took: 0.0000192 seconds
52.458: [GC (Allocation Failure)  348821K->693K(1048064K), 0.0004842 secs]
52.459: Total time for which application threads were stopped: 0.0006022 seconds, Stopping threads took: 0.0000191 seconds
52.672: [GC (Allocation Failure)  348853K->661K(1048064K), 0.0005056 secs]
52.673: Total time for which application threads were stopped: 0.0006374 seconds, Stopping threads took: 0.0000207 seconds
52.887: [GC (Allocation Failure)  348821K->597K(1048064K), 0.0005281 secs]
52.888: Total time for which application threads were stopped: 0.0006617 seconds, Stopping threads took: 0.0000250 seconds
53.105: [GC (Allocation Failure)  348757K->629K(1048064K), 0.0006126 secs]
53.106: Total time for which application threads were stopped: 0.0007306 seconds, Stopping threads took: 0.0000195 seconds
53.321: [GC (Allocation Failure)  348789K->661K(1048064K), 0.0004531 secs]
53.322: Total time for which application threads were stopped: 0.0005719 seconds, Stopping threads took: 0.0000199 seconds
53.536: [GC (Allocation Failure)  348821K->629K(1048064K), 0.0005062 secs]
53.537: Total time for which application threads were stopped: 0.0006394 seconds, Stopping threads took: 0.0000193 seconds
53.758: [GC (Allocation Failure)  348789K->629K(1048064K), 0.0004759 secs]
53.758: Total time for which application threads were stopped: 0.0006058 seconds, Stopping threads took: 0.0000212 seconds
53.980: [GC (Allocation Failure)  348789K->597K(1048064K), 0.0006204 secs]
53.980: Total time for which application threads were stopped: 0.0007396 seconds, Stopping threads took: 0.0000198 seconds
54.194: [GC (Allocation Failure)  348757K->629K(1048064K), 0.0004769 secs]
54.195: Total time for which application threads were stopped: 0.0005988 seconds, Stopping threads took: 0.0000195 seconds
54.408: [GC (Allocation Failure)  348789K->661K(1048064K), 0.0004572 secs]
54.409: Total time for which application threads were stopped: 0.0005781 seconds, Stopping threads took: 0.0000194 seconds
54.622: [GC (Allocation Failure)  348821K->629K(1048064K), 0.0006185 secs]
54.623: Total time for which application threads were stopped: 0.0007423 seconds, Stopping threads took: 0.0000274 seconds
54.837: [GC (Allocation Failure)  348789K->693K(1048064K), 0.0004436 secs]
54.838: Total time for which application threads were stopped: 0.0005876 seconds, Stopping threads took: 0.0000274 seconds
55.058: [GC (Allocation Failure)  348853K->661K(1048064K), 0.0004978 secs]
55.058: Total time for which application threads were stopped: 0.0006182 seconds, Stopping threads took: 0.0000199 seconds
55.283: [GC (Allocation Failure)  348821K->629K(1048064K), 0.0005789 secs]
55.284: Total time for which application threads were stopped: 0.0007206 seconds, Stopping threads took: 0.0000276 seconds
55.497: [GC (Allocation Failure)  348789K->629K(1048064K), 0.0004765 secs]
55.498: Total time for which application threads were stopped: 0.0005976 seconds, Stopping threads took: 0.0000205 seconds
55.712: [GC (Allocation Failure)  348789K->629K(1048064K), 0.0004265 secs]
55.712: Total time for which application threads were stopped: 0.0005544 seconds, Stopping threads took: 0.0000278 seconds
55.931: [GC (Allocation Failure)  348789K->661K(1048064K), 0.0004513 secs]
55.932: Total time for which application threads were stopped: 0.0005765 seconds, Stopping threads took: 0.0000168 seconds
56.145: [GC (Allocation Failure)  348821K->661K(1048064K), 0.0005439 secs]
56.146: Total time for which application threads were stopped: 0.0006651 seconds, Stopping threads took: 0.0000200 seconds
56.363: [GC (Allocation Failure)  348821K->597K(1048064K), 0.0004862 secs]
56.363: Total time for which application threads were stopped: 0.0006192 seconds, Stopping threads took: 0.0000204 seconds
56.582: [GC (Allocation Failure)  348757K->661K(1048064K), 0.0004823 secs]
56.583: Total time for which application threads were stopped: 0.0006101 seconds, Stopping threads took: 0.0000216 seconds
56.803: [GC (Allocation Failure)  348821K->629K(1048064K), 0.0004518 secs]
56.804: Total time for which application threads were stopped: 0.0005711 seconds, Stopping threads took: 0.0000195 seconds
57.020: [GC (Allocation Failure)  348789K->597K(1048064K), 0.0005989 secs]
57.020: Total time for which application threads were stopped: 0.0007186 seconds, Stopping threads took: 0.0000191 seconds
57.236: [GC (Allocation Failure)  348757K->693K(1048064K), 0.0004957 secs]
57.237: Total time for which application threads were stopped: 0.0006184 seconds, Stopping threads took: 0.0000262 seconds
57.453: [GC (Allocation Failure)  348853K->629K(1048064K), 0.0004437 secs]
57.454: Total time for which application threads were stopped: 0.0005668 seconds, Stopping threads took: 0.0000268 seconds
57.673: [GC (Allocation Failure)  348789K->597K(1048064K), 0.0005625 secs]
57.674: Total time for which application threads were stopped: 0.0006819 seconds, Stopping threads took: 0.0000195 seconds
57.890: [GC (Allocation Failure)  348757K->597K(1048064K), 0.0004531 secs]
57.891: Total time for which application threads were stopped: 0.0005860 seconds, Stopping threads took: 0.0000247 seconds
58.104: [GC (Allocation Failure)  348757K->661K(1048064K), 0.0004532 secs]
58.105: Total time for which application threads were stopped: 0.0005952 seconds, Stopping threads took: 0.0000275 seconds
58.319: [GC (Allocation Failure)  348821K->629K(1048064K), 0.0004848 secs]
58.319: Total time for which application threads were stopped: 0.0006045 seconds, Stopping threads took: 0.0000195 seconds
58.537: [GC (Allocation Failure)  348789K->629K(1048064K), 0.0004886 secs]
58.537: Total time for which application threads were stopped: 0.0006216 seconds, Stopping threads took: 0.0000191 seconds
58.758: [GC (Allocation Failure)  348789K->629K(1048064K), 0.0004651 secs]
58.759: Total time for which application threads were stopped: 0.0005933 seconds, Stopping threads took: 0.0000269 seconds
58.978: [GC (Allocation Failure)  348789K->661K(1048064K), 0.0004481 secs]
58.979: Total time for which application threads were stopped: 0.0005681 seconds, Stopping threads took: 0.0000192 seconds
59.192: [GC (Allocation Failure)  348821K->597K(1048064K), 0.0005114 secs]
59.193: Total time for which application threads were stopped: 0.0006310 seconds, Stopping threads took: 0.0000194 seconds
59.413: [GC (Allocation Failure)  348757K->629K(1048064K), 0.0004925 secs]
59.414: Total time for which application threads were stopped: 0.0005993 seconds, Stopping threads took: 0.0000167 seconds
59.634: [GC (Allocation Failure)  348789K->661K(1048064K), 0.0004721 secs]
59.635: Total time for which application threads were stopped: 0.0005951 seconds, Stopping threads took: 0.0000195 seconds
59.852: [GC (Allocation Failure)  348821K->693K(1048064K), 0.0004720 secs]
59.852: Total time for which application threads were stopped: 0.0005967 seconds, Stopping threads took: 0.0000267 seconds
60.066: [GC (Allocation Failure)  348853K->597K(1048064K), 0.0004777 secs]
60.067: Total time for which application threads were stopped: 0.0006029 seconds, Stopping threads took: 0.0000272 seconds
60.280: [GC (Allocation Failure)  348757K->693K(1048064K), 0.0004421 secs]
60.281: Total time for which application threads were stopped: 0.0005615 seconds, Stopping threads took: 0.0000186 seconds
60.494: [GC (Allocation Failure)  348853K->629K(1048064K), 0.0004983 secs]
60.494: Total time for which application threads were stopped: 0.0006460 seconds, Stopping threads took: 0.0000292 seconds
60.712: [GC (Allocation Failure)  348789K->629K(1048064K), 0.0004016 secs]
60.712: Total time for which application threads were stopped: 0.0005171 seconds, Stopping threads took: 0.0000253 seconds
60.931: [GC (Allocation Failure)  348789K->725K(1048064K), 0.0004787 secs]
60.932: Total time for which application threads were stopped: 0.0005995 seconds, Stopping threads took: 0.0000199 seconds
61.147: [GC (Allocation Failure)  348885K->629K(1048064K), 0.0004551 secs]
61.148: Total time for which application threads were stopped: 0.0005773 seconds, Stopping threads took: 0.0000190 seconds
61.365: [GC (Allocation Failure)  348789K->661K(1048064K), 0.0005145 secs]
61.366: Total time for which application threads were stopped: 0.0006343 seconds, Stopping threads took: 0.0000195 seconds
61.579: [GC (Allocation Failure)  348821K->661K(1048064K), 0.0004888 secs]
61.579: Total time for which application threads were stopped: 0.0006140 seconds, Stopping threads took: 0.0000204 seconds
61.793: [GC (Allocation Failure)  348821K->725K(1048064K), 0.0005277 secs]
61.793: Total time for which application threads were stopped: 0.0006664 seconds, Stopping threads took: 0.0000205 seconds
62.007: [GC (Allocation Failure)  348885K->661K(1048064K), 0.0004573 secs]
62.008: Total time for which application threads were stopped: 0.0005799 seconds, Stopping threads took: 0.0000202 seconds
62.226: [GC (Allocation Failure)  348821K->629K(1048064K), 0.0005768 secs]
62.226: Total time for which application threads were stopped: 0.0006958 seconds, Stopping threads took: 0.0000189 seconds
62.447: [GC (Allocation Failure)  348789K->629K(1048064K), 0.0006264 secs]
62.448: Total time for which application threads were stopped: 0.0007498 seconds, Stopping threads took: 0.0000193 seconds
62.662: [GC (Allocation Failure)  348789K->597K(1048064K), 0.0004413 secs]
62.663: Total time for which application threads were stopped: 0.0005634 seconds, Stopping threads took: 0.0000266 seconds
62.878: [GC (Allocation Failure)  348757K->693K(1048064K), 0.0005369 secs]
62.879: Total time for which application threads were stopped: 0.0006958 seconds, Stopping threads took: 0.0000530 seconds
63.094: [GC (Allocation Failure)  348853K->725K(1048064K), 0.0005521 secs]
63.095: Total time for which application threads were stopped: 0.0006723 seconds, Stopping threads took: 0.0000202 seconds
63.314: [GC (Allocation Failure)  348885K->661K(1048064K), 0.0004771 secs]
63.314: Total time for which application threads were stopped: 0.0005971 seconds, Stopping threads took: 0.0000200 seconds
63.534: [GC (Allocation Failure)  348821K->661K(1048064K), 0.0005233 secs]
63.535: Total time for which application threads were stopped: 0.0006474 seconds, Stopping threads took: 0.0000270 seconds
63.749: [GC (Allocation Failure)  348821K->629K(1048064K), 0.0004323 secs]
63.750: Total time for which application threads were stopped: 0.0005595 seconds, Stopping threads took: 0.0000275 seconds
63.970: [GC (Allocation Failure)  348789K->629K(1048064K), 0.0004962 secs]
63.970: Total time for which application threads were stopped: 0.0006180 seconds, Stopping threads took: 0.0000266 seconds
64.189: [GC (Allocation Failure)  348789K->693K(1048064K), 0.0005613 secs]
64.190: Total time for which application threads were stopped: 0.0006992 seconds, Stopping threads took: 0.0000168 seconds
64.403: [GC (Allocation Failure)  348853K->629K(1048064K), 0.0004705 secs]
64.404: Total time for which application threads were stopped: 0.0005894 seconds, Stopping threads took: 0.0000194 seconds
64.617: [GC (Allocation Failure)  348789K->693K(1048064K), 0.0005581 secs]
64.618: Total time for which application threads were stopped: 0.0006936 seconds, Stopping threads took: 0.0000192 seconds
64.839: [GC (Allocation Failure)  348853K->661K(1048064K), 0.0004957 secs]
64.840: Total time for which application threads were stopped: 0.0006234 seconds, Stopping threads took: 0.0000262 seconds
65.054: [GC (Allocation Failure)  348821K->629K(1048064K), 0.0005312 secs]
65.055: Total time for which application threads were stopped: 0.0006417 seconds, Stopping threads took: 0.0000173 seconds
65.276: [GC (Allocation Failure)  348789K->597K(1048064K), 0.0005474 secs]
65.277: Total time for which application threads were stopped: 0.0006684 seconds, Stopping threads took: 0.0000194 seconds
65.496: [GC (Allocation Failure)  348757K->629K(1048064K), 0.0004646 secs]
65.497: Total time for which application threads were stopped: 0.0005938 seconds, Stopping threads took: 0.0000277 seconds
65.716: [GC (Allocation Failure)  348789K->693K(1048064K), 0.0007003 secs]
65.717: Total time for which application threads were stopped: 0.0008438 seconds, Stopping threads took: 0.0000278 seconds
65.931: [GC (Allocation Failure)  348853K->629K(1048064K), 0.0004882 secs]
65.932: Total time for which application threads were stopped: 0.0006057 seconds, Stopping threads took: 0.0000190 seconds
66.149: [GC (Allocation Failure)  348789K->629K(1048064K), 0.0005565 secs]
66.150: Total time for which application threads were stopped: 0.0008399 seconds, Stopping threads took: 0.0000191 seconds
66.367: [GC (Allocation Failure)  348789K->693K(1048064K), 0.0005711 secs]
66.367: Total time for which application threads were stopped: 0.0006988 seconds, Stopping threads took: 0.0000274 seconds
66.581: [GC (Allocation Failure)  348853K->661K(1048064K), 0.0005160 secs]
66.581: Total time for which application threads were stopped: 0.0006503 seconds, Stopping threads took: 0.0000185 seconds
66.795: [GC (Allocation Failure)  348821K->629K(1048064K), 0.0004910 secs]
66.796: Total time for which application threads were stopped: 0.0006421 seconds, Stopping threads took: 0.0000273 seconds
67.010: [GC (Allocation Failure)  348789K->661K(1048064K), 0.0004722 secs]
67.011: Total time for which application threads were stopped: 0.0005996 seconds, Stopping threads took: 0.0000282 seconds
67.225: [GC (Allocation Failure)  348821K->629K(1048064K), 0.0005166 secs]
67.226: Total time for which application threads were stopped: 0.0006423 seconds, Stopping threads took: 0.0000273 seconds
67.440: [GC (Allocation Failure)  348789K->629K(1048064K), 0.0005062 secs]
67.441: Total time for which application threads were stopped: 0.0006216 seconds, Stopping threads took: 0.0000198 seconds
67.661: [GC (Allocation Failure)  348789K->661K(1048064K), 0.0005195 secs]
67.662: Total time for which application threads were stopped: 0.0006361 seconds, Stopping threads took: 0.0000165 seconds
67.878: [GC (Allocation Failure)  348821K->597K(1048064K), 0.0004573 secs]
67.879: Total time for which application threads were stopped: 0.0005986 seconds, Stopping threads took: 0.0000262 seconds
68.095: [GC (Allocation Failure)  348757K->661K(1048064K), 0.0004611 secs]
68.095: Total time for which application threads were stopped: 0.0005803 seconds, Stopping threads took: 0.0000195 seconds
68.309: [GC (Allocation Failure)  348821K->629K(1048064K), 0.0007561 secs]
68.310: Total time for which application threads were stopped: 0.0008750 seconds, Stopping threads took: 0.0000192 seconds
68.523: [GC (Allocation Failure)  348789K->597K(1048064K), 0.0006121 secs]
68.524: Total time for which application threads were stopped: 0.0007301 seconds, Stopping threads took: 0.0000191 seconds
68.744: [GC (Allocation Failure)  348757K->693K(1048064K), 0.0004965 secs]
68.745: Total time for which application threads were stopped: 0.0006222 seconds, Stopping threads took: 0.0000200 seconds
68.959: [GC (Allocation Failure)  348853K->661K(1048064K), 0.0005035 secs]
68.960: Total time for which application threads were stopped: 0.0006219 seconds, Stopping threads took: 0.0000190 seconds
69.173: [GC (Allocation Failure)  348821K->661K(1048064K), 0.0004604 secs]
69.173: Total time for which application threads were stopped: 0.0005762 seconds, Stopping threads took: 0.0000187 seconds
69.389: [GC (Allocation Failure)  348821K->629K(1048064K), 0.0005542 secs]
69.390: Total time for which application threads were stopped: 0.0006751 seconds, Stopping threads took: 0.0000190 seconds
69.603: [GC (Allocation Failure)  348789K->661K(1048064K), 0.0004787 secs]
69.604: Total time for which application threads were stopped: 0.0006133 seconds, Stopping threads took: 0.0000211 seconds
69.819: [GC (Allocation Failure)  348821K->629K(1048064K), 0.0005239 secs]
69.820: Total time for which application threads were stopped: 0.0006751 seconds, Stopping threads took: 0.0000298 seconds
70.038: [GC (Allocation Failure)  348789K->661K(1048064K), 0.0005199 secs]
70.039: Total time for which application threads were stopped: 0.0006397 seconds, Stopping threads took: 0.0000198 seconds
70.255: [GC (Allocation Failure)  348821K->661K(1048064K), 0.0005580 secs]
70.255: Total time for which application threads were stopped: 0.0006771 seconds, Stopping threads took: 0.0000191 seconds
70.470: [GC (Allocation Failure)  348821K->629K(1048064K), 0.0005613 secs]
70.470: Total time for which application threads were stopped: 0.0007000 seconds, Stopping threads took: 0.0000214 seconds
70.689: [GC (Allocation Failure)  348789K->693K(1048064K), 0.0005569 secs]
70.690: Total time for which application threads were stopped: 0.0006953 seconds, Stopping threads took: 0.0000195 seconds
70.906: [GC (Allocation Failure)  348853K->597K(1048064K), 0.0005366 secs]
70.906: Total time for which application threads were stopped: 0.0006583 seconds, Stopping threads took: 0.0000263 seconds
71.124: [GC (Allocation Failure)  348757K->661K(1048064K), 0.0004895 secs]
71.124: Total time for which application threads were stopped: 0.0006169 seconds, Stopping threads took: 0.0000198 seconds
