Java HotSpot(TM) 64-Bit Server VM (25.171-b11) for linux-amd64 JRE (1.8.0_171-b11), built on Mar 28 2018 17:07:08 by "java_re" with gcc 4.3.0 20080428 (Red Hat 4.3.0-8)
Memory: 4k page, physical 32883000k(29420216k free), swap 8000508k(8000508k free)
CommandLine flags: -XX:InitialHeapSize=1073741824 -XX:MaxHeapSize=1073741824 -XX:+PrintGC -XX:+PrintGCApplicationStoppedTime -XX:+PrintGCTimeStamps -XX:+UseCompressedClassPointers -XX:+UseCompressedOops -XX:+UseParallelGC 
0.495: [GC (Allocation Failure)  262144K->2421K(1005056K), 0.0017915 secs]
0.497: Total time for which application threads were stopped: 0.0019705 seconds, Stopping threads took: 0.0000206 seconds
0.666: [GC (Allocation Failure)  264565K->608K(1005056K), 0.0009579 secs]
0.667: Total time for which application threads were stopped: 0.0010717 seconds, Stopping threads took: 0.0000170 seconds
0.830: [GC (Allocation Failure)  262752K->616K(1005056K), 0.0009405 secs]
0.831: Total time for which application threads were stopped: 0.0010693 seconds, Stopping threads took: 0.0000280 seconds
0.998: [GC (Allocation Failure)  262760K->648K(1005056K), 0.0008542 secs]
0.999: Total time for which application threads were stopped: 0.0009788 seconds, Stopping threads took: 0.0000299 seconds
1.167: [GC (Allocation Failure)  262792K->624K(1005056K), 0.0011503 secs]
1.168: Total time for which application threads were stopped: 0.0012809 seconds, Stopping threads took: 0.0000318 seconds
1.336: [GC (Allocation Failure)  262768K->624K(1046016K), 0.0009313 secs]
1.337: Total time for which application threads were stopped: 0.0010693 seconds, Stopping threads took: 0.0000297 seconds
1.570: [GC (Allocation Failure)  344688K->637K(1046016K), 0.0011466 secs]
1.571: Total time for which application threads were stopped: 0.0012787 seconds, Stopping threads took: 0.0000282 seconds
1.785: [GC (Allocation Failure)  344701K->669K(1046016K), 0.0006556 secs]
1.786: Total time for which application threads were stopped: 0.0007926 seconds, Stopping threads took: 0.0000209 seconds
2.001: [GC (Allocation Failure)  344733K->669K(1046016K), 0.0004969 secs]
2.001: Total time for which application threads were stopped: 0.0006153 seconds, Stopping threads took: 0.0000200 seconds
2.217: [GC (Allocation Failure)  344733K->637K(1046016K), 0.0004414 secs]
2.217: Total time for which application threads were stopped: 0.0005665 seconds, Stopping threads took: 0.0000194 seconds
2.429: [GC (Allocation Failure)  344701K->605K(1046016K), 0.0004220 secs]
2.430: Total time for which application threads were stopped: 0.0005438 seconds, Stopping threads took: 0.0000204 seconds
2.648: [GC (Allocation Failure)  344669K->637K(1046528K), 0.0004878 secs]
2.648: Total time for which application threads were stopped: 0.0006013 seconds, Stopping threads took: 0.0000197 seconds
2.867: [GC (Allocation Failure)  345725K->669K(1046528K), 0.0004606 secs]
2.868: Total time for which application threads were stopped: 0.0005789 seconds, Stopping threads took: 0.0000251 seconds
3.080: [GC (Allocation Failure)  345757K->573K(1046528K), 0.0004715 secs]
3.080: Total time for which application threads were stopped: 0.0005952 seconds, Stopping threads took: 0.0000195 seconds
3.292: [GC (Allocation Failure)  345661K->741K(1046528K), 0.0006187 secs]
3.293: Total time for which application threads were stopped: 0.0007521 seconds, Stopping threads took: 0.0000283 seconds
3.507: [GC (Allocation Failure)  345829K->677K(1046528K), 0.0005741 secs]
3.507: Total time for which application threads were stopped: 0.0007088 seconds, Stopping threads took: 0.0000286 seconds
3.725: [GC (Allocation Failure)  345765K->709K(1046528K), 0.0004986 secs]
3.725: Total time for which application threads were stopped: 0.0006083 seconds, Stopping threads took: 0.0000171 seconds
3.942: [GC (Allocation Failure)  345797K->677K(1047040K), 0.0006194 secs]
3.943: Total time for which application threads were stopped: 0.0007379 seconds, Stopping threads took: 0.0000196 seconds
4.057: Total time for which application threads were stopped: 0.0001227 seconds, Stopping threads took: 0.0000553 seconds
4.156: [GC (Allocation Failure)  346789K->645K(1047040K), 0.0004652 secs]
4.157: Total time for which application threads were stopped: 0.0005795 seconds, Stopping threads took: 0.0000199 seconds
4.375: [GC (Allocation Failure)  346757K->677K(1047040K), 0.0004247 secs]
4.375: Total time for which application threads were stopped: 0.0005459 seconds, Stopping threads took: 0.0000199 seconds
4.589: [GC (Allocation Failure)  346789K->613K(1047040K), 0.0004586 secs]
4.590: Total time for which application threads were stopped: 0.0005819 seconds, Stopping threads took: 0.0000272 seconds
4.803: [GC (Allocation Failure)  346725K->645K(1047040K), 0.0005035 secs]
4.803: Total time for which application threads were stopped: 0.0006418 seconds, Stopping threads took: 0.0000205 seconds
5.019: [GC (Allocation Failure)  346757K->677K(1047040K), 0.0004701 secs]
5.019: Total time for which application threads were stopped: 0.0006127 seconds, Stopping threads took: 0.0000257 seconds
5.239: [GC (Allocation Failure)  346789K->709K(1047552K), 0.0004837 secs]
5.240: Total time for which application threads were stopped: 0.0006029 seconds, Stopping threads took: 0.0000192 seconds
5.456: [GC (Allocation Failure)  347333K->709K(1047040K), 0.0004573 secs]
5.457: Total time for which application threads were stopped: 0.0005776 seconds, Stopping threads took: 0.0000264 seconds
5.672: [GC (Allocation Failure)  347333K->677K(1047552K), 0.0004720 secs]
5.673: Total time for which application threads were stopped: 0.0005899 seconds, Stopping threads took: 0.0000200 seconds
5.887: [GC (Allocation Failure)  347813K->645K(1047552K), 0.0004419 secs]
5.888: Total time for which application threads were stopped: 0.0005585 seconds, Stopping threads took: 0.0000200 seconds
6.104: [GC (Allocation Failure)  347781K->645K(1047552K), 0.0004564 secs]
6.105: Total time for which application threads were stopped: 0.0005743 seconds, Stopping threads took: 0.0000198 seconds
6.321: [GC (Allocation Failure)  347781K->613K(1047552K), 0.0004598 secs]
6.322: Total time for which application threads were stopped: 0.0005797 seconds, Stopping threads took: 0.0000202 seconds
6.542: [GC (Allocation Failure)  347749K->613K(1047552K), 0.0004384 secs]
6.543: Total time for which application threads were stopped: 0.0005671 seconds, Stopping threads took: 0.0000236 seconds
6.763: [GC (Allocation Failure)  347749K->613K(1047552K), 0.0004773 secs]
6.764: Total time for which application threads were stopped: 0.0006111 seconds, Stopping threads took: 0.0000197 seconds
6.979: [GC (Allocation Failure)  347749K->709K(1047552K), 0.0005843 secs]
6.980: Total time for which application threads were stopped: 0.0007253 seconds, Stopping threads took: 0.0000274 seconds
7.197: [GC (Allocation Failure)  347845K->613K(1047552K), 0.0004874 secs]
7.197: Total time for which application threads were stopped: 0.0006172 seconds, Stopping threads took: 0.0000228 seconds
7.417: [GC (Allocation Failure)  347749K->645K(1047552K), 0.0005460 secs]
7.417: Total time for which application threads were stopped: 0.0006611 seconds, Stopping threads took: 0.0000252 seconds
7.631: [GC (Allocation Failure)  347781K->645K(1047552K), 0.0005266 secs]
7.632: Total time for which application threads were stopped: 0.0006431 seconds, Stopping threads took: 0.0000206 seconds
7.845: [GC (Allocation Failure)  347781K->677K(1048064K), 0.0004241 secs]
7.845: Total time for which application threads were stopped: 0.0005514 seconds, Stopping threads took: 0.0000288 seconds
8.060: [GC (Allocation Failure)  348325K->645K(1047552K), 0.0004464 secs]
8.060: Total time for which application threads were stopped: 0.0005616 seconds, Stopping threads took: 0.0000163 seconds
8.280: [GC (Allocation Failure)  348293K->645K(1048064K), 0.0004566 secs]
8.280: Total time for which application threads were stopped: 0.0005734 seconds, Stopping threads took: 0.0000193 seconds
8.501: [GC (Allocation Failure)  348805K->645K(1048064K), 0.0005572 secs]
8.501: Total time for which application threads were stopped: 0.0006952 seconds, Stopping threads took: 0.0000270 seconds
8.718: [GC (Allocation Failure)  348805K->613K(1048064K), 0.0006307 secs]
8.718: Total time for which application threads were stopped: 0.0007501 seconds, Stopping threads took: 0.0000255 seconds
8.937: [GC (Allocation Failure)  348773K->645K(1048064K), 0.0004654 secs]
8.938: Total time for which application threads were stopped: 0.0005827 seconds, Stopping threads took: 0.0000195 seconds
9.153: [GC (Allocation Failure)  348805K->709K(1048064K), 0.0004995 secs]
9.153: Total time for which application threads were stopped: 0.0006332 seconds, Stopping threads took: 0.0000279 seconds
9.368: [GC (Allocation Failure)  348869K->645K(1048064K), 0.0004622 secs]
9.369: Total time for which application threads were stopped: 0.0005849 seconds, Stopping threads took: 0.0000252 seconds
9.585: [GC (Allocation Failure)  348805K->645K(1048064K), 0.0006168 secs]
9.586: Total time for which application threads were stopped: 0.0007439 seconds, Stopping threads took: 0.0000210 seconds
9.801: [GC (Allocation Failure)  348805K->677K(1048064K), 0.0005042 secs]
9.801: Total time for which application threads were stopped: 0.0006261 seconds, Stopping threads took: 0.0000206 seconds
10.018: [GC (Allocation Failure)  348837K->709K(1048064K), 0.0004724 secs]
10.018: Total time for which application threads were stopped: 0.0005929 seconds, Stopping threads took: 0.0000202 seconds
10.238: [GC (Allocation Failure)  348869K->613K(1048064K), 0.0006414 secs]
10.239: Total time for which application threads were stopped: 0.0007660 seconds, Stopping threads took: 0.0000199 seconds
10.457: [GC (Allocation Failure)  348773K->709K(1048064K), 0.0004537 secs]
10.458: Total time for which application threads were stopped: 0.0005872 seconds, Stopping threads took: 0.0000278 seconds
10.672: [GC (Allocation Failure)  348869K->645K(1048064K), 0.0005124 secs]
10.672: Total time for which application threads were stopped: 0.0006372 seconds, Stopping threads took: 0.0000272 seconds
10.886: [GC (Allocation Failure)  348805K->613K(1048064K), 0.0005623 secs]
10.887: Total time for which application threads were stopped: 0.0007098 seconds, Stopping threads took: 0.0000281 seconds
11.105: [GC (Allocation Failure)  348773K->645K(1048064K), 0.0004877 secs]
11.105: Total time for which application threads were stopped: 0.0006079 seconds, Stopping threads took: 0.0000200 seconds
11.323: [GC (Allocation Failure)  348805K->677K(1048064K), 0.0005250 secs]
11.323: Total time for which application threads were stopped: 0.0006490 seconds, Stopping threads took: 0.0000268 seconds
11.539: [GC (Allocation Failure)  348837K->645K(1048064K), 0.0004489 secs]
11.539: Total time for which application threads were stopped: 0.0005732 seconds, Stopping threads took: 0.0000248 seconds
11.753: [GC (Allocation Failure)  348805K->741K(1048064K), 0.0004592 secs]
11.754: Total time for which application threads were stopped: 0.0005766 seconds, Stopping threads took: 0.0000197 seconds
11.968: [GC (Allocation Failure)  348901K->677K(1048064K), 0.0004947 secs]
11.969: Total time for which application threads were stopped: 0.0006250 seconds, Stopping threads took: 0.0000260 seconds
12.182: [GC (Allocation Failure)  348837K->645K(1048064K), 0.0004942 secs]
12.183: Total time for which application threads were stopped: 0.0006226 seconds, Stopping threads took: 0.0000279 seconds
12.404: [GC (Allocation Failure)  348805K->645K(1048064K), 0.0004507 secs]
12.404: Total time for which application threads were stopped: 0.0005682 seconds, Stopping threads took: 0.0000259 seconds
12.619: [GC (Allocation Failure)  348805K->677K(1048064K), 0.0004815 secs]
12.619: Total time for which application threads were stopped: 0.0006076 seconds, Stopping threads took: 0.0000199 seconds
12.840: [GC (Allocation Failure)  348837K->613K(1048064K), 0.0004840 secs]
12.840: Total time for which application threads were stopped: 0.0006139 seconds, Stopping threads took: 0.0000198 seconds
13.061: [GC (Allocation Failure)  348773K->613K(1048064K), 0.0006057 secs]
13.062: Total time for which application threads were stopped: 0.0007367 seconds, Stopping threads took: 0.0000267 seconds
13.280: [GC (Allocation Failure)  348773K->645K(1048064K), 0.0005376 secs]
13.281: Total time for which application threads were stopped: 0.0006632 seconds, Stopping threads took: 0.0000263 seconds
13.495: [GC (Allocation Failure)  348805K->709K(1048064K), 0.0005937 secs]
13.495: Total time for which application threads were stopped: 0.0007201 seconds, Stopping threads took: 0.0000280 seconds
13.716: [GC (Allocation Failure)  348869K->677K(1048064K), 0.0005197 secs]
13.716: Total time for which application threads were stopped: 0.0006388 seconds, Stopping threads took: 0.0000195 seconds
13.930: [GC (Allocation Failure)  348837K->677K(1048064K), 0.0005921 secs]
13.930: Total time for which application threads were stopped: 0.0007131 seconds, Stopping threads took: 0.0000202 seconds
14.150: [GC (Allocation Failure)  348837K->677K(1048064K), 0.0004967 secs]
14.151: Total time for which application threads were stopped: 0.0006268 seconds, Stopping threads took: 0.0000272 seconds
14.365: [GC (Allocation Failure)  348837K->645K(1048064K), 0.0004928 secs]
14.365: Total time for which application threads were stopped: 0.0006223 seconds, Stopping threads took: 0.0000282 seconds
14.587: [GC (Allocation Failure)  348805K->645K(1048064K), 0.0004774 secs]
14.587: Total time for which application threads were stopped: 0.0006094 seconds, Stopping threads took: 0.0000194 seconds
14.806: [GC (Allocation Failure)  348805K->645K(1048064K), 0.0004960 secs]
14.807: Total time for which application threads were stopped: 0.0006140 seconds, Stopping threads took: 0.0000198 seconds
15.027: [GC (Allocation Failure)  348805K->677K(1048064K), 0.0005389 secs]
15.028: Total time for which application threads were stopped: 0.0006486 seconds, Stopping threads took: 0.0000195 seconds
15.246: [GC (Allocation Failure)  348837K->709K(1048064K), 0.0004782 secs]
15.246: Total time for which application threads were stopped: 0.0006021 seconds, Stopping threads took: 0.0000207 seconds
15.467: [GC (Allocation Failure)  348869K->645K(1048064K), 0.0004811 secs]
15.467: Total time for which application threads were stopped: 0.0006496 seconds, Stopping threads took: 0.0000280 seconds
15.688: [GC (Allocation Failure)  348805K->613K(1048064K), 0.0006365 secs]
15.689: Total time for which application threads were stopped: 0.0007881 seconds, Stopping threads took: 0.0000199 seconds
15.902: [GC (Allocation Failure)  348773K->613K(1048064K), 0.0005299 secs]
15.903: Total time for which application threads were stopped: 0.0006622 seconds, Stopping threads took: 0.0000198 seconds
16.116: [GC (Allocation Failure)  348773K->677K(1048064K), 0.0005291 secs]
16.117: Total time for which application threads were stopped: 0.0006563 seconds, Stopping threads took: 0.0000216 seconds
16.338: [GC (Allocation Failure)  348837K->613K(1048064K), 0.0006067 secs]
16.338: Total time for which application threads were stopped: 0.0007414 seconds, Stopping threads took: 0.0000293 seconds
16.557: [GC (Allocation Failure)  348773K->741K(1048064K), 0.0005435 secs]
16.558: Total time for which application threads were stopped: 0.0006739 seconds, Stopping threads took: 0.0000282 seconds
16.771: [GC (Allocation Failure)  348901K->645K(1048064K), 0.0005275 secs]
16.772: Total time for which application threads were stopped: 0.0006488 seconds, Stopping threads took: 0.0000203 seconds
16.986: [GC (Allocation Failure)  348805K->677K(1048064K), 0.0005868 secs]
16.986: Total time for which application threads were stopped: 0.0007024 seconds, Stopping threads took: 0.0000190 seconds
17.204: [GC (Allocation Failure)  348837K->709K(1048064K), 0.0004751 secs]
17.204: Total time for which application threads were stopped: 0.0006020 seconds, Stopping threads took: 0.0000195 seconds
17.418: [GC (Allocation Failure)  348869K->613K(1048064K), 0.0006046 secs]
17.419: Total time for which application threads were stopped: 0.0007380 seconds, Stopping threads took: 0.0000199 seconds
17.639: [GC (Allocation Failure)  348773K->677K(1048064K), 0.0004934 secs]
17.640: Total time for which application threads were stopped: 0.0006466 seconds, Stopping threads took: 0.0000198 seconds
17.853: [GC (Allocation Failure)  348837K->645K(1048064K), 0.0005393 secs]
17.853: Total time for which application threads were stopped: 0.0006740 seconds, Stopping threads took: 0.0000197 seconds
18.069: [GC (Allocation Failure)  348805K->709K(1048064K), 0.0004635 secs]
18.069: Total time for which application threads were stopped: 0.0005843 seconds, Stopping threads took: 0.0000201 seconds
18.289: [GC (Allocation Failure)  348869K->613K(1048064K), 0.0005637 secs]
18.290: Total time for which application threads were stopped: 0.0006987 seconds, Stopping threads took: 0.0000193 seconds
18.508: [GC (Allocation Failure)  348773K->613K(1048064K), 0.0005602 secs]
18.508: Total time for which application threads were stopped: 0.0006832 seconds, Stopping threads took: 0.0000275 seconds
18.727: [GC (Allocation Failure)  348773K->677K(1048064K), 0.0004827 secs]
18.727: Total time for which application threads were stopped: 0.0006143 seconds, Stopping threads took: 0.0000207 seconds
18.948: [GC (Allocation Failure)  348837K->709K(1048064K), 0.0004019 secs]
18.948: Total time for which application threads were stopped: 0.0005436 seconds, Stopping threads took: 0.0000260 seconds
19.167: [GC (Allocation Failure)  348869K->677K(1048064K), 0.0005392 secs]
19.168: Total time for which application threads were stopped: 0.0006751 seconds, Stopping threads took: 0.0000358 seconds
19.381: [GC (Allocation Failure)  348837K->677K(1048064K), 0.0004197 secs]
19.382: Total time for which application threads were stopped: 0.0005518 seconds, Stopping threads took: 0.0000284 seconds
19.596: [GC (Allocation Failure)  348837K->645K(1048064K), 0.0005427 secs]
19.596: Total time for which application threads were stopped: 0.0006651 seconds, Stopping threads took: 0.0000269 seconds
19.810: [GC (Allocation Failure)  348805K->645K(1048064K), 0.0004847 secs]
19.810: Total time for which application threads were stopped: 0.0006212 seconds, Stopping threads took: 0.0000277 seconds
20.025: [GC (Allocation Failure)  348805K->645K(1048064K), 0.0004580 secs]
20.025: Total time for which application threads were stopped: 0.0005856 seconds, Stopping threads took: 0.0000287 seconds
20.239: [GC (Allocation Failure)  348805K->677K(1048064K), 0.0004307 secs]
20.240: Total time for which application threads were stopped: 0.0005580 seconds, Stopping threads took: 0.0000289 seconds
20.459: [GC (Allocation Failure)  348837K->645K(1048064K), 0.0004570 secs]
20.459: Total time for which application threads were stopped: 0.0005666 seconds, Stopping threads took: 0.0000169 seconds
20.679: [GC (Allocation Failure)  348805K->645K(1048064K), 0.0005161 secs]
20.680: Total time for which application threads were stopped: 0.0006245 seconds, Stopping threads took: 0.0000166 seconds
20.899: [GC (Allocation Failure)  348805K->645K(1048064K), 0.0004841 secs]
20.900: Total time for which application threads were stopped: 0.0006111 seconds, Stopping threads took: 0.0000279 seconds
21.113: [GC (Allocation Failure)  348805K->613K(1048064K), 0.0005664 secs]
21.114: Total time for which application threads were stopped: 0.0006843 seconds, Stopping threads took: 0.0000202 seconds
21.327: [GC (Allocation Failure)  348773K->613K(1048064K), 0.0004239 secs]
21.328: Total time for which application threads were stopped: 0.0005451 seconds, Stopping threads took: 0.0000205 seconds
21.543: [GC (Allocation Failure)  348773K->645K(1048064K), 0.0004851 secs]
21.544: Total time for which application threads were stopped: 0.0006126 seconds, Stopping threads took: 0.0000271 seconds
21.762: [GC (Allocation Failure)  348805K->645K(1048064K), 0.0005634 secs]
21.763: Total time for which application threads were stopped: 0.0007118 seconds, Stopping threads took: 0.0000201 seconds
21.984: [GC (Allocation Failure)  348805K->613K(1048064K), 0.0004742 secs]
21.984: Total time for which application threads were stopped: 0.0005938 seconds, Stopping threads took: 0.0000201 seconds
22.197: [GC (Allocation Failure)  348773K->613K(1048064K), 0.0005729 secs]
22.198: Total time for which application threads were stopped: 0.0007013 seconds, Stopping threads took: 0.0000192 seconds
22.412: [GC (Allocation Failure)  348773K->741K(1048064K), 0.0005287 secs]
22.412: Total time for which application threads were stopped: 0.0006492 seconds, Stopping threads took: 0.0000203 seconds
22.632: [GC (Allocation Failure)  348901K->645K(1048064K), 0.0004741 secs]
22.633: Total time for which application threads were stopped: 0.0005949 seconds, Stopping threads took: 0.0000196 seconds
22.846: [GC (Allocation Failure)  348805K->613K(1048064K), 0.0005959 secs]
22.846: Total time for which application threads were stopped: 0.0007227 seconds, Stopping threads took: 0.0000193 seconds
23.061: [GC (Allocation Failure)  348773K->677K(1048064K), 0.0006351 secs]
23.062: Total time for which application threads were stopped: 0.0007719 seconds, Stopping threads took: 0.0000280 seconds
23.280: [GC (Allocation Failure)  348837K->645K(1048064K), 0.0005011 secs]
23.280: Total time for which application threads were stopped: 0.0006416 seconds, Stopping threads took: 0.0000213 seconds
23.500: [GC (Allocation Failure)  348805K->677K(1048064K), 0.0004596 secs]
23.500: Total time for which application threads were stopped: 0.0005848 seconds, Stopping threads took: 0.0000279 seconds
23.714: [GC (Allocation Failure)  348837K->613K(1048064K), 0.0005815 secs]
23.715: Total time for which application threads were stopped: 0.0007032 seconds, Stopping threads took: 0.0000202 seconds
23.938: [GC (Allocation Failure)  348773K->645K(1048064K), 0.0004276 secs]
23.938: Total time for which application threads were stopped: 0.0005531 seconds, Stopping threads took: 0.0000265 seconds
24.153: [GC (Allocation Failure)  348805K->645K(1048064K), 0.0005051 secs]
24.153: Total time for which application threads were stopped: 0.0006321 seconds, Stopping threads took: 0.0000190 seconds
24.369: [GC (Allocation Failure)  348805K->645K(1048064K), 0.0004507 secs]
24.370: Total time for which application threads were stopped: 0.0005699 seconds, Stopping threads took: 0.0000258 seconds
24.590: [GC (Allocation Failure)  348805K->645K(1048064K), 0.0004150 secs]
24.590: Total time for which application threads were stopped: 0.0005222 seconds, Stopping threads took: 0.0000166 seconds
24.809: [GC (Allocation Failure)  348805K->645K(1048064K), 0.0006509 secs]
24.810: Total time for which application threads were stopped: 0.0007905 seconds, Stopping threads took: 0.0000191 seconds
25.025: [GC (Allocation Failure)  348805K->677K(1048064K), 0.0006128 secs]
25.025: Total time for which application threads were stopped: 0.0007369 seconds, Stopping threads took: 0.0000266 seconds
25.244: [GC (Allocation Failure)  348837K->677K(1048064K), 0.0006279 secs]
25.245: Total time for which application threads were stopped: 0.0007709 seconds, Stopping threads took: 0.0000269 seconds
25.458: [GC (Allocation Failure)  348837K->709K(1048064K), 0.0006461 secs]
25.459: Total time for which application threads were stopped: 0.0007857 seconds, Stopping threads took: 0.0000267 seconds
25.673: [GC (Allocation Failure)  348869K->613K(1048064K), 0.0006188 secs]
25.673: Total time for which application threads were stopped: 0.0007449 seconds, Stopping threads took: 0.0000195 seconds
25.892: [GC (Allocation Failure)  348773K->613K(1048064K), 0.0004237 secs]
25.893: Total time for which application threads were stopped: 0.0005441 seconds, Stopping threads took: 0.0000196 seconds
26.106: [GC (Allocation Failure)  348773K->677K(1048064K), 0.0004785 secs]
26.106: Total time for which application threads were stopped: 0.0005946 seconds, Stopping threads took: 0.0000198 seconds
26.320: [GC (Allocation Failure)  348837K->709K(1048064K), 0.0004490 secs]
26.320: Total time for which application threads were stopped: 0.0005702 seconds, Stopping threads took: 0.0000198 seconds
26.541: [GC (Allocation Failure)  348869K->677K(1048064K), 0.0005068 secs]
26.542: Total time for which application threads were stopped: 0.0006291 seconds, Stopping threads took: 0.0000251 seconds
26.755: [GC (Allocation Failure)  348837K->677K(1048064K), 0.0005157 secs]
26.756: Total time for which application threads were stopped: 0.0006435 seconds, Stopping threads took: 0.0000275 seconds
26.972: [GC (Allocation Failure)  348837K->645K(1048064K), 0.0005116 secs]
26.973: Total time for which application threads were stopped: 0.0006470 seconds, Stopping threads took: 0.0000266 seconds
27.186: [GC (Allocation Failure)  348805K->709K(1048064K), 0.0005925 secs]
27.187: Total time for which application threads were stopped: 0.0007272 seconds, Stopping threads took: 0.0000214 seconds
27.401: [GC (Allocation Failure)  348869K->645K(1048064K), 0.0004500 secs]
27.401: Total time for which application threads were stopped: 0.0005718 seconds, Stopping threads took: 0.0000264 seconds
27.615: [GC (Allocation Failure)  348805K->645K(1048064K), 0.0004748 secs]
27.616: Total time for which application threads were stopped: 0.0005895 seconds, Stopping threads took: 0.0000183 seconds
27.829: [GC (Allocation Failure)  348805K->645K(1048064K), 0.0004965 secs]
27.830: Total time for which application threads were stopped: 0.0006370 seconds, Stopping threads took: 0.0000218 seconds
28.051: [GC (Allocation Failure)  348805K->677K(1048064K), 0.0005652 secs]
28.052: Total time for which application threads were stopped: 0.0006935 seconds, Stopping threads took: 0.0000280 seconds
28.270: [GC (Allocation Failure)  348837K->645K(1048064K), 0.0004605 secs]
28.270: Total time for which application threads were stopped: 0.0005899 seconds, Stopping threads took: 0.0000285 seconds
28.484: [GC (Allocation Failure)  348805K->645K(1048064K), 0.0005077 secs]
28.484: Total time for which application threads were stopped: 0.0006240 seconds, Stopping threads took: 0.0000190 seconds
28.698: [GC (Allocation Failure)  348805K->645K(1048064K), 0.0005572 secs]
28.699: Total time for which application threads were stopped: 0.0006882 seconds, Stopping threads took: 0.0000284 seconds
28.915: [GC (Allocation Failure)  348805K->741K(1048064K), 0.0005519 secs]
28.915: Total time for which application threads were stopped: 0.0006695 seconds, Stopping threads took: 0.0000252 seconds
29.129: [GC (Allocation Failure)  348901K->677K(1048064K), 0.0004768 secs]
29.129: Total time for which application threads were stopped: 0.0005954 seconds, Stopping threads took: 0.0000200 seconds
29.342: [GC (Allocation Failure)  348837K->645K(1048064K), 0.0006203 secs]
29.343: Total time for which application threads were stopped: 0.0007641 seconds, Stopping threads took: 0.0000284 seconds
29.557: [GC (Allocation Failure)  348805K->677K(1048064K), 0.0004511 secs]
29.558: Total time for which application threads were stopped: 0.0005810 seconds, Stopping threads took: 0.0000282 seconds
29.771: [GC (Allocation Failure)  348837K->645K(1048064K), 0.0004414 secs]
29.771: Total time for which application threads were stopped: 0.0005647 seconds, Stopping threads took: 0.0000192 seconds
29.986: [GC (Allocation Failure)  348805K->741K(1048064K), 0.0005168 secs]
29.987: Total time for which application threads were stopped: 0.0006449 seconds, Stopping threads took: 0.0000283 seconds
30.204: [GC (Allocation Failure)  348901K->645K(1048064K), 0.0005017 secs]
30.205: Total time for which application threads were stopped: 0.0006396 seconds, Stopping threads took: 0.0000288 seconds
30.426: [GC (Allocation Failure)  348805K->613K(1048064K), 0.0004259 secs]
30.427: Total time for which application threads were stopped: 0.0005514 seconds, Stopping threads took: 0.0000173 seconds
30.642: [GC (Allocation Failure)  348773K->741K(1048064K), 0.0007303 secs]
30.643: Total time for which application threads were stopped: 0.0008546 seconds, Stopping threads took: 0.0000199 seconds
30.858: [GC (Allocation Failure)  348901K->677K(1048064K), 0.0006260 secs]
30.859: Total time for which application threads were stopped: 0.0007463 seconds, Stopping threads took: 0.0000203 seconds
31.075: [GC (Allocation Failure)  348837K->677K(1048064K), 0.0004692 secs]
31.075: Total time for which application threads were stopped: 0.0006117 seconds, Stopping threads took: 0.0000195 seconds
31.290: [GC (Allocation Failure)  348837K->645K(1048064K), 0.0005375 secs]
31.290: Total time for which application threads were stopped: 0.0006606 seconds, Stopping threads took: 0.0000206 seconds
31.505: [GC (Allocation Failure)  348805K->645K(1048064K), 0.0005694 secs]
31.506: Total time for which application threads were stopped: 0.0006980 seconds, Stopping threads took: 0.0000286 seconds
31.724: [GC (Allocation Failure)  348805K->677K(1048064K), 0.0004773 secs]
31.724: Total time for which application threads were stopped: 0.0006016 seconds, Stopping threads took: 0.0000275 seconds
31.942: [GC (Allocation Failure)  348837K->645K(1048064K), 0.0005791 secs]
31.943: Total time for which application threads were stopped: 0.0007001 seconds, Stopping threads took: 0.0000200 seconds
32.157: [GC (Allocation Failure)  348805K->709K(1048064K), 0.0004987 secs]
32.158: Total time for which application threads were stopped: 0.0006217 seconds, Stopping threads took: 0.0000200 seconds
32.372: [GC (Allocation Failure)  348869K->613K(1048064K), 0.0004762 secs]
32.373: Total time for which application threads were stopped: 0.0006345 seconds, Stopping threads took: 0.0000533 seconds
32.588: [GC (Allocation Failure)  348773K->741K(1048064K), 0.0004849 secs]
32.589: Total time for which application threads were stopped: 0.0006069 seconds, Stopping threads took: 0.0000205 seconds
32.802: [GC (Allocation Failure)  348901K->645K(1048064K), 0.0005483 secs]
32.803: Total time for which application threads were stopped: 0.0006769 seconds, Stopping threads took: 0.0000272 seconds
33.021: [GC (Allocation Failure)  348805K->645K(1048064K), 0.0004730 secs]
33.022: Total time for which application threads were stopped: 0.0005903 seconds, Stopping threads took: 0.0000254 seconds
33.235: [GC (Allocation Failure)  348805K->645K(1048064K), 0.0006333 secs]
33.236: Total time for which application threads were stopped: 0.0007526 seconds, Stopping threads took: 0.0000197 seconds
33.453: [GC (Allocation Failure)  348805K->613K(1048064K), 0.0005307 secs]
33.453: Total time for which application threads were stopped: 0.0006628 seconds, Stopping threads took: 0.0000281 seconds
33.667: [GC (Allocation Failure)  348773K->613K(1048064K), 0.0005035 secs]
33.668: Total time for which application threads were stopped: 0.0006361 seconds, Stopping threads took: 0.0000212 seconds
33.888: [GC (Allocation Failure)  348773K->645K(1048064K), 0.0003976 secs]
33.889: Total time for which application threads were stopped: 0.0005401 seconds, Stopping threads took: 0.0000263 seconds
34.107: [GC (Allocation Failure)  348805K->645K(1048064K), 0.0005327 secs]
34.108: Total time for which application threads were stopped: 0.0006577 seconds, Stopping threads took: 0.0000276 seconds
34.321: [GC (Allocation Failure)  348805K->709K(1048064K), 0.0004907 secs]
34.322: Total time for which application threads were stopped: 0.0006116 seconds, Stopping threads took: 0.0000205 seconds
34.536: [GC (Allocation Failure)  348869K->677K(1048064K), 0.0004456 secs]
34.537: Total time for which application threads were stopped: 0.0005685 seconds, Stopping threads took: 0.0000247 seconds
34.751: [GC (Allocation Failure)  348837K->677K(1048064K), 0.0004453 secs]
34.751: Total time for which application threads were stopped: 0.0005658 seconds, Stopping threads took: 0.0000201 seconds
34.972: [GC (Allocation Failure)  348837K->645K(1048064K), 0.0004634 secs]
34.973: Total time for which application threads were stopped: 0.0006009 seconds, Stopping threads took: 0.0000286 seconds
35.187: [GC (Allocation Failure)  348805K->709K(1048064K), 0.0004782 secs]
35.188: Total time for which application threads were stopped: 0.0006008 seconds, Stopping threads took: 0.0000203 seconds
35.403: [GC (Allocation Failure)  348869K->645K(1048064K), 0.0004042 secs]
35.404: Total time for which application threads were stopped: 0.0005465 seconds, Stopping threads took: 0.0000267 seconds
35.619: [GC (Allocation Failure)  348805K->709K(1048064K), 0.0006323 secs]
35.620: Total time for which application threads were stopped: 0.0007583 seconds, Stopping threads took: 0.0000205 seconds
35.834: [GC (Allocation Failure)  348869K->645K(1048064K), 0.0005169 secs]
35.835: Total time for which application threads were stopped: 0.0006853 seconds, Stopping threads took: 0.0000221 seconds
36.050: [GC (Allocation Failure)  348805K->709K(1048064K), 0.0004889 secs]
36.051: Total time for which application threads were stopped: 0.0006184 seconds, Stopping threads took: 0.0000223 seconds
36.268: [GC (Allocation Failure)  348869K->645K(1048064K), 0.0005749 secs]
36.268: Total time for which application threads were stopped: 0.0007085 seconds, Stopping threads took: 0.0000202 seconds
36.489: [GC (Allocation Failure)  348805K->645K(1048064K), 0.0004223 secs]
36.490: Total time for which application threads were stopped: 0.0005511 seconds, Stopping threads took: 0.0000287 seconds
36.704: [GC (Allocation Failure)  348805K->677K(1048064K), 0.0004755 secs]
36.704: Total time for which application threads were stopped: 0.0005916 seconds, Stopping threads took: 0.0000191 seconds
36.918: [GC (Allocation Failure)  348837K->677K(1048064K), 0.0005711 secs]
36.919: Total time for which application threads were stopped: 0.0007017 seconds, Stopping threads took: 0.0000278 seconds
37.132: [GC (Allocation Failure)  348837K->613K(1048064K), 0.0004898 secs]
37.133: Total time for which application threads were stopped: 0.0006266 seconds, Stopping threads took: 0.0000201 seconds
37.346: [GC (Allocation Failure)  348773K->645K(1048064K), 0.0004931 secs]
37.346: Total time for which application threads were stopped: 0.0006244 seconds, Stopping threads took: 0.0000208 seconds
37.561: [GC (Allocation Failure)  348805K->645K(1048064K), 0.0005440 secs]
37.562: Total time for which application threads were stopped: 0.0006617 seconds, Stopping threads took: 0.0000194 seconds
37.775: [GC (Allocation Failure)  348805K->709K(1048064K), 0.0005379 secs]
37.775: Total time for which application threads were stopped: 0.0006749 seconds, Stopping threads took: 0.0000302 seconds
37.994: [GC (Allocation Failure)  348869K->645K(1048064K), 0.0004920 secs]
37.994: Total time for which application threads were stopped: 0.0006296 seconds, Stopping threads took: 0.0000204 seconds
38.209: [GC (Allocation Failure)  348805K->645K(1048064K), 0.0004980 secs]
38.209: Total time for which application threads were stopped: 0.0006137 seconds, Stopping threads took: 0.0000196 seconds
38.425: [GC (Allocation Failure)  348805K->645K(1048064K), 0.0004181 secs]
38.426: Total time for which application threads were stopped: 0.0005344 seconds, Stopping threads took: 0.0000201 seconds
38.644: [GC (Allocation Failure)  348805K->709K(1048064K), 0.0005115 secs]
38.645: Total time for which application threads were stopped: 0.0006346 seconds, Stopping threads took: 0.0000270 seconds
38.863: [GC (Allocation Failure)  348869K->645K(1048064K), 0.0004488 secs]
38.863: Total time for which application threads were stopped: 0.0005758 seconds, Stopping threads took: 0.0000289 seconds
39.083: [GC (Allocation Failure)  348805K->613K(1048064K), 0.0005762 secs]
39.084: Total time for which application threads were stopped: 0.0007111 seconds, Stopping threads took: 0.0000203 seconds
39.300: [GC (Allocation Failure)  348773K->645K(1048064K), 0.0004891 secs]
39.301: Total time for which application threads were stopped: 0.0006052 seconds, Stopping threads took: 0.0000199 seconds
39.518: [GC (Allocation Failure)  348805K->709K(1048064K), 0.0005227 secs]
39.519: Total time for which application threads were stopped: 0.0006600 seconds, Stopping threads took: 0.0000229 seconds
39.735: [GC (Allocation Failure)  348869K->645K(1048064K), 0.0005934 secs]
39.735: Total time for which application threads were stopped: 0.0007210 seconds, Stopping threads took: 0.0000279 seconds
39.949: [GC (Allocation Failure)  348805K->613K(1048064K), 0.0005805 secs]
39.950: Total time for which application threads were stopped: 0.0007094 seconds, Stopping threads took: 0.0000287 seconds
40.163: [GC (Allocation Failure)  348773K->645K(1048064K), 0.0006956 secs]
40.163: Total time for which application threads were stopped: 0.0008154 seconds, Stopping threads took: 0.0000201 seconds
40.377: [GC (Allocation Failure)  348805K->677K(1048064K), 0.0004358 secs]
40.377: Total time for which application threads were stopped: 0.0005815 seconds, Stopping threads took: 0.0000280 seconds
40.592: [GC (Allocation Failure)  348837K->645K(1048064K), 0.0004758 secs]
40.592: Total time for which application threads were stopped: 0.0005984 seconds, Stopping threads took: 0.0000205 seconds
40.811: [GC (Allocation Failure)  348805K->645K(1048064K), 0.0004715 secs]
40.812: Total time for which application threads were stopped: 0.0005999 seconds, Stopping threads took: 0.0000284 seconds
41.035: [GC (Allocation Failure)  348805K->645K(1048064K), 0.0004666 secs]
41.036: Total time for which application threads were stopped: 0.0005919 seconds, Stopping threads took: 0.0000263 seconds
41.250: [GC (Allocation Failure)  348805K->677K(1048064K), 0.0004580 secs]
41.251: Total time for which application threads were stopped: 0.0005797 seconds, Stopping threads took: 0.0000200 seconds
41.465: [GC (Allocation Failure)  348837K->709K(1048064K), 0.0005382 secs]
41.466: Total time for which application threads were stopped: 0.0006587 seconds, Stopping threads took: 0.0000198 seconds
41.681: [GC (Allocation Failure)  348869K->677K(1048064K), 0.0004644 secs]
41.682: Total time for which application threads were stopped: 0.0005859 seconds, Stopping threads took: 0.0000209 seconds
41.895: [GC (Allocation Failure)  348837K->645K(1048064K), 0.0006570 secs]
41.896: Total time for which application threads were stopped: 0.0007871 seconds, Stopping threads took: 0.0000262 seconds
42.116: [GC (Allocation Failure)  348805K->645K(1048064K), 0.0005226 secs]
42.116: Total time for which application threads were stopped: 0.0006405 seconds, Stopping threads took: 0.0000199 seconds
42.335: [GC (Allocation Failure)  348805K->645K(1048064K), 0.0004701 secs]
42.336: Total time for which application threads were stopped: 0.0006041 seconds, Stopping threads took: 0.0000253 seconds
42.557: [GC (Allocation Failure)  348805K->645K(1048064K), 0.0004102 secs]
42.558: Total time for which application threads were stopped: 0.0005178 seconds, Stopping threads took: 0.0000172 seconds
42.775: [GC (Allocation Failure)  348805K->645K(1048064K), 0.0004603 secs]
42.776: Total time for which application threads were stopped: 0.0005756 seconds, Stopping threads took: 0.0000201 seconds
42.992: [GC (Allocation Failure)  348805K->677K(1048064K), 0.0004156 secs]
42.993: Total time for which application threads were stopped: 0.0005353 seconds, Stopping threads took: 0.0000206 seconds
43.211: [GC (Allocation Failure)  348837K->677K(1048064K), 0.0005570 secs]
43.212: Total time for which application threads were stopped: 0.0006941 seconds, Stopping threads took: 0.0000279 seconds
43.433: [GC (Allocation Failure)  348837K->645K(1048064K), 0.0005462 secs]
43.433: Total time for which application threads were stopped: 0.0006675 seconds, Stopping threads took: 0.0000264 seconds
43.652: [GC (Allocation Failure)  348805K->613K(1048064K), 0.0004642 secs]
43.652: Total time for which application threads were stopped: 0.0005821 seconds, Stopping threads took: 0.0000192 seconds
43.865: [GC (Allocation Failure)  348773K->645K(1048064K), 0.0004553 secs]
43.866: Total time for which application threads were stopped: 0.0005783 seconds, Stopping threads took: 0.0000196 seconds
44.080: [GC (Allocation Failure)  348805K->645K(1048064K), 0.0004735 secs]
44.080: Total time for which application threads were stopped: 0.0005909 seconds, Stopping threads took: 0.0000195 seconds
44.296: [GC (Allocation Failure)  348805K->645K(1048064K), 0.0005147 secs]
44.297: Total time for which application threads were stopped: 0.0006428 seconds, Stopping threads took: 0.0000204 seconds
44.518: [GC (Allocation Failure)  348805K->709K(1048064K), 0.0005336 secs]
44.518: Total time for which application threads were stopped: 0.0006833 seconds, Stopping threads took: 0.0000243 seconds
44.734: [GC (Allocation Failure)  348869K->581K(1048064K), 0.0004238 secs]
44.734: Total time for which application threads were stopped: 0.0005305 seconds, Stopping threads took: 0.0000197 seconds
44.952: [GC (Allocation Failure)  348741K->645K(1048064K), 0.0004376 secs]
44.953: Total time for which application threads were stopped: 0.0005662 seconds, Stopping threads took: 0.0000262 seconds
45.171: [GC (Allocation Failure)  348805K->613K(1048064K), 0.0005308 secs]
45.172: Total time for which application threads were stopped: 0.0006400 seconds, Stopping threads took: 0.0000203 seconds
45.392: [GC (Allocation Failure)  348773K->709K(1048064K), 0.0005990 secs]
45.393: Total time for which application threads were stopped: 0.0007190 seconds, Stopping threads took: 0.0000198 seconds
45.612: [GC (Allocation Failure)  348869K->741K(1048064K), 0.0004914 secs]
45.613: Total time for which application threads were stopped: 0.0006081 seconds, Stopping threads took: 0.0000201 seconds
45.829: [GC (Allocation Failure)  348901K->677K(1048064K), 0.0006193 secs]
45.830: Total time for which application threads were stopped: 0.0007481 seconds, Stopping threads took: 0.0000280 seconds
46.044: [GC (Allocation Failure)  348837K->645K(1048064K), 0.0004582 secs]
46.045: Total time for which application threads were stopped: 0.0005787 seconds, Stopping threads took: 0.0000202 seconds
46.258: [GC (Allocation Failure)  348805K->709K(1048064K), 0.0005714 secs]
46.259: Total time for which application threads were stopped: 0.0007076 seconds, Stopping threads took: 0.0000285 seconds
46.472: [GC (Allocation Failure)  348869K->677K(1048064K), 0.0006150 secs]
46.473: Total time for which application threads were stopped: 0.0007339 seconds, Stopping threads took: 0.0000201 seconds
46.694: [GC (Allocation Failure)  348837K->645K(1048064K), 0.0004766 secs]
46.695: Total time for which application threads were stopped: 0.0005955 seconds, Stopping threads took: 0.0000201 seconds
46.914: [GC (Allocation Failure)  348805K->709K(1048064K), 0.0005332 secs]
46.915: Total time for which application threads were stopped: 0.0006624 seconds, Stopping threads took: 0.0000260 seconds
47.133: [GC (Allocation Failure)  348869K->645K(1048064K), 0.0005303 secs]
47.134: Total time for which application threads were stopped: 0.0006389 seconds, Stopping threads took: 0.0000170 seconds
47.347: [GC (Allocation Failure)  348805K->613K(1048064K), 0.0007086 secs]
47.348: Total time for which application threads were stopped: 0.0008364 seconds, Stopping threads took: 0.0000197 seconds
47.563: [GC (Allocation Failure)  348773K->709K(1048064K), 0.0004800 secs]
47.564: Total time for which application threads were stopped: 0.0005819 seconds, Stopping threads took: 0.0000182 seconds
47.777: [GC (Allocation Failure)  348869K->677K(1048064K), 0.0004813 secs]
47.778: Total time for which application threads were stopped: 0.0005986 seconds, Stopping threads took: 0.0000261 seconds
47.991: [GC (Allocation Failure)  348837K->613K(1048064K), 0.0006025 secs]
47.992: Total time for which application threads were stopped: 0.0007275 seconds, Stopping threads took: 0.0000279 seconds
48.211: [GC (Allocation Failure)  348773K->709K(1048064K), 0.0006848 secs]
48.212: Total time for which application threads were stopped: 0.0008123 seconds, Stopping threads took: 0.0000280 seconds
48.426: [GC (Allocation Failure)  348869K->709K(1048064K), 0.0004595 secs]
48.426: Total time for which application threads were stopped: 0.0005908 seconds, Stopping threads took: 0.0000279 seconds
48.641: [GC (Allocation Failure)  348869K->613K(1048064K), 0.0005427 secs]
48.641: Total time for which application threads were stopped: 0.0006692 seconds, Stopping threads took: 0.0000277 seconds
48.855: [GC (Allocation Failure)  348773K->741K(1048064K), 0.0005901 secs]
48.855: Total time for which application threads were stopped: 0.0007141 seconds, Stopping threads took: 0.0000198 seconds
49.069: [GC (Allocation Failure)  348901K->677K(1048064K), 0.0004657 secs]
49.070: Total time for which application threads were stopped: 0.0006007 seconds, Stopping threads took: 0.0000288 seconds
49.283: [GC (Allocation Failure)  348837K->741K(1048064K), 0.0005263 secs]
49.284: Total time for which application threads were stopped: 0.0006472 seconds, Stopping threads took: 0.0000207 seconds
49.498: [GC (Allocation Failure)  348901K->645K(1048064K), 0.0005119 secs]
49.499: Total time for which application threads were stopped: 0.0006546 seconds, Stopping threads took: 0.0000217 seconds
49.720: [GC (Allocation Failure)  348805K->741K(1048064K), 0.0004687 secs]
49.720: Total time for which application threads were stopped: 0.0005898 seconds, Stopping threads took: 0.0000200 seconds
49.936: [GC (Allocation Failure)  348901K->645K(1048064K), 0.0005097 secs]
49.937: Total time for which application threads were stopped: 0.0006380 seconds, Stopping threads took: 0.0000280 seconds
50.155: [GC (Allocation Failure)  348805K->645K(1048064K), 0.0005085 secs]
50.155: Total time for which application threads were stopped: 0.0006270 seconds, Stopping threads took: 0.0000198 seconds
50.374: [GC (Allocation Failure)  348805K->677K(1048064K), 0.0004785 secs]
50.375: Total time for which application threads were stopped: 0.0006066 seconds, Stopping threads took: 0.0000281 seconds
50.594: [GC (Allocation Failure)  348837K->677K(1048064K), 0.0004935 secs]
50.594: Total time for which application threads were stopped: 0.0006093 seconds, Stopping threads took: 0.0000198 seconds
50.808: [GC (Allocation Failure)  348837K->645K(1048064K), 0.0004726 secs]
50.808: Total time for which application threads were stopped: 0.0005873 seconds, Stopping threads took: 0.0000192 seconds
51.023: [GC (Allocation Failure)  348805K->645K(1048064K), 0.0004538 secs]
51.024: Total time for which application threads were stopped: 0.0005824 seconds, Stopping threads took: 0.0000274 seconds
51.242: [GC (Allocation Failure)  348805K->677K(1048064K), 0.0004934 secs]
51.243: Total time for which application threads were stopped: 0.0006365 seconds, Stopping threads took: 0.0000283 seconds
51.458: [GC (Allocation Failure)  348837K->645K(1048064K), 0.0004668 secs]
51.459: Total time for which application threads were stopped: 0.0005942 seconds, Stopping threads took: 0.0000271 seconds
51.673: [GC (Allocation Failure)  348805K->645K(1048064K), 0.0004688 secs]
51.674: Total time for which application threads were stopped: 0.0005969 seconds, Stopping threads took: 0.0000284 seconds
51.887: [GC (Allocation Failure)  348805K->677K(1048064K), 0.0005001 secs]
51.888: Total time for which application threads were stopped: 0.0006300 seconds, Stopping threads took: 0.0000208 seconds
52.102: [GC (Allocation Failure)  348837K->645K(1048064K), 0.0005939 secs]
52.102: Total time for which application threads were stopped: 0.0007232 seconds, Stopping threads took: 0.0000283 seconds
52.321: [GC (Allocation Failure)  348805K->613K(1048064K), 0.0005774 secs]
52.322: Total time for which application threads were stopped: 0.0007152 seconds, Stopping threads took: 0.0000214 seconds
52.540: [GC (Allocation Failure)  348773K->645K(1048064K), 0.0004440 secs]
52.540: Total time for which application threads were stopped: 0.0005609 seconds, Stopping threads took: 0.0000164 seconds
52.755: [GC (Allocation Failure)  348805K->677K(1048064K), 0.0006548 secs]
52.755: Total time for which application threads were stopped: 0.0007626 seconds, Stopping threads took: 0.0000198 seconds
52.974: [GC (Allocation Failure)  348837K->677K(1048064K), 0.0004505 secs]
52.975: Total time for which application threads were stopped: 0.0005797 seconds, Stopping threads took: 0.0000286 seconds
53.188: [GC (Allocation Failure)  348837K->677K(1048064K), 0.0004921 secs]
53.188: Total time for which application threads were stopped: 0.0006113 seconds, Stopping threads took: 0.0000203 seconds
53.401: [GC (Allocation Failure)  348837K->645K(1048064K), 0.0004715 secs]
53.402: Total time for which application threads were stopped: 0.0005893 seconds, Stopping threads took: 0.0000198 seconds
53.620: [GC (Allocation Failure)  348805K->677K(1048064K), 0.0005625 secs]
53.621: Total time for which application threads were stopped: 0.0006820 seconds, Stopping threads took: 0.0000207 seconds
53.834: [GC (Allocation Failure)  348837K->645K(1048064K), 0.0004388 secs]
53.834: Total time for which application threads were stopped: 0.0005528 seconds, Stopping threads took: 0.0000192 seconds
54.057: [GC (Allocation Failure)  348805K->741K(1048064K), 0.0004665 secs]
54.057: Total time for which application threads were stopped: 0.0005830 seconds, Stopping threads took: 0.0000247 seconds
54.274: [GC (Allocation Failure)  348901K->709K(1048064K), 0.0004924 secs]
54.275: Total time for which application threads were stopped: 0.0006215 seconds, Stopping threads took: 0.0000293 seconds
54.492: [GC (Allocation Failure)  348869K->677K(1048064K), 0.0005962 secs]
54.492: Total time for which application threads were stopped: 0.0007161 seconds, Stopping threads took: 0.0000201 seconds
54.708: [GC (Allocation Failure)  348837K->613K(1048064K), 0.0006445 secs]
54.708: Total time for which application threads were stopped: 0.0007646 seconds, Stopping threads took: 0.0000203 seconds
54.924: [GC (Allocation Failure)  348773K->741K(1048064K), 0.0003923 secs]
54.925: Total time for which application threads were stopped: 0.0005163 seconds, Stopping threads took: 0.0000267 seconds
55.143: [GC (Allocation Failure)  348901K->677K(1048064K), 0.0005502 secs]
55.143: Total time for which application threads were stopped: 0.0006674 seconds, Stopping threads took: 0.0000168 seconds
55.356: [GC (Allocation Failure)  348837K->645K(1048064K), 0.0005096 secs]
55.357: Total time for which application threads were stopped: 0.0006343 seconds, Stopping threads took: 0.0000273 seconds
55.577: [GC (Allocation Failure)  348805K->645K(1048064K), 0.0004720 secs]
55.577: Total time for which application threads were stopped: 0.0005929 seconds, Stopping threads took: 0.0000200 seconds
55.791: [GC (Allocation Failure)  348805K->709K(1048064K), 0.0006134 secs]
55.791: Total time for which application threads were stopped: 0.0007381 seconds, Stopping threads took: 0.0000270 seconds
56.005: [GC (Allocation Failure)  348869K->645K(1048064K), 0.0004639 secs]
56.006: Total time for which application threads were stopped: 0.0005848 seconds, Stopping threads took: 0.0000201 seconds
56.219: [GC (Allocation Failure)  348805K->741K(1048064K), 0.0005031 secs]
56.219: Total time for which application threads were stopped: 0.0006372 seconds, Stopping threads took: 0.0000360 seconds
56.433: [GC (Allocation Failure)  348901K->645K(1048064K), 0.0005339 secs]
56.433: Total time for which application threads were stopped: 0.0006419 seconds, Stopping threads took: 0.0000174 seconds
56.648: [GC (Allocation Failure)  348805K->677K(1048064K), 0.0005406 secs]
56.648: Total time for which application threads were stopped: 0.0006693 seconds, Stopping threads took: 0.0000280 seconds
56.861: [GC (Allocation Failure)  348837K->677K(1048064K), 0.0005005 secs]
56.862: Total time for which application threads were stopped: 0.0006430 seconds, Stopping threads took: 0.0000283 seconds
57.075: [GC (Allocation Failure)  348837K->709K(1048064K), 0.0004790 secs]
57.076: Total time for which application threads were stopped: 0.0006036 seconds, Stopping threads took: 0.0000264 seconds
57.295: [GC (Allocation Failure)  348869K->645K(1048064K), 0.0005726 secs]
57.296: Total time for which application threads were stopped: 0.0007082 seconds, Stopping threads took: 0.0000299 seconds
57.510: [GC (Allocation Failure)  348805K->677K(1048064K), 0.0004307 secs]
57.510: Total time for which application threads were stopped: 0.0005655 seconds, Stopping threads took: 0.0000286 seconds
57.724: [GC (Allocation Failure)  348837K->741K(1048064K), 0.0004734 secs]
57.725: Total time for which application threads were stopped: 0.0005831 seconds, Stopping threads took: 0.0000257 seconds
57.943: [GC (Allocation Failure)  348901K->645K(1048064K), 0.0005780 secs]
57.944: Total time for which application threads were stopped: 0.0007126 seconds, Stopping threads took: 0.0000204 seconds
58.163: [GC (Allocation Failure)  348805K->709K(1048064K), 0.0004855 secs]
58.163: Total time for which application threads were stopped: 0.0006063 seconds, Stopping threads took: 0.0000199 seconds
58.376: [GC (Allocation Failure)  348869K->645K(1048064K), 0.0004460 secs]
58.377: Total time for which application threads were stopped: 0.0005717 seconds, Stopping threads took: 0.0000279 seconds
58.598: [GC (Allocation Failure)  348805K->741K(1048064K), 0.0005098 secs]
58.598: Total time for which application threads were stopped: 0.0006245 seconds, Stopping threads took: 0.0000271 seconds
58.815: [GC (Allocation Failure)  348901K->613K(1048064K), 0.0005323 secs]
58.816: Total time for which application threads were stopped: 0.0006598 seconds, Stopping threads took: 0.0000207 seconds
59.029: [GC (Allocation Failure)  348773K->613K(1048064K), 0.0004807 secs]
59.030: Total time for which application threads were stopped: 0.0006004 seconds, Stopping threads took: 0.0000200 seconds
59.248: [GC (Allocation Failure)  348773K->677K(1048064K), 0.0005146 secs]
59.248: Total time for which application threads were stopped: 0.0006443 seconds, Stopping threads took: 0.0000214 seconds
59.462: [GC (Allocation Failure)  348837K->645K(1048064K), 0.0004261 secs]
59.462: Total time for which application threads were stopped: 0.0005475 seconds, Stopping threads took: 0.0000265 seconds
59.676: [GC (Allocation Failure)  348805K->677K(1048064K), 0.0004129 secs]
59.677: Total time for which application threads were stopped: 0.0005408 seconds, Stopping threads took: 0.0000287 seconds
59.896: [GC (Allocation Failure)  348837K->645K(1048064K), 0.0004582 secs]
59.897: Total time for which application threads were stopped: 0.0005840 seconds, Stopping threads took: 0.0000273 seconds
60.113: [GC (Allocation Failure)  348805K->645K(1048064K), 0.0005330 secs]
60.113: Total time for which application threads were stopped: 0.0006610 seconds, Stopping threads took: 0.0000274 seconds
60.328: [GC (Allocation Failure)  348805K->645K(1048064K), 0.0004850 secs]
60.328: Total time for which application threads were stopped: 0.0006028 seconds, Stopping threads took: 0.0000192 seconds
60.550: [GC (Allocation Failure)  348805K->613K(1048064K), 0.0005353 secs]
60.551: Total time for which application threads were stopped: 0.0006424 seconds, Stopping threads took: 0.0000198 seconds
60.768: [GC (Allocation Failure)  348773K->677K(1048064K), 0.0005076 secs]
60.768: Total time for which application threads were stopped: 0.0006309 seconds, Stopping threads took: 0.0000205 seconds
60.983: [GC (Allocation Failure)  348837K->645K(1048064K), 0.0004461 secs]
60.983: Total time for which application threads were stopped: 0.0005706 seconds, Stopping threads took: 0.0000208 seconds
61.196: [GC (Allocation Failure)  348805K->645K(1048064K), 0.0004708 secs]
61.197: Total time for which application threads were stopped: 0.0005890 seconds, Stopping threads took: 0.0000205 seconds
61.416: [GC (Allocation Failure)  348805K->645K(1048064K), 0.0005168 secs]
61.416: Total time for which application threads were stopped: 0.0006345 seconds, Stopping threads took: 0.0000255 seconds
61.631: [GC (Allocation Failure)  348805K->677K(1048064K), 0.0004792 secs]
61.632: Total time for which application threads were stopped: 0.0005979 seconds, Stopping threads took: 0.0000198 seconds
61.845: [GC (Allocation Failure)  348837K->677K(1048064K), 0.0005107 secs]
61.845: Total time for which application threads were stopped: 0.0006308 seconds, Stopping threads took: 0.0000202 seconds
62.060: [GC (Allocation Failure)  348837K->645K(1048064K), 0.0005287 secs]
62.061: Total time for which application threads were stopped: 0.0006491 seconds, Stopping threads took: 0.0000204 seconds
62.279: [GC (Allocation Failure)  348805K->677K(1048064K), 0.0004328 secs]
62.280: Total time for which application threads were stopped: 0.0005528 seconds, Stopping threads took: 0.0000200 seconds
62.494: [GC (Allocation Failure)  348837K->677K(1048064K), 0.0004703 secs]
62.494: Total time for which application threads were stopped: 0.0005967 seconds, Stopping threads took: 0.0000198 seconds
62.708: [GC (Allocation Failure)  348837K->677K(1048064K), 0.0004980 secs]
62.709: Total time for which application threads were stopped: 0.0006259 seconds, Stopping threads took: 0.0000278 seconds
62.922: [GC (Allocation Failure)  348837K->645K(1048064K), 0.0006354 secs]
62.923: Total time for which application threads were stopped: 0.0007754 seconds, Stopping threads took: 0.0000282 seconds
63.136: [GC (Allocation Failure)  348805K->709K(1048064K), 0.0005128 secs]
63.137: Total time for which application threads were stopped: 0.0006641 seconds, Stopping threads took: 0.0000525 seconds
63.355: [GC (Allocation Failure)  348869K->645K(1048064K), 0.0008028 secs]
63.356: Total time for which application threads were stopped: 0.0009106 seconds, Stopping threads took: 0.0000177 seconds
63.577: [GC (Allocation Failure)  348805K->709K(1048064K), 0.0004617 secs]
63.578: Total time for which application threads were stopped: 0.0005809 seconds, Stopping threads took: 0.0000196 seconds
63.791: [GC (Allocation Failure)  348869K->677K(1048064K), 0.0006189 secs]
63.791: Total time for which application threads were stopped: 0.0007546 seconds, Stopping threads took: 0.0000293 seconds
64.007: [GC (Allocation Failure)  348837K->677K(1048064K), 0.0004134 secs]
64.008: Total time for which application threads were stopped: 0.0005337 seconds, Stopping threads took: 0.0000266 seconds
64.221: [GC (Allocation Failure)  348837K->613K(1048064K), 0.0006478 secs]
64.222: Total time for which application threads were stopped: 0.0007670 seconds, Stopping threads took: 0.0000201 seconds
64.436: [GC (Allocation Failure)  348773K->645K(1048064K), 0.0004077 secs]
64.436: Total time for which application threads were stopped: 0.0005400 seconds, Stopping threads took: 0.0000281 seconds
64.651: [GC (Allocation Failure)  348805K->677K(1048064K), 0.0006017 secs]
64.652: Total time for which application threads were stopped: 0.0007223 seconds, Stopping threads took: 0.0000199 seconds
64.865: [GC (Allocation Failure)  348837K->677K(1048064K), 0.0005702 secs]
64.866: Total time for which application threads were stopped: 0.0006906 seconds, Stopping threads took: 0.0000207 seconds
65.087: [GC (Allocation Failure)  348837K->709K(1048064K), 0.0006942 secs]
65.088: Total time for which application threads were stopped: 0.0008208 seconds, Stopping threads took: 0.0000200 seconds
65.302: [GC (Allocation Failure)  348869K->677K(1048064K), 0.0005788 secs]
65.302: Total time for which application threads were stopped: 0.0007141 seconds, Stopping threads took: 0.0000212 seconds
65.522: [GC (Allocation Failure)  348837K->613K(1048064K), 0.0005022 secs]
65.523: Total time for which application threads were stopped: 0.0006311 seconds, Stopping threads took: 0.0000240 seconds
65.738: [GC (Allocation Failure)  348773K->613K(1048064K), 0.0004579 secs]
65.738: Total time for which application threads were stopped: 0.0005951 seconds, Stopping threads took: 0.0000205 seconds
65.953: [GC (Allocation Failure)  348773K->677K(1048064K), 0.0004160 secs]
65.953: Total time for which application threads were stopped: 0.0005382 seconds, Stopping threads took: 0.0000271 seconds
66.167: [GC (Allocation Failure)  348837K->645K(1048064K), 0.0006173 secs]
66.167: Total time for which application threads were stopped: 0.0007629 seconds, Stopping threads took: 0.0000210 seconds
66.387: [GC (Allocation Failure)  348805K->613K(1048064K), 0.0005068 secs]
66.388: Total time for which application threads were stopped: 0.0006336 seconds, Stopping threads took: 0.0000215 seconds
66.604: [GC (Allocation Failure)  348773K->677K(1048064K), 0.0005935 secs]
66.605: Total time for which application threads were stopped: 0.0007013 seconds, Stopping threads took: 0.0000195 seconds
66.821: [GC (Allocation Failure)  348837K->709K(1048064K), 0.0006030 secs]
66.822: Total time for which application threads were stopped: 0.0007185 seconds, Stopping threads took: 0.0000192 seconds
67.042: [GC (Allocation Failure)  348869K->709K(1048064K), 0.0005847 secs]
67.043: Total time for which application threads were stopped: 0.0007032 seconds, Stopping threads took: 0.0000200 seconds
67.262: [GC (Allocation Failure)  348869K->709K(1048064K), 0.0004809 secs]
67.262: Total time for which application threads were stopped: 0.0006007 seconds, Stopping threads took: 0.0000198 seconds
67.482: [GC (Allocation Failure)  348869K->677K(1048064K), 0.0004263 secs]
67.482: Total time for which application threads were stopped: 0.0005551 seconds, Stopping threads took: 0.0000282 seconds
67.696: [GC (Allocation Failure)  348837K->709K(1048064K), 0.0005460 secs]
67.697: Total time for which application threads were stopped: 0.0006651 seconds, Stopping threads took: 0.0000199 seconds
67.909: [GC (Allocation Failure)  348869K->613K(1048064K), 0.0005787 secs]
67.910: Total time for which application threads were stopped: 0.0007174 seconds, Stopping threads took: 0.0000359 seconds
68.124: [GC (Allocation Failure)  348773K->645K(1048064K), 0.0004746 secs]
68.125: Total time for which application threads were stopped: 0.0006023 seconds, Stopping threads took: 0.0000268 seconds
68.341: [GC (Allocation Failure)  348805K->613K(1048064K), 0.0004943 secs]
68.342: Total time for which application threads were stopped: 0.0006227 seconds, Stopping threads took: 0.0000279 seconds
68.556: [GC (Allocation Failure)  348773K->613K(1048064K), 0.0005562 secs]
68.557: Total time for which application threads were stopped: 0.0006802 seconds, Stopping threads took: 0.0000282 seconds
68.775: [GC (Allocation Failure)  348773K->677K(1048064K), 0.0005044 secs]
68.775: Total time for which application threads were stopped: 0.0006304 seconds, Stopping threads took: 0.0000204 seconds
68.989: [GC (Allocation Failure)  348837K->645K(1048064K), 0.0005801 secs]
68.990: Total time for which application threads were stopped: 0.0007266 seconds, Stopping threads took: 0.0000228 seconds
69.203: [GC (Allocation Failure)  348805K->645K(1048064K), 0.0004884 secs]
69.203: Total time for which application threads were stopped: 0.0006242 seconds, Stopping threads took: 0.0000210 seconds
69.417: [GC (Allocation Failure)  348805K->677K(1048064K), 0.0004404 secs]
69.417: Total time for which application threads were stopped: 0.0005769 seconds, Stopping threads took: 0.0000305 seconds
69.632: [GC (Allocation Failure)  348837K->645K(1048064K), 0.0005951 secs]
69.632: Total time for which application threads were stopped: 0.0007011 seconds, Stopping threads took: 0.0000173 seconds
69.846: [GC (Allocation Failure)  348805K->709K(1048064K), 0.0006458 secs]
69.846: Total time for which application threads were stopped: 0.0007742 seconds, Stopping threads took: 0.0000282 seconds
70.067: [GC (Allocation Failure)  348869K->613K(1048064K), 0.0004645 secs]
70.068: Total time for which application threads were stopped: 0.0006002 seconds, Stopping threads took: 0.0000275 seconds
70.285: [GC (Allocation Failure)  348773K->613K(1048064K), 0.0006257 secs]
70.286: Total time for which application threads were stopped: 0.0007426 seconds, Stopping threads took: 0.0000198 seconds
70.504: [GC (Allocation Failure)  348773K->645K(1048064K), 0.0004115 secs]
70.505: Total time for which application threads were stopped: 0.0005562 seconds, Stopping threads took: 0.0000282 seconds
70.726: [GC (Allocation Failure)  348805K->613K(1048064K), 0.0005252 secs]
70.726: Total time for which application threads were stopped: 0.0006450 seconds, Stopping threads took: 0.0000197 seconds
70.941: [GC (Allocation Failure)  348773K->677K(1048064K), 0.0004843 secs]
70.942: Total time for which application threads were stopped: 0.0006104 seconds, Stopping threads took: 0.0000269 seconds
71.156: [GC (Allocation Failure)  348837K->677K(1048064K), 0.0004457 secs]
71.157: Total time for which application threads were stopped: 0.0005661 seconds, Stopping threads took: 0.0000205 seconds
