Java HotSpot(TM) 64-Bit Server VM (25.171-b11) for linux-amd64 JRE (1.8.0_171-b11), built on Mar 28 2018 17:07:08 by "java_re" with gcc 4.3.0 20080428 (Red Hat 4.3.0-8)
Memory: 4k page, physical 32883000k(29419664k free), swap 8000508k(8000508k free)
CommandLine flags: -XX:InitialHeapSize=1073741824 -XX:MaxHeapSize=1073741824 -XX:+PrintGC -XX:+PrintGCApplicationStoppedTime -XX:+PrintGCTimeStamps -XX:+UseCompressedClassPointers -XX:+UseCompressedOops -XX:+UseParallelGC 
0.512: [GC (Allocation Failure)  262144K->2485K(1005056K), 0.0021933 secs]
0.514: Total time for which application threads were stopped: 0.0023815 seconds, Stopping threads took: 0.0000220 seconds
0.681: [GC (Allocation Failure)  264629K->592K(1005056K), 0.0009497 secs]
0.682: Total time for which application threads were stopped: 0.0011014 seconds, Stopping threads took: 0.0000280 seconds
0.844: [GC (Allocation Failure)  262736K->600K(1005056K), 0.0010111 secs]
0.845: Total time for which application threads were stopped: 0.0011473 seconds, Stopping threads took: 0.0000201 seconds
1.012: [GC (Allocation Failure)  262744K->616K(1005056K), 0.0013237 secs]
1.013: Total time for which application threads were stopped: 0.0014641 seconds, Stopping threads took: 0.0000186 seconds
1.177: [GC (Allocation Failure)  262760K->584K(1005056K), 0.0010114 secs]
1.178: Total time for which application threads were stopped: 0.0011288 seconds, Stopping threads took: 0.0000181 seconds
1.349: [GC (Allocation Failure)  262728K->584K(1046016K), 0.0011376 secs]
1.350: Total time for which application threads were stopped: 0.0012599 seconds, Stopping threads took: 0.0000304 seconds
1.585: [GC (Allocation Failure)  344648K->553K(1046016K), 0.0008954 secs]
1.586: Total time for which application threads were stopped: 0.0010268 seconds, Stopping threads took: 0.0000281 seconds
1.800: [GC (Allocation Failure)  344617K->617K(1046016K), 0.0004850 secs]
1.801: Total time for which application threads were stopped: 0.0006068 seconds, Stopping threads took: 0.0000270 seconds
2.017: [GC (Allocation Failure)  344681K->617K(1046016K), 0.0004729 secs]
2.017: Total time for which application threads were stopped: 0.0006003 seconds, Stopping threads took: 0.0000274 seconds
2.235: [GC (Allocation Failure)  344681K->617K(1046016K), 0.0004620 secs]
2.236: Total time for which application threads were stopped: 0.0005795 seconds, Stopping threads took: 0.0000199 seconds
2.446: [GC (Allocation Failure)  344681K->649K(1046016K), 0.0006167 secs]
2.447: Total time for which application threads were stopped: 0.0007570 seconds, Stopping threads took: 0.0000196 seconds
2.658: [GC (Allocation Failure)  344713K->713K(1046528K), 0.0004731 secs]
2.659: Total time for which application threads were stopped: 0.0006044 seconds, Stopping threads took: 0.0000264 seconds
2.870: [GC (Allocation Failure)  345801K->649K(1046528K), 0.0004913 secs]
2.871: Total time for which application threads were stopped: 0.0006263 seconds, Stopping threads took: 0.0000202 seconds
3.082: [GC (Allocation Failure)  345737K->681K(1046528K), 0.0006629 secs]
3.083: Total time for which application threads were stopped: 0.0008014 seconds, Stopping threads took: 0.0000265 seconds
3.296: [GC (Allocation Failure)  345769K->665K(1046528K), 0.0004670 secs]
3.296: Total time for which application threads were stopped: 0.0005820 seconds, Stopping threads took: 0.0000184 seconds
3.513: [GC (Allocation Failure)  345753K->633K(1046528K), 0.0005877 secs]
3.514: Total time for which application threads were stopped: 0.0007186 seconds, Stopping threads took: 0.0000195 seconds
3.727: [GC (Allocation Failure)  345721K->729K(1046528K), 0.0004751 secs]
3.728: Total time for which application threads were stopped: 0.0005929 seconds, Stopping threads took: 0.0000195 seconds
3.940: [GC (Allocation Failure)  345817K->665K(1047040K), 0.0004832 secs]
3.941: Total time for which application threads were stopped: 0.0006198 seconds, Stopping threads took: 0.0000208 seconds
4.056: Total time for which application threads were stopped: 0.0001173 seconds, Stopping threads took: 0.0000483 seconds
4.160: [GC (Allocation Failure)  346777K->665K(1047040K), 0.0004888 secs]
4.160: Total time for which application threads were stopped: 0.0006302 seconds, Stopping threads took: 0.0000267 seconds
4.376: [GC (Allocation Failure)  346777K->665K(1047040K), 0.0005256 secs]
4.377: Total time for which application threads were stopped: 0.0006437 seconds, Stopping threads took: 0.0000196 seconds
4.596: [GC (Allocation Failure)  346777K->633K(1047040K), 0.0003976 secs]
4.597: Total time for which application threads were stopped: 0.0005267 seconds, Stopping threads took: 0.0000270 seconds
4.810: [GC (Allocation Failure)  346745K->665K(1047040K), 0.0004939 secs]
4.810: Total time for which application threads were stopped: 0.0006255 seconds, Stopping threads took: 0.0000267 seconds
5.025: [GC (Allocation Failure)  346777K->601K(1047040K), 0.0005703 secs]
5.026: Total time for which application threads were stopped: 0.0006981 seconds, Stopping threads took: 0.0000196 seconds
5.244: [GC (Allocation Failure)  346713K->665K(1047040K), 0.0004692 secs]
5.245: Total time for which application threads were stopped: 0.0005925 seconds, Stopping threads took: 0.0000187 seconds
5.456: [GC (Allocation Failure)  346777K->633K(1047040K), 0.0005368 secs]
5.457: Total time for which application threads were stopped: 0.0006538 seconds, Stopping threads took: 0.0000192 seconds
5.676: [GC (Allocation Failure)  346745K->665K(1047552K), 0.0005704 secs]
5.676: Total time for which application threads were stopped: 0.0006886 seconds, Stopping threads took: 0.0000195 seconds
5.889: [GC (Allocation Failure)  347801K->633K(1047552K), 0.0004636 secs]
5.889: Total time for which application threads were stopped: 0.0005904 seconds, Stopping threads took: 0.0000185 seconds
6.109: [GC (Allocation Failure)  347769K->665K(1047552K), 0.0004452 secs]
6.110: Total time for which application threads were stopped: 0.0005650 seconds, Stopping threads took: 0.0000261 seconds
6.327: [GC (Allocation Failure)  347801K->697K(1047552K), 0.0004565 secs]
6.328: Total time for which application threads were stopped: 0.0005543 seconds, Stopping threads took: 0.0000171 seconds
6.541: [GC (Allocation Failure)  347833K->665K(1047552K), 0.0004453 secs]
6.541: Total time for which application threads were stopped: 0.0005790 seconds, Stopping threads took: 0.0000190 seconds
6.753: [GC (Allocation Failure)  347801K->665K(1047552K), 0.0005221 secs]
6.754: Total time for which application threads were stopped: 0.0006602 seconds, Stopping threads took: 0.0000285 seconds
6.966: [GC (Allocation Failure)  347801K->601K(1047552K), 0.0005479 secs]
6.966: Total time for which application threads were stopped: 0.0006880 seconds, Stopping threads took: 0.0000271 seconds
7.185: [GC (Allocation Failure)  347737K->633K(1047552K), 0.0003771 secs]
7.186: Total time for which application threads were stopped: 0.0004816 seconds, Stopping threads took: 0.0000169 seconds
7.398: [GC (Allocation Failure)  347769K->665K(1047552K), 0.0004715 secs]
7.399: Total time for which application threads were stopped: 0.0005985 seconds, Stopping threads took: 0.0000279 seconds
7.611: [GC (Allocation Failure)  347801K->601K(1047552K), 0.0005641 secs]
7.612: Total time for which application threads were stopped: 0.0006846 seconds, Stopping threads took: 0.0000200 seconds
7.831: [GC (Allocation Failure)  347737K->633K(1048064K), 0.0004955 secs]
7.832: Total time for which application threads were stopped: 0.0006141 seconds, Stopping threads took: 0.0000194 seconds
8.049: [GC (Allocation Failure)  348281K->697K(1047552K), 0.0004067 secs]
8.050: Total time for which application threads were stopped: 0.0005295 seconds, Stopping threads took: 0.0000255 seconds
8.263: [GC (Allocation Failure)  348345K->633K(1048064K), 0.0005308 secs]
8.263: Total time for which application threads were stopped: 0.0006379 seconds, Stopping threads took: 0.0000186 seconds
8.476: [GC (Allocation Failure)  348793K->665K(1048064K), 0.0004496 secs]
8.477: Total time for which application threads were stopped: 0.0005686 seconds, Stopping threads took: 0.0000187 seconds
8.691: [GC (Allocation Failure)  348825K->633K(1048064K), 0.0004938 secs]
8.692: Total time for which application threads were stopped: 0.0006204 seconds, Stopping threads took: 0.0000195 seconds
8.904: [GC (Allocation Failure)  348793K->665K(1048064K), 0.0004621 secs]
8.904: Total time for which application threads were stopped: 0.0005916 seconds, Stopping threads took: 0.0000278 seconds
9.123: [GC (Allocation Failure)  348825K->633K(1048064K), 0.0007555 secs]
9.124: Total time for which application threads were stopped: 0.0008831 seconds, Stopping threads took: 0.0000268 seconds
9.342: [GC (Allocation Failure)  348793K->633K(1048064K), 0.0004641 secs]
9.343: Total time for which application threads were stopped: 0.0005844 seconds, Stopping threads took: 0.0000198 seconds
9.556: [GC (Allocation Failure)  348793K->633K(1048064K), 0.0004153 secs]
9.556: Total time for which application threads were stopped: 0.0005442 seconds, Stopping threads took: 0.0000275 seconds
9.768: [GC (Allocation Failure)  348793K->697K(1048064K), 0.0004807 secs]
9.769: Total time for which application threads were stopped: 0.0006144 seconds, Stopping threads took: 0.0000279 seconds
9.981: [GC (Allocation Failure)  348857K->665K(1048064K), 0.0006174 secs]
9.982: Total time for which application threads were stopped: 0.0007530 seconds, Stopping threads took: 0.0000209 seconds
10.197: [GC (Allocation Failure)  348825K->665K(1048064K), 0.0005299 secs]
10.198: Total time for which application threads were stopped: 0.0006372 seconds, Stopping threads took: 0.0000168 seconds
10.415: [GC (Allocation Failure)  348825K->633K(1048064K), 0.0005268 secs]
10.416: Total time for which application threads were stopped: 0.0006334 seconds, Stopping threads took: 0.0000168 seconds
10.628: [GC (Allocation Failure)  348793K->633K(1048064K), 0.0004545 secs]
10.628: Total time for which application threads were stopped: 0.0005617 seconds, Stopping threads took: 0.0000170 seconds
10.840: [GC (Allocation Failure)  348793K->697K(1048064K), 0.0005274 secs]
10.841: Total time for which application threads were stopped: 0.0006471 seconds, Stopping threads took: 0.0000192 seconds
11.054: [GC (Allocation Failure)  348857K->665K(1048064K), 0.0004233 secs]
11.054: Total time for which application threads were stopped: 0.0005458 seconds, Stopping threads took: 0.0000193 seconds
11.274: [GC (Allocation Failure)  348825K->601K(1048064K), 0.0006654 secs]
11.275: Total time for which application threads were stopped: 0.0008078 seconds, Stopping threads took: 0.0000278 seconds
11.489: [GC (Allocation Failure)  348761K->633K(1048064K), 0.0004689 secs]
11.490: Total time for which application threads were stopped: 0.0005911 seconds, Stopping threads took: 0.0000192 seconds
11.704: [GC (Allocation Failure)  348793K->665K(1048064K), 0.0005593 secs]
11.705: Total time for which application threads were stopped: 0.0006820 seconds, Stopping threads took: 0.0000195 seconds
11.918: [GC (Allocation Failure)  348825K->633K(1048064K), 0.0004388 secs]
11.919: Total time for which application threads were stopped: 0.0005510 seconds, Stopping threads took: 0.0000184 seconds
12.140: [GC (Allocation Failure)  348793K->601K(1048064K), 0.0004268 secs]
12.140: Total time for which application threads were stopped: 0.0005551 seconds, Stopping threads took: 0.0000174 seconds
12.355: [GC (Allocation Failure)  348761K->633K(1048064K), 0.0004368 secs]
12.356: Total time for which application threads were stopped: 0.0005418 seconds, Stopping threads took: 0.0000168 seconds
12.569: [GC (Allocation Failure)  348793K->633K(1048064K), 0.0004159 secs]
12.570: Total time for which application threads were stopped: 0.0005623 seconds, Stopping threads took: 0.0000262 seconds
12.782: [GC (Allocation Failure)  348793K->665K(1048064K), 0.0006564 secs]
12.782: Total time for which application threads were stopped: 0.0007997 seconds, Stopping threads took: 0.0000213 seconds
12.994: [GC (Allocation Failure)  348825K->633K(1048064K), 0.0005245 secs]
12.995: Total time for which application threads were stopped: 0.0006554 seconds, Stopping threads took: 0.0000272 seconds
13.214: [GC (Allocation Failure)  348793K->601K(1048064K), 0.0005741 secs]
13.215: Total time for which application threads were stopped: 0.0007096 seconds, Stopping threads took: 0.0000189 seconds
13.427: [GC (Allocation Failure)  348761K->633K(1048064K), 0.0004838 secs]
13.427: Total time for which application threads were stopped: 0.0006140 seconds, Stopping threads took: 0.0000276 seconds
13.640: [GC (Allocation Failure)  348793K->633K(1048064K), 0.0004891 secs]
13.640: Total time for which application threads were stopped: 0.0006226 seconds, Stopping threads took: 0.0000192 seconds
13.856: [GC (Allocation Failure)  348793K->633K(1048064K), 0.0004554 secs]
13.857: Total time for which application threads were stopped: 0.0005776 seconds, Stopping threads took: 0.0000211 seconds
14.076: [GC (Allocation Failure)  348793K->633K(1048064K), 0.0004053 secs]
14.077: Total time for which application threads were stopped: 0.0005299 seconds, Stopping threads took: 0.0000262 seconds
14.291: [GC (Allocation Failure)  348793K->665K(1048064K), 0.0004872 secs]
14.292: Total time for which application threads were stopped: 0.0006248 seconds, Stopping threads took: 0.0000194 seconds
14.509: [GC (Allocation Failure)  348825K->665K(1048064K), 0.0004743 secs]
14.510: Total time for which application threads were stopped: 0.0005952 seconds, Stopping threads took: 0.0000194 seconds
14.724: [GC (Allocation Failure)  348825K->633K(1048064K), 0.0007033 secs]
14.725: Total time for which application threads were stopped: 0.0008314 seconds, Stopping threads took: 0.0000272 seconds
14.939: [GC (Allocation Failure)  348793K->633K(1048064K), 0.0005965 secs]
14.940: Total time for which application threads were stopped: 0.0007193 seconds, Stopping threads took: 0.0000198 seconds
15.161: [GC (Allocation Failure)  348793K->665K(1048064K), 0.0004666 secs]
15.162: Total time for which application threads were stopped: 0.0005956 seconds, Stopping threads took: 0.0000282 seconds
15.375: [GC (Allocation Failure)  348825K->665K(1048064K), 0.0005117 secs]
15.375: Total time for which application threads were stopped: 0.0006326 seconds, Stopping threads took: 0.0000199 seconds
15.588: [GC (Allocation Failure)  348825K->665K(1048064K), 0.0004190 secs]
15.588: Total time for which application threads were stopped: 0.0005505 seconds, Stopping threads took: 0.0000194 seconds
15.807: [GC (Allocation Failure)  348825K->665K(1048064K), 0.0004610 secs]
15.808: Total time for which application threads were stopped: 0.0005893 seconds, Stopping threads took: 0.0000189 seconds
16.021: [GC (Allocation Failure)  348825K->633K(1048064K), 0.0004807 secs]
16.022: Total time for which application threads were stopped: 0.0006002 seconds, Stopping threads took: 0.0000196 seconds
16.239: [GC (Allocation Failure)  348793K->729K(1048064K), 0.0004955 secs]
16.239: Total time for which application threads were stopped: 0.0006163 seconds, Stopping threads took: 0.0000196 seconds
16.452: [GC (Allocation Failure)  348889K->665K(1048064K), 0.0004820 secs]
16.452: Total time for which application threads were stopped: 0.0006107 seconds, Stopping threads took: 0.0000279 seconds
16.665: [GC (Allocation Failure)  348825K->665K(1048064K), 0.0004629 secs]
16.665: Total time for which application threads were stopped: 0.0005848 seconds, Stopping threads took: 0.0000264 seconds
16.877: [GC (Allocation Failure)  348825K->665K(1048064K), 0.0004641 secs]
16.878: Total time for which application threads were stopped: 0.0005888 seconds, Stopping threads took: 0.0000272 seconds
17.090: [GC (Allocation Failure)  348825K->697K(1048064K), 0.0004471 secs]
17.091: Total time for which application threads were stopped: 0.0005685 seconds, Stopping threads took: 0.0000261 seconds
17.304: [GC (Allocation Failure)  348857K->697K(1048064K), 0.0004688 secs]
17.304: Total time for which application threads were stopped: 0.0005778 seconds, Stopping threads took: 0.0000169 seconds
17.520: [GC (Allocation Failure)  348857K->665K(1048064K), 0.0004582 secs]
17.521: Total time for which application threads were stopped: 0.0006158 seconds, Stopping threads took: 0.0000196 seconds
17.739: [GC (Allocation Failure)  348825K->665K(1048064K), 0.0004595 secs]
17.740: Total time for which application threads were stopped: 0.0005716 seconds, Stopping threads took: 0.0000186 seconds
17.952: [GC (Allocation Failure)  348825K->729K(1048064K), 0.0005424 secs]
17.952: Total time for which application threads were stopped: 0.0006786 seconds, Stopping threads took: 0.0000197 seconds
18.166: [GC (Allocation Failure)  348889K->633K(1048064K), 0.0006237 secs]
18.166: Total time for which application threads were stopped: 0.0007689 seconds, Stopping threads took: 0.0000280 seconds
18.378: [GC (Allocation Failure)  348793K->633K(1048064K), 0.0004655 secs]
18.379: Total time for which application threads were stopped: 0.0005861 seconds, Stopping threads took: 0.0000194 seconds
18.592: [GC (Allocation Failure)  348793K->697K(1048064K), 0.0004488 secs]
18.593: Total time for which application threads were stopped: 0.0005694 seconds, Stopping threads took: 0.0000197 seconds
18.805: [GC (Allocation Failure)  348857K->665K(1048064K), 0.0005934 secs]
18.805: Total time for which application threads were stopped: 0.0007166 seconds, Stopping threads took: 0.0000204 seconds
19.024: [GC (Allocation Failure)  348825K->697K(1048064K), 0.0004710 secs]
19.025: Total time for which application threads were stopped: 0.0005904 seconds, Stopping threads took: 0.0000189 seconds
19.241: [GC (Allocation Failure)  348857K->633K(1048064K), 0.0004905 secs]
19.242: Total time for which application threads were stopped: 0.0006096 seconds, Stopping threads took: 0.0000198 seconds
19.457: [GC (Allocation Failure)  348793K->633K(1048064K), 0.0004867 secs]
19.458: Total time for which application threads were stopped: 0.0006172 seconds, Stopping threads took: 0.0000196 seconds
19.670: [GC (Allocation Failure)  348793K->633K(1048064K), 0.0004788 secs]
19.671: Total time for which application threads were stopped: 0.0006131 seconds, Stopping threads took: 0.0000197 seconds
19.883: [GC (Allocation Failure)  348793K->633K(1048064K), 0.0004645 secs]
19.883: Total time for which application threads were stopped: 0.0005837 seconds, Stopping threads took: 0.0000190 seconds
20.100: [GC (Allocation Failure)  348793K->633K(1048064K), 0.0003937 secs]
20.101: Total time for which application threads were stopped: 0.0005100 seconds, Stopping threads took: 0.0000257 seconds
20.313: [GC (Allocation Failure)  348793K->665K(1048064K), 0.0004362 secs]
20.314: Total time for which application threads were stopped: 0.0005781 seconds, Stopping threads took: 0.0000273 seconds
20.531: [GC (Allocation Failure)  348825K->665K(1048064K), 0.0005924 secs]
20.532: Total time for which application threads were stopped: 0.0007125 seconds, Stopping threads took: 0.0000197 seconds
20.750: [GC (Allocation Failure)  348825K->633K(1048064K), 0.0004647 secs]
20.750: Total time for which application threads were stopped: 0.0006042 seconds, Stopping threads took: 0.0000273 seconds
20.962: [GC (Allocation Failure)  348793K->697K(1048064K), 0.0005826 secs]
20.963: Total time for which application threads were stopped: 0.0007059 seconds, Stopping threads took: 0.0000189 seconds
21.176: [GC (Allocation Failure)  348857K->601K(1048064K), 0.0004591 secs]
21.177: Total time for which application threads were stopped: 0.0005797 seconds, Stopping threads took: 0.0000193 seconds
21.389: [GC (Allocation Failure)  348761K->665K(1048064K), 0.0004239 secs]
21.390: Total time for which application threads were stopped: 0.0005629 seconds, Stopping threads took: 0.0000247 seconds
21.607: [GC (Allocation Failure)  348825K->697K(1048064K), 0.0005716 secs]
21.608: Total time for which application threads were stopped: 0.0007016 seconds, Stopping threads took: 0.0000278 seconds
21.827: [GC (Allocation Failure)  348857K->601K(1048064K), 0.0006065 secs]
21.828: Total time for which application threads were stopped: 0.0007257 seconds, Stopping threads took: 0.0000193 seconds
22.045: [GC (Allocation Failure)  348761K->601K(1048064K), 0.0006390 secs]
22.046: Total time for which application threads were stopped: 0.0007721 seconds, Stopping threads took: 0.0000187 seconds
22.264: [GC (Allocation Failure)  348761K->633K(1048064K), 0.0005744 secs]
22.265: Total time for which application threads were stopped: 0.0006860 seconds, Stopping threads took: 0.0000168 seconds
22.477: [GC (Allocation Failure)  348793K->633K(1048064K), 0.0004934 secs]
22.478: Total time for which application threads were stopped: 0.0006298 seconds, Stopping threads took: 0.0000190 seconds
22.697: [GC (Allocation Failure)  348793K->633K(1048064K), 0.0004886 secs]
22.697: Total time for which application threads were stopped: 0.0006094 seconds, Stopping threads took: 0.0000250 seconds
22.915: [GC (Allocation Failure)  348793K->633K(1048064K), 0.0004666 secs]
22.915: Total time for which application threads were stopped: 0.0005914 seconds, Stopping threads took: 0.0000267 seconds
23.129: [GC (Allocation Failure)  348793K->633K(1048064K), 0.0004572 secs]
23.129: Total time for which application threads were stopped: 0.0005844 seconds, Stopping threads took: 0.0000265 seconds
23.344: [GC (Allocation Failure)  348793K->633K(1048064K), 0.0005643 secs]
23.345: Total time for which application threads were stopped: 0.0006954 seconds, Stopping threads took: 0.0000279 seconds
23.557: [GC (Allocation Failure)  348793K->633K(1048064K), 0.0004783 secs]
23.557: Total time for which application threads were stopped: 0.0006005 seconds, Stopping threads took: 0.0000193 seconds
23.769: [GC (Allocation Failure)  348793K->633K(1048064K), 0.0005553 secs]
23.770: Total time for which application threads were stopped: 0.0006961 seconds, Stopping threads took: 0.0000278 seconds
23.982: [GC (Allocation Failure)  348793K->601K(1048064K), 0.0005874 secs]
23.983: Total time for which application threads were stopped: 0.0007135 seconds, Stopping threads took: 0.0000273 seconds
24.197: [GC (Allocation Failure)  348761K->665K(1048064K), 0.0004789 secs]
24.197: Total time for which application threads were stopped: 0.0006046 seconds, Stopping threads took: 0.0000275 seconds
24.415: [GC (Allocation Failure)  348825K->633K(1048064K), 0.0004798 secs]
24.415: Total time for which application threads were stopped: 0.0006054 seconds, Stopping threads took: 0.0000271 seconds
24.634: [GC (Allocation Failure)  348793K->601K(1048064K), 0.0005562 secs]
24.635: Total time for which application threads were stopped: 0.0006886 seconds, Stopping threads took: 0.0000189 seconds
24.853: [GC (Allocation Failure)  348761K->665K(1048064K), 0.0004647 secs]
24.853: Total time for which application threads were stopped: 0.0005838 seconds, Stopping threads took: 0.0000196 seconds
25.067: [GC (Allocation Failure)  348825K->697K(1048064K), 0.0004319 secs]
25.067: Total time for which application threads were stopped: 0.0005569 seconds, Stopping threads took: 0.0000191 seconds
25.284: [GC (Allocation Failure)  348857K->633K(1048064K), 0.0004724 secs]
25.285: Total time for which application threads were stopped: 0.0006074 seconds, Stopping threads took: 0.0000279 seconds
25.499: [GC (Allocation Failure)  348793K->665K(1048064K), 0.0005554 secs]
25.500: Total time for which application threads were stopped: 0.0006836 seconds, Stopping threads took: 0.0000277 seconds
25.714: [GC (Allocation Failure)  348825K->665K(1048064K), 0.0005689 secs]
25.715: Total time for which application threads were stopped: 0.0007078 seconds, Stopping threads took: 0.0000200 seconds
25.928: [GC (Allocation Failure)  348825K->729K(1048064K), 0.0004982 secs]
25.929: Total time for which application threads were stopped: 0.0006188 seconds, Stopping threads took: 0.0000196 seconds
26.145: [GC (Allocation Failure)  348889K->697K(1048064K), 0.0006942 secs]
26.146: Total time for which application threads were stopped: 0.0008196 seconds, Stopping threads took: 0.0000247 seconds
26.358: [GC (Allocation Failure)  348857K->633K(1048064K), 0.0004854 secs]
26.359: Total time for which application threads were stopped: 0.0006096 seconds, Stopping threads took: 0.0000194 seconds
26.571: [GC (Allocation Failure)  348793K->633K(1048064K), 0.0004899 secs]
26.572: Total time for which application threads were stopped: 0.0006127 seconds, Stopping threads took: 0.0000192 seconds
26.791: [GC (Allocation Failure)  348793K->697K(1048064K), 0.0004533 secs]
26.791: Total time for which application threads were stopped: 0.0005646 seconds, Stopping threads took: 0.0000178 seconds
27.005: [GC (Allocation Failure)  348857K->633K(1048064K), 0.0004950 secs]
27.005: Total time for which application threads were stopped: 0.0006152 seconds, Stopping threads took: 0.0000196 seconds
27.224: [GC (Allocation Failure)  348793K->601K(1048064K), 0.0005852 secs]
27.225: Total time for which application threads were stopped: 0.0007197 seconds, Stopping threads took: 0.0000193 seconds
27.443: [GC (Allocation Failure)  348761K->665K(1048064K), 0.0004628 secs]
27.443: Total time for which application threads were stopped: 0.0005850 seconds, Stopping threads took: 0.0000200 seconds
27.658: [GC (Allocation Failure)  348825K->601K(1048064K), 0.0004776 secs]
27.658: Total time for which application threads were stopped: 0.0006086 seconds, Stopping threads took: 0.0000281 seconds
27.876: [GC (Allocation Failure)  348761K->633K(1048064K), 0.0004604 secs]
27.877: Total time for which application threads were stopped: 0.0005773 seconds, Stopping threads took: 0.0000198 seconds
28.095: [GC (Allocation Failure)  348793K->601K(1048064K), 0.0005098 secs]
28.095: Total time for which application threads were stopped: 0.0006322 seconds, Stopping threads took: 0.0000196 seconds
28.314: [GC (Allocation Failure)  348761K->633K(1048064K), 0.0005006 secs]
28.315: Total time for which application threads were stopped: 0.0006295 seconds, Stopping threads took: 0.0000280 seconds
28.527: [GC (Allocation Failure)  348793K->633K(1048064K), 0.0005695 secs]
28.527: Total time for which application threads were stopped: 0.0006917 seconds, Stopping threads took: 0.0000199 seconds
28.740: [GC (Allocation Failure)  348793K->697K(1048064K), 0.0005055 secs]
28.741: Total time for which application threads were stopped: 0.0006274 seconds, Stopping threads took: 0.0000195 seconds
28.959: [GC (Allocation Failure)  348857K->665K(1048064K), 0.0006241 secs]
28.960: Total time for which application threads were stopped: 0.0007407 seconds, Stopping threads took: 0.0000191 seconds
29.180: [GC (Allocation Failure)  348825K->633K(1048064K), 0.0004227 secs]
29.181: Total time for which application threads were stopped: 0.0005307 seconds, Stopping threads took: 0.0000172 seconds
29.393: [GC (Allocation Failure)  348793K->665K(1048064K), 0.0004827 secs]
29.393: Total time for which application threads were stopped: 0.0006052 seconds, Stopping threads took: 0.0000195 seconds
29.606: [GC (Allocation Failure)  348825K->665K(1048064K), 0.0004761 secs]
29.606: Total time for which application threads were stopped: 0.0006064 seconds, Stopping threads took: 0.0000277 seconds
29.818: [GC (Allocation Failure)  348825K->633K(1048064K), 0.0004597 secs]
29.818: Total time for which application threads were stopped: 0.0005770 seconds, Stopping threads took: 0.0000189 seconds
30.035: [GC (Allocation Failure)  348793K->601K(1048064K), 0.0005341 secs]
30.036: Total time for which application threads were stopped: 0.0006546 seconds, Stopping threads took: 0.0000199 seconds
30.256: [GC (Allocation Failure)  348761K->633K(1048064K), 0.0004963 secs]
30.256: Total time for which application threads were stopped: 0.0006272 seconds, Stopping threads took: 0.0000280 seconds
30.470: [GC (Allocation Failure)  348793K->665K(1048064K), 0.0005066 secs]
30.470: Total time for which application threads were stopped: 0.0006265 seconds, Stopping threads took: 0.0000197 seconds
30.691: [GC (Allocation Failure)  348825K->633K(1048064K), 0.0005181 secs]
30.691: Total time for which application threads were stopped: 0.0006458 seconds, Stopping threads took: 0.0000260 seconds
30.909: [GC (Allocation Failure)  348793K->633K(1048064K), 0.0004851 secs]
30.910: Total time for which application threads were stopped: 0.0006320 seconds, Stopping threads took: 0.0000193 seconds
31.122: [GC (Allocation Failure)  348793K->665K(1048064K), 0.0004185 secs]
31.122: Total time for which application threads were stopped: 0.0005364 seconds, Stopping threads took: 0.0000192 seconds
31.336: [GC (Allocation Failure)  348825K->665K(1048064K), 0.0004666 secs]
31.336: Total time for which application threads were stopped: 0.0005843 seconds, Stopping threads took: 0.0000192 seconds
31.549: [GC (Allocation Failure)  348825K->665K(1048064K), 0.0005264 secs]
31.549: Total time for which application threads were stopped: 0.0006448 seconds, Stopping threads took: 0.0000197 seconds
31.767: [GC (Allocation Failure)  348825K->697K(1048064K), 0.0004352 secs]
31.767: Total time for which application threads were stopped: 0.0005534 seconds, Stopping threads took: 0.0000192 seconds
31.984: [GC (Allocation Failure)  348857K->633K(1048064K), 0.0005325 secs]
31.984: Total time for which application threads were stopped: 0.0006706 seconds, Stopping threads took: 0.0000283 seconds
32.205: [GC (Allocation Failure)  348793K->601K(1048064K), 0.0004451 secs]
32.205: Total time for which application threads were stopped: 0.0005476 seconds, Stopping threads took: 0.0000173 seconds
32.418: [GC (Allocation Failure)  348761K->665K(1048064K), 0.0005135 secs]
32.419: Total time for which application threads were stopped: 0.0006692 seconds, Stopping threads took: 0.0000202 seconds
32.633: [GC (Allocation Failure)  348825K->601K(1048064K), 0.0004095 secs]
32.633: Total time for which application threads were stopped: 0.0005825 seconds, Stopping threads took: 0.0000536 seconds
32.850: [GC (Allocation Failure)  348761K->633K(1048064K), 0.0004863 secs]
32.851: Total time for which application threads were stopped: 0.0006279 seconds, Stopping threads took: 0.0000197 seconds
33.063: [GC (Allocation Failure)  348793K->665K(1048064K), 0.0004717 secs]
33.063: Total time for which application threads were stopped: 0.0005899 seconds, Stopping threads took: 0.0000195 seconds
33.277: [GC (Allocation Failure)  348825K->601K(1048064K), 0.0004628 secs]
33.278: Total time for which application threads were stopped: 0.0005804 seconds, Stopping threads took: 0.0000195 seconds
33.490: [GC (Allocation Failure)  348761K->601K(1048064K), 0.0005348 secs]
33.490: Total time for which application threads were stopped: 0.0006608 seconds, Stopping threads took: 0.0000274 seconds
33.709: [GC (Allocation Failure)  348761K->665K(1048064K), 0.0004947 secs]
33.710: Total time for which application threads were stopped: 0.0006309 seconds, Stopping threads took: 0.0000277 seconds
33.927: [GC (Allocation Failure)  348825K->665K(1048064K), 0.0004876 secs]
33.927: Total time for which application threads were stopped: 0.0006225 seconds, Stopping threads took: 0.0000196 seconds
34.139: [GC (Allocation Failure)  348825K->697K(1048064K), 0.0003815 secs]
34.140: Total time for which application threads were stopped: 0.0005171 seconds, Stopping threads took: 0.0000251 seconds
34.352: [GC (Allocation Failure)  348857K->601K(1048064K), 0.0004549 secs]
34.352: Total time for which application threads were stopped: 0.0005915 seconds, Stopping threads took: 0.0000276 seconds
34.564: [GC (Allocation Failure)  348761K->601K(1048064K), 0.0006947 secs]
34.565: Total time for which application threads were stopped: 0.0008283 seconds, Stopping threads took: 0.0000190 seconds
34.778: [GC (Allocation Failure)  348761K->665K(1048064K), 0.0004537 secs]
34.778: Total time for which application threads were stopped: 0.0005843 seconds, Stopping threads took: 0.0000265 seconds
34.990: [GC (Allocation Failure)  348825K->665K(1048064K), 0.0005069 secs]
34.991: Total time for which application threads were stopped: 0.0006213 seconds, Stopping threads took: 0.0000193 seconds
35.204: [GC (Allocation Failure)  348825K->633K(1048064K), 0.0004995 secs]
35.204: Total time for which application threads were stopped: 0.0006236 seconds, Stopping threads took: 0.0000194 seconds
35.416: [GC (Allocation Failure)  348793K->697K(1048064K), 0.0004976 secs]
35.416: Total time for which application threads were stopped: 0.0006340 seconds, Stopping threads took: 0.0000271 seconds
35.635: [GC (Allocation Failure)  348857K->697K(1048064K), 0.0005864 secs]
35.636: Total time for which application threads were stopped: 0.0007142 seconds, Stopping threads took: 0.0000274 seconds
35.848: [GC (Allocation Failure)  348857K->601K(1048064K), 0.0005106 secs]
35.848: Total time for which application threads were stopped: 0.0006371 seconds, Stopping threads took: 0.0000273 seconds
36.060: [GC (Allocation Failure)  348761K->729K(1048064K), 0.0004749 secs]
36.061: Total time for which application threads were stopped: 0.0006030 seconds, Stopping threads took: 0.0000273 seconds
36.274: [GC (Allocation Failure)  348889K->633K(1048064K), 0.0004723 secs]
36.274: Total time for which application threads were stopped: 0.0005947 seconds, Stopping threads took: 0.0000195 seconds
36.486: [GC (Allocation Failure)  348793K->601K(1048064K), 0.0005146 secs]
36.487: Total time for which application threads were stopped: 0.0006295 seconds, Stopping threads took: 0.0000193 seconds
36.706: [GC (Allocation Failure)  348761K->665K(1048064K), 0.0004651 secs]
36.706: Total time for which application threads were stopped: 0.0005971 seconds, Stopping threads took: 0.0000277 seconds
36.919: [GC (Allocation Failure)  348825K->601K(1048064K), 0.0006461 secs]
36.919: Total time for which application threads were stopped: 0.0007779 seconds, Stopping threads took: 0.0000198 seconds
37.141: [GC (Allocation Failure)  348761K->601K(1048064K), 0.0004247 secs]
37.141: Total time for which application threads were stopped: 0.0005413 seconds, Stopping threads took: 0.0000245 seconds
37.355: [GC (Allocation Failure)  348761K->697K(1048064K), 0.0004698 secs]
37.355: Total time for which application threads were stopped: 0.0005927 seconds, Stopping threads took: 0.0000196 seconds
37.570: [GC (Allocation Failure)  348857K->697K(1048064K), 0.0005393 secs]
37.570: Total time for which application threads were stopped: 0.0006633 seconds, Stopping threads took: 0.0000204 seconds
37.787: [GC (Allocation Failure)  348857K->633K(1048064K), 0.0006433 secs]
37.788: Total time for which application threads were stopped: 0.0007793 seconds, Stopping threads took: 0.0000329 seconds
38.006: [GC (Allocation Failure)  348793K->633K(1048064K), 0.0005226 secs]
38.006: Total time for which application threads were stopped: 0.0006408 seconds, Stopping threads took: 0.0000190 seconds
38.220: [GC (Allocation Failure)  348793K->665K(1048064K), 0.0004651 secs]
38.221: Total time for which application threads were stopped: 0.0005850 seconds, Stopping threads took: 0.0000196 seconds
38.433: [GC (Allocation Failure)  348825K->665K(1048064K), 0.0004199 secs]
38.433: Total time for which application threads were stopped: 0.0005388 seconds, Stopping threads took: 0.0000192 seconds
38.651: [GC (Allocation Failure)  348825K->665K(1048064K), 0.0005031 secs]
38.652: Total time for which application threads were stopped: 0.0006215 seconds, Stopping threads took: 0.0000188 seconds
38.864: [GC (Allocation Failure)  348825K->665K(1048064K), 0.0004983 secs]
38.865: Total time for which application threads were stopped: 0.0006223 seconds, Stopping threads took: 0.0000271 seconds
39.077: [GC (Allocation Failure)  348825K->665K(1048064K), 0.0004652 secs]
39.077: Total time for which application threads were stopped: 0.0005860 seconds, Stopping threads took: 0.0000196 seconds
39.292: [GC (Allocation Failure)  348825K->633K(1048064K), 0.0004647 secs]
39.292: Total time for which application threads were stopped: 0.0005920 seconds, Stopping threads took: 0.0000192 seconds
39.511: [GC (Allocation Failure)  348793K->601K(1048064K), 0.0004880 secs]
39.512: Total time for which application threads were stopped: 0.0006080 seconds, Stopping threads took: 0.0000198 seconds
39.726: [GC (Allocation Failure)  348761K->601K(1048064K), 0.0007079 secs]
39.726: Total time for which application threads were stopped: 0.0008378 seconds, Stopping threads took: 0.0000277 seconds
39.939: [GC (Allocation Failure)  348761K->697K(1048064K), 0.0005591 secs]
39.940: Total time for which application threads were stopped: 0.0006871 seconds, Stopping threads took: 0.0000214 seconds
40.155: [GC (Allocation Failure)  348857K->633K(1048064K), 0.0006185 secs]
40.155: Total time for which application threads were stopped: 0.0007453 seconds, Stopping threads took: 0.0000273 seconds
40.369: [GC (Allocation Failure)  348793K->633K(1048064K), 0.0005411 secs]
40.370: Total time for which application threads were stopped: 0.0006764 seconds, Stopping threads took: 0.0000208 seconds
40.583: [GC (Allocation Failure)  348793K->729K(1048064K), 0.0004123 secs]
40.584: Total time for which application threads were stopped: 0.0005297 seconds, Stopping threads took: 0.0000256 seconds
40.798: [GC (Allocation Failure)  348889K->729K(1048064K), 0.0005021 secs]
40.798: Total time for which application threads were stopped: 0.0006366 seconds, Stopping threads took: 0.0000252 seconds
41.015: [GC (Allocation Failure)  348889K->601K(1048064K), 0.0004635 secs]
41.015: Total time for which application threads were stopped: 0.0005894 seconds, Stopping threads took: 0.0000193 seconds
41.233: [GC (Allocation Failure)  348761K->697K(1048064K), 0.0004814 secs]
41.233: Total time for which application threads were stopped: 0.0005986 seconds, Stopping threads took: 0.0000193 seconds
41.451: [GC (Allocation Failure)  348857K->729K(1048064K), 0.0006177 secs]
41.451: Total time for which application threads were stopped: 0.0007360 seconds, Stopping threads took: 0.0000199 seconds
41.664: [GC (Allocation Failure)  348889K->633K(1048064K), 0.0005025 secs]
41.665: Total time for which application threads were stopped: 0.0006219 seconds, Stopping threads took: 0.0000194 seconds
41.877: [GC (Allocation Failure)  348793K->601K(1048064K), 0.0004848 secs]
41.878: Total time for which application threads were stopped: 0.0006063 seconds, Stopping threads took: 0.0000193 seconds
42.090: [GC (Allocation Failure)  348761K->729K(1048064K), 0.0004024 secs]
42.091: Total time for which application threads were stopped: 0.0005335 seconds, Stopping threads took: 0.0000262 seconds
42.305: [GC (Allocation Failure)  348889K->729K(1048064K), 0.0004259 secs]
42.305: Total time for which application threads were stopped: 0.0005513 seconds, Stopping threads took: 0.0000272 seconds
42.524: [GC (Allocation Failure)  348889K->633K(1048064K), 0.0004659 secs]
42.524: Total time for which application threads were stopped: 0.0005715 seconds, Stopping threads took: 0.0000172 seconds
42.743: [GC (Allocation Failure)  348793K->633K(1048064K), 0.0004867 secs]
42.743: Total time for which application threads were stopped: 0.0006046 seconds, Stopping threads took: 0.0000257 seconds
42.955: [GC (Allocation Failure)  348793K->697K(1048064K), 0.0005739 secs]
42.955: Total time for which application threads were stopped: 0.0007192 seconds, Stopping threads took: 0.0000217 seconds
43.177: [GC (Allocation Failure)  348857K->665K(1048064K), 0.0004610 secs]
43.178: Total time for which application threads were stopped: 0.0005917 seconds, Stopping threads took: 0.0000199 seconds
43.393: [GC (Allocation Failure)  348825K->729K(1048064K), 0.0005078 secs]
43.394: Total time for which application threads were stopped: 0.0006274 seconds, Stopping threads took: 0.0000191 seconds
43.606: [GC (Allocation Failure)  348889K->633K(1048064K), 0.0004650 secs]
43.607: Total time for which application threads were stopped: 0.0005992 seconds, Stopping threads took: 0.0000274 seconds
43.825: [GC (Allocation Failure)  348793K->665K(1048064K), 0.0004416 secs]
43.825: Total time for which application threads were stopped: 0.0005675 seconds, Stopping threads took: 0.0000270 seconds
44.043: [GC (Allocation Failure)  348825K->633K(1048064K), 0.0005302 secs]
44.043: Total time for which application threads were stopped: 0.0006524 seconds, Stopping threads took: 0.0000194 seconds
44.257: [GC (Allocation Failure)  348793K->697K(1048064K), 0.0004689 secs]
44.258: Total time for which application threads were stopped: 0.0006144 seconds, Stopping threads took: 0.0000201 seconds
44.474: [GC (Allocation Failure)  348857K->633K(1048064K), 0.0004171 secs]
44.474: Total time for which application threads were stopped: 0.0005224 seconds, Stopping threads took: 0.0000169 seconds
44.691: [GC (Allocation Failure)  348793K->601K(1048064K), 0.0006224 secs]
44.692: Total time for which application threads were stopped: 0.0007433 seconds, Stopping threads took: 0.0000199 seconds
44.911: [GC (Allocation Failure)  348761K->697K(1048064K), 0.0005378 secs]
44.912: Total time for which application threads were stopped: 0.0007206 seconds, Stopping threads took: 0.0000552 seconds
45.126: [GC (Allocation Failure)  348857K->633K(1048064K), 0.0003748 secs]
45.126: Total time for which application threads were stopped: 0.0004966 seconds, Stopping threads took: 0.0000231 seconds
45.341: [GC (Allocation Failure)  348793K->665K(1048064K), 0.0004727 secs]
45.342: Total time for which application threads were stopped: 0.0006000 seconds, Stopping threads took: 0.0000196 seconds
45.554: [GC (Allocation Failure)  348825K->665K(1048064K), 0.0004648 secs]
45.554: Total time for which application threads were stopped: 0.0005819 seconds, Stopping threads took: 0.0000193 seconds
45.767: [GC (Allocation Failure)  348825K->729K(1048064K), 0.0005307 secs]
45.768: Total time for which application threads were stopped: 0.0006668 seconds, Stopping threads took: 0.0000195 seconds
45.983: [GC (Allocation Failure)  348889K->633K(1048064K), 0.0004406 secs]
45.984: Total time for which application threads were stopped: 0.0005484 seconds, Stopping threads took: 0.0000249 seconds
46.205: [GC (Allocation Failure)  348793K->665K(1048064K), 0.0005783 secs]
46.206: Total time for which application threads were stopped: 0.0006984 seconds, Stopping threads took: 0.0000197 seconds
46.419: [GC (Allocation Failure)  348825K->697K(1048064K), 0.0007507 secs]
46.420: Total time for which application threads were stopped: 0.0008690 seconds, Stopping threads took: 0.0000192 seconds
46.634: [GC (Allocation Failure)  348857K->633K(1048064K), 0.0004177 secs]
46.635: Total time for which application threads were stopped: 0.0005394 seconds, Stopping threads took: 0.0000262 seconds
46.851: [GC (Allocation Failure)  348793K->633K(1048064K), 0.0004500 secs]
46.851: Total time for which application threads were stopped: 0.0005654 seconds, Stopping threads took: 0.0000191 seconds
47.069: [GC (Allocation Failure)  348793K->665K(1048064K), 0.0004392 secs]
47.070: Total time for which application threads were stopped: 0.0005688 seconds, Stopping threads took: 0.0000197 seconds
47.291: [GC (Allocation Failure)  348825K->633K(1048064K), 0.0004156 secs]
47.291: Total time for which application threads were stopped: 0.0005190 seconds, Stopping threads took: 0.0000177 seconds
47.506: [GC (Allocation Failure)  348793K->601K(1048064K), 0.0005956 secs]
47.507: Total time for which application threads were stopped: 0.0007267 seconds, Stopping threads took: 0.0000276 seconds
47.719: [GC (Allocation Failure)  348761K->633K(1048064K), 0.0004815 secs]
47.719: Total time for which application threads were stopped: 0.0006094 seconds, Stopping threads took: 0.0000272 seconds
47.937: [GC (Allocation Failure)  348793K->633K(1048064K), 0.0004697 secs]
47.938: Total time for which application threads were stopped: 0.0005913 seconds, Stopping threads took: 0.0000193 seconds
48.157: [GC (Allocation Failure)  348793K->601K(1048064K), 0.0005469 secs]
48.158: Total time for which application threads were stopped: 0.0006565 seconds, Stopping threads took: 0.0000170 seconds
48.371: [GC (Allocation Failure)  348761K->633K(1048064K), 0.0004140 secs]
48.372: Total time for which application threads were stopped: 0.0005179 seconds, Stopping threads took: 0.0000170 seconds
48.586: [GC (Allocation Failure)  348793K->633K(1048064K), 0.0004843 secs]
48.586: Total time for which application threads were stopped: 0.0006085 seconds, Stopping threads took: 0.0000273 seconds
48.805: [GC (Allocation Failure)  348793K->665K(1048064K), 0.0004960 secs]
48.805: Total time for which application threads were stopped: 0.0006157 seconds, Stopping threads took: 0.0000191 seconds
49.017: [GC (Allocation Failure)  348825K->633K(1048064K), 0.0006189 secs]
49.017: Total time for which application threads were stopped: 0.0007463 seconds, Stopping threads took: 0.0000272 seconds
49.234: [GC (Allocation Failure)  348793K->601K(1048064K), 0.0004917 secs]
49.234: Total time for which application threads were stopped: 0.0006082 seconds, Stopping threads took: 0.0000190 seconds
49.450: [GC (Allocation Failure)  348761K->665K(1048064K), 0.0005949 secs]
49.451: Total time for which application threads were stopped: 0.0007200 seconds, Stopping threads took: 0.0000272 seconds
49.664: [GC (Allocation Failure)  348825K->697K(1048064K), 0.0004999 secs]
49.664: Total time for which application threads were stopped: 0.0006195 seconds, Stopping threads took: 0.0000194 seconds
49.882: [GC (Allocation Failure)  348857K->665K(1048064K), 0.0004977 secs]
49.882: Total time for which application threads were stopped: 0.0006157 seconds, Stopping threads took: 0.0000190 seconds
50.094: [GC (Allocation Failure)  348825K->697K(1048064K), 0.0004242 secs]
50.094: Total time for which application threads were stopped: 0.0005539 seconds, Stopping threads took: 0.0000252 seconds
50.307: [GC (Allocation Failure)  348857K->697K(1048064K), 0.0006400 secs]
50.308: Total time for which application threads were stopped: 0.0007610 seconds, Stopping threads took: 0.0000195 seconds
50.524: [GC (Allocation Failure)  348857K->665K(1048064K), 0.0004931 secs]
50.525: Total time for which application threads were stopped: 0.0006269 seconds, Stopping threads took: 0.0000280 seconds
50.738: [GC (Allocation Failure)  348825K->697K(1048064K), 0.0004685 secs]
50.738: Total time for which application threads were stopped: 0.0006112 seconds, Stopping threads took: 0.0000278 seconds
50.950: [GC (Allocation Failure)  348857K->697K(1048064K), 0.0005348 secs]
50.951: Total time for which application threads were stopped: 0.0006940 seconds, Stopping threads took: 0.0000198 seconds
51.165: [GC (Allocation Failure)  348857K->665K(1048064K), 0.0005312 secs]
51.165: Total time for which application threads were stopped: 0.0006392 seconds, Stopping threads took: 0.0000166 seconds
51.383: [GC (Allocation Failure)  348825K->633K(1048064K), 0.0004717 secs]
51.383: Total time for which application threads were stopped: 0.0006080 seconds, Stopping threads took: 0.0000268 seconds
51.601: [GC (Allocation Failure)  348793K->601K(1048064K), 0.0004293 secs]
51.602: Total time for which application threads were stopped: 0.0005644 seconds, Stopping threads took: 0.0000193 seconds
51.820: [GC (Allocation Failure)  348761K->665K(1048064K), 0.0004817 secs]
51.821: Total time for which application threads were stopped: 0.0006174 seconds, Stopping threads took: 0.0000202 seconds
52.033: [GC (Allocation Failure)  348825K->633K(1048064K), 0.0005361 secs]
52.034: Total time for which application threads were stopped: 0.0006930 seconds, Stopping threads took: 0.0000233 seconds
52.253: [GC (Allocation Failure)  348793K->665K(1048064K), 0.0004725 secs]
52.253: Total time for which application threads were stopped: 0.0006086 seconds, Stopping threads took: 0.0000193 seconds
52.465: [GC (Allocation Failure)  348825K->665K(1048064K), 0.0006069 secs]
52.466: Total time for which application threads were stopped: 0.0007667 seconds, Stopping threads took: 0.0000300 seconds
52.683: [GC (Allocation Failure)  348825K->633K(1048064K), 0.0004578 secs]
52.684: Total time for which application threads were stopped: 0.0005884 seconds, Stopping threads took: 0.0000280 seconds
52.898: [GC (Allocation Failure)  348793K->633K(1048064K), 0.0005778 secs]
52.899: Total time for which application threads were stopped: 0.0007023 seconds, Stopping threads took: 0.0000273 seconds
53.112: [GC (Allocation Failure)  348793K->633K(1048064K), 0.0005076 secs]
53.113: Total time for which application threads were stopped: 0.0006340 seconds, Stopping threads took: 0.0000267 seconds
53.331: [GC (Allocation Failure)  348793K->665K(1048064K), 0.0004521 secs]
53.332: Total time for which application threads were stopped: 0.0005609 seconds, Stopping threads took: 0.0000168 seconds
53.549: [GC (Allocation Failure)  348825K->633K(1048064K), 0.0004571 secs]
53.550: Total time for which application threads were stopped: 0.0005799 seconds, Stopping threads took: 0.0000197 seconds
53.763: [GC (Allocation Failure)  348793K->633K(1048064K), 0.0005114 secs]
53.763: Total time for which application threads were stopped: 0.0006490 seconds, Stopping threads took: 0.0000275 seconds
53.980: [GC (Allocation Failure)  348793K->601K(1048064K), 0.0004967 secs]
53.980: Total time for which application threads were stopped: 0.0006061 seconds, Stopping threads took: 0.0000194 seconds
54.199: [GC (Allocation Failure)  348761K->633K(1048064K), 0.0004906 secs]
54.200: Total time for which application threads were stopped: 0.0006151 seconds, Stopping threads took: 0.0000274 seconds
54.418: [GC (Allocation Failure)  348793K->601K(1048064K), 0.0004518 secs]
54.418: Total time for which application threads were stopped: 0.0005597 seconds, Stopping threads took: 0.0000168 seconds
54.631: [GC (Allocation Failure)  348761K->633K(1048064K), 0.0005243 secs]
54.631: Total time for which application threads were stopped: 0.0006567 seconds, Stopping threads took: 0.0000197 seconds
54.843: [GC (Allocation Failure)  348793K->633K(1048064K), 0.0004233 secs]
54.844: Total time for which application threads were stopped: 0.0005444 seconds, Stopping threads took: 0.0000197 seconds
55.055: [GC (Allocation Failure)  348793K->601K(1048064K), 0.0004729 secs]
55.056: Total time for which application threads were stopped: 0.0006161 seconds, Stopping threads took: 0.0000273 seconds
55.269: [GC (Allocation Failure)  348761K->633K(1048064K), 0.0004598 secs]
55.270: Total time for which application threads were stopped: 0.0005793 seconds, Stopping threads took: 0.0000192 seconds
55.482: [GC (Allocation Failure)  348793K->665K(1048064K), 0.0005644 secs]
55.482: Total time for which application threads were stopped: 0.0006914 seconds, Stopping threads took: 0.0000272 seconds
55.695: [GC (Allocation Failure)  348825K->633K(1048064K), 0.0004689 secs]
55.696: Total time for which application threads were stopped: 0.0005889 seconds, Stopping threads took: 0.0000194 seconds
55.911: [GC (Allocation Failure)  348793K->665K(1048064K), 0.0004787 secs]
55.911: Total time for which application threads were stopped: 0.0005983 seconds, Stopping threads took: 0.0000192 seconds
56.124: [GC (Allocation Failure)  348825K->601K(1048064K), 0.0006403 secs]
56.125: Total time for which application threads were stopped: 0.0007663 seconds, Stopping threads took: 0.0000231 seconds
56.338: [GC (Allocation Failure)  348761K->633K(1048064K), 0.0005188 secs]
56.338: Total time for which application threads were stopped: 0.0006382 seconds, Stopping threads took: 0.0000193 seconds
56.550: [GC (Allocation Failure)  348793K->665K(1048064K), 0.0006258 secs]
56.551: Total time for which application threads were stopped: 0.0007552 seconds, Stopping threads took: 0.0000278 seconds
56.766: [GC (Allocation Failure)  348825K->665K(1048064K), 0.0004624 secs]
56.767: Total time for which application threads were stopped: 0.0005838 seconds, Stopping threads took: 0.0000196 seconds
56.985: [GC (Allocation Failure)  348825K->697K(1048064K), 0.0005246 secs]
56.985: Total time for which application threads were stopped: 0.0006517 seconds, Stopping threads took: 0.0000196 seconds
57.201: [GC (Allocation Failure)  348857K->601K(1048064K), 0.0005453 secs]
57.201: Total time for which application threads were stopped: 0.0006595 seconds, Stopping threads took: 0.0000176 seconds
57.415: [GC (Allocation Failure)  348761K->633K(1048064K), 0.0004729 secs]
57.415: Total time for which application threads were stopped: 0.0006019 seconds, Stopping threads took: 0.0000272 seconds
57.629: [GC (Allocation Failure)  348793K->665K(1048064K), 0.0006588 secs]
57.629: Total time for which application threads were stopped: 0.0007799 seconds, Stopping threads took: 0.0000190 seconds
57.845: [GC (Allocation Failure)  348825K->697K(1048064K), 0.0004425 secs]
57.845: Total time for which application threads were stopped: 0.0005829 seconds, Stopping threads took: 0.0000196 seconds
58.057: [GC (Allocation Failure)  348857K->633K(1048064K), 0.0004689 secs]
58.058: Total time for which application threads were stopped: 0.0005912 seconds, Stopping threads took: 0.0000202 seconds
58.277: [GC (Allocation Failure)  348793K->665K(1048064K), 0.0004888 secs]
58.278: Total time for which application threads were stopped: 0.0006054 seconds, Stopping threads took: 0.0000191 seconds
58.490: [GC (Allocation Failure)  348825K->633K(1048064K), 0.0006377 secs]
58.490: Total time for which application threads were stopped: 0.0007674 seconds, Stopping threads took: 0.0000192 seconds
58.703: [GC (Allocation Failure)  348793K->633K(1048064K), 0.0005066 secs]
58.704: Total time for which application threads were stopped: 0.0006292 seconds, Stopping threads took: 0.0000199 seconds
58.923: [GC (Allocation Failure)  348793K->697K(1048064K), 0.0004679 secs]
58.923: Total time for which application threads were stopped: 0.0005867 seconds, Stopping threads took: 0.0000200 seconds
59.138: [GC (Allocation Failure)  348857K->665K(1048064K), 0.0004572 secs]
59.138: Total time for which application threads were stopped: 0.0005936 seconds, Stopping threads took: 0.0000257 seconds
59.353: [GC (Allocation Failure)  348825K->665K(1048064K), 0.0004783 secs]
59.353: Total time for which application threads were stopped: 0.0006088 seconds, Stopping threads took: 0.0000267 seconds
59.565: [GC (Allocation Failure)  348825K->697K(1048064K), 0.0005126 secs]
59.565: Total time for which application threads were stopped: 0.0006417 seconds, Stopping threads took: 0.0000280 seconds
59.778: [GC (Allocation Failure)  348857K->665K(1048064K), 0.0005544 secs]
59.779: Total time for which application threads were stopped: 0.0006852 seconds, Stopping threads took: 0.0000296 seconds
59.994: [GC (Allocation Failure)  348825K->665K(1048064K), 0.0007320 secs]
59.995: Total time for which application threads were stopped: 0.0008666 seconds, Stopping threads took: 0.0000209 seconds
60.209: [GC (Allocation Failure)  348825K->665K(1048064K), 0.0004255 secs]
60.209: Total time for which application threads were stopped: 0.0005471 seconds, Stopping threads took: 0.0000195 seconds
60.421: [GC (Allocation Failure)  348825K->729K(1048064K), 0.0004938 secs]
60.422: Total time for which application threads were stopped: 0.0006182 seconds, Stopping threads took: 0.0000199 seconds
60.635: [GC (Allocation Failure)  348889K->633K(1048064K), 0.0004603 secs]
60.636: Total time for which application threads were stopped: 0.0005823 seconds, Stopping threads took: 0.0000265 seconds
60.848: [GC (Allocation Failure)  348793K->665K(1048064K), 0.0005019 secs]
60.849: Total time for which application threads were stopped: 0.0006245 seconds, Stopping threads took: 0.0000197 seconds
61.066: [GC (Allocation Failure)  348825K->665K(1048064K), 0.0004647 secs]
61.067: Total time for which application threads were stopped: 0.0005860 seconds, Stopping threads took: 0.0000188 seconds
61.286: [GC (Allocation Failure)  348825K->601K(1048064K), 0.0005968 secs]
61.287: Total time for which application threads were stopped: 0.0007239 seconds, Stopping threads took: 0.0000191 seconds
61.499: [GC (Allocation Failure)  348761K->729K(1048064K), 0.0006897 secs]
61.500: Total time for which application threads were stopped: 0.0008268 seconds, Stopping threads took: 0.0000191 seconds
61.713: [GC (Allocation Failure)  348889K->697K(1048064K), 0.0004583 secs]
61.714: Total time for which application threads were stopped: 0.0005805 seconds, Stopping threads took: 0.0000190 seconds
61.925: [GC (Allocation Failure)  348857K->665K(1048064K), 0.0006572 secs]
61.926: Total time for which application threads were stopped: 0.0007796 seconds, Stopping threads took: 0.0000200 seconds
62.140: [GC (Allocation Failure)  348825K->601K(1048064K), 0.0005864 secs]
62.140: Total time for which application threads were stopped: 0.0007130 seconds, Stopping threads took: 0.0000248 seconds
62.358: [GC (Allocation Failure)  348761K->633K(1048064K), 0.0004447 secs]
62.358: Total time for which application threads were stopped: 0.0005548 seconds, Stopping threads took: 0.0000172 seconds
62.572: [GC (Allocation Failure)  348793K->665K(1048064K), 0.0005146 secs]
62.572: Total time for which application threads were stopped: 0.0006655 seconds, Stopping threads took: 0.0000287 seconds
62.790: [GC (Allocation Failure)  348825K->729K(1048064K), 0.0004762 secs]
62.790: Total time for which application threads were stopped: 0.0006012 seconds, Stopping threads took: 0.0000204 seconds
63.002: [GC (Allocation Failure)  348889K->601K(1048064K), 0.0005200 secs]
63.003: Total time for which application threads were stopped: 0.0006440 seconds, Stopping threads took: 0.0000274 seconds
63.224: [GC (Allocation Failure)  348761K->665K(1048064K), 0.0004408 secs]
63.224: Total time for which application threads were stopped: 0.0005434 seconds, Stopping threads took: 0.0000174 seconds
63.444: [GC (Allocation Failure)  348825K->665K(1048064K), 0.0005638 secs]
63.445: Total time for which application threads were stopped: 0.0007303 seconds, Stopping threads took: 0.0000512 seconds
63.658: [GC (Allocation Failure)  348825K->665K(1048064K), 0.0005011 secs]
63.658: Total time for which application threads were stopped: 0.0006203 seconds, Stopping threads took: 0.0000194 seconds
63.870: [GC (Allocation Failure)  348825K->601K(1048064K), 0.0005976 secs]
63.871: Total time for which application threads were stopped: 0.0007300 seconds, Stopping threads took: 0.0000197 seconds
64.083: [GC (Allocation Failure)  348761K->665K(1048064K), 0.0004663 secs]
64.083: Total time for which application threads were stopped: 0.0005953 seconds, Stopping threads took: 0.0000225 seconds
64.296: [GC (Allocation Failure)  348825K->729K(1048064K), 0.0005070 secs]
64.297: Total time for which application threads were stopped: 0.0006325 seconds, Stopping threads took: 0.0000273 seconds
64.514: [GC (Allocation Failure)  348889K->633K(1048064K), 0.0004440 secs]
64.515: Total time for which application threads were stopped: 0.0005606 seconds, Stopping threads took: 0.0000193 seconds
64.727: [GC (Allocation Failure)  348793K->665K(1048064K), 0.0004362 secs]
64.728: Total time for which application threads were stopped: 0.0005571 seconds, Stopping threads took: 0.0000193 seconds
64.945: [GC (Allocation Failure)  348825K->697K(1048064K), 0.0005202 secs]
64.946: Total time for which application threads were stopped: 0.0006656 seconds, Stopping threads took: 0.0000212 seconds
65.163: [GC (Allocation Failure)  348857K->665K(1048064K), 0.0004874 secs]
65.164: Total time for which application threads were stopped: 0.0006141 seconds, Stopping threads took: 0.0000271 seconds
65.379: [GC (Allocation Failure)  348825K->633K(1048064K), 0.0004450 secs]
65.379: Total time for which application threads were stopped: 0.0005814 seconds, Stopping threads took: 0.0000275 seconds
65.597: [GC (Allocation Failure)  348793K->633K(1048064K), 0.0004673 secs]
65.598: Total time for which application threads were stopped: 0.0006053 seconds, Stopping threads took: 0.0000278 seconds
65.812: [GC (Allocation Failure)  348793K->665K(1048064K), 0.0004673 secs]
65.813: Total time for which application threads were stopped: 0.0005890 seconds, Stopping threads took: 0.0000193 seconds
66.030: [GC (Allocation Failure)  348825K->633K(1048064K), 0.0004334 secs]
66.031: Total time for which application threads were stopped: 0.0005528 seconds, Stopping threads took: 0.0000194 seconds
66.244: [GC (Allocation Failure)  348793K->665K(1048064K), 0.0006325 secs]
66.245: Total time for which application threads were stopped: 0.0007693 seconds, Stopping threads took: 0.0000189 seconds
66.457: [GC (Allocation Failure)  348825K->633K(1048064K), 0.0005127 secs]
66.457: Total time for which application threads were stopped: 0.0006406 seconds, Stopping threads took: 0.0000313 seconds
66.673: [GC (Allocation Failure)  348793K->697K(1048064K), 0.0005344 secs]
66.674: Total time for which application threads were stopped: 0.0006599 seconds, Stopping threads took: 0.0000194 seconds
66.886: [GC (Allocation Failure)  348857K->633K(1048064K), 0.0005839 secs]
66.887: Total time for which application threads were stopped: 0.0007004 seconds, Stopping threads took: 0.0000187 seconds
67.099: [GC (Allocation Failure)  348793K->633K(1048064K), 0.0004959 secs]
67.099: Total time for which application threads were stopped: 0.0006204 seconds, Stopping threads took: 0.0000197 seconds
67.313: [GC (Allocation Failure)  348793K->633K(1048064K), 0.0005039 secs]
67.313: Total time for which application threads were stopped: 0.0006254 seconds, Stopping threads took: 0.0000198 seconds
67.531: [GC (Allocation Failure)  348793K->633K(1048064K), 0.0005311 secs]
67.532: Total time for which application threads were stopped: 0.0007150 seconds, Stopping threads took: 0.0000297 seconds
67.754: [GC (Allocation Failure)  348793K->633K(1048064K), 0.0004848 secs]
67.754: Total time for which application threads were stopped: 0.0006058 seconds, Stopping threads took: 0.0000191 seconds
67.968: [GC (Allocation Failure)  348793K->633K(1048064K), 0.0005335 secs]
67.968: Total time for which application threads were stopped: 0.0006569 seconds, Stopping threads took: 0.0000200 seconds
68.187: [GC (Allocation Failure)  348793K->633K(1048064K), 0.0004786 secs]
68.187: Total time for which application threads were stopped: 0.0005950 seconds, Stopping threads took: 0.0000178 seconds
68.399: [GC (Allocation Failure)  348793K->665K(1048064K), 0.0006072 secs]
68.400: Total time for which application threads were stopped: 0.0007518 seconds, Stopping threads took: 0.0000285 seconds
68.619: [GC (Allocation Failure)  348825K->633K(1048064K), 0.0004736 secs]
68.619: Total time for which application threads were stopped: 0.0005930 seconds, Stopping threads took: 0.0000194 seconds
68.831: [GC (Allocation Failure)  348793K->665K(1048064K), 0.0006130 secs]
68.832: Total time for which application threads were stopped: 0.0007326 seconds, Stopping threads took: 0.0000196 seconds
69.044: [GC (Allocation Failure)  348825K->665K(1048064K), 0.0004805 secs]
69.044: Total time for which application threads were stopped: 0.0006003 seconds, Stopping threads took: 0.0000192 seconds
69.258: [GC (Allocation Failure)  348825K->665K(1048064K), 0.0004766 secs]
69.258: Total time for which application threads were stopped: 0.0006020 seconds, Stopping threads took: 0.0000193 seconds
69.470: [GC (Allocation Failure)  348825K->633K(1048064K), 0.0005545 secs]
69.471: Total time for which application threads were stopped: 0.0006711 seconds, Stopping threads took: 0.0000194 seconds
69.694: [GC (Allocation Failure)  348793K->665K(1048064K), 0.0004446 secs]
69.694: Total time for which application threads were stopped: 0.0005721 seconds, Stopping threads took: 0.0000199 seconds
69.910: [GC (Allocation Failure)  348825K->665K(1048064K), 0.0005438 secs]
69.910: Total time for which application threads were stopped: 0.0006648 seconds, Stopping threads took: 0.0000199 seconds
70.122: [GC (Allocation Failure)  348825K->665K(1048064K), 0.0004921 secs]
70.123: Total time for which application threads were stopped: 0.0006252 seconds, Stopping threads took: 0.0000268 seconds
70.335: [GC (Allocation Failure)  348825K->665K(1048064K), 0.0004751 secs]
70.336: Total time for which application threads were stopped: 0.0006009 seconds, Stopping threads took: 0.0000201 seconds
70.548: [GC (Allocation Failure)  348825K->665K(1048064K), 0.0005561 secs]
70.548: Total time for which application threads were stopped: 0.0006892 seconds, Stopping threads took: 0.0000197 seconds
70.760: [GC (Allocation Failure)  348825K->601K(1048064K), 0.0005500 secs]
70.761: Total time for which application threads were stopped: 0.0006813 seconds, Stopping threads took: 0.0000261 seconds
