Java HotSpot(TM) 64-Bit Server VM (25.171-b11) for linux-amd64 JRE (1.8.0_171-b11), built on Mar 28 2018 17:07:08 by "java_re" with gcc 4.3.0 20080428 (Red Hat 4.3.0-8)
Memory: 4k page, physical 32883000k(29415452k free), swap 8000508k(8000508k free)
CommandLine flags: -XX:InitialHeapSize=1073741824 -XX:MaxHeapSize=1073741824 -XX:+PrintGC -XX:+PrintGCApplicationStoppedTime -XX:+PrintGCTimeStamps -XX:+UseCompressedClassPointers -XX:+UseCompressedOops -XX:+UseParallelGC 
0.493: [GC (Allocation Failure)  262144K->2397K(1005056K), 0.0018656 secs]
0.495: Total time for which application threads were stopped: 0.0020584 seconds, Stopping threads took: 0.0000178 seconds
0.663: [GC (Allocation Failure)  264541K->640K(1005056K), 0.0008256 secs]
0.664: Total time for which application threads were stopped: 0.0009428 seconds, Stopping threads took: 0.0000193 seconds
0.826: [GC (Allocation Failure)  262784K->648K(1005056K), 0.0008038 secs]
0.826: Total time for which application threads were stopped: 0.0009225 seconds, Stopping threads took: 0.0000192 seconds
0.992: [GC (Allocation Failure)  262792K->688K(1005056K), 0.0008287 secs]
0.993: Total time for which application threads were stopped: 0.0009438 seconds, Stopping threads took: 0.0000300 seconds
1.163: [GC (Allocation Failure)  262832K->560K(1005056K), 0.0010817 secs]
1.164: Total time for which application threads were stopped: 0.0012113 seconds, Stopping threads took: 0.0000308 seconds
1.330: [GC (Allocation Failure)  262704K->696K(1046016K), 0.0009550 secs]
1.331: Total time for which application threads were stopped: 0.0010921 seconds, Stopping threads took: 0.0000296 seconds
1.561: [GC (Allocation Failure)  344760K->637K(1046016K), 0.0008471 secs]
1.562: Total time for which application threads were stopped: 0.0009835 seconds, Stopping threads took: 0.0000262 seconds
1.778: [GC (Allocation Failure)  344701K->669K(1046016K), 0.0004655 secs]
1.779: Total time for which application threads were stopped: 0.0005830 seconds, Stopping threads took: 0.0000196 seconds
1.990: [GC (Allocation Failure)  344733K->701K(1046016K), 0.0006418 secs]
1.991: Total time for which application threads were stopped: 0.0007596 seconds, Stopping threads took: 0.0000198 seconds
2.207: [GC (Allocation Failure)  344765K->637K(1046016K), 0.0005050 secs]
2.208: Total time for which application threads were stopped: 0.0006474 seconds, Stopping threads took: 0.0000269 seconds
2.425: [GC (Allocation Failure)  344701K->669K(1046016K), 0.0004760 secs]
2.426: Total time for which application threads were stopped: 0.0006147 seconds, Stopping threads took: 0.0000204 seconds
2.640: [GC (Allocation Failure)  344733K->637K(1046528K), 0.0004221 secs]
2.640: Total time for which application threads were stopped: 0.0005439 seconds, Stopping threads took: 0.0000257 seconds
2.853: [GC (Allocation Failure)  345725K->669K(1046528K), 0.0004829 secs]
2.854: Total time for which application threads were stopped: 0.0006036 seconds, Stopping threads took: 0.0000259 seconds
3.068: [GC (Allocation Failure)  345757K->637K(1046528K), 0.0005055 secs]
3.068: Total time for which application threads were stopped: 0.0006243 seconds, Stopping threads took: 0.0000259 seconds
3.282: [GC (Allocation Failure)  345725K->645K(1046528K), 0.0004564 secs]
3.283: Total time for which application threads were stopped: 0.0005724 seconds, Stopping threads took: 0.0000192 seconds
3.494: [GC (Allocation Failure)  345733K->645K(1046528K), 0.0005388 secs]
3.494: Total time for which application threads were stopped: 0.0006643 seconds, Stopping threads took: 0.0000196 seconds
3.707: [GC (Allocation Failure)  345733K->613K(1046528K), 0.0004411 secs]
3.707: Total time for which application threads were stopped: 0.0005550 seconds, Stopping threads took: 0.0000187 seconds
3.919: [GC (Allocation Failure)  345701K->645K(1047040K), 0.0005157 secs]
3.920: Total time for which application threads were stopped: 0.0006422 seconds, Stopping threads took: 0.0000274 seconds
4.056: Total time for which application threads were stopped: 0.0001225 seconds, Stopping threads took: 0.0000548 seconds
4.132: [GC (Allocation Failure)  346245K->645K(1046528K), 0.0005028 secs]
4.133: Total time for which application threads were stopped: 0.0006391 seconds, Stopping threads took: 0.0000274 seconds
4.349: [GC (Allocation Failure)  346245K->613K(1047040K), 0.0005273 secs]
4.349: Total time for which application threads were stopped: 0.0006516 seconds, Stopping threads took: 0.0000277 seconds
4.566: [GC (Allocation Failure)  346725K->645K(1047040K), 0.0004244 secs]
4.566: Total time for which application threads were stopped: 0.0005404 seconds, Stopping threads took: 0.0000261 seconds
4.783: [GC (Allocation Failure)  346757K->677K(1047040K), 0.0005712 secs]
4.784: Total time for which application threads were stopped: 0.0006944 seconds, Stopping threads took: 0.0000192 seconds
4.998: [GC (Allocation Failure)  346789K->709K(1047040K), 0.0005656 secs]
4.998: Total time for which application threads were stopped: 0.0006819 seconds, Stopping threads took: 0.0000197 seconds
5.216: [GC (Allocation Failure)  346821K->645K(1047040K), 0.0004034 secs]
5.216: Total time for which application threads were stopped: 0.0005177 seconds, Stopping threads took: 0.0000190 seconds
5.433: [GC (Allocation Failure)  346757K->645K(1047040K), 0.0005179 secs]
5.434: Total time for which application threads were stopped: 0.0006561 seconds, Stopping threads took: 0.0000278 seconds
5.648: [GC (Allocation Failure)  346757K->709K(1047552K), 0.0005003 secs]
5.648: Total time for which application threads were stopped: 0.0006245 seconds, Stopping threads took: 0.0000279 seconds
5.866: [GC (Allocation Failure)  347845K->645K(1047552K), 0.0004985 secs]
5.866: Total time for which application threads were stopped: 0.0006192 seconds, Stopping threads took: 0.0000196 seconds
6.080: [GC (Allocation Failure)  347781K->645K(1047552K), 0.0003866 secs]
6.080: Total time for which application threads were stopped: 0.0005119 seconds, Stopping threads took: 0.0000276 seconds
6.297: [GC (Allocation Failure)  347781K->613K(1047552K), 0.0005914 secs]
6.298: Total time for which application threads were stopped: 0.0007156 seconds, Stopping threads took: 0.0000203 seconds
6.510: [GC (Allocation Failure)  347749K->677K(1047552K), 0.0004851 secs]
6.511: Total time for which application threads were stopped: 0.0006290 seconds, Stopping threads took: 0.0000193 seconds
6.723: [GC (Allocation Failure)  347813K->709K(1047552K), 0.0004412 secs]
6.724: Total time for which application threads were stopped: 0.0005824 seconds, Stopping threads took: 0.0000255 seconds
6.943: [GC (Allocation Failure)  347845K->581K(1047552K), 0.0005734 secs]
6.944: Total time for which application threads were stopped: 0.0006865 seconds, Stopping threads took: 0.0000196 seconds
7.161: [GC (Allocation Failure)  347717K->677K(1047552K), 0.0005267 secs]
7.162: Total time for which application threads were stopped: 0.0006571 seconds, Stopping threads took: 0.0000187 seconds
7.378: [GC (Allocation Failure)  347813K->677K(1047552K), 0.0004273 secs]
7.378: Total time for which application threads were stopped: 0.0005407 seconds, Stopping threads took: 0.0000195 seconds
7.597: [GC (Allocation Failure)  347813K->645K(1047552K), 0.0004352 secs]
7.597: Total time for which application threads were stopped: 0.0005548 seconds, Stopping threads took: 0.0000262 seconds
7.814: [GC (Allocation Failure)  347781K->677K(1048064K), 0.0005813 secs]
7.814: Total time for which application threads were stopped: 0.0007071 seconds, Stopping threads took: 0.0000204 seconds
8.028: [GC (Allocation Failure)  348837K->677K(1048064K), 0.0005582 secs]
8.029: Total time for which application threads were stopped: 0.0006753 seconds, Stopping threads took: 0.0000198 seconds
8.243: [GC (Allocation Failure)  348837K->677K(1048064K), 0.0005087 secs]
8.243: Total time for which application threads were stopped: 0.0006313 seconds, Stopping threads took: 0.0000272 seconds
8.456: [GC (Allocation Failure)  348837K->613K(1048064K), 0.0005474 secs]
8.457: Total time for which application threads were stopped: 0.0006715 seconds, Stopping threads took: 0.0000197 seconds
8.676: [GC (Allocation Failure)  348773K->613K(1048064K), 0.0006003 secs]
8.677: Total time for which application threads were stopped: 0.0007424 seconds, Stopping threads took: 0.0000198 seconds
8.890: [GC (Allocation Failure)  348773K->677K(1048064K), 0.0006754 secs]
8.890: Total time for which application threads were stopped: 0.0007991 seconds, Stopping threads took: 0.0000186 seconds
9.105: [GC (Allocation Failure)  348837K->613K(1048064K), 0.0004505 secs]
9.105: Total time for which application threads were stopped: 0.0005685 seconds, Stopping threads took: 0.0000198 seconds
9.318: [GC (Allocation Failure)  348773K->645K(1048064K), 0.0004659 secs]
9.318: Total time for which application threads were stopped: 0.0005905 seconds, Stopping threads took: 0.0000275 seconds
9.538: [GC (Allocation Failure)  348805K->613K(1048064K), 0.0004696 secs]
9.538: Total time for which application threads were stopped: 0.0006112 seconds, Stopping threads took: 0.0000199 seconds
9.754: [GC (Allocation Failure)  348773K->709K(1048064K), 0.0004533 secs]
9.754: Total time for which application threads were stopped: 0.0005772 seconds, Stopping threads took: 0.0000214 seconds
9.975: [GC (Allocation Failure)  348869K->645K(1048064K), 0.0004585 secs]
9.975: Total time for which application threads were stopped: 0.0005796 seconds, Stopping threads took: 0.0000180 seconds
10.191: [GC (Allocation Failure)  348805K->677K(1048064K), 0.0004658 secs]
10.191: Total time for which application threads were stopped: 0.0005854 seconds, Stopping threads took: 0.0000198 seconds
10.409: [GC (Allocation Failure)  348837K->709K(1048064K), 0.0004875 secs]
10.410: Total time for which application threads were stopped: 0.0006050 seconds, Stopping threads took: 0.0000199 seconds
10.622: [GC (Allocation Failure)  348869K->709K(1048064K), 0.0004925 secs]
10.623: Total time for which application threads were stopped: 0.0006208 seconds, Stopping threads took: 0.0000279 seconds
10.841: [GC (Allocation Failure)  348869K->645K(1048064K), 0.0004687 secs]
10.841: Total time for which application threads were stopped: 0.0005918 seconds, Stopping threads took: 0.0000196 seconds
11.061: [GC (Allocation Failure)  348805K->645K(1048064K), 0.0003969 secs]
11.061: Total time for which application threads were stopped: 0.0005229 seconds, Stopping threads took: 0.0000263 seconds
11.275: [GC (Allocation Failure)  348805K->709K(1048064K), 0.0004511 secs]
11.275: Total time for which application threads were stopped: 0.0005639 seconds, Stopping threads took: 0.0000197 seconds
11.494: [GC (Allocation Failure)  348869K->645K(1048064K), 0.0006153 secs]
11.495: Total time for which application threads were stopped: 0.0007414 seconds, Stopping threads took: 0.0000193 seconds
11.710: [GC (Allocation Failure)  348805K->677K(1048064K), 0.0004376 secs]
11.711: Total time for which application threads were stopped: 0.0005529 seconds, Stopping threads took: 0.0000197 seconds
11.930: [GC (Allocation Failure)  348837K->645K(1048064K), 0.0004201 secs]
11.931: Total time for which application threads were stopped: 0.0005300 seconds, Stopping threads took: 0.0000169 seconds
12.145: [GC (Allocation Failure)  348805K->645K(1048064K), 0.0004639 secs]
12.145: Total time for which application threads were stopped: 0.0005928 seconds, Stopping threads took: 0.0000264 seconds
12.357: [GC (Allocation Failure)  348805K->645K(1048064K), 0.0004735 secs]
12.358: Total time for which application threads were stopped: 0.0006099 seconds, Stopping threads took: 0.0000200 seconds
12.577: [GC (Allocation Failure)  348805K->677K(1048064K), 0.0004349 secs]
12.577: Total time for which application threads were stopped: 0.0005627 seconds, Stopping threads took: 0.0000202 seconds
12.797: [GC (Allocation Failure)  348837K->709K(1048064K), 0.0004735 secs]
12.797: Total time for which application threads were stopped: 0.0006075 seconds, Stopping threads took: 0.0000197 seconds
13.012: [GC (Allocation Failure)  348869K->645K(1048064K), 0.0004914 secs]
13.012: Total time for which application threads were stopped: 0.0006107 seconds, Stopping threads took: 0.0000201 seconds
13.229: [GC (Allocation Failure)  348805K->677K(1048064K), 0.0004993 secs]
13.230: Total time for which application threads were stopped: 0.0006181 seconds, Stopping threads took: 0.0000192 seconds
13.448: [GC (Allocation Failure)  348837K->677K(1048064K), 0.0005662 secs]
13.449: Total time for which application threads were stopped: 0.0006949 seconds, Stopping threads took: 0.0000279 seconds
13.662: [GC (Allocation Failure)  348837K->677K(1048064K), 0.0005482 secs]
13.662: Total time for which application threads were stopped: 0.0006688 seconds, Stopping threads took: 0.0000198 seconds
13.875: [GC (Allocation Failure)  348837K->613K(1048064K), 0.0004739 secs]
13.875: Total time for which application threads were stopped: 0.0005928 seconds, Stopping threads took: 0.0000200 seconds
14.090: [GC (Allocation Failure)  348773K->709K(1048064K), 0.0004252 secs]
14.091: Total time for which application threads were stopped: 0.0005510 seconds, Stopping threads took: 0.0000268 seconds
14.303: [GC (Allocation Failure)  348869K->677K(1048064K), 0.0004815 secs]
14.304: Total time for which application threads were stopped: 0.0006102 seconds, Stopping threads took: 0.0000196 seconds
14.516: [GC (Allocation Failure)  348837K->645K(1048064K), 0.0004800 secs]
14.516: Total time for which application threads were stopped: 0.0006049 seconds, Stopping threads took: 0.0000282 seconds
14.729: [GC (Allocation Failure)  348805K->709K(1048064K), 0.0004604 secs]
14.730: Total time for which application threads were stopped: 0.0005799 seconds, Stopping threads took: 0.0000200 seconds
14.949: [GC (Allocation Failure)  348869K->613K(1048064K), 0.0006025 secs]
14.950: Total time for which application threads were stopped: 0.0007260 seconds, Stopping threads took: 0.0000200 seconds
15.164: [GC (Allocation Failure)  348773K->613K(1048064K), 0.0004338 secs]
15.164: Total time for which application threads were stopped: 0.0005609 seconds, Stopping threads took: 0.0000279 seconds
15.382: [GC (Allocation Failure)  348773K->677K(1048064K), 0.0004605 secs]
15.382: Total time for which application threads were stopped: 0.0005860 seconds, Stopping threads took: 0.0000282 seconds
15.596: [GC (Allocation Failure)  348837K->645K(1048064K), 0.0004800 secs]
15.596: Total time for which application threads were stopped: 0.0006281 seconds, Stopping threads took: 0.0000260 seconds
15.814: [GC (Allocation Failure)  348805K->709K(1048064K), 0.0004179 secs]
15.814: Total time for which application threads were stopped: 0.0005478 seconds, Stopping threads took: 0.0000274 seconds
16.027: [GC (Allocation Failure)  348869K->741K(1048064K), 0.0005159 secs]
16.028: Total time for which application threads were stopped: 0.0006392 seconds, Stopping threads took: 0.0000267 seconds
16.249: [GC (Allocation Failure)  348901K->677K(1048064K), 0.0004647 secs]
16.249: Total time for which application threads were stopped: 0.0005935 seconds, Stopping threads took: 0.0000276 seconds
16.463: [GC (Allocation Failure)  348837K->677K(1048064K), 0.0004719 secs]
16.463: Total time for which application threads were stopped: 0.0005908 seconds, Stopping threads took: 0.0000197 seconds
16.680: [GC (Allocation Failure)  348837K->645K(1048064K), 0.0005000 secs]
16.680: Total time for which application threads were stopped: 0.0006356 seconds, Stopping threads took: 0.0000261 seconds
16.898: [GC (Allocation Failure)  348805K->613K(1048064K), 0.0004879 secs]
16.899: Total time for which application threads were stopped: 0.0006199 seconds, Stopping threads took: 0.0000246 seconds
17.115: [GC (Allocation Failure)  348773K->677K(1048064K), 0.0006175 secs]
17.115: Total time for which application threads were stopped: 0.0007406 seconds, Stopping threads took: 0.0000270 seconds
17.328: [GC (Allocation Failure)  348837K->677K(1048064K), 0.0005491 secs]
17.328: Total time for which application threads were stopped: 0.0006814 seconds, Stopping threads took: 0.0000253 seconds
17.541: [GC (Allocation Failure)  348837K->677K(1048064K), 0.0005081 secs]
17.541: Total time for which application threads were stopped: 0.0006685 seconds, Stopping threads took: 0.0000195 seconds
17.760: [GC (Allocation Failure)  348837K->709K(1048064K), 0.0005095 secs]
17.761: Total time for which application threads were stopped: 0.0006400 seconds, Stopping threads took: 0.0000216 seconds
17.976: [GC (Allocation Failure)  348869K->677K(1048064K), 0.0004813 secs]
17.976: Total time for which application threads were stopped: 0.0006013 seconds, Stopping threads took: 0.0000195 seconds
18.192: [GC (Allocation Failure)  348837K->613K(1048064K), 0.0005598 secs]
18.193: Total time for which application threads were stopped: 0.0006929 seconds, Stopping threads took: 0.0000194 seconds
18.406: [GC (Allocation Failure)  348773K->677K(1048064K), 0.0005075 secs]
18.407: Total time for which application threads were stopped: 0.0006273 seconds, Stopping threads took: 0.0000197 seconds
18.621: [GC (Allocation Failure)  348837K->709K(1048064K), 0.0004272 secs]
18.622: Total time for which application threads were stopped: 0.0005627 seconds, Stopping threads took: 0.0000265 seconds
18.835: [GC (Allocation Failure)  348869K->613K(1048064K), 0.0005608 secs]
18.836: Total time for which application threads were stopped: 0.0006884 seconds, Stopping threads took: 0.0000280 seconds
19.050: [GC (Allocation Failure)  348773K->677K(1048064K), 0.0004720 secs]
19.051: Total time for which application threads were stopped: 0.0006142 seconds, Stopping threads took: 0.0000280 seconds
19.269: [GC (Allocation Failure)  348837K->677K(1048064K), 0.0005214 secs]
19.269: Total time for which application threads were stopped: 0.0006607 seconds, Stopping threads took: 0.0000291 seconds
19.481: [GC (Allocation Failure)  348837K->677K(1048064K), 0.0007681 secs]
19.482: Total time for which application threads were stopped: 0.0009017 seconds, Stopping threads took: 0.0000216 seconds
19.695: [GC (Allocation Failure)  348837K->677K(1048064K), 0.0005026 secs]
19.695: Total time for which application threads were stopped: 0.0006237 seconds, Stopping threads took: 0.0000262 seconds
19.908: [GC (Allocation Failure)  348837K->645K(1048064K), 0.0005484 secs]
19.909: Total time for which application threads were stopped: 0.0006760 seconds, Stopping threads took: 0.0000267 seconds
20.125: [GC (Allocation Failure)  348805K->613K(1048064K), 0.0004321 secs]
20.125: Total time for which application threads were stopped: 0.0005598 seconds, Stopping threads took: 0.0000274 seconds
20.337: [GC (Allocation Failure)  348773K->645K(1048064K), 0.0004907 secs]
20.338: Total time for which application threads were stopped: 0.0006096 seconds, Stopping threads took: 0.0000197 seconds
20.550: [GC (Allocation Failure)  348805K->645K(1048064K), 0.0004703 secs]
20.550: Total time for which application threads were stopped: 0.0006007 seconds, Stopping threads took: 0.0000201 seconds
20.769: [GC (Allocation Failure)  348805K->613K(1048064K), 0.0006973 secs]
20.770: Total time for which application threads were stopped: 0.0008206 seconds, Stopping threads took: 0.0000205 seconds
20.983: [GC (Allocation Failure)  348773K->709K(1048064K), 0.0004844 secs]
20.983: Total time for which application threads were stopped: 0.0006039 seconds, Stopping threads took: 0.0000200 seconds
21.197: [GC (Allocation Failure)  348869K->741K(1048064K), 0.0005048 secs]
21.197: Total time for which application threads were stopped: 0.0006370 seconds, Stopping threads took: 0.0000263 seconds
21.410: [GC (Allocation Failure)  348901K->645K(1048064K), 0.0005827 secs]
21.410: Total time for which application threads were stopped: 0.0007109 seconds, Stopping threads took: 0.0000258 seconds
21.631: [GC (Allocation Failure)  348805K->645K(1048064K), 0.0006647 secs]
21.632: Total time for which application threads were stopped: 0.0008123 seconds, Stopping threads took: 0.0000274 seconds
21.849: [GC (Allocation Failure)  348805K->645K(1048064K), 0.0005944 secs]
21.850: Total time for which application threads were stopped: 0.0007151 seconds, Stopping threads took: 0.0000196 seconds
22.063: [GC (Allocation Failure)  348805K->613K(1048064K), 0.0005194 secs]
22.064: Total time for which application threads were stopped: 0.0006398 seconds, Stopping threads took: 0.0000200 seconds
22.277: [GC (Allocation Failure)  348773K->709K(1048064K), 0.0005872 secs]
22.277: Total time for which application threads were stopped: 0.0007044 seconds, Stopping threads took: 0.0000199 seconds
22.489: [GC (Allocation Failure)  348869K->677K(1048064K), 0.0005348 secs]
22.490: Total time for which application threads were stopped: 0.0006687 seconds, Stopping threads took: 0.0000214 seconds
22.704: [GC (Allocation Failure)  348837K->645K(1048064K), 0.0005392 secs]
22.705: Total time for which application threads were stopped: 0.0006846 seconds, Stopping threads took: 0.0000271 seconds
22.922: [GC (Allocation Failure)  348805K->677K(1048064K), 0.0004747 secs]
22.922: Total time for which application threads were stopped: 0.0005769 seconds, Stopping threads took: 0.0000176 seconds
23.136: [GC (Allocation Failure)  348837K->645K(1048064K), 0.0004169 secs]
23.136: Total time for which application threads were stopped: 0.0005368 seconds, Stopping threads took: 0.0000198 seconds
23.355: [GC (Allocation Failure)  348805K->677K(1048064K), 0.0005391 secs]
23.356: Total time for which application threads were stopped: 0.0006591 seconds, Stopping threads took: 0.0000199 seconds
23.569: [GC (Allocation Failure)  348837K->645K(1048064K), 0.0005049 secs]
23.569: Total time for which application threads were stopped: 0.0006317 seconds, Stopping threads took: 0.0000280 seconds
23.784: [GC (Allocation Failure)  348805K->613K(1048064K), 0.0005966 secs]
23.784: Total time for which application threads were stopped: 0.0007245 seconds, Stopping threads took: 0.0000192 seconds
23.999: [GC (Allocation Failure)  348773K->677K(1048064K), 0.0005380 secs]
23.999: Total time for which application threads were stopped: 0.0006630 seconds, Stopping threads took: 0.0000280 seconds
24.212: [GC (Allocation Failure)  348837K->613K(1048064K), 0.0004668 secs]
24.212: Total time for which application threads were stopped: 0.0005844 seconds, Stopping threads took: 0.0000191 seconds
24.431: [GC (Allocation Failure)  348773K->709K(1048064K), 0.0007182 secs]
24.432: Total time for which application threads were stopped: 0.0008356 seconds, Stopping threads took: 0.0000199 seconds
24.644: [GC (Allocation Failure)  348869K->677K(1048064K), 0.0005362 secs]
24.645: Total time for which application threads were stopped: 0.0006747 seconds, Stopping threads took: 0.0000189 seconds
24.863: [GC (Allocation Failure)  348837K->709K(1048064K), 0.0004908 secs]
24.863: Total time for which application threads were stopped: 0.0006117 seconds, Stopping threads took: 0.0000189 seconds
25.078: [GC (Allocation Failure)  348869K->645K(1048064K), 0.0003741 secs]
25.078: Total time for which application threads were stopped: 0.0004783 seconds, Stopping threads took: 0.0000176 seconds
25.292: [GC (Allocation Failure)  348805K->645K(1048064K), 0.0005736 secs]
25.293: Total time for which application threads were stopped: 0.0006815 seconds, Stopping threads took: 0.0000186 seconds
25.508: [GC (Allocation Failure)  348805K->645K(1048064K), 0.0005525 secs]
25.509: Total time for which application threads were stopped: 0.0006674 seconds, Stopping threads took: 0.0000181 seconds
25.722: [GC (Allocation Failure)  348805K->613K(1048064K), 0.0004256 secs]
25.722: Total time for which application threads were stopped: 0.0005539 seconds, Stopping threads took: 0.0000279 seconds
25.941: [GC (Allocation Failure)  348773K->645K(1048064K), 0.0004941 secs]
25.942: Total time for which application threads were stopped: 0.0006027 seconds, Stopping threads took: 0.0000172 seconds
26.155: [GC (Allocation Failure)  348805K->613K(1048064K), 0.0005986 secs]
26.156: Total time for which application threads were stopped: 0.0007369 seconds, Stopping threads took: 0.0000274 seconds
26.373: [GC (Allocation Failure)  348773K->677K(1048064K), 0.0005286 secs]
26.373: Total time for which application threads were stopped: 0.0006505 seconds, Stopping threads took: 0.0000204 seconds
26.586: [GC (Allocation Failure)  348837K->645K(1048064K), 0.0005418 secs]
26.586: Total time for which application threads were stopped: 0.0006619 seconds, Stopping threads took: 0.0000263 seconds
26.799: [GC (Allocation Failure)  348805K->613K(1048064K), 0.0005531 secs]
26.799: Total time for which application threads were stopped: 0.0006797 seconds, Stopping threads took: 0.0000206 seconds
27.012: [GC (Allocation Failure)  348773K->613K(1048064K), 0.0006620 secs]
27.013: Total time for which application threads were stopped: 0.0007807 seconds, Stopping threads took: 0.0000194 seconds
27.233: [GC (Allocation Failure)  348773K->677K(1048064K), 0.0004194 secs]
27.233: Total time for which application threads were stopped: 0.0005424 seconds, Stopping threads took: 0.0000275 seconds
27.446: [GC (Allocation Failure)  348837K->645K(1048064K), 0.0004864 secs]
27.447: Total time for which application threads were stopped: 0.0006148 seconds, Stopping threads took: 0.0000283 seconds
27.664: [GC (Allocation Failure)  348805K->645K(1048064K), 0.0006647 secs]
27.665: Total time for which application threads were stopped: 0.0008031 seconds, Stopping threads took: 0.0000257 seconds
27.882: [GC (Allocation Failure)  348805K->709K(1048064K), 0.0005486 secs]
27.883: Total time for which application threads were stopped: 0.0006867 seconds, Stopping threads took: 0.0000267 seconds
28.097: [GC (Allocation Failure)  348869K->613K(1048064K), 0.0004081 secs]
28.097: Total time for which application threads were stopped: 0.0005328 seconds, Stopping threads took: 0.0000261 seconds
28.309: [GC (Allocation Failure)  348773K->677K(1048064K), 0.0005218 secs]
28.310: Total time for which application threads were stopped: 0.0006293 seconds, Stopping threads took: 0.0000197 seconds
28.527: [GC (Allocation Failure)  348837K->613K(1048064K), 0.0006239 secs]
28.528: Total time for which application threads were stopped: 0.0007419 seconds, Stopping threads took: 0.0000193 seconds
28.751: [GC (Allocation Failure)  348773K->709K(1048064K), 0.0005315 secs]
28.752: Total time for which application threads were stopped: 0.0006583 seconds, Stopping threads took: 0.0000265 seconds
28.966: [GC (Allocation Failure)  348869K->613K(1048064K), 0.0006369 secs]
28.967: Total time for which application threads were stopped: 0.0007658 seconds, Stopping threads took: 0.0000280 seconds
29.183: [GC (Allocation Failure)  348773K->645K(1048064K), 0.0004953 secs]
29.183: Total time for which application threads were stopped: 0.0006133 seconds, Stopping threads took: 0.0000258 seconds
29.395: [GC (Allocation Failure)  348805K->645K(1048064K), 0.0007198 secs]
29.396: Total time for which application threads were stopped: 0.0008511 seconds, Stopping threads took: 0.0000212 seconds
29.608: [GC (Allocation Failure)  348805K->709K(1048064K), 0.0005865 secs]
29.609: Total time for which application threads were stopped: 0.0007293 seconds, Stopping threads took: 0.0000262 seconds
29.820: [GC (Allocation Failure)  348869K->677K(1048064K), 0.0005394 secs]
29.821: Total time for which application threads were stopped: 0.0006705 seconds, Stopping threads took: 0.0000233 seconds
30.034: [GC (Allocation Failure)  348837K->709K(1048064K), 0.0004856 secs]
30.035: Total time for which application threads were stopped: 0.0006216 seconds, Stopping threads took: 0.0000269 seconds
30.247: [GC (Allocation Failure)  348869K->645K(1048064K), 0.0005255 secs]
30.247: Total time for which application threads were stopped: 0.0006565 seconds, Stopping threads took: 0.0000191 seconds
30.465: [GC (Allocation Failure)  348805K->645K(1048064K), 0.0006000 secs]
30.466: Total time for which application threads were stopped: 0.0007417 seconds, Stopping threads took: 0.0000279 seconds
30.678: [GC (Allocation Failure)  348805K->613K(1048064K), 0.0004837 secs]
30.678: Total time for which application threads were stopped: 0.0006043 seconds, Stopping threads took: 0.0000192 seconds
30.890: [GC (Allocation Failure)  348773K->677K(1048064K), 0.0006316 secs]
30.891: Total time for which application threads were stopped: 0.0008058 seconds, Stopping threads took: 0.0000191 seconds
31.104: [GC (Allocation Failure)  348837K->677K(1048064K), 0.0004541 secs]
31.105: Total time for which application threads were stopped: 0.0005817 seconds, Stopping threads took: 0.0000276 seconds
31.317: [GC (Allocation Failure)  348837K->677K(1048064K), 0.0004759 secs]
31.317: Total time for which application threads were stopped: 0.0006039 seconds, Stopping threads took: 0.0000284 seconds
31.529: [GC (Allocation Failure)  348837K->741K(1048064K), 0.0006353 secs]
31.530: Total time for which application threads were stopped: 0.0007739 seconds, Stopping threads took: 0.0000213 seconds
31.745: [GC (Allocation Failure)  348901K->709K(1048064K), 0.0006577 secs]
31.746: Total time for which application threads were stopped: 0.0007986 seconds, Stopping threads took: 0.0000208 seconds
31.965: [GC (Allocation Failure)  348869K->677K(1048064K), 0.0004990 secs]
31.966: Total time for which application threads were stopped: 0.0006226 seconds, Stopping threads took: 0.0000199 seconds
32.184: [GC (Allocation Failure)  348837K->645K(1048064K), 0.0005563 secs]
32.184: Total time for which application threads were stopped: 0.0006760 seconds, Stopping threads took: 0.0000198 seconds
32.401: [GC (Allocation Failure)  348805K->677K(1048064K), 0.0005252 secs]
32.401: Total time for which application threads were stopped: 0.0006620 seconds, Stopping threads took: 0.0000278 seconds
32.614: [GC (Allocation Failure)  348837K->741K(1048064K), 0.0006137 secs]
32.614: Total time for which application threads were stopped: 0.0007472 seconds, Stopping threads took: 0.0000338 seconds
32.832: [GC (Allocation Failure)  348901K->677K(1048064K), 0.0007039 secs]
32.833: Total time for which application threads were stopped: 0.0008303 seconds, Stopping threads took: 0.0000277 seconds
33.051: [GC (Allocation Failure)  348837K->613K(1048064K), 0.0005075 secs]
33.051: Total time for which application threads were stopped: 0.0006399 seconds, Stopping threads took: 0.0000197 seconds
33.271: [GC (Allocation Failure)  348773K->677K(1048064K), 0.0004558 secs]
33.272: Total time for which application threads were stopped: 0.0005726 seconds, Stopping threads took: 0.0000194 seconds
33.484: [GC (Allocation Failure)  348837K->645K(1048064K), 0.0004914 secs]
33.484: Total time for which application threads were stopped: 0.0006320 seconds, Stopping threads took: 0.0000274 seconds
33.697: [GC (Allocation Failure)  348805K->709K(1048064K), 0.0006186 secs]
33.697: Total time for which application threads were stopped: 0.0007459 seconds, Stopping threads took: 0.0000200 seconds
33.910: [GC (Allocation Failure)  348869K->645K(1048064K), 0.0004619 secs]
33.911: Total time for which application threads were stopped: 0.0005881 seconds, Stopping threads took: 0.0000275 seconds
34.123: [GC (Allocation Failure)  348805K->613K(1048064K), 0.0004731 secs]
34.124: Total time for which application threads were stopped: 0.0005991 seconds, Stopping threads took: 0.0000261 seconds
34.341: [GC (Allocation Failure)  348773K->677K(1048064K), 0.0004671 secs]
34.342: Total time for which application threads were stopped: 0.0005868 seconds, Stopping threads took: 0.0000200 seconds
34.554: [GC (Allocation Failure)  348837K->677K(1048064K), 0.0004201 secs]
34.554: Total time for which application threads were stopped: 0.0005768 seconds, Stopping threads took: 0.0000510 seconds
34.772: [GC (Allocation Failure)  348837K->677K(1048064K), 0.0004531 secs]
34.773: Total time for which application threads were stopped: 0.0005972 seconds, Stopping threads took: 0.0000282 seconds
34.986: [GC (Allocation Failure)  348837K->645K(1048064K), 0.0004984 secs]
34.986: Total time for which application threads were stopped: 0.0006250 seconds, Stopping threads took: 0.0000276 seconds
35.202: [GC (Allocation Failure)  348805K->645K(1048064K), 0.0003874 secs]
35.202: Total time for which application threads were stopped: 0.0004936 seconds, Stopping threads took: 0.0000255 seconds
35.418: [GC (Allocation Failure)  348805K->645K(1048064K), 0.0005200 secs]
35.418: Total time for which application threads were stopped: 0.0006359 seconds, Stopping threads took: 0.0000192 seconds
35.633: [GC (Allocation Failure)  348805K->645K(1048064K), 0.0005097 secs]
35.633: Total time for which application threads were stopped: 0.0006586 seconds, Stopping threads took: 0.0000206 seconds
35.847: [GC (Allocation Failure)  348805K->613K(1048064K), 0.0005516 secs]
35.847: Total time for which application threads were stopped: 0.0006779 seconds, Stopping threads took: 0.0000273 seconds
36.062: [GC (Allocation Failure)  348773K->645K(1048064K), 0.0004737 secs]
36.062: Total time for which application threads were stopped: 0.0005978 seconds, Stopping threads took: 0.0000276 seconds
36.282: [GC (Allocation Failure)  348805K->677K(1048064K), 0.0005543 secs]
36.283: Total time for which application threads were stopped: 0.0006789 seconds, Stopping threads took: 0.0000282 seconds
36.499: [GC (Allocation Failure)  348837K->645K(1048064K), 0.0004531 secs]
36.500: Total time for which application threads were stopped: 0.0005728 seconds, Stopping threads took: 0.0000170 seconds
36.713: [GC (Allocation Failure)  348805K->645K(1048064K), 0.0005139 secs]
36.714: Total time for which application threads were stopped: 0.0006419 seconds, Stopping threads took: 0.0000284 seconds
36.927: [GC (Allocation Failure)  348805K->613K(1048064K), 0.0007966 secs]
36.928: Total time for which application threads were stopped: 0.0009167 seconds, Stopping threads took: 0.0000200 seconds
37.141: [GC (Allocation Failure)  348773K->677K(1048064K), 0.0004480 secs]
37.141: Total time for which application threads were stopped: 0.0005692 seconds, Stopping threads took: 0.0000265 seconds
37.353: [GC (Allocation Failure)  348837K->645K(1048064K), 0.0005013 secs]
37.354: Total time for which application threads were stopped: 0.0006315 seconds, Stopping threads took: 0.0000200 seconds
37.566: [GC (Allocation Failure)  348805K->709K(1048064K), 0.0005558 secs]
37.566: Total time for which application threads were stopped: 0.0006989 seconds, Stopping threads took: 0.0000212 seconds
37.780: [GC (Allocation Failure)  348869K->709K(1048064K), 0.0004795 secs]
37.781: Total time for which application threads were stopped: 0.0006152 seconds, Stopping threads took: 0.0000283 seconds
38.000: [GC (Allocation Failure)  348869K->645K(1048064K), 0.0004924 secs]
38.001: Total time for which application threads were stopped: 0.0006114 seconds, Stopping threads took: 0.0000198 seconds
38.218: [GC (Allocation Failure)  348805K->645K(1048064K), 0.0005109 secs]
38.219: Total time for which application threads were stopped: 0.0006294 seconds, Stopping threads took: 0.0000199 seconds
38.437: [GC (Allocation Failure)  348805K->709K(1048064K), 0.0006422 secs]
38.437: Total time for which application threads were stopped: 0.0007602 seconds, Stopping threads took: 0.0000193 seconds
38.650: [GC (Allocation Failure)  348869K->645K(1048064K), 0.0004143 secs]
38.650: Total time for which application threads were stopped: 0.0005341 seconds, Stopping threads took: 0.0000199 seconds
38.867: [GC (Allocation Failure)  348805K->677K(1048064K), 0.0005118 secs]
38.868: Total time for which application threads were stopped: 0.0006304 seconds, Stopping threads took: 0.0000195 seconds
39.082: [GC (Allocation Failure)  348837K->741K(1048064K), 0.0005042 secs]
39.083: Total time for which application threads were stopped: 0.0006369 seconds, Stopping threads took: 0.0000195 seconds
39.298: [GC (Allocation Failure)  348901K->613K(1048064K), 0.0006054 secs]
39.299: Total time for which application threads were stopped: 0.0007321 seconds, Stopping threads took: 0.0000284 seconds
39.517: [GC (Allocation Failure)  348773K->645K(1048064K), 0.0004737 secs]
39.518: Total time for which application threads were stopped: 0.0005974 seconds, Stopping threads took: 0.0000281 seconds
39.738: [GC (Allocation Failure)  348805K->645K(1048064K), 0.0004613 secs]
39.738: Total time for which application threads were stopped: 0.0005703 seconds, Stopping threads took: 0.0000176 seconds
39.953: [GC (Allocation Failure)  348805K->645K(1048064K), 0.0004764 secs]
39.953: Total time for which application threads were stopped: 0.0005804 seconds, Stopping threads took: 0.0000185 seconds
40.169: [GC (Allocation Failure)  348805K->677K(1048064K), 0.0006781 secs]
40.170: Total time for which application threads were stopped: 0.0008114 seconds, Stopping threads took: 0.0000204 seconds
40.382: [GC (Allocation Failure)  348837K->677K(1048064K), 0.0004658 secs]
40.382: Total time for which application threads were stopped: 0.0005879 seconds, Stopping threads took: 0.0000200 seconds
40.601: [GC (Allocation Failure)  348837K->677K(1048064K), 0.0004779 secs]
40.601: Total time for which application threads were stopped: 0.0006073 seconds, Stopping threads took: 0.0000287 seconds
40.814: [GC (Allocation Failure)  348837K->677K(1048064K), 0.0004801 secs]
40.814: Total time for which application threads were stopped: 0.0006006 seconds, Stopping threads took: 0.0000198 seconds
41.027: [GC (Allocation Failure)  348837K->677K(1048064K), 0.0004756 secs]
41.028: Total time for which application threads were stopped: 0.0005925 seconds, Stopping threads took: 0.0000198 seconds
41.243: [GC (Allocation Failure)  348837K->645K(1048064K), 0.0005798 secs]
41.244: Total time for which application threads were stopped: 0.0007251 seconds, Stopping threads took: 0.0000277 seconds
41.463: [GC (Allocation Failure)  348805K->677K(1048064K), 0.0004567 secs]
41.463: Total time for which application threads were stopped: 0.0005664 seconds, Stopping threads took: 0.0000197 seconds
41.682: [GC (Allocation Failure)  348837K->645K(1048064K), 0.0004677 secs]
41.682: Total time for which application threads were stopped: 0.0005874 seconds, Stopping threads took: 0.0000269 seconds
41.895: [GC (Allocation Failure)  348805K->581K(1048064K), 0.0005902 secs]
41.895: Total time for which application threads were stopped: 0.0007114 seconds, Stopping threads took: 0.0000251 seconds
42.112: [GC (Allocation Failure)  348741K->645K(1048064K), 0.0004299 secs]
42.112: Total time for which application threads were stopped: 0.0005499 seconds, Stopping threads took: 0.0000262 seconds
42.326: [GC (Allocation Failure)  348805K->613K(1048064K), 0.0004829 secs]
42.326: Total time for which application threads were stopped: 0.0006142 seconds, Stopping threads took: 0.0000304 seconds
42.544: [GC (Allocation Failure)  348773K->645K(1048064K), 0.0005603 secs]
42.544: Total time for which application threads were stopped: 0.0006755 seconds, Stopping threads took: 0.0000193 seconds
42.763: [GC (Allocation Failure)  348805K->709K(1048064K), 0.0005093 secs]
42.764: Total time for which application threads were stopped: 0.0006334 seconds, Stopping threads took: 0.0000263 seconds
42.982: [GC (Allocation Failure)  348869K->677K(1048064K), 0.0004193 secs]
42.983: Total time for which application threads were stopped: 0.0005222 seconds, Stopping threads took: 0.0000179 seconds
43.202: [GC (Allocation Failure)  348837K->645K(1048064K), 0.0003784 secs]
43.202: Total time for which application threads were stopped: 0.0004945 seconds, Stopping threads took: 0.0000256 seconds
43.414: [GC (Allocation Failure)  348805K->645K(1048064K), 0.0004838 secs]
43.415: Total time for which application threads were stopped: 0.0006037 seconds, Stopping threads took: 0.0000199 seconds
43.633: [GC (Allocation Failure)  348805K->677K(1048064K), 0.0005866 secs]
43.634: Total time for which application threads were stopped: 0.0007532 seconds, Stopping threads took: 0.0000260 seconds
43.851: [GC (Allocation Failure)  348837K->645K(1048064K), 0.0004812 secs]
43.852: Total time for which application threads were stopped: 0.0005972 seconds, Stopping threads took: 0.0000192 seconds
44.067: [GC (Allocation Failure)  348805K->613K(1048064K), 0.0005711 secs]
44.067: Total time for which application threads were stopped: 0.0006906 seconds, Stopping threads took: 0.0000197 seconds
44.283: [GC (Allocation Failure)  348773K->645K(1048064K), 0.0004727 secs]
44.284: Total time for which application threads were stopped: 0.0006189 seconds, Stopping threads took: 0.0000199 seconds
44.501: [GC (Allocation Failure)  348805K->645K(1048064K), 0.0005406 secs]
44.502: Total time for which application threads were stopped: 0.0006869 seconds, Stopping threads took: 0.0000220 seconds
44.714: [GC (Allocation Failure)  348805K->613K(1048064K), 0.0005254 secs]
44.715: Total time for which application threads were stopped: 0.0006398 seconds, Stopping threads took: 0.0000187 seconds
44.933: [GC (Allocation Failure)  348773K->613K(1048064K), 0.0005013 secs]
44.934: Total time for which application threads were stopped: 0.0006208 seconds, Stopping threads took: 0.0000200 seconds
45.146: [GC (Allocation Failure)  348773K->645K(1048064K), 0.0004220 secs]
45.146: Total time for which application threads were stopped: 0.0005485 seconds, Stopping threads took: 0.0000289 seconds
45.363: [GC (Allocation Failure)  348805K->645K(1048064K), 0.0005689 secs]
45.364: Total time for which application threads were stopped: 0.0006970 seconds, Stopping threads took: 0.0000279 seconds
45.580: [GC (Allocation Failure)  348805K->677K(1048064K), 0.0004704 secs]
45.581: Total time for which application threads were stopped: 0.0005948 seconds, Stopping threads took: 0.0000205 seconds
45.799: [GC (Allocation Failure)  348837K->677K(1048064K), 0.0004274 secs]
45.799: Total time for which application threads were stopped: 0.0005522 seconds, Stopping threads took: 0.0000211 seconds
46.014: [GC (Allocation Failure)  348837K->645K(1048064K), 0.0004057 secs]
46.014: Total time for which application threads were stopped: 0.0005098 seconds, Stopping threads took: 0.0000173 seconds
46.232: [GC (Allocation Failure)  348805K->677K(1048064K), 0.0004995 secs]
46.233: Total time for which application threads were stopped: 0.0006187 seconds, Stopping threads took: 0.0000197 seconds
46.445: [GC (Allocation Failure)  348837K->677K(1048064K), 0.0005022 secs]
46.445: Total time for which application threads were stopped: 0.0006395 seconds, Stopping threads took: 0.0000214 seconds
46.657: [GC (Allocation Failure)  348837K->709K(1048064K), 0.0004586 secs]
46.658: Total time for which application threads were stopped: 0.0005887 seconds, Stopping threads took: 0.0000200 seconds
46.876: [GC (Allocation Failure)  348869K->613K(1048064K), 0.0004478 secs]
46.876: Total time for which application threads were stopped: 0.0005756 seconds, Stopping threads took: 0.0000274 seconds
47.089: [GC (Allocation Failure)  348773K->741K(1048064K), 0.0005363 secs]
47.090: Total time for which application threads were stopped: 0.0006569 seconds, Stopping threads took: 0.0000201 seconds
47.302: [GC (Allocation Failure)  348901K->709K(1048064K), 0.0004419 secs]
47.303: Total time for which application threads were stopped: 0.0005614 seconds, Stopping threads took: 0.0000200 seconds
47.515: [GC (Allocation Failure)  348869K->613K(1048064K), 0.0004600 secs]
47.515: Total time for which application threads were stopped: 0.0005880 seconds, Stopping threads took: 0.0000278 seconds
47.730: [GC (Allocation Failure)  348773K->645K(1048064K), 0.0004736 secs]
47.731: Total time for which application threads were stopped: 0.0005933 seconds, Stopping threads took: 0.0000198 seconds
47.944: [GC (Allocation Failure)  348805K->709K(1048064K), 0.0005451 secs]
47.944: Total time for which application threads were stopped: 0.0006576 seconds, Stopping threads took: 0.0000204 seconds
48.166: [GC (Allocation Failure)  348869K->645K(1048064K), 0.0005733 secs]
48.166: Total time for which application threads were stopped: 0.0007144 seconds, Stopping threads took: 0.0000261 seconds
48.384: [GC (Allocation Failure)  348805K->709K(1048064K), 0.0004614 secs]
48.384: Total time for which application threads were stopped: 0.0005889 seconds, Stopping threads took: 0.0000279 seconds
48.596: [GC (Allocation Failure)  348869K->677K(1048064K), 0.0004913 secs]
48.596: Total time for which application threads were stopped: 0.0006179 seconds, Stopping threads took: 0.0000278 seconds
48.810: [GC (Allocation Failure)  348837K->645K(1048064K), 0.0004811 secs]
48.811: Total time for which application threads were stopped: 0.0006004 seconds, Stopping threads took: 0.0000196 seconds
49.025: [GC (Allocation Failure)  348805K->645K(1048064K), 0.0005363 secs]
49.026: Total time for which application threads were stopped: 0.0006644 seconds, Stopping threads took: 0.0000202 seconds
49.239: [GC (Allocation Failure)  348805K->709K(1048064K), 0.0004336 secs]
49.239: Total time for which application threads were stopped: 0.0005635 seconds, Stopping threads took: 0.0000279 seconds
49.457: [GC (Allocation Failure)  348869K->645K(1048064K), 0.0005168 secs]
49.457: Total time for which application threads were stopped: 0.0006564 seconds, Stopping threads took: 0.0000274 seconds
49.678: [GC (Allocation Failure)  348805K->677K(1048064K), 0.0005019 secs]
49.679: Total time for which application threads were stopped: 0.0006238 seconds, Stopping threads took: 0.0000267 seconds
49.892: [GC (Allocation Failure)  348837K->613K(1048064K), 0.0005271 secs]
49.893: Total time for which application threads were stopped: 0.0006665 seconds, Stopping threads took: 0.0000457 seconds
50.107: [GC (Allocation Failure)  348773K->741K(1048064K), 0.0003923 secs]
50.108: Total time for which application threads were stopped: 0.0004928 seconds, Stopping threads took: 0.0000167 seconds
50.324: [GC (Allocation Failure)  348901K->677K(1048064K), 0.0005950 secs]
50.325: Total time for which application threads were stopped: 0.0007048 seconds, Stopping threads took: 0.0000178 seconds
50.538: [GC (Allocation Failure)  348837K->677K(1048064K), 0.0005579 secs]
50.539: Total time for which application threads were stopped: 0.0006825 seconds, Stopping threads took: 0.0000205 seconds
50.754: [GC (Allocation Failure)  348837K->677K(1048064K), 0.0004892 secs]
50.755: Total time for which application threads were stopped: 0.0005961 seconds, Stopping threads took: 0.0000194 seconds
50.973: [GC (Allocation Failure)  348837K->645K(1048064K), 0.0004898 secs]
50.973: Total time for which application threads were stopped: 0.0006089 seconds, Stopping threads took: 0.0000203 seconds
51.193: [GC (Allocation Failure)  348805K->613K(1048064K), 0.0004615 secs]
51.193: Total time for which application threads were stopped: 0.0006001 seconds, Stopping threads took: 0.0000279 seconds
51.410: [GC (Allocation Failure)  348773K->645K(1048064K), 0.0005061 secs]
51.410: Total time for which application threads were stopped: 0.0006252 seconds, Stopping threads took: 0.0000199 seconds
51.623: [GC (Allocation Failure)  348805K->645K(1048064K), 0.0004003 secs]
51.623: Total time for which application threads were stopped: 0.0005208 seconds, Stopping threads took: 0.0000258 seconds
51.842: [GC (Allocation Failure)  348805K->677K(1048064K), 0.0004812 secs]
51.842: Total time for which application threads were stopped: 0.0006133 seconds, Stopping threads took: 0.0000199 seconds
52.061: [GC (Allocation Failure)  348837K->677K(1048064K), 0.0004567 secs]
52.061: Total time for which application threads were stopped: 0.0005954 seconds, Stopping threads took: 0.0000195 seconds
52.274: [GC (Allocation Failure)  348837K->677K(1048064K), 0.0006377 secs]
52.275: Total time for which application threads were stopped: 0.0007636 seconds, Stopping threads took: 0.0000270 seconds
52.486: [GC (Allocation Failure)  348837K->645K(1048064K), 0.0004821 secs]
52.487: Total time for which application threads were stopped: 0.0006092 seconds, Stopping threads took: 0.0000193 seconds
52.704: [GC (Allocation Failure)  348805K->677K(1048064K), 0.0006375 secs]
52.705: Total time for which application threads were stopped: 0.0007568 seconds, Stopping threads took: 0.0000197 seconds
52.918: [GC (Allocation Failure)  348837K->677K(1048064K), 0.0005028 secs]
52.919: Total time for which application threads were stopped: 0.0006114 seconds, Stopping threads took: 0.0000263 seconds
53.132: [GC (Allocation Failure)  348837K->613K(1048064K), 0.0005907 secs]
53.132: Total time for which application threads were stopped: 0.0007241 seconds, Stopping threads took: 0.0000260 seconds
53.345: [GC (Allocation Failure)  348773K->613K(1048064K), 0.0004796 secs]
53.345: Total time for which application threads were stopped: 0.0005993 seconds, Stopping threads took: 0.0000202 seconds
53.557: [GC (Allocation Failure)  348773K->645K(1048064K), 0.0004878 secs]
53.558: Total time for which application threads were stopped: 0.0006054 seconds, Stopping threads took: 0.0000197 seconds
53.770: [GC (Allocation Failure)  348805K->677K(1048064K), 0.0005771 secs]
53.770: Total time for which application threads were stopped: 0.0006927 seconds, Stopping threads took: 0.0000199 seconds
53.989: [GC (Allocation Failure)  348837K->613K(1048064K), 0.0005832 secs]
53.990: Total time for which application threads were stopped: 0.0007125 seconds, Stopping threads took: 0.0000280 seconds
54.203: [GC (Allocation Failure)  348773K->645K(1048064K), 0.0004789 secs]
54.203: Total time for which application threads were stopped: 0.0006068 seconds, Stopping threads took: 0.0000194 seconds
54.422: [GC (Allocation Failure)  348805K->645K(1048064K), 0.0004591 secs]
54.422: Total time for which application threads were stopped: 0.0005793 seconds, Stopping threads took: 0.0000196 seconds
54.637: [GC (Allocation Failure)  348805K->709K(1048064K), 0.0004633 secs]
54.637: Total time for which application threads were stopped: 0.0005900 seconds, Stopping threads took: 0.0000264 seconds
54.855: [GC (Allocation Failure)  348869K->677K(1048064K), 0.0004645 secs]
54.855: Total time for which application threads were stopped: 0.0005865 seconds, Stopping threads took: 0.0000274 seconds
55.074: [GC (Allocation Failure)  348837K->613K(1048064K), 0.0004473 secs]
55.074: Total time for which application threads were stopped: 0.0005625 seconds, Stopping threads took: 0.0000194 seconds
55.297: [GC (Allocation Failure)  348773K->677K(1048064K), 0.0005035 secs]
55.297: Total time for which application threads were stopped: 0.0006191 seconds, Stopping threads took: 0.0000194 seconds
55.514: [GC (Allocation Failure)  348837K->645K(1048064K), 0.0004949 secs]
55.515: Total time for which application threads were stopped: 0.0006055 seconds, Stopping threads took: 0.0000178 seconds
55.730: [GC (Allocation Failure)  348805K->613K(1048064K), 0.0005731 secs]
55.730: Total time for which application threads were stopped: 0.0007158 seconds, Stopping threads took: 0.0000286 seconds
55.949: [GC (Allocation Failure)  348773K->677K(1048064K), 0.0005272 secs]
55.950: Total time for which application threads were stopped: 0.0006484 seconds, Stopping threads took: 0.0000197 seconds
56.162: [GC (Allocation Failure)  348837K->677K(1048064K), 0.0004487 secs]
56.163: Total time for which application threads were stopped: 0.0005702 seconds, Stopping threads took: 0.0000196 seconds
56.375: [GC (Allocation Failure)  348837K->613K(1048064K), 0.0005418 secs]
56.376: Total time for which application threads were stopped: 0.0006622 seconds, Stopping threads took: 0.0000199 seconds
56.593: [GC (Allocation Failure)  348773K->645K(1048064K), 0.0005105 secs]
56.594: Total time for which application threads were stopped: 0.0006769 seconds, Stopping threads took: 0.0000280 seconds
56.812: [GC (Allocation Failure)  348805K->677K(1048064K), 0.0004442 secs]
56.812: Total time for which application threads were stopped: 0.0005672 seconds, Stopping threads took: 0.0000193 seconds
57.031: [GC (Allocation Failure)  348837K->613K(1048064K), 0.0004689 secs]
57.032: Total time for which application threads were stopped: 0.0005965 seconds, Stopping threads took: 0.0000204 seconds
57.246: [GC (Allocation Failure)  348773K->709K(1048064K), 0.0004437 secs]
57.246: Total time for which application threads were stopped: 0.0005607 seconds, Stopping threads took: 0.0000200 seconds
57.464: [GC (Allocation Failure)  348869K->645K(1048064K), 0.0004773 secs]
57.464: Total time for which application threads were stopped: 0.0005844 seconds, Stopping threads took: 0.0000169 seconds
57.679: [GC (Allocation Failure)  348805K->645K(1048064K), 0.0004690 secs]
57.680: Total time for which application threads were stopped: 0.0005926 seconds, Stopping threads took: 0.0000272 seconds
57.893: [GC (Allocation Failure)  348805K->613K(1048064K), 0.0005934 secs]
57.893: Total time for which application threads were stopped: 0.0007382 seconds, Stopping threads took: 0.0000165 seconds
58.106: [GC (Allocation Failure)  348773K->645K(1048064K), 0.0005306 secs]
58.107: Total time for which application threads were stopped: 0.0006632 seconds, Stopping threads took: 0.0000273 seconds
58.319: [GC (Allocation Failure)  348805K->645K(1048064K), 0.0005731 secs]
58.320: Total time for which application threads were stopped: 0.0007127 seconds, Stopping threads took: 0.0000398 seconds
58.535: [GC (Allocation Failure)  348805K->645K(1048064K), 0.0004760 secs]
58.536: Total time for which application threads were stopped: 0.0005969 seconds, Stopping threads took: 0.0000199 seconds
58.751: [GC (Allocation Failure)  348805K->613K(1048064K), 0.0004759 secs]
58.752: Total time for which application threads were stopped: 0.0006036 seconds, Stopping threads took: 0.0000279 seconds
58.965: [GC (Allocation Failure)  348773K->709K(1048064K), 0.0005840 secs]
58.965: Total time for which application threads were stopped: 0.0007092 seconds, Stopping threads took: 0.0000278 seconds
59.183: [GC (Allocation Failure)  348869K->677K(1048064K), 0.0004668 secs]
59.184: Total time for which application threads were stopped: 0.0005754 seconds, Stopping threads took: 0.0000196 seconds
59.401: [GC (Allocation Failure)  348837K->645K(1048064K), 0.0005172 secs]
59.401: Total time for which application threads were stopped: 0.0006447 seconds, Stopping threads took: 0.0000276 seconds
59.619: [GC (Allocation Failure)  348805K->645K(1048064K), 0.0005056 secs]
59.620: Total time for which application threads were stopped: 0.0006379 seconds, Stopping threads took: 0.0000279 seconds
59.832: [GC (Allocation Failure)  348805K->581K(1048064K), 0.0004614 secs]
59.833: Total time for which application threads were stopped: 0.0005880 seconds, Stopping threads took: 0.0000196 seconds
60.046: [GC (Allocation Failure)  348741K->677K(1048064K), 0.0006268 secs]
60.046: Total time for which application threads were stopped: 0.0007349 seconds, Stopping threads took: 0.0000163 seconds
60.259: [GC (Allocation Failure)  348837K->645K(1048064K), 0.0005888 secs]
60.260: Total time for which application threads were stopped: 0.0007095 seconds, Stopping threads took: 0.0000196 seconds
60.477: [GC (Allocation Failure)  348805K->645K(1048064K), 0.0005460 secs]
60.478: Total time for which application threads were stopped: 0.0006662 seconds, Stopping threads took: 0.0000203 seconds
60.698: [GC (Allocation Failure)  348805K->677K(1048064K), 0.0004804 secs]
60.698: Total time for which application threads were stopped: 0.0006082 seconds, Stopping threads took: 0.0000200 seconds
60.913: [GC (Allocation Failure)  348837K->613K(1048064K), 0.0006039 secs]
60.914: Total time for which application threads were stopped: 0.0007186 seconds, Stopping threads took: 0.0000197 seconds
61.129: [GC (Allocation Failure)  348773K->677K(1048064K), 0.0006558 secs]
61.130: Total time for which application threads were stopped: 0.0007801 seconds, Stopping threads took: 0.0000272 seconds
61.345: [GC (Allocation Failure)  348837K->645K(1048064K), 0.0004493 secs]
61.346: Total time for which application threads were stopped: 0.0005603 seconds, Stopping threads took: 0.0000178 seconds
61.558: [GC (Allocation Failure)  348805K->645K(1048064K), 0.0004909 secs]
61.559: Total time for which application threads were stopped: 0.0006110 seconds, Stopping threads took: 0.0000198 seconds
61.783: [GC (Allocation Failure)  348805K->677K(1048064K), 0.0004712 secs]
61.784: Total time for which application threads were stopped: 0.0005939 seconds, Stopping threads took: 0.0000199 seconds
61.999: [GC (Allocation Failure)  348837K->741K(1048064K), 0.0005342 secs]
61.999: Total time for which application threads were stopped: 0.0006515 seconds, Stopping threads took: 0.0000199 seconds
62.215: [GC (Allocation Failure)  348901K->645K(1048064K), 0.0004524 secs]
62.215: Total time for which application threads were stopped: 0.0005702 seconds, Stopping threads took: 0.0000198 seconds
62.431: [GC (Allocation Failure)  348805K->677K(1048064K), 0.0004654 secs]
62.431: Total time for which application threads were stopped: 0.0005890 seconds, Stopping threads took: 0.0000269 seconds
62.644: [GC (Allocation Failure)  348837K->645K(1048064K), 0.0005866 secs]
62.644: Total time for which application threads were stopped: 0.0007114 seconds, Stopping threads took: 0.0000258 seconds
62.856: [GC (Allocation Failure)  348805K->709K(1048064K), 0.0005450 secs]
62.857: Total time for which application threads were stopped: 0.0006592 seconds, Stopping threads took: 0.0000187 seconds
63.074: [GC (Allocation Failure)  348869K->677K(1048064K), 0.0005114 secs]
63.074: Total time for which application threads were stopped: 0.0006323 seconds, Stopping threads took: 0.0000198 seconds
63.288: [GC (Allocation Failure)  348837K->677K(1048064K), 0.0004830 secs]
63.288: Total time for which application threads were stopped: 0.0006163 seconds, Stopping threads took: 0.0000279 seconds
63.506: [GC (Allocation Failure)  348837K->677K(1048064K), 0.0004512 secs]
63.507: Total time for which application threads were stopped: 0.0005671 seconds, Stopping threads took: 0.0000172 seconds
63.725: [GC (Allocation Failure)  348837K->709K(1048064K), 0.0005427 secs]
63.725: Total time for which application threads were stopped: 0.0006800 seconds, Stopping threads took: 0.0000204 seconds
63.945: [GC (Allocation Failure)  348869K->645K(1048064K), 0.0005176 secs]
63.945: Total time for which application threads were stopped: 0.0006386 seconds, Stopping threads took: 0.0000198 seconds
64.165: [GC (Allocation Failure)  348805K->645K(1048064K), 0.0005345 secs]
64.165: Total time for which application threads were stopped: 0.0006615 seconds, Stopping threads took: 0.0000264 seconds
64.379: [GC (Allocation Failure)  348805K->645K(1048064K), 0.0005028 secs]
64.379: Total time for which application threads were stopped: 0.0006394 seconds, Stopping threads took: 0.0000196 seconds
64.597: [GC (Allocation Failure)  348805K->709K(1048064K), 0.0004671 secs]
64.597: Total time for which application threads were stopped: 0.0005864 seconds, Stopping threads took: 0.0000196 seconds
64.816: [GC (Allocation Failure)  348869K->677K(1048064K), 0.0004402 secs]
64.817: Total time for which application threads were stopped: 0.0005568 seconds, Stopping threads took: 0.0000194 seconds
65.034: [GC (Allocation Failure)  348837K->677K(1048064K), 0.0004935 secs]
65.035: Total time for which application threads were stopped: 0.0006268 seconds, Stopping threads took: 0.0000196 seconds
65.250: [GC (Allocation Failure)  348837K->677K(1048064K), 0.0004551 secs]
65.251: Total time for which application threads were stopped: 0.0005740 seconds, Stopping threads took: 0.0000206 seconds
65.469: [GC (Allocation Failure)  348837K->709K(1048064K), 0.0005419 secs]
65.470: Total time for which application threads were stopped: 0.0006611 seconds, Stopping threads took: 0.0000195 seconds
65.684: [GC (Allocation Failure)  348869K->613K(1048064K), 0.0004138 secs]
65.684: Total time for which application threads were stopped: 0.0005422 seconds, Stopping threads took: 0.0000283 seconds
65.903: [GC (Allocation Failure)  348773K->677K(1048064K), 0.0004566 secs]
65.904: Total time for which application threads were stopped: 0.0005822 seconds, Stopping threads took: 0.0000242 seconds
66.117: [GC (Allocation Failure)  348837K->645K(1048064K), 0.0004458 secs]
66.118: Total time for which application threads were stopped: 0.0005606 seconds, Stopping threads took: 0.0000201 seconds
66.333: [GC (Allocation Failure)  348805K->613K(1048064K), 0.0006529 secs]
66.334: Total time for which application threads were stopped: 0.0007938 seconds, Stopping threads took: 0.0000275 seconds
66.552: [GC (Allocation Failure)  348773K->709K(1048064K), 0.0004546 secs]
66.553: Total time for which application threads were stopped: 0.0005698 seconds, Stopping threads took: 0.0000196 seconds
66.769: [GC (Allocation Failure)  348869K->645K(1048064K), 0.0004756 secs]
66.770: Total time for which application threads were stopped: 0.0005756 seconds, Stopping threads took: 0.0000165 seconds
66.987: [GC (Allocation Failure)  348805K->645K(1048064K), 0.0005407 secs]
66.988: Total time for which application threads were stopped: 0.0006615 seconds, Stopping threads took: 0.0000198 seconds
67.206: [GC (Allocation Failure)  348805K->709K(1048064K), 0.0004600 secs]
67.206: Total time for which application threads were stopped: 0.0005932 seconds, Stopping threads took: 0.0000283 seconds
67.418: [GC (Allocation Failure)  348869K->677K(1048064K), 0.0004688 secs]
67.418: Total time for which application threads were stopped: 0.0005848 seconds, Stopping threads took: 0.0000196 seconds
67.630: [GC (Allocation Failure)  348837K->645K(1048064K), 0.0003989 secs]
67.631: Total time for which application threads were stopped: 0.0005199 seconds, Stopping threads took: 0.0000197 seconds
67.843: [GC (Allocation Failure)  348805K->677K(1048064K), 0.0004819 secs]
67.844: Total time for which application threads were stopped: 0.0006016 seconds, Stopping threads took: 0.0000200 seconds
68.062: [GC (Allocation Failure)  348837K->613K(1048064K), 0.0005103 secs]
68.063: Total time for which application threads were stopped: 0.0006307 seconds, Stopping threads took: 0.0000192 seconds
68.281: [GC (Allocation Failure)  348773K->613K(1048064K), 0.0006206 secs]
68.281: Total time for which application threads were stopped: 0.0007577 seconds, Stopping threads took: 0.0000277 seconds
68.494: [GC (Allocation Failure)  348773K->645K(1048064K), 0.0004956 secs]
68.494: Total time for which application threads were stopped: 0.0006306 seconds, Stopping threads took: 0.0000221 seconds
68.707: [GC (Allocation Failure)  348805K->645K(1048064K), 0.0004801 secs]
68.707: Total time for which application threads were stopped: 0.0005983 seconds, Stopping threads took: 0.0000270 seconds
68.925: [GC (Allocation Failure)  348805K->645K(1048064K), 0.0005064 secs]
68.926: Total time for which application threads were stopped: 0.0006082 seconds, Stopping threads took: 0.0000180 seconds
69.145: [GC (Allocation Failure)  348805K->741K(1048064K), 0.0004305 secs]
69.145: Total time for which application threads were stopped: 0.0005810 seconds, Stopping threads took: 0.0000266 seconds
69.358: [GC (Allocation Failure)  348901K->613K(1048064K), 0.0005925 secs]
69.359: Total time for which application threads were stopped: 0.0007119 seconds, Stopping threads took: 0.0000194 seconds
69.571: [GC (Allocation Failure)  348773K->645K(1048064K), 0.0005991 secs]
69.571: Total time for which application threads were stopped: 0.0007188 seconds, Stopping threads took: 0.0000199 seconds
69.784: [GC (Allocation Failure)  348805K->709K(1048064K), 0.0004477 secs]
69.785: Total time for which application threads were stopped: 0.0005783 seconds, Stopping threads took: 0.0000282 seconds
70.002: [GC (Allocation Failure)  348869K->677K(1048064K), 0.0004714 secs]
70.003: Total time for which application threads were stopped: 0.0005997 seconds, Stopping threads took: 0.0000289 seconds
70.216: [GC (Allocation Failure)  348837K->613K(1048064K), 0.0005645 secs]
70.217: Total time for which application threads were stopped: 0.0006974 seconds, Stopping threads took: 0.0000345 seconds
70.435: [GC (Allocation Failure)  348773K->677K(1048064K), 0.0004835 secs]
70.435: Total time for which application threads were stopped: 0.0006115 seconds, Stopping threads took: 0.0000204 seconds
70.649: [GC (Allocation Failure)  348837K->677K(1048064K), 0.0006917 secs]
70.649: Total time for which application threads were stopped: 0.0008234 seconds, Stopping threads took: 0.0000286 seconds
70.863: [GC (Allocation Failure)  348837K->709K(1048064K), 0.0006699 secs]
70.864: Total time for which application threads were stopped: 0.0007978 seconds, Stopping threads took: 0.0000276 seconds
