Java HotSpot(TM) 64-Bit Server VM (25.171-b11) for linux-amd64 JRE (1.8.0_171-b11), built on Mar 28 2018 17:07:08 by "java_re" with gcc 4.3.0 20080428 (Red Hat 4.3.0-8)
Memory: 4k page, physical 32883000k(29427656k free), swap 8000508k(8000508k free)
CommandLine flags: -XX:InitialHeapSize=1073741824 -XX:MaxHeapSize=1073741824 -XX:+PrintGC -XX:+PrintGCApplicationStoppedTime -XX:+PrintGCTimeStamps -XX:+UseCompressedClassPointers -XX:+UseCompressedOops -XX:+UseParallelGC 
0.499: [GC (Allocation Failure)  262144K->2397K(1005056K), 0.0019879 secs]
0.501: Total time for which application threads were stopped: 0.0021799 seconds, Stopping threads took: 0.0000213 seconds
0.671: [GC (Allocation Failure)  264541K->640K(1005056K), 0.0007487 secs]
0.672: Total time for which application threads were stopped: 0.0008814 seconds, Stopping threads took: 0.0000168 seconds
0.837: [GC (Allocation Failure)  262784K->608K(1005056K), 0.0008636 secs]
0.838: Total time for which application threads were stopped: 0.0009777 seconds, Stopping threads took: 0.0000179 seconds
1.004: [GC (Allocation Failure)  262752K->616K(1005056K), 0.0008100 secs]
1.005: Total time for which application threads were stopped: 0.0009289 seconds, Stopping threads took: 0.0000334 seconds
1.177: [GC (Allocation Failure)  262760K->584K(1005056K), 0.0011033 secs]
1.178: Total time for which application threads were stopped: 0.0012310 seconds, Stopping threads took: 0.0000320 seconds
1.344: [GC (Allocation Failure)  262728K->584K(1046016K), 0.0009318 secs]
1.345: Total time for which application threads were stopped: 0.0010776 seconds, Stopping threads took: 0.0000295 seconds
1.574: [GC (Allocation Failure)  344648K->557K(1046016K), 0.0009431 secs]
1.575: Total time for which application threads were stopped: 0.0010546 seconds, Stopping threads took: 0.0000174 seconds
1.786: [GC (Allocation Failure)  344621K->589K(1046016K), 0.0006297 secs]
1.787: Total time for which application threads were stopped: 0.0007650 seconds, Stopping threads took: 0.0000265 seconds
2.002: [GC (Allocation Failure)  344653K->653K(1046016K), 0.0004862 secs]
2.003: Total time for which application threads were stopped: 0.0006200 seconds, Stopping threads took: 0.0000198 seconds
2.220: [GC (Allocation Failure)  344717K->685K(1046016K), 0.0004794 secs]
2.220: Total time for which application threads were stopped: 0.0006056 seconds, Stopping threads took: 0.0000271 seconds
2.431: [GC (Allocation Failure)  344749K->685K(1046016K), 0.0004858 secs]
2.432: Total time for which application threads were stopped: 0.0006080 seconds, Stopping threads took: 0.0000193 seconds
2.643: [GC (Allocation Failure)  344749K->621K(1046528K), 0.0004653 secs]
2.643: Total time for which application threads were stopped: 0.0005905 seconds, Stopping threads took: 0.0000276 seconds
2.861: [GC (Allocation Failure)  345709K->589K(1046528K), 0.0005916 secs]
2.861: Total time for which application threads were stopped: 0.0007018 seconds, Stopping threads took: 0.0000186 seconds
3.073: [GC (Allocation Failure)  345677K->621K(1046528K), 0.0004899 secs]
3.073: Total time for which application threads were stopped: 0.0006014 seconds, Stopping threads took: 0.0000193 seconds
3.286: [GC (Allocation Failure)  345709K->677K(1046528K), 0.0004724 secs]
3.286: Total time for which application threads were stopped: 0.0005999 seconds, Stopping threads took: 0.0000195 seconds
3.503: [GC (Allocation Failure)  345765K->677K(1046528K), 0.0004565 secs]
3.503: Total time for which application threads were stopped: 0.0005819 seconds, Stopping threads took: 0.0000204 seconds
3.714: [GC (Allocation Failure)  345765K->645K(1046528K), 0.0005578 secs]
3.715: Total time for which application threads were stopped: 0.0006833 seconds, Stopping threads took: 0.0000277 seconds
3.936: [GC (Allocation Failure)  345733K->645K(1047040K), 0.0004667 secs]
3.936: Total time for which application threads were stopped: 0.0005740 seconds, Stopping threads took: 0.0000170 seconds
4.056: Total time for which application threads were stopped: 0.0001168 seconds, Stopping threads took: 0.0000475 seconds
4.153: [GC (Allocation Failure)  346757K->677K(1047040K), 0.0006212 secs]
4.153: Total time for which application threads were stopped: 0.0007367 seconds, Stopping threads took: 0.0000195 seconds
4.366: [GC (Allocation Failure)  346789K->677K(1047040K), 0.0004294 secs]
4.366: Total time for which application threads were stopped: 0.0005442 seconds, Stopping threads took: 0.0000201 seconds
4.582: [GC (Allocation Failure)  346789K->645K(1047040K), 0.0004918 secs]
4.582: Total time for which application threads were stopped: 0.0006179 seconds, Stopping threads took: 0.0000195 seconds
4.794: [GC (Allocation Failure)  346757K->645K(1047040K), 0.0004179 secs]
4.795: Total time for which application threads were stopped: 0.0005475 seconds, Stopping threads took: 0.0000271 seconds
5.007: [GC (Allocation Failure)  346757K->645K(1047040K), 0.0004903 secs]
5.008: Total time for which application threads were stopped: 0.0006055 seconds, Stopping threads took: 0.0000204 seconds
5.219: [GC (Allocation Failure)  346757K->645K(1047552K), 0.0003978 secs]
5.219: Total time for which application threads were stopped: 0.0005238 seconds, Stopping threads took: 0.0000262 seconds
5.432: [GC (Allocation Failure)  347269K->677K(1047040K), 0.0006641 secs]
5.432: Total time for which application threads were stopped: 0.0007869 seconds, Stopping threads took: 0.0000276 seconds
5.644: [GC (Allocation Failure)  347301K->645K(1047552K), 0.0005007 secs]
5.645: Total time for which application threads were stopped: 0.0006185 seconds, Stopping threads took: 0.0000199 seconds
5.860: [GC (Allocation Failure)  347781K->677K(1047552K), 0.0005017 secs]
5.861: Total time for which application threads were stopped: 0.0006184 seconds, Stopping threads took: 0.0000186 seconds
6.074: [GC (Allocation Failure)  347813K->677K(1047552K), 0.0006110 secs]
6.074: Total time for which application threads were stopped: 0.0007408 seconds, Stopping threads took: 0.0000188 seconds
6.286: [GC (Allocation Failure)  347813K->709K(1047552K), 0.0005577 secs]
6.287: Total time for which application threads were stopped: 0.0006770 seconds, Stopping threads took: 0.0000200 seconds
6.505: [GC (Allocation Failure)  347845K->613K(1047552K), 0.0004704 secs]
6.505: Total time for which application threads were stopped: 0.0005940 seconds, Stopping threads took: 0.0000195 seconds
6.723: [GC (Allocation Failure)  347749K->645K(1047552K), 0.0003673 secs]
6.724: Total time for which application threads were stopped: 0.0004697 seconds, Stopping threads took: 0.0000173 seconds
6.939: [GC (Allocation Failure)  347781K->677K(1047552K), 0.0004664 secs]
6.939: Total time for which application threads were stopped: 0.0005846 seconds, Stopping threads took: 0.0000192 seconds
7.154: [GC (Allocation Failure)  347813K->645K(1047552K), 0.0004948 secs]
7.154: Total time for which application threads were stopped: 0.0006082 seconds, Stopping threads took: 0.0000191 seconds
7.375: [GC (Allocation Failure)  347781K->709K(1047552K), 0.0004827 secs]
7.376: Total time for which application threads were stopped: 0.0006021 seconds, Stopping threads took: 0.0000202 seconds
7.593: [GC (Allocation Failure)  347845K->613K(1047552K), 0.0007130 secs]
7.594: Total time for which application threads were stopped: 0.0008306 seconds, Stopping threads took: 0.0000198 seconds
7.806: [GC (Allocation Failure)  347749K->709K(1048064K), 0.0004899 secs]
7.807: Total time for which application threads were stopped: 0.0006054 seconds, Stopping threads took: 0.0000196 seconds
8.024: [GC (Allocation Failure)  348869K->645K(1048064K), 0.0004716 secs]
8.024: Total time for which application threads were stopped: 0.0005881 seconds, Stopping threads took: 0.0000184 seconds
8.237: [GC (Allocation Failure)  348805K->645K(1048064K), 0.0004484 secs]
8.238: Total time for which application threads were stopped: 0.0005722 seconds, Stopping threads took: 0.0000262 seconds
8.457: [GC (Allocation Failure)  348805K->677K(1048064K), 0.0005403 secs]
8.458: Total time for which application threads were stopped: 0.0006783 seconds, Stopping threads took: 0.0000207 seconds
8.670: [GC (Allocation Failure)  348837K->645K(1048064K), 0.0005458 secs]
8.671: Total time for which application threads were stopped: 0.0006792 seconds, Stopping threads took: 0.0000196 seconds
8.886: [GC (Allocation Failure)  348805K->645K(1048064K), 0.0004473 secs]
8.887: Total time for which application threads were stopped: 0.0005804 seconds, Stopping threads took: 0.0000194 seconds
9.108: [GC (Allocation Failure)  348805K->709K(1048064K), 0.0004687 secs]
9.108: Total time for which application threads were stopped: 0.0005885 seconds, Stopping threads took: 0.0000202 seconds
9.327: [GC (Allocation Failure)  348869K->677K(1048064K), 0.0004940 secs]
9.327: Total time for which application threads were stopped: 0.0006185 seconds, Stopping threads took: 0.0000275 seconds
9.540: [GC (Allocation Failure)  348837K->613K(1048064K), 0.0005610 secs]
9.540: Total time for which application threads were stopped: 0.0007014 seconds, Stopping threads took: 0.0000201 seconds
9.753: [GC (Allocation Failure)  348773K->677K(1048064K), 0.0004186 secs]
9.754: Total time for which application threads were stopped: 0.0005464 seconds, Stopping threads took: 0.0000272 seconds
9.967: [GC (Allocation Failure)  348837K->709K(1048064K), 0.0004676 secs]
9.967: Total time for which application threads were stopped: 0.0005951 seconds, Stopping threads took: 0.0000194 seconds
10.179: [GC (Allocation Failure)  348869K->645K(1048064K), 0.0005157 secs]
10.180: Total time for which application threads were stopped: 0.0006376 seconds, Stopping threads took: 0.0000200 seconds
10.392: [GC (Allocation Failure)  348805K->741K(1048064K), 0.0005037 secs]
10.393: Total time for which application threads were stopped: 0.0006389 seconds, Stopping threads took: 0.0000198 seconds
10.610: [GC (Allocation Failure)  348901K->677K(1048064K), 0.0004916 secs]
10.610: Total time for which application threads were stopped: 0.0006077 seconds, Stopping threads took: 0.0000191 seconds
10.823: [GC (Allocation Failure)  348837K->645K(1048064K), 0.0004755 secs]
10.823: Total time for which application threads were stopped: 0.0006020 seconds, Stopping threads took: 0.0000278 seconds
11.044: [GC (Allocation Failure)  348805K->645K(1048064K), 0.0005911 secs]
11.044: Total time for which application threads were stopped: 0.0007237 seconds, Stopping threads took: 0.0000194 seconds
11.262: [GC (Allocation Failure)  348805K->645K(1048064K), 0.0004370 secs]
11.263: Total time for which application threads were stopped: 0.0005654 seconds, Stopping threads took: 0.0000261 seconds
11.475: [GC (Allocation Failure)  348805K->645K(1048064K), 0.0005793 secs]
11.475: Total time for which application threads were stopped: 0.0007043 seconds, Stopping threads took: 0.0000274 seconds
11.687: [GC (Allocation Failure)  348805K->677K(1048064K), 0.0004854 secs]
11.688: Total time for which application threads were stopped: 0.0006197 seconds, Stopping threads took: 0.0000190 seconds
11.900: [GC (Allocation Failure)  348837K->613K(1048064K), 0.0004682 secs]
11.901: Total time for which application threads were stopped: 0.0005879 seconds, Stopping threads took: 0.0000201 seconds
12.118: [GC (Allocation Failure)  348773K->741K(1048064K), 0.0004928 secs]
12.119: Total time for which application threads were stopped: 0.0006099 seconds, Stopping threads took: 0.0000189 seconds
12.337: [GC (Allocation Failure)  348901K->677K(1048064K), 0.0004790 secs]
12.337: Total time for which application threads were stopped: 0.0005993 seconds, Stopping threads took: 0.0000188 seconds
12.550: [GC (Allocation Failure)  348837K->677K(1048064K), 0.0004911 secs]
12.550: Total time for which application threads were stopped: 0.0006402 seconds, Stopping threads took: 0.0000409 seconds
12.764: [GC (Allocation Failure)  348837K->677K(1048064K), 0.0004633 secs]
12.764: Total time for which application threads were stopped: 0.0005844 seconds, Stopping threads took: 0.0000269 seconds
12.978: [GC (Allocation Failure)  348837K->613K(1048064K), 0.0004477 secs]
12.978: Total time for which application threads were stopped: 0.0005522 seconds, Stopping threads took: 0.0000184 seconds
13.195: [GC (Allocation Failure)  348773K->645K(1048064K), 0.0004627 secs]
13.196: Total time for which application threads were stopped: 0.0005758 seconds, Stopping threads took: 0.0000182 seconds
13.413: [GC (Allocation Failure)  348805K->645K(1048064K), 0.0005065 secs]
13.414: Total time for which application threads were stopped: 0.0006500 seconds, Stopping threads took: 0.0000276 seconds
13.632: [GC (Allocation Failure)  348805K->677K(1048064K), 0.0007057 secs]
13.633: Total time for which application threads were stopped: 0.0008413 seconds, Stopping threads took: 0.0000211 seconds
13.846: [GC (Allocation Failure)  348837K->709K(1048064K), 0.0005369 secs]
13.847: Total time for which application threads were stopped: 0.0006561 seconds, Stopping threads took: 0.0000198 seconds
14.060: [GC (Allocation Failure)  348869K->677K(1048064K), 0.0004823 secs]
14.060: Total time for which application threads were stopped: 0.0006030 seconds, Stopping threads took: 0.0000204 seconds
14.274: [GC (Allocation Failure)  348837K->677K(1048064K), 0.0007331 secs]
14.274: Total time for which application threads were stopped: 0.0008613 seconds, Stopping threads took: 0.0000253 seconds
14.488: [GC (Allocation Failure)  348837K->677K(1048064K), 0.0005195 secs]
14.488: Total time for which application threads were stopped: 0.0006479 seconds, Stopping threads took: 0.0000283 seconds
14.707: [GC (Allocation Failure)  348837K->645K(1048064K), 0.0004648 secs]
14.707: Total time for which application threads were stopped: 0.0005829 seconds, Stopping threads took: 0.0000195 seconds
14.927: [GC (Allocation Failure)  348805K->613K(1048064K), 0.0004344 secs]
14.927: Total time for which application threads were stopped: 0.0005452 seconds, Stopping threads took: 0.0000227 seconds
15.139: [GC (Allocation Failure)  348773K->741K(1048064K), 0.0004978 secs]
15.140: Total time for which application threads were stopped: 0.0006261 seconds, Stopping threads took: 0.0000200 seconds
15.354: [GC (Allocation Failure)  348901K->645K(1048064K), 0.0004896 secs]
15.354: Total time for which application threads were stopped: 0.0006089 seconds, Stopping threads took: 0.0000195 seconds
15.572: [GC (Allocation Failure)  348805K->677K(1048064K), 0.0005411 secs]
15.573: Total time for which application threads were stopped: 0.0006892 seconds, Stopping threads took: 0.0000188 seconds
15.786: [GC (Allocation Failure)  348837K->677K(1048064K), 0.0004848 secs]
15.786: Total time for which application threads were stopped: 0.0006032 seconds, Stopping threads took: 0.0000189 seconds
15.999: [GC (Allocation Failure)  348837K->645K(1048064K), 0.0005581 secs]
16.000: Total time for which application threads were stopped: 0.0006816 seconds, Stopping threads took: 0.0000275 seconds
16.212: [GC (Allocation Failure)  348805K->645K(1048064K), 0.0004845 secs]
16.212: Total time for which application threads were stopped: 0.0006122 seconds, Stopping threads took: 0.0000280 seconds
16.425: [GC (Allocation Failure)  348805K->645K(1048064K), 0.0004740 secs]
16.425: Total time for which application threads were stopped: 0.0005989 seconds, Stopping threads took: 0.0000189 seconds
16.641: [GC (Allocation Failure)  348805K->709K(1048064K), 0.0006661 secs]
16.642: Total time for which application threads were stopped: 0.0007787 seconds, Stopping threads took: 0.0000171 seconds
16.855: [GC (Allocation Failure)  348869K->613K(1048064K), 0.0004559 secs]
16.855: Total time for which application threads were stopped: 0.0005821 seconds, Stopping threads took: 0.0000276 seconds
17.068: [GC (Allocation Failure)  348773K->645K(1048064K), 0.0006934 secs]
17.069: Total time for which application threads were stopped: 0.0008149 seconds, Stopping threads took: 0.0000196 seconds
17.281: [GC (Allocation Failure)  348805K->645K(1048064K), 0.0004344 secs]
17.282: Total time for which application threads were stopped: 0.0005522 seconds, Stopping threads took: 0.0000192 seconds
17.494: [GC (Allocation Failure)  348805K->645K(1048064K), 0.0004768 secs]
17.494: Total time for which application threads were stopped: 0.0006416 seconds, Stopping threads took: 0.0000380 seconds
17.706: [GC (Allocation Failure)  348805K->709K(1048064K), 0.0006135 secs]
17.707: Total time for which application threads were stopped: 0.0007291 seconds, Stopping threads took: 0.0000189 seconds
17.926: [GC (Allocation Failure)  348869K->677K(1048064K), 0.0004963 secs]
17.927: Total time for which application threads were stopped: 0.0006170 seconds, Stopping threads took: 0.0000142 seconds
18.139: [GC (Allocation Failure)  348837K->677K(1048064K), 0.0004881 secs]
18.140: Total time for which application threads were stopped: 0.0006132 seconds, Stopping threads took: 0.0000272 seconds
18.352: [GC (Allocation Failure)  348837K->645K(1048064K), 0.0005892 secs]
18.353: Total time for which application threads were stopped: 0.0007182 seconds, Stopping threads took: 0.0000205 seconds
18.572: [GC (Allocation Failure)  348805K->645K(1048064K), 0.0004880 secs]
18.573: Total time for which application threads were stopped: 0.0006223 seconds, Stopping threads took: 0.0000196 seconds
18.786: [GC (Allocation Failure)  348805K->677K(1048064K), 0.0004547 secs]
18.787: Total time for which application threads were stopped: 0.0005735 seconds, Stopping threads took: 0.0000193 seconds
19.006: [GC (Allocation Failure)  348837K->613K(1048064K), 0.0005919 secs]
19.007: Total time for which application threads were stopped: 0.0007257 seconds, Stopping threads took: 0.0000330 seconds
19.219: [GC (Allocation Failure)  348773K->677K(1048064K), 0.0004767 secs]
19.220: Total time for which application threads were stopped: 0.0005928 seconds, Stopping threads took: 0.0000195 seconds
19.440: [GC (Allocation Failure)  348837K->613K(1048064K), 0.0005686 secs]
19.441: Total time for which application threads were stopped: 0.0006761 seconds, Stopping threads took: 0.0000170 seconds
19.659: [GC (Allocation Failure)  348773K->677K(1048064K), 0.0005193 secs]
19.659: Total time for which application threads were stopped: 0.0006324 seconds, Stopping threads took: 0.0000192 seconds
19.875: [GC (Allocation Failure)  348837K->613K(1048064K), 0.0006109 secs]
19.876: Total time for which application threads were stopped: 0.0007299 seconds, Stopping threads took: 0.0000196 seconds
20.092: [GC (Allocation Failure)  348773K->677K(1048064K), 0.0004357 secs]
20.092: Total time for which application threads were stopped: 0.0005523 seconds, Stopping threads took: 0.0000200 seconds
20.310: [GC (Allocation Failure)  348837K->645K(1048064K), 0.0004667 secs]
20.311: Total time for which application threads were stopped: 0.0005589 seconds, Stopping threads took: 0.0000174 seconds
20.523: [GC (Allocation Failure)  348805K->613K(1048064K), 0.0006332 secs]
20.524: Total time for which application threads were stopped: 0.0007604 seconds, Stopping threads took: 0.0000196 seconds
20.741: [GC (Allocation Failure)  348773K->677K(1048064K), 0.0004253 secs]
20.742: Total time for which application threads were stopped: 0.0005446 seconds, Stopping threads took: 0.0000251 seconds
20.955: [GC (Allocation Failure)  348837K->677K(1048064K), 0.0004160 secs]
20.955: Total time for which application threads were stopped: 0.0005173 seconds, Stopping threads took: 0.0000176 seconds
21.168: [GC (Allocation Failure)  348837K->645K(1048064K), 0.0004721 secs]
21.168: Total time for which application threads were stopped: 0.0005922 seconds, Stopping threads took: 0.0000199 seconds
21.386: [GC (Allocation Failure)  348805K->645K(1048064K), 0.0004280 secs]
21.386: Total time for which application threads were stopped: 0.0005471 seconds, Stopping threads took: 0.0000191 seconds
21.599: [GC (Allocation Failure)  348805K->677K(1048064K), 0.0005315 secs]
21.599: Total time for which application threads were stopped: 0.0006608 seconds, Stopping threads took: 0.0000275 seconds
21.813: [GC (Allocation Failure)  348837K->709K(1048064K), 0.0005789 secs]
21.813: Total time for which application threads were stopped: 0.0006938 seconds, Stopping threads took: 0.0000198 seconds
22.031: [GC (Allocation Failure)  348869K->645K(1048064K), 0.0005682 secs]
22.031: Total time for which application threads were stopped: 0.0006976 seconds, Stopping threads took: 0.0000277 seconds
22.250: [GC (Allocation Failure)  348805K->645K(1048064K), 0.0005023 secs]
22.250: Total time for which application threads were stopped: 0.0006396 seconds, Stopping threads took: 0.0000261 seconds
22.464: [GC (Allocation Failure)  348805K->613K(1048064K), 0.0005343 secs]
22.465: Total time for which application threads were stopped: 0.0006620 seconds, Stopping threads took: 0.0000278 seconds
22.677: [GC (Allocation Failure)  348773K->677K(1048064K), 0.0004907 secs]
22.677: Total time for which application threads were stopped: 0.0006130 seconds, Stopping threads took: 0.0000274 seconds
22.895: [GC (Allocation Failure)  348837K->709K(1048064K), 0.0004583 secs]
22.895: Total time for which application threads were stopped: 0.0005678 seconds, Stopping threads took: 0.0000253 seconds
23.114: [GC (Allocation Failure)  348869K->677K(1048064K), 0.0005099 secs]
23.114: Total time for which application threads were stopped: 0.0006396 seconds, Stopping threads took: 0.0000192 seconds
23.333: [GC (Allocation Failure)  348837K->645K(1048064K), 0.0004469 secs]
23.333: Total time for which application threads were stopped: 0.0005855 seconds, Stopping threads took: 0.0000251 seconds
23.551: [GC (Allocation Failure)  348805K->645K(1048064K), 0.0004688 secs]
23.552: Total time for which application threads were stopped: 0.0005873 seconds, Stopping threads took: 0.0000270 seconds
23.770: [GC (Allocation Failure)  348805K->677K(1048064K), 0.0004048 secs]
23.771: Total time for which application threads were stopped: 0.0005293 seconds, Stopping threads took: 0.0000256 seconds
23.990: [GC (Allocation Failure)  348837K->677K(1048064K), 0.0004981 secs]
23.990: Total time for which application threads were stopped: 0.0006281 seconds, Stopping threads took: 0.0000280 seconds
24.203: [GC (Allocation Failure)  348837K->677K(1048064K), 0.0005105 secs]
24.203: Total time for which application threads were stopped: 0.0006370 seconds, Stopping threads took: 0.0000277 seconds
24.416: [GC (Allocation Failure)  348837K->613K(1048064K), 0.0004816 secs]
24.417: Total time for which application threads were stopped: 0.0006009 seconds, Stopping threads took: 0.0000194 seconds
24.629: [GC (Allocation Failure)  348773K->677K(1048064K), 0.0006590 secs]
24.630: Total time for which application threads were stopped: 0.0007849 seconds, Stopping threads took: 0.0000200 seconds
24.845: [GC (Allocation Failure)  348837K->709K(1048064K), 0.0004433 secs]
24.845: Total time for which application threads were stopped: 0.0005640 seconds, Stopping threads took: 0.0000268 seconds
25.058: [GC (Allocation Failure)  348869K->645K(1048064K), 0.0004498 secs]
25.059: Total time for which application threads were stopped: 0.0005698 seconds, Stopping threads took: 0.0000201 seconds
25.278: [GC (Allocation Failure)  348805K->645K(1048064K), 0.0005062 secs]
25.278: Total time for which application threads were stopped: 0.0006363 seconds, Stopping threads took: 0.0000260 seconds
25.492: [GC (Allocation Failure)  348805K->677K(1048064K), 0.0005349 secs]
25.492: Total time for which application threads were stopped: 0.0006633 seconds, Stopping threads took: 0.0000276 seconds
25.705: [GC (Allocation Failure)  348837K->677K(1048064K), 0.0005469 secs]
25.706: Total time for which application threads were stopped: 0.0006835 seconds, Stopping threads took: 0.0000221 seconds
25.922: [GC (Allocation Failure)  348837K->613K(1048064K), 0.0004506 secs]
25.922: Total time for which application threads were stopped: 0.0006052 seconds, Stopping threads took: 0.0000248 seconds
26.137: [GC (Allocation Failure)  348773K->677K(1048064K), 0.0004696 secs]
26.138: Total time for which application threads were stopped: 0.0006022 seconds, Stopping threads took: 0.0000200 seconds
26.359: [GC (Allocation Failure)  348837K->677K(1048064K), 0.0005146 secs]
26.359: Total time for which application threads were stopped: 0.0006470 seconds, Stopping threads took: 0.0000212 seconds
26.572: [GC (Allocation Failure)  348837K->677K(1048064K), 0.0005168 secs]
26.573: Total time for which application threads were stopped: 0.0006470 seconds, Stopping threads took: 0.0000207 seconds
26.787: [GC (Allocation Failure)  348837K->677K(1048064K), 0.0004601 secs]
26.787: Total time for which application threads were stopped: 0.0005819 seconds, Stopping threads took: 0.0000219 seconds
27.003: [GC (Allocation Failure)  348837K->645K(1048064K), 0.0004504 secs]
27.003: Total time for which application threads were stopped: 0.0005698 seconds, Stopping threads took: 0.0000199 seconds
27.215: [GC (Allocation Failure)  348805K->645K(1048064K), 0.0004598 secs]
27.215: Total time for which application threads were stopped: 0.0005851 seconds, Stopping threads took: 0.0000277 seconds
27.435: [GC (Allocation Failure)  348805K->741K(1048064K), 0.0005732 secs]
27.436: Total time for which application threads were stopped: 0.0006890 seconds, Stopping threads took: 0.0000188 seconds
27.648: [GC (Allocation Failure)  348901K->645K(1048064K), 0.0005978 secs]
27.648: Total time for which application threads were stopped: 0.0007231 seconds, Stopping threads took: 0.0000272 seconds
27.861: [GC (Allocation Failure)  348805K->645K(1048064K), 0.0005328 secs]
27.862: Total time for which application threads were stopped: 0.0006483 seconds, Stopping threads took: 0.0000186 seconds
28.078: [GC (Allocation Failure)  348805K->645K(1048064K), 0.0004762 secs]
28.079: Total time for which application threads were stopped: 0.0006065 seconds, Stopping threads took: 0.0000282 seconds
28.293: [GC (Allocation Failure)  348805K->613K(1048064K), 0.0004260 secs]
28.293: Total time for which application threads were stopped: 0.0005502 seconds, Stopping threads took: 0.0000194 seconds
28.506: [GC (Allocation Failure)  348773K->709K(1048064K), 0.0004776 secs]
28.506: Total time for which application threads were stopped: 0.0005925 seconds, Stopping threads took: 0.0000193 seconds
28.719: [GC (Allocation Failure)  348869K->677K(1048064K), 0.0004670 secs]
28.719: Total time for which application threads were stopped: 0.0005829 seconds, Stopping threads took: 0.0000191 seconds
28.933: [GC (Allocation Failure)  348837K->645K(1048064K), 0.0005077 secs]
28.934: Total time for which application threads were stopped: 0.0006339 seconds, Stopping threads took: 0.0000263 seconds
29.146: [GC (Allocation Failure)  348805K->677K(1048064K), 0.0004835 secs]
29.146: Total time for which application threads were stopped: 0.0006137 seconds, Stopping threads took: 0.0000197 seconds
29.359: [GC (Allocation Failure)  348837K->645K(1048064K), 0.0005116 secs]
29.360: Total time for which application threads were stopped: 0.0006489 seconds, Stopping threads took: 0.0000204 seconds
29.578: [GC (Allocation Failure)  348805K->645K(1048064K), 0.0005727 secs]
29.579: Total time for which application threads were stopped: 0.0007073 seconds, Stopping threads took: 0.0000216 seconds
29.793: [GC (Allocation Failure)  348805K->645K(1048064K), 0.0004270 secs]
29.794: Total time for which application threads were stopped: 0.0005553 seconds, Stopping threads took: 0.0000266 seconds
30.011: [GC (Allocation Failure)  348805K->645K(1048064K), 0.0005430 secs]
30.011: Total time for which application threads were stopped: 0.0006629 seconds, Stopping threads took: 0.0000193 seconds
30.228: [GC (Allocation Failure)  348805K->677K(1048064K), 0.0004633 secs]
30.229: Total time for which application threads were stopped: 0.0005913 seconds, Stopping threads took: 0.0000274 seconds
30.448: [GC (Allocation Failure)  348837K->613K(1048064K), 0.0004740 secs]
30.448: Total time for which application threads were stopped: 0.0006030 seconds, Stopping threads took: 0.0000191 seconds
30.666: [GC (Allocation Failure)  348773K->645K(1048064K), 0.0004236 secs]
30.666: Total time for which application threads were stopped: 0.0005468 seconds, Stopping threads took: 0.0000202 seconds
30.879: [GC (Allocation Failure)  348805K->645K(1048064K), 0.0005449 secs]
30.879: Total time for which application threads were stopped: 0.0006833 seconds, Stopping threads took: 0.0000183 seconds
31.093: [GC (Allocation Failure)  348805K->677K(1048064K), 0.0005230 secs]
31.093: Total time for which application threads were stopped: 0.0006589 seconds, Stopping threads took: 0.0000199 seconds
31.307: [GC (Allocation Failure)  348837K->645K(1048064K), 0.0004273 secs]
31.308: Total time for which application threads were stopped: 0.0005567 seconds, Stopping threads took: 0.0000285 seconds
31.520: [GC (Allocation Failure)  348805K->645K(1048064K), 0.0004881 secs]
31.520: Total time for which application threads were stopped: 0.0006177 seconds, Stopping threads took: 0.0000205 seconds
31.733: [GC (Allocation Failure)  348805K->677K(1048064K), 0.0004923 secs]
31.733: Total time for which application threads were stopped: 0.0006538 seconds, Stopping threads took: 0.0000534 seconds
31.953: [GC (Allocation Failure)  348837K->645K(1048064K), 0.0004479 secs]
31.954: Total time for which application threads were stopped: 0.0005733 seconds, Stopping threads took: 0.0000263 seconds
32.165: [GC (Allocation Failure)  348805K->645K(1048064K), 0.0005223 secs]
32.166: Total time for which application threads were stopped: 0.0006392 seconds, Stopping threads took: 0.0000191 seconds
32.380: [GC (Allocation Failure)  348805K->677K(1048064K), 0.0006589 secs]
32.381: Total time for which application threads were stopped: 0.0007867 seconds, Stopping threads took: 0.0000280 seconds
32.593: [GC (Allocation Failure)  348837K->645K(1048064K), 0.0005297 secs]
32.594: Total time for which application threads were stopped: 0.0006568 seconds, Stopping threads took: 0.0000185 seconds
32.806: [GC (Allocation Failure)  348805K->677K(1048064K), 0.0004435 secs]
32.807: Total time for which application threads were stopped: 0.0005627 seconds, Stopping threads took: 0.0000194 seconds
33.020: [GC (Allocation Failure)  348837K->677K(1048064K), 0.0004796 secs]
33.020: Total time for which application threads were stopped: 0.0005969 seconds, Stopping threads took: 0.0000195 seconds
33.232: [GC (Allocation Failure)  348837K->677K(1048064K), 0.0004786 secs]
33.232: Total time for which application threads were stopped: 0.0006050 seconds, Stopping threads took: 0.0000271 seconds
33.446: [GC (Allocation Failure)  348837K->677K(1048064K), 0.0004905 secs]
33.446: Total time for which application threads were stopped: 0.0006171 seconds, Stopping threads took: 0.0000271 seconds
33.658: [GC (Allocation Failure)  348837K->709K(1048064K), 0.0005211 secs]
33.659: Total time for which application threads were stopped: 0.0006671 seconds, Stopping threads took: 0.0000274 seconds
33.874: [GC (Allocation Failure)  348869K->645K(1048064K), 0.0004455 secs]
33.875: Total time for which application threads were stopped: 0.0005719 seconds, Stopping threads took: 0.0000280 seconds
34.094: [GC (Allocation Failure)  348805K->709K(1048064K), 0.0006311 secs]
34.094: Total time for which application threads were stopped: 0.0007522 seconds, Stopping threads took: 0.0000190 seconds
34.307: [GC (Allocation Failure)  348869K->645K(1048064K), 0.0004329 secs]
34.308: Total time for which application threads were stopped: 0.0005504 seconds, Stopping threads took: 0.0000188 seconds
34.524: [GC (Allocation Failure)  348805K->709K(1048064K), 0.0004668 secs]
34.524: Total time for which application threads were stopped: 0.0005872 seconds, Stopping threads took: 0.0000195 seconds
34.737: [GC (Allocation Failure)  348869K->613K(1048064K), 0.0005635 secs]
34.737: Total time for which application threads were stopped: 0.0006742 seconds, Stopping threads took: 0.0000200 seconds
34.962: [GC (Allocation Failure)  348773K->613K(1048064K), 0.0003937 secs]
34.962: Total time for which application threads were stopped: 0.0005017 seconds, Stopping threads took: 0.0000172 seconds
35.180: [GC (Allocation Failure)  348773K->645K(1048064K), 0.0004623 secs]
35.181: Total time for which application threads were stopped: 0.0005883 seconds, Stopping threads took: 0.0000279 seconds
35.400: [GC (Allocation Failure)  348805K->677K(1048064K), 0.0005681 secs]
35.400: Total time for which application threads were stopped: 0.0006856 seconds, Stopping threads took: 0.0000193 seconds
35.618: [GC (Allocation Failure)  348837K->645K(1048064K), 0.0004612 secs]
35.618: Total time for which application threads were stopped: 0.0005794 seconds, Stopping threads took: 0.0000195 seconds
35.831: [GC (Allocation Failure)  348805K->613K(1048064K), 0.0004689 secs]
35.831: Total time for which application threads were stopped: 0.0005949 seconds, Stopping threads took: 0.0000275 seconds
36.044: [GC (Allocation Failure)  348773K->645K(1048064K), 0.0004905 secs]
36.045: Total time for which application threads were stopped: 0.0006164 seconds, Stopping threads took: 0.0000277 seconds
36.257: [GC (Allocation Failure)  348805K->677K(1048064K), 0.0004366 secs]
36.257: Total time for which application threads were stopped: 0.0005678 seconds, Stopping threads took: 0.0000289 seconds
36.472: [GC (Allocation Failure)  348837K->645K(1048064K), 0.0005053 secs]
36.472: Total time for which application threads were stopped: 0.0006269 seconds, Stopping threads took: 0.0000201 seconds
36.685: [GC (Allocation Failure)  348805K->677K(1048064K), 0.0005504 secs]
36.685: Total time for which application threads were stopped: 0.0006784 seconds, Stopping threads took: 0.0000200 seconds
36.899: [GC (Allocation Failure)  348837K->645K(1048064K), 0.0007133 secs]
36.899: Total time for which application threads were stopped: 0.0008357 seconds, Stopping threads took: 0.0000200 seconds
37.117: [GC (Allocation Failure)  348805K->709K(1048064K), 0.0004783 secs]
37.117: Total time for which application threads were stopped: 0.0005970 seconds, Stopping threads took: 0.0000191 seconds
37.335: [GC (Allocation Failure)  348869K->709K(1048064K), 0.0004751 secs]
37.335: Total time for which application threads were stopped: 0.0005944 seconds, Stopping threads took: 0.0000194 seconds
37.552: [GC (Allocation Failure)  348869K->645K(1048064K), 0.0005369 secs]
37.553: Total time for which application threads were stopped: 0.0006569 seconds, Stopping threads took: 0.0000203 seconds
37.765: [GC (Allocation Failure)  348805K->645K(1048064K), 0.0003737 secs]
37.766: Total time for which application threads were stopped: 0.0004902 seconds, Stopping threads took: 0.0000196 seconds
37.984: [GC (Allocation Failure)  348805K->709K(1048064K), 0.0004794 secs]
37.985: Total time for which application threads were stopped: 0.0006158 seconds, Stopping threads took: 0.0000201 seconds
38.197: [GC (Allocation Failure)  348869K->677K(1048064K), 0.0004339 secs]
38.197: Total time for which application threads were stopped: 0.0005594 seconds, Stopping threads took: 0.0000278 seconds
38.417: [GC (Allocation Failure)  348837K->677K(1048064K), 0.0006257 secs]
38.417: Total time for which application threads were stopped: 0.0007526 seconds, Stopping threads took: 0.0000279 seconds
38.630: [GC (Allocation Failure)  348837K->645K(1048064K), 0.0004657 secs]
38.631: Total time for which application threads were stopped: 0.0005839 seconds, Stopping threads took: 0.0000199 seconds
38.850: [GC (Allocation Failure)  348805K->613K(1048064K), 0.0004311 secs]
38.850: Total time for which application threads were stopped: 0.0005518 seconds, Stopping threads took: 0.0000202 seconds
39.069: [GC (Allocation Failure)  348773K->677K(1048064K), 0.0004802 secs]
39.070: Total time for which application threads were stopped: 0.0005965 seconds, Stopping threads took: 0.0000188 seconds
39.282: [GC (Allocation Failure)  348837K->645K(1048064K), 0.0004282 secs]
39.283: Total time for which application threads were stopped: 0.0005544 seconds, Stopping threads took: 0.0000281 seconds
39.495: [GC (Allocation Failure)  348805K->645K(1048064K), 0.0004874 secs]
39.495: Total time for which application threads were stopped: 0.0006082 seconds, Stopping threads took: 0.0000197 seconds
39.713: [GC (Allocation Failure)  348805K->677K(1048064K), 0.0004750 secs]
39.713: Total time for which application threads were stopped: 0.0005942 seconds, Stopping threads took: 0.0000194 seconds
39.927: [GC (Allocation Failure)  348837K->709K(1048064K), 0.0007993 secs]
39.928: Total time for which application threads were stopped: 0.0009114 seconds, Stopping threads took: 0.0000145 seconds
40.146: [GC (Allocation Failure)  348869K->709K(1048064K), 0.0004853 secs]
40.146: Total time for which application threads were stopped: 0.0006119 seconds, Stopping threads took: 0.0000204 seconds
40.361: [GC (Allocation Failure)  348869K->645K(1048064K), 0.0005760 secs]
40.362: Total time for which application threads were stopped: 0.0007131 seconds, Stopping threads took: 0.0000267 seconds
40.575: [GC (Allocation Failure)  348805K->677K(1048064K), 0.0004822 secs]
40.575: Total time for which application threads were stopped: 0.0006162 seconds, Stopping threads took: 0.0000212 seconds
40.790: [GC (Allocation Failure)  348837K->645K(1048064K), 0.0004126 secs]
40.791: Total time for which application threads were stopped: 0.0005468 seconds, Stopping threads took: 0.0000258 seconds
41.007: [GC (Allocation Failure)  348805K->645K(1048064K), 0.0004779 secs]
41.007: Total time for which application threads were stopped: 0.0005951 seconds, Stopping threads took: 0.0000190 seconds
41.219: [GC (Allocation Failure)  348805K->613K(1048064K), 0.0004594 secs]
41.219: Total time for which application threads were stopped: 0.0005832 seconds, Stopping threads took: 0.0000272 seconds
41.433: [GC (Allocation Failure)  348773K->677K(1048064K), 0.0004318 secs]
41.433: Total time for which application threads were stopped: 0.0005606 seconds, Stopping threads took: 0.0000190 seconds
41.651: [GC (Allocation Failure)  348837K->677K(1048064K), 0.0005975 secs]
41.651: Total time for which application threads were stopped: 0.0007231 seconds, Stopping threads took: 0.0000277 seconds
41.865: [GC (Allocation Failure)  348837K->645K(1048064K), 0.0004622 secs]
41.865: Total time for which application threads were stopped: 0.0005823 seconds, Stopping threads took: 0.0000262 seconds
42.079: [GC (Allocation Failure)  348805K->645K(1048064K), 0.0004373 secs]
42.079: Total time for which application threads were stopped: 0.0005570 seconds, Stopping threads took: 0.0000194 seconds
42.292: [GC (Allocation Failure)  348805K->645K(1048064K), 0.0004470 secs]
42.293: Total time for which application threads were stopped: 0.0005764 seconds, Stopping threads took: 0.0000273 seconds
42.506: [GC (Allocation Failure)  348805K->677K(1048064K), 0.0005041 secs]
42.506: Total time for which application threads were stopped: 0.0006391 seconds, Stopping threads took: 0.0000250 seconds
42.722: [GC (Allocation Failure)  348837K->677K(1048064K), 0.0004622 secs]
42.723: Total time for which application threads were stopped: 0.0005834 seconds, Stopping threads took: 0.0000190 seconds
42.939: [GC (Allocation Failure)  348837K->709K(1048064K), 0.0004528 secs]
42.940: Total time for which application threads were stopped: 0.0005744 seconds, Stopping threads took: 0.0000201 seconds
43.155: [GC (Allocation Failure)  348869K->741K(1048064K), 0.0004815 secs]
43.155: Total time for which application threads were stopped: 0.0006111 seconds, Stopping threads took: 0.0000203 seconds
43.368: [GC (Allocation Failure)  348901K->677K(1048064K), 0.0004660 secs]
43.368: Total time for which application threads were stopped: 0.0006013 seconds, Stopping threads took: 0.0000248 seconds
43.582: [GC (Allocation Failure)  348837K->581K(1048064K), 0.0005807 secs]
43.583: Total time for which application threads were stopped: 0.0007104 seconds, Stopping threads took: 0.0000278 seconds
43.801: [GC (Allocation Failure)  348741K->709K(1048064K), 0.0005052 secs]
43.802: Total time for which application threads were stopped: 0.0006258 seconds, Stopping threads took: 0.0000197 seconds
44.015: [GC (Allocation Failure)  348869K->709K(1048064K), 0.0006134 secs]
44.016: Total time for which application threads were stopped: 0.0007320 seconds, Stopping threads took: 0.0000196 seconds
44.234: [GC (Allocation Failure)  348869K->677K(1048064K), 0.0004682 secs]
44.234: Total time for which application threads were stopped: 0.0006141 seconds, Stopping threads took: 0.0000196 seconds
44.448: [GC (Allocation Failure)  348837K->581K(1048064K), 0.0006015 secs]
44.448: Total time for which application threads were stopped: 0.0007412 seconds, Stopping threads took: 0.0000271 seconds
44.660: [GC (Allocation Failure)  348741K->709K(1048064K), 0.0006843 secs]
44.661: Total time for which application threads were stopped: 0.0008269 seconds, Stopping threads took: 0.0000213 seconds
44.879: [GC (Allocation Failure)  348869K->677K(1048064K), 0.0006054 secs]
44.879: Total time for which application threads were stopped: 0.0007496 seconds, Stopping threads took: 0.0000276 seconds
45.099: [GC (Allocation Failure)  348837K->709K(1048064K), 0.0004825 secs]
45.100: Total time for which application threads were stopped: 0.0005923 seconds, Stopping threads took: 0.0000174 seconds
45.314: [GC (Allocation Failure)  348869K->677K(1048064K), 0.0005377 secs]
45.315: Total time for which application threads were stopped: 0.0006654 seconds, Stopping threads took: 0.0000273 seconds
45.528: [GC (Allocation Failure)  348837K->645K(1048064K), 0.0004962 secs]
45.528: Total time for which application threads were stopped: 0.0006265 seconds, Stopping threads took: 0.0000189 seconds
45.746: [GC (Allocation Failure)  348805K->645K(1048064K), 0.0006075 secs]
45.747: Total time for which application threads were stopped: 0.0007262 seconds, Stopping threads took: 0.0000189 seconds
45.962: [GC (Allocation Failure)  348805K->677K(1048064K), 0.0004211 secs]
45.963: Total time for which application threads were stopped: 0.0005214 seconds, Stopping threads took: 0.0000171 seconds
46.181: [GC (Allocation Failure)  348837K->645K(1048064K), 0.0005031 secs]
46.182: Total time for which application threads were stopped: 0.0006451 seconds, Stopping threads took: 0.0000277 seconds
46.400: [GC (Allocation Failure)  348805K->677K(1048064K), 0.0005577 secs]
46.400: Total time for which application threads were stopped: 0.0007096 seconds, Stopping threads took: 0.0000279 seconds
46.613: [GC (Allocation Failure)  348837K->709K(1048064K), 0.0004988 secs]
46.614: Total time for which application threads were stopped: 0.0006254 seconds, Stopping threads took: 0.0000212 seconds
46.828: [GC (Allocation Failure)  348869K->677K(1048064K), 0.0004604 secs]
46.828: Total time for which application threads were stopped: 0.0005945 seconds, Stopping threads took: 0.0000189 seconds
47.046: [GC (Allocation Failure)  348837K->613K(1048064K), 0.0006100 secs]
47.047: Total time for which application threads were stopped: 0.0007336 seconds, Stopping threads took: 0.0000206 seconds
47.259: [GC (Allocation Failure)  348773K->709K(1048064K), 0.0006199 secs]
47.259: Total time for which application threads were stopped: 0.0007472 seconds, Stopping threads took: 0.0000271 seconds
47.472: [GC (Allocation Failure)  348869K->677K(1048064K), 0.0004664 secs]
47.472: Total time for which application threads were stopped: 0.0006097 seconds, Stopping threads took: 0.0000278 seconds
47.689: [GC (Allocation Failure)  348837K->709K(1048064K), 0.0006041 secs]
47.690: Total time for which application threads were stopped: 0.0007225 seconds, Stopping threads took: 0.0000192 seconds
47.908: [GC (Allocation Failure)  348869K->645K(1048064K), 0.0005484 secs]
47.909: Total time for which application threads were stopped: 0.0006686 seconds, Stopping threads took: 0.0000240 seconds
48.126: [GC (Allocation Failure)  348805K->741K(1048064K), 0.0007585 secs]
48.127: Total time for which application threads were stopped: 0.0008790 seconds, Stopping threads took: 0.0000199 seconds
48.341: [GC (Allocation Failure)  348901K->645K(1048064K), 0.0004487 secs]
48.341: Total time for which application threads were stopped: 0.0005916 seconds, Stopping threads took: 0.0000259 seconds
48.558: [GC (Allocation Failure)  348805K->645K(1048064K), 0.0005827 secs]
48.559: Total time for which application threads were stopped: 0.0007008 seconds, Stopping threads took: 0.0000201 seconds
48.777: [GC (Allocation Failure)  348805K->677K(1048064K), 0.0005983 secs]
48.777: Total time for which application threads were stopped: 0.0007237 seconds, Stopping threads took: 0.0000251 seconds
48.992: [GC (Allocation Failure)  348837K->677K(1048064K), 0.0005968 secs]
48.992: Total time for which application threads were stopped: 0.0007257 seconds, Stopping threads took: 0.0000199 seconds
49.211: [GC (Allocation Failure)  348837K->581K(1048064K), 0.0006273 secs]
49.211: Total time for which application threads were stopped: 0.0007666 seconds, Stopping threads took: 0.0000259 seconds
49.424: [GC (Allocation Failure)  348741K->613K(1048064K), 0.0005904 secs]
49.424: Total time for which application threads were stopped: 0.0007107 seconds, Stopping threads took: 0.0000200 seconds
49.636: [GC (Allocation Failure)  348773K->645K(1048064K), 0.0006631 secs]
49.637: Total time for which application threads were stopped: 0.0007805 seconds, Stopping threads took: 0.0000189 seconds
49.850: [GC (Allocation Failure)  348805K->677K(1048064K), 0.0004463 secs]
49.850: Total time for which application threads were stopped: 0.0005744 seconds, Stopping threads took: 0.0000274 seconds
50.063: [GC (Allocation Failure)  348837K->677K(1048064K), 0.0004946 secs]
50.063: Total time for which application threads were stopped: 0.0006142 seconds, Stopping threads took: 0.0000200 seconds
50.276: [GC (Allocation Failure)  348837K->645K(1048064K), 0.0004613 secs]
50.276: Total time for which application threads were stopped: 0.0005786 seconds, Stopping threads took: 0.0000196 seconds
50.494: [GC (Allocation Failure)  348805K->645K(1048064K), 0.0004893 secs]
50.494: Total time for which application threads were stopped: 0.0006099 seconds, Stopping threads took: 0.0000202 seconds
50.706: [GC (Allocation Failure)  348805K->613K(1048064K), 0.0004650 secs]
50.707: Total time for which application threads were stopped: 0.0005966 seconds, Stopping threads took: 0.0000202 seconds
50.920: [GC (Allocation Failure)  348773K->613K(1048064K), 0.0005973 secs]
50.921: Total time for which application threads were stopped: 0.0007296 seconds, Stopping threads took: 0.0000247 seconds
51.136: [GC (Allocation Failure)  348773K->645K(1048064K), 0.0005024 secs]
51.137: Total time for which application threads were stopped: 0.0006291 seconds, Stopping threads took: 0.0000271 seconds
51.351: [GC (Allocation Failure)  348805K->645K(1048064K), 0.0006103 secs]
51.352: Total time for which application threads were stopped: 0.0007508 seconds, Stopping threads took: 0.0000289 seconds
51.570: [GC (Allocation Failure)  348805K->677K(1048064K), 0.0005700 secs]
51.570: Total time for which application threads were stopped: 0.0007053 seconds, Stopping threads took: 0.0000219 seconds
51.783: [GC (Allocation Failure)  348837K->645K(1048064K), 0.0004487 secs]
51.783: Total time for which application threads were stopped: 0.0005623 seconds, Stopping threads took: 0.0000184 seconds
52.001: [GC (Allocation Failure)  348805K->677K(1048064K), 0.0005684 secs]
52.001: Total time for which application threads were stopped: 0.0006942 seconds, Stopping threads took: 0.0000191 seconds
52.221: [GC (Allocation Failure)  348837K->645K(1048064K), 0.0004680 secs]
52.221: Total time for which application threads were stopped: 0.0005901 seconds, Stopping threads took: 0.0000196 seconds
52.435: [GC (Allocation Failure)  348805K->709K(1048064K), 0.0004665 secs]
52.436: Total time for which application threads were stopped: 0.0005992 seconds, Stopping threads took: 0.0000192 seconds
52.649: [GC (Allocation Failure)  348869K->709K(1048064K), 0.0006768 secs]
52.650: Total time for which application threads were stopped: 0.0008178 seconds, Stopping threads took: 0.0000206 seconds
52.868: [GC (Allocation Failure)  348869K->645K(1048064K), 0.0004715 secs]
52.869: Total time for which application threads were stopped: 0.0006013 seconds, Stopping threads took: 0.0000281 seconds
53.082: [GC (Allocation Failure)  348805K->677K(1048064K), 0.0004978 secs]
53.082: Total time for which application threads were stopped: 0.0006368 seconds, Stopping threads took: 0.0000282 seconds
53.295: [GC (Allocation Failure)  348837K->677K(1048064K), 0.0005895 secs]
53.295: Total time for which application threads were stopped: 0.0007160 seconds, Stopping threads took: 0.0000264 seconds
53.507: [GC (Allocation Failure)  348837K->709K(1048064K), 0.0005129 secs]
53.508: Total time for which application threads were stopped: 0.0006350 seconds, Stopping threads took: 0.0000196 seconds
53.720: [GC (Allocation Failure)  348869K->645K(1048064K), 0.0005233 secs]
53.720: Total time for which application threads were stopped: 0.0006436 seconds, Stopping threads took: 0.0000200 seconds
53.934: [GC (Allocation Failure)  348805K->645K(1048064K), 0.0004950 secs]
53.935: Total time for which application threads were stopped: 0.0006151 seconds, Stopping threads took: 0.0000187 seconds
54.147: [GC (Allocation Failure)  348805K->677K(1048064K), 0.0004603 secs]
54.148: Total time for which application threads were stopped: 0.0005872 seconds, Stopping threads took: 0.0000278 seconds
54.361: [GC (Allocation Failure)  348837K->645K(1048064K), 0.0005692 secs]
54.362: Total time for which application threads were stopped: 0.0006985 seconds, Stopping threads took: 0.0000282 seconds
54.573: [GC (Allocation Failure)  348805K->709K(1048064K), 0.0004534 secs]
54.574: Total time for which application threads were stopped: 0.0005708 seconds, Stopping threads took: 0.0000191 seconds
54.786: [GC (Allocation Failure)  348869K->645K(1048064K), 0.0004727 secs]
54.786: Total time for which application threads were stopped: 0.0006104 seconds, Stopping threads took: 0.0000261 seconds
54.999: [GC (Allocation Failure)  348805K->677K(1048064K), 0.0004506 secs]
55.000: Total time for which application threads were stopped: 0.0005804 seconds, Stopping threads took: 0.0000277 seconds
55.212: [GC (Allocation Failure)  348837K->645K(1048064K), 0.0005174 secs]
55.212: Total time for which application threads were stopped: 0.0006515 seconds, Stopping threads took: 0.0000201 seconds
55.430: [GC (Allocation Failure)  348805K->709K(1048064K), 0.0005028 secs]
55.431: Total time for which application threads were stopped: 0.0006292 seconds, Stopping threads took: 0.0000282 seconds
55.649: [GC (Allocation Failure)  348869K->645K(1048064K), 0.0005491 secs]
55.650: Total time for which application threads were stopped: 0.0006533 seconds, Stopping threads took: 0.0000167 seconds
55.869: [GC (Allocation Failure)  348805K->677K(1048064K), 0.0005288 secs]
55.869: Total time for which application threads were stopped: 0.0006536 seconds, Stopping threads took: 0.0000259 seconds
56.082: [GC (Allocation Failure)  348837K->677K(1048064K), 0.0005696 secs]
56.082: Total time for which application threads were stopped: 0.0006972 seconds, Stopping threads took: 0.0000277 seconds
56.295: [GC (Allocation Failure)  348837K->645K(1048064K), 0.0004104 secs]
56.296: Total time for which application threads were stopped: 0.0005381 seconds, Stopping threads took: 0.0000279 seconds
56.508: [GC (Allocation Failure)  348805K->709K(1048064K), 0.0005373 secs]
56.508: Total time for which application threads were stopped: 0.0006565 seconds, Stopping threads took: 0.0000196 seconds
56.720: [GC (Allocation Failure)  348869K->645K(1048064K), 0.0004589 secs]
56.721: Total time for which application threads were stopped: 0.0005789 seconds, Stopping threads took: 0.0000203 seconds
56.935: [GC (Allocation Failure)  348805K->645K(1048064K), 0.0005454 secs]
56.936: Total time for which application threads were stopped: 0.0006670 seconds, Stopping threads took: 0.0000190 seconds
57.148: [GC (Allocation Failure)  348805K->613K(1048064K), 0.0006111 secs]
57.148: Total time for which application threads were stopped: 0.0007475 seconds, Stopping threads took: 0.0000286 seconds
57.367: [GC (Allocation Failure)  348773K->613K(1048064K), 0.0004438 secs]
57.367: Total time for which application threads were stopped: 0.0005715 seconds, Stopping threads took: 0.0000271 seconds
57.585: [GC (Allocation Failure)  348773K->677K(1048064K), 0.0005085 secs]
57.585: Total time for which application threads were stopped: 0.0006324 seconds, Stopping threads took: 0.0000214 seconds
57.798: [GC (Allocation Failure)  348837K->645K(1048064K), 0.0004065 secs]
57.799: Total time for which application threads were stopped: 0.0005453 seconds, Stopping threads took: 0.0000195 seconds
58.018: [GC (Allocation Failure)  348805K->645K(1048064K), 0.0004585 secs]
58.018: Total time for which application threads were stopped: 0.0005812 seconds, Stopping threads took: 0.0000172 seconds
58.237: [GC (Allocation Failure)  348805K->645K(1048064K), 0.0004747 secs]
58.238: Total time for which application threads were stopped: 0.0005960 seconds, Stopping threads took: 0.0000200 seconds
58.454: [GC (Allocation Failure)  348805K->645K(1048064K), 0.0004751 secs]
58.455: Total time for which application threads were stopped: 0.0006026 seconds, Stopping threads took: 0.0000270 seconds
58.674: [GC (Allocation Failure)  348805K->645K(1048064K), 0.0004921 secs]
58.674: Total time for which application threads were stopped: 0.0006292 seconds, Stopping threads took: 0.0000197 seconds
58.892: [GC (Allocation Failure)  348805K->645K(1048064K), 0.0004767 secs]
58.893: Total time for which application threads were stopped: 0.0006134 seconds, Stopping threads took: 0.0000280 seconds
59.111: [GC (Allocation Failure)  348805K->677K(1048064K), 0.0003979 secs]
59.111: Total time for which application threads were stopped: 0.0005355 seconds, Stopping threads took: 0.0000173 seconds
59.324: [GC (Allocation Failure)  348837K->645K(1048064K), 0.0004603 secs]
59.325: Total time for which application threads were stopped: 0.0005834 seconds, Stopping threads took: 0.0000195 seconds
59.537: [GC (Allocation Failure)  348805K->677K(1048064K), 0.0004453 secs]
59.537: Total time for which application threads were stopped: 0.0005621 seconds, Stopping threads took: 0.0000202 seconds
59.755: [GC (Allocation Failure)  348837K->677K(1048064K), 0.0004181 secs]
59.756: Total time for which application threads were stopped: 0.0005373 seconds, Stopping threads took: 0.0000194 seconds
59.974: [GC (Allocation Failure)  348837K->645K(1048064K), 0.0005085 secs]
59.975: Total time for which application threads were stopped: 0.0006416 seconds, Stopping threads took: 0.0000199 seconds
60.187: [GC (Allocation Failure)  348805K->677K(1048064K), 0.0004643 secs]
60.188: Total time for which application threads were stopped: 0.0005857 seconds, Stopping threads took: 0.0000200 seconds
60.401: [GC (Allocation Failure)  348837K->645K(1048064K), 0.0004117 secs]
60.401: Total time for which application threads were stopped: 0.0005321 seconds, Stopping threads took: 0.0000201 seconds
60.613: [GC (Allocation Failure)  348805K->677K(1048064K), 0.0004767 secs]
60.614: Total time for which application threads were stopped: 0.0006185 seconds, Stopping threads took: 0.0000276 seconds
60.826: [GC (Allocation Failure)  348837K->709K(1048064K), 0.0005461 secs]
60.826: Total time for which application threads were stopped: 0.0006798 seconds, Stopping threads took: 0.0000280 seconds
61.045: [GC (Allocation Failure)  348869K->613K(1048064K), 0.0005545 secs]
61.046: Total time for which application threads were stopped: 0.0006805 seconds, Stopping threads took: 0.0000276 seconds
61.257: [GC (Allocation Failure)  348773K->677K(1048064K), 0.0005167 secs]
61.258: Total time for which application threads were stopped: 0.0006267 seconds, Stopping threads took: 0.0000173 seconds
61.471: [GC (Allocation Failure)  348837K->709K(1048064K), 0.0005393 secs]
61.471: Total time for which application threads were stopped: 0.0006556 seconds, Stopping threads took: 0.0000200 seconds
61.689: [GC (Allocation Failure)  348869K->645K(1048064K), 0.0004138 secs]
61.689: Total time for which application threads were stopped: 0.0005195 seconds, Stopping threads took: 0.0000176 seconds
61.908: [GC (Allocation Failure)  348805K->709K(1048064K), 0.0005724 secs]
61.909: Total time for which application threads were stopped: 0.0006947 seconds, Stopping threads took: 0.0000223 seconds
62.125: [GC (Allocation Failure)  348869K->709K(1048064K), 0.0004967 secs]
62.126: Total time for which application threads were stopped: 0.0006195 seconds, Stopping threads took: 0.0000198 seconds
62.338: [GC (Allocation Failure)  348869K->645K(1048064K), 0.0005003 secs]
62.339: Total time for which application threads were stopped: 0.0006350 seconds, Stopping threads took: 0.0000193 seconds
62.555: [GC (Allocation Failure)  348805K->677K(1048064K), 0.0005341 secs]
62.556: Total time for which application threads were stopped: 0.0006926 seconds, Stopping threads took: 0.0000522 seconds
62.769: [GC (Allocation Failure)  348837K->613K(1048064K), 0.0006353 secs]
62.770: Total time for which application threads were stopped: 0.0007648 seconds, Stopping threads took: 0.0000203 seconds
62.986: [GC (Allocation Failure)  348773K->709K(1048064K), 0.0005659 secs]
62.987: Total time for which application threads were stopped: 0.0006879 seconds, Stopping threads took: 0.0000201 seconds
63.201: [GC (Allocation Failure)  348869K->677K(1048064K), 0.0005251 secs]
63.201: Total time for which application threads were stopped: 0.0006421 seconds, Stopping threads took: 0.0000187 seconds
63.415: [GC (Allocation Failure)  348837K->677K(1048064K), 0.0005049 secs]
63.416: Total time for which application threads were stopped: 0.0006280 seconds, Stopping threads took: 0.0000265 seconds
63.629: [GC (Allocation Failure)  348837K->645K(1048064K), 0.0006346 secs]
63.630: Total time for which application threads were stopped: 0.0007666 seconds, Stopping threads took: 0.0000203 seconds
63.850: [GC (Allocation Failure)  348805K->645K(1048064K), 0.0004660 secs]
63.851: Total time for which application threads were stopped: 0.0005916 seconds, Stopping threads took: 0.0000257 seconds
64.070: [GC (Allocation Failure)  348805K->645K(1048064K), 0.0005833 secs]
64.070: Total time for which application threads were stopped: 0.0006940 seconds, Stopping threads took: 0.0000177 seconds
64.290: [GC (Allocation Failure)  348805K->645K(1048064K), 0.0003965 secs]
64.291: Total time for which application threads were stopped: 0.0005191 seconds, Stopping threads took: 0.0000270 seconds
64.506: [GC (Allocation Failure)  348805K->677K(1048064K), 0.0004749 secs]
64.506: Total time for which application threads were stopped: 0.0005987 seconds, Stopping threads took: 0.0000201 seconds
64.720: [GC (Allocation Failure)  348837K->645K(1048064K), 0.0004587 secs]
64.720: Total time for which application threads were stopped: 0.0005838 seconds, Stopping threads took: 0.0000200 seconds
64.936: [GC (Allocation Failure)  348805K->645K(1048064K), 0.0005230 secs]
64.937: Total time for which application threads were stopped: 0.0006489 seconds, Stopping threads took: 0.0000269 seconds
65.152: [GC (Allocation Failure)  348805K->709K(1048064K), 0.0004808 secs]
65.153: Total time for which application threads were stopped: 0.0006105 seconds, Stopping threads took: 0.0000196 seconds
65.370: [GC (Allocation Failure)  348869K->677K(1048064K), 0.0006867 secs]
65.371: Total time for which application threads were stopped: 0.0008074 seconds, Stopping threads took: 0.0000196 seconds
65.583: [GC (Allocation Failure)  348837K->741K(1048064K), 0.0004785 secs]
65.584: Total time for which application threads were stopped: 0.0006056 seconds, Stopping threads took: 0.0000197 seconds
65.796: [GC (Allocation Failure)  348901K->677K(1048064K), 0.0003762 secs]
65.797: Total time for which application threads were stopped: 0.0004951 seconds, Stopping threads took: 0.0000258 seconds
66.011: [GC (Allocation Failure)  348837K->677K(1048064K), 0.0005921 secs]
66.012: Total time for which application threads were stopped: 0.0007099 seconds, Stopping threads took: 0.0000191 seconds
66.224: [GC (Allocation Failure)  348837K->645K(1048064K), 0.0004711 secs]
66.225: Total time for which application threads were stopped: 0.0006013 seconds, Stopping threads took: 0.0000200 seconds
66.438: [GC (Allocation Failure)  348805K->677K(1048064K), 0.0004925 secs]
66.438: Total time for which application threads were stopped: 0.0006450 seconds, Stopping threads took: 0.0000200 seconds
66.650: [GC (Allocation Failure)  348837K->677K(1048064K), 0.0005007 secs]
66.651: Total time for which application threads were stopped: 0.0006229 seconds, Stopping threads took: 0.0000189 seconds
66.872: [GC (Allocation Failure)  348837K->645K(1048064K), 0.0005295 secs]
66.873: Total time for which application threads were stopped: 0.0006523 seconds, Stopping threads took: 0.0000248 seconds
67.090: [GC (Allocation Failure)  348805K->677K(1048064K), 0.0004975 secs]
67.091: Total time for which application threads were stopped: 0.0006124 seconds, Stopping threads took: 0.0000192 seconds
67.309: [GC (Allocation Failure)  348837K->645K(1048064K), 0.0004715 secs]
67.310: Total time for which application threads were stopped: 0.0006076 seconds, Stopping threads took: 0.0000245 seconds
67.522: [GC (Allocation Failure)  348805K->645K(1048064K), 0.0004434 secs]
67.522: Total time for which application threads were stopped: 0.0005654 seconds, Stopping threads took: 0.0000197 seconds
67.734: [GC (Allocation Failure)  348805K->677K(1048064K), 0.0005811 secs]
67.735: Total time for which application threads were stopped: 0.0006974 seconds, Stopping threads took: 0.0000193 seconds
67.952: [GC (Allocation Failure)  348837K->709K(1048064K), 0.0004927 secs]
67.952: Total time for which application threads were stopped: 0.0006136 seconds, Stopping threads took: 0.0000197 seconds
68.164: [GC (Allocation Failure)  348869K->645K(1048064K), 0.0005010 secs]
68.164: Total time for which application threads were stopped: 0.0006268 seconds, Stopping threads took: 0.0000271 seconds
68.377: [GC (Allocation Failure)  348805K->677K(1048064K), 0.0004501 secs]
68.377: Total time for which application threads were stopped: 0.0005702 seconds, Stopping threads took: 0.0000190 seconds
68.594: [GC (Allocation Failure)  348837K->677K(1048064K), 0.0004579 secs]
68.594: Total time for which application threads were stopped: 0.0005817 seconds, Stopping threads took: 0.0000270 seconds
68.807: [GC (Allocation Failure)  348837K->645K(1048064K), 0.0003855 secs]
68.807: Total time for which application threads were stopped: 0.0005037 seconds, Stopping threads took: 0.0000266 seconds
69.020: [GC (Allocation Failure)  348805K->613K(1048064K), 0.0004858 secs]
69.020: Total time for which application threads were stopped: 0.0006236 seconds, Stopping threads took: 0.0000277 seconds
69.233: [GC (Allocation Failure)  348773K->677K(1048064K), 0.0004660 secs]
69.233: Total time for which application threads were stopped: 0.0005923 seconds, Stopping threads took: 0.0000200 seconds
69.446: [GC (Allocation Failure)  348837K->677K(1048064K), 0.0004873 secs]
69.446: Total time for which application threads were stopped: 0.0006170 seconds, Stopping threads took: 0.0000283 seconds
69.658: [GC (Allocation Failure)  348837K->677K(1048064K), 0.0004740 secs]
69.659: Total time for which application threads were stopped: 0.0005940 seconds, Stopping threads took: 0.0000198 seconds
69.872: [GC (Allocation Failure)  348837K->613K(1048064K), 0.0004681 secs]
69.872: Total time for which application threads were stopped: 0.0006005 seconds, Stopping threads took: 0.0000194 seconds
70.085: [GC (Allocation Failure)  348773K->645K(1048064K), 0.0006705 secs]
70.086: Total time for which application threads were stopped: 0.0007976 seconds, Stopping threads took: 0.0000194 seconds
70.298: [GC (Allocation Failure)  348805K->645K(1048064K), 0.0004208 secs]
70.299: Total time for which application threads were stopped: 0.0005497 seconds, Stopping threads took: 0.0000260 seconds
70.511: [GC (Allocation Failure)  348805K->645K(1048064K), 0.0005115 secs]
70.511: Total time for which application threads were stopped: 0.0006388 seconds, Stopping threads took: 0.0000277 seconds
70.724: [GC (Allocation Failure)  348805K->709K(1048064K), 0.0004706 secs]
70.724: Total time for which application threads were stopped: 0.0005921 seconds, Stopping threads took: 0.0000199 seconds
