Java HotSpot(TM) 64-Bit Server VM (25.171-b11) for linux-amd64 JRE (1.8.0_171-b11), built on Mar 28 2018 17:07:08 by "java_re" with gcc 4.3.0 20080428 (Red Hat 4.3.0-8)
Memory: 4k page, physical 32883000k(29425464k free), swap 8000508k(8000508k free)
CommandLine flags: -XX:InitialHeapSize=1073741824 -XX:MaxHeapSize=1073741824 -XX:+PrintGC -XX:+PrintGCApplicationStoppedTime -XX:+PrintGCTimeStamps -XX:+UseCompressedClassPointers -XX:+UseCompressedOops -XX:+UseParallelGC 
0.496: [GC (Allocation Failure)  262144K->2349K(1005056K), 0.0019382 secs]
0.498: Total time for which application threads were stopped: 0.0021505 seconds, Stopping threads took: 0.0000217 seconds
0.668: [GC (Allocation Failure)  264493K->672K(1005056K), 0.0008424 secs]
0.669: Total time for which application threads were stopped: 0.0009748 seconds, Stopping threads took: 0.0000177 seconds
0.837: [GC (Allocation Failure)  262816K->584K(1005056K), 0.0010486 secs]
0.838: Total time for which application threads were stopped: 0.0011978 seconds, Stopping threads took: 0.0000195 seconds
1.002: [GC (Allocation Failure)  262728K->648K(1005056K), 0.0009974 secs]
1.003: Total time for which application threads were stopped: 0.0011297 seconds, Stopping threads took: 0.0000208 seconds
1.170: [GC (Allocation Failure)  262792K->584K(1005056K), 0.0010814 secs]
1.171: Total time for which application threads were stopped: 0.0012113 seconds, Stopping threads took: 0.0000312 seconds
1.338: [GC (Allocation Failure)  262728K->624K(1046016K), 0.0009281 secs]
1.339: Total time for which application threads were stopped: 0.0010731 seconds, Stopping threads took: 0.0000292 seconds
1.570: [GC (Allocation Failure)  344688K->629K(1046016K), 0.0010115 secs]
1.571: Total time for which application threads were stopped: 0.0011392 seconds, Stopping threads took: 0.0000210 seconds
1.788: [GC (Allocation Failure)  344693K->693K(1046016K), 0.0005394 secs]
1.789: Total time for which application threads were stopped: 0.0006567 seconds, Stopping threads took: 0.0000197 seconds
1.999: [GC (Allocation Failure)  344757K->693K(1046016K), 0.0006223 secs]
1.999: Total time for which application threads were stopped: 0.0007272 seconds, Stopping threads took: 0.0000191 seconds
2.214: [GC (Allocation Failure)  344757K->597K(1046528K), 0.0004197 secs]
2.215: Total time for which application threads were stopped: 0.0005429 seconds, Stopping threads took: 0.0000195 seconds
2.429: [GC (Allocation Failure)  345173K->661K(1046016K), 0.0003845 secs]
2.430: Total time for which application threads were stopped: 0.0004967 seconds, Stopping threads took: 0.0000166 seconds
2.644: [GC (Allocation Failure)  345237K->693K(1046528K), 0.0006144 secs]
2.644: Total time for which application threads were stopped: 0.0007413 seconds, Stopping threads took: 0.0000287 seconds
2.862: [GC (Allocation Failure)  345781K->661K(1046528K), 0.0004817 secs]
2.863: Total time for which application threads were stopped: 0.0005998 seconds, Stopping threads took: 0.0000194 seconds
3.074: [GC (Allocation Failure)  345749K->725K(1046528K), 0.0005538 secs]
3.074: Total time for which application threads were stopped: 0.0006933 seconds, Stopping threads took: 0.0000281 seconds
3.292: [GC (Allocation Failure)  345813K->677K(1046528K), 0.0004928 secs]
3.292: Total time for which application threads were stopped: 0.0006058 seconds, Stopping threads took: 0.0000264 seconds
3.506: [GC (Allocation Failure)  345765K->677K(1046528K), 0.0004478 secs]
3.506: Total time for which application threads were stopped: 0.0006031 seconds, Stopping threads took: 0.0000282 seconds
3.718: [GC (Allocation Failure)  345765K->613K(1046528K), 0.0005975 secs]
3.719: Total time for which application threads were stopped: 0.0007557 seconds, Stopping threads took: 0.0000426 seconds
3.929: [GC (Allocation Failure)  345701K->645K(1047040K), 0.0004754 secs]
3.930: Total time for which application threads were stopped: 0.0005942 seconds, Stopping threads took: 0.0000195 seconds
4.056: Total time for which application threads were stopped: 0.0001263 seconds, Stopping threads took: 0.0000567 seconds
4.141: [GC (Allocation Failure)  346757K->677K(1047040K), 0.0004632 secs]
4.142: Total time for which application threads were stopped: 0.0005900 seconds, Stopping threads took: 0.0000267 seconds
4.360: [GC (Allocation Failure)  346789K->709K(1047040K), 0.0004982 secs]
4.360: Total time for which application threads were stopped: 0.0006273 seconds, Stopping threads took: 0.0000217 seconds
4.571: [GC (Allocation Failure)  346821K->741K(1047040K), 0.0005110 secs]
4.572: Total time for which application threads were stopped: 0.0006302 seconds, Stopping threads took: 0.0000199 seconds
4.792: [GC (Allocation Failure)  346853K->709K(1047040K), 0.0004799 secs]
4.793: Total time for which application threads were stopped: 0.0006050 seconds, Stopping threads took: 0.0000196 seconds
5.009: [GC (Allocation Failure)  346821K->613K(1047040K), 0.0005132 secs]
5.009: Total time for which application threads were stopped: 0.0006371 seconds, Stopping threads took: 0.0000196 seconds
5.221: [GC (Allocation Failure)  346725K->645K(1047552K), 0.0004259 secs]
5.222: Total time for which application threads were stopped: 0.0005566 seconds, Stopping threads took: 0.0000265 seconds
5.437: [GC (Allocation Failure)  347269K->645K(1047040K), 0.0004332 secs]
5.438: Total time for which application threads were stopped: 0.0005400 seconds, Stopping threads took: 0.0000167 seconds
5.649: [GC (Allocation Failure)  347269K->677K(1047552K), 0.0006321 secs]
5.650: Total time for which application threads were stopped: 0.0007687 seconds, Stopping threads took: 0.0000207 seconds
5.871: [GC (Allocation Failure)  347813K->645K(1047552K), 0.0004548 secs]
5.872: Total time for which application threads were stopped: 0.0005746 seconds, Stopping threads took: 0.0000190 seconds
6.086: [GC (Allocation Failure)  347781K->645K(1047552K), 0.0004825 secs]
6.087: Total time for which application threads were stopped: 0.0006021 seconds, Stopping threads took: 0.0000199 seconds
6.305: [GC (Allocation Failure)  347781K->613K(1047552K), 0.0005109 secs]
6.306: Total time for which application threads were stopped: 0.0006321 seconds, Stopping threads took: 0.0000200 seconds
6.524: [GC (Allocation Failure)  347749K->677K(1047552K), 0.0006078 secs]
6.525: Total time for which application threads were stopped: 0.0007341 seconds, Stopping threads took: 0.0000201 seconds
6.743: [GC (Allocation Failure)  347813K->677K(1047552K), 0.0004311 secs]
6.744: Total time for which application threads were stopped: 0.0005524 seconds, Stopping threads took: 0.0000270 seconds
6.959: [GC (Allocation Failure)  347813K->709K(1047552K), 0.0004708 secs]
6.960: Total time for which application threads were stopped: 0.0005992 seconds, Stopping threads took: 0.0000283 seconds
7.172: [GC (Allocation Failure)  347845K->677K(1047552K), 0.0005018 secs]
7.172: Total time for which application threads were stopped: 0.0006210 seconds, Stopping threads took: 0.0000195 seconds
7.384: [GC (Allocation Failure)  347813K->677K(1047552K), 0.0004970 secs]
7.385: Total time for which application threads were stopped: 0.0006338 seconds, Stopping threads took: 0.0000207 seconds
7.602: [GC (Allocation Failure)  347813K->613K(1047552K), 0.0004833 secs]
7.602: Total time for which application threads were stopped: 0.0006125 seconds, Stopping threads took: 0.0000229 seconds
7.815: [GC (Allocation Failure)  347749K->645K(1048064K), 0.0004415 secs]
7.816: Total time for which application threads were stopped: 0.0005446 seconds, Stopping threads took: 0.0000172 seconds
8.034: [GC (Allocation Failure)  348293K->581K(1047552K), 0.0005438 secs]
8.035: Total time for which application threads were stopped: 0.0006547 seconds, Stopping threads took: 0.0000272 seconds
8.252: [GC (Allocation Failure)  348229K->645K(1048064K), 0.0005517 secs]
8.253: Total time for which application threads were stopped: 0.0006931 seconds, Stopping threads took: 0.0000279 seconds
8.470: [GC (Allocation Failure)  348805K->645K(1048064K), 0.0004750 secs]
8.470: Total time for which application threads were stopped: 0.0005930 seconds, Stopping threads took: 0.0000194 seconds
8.684: [GC (Allocation Failure)  348805K->677K(1048064K), 0.0004798 secs]
8.684: Total time for which application threads were stopped: 0.0006186 seconds, Stopping threads took: 0.0000272 seconds
8.902: [GC (Allocation Failure)  348837K->645K(1048064K), 0.0004865 secs]
8.902: Total time for which application threads were stopped: 0.0006092 seconds, Stopping threads took: 0.0000194 seconds
9.114: [GC (Allocation Failure)  348805K->677K(1048064K), 0.0004731 secs]
9.115: Total time for which application threads were stopped: 0.0005919 seconds, Stopping threads took: 0.0000189 seconds
9.335: [GC (Allocation Failure)  348837K->645K(1048064K), 0.0004549 secs]
9.336: Total time for which application threads were stopped: 0.0005724 seconds, Stopping threads took: 0.0000249 seconds
9.553: [GC (Allocation Failure)  348805K->677K(1048064K), 0.0004654 secs]
9.554: Total time for which application threads were stopped: 0.0005881 seconds, Stopping threads took: 0.0000202 seconds
9.773: [GC (Allocation Failure)  348837K->613K(1048064K), 0.0008387 secs]
9.774: Total time for which application threads were stopped: 0.0009700 seconds, Stopping threads took: 0.0000200 seconds
9.986: [GC (Allocation Failure)  348773K->677K(1048064K), 0.0005658 secs]
9.986: Total time for which application threads were stopped: 0.0006930 seconds, Stopping threads took: 0.0000193 seconds
10.199: [GC (Allocation Failure)  348837K->645K(1048064K), 0.0004528 secs]
10.199: Total time for which application threads were stopped: 0.0005719 seconds, Stopping threads took: 0.0000255 seconds
10.412: [GC (Allocation Failure)  348805K->677K(1048064K), 0.0004820 secs]
10.412: Total time for which application threads were stopped: 0.0006085 seconds, Stopping threads took: 0.0000279 seconds
10.624: [GC (Allocation Failure)  348837K->677K(1048064K), 0.0004827 secs]
10.624: Total time for which application threads were stopped: 0.0006006 seconds, Stopping threads took: 0.0000190 seconds
10.838: [GC (Allocation Failure)  348837K->645K(1048064K), 0.0004680 secs]
10.838: Total time for which application threads were stopped: 0.0005831 seconds, Stopping threads took: 0.0000190 seconds
11.053: [GC (Allocation Failure)  348805K->645K(1048064K), 0.0005046 secs]
11.054: Total time for which application threads were stopped: 0.0006597 seconds, Stopping threads took: 0.0000263 seconds
11.266: [GC (Allocation Failure)  348805K->645K(1048064K), 0.0004555 secs]
11.267: Total time for which application threads were stopped: 0.0005829 seconds, Stopping threads took: 0.0000193 seconds
11.479: [GC (Allocation Failure)  348805K->677K(1048064K), 0.0004762 secs]
11.479: Total time for which application threads were stopped: 0.0006094 seconds, Stopping threads took: 0.0000275 seconds
11.691: [GC (Allocation Failure)  348837K->741K(1048064K), 0.0006199 secs]
11.692: Total time for which application threads were stopped: 0.0007492 seconds, Stopping threads took: 0.0000288 seconds
11.909: [GC (Allocation Failure)  348901K->677K(1048064K), 0.0004728 secs]
11.909: Total time for which application threads were stopped: 0.0006012 seconds, Stopping threads took: 0.0000282 seconds
12.122: [GC (Allocation Failure)  348837K->645K(1048064K), 0.0004233 secs]
12.122: Total time for which application threads were stopped: 0.0005393 seconds, Stopping threads took: 0.0000159 seconds
12.338: [GC (Allocation Failure)  348805K->709K(1048064K), 0.0004397 secs]
12.338: Total time for which application threads were stopped: 0.0005631 seconds, Stopping threads took: 0.0000198 seconds
12.550: [GC (Allocation Failure)  348869K->709K(1048064K), 0.0004670 secs]
12.551: Total time for which application threads were stopped: 0.0005914 seconds, Stopping threads took: 0.0000193 seconds
12.770: [GC (Allocation Failure)  348869K->677K(1048064K), 0.0005393 secs]
12.770: Total time for which application threads were stopped: 0.0006607 seconds, Stopping threads took: 0.0000253 seconds
12.982: [GC (Allocation Failure)  348837K->613K(1048064K), 0.0005635 secs]
12.983: Total time for which application threads were stopped: 0.0006793 seconds, Stopping threads took: 0.0000194 seconds
13.195: [GC (Allocation Failure)  348773K->709K(1048064K), 0.0004921 secs]
13.195: Total time for which application threads were stopped: 0.0006108 seconds, Stopping threads took: 0.0000199 seconds
13.410: [GC (Allocation Failure)  348869K->645K(1048064K), 0.0004341 secs]
13.410: Total time for which application threads were stopped: 0.0005548 seconds, Stopping threads took: 0.0000202 seconds
13.626: [GC (Allocation Failure)  348805K->645K(1048064K), 0.0005184 secs]
13.627: Total time for which application threads were stopped: 0.0006375 seconds, Stopping threads took: 0.0000192 seconds
13.843: [GC (Allocation Failure)  348805K->709K(1048064K), 0.0004709 secs]
13.844: Total time for which application threads were stopped: 0.0006002 seconds, Stopping threads took: 0.0000285 seconds
14.056: [GC (Allocation Failure)  348869K->677K(1048064K), 0.0004721 secs]
14.056: Total time for which application threads were stopped: 0.0005966 seconds, Stopping threads took: 0.0000208 seconds
14.273: [GC (Allocation Failure)  348837K->613K(1048064K), 0.0004868 secs]
14.274: Total time for which application threads were stopped: 0.0006065 seconds, Stopping threads took: 0.0000196 seconds
14.490: [GC (Allocation Failure)  348773K->677K(1048064K), 0.0004905 secs]
14.491: Total time for which application threads were stopped: 0.0006157 seconds, Stopping threads took: 0.0000198 seconds
14.704: [GC (Allocation Failure)  348837K->709K(1048064K), 0.0004246 secs]
14.705: Total time for which application threads were stopped: 0.0005493 seconds, Stopping threads took: 0.0000205 seconds
14.920: [GC (Allocation Failure)  348869K->645K(1048064K), 0.0005932 secs]
14.920: Total time for which application threads were stopped: 0.0007148 seconds, Stopping threads took: 0.0000202 seconds
15.133: [GC (Allocation Failure)  348805K->709K(1048064K), 0.0004448 secs]
15.134: Total time for which application threads were stopped: 0.0005695 seconds, Stopping threads took: 0.0000195 seconds
15.348: [GC (Allocation Failure)  348869K->677K(1048064K), 0.0006450 secs]
15.349: Total time for which application threads were stopped: 0.0007700 seconds, Stopping threads took: 0.0000191 seconds
15.562: [GC (Allocation Failure)  348837K->677K(1048064K), 0.0006747 secs]
15.563: Total time for which application threads were stopped: 0.0008288 seconds, Stopping threads took: 0.0000206 seconds
15.777: [GC (Allocation Failure)  348837K->677K(1048064K), 0.0004763 secs]
15.778: Total time for which application threads were stopped: 0.0005928 seconds, Stopping threads took: 0.0000198 seconds
15.990: [GC (Allocation Failure)  348837K->613K(1048064K), 0.0004847 secs]
15.991: Total time for which application threads were stopped: 0.0006040 seconds, Stopping threads took: 0.0000191 seconds
16.209: [GC (Allocation Failure)  348773K->709K(1048064K), 0.0004542 secs]
16.209: Total time for which application threads were stopped: 0.0005842 seconds, Stopping threads took: 0.0000189 seconds
16.426: [GC (Allocation Failure)  348869K->613K(1048064K), 0.0005436 secs]
16.426: Total time for which application threads were stopped: 0.0007012 seconds, Stopping threads took: 0.0000193 seconds
16.643: [GC (Allocation Failure)  348773K->645K(1048064K), 0.0005391 secs]
16.644: Total time for which application threads were stopped: 0.0006575 seconds, Stopping threads took: 0.0000200 seconds
16.858: [GC (Allocation Failure)  348805K->613K(1048064K), 0.0005236 secs]
16.859: Total time for which application threads were stopped: 0.0006417 seconds, Stopping threads took: 0.0000187 seconds
17.070: [GC (Allocation Failure)  348773K->613K(1048064K), 0.0004768 secs]
17.071: Total time for which application threads were stopped: 0.0005934 seconds, Stopping threads took: 0.0000194 seconds
17.287: [GC (Allocation Failure)  348773K->677K(1048064K), 0.0005634 secs]
17.288: Total time for which application threads were stopped: 0.0006863 seconds, Stopping threads took: 0.0000194 seconds
17.500: [GC (Allocation Failure)  348837K->645K(1048064K), 0.0004790 secs]
17.500: Total time for which application threads were stopped: 0.0006263 seconds, Stopping threads took: 0.0000195 seconds
17.712: [GC (Allocation Failure)  348805K->645K(1048064K), 0.0005492 secs]
17.713: Total time for which application threads were stopped: 0.0006749 seconds, Stopping threads took: 0.0000268 seconds
17.925: [GC (Allocation Failure)  348805K->677K(1048064K), 0.0004592 secs]
17.926: Total time for which application threads were stopped: 0.0005804 seconds, Stopping threads took: 0.0000197 seconds
18.137: [GC (Allocation Failure)  348837K->645K(1048064K), 0.0005407 secs]
18.138: Total time for which application threads were stopped: 0.0006803 seconds, Stopping threads took: 0.0000215 seconds
18.350: [GC (Allocation Failure)  348805K->677K(1048064K), 0.0004842 secs]
18.350: Total time for which application threads were stopped: 0.0006081 seconds, Stopping threads took: 0.0000209 seconds
18.562: [GC (Allocation Failure)  348837K->677K(1048064K), 0.0005550 secs]
18.562: Total time for which application threads were stopped: 0.0006784 seconds, Stopping threads took: 0.0000189 seconds
18.776: [GC (Allocation Failure)  348837K->613K(1048064K), 0.0004068 secs]
18.776: Total time for which application threads were stopped: 0.0005259 seconds, Stopping threads took: 0.0000190 seconds
18.992: [GC (Allocation Failure)  348773K->677K(1048064K), 0.0005288 secs]
18.992: Total time for which application threads were stopped: 0.0006539 seconds, Stopping threads took: 0.0000271 seconds
19.208: [GC (Allocation Failure)  348837K->645K(1048064K), 0.0003789 secs]
19.209: Total time for which application threads were stopped: 0.0004948 seconds, Stopping threads took: 0.0000257 seconds
19.423: [GC (Allocation Failure)  348805K->645K(1048064K), 0.0004734 secs]
19.424: Total time for which application threads were stopped: 0.0005786 seconds, Stopping threads took: 0.0000169 seconds
19.635: [GC (Allocation Failure)  348805K->613K(1048064K), 0.0004486 secs]
19.636: Total time for which application threads were stopped: 0.0005627 seconds, Stopping threads took: 0.0000189 seconds
19.854: [GC (Allocation Failure)  348773K->645K(1048064K), 0.0004750 secs]
19.855: Total time for which application threads were stopped: 0.0006038 seconds, Stopping threads took: 0.0000203 seconds
20.072: [GC (Allocation Failure)  348805K->613K(1048064K), 0.0005578 secs]
20.073: Total time for which application threads were stopped: 0.0006873 seconds, Stopping threads took: 0.0000197 seconds
20.285: [GC (Allocation Failure)  348773K->677K(1048064K), 0.0004108 secs]
20.286: Total time for which application threads were stopped: 0.0005502 seconds, Stopping threads took: 0.0000193 seconds
20.505: [GC (Allocation Failure)  348837K->677K(1048064K), 0.0006936 secs]
20.506: Total time for which application threads were stopped: 0.0008288 seconds, Stopping threads took: 0.0000188 seconds
20.724: [GC (Allocation Failure)  348837K->645K(1048064K), 0.0003704 secs]
20.725: Total time for which application threads were stopped: 0.0004781 seconds, Stopping threads took: 0.0000250 seconds
20.937: [GC (Allocation Failure)  348805K->645K(1048064K), 0.0004826 secs]
20.937: Total time for which application threads were stopped: 0.0006171 seconds, Stopping threads took: 0.0000195 seconds
21.154: [GC (Allocation Failure)  348805K->677K(1048064K), 0.0005011 secs]
21.154: Total time for which application threads were stopped: 0.0006404 seconds, Stopping threads took: 0.0000190 seconds
21.367: [GC (Allocation Failure)  348837K->677K(1048064K), 0.0004737 secs]
21.367: Total time for which application threads were stopped: 0.0005935 seconds, Stopping threads took: 0.0000193 seconds
21.579: [GC (Allocation Failure)  348837K->677K(1048064K), 0.0006838 secs]
21.580: Total time for which application threads were stopped: 0.0008039 seconds, Stopping threads took: 0.0000191 seconds
21.793: [GC (Allocation Failure)  348837K->709K(1048064K), 0.0004819 secs]
21.793: Total time for which application threads were stopped: 0.0006101 seconds, Stopping threads took: 0.0000280 seconds
22.011: [GC (Allocation Failure)  348869K->677K(1048064K), 0.0005418 secs]
22.012: Total time for which application threads were stopped: 0.0006848 seconds, Stopping threads took: 0.0000292 seconds
22.225: [GC (Allocation Failure)  348837K->645K(1048064K), 0.0004676 secs]
22.225: Total time for which application threads were stopped: 0.0005907 seconds, Stopping threads took: 0.0000272 seconds
22.441: [GC (Allocation Failure)  348805K->677K(1048064K), 0.0004680 secs]
22.442: Total time for which application threads were stopped: 0.0005986 seconds, Stopping threads took: 0.0000192 seconds
22.655: [GC (Allocation Failure)  348837K->709K(1048064K), 0.0004489 secs]
22.655: Total time for which application threads were stopped: 0.0005653 seconds, Stopping threads took: 0.0000190 seconds
22.874: [GC (Allocation Failure)  348869K->645K(1048064K), 0.0004801 secs]
22.875: Total time for which application threads were stopped: 0.0006048 seconds, Stopping threads took: 0.0000271 seconds
23.092: [GC (Allocation Failure)  348805K->741K(1048064K), 0.0005026 secs]
23.093: Total time for which application threads were stopped: 0.0006397 seconds, Stopping threads took: 0.0000277 seconds
23.306: [GC (Allocation Failure)  348901K->645K(1048064K), 0.0005465 secs]
23.306: Total time for which application threads were stopped: 0.0007053 seconds, Stopping threads took: 0.0000265 seconds
23.524: [GC (Allocation Failure)  348805K->677K(1048064K), 0.0004463 secs]
23.524: Total time for which application threads were stopped: 0.0005656 seconds, Stopping threads took: 0.0000195 seconds
23.739: [GC (Allocation Failure)  348837K->645K(1048064K), 0.0004923 secs]
23.739: Total time for which application threads were stopped: 0.0007477 seconds, Stopping threads took: 0.0000165 seconds
23.956: [GC (Allocation Failure)  348805K->677K(1048064K), 0.0006206 secs]
23.957: Total time for which application threads were stopped: 0.0007485 seconds, Stopping threads took: 0.0000274 seconds
24.174: [GC (Allocation Failure)  348837K->613K(1048064K), 0.0005976 secs]
24.174: Total time for which application threads were stopped: 0.0007384 seconds, Stopping threads took: 0.0000277 seconds
24.390: [GC (Allocation Failure)  348773K->645K(1048064K), 0.0005886 secs]
24.390: Total time for which application threads were stopped: 0.0007128 seconds, Stopping threads took: 0.0000212 seconds
24.605: [GC (Allocation Failure)  348805K->677K(1048064K), 0.0004978 secs]
24.606: Total time for which application threads were stopped: 0.0006248 seconds, Stopping threads took: 0.0000202 seconds
24.825: [GC (Allocation Failure)  348837K->709K(1048064K), 0.0005917 secs]
24.825: Total time for which application threads were stopped: 0.0007079 seconds, Stopping threads took: 0.0000194 seconds
25.043: [GC (Allocation Failure)  348869K->677K(1048064K), 0.0004634 secs]
25.044: Total time for which application threads were stopped: 0.0005928 seconds, Stopping threads took: 0.0000271 seconds
25.255: [GC (Allocation Failure)  348837K->645K(1048064K), 0.0006087 secs]
25.256: Total time for which application threads were stopped: 0.0007597 seconds, Stopping threads took: 0.0000292 seconds
25.468: [GC (Allocation Failure)  348805K->645K(1048064K), 0.0005315 secs]
25.468: Total time for which application threads were stopped: 0.0006475 seconds, Stopping threads took: 0.0000186 seconds
25.686: [GC (Allocation Failure)  348805K->677K(1048064K), 0.0005564 secs]
25.687: Total time for which application threads were stopped: 0.0006765 seconds, Stopping threads took: 0.0000203 seconds
25.899: [GC (Allocation Failure)  348837K->677K(1048064K), 0.0004658 secs]
25.900: Total time for which application threads were stopped: 0.0005821 seconds, Stopping threads took: 0.0000194 seconds
26.111: [GC (Allocation Failure)  348837K->677K(1048064K), 0.0004801 secs]
26.112: Total time for which application threads were stopped: 0.0006100 seconds, Stopping threads took: 0.0000205 seconds
26.326: [GC (Allocation Failure)  348837K->645K(1048064K), 0.0005020 secs]
26.327: Total time for which application threads were stopped: 0.0006256 seconds, Stopping threads took: 0.0000263 seconds
26.539: [GC (Allocation Failure)  348805K->677K(1048064K), 0.0004803 secs]
26.539: Total time for which application threads were stopped: 0.0006098 seconds, Stopping threads took: 0.0000192 seconds
26.752: [GC (Allocation Failure)  348837K->677K(1048064K), 0.0004204 secs]
26.752: Total time for which application threads were stopped: 0.0005412 seconds, Stopping threads took: 0.0000192 seconds
26.965: [GC (Allocation Failure)  348837K->645K(1048064K), 0.0004778 secs]
26.965: Total time for which application threads were stopped: 0.0006047 seconds, Stopping threads took: 0.0000192 seconds
27.183: [GC (Allocation Failure)  348805K->645K(1048064K), 0.0004790 secs]
27.184: Total time for which application threads were stopped: 0.0006015 seconds, Stopping threads took: 0.0000190 seconds
27.407: [GC (Allocation Failure)  348805K->645K(1048064K), 0.0004423 secs]
27.407: Total time for which application threads were stopped: 0.0005656 seconds, Stopping threads took: 0.0000265 seconds
27.620: [GC (Allocation Failure)  348805K->677K(1048064K), 0.0004667 secs]
27.621: Total time for which application threads were stopped: 0.0005869 seconds, Stopping threads took: 0.0000197 seconds
27.836: [GC (Allocation Failure)  348837K->677K(1048064K), 0.0004565 secs]
27.836: Total time for which application threads were stopped: 0.0005622 seconds, Stopping threads took: 0.0000174 seconds
28.049: [GC (Allocation Failure)  348837K->613K(1048064K), 0.0004467 secs]
28.050: Total time for which application threads were stopped: 0.0005787 seconds, Stopping threads took: 0.0000193 seconds
28.264: [GC (Allocation Failure)  348773K->645K(1048064K), 0.0003986 secs]
28.264: Total time for which application threads were stopped: 0.0005155 seconds, Stopping threads took: 0.0000199 seconds
28.477: [GC (Allocation Failure)  348805K->677K(1048064K), 0.0005996 secs]
28.478: Total time for which application threads were stopped: 0.0007360 seconds, Stopping threads took: 0.0000288 seconds
28.691: [GC (Allocation Failure)  348837K->613K(1048064K), 0.0006615 secs]
28.692: Total time for which application threads were stopped: 0.0007885 seconds, Stopping threads took: 0.0000192 seconds
28.910: [GC (Allocation Failure)  348773K->645K(1048064K), 0.0004909 secs]
28.910: Total time for which application threads were stopped: 0.0006266 seconds, Stopping threads took: 0.0000271 seconds
29.128: [GC (Allocation Failure)  348805K->677K(1048064K), 0.0004440 secs]
29.128: Total time for which application threads were stopped: 0.0005643 seconds, Stopping threads took: 0.0000191 seconds
29.346: [GC (Allocation Failure)  348837K->709K(1048064K), 0.0005770 secs]
29.347: Total time for which application threads were stopped: 0.0006984 seconds, Stopping threads took: 0.0000192 seconds
29.558: [GC (Allocation Failure)  348869K->677K(1048064K), 0.0006968 secs]
29.559: Total time for which application threads were stopped: 0.0008243 seconds, Stopping threads took: 0.0000274 seconds
29.772: [GC (Allocation Failure)  348837K->645K(1048064K), 0.0005001 secs]
29.772: Total time for which application threads were stopped: 0.0006199 seconds, Stopping threads took: 0.0000191 seconds
29.984: [GC (Allocation Failure)  348805K->645K(1048064K), 0.0005280 secs]
29.985: Total time for which application threads were stopped: 0.0006666 seconds, Stopping threads took: 0.0000277 seconds
30.203: [GC (Allocation Failure)  348805K->645K(1048064K), 0.0004683 secs]
30.203: Total time for which application threads were stopped: 0.0005921 seconds, Stopping threads took: 0.0000267 seconds
30.417: [GC (Allocation Failure)  348805K->709K(1048064K), 0.0004972 secs]
30.417: Total time for which application threads were stopped: 0.0006268 seconds, Stopping threads took: 0.0000193 seconds
30.630: [GC (Allocation Failure)  348869K->677K(1048064K), 0.0004743 secs]
30.631: Total time for which application threads were stopped: 0.0005944 seconds, Stopping threads took: 0.0000193 seconds
30.846: [GC (Allocation Failure)  348837K->677K(1048064K), 0.0005059 secs]
30.846: Total time for which application threads were stopped: 0.0006483 seconds, Stopping threads took: 0.0000198 seconds
31.059: [GC (Allocation Failure)  348837K->677K(1048064K), 0.0004782 secs]
31.060: Total time for which application threads were stopped: 0.0006061 seconds, Stopping threads took: 0.0000274 seconds
31.273: [GC (Allocation Failure)  348837K->645K(1048064K), 0.0004478 secs]
31.274: Total time for which application threads were stopped: 0.0005653 seconds, Stopping threads took: 0.0000262 seconds
31.490: [GC (Allocation Failure)  348805K->645K(1048064K), 0.0005748 secs]
31.490: Total time for which application threads were stopped: 0.0007183 seconds, Stopping threads took: 0.0000287 seconds
31.705: [GC (Allocation Failure)  348805K->645K(1048064K), 0.0011082 secs]
31.706: Total time for which application threads were stopped: 0.0012255 seconds, Stopping threads took: 0.0000192 seconds
31.921: [GC (Allocation Failure)  348805K->677K(1048064K), 0.0006111 secs]
31.922: Total time for which application threads were stopped: 0.0007495 seconds, Stopping threads took: 0.0000197 seconds
32.135: [GC (Allocation Failure)  348837K->645K(1048064K), 0.0004925 secs]
32.135: Total time for which application threads were stopped: 0.0006209 seconds, Stopping threads took: 0.0000267 seconds
32.351: [GC (Allocation Failure)  348805K->613K(1048064K), 0.0004764 secs]
32.352: Total time for which application threads were stopped: 0.0006034 seconds, Stopping threads took: 0.0000270 seconds
32.566: [GC (Allocation Failure)  348773K->645K(1048064K), 0.0006627 secs]
32.567: Total time for which application threads were stopped: 0.0007822 seconds, Stopping threads took: 0.0000197 seconds
32.780: [GC (Allocation Failure)  348805K->645K(1048064K), 0.0005448 secs]
32.780: Total time for which application threads were stopped: 0.0006802 seconds, Stopping threads took: 0.0000191 seconds
32.998: [GC (Allocation Failure)  348805K->709K(1048064K), 0.0004548 secs]
32.998: Total time for which application threads were stopped: 0.0006229 seconds, Stopping threads took: 0.0000526 seconds
33.217: [GC (Allocation Failure)  348869K->613K(1048064K), 0.0004811 secs]
33.218: Total time for which application threads were stopped: 0.0006025 seconds, Stopping threads took: 0.0000194 seconds
33.433: [GC (Allocation Failure)  348773K->645K(1048064K), 0.0005050 secs]
33.434: Total time for which application threads were stopped: 0.0006381 seconds, Stopping threads took: 0.0000183 seconds
33.653: [GC (Allocation Failure)  348805K->709K(1048064K), 0.0004549 secs]
33.654: Total time for which application threads were stopped: 0.0005786 seconds, Stopping threads took: 0.0000192 seconds
33.866: [GC (Allocation Failure)  348869K->645K(1048064K), 0.0005252 secs]
33.867: Total time for which application threads were stopped: 0.0006258 seconds, Stopping threads took: 0.0000171 seconds
34.079: [GC (Allocation Failure)  348805K->645K(1048064K), 0.0004873 secs]
34.080: Total time for which application threads were stopped: 0.0006161 seconds, Stopping threads took: 0.0000202 seconds
34.293: [GC (Allocation Failure)  348805K->645K(1048064K), 0.0004749 secs]
34.294: Total time for which application threads were stopped: 0.0006196 seconds, Stopping threads took: 0.0000266 seconds
34.506: [GC (Allocation Failure)  348805K->709K(1048064K), 0.0008162 secs]
34.507: Total time for which application threads were stopped: 0.0009721 seconds, Stopping threads took: 0.0000249 seconds
34.720: [GC (Allocation Failure)  348869K->613K(1048064K), 0.0005515 secs]
34.720: Total time for which application threads were stopped: 0.0006709 seconds, Stopping threads took: 0.0000259 seconds
34.934: [GC (Allocation Failure)  348773K->645K(1048064K), 0.0005360 secs]
34.935: Total time for which application threads were stopped: 0.0006567 seconds, Stopping threads took: 0.0000195 seconds
35.147: [GC (Allocation Failure)  348805K->645K(1048064K), 0.0005601 secs]
35.147: Total time for which application threads were stopped: 0.0006793 seconds, Stopping threads took: 0.0000187 seconds
35.359: [GC (Allocation Failure)  348805K->677K(1048064K), 0.0004943 secs]
35.359: Total time for which application threads were stopped: 0.0006210 seconds, Stopping threads took: 0.0000271 seconds
35.571: [GC (Allocation Failure)  348837K->645K(1048064K), 0.0005440 secs]
35.572: Total time for which application threads were stopped: 0.0006792 seconds, Stopping threads took: 0.0000194 seconds
35.784: [GC (Allocation Failure)  348805K->645K(1048064K), 0.0004786 secs]
35.785: Total time for which application threads were stopped: 0.0006061 seconds, Stopping threads took: 0.0000188 seconds
35.996: [GC (Allocation Failure)  348805K->645K(1048064K), 0.0005911 secs]
35.997: Total time for which application threads were stopped: 0.0007110 seconds, Stopping threads took: 0.0000193 seconds
36.212: [GC (Allocation Failure)  348805K->677K(1048064K), 0.0005962 secs]
36.213: Total time for which application threads were stopped: 0.0007246 seconds, Stopping threads took: 0.0000192 seconds
36.432: [GC (Allocation Failure)  348837K->645K(1048064K), 0.0004733 secs]
36.432: Total time for which application threads were stopped: 0.0005934 seconds, Stopping threads took: 0.0000201 seconds
36.650: [GC (Allocation Failure)  348805K->709K(1048064K), 0.0004938 secs]
36.650: Total time for which application threads were stopped: 0.0006287 seconds, Stopping threads took: 0.0000190 seconds
36.867: [GC (Allocation Failure)  348869K->709K(1048064K), 0.0004384 secs]
36.868: Total time for which application threads were stopped: 0.0005621 seconds, Stopping threads took: 0.0000191 seconds
37.079: [GC (Allocation Failure)  348869K->613K(1048064K), 0.0005499 secs]
37.080: Total time for which application threads were stopped: 0.0006791 seconds, Stopping threads took: 0.0000188 seconds
37.293: [GC (Allocation Failure)  348773K->645K(1048064K), 0.0005186 secs]
37.294: Total time for which application threads were stopped: 0.0006520 seconds, Stopping threads took: 0.0000262 seconds
37.506: [GC (Allocation Failure)  348805K->709K(1048064K), 0.0005418 secs]
37.507: Total time for which application threads were stopped: 0.0006780 seconds, Stopping threads took: 0.0000214 seconds
37.719: [GC (Allocation Failure)  348869K->613K(1048064K), 0.0004408 secs]
37.719: Total time for which application threads were stopped: 0.0005682 seconds, Stopping threads took: 0.0000165 seconds
37.931: [GC (Allocation Failure)  348773K->613K(1048064K), 0.0006066 secs]
37.932: Total time for which application threads were stopped: 0.0007186 seconds, Stopping threads took: 0.0000170 seconds
38.144: [GC (Allocation Failure)  348773K->645K(1048064K), 0.0005929 secs]
38.144: Total time for which application threads were stopped: 0.0007209 seconds, Stopping threads took: 0.0000279 seconds
38.356: [GC (Allocation Failure)  348805K->709K(1048064K), 0.0005476 secs]
38.357: Total time for which application threads were stopped: 0.0006926 seconds, Stopping threads took: 0.0000271 seconds
38.575: [GC (Allocation Failure)  348869K->645K(1048064K), 0.0004650 secs]
38.576: Total time for which application threads were stopped: 0.0005864 seconds, Stopping threads took: 0.0000193 seconds
38.789: [GC (Allocation Failure)  348805K->645K(1048064K), 0.0004766 secs]
38.789: Total time for which application threads were stopped: 0.0006170 seconds, Stopping threads took: 0.0000278 seconds
39.008: [GC (Allocation Failure)  348805K->645K(1048064K), 0.0005263 secs]
39.008: Total time for which application threads were stopped: 0.0006489 seconds, Stopping threads took: 0.0000196 seconds
39.225: [GC (Allocation Failure)  348805K->709K(1048064K), 0.0004970 secs]
39.226: Total time for which application threads were stopped: 0.0006398 seconds, Stopping threads took: 0.0000277 seconds
39.442: [GC (Allocation Failure)  348869K->677K(1048064K), 0.0004704 secs]
39.443: Total time for which application threads were stopped: 0.0005867 seconds, Stopping threads took: 0.0000187 seconds
39.654: [GC (Allocation Failure)  348837K->613K(1048064K), 0.0005845 secs]
39.655: Total time for which application threads were stopped: 0.0007214 seconds, Stopping threads took: 0.0000200 seconds
39.875: [GC (Allocation Failure)  348773K->677K(1048064K), 0.0005123 secs]
39.876: Total time for which application threads were stopped: 0.0006291 seconds, Stopping threads took: 0.0000193 seconds
40.093: [GC (Allocation Failure)  348837K->709K(1048064K), 0.0005143 secs]
40.094: Total time for which application threads were stopped: 0.0006314 seconds, Stopping threads took: 0.0000189 seconds
40.306: [GC (Allocation Failure)  348869K->645K(1048064K), 0.0005251 secs]
40.306: Total time for which application threads were stopped: 0.0006757 seconds, Stopping threads took: 0.0000289 seconds
40.524: [GC (Allocation Failure)  348805K->677K(1048064K), 0.0004258 secs]
40.525: Total time for which application threads were stopped: 0.0005508 seconds, Stopping threads took: 0.0000274 seconds
40.745: [GC (Allocation Failure)  348837K->677K(1048064K), 0.0005354 secs]
40.746: Total time for which application threads were stopped: 0.0006552 seconds, Stopping threads took: 0.0000190 seconds
40.959: [GC (Allocation Failure)  348837K->709K(1048064K), 0.0004703 secs]
40.959: Total time for which application threads were stopped: 0.0005920 seconds, Stopping threads took: 0.0000195 seconds
41.177: [GC (Allocation Failure)  348869K->741K(1048064K), 0.0005000 secs]
41.177: Total time for which application threads were stopped: 0.0006295 seconds, Stopping threads took: 0.0000202 seconds
41.390: [GC (Allocation Failure)  348901K->645K(1048064K), 0.0004323 secs]
41.390: Total time for which application threads were stopped: 0.0005641 seconds, Stopping threads took: 0.0000269 seconds
41.602: [GC (Allocation Failure)  348805K->613K(1048064K), 0.0005788 secs]
41.603: Total time for which application threads were stopped: 0.0006985 seconds, Stopping threads took: 0.0000193 seconds
41.822: [GC (Allocation Failure)  348773K->677K(1048064K), 0.0006050 secs]
41.823: Total time for which application threads were stopped: 0.0007242 seconds, Stopping threads took: 0.0000275 seconds
42.041: [GC (Allocation Failure)  348837K->677K(1048064K), 0.0004786 secs]
42.041: Total time for which application threads were stopped: 0.0005952 seconds, Stopping threads took: 0.0000193 seconds
42.256: [GC (Allocation Failure)  348837K->645K(1048064K), 0.0004314 secs]
42.256: Total time for which application threads were stopped: 0.0005495 seconds, Stopping threads took: 0.0000262 seconds
42.472: [GC (Allocation Failure)  348805K->645K(1048064K), 0.0004632 secs]
42.473: Total time for which application threads were stopped: 0.0005716 seconds, Stopping threads took: 0.0000171 seconds
42.690: [GC (Allocation Failure)  348805K->613K(1048064K), 0.0004658 secs]
42.690: Total time for which application threads were stopped: 0.0005889 seconds, Stopping threads took: 0.0000185 seconds
42.905: [GC (Allocation Failure)  348773K->613K(1048064K), 0.0007421 secs]
42.906: Total time for which application threads were stopped: 0.0008388 seconds, Stopping threads took: 0.0000169 seconds
43.118: [GC (Allocation Failure)  348773K->645K(1048064K), 0.0005161 secs]
43.119: Total time for which application threads were stopped: 0.0006386 seconds, Stopping threads took: 0.0000191 seconds
43.337: [GC (Allocation Failure)  348805K->677K(1048064K), 0.0004611 secs]
43.338: Total time for which application threads were stopped: 0.0005876 seconds, Stopping threads took: 0.0000261 seconds
43.551: [GC (Allocation Failure)  348837K->613K(1048064K), 0.0004626 secs]
43.551: Total time for which application threads were stopped: 0.0005894 seconds, Stopping threads took: 0.0000198 seconds
43.767: [GC (Allocation Failure)  348773K->709K(1048064K), 0.0004260 secs]
43.767: Total time for which application threads were stopped: 0.0005485 seconds, Stopping threads took: 0.0000269 seconds
43.982: [GC (Allocation Failure)  348869K->613K(1048064K), 0.0004856 secs]
43.983: Total time for which application threads were stopped: 0.0006188 seconds, Stopping threads took: 0.0000196 seconds
44.198: [GC (Allocation Failure)  348773K->645K(1048064K), 0.0005147 secs]
44.198: Total time for which application threads were stopped: 0.0006629 seconds, Stopping threads took: 0.0000197 seconds
44.414: [GC (Allocation Failure)  348805K->677K(1048064K), 0.0004408 secs]
44.414: Total time for which application threads were stopped: 0.0005702 seconds, Stopping threads took: 0.0000280 seconds
44.626: [GC (Allocation Failure)  348837K->677K(1048064K), 0.0005016 secs]
44.626: Total time for which application threads were stopped: 0.0006583 seconds, Stopping threads took: 0.0000584 seconds
44.839: [GC (Allocation Failure)  348837K->709K(1048064K), 0.0005081 secs]
44.840: Total time for which application threads were stopped: 0.0006378 seconds, Stopping threads took: 0.0000206 seconds
45.052: [GC (Allocation Failure)  348869K->613K(1048064K), 0.0006128 secs]
45.053: Total time for which application threads were stopped: 0.0007340 seconds, Stopping threads took: 0.0000196 seconds
45.272: [GC (Allocation Failure)  348773K->645K(1048064K), 0.0004205 secs]
45.273: Total time for which application threads were stopped: 0.0005477 seconds, Stopping threads took: 0.0000250 seconds
45.486: [GC (Allocation Failure)  348805K->645K(1048064K), 0.0004945 secs]
45.486: Total time for which application threads were stopped: 0.0006163 seconds, Stopping threads took: 0.0000204 seconds
45.704: [GC (Allocation Failure)  348805K->677K(1048064K), 0.0004519 secs]
45.705: Total time for which application threads were stopped: 0.0005841 seconds, Stopping threads took: 0.0000191 seconds
45.918: [GC (Allocation Failure)  348837K->645K(1048064K), 0.0004875 secs]
45.918: Total time for which application threads were stopped: 0.0006054 seconds, Stopping threads took: 0.0000191 seconds
46.133: [GC (Allocation Failure)  348805K->677K(1048064K), 0.0006551 secs]
46.134: Total time for which application threads were stopped: 0.0007946 seconds, Stopping threads took: 0.0000195 seconds
46.347: [GC (Allocation Failure)  348837K->677K(1048064K), 0.0005045 secs]
46.347: Total time for which application threads were stopped: 0.0006219 seconds, Stopping threads took: 0.0000196 seconds
46.564: [GC (Allocation Failure)  348837K->613K(1048064K), 0.0005749 secs]
46.565: Total time for which application threads were stopped: 0.0006802 seconds, Stopping threads took: 0.0000170 seconds
46.779: [GC (Allocation Failure)  348773K->741K(1048064K), 0.0005040 secs]
46.779: Total time for which application threads were stopped: 0.0006214 seconds, Stopping threads took: 0.0000175 seconds
46.999: [GC (Allocation Failure)  348901K->645K(1048064K), 0.0004746 secs]
46.999: Total time for which application threads were stopped: 0.0005964 seconds, Stopping threads took: 0.0000198 seconds
47.216: [GC (Allocation Failure)  348805K->709K(1048064K), 0.0006594 secs]
47.217: Total time for which application threads were stopped: 0.0007809 seconds, Stopping threads took: 0.0000206 seconds
47.434: [GC (Allocation Failure)  348869K->645K(1048064K), 0.0006616 secs]
47.434: Total time for which application threads were stopped: 0.0007883 seconds, Stopping threads took: 0.0000275 seconds
47.646: [GC (Allocation Failure)  348805K->645K(1048064K), 0.0004625 secs]
47.647: Total time for which application threads were stopped: 0.0005799 seconds, Stopping threads took: 0.0000203 seconds
47.860: [GC (Allocation Failure)  348805K->613K(1048064K), 0.0005991 secs]
47.861: Total time for which application threads were stopped: 0.0007100 seconds, Stopping threads took: 0.0000171 seconds
48.072: [GC (Allocation Failure)  348773K->677K(1048064K), 0.0006694 secs]
48.073: Total time for which application threads were stopped: 0.0007974 seconds, Stopping threads took: 0.0000273 seconds
48.291: [GC (Allocation Failure)  348837K->645K(1048064K), 0.0004893 secs]
48.292: Total time for which application threads were stopped: 0.0006259 seconds, Stopping threads took: 0.0000257 seconds
48.506: [GC (Allocation Failure)  348805K->645K(1048064K), 0.0004825 secs]
48.507: Total time for which application threads were stopped: 0.0006097 seconds, Stopping threads took: 0.0000272 seconds
48.718: [GC (Allocation Failure)  348805K->613K(1048064K), 0.0004676 secs]
48.719: Total time for which application threads were stopped: 0.0006045 seconds, Stopping threads took: 0.0000166 seconds
48.933: [GC (Allocation Failure)  348773K->709K(1048064K), 0.0004733 secs]
48.934: Total time for which application threads were stopped: 0.0006020 seconds, Stopping threads took: 0.0000278 seconds
49.151: [GC (Allocation Failure)  348869K->613K(1048064K), 0.0005384 secs]
49.152: Total time for which application threads were stopped: 0.0006664 seconds, Stopping threads took: 0.0000194 seconds
49.367: [GC (Allocation Failure)  348773K->613K(1048064K), 0.0005090 secs]
49.368: Total time for which application threads were stopped: 0.0006354 seconds, Stopping threads took: 0.0000260 seconds
49.579: [GC (Allocation Failure)  348773K->645K(1048064K), 0.0005078 secs]
49.580: Total time for which application threads were stopped: 0.0006473 seconds, Stopping threads took: 0.0000208 seconds
49.801: [GC (Allocation Failure)  348805K->709K(1048064K), 0.0004076 secs]
49.802: Total time for which application threads were stopped: 0.0005184 seconds, Stopping threads took: 0.0000255 seconds
50.015: [GC (Allocation Failure)  348869K->709K(1048064K), 0.0004783 secs]
50.016: Total time for which application threads were stopped: 0.0005984 seconds, Stopping threads took: 0.0000194 seconds
50.229: [GC (Allocation Failure)  348869K->645K(1048064K), 0.0004781 secs]
50.229: Total time for which application threads were stopped: 0.0005979 seconds, Stopping threads took: 0.0000192 seconds
50.444: [GC (Allocation Failure)  348805K->645K(1048064K), 0.0004690 secs]
50.445: Total time for which application threads were stopped: 0.0005883 seconds, Stopping threads took: 0.0000195 seconds
50.656: [GC (Allocation Failure)  348805K->709K(1048064K), 0.0004717 secs]
50.657: Total time for which application threads were stopped: 0.0005899 seconds, Stopping threads took: 0.0000192 seconds
50.870: [GC (Allocation Failure)  348869K->677K(1048064K), 0.0006598 secs]
50.871: Total time for which application threads were stopped: 0.0007803 seconds, Stopping threads took: 0.0000206 seconds
51.083: [GC (Allocation Failure)  348837K->677K(1048064K), 0.0004614 secs]
51.083: Total time for which application threads were stopped: 0.0005755 seconds, Stopping threads took: 0.0000184 seconds
51.295: [GC (Allocation Failure)  348837K->645K(1048064K), 0.0004028 secs]
51.296: Total time for which application threads were stopped: 0.0005232 seconds, Stopping threads took: 0.0000193 seconds
51.507: [GC (Allocation Failure)  348805K->581K(1048064K), 0.0004461 secs]
51.508: Total time for which application threads were stopped: 0.0005689 seconds, Stopping threads took: 0.0000276 seconds
51.726: [GC (Allocation Failure)  348741K->645K(1048064K), 0.0003822 secs]
51.726: Total time for which application threads were stopped: 0.0004990 seconds, Stopping threads took: 0.0000250 seconds
51.941: [GC (Allocation Failure)  348805K->613K(1048064K), 0.0006075 secs]
51.942: Total time for which application threads were stopped: 0.0007427 seconds, Stopping threads took: 0.0000204 seconds
52.160: [GC (Allocation Failure)  348773K->645K(1048064K), 0.0006288 secs]
52.161: Total time for which application threads were stopped: 0.0007752 seconds, Stopping threads took: 0.0000275 seconds
52.383: [GC (Allocation Failure)  348805K->645K(1048064K), 0.0004024 secs]
52.383: Total time for which application threads were stopped: 0.0005163 seconds, Stopping threads took: 0.0000168 seconds
52.598: [GC (Allocation Failure)  348805K->677K(1048064K), 0.0005180 secs]
52.598: Total time for which application threads were stopped: 0.0006516 seconds, Stopping threads took: 0.0000190 seconds
52.811: [GC (Allocation Failure)  348837K->709K(1048064K), 0.0004894 secs]
52.812: Total time for which application threads were stopped: 0.0006161 seconds, Stopping threads took: 0.0000269 seconds
53.023: [GC (Allocation Failure)  348869K->677K(1048064K), 0.0004554 secs]
53.024: Total time for which application threads were stopped: 0.0005828 seconds, Stopping threads took: 0.0000271 seconds
53.235: [GC (Allocation Failure)  348837K->645K(1048064K), 0.0005525 secs]
53.236: Total time for which application threads were stopped: 0.0006710 seconds, Stopping threads took: 0.0000188 seconds
53.451: [GC (Allocation Failure)  348805K->645K(1048064K), 0.0004898 secs]
53.452: Total time for which application threads were stopped: 0.0006177 seconds, Stopping threads took: 0.0000193 seconds
53.663: [GC (Allocation Failure)  348805K->677K(1048064K), 0.0005012 secs]
53.664: Total time for which application threads were stopped: 0.0006223 seconds, Stopping threads took: 0.0000193 seconds
53.877: [GC (Allocation Failure)  348837K->613K(1048064K), 0.0004815 secs]
53.877: Total time for which application threads were stopped: 0.0006097 seconds, Stopping threads took: 0.0000274 seconds
54.096: [GC (Allocation Failure)  348773K->677K(1048064K), 0.0005401 secs]
54.096: Total time for which application threads were stopped: 0.0006593 seconds, Stopping threads took: 0.0000192 seconds
54.308: [GC (Allocation Failure)  348837K->645K(1048064K), 0.0004788 secs]
54.309: Total time for which application threads were stopped: 0.0005975 seconds, Stopping threads took: 0.0000195 seconds
54.526: [GC (Allocation Failure)  348805K->645K(1048064K), 0.0005100 secs]
54.526: Total time for which application threads were stopped: 0.0006240 seconds, Stopping threads took: 0.0000268 seconds
54.745: [GC (Allocation Failure)  348805K->613K(1048064K), 0.0005020 secs]
54.746: Total time for which application threads were stopped: 0.0006315 seconds, Stopping threads took: 0.0000279 seconds
54.963: [GC (Allocation Failure)  348773K->613K(1048064K), 0.0005643 secs]
54.963: Total time for which application threads were stopped: 0.0006942 seconds, Stopping threads took: 0.0000212 seconds
55.176: [GC (Allocation Failure)  348773K->677K(1048064K), 0.0005652 secs]
55.176: Total time for which application threads were stopped: 0.0007047 seconds, Stopping threads took: 0.0000280 seconds
55.391: [GC (Allocation Failure)  348837K->677K(1048064K), 0.0005453 secs]
55.391: Total time for which application threads were stopped: 0.0006731 seconds, Stopping threads took: 0.0000273 seconds
55.607: [GC (Allocation Failure)  348837K->741K(1048064K), 0.0004795 secs]
55.608: Total time for which application threads were stopped: 0.0005949 seconds, Stopping threads took: 0.0000189 seconds
55.822: [GC (Allocation Failure)  348901K->741K(1048064K), 0.0004086 secs]
55.823: Total time for which application threads were stopped: 0.0005237 seconds, Stopping threads took: 0.0000164 seconds
56.036: [GC (Allocation Failure)  348901K->677K(1048064K), 0.0004563 secs]
56.036: Total time for which application threads were stopped: 0.0005905 seconds, Stopping threads took: 0.0000188 seconds
56.251: [GC (Allocation Failure)  348837K->709K(1048064K), 0.0004902 secs]
56.251: Total time for which application threads were stopped: 0.0006108 seconds, Stopping threads took: 0.0000189 seconds
56.463: [GC (Allocation Failure)  348869K->709K(1048064K), 0.0004890 secs]
56.464: Total time for which application threads were stopped: 0.0006093 seconds, Stopping threads took: 0.0000198 seconds
56.676: [GC (Allocation Failure)  348869K->741K(1048064K), 0.0004837 secs]
56.676: Total time for which application threads were stopped: 0.0006125 seconds, Stopping threads took: 0.0000202 seconds
56.889: [GC (Allocation Failure)  348901K->677K(1048064K), 0.0005602 secs]
56.890: Total time for which application threads were stopped: 0.0006889 seconds, Stopping threads took: 0.0000277 seconds
57.102: [GC (Allocation Failure)  348837K->741K(1048064K), 0.0005061 secs]
57.103: Total time for which application threads were stopped: 0.0006258 seconds, Stopping threads took: 0.0000194 seconds
57.318: [GC (Allocation Failure)  348901K->677K(1048064K), 0.0005012 secs]
57.318: Total time for which application threads were stopped: 0.0006205 seconds, Stopping threads took: 0.0000258 seconds
57.535: [GC (Allocation Failure)  348837K->677K(1048064K), 0.0004801 secs]
57.535: Total time for which application threads were stopped: 0.0006025 seconds, Stopping threads took: 0.0000193 seconds
57.753: [GC (Allocation Failure)  348837K->677K(1048064K), 0.0004238 secs]
57.754: Total time for which application threads were stopped: 0.0005658 seconds, Stopping threads took: 0.0000255 seconds
57.970: [GC (Allocation Failure)  348837K->709K(1048064K), 0.0004537 secs]
57.970: Total time for which application threads were stopped: 0.0005895 seconds, Stopping threads took: 0.0000197 seconds
58.182: [GC (Allocation Failure)  348869K->645K(1048064K), 0.0007197 secs]
58.183: Total time for which application threads were stopped: 0.0008465 seconds, Stopping threads took: 0.0000198 seconds
58.399: [GC (Allocation Failure)  348805K->741K(1048064K), 0.0005649 secs]
58.399: Total time for which application threads were stopped: 0.0006853 seconds, Stopping threads took: 0.0000198 seconds
58.611: [GC (Allocation Failure)  348901K->677K(1048064K), 0.0005901 secs]
58.612: Total time for which application threads were stopped: 0.0007101 seconds, Stopping threads took: 0.0000192 seconds
58.826: [GC (Allocation Failure)  348837K->677K(1048064K), 0.0004245 secs]
58.827: Total time for which application threads were stopped: 0.0005456 seconds, Stopping threads took: 0.0000191 seconds
59.038: [GC (Allocation Failure)  348837K->677K(1048064K), 0.0004800 secs]
59.039: Total time for which application threads were stopped: 0.0006013 seconds, Stopping threads took: 0.0000194 seconds
59.255: [GC (Allocation Failure)  348837K->741K(1048064K), 0.0004593 secs]
59.256: Total time for which application threads were stopped: 0.0005783 seconds, Stopping threads took: 0.0000260 seconds
59.472: [GC (Allocation Failure)  348901K->677K(1048064K), 0.0004770 secs]
59.472: Total time for which application threads were stopped: 0.0006165 seconds, Stopping threads took: 0.0000212 seconds
59.684: [GC (Allocation Failure)  348837K->613K(1048064K), 0.0005113 secs]
59.684: Total time for which application threads were stopped: 0.0006523 seconds, Stopping threads took: 0.0000209 seconds
59.899: [GC (Allocation Failure)  348773K->741K(1048064K), 0.0005351 secs]
59.899: Total time for which application threads were stopped: 0.0006665 seconds, Stopping threads took: 0.0000259 seconds
60.111: [GC (Allocation Failure)  348901K->645K(1048064K), 0.0004984 secs]
60.112: Total time for which application threads were stopped: 0.0006388 seconds, Stopping threads took: 0.0000211 seconds
60.326: [GC (Allocation Failure)  348805K->741K(1048064K), 0.0004305 secs]
60.327: Total time for which application threads were stopped: 0.0005539 seconds, Stopping threads took: 0.0000261 seconds
60.539: [GC (Allocation Failure)  348901K->645K(1048064K), 0.0004647 secs]
60.539: Total time for which application threads were stopped: 0.0005932 seconds, Stopping threads took: 0.0000285 seconds
60.752: [GC (Allocation Failure)  348805K->709K(1048064K), 0.0005975 secs]
60.753: Total time for which application threads were stopped: 0.0007054 seconds, Stopping threads took: 0.0000173 seconds
60.971: [GC (Allocation Failure)  348869K->645K(1048064K), 0.0006212 secs]
60.972: Total time for which application threads were stopped: 0.0007605 seconds, Stopping threads took: 0.0000212 seconds
61.188: [GC (Allocation Failure)  348805K->645K(1048064K), 0.0005615 secs]
61.189: Total time for which application threads were stopped: 0.0006815 seconds, Stopping threads took: 0.0000196 seconds
61.405: [GC (Allocation Failure)  348805K->677K(1048064K), 0.0004299 secs]
61.406: Total time for which application threads were stopped: 0.0005506 seconds, Stopping threads took: 0.0000203 seconds
61.619: [GC (Allocation Failure)  348837K->677K(1048064K), 0.0004580 secs]
61.619: Total time for which application threads were stopped: 0.0005730 seconds, Stopping threads took: 0.0000190 seconds
61.838: [GC (Allocation Failure)  348837K->613K(1048064K), 0.0006963 secs]
61.839: Total time for which application threads were stopped: 0.0008279 seconds, Stopping threads took: 0.0000201 seconds
62.050: [GC (Allocation Failure)  348773K->645K(1048064K), 0.0004842 secs]
62.051: Total time for which application threads were stopped: 0.0006210 seconds, Stopping threads took: 0.0000272 seconds
62.264: [GC (Allocation Failure)  348805K->645K(1048064K), 0.0004870 secs]
62.264: Total time for which application threads were stopped: 0.0006191 seconds, Stopping threads took: 0.0000270 seconds
62.476: [GC (Allocation Failure)  348805K->645K(1048064K), 0.0004539 secs]
62.477: Total time for which application threads were stopped: 0.0005816 seconds, Stopping threads took: 0.0000279 seconds
62.693: [GC (Allocation Failure)  348805K->677K(1048064K), 0.0004357 secs]
62.694: Total time for which application threads were stopped: 0.0005525 seconds, Stopping threads took: 0.0000190 seconds
62.907: [GC (Allocation Failure)  348837K->645K(1048064K), 0.0005295 secs]
62.908: Total time for which application threads were stopped: 0.0006690 seconds, Stopping threads took: 0.0000260 seconds
63.120: [GC (Allocation Failure)  348805K->677K(1048064K), 0.0005584 secs]
63.121: Total time for which application threads were stopped: 0.0006877 seconds, Stopping threads took: 0.0000273 seconds
63.333: [GC (Allocation Failure)  348837K->613K(1048064K), 0.0005490 secs]
63.334: Total time for which application threads were stopped: 0.0006697 seconds, Stopping threads took: 0.0000199 seconds
63.553: [GC (Allocation Failure)  348773K->613K(1048064K), 0.0005724 secs]
63.553: Total time for which application threads were stopped: 0.0007090 seconds, Stopping threads took: 0.0000300 seconds
63.768: [GC (Allocation Failure)  348773K->677K(1048064K), 0.0004742 secs]
63.769: Total time for which application threads were stopped: 0.0005996 seconds, Stopping threads took: 0.0000278 seconds
63.985: [GC (Allocation Failure)  348837K->677K(1048064K), 0.0007116 secs]
63.986: Total time for which application threads were stopped: 0.0008286 seconds, Stopping threads took: 0.0000198 seconds
64.201: [GC (Allocation Failure)  348837K->645K(1048064K), 0.0005015 secs]
64.202: Total time for which application threads were stopped: 0.0006334 seconds, Stopping threads took: 0.0000189 seconds
64.414: [GC (Allocation Failure)  348805K->677K(1048064K), 0.0007004 secs]
64.414: Total time for which application threads were stopped: 0.0008309 seconds, Stopping threads took: 0.0000205 seconds
64.627: [GC (Allocation Failure)  348837K->709K(1048064K), 0.0004844 secs]
64.627: Total time for which application threads were stopped: 0.0006086 seconds, Stopping threads took: 0.0000194 seconds
64.842: [GC (Allocation Failure)  348869K->613K(1048064K), 0.0005932 secs]
64.843: Total time for which application threads were stopped: 0.0007149 seconds, Stopping threads took: 0.0000264 seconds
65.060: [GC (Allocation Failure)  348773K->709K(1048064K), 0.0004835 secs]
65.061: Total time for which application threads were stopped: 0.0006029 seconds, Stopping threads took: 0.0000196 seconds
65.273: [GC (Allocation Failure)  348869K->709K(1048064K), 0.0004735 secs]
65.274: Total time for which application threads were stopped: 0.0006019 seconds, Stopping threads took: 0.0000263 seconds
65.486: [GC (Allocation Failure)  348869K->677K(1048064K), 0.0006381 secs]
65.486: Total time for which application threads were stopped: 0.0007579 seconds, Stopping threads took: 0.0000191 seconds
65.698: [GC (Allocation Failure)  348837K->677K(1048064K), 0.0005097 secs]
65.699: Total time for which application threads were stopped: 0.0006364 seconds, Stopping threads took: 0.0000197 seconds
65.912: [GC (Allocation Failure)  348837K->709K(1048064K), 0.0004455 secs]
65.913: Total time for which application threads were stopped: 0.0005673 seconds, Stopping threads took: 0.0000191 seconds
66.125: [GC (Allocation Failure)  348869K->677K(1048064K), 0.0004900 secs]
66.125: Total time for which application threads were stopped: 0.0006088 seconds, Stopping threads took: 0.0000189 seconds
66.344: [GC (Allocation Failure)  348837K->645K(1048064K), 0.0004189 secs]
66.345: Total time for which application threads were stopped: 0.0005407 seconds, Stopping threads took: 0.0000254 seconds
66.559: [GC (Allocation Failure)  348805K->677K(1048064K), 0.0005346 secs]
66.560: Total time for which application threads were stopped: 0.0006645 seconds, Stopping threads took: 0.0000198 seconds
66.775: [GC (Allocation Failure)  348837K->677K(1048064K), 0.0005426 secs]
66.775: Total time for which application threads were stopped: 0.0006681 seconds, Stopping threads took: 0.0000200 seconds
66.989: [GC (Allocation Failure)  348837K->677K(1048064K), 0.0004391 secs]
66.990: Total time for which application threads were stopped: 0.0005636 seconds, Stopping threads took: 0.0000199 seconds
67.203: [GC (Allocation Failure)  348837K->709K(1048064K), 0.0005039 secs]
67.203: Total time for which application threads were stopped: 0.0006234 seconds, Stopping threads took: 0.0000198 seconds
67.422: [GC (Allocation Failure)  348869K->645K(1048064K), 0.0004323 secs]
67.422: Total time for which application threads were stopped: 0.0005674 seconds, Stopping threads took: 0.0000256 seconds
67.635: [GC (Allocation Failure)  348805K->677K(1048064K), 0.0004857 secs]
67.635: Total time for which application threads were stopped: 0.0006071 seconds, Stopping threads took: 0.0000206 seconds
67.850: [GC (Allocation Failure)  348837K->645K(1048064K), 0.0004280 secs]
67.850: Total time for which application threads were stopped: 0.0005485 seconds, Stopping threads took: 0.0000204 seconds
68.063: [GC (Allocation Failure)  348805K->709K(1048064K), 0.0005218 secs]
68.064: Total time for which application threads were stopped: 0.0006523 seconds, Stopping threads took: 0.0000191 seconds
68.277: [GC (Allocation Failure)  348869K->645K(1048064K), 0.0004458 secs]
68.278: Total time for which application threads were stopped: 0.0005626 seconds, Stopping threads took: 0.0000196 seconds
68.491: [GC (Allocation Failure)  348805K->645K(1048064K), 0.0004445 secs]
68.491: Total time for which application threads were stopped: 0.0005723 seconds, Stopping threads took: 0.0000287 seconds
68.707: [GC (Allocation Failure)  348805K->709K(1048064K), 0.0005555 secs]
68.707: Total time for which application threads were stopped: 0.0006879 seconds, Stopping threads took: 0.0000250 seconds
68.924: [GC (Allocation Failure)  348869K->677K(1048064K), 0.0006397 secs]
68.925: Total time for which application threads were stopped: 0.0007662 seconds, Stopping threads took: 0.0000198 seconds
69.138: [GC (Allocation Failure)  348837K->677K(1048064K), 0.0005854 secs]
69.138: Total time for which application threads were stopped: 0.0007299 seconds, Stopping threads took: 0.0000192 seconds
69.352: [GC (Allocation Failure)  348837K->613K(1048064K), 0.0004749 secs]
69.352: Total time for which application threads were stopped: 0.0005941 seconds, Stopping threads took: 0.0000197 seconds
69.570: [GC (Allocation Failure)  348773K->709K(1048064K), 0.0004586 secs]
69.571: Total time for which application threads were stopped: 0.0005772 seconds, Stopping threads took: 0.0000194 seconds
69.783: [GC (Allocation Failure)  348869K->645K(1048064K), 0.0004575 secs]
69.784: Total time for which application threads were stopped: 0.0005843 seconds, Stopping threads took: 0.0000278 seconds
69.995: [GC (Allocation Failure)  348805K->645K(1048064K), 0.0004678 secs]
69.996: Total time for which application threads were stopped: 0.0005878 seconds, Stopping threads took: 0.0000194 seconds
70.207: [GC (Allocation Failure)  348805K->677K(1048064K), 0.0005544 secs]
70.208: Total time for which application threads were stopped: 0.0006746 seconds, Stopping threads took: 0.0000188 seconds
70.426: [GC (Allocation Failure)  348837K->677K(1048064K), 0.0005139 secs]
70.426: Total time for which application threads were stopped: 0.0006412 seconds, Stopping threads took: 0.0000272 seconds
70.638: [GC (Allocation Failure)  348837K->677K(1048064K), 0.0005095 secs]
70.638: Total time for which application threads were stopped: 0.0006398 seconds, Stopping threads took: 0.0000292 seconds
