Java HotSpot(TM) 64-Bit Server VM (25.171-b11) for linux-amd64 JRE (1.8.0_171-b11), built on Mar 28 2018 17:07:08 by "java_re" with gcc 4.3.0 20080428 (Red Hat 4.3.0-8)
Memory: 4k page, physical 32883000k(29603140k free), swap 8000508k(8000508k free)
CommandLine flags: -XX:InitialHeapSize=526128000 -XX:MaxHeapSize=8418048000 -XX:+PrintGC -XX:+PrintGCApplicationStoppedTime -XX:+PrintGCTimeStamps -XX:+UseCompressedClassPointers -XX:+UseCompressedOops -XX:+UseParallelGC 
0.229: [GC (Allocation Failure)  129024K->10284K(493056K), 0.0053495 secs]
0.234: Total time for which application threads were stopped: 0.0055651 seconds, Stopping threads took: 0.0000169 seconds
0.262: [GC (Allocation Failure)  139308K->8594K(622080K), 0.0039284 secs]
0.266: Total time for which application threads were stopped: 0.0041179 seconds, Stopping threads took: 0.0000210 seconds
0.352: [GC (Allocation Failure)  266642K->3103K(622080K), 0.0021735 secs]
0.354: Total time for which application threads were stopped: 0.0023441 seconds, Stopping threads took: 0.0000278 seconds
0.410: [GC (Allocation Failure)  261151K->8609K(880128K), 0.0032906 secs]
0.413: Total time for which application threads were stopped: 0.0034742 seconds, Stopping threads took: 0.0000203 seconds
0.573: [GC (Allocation Failure)  524705K->8602K(880128K), 0.0048661 secs]
0.578: Total time for which application threads were stopped: 0.0050350 seconds, Stopping threads took: 0.0000198 seconds
0.688: [GC (Allocation Failure)  524698K->8657K(1386496K), 0.0044063 secs]
0.693: Total time for which application threads were stopped: 0.0045517 seconds, Stopping threads took: 0.0000178 seconds
1.010: [GC (Allocation Failure)  1040849K->8604K(1387008K), 0.0053958 secs]
1.016: Total time for which application threads were stopped: 0.0055574 seconds, Stopping threads took: 0.0000254 seconds
1.232: [GC (Allocation Failure)  1040796K->841K(2417152K), 0.0007417 secs]
1.233: Total time for which application threads were stopped: 0.0008683 seconds, Stopping threads took: 0.0000201 seconds
1.864: [GC (Allocation Failure)  2063689K->8588K(2418688K), 0.0051422 secs]
1.869: Total time for which application threads were stopped: 0.0053089 seconds, Stopping threads took: 0.0000281 seconds
2.294: [GC (Allocation Failure)  2071436K->8652K(3070464K), 0.0043488 secs]
2.298: Total time for which application threads were stopped: 0.0045445 seconds, Stopping threads took: 0.0000524 seconds
2.981: [GC (Allocation Failure)  2724300K->8652K(3070976K), 0.0045483 secs]
2.986: Total time for which application threads were stopped: 0.0047085 seconds, Stopping threads took: 0.0000267 seconds
3.540: [GC (Allocation Failure)  2724300K->8876K(3070464K), 0.0036523 secs]
3.544: Total time for which application threads were stopped: 0.0038131 seconds, Stopping threads took: 0.0000276 seconds
4.055: Total time for which application threads were stopped: 0.0001764 seconds, Stopping threads took: 0.0001042 seconds
4.108: [GC (Allocation Failure)  2725036K->8652K(3070976K), 0.0037655 secs]
4.112: Total time for which application threads were stopped: 0.0039313 seconds, Stopping threads took: 0.0000205 seconds
4.671: [GC (Allocation Failure)  2724812K->8620K(3072000K), 0.0037053 secs]
4.675: Total time for which application threads were stopped: 0.0038716 seconds, Stopping threads took: 0.0000301 seconds
5.229: [GC (Allocation Failure)  2725804K->9004K(2939392K), 0.0041185 secs]
5.233: Total time for which application threads were stopped: 0.0042728 seconds, Stopping threads took: 0.0000201 seconds
5.765: [GC (Allocation Failure)  2596652K->8588K(2811392K), 0.0043524 secs]
5.769: Total time for which application threads were stopped: 0.0045088 seconds, Stopping threads took: 0.0000210 seconds
6.279: [GC (Allocation Failure)  2473356K->13070K(2699264K), 0.0036952 secs]
6.283: Total time for which application threads were stopped: 0.0038746 seconds, Stopping threads took: 0.0000201 seconds
6.770: [GC (Allocation Failure)  2361102K->13070K(2588160K), 0.0037912 secs]
6.774: Total time for which application threads were stopped: 0.0039495 seconds, Stopping threads took: 0.0000203 seconds
7.236: [GC (Allocation Failure)  2249998K->13070K(2482688K), 0.0040367 secs]
7.240: Total time for which application threads were stopped: 0.0042275 seconds, Stopping threads took: 0.0000528 seconds
7.683: [GC (Allocation Failure)  2144526K->13038K(2379776K), 0.0040948 secs]
7.687: Total time for which application threads were stopped: 0.0042759 seconds, Stopping threads took: 0.0000199 seconds
8.107: [GC (Allocation Failure)  2044142K->15534K(2287104K), 0.0039148 secs]
8.111: Total time for which application threads were stopped: 0.0041020 seconds, Stopping threads took: 0.0000194 seconds
8.515: [GC (Allocation Failure)  1951406K->15534K(2196480K), 0.0035239 secs]
8.519: Total time for which application threads were stopped: 0.0036918 seconds, Stopping threads took: 0.0000198 seconds
8.893: [GC (Allocation Failure)  1860782K->15502K(2110464K), 0.0040520 secs]
8.897: Total time for which application threads were stopped: 0.0042084 seconds, Stopping threads took: 0.0000255 seconds
9.253: [GC (Allocation Failure)  1774734K->16902K(2024960K), 0.0046006 secs]
9.258: Total time for which application threads were stopped: 0.0047700 seconds, Stopping threads took: 0.0000207 seconds
9.604: [GC (Allocation Failure)  1694214K->20390K(1950720K), 0.0040505 secs]
9.608: Total time for which application threads were stopped: 0.0042133 seconds, Stopping threads took: 0.0000198 seconds
9.936: [GC (Allocation Failure)  1619878K->20486K(2430976K), 0.0036868 secs]
9.940: Total time for which application threads were stopped: 0.0038332 seconds, Stopping threads took: 0.0000258 seconds
10.365: [GC (Allocation Failure)  2100230K->26156K(3030528K), 0.0067227 secs]
10.372: Total time for which application threads were stopped: 0.0068860 seconds, Stopping threads took: 0.0000285 seconds
10.922: [GC (Allocation Failure)  2703404K->24014K(3059712K), 0.0043650 secs]
10.926: Total time for which application threads were stopped: 0.0045288 seconds, Stopping threads took: 0.0000208 seconds
11.482: [GC (Allocation Failure)  2728398K->23982K(2926592K), 0.0047044 secs]
11.487: Total time for which application threads were stopped: 0.0048789 seconds, Stopping threads took: 0.0000200 seconds
12.023: [GC (Allocation Failure)  2599342K->23950K(2800128K), 0.0048287 secs]
12.028: Total time for which application threads were stopped: 0.0049867 seconds, Stopping threads took: 0.0000205 seconds
12.523: [GC (Allocation Failure)  2476942K->27982K(2688000K), 0.0039162 secs]
12.527: Total time for which application threads were stopped: 0.0041106 seconds, Stopping threads took: 0.0000544 seconds
13.001: [GC (Allocation Failure)  2364750K->27982K(2577408K), 0.0040471 secs]
13.005: Total time for which application threads were stopped: 0.0042124 seconds, Stopping threads took: 0.0000299 seconds
13.464: [GC (Allocation Failure)  2254158K->27950K(2472448K), 0.0042619 secs]
13.468: Total time for which application threads were stopped: 0.0044206 seconds, Stopping threads took: 0.0000215 seconds
13.908: [GC (Allocation Failure)  2149166K->27934K(2371072K), 0.0038269 secs]
13.912: Total time for which application threads were stopped: 0.0039874 seconds, Stopping threads took: 0.0000275 seconds
14.322: [GC (Allocation Failure)  2049310K->29598K(2278400K), 0.0041912 secs]
14.326: Total time for which application threads were stopped: 0.0043464 seconds, Stopping threads took: 0.0000198 seconds
14.727: [GC (Allocation Failure)  1956254K->29446K(2186240K), 0.0048462 secs]
14.732: Total time for which application threads were stopped: 0.0050043 seconds, Stopping threads took: 0.0000203 seconds
15.100: [GC (Allocation Failure)  1865990K->30918K(2102272K), 0.0041058 secs]
15.105: Total time for which application threads were stopped: 0.0042670 seconds, Stopping threads took: 0.0000192 seconds
15.466: [GC (Allocation Failure)  1781958K->30862K(2018816K), 0.0039593 secs]
15.470: Total time for which application threads were stopped: 0.0041267 seconds, Stopping threads took: 0.0000205 seconds
15.811: [GC (Allocation Failure)  1700494K->32814K(1943552K), 0.0038301 secs]
15.815: Total time for which application threads were stopped: 0.0040084 seconds, Stopping threads took: 0.0000198 seconds
16.144: [GC (Allocation Failure)  1625134K->33038K(2340352K), 0.0042051 secs]
16.148: Total time for which application threads were stopped: 0.0043643 seconds, Stopping threads took: 0.0000203 seconds
16.553: [GC (Allocation Failure)  2023694K->34510K(2780160K), 0.0039719 secs]
16.557: Total time for which application threads were stopped: 0.0041345 seconds, Stopping threads took: 0.0000281 seconds
17.048: [GC (Allocation Failure)  2463438K->34446K(2661888K), 0.0042613 secs]
17.053: Total time for which application threads were stopped: 0.0044244 seconds, Stopping threads took: 0.0000200 seconds
17.531: [GC (Allocation Failure)  2348174K->37614K(2555904K), 0.0038631 secs]
17.535: Total time for which application threads were stopped: 0.0041048 seconds, Stopping threads took: 0.0000519 seconds
17.982: [GC (Allocation Failure)  2241774K->37390K(2449408K), 0.0041397 secs]
17.986: Total time for which application threads were stopped: 0.0043061 seconds, Stopping threads took: 0.0000269 seconds
18.412: [GC (Allocation Failure)  2137614K->39406K(2352640K), 0.0039882 secs]
18.416: Total time for which application threads were stopped: 0.0041580 seconds, Stopping threads took: 0.0000264 seconds
18.819: [GC (Allocation Failure)  2040814K->32364K(2252288K), 0.0010133 secs]
18.820: Total time for which application threads were stopped: 0.0011364 seconds, Stopping threads took: 0.0000197 seconds
19.211: [GC (Allocation Failure)  1940076K->41726K(2171904K), 0.0042596 secs]
19.215: Total time for which application threads were stopped: 0.0044321 seconds, Stopping threads took: 0.0000205 seconds
19.588: [GC (Allocation Failure)  1860350K->39614K(2085376K), 0.0040415 secs]
19.593: Total time for which application threads were stopped: 0.0042295 seconds, Stopping threads took: 0.0000204 seconds
19.952: [GC (Allocation Failure)  1773758K->39582K(2004992K), 0.0040014 secs]
19.956: Total time for which application threads were stopped: 0.0041899 seconds, Stopping threads took: 0.0000202 seconds
20.303: [GC (Allocation Failure)  1693342K->40038K(1927168K), 0.0040875 secs]
20.307: Total time for which application threads were stopped: 0.0042616 seconds, Stopping threads took: 0.0000210 seconds
20.638: [GC (Allocation Failure)  1617510K->37572K(1852416K), 0.0033290 secs]
20.641: Total time for which application threads were stopped: 0.0035079 seconds, Stopping threads took: 0.0000274 seconds
20.953: [GC (Allocation Failure)  1542340K->41478K(1786880K), 0.0037255 secs]
20.957: Total time for which application threads were stopped: 0.0038884 seconds, Stopping threads took: 0.0000198 seconds
21.252: [GC (Allocation Failure)  1477126K->41478K(2088448K), 0.0043243 secs]
21.256: Total time for which application threads were stopped: 0.0044773 seconds, Stopping threads took: 0.0000194 seconds
21.618: [GC (Allocation Failure)  1778694K->41486K(2451968K), 0.0041256 secs]
21.623: Total time for which application threads were stopped: 0.0042955 seconds, Stopping threads took: 0.0000214 seconds
22.054: [GC (Allocation Failure)  2143758K->42894K(2895360K), 0.0039542 secs]
22.058: Total time for which application threads were stopped: 0.0041074 seconds, Stopping threads took: 0.0000196 seconds
22.567: [GC (Allocation Failure)  2587022K->42894K(2773504K), 0.0038228 secs]
22.571: Total time for which application threads were stopped: 0.0039920 seconds, Stopping threads took: 0.0000207 seconds
23.075: [GC (Allocation Failure)  2466190K->43790K(2659840K), 0.0039047 secs]
23.079: Total time for which application threads were stopped: 0.0040793 seconds, Stopping threads took: 0.0000190 seconds
23.548: [GC (Allocation Failure)  2352398K->43790K(2548224K), 0.0041544 secs]
23.552: Total time for which application threads were stopped: 0.0043258 seconds, Stopping threads took: 0.0000288 seconds
24.011: [GC (Allocation Failure)  2243342K->46350K(2447360K), 0.0037309 secs]
24.015: Total time for which application threads were stopped: 0.0039164 seconds, Stopping threads took: 0.0000282 seconds
24.448: [GC (Allocation Failure)  2142478K->46222K(2348032K), 0.0038640 secs]
24.452: Total time for which application threads were stopped: 0.0040221 seconds, Stopping threads took: 0.0000206 seconds
24.864: [GC (Allocation Failure)  2044046K->47150K(2255360K), 0.0039289 secs]
24.868: Total time for which application threads were stopped: 0.0040978 seconds, Stopping threads took: 0.0000207 seconds
25.249: [GC (Allocation Failure)  1951278K->47110K(2163712K), 0.0044007 secs]
25.254: Total time for which application threads were stopped: 0.0045672 seconds, Stopping threads took: 0.0000198 seconds
25.626: [GC (Allocation Failure)  1862150K->45060K(2077184K), 0.0021916 secs]
25.629: Total time for which application threads were stopped: 0.0023481 seconds, Stopping threads took: 0.0000257 seconds
25.985: [GC (Allocation Failure)  1775620K->49638K(2001408K), 0.0038032 secs]
25.989: Total time for which application threads were stopped: 0.0039640 seconds, Stopping threads took: 0.0000289 seconds
26.325: [GC (Allocation Failure)  1699814K->53964K(2333696K), 0.0066529 secs]
26.332: Total time for which application threads were stopped: 0.0068082 seconds, Stopping threads took: 0.0000269 seconds
26.733: [GC (Allocation Failure)  2034380K->51758K(2722304K), 0.0044964 secs]
26.737: Total time for which application threads were stopped: 0.0046533 seconds, Stopping threads took: 0.0000174 seconds
27.225: [GC (Allocation Failure)  2428462K->57264K(2931200K), 0.0039226 secs]
27.229: Total time for which application threads were stopped: 0.0040782 seconds, Stopping threads took: 0.0000199 seconds
27.767: [GC (Allocation Failure)  2633648K->57296K(2805248K), 0.0046044 secs]
27.772: Total time for which application threads were stopped: 0.0047918 seconds, Stopping threads took: 0.0000206 seconds
28.276: [GC (Allocation Failure)  2511312K->57296K(2689024K), 0.0049181 secs]
28.281: Total time for which application threads were stopped: 0.0050828 seconds, Stopping threads took: 0.0000205 seconds
28.759: [GC (Allocation Failure)  2395088K->57224K(2575872K), 0.0047482 secs]
28.764: Total time for which application threads were stopped: 0.0049601 seconds, Stopping threads took: 0.0000206 seconds
29.222: [GC (Allocation Failure)  2284424K->59720K(2473472K), 0.0045125 secs]
29.227: Total time for which application threads were stopped: 0.0046711 seconds, Stopping threads took: 0.0000201 seconds
29.668: [GC (Allocation Failure)  2181960K->59664K(2372608K), 0.0040483 secs]
29.672: Total time for which application threads were stopped: 0.0042113 seconds, Stopping threads took: 0.0000192 seconds
30.081: [GC (Allocation Failure)  2082064K->60624K(2278912K), 0.0046430 secs]
30.085: Total time for which application threads were stopped: 0.0048316 seconds, Stopping threads took: 0.0000203 seconds
30.486: [GC (Allocation Failure)  1988304K->60616K(2186240K), 0.0042540 secs]
30.490: Total time for which application threads were stopped: 0.0044251 seconds, Stopping threads took: 0.0000208 seconds
30.870: [GC (Allocation Failure)  1898184K->63112K(2556416K), 0.0045719 secs]
30.875: Total time for which application threads were stopped: 0.0047723 seconds, Stopping threads took: 0.0000279 seconds
31.330: [GC (Allocation Failure)  2268296K->66768K(2995712K), 0.0056489 secs]
31.336: Total time for which application threads were stopped: 0.0058059 seconds, Stopping threads took: 0.0000198 seconds
31.890: [GC (Allocation Failure)  2713296K->68752K(2871808K), 0.0044931 secs]
31.894: Total time for which application threads were stopped: 0.0046544 seconds, Stopping threads took: 0.0000274 seconds
32.405: [GC (Allocation Failure)  2589328K->68808K(2751488K), 0.0039194 secs]
32.409: Total time for which application threads were stopped: 0.0040801 seconds, Stopping threads took: 0.0000196 seconds
32.902: [GC (Allocation Failure)  2469576K->69320K(2638336K), 0.0046309 secs]
32.907: Total time for which application threads were stopped: 0.0047914 seconds, Stopping threads took: 0.0000254 seconds
33.380: [GC (Allocation Failure)  2356424K->69192K(2528256K), 0.0039375 secs]
33.384: Total time for which application threads were stopped: 0.0041296 seconds, Stopping threads took: 0.0000204 seconds
33.838: [GC (Allocation Failure)  2248264K->74472K(2429952K), 0.0051222 secs]
33.843: Total time for which application threads were stopped: 0.0052870 seconds, Stopping threads took: 0.0000198 seconds
34.264: [GC (Allocation Failure)  2151144K->72304K(2327040K), 0.0043012 secs]
34.268: Total time for which application threads were stopped: 0.0044664 seconds, Stopping threads took: 0.0000201 seconds
34.675: [GC (Allocation Failure)  2051696K->75792K(2237952K), 0.0047569 secs]
34.680: Total time for which application threads were stopped: 0.0049032 seconds, Stopping threads took: 0.0000178 seconds
35.063: [GC (Allocation Failure)  1962512K->75760K(2149888K), 0.0040177 secs]
35.068: Total time for which application threads were stopped: 0.0041984 seconds, Stopping threads took: 0.0000206 seconds
35.436: [GC (Allocation Failure)  1874409K->71854K(2062848K), 0.0028684 secs]
35.439: Total time for which application threads were stopped: 0.0030555 seconds, Stopping threads took: 0.0000206 seconds
35.797: [GC (Allocation Failure)  1787054K->75824K(1987072K), 0.0040863 secs]
35.802: Total time for which application threads were stopped: 0.0042526 seconds, Stopping threads took: 0.0000209 seconds
36.140: [GC (Allocation Failure)  1711664K->79536K(2317312K), 0.0054726 secs]
36.146: Total time for which application threads were stopped: 0.0056331 seconds, Stopping threads took: 0.0000205 seconds
36.551: [GC (Allocation Failure)  2042544K->76328K(2702336K), 0.0043821 secs]
36.556: Total time for which application threads were stopped: 0.0045531 seconds, Stopping threads took: 0.0000212 seconds
37.032: [GC (Allocation Failure)  2432040K->84498K(3003392K), 0.0049132 secs]
37.037: Total time for which application threads were stopped: 0.0051047 seconds, Stopping threads took: 0.0000199 seconds
37.574: [GC (Allocation Failure)  2733074K->80858K(2873856K), 0.0047253 secs]
37.579: Total time for which application threads were stopped: 0.0048651 seconds, Stopping threads took: 0.0000208 seconds
38.096: [GC (Allocation Failure)  2603482K->80986K(3066368K), 0.0065532 secs]
38.103: Total time for which application threads were stopped: 0.0067401 seconds, Stopping threads took: 0.0000182 seconds
38.673: [GC (Allocation Failure)  2791514K->80858K(2932736K), 0.0039437 secs]
38.677: Total time for which application threads were stopped: 0.0041098 seconds, Stopping threads took: 0.0000201 seconds
39.208: [GC (Allocation Failure)  2662362K->80922K(2809856K), 0.0042153 secs]
39.212: Total time for which application threads were stopped: 0.0044042 seconds, Stopping threads took: 0.0000202 seconds
39.713: [GC (Allocation Failure)  2539546K->80842K(2692608K), 0.0045298 secs]
39.718: Total time for which application threads were stopped: 0.0046967 seconds, Stopping threads took: 0.0000205 seconds
40.199: [GC (Allocation Failure)  2422730K->81290K(2582528K), 0.0042045 secs]
40.204: Total time for which application threads were stopped: 0.0043606 seconds, Stopping threads took: 0.0000198 seconds
40.664: [GC (Allocation Failure)  2312586K->81290K(2477568K), 0.0034934 secs]
40.667: Total time for which application threads were stopped: 0.0036857 seconds, Stopping threads took: 0.0000198 seconds
41.108: [GC (Allocation Failure)  2207626K->81418K(2378240K), 0.0043601 secs]
41.112: Total time for which application threads were stopped: 0.0045147 seconds, Stopping threads took: 0.0000202 seconds
41.527: [GC (Allocation Failure)  2107914K->81282K(2280448K), 0.0040218 secs]
41.531: Total time for which application threads were stopped: 0.0041832 seconds, Stopping threads took: 0.0000203 seconds
41.925: [GC (Allocation Failure)  2012546K->83714K(2192896K), 0.0040573 secs]
41.929: Total time for which application threads were stopped: 0.0042194 seconds, Stopping threads took: 0.0000275 seconds
42.304: [GC (Allocation Failure)  1924866K->83306K(2105344K), 0.0038783 secs]
42.308: Total time for which application threads were stopped: 0.0040747 seconds, Stopping threads took: 0.0000201 seconds
42.673: [GC (Allocation Failure)  1838442K->84266K(2024960K), 0.0041979 secs]
42.677: Total time for which application threads were stopped: 0.0043767 seconds, Stopping threads took: 0.0000176 seconds
43.030: [GC (Allocation Failure)  1757994K->84778K(2357248K), 0.0045015 secs]
43.034: Total time for which application threads were stopped: 0.0046752 seconds, Stopping threads took: 0.0000204 seconds
43.447: [GC (Allocation Failure)  2093354K->91976K(2763776K), 0.0065480 secs]
43.454: Total time for which application threads were stopped: 0.0067394 seconds, Stopping threads took: 0.0000344 seconds
43.940: [GC (Allocation Failure)  2502472K->96616K(3025920K), 0.0084541 secs]
43.949: Total time for which application threads were stopped: 0.0086296 seconds, Stopping threads took: 0.0000294 seconds
44.498: [GC (Allocation Failure)  2774376K->99594K(3034624K), 0.0039136 secs]
44.502: Total time for which application threads were stopped: 0.0041065 seconds, Stopping threads took: 0.0000201 seconds
45.048: [GC (Allocation Failure)  2777354K->99594K(3069440K), 0.0046857 secs]
45.053: Total time for which application threads were stopped: 0.0048419 seconds, Stopping threads took: 0.0000202 seconds
45.612: [GC (Allocation Failure)  2813194K->99786K(2936320K), 0.0049594 secs]
45.617: Total time for which application threads were stopped: 0.0051244 seconds, Stopping threads took: 0.0000201 seconds
46.151: [GC (Allocation Failure)  2684362K->99530K(2810368K), 0.0047576 secs]
46.156: Total time for which application threads were stopped: 0.0049362 seconds, Stopping threads took: 0.0000208 seconds
46.654: [GC (Allocation Failure)  2561226K->101962K(2696192K), 0.0039648 secs]
46.658: Total time for which application threads were stopped: 0.0041118 seconds, Stopping threads took: 0.0000142 seconds
47.133: [GC (Allocation Failure)  2446922K->101994K(2585088K), 0.0041584 secs]
47.137: Total time for which application threads were stopped: 0.0043137 seconds, Stopping threads took: 0.0000206 seconds
47.593: [GC (Allocation Failure)  2335850K->102154K(2480128K), 0.0043883 secs]
47.597: Total time for which application threads were stopped: 0.0045528 seconds, Stopping threads took: 0.0000207 seconds
48.037: [GC (Allocation Failure)  2230538K->101994K(2379776K), 0.0037324 secs]
48.041: Total time for which application threads were stopped: 0.0039114 seconds, Stopping threads took: 0.0000278 seconds
48.457: [GC (Allocation Failure)  2130538K->101994K(2284544K), 0.0042739 secs]
48.462: Total time for which application threads were stopped: 0.0044776 seconds, Stopping threads took: 0.0000268 seconds
48.860: [GC (Allocation Failure)  2035306K->101962K(2193920K), 0.0038431 secs]
48.864: Total time for which application threads were stopped: 0.0040098 seconds, Stopping threads took: 0.0000198 seconds
49.241: [GC (Allocation Failure)  1945162K->102378K(2108416K), 0.0042800 secs]
49.245: Total time for which application threads were stopped: 0.0044470 seconds, Stopping threads took: 0.0000205 seconds
49.608: [GC (Allocation Failure)  1859562K->102666K(2027008K), 0.0038273 secs]
49.611: Total time for which application threads were stopped: 0.0039862 seconds, Stopping threads took: 0.0000211 seconds
49.951: [GC (Allocation Failure)  1778442K->102570K(1949696K), 0.0043318 secs]
49.955: Total time for which application threads were stopped: 0.0044931 seconds, Stopping threads took: 0.0000262 seconds
50.286: [GC (Allocation Failure)  1701034K->102538K(2268160K), 0.0041430 secs]
50.290: Total time for which application threads were stopped: 0.0043114 seconds, Stopping threads took: 0.0000208 seconds
50.688: [GC (Allocation Failure)  2021002K->104138K(2654208K), 0.0042291 secs]
50.692: Total time for which application threads were stopped: 0.0043782 seconds, Stopping threads took: 0.0000181 seconds
51.169: [GC (Allocation Failure)  2406602K->103946K(2543616K), 0.0042018 secs]
51.173: Total time for which application threads were stopped: 0.0043707 seconds, Stopping threads took: 0.0000204 seconds
51.626: [GC (Allocation Failure)  2297866K->107786K(2986496K), 0.0177101 secs]
51.644: Total time for which application threads were stopped: 0.0178648 seconds, Stopping threads took: 0.0000198 seconds
52.175: [GC (Allocation Failure)  2740490K->105354K(3008512K), 0.0043476 secs]
52.179: Total time for which application threads were stopped: 0.0044944 seconds, Stopping threads took: 0.0000212 seconds
52.726: [GC (Allocation Failure)  2766218K->110314K(3014656K), 0.0037489 secs]
52.730: Total time for which application threads were stopped: 0.0039106 seconds, Stopping threads took: 0.0000204 seconds
53.275: [GC (Allocation Failure)  2771178K->108874K(3072512K), 0.0048783 secs]
53.280: Total time for which application threads were stopped: 0.0050431 seconds, Stopping threads took: 0.0000204 seconds
53.838: [GC (Allocation Failure)  2827594K->108842K(3072512K), 0.0044256 secs]
53.842: Total time for which application threads were stopped: 0.0045916 seconds, Stopping threads took: 0.0000202 seconds
54.405: [GC (Allocation Failure)  2827562K->109002K(2940928K), 0.0039906 secs]
54.409: Total time for which application threads were stopped: 0.0041542 seconds, Stopping threads took: 0.0000266 seconds
54.947: [GC (Allocation Failure)  2698186K->108842K(2817536K), 0.0042931 secs]
54.952: Total time for which application threads were stopped: 0.0044497 seconds, Stopping threads took: 0.0000209 seconds
55.463: [GC (Allocation Failure)  2575146K->108810K(2697728K), 0.0045243 secs]
55.467: Total time for which application threads were stopped: 0.0046673 seconds, Stopping threads took: 0.0000259 seconds
55.952: [GC (Allocation Failure)  2458378K->111754K(2589696K), 0.0042646 secs]
55.957: Total time for which application threads were stopped: 0.0044222 seconds, Stopping threads took: 0.0000194 seconds
56.409: [GC (Allocation Failure)  2350218K->112394K(2483712K), 0.0041265 secs]
56.413: Total time for which application threads were stopped: 0.0042866 seconds, Stopping threads took: 0.0000204 seconds
56.852: [GC (Allocation Failure)  2245386K->112810K(2383872K), 0.0041049 secs]
56.857: Total time for which application threads were stopped: 0.0042689 seconds, Stopping threads took: 0.0000202 seconds
57.275: [GC (Allocation Failure)  2145450K->112778K(2285568K), 0.0040679 secs]
57.279: Total time for which application threads were stopped: 0.0042244 seconds, Stopping threads took: 0.0000202 seconds
57.681: [GC (Allocation Failure)  2050186K->115754K(2198016K), 0.0040363 secs]
57.685: Total time for which application threads were stopped: 0.0042264 seconds, Stopping threads took: 0.0000196 seconds
58.070: [GC (Allocation Failure)  1962538K->115722K(2111488K), 0.0038959 secs]
58.074: Total time for which application threads were stopped: 0.0040648 seconds, Stopping threads took: 0.0000211 seconds
58.434: [GC (Allocation Failure)  1876490K->117786K(2031616K), 0.0042482 secs]
58.438: Total time for which application threads were stopped: 0.0044262 seconds, Stopping threads took: 0.0000264 seconds
58.789: [GC (Allocation Failure)  1796634K->116138K(2360320K), 0.0046788 secs]
58.794: Total time for which application threads were stopped: 0.0048479 seconds, Stopping threads took: 0.0000204 seconds
59.210: [GC (Allocation Failure)  2130858K->121677K(2271744K), 0.0038715 secs]
59.214: Total time for which application threads were stopped: 0.0040365 seconds, Stopping threads took: 0.0000202 seconds
59.609: [GC (Allocation Failure)  2042189K->121773K(2182656K), 0.0039126 secs]
59.613: Total time for which application threads were stopped: 0.0041017 seconds, Stopping threads took: 0.0000202 seconds
59.993: [GC (Allocation Failure)  1952685K->121677K(2096640K), 0.0041979 secs]
59.997: Total time for which application threads were stopped: 0.0043870 seconds, Stopping threads took: 0.0000207 seconds
60.361: [GC (Allocation Failure)  1867085K->121613K(2440704K), 0.0044457 secs]
60.365: Total time for which application threads were stopped: 0.0046137 seconds, Stopping threads took: 0.0000206 seconds
60.795: [GC (Allocation Failure)  2216205K->126639K(2865152K), 0.0042608 secs]
60.799: Total time for which application threads were stopped: 0.0044403 seconds, Stopping threads took: 0.0000200 seconds
61.317: [GC (Allocation Failure)  2640559K->126703K(2745856K), 0.0038098 secs]
61.321: Total time for which application threads were stopped: 0.0039768 seconds, Stopping threads took: 0.0000209 seconds
61.814: [GC (Allocation Failure)  2521327K->126735K(2633216K), 0.0042220 secs]
61.818: Total time for which application threads were stopped: 0.0043814 seconds, Stopping threads took: 0.0000207 seconds
62.283: [GC (Allocation Failure)  2408207K->126575K(2520064K), 0.0048838 secs]
62.288: Total time for which application threads were stopped: 0.0050548 seconds, Stopping threads took: 0.0000206 seconds
62.731: [GC (Allocation Failure)  2300527K->131857K(2423296K), 0.0042168 secs]
62.736: Total time for which application threads were stopped: 0.0043836 seconds, Stopping threads took: 0.0000200 seconds
63.161: [GC (Allocation Failure)  2203409K->131529K(2324480K), 0.0042070 secs]
63.165: Total time for which application threads were stopped: 0.0043637 seconds, Stopping threads took: 0.0000204 seconds
63.573: [GC (Allocation Failure)  2105801K->132457K(2233344K), 0.0042797 secs]
63.577: Total time for which application threads were stopped: 0.0044531 seconds, Stopping threads took: 0.0000283 seconds
63.966: [GC (Allocation Failure)  2014569K->132425K(2140672K), 0.0043129 secs]
63.970: Total time for which application threads were stopped: 0.0044909 seconds, Stopping threads took: 0.0000196 seconds
64.339: [GC (Allocation Failure)  1926473K->138779K(2505216K), 0.0047496 secs]
64.344: Total time for which application threads were stopped: 0.0049172 seconds, Stopping threads took: 0.0000197 seconds
64.788: [GC (Allocation Failure)  2291739K->137619K(2932736K), 0.0043039 secs]
64.792: Total time for which application threads were stopped: 0.0044747 seconds, Stopping threads took: 0.0000212 seconds
65.319: [GC (Allocation Failure)  2721171K->139667K(2811904K), 0.0051961 secs]
65.324: Total time for which application threads were stopped: 0.0053641 seconds, Stopping threads took: 0.0000198 seconds
65.828: [GC (Allocation Failure)  2600339K->139915K(2692608K), 0.0043591 secs]
65.833: Total time for which application threads were stopped: 0.0045201 seconds, Stopping threads took: 0.0000206 seconds
66.314: [GC (Allocation Failure)  2483851K->142475K(2584576K), 0.0041682 secs]
66.318: Total time for which application threads were stopped: 0.0043342 seconds, Stopping threads took: 0.0000196 seconds
66.777: [GC (Allocation Failure)  2375819K->142347K(2477056K), 0.0042905 secs]
66.781: Total time for which application threads were stopped: 0.0044580 seconds, Stopping threads took: 0.0000204 seconds
67.208: [GC (Allocation Failure)  2270219K->144331K(2379264K), 0.0043492 secs]
67.212: Total time for which application threads were stopped: 0.0045165 seconds, Stopping threads took: 0.0000204 seconds
67.628: [GC (Allocation Failure)  2172363K->148043K(2781696K), 0.0061264 secs]
67.634: Total time for which application threads were stopped: 0.0063267 seconds, Stopping threads took: 0.0000207 seconds
68.138: [GC (Allocation Failure)  2582091K->144201K(2662912K), 0.0013281 secs]
68.139: Total time for which application threads were stopped: 0.0014527 seconds, Stopping threads took: 0.0000206 seconds
68.620: [GC (Allocation Failure)  2463049K->151723K(2561024K), 0.0039579 secs]
68.625: Total time for which application threads were stopped: 0.0041315 seconds, Stopping threads took: 0.0000284 seconds
69.083: [GC (Allocation Failure)  2361003K->151563K(2456576K), 0.0044875 secs]
69.088: Total time for which application threads were stopped: 0.0046555 seconds, Stopping threads took: 0.0000203 seconds
69.511: [GC (Allocation Failure)  2256907K->151563K(2356736K), 0.0039071 secs]
69.515: Total time for which application threads were stopped: 0.0040765 seconds, Stopping threads took: 0.0000205 seconds
69.924: [GC (Allocation Failure)  2158091K->155531K(2266624K), 0.0047483 secs]
69.928: Total time for which application threads were stopped: 0.0049345 seconds, Stopping threads took: 0.0000268 seconds
70.324: [GC (Allocation Failure)  2067851K->153099K(2170880K), 0.0047924 secs]
70.329: Total time for which application threads were stopped: 0.0049558 seconds, Stopping threads took: 0.0000206 seconds
70.706: [GC (Allocation Failure)  1976331K->156795K(2089984K), 0.0039551 secs]
70.710: Total time for which application threads were stopped: 0.0041157 seconds, Stopping threads took: 0.0000197 seconds
71.065: [GC (Allocation Failure)  1895035K->156635K(2008576K), 0.0040999 secs]
71.069: Total time for which application threads were stopped: 0.0042529 seconds, Stopping threads took: 0.0000202 seconds
71.401: [GC (Allocation Failure)  1813979K->157019K(2340864K), 0.0044383 secs]
71.406: Total time for which application threads were stopped: 0.0046065 seconds, Stopping threads took: 0.0000206 seconds
71.812: [GC (Allocation Failure)  2146139K->156875K(2736128K), 0.0044457 secs]
71.816: Total time for which application threads were stopped: 0.0046137 seconds, Stopping threads took: 0.0000206 seconds
72.306: [GC (Allocation Failure)  2543819K->159115K(2625536K), 0.0040990 secs]
72.310: Total time for which application threads were stopped: 0.0042664 seconds, Stopping threads took: 0.0000197 seconds
72.778: [GC (Allocation Failure)  2432907K->158851K(2516480K), 0.0041199 secs]
72.782: Total time for which application threads were stopped: 0.0042690 seconds, Stopping threads took: 0.0000178 seconds
73.217: [GC (Allocation Failure)  2325098K->155873K(2412032K), 0.0030489 secs]
73.220: Total time for which application threads were stopped: 0.0032102 seconds, Stopping threads took: 0.0000204 seconds
73.646: [GC (Allocation Failure)  2220257K->159747K(2318848K), 0.0046072 secs]
73.650: Total time for which application threads were stopped: 0.0048019 seconds, Stopping threads took: 0.0000260 seconds
74.052: [GC (Allocation Failure)  2127363K->159779K(2226688K), 0.0040950 secs]
74.056: Total time for which application threads were stopped: 0.0042501 seconds, Stopping threads took: 0.0000202 seconds
74.441: [GC (Allocation Failure)  2035235K->159755K(2136576K), 0.0043316 secs]
74.445: Total time for which application threads were stopped: 0.0044988 seconds, Stopping threads took: 0.0000205 seconds
74.813: [GC (Allocation Failure)  1947659K->162441K(2056704K), 0.0045117 secs]
74.818: Total time for which application threads were stopped: 0.0047095 seconds, Stopping threads took: 0.0000281 seconds
75.173: [GC (Allocation Failure)  1867401K->162219K(2395648K), 0.0043599 secs]
75.178: Total time for which application threads were stopped: 0.0045392 seconds, Stopping threads took: 0.0000202 seconds
75.601: [GC (Allocation Failure)  2208171K->164491K(2807808K), 0.0043794 secs]
75.606: Total time for which application threads were stopped: 0.0045438 seconds, Stopping threads took: 0.0000269 seconds
76.109: [GC (Allocation Failure)  2620043K->165515K(2919424K), 0.0053702 secs]
76.115: Total time for which application threads were stopped: 0.0055387 seconds, Stopping threads took: 0.0000208 seconds
76.645: [GC (Allocation Failure)  2736779K->168523K(2800128K), 0.0051037 secs]
76.650: Total time for which application threads were stopped: 0.0053006 seconds, Stopping threads took: 0.0000257 seconds
77.159: [GC (Allocation Failure)  2617419K->168459K(2678784K), 0.0044727 secs]
77.163: Total time for which application threads were stopped: 0.0046777 seconds, Stopping threads took: 0.0000206 seconds
77.649: [GC (Allocation Failure)  2501131K->173454K(2915328K), 0.0069554 secs]
77.656: Total time for which application threads were stopped: 0.0070984 seconds, Stopping threads took: 0.0000169 seconds
78.187: [GC (Allocation Failure)  2735502K->173454K(3073536K), 0.0048147 secs]
78.192: Total time for which application threads were stopped: 0.0049933 seconds, Stopping threads took: 0.0000295 seconds
78.785: [GC (Allocation Failure)  2893710K->173454K(2941952K), 0.0049257 secs]
78.790: Total time for which application threads were stopped: 0.0050787 seconds, Stopping threads took: 0.0000194 seconds
79.327: [GC (Allocation Failure)  2764174K->173414K(2813440K), 0.0049457 secs]
79.332: Total time for which application threads were stopped: 0.0051044 seconds, Stopping threads took: 0.0000200 seconds
79.842: [GC (Allocation Failure)  2641254K->178920K(2701824K), 0.0039621 secs]
79.846: Total time for which application threads were stopped: 0.0041194 seconds, Stopping threads took: 0.0000209 seconds
80.329: [GC (Allocation Failure)  2529512K->178952K(2590720K), 0.0038139 secs]
80.333: Total time for which application threads were stopped: 0.0039711 seconds, Stopping threads took: 0.0000202 seconds
80.790: [GC (Allocation Failure)  2418440K->178920K(2485248K), 0.0045960 secs]
80.794: Total time for which application threads were stopped: 0.0047580 seconds, Stopping threads took: 0.0000198 seconds
81.232: [GC (Allocation Failure)  2312936K->178920K(2380288K), 0.0045641 secs]
81.237: Total time for which application threads were stopped: 0.0047587 seconds, Stopping threads took: 0.0000210 seconds
81.656: [GC (Allocation Failure)  2212584K->183722K(2290176K), 0.0044766 secs]
81.661: Total time for which application threads were stopped: 0.0046384 seconds, Stopping threads took: 0.0000193 seconds
82.058: [GC (Allocation Failure)  2122154K->184098K(2197504K), 0.0043681 secs]
82.062: Total time for which application threads were stopped: 0.0045661 seconds, Stopping threads took: 0.0000274 seconds
82.445: [GC (Allocation Failure)  2031906K->185666K(2113536K), 0.0043258 secs]
82.449: Total time for which application threads were stopped: 0.0044866 seconds, Stopping threads took: 0.0000260 seconds
82.806: [GC (Allocation Failure)  1947458K->185514K(2462208K), 0.0044908 secs]
82.811: Total time for which application threads were stopped: 0.0046576 seconds, Stopping threads took: 0.0000200 seconds
83.248: [GC (Allocation Failure)  2300074K->189194K(2889216K), 0.0043858 secs]
83.252: Total time for which application threads were stopped: 0.0045527 seconds, Stopping threads took: 0.0000202 seconds
83.770: [GC (Allocation Failure)  2726666K->192714K(3039232K), 0.0060503 secs]
83.777: Total time for which application threads were stopped: 0.0062184 seconds, Stopping threads took: 0.0000208 seconds
84.318: [GC (Allocation Failure)  2883274K->195250K(2913792K), 0.0043855 secs]
84.322: Total time for which application threads were stopped: 0.0045550 seconds, Stopping threads took: 0.0000208 seconds
84.850: [GC (Allocation Failure)  2757810K->195402K(2786816K), 0.0047612 secs]
84.855: Total time for which application threads were stopped: 0.0049317 seconds, Stopping threads took: 0.0000203 seconds
85.345: [GC (Allocation Failure)  2636106K->203181K(2678272K), 0.0047507 secs]
85.350: Total time for which application threads were stopped: 0.0049122 seconds, Stopping threads took: 0.0000190 seconds
85.825: [GC (Allocation Failure)  2528173K->201245K(2565632K), 0.0040622 secs]
85.829: Total time for which application threads were stopped: 0.0042202 seconds, Stopping threads took: 0.0000205 seconds
86.284: [GC (Allocation Failure)  2416157K->201661K(2461696K), 0.0042384 secs]
86.289: Total time for which application threads were stopped: 0.0043962 seconds, Stopping threads took: 0.0000198 seconds
86.712: [GC (Allocation Failure)  2312125K->201773K(2360320K), 0.0043014 secs]
86.716: Total time for which application threads were stopped: 0.0044779 seconds, Stopping threads took: 0.0000204 seconds
87.130: [GC (Allocation Failure)  2212909K->205853K(2270208K), 0.0047032 secs]
87.135: Total time for which application threads were stopped: 0.0048696 seconds, Stopping threads took: 0.0000282 seconds
87.525: [GC (Allocation Failure)  2122781K->204173K(2176000K), 0.0045938 secs]
87.530: Total time for which application threads were stopped: 0.0047538 seconds, Stopping threads took: 0.0000206 seconds
87.909: [GC (Allocation Failure)  2031501K->206893K(2544640K), 0.0044357 secs]
87.913: Total time for which application threads were stopped: 0.0045981 seconds, Stopping threads took: 0.0000193 seconds
88.354: [GC (Allocation Failure)  2399789K->206605K(2440192K), 0.0039056 secs]
88.358: Total time for which application threads were stopped: 0.0040673 seconds, Stopping threads took: 0.0000205 seconds
88.793: [GC (Allocation Failure)  2296077K->207021K(2342400K), 0.0045704 secs]
88.798: Total time for which application threads were stopped: 0.0047380 seconds, Stopping threads took: 0.0000197 seconds
89.210: [GC (Allocation Failure)  2198189K->207277K(2247168K), 0.0044364 secs]
89.214: Total time for which application threads were stopped: 0.0045985 seconds, Stopping threads took: 0.0000213 seconds
89.602: [GC (Allocation Failure)  2105261K->209453K(2629632K), 0.0045901 secs]
89.607: Total time for which application threads were stopped: 0.0047684 seconds, Stopping threads took: 0.0000286 seconds
90.076: [GC (Allocation Failure)  2487341K->209197K(2519552K), 0.0044753 secs]
90.080: Total time for which application threads were stopped: 0.0046469 seconds, Stopping threads took: 0.0000207 seconds
90.515: [GC (Allocation Failure)  2379565K->211789K(2420224K), 0.0044206 secs]
90.520: Total time for which application threads were stopped: 0.0045807 seconds, Stopping threads took: 0.0000272 seconds
90.942: [GC (Allocation Failure)  2279757K->211117K(2319360K), 0.0045372 secs]
90.947: Total time for which application threads were stopped: 0.0047031 seconds, Stopping threads took: 0.0000266 seconds
91.341: [GC (Allocation Failure)  2181805K->213613K(2229760K), 0.0043944 secs]
91.345: Total time for which application threads were stopped: 0.0045543 seconds, Stopping threads took: 0.0000200 seconds
91.737: [GC (Allocation Failure)  2092141K->213549K(2141184K), 0.0040161 secs]
91.741: Total time for which application threads were stopped: 0.0041824 seconds, Stopping threads took: 0.0000199 seconds
92.103: [GC (Allocation Failure)  2004525K->216173K(2502144K), 0.0047262 secs]
92.108: Total time for which application threads were stopped: 0.0048831 seconds, Stopping threads took: 0.0000196 seconds
92.541: [GC (Allocation Failure)  2365549K->214501K(2925568K), 0.0048386 secs]
92.546: Total time for which application threads were stopped: 0.0050078 seconds, Stopping threads took: 0.0000209 seconds
93.076: [GC (Allocation Failure)  2793957K->219687K(2808832K), 0.0042227 secs]
93.080: Total time for which application threads were stopped: 0.0043889 seconds, Stopping threads took: 0.0000199 seconds
93.585: [GC (Allocation Failure)  2676775K->219719K(2692608K), 0.0042585 secs]
93.589: Total time for which application threads were stopped: 0.0044337 seconds, Stopping threads took: 0.0000289 seconds
94.066: [GC (Allocation Failure)  2560583K->219719K(2582016K), 0.0046146 secs]
94.071: Total time for which application threads were stopped: 0.0047811 seconds, Stopping threads took: 0.0000202 seconds
94.531: [GC (Allocation Failure)  2449991K->219463K(2471936K), 0.0047991 secs]
94.536: Total time for which application threads were stopped: 0.0049662 seconds, Stopping threads took: 0.0000285 seconds
94.969: [GC (Allocation Failure)  2344775K->224073K(2377216K), 0.0043578 secs]
94.974: Total time for which application threads were stopped: 0.0045154 seconds, Stopping threads took: 0.0000200 seconds
95.393: [GC (Allocation Failure)  2249545K->225457K(2281472K), 0.0045532 secs]
95.398: Total time for which application threads were stopped: 0.0047210 seconds, Stopping threads took: 0.0000205 seconds
95.800: [GC (Allocation Failure)  2156209K->227313K(2193408K), 0.0045496 secs]
95.804: Total time for which application threads were stopped: 0.0047023 seconds, Stopping threads took: 0.0000190 seconds
96.185: [GC (Allocation Failure)  2067953K->226153K(2555392K), 0.0049880 secs]
96.190: Total time for which application threads were stopped: 0.0051568 seconds, Stopping threads took: 0.0000202 seconds
96.645: [GC (Allocation Failure)  2434921K->230667K(2962432K), 0.0049556 secs]
96.650: Total time for which application threads were stopped: 0.0051432 seconds, Stopping threads took: 0.0000178 seconds
97.190: [GC (Allocation Failure)  2839819K->230955K(3003904K), 0.0049831 secs]
97.195: Total time for which application threads were stopped: 0.0051418 seconds, Stopping threads took: 0.0000215 seconds
97.731: [GC (Allocation Failure)  2881579K->230667K(2875904K), 0.0052327 secs]
97.736: Total time for which application threads were stopped: 0.0054153 seconds, Stopping threads took: 0.0000202 seconds
98.241: [GC (Allocation Failure)  2755339K->230603K(2750464K), 0.0050825 secs]
98.246: Total time for which application threads were stopped: 0.0052419 seconds, Stopping threads took: 0.0000213 seconds
98.730: [GC (Allocation Failure)  2635467K->236110K(2642432K), 0.0042925 secs]
98.734: Total time for which application threads were stopped: 0.0044598 seconds, Stopping threads took: 0.0000199 seconds
99.195: [GC (Allocation Failure)  2527310K->236110K(2534400K), 0.0043490 secs]
99.200: Total time for which application threads were stopped: 0.0045555 seconds, Stopping threads took: 0.0000288 seconds
99.646: [GC (Allocation Failure)  2419278K->236398K(2432000K), 0.0050947 secs]
99.651: Total time for which application threads were stopped: 0.0052666 seconds, Stopping threads took: 0.0000262 seconds
100.080: [GC (Allocation Failure)  2316654K->236070K(2842624K), 0.0049650 secs]
100.085: Total time for which application threads were stopped: 0.0051264 seconds, Stopping threads took: 0.0000203 seconds
100.594: [GC (Allocation Failure)  2732582K->241064K(2729472K), 0.0044649 secs]
100.599: Total time for which application threads were stopped: 0.0046361 seconds, Stopping threads took: 0.0000207 seconds
101.092: [GC (Allocation Failure)  2619304K->241096K(2616832K), 0.0039246 secs]
101.096: Total time for which application threads were stopped: 0.0041223 seconds, Stopping threads took: 0.0000292 seconds
101.568: [GC (Allocation Failure)  2506696K->242312K(2511360K), 0.0047429 secs]
101.572: Total time for which application threads were stopped: 0.0049125 seconds, Stopping threads took: 0.0000271 seconds
102.011: [GC (Allocation Failure)  2400904K->241032K(2402304K), 0.0047922 secs]
102.016: Total time for which application threads were stopped: 0.0049596 seconds, Stopping threads took: 0.0000281 seconds
102.442: [GC (Allocation Failure)  2298248K->247162K(2311680K), 0.0040178 secs]
102.446: Total time for which application threads were stopped: 0.0042083 seconds, Stopping threads took: 0.0000195 seconds
102.851: [GC (Allocation Failure)  2207610K->247098K(2220032K), 0.0043526 secs]
102.856: Total time for which application threads were stopped: 0.0045285 seconds, Stopping threads took: 0.0000205 seconds
103.230: [GC (Allocation Failure)  2115898K->247130K(2132992K), 0.0044167 secs]
103.235: Total time for which application threads were stopped: 0.0046184 seconds, Stopping threads took: 0.0000202 seconds
103.602: [GC (Allocation Failure)  2028890K->247018K(2484736K), 0.0048603 secs]
103.607: Total time for which application threads were stopped: 0.0050486 seconds, Stopping threads took: 0.0000213 seconds
104.048: [GC (Allocation Failure)  2385130K->251732K(2917888K), 0.0044905 secs]
104.052: Total time for which application threads were stopped: 0.0046620 seconds, Stopping threads took: 0.0000264 seconds
104.569: [GC (Allocation Failure)  2817876K->251468K(2793984K), 0.0043658 secs]
104.574: Total time for which application threads were stopped: 0.0045264 seconds, Stopping threads took: 0.0000206 seconds
105.075: [GC (Allocation Failure)  2695756K->252908K(2679808K), 0.0045294 secs]
105.080: Total time for which application threads were stopped: 0.0047001 seconds, Stopping threads took: 0.0000197 seconds
105.552: [GC (Allocation Failure)  2581484K->253810K(2565632K), 0.0055162 secs]
105.558: Total time for which application threads were stopped: 0.0056853 seconds, Stopping threads took: 0.0000203 seconds
106.011: [GC (Allocation Failure)  2472306K->257812K(2465280K), 0.0043059 secs]
106.015: Total time for which application threads were stopped: 0.0044626 seconds, Stopping threads took: 0.0000194 seconds
106.446: [GC (Allocation Failure)  2371860K->256050K(2364416K), 0.0035250 secs]
106.450: Total time for which application threads were stopped: 0.0037015 seconds, Stopping threads took: 0.0000200 seconds
106.859: [GC (Allocation Failure)  2270770K->257780K(2271744K), 0.0047229 secs]
106.864: Total time for which application threads were stopped: 0.0048870 seconds, Stopping threads took: 0.0000196 seconds
107.262: [GC (Allocation Failure)  2178292K->257740K(2179072K), 0.0045000 secs]
107.267: Total time for which application threads were stopped: 0.0046669 seconds, Stopping threads took: 0.0000199 seconds
107.647: [GC (Allocation Failure)  2088652K->261036K(2549248K), 0.0075954 secs]
107.654: Total time for which application threads were stopped: 0.0077539 seconds, Stopping threads took: 0.0000260 seconds
108.105: [GC (Allocation Failure)  2458540K->260724K(2939392K), 0.0045055 secs]
108.110: Total time for which application threads were stopped: 0.0046968 seconds, Stopping threads took: 0.0000210 seconds
108.636: [GC (Allocation Failure)  2851956K->264564K(2943488K), 0.0051901 secs]
108.641: Total time for which application threads were stopped: 0.0053600 seconds, Stopping threads took: 0.0000281 seconds
109.171: [GC (Allocation Failure)  2855796K->263700K(3074048K), 0.0051626 secs]
109.176: Total time for which application threads were stopped: 0.0053370 seconds, Stopping threads took: 0.0000282 seconds
109.745: [GC (Allocation Failure)  2985492K->266668K(3074048K), 0.0053738 secs]
109.751: Total time for which application threads were stopped: 0.0055349 seconds, Stopping threads took: 0.0000269 seconds
110.301: [GC (Allocation Failure)  2988460K->265580K(2943488K), 0.0044421 secs]
110.306: Total time for which application threads were stopped: 0.0046010 seconds, Stopping threads took: 0.0000205 seconds
110.835: [GC (Allocation Failure)  2857836K->267628K(2822144K), 0.0045999 secs]
110.840: Total time for which application threads were stopped: 0.0047718 seconds, Stopping threads took: 0.0000206 seconds
111.338: [GC (Allocation Failure)  2736492K->265516K(2697216K), 0.0049755 secs]
111.343: Total time for which application threads were stopped: 0.0051422 seconds, Stopping threads took: 0.0000203 seconds
111.822: [GC (Allocation Failure)  2617132K->272623K(2593280K), 0.0047113 secs]
111.827: Total time for which application threads were stopped: 0.0048744 seconds, Stopping threads took: 0.0000198 seconds
112.276: [GC (Allocation Failure)  2513135K->271087K(2486272K), 0.0044729 secs]
112.281: Total time for which application threads were stopped: 0.0046410 seconds, Stopping threads took: 0.0000204 seconds
112.726: [GC (Allocation Failure)  2406127K->271023K(2385920K), 0.0044477 secs]
112.731: Total time for which application threads were stopped: 0.0046395 seconds, Stopping threads took: 0.0000208 seconds
113.145: [GC (Allocation Failure)  2305711K->270991K(2288128K), 0.0046918 secs]
113.150: Total time for which application threads were stopped: 0.0048591 seconds, Stopping threads took: 0.0000205 seconds
113.538: [GC (Allocation Failure)  2210447K->273455K(2200064K), 0.0044095 secs]
113.543: Total time for which application threads were stopped: 0.0045813 seconds, Stopping threads took: 0.0000200 seconds
113.920: [GC (Allocation Failure)  2122287K->273455K(2570240K), 0.0041619 secs]
113.924: Total time for which application threads were stopped: 0.0043219 seconds, Stopping threads took: 0.0000200 seconds
114.381: [GC (Allocation Failure)  2492463K->273615K(2466304K), 0.0043678 secs]
114.385: Total time for which application threads were stopped: 0.0045409 seconds, Stopping threads took: 0.0000199 seconds
114.822: [GC (Allocation Failure)  2388175K->273423K(2362368K), 0.0048105 secs]
114.827: Total time for which application threads were stopped: 0.0051046 seconds, Stopping threads took: 0.0000205 seconds
115.238: [GC (Allocation Failure)  2288655K->277455K(2272256K), 0.0043791 secs]
115.242: Total time for which application threads were stopped: 0.0045347 seconds, Stopping threads took: 0.0000198 seconds
115.634: [GC (Allocation Failure)  2198479K->277455K(2656768K), 0.0042620 secs]
115.639: Total time for which application threads were stopped: 0.0044357 seconds, Stopping threads took: 0.0000191 seconds
116.102: [GC (Allocation Failure)  2582991K->277455K(2547712K), 0.0044841 secs]
116.106: Total time for which application threads were stopped: 0.0046412 seconds, Stopping threads took: 0.0000202 seconds
116.557: [GC (Allocation Failure)  2473935K->277519K(2439680K), 0.0047374 secs]
116.562: Total time for which application threads were stopped: 0.0049048 seconds, Stopping threads took: 0.0000203 seconds
116.981: [GC (Allocation Failure)  2370575K->286567K(2864640K), 0.0066871 secs]
116.988: Total time for which application threads were stopped: 0.0068438 seconds, Stopping threads took: 0.0000273 seconds
117.498: [GC (Allocation Failure)  2798439K->284873K(3024384K), 0.0043594 secs]
117.502: Total time for which application threads were stopped: 0.0045530 seconds, Stopping threads took: 0.0000269 seconds
118.047: [GC (Allocation Failure)  2959561K->286345K(2898432K), 0.0043798 secs]
118.052: Total time for which application threads were stopped: 0.0045632 seconds, Stopping threads took: 0.0000358 seconds
118.571: [GC (Allocation Failure)  2833545K->286273K(2772992K), 0.0049818 secs]
118.576: Total time for which application threads were stopped: 0.0051785 seconds, Stopping threads took: 0.0000274 seconds
119.074: [GC (Allocation Failure)  2712641K->290723K(2662912K), 0.0044056 secs]
119.078: Total time for which application threads were stopped: 0.0045817 seconds, Stopping threads took: 0.0000197 seconds
119.559: [GC (Allocation Failure)  2602403K->292195K(2555392K), 0.0041076 secs]
119.563: Total time for which application threads were stopped: 0.0042767 seconds, Stopping threads took: 0.0000269 seconds
120.022: [GC (Allocation Failure)  2494819K->290787K(2449920K), 0.0043735 secs]
120.026: Total time for which application threads were stopped: 0.0045203 seconds, Stopping threads took: 0.0000261 seconds
120.462: [GC (Allocation Failure)  2389475K->291051K(2347008K), 0.0049579 secs]
120.467: Total time for which application threads were stopped: 0.0051282 seconds, Stopping threads took: 0.0000203 seconds
120.879: [GC (Allocation Failure)  2290923K->298819K(2754048K), 0.0056626 secs]
120.885: Total time for which application threads were stopped: 0.0058123 seconds, Stopping threads took: 0.0000179 seconds
121.377: [GC (Allocation Failure)  2699075K->299947K(3000832K), 0.0058259 secs]
121.383: Total time for which application threads were stopped: 0.0059843 seconds, Stopping threads took: 0.0000198 seconds
121.928: [GC (Allocation Failure)  2950571K->300875K(2875904K), 0.0046369 secs]
121.933: Total time for which application threads were stopped: 0.0047874 seconds, Stopping threads took: 0.0000200 seconds
122.451: [GC (Allocation Failure)  2825547K->300907K(2752512K), 0.0045687 secs]
122.456: Total time for which application threads were stopped: 0.0047310 seconds, Stopping threads took: 0.0000200 seconds
122.949: [GC (Allocation Failure)  2705771K->304427K(2642432K), 0.0045156 secs]
122.953: Total time for which application threads were stopped: 0.0046686 seconds, Stopping threads took: 0.0000198 seconds
123.420: [GC (Allocation Failure)  2595627K->304395K(2534400K), 0.0044173 secs]
123.425: Total time for which application threads were stopped: 0.0045753 seconds, Stopping threads took: 0.0000198 seconds
123.875: [GC (Allocation Failure)  2487563K->300233K(2427392K), 0.0031022 secs]
123.879: Total time for which application threads were stopped: 0.0032664 seconds, Stopping threads took: 0.0000199 seconds
124.303: [GC (Allocation Failure)  2380489K->304395K(2333696K), 0.0044603 secs]
124.307: Total time for which application threads were stopped: 0.0046170 seconds, Stopping threads took: 0.0000203 seconds
124.710: [GC (Allocation Failure)  2286859K->304395K(2241024K), 0.0048192 secs]
124.715: Total time for which application threads were stopped: 0.0050919 seconds, Stopping threads took: 0.0000208 seconds
125.099: [GC (Allocation Failure)  2194187K->304395K(2152960K), 0.0043116 secs]
125.103: Total time for which application threads were stopped: 0.0045027 seconds, Stopping threads took: 0.0000210 seconds
125.475: [GC (Allocation Failure)  2106123K->304427K(2068992K), 0.0046537 secs]
125.479: Total time for which application threads were stopped: 0.0048200 seconds, Stopping threads took: 0.0000208 seconds
125.833: [GC (Allocation Failure)  2022187K->304395K(2411008K), 0.0043871 secs]
125.837: Total time for which application threads were stopped: 0.0045802 seconds, Stopping threads took: 0.0000200 seconds
126.265: [GC (Allocation Failure)  2365707K->306827K(2826240K), 0.0045151 secs]
126.270: Total time for which application threads were stopped: 0.0046839 seconds, Stopping threads took: 0.0000210 seconds
126.778: [GC (Allocation Failure)  2780811K->305803K(2705920K), 0.0045970 secs]
126.782: Total time for which application threads were stopped: 0.0047479 seconds, Stopping threads took: 0.0000177 seconds
127.263: [GC (Allocation Failure)  2662539K->310283K(2598912K), 0.0046641 secs]
127.268: Total time for which application threads were stopped: 0.0048384 seconds, Stopping threads took: 0.0000199 seconds
127.736: [GC (Allocation Failure)  2555403K->307787K(2487296K), 0.0046920 secs]
127.741: Total time for which application threads were stopped: 0.0048711 seconds, Stopping threads took: 0.0000203 seconds
128.174: [GC (Allocation Failure)  2446923K->310763K(2389504K), 0.0043557 secs]
128.178: Total time for which application threads were stopped: 0.0045119 seconds, Stopping threads took: 0.0000200 seconds
128.600: [GC (Allocation Failure)  2349035K->310795K(2293760K), 0.0044407 secs]
128.605: Total time for which application threads were stopped: 0.0045967 seconds, Stopping threads took: 0.0000200 seconds
128.996: [GC (Allocation Failure)  2253323K->310763K(2203136K), 0.0044270 secs]
129.001: Total time for which application threads were stopped: 0.0045997 seconds, Stopping threads took: 0.0000288 seconds
129.373: [GC (Allocation Failure)  2162667K->310731K(2571264K), 0.0048165 secs]
129.378: Total time for which application threads were stopped: 0.0049866 seconds, Stopping threads took: 0.0000199 seconds
129.830: [GC (Allocation Failure)  2533323K->313803K(2934784K), 0.0044727 secs]
129.834: Total time for which application threads were stopped: 0.0046399 seconds, Stopping threads took: 0.0000201 seconds
130.365: [GC (Allocation Failure)  2894795K->313227K(2809344K), 0.0049809 secs]
130.370: Total time for which application threads were stopped: 0.0051446 seconds, Stopping threads took: 0.0000195 seconds
130.863: [GC (Allocation Failure)  2771339K->313195K(2692608K), 0.0055146 secs]
130.869: Total time for which application threads were stopped: 0.0056716 seconds, Stopping threads took: 0.0000204 seconds
131.350: [GC (Allocation Failure)  2654571K->313163K(3011072K), 0.0052499 secs]
131.355: Total time for which application threads were stopped: 0.0054058 seconds, Stopping threads took: 0.0000201 seconds
131.909: [GC (Allocation Failure)  2976587K->316683K(2887680K), 0.0045430 secs]
131.913: Total time for which application threads were stopped: 0.0047021 seconds, Stopping threads took: 0.0000209 seconds
132.434: [GC (Allocation Failure)  2853131K->317291K(2761728K), 0.0052163 secs]
132.439: Total time for which application threads were stopped: 0.0053815 seconds, Stopping threads took: 0.0000201 seconds
132.942: [GC (Allocation Failure)  2733419K->324965K(2655232K), 0.0044140 secs]
132.946: Total time for which application threads were stopped: 0.0045721 seconds, Stopping threads took: 0.0000202 seconds
133.422: [GC (Allocation Failure)  2626917K->322949K(2544640K), 0.0043782 secs]
133.426: Total time for which application threads were stopped: 0.0045449 seconds, Stopping threads took: 0.0000206 seconds
133.881: [GC (Allocation Failure)  2516357K->322869K(2441216K), 0.0047371 secs]
133.885: Total time for which application threads were stopped: 0.0048957 seconds, Stopping threads took: 0.0000197 seconds
134.320: [GC (Allocation Failure)  2412853K->322893K(2339328K), 0.0049786 secs]
134.325: Total time for which application threads were stopped: 0.0051475 seconds, Stopping threads took: 0.0000210 seconds
134.737: [GC (Allocation Failure)  2314573K->326381K(2249728K), 0.0044200 secs]
134.741: Total time for which application threads were stopped: 0.0046110 seconds, Stopping threads took: 0.0000197 seconds
135.136: [GC (Allocation Failure)  2224877K->326477K(2161152K), 0.0042355 secs]
135.140: Total time for which application threads were stopped: 0.0043994 seconds, Stopping threads took: 0.0000205 seconds
135.510: [GC (Allocation Failure)  2136397K->326349K(2523136K), 0.0047043 secs]
135.515: Total time for which application threads were stopped: 0.0048712 seconds, Stopping threads took: 0.0000198 seconds
135.967: [GC (Allocation Failure)  2498253K->327029K(2954240K), 0.0049940 secs]
135.972: Total time for which application threads were stopped: 0.0051900 seconds, Stopping threads took: 0.0000206 seconds
136.512: [GC (Allocation Failure)  2933621K->330557K(2833920K), 0.0045173 secs]
136.517: Total time for which application threads were stopped: 0.0046839 seconds, Stopping threads took: 0.0000265 seconds
137.015: [GC (Allocation Failure)  2813245K->330541K(2715136K), 0.0043756 secs]
137.020: Total time for which application threads were stopped: 0.0045528 seconds, Stopping threads took: 0.0000277 seconds
137.511: [GC (Allocation Failure)  2695469K->331501K(2604032K), 0.0046052 secs]
137.516: Total time for which application threads were stopped: 0.0047707 seconds, Stopping threads took: 0.0000197 seconds
137.978: [GC (Allocation Failure)  2584301K->331437K(2493952K), 0.0048677 secs]
137.983: Total time for which application threads were stopped: 0.0050494 seconds, Stopping threads took: 0.0000212 seconds
138.428: [GC (Allocation Failure)  2477741K->334989K(2396672K), 0.0044942 secs]
138.432: Total time for which application threads were stopped: 0.0046632 seconds, Stopping threads took: 0.0000197 seconds
138.848: [GC (Allocation Failure)  2380429K->335645K(2299904K), 0.0045669 secs]
138.852: Total time for which application threads were stopped: 0.0047616 seconds, Stopping threads took: 0.0000204 seconds
139.254: [GC (Allocation Failure)  2285341K->336701K(2210304K), 0.0045762 secs]
139.259: Total time for which application threads were stopped: 0.0047420 seconds, Stopping threads took: 0.0000280 seconds
139.632: [GC (Allocation Failure)  2195261K->336573K(2577408K), 0.0052891 secs]
139.638: Total time for which application threads were stopped: 0.0054449 seconds, Stopping threads took: 0.0000229 seconds
140.092: [GC (Allocation Failure)  2566845K->340573K(2964992K), 0.0045635 secs]
140.096: Total time for which application threads were stopped: 0.0047303 seconds, Stopping threads took: 0.0000199 seconds
140.619: [GC (Allocation Failure)  2953309K->340637K(3028992K), 0.0050316 secs]
140.624: Total time for which application threads were stopped: 0.0052164 seconds, Stopping threads took: 0.0000285 seconds
141.179: [GC (Allocation Failure)  3017373K->340605K(3028992K), 0.0053696 secs]
141.184: Total time for which application threads were stopped: 0.0055274 seconds, Stopping threads took: 0.0000198 seconds
141.728: [GC (Allocation Failure)  3017341K->340765K(2900992K), 0.0050097 secs]
141.733: Total time for which application threads were stopped: 0.0051673 seconds, Stopping threads took: 0.0000200 seconds
142.244: [GC (Allocation Failure)  2890013K->340605K(2779648K), 0.0053757 secs]
142.249: Total time for which application threads were stopped: 0.0055350 seconds, Stopping threads took: 0.0000198 seconds
142.745: [GC (Allocation Failure)  2769021K->340525K(2658304K), 0.0051072 secs]
142.750: [Full GC (Ergonomics)  340525K->8536K(2460672K), 0.0192444 secs]
142.769: Total time for which application threads were stopped: 0.0246213 seconds, Stopping threads took: 0.0000205 seconds
143.247: [GC (Allocation Failure)  2321752K->14904K(2356224K), 0.0034146 secs]
143.250: Total time for which application threads were stopped: 0.0035777 seconds, Stopping threads took: 0.0000276 seconds
143.700: [GC (Allocation Failure)  2219064K->16610K(2253824K), 0.0038940 secs]
143.704: Total time for which application threads were stopped: 0.0040628 seconds, Stopping threads took: 0.0000208 seconds
144.125: [GC (Allocation Failure)  2116834K->16706K(2155008K), 0.0047930 secs]
144.130: Total time for which application threads were stopped: 0.0049703 seconds, Stopping threads took: 0.0000205 seconds
144.547: [GC (Allocation Failure)  2018114K->16578K(2055680K), 0.0036260 secs]
144.550: Total time for which application threads were stopped: 0.0037842 seconds, Stopping threads took: 0.0000206 seconds
144.946: [GC (Allocation Failure)  1924290K->22085K(1972224K), 0.0046581 secs]
144.951: Total time for which application threads were stopped: 0.0048240 seconds, Stopping threads took: 0.0000211 seconds
145.331: [GC (Allocation Failure)  1840709K->22829K(1887744K), 0.0041033 secs]
145.335: Total time for which application threads were stopped: 0.0042847 seconds, Stopping threads took: 0.0000207 seconds
145.697: [GC (Allocation Failure)  1756973K->22733K(1807360K), 0.0042413 secs]
145.701: Total time for which application threads were stopped: 0.0044184 seconds, Stopping threads took: 0.0000169 seconds
146.044: [GC (Allocation Failure)  1676493K->23173K(2129920K), 0.0037567 secs]
146.048: Total time for which application threads were stopped: 0.0039310 seconds, Stopping threads took: 0.0000273 seconds
146.458: [GC (Allocation Failure)  2005125K->31079K(2530304K), 0.0045434 secs]
146.462: Total time for which application threads were stopped: 0.0047190 seconds, Stopping threads took: 0.0000204 seconds
146.957: [GC (Allocation Failure)  2406759K->30303K(2415616K), 0.0039145 secs]
146.961: Total time for which application threads were stopped: 0.0040812 seconds, Stopping threads took: 0.0000199 seconds
147.431: [GC (Allocation Failure)  2293343K->31327K(2309632K), 0.0040160 secs]
147.435: Total time for which application threads were stopped: 0.0042024 seconds, Stopping threads took: 0.0000196 seconds
147.882: [GC (Allocation Failure)  2187359K->31199K(2204672K), 0.0042055 secs]
147.886: Total time for which application threads were stopped: 0.0043745 seconds, Stopping threads took: 0.0000206 seconds
148.307: [GC (Allocation Failure)  2085855K->34687K(2112000K), 0.0042070 secs]
148.311: Total time for which application threads were stopped: 0.0043717 seconds, Stopping threads took: 0.0000203 seconds
148.705: [GC (Allocation Failure)  1993087K->34655K(2019328K), 0.0039482 secs]
148.709: Total time for which application threads were stopped: 0.0041176 seconds, Stopping threads took: 0.0000202 seconds
149.094: [GC (Allocation Failure)  1901407K->35615K(1933312K), 0.0041572 secs]
149.099: Total time for which application threads were stopped: 0.0043219 seconds, Stopping threads took: 0.0000196 seconds
149.459: [GC (Allocation Failure)  1815327K->37103K(2283008K), 0.0043895 secs]
149.463: Total time for which application threads were stopped: 0.0045655 seconds, Stopping threads took: 0.0000198 seconds
149.894: [GC (Allocation Failure)  2170095K->40663K(2186240K), 0.0039828 secs]
149.899: Total time for which application threads were stopped: 0.0041480 seconds, Stopping threads took: 0.0000202 seconds
150.318: [GC (Allocation Failure)  2073303K->40623K(2089984K), 0.0037980 secs]
150.322: Total time for which application threads were stopped: 0.0039647 seconds, Stopping threads took: 0.0000200 seconds
150.724: [GC (Allocation Failure)  1978031K->41615K(2000384K), 0.0042333 secs]
150.728: Total time for which application threads were stopped: 0.0043893 seconds, Stopping threads took: 0.0000196 seconds
151.111: [GC (Allocation Failure)  1888399K->41519K(1910784K), 0.0041699 secs]
151.115: Total time for which application threads were stopped: 0.0043380 seconds, Stopping threads took: 0.0000209 seconds
151.480: [GC (Allocation Failure)  1802287K->45039K(1832448K), 0.0041857 secs]
151.484: Total time for which application threads were stopped: 0.0043537 seconds, Stopping threads took: 0.0000201 seconds
151.833: [GC (Allocation Failure)  1723887K->44999K(2164736K), 0.0038634 secs]
151.837: Total time for which application threads were stopped: 0.0040463 seconds, Stopping threads took: 0.0000208 seconds
152.242: [GC (Allocation Failure)  2057159K->46727K(2072576K), 0.0042035 secs]
152.246: Total time for which application threads were stopped: 0.0043602 seconds, Stopping threads took: 0.0000181 seconds
152.644: [GC (Allocation Failure)  1964679K->46103K(2447872K), 0.0045854 secs]
152.648: Total time for which application threads were stopped: 0.0047388 seconds, Stopping threads took: 0.0000267 seconds
153.122: [GC (Allocation Failure)  2344983K->50585K(2343936K), 0.0039564 secs]
153.126: Total time for which application threads were stopped: 0.0041382 seconds, Stopping threads took: 0.0000278 seconds
153.576: [GC (Allocation Failure)  2240921K->50617K(2240512K), 0.0035882 secs]
153.580: Total time for which application threads were stopped: 0.0037572 seconds, Stopping threads took: 0.0000280 seconds
154.014: [GC (Allocation Failure)  2137529K->50617K(2142720K), 0.0037712 secs]
154.018: Total time for which application threads were stopped: 0.0039311 seconds, Stopping threads took: 0.0000195 seconds
154.417: [GC (Allocation Failure)  2039737K->50553K(2043904K), 0.0039349 secs]
154.421: Total time for which application threads were stopped: 0.0041286 seconds, Stopping threads took: 0.0000203 seconds
154.803: [GC (Allocation Failure)  1946489K->56059K(1960960K), 0.0038230 secs]
154.807: Total time for which application threads were stopped: 0.0039899 seconds, Stopping threads took: 0.0000202 seconds
155.177: [GC (Allocation Failure)  1863419K->56059K(1876992K), 0.0037106 secs]
155.181: Total time for which application threads were stopped: 0.0038801 seconds, Stopping threads took: 0.0000278 seconds
155.536: [GC (Allocation Failure)  1779451K->56091K(1797120K), 0.0041267 secs]
155.540: Total time for which application threads were stopped: 0.0043257 seconds, Stopping threads took: 0.0000283 seconds
155.883: [GC (Allocation Failure)  1699611K->56035K(2117632K), 0.0040172 secs]
155.887: Total time for which application threads were stopped: 0.0041893 seconds, Stopping threads took: 0.0000203 seconds
156.294: [GC (Allocation Failure)  2025699K->61542K(2031104K), 0.0039228 secs]
156.298: Total time for which application threads were stopped: 0.0040927 seconds, Stopping threads took: 0.0000202 seconds
156.690: [GC (Allocation Failure)  1939046K->61574K(1943552K), 0.0038763 secs]
156.694: Total time for which application threads were stopped: 0.0040530 seconds, Stopping threads took: 0.0000210 seconds
157.058: [GC (Allocation Failure)  1851526K->62566K(1861120K), 0.0040499 secs]
157.062: Total time for which application threads were stopped: 0.0042097 seconds, Stopping threads took: 0.0000193 seconds
157.408: [GC (Allocation Failure)  1769062K->61518K(2192384K), 0.0040819 secs]
157.412: Total time for which application threads were stopped: 0.0042418 seconds, Stopping threads took: 0.0000208 seconds
157.835: [GC (Allocation Failure)  2106958K->68080K(2103296K), 0.0036351 secs]
157.838: Total time for which application threads were stopped: 0.0038025 seconds, Stopping threads took: 0.0000202 seconds
158.240: [GC (Allocation Failure)  2017776K->68272K(2012672K), 0.0037508 secs]
158.244: Total time for which application threads were stopped: 0.0039092 seconds, Stopping threads took: 0.0000199 seconds
158.619: [GC (Allocation Failure)  1926832K->68176K(1926144K), 0.0040958 secs]
158.624: Total time for which application threads were stopped: 0.0042638 seconds, Stopping threads took: 0.0000211 seconds
158.990: [GC (Allocation Failure)  1840208K->68008K(1836544K), 0.0038362 secs]
158.994: Total time for which application threads were stopped: 0.0040165 seconds, Stopping threads took: 0.0000202 seconds
159.346: [GC (Allocation Failure)  1757608K->74858K(2179072K), 0.0042593 secs]
159.350: Total time for which application threads were stopped: 0.0044141 seconds, Stopping threads took: 0.0000201 seconds
159.759: [GC (Allocation Failure)  2099818K->70600K(2080256K), 0.0027821 secs]
159.761: Total time for which application threads were stopped: 0.0029405 seconds, Stopping threads took: 0.0000210 seconds
160.163: [GC (Allocation Failure)  2000840K->70632K(1990144K), 0.0029217 secs]
160.166: Total time for which application threads were stopped: 0.0030841 seconds, Stopping threads took: 0.0000203 seconds
160.547: [GC (Allocation Failure)  1910760K->74922K(1908736K), 0.0039228 secs]
160.551: Total time for which application threads were stopped: 0.0040905 seconds, Stopping threads took: 0.0000205 seconds
160.916: [GC (Allocation Failure)  1829546K->74538K(1826816K), 0.0039303 secs]
160.920: Total time for which application threads were stopped: 0.0040922 seconds, Stopping threads took: 0.0000213 seconds
161.258: [GC (Allocation Failure)  1747754K->76658K(2155008K), 0.0048498 secs]
161.263: Total time for which application threads were stopped: 0.0050236 seconds, Stopping threads took: 0.0000200 seconds
161.680: [GC (Allocation Failure)  2082162K->80722K(2064896K), 0.0039774 secs]
161.684: Total time for which application threads were stopped: 0.0041539 seconds, Stopping threads took: 0.0000199 seconds
162.079: [GC (Allocation Failure)  1992018K->80690K(1975808K), 0.0038434 secs]
162.083: Total time for which application threads were stopped: 0.0040081 seconds, Stopping threads took: 0.0000206 seconds
162.457: [GC (Allocation Failure)  1902898K->82546K(2339328K), 0.0045742 secs]
162.461: Total time for which application threads were stopped: 0.0047419 seconds, Stopping threads took: 0.0000206 seconds
162.912: [GC (Allocation Failure)  2266226K->80650K(2229760K), 0.0039680 secs]
162.916: Total time for which application threads were stopped: 0.0041396 seconds, Stopping threads took: 0.0000205 seconds
163.341: [GC (Allocation Failure)  2161418K->85389K(2137088K), 0.0042065 secs]
163.346: Total time for which application threads were stopped: 0.0043728 seconds, Stopping threads took: 0.0000284 seconds
163.744: [GC (Allocation Failure)  2068365K->85741K(2044416K), 0.0038697 secs]
163.748: Total time for which application threads were stopped: 0.0040271 seconds, Stopping threads took: 0.0000209 seconds
164.138: [GC (Allocation Failure)  1976045K->85133K(1955840K), 0.0042357 secs]
164.142: Total time for which application threads were stopped: 0.0044290 seconds, Stopping threads took: 0.0000209 seconds
164.508: [GC (Allocation Failure)  1887373K->85149K(1868800K), 0.0039735 secs]
164.513: Total time for which application threads were stopped: 0.0041337 seconds, Stopping threads took: 0.0000208 seconds
164.865: [GC (Allocation Failure)  1803421K->88157K(2213376K), 0.0040993 secs]
164.869: Total time for which application threads were stopped: 0.0042565 seconds, Stopping threads took: 0.0000199 seconds
165.292: [GC (Allocation Failure)  2147933K->88077K(2116096K), 0.0037822 secs]
165.296: Total time for which application threads were stopped: 0.0039416 seconds, Stopping threads took: 0.0000198 seconds
165.703: [GC (Allocation Failure)  2051085K->88525K(2024960K), 0.0043629 secs]
165.708: Total time for which application threads were stopped: 0.0045297 seconds, Stopping threads took: 0.0000199 seconds
166.093: [GC (Allocation Failure)  1959885K->88461K(1933824K), 0.0041482 secs]
166.097: Total time for which application threads were stopped: 0.0043140 seconds, Stopping threads took: 0.0000267 seconds
166.468: [GC (Allocation Failure)  1872781K->85770K(1848320K), 0.0013472 secs]
166.469: Total time for which application threads were stopped: 0.0014656 seconds, Stopping threads took: 0.0000195 seconds
166.823: [GC (Allocation Failure)  1787146K->92525K(1776128K), 0.0039346 secs]
166.827: Total time for which application threads were stopped: 0.0041017 seconds, Stopping threads took: 0.0000209 seconds
167.156: [GC (Allocation Failure)  1715053K->95053K(1703936K), 0.0046422 secs]
167.161: Total time for which application threads were stopped: 0.0048087 seconds, Stopping threads took: 0.0000202 seconds
167.483: [GC (Allocation Failure)  1642829K->92429K(2003456K), 0.0039618 secs]
167.488: Total time for which application threads were stopped: 0.0041314 seconds, Stopping threads took: 0.0000205 seconds
167.861: [GC (Allocation Failure)  1947405K->90157K(1914880K), 0.0012311 secs]
167.862: Total time for which application threads were stopped: 0.0013516 seconds, Stopping threads took: 0.0000192 seconds
168.229: [GC (Allocation Failure)  1858605K->97519K(1840128K), 0.0036800 secs]
168.233: Total time for which application threads were stopped: 0.0038368 seconds, Stopping threads took: 0.0000206 seconds
168.584: [GC (Allocation Failure)  1784047K->97455K(1762304K), 0.0043152 secs]
168.589: Total time for which application threads were stopped: 0.0044824 seconds, Stopping threads took: 0.0000212 seconds
168.919: [GC (Allocation Failure)  1706159K->97391K(1687552K), 0.0039977 secs]
168.923: Total time for which application threads were stopped: 0.0042241 seconds, Stopping threads took: 0.0000445 seconds
169.247: [GC (Allocation Failure)  1631855K->97967K(1993216K), 0.0045943 secs]
169.251: Total time for which application threads were stopped: 0.0047665 seconds, Stopping threads took: 0.0000274 seconds
169.623: [GC (Allocation Failure)  1937071K->97783K(2357248K), 0.0038216 secs]
169.627: Total time for which application threads were stopped: 0.0039976 seconds, Stopping threads took: 0.0000274 seconds
170.085: [GC (Allocation Failure)  2301943K->98199K(2253824K), 0.0042139 secs]
170.090: Total time for which application threads were stopped: 0.0043715 seconds, Stopping threads took: 0.0000201 seconds
170.524: [GC (Allocation Failure)  2198423K->98159K(2153984K), 0.0036584 secs]
170.528: Total time for which application threads were stopped: 0.0038379 seconds, Stopping threads took: 0.0000199 seconds
170.944: [GC (Allocation Failure)  2099567K->99183K(2061312K), 0.0048982 secs]
170.949: Total time for which application threads were stopped: 0.0050529 seconds, Stopping threads took: 0.0000203 seconds
171.345: [GC (Allocation Failure)  2006895K->99103K(1971712K), 0.0039788 secs]
171.349: Total time for which application threads were stopped: 0.0041466 seconds, Stopping threads took: 0.0000212 seconds
171.726: [GC (Allocation Failure)  1917727K->99551K(2333184K), 0.0045466 secs]
171.731: Total time for which application threads were stopped: 0.0047129 seconds, Stopping threads took: 0.0000202 seconds
172.183: [GC (Allocation Failure)  2279135K->99815K(2228736K), 0.0042365 secs]
172.187: Total time for which application threads were stopped: 0.0043975 seconds, Stopping threads took: 0.0000208 seconds
172.617: [GC (Allocation Failure)  2176999K->101767K(2133504K), 0.0040450 secs]
172.621: Total time for which application threads were stopped: 0.0042094 seconds, Stopping threads took: 0.0000280 seconds
173.028: [GC (Allocation Failure)  2081671K->101727K(2040320K), 0.0039269 secs]
173.032: Total time for which application threads were stopped: 0.0040826 seconds, Stopping threads took: 0.0000198 seconds
173.416: [GC (Allocation Failure)  1988959K->102175K(1952768K), 0.0043424 secs]
173.420: Total time for which application threads were stopped: 0.0044986 seconds, Stopping threads took: 0.0000201 seconds
173.785: [GC (Allocation Failure)  1901343K->104079K(2306560K), 0.0044712 secs]
173.789: Total time for which application threads were stopped: 0.0046403 seconds, Stopping threads took: 0.0000207 seconds
174.226: [GC (Allocation Failure)  2260111K->107055K(2208256K), 0.0040570 secs]
174.230: Total time for which application threads were stopped: 0.0042131 seconds, Stopping threads took: 0.0000192 seconds
174.650: [GC (Allocation Failure)  2161711K->107087K(2616320K), 0.0055064 secs]
174.656: Total time for which application threads were stopped: 0.0056452 seconds, Stopping threads took: 0.0000259 seconds
175.156: [GC (Allocation Failure)  2569807K->107407K(2500096K), 0.0041364 secs]
175.160: Total time for which application threads were stopped: 0.0042888 seconds, Stopping threads took: 0.0000177 seconds
175.637: [GC (Allocation Failure)  2453391K->107087K(2384384K), 0.0043649 secs]
175.642: Total time for which application threads were stopped: 0.0045790 seconds, Stopping threads took: 0.0000280 seconds
176.101: [GC (Allocation Failure)  2341967K->111119K(2283008K), 0.0040458 secs]
176.105: Total time for which application threads were stopped: 0.0042212 seconds, Stopping threads took: 0.0000197 seconds
176.537: [GC (Allocation Failure)  2240527K->111343K(2183168K), 0.0039654 secs]
176.541: Total time for which application threads were stopped: 0.0041172 seconds, Stopping threads took: 0.0000176 seconds
176.958: [GC (Allocation Failure)  2140399K->111759K(2088448K), 0.0043607 secs]
176.963: Total time for which application threads were stopped: 0.0045185 seconds, Stopping threads took: 0.0000205 seconds
177.357: [GC (Allocation Failure)  2045583K->114679K(2465280K), 0.0051470 secs]
177.362: Total time for which application threads were stopped: 0.0053080 seconds, Stopping threads took: 0.0000209 seconds
177.835: [GC (Allocation Failure)  2432503K->120729K(2361856K), 0.0038631 secs]
177.839: Total time for which application threads were stopped: 0.0040154 seconds, Stopping threads took: 0.0000193 seconds
178.296: [GC (Allocation Failure)  2328985K->120697K(2257920K), 0.0040157 secs]
178.300: Total time for which application threads were stopped: 0.0041716 seconds, Stopping threads took: 0.0000212 seconds
178.723: [GC (Allocation Failure)  2225017K->120697K(2159104K), 0.0043060 secs]
178.728: Total time for which application threads were stopped: 0.0044626 seconds, Stopping threads took: 0.0000194 seconds
179.129: [GC (Allocation Failure)  2126201K->122121K(2062336K), 0.0044561 secs]
179.134: Total time for which application threads were stopped: 0.0046140 seconds, Stopping threads took: 0.0000207 seconds
179.527: [GC (Allocation Failure)  2033417K->124809K(1976320K), 0.0041931 secs]
179.531: Total time for which application threads were stopped: 0.0043649 seconds, Stopping threads took: 0.0000193 seconds
179.907: [GC (Allocation Failure)  1947017K->124545K(1890304K), 0.0039697 secs]
179.912: Total time for which application threads were stopped: 0.0041403 seconds, Stopping threads took: 0.0000208 seconds
180.274: [GC (Allocation Failure)  1861761K->124961K(2235904K), 0.0044148 secs]
180.279: Total time for which application threads were stopped: 0.0045886 seconds, Stopping threads took: 0.0000203 seconds
180.713: [GC (Allocation Failure)  2207265K->124969K(2136064K), 0.0042203 secs]
180.718: Total time for which application threads were stopped: 0.0043886 seconds, Stopping threads took: 0.0000201 seconds
181.129: [GC (Allocation Failure)  2109481K->127049K(2045952K), 0.0041403 secs]
181.133: Total time for which application threads were stopped: 0.0043130 seconds, Stopping threads took: 0.0000282 seconds
181.521: [GC (Allocation Failure)  2018889K->126889K(1955328K), 0.0038897 secs]
181.525: Total time for which application threads were stopped: 0.0040499 seconds, Stopping threads took: 0.0000196 seconds
181.896: [GC (Allocation Failure)  1930665K->128841K(1873408K), 0.0040810 secs]
181.900: Total time for which application threads were stopped: 0.0042462 seconds, Stopping threads took: 0.0000209 seconds
182.256: [GC (Allocation Failure)  1848649K->130281K(2213376K), 0.0042713 secs]
182.260: Total time for which application threads were stopped: 0.0044646 seconds, Stopping threads took: 0.0000205 seconds
182.688: [GC (Allocation Failure)  2191593K->131689K(2118144K), 0.0041771 secs]
182.692: Total time for which application threads were stopped: 0.0043348 seconds, Stopping threads took: 0.0000203 seconds
183.088: [GC (Allocation Failure)  2096233K->131689K(2506240K), 0.0041657 secs]
183.092: Total time for which application threads were stopped: 0.0043313 seconds, Stopping threads took: 0.0000269 seconds
183.572: [GC (Allocation Failure)  2486377K->133673K(2396672K), 0.0042017 secs]
183.576: Total time for which application threads were stopped: 0.0043743 seconds, Stopping threads took: 0.0000280 seconds
184.037: [GC (Allocation Failure)  2376745K->134377K(2289152K), 0.0044058 secs]
184.041: Total time for which application threads were stopped: 0.0045740 seconds, Stopping threads took: 0.0000207 seconds
184.476: [GC (Allocation Failure)  2271465K->135849K(2190336K), 0.0042569 secs]
184.481: Total time for which application threads were stopped: 0.0044459 seconds, Stopping threads took: 0.0000195 seconds
184.907: [GC (Allocation Failure)  2172585K->135785K(2092544K), 0.0038437 secs]
184.911: Total time for which application threads were stopped: 0.0040382 seconds, Stopping threads took: 0.0000209 seconds
185.303: [GC (Allocation Failure)  2076777K->137737K(2003968K), 0.0042940 secs]
185.308: Total time for which application threads were stopped: 0.0044634 seconds, Stopping threads took: 0.0000199 seconds
185.691: [GC (Allocation Failure)  1988105K->137705K(1915392K), 0.0040872 secs]
185.695: Total time for which application threads were stopped: 0.0042721 seconds, Stopping threads took: 0.0000205 seconds
186.058: [GC (Allocation Failure)  1902057K->145703K(2270208K), 0.0067408 secs]
186.065: Total time for which application threads were stopped: 0.0069015 seconds, Stopping threads took: 0.0000264 seconds
186.503: [GC (Allocation Failure)  2260775K->144009K(2551808K), 0.0043923 secs]
186.508: [Full GC (Ergonomics)  144009K->8549K(2553344K), 0.0103799 secs]
186.518: Total time for which application threads were stopped: 0.0150473 seconds, Stopping threads took: 0.0000209 seconds
187.013: [GC (Allocation Failure)  2410341K->16615K(2560000K), 0.0039701 secs]
187.017: Total time for which application threads were stopped: 0.0041274 seconds, Stopping threads took: 0.0000203 seconds
187.510: [GC (Allocation Failure)  2418407K->16631K(2443264K), 0.0044033 secs]
187.515: Total time for which application threads were stopped: 0.0045804 seconds, Stopping threads took: 0.0000212 seconds
187.979: [GC (Allocation Failure)  2304759K->16631K(2335232K), 0.0049189 secs]
187.984: Total time for which application threads were stopped: 0.0050779 seconds, Stopping threads took: 0.0000203 seconds
188.429: [GC (Allocation Failure)  2196727K->16743K(2231296K), 0.0043271 secs]
188.433: Total time for which application threads were stopped: 0.0044892 seconds, Stopping threads took: 0.0000205 seconds
188.863: [GC (Allocation Failure)  2094439K->21287K(2138112K), 0.0049569 secs]
188.868: Total time for which application threads were stopped: 0.0051125 seconds, Stopping threads took: 0.0000174 seconds
189.276: [GC (Allocation Failure)  2001703K->18599K(2039296K), 0.0040436 secs]
189.280: Total time for which application threads were stopped: 0.0042078 seconds, Stopping threads took: 0.0000271 seconds
189.670: [GC (Allocation Failure)  1906343K->19589K(1952256K), 0.0031855 secs]
189.674: Total time for which application threads were stopped: 0.0033741 seconds, Stopping threads took: 0.0000198 seconds
190.043: [GC (Allocation Failure)  1819269K->22311K(2310656K), 0.0074502 secs]
190.050: Total time for which application threads were stopped: 0.0075911 seconds, Stopping threads took: 0.0000172 seconds
190.494: [GC (Allocation Failure)  2177319K->22087K(2735616K), 0.0049158 secs]
190.499: Total time for which application threads were stopped: 0.0050809 seconds, Stopping threads took: 0.0000199 seconds
191.060: [GC (Allocation Failure)  2602567K->22055K(2844160K), 0.0040242 secs]
191.064: Total time for which application threads were stopped: 0.0041790 seconds, Stopping threads took: 0.0000195 seconds
191.638: [GC (Allocation Failure)  2713127K->23975K(2718208K), 0.0042952 secs]
191.643: Total time for which application threads were stopped: 0.0044683 seconds, Stopping threads took: 0.0000281 seconds
192.174: [GC (Allocation Failure)  2587047K->23983K(2591744K), 0.0037053 secs]
192.177: Total time for which application threads were stopped: 0.0038878 seconds, Stopping threads took: 0.0000285 seconds
192.677: [GC (Allocation Failure)  2465199K->28497K(2480640K), 0.0046974 secs]
192.682: Total time for which application threads were stopped: 0.0048550 seconds, Stopping threads took: 0.0000197 seconds
193.161: [GC (Allocation Failure)  2354001K->28465K(2371072K), 0.0040487 secs]
193.165: Total time for which application threads were stopped: 0.0042035 seconds, Stopping threads took: 0.0000206 seconds
193.620: [GC (Allocation Failure)  2244401K->32129K(2268672K), 0.0049746 secs]
193.625: Total time for which application threads were stopped: 0.0051406 seconds, Stopping threads took: 0.0000291 seconds
194.054: [GC (Allocation Failure)  2143617K->29953K(2161664K), 0.0038814 secs]
194.058: Total time for which application threads were stopped: 0.0040505 seconds, Stopping threads took: 0.0000208 seconds
194.469: [GC (Allocation Failure)  2042113K->35492K(2073088K), 0.0039181 secs]
194.473: Total time for which application threads were stopped: 0.0040831 seconds, Stopping threads took: 0.0000206 seconds
194.869: [GC (Allocation Failure)  1953444K->35524K(1983488K), 0.0040846 secs]
194.873: Total time for which application threads were stopped: 0.0042625 seconds, Stopping threads took: 0.0000215 seconds
195.250: [GC (Allocation Failure)  1863876K->35460K(1898496K), 0.0041288 secs]
195.254: Total time for which application threads were stopped: 0.0042944 seconds, Stopping threads took: 0.0000271 seconds
195.611: [GC (Allocation Failure)  1778820K->38924K(2239488K), 0.0052569 secs]
195.616: Total time for which application threads were stopped: 0.0054377 seconds, Stopping threads took: 0.0000285 seconds
196.041: [GC (Allocation Failure)  2125836K->41420K(2653184K), 0.0040107 secs]
196.045: Total time for which application threads were stopped: 0.0041763 seconds, Stopping threads took: 0.0000206 seconds
196.561: [GC (Allocation Failure)  2539468K->41420K(2534912K), 0.0040944 secs]
196.566: Total time for which application threads were stopped: 0.0042596 seconds, Stopping threads took: 0.0000208 seconds
197.054: [GC (Allocation Failure)  2421196K->41388K(2422272K), 0.0041048 secs]
197.058: Total time for which application threads were stopped: 0.0042794 seconds, Stopping threads took: 0.0000208 seconds
197.525: [GC (Allocation Failure)  2308524K->41356K(2313728K), 0.0038124 secs]
197.529: Total time for which application threads were stopped: 0.0039803 seconds, Stopping threads took: 0.0000214 seconds
197.962: [GC (Allocation Failure)  2201484K->42828K(2213888K), 0.0040601 secs]
197.966: Total time for which application threads were stopped: 0.0042152 seconds, Stopping threads took: 0.0000201 seconds
198.381: [GC (Allocation Failure)  2101580K->43284K(2117120K), 0.0039358 secs]
198.385: Total time for which application threads were stopped: 0.0040971 seconds, Stopping threads took: 0.0000206 seconds
198.789: [GC (Allocation Failure)  2005268K->45204K(2027520K), 0.0045424 secs]
198.794: Total time for which application threads were stopped: 0.0047182 seconds, Stopping threads took: 0.0000202 seconds
199.175: [GC (Allocation Failure)  1915540K->43980K(1933824K), 0.0038842 secs]
199.179: Total time for which application threads were stopped: 0.0040613 seconds, Stopping threads took: 0.0000273 seconds
199.545: [GC (Allocation Failure)  1827276K->48462K(1855488K), 0.0039021 secs]
199.549: Total time for which application threads were stopped: 0.0040691 seconds, Stopping threads took: 0.0000201 seconds
199.895: [GC (Allocation Failure)  1748814K->48494K(1776640K), 0.0037084 secs]
199.899: Total time for which application threads were stopped: 0.0038666 seconds, Stopping threads took: 0.0000203 seconds
200.236: [GC (Allocation Failure)  1669998K->48494K(2096128K), 0.0042943 secs]
200.240: Total time for which application threads were stopped: 0.0044619 seconds, Stopping threads took: 0.0000199 seconds
200.638: [GC (Allocation Failure)  1989486K->48430K(2476544K), 0.0046828 secs]
200.643: Total time for which application threads were stopped: 0.0048384 seconds, Stopping threads took: 0.0000265 seconds
201.120: [GC (Allocation Failure)  2372398K->50926K(2369536K), 0.0041622 secs]
201.124: Total time for which application threads were stopped: 0.0043351 seconds, Stopping threads took: 0.0000262 seconds
201.576: [GC (Allocation Failure)  2265326K->51078K(2265088K), 0.0035230 secs]
201.579: Total time for which application threads were stopped: 0.0036956 seconds, Stopping threads took: 0.0000270 seconds
202.016: [GC (Allocation Failure)  2161030K->51006K(2166272K), 0.0042736 secs]
202.021: Total time for which application threads were stopped: 0.0044778 seconds, Stopping threads took: 0.0000534 seconds
202.428: [GC (Allocation Failure)  2062142K->50990K(2068480K), 0.0041220 secs]
202.433: Total time for which application threads were stopped: 0.0043140 seconds, Stopping threads took: 0.0000205 seconds
202.830: [GC (Allocation Failure)  1967918K->54510K(1982464K), 0.0038320 secs]
202.834: Total time for which application threads were stopped: 0.0040212 seconds, Stopping threads took: 0.0000193 seconds
203.205: [GC (Allocation Failure)  1881838K->54478K(1897472K), 0.0037754 secs]
203.209: Total time for which application threads were stopped: 0.0039498 seconds, Stopping threads took: 0.0000272 seconds
203.560: [GC (Allocation Failure)  1796814K->55246K(1817600K), 0.0041531 secs]
203.564: Total time for which application threads were stopped: 0.0042990 seconds, Stopping threads took: 0.0000171 seconds
203.906: [GC (Allocation Failure)  1716686K->54438K(2138112K), 0.0039196 secs]
203.910: Total time for which application threads were stopped: 0.0040898 seconds, Stopping threads took: 0.0000205 seconds
204.311: [GC (Allocation Failure)  2043046K->59976K(2050560K), 0.0039149 secs]
204.315: Total time for which application threads were stopped: 0.0040777 seconds, Stopping threads took: 0.0000257 seconds
204.708: [GC (Allocation Failure)  1955400K->59976K(1961984K), 0.0036555 secs]
204.712: Total time for which application threads were stopped: 0.0038138 seconds, Stopping threads took: 0.0000205 seconds
205.089: [GC (Allocation Failure)  1866824K->59976K(1878016K), 0.0039238 secs]
205.093: Total time for which application threads were stopped: 0.0040860 seconds, Stopping threads took: 0.0000293 seconds
205.438: [GC (Allocation Failure)  1782856K->60040K(2212864K), 0.0040844 secs]
205.442: Total time for which application threads were stopped: 0.0042559 seconds, Stopping threads took: 0.0000195 seconds
205.868: [GC (Allocation Failure)  2122376K->66571K(2122240K), 0.0040823 secs]
205.872: Total time for which application threads were stopped: 0.0042544 seconds, Stopping threads took: 0.0000199 seconds
206.272: [GC (Allocation Failure)  2032139K->65032K(2027520K), 0.0041839 secs]
206.276: Total time for which application threads were stopped: 0.0043508 seconds, Stopping threads took: 0.0000198 seconds
206.653: [GC (Allocation Failure)  1938952K->66763K(2398720K), 0.0042179 secs]
206.657: Total time for which application threads were stopped: 0.0043889 seconds, Stopping threads took: 0.0000153 seconds
207.114: [GC (Allocation Failure)  2309835K->66467K(2728448K), 0.0049227 secs]
207.119: Total time for which application threads were stopped: 0.0050802 seconds, Stopping threads took: 0.0000198 seconds
207.653: [GC (Allocation Failure)  2642339K->69283K(2609152K), 0.0046209 secs]
207.657: Total time for which application threads were stopped: 0.0047913 seconds, Stopping threads took: 0.0000296 seconds
208.159: [GC (Allocation Failure)  2522787K->63272K(2485760K), 0.0015514 secs]
208.161: Total time for which application threads were stopped: 0.0016854 seconds, Stopping threads took: 0.0000193 seconds
208.643: [GC (Allocation Failure)  2400552K->70443K(2382848K), 0.0045447 secs]
208.647: Total time for which application threads were stopped: 0.0047492 seconds, Stopping threads took: 0.0000277 seconds
209.098: [GC (Allocation Failure)  2297131K->69803K(2276864K), 0.0039351 secs]
209.102: Total time for which application threads were stopped: 0.0041303 seconds, Stopping threads took: 0.0000287 seconds
209.533: [GC (Allocation Failure)  2191531K->71403K(2178560K), 0.0044932 secs]
209.538: Total time for which application threads were stopped: 0.0046492 seconds, Stopping threads took: 0.0000203 seconds
209.956: [GC (Allocation Failure)  2093291K->69771K(2078208K), 0.0040541 secs]
209.960: Total time for which application threads were stopped: 0.0042365 seconds, Stopping threads took: 0.0000214 seconds
210.351: [GC (Allocation Failure)  1996939K->73771K(1992192K), 0.0042079 secs]
210.355: Total time for which application threads were stopped: 0.0043782 seconds, Stopping threads took: 0.0000196 seconds
210.728: [GC (Allocation Failure)  1910827K->74059K(1907200K), 0.0038066 secs]
210.732: Total time for which application threads were stopped: 0.0039642 seconds, Stopping threads took: 0.0000180 seconds
211.093: [GC (Allocation Failure)  1825611K->73803K(1825280K), 0.0041315 secs]
211.097: Total time for which application threads were stopped: 0.0043066 seconds, Stopping threads took: 0.0000279 seconds
211.435: [GC (Allocation Failure)  1743947K->77803K(2150912K), 0.0060850 secs]
211.441: Total time for which application threads were stopped: 0.0062752 seconds, Stopping threads took: 0.0000206 seconds
211.859: [GC (Allocation Failure)  2077675K->81835K(2549760K), 0.0041119 secs]
211.863: Total time for which application threads were stopped: 0.0042699 seconds, Stopping threads took: 0.0000201 seconds
212.353: [GC (Allocation Failure)  2476459K->81803K(2694144K), 0.0038976 secs]
212.357: Total time for which application threads were stopped: 0.0040652 seconds, Stopping threads took: 0.0000286 seconds
212.878: [GC (Allocation Failure)  2618251K->81835K(2571264K), 0.0041429 secs]
212.882: Total time for which application threads were stopped: 0.0043009 seconds, Stopping threads took: 0.0000206 seconds
213.387: [GC (Allocation Failure)  2497963K->81771K(2452480K), 0.0038972 secs]
213.391: Total time for which application threads were stopped: 0.0040658 seconds, Stopping threads took: 0.0000267 seconds
213.857: [GC (Allocation Failure)  2383723K->86253K(2348544K), 0.0045400 secs]
213.861: Total time for which application threads were stopped: 0.0047045 seconds, Stopping threads took: 0.0000281 seconds
214.304: [GC (Allocation Failure)  2279661K->86605K(2245632K), 0.0038779 secs]
214.308: Total time for which application threads were stopped: 0.0040435 seconds, Stopping threads took: 0.0000289 seconds
214.736: [GC (Allocation Failure)  2176589K->86221K(2146816K), 0.0043808 secs]
214.740: Total time for which application threads were stopped: 0.0045455 seconds, Stopping threads took: 0.0000204 seconds
215.151: [GC (Allocation Failure)  2077901K->86221K(2049536K), 0.0042313 secs]
215.156: Total time for which application threads were stopped: 0.0043932 seconds, Stopping threads took: 0.0000206 seconds
215.550: [GC (Allocation Failure)  1984717K->90221K(1965056K), 0.0039596 secs]
215.554: Total time for which application threads were stopped: 0.0041362 seconds, Stopping threads took: 0.0000195 seconds
215.932: [GC (Allocation Failure)  1900141K->91677K(1881600K), 0.0039433 secs]
215.936: Total time for which application threads were stopped: 0.0041134 seconds, Stopping threads took: 0.0000209 seconds
216.298: [GC (Allocation Failure)  1817629K->91101K(1801216K), 0.0041209 secs]
216.302: Total time for which application threads were stopped: 0.0042963 seconds, Stopping threads took: 0.0000265 seconds
216.635: [GC (Allocation Failure)  1737181K->92749K(2122240K), 0.0060716 secs]
216.641: Total time for which application threads were stopped: 0.0062855 seconds, Stopping threads took: 0.0000265 seconds
217.047: [GC (Allocation Failure)  2063949K->90299K(2027520K), 0.0014862 secs]
217.048: Total time for which application threads were stopped: 0.0016355 seconds, Stopping threads took: 0.0000192 seconds
217.433: [GC (Allocation Failure)  1969339K->97733K(1947136K), 0.0039714 secs]
217.437: Total time for which application threads were stopped: 0.0041305 seconds, Stopping threads took: 0.0000211 seconds
217.806: [GC (Allocation Failure)  1889221K->97349K(1863168K), 0.0043205 secs]
217.810: Total time for which application threads were stopped: 0.0044801 seconds, Stopping threads took: 0.0000200 seconds
218.163: [GC (Allocation Failure)  1805381K->97221K(2198016K), 0.0041298 secs]
218.167: Total time for which application threads were stopped: 0.0043095 seconds, Stopping threads took: 0.0000198 seconds
218.576: [GC (Allocation Failure)  2142149K->99205K(2104320K), 0.0039182 secs]
218.580: Total time for which application threads were stopped: 0.0041132 seconds, Stopping threads took: 0.0000196 seconds
218.984: [GC (Allocation Failure)  2048389K->99205K(2013184K), 0.0039191 secs]
218.988: Total time for which application threads were stopped: 0.0040774 seconds, Stopping threads took: 0.0000207 seconds
219.372: [GC (Allocation Failure)  1957253K->99173K(1926656K), 0.0041735 secs]
219.376: Total time for which application threads were stopped: 0.0043634 seconds, Stopping threads took: 0.0000203 seconds
219.733: [GC (Allocation Failure)  1870693K->100949K(2273280K), 0.0044766 secs]
219.738: Total time for which application threads were stopped: 0.0046749 seconds, Stopping threads took: 0.0000210 seconds
220.176: [GC (Allocation Failure)  2221653K->103469K(2631168K), 0.0039491 secs]
220.180: Total time for which application threads were stopped: 0.0041086 seconds, Stopping threads took: 0.0000272 seconds
220.678: [GC (Allocation Failure)  2576941K->103533K(2511360K), 0.0048565 secs]
220.683: Total time for which application threads were stopped: 0.0050455 seconds, Stopping threads took: 0.0000208 seconds
221.172: [GC (Allocation Failure)  2459757K->103469K(2400256K), 0.0048174 secs]
221.177: Total time for which application threads were stopped: 0.0050113 seconds, Stopping threads took: 0.0000266 seconds
221.640: [GC (Allocation Failure)  2348589K->103437K(2686464K), 0.0058414 secs]
221.646: Total time for which application threads were stopped: 0.0060127 seconds, Stopping threads took: 0.0000283 seconds
222.169: [GC (Allocation Failure)  2638349K->106957K(2569728K), 0.0043244 secs]
222.173: Total time for which application threads were stopped: 0.0044817 seconds, Stopping threads took: 0.0000207 seconds
222.672: [GC (Allocation Failure)  2521549K->106885K(2449920K), 0.0041272 secs]
222.676: Total time for which application threads were stopped: 0.0042936 seconds, Stopping threads took: 0.0000207 seconds
223.149: [GC (Allocation Failure)  2407301K->112423K(2347008K), 0.0039851 secs]
223.153: Total time for which application threads were stopped: 0.0041487 seconds, Stopping threads took: 0.0000265 seconds
223.603: [GC (Allocation Failure)  2304295K->112551K(2244608K), 0.0038552 secs]
223.607: Total time for which application threads were stopped: 0.0040637 seconds, Stopping threads took: 0.0000374 seconds
224.041: [GC (Allocation Failure)  2201511K->115693K(2147840K), 0.0057921 secs]
224.047: Total time for which application threads were stopped: 0.0059471 seconds, Stopping threads took: 0.0000205 seconds
224.456: [GC (Allocation Failure)  2106861K->113991K(2046464K), 0.0041584 secs]
224.460: Total time for which application threads were stopped: 0.0043217 seconds, Stopping threads took: 0.0000206 seconds
224.851: [GC (Allocation Failure)  2011975K->120553K(1964544K), 0.0039092 secs]
224.855: Total time for which application threads were stopped: 0.0040768 seconds, Stopping threads took: 0.0000202 seconds
225.229: [GC (Allocation Failure)  1929961K->120841K(1881088K), 0.0039244 secs]
225.233: Total time for which application threads were stopped: 0.0040936 seconds, Stopping threads took: 0.0000213 seconds
225.587: [GC (Allocation Failure)  1846281K->120553K(2220544K), 0.0043486 secs]
225.592: Total time for which application threads were stopped: 0.0045086 seconds, Stopping threads took: 0.0000208 seconds
226.010: [GC (Allocation Failure)  2185961K->120553K(2623488K), 0.0042873 secs]
226.014: Total time for which application threads were stopped: 0.0044779 seconds, Stopping threads took: 0.0000207 seconds
226.518: [GC (Allocation Failure)  2593001K->125201K(2510848K), 0.0042260 secs]
226.522: Total time for which application threads were stopped: 0.0043838 seconds, Stopping threads took: 0.0000200 seconds
226.994: [GC (Allocation Failure)  2480401K->124689K(2399232K), 0.0038843 secs]
226.998: Total time for which application threads were stopped: 0.0040427 seconds, Stopping threads took: 0.0000203 seconds
227.454: [GC (Allocation Failure)  2368785K->124625K(2293248K), 0.0042572 secs]
227.458: Total time for which application threads were stopped: 0.0044417 seconds, Stopping threads took: 0.0000199 seconds
227.897: [GC (Allocation Failure)  2262737K->125065K(2188288K), 0.0040268 secs]
227.901: Total time for which application threads were stopped: 0.0041991 seconds, Stopping threads took: 0.0000198 seconds
228.321: [GC (Allocation Failure)  2162825K->129580K(2097664K), 0.0040200 secs]
228.325: Total time for which application threads were stopped: 0.0041884 seconds, Stopping threads took: 0.0000200 seconds
228.717: [GC (Allocation Failure)  2072108K->129548K(2007040K), 0.0040743 secs]
228.721: Total time for which application threads were stopped: 0.0042443 seconds, Stopping threads took: 0.0000208 seconds
229.101: [GC (Allocation Failure)  1981452K->130284K(1922048K), 0.0043616 secs]
229.105: Total time for which application threads were stopped: 0.0045205 seconds, Stopping threads took: 0.0000207 seconds
229.473: [GC (Allocation Failure)  1896172K->129612K(1833472K), 0.0040127 secs]
229.477: Total time for which application threads were stopped: 0.0041793 seconds, Stopping threads took: 0.0000219 seconds
229.825: [GC (Allocation Failure)  1813580K->135150K(2170880K), 0.0039508 secs]
229.829: Total time for which application threads were stopped: 0.0040983 seconds, Stopping threads took: 0.0000178 seconds
230.250: [GC (Allocation Failure)  2150894K->135150K(2076672K), 0.0041348 secs]
230.254: Total time for which application threads were stopped: 0.0043107 seconds, Stopping threads took: 0.0000269 seconds
230.642: [GC (Allocation Failure)  2056686K->135118K(2455552K), 0.0054009 secs]
230.648: Total time for which application threads were stopped: 0.0055502 seconds, Stopping threads took: 0.0000261 seconds
231.121: [GC (Allocation Failure)  2435534K->135078K(2341376K), 0.0036858 secs]
231.125: Total time for which application threads were stopped: 0.0038621 seconds, Stopping threads took: 0.0000287 seconds
231.574: [GC (Allocation Failure)  2326950K->140584K(2244096K), 0.0041720 secs]
231.579: Total time for which application threads were stopped: 0.0043381 seconds, Stopping threads took: 0.0000198 seconds
232.009: [GC (Allocation Failure)  2229544K->140696K(2146304K), 0.0039450 secs]
232.013: Total time for which application threads were stopped: 0.0041123 seconds, Stopping threads took: 0.0000201 seconds
232.424: [GC (Allocation Failure)  2131864K->140608K(2053120K), 0.0042156 secs]
232.428: Total time for which application threads were stopped: 0.0043725 seconds, Stopping threads took: 0.0000196 seconds
232.820: [GC (Allocation Failure)  2038592K->143758K(2422272K), 0.0067399 secs]
232.827: [Full GC (Ergonomics)  143758K->11653K(2430464K), 0.0215521 secs]
232.848: Total time for which application threads were stopped: 0.0285748 seconds, Stopping threads took: 0.0000204 seconds
233.314: [GC (Allocation Failure)  2284421K->25127K(2626560K), 0.0060558 secs]
233.320: Total time for which application threads were stopped: 0.0062230 seconds, Stopping threads took: 0.0000284 seconds
233.829: [GC (Allocation Failure)  2486311K->28951K(2884096K), 0.0063465 secs]
233.835: Total time for which application threads were stopped: 0.0065160 seconds, Stopping threads took: 0.0000204 seconds
234.435: [GC (Allocation Failure)  2746135K->28247K(2884096K), 0.0045465 secs]
234.439: Total time for which application threads were stopped: 0.0047119 seconds, Stopping threads took: 0.0000193 seconds
235.005: [GC (Allocation Failure)  2745431K->28215K(2751488K), 0.0035386 secs]
235.009: Total time for which application threads were stopped: 0.0037411 seconds, Stopping threads took: 0.0000252 seconds
235.527: [GC (Allocation Failure)  2616375K->28247K(2628608K), 0.0041309 secs]
235.531: Total time for which application threads were stopped: 0.0043208 seconds, Stopping threads took: 0.0000288 seconds
236.038: [GC (Allocation Failure)  2493527K->28207K(2510336K), 0.0043233 secs]
236.043: Total time for which application threads were stopped: 0.0044929 seconds, Stopping threads took: 0.0000210 seconds
236.512: [GC (Allocation Failure)  2376751K->29647K(2400768K), 0.0041905 secs]
236.517: Total time for which application threads were stopped: 0.0043455 seconds, Stopping threads took: 0.0000194 seconds
236.984: [GC (Allocation Failure)  2267087K->29647K(2295296K), 0.0036610 secs]
236.987: Total time for which application threads were stopped: 0.0038305 seconds, Stopping threads took: 0.0000198 seconds
237.425: [GC (Allocation Failure)  2161615K->29679K(2195456K), 0.0043048 secs]
237.430: Total time for which application threads were stopped: 0.0044725 seconds, Stopping threads took: 0.0000199 seconds
237.851: [GC (Allocation Failure)  2061807K->29831K(2097664K), 0.0040720 secs]
237.855: Total time for which application threads were stopped: 0.0042513 seconds, Stopping threads took: 0.0000208 seconds
238.247: [GC (Allocation Failure)  1966727K->32967K(2011136K), 0.0044538 secs]
238.252: Total time for which application threads were stopped: 0.0046211 seconds, Stopping threads took: 0.0000200 seconds
238.632: [GC (Allocation Failure)  1879751K->32295K(1923072K), 0.0045198 secs]
238.636: Total time for which application threads were stopped: 0.0046691 seconds, Stopping threads took: 0.0000177 seconds
239.000: [GC (Allocation Failure)  1793063K->33191K(2267648K), 0.0042750 secs]
239.004: Total time for which application threads were stopped: 0.0044336 seconds, Stopping threads took: 0.0000196 seconds
239.443: [GC (Allocation Failure)  2137511K->33263K(2166272K), 0.0038407 secs]
239.447: Total time for which application threads were stopped: 0.0040020 seconds, Stopping threads took: 0.0000200 seconds
239.862: [GC (Allocation Failure)  2038767K->36495K(2076160K), 0.0039913 secs]
239.866: Total time for which application threads were stopped: 0.0041471 seconds, Stopping threads took: 0.0000201 seconds
240.267: [GC (Allocation Failure)  1948303K->35815K(1984000K), 0.0041532 secs]
240.271: Total time for which application threads were stopped: 0.0043586 seconds, Stopping threads took: 0.0000288 seconds
240.641: [GC (Allocation Failure)  1858535K->37799K(2342912K), 0.0066933 secs]
240.648: Total time for which application threads were stopped: 0.0068883 seconds, Stopping threads took: 0.0000198 seconds
241.100: [GC (Allocation Failure)  2217383K->37719K(2767360K), 0.0040806 secs]
241.104: Total time for which application threads were stopped: 0.0042502 seconds, Stopping threads took: 0.0000204 seconds
241.639: [GC (Allocation Failure)  2643287K->39159K(2838528K), 0.0046902 secs]
241.644: Total time for which application threads were stopped: 0.0048479 seconds, Stopping threads took: 0.0000270 seconds
242.183: [GC (Allocation Failure)  2712823K->39159K(2710016K), 0.0044025 secs]
242.187: Total time for which application threads were stopped: 0.0046009 seconds, Stopping threads took: 0.0000287 seconds
242.711: [GC (Allocation Failure)  2585847K->39159K(2589184K), 0.0047809 secs]
242.716: Total time for which application threads were stopped: 0.0049845 seconds, Stopping threads took: 0.0000352 seconds
243.203: [GC (Allocation Failure)  2465015K->39119K(2469888K), 0.0040597 secs]
243.207: Total time for which application threads were stopped: 0.0042394 seconds, Stopping threads took: 0.0000286 seconds
243.682: [GC (Allocation Failure)  2350287K->43569K(2365440K), 0.0047467 secs]
243.687: Total time for which application threads were stopped: 0.0049452 seconds, Stopping threads took: 0.0000199 seconds
244.130: [GC (Allocation Failure)  2245681K->43665K(2262016K), 0.0039074 secs]
244.134: Total time for which application threads were stopped: 0.0040765 seconds, Stopping threads took: 0.0000288 seconds
244.564: [GC (Allocation Failure)  2142353K->43601K(2163712K), 0.0047333 secs]
244.569: Total time for which application threads were stopped: 0.0048974 seconds, Stopping threads took: 0.0000194 seconds
244.972: [GC (Allocation Failure)  2043985K->43561K(2064384K), 0.0045794 secs]
244.976: Total time for which application threads were stopped: 0.0047340 seconds, Stopping threads took: 0.0000201 seconds
245.367: [GC (Allocation Failure)  1950249K->49067K(2442240K), 0.0048554 secs]
245.372: Total time for which application threads were stopped: 0.0050704 seconds, Stopping threads took: 0.0000195 seconds
245.844: [GC (Allocation Failure)  2327979K->50763K(2334720K), 0.0039951 secs]
245.848: Total time for which application threads were stopped: 0.0041647 seconds, Stopping threads took: 0.0000213 seconds
246.296: [GC (Allocation Failure)  2222155K->50699K(2232832K), 0.0045065 secs]
246.301: Total time for which application threads were stopped: 0.0046723 seconds, Stopping threads took: 0.0000285 seconds
246.729: [GC (Allocation Failure)  2120203K->51019K(2131456K), 0.0037500 secs]
246.733: Total time for which application threads were stopped: 0.0039458 seconds, Stopping threads took: 0.0000207 seconds
247.145: [GC (Allocation Failure)  2023755K->55790K(2044416K), 0.0042922 secs]
247.149: Total time for which application threads were stopped: 0.0044572 seconds, Stopping threads took: 0.0000279 seconds
247.539: [GC (Allocation Failure)  1936366K->55646K(1955840K), 0.0039132 secs]
247.543: Total time for which application threads were stopped: 0.0041143 seconds, Stopping threads took: 0.0000204 seconds
247.906: [GC (Allocation Failure)  1848670K->56094K(1873408K), 0.0041286 secs]
247.910: Total time for which application threads were stopped: 0.0042880 seconds, Stopping threads took: 0.0000205 seconds
248.261: [GC (Allocation Failure)  1766174K->49467K(1787904K), 0.0012501 secs]
248.262: Total time for which application threads were stopped: 0.0013728 seconds, Stopping threads took: 0.0000201 seconds
248.590: [GC (Allocation Failure)  1680699K->56094K(1719296K), 0.0040926 secs]
248.594: Total time for which application threads were stopped: 0.0042688 seconds, Stopping threads took: 0.0000202 seconds
248.919: [GC (Allocation Failure)  1612062K->56158K(1648128K), 0.0040469 secs]
248.924: Total time for which application threads were stopped: 0.0042112 seconds, Stopping threads took: 0.0000197 seconds
249.231: [GC (Allocation Failure)  1540958K->56062K(1937920K), 0.0041066 secs]
249.236: Total time for which application threads were stopped: 0.0042653 seconds, Stopping threads took: 0.0000204 seconds
249.600: [GC (Allocation Failure)  1830654K->56038K(2280960K), 0.0042055 secs]
249.604: Total time for which application threads were stopped: 0.0043853 seconds, Stopping threads took: 0.0000231 seconds
250.042: [GC (Allocation Failure)  2177254K->59686K(2699264K), 0.0049833 secs]
250.047: Total time for which application threads were stopped: 0.0051534 seconds, Stopping threads took: 0.0000266 seconds
250.567: [GC (Allocation Failure)  2595110K->59478K(2577920K), 0.0036791 secs]
250.571: Total time for which application threads were stopped: 0.0038500 seconds, Stopping threads took: 0.0000207 seconds
251.069: [GC (Allocation Failure)  2474582K->59894K(2464256K), 0.0041644 secs]
251.073: Total time for which application threads were stopped: 0.0043134 seconds, Stopping threads took: 0.0000194 seconds
251.544: [GC (Allocation Failure)  2360822K->60558K(2351616K), 0.0044015 secs]
251.549: Total time for which application threads were stopped: 0.0045864 seconds, Stopping threads took: 0.0000270 seconds
252.000: [GC (Allocation Failure)  2252942K->65014K(2253312K), 0.0042194 secs]
252.004: Total time for which application threads were stopped: 0.0044020 seconds, Stopping threads took: 0.0000197 seconds
252.435: [GC (Allocation Failure)  2154486K->65118K(2155008K), 0.0037186 secs]
252.439: Total time for which application threads were stopped: 0.0038857 seconds, Stopping threads took: 0.0000202 seconds
252.849: [GC (Allocation Failure)  2056798K->67022K(2063360K), 0.0047369 secs]
252.853: Total time for which application threads were stopped: 0.0048931 seconds, Stopping threads took: 0.0000202 seconds
253.244: [GC (Allocation Failure)  1965518K->65766K(1967104K), 0.0041588 secs]
253.248: Total time for which application threads were stopped: 0.0043407 seconds, Stopping threads took: 0.0000205 seconds
253.620: [GC (Allocation Failure)  1875686K->71816K(1889280K), 0.0041615 secs]
253.624: Total time for which application threads were stopped: 0.0043662 seconds, Stopping threads took: 0.0000207 seconds
253.981: [GC (Allocation Failure)  1797768K->71816K(2226176K), 0.0039252 secs]
253.985: Total time for which application threads were stopped: 0.0040825 seconds, Stopping threads took: 0.0000205 seconds
254.409: [GC (Allocation Failure)  2134664K->71784K(2129408K), 0.0039239 secs]
254.413: Total time for which application threads were stopped: 0.0041146 seconds, Stopping threads took: 0.0000207 seconds
254.812: [GC (Allocation Failure)  2037864K->71784K(2034176K), 0.0040625 secs]
254.816: Total time for which application threads were stopped: 0.0042573 seconds, Stopping threads took: 0.0000201 seconds
255.207: [GC (Allocation Failure)  1946216K->75304K(1950720K), 0.0039332 secs]
255.211: Total time for which application threads were stopped: 0.0041078 seconds, Stopping threads took: 0.0000279 seconds
255.582: [GC (Allocation Failure)  1862696K->75232K(2298368K), 0.0040857 secs]
255.586: Total time for which application threads were stopped: 0.0042585 seconds, Stopping threads took: 0.0000199 seconds
256.022: [GC (Allocation Failure)  2211296K->76256K(2199040K), 0.0043792 secs]
256.026: Total time for which application threads were stopped: 0.0045443 seconds, Stopping threads took: 0.0000196 seconds
256.440: [GC (Allocation Failure)  2111968K->76232K(2100224K), 0.0040960 secs]
256.444: Total time for which application threads were stopped: 0.0042628 seconds, Stopping threads took: 0.0000200 seconds
256.843: [GC (Allocation Failure)  2016712K->80264K(2013696K), 0.0041423 secs]
256.848: Total time for which application threads were stopped: 0.0043320 seconds, Stopping threads took: 0.0000191 seconds
257.232: [GC (Allocation Failure)  1930120K->79816K(2371584K), 0.0042533 secs]
257.237: Total time for which application threads were stopped: 0.0044249 seconds, Stopping threads took: 0.0000205 seconds
257.696: [GC (Allocation Failure)  2290632K->82248K(2270208K), 0.0039978 secs]
257.700: Total time for which application threads were stopped: 0.0041862 seconds, Stopping threads took: 0.0000199 seconds
258.127: [GC (Allocation Failure)  2189128K->82272K(2168320K), 0.0041117 secs]
258.132: Total time for which application threads were stopped: 0.0042832 seconds, Stopping threads took: 0.0000209 seconds
258.549: [GC (Allocation Failure)  2090336K->85952K(2078720K), 0.0041990 secs]
258.553: Total time for which application threads were stopped: 0.0043653 seconds, Stopping threads took: 0.0000200 seconds
258.948: [GC (Allocation Failure)  2000320K->85320K(1985024K), 0.0042906 secs]
258.952: Total time for which application threads were stopped: 0.0044532 seconds, Stopping threads took: 0.0000209 seconds
259.332: [GC (Allocation Failure)  1910600K->88840K(1903616K), 0.0041154 secs]
259.336: Total time for which application threads were stopped: 0.0042834 seconds, Stopping threads took: 0.0000201 seconds
259.698: [GC (Allocation Failure)  1829128K->88776K(2241024K), 0.0039727 secs]
259.703: Total time for which application threads were stopped: 0.0041329 seconds, Stopping threads took: 0.0000204 seconds
260.131: [GC (Allocation Failure)  2168520K->90728K(2145792K), 0.0042634 secs]
260.136: Total time for which application threads were stopped: 0.0044323 seconds, Stopping threads took: 0.0000204 seconds
260.544: [GC (Allocation Failure)  2073192K->90768K(2529280K), 0.0044006 secs]
260.548: Total time for which application threads were stopped: 0.0045689 seconds, Stopping threads took: 0.0000207 seconds
261.040: [GC (Allocation Failure)  2460304K->94320K(2420736K), 0.0040326 secs]
261.044: Total time for which application threads were stopped: 0.0041991 seconds, Stopping threads took: 0.0000203 seconds
261.511: [GC (Allocation Failure)  2351728K->94208K(2312192K), 0.0041017 secs]
261.516: Total time for which application threads were stopped: 0.0042733 seconds, Stopping threads took: 0.0000206 seconds
261.956: [GC (Allocation Failure)  2245120K->96256K(2213376K), 0.0043251 secs]
261.961: Total time for which application threads were stopped: 0.0044865 seconds, Stopping threads took: 0.0000206 seconds
262.384: [GC (Allocation Failure)  2146304K->96128K(2114048K), 0.0042358 secs]
262.388: Total time for which application threads were stopped: 0.0044191 seconds, Stopping threads took: 0.0000204 seconds
262.793: [GC (Allocation Failure)  2050432K->94590K(2021376K), 0.0021399 secs]
262.795: Total time for which application threads were stopped: 0.0022939 seconds, Stopping threads took: 0.0000197 seconds
263.181: [GC (Allocation Failure)  1957758K->100448K(1940992K), 0.0041270 secs]
263.186: Total time for which application threads were stopped: 0.0043364 seconds, Stopping threads took: 0.0000530 seconds
263.553: [GC (Allocation Failure)  1877088K->99712K(1857536K), 0.0042960 secs]
263.558: Total time for which application threads were stopped: 0.0044513 seconds, Stopping threads took: 0.0000198 seconds
263.912: [GC (Allocation Failure)  1793920K->99576K(1774592K), 0.0040220 secs]
263.916: Total time for which application threads were stopped: 0.0041902 seconds, Stopping threads took: 0.0000206 seconds
264.243: [GC (Allocation Failure)  1715448K->104090K(2094592K), 0.0038883 secs]
264.247: Total time for which application threads were stopped: 0.0040517 seconds, Stopping threads took: 0.0000265 seconds
264.648: [GC (Allocation Failure)  2035354K->104058K(2471936K), 0.0049492 secs]
264.653: Total time for which application threads were stopped: 0.0050995 seconds, Stopping threads took: 0.0000191 seconds
265.130: [GC (Allocation Failure)  2412666K->104026K(2739712K), 0.0041685 secs]
265.134: Total time for which application threads were stopped: 0.0043501 seconds, Stopping threads took: 0.0000194 seconds
265.670: [GC (Allocation Failure)  2678874K->104122K(2615808K), 0.0046482 secs]
265.675: Total time for which application threads were stopped: 0.0048231 seconds, Stopping threads took: 0.0000203 seconds
266.182: [GC (Allocation Failure)  2556602K->104154K(2499584K), 0.0050179 secs]
266.188: Total time for which application threads were stopped: 0.0051850 seconds, Stopping threads took: 0.0000284 seconds
266.659: [GC (Allocation Failure)  2440410K->104010K(2384896K), 0.0039968 secs]
266.663: Total time for which application threads were stopped: 0.0041643 seconds, Stopping threads took: 0.0000202 seconds
267.111: [GC (Allocation Failure)  2330186K->108492K(2284544K), 0.0047509 secs]
267.116: Total time for which application threads were stopped: 0.0049239 seconds, Stopping threads took: 0.0000201 seconds
267.551: [GC (Allocation Failure)  2229708K->108492K(2184192K), 0.0040785 secs]
267.555: Total time for which application threads were stopped: 0.0042493 seconds, Stopping threads took: 0.0000201 seconds
267.961: [GC (Allocation Failure)  2130380K->109484K(2090496K), 0.0046171 secs]
267.966: Total time for which application threads were stopped: 0.0047811 seconds, Stopping threads took: 0.0000200 seconds
268.359: [GC (Allocation Failure)  2036652K->109708K(1995776K), 0.0039774 secs]
268.363: Total time for which application threads were stopped: 0.0041751 seconds, Stopping threads took: 0.0000265 seconds
268.739: [GC (Allocation Failure)  1946764K->114223K(2358784K), 0.0046898 secs]
268.744: Total time for which application threads were stopped: 0.0048484 seconds, Stopping threads took: 0.0000196 seconds
269.195: [GC (Allocation Failure)  2309679K->114159K(2254336K), 0.0037461 secs]
269.199: Total time for which application threads were stopped: 0.0039239 seconds, Stopping threads took: 0.0000295 seconds
269.630: [GC (Allocation Failure)  2206191K->115119K(2157056K), 0.0046532 secs]
269.635: Total time for which application threads were stopped: 0.0048067 seconds, Stopping threads took: 0.0000208 seconds
270.048: [GC (Allocation Failure)  2108847K->115047K(2059264K), 0.0037908 secs]
270.052: Total time for which application threads were stopped: 0.0039772 seconds, Stopping threads took: 0.0000292 seconds
270.444: [GC (Allocation Failure)  2015591K->119529K(2434560K), 0.0044707 secs]
270.449: Total time for which application threads were stopped: 0.0046588 seconds, Stopping threads took: 0.0000194 seconds
270.918: [GC (Allocation Failure)  2390761K->119497K(2326528K), 0.0041168 secs]
270.922: Total time for which application threads were stopped: 0.0042887 seconds, Stopping threads took: 0.0000260 seconds
271.367: [GC (Allocation Failure)  2283721K->120489K(2225664K), 0.0045606 secs]
271.372: Total time for which application threads were stopped: 0.0047142 seconds, Stopping threads took: 0.0000204 seconds
271.796: [GC (Allocation Failure)  2182825K->112679K(2121216K), 0.0008187 secs]
271.797: Total time for which application threads were stopped: 0.0009472 seconds, Stopping threads took: 0.0000283 seconds
272.199: [GC (Allocation Failure)  2078247K->120425K(2039296K), 0.0045051 secs]
272.203: Total time for which application threads were stopped: 0.0046703 seconds, Stopping threads took: 0.0000264 seconds
272.587: [GC (Allocation Failure)  1994345K->115015K(1945088K), 0.0022944 secs]
272.590: Total time for which application threads were stopped: 0.0024423 seconds, Stopping threads took: 0.0000198 seconds
272.963: [GC (Allocation Failure)  1901895K->120617K(1867776K), 0.0049005 secs]
272.968: Total time for which application threads were stopped: 0.0050572 seconds, Stopping threads took: 0.0000208 seconds
273.316: [GC (Allocation Failure)  1824553K->120425K(1788416K), 0.0039019 secs]
273.320: Total time for which application threads were stopped: 0.0040693 seconds, Stopping threads took: 0.0000213 seconds
273.659: [GC (Allocation Failure)  1745513K->120553K(2105856K), 0.0049477 secs]
273.664: Total time for which application threads were stopped: 0.0051095 seconds, Stopping threads took: 0.0000209 seconds
274.065: [GC (Allocation Failure)  2062569K->120393K(2481152K), 0.0041403 secs]
274.069: Total time for which application threads were stopped: 0.0043338 seconds, Stopping threads took: 0.0000210 seconds
274.552: [GC (Allocation Failure)  2441289K->123369K(2825216K), 0.0048198 secs]
274.557: Total time for which application threads were stopped: 0.0049786 seconds, Stopping threads took: 0.0000201 seconds
275.107: [GC (Allocation Failure)  2782697K->125577K(2698752K), 0.0047068 secs]
275.111: Total time for which application threads were stopped: 0.0048764 seconds, Stopping threads took: 0.0000198 seconds
275.642: [GC (Allocation Failure)  2658441K->123337K(2576384K), 0.0058857 secs]
275.648: Total time for which application threads were stopped: 0.0060870 seconds, Stopping threads took: 0.0000271 seconds
276.130: [GC (Allocation Failure)  2536393K->123337K(2459136K), 0.0044730 secs]
276.135: Total time for which application threads were stopped: 0.0046325 seconds, Stopping threads took: 0.0000203 seconds
276.608: [GC (Allocation Failure)  2422217K->119495K(2347008K), 0.0013389 secs]
276.609: Total time for which application threads were stopped: 0.0014603 seconds, Stopping threads took: 0.0000196 seconds
277.062: [GC (Allocation Failure)  2309831K->126377K(2250752K), 0.0043894 secs]
277.066: Total time for which application threads were stopped: 0.0045793 seconds, Stopping threads took: 0.0000195 seconds
277.497: [GC (Allocation Failure)  2213801K->127465K(2154496K), 0.0047491 secs]
277.502: Total time for which application threads were stopped: 0.0049219 seconds, Stopping threads took: 0.0000205 seconds
277.916: [GC (Allocation Failure)  2117089K->122407K(2056192K), 0.0026021 secs]
277.918: Total time for which application threads were stopped: 0.0027709 seconds, Stopping threads took: 0.0000206 seconds
278.312: [GC (Allocation Failure)  2018855K->128745K(1973760K), 0.0047773 secs]
278.317: Total time for which application threads were stopped: 0.0049404 seconds, Stopping threads took: 0.0000269 seconds
278.692: [GC (Allocation Failure)  1936617K->126345K(1887232K), 0.0037257 secs]
278.696: Total time for which application threads were stopped: 0.0039080 seconds, Stopping threads took: 0.0000284 seconds
279.056: [GC (Allocation Failure)  1850249K->126345K(1807360K), 0.0048727 secs]
279.061: Total time for which application threads were stopped: 0.0050408 seconds, Stopping threads took: 0.0000208 seconds
279.398: [GC (Allocation Failure)  1770377K->126505K(2128896K), 0.0041581 secs]
279.402: Total time for which application threads were stopped: 0.0043292 seconds, Stopping threads took: 0.0000210 seconds
279.807: [GC (Allocation Failure)  2091561K->126921K(2512384K), 0.0042537 secs]
279.811: Total time for which application threads were stopped: 0.0044478 seconds, Stopping threads took: 0.0000207 seconds
280.290: [GC (Allocation Failure)  2475465K->126345K(2400256K), 0.0039551 secs]
280.294: Total time for which application threads were stopped: 0.0041164 seconds, Stopping threads took: 0.0000206 seconds
280.755: [GC (Allocation Failure)  2363785K->126761K(2295296K), 0.0041245 secs]
280.759: Total time for which application threads were stopped: 0.0042872 seconds, Stopping threads took: 0.0000196 seconds
281.186: [GC (Allocation Failure)  2258729K->127217K(2195456K), 0.0037593 secs]
281.190: Total time for which application threads were stopped: 0.0039297 seconds, Stopping threads took: 0.0000275 seconds
281.607: [GC (Allocation Failure)  2159345K->128529K(2101760K), 0.0044324 secs]
281.612: Total time for which application threads were stopped: 0.0046018 seconds, Stopping threads took: 0.0000199 seconds
282.020: [GC (Allocation Failure)  2065425K->130465K(2476032K), 0.0052672 secs]
282.025: Total time for which application threads were stopped: 0.0054635 seconds, Stopping threads took: 0.0000203 seconds
282.498: [GC (Allocation Failure)  2445217K->132449K(2369024K), 0.0044558 secs]
282.502: Total time for which application threads were stopped: 0.0046256 seconds, Stopping threads took: 0.0000198 seconds
282.957: [GC (Allocation Failure)  2338145K->132417K(2265088K), 0.0039929 secs]
282.961: Total time for which application threads were stopped: 0.0041809 seconds, Stopping threads took: 0.0000206 seconds
283.392: [GC (Allocation Failure)  2234177K->132609K(2166784K), 0.0042856 secs]
283.397: Total time for which application threads were stopped: 0.0044597 seconds, Stopping threads took: 0.0000209 seconds
283.809: [GC (Allocation Failure)  2135553K->132457K(2071552K), 0.0042103 secs]
283.814: Total time for which application threads were stopped: 0.0043787 seconds, Stopping threads took: 0.0000196 seconds
284.199: [GC (Allocation Failure)  2041705K->134377K(1984512K), 0.0041772 secs]
284.203: Total time for which application threads were stopped: 0.0043412 seconds, Stopping threads took: 0.0000263 seconds
284.577: [GC (Allocation Failure)  1954537K->133345K(1897472K), 0.0041746 secs]
284.581: Total time for which application threads were stopped: 0.0043378 seconds, Stopping threads took: 0.0000210 seconds
284.941: [GC (Allocation Failure)  1869025K->134817K(2237440K), 0.0040447 secs]
284.946: Total time for which application threads were stopped: 0.0042074 seconds, Stopping threads took: 0.0000198 seconds
285.375: [GC (Allocation Failure)  2208929K->134785K(2140160K), 0.0039588 secs]
285.379: Total time for which application threads were stopped: 0.0041211 seconds, Stopping threads took: 0.0000200 seconds
285.786: [GC (Allocation Failure)  2111617K->134881K(2048000K), 0.0042114 secs]
285.790: Total time for which application threads were stopped: 0.0043994 seconds, Stopping threads took: 0.0000284 seconds
286.180: [GC (Allocation Failure)  2019553K->134761K(1957888K), 0.0040974 secs]
286.184: Total time for which application threads were stopped: 0.0042601 seconds, Stopping threads took: 0.0000274 seconds
286.554: [GC (Allocation Failure)  1931881K->137225K(2310656K), 0.0041855 secs]
286.558: Total time for which application threads were stopped: 0.0043532 seconds, Stopping threads took: 0.0000203 seconds
286.989: [GC (Allocation Failure)  2284553K->137329K(2208768K), 0.0040499 secs]
286.993: Total time for which application threads were stopped: 0.0042202 seconds, Stopping threads took: 0.0000204 seconds
287.414: [GC (Allocation Failure)  2183793K->130799K(2106880K), 0.0012019 secs]
287.415: Total time for which application threads were stopped: 0.0013249 seconds, Stopping threads took: 0.0000202 seconds
287.808: [GC (Allocation Failure)  2081519K->138257K(2022912K), 0.0039664 secs]
287.812: Total time for which application threads were stopped: 0.0041295 seconds, Stopping threads took: 0.0000195 seconds
288.195: [GC (Allocation Failure)  1997841K->138609K(1936896K), 0.0042227 secs]
288.199: Total time for which application threads were stopped: 0.0043861 seconds, Stopping threads took: 0.0000268 seconds
288.565: [GC (Allocation Failure)  1911665K->138217K(1851904K), 0.0040904 secs]
288.569: Total time for which application threads were stopped: 0.0042521 seconds, Stopping threads took: 0.0000211 seconds
288.912: [GC (Allocation Failure)  1828841K->140169K(2184192K), 0.0047135 secs]
288.917: Total time for which application threads were stopped: 0.0048751 seconds, Stopping threads took: 0.0000198 seconds
289.323: [GC (Allocation Failure)  2161033K->140129K(2577920K), 0.0039254 secs]
289.327: Total time for which application threads were stopped: 0.0040849 seconds, Stopping threads took: 0.0000200 seconds
289.826: [GC (Allocation Failure)  2555233K->140577K(2464256K), 0.0041236 secs]
289.830: Total time for which application threads were stopped: 0.0042778 seconds, Stopping threads took: 0.0000190 seconds
290.292: [GC (Allocation Failure)  2441505K->140505K(2353664K), 0.0040962 secs]
290.296: Total time for which application threads were stopped: 0.0042700 seconds, Stopping threads took: 0.0000208 seconds
290.751: [GC (Allocation Failure)  2332889K->142457K(2252800K), 0.0039984 secs]
290.755: Total time for which application threads were stopped: 0.0041718 seconds, Stopping threads took: 0.0000282 seconds
291.186: [GC (Allocation Failure)  2231929K->143817K(2153472K), 0.0042212 secs]
291.191: Total time for which application threads were stopped: 0.0043985 seconds, Stopping threads took: 0.0000288 seconds
291.596: [GC (Allocation Failure)  2135497K->145289K(2061824K), 0.0041269 secs]
291.600: Total time for which application threads were stopped: 0.0042900 seconds, Stopping threads took: 0.0000197 seconds
291.995: [GC (Allocation Failure)  2043785K->145225K(1972224K), 0.0037478 secs]
291.999: Total time for which application threads were stopped: 0.0039093 seconds, Stopping threads took: 0.0000203 seconds
292.373: [GC (Allocation Failure)  1955145K->146217K(1889280K), 0.0044534 secs]
292.378: Total time for which application threads were stopped: 0.0046213 seconds, Stopping threads took: 0.0000198 seconds
292.737: [GC (Allocation Failure)  1872169K->146121K(2223616K), 0.0040486 secs]
292.741: Total time for which application threads were stopped: 0.0042104 seconds, Stopping threads took: 0.0000202 seconds
293.167: [GC (Allocation Failure)  2208969K->148681K(2129408K), 0.0039557 secs]
293.171: Total time for which application threads were stopped: 0.0041228 seconds, Stopping threads took: 0.0000206 seconds
293.577: [GC (Allocation Failure)  2114761K->148809K(2035712K), 0.0043080 secs]
293.582: Total time for which application threads were stopped: 0.0044787 seconds, Stopping threads took: 0.0000209 seconds
293.971: [GC (Allocation Failure)  2023241K->150793K(1950720K), 0.0040210 secs]
293.975: Total time for which application threads were stopped: 0.0042210 seconds, Stopping threads took: 0.0000203 seconds
294.348: [GC (Allocation Failure)  1938185K->150729K(2296832K), 0.0040973 secs]
294.352: Total time for which application threads were stopped: 0.0042707 seconds, Stopping threads took: 0.0000213 seconds
294.789: [GC (Allocation Failure)  2286793K->153673K(2199552K), 0.0043851 secs]
294.794: Total time for which application threads were stopped: 0.0045514 seconds, Stopping threads took: 0.0000278 seconds
295.211: [GC (Allocation Failure)  2189385K->155271K(2594304K), 0.0056166 secs]
295.216: [Full GC (Ergonomics)  155271K->10609K(2590720K), 0.0191711 secs]
295.236: Total time for which application threads were stopped: 0.0250743 seconds, Stopping threads took: 0.0000274 seconds
295.740: [GC (Allocation Failure)  2444145K->24939K(2710016K), 0.0066070 secs]
295.747: Total time for which application threads were stopped: 0.0067804 seconds, Stopping threads took: 0.0000288 seconds
296.273: [GC (Allocation Failure)  2573163K->27635K(2880000K), 0.0059098 secs]
296.279: Total time for which application threads were stopped: 0.0060883 seconds, Stopping threads took: 0.0000204 seconds
296.870: [GC (Allocation Failure)  2743795K->20657K(2740224K), 0.0012702 secs]
296.871: Total time for which application threads were stopped: 0.0014042 seconds, Stopping threads took: 0.0000167 seconds
297.406: [GC (Allocation Failure)  2607793K->27667K(2624000K), 0.0044848 secs]
297.411: Total time for which application threads were stopped: 0.0046424 seconds, Stopping threads took: 0.0000208 seconds
297.920: [GC (Allocation Failure)  2491923K->27667K(2507264K), 0.0042071 secs]
297.925: Total time for which application threads were stopped: 0.0043806 seconds, Stopping threads took: 0.0000209 seconds
298.411: [GC (Allocation Failure)  2375187K->27635K(2396672K), 0.0043406 secs]
298.415: Total time for which application threads were stopped: 0.0045113 seconds, Stopping threads took: 0.0000216 seconds
298.878: [GC (Allocation Failure)  2264563K->22417K(2286080K), 0.0023100 secs]
298.880: Total time for which application threads were stopped: 0.0024566 seconds, Stopping threads took: 0.0000206 seconds
299.318: [GC (Allocation Failure)  2153873K->27635K(2191360K), 0.0041136 secs]
299.322: Total time for which application threads were stopped: 0.0042881 seconds, Stopping threads took: 0.0000209 seconds
299.743: [GC (Allocation Failure)  2059251K->27763K(2096640K), 0.0038616 secs]
299.747: Total time for which application threads were stopped: 0.0040291 seconds, Stopping threads took: 0.0000269 seconds
300.148: [GC (Allocation Failure)  1964147K->27667K(2006016K), 0.0038909 secs]
300.152: Total time for which application threads were stopped: 0.0040612 seconds, Stopping threads took: 0.0000204 seconds
300.532: [GC (Allocation Failure)  1873939K->27667K(1920000K), 0.0042353 secs]
300.537: Total time for which application threads were stopped: 0.0044129 seconds, Stopping threads took: 0.0000272 seconds
