Java HotSpot(TM) 64-Bit Server VM (25.171-b11) for linux-amd64 JRE (1.8.0_171-b11), built on Mar 28 2018 17:07:08 by "java_re" with gcc 4.3.0 20080428 (Red Hat 4.3.0-8)
Memory: 4k page, physical 32883000k(29591480k free), swap 8000508k(8000508k free)
CommandLine flags: -XX:InitialHeapSize=526128000 -XX:MaxHeapSize=8418048000 -XX:+PrintGC -XX:+PrintGCApplicationStoppedTime -XX:+PrintGCTimeStamps -XX:+UseCompressedClassPointers -XX:+UseCompressedOops -XX:+UseParallelGC 
0.223: [GC (Allocation Failure)  129024K->10292K(493056K), 0.0061171 secs]
0.230: Total time for which application threads were stopped: 0.0063076 seconds, Stopping threads took: 0.0000146 seconds
0.258: [GC (Allocation Failure)  139316K->8650K(622080K), 0.0040410 secs]
0.262: Total time for which application threads were stopped: 0.0041952 seconds, Stopping threads took: 0.0000202 seconds
0.347: [GC (Allocation Failure)  266698K->3152K(622080K), 0.0022383 secs]
0.349: Total time for which application threads were stopped: 0.0024199 seconds, Stopping threads took: 0.0000345 seconds
0.404: [GC (Allocation Failure)  261200K->8633K(880128K), 0.0034726 secs]
0.408: Total time for which application threads were stopped: 0.0036241 seconds, Stopping threads took: 0.0000168 seconds
0.564: [GC (Allocation Failure)  524729K->8626K(880128K), 0.0051357 secs]
0.569: Total time for which application threads were stopped: 0.0052948 seconds, Stopping threads took: 0.0000182 seconds
0.678: [GC (Allocation Failure)  524722K->8674K(1386496K), 0.0044835 secs]
0.683: Total time for which application threads were stopped: 0.0046656 seconds, Stopping threads took: 0.0000218 seconds
1.009: [GC (Allocation Failure)  1040866K->8624K(1387008K), 0.0054675 secs]
1.015: Total time for which application threads were stopped: 0.0056322 seconds, Stopping threads took: 0.0000267 seconds
1.233: [GC (Allocation Failure)  1040816K->813K(2417152K), 0.0015059 secs]
1.234: Total time for which application threads were stopped: 0.0016419 seconds, Stopping threads took: 0.0000257 seconds
1.868: [GC (Allocation Failure)  2063661K->8592K(2418688K), 0.0052502 secs]
1.873: Total time for which application threads were stopped: 0.0054037 seconds, Stopping threads took: 0.0000201 seconds
2.302: [GC (Allocation Failure)  2071440K->8656K(3070464K), 0.0045393 secs]
2.306: Total time for which application threads were stopped: 0.0046956 seconds, Stopping threads took: 0.0000200 seconds
2.998: [GC (Allocation Failure)  2724304K->8592K(3070976K), 0.0046703 secs]
3.003: Total time for which application threads were stopped: 0.0048509 seconds, Stopping threads took: 0.0000261 seconds
3.562: [GC (Allocation Failure)  2724240K->8848K(3070464K), 0.0034982 secs]
3.565: Total time for which application threads were stopped: 0.0036647 seconds, Stopping threads took: 0.0000205 seconds
4.053: Total time for which application threads were stopped: 0.0001307 seconds, Stopping threads took: 0.0000596 seconds
4.131: [GC (Allocation Failure)  2725008K->8592K(3070976K), 0.0036737 secs]
4.135: Total time for which application threads were stopped: 0.0038477 seconds, Stopping threads took: 0.0000201 seconds
4.694: [GC (Allocation Failure)  2724752K->8592K(3072000K), 0.0037395 secs]
4.698: Total time for which application threads were stopped: 0.0039036 seconds, Stopping threads took: 0.0000200 seconds
5.256: [GC (Allocation Failure)  2725776K->8976K(2939392K), 0.0039938 secs]
5.260: Total time for which application threads were stopped: 0.0041429 seconds, Stopping threads took: 0.0000190 seconds
5.796: [GC (Allocation Failure)  2596624K->8552K(2811392K), 0.0047714 secs]
5.801: Total time for which application threads were stopped: 0.0049420 seconds, Stopping threads took: 0.0000202 seconds
6.314: [GC (Allocation Failure)  2473320K->13002K(2699264K), 0.0035846 secs]
6.317: Total time for which application threads were stopped: 0.0037520 seconds, Stopping threads took: 0.0000281 seconds
6.805: [GC (Allocation Failure)  2361034K->13066K(2588160K), 0.0042045 secs]
6.809: Total time for which application threads were stopped: 0.0043583 seconds, Stopping threads took: 0.0000201 seconds
7.273: [GC (Allocation Failure)  2249994K->13034K(2482688K), 0.0038396 secs]
7.277: Total time for which application threads were stopped: 0.0039950 seconds, Stopping threads took: 0.0000204 seconds
7.720: [GC (Allocation Failure)  2144490K->13002K(2379776K), 0.0040151 secs]
7.724: Total time for which application threads were stopped: 0.0041801 seconds, Stopping threads took: 0.0000201 seconds
8.150: [GC (Allocation Failure)  2044106K->15466K(2287104K), 0.0046407 secs]
8.154: Total time for which application threads were stopped: 0.0048063 seconds, Stopping threads took: 0.0000283 seconds
8.559: [GC (Allocation Failure)  1951338K->15434K(2196480K), 0.0036641 secs]
8.563: Total time for which application threads were stopped: 0.0038551 seconds, Stopping threads took: 0.0000203 seconds
8.938: [GC (Allocation Failure)  1860682K->15498K(2110464K), 0.0040802 secs]
8.942: Total time for which application threads were stopped: 0.0042418 seconds, Stopping threads took: 0.0000272 seconds
9.298: [GC (Allocation Failure)  1774730K->16858K(2024960K), 0.0044415 secs]
9.303: Total time for which application threads were stopped: 0.0046039 seconds, Stopping threads took: 0.0000199 seconds
9.646: [GC (Allocation Failure)  1694170K->20378K(2531840K), 0.0040902 secs]
9.650: Total time for which application threads were stopped: 0.0042444 seconds, Stopping threads took: 0.0000186 seconds
10.089: [GC (Allocation Failure)  2200986K->22026K(2429952K), 0.0041950 secs]
10.094: Total time for which application threads were stopped: 0.0043600 seconds, Stopping threads took: 0.0000205 seconds
10.525: [GC (Allocation Failure)  2099722K->20906K(2331136K), 0.0040523 secs]
10.529: Total time for which application threads were stopped: 0.0042174 seconds, Stopping threads took: 0.0000192 seconds
10.938: [GC (Allocation Failure)  2000810K->20874K(2234880K), 0.0041348 secs]
10.942: Total time for which application threads were stopped: 0.0043101 seconds, Stopping threads took: 0.0000287 seconds
11.338: [GC (Allocation Failure)  1908106K->24394K(2150400K), 0.0039224 secs]
11.342: Total time for which application threads were stopped: 0.0040842 seconds, Stopping threads took: 0.0000257 seconds
11.715: [GC (Allocation Failure)  1823562K->26154K(2066944K), 0.0041176 secs]
11.720: Total time for which application threads were stopped: 0.0043069 seconds, Stopping threads took: 0.0000358 seconds
12.078: [GC (Allocation Failure)  1741866K->26090K(1987584K), 0.0039774 secs]
12.082: Total time for which application threads were stopped: 0.0041403 seconds, Stopping threads took: 0.0000263 seconds
12.425: [GC (Allocation Failure)  1662442K->28586K(2476032K), 0.0049028 secs]
12.430: Total time for which application threads were stopped: 0.0050621 seconds, Stopping threads took: 0.0000205 seconds
12.875: [GC (Allocation Failure)  2155946K->31018K(3010048K), 0.0036100 secs]
12.879: Total time for which application threads were stopped: 0.0037808 seconds, Stopping threads took: 0.0000283 seconds
13.415: [GC (Allocation Failure)  2686762K->32554K(2882048K), 0.0040108 secs]
13.419: Total time for which application threads were stopped: 0.0041752 seconds, Stopping threads took: 0.0000284 seconds
13.945: [GC (Allocation Failure)  2561834K->31050K(2760192K), 0.0040701 secs]
13.950: Total time for which application threads were stopped: 0.0042353 seconds, Stopping threads took: 0.0000287 seconds
14.451: [GC (Allocation Failure)  2440010K->31018K(2642944K), 0.0042826 secs]
14.455: Total time for which application threads were stopped: 0.0044501 seconds, Stopping threads took: 0.0000200 seconds
14.927: [GC (Allocation Failure)  2325802K->35018K(2538496K), 0.0039653 secs]
14.931: Total time for which application threads were stopped: 0.0041292 seconds, Stopping threads took: 0.0000268 seconds
15.385: [GC (Allocation Failure)  2221258K->33962K(2434048K), 0.0038515 secs]
15.389: Total time for which application threads were stopped: 0.0040134 seconds, Stopping threads took: 0.0000200 seconds
15.826: [GC (Allocation Failure)  2117290K->34506K(2337280K), 0.0039642 secs]
15.830: Total time for which application threads were stopped: 0.0041536 seconds, Stopping threads took: 0.0000281 seconds
16.240: [GC (Allocation Failure)  2020042K->34602K(2241024K), 0.0064069 secs]
16.246: Total time for which application threads were stopped: 0.0065956 seconds, Stopping threads took: 0.0000262 seconds
16.640: [GC (Allocation Failure)  1926954K->37546K(2155520K), 0.0040234 secs]
16.644: Total time for which application threads were stopped: 0.0042126 seconds, Stopping threads took: 0.0000198 seconds
17.021: [GC (Allocation Failure)  1841322K->37066K(2550784K), 0.0040820 secs]
17.025: Total time for which application threads were stopped: 0.0042569 seconds, Stopping threads took: 0.0000263 seconds
17.484: [GC (Allocation Failure)  2238154K->38474K(2448384K), 0.0040086 secs]
17.488: Total time for which application threads were stopped: 0.0041802 seconds, Stopping threads took: 0.0000282 seconds
17.921: [GC (Allocation Failure)  2135626K->38474K(2348032K), 0.0040814 secs]
17.925: Total time for which application threads were stopped: 0.0042465 seconds, Stopping threads took: 0.0000266 seconds
18.341: [GC (Allocation Failure)  2037322K->40522K(2256384K), 0.0039841 secs]
18.345: Total time for which application threads were stopped: 0.0041493 seconds, Stopping threads took: 0.0000278 seconds
18.741: [GC (Allocation Failure)  1945674K->40426K(2165760K), 0.0038882 secs]
18.745: Total time for which application threads were stopped: 0.0040484 seconds, Stopping threads took: 0.0000211 seconds
19.116: [GC (Allocation Failure)  1856490K->41866K(2082816K), 0.0040143 secs]
19.120: Total time for which application threads were stopped: 0.0041722 seconds, Stopping threads took: 0.0000195 seconds
19.480: [GC (Allocation Failure)  1773450K->42538K(1999360K), 0.0043338 secs]
19.484: Total time for which application threads were stopped: 0.0045152 seconds, Stopping threads took: 0.0000197 seconds
19.826: [GC (Allocation Failure)  1693738K->45514K(2349568K), 0.0044858 secs]
19.831: Total time for which application threads were stopped: 0.0046557 seconds, Stopping threads took: 0.0000253 seconds
20.242: [GC (Allocation Failure)  2043850K->45482K(2767872K), 0.0040556 secs]
20.246: Total time for which application threads were stopped: 0.0042476 seconds, Stopping threads took: 0.0000188 seconds
20.742: [GC (Allocation Failure)  2463658K->46954K(2654720K), 0.0040564 secs]
20.746: Total time for which application threads were stopped: 0.0042491 seconds, Stopping threads took: 0.0000201 seconds
21.226: [GC (Allocation Failure)  2350442K->46890K(2542592K), 0.0039235 secs]
21.230: Total time for which application threads were stopped: 0.0041282 seconds, Stopping threads took: 0.0000283 seconds
21.679: [GC (Allocation Failure)  2241322K->51762K(2443776K), 0.0040398 secs]
21.683: Total time for which application threads were stopped: 0.0041959 seconds, Stopping threads took: 0.0000193 seconds
22.117: [GC (Allocation Failure)  2142770K->50090K(2340864K), 0.0042741 secs]
22.122: Total time for which application threads were stopped: 0.0044420 seconds, Stopping threads took: 0.0000202 seconds
22.528: [GC (Allocation Failure)  2042794K->53066K(2250752K), 0.0040283 secs]
22.532: Total time for which application threads were stopped: 0.0041880 seconds, Stopping threads took: 0.0000198 seconds
22.927: [GC (Allocation Failure)  1952586K->53034K(2160640K), 0.0038998 secs]
22.931: Total time for which application threads were stopped: 0.0041372 seconds, Stopping threads took: 0.0000262 seconds
23.307: [GC (Allocation Failure)  1863978K->54506K(2077696K), 0.0039887 secs]
23.311: Total time for which application threads were stopped: 0.0041541 seconds, Stopping threads took: 0.0000197 seconds
23.668: [GC (Allocation Failure)  1780970K->54442K(1994752K), 0.0039717 secs]
23.672: Total time for which application threads were stopped: 0.0041415 seconds, Stopping threads took: 0.0000204 seconds
24.013: [GC (Allocation Failure)  1701034K->57418K(1921536K), 0.0037997 secs]
24.017: Total time for which application threads were stopped: 0.0039655 seconds, Stopping threads took: 0.0000198 seconds
24.343: [GC (Allocation Failure)  1627722K->57386K(2234368K), 0.0038904 secs]
24.347: Total time for which application threads were stopped: 0.0040508 seconds, Stopping threads took: 0.0000212 seconds
24.736: [GC (Allocation Failure)  1942058K->58826K(2147840K), 0.0039116 secs]
24.740: Total time for which application threads were stopped: 0.0040813 seconds, Stopping threads took: 0.0000212 seconds
25.101: [GC (Allocation Failure)  1855434K->60938K(2504192K), 0.0049942 secs]
25.106: Total time for which application threads were stopped: 0.0051627 seconds, Stopping threads took: 0.0000198 seconds
25.549: [GC (Allocation Failure)  2216970K->63954K(2931712K), 0.0037674 secs]
25.552: Total time for which application threads were stopped: 0.0039385 seconds, Stopping threads took: 0.0000253 seconds
26.092: [GC (Allocation Failure)  2642386K->64530K(2807808K), 0.0045215 secs]
26.097: Total time for which application threads were stopped: 0.0046970 seconds, Stopping threads took: 0.0000204 seconds
26.610: [GC (Allocation Failure)  2520594K->63954K(2691072K), 0.0041799 secs]
26.614: Total time for which application threads were stopped: 0.0043373 seconds, Stopping threads took: 0.0000207 seconds
27.102: [GC (Allocation Failure)  2403794K->63914K(2575360K), 0.0044527 secs]
27.107: Total time for which application threads were stopped: 0.0046205 seconds, Stopping threads took: 0.0000201 seconds
27.563: [GC (Allocation Failure)  2293162K->68908K(2475520K), 0.0039412 secs]
27.567: Total time for which application threads were stopped: 0.0041053 seconds, Stopping threads took: 0.0000199 seconds
28.008: [GC (Allocation Failure)  2193196K->69068K(2376192K), 0.0038604 secs]
28.012: Total time for which application threads were stopped: 0.0040615 seconds, Stopping threads took: 0.0000295 seconds
28.434: [GC (Allocation Failure)  2093516K->71188K(2282496K), 0.0047587 secs]
28.439: Total time for which application threads were stopped: 0.0049538 seconds, Stopping threads took: 0.0000242 seconds
28.838: [GC (Allocation Failure)  2000916K->62738K(2184192K), 0.0010192 secs]
28.839: Total time for which application threads were stopped: 0.0011418 seconds, Stopping threads took: 0.0000199 seconds
29.210: [GC (Allocation Failure)  1902354K->69652K(2105344K), 0.0039551 secs]
29.214: Total time for which application threads were stopped: 0.0041133 seconds, Stopping threads took: 0.0000191 seconds
29.578: [GC (Allocation Failure)  1823764K->69588K(2023936K), 0.0039604 secs]
29.582: Total time for which application threads were stopped: 0.0041187 seconds, Stopping threads took: 0.0000199 seconds
29.930: [GC (Allocation Failure)  1742292K->71380K(1948672K), 0.0044499 secs]
29.935: Total time for which application threads were stopped: 0.0046349 seconds, Stopping threads took: 0.0000199 seconds
30.261: [GC (Allocation Failure)  1666772K->69516K(2261504K), 0.0043277 secs]
30.265: Total time for which application threads were stopped: 0.0044964 seconds, Stopping threads took: 0.0000199 seconds
30.664: [GC (Allocation Failure)  1984396K->73998K(2176512K), 0.0040353 secs]
30.668: Total time for which application threads were stopped: 0.0041910 seconds, Stopping threads took: 0.0000199 seconds
31.052: [GC (Allocation Failure)  1899278K->71820K(2089472K), 0.0030321 secs]
31.055: Total time for which application threads were stopped: 0.0031940 seconds, Stopping threads took: 0.0000262 seconds
31.414: [GC (Allocation Failure)  1812108K->74062K(2010624K), 0.0039097 secs]
31.418: Total time for which application threads were stopped: 0.0040749 seconds, Stopping threads took: 0.0000268 seconds
31.762: [GC (Allocation Failure)  1733454K->73966K(1933312K), 0.0038804 secs]
31.766: Total time for which application threads were stopped: 0.0040596 seconds, Stopping threads took: 0.0000210 seconds
32.088: [GC (Allocation Failure)  1656558K->74414K(2250752K), 0.0041959 secs]
32.092: Total time for which application threads were stopped: 0.0043943 seconds, Stopping threads took: 0.0000537 seconds
32.490: [GC (Allocation Failure)  1973934K->74342K(2628608K), 0.0041008 secs]
32.494: Total time for which application threads were stopped: 0.0042703 seconds, Stopping threads took: 0.0000209 seconds
32.969: [GC (Allocation Failure)  2353766K->82724K(2887680K), 0.0074346 secs]
32.976: Total time for which application threads were stopped: 0.0075985 seconds, Stopping threads took: 0.0000253 seconds
33.493: [GC (Allocation Failure)  2617124K->80582K(3071488K), 0.0042997 secs]
33.497: Total time for which application threads were stopped: 0.0044670 seconds, Stopping threads took: 0.0000195 seconds
34.097: [GC (Allocation Failure)  2796742K->80806K(2938368K), 0.0048392 secs]
34.102: Total time for which application threads were stopped: 0.0050068 seconds, Stopping threads took: 0.0000250 seconds
34.637: [GC (Allocation Failure)  2667430K->80526K(2810880K), 0.0047651 secs]
34.642: Total time for which application threads were stopped: 0.0049592 seconds, Stopping threads took: 0.0000207 seconds
35.152: [GC (Allocation Failure)  2544270K->84558K(2698240K), 0.0041775 secs]
35.156: Total time for which application threads were stopped: 0.0043408 seconds, Stopping threads took: 0.0000189 seconds
35.637: [GC (Allocation Failure)  2431566K->84558K(2587136K), 0.0040847 secs]
35.641: Total time for which application threads were stopped: 0.0042574 seconds, Stopping threads took: 0.0000274 seconds
36.105: [GC (Allocation Failure)  2320462K->85294K(2482688K), 0.0043815 secs]
36.109: Total time for which application threads were stopped: 0.0045372 seconds, Stopping threads took: 0.0000207 seconds
36.557: [GC (Allocation Failure)  2215726K->84494K(2378752K), 0.0040798 secs]
36.561: Total time for which application threads were stopped: 0.0042440 seconds, Stopping threads took: 0.0000265 seconds
36.978: [GC (Allocation Failure)  2114574K->86990K(2286080K), 0.0047073 secs]
36.983: Total time for which application threads were stopped: 0.0048797 seconds, Stopping threads took: 0.0000281 seconds
37.386: [GC (Allocation Failure)  2021838K->86958K(2195456K), 0.0036493 secs]
37.390: Total time for which application threads were stopped: 0.0038194 seconds, Stopping threads took: 0.0000290 seconds
37.769: [GC (Allocation Failure)  1931182K->86958K(2109440K), 0.0044122 secs]
37.773: Total time for which application threads were stopped: 0.0045793 seconds, Stopping threads took: 0.0000196 seconds
38.139: [GC (Allocation Failure)  1845166K->86926K(2025472K), 0.0042570 secs]
38.144: Total time for which application threads were stopped: 0.0044237 seconds, Stopping threads took: 0.0000208 seconds
38.493: [GC (Allocation Failure)  1763726K->89422K(2363392K), 0.0043578 secs]
38.497: Total time for which application threads were stopped: 0.0045328 seconds, Stopping threads took: 0.0000277 seconds
38.910: [GC (Allocation Failure)  2101582K->89486K(2268160K), 0.0039253 secs]
38.914: Total time for which application threads were stopped: 0.0041118 seconds, Stopping threads took: 0.0000205 seconds
39.305: [GC (Allocation Failure)  2007438K->90414K(2179584K), 0.0039834 secs]
39.309: Total time for which application threads were stopped: 0.0041434 seconds, Stopping threads took: 0.0000190 seconds
39.682: [GC (Allocation Failure)  1918766K->90382K(2543104K), 0.0042050 secs]
39.686: Total time for which application threads were stopped: 0.0043734 seconds, Stopping threads took: 0.0000203 seconds
40.144: [GC (Allocation Failure)  2284814K->92878K(2442240K), 0.0038788 secs]
40.148: Total time for which application threads were stopped: 0.0040341 seconds, Stopping threads took: 0.0000193 seconds
40.584: [GC (Allocation Failure)  2183886K->92814K(2341888K), 0.0041689 secs]
40.588: Total time for which application threads were stopped: 0.0043313 seconds, Stopping threads took: 0.0000199 seconds
41.001: [GC (Allocation Failure)  2085518K->94798K(2250752K), 0.0036970 secs]
41.005: Total time for which application threads were stopped: 0.0038875 seconds, Stopping threads took: 0.0000194 seconds
41.404: [GC (Allocation Failure)  1994318K->94742K(2159616K), 0.0041065 secs]
41.409: Total time for which application threads were stopped: 0.0043046 seconds, Stopping threads took: 0.0000279 seconds
41.786: [GC (Allocation Failure)  1905686K->97206K(2077696K), 0.0041827 secs]
41.790: Total time for which application threads were stopped: 0.0043658 seconds, Stopping threads took: 0.0000303 seconds
42.150: [GC (Allocation Failure)  1823670K->97766K(2420224K), 0.0044442 secs]
42.155: Total time for which application threads were stopped: 0.0046139 seconds, Stopping threads took: 0.0000199 seconds
42.581: [GC (Allocation Failure)  2169830K->100742K(2326016K), 0.0041917 secs]
42.586: Total time for which application threads were stopped: 0.0043543 seconds, Stopping threads took: 0.0000194 seconds
42.995: [GC (Allocation Failure)  2075526K->100718K(2230784K), 0.0041290 secs]
42.999: Total time for which application threads were stopped: 0.0043361 seconds, Stopping threads took: 0.0000501 seconds
43.391: [GC (Allocation Failure)  1982830K->103214K(2145280K), 0.0040977 secs]
43.395: Total time for which application threads were stopped: 0.0042536 seconds, Stopping threads took: 0.0000251 seconds
43.768: [GC (Allocation Failure)  1897262K->103342K(2501120K), 0.0043854 secs]
43.773: Total time for which application threads were stopped: 0.0045580 seconds, Stopping threads took: 0.0000203 seconds
44.221: [GC (Allocation Failure)  2256302K->106350K(2934784K), 0.0048738 secs]
44.226: Total time for which application threads were stopped: 0.0050413 seconds, Stopping threads took: 0.0000253 seconds
44.750: [GC (Allocation Failure)  2689902K->106478K(2809344K), 0.0044905 secs]
44.755: Total time for which application threads were stopped: 0.0046588 seconds, Stopping threads took: 0.0000200 seconds
45.255: [GC (Allocation Failure)  2567150K->109134K(2695680K), 0.0039644 secs]
45.259: Total time for which application threads were stopped: 0.0041578 seconds, Stopping threads took: 0.0000283 seconds
45.732: [GC (Allocation Failure)  2453070K->108974K(2580992K), 0.0044181 secs]
45.736: Total time for which application threads were stopped: 0.0045792 seconds, Stopping threads took: 0.0000207 seconds
46.199: [GC (Allocation Failure)  2342318K->112462K(2479104K), 0.0041654 secs]
46.203: Total time for which application threads were stopped: 0.0043218 seconds, Stopping threads took: 0.0000187 seconds
46.632: [GC (Allocation Failure)  2240334K->112510K(2377216K), 0.0041913 secs]
46.636: Total time for which application threads were stopped: 0.0043822 seconds, Stopping threads took: 0.0000203 seconds
47.054: [GC (Allocation Failure)  2140542K->114494K(2284032K), 0.0043052 secs]
47.058: Total time for which application threads were stopped: 0.0044754 seconds, Stopping threads took: 0.0000203 seconds
47.459: [GC (Allocation Failure)  2047294K->116366K(2189312K), 0.0048239 secs]
47.464: Total time for which application threads were stopped: 0.0049971 seconds, Stopping threads took: 0.0000206 seconds
47.846: [GC (Allocation Failure)  1959054K->120881K(2107904K), 0.0039557 secs]
47.850: Total time for which application threads were stopped: 0.0041322 seconds, Stopping threads took: 0.0000192 seconds
48.206: [GC (Allocation Failure)  1877553K->120849K(2026496K), 0.0039755 secs]
48.210: Total time for which application threads were stopped: 0.0041461 seconds, Stopping threads took: 0.0000211 seconds
48.552: [GC (Allocation Failure)  1796113K->121361K(2362368K), 0.0042638 secs]
48.557: Total time for which application threads were stopped: 0.0044099 seconds, Stopping threads took: 0.0000171 seconds
48.978: [GC (Allocation Failure)  2131985K->120809K(2758144K), 0.0046483 secs]
48.983: Total time for which application threads were stopped: 0.0048189 seconds, Stopping threads took: 0.0000193 seconds
49.483: [GC (Allocation Failure)  2533865K->126827K(2650112K), 0.0037113 secs]
49.487: Total time for which application threads were stopped: 0.0038769 seconds, Stopping threads took: 0.0000203 seconds
49.960: [GC (Allocation Failure)  2425707K->127707K(2542080K), 0.0041615 secs]
49.964: Total time for which application threads were stopped: 0.0043309 seconds, Stopping threads took: 0.0000203 seconds
50.417: [GC (Allocation Failure)  2318043K->127099K(2438144K), 0.0042879 secs]
50.422: Total time for which application threads were stopped: 0.0044683 seconds, Stopping threads took: 0.0000272 seconds
50.848: [GC (Allocation Failure)  2214011K->127099K(2335232K), 0.0046592 secs]
50.852: Total time for which application threads were stopped: 0.0048377 seconds, Stopping threads took: 0.0000207 seconds
51.268: [GC (Allocation Failure)  2116219K->132829K(2248192K), 0.0042806 secs]
51.272: Total time for which application threads were stopped: 0.0044366 seconds, Stopping threads took: 0.0000193 seconds
51.656: [GC (Allocation Failure)  2028765K->132157K(2157056K), 0.0039522 secs]
51.660: Total time for which application threads were stopped: 0.0041203 seconds, Stopping threads took: 0.0000208 seconds
52.033: [GC (Allocation Failure)  1939517K->133629K(2074624K), 0.0042107 secs]
52.037: Total time for which application threads were stopped: 0.0043775 seconds, Stopping threads took: 0.0000203 seconds
52.391: [GC (Allocation Failure)  1857021K->133565K(2415616K), 0.0045690 secs]
52.396: Total time for which application threads were stopped: 0.0047725 seconds, Stopping threads took: 0.0000284 seconds
52.827: [GC (Allocation Failure)  2202045K->137565K(2833408K), 0.0041118 secs]
52.831: Total time for which application threads were stopped: 0.0042873 seconds, Stopping threads took: 0.0000275 seconds
53.350: [GC (Allocation Failure)  2619741K->137549K(2714112K), 0.0040699 secs]
53.354: Total time for which application threads were stopped: 0.0042497 seconds, Stopping threads took: 0.0000201 seconds
53.833: [GC (Allocation Failure)  2501965K->138989K(2604032K), 0.0042559 secs]
53.838: Total time for which application threads were stopped: 0.0044236 seconds, Stopping threads took: 0.0000200 seconds
54.297: [GC (Allocation Failure)  2391789K->138957K(2493440K), 0.0045126 secs]
54.302: Total time for which application threads were stopped: 0.0046898 seconds, Stopping threads took: 0.0000194 seconds
54.744: [GC (Allocation Failure)  2285261K->143021K(2396672K), 0.0043327 secs]
54.748: Total time for which application threads were stopped: 0.0045009 seconds, Stopping threads took: 0.0000197 seconds
55.174: [GC (Allocation Failure)  2188461K->143789K(2299392K), 0.0042569 secs]
55.179: Total time for which application threads were stopped: 0.0044456 seconds, Stopping threads took: 0.0000282 seconds
55.585: [GC (Allocation Failure)  2093485K->145485K(2210304K), 0.0039097 secs]
55.589: Total time for which application threads were stopped: 0.0040633 seconds, Stopping threads took: 0.0000176 seconds
55.978: [GC (Allocation Failure)  2004045K->145333K(2118656K), 0.0043964 secs]
55.983: Total time for which application threads were stopped: 0.0046001 seconds, Stopping threads took: 0.0000269 seconds
56.351: [GC (Allocation Failure)  1917365K->149847K(2040832K), 0.0041610 secs]
56.355: Total time for which application threads were stopped: 0.0043183 seconds, Stopping threads took: 0.0000187 seconds
56.702: [GC (Allocation Failure)  1839447K->151175K(2377728K), 0.0043896 secs]
56.706: Total time for which application threads were stopped: 0.0045831 seconds, Stopping threads took: 0.0000195 seconds
57.124: [GC (Allocation Failure)  2178695K->152103K(2784256K), 0.0047768 secs]
57.128: Total time for which application threads were stopped: 0.0049324 seconds, Stopping threads took: 0.0000190 seconds
57.632: [GC (Allocation Failure)  2585127K->152079K(2920448K), 0.0048758 secs]
57.636: Total time for which application threads were stopped: 0.0050435 seconds, Stopping threads took: 0.0000200 seconds
58.158: [GC (Allocation Failure)  2724879K->155567K(2801664K), 0.0040453 secs]
58.162: Total time for which application threads were stopped: 0.0042373 seconds, Stopping threads took: 0.0000202 seconds
58.660: [GC (Allocation Failure)  2605999K->155623K(2678784K), 0.0049102 secs]
58.665: Total time for which application threads were stopped: 0.0051023 seconds, Stopping threads took: 0.0000208 seconds
59.157: [GC (Allocation Failure)  2489831K->162154K(2574848K), 0.0039968 secs]
59.161: Total time for which application threads were stopped: 0.0041613 seconds, Stopping threads took: 0.0000272 seconds
59.626: [GC (Allocation Failure)  2385770K->162186K(2469888K), 0.0036887 secs]
59.630: Total time for which application threads were stopped: 0.0038472 seconds, Stopping threads took: 0.0000202 seconds
60.070: [GC (Allocation Failure)  2280842K->162154K(2370048K), 0.0050316 secs]
60.076: Total time for which application threads were stopped: 0.0051907 seconds, Stopping threads took: 0.0000213 seconds
60.499: [GC (Allocation Failure)  2180970K->162274K(2269696K), 0.0046246 secs]
60.504: Total time for which application threads were stopped: 0.0047936 seconds, Stopping threads took: 0.0000265 seconds
60.902: [GC (Allocation Failure)  2086370K->167844K(2185216K), 0.0039981 secs]
60.907: Total time for which application threads were stopped: 0.0041692 seconds, Stopping threads took: 0.0000279 seconds
61.283: [GC (Allocation Failure)  2001828K->167812K(2099712K), 0.0037997 secs]
61.287: Total time for which application threads were stopped: 0.0039663 seconds, Stopping threads took: 0.0000198 seconds
61.649: [GC (Allocation Failure)  1916292K->167780K(2018304K), 0.0042121 secs]
61.654: Total time for which application threads were stopped: 0.0043768 seconds, Stopping threads took: 0.0000190 seconds
61.999: [GC (Allocation Failure)  1834852K->167756K(2346496K), 0.0046861 secs]
62.004: Total time for which application threads were stopped: 0.0048531 seconds, Stopping threads took: 0.0000198 seconds
62.414: [GC (Allocation Failure)  2168652K->173294K(2752512K), 0.0040455 secs]
62.418: Total time for which application threads were stopped: 0.0042130 seconds, Stopping threads took: 0.0000279 seconds
62.913: [GC (Allocation Failure)  2574574K->173422K(2637824K), 0.0040786 secs]
62.917: Total time for which application threads were stopped: 0.0043058 seconds, Stopping threads took: 0.0000590 seconds
63.398: [GC (Allocation Failure)  2461038K->174382K(2530816K), 0.0043407 secs]
63.402: Total time for which application threads were stopped: 0.0044971 seconds, Stopping threads took: 0.0000251 seconds
63.843: [GC (Allocation Failure)  2353966K->177246K(2422784K), 0.0054395 secs]
63.848: Total time for which application threads were stopped: 0.0056187 seconds, Stopping threads took: 0.0000211 seconds
64.284: [GC (Allocation Failure)  2254430K->182785K(2331136K), 0.0042477 secs]
64.288: Total time for which application threads were stopped: 0.0044122 seconds, Stopping threads took: 0.0000192 seconds
64.700: [GC (Allocation Failure)  2162689K->182785K(2238464K), 0.0039581 secs]
64.704: Total time for which application threads were stopped: 0.0041145 seconds, Stopping threads took: 0.0000197 seconds
65.089: [GC (Allocation Failure)  2070017K->182753K(2150400K), 0.0042935 secs]
65.093: Total time for which application threads were stopped: 0.0044480 seconds, Stopping threads took: 0.0000204 seconds
65.466: [GC (Allocation Failure)  1981921K->182705K(2505728K), 0.0043503 secs]
65.470: Total time for which application threads were stopped: 0.0045148 seconds, Stopping threads took: 0.0000268 seconds
65.917: [GC (Allocation Failure)  2341809K->187187K(2408960K), 0.0042424 secs]
65.922: Total time for which application threads were stopped: 0.0044211 seconds, Stopping threads took: 0.0000279 seconds
66.348: [GC (Allocation Failure)  2244915K->187979K(2312192K), 0.0040870 secs]
66.352: Total time for which application threads were stopped: 0.0042542 seconds, Stopping threads took: 0.0000201 seconds
66.757: [GC (Allocation Failure)  2148939K->188107K(2221056K), 0.0041833 secs]
66.761: Total time for which application threads were stopped: 0.0043738 seconds, Stopping threads took: 0.0000195 seconds
67.156: [GC (Allocation Failure)  2057419K->187963K(2589696K), 0.0048074 secs]
67.161: Total time for which application threads were stopped: 0.0049856 seconds, Stopping threads took: 0.0000208 seconds
67.629: [GC (Allocation Failure)  2431547K->192957K(2488832K), 0.0039999 secs]
67.633: Total time for which application threads were stopped: 0.0041661 seconds, Stopping threads took: 0.0000194 seconds
68.071: [GC (Allocation Failure)  2330557K->193965K(2388992K), 0.0042767 secs]
68.075: Total time for which application threads were stopped: 0.0044749 seconds, Stopping threads took: 0.0000267 seconds
68.497: [GC (Allocation Failure)  2231213K->193357K(2292736K), 0.0043599 secs]
68.501: Total time for which application threads were stopped: 0.0045210 seconds, Stopping threads took: 0.0000264 seconds
68.899: [GC (Allocation Failure)  2134861K->193317K(2196992K), 0.0046359 secs]
68.904: Total time for which application threads were stopped: 0.0048081 seconds, Stopping threads took: 0.0000268 seconds
69.287: [GC (Allocation Failure)  2044197K->199591K(2573824K), 0.0043422 secs]
69.292: Total time for which application threads were stopped: 0.0045075 seconds, Stopping threads took: 0.0000197 seconds
69.746: [GC (Allocation Failure)  2420647K->198287K(2466816K), 0.0044390 secs]
69.751: Total time for which application threads were stopped: 0.0046073 seconds, Stopping threads took: 0.0000202 seconds
70.179: [GC (Allocation Failure)  2314895K->202895K(2852864K), 0.0053811 secs]
70.184: Total time for which application threads were stopped: 0.0055474 seconds, Stopping threads took: 0.0000272 seconds
70.710: [GC (Allocation Failure)  2702991K->201263K(2893824K), 0.0050721 secs]
70.715: Total time for which application threads were stopped: 0.0052182 seconds, Stopping threads took: 0.0000172 seconds
71.252: [GC (Allocation Failure)  2741295K->201295K(2770432K), 0.0051074 secs]
71.257: Total time for which application threads were stopped: 0.0052603 seconds, Stopping threads took: 0.0000174 seconds
71.762: [GC (Allocation Failure)  2620495K->201231K(2650624K), 0.0046532 secs]
71.766: Total time for which application threads were stopped: 0.0048133 seconds, Stopping threads took: 0.0000206 seconds
72.247: [GC (Allocation Failure)  2505743K->206226K(2546688K), 0.0041481 secs]
72.251: Total time for which application threads were stopped: 0.0043247 seconds, Stopping threads took: 0.0000198 seconds
72.696: [GC (Allocation Failure)  2401682K->206674K(2443776K), 0.0042637 secs]
72.701: Total time for which application threads were stopped: 0.0044222 seconds, Stopping threads took: 0.0000208 seconds
73.138: [GC (Allocation Failure)  2298706K->206258K(2344960K), 0.0045982 secs]
73.143: Total time for which application threads were stopped: 0.0047640 seconds, Stopping threads took: 0.0000203 seconds
73.555: [GC (Allocation Failure)  2199986K->206194K(2247680K), 0.0047570 secs]
73.560: Total time for which application threads were stopped: 0.0049559 seconds, Stopping threads took: 0.0000286 seconds
73.948: [GC (Allocation Failure)  2106738K->210226K(2163200K), 0.0040649 secs]
73.952: Total time for which application threads were stopped: 0.0042329 seconds, Stopping threads took: 0.0000272 seconds
74.327: [GC (Allocation Failure)  2022194K->213778K(2526208K), 0.0053038 secs]
74.332: Total time for which application threads were stopped: 0.0054594 seconds, Stopping threads took: 0.0000198 seconds
74.781: [GC (Allocation Failure)  2388242K->213170K(2866688K), 0.0041111 secs]
74.785: Total time for which application threads were stopped: 0.0042691 seconds, Stopping threads took: 0.0000195 seconds
75.310: [GC (Allocation Failure)  2725554K->213202K(2744320K), 0.0049562 secs]
75.315: Total time for which application threads were stopped: 0.0051331 seconds, Stopping threads took: 0.0000200 seconds
75.799: [GC (Allocation Failure)  2606290K->213170K(2631168K), 0.0053999 secs]
75.805: Total time for which application threads were stopped: 0.0055783 seconds, Stopping threads took: 0.0000203 seconds
76.282: [GC (Allocation Failure)  2493106K->213138K(2521088K), 0.0048905 secs]
76.287: Total time for which application threads were stopped: 0.0050802 seconds, Stopping threads took: 0.0000200 seconds
76.734: [GC (Allocation Failure)  2385554K->215730K(2953728K), 0.0049318 secs]
76.739: Total time for which application threads were stopped: 0.0051065 seconds, Stopping threads took: 0.0000191 seconds
77.291: [GC (Allocation Failure)  2815666K->215602K(2827776K), 0.0042697 secs]
77.296: Total time for which application threads were stopped: 0.0044294 seconds, Stopping threads took: 0.0000198 seconds
77.801: [GC (Allocation Failure)  2692146K->215634K(2710528K), 0.0042761 secs]
77.806: Total time for which application threads were stopped: 0.0044435 seconds, Stopping threads took: 0.0000212 seconds
78.284: [GC (Allocation Failure)  2574930K->215570K(2595328K), 0.0044377 secs]
78.289: Total time for which application threads were stopped: 0.0046338 seconds, Stopping threads took: 0.0000212 seconds
78.753: [GC (Allocation Failure)  2463250K->211215K(2485248K), 0.0011539 secs]
78.754: Total time for which application threads were stopped: 0.0012741 seconds, Stopping threads took: 0.0000193 seconds
79.202: [GC (Allocation Failure)  2352911K->219026K(2392064K), 0.0042917 secs]
79.207: Total time for which application threads were stopped: 0.0044567 seconds, Stopping threads took: 0.0000292 seconds
79.621: [GC (Allocation Failure)  2259858K->219090K(2296320K), 0.0045353 secs]
79.625: Total time for which application threads were stopped: 0.0047012 seconds, Stopping threads took: 0.0000199 seconds
80.027: [GC (Allocation Failure)  2164178K->219074K(2203648K), 0.0044031 secs]
80.031: Total time for which application threads were stopped: 0.0045735 seconds, Stopping threads took: 0.0000209 seconds
80.414: [GC (Allocation Failure)  2073026K->220578K(2118656K), 0.0041156 secs]
80.419: Total time for which application threads were stopped: 0.0042741 seconds, Stopping threads took: 0.0000202 seconds
80.786: [GC (Allocation Failure)  1988002K->220466K(2035712K), 0.0043231 secs]
80.790: Total time for which application threads were stopped: 0.0044820 seconds, Stopping threads took: 0.0000176 seconds
81.139: [GC (Allocation Failure)  1905970K->221586K(1959424K), 0.0042110 secs]
81.143: Total time for which application threads were stopped: 0.0044014 seconds, Stopping threads took: 0.0000196 seconds
81.479: [GC (Allocation Failure)  1829266K->221354K(2278400K), 0.0043994 secs]
81.483: Total time for which application threads were stopped: 0.0045554 seconds, Stopping threads took: 0.0000186 seconds
81.883: [GC (Allocation Failure)  2150570K->223338K(2666496K), 0.0042301 secs]
81.887: Total time for which application threads were stopped: 0.0043944 seconds, Stopping threads took: 0.0000191 seconds
82.365: [GC (Allocation Failure)  2538602K->224170K(2917888K), 0.0047681 secs]
82.370: Total time for which application threads were stopped: 0.0049264 seconds, Stopping threads took: 0.0000208 seconds
82.901: [GC (Allocation Failure)  2792362K->225610K(2797568K), 0.0040884 secs]
82.905: Total time for which application threads were stopped: 0.0042472 seconds, Stopping threads took: 0.0000212 seconds
83.410: [GC (Allocation Failure)  2671946K->225578K(2676224K), 0.0048868 secs]
83.415: Total time for which application threads were stopped: 0.0050561 seconds, Stopping threads took: 0.0000267 seconds
83.897: [GC (Allocation Failure)  2556202K->231084K(2571776K), 0.0041244 secs]
83.902: Total time for which application threads were stopped: 0.0042810 seconds, Stopping threads took: 0.0000190 seconds
84.349: [GC (Allocation Failure)  2451628K->231500K(2467840K), 0.0053888 secs]
84.354: Total time for which application threads were stopped: 0.0055426 seconds, Stopping threads took: 0.0000201 seconds
84.793: [GC (Allocation Failure)  2347596K->231116K(2368000K), 0.0044202 secs]
84.798: Total time for which application threads were stopped: 0.0045799 seconds, Stopping threads took: 0.0000200 seconds
85.214: [GC (Allocation Failure)  2247884K->231068K(2766336K), 0.0094971 secs]
85.224: Total time for which application threads were stopped: 0.0096516 seconds, Stopping threads took: 0.0000202 seconds
85.714: [GC (Allocation Failure)  2651292K->236062K(2900992K), 0.0045128 secs]
85.718: Total time for which application threads were stopped: 0.0046816 seconds, Stopping threads took: 0.0000201 seconds
86.247: [GC (Allocation Failure)  2784286K->236222K(3073024K), 0.0049280 secs]
86.252: Total time for which application threads were stopped: 0.0051120 seconds, Stopping threads took: 0.0000206 seconds
86.847: [GC (Allocation Failure)  2957502K->236094K(3073536K), 0.0051779 secs]
86.852: Total time for which application threads were stopped: 0.0053496 seconds, Stopping threads took: 0.0000192 seconds
87.418: [GC (Allocation Failure)  2957374K->239118K(2944000K), 0.0051266 secs]
87.423: Total time for which application threads were stopped: 0.0053290 seconds, Stopping threads took: 0.0000282 seconds
87.958: [GC (Allocation Failure)  2830862K->237998K(2819584K), 0.0045161 secs]
87.963: Total time for which application threads were stopped: 0.0046811 seconds, Stopping threads took: 0.0000269 seconds
88.479: [GC (Allocation Failure)  2706350K->237958K(2697728K), 0.0046395 secs]
88.484: Total time for which application threads were stopped: 0.0048075 seconds, Stopping threads took: 0.0000267 seconds
88.961: [GC (Allocation Failure)  2589062K->242440K(2591232K), 0.0039867 secs]
88.965: Total time for which application threads were stopped: 0.0041769 seconds, Stopping threads took: 0.0000195 seconds
89.429: [GC (Allocation Failure)  2482440K->238566K(2482176K), 0.0026005 secs]
89.431: Total time for which application threads were stopped: 0.0027728 seconds, Stopping threads took: 0.0000290 seconds
89.871: [GC (Allocation Failure)  2373094K->242472K(2385408K), 0.0041771 secs]
89.875: Total time for which application threads were stopped: 0.0043683 seconds, Stopping threads took: 0.0000200 seconds
90.298: [GC (Allocation Failure)  2276648K->242600K(2290688K), 0.0042357 secs]
90.302: Total time for which application threads were stopped: 0.0043955 seconds, Stopping threads took: 0.0000178 seconds
90.703: [GC (Allocation Failure)  2181544K->242504K(2199552K), 0.0046275 secs]
90.708: Total time for which application threads were stopped: 0.0047943 seconds, Stopping threads took: 0.0000203 seconds
91.093: [GC (Allocation Failure)  2090824K->242472K(2109440K), 0.0045797 secs]
91.098: Total time for which application threads were stopped: 0.0047488 seconds, Stopping threads took: 0.0000200 seconds
91.464: [GC (Allocation Failure)  2004776K->246472K(2031616K), 0.0044242 secs]
91.468: Total time for which application threads were stopped: 0.0045939 seconds, Stopping threads took: 0.0000275 seconds
91.818: [GC (Allocation Failure)  1926856K->246632K(2368512K), 0.0041301 secs]
91.823: Total time for which application threads were stopped: 0.0043299 seconds, Stopping threads took: 0.0000202 seconds
92.242: [GC (Allocation Failure)  2263400K->247336K(2772480K), 0.0044543 secs]
92.247: Total time for which application threads were stopped: 0.0046198 seconds, Stopping threads took: 0.0000170 seconds
92.748: [GC (Allocation Failure)  2667560K->247792K(3032576K), 0.0051586 secs]
92.753: Total time for which application threads were stopped: 0.0053200 seconds, Stopping threads took: 0.0000207 seconds
93.295: [GC (Allocation Failure)  2935280K->253843K(2910720K), 0.0044862 secs]
93.299: Total time for which application threads were stopped: 0.0046668 seconds, Stopping threads took: 0.0000203 seconds
93.834: [GC (Allocation Failure)  2813331K->253835K(2783744K), 0.0050718 secs]
93.839: Total time for which application threads were stopped: 0.0052319 seconds, Stopping threads took: 0.0000207 seconds
94.335: [GC (Allocation Failure)  2691979K->260269K(2674688K), 0.0049200 secs]
94.340: Total time for which application threads were stopped: 0.0050841 seconds, Stopping threads took: 0.0000197 seconds
94.822: [GC (Allocation Failure)  2582701K->259373K(2564096K), 0.0043824 secs]
94.826: Total time for which application threads were stopped: 0.0045511 seconds, Stopping threads took: 0.0000211 seconds
95.289: [GC (Allocation Failure)  2472237K->259341K(2459648K), 0.0042994 secs]
95.293: Total time for which application threads were stopped: 0.0044796 seconds, Stopping threads took: 0.0000176 seconds
95.731: [GC (Allocation Failure)  2367757K->259373K(2356736K), 0.0047184 secs]
95.736: Total time for which application threads were stopped: 0.0048880 seconds, Stopping threads took: 0.0000200 seconds
96.151: [GC (Allocation Failure)  2268461K->263629K(2267136K), 0.0042989 secs]
96.155: Total time for which application threads were stopped: 0.0044640 seconds, Stopping threads took: 0.0000198 seconds
96.542: [GC (Allocation Failure)  2178509K->262957K(2174464K), 0.0044679 secs]
96.547: Total time for which application threads were stopped: 0.0046645 seconds, Stopping threads took: 0.0000212 seconds
96.916: [GC (Allocation Failure)  2088237K->264925K(2541568K), 0.0043019 secs]
96.920: Total time for which application threads were stopped: 0.0044646 seconds, Stopping threads took: 0.0000170 seconds
97.379: [GC (Allocation Failure)  2455261K->264885K(2977280K), 0.0047474 secs]
97.384: Total time for which application threads were stopped: 0.0049044 seconds, Stopping threads took: 0.0000179 seconds
97.929: [GC (Allocation Failure)  2893493K->267413K(2854912K), 0.0042553 secs]
97.934: Total time for which application threads were stopped: 0.0044235 seconds, Stopping threads took: 0.0000257 seconds
98.445: [GC (Allocation Failure)  2771093K->267341K(2734080K), 0.0043172 secs]
98.449: Total time for which application threads were stopped: 0.0044865 seconds, Stopping threads took: 0.0000293 seconds
98.941: [GC (Allocation Failure)  2652237K->269293K(2623488K), 0.0046545 secs]
98.946: Total time for which application threads were stopped: 0.0048296 seconds, Stopping threads took: 0.0000194 seconds
99.407: [GC (Allocation Failure)  2541549K->269277K(2512896K), 0.0046417 secs]
99.411: Total time for which application threads were stopped: 0.0048079 seconds, Stopping threads took: 0.0000200 seconds
99.848: [GC (Allocation Failure)  2434525K->272925K(2415104K), 0.0044537 secs]
99.853: Total time for which application threads were stopped: 0.0046127 seconds, Stopping threads took: 0.0000204 seconds
100.281: [GC (Allocation Failure)  2336285K->272725K(2315264K), 0.0045295 secs]
100.285: Total time for which application threads were stopped: 0.0046909 seconds, Stopping threads took: 0.0000203 seconds
100.692: [GC (Allocation Failure)  2239317K->275221K(2225664K), 0.0045620 secs]
100.697: Total time for which application threads were stopped: 0.0047266 seconds, Stopping threads took: 0.0000276 seconds
101.075: [GC (Allocation Failure)  2149653K->275149K(2597888K), 0.0046986 secs]
101.080: Total time for which application threads were stopped: 0.0048671 seconds, Stopping threads took: 0.0000204 seconds
101.545: [GC (Allocation Failure)  2524877K->278477K(2495488K), 0.0044670 secs]
101.550: Total time for which application threads were stopped: 0.0046237 seconds, Stopping threads took: 0.0000194 seconds
101.990: [GC (Allocation Failure)  2422221K->278093K(2391040K), 0.0045733 secs]
101.994: Total time for which application threads were stopped: 0.0047376 seconds, Stopping threads took: 0.0000280 seconds
102.417: [GC (Allocation Failure)  2320973K->281069K(2298368K), 0.0043518 secs]
102.421: Total time for which application threads were stopped: 0.0045158 seconds, Stopping threads took: 0.0000200 seconds
102.823: [GC (Allocation Failure)  2228205K->281053K(2685440K), 0.0046592 secs]
102.828: Total time for which application threads were stopped: 0.0048136 seconds, Stopping threads took: 0.0000200 seconds
103.310: [GC (Allocation Failure)  2617821K->283549K(2577408K), 0.0046770 secs]
103.315: Total time for which application threads were stopped: 0.0048496 seconds, Stopping threads took: 0.0000190 seconds
103.776: [GC (Allocation Failure)  2509725K->283477K(2469376K), 0.0045802 secs]
103.781: Total time for which application threads were stopped: 0.0047550 seconds, Stopping threads took: 0.0000207 seconds
104.209: [GC (Allocation Failure)  2404693K->286421K(2372608K), 0.0043600 secs]
104.214: Total time for which application threads were stopped: 0.0045181 seconds, Stopping threads took: 0.0000198 seconds
104.621: [GC (Allocation Failure)  2307797K->286637K(2773504K), 0.0048655 secs]
104.626: Total time for which application threads were stopped: 0.0050685 seconds, Stopping threads took: 0.0000278 seconds
105.115: [GC (Allocation Failure)  2712493K->290349K(2662912K), 0.0044653 secs]
105.120: Total time for which application threads were stopped: 0.0046309 seconds, Stopping threads took: 0.0000191 seconds
105.597: [GC (Allocation Failure)  2601517K->290101K(2549760K), 0.0046889 secs]
105.602: Total time for which application threads were stopped: 0.0048595 seconds, Stopping threads took: 0.0000206 seconds
106.054: [GC (Allocation Failure)  2492213K->293589K(2449408K), 0.0043732 secs]
106.059: Total time for which application threads were stopped: 0.0045354 seconds, Stopping threads took: 0.0000258 seconds
106.489: [GC (Allocation Failure)  2391765K->293549K(2347520K), 0.0047748 secs]
106.494: Total time for which application threads were stopped: 0.0049344 seconds, Stopping threads took: 0.0000201 seconds
106.902: [GC (Allocation Failure)  2292909K->296557K(2256896K), 0.0046584 secs]
106.907: Total time for which application threads were stopped: 0.0048346 seconds, Stopping threads took: 0.0000200 seconds
107.307: [GC (Allocation Failure)  2202221K->296493K(2634752K), 0.0046039 secs]
107.312: Total time for which application threads were stopped: 0.0047753 seconds, Stopping threads took: 0.0000200 seconds
107.788: [GC (Allocation Failure)  2583597K->299981K(2530304K), 0.0044735 secs]
107.793: Total time for which application threads were stopped: 0.0046505 seconds, Stopping threads took: 0.0000193 seconds
108.235: [GC (Allocation Failure)  2479053K->300525K(2956288K), 0.0055452 secs]
108.240: Total time for which application threads were stopped: 0.0057082 seconds, Stopping threads took: 0.0000208 seconds
108.784: [GC (Allocation Failure)  2908653K->303533K(2835456K), 0.0046204 secs]
108.789: Total time for which application threads were stopped: 0.0047945 seconds, Stopping threads took: 0.0000204 seconds
109.307: [GC (Allocation Failure)  2787757K->303469K(2710528K), 0.0053490 secs]
109.313: Total time for which application threads were stopped: 0.0054997 seconds, Stopping threads took: 0.0000176 seconds
109.803: [GC (Allocation Failure)  2669933K->310511K(2605568K), 0.0044241 secs]
109.808: Total time for which application threads were stopped: 0.0045815 seconds, Stopping threads took: 0.0000192 seconds
110.263: [GC (Allocation Failure)  2564847K->312591K(2499584K), 0.0050624 secs]
110.268: Total time for which application threads were stopped: 0.0052315 seconds, Stopping threads took: 0.0000206 seconds
110.713: [GC (Allocation Failure)  2460431K->311983K(2398208K), 0.0050665 secs]
110.718: Total time for which application threads were stopped: 0.0052270 seconds, Stopping threads took: 0.0000199 seconds
111.141: [GC (Allocation Failure)  2358959K->312167K(2801664K), 0.0052467 secs]
111.147: Total time for which application threads were stopped: 0.0054145 seconds, Stopping threads took: 0.0000206 seconds
111.649: [GC (Allocation Failure)  2768743K->318185K(2691584K), 0.0045247 secs]
111.653: Total time for which application threads were stopped: 0.0046927 seconds, Stopping threads took: 0.0000198 seconds
112.136: [GC (Allocation Failure)  2658537K->318185K(2580992K), 0.0044113 secs]
112.141: Total time for which application threads were stopped: 0.0045712 seconds, Stopping threads took: 0.0000201 seconds
112.605: [GC (Allocation Failure)  2547945K->318185K(2476032K), 0.0045155 secs]
112.610: Total time for which application threads were stopped: 0.0047014 seconds, Stopping threads took: 0.0000200 seconds
113.050: [GC (Allocation Failure)  2442985K->318281K(2370560K), 0.0051594 secs]
113.055: Total time for which application threads were stopped: 0.0053215 seconds, Stopping threads took: 0.0000201 seconds
113.472: [GC (Allocation Failure)  2343241K->324076K(2281984K), 0.0043971 secs]
113.476: Total time for which application threads were stopped: 0.0045533 seconds, Stopping threads took: 0.0000197 seconds
113.874: [GC (Allocation Failure)  2254316K->323924K(2667008K), 0.0044384 secs]
113.879: Total time for which application threads were stopped: 0.0046418 seconds, Stopping threads took: 0.0000203 seconds
114.358: [GC (Allocation Failure)  2640212K->324404K(2557952K), 0.0046373 secs]
114.362: Total time for which application threads were stopped: 0.0048023 seconds, Stopping threads took: 0.0000192 seconds
114.813: [GC (Allocation Failure)  2531124K->324300K(2923520K), 0.0052858 secs]
114.819: Total time for which application threads were stopped: 0.0054551 seconds, Stopping threads took: 0.0000202 seconds
115.351: [GC (Allocation Failure)  2901708K->329294K(2806272K), 0.0043891 secs]
115.355: Total time for which application threads were stopped: 0.0045633 seconds, Stopping threads took: 0.0000201 seconds
115.852: [GC (Allocation Failure)  2784334K->329278K(2683392K), 0.0052501 secs]
115.857: Total time for which application threads were stopped: 0.0054151 seconds, Stopping threads took: 0.0000210 seconds
116.330: [GC (Allocation Failure)  2668094K->335776K(2579456K), 0.0042672 secs]
116.334: Total time for which application threads were stopped: 0.0044584 seconds, Stopping threads took: 0.0000199 seconds
116.802: [GC (Allocation Failure)  2564000K->335808K(2474496K), 0.0043572 secs]
116.806: Total time for which application threads were stopped: 0.0045355 seconds, Stopping threads took: 0.0000268 seconds
117.237: [GC (Allocation Failure)  2459072K->335808K(2374656K), 0.0055650 secs]
117.243: Total time for which application threads were stopped: 0.0057139 seconds, Stopping threads took: 0.0000182 seconds
117.659: [GC (Allocation Failure)  2359232K->336488K(2772992K), 0.0056067 secs]
117.664: [Full GC (Ergonomics)  336488K->9240K(2580480K), 0.0202831 secs]
117.685: Total time for which application threads were stopped: 0.0261682 seconds, Stopping threads took: 0.0000202 seconds
118.188: [GC (Allocation Failure)  2437656K->17818K(2472448K), 0.0039768 secs]
118.192: Total time for which application threads were stopped: 0.0041361 seconds, Stopping threads took: 0.0000205 seconds
118.670: [GC (Allocation Failure)  2331034K->17626K(2362880K), 0.0035725 secs]
118.674: Total time for which application threads were stopped: 0.0037283 seconds, Stopping threads took: 0.0000209 seconds
119.134: [GC (Allocation Failure)  2221786K->17658K(2258944K), 0.0043538 secs]
119.138: Total time for which application threads were stopped: 0.0045234 seconds, Stopping threads took: 0.0000211 seconds
119.575: [GC (Allocation Failure)  2117882K->17674K(2154496K), 0.0039232 secs]
119.579: Total time for which application threads were stopped: 0.0040966 seconds, Stopping threads took: 0.0000203 seconds
119.992: [GC (Allocation Failure)  2019082K->23213K(2066432K), 0.0039000 secs]
119.996: Total time for which application threads were stopped: 0.0040649 seconds, Stopping threads took: 0.0000264 seconds
120.392: [GC (Allocation Failure)  1930925K->23309K(1977344K), 0.0036717 secs]
120.396: Total time for which application threads were stopped: 0.0038347 seconds, Stopping threads took: 0.0000212 seconds
120.776: [GC (Allocation Failure)  1841933K->23253K(1892864K), 0.0039590 secs]
120.780: Total time for which application threads were stopped: 0.0041124 seconds, Stopping threads took: 0.0000174 seconds
121.133: [GC (Allocation Failure)  1757397K->23181K(1805824K), 0.0041488 secs]
121.137: Total time for which application threads were stopped: 0.0043223 seconds, Stopping threads took: 0.0000212 seconds
121.480: [GC (Allocation Failure)  1676941K->29743K(1736192K), 0.0038190 secs]
121.484: Total time for which application threads were stopped: 0.0039859 seconds, Stopping threads took: 0.0000201 seconds
121.811: [GC (Allocation Failure)  1607215K->29807K(2048512K), 0.0036430 secs]
121.815: Total time for which application threads were stopped: 0.0038399 seconds, Stopping threads took: 0.0000203 seconds
122.212: [GC (Allocation Failure)  1919599K->29903K(1960960K), 0.0041654 secs]
122.216: Total time for which application threads were stopped: 0.0043310 seconds, Stopping threads took: 0.0000194 seconds
122.591: [GC (Allocation Failure)  1831631K->29671K(2309632K), 0.0040295 secs]
122.595: Total time for which application threads were stopped: 0.0042226 seconds, Stopping threads took: 0.0000291 seconds
123.042: [GC (Allocation Failure)  2187751K->39241K(2215936K), 0.0044661 secs]
123.047: Total time for which application threads were stopped: 0.0046500 seconds, Stopping threads took: 0.0000275 seconds
123.480: [GC (Allocation Failure)  2095945K->38601K(2119168K), 0.0036112 secs]
123.484: Total time for which application threads were stopped: 0.0037815 seconds, Stopping threads took: 0.0000268 seconds
123.888: [GC (Allocation Failure)  1999049K->38633K(2027520K), 0.0041815 secs]
123.892: Total time for which application threads were stopped: 0.0043432 seconds, Stopping threads took: 0.0000206 seconds
124.271: [GC (Allocation Failure)  1907433K->38601K(1935872K), 0.0037603 secs]
124.275: Total time for which application threads were stopped: 0.0039195 seconds, Stopping threads took: 0.0000197 seconds
124.639: [GC (Allocation Failure)  1820361K->43212K(1858048K), 0.0039345 secs]
124.643: Total time for which application threads were stopped: 0.0041040 seconds, Stopping threads took: 0.0000283 seconds
124.991: [GC (Allocation Failure)  1742028K->43052K(1778176K), 0.0036546 secs]
124.995: Total time for which application threads were stopped: 0.0038303 seconds, Stopping threads took: 0.0000273 seconds
125.331: [GC (Allocation Failure)  1663020K->43820K(2099712K), 0.0042284 secs]
125.335: Total time for which application threads were stopped: 0.0043824 seconds, Stopping threads took: 0.0000193 seconds
125.739: [GC (Allocation Failure)  1984300K->43660K(2002944K), 0.0038128 secs]
125.743: Total time for which application threads were stopped: 0.0039930 seconds, Stopping threads took: 0.0000204 seconds
126.126: [GC (Allocation Failure)  1893516K->49294K(2375168K), 0.0041684 secs]
126.130: Total time for which application threads were stopped: 0.0043366 seconds, Stopping threads took: 0.0000285 seconds
126.589: [GC (Allocation Failure)  2265230K->49126K(2269696K), 0.0036980 secs]
126.593: Total time for which application threads were stopped: 0.0038741 seconds, Stopping threads took: 0.0000289 seconds
127.034: [GC (Allocation Failure)  2160614K->49542K(2170880K), 0.0040855 secs]
127.038: Total time for which application threads were stopped: 0.0042432 seconds, Stopping threads took: 0.0000195 seconds
127.459: [GC (Allocation Failure)  2061702K->49926K(2071552K), 0.0038724 secs]
127.463: Total time for which application threads were stopped: 0.0040338 seconds, Stopping threads took: 0.0000271 seconds
127.863: [GC (Allocation Failure)  1967878K->55016K(1987072K), 0.0036912 secs]
127.867: Total time for which application threads were stopped: 0.0038899 seconds, Stopping threads took: 0.0000193 seconds
128.247: [GC (Allocation Failure)  1883368K->54928K(1901568K), 0.0037586 secs]
128.251: Total time for which application threads were stopped: 0.0039190 seconds, Stopping threads took: 0.0000203 seconds
128.612: [GC (Allocation Failure)  1798288K->55344K(1821184K), 0.0040638 secs]
128.616: Total time for which application threads were stopped: 0.0042351 seconds, Stopping threads took: 0.0000255 seconds
128.960: [GC (Allocation Failure)  1717808K->55336K(1739264K), 0.0039192 secs]
128.964: Total time for which application threads were stopped: 0.0040869 seconds, Stopping threads took: 0.0000204 seconds
129.293: [GC (Allocation Failure)  1641000K->60426K(2058240K), 0.0038059 secs]
129.297: Total time for which application threads were stopped: 0.0039702 seconds, Stopping threads took: 0.0000194 seconds
129.685: [GC (Allocation Failure)  1959946K->60778K(2433536K), 0.0039528 secs]
129.689: Total time for which application threads were stopped: 0.0041129 seconds, Stopping threads took: 0.0000204 seconds
130.161: [GC (Allocation Failure)  2336106K->61258K(2326528K), 0.0041000 secs]
130.166: Total time for which application threads were stopped: 0.0042971 seconds, Stopping threads took: 0.0000262 seconds
130.618: [GC (Allocation Failure)  2229066K->61162K(2219520K), 0.0040098 secs]
130.623: Total time for which application threads were stopped: 0.0042210 seconds, Stopping threads took: 0.0000202 seconds
131.053: [GC (Allocation Failure)  2127082K->66157K(2127872K), 0.0038447 secs]
131.057: Total time for which application threads were stopped: 0.0040164 seconds, Stopping threads took: 0.0000258 seconds
131.465: [GC (Allocation Failure)  2035309K->66125K(2035200K), 0.0037628 secs]
131.469: Total time for which application threads were stopped: 0.0039313 seconds, Stopping threads took: 0.0000266 seconds
131.851: [GC (Allocation Failure)  1943117K->66541K(1948160K), 0.0040447 secs]
131.855: Total time for which application threads were stopped: 0.0042004 seconds, Stopping threads took: 0.0000193 seconds
132.220: [GC (Allocation Failure)  1855981K->66525K(1859072K), 0.0044578 secs]
132.225: Total time for which application threads were stopped: 0.0046237 seconds, Stopping threads took: 0.0000253 seconds
132.574: [GC (Allocation Failure)  1773021K->72543K(2203136K), 0.0039344 secs]
132.578: Total time for which application threads were stopped: 0.0040897 seconds, Stopping threads took: 0.0000204 seconds
133.004: [GC (Allocation Failure)  2116959K->72783K(2106880K), 0.0038937 secs]
133.008: Total time for which application threads were stopped: 0.0040819 seconds, Stopping threads took: 0.0000289 seconds
133.410: [GC (Allocation Failure)  2021455K->73807K(2016768K), 0.0041962 secs]
133.414: Total time for which application threads were stopped: 0.0043673 seconds, Stopping threads took: 0.0000200 seconds
133.801: [GC (Allocation Failure)  1931343K->73159K(1923072K), 0.0039625 secs]
133.806: Total time for which application threads were stopped: 0.0041231 seconds, Stopping threads took: 0.0000206 seconds
134.176: [GC (Allocation Failure)  1844167K->79721K(1847296K), 0.0039395 secs]
134.180: Total time for which application threads were stopped: 0.0041281 seconds, Stopping threads took: 0.0000193 seconds
134.535: [GC (Allocation Failure)  1768297K->80337K(1769472K), 0.0036603 secs]
134.539: Total time for which application threads were stopped: 0.0038242 seconds, Stopping threads took: 0.0000200 seconds
134.875: [GC (Allocation Failure)  1690577K->79769K(2087424K), 0.0039948 secs]
134.879: Total time for which application threads were stopped: 0.0041845 seconds, Stopping threads took: 0.0000190 seconds
135.281: [GC (Allocation Failure)  2008473K->79689K(2463232K), 0.0040203 secs]
135.285: Total time for which application threads were stopped: 0.0041741 seconds, Stopping threads took: 0.0000194 seconds
135.751: [GC (Allocation Failure)  2390345K->85707K(2360320K), 0.0039677 secs]
135.755: Total time for which application threads were stopped: 0.0041450 seconds, Stopping threads took: 0.0000429 seconds
136.209: [GC (Allocation Failure)  2287307K->85835K(2257408K), 0.0037151 secs]
136.213: Total time for which application threads were stopped: 0.0039171 seconds, Stopping threads took: 0.0000286 seconds
136.654: [GC (Allocation Failure)  2184011K->83657K(2156544K), 0.0035619 secs]
136.658: Total time for which application threads were stopped: 0.0037420 seconds, Stopping threads took: 0.0000246 seconds
137.064: [GC (Allocation Failure)  2083529K->85675K(2059776K), 0.0037514 secs]
137.067: Total time for which application threads were stopped: 0.0039205 seconds, Stopping threads took: 0.0000265 seconds
137.457: [GC (Allocation Failure)  1991851K->90670K(1975808K), 0.0041494 secs]
137.461: Total time for which application threads were stopped: 0.0043173 seconds, Stopping threads took: 0.0000198 seconds
137.830: [GC (Allocation Failure)  1907758K->92670K(1890816K), 0.0046995 secs]
137.835: Total time for which application threads were stopped: 0.0048703 seconds, Stopping threads took: 0.0000198 seconds
138.197: [GC (Allocation Failure)  1825278K->93086K(1810944K), 0.0040911 secs]
138.201: Total time for which application threads were stopped: 0.0042629 seconds, Stopping threads took: 0.0000205 seconds
138.547: [GC (Allocation Failure)  1745310K->93750K(2134016K), 0.0042146 secs]
138.551: Total time for which application threads were stopped: 0.0044307 seconds, Stopping threads took: 0.0000290 seconds
138.958: [GC (Allocation Failure)  2073142K->105051K(2532352K), 0.0079568 secs]
138.966: Total time for which application threads were stopped: 0.0081219 seconds, Stopping threads took: 0.0000194 seconds
139.461: [GC (Allocation Failure)  2477147K->106790K(2590720K), 0.0055821 secs]
139.467: Total time for which application threads were stopped: 0.0057473 seconds, Stopping threads took: 0.0000210 seconds
139.959: [GC (Allocation Failure)  2540838K->103843K(2472960K), 0.0023156 secs]
139.961: Total time for which application threads were stopped: 0.0024617 seconds, Stopping threads took: 0.0000199 seconds
140.440: [GC (Allocation Failure)  2422691K->109318K(2368512K), 0.0040139 secs]
140.444: Total time for which application threads were stopped: 0.0042036 seconds, Stopping threads took: 0.0000203 seconds
140.899: [GC (Allocation Failure)  2318598K->108774K(2264064K), 0.0042826 secs]
140.904: Total time for which application threads were stopped: 0.0044558 seconds, Stopping threads took: 0.0000207 seconds
141.340: [GC (Allocation Failure)  2214118K->109190K(2165760K), 0.0040625 secs]
141.344: Total time for which application threads were stopped: 0.0042391 seconds, Stopping threads took: 0.0000209 seconds
141.754: [GC (Allocation Failure)  2115718K->110118K(2073088K), 0.0044920 secs]
141.758: Total time for which application threads were stopped: 0.0046660 seconds, Stopping threads took: 0.0000204 seconds
142.148: [GC (Allocation Failure)  2022950K->108942K(1980928K), 0.0041078 secs]
142.152: Total time for which application threads were stopped: 0.0043023 seconds, Stopping threads took: 0.0000268 seconds
142.528: [GC (Allocation Failure)  1932686K->110382K(1897472K), 0.0040324 secs]
142.532: Total time for which application threads were stopped: 0.0041989 seconds, Stopping threads took: 0.0000199 seconds
142.894: [GC (Allocation Failure)  1849134K->110414K(1817088K), 0.0039868 secs]
142.898: Total time for which application threads were stopped: 0.0041578 seconds, Stopping threads took: 0.0000203 seconds
143.244: [GC (Allocation Failure)  1768782K->110606K(1740800K), 0.0039779 secs]
143.248: Total time for which application threads were stopped: 0.0041587 seconds, Stopping threads took: 0.0000181 seconds
143.571: [GC (Allocation Failure)  1692174K->103403K(1660928K), 0.0015501 secs]
143.572: Total time for which application threads were stopped: 0.0016847 seconds, Stopping threads took: 0.0000268 seconds
143.880: [GC (Allocation Failure)  1612267K->110382K(1598464K), 0.0039133 secs]
143.884: Total time for which application threads were stopped: 0.0040791 seconds, Stopping threads took: 0.0000204 seconds
144.178: [GC (Allocation Failure)  1550126K->110382K(1883648K), 0.0041689 secs]
144.182: Total time for which application threads were stopped: 0.0043356 seconds, Stopping threads took: 0.0000286 seconds
144.543: [GC (Allocation Failure)  1835310K->110510K(2225664K), 0.0042771 secs]
144.547: Total time for which application threads were stopped: 0.0044303 seconds, Stopping threads took: 0.0000198 seconds
144.975: [GC (Allocation Failure)  2176942K->115723K(2531328K), 0.0068503 secs]
144.982: Total time for which application threads were stopped: 0.0070026 seconds, Stopping threads took: 0.0000200 seconds
145.472: [GC (Allocation Failure)  2489355K->119726K(2537472K), 0.0047113 secs]
145.477: Total time for which application threads were stopped: 0.0048873 seconds, Stopping threads took: 0.0000214 seconds
145.965: [GC (Allocation Failure)  2493358K->117710K(2877440K), 0.0047227 secs]
145.969: Total time for which application threads were stopped: 0.0048953 seconds, Stopping threads took: 0.0000207 seconds
146.599: [GC (Allocation Failure)  2831310K->116654K(2743296K), 0.0050738 secs]
146.604: Total time for which application threads were stopped: 0.0052489 seconds, Stopping threads took: 0.0000274 seconds
147.126: [GC (Allocation Failure)  2701230K->117262K(2617856K), 0.0048749 secs]
147.131: Total time for which application threads were stopped: 0.0050754 seconds, Stopping threads took: 0.0000271 seconds
147.634: [GC (Allocation Failure)  2578958K->120398K(2504704K), 0.0043359 secs]
147.638: Total time for which application threads were stopped: 0.0044954 seconds, Stopping threads took: 0.0000200 seconds
148.128: [GC (Allocation Failure)  2465358K->120398K(2394112K), 0.0040885 secs]
148.132: Total time for which application threads were stopped: 0.0043966 seconds, Stopping threads took: 0.0000283 seconds
148.597: [GC (Allocation Failure)  2354766K->119694K(2287616K), 0.0041169 secs]
148.602: Total time for which application threads were stopped: 0.0042828 seconds, Stopping threads took: 0.0000203 seconds
149.040: [GC (Allocation Failure)  2248590K->121102K(2187264K), 0.0041396 secs]
149.044: Total time for which application threads were stopped: 0.0043121 seconds, Stopping threads took: 0.0000293 seconds
149.464: [GC (Allocation Failure)  2150158K->121550K(2092544K), 0.0041788 secs]
149.469: Total time for which application threads were stopped: 0.0043432 seconds, Stopping threads took: 0.0000188 seconds
149.858: [GC (Allocation Failure)  2055374K->121518K(2002432K), 0.0036116 secs]
149.862: Total time for which application threads were stopped: 0.0037914 seconds, Stopping threads took: 0.0000199 seconds
150.243: [GC (Allocation Failure)  1965230K->124686K(1919488K), 0.0046928 secs]
150.247: Total time for which application threads were stopped: 0.0048838 seconds, Stopping threads took: 0.0000235 seconds
150.611: [GC (Allocation Failure)  1882382K->121478K(1830400K), 0.0036385 secs]
150.615: Total time for which application threads were stopped: 0.0038026 seconds, Stopping threads took: 0.0000200 seconds
150.954: [GC (Allocation Failure)  1797766K->125992K(2166784K), 0.0041074 secs]
150.958: Total time for which application threads were stopped: 0.0043006 seconds, Stopping threads took: 0.0000195 seconds
151.377: [GC (Allocation Failure)  2134056K->125960K(2072576K), 0.0040940 secs]
151.382: Total time for which application threads were stopped: 0.0042647 seconds, Stopping threads took: 0.0000202 seconds
151.779: [GC (Allocation Failure)  2039816K->125960K(1983488K), 0.0041883 secs]
151.784: Total time for which application threads were stopped: 0.0043556 seconds, Stopping threads took: 0.0000212 seconds
152.162: [GC (Allocation Failure)  1950728K->133294K(2344960K), 0.0080278 secs]
152.170: Total time for which application threads were stopped: 0.0082041 seconds, Stopping threads took: 0.0000199 seconds
152.627: [GC (Allocation Failure)  2320046K->133680K(2779136K), 0.0042587 secs]
152.632: Total time for which application threads were stopped: 0.0044927 seconds, Stopping threads took: 0.0000190 seconds
153.175: [GC (Allocation Failure)  2754096K->131342K(2652672K), 0.0033050 secs]
153.178: Total time for which application threads were stopped: 0.0034735 seconds, Stopping threads took: 0.0000285 seconds
153.694: [GC (Allocation Failure)  2627342K->133712K(2536448K), 0.0040503 secs]
153.698: Total time for which application threads were stopped: 0.0042210 seconds, Stopping threads took: 0.0000209 seconds
154.185: [GC (Allocation Failure)  2511440K->133680K(2423808K), 0.0042007 secs]
154.189: Total time for which application threads were stopped: 0.0043744 seconds, Stopping threads took: 0.0000284 seconds
154.657: [GC (Allocation Failure)  2398768K->134576K(2317824K), 0.0045178 secs]
154.662: Total time for which application threads were stopped: 0.0046775 seconds, Stopping threads took: 0.0000207 seconds
155.097: [GC (Allocation Failure)  2292656K->133680K(2215424K), 0.0040256 secs]
155.101: Total time for which application threads were stopped: 0.0042280 seconds, Stopping threads took: 0.0000600 seconds
155.533: [GC (Allocation Failure)  2190384K->133712K(2119168K), 0.0042718 secs]
155.537: Total time for which application threads were stopped: 0.0044340 seconds, Stopping threads took: 0.0000272 seconds
155.945: [GC (Allocation Failure)  2094160K->133712K(2027520K), 0.0041158 secs]
155.949: Total time for which application threads were stopped: 0.0042832 seconds, Stopping threads took: 0.0000203 seconds
156.332: [GC (Allocation Failure)  2002512K->133712K(1940480K), 0.0042888 secs]
156.336: Total time for which application threads were stopped: 0.0044651 seconds, Stopping threads took: 0.0000199 seconds
156.710: [GC (Allocation Failure)  1915472K->133640K(1857024K), 0.0038749 secs]
156.714: Total time for which application threads were stopped: 0.0040386 seconds, Stopping threads took: 0.0000211 seconds
157.060: [GC (Allocation Failure)  1832456K->134088K(1778688K), 0.0041426 secs]
157.064: Total time for which application threads were stopped: 0.0043282 seconds, Stopping threads took: 0.0000283 seconds
157.403: [GC (Allocation Failure)  1754056K->134008K(2098176K), 0.0040257 secs]
157.407: Total time for which application threads were stopped: 0.0041887 seconds, Stopping threads took: 0.0000200 seconds
157.801: [GC (Allocation Failure)  2074488K->134968K(2483200K), 0.0041253 secs]
157.806: Total time for which application threads were stopped: 0.0042809 seconds, Stopping threads took: 0.0000190 seconds
158.289: [GC (Allocation Failure)  2459448K->137960K(2373120K), 0.0048139 secs]
158.294: Total time for which application threads were stopped: 0.0049754 seconds, Stopping threads took: 0.0000200 seconds
158.742: [GC (Allocation Failure)  2352872K->138408K(2269184K), 0.0045286 secs]
158.746: Total time for which application threads were stopped: 0.0047000 seconds, Stopping threads took: 0.0000196 seconds
159.185: [GC (Allocation Failure)  2248872K->139760K(2169856K), 0.0043197 secs]
159.189: Total time for which application threads were stopped: 0.0044970 seconds, Stopping threads took: 0.0000201 seconds
159.612: [GC (Allocation Failure)  2150896K->139664K(2075648K), 0.0042157 secs]
159.617: Total time for which application threads were stopped: 0.0043723 seconds, Stopping threads took: 0.0000197 seconds
160.017: [GC (Allocation Failure)  2056592K->139624K(1985536K), 0.0037729 secs]
160.021: Total time for which application threads were stopped: 0.0039331 seconds, Stopping threads took: 0.0000202 seconds
160.402: [GC (Allocation Failure)  1966952K->140648K(1901568K), 0.0044749 secs]
160.406: Total time for which application threads were stopped: 0.0046390 seconds, Stopping threads took: 0.0000193 seconds
160.771: [GC (Allocation Failure)  1882984K->140008K(2244096K), 0.0040511 secs]
160.776: Total time for which application threads were stopped: 0.0042191 seconds, Stopping threads took: 0.0000205 seconds
161.210: [GC (Allocation Failure)  2226920K->142344K(2148864K), 0.0040670 secs]
161.214: Total time for which application threads were stopped: 0.0042325 seconds, Stopping threads took: 0.0000275 seconds
161.624: [GC (Allocation Failure)  2131464K->143240K(2052608K), 0.0044560 secs]
161.629: Total time for which application threads were stopped: 0.0046183 seconds, Stopping threads took: 0.0000202 seconds
162.020: [GC (Allocation Failure)  2039176K->145384K(1966592K), 0.0043228 secs]
162.024: Total time for which application threads were stopped: 0.0045041 seconds, Stopping threads took: 0.0000260 seconds
162.404: [GC (Allocation Failure)  1952744K->145256K(2323456K), 0.0040093 secs]
162.408: Total time for which application threads were stopped: 0.0041789 seconds, Stopping threads took: 0.0000204 seconds
162.850: [GC (Allocation Failure)  2309992K->145192K(2221568K), 0.0044040 secs]
162.855: Total time for which application threads were stopped: 0.0045796 seconds, Stopping threads took: 0.0000200 seconds
163.282: [GC (Allocation Failure)  2208040K->145168K(2122240K), 0.0041059 secs]
163.286: Total time for which application threads were stopped: 0.0042570 seconds, Stopping threads took: 0.0000178 seconds
163.685: [GC (Allocation Failure)  2111248K->147664K(2032640K), 0.0042218 secs]
163.690: Total time for which application threads were stopped: 0.0043894 seconds, Stopping threads took: 0.0000188 seconds
164.078: [GC (Allocation Failure)  2021584K->147664K(1945088K), 0.0040023 secs]
164.082: Total time for which application threads were stopped: 0.0041724 seconds, Stopping threads took: 0.0000203 seconds
164.449: [GC (Allocation Failure)  1934032K->147664K(1862144K), 0.0041392 secs]
164.453: Total time for which application threads were stopped: 0.0043306 seconds, Stopping threads took: 0.0000198 seconds
164.808: [GC (Allocation Failure)  1851088K->147624K(2195968K), 0.0041842 secs]
164.812: Total time for which application threads were stopped: 0.0043465 seconds, Stopping threads took: 0.0000212 seconds
165.240: [GC (Allocation Failure)  2188456K->151272K(2604032K), 0.0048851 secs]
165.245: Total time for which application threads were stopped: 0.0050474 seconds, Stopping threads took: 0.0000257 seconds
165.753: [GC (Allocation Failure)  2596072K->153624K(2701824K), 0.0049165 secs]
165.758: [Full GC (Ergonomics)  153624K->11073K(2703360K), 0.0141769 secs]
165.773: Total time for which application threads were stopped: 0.0193849 seconds, Stopping threads took: 0.0000200 seconds
166.290: [GC (Allocation Failure)  2554689K->20707K(2584576K), 0.0044458 secs]
166.294: Total time for which application threads were stopped: 0.0046113 seconds, Stopping threads took: 0.0000200 seconds
166.787: [GC (Allocation Failure)  2443491K->20651K(2461696K), 0.0039933 secs]
166.791: Total time for which application threads were stopped: 0.0041762 seconds, Stopping threads took: 0.0000204 seconds
167.276: [GC (Allocation Failure)  2328747K->27182K(2359296K), 0.0038230 secs]
167.280: Total time for which application threads were stopped: 0.0039939 seconds, Stopping threads took: 0.0000201 seconds
167.737: [GC (Allocation Failure)  2226222K->27214K(2255872K), 0.0039632 secs]
167.742: Total time for which application threads were stopped: 0.0041310 seconds, Stopping threads took: 0.0000207 seconds
168.180: [GC (Allocation Failure)  2122830K->30102K(2160128K), 0.0046240 secs]
168.185: Total time for which application threads were stopped: 0.0048026 seconds, Stopping threads took: 0.0000263 seconds
168.605: [GC (Allocation Failure)  2027414K->27398K(2059264K), 0.0038474 secs]
168.609: Total time for which application threads were stopped: 0.0040140 seconds, Stopping threads took: 0.0000260 seconds
169.004: [GC (Allocation Failure)  1931526K->32424K(1975808K), 0.0035852 secs]
169.008: Total time for which application threads were stopped: 0.0037521 seconds, Stopping threads took: 0.0000250 seconds
169.383: [GC (Allocation Failure)  1847976K->32488K(1891328K), 0.0038178 secs]
169.387: Total time for which application threads were stopped: 0.0040085 seconds, Stopping threads took: 0.0000202 seconds
169.746: [GC (Allocation Failure)  1763560K->32424K(1811456K), 0.0041494 secs]
169.751: Total time for which application threads were stopped: 0.0043405 seconds, Stopping threads took: 0.0000208 seconds
170.097: [GC (Allocation Failure)  1683624K->32656K(1733632K), 0.0035670 secs]
170.101: Total time for which application threads were stopped: 0.0037643 seconds, Stopping threads took: 0.0000278 seconds
170.423: [GC (Allocation Failure)  1607568K->34096K(2044416K), 0.0042407 secs]
170.427: Total time for which application threads were stopped: 0.0043970 seconds, Stopping threads took: 0.0000189 seconds
170.821: [GC (Allocation Failure)  1918256K->34056K(1955840K), 0.0035519 secs]
170.825: Total time for which application threads were stopped: 0.0037120 seconds, Stopping threads took: 0.0000200 seconds
171.190: [GC (Allocation Failure)  1830664K->35080K(1873408K), 0.0040368 secs]
171.194: Total time for which application threads were stopped: 0.0041974 seconds, Stopping threads took: 0.0000191 seconds
171.543: [GC (Allocation Failure)  1748232K->34952K(2208256K), 0.0036143 secs]
171.546: Total time for which application threads were stopped: 0.0037562 seconds, Stopping threads took: 0.0000169 seconds
171.972: [GC (Allocation Failure)  2084488K->36424K(2114048K), 0.0038380 secs]
171.976: Total time for which application threads were stopped: 0.0040045 seconds, Stopping threads took: 0.0000196 seconds
172.373: [GC (Allocation Failure)  1990216K->36424K(2020864K), 0.0040420 secs]
172.377: Total time for which application threads were stopped: 0.0042039 seconds, Stopping threads took: 0.0000209 seconds
172.765: [GC (Allocation Failure)  1899080K->38376K(1936384K), 0.0040151 secs]
172.769: Total time for which application threads were stopped: 0.0042047 seconds, Stopping threads took: 0.0000200 seconds
173.137: [GC (Allocation Failure)  1814504K->38360K(2283008K), 0.0043406 secs]
173.142: Total time for which application threads were stopped: 0.0045149 seconds, Stopping threads took: 0.0000257 seconds
173.573: [GC (Allocation Failure)  2162648K->39832K(2184704K), 0.0042041 secs]
173.578: Total time for which application threads were stopped: 0.0043604 seconds, Stopping threads took: 0.0000200 seconds
173.996: [GC (Allocation Failure)  2064280K->40496K(2086912K), 0.0043291 secs]
174.001: Total time for which application threads were stopped: 0.0045000 seconds, Stopping threads took: 0.0000200 seconds
174.403: [GC (Allocation Failure)  1970224K->44080K(2468864K), 0.0043653 secs]
174.407: Total time for which application threads were stopped: 0.0045317 seconds, Stopping threads took: 0.0000195 seconds
174.884: [GC (Allocation Failure)  2352176K->43536K(2357248K), 0.0041011 secs]
174.888: Total time for which application threads were stopped: 0.0042597 seconds, Stopping threads took: 0.0000208 seconds
175.350: [GC (Allocation Failure)  2242576K->45488K(2255872K), 0.0038512 secs]
175.354: Total time for which application threads were stopped: 0.0040536 seconds, Stopping threads took: 0.0000252 seconds
175.788: [GC (Allocation Failure)  2141104K->45480K(2155008K), 0.0039806 secs]
175.792: Total time for which application threads were stopped: 0.0041506 seconds, Stopping threads took: 0.0000198 seconds
176.207: [GC (Allocation Failure)  2042792K->48072K(2064896K), 0.0042227 secs]
176.211: Total time for which application threads were stopped: 0.0044049 seconds, Stopping threads took: 0.0000268 seconds
176.607: [GC (Allocation Failure)  1952200K->47952K(1973248K), 0.0040007 secs]
176.611: Total time for which application threads were stopped: 0.0041802 seconds, Stopping threads took: 0.0000208 seconds
176.983: [GC (Allocation Failure)  1863504K->50416K(1891328K), 0.0040515 secs]
176.988: Total time for which application threads were stopped: 0.0042400 seconds, Stopping threads took: 0.0000199 seconds
177.349: [GC (Allocation Failure)  1781488K->53992K(2229760K), 0.0052654 secs]
177.354: Total time for which application threads were stopped: 0.0054329 seconds, Stopping threads took: 0.0000200 seconds
177.782: [GC (Allocation Failure)  2125544K->55944K(2620416K), 0.0036626 secs]
177.786: Total time for which application threads were stopped: 0.0038205 seconds, Stopping threads took: 0.0000194 seconds
178.282: [GC (Allocation Failure)  2513544K->55944K(2501632K), 0.0045832 secs]
178.287: Total time for which application threads were stopped: 0.0047360 seconds, Stopping threads took: 0.0000193 seconds
178.758: [GC (Allocation Failure)  2397320K->55944K(2391040K), 0.0047022 secs]
178.763: Total time for which application threads were stopped: 0.0048820 seconds, Stopping threads took: 0.0000199 seconds
179.218: [GC (Allocation Failure)  2286728K->57872K(2630656K), 0.0059247 secs]
179.224: Total time for which application threads were stopped: 0.0061302 seconds, Stopping threads took: 0.0000293 seconds
179.735: [GC (Allocation Failure)  2531856K->67726K(2636800K), 0.0071595 secs]
179.742: Total time for which application threads were stopped: 0.0073300 seconds, Stopping threads took: 0.0000204 seconds
180.258: [GC (Allocation Failure)  2541710K->65176K(2880000K), 0.0045830 secs]
180.262: Total time for which application threads were stopped: 0.0047742 seconds, Stopping threads took: 0.0000205 seconds
180.862: [GC (Allocation Failure)  2780312K->65176K(2746368K), 0.0048704 secs]
180.867: Total time for which application threads were stopped: 0.0050592 seconds, Stopping threads took: 0.0000200 seconds
181.400: [GC (Allocation Failure)  2651288K->65096K(2620416K), 0.0046081 secs]
181.405: Total time for which application threads were stopped: 0.0047637 seconds, Stopping threads took: 0.0000205 seconds
181.915: [GC (Allocation Failure)  2528328K->68072K(2506752K), 0.0042411 secs]
181.919: Total time for which application threads were stopped: 0.0044061 seconds, Stopping threads took: 0.0000200 seconds
182.406: [GC (Allocation Failure)  2414568K->68072K(2396160K), 0.0038939 secs]
182.410: Total time for which application threads were stopped: 0.0040629 seconds, Stopping threads took: 0.0000202 seconds
182.872: [GC (Allocation Failure)  2303976K->68072K(2290688K), 0.0041011 secs]
182.876: Total time for which application threads were stopped: 0.0042623 seconds, Stopping threads took: 0.0000200 seconds
183.317: [GC (Allocation Failure)  2198504K->68032K(2190336K), 0.0037066 secs]
183.321: Total time for which application threads were stopped: 0.0038920 seconds, Stopping threads took: 0.0000345 seconds
183.730: [GC (Allocation Failure)  2098624K->68480K(2095616K), 0.0044194 secs]
183.735: Total time for which application threads were stopped: 0.0046001 seconds, Stopping threads took: 0.0000206 seconds
184.136: [GC (Allocation Failure)  2003840K->68480K(2005504K), 0.0038579 secs]
184.140: Total time for which application threads were stopped: 0.0040148 seconds, Stopping threads took: 0.0000253 seconds
184.514: [GC (Allocation Failure)  1913728K->68480K(1919488K), 0.0040143 secs]
184.518: Total time for which application threads were stopped: 0.0042044 seconds, Stopping threads took: 0.0000194 seconds
184.883: [GC (Allocation Failure)  1827712K->70472K(1836544K), 0.0045295 secs]
184.888: Total time for which application threads were stopped: 0.0047304 seconds, Stopping threads took: 0.0000217 seconds
185.238: [GC (Allocation Failure)  1748296K->71944K(2167296K), 0.0043128 secs]
185.243: Total time for which application threads were stopped: 0.0044921 seconds, Stopping threads took: 0.0000249 seconds
185.657: [GC (Allocation Failure)  2078984K->71944K(2073600K), 0.0036638 secs]
185.661: Total time for which application threads were stopped: 0.0038137 seconds, Stopping threads took: 0.0000172 seconds
186.055: [GC (Allocation Failure)  1985288K->71944K(1984512K), 0.0039572 secs]
186.059: Total time for which application threads were stopped: 0.0041185 seconds, Stopping threads took: 0.0000258 seconds
186.441: [GC (Allocation Failure)  1896200K->71872K(2340864K), 0.0046923 secs]
186.446: Total time for which application threads were stopped: 0.0048654 seconds, Stopping threads took: 0.0000210 seconds
186.900: [GC (Allocation Failure)  2254016K->74848K(2241536K), 0.0039975 secs]
186.904: Total time for which application threads were stopped: 0.0041818 seconds, Stopping threads took: 0.0000205 seconds
187.332: [GC (Allocation Failure)  2154592K->73280K(2140160K), 0.0041699 secs]
187.337: Total time for which application threads were stopped: 0.0043450 seconds, Stopping threads took: 0.0000199 seconds
187.748: [GC (Allocation Failure)  2055744K->75776K(2050048K), 0.0039536 secs]
187.752: Total time for which application threads were stopped: 0.0041459 seconds, Stopping threads took: 0.0000200 seconds
188.143: [GC (Allocation Failure)  1965568K->75776K(1961984K), 0.0036373 secs]
188.147: Total time for which application threads were stopped: 0.0038008 seconds, Stopping threads took: 0.0000204 seconds
188.521: [GC (Allocation Failure)  1877504K->78864K(2317824K), 0.0048786 secs]
188.526: Total time for which application threads were stopped: 0.0050332 seconds, Stopping threads took: 0.0000277 seconds
188.978: [GC (Allocation Failure)  2233872K->76176K(2208768K), 0.0037637 secs]
188.982: Total time for which application threads were stopped: 0.0039134 seconds, Stopping threads took: 0.0000174 seconds
189.411: [GC (Allocation Failure)  2129808K->81298K(2118144K), 0.0041037 secs]
189.415: Total time for which application threads were stopped: 0.0042732 seconds, Stopping threads took: 0.0000198 seconds
189.821: [GC (Allocation Failure)  2038674K->81202K(2026496K), 0.0039506 secs]
189.825: Total time for which application threads were stopped: 0.0041263 seconds, Stopping threads took: 0.0000206 seconds
190.215: [GC (Allocation Failure)  1947442K->81234K(2394112K), 0.0092640 secs]
190.225: Total time for which application threads were stopped: 0.0094227 seconds, Stopping threads took: 0.0000275 seconds
190.678: [GC (Allocation Failure)  2315090K->81130K(2792960K), 0.0041003 secs]
190.683: Total time for which application threads were stopped: 0.0042835 seconds, Stopping threads took: 0.0000201 seconds
191.221: [GC (Allocation Failure)  2716394K->83658K(2798080K), 0.0044215 secs]
191.226: Total time for which application threads were stopped: 0.0045891 seconds, Stopping threads took: 0.0000250 seconds
191.775: [GC (Allocation Failure)  2718922K->83594K(2881024K), 0.0046905 secs]
191.780: Total time for which application threads were stopped: 0.0048473 seconds, Stopping threads took: 0.0000211 seconds
192.360: [GC (Allocation Failure)  2802826K->83786K(2750464K), 0.0049700 secs]
192.365: Total time for which application threads were stopped: 0.0051294 seconds, Stopping threads took: 0.0000201 seconds
192.902: [GC (Allocation Failure)  2673482K->83562K(2621440K), 0.0042223 secs]
192.906: Total time for which application threads were stopped: 0.0044030 seconds, Stopping threads took: 0.0000208 seconds
193.415: [GC (Allocation Failure)  2550378K->89069K(2510336K), 0.0038965 secs]
193.419: Total time for which application threads were stopped: 0.0040625 seconds, Stopping threads took: 0.0000201 seconds
193.903: [GC (Allocation Failure)  2439149K->89101K(2399232K), 0.0039675 secs]
193.907: Total time for which application threads were stopped: 0.0041768 seconds, Stopping threads took: 0.0000421 seconds
194.360: [GC (Allocation Failure)  2328077K->89773K(2294784K), 0.0043852 secs]
194.365: Total time for which application threads were stopped: 0.0045555 seconds, Stopping threads took: 0.0000199 seconds
194.806: [GC (Allocation Failure)  2223277K->89037K(2187776K), 0.0039937 secs]
194.810: Total time for which application threads were stopped: 0.0041626 seconds, Stopping threads took: 0.0000201 seconds
195.231: [GC (Allocation Failure)  2122189K->94607K(2098176K), 0.0042795 secs]
195.235: Total time for which application threads were stopped: 0.0044403 seconds, Stopping threads took: 0.0000174 seconds
195.641: [GC (Allocation Failure)  2032527K->94607K(2007552K), 0.0038019 secs]
195.644: Total time for which application threads were stopped: 0.0039946 seconds, Stopping threads took: 0.0000205 seconds
196.031: [GC (Allocation Failure)  1941903K->94511K(1921536K), 0.0043994 secs]
196.035: Total time for which application threads were stopped: 0.0045556 seconds, Stopping threads took: 0.0000203 seconds
196.401: [GC (Allocation Failure)  1855791K->94503K(1835520K), 0.0036188 secs]
196.404: Total time for which application threads were stopped: 0.0037931 seconds, Stopping threads took: 0.0000209 seconds
196.754: [GC (Allocation Failure)  1774375K->99081K(1762816K), 0.0042111 secs]
196.758: Total time for which application threads were stopped: 0.0043799 seconds, Stopping threads took: 0.0000284 seconds
197.089: [GC (Allocation Failure)  1701641K->99857K(2077184K), 0.0039415 secs]
197.093: Total time for which application threads were stopped: 0.0041088 seconds, Stopping threads took: 0.0000202 seconds
197.485: [GC (Allocation Failure)  2016785K->100081K(2453504K), 0.0042743 secs]
197.490: Total time for which application threads were stopped: 0.0044637 seconds, Stopping threads took: 0.0000194 seconds
197.965: [GC (Allocation Failure)  2392817K->99753K(2339840K), 0.0038812 secs]
197.969: Total time for which application threads were stopped: 0.0040515 seconds, Stopping threads took: 0.0000211 seconds
198.423: [GC (Allocation Failure)  2284457K->104747K(2242048K), 0.0041566 secs]
198.427: Total time for which application threads were stopped: 0.0043147 seconds, Stopping threads took: 0.0000197 seconds
198.851: [GC (Allocation Failure)  2186539K->104747K(2144256K), 0.0039030 secs]
198.855: Total time for which application threads were stopped: 0.0040616 seconds, Stopping threads took: 0.0000202 seconds
199.265: [GC (Allocation Failure)  2088747K->104779K(2051584K), 0.0043850 secs]
199.269: Total time for which application threads were stopped: 0.0045621 seconds, Stopping threads took: 0.0000199 seconds
199.654: [GC (Allocation Failure)  1996107K->104715K(1957888K), 0.0037758 secs]
199.658: Total time for which application threads were stopped: 0.0039496 seconds, Stopping threads took: 0.0000210 seconds
200.021: [GC (Allocation Failure)  1907979K->110222K(1880064K), 0.0041752 secs]
200.026: Total time for which application threads were stopped: 0.0043498 seconds, Stopping threads took: 0.0000198 seconds
200.389: [GC (Allocation Failure)  1830030K->110366K(2217472K), 0.0038612 secs]
200.393: Total time for which application threads were stopped: 0.0040229 seconds, Stopping threads took: 0.0000263 seconds
200.811: [GC (Allocation Failure)  2167582K->110334K(2121216K), 0.0041911 secs]
200.815: Total time for which application threads were stopped: 0.0043485 seconds, Stopping threads took: 0.0000192 seconds
201.224: [GC (Allocation Failure)  2071294K->110262K(2500608K), 0.0064655 secs]
201.230: Total time for which application threads were stopped: 0.0066590 seconds, Stopping threads took: 0.0000254 seconds
201.714: [GC (Allocation Failure)  2456246K->111830K(2392064K), 0.0028230 secs]
201.717: Total time for which application threads were stopped: 0.0029728 seconds, Stopping threads took: 0.0000198 seconds
202.182: [GC (Allocation Failure)  2347222K->115992K(2291200K), 0.0039364 secs]
202.186: Total time for which application threads were stopped: 0.0040979 seconds, Stopping threads took: 0.0000259 seconds
202.632: [GC (Allocation Failure)  2246424K->115800K(2190848K), 0.0039650 secs]
202.636: Total time for which application threads were stopped: 0.0041311 seconds, Stopping threads took: 0.0000280 seconds
203.058: [GC (Allocation Failure)  2146392K->115720K(2090496K), 0.0038652 secs]
203.062: Total time for which application threads were stopped: 0.0040353 seconds, Stopping threads took: 0.0000207 seconds
203.463: [GC (Allocation Failure)  2051080K->120714K(2005504K), 0.0040552 secs]
203.467: Total time for which application threads were stopped: 0.0042481 seconds, Stopping threads took: 0.0000197 seconds
203.842: [GC (Allocation Failure)  1965962K->120714K(1919488K), 0.0039497 secs]
203.846: Total time for which application threads were stopped: 0.0041197 seconds, Stopping threads took: 0.0000203 seconds
204.215: [GC (Allocation Failure)  1879946K->121258K(1838592K), 0.0042339 secs]
204.219: Total time for which application threads were stopped: 0.0043963 seconds, Stopping threads took: 0.0000201 seconds
204.566: [GC (Allocation Failure)  1799082K->120682K(2161152K), 0.0040242 secs]
204.570: Total time for which application threads were stopped: 0.0041909 seconds, Stopping threads took: 0.0000263 seconds
204.987: [GC (Allocation Failure)  2127722K->126700K(2073600K), 0.0038304 secs]
204.991: Total time for which application threads were stopped: 0.0040211 seconds, Stopping threads took: 0.0000196 seconds
205.394: [GC (Allocation Failure)  2040044K->126700K(1984512K), 0.0040257 secs]
205.398: Total time for which application threads were stopped: 0.0041921 seconds, Stopping threads took: 0.0000204 seconds
205.772: [GC (Allocation Failure)  1950956K->126700K(1900032K), 0.0041651 secs]
205.777: Total time for which application threads were stopped: 0.0043307 seconds, Stopping threads took: 0.0000207 seconds
206.139: [GC (Allocation Failure)  1866476K->126716K(2235904K), 0.0042157 secs]
206.144: Total time for which application threads were stopped: 0.0043840 seconds, Stopping threads took: 0.0000271 seconds
206.566: [GC (Allocation Failure)  2207996K->132255K(2144256K), 0.0040193 secs]
206.570: Total time for which application threads were stopped: 0.0041830 seconds, Stopping threads took: 0.0000262 seconds
206.981: [GC (Allocation Failure)  2116255K->132223K(2051584K), 0.0039027 secs]
206.985: Total time for which application threads were stopped: 0.0040664 seconds, Stopping threads took: 0.0000204 seconds
207.376: [GC (Allocation Failure)  2023551K->132255K(1963520K), 0.0042721 secs]
207.381: Total time for which application threads were stopped: 0.0044379 seconds, Stopping threads took: 0.0000199 seconds
207.743: [GC (Allocation Failure)  1935519K->133503K(2311680K), 0.0040913 secs]
207.747: Total time for which application threads were stopped: 0.0042513 seconds, Stopping threads took: 0.0000202 seconds
208.182: [GC (Allocation Failure)  2290559K->139009K(2215936K), 0.0039920 secs]
208.186: Total time for which application threads were stopped: 0.0041559 seconds, Stopping threads took: 0.0000261 seconds
208.614: [GC (Allocation Failure)  2194689K->139153K(2119680K), 0.0039283 secs]
208.618: Total time for which application threads were stopped: 0.0040884 seconds, Stopping threads took: 0.0000202 seconds
209.028: [GC (Allocation Failure)  2098577K->139137K(2028032K), 0.0044945 secs]
209.033: Total time for which application threads were stopped: 0.0046671 seconds, Stopping threads took: 0.0000199 seconds
209.426: [GC (Allocation Failure)  2006913K->139049K(1935360K), 0.0038797 secs]
209.430: Total time for which application threads were stopped: 0.0040574 seconds, Stopping threads took: 0.0000269 seconds
209.796: [GC (Allocation Failure)  1919785K->144587K(1858560K), 0.0039662 secs]
209.800: Total time for which application threads were stopped: 0.0041225 seconds, Stopping threads took: 0.0000197 seconds
210.155: [GC (Allocation Failure)  1842891K->145227K(2191872K), 0.0042369 secs]
210.159: Total time for which application threads were stopped: 0.0044129 seconds, Stopping threads took: 0.0000266 seconds
210.581: [GC (Allocation Failure)  2176843K->145131K(2096640K), 0.0040394 secs]
210.585: Total time for which application threads were stopped: 0.0041952 seconds, Stopping threads took: 0.0000253 seconds
210.984: [GC (Allocation Failure)  2081515K->145099K(2470912K), 0.0042872 secs]
210.988: [Full GC (Ergonomics)  145099K->8486K(2472960K), 0.0110635 secs]
211.000: Total time for which application threads were stopped: 0.0156200 seconds, Stopping threads took: 0.0000204 seconds
211.480: [GC (Allocation Failure)  2324774K->17065K(2370048K), 0.0038822 secs]
211.484: Total time for which application threads were stopped: 0.0041607 seconds, Stopping threads took: 0.0000209 seconds
211.935: [GC (Allocation Failure)  2224297K->16513K(2265088K), 0.0038102 secs]
211.939: Total time for which application threads were stopped: 0.0039751 seconds, Stopping threads took: 0.0000202 seconds
212.363: [GC (Allocation Failure)  2119809K->17313K(2167808K), 0.0040709 secs]
212.368: Total time for which application threads were stopped: 0.0042241 seconds, Stopping threads took: 0.0000191 seconds
212.779: [GC (Allocation Failure)  2022305K->19958K(2555904K), 0.0079792 secs]
212.788: Total time for which application threads were stopped: 0.0081500 seconds, Stopping threads took: 0.0000199 seconds
213.288: [GC (Allocation Failure)  2419190K->19286K(2442240K), 0.0013184 secs]
213.289: Total time for which application threads were stopped: 0.0014434 seconds, Stopping threads took: 0.0000196 seconds
213.768: [GC (Allocation Failure)  2305366K->25785K(2341376K), 0.0039489 secs]
213.772: Total time for which application threads were stopped: 0.0041152 seconds, Stopping threads took: 0.0000206 seconds
214.228: [GC (Allocation Failure)  2204345K->25465K(2238464K), 0.0044963 secs]
214.232: Total time for which application threads were stopped: 0.0046528 seconds, Stopping threads took: 0.0000196 seconds
214.666: [GC (Allocation Failure)  2101625K->25481K(2139136K), 0.0039958 secs]
214.670: Total time for which application threads were stopped: 0.0041758 seconds, Stopping threads took: 0.0000266 seconds
215.081: [GC (Allocation Failure)  2004361K->27529K(2049024K), 0.0039107 secs]
215.085: Total time for which application threads were stopped: 0.0040750 seconds, Stopping threads took: 0.0000270 seconds
215.475: [GC (Allocation Failure)  1914249K->27401K(1960960K), 0.0036647 secs]
215.479: Total time for which application threads were stopped: 0.0038272 seconds, Stopping threads took: 0.0000207 seconds
215.848: [GC (Allocation Failure)  1826569K->27849K(1878016K), 0.0038613 secs]
215.852: Total time for which application threads were stopped: 0.0040482 seconds, Stopping threads took: 0.0000191 seconds
216.209: [GC (Allocation Failure)  1743561K->27977K(1795584K), 0.0040011 secs]
216.213: Total time for which application threads were stopped: 0.0042018 seconds, Stopping threads took: 0.0000259 seconds
216.554: [GC (Allocation Failure)  1664329K->30953K(2119680K), 0.0042205 secs]
216.558: Total time for which application threads were stopped: 0.0044328 seconds, Stopping threads took: 0.0000536 seconds
216.965: [GC (Allocation Failure)  1988329K->30913K(2028032K), 0.0039322 secs]
216.969: Total time for which application threads were stopped: 0.0041277 seconds, Stopping threads took: 0.0000209 seconds
217.363: [GC (Allocation Failure)  1897153K->31329K(1942016K), 0.0041012 secs]
217.367: Total time for which application threads were stopped: 0.0042599 seconds, Stopping threads took: 0.0000200 seconds
217.732: [GC (Allocation Failure)  1811041K->32521K(2287104K), 0.0041596 secs]
217.736: Total time for which application threads were stopped: 0.0043311 seconds, Stopping threads took: 0.0000206 seconds
218.180: [GC (Allocation Failure)  2161417K->36553K(2191360K), 0.0040204 secs]
218.184: Total time for which application threads were stopped: 0.0041879 seconds, Stopping threads took: 0.0000201 seconds
218.608: [GC (Allocation Failure)  2065609K->36521K(2096128K), 0.0038703 secs]
218.612: Total time for which application threads were stopped: 0.0040479 seconds, Stopping threads took: 0.0000266 seconds
219.016: [GC (Allocation Failure)  1970857K->37001K(2006528K), 0.0039029 secs]
219.020: Total time for which application threads were stopped: 0.0040595 seconds, Stopping threads took: 0.0000202 seconds
219.406: [GC (Allocation Failure)  1881225K->36905K(1916928K), 0.0041368 secs]
219.410: Total time for which application threads were stopped: 0.0043074 seconds, Stopping threads took: 0.0000203 seconds
219.777: [GC (Allocation Failure)  1795625K->40873K(1839616K), 0.0039112 secs]
219.781: Total time for which application threads were stopped: 0.0040744 seconds, Stopping threads took: 0.0000194 seconds
220.133: [GC (Allocation Failure)  1718185K->40873K(2166784K), 0.0038632 secs]
220.137: Total time for which application threads were stopped: 0.0040417 seconds, Stopping threads took: 0.0000286 seconds
220.555: [GC (Allocation Failure)  2046889K->42569K(2075136K), 0.0040981 secs]
220.559: Total time for which application threads were stopped: 0.0042554 seconds, Stopping threads took: 0.0000193 seconds
220.959: [GC (Allocation Failure)  1954889K->42417K(1980928K), 0.0038991 secs]
220.963: Total time for which application threads were stopped: 0.0041007 seconds, Stopping threads took: 0.0000203 seconds
221.344: [GC (Allocation Failure)  1865649K->46931K(1901056K), 0.0038878 secs]
221.348: Total time for which application threads were stopped: 0.0040325 seconds, Stopping threads took: 0.0000170 seconds
221.710: [GC (Allocation Failure)  1785683K->46859K(2241024K), 0.0039934 secs]
221.714: Total time for which application threads were stopped: 0.0041637 seconds, Stopping threads took: 0.0000207 seconds
222.143: [GC (Allocation Failure)  2126603K->47787K(2144768K), 0.0040278 secs]
222.147: Total time for which application threads were stopped: 0.0042089 seconds, Stopping threads took: 0.0000279 seconds
222.550: [GC (Allocation Failure)  2030251K->47755K(2047488K), 0.0040542 secs]
222.554: Total time for which application threads were stopped: 0.0042261 seconds, Stopping threads took: 0.0000206 seconds
222.941: [GC (Allocation Failure)  1937547K->52269K(1964032K), 0.0039091 secs]
222.945: Total time for which application threads were stopped: 0.0040987 seconds, Stopping threads took: 0.0000199 seconds
223.320: [GC (Allocation Failure)  1853997K->52205K(1878528K), 0.0038536 secs]
223.324: Total time for which application threads were stopped: 0.0040314 seconds, Stopping threads took: 0.0000197 seconds
223.681: [GC (Allocation Failure)  1770477K->54285K(1801728K), 0.0038792 secs]
223.685: Total time for which application threads were stopped: 0.0040568 seconds, Stopping threads took: 0.0000200 seconds
224.028: [GC (Allocation Failure)  1693197K->54125K(2117632K), 0.0040806 secs]
224.033: Total time for which application threads were stopped: 0.0042511 seconds, Stopping threads took: 0.0000197 seconds
224.442: [GC (Allocation Failure)  2014573K->59120K(2031104K), 0.0038561 secs]
224.446: Total time for which application threads were stopped: 0.0040181 seconds, Stopping threads took: 0.0000203 seconds
224.831: [GC (Allocation Failure)  1927920K->59088K(1942528K), 0.0038768 secs]
224.835: Total time for which application threads were stopped: 0.0040672 seconds, Stopping threads took: 0.0000200 seconds
225.203: [GC (Allocation Failure)  1840848K->60624K(2292736K), 0.0042223 secs]
225.207: Total time for which application threads were stopped: 0.0043893 seconds, Stopping threads took: 0.0000200 seconds
225.648: [GC (Allocation Failure)  2191056K->60488K(2187776K), 0.0037040 secs]
225.652: Total time for which application threads were stopped: 0.0038716 seconds, Stopping threads took: 0.0000206 seconds
226.060: [GC (Allocation Failure)  2091080K->65450K(2098176K), 0.0041113 secs]
226.065: Total time for which application threads were stopped: 0.0042754 seconds, Stopping threads took: 0.0000197 seconds
226.461: [GC (Allocation Failure)  2001322K->65450K(2006528K), 0.0039363 secs]
226.465: Total time for which application threads were stopped: 0.0041062 seconds, Stopping threads took: 0.0000197 seconds
226.849: [GC (Allocation Failure)  1911210K->66890K(1922560K), 0.0038568 secs]
226.853: Total time for which application threads were stopped: 0.0040124 seconds, Stopping threads took: 0.0000196 seconds
227.207: [GC (Allocation Failure)  1827146K->67202K(1836032K), 0.0039190 secs]
227.211: Total time for which application threads were stopped: 0.0040962 seconds, Stopping threads took: 0.0000284 seconds
227.559: [GC (Allocation Failure)  1746050K->72228K(2170368K), 0.0042441 secs]
227.563: Total time for which application threads were stopped: 0.0044001 seconds, Stopping threads took: 0.0000194 seconds
227.967: [GC (Allocation Failure)  2080292K->72164K(2562560K), 0.0041570 secs]
227.971: Total time for which application threads were stopped: 0.0043189 seconds, Stopping threads took: 0.0000201 seconds
228.474: [GC (Allocation Failure)  2473956K->73604K(2450432K), 0.0040851 secs]
228.478: Total time for which application threads were stopped: 0.0042751 seconds, Stopping threads took: 0.0000196 seconds
228.956: [GC (Allocation Failure)  2361732K->73572K(2337792K), 0.0038842 secs]
228.960: Total time for which application threads were stopped: 0.0040430 seconds, Stopping threads took: 0.0000206 seconds
229.408: [GC (Allocation Failure)  2254180K->79110K(2241024K), 0.0042281 secs]
229.412: Total time for which application threads were stopped: 0.0044229 seconds, Stopping threads took: 0.0000193 seconds
229.842: [GC (Allocation Failure)  2157318K->78534K(2141184K), 0.0039590 secs]
229.846: Total time for which application threads were stopped: 0.0041177 seconds, Stopping threads took: 0.0000197 seconds
230.252: [GC (Allocation Failure)  2059462K->80518K(2050560K), 0.0042371 secs]
230.256: Total time for which application threads were stopped: 0.0043952 seconds, Stopping threads took: 0.0000192 seconds
230.651: [GC (Allocation Failure)  1968774K->80446K(1957888K), 0.0039437 secs]
230.655: Total time for which application threads were stopped: 0.0041238 seconds, Stopping threads took: 0.0000286 seconds
231.028: [GC (Allocation Failure)  1880638K->85057K(1879552K), 0.0041376 secs]
231.032: Total time for which application threads were stopped: 0.0043018 seconds, Stopping threads took: 0.0000187 seconds
231.384: [GC (Allocation Failure)  1801793K->84905K(2212864K), 0.0040899 secs]
231.388: Total time for which application threads were stopped: 0.0042491 seconds, Stopping threads took: 0.0000197 seconds
231.816: [GC (Allocation Failure)  2138025K->87817K(2119680K), 0.0040847 secs]
231.820: Total time for which application threads were stopped: 0.0042427 seconds, Stopping threads took: 0.0000193 seconds
232.223: [GC (Allocation Failure)  2044681K->88201K(2498048K), 0.0049286 secs]
232.229: Total time for which application threads were stopped: 0.0051250 seconds, Stopping threads took: 0.0000253 seconds
232.703: [GC (Allocation Failure)  2428553K->92811K(2392576K), 0.0039343 secs]
232.707: Total time for which application threads were stopped: 0.0040928 seconds, Stopping threads took: 0.0000196 seconds
233.171: [GC (Allocation Failure)  2322571K->92651K(2285568K), 0.0037618 secs]
233.175: Total time for which application threads were stopped: 0.0039649 seconds, Stopping threads took: 0.0000285 seconds
233.620: [GC (Allocation Failure)  2217451K->94315K(2187776K), 0.0040391 secs]
233.624: Total time for which application threads were stopped: 0.0042067 seconds, Stopping threads took: 0.0000190 seconds
234.045: [GC (Allocation Failure)  2119275K->94147K(2087936K), 0.0039308 secs]
234.050: Total time for which application threads were stopped: 0.0040989 seconds, Stopping threads took: 0.0000193 seconds
234.454: [GC (Allocation Failure)  2024387K->98629K(2002432K), 0.0037633 secs]
234.458: Total time for which application threads were stopped: 0.0039547 seconds, Stopping threads took: 0.0000201 seconds
234.831: [GC (Allocation Failure)  1938757K->98989K(1914880K), 0.0041150 secs]
234.835: Total time for which application threads were stopped: 0.0042751 seconds, Stopping threads took: 0.0000208 seconds
235.198: [GC (Allocation Failure)  1853613K->100973K(1835520K), 0.0041675 secs]
235.202: Total time for which application threads were stopped: 0.0043235 seconds, Stopping threads took: 0.0000194 seconds
235.539: [GC (Allocation Failure)  1774189K->102021K(2159104K), 0.0042058 secs]
235.543: Total time for which application threads were stopped: 0.0043802 seconds, Stopping threads took: 0.0000202 seconds
235.947: [GC (Allocation Failure)  2103429K->108717K(2557440K), 0.0049469 secs]
235.952: Total time for which application threads were stopped: 0.0051105 seconds, Stopping threads took: 0.0000273 seconds
236.447: [GC (Allocation Failure)  2502829K->107535K(2611200K), 0.0042879 secs]
236.452: Total time for which application threads were stopped: 0.0044622 seconds, Stopping threads took: 0.0000197 seconds
236.961: [GC (Allocation Failure)  2558479K->109487K(2497536K), 0.0042482 secs]
236.965: Total time for which application threads were stopped: 0.0044123 seconds, Stopping threads took: 0.0000198 seconds
237.449: [GC (Allocation Failure)  2444719K->109447K(2381312K), 0.0041186 secs]
237.454: Total time for which application threads were stopped: 0.0043004 seconds, Stopping threads took: 0.0000210 seconds
237.914: [GC (Allocation Failure)  2334599K->115498K(2283008K), 0.0039107 secs]
237.918: Total time for which application threads were stopped: 0.0040666 seconds, Stopping threads took: 0.0000199 seconds
238.360: [GC (Allocation Failure)  2236202K->115882K(2184192K), 0.0039884 secs]
238.364: Total time for which application threads were stopped: 0.0041481 seconds, Stopping threads took: 0.0000200 seconds
238.786: [GC (Allocation Failure)  2137258K->115498K(2089472K), 0.0045148 secs]
238.791: Total time for which application threads were stopped: 0.0046853 seconds, Stopping threads took: 0.0000201 seconds
239.182: [GC (Allocation Failure)  2042666K->115434K(1994752K), 0.0039643 secs]
239.186: Total time for which application threads were stopped: 0.0041325 seconds, Stopping threads took: 0.0000201 seconds
239.569: [GC (Allocation Failure)  1953002K->122540K(1915904K), 0.0042920 secs]
239.573: Total time for which application threads were stopped: 0.0044498 seconds, Stopping threads took: 0.0000197 seconds
239.938: [GC (Allocation Failure)  1874604K->120876K(1832448K), 0.0037067 secs]
239.942: Total time for which application threads were stopped: 0.0038710 seconds, Stopping threads took: 0.0000208 seconds
240.292: [GC (Allocation Failure)  1792044K->121804K(1756672K), 0.0040312 secs]
240.296: Total time for which application threads were stopped: 0.0042136 seconds, Stopping threads took: 0.0000191 seconds
240.628: [GC (Allocation Failure)  1716172K->121772K(2066944K), 0.0041090 secs]
240.632: Total time for which application threads were stopped: 0.0042853 seconds, Stopping threads took: 0.0000274 seconds
241.022: [GC (Allocation Failure)  2028972K->124236K(2443264K), 0.0041770 secs]
241.026: Total time for which application threads were stopped: 0.0043339 seconds, Stopping threads took: 0.0000197 seconds
241.496: [GC (Allocation Failure)  2405196K->124204K(2580480K), 0.0044477 secs]
241.501: Total time for which application threads were stopped: 0.0046233 seconds, Stopping threads took: 0.0000206 seconds
241.999: [GC (Allocation Failure)  2544428K->126156K(2468352K), 0.0040475 secs]
242.003: Total time for which application threads were stopped: 0.0042381 seconds, Stopping threads took: 0.0000210 seconds
242.486: [GC (Allocation Failure)  2432204K->128076K(2353664K), 0.0046061 secs]
242.490: Total time for which application threads were stopped: 0.0047867 seconds, Stopping threads took: 0.0000208 seconds
242.948: [GC (Allocation Failure)  2325580K->134094K(2256384K), 0.0038408 secs]
242.951: Total time for which application threads were stopped: 0.0040076 seconds, Stopping threads took: 0.0000200 seconds
243.389: [GC (Allocation Failure)  2228174K->134382K(2158592K), 0.0038979 secs]
243.393: Total time for which application threads were stopped: 0.0040547 seconds, Stopping threads took: 0.0000201 seconds
243.810: [GC (Allocation Failure)  2130158K->136574K(2066944K), 0.0046327 secs]
243.814: Total time for which application threads were stopped: 0.0048012 seconds, Stopping threads took: 0.0000202 seconds
244.211: [GC (Allocation Failure)  2039166K->134990K(1970176K), 0.0044720 secs]
244.216: Total time for which application threads were stopped: 0.0046434 seconds, Stopping threads took: 0.0000211 seconds
244.586: [GC (Allocation Failure)  1949006K->141008K(1892352K), 0.0039788 secs]
244.590: Total time for which application threads were stopped: 0.0041774 seconds, Stopping threads took: 0.0000272 seconds
244.953: [GC (Allocation Failure)  1871056K->141040K(2231296K), 0.0039522 secs]
244.957: Total time for which application threads were stopped: 0.0041421 seconds, Stopping threads took: 0.0000200 seconds
245.386: [GC (Allocation Failure)  2210032K->141072K(2134528K), 0.0041975 secs]
245.390: Total time for which application threads were stopped: 0.0043639 seconds, Stopping threads took: 0.0000203 seconds
245.793: [GC (Allocation Failure)  2113296K->141032K(2038784K), 0.0042598 secs]
245.797: Total time for which application threads were stopped: 0.0044212 seconds, Stopping threads took: 0.0000204 seconds
246.188: [GC (Allocation Failure)  2021096K->144552K(2411008K), 0.0043402 secs]
246.192: Total time for which application threads were stopped: 0.0045070 seconds, Stopping threads took: 0.0000191 seconds
246.656: [GC (Allocation Failure)  2393256K->144520K(2305024K), 0.0039142 secs]
246.660: Total time for which application threads were stopped: 0.0040824 seconds, Stopping threads took: 0.0000205 seconds
247.104: [GC (Allocation Failure)  2287240K->144552K(2204672K), 0.0041946 secs]
247.108: Total time for which application threads were stopped: 0.0043890 seconds, Stopping threads took: 0.0000283 seconds
247.537: [GC (Allocation Failure)  2186920K->146424K(2105344K), 0.0048097 secs]
247.542: Total time for which application threads were stopped: 0.0049780 seconds, Stopping threads took: 0.0000205 seconds
247.940: [GC (Allocation Failure)  2093048K->151408K(2019840K), 0.0043452 secs]
247.945: Total time for which application threads were stopped: 0.0045053 seconds, Stopping threads took: 0.0000198 seconds
248.324: [GC (Allocation Failure)  2007408K->150216K(2380288K), 0.0043169 secs]
248.329: Total time for which application threads were stopped: 0.0044870 seconds, Stopping threads took: 0.0000205 seconds
248.777: [GC (Allocation Failure)  2369736K->151656K(2277376K), 0.0041678 secs]
248.781: Total time for which application threads were stopped: 0.0043644 seconds, Stopping threads took: 0.0000194 seconds
249.205: [GC (Allocation Failure)  2266728K->151720K(2176000K), 0.0042080 secs]
249.210: Total time for which application threads were stopped: 0.0043709 seconds, Stopping threads took: 0.0000200 seconds
249.621: [GC (Allocation Failure)  2167464K->156184K(2529792K), 0.0047930 secs]
249.626: Total time for which application threads were stopped: 0.0049628 seconds, Stopping threads took: 0.0000250 seconds
250.101: [GC (Allocation Failure)  2521624K->154576K(2575872K), 0.0049827 secs]
250.106: Total time for which application threads were stopped: 0.0051499 seconds, Stopping threads took: 0.0000211 seconds
250.605: [GC (Allocation Failure)  2565584K->155088K(2460672K), 0.0051748 secs]
250.610: Total time for which application threads were stopped: 0.0053488 seconds, Stopping threads took: 0.0000283 seconds
251.073: [GC (Allocation Failure)  2452432K->154032K(2345472K), 0.0041890 secs]
251.077: [Full GC (Ergonomics)  154032K->8527K(2343424K), 0.0099309 secs]
251.087: Total time for which application threads were stopped: 0.0143948 seconds, Stopping threads took: 0.0000206 seconds
251.540: [GC (Allocation Failure)  2197839K->16593K(2246656K), 0.0038634 secs]
251.544: Total time for which application threads were stopped: 0.0040297 seconds, Stopping threads took: 0.0000204 seconds
251.966: [GC (Allocation Failure)  2102993K->16617K(2148864K), 0.0040284 secs]
251.970: Total time for which application threads were stopped: 0.0041931 seconds, Stopping threads took: 0.0000199 seconds
252.384: [GC (Allocation Failure)  2005225K->16649K(2056192K), 0.0039744 secs]
252.388: Total time for which application threads were stopped: 0.0041293 seconds, Stopping threads took: 0.0000197 seconds
252.775: [GC (Allocation Failure)  1912585K->16633K(1965568K), 0.0039720 secs]
252.779: Total time for which application threads were stopped: 0.0041496 seconds, Stopping threads took: 0.0000205 seconds
253.158: [GC (Allocation Failure)  1824505K->19129K(1884160K), 0.0040647 secs]
253.162: Total time for which application threads were stopped: 0.0042415 seconds, Stopping threads took: 0.0000274 seconds
253.518: [GC (Allocation Failure)  1743033K->19977K(1803264K), 0.0039358 secs]
253.523: Total time for which application threads were stopped: 0.0040935 seconds, Stopping threads took: 0.0000178 seconds
253.867: [GC (Allocation Failure)  1664009K->20937K(2126336K), 0.0039769 secs]
253.871: Total time for which application threads were stopped: 0.0041433 seconds, Stopping threads took: 0.0000195 seconds
254.283: [GC (Allocation Failure)  1987017K->20873K(2032128K), 0.0039487 secs]
254.287: Total time for which application threads were stopped: 0.0041459 seconds, Stopping threads took: 0.0000204 seconds
254.672: [GC (Allocation Failure)  1895305K->23337K(1947648K), 0.0039232 secs]
254.676: Total time for which application threads were stopped: 0.0040885 seconds, Stopping threads took: 0.0000198 seconds
255.038: [GC (Allocation Failure)  1810729K->28007K(2297856K), 0.0062251 secs]
255.044: Total time for which application threads were stopped: 0.0063943 seconds, Stopping threads took: 0.0000206 seconds
255.489: [GC (Allocation Failure)  2166631K->28937K(2534400K), 0.0037465 secs]
255.493: Total time for which application threads were stopped: 0.0039340 seconds, Stopping threads took: 0.0000194 seconds
255.983: [GC (Allocation Failure)  2400009K->28937K(2721280K), 0.0046954 secs]
255.988: Total time for which application threads were stopped: 0.0048519 seconds, Stopping threads took: 0.0000202 seconds
256.549: [GC (Allocation Failure)  2586889K->28937K(2596864K), 0.0049594 secs]
256.554: Total time for which application threads were stopped: 0.0051206 seconds, Stopping threads took: 0.0000200 seconds
257.048: [GC (Allocation Failure)  2465545K->29161K(2477056K), 0.0039454 secs]
257.052: Total time for which application threads were stopped: 0.0041392 seconds, Stopping threads took: 0.0000209 seconds
257.537: [GC (Allocation Failure)  2350569K->33643K(2372096K), 0.0038585 secs]
257.541: Total time for which application threads were stopped: 0.0040159 seconds, Stopping threads took: 0.0000192 seconds
257.993: [GC (Allocation Failure)  2245483K->33643K(2268160K), 0.0039023 secs]
257.997: Total time for which application threads were stopped: 0.0040624 seconds, Stopping threads took: 0.0000198 seconds
258.434: [GC (Allocation Failure)  2141547K->33675K(2169344K), 0.0041401 secs]
258.438: Total time for which application threads were stopped: 0.0043154 seconds, Stopping threads took: 0.0000204 seconds
258.855: [GC (Allocation Failure)  2042763K->33707K(2073088K), 0.0039850 secs]
258.859: Total time for which application threads were stopped: 0.0041972 seconds, Stopping threads took: 0.0000210 seconds
259.246: [GC (Allocation Failure)  1949099K->36427K(1987072K), 0.0038554 secs]
259.250: Total time for which application threads were stopped: 0.0040060 seconds, Stopping threads took: 0.0000171 seconds
259.619: [GC (Allocation Failure)  1862731K->36139K(1900032K), 0.0039202 secs]
259.623: Total time for which application threads were stopped: 0.0041210 seconds, Stopping threads took: 0.0000266 seconds
259.978: [GC (Allocation Failure)  1777451K->37579K(1821184K), 0.0041454 secs]
259.982: Total time for which application threads were stopped: 0.0043264 seconds, Stopping threads took: 0.0000267 seconds
260.322: [GC (Allocation Failure)  1698507K->37547K(2144256K), 0.0038992 secs]
260.326: Total time for which application threads were stopped: 0.0040720 seconds, Stopping threads took: 0.0000201 seconds
260.739: [GC (Allocation Failure)  2023595K->39723K(2054144K), 0.0039718 secs]
260.743: Total time for which application threads were stopped: 0.0041383 seconds, Stopping threads took: 0.0000270 seconds
261.130: [GC (Allocation Failure)  1933099K->39467K(1962496K), 0.0038449 secs]
261.134: Total time for which application threads were stopped: 0.0040142 seconds, Stopping threads took: 0.0000271 seconds
261.511: [GC (Allocation Failure)  1844779K->42475K(1882112K), 0.0041237 secs]
261.515: Total time for which application threads were stopped: 0.0042940 seconds, Stopping threads took: 0.0000199 seconds
261.874: [GC (Allocation Failure)  1764331K->42507K(2217472K), 0.0038607 secs]
261.878: Total time for which application threads were stopped: 0.0040535 seconds, Stopping threads took: 0.0000205 seconds
262.302: [GC (Allocation Failure)  2101259K->43979K(2122752K), 0.0042510 secs]
262.306: Total time for which application threads were stopped: 0.0044088 seconds, Stopping threads took: 0.0000200 seconds
262.705: [GC (Allocation Failure)  2006475K->43915K(2028032K), 0.0039776 secs]
262.709: Total time for which application threads were stopped: 0.0041388 seconds, Stopping threads took: 0.0000201 seconds
263.091: [GC (Allocation Failure)  1914763K->46923K(1944064K), 0.0038700 secs]
263.095: Total time for which application threads were stopped: 0.0040463 seconds, Stopping threads took: 0.0000190 seconds
263.458: [GC (Allocation Failure)  1830731K->47595K(2290688K), 0.0043517 secs]
263.463: Total time for which application threads were stopped: 0.0045205 seconds, Stopping threads took: 0.0000199 seconds
263.906: [GC (Allocation Failure)  2180587K->50091K(2193408K), 0.0040457 secs]
263.910: Total time for which application threads were stopped: 0.0042039 seconds, Stopping threads took: 0.0000196 seconds
264.332: [GC (Allocation Failure)  2083243K->50027K(2095104K), 0.0040604 secs]
264.336: Total time for which application threads were stopped: 0.0042284 seconds, Stopping threads took: 0.0000205 seconds
264.735: [GC (Allocation Failure)  1987947K->53003K(2008064K), 0.0039398 secs]
264.739: Total time for which application threads were stopped: 0.0041052 seconds, Stopping threads took: 0.0000191 seconds
265.113: [GC (Allocation Failure)  1900811K->52971K(1919488K), 0.0040549 secs]
265.117: Total time for which application threads were stopped: 0.0042249 seconds, Stopping threads took: 0.0000205 seconds
265.482: [GC (Allocation Failure)  1814763K->58377K(2268672K), 0.0053115 secs]
265.487: Total time for which application threads were stopped: 0.0055094 seconds, Stopping threads took: 0.0000188 seconds
265.922: [GC (Allocation Failure)  2165769K->57195K(2651648K), 0.0043047 secs]
265.927: Total time for which application threads were stopped: 0.0044637 seconds, Stopping threads took: 0.0000208 seconds
266.430: [GC (Allocation Failure)  2552683K->61195K(2537472K), 0.0039277 secs]
266.434: Total time for which application threads were stopped: 0.0040866 seconds, Stopping threads took: 0.0000198 seconds
266.924: [GC (Allocation Failure)  2438411K->61163K(2419712K), 0.0039959 secs]
266.929: Total time for which application threads were stopped: 0.0041893 seconds, Stopping threads took: 0.0000200 seconds
267.398: [GC (Allocation Failure)  2326251K->66670K(2318848K), 0.0039447 secs]
267.402: Total time for which application threads were stopped: 0.0041105 seconds, Stopping threads took: 0.0000198 seconds
267.847: [GC (Allocation Failure)  2225262K->66766K(2217472K), 0.0038371 secs]
267.851: Total time for which application threads were stopped: 0.0040360 seconds, Stopping threads took: 0.0000206 seconds
268.281: [GC (Allocation Failure)  2123982K->67726K(2122240K), 0.0040035 secs]
268.286: Total time for which application threads were stopped: 0.0041734 seconds, Stopping threads took: 0.0000203 seconds
268.690: [GC (Allocation Failure)  2028686K->61131K(2023936K), 0.0014603 secs]
268.691: Total time for which application threads were stopped: 0.0016077 seconds, Stopping threads took: 0.0000264 seconds
269.080: [GC (Allocation Failure)  1930443K->66990K(1943040K), 0.0037159 secs]
269.084: Total time for which application threads were stopped: 0.0038834 seconds, Stopping threads took: 0.0000202 seconds
269.457: [GC (Allocation Failure)  1849262K->66702K(1860096K), 0.0037910 secs]
269.461: Total time for which application threads were stopped: 0.0039572 seconds, Stopping threads took: 0.0000293 seconds
269.810: [GC (Allocation Failure)  1766542K->66670K(1781760K), 0.0042277 secs]
269.815: Total time for which application threads were stopped: 0.0044208 seconds, Stopping threads took: 0.0000202 seconds
270.148: [GC (Allocation Failure)  1688174K->66630K(1704448K), 0.0039079 secs]
270.152: Total time for which application threads were stopped: 0.0040743 seconds, Stopping threads took: 0.0000272 seconds
270.467: [GC (Allocation Failure)  1613382K->69318K(2010624K), 0.0042400 secs]
270.471: Total time for which application threads were stopped: 0.0043952 seconds, Stopping threads took: 0.0000189 seconds
270.857: [GC (Allocation Failure)  1919174K->69070K(2370560K), 0.0037702 secs]
270.861: Total time for which application threads were stopped: 0.0039299 seconds, Stopping threads took: 0.0000202 seconds
271.317: [GC (Allocation Failure)  2280910K->70542K(2268160K), 0.0042225 secs]
271.321: Total time for which application threads were stopped: 0.0043901 seconds, Stopping threads took: 0.0000198 seconds
271.763: [GC (Allocation Failure)  2178446K->70502K(2167296K), 0.0040089 secs]
271.767: Total time for which application threads were stopped: 0.0041707 seconds, Stopping threads took: 0.0000201 seconds
272.186: [GC (Allocation Failure)  2079590K->72614K(2076160K), 0.0042130 secs]
272.190: Total time for which application threads were stopped: 0.0043748 seconds, Stopping threads took: 0.0000259 seconds
272.581: [GC (Allocation Failure)  1988006K->72462K(1983488K), 0.0041383 secs]
272.586: Total time for which application threads were stopped: 0.0043100 seconds, Stopping threads took: 0.0000203 seconds
272.969: [GC (Allocation Failure)  1898766K->75470K(1901568K), 0.0038655 secs]
272.973: Total time for which application threads were stopped: 0.0040251 seconds, Stopping threads took: 0.0000202 seconds
273.335: [GC (Allocation Failure)  1816782K->75406K(1819648K), 0.0038087 secs]
273.338: Total time for which application threads were stopped: 0.0039808 seconds, Stopping threads took: 0.0000206 seconds
273.683: [GC (Allocation Failure)  1736334K->76910K(2146304K), 0.0040540 secs]
273.687: Total time for which application threads were stopped: 0.0042181 seconds, Stopping threads took: 0.0000274 seconds
274.089: [GC (Allocation Failure)  2062958K->76878K(2530816K), 0.0041135 secs]
274.093: Total time for which application threads were stopped: 0.0042822 seconds, Stopping threads took: 0.0000206 seconds
274.585: [GC (Allocation Failure)  2451534K->80910K(2422784K), 0.0041520 secs]
274.589: Total time for which application threads were stopped: 0.0043098 seconds, Stopping threads took: 0.0000188 seconds
275.052: [GC (Allocation Failure)  2343438K->80838K(2314752K), 0.0041277 secs]
275.056: Total time for which application threads were stopped: 0.0043014 seconds, Stopping threads took: 0.0000202 seconds
275.504: [GC (Allocation Failure)  2236870K->82502K(2215424K), 0.0040649 secs]
275.508: Total time for which application threads were stopped: 0.0042318 seconds, Stopping threads took: 0.0000198 seconds
275.928: [GC (Allocation Failure)  2137158K->87195K(2587136K), 0.0077200 secs]
275.936: Total time for which application threads were stopped: 0.0078890 seconds, Stopping threads took: 0.0000198 seconds
276.437: [GC (Allocation Failure)  2518683K->91678K(2594304K), 0.0040518 secs]
276.442: Total time for which application threads were stopped: 0.0042110 seconds, Stopping threads took: 0.0000212 seconds
276.931: [GC (Allocation Failure)  2523166K->91678K(2882048K), 0.0048524 secs]
276.936: Total time for which application threads were stopped: 0.0050223 seconds, Stopping threads took: 0.0000205 seconds
277.549: [GC (Allocation Failure)  2810910K->91902K(2750976K), 0.0049734 secs]
277.554: Total time for which application threads were stopped: 0.0051463 seconds, Stopping threads took: 0.0000198 seconds
278.095: [GC (Allocation Failure)  2682110K->91646K(2621952K), 0.0040289 secs]
278.099: Total time for which application threads were stopped: 0.0042610 seconds, Stopping threads took: 0.0000524 seconds
278.610: [GC (Allocation Failure)  2558974K->97152K(2510848K), 0.0039557 secs]
278.615: Total time for which application threads were stopped: 0.0041203 seconds, Stopping threads took: 0.0000196 seconds
279.100: [GC (Allocation Failure)  2447744K->97184K(2399744K), 0.0039774 secs]
279.104: Total time for which application threads were stopped: 0.0041655 seconds, Stopping threads took: 0.0000199 seconds
279.563: [GC (Allocation Failure)  2336672K->97408K(2294784K), 0.0041892 secs]
279.567: Total time for which application threads were stopped: 0.0043449 seconds, Stopping threads took: 0.0000201 seconds
280.006: [GC (Allocation Failure)  2231424K->97128K(2190336K), 0.0042080 secs]
280.010: Total time for which application threads were stopped: 0.0043754 seconds, Stopping threads took: 0.0000196 seconds
280.425: [GC (Allocation Failure)  2131304K->101160K(2099200K), 0.0042240 secs]
280.429: Total time for which application threads were stopped: 0.0043817 seconds, Stopping threads took: 0.0000192 seconds
280.832: [GC (Allocation Failure)  2040104K->101096K(2008576K), 0.0037837 secs]
280.836: Total time for which application threads were stopped: 0.0039613 seconds, Stopping threads took: 0.0000204 seconds
281.220: [GC (Allocation Failure)  1949928K->101512K(1923072K), 0.0046470 secs]
281.225: Total time for which application threads were stopped: 0.0048456 seconds, Stopping threads took: 0.0000252 seconds
281.587: [GC (Allocation Failure)  1864328K->104808K(2264576K), 0.0055711 secs]
281.593: Total time for which application threads were stopped: 0.0057404 seconds, Stopping threads took: 0.0000200 seconds
282.028: [GC (Allocation Failure)  2213224K->108840K(2681856K), 0.0040832 secs]
282.032: Total time for which application threads were stopped: 0.0042525 seconds, Stopping threads took: 0.0000256 seconds
282.553: [GC (Allocation Failure)  2630440K->108840K(2562560K), 0.0039914 secs]
282.557: Total time for which application threads were stopped: 0.0041654 seconds, Stopping threads took: 0.0000197 seconds
283.051: [GC (Allocation Failure)  2511144K->108872K(2448896K), 0.0041572 secs]
283.055: Total time for which application threads were stopped: 0.0043168 seconds, Stopping threads took: 0.0000208 seconds
283.529: [GC (Allocation Failure)  2397512K->108776K(2337792K), 0.0043398 secs]
283.534: Total time for which application threads were stopped: 0.0045097 seconds, Stopping threads took: 0.0000203 seconds
283.978: [GC (Allocation Failure)  2289896K->112392K(2239488K), 0.0040678 secs]
283.982: Total time for which application threads were stopped: 0.0042229 seconds, Stopping threads took: 0.0000194 seconds
284.406: [GC (Allocation Failure)  2191112K->112224K(2141184K), 0.0045409 secs]
284.411: Total time for which application threads were stopped: 0.0047007 seconds, Stopping threads took: 0.0000201 seconds
284.826: [GC (Allocation Failure)  2093664K->112640K(2049024K), 0.0043034 secs]
284.830: Total time for which application threads were stopped: 0.0044789 seconds, Stopping threads took: 0.0000277 seconds
285.224: [GC (Allocation Failure)  2001408K->112608K(2415616K), 0.0048517 secs]
285.229: Total time for which application threads were stopped: 0.0050257 seconds, Stopping threads took: 0.0000276 seconds
285.691: [GC (Allocation Failure)  2371040K->115904K(2312704K), 0.0042150 secs]
285.695: Total time for which application threads were stopped: 0.0043826 seconds, Stopping threads took: 0.0000198 seconds
286.139: [GC (Allocation Failure)  2267840K->115560K(2209280K), 0.0039760 secs]
286.143: Total time for which application threads were stopped: 0.0041461 seconds, Stopping threads took: 0.0000201 seconds
286.573: [GC (Allocation Failure)  2166632K->117512K(2115584K), 0.0043777 secs]
286.577: Total time for which application threads were stopped: 0.0045366 seconds, Stopping threads took: 0.0000204 seconds
286.974: [GC (Allocation Failure)  2072840K->117616K(2021888K), 0.0042785 secs]
286.979: Total time for which application threads were stopped: 0.0044493 seconds, Stopping threads took: 0.0000205 seconds
287.359: [GC (Allocation Failure)  1981808K->120112K(1937920K), 0.0040251 secs]
287.363: Total time for which application threads were stopped: 0.0041838 seconds, Stopping threads took: 0.0000201 seconds
287.724: [GC (Allocation Failure)  1897776K->120040K(2284032K), 0.0039458 secs]
287.728: Total time for which application threads were stopped: 0.0041035 seconds, Stopping threads took: 0.0000263 seconds
288.166: [GC (Allocation Failure)  2245864K->122056K(2186240K), 0.0041411 secs]
288.171: Total time for which application threads were stopped: 0.0043022 seconds, Stopping threads took: 0.0000255 seconds
288.590: [GC (Allocation Failure)  2148040K->122720K(2087936K), 0.0043053 secs]
288.594: Total time for which application threads were stopped: 0.0044759 seconds, Stopping threads took: 0.0000207 seconds
288.984: [GC (Allocation Failure)  2053984K->126408K(2001920K), 0.0042176 secs]
288.989: Total time for which application threads were stopped: 0.0043813 seconds, Stopping threads took: 0.0000196 seconds
289.371: [GC (Allocation Failure)  1967560K->126248K(2359296K), 0.0040676 secs]
289.375: Total time for which application threads were stopped: 0.0042611 seconds, Stopping threads took: 0.0000198 seconds
289.835: [GC (Allocation Failure)  2327848K->128712K(2258432K), 0.0043152 secs]
289.839: Total time for which application threads were stopped: 0.0044815 seconds, Stopping threads took: 0.0000200 seconds
290.271: [GC (Allocation Failure)  2226888K->128720K(2157056K), 0.0040298 secs]
290.275: Total time for which application threads were stopped: 0.0041958 seconds, Stopping threads took: 0.0000200 seconds
290.692: [GC (Allocation Failure)  2128592K->132048K(2067456K), 0.0041987 secs]
290.696: Total time for which application threads were stopped: 0.0043721 seconds, Stopping threads took: 0.0000282 seconds
291.092: [GC (Allocation Failure)  2038736K->131912K(1975296K), 0.0044389 secs]
291.097: Total time for which application threads were stopped: 0.0045983 seconds, Stopping threads took: 0.0000196 seconds
291.476: [GC (Allocation Failure)  1950024K->134920K(1893888K), 0.0039687 secs]
291.480: Total time for which application threads were stopped: 0.0041583 seconds, Stopping threads took: 0.0000198 seconds
291.839: [GC (Allocation Failure)  1868552K->134848K(2231296K), 0.0041137 secs]
291.843: Total time for which application threads were stopped: 0.0042748 seconds, Stopping threads took: 0.0000204 seconds
292.276: [GC (Allocation Failure)  2208448K->137312K(2136576K), 0.0042003 secs]
292.280: Total time for which application threads were stopped: 0.0043584 seconds, Stopping threads took: 0.0000193 seconds
292.682: [GC (Allocation Failure)  2113632K->137288K(2520576K), 0.0045329 secs]
292.687: Total time for which application threads were stopped: 0.0046994 seconds, Stopping threads took: 0.0000281 seconds
293.172: [GC (Allocation Failure)  2500680K->140328K(2412032K), 0.0042851 secs]
293.176: Total time for which application threads were stopped: 0.0044575 seconds, Stopping threads took: 0.0000197 seconds
293.641: [GC (Allocation Failure)  2392104K->140224K(2303488K), 0.0040723 secs]
293.645: Total time for which application threads were stopped: 0.0042425 seconds, Stopping threads took: 0.0000201 seconds
294.087: [GC (Allocation Failure)  2286016K->142688K(2205184K), 0.0040773 secs]
294.092: Total time for which application threads were stopped: 0.0042376 seconds, Stopping threads took: 0.0000194 seconds
294.516: [GC (Allocation Failure)  2187616K->142768K(2105344K), 0.0043163 secs]
294.521: Total time for which application threads were stopped: 0.0044863 seconds, Stopping threads took: 0.0000210 seconds
294.924: [GC (Allocation Failure)  2091952K->147296K(2019328K), 0.0043072 secs]
294.928: Total time for which application threads were stopped: 0.0044967 seconds, Stopping threads took: 0.0000284 seconds
295.303: [GC (Allocation Failure)  2005856K->146888K(1929216K), 0.0041364 secs]
295.307: Total time for which application threads were stopped: 0.0043068 seconds, Stopping threads took: 0.0000200 seconds
295.674: [GC (Allocation Failure)  1918920K->149864K(1850368K), 0.0039824 secs]
295.678: Total time for which application threads were stopped: 0.0041409 seconds, Stopping threads took: 0.0000196 seconds
296.023: [GC (Allocation Failure)  1839976K->149936K(2178048K), 0.0043839 secs]
296.028: Total time for which application threads were stopped: 0.0045523 seconds, Stopping threads took: 0.0000200 seconds
296.454: [GC (Allocation Failure)  2171312K->153392K(2577408K), 0.0042053 secs]
296.458: Total time for which application threads were stopped: 0.0043699 seconds, Stopping threads took: 0.0000193 seconds
296.948: [GC (Allocation Failure)  2570544K->153392K(2460160K), 0.0041743 secs]
296.952: [Full GC (Ergonomics)  153392K->8514K(2459136K), 0.0101433 secs]
296.962: Total time for which application threads were stopped: 0.0145976 seconds, Stopping threads took: 0.0000198 seconds
297.444: [GC (Allocation Failure)  2311490K->16580K(2353664K), 0.0037150 secs]
297.448: Total time for which application threads were stopped: 0.0038882 seconds, Stopping threads took: 0.0000199 seconds
297.900: [GC (Allocation Failure)  2211012K->16556K(2247168K), 0.0040161 secs]
297.904: Total time for which application threads were stopped: 0.0042072 seconds, Stopping threads took: 0.0000200 seconds
298.334: [GC (Allocation Failure)  2108076K->20108K(2152960K), 0.0039864 secs]
298.338: Total time for which application threads were stopped: 0.0041522 seconds, Stopping threads took: 0.0000190 seconds
298.750: [GC (Allocation Failure)  2013836K->21356K(2056704K), 0.0042400 secs]
298.754: Total time for which application threads were stopped: 0.0044281 seconds, Stopping threads took: 0.0000286 seconds
299.140: [GC (Allocation Failure)  1921900K->25108K(1972224K), 0.0041153 secs]
299.144: Total time for which application threads were stopped: 0.0042773 seconds, Stopping threads took: 0.0000191 seconds
299.519: [GC (Allocation Failure)  1837076K->24444K(1883648K), 0.0040538 secs]
299.523: Total time for which application threads were stopped: 0.0042110 seconds, Stopping threads took: 0.0000177 seconds
299.884: [GC (Allocation Failure)  1752444K->27932K(1807360K), 0.0039343 secs]
299.888: Total time for which application threads were stopped: 0.0040907 seconds, Stopping threads took: 0.0000197 seconds
300.221: [GC (Allocation Failure)  1676060K->27948K(2128384K), 0.0039781 secs]
300.225: Total time for which application threads were stopped: 0.0041564 seconds, Stopping threads took: 0.0000246 seconds
300.626: [GC (Allocation Failure)  1999148K->30092K(2516992K), 0.0042392 secs]
300.631: Total time for which application threads were stopped: 0.0043984 seconds, Stopping threads took: 0.0000196 seconds
301.115: [GC (Allocation Failure)  2387340K->29868K(2401280K), 0.0040310 secs]
301.119: Total time for which application threads were stopped: 0.0042010 seconds, Stopping threads took: 0.0000207 seconds
301.586: [GC (Allocation Failure)  2276012K->33836K(2299904K), 0.0040485 secs]
301.590: Total time for which application threads were stopped: 0.0042235 seconds, Stopping threads took: 0.0000196 seconds
302.027: [GC (Allocation Failure)  2174508K->33940K(2198016K), 0.0040859 secs]
302.031: Total time for which application threads were stopped: 0.0042632 seconds, Stopping threads took: 0.0000271 seconds
302.459: [GC (Allocation Failure)  2074260K->37924K(2105344K), 0.0044970 secs]
302.463: Total time for which application threads were stopped: 0.0046731 seconds, Stopping threads took: 0.0000198 seconds
