Java HotSpot(TM) 64-Bit Server VM (25.171-b11) for linux-amd64 JRE (1.8.0_171-b11), built on Mar 28 2018 17:07:08 by "java_re" with gcc 4.3.0 20080428 (Red Hat 4.3.0-8)
Memory: 4k page, physical 32883000k(29584100k free), swap 8000508k(8000508k free)
CommandLine flags: -XX:InitialHeapSize=526128000 -XX:MaxHeapSize=8418048000 -XX:+PrintGC -XX:+PrintGCApplicationStoppedTime -XX:+PrintGCTimeStamps -XX:+UseCompressedClassPointers -XX:+UseCompressedOops -XX:+UseParallelGC 
0.234: [GC (Allocation Failure)  129024K->10348K(493056K), 0.0052594 secs]
0.240: Total time for which application threads were stopped: 0.0054868 seconds, Stopping threads took: 0.0000286 seconds
0.268: [GC (Allocation Failure)  139372K->8626K(622080K), 0.0038507 secs]
0.272: Total time for which application threads were stopped: 0.0040384 seconds, Stopping threads took: 0.0000206 seconds
0.358: [GC (Allocation Failure)  266674K->3144K(622080K), 0.0022032 secs]
0.360: Total time for which application threads were stopped: 0.0023629 seconds, Stopping threads took: 0.0000194 seconds
0.416: [GC (Allocation Failure)  261192K->8634K(880128K), 0.0034421 secs]
0.419: Total time for which application threads were stopped: 0.0036008 seconds, Stopping threads took: 0.0000194 seconds
0.575: [GC (Allocation Failure)  524730K->8593K(880128K), 0.0051532 secs]
0.580: Total time for which application threads were stopped: 0.0053038 seconds, Stopping threads took: 0.0000188 seconds
0.690: [GC (Allocation Failure)  524689K->8657K(1386496K), 0.0046243 secs]
0.695: Total time for which application threads were stopped: 0.0047812 seconds, Stopping threads took: 0.0000145 seconds
1.010: [GC (Allocation Failure)  1040849K->8624K(1387008K), 0.0056398 secs]
1.016: Total time for which application threads were stopped: 0.0058128 seconds, Stopping threads took: 0.0000203 seconds
1.232: [GC (Allocation Failure)  1040816K->821K(2417152K), 0.0006338 secs]
1.233: Total time for which application threads were stopped: 0.0007591 seconds, Stopping threads took: 0.0000286 seconds
1.864: [GC (Allocation Failure)  2063669K->8632K(2418688K), 0.0051297 secs]
1.869: Total time for which application threads were stopped: 0.0053093 seconds, Stopping threads took: 0.0000283 seconds
2.295: [GC (Allocation Failure)  2071480K->8632K(3070464K), 0.0045660 secs]
2.300: Total time for which application threads were stopped: 0.0047286 seconds, Stopping threads took: 0.0000215 seconds
2.983: [GC (Allocation Failure)  2724280K->8600K(3070976K), 0.0044798 secs]
2.987: Total time for which application threads were stopped: 0.0046521 seconds, Stopping threads took: 0.0000202 seconds
3.540: [GC (Allocation Failure)  2724248K->8856K(3070464K), 0.0035333 secs]
3.544: Total time for which application threads were stopped: 0.0036972 seconds, Stopping threads took: 0.0000204 seconds
4.061: Total time for which application threads were stopped: 0.0001282 seconds, Stopping threads took: 0.0000588 seconds
4.105: [GC (Allocation Failure)  2725016K->8600K(3070976K), 0.0038643 secs]
4.109: Total time for which application threads were stopped: 0.0040266 seconds, Stopping threads took: 0.0000193 seconds
4.663: [GC (Allocation Failure)  2724760K->8632K(3072000K), 0.0035014 secs]
4.667: Total time for which application threads were stopped: 0.0036729 seconds, Stopping threads took: 0.0000204 seconds
5.227: [GC (Allocation Failure)  2725816K->9016K(2939392K), 0.0040669 secs]
5.231: Total time for which application threads were stopped: 0.0042365 seconds, Stopping threads took: 0.0000263 seconds
5.770: [GC (Allocation Failure)  2596664K->8552K(2811392K), 0.0042821 secs]
5.774: Total time for which application threads were stopped: 0.0044492 seconds, Stopping threads took: 0.0000206 seconds
6.283: [GC (Allocation Failure)  2473320K->13002K(2699264K), 0.0037330 secs]
6.287: Total time for which application threads were stopped: 0.0038864 seconds, Stopping threads took: 0.0000197 seconds
6.772: [GC (Allocation Failure)  2361034K->13034K(2588160K), 0.0036555 secs]
6.776: Total time for which application threads were stopped: 0.0038002 seconds, Stopping threads took: 0.0000180 seconds
7.237: [GC (Allocation Failure)  2249962K->13066K(2482688K), 0.0038896 secs]
7.241: Total time for which application threads were stopped: 0.0040557 seconds, Stopping threads took: 0.0000205 seconds
7.680: [GC (Allocation Failure)  2144522K->12994K(2379776K), 0.0046631 secs]
7.685: Total time for which application threads were stopped: 0.0048530 seconds, Stopping threads took: 0.0000259 seconds
8.103: [GC (Allocation Failure)  2044098K->15458K(2287104K), 0.0040772 secs]
8.107: Total time for which application threads were stopped: 0.0042263 seconds, Stopping threads took: 0.0000164 seconds
8.506: [GC (Allocation Failure)  1951330K->15522K(2196480K), 0.0036401 secs]
8.510: Total time for which application threads were stopped: 0.0038330 seconds, Stopping threads took: 0.0000210 seconds
8.884: [GC (Allocation Failure)  1860770K->15490K(2110464K), 0.0039669 secs]
8.888: Total time for which application threads were stopped: 0.0041196 seconds, Stopping threads took: 0.0000188 seconds
9.242: [GC (Allocation Failure)  1774722K->16842K(2024960K), 0.0043661 secs]
9.247: Total time for which application threads were stopped: 0.0045443 seconds, Stopping threads took: 0.0000259 seconds
9.594: [GC (Allocation Failure)  1694154K->20298K(1950720K), 0.0041553 secs]
9.598: Total time for which application threads were stopped: 0.0043271 seconds, Stopping threads took: 0.0000198 seconds
9.927: [GC (Allocation Failure)  1619786K->20426K(2430976K), 0.0037309 secs]
9.931: Total time for which application threads were stopped: 0.0038906 seconds, Stopping threads took: 0.0000199 seconds
10.359: [GC (Allocation Failure)  2100170K->26088K(3030528K), 0.0069646 secs]
10.366: Total time for which application threads were stopped: 0.0071284 seconds, Stopping threads took: 0.0000199 seconds
10.923: [GC (Allocation Failure)  2703336K->23946K(3059712K), 0.0042093 secs]
10.927: Total time for which application threads were stopped: 0.0043674 seconds, Stopping threads took: 0.0000205 seconds
11.490: [GC (Allocation Failure)  2728330K->23914K(2926592K), 0.0048016 secs]
11.495: Total time for which application threads were stopped: 0.0049663 seconds, Stopping threads took: 0.0000200 seconds
12.031: [GC (Allocation Failure)  2599274K->23882K(2800128K), 0.0047064 secs]
12.036: Total time for which application threads were stopped: 0.0048662 seconds, Stopping threads took: 0.0000200 seconds
12.524: [GC (Allocation Failure)  2476874K->27914K(2688000K), 0.0036185 secs]
12.528: Total time for which application threads were stopped: 0.0037504 seconds, Stopping threads took: 0.0000200 seconds
12.994: [GC (Allocation Failure)  2364682K->27850K(2577408K), 0.0040839 secs]
12.998: Total time for which application threads were stopped: 0.0042904 seconds, Stopping threads took: 0.0000204 seconds
13.457: [GC (Allocation Failure)  2254026K->27850K(2472448K), 0.0050347 secs]
13.463: Total time for which application threads were stopped: 0.0051830 seconds, Stopping threads took: 0.0000177 seconds
13.898: [GC (Allocation Failure)  2149066K->27850K(2371072K), 0.0037571 secs]
13.902: Total time for which application threads were stopped: 0.0039252 seconds, Stopping threads took: 0.0000201 seconds
14.309: [GC (Allocation Failure)  2049226K->29514K(2278400K), 0.0040755 secs]
14.313: Total time for which application threads were stopped: 0.0042640 seconds, Stopping threads took: 0.0000196 seconds
14.716: [GC (Allocation Failure)  1956170K->29354K(2186240K), 0.0040006 secs]
14.720: Total time for which application threads were stopped: 0.0041916 seconds, Stopping threads took: 0.0000204 seconds
15.094: [GC (Allocation Failure)  1865898K->30794K(2102272K), 0.0040215 secs]
15.099: Total time for which application threads were stopped: 0.0041757 seconds, Stopping threads took: 0.0000200 seconds
15.464: [GC (Allocation Failure)  1781834K->30762K(2018816K), 0.0042038 secs]
15.468: Total time for which application threads were stopped: 0.0043693 seconds, Stopping threads took: 0.0000207 seconds
15.815: [GC (Allocation Failure)  1700394K->32746K(1943552K), 0.0039514 secs]
15.819: Total time for which application threads were stopped: 0.0041280 seconds, Stopping threads took: 0.0000205 seconds
16.152: [GC (Allocation Failure)  1625066K->32938K(2340352K), 0.0039736 secs]
16.156: Total time for which application threads were stopped: 0.0041380 seconds, Stopping threads took: 0.0000268 seconds
16.557: [GC (Allocation Failure)  2023594K->34378K(2780160K), 0.0041197 secs]
16.562: Total time for which application threads were stopped: 0.0042835 seconds, Stopping threads took: 0.0000200 seconds
17.049: [GC (Allocation Failure)  2463306K->34346K(2661888K), 0.0041471 secs]
17.053: Total time for which application threads were stopped: 0.0043249 seconds, Stopping threads took: 0.0000210 seconds
17.534: [GC (Allocation Failure)  2348074K->37514K(2555904K), 0.0038042 secs]
17.538: Total time for which application threads were stopped: 0.0040236 seconds, Stopping threads took: 0.0000197 seconds
17.986: [GC (Allocation Failure)  2241674K->37290K(2449408K), 0.0040351 secs]
17.991: Total time for which application threads were stopped: 0.0042251 seconds, Stopping threads took: 0.0000212 seconds
18.414: [GC (Allocation Failure)  2137514K->39338K(2352640K), 0.0038016 secs]
18.418: Total time for which application threads were stopped: 0.0039622 seconds, Stopping threads took: 0.0000276 seconds
18.823: [GC (Allocation Failure)  2040746K->32264K(2252288K), 0.0010164 secs]
18.824: Total time for which application threads were stopped: 0.0011458 seconds, Stopping threads took: 0.0000290 seconds
19.215: [GC (Allocation Failure)  1939976K->41626K(2171904K), 0.0044583 secs]
19.219: Total time for which application threads were stopped: 0.0046205 seconds, Stopping threads took: 0.0000279 seconds
19.591: [GC (Allocation Failure)  1860250K->39514K(2085376K), 0.0037047 secs]
19.595: Total time for which application threads were stopped: 0.0038723 seconds, Stopping threads took: 0.0000211 seconds
19.953: [GC (Allocation Failure)  1773658K->39482K(2004992K), 0.0047287 secs]
19.958: Total time for which application threads were stopped: 0.0048947 seconds, Stopping threads took: 0.0000202 seconds
20.305: [GC (Allocation Failure)  1693242K->39914K(1927168K), 0.0039794 secs]
20.309: Total time for which application threads were stopped: 0.0041435 seconds, Stopping threads took: 0.0000268 seconds
20.637: [GC (Allocation Failure)  1617386K->37480K(1852416K), 0.0026098 secs]
20.640: Total time for which application threads were stopped: 0.0027636 seconds, Stopping threads took: 0.0000195 seconds
20.955: [GC (Allocation Failure)  1542248K->41386K(1786880K), 0.0036821 secs]
20.959: Total time for which application threads were stopped: 0.0038465 seconds, Stopping threads took: 0.0000199 seconds
21.256: [GC (Allocation Failure)  1477034K->41322K(2088448K), 0.0042475 secs]
21.261: Total time for which application threads were stopped: 0.0044222 seconds, Stopping threads took: 0.0000285 seconds
21.622: [GC (Allocation Failure)  1778538K->41354K(2451968K), 0.0057377 secs]
21.627: Total time for which application threads were stopped: 0.0059122 seconds, Stopping threads took: 0.0000214 seconds
22.064: [GC (Allocation Failure)  2143626K->42762K(2895360K), 0.0040104 secs]
22.068: Total time for which application threads were stopped: 0.0041678 seconds, Stopping threads took: 0.0000196 seconds
22.583: [GC (Allocation Failure)  2586890K->42762K(2773504K), 0.0038138 secs]
22.587: Total time for which application threads were stopped: 0.0039714 seconds, Stopping threads took: 0.0000196 seconds
23.092: [GC (Allocation Failure)  2466058K->43690K(2659840K), 0.0041081 secs]
23.096: Total time for which application threads were stopped: 0.0042725 seconds, Stopping threads took: 0.0000194 seconds
23.564: [GC (Allocation Failure)  2352298K->43658K(2548224K), 0.0041278 secs]
23.568: Total time for which application threads were stopped: 0.0042871 seconds, Stopping threads took: 0.0000212 seconds
24.025: [GC (Allocation Failure)  2243210K->46186K(2447360K), 0.0041998 secs]
24.029: Total time for which application threads were stopped: 0.0043548 seconds, Stopping threads took: 0.0000197 seconds
24.463: [GC (Allocation Failure)  2142314K->46090K(2348032K), 0.0037513 secs]
24.467: Total time for which application threads were stopped: 0.0039191 seconds, Stopping threads took: 0.0000202 seconds
24.879: [GC (Allocation Failure)  2043914K->47050K(2255360K), 0.0041072 secs]
24.884: Total time for which application threads were stopped: 0.0042720 seconds, Stopping threads took: 0.0000197 seconds
25.271: [GC (Allocation Failure)  1951178K->46986K(2163712K), 0.0038921 secs]
25.275: Total time for which application threads were stopped: 0.0040436 seconds, Stopping threads took: 0.0000201 seconds
25.648: [GC (Allocation Failure)  1862026K->44936K(2077184K), 0.0023346 secs]
25.650: Total time for which application threads were stopped: 0.0025083 seconds, Stopping threads took: 0.0000275 seconds
26.007: [GC (Allocation Failure)  1775496K->49514K(2001408K), 0.0039155 secs]
26.011: Total time for which application threads were stopped: 0.0040820 seconds, Stopping threads took: 0.0000202 seconds
26.354: [GC (Allocation Failure)  1699690K->53832K(2333696K), 0.0063183 secs]
26.360: Total time for which application threads were stopped: 0.0064919 seconds, Stopping threads took: 0.0000260 seconds
26.764: [GC (Allocation Failure)  2034248K->51626K(2722304K), 0.0043834 secs]
26.768: Total time for which application threads were stopped: 0.0045523 seconds, Stopping threads took: 0.0000202 seconds
27.264: [GC (Allocation Failure)  2428330K->57132K(2615296K), 0.0037771 secs]
27.268: Total time for which application threads were stopped: 0.0039509 seconds, Stopping threads took: 0.0000280 seconds
27.739: [GC (Allocation Failure)  2321196K->57132K(2508288K), 0.0041614 secs]
27.743: Total time for which application threads were stopped: 0.0043230 seconds, Stopping threads took: 0.0000203 seconds
28.187: [GC (Allocation Failure)  2214188K->57164K(2406912K), 0.0040602 secs]
28.191: Total time for which application threads were stopped: 0.0042193 seconds, Stopping threads took: 0.0000212 seconds
28.621: [GC (Allocation Failure)  2112844K->57100K(2308096K), 0.0042112 secs]
28.625: Total time for which application threads were stopped: 0.0043787 seconds, Stopping threads took: 0.0000203 seconds
29.023: [GC (Allocation Failure)  2016524K->59628K(2219008K), 0.0049264 secs]
29.028: Total time for which application threads were stopped: 0.0050885 seconds, Stopping threads took: 0.0000191 seconds
29.418: [GC (Allocation Failure)  1927404K->59532K(2130944K), 0.0036163 secs]
29.422: Total time for which application threads were stopped: 0.0037780 seconds, Stopping threads took: 0.0000210 seconds
29.788: [GC (Allocation Failure)  1840268K->60492K(2049024K), 0.0041988 secs]
29.793: Total time for which application threads were stopped: 0.0043571 seconds, Stopping threads took: 0.0000198 seconds
30.146: [GC (Allocation Failure)  1758284K->60588K(2386432K), 0.0040953 secs]
30.150: Total time for which application threads were stopped: 0.0042769 seconds, Stopping threads took: 0.0000199 seconds
30.572: [GC (Allocation Failure)  2098348K->63148K(2293248K), 0.0042823 secs]
30.577: Total time for which application threads were stopped: 0.0044545 seconds, Stopping threads took: 0.0000199 seconds
30.982: [GC (Allocation Failure)  2005164K->65356K(2679808K), 0.0047991 secs]
30.987: Total time for which application threads were stopped: 0.0049688 seconds, Stopping threads took: 0.0000202 seconds
31.469: [GC (Allocation Failure)  2395980K->67596K(2572288K), 0.0039862 secs]
31.473: Total time for which application threads were stopped: 0.0041408 seconds, Stopping threads took: 0.0000190 seconds
31.932: [GC (Allocation Failure)  2288140K->67276K(2465280K), 0.0041821 secs]
31.937: Total time for which application threads were stopped: 0.0043806 seconds, Stopping threads took: 0.0000537 seconds
32.374: [GC (Allocation Failure)  2183372K->69420K(2368512K), 0.0042965 secs]
32.378: Total time for which application threads were stopped: 0.0044633 seconds, Stopping threads took: 0.0000198 seconds
32.795: [GC (Allocation Failure)  2086188K->72748K(2769408K), 0.0058108 secs]
32.801: Total time for which application threads were stopped: 0.0059701 seconds, Stopping threads took: 0.0000212 seconds
33.296: [GC (Allocation Failure)  2492972K->77708K(2659840K), 0.0045680 secs]
33.301: Total time for which application threads were stopped: 0.0047214 seconds, Stopping threads took: 0.0000193 seconds
33.777: [GC (Allocation Failure)  2383244K->75148K(2545152K), 0.0044461 secs]
33.781: Total time for which application threads were stopped: 0.0046137 seconds, Stopping threads took: 0.0000206 seconds
34.226: [GC (Allocation Failure)  2271628K->77612K(2444288K), 0.0039729 secs]
34.230: Total time for which application threads were stopped: 0.0041351 seconds, Stopping threads took: 0.0000270 seconds
34.663: [GC (Allocation Failure)  2170668K->77708K(2345984K), 0.0041946 secs]
34.668: Total time for which application threads were stopped: 0.0043508 seconds, Stopping threads took: 0.0000200 seconds
35.082: [GC (Allocation Failure)  2072460K->77868K(2253312K), 0.0040794 secs]
35.086: Total time for which application threads were stopped: 0.0042337 seconds, Stopping threads took: 0.0000197 seconds
35.478: [GC (Allocation Failure)  1979436K->77740K(2162176K), 0.0041983 secs]
35.482: Total time for which application threads were stopped: 0.0043811 seconds, Stopping threads took: 0.0000212 seconds
35.850: [GC (Allocation Failure)  1890732K->79724K(2079744K), 0.0041005 secs]
35.854: Total time for which application threads were stopped: 0.0042891 seconds, Stopping threads took: 0.0000195 seconds
36.218: [GC (Allocation Failure)  1808236K->79660K(1998848K), 0.0038321 secs]
36.222: Total time for which application threads were stopped: 0.0040311 seconds, Stopping threads took: 0.0000268 seconds
36.560: [GC (Allocation Failure)  1727788K->80140K(2329088K), 0.0043101 secs]
36.564: Total time for which application threads were stopped: 0.0044734 seconds, Stopping threads took: 0.0000201 seconds
36.973: [GC (Allocation Failure)  2057996K->80076K(2722816K), 0.0042974 secs]
36.977: Total time for which application threads were stopped: 0.0044675 seconds, Stopping threads took: 0.0000211 seconds
37.463: [GC (Allocation Failure)  2453708K->82060K(2612736K), 0.0041513 secs]
37.467: Total time for which application threads were stopped: 0.0043192 seconds, Stopping threads took: 0.0000194 seconds
37.938: [GC (Allocation Failure)  2343564K->81996K(2504704K), 0.0040252 secs]
37.942: Total time for which application threads were stopped: 0.0041856 seconds, Stopping threads took: 0.0000202 seconds
38.378: [GC (Allocation Failure)  2237004K->83532K(2404864K), 0.0040226 secs]
38.382: Total time for which application threads were stopped: 0.0042293 seconds, Stopping threads took: 0.0000278 seconds
38.810: [GC (Allocation Failure)  2137164K->84074K(2306560K), 0.0045592 secs]
38.815: Total time for which application threads were stopped: 0.0047180 seconds, Stopping threads took: 0.0000200 seconds
39.218: [GC (Allocation Failure)  2041450K->86028K(2216960K), 0.0040421 secs]
39.223: Total time for which application threads were stopped: 0.0042095 seconds, Stopping threads took: 0.0000282 seconds
39.600: [GC (Allocation Failure)  1951756K->88812K(2588672K), 0.0052193 secs]
39.605: Total time for which application threads were stopped: 0.0053870 seconds, Stopping threads took: 0.0000203 seconds
40.068: [GC (Allocation Failure)  2327788K->90252K(2484736K), 0.0040296 secs]
40.072: Total time for which application threads were stopped: 0.0041995 seconds, Stopping threads took: 0.0000199 seconds
40.515: [GC (Allocation Failure)  2223756K->97778K(2831872K), 0.0085412 secs]
40.524: Total time for which application threads were stopped: 0.0087070 seconds, Stopping threads took: 0.0000198 seconds
41.027: [GC (Allocation Failure)  2579442K->98708K(2838016K), 0.0041608 secs]
41.032: Total time for which application threads were stopped: 0.0043331 seconds, Stopping threads took: 0.0000258 seconds
41.533: [GC (Allocation Failure)  2580372K->98644K(3069952K), 0.0045611 secs]
41.538: Total time for which application threads were stopped: 0.0047610 seconds, Stopping threads took: 0.0000203 seconds
42.144: [GC (Allocation Failure)  2813268K->101556K(2939392K), 0.0049838 secs]
42.149: Total time for which application threads were stopped: 0.0051516 seconds, Stopping threads took: 0.0000194 seconds
42.686: [GC (Allocation Failure)  2686644K->98636K(2807808K), 0.0055654 secs]
42.692: Total time for which application threads were stopped: 0.0057510 seconds, Stopping threads took: 0.0000261 seconds
43.191: [GC (Allocation Failure)  2560844K->104174K(2696704K), 0.0039068 secs]
43.195: Total time for which application threads were stopped: 0.0040723 seconds, Stopping threads took: 0.0000279 seconds
43.669: [GC (Allocation Failure)  2449646K->104142K(2585600K), 0.0041698 secs]
43.674: Total time for which application threads were stopped: 0.0043289 seconds, Stopping threads took: 0.0000252 seconds
44.136: [GC (Allocation Failure)  2338510K->104462K(2480640K), 0.0043109 secs]
44.140: Total time for which application threads were stopped: 0.0044695 seconds, Stopping threads took: 0.0000200 seconds
44.583: [GC (Allocation Failure)  2233358K->104142K(2379776K), 0.0038974 secs]
44.587: Total time for which application threads were stopped: 0.0040533 seconds, Stopping threads took: 0.0000203 seconds
45.007: [GC (Allocation Failure)  2132686K->104238K(2284544K), 0.0042836 secs]
45.012: Total time for which application threads were stopped: 0.0044516 seconds, Stopping threads took: 0.0000201 seconds
45.406: [GC (Allocation Failure)  2037550K->104238K(2194432K), 0.0040770 secs]
45.410: Total time for which application threads were stopped: 0.0042447 seconds, Stopping threads took: 0.0000208 seconds
45.795: [GC (Allocation Failure)  1947438K->104142K(2108416K), 0.0041332 secs]
45.799: Total time for which application threads were stopped: 0.0043000 seconds, Stopping threads took: 0.0000208 seconds
46.164: [GC (Allocation Failure)  1861326K->104094K(2026496K), 0.0038309 secs]
46.168: Total time for which application threads were stopped: 0.0040007 seconds, Stopping threads took: 0.0000204 seconds
46.516: [GC (Allocation Failure)  1779870K->104542K(1949696K), 0.0044408 secs]
46.521: Total time for which application threads were stopped: 0.0046066 seconds, Stopping threads took: 0.0000198 seconds
46.843: [GC (Allocation Failure)  1703006K->105478K(2268672K), 0.0042524 secs]
46.848: Total time for which application threads were stopped: 0.0044078 seconds, Stopping threads took: 0.0000172 seconds
47.243: [GC (Allocation Failure)  2023942K->107334K(2654720K), 0.0041535 secs]
47.248: Total time for which application threads were stopped: 0.0043186 seconds, Stopping threads took: 0.0000191 seconds
47.723: [GC (Allocation Failure)  2409798K->106502K(2543616K), 0.0042613 secs]
47.727: Total time for which application threads were stopped: 0.0044307 seconds, Stopping threads took: 0.0000202 seconds
48.185: [GC (Allocation Failure)  2300422K->107974K(2441728K), 0.0042312 secs]
48.189: Total time for which application threads were stopped: 0.0043779 seconds, Stopping threads took: 0.0000194 seconds
48.618: [GC (Allocation Failure)  2198470K->107958K(2342400K), 0.0041424 secs]
48.622: Total time for which application threads were stopped: 0.0043018 seconds, Stopping threads took: 0.0000207 seconds
49.026: [GC (Allocation Failure)  2100150K->109046K(2250752K), 0.0045223 secs]
49.031: Total time for which application threads were stopped: 0.0046909 seconds, Stopping threads took: 0.0000192 seconds
49.426: [GC (Allocation Failure)  2008054K->108918K(2159616K), 0.0043375 secs]
49.430: Total time for which application threads were stopped: 0.0045358 seconds, Stopping threads took: 0.0000282 seconds
49.806: [GC (Allocation Failure)  1919350K->110902K(2077184K), 0.0043259 secs]
49.810: Total time for which application threads were stopped: 0.0045059 seconds, Stopping threads took: 0.0000202 seconds
50.169: [GC (Allocation Failure)  1836854K->112158K(2421248K), 0.0045913 secs]
50.174: Total time for which application threads were stopped: 0.0047483 seconds, Stopping threads took: 0.0000198 seconds
50.600: [GC (Allocation Failure)  2183710K->113630K(2837504K), 0.0042974 secs]
50.605: Total time for which application threads were stopped: 0.0044624 seconds, Stopping threads took: 0.0000195 seconds
51.122: [GC (Allocation Failure)  2599902K->113582K(2717696K), 0.0040346 secs]
51.126: Total time for which application threads were stopped: 0.0042037 seconds, Stopping threads took: 0.0000202 seconds
51.614: [GC (Allocation Failure)  2482094K->115534K(2607616K), 0.0041570 secs]
51.618: Total time for which application threads were stopped: 0.0043160 seconds, Stopping threads took: 0.0000198 seconds
52.086: [GC (Allocation Failure)  2371918K->114852K(2499584K), 0.0036950 secs]
52.090: Total time for which application threads were stopped: 0.0038456 seconds, Stopping threads took: 0.0000201 seconds
52.532: [GC (Allocation Failure)  2264740K->116294K(2399744K), 0.0041808 secs]
52.536: Total time for which application threads were stopped: 0.0043476 seconds, Stopping threads took: 0.0000202 seconds
52.961: [GC (Allocation Failure)  2164806K->116326K(2301440K), 0.0041973 secs]
52.965: Total time for which application threads were stopped: 0.0043647 seconds, Stopping threads took: 0.0000204 seconds
53.360: [GC (Allocation Failure)  2068582K->118822K(2212864K), 0.0042356 secs]
53.365: Total time for which application threads were stopped: 0.0044117 seconds, Stopping threads took: 0.0000291 seconds
53.743: [GC (Allocation Failure)  1979942K->118254K(2122752K), 0.0041436 secs]
53.747: Total time for which application threads were stopped: 0.0043372 seconds, Stopping threads took: 0.0000207 seconds
54.116: [GC (Allocation Failure)  1892846K->121198K(2043392K), 0.0040390 secs]
54.120: Total time for which application threads were stopped: 0.0041935 seconds, Stopping threads took: 0.0000200 seconds
54.471: [GC (Allocation Failure)  1813358K->121294K(2380288K), 0.0042349 secs]
54.475: Total time for which application threads were stopped: 0.0044124 seconds, Stopping threads took: 0.0000284 seconds
54.894: [GC (Allocation Failure)  2151886K->122766K(2286592K), 0.0043346 secs]
54.898: Total time for which application threads were stopped: 0.0045026 seconds, Stopping threads took: 0.0000194 seconds
55.300: [GC (Allocation Failure)  2058126K->122702K(2670592K), 0.0043851 secs]
55.304: Total time for which application threads were stopped: 0.0045437 seconds, Stopping threads took: 0.0000202 seconds
55.783: [GC (Allocation Failure)  2445134K->126478K(2565120K), 0.0041324 secs]
55.788: Total time for which application threads were stopped: 0.0042962 seconds, Stopping threads took: 0.0000283 seconds
56.237: [GC (Allocation Failure)  2339342K->125646K(2456064K), 0.0042387 secs]
56.242: Total time for which application threads were stopped: 0.0044002 seconds, Stopping threads took: 0.0000275 seconds
56.680: [GC (Allocation Failure)  2234062K->129326K(2360832K), 0.0046842 secs]
56.685: Total time for which application threads were stopped: 0.0048779 seconds, Stopping threads took: 0.0000262 seconds
57.094: [GC (Allocation Failure)  2138414K->124812K(2262016K), 0.0024674 secs]
57.096: Total time for which application threads were stopped: 0.0026170 seconds, Stopping threads took: 0.0000202 seconds
57.482: [GC (Allocation Failure)  2039692K->129324K(2177024K), 0.0042708 secs]
57.487: Total time for which application threads were stopped: 0.0044336 seconds, Stopping threads took: 0.0000271 seconds
57.863: [GC (Allocation Failure)  1954604K->130014K(2091520K), 0.0040585 secs]
57.867: Total time for which application threads were stopped: 0.0042168 seconds, Stopping threads took: 0.0000200 seconds
58.225: [GC (Allocation Failure)  1870302K->129950K(2010624K), 0.0043149 secs]
58.229: Total time for which application threads were stopped: 0.0044814 seconds, Stopping threads took: 0.0000281 seconds
58.568: [GC (Allocation Failure)  1789342K->129990K(2339328K), 0.0045706 secs]
58.572: Total time for which application threads were stopped: 0.0047314 seconds, Stopping threads took: 0.0000212 seconds
58.987: [GC (Allocation Failure)  2121670K->137030K(2743296K), 0.0051380 secs]
58.992: Total time for which application threads were stopped: 0.0053052 seconds, Stopping threads took: 0.0000199 seconds
59.488: [GC (Allocation Failure)  2527046K->136398K(2935808K), 0.0048955 secs]
59.493: Total time for which application threads were stopped: 0.0050742 seconds, Stopping threads took: 0.0000208 seconds
60.028: [GC (Allocation Failure)  2723022K->138350K(2814976K), 0.0043095 secs]
60.033: Total time for which application threads were stopped: 0.0044938 seconds, Stopping threads took: 0.0000206 seconds
60.535: [GC (Allocation Failure)  2602094K->138318K(2693632K), 0.0045083 secs]
60.540: Total time for which application threads were stopped: 0.0046995 seconds, Stopping threads took: 0.0000196 seconds
61.030: [GC (Allocation Failure)  2485326K->142801K(2587136K), 0.0042869 secs]
61.035: Total time for which application threads were stopped: 0.0044473 seconds, Stopping threads took: 0.0000195 seconds
61.495: [GC (Allocation Failure)  2378705K->143825K(2482688K), 0.0041202 secs]
61.500: Total time for which application threads were stopped: 0.0042780 seconds, Stopping threads took: 0.0000198 seconds
61.942: [GC (Allocation Failure)  2274257K->142833K(2381312K), 0.0042737 secs]
61.946: Total time for which application threads were stopped: 0.0044313 seconds, Stopping threads took: 0.0000205 seconds
62.367: [GC (Allocation Failure)  2172913K->142793K(2282496K), 0.0044838 secs]
62.371: Total time for which application threads were stopped: 0.0046423 seconds, Stopping threads took: 0.0000201 seconds
62.774: [GC (Allocation Failure)  2077641K->146345K(2195456K), 0.0043665 secs]
62.778: Total time for which application threads were stopped: 0.0045846 seconds, Stopping threads took: 0.0000523 seconds
63.149: [GC (Allocation Failure)  1990569K->146281K(2109440K), 0.0040965 secs]
63.153: Total time for which application threads were stopped: 0.0042526 seconds, Stopping threads took: 0.0000202 seconds
63.517: [GC (Allocation Failure)  1904489K->146281K(2028032K), 0.0043103 secs]
63.521: Total time for which application threads were stopped: 0.0044827 seconds, Stopping threads took: 0.0000273 seconds
63.869: [GC (Allocation Failure)  1823081K->146281K(2359808K), 0.0044505 secs]
63.874: Total time for which application threads were stopped: 0.0046259 seconds, Stopping threads took: 0.0000263 seconds
64.280: [GC (Allocation Failure)  2158441K->149865K(2765824K), 0.0040595 secs]
64.284: Total time for which application threads were stopped: 0.0042260 seconds, Stopping threads took: 0.0000196 seconds
64.782: [GC (Allocation Failure)  2564457K->149833K(2651648K), 0.0045855 secs]
64.787: Total time for which application threads were stopped: 0.0047725 seconds, Stopping threads took: 0.0000282 seconds
65.263: [GC (Allocation Failure)  2450249K->149801K(2543104K), 0.0042908 secs]
65.267: Total time for which application threads were stopped: 0.0044531 seconds, Stopping threads took: 0.0000260 seconds
65.720: [GC (Allocation Failure)  2341673K->149737K(2435072K), 0.0044184 secs]
65.725: Total time for which application threads were stopped: 0.0045885 seconds, Stopping threads took: 0.0000278 seconds
66.150: [GC (Allocation Failure)  2238185K->154251K(2341376K), 0.0043303 secs]
66.154: Total time for which application threads were stopped: 0.0044870 seconds, Stopping threads took: 0.0000191 seconds
66.572: [GC (Allocation Failure)  2144395K->154219K(2248192K), 0.0037931 secs]
66.575: Total time for which application threads were stopped: 0.0039614 seconds, Stopping threads took: 0.0000205 seconds
66.967: [GC (Allocation Failure)  2051179K->154251K(2159616K), 0.0042697 secs]
66.971: Total time for which application threads were stopped: 0.0044248 seconds, Stopping threads took: 0.0000200 seconds
67.344: [GC (Allocation Failure)  1962635K->154187K(2515968K), 0.0047028 secs]
67.349: Total time for which application threads were stopped: 0.0048716 seconds, Stopping threads took: 0.0000289 seconds
67.801: [GC (Allocation Failure)  2324555K->160013K(2419712K), 0.0038249 secs]
67.805: Total time for which application threads were stopped: 0.0040207 seconds, Stopping threads took: 0.0000261 seconds
68.235: [GC (Allocation Failure)  2227964K->155787K(2318336K), 0.0028278 secs]
68.238: Total time for which application threads were stopped: 0.0029893 seconds, Stopping threads took: 0.0000207 seconds
68.647: [GC (Allocation Failure)  2126475K->159725K(2229760K), 0.0042301 secs]
68.651: Total time for which application threads were stopped: 0.0043873 seconds, Stopping threads took: 0.0000206 seconds
69.046: [GC (Allocation Failure)  2038253K->167859K(2604544K), 0.0090473 secs]
69.055: Total time for which application threads were stopped: 0.0092144 seconds, Stopping threads took: 0.0000198 seconds
69.513: [GC (Allocation Failure)  2422195K->168821K(2871296K), 0.0044482 secs]
69.518: Total time for which application threads were stopped: 0.0046282 seconds, Stopping threads took: 0.0000201 seconds
70.037: [GC (Allocation Failure)  2684277K->170613K(3060224K), 0.0045668 secs]
70.042: Total time for which application threads were stopped: 0.0047251 seconds, Stopping threads took: 0.0000196 seconds
70.630: [GC (Allocation Failure)  2875509K->168821K(2927104K), 0.0050461 secs]
70.635: Total time for which application threads were stopped: 0.0052180 seconds, Stopping threads took: 0.0000201 seconds
71.168: [GC (Allocation Failure)  2744693K->169133K(2801664K), 0.0049262 secs]
71.173: Total time for which application threads were stopped: 0.0050834 seconds, Stopping threads took: 0.0000199 seconds
71.670: [GC (Allocation Failure)  2622637K->172525K(2689024K), 0.0048385 secs]
71.675: Total time for which application threads were stopped: 0.0050199 seconds, Stopping threads took: 0.0000240 seconds
72.158: [GC (Allocation Failure)  2509805K->173005K(2578944K), 0.0041458 secs]
72.162: Total time for which application threads were stopped: 0.0043262 seconds, Stopping threads took: 0.0000204 seconds
72.622: [GC (Allocation Failure)  2399693K->172109K(2472960K), 0.0043291 secs]
72.626: Total time for which application threads were stopped: 0.0045164 seconds, Stopping threads took: 0.0000212 seconds
73.054: [GC (Allocation Failure)  2293837K->172125K(2371584K), 0.0040484 secs]
73.059: Total time for which application threads were stopped: 0.0042177 seconds, Stopping threads took: 0.0000208 seconds
73.476: [GC (Allocation Failure)  2194013K->173565K(2278400K), 0.0042243 secs]
73.481: Total time for which application threads were stopped: 0.0044113 seconds, Stopping threads took: 0.0000260 seconds
73.884: [GC (Allocation Failure)  2100733K->173565K(2188288K), 0.0038240 secs]
73.888: Total time for which application threads were stopped: 0.0039850 seconds, Stopping threads took: 0.0000206 seconds
74.263: [GC (Allocation Failure)  2010621K->175133K(2104320K), 0.0041228 secs]
74.267: Total time for which application threads were stopped: 0.0042655 seconds, Stopping threads took: 0.0000192 seconds
74.633: [GC (Allocation Failure)  1926685K->173533K(2449408K), 0.0046796 secs]
74.637: Total time for which application threads were stopped: 0.0048544 seconds, Stopping threads took: 0.0000210 seconds
75.073: [GC (Allocation Failure)  2275805K->179389K(2876416K), 0.0059506 secs]
75.079: Total time for which application threads were stopped: 0.0061027 seconds, Stopping threads took: 0.0000194 seconds
75.586: [GC (Allocation Failure)  2702525K->177485K(2754048K), 0.0039576 secs]
75.590: Total time for which application threads were stopped: 0.0041583 seconds, Stopping threads took: 0.0000284 seconds
76.093: [GC (Allocation Failure)  2580813K->177901K(2640896K), 0.0041586 secs]
76.097: Total time for which application threads were stopped: 0.0043160 seconds, Stopping threads took: 0.0000201 seconds
76.574: [GC (Allocation Failure)  2467565K->178701K(2531840K), 0.0044087 secs]
76.579: Total time for which application threads were stopped: 0.0045774 seconds, Stopping threads took: 0.0000209 seconds
77.034: [GC (Allocation Failure)  2360333K->179661K(2429952K), 0.0040551 secs]
77.038: Total time for which application threads were stopped: 0.0042429 seconds, Stopping threads took: 0.0000199 seconds
77.468: [GC (Allocation Failure)  2258381K->179805K(2330624K), 0.0044419 secs]
77.473: Total time for which application threads were stopped: 0.0046005 seconds, Stopping threads took: 0.0000198 seconds
77.883: [GC (Allocation Failure)  2160733K->181853K(2240000K), 0.0042127 secs]
77.887: Total time for which application threads were stopped: 0.0044049 seconds, Stopping threads took: 0.0000195 seconds
78.280: [GC (Allocation Failure)  2070109K->181221K(2149888K), 0.0041747 secs]
78.284: Total time for which application threads were stopped: 0.0043433 seconds, Stopping threads took: 0.0000203 seconds
78.656: [GC (Allocation Failure)  1981413K->182693K(2067456K), 0.0045121 secs]
78.661: Total time for which application threads were stopped: 0.0046779 seconds, Stopping threads took: 0.0000199 seconds
79.021: [GC (Allocation Failure)  1898917K->178723K(1984512K), 0.0029304 secs]
79.024: Total time for which application threads were stopped: 0.0031061 seconds, Stopping threads took: 0.0000208 seconds
79.369: [GC (Allocation Failure)  1815587K->182693K(1912320K), 0.0041805 secs]
79.373: Total time for which application threads were stopped: 0.0043387 seconds, Stopping threads took: 0.0000267 seconds
79.699: [GC (Allocation Failure)  1743781K->182885K(2225152K), 0.0040412 secs]
79.703: Total time for which application threads were stopped: 0.0042141 seconds, Stopping threads took: 0.0000201 seconds
80.094: [GC (Allocation Failure)  2056293K->182693K(2599424K), 0.0044879 secs]
80.098: Total time for which application threads were stopped: 0.0046458 seconds, Stopping threads took: 0.0000204 seconds
80.563: [GC (Allocation Failure)  2430885K->182637K(2978816K), 0.0045654 secs]
80.568: Total time for which application threads were stopped: 0.0047324 seconds, Stopping threads took: 0.0000203 seconds
81.099: [GC (Allocation Failure)  2813293K->185773K(2857472K), 0.0042507 secs]
81.104: Total time for which application threads were stopped: 0.0044178 seconds, Stopping threads took: 0.0000203 seconds
81.620: [GC (Allocation Failure)  2691501K->186501K(2732032K), 0.0051319 secs]
81.625: Total time for which application threads were stopped: 0.0053047 seconds, Stopping threads took: 0.0000202 seconds
82.104: [GC (Allocation Failure)  2573445K->193447K(2626048K), 0.0042755 secs]
82.108: Total time for which application threads were stopped: 0.0044342 seconds, Stopping threads took: 0.0000199 seconds
82.577: [GC (Allocation Failure)  2467239K->192551K(2517504K), 0.0041842 secs]
82.582: Total time for which application threads were stopped: 0.0043614 seconds, Stopping threads took: 0.0000201 seconds
83.028: [GC (Allocation Failure)  2358823K->192519K(2415616K), 0.0043396 secs]
83.032: Total time for which application threads were stopped: 0.0044973 seconds, Stopping threads took: 0.0000201 seconds
83.454: [GC (Allocation Failure)  2256903K->192487K(2315264K), 0.0044732 secs]
83.459: Total time for which application threads were stopped: 0.0046429 seconds, Stopping threads took: 0.0000283 seconds
83.863: [GC (Allocation Failure)  2160103K->196007K(2226688K), 0.0042537 secs]
83.867: Total time for which application threads were stopped: 0.0044186 seconds, Stopping threads took: 0.0000200 seconds
84.244: [GC (Allocation Failure)  2071463K->195943K(2138112K), 0.0041828 secs]
84.248: Total time for which application threads were stopped: 0.0043779 seconds, Stopping threads took: 0.0000201 seconds
84.613: [GC (Allocation Failure)  1983847K->192965K(2052608K), 0.0030213 secs]
84.616: Total time for which application threads were stopped: 0.0032088 seconds, Stopping threads took: 0.0000205 seconds
84.974: [GC (Allocation Failure)  1897925K->196871K(1977344K), 0.0039270 secs]
84.978: Total time for which application threads were stopped: 0.0041207 seconds, Stopping threads took: 0.0000207 seconds
85.320: [GC (Allocation Failure)  1822983K->197095K(1902592K), 0.0042520 secs]
85.324: Total time for which application threads were stopped: 0.0044268 seconds, Stopping threads took: 0.0000276 seconds
85.648: [GC (Allocation Failure)  1747943K->196847K(2208256K), 0.0048076 secs]
85.653: Total time for which application threads were stopped: 0.0049747 seconds, Stopping threads took: 0.0000193 seconds
86.036: [GC (Allocation Failure)  2057967K->196333K(2121216K), 0.0027500 secs]
86.039: Total time for which application threads were stopped: 0.0029016 seconds, Stopping threads took: 0.0000201 seconds
86.409: [GC (Allocation Failure)  1970925K->200911K(2481152K), 0.0043286 secs]
86.414: Total time for which application threads were stopped: 0.0044881 seconds, Stopping threads took: 0.0000212 seconds
86.858: [GC (Allocation Failure)  2330831K->200847K(2380800K), 0.0043179 secs]
86.863: Total time for which application threads were stopped: 0.0044757 seconds, Stopping threads took: 0.0000199 seconds
87.282: [GC (Allocation Failure)  2230415K->200823K(2783232K), 0.0046765 secs]
87.287: Total time for which application threads were stopped: 0.0048471 seconds, Stopping threads took: 0.0000206 seconds
87.790: [GC (Allocation Failure)  2636407K->204311K(2671616K), 0.0043627 secs]
87.794: Total time for which application threads were stopped: 0.0045540 seconds, Stopping threads took: 0.0000262 seconds
88.268: [GC (Allocation Failure)  2524695K->204311K(2562048K), 0.0040120 secs]
88.272: Total time for which application threads were stopped: 0.0041753 seconds, Stopping threads took: 0.0000213 seconds
88.724: [GC (Allocation Failure)  2415127K->204407K(2458112K), 0.0048964 secs]
88.729: Total time for which application threads were stopped: 0.0050607 seconds, Stopping threads took: 0.0000197 seconds
89.163: [GC (Allocation Failure)  2311287K->204271K(2355712K), 0.0046675 secs]
89.168: Total time for which application threads were stopped: 0.0048345 seconds, Stopping threads took: 0.0000204 seconds
89.577: [GC (Allocation Failure)  2212335K->207791K(2265088K), 0.0040914 secs]
89.581: Total time for which application threads were stopped: 0.0042893 seconds, Stopping threads took: 0.0000279 seconds
89.975: [GC (Allocation Failure)  2121647K->207791K(2175488K), 0.0041435 secs]
89.980: Total time for which application threads were stopped: 0.0043135 seconds, Stopping threads took: 0.0000206 seconds
90.347: [GC (Allocation Failure)  2032047K->207791K(2540544K), 0.0045369 secs]
90.352: Total time for which application threads were stopped: 0.0046900 seconds, Stopping threads took: 0.0000185 seconds
90.805: [GC (Allocation Failure)  2397103K->207919K(2433024K), 0.0046154 secs]
90.809: Total time for which application threads were stopped: 0.0047825 seconds, Stopping threads took: 0.0000282 seconds
91.234: [GC (Allocation Failure)  2294319K->206031K(2848768K), 0.0058039 secs]
91.240: Total time for which application threads were stopped: 0.0059694 seconds, Stopping threads took: 0.0000284 seconds
91.760: [GC (Allocation Failure)  2709711K->212434K(2736128K), 0.0043079 secs]
91.765: Total time for which application threads were stopped: 0.0044787 seconds, Stopping threads took: 0.0000277 seconds
92.258: [GC (Allocation Failure)  2597330K->212434K(2623488K), 0.0041404 secs]
92.262: Total time for which application threads were stopped: 0.0043358 seconds, Stopping threads took: 0.0000278 seconds
92.720: [GC (Allocation Failure)  2484690K->212778K(2513920K), 0.0048709 secs]
92.725: Total time for which application threads were stopped: 0.0050306 seconds, Stopping threads took: 0.0000204 seconds
93.177: [GC (Allocation Failure)  2378026K->215242K(2414592K), 0.0042610 secs]
93.182: Total time for which application threads were stopped: 0.0044199 seconds, Stopping threads took: 0.0000207 seconds
93.610: [GC (Allocation Failure)  2278602K->215354K(2317824K), 0.0039331 secs]
93.614: Total time for which application threads were stopped: 0.0041007 seconds, Stopping threads took: 0.0000201 seconds
94.011: [GC (Allocation Failure)  2181946K->215306K(2225664K), 0.0047106 secs]
94.016: Total time for which application threads were stopped: 0.0048849 seconds, Stopping threads took: 0.0000199 seconds
94.403: [GC (Allocation Failure)  2089738K->215274K(2135552K), 0.0043377 secs]
94.408: Total time for which application threads were stopped: 0.0044975 seconds, Stopping threads took: 0.0000204 seconds
94.769: [GC (Allocation Failure)  2002154K->217738K(2495488K), 0.0042802 secs]
94.773: Total time for which application threads were stopped: 0.0044657 seconds, Stopping threads took: 0.0000261 seconds
95.219: [GC (Allocation Failure)  2361994K->218066K(2393600K), 0.0040914 secs]
95.224: Total time for which application threads were stopped: 0.0042601 seconds, Stopping threads took: 0.0000205 seconds
95.637: [GC (Allocation Failure)  2261458K->222503K(2805760K), 0.0061459 secs]
95.643: Total time for which application threads were stopped: 0.0063218 seconds, Stopping threads took: 0.0000199 seconds
96.138: [GC (Allocation Failure)  2674983K->220290K(2868736K), 0.0051348 secs]
96.143: Total time for which application threads were stopped: 0.0052928 seconds, Stopping threads took: 0.0000201 seconds
96.663: [GC (Allocation Failure)  2742402K->224772K(2753536K), 0.0041175 secs]
96.667: Total time for which application threads were stopped: 0.0042811 seconds, Stopping threads took: 0.0000207 seconds
97.163: [GC (Allocation Failure)  2627076K->224724K(2635264K), 0.0047377 secs]
97.168: Total time for which application threads were stopped: 0.0049054 seconds, Stopping threads took: 0.0000200 seconds
97.635: [GC (Allocation Failure)  2513364K->229238K(2531840K), 0.0044600 secs]
97.640: Total time for which application threads were stopped: 0.0046264 seconds, Stopping threads took: 0.0000198 seconds
98.090: [GC (Allocation Failure)  2409846K->229206K(2428928K), 0.0044270 secs]
98.094: Total time for which application threads were stopped: 0.0045867 seconds, Stopping threads took: 0.0000198 seconds
98.524: [GC (Allocation Failure)  2306902K->229366K(2331648K), 0.0046582 secs]
98.529: Total time for which application threads were stopped: 0.0048307 seconds, Stopping threads took: 0.0000204 seconds
98.932: [GC (Allocation Failure)  2209270K->224340K(2233856K), 0.0022868 secs]
98.935: Total time for which application threads were stopped: 0.0024363 seconds, Stopping threads took: 0.0000205 seconds
99.324: [GC (Allocation Failure)  2111572K->229686K(2150912K), 0.0041824 secs]
99.329: Total time for which application threads were stopped: 0.0043458 seconds, Stopping threads took: 0.0000261 seconds
99.697: [GC (Allocation Failure)  2028854K->229334K(2067456K), 0.0040427 secs]
99.701: Total time for which application threads were stopped: 0.0042333 seconds, Stopping threads took: 0.0000202 seconds
100.057: [GC (Allocation Failure)  1945046K->229238K(1987584K), 0.0042995 secs]
100.062: Total time for which application threads were stopped: 0.0044539 seconds, Stopping threads took: 0.0000171 seconds
100.405: [GC (Allocation Failure)  1865590K->229230K(2312192K), 0.0046412 secs]
100.410: Total time for which application threads were stopped: 0.0047900 seconds, Stopping threads took: 0.0000175 seconds
100.819: [GC (Allocation Failure)  2193262K->232238K(2708480K), 0.0040781 secs]
100.824: Total time for which application threads were stopped: 0.0042481 seconds, Stopping threads took: 0.0000270 seconds
101.312: [GC (Allocation Failure)  2589486K->232182K(2596352K), 0.0041810 secs]
101.316: Total time for which application threads were stopped: 0.0043564 seconds, Stopping threads took: 0.0000283 seconds
101.778: [GC (Allocation Failure)  2477814K->232598K(2490880K), 0.0042122 secs]
101.782: Total time for which application threads were stopped: 0.0043819 seconds, Stopping threads took: 0.0000263 seconds
102.221: [GC (Allocation Failure)  2372246K->232686K(2386944K), 0.0048878 secs]
102.226: Total time for which application threads were stopped: 0.0050556 seconds, Stopping threads took: 0.0000199 seconds
102.648: [GC (Allocation Failure)  2271470K->236974K(2295808K), 0.0046698 secs]
102.653: Total time for which application threads were stopped: 0.0048359 seconds, Stopping threads took: 0.0000193 seconds
103.055: [GC (Allocation Failure)  2180014K->236838K(2679808K), 0.0050663 secs]
103.060: Total time for which application threads were stopped: 0.0052570 seconds, Stopping threads took: 0.0000195 seconds
103.541: [GC (Allocation Failure)  2568486K->240054K(2573312K), 0.0042778 secs]
103.545: Total time for which application threads were stopped: 0.0044466 seconds, Stopping threads took: 0.0000283 seconds
103.999: [GC (Allocation Failure)  2461622K->239894K(2467840K), 0.0041774 secs]
104.004: Total time for which application threads were stopped: 0.0043443 seconds, Stopping threads took: 0.0000197 seconds
104.445: [GC (Allocation Failure)  2356502K->239958K(2368512K), 0.0044091 secs]
104.450: Total time for which application threads were stopped: 0.0045846 seconds, Stopping threads took: 0.0000194 seconds
104.861: [GC (Allocation Failure)  2257238K->245644K(2768384K), 0.0081615 secs]
104.870: Total time for which application threads were stopped: 0.0083183 seconds, Stopping threads took: 0.0000198 seconds
105.374: [GC (Allocation Failure)  2666380K->249134K(2810880K), 0.0044308 secs]
105.378: Total time for which application threads were stopped: 0.0045988 seconds, Stopping threads took: 0.0000273 seconds
105.889: [GC (Allocation Failure)  2705198K->249102K(3072000K), 0.0047054 secs]
105.893: Total time for which application threads were stopped: 0.0048663 seconds, Stopping threads took: 0.0000196 seconds
106.493: [GC (Allocation Failure)  2966286K->249518K(2939392K), 0.0054446 secs]
106.498: Total time for which application threads were stopped: 0.0056106 seconds, Stopping threads took: 0.0000197 seconds
107.032: [GC (Allocation Failure)  2837166K->249062K(2811392K), 0.0050821 secs]
107.037: Total time for which application threads were stopped: 0.0052517 seconds, Stopping threads took: 0.0000202 seconds
107.537: [GC (Allocation Failure)  2713830K->253577K(2699264K), 0.0042040 secs]
107.541: Total time for which application threads were stopped: 0.0043720 seconds, Stopping threads took: 0.0000197 seconds
108.027: [GC (Allocation Failure)  2601609K->253545K(2588160K), 0.0044620 secs]
108.032: Total time for which application threads were stopped: 0.0046302 seconds, Stopping threads took: 0.0000200 seconds
108.495: [GC (Allocation Failure)  2490473K->254505K(2483712K), 0.0045405 secs]
108.499: Total time for which application threads were stopped: 0.0047066 seconds, Stopping threads took: 0.0000199 seconds
108.940: [GC (Allocation Failure)  2385961K->253513K(2378752K), 0.0045923 secs]
108.945: Total time for which application threads were stopped: 0.0047633 seconds, Stopping threads took: 0.0000209 seconds
109.365: [GC (Allocation Failure)  2284617K->257001K(2287104K), 0.0045187 secs]
109.370: Total time for which application threads were stopped: 0.0046811 seconds, Stopping threads took: 0.0000259 seconds
109.767: [GC (Allocation Failure)  2192873K->257033K(2196480K), 0.0042167 secs]
109.771: Total time for which application threads were stopped: 0.0043827 seconds, Stopping threads took: 0.0000290 seconds
110.152: [GC (Allocation Failure)  2102281K->257033K(2110464K), 0.0045560 secs]
110.156: Total time for which application threads were stopped: 0.0047248 seconds, Stopping threads took: 0.0000209 seconds
110.518: [GC (Allocation Failure)  2016265K->258417K(2459136K), 0.0046579 secs]
110.523: Total time for which application threads were stopped: 0.0048188 seconds, Stopping threads took: 0.0000200 seconds
110.960: [GC (Allocation Failure)  2369905K->261913K(2885120K), 0.0044476 secs]
110.965: Total time for which application threads were stopped: 0.0046365 seconds, Stopping threads took: 0.0000197 seconds
111.474: [GC (Allocation Failure)  2795801K->261945K(2764800K), 0.0038889 secs]
111.478: Total time for which application threads were stopped: 0.0040888 seconds, Stopping threads took: 0.0000202 seconds
111.982: [GC (Allocation Failure)  2675513K->261945K(2650624K), 0.0043199 secs]
111.986: Total time for which application threads were stopped: 0.0044998 seconds, Stopping threads took: 0.0000207 seconds
112.461: [GC (Allocation Failure)  2561337K->261905K(2538496K), 0.0045376 secs]
112.465: Total time for which application threads were stopped: 0.0047452 seconds, Stopping threads took: 0.0000269 seconds
112.923: [GC (Allocation Failure)  2452753K->265713K(2439168K), 0.0046334 secs]
112.928: Total time for which application threads were stopped: 0.0047934 seconds, Stopping threads took: 0.0000198 seconds
113.359: [GC (Allocation Failure)  2353137K->265353K(2340352K), 0.0040678 secs]
113.363: Total time for which application threads were stopped: 0.0042380 seconds, Stopping threads took: 0.0000286 seconds
113.777: [GC (Allocation Failure)  2254985K->265769K(2247680K), 0.0042674 secs]
113.781: Total time for which application threads were stopped: 0.0044436 seconds, Stopping threads took: 0.0000257 seconds
114.165: [GC (Allocation Failure)  2162217K->265737K(2155008K), 0.0047259 secs]
114.170: Total time for which application threads were stopped: 0.0049039 seconds, Stopping threads took: 0.0000206 seconds
114.545: [GC (Allocation Failure)  2073609K->269737K(2075136K), 0.0040553 secs]
114.549: Total time for which application threads were stopped: 0.0042474 seconds, Stopping threads took: 0.0000203 seconds
114.907: [GC (Allocation Failure)  1993641K->269745K(2419712K), 0.0042381 secs]
114.911: Total time for which application threads were stopped: 0.0044161 seconds, Stopping threads took: 0.0000206 seconds
115.341: [GC (Allocation Failure)  2338737K->273929K(2835968K), 0.0058144 secs]
115.347: Total time for which application threads were stopped: 0.0059823 seconds, Stopping threads took: 0.0000262 seconds
115.847: [GC (Allocation Failure)  2757129K->272265K(3000320K), 0.0051667 secs]
115.852: Total time for which application threads were stopped: 0.0053440 seconds, Stopping threads took: 0.0000292 seconds
116.400: [GC (Allocation Failure)  2926985K->277835K(2879488K), 0.0041764 secs]
116.405: Total time for which application threads were stopped: 0.0043436 seconds, Stopping threads took: 0.0000287 seconds
116.913: [GC (Allocation Failure)  2806091K->278571K(2754560K), 0.0051403 secs]
116.919: Total time for which application threads were stopped: 0.0052995 seconds, Stopping threads took: 0.0000211 seconds
117.415: [GC (Allocation Failure)  2687019K->284429K(2646528K), 0.0046042 secs]
117.420: Total time for which application threads were stopped: 0.0047624 seconds, Stopping threads took: 0.0000198 seconds
117.895: [GC (Allocation Failure)  2578701K->283629K(2536960K), 0.0041747 secs]
117.899: Total time for which application threads were stopped: 0.0043404 seconds, Stopping threads took: 0.0000280 seconds
118.355: [GC (Allocation Failure)  2469357K->283597K(2434048K), 0.0045710 secs]
118.360: Total time for which application threads were stopped: 0.0047515 seconds, Stopping threads took: 0.0000291 seconds
118.793: [GC (Allocation Failure)  2366413K->283541K(2332672K), 0.0046009 secs]
118.798: Total time for which application threads were stopped: 0.0047650 seconds, Stopping threads took: 0.0000284 seconds
119.209: [GC (Allocation Failure)  2268565K->287093K(2243072K), 0.0042789 secs]
119.214: Total time for which application threads were stopped: 0.0044665 seconds, Stopping threads took: 0.0000202 seconds
119.612: [GC (Allocation Failure)  2178933K->287061K(2155008K), 0.0039261 secs]
119.616: Total time for which application threads were stopped: 0.0041251 seconds, Stopping threads took: 0.0000263 seconds
119.981: [GC (Allocation Failure)  2090837K->287029K(2071040K), 0.0046006 secs]
119.986: Total time for which application threads were stopped: 0.0047549 seconds, Stopping threads took: 0.0000195 seconds
120.338: [GC (Allocation Failure)  2006837K->287517K(2411520K), 0.0049623 secs]
120.343: Total time for which application threads were stopped: 0.0051426 seconds, Stopping threads took: 0.0000283 seconds
120.766: [GC (Allocation Failure)  2351389K->291005K(2828288K), 0.0044996 secs]
120.771: Total time for which application threads were stopped: 0.0046829 seconds, Stopping threads took: 0.0000192 seconds
121.286: [GC (Allocation Failure)  2768061K->290965K(2971648K), 0.0045745 secs]
121.290: Total time for which application threads were stopped: 0.0047661 seconds, Stopping threads took: 0.0000266 seconds
121.829: [GC (Allocation Failure)  2912405K->291989K(2848256K), 0.0046596 secs]
121.833: Total time for which application threads were stopped: 0.0048221 seconds, Stopping threads took: 0.0000268 seconds
122.342: [GC (Allocation Failure)  2789013K->292197K(2723840K), 0.0049657 secs]
122.347: Total time for which application threads were stopped: 0.0051266 seconds, Stopping threads took: 0.0000263 seconds
122.830: [GC (Allocation Failure)  2670949K->298567K(2617856K), 0.0041668 secs]
122.834: Total time for which application threads were stopped: 0.0043385 seconds, Stopping threads took: 0.0000260 seconds
123.302: [GC (Allocation Failure)  2564679K->298247K(2510336K), 0.0042112 secs]
123.306: Total time for which application threads were stopped: 0.0043806 seconds, Stopping threads took: 0.0000202 seconds
123.756: [GC (Allocation Failure)  2457351K->303725K(2943488K), 0.0075761 secs]
123.764: Total time for which application threads were stopped: 0.0077321 seconds, Stopping threads took: 0.0000204 seconds
124.288: [GC (Allocation Failure)  2894957K->302543K(2953216K), 0.0051198 secs]
124.294: Total time for which application threads were stopped: 0.0052917 seconds, Stopping threads took: 0.0000262 seconds
124.831: [GC (Allocation Failure)  2911183K->309938K(2836992K), 0.0043194 secs]
124.835: Total time for which application threads were stopped: 0.0044937 seconds, Stopping threads took: 0.0000287 seconds
125.347: [GC (Allocation Failure)  2794674K->312458K(2951680K), 0.0060322 secs]
125.353: Total time for which application threads were stopped: 0.0062118 seconds, Stopping threads took: 0.0000207 seconds
125.882: [GC (Allocation Failure)  2918538K->317996K(2833408K), 0.0043924 secs]
125.886: Total time for which application threads were stopped: 0.0045578 seconds, Stopping threads took: 0.0000292 seconds
126.401: [GC (Allocation Failure)  2800172K->317948K(2711552K), 0.0047443 secs]
126.406: Total time for which application threads were stopped: 0.0049132 seconds, Stopping threads took: 0.0000283 seconds
126.896: [GC (Allocation Failure)  2682364K->321948K(2604032K), 0.0048026 secs]
126.900: Total time for which application threads were stopped: 0.0049600 seconds, Stopping threads took: 0.0000196 seconds
127.364: [GC (Allocation Failure)  2574748K->321948K(2497536K), 0.0042683 secs]
127.368: Total time for which application threads were stopped: 0.0044306 seconds, Stopping threads took: 0.0000205 seconds
127.812: [GC (Allocation Failure)  2468252K->321980K(2396672K), 0.0043957 secs]
127.817: Total time for which application threads were stopped: 0.0045854 seconds, Stopping threads took: 0.0000197 seconds
128.237: [GC (Allocation Failure)  2367420K->321996K(2299392K), 0.0044266 secs]
128.242: Total time for which application threads were stopped: 0.0046281 seconds, Stopping threads took: 0.0000202 seconds
128.648: [GC (Allocation Failure)  2271692K->323948K(2210304K), 0.0043704 secs]
128.653: Total time for which application threads were stopped: 0.0045443 seconds, Stopping threads took: 0.0000264 seconds
129.032: [GC (Allocation Failure)  2182508K->323404K(2122752K), 0.0045423 secs]
129.037: Total time for which application threads were stopped: 0.0047100 seconds, Stopping threads took: 0.0000203 seconds
129.407: [GC (Allocation Failure)  2095436K->323852K(2478080K), 0.0044290 secs]
129.412: Total time for which application threads were stopped: 0.0046245 seconds, Stopping threads took: 0.0000266 seconds
129.852: [GC (Allocation Failure)  2450700K->323980K(2901504K), 0.0045233 secs]
129.857: Total time for which application threads were stopped: 0.0046903 seconds, Stopping threads took: 0.0000197 seconds
130.382: [GC (Allocation Failure)  2876300K->325932K(2782208K), 0.0046855 secs]
130.387: Total time for which application threads were stopped: 0.0048589 seconds, Stopping threads took: 0.0000193 seconds
130.889: [GC (Allocation Failure)  2756908K->325900K(2666496K), 0.0042735 secs]
130.893: Total time for which application threads were stopped: 0.0044512 seconds, Stopping threads took: 0.0000200 seconds
131.359: [GC (Allocation Failure)  2641676K->326540K(2557952K), 0.0047520 secs]
131.364: Total time for which application threads were stopped: 0.0049343 seconds, Stopping threads took: 0.0000261 seconds
131.825: [GC (Allocation Failure)  2532748K->326316K(2449920K), 0.0045942 secs]
131.830: Total time for which application threads were stopped: 0.0047739 seconds, Stopping threads took: 0.0000292 seconds
132.267: [GC (Allocation Failure)  2428588K->329900K(2354688K), 0.0041780 secs]
132.271: Total time for which application threads were stopped: 0.0043772 seconds, Stopping threads took: 0.0000196 seconds
132.678: [GC (Allocation Failure)  2333356K->329772K(2755584K), 0.0063911 secs]
132.684: Total time for which application threads were stopped: 0.0066078 seconds, Stopping threads took: 0.0000284 seconds
133.179: [GC (Allocation Failure)  2734124K->329836K(2906624K), 0.0047316 secs]
133.184: Total time for which application threads were stopped: 0.0048972 seconds, Stopping threads took: 0.0000198 seconds
133.717: [GC (Allocation Failure)  2883692K->329804K(2783744K), 0.0049758 secs]
133.722: Total time for which application threads were stopped: 0.0051440 seconds, Stopping threads took: 0.0000205 seconds
134.211: [GC (Allocation Failure)  2762316K->329836K(2668544K), 0.0051126 secs]
134.217: Total time for which application threads were stopped: 0.0053047 seconds, Stopping threads took: 0.0000206 seconds
134.702: [GC (Allocation Failure)  2647148K->329756K(3064832K), 0.0052123 secs]
134.707: Total time for which application threads were stopped: 0.0054021 seconds, Stopping threads took: 0.0000208 seconds
135.297: [GC (Allocation Failure)  3047964K->335870K(2941440K), 0.0048472 secs]
135.302: Total time for which application threads were stopped: 0.0050195 seconds, Stopping threads took: 0.0000262 seconds
135.841: [GC (Allocation Failure)  2924542K->334214K(2809344K), 0.0052989 secs]
135.846: [Full GC (Ergonomics)  334214K->8530K(2613760K), 0.0185041 secs]
135.865: Total time for which application threads were stopped: 0.0240634 seconds, Stopping threads took: 0.0000287 seconds
136.369: [GC (Allocation Failure)  2474322K->16628K(2506240K), 0.0036847 secs]
136.373: Total time for which application threads were stopped: 0.0038920 seconds, Stopping threads took: 0.0000289 seconds
136.860: [GC (Allocation Failure)  2365684K->16572K(2393600K), 0.0036054 secs]
136.863: Total time for which application threads were stopped: 0.0037686 seconds, Stopping threads took: 0.0000195 seconds
137.313: [GC (Allocation Failure)  2254524K->17276K(2289152K), 0.0041234 secs]
137.317: Total time for which application threads were stopped: 0.0042855 seconds, Stopping threads took: 0.0000269 seconds
137.758: [GC (Allocation Failure)  2149756K->16556K(2182144K), 0.0040187 secs]
137.762: Total time for which application threads were stopped: 0.0041808 seconds, Stopping threads took: 0.0000177 seconds
138.183: [GC (Allocation Failure)  2048684K->22095K(2092544K), 0.0040255 secs]
138.187: Total time for which application threads were stopped: 0.0041802 seconds, Stopping threads took: 0.0000189 seconds
138.580: [GC (Allocation Failure)  1958991K->22127K(2001920K), 0.0039441 secs]
138.584: Total time for which application threads were stopped: 0.0041294 seconds, Stopping threads took: 0.0000286 seconds
138.971: [GC (Allocation Failure)  1868399K->22095K(1915904K), 0.0042260 secs]
138.975: Total time for which application threads were stopped: 0.0043893 seconds, Stopping threads took: 0.0000261 seconds
139.343: [GC (Allocation Failure)  1782351K->22015K(1829376K), 0.0033831 secs]
139.347: Total time for which application threads were stopped: 0.0035575 seconds, Stopping threads took: 0.0000271 seconds
139.696: [GC (Allocation Failure)  1700351K->26561K(1756160K), 0.0037834 secs]
139.700: Total time for which application threads were stopped: 0.0039203 seconds, Stopping threads took: 0.0000168 seconds
140.035: [GC (Allocation Failure)  1627073K->26793K(1681408K), 0.0038731 secs]
140.039: Total time for which application threads were stopped: 0.0040726 seconds, Stopping threads took: 0.0000202 seconds
140.359: [GC (Allocation Failure)  1553577K->34159K(1987072K), 0.0071651 secs]
140.367: Total time for which application threads were stopped: 0.0073219 seconds, Stopping threads took: 0.0000194 seconds
140.739: [GC (Allocation Failure)  1864559K->33001K(2343936K), 0.0039925 secs]
140.743: Total time for which application threads were stopped: 0.0041636 seconds, Stopping threads took: 0.0000199 seconds
141.200: [GC (Allocation Failure)  2226921K->38539K(2785280K), 0.0038180 secs]
141.204: Total time for which application threads were stopped: 0.0040011 seconds, Stopping threads took: 0.0000285 seconds
141.747: [GC (Allocation Failure)  2668171K->39051K(2660864K), 0.0037979 secs]
141.751: Total time for which application threads were stopped: 0.0039546 seconds, Stopping threads took: 0.0000210 seconds
142.268: [GC (Allocation Failure)  2543755K->34601K(2537984K), 0.0027065 secs]
142.271: Total time for which application threads were stopped: 0.0028670 seconds, Stopping threads took: 0.0000209 seconds
142.765: [GC (Allocation Failure)  2420521K->40523K(2429952K), 0.0038786 secs]
142.769: Total time for which application threads were stopped: 0.0040482 seconds, Stopping threads took: 0.0000210 seconds
143.226: [GC (Allocation Failure)  2313291K->39179K(2321408K), 0.0042988 secs]
143.230: Total time for which application threads were stopped: 0.0044556 seconds, Stopping threads took: 0.0000198 seconds
143.678: [GC (Allocation Failure)  2204427K->38851K(2216448K), 0.0050200 secs]
143.683: Total time for which application threads were stopped: 0.0052082 seconds, Stopping threads took: 0.0000193 seconds
144.101: [GC (Allocation Failure)  2102211K->41347K(2122240K), 0.0041265 secs]
144.105: Total time for which application threads were stopped: 0.0042853 seconds, Stopping threads took: 0.0000200 seconds
144.513: [GC (Allocation Failure)  2007939K->41347K(2030080K), 0.0036586 secs]
144.517: Total time for which application threads were stopped: 0.0038188 seconds, Stopping threads took: 0.0000204 seconds
144.898: [GC (Allocation Failure)  1915779K->41347K(1942528K), 0.0041754 secs]
144.903: Total time for which application threads were stopped: 0.0043661 seconds, Stopping threads took: 0.0000201 seconds
145.278: [GC (Allocation Failure)  1828227K->41267K(1857024K), 0.0040602 secs]
145.282: Total time for which application threads were stopped: 0.0042618 seconds, Stopping threads took: 0.0000277 seconds
145.626: [GC (Allocation Failure)  1745203K->43891K(1781248K), 0.0040058 secs]
145.630: Total time for which application threads were stopped: 0.0041704 seconds, Stopping threads took: 0.0000195 seconds
145.967: [GC (Allocation Failure)  1668979K->43691K(1704960K), 0.0036179 secs]
145.971: Total time for which application threads were stopped: 0.0037848 seconds, Stopping threads took: 0.0000198 seconds
146.287: [GC (Allocation Failure)  1593515K->44139K(2013184K), 0.0040623 secs]
146.291: Total time for which application threads were stopped: 0.0042272 seconds, Stopping threads took: 0.0000194 seconds
146.678: [GC (Allocation Failure)  1901675K->44067K(2379264K), 0.0074302 secs]
146.686: Total time for which application threads were stopped: 0.0075996 seconds, Stopping threads took: 0.0000264 seconds
147.141: [GC (Allocation Failure)  2270755K->47491K(2787840K), 0.0038863 secs]
147.145: Total time for which application threads were stopped: 0.0040538 seconds, Stopping threads took: 0.0000195 seconds
147.678: [GC (Allocation Failure)  2677635K->47043K(2826240K), 0.0052936 secs]
147.683: Total time for which application threads were stopped: 0.0054440 seconds, Stopping threads took: 0.0000270 seconds
148.231: [GC (Allocation Failure)  2716099K->47043K(2826240K), 0.0045904 secs]
148.236: Total time for which application threads were stopped: 0.0047485 seconds, Stopping threads took: 0.0000202 seconds
148.773: [GC (Allocation Failure)  2716099K->47043K(2697728K), 0.0045694 secs]
148.778: Total time for which application threads were stopped: 0.0047690 seconds, Stopping threads took: 0.0000207 seconds
149.287: [GC (Allocation Failure)  2589123K->47139K(2576896K), 0.0047543 secs]
149.292: Total time for which application threads were stopped: 0.0049118 seconds, Stopping threads took: 0.0000202 seconds
149.785: [GC (Allocation Failure)  2468387K->47107K(2457600K), 0.0041309 secs]
149.789: Total time for which application threads were stopped: 0.0043213 seconds, Stopping threads took: 0.0000203 seconds
150.254: [GC (Allocation Failure)  2353667K->51590K(2353152K), 0.0048013 secs]
150.259: Total time for which application threads were stopped: 0.0049551 seconds, Stopping threads took: 0.0000195 seconds
150.715: [GC (Allocation Failure)  2249094K->54414K(2248704K), 0.0044360 secs]
150.719: Total time for which application threads were stopped: 0.0046042 seconds, Stopping threads took: 0.0000199 seconds
151.142: [GC (Allocation Failure)  2148494K->55342K(2151424K), 0.0044282 secs]
151.146: Total time for which application threads were stopped: 0.0046197 seconds, Stopping threads took: 0.0000200 seconds
151.558: [GC (Allocation Failure)  2051118K->55302K(2055168K), 0.0040647 secs]
151.562: Total time for which application threads were stopped: 0.0042412 seconds, Stopping threads took: 0.0000203 seconds
151.953: [GC (Allocation Failure)  1957382K->57798K(1969152K), 0.0048930 secs]
151.958: Total time for which application threads were stopped: 0.0050885 seconds, Stopping threads took: 0.0000259 seconds
152.336: [GC (Allocation Failure)  1871302K->57734K(1883648K), 0.0038623 secs]
152.340: Total time for which application threads were stopped: 0.0040255 seconds, Stopping threads took: 0.0000210 seconds
152.702: [GC (Allocation Failure)  1786758K->58694K(2228224K), 0.0049236 secs]
152.707: Total time for which application threads were stopped: 0.0050810 seconds, Stopping threads took: 0.0000198 seconds
153.131: [GC (Allocation Failure)  2131270K->58638K(2635776K), 0.0041085 secs]
153.136: Total time for which application threads were stopped: 0.0042712 seconds, Stopping threads took: 0.0000202 seconds
153.638: [GC (Allocation Failure)  2542350K->62126K(2521600K), 0.0046151 secs]
153.643: Total time for which application threads were stopped: 0.0047785 seconds, Stopping threads took: 0.0000195 seconds
154.125: [GC (Allocation Failure)  2428078K->62094K(2408448K), 0.0037327 secs]
154.129: Total time for which application threads were stopped: 0.0038991 seconds, Stopping threads took: 0.0000280 seconds
154.600: [GC (Allocation Failure)  2315918K->63182K(2303488K), 0.0046250 secs]
154.605: Total time for which application threads were stopped: 0.0047989 seconds, Stopping threads took: 0.0000276 seconds
155.051: [GC (Allocation Failure)  2210510K->62982K(2198016K), 0.0040886 secs]
155.055: Total time for which application threads were stopped: 0.0042956 seconds, Stopping threads took: 0.0000527 seconds
155.478: [GC (Allocation Failure)  2109446K->67014K(2106368K), 0.0039910 secs]
155.482: Total time for which application threads were stopped: 0.0041579 seconds, Stopping threads took: 0.0000279 seconds
155.876: [GC (Allocation Failure)  2017734K->66982K(2013696K), 0.0040089 secs]
155.880: Total time for which application threads were stopped: 0.0041678 seconds, Stopping threads took: 0.0000271 seconds
156.263: [GC (Allocation Failure)  1926566K->68422K(1928704K), 0.0042754 secs]
156.268: Total time for which application threads were stopped: 0.0044311 seconds, Stopping threads took: 0.0000197 seconds
156.634: [GC (Allocation Failure)  1841478K->68398K(1842176K), 0.0039980 secs]
156.638: Total time for which application threads were stopped: 0.0041822 seconds, Stopping threads took: 0.0000279 seconds
156.984: [GC (Allocation Failure)  1759022K->72398K(2182144K), 0.0040019 secs]
156.988: Total time for which application threads were stopped: 0.0041651 seconds, Stopping threads took: 0.0000192 seconds
157.411: [GC (Allocation Failure)  2098894K->72966K(2085376K), 0.0039972 secs]
157.415: Total time for which application threads were stopped: 0.0041544 seconds, Stopping threads took: 0.0000201 seconds
157.812: [GC (Allocation Failure)  2004230K->75430K(1997824K), 0.0045723 secs]
157.817: Total time for which application threads were stopped: 0.0047240 seconds, Stopping threads took: 0.0000202 seconds
158.187: [GC (Allocation Failure)  1916582K->74494K(2357248K), 0.0038926 secs]
158.191: Total time for which application threads were stopped: 0.0040567 seconds, Stopping threads took: 0.0000200 seconds
158.647: [GC (Allocation Failure)  2281214K->79520K(2258432K), 0.0039249 secs]
158.651: Total time for which application threads were stopped: 0.0040848 seconds, Stopping threads took: 0.0000190 seconds
159.087: [GC (Allocation Failure)  2182304K->79496K(2159104K), 0.0037007 secs]
159.091: Total time for which application threads were stopped: 0.0038584 seconds, Stopping threads took: 0.0000194 seconds
159.505: [GC (Allocation Failure)  2083464K->79944K(2065920K), 0.0041507 secs]
159.509: Total time for which application threads were stopped: 0.0043269 seconds, Stopping threads took: 0.0000196 seconds
159.903: [GC (Allocation Failure)  1990216K->80264K(1971712K), 0.0038558 secs]
159.907: Total time for which application threads were stopped: 0.0040252 seconds, Stopping threads took: 0.0000203 seconds
160.289: [GC (Allocation Failure)  1901448K->85258K(1891840K), 0.0040952 secs]
160.293: Total time for which application threads were stopped: 0.0042612 seconds, Stopping threads took: 0.0000199 seconds
160.655: [GC (Allocation Failure)  1821450K->85226K(1810944K), 0.0039108 secs]
160.659: Total time for which application threads were stopped: 0.0040876 seconds, Stopping threads took: 0.0000283 seconds
161.001: [GC (Allocation Failure)  1741034K->85674K(2140160K), 0.0041723 secs]
161.006: Total time for which application threads were stopped: 0.0043388 seconds, Stopping threads took: 0.0000193 seconds
161.418: [GC (Allocation Failure)  2070186K->85738K(2042368K), 0.0039893 secs]
161.422: Total time for which application threads were stopped: 0.0041811 seconds, Stopping threads took: 0.0000425 seconds
161.807: [GC (Allocation Failure)  1977578K->90764K(1959424K), 0.0038344 secs]
161.811: Total time for which application threads were stopped: 0.0039909 seconds, Stopping threads took: 0.0000198 seconds
162.177: [GC (Allocation Failure)  1894540K->90700K(1874944K), 0.0037319 secs]
162.181: Total time for which application threads were stopped: 0.0039267 seconds, Stopping threads took: 0.0000208 seconds
162.529: [GC (Allocation Failure)  1810508K->91340K(2217472K), 0.0042964 secs]
162.533: Total time for which application threads were stopped: 0.0044527 seconds, Stopping threads took: 0.0000196 seconds
162.957: [GC (Allocation Failure)  2152652K->91084K(2619392K), 0.0042581 secs]
162.962: Total time for which application threads were stopped: 0.0044322 seconds, Stopping threads took: 0.0000211 seconds
163.466: [GC (Allocation Failure)  2561484K->97615K(2508800K), 0.0037149 secs]
163.470: Total time for which application threads were stopped: 0.0039133 seconds, Stopping threads took: 0.0000198 seconds
163.950: [GC (Allocation Failure)  2450767K->97615K(2397696K), 0.0036046 secs]
163.954: Total time for which application threads were stopped: 0.0037657 seconds, Stopping threads took: 0.0000202 seconds
164.416: [GC (Allocation Failure)  2339663K->97775K(2292224K), 0.0041053 secs]
164.420: Total time for which application threads were stopped: 0.0042696 seconds, Stopping threads took: 0.0000277 seconds
164.862: [GC (Allocation Failure)  2233839K->97575K(2184192K), 0.0038755 secs]
164.866: Total time for which application threads were stopped: 0.0040406 seconds, Stopping threads took: 0.0000201 seconds
165.275: [GC (Allocation Failure)  2133287K->104649K(2096128K), 0.0040357 secs]
165.279: Total time for which application threads were stopped: 0.0041986 seconds, Stopping threads took: 0.0000183 seconds
165.680: [GC (Allocation Failure)  2045129K->104649K(2005504K), 0.0045698 secs]
165.685: Total time for which application threads were stopped: 0.0047140 seconds, Stopping threads took: 0.0000266 seconds
166.067: [GC (Allocation Failure)  1954505K->104649K(1919488K), 0.0042148 secs]
166.072: Total time for which application threads were stopped: 0.0043798 seconds, Stopping threads took: 0.0000197 seconds
166.428: [GC (Allocation Failure)  1868489K->104585K(1830912K), 0.0038887 secs]
166.432: Total time for which application threads were stopped: 0.0040654 seconds, Stopping threads took: 0.0000285 seconds
166.778: [GC (Allocation Failure)  1786505K->111147K(1759744K), 0.0038302 secs]
166.782: Total time for which application threads were stopped: 0.0040233 seconds, Stopping threads took: 0.0000194 seconds
167.114: [GC (Allocation Failure)  1715243K->112995K(2078208K), 0.0043494 secs]
167.119: Total time for which application threads were stopped: 0.0045109 seconds, Stopping threads took: 0.0000204 seconds
167.514: [GC (Allocation Failure)  2035555K->114667K(2460672K), 0.0043794 secs]
167.518: Total time for which application threads were stopped: 0.0045649 seconds, Stopping threads took: 0.0000281 seconds
167.983: [GC (Allocation Failure)  2418667K->113515K(2762240K), 0.0041973 secs]
167.988: Total time for which application threads were stopped: 0.0043723 seconds, Stopping threads took: 0.0000201 seconds
168.528: [GC (Allocation Failure)  2726763K->120045K(2644480K), 0.0041368 secs]
168.532: Total time for which application threads were stopped: 0.0043097 seconds, Stopping threads took: 0.0000198 seconds
169.042: [GC (Allocation Failure)  2608877K->120005K(2520064K), 0.0040518 secs]
169.046: Total time for which application threads were stopped: 0.0042443 seconds, Stopping threads took: 0.0000199 seconds
169.538: [GC (Allocation Failure)  2490565K->126024K(2414080K), 0.0039314 secs]
169.542: Total time for which application threads were stopped: 0.0040895 seconds, Stopping threads took: 0.0000257 seconds
170.011: [GC (Allocation Failure)  2384456K->126824K(2308608K), 0.0041615 secs]
170.015: Total time for which application threads were stopped: 0.0043356 seconds, Stopping threads took: 0.0000202 seconds
170.466: [GC (Allocation Failure)  2278760K->126024K(2206208K), 0.0044389 secs]
170.470: Total time for which application threads were stopped: 0.0046070 seconds, Stopping threads took: 0.0000266 seconds
170.893: [GC (Allocation Failure)  2176584K->126024K(2104320K), 0.0042264 secs]
170.898: Total time for which application threads were stopped: 0.0043886 seconds, Stopping threads took: 0.0000200 seconds
171.304: [GC (Allocation Failure)  2080328K->131594K(2018304K), 0.0039520 secs]
171.308: Total time for which application threads were stopped: 0.0041263 seconds, Stopping threads took: 0.0000195 seconds
171.689: [GC (Allocation Failure)  1994250K->131530K(1931264K), 0.0043763 secs]
171.693: Total time for which application threads were stopped: 0.0045104 seconds, Stopping threads took: 0.0000145 seconds
172.057: [GC (Allocation Failure)  1907146K->131530K(1848832K), 0.0043765 secs]
172.061: Total time for which application threads were stopped: 0.0045349 seconds, Stopping threads took: 0.0000204 seconds
172.407: [GC (Allocation Failure)  1824714K->131658K(2179584K), 0.0040820 secs]
172.411: Total time for which application threads were stopped: 0.0042338 seconds, Stopping threads took: 0.0000190 seconds
172.830: [GC (Allocation Failure)  2161226K->137740K(2588160K), 0.0040890 secs]
172.834: Total time for which application threads were stopped: 0.0042594 seconds, Stopping threads took: 0.0000280 seconds
173.336: [GC (Allocation Failure)  2569740K->140788K(2736640K), 0.0052606 secs]
173.341: Total time for which application threads were stopped: 0.0054159 seconds, Stopping threads took: 0.0000198 seconds
173.873: [GC (Allocation Failure)  2722292K->141204K(2614272K), 0.0044571 secs]
173.878: Total time for which application threads were stopped: 0.0046283 seconds, Stopping threads took: 0.0000290 seconds
174.383: [GC (Allocation Failure)  2599828K->141156K(2492416K), 0.0038599 secs]
174.387: [Full GC (Ergonomics)  141156K->8531K(2492928K), 0.0098489 secs]
174.397: Total time for which application threads were stopped: 0.0139854 seconds, Stopping threads took: 0.0000276 seconds
174.880: [GC (Allocation Failure)  2350419K->16598K(2387456K), 0.0040673 secs]
174.884: Total time for which application threads were stopped: 0.0042328 seconds, Stopping threads took: 0.0000201 seconds
175.348: [GC (Allocation Failure)  2247894K->16710K(2282496K), 0.0039222 secs]
175.352: Total time for which application threads were stopped: 0.0040889 seconds, Stopping threads took: 0.0000263 seconds
175.793: [GC (Allocation Failure)  2143046K->16614K(2182656K), 0.0038731 secs]
175.797: Total time for which application threads were stopped: 0.0040337 seconds, Stopping threads took: 0.0000193 seconds
176.212: [GC (Allocation Failure)  2043110K->16590K(2083840K), 0.0042239 secs]
176.216: Total time for which application threads were stopped: 0.0043823 seconds, Stopping threads took: 0.0000198 seconds
176.615: [GC (Allocation Failure)  1947854K->20078K(1997312K), 0.0035290 secs]
176.619: Total time for which application threads were stopped: 0.0037038 seconds, Stopping threads took: 0.0000280 seconds
177.000: [GC (Allocation Failure)  1861230K->20078K(1911296K), 0.0037978 secs]
177.004: Total time for which application threads were stopped: 0.0039746 seconds, Stopping threads took: 0.0000201 seconds
177.357: [GC (Allocation Failure)  1775214K->25443K(2258944K), 0.0065548 secs]
177.364: Total time for which application threads were stopped: 0.0067096 seconds, Stopping threads took: 0.0000189 seconds
177.793: [GC (Allocation Failure)  2126691K->23750K(2664960K), 0.0041048 secs]
177.798: Total time for which application threads were stopped: 0.0042731 seconds, Stopping threads took: 0.0000203 seconds
178.308: [GC (Allocation Failure)  2538694K->29832K(2551808K), 0.0038438 secs]
178.311: Total time for which application threads were stopped: 0.0039963 seconds, Stopping threads took: 0.0000192 seconds
178.805: [GC (Allocation Failure)  2425480K->29768K(2438656K), 0.0039018 secs]
178.809: Total time for which application threads were stopped: 0.0040665 seconds, Stopping threads took: 0.0000195 seconds
179.275: [GC (Allocation Failure)  2312264K->29768K(2331136K), 0.0039574 secs]
179.279: Total time for which application threads were stopped: 0.0041115 seconds, Stopping threads took: 0.0000200 seconds
179.722: [GC (Allocation Failure)  2204744K->30728K(2227200K), 0.0044597 secs]
179.727: Total time for which application threads were stopped: 0.0046315 seconds, Stopping threads took: 0.0000197 seconds
180.160: [GC (Allocation Failure)  2103304K->32200K(2131456K), 0.0040844 secs]
180.164: Total time for which application threads were stopped: 0.0042393 seconds, Stopping threads took: 0.0000194 seconds
180.575: [GC (Allocation Failure)  2007496K->32168K(2038784K), 0.0036368 secs]
180.578: Total time for which application threads were stopped: 0.0038004 seconds, Stopping threads took: 0.0000201 seconds
180.970: [GC (Allocation Failure)  1914792K->32168K(1950720K), 0.0042021 secs]
180.975: Total time for which application threads were stopped: 0.0043658 seconds, Stopping threads took: 0.0000194 seconds
181.347: [GC (Allocation Failure)  1826728K->32872K(1864704K), 0.0038565 secs]
181.351: Total time for which application threads were stopped: 0.0040120 seconds, Stopping threads took: 0.0000265 seconds
181.711: [GC (Allocation Failure)  1743976K->35336K(1787904K), 0.0040303 secs]
181.715: Total time for which application threads were stopped: 0.0041967 seconds, Stopping threads took: 0.0000198 seconds
182.056: [GC (Allocation Failure)  1667080K->35712K(1712640K), 0.0037430 secs]
182.060: Total time for which application threads were stopped: 0.0039039 seconds, Stopping threads took: 0.0000206 seconds
182.376: [GC (Allocation Failure)  1592110K->31710K(1637376K), 0.0026973 secs]
182.379: Total time for which application threads were stopped: 0.0028541 seconds, Stopping threads took: 0.0000255 seconds
182.689: [GC (Allocation Failure)  1516510K->35648K(1933312K), 0.0039046 secs]
182.693: Total time for which application threads were stopped: 0.0040905 seconds, Stopping threads took: 0.0000167 seconds
183.065: [GC (Allocation Failure)  1812800K->36352K(2284544K), 0.0042763 secs]
183.069: Total time for which application threads were stopped: 0.0044233 seconds, Stopping threads took: 0.0000171 seconds
183.512: [GC (Allocation Failure)  2163712K->35592K(2180096K), 0.0042065 secs]
183.516: Total time for which application threads were stopped: 0.0043839 seconds, Stopping threads took: 0.0000288 seconds
183.928: [GC (Allocation Failure)  2063112K->39112K(2088448K), 0.0039016 secs]
183.932: Total time for which application threads were stopped: 0.0040661 seconds, Stopping threads took: 0.0000275 seconds
184.330: [GC (Allocation Failure)  1971400K->39048K(1998336K), 0.0043241 secs]
184.334: Total time for which application threads were stopped: 0.0044810 seconds, Stopping threads took: 0.0000194 seconds
184.720: [GC (Allocation Failure)  1881224K->39080K(1912320K), 0.0038847 secs]
184.724: Total time for which application threads were stopped: 0.0040509 seconds, Stopping threads took: 0.0000196 seconds
185.083: [GC (Allocation Failure)  1795240K->39200K(1827328K), 0.0039993 secs]
185.087: Total time for which application threads were stopped: 0.0041634 seconds, Stopping threads took: 0.0000272 seconds
185.437: [GC (Allocation Failure)  1713952K->42720K(2161152K), 0.0041188 secs]
185.441: Total time for which application threads were stopped: 0.0042862 seconds, Stopping threads took: 0.0000197 seconds
185.852: [GC (Allocation Failure)  2047712K->42696K(2066432K), 0.0037206 secs]
185.856: Total time for which application threads were stopped: 0.0038793 seconds, Stopping threads took: 0.0000268 seconds
186.240: [GC (Allocation Failure)  1953992K->43688K(1978368K), 0.0042701 secs]
186.244: Total time for which application threads were stopped: 0.0044445 seconds, Stopping threads took: 0.0000197 seconds
186.625: [GC (Allocation Failure)  1865896K->43592K(2333184K), 0.0040440 secs]
186.629: Total time for which application threads were stopped: 0.0042021 seconds, Stopping threads took: 0.0000199 seconds
187.081: [GC (Allocation Failure)  2224200K->47240K(2234368K), 0.0040904 secs]
187.086: Total time for which application threads were stopped: 0.0042478 seconds, Stopping threads took: 0.0000190 seconds
187.513: [GC (Allocation Failure)  2124936K->47048K(2133504K), 0.0042231 secs]
187.517: Total time for which application threads were stopped: 0.0044161 seconds, Stopping threads took: 0.0000198 seconds
187.931: [GC (Allocation Failure)  2026952K->49544K(2043392K), 0.0038891 secs]
187.935: Total time for which application threads were stopped: 0.0040483 seconds, Stopping threads took: 0.0000206 seconds
188.326: [GC (Allocation Failure)  1936776K->49472K(1952256K), 0.0040054 secs]
188.331: Total time for which application threads were stopped: 0.0041956 seconds, Stopping threads took: 0.0000199 seconds
188.704: [GC (Allocation Failure)  1848640K->52576K(1872384K), 0.0040808 secs]
188.709: Total time for which application threads were stopped: 0.0042448 seconds, Stopping threads took: 0.0000197 seconds
189.056: [GC (Allocation Failure)  1768288K->52432K(2206720K), 0.0040095 secs]
189.060: Total time for which application threads were stopped: 0.0041790 seconds, Stopping threads took: 0.0000205 seconds
189.474: [GC (Allocation Failure)  2106064K->55408K(2113536K), 0.0039303 secs]
189.478: Total time for which application threads were stopped: 0.0041119 seconds, Stopping threads took: 0.0000269 seconds
189.874: [GC (Allocation Failure)  2012784K->56208K(2494976K), 0.0042386 secs]
189.878: Total time for which application threads were stopped: 0.0043777 seconds, Stopping threads took: 0.0000168 seconds
190.356: [GC (Allocation Failure)  2398608K->59800K(2387968K), 0.0038890 secs]
190.360: Total time for which application threads were stopped: 0.0040442 seconds, Stopping threads took: 0.0000198 seconds
190.817: [GC (Allocation Failure)  2291608K->59696K(2280448K), 0.0039998 secs]
190.821: Total time for which application threads were stopped: 0.0041700 seconds, Stopping threads took: 0.0000211 seconds
191.258: [GC (Allocation Failure)  2186032K->61872K(2183168K), 0.0040695 secs]
191.262: Total time for which application threads were stopped: 0.0042493 seconds, Stopping threads took: 0.0000199 seconds
191.669: [GC (Allocation Failure)  2088368K->61736K(2083328K), 0.0049385 secs]
191.674: Total time for which application threads were stopped: 0.0051086 seconds, Stopping threads took: 0.0000262 seconds
192.073: [GC (Allocation Failure)  1993000K->65800K(1997312K), 0.0040451 secs]
192.077: Total time for which application threads were stopped: 0.0042086 seconds, Stopping threads took: 0.0000273 seconds
192.462: [GC (Allocation Failure)  1906952K->65776K(1909760K), 0.0038695 secs]
192.466: Total time for which application threads were stopped: 0.0040286 seconds, Stopping threads took: 0.0000209 seconds
192.831: [GC (Allocation Failure)  1820912K->67216K(1829888K), 0.0040886 secs]
192.835: Total time for which application threads were stopped: 0.0042549 seconds, Stopping threads took: 0.0000197 seconds
193.183: [GC (Allocation Failure)  1740944K->67304K(2154496K), 0.0040037 secs]
193.187: Total time for which application threads were stopped: 0.0041732 seconds, Stopping threads took: 0.0000206 seconds
193.599: [GC (Allocation Failure)  2070760K->79144K(2555392K), 0.0075968 secs]
193.607: Total time for which application threads were stopped: 0.0077702 seconds, Stopping threads took: 0.0000278 seconds
194.097: [GC (Allocation Failure)  2477864K->75656K(2595840K), 0.0031514 secs]
194.101: Total time for which application threads were stopped: 0.0033182 seconds, Stopping threads took: 0.0000201 seconds
194.605: [GC (Allocation Failure)  2517384K->78506K(2482176K), 0.0040040 secs]
194.609: Total time for which application threads were stopped: 0.0041690 seconds, Stopping threads took: 0.0000197 seconds
195.089: [GC (Allocation Failure)  2404522K->79530K(2368000K), 0.0041443 secs]
195.093: Total time for which application threads were stopped: 0.0043053 seconds, Stopping threads took: 0.0000207 seconds
195.540: [GC (Allocation Failure)  2295466K->83594K(2267648K), 0.0038766 secs]
195.544: Total time for which application threads were stopped: 0.0040309 seconds, Stopping threads took: 0.0000195 seconds
195.980: [GC (Allocation Failure)  2195082K->85034K(2169856K), 0.0040858 secs]
195.984: Total time for which application threads were stopped: 0.0042415 seconds, Stopping threads took: 0.0000199 seconds
196.399: [GC (Allocation Failure)  2097194K->83562K(2074112K), 0.0039557 secs]
196.403: Total time for which application threads were stopped: 0.0041301 seconds, Stopping threads took: 0.0000286 seconds
196.799: [GC (Allocation Failure)  2001514K->83530K(1981440K), 0.0038212 secs]
196.803: Total time for which application threads were stopped: 0.0039882 seconds, Stopping threads took: 0.0000200 seconds
197.170: [GC (Allocation Failure)  1911882K->86634K(1900032K), 0.0039931 secs]
197.174: Total time for which application threads were stopped: 0.0042007 seconds, Stopping threads took: 0.0000193 seconds
197.538: [GC (Allocation Failure)  1829994K->86506K(1818624K), 0.0039537 secs]
197.542: Total time for which application threads were stopped: 0.0041217 seconds, Stopping threads took: 0.0000211 seconds
197.886: [GC (Allocation Failure)  1748970K->87882K(1743360K), 0.0040659 secs]
197.891: Total time for which application threads were stopped: 0.0042416 seconds, Stopping threads took: 0.0000289 seconds
198.214: [GC (Allocation Failure)  1673546K->86474K(2050048K), 0.0039922 secs]
198.218: Total time for which application threads were stopped: 0.0041805 seconds, Stopping threads took: 0.0000395 seconds
198.606: [GC (Allocation Failure)  1984458K->90474K(2427904K), 0.0039674 secs]
198.610: Total time for which application threads were stopped: 0.0041316 seconds, Stopping threads took: 0.0000201 seconds
199.067: [GC (Allocation Failure)  2362218K->91498K(2321920K), 0.0040274 secs]
199.072: Total time for which application threads were stopped: 0.0042026 seconds, Stopping threads took: 0.0000290 seconds
199.519: [GC (Allocation Failure)  2256234K->90506K(2219008K), 0.0044250 secs]
199.524: Total time for which application threads were stopped: 0.0045923 seconds, Stopping threads took: 0.0000204 seconds
199.948: [GC (Allocation Failure)  2153354K->90538K(2118656K), 0.0042319 secs]
199.952: Total time for which application threads were stopped: 0.0044126 seconds, Stopping threads took: 0.0000209 seconds
200.352: [GC (Allocation Failure)  2056618K->94282K(2030592K), 0.0040790 secs]
200.356: Total time for which application threads were stopped: 0.0042616 seconds, Stopping threads took: 0.0000192 seconds
200.746: [GC (Allocation Failure)  1968202K->93994K(1942016K), 0.0043481 secs]
200.750: Total time for which application threads were stopped: 0.0045105 seconds, Stopping threads took: 0.0000208 seconds
201.124: [GC (Allocation Failure)  1880362K->94442K(2294272K), 0.0043239 secs]
201.128: Total time for which application threads were stopped: 0.0044937 seconds, Stopping threads took: 0.0000204 seconds
201.562: [GC (Allocation Failure)  2232554K->94378K(2190848K), 0.0040982 secs]
201.566: Total time for which application threads were stopped: 0.0042848 seconds, Stopping threads took: 0.0000282 seconds
201.991: [GC (Allocation Failure)  2132138K->97738K(2098688K), 0.0040734 secs]
201.995: Total time for which application threads were stopped: 0.0042373 seconds, Stopping threads took: 0.0000188 seconds
202.389: [GC (Allocation Failure)  2039754K->100840K(2479104K), 0.0058869 secs]
202.395: Total time for which application threads were stopped: 0.0060565 seconds, Stopping threads took: 0.0000265 seconds
202.875: [GC (Allocation Failure)  2425832K->103530K(2535424K), 0.0040584 secs]
202.879: Total time for which application threads were stopped: 0.0042160 seconds, Stopping threads took: 0.0000174 seconds
203.368: [GC (Allocation Failure)  2480234K->102794K(2420224K), 0.0047745 secs]
203.373: Total time for which application threads were stopped: 0.0049406 seconds, Stopping threads took: 0.0000210 seconds
203.828: [GC (Allocation Failure)  2366858K->102762K(2865664K), 0.0050666 secs]
203.833: Total time for which application threads were stopped: 0.0052198 seconds, Stopping threads took: 0.0000199 seconds
204.447: [GC (Allocation Failure)  2812266K->102730K(2734592K), 0.0044869 secs]
204.451: Total time for which application threads were stopped: 0.0046630 seconds, Stopping threads took: 0.0000277 seconds
204.983: [GC (Allocation Failure)  2683210K->104714K(2614272K), 0.0046556 secs]
204.988: Total time for which application threads were stopped: 0.0048210 seconds, Stopping threads took: 0.0000204 seconds
205.489: [GC (Allocation Failure)  2562826K->104650K(2497024K), 0.0039675 secs]
205.493: Total time for which application threads were stopped: 0.0041427 seconds, Stopping threads took: 0.0000201 seconds
205.979: [GC (Allocation Failure)  2446026K->105066K(2386944K), 0.0042487 secs]
205.983: Total time for which application threads were stopped: 0.0044141 seconds, Stopping threads took: 0.0000273 seconds
206.437: [GC (Allocation Failure)  2335850K->105034K(2278912K), 0.0039412 secs]
206.441: Total time for which application threads were stopped: 0.0041058 seconds, Stopping threads took: 0.0000265 seconds
206.880: [GC (Allocation Failure)  2230858K->108010K(2182144K), 0.0039191 secs]
206.884: Total time for which application threads were stopped: 0.0040824 seconds, Stopping threads took: 0.0000262 seconds
207.300: [GC (Allocation Failure)  2133994K->107978K(2086400K), 0.0038045 secs]
207.304: Total time for which application threads were stopped: 0.0039674 seconds, Stopping threads took: 0.0000201 seconds
207.703: [GC (Allocation Failure)  2038730K->108618K(1997312K), 0.0040943 secs]
207.707: Total time for which application threads were stopped: 0.0042825 seconds, Stopping threads took: 0.0000187 seconds
208.090: [GC (Allocation Failure)  1949258K->108378K(1906688K), 0.0037341 secs]
208.094: Total time for which application threads were stopped: 0.0038977 seconds, Stopping threads took: 0.0000225 seconds
208.454: [GC (Allocation Failure)  1863514K->112893K(1829888K), 0.0042270 secs]
208.458: Total time for which application threads were stopped: 0.0044158 seconds, Stopping threads took: 0.0000279 seconds
208.801: [GC (Allocation Failure)  1786621K->112957K(1752576K), 0.0038127 secs]
208.805: Total time for which application threads were stopped: 0.0039755 seconds, Stopping threads took: 0.0000202 seconds
209.137: [GC (Allocation Failure)  1709373K->113501K(2067968K), 0.0043868 secs]
209.142: Total time for which application threads were stopped: 0.0045552 seconds, Stopping threads took: 0.0000198 seconds
209.527: [GC (Allocation Failure)  2024285K->113885K(2437632K), 0.0040993 secs]
209.531: Total time for which application threads were stopped: 0.0043024 seconds, Stopping threads took: 0.0000289 seconds
210.002: [GC (Allocation Failure)  2400989K->119423K(2335232K), 0.0041761 secs]
210.006: Total time for which application threads were stopped: 0.0043464 seconds, Stopping threads took: 0.0000197 seconds
210.454: [GC (Allocation Failure)  2298495K->119391K(2232832K), 0.0040652 secs]
210.458: Total time for which application threads were stopped: 0.0042637 seconds, Stopping threads took: 0.0000200 seconds
210.887: [GC (Allocation Failure)  2196063K->119391K(2135552K), 0.0041120 secs]
210.891: Total time for which application threads were stopped: 0.0042782 seconds, Stopping threads took: 0.0000286 seconds
211.302: [GC (Allocation Failure)  2098783K->119359K(2038272K), 0.0040397 secs]
211.306: Total time for which application threads were stopped: 0.0042015 seconds, Stopping threads took: 0.0000206 seconds
211.703: [GC (Allocation Failure)  2006079K->123841K(1954816K), 0.0039527 secs]
211.707: Total time for which application threads were stopped: 0.0041191 seconds, Stopping threads took: 0.0000194 seconds
212.072: [GC (Allocation Failure)  1922497K->123873K(1871360K), 0.0040079 secs]
212.076: Total time for which application threads were stopped: 0.0041639 seconds, Stopping threads took: 0.0000200 seconds
212.424: [GC (Allocation Failure)  1839073K->124673K(2209792K), 0.0042932 secs]
212.429: Total time for which application threads were stopped: 0.0044570 seconds, Stopping threads took: 0.0000190 seconds
212.855: [GC (Allocation Failure)  2177281K->123817K(2105856K), 0.0040055 secs]
212.859: Total time for which application threads were stopped: 0.0041643 seconds, Stopping threads took: 0.0000201 seconds
213.265: [GC (Allocation Failure)  2080169K->130379K(2020864K), 0.0042113 secs]
213.269: Total time for which application threads were stopped: 0.0043752 seconds, Stopping threads took: 0.0000198 seconds
213.648: [GC (Allocation Failure)  1995083K->125449K(1929216K), 0.0021470 secs]
213.651: Total time for which application threads were stopped: 0.0023179 seconds, Stopping threads took: 0.0000271 seconds
214.025: [GC (Allocation Failure)  1903113K->130539K(1851904K), 0.0040807 secs]
214.029: Total time for which application threads were stopped: 0.0042849 seconds, Stopping threads took: 0.0000283 seconds
214.377: [GC (Allocation Failure)  1825771K->130347K(1773056K), 0.0042488 secs]
214.382: Total time for which application threads were stopped: 0.0044101 seconds, Stopping threads took: 0.0000200 seconds
214.709: [GC (Allocation Failure)  1747243K->130379K(2091520K), 0.0042649 secs]
214.713: Total time for which application threads were stopped: 0.0044231 seconds, Stopping threads took: 0.0000202 seconds
215.114: [GC (Allocation Failure)  2065739K->130379K(2468864K), 0.0041350 secs]
215.118: Total time for which application threads were stopped: 0.0043036 seconds, Stopping threads took: 0.0000205 seconds
215.596: [GC (Allocation Failure)  2446667K->133867K(2362880K), 0.0040827 secs]
215.600: Total time for which application threads were stopped: 0.0042474 seconds, Stopping threads took: 0.0000278 seconds
216.056: [GC (Allocation Failure)  2340587K->136811K(2257920K), 0.0048027 secs]
216.060: Total time for which application threads were stopped: 0.0049619 seconds, Stopping threads took: 0.0000192 seconds
216.500: [GC (Allocation Failure)  2239595K->137803K(2160128K), 0.0044447 secs]
216.504: Total time for which application threads were stopped: 0.0046164 seconds, Stopping threads took: 0.0000272 seconds
216.919: [GC (Allocation Failure)  2141771K->137739K(2064896K), 0.0039235 secs]
216.923: Total time for which application threads were stopped: 0.0040807 seconds, Stopping threads took: 0.0000269 seconds
217.321: [GC (Allocation Failure)  2048011K->139243K(1977344K), 0.0040169 secs]
217.325: Total time for which application threads were stopped: 0.0041630 seconds, Stopping threads took: 0.0000175 seconds
217.705: [GC (Allocation Failure)  1960427K->139147K(1890304K), 0.0041486 secs]
217.709: Total time for which application threads were stopped: 0.0043174 seconds, Stopping threads took: 0.0000204 seconds
218.072: [GC (Allocation Failure)  1875339K->141771K(1812992K), 0.0040702 secs]
218.076: Total time for which application threads were stopped: 0.0042387 seconds, Stopping threads took: 0.0000195 seconds
218.418: [GC (Allocation Failure)  1797579K->141067K(2135552K), 0.0040863 secs]
218.422: Total time for which application threads were stopped: 0.0042663 seconds, Stopping threads took: 0.0000285 seconds
218.830: [GC (Allocation Failure)  2123019K->143531K(2528768K), 0.0049716 secs]
218.835: Total time for which application threads were stopped: 0.0051496 seconds, Stopping threads took: 0.0000203 seconds
219.328: [GC (Allocation Failure)  2516139K->143499K(2766848K), 0.0042115 secs]
219.333: Total time for which application threads were stopped: 0.0043782 seconds, Stopping threads took: 0.0000203 seconds
219.869: [GC (Allocation Failure)  2756235K->145899K(2644992K), 0.0040961 secs]
219.873: Total time for which application threads were stopped: 0.0042650 seconds, Stopping threads took: 0.0000210 seconds
220.387: [GC (Allocation Failure)  2634219K->145851K(2519552K), 0.0041848 secs]
220.392: [Full GC (Ergonomics)  145851K->8920K(2518016K), 0.0119975 secs]
220.404: Total time for which application threads were stopped: 0.0164226 seconds, Stopping threads took: 0.0000202 seconds
220.883: [GC (Allocation Failure)  2378968K->21571K(2414080K), 0.0060598 secs]
220.889: Total time for which application threads were stopped: 0.0062170 seconds, Stopping threads took: 0.0000203 seconds
221.353: [GC (Allocation Failure)  2279491K->23627K(2306048K), 0.0050427 secs]
221.358: Total time for which application threads were stopped: 0.0052171 seconds, Stopping threads took: 0.0000200 seconds
221.791: [GC (Allocation Failure)  2175051K->26987K(2207744K), 0.0047348 secs]
221.796: Total time for which application threads were stopped: 0.0049086 seconds, Stopping threads took: 0.0000198 seconds
222.224: [GC (Allocation Failure)  2077035K->23787K(2103808K), 0.0036757 secs]
222.228: Total time for which application threads were stopped: 0.0038318 seconds, Stopping threads took: 0.0000199 seconds
222.633: [GC (Allocation Failure)  1977579K->28269K(2017280K), 0.0040449 secs]
222.637: Total time for which application threads were stopped: 0.0041995 seconds, Stopping threads took: 0.0000196 seconds
223.025: [GC (Allocation Failure)  1890925K->28269K(1930240K), 0.0041728 secs]
223.029: Total time for which application threads were stopped: 0.0043461 seconds, Stopping threads took: 0.0000201 seconds
223.387: [GC (Allocation Failure)  1803885K->29229K(1848832K), 0.0041811 secs]
223.392: Total time for which application threads were stopped: 0.0043293 seconds, Stopping threads took: 0.0000175 seconds
223.743: [GC (Allocation Failure)  1722413K->28237K(2178048K), 0.0040535 secs]
223.747: Total time for which application threads were stopped: 0.0042338 seconds, Stopping threads took: 0.0000209 seconds
224.168: [GC (Allocation Failure)  2054221K->30733K(2578432K), 0.0046409 secs]
224.173: Total time for which application threads were stopped: 0.0048103 seconds, Stopping threads took: 0.0000199 seconds
224.675: [GC (Allocation Failure)  2454541K->30733K(2729984K), 0.0063810 secs]
224.681: Total time for which application threads were stopped: 0.0065412 seconds, Stopping threads took: 0.0000197 seconds
225.216: [GC (Allocation Failure)  2605069K->31213K(2607104K), 0.0043577 secs]
225.220: Total time for which application threads were stopped: 0.0045259 seconds, Stopping threads took: 0.0000200 seconds
225.733: [GC (Allocation Failure)  2482809K->26763K(2484736K), 0.0025239 secs]
225.735: Total time for which application threads were stopped: 0.0026837 seconds, Stopping threads took: 0.0000195 seconds
226.223: [GC (Allocation Failure)  2362507K->33293K(2380800K), 0.0039647 secs]
226.227: Total time for which application threads were stopped: 0.0041261 seconds, Stopping threads took: 0.0000203 seconds
226.688: [GC (Allocation Failure)  2258445K->32301K(2274816K), 0.0036996 secs]
226.692: Total time for which application threads were stopped: 0.0038371 seconds, Stopping threads took: 0.0000145 seconds
227.129: [GC (Allocation Failure)  2152493K->33165K(2176000K), 0.0041905 secs]
227.133: Total time for which application threads were stopped: 0.0043603 seconds, Stopping threads took: 0.0000207 seconds
227.545: [GC (Allocation Failure)  2053517K->32237K(2077696K), 0.0039992 secs]
227.549: Total time for which application threads were stopped: 0.0041602 seconds, Stopping threads took: 0.0000201 seconds
227.941: [GC (Allocation Failure)  1957869K->34701K(1990144K), 0.0042320 secs]
227.946: Total time for which application threads were stopped: 0.0043956 seconds, Stopping threads took: 0.0000257 seconds
228.327: [GC (Allocation Failure)  1870221K->34765K(1904640K), 0.0037087 secs]
228.331: Total time for which application threads were stopped: 0.0038699 seconds, Stopping threads took: 0.0000206 seconds
228.697: [GC (Allocation Failure)  1784781K->34733K(1823232K), 0.0040254 secs]
228.701: Total time for which application threads were stopped: 0.0042015 seconds, Stopping threads took: 0.0000190 seconds
229.046: [GC (Allocation Failure)  1703341K->32611K(1742336K), 0.0032189 secs]
229.049: Total time for which application threads were stopped: 0.0033992 seconds, Stopping threads took: 0.0000285 seconds
229.379: [GC (Allocation Failure)  1623907K->36101K(1672704K), 0.0037891 secs]
229.383: Total time for which application threads were stopped: 0.0039801 seconds, Stopping threads took: 0.0000197 seconds
229.702: [GC (Allocation Failure)  1554181K->36069K(1603072K), 0.0034502 secs]
229.706: Total time for which application threads were stopped: 0.0036027 seconds, Stopping threads took: 0.0000183 seconds
230.001: [GC (Allocation Failure)  1484517K->36069K(1887744K), 0.0042346 secs]
230.005: Total time for which application threads were stopped: 0.0043973 seconds, Stopping threads took: 0.0000262 seconds
230.363: [GC (Allocation Failure)  1769189K->36037K(2224640K), 0.0041713 secs]
230.367: Total time for which application threads were stopped: 0.0043310 seconds, Stopping threads took: 0.0000204 seconds
230.797: [GC (Allocation Failure)  2109637K->39557K(2635264K), 0.0038962 secs]
230.801: Total time for which application threads were stopped: 0.0040427 seconds, Stopping threads took: 0.0000176 seconds
231.310: [GC (Allocation Failure)  2520197K->39533K(2516480K), 0.0037318 secs]
231.314: Total time for which application threads were stopped: 0.0039029 seconds, Stopping threads took: 0.0000203 seconds
231.805: [GC (Allocation Failure)  2402413K->40429K(2405888K), 0.0040775 secs]
231.809: Total time for which application threads were stopped: 0.0042362 seconds, Stopping threads took: 0.0000175 seconds
232.269: [GC (Allocation Failure)  2291693K->40429K(2296320K), 0.0040262 secs]
232.273: Total time for which application threads were stopped: 0.0041862 seconds, Stopping threads took: 0.0000210 seconds
232.720: [GC (Allocation Failure)  2185709K->43981K(2199040K), 0.0040669 secs]
232.725: Total time for which application threads were stopped: 0.0042226 seconds, Stopping threads took: 0.0000193 seconds
233.137: [GC (Allocation Failure)  2088397K->44813K(2101248K), 0.0042137 secs]
233.141: Total time for which application threads were stopped: 0.0043927 seconds, Stopping threads took: 0.0000209 seconds
233.544: [GC (Allocation Failure)  1993485K->47085K(2012672K), 0.0041621 secs]
233.548: Total time for which application threads were stopped: 0.0043197 seconds, Stopping threads took: 0.0000197 seconds
233.931: [GC (Allocation Failure)  1904621K->46933K(1922560K), 0.0039983 secs]
233.935: Total time for which application threads were stopped: 0.0041751 seconds, Stopping threads took: 0.0000271 seconds
234.300: [GC (Allocation Failure)  1817941K->49941K(1843200K), 0.0037627 secs]
234.304: Total time for which application threads were stopped: 0.0039294 seconds, Stopping threads took: 0.0000197 seconds
234.653: [GC (Allocation Failure)  1738517K->50285K(1762304K), 0.0039826 secs]
234.657: Total time for which application threads were stopped: 0.0041406 seconds, Stopping threads took: 0.0000200 seconds
234.991: [GC (Allocation Failure)  1660525K->52781K(2080768K), 0.0039985 secs]
234.995: Total time for which application threads were stopped: 0.0041645 seconds, Stopping threads took: 0.0000194 seconds
235.389: [GC (Allocation Failure)  1978925K->52717K(2456064K), 0.0043602 secs]
235.394: Total time for which application threads were stopped: 0.0045272 seconds, Stopping threads took: 0.0000201 seconds
235.867: [GC (Allocation Failure)  2357229K->54443K(2349056K), 0.0036388 secs]
235.871: Total time for which application threads were stopped: 0.0037955 seconds, Stopping threads took: 0.0000192 seconds
236.319: [GC (Allocation Failure)  2249899K->55677K(2245120K), 0.0039529 secs]
236.323: Total time for which application threads were stopped: 0.0041120 seconds, Stopping threads took: 0.0000202 seconds
236.756: [GC (Allocation Failure)  2147709K->57117K(2148352K), 0.0037456 secs]
236.759: Total time for which application threads were stopped: 0.0039143 seconds, Stopping threads took: 0.0000202 seconds
237.171: [GC (Allocation Failure)  2050845K->57085K(2051072K), 0.0041311 secs]
237.175: Total time for which application threads were stopped: 0.0042997 seconds, Stopping threads took: 0.0000200 seconds
237.566: [GC (Allocation Failure)  1957629K->64965K(2429440K), 0.0052552 secs]
237.572: Total time for which application threads were stopped: 0.0054105 seconds, Stopping threads took: 0.0000199 seconds
238.041: [GC (Allocation Failure)  2338757K->63877K(2318336K), 0.0040309 secs]
238.045: Total time for which application threads were stopped: 0.0042232 seconds, Stopping threads took: 0.0000194 seconds
238.486: [GC (Allocation Failure)  2230149K->66341K(2219008K), 0.0040014 secs]
238.490: Total time for which application threads were stopped: 0.0041550 seconds, Stopping threads took: 0.0000254 seconds
238.916: [GC (Allocation Failure)  2130725K->66317K(2121216K), 0.0036929 secs]
238.920: Total time for which application threads were stopped: 0.0038511 seconds, Stopping threads took: 0.0000264 seconds
239.322: [GC (Allocation Failure)  2033933K->67309K(2030080K), 0.0042315 secs]
239.326: Total time for which application threads were stopped: 0.0043984 seconds, Stopping threads took: 0.0000194 seconds
239.706: [GC (Allocation Failure)  1942765K->67245K(1939968K), 0.0038890 secs]
239.710: Total time for which application threads were stopped: 0.0040399 seconds, Stopping threads took: 0.0000182 seconds
240.084: [GC (Allocation Failure)  1855149K->69677K(1859584K), 0.0042404 secs]
240.089: Total time for which application threads were stopped: 0.0044078 seconds, Stopping threads took: 0.0000191 seconds
240.439: [GC (Allocation Failure)  1774637K->69869K(1778688K), 0.0038146 secs]
240.443: Total time for which application threads were stopped: 0.0039747 seconds, Stopping threads took: 0.0000204 seconds
240.775: [GC (Allocation Failure)  1695981K->71853K(2100224K), 0.0041402 secs]
240.779: Total time for which application threads were stopped: 0.0042958 seconds, Stopping threads took: 0.0000197 seconds
241.183: [GC (Allocation Failure)  2017453K->71781K(2479616K), 0.0040141 secs]
241.187: Total time for which application threads were stopped: 0.0041826 seconds, Stopping threads took: 0.0000198 seconds
241.671: [GC (Allocation Failure)  2399333K->76661K(2617856K), 0.0056711 secs]
241.677: Total time for which application threads were stopped: 0.0058589 seconds, Stopping threads took: 0.0000256 seconds
242.186: [GC (Allocation Failure)  2538357K->75029K(2876928K), 0.0044885 secs]
242.191: Total time for which application threads were stopped: 0.0046559 seconds, Stopping threads took: 0.0000199 seconds
242.796: [GC (Allocation Failure)  2795285K->75221K(2745856K), 0.0048162 secs]
242.800: Total time for which application threads were stopped: 0.0049813 seconds, Stopping threads took: 0.0000195 seconds
243.322: [GC (Allocation Failure)  2665941K->74981K(2616320K), 0.0042570 secs]
243.326: Total time for which application threads were stopped: 0.0044393 seconds, Stopping threads took: 0.0000209 seconds
243.837: [GC (Allocation Failure)  2542821K->81031K(2505216K), 0.0040294 secs]
243.841: Total time for which application threads were stopped: 0.0041898 seconds, Stopping threads took: 0.0000183 seconds
244.329: [GC (Allocation Failure)  2431623K->80999K(2394112K), 0.0038168 secs]
244.333: Total time for which application threads were stopped: 0.0039877 seconds, Stopping threads took: 0.0000276 seconds
244.799: [GC (Allocation Failure)  2320487K->81127K(2289152K), 0.0042697 secs]
244.803: Total time for which application threads were stopped: 0.0044612 seconds, Stopping threads took: 0.0000206 seconds
245.241: [GC (Allocation Failure)  2215143K->80967K(2183168K), 0.0039650 secs]
245.245: Total time for which application threads were stopped: 0.0041245 seconds, Stopping threads took: 0.0000201 seconds
245.658: [GC (Allocation Failure)  2114631K->85993K(2093056K), 0.0045416 secs]
245.662: Total time for which application threads were stopped: 0.0047062 seconds, Stopping threads took: 0.0000194 seconds
246.068: [GC (Allocation Failure)  2024425K->85961K(2002432K), 0.0039955 secs]
246.072: Total time for which application threads were stopped: 0.0041609 seconds, Stopping threads took: 0.0000200 seconds
246.455: [GC (Allocation Failure)  1933769K->85961K(1916416K), 0.0041871 secs]
246.460: Total time for which application threads were stopped: 0.0043599 seconds, Stopping threads took: 0.0000265 seconds
246.815: [GC (Allocation Failure)  1847753K->88649K(2256896K), 0.0047989 secs]
246.819: Total time for which application threads were stopped: 0.0049712 seconds, Stopping threads took: 0.0000203 seconds
247.245: [GC (Allocation Failure)  2196553K->94156K(2163712K), 0.0038301 secs]
247.249: Total time for which application threads were stopped: 0.0040469 seconds, Stopping threads took: 0.0000541 seconds
247.671: [GC (Allocation Failure)  2103244K->94188K(2557952K), 0.0046278 secs]
247.676: Total time for which application threads were stopped: 0.0047895 seconds, Stopping threads took: 0.0000268 seconds
248.163: [GC (Allocation Failure)  2497516K->94188K(2444288K), 0.0042323 secs]
248.167: Total time for which application threads were stopped: 0.0043917 seconds, Stopping threads took: 0.0000207 seconds
248.644: [GC (Allocation Failure)  2383852K->94124K(2332672K), 0.0042657 secs]
248.648: Total time for which application threads were stopped: 0.0044274 seconds, Stopping threads took: 0.0000212 seconds
249.094: [GC (Allocation Failure)  2275756K->98028K(2233856K), 0.0039215 secs]
249.098: Total time for which application threads were stopped: 0.0040931 seconds, Stopping threads took: 0.0000265 seconds
249.527: [GC (Allocation Failure)  2176748K->97580K(2134016K), 0.0037960 secs]
249.530: Total time for which application threads were stopped: 0.0039672 seconds, Stopping threads took: 0.0000260 seconds
249.944: [GC (Allocation Failure)  2078508K->99020K(2042880K), 0.0042793 secs]
249.949: Total time for which application threads were stopped: 0.0044443 seconds, Stopping threads took: 0.0000193 seconds
250.336: [GC (Allocation Failure)  1987276K->98988K(1951744K), 0.0040143 secs]
250.340: Total time for which application threads were stopped: 0.0041838 seconds, Stopping threads took: 0.0000206 seconds
250.712: [GC (Allocation Failure)  1899180K->102476K(1871360K), 0.0040950 secs]
250.716: Total time for which application threads were stopped: 0.0042528 seconds, Stopping threads took: 0.0000201 seconds
251.066: [GC (Allocation Failure)  1818700K->101932K(1789440K), 0.0038417 secs]
251.069: Total time for which application threads were stopped: 0.0040041 seconds, Stopping threads took: 0.0000202 seconds
251.400: [GC (Allocation Failure)  1738796K->104140K(2113536K), 0.0039248 secs]
251.404: Total time for which application threads were stopped: 0.0041156 seconds, Stopping threads took: 0.0000192 seconds
251.817: [GC (Allocation Failure)  2062540K->103964K(2494464K), 0.0044216 secs]
251.822: Total time for which application threads were stopped: 0.0046131 seconds, Stopping threads took: 0.0000206 seconds
252.306: [GC (Allocation Failure)  2446876K->107068K(2387456K), 0.0041813 secs]
252.310: Total time for which application threads were stopped: 0.0043360 seconds, Stopping threads took: 0.0000195 seconds
252.776: [GC (Allocation Failure)  2339388K->106892K(2278400K), 0.0039947 secs]
252.780: Total time for which application threads were stopped: 0.0041510 seconds, Stopping threads took: 0.0000201 seconds
253.220: [GC (Allocation Failure)  2233740K->109932K(2181632K), 0.0040314 secs]
253.224: Total time for which application threads were stopped: 0.0042055 seconds, Stopping threads took: 0.0000202 seconds
253.646: [GC (Allocation Failure)  2136940K->113356K(2576896K), 0.0052996 secs]
253.652: Total time for which application threads were stopped: 0.0054687 seconds, Stopping threads took: 0.0000275 seconds
254.143: [GC (Allocation Failure)  2538188K->119465K(2804224K), 0.0055812 secs]
254.149: Total time for which application threads were stopped: 0.0057407 seconds, Stopping threads took: 0.0000202 seconds
254.683: [GC (Allocation Failure)  2767017K->117260K(2875904K), 0.0058813 secs]
254.689: Total time for which application threads were stopped: 0.0060311 seconds, Stopping threads took: 0.0000267 seconds
255.250: [GC (Allocation Failure)  2835468K->117292K(2743296K), 0.0051462 secs]
255.255: Total time for which application threads were stopped: 0.0053024 seconds, Stopping threads took: 0.0000190 seconds
255.782: [GC (Allocation Failure)  2705964K->117260K(2615808K), 0.0041163 secs]
255.786: Total time for which application threads were stopped: 0.0042761 seconds, Stopping threads took: 0.0000207 seconds
256.299: [GC (Allocation Failure)  2583052K->121886K(2504192K), 0.0040232 secs]
256.303: Total time for which application threads were stopped: 0.0041872 seconds, Stopping threads took: 0.0000201 seconds
256.794: [GC (Allocation Failure)  2470942K->121758K(2392576K), 0.0040570 secs]
256.798: Total time for which application threads were stopped: 0.0042249 seconds, Stopping threads took: 0.0000198 seconds
257.263: [GC (Allocation Failure)  2359710K->121758K(2287104K), 0.0040415 secs]
257.268: Total time for which application threads were stopped: 0.0042054 seconds, Stopping threads took: 0.0000202 seconds
257.696: [GC (Allocation Failure)  2254238K->121734K(2184192K), 0.0040336 secs]
257.701: Total time for which application threads were stopped: 0.0041799 seconds, Stopping threads took: 0.0000175 seconds
258.124: [GC (Allocation Failure)  2153862K->125126K(2092544K), 0.0040642 secs]
258.128: Total time for which application threads were stopped: 0.0042560 seconds, Stopping threads took: 0.0000262 seconds
258.530: [GC (Allocation Failure)  2062022K->125006K(1999872K), 0.0042275 secs]
258.534: Total time for which application threads were stopped: 0.0043953 seconds, Stopping threads took: 0.0000265 seconds
258.920: [GC (Allocation Failure)  1971278K->126190K(1915392K), 0.0038547 secs]
258.924: Total time for which application threads were stopped: 0.0040445 seconds, Stopping threads took: 0.0000190 seconds
259.290: [GC (Allocation Failure)  1886446K->125894K(1830912K), 0.0041548 secs]
259.294: Total time for which application threads were stopped: 0.0043429 seconds, Stopping threads took: 0.0000200 seconds
259.633: [GC (Allocation Failure)  1804230K->128294K(2162688K), 0.0040719 secs]
259.637: Total time for which application threads were stopped: 0.0042422 seconds, Stopping threads took: 0.0000203 seconds
260.042: [GC (Allocation Failure)  2135846K->129166K(2554368K), 0.0043367 secs]
260.046: Total time for which application threads were stopped: 0.0045077 seconds, Stopping threads took: 0.0000206 seconds
260.537: [GC (Allocation Failure)  2530958K->133974K(2444800K), 0.0047860 secs]
260.542: Total time for which application threads were stopped: 0.0049710 seconds, Stopping threads took: 0.0000257 seconds
261.015: [GC (Allocation Failure)  2422102K->131878K(2331136K), 0.0044116 secs]
261.019: Total time for which application threads were stopped: 0.0046032 seconds, Stopping threads took: 0.0000207 seconds
261.469: [GC (Allocation Failure)  2311974K->135366K(2231808K), 0.0042886 secs]
261.473: Total time for which application threads were stopped: 0.0044669 seconds, Stopping threads took: 0.0000285 seconds
261.896: [GC (Allocation Failure)  2212550K->135398K(2134528K), 0.0040507 secs]
261.900: Total time for which application threads were stopped: 0.0042186 seconds, Stopping threads took: 0.0000211 seconds
262.310: [GC (Allocation Failure)  2115302K->135558K(2042368K), 0.0042876 secs]
262.314: Total time for which application threads were stopped: 0.0044621 seconds, Stopping threads took: 0.0000204 seconds
262.699: [GC (Allocation Failure)  2022790K->135382K(1950720K), 0.0043558 secs]
262.704: Total time for which application threads were stopped: 0.0046574 seconds, Stopping threads took: 0.0000277 seconds
263.077: [GC (Allocation Failure)  1934550K->138358K(1870336K), 0.0039795 secs]
263.081: Total time for which application threads were stopped: 0.0041463 seconds, Stopping threads took: 0.0000280 seconds
263.435: [GC (Allocation Failure)  1854070K->138358K(2207232K), 0.0041297 secs]
263.440: Total time for which application threads were stopped: 0.0042967 seconds, Stopping threads took: 0.0000205 seconds
263.860: [GC (Allocation Failure)  2190966K->138390K(2610176K), 0.0044467 secs]
263.865: Total time for which application threads were stopped: 0.0046126 seconds, Stopping threads took: 0.0000203 seconds
264.371: [GC (Allocation Failure)  2593942K->138318K(2490368K), 0.0040386 secs]
264.375: Total time for which application threads were stopped: 0.0042022 seconds, Stopping threads took: 0.0000197 seconds
264.861: [GC (Allocation Failure)  2477646K->141838K(2383360K), 0.0040407 secs]
264.865: Total time for which application threads were stopped: 0.0042050 seconds, Stopping threads took: 0.0000199 seconds
265.325: [GC (Allocation Failure)  2370574K->141934K(2278400K), 0.0039755 secs]
265.329: Total time for which application threads were stopped: 0.0041451 seconds, Stopping threads took: 0.0000202 seconds
265.769: [GC (Allocation Failure)  2265710K->141886K(2178560K), 0.0043906 secs]
265.773: Total time for which application threads were stopped: 0.0045551 seconds, Stopping threads took: 0.0000201 seconds
266.182: [GC (Allocation Failure)  2165822K->141806K(2079232K), 0.0040271 secs]
266.186: Total time for which application threads were stopped: 0.0041846 seconds, Stopping threads took: 0.0000291 seconds
266.589: [GC (Allocation Failure)  2071022K->146288K(1993728K), 0.0039970 secs]
266.593: Total time for which application threads were stopped: 0.0041730 seconds, Stopping threads took: 0.0000279 seconds
266.977: [GC (Allocation Failure)  1985392K->146256K(1908224K), 0.0036919 secs]
266.981: Total time for which application threads were stopped: 0.0038640 seconds, Stopping threads took: 0.0000203 seconds
267.344: [GC (Allocation Failure)  1899856K->147216K(1827840K), 0.0043999 secs]
267.349: Total time for which application threads were stopped: 0.0046032 seconds, Stopping threads took: 0.0000199 seconds
267.699: [GC (Allocation Failure)  1819408K->146248K(2149888K), 0.0040446 secs]
267.703: [Full GC (Ergonomics)  146248K->8515K(2150400K), 0.0098011 secs]
267.713: Total time for which application threads were stopped: 0.0141098 seconds, Stopping threads took: 0.0000203 seconds
268.131: [GC (Allocation Failure)  2009411K->16582K(2062336K), 0.0038240 secs]
268.135: Total time for which application threads were stopped: 0.0040270 seconds, Stopping threads took: 0.0000210 seconds
268.532: [GC (Allocation Failure)  1923782K->16590K(1973248K), 0.0037270 secs]
268.536: Total time for which application threads were stopped: 0.0038866 seconds, Stopping threads took: 0.0000210 seconds
268.912: [GC (Allocation Failure)  1834702K->16590K(1888768K), 0.0041685 secs]
268.917: Total time for which application threads were stopped: 0.0043255 seconds, Stopping threads took: 0.0000199 seconds
269.276: [GC (Allocation Failure)  1750222K->16878K(1803776K), 0.0039821 secs]
269.280: Total time for which application threads were stopped: 0.0041498 seconds, Stopping threads took: 0.0000202 seconds
269.617: [GC (Allocation Failure)  1670126K->21328K(2132992K), 0.0040125 secs]
269.621: Total time for which application threads were stopped: 0.0041791 seconds, Stopping threads took: 0.0000203 seconds
270.034: [GC (Allocation Failure)  1999184K->21328K(2520064K), 0.0038290 secs]
270.038: Total time for which application threads were stopped: 0.0039907 seconds, Stopping threads took: 0.0000202 seconds
270.529: [GC (Allocation Failure)  2387280K->22256K(2409472K), 0.0039642 secs]
270.533: Total time for which application threads were stopped: 0.0041217 seconds, Stopping threads took: 0.0000197 seconds
270.991: [GC (Allocation Failure)  2276592K->22760K(2298368K), 0.0038873 secs]
270.995: Total time for which application threads were stopped: 0.0040655 seconds, Stopping threads took: 0.0000281 seconds
271.436: [GC (Allocation Failure)  2170600K->27242K(2202112K), 0.0038252 secs]
271.439: Total time for which application threads were stopped: 0.0039957 seconds, Stopping threads took: 0.0000196 seconds
271.867: [GC (Allocation Failure)  2074218K->27258K(2105344K), 0.0038568 secs]
271.870: Total time for which application threads were stopped: 0.0040169 seconds, Stopping threads took: 0.0000203 seconds
272.275: [GC (Allocation Failure)  1978490K->28282K(2015232K), 0.0039924 secs]
272.279: Total time for which application threads were stopped: 0.0041609 seconds, Stopping threads took: 0.0000200 seconds
272.661: [GC (Allocation Failure)  1888378K->28138K(1924096K), 0.0037201 secs]
272.665: Total time for which application threads were stopped: 0.0038804 seconds, Stopping threads took: 0.0000208 seconds
273.035: [GC (Allocation Failure)  1801706K->32620K(1846272K), 0.0038502 secs]
273.039: Total time for which application threads were stopped: 0.0040179 seconds, Stopping threads took: 0.0000205 seconds
273.391: [GC (Allocation Failure)  1723756K->32772K(1766912K), 0.0038562 secs]
273.395: Total time for which application threads were stopped: 0.0040149 seconds, Stopping threads took: 0.0000200 seconds
273.728: [GC (Allocation Failure)  1645572K->33724K(1693696K), 0.0038008 secs]
273.732: Total time for which application threads were stopped: 0.0039586 seconds, Stopping threads took: 0.0000188 seconds
274.053: [GC (Allocation Failure)  1572284K->33676K(1991168K), 0.0036814 secs]
274.056: Total time for which application threads were stopped: 0.0038587 seconds, Stopping threads took: 0.0000288 seconds
274.435: [GC (Allocation Failure)  1874316K->38159K(2356736K), 0.0041622 secs]
274.439: Total time for which application threads were stopped: 0.0043153 seconds, Stopping threads took: 0.0000197 seconds
274.883: [GC (Allocation Failure)  2239759K->38175K(2251264K), 0.0038344 secs]
274.886: Total time for which application threads were stopped: 0.0039942 seconds, Stopping threads took: 0.0000204 seconds
275.315: [GC (Allocation Failure)  2136351K->41455K(2155520K), 0.0043601 secs]
275.320: Total time for which application threads were stopped: 0.0045242 seconds, Stopping threads took: 0.0000197 seconds
275.734: [GC (Allocation Failure)  2041327K->40807K(2056192K), 0.0037798 secs]
275.738: Total time for which application threads were stopped: 0.0039587 seconds, Stopping threads took: 0.0000198 seconds
276.132: [GC (Allocation Failure)  1946983K->45769K(1972224K), 0.0037033 secs]
276.135: Total time for which application threads were stopped: 0.0038599 seconds, Stopping threads took: 0.0000195 seconds
276.506: [GC (Allocation Failure)  1862857K->47337K(1887232K), 0.0041334 secs]
276.510: Total time for which application threads were stopped: 0.0043257 seconds, Stopping threads took: 0.0000283 seconds
276.869: [GC (Allocation Failure)  1779945K->47785K(2227712K), 0.0043452 secs]
276.874: Total time for which application threads were stopped: 0.0045207 seconds, Stopping threads took: 0.0000207 seconds
277.301: [GC (Allocation Failure)  2120361K->48073K(2631168K), 0.0059150 secs]
277.307: Total time for which application threads were stopped: 0.0060995 seconds, Stopping threads took: 0.0000208 seconds
277.820: [GC (Allocation Failure)  2528201K->52465K(2723328K), 0.0040749 secs]
277.824: Total time for which application threads were stopped: 0.0042650 seconds, Stopping threads took: 0.0000209 seconds
278.361: [GC (Allocation Failure)  2619121K->52145K(2599936K), 0.0046575 secs]
278.366: Total time for which application threads were stopped: 0.0048466 seconds, Stopping threads took: 0.0000197 seconds
278.858: [GC (Allocation Failure)  2496945K->52145K(2484224K), 0.0050570 secs]
278.864: Total time for which application threads were stopped: 0.0052199 seconds, Stopping threads took: 0.0000201 seconds
279.343: [GC (Allocation Failure)  2381233K->52073K(2368512K), 0.0038885 secs]
279.347: Total time for which application threads were stopped: 0.0040460 seconds, Stopping threads took: 0.0000209 seconds
279.798: [GC (Allocation Failure)  2271081K->57643K(2269696K), 0.0049139 secs]
279.803: Total time for which application threads were stopped: 0.0050823 seconds, Stopping threads took: 0.0000199 seconds
280.245: [GC (Allocation Failure)  2172203K->57579K(2170368K), 0.0038746 secs]
280.249: Total time for which application threads were stopped: 0.0040508 seconds, Stopping threads took: 0.0000283 seconds
280.663: [GC (Allocation Failure)  2072811K->57611K(2567168K), 0.0087224 secs]
280.672: Total time for which application threads were stopped: 0.0088848 seconds, Stopping threads took: 0.0000196 seconds
281.169: [GC (Allocation Failure)  2469643K->57547K(2860032K), 0.0041909 secs]
281.173: Total time for which application threads were stopped: 0.0043602 seconds, Stopping threads took: 0.0000203 seconds
281.745: [GC (Allocation Failure)  2768075K->64814K(2866688K), 0.0041898 secs]
281.749: Total time for which application threads were stopped: 0.0043658 seconds, Stopping threads took: 0.0000202 seconds
282.302: [GC (Allocation Failure)  2775342K->63758K(2736640K), 0.0046288 secs]
282.306: Total time for which application threads were stopped: 0.0048050 seconds, Stopping threads took: 0.0000199 seconds
282.840: [GC (Allocation Failure)  2645262K->67030K(2615808K), 0.0051886 secs]
282.845: Total time for which application threads were stopped: 0.0053451 seconds, Stopping threads took: 0.0000176 seconds
283.344: [GC (Allocation Failure)  2526166K->65358K(2491904K), 0.0041642 secs]
283.348: Total time for which application threads were stopped: 0.0043435 seconds, Stopping threads took: 0.0000203 seconds
283.831: [GC (Allocation Failure)  2408270K->72176K(2388480K), 0.0039865 secs]
283.835: Total time for which application threads were stopped: 0.0041504 seconds, Stopping threads took: 0.0000253 seconds
284.302: [GC (Allocation Failure)  2304496K->71408K(2282496K), 0.0039381 secs]
284.306: Total time for which application threads were stopped: 0.0041102 seconds, Stopping threads took: 0.0000199 seconds
284.736: [GC (Allocation Failure)  2198768K->72080K(2183680K), 0.0043358 secs]
284.740: Total time for which application threads were stopped: 0.0044923 seconds, Stopping threads took: 0.0000201 seconds
285.160: [GC (Allocation Failure)  2099600K->71328K(2083328K), 0.0039787 secs]
285.164: Total time for which application threads were stopped: 0.0041716 seconds, Stopping threads took: 0.0000208 seconds
285.560: [GC (Allocation Failure)  2004128K->75810K(1997824K), 0.0040948 secs]
285.565: Total time for which application threads were stopped: 0.0042726 seconds, Stopping threads took: 0.0000205 seconds
285.950: [GC (Allocation Failure)  1918498K->83048K(2361344K), 0.0074697 secs]
285.958: Total time for which application threads were stopped: 0.0076306 seconds, Stopping threads took: 0.0000201 seconds
286.416: [GC (Allocation Failure)  2288232K->81930K(2793472K), 0.0040956 secs]
286.420: Total time for which application threads were stopped: 0.0042549 seconds, Stopping threads took: 0.0000208 seconds
286.969: [GC (Allocation Failure)  2720266K->81898K(2668032K), 0.0039888 secs]
286.973: Total time for which application threads were stopped: 0.0041450 seconds, Stopping threads took: 0.0000203 seconds
287.483: [GC (Allocation Failure)  2594794K->81898K(2548736K), 0.0041704 secs]
287.488: Total time for which application threads were stopped: 0.0043432 seconds, Stopping threads took: 0.0000272 seconds
287.978: [GC (Allocation Failure)  2475498K->81930K(2435584K), 0.0039297 secs]
287.982: Total time for which application threads were stopped: 0.0040876 seconds, Stopping threads took: 0.0000268 seconds
288.450: [GC (Allocation Failure)  2362378K->77416K(2323456K), 0.0023716 secs]
288.452: Total time for which application threads were stopped: 0.0025420 seconds, Stopping threads took: 0.0000202 seconds
288.896: [GC (Allocation Failure)  2250344K->81898K(2225664K), 0.0040297 secs]
288.900: Total time for which application threads were stopped: 0.0041954 seconds, Stopping threads took: 0.0000282 seconds
289.326: [GC (Allocation Failure)  2152426K->82474K(2128896K), 0.0043584 secs]
289.330: Total time for which application threads were stopped: 0.0045368 seconds, Stopping threads took: 0.0000205 seconds
289.741: [GC (Allocation Failure)  2055722K->82834K(2036224K), 0.0038207 secs]
289.745: Total time for which application threads were stopped: 0.0040163 seconds, Stopping threads took: 0.0000201 seconds
290.137: [GC (Allocation Failure)  1963922K->83122K(1949184K), 0.0043914 secs]
290.141: Total time for which application threads were stopped: 0.0045585 seconds, Stopping threads took: 0.0000197 seconds
290.506: [GC (Allocation Failure)  1876658K->82730K(1864192K), 0.0038343 secs]
290.510: Total time for which application threads were stopped: 0.0040102 seconds, Stopping threads took: 0.0000269 seconds
290.859: [GC (Allocation Failure)  1792810K->83658K(1785856K), 0.0038963 secs]
290.863: Total time for which application threads were stopped: 0.0040843 seconds, Stopping threads took: 0.0000196 seconds
291.198: [GC (Allocation Failure)  1714378K->83650K(1710080K), 0.0037894 secs]
291.202: Total time for which application threads were stopped: 0.0040002 seconds, Stopping threads took: 0.0000212 seconds
291.518: [GC (Allocation Failure)  1639106K->84066K(2016256K), 0.0041151 secs]
291.522: Total time for which application threads were stopped: 0.0042879 seconds, Stopping threads took: 0.0000274 seconds
291.908: [GC (Allocation Failure)  1945186K->84042K(2379264K), 0.0040861 secs]
291.912: Total time for which application threads were stopped: 0.0042459 seconds, Stopping threads took: 0.0000197 seconds
292.372: [GC (Allocation Failure)  2310218K->85994K(2276352K), 0.0041666 secs]
292.376: Total time for which application threads were stopped: 0.0043225 seconds, Stopping threads took: 0.0000200 seconds
292.804: [GC (Allocation Failure)  2207210K->85994K(2176000K), 0.0036898 secs]
292.808: Total time for which application threads were stopped: 0.0038476 seconds, Stopping threads took: 0.0000196 seconds
293.225: [GC (Allocation Failure)  2107370K->86442K(2081792K), 0.0042755 secs]
293.229: Total time for which application threads were stopped: 0.0044362 seconds, Stopping threads took: 0.0000195 seconds
293.616: [GC (Allocation Failure)  2013098K->86474K(1988608K), 0.0041503 secs]
293.621: Total time for which application threads were stopped: 0.0043095 seconds, Stopping threads took: 0.0000207 seconds
293.998: [GC (Allocation Failure)  1923018K->89418K(1906176K), 0.0039519 secs]
294.002: Total time for which application threads were stopped: 0.0041246 seconds, Stopping threads took: 0.0000268 seconds
294.360: [GC (Allocation Failure)  1840458K->89418K(2248192K), 0.0040934 secs]
294.364: Total time for which application threads were stopped: 0.0042628 seconds, Stopping threads took: 0.0000212 seconds
294.798: [GC (Allocation Failure)  2184010K->90890K(2151424K), 0.0040577 secs]
294.802: Total time for which application threads were stopped: 0.0042563 seconds, Stopping threads took: 0.0000203 seconds
295.215: [GC (Allocation Failure)  2087178K->90858K(2055168K), 0.0039278 secs]
295.219: Total time for which application threads were stopped: 0.0040993 seconds, Stopping threads took: 0.0000203 seconds
295.608: [GC (Allocation Failure)  1993962K->93962K(1970176K), 0.0041208 secs]
295.612: Total time for which application threads were stopped: 0.0042871 seconds, Stopping threads took: 0.0000201 seconds
295.978: [GC (Allocation Failure)  1908490K->93802K(1882112K), 0.0038712 secs]
295.982: Total time for which application threads were stopped: 0.0040533 seconds, Stopping threads took: 0.0000204 seconds
296.345: [GC (Allocation Failure)  1823850K->92424K(1800704K), 0.0026076 secs]
296.348: Total time for which application threads were stopped: 0.0027788 seconds, Stopping threads took: 0.0000191 seconds
296.684: [GC (Allocation Failure)  1742088K->96746K(2129920K), 0.0081201 secs]
296.692: Total time for which application threads were stopped: 0.0082775 seconds, Stopping threads took: 0.0000254 seconds
297.101: [GC (Allocation Failure)  2071530K->96810K(2518528K), 0.0043744 secs]
297.106: Total time for which application threads were stopped: 0.0045506 seconds, Stopping threads took: 0.0000295 seconds
297.595: [GC (Allocation Failure)  2460202K->96746K(2753536K), 0.0040155 secs]
297.599: Total time for which application threads were stopped: 0.0041840 seconds, Stopping threads took: 0.0000282 seconds
298.126: [GC (Allocation Failure)  2699754K->103100K(2759680K), 0.0043182 secs]
298.130: Total time for which application threads were stopped: 0.0045020 seconds, Stopping threads took: 0.0000208 seconds
298.655: [GC (Allocation Failure)  2706108K->101500K(2634240K), 0.0045683 secs]
298.660: Total time for which application threads were stopped: 0.0047435 seconds, Stopping threads took: 0.0000272 seconds
299.170: [GC (Allocation Failure)  2580604K->101500K(2516992K), 0.0052545 secs]
299.175: Total time for which application threads were stopped: 0.0054222 seconds, Stopping threads took: 0.0000206 seconds
299.652: [GC (Allocation Failure)  2463356K->101420K(2401792K), 0.0047237 secs]
299.657: Total time for which application threads were stopped: 0.0049009 seconds, Stopping threads took: 0.0000283 seconds
300.123: [GC (Allocation Failure)  2351660K->97834K(2292224K), 0.0012979 secs]
300.125: Total time for which application threads were stopped: 0.0014392 seconds, Stopping threads took: 0.0000269 seconds
300.563: [GC (Allocation Failure)  2242090K->104940K(2198528K), 0.0042576 secs]
300.568: Total time for which application threads were stopped: 0.0044235 seconds, Stopping threads took: 0.0000271 seconds
300.990: [GC (Allocation Failure)  2148332K->104940K(2102784K), 0.0054618 secs]
300.996: Total time for which application threads were stopped: 0.0056251 seconds, Stopping threads took: 0.0000201 seconds
301.398: [GC (Allocation Failure)  2052588K->105044K(2009088K), 0.0045911 secs]
301.402: Total time for which application threads were stopped: 0.0047608 seconds, Stopping threads took: 0.0000202 seconds
