Java HotSpot(TM) 64-Bit Server VM (25.171-b11) for linux-amd64 JRE (1.8.0_171-b11), built on Mar 28 2018 17:07:08 by "java_re" with gcc 4.3.0 20080428 (Red Hat 4.3.0-8)
Memory: 4k page, physical 32883000k(29581688k free), swap 8000508k(8000508k free)
CommandLine flags: -XX:InitialHeapSize=526128000 -XX:MaxHeapSize=8418048000 -XX:+PrintGC -XX:+PrintGCApplicationStoppedTime -XX:+PrintGCTimeStamps -XX:+UseCompressedClassPointers -XX:+UseCompressedOops -XX:+UseParallelGC 
0.224: [GC (Allocation Failure)  129024K->10332K(493056K), 0.0052213 secs]
0.230: Total time for which application threads were stopped: 0.0054308 seconds, Stopping threads took: 0.0000170 seconds
0.256: [GC (Allocation Failure)  139356K->8626K(622080K), 0.0039831 secs]
0.260: Total time for which application threads were stopped: 0.0041249 seconds, Stopping threads took: 0.0000197 seconds
0.343: [GC (Allocation Failure)  266674K->3144K(622080K), 0.0025417 secs]
0.346: Total time for which application threads were stopped: 0.0026666 seconds, Stopping threads took: 0.0000161 seconds
0.401: [GC (Allocation Failure)  261192K->8609K(880128K), 0.0034479 secs]
0.405: Total time for which application threads were stopped: 0.0036131 seconds, Stopping threads took: 0.0000288 seconds
0.560: [GC (Allocation Failure)  524705K->8634K(880128K), 0.0050323 secs]
0.565: Total time for which application threads were stopped: 0.0051760 seconds, Stopping threads took: 0.0000199 seconds
0.669: [GC (Allocation Failure)  524730K->8714K(1386496K), 0.0045187 secs]
0.674: Total time for which application threads were stopped: 0.0046588 seconds, Stopping threads took: 0.0000285 seconds
0.984: [GC (Allocation Failure)  1040906K->8664K(1387008K), 0.0055691 secs]
0.990: Total time for which application threads were stopped: 0.0057190 seconds, Stopping threads took: 0.0000202 seconds
1.204: [GC (Allocation Failure)  1040856K->829K(2418176K), 0.0006373 secs]
1.205: Total time for which application threads were stopped: 0.0007670 seconds, Stopping threads took: 0.0000280 seconds
1.837: [GC (Allocation Failure)  2064189K->8576K(2419200K), 0.0045708 secs]
1.842: Total time for which application threads were stopped: 0.0047537 seconds, Stopping threads took: 0.0000294 seconds
2.267: [GC (Allocation Failure)  2071936K->8640K(3070464K), 0.0045730 secs]
2.272: Total time for which application threads were stopped: 0.0047489 seconds, Stopping threads took: 0.0000297 seconds
2.965: [GC (Allocation Failure)  2724288K->8640K(3070976K), 0.0045861 secs]
2.970: Total time for which application threads were stopped: 0.0047629 seconds, Stopping threads took: 0.0000200 seconds
3.529: [GC (Allocation Failure)  2724288K->8896K(3071488K), 0.0039077 secs]
3.533: Total time for which application threads were stopped: 0.0040828 seconds, Stopping threads took: 0.0000209 seconds
4.053: Total time for which application threads were stopped: 0.0001314 seconds, Stopping threads took: 0.0000591 seconds
4.099: [GC (Allocation Failure)  2725056K->8640K(3067392K), 0.0037648 secs]
4.102: Total time for which application threads were stopped: 0.0039307 seconds, Stopping threads took: 0.0000205 seconds
4.661: [GC (Allocation Failure)  2724800K->8576K(3070976K), 0.0038424 secs]
4.665: Total time for which application threads were stopped: 0.0040318 seconds, Stopping threads took: 0.0000206 seconds
5.220: [GC (Allocation Failure)  2724736K->8640K(2937856K), 0.0040673 secs]
5.224: Total time for which application threads were stopped: 0.0042245 seconds, Stopping threads took: 0.0000206 seconds
5.758: [GC (Allocation Failure)  2595264K->8584K(2810880K), 0.0048334 secs]
5.763: Total time for which application threads were stopped: 0.0049931 seconds, Stopping threads took: 0.0000199 seconds
6.275: [GC (Allocation Failure)  2472328K->12552K(2698240K), 0.0039563 secs]
6.279: Total time for which application threads were stopped: 0.0041200 seconds, Stopping threads took: 0.0000203 seconds
6.761: [GC (Allocation Failure)  2359560K->12584K(2587136K), 0.0038943 secs]
6.765: Total time for which application threads were stopped: 0.0040659 seconds, Stopping threads took: 0.0000270 seconds
7.228: [GC (Allocation Failure)  2248488K->13064K(2482176K), 0.0040218 secs]
7.232: Total time for which application threads were stopped: 0.0041803 seconds, Stopping threads took: 0.0000214 seconds
7.669: [GC (Allocation Failure)  2143496K->12560K(2378240K), 0.0041641 secs]
7.674: Total time for which application threads were stopped: 0.0043823 seconds, Stopping threads took: 0.0000203 seconds
8.093: [GC (Allocation Failure)  2042640K->15536K(2286080K), 0.0047805 secs]
8.098: Total time for which application threads were stopped: 0.0049538 seconds, Stopping threads took: 0.0000281 seconds
8.499: [GC (Allocation Failure)  1950384K->15568K(2195456K), 0.0035734 secs]
8.503: Total time for which application threads were stopped: 0.0037526 seconds, Stopping threads took: 0.0000206 seconds
8.879: [GC (Allocation Failure)  1859792K->15568K(2109440K), 0.0039534 secs]
8.883: Total time for which application threads were stopped: 0.0041285 seconds, Stopping threads took: 0.0000213 seconds
9.242: [GC (Allocation Failure)  1773776K->16488K(2024448K), 0.0044425 secs]
9.247: Total time for which application threads were stopped: 0.0046102 seconds, Stopping threads took: 0.0000214 seconds
9.588: [GC (Allocation Failure)  1693288K->20008K(1950208K), 0.0038045 secs]
9.592: Total time for which application threads were stopped: 0.0039649 seconds, Stopping threads took: 0.0000208 seconds
9.914: [GC (Allocation Failure)  1618984K->20088K(2429952K), 0.0044152 secs]
9.919: Total time for which application threads were stopped: 0.0046149 seconds, Stopping threads took: 0.0000282 seconds
10.336: [GC (Allocation Failure)  2098808K->15653K(2328064K), 0.0023218 secs]
10.339: Total time for which application threads were stopped: 0.0024733 seconds, Stopping threads took: 0.0000200 seconds
10.753: [GC (Allocation Failure)  1996581K->20008K(2239488K), 0.0035893 secs]
10.757: Total time for which application threads were stopped: 0.0037548 seconds, Stopping threads took: 0.0000283 seconds
11.145: [GC (Allocation Failure)  1908264K->14917K(2146304K), 0.0020224 secs]
11.147: Total time for which application threads were stopped: 0.0021596 seconds, Stopping threads took: 0.0000206 seconds
11.525: [GC (Allocation Failure)  1815109K->20264K(2067968K), 0.0039596 secs]
11.529: Total time for which application threads were stopped: 0.0041363 seconds, Stopping threads took: 0.0000207 seconds
11.884: [GC (Allocation Failure)  1736488K->20040K(1988096K), 0.0040768 secs]
11.888: Total time for which application threads were stopped: 0.0042546 seconds, Stopping threads took: 0.0000265 seconds
12.218: [GC (Allocation Failure)  1656904K->19984K(1910272K), 0.0042083 secs]
12.222: Total time for which application threads were stopped: 0.0043683 seconds, Stopping threads took: 0.0000203 seconds
12.547: [GC (Allocation Failure)  1581072K->24240K(1843200K), 0.0040491 secs]
12.551: Total time for which application threads were stopped: 0.0042347 seconds, Stopping threads took: 0.0000205 seconds
12.853: [GC (Allocation Failure)  1513648K->21904K(2210304K), 0.0044303 secs]
12.857: Total time for which application threads were stopped: 0.0046167 seconds, Stopping threads took: 0.0000209 seconds
13.241: [GC (Allocation Failure)  1884048K->27376K(2681856K), 0.0044354 secs]
13.245: Total time for which application threads were stopped: 0.0046086 seconds, Stopping threads took: 0.0000201 seconds
13.720: [GC (Allocation Failure)  2355440K->24872K(2992640K), 0.0038382 secs]
13.724: Total time for which application threads were stopped: 0.0039948 seconds, Stopping threads took: 0.0000207 seconds
14.264: [GC (Allocation Failure)  2667304K->25832K(2867712K), 0.0038629 secs]
14.268: Total time for which application threads were stopped: 0.0040211 seconds, Stopping threads took: 0.0000268 seconds
14.773: [GC (Allocation Failure)  2542312K->25776K(2744320K), 0.0043397 secs]
14.777: Total time for which application threads were stopped: 0.0045125 seconds, Stopping threads took: 0.0000276 seconds
15.271: [GC (Allocation Failure)  2422960K->29776K(2634752K), 0.0039292 secs]
15.275: Total time for which application threads were stopped: 0.0041102 seconds, Stopping threads took: 0.0000266 seconds
15.732: [GC (Allocation Failure)  2313296K->29776K(2526720K), 0.0040399 secs]
15.736: Total time for which application threads were stopped: 0.0042065 seconds, Stopping threads took: 0.0000208 seconds
16.180: [GC (Allocation Failure)  2205264K->30000K(2424832K), 0.0044404 secs]
16.185: Total time for which application threads were stopped: 0.0046073 seconds, Stopping threads took: 0.0000208 seconds
16.610: [GC (Allocation Failure)  2103088K->30309K(2323968K), 0.0049427 secs]
16.615: Total time for which application threads were stopped: 0.0051100 seconds, Stopping threads took: 0.0000285 seconds
17.025: [GC (Allocation Failure)  2006117K->33256K(2234368K), 0.0039224 secs]
17.029: Total time for which application threads were stopped: 0.0040869 seconds, Stopping threads took: 0.0000203 seconds
17.408: [GC (Allocation Failure)  1916392K->39237K(2648576K), 0.0075228 secs]
17.415: Total time for which application threads were stopped: 0.0077032 seconds, Stopping threads took: 0.0000283 seconds
17.885: [GC (Allocation Failure)  2337093K->40328K(2967040K), 0.0039134 secs]
17.889: Total time for which application threads were stopped: 0.0040738 seconds, Stopping threads took: 0.0000196 seconds
18.421: [GC (Allocation Failure)  2652040K->39624K(3070976K), 0.0054509 secs]
18.427: Total time for which application threads were stopped: 0.0055954 seconds, Stopping threads took: 0.0000205 seconds
19.002: [GC (Allocation Failure)  2756296K->40392K(2939392K), 0.0051307 secs]
19.007: Total time for which application threads were stopped: 0.0052976 seconds, Stopping threads took: 0.0000207 seconds
19.539: [GC (Allocation Failure)  2627528K->39592K(2810880K), 0.0045594 secs]
19.544: Total time for which application threads were stopped: 0.0047274 seconds, Stopping threads took: 0.0000207 seconds
20.051: [GC (Allocation Failure)  2503848K->44074K(2698752K), 0.0041319 secs]
20.055: Total time for which application threads were stopped: 0.0042902 seconds, Stopping threads took: 0.0000199 seconds
20.533: [GC (Allocation Failure)  2391594K->44106K(2587648K), 0.0039815 secs]
20.537: Total time for which application threads were stopped: 0.0041388 seconds, Stopping threads took: 0.0000206 seconds
21.000: [GC (Allocation Failure)  2280522K->44138K(2482176K), 0.0041004 secs]
21.004: Total time for which application threads were stopped: 0.0042676 seconds, Stopping threads took: 0.0000206 seconds
21.448: [GC (Allocation Failure)  2175082K->44042K(2380288K), 0.0036700 secs]
21.452: Total time for which application threads were stopped: 0.0038408 seconds, Stopping threads took: 0.0000204 seconds
21.873: [GC (Allocation Failure)  2074634K->45482K(2286592K), 0.0039966 secs]
21.877: Total time for which application threads were stopped: 0.0041702 seconds, Stopping threads took: 0.0000278 seconds
22.277: [GC (Allocation Failure)  1980842K->45458K(2194944K), 0.0039358 secs]
22.281: Total time for which application threads were stopped: 0.0040953 seconds, Stopping threads took: 0.0000273 seconds
22.665: [GC (Allocation Failure)  1890194K->46386K(2109952K), 0.0041064 secs]
22.670: Total time for which application threads were stopped: 0.0042781 seconds, Stopping threads took: 0.0000200 seconds
23.033: [GC (Allocation Failure)  1805106K->39536K(2021376K), 0.0012629 secs]
23.034: Total time for which application threads were stopped: 0.0013880 seconds, Stopping threads took: 0.0000198 seconds
23.381: [GC (Allocation Failure)  1716336K->46418K(1950208K), 0.0039235 secs]
23.385: Total time for which application threads were stopped: 0.0040895 seconds, Stopping threads took: 0.0000206 seconds
23.714: [GC (Allocation Failure)  1645394K->46674K(1876992K), 0.0040532 secs]
23.718: Total time for which application threads were stopped: 0.0042117 seconds, Stopping threads took: 0.0000209 seconds
24.039: [GC (Allocation Failure)  1571922K->47986K(1807872K), 0.0043253 secs]
24.044: Total time for which application threads were stopped: 0.0044819 seconds, Stopping threads took: 0.0000201 seconds
24.348: [GC (Allocation Failure)  1503090K->49834K(2094080K), 0.0057663 secs]
24.354: Total time for which application threads were stopped: 0.0059369 seconds, Stopping threads took: 0.0000291 seconds
24.714: [GC (Allocation Failure)  1796266K->53354K(2447360K), 0.0039368 secs]
24.718: Total time for which application threads were stopped: 0.0040941 seconds, Stopping threads took: 0.0000204 seconds
25.156: [GC (Allocation Failure)  2149482K->54026K(2867712K), 0.0041141 secs]
25.160: Total time for which application threads were stopped: 0.0042722 seconds, Stopping threads took: 0.0000205 seconds
25.682: [GC (Allocation Failure)  2569482K->53322K(2747392K), 0.0041370 secs]
25.686: Total time for which application threads were stopped: 0.0043134 seconds, Stopping threads took: 0.0000213 seconds
26.178: [GC (Allocation Failure)  2449482K->53290K(2632192K), 0.0039602 secs]
26.182: Total time for which application threads were stopped: 0.0041278 seconds, Stopping threads took: 0.0000204 seconds
26.652: [GC (Allocation Failure)  2335786K->54922K(2526720K), 0.0042462 secs]
26.656: Total time for which application threads were stopped: 0.0044169 seconds, Stopping threads took: 0.0000207 seconds
27.094: [GC (Allocation Failure)  2229898K->54698K(2423296K), 0.0037451 secs]
27.098: Total time for which application threads were stopped: 0.0039144 seconds, Stopping threads took: 0.0000203 seconds
27.524: [GC (Allocation Failure)  2127274K->55178K(2326528K), 0.0047435 secs]
27.529: Total time for which application threads were stopped: 0.0049024 seconds, Stopping threads took: 0.0000199 seconds
27.932: [GC (Allocation Failure)  2030474K->56090K(2231808K), 0.0041772 secs]
27.936: Total time for which application threads were stopped: 0.0043170 seconds, Stopping threads took: 0.0000178 seconds
28.325: [GC (Allocation Failure)  1938714K->58074K(2145792K), 0.0038851 secs]
28.329: Total time for which application threads were stopped: 0.0040348 seconds, Stopping threads took: 0.0000264 seconds
28.701: [GC (Allocation Failure)  1852634K->58002K(2061824K), 0.0038269 secs]
28.705: Total time for which application threads were stopped: 0.0039946 seconds, Stopping threads took: 0.0000201 seconds
29.059: [GC (Allocation Failure)  1769106K->54096K(1978880K), 0.0024688 secs]
29.062: Total time for which application threads were stopped: 0.0026148 seconds, Stopping threads took: 0.0000193 seconds
29.399: [GC (Allocation Failure)  1685840K->58418K(1907712K), 0.0037858 secs]
29.403: Total time for which application threads were stopped: 0.0039776 seconds, Stopping threads took: 0.0000204 seconds
29.728: [GC (Allocation Failure)  1614898K->58450K(1836032K), 0.0040875 secs]
29.732: Total time for which application threads were stopped: 0.0042428 seconds, Stopping threads took: 0.0000180 seconds
30.040: [GC (Allocation Failure)  1543250K->58474K(2130432K), 0.0041717 secs]
30.045: Total time for which application threads were stopped: 0.0043417 seconds, Stopping threads took: 0.0000207 seconds
30.415: [GC (Allocation Failure)  1840234K->60970K(2489344K), 0.0038099 secs]
30.419: Total time for which application threads were stopped: 0.0040075 seconds, Stopping threads took: 0.0000263 seconds
30.860: [GC (Allocation Failure)  2199082K->61810K(2916352K), 0.0043992 secs]
30.864: Total time for which application threads were stopped: 0.0045638 seconds, Stopping threads took: 0.0000262 seconds
31.393: [GC (Allocation Failure)  2627954K->62770K(2795520K), 0.0041477 secs]
31.397: Total time for which application threads were stopped: 0.0043229 seconds, Stopping threads took: 0.0000274 seconds
31.901: [GC (Allocation Failure)  2507058K->62698K(2677248K), 0.0041211 secs]
31.905: Total time for which application threads were stopped: 0.0043218 seconds, Stopping threads took: 0.0000291 seconds
32.388: [GC (Allocation Failure)  2391274K->65194K(2569728K), 0.0039930 secs]
32.393: Total time for which application threads were stopped: 0.0042086 seconds, Stopping threads took: 0.0000626 seconds
32.842: [GC (Allocation Failure)  2283690K->65314K(2464256K), 0.0038996 secs]
32.846: Total time for which application threads were stopped: 0.0040701 seconds, Stopping threads took: 0.0000204 seconds
33.284: [GC (Allocation Failure)  2179362K->66242K(2365952K), 0.0037663 secs]
33.288: Total time for which application threads were stopped: 0.0039423 seconds, Stopping threads took: 0.0000262 seconds
33.704: [GC (Allocation Failure)  2080962K->66218K(2268160K), 0.0043387 secs]
33.708: Total time for which application threads were stopped: 0.0045065 seconds, Stopping threads took: 0.0000200 seconds
34.105: [GC (Allocation Failure)  1986730K->69706K(2182144K), 0.0042544 secs]
34.109: Total time for which application threads were stopped: 0.0044108 seconds, Stopping threads took: 0.0000201 seconds
34.478: [GC (Allocation Failure)  1900600K->65800K(2093056K), 0.0026622 secs]
34.481: Total time for which application threads were stopped: 0.0028278 seconds, Stopping threads took: 0.0000210 seconds
34.843: [GC (Allocation Failure)  1811208K->69866K(2016256K), 0.0042735 secs]
34.848: Total time for which application threads were stopped: 0.0044458 seconds, Stopping threads took: 0.0000288 seconds
35.192: [GC (Allocation Failure)  1734378K->69666K(1938432K), 0.0037811 secs]
35.196: Total time for which application threads were stopped: 0.0039768 seconds, Stopping threads took: 0.0000210 seconds
35.517: [GC (Allocation Failure)  1657378K->70082K(2256896K), 0.0047832 secs]
35.522: Total time for which application threads were stopped: 0.0049403 seconds, Stopping threads took: 0.0000202 seconds
35.910: [GC (Allocation Failure)  1975746K->70082K(2634240K), 0.0051129 secs]
35.916: Total time for which application threads were stopped: 0.0052765 seconds, Stopping threads took: 0.0000275 seconds
36.381: [GC (Allocation Failure)  2357186K->74050K(2928128K), 0.0041609 secs]
36.385: Total time for which application threads were stopped: 0.0043294 seconds, Stopping threads took: 0.0000280 seconds
36.915: [GC (Allocation Failure)  2649410K->74082K(3074048K), 0.0053477 secs]
36.920: Total time for which application threads were stopped: 0.0055258 seconds, Stopping threads took: 0.0000202 seconds
37.510: [GC (Allocation Failure)  2795362K->74082K(2942976K), 0.0049500 secs]
37.515: Total time for which application threads were stopped: 0.0051159 seconds, Stopping threads took: 0.0000192 seconds
38.055: [GC (Allocation Failure)  2665826K->74058K(2813440K), 0.0047349 secs]
38.060: Total time for which application threads were stopped: 0.0048967 seconds, Stopping threads took: 0.0000210 seconds
38.572: [GC (Allocation Failure)  2542410K->80204K(2702848K), 0.0039622 secs]
38.576: Total time for which application threads were stopped: 0.0041391 seconds, Stopping threads took: 0.0000203 seconds
39.059: [GC (Allocation Failure)  2431308K->80076K(2591232K), 0.0035314 secs]
39.062: Total time for which application threads were stopped: 0.0036898 seconds, Stopping threads took: 0.0000206 seconds
39.514: [GC (Allocation Failure)  2320076K->80076K(2485760K), 0.0040174 secs]
39.518: Total time for which application threads were stopped: 0.0041892 seconds, Stopping threads took: 0.0000190 seconds
39.965: [GC (Allocation Failure)  2214604K->80092K(2379776K), 0.0047423 secs]
39.970: Total time for which application threads were stopped: 0.0049355 seconds, Stopping threads took: 0.0000209 seconds
40.389: [GC (Allocation Failure)  2114268K->86526K(2291200K), 0.0040569 secs]
40.393: Total time for which application threads were stopped: 0.0042449 seconds, Stopping threads took: 0.0000197 seconds
40.792: [GC (Allocation Failure)  2025470K->86382K(2198528K), 0.0040829 secs]
40.797: Total time for which application threads were stopped: 0.0042516 seconds, Stopping threads took: 0.0000292 seconds
41.168: [GC (Allocation Failure)  1934702K->87502K(2114048K), 0.0042524 secs]
41.172: Total time for which application threads were stopped: 0.0044187 seconds, Stopping threads took: 0.0000199 seconds
41.540: [GC (Allocation Failure)  1849806K->87278K(2027520K), 0.0044980 secs]
41.545: Total time for which application threads were stopped: 0.0046788 seconds, Stopping threads took: 0.0000202 seconds
41.887: [GC (Allocation Failure)  1767662K->91726K(2368512K), 0.0038785 secs]
41.891: Total time for which application threads were stopped: 0.0040476 seconds, Stopping threads took: 0.0000283 seconds
42.307: [GC (Allocation Failure)  2108494K->85612K(2267648K), 0.0016652 secs]
42.308: Total time for which application threads were stopped: 0.0018155 seconds, Stopping threads took: 0.0000268 seconds
42.706: [GC (Allocation Failure)  2007660K->93038K(2185728K), 0.0041132 secs]
42.711: Total time for which application threads were stopped: 0.0042836 seconds, Stopping threads took: 0.0000213 seconds
43.090: [GC (Allocation Failure)  1925486K->91862K(2098176K), 0.0037425 secs]
43.094: Total time for which application threads were stopped: 0.0038932 seconds, Stopping threads took: 0.0000179 seconds
43.459: [GC (Allocation Failure)  1838806K->91766K(2017280K), 0.0042802 secs]
43.464: Total time for which application threads were stopped: 0.0044461 seconds, Stopping threads took: 0.0000197 seconds
43.809: [GC (Allocation Failure)  1757814K->93606K(2348032K), 0.0044643 secs]
43.814: Total time for which application threads were stopped: 0.0046249 seconds, Stopping threads took: 0.0000207 seconds
44.226: [GC (Allocation Failure)  2092966K->88804K(2249728K), 0.0012051 secs]
44.228: Total time for which application threads were stopped: 0.0013340 seconds, Stopping threads took: 0.0000193 seconds
44.622: [GC (Allocation Failure)  1994468K->96166K(2167808K), 0.0042741 secs]
44.626: Total time for which application threads were stopped: 0.0044422 seconds, Stopping threads took: 0.0000208 seconds
44.999: [GC (Allocation Failure)  1912742K->96102K(2083328K), 0.0042442 secs]
45.003: Total time for which application threads were stopped: 0.0043924 seconds, Stopping threads took: 0.0000181 seconds
45.357: [GC (Allocation Failure)  1828198K->96030K(2002432K), 0.0039117 secs]
45.361: Total time for which application threads were stopped: 0.0040694 seconds, Stopping threads took: 0.0000203 seconds
45.702: [GC (Allocation Failure)  1747742K->96702K(1927168K), 0.0044337 secs]
45.706: Total time for which application threads were stopped: 0.0046007 seconds, Stopping threads took: 0.0000203 seconds
46.030: [GC (Allocation Failure)  1672126K->96398K(2241536K), 0.0039116 secs]
46.034: Total time for which application threads were stopped: 0.0040692 seconds, Stopping threads took: 0.0000209 seconds
46.422: [GC (Allocation Failure)  1987214K->97262K(2620928K), 0.0042999 secs]
46.426: Total time for which application threads were stopped: 0.0044790 seconds, Stopping threads took: 0.0000266 seconds
46.894: [GC (Allocation Failure)  2366446K->96942K(2511872K), 0.0041297 secs]
46.898: Total time for which application threads were stopped: 0.0043009 seconds, Stopping threads took: 0.0000208 seconds
47.346: [GC (Allocation Failure)  2259118K->98382K(2411520K), 0.0043087 secs]
47.350: Total time for which application threads were stopped: 0.0045097 seconds, Stopping threads took: 0.0000264 seconds
47.774: [GC (Allocation Failure)  2158670K->98382K(2314752K), 0.0036126 secs]
47.778: Total time for which application threads were stopped: 0.0037865 seconds, Stopping threads took: 0.0000212 seconds
48.179: [GC (Allocation Failure)  2061902K->98446K(2223104K), 0.0039824 secs]
48.183: Total time for which application threads were stopped: 0.0041542 seconds, Stopping threads took: 0.0000253 seconds
48.573: [GC (Allocation Failure)  1970318K->98350K(2132992K), 0.0043644 secs]
48.578: Total time for which application threads were stopped: 0.0045468 seconds, Stopping threads took: 0.0000287 seconds
48.949: [GC (Allocation Failure)  1882670K->100814K(2052608K), 0.0041264 secs]
48.953: Total time for which application threads were stopped: 0.0043216 seconds, Stopping threads took: 0.0000205 seconds
49.304: [GC (Allocation Failure)  1802190K->100814K(1972736K), 0.0039353 secs]
49.308: Total time for which application threads were stopped: 0.0040969 seconds, Stopping threads took: 0.0000270 seconds
49.639: [GC (Allocation Failure)  1723342K->106988K(2300416K), 0.0071968 secs]
49.646: Total time for which application threads were stopped: 0.0073806 seconds, Stopping threads took: 0.0000273 seconds
50.049: [GC (Allocation Failure)  2054124K->104774K(2683392K), 0.0051345 secs]
50.054: Total time for which application threads were stopped: 0.0053049 seconds, Stopping threads took: 0.0000201 seconds
50.531: [GC (Allocation Failure)  2441542K->110185K(2970112K), 0.0038861 secs]
50.535: Total time for which application threads were stopped: 0.0040687 seconds, Stopping threads took: 0.0000351 seconds
51.065: [GC (Allocation Failure)  2725481K->109257K(3070976K), 0.0045607 secs]
51.069: Total time for which application threads were stopped: 0.0047248 seconds, Stopping threads took: 0.0000205 seconds
51.642: [GC (Allocation Failure)  2826441K->113161K(3071488K), 0.0056397 secs]
51.647: Total time for which application threads were stopped: 0.0058361 seconds, Stopping threads took: 0.0000290 seconds
52.208: [GC (Allocation Failure)  2830345K->109993K(2938880K), 0.0039412 secs]
52.212: Total time for which application threads were stopped: 0.0041019 seconds, Stopping threads took: 0.0000218 seconds
52.730: [GC (Allocation Failure)  2697641K->104038K(2810368K), 0.0018845 secs]
52.732: Total time for which application threads were stopped: 0.0020258 seconds, Stopping threads took: 0.0000205 seconds
53.241: [GC (Allocation Failure)  2568806K->110025K(2699264K), 0.0041204 secs]
53.245: Total time for which application threads were stopped: 0.0042852 seconds, Stopping threads took: 0.0000212 seconds
53.723: [GC (Allocation Failure)  2458057K->112041K(2590208K), 0.0044808 secs]
53.728: Total time for which application threads were stopped: 0.0046410 seconds, Stopping threads took: 0.0000210 seconds
54.179: [GC (Allocation Failure)  2348969K->109969K(2481152K), 0.0040018 secs]
54.183: Total time for which application threads were stopped: 0.0041915 seconds, Stopping threads took: 0.0000212 seconds
54.622: [GC (Allocation Failure)  2241425K->111441K(2382336K), 0.0040773 secs]
54.627: Total time for which application threads were stopped: 0.0042465 seconds, Stopping threads took: 0.0000197 seconds
55.051: [GC (Allocation Failure)  2142545K->111441K(2287104K), 0.0040872 secs]
55.055: Total time for which application threads were stopped: 0.0042540 seconds, Stopping threads took: 0.0000206 seconds
55.454: [GC (Allocation Failure)  2047313K->111441K(2196480K), 0.0042890 secs]
55.458: Total time for which application threads were stopped: 0.0044465 seconds, Stopping threads took: 0.0000201 seconds
55.831: [GC (Allocation Failure)  1956689K->111369K(2109952K), 0.0038030 secs]
55.835: Total time for which application threads were stopped: 0.0039770 seconds, Stopping threads took: 0.0000270 seconds
56.190: [GC (Allocation Failure)  1870601K->111849K(2028544K), 0.0040601 secs]
56.195: Total time for which application threads were stopped: 0.0042191 seconds, Stopping threads took: 0.0000202 seconds
56.541: [GC (Allocation Failure)  1789161K->111753K(1949696K), 0.0042620 secs]
56.546: Total time for which application threads were stopped: 0.0044444 seconds, Stopping threads took: 0.0000210 seconds
56.880: [GC (Allocation Failure)  1711241K->112745K(2270720K), 0.0041665 secs]
56.884: Total time for which application threads were stopped: 0.0043399 seconds, Stopping threads took: 0.0000275 seconds
57.273: [GC (Allocation Failure)  2032233K->112673K(2653184K), 0.0043186 secs]
57.278: Total time for which application threads were stopped: 0.0044867 seconds, Stopping threads took: 0.0000205 seconds
57.757: [GC (Allocation Failure)  2416161K->114113K(2545664K), 0.0040292 secs]
57.762: Total time for which application threads were stopped: 0.0041921 seconds, Stopping threads took: 0.0000198 seconds
58.218: [GC (Allocation Failure)  2308545K->115057K(2440192K), 0.0044441 secs]
58.223: Total time for which application threads were stopped: 0.0046044 seconds, Stopping threads took: 0.0000211 seconds
58.645: [GC (Allocation Failure)  2206065K->117009K(2343936K), 0.0042688 secs]
58.650: Total time for which application threads were stopped: 0.0044533 seconds, Stopping threads took: 0.0000194 seconds
59.057: [GC (Allocation Failure)  2109713K->116969K(2249216K), 0.0040868 secs]
59.061: Total time for which application threads were stopped: 0.0042581 seconds, Stopping threads took: 0.0000209 seconds
59.455: [GC (Allocation Failure)  2016489K->118409K(2162176K), 0.0041388 secs]
59.459: Total time for which application threads were stopped: 0.0042960 seconds, Stopping threads took: 0.0000200 seconds
59.828: [GC (Allocation Failure)  1929353K->118377K(2074624K), 0.0042814 secs]
59.832: Total time for which application threads were stopped: 0.0044405 seconds, Stopping threads took: 0.0000265 seconds
60.183: [GC (Allocation Failure)  1844841K->121513K(2423808K), 0.0041584 secs]
60.188: Total time for which application threads were stopped: 0.0043266 seconds, Stopping threads took: 0.0000194 seconds
60.618: [GC (Allocation Failure)  2193577K->121617K(2323968K), 0.0041796 secs]
60.623: Total time for which application threads were stopped: 0.0043536 seconds, Stopping threads took: 0.0000208 seconds
61.036: [GC (Allocation Failure)  2096401K->123569K(2233344K), 0.0039728 secs]
61.040: Total time for which application threads were stopped: 0.0041196 seconds, Stopping threads took: 0.0000177 seconds
61.432: [GC (Allocation Failure)  2005681K->127241K(2607616K), 0.0057391 secs]
61.438: Total time for which application threads were stopped: 0.0059126 seconds, Stopping threads took: 0.0000211 seconds
61.906: [GC (Allocation Failure)  2386185K->129825K(2991104K), 0.0044800 secs]
61.911: Total time for which application threads were stopped: 0.0046412 seconds, Stopping threads took: 0.0000258 seconds
62.458: [GC (Allocation Failure)  2767137K->129729K(2863104K), 0.0045890 secs]
62.463: Total time for which application threads were stopped: 0.0047633 seconds, Stopping threads took: 0.0000288 seconds
62.972: [GC (Allocation Failure)  2641601K->129697K(2743808K), 0.0048663 secs]
62.977: Total time for which application threads were stopped: 0.0050639 seconds, Stopping threads took: 0.0000529 seconds
63.468: [GC (Allocation Failure)  2522273K->129705K(2627072K), 0.0050332 secs]
63.473: Total time for which application threads were stopped: 0.0052149 seconds, Stopping threads took: 0.0000208 seconds
63.936: [GC (Allocation Failure)  2409129K->133225K(2523136K), 0.0046677 secs]
63.941: Total time for which application threads were stopped: 0.0048535 seconds, Stopping threads took: 0.0000190 seconds
64.388: [GC (Allocation Failure)  2305129K->133193K(2420736K), 0.0039966 secs]
64.392: Total time for which application threads were stopped: 0.0041666 seconds, Stopping threads took: 0.0000289 seconds
64.818: [GC (Allocation Failure)  2202697K->134217K(2324480K), 0.0048976 secs]
64.823: Total time for which application threads were stopped: 0.0050693 seconds, Stopping threads took: 0.0000279 seconds
65.229: [GC (Allocation Failure)  2106441K->134601K(2713600K), 0.0047868 secs]
65.234: Total time for which application threads were stopped: 0.0049462 seconds, Stopping threads took: 0.0000205 seconds
65.725: [GC (Allocation Failure)  2501577K->140011K(2607104K), 0.0049061 secs]
65.730: Total time for which application threads were stopped: 0.0050699 seconds, Stopping threads took: 0.0000198 seconds
66.198: [GC (Allocation Failure)  2394859K->139115K(2499584K), 0.0039998 secs]
66.202: Total time for which application threads were stopped: 0.0041689 seconds, Stopping threads took: 0.0000200 seconds
66.638: [GC (Allocation Failure)  2287467K->138569K(2398208K), 0.0041990 secs]
66.642: Total time for which application threads were stopped: 0.0043640 seconds, Stopping threads took: 0.0000194 seconds
67.057: [GC (Allocation Failure)  2186057K->139051K(2299392K), 0.0044148 secs]
67.062: Total time for which application threads were stopped: 0.0045979 seconds, Stopping threads took: 0.0000282 seconds
67.466: [GC (Allocation Failure)  2090283K->142027K(2211328K), 0.0049370 secs]
67.471: Total time for which application threads were stopped: 0.0051263 seconds, Stopping threads took: 0.0000204 seconds
67.855: [GC (Allocation Failure)  2002123K->141987K(2583040K), 0.0041857 secs]
67.859: Total time for which application threads were stopped: 0.0043693 seconds, Stopping threads took: 0.0000274 seconds
68.319: [GC (Allocation Failure)  2374307K->142403K(2478080K), 0.0045245 secs]
68.324: Total time for which application threads were stopped: 0.0046897 seconds, Stopping threads took: 0.0000204 seconds
68.761: [GC (Allocation Failure)  2269251K->142379K(2375168K), 0.0042486 secs]
68.765: Total time for which application threads were stopped: 0.0044042 seconds, Stopping threads took: 0.0000180 seconds
69.184: [GC (Allocation Failure)  2169387K->145355K(2783744K), 0.0049423 secs]
69.189: Total time for which application threads were stopped: 0.0050994 seconds, Stopping threads took: 0.0000194 seconds
69.694: [GC (Allocation Failure)  2577867K->145323K(2667008K), 0.0041034 secs]
69.698: Total time for which application threads were stopped: 0.0042803 seconds, Stopping threads took: 0.0000201 seconds
70.178: [GC (Allocation Failure)  2462635K->146795K(2558976K), 0.0047296 secs]
70.183: Total time for which application threads were stopped: 0.0048763 seconds, Stopping threads took: 0.0000175 seconds
70.632: [GC (Allocation Failure)  2354539K->146795K(2451968K), 0.0043927 secs]
70.637: Total time for which application threads were stopped: 0.0045620 seconds, Stopping threads took: 0.0000205 seconds
71.065: [GC (Allocation Failure)  2250603K->149803K(2356224K), 0.0046250 secs]
71.070: Total time for which application threads were stopped: 0.0047922 seconds, Stopping threads took: 0.0000200 seconds
71.486: [GC (Allocation Failure)  2154795K->149739K(2259968K), 0.0043639 secs]
71.490: Total time for which application threads were stopped: 0.0045309 seconds, Stopping threads took: 0.0000209 seconds
71.883: [GC (Allocation Failure)  2061035K->152203K(2173440K), 0.0042290 secs]
71.887: Total time for which application threads were stopped: 0.0044127 seconds, Stopping threads took: 0.0000269 seconds
72.266: [GC (Allocation Failure)  1974411K->152171K(2534912K), 0.0045342 secs]
72.271: Total time for which application threads were stopped: 0.0047079 seconds, Stopping threads took: 0.0000203 seconds
72.724: [GC (Allocation Failure)  2338923K->155371K(2435584K), 0.0040468 secs]
72.729: Total time for which application threads were stopped: 0.0042133 seconds, Stopping threads took: 0.0000197 seconds
73.159: [GC (Allocation Failure)  2239211K->160065K(2848768K), 0.0075216 secs]
73.167: Total time for which application threads were stopped: 0.0077131 seconds, Stopping threads took: 0.0000208 seconds
73.683: [GC (Allocation Failure)  2660673K->163043K(2995200K), 0.0040403 secs]
73.687: Total time for which application threads were stopped: 0.0042068 seconds, Stopping threads took: 0.0000201 seconds
74.230: [GC (Allocation Failure)  2804451K->163235K(2867712K), 0.0046998 secs]
74.235: Total time for which application threads were stopped: 0.0048651 seconds, Stopping threads took: 0.0000204 seconds
74.752: [GC (Allocation Failure)  2679203K->163107K(2747904K), 0.0051572 secs]
74.757: Total time for which application threads were stopped: 0.0053239 seconds, Stopping threads took: 0.0000208 seconds
75.250: [GC (Allocation Failure)  2559779K->163339K(2631168K), 0.0048779 secs]
75.255: Total time for which application threads were stopped: 0.0050379 seconds, Stopping threads took: 0.0000213 seconds
75.726: [GC (Allocation Failure)  2446347K->166379K(2526208K), 0.0047895 secs]
75.731: Total time for which application threads were stopped: 0.0049780 seconds, Stopping threads took: 0.0000208 seconds
76.172: [GC (Allocation Failure)  2341355K->166283K(2423296K), 0.0039967 secs]
76.176: Total time for which application threads were stopped: 0.0041594 seconds, Stopping threads took: 0.0000213 seconds
76.609: [GC (Allocation Failure)  2238859K->166699K(2326528K), 0.0048337 secs]
76.614: Total time for which application threads were stopped: 0.0049913 seconds, Stopping threads took: 0.0000203 seconds
77.023: [GC (Allocation Failure)  2141995K->166731K(2230784K), 0.0045175 secs]
77.028: Total time for which application threads were stopped: 0.0046931 seconds, Stopping threads took: 0.0000271 seconds
77.411: [GC (Allocation Failure)  2049355K->169707K(2610688K), 0.0051756 secs]
77.416: Total time for which application threads were stopped: 0.0053423 seconds, Stopping threads took: 0.0000197 seconds
77.874: [GC (Allocation Failure)  2429163K->169675K(3047424K), 0.0040454 secs]
77.878: Total time for which application threads were stopped: 0.0042222 seconds, Stopping threads took: 0.0000295 seconds
78.430: [GC (Allocation Failure)  2866379K->170123K(2919424K), 0.0046887 secs]
78.435: Total time for which application threads were stopped: 0.0048610 seconds, Stopping threads took: 0.0000274 seconds
78.963: [GC (Allocation Failure)  2738315K->170059K(2791424K), 0.0048901 secs]
78.968: Total time for which application threads were stopped: 0.0050582 seconds, Stopping threads took: 0.0000207 seconds
79.473: [GC (Allocation Failure)  2616395K->176077K(2681856K), 0.0043869 secs]
79.477: Total time for which application threads were stopped: 0.0045545 seconds, Stopping threads took: 0.0000193 seconds
79.960: [GC (Allocation Failure)  2506701K->169675K(2565632K), 0.0017261 secs]
79.962: Total time for which application threads were stopped: 0.0018594 seconds, Stopping threads took: 0.0000212 seconds
80.419: [GC (Allocation Failure)  2390219K->176141K(2467328K), 0.0040634 secs]
80.423: Total time for which application threads were stopped: 0.0042294 seconds, Stopping threads took: 0.0000285 seconds
80.861: [GC (Allocation Failure)  2292237K->171115K(2363392K), 0.0023113 secs]
80.863: Total time for which application threads were stopped: 0.0024839 seconds, Stopping threads took: 0.0000289 seconds
81.281: [GC (Allocation Failure)  2187883K->176109K(2273280K), 0.0042984 secs]
81.285: Total time for which application threads were stopped: 0.0044816 seconds, Stopping threads took: 0.0000206 seconds
81.677: [GC (Allocation Failure)  2098157K->176077K(2183680K), 0.0043343 secs]
81.682: Total time for which application threads were stopped: 0.0045021 seconds, Stopping threads took: 0.0000207 seconds
82.060: [GC (Allocation Failure)  2008525K->178317K(2100736K), 0.0047011 secs]
82.065: Total time for which application threads were stopped: 0.0048600 seconds, Stopping threads took: 0.0000208 seconds
82.428: [GC (Allocation Failure)  1925261K->176077K(2012160K), 0.0049280 secs]
82.433: Total time for which application threads were stopped: 0.0050980 seconds, Stopping threads took: 0.0000201 seconds
82.774: [GC (Allocation Failure)  1842125K->181071K(2350592K), 0.0041566 secs]
82.778: Total time for which application threads were stopped: 0.0043229 seconds, Stopping threads took: 0.0000207 seconds
83.190: [GC (Allocation Failure)  2180431K->181039K(2750464K), 0.0041443 secs]
83.194: Total time for which application threads were stopped: 0.0042991 seconds, Stopping threads took: 0.0000201 seconds
83.676: [GC (Allocation Failure)  2580271K->181071K(2636800K), 0.0043696 secs]
83.680: Total time for which application threads were stopped: 0.0045269 seconds, Stopping threads took: 0.0000206 seconds
84.143: [GC (Allocation Failure)  2466639K->181295K(2527232K), 0.0046122 secs]
84.148: Total time for which application threads were stopped: 0.0047758 seconds, Stopping threads took: 0.0000201 seconds
84.599: [GC (Allocation Failure)  2358831K->182767K(2426368K), 0.0042239 secs]
84.604: Total time for which application threads were stopped: 0.0043816 seconds, Stopping threads took: 0.0000200 seconds
85.025: [GC (Allocation Failure)  2257903K->182863K(2328064K), 0.0040290 secs]
85.029: Total time for which application threads were stopped: 0.0042012 seconds, Stopping threads took: 0.0000213 seconds
85.439: [GC (Allocation Failure)  2160719K->185423K(2237952K), 0.0046681 secs]
85.444: Total time for which application threads were stopped: 0.0048362 seconds, Stopping threads took: 0.0000290 seconds
85.834: [GC (Allocation Failure)  2070607K->184751K(2609664K), 0.0050699 secs]
85.839: Total time for which application threads were stopped: 0.0052474 seconds, Stopping threads took: 0.0000202 seconds
86.309: [GC (Allocation Failure)  2447279K->188791K(2981888K), 0.0049680 secs]
86.314: Total time for which application threads were stopped: 0.0051293 seconds, Stopping threads took: 0.0000208 seconds
86.854: [GC (Allocation Failure)  2816887K->189783K(2855424K), 0.0047250 secs]
86.858: Total time for which application threads were stopped: 0.0048946 seconds, Stopping threads took: 0.0000277 seconds
87.375: [GC (Allocation Failure)  2692951K->188791K(2735616K), 0.0050919 secs]
87.380: Total time for which application threads were stopped: 0.0052576 seconds, Stopping threads took: 0.0000202 seconds
87.858: [GC (Allocation Failure)  2573175K->188751K(2619392K), 0.0050949 secs]
87.863: Total time for which application threads were stopped: 0.0052636 seconds, Stopping threads took: 0.0000205 seconds
88.330: [GC (Allocation Failure)  2460495K->193167K(2516992K), 0.0049413 secs]
88.335: Total time for which application threads were stopped: 0.0051203 seconds, Stopping threads took: 0.0000199 seconds
88.777: [GC (Allocation Failure)  2357903K->192199K(2413056K), 0.0041879 secs]
88.781: Total time for which application threads were stopped: 0.0043596 seconds, Stopping threads took: 0.0000214 seconds
89.213: [GC (Allocation Failure)  2255047K->193159K(2317312K), 0.0049127 secs]
89.218: Total time for which application threads were stopped: 0.0050687 seconds, Stopping threads took: 0.0000191 seconds
89.628: [GC (Allocation Failure)  2159239K->193279K(2222592K), 0.0044367 secs]
89.632: Total time for which application threads were stopped: 0.0046047 seconds, Stopping threads took: 0.0000201 seconds
90.019: [GC (Allocation Failure)  2067199K->195743K(2599936K), 0.0048815 secs]
90.024: Total time for which application threads were stopped: 0.0050390 seconds, Stopping threads took: 0.0000199 seconds
90.491: [GC (Allocation Failure)  2444447K->195711K(2492928K), 0.0040545 secs]
90.495: Total time for which application threads were stopped: 0.0042226 seconds, Stopping threads took: 0.0000289 seconds
90.928: [GC (Allocation Failure)  2338431K->196735K(2393088K), 0.0047741 secs]
90.933: Total time for which application threads were stopped: 0.0049290 seconds, Stopping threads took: 0.0000177 seconds
91.342: [GC (Allocation Failure)  2238591K->197391K(2798080K), 0.0046123 secs]
91.347: Total time for which application threads were stopped: 0.0047757 seconds, Stopping threads took: 0.0000204 seconds
91.851: [GC (Allocation Failure)  2647823K->196717K(2681344K), 0.0030569 secs]
91.854: Total time for which application threads were stopped: 0.0032175 seconds, Stopping threads took: 0.0000263 seconds
92.335: [GC (Allocation Failure)  2530925K->203175K(2575360K), 0.0046849 secs]
92.340: Total time for which application threads were stopped: 0.0048461 seconds, Stopping threads took: 0.0000202 seconds
92.798: [GC (Allocation Failure)  2426791K->202951K(2469888K), 0.0051084 secs]
92.803: Total time for which application threads were stopped: 0.0052667 seconds, Stopping threads took: 0.0000203 seconds
93.236: [GC (Allocation Failure)  2321607K->203079K(2365952K), 0.0052394 secs]
93.242: Total time for which application threads were stopped: 0.0054207 seconds, Stopping threads took: 0.0000205 seconds
93.660: [GC (Allocation Failure)  2221895K->209207K(2776064K), 0.0050585 secs]
93.665: Total time for which application threads were stopped: 0.0052369 seconds, Stopping threads took: 0.0000194 seconds
94.162: [GC (Allocation Failure)  2631991K->209151K(3018240K), 0.0050408 secs]
94.167: Total time for which application threads were stopped: 0.0052127 seconds, Stopping threads took: 0.0000212 seconds
94.725: [GC (Allocation Failure)  2877695K->210687K(2892800K), 0.0045878 secs]
94.730: Total time for which application threads were stopped: 0.0047485 seconds, Stopping threads took: 0.0000202 seconds
95.258: [GC (Allocation Failure)  2752255K->211703K(2767360K), 0.0048807 secs]
95.263: Total time for which application threads were stopped: 0.0050426 seconds, Stopping threads took: 0.0000210 seconds
95.764: [GC (Allocation Failure)  2632439K->217370K(2658816K), 0.0040325 secs]
95.769: Total time for which application threads were stopped: 0.0042016 seconds, Stopping threads took: 0.0000205 seconds
96.248: [GC (Allocation Failure)  2523418K->216378K(2548736K), 0.0044743 secs]
96.253: Total time for which application threads were stopped: 0.0046309 seconds, Stopping threads took: 0.0000211 seconds
96.705: [GC (Allocation Failure)  2413370K->216186K(2444800K), 0.0046854 secs]
96.709: Total time for which application threads were stopped: 0.0048677 seconds, Stopping threads took: 0.0000202 seconds
97.133: [GC (Allocation Failure)  2309754K->216210K(2343424K), 0.0045501 secs]
97.138: Total time for which application threads were stopped: 0.0047234 seconds, Stopping threads took: 0.0000203 seconds
97.540: [GC (Allocation Failure)  2211474K->219410K(2253312K), 0.0044075 secs]
97.545: Total time for which application threads were stopped: 0.0045746 seconds, Stopping threads took: 0.0000207 seconds
97.937: [GC (Allocation Failure)  2120978K->219290K(2164224K), 0.0040830 secs]
97.942: Total time for which application threads were stopped: 0.0042398 seconds, Stopping threads took: 0.0000184 seconds
98.315: [GC (Allocation Failure)  2032282K->219226K(2527232K), 0.0046640 secs]
98.319: Total time for which application threads were stopped: 0.0048215 seconds, Stopping threads took: 0.0000207 seconds
98.767: [GC (Allocation Failure)  2395226K->222658K(2958848K), 0.0060351 secs]
98.773: Total time for which application threads were stopped: 0.0062189 seconds, Stopping threads took: 0.0000210 seconds
99.313: [GC (Allocation Failure)  2833858K->226178K(2838528K), 0.0043249 secs]
99.317: Total time for which application threads were stopped: 0.0044883 seconds, Stopping threads took: 0.0000196 seconds
99.821: [GC (Allocation Failure)  2713474K->226178K(2720768K), 0.0040987 secs]
99.825: Total time for which application threads were stopped: 0.0042684 seconds, Stopping threads took: 0.0000208 seconds
100.317: [GC (Allocation Failure)  2595714K->226178K(2608640K), 0.0041720 secs]
100.321: Total time for which application threads were stopped: 0.0043280 seconds, Stopping threads took: 0.0000204 seconds
100.792: [GC (Allocation Failure)  2483586K->226098K(2499584K), 0.0045406 secs]
100.797: Total time for which application threads were stopped: 0.0047077 seconds, Stopping threads took: 0.0000199 seconds
101.244: [GC (Allocation Failure)  2377010K->228594K(2400768K), 0.0043001 secs]
101.249: Total time for which application threads were stopped: 0.0044665 seconds, Stopping threads took: 0.0000203 seconds
101.676: [GC (Allocation Failure)  2278130K->229866K(2304512K), 0.0043184 secs]
101.680: Total time for which application threads were stopped: 0.0044810 seconds, Stopping threads took: 0.0000217 seconds
102.081: [GC (Allocation Failure)  2183146K->233010K(2215936K), 0.0049871 secs]
102.087: Total time for which application threads were stopped: 0.0051354 seconds, Stopping threads took: 0.0000175 seconds
102.470: [GC (Allocation Failure)  2095154K->231050K(2580992K), 0.0049786 secs]
102.475: Total time for which application threads were stopped: 0.0051520 seconds, Stopping threads took: 0.0000202 seconds
102.932: [GC (Allocation Failure)  2465930K->236076K(2480640K), 0.0041629 secs]
102.937: Total time for which application threads were stopped: 0.0043173 seconds, Stopping threads took: 0.0000167 seconds
103.371: [GC (Allocation Failure)  2365484K->236172K(2380800K), 0.0040633 secs]
103.375: Total time for which application threads were stopped: 0.0042256 seconds, Stopping threads took: 0.0000264 seconds
103.790: [GC (Allocation Failure)  2265228K->236076K(2285056K), 0.0044766 secs]
103.795: Total time for which application threads were stopped: 0.0046311 seconds, Stopping threads took: 0.0000201 seconds
104.194: [GC (Allocation Failure)  2169900K->236012K(2192384K), 0.0043661 secs]
104.199: Total time for which application threads were stopped: 0.0045480 seconds, Stopping threads took: 0.0000207 seconds
104.579: [GC (Allocation Failure)  2079212K->239340K(2564608K), 0.0044486 secs]
104.583: Total time for which application threads were stopped: 0.0046094 seconds, Stopping threads took: 0.0000204 seconds
105.036: [GC (Allocation Failure)  2451180K->237948K(2456576K), 0.0045077 secs]
105.041: Total time for which application threads were stopped: 0.0046764 seconds, Stopping threads took: 0.0000206 seconds
105.469: [GC (Allocation Failure)  2345340K->241692K(2882560K), 0.0048896 secs]
105.474: Total time for which application threads were stopped: 0.0050730 seconds, Stopping threads took: 0.0000278 seconds
105.986: [GC (Allocation Failure)  2770972K->239860K(2936320K), 0.0055500 secs]
105.992: Total time for which application threads were stopped: 0.0057165 seconds, Stopping threads took: 0.0000201 seconds
106.519: [GC (Allocation Failure)  2827508K->242324K(2816000K), 0.0043167 secs]
106.524: Total time for which application threads were stopped: 0.0044905 seconds, Stopping threads took: 0.0000201 seconds
107.023: [GC (Allocation Failure)  2707092K->242348K(2694656K), 0.0045891 secs]
107.028: Total time for which application threads were stopped: 0.0047512 seconds, Stopping threads took: 0.0000212 seconds
107.501: [GC (Allocation Failure)  2590380K->246894K(2588160K), 0.0044763 secs]
107.506: Total time for which application threads were stopped: 0.0046346 seconds, Stopping threads took: 0.0000201 seconds
107.962: [GC (Allocation Failure)  2483822K->246830K(2482688K), 0.0042440 secs]
107.967: Total time for which application threads were stopped: 0.0044360 seconds, Stopping threads took: 0.0000204 seconds
108.406: [GC (Allocation Failure)  2378286K->246862K(2382336K), 0.0045679 secs]
108.411: Total time for which application threads were stopped: 0.0047281 seconds, Stopping threads took: 0.0000208 seconds
108.827: [GC (Allocation Failure)  2277966K->247430K(2284544K), 0.0048275 secs]
108.832: Total time for which application threads were stopped: 0.0049854 seconds, Stopping threads took: 0.0000202 seconds
109.237: [GC (Allocation Failure)  2183302K->250374K(2196992K), 0.0043642 secs]
109.242: Total time for which application threads were stopped: 0.0045728 seconds, Stopping threads took: 0.0000361 seconds
109.620: [GC (Allocation Failure)  2095622K->249966K(2564096K), 0.0044564 secs]
109.624: Total time for which application threads were stopped: 0.0046190 seconds, Stopping threads took: 0.0000206 seconds
110.077: [GC (Allocation Failure)  2464366K->251406K(2461184K), 0.0044486 secs]
110.081: Total time for which application threads were stopped: 0.0046062 seconds, Stopping threads took: 0.0000199 seconds
110.511: [GC (Allocation Failure)  2361358K->251374K(2359808K), 0.0044262 secs]
110.516: Total time for which application threads were stopped: 0.0045854 seconds, Stopping threads took: 0.0000205 seconds
110.932: [GC (Allocation Failure)  2261998K->253486K(2764800K), 0.0047899 secs]
110.937: Total time for which application threads were stopped: 0.0049593 seconds, Stopping threads took: 0.0000198 seconds
111.420: [GC (Allocation Failure)  2666542K->253990K(2903040K), 0.0052477 secs]
111.426: Total time for which application threads were stopped: 0.0054179 seconds, Stopping threads took: 0.0000206 seconds
111.956: [GC (Allocation Failure)  2808870K->256998K(2784768K), 0.0043339 secs]
111.961: Total time for which application threads were stopped: 0.0044975 seconds, Stopping threads took: 0.0000204 seconds
112.465: [GC (Allocation Failure)  2690534K->256934K(2663424K), 0.0050392 secs]
112.470: Total time for which application threads were stopped: 0.0052169 seconds, Stopping threads took: 0.0000281 seconds
112.951: [GC (Allocation Failure)  2575270K->266161K(2561536K), 0.0054438 secs]
112.956: Total time for which application threads were stopped: 0.0056306 seconds, Stopping threads took: 0.0000196 seconds
113.402: [GC (Allocation Failure)  2474929K->264561K(2456064K), 0.0039967 secs]
113.406: Total time for which application threads were stopped: 0.0042016 seconds, Stopping threads took: 0.0000205 seconds
113.831: [GC (Allocation Failure)  2369393K->266673K(2359296K), 0.0049283 secs]
113.836: Total time for which application threads were stopped: 0.0050977 seconds, Stopping threads took: 0.0000206 seconds
114.244: [GC (Allocation Failure)  2272689K->264489K(2754048K), 0.0047732 secs]
114.248: Total time for which application threads were stopped: 0.0049392 seconds, Stopping threads took: 0.0000204 seconds
114.745: [GC (Allocation Failure)  2671913K->268971K(2644480K), 0.0041664 secs]
114.750: Total time for which application threads were stopped: 0.0043241 seconds, Stopping threads took: 0.0000204 seconds
115.225: [GC (Allocation Failure)  2562219K->269963K(2536960K), 0.0041768 secs]
115.229: Total time for which application threads were stopped: 0.0043674 seconds, Stopping threads took: 0.0000208 seconds
115.680: [GC (Allocation Failure)  2454667K->269003K(2433024K), 0.0044944 secs]
115.684: Total time for which application threads were stopped: 0.0046551 seconds, Stopping threads took: 0.0000205 seconds
116.115: [GC (Allocation Failure)  2350795K->269067K(2331648K), 0.0048422 secs]
116.120: Total time for which application threads were stopped: 0.0050132 seconds, Stopping threads took: 0.0000207 seconds
116.523: [GC (Allocation Failure)  2253067K->273067K(2243072K), 0.0044782 secs]
116.527: Total time for which application threads were stopped: 0.0046353 seconds, Stopping threads took: 0.0000197 seconds
116.909: [GC (Allocation Failure)  2164395K->272555K(2620928K), 0.0049555 secs]
116.914: Total time for which application threads were stopped: 0.0051202 seconds, Stopping threads took: 0.0000269 seconds
117.381: [GC (Allocation Failure)  2542251K->272587K(2513920K), 0.0042910 secs]
117.385: Total time for which application threads were stopped: 0.0044691 seconds, Stopping threads took: 0.0000201 seconds
117.818: [GC (Allocation Failure)  2435275K->275387K(2862592K), 0.0060137 secs]
117.824: Total time for which application threads were stopped: 0.0061758 seconds, Stopping threads took: 0.0000202 seconds
118.341: [GC (Allocation Failure)  2790331K->278875K(2869248K), 0.0042986 secs]
118.345: Total time for which application threads were stopped: 0.0045036 seconds, Stopping threads took: 0.0000208 seconds
118.858: [GC (Allocation Failure)  2793819K->278875K(2746880K), 0.0048873 secs]
118.863: Total time for which application threads were stopped: 0.0050781 seconds, Stopping threads took: 0.0000208 seconds
119.361: [GC (Allocation Failure)  2674523K->278875K(2633728K), 0.0053359 secs]
119.366: Total time for which application threads were stopped: 0.0054930 seconds, Stopping threads took: 0.0000214 seconds
119.839: [GC (Allocation Failure)  2561371K->278835K(3062784K), 0.0051828 secs]
119.844: Total time for which application threads were stopped: 0.0053404 seconds, Stopping threads took: 0.0000204 seconds
120.438: [GC (Allocation Failure)  2992947K->281683K(2936320K), 0.0045862 secs]
120.443: Total time for which application threads were stopped: 0.0047430 seconds, Stopping threads took: 0.0000189 seconds
120.974: [GC (Allocation Failure)  2866259K->281259K(2807296K), 0.0050235 secs]
120.979: Total time for which application threads were stopped: 0.0051881 seconds, Stopping threads took: 0.0000206 seconds
121.489: [GC (Allocation Failure)  2742955K->286765K(2696192K), 0.0044954 secs]
121.494: Total time for which application threads were stopped: 0.0046489 seconds, Stopping threads took: 0.0000189 seconds
121.978: [GC (Allocation Failure)  2631725K->286765K(2585088K), 0.0041177 secs]
121.982: Total time for which application threads were stopped: 0.0042851 seconds, Stopping threads took: 0.0000207 seconds
122.438: [GC (Allocation Failure)  2520621K->286797K(2479616K), 0.0044445 secs]
122.442: Total time for which application threads were stopped: 0.0046041 seconds, Stopping threads took: 0.0000211 seconds
122.880: [GC (Allocation Failure)  2415181K->286733K(2376192K), 0.0047266 secs]
122.885: Total time for which application threads were stopped: 0.0048908 seconds, Stopping threads took: 0.0000198 seconds
123.302: [GC (Allocation Failure)  2315277K->290253K(2284544K), 0.0042732 secs]
123.306: Total time for which application threads were stopped: 0.0044433 seconds, Stopping threads took: 0.0000177 seconds
123.702: [GC (Allocation Failure)  2223565K->290189K(2193408K), 0.0041755 secs]
123.706: Total time for which application threads were stopped: 0.0043355 seconds, Stopping threads took: 0.0000211 seconds
124.079: [GC (Allocation Failure)  2133389K->291149K(2108416K), 0.0042735 secs]
124.084: Total time for which application threads were stopped: 0.0044231 seconds, Stopping threads took: 0.0000180 seconds
124.446: [GC (Allocation Failure)  2048333K->291501K(2456576K), 0.0048591 secs]
124.451: Total time for which application threads were stopped: 0.0050370 seconds, Stopping threads took: 0.0000294 seconds
124.884: [GC (Allocation Failure)  2400429K->295021K(2882048K), 0.0047758 secs]
124.889: Total time for which application threads were stopped: 0.0049410 seconds, Stopping threads took: 0.0000201 seconds
125.409: [GC (Allocation Failure)  2825837K->294957K(2760704K), 0.0041306 secs]
125.413: Total time for which application threads were stopped: 0.0042991 seconds, Stopping threads took: 0.0000286 seconds
125.911: [GC (Allocation Failure)  2705453K->295853K(2647552K), 0.0048062 secs]
125.916: Total time for which application threads were stopped: 0.0049753 seconds, Stopping threads took: 0.0000259 seconds
126.386: [GC (Allocation Failure)  2592173K->295837K(2534400K), 0.0051123 secs]
126.391: Total time for which application threads were stopped: 0.0052752 seconds, Stopping threads took: 0.0000198 seconds
126.841: [GC (Allocation Failure)  2483613K->301183K(2437120K), 0.0044623 secs]
126.846: Total time for which application threads were stopped: 0.0046242 seconds, Stopping threads took: 0.0000195 seconds
127.272: [GC (Allocation Failure)  2386047K->300271K(2336256K), 0.0047301 secs]
127.277: Total time for which application threads were stopped: 0.0049151 seconds, Stopping threads took: 0.0000203 seconds
127.686: [GC (Allocation Failure)  2287343K->302255K(2245120K), 0.0044596 secs]
127.691: Total time for which application threads were stopped: 0.0046141 seconds, Stopping threads took: 0.0000199 seconds
128.086: [GC (Allocation Failure)  2196143K->302183K(2620416K), 0.0046570 secs]
128.090: Total time for which application threads were stopped: 0.0048312 seconds, Stopping threads took: 0.0000201 seconds
128.561: [GC (Allocation Failure)  2574951K->307167K(3017216K), 0.0044746 secs]
128.565: Total time for which application threads were stopped: 0.0046444 seconds, Stopping threads took: 0.0000202 seconds
129.114: [GC (Allocation Failure)  2972127K->306047K(2889216K), 0.0051369 secs]
129.120: Total time for which application threads were stopped: 0.0052949 seconds, Stopping threads took: 0.0000202 seconds
129.637: [GC (Allocation Failure)  2844031K->306143K(2768896K), 0.0055470 secs]
129.642: Total time for which application threads were stopped: 0.0057189 seconds, Stopping threads took: 0.0000210 seconds
130.127: [GC (Allocation Failure)  2723807K->306119K(2649600K), 0.0051296 secs]
130.132: Total time for which application threads were stopped: 0.0052872 seconds, Stopping threads took: 0.0000176 seconds
130.612: [GC (Allocation Failure)  2609095K->310602K(2545664K), 0.0051403 secs]
130.618: Total time for which application threads were stopped: 0.0053128 seconds, Stopping threads took: 0.0000265 seconds
131.070: [GC (Allocation Failure)  2505034K->310602K(2442240K), 0.0040897 secs]
131.074: Total time for which application threads were stopped: 0.0042755 seconds, Stopping threads took: 0.0000213 seconds
131.504: [GC (Allocation Failure)  2401610K->310602K(2343936K), 0.0048637 secs]
131.509: Total time for which application threads were stopped: 0.0050356 seconds, Stopping threads took: 0.0000201 seconds
131.923: [GC (Allocation Failure)  2303306K->310626K(2737152K), 0.0059041 secs]
131.929: Total time for which application threads were stopped: 0.0060457 seconds, Stopping threads took: 0.0000190 seconds
132.423: [GC (Allocation Failure)  2702178K->316132K(3054592K), 0.0051221 secs]
132.428: Total time for which application threads were stopped: 0.0052890 seconds, Stopping threads took: 0.0000281 seconds
132.991: [GC (Allocation Failure)  3018468K->316164K(3074560K), 0.0050578 secs]
132.996: Total time for which application threads were stopped: 0.0052232 seconds, Stopping threads took: 0.0000199 seconds
133.554: [GC (Allocation Failure)  3038468K->316132K(2944000K), 0.0053674 secs]
133.559: Total time for which application threads were stopped: 0.0055236 seconds, Stopping threads took: 0.0000190 seconds
134.088: [GC (Allocation Failure)  2908900K->316108K(2813952K), 0.0051203 secs]
134.093: Total time for which application threads were stopped: 0.0052882 seconds, Stopping threads took: 0.0000198 seconds
134.600: [GC (Allocation Failure)  2785484K->322638K(2703360K), 0.0045218 secs]
134.605: Total time for which application threads were stopped: 0.0046873 seconds, Stopping threads took: 0.0000206 seconds
135.089: [GC (Allocation Failure)  2674766K->322638K(2592256K), 0.0040894 secs]
135.093: Total time for which application threads were stopped: 0.0042433 seconds, Stopping threads took: 0.0000197 seconds
135.549: [GC (Allocation Failure)  2563662K->323182K(2487296K), 0.0049424 secs]
135.554: Total time for which application threads were stopped: 0.0050985 seconds, Stopping threads took: 0.0000200 seconds
135.990: [GC (Allocation Failure)  2458734K->322606K(2380288K), 0.0051676 secs]
135.995: Total time for which application threads were stopped: 0.0053218 seconds, Stopping threads took: 0.0000204 seconds
136.416: [GC (Allocation Failure)  2357806K->328624K(2291200K), 0.0044119 secs]
136.421: Total time for which application threads were stopped: 0.0045947 seconds, Stopping threads took: 0.0000254 seconds
136.824: [GC (Allocation Failure)  2268592K->328656K(2200576K), 0.0041885 secs]
136.828: Total time for which application threads were stopped: 0.0043684 seconds, Stopping threads took: 0.0000180 seconds
137.207: [GC (Allocation Failure)  2178000K->328592K(2570752K), 0.0044874 secs]
137.211: Total time for which application threads were stopped: 0.0046537 seconds, Stopping threads took: 0.0000210 seconds
137.667: [GC (Allocation Failure)  2548112K->332232K(3008000K), 0.0061019 secs]
137.673: Total time for which application threads were stopped: 0.0062821 seconds, Stopping threads took: 0.0000208 seconds
138.222: [GC (Allocation Failure)  2995656K->338795K(2887680K), 0.0044377 secs]
138.227: Total time for which application threads were stopped: 0.0046073 seconds, Stopping threads took: 0.0000200 seconds
138.749: [GC (Allocation Failure)  2875243K->338923K(2767872K), 0.0049784 secs]
138.754: Total time for which application threads were stopped: 0.0051383 seconds, Stopping threads took: 0.0000213 seconds
139.251: [GC (Allocation Failure)  2755051K->338923K(2653696K), 0.0048001 secs]
139.256: Total time for which application threads were stopped: 0.0049602 seconds, Stopping threads took: 0.0000202 seconds
139.725: [GC (Allocation Failure)  2640875K->338763K(2540032K), 0.0050161 secs]
139.731: [Full GC (Ergonomics)  338763K->8580K(2345984K), 0.0198273 secs]
139.750: Total time for which application threads were stopped: 0.0251017 seconds, Stopping threads took: 0.0000201 seconds
140.208: [GC (Allocation Failure)  2201988K->16647K(2247168K), 0.0040254 secs]
140.212: Total time for which application threads were stopped: 0.0041816 seconds, Stopping threads took: 0.0000207 seconds
140.644: [GC (Allocation Failure)  2106631K->16663K(2148864K), 0.0037178 secs]
140.647: Total time for which application threads were stopped: 0.0038872 seconds, Stopping threads took: 0.0000202 seconds
141.055: [GC (Allocation Failure)  2008343K->16727K(2055680K), 0.0042993 secs]
141.060: Total time for which application threads were stopped: 0.0044640 seconds, Stopping threads took: 0.0000200 seconds
141.446: [GC (Allocation Failure)  1915223K->16623K(1962496K), 0.0038636 secs]
141.450: Total time for which application threads were stopped: 0.0040887 seconds, Stopping threads took: 0.0000294 seconds
141.815: [GC (Allocation Failure)  1826543K->21137K(1883136K), 0.0039231 secs]
141.819: Total time for which application threads were stopped: 0.0040975 seconds, Stopping threads took: 0.0000194 seconds
142.179: [GC (Allocation Failure)  1747089K->21169K(1803264K), 0.0035750 secs]
142.183: Total time for which application threads were stopped: 0.0037454 seconds, Stopping threads took: 0.0000201 seconds
142.527: [GC (Allocation Failure)  1667249K->21105K(1726976K), 0.0042190 secs]
142.531: Total time for which application threads were stopped: 0.0043953 seconds, Stopping threads took: 0.0000281 seconds
142.855: [GC (Allocation Failure)  1590897K->21097K(2033152K), 0.0037341 secs]
142.859: Total time for which application threads were stopped: 0.0039020 seconds, Stopping threads took: 0.0000204 seconds
143.249: [GC (Allocation Failure)  1902697K->26635K(2412032K), 0.0040214 secs]
143.253: Total time for which application threads were stopped: 0.0041890 seconds, Stopping threads took: 0.0000199 seconds
143.718: [GC (Allocation Failure)  2281483K->26603K(2305536K), 0.0038396 secs]
143.722: Total time for which application threads were stopped: 0.0040327 seconds, Stopping threads took: 0.0000211 seconds
144.163: [GC (Allocation Failure)  2174955K->26635K(2204672K), 0.0040752 secs]
144.167: Total time for which application threads were stopped: 0.0042387 seconds, Stopping threads took: 0.0000203 seconds
144.583: [GC (Allocation Failure)  2074123K->27555K(2102784K), 0.0042085 secs]
144.588: Total time for which application threads were stopped: 0.0043800 seconds, Stopping threads took: 0.0000207 seconds
144.993: [GC (Allocation Failure)  1978787K->33957K(2018304K), 0.0039037 secs]
144.997: Total time for which application threads were stopped: 0.0040708 seconds, Stopping threads took: 0.0000187 seconds
145.382: [GC (Allocation Failure)  1894053K->33037K(1929728K), 0.0038319 secs]
145.386: Total time for which application threads were stopped: 0.0040084 seconds, Stopping threads took: 0.0000203 seconds
145.754: [GC (Allocation Failure)  1806605K->33965K(1848320K), 0.0040938 secs]
145.758: Total time for which application threads were stopped: 0.0042707 seconds, Stopping threads took: 0.0000198 seconds
146.108: [GC (Allocation Failure)  1725101K->35437K(2180096K), 0.0043116 secs]
146.113: Total time for which application threads were stopped: 0.0044813 seconds, Stopping threads took: 0.0000205 seconds
146.523: [GC (Allocation Failure)  2061933K->38965K(2088448K), 0.0038978 secs]
146.527: Total time for which application threads were stopped: 0.0040844 seconds, Stopping threads took: 0.0000256 seconds
146.925: [GC (Allocation Failure)  1970229K->38925K(2470912K), 0.0049465 secs]
146.930: Total time for which application threads were stopped: 0.0051038 seconds, Stopping threads took: 0.0000206 seconds
147.393: [GC (Allocation Failure)  2353677K->43661K(2797056K), 0.0051516 secs]
147.398: Total time for which application threads were stopped: 0.0053112 seconds, Stopping threads took: 0.0000198 seconds
147.941: [GC (Allocation Failure)  2681997K->42029K(2670080K), 0.0046807 secs]
147.946: Total time for which application threads were stopped: 0.0048297 seconds, Stopping threads took: 0.0000182 seconds
148.448: [GC (Allocation Failure)  2554925K->42157K(2551296K), 0.0050290 secs]
148.453: Total time for which application threads were stopped: 0.0052019 seconds, Stopping threads took: 0.0000208 seconds
148.946: [GC (Allocation Failure)  2435757K->42117K(2434560K), 0.0047316 secs]
148.951: Total time for which application threads were stopped: 0.0049005 seconds, Stopping threads took: 0.0000206 seconds
149.420: [GC (Allocation Failure)  2322565K->45093K(2330112K), 0.0047996 secs]
149.425: Total time for which application threads were stopped: 0.0049660 seconds, Stopping threads took: 0.0000198 seconds
149.866: [GC (Allocation Failure)  2218021K->45845K(2228224K), 0.0039238 secs]
149.870: Total time for which application threads were stopped: 0.0041180 seconds, Stopping threads took: 0.0000208 seconds
150.295: [GC (Allocation Failure)  2116373K->45269K(2130432K), 0.0047358 secs]
150.300: Total time for which application threads were stopped: 0.0048944 seconds, Stopping threads took: 0.0000199 seconds
150.706: [GC (Allocation Failure)  2018517K->45197K(2034176K), 0.0040013 secs]
150.710: Total time for which application threads were stopped: 0.0041953 seconds, Stopping threads took: 0.0000212 seconds
151.097: [GC (Allocation Failure)  1926285K->49197K(2411520K), 0.0046831 secs]
151.102: Total time for which application threads were stopped: 0.0048552 seconds, Stopping threads took: 0.0000191 seconds
151.565: [GC (Allocation Failure)  2303533K->49677K(2305536K), 0.0038221 secs]
151.568: Total time for which application threads were stopped: 0.0039849 seconds, Stopping threads took: 0.0000204 seconds
152.003: [GC (Allocation Failure)  2197517K->49229K(2204160K), 0.0047485 secs]
152.008: Total time for which application threads were stopped: 0.0049090 seconds, Stopping threads took: 0.0000197 seconds
152.431: [GC (Allocation Failure)  2096205K->49189K(2103808K), 0.0040694 secs]
152.435: Total time for which application threads were stopped: 0.0042376 seconds, Stopping threads took: 0.0000270 seconds
152.839: [GC (Allocation Failure)  1999909K->53221K(2016768K), 0.0048326 secs]
152.844: Total time for which application threads were stopped: 0.0050029 seconds, Stopping threads took: 0.0000210 seconds
153.228: [GC (Allocation Failure)  1912805K->53165K(1929728K), 0.0038134 secs]
153.232: Total time for which application threads were stopped: 0.0039922 seconds, Stopping threads took: 0.0000204 seconds
153.595: [GC (Allocation Failure)  1826221K->53581K(2281984K), 0.0048557 secs]
153.600: Total time for which application threads were stopped: 0.0050276 seconds, Stopping threads took: 0.0000202 seconds
154.038: [GC (Allocation Failure)  2178381K->53549K(2699264K), 0.0041699 secs]
154.042: Total time for which application threads were stopped: 0.0043219 seconds, Stopping threads took: 0.0000186 seconds
154.563: [GC (Allocation Failure)  2599725K->58573K(2583552K), 0.0046447 secs]
154.568: Total time for which application threads were stopped: 0.0048210 seconds, Stopping threads took: 0.0000286 seconds
155.066: [GC (Allocation Failure)  2483917K->57997K(2466304K), 0.0039493 secs]
155.070: Total time for which application threads were stopped: 0.0041501 seconds, Stopping threads took: 0.0000527 seconds
155.548: [GC (Allocation Failure)  2368653K->59469K(2358784K), 0.0044925 secs]
155.553: Total time for which application threads were stopped: 0.0046584 seconds, Stopping threads took: 0.0000193 seconds
156.004: [GC (Allocation Failure)  2261069K->59405K(2251776K), 0.0040115 secs]
156.008: Total time for which application threads were stopped: 0.0041779 seconds, Stopping threads took: 0.0000213 seconds
156.435: [GC (Allocation Failure)  2157069K->62445K(2156544K), 0.0046964 secs]
156.440: Total time for which application threads were stopped: 0.0048633 seconds, Stopping threads took: 0.0000261 seconds
156.851: [GC (Allocation Failure)  2061805K->62765K(2061312K), 0.0041039 secs]
156.856: Total time for which application threads were stopped: 0.0042819 seconds, Stopping threads took: 0.0000209 seconds
157.254: [GC (Allocation Failure)  1968429K->64269K(1973760K), 0.0044162 secs]
157.258: Total time for which application threads were stopped: 0.0045899 seconds, Stopping threads took: 0.0000193 seconds
157.635: [GC (Allocation Failure)  1880845K->64181K(1886208K), 0.0039375 secs]
157.639: Total time for which application threads were stopped: 0.0041139 seconds, Stopping threads took: 0.0000208 seconds
157.991: [GC (Allocation Failure)  1796277K->67125K(2232832K), 0.0041641 secs]
157.995: Total time for which application threads were stopped: 0.0043273 seconds, Stopping threads took: 0.0000167 seconds
158.422: [GC (Allocation Failure)  2142773K->67117K(2132992K), 0.0039684 secs]
158.427: Total time for which application threads were stopped: 0.0041358 seconds, Stopping threads took: 0.0000202 seconds
158.831: [GC (Allocation Failure)  2045485K->69581K(2042880K), 0.0041343 secs]
158.835: Total time for which application threads were stopped: 0.0043020 seconds, Stopping threads took: 0.0000210 seconds
159.226: [GC (Allocation Failure)  1955277K->69549K(1951744K), 0.0041818 secs]
159.230: Total time for which application threads were stopped: 0.0043467 seconds, Stopping threads took: 0.0000272 seconds
159.602: [GC (Allocation Failure)  1867181K->72493K(1871360K), 0.0041867 secs]
159.606: Total time for which application threads were stopped: 0.0043444 seconds, Stopping threads took: 0.0000203 seconds
159.965: [GC (Allocation Failure)  1786669K->72741K(2208768K), 0.0041740 secs]
159.969: Total time for which application threads were stopped: 0.0043487 seconds, Stopping threads took: 0.0000205 seconds
160.394: [GC (Allocation Failure)  2126885K->79181K(2619904K), 0.0053255 secs]
160.400: Total time for which application threads were stopped: 0.0054856 seconds, Stopping threads took: 0.0000202 seconds
160.908: [GC (Allocation Failure)  2540877K->78029K(2793984K), 0.0044049 secs]
160.912: Total time for which application threads were stopped: 0.0046161 seconds, Stopping threads took: 0.0000258 seconds
161.456: [GC (Allocation Failure)  2718925K->82061K(2672640K), 0.0040228 secs]
161.460: Total time for which application threads were stopped: 0.0041934 seconds, Stopping threads took: 0.0000269 seconds
161.977: [GC (Allocation Failure)  2597517K->81997K(2547712K), 0.0038850 secs]
161.981: Total time for which application threads were stopped: 0.0040764 seconds, Stopping threads took: 0.0000207 seconds
162.477: [GC (Allocation Failure)  2478157K->87536K(2439680K), 0.0040319 secs]
162.481: Total time for which application threads were stopped: 0.0042170 seconds, Stopping threads took: 0.0000194 seconds
162.953: [GC (Allocation Failure)  2370032K->87536K(2332160K), 0.0036584 secs]
162.957: Total time for which application threads were stopped: 0.0038510 seconds, Stopping threads took: 0.0000274 seconds
163.402: [GC (Allocation Failure)  2262512K->87920K(2230272K), 0.0041747 secs]
163.407: Total time for which application threads were stopped: 0.0043427 seconds, Stopping threads took: 0.0000209 seconds
163.835: [GC (Allocation Failure)  2160496K->87472K(2128384K), 0.0043321 secs]
163.839: Total time for which application threads were stopped: 0.0045258 seconds, Stopping threads took: 0.0000207 seconds
164.247: [GC (Allocation Failure)  2062768K->91472K(2039808K), 0.0037730 secs]
164.251: Total time for which application threads were stopped: 0.0039523 seconds, Stopping threads took: 0.0000170 seconds
164.637: [GC (Allocation Failure)  1974096K->91432K(1951232K), 0.0037870 secs]
164.640: Total time for which application threads were stopped: 0.0039483 seconds, Stopping threads took: 0.0000216 seconds
165.014: [GC (Allocation Failure)  1885992K->94061K(1869824K), 0.0051200 secs]
165.019: Total time for which application threads were stopped: 0.0052751 seconds, Stopping threads took: 0.0000199 seconds
165.374: [GC (Allocation Failure)  1805165K->92392K(2202112K), 0.0040128 secs]
165.378: Total time for which application threads were stopped: 0.0041835 seconds, Stopping threads took: 0.0000209 seconds
165.807: [GC (Allocation Failure)  2142952K->98154K(2112000K), 0.0040186 secs]
165.811: Total time for which application threads were stopped: 0.0042084 seconds, Stopping threads took: 0.0000193 seconds
166.215: [GC (Allocation Failure)  2052458K->98026K(2020352K), 0.0040457 secs]
166.219: Total time for which application threads were stopped: 0.0042240 seconds, Stopping threads took: 0.0000206 seconds
166.605: [GC (Allocation Failure)  1960682K->97962K(1932800K), 0.0043357 secs]
166.609: Total time for which application threads were stopped: 0.0045382 seconds, Stopping threads took: 0.0000277 seconds
166.980: [GC (Allocation Failure)  1873578K->97858K(2280960K), 0.0040955 secs]
166.984: Total time for which application threads were stopped: 0.0042668 seconds, Stopping threads took: 0.0000290 seconds
167.420: [GC (Allocation Failure)  2225730K->102242K(2185728K), 0.0042735 secs]
167.425: Total time for which application threads were stopped: 0.0044428 seconds, Stopping threads took: 0.0000195 seconds
167.844: [GC (Allocation Failure)  2130274K->101810K(2088960K), 0.0038959 secs]
167.848: Total time for which application threads were stopped: 0.0040691 seconds, Stopping threads took: 0.0000207 seconds
168.247: [GC (Allocation Failure)  2034610K->102770K(1999872K), 0.0041771 secs]
168.251: Total time for which application threads were stopped: 0.0043485 seconds, Stopping threads took: 0.0000207 seconds
168.630: [GC (Allocation Failure)  1945458K->102762K(1910272K), 0.0041435 secs]
168.634: Total time for which application threads were stopped: 0.0043331 seconds, Stopping threads took: 0.0000300 seconds
169.000: [GC (Allocation Failure)  1859434K->106314K(1832448K), 0.0041130 secs]
169.004: Total time for which application threads were stopped: 0.0042767 seconds, Stopping threads took: 0.0000261 seconds
169.345: [GC (Allocation Failure)  1781578K->113160K(2164736K), 0.0078877 secs]
169.353: Total time for which application threads were stopped: 0.0080572 seconds, Stopping threads took: 0.0000205 seconds
169.758: [GC (Allocation Failure)  2121736K->114058K(2564608K), 0.0042360 secs]
169.762: Total time for which application threads were stopped: 0.0044011 seconds, Stopping threads took: 0.0000197 seconds
170.254: [GC (Allocation Failure)  2521482K->114058K(2734080K), 0.0039794 secs]
170.258: Total time for which application threads were stopped: 0.0041493 seconds, Stopping threads took: 0.0000209 seconds
170.782: [GC (Allocation Failure)  2690442K->114090K(2737152K), 0.0041242 secs]
170.786: Total time for which application threads were stopped: 0.0042865 seconds, Stopping threads took: 0.0000203 seconds
171.315: [GC (Allocation Failure)  2690474K->114186K(2611712K), 0.0045796 secs]
171.320: Total time for which application threads were stopped: 0.0047388 seconds, Stopping threads took: 0.0000202 seconds
171.819: [GC (Allocation Failure)  2568202K->117682K(2498048K), 0.0055983 secs]
171.825: Total time for which application threads were stopped: 0.0057598 seconds, Stopping threads took: 0.0000206 seconds
172.311: [GC (Allocation Failure)  2455474K->115066K(2379264K), 0.0041228 secs]
172.316: Total time for which application threads were stopped: 0.0042906 seconds, Stopping threads took: 0.0000209 seconds
172.777: [GC (Allocation Failure)  2342266K->120092K(2279424K), 0.0049820 secs]
172.783: Total time for which application threads were stopped: 0.0051409 seconds, Stopping threads took: 0.0000208 seconds
173.223: [GC (Allocation Failure)  2242332K->120572K(2180096K), 0.0039507 secs]
173.227: Total time for which application threads were stopped: 0.0041323 seconds, Stopping threads took: 0.0000214 seconds
173.650: [GC (Allocation Failure)  2142972K->120092K(2084864K), 0.0052327 secs]
173.655: Total time for which application threads were stopped: 0.0053918 seconds, Stopping threads took: 0.0000203 seconds
174.057: [GC (Allocation Failure)  2047772K->120012K(1993728K), 0.0039981 secs]
174.061: Total time for which application threads were stopped: 0.0041658 seconds, Stopping threads took: 0.0000274 seconds
174.443: [GC (Allocation Failure)  1957580K->121132K(2359808K), 0.0053493 secs]
174.448: Total time for which application threads were stopped: 0.0055116 seconds, Stopping threads took: 0.0000219 seconds
174.894: [GC (Allocation Failure)  2323244K->120908K(2795520K), 0.0041301 secs]
174.898: Total time for which application threads were stopped: 0.0043114 seconds, Stopping threads took: 0.0000210 seconds
175.454: [GC (Allocation Failure)  2760268K->125572K(2674176K), 0.0053203 secs]
175.459: Total time for which application threads were stopped: 0.0054791 seconds, Stopping threads took: 0.0000265 seconds
175.976: [GC (Allocation Failure)  2639492K->122380K(2548224K), 0.0042366 secs]
175.981: Total time for which application threads were stopped: 0.0043978 seconds, Stopping threads took: 0.0000265 seconds
176.468: [GC (Allocation Failure)  2517004K->125868K(2438656K), 0.0050129 secs]
176.473: Total time for which application threads were stopped: 0.0051751 seconds, Stopping threads took: 0.0000260 seconds
176.934: [GC (Allocation Failure)  2407340K->127084K(2332672K), 0.0041296 secs]
176.939: Total time for which application threads were stopped: 0.0042880 seconds, Stopping threads took: 0.0000190 seconds
177.390: [GC (Allocation Failure)  2301036K->125868K(2228736K), 0.0050251 secs]
177.395: Total time for which application threads were stopped: 0.0052004 seconds, Stopping threads took: 0.0000199 seconds
177.824: [GC (Allocation Failure)  2197420K->125900K(2129408K), 0.0041997 secs]
177.828: Total time for which application threads were stopped: 0.0043784 seconds, Stopping threads took: 0.0000213 seconds
178.225: [GC (Allocation Failure)  2100172K->127852K(2523136K), 0.0051306 secs]
178.230: Total time for which application threads were stopped: 0.0053000 seconds, Stopping threads took: 0.0000200 seconds
178.704: [GC (Allocation Failure)  2493804K->128044K(2411520K), 0.0040188 secs]
178.708: Total time for which application threads were stopped: 0.0041822 seconds, Stopping threads took: 0.0000203 seconds
179.173: [GC (Allocation Failure)  2381868K->127852K(2304512K), 0.0051541 secs]
179.179: Total time for which application threads were stopped: 0.0053325 seconds, Stopping threads took: 0.0000283 seconds
179.621: [GC (Allocation Failure)  2275180K->128716K(2201600K), 0.0044454 secs]
179.625: Total time for which application threads were stopped: 0.0046313 seconds, Stopping threads took: 0.0000208 seconds
180.039: [GC (Allocation Failure)  2175180K->130700K(2609664K), 0.0049095 secs]
180.044: Total time for which application threads were stopped: 0.0050748 seconds, Stopping threads took: 0.0000272 seconds
180.538: [GC (Allocation Failure)  2583180K->130636K(2492928K), 0.0040009 secs]
180.542: Total time for which application threads were stopped: 0.0041719 seconds, Stopping threads took: 0.0000215 seconds
181.023: [GC (Allocation Failure)  2466892K->131530K(2383360K), 0.0048755 secs]
181.028: Total time for which application threads were stopped: 0.0050289 seconds, Stopping threads took: 0.0000250 seconds
181.479: [GC (Allocation Failure)  2357194K->131052K(2275328K), 0.0039961 secs]
181.483: Total time for which application threads were stopped: 0.0041657 seconds, Stopping threads took: 0.0000204 seconds
181.924: [GC (Allocation Failure)  2251756K->128778K(2173440K), 0.0032572 secs]
181.927: Total time for which application threads were stopped: 0.0034495 seconds, Stopping threads took: 0.0000254 seconds
182.347: [GC (Allocation Failure)  2149642K->133516K(2083328K), 0.0042617 secs]
182.351: Total time for which application threads were stopped: 0.0044626 seconds, Stopping threads took: 0.0000214 seconds
182.750: [GC (Allocation Failure)  2059660K->133516K(1993216K), 0.0043557 secs]
182.754: Total time for which application threads were stopped: 0.0045034 seconds, Stopping threads took: 0.0000184 seconds
183.132: [GC (Allocation Failure)  1969548K->129642K(1904128K), 0.0029252 secs]
183.135: Total time for which application threads were stopped: 0.0030873 seconds, Stopping threads took: 0.0000202 seconds
183.502: [GC (Allocation Failure)  1880170K->133676K(1826816K), 0.0042638 secs]
183.506: Total time for which application threads were stopped: 0.0044401 seconds, Stopping threads took: 0.0000297 seconds
183.854: [GC (Allocation Failure)  1802796K->133516K(1748992K), 0.0040270 secs]
183.858: Total time for which application threads were stopped: 0.0041842 seconds, Stopping threads took: 0.0000199 seconds
184.187: [GC (Allocation Failure)  1725324K->133516K(2064896K), 0.0042969 secs]
184.191: Total time for which application threads were stopped: 0.0044562 seconds, Stopping threads took: 0.0000200 seconds
184.584: [GC (Allocation Failure)  2041228K->133484K(2441216K), 0.0044803 secs]
184.589: Total time for which application threads were stopped: 0.0046548 seconds, Stopping threads took: 0.0000208 seconds
185.061: [GC (Allocation Failure)  2420076K->135980K(2335744K), 0.0041310 secs]
185.065: Total time for which application threads were stopped: 0.0043260 seconds, Stopping threads took: 0.0000264 seconds
185.514: [GC (Allocation Failure)  2314540K->136044K(2232320K), 0.0040984 secs]
185.518: Total time for which application threads were stopped: 0.0042820 seconds, Stopping threads took: 0.0000198 seconds
185.939: [GC (Allocation Failure)  2212204K->138860K(2138112K), 0.0046261 secs]
185.944: Total time for which application threads were stopped: 0.0047918 seconds, Stopping threads took: 0.0000205 seconds
186.356: [GC (Allocation Failure)  2117740K->136940K(2038784K), 0.0042086 secs]
186.360: Total time for which application threads were stopped: 0.0043816 seconds, Stopping threads took: 0.0000203 seconds
186.740: [GC (Allocation Failure)  2023148K->138636K(1952768K), 0.0028388 secs]
186.743: Total time for which application threads were stopped: 0.0030368 seconds, Stopping threads took: 0.0000291 seconds
187.122: [GC (Allocation Failure)  1936780K->141422K(1871872K), 0.0040606 secs]
187.126: Total time for which application threads were stopped: 0.0042641 seconds, Stopping threads took: 0.0000265 seconds
187.472: [GC (Allocation Failure)  1856110K->141422K(1792512K), 0.0044148 secs]
187.477: Total time for which application threads were stopped: 0.0045897 seconds, Stopping threads took: 0.0000291 seconds
187.814: [GC (Allocation Failure)  1776750K->141582K(2114560K), 0.0042585 secs]
187.818: Total time for which application threads were stopped: 0.0044296 seconds, Stopping threads took: 0.0000204 seconds
188.216: [GC (Allocation Failure)  2101518K->144174K(2506240K), 0.0041349 secs]
188.221: Total time for which application threads were stopped: 0.0043104 seconds, Stopping threads took: 0.0000204 seconds
188.697: [GC (Allocation Failure)  2492718K->144110K(2393088K), 0.0039564 secs]
188.701: Total time for which application threads were stopped: 0.0041258 seconds, Stopping threads took: 0.0000288 seconds
189.166: [GC (Allocation Failure)  2381550K->145550K(2289152K), 0.0040703 secs]
189.170: Total time for which application threads were stopped: 0.0042391 seconds, Stopping threads took: 0.0000291 seconds
189.609: [GC (Allocation Failure)  2277518K->145510K(2186752K), 0.0042891 secs]
189.613: Total time for which application threads were stopped: 0.0044597 seconds, Stopping threads took: 0.0000294 seconds
190.024: [GC (Allocation Failure)  2177126K->147494K(2093568K), 0.0041816 secs]
190.028: Total time for which application threads were stopped: 0.0043456 seconds, Stopping threads took: 0.0000278 seconds
190.416: [GC (Allocation Failure)  2083878K->148782K(2000384K), 0.0042527 secs]
190.421: [Full GC (Ergonomics)  148782K->9870K(1996800K), 0.0123809 secs]
190.433: Total time for which application threads were stopped: 0.0169111 seconds, Stopping threads took: 0.0000203 seconds
190.806: [GC (Allocation Failure)  1855630K->18864K(1914368K), 0.0040908 secs]
190.810: Total time for which application threads were stopped: 0.0042614 seconds, Stopping threads took: 0.0000205 seconds
191.172: [GC (Allocation Failure)  1778608K->18632K(2257920K), 0.0040082 secs]
191.176: Total time for which application threads were stopped: 0.0041689 seconds, Stopping threads took: 0.0000199 seconds
191.616: [GC (Allocation Failure)  2125000K->21128K(2161664K), 0.0041612 secs]
191.620: Total time for which application threads were stopped: 0.0043285 seconds, Stopping threads took: 0.0000294 seconds
192.037: [GC (Allocation Failure)  2028680K->21992K(2064896K), 0.0042122 secs]
192.042: Total time for which application threads were stopped: 0.0043885 seconds, Stopping threads took: 0.0000267 seconds
192.436: [GC (Allocation Failure)  1935336K->24040K(1977344K), 0.0038620 secs]
192.439: Total time for which application threads were stopped: 0.0040304 seconds, Stopping threads took: 0.0000194 seconds
192.815: [GC (Allocation Failure)  1847784K->24400K(1891840K), 0.0037973 secs]
192.819: Total time for which application threads were stopped: 0.0039687 seconds, Stopping threads took: 0.0000202 seconds
193.176: [GC (Allocation Failure)  1763152K->24816K(1811456K), 0.0038821 secs]
193.180: Total time for which application threads were stopped: 0.0040795 seconds, Stopping threads took: 0.0000193 seconds
193.522: [GC (Allocation Failure)  1682672K->24960K(2135040K), 0.0039647 secs]
193.526: Total time for which application threads were stopped: 0.0041319 seconds, Stopping threads took: 0.0000287 seconds
193.935: [GC (Allocation Failure)  2009472K->28064K(2045952K), 0.0040931 secs]
193.939: Total time for which application threads were stopped: 0.0042603 seconds, Stopping threads took: 0.0000204 seconds
194.331: [GC (Allocation Failure)  1919904K->28904K(2416640K), 0.0042645 secs]
194.336: Total time for which application threads were stopped: 0.0044348 seconds, Stopping threads took: 0.0000202 seconds
194.802: [GC (Allocation Failure)  2292968K->29832K(2310656K), 0.0041934 secs]
194.806: Total time for which application threads were stopped: 0.0043784 seconds, Stopping threads took: 0.0000216 seconds
195.244: [GC (Allocation Failure)  2186888K->27822K(2206720K), 0.0029195 secs]
195.247: Total time for which application threads were stopped: 0.0030794 seconds, Stopping threads took: 0.0000207 seconds
195.663: [GC (Allocation Failure)  2083502K->30256K(2113024K), 0.0039901 secs]
195.667: Total time for which application threads were stopped: 0.0041854 seconds, Stopping threads took: 0.0000265 seconds
196.078: [GC (Allocation Failure)  1989680K->30224K(2020352K), 0.0036576 secs]
196.081: Total time for which application threads were stopped: 0.0038231 seconds, Stopping threads took: 0.0000211 seconds
196.470: [GC (Allocation Failure)  1898000K->31152K(1934336K), 0.0040701 secs]
196.474: Total time for which application threads were stopped: 0.0042364 seconds, Stopping threads took: 0.0000206 seconds
196.843: [GC (Allocation Failure)  1811888K->31624K(1847808K), 0.0041872 secs]
196.848: Total time for which application threads were stopped: 0.0043508 seconds, Stopping threads took: 0.0000207 seconds
197.206: [GC (Allocation Failure)  1729416K->35112K(1772544K), 0.0039884 secs]
197.210: Total time for which application threads were stopped: 0.0041761 seconds, Stopping threads took: 0.0000202 seconds
197.548: [GC (Allocation Failure)  1654056K->35776K(2090496K), 0.0038233 secs]
197.552: Total time for which application threads were stopped: 0.0039894 seconds, Stopping threads took: 0.0000290 seconds
197.953: [GC (Allocation Failure)  1973696K->37312K(2001408K), 0.0038678 secs]
197.957: Total time for which application threads were stopped: 0.0040667 seconds, Stopping threads took: 0.0000285 seconds
198.332: [GC (Allocation Failure)  1884608K->36904K(2360832K), 0.0042834 secs]
198.337: Total time for which application threads were stopped: 0.0044766 seconds, Stopping threads took: 0.0000205 seconds
198.795: [GC (Allocation Failure)  2248232K->40960K(2260480K), 0.0040937 secs]
198.800: Total time for which application threads were stopped: 0.0042582 seconds, Stopping threads took: 0.0000204 seconds
199.238: [GC (Allocation Failure)  2147840K->40976K(2161152K), 0.0039015 secs]
199.242: Total time for which application threads were stopped: 0.0040728 seconds, Stopping threads took: 0.0000210 seconds
199.662: [GC (Allocation Failure)  2049040K->42384K(2068480K), 0.0044608 secs]
199.667: Total time for which application threads were stopped: 0.0046279 seconds, Stopping threads took: 0.0000197 seconds
200.064: [GC (Allocation Failure)  1956240K->41736K(1972736K), 0.0037930 secs]
200.067: Total time for which application threads were stopped: 0.0039698 seconds, Stopping threads took: 0.0000288 seconds
200.442: [GC (Allocation Failure)  1865992K->46731K(1892864K), 0.0038928 secs]
200.446: Total time for which application threads were stopped: 0.0040491 seconds, Stopping threads took: 0.0000195 seconds
200.808: [GC (Allocation Failure)  1785995K->46763K(1811968K), 0.0038103 secs]
200.812: Total time for which application threads were stopped: 0.0039783 seconds, Stopping threads took: 0.0000200 seconds
201.156: [GC (Allocation Failure)  1705131K->46763K(1735168K), 0.0040335 secs]
201.161: Total time for which application threads were stopped: 0.0042044 seconds, Stopping threads took: 0.0000209 seconds
201.487: [GC (Allocation Failure)  1628331K->47051K(2041856K), 0.0037669 secs]
201.491: Total time for which application threads were stopped: 0.0039534 seconds, Stopping threads took: 0.0000270 seconds
201.871: [GC (Allocation Failure)  1939915K->51789K(2419712K), 0.0039806 secs]
201.875: Total time for which application threads were stopped: 0.0041494 seconds, Stopping threads took: 0.0000199 seconds
202.342: [GC (Allocation Failure)  2317389K->51509K(2310656K), 0.0039128 secs]
202.346: Total time for which application threads were stopped: 0.0040723 seconds, Stopping threads took: 0.0000197 seconds
202.787: [GC (Allocation Failure)  2210101K->49203K(2207232K), 0.0026875 secs]
202.789: Total time for which application threads were stopped: 0.0028624 seconds, Stopping threads took: 0.0000195 seconds
203.203: [GC (Allocation Failure)  2106419K->52909K(2113536K), 0.0038755 secs]
203.207: Total time for which application threads were stopped: 0.0040447 seconds, Stopping threads took: 0.0000201 seconds
203.611: [GC (Allocation Failure)  2013357K->53325K(2022400K), 0.0043380 secs]
203.616: Total time for which application threads were stopped: 0.0045102 seconds, Stopping threads took: 0.0000205 seconds
204.008: [GC (Allocation Failure)  1922125K->53293K(1931264K), 0.0041037 secs]
204.012: Total time for which application threads were stopped: 0.0042755 seconds, Stopping threads took: 0.0000303 seconds
204.382: [GC (Allocation Failure)  1835053K->57325K(1852416K), 0.0038118 secs]
204.386: Total time for which application threads were stopped: 0.0039693 seconds, Stopping threads took: 0.0000193 seconds
204.739: [GC (Allocation Failure)  1756141K->57261K(1773056K), 0.0035604 secs]
204.742: Total time for which application threads were stopped: 0.0037186 seconds, Stopping threads took: 0.0000202 seconds
205.080: [GC (Allocation Failure)  1677229K->57869K(1699328K), 0.0040002 secs]
205.084: Total time for which application threads were stopped: 0.0041659 seconds, Stopping threads took: 0.0000195 seconds
205.405: [GC (Allocation Failure)  1603085K->61955K(1998848K), 0.0072400 secs]
205.413: Total time for which application threads were stopped: 0.0074011 seconds, Stopping threads took: 0.0000197 seconds
205.796: [GC (Allocation Failure)  1912835K->69381K(2372096K), 0.0051771 secs]
205.802: Total time for which application threads were stopped: 0.0053456 seconds, Stopping threads took: 0.0000199 seconds
206.250: [GC (Allocation Failure)  2285829K->67493K(2616320K), 0.0038631 secs]
206.254: Total time for which application threads were stopped: 0.0040215 seconds, Stopping threads took: 0.0000207 seconds
206.765: [GC (Allocation Failure)  2529189K->67493K(2618368K), 0.0038192 secs]
206.769: Total time for which application threads were stopped: 0.0040091 seconds, Stopping threads took: 0.0000201 seconds
207.278: [GC (Allocation Failure)  2529189K->67621K(2874368K), 0.0047386 secs]
207.283: Total time for which application threads were stopped: 0.0049073 seconds, Stopping threads took: 0.0000205 seconds
207.890: [GC (Allocation Failure)  2786341K->67461K(2742784K), 0.0048993 secs]
207.895: Total time for which application threads were stopped: 0.0050531 seconds, Stopping threads took: 0.0000193 seconds
208.414: [GC (Allocation Failure)  2656645K->67685K(2615296K), 0.0040223 secs]
208.418: Total time for which application threads were stopped: 0.0041877 seconds, Stopping threads took: 0.0000209 seconds
208.912: [GC (Allocation Failure)  2533989K->72135K(2865664K), 0.0064969 secs]
208.918: Total time for which application threads were stopped: 0.0066453 seconds, Stopping threads took: 0.0000255 seconds
209.461: [GC (Allocation Failure)  2782151K->72199K(2734592K), 0.0044810 secs]
209.466: Total time for which application threads were stopped: 0.0046589 seconds, Stopping threads took: 0.0000209 seconds
209.990: [GC (Allocation Failure)  2653191K->72775K(2612224K), 0.0043761 secs]
209.995: Total time for which application threads were stopped: 0.0045391 seconds, Stopping threads took: 0.0000207 seconds
210.502: [GC (Allocation Failure)  2530887K->73279K(2490880K), 0.0042392 secs]
210.506: Total time for which application threads were stopped: 0.0044170 seconds, Stopping threads took: 0.0000270 seconds
210.991: [GC (Allocation Failure)  2414655K->77391K(2384384K), 0.0043553 secs]
210.996: Total time for which application threads were stopped: 0.0045098 seconds, Stopping threads took: 0.0000167 seconds
211.453: [GC (Allocation Failure)  2308175K->77327K(2279424K), 0.0038674 secs]
211.457: Total time for which application threads were stopped: 0.0040522 seconds, Stopping threads took: 0.0000283 seconds
211.901: [GC (Allocation Failure)  2203151K->77839K(2180096K), 0.0040784 secs]
211.905: Total time for which application threads were stopped: 0.0042647 seconds, Stopping threads took: 0.0000179 seconds
212.323: [GC (Allocation Failure)  2103823K->83021K(2574848K), 0.0073346 secs]
212.330: Total time for which application threads were stopped: 0.0075246 seconds, Stopping threads took: 0.0000195 seconds
212.826: [GC (Allocation Failure)  2508365K->86991K(2464256K), 0.0040107 secs]
212.830: Total time for which application threads were stopped: 0.0042002 seconds, Stopping threads took: 0.0000196 seconds
213.309: [GC (Allocation Failure)  2397647K->87407K(2355712K), 0.0043032 secs]
213.314: Total time for which application threads were stopped: 0.0044765 seconds, Stopping threads took: 0.0000214 seconds
213.769: [GC (Allocation Failure)  2289007K->86991K(2251264K), 0.0043737 secs]
213.773: Total time for which application threads were stopped: 0.0045516 seconds, Stopping threads took: 0.0000204 seconds
214.205: [GC (Allocation Failure)  2184655K->87135K(2151936K), 0.0039823 secs]
214.209: Total time for which application threads were stopped: 0.0041538 seconds, Stopping threads took: 0.0000205 seconds
214.616: [GC (Allocation Failure)  2086495K->89695K(2060800K), 0.0043693 secs]
214.620: Total time for which application threads were stopped: 0.0045364 seconds, Stopping threads took: 0.0000194 seconds
215.019: [GC (Allocation Failure)  1995359K->88791K(1968128K), 0.0041081 secs]
215.023: Total time for which application threads were stopped: 0.0042814 seconds, Stopping threads took: 0.0000205 seconds
215.400: [GC (Allocation Failure)  1905367K->90903K(1886208K), 0.0042749 secs]
215.404: Total time for which application threads were stopped: 0.0044422 seconds, Stopping threads took: 0.0000200 seconds
215.759: [GC (Allocation Failure)  1822999K->90775K(2226688K), 0.0039326 secs]
215.763: Total time for which application threads were stopped: 0.0041085 seconds, Stopping threads took: 0.0000274 seconds
216.196: [GC (Allocation Failure)  2163863K->90775K(2129408K), 0.0043846 secs]
216.200: Total time for which application threads were stopped: 0.0045422 seconds, Stopping threads took: 0.0000196 seconds
216.609: [GC (Allocation Failure)  2066583K->90799K(2034176K), 0.0040539 secs]
216.614: Total time for which application threads were stopped: 0.0042610 seconds, Stopping threads took: 0.0000591 seconds
217.005: [GC (Allocation Failure)  1973935K->93295K(1948672K), 0.0038639 secs]
217.009: Total time for which application threads were stopped: 0.0040050 seconds, Stopping threads took: 0.0000177 seconds
217.375: [GC (Allocation Failure)  1888367K->93263K(1865216K), 0.0040685 secs]
217.379: Total time for which application threads were stopped: 0.0042299 seconds, Stopping threads took: 0.0000206 seconds
217.729: [GC (Allocation Failure)  1804879K->94255K(2203648K), 0.0043172 secs]
217.733: Total time for which application threads were stopped: 0.0044907 seconds, Stopping threads took: 0.0000287 seconds
218.159: [GC (Allocation Failure)  2143279K->93231K(2602496K), 0.0041120 secs]
218.163: Total time for which application threads were stopped: 0.0042818 seconds, Stopping threads took: 0.0000211 seconds
218.671: [GC (Allocation Failure)  2545711K->96751K(2489856K), 0.0039953 secs]
218.675: Total time for which application threads were stopped: 0.0041770 seconds, Stopping threads took: 0.0000202 seconds
219.158: [GC (Allocation Failure)  2433003K->92813K(2375680K), 0.0024473 secs]
219.160: Total time for which application threads were stopped: 0.0025981 seconds, Stopping threads took: 0.0000213 seconds
219.617: [GC (Allocation Failure)  2318477K->96943K(2274816K), 0.0042151 secs]
219.621: Total time for which application threads were stopped: 0.0043962 seconds, Stopping threads took: 0.0000209 seconds
220.062: [GC (Allocation Failure)  2217647K->96687K(2174464K), 0.0036539 secs]
220.066: Total time for which application threads were stopped: 0.0038132 seconds, Stopping threads took: 0.0000205 seconds
220.484: [GC (Allocation Failure)  2117551K->96719K(2079744K), 0.0043610 secs]
220.488: Total time for which application threads were stopped: 0.0045281 seconds, Stopping threads took: 0.0000203 seconds
220.885: [GC (Allocation Failure)  2022863K->96687K(1987072K), 0.0040055 secs]
220.889: Total time for which application threads were stopped: 0.0041998 seconds, Stopping threads took: 0.0000210 seconds
221.261: [GC (Allocation Failure)  1932719K->99183K(1904128K), 0.0041062 secs]
221.266: Total time for which application threads were stopped: 0.0042913 seconds, Stopping threads took: 0.0000202 seconds
221.630: [GC (Allocation Failure)  1849711K->99367K(1821696K), 0.0040412 secs]
221.635: Total time for which application threads were stopped: 0.0042128 seconds, Stopping threads took: 0.0000205 seconds
221.982: [GC (Allocation Failure)  1768487K->100295K(2151424K), 0.0045269 secs]
221.986: Total time for which application threads were stopped: 0.0046959 seconds, Stopping threads took: 0.0000196 seconds
222.397: [GC (Allocation Failure)  2098119K->100271K(2541568K), 0.0041740 secs]
222.402: Total time for which application threads were stopped: 0.0043802 seconds, Stopping threads took: 0.0000339 seconds
222.899: [GC (Allocation Failure)  2491823K->103759K(2432000K), 0.0039176 secs]
222.903: Total time for which application threads were stopped: 0.0040917 seconds, Stopping threads took: 0.0000201 seconds
223.371: [GC (Allocation Failure)  2382159K->102093K(2322944K), 0.0032542 secs]
223.374: Total time for which application threads were stopped: 0.0034090 seconds, Stopping threads took: 0.0000208 seconds
223.818: [GC (Allocation Failure)  2272973K->103759K(2222080K), 0.0041523 secs]
223.823: Total time for which application threads were stopped: 0.0043187 seconds, Stopping threads took: 0.0000207 seconds
224.255: [GC (Allocation Failure)  2172239K->104351K(2121728K), 0.0044172 secs]
224.259: Total time for which application threads were stopped: 0.0045776 seconds, Stopping threads took: 0.0000207 seconds
224.657: [GC (Allocation Failure)  2075551K->107327K(2032640K), 0.0041939 secs]
224.661: Total time for which application threads were stopped: 0.0043497 seconds, Stopping threads took: 0.0000201 seconds
225.047: [GC (Allocation Failure)  1986367K->107719K(1943552K), 0.0042916 secs]
225.051: Total time for which application threads were stopped: 0.0044611 seconds, Stopping threads took: 0.0000289 seconds
225.424: [GC (Allocation Failure)  1899207K->109159K(1861632K), 0.0039928 secs]
225.428: Total time for which application threads were stopped: 0.0041493 seconds, Stopping threads took: 0.0000200 seconds
225.779: [GC (Allocation Failure)  1817191K->109127K(2194944K), 0.0040857 secs]
225.783: Total time for which application threads were stopped: 0.0042554 seconds, Stopping threads took: 0.0000208 seconds
226.208: [GC (Allocation Failure)  2153543K->112103K(2102272K), 0.0043359 secs]
226.212: Total time for which application threads were stopped: 0.0044939 seconds, Stopping threads took: 0.0000202 seconds
226.616: [GC (Allocation Failure)  2060775K->112079K(2483712K), 0.0041505 secs]
226.620: Total time for which application threads were stopped: 0.0043366 seconds, Stopping threads took: 0.0000208 seconds
227.092: [GC (Allocation Failure)  2444751K->114575K(2376192K), 0.0043185 secs]
227.097: Total time for which application threads were stopped: 0.0045249 seconds, Stopping threads took: 0.0000271 seconds
227.552: [GC (Allocation Failure)  2337167K->114991K(2268160K), 0.0042141 secs]
227.556: Total time for which application threads were stopped: 0.0043942 seconds, Stopping threads took: 0.0000210 seconds
227.995: [GC (Allocation Failure)  2232623K->117967K(2171904K), 0.0048297 secs]
228.000: Total time for which application threads were stopped: 0.0049956 seconds, Stopping threads took: 0.0000207 seconds
228.419: [GC (Allocation Failure)  2136271K->117935K(2074624K), 0.0042029 secs]
228.423: Total time for which application threads were stopped: 0.0043616 seconds, Stopping threads took: 0.0000206 seconds
228.821: [GC (Allocation Failure)  2041519K->120431K(1987072K), 0.0039675 secs]
228.825: Total time for which application threads were stopped: 0.0041275 seconds, Stopping threads took: 0.0000202 seconds
229.206: [GC (Allocation Failure)  1953903K->120359K(1898496K), 0.0042206 secs]
229.210: Total time for which application threads were stopped: 0.0043851 seconds, Stopping threads took: 0.0000214 seconds
229.563: [GC (Allocation Failure)  1868327K->123367K(2245632K), 0.0042835 secs]
229.567: Total time for which application threads were stopped: 0.0044518 seconds, Stopping threads took: 0.0000265 seconds
230.000: [GC (Allocation Failure)  2215399K->123303K(2654208K), 0.0043546 secs]
230.005: Total time for which application threads were stopped: 0.0045435 seconds, Stopping threads took: 0.0000368 seconds
230.523: [GC (Allocation Failure)  2627495K->126791K(2539008K), 0.0040167 secs]
230.527: Total time for which application threads were stopped: 0.0041903 seconds, Stopping threads took: 0.0000265 seconds
231.022: [GC (Allocation Failure)  2512199K->126759K(2423296K), 0.0043028 secs]
231.026: Total time for which application threads were stopped: 0.0044689 seconds, Stopping threads took: 0.0000205 seconds
231.487: [GC (Allocation Failure)  2399504K->125829K(2315264K), 0.0030837 secs]
231.490: Total time for which application threads were stopped: 0.0032371 seconds, Stopping threads took: 0.0000205 seconds
231.944: [GC (Allocation Failure)  2291077K->129735K(2216960K), 0.0041760 secs]
231.948: Total time for which application threads were stopped: 0.0043385 seconds, Stopping threads took: 0.0000211 seconds
232.376: [GC (Allocation Failure)  2193095K->130663K(2121216K), 0.0044711 secs]
232.381: Total time for which application threads were stopped: 0.0046612 seconds, Stopping threads took: 0.0000200 seconds
232.787: [GC (Allocation Failure)  2097255K->130535K(2021376K), 0.0042394 secs]
232.791: Total time for which application threads were stopped: 0.0044086 seconds, Stopping threads took: 0.0000284 seconds
233.180: [GC (Allocation Failure)  2004967K->137289K(1940992K), 0.0039672 secs]
233.185: Total time for which application threads were stopped: 0.0041340 seconds, Stopping threads took: 0.0000201 seconds
233.547: [GC (Allocation Failure)  1924169K->137065K(1857536K), 0.0039228 secs]
233.551: Total time for which application threads were stopped: 0.0041033 seconds, Stopping threads took: 0.0000284 seconds
233.903: [GC (Allocation Failure)  1841001K->133095K(1774592K), 0.0029740 secs]
233.906: Total time for which application threads were stopped: 0.0031358 seconds, Stopping threads took: 0.0000204 seconds
234.237: [GC (Allocation Failure)  1758183K->137033K(1702912K), 0.0040103 secs]
234.241: Total time for which application threads were stopped: 0.0042167 seconds, Stopping threads took: 0.0000200 seconds
234.564: [GC (Allocation Failure)  1686857K->137513K(2009088K), 0.0043636 secs]
234.568: Total time for which application threads were stopped: 0.0045276 seconds, Stopping threads took: 0.0000265 seconds
234.942: [GC (Allocation Failure)  1993001K->137417K(2371584K), 0.0041801 secs]
234.946: Total time for which application threads were stopped: 0.0043377 seconds, Stopping threads took: 0.0000213 seconds
235.404: [GC (Allocation Failure)  2358473K->140425K(2270208K), 0.0040936 secs]
235.409: Total time for which application threads were stopped: 0.0042853 seconds, Stopping threads took: 0.0000202 seconds
235.852: [GC (Allocation Failure)  2257033K->140353K(2170368K), 0.0041259 secs]
235.857: Total time for which application threads were stopped: 0.0043145 seconds, Stopping threads took: 0.0000214 seconds
236.266: [GC (Allocation Failure)  2157633K->140833K(2076160K), 0.0042880 secs]
236.270: Total time for which application threads were stopped: 0.0044710 seconds, Stopping threads took: 0.0000202 seconds
236.671: [GC (Allocation Failure)  2063393K->140937K(1982464K), 0.0042928 secs]
236.676: Total time for which application threads were stopped: 0.0044516 seconds, Stopping threads took: 0.0000265 seconds
237.055: [GC (Allocation Failure)  1973897K->144977K(2347520K), 0.0041484 secs]
237.059: Total time for which application threads were stopped: 0.0043051 seconds, Stopping threads took: 0.0000255 seconds
237.510: [GC (Allocation Failure)  2338897K->151199K(2678784K), 0.0076531 secs]
237.518: [Full GC (Ergonomics)  151199K->14715K(2687488K), 0.0268959 secs]
237.545: Total time for which application threads were stopped: 0.0348035 seconds, Stopping threads took: 0.0000284 seconds
238.064: [GC (Allocation Failure)  2540411K->24958K(2691584K), 0.0042741 secs]
238.069: Total time for which application threads were stopped: 0.0044420 seconds, Stopping threads took: 0.0000274 seconds
238.587: [GC (Allocation Failure)  2550654K->24958K(2882560K), 0.0045042 secs]
238.592: Total time for which application threads were stopped: 0.0046675 seconds, Stopping threads took: 0.0000270 seconds
239.177: [GC (Allocation Failure)  2741630K->24990K(2749440K), 0.0047081 secs]
239.182: Total time for which application threads were stopped: 0.0048684 seconds, Stopping threads took: 0.0000195 seconds
239.719: [GC (Allocation Failure)  2612126K->24942K(2622464K), 0.0048777 secs]
239.724: Total time for which application threads were stopped: 0.0050482 seconds, Stopping threads took: 0.0000210 seconds
240.237: [GC (Allocation Failure)  2489198K->29006K(2509824K), 0.0040486 secs]
240.242: Total time for which application threads were stopped: 0.0042162 seconds, Stopping threads took: 0.0000201 seconds
240.726: [GC (Allocation Failure)  2376526K->28974K(2398720K), 0.0039635 secs]
240.730: Total time for which application threads were stopped: 0.0041209 seconds, Stopping threads took: 0.0000214 seconds
241.191: [GC (Allocation Failure)  2265390K->28942K(2293248K), 0.0041461 secs]
241.195: Total time for which application threads were stopped: 0.0043153 seconds, Stopping threads took: 0.0000203 seconds
241.634: [GC (Allocation Failure)  2159886K->28974K(2191360K), 0.0041022 secs]
241.638: Total time for which application threads were stopped: 0.0042716 seconds, Stopping threads took: 0.0000203 seconds
242.056: [GC (Allocation Failure)  2059566K->30990K(2098176K), 0.0039175 secs]
242.060: Total time for which application threads were stopped: 0.0040741 seconds, Stopping threads took: 0.0000258 seconds
242.455: [GC (Allocation Failure)  1966350K->30382K(2005504K), 0.0038680 secs]
242.459: Total time for which application threads were stopped: 0.0040405 seconds, Stopping threads took: 0.0000203 seconds
242.839: [GC (Allocation Failure)  1875118K->31854K(1921024K), 0.0038025 secs]
242.843: Total time for which application threads were stopped: 0.0039619 seconds, Stopping threads took: 0.0000203 seconds
243.203: [GC (Allocation Failure)  1790574K->31790K(1838592K), 0.0039278 secs]
243.207: Total time for which application threads were stopped: 0.0040865 seconds, Stopping threads took: 0.0000208 seconds
243.544: [GC (Allocation Failure)  1709102K->32846K(1762816K), 0.0038933 secs]
243.548: Total time for which application threads were stopped: 0.0040541 seconds, Stopping threads took: 0.0000266 seconds
243.875: [GC (Allocation Failure)  1632846K->32686K(2070016K), 0.0040163 secs]
243.880: Total time for which application threads were stopped: 0.0041772 seconds, Stopping threads took: 0.0000207 seconds
244.275: [GC (Allocation Failure)  1943470K->35662K(2444288K), 0.0039516 secs]
244.279: Total time for which application threads were stopped: 0.0041682 seconds, Stopping threads took: 0.0000196 seconds
244.746: [GC (Allocation Failure)  2317646K->36454K(2336256K), 0.0041687 secs]
244.751: Total time for which application threads were stopped: 0.0043467 seconds, Stopping threads took: 0.0000273 seconds
245.200: [GC (Allocation Failure)  2210918K->36870K(2234368K), 0.0041524 secs]
245.204: Total time for which application threads were stopped: 0.0043191 seconds, Stopping threads took: 0.0000207 seconds
245.621: [GC (Allocation Failure)  2108934K->36846K(2134016K), 0.0039244 secs]
245.625: Total time for which application threads were stopped: 0.0040855 seconds, Stopping threads took: 0.0000275 seconds
246.029: [GC (Allocation Failure)  2011630K->39950K(2045440K), 0.0040436 secs]
246.033: Total time for which application threads were stopped: 0.0042036 seconds, Stopping threads took: 0.0000198 seconds
246.422: [GC (Allocation Failure)  1922574K->39790K(1955328K), 0.0042254 secs]
246.426: Total time for which application threads were stopped: 0.0043958 seconds, Stopping threads took: 0.0000215 seconds
246.797: [GC (Allocation Failure)  1834862K->41774K(1873920K), 0.0040350 secs]
246.801: Total time for which application threads were stopped: 0.0042197 seconds, Stopping threads took: 0.0000202 seconds
247.150: [GC (Allocation Failure)  1753390K->42438K(2204160K), 0.0040584 secs]
247.154: Total time for which application threads were stopped: 0.0042462 seconds, Stopping threads took: 0.0000372 seconds
247.578: [GC (Allocation Failure)  2086854K->44870K(2110976K), 0.0039395 secs]
247.582: Total time for which application threads were stopped: 0.0041611 seconds, Stopping threads took: 0.0000283 seconds
247.979: [GC (Allocation Failure)  1993542K->44878K(2017792K), 0.0039769 secs]
247.983: Total time for which application threads were stopped: 0.0041481 seconds, Stopping threads took: 0.0000206 seconds
248.369: [GC (Allocation Failure)  1902414K->46862K(1933312K), 0.0039752 secs]
248.373: Total time for which application threads were stopped: 0.0041313 seconds, Stopping threads took: 0.0000199 seconds
248.730: [GC (Allocation Failure)  1817870K->47118K(2274816K), 0.0041928 secs]
248.735: Total time for which application threads were stopped: 0.0043687 seconds, Stopping threads took: 0.0000293 seconds
249.171: [GC (Allocation Failure)  2162190K->49582K(2178048K), 0.0039881 secs]
249.175: Total time for which application threads were stopped: 0.0041438 seconds, Stopping threads took: 0.0000193 seconds
249.593: [GC (Allocation Failure)  2065326K->49550K(2080768K), 0.0041159 secs]
249.597: Total time for which application threads were stopped: 0.0042796 seconds, Stopping threads took: 0.0000281 seconds
249.987: [GC (Allocation Failure)  1971086K->52558K(1994240K), 0.0040463 secs]
249.991: Total time for which application threads were stopped: 0.0042044 seconds, Stopping threads took: 0.0000202 seconds
250.368: [GC (Allocation Failure)  1884494K->52486K(2347520K), 0.0040649 secs]
250.372: Total time for which application threads were stopped: 0.0042230 seconds, Stopping threads took: 0.0000207 seconds
250.822: [GC (Allocation Failure)  2240262K->54982K(2247168K), 0.0040864 secs]
250.826: Total time for which application threads were stopped: 0.0042420 seconds, Stopping threads took: 0.0000195 seconds
251.247: [GC (Allocation Failure)  2139846K->56270K(2146304K), 0.0043746 secs]
251.252: Total time for which application threads were stopped: 0.0045437 seconds, Stopping threads took: 0.0000204 seconds
251.665: [GC (Allocation Failure)  2043342K->59246K(2056192K), 0.0038593 secs]
251.669: Total time for which application threads were stopped: 0.0040248 seconds, Stopping threads took: 0.0000200 seconds
252.062: [GC (Allocation Failure)  1953134K->63627K(2422784K), 0.0064729 secs]
252.068: Total time for which application threads were stopped: 0.0066461 seconds, Stopping threads took: 0.0000204 seconds
252.537: [GC (Allocation Failure)  2326667K->66190K(2786816K), 0.0040036 secs]
252.541: Total time for which application threads were stopped: 0.0042129 seconds, Stopping threads took: 0.0000198 seconds
253.079: [GC (Allocation Failure)  2688142K->66062K(2867712K), 0.0052835 secs]
253.084: Total time for which application threads were stopped: 0.0054325 seconds, Stopping threads took: 0.0000199 seconds
253.655: [GC (Allocation Failure)  2768910K->66254K(2737152K), 0.0050525 secs]
253.661: Total time for which application threads were stopped: 0.0052270 seconds, Stopping threads took: 0.0000205 seconds
254.194: [GC (Allocation Failure)  2640590K->66022K(2608640K), 0.0039253 secs]
254.198: Total time for which application threads were stopped: 0.0040893 seconds, Stopping threads took: 0.0000272 seconds
254.702: [GC (Allocation Failure)  2517990K->71528K(2498048K), 0.0038711 secs]
254.706: Total time for which application threads were stopped: 0.0040373 seconds, Stopping threads took: 0.0000268 seconds
255.186: [GC (Allocation Failure)  2407272K->71560K(2387968K), 0.0040561 secs]
255.190: Total time for which application threads were stopped: 0.0042340 seconds, Stopping threads took: 0.0000208 seconds
255.652: [GC (Allocation Failure)  2297224K->71752K(2283520K), 0.0040041 secs]
255.656: Total time for which application threads were stopped: 0.0041791 seconds, Stopping threads took: 0.0000284 seconds
256.098: [GC (Allocation Failure)  2192456K->71496K(2179072K), 0.0040068 secs]
256.102: Total time for which application threads were stopped: 0.0041788 seconds, Stopping threads took: 0.0000292 seconds
256.511: [GC (Allocation Failure)  2092360K->75528K(2088448K), 0.0042041 secs]
256.515: Total time for which application threads were stopped: 0.0043627 seconds, Stopping threads took: 0.0000204 seconds
256.915: [GC (Allocation Failure)  2001672K->75464K(2463232K), 0.0065196 secs]
256.921: Total time for which application threads were stopped: 0.0067327 seconds, Stopping threads took: 0.0000203 seconds
257.403: [GC (Allocation Failure)  2376392K->75528K(2354688K), 0.0041758 secs]
257.407: Total time for which application threads were stopped: 0.0043460 seconds, Stopping threads took: 0.0000207 seconds
257.859: [GC (Allocation Failure)  2267912K->75560K(2246656K), 0.0035885 secs]
257.863: Total time for which application threads were stopped: 0.0037646 seconds, Stopping threads took: 0.0000294 seconds
258.296: [GC (Allocation Failure)  2164520K->81322K(2155008K), 0.0042305 secs]
258.301: Total time for which application threads were stopped: 0.0043962 seconds, Stopping threads took: 0.0000191 seconds
258.708: [GC (Allocation Failure)  2072490K->80010K(2058752K), 0.0040612 secs]
258.712: Total time for which application threads were stopped: 0.0042321 seconds, Stopping threads took: 0.0000213 seconds
259.101: [GC (Allocation Failure)  1977994K->81736K(1972224K), 0.0042630 secs]
259.105: Total time for which application threads were stopped: 0.0044347 seconds, Stopping threads took: 0.0000279 seconds
259.478: [GC (Allocation Failure)  1891144K->81906K(2319360K), 0.0040811 secs]
259.482: Total time for which application threads were stopped: 0.0042403 seconds, Stopping threads took: 0.0000209 seconds
259.932: [GC (Allocation Failure)  2242546K->85426K(2221568K), 0.0039690 secs]
259.936: Total time for which application threads were stopped: 0.0041584 seconds, Stopping threads took: 0.0000196 seconds
260.360: [GC (Allocation Failure)  2144690K->85354K(2123776K), 0.0038104 secs]
260.364: Total time for which application threads were stopped: 0.0039876 seconds, Stopping threads took: 0.0000202 seconds
260.769: [GC (Allocation Failure)  2047850K->86282K(2033152K), 0.0041771 secs]
260.774: Total time for which application threads were stopped: 0.0043470 seconds, Stopping threads took: 0.0000203 seconds
261.163: [GC (Allocation Failure)  1957130K->86250K(1942528K), 0.0041369 secs]
261.167: Total time for which application threads were stopped: 0.0042984 seconds, Stopping threads took: 0.0000209 seconds
261.535: [GC (Allocation Failure)  1870058K->89738K(1863168K), 0.0040622 secs]
261.539: Total time for which application threads were stopped: 0.0042249 seconds, Stopping threads took: 0.0000206 seconds
261.896: [GC (Allocation Failure)  1790602K->89866K(2191872K), 0.0041802 secs]
261.900: Total time for which application threads were stopped: 0.0043553 seconds, Stopping threads took: 0.0000267 seconds
262.322: [GC (Allocation Failure)  2121482K->93386K(2589696K), 0.0043244 secs]
262.326: Total time for which application threads were stopped: 0.0044684 seconds, Stopping threads took: 0.0000176 seconds
262.820: [GC (Allocation Failure)  2519754K->95370K(2804224K), 0.0050868 secs]
262.825: Total time for which application threads were stopped: 0.0052628 seconds, Stopping threads took: 0.0000208 seconds
263.371: [GC (Allocation Failure)  2741898K->99853K(2682880K), 0.0040693 secs]
263.375: Total time for which application threads were stopped: 0.0042389 seconds, Stopping threads took: 0.0000202 seconds
263.892: [GC (Allocation Failure)  2620429K->99821K(2558464K), 0.0039181 secs]
263.896: Total time for which application threads were stopped: 0.0041174 seconds, Stopping threads took: 0.0000210 seconds
264.392: [GC (Allocation Failure)  2501101K->104815K(2449920K), 0.0036664 secs]
264.396: Total time for which application threads were stopped: 0.0038157 seconds, Stopping threads took: 0.0000179 seconds
264.867: [GC (Allocation Failure)  2392431K->104815K(2341888K), 0.0037775 secs]
264.871: Total time for which application threads were stopped: 0.0039680 seconds, Stopping threads took: 0.0000207 seconds
265.326: [GC (Allocation Failure)  2284399K->108271K(2241536K), 0.0048422 secs]
265.331: Total time for which application threads were stopped: 0.0050035 seconds, Stopping threads took: 0.0000201 seconds
265.758: [GC (Allocation Failure)  2185455K->106087K(2136576K), 0.0039581 secs]
265.762: Total time for which application threads were stopped: 0.0041200 seconds, Stopping threads took: 0.0000206 seconds
266.173: [GC (Allocation Failure)  2085991K->111593K(2049536K), 0.0041527 secs]
266.177: Total time for which application threads were stopped: 0.0043206 seconds, Stopping threads took: 0.0000207 seconds
266.571: [GC (Allocation Failure)  1998825K->111593K(1961472K), 0.0041898 secs]
266.575: Total time for which application threads were stopped: 0.0043477 seconds, Stopping threads took: 0.0000210 seconds
266.944: [GC (Allocation Failure)  1910761K->106663K(1873408K), 0.0022880 secs]
266.946: Total time for which application threads were stopped: 0.0024321 seconds, Stopping threads took: 0.0000206 seconds
267.300: [GC (Allocation Failure)  1822375K->111625K(1798656K), 0.0040737 secs]
267.304: Total time for which application threads were stopped: 0.0042388 seconds, Stopping threads took: 0.0000202 seconds
267.639: [GC (Allocation Failure)  1747977K->115361K(2120192K), 0.0051510 secs]
267.644: Total time for which application threads were stopped: 0.0053203 seconds, Stopping threads took: 0.0000206 seconds
268.051: [GC (Allocation Failure)  2070177K->112169K(2021376K), 0.0036840 secs]
268.055: Total time for which application threads were stopped: 0.0038549 seconds, Stopping threads took: 0.0000213 seconds
268.441: [GC (Allocation Failure)  1975849K->118187K(2389504K), 0.0042445 secs]
268.446: Total time for which application threads were stopped: 0.0044094 seconds, Stopping threads took: 0.0000201 seconds
268.894: [GC (Allocation Failure)  2343851K->116683K(2283008K), 0.0042056 secs]
268.898: Total time for which application threads were stopped: 0.0043740 seconds, Stopping threads took: 0.0000213 seconds
269.335: [GC (Allocation Failure)  2237387K->117067K(2183680K), 0.0042130 secs]
269.340: Total time for which application threads were stopped: 0.0044049 seconds, Stopping threads took: 0.0000201 seconds
269.761: [GC (Allocation Failure)  2137931K->116603K(2574848K), 0.0050216 secs]
269.766: Total time for which application threads were stopped: 0.0051916 seconds, Stopping threads took: 0.0000276 seconds
270.261: [GC (Allocation Failure)  2530171K->117531K(2461696K), 0.0042380 secs]
270.265: Total time for which application threads were stopped: 0.0044086 seconds, Stopping threads took: 0.0000186 seconds
270.736: [GC (Allocation Failure)  2416923K->118347K(2352640K), 0.0040950 secs]
270.740: Total time for which application threads were stopped: 0.0042629 seconds, Stopping threads took: 0.0000205 seconds
271.196: [GC (Allocation Failure)  2309195K->118795K(2250240K), 0.0042203 secs]
271.200: Total time for which application threads were stopped: 0.0043771 seconds, Stopping threads took: 0.0000195 seconds
271.621: [GC (Allocation Failure)  2206731K->119467K(2151424K), 0.0040906 secs]
271.625: Total time for which application threads were stopped: 0.0042580 seconds, Stopping threads took: 0.0000268 seconds
272.035: [GC (Allocation Failure)  2109611K->121611K(2060800K), 0.0044062 secs]
272.040: Total time for which application threads were stopped: 0.0045653 seconds, Stopping threads took: 0.0000194 seconds
272.432: [GC (Allocation Failure)  2018571K->120459K(1967616K), 0.0041062 secs]
272.436: Total time for which application threads were stopped: 0.0042685 seconds, Stopping threads took: 0.0000205 seconds
272.811: [GC (Allocation Failure)  1928843K->123435K(1886720K), 0.0040708 secs]
272.815: Total time for which application threads were stopped: 0.0042373 seconds, Stopping threads took: 0.0000199 seconds
273.162: [GC (Allocation Failure)  1847851K->123467K(2222080K), 0.0041204 secs]
273.166: Total time for which application threads were stopped: 0.0042884 seconds, Stopping threads took: 0.0000199 seconds
273.592: [GC (Allocation Failure)  2183243K->123467K(2125312K), 0.0041807 secs]
273.596: Total time for which application threads were stopped: 0.0043462 seconds, Stopping threads took: 0.0000275 seconds
273.991: [GC (Allocation Failure)  2086475K->123467K(2504192K), 0.0040481 secs]
273.995: Total time for which application threads were stopped: 0.0042404 seconds, Stopping threads took: 0.0000202 seconds
274.481: [GC (Allocation Failure)  2467915K->125931K(2396160K), 0.0040217 secs]
274.486: Total time for which application threads were stopped: 0.0041856 seconds, Stopping threads took: 0.0000173 seconds
274.954: [GC (Allocation Failure)  2359787K->125899K(2289664K), 0.0039626 secs]
274.958: Total time for which application threads were stopped: 0.0041108 seconds, Stopping threads took: 0.0000182 seconds
275.396: [GC (Allocation Failure)  2254283K->126827K(2190848K), 0.0041528 secs]
275.400: Total time for which application threads were stopped: 0.0043216 seconds, Stopping threads took: 0.0000195 seconds
275.813: [GC (Allocation Failure)  2155371K->126827K(2093056K), 0.0042363 secs]
275.817: Total time for which application threads were stopped: 0.0044293 seconds, Stopping threads took: 0.0000288 seconds
276.218: [GC (Allocation Failure)  2060139K->129483K(2006016K), 0.0041410 secs]
276.222: Total time for which application threads were stopped: 0.0043007 seconds, Stopping threads took: 0.0000203 seconds
276.598: [GC (Allocation Failure)  1972683K->129291K(1916928K), 0.0039875 secs]
276.602: Total time for which application threads were stopped: 0.0041621 seconds, Stopping threads took: 0.0000298 seconds
276.966: [GC (Allocation Failure)  1886475K->131787K(2260992K), 0.0042108 secs]
276.970: Total time for which application threads were stopped: 0.0043782 seconds, Stopping threads took: 0.0000202 seconds
277.391: [GC (Allocation Failure)  2230475K->131755K(2666496K), 0.0043137 secs]
277.395: Total time for which application threads were stopped: 0.0044834 seconds, Stopping threads took: 0.0000204 seconds
277.910: [GC (Allocation Failure)  2637995K->133707K(2549760K), 0.0048852 secs]
277.915: Total time for which application threads were stopped: 0.0051273 seconds, Stopping threads took: 0.0000567 seconds
278.404: [GC (Allocation Failure)  2521163K->133931K(2433024K), 0.0042246 secs]
278.408: Total time for which application threads were stopped: 0.0043976 seconds, Stopping threads took: 0.0000211 seconds
278.882: [GC (Allocation Failure)  2408235K->137419K(2329600K), 0.0041257 secs]
278.886: Total time for which application threads were stopped: 0.0042869 seconds, Stopping threads took: 0.0000200 seconds
279.337: [GC (Allocation Failure)  2304715K->137771K(2225664K), 0.0041543 secs]
279.341: Total time for which application threads were stopped: 0.0043504 seconds, Stopping threads took: 0.0000208 seconds
279.776: [GC (Allocation Failure)  2203179K->139723K(2130944K), 0.0042359 secs]
279.781: Total time for which application threads were stopped: 0.0044184 seconds, Stopping threads took: 0.0000266 seconds
280.188: [GC (Allocation Failure)  2108363K->139691K(2035200K), 0.0041687 secs]
280.192: Total time for which application threads were stopped: 0.0043432 seconds, Stopping threads took: 0.0000206 seconds
280.580: [GC (Allocation Failure)  2016171K->143179K(1951232K), 0.0043795 secs]
280.585: Total time for which application threads were stopped: 0.0045435 seconds, Stopping threads took: 0.0000202 seconds
280.944: [GC (Allocation Failure)  1932107K->144171K(2296832K), 0.0042958 secs]
280.948: Total time for which application threads were stopped: 0.0044570 seconds, Stopping threads took: 0.0000206 seconds
281.389: [GC (Allocation Failure)  2280747K->146091K(2198528K), 0.0042218 secs]
281.393: Total time for which application threads were stopped: 0.0043873 seconds, Stopping threads took: 0.0000197 seconds
281.810: [GC (Allocation Failure)  2182315K->146155K(2099712K), 0.0041502 secs]
281.815: Total time for which application threads were stopped: 0.0043550 seconds, Stopping threads took: 0.0000286 seconds
282.210: [GC (Allocation Failure)  2087147K->149675K(2012672K), 0.0041112 secs]
282.214: Total time for which application threads were stopped: 0.0042844 seconds, Stopping threads took: 0.0000274 seconds
282.588: [GC (Allocation Failure)  2000043K->149611K(2370048K), 0.0041708 secs]
282.593: Total time for which application threads were stopped: 0.0043552 seconds, Stopping threads took: 0.0000271 seconds
283.053: [GC (Allocation Failure)  2359403K->157969K(2669056K), 0.0075925 secs]
283.060: [Full GC (Ergonomics)  157969K->14942K(2670592K), 0.0260085 secs]
283.086: Total time for which application threads were stopped: 0.0338810 seconds, Stopping threads took: 0.0000197 seconds
283.607: [GC (Allocation Failure)  2520670K->24961K(2807296K), 0.0045708 secs]
283.612: Total time for which application threads were stopped: 0.0047313 seconds, Stopping threads took: 0.0000284 seconds
284.180: [GC (Allocation Failure)  2665345K->25169K(2807808K), 0.0047627 secs]
284.184: Total time for which application threads were stopped: 0.0049368 seconds, Stopping threads took: 0.0000287 seconds
284.719: [GC (Allocation Failure)  2665553K->24977K(2678784K), 0.0046117 secs]
284.724: Total time for which application threads were stopped: 0.0047767 seconds, Stopping threads took: 0.0000286 seconds
285.246: [GC (Allocation Failure)  2539921K->25009K(2559488K), 0.0049339 secs]
285.251: Total time for which application threads were stopped: 0.0050985 seconds, Stopping threads took: 0.0000207 seconds
285.747: [GC (Allocation Failure)  2420657K->24937K(2444800K), 0.0044020 secs]
285.751: Total time for which application threads were stopped: 0.0045955 seconds, Stopping threads took: 0.0000304 seconds
286.221: [GC (Allocation Failure)  2307433K->26377K(2338816K), 0.0056382 secs]
286.227: Total time for which application threads were stopped: 0.0058039 seconds, Stopping threads took: 0.0000205 seconds
286.675: [GC (Allocation Failure)  2201353K->26409K(2236416K), 0.0037488 secs]
286.679: Total time for which application threads were stopped: 0.0039126 seconds, Stopping threads took: 0.0000266 seconds
287.106: [GC (Allocation Failure)  2098985K->28841K(2141696K), 0.0047054 secs]
287.111: Total time for which application threads were stopped: 0.0048813 seconds, Stopping threads took: 0.0000277 seconds
287.517: [GC (Allocation Failure)  2004105K->22438K(2041856K), 0.0025035 secs]
287.519: Total time for which application threads were stopped: 0.0026681 seconds, Stopping threads took: 0.0000201 seconds
287.906: [GC (Allocation Failure)  1905574K->28873K(1960960K), 0.0046671 secs]
287.911: Total time for which application threads were stopped: 0.0048683 seconds, Stopping threads took: 0.0000255 seconds
288.285: [GC (Allocation Failure)  1824457K->27465K(1875968K), 0.0040960 secs]
288.289: Total time for which application threads were stopped: 0.0042888 seconds, Stopping threads took: 0.0000205 seconds
288.647: [GC (Allocation Failure)  1739593K->27433K(2206720K), 0.0046770 secs]
288.651: Total time for which application threads were stopped: 0.0048411 seconds, Stopping threads took: 0.0000270 seconds
289.076: [GC (Allocation Failure)  2070313K->27401K(2600448K), 0.0039138 secs]
289.080: Total time for which application threads were stopped: 0.0040924 seconds, Stopping threads took: 0.0000207 seconds
289.581: [GC (Allocation Failure)  2464521K->27849K(2485760K), 0.0046859 secs]
289.585: Total time for which application threads were stopped: 0.0048665 seconds, Stopping threads took: 0.0000206 seconds
290.060: [GC (Allocation Failure)  2349769K->27777K(2375168K), 0.0036972 secs]
290.064: Total time for which application threads were stopped: 0.0038599 seconds, Stopping threads took: 0.0000216 seconds
290.515: [GC (Allocation Failure)  2240129K->31697K(2274816K), 0.0049144 secs]
290.520: Total time for which application threads were stopped: 0.0050741 seconds, Stopping threads took: 0.0000205 seconds
290.951: [GC (Allocation Failure)  2140113K->29001K(2169344K), 0.0041987 secs]
290.956: Total time for which application threads were stopped: 0.0043690 seconds, Stopping threads took: 0.0000202 seconds
291.375: [GC (Allocation Failure)  2038601K->33001K(2079232K), 0.0047324 secs]
291.380: Total time for which application threads were stopped: 0.0049005 seconds, Stopping threads took: 0.0000209 seconds
291.780: [GC (Allocation Failure)  1948393K->33001K(1990144K), 0.0037783 secs]
291.784: Total time for which application threads were stopped: 0.0039780 seconds, Stopping threads took: 0.0000207 seconds
292.163: [GC (Allocation Failure)  1859305K->33033K(1905152K), 0.0044172 secs]
292.167: Total time for which application threads were stopped: 0.0045924 seconds, Stopping threads took: 0.0000282 seconds
292.526: [GC (Allocation Failure)  1774345K->33961K(2240000K), 0.0041083 secs]
292.530: Total time for which application threads were stopped: 0.0042788 seconds, Stopping threads took: 0.0000202 seconds
292.948: [GC (Allocation Failure)  2111657K->35433K(2144256K), 0.0039085 secs]
292.952: Total time for which application threads were stopped: 0.0040979 seconds, Stopping threads took: 0.0000194 seconds
293.362: [GC (Allocation Failure)  2015849K->35361K(2050560K), 0.0040592 secs]
293.366: Total time for which application threads were stopped: 0.0042232 seconds, Stopping threads took: 0.0000208 seconds
293.756: [GC (Allocation Failure)  1923105K->36289K(2416128K), 0.0043184 secs]
293.760: Total time for which application threads were stopped: 0.0044854 seconds, Stopping threads took: 0.0000291 seconds
294.212: [GC (Allocation Failure)  2288577K->36425K(2308608K), 0.0040309 secs]
294.217: Total time for which application threads were stopped: 0.0041994 seconds, Stopping threads took: 0.0000211 seconds
294.660: [GC (Allocation Failure)  2182729K->37897K(2209280K), 0.0041230 secs]
294.664: Total time for which application threads were stopped: 0.0042822 seconds, Stopping threads took: 0.0000203 seconds
295.075: [GC (Allocation Failure)  2083337K->37873K(2111488K), 0.0046120 secs]
295.080: Total time for which application threads were stopped: 0.0047825 seconds, Stopping threads took: 0.0000211 seconds
295.482: [GC (Allocation Failure)  1987569K->39857K(2022400K), 0.0041921 secs]
295.487: Total time for which application threads were stopped: 0.0043499 seconds, Stopping threads took: 0.0000205 seconds
295.873: [GC (Allocation Failure)  1898417K->39785K(1934336K), 0.0039178 secs]
295.877: Total time for which application threads were stopped: 0.0040828 seconds, Stopping threads took: 0.0000207 seconds
296.244: [GC (Allocation Failure)  1811817K->41225K(1853952K), 0.0040406 secs]
296.248: Total time for which application threads were stopped: 0.0042106 seconds, Stopping threads took: 0.0000264 seconds
296.587: [GC (Allocation Failure)  1731337K->41289K(2178048K), 0.0041763 secs]
296.591: Total time for which application threads were stopped: 0.0043360 seconds, Stopping threads took: 0.0000181 seconds
297.005: [GC (Allocation Failure)  2058569K->44457K(2570752K), 0.0042196 secs]
297.010: Total time for which application threads were stopped: 0.0043964 seconds, Stopping threads took: 0.0000202 seconds
297.504: [GC (Allocation Failure)  2450857K->45929K(2454528K), 0.0042812 secs]
297.509: Total time for which application threads were stopped: 0.0044766 seconds, Stopping threads took: 0.0000205 seconds
297.983: [GC (Allocation Failure)  2338665K->47881K(2348544K), 0.0038917 secs]
297.987: Total time for which application threads were stopped: 0.0040840 seconds, Stopping threads took: 0.0000200 seconds
298.439: [GC (Allocation Failure)  2232585K->47849K(2243072K), 0.0040157 secs]
298.443: Total time for which application threads were stopped: 0.0041788 seconds, Stopping threads took: 0.0000207 seconds
298.871: [GC (Allocation Failure)  2129641K->50313K(2147840K), 0.0041156 secs]
298.875: Total time for which application threads were stopped: 0.0042758 seconds, Stopping threads took: 0.0000200 seconds
299.288: [GC (Allocation Failure)  2034313K->50313K(2053120K), 0.0039910 secs]
299.292: Total time for which application threads were stopped: 0.0041728 seconds, Stopping threads took: 0.0000212 seconds
299.680: [GC (Allocation Failure)  1941641K->52297K(1967104K), 0.0042280 secs]
299.685: Total time for which application threads were stopped: 0.0043930 seconds, Stopping threads took: 0.0000256 seconds
300.047: [GC (Allocation Failure)  1855561K->52233K(1881088K), 0.0040630 secs]
300.051: Total time for which application threads were stopped: 0.0042335 seconds, Stopping threads took: 0.0000203 seconds
300.406: [GC (Allocation Failure)  1772041K->54825K(2215936K), 0.0041120 secs]
300.410: Total time for which application threads were stopped: 0.0042762 seconds, Stopping threads took: 0.0000194 seconds
300.834: [GC (Allocation Failure)  2106409K->54657K(2608640K), 0.0039783 secs]
300.838: Total time for which application threads were stopped: 0.0041508 seconds, Stopping threads took: 0.0000210 seconds
