Java HotSpot(TM) 64-Bit Server VM (25.171-b11) for linux-amd64 JRE (1.8.0_171-b11), built on Mar 28 2018 17:07:08 by "java_re" with gcc 4.3.0 20080428 (Red Hat 4.3.0-8)
Memory: 4k page, physical 32883000k(29600484k free), swap 8000508k(8000508k free)
CommandLine flags: -XX:InitialHeapSize=526128000 -XX:MaxHeapSize=8418048000 -XX:+PrintGC -XX:+PrintGCApplicationStoppedTime -XX:+PrintGCTimeStamps -XX:+UseCompressedClassPointers -XX:+UseCompressedOops -XX:+UseParallelGC 
0.230: [GC (Allocation Failure)  129024K->10316K(493056K), 0.0056459 secs]
0.236: Total time for which application threads were stopped: 0.0058444 seconds, Stopping threads took: 0.0000134 seconds
0.263: [GC (Allocation Failure)  139340K->8594K(622080K), 0.0041054 secs]
0.267: Total time for which application threads were stopped: 0.0042971 seconds, Stopping threads took: 0.0000210 seconds
0.349: [GC (Allocation Failure)  266642K->3112K(622080K), 0.0023488 secs]
0.352: Total time for which application threads were stopped: 0.0025285 seconds, Stopping threads took: 0.0000197 seconds
0.408: [GC (Allocation Failure)  261160K->8602K(880128K), 0.0034832 secs]
0.412: Total time for which application threads were stopped: 0.0036532 seconds, Stopping threads took: 0.0000203 seconds
0.569: [GC (Allocation Failure)  524698K->8570K(880128K), 0.0052157 secs]
0.574: Total time for which application threads were stopped: 0.0053796 seconds, Stopping threads took: 0.0000186 seconds
0.683: [GC (Allocation Failure)  524666K->8666K(1386496K), 0.0045609 secs]
0.688: Total time for which application threads were stopped: 0.0047235 seconds, Stopping threads took: 0.0000200 seconds
1.002: [GC (Allocation Failure)  1040858K->8624K(1387008K), 0.0054333 secs]
1.007: Total time for which application threads were stopped: 0.0056199 seconds, Stopping threads took: 0.0000197 seconds
1.225: [GC (Allocation Failure)  1040816K->821K(2417152K), 0.0006219 secs]
1.225: Total time for which application threads were stopped: 0.0007520 seconds, Stopping threads took: 0.0000271 seconds
1.858: [GC (Allocation Failure)  2063669K->8600K(2418688K), 0.0081424 secs]
1.866: Total time for which application threads were stopped: 0.0083200 seconds, Stopping threads took: 0.0000174 seconds
2.296: [GC (Allocation Failure)  2071448K->8664K(3070464K), 0.0046308 secs]
2.301: Total time for which application threads were stopped: 0.0047950 seconds, Stopping threads took: 0.0000208 seconds
2.991: [GC (Allocation Failure)  2724312K->8600K(3070976K), 0.0044279 secs]
2.996: Total time for which application threads were stopped: 0.0045816 seconds, Stopping threads took: 0.0000201 seconds
3.553: [GC (Allocation Failure)  2724248K->8888K(3071488K), 0.0035523 secs]
3.556: Total time for which application threads were stopped: 0.0037165 seconds, Stopping threads took: 0.0000196 seconds
4.059: Total time for which application threads were stopped: 0.0001289 seconds, Stopping threads took: 0.0000591 seconds
4.118: [GC (Allocation Failure)  2725048K->8600K(3067392K), 0.0038848 secs]
4.122: Total time for which application threads were stopped: 0.0040373 seconds, Stopping threads took: 0.0000189 seconds
4.677: [GC (Allocation Failure)  2724760K->8632K(3070976K), 0.0036076 secs]
4.680: Total time for which application threads were stopped: 0.0037771 seconds, Stopping threads took: 0.0000267 seconds
5.243: [GC (Allocation Failure)  2724792K->8984K(2938368K), 0.0040475 secs]
5.248: Total time for which application threads were stopped: 0.0042083 seconds, Stopping threads took: 0.0000271 seconds
5.778: [GC (Allocation Failure)  2595608K->8552K(2810368K), 0.0045372 secs]
5.783: Total time for which application threads were stopped: 0.0046994 seconds, Stopping threads took: 0.0000196 seconds
6.295: [GC (Allocation Failure)  2472296K->13034K(2698240K), 0.0036847 secs]
6.299: Total time for which application threads were stopped: 0.0038394 seconds, Stopping threads took: 0.0000198 seconds
6.784: [GC (Allocation Failure)  2360042K->13034K(2587136K), 0.0036644 secs]
6.788: Total time for which application threads were stopped: 0.0038182 seconds, Stopping threads took: 0.0000202 seconds
7.241: [GC (Allocation Failure)  2248938K->13066K(2481664K), 0.0041542 secs]
7.246: Total time for which application threads were stopped: 0.0043100 seconds, Stopping threads took: 0.0000199 seconds
7.688: [GC (Allocation Failure)  2143498K->13002K(2378752K), 0.0039537 secs]
7.692: Total time for which application threads were stopped: 0.0041101 seconds, Stopping threads took: 0.0000266 seconds
8.109: [GC (Allocation Failure)  2043082K->15466K(2286080K), 0.0040391 secs]
8.113: Total time for which application threads were stopped: 0.0042026 seconds, Stopping threads took: 0.0000193 seconds
8.516: [GC (Allocation Failure)  1950314K->15466K(2195456K), 0.0037734 secs]
8.520: Total time for which application threads were stopped: 0.0039497 seconds, Stopping threads took: 0.0000202 seconds
8.904: [GC (Allocation Failure)  1859690K->15466K(2109440K), 0.0041815 secs]
8.908: Total time for which application threads were stopped: 0.0043475 seconds, Stopping threads took: 0.0000203 seconds
9.267: [GC (Allocation Failure)  1773674K->16298K(2024448K), 0.0042735 secs]
9.271: Total time for which application threads were stopped: 0.0044321 seconds, Stopping threads took: 0.0000260 seconds
9.618: [GC (Allocation Failure)  1693098K->19786K(1950208K), 0.0038769 secs]
9.622: Total time for which application threads were stopped: 0.0040470 seconds, Stopping threads took: 0.0000192 seconds
9.959: [GC (Allocation Failure)  1618762K->19818K(1876480K), 0.0036500 secs]
9.963: Total time for which application threads were stopped: 0.0038430 seconds, Stopping threads took: 0.0000202 seconds
10.281: [GC (Allocation Failure)  1545066K->20170K(2334720K), 0.0041653 secs]
10.286: Total time for which application threads were stopped: 0.0043319 seconds, Stopping threads took: 0.0000278 seconds
10.694: [GC (Allocation Failure)  2003146K->22058K(2925056K), 0.0049037 secs]
10.699: Total time for which application threads were stopped: 0.0050651 seconds, Stopping threads took: 0.0000204 seconds
11.218: [GC (Allocation Failure)  2599978K->26058K(2806784K), 0.0037642 secs]
11.222: Total time for which application threads were stopped: 0.0039636 seconds, Stopping threads took: 0.0000280 seconds
11.727: [GC (Allocation Failure)  2481610K->26090K(2690560K), 0.0038051 secs]
11.731: Total time for which application threads were stopped: 0.0039787 seconds, Stopping threads took: 0.0000278 seconds
12.213: [GC (Allocation Failure)  2365418K->26090K(2579968K), 0.0040448 secs]
12.217: Total time for which application threads were stopped: 0.0042160 seconds, Stopping threads took: 0.0000267 seconds
12.678: [GC (Allocation Failure)  2254826K->26610K(2471424K), 0.0043404 secs]
12.683: Total time for which application threads were stopped: 0.0045101 seconds, Stopping threads took: 0.0000267 seconds
13.124: [GC (Allocation Failure)  2150386K->30130K(2375168K), 0.0039808 secs]
13.128: Total time for which application threads were stopped: 0.0041457 seconds, Stopping threads took: 0.0000193 seconds
13.548: [GC (Allocation Failure)  2054066K->30162K(2280448K), 0.0038722 secs]
13.552: Total time for which application threads were stopped: 0.0040431 seconds, Stopping threads took: 0.0000207 seconds
13.954: [GC (Allocation Failure)  1959378K->30130K(2190336K), 0.0048406 secs]
13.959: Total time for which application threads were stopped: 0.0050122 seconds, Stopping threads took: 0.0000197 seconds
14.335: [GC (Allocation Failure)  1869234K->30058K(2100224K), 0.0042040 secs]
14.339: Total time for which application threads were stopped: 0.0043813 seconds, Stopping threads took: 0.0000292 seconds
14.702: [GC (Allocation Failure)  1783658K->36172K(2024960K), 0.0038385 secs]
14.706: Total time for which application threads were stopped: 0.0040010 seconds, Stopping threads took: 0.0000263 seconds
15.055: [GC (Allocation Failure)  1708364K->34516K(2440192K), 0.0046878 secs]
15.059: Total time for which application threads were stopped: 0.0048469 seconds, Stopping threads took: 0.0000200 seconds
15.489: [GC (Allocation Failure)  2125012K->35956K(2343424K), 0.0037828 secs]
15.493: Total time for which application threads were stopped: 0.0039848 seconds, Stopping threads took: 0.0000193 seconds
15.896: [GC (Allocation Failure)  2028148K->36716K(2248192K), 0.0042268 secs]
15.900: Total time for which application threads were stopped: 0.0043895 seconds, Stopping threads took: 0.0000198 seconds
16.290: [GC (Allocation Failure)  1935724K->40348K(2163200K), 0.0039832 secs]
16.294: Total time for which application threads were stopped: 0.0041712 seconds, Stopping threads took: 0.0000195 seconds
16.671: [GC (Allocation Failure)  1850780K->38764K(2555904K), 0.0044212 secs]
16.675: Total time for which application threads were stopped: 0.0045958 seconds, Stopping threads took: 0.0000200 seconds
17.126: [GC (Allocation Failure)  2247532K->42796K(2456064K), 0.0041030 secs]
17.130: Total time for which application threads were stopped: 0.0042660 seconds, Stopping threads took: 0.0000200 seconds
17.569: [GC (Allocation Failure)  2147628K->42796K(2357248K), 0.0038656 secs]
17.572: Total time for which application threads were stopped: 0.0040199 seconds, Stopping threads took: 0.0000197 seconds
17.977: [GC (Allocation Failure)  2048812K->43148K(2263552K), 0.0043140 secs]
17.981: Total time for which application threads were stopped: 0.0044823 seconds, Stopping threads took: 0.0000198 seconds
18.371: [GC (Allocation Failure)  1954956K->42764K(2169856K), 0.0043553 secs]
18.375: Total time for which application threads were stopped: 0.0045192 seconds, Stopping threads took: 0.0000270 seconds
18.755: [GC (Allocation Failure)  1865484K->46764K(2088960K), 0.0035973 secs]
18.759: Total time for which application threads were stopped: 0.0037542 seconds, Stopping threads took: 0.0000196 seconds
19.122: [GC (Allocation Failure)  1784492K->46732K(2008064K), 0.0035211 secs]
19.125: Total time for which application threads were stopped: 0.0036821 seconds, Stopping threads took: 0.0000203 seconds
19.470: [GC (Allocation Failure)  1704076K->47180K(1931776K), 0.0043786 secs]
19.474: Total time for which application threads were stopped: 0.0045421 seconds, Stopping threads took: 0.0000189 seconds
19.794: [GC (Allocation Failure)  1627724K->47308K(2259968K), 0.0043837 secs]
19.798: Total time for which application threads were stopped: 0.0045507 seconds, Stopping threads took: 0.0000277 seconds
20.195: [GC (Allocation Failure)  1960140K->51964K(2666496K), 0.0039191 secs]
20.199: Total time for which application threads were stopped: 0.0040843 seconds, Stopping threads took: 0.0000273 seconds
20.679: [GC (Allocation Failure)  2366716K->51380K(2555392K), 0.0039805 secs]
20.683: Total time for which application threads were stopped: 0.0041443 seconds, Stopping threads took: 0.0000203 seconds
21.136: [GC (Allocation Failure)  2256564K->52308K(2452480K), 0.0042358 secs]
21.140: Total time for which application threads were stopped: 0.0043927 seconds, Stopping threads took: 0.0000194 seconds
21.575: [GC (Allocation Failure)  2153556K->52300K(2350080K), 0.0045203 secs]
21.580: Total time for which application threads were stopped: 0.0046860 seconds, Stopping threads took: 0.0000196 seconds
21.991: [GC (Allocation Failure)  2054732K->55948K(2260480K), 0.0041125 secs]
21.995: Total time for which application threads were stopped: 0.0042691 seconds, Stopping threads took: 0.0000191 seconds
22.395: [GC (Allocation Failure)  1964684K->55788K(2168320K), 0.0041867 secs]
22.399: Total time for which application threads were stopped: 0.0043722 seconds, Stopping threads took: 0.0000286 seconds
22.780: [GC (Allocation Failure)  1875436K->58284K(2086400K), 0.0042525 secs]
22.784: Total time for which application threads were stopped: 0.0044275 seconds, Stopping threads took: 0.0000190 seconds
23.141: [GC (Allocation Failure)  1793452K->54314K(2002432K), 0.0024582 secs]
23.143: Total time for which application threads were stopped: 0.0026239 seconds, Stopping threads took: 0.0000204 seconds
23.482: [GC (Allocation Failure)  1709098K->58252K(1929728K), 0.0040924 secs]
23.486: Total time for which application threads were stopped: 0.0042735 seconds, Stopping threads took: 0.0000205 seconds
23.813: [GC (Allocation Failure)  1636748K->58412K(2244608K), 0.0040984 secs]
23.817: Total time for which application threads were stopped: 0.0042992 seconds, Stopping threads took: 0.0000286 seconds
24.212: [GC (Allocation Failure)  1952812K->59436K(2157056K), 0.0038744 secs]
24.216: Total time for which application threads were stopped: 0.0040377 seconds, Stopping threads took: 0.0000264 seconds
24.590: [GC (Allocation Failure)  1865260K->59316K(2069504K), 0.0040847 secs]
24.595: Total time for which application threads were stopped: 0.0042369 seconds, Stopping threads took: 0.0000169 seconds
24.944: [GC (Allocation Failure)  1781172K->60242K(1990656K), 0.0029844 secs]
24.947: Total time for which application threads were stopped: 0.0031408 seconds, Stopping threads took: 0.0000188 seconds
25.285: [GC (Allocation Failure)  1702226K->62804K(1917440K), 0.0039525 secs]
25.289: Total time for which application threads were stopped: 0.0041213 seconds, Stopping threads took: 0.0000196 seconds
25.615: [GC (Allocation Failure)  1629012K->63060K(2231296K), 0.0039921 secs]
25.620: Total time for which application threads were stopped: 0.0041800 seconds, Stopping threads took: 0.0000200 seconds
26.010: [GC (Allocation Failure)  1942612K->62764K(2601984K), 0.0045683 secs]
26.015: Total time for which application threads were stopped: 0.0047344 seconds, Stopping threads took: 0.0000196 seconds
26.471: [GC (Allocation Failure)  2318636K->67758K(2500608K), 0.0038783 secs]
26.475: Total time for which application threads were stopped: 0.0040544 seconds, Stopping threads took: 0.0000201 seconds
26.922: [GC (Allocation Failure)  2217134K->67822K(2399232K), 0.0038826 secs]
26.926: Total time for which application threads were stopped: 0.0040407 seconds, Stopping threads took: 0.0000201 seconds
27.349: [GC (Allocation Failure)  2115822K->69974K(2810368K), 0.0056238 secs]
27.355: Total time for which application threads were stopped: 0.0058100 seconds, Stopping threads took: 0.0000282 seconds
27.863: [GC (Allocation Failure)  2527574K->68302K(2685952K), 0.0045553 secs]
27.868: Total time for which application threads were stopped: 0.0047129 seconds, Stopping threads took: 0.0000192 seconds
28.349: [GC (Allocation Failure)  2409166K->74577K(2582016K), 0.0040688 secs]
28.353: Total time for which application threads were stopped: 0.0042352 seconds, Stopping threads took: 0.0000199 seconds
28.813: [GC (Allocation Failure)  2304849K->74385K(2476544K), 0.0039264 secs]
28.817: Total time for which application threads were stopped: 0.0040928 seconds, Stopping threads took: 0.0000195 seconds
29.245: [GC (Allocation Failure)  2199697K->77969K(2378240K), 0.0052861 secs]
29.250: Total time for which application threads were stopped: 0.0054610 seconds, Stopping threads took: 0.0000286 seconds
29.664: [GC (Allocation Failure)  2103441K->76297K(2275840K), 0.0048397 secs]
29.669: Total time for which application threads were stopped: 0.0050081 seconds, Stopping threads took: 0.0000201 seconds
30.068: [GC (Allocation Failure)  2007049K->82315K(2191872K), 0.0039730 secs]
30.072: Total time for which application threads were stopped: 0.0041616 seconds, Stopping threads took: 0.0000200 seconds
30.455: [GC (Allocation Failure)  1922955K->78217K(2102272K), 0.0023173 secs]
30.458: Total time for which application threads were stopped: 0.0025407 seconds, Stopping threads took: 0.0000547 seconds
30.821: [GC (Allocation Failure)  1833353K->82379K(2024960K), 0.0041728 secs]
30.826: Total time for which application threads were stopped: 0.0043415 seconds, Stopping threads took: 0.0000201 seconds
31.175: [GC (Allocation Failure)  1756107K->82347K(1947648K), 0.0038908 secs]
31.179: Total time for which application threads were stopped: 0.0040791 seconds, Stopping threads took: 0.0000196 seconds
31.514: [GC (Allocation Failure)  1678763K->82315K(1873920K), 0.0043298 secs]
31.519: Total time for which application threads were stopped: 0.0044883 seconds, Stopping threads took: 0.0000202 seconds
31.835: [GC (Allocation Failure)  1605003K->82347K(2176000K), 0.0041852 secs]
31.839: Total time for which application threads were stopped: 0.0043664 seconds, Stopping threads took: 0.0000263 seconds
32.221: [GC (Allocation Failure)  1909675K->84811K(2544128K), 0.0039056 secs]
32.225: Total time for which application threads were stopped: 0.0040734 seconds, Stopping threads took: 0.0000196 seconds
32.673: [GC (Allocation Failure)  2277707K->87947K(2866688K), 0.0053668 secs]
32.679: Total time for which application threads were stopped: 0.0055370 seconds, Stopping threads took: 0.0000202 seconds
33.195: [GC (Allocation Failure)  2604427K->88907K(2748416K), 0.0042138 secs]
33.199: Total time for which application threads were stopped: 0.0043800 seconds, Stopping threads took: 0.0000196 seconds
33.680: [GC (Allocation Failure)  2486091K->88843K(2630144K), 0.0042007 secs]
33.684: Total time for which application threads were stopped: 0.0043949 seconds, Stopping threads took: 0.0000202 seconds
34.153: [GC (Allocation Failure)  2372363K->93581K(2527232K), 0.0041933 secs]
34.157: Total time for which application threads were stopped: 0.0043837 seconds, Stopping threads took: 0.0000200 seconds
34.608: [GC (Allocation Failure)  2269069K->93293K(2424320K), 0.0038830 secs]
34.612: Total time for which application threads were stopped: 0.0040472 seconds, Stopping threads took: 0.0000194 seconds
35.040: [GC (Allocation Failure)  2166381K->93453K(2327552K), 0.0043253 secs]
35.044: Total time for which application threads were stopped: 0.0044919 seconds, Stopping threads took: 0.0000199 seconds
35.450: [GC (Allocation Failure)  2069261K->93837K(2230272K), 0.0044079 secs]
35.455: Total time for which application threads were stopped: 0.0046006 seconds, Stopping threads took: 0.0000203 seconds
35.845: [GC (Allocation Failure)  1976973K->98037K(2146816K), 0.0047855 secs]
35.850: Total time for which application threads were stopped: 0.0049857 seconds, Stopping threads took: 0.0000260 seconds
36.220: [GC (Allocation Failure)  1893109K->97909K(2062848K), 0.0038896 secs]
36.224: Total time for which application threads were stopped: 0.0040653 seconds, Stopping threads took: 0.0000278 seconds
36.567: [GC (Allocation Failure)  1809525K->101557K(2406912K), 0.0057237 secs]
36.573: Total time for which application threads were stopped: 0.0058692 seconds, Stopping threads took: 0.0000165 seconds
36.997: [GC (Allocation Failure)  2155701K->99885K(2810368K), 0.0044370 secs]
37.001: Total time for which application threads were stopped: 0.0046285 seconds, Stopping threads took: 0.0000198 seconds
37.508: [GC (Allocation Failure)  2565165K->105903K(2836992K), 0.0041003 secs]
37.512: Total time for which application threads were stopped: 0.0042670 seconds, Stopping threads took: 0.0000195 seconds
38.010: [GC (Allocation Failure)  2589103K->105935K(2716672K), 0.0047076 secs]
38.015: Total time for which application threads were stopped: 0.0048726 seconds, Stopping threads took: 0.0000203 seconds
38.502: [GC (Allocation Failure)  2471375K->105903K(2604544K), 0.0048265 secs]
38.507: Total time for which application threads were stopped: 0.0049923 seconds, Stopping threads took: 0.0000197 seconds
38.972: [GC (Allocation Failure)  2359215K->105871K(2495488K), 0.0049869 secs]
38.977: Total time for which application threads were stopped: 0.0051418 seconds, Stopping threads took: 0.0000194 seconds
39.419: [GC (Allocation Failure)  2252687K->108335K(2397184K), 0.0048826 secs]
39.424: Total time for which application threads were stopped: 0.0050462 seconds, Stopping threads took: 0.0000187 seconds
39.838: [GC (Allocation Failure)  2154287K->109263K(2805760K), 0.0049913 secs]
39.844: Total time for which application threads were stopped: 0.0051903 seconds, Stopping threads took: 0.0000256 seconds
40.349: [GC (Allocation Failure)  2564815K->112143K(2692608K), 0.0049280 secs]
40.354: Total time for which application threads were stopped: 0.0050942 seconds, Stopping threads took: 0.0000196 seconds
40.832: [GC (Allocation Failure)  2451471K->110599K(3051008K), 0.0100785 secs]
40.843: Total time for which application threads were stopped: 0.0102956 seconds, Stopping threads took: 0.0000207 seconds
41.447: [GC (Allocation Failure)  2814983K->115114K(3058176K), 0.0039535 secs]
41.451: Total time for which application threads were stopped: 0.0041180 seconds, Stopping threads took: 0.0000263 seconds
42.006: [GC (Allocation Failure)  2819498K->113255K(2925056K), 0.0037571 secs]
42.010: Total time for which application threads were stopped: 0.0039222 seconds, Stopping threads took: 0.0000195 seconds
42.544: [GC (Allocation Failure)  2688615K->115082K(2804224K), 0.0041848 secs]
42.549: Total time for which application threads were stopped: 0.0043768 seconds, Stopping threads took: 0.0000203 seconds
43.054: [GC (Allocation Failure)  2568074K->115050K(2686976K), 0.0047241 secs]
43.059: Total time for which application threads were stopped: 0.0048921 seconds, Stopping threads took: 0.0000204 seconds
43.533: [GC (Allocation Failure)  2451818K->116010K(2577408K), 0.0042776 secs]
43.538: Total time for which application threads were stopped: 0.0044636 seconds, Stopping threads took: 0.0000191 seconds
43.995: [GC (Allocation Failure)  2342186K->116498K(2469888K), 0.0044402 secs]
44.000: Total time for which application threads were stopped: 0.0046080 seconds, Stopping threads took: 0.0000206 seconds
44.438: [GC (Allocation Failure)  2237714K->118962K(2372608K), 0.0043502 secs]
44.442: Total time for which application threads were stopped: 0.0045174 seconds, Stopping threads took: 0.0000201 seconds
44.855: [GC (Allocation Failure)  2140338K->118938K(2776064K), 0.0071909 secs]
44.863: Total time for which application threads were stopped: 0.0074018 seconds, Stopping threads took: 0.0000258 seconds
45.363: [GC (Allocation Failure)  2544794K->119898K(3052032K), 0.0041599 secs]
45.367: Total time for which application threads were stopped: 0.0043328 seconds, Stopping threads took: 0.0000262 seconds
45.920: [GC (Allocation Failure)  2819162K->119898K(2921984K), 0.0049423 secs]
45.925: Total time for which application threads were stopped: 0.0050986 seconds, Stopping threads took: 0.0000205 seconds
46.458: [GC (Allocation Failure)  2690650K->119866K(2799616K), 0.0048467 secs]
46.463: Total time for which application threads were stopped: 0.0050152 seconds, Stopping threads took: 0.0000207 seconds
46.957: [GC (Allocation Failure)  2568250K->119882K(2678784K), 0.0048121 secs]
46.962: Total time for which application threads were stopped: 0.0049894 seconds, Stopping threads took: 0.0000202 seconds
47.440: [GC (Allocation Failure)  2452042K->124332K(2573312K), 0.0040319 secs]
47.444: Total time for which application threads were stopped: 0.0041956 seconds, Stopping threads took: 0.0000189 seconds
47.907: [GC (Allocation Failure)  2346412K->118250K(2462208K), 0.0016335 secs]
47.908: Total time for which application threads were stopped: 0.0017552 seconds, Stopping threads took: 0.0000179 seconds
48.337: [GC (Allocation Failure)  2235370K->124396K(2369024K), 0.0040726 secs]
48.341: Total time for which application threads were stopped: 0.0042431 seconds, Stopping threads took: 0.0000210 seconds
48.758: [GC (Allocation Failure)  2142188K->124364K(2274304K), 0.0039915 secs]
48.762: Total time for which application threads were stopped: 0.0041634 seconds, Stopping threads took: 0.0000259 seconds
49.163: [GC (Allocation Failure)  2047436K->124396K(2184704K), 0.0044476 secs]
49.168: Total time for which application threads were stopped: 0.0046227 seconds, Stopping threads took: 0.0000197 seconds
49.553: [GC (Allocation Failure)  1957868K->124332K(2095616K), 0.0046601 secs]
49.558: Total time for which application threads were stopped: 0.0048176 seconds, Stopping threads took: 0.0000207 seconds
49.910: [GC (Allocation Failure)  1872296K->123946K(2014720K), 0.0028356 secs]
49.913: Total time for which application threads were stopped: 0.0029964 seconds, Stopping threads took: 0.0000193 seconds
50.260: [GC (Allocation Failure)  1791018K->127852K(1940992K), 0.0041491 secs]
50.264: Total time for which application threads were stopped: 0.0043121 seconds, Stopping threads took: 0.0000285 seconds
50.595: [GC (Allocation Failure)  1717612K->128556K(1868800K), 0.0042656 secs]
50.599: Total time for which application threads were stopped: 0.0044336 seconds, Stopping threads took: 0.0000280 seconds
50.916: [GC (Allocation Failure)  1645100K->129324K(2166784K), 0.0050438 secs]
50.921: Total time for which application threads were stopped: 0.0052249 seconds, Stopping threads took: 0.0000204 seconds
51.296: [GC (Allocation Failure)  1949484K->134190K(2535936K), 0.0039426 secs]
51.300: Total time for which application threads were stopped: 0.0041101 seconds, Stopping threads took: 0.0000266 seconds
51.749: [GC (Allocation Failure)  2318382K->133806K(2972672K), 0.0041570 secs]
51.753: Total time for which application threads were stopped: 0.0043091 seconds, Stopping threads took: 0.0000258 seconds
52.292: [GC (Allocation Failure)  2755246K->133966K(2848768K), 0.0043019 secs]
52.296: Total time for which application threads were stopped: 0.0044751 seconds, Stopping threads took: 0.0000197 seconds
52.804: [GC (Allocation Failure)  2630990K->134702K(2726912K), 0.0045255 secs]
52.809: Total time for which application threads were stopped: 0.0046829 seconds, Stopping threads took: 0.0000201 seconds
53.287: [GC (Allocation Failure)  2513454K->138606K(2618368K), 0.0042986 secs]
53.291: Total time for which application threads were stopped: 0.0044551 seconds, Stopping threads took: 0.0000196 seconds
53.758: [GC (Allocation Failure)  2404718K->137678K(2509824K), 0.0037862 secs]
53.762: Total time for which application threads were stopped: 0.0039697 seconds, Stopping threads took: 0.0000264 seconds
54.207: [GC (Allocation Failure)  2296782K->138092K(2408960K), 0.0053184 secs]
54.213: Total time for which application threads were stopped: 0.0054789 seconds, Stopping threads took: 0.0000271 seconds
54.636: [GC (Allocation Failure)  2195820K->138062K(2310144K), 0.0043322 secs]
54.641: Total time for which application threads were stopped: 0.0044984 seconds, Stopping threads took: 0.0000197 seconds
55.042: [GC (Allocation Failure)  2099022K->140014K(2220544K), 0.0042930 secs]
55.046: Total time for which application threads were stopped: 0.0044694 seconds, Stopping threads took: 0.0000398 seconds
55.432: [GC (Allocation Failure)  2009326K->139982K(2131968K), 0.0039335 secs]
55.436: Total time for which application threads were stopped: 0.0041013 seconds, Stopping threads took: 0.0000200 seconds
55.803: [GC (Allocation Failure)  1922254K->145390K(2491904K), 0.0057221 secs]
55.809: Total time for which application threads were stopped: 0.0058914 seconds, Stopping threads took: 0.0000193 seconds
56.244: [GC (Allocation Failure)  2284526K->143718K(2913792K), 0.0044335 secs]
56.249: Total time for which application threads were stopped: 0.0045957 seconds, Stopping threads took: 0.0000256 seconds
56.776: [GC (Allocation Failure)  2710886K->148393K(2797056K), 0.0038032 secs]
56.780: Total time for which application threads were stopped: 0.0039763 seconds, Stopping threads took: 0.0000273 seconds
57.277: [GC (Allocation Failure)  2593705K->148233K(2680832K), 0.0043248 secs]
57.281: Total time for which application threads were stopped: 0.0044947 seconds, Stopping threads took: 0.0000296 seconds
57.766: [GC (Allocation Failure)  2477833K->148233K(2570752K), 0.0043572 secs]
57.770: Total time for which application threads were stopped: 0.0045345 seconds, Stopping threads took: 0.0000260 seconds
58.228: [GC (Allocation Failure)  2367753K->148169K(2463744K), 0.0040913 secs]
58.232: Total time for which application threads were stopped: 0.0042718 seconds, Stopping threads took: 0.0000355 seconds
58.664: [GC (Allocation Failure)  2263241K->150697K(2366976K), 0.0039914 secs]
58.669: Total time for which application threads were stopped: 0.0041810 seconds, Stopping threads took: 0.0000191 seconds
59.086: [GC (Allocation Failure)  2166441K->150801K(2271232K), 0.0043031 secs]
59.090: Total time for which application threads were stopped: 0.0044973 seconds, Stopping threads took: 0.0000209 seconds
59.493: [GC (Allocation Failure)  2071825K->151889K(2183168K), 0.0043428 secs]
59.497: Total time for which application threads were stopped: 0.0045221 seconds, Stopping threads took: 0.0000197 seconds
59.869: [GC (Allocation Failure)  1983313K->151689K(2094080K), 0.0043138 secs]
59.874: Total time for which application threads were stopped: 0.0044676 seconds, Stopping threads took: 0.0000176 seconds
60.233: [GC (Allocation Failure)  1897609K->154665K(2016256K), 0.0039155 secs]
60.237: Total time for which application threads were stopped: 0.0040725 seconds, Stopping threads took: 0.0000257 seconds
60.580: [GC (Allocation Failure)  1819689K->154833K(2348032K), 0.0041159 secs]
60.584: Total time for which application threads were stopped: 0.0042864 seconds, Stopping threads took: 0.0000207 seconds
60.995: [GC (Allocation Failure)  2153169K->156913K(2256896K), 0.0040961 secs]
60.999: Total time for which application threads were stopped: 0.0042882 seconds, Stopping threads took: 0.0000521 seconds
61.389: [GC (Allocation Failure)  2061553K->156265K(2632704K), 0.0044842 secs]
61.393: Total time for which application threads were stopped: 0.0046512 seconds, Stopping threads took: 0.0000197 seconds
61.865: [GC (Allocation Failure)  2441833K->160297K(2528768K), 0.0040341 secs]
61.869: Total time for which application threads were stopped: 0.0042248 seconds, Stopping threads took: 0.0000194 seconds
62.308: [GC (Allocation Failure)  2337832K->156358K(2422784K), 0.0027136 secs]
62.311: Total time for which application threads were stopped: 0.0028888 seconds, Stopping threads took: 0.0000201 seconds
62.739: [GC (Allocation Failure)  2231494K->160233K(2329088K), 0.0039331 secs]
62.743: Total time for which application threads were stopped: 0.0040884 seconds, Stopping threads took: 0.0000203 seconds
63.155: [GC (Allocation Failure)  2138089K->160297K(2236416K), 0.0039498 secs]
63.159: Total time for which application threads were stopped: 0.0041063 seconds, Stopping threads took: 0.0000178 seconds
63.552: [GC (Allocation Failure)  2045481K->160265K(2148352K), 0.0041010 secs]
63.556: Total time for which application threads were stopped: 0.0042907 seconds, Stopping threads took: 0.0000188 seconds
63.920: [GC (Allocation Failure)  1957385K->160225K(2060288K), 0.0045916 secs]
63.925: Total time for which application threads were stopped: 0.0047709 seconds, Stopping threads took: 0.0000196 seconds
64.279: [GC (Allocation Failure)  1873889K->164675K(2407936K), 0.0042585 secs]
64.283: Total time for which application threads were stopped: 0.0044236 seconds, Stopping threads took: 0.0000196 seconds
64.708: [GC (Allocation Failure)  2221379K->165067K(2311680K), 0.0039590 secs]
64.712: Total time for which application threads were stopped: 0.0041296 seconds, Stopping threads took: 0.0000210 seconds
65.119: [GC (Allocation Failure)  2125515K->168331K(2705408K), 0.0054443 secs]
65.124: Total time for which application threads were stopped: 0.0056231 seconds, Stopping threads took: 0.0000201 seconds
65.606: [GC (Allocation Failure)  2520971K->167491K(2927616K), 0.0051553 secs]
65.612: Total time for which application threads were stopped: 0.0053255 seconds, Stopping threads took: 0.0000205 seconds
66.134: [GC (Allocation Failure)  2750019K->173477K(2810880K), 0.0039747 secs]
66.138: Total time for which application threads were stopped: 0.0041317 seconds, Stopping threads took: 0.0000205 seconds
66.639: [GC (Allocation Failure)  2633125K->173477K(2689024K), 0.0047611 secs]
66.644: Total time for which application threads were stopped: 0.0049537 seconds, Stopping threads took: 0.0000207 seconds
67.128: [GC (Allocation Failure)  2516389K->178439K(2583552K), 0.0042297 secs]
67.132: Total time for which application threads were stopped: 0.0044168 seconds, Stopping threads took: 0.0000194 seconds
67.598: [GC (Allocation Failure)  2410759K->178951K(2478592K), 0.0041004 secs]
67.603: Total time for which application threads were stopped: 0.0042813 seconds, Stopping threads took: 0.0000207 seconds
68.044: [GC (Allocation Failure)  2305799K->178439K(2378240K), 0.0042471 secs]
68.049: Total time for which application threads were stopped: 0.0044149 seconds, Stopping threads took: 0.0000210 seconds
68.462: [GC (Allocation Failure)  2205447K->178455K(2278912K), 0.0044726 secs]
68.466: Total time for which application threads were stopped: 0.0046421 seconds, Stopping threads took: 0.0000202 seconds
68.865: [GC (Allocation Failure)  2110231K->182487K(2192896K), 0.0041396 secs]
68.869: Total time for which application threads were stopped: 0.0043119 seconds, Stopping threads took: 0.0000197 seconds
69.250: [GC (Allocation Failure)  2024151K->182415K(2106368K), 0.0041542 secs]
69.254: Total time for which application threads were stopped: 0.0043626 seconds, Stopping threads took: 0.0000261 seconds
69.613: [GC (Allocation Failure)  1938063K->183279K(2025984K), 0.0041549 secs]
69.617: Total time for which application threads were stopped: 0.0043441 seconds, Stopping threads took: 0.0000197 seconds
69.961: [GC (Allocation Failure)  1857519K->182791K(2355712K), 0.0046515 secs]
69.965: Total time for which application threads were stopped: 0.0048189 seconds, Stopping threads took: 0.0000197 seconds
70.384: [GC (Allocation Failure)  2191879K->187274K(2762240K), 0.0040369 secs]
70.388: Total time for which application threads were stopped: 0.0042103 seconds, Stopping threads took: 0.0000269 seconds
70.875: [GC (Allocation Failure)  2598282K->187306K(2648064K), 0.0039299 secs]
70.879: Total time for which application threads were stopped: 0.0040887 seconds, Stopping threads took: 0.0000202 seconds
71.356: [GC (Allocation Failure)  2484138K->187274K(2539520K), 0.0042818 secs]
71.361: Total time for which application threads were stopped: 0.0044531 seconds, Stopping threads took: 0.0000271 seconds
71.814: [GC (Allocation Failure)  2375562K->187402K(2432000K), 0.0046317 secs]
71.819: Total time for which application threads were stopped: 0.0047896 seconds, Stopping threads took: 0.0000206 seconds
72.249: [GC (Allocation Failure)  2272778K->191916K(2338816K), 0.0041010 secs]
72.253: Total time for which application threads were stopped: 0.0042572 seconds, Stopping threads took: 0.0000196 seconds
72.665: [GC (Allocation Failure)  2179500K->191852K(2244608K), 0.0040516 secs]
72.670: Total time for which application threads were stopped: 0.0042132 seconds, Stopping threads took: 0.0000203 seconds
73.061: [GC (Allocation Failure)  2086252K->192780K(2157056K), 0.0043108 secs]
73.065: Total time for which application threads were stopped: 0.0044875 seconds, Stopping threads took: 0.0000197 seconds
73.441: [GC (Allocation Failure)  1998516K->188834K(2068480K), 0.0029549 secs]
73.444: Total time for which application threads were stopped: 0.0031285 seconds, Stopping threads took: 0.0000205 seconds
73.805: [GC (Allocation Failure)  1910690K->193316K(1993216K), 0.0039688 secs]
73.809: Total time for which application threads were stopped: 0.0041376 seconds, Stopping threads took: 0.0000169 seconds
74.143: [GC (Allocation Failure)  1835300K->197778K(2321920K), 0.0068494 secs]
74.150: Total time for which application threads were stopped: 0.0070263 seconds, Stopping threads took: 0.0000199 seconds
74.557: [GC (Allocation Failure)  2168466K->197652K(2716160K), 0.0043365 secs]
74.561: Total time for which application threads were stopped: 0.0045049 seconds, Stopping threads took: 0.0000194 seconds
75.050: [GC (Allocation Failure)  2562580K->202538K(2870784K), 0.0073555 secs]
75.058: Total time for which application threads were stopped: 0.0075375 seconds, Stopping threads took: 0.0000193 seconds
75.569: [GC (Allocation Failure)  2723626K->203948K(2876416K), 0.0038337 secs]
75.573: Total time for which application threads were stopped: 0.0039966 seconds, Stopping threads took: 0.0000198 seconds
76.093: [GC (Allocation Failure)  2725036K->203980K(3070464K), 0.0047219 secs]
76.097: Total time for which application threads were stopped: 0.0049123 seconds, Stopping threads took: 0.0000197 seconds
76.687: [GC (Allocation Failure)  2920140K->203980K(2937856K), 0.0050180 secs]
76.693: Total time for which application threads were stopped: 0.0051912 seconds, Stopping threads took: 0.0000197 seconds
77.231: [GC (Allocation Failure)  2790604K->203916K(2811392K), 0.0050776 secs]
77.236: Total time for which application threads were stopped: 0.0052594 seconds, Stopping threads took: 0.0000202 seconds
77.734: [GC (Allocation Failure)  2667660K->207468K(2698240K), 0.0044294 secs]
77.738: Total time for which application threads were stopped: 0.0045887 seconds, Stopping threads took: 0.0000202 seconds
78.221: [GC (Allocation Failure)  2554476K->207436K(2587136K), 0.0039752 secs]
78.226: Total time for which application threads were stopped: 0.0041353 seconds, Stopping threads took: 0.0000202 seconds
78.690: [GC (Allocation Failure)  2443340K->207436K(2481664K), 0.0042601 secs]
78.695: Total time for which application threads were stopped: 0.0044245 seconds, Stopping threads took: 0.0000274 seconds
79.138: [GC (Allocation Failure)  2337868K->207428K(2379776K), 0.0043474 secs]
79.143: Total time for which application threads were stopped: 0.0045137 seconds, Stopping threads took: 0.0000194 seconds
79.561: [GC (Allocation Failure)  2237508K->208996K(2286592K), 0.0042653 secs]
79.565: Total time for which application threads were stopped: 0.0044494 seconds, Stopping threads took: 0.0000198 seconds
79.969: [GC (Allocation Failure)  2143844K->208844K(2193920K), 0.0042385 secs]
79.973: Total time for which application threads were stopped: 0.0043998 seconds, Stopping threads took: 0.0000207 seconds
80.358: [GC (Allocation Failure)  2053068K->210316K(2109440K), 0.0044176 secs]
80.362: Total time for which application threads were stopped: 0.0045884 seconds, Stopping threads took: 0.0000195 seconds
80.720: [GC (Allocation Failure)  1968524K->210252K(2025984K), 0.0042363 secs]
80.725: Total time for which application threads were stopped: 0.0044066 seconds, Stopping threads took: 0.0000200 seconds
81.068: [GC (Allocation Failure)  1887052K->212364K(2363904K), 0.0043298 secs]
81.073: Total time for which application threads were stopped: 0.0044781 seconds, Stopping threads took: 0.0000173 seconds
81.487: [GC (Allocation Failure)  2224524K->212172K(2763776K), 0.0041584 secs]
81.492: Total time for which application threads were stopped: 0.0043379 seconds, Stopping threads took: 0.0000294 seconds
81.995: [GC (Allocation Failure)  2626764K->216148K(2653184K), 0.0044748 secs]
81.999: Total time for which application threads were stopped: 0.0046212 seconds, Stopping threads took: 0.0000169 seconds
82.478: [GC (Allocation Failure)  2516564K->214604K(2539008K), 0.0046783 secs]
82.483: Total time for which application threads were stopped: 0.0048459 seconds, Stopping threads took: 0.0000199 seconds
82.934: [GC (Allocation Failure)  2406476K->218652K(2439680K), 0.0043440 secs]
82.938: Total time for which application threads were stopped: 0.0045341 seconds, Stopping threads took: 0.0000197 seconds
83.366: [GC (Allocation Failure)  2307100K->218684K(2341376K), 0.0040937 secs]
83.371: Total time for which application threads were stopped: 0.0042631 seconds, Stopping threads took: 0.0000286 seconds
83.768: [GC (Allocation Failure)  2208828K->219100K(2248704K), 0.0043155 secs]
83.773: Total time for which application threads were stopped: 0.0044890 seconds, Stopping threads took: 0.0000264 seconds
84.163: [GC (Allocation Failure)  2116060K->218676K(2623488K), 0.0047125 secs]
84.168: Total time for which application threads were stopped: 0.0048791 seconds, Stopping threads took: 0.0000202 seconds
84.632: [GC (Allocation Failure)  2495028K->222708K(2520064K), 0.0042087 secs]
84.636: Total time for which application threads were stopped: 0.0043769 seconds, Stopping threads took: 0.0000194 seconds
85.082: [GC (Allocation Failure)  2391540K->223372K(2417664K), 0.0043858 secs]
85.087: Total time for which application threads were stopped: 0.0045628 seconds, Stopping threads took: 0.0000194 seconds
85.513: [GC (Allocation Failure)  2290316K->223820K(2321408K), 0.0046389 secs]
85.517: Total time for which application threads were stopped: 0.0047970 seconds, Stopping threads took: 0.0000192 seconds
85.928: [GC (Allocation Failure)  2193996K->223756K(2225152K), 0.0046437 secs]
85.933: Total time for which application threads were stopped: 0.0048105 seconds, Stopping threads took: 0.0000192 seconds
86.311: [GC (Allocation Failure)  2101772K->227788K(2605056K), 0.0043449 secs]
86.316: Total time for which application threads were stopped: 0.0045217 seconds, Stopping threads took: 0.0000195 seconds
86.781: [GC (Allocation Failure)  2481612K->228140K(2498048K), 0.0043778 secs]
86.785: Total time for which application threads were stopped: 0.0045449 seconds, Stopping threads took: 0.0000258 seconds
87.231: [GC (Allocation Failure)  2375468K->228556K(2928128K), 0.0053347 secs]
87.236: Total time for which application threads were stopped: 0.0054931 seconds, Stopping threads took: 0.0000195 seconds
87.763: [GC (Allocation Failure)  2805452K->228684K(2801664K), 0.0046074 secs]
87.768: Total time for which application threads were stopped: 0.0047765 seconds, Stopping threads took: 0.0000195 seconds
88.271: [GC (Allocation Failure)  2683212K->232876K(2690048K), 0.0042926 secs]
88.275: Total time for which application threads were stopped: 0.0044577 seconds, Stopping threads took: 0.0000198 seconds
88.760: [GC (Allocation Failure)  2571180K->232684K(2576896K), 0.0045211 secs]
88.765: Total time for which application threads were stopped: 0.0046812 seconds, Stopping threads took: 0.0000203 seconds
89.216: [GC (Allocation Failure)  2460396K->234636K(2473984K), 0.0044979 secs]
89.221: Total time for which application threads were stopped: 0.0046566 seconds, Stopping threads took: 0.0000197 seconds
89.648: [GC (Allocation Failure)  2357388K->234668K(2370560K), 0.0048278 secs]
89.653: Total time for which application threads were stopped: 0.0050032 seconds, Stopping threads took: 0.0000208 seconds
90.060: [GC (Allocation Failure)  2257580K->238636K(2279936K), 0.0043508 secs]
90.065: Total time for which application threads were stopped: 0.0045397 seconds, Stopping threads took: 0.0000189 seconds
90.463: [GC (Allocation Failure)  2166828K->239020K(2662912K), 0.0045503 secs]
90.468: Total time for which application threads were stopped: 0.0047289 seconds, Stopping threads took: 0.0000278 seconds
90.943: [GC (Allocation Failure)  2553260K->241612K(2556416K), 0.0042225 secs]
90.947: Total time for which application threads were stopped: 0.0043749 seconds, Stopping threads took: 0.0000173 seconds
91.402: [GC (Allocation Failure)  2446284K->241452K(2448384K), 0.0047510 secs]
91.407: Total time for which application threads were stopped: 0.0049167 seconds, Stopping threads took: 0.0000200 seconds
91.835: [GC (Allocation Failure)  2342188K->245004K(2872320K), 0.0050233 secs]
91.840: Total time for which application threads were stopped: 0.0052195 seconds, Stopping threads took: 0.0000192 seconds
92.361: [GC (Allocation Failure)  2766092K->245548K(2750464K), 0.0046414 secs]
92.366: Total time for which application threads were stopped: 0.0048126 seconds, Stopping threads took: 0.0000199 seconds
92.864: [GC (Allocation Failure)  2646828K->248140K(2639872K), 0.0044369 secs]
92.868: Total time for which application threads were stopped: 0.0046019 seconds, Stopping threads took: 0.0000192 seconds
93.343: [GC (Allocation Failure)  2535756K->247500K(2526208K), 0.0044614 secs]
93.347: Total time for which application threads were stopped: 0.0046236 seconds, Stopping threads took: 0.0000264 seconds
93.798: [GC (Allocation Failure)  2427084K->251982K(2428416K), 0.0043420 secs]
93.803: Total time for which application threads were stopped: 0.0045098 seconds, Stopping threads took: 0.0000257 seconds
94.223: [GC (Allocation Failure)  2329166K->251950K(2330112K), 0.0042129 secs]
94.227: Total time for which application threads were stopped: 0.0043705 seconds, Stopping threads took: 0.0000194 seconds
94.633: [GC (Allocation Failure)  2231854K->252910K(2238464K), 0.0046623 secs]
94.638: Total time for which application threads were stopped: 0.0048227 seconds, Stopping threads took: 0.0000198 seconds
95.031: [GC (Allocation Failure)  2140142K->252846K(2611712K), 0.0050115 secs]
95.036: Total time for which application threads were stopped: 0.0051816 seconds, Stopping threads took: 0.0000205 seconds
95.503: [GC (Allocation Failure)  2517934K->257360K(2509312K), 0.0041027 secs]
95.507: Total time for which application threads were stopped: 0.0042715 seconds, Stopping threads took: 0.0000279 seconds
95.957: [GC (Allocation Failure)  2415440K->257296K(2939904K), 0.0053332 secs]
95.962: Total time for which application threads were stopped: 0.0054931 seconds, Stopping threads took: 0.0000201 seconds
96.490: [GC (Allocation Failure)  2846992K->259856K(2819072K), 0.0046782 secs]
96.495: Total time for which application threads were stopped: 0.0048340 seconds, Stopping threads took: 0.0000191 seconds
97.002: [GC (Allocation Failure)  2726672K->258696K(2695680K), 0.0050889 secs]
97.007: Total time for which application threads were stopped: 0.0052553 seconds, Stopping threads took: 0.0000201 seconds
97.496: [GC (Allocation Failure)  2608776K->265843K(2591744K), 0.0044107 secs]
97.500: Total time for which application threads were stopped: 0.0045716 seconds, Stopping threads took: 0.0000198 seconds
97.966: [GC (Allocation Failure)  2504819K->264171K(2484224K), 0.0042259 secs]
97.970: Total time for which application threads were stopped: 0.0043869 seconds, Stopping threads took: 0.0000212 seconds
98.414: [GC (Allocation Failure)  2397675K->264619K(2384384K), 0.0044074 secs]
98.418: Total time for which application threads were stopped: 0.0045768 seconds, Stopping threads took: 0.0000257 seconds
98.840: [GC (Allocation Failure)  2297771K->264563K(2787328K), 0.0062960 secs]
98.847: Total time for which application threads were stopped: 0.0064675 seconds, Stopping threads took: 0.0000254 seconds
99.340: [GC (Allocation Failure)  2704755K->268563K(2675712K), 0.0042501 secs]
99.344: Total time for which application threads were stopped: 0.0044277 seconds, Stopping threads took: 0.0000262 seconds
99.822: [GC (Allocation Failure)  2593043K->268523K(2565120K), 0.0040011 secs]
99.826: Total time for which application threads were stopped: 0.0041678 seconds, Stopping threads took: 0.0000278 seconds
100.285: [GC (Allocation Failure)  2482923K->269003K(2461184K), 0.0045573 secs]
100.289: Total time for which application threads were stopped: 0.0047298 seconds, Stopping threads took: 0.0000282 seconds
100.716: [GC (Allocation Failure)  2378955K->268907K(2357760K), 0.0048734 secs]
100.721: Total time for which application threads were stopped: 0.0050420 seconds, Stopping threads took: 0.0000197 seconds
101.137: [GC (Allocation Failure)  2279531K->272907K(2267648K), 0.0042327 secs]
101.141: Total time for which application threads were stopped: 0.0044154 seconds, Stopping threads took: 0.0000174 seconds
101.533: [GC (Allocation Failure)  2189323K->272875K(2177536K), 0.0040075 secs]
101.537: Total time for which application threads were stopped: 0.0041675 seconds, Stopping threads took: 0.0000197 seconds
101.914: [GC (Allocation Failure)  2099691K->273291K(2093056K), 0.0043250 secs]
101.918: Total time for which application threads were stopped: 0.0044817 seconds, Stopping threads took: 0.0000183 seconds
102.276: [GC (Allocation Failure)  2015115K->273291K(2436608K), 0.0048372 secs]
102.281: Total time for which application threads were stopped: 0.0049947 seconds, Stopping threads took: 0.0000204 seconds
102.711: [GC (Allocation Failure)  2363787K->274411K(2339840K), 0.0030172 secs]
102.714: Total time for which application threads were stopped: 0.0031673 seconds, Stopping threads took: 0.0000190 seconds
103.120: [GC (Allocation Failure)  2266603K->278285K(2250240K), 0.0043842 secs]
103.125: Total time for which application threads were stopped: 0.0045621 seconds, Stopping threads took: 0.0000267 seconds
103.514: [GC (Allocation Failure)  2177293K->278285K(2161664K), 0.0046226 secs]
103.518: Total time for which application threads were stopped: 0.0047891 seconds, Stopping threads took: 0.0000198 seconds
103.892: [GC (Allocation Failure)  2088717K->278445K(2519552K), 0.0049225 secs]
103.897: Total time for which application threads were stopped: 0.0051160 seconds, Stopping threads took: 0.0000199 seconds
104.344: [GC (Allocation Failure)  2451373K->282959K(2900480K), 0.0043400 secs]
104.348: Total time for which application threads were stopped: 0.0045156 seconds, Stopping threads took: 0.0000281 seconds
104.875: [GC (Allocation Failure)  2830671K->283151K(2778624K), 0.0047062 secs]
104.880: Total time for which application threads were stopped: 0.0048641 seconds, Stopping threads took: 0.0000198 seconds
105.376: [GC (Allocation Failure)  2710031K->283151K(2663424K), 0.0051860 secs]
105.381: Total time for which application threads were stopped: 0.0053538 seconds, Stopping threads took: 0.0000205 seconds
105.854: [GC (Allocation Failure)  2594831K->282887K(2951168K), 0.0068202 secs]
105.861: Total time for which application threads were stopped: 0.0069779 seconds, Stopping threads took: 0.0000200 seconds
106.409: [GC (Allocation Failure)  2888455K->289641K(2958336K), 0.0043688 secs]
106.414: Total time for which application threads were stopped: 0.0045422 seconds, Stopping threads took: 0.0000255 seconds
106.954: [GC (Allocation Failure)  2895209K->288425K(2832896K), 0.0049223 secs]
106.959: Total time for which application threads were stopped: 0.0051121 seconds, Stopping threads took: 0.0000195 seconds
107.467: [GC (Allocation Failure)  2770089K->288393K(2715136K), 0.0052746 secs]
107.472: Total time for which application threads were stopped: 0.0054667 seconds, Stopping threads took: 0.0000199 seconds
107.960: [GC (Allocation Failure)  2652297K->288361K(2598912K), 0.0048937 secs]
107.965: Total time for which application threads were stopped: 0.0050881 seconds, Stopping threads took: 0.0000200 seconds
108.431: [GC (Allocation Failure)  2540649K->292844K(2497024K), 0.0047415 secs]
108.435: Total time for which application threads were stopped: 0.0049167 seconds, Stopping threads took: 0.0000194 seconds
108.881: [GC (Allocation Failure)  2438636K->292844K(2395136K), 0.0043430 secs]
108.886: Total time for which application threads were stopped: 0.0045109 seconds, Stopping threads took: 0.0000202 seconds
109.298: [GC (Allocation Failure)  2337772K->293900K(2805760K), 0.0051063 secs]
109.303: Total time for which application threads were stopped: 0.0052712 seconds, Stopping threads took: 0.0000284 seconds
109.811: [GC (Allocation Failure)  2747916K->294372K(2683904K), 0.0050181 secs]
109.816: Total time for which application threads were stopped: 0.0051795 seconds, Stopping threads took: 0.0000272 seconds
110.287: [GC (Allocation Failure)  2632164K->299494K(2578944K), 0.0049469 secs]
110.292: Total time for which application threads were stopped: 0.0051256 seconds, Stopping threads took: 0.0000190 seconds
110.755: [GC (Allocation Failure)  2526694K->299334K(2472448K), 0.0043733 secs]
110.760: Total time for which application threads were stopped: 0.0045421 seconds, Stopping threads took: 0.0000204 seconds
111.202: [GC (Allocation Failure)  2421574K->300294K(2897920K), 0.0054609 secs]
111.207: Total time for which application threads were stopped: 0.0056342 seconds, Stopping threads took: 0.0000192 seconds
111.729: [GC (Allocation Failure)  2846982K->292804K(2769920K), 0.0014009 secs]
111.731: Total time for which application threads were stopped: 0.0015342 seconds, Stopping threads took: 0.0000197 seconds
112.229: [GC (Allocation Failure)  2718660K->300262K(2662400K), 0.0050644 secs]
112.234: Total time for which application threads were stopped: 0.0052214 seconds, Stopping threads took: 0.0000205 seconds
112.706: [GC (Allocation Failure)  2611430K->300806K(2553856K), 0.0046930 secs]
112.711: Total time for which application threads were stopped: 0.0048600 seconds, Stopping threads took: 0.0000197 seconds
113.164: [GC (Allocation Failure)  2502918K->300294K(2449408K), 0.0048764 secs]
113.169: Total time for which application threads were stopped: 0.0050676 seconds, Stopping threads took: 0.0000199 seconds
113.594: [GC (Allocation Failure)  2398470K->300654K(2346496K), 0.0053981 secs]
113.599: Total time for which application threads were stopped: 0.0055995 seconds, Stopping threads took: 0.0000200 seconds
114.014: [GC (Allocation Failure)  2300014K->308038K(2752512K), 0.0057725 secs]
114.019: Total time for which application threads were stopped: 0.0059425 seconds, Stopping threads took: 0.0000199 seconds
114.511: [GC (Allocation Failure)  2707270K->306190K(3027968K), 0.0047279 secs]
114.515: Total time for which application threads were stopped: 0.0048980 seconds, Stopping threads took: 0.0000204 seconds
115.079: [GC (Allocation Failure)  2984462K->307630K(2902016K), 0.0044828 secs]
115.084: Total time for which application threads were stopped: 0.0046724 seconds, Stopping threads took: 0.0000195 seconds
115.603: [GC (Allocation Failure)  2858414K->307822K(2776064K), 0.0048629 secs]
115.608: Total time for which application threads were stopped: 0.0050601 seconds, Stopping threads took: 0.0000276 seconds
116.107: [GC (Allocation Failure)  2737262K->313040K(2666496K), 0.0046682 secs]
116.112: Total time for which application threads were stopped: 0.0048344 seconds, Stopping threads took: 0.0000194 seconds
116.588: [GC (Allocation Failure)  2627280K->312304K(2555904K), 0.0044719 secs]
116.593: Total time for which application threads were stopped: 0.0046266 seconds, Stopping threads took: 0.0000202 seconds
117.043: [GC (Allocation Failure)  2516976K->312336K(2451968K), 0.0048446 secs]
117.048: Total time for which application threads were stopped: 0.0050104 seconds, Stopping threads took: 0.0000201 seconds
117.472: [GC (Allocation Failure)  2413072K->312328K(2350592K), 0.0046811 secs]
117.477: Total time for which application threads were stopped: 0.0048370 seconds, Stopping threads took: 0.0000197 seconds
117.879: [GC (Allocation Failure)  2314248K->314824K(2753536K), 0.0050514 secs]
117.884: Total time for which application threads were stopped: 0.0052223 seconds, Stopping threads took: 0.0000196 seconds
118.370: [GC (Allocation Failure)  2717128K->314784K(2638848K), 0.0042228 secs]
118.375: Total time for which application threads were stopped: 0.0043818 seconds, Stopping threads took: 0.0000197 seconds
118.845: [GC (Allocation Failure)  2603424K->315712K(2531840K), 0.0049126 secs]
118.850: Total time for which application threads were stopped: 0.0051630 seconds, Stopping threads took: 0.0000731 seconds
119.298: [GC (Allocation Failure)  2496320K->319280K(2964480K), 0.0064679 secs]
119.304: Total time for which application threads were stopped: 0.0066559 seconds, Stopping threads took: 0.0000199 seconds
119.837: [GC (Allocation Failure)  2936112K->322768K(2998784K), 0.0050957 secs]
119.843: Total time for which application threads were stopped: 0.0052551 seconds, Stopping threads took: 0.0000246 seconds
120.375: [GC (Allocation Failure)  2967760K->322896K(3073024K), 0.0050391 secs]
120.380: Total time for which application threads were stopped: 0.0052051 seconds, Stopping threads took: 0.0000271 seconds
120.938: [GC (Allocation Failure)  3042128K->322768K(2940928K), 0.0052720 secs]
120.943: Total time for which application threads were stopped: 0.0054239 seconds, Stopping threads took: 0.0000182 seconds
121.469: [GC (Allocation Failure)  2912464K->324000K(2812928K), 0.0052183 secs]
121.474: Total time for which application threads were stopped: 0.0053886 seconds, Stopping threads took: 0.0000202 seconds
121.984: [GC (Allocation Failure)  2790816K->328994K(2701312K), 0.0045055 secs]
121.988: Total time for which application threads were stopped: 0.0046687 seconds, Stopping threads took: 0.0000189 seconds
122.471: [GC (Allocation Failure)  2679074K->330274K(2591744K), 0.0044039 secs]
122.475: Total time for which application threads were stopped: 0.0045740 seconds, Stopping threads took: 0.0000203 seconds
122.938: [GC (Allocation Failure)  2569250K->329058K(2484736K), 0.0045700 secs]
122.943: Total time for which application threads were stopped: 0.0047451 seconds, Stopping threads took: 0.0000202 seconds
123.381: [GC (Allocation Failure)  2462562K->326728K(2380288K), 0.0039140 secs]
123.385: Total time for which application threads were stopped: 0.0041311 seconds, Stopping threads took: 0.0000201 seconds
123.796: [GC (Allocation Failure)  2359880K->330730K(2289152K), 0.0044810 secs]
123.801: Total time for which application threads were stopped: 0.0046484 seconds, Stopping threads took: 0.0000194 seconds
124.204: [GC (Allocation Failure)  2268650K->330730K(2198528K), 0.0044734 secs]
124.208: Total time for which application threads were stopped: 0.0046437 seconds, Stopping threads took: 0.0000200 seconds
124.587: [GC (Allocation Failure)  2178026K->330698K(2112512K), 0.0046043 secs]
124.592: Total time for which application threads were stopped: 0.0047792 seconds, Stopping threads took: 0.0000195 seconds
124.954: [GC (Allocation Failure)  2091978K->330906K(2461184K), 0.0048206 secs]
124.958: Total time for which application threads were stopped: 0.0049818 seconds, Stopping threads took: 0.0000201 seconds
125.393: [GC (Allocation Failure)  2444442K->334426K(2887680K), 0.0043766 secs]
125.397: Total time for which application threads were stopped: 0.0045528 seconds, Stopping threads took: 0.0000192 seconds
125.918: [GC (Allocation Failure)  2870874K->334426K(2767360K), 0.0042210 secs]
125.922: Total time for which application threads were stopped: 0.0043820 seconds, Stopping threads took: 0.0000207 seconds
126.421: [GC (Allocation Failure)  2750554K->334394K(2653184K), 0.0045763 secs]
126.426: Total time for which application threads were stopped: 0.0047658 seconds, Stopping threads took: 0.0000195 seconds
126.892: [GC (Allocation Failure)  2636346K->334346K(2540032K), 0.0047963 secs]
126.897: Total time for which application threads were stopped: 0.0049655 seconds, Stopping threads took: 0.0000207 seconds
127.339: [GC (Allocation Failure)  2527754K->338989K(2441728K), 0.0044118 secs]
127.343: Total time for which application threads were stopped: 0.0045762 seconds, Stopping threads took: 0.0000268 seconds
127.770: [GC (Allocation Failure)  2428973K->338789K(2342400K), 0.0043428 secs]
127.774: Total time for which application threads were stopped: 0.0046475 seconds, Stopping threads took: 0.0000192 seconds
128.185: [GC (Allocation Failure)  2330469K->339237K(2249728K), 0.0046727 secs]
128.190: Total time for which application threads were stopped: 0.0048236 seconds, Stopping threads took: 0.0000192 seconds
128.583: [GC (Allocation Failure)  2237733K->339173K(2624512K), 0.0049240 secs]
128.588: [Full GC (Ergonomics)  339173K->8523K(2428928K), 0.0190386 secs]
128.607: Total time for which application threads were stopped: 0.0242084 seconds, Stopping threads took: 0.0000192 seconds
129.072: [GC (Allocation Failure)  2286923K->16718K(2327040K), 0.0037094 secs]
129.076: Total time for which application threads were stopped: 0.0038669 seconds, Stopping threads took: 0.0000203 seconds
129.528: [GC (Allocation Failure)  2187598K->16558K(2223616K), 0.0036883 secs]
129.532: Total time for which application threads were stopped: 0.0038544 seconds, Stopping threads took: 0.0000194 seconds
129.960: [GC (Allocation Failure)  2085550K->17774K(2127872K), 0.0039341 secs]
129.965: Total time for which application threads were stopped: 0.0040913 seconds, Stopping threads took: 0.0000184 seconds
130.374: [GC (Allocation Failure)  1989486K->17470K(2030080K), 0.0038276 secs]
130.378: Total time for which application threads were stopped: 0.0040054 seconds, Stopping threads took: 0.0000356 seconds
130.768: [GC (Allocation Failure)  1897022K->22528K(1947648K), 0.0039703 secs]
130.772: Total time for which application threads were stopped: 0.0041295 seconds, Stopping threads took: 0.0000195 seconds
131.147: [GC (Allocation Failure)  1814528K->22432K(1863680K), 0.0037352 secs]
131.151: Total time for which application threads were stopped: 0.0039292 seconds, Stopping threads took: 0.0000195 seconds
131.505: [GC (Allocation Failure)  1730976K->23360K(1785344K), 0.0042189 secs]
131.509: Total time for which application threads were stopped: 0.0043860 seconds, Stopping threads took: 0.0000195 seconds
131.849: [GC (Allocation Failure)  1652544K->22800K(2102784K), 0.0057963 secs]
131.855: Total time for which application threads were stopped: 0.0059934 seconds, Stopping threads took: 0.0000206 seconds
132.257: [GC (Allocation Failure)  1975568K->28338K(2496000K), 0.0040587 secs]
132.261: Total time for which application threads were stopped: 0.0042264 seconds, Stopping threads took: 0.0000194 seconds
132.749: [GC (Allocation Failure)  2368690K->28306K(2800640K), 0.0037701 secs]
132.753: Total time for which application threads were stopped: 0.0039580 seconds, Stopping threads took: 0.0000225 seconds
133.287: [GC (Allocation Failure)  2673298K->28690K(2675200K), 0.0040923 secs]
133.291: Total time for which application threads were stopped: 0.0042837 seconds, Stopping threads took: 0.0000202 seconds
133.810: [GC (Allocation Failure)  2547730K->31722K(2547712K), 0.0053790 secs]
133.815: Total time for which application threads were stopped: 0.0055477 seconds, Stopping threads took: 0.0000203 seconds
134.309: [GC (Allocation Failure)  2431466K->42156K(2443776K), 0.0042354 secs]
134.313: Total time for which application threads were stopped: 0.0043963 seconds, Stopping threads took: 0.0000197 seconds
134.785: [GC (Allocation Failure)  2328236K->40108K(2333696K), 0.0039972 secs]
134.789: Total time for which application threads were stopped: 0.0041515 seconds, Stopping threads took: 0.0000190 seconds
135.239: [GC (Allocation Failure)  2218156K->40044K(2231296K), 0.0039539 secs]
135.243: Total time for which application threads were stopped: 0.0041188 seconds, Stopping threads took: 0.0000204 seconds
135.671: [GC (Allocation Failure)  2115692K->40012K(2131456K), 0.0041345 secs]
135.676: Total time for which application threads were stopped: 0.0042932 seconds, Stopping threads took: 0.0000203 seconds
136.088: [GC (Allocation Failure)  2018380K->42476K(2041344K), 0.0041887 secs]
136.092: Total time for which application threads were stopped: 0.0043458 seconds, Stopping threads took: 0.0000195 seconds
136.481: [GC (Allocation Failure)  1928172K->42508K(1953280K), 0.0037667 secs]
136.485: Total time for which application threads were stopped: 0.0039385 seconds, Stopping threads took: 0.0000210 seconds
136.852: [GC (Allocation Failure)  1840140K->42476K(1869824K), 0.0048116 secs]
136.857: Total time for which application threads were stopped: 0.0049990 seconds, Stopping threads took: 0.0000171 seconds
137.207: [GC (Allocation Failure)  1756652K->43244K(2206208K), 0.0043165 secs]
137.211: Total time for which application threads were stopped: 0.0045094 seconds, Stopping threads took: 0.0000200 seconds
137.636: [GC (Allocation Failure)  2097388K->46804K(2113536K), 0.0039775 secs]
137.640: Total time for which application threads were stopped: 0.0041443 seconds, Stopping threads took: 0.0000194 seconds
138.045: [GC (Allocation Failure)  2004692K->46804K(2021888K), 0.0036729 secs]
138.049: Total time for which application threads were stopped: 0.0038513 seconds, Stopping threads took: 0.0000285 seconds
138.432: [GC (Allocation Failure)  1913044K->42898K(1931264K), 0.0025529 secs]
138.435: Total time for which application threads were stopped: 0.0027120 seconds, Stopping threads took: 0.0000191 seconds
138.803: [GC (Allocation Failure)  1822098K->46804K(1852416K), 0.0037014 secs]
138.807: Total time for which application threads were stopped: 0.0038960 seconds, Stopping threads took: 0.0000202 seconds
139.160: [GC (Allocation Failure)  1743572K->46772K(1774080K), 0.0042353 secs]
139.164: Total time for which application threads were stopped: 0.0044081 seconds, Stopping threads took: 0.0000201 seconds
139.498: [GC (Allocation Failure)  1665204K->46828K(1696768K), 0.0039515 secs]
139.502: Total time for which application threads were stopped: 0.0041451 seconds, Stopping threads took: 0.0000202 seconds
139.815: [GC (Allocation Failure)  1590508K->50252K(2006528K), 0.0043434 secs]
139.820: Total time for which application threads were stopped: 0.0045099 seconds, Stopping threads took: 0.0000193 seconds
140.199: [GC (Allocation Failure)  1900108K->49292K(2370560K), 0.0037771 secs]
140.203: Total time for which application threads were stopped: 0.0039899 seconds, Stopping threads took: 0.0000204 seconds
140.665: [GC (Allocation Failure)  2266252K->51244K(2268160K), 0.0041572 secs]
140.669: Total time for which application threads were stopped: 0.0043317 seconds, Stopping threads took: 0.0000266 seconds
141.096: [GC (Allocation Failure)  2163756K->51268K(2685952K), 0.0064405 secs]
141.103: Total time for which application threads were stopped: 0.0066133 seconds, Stopping threads took: 0.0000200 seconds
141.623: [GC (Allocation Failure)  2583108K->53060K(2739200K), 0.0040963 secs]
141.627: Total time for which application threads were stopped: 0.0042574 seconds, Stopping threads took: 0.0000194 seconds
142.159: [GC (Allocation Failure)  2635076K->52708K(2614784K), 0.0045742 secs]
142.164: Total time for which application threads were stopped: 0.0047316 seconds, Stopping threads took: 0.0000197 seconds
142.668: [GC (Allocation Failure)  2511844K->52740K(2498048K), 0.0053084 secs]
142.674: Total time for which application threads were stopped: 0.0054873 seconds, Stopping threads took: 0.0000294 seconds
143.155: [GC (Allocation Failure)  2395140K->52660K(2382848K), 0.0040438 secs]
143.159: Total time for which application threads were stopped: 0.0042032 seconds, Stopping threads took: 0.0000194 seconds
143.623: [GC (Allocation Failure)  2284468K->57495K(2283008K), 0.0044913 secs]
143.627: Total time for which application threads were stopped: 0.0046780 seconds, Stopping threads took: 0.0000196 seconds
144.063: [GC (Allocation Failure)  2184343K->57095K(2181120K), 0.0039604 secs]
144.067: Total time for which application threads were stopped: 0.0041237 seconds, Stopping threads took: 0.0000202 seconds
144.485: [GC (Allocation Failure)  2084103K->58567K(2087936K), 0.0046611 secs]
144.489: Total time for which application threads were stopped: 0.0048244 seconds, Stopping threads took: 0.0000194 seconds
144.888: [GC (Allocation Failure)  1990855K->58535K(1993728K), 0.0042119 secs]
144.892: Total time for which application threads were stopped: 0.0043742 seconds, Stopping threads took: 0.0000203 seconds
145.272: [GC (Allocation Failure)  1900711K->62567K(2363392K), 0.0046440 secs]
145.277: Total time for which application threads were stopped: 0.0048243 seconds, Stopping threads took: 0.0000200 seconds
145.730: [GC (Allocation Failure)  2270311K->62951K(2257920K), 0.0039363 secs]
145.734: Total time for which application threads were stopped: 0.0041068 seconds, Stopping threads took: 0.0000196 seconds
146.170: [GC (Allocation Failure)  2166759K->64391K(2160640K), 0.0047072 secs]
146.175: Total time for which application threads were stopped: 0.0048709 seconds, Stopping threads took: 0.0000189 seconds
146.586: [GC (Allocation Failure)  2069383K->64359K(2062848K), 0.0040510 secs]
146.590: Total time for which application threads were stopped: 0.0042131 seconds, Stopping threads took: 0.0000203 seconds
146.984: [GC (Allocation Failure)  1975655K->68391K(2445824K), 0.0046334 secs]
146.989: Total time for which application threads were stopped: 0.0048017 seconds, Stopping threads took: 0.0000196 seconds
147.459: [GC (Allocation Failure)  2358567K->68327K(2336256K), 0.0036479 secs]
147.463: Total time for which application threads were stopped: 0.0038161 seconds, Stopping threads took: 0.0000196 seconds
147.916: [GC (Allocation Failure)  2250471K->69895K(2235392K), 0.0046897 secs]
147.921: Total time for which application threads were stopped: 0.0048445 seconds, Stopping threads took: 0.0000165 seconds
148.347: [GC (Allocation Failure)  2149127K->66892K(2131456K), 0.0030892 secs]
148.350: Total time for which application threads were stopped: 0.0032456 seconds, Stopping threads took: 0.0000275 seconds
148.763: [GC (Allocation Failure)  2048332K->72399K(2044416K), 0.0046798 secs]
148.768: Total time for which application threads were stopped: 0.0048519 seconds, Stopping threads took: 0.0000199 seconds
149.158: [GC (Allocation Failure)  1961166K->68492K(1952768K), 0.0026334 secs]
149.161: Total time for which application threads were stopped: 0.0027807 seconds, Stopping threads took: 0.0000193 seconds
149.534: [GC (Allocation Failure)  1869196K->72431K(1872896K), 0.0046698 secs]
149.539: Total time for which application threads were stopped: 0.0048606 seconds, Stopping threads took: 0.0000202 seconds
149.896: [GC (Allocation Failure)  1789679K->72367K(1792512K), 0.0037125 secs]
149.900: Total time for which application threads were stopped: 0.0039047 seconds, Stopping threads took: 0.0000188 seconds
150.242: [GC (Allocation Failure)  1710255K->73391K(2118144K), 0.0047615 secs]
150.247: Total time for which application threads were stopped: 0.0049300 seconds, Stopping threads took: 0.0000197 seconds
150.654: [GC (Allocation Failure)  2035887K->73767K(2503680K), 0.0040976 secs]
150.658: Total time for which application threads were stopped: 0.0042747 seconds, Stopping threads took: 0.0000344 seconds
151.145: [GC (Allocation Failure)  2425383K->77511K(2396672K), 0.0048875 secs]
151.150: Total time for which application threads were stopped: 0.0050796 seconds, Stopping threads took: 0.0000192 seconds
151.614: [GC (Allocation Failure)  2318023K->77231K(2289152K), 0.0040676 secs]
151.618: Total time for which application threads were stopped: 0.0042311 seconds, Stopping threads took: 0.0000202 seconds
152.049: [GC (Allocation Failure)  2212271K->79119K(2190848K), 0.0047279 secs]
152.054: Total time for which application threads were stopped: 0.0048941 seconds, Stopping threads took: 0.0000197 seconds
152.476: [GC (Allocation Failure)  2113807K->75532K(2091520K), 0.0025432 secs]
152.478: Total time for which application threads were stopped: 0.0027219 seconds, Stopping threads took: 0.0000287 seconds
152.881: [GC (Allocation Failure)  2014988K->72204K(1997824K), 0.0014182 secs]
152.882: Total time for which application threads were stopped: 0.0015430 seconds, Stopping threads took: 0.0000194 seconds
153.259: [GC (Allocation Failure)  1921036K->80143K(1920000K), 0.0044493 secs]
153.264: Total time for which application threads were stopped: 0.0046104 seconds, Stopping threads took: 0.0000204 seconds
153.630: [GC (Allocation Failure)  1842959K->79023K(1836544K), 0.0049893 secs]
153.635: Total time for which application threads were stopped: 0.0051798 seconds, Stopping threads took: 0.0000206 seconds
153.982: [GC (Allocation Failure)  1759919K->82532K(2168320K), 0.0065816 secs]
153.988: Total time for which application threads were stopped: 0.0067461 seconds, Stopping threads took: 0.0000202 seconds
154.404: [GC (Allocation Failure)  2097252K->84487K(2570240K), 0.0047748 secs]
154.409: Total time for which application threads were stopped: 0.0049458 seconds, Stopping threads took: 0.0000271 seconds
154.898: [GC (Allocation Failure)  2499079K->84455K(2790912K), 0.0045152 secs]
154.903: Total time for which application threads were stopped: 0.0047058 seconds, Stopping threads took: 0.0000206 seconds
155.450: [GC (Allocation Failure)  2716135K->84679K(2662912K), 0.0046737 secs]
155.455: Total time for which application threads were stopped: 0.0048403 seconds, Stopping threads took: 0.0000272 seconds
155.977: [GC (Allocation Failure)  2591431K->84655K(2539520K), 0.0041077 secs]
155.981: Total time for which application threads were stopped: 0.0042814 seconds, Stopping threads took: 0.0000200 seconds
156.477: [GC (Allocation Failure)  2472623K->90463K(2432512K), 0.0041718 secs]
156.481: Total time for which application threads were stopped: 0.0043681 seconds, Stopping threads took: 0.0000256 seconds
156.950: [GC (Allocation Failure)  2365279K->90247K(2322944K), 0.0039070 secs]
156.954: Total time for which application threads were stopped: 0.0040671 seconds, Stopping threads took: 0.0000199 seconds
157.402: [GC (Allocation Failure)  2257543K->90279K(2221056K), 0.0041494 secs]
157.406: Total time for which application threads were stopped: 0.0043507 seconds, Stopping threads took: 0.0000286 seconds
157.822: [GC (Allocation Failure)  2155687K->90207K(2123776K), 0.0038972 secs]
157.826: Total time for which application threads were stopped: 0.0040919 seconds, Stopping threads took: 0.0000202 seconds
158.230: [GC (Allocation Failure)  2058847K->90623K(2032128K), 0.0044029 secs]
158.235: Total time for which application threads were stopped: 0.0045798 seconds, Stopping threads took: 0.0000199 seconds
158.626: [GC (Allocation Failure)  1967103K->90567K(1943552K), 0.0040509 secs]
158.630: Total time for which application threads were stopped: 0.0042225 seconds, Stopping threads took: 0.0000215 seconds
158.998: [GC (Allocation Failure)  1879495K->87620K(1858048K), 0.0029871 secs]
159.001: Total time for which application threads were stopped: 0.0031486 seconds, Stopping threads took: 0.0000203 seconds
159.359: [GC (Allocation Failure)  1793604K->91527K(1782784K), 0.0038419 secs]
159.363: Total time for which application threads were stopped: 0.0040027 seconds, Stopping threads took: 0.0000202 seconds
159.700: [GC (Allocation Failure)  1718663K->93735K(1710080K), 0.0047234 secs]
159.705: Total time for which application threads were stopped: 0.0048819 seconds, Stopping threads took: 0.0000199 seconds
160.022: [GC (Allocation Failure)  1645607K->91455K(2010624K), 0.0038953 secs]
160.026: Total time for which application threads were stopped: 0.0040640 seconds, Stopping threads took: 0.0000277 seconds
160.405: [GC (Allocation Failure)  1951551K->92543K(1925632K), 0.0027407 secs]
160.408: Total time for which application threads were stopped: 0.0029082 seconds, Stopping threads took: 0.0000258 seconds
160.778: [GC (Allocation Failure)  1866111K->96577K(1847296K), 0.0040324 secs]
160.782: Total time for which application threads were stopped: 0.0042525 seconds, Stopping threads took: 0.0000201 seconds
161.124: [GC (Allocation Failure)  1787713K->96481K(2182144K), 0.0043132 secs]
161.129: Total time for which application threads were stopped: 0.0044788 seconds, Stopping threads took: 0.0000201 seconds
161.546: [GC (Allocation Failure)  2122977K->96417K(2085376K), 0.0041110 secs]
161.550: Total time for which application threads were stopped: 0.0042866 seconds, Stopping threads took: 0.0000277 seconds
161.946: [GC (Allocation Failure)  2028193K->98369K(1997312K), 0.0039995 secs]
161.950: Total time for which application threads were stopped: 0.0041659 seconds, Stopping threads took: 0.0000190 seconds
162.325: [GC (Allocation Failure)  1940033K->98337K(1911296K), 0.0036106 secs]
162.328: Total time for which application threads were stopped: 0.0038055 seconds, Stopping threads took: 0.0000206 seconds
162.687: [GC (Allocation Failure)  1854497K->99073K(1830912K), 0.0039264 secs]
162.691: Total time for which application threads were stopped: 0.0040811 seconds, Stopping threads took: 0.0000169 seconds
163.032: [GC (Allocation Failure)  1773825K->98729K(2160128K), 0.0039984 secs]
163.036: Total time for which application threads were stopped: 0.0041924 seconds, Stopping threads took: 0.0000201 seconds
163.449: [GC (Allocation Failure)  2105769K->101193K(2068480K), 0.0043136 secs]
163.454: Total time for which application threads were stopped: 0.0044965 seconds, Stopping threads took: 0.0000193 seconds
163.850: [GC (Allocation Failure)  2014025K->101177K(2446848K), 0.0046628 secs]
163.855: Total time for which application threads were stopped: 0.0048576 seconds, Stopping threads took: 0.0000260 seconds
164.330: [GC (Allocation Failure)  2393401K->102105K(2339840K), 0.0042843 secs]
164.335: Total time for which application threads were stopped: 0.0044532 seconds, Stopping threads took: 0.0000194 seconds
164.783: [GC (Allocation Failure)  2286297K->102993K(2234368K), 0.0042665 secs]
164.787: Total time for which application threads were stopped: 0.0044472 seconds, Stopping threads took: 0.0000197 seconds
165.218: [GC (Allocation Failure)  2184273K->105457K(2139136K), 0.0039174 secs]
165.222: Total time for which application threads were stopped: 0.0040770 seconds, Stopping threads took: 0.0000190 seconds
165.625: [GC (Allocation Failure)  2088945K->105417K(2045440K), 0.0038628 secs]
165.629: Total time for which application threads were stopped: 0.0040283 seconds, Stopping threads took: 0.0000207 seconds
166.015: [GC (Allocation Failure)  1996233K->106345K(1958400K), 0.0043000 secs]
166.020: Total time for which application threads were stopped: 0.0044678 seconds, Stopping threads took: 0.0000201 seconds
166.391: [GC (Allocation Failure)  1909097K->108361K(2312704K), 0.0045728 secs]
166.396: Total time for which application threads were stopped: 0.0047405 seconds, Stopping threads took: 0.0000264 seconds
166.841: [GC (Allocation Failure)  2269001K->111881K(2695168K), 0.0072087 secs]
166.849: Total time for which application threads were stopped: 0.0073671 seconds, Stopping threads took: 0.0000238 seconds
167.369: [GC (Allocation Failure)  2649353K->111881K(2746880K), 0.0046260 secs]
167.374: Total time for which application threads were stopped: 0.0047825 seconds, Stopping threads took: 0.0000269 seconds
167.915: [GC (Allocation Failure)  2701065K->111881K(2746880K), 0.0045752 secs]
167.919: Total time for which application threads were stopped: 0.0047567 seconds, Stopping threads took: 0.0000279 seconds
168.448: [GC (Allocation Failure)  2701065K->111881K(2621952K), 0.0045741 secs]
168.453: Total time for which application threads were stopped: 0.0047684 seconds, Stopping threads took: 0.0000200 seconds
168.964: [GC (Allocation Failure)  2578185K->111881K(2505216K), 0.0048587 secs]
168.969: Total time for which application threads were stopped: 0.0050156 seconds, Stopping threads took: 0.0000256 seconds
169.456: [GC (Allocation Failure)  2461449K->111817K(2389504K), 0.0040591 secs]
169.461: Total time for which application threads were stopped: 0.0042300 seconds, Stopping threads took: 0.0000201 seconds
169.924: [GC (Allocation Failure)  2350281K->116331K(2288640K), 0.0047520 secs]
169.929: Total time for which application threads were stopped: 0.0049070 seconds, Stopping threads took: 0.0000260 seconds
170.370: [GC (Allocation Failure)  2249323K->116331K(2188288K), 0.0039861 secs]
170.374: Total time for which application threads were stopped: 0.0041456 seconds, Stopping threads took: 0.0000193 seconds
170.794: [GC (Allocation Failure)  2148971K->116747K(2093568K), 0.0045071 secs]
170.799: Total time for which application threads were stopped: 0.0046748 seconds, Stopping threads took: 0.0000196 seconds
171.201: [GC (Allocation Failure)  2054155K->116331K(1996288K), 0.0039371 secs]
171.205: Total time for which application threads were stopped: 0.0041100 seconds, Stopping threads took: 0.0000208 seconds
171.588: [GC (Allocation Failure)  1963115K->122349K(1916416K), 0.0046350 secs]
171.593: Total time for which application threads were stopped: 0.0047945 seconds, Stopping threads took: 0.0000192 seconds
171.959: [GC (Allocation Failure)  1883117K->122317K(2265600K), 0.0045219 secs]
171.963: Total time for which application threads were stopped: 0.0046909 seconds, Stopping threads took: 0.0000286 seconds
172.400: [GC (Allocation Failure)  2232269K->122349K(2684416K), 0.0053693 secs]
172.406: Total time for which application threads were stopped: 0.0055712 seconds, Stopping threads took: 0.0000199 seconds
172.929: [GC (Allocation Failure)  2651117K->123365K(2558976K), 0.0039519 secs]
172.933: Total time for which application threads were stopped: 0.0041168 seconds, Stopping threads took: 0.0000197 seconds
173.430: [GC (Allocation Failure)  2532325K->130384K(2451456K), 0.0044951 secs]
173.435: Total time for which application threads were stopped: 0.0047924 seconds, Stopping threads took: 0.0000281 seconds
173.905: [GC (Allocation Failure)  2425168K->129232K(2340864K), 0.0039511 secs]
173.909: Total time for which application threads were stopped: 0.0041218 seconds, Stopping threads took: 0.0000288 seconds
174.362: [GC (Allocation Failure)  2315472K->130160K(2238976K), 0.0044599 secs]
174.366: Total time for which application threads were stopped: 0.0046494 seconds, Stopping threads took: 0.0000184 seconds
174.797: [GC (Allocation Failure)  2213488K->130128K(2137600K), 0.0042262 secs]
174.801: Total time for which application threads were stopped: 0.0043861 seconds, Stopping threads took: 0.0000200 seconds
175.205: [GC (Allocation Failure)  2115664K->133648K(2048512K), 0.0047187 secs]
175.210: Total time for which application threads were stopped: 0.0048763 seconds, Stopping threads took: 0.0000196 seconds
175.596: [GC (Allocation Failure)  2026512K->133600K(1959424K), 0.0039342 secs]
175.600: Total time for which application threads were stopped: 0.0040940 seconds, Stopping threads took: 0.0000260 seconds
175.978: [GC (Allocation Failure)  1938400K->134528K(2318336K), 0.0045269 secs]
175.982: Total time for which application threads were stopped: 0.0046942 seconds, Stopping threads took: 0.0000198 seconds
176.431: [GC (Allocation Failure)  2297216K->134592K(2211840K), 0.0040245 secs]
176.436: Total time for which application threads were stopped: 0.0041975 seconds, Stopping threads took: 0.0000290 seconds
176.864: [GC (Allocation Failure)  2195392K->139074K(2625024K), 0.0055083 secs]
176.869: Total time for which application threads were stopped: 0.0056893 seconds, Stopping threads took: 0.0000168 seconds
177.368: [GC (Allocation Failure)  2608450K->139034K(2506752K), 0.0038114 secs]
177.372: Total time for which application threads were stopped: 0.0039841 seconds, Stopping threads took: 0.0000203 seconds
177.858: [GC (Allocation Failure)  2491162K->139962K(2396672K), 0.0051669 secs]
177.863: Total time for which application threads were stopped: 0.0053386 seconds, Stopping threads took: 0.0000286 seconds
178.324: [GC (Allocation Failure)  2380986K->139914K(2286592K), 0.0039887 secs]
178.328: Total time for which application threads were stopped: 0.0041582 seconds, Stopping threads took: 0.0000206 seconds
178.756: [GC (Allocation Failure)  2275466K->144428K(2190848K), 0.0047856 secs]
178.761: Total time for which application threads were stopped: 0.0049547 seconds, Stopping threads took: 0.0000197 seconds
179.170: [GC (Allocation Failure)  2179628K->144364K(2094592K), 0.0039135 secs]
179.174: Total time for which application threads were stopped: 0.0040847 seconds, Stopping threads took: 0.0000202 seconds
179.573: [GC (Allocation Failure)  2084332K->145260K(2004992K), 0.0046638 secs]
179.578: Total time for which application threads were stopped: 0.0048365 seconds, Stopping threads took: 0.0000257 seconds
179.960: [GC (Allocation Failure)  1994604K->145260K(1914368K), 0.0040481 secs]
179.964: [Full GC (Ergonomics)  145260K->8524K(1913344K), 0.0097567 secs]
179.974: Total time for which application threads were stopped: 0.0140346 seconds, Stopping threads took: 0.0000198 seconds
180.338: [GC (Allocation Failure)  1771852K->17574K(2266624K), 0.0045056 secs]
180.343: Total time for which application threads were stopped: 0.0046756 seconds, Stopping threads took: 0.0000208 seconds
180.780: [GC (Allocation Failure)  2129062K->16942K(2680320K), 0.0040610 secs]
180.784: Total time for which application threads were stopped: 0.0042341 seconds, Stopping threads took: 0.0000197 seconds
181.295: [GC (Allocation Failure)  2545198K->19470K(2563072K), 0.0045735 secs]
181.300: Total time for which application threads were stopped: 0.0047327 seconds, Stopping threads took: 0.0000200 seconds
181.796: [GC (Allocation Failure)  2427918K->19406K(2445824K), 0.0040528 secs]
181.800: Total time for which application threads were stopped: 0.0042237 seconds, Stopping threads took: 0.0000196 seconds
182.273: [GC (Allocation Failure)  2313678K->22382K(2340864K), 0.0045109 secs]
182.278: Total time for which application threads were stopped: 0.0046686 seconds, Stopping threads took: 0.0000195 seconds
182.722: [GC (Allocation Failure)  2208622K->23270K(2235392K), 0.0041267 secs]
182.727: Total time for which application threads were stopped: 0.0042931 seconds, Stopping threads took: 0.0000196 seconds
183.145: [GC (Allocation Failure)  2106598K->25734K(2140160K), 0.0045224 secs]
183.150: Total time for which application threads were stopped: 0.0046888 seconds, Stopping threads took: 0.0000190 seconds
183.547: [GC (Allocation Failure)  2011270K->25702K(2044416K), 0.0040974 secs]
183.552: Total time for which application threads were stopped: 0.0042660 seconds, Stopping threads took: 0.0000201 seconds
183.936: [GC (Allocation Failure)  1918566K->28678K(1959424K), 0.0044974 secs]
183.941: Total time for which application threads were stopped: 0.0046658 seconds, Stopping threads took: 0.0000197 seconds
184.303: [GC (Allocation Failure)  1833478K->28646K(2313216K), 0.0040492 secs]
184.308: Total time for which application threads were stopped: 0.0042214 seconds, Stopping threads took: 0.0000200 seconds
184.758: [GC (Allocation Failure)  2189798K->31142K(2213888K), 0.0045753 secs]
184.763: Total time for which application threads were stopped: 0.0047471 seconds, Stopping threads took: 0.0000278 seconds
185.179: [GC (Allocation Failure)  2090406K->31118K(2114048K), 0.0041205 secs]
185.183: Total time for which application threads were stopped: 0.0042825 seconds, Stopping threads took: 0.0000206 seconds
185.587: [GC (Allocation Failure)  1993614K->34926K(2026496K), 0.0043082 secs]
185.591: Total time for which application threads were stopped: 0.0044685 seconds, Stopping threads took: 0.0000193 seconds
185.984: [GC (Allocation Failure)  1905774K->34094K(2391040K), 0.0041651 secs]
185.988: Total time for which application threads were stopped: 0.0043424 seconds, Stopping threads took: 0.0000196 seconds
186.447: [GC (Allocation Failure)  2274094K->37614K(2289152K), 0.0043068 secs]
186.451: Total time for which application threads were stopped: 0.0044882 seconds, Stopping threads took: 0.0000281 seconds
186.881: [GC (Allocation Failure)  2172142K->37742K(2186752K), 0.0038920 secs]
186.885: Total time for which application threads were stopped: 0.0040631 seconds, Stopping threads took: 0.0000210 seconds
187.294: [GC (Allocation Failure)  2071918K->42822K(2094592K), 0.0047722 secs]
187.299: Total time for which application threads were stopped: 0.0049415 seconds, Stopping threads took: 0.0000198 seconds
187.697: [GC (Allocation Failure)  1981766K->44940K(2472448K), 0.0060713 secs]
187.703: Total time for which application threads were stopped: 0.0062353 seconds, Stopping threads took: 0.0000205 seconds
188.182: [GC (Allocation Failure)  2367372K->50414K(2764800K), 0.0046265 secs]
188.187: Total time for which application threads were stopped: 0.0047939 seconds, Stopping threads took: 0.0000200 seconds
188.722: [GC (Allocation Failure)  2658030K->49422K(2876416K), 0.0043693 secs]
188.727: Total time for which application threads were stopped: 0.0045364 seconds, Stopping threads took: 0.0000194 seconds
189.303: [GC (Allocation Failure)  2768654K->50030K(2744832K), 0.0047420 secs]
189.308: Total time for which application threads were stopped: 0.0049398 seconds, Stopping threads took: 0.0000274 seconds
189.840: [GC (Allocation Failure)  2639726K->49382K(2615808K), 0.0043056 secs]
189.844: Total time for which application threads were stopped: 0.0045197 seconds, Stopping threads took: 0.0000252 seconds
190.347: [GC (Allocation Failure)  2516198K->54888K(2504704K), 0.0040384 secs]
190.351: Total time for which application threads were stopped: 0.0042043 seconds, Stopping threads took: 0.0000189 seconds
190.833: [GC (Allocation Failure)  2404968K->54888K(2393600K), 0.0036233 secs]
190.837: Total time for which application threads were stopped: 0.0037869 seconds, Stopping threads took: 0.0000196 seconds
191.296: [GC (Allocation Failure)  2293864K->54984K(2288128K), 0.0042224 secs]
191.300: Total time for which application threads were stopped: 0.0043880 seconds, Stopping threads took: 0.0000201 seconds
191.740: [GC (Allocation Failure)  2188488K->54848K(2184192K), 0.0040129 secs]
191.744: Total time for which application threads were stopped: 0.0042047 seconds, Stopping threads took: 0.0000203 seconds
192.167: [GC (Allocation Failure)  2088000K->58400K(2092544K), 0.0039960 secs]
192.171: Total time for which application threads were stopped: 0.0041618 seconds, Stopping threads took: 0.0000194 seconds
192.575: [GC (Allocation Failure)  1996320K->58336K(2001920K), 0.0037319 secs]
192.579: Total time for which application threads were stopped: 0.0039309 seconds, Stopping threads took: 0.0000269 seconds
192.960: [GC (Allocation Failure)  1905632K->58336K(1915904K), 0.0038104 secs]
192.964: Total time for which application threads were stopped: 0.0039892 seconds, Stopping threads took: 0.0000266 seconds
193.329: [GC (Allocation Failure)  1819616K->58312K(1830400K), 0.0039997 secs]
193.333: Total time for which application threads were stopped: 0.0041669 seconds, Stopping threads took: 0.0000197 seconds
193.675: [GC (Allocation Failure)  1737672K->61864K(1756160K), 0.0039027 secs]
193.679: Total time for which application threads were stopped: 0.0040675 seconds, Stopping threads took: 0.0000188 seconds
194.014: [GC (Allocation Failure)  1663400K->62576K(2071552K), 0.0039869 secs]
194.018: Total time for which application threads were stopped: 0.0041666 seconds, Stopping threads took: 0.0000202 seconds
194.405: [GC (Allocation Failure)  1980528K->63696K(1983488K), 0.0040080 secs]
194.409: Total time for which application threads were stopped: 0.0041815 seconds, Stopping threads took: 0.0000275 seconds
194.786: [GC (Allocation Failure)  1892048K->63552K(2339840K), 0.0041705 secs]
194.790: Total time for which application threads were stopped: 0.0043655 seconds, Stopping threads took: 0.0000202 seconds
195.247: [GC (Allocation Failure)  2252864K->67568K(2241024K), 0.0040051 secs]
195.251: Total time for which application threads were stopped: 0.0041714 seconds, Stopping threads took: 0.0000194 seconds
195.678: [GC (Allocation Failure)  2153968K->67552K(2142720K), 0.0037761 secs]
195.682: Total time for which application threads were stopped: 0.0039443 seconds, Stopping threads took: 0.0000199 seconds
196.089: [GC (Allocation Failure)  2056160K->68160K(2050560K), 0.0041897 secs]
196.093: Total time for which application threads were stopped: 0.0043556 seconds, Stopping threads took: 0.0000194 seconds
196.487: [GC (Allocation Failure)  1963584K->68008K(1956864K), 0.0036623 secs]
196.491: Total time for which application threads were stopped: 0.0038300 seconds, Stopping threads took: 0.0000282 seconds
196.864: [GC (Allocation Failure)  1874856K->72490K(1877504K), 0.0045771 secs]
196.869: Total time for which application threads were stopped: 0.0047402 seconds, Stopping threads took: 0.0000190 seconds
197.223: [GC (Allocation Failure)  1795370K->76330K(2216960K), 0.0051832 secs]
197.229: Total time for which application threads were stopped: 0.0053469 seconds, Stopping threads took: 0.0000199 seconds
197.658: [GC (Allocation Failure)  2139690K->77258K(2625536K), 0.0045867 secs]
197.662: Total time for which application threads were stopped: 0.0047402 seconds, Stopping threads took: 0.0000202 seconds
198.160: [GC (Allocation Failure)  2548170K->77226K(2506752K), 0.0038749 secs]
198.164: Total time for which application threads were stopped: 0.0040443 seconds, Stopping threads took: 0.0000204 seconds
198.647: [GC (Allocation Failure)  2430890K->78666K(2397184K), 0.0039113 secs]
198.651: Total time for which application threads were stopped: 0.0040846 seconds, Stopping threads took: 0.0000268 seconds
199.112: [GC (Allocation Failure)  2321226K->79338K(2289664K), 0.0039807 secs]
199.116: Total time for which application threads were stopped: 0.0041389 seconds, Stopping threads took: 0.0000202 seconds
199.556: [GC (Allocation Failure)  2216426K->81290K(2191360K), 0.0040565 secs]
199.561: Total time for which application threads were stopped: 0.0042305 seconds, Stopping threads took: 0.0000269 seconds
199.977: [GC (Allocation Failure)  2118026K->81258K(2094592K), 0.0040275 secs]
199.981: Total time for which application threads were stopped: 0.0041975 seconds, Stopping threads took: 0.0000271 seconds
200.380: [GC (Allocation Failure)  2022762K->82698K(2005504K), 0.0047243 secs]
200.384: Total time for which application threads were stopped: 0.0048854 seconds, Stopping threads took: 0.0000196 seconds
200.770: [GC (Allocation Failure)  1933578K->82666K(1917440K), 0.0038824 secs]
200.774: Total time for which application threads were stopped: 0.0040862 seconds, Stopping threads took: 0.0000422 seconds
201.142: [GC (Allocation Failure)  1847530K->84618K(1837568K), 0.0039506 secs]
201.146: Total time for which application threads were stopped: 0.0041391 seconds, Stopping threads took: 0.0000196 seconds
201.488: [GC (Allocation Failure)  1767562K->84650K(2167296K), 0.0039362 secs]
201.492: Total time for which application threads were stopped: 0.0041062 seconds, Stopping threads took: 0.0000201 seconds
201.910: [GC (Allocation Failure)  2099882K->87146K(2075648K), 0.0039961 secs]
201.914: Total time for which application threads were stopped: 0.0041590 seconds, Stopping threads took: 0.0000268 seconds
202.305: [GC (Allocation Failure)  2008170K->87466K(1984000K), 0.0039249 secs]
202.309: Total time for which application threads were stopped: 0.0040990 seconds, Stopping threads took: 0.0000204 seconds
202.689: [GC (Allocation Failure)  1918890K->89482K(1901056K), 0.0041241 secs]
202.693: Total time for which application threads were stopped: 0.0042785 seconds, Stopping threads took: 0.0000188 seconds
203.054: [GC (Allocation Failure)  1835914K->89386K(2243584K), 0.0039559 secs]
203.058: Total time for which application threads were stopped: 0.0041171 seconds, Stopping threads took: 0.0000200 seconds
203.489: [GC (Allocation Failure)  2180906K->91914K(2147840K), 0.0042394 secs]
203.493: Total time for which application threads were stopped: 0.0044083 seconds, Stopping threads took: 0.0000200 seconds
203.893: [GC (Allocation Failure)  2085130K->92042K(2052608K), 0.0041824 secs]
203.898: Total time for which application threads were stopped: 0.0043429 seconds, Stopping threads took: 0.0000177 seconds
204.291: [GC (Allocation Failure)  1992074K->93994K(1966080K), 0.0040588 secs]
204.295: Total time for which application threads were stopped: 0.0042280 seconds, Stopping threads took: 0.0000203 seconds
204.668: [GC (Allocation Failure)  1905450K->93962K(2319872K), 0.0040354 secs]
204.672: Total time for which application threads were stopped: 0.0042047 seconds, Stopping threads took: 0.0000208 seconds
205.118: [GC (Allocation Failure)  2262794K->98154K(2222592K), 0.0040063 secs]
205.122: Total time for which application threads were stopped: 0.0041645 seconds, Stopping threads took: 0.0000198 seconds
205.541: [GC (Allocation Failure)  2165098K->97418K(2121728K), 0.0039696 secs]
205.545: Total time for which application threads were stopped: 0.0041389 seconds, Stopping threads took: 0.0000196 seconds
205.950: [GC (Allocation Failure)  2067594K->100426K(2032640K), 0.0042016 secs]
205.954: Total time for which application threads were stopped: 0.0043949 seconds, Stopping threads took: 0.0000254 seconds
206.344: [GC (Allocation Failure)  1978442K->100362K(1942528K), 0.0040328 secs]
206.348: Total time for which application threads were stopped: 0.0042029 seconds, Stopping threads took: 0.0000197 seconds
206.709: [GC (Allocation Failure)  1890826K->104114K(1863168K), 0.0042734 secs]
206.714: Total time for which application threads were stopped: 0.0044601 seconds, Stopping threads took: 0.0000200 seconds
207.070: [GC (Allocation Failure)  1811634K->102962K(2194944K), 0.0042427 secs]
207.075: Total time for which application threads were stopped: 0.0044103 seconds, Stopping threads took: 0.0000197 seconds
207.487: [GC (Allocation Failure)  2147378K->107058K(2602496K), 0.0041724 secs]
207.491: Total time for which application threads were stopped: 0.0043445 seconds, Stopping threads took: 0.0000254 seconds
207.999: [GC (Allocation Failure)  2554930K->107194K(2486272K), 0.0038325 secs]
208.003: Total time for which application threads were stopped: 0.0040003 seconds, Stopping threads took: 0.0000268 seconds
208.481: [GC (Allocation Failure)  2439354K->107610K(2376704K), 0.0041352 secs]
208.486: Total time for which application threads were stopped: 0.0042962 seconds, Stopping threads took: 0.0000265 seconds
208.946: [GC (Allocation Failure)  2329690K->107562K(2267136K), 0.0039205 secs]
208.950: Total time for which application threads were stopped: 0.0040829 seconds, Stopping threads took: 0.0000257 seconds
209.380: [GC (Allocation Failure)  2225194K->112621K(2172928K), 0.0039440 secs]
209.384: Total time for which application threads were stopped: 0.0041034 seconds, Stopping threads took: 0.0000196 seconds
209.799: [GC (Allocation Failure)  2130925K->112589K(2077696K), 0.0039357 secs]
209.803: Total time for which application threads were stopped: 0.0041074 seconds, Stopping threads took: 0.0000203 seconds
210.205: [GC (Allocation Failure)  2036173K->113485K(1989120K), 0.0041889 secs]
210.210: Total time for which application threads were stopped: 0.0043480 seconds, Stopping threads took: 0.0000197 seconds
210.591: [GC (Allocation Failure)  1947469K->113069K(1897472K), 0.0040797 secs]
210.595: Total time for which application threads were stopped: 0.0042609 seconds, Stopping threads took: 0.0000269 seconds
210.956: [GC (Allocation Failure)  1861549K->118607K(1822208K), 0.0039424 secs]
210.960: Total time for which application threads were stopped: 0.0041120 seconds, Stopping threads took: 0.0000265 seconds
211.304: [GC (Allocation Failure)  1786191K->118639K(2151424K), 0.0039871 secs]
211.309: Total time for which application threads were stopped: 0.0041747 seconds, Stopping threads took: 0.0000199 seconds
211.725: [GC (Allocation Failure)  2115439K->119087K(2058240K), 0.0043400 secs]
211.730: Total time for which application threads were stopped: 0.0045179 seconds, Stopping threads took: 0.0000185 seconds
212.127: [GC (Allocation Failure)  2022191K->118919K(1963008K), 0.0039756 secs]
212.131: Total time for which application threads were stopped: 0.0041470 seconds, Stopping threads took: 0.0000208 seconds
212.506: [GC (Allocation Failure)  1933447K->125001K(2327040K), 0.0040883 secs]
212.510: Total time for which application threads were stopped: 0.0042506 seconds, Stopping threads took: 0.0000256 seconds
212.962: [GC (Allocation Failure)  2297417K->124937K(2224640K), 0.0038263 secs]
212.966: Total time for which application threads were stopped: 0.0039845 seconds, Stopping threads took: 0.0000279 seconds
213.392: [GC (Allocation Failure)  2194953K->124969K(2127360K), 0.0044374 secs]
213.396: Total time for which application threads were stopped: 0.0046036 seconds, Stopping threads took: 0.0000201 seconds
213.808: [GC (Allocation Failure)  2097705K->124905K(2029568K), 0.0039520 secs]
213.812: Total time for which application threads were stopped: 0.0041346 seconds, Stopping threads took: 0.0000197 seconds
214.200: [GC (Allocation Failure)  2005481K->130412K(2406400K), 0.0048437 secs]
214.205: Total time for which application threads were stopped: 0.0050129 seconds, Stopping threads took: 0.0000196 seconds
214.666: [GC (Allocation Failure)  2382188K->138153K(2708992K), 0.0083326 secs]
214.674: Total time for which application threads were stopped: 0.0084934 seconds, Stopping threads took: 0.0000204 seconds
215.199: [GC (Allocation Failure)  2692521K->138028K(2712576K), 0.0039409 secs]
215.203: Total time for which application threads were stopped: 0.0041022 seconds, Stopping threads took: 0.0000207 seconds
215.725: [GC (Allocation Failure)  2692396K->138028K(2875392K), 0.0045712 secs]
215.730: Total time for which application threads were stopped: 0.0047676 seconds, Stopping threads took: 0.0000201 seconds
216.321: [GC (Allocation Failure)  2855212K->137996K(2742272K), 0.0049727 secs]
216.326: Total time for which application threads were stopped: 0.0051407 seconds, Stopping threads took: 0.0000197 seconds
216.861: [GC (Allocation Failure)  2725644K->138060K(2615296K), 0.0050102 secs]
216.867: Total time for which application threads were stopped: 0.0051813 seconds, Stopping threads took: 0.0000197 seconds
217.369: [GC (Allocation Failure)  2602828K->142156K(2502656K), 0.0042735 secs]
217.373: Total time for which application threads were stopped: 0.0044549 seconds, Stopping threads took: 0.0000191 seconds
217.862: [GC (Allocation Failure)  2490188K->142156K(2391552K), 0.0039449 secs]
217.866: Total time for which application threads were stopped: 0.0040903 seconds, Stopping threads took: 0.0000200 seconds
218.327: [GC (Allocation Failure)  2379084K->142060K(2286080K), 0.0044568 secs]
218.332: Total time for which application threads were stopped: 0.0046260 seconds, Stopping threads took: 0.0000202 seconds
218.758: [GC (Allocation Failure)  2273516K->142252K(2183168K), 0.0044354 secs]
218.763: Total time for which application threads were stopped: 0.0045977 seconds, Stopping threads took: 0.0000200 seconds
219.182: [GC (Allocation Failure)  2173356K->145100K(2091008K), 0.0042188 secs]
219.186: Total time for which application threads were stopped: 0.0043760 seconds, Stopping threads took: 0.0000193 seconds
219.588: [GC (Allocation Failure)  2080972K->148044K(1999360K), 0.0049691 secs]
219.593: [Full GC (Ergonomics)  148044K->11855K(2004480K), 0.0160328 secs]
219.609: Total time for which application threads were stopped: 0.0213137 seconds, Stopping threads took: 0.0000207 seconds
219.995: [GC (Allocation Failure)  1857103K->20881K(1920000K), 0.0041464 secs]
219.999: Total time for which application threads were stopped: 0.0043150 seconds, Stopping threads took: 0.0000282 seconds
220.363: [GC (Allocation Failure)  1780113K->20617K(2261504K), 0.0039131 secs]
220.367: Total time for which application threads were stopped: 0.0040960 seconds, Stopping threads took: 0.0000201 seconds
220.800: [GC (Allocation Failure)  2124425K->23561K(2165760K), 0.0039308 secs]
220.804: Total time for which application threads were stopped: 0.0041210 seconds, Stopping threads took: 0.0000193 seconds
221.221: [GC (Allocation Failure)  2028553K->23913K(2070528K), 0.0040115 secs]
221.225: Total time for which application threads were stopped: 0.0041702 seconds, Stopping threads took: 0.0000193 seconds
221.609: [GC (Allocation Failure)  1935209K->24585K(1982464K), 0.0040927 secs]
221.614: Total time for which application threads were stopped: 0.0042587 seconds, Stopping threads took: 0.0000204 seconds
221.991: [GC (Allocation Failure)  1846793K->24425K(1894400K), 0.0040159 secs]
221.995: Total time for which application threads were stopped: 0.0041913 seconds, Stopping threads took: 0.0000257 seconds
222.359: [GC (Allocation Failure)  1761641K->26921K(1816576K), 0.0040281 secs]
222.363: Total time for which application threads were stopped: 0.0041916 seconds, Stopping threads took: 0.0000198 seconds
222.700: [GC (Allocation Failure)  1683753K->26953K(2141184K), 0.0038180 secs]
222.704: Total time for which application threads were stopped: 0.0039860 seconds, Stopping threads took: 0.0000273 seconds
223.113: [GC (Allocation Failure)  2008393K->27145K(2049024K), 0.0040603 secs]
223.118: Total time for which application threads were stopped: 0.0042194 seconds, Stopping threads took: 0.0000195 seconds
223.509: [GC (Allocation Failure)  1915913K->26985K(1957376K), 0.0039608 secs]
223.513: Total time for which application threads were stopped: 0.0041221 seconds, Stopping threads took: 0.0000205 seconds
223.888: [GC (Allocation Failure)  1827689K->30057K(1876992K), 0.0038926 secs]
223.892: Total time for which application threads were stopped: 0.0040587 seconds, Stopping threads took: 0.0000195 seconds
224.242: [GC (Allocation Failure)  1747305K->29929K(1797120K), 0.0035552 secs]
224.246: Total time for which application threads were stopped: 0.0037304 seconds, Stopping threads took: 0.0000196 seconds
224.584: [GC (Allocation Failure)  1667817K->30345K(2118144K), 0.0039079 secs]
224.588: Total time for which application threads were stopped: 0.0040717 seconds, Stopping threads took: 0.0000197 seconds
224.996: [GC (Allocation Failure)  1988745K->30361K(2023424K), 0.0039617 secs]
225.000: Total time for which application threads were stopped: 0.0041210 seconds, Stopping threads took: 0.0000195 seconds
225.388: [GC (Allocation Failure)  1897113K->33337K(1939456K), 0.0038435 secs]
225.392: Total time for which application threads were stopped: 0.0040308 seconds, Stopping threads took: 0.0000190 seconds
225.757: [GC (Allocation Failure)  1813049K->33289K(1856512K), 0.0038553 secs]
225.761: Total time for which application threads were stopped: 0.0040151 seconds, Stopping threads took: 0.0000199 seconds
226.112: [GC (Allocation Failure)  1730569K->33769K(1778688K), 0.0039317 secs]
226.116: Total time for which application threads were stopped: 0.0040971 seconds, Stopping threads took: 0.0000194 seconds
226.443: [GC (Allocation Failure)  1652713K->33407K(2092032K), 0.0040769 secs]
226.447: Total time for which application threads were stopped: 0.0042413 seconds, Stopping threads took: 0.0000277 seconds
226.840: [GC (Allocation Failure)  1969791K->30335K(2468864K), 0.0056729 secs]
226.846: Total time for which application threads were stopped: 0.0058211 seconds, Stopping threads took: 0.0000235 seconds
227.312: [GC (Allocation Failure)  2346623K->38337K(2790912K), 0.0037468 secs]
227.316: Total time for which application threads were stopped: 0.0039122 seconds, Stopping threads took: 0.0000197 seconds
227.856: [GC (Allocation Failure)  2666945K->37377K(2791424K), 0.0053060 secs]
227.862: Total time for which application threads were stopped: 0.0054451 seconds, Stopping threads took: 0.0000152 seconds
228.402: [GC (Allocation Failure)  2665985K->37409K(2663424K), 0.0044235 secs]
228.406: Total time for which application threads were stopped: 0.0045826 seconds, Stopping threads took: 0.0000208 seconds
228.918: [GC (Allocation Failure)  2541089K->40977K(2547200K), 0.0053259 secs]
228.923: Total time for which application threads were stopped: 0.0054944 seconds, Stopping threads took: 0.0000340 seconds
229.415: [GC (Allocation Failure)  2425873K->38857K(2426880K), 0.0038772 secs]
229.419: Total time for which application threads were stopped: 0.0040562 seconds, Stopping threads took: 0.0000205 seconds
229.895: [GC (Allocation Failure)  2311113K->43915K(2324992K), 0.0046422 secs]
229.900: Total time for which application threads were stopped: 0.0048109 seconds, Stopping threads took: 0.0000173 seconds
230.347: [GC (Allocation Failure)  2209163K->43851K(2223104K), 0.0038445 secs]
230.351: Total time for which application threads were stopped: 0.0040315 seconds, Stopping threads took: 0.0000195 seconds
230.773: [GC (Allocation Failure)  2107211K->43883K(2126336K), 0.0049785 secs]
230.778: Total time for which application threads were stopped: 0.0051449 seconds, Stopping threads took: 0.0000271 seconds
231.174: [GC (Allocation Failure)  2010475K->43819K(2032640K), 0.0040175 secs]
231.178: Total time for which application threads were stopped: 0.0042146 seconds, Stopping threads took: 0.0000207 seconds
231.560: [GC (Allocation Failure)  1918251K->45291K(2401280K), 0.0047674 secs]
231.565: Total time for which application threads were stopped: 0.0049319 seconds, Stopping threads took: 0.0000196 seconds
232.015: [GC (Allocation Failure)  2286827K->52105K(2840064K), 0.0074894 secs]
232.023: Total time for which application threads were stopped: 0.0076674 seconds, Stopping threads took: 0.0000283 seconds
232.568: [GC (Allocation Failure)  2733449K->53099K(2849280K), 0.0044960 secs]
232.573: Total time for which application threads were stopped: 0.0046627 seconds, Stopping threads took: 0.0000192 seconds
233.119: [GC (Allocation Failure)  2738027K->53003K(2878976K), 0.0047198 secs]
233.124: Total time for which application threads were stopped: 0.0048777 seconds, Stopping threads took: 0.0000198 seconds
233.683: [GC (Allocation Failure)  2768651K->53899K(2746880K), 0.0047796 secs]
233.688: Total time for which application threads were stopped: 0.0049547 seconds, Stopping threads took: 0.0000278 seconds
234.212: [GC (Allocation Failure)  2640011K->52971K(2618880K), 0.0045617 secs]
234.217: Total time for which application threads were stopped: 0.0047265 seconds, Stopping threads took: 0.0000195 seconds
234.713: [GC (Allocation Failure)  2516203K->56971K(2506240K), 0.0041470 secs]
234.718: Total time for which application threads were stopped: 0.0043097 seconds, Stopping threads took: 0.0000252 seconds
235.207: [GC (Allocation Failure)  2403467K->56971K(2395136K), 0.0040384 secs]
235.211: Total time for which application threads were stopped: 0.0042021 seconds, Stopping threads took: 0.0000202 seconds
235.669: [GC (Allocation Failure)  2292363K->57323K(2290176K), 0.0043134 secs]
235.673: Total time for which application threads were stopped: 0.0044838 seconds, Stopping threads took: 0.0000259 seconds
236.108: [GC (Allocation Failure)  2187243K->56939K(2187776K), 0.0036910 secs]
236.112: Total time for which application threads were stopped: 0.0038569 seconds, Stopping threads took: 0.0000202 seconds
236.532: [GC (Allocation Failure)  2087019K->58923K(2094592K), 0.0041470 secs]
236.536: Total time for which application threads were stopped: 0.0043129 seconds, Stopping threads took: 0.0000191 seconds
236.930: [GC (Allocation Failure)  1993771K->58923K(2003968K), 0.0041001 secs]
236.934: Total time for which application threads were stopped: 0.0042688 seconds, Stopping threads took: 0.0000203 seconds
237.310: [GC (Allocation Failure)  1903147K->58923K(1917952K), 0.0042060 secs]
237.315: Total time for which application threads were stopped: 0.0043596 seconds, Stopping threads took: 0.0000197 seconds
237.676: [GC (Allocation Failure)  1817131K->60235K(1833984K), 0.0040723 secs]
237.680: Total time for which application threads were stopped: 0.0042344 seconds, Stopping threads took: 0.0000202 seconds
238.029: [GC (Allocation Failure)  1737035K->62699K(2164736K), 0.0049368 secs]
238.034: Total time for which application threads were stopped: 0.0051098 seconds, Stopping threads took: 0.0000261 seconds
238.435: [GC (Allocation Failure)  2067691K->62699K(2557440K), 0.0038635 secs]
238.439: Total time for which application threads were stopped: 0.0040316 seconds, Stopping threads took: 0.0000196 seconds
238.928: [GC (Allocation Failure)  2460395K->62795K(2443776K), 0.0042540 secs]
238.932: Total time for which application threads were stopped: 0.0044202 seconds, Stopping threads took: 0.0000190 seconds
239.390: [GC (Allocation Failure)  2346827K->62667K(2333696K), 0.0038264 secs]
239.394: Total time for which application threads were stopped: 0.0039872 seconds, Stopping threads took: 0.0000202 seconds
239.838: [GC (Allocation Failure)  2239179K->65707K(2234368K), 0.0048710 secs]
239.843: Total time for which application threads were stopped: 0.0050360 seconds, Stopping threads took: 0.0000240 seconds
240.269: [GC (Allocation Failure)  2139819K->65099K(2135040K), 0.0037318 secs]
240.273: Total time for which application threads were stopped: 0.0039050 seconds, Stopping threads took: 0.0000334 seconds
240.679: [GC (Allocation Failure)  2041931K->66539K(2043904K), 0.0039927 secs]
240.683: Total time for which application threads were stopped: 0.0041670 seconds, Stopping threads took: 0.0000287 seconds
241.070: [GC (Allocation Failure)  1950699K->66507K(1953792K), 0.0038960 secs]
241.074: Total time for which application threads were stopped: 0.0041476 seconds, Stopping threads took: 0.0000278 seconds
241.443: [GC (Allocation Failure)  1862603K->69675K(1873920K), 0.0043326 secs]
241.447: Total time for which application threads were stopped: 0.0045244 seconds, Stopping threads took: 0.0000206 seconds
241.805: [GC (Allocation Failure)  1782315K->68427K(2203648K), 0.0043275 secs]
241.809: Total time for which application threads were stopped: 0.0045078 seconds, Stopping threads took: 0.0000207 seconds
242.224: [GC (Allocation Failure)  2116427K->72619K(2112000K), 0.0037891 secs]
242.228: Total time for which application threads were stopped: 0.0039624 seconds, Stopping threads took: 0.0000194 seconds
242.637: [GC (Allocation Failure)  2024363K->72523K(2020352K), 0.0034161 secs]
242.640: Total time for which application threads were stopped: 0.0036335 seconds, Stopping threads took: 0.0000288 seconds
243.021: [GC (Allocation Failure)  1933131K->72491K(1933824K), 0.0040129 secs]
243.025: Total time for which application threads were stopped: 0.0041674 seconds, Stopping threads took: 0.0000278 seconds
243.394: [GC (Allocation Failure)  1846571K->72387K(1846784K), 0.0037856 secs]
243.398: Total time for which application threads were stopped: 0.0039531 seconds, Stopping threads took: 0.0000202 seconds
243.752: [GC (Allocation Failure)  1764035K->77222K(1773568K), 0.0036856 secs]
243.756: Total time for which application threads were stopped: 0.0039082 seconds, Stopping threads took: 0.0000282 seconds
244.094: [GC (Allocation Failure)  1690534K->76830K(2088448K), 0.0037538 secs]
244.098: Total time for which application threads were stopped: 0.0039222 seconds, Stopping threads took: 0.0000193 seconds
244.499: [GC (Allocation Failure)  2006046K->77246K(1998848K), 0.0040133 secs]
244.504: Total time for which application threads were stopped: 0.0041700 seconds, Stopping threads took: 0.0000192 seconds
244.884: [GC (Allocation Failure)  1916350K->79758K(2355200K), 0.0050637 secs]
244.890: Total time for which application threads were stopped: 0.0052219 seconds, Stopping threads took: 0.0000196 seconds
245.347: [GC (Allocation Failure)  2279310K->83758K(2255872K), 0.0038180 secs]
245.351: Total time for which application threads were stopped: 0.0039845 seconds, Stopping threads took: 0.0000198 seconds
245.786: [GC (Allocation Failure)  2179886K->83758K(2157568K), 0.0036576 secs]
245.790: Total time for which application threads were stopped: 0.0038483 seconds, Stopping threads took: 0.0000200 seconds
246.206: [GC (Allocation Failure)  2081582K->85131K(2065408K), 0.0044916 secs]
246.210: Total time for which application threads were stopped: 0.0046795 seconds, Stopping threads took: 0.0000196 seconds
246.605: [GC (Allocation Failure)  1989259K->86862K(2431488K), 0.0049525 secs]
246.610: Total time for which application threads were stopped: 0.0051119 seconds, Stopping threads took: 0.0000202 seconds
247.079: [GC (Allocation Failure)  2363726K->91920K(2329088K), 0.0041054 secs]
247.083: Total time for which application threads were stopped: 0.0042713 seconds, Stopping threads took: 0.0000278 seconds
247.524: [GC (Allocation Failure)  2261264K->91856K(2227200K), 0.0041008 secs]
247.528: Total time for which application threads were stopped: 0.0042765 seconds, Stopping threads took: 0.0000282 seconds
247.943: [GC (Allocation Failure)  2159312K->91888K(2130432K), 0.0042545 secs]
247.947: Total time for which application threads were stopped: 0.0044216 seconds, Stopping threads took: 0.0000203 seconds
248.350: [GC (Allocation Failure)  2062576K->91856K(2035712K), 0.0041475 secs]
248.355: Total time for which application threads were stopped: 0.0043417 seconds, Stopping threads took: 0.0000202 seconds
248.744: [GC (Allocation Failure)  1970384K->94352K(1950720K), 0.0041119 secs]
248.748: Total time for which application threads were stopped: 0.0042773 seconds, Stopping threads took: 0.0000264 seconds
249.122: [GC (Allocation Failure)  1885328K->94352K(1867264K), 0.0038534 secs]
249.126: Total time for which application threads were stopped: 0.0040254 seconds, Stopping threads took: 0.0000263 seconds
249.481: [GC (Allocation Failure)  1801872K->94352K(2201088K), 0.0041996 secs]
249.485: Total time for which application threads were stopped: 0.0043597 seconds, Stopping threads took: 0.0000194 seconds
249.908: [GC (Allocation Failure)  2135696K->96200K(2597376K), 0.0047673 secs]
249.913: Total time for which application threads were stopped: 0.0049291 seconds, Stopping threads took: 0.0000198 seconds
250.418: [GC (Allocation Failure)  2537416K->99720K(2485248K), 0.0038102 secs]
250.422: Total time for which application threads were stopped: 0.0039817 seconds, Stopping threads took: 0.0000200 seconds
250.896: [GC (Allocation Failure)  2425224K->100584K(2376192K), 0.0038011 secs]
250.900: Total time for which application threads were stopped: 0.0039753 seconds, Stopping threads took: 0.0000205 seconds
251.344: [GC (Allocation Failure)  2316008K->99720K(2270720K), 0.0041519 secs]
251.348: Total time for which application threads were stopped: 0.0043220 seconds, Stopping threads took: 0.0000182 seconds
251.788: [GC (Allocation Failure)  2210696K->99944K(2167808K), 0.0042457 secs]
251.793: Total time for which application threads were stopped: 0.0044270 seconds, Stopping threads took: 0.0000281 seconds
252.208: [GC (Allocation Failure)  2111592K->98694K(2072576K), 0.0023312 secs]
252.210: Total time for which application threads were stopped: 0.0024896 seconds, Stopping threads took: 0.0000201 seconds
252.606: [GC (Allocation Failure)  2016134K->105766K(1990144K), 0.0048508 secs]
252.611: Total time for which application threads were stopped: 0.0050225 seconds, Stopping threads took: 0.0000259 seconds
252.992: [GC (Allocation Failure)  1933606K->103912K(1903104K), 0.0042620 secs]
252.996: Total time for which application threads were stopped: 0.0044269 seconds, Stopping threads took: 0.0000260 seconds
253.358: [GC (Allocation Failure)  1846760K->103408K(1818112K), 0.0041281 secs]
253.362: Total time for which application threads were stopped: 0.0043412 seconds, Stopping threads took: 0.0000452 seconds
253.707: [GC (Allocation Failure)  1765360K->108592K(2149376K), 0.0040540 secs]
253.711: Total time for which application threads were stopped: 0.0042269 seconds, Stopping threads took: 0.0000192 seconds
254.121: [GC (Allocation Failure)  2096176K->104110K(2051584K), 0.0028568 secs]
254.124: Total time for which application threads were stopped: 0.0030166 seconds, Stopping threads took: 0.0000199 seconds
254.505: [GC (Allocation Failure)  1998510K->108400K(1967104K), 0.0044327 secs]
254.510: Total time for which application threads were stopped: 0.0046184 seconds, Stopping threads took: 0.0000200 seconds
254.883: [GC (Allocation Failure)  1914224K->107056K(1882112K), 0.0038670 secs]
254.887: Total time for which application threads were stopped: 0.0040207 seconds, Stopping threads took: 0.0000174 seconds
255.241: [GC (Allocation Failure)  1828912K->106896K(2218496K), 0.0044260 secs]
255.245: Total time for which application threads were stopped: 0.0045852 seconds, Stopping threads took: 0.0000195 seconds
255.667: [GC (Allocation Failure)  2165648K->106888K(2120704K), 0.0039514 secs]
255.671: Total time for which application threads were stopped: 0.0041208 seconds, Stopping threads took: 0.0000199 seconds
256.078: [GC (Allocation Failure)  2068872K->107912K(2030080K), 0.0042216 secs]
256.082: Total time for which application threads were stopped: 0.0043991 seconds, Stopping threads took: 0.0000198 seconds
256.464: [GC (Allocation Failure)  1978248K->107776K(1942528K), 0.0039514 secs]
256.468: Total time for which application threads were stopped: 0.0041134 seconds, Stopping threads took: 0.0000206 seconds
256.839: [GC (Allocation Failure)  1891072K->108160K(2292224K), 0.0045633 secs]
256.844: Total time for which application threads were stopped: 0.0047145 seconds, Stopping threads took: 0.0000165 seconds
257.277: [GC (Allocation Failure)  2240640K->108208K(2189824K), 0.0039276 secs]
257.281: Total time for which application threads were stopped: 0.0040960 seconds, Stopping threads took: 0.0000201 seconds
257.698: [GC (Allocation Failure)  2140336K->110640K(2097152K), 0.0041784 secs]
257.702: Total time for which application threads were stopped: 0.0043516 seconds, Stopping threads took: 0.0000196 seconds
258.102: [GC (Allocation Failure)  2047536K->110504K(2003968K), 0.0039039 secs]
258.106: Total time for which application threads were stopped: 0.0040622 seconds, Stopping threads took: 0.0000196 seconds
258.489: [GC (Allocation Failure)  1956776K->112456K(1920000K), 0.0039603 secs]
258.493: Total time for which application threads were stopped: 0.0041335 seconds, Stopping threads took: 0.0000256 seconds
258.856: [GC (Allocation Failure)  1872712K->112424K(2264064K), 0.0061582 secs]
258.862: Total time for which application threads were stopped: 0.0063175 seconds, Stopping threads took: 0.0000267 seconds
259.294: [GC (Allocation Failure)  2218280K->113960K(2678272K), 0.0039957 secs]
259.298: Total time for which application threads were stopped: 0.0041655 seconds, Stopping threads took: 0.0000186 seconds
259.813: [GC (Allocation Failure)  2632488K->115496K(2560512K), 0.0038749 secs]
259.817: Total time for which application threads were stopped: 0.0040656 seconds, Stopping threads took: 0.0000195 seconds
260.316: [GC (Allocation Failure)  2514728K->114440K(2445824K), 0.0043752 secs]
260.320: Total time for which application threads were stopped: 0.0045423 seconds, Stopping threads took: 0.0000203 seconds
260.790: [GC (Allocation Failure)  2400008K->113896K(2331648K), 0.0040546 secs]
260.794: Total time for which application threads were stopped: 0.0042271 seconds, Stopping threads took: 0.0000203 seconds
261.235: [GC (Allocation Failure)  2291432K->119402K(2234880K), 0.0038339 secs]
261.239: Total time for which application threads were stopped: 0.0040200 seconds, Stopping threads took: 0.0000198 seconds
261.669: [GC (Allocation Failure)  2194538K->119434K(2137600K), 0.0038317 secs]
261.673: Total time for which application threads were stopped: 0.0040100 seconds, Stopping threads took: 0.0000170 seconds
262.079: [GC (Allocation Failure)  2097290K->119530K(2045440K), 0.0042822 secs]
262.084: Total time for which application threads were stopped: 0.0044497 seconds, Stopping threads took: 0.0000202 seconds
262.471: [GC (Allocation Failure)  2004714K->119402K(1951744K), 0.0036401 secs]
262.475: Total time for which application threads were stopped: 0.0038154 seconds, Stopping threads took: 0.0000200 seconds
262.846: [GC (Allocation Failure)  1916522K->124364K(2309632K), 0.0070972 secs]
262.853: Total time for which application threads were stopped: 0.0072466 seconds, Stopping threads took: 0.0000182 seconds
263.292: [GC (Allocation Failure)  2274252K->124684K(2656768K), 0.0040753 secs]
263.296: Total time for which application threads were stopped: 0.0042445 seconds, Stopping threads took: 0.0000199 seconds
263.794: [GC (Allocation Failure)  2621196K->124876K(2657792K), 0.0041152 secs]
263.798: Total time for which application threads were stopped: 0.0042946 seconds, Stopping threads took: 0.0000199 seconds
264.313: [GC (Allocation Failure)  2621388K->124428K(2537984K), 0.0049238 secs]
264.318: Total time for which application threads were stopped: 0.0051139 seconds, Stopping threads took: 0.0000198 seconds
264.806: [GC (Allocation Failure)  2502668K->127018K(2881536K), 0.0055716 secs]
264.812: Total time for which application threads were stopped: 0.0057401 seconds, Stopping threads took: 0.0000199 seconds
265.414: [GC (Allocation Failure)  2847786K->125868K(2750976K), 0.0040000 secs]
265.418: Total time for which application threads were stopped: 0.0041735 seconds, Stopping threads took: 0.0000270 seconds
265.947: [GC (Allocation Failure)  2716989K->121962K(2624512K), 0.0032006 secs]
265.950: Total time for which application threads were stopped: 0.0033447 seconds, Stopping threads took: 0.0000176 seconds
266.458: [GC (Allocation Failure)  2590314K->125868K(2511360K), 0.0038992 secs]
266.462: Total time for which application threads were stopped: 0.0040659 seconds, Stopping threads took: 0.0000190 seconds
266.939: [GC (Allocation Failure)  2477484K->121962K(2396672K), 0.0028778 secs]
266.942: Total time for which application threads were stopped: 0.0030538 seconds, Stopping threads took: 0.0000196 seconds
267.407: [GC (Allocation Failure)  2362474K->126124K(2295296K), 0.0039605 secs]
267.411: Total time for which application threads were stopped: 0.0041245 seconds, Stopping threads took: 0.0000195 seconds
267.857: [GC (Allocation Failure)  2261164K->125868K(2194432K), 0.0050344 secs]
267.862: Total time for which application threads were stopped: 0.0051916 seconds, Stopping threads took: 0.0000183 seconds
268.280: [GC (Allocation Failure)  2160556K->125836K(2096128K), 0.0041966 secs]
268.284: Total time for which application threads were stopped: 0.0043586 seconds, Stopping threads took: 0.0000201 seconds
268.677: [GC (Allocation Failure)  2065292K->128812K(2008576K), 0.0039555 secs]
268.681: Total time for which application threads were stopped: 0.0041225 seconds, Stopping threads took: 0.0000196 seconds
269.057: [GC (Allocation Failure)  1977644K->128844K(1922560K), 0.0039987 secs]
269.061: Total time for which application threads were stopped: 0.0041714 seconds, Stopping threads took: 0.0000263 seconds
269.422: [GC (Allocation Failure)  1891660K->129868K(1841664K), 0.0040506 secs]
269.426: Total time for which application threads were stopped: 0.0042437 seconds, Stopping threads took: 0.0000207 seconds
269.765: [GC (Allocation Failure)  1810764K->128780K(2165248K), 0.0039505 secs]
269.769: Total time for which application threads were stopped: 0.0041204 seconds, Stopping threads took: 0.0000277 seconds
270.180: [GC (Allocation Failure)  2138892K->133295K(2075648K), 0.0042120 secs]
270.185: Total time for which application threads were stopped: 0.0043651 seconds, Stopping threads took: 0.0000186 seconds
270.579: [GC (Allocation Failure)  2049199K->133263K(1986048K), 0.0038758 secs]
270.583: Total time for which application threads were stopped: 0.0040422 seconds, Stopping threads took: 0.0000201 seconds
270.961: [GC (Allocation Failure)  1959567K->133295K(2343424K), 0.0044559 secs]
270.966: Total time for which application threads were stopped: 0.0046147 seconds, Stopping threads took: 0.0000199 seconds
271.402: [GC (Allocation Failure)  2316975K->133743K(2766848K), 0.0043399 secs]
271.407: Total time for which application threads were stopped: 0.0045122 seconds, Stopping threads took: 0.0000202 seconds
271.943: [GC (Allocation Failure)  2744431K->137231K(2646528K), 0.0041131 secs]
271.948: Total time for which application threads were stopped: 0.0042700 seconds, Stopping threads took: 0.0000194 seconds
272.458: [GC (Allocation Failure)  2624015K->137207K(2527744K), 0.0050220 secs]
272.463: Total time for which application threads were stopped: 0.0051926 seconds, Stopping threads took: 0.0000202 seconds
272.946: [GC (Allocation Failure)  2506231K->138167K(2416640K), 0.0043770 secs]
272.950: Total time for which application threads were stopped: 0.0045605 seconds, Stopping threads took: 0.0000199 seconds
273.414: [GC (Allocation Failure)  2395063K->142412K(2820096K), 0.0067295 secs]
273.421: Total time for which application threads were stopped: 0.0068876 seconds, Stopping threads took: 0.0000198 seconds
273.968: [GC (Allocation Failure)  2806348K->145903K(2697216K), 0.0039855 secs]
273.972: Total time for which application threads were stopped: 0.0041428 seconds, Stopping threads took: 0.0000193 seconds
274.488: [GC (Allocation Failure)  2683375K->145951K(2571776K), 0.0039928 secs]
274.492: [Full GC (Ergonomics)  145951K->8627K(2569216K), 0.0105712 secs]
274.503: Total time for which application threads were stopped: 0.0148498 seconds, Stopping threads took: 0.0000200 seconds
274.997: [GC (Allocation Failure)  2425779K->17718K(2461184K), 0.0039973 secs]
275.001: Total time for which application threads were stopped: 0.0041603 seconds, Stopping threads took: 0.0000257 seconds
275.473: [GC (Allocation Failure)  2320694K->17230K(2352128K), 0.0035617 secs]
275.476: Total time for which application threads were stopped: 0.0037224 seconds, Stopping threads took: 0.0000201 seconds
275.929: [GC (Allocation Failure)  2211662K->17102K(2248192K), 0.0040227 secs]
275.934: Total time for which application threads were stopped: 0.0042028 seconds, Stopping threads took: 0.0000199 seconds
276.363: [GC (Allocation Failure)  2108110K->17070K(2146816K), 0.0046043 secs]
276.367: Total time for which application threads were stopped: 0.0047659 seconds, Stopping threads took: 0.0000211 seconds
276.768: [GC (Allocation Failure)  2009774K->20078K(2056704K), 0.0040293 secs]
276.772: Total time for which application threads were stopped: 0.0041991 seconds, Stopping threads took: 0.0000200 seconds
277.160: [GC (Allocation Failure)  1919598K->20070K(1967616K), 0.0042337 secs]
277.165: Total time for which application threads were stopped: 0.0044058 seconds, Stopping threads took: 0.0000200 seconds
277.530: [GC (Allocation Failure)  1831014K->20454K(1884160K), 0.0038871 secs]
277.534: Total time for which application threads were stopped: 0.0040567 seconds, Stopping threads took: 0.0000256 seconds
277.888: [GC (Allocation Failure)  1747430K->22518K(2219520K), 0.0044977 secs]
277.892: Total time for which application threads were stopped: 0.0046715 seconds, Stopping threads took: 0.0000202 seconds
278.312: [GC (Allocation Failure)  2087926K->25494K(2125824K), 0.0040257 secs]
278.316: Total time for which application threads were stopped: 0.0042183 seconds, Stopping threads took: 0.0000197 seconds
278.724: [GC (Allocation Failure)  1994134K->25494K(2033664K), 0.0039452 secs]
278.728: Total time for which application threads were stopped: 0.0041157 seconds, Stopping threads took: 0.0000201 seconds
279.116: [GC (Allocation Failure)  1901974K->25462K(1946112K), 0.0039384 secs]
279.120: Total time for which application threads were stopped: 0.0040974 seconds, Stopping threads took: 0.0000205 seconds
279.479: [GC (Allocation Failure)  1814390K->26094K(2293760K), 0.0065861 secs]
279.485: Total time for which application threads were stopped: 0.0067592 seconds, Stopping threads took: 0.0000207 seconds
279.928: [GC (Allocation Failure)  2166254K->29590K(2717184K), 0.0040227 secs]
279.932: Total time for which application threads were stopped: 0.0041916 seconds, Stopping threads took: 0.0000194 seconds
280.458: [GC (Allocation Failure)  2589590K->29694K(2595840K), 0.0034766 secs]
280.461: Total time for which application threads were stopped: 0.0036650 seconds, Stopping threads took: 0.0000374 seconds
280.963: [GC (Allocation Failure)  2468350K->29702K(2480128K), 0.0041048 secs]
280.968: Total time for which application threads were stopped: 0.0042629 seconds, Stopping threads took: 0.0000196 seconds
281.435: [GC (Allocation Failure)  2352646K->29606K(2365952K), 0.0038958 secs]
281.439: Total time for which application threads were stopped: 0.0040647 seconds, Stopping threads took: 0.0000204 seconds
281.896: [GC (Allocation Failure)  2242982K->34088K(2266112K), 0.0036658 secs]
281.900: Total time for which application threads were stopped: 0.0038107 seconds, Stopping threads took: 0.0000159 seconds
282.337: [GC (Allocation Failure)  2143016K->34120K(2167296K), 0.0038323 secs]
282.340: Total time for which application threads were stopped: 0.0039971 seconds, Stopping threads took: 0.0000198 seconds
282.757: [GC (Allocation Failure)  2044232K->34280K(2073600K), 0.0041885 secs]
282.761: Total time for which application threads were stopped: 0.0043431 seconds, Stopping threads took: 0.0000188 seconds
283.153: [GC (Allocation Failure)  1950184K->34096K(1978368K), 0.0036918 secs]
283.157: Total time for which application threads were stopped: 0.0038638 seconds, Stopping threads took: 0.0000290 seconds
283.532: [GC (Allocation Failure)  1860400K->39122K(1898496K), 0.0038566 secs]
283.536: Total time for which application threads were stopped: 0.0040158 seconds, Stopping threads took: 0.0000266 seconds
283.892: [GC (Allocation Failure)  1780434K->39050K(1817088K), 0.0036736 secs]
283.896: Total time for which application threads were stopped: 0.0038224 seconds, Stopping threads took: 0.0000176 seconds
284.236: [GC (Allocation Failure)  1699466K->39562K(1740800K), 0.0041923 secs]
284.240: Total time for which application threads were stopped: 0.0043587 seconds, Stopping threads took: 0.0000195 seconds
284.565: [GC (Allocation Failure)  1623178K->39626K(2045952K), 0.0037876 secs]
284.568: Total time for which application threads were stopped: 0.0039721 seconds, Stopping threads took: 0.0000271 seconds
284.952: [GC (Allocation Failure)  1933514K->44717K(2421760K), 0.0038257 secs]
284.956: Total time for which application threads were stopped: 0.0040131 seconds, Stopping threads took: 0.0000197 seconds
285.426: [GC (Allocation Failure)  2309293K->44589K(2314240K), 0.0037158 secs]
285.430: Total time for which application threads were stopped: 0.0038862 seconds, Stopping threads took: 0.0000205 seconds
285.874: [GC (Allocation Failure)  2202157K->45005K(2213376K), 0.0038305 secs]
285.877: Total time for which application threads were stopped: 0.0039906 seconds, Stopping threads took: 0.0000193 seconds
286.304: [GC (Allocation Failure)  2101197K->44973K(2112000K), 0.0038110 secs]
286.308: Total time for which application threads were stopped: 0.0039815 seconds, Stopping threads took: 0.0000201 seconds
286.702: [GC (Allocation Failure)  2004909K->49967K(2025472K), 0.0037164 secs]
286.706: Total time for which application threads were stopped: 0.0039141 seconds, Stopping threads took: 0.0000270 seconds
287.094: [GC (Allocation Failure)  1918255K->49935K(1937920K), 0.0036449 secs]
287.097: Total time for which application threads were stopped: 0.0037903 seconds, Stopping threads took: 0.0000174 seconds
287.463: [GC (Allocation Failure)  1831183K->50967K(1856000K), 0.0039995 secs]
287.467: Total time for which application threads were stopped: 0.0041966 seconds, Stopping threads took: 0.0000216 seconds
287.820: [GC (Allocation Failure)  1749271K->50343K(1769984K), 0.0041303 secs]
287.824: Total time for which application threads were stopped: 0.0042929 seconds, Stopping threads took: 0.0000203 seconds
288.152: [GC (Allocation Failure)  1669799K->56905K(2094080K), 0.0038320 secs]
288.156: Total time for which application threads were stopped: 0.0039910 seconds, Stopping threads took: 0.0000203 seconds
288.555: [GC (Allocation Failure)  1993801K->57065K(2003968K), 0.0036395 secs]
288.559: Total time for which application threads were stopped: 0.0038076 seconds, Stopping threads took: 0.0000282 seconds
288.931: [GC (Allocation Failure)  1903337K->56969K(2365440K), 0.0043148 secs]
288.935: Total time for which application threads were stopped: 0.0044703 seconds, Stopping threads took: 0.0000179 seconds
289.387: [GC (Allocation Failure)  2265225K->56841K(2254336K), 0.0041717 secs]
289.391: Total time for which application threads were stopped: 0.0043668 seconds, Stopping threads took: 0.0000208 seconds
289.828: [GC (Allocation Failure)  2161161K->63915K(2162688K), 0.0038202 secs]
289.832: Total time for which application threads were stopped: 0.0039686 seconds, Stopping threads took: 0.0000169 seconds
290.248: [GC (Allocation Failure)  2069419K->64075K(2069504K), 0.0038602 secs]
290.252: Total time for which application threads were stopped: 0.0040368 seconds, Stopping threads took: 0.0000202 seconds
290.648: [GC (Allocation Failure)  1975883K->63947K(1979904K), 0.0040864 secs]
290.652: Total time for which application threads were stopped: 0.0042519 seconds, Stopping threads took: 0.0000198 seconds
291.022: [GC (Allocation Failure)  1886667K->63883K(1887744K), 0.0039057 secs]
291.026: Total time for which application threads were stopped: 0.0041405 seconds, Stopping threads took: 0.0000507 seconds
291.377: [GC (Allocation Failure)  1801611K->70926K(1814528K), 0.0039403 secs]
291.381: Total time for which application threads were stopped: 0.0041089 seconds, Stopping threads took: 0.0000200 seconds
291.727: [GC (Allocation Failure)  1728270K->70926K(2139136K), 0.0036964 secs]
291.731: Total time for which application threads were stopped: 0.0038990 seconds, Stopping threads took: 0.0000282 seconds
292.135: [GC (Allocation Failure)  2052878K->70958K(2046464K), 0.0040627 secs]
292.139: Total time for which application threads were stopped: 0.0042296 seconds, Stopping threads took: 0.0000277 seconds
292.528: [GC (Allocation Failure)  1960238K->70958K(1951744K), 0.0039287 secs]
292.532: Total time for which application threads were stopped: 0.0040953 seconds, Stopping threads took: 0.0000271 seconds
292.904: [GC (Allocation Failure)  1872174K->77520K(1874432K), 0.0038092 secs]
292.908: Total time for which application threads were stopped: 0.0039566 seconds, Stopping threads took: 0.0000174 seconds
293.269: [GC (Allocation Failure)  1794768K->78376K(2210816K), 0.0038985 secs]
293.273: Total time for which application threads were stopped: 0.0040735 seconds, Stopping threads took: 0.0000277 seconds
293.701: [GC (Allocation Failure)  2132008K->78312K(2114560K), 0.0040533 secs]
293.705: Total time for which application threads were stopped: 0.0042123 seconds, Stopping threads took: 0.0000205 seconds
294.113: [GC (Allocation Failure)  2035688K->78248K(2016256K), 0.0039709 secs]
294.117: Total time for which application threads were stopped: 0.0041317 seconds, Stopping threads took: 0.0000196 seconds
294.506: [GC (Allocation Failure)  1943976K->84810K(1935872K), 0.0035346 secs]
294.509: Total time for which application threads were stopped: 0.0037015 seconds, Stopping threads took: 0.0000195 seconds
294.871: [GC (Allocation Failure)  1863498K->85106K(1853440K), 0.0038297 secs]
294.875: Total time for which application threads were stopped: 0.0040073 seconds, Stopping threads took: 0.0000200 seconds
295.229: [GC (Allocation Failure)  1781362K->85010K(2185728K), 0.0043728 secs]
295.234: Total time for which application threads were stopped: 0.0045506 seconds, Stopping threads took: 0.0000194 seconds
295.653: [GC (Allocation Failure)  2113554K->84986K(2576384K), 0.0041970 secs]
295.657: Total time for which application threads were stopped: 0.0043874 seconds, Stopping threads took: 0.0000280 seconds
296.147: [GC (Allocation Failure)  2510842K->91548K(2468352K), 0.0039771 secs]
296.151: Total time for which application threads were stopped: 0.0041445 seconds, Stopping threads took: 0.0000197 seconds
296.625: [GC (Allocation Failure)  2402716K->91516K(2359296K), 0.0037997 secs]
296.628: Total time for which application threads were stopped: 0.0039627 seconds, Stopping threads took: 0.0000207 seconds
297.085: [GC (Allocation Failure)  2293628K->92092K(2255872K), 0.0043423 secs]
297.090: Total time for which application threads were stopped: 0.0045108 seconds, Stopping threads took: 0.0000203 seconds
297.525: [GC (Allocation Failure)  2190268K->91476K(2149888K), 0.0040947 secs]
297.529: Total time for which application threads were stopped: 0.0042579 seconds, Stopping threads took: 0.0000202 seconds
297.939: [GC (Allocation Failure)  2091348K->98519K(2063360K), 0.0040488 secs]
297.944: Total time for which application threads were stopped: 0.0042053 seconds, Stopping threads took: 0.0000176 seconds
298.342: [GC (Allocation Failure)  2004695K->98519K(1974272K), 0.0038356 secs]
298.346: Total time for which application threads were stopped: 0.0040359 seconds, Stopping threads took: 0.0000201 seconds
298.724: [GC (Allocation Failure)  1915607K->98551K(1889792K), 0.0042550 secs]
298.728: Total time for which application threads were stopped: 0.0044134 seconds, Stopping threads took: 0.0000192 seconds
299.089: [GC (Allocation Failure)  1831159K->98695K(1802752K), 0.0041968 secs]
299.094: Total time for which application threads were stopped: 0.0043851 seconds, Stopping threads took: 0.0000279 seconds
299.429: [GC (Allocation Failure)  1750919K->105225K(2133504K), 0.0040508 secs]
299.433: Total time for which application threads were stopped: 0.0042121 seconds, Stopping threads took: 0.0000199 seconds
299.844: [GC (Allocation Failure)  2081545K->105225K(2040832K), 0.0035987 secs]
299.848: Total time for which application threads were stopped: 0.0037981 seconds, Stopping threads took: 0.0000278 seconds
300.240: [GC (Allocation Failure)  1988873K->105225K(1952768K), 0.0042853 secs]
300.244: Total time for which application threads were stopped: 0.0044562 seconds, Stopping threads took: 0.0000195 seconds
300.617: [GC (Allocation Failure)  1900809K->105513K(2297856K), 0.0038683 secs]
300.621: Total time for which application threads were stopped: 0.0040387 seconds, Stopping threads took: 0.0000264 seconds
301.058: [GC (Allocation Failure)  2252841K->112011K(2203648K), 0.0044072 secs]
301.062: Total time for which application threads were stopped: 0.0045627 seconds, Stopping threads took: 0.0000260 seconds
