Java HotSpot(TM) 64-Bit Server VM (25.171-b11) for linux-amd64 JRE (1.8.0_171-b11), built on Mar 28 2018 17:07:08 by "java_re" with gcc 4.3.0 20080428 (Red Hat 4.3.0-8)
Memory: 4k page, physical 32883000k(29369712k free), swap 8000508k(8000508k free)
CommandLine flags: -XX:InitialHeapSize=1073741824 -XX:MaxHeapSize=1073741824 -XX:+PrintGC -XX:+PrintGCApplicationStoppedTime -XX:+PrintGCTimeStamps -XX:+UseCompressedClassPointers -XX:+UseCompressedOops -XX:+UseParallelGC 
0.287: [GC (Allocation Failure)  262144K->10380K(1005056K), 0.0054582 secs]
0.292: Total time for which application threads were stopped: 0.0056635 seconds, Stopping threads took: 0.0000172 seconds
0.356: [GC (Allocation Failure)  272524K->8626K(1005056K), 0.0038123 secs]
0.360: Total time for which application threads were stopped: 0.0040436 seconds, Stopping threads took: 0.0000711 seconds
0.415: [GC (Allocation Failure)  270770K->8594K(1005056K), 0.0028737 secs]
0.418: Total time for which application threads were stopped: 0.0030445 seconds, Stopping threads took: 0.0000186 seconds
0.473: [GC (Allocation Failure)  270738K->8578K(1005056K), 0.0043231 secs]
0.477: Total time for which application threads were stopped: 0.0044868 seconds, Stopping threads took: 0.0000324 seconds
0.533: [GC (Allocation Failure)  270722K->8754K(1005056K), 0.0036542 secs]
0.537: Total time for which application threads were stopped: 0.0038223 seconds, Stopping threads took: 0.0000197 seconds
0.592: [GC (Allocation Failure)  270898K->8562K(1038336K), 0.0044248 secs]
0.597: Total time for which application threads were stopped: 0.0046071 seconds, Stopping threads took: 0.0000224 seconds
0.675: [GC (Allocation Failure)  336754K->8580K(1037824K), 0.0040973 secs]
0.679: Total time for which application threads were stopped: 0.0042652 seconds, Stopping threads took: 0.0000196 seconds
0.749: [GC (Allocation Failure)  336772K->8676K(1038336K), 0.0037622 secs]
0.752: Total time for which application threads were stopped: 0.0039024 seconds, Stopping threads took: 0.0000205 seconds
0.819: [GC (Allocation Failure)  337380K->8612K(1038336K), 0.0036560 secs]
0.822: Total time for which application threads were stopped: 0.0037963 seconds, Stopping threads took: 0.0000190 seconds
0.885: [GC (Allocation Failure)  337316K->10308K(1037312K), 0.0033893 secs]
0.889: Total time for which application threads were stopped: 0.0035367 seconds, Stopping threads took: 0.0000271 seconds
0.957: [GC (Allocation Failure)  337988K->8612K(1037824K), 0.0035988 secs]
0.961: Total time for which application threads were stopped: 0.0037260 seconds, Stopping threads took: 0.0000194 seconds
1.025: [GC (Allocation Failure)  336292K->8580K(1037824K), 0.0035086 secs]
1.029: Total time for which application threads were stopped: 0.0036366 seconds, Stopping threads took: 0.0000183 seconds
1.091: [GC (Allocation Failure)  336260K->9508K(1028096K), 0.0046273 secs]
1.096: Total time for which application threads were stopped: 0.0047550 seconds, Stopping threads took: 0.0000185 seconds
1.163: [GC (Allocation Failure)  337188K->16838K(1037312K), 0.0037821 secs]
1.166: Total time for which application threads were stopped: 0.0039199 seconds, Stopping threads took: 0.0000272 seconds
1.233: [GC (Allocation Failure)  342982K->16646K(1036800K), 0.0064532 secs]
1.240: Total time for which application threads were stopped: 0.0065830 seconds, Stopping threads took: 0.0000194 seconds
1.305: [GC (Allocation Failure)  342790K->21964K(1034240K), 0.0066987 secs]
1.311: Total time for which application threads were stopped: 0.0068396 seconds, Stopping threads took: 0.0000218 seconds
1.375: [GC (Allocation Failure)  345548K->18958K(1035776K), 0.0036507 secs]
1.379: Total time for which application threads were stopped: 0.0037835 seconds, Stopping threads took: 0.0000191 seconds
1.443: [GC (Allocation Failure)  342542K->18734K(1036288K), 0.0037089 secs]
1.447: Total time for which application threads were stopped: 0.0038621 seconds, Stopping threads took: 0.0000194 seconds
1.514: [GC (Allocation Failure)  342827K->14860K(1035776K), 0.0154568 secs]
1.529: Total time for which application threads were stopped: 0.0156857 seconds, Stopping threads took: 0.0000257 seconds
1.599: [GC (Allocation Failure)  338956K->18894K(1035776K), 0.0043303 secs]
1.603: Total time for which application threads were stopped: 0.0044778 seconds, Stopping threads took: 0.0000171 seconds
1.671: [GC (Allocation Failure)  342478K->22894K(1035776K), 0.0037184 secs]
1.675: Total time for which application threads were stopped: 0.0038997 seconds, Stopping threads took: 0.0000200 seconds
1.744: [GC (Allocation Failure)  346478K->22926K(1036288K), 0.0039587 secs]
1.748: Total time for which application threads were stopped: 0.0041207 seconds, Stopping threads took: 0.0000201 seconds
1.817: [GC (Allocation Failure)  347534K->23238K(1024512K), 0.0047745 secs]
1.821: Total time for which application threads were stopped: 0.0049394 seconds, Stopping threads took: 0.0000223 seconds
1.891: [GC (Allocation Failure)  347846K->30920K(1035776K), 0.0038991 secs]
1.895: Total time for which application threads were stopped: 0.0040652 seconds, Stopping threads took: 0.0000201 seconds
1.965: [GC (Allocation Failure)  354504K->30920K(1035776K), 0.0038582 secs]
1.969: Total time for which application threads were stopped: 0.0040214 seconds, Stopping threads took: 0.0000190 seconds
2.036: [GC (Allocation Failure)  354504K->31432K(1034752K), 0.0044901 secs]
2.041: Total time for which application threads were stopped: 0.0046547 seconds, Stopping threads took: 0.0000276 seconds
2.110: [GC (Allocation Failure)  353992K->38954K(1035264K), 0.0037932 secs]
2.113: Total time for which application threads were stopped: 0.0039575 seconds, Stopping threads took: 0.0000195 seconds
2.181: [GC (Allocation Failure)  361514K->38954K(1035264K), 0.0039284 secs]
2.185: Total time for which application threads were stopped: 0.0040926 seconds, Stopping threads took: 0.0000199 seconds
2.253: [GC (Allocation Failure)  361514K->39210K(1022464K), 0.0047627 secs]
2.258: Total time for which application threads were stopped: 0.0049273 seconds, Stopping threads took: 0.0000191 seconds
2.327: [GC (Allocation Failure)  361770K->46989K(1034752K), 0.0038276 secs]
2.330: Total time for which application threads were stopped: 0.0039928 seconds, Stopping threads took: 0.0000197 seconds
2.398: [GC (Allocation Failure)  368525K->46989K(1034752K), 0.0039444 secs]
2.402: Total time for which application threads were stopped: 0.0041073 seconds, Stopping threads took: 0.0000192 seconds
2.467: [GC (Allocation Failure)  368525K->47053K(1034240K), 0.0047119 secs]
2.472: Total time for which application threads were stopped: 0.0048879 seconds, Stopping threads took: 0.0000190 seconds
2.541: [GC (Allocation Failure)  368589K->55055K(1034752K), 0.0047935 secs]
2.546: Total time for which application threads were stopped: 0.0049616 seconds, Stopping threads took: 0.0000199 seconds
2.615: [GC (Allocation Failure)  376591K->55055K(1034752K), 0.0039301 secs]
2.619: Total time for which application threads were stopped: 0.0041038 seconds, Stopping threads took: 0.0000194 seconds
2.684: [GC (Allocation Failure)  376591K->55119K(1021440K), 0.0055462 secs]
2.690: Total time for which application threads were stopped: 0.0057115 seconds, Stopping threads took: 0.0000188 seconds
2.757: [GC (Allocation Failure)  376655K->63057K(1034240K), 0.0039096 secs]
2.761: Total time for which application threads were stopped: 0.0040709 seconds, Stopping threads took: 0.0000195 seconds
2.828: [GC (Allocation Failure)  383569K->63057K(1034240K), 0.0039336 secs]
2.832: Total time for which application threads were stopped: 0.0040858 seconds, Stopping threads took: 0.0000190 seconds
2.898: [GC (Allocation Failure)  383569K->63369K(1034240K), 0.0047597 secs]
2.903: Total time for which application threads were stopped: 0.0049139 seconds, Stopping threads took: 0.0000186 seconds
2.972: [GC (Allocation Failure)  383881K->71083K(1034240K), 0.0040809 secs]
2.977: Total time for which application threads were stopped: 0.0042453 seconds, Stopping threads took: 0.0000199 seconds
3.043: [GC (Allocation Failure)  391595K->71083K(1034240K), 0.0036960 secs]
3.047: Total time for which application threads were stopped: 0.0038702 seconds, Stopping threads took: 0.0000272 seconds
3.114: [GC (Allocation Failure)  391595K->71595K(1020928K), 0.0049752 secs]
3.119: Total time for which application threads were stopped: 0.0051271 seconds, Stopping threads took: 0.0000191 seconds
3.186: [GC (Allocation Failure)  392107K->79118K(1033728K), 0.0039905 secs]
3.190: Total time for which application threads were stopped: 0.0041454 seconds, Stopping threads took: 0.0000195 seconds
3.255: [GC (Allocation Failure)  398606K->79118K(1033728K), 0.0039893 secs]
3.259: Total time for which application threads were stopped: 0.0041590 seconds, Stopping threads took: 0.0000212 seconds
3.324: [GC (Allocation Failure)  398606K->79374K(1033728K), 0.0050387 secs]
3.329: Total time for which application threads were stopped: 0.0052101 seconds, Stopping threads took: 0.0000196 seconds
3.396: [GC (Allocation Failure)  398862K->87152K(1033728K), 0.0053214 secs]
3.401: Total time for which application threads were stopped: 0.0055074 seconds, Stopping threads took: 0.0000203 seconds
3.469: [GC (Allocation Failure)  406640K->87152K(1033728K), 0.0039370 secs]
3.473: Total time for which application threads were stopped: 0.0041126 seconds, Stopping threads took: 0.0000220 seconds
3.540: [GC (Allocation Failure)  406640K->87312K(1033728K), 0.0046910 secs]
3.545: Total time for which application threads were stopped: 0.0048467 seconds, Stopping threads took: 0.0000197 seconds
3.614: [GC (Allocation Failure)  406800K->95218K(1033728K), 0.0040757 secs]
3.618: Total time for which application threads were stopped: 0.0042460 seconds, Stopping threads took: 0.0000193 seconds
3.687: [GC (Allocation Failure)  414706K->95186K(1033728K), 0.0035910 secs]
3.691: Total time for which application threads were stopped: 0.0037491 seconds, Stopping threads took: 0.0000194 seconds
3.756: [GC (Allocation Failure)  414674K->95306K(1032704K), 0.0047281 secs]
3.761: Total time for which application threads were stopped: 0.0049175 seconds, Stopping threads took: 0.0000200 seconds
3.830: [GC (Allocation Failure)  413770K->103245K(1033216K), 0.0040080 secs]
3.834: Total time for which application threads were stopped: 0.0041709 seconds, Stopping threads took: 0.0000193 seconds
3.902: [GC (Allocation Failure)  421709K->103213K(1033216K), 0.0037444 secs]
3.905: Total time for which application threads were stopped: 0.0039082 seconds, Stopping threads took: 0.0000192 seconds
3.972: [GC (Allocation Failure)  421677K->103277K(1033216K), 0.0048167 secs]
3.977: Total time for which application threads were stopped: 0.0049966 seconds, Stopping threads took: 0.0000194 seconds
4.044: [GC (Allocation Failure)  421741K->111279K(1033216K), 0.0039339 secs]
4.048: Total time for which application threads were stopped: 0.0041075 seconds, Stopping threads took: 0.0000291 seconds
4.061: Total time for which application threads were stopped: 0.0001287 seconds, Stopping threads took: 0.0000571 seconds
4.114: [GC (Allocation Failure)  429743K->105101K(1033216K), 0.0014508 secs]
4.115: Total time for which application threads were stopped: 0.0015750 seconds, Stopping threads took: 0.0000196 seconds
4.183: [GC (Allocation Failure)  423565K->111487K(1034240K), 0.0042572 secs]
4.187: Total time for which application threads were stopped: 0.0044227 seconds, Stopping threads took: 0.0000194 seconds
4.254: [GC (Allocation Failure)  431487K->115391K(1033728K), 0.0046122 secs]
4.259: Total time for which application threads were stopped: 0.0047794 seconds, Stopping threads took: 0.0000200 seconds
4.324: [GC (Allocation Failure)  435391K->120797K(1029632K), 0.0065025 secs]
4.331: Total time for which application threads were stopped: 0.0066589 seconds, Stopping threads took: 0.0000185 seconds
4.398: [GC (Allocation Failure)  436189K->115551K(1031680K), 0.0039086 secs]
4.402: Total time for which application threads were stopped: 0.0040650 seconds, Stopping threads took: 0.0000194 seconds
4.469: [GC (Allocation Failure)  430943K->115423K(1032704K), 0.0040880 secs]
4.473: Total time for which application threads were stopped: 0.0042552 seconds, Stopping threads took: 0.0000195 seconds
4.539: [GC (Allocation Failure)  432351K->117255K(1032192K), 0.0049741 secs]
4.544: Total time for which application threads were stopped: 0.0051306 seconds, Stopping threads took: 0.0000193 seconds
4.614: [GC (Allocation Failure)  434183K->123529K(1032704K), 0.0041540 secs]
4.618: Total time for which application threads were stopped: 0.0043279 seconds, Stopping threads took: 0.0000200 seconds
4.685: [GC (Allocation Failure)  440969K->123465K(1032704K), 0.0037744 secs]
4.689: Total time for which application threads were stopped: 0.0039355 seconds, Stopping threads took: 0.0000202 seconds
4.755: [GC (Allocation Failure)  440905K->125993K(1033216K), 0.0048514 secs]
4.760: Total time for which application threads were stopped: 0.0050157 seconds, Stopping threads took: 0.0000193 seconds
4.828: [GC (Allocation Failure)  444457K->131467K(1033216K), 0.0075555 secs]
4.835: Total time for which application threads were stopped: 0.0077273 seconds, Stopping threads took: 0.0000196 seconds
4.903: [GC (Allocation Failure)  449931K->131467K(1033728K), 0.0038743 secs]
4.907: Total time for which application threads were stopped: 0.0040323 seconds, Stopping threads took: 0.0000199 seconds
4.976: [GC (Allocation Failure)  450955K->135235K(1033728K), 0.0054285 secs]
4.982: Total time for which application threads were stopped: 0.0055897 seconds, Stopping threads took: 0.0000192 seconds
5.050: [GC (Allocation Failure)  454723K->139526K(1034240K), 0.0040027 secs]
5.054: Total time for which application threads were stopped: 0.0041775 seconds, Stopping threads took: 0.0000277 seconds
5.122: [GC (Allocation Failure)  460038K->139494K(1034240K), 0.0039018 secs]
5.126: Total time for which application threads were stopped: 0.0040666 seconds, Stopping threads took: 0.0000186 seconds
5.193: [GC (Allocation Failure)  460006K->140390K(1034240K), 0.0050032 secs]
5.198: Total time for which application threads were stopped: 0.0051613 seconds, Stopping threads took: 0.0000196 seconds
5.267: [GC (Allocation Failure)  460902K->147592K(1034240K), 0.0039293 secs]
5.271: Total time for which application threads were stopped: 0.0040881 seconds, Stopping threads took: 0.0000197 seconds
5.342: [GC (Allocation Failure)  468104K->147560K(1034240K), 0.0041391 secs]
5.346: Total time for which application threads were stopped: 0.0043019 seconds, Stopping threads took: 0.0000199 seconds
5.413: [GC (Allocation Failure)  468072K->150696K(1034240K), 0.0049448 secs]
5.418: Total time for which application threads were stopped: 0.0051132 seconds, Stopping threads took: 0.0000199 seconds
5.487: [GC (Allocation Failure)  471208K->155594K(1034752K), 0.0039328 secs]
5.491: Total time for which application threads were stopped: 0.0041020 seconds, Stopping threads took: 0.0000204 seconds
5.559: [GC (Allocation Failure)  477130K->155562K(1034752K), 0.0041602 secs]
5.563: Total time for which application threads were stopped: 0.0043186 seconds, Stopping threads took: 0.0000193 seconds
5.629: [GC (Allocation Failure)  477098K->158954K(1034752K), 0.0053699 secs]
5.635: Total time for which application threads were stopped: 0.0055408 seconds, Stopping threads took: 0.0000196 seconds
5.701: [GC (Allocation Failure)  480490K->163660K(1034752K), 0.0041488 secs]
5.706: Total time for which application threads were stopped: 0.0043456 seconds, Stopping threads took: 0.0000201 seconds
5.773: [GC (Allocation Failure)  485196K->163596K(1034752K), 0.0042137 secs]
5.777: Total time for which application threads were stopped: 0.0043696 seconds, Stopping threads took: 0.0000188 seconds
5.844: [GC (Allocation Failure)  485132K->164100K(1034752K), 0.0050271 secs]
5.849: Total time for which application threads were stopped: 0.0051917 seconds, Stopping threads took: 0.0000272 seconds
5.918: [GC (Allocation Failure)  485636K->171623K(1034752K), 0.0041699 secs]
5.922: Total time for which application threads were stopped: 0.0043285 seconds, Stopping threads took: 0.0000192 seconds
5.991: [GC (Allocation Failure)  493159K->171655K(1034752K), 0.0041157 secs]
5.995: Total time for which application threads were stopped: 0.0042760 seconds, Stopping threads took: 0.0000198 seconds
6.062: [GC (Allocation Failure)  493191K->173351K(1034752K), 0.0049388 secs]
6.067: Total time for which application threads were stopped: 0.0051183 seconds, Stopping threads took: 0.0000267 seconds
6.135: [GC (Allocation Failure)  494887K->179689K(1034752K), 0.0041394 secs]
6.139: Total time for which application threads were stopped: 0.0042968 seconds, Stopping threads took: 0.0000195 seconds
6.206: [GC (Allocation Failure)  501225K->179657K(1034752K), 0.0042372 secs]
6.211: Total time for which application threads were stopped: 0.0044065 seconds, Stopping threads took: 0.0000201 seconds
6.276: [GC (Allocation Failure)  501193K->182601K(1034752K), 0.0051018 secs]
6.281: Total time for which application threads were stopped: 0.0052598 seconds, Stopping threads took: 0.0000195 seconds
6.351: [GC (Allocation Failure)  504137K->187723K(1034752K), 0.0042427 secs]
6.356: Total time for which application threads were stopped: 0.0044141 seconds, Stopping threads took: 0.0000201 seconds
6.424: [GC (Allocation Failure)  509259K->187659K(1034752K), 0.0043390 secs]
6.429: Total time for which application threads were stopped: 0.0045073 seconds, Stopping threads took: 0.0000199 seconds
6.494: [GC (Allocation Failure)  509195K->187723K(1033728K), 0.0058504 secs]
6.500: Total time for which application threads were stopped: 0.0060084 seconds, Stopping threads took: 0.0000238 seconds
6.568: [GC (Allocation Failure)  508235K->195853K(1034240K), 0.0040478 secs]
6.573: Total time for which application threads were stopped: 0.0042125 seconds, Stopping threads took: 0.0000191 seconds
6.640: [GC (Allocation Failure)  516365K->195757K(1034240K), 0.0041485 secs]
6.645: Total time for which application threads were stopped: 0.0043152 seconds, Stopping threads took: 0.0000197 seconds
6.711: [GC (Allocation Failure)  516269K->198061K(1034240K), 0.0049530 secs]
6.716: Total time for which application threads were stopped: 0.0051376 seconds, Stopping threads took: 0.0000186 seconds
6.786: [GC (Allocation Failure)  518573K->203824K(1034240K), 0.0042489 secs]
6.791: Total time for which application threads were stopped: 0.0044057 seconds, Stopping threads took: 0.0000172 seconds
6.859: [GC (Allocation Failure)  524336K->203792K(1034240K), 0.0039840 secs]
6.863: Total time for which application threads were stopped: 0.0041447 seconds, Stopping threads took: 0.0000196 seconds
6.932: [GC (Allocation Failure)  524304K->204232K(1034240K), 0.0049904 secs]
6.937: Total time for which application threads were stopped: 0.0051478 seconds, Stopping threads took: 0.0000200 seconds
7.006: [GC (Allocation Failure)  524744K->211786K(1034240K), 0.0045630 secs]
7.011: Total time for which application threads were stopped: 0.0047294 seconds, Stopping threads took: 0.0000198 seconds
7.079: [GC (Allocation Failure)  532298K->211786K(1034240K), 0.0040665 secs]
7.083: Total time for which application threads were stopped: 0.0042404 seconds, Stopping threads took: 0.0000212 seconds
7.151: [GC (Allocation Failure)  532298K->214506K(1034240K), 0.0053883 secs]
7.157: Total time for which application threads were stopped: 0.0055678 seconds, Stopping threads took: 0.0000208 seconds
7.225: [GC (Allocation Failure)  535018K->219820K(1034240K), 0.0043860 secs]
7.230: Total time for which application threads were stopped: 0.0045599 seconds, Stopping threads took: 0.0000199 seconds
7.299: [GC (Allocation Failure)  540332K->219820K(1034240K), 0.0042866 secs]
7.303: Total time for which application threads were stopped: 0.0044422 seconds, Stopping threads took: 0.0000187 seconds
7.370: [GC (Allocation Failure)  540332K->220684K(1034240K), 0.0052090 secs]
7.375: Total time for which application threads were stopped: 0.0053786 seconds, Stopping threads took: 0.0000191 seconds
7.446: [GC (Allocation Failure)  541196K->227919K(1034240K), 0.0040908 secs]
7.450: Total time for which application threads were stopped: 0.0042615 seconds, Stopping threads took: 0.0000172 seconds
7.519: [GC (Allocation Failure)  548431K->227887K(1034240K), 0.0043094 secs]
7.523: Total time for which application threads were stopped: 0.0044744 seconds, Stopping threads took: 0.0000187 seconds
7.592: [GC (Allocation Failure)  548399K->230991K(1034240K), 0.0053708 secs]
7.598: Total time for which application threads were stopped: 0.0055433 seconds, Stopping threads took: 0.0000256 seconds
7.667: [GC (Allocation Failure)  551503K->235985K(1033728K), 0.0041931 secs]
7.671: Total time for which application threads were stopped: 0.0043502 seconds, Stopping threads took: 0.0000191 seconds
7.739: [GC (Allocation Failure)  556497K->235921K(1034240K), 0.0043059 secs]
7.743: Total time for which application threads were stopped: 0.0044999 seconds, Stopping threads took: 0.0000200 seconds
7.812: [GC (Allocation Failure)  556433K->237161K(1033728K), 0.0050294 secs]
7.817: Total time for which application threads were stopped: 0.0052081 seconds, Stopping threads took: 0.0000173 seconds
7.887: [GC (Allocation Failure)  557673K->243947K(1034240K), 0.0041293 secs]
7.891: Total time for which application threads were stopped: 0.0043092 seconds, Stopping threads took: 0.0000170 seconds
7.960: [GC (Allocation Failure)  564459K->243915K(1034240K), 0.0041268 secs]
7.964: Total time for which application threads were stopped: 0.0042847 seconds, Stopping threads took: 0.0000198 seconds
8.031: [GC (Allocation Failure)  564427K->244363K(1034240K), 0.0051868 secs]
8.037: Total time for which application threads were stopped: 0.0053538 seconds, Stopping threads took: 0.0000256 seconds
8.104: [GC (Allocation Failure)  564875K->251949K(1034240K), 0.0042880 secs]
8.109: Total time for which application threads were stopped: 0.0044457 seconds, Stopping threads took: 0.0000198 seconds
8.176: [GC (Allocation Failure)  572461K->251949K(1034240K), 0.0043030 secs]
8.181: Total time for which application threads were stopped: 0.0044610 seconds, Stopping threads took: 0.0000195 seconds
8.250: [GC (Allocation Failure)  572461K->253645K(1034240K), 0.0052093 secs]
8.255: Total time for which application threads were stopped: 0.0053745 seconds, Stopping threads took: 0.0000190 seconds
8.323: [GC (Allocation Failure)  574157K->259984K(1034240K), 0.0044356 secs]
8.328: Total time for which application threads were stopped: 0.0046017 seconds, Stopping threads took: 0.0000194 seconds
8.396: [GC (Allocation Failure)  580496K->260016K(1034240K), 0.0042757 secs]
8.400: Total time for which application threads were stopped: 0.0044432 seconds, Stopping threads took: 0.0000193 seconds
8.467: [GC (Allocation Failure)  580528K->260072K(1020416K), 0.0075544 secs]
8.475: Total time for which application threads were stopped: 0.0077266 seconds, Stopping threads took: 0.0000204 seconds
8.546: [GC (Allocation Failure)  580584K->268010K(1033728K), 0.0043517 secs]
8.550: Total time for which application threads were stopped: 0.0045289 seconds, Stopping threads took: 0.0000261 seconds
8.620: [GC (Allocation Failure)  587498K->267978K(1033728K), 0.0041196 secs]
8.624: Total time for which application threads were stopped: 0.0043137 seconds, Stopping threads took: 0.0000205 seconds
8.692: [GC (Allocation Failure)  587466K->268034K(1033728K), 0.0052151 secs]
8.697: Total time for which application threads were stopped: 0.0053811 seconds, Stopping threads took: 0.0000200 seconds
8.764: [GC (Allocation Failure)  587522K->276036K(1033728K), 0.0041408 secs]
8.769: Total time for which application threads were stopped: 0.0043195 seconds, Stopping threads took: 0.0000203 seconds
8.838: [GC (Allocation Failure)  595524K->276036K(1033728K), 0.0044878 secs]
8.842: Total time for which application threads were stopped: 0.0046604 seconds, Stopping threads took: 0.0000208 seconds
8.910: [GC (Allocation Failure)  595524K->276292K(1033728K), 0.0052767 secs]
8.915: Total time for which application threads were stopped: 0.0054435 seconds, Stopping threads took: 0.0000197 seconds
8.982: [GC (Allocation Failure)  595780K->284070K(1033728K), 0.0041044 secs]
8.987: Total time for which application threads were stopped: 0.0042810 seconds, Stopping threads took: 0.0000206 seconds
9.056: [GC (Allocation Failure)  603558K->284070K(1033728K), 0.0042942 secs]
9.060: Total time for which application threads were stopped: 0.0044827 seconds, Stopping threads took: 0.0000250 seconds
9.128: [GC (Allocation Failure)  603558K->284518K(1033728K), 0.0050927 secs]
9.133: Total time for which application threads were stopped: 0.0052472 seconds, Stopping threads took: 0.0000254 seconds
9.201: [GC (Allocation Failure)  604006K->292137K(1027072K), 0.0041028 secs]
9.205: Total time for which application threads were stopped: 0.0042640 seconds, Stopping threads took: 0.0000201 seconds
9.273: [GC (Allocation Failure)  611625K->292105K(1033728K), 0.0042839 secs]
9.277: Total time for which application threads were stopped: 0.0044406 seconds, Stopping threads took: 0.0000198 seconds
9.341: [GC (Allocation Failure)  611081K->293289K(1033216K), 0.0053008 secs]
9.347: Total time for which application threads were stopped: 0.0054758 seconds, Stopping threads took: 0.0000196 seconds
9.416: [GC (Allocation Failure)  612265K->300203K(1033728K), 0.0058610 secs]
9.422: Total time for which application threads were stopped: 0.0060259 seconds, Stopping threads took: 0.0000190 seconds
9.489: [GC (Allocation Failure)  619691K->300139K(1033728K), 0.0060883 secs]
9.495: Total time for which application threads were stopped: 0.0062480 seconds, Stopping threads took: 0.0000194 seconds
9.563: [GC (Allocation Failure)  619627K->300203K(1032704K), 0.0053720 secs]
9.568: Total time for which application threads were stopped: 0.0055384 seconds, Stopping threads took: 0.0000200 seconds
9.636: [GC (Allocation Failure)  618667K->308205K(1033216K), 0.0043931 secs]
9.641: Total time for which application threads were stopped: 0.0045583 seconds, Stopping threads took: 0.0000198 seconds
9.707: [GC (Allocation Failure)  626669K->308173K(1033216K), 0.0043527 secs]
9.712: Total time for which application threads were stopped: 0.0045390 seconds, Stopping threads took: 0.0000199 seconds
9.776: [GC (Allocation Failure)  626637K->309189K(1033216K), 0.0053718 secs]
9.781: Total time for which application threads were stopped: 0.0055392 seconds, Stopping threads took: 0.0000193 seconds
9.847: [GC (Allocation Failure)  627653K->316231K(1032704K), 0.0043340 secs]
9.851: Total time for which application threads were stopped: 0.0044943 seconds, Stopping threads took: 0.0000208 seconds
9.917: [GC (Allocation Failure)  634695K->316199K(1033216K), 0.0043195 secs]
9.921: Total time for which application threads were stopped: 0.0044803 seconds, Stopping threads took: 0.0000206 seconds
9.988: [GC (Allocation Failure)  634663K->316455K(1033216K), 0.0051671 secs]
9.993: Total time for which application threads were stopped: 0.0053444 seconds, Stopping threads took: 0.0000200 seconds
10.060: [GC (Allocation Failure)  634919K->324234K(1033216K), 0.0048968 secs]
10.065: Total time for which application threads were stopped: 0.0050633 seconds, Stopping threads took: 0.0000283 seconds
10.130: [GC (Allocation Failure)  642698K->324202K(1033216K), 0.0052164 secs]
10.135: Total time for which application threads were stopped: 0.0053839 seconds, Stopping threads took: 0.0000194 seconds
10.200: [GC (Allocation Failure)  642666K->324658K(1033216K), 0.0063707 secs]
10.206: Total time for which application threads were stopped: 0.0065858 seconds, Stopping threads took: 0.0000420 seconds
10.275: [GC (Allocation Failure)  643122K->332308K(1033216K), 0.0044409 secs]
10.280: Total time for which application threads were stopped: 0.0046068 seconds, Stopping threads took: 0.0000171 seconds
10.345: [GC (Allocation Failure)  650772K->332276K(1033216K), 0.0042892 secs]
10.350: Total time for which application threads were stopped: 0.0044650 seconds, Stopping threads took: 0.0000199 seconds
10.416: [GC (Allocation Failure)  650740K->332924K(1033216K), 0.0054169 secs]
10.421: Total time for which application threads were stopped: 0.0056100 seconds, Stopping threads took: 0.0000204 seconds
10.490: [GC (Allocation Failure)  651388K->340318K(1033216K), 0.0043742 secs]
10.494: Total time for which application threads were stopped: 0.0045796 seconds, Stopping threads took: 0.0000198 seconds
10.563: [GC (Allocation Failure)  658782K->340350K(1033216K), 0.0044932 secs]
10.567: Total time for which application threads were stopped: 0.0046560 seconds, Stopping threads took: 0.0000190 seconds
10.632: [GC (Allocation Failure)  658814K->340382K(1033216K), 0.0052791 secs]
10.637: Total time for which application threads were stopped: 0.0054406 seconds, Stopping threads took: 0.0000187 seconds
10.703: [GC (Allocation Failure)  658846K->348352K(1033216K), 0.0044606 secs]
10.708: Total time for which application threads were stopped: 0.0046187 seconds, Stopping threads took: 0.0000190 seconds
10.774: [GC (Allocation Failure)  666816K->348352K(1033216K), 0.0045981 secs]
10.778: Total time for which application threads were stopped: 0.0047662 seconds, Stopping threads took: 0.0000195 seconds
10.845: [GC (Allocation Failure)  666816K->348416K(1033216K), 0.0052836 secs]
10.850: Total time for which application threads were stopped: 0.0054554 seconds, Stopping threads took: 0.0000201 seconds
10.918: [GC (Allocation Failure)  666880K->356451K(1033216K), 0.0043542 secs]
10.922: Total time for which application threads were stopped: 0.0045181 seconds, Stopping threads took: 0.0000202 seconds
10.988: [GC (Allocation Failure)  674915K->356387K(1033216K), 0.0042352 secs]
10.992: Total time for which application threads were stopped: 0.0044250 seconds, Stopping threads took: 0.0000199 seconds
11.059: [GC (Allocation Failure)  674851K->356611K(1033216K), 0.0053659 secs]
11.064: Total time for which application threads were stopped: 0.0055256 seconds, Stopping threads took: 0.0000198 seconds
11.132: [GC (Allocation Failure)  675075K->364453K(1033216K), 0.0047219 secs]
11.137: Total time for which application threads were stopped: 0.0049041 seconds, Stopping threads took: 0.0000195 seconds
11.202: [GC (Allocation Failure)  682917K->364389K(1033216K), 0.0044162 secs]
11.207: Total time for which application threads were stopped: 0.0046085 seconds, Stopping threads took: 0.0000203 seconds
11.272: [GC (Allocation Failure)  682853K->364837K(1033216K), 0.0052748 secs]
11.278: Total time for which application threads were stopped: 0.0054563 seconds, Stopping threads took: 0.0000168 seconds
11.346: [GC (Allocation Failure)  683301K->372487K(1033216K), 0.0045213 secs]
11.350: Total time for which application threads were stopped: 0.0046998 seconds, Stopping threads took: 0.0000172 seconds
11.420: [GC (Allocation Failure)  690951K->372455K(1033216K), 0.0045275 secs]
11.424: Total time for which application threads were stopped: 0.0046749 seconds, Stopping threads took: 0.0000173 seconds
11.491: [GC (Allocation Failure)  690919K->372511K(1033216K), 0.0062657 secs]
11.497: Total time for which application threads were stopped: 0.0064284 seconds, Stopping threads took: 0.0000192 seconds
11.563: [GC (Allocation Failure)  690975K->380482K(1033216K), 0.0045842 secs]
11.568: Total time for which application threads were stopped: 0.0047415 seconds, Stopping threads took: 0.0000198 seconds
11.635: [GC (Allocation Failure)  698946K->376575K(1033216K), 0.0033752 secs]
11.638: Total time for which application threads were stopped: 0.0035321 seconds, Stopping threads took: 0.0000193 seconds
11.706: [GC (Allocation Failure)  695039K->380610K(1034240K), 0.0047658 secs]
11.711: Total time for which application threads were stopped: 0.0049274 seconds, Stopping threads took: 0.0000202 seconds
11.778: [GC (Allocation Failure)  700610K->384610K(1033728K), 0.0046235 secs]
11.783: Total time for which application threads were stopped: 0.0047935 seconds, Stopping threads took: 0.0000206 seconds
11.849: [GC (Allocation Failure)  704610K->392135K(1028096K), 0.0080563 secs]
11.858: Total time for which application threads were stopped: 0.0082315 seconds, Stopping threads took: 0.0000202 seconds
11.927: [GC (Allocation Failure)  706503K->385930K(1031168K), 0.0045087 secs]
11.931: Total time for which application threads were stopped: 0.0047013 seconds, Stopping threads took: 0.0000190 seconds
11.999: [GC (Allocation Failure)  700298K->385866K(1032192K), 0.0046480 secs]
12.004: Total time for which application threads were stopped: 0.0048171 seconds, Stopping threads took: 0.0000193 seconds
12.072: [GC (Allocation Failure)  701770K->386826K(1031680K), 0.0054469 secs]
12.077: Total time for which application threads were stopped: 0.0056192 seconds, Stopping threads took: 0.0000196 seconds
12.144: [GC (Allocation Failure)  702730K->393932K(1032704K), 0.0044033 secs]
12.149: Total time for which application threads were stopped: 0.0045576 seconds, Stopping threads took: 0.0000195 seconds
12.216: [GC (Allocation Failure)  710860K->393932K(1032192K), 0.0065857 secs]
12.223: Total time for which application threads were stopped: 0.0067526 seconds, Stopping threads took: 0.0000195 seconds
12.289: [GC (Allocation Failure)  710860K->397644K(1033216K), 0.0059664 secs]
12.295: Total time for which application threads were stopped: 0.0061447 seconds, Stopping threads took: 0.0000222 seconds
12.362: [GC (Allocation Failure)  715596K->401998K(1032704K), 0.0045254 secs]
12.367: Total time for which application threads were stopped: 0.0046951 seconds, Stopping threads took: 0.0000209 seconds
12.433: [GC (Allocation Failure)  719950K->401934K(1033728K), 0.0045911 secs]
12.438: Total time for which application threads were stopped: 0.0047693 seconds, Stopping threads took: 0.0000200 seconds
12.503: [GC (Allocation Failure)  720910K->405326K(1033216K), 0.0073515 secs]
12.510: Total time for which application threads were stopped: 0.0075337 seconds, Stopping threads took: 0.0000284 seconds
12.578: [GC (Allocation Failure)  724302K->410096K(1034240K), 0.0043090 secs]
12.582: Total time for which application threads were stopped: 0.0044779 seconds, Stopping threads took: 0.0000252 seconds
12.650: [GC (Allocation Failure)  730096K->409968K(1033728K), 0.0044077 secs]
12.654: Total time for which application threads were stopped: 0.0045764 seconds, Stopping threads took: 0.0000195 seconds
12.721: [GC (Allocation Failure)  729968K->413032K(1034240K), 0.0054344 secs]
12.727: Total time for which application threads were stopped: 0.0056048 seconds, Stopping threads took: 0.0000201 seconds
12.794: [GC (Allocation Failure)  733544K->418059K(1034240K), 0.0046507 secs]
12.799: Total time for which application threads were stopped: 0.0048287 seconds, Stopping threads took: 0.0000199 seconds
12.866: [GC (Allocation Failure)  738571K->417995K(1034752K), 0.0045688 secs]
12.870: Total time for which application threads were stopped: 0.0047395 seconds, Stopping threads took: 0.0000198 seconds
12.939: [GC (Allocation Failure)  739531K->420299K(1034752K), 0.0057162 secs]
12.945: Total time for which application threads were stopped: 0.0058837 seconds, Stopping threads took: 0.0000187 seconds
13.014: [GC (Allocation Failure)  741835K->425997K(1034752K), 0.0065447 secs]
13.021: Total time for which application threads were stopped: 0.0067315 seconds, Stopping threads took: 0.0000188 seconds
13.091: [GC (Allocation Failure)  747533K->426029K(1034752K), 0.0048205 secs]
13.096: Total time for which application threads were stopped: 0.0049945 seconds, Stopping threads took: 0.0000206 seconds
13.163: [GC (Allocation Failure)  747565K->429525K(1034752K), 0.0057870 secs]
13.169: Total time for which application threads were stopped: 0.0059814 seconds, Stopping threads took: 0.0000194 seconds
13.239: [GC (Allocation Failure)  751061K->434103K(1034752K), 0.0045552 secs]
13.244: Total time for which application threads were stopped: 0.0047027 seconds, Stopping threads took: 0.0000166 seconds
13.311: [GC (Allocation Failure)  755639K->434071K(1035264K), 0.0047985 secs]
13.316: Total time for which application threads were stopped: 0.0049670 seconds, Stopping threads took: 0.0000199 seconds
13.383: [GC (Allocation Failure)  756119K->435199K(1034752K), 0.0056034 secs]
13.389: Total time for which application threads were stopped: 0.0057713 seconds, Stopping threads took: 0.0000191 seconds
13.458: [GC (Allocation Failure)  757247K->442177K(1034752K), 0.0044069 secs]
13.462: Total time for which application threads were stopped: 0.0045701 seconds, Stopping threads took: 0.0000199 seconds
13.530: [GC (Allocation Failure)  763713K->442113K(1034752K), 0.0046421 secs]
13.534: Total time for which application threads were stopped: 0.0047990 seconds, Stopping threads took: 0.0000252 seconds
13.600: [GC (Allocation Failure)  763649K->445025K(1034752K), 0.0056550 secs]
13.606: Total time for which application threads were stopped: 0.0058446 seconds, Stopping threads took: 0.0000188 seconds
13.673: [GC (Allocation Failure)  766561K->450244K(1034752K), 0.0049563 secs]
13.678: Total time for which application threads were stopped: 0.0051361 seconds, Stopping threads took: 0.0000201 seconds
13.744: [GC (Allocation Failure)  771780K->450148K(1034752K), 0.0046061 secs]
13.749: Total time for which application threads were stopped: 0.0047950 seconds, Stopping threads took: 0.0000189 seconds
13.816: [GC (Allocation Failure)  771684K->454308K(1034752K), 0.0062268 secs]
13.822: Total time for which application threads were stopped: 0.0063748 seconds, Stopping threads took: 0.0000166 seconds
13.888: [GC (Allocation Failure)  775844K->458246K(1035264K), 0.0046647 secs]
13.893: Total time for which application threads were stopped: 0.0048242 seconds, Stopping threads took: 0.0000193 seconds
13.961: [GC (Allocation Failure)  780806K->458214K(1035264K), 0.0044755 secs]
13.966: Total time for which application threads were stopped: 0.0046433 seconds, Stopping threads took: 0.0000194 seconds
14.033: [GC (Allocation Failure)  780774K->461478K(1035264K), 0.0059392 secs]
14.039: Total time for which application threads were stopped: 0.0061010 seconds, Stopping threads took: 0.0000259 seconds
14.110: [GC (Allocation Failure)  784038K->466216K(1035264K), 0.0044327 secs]
14.115: Total time for which application threads were stopped: 0.0045921 seconds, Stopping threads took: 0.0000172 seconds
14.181: [GC (Allocation Failure)  788776K->466216K(1035264K), 0.0048055 secs]
14.186: Total time for which application threads were stopped: 0.0049829 seconds, Stopping threads took: 0.0000201 seconds
14.254: [GC (Allocation Failure)  788776K->469704K(1035264K), 0.0059011 secs]
14.260: Total time for which application threads were stopped: 0.0060802 seconds, Stopping threads took: 0.0000206 seconds
14.329: [GC (Allocation Failure)  792264K->474250K(1035776K), 0.0047785 secs]
14.334: Total time for which application threads were stopped: 0.0049361 seconds, Stopping threads took: 0.0000166 seconds
14.401: [GC (Allocation Failure)  797834K->474282K(1035776K), 0.0063346 secs]
14.408: Total time for which application threads were stopped: 0.0065023 seconds, Stopping threads took: 0.0000192 seconds
14.476: [GC (Allocation Failure)  797866K->475914K(1034752K), 0.0055463 secs]
14.481: Total time for which application threads were stopped: 0.0057354 seconds, Stopping threads took: 0.0000197 seconds
14.550: [GC (Allocation Failure)  798474K->482349K(1035264K), 0.0046126 secs]
14.555: Total time for which application threads were stopped: 0.0047608 seconds, Stopping threads took: 0.0000256 seconds
14.624: [GC (Allocation Failure)  804909K->482285K(1035264K), 0.0047558 secs]
14.629: Total time for which application threads were stopped: 0.0049271 seconds, Stopping threads took: 0.0000256 seconds
14.698: [GC (Allocation Failure)  804845K->484141K(1035264K), 0.0058007 secs]
14.703: Total time for which application threads were stopped: 0.0059810 seconds, Stopping threads took: 0.0000204 seconds
14.772: [GC (Allocation Failure)  806701K->490415K(1035264K), 0.0046239 secs]
14.777: Total time for which application threads were stopped: 0.0047820 seconds, Stopping threads took: 0.0000200 seconds
14.845: [GC (Allocation Failure)  812975K->490351K(1035264K), 0.0047000 secs]
14.850: Total time for which application threads were stopped: 0.0048573 seconds, Stopping threads took: 0.0000200 seconds
14.919: [GC (Allocation Failure)  812911K->492367K(1035264K), 0.0055787 secs]
14.924: Total time for which application threads were stopped: 0.0057544 seconds, Stopping threads took: 0.0000191 seconds
14.994: [GC (Allocation Failure)  814927K->498385K(1035264K), 0.0047069 secs]
14.999: Total time for which application threads were stopped: 0.0048654 seconds, Stopping threads took: 0.0000174 seconds
15.068: [GC (Allocation Failure)  820945K->498385K(1035264K), 0.0045341 secs]
15.073: Total time for which application threads were stopped: 0.0047067 seconds, Stopping threads took: 0.0000200 seconds
15.141: [GC (Allocation Failure)  820945K->492527K(1035264K), 0.0024481 secs]
15.143: Total time for which application threads were stopped: 0.0026110 seconds, Stopping threads took: 0.0000207 seconds
15.211: [GC (Allocation Failure)  815087K->498577K(1034240K), 0.0074607 secs]
15.219: Total time for which application threads were stopped: 0.0076457 seconds, Stopping threads took: 0.0000196 seconds
15.289: [GC (Allocation Failure)  820113K->498385K(1034752K), 0.0046766 secs]
15.294: Total time for which application threads were stopped: 0.0048343 seconds, Stopping threads took: 0.0000196 seconds
15.362: [GC (Allocation Failure)  819921K->494831K(1035264K), 0.0034605 secs]
15.365: Total time for which application threads were stopped: 0.0036187 seconds, Stopping threads took: 0.0000189 seconds
15.433: [GC (Allocation Failure)  816879K->498545K(1034752K), 0.0047281 secs]
15.438: Total time for which application threads were stopped: 0.0048904 seconds, Stopping threads took: 0.0000195 seconds
15.507: [GC (Allocation Failure)  820593K->498353K(1035264K), 0.0082546 secs]
15.515: Total time for which application threads were stopped: 0.0084072 seconds, Stopping threads took: 0.0000259 seconds
15.582: [GC (Allocation Failure)  820913K->498063K(1035264K), 0.0046898 secs]
15.587: Total time for which application threads were stopped: 0.0048446 seconds, Stopping threads took: 0.0000190 seconds
15.657: [GC (Allocation Failure)  820623K->498481K(1035776K), 0.0046870 secs]
15.661: Total time for which application threads were stopped: 0.0048452 seconds, Stopping threads took: 0.0000193 seconds
15.730: [GC (Allocation Failure)  821553K->498353K(1035264K), 0.0048148 secs]
15.735: Total time for which application threads were stopped: 0.0050180 seconds, Stopping threads took: 0.0000255 seconds
15.801: [GC (Allocation Failure)  821425K->503367K(1032704K), 0.0072588 secs]
15.808: Total time for which application threads were stopped: 0.0074203 seconds, Stopping threads took: 0.0000201 seconds
15.876: [GC (Allocation Failure)  823879K->498729K(1034240K), 0.0046293 secs]
15.881: Total time for which application threads were stopped: 0.0047980 seconds, Stopping threads took: 0.0000196 seconds
15.949: [GC (Allocation Failure)  819241K->498665K(1034752K), 0.0045409 secs]
15.954: Total time for which application threads were stopped: 0.0047108 seconds, Stopping threads took: 0.0000202 seconds
16.021: [GC (Allocation Failure)  819689K->502343K(1032192K), 0.0061896 secs]
16.027: Total time for which application threads were stopped: 0.0063665 seconds, Stopping threads took: 0.0000253 seconds
16.096: [GC (Allocation Failure)  823367K->498697K(1034752K), 0.0047467 secs]
16.101: Total time for which application threads were stopped: 0.0049333 seconds, Stopping threads took: 0.0000165 seconds
16.169: [GC (Allocation Failure)  819209K->498665K(1033728K), 0.0047375 secs]
16.174: Total time for which application threads were stopped: 0.0048981 seconds, Stopping threads took: 0.0000196 seconds
16.241: [GC (Allocation Failure)  819177K->501031K(1034240K), 0.0056910 secs]
16.247: Total time for which application threads were stopped: 0.0058844 seconds, Stopping threads took: 0.0000192 seconds
16.320: [GC (Allocation Failure)  822567K->498889K(1034752K), 0.0047295 secs]
16.325: Total time for which application threads were stopped: 0.0049094 seconds, Stopping threads took: 0.0000168 seconds
16.394: [GC (Allocation Failure)  820425K->498633K(1035776K), 0.0045896 secs]
16.398: Total time for which application threads were stopped: 0.0047774 seconds, Stopping threads took: 0.0000192 seconds
16.465: [GC (Allocation Failure)  821705K->503743K(1035264K), 0.0070462 secs]
16.473: Total time for which application threads were stopped: 0.0071913 seconds, Stopping threads took: 0.0000167 seconds
16.540: [GC (Allocation Failure)  826815K->499201K(1034240K), 0.0048366 secs]
16.545: Total time for which application threads were stopped: 0.0050041 seconds, Stopping threads took: 0.0000187 seconds
16.612: [GC (Allocation Failure)  820737K->499041K(1034752K), 0.0047834 secs]
16.617: Total time for which application threads were stopped: 0.0049499 seconds, Stopping threads took: 0.0000192 seconds
16.682: [GC (Allocation Failure)  820577K->506887K(1030144K), 0.0088234 secs]
16.691: Total time for which application threads were stopped: 0.0089896 seconds, Stopping threads took: 0.0000271 seconds
16.757: [GC (Allocation Failure)  824327K->501769K(1032704K), 0.0049346 secs]
16.762: Total time for which application threads were stopped: 0.0051132 seconds, Stopping threads took: 0.0000204 seconds
16.831: [GC (Allocation Failure)  819209K->501673K(1033728K), 0.0046336 secs]
16.836: Total time for which application threads were stopped: 0.0048041 seconds, Stopping threads took: 0.0000197 seconds
16.903: [GC (Allocation Failure)  820649K->500039K(1033216K), 0.0042749 secs]
16.908: Total time for which application threads were stopped: 0.0044630 seconds, Stopping threads took: 0.0000214 seconds
16.977: [GC (Allocation Failure)  819015K->501705K(1034240K), 0.0046055 secs]
16.981: Total time for which application threads were stopped: 0.0047641 seconds, Stopping threads took: 0.0000196 seconds
17.049: [GC (Allocation Failure)  821705K->501641K(1033728K), 0.0047508 secs]
17.054: Total time for which application threads were stopped: 0.0049186 seconds, Stopping threads took: 0.0000280 seconds
17.119: [GC (Allocation Failure)  821641K->495623K(1032704K), 0.0023484 secs]
17.122: Total time for which application threads were stopped: 0.0025078 seconds, Stopping threads took: 0.0000193 seconds
17.191: [GC (Allocation Failure)  815111K->501641K(1033728K), 0.0048638 secs]
17.196: Total time for which application threads were stopped: 0.0050342 seconds, Stopping threads took: 0.0000195 seconds
17.263: [GC (Allocation Failure)  821129K->501609K(1035264K), 0.0045869 secs]
17.268: Total time for which application threads were stopped: 0.0047578 seconds, Stopping threads took: 0.0000195 seconds
17.334: [GC (Allocation Failure)  823657K->505377K(1034752K), 0.0094759 secs]
17.344: Total time for which application threads were stopped: 0.0096554 seconds, Stopping threads took: 0.0000192 seconds
17.412: [GC (Allocation Failure)  827425K->509892K(1035264K), 0.0046866 secs]
17.417: Total time for which application threads were stopped: 0.0048510 seconds, Stopping threads took: 0.0000196 seconds
17.485: [GC (Allocation Failure)  831940K->509700K(1034752K), 0.0064535 secs]
17.492: Total time for which application threads were stopped: 0.0065922 seconds, Stopping threads took: 0.0000194 seconds
17.561: [GC (Allocation Failure)  831748K->504033K(1034752K), 0.0024091 secs]
17.563: Total time for which application threads were stopped: 0.0025948 seconds, Stopping threads took: 0.0000200 seconds
17.633: [GC (Allocation Failure)  826593K->509828K(1035264K), 0.0064677 secs]
17.640: Total time for which application threads were stopped: 0.0066214 seconds, Stopping threads took: 0.0000186 seconds
17.708: [GC (Allocation Failure)  832388K->509668K(1035776K), 0.0045832 secs]
17.713: Total time for which application threads were stopped: 0.0047744 seconds, Stopping threads took: 0.0000192 seconds
17.782: [GC (Allocation Failure)  832740K->508833K(1035264K), 0.0045110 secs]
17.787: Total time for which application threads were stopped: 0.0046931 seconds, Stopping threads took: 0.0000273 seconds
17.855: [GC (Allocation Failure)  831905K->509764K(1036288K), 0.0047983 secs]
17.860: Total time for which application threads were stopped: 0.0050179 seconds, Stopping threads took: 0.0000202 seconds
17.929: [GC (Allocation Failure)  834372K->509700K(1036288K), 0.0045275 secs]
17.934: Total time for which application threads were stopped: 0.0047139 seconds, Stopping threads took: 0.0000170 seconds
18.001: [GC (Allocation Failure)  834308K->517729K(1030656K), 0.0094024 secs]
18.011: Total time for which application threads were stopped: 0.0095577 seconds, Stopping threads took: 0.0000185 seconds
18.079: [GC (Allocation Failure)  837217K->514052K(1033728K), 0.0047414 secs]
18.084: Total time for which application threads were stopped: 0.0049083 seconds, Stopping threads took: 0.0000193 seconds
18.151: [GC (Allocation Failure)  833540K->514020K(1034752K), 0.0047681 secs]
18.156: Total time for which application threads were stopped: 0.0049401 seconds, Stopping threads took: 0.0000190 seconds
18.222: [GC (Allocation Failure)  835044K->518721K(1033216K), 0.0068476 secs]
18.229: Total time for which application threads were stopped: 0.0070022 seconds, Stopping threads took: 0.0000166 seconds
18.297: [GC (Allocation Failure)  839745K->514308K(1034240K), 0.0048826 secs]
18.302: Total time for which application threads were stopped: 0.0050511 seconds, Stopping threads took: 0.0000195 seconds
18.369: [GC (Allocation Failure)  834308K->514020K(1033728K), 0.0044666 secs]
18.374: Total time for which application threads were stopped: 0.0046612 seconds, Stopping threads took: 0.0000203 seconds
18.443: [GC (Allocation Failure)  834020K->516385K(1034752K), 0.0058200 secs]
18.449: Total time for which application threads were stopped: 0.0059749 seconds, Stopping threads took: 0.0000159 seconds
18.519: [GC (Allocation Failure)  837921K->514212K(1034752K), 0.0046722 secs]
18.524: Total time for which application threads were stopped: 0.0048390 seconds, Stopping threads took: 0.0000188 seconds
18.592: [GC (Allocation Failure)  835748K->514020K(1035264K), 0.0047724 secs]
18.597: Total time for which application threads were stopped: 0.0049572 seconds, Stopping threads took: 0.0000368 seconds
18.665: [GC (Allocation Failure)  836068K->518113K(1033728K), 0.0064071 secs]
18.672: Total time for which application threads were stopped: 0.0065757 seconds, Stopping threads took: 0.0000195 seconds
18.740: [GC (Allocation Failure)  840161K->514148K(1034752K), 0.0047038 secs]
18.745: Total time for which application threads were stopped: 0.0048731 seconds, Stopping threads took: 0.0000203 seconds
18.813: [GC (Allocation Failure)  835172K->514052K(1034240K), 0.0047255 secs]
18.817: Total time for which application threads were stopped: 0.0048862 seconds, Stopping threads took: 0.0000200 seconds
18.885: [GC (Allocation Failure)  835076K->518849K(1033216K), 0.0067705 secs]
18.891: Total time for which application threads were stopped: 0.0069379 seconds, Stopping threads took: 0.0000199 seconds
18.959: [GC (Allocation Failure)  839361K->514116K(1034240K), 0.0048294 secs]
18.964: Total time for which application threads were stopped: 0.0050086 seconds, Stopping threads took: 0.0000214 seconds
19.032: [GC (Allocation Failure)  834628K->513988K(1034752K), 0.0044973 secs]
19.036: Total time for which application threads were stopped: 0.0046629 seconds, Stopping threads took: 0.0000260 seconds
19.103: [GC (Allocation Failure)  835012K->517473K(1034240K), 0.0063897 secs]
19.110: Total time for which application threads were stopped: 0.0065493 seconds, Stopping threads took: 0.0000194 seconds
19.176: [GC (Allocation Failure)  838497K->514052K(1034240K), 0.0064656 secs]
19.183: Total time for which application threads were stopped: 0.0066203 seconds, Stopping threads took: 0.0000187 seconds
19.251: [GC (Allocation Failure)  834564K->514020K(1034240K), 0.0048171 secs]
19.256: Total time for which application threads were stopped: 0.0049837 seconds, Stopping threads took: 0.0000191 seconds
19.323: [GC (Allocation Failure)  834532K->516161K(1034752K), 0.0058462 secs]
19.329: Total time for which application threads were stopped: 0.0060147 seconds, Stopping threads took: 0.0000185 seconds
19.398: [GC (Allocation Failure)  837697K->514276K(1034752K), 0.0047449 secs]
19.403: Total time for which application threads were stopped: 0.0049112 seconds, Stopping threads took: 0.0000192 seconds
19.471: [GC (Allocation Failure)  835812K->514020K(1035264K), 0.0068924 secs]
19.478: Total time for which application threads were stopped: 0.0070584 seconds, Stopping threads took: 0.0000190 seconds
19.548: [GC (Allocation Failure)  836580K->518401K(1034752K), 0.0064751 secs]
19.555: Total time for which application threads were stopped: 0.0066338 seconds, Stopping threads took: 0.0000195 seconds
19.623: [GC (Allocation Failure)  840961K->514212K(1034752K), 0.0046903 secs]
19.628: Total time for which application threads were stopped: 0.0048672 seconds, Stopping threads took: 0.0000198 seconds
19.697: [GC (Allocation Failure)  835748K->514052K(1034752K), 0.0043488 secs]
19.702: Total time for which application threads were stopped: 0.0045424 seconds, Stopping threads took: 0.0000198 seconds
19.769: [GC (Allocation Failure)  835588K->520617K(1031680K), 0.0079576 secs]
19.777: Total time for which application threads were stopped: 0.0081242 seconds, Stopping threads took: 0.0000271 seconds
19.844: [GC (Allocation Failure)  839081K->515020K(1033216K), 0.0047053 secs]
19.849: Total time for which application threads were stopped: 0.0048959 seconds, Stopping threads took: 0.0000192 seconds
19.917: [GC (Allocation Failure)  833484K->514860K(1033728K), 0.0049227 secs]
19.922: Total time for which application threads were stopped: 0.0050950 seconds, Stopping threads took: 0.0000199 seconds
19.989: [GC (Allocation Failure)  834348K->514505K(1033728K), 0.0047667 secs]
19.994: Total time for which application threads were stopped: 0.0049293 seconds, Stopping threads took: 0.0000210 seconds
20.061: [GC (Allocation Failure)  833993K->514956K(1034240K), 0.0047136 secs]
20.066: Total time for which application threads were stopped: 0.0048811 seconds, Stopping threads took: 0.0000197 seconds
20.133: [GC (Allocation Failure)  835468K->514892K(1034240K), 0.0047682 secs]
20.138: Total time for which application threads were stopped: 0.0049394 seconds, Stopping threads took: 0.0000200 seconds
20.205: [GC (Allocation Failure)  835404K->511657K(1033728K), 0.0033981 secs]
20.209: Total time for which application threads were stopped: 0.0035584 seconds, Stopping threads took: 0.0000195 seconds
20.276: [GC (Allocation Failure)  832169K->514892K(1034240K), 0.0046967 secs]
20.281: Total time for which application threads were stopped: 0.0048687 seconds, Stopping threads took: 0.0000197 seconds
20.349: [GC (Allocation Failure)  835404K->514892K(1035264K), 0.0045284 secs]
20.353: Total time for which application threads were stopped: 0.0046916 seconds, Stopping threads took: 0.0000211 seconds
20.422: [GC (Allocation Failure)  836940K->511305K(1034752K), 0.0035271 secs]
20.425: Total time for which application threads were stopped: 0.0036862 seconds, Stopping threads took: 0.0000190 seconds
20.493: [GC (Allocation Failure)  833353K->515052K(1035776K), 0.0064833 secs]
20.500: Total time for which application threads were stopped: 0.0066718 seconds, Stopping threads took: 0.0000259 seconds
20.569: [GC (Allocation Failure)  838124K->514860K(1035264K), 0.0046424 secs]
20.574: Total time for which application threads were stopped: 0.0048111 seconds, Stopping threads took: 0.0000284 seconds
20.639: [GC (Allocation Failure)  837932K->516137K(1035776K), 0.0053782 secs]
20.645: Total time for which application threads were stopped: 0.0055442 seconds, Stopping threads took: 0.0000185 seconds
20.713: [GC (Allocation Failure)  839721K->515020K(1035776K), 0.0045000 secs]
20.718: Total time for which application threads were stopped: 0.0046729 seconds, Stopping threads took: 0.0000246 seconds
20.786: [GC (Allocation Failure)  838604K->514860K(1036800K), 0.0047362 secs]
20.791: Total time for which application threads were stopped: 0.0048951 seconds, Stopping threads took: 0.0000191 seconds
20.859: [GC (Allocation Failure)  839980K->508681K(1026560K), 0.0024406 secs]
20.861: Total time for which application threads were stopped: 0.0027308 seconds, Stopping threads took: 0.0000197 seconds
20.931: [GC (Allocation Failure)  833801K->515012K(1036288K), 0.0049666 secs]
20.937: Total time for which application threads were stopped: 0.0051253 seconds, Stopping threads took: 0.0000200 seconds
21.006: [GC (Allocation Failure)  839108K->519044K(1035776K), 0.0054025 secs]
21.012: Total time for which application threads were stopped: 0.0055666 seconds, Stopping threads took: 0.0000254 seconds
21.080: [GC (Allocation Failure)  843140K->519012K(1036800K), 0.0046908 secs]
21.085: Total time for which application threads were stopped: 0.0048680 seconds, Stopping threads took: 0.0000268 seconds
21.151: [GC (Allocation Failure)  844132K->519140K(1025024K), 0.0056825 secs]
21.157: Total time for which application threads were stopped: 0.0058418 seconds, Stopping threads took: 0.0000203 seconds
21.228: [GC (Allocation Failure)  844260K->527078K(1035776K), 0.0048690 secs]
21.232: Total time for which application threads were stopped: 0.0050261 seconds, Stopping threads took: 0.0000172 seconds
21.301: [GC (Allocation Failure)  850662K->527014K(1035776K), 0.0049151 secs]
21.306: Total time for which application threads were stopped: 0.0050856 seconds, Stopping threads took: 0.0000192 seconds
21.374: [GC (Allocation Failure)  850598K->527334K(1034240K), 0.0056569 secs]
21.380: Total time for which application threads were stopped: 0.0058283 seconds, Stopping threads took: 0.0000200 seconds
21.448: [GC (Allocation Failure)  849894K->535080K(1035264K), 0.0047209 secs]
21.453: Total time for which application threads were stopped: 0.0048910 seconds, Stopping threads took: 0.0000203 seconds
21.522: [GC (Allocation Failure)  857640K->535080K(1035776K), 0.0052662 secs]
21.527: Total time for which application threads were stopped: 0.0054477 seconds, Stopping threads took: 0.0000169 seconds
21.596: [GC (Allocation Failure)  858152K->535144K(1035264K), 0.0055512 secs]
21.602: Total time for which application threads were stopped: 0.0057163 seconds, Stopping threads took: 0.0000272 seconds
21.669: [GC (Allocation Failure)  858216K->543114K(1035264K), 0.0050039 secs]
21.675: Total time for which application threads were stopped: 0.0051613 seconds, Stopping threads took: 0.0000193 seconds
21.742: [GC (Allocation Failure)  865674K->543146K(1035264K), 0.0048085 secs]
21.747: Total time for which application threads were stopped: 0.0049665 seconds, Stopping threads took: 0.0000191 seconds
21.815: [GC (Allocation Failure)  865706K->543330K(1034240K), 0.0056748 secs]
21.821: Total time for which application threads were stopped: 0.0058412 seconds, Stopping threads took: 0.0000198 seconds
21.890: [GC (Allocation Failure)  864866K->551141K(1034752K), 0.0047720 secs]
21.895: Total time for which application threads were stopped: 0.0049423 seconds, Stopping threads took: 0.0000196 seconds
21.961: [GC (Allocation Failure)  872677K->551173K(1034752K), 0.0047980 secs]
21.966: Total time for which application threads were stopped: 0.0049642 seconds, Stopping threads took: 0.0000198 seconds
22.032: [GC (Allocation Failure)  872709K->551301K(1021440K), 0.0057256 secs]
22.038: Total time for which application threads were stopped: 0.0058840 seconds, Stopping threads took: 0.0000252 seconds
22.104: [GC (Allocation Failure)  872837K->559207K(1034240K), 0.0055990 secs]
22.110: Total time for which application threads were stopped: 0.0057808 seconds, Stopping threads took: 0.0000222 seconds
22.177: [GC (Allocation Failure)  879719K->559175K(1034240K), 0.0050016 secs]
22.182: Total time for which application threads were stopped: 0.0051819 seconds, Stopping threads took: 0.0000215 seconds
22.250: [GC (Allocation Failure)  879687K->559239K(1034240K), 0.0057604 secs]
22.256: Total time for which application threads were stopped: 0.0059235 seconds, Stopping threads took: 0.0000197 seconds
22.325: [GC (Allocation Failure)  879751K->567209K(1028096K), 0.0049924 secs]
22.330: Total time for which application threads were stopped: 0.0051870 seconds, Stopping threads took: 0.0000197 seconds
22.398: [GC (Allocation Failure)  887721K->567209K(1034240K), 0.0047888 secs]
22.403: Total time for which application threads were stopped: 0.0049529 seconds, Stopping threads took: 0.0000189 seconds
22.468: [GC (Allocation Failure)  887209K->567529K(1033728K), 0.0055968 secs]
22.474: Total time for which application threads were stopped: 0.0057936 seconds, Stopping threads took: 0.0000214 seconds
22.544: [GC (Allocation Failure)  887529K->575243K(1033728K), 0.0048935 secs]
22.549: Total time for which application threads were stopped: 0.0050633 seconds, Stopping threads took: 0.0000256 seconds
22.616: [GC (Allocation Failure)  894731K->575243K(1033728K), 0.0048522 secs]
22.621: Total time for which application threads were stopped: 0.0050353 seconds, Stopping threads took: 0.0000195 seconds
22.687: [GC (Allocation Failure)  894731K->575755K(1033728K), 0.0057687 secs]
22.693: Total time for which application threads were stopped: 0.0059387 seconds, Stopping threads took: 0.0000189 seconds
22.760: [GC (Allocation Failure)  895243K->583310K(1033728K), 0.0049983 secs]
22.765: Total time for which application threads were stopped: 0.0051636 seconds, Stopping threads took: 0.0000196 seconds
22.833: [GC (Allocation Failure)  902798K->583310K(1033728K), 0.0046417 secs]
22.837: Total time for which application threads were stopped: 0.0048288 seconds, Stopping threads took: 0.0000246 seconds
22.903: [GC (Allocation Failure)  902798K->583438K(1033728K), 0.0057997 secs]
22.909: Total time for which application threads were stopped: 0.0059494 seconds, Stopping threads took: 0.0000167 seconds
22.974: [GC (Allocation Failure)  902926K->591280K(1033728K), 0.0050343 secs]
22.979: Total time for which application threads were stopped: 0.0052148 seconds, Stopping threads took: 0.0000204 seconds
23.047: [GC (Allocation Failure)  910768K->591312K(1033728K), 0.0046532 secs]
23.052: Total time for which application threads were stopped: 0.0048194 seconds, Stopping threads took: 0.0000264 seconds
23.117: [GC (Allocation Failure)  910800K->591472K(1032704K), 0.0055490 secs]
23.123: Total time for which application threads were stopped: 0.0057095 seconds, Stopping threads took: 0.0000200 seconds
23.190: [GC (Allocation Failure)  909936K->599378K(1033216K), 0.0047204 secs]
23.195: Total time for which application threads were stopped: 0.0049158 seconds, Stopping threads took: 0.0000198 seconds
23.264: [GC (Allocation Failure)  917842K->599346K(1033216K), 0.0048834 secs]
23.269: Total time for which application threads were stopped: 0.0050821 seconds, Stopping threads took: 0.0000391 seconds
23.334: [GC (Allocation Failure)  917810K->599418K(1033216K), 0.0057469 secs]
23.340: Total time for which application threads were stopped: 0.0059181 seconds, Stopping threads took: 0.0000199 seconds
23.405: [GC (Allocation Failure)  917882K->607388K(1033216K), 0.0051174 secs]
23.410: Total time for which application threads were stopped: 0.0052746 seconds, Stopping threads took: 0.0000190 seconds
23.476: [GC (Allocation Failure)  925852K->603482K(1033216K), 0.0039038 secs]
23.480: Total time for which application threads were stopped: 0.0040556 seconds, Stopping threads took: 0.0000190 seconds
23.549: [GC (Allocation Failure)  921946K->607548K(1034752K), 0.0053200 secs]
23.554: Total time for which application threads were stopped: 0.0054872 seconds, Stopping threads took: 0.0000263 seconds
23.621: [GC (Allocation Failure)  928060K->611516K(1033728K), 0.0050321 secs]
23.626: Total time for which application threads were stopped: 0.0051991 seconds, Stopping threads took: 0.0000190 seconds
23.693: [GC (Allocation Failure)  932028K->603674K(1034240K), 0.0016625 secs]
23.695: Total time for which application threads were stopped: 0.0017870 seconds, Stopping threads took: 0.0000256 seconds
23.762: [GC (Allocation Failure)  924186K->611572K(1034240K), 0.0059464 secs]
23.768: Total time for which application threads were stopped: 0.0061315 seconds, Stopping threads took: 0.0000198 seconds
23.836: [GC (Allocation Failure)  932084K->615652K(1034240K), 0.0065925 secs]
23.843: Total time for which application threads were stopped: 0.0067685 seconds, Stopping threads took: 0.0000220 seconds
23.911: [GC (Allocation Failure)  936164K->622354K(1034240K), 0.0080536 secs]
23.920: Total time for which application threads were stopped: 0.0082151 seconds, Stopping threads took: 0.0000192 seconds
23.986: [GC (Allocation Failure)  942866K->616308K(1029120K), 0.0049554 secs]
23.991: Total time for which application threads were stopped: 0.0051468 seconds, Stopping threads took: 0.0000197 seconds
24.060: [GC (Allocation Failure)  931700K->616084K(1031680K), 0.0048668 secs]
24.065: Total time for which application threads were stopped: 0.0050384 seconds, Stopping threads took: 0.0000257 seconds
24.129: [GC (Allocation Failure)  931476K->610738K(1032704K), 0.0028971 secs]
24.132: Total time for which application threads were stopped: 0.0030793 seconds, Stopping threads took: 0.0000280 seconds
24.198: [GC (Allocation Failure)  927666K->616244K(1032192K), 0.0049425 secs]
24.203: Total time for which application threads were stopped: 0.0051121 seconds, Stopping threads took: 0.0000198 seconds
24.269: [GC (Allocation Failure)  933172K->616084K(1033216K), 0.0049211 secs]
24.274: Total time for which application threads were stopped: 0.0050909 seconds, Stopping threads took: 0.0000203 seconds
24.339: [GC (Allocation Failure)  934036K->619508K(1032704K), 0.0061706 secs]
24.345: Total time for which application threads were stopped: 0.0063355 seconds, Stopping threads took: 0.0000190 seconds
24.412: [GC (Allocation Failure)  937460K->624247K(1033728K), 0.0049985 secs]
24.417: Total time for which application threads were stopped: 0.0051795 seconds, Stopping threads took: 0.0000290 seconds
24.484: [GC (Allocation Failure)  943223K->624151K(1033216K), 0.0049216 secs]
24.489: Total time for which application threads were stopped: 0.0050844 seconds, Stopping threads took: 0.0000201 seconds
24.555: [GC (Allocation Failure)  943127K->628255K(1034240K), 0.0064139 secs]
24.562: Total time for which application threads were stopped: 0.0065897 seconds, Stopping threads took: 0.0000197 seconds
24.630: [GC (Allocation Failure)  948255K->632257K(1033728K), 0.0047447 secs]
24.635: Total time for which application threads were stopped: 0.0049028 seconds, Stopping threads took: 0.0000174 seconds
24.704: [GC (Allocation Failure)  952257K->632161K(1034752K), 0.0050045 secs]
24.709: Total time for which application threads were stopped: 0.0051643 seconds, Stopping threads took: 0.0000192 seconds
24.775: [GC (Allocation Failure)  953185K->633961K(1034240K), 0.0059291 secs]
24.781: Total time for which application threads were stopped: 0.0060986 seconds, Stopping threads took: 0.0000197 seconds
24.848: [GC (Allocation Failure)  954985K->640203K(1034752K), 0.0049292 secs]
24.853: Total time for which application threads were stopped: 0.0051385 seconds, Stopping threads took: 0.0000287 seconds
24.920: [GC (Allocation Failure)  961227K->640203K(1034240K), 0.0051906 secs]
24.925: Total time for which application threads were stopped: 0.0053588 seconds, Stopping threads took: 0.0000200 seconds
24.992: [GC (Allocation Failure)  961227K->641667K(1034752K), 0.0059107 secs]
24.998: Total time for which application threads were stopped: 0.0060873 seconds, Stopping threads took: 0.0000207 seconds
25.066: [GC (Allocation Failure)  963203K->648262K(1034752K), 0.0050013 secs]
25.071: Total time for which application threads were stopped: 0.0051615 seconds, Stopping threads took: 0.0000195 seconds
25.137: [GC (Allocation Failure)  969798K->648230K(1034752K), 0.0048703 secs]
25.142: Total time for which application threads were stopped: 0.0050499 seconds, Stopping threads took: 0.0000274 seconds
25.209: [GC (Allocation Failure)  969766K->650950K(1034752K), 0.0061237 secs]
25.216: Total time for which application threads were stopped: 0.0062936 seconds, Stopping threads took: 0.0000200 seconds
25.284: [GC (Allocation Failure)  972486K->656296K(1034752K), 0.0049773 secs]
25.289: Total time for which application threads were stopped: 0.0051479 seconds, Stopping threads took: 0.0000206 seconds
25.357: [GC (Allocation Failure)  977832K->656296K(1034752K), 0.0049662 secs]
25.362: Total time for which application threads were stopped: 0.0051303 seconds, Stopping threads took: 0.0000200 seconds
25.428: [GC (Allocation Failure)  977832K->660168K(1035264K), 0.0081629 secs]
25.436: Total time for which application threads were stopped: 0.0083248 seconds, Stopping threads took: 0.0000202 seconds
25.504: [GC (Allocation Failure)  982216K->664394K(1034752K), 0.0057794 secs]
25.510: Total time for which application threads were stopped: 0.0059735 seconds, Stopping threads took: 0.0000248 seconds
25.580: [GC (Allocation Failure)  986442K->664298K(1035264K), 0.0069166 secs]
25.587: Total time for which application threads were stopped: 0.0070781 seconds, Stopping threads took: 0.0000262 seconds
25.654: [GC (Allocation Failure)  986858K->667402K(1035264K), 0.0060624 secs]
25.660: Total time for which application threads were stopped: 0.0062164 seconds, Stopping threads took: 0.0000165 seconds
25.728: [GC (Allocation Failure)  989962K->672364K(1035264K), 0.0051556 secs]
25.733: Total time for which application threads were stopped: 0.0053250 seconds, Stopping threads took: 0.0000201 seconds
25.801: [GC (Allocation Failure)  994924K->672332K(1035264K), 0.0047490 secs]
25.806: Total time for which application threads were stopped: 0.0049111 seconds, Stopping threads took: 0.0000199 seconds
25.873: [GC (Allocation Failure)  994892K->675620K(1035264K), 0.0062691 secs]
25.879: Total time for which application threads were stopped: 0.0064631 seconds, Stopping threads took: 0.0000201 seconds
25.949: [GC (Allocation Failure)  998180K->680391K(1035264K), 0.0050530 secs]
25.954: Total time for which application threads were stopped: 0.0052192 seconds, Stopping threads took: 0.0000256 seconds
26.023: [GC (Allocation Failure)  1002951K->680359K(1035264K), 0.0050384 secs]
26.028: Total time for which application threads were stopped: 0.0052122 seconds, Stopping threads took: 0.0000204 seconds
26.095: [GC (Allocation Failure)  1002919K->683879K(1035264K), 0.0063198 secs]
26.102: Total time for which application threads were stopped: 0.0064848 seconds, Stopping threads took: 0.0000258 seconds
26.170: [GC (Allocation Failure)  1006439K->688425K(1035264K), 0.0050055 secs]
26.175: Total time for which application threads were stopped: 0.0051709 seconds, Stopping threads took: 0.0000208 seconds
26.243: [GC (Allocation Failure)  1010985K->688393K(1035264K), 0.0048547 secs]
26.248: Total time for which application threads were stopped: 0.0050454 seconds, Stopping threads took: 0.0000204 seconds
26.316: [GC (Allocation Failure)  1010953K->692073K(1035776K), 0.0063410 secs]
26.322: [Full GC (Ergonomics)  692073K->12165K(1035776K), 0.0210648 secs]
26.343: Total time for which application threads were stopped: 0.0276740 seconds, Stopping threads took: 0.0000201 seconds
26.410: [GC (Allocation Failure)  335749K->20871K(1032192K), 0.0043087 secs]
26.415: Total time for which application threads were stopped: 0.0044543 seconds, Stopping threads took: 0.0000156 seconds
26.483: [GC (Allocation Failure)  344455K->20727K(1035264K), 0.0040142 secs]
26.487: Total time for which application threads were stopped: 0.0041891 seconds, Stopping threads took: 0.0000268 seconds
26.556: [GC (Allocation Failure)  343287K->18613K(1035264K), 0.0029176 secs]
26.559: Total time for which application threads were stopped: 0.0030888 seconds, Stopping threads took: 0.0000257 seconds
26.628: [GC (Allocation Failure)  341173K->20823K(1035776K), 0.0038260 secs]
26.632: Total time for which application threads were stopped: 0.0040219 seconds, Stopping threads took: 0.0000196 seconds
26.700: [GC (Allocation Failure)  344407K->20663K(1035776K), 0.0044867 secs]
26.705: Total time for which application threads were stopped: 0.0046579 seconds, Stopping threads took: 0.0000277 seconds
26.771: [GC (Allocation Failure)  344247K->24933K(1033216K), 0.0058558 secs]
26.777: Total time for which application threads were stopped: 0.0060273 seconds, Stopping threads took: 0.0000192 seconds
26.843: [GC (Allocation Failure)  346469K->20775K(1034752K), 0.0038450 secs]
26.847: Total time for which application threads were stopped: 0.0039865 seconds, Stopping threads took: 0.0000190 seconds
26.913: [GC (Allocation Failure)  342311K->20743K(1035264K), 0.0039123 secs]
26.917: Total time for which application threads were stopped: 0.0040904 seconds, Stopping threads took: 0.0000203 seconds
26.985: [GC (Allocation Failure)  342791K->26661K(1034752K), 0.0083476 secs]
26.993: Total time for which application threads were stopped: 0.0085280 seconds, Stopping threads took: 0.0000208 seconds
27.062: [GC (Allocation Failure)  348709K->21671K(1033728K), 0.0037023 secs]
27.066: Total time for which application threads were stopped: 0.0038677 seconds, Stopping threads took: 0.0000288 seconds
27.134: [GC (Allocation Failure)  342183K->21447K(1034240K), 0.0065238 secs]
27.140: Total time for which application threads were stopped: 0.0067173 seconds, Stopping threads took: 0.0000250 seconds
27.208: [GC (Allocation Failure)  341959K->27109K(1031680K), 0.0061992 secs]
27.214: Total time for which application threads were stopped: 0.0063548 seconds, Stopping threads took: 0.0000199 seconds
27.279: [GC (Allocation Failure)  345573K->21607K(1033216K), 0.0039380 secs]
27.283: Total time for which application threads were stopped: 0.0040886 seconds, Stopping threads took: 0.0000196 seconds
27.349: [GC (Allocation Failure)  340071K->21415K(1034240K), 0.0036503 secs]
27.353: Total time for which application threads were stopped: 0.0038318 seconds, Stopping threads took: 0.0000208 seconds
27.417: [GC (Allocation Failure)  341415K->20645K(1033728K), 0.0036809 secs]
27.421: Total time for which application threads were stopped: 0.0038533 seconds, Stopping threads took: 0.0000194 seconds
27.486: [GC (Allocation Failure)  340645K->21575K(1035264K), 0.0043770 secs]
27.491: Total time for which application threads were stopped: 0.0045474 seconds, Stopping threads took: 0.0000207 seconds
27.560: [GC (Allocation Failure)  343623K->21447K(1034752K), 0.0035820 secs]
27.564: Total time for which application threads were stopped: 0.0037764 seconds, Stopping threads took: 0.0000263 seconds
27.631: [GC (Allocation Failure)  343495K->21349K(1035776K), 0.0038053 secs]
27.635: Total time for which application threads were stopped: 0.0039750 seconds, Stopping threads took: 0.0000251 seconds
27.704: [GC (Allocation Failure)  344421K->21511K(1035264K), 0.0039543 secs]
27.708: Total time for which application threads were stopped: 0.0041318 seconds, Stopping threads took: 0.0000214 seconds
27.777: [GC (Allocation Failure)  344583K->21415K(1036288K), 0.0038040 secs]
27.781: Total time for which application threads were stopped: 0.0039842 seconds, Stopping threads took: 0.0000202 seconds
27.843: [GC (Allocation Failure)  346023K->28685K(1036288K), 0.0074378 secs]
27.851: Total time for which application threads were stopped: 0.0075735 seconds, Stopping threads took: 0.0000198 seconds
27.918: [GC (Allocation Failure)  353293K->24463K(1033216K), 0.0038752 secs]
27.921: Total time for which application threads were stopped: 0.0040116 seconds, Stopping threads took: 0.0000200 seconds
27.987: [GC (Allocation Failure)  345999K->24463K(1034752K), 0.0036990 secs]
27.991: Total time for which application threads were stopped: 0.0038613 seconds, Stopping threads took: 0.0000196 seconds
28.056: [GC (Allocation Failure)  345999K->19693K(1033728K), 0.0019386 secs]
28.058: Total time for which application threads were stopped: 0.0020931 seconds, Stopping threads took: 0.0000269 seconds
28.125: [GC (Allocation Failure)  340205K->24759K(1034240K), 0.0037870 secs]
28.129: Total time for which application threads were stopped: 0.0039568 seconds, Stopping threads took: 0.0000199 seconds
28.199: [GC (Allocation Failure)  345271K->28607K(1034752K), 0.0038150 secs]
28.203: Total time for which application threads were stopped: 0.0039714 seconds, Stopping threads took: 0.0000168 seconds
28.269: [GC (Allocation Failure)  349631K->22461K(1034240K), 0.0013874 secs]
28.271: Total time for which application threads were stopped: 0.0015234 seconds, Stopping threads took: 0.0000197 seconds
28.340: [GC (Allocation Failure)  343485K->28855K(1034752K), 0.0038106 secs]
28.344: Total time for which application threads were stopped: 0.0039896 seconds, Stopping threads took: 0.0000204 seconds
28.412: [GC (Allocation Failure)  349879K->32751K(1034240K), 0.0044100 secs]
28.416: Total time for which application threads were stopped: 0.0045801 seconds, Stopping threads took: 0.0000224 seconds
28.484: [GC (Allocation Failure)  353775K->26317K(1034240K), 0.0011353 secs]
28.485: Total time for which application threads were stopped: 0.0012709 seconds, Stopping threads took: 0.0000198 seconds
28.557: [GC (Allocation Failure)  347853K->32911K(1034752K), 0.0037368 secs]
28.561: Total time for which application threads were stopped: 0.0038958 seconds, Stopping threads took: 0.0000256 seconds
28.627: [GC (Allocation Failure)  354447K->36903K(1035776K), 0.0046454 secs]
28.632: Total time for which application threads were stopped: 0.0048055 seconds, Stopping threads took: 0.0000252 seconds
28.698: [GC (Allocation Failure)  359975K->33029K(1035264K), 0.0026817 secs]
28.701: Total time for which application threads were stopped: 0.0028413 seconds, Stopping threads took: 0.0000194 seconds
28.769: [GC (Allocation Failure)  356101K->37055K(1035776K), 0.0041004 secs]
28.773: Total time for which application threads were stopped: 0.0042803 seconds, Stopping threads took: 0.0000208 seconds
28.843: [GC (Allocation Failure)  360639K->41023K(1035776K), 0.0038208 secs]
28.847: Total time for which application threads were stopped: 0.0039935 seconds, Stopping threads took: 0.0000173 seconds
28.915: [GC (Allocation Failure)  364607K->41023K(1035776K), 0.0037037 secs]
28.919: Total time for which application threads were stopped: 0.0038675 seconds, Stopping threads took: 0.0000197 seconds
28.985: [GC (Allocation Failure)  364607K->41383K(1023488K), 0.0038627 secs]
28.989: Total time for which application threads were stopped: 0.0040456 seconds, Stopping threads took: 0.0000202 seconds
29.059: [GC (Allocation Failure)  364967K->49097K(1035264K), 0.0037380 secs]
29.062: Total time for which application threads were stopped: 0.0038968 seconds, Stopping threads took: 0.0000251 seconds
29.131: [GC (Allocation Failure)  371657K->49097K(1035264K), 0.0035589 secs]
29.134: Total time for which application threads were stopped: 0.0037541 seconds, Stopping threads took: 0.0000203 seconds
29.204: [GC (Allocation Failure)  371657K->49577K(1034240K), 0.0038815 secs]
29.208: Total time for which application threads were stopped: 0.0040286 seconds, Stopping threads took: 0.0000168 seconds
29.275: [GC (Allocation Failure)  371113K->57132K(1034752K), 0.0038840 secs]
29.279: Total time for which application threads were stopped: 0.0040484 seconds, Stopping threads took: 0.0000208 seconds
29.347: [GC (Allocation Failure)  378668K->57100K(1034752K), 0.0035484 secs]
29.351: Total time for which application threads were stopped: 0.0037179 seconds, Stopping threads took: 0.0000203 seconds
29.416: [GC (Allocation Failure)  378636K->57260K(1034752K), 0.0041807 secs]
29.420: Total time for which application threads were stopped: 0.0043744 seconds, Stopping threads took: 0.0000215 seconds
29.487: [GC (Allocation Failure)  378796K->65166K(1034752K), 0.0097281 secs]
29.497: Total time for which application threads were stopped: 0.0098970 seconds, Stopping threads took: 0.0000211 seconds
29.566: [GC (Allocation Failure)  386702K->65166K(1029120K), 0.0037335 secs]
29.570: Total time for which application threads were stopped: 0.0039237 seconds, Stopping threads took: 0.0000259 seconds
29.637: [GC (Allocation Failure)  386702K->65262K(1034240K), 0.0038770 secs]
29.641: Total time for which application threads were stopped: 0.0040411 seconds, Stopping threads took: 0.0000249 seconds
29.709: [GC (Allocation Failure)  385774K->73168K(1034240K), 0.0038840 secs]
29.713: Total time for which application threads were stopped: 0.0040422 seconds, Stopping threads took: 0.0000196 seconds
29.782: [GC (Allocation Failure)  393680K->73168K(1034240K), 0.0038303 secs]
29.785: Total time for which application threads were stopped: 0.0039890 seconds, Stopping threads took: 0.0000190 seconds
29.853: [GC (Allocation Failure)  393680K->73224K(1020416K), 0.0038367 secs]
29.857: Total time for which application threads were stopped: 0.0040055 seconds, Stopping threads took: 0.0000196 seconds
29.924: [GC (Allocation Failure)  393736K->81227K(1033728K), 0.0039879 secs]
29.928: Total time for which application threads were stopped: 0.0041845 seconds, Stopping threads took: 0.0000203 seconds
29.998: [GC (Allocation Failure)  400715K->81163K(1033728K), 0.0037395 secs]
30.002: Total time for which application threads were stopped: 0.0038878 seconds, Stopping threads took: 0.0000166 seconds
30.069: [GC (Allocation Failure)  400651K->81475K(1033728K), 0.0040436 secs]
30.073: Total time for which application threads were stopped: 0.0042123 seconds, Stopping threads took: 0.0000280 seconds
30.139: [GC (Allocation Failure)  400963K->89221K(1033728K), 0.0112624 secs]
30.151: Total time for which application threads were stopped: 0.0114573 seconds, Stopping threads took: 0.0000247 seconds
30.219: [GC (Allocation Failure)  408709K->89253K(1033728K), 0.0037783 secs]
30.223: Total time for which application threads were stopped: 0.0039265 seconds, Stopping threads took: 0.0000170 seconds
30.288: [GC (Allocation Failure)  408741K->89485K(1033728K), 0.0042040 secs]
30.292: Total time for which application threads were stopped: 0.0043738 seconds, Stopping threads took: 0.0000196 seconds
30.358: [GC (Allocation Failure)  408973K->97263K(1033728K), 0.0041089 secs]
30.362: Total time for which application threads were stopped: 0.0043000 seconds, Stopping threads took: 0.0000198 seconds
30.429: [GC (Allocation Failure)  416751K->93357K(1033728K), 0.0027434 secs]
30.432: Total time for which application threads were stopped: 0.0029035 seconds, Stopping threads took: 0.0000208 seconds
30.502: [GC (Allocation Failure)  412845K->97383K(1034752K), 0.0048336 secs]
30.507: Total time for which application threads were stopped: 0.0050254 seconds, Stopping threads took: 0.0000286 seconds
30.576: [GC (Allocation Failure)  418407K->101383K(1034240K), 0.0037554 secs]
30.580: Total time for which application threads were stopped: 0.0039424 seconds, Stopping threads took: 0.0000266 seconds
30.650: [GC (Allocation Failure)  422407K->95621K(1034752K), 0.0016660 secs]
30.651: Total time for which application threads were stopped: 0.0017933 seconds, Stopping threads took: 0.0000172 seconds
30.719: [GC (Allocation Failure)  417157K->101447K(1034752K), 0.0041839 secs]
30.723: Total time for which application threads were stopped: 0.0043650 seconds, Stopping threads took: 0.0000224 seconds
30.789: [GC (Allocation Failure)  422983K->105551K(1035264K), 0.0044002 secs]
30.794: Total time for which application threads were stopped: 0.0045679 seconds, Stopping threads took: 0.0000203 seconds
30.862: [GC (Allocation Failure)  427849K->101581K(1035264K), 0.0025719 secs]
30.864: Total time for which application threads were stopped: 0.0027193 seconds, Stopping threads took: 0.0000194 seconds
30.932: [GC (Allocation Failure)  424141K->105679K(1036288K), 0.0042866 secs]
30.937: Total time for which application threads were stopped: 0.0044465 seconds, Stopping threads took: 0.0000199 seconds
31.005: [GC (Allocation Failure)  429775K->109679K(1035776K), 0.0041257 secs]
31.009: Total time for which application threads were stopped: 0.0042865 seconds, Stopping threads took: 0.0000199 seconds
31.077: [GC (Allocation Failure)  433775K->109647K(1035776K), 0.0036838 secs]
31.080: Total time for which application threads were stopped: 0.0038574 seconds, Stopping threads took: 0.0000279 seconds
31.148: [GC (Allocation Failure)  433231K->109703K(1023488K), 0.0064283 secs]
31.155: Total time for which application threads were stopped: 0.0065938 seconds, Stopping threads took: 0.0000195 seconds
31.223: [GC (Allocation Failure)  433287K->117673K(1035264K), 0.0038712 secs]
31.227: Total time for which application threads were stopped: 0.0040430 seconds, Stopping threads took: 0.0000197 seconds
31.296: [GC (Allocation Failure)  440233K->117673K(1030144K), 0.0040028 secs]
31.300: Total time for which application threads were stopped: 0.0041558 seconds, Stopping threads took: 0.0000193 seconds
31.368: [GC (Allocation Failure)  440233K->117737K(1034752K), 0.0039227 secs]
31.372: Total time for which application threads were stopped: 0.0040903 seconds, Stopping threads took: 0.0000205 seconds
31.442: [GC (Allocation Failure)  439273K->125708K(1029120K), 0.0064176 secs]
31.448: Total time for which application threads were stopped: 0.0065885 seconds, Stopping threads took: 0.0000215 seconds
31.518: [GC (Allocation Failure)  447244K->125708K(1034240K), 0.0040346 secs]
31.522: Total time for which application threads were stopped: 0.0041845 seconds, Stopping threads took: 0.0000195 seconds
31.590: [GC (Allocation Failure)  446220K->125924K(1034240K), 0.0040221 secs]
31.594: Total time for which application threads were stopped: 0.0041948 seconds, Stopping threads took: 0.0000170 seconds
31.663: [GC (Allocation Failure)  446436K->133734K(1034240K), 0.0040183 secs]
31.667: Total time for which application threads were stopped: 0.0042117 seconds, Stopping threads took: 0.0000193 seconds
31.736: [GC (Allocation Failure)  454246K->133734K(1034240K), 0.0036236 secs]
31.740: Total time for which application threads were stopped: 0.0038077 seconds, Stopping threads took: 0.0000167 seconds
31.810: [GC (Allocation Failure)  454246K->134182K(1033216K), 0.0041983 secs]
31.814: Total time for which application threads were stopped: 0.0043698 seconds, Stopping threads took: 0.0000189 seconds
31.882: [GC (Allocation Failure)  453670K->141800K(1033728K), 0.0038410 secs]
31.886: Total time for which application threads were stopped: 0.0040078 seconds, Stopping threads took: 0.0000257 seconds
31.955: [GC (Allocation Failure)  461288K->141800K(1033728K), 0.0040196 secs]
31.959: Total time for which application threads were stopped: 0.0041803 seconds, Stopping threads took: 0.0000196 seconds
32.024: [GC (Allocation Failure)  461288K->141928K(1033728K), 0.0041392 secs]
32.028: Total time for which application threads were stopped: 0.0043162 seconds, Stopping threads took: 0.0000195 seconds
32.097: [GC (Allocation Failure)  461416K->149802K(1033728K), 0.0037935 secs]
32.101: Total time for which application threads were stopped: 0.0039635 seconds, Stopping threads took: 0.0000280 seconds
32.169: [GC (Allocation Failure)  469290K->149834K(1033728K), 0.0039036 secs]
32.173: Total time for which application threads were stopped: 0.0040621 seconds, Stopping threads took: 0.0000191 seconds
32.239: [GC (Allocation Failure)  469322K->149834K(1033728K), 0.0050479 secs]
32.244: Total time for which application threads were stopped: 0.0052205 seconds, Stopping threads took: 0.0000202 seconds
32.314: [GC (Allocation Failure)  469322K->157869K(1027072K), 0.0041046 secs]
32.318: Total time for which application threads were stopped: 0.0042623 seconds, Stopping threads took: 0.0000198 seconds
32.383: [GC (Allocation Failure)  477356K->153962K(1034240K), 0.0067161 secs]
32.390: Total time for which application threads were stopped: 0.0068794 seconds, Stopping threads took: 0.0000195 seconds
32.457: [GC (Allocation Failure)  473450K->157965K(1033216K), 0.0041995 secs]
32.462: Total time for which application threads were stopped: 0.0043809 seconds, Stopping threads took: 0.0000232 seconds
32.530: [GC (Allocation Failure)  477453K->161997K(1034752K), 0.0040256 secs]
32.534: Total time for which application threads were stopped: 0.0041860 seconds, Stopping threads took: 0.0000206 seconds
32.603: [GC (Allocation Failure)  483533K->155210K(1034752K), 0.0014057 secs]
32.604: Total time for which application threads were stopped: 0.0015392 seconds, Stopping threads took: 0.0000193 seconds
32.673: [GC (Allocation Failure)  476746K->161997K(1034752K), 0.0041306 secs]
32.677: Total time for which application threads were stopped: 0.0043080 seconds, Stopping threads took: 0.0000198 seconds
32.746: [GC (Allocation Failure)  483533K->166173K(1034752K), 0.0050524 secs]
32.751: Total time for which application threads were stopped: 0.0061966 seconds, Stopping threads took: 0.0009649 seconds
32.817: [GC (Allocation Failure)  487709K->160570K(1034752K), 0.0018603 secs]
32.819: Total time for which application threads were stopped: 0.0020016 seconds, Stopping threads took: 0.0000194 seconds
32.886: [GC (Allocation Failure)  482106K->166413K(1034752K), 0.0039808 secs]
32.891: Total time for which application threads were stopped: 0.0041612 seconds, Stopping threads took: 0.0000201 seconds
32.958: [GC (Allocation Failure)  487949K->170285K(1035264K), 0.0044440 secs]
32.963: Total time for which application threads were stopped: 0.0046211 seconds, Stopping threads took: 0.0000200 seconds
33.030: [GC (Allocation Failure)  492773K->166346K(1035264K), 0.0028802 secs]
33.033: Total time for which application threads were stopped: 0.0030339 seconds, Stopping threads took: 0.0000197 seconds
33.102: [GC (Allocation Failure)  488906K->170405K(1036288K), 0.0043410 secs]
33.106: Total time for which application threads were stopped: 0.0045172 seconds, Stopping threads took: 0.0000277 seconds
33.174: [GC (Allocation Failure)  494501K->174373K(1035776K), 0.0039872 secs]
33.178: Total time for which application threads were stopped: 0.0041574 seconds, Stopping threads took: 0.0000196 seconds
33.247: [GC (Allocation Failure)  498469K->174405K(1035776K), 0.0040801 secs]
33.251: Total time for which application threads were stopped: 0.0042458 seconds, Stopping threads took: 0.0000194 seconds
33.319: [GC (Allocation Failure)  497989K->174437K(1023488K), 0.0059768 secs]
33.325: Total time for which application threads were stopped: 0.0061452 seconds, Stopping threads took: 0.0000197 seconds
33.392: [GC (Allocation Failure)  498021K->182407K(1035264K), 0.0042347 secs]
33.397: Total time for which application threads were stopped: 0.0043906 seconds, Stopping threads took: 0.0000192 seconds
33.466: [GC (Allocation Failure)  504967K->182407K(1030144K), 0.0039311 secs]
33.470: Total time for which application threads were stopped: 0.0040974 seconds, Stopping threads took: 0.0000196 seconds
33.539: [GC (Allocation Failure)  504967K->182439K(1034752K), 0.0040453 secs]
33.543: Total time for which application threads were stopped: 0.0042184 seconds, Stopping threads took: 0.0000199 seconds
33.612: [GC (Allocation Failure)  503975K->190441K(1029120K), 0.0043308 secs]
33.617: Total time for which application threads were stopped: 0.0044861 seconds, Stopping threads took: 0.0000169 seconds
33.685: [GC (Allocation Failure)  511977K->190441K(1034240K), 0.0040957 secs]
33.689: Total time for which application threads were stopped: 0.0042744 seconds, Stopping threads took: 0.0000198 seconds
33.758: [GC (Allocation Failure)  510953K->190697K(1034240K), 0.0040902 secs]
33.762: Total time for which application threads were stopped: 0.0042654 seconds, Stopping threads took: 0.0000168 seconds
33.832: [GC (Allocation Failure)  511209K->198475K(1034240K), 0.0041343 secs]
33.836: Total time for which application threads were stopped: 0.0043255 seconds, Stopping threads took: 0.0000187 seconds
33.906: [GC (Allocation Failure)  518987K->198475K(1034240K), 0.0042227 secs]
33.910: Total time for which application threads were stopped: 0.0043804 seconds, Stopping threads took: 0.0000187 seconds
33.977: [GC (Allocation Failure)  518987K->198891K(1033216K), 0.0045006 secs]
33.981: Total time for which application threads were stopped: 0.0046915 seconds, Stopping threads took: 0.0000189 seconds
34.051: [GC (Allocation Failure)  518379K->206542K(1033728K), 0.0040252 secs]
34.055: Total time for which application threads were stopped: 0.0041844 seconds, Stopping threads took: 0.0000161 seconds
34.123: [GC (Allocation Failure)  526030K->206510K(1033728K), 0.0040235 secs]
34.127: Total time for which application threads were stopped: 0.0042381 seconds, Stopping threads took: 0.0000256 seconds
34.193: [GC (Allocation Failure)  525998K->206630K(1033728K), 0.0042294 secs]
34.197: Total time for which application threads were stopped: 0.0043976 seconds, Stopping threads took: 0.0000196 seconds
34.266: [GC (Allocation Failure)  526118K->214568K(1033728K), 0.0039647 secs]
34.270: Total time for which application threads were stopped: 0.0041259 seconds, Stopping threads took: 0.0000202 seconds
34.337: [GC (Allocation Failure)  534056K->214536K(1033728K), 0.0041120 secs]
34.341: Total time for which application threads were stopped: 0.0042791 seconds, Stopping threads took: 0.0000197 seconds
34.409: [GC (Allocation Failure)  534024K->214600K(1033728K), 0.0042268 secs]
34.413: Total time for which application threads were stopped: 0.0043870 seconds, Stopping threads took: 0.0000199 seconds
34.480: [GC (Allocation Failure)  534088K->222538K(1027072K), 0.0042947 secs]
34.485: Total time for which application threads were stopped: 0.0044902 seconds, Stopping threads took: 0.0000211 seconds
34.553: [GC (Allocation Failure)  542026K->218664K(1034240K), 0.0028997 secs]
34.556: Total time for which application threads were stopped: 0.0030606 seconds, Stopping threads took: 0.0000254 seconds
34.624: [GC (Allocation Failure)  538152K->222722K(1033216K), 0.0041622 secs]
34.628: Total time for which application threads were stopped: 0.0043450 seconds, Stopping threads took: 0.0000281 seconds
34.697: [GC (Allocation Failure)  542210K->226690K(1034752K), 0.0042093 secs]
34.702: Total time for which application threads were stopped: 0.0043673 seconds, Stopping threads took: 0.0000196 seconds
34.768: [GC (Allocation Failure)  548226K->219936K(1034752K), 0.0013949 secs]
34.770: Total time for which application threads were stopped: 0.0015197 seconds, Stopping threads took: 0.0000185 seconds
34.839: [GC (Allocation Failure)  541472K->226722K(1034752K), 0.0040608 secs]
34.843: Total time for which application threads were stopped: 0.0042300 seconds, Stopping threads took: 0.0000196 seconds
34.910: [GC (Allocation Failure)  548258K->230834K(1034752K), 0.0051713 secs]
34.915: Total time for which application threads were stopped: 0.0053450 seconds, Stopping threads took: 0.0000197 seconds
34.981: [GC (Allocation Failure)  552370K->225264K(1034752K), 0.0019830 secs]
34.983: Total time for which application threads were stopped: 0.0021213 seconds, Stopping threads took: 0.0000194 seconds
35.051: [GC (Allocation Failure)  546800K->231138K(1034752K), 0.0042467 secs]
35.055: Total time for which application threads were stopped: 0.0044065 seconds, Stopping threads took: 0.0000266 seconds
35.122: [GC (Allocation Failure)  552674K->234986K(1034752K), 0.0044637 secs]
35.127: Total time for which application threads were stopped: 0.0046253 seconds, Stopping threads took: 0.0000201 seconds
35.194: [GC (Allocation Failure)  557475K->231080K(1035264K), 0.0064832 secs]
35.201: Total time for which application threads were stopped: 0.0066516 seconds, Stopping threads took: 0.0000201 seconds
35.270: [GC (Allocation Failure)  553640K->235146K(1036288K), 0.0044714 secs]
35.275: Total time for which application threads were stopped: 0.0046565 seconds, Stopping threads took: 0.0000217 seconds
35.342: [GC (Allocation Failure)  559242K->239114K(1035776K), 0.0041652 secs]
35.346: Total time for which application threads were stopped: 0.0043368 seconds, Stopping threads took: 0.0000206 seconds
35.416: [GC (Allocation Failure)  563210K->239146K(1035776K), 0.0041686 secs]
35.420: Total time for which application threads were stopped: 0.0043249 seconds, Stopping threads took: 0.0000190 seconds
35.488: [GC (Allocation Failure)  562730K->239178K(1023488K), 0.0086073 secs]
35.497: Total time for which application threads were stopped: 0.0088152 seconds, Stopping threads took: 0.0000285 seconds
35.565: [GC (Allocation Failure)  562762K->247149K(1035264K), 0.0043720 secs]
35.570: Total time for which application threads were stopped: 0.0045208 seconds, Stopping threads took: 0.0000263 seconds
35.638: [GC (Allocation Failure)  569709K->247181K(1030144K), 0.0040993 secs]
35.642: Total time for which application threads were stopped: 0.0042713 seconds, Stopping threads took: 0.0000255 seconds
35.709: [GC (Allocation Failure)  569741K->247205K(1034752K), 0.0044130 secs]
35.714: Total time for which application threads were stopped: 0.0045830 seconds, Stopping threads took: 0.0000202 seconds
35.781: [GC (Allocation Failure)  568741K->255175K(1029120K), 0.0043869 secs]
35.785: Total time for which application threads were stopped: 0.0045577 seconds, Stopping threads took: 0.0000195 seconds
35.854: [GC (Allocation Failure)  576711K->255175K(1034240K), 0.0040953 secs]
35.858: Total time for which application threads were stopped: 0.0042571 seconds, Stopping threads took: 0.0000206 seconds
35.925: [GC (Allocation Failure)  575687K->255399K(1034240K), 0.0044035 secs]
35.929: Total time for which application threads were stopped: 0.0046914 seconds, Stopping threads took: 0.0000200 seconds
35.997: [GC (Allocation Failure)  575911K->263241K(1034240K), 0.0040254 secs]
36.001: Total time for which application threads were stopped: 0.0042061 seconds, Stopping threads took: 0.0000202 seconds
36.069: [GC (Allocation Failure)  583753K->263209K(1034240K), 0.0048038 secs]
36.074: Total time for which application threads were stopped: 0.0049619 seconds, Stopping threads took: 0.0000188 seconds
36.141: [GC (Allocation Failure)  583721K->263657K(1033216K), 0.0043757 secs]
36.145: Total time for which application threads were stopped: 0.0045337 seconds, Stopping threads took: 0.0000199 seconds
36.212: [GC (Allocation Failure)  583145K->271275K(1033728K), 0.0042916 secs]
36.217: Total time for which application threads were stopped: 0.0044590 seconds, Stopping threads took: 0.0000196 seconds
36.284: [GC (Allocation Failure)  590763K->271243K(1033728K), 0.0043137 secs]
36.289: Total time for which application threads were stopped: 0.0044808 seconds, Stopping threads took: 0.0000193 seconds
36.353: [GC (Allocation Failure)  590731K->271403K(1033728K), 0.0044967 secs]
36.358: Total time for which application threads were stopped: 0.0046683 seconds, Stopping threads took: 0.0000190 seconds
36.427: [GC (Allocation Failure)  590891K->279278K(1033728K), 0.0067426 secs]
36.434: Total time for which application threads were stopped: 0.0069044 seconds, Stopping threads took: 0.0000166 seconds
36.503: [GC (Allocation Failure)  598766K->279278K(1033728K), 0.0050599 secs]
36.508: Total time for which application threads were stopped: 0.0052214 seconds, Stopping threads took: 0.0000260 seconds
36.575: [GC (Allocation Failure)  598766K->279334K(1033728K), 0.0042932 secs]
36.580: Total time for which application threads were stopped: 0.0044709 seconds, Stopping threads took: 0.0000284 seconds
36.647: [GC (Allocation Failure)  598822K->287336K(1027072K), 0.0044070 secs]
36.651: Total time for which application threads were stopped: 0.0045699 seconds, Stopping threads took: 0.0000194 seconds
36.716: [GC (Allocation Failure)  606823K->283398K(1034240K), 0.0032440 secs]
36.720: Total time for which application threads were stopped: 0.0034057 seconds, Stopping threads took: 0.0000194 seconds
36.787: [GC (Allocation Failure)  602886K->287464K(1033216K), 0.0045765 secs]
36.792: Total time for which application threads were stopped: 0.0047370 seconds, Stopping threads took: 0.0000187 seconds
36.859: [GC (Allocation Failure)  606952K->291432K(1034752K), 0.0043800 secs]
36.863: Total time for which application threads were stopped: 0.0045518 seconds, Stopping threads took: 0.0000203 seconds
36.930: [GC (Allocation Failure)  612968K->284678K(1034752K), 0.0017430 secs]
36.932: Total time for which application threads were stopped: 0.0019057 seconds, Stopping threads took: 0.0000216 seconds
36.999: [GC (Allocation Failure)  606214K->291496K(1034752K), 0.0041453 secs]
37.003: Total time for which application threads were stopped: 0.0043243 seconds, Stopping threads took: 0.0000220 seconds
37.070: [GC (Allocation Failure)  613032K->295568K(1034752K), 0.0051781 secs]
37.075: Total time for which application threads were stopped: 0.0053509 seconds, Stopping threads took: 0.0000256 seconds
37.140: [GC (Allocation Failure)  617104K->290030K(1034752K), 0.0023181 secs]
37.143: Total time for which application threads were stopped: 0.0024692 seconds, Stopping threads took: 0.0000246 seconds
37.210: [GC (Allocation Failure)  611566K->295840K(1034752K), 0.0043319 secs]
37.214: Total time for which application threads were stopped: 0.0045109 seconds, Stopping threads took: 0.0000199 seconds
37.283: [GC (Allocation Failure)  617376K->299744K(1034752K), 0.0045750 secs]
37.288: Total time for which application threads were stopped: 0.0047333 seconds, Stopping threads took: 0.0000253 seconds
37.356: [GC (Allocation Failure)  622232K->295774K(1035264K), 0.0030794 secs]
37.359: Total time for which application threads were stopped: 0.0032433 seconds, Stopping threads took: 0.0000197 seconds
37.427: [GC (Allocation Failure)  618334K->299872K(1036288K), 0.0045828 secs]
37.432: Total time for which application threads were stopped: 0.0047842 seconds, Stopping threads took: 0.0000207 seconds
37.500: [GC (Allocation Failure)  623968K->303872K(1035776K), 0.0050144 secs]
37.505: Total time for which application threads were stopped: 0.0052281 seconds, Stopping threads took: 0.0000294 seconds
37.574: [GC (Allocation Failure)  627968K->303840K(1035776K), 0.0043393 secs]
37.578: Total time for which application threads were stopped: 0.0045166 seconds, Stopping threads took: 0.0000280 seconds
37.646: [GC (Allocation Failure)  627424K->303912K(1023488K), 0.0042297 secs]
37.650: Total time for which application threads were stopped: 0.0043984 seconds, Stopping threads took: 0.0000192 seconds
37.716: [GC (Allocation Failure)  627496K->311882K(1035264K), 0.0043146 secs]
37.721: Total time for which application threads were stopped: 0.0044893 seconds, Stopping threads took: 0.0000201 seconds
37.790: [GC (Allocation Failure)  634442K->311882K(1030144K), 0.0042975 secs]
37.794: Total time for which application threads were stopped: 0.0044926 seconds, Stopping threads took: 0.0000205 seconds
37.864: [GC (Allocation Failure)  634442K->311946K(1034752K), 0.0045072 secs]
37.868: Total time for which application threads were stopped: 0.0046932 seconds, Stopping threads took: 0.0000301 seconds
37.936: [GC (Allocation Failure)  633482K->319948K(1029120K), 0.0045884 secs]
37.941: Total time for which application threads were stopped: 0.0047818 seconds, Stopping threads took: 0.0000194 seconds
38.011: [GC (Allocation Failure)  641484K->319916K(1034240K), 0.0041996 secs]
38.015: Total time for which application threads were stopped: 0.0043655 seconds, Stopping threads took: 0.0000274 seconds
38.082: [GC (Allocation Failure)  640428K->320140K(1034240K), 0.0044960 secs]
38.087: Total time for which application threads were stopped: 0.0046693 seconds, Stopping threads took: 0.0000262 seconds
38.155: [GC (Allocation Failure)  640652K->327951K(1034240K), 0.0043607 secs]
38.159: Total time for which application threads were stopped: 0.0045312 seconds, Stopping threads took: 0.0000203 seconds
38.227: [GC (Allocation Failure)  648463K->327983K(1034240K), 0.0055859 secs]
38.233: Total time for which application threads were stopped: 0.0057430 seconds, Stopping threads took: 0.0000202 seconds
38.302: [GC (Allocation Failure)  648495K->328375K(1033216K), 0.0046754 secs]
38.306: Total time for which application threads were stopped: 0.0048425 seconds, Stopping threads took: 0.0000191 seconds
38.376: [GC (Allocation Failure)  647863K->335993K(1033728K), 0.0044189 secs]
38.381: Total time for which application threads were stopped: 0.0045771 seconds, Stopping threads took: 0.0000198 seconds
38.448: [GC (Allocation Failure)  655481K->335993K(1033728K), 0.0043075 secs]
38.453: Total time for which application threads were stopped: 0.0044665 seconds, Stopping threads took: 0.0000193 seconds
38.519: [GC (Allocation Failure)  655481K->336145K(1033728K), 0.0044968 secs]
38.523: Total time for which application threads were stopped: 0.0046403 seconds, Stopping threads took: 0.0000163 seconds
38.593: [GC (Allocation Failure)  655633K->344019K(1033728K), 0.0042044 secs]
38.598: Total time for which application threads were stopped: 0.0043656 seconds, Stopping threads took: 0.0000258 seconds
38.666: [GC (Allocation Failure)  663507K->344051K(1033728K), 0.0043441 secs]
38.670: Total time for which application threads were stopped: 0.0045052 seconds, Stopping threads took: 0.0000196 seconds
38.737: [GC (Allocation Failure)  663539K->344075K(1033728K), 0.0046056 secs]
38.742: Total time for which application threads were stopped: 0.0047669 seconds, Stopping threads took: 0.0000206 seconds
38.811: [GC (Allocation Failure)  663563K->352013K(1027072K), 0.0045287 secs]
38.815: Total time for which application threads were stopped: 0.0046959 seconds, Stopping threads took: 0.0000201 seconds
38.880: [GC (Allocation Failure)  671501K->348171K(1034240K), 0.0033814 secs]
38.884: Total time for which application threads were stopped: 0.0035471 seconds, Stopping threads took: 0.0000202 seconds
38.953: [GC (Allocation Failure)  667659K->352197K(1033216K), 0.0047603 secs]
38.958: Total time for which application threads were stopped: 0.0049223 seconds, Stopping threads took: 0.0000195 seconds
39.026: [GC (Allocation Failure)  671685K->356197K(1034752K), 0.0043784 secs]
39.031: Total time for which application threads were stopped: 0.0045490 seconds, Stopping threads took: 0.0000196 seconds
39.098: [GC (Allocation Failure)  677733K->349411K(1034752K), 0.0016469 secs]
39.100: Total time for which application threads were stopped: 0.0017861 seconds, Stopping threads took: 0.0000260 seconds
39.167: [GC (Allocation Failure)  670947K->356237K(1034752K), 0.0042354 secs]
39.172: Total time for which application threads were stopped: 0.0044024 seconds, Stopping threads took: 0.0000196 seconds
39.238: [GC (Allocation Failure)  677773K->360285K(1034752K), 0.0054775 secs]
39.244: Total time for which application threads were stopped: 0.0056666 seconds, Stopping threads took: 0.0000190 seconds
39.311: [GC (Allocation Failure)  681821K->354779K(1034752K), 0.0023216 secs]
39.313: Total time for which application threads were stopped: 0.0024814 seconds, Stopping threads took: 0.0000201 seconds
39.381: [GC (Allocation Failure)  676315K->360589K(1034752K), 0.0045247 secs]
39.386: Total time for which application threads were stopped: 0.0047054 seconds, Stopping threads took: 0.0000205 seconds
39.454: [GC (Allocation Failure)  682125K->364461K(1034752K), 0.0048871 secs]
39.459: Total time for which application threads were stopped: 0.0050468 seconds, Stopping threads took: 0.0000198 seconds
39.529: [GC (Allocation Failure)  686950K->360587K(1035264K), 0.0031528 secs]
39.532: Total time for which application threads were stopped: 0.0033262 seconds, Stopping threads took: 0.0000196 seconds
39.601: [GC (Allocation Failure)  683147K->364549K(1036288K), 0.0053832 secs]
39.606: Total time for which application threads were stopped: 0.0055674 seconds, Stopping threads took: 0.0000271 seconds
39.674: [GC (Allocation Failure)  688645K->368581K(1035776K), 0.0044190 secs]
39.679: Total time for which application threads were stopped: 0.0045760 seconds, Stopping threads took: 0.0000192 seconds
39.748: [GC (Allocation Failure)  692677K->368581K(1035776K), 0.0043813 secs]
39.752: Total time for which application threads were stopped: 0.0045516 seconds, Stopping threads took: 0.0000197 seconds
39.820: [GC (Allocation Failure)  692165K->368645K(1023488K), 0.0045843 secs]
39.825: Total time for which application threads were stopped: 0.0047463 seconds, Stopping threads took: 0.0000205 seconds
39.892: [GC (Allocation Failure)  692229K->376616K(1035264K), 0.0043745 secs]
39.896: Total time for which application threads were stopped: 0.0045709 seconds, Stopping threads took: 0.0000206 seconds
39.966: [GC (Allocation Failure)  699176K->376616K(1030144K), 0.0042873 secs]
39.970: Total time for which application threads were stopped: 0.0044780 seconds, Stopping threads took: 0.0000199 seconds
40.039: [GC (Allocation Failure)  699176K->376680K(1034752K), 0.0044222 secs]
40.043: Total time for which application threads were stopped: 0.0045897 seconds, Stopping threads took: 0.0000197 seconds
40.111: [GC (Allocation Failure)  698216K->384682K(1034752K), 0.0047083 secs]
40.116: Total time for which application threads were stopped: 0.0048742 seconds, Stopping threads took: 0.0000194 seconds
40.184: [GC (Allocation Failure)  706218K->384650K(1033728K), 0.0043340 secs]
40.188: Total time for which application threads were stopped: 0.0045015 seconds, Stopping threads took: 0.0000193 seconds
40.255: [GC (Allocation Failure)  705162K->384906K(1034240K), 0.0047269 secs]
40.260: Total time for which application threads were stopped: 0.0048973 seconds, Stopping threads took: 0.0000198 seconds
40.328: [GC (Allocation Failure)  705418K->392716K(1034240K), 0.0044675 secs]
40.333: Total time for which application threads were stopped: 0.0046255 seconds, Stopping threads took: 0.0000188 seconds
40.401: [GC (Allocation Failure)  713228K->392684K(1034240K), 0.0045314 secs]
40.406: Total time for which application threads were stopped: 0.0046900 seconds, Stopping threads took: 0.0000195 seconds
40.474: [GC (Allocation Failure)  713196K->393132K(1033216K), 0.0047146 secs]
40.479: Total time for which application threads were stopped: 0.0048896 seconds, Stopping threads took: 0.0000190 seconds
40.549: [GC (Allocation Failure)  712620K->400719K(1033728K), 0.0043731 secs]
40.553: Total time for which application threads were stopped: 0.0045578 seconds, Stopping threads took: 0.0000277 seconds
40.622: [GC (Allocation Failure)  720207K->400751K(1033728K), 0.0045701 secs]
40.626: Total time for which application threads were stopped: 0.0047268 seconds, Stopping threads took: 0.0000194 seconds
40.691: [GC (Allocation Failure)  720239K->400879K(1033728K), 0.0046266 secs]
40.696: Total time for which application threads were stopped: 0.0048337 seconds, Stopping threads took: 0.0000196 seconds
40.765: [GC (Allocation Failure)  720367K->408753K(1033728K), 0.0043165 secs]
40.769: Total time for which application threads were stopped: 0.0044677 seconds, Stopping threads took: 0.0000168 seconds
40.836: [GC (Allocation Failure)  728241K->408753K(1033728K), 0.0045359 secs]
40.841: Total time for which application threads were stopped: 0.0047430 seconds, Stopping threads took: 0.0000198 seconds
40.910: [GC (Allocation Failure)  728241K->408809K(1033728K), 0.0045620 secs]
40.914: Total time for which application threads were stopped: 0.0047181 seconds, Stopping threads took: 0.0000166 seconds
40.982: [GC (Allocation Failure)  728297K->416779K(1027072K), 0.0046260 secs]
40.986: Total time for which application threads were stopped: 0.0048042 seconds, Stopping threads took: 0.0000201 seconds
41.052: [GC (Allocation Failure)  736267K->412873K(1034240K), 0.0033977 secs]
41.056: Total time for which application threads were stopped: 0.0035528 seconds, Stopping threads took: 0.0000264 seconds
41.124: [GC (Allocation Failure)  732361K->416939K(1033216K), 0.0045848 secs]
41.129: Total time for which application threads were stopped: 0.0047483 seconds, Stopping threads took: 0.0000261 seconds
41.197: [GC (Allocation Failure)  736427K->420939K(1034752K), 0.0044163 secs]
41.201: Total time for which application threads were stopped: 0.0046072 seconds, Stopping threads took: 0.0000198 seconds
41.270: [GC (Allocation Failure)  742475K->414153K(1034752K), 0.0017692 secs]
41.271: Total time for which application threads were stopped: 0.0019179 seconds, Stopping threads took: 0.0000193 seconds
41.340: [GC (Allocation Failure)  735689K->420979K(1034752K), 0.0043212 secs]
41.345: Total time for which application threads were stopped: 0.0044715 seconds, Stopping threads took: 0.0000171 seconds
41.411: [GC (Allocation Failure)  742515K->425059K(1034752K), 0.0053879 secs]
41.416: Total time for which application threads were stopped: 0.0055569 seconds, Stopping threads took: 0.0000196 seconds
41.482: [GC (Allocation Failure)  746595K->419521K(1034752K), 0.0025632 secs]
41.484: Total time for which application threads were stopped: 0.0027409 seconds, Stopping threads took: 0.0000205 seconds
41.552: [GC (Allocation Failure)  741057K->425355K(1034752K), 0.0044161 secs]
41.557: Total time for which application threads were stopped: 0.0045737 seconds, Stopping threads took: 0.0000260 seconds
41.624: [GC (Allocation Failure)  746891K->429195K(1034752K), 0.0048029 secs]
41.629: Total time for which application threads were stopped: 0.0049723 seconds, Stopping threads took: 0.0000246 seconds
41.696: [GC (Allocation Failure)  751683K->425321K(1035264K), 0.0034704 secs]
41.699: Total time for which application threads were stopped: 0.0036490 seconds, Stopping threads took: 0.0000205 seconds
41.770: [GC (Allocation Failure)  747881K->429355K(1036288K), 0.0047081 secs]
41.774: Total time for which application threads were stopped: 0.0048746 seconds, Stopping threads took: 0.0000172 seconds
41.843: [GC (Allocation Failure)  753451K->433323K(1035776K), 0.0044663 secs]
41.847: Total time for which application threads were stopped: 0.0046605 seconds, Stopping threads took: 0.0000198 seconds
41.918: [GC (Allocation Failure)  757419K->433323K(1035776K), 0.0044925 secs]
41.923: Total time for which application threads were stopped: 0.0046495 seconds, Stopping threads took: 0.0000193 seconds
41.991: [GC (Allocation Failure)  756907K->433379K(1023488K), 0.0048419 secs]
41.996: Total time for which application threads were stopped: 0.0050268 seconds, Stopping threads took: 0.0000198 seconds
42.063: [GC (Allocation Failure)  756963K->441349K(1035264K), 0.0046333 secs]
42.067: Total time for which application threads were stopped: 0.0048144 seconds, Stopping threads took: 0.0000259 seconds
42.136: [GC (Allocation Failure)  763909K->441381K(1030144K), 0.0044078 secs]
42.141: Total time for which application threads were stopped: 0.0045784 seconds, Stopping threads took: 0.0000206 seconds
42.208: [GC (Allocation Failure)  763941K->441413K(1034752K), 0.0048277 secs]
42.213: Total time for which application threads were stopped: 0.0049992 seconds, Stopping threads took: 0.0000206 seconds
42.280: [GC (Allocation Failure)  762949K->449384K(1034752K), 0.0048458 secs]
42.285: Total time for which application threads were stopped: 0.0050224 seconds, Stopping threads took: 0.0000187 seconds
42.355: [GC (Allocation Failure)  770920K->449352K(1033728K), 0.0044828 secs]
42.360: Total time for which application threads were stopped: 0.0046457 seconds, Stopping threads took: 0.0000203 seconds
42.428: [GC (Allocation Failure)  769864K->449640K(1034240K), 0.0045326 secs]
42.432: Total time for which application threads were stopped: 0.0047076 seconds, Stopping threads took: 0.0000184 seconds
42.501: [GC (Allocation Failure)  770152K->457418K(1034240K), 0.0051901 secs]
42.507: Total time for which application threads were stopped: 0.0054098 seconds, Stopping threads took: 0.0000281 seconds
42.576: [GC (Allocation Failure)  777930K->457418K(1034240K), 0.0044954 secs]
42.581: Total time for which application threads were stopped: 0.0046745 seconds, Stopping threads took: 0.0000262 seconds
42.648: [GC (Allocation Failure)  777930K->457866K(1034240K), 0.0048076 secs]
42.653: Total time for which application threads were stopped: 0.0049800 seconds, Stopping threads took: 0.0000260 seconds
42.721: [GC (Allocation Failure)  778378K->465420K(1028096K), 0.0045744 secs]
42.725: Total time for which application threads were stopped: 0.0047429 seconds, Stopping threads took: 0.0000200 seconds
42.792: [GC (Allocation Failure)  785932K->465484K(1033728K), 0.0045117 secs]
42.796: Total time for which application threads were stopped: 0.0046711 seconds, Stopping threads took: 0.0000189 seconds
42.861: [GC (Allocation Failure)  784972K->465580K(1033728K), 0.0048362 secs]
42.866: Total time for which application threads were stopped: 0.0050127 seconds, Stopping threads took: 0.0000203 seconds
42.936: [GC (Allocation Failure)  785068K->473486K(1033728K), 0.0045946 secs]
42.940: Total time for which application threads were stopped: 0.0047650 seconds, Stopping threads took: 0.0000201 seconds
43.009: [GC (Allocation Failure)  792974K->473518K(1033728K), 0.0046031 secs]
43.014: Total time for which application threads were stopped: 0.0047715 seconds, Stopping threads took: 0.0000201 seconds
43.081: [GC (Allocation Failure)  793006K->473542K(1033728K), 0.0046683 secs]
43.085: Total time for which application threads were stopped: 0.0048258 seconds, Stopping threads took: 0.0000190 seconds
43.151: [GC (Allocation Failure)  793030K->481513K(1027072K), 0.0046586 secs]
43.155: Total time for which application threads were stopped: 0.0048508 seconds, Stopping threads took: 0.0000201 seconds
43.222: [GC (Allocation Failure)  801000K->477606K(1034240K), 0.0037561 secs]
43.225: Total time for which application threads were stopped: 0.0039019 seconds, Stopping threads took: 0.0000159 seconds
43.293: [GC (Allocation Failure)  797094K->481673K(1033216K), 0.0049755 secs]
43.298: Total time for which application threads were stopped: 0.0051444 seconds, Stopping threads took: 0.0000198 seconds
43.366: [GC (Allocation Failure)  801161K->485641K(1034752K), 0.0046472 secs]
43.371: Total time for which application threads were stopped: 0.0048188 seconds, Stopping threads took: 0.0000204 seconds
43.437: [GC (Allocation Failure)  807177K->478886K(1034752K), 0.0019983 secs]
43.440: Total time for which application threads were stopped: 0.0021371 seconds, Stopping threads took: 0.0000195 seconds
43.509: [GC (Allocation Failure)  800422K->485673K(1034752K), 0.0062332 secs]
43.516: Total time for which application threads were stopped: 0.0063817 seconds, Stopping threads took: 0.0000180 seconds
43.582: [GC (Allocation Failure)  807209K->489785K(1034752K), 0.0054627 secs]
43.588: Total time for which application threads were stopped: 0.0056349 seconds, Stopping threads took: 0.0000260 seconds
43.653: [GC (Allocation Failure)  811321K->484246K(1034752K), 0.0024996 secs]
43.656: Total time for which application threads were stopped: 0.0026402 seconds, Stopping threads took: 0.0000173 seconds
43.725: [GC (Allocation Failure)  805782K->490057K(1034752K), 0.0045826 secs]
43.729: Total time for which application threads were stopped: 0.0047412 seconds, Stopping threads took: 0.0000192 seconds
43.798: [GC (Allocation Failure)  811593K->493929K(1034752K), 0.0050864 secs]
43.803: Total time for which application threads were stopped: 0.0052448 seconds, Stopping threads took: 0.0000201 seconds
43.870: [GC (Allocation Failure)  816417K->490022K(1035264K), 0.0033384 secs]
43.873: Total time for which application threads were stopped: 0.0035278 seconds, Stopping threads took: 0.0000195 seconds
43.943: [GC (Allocation Failure)  812582K->494081K(1036288K), 0.0049449 secs]
43.948: Total time for which application threads were stopped: 0.0051144 seconds, Stopping threads took: 0.0000281 seconds
44.018: [GC (Allocation Failure)  818177K->498049K(1035776K), 0.0046509 secs]
44.023: Total time for which application threads were stopped: 0.0048192 seconds, Stopping threads took: 0.0000192 seconds
44.092: [GC (Allocation Failure)  822145K->498081K(1035776K), 0.0044418 secs]
44.097: Total time for which application threads were stopped: 0.0046124 seconds, Stopping threads took: 0.0000280 seconds
44.165: [GC (Allocation Failure)  821665K->498121K(1023488K), 0.0048496 secs]
44.170: Total time for which application threads were stopped: 0.0050124 seconds, Stopping threads took: 0.0000200 seconds
44.236: [GC (Allocation Failure)  821705K->506091K(1035264K), 0.0047653 secs]
44.241: Total time for which application threads were stopped: 0.0049277 seconds, Stopping threads took: 0.0000202 seconds
44.309: [GC (Allocation Failure)  828651K->506123K(1030144K), 0.0045280 secs]
44.314: Total time for which application threads were stopped: 0.0047210 seconds, Stopping threads took: 0.0000202 seconds
44.382: [GC (Allocation Failure)  828683K->506155K(1034752K), 0.0049467 secs]
44.387: Total time for which application threads were stopped: 0.0051000 seconds, Stopping threads took: 0.0000156 seconds
44.455: [GC (Allocation Failure)  827691K->514125K(1034752K), 0.0048810 secs]
44.460: Total time for which application threads were stopped: 0.0050406 seconds, Stopping threads took: 0.0000192 seconds
44.530: [GC (Allocation Failure)  835661K->514093K(1033728K), 0.0045766 secs]
44.535: Total time for which application threads were stopped: 0.0047430 seconds, Stopping threads took: 0.0000199 seconds
44.603: [GC (Allocation Failure)  834605K->514349K(1034240K), 0.0047818 secs]
44.608: Total time for which application threads were stopped: 0.0049432 seconds, Stopping threads took: 0.0000194 seconds
44.676: [GC (Allocation Failure)  834861K->522159K(1034240K), 0.0047483 secs]
44.680: Total time for which application threads were stopped: 0.0049214 seconds, Stopping threads took: 0.0000263 seconds
44.750: [GC (Allocation Failure)  842671K->522159K(1034240K), 0.0048738 secs]
44.755: Total time for which application threads were stopped: 0.0050418 seconds, Stopping threads took: 0.0000194 seconds
44.823: [GC (Allocation Failure)  842671K->522599K(1033216K), 0.0048450 secs]
44.828: Total time for which application threads were stopped: 0.0050144 seconds, Stopping threads took: 0.0000196 seconds
44.896: [GC (Allocation Failure)  842087K->530218K(1033728K), 0.0048768 secs]
44.901: Total time for which application threads were stopped: 0.0050477 seconds, Stopping threads took: 0.0000204 seconds
44.969: [GC (Allocation Failure)  849706K->530186K(1033728K), 0.0046180 secs]
44.973: Total time for which application threads were stopped: 0.0047788 seconds, Stopping threads took: 0.0000197 seconds
45.040: [GC (Allocation Failure)  849674K->530314K(1033728K), 0.0049568 secs]
45.045: Total time for which application threads were stopped: 0.0051172 seconds, Stopping threads took: 0.0000190 seconds
45.114: [GC (Allocation Failure)  849802K->538252K(1033728K), 0.0046447 secs]
45.119: Total time for which application threads were stopped: 0.0048221 seconds, Stopping threads took: 0.0000270 seconds
45.186: [GC (Allocation Failure)  857740K->538252K(1033728K), 0.0046382 secs]
45.191: Total time for which application threads were stopped: 0.0048089 seconds, Stopping threads took: 0.0000204 seconds
45.258: [GC (Allocation Failure)  857740K->538284K(1033728K), 0.0050925 secs]
45.263: Total time for which application threads were stopped: 0.0052729 seconds, Stopping threads took: 0.0000280 seconds
45.331: [GC (Allocation Failure)  857772K->546254K(1027072K), 0.0049314 secs]
45.336: Total time for which application threads were stopped: 0.0051025 seconds, Stopping threads took: 0.0000200 seconds
45.401: [GC (Allocation Failure)  865742K->542380K(1034240K), 0.0037426 secs]
45.405: Total time for which application threads were stopped: 0.0039089 seconds, Stopping threads took: 0.0000219 seconds
45.472: [GC (Allocation Failure)  861868K->546422K(1033216K), 0.0052265 secs]
45.477: Total time for which application threads were stopped: 0.0053955 seconds, Stopping threads took: 0.0000196 seconds
45.546: [GC (Allocation Failure)  865910K->550390K(1034752K), 0.0046116 secs]
45.550: Total time for which application threads were stopped: 0.0047689 seconds, Stopping threads took: 0.0000197 seconds
45.617: [GC (Allocation Failure)  871926K->543636K(1034752K), 0.0020036 secs]
45.619: Total time for which application threads were stopped: 0.0021640 seconds, Stopping threads took: 0.0000274 seconds
45.688: [GC (Allocation Failure)  865172K->550422K(1034752K), 0.0046618 secs]
45.693: Total time for which application threads were stopped: 0.0048168 seconds, Stopping threads took: 0.0000172 seconds
45.759: [GC (Allocation Failure)  871958K->554534K(1034752K), 0.0058777 secs]
45.765: Total time for which application threads were stopped: 0.0060486 seconds, Stopping threads took: 0.0000200 seconds
45.830: [GC (Allocation Failure)  876070K->548964K(1034752K), 0.0026444 secs]
45.833: Total time for which application threads were stopped: 0.0027831 seconds, Stopping threads took: 0.0000166 seconds
45.900: [GC (Allocation Failure)  870500K->554830K(1034752K), 0.0048117 secs]
45.905: Total time for which application threads were stopped: 0.0050164 seconds, Stopping threads took: 0.0000199 seconds
45.974: [GC (Allocation Failure)  876366K->558670K(1034752K), 0.0051710 secs]
45.979: Total time for which application threads were stopped: 0.0053208 seconds, Stopping threads took: 0.0000172 seconds
46.046: [GC (Allocation Failure)  881159K->554764K(1035264K), 0.0037343 secs]
46.050: Total time for which application threads were stopped: 0.0039035 seconds, Stopping threads took: 0.0000193 seconds
46.120: [GC (Allocation Failure)  877324K->558822K(1036288K), 0.0050587 secs]
46.125: Total time for which application threads were stopped: 0.0052291 seconds, Stopping threads took: 0.0000284 seconds
46.194: [GC (Allocation Failure)  882918K->562822K(1035776K), 0.0047632 secs]
46.199: Total time for which application threads were stopped: 0.0049350 seconds, Stopping threads took: 0.0000206 seconds
46.268: [GC (Allocation Failure)  886918K->562790K(1035776K), 0.0047570 secs]
46.273: Total time for which application threads were stopped: 0.0049353 seconds, Stopping threads took: 0.0000205 seconds
46.340: [GC (Allocation Failure)  886374K->562854K(1023488K), 0.0048846 secs]
46.345: Total time for which application threads were stopped: 0.0050449 seconds, Stopping threads took: 0.0000192 seconds
46.411: [GC (Allocation Failure)  886438K->570824K(1035264K), 0.0047249 secs]
46.416: Total time for which application threads were stopped: 0.0048841 seconds, Stopping threads took: 0.0000195 seconds
46.484: [GC (Allocation Failure)  893384K->570824K(1030144K), 0.0065875 secs]
46.490: Total time for which application threads were stopped: 0.0067546 seconds, Stopping threads took: 0.0000214 seconds
46.559: [GC (Allocation Failure)  893384K->570888K(1034752K), 0.0047738 secs]
46.563: Total time for which application threads were stopped: 0.0049423 seconds, Stopping threads took: 0.0000341 seconds
46.631: [GC (Allocation Failure)  892424K->578859K(1034752K), 0.0049527 secs]
46.636: Total time for which application threads were stopped: 0.0051135 seconds, Stopping threads took: 0.0000201 seconds
46.706: [GC (Allocation Failure)  900395K->578891K(1033728K), 0.0046886 secs]
46.710: Total time for which application threads were stopped: 0.0048564 seconds, Stopping threads took: 0.0000191 seconds
46.779: [GC (Allocation Failure)  899403K->579083K(1034240K), 0.0050344 secs]
46.784: Total time for which application threads were stopped: 0.0051960 seconds, Stopping threads took: 0.0000193 seconds
46.852: [GC (Allocation Failure)  899595K->586925K(1034240K), 0.0047812 secs]
46.857: Total time for which application threads were stopped: 0.0049432 seconds, Stopping threads took: 0.0000191 seconds
46.927: [GC (Allocation Failure)  907437K->586893K(1034240K), 0.0048671 secs]
46.932: Total time for which application threads were stopped: 0.0050377 seconds, Stopping threads took: 0.0000202 seconds
46.999: [GC (Allocation Failure)  907405K->587309K(1033216K), 0.0051150 secs]
47.004: Total time for which application threads were stopped: 0.0052772 seconds, Stopping threads took: 0.0000202 seconds
47.071: [GC (Allocation Failure)  906797K->594959K(1033728K), 0.0047840 secs]
47.076: Total time for which application threads were stopped: 0.0049518 seconds, Stopping threads took: 0.0000261 seconds
47.144: [GC (Allocation Failure)  914447K->594959K(1033728K), 0.0047055 secs]
47.148: Total time for which application threads were stopped: 0.0048794 seconds, Stopping threads took: 0.0000279 seconds
47.213: [GC (Allocation Failure)  914447K->595087K(1033728K), 0.0064912 secs]
47.220: Total time for which application threads were stopped: 0.0066502 seconds, Stopping threads took: 0.0000197 seconds
47.288: [GC (Allocation Failure)  914575K->602994K(1033728K), 0.0048223 secs]
47.292: Total time for which application threads were stopped: 0.0049822 seconds, Stopping threads took: 0.0000195 seconds
47.362: [GC (Allocation Failure)  922482K->602962K(1033728K), 0.0047614 secs]
47.366: Total time for which application threads were stopped: 0.0049265 seconds, Stopping threads took: 0.0000195 seconds
47.433: [GC (Allocation Failure)  922450K->603018K(1033728K), 0.0055073 secs]
47.439: Total time for which application threads were stopped: 0.0056763 seconds, Stopping threads took: 0.0000194 seconds
47.506: [GC (Allocation Failure)  922506K->610988K(1027072K), 0.0087975 secs]
47.515: Total time for which application threads were stopped: 0.0089580 seconds, Stopping threads took: 0.0000267 seconds
47.581: [GC (Allocation Failure)  930475K->607082K(1034240K), 0.0039083 secs]
47.585: Total time for which application threads were stopped: 0.0040740 seconds, Stopping threads took: 0.0000263 seconds
47.653: [GC (Allocation Failure)  926570K->611156K(1033216K), 0.0050300 secs]
47.658: Total time for which application threads were stopped: 0.0051915 seconds, Stopping threads took: 0.0000194 seconds
47.727: [GC (Allocation Failure)  930644K->615124K(1034752K), 0.0048642 secs]
47.732: Total time for which application threads were stopped: 0.0050604 seconds, Stopping threads took: 0.0000201 seconds
47.800: [GC (Allocation Failure)  936660K->608370K(1034752K), 0.0022027 secs]
47.802: Total time for which application threads were stopped: 0.0023466 seconds, Stopping threads took: 0.0000164 seconds
47.871: [GC (Allocation Failure)  929906K->615196K(1034752K), 0.0046250 secs]
47.876: Total time for which application threads were stopped: 0.0047890 seconds, Stopping threads took: 0.0000254 seconds
47.943: [GC (Allocation Failure)  936732K->619276K(1034752K), 0.0057549 secs]
47.948: Total time for which application threads were stopped: 0.0059436 seconds, Stopping threads took: 0.0000194 seconds
48.015: [GC (Allocation Failure)  940812K->613706K(1034752K), 0.0029334 secs]
48.018: Total time for which application threads were stopped: 0.0030862 seconds, Stopping threads took: 0.0000189 seconds
48.086: [GC (Allocation Failure)  935242K->619580K(1034752K), 0.0048263 secs]
48.090: Total time for which application threads were stopped: 0.0050045 seconds, Stopping threads took: 0.0000279 seconds
48.157: [GC (Allocation Failure)  941116K->623420K(1035264K), 0.0053104 secs]
48.163: Total time for which application threads were stopped: 0.0054718 seconds, Stopping threads took: 0.0000196 seconds
48.231: [GC (Allocation Failure)  945908K->619514K(1035264K), 0.0036773 secs]
48.235: Total time for which application threads were stopped: 0.0038535 seconds, Stopping threads took: 0.0000191 seconds
48.305: [GC (Allocation Failure)  942074K->623588K(1036288K), 0.0052733 secs]
48.310: Total time for which application threads were stopped: 0.0054410 seconds, Stopping threads took: 0.0000199 seconds
48.377: [GC (Allocation Failure)  947684K->627556K(1035776K), 0.0048706 secs]
48.382: Total time for which application threads were stopped: 0.0050616 seconds, Stopping threads took: 0.0000194 seconds
48.452: [GC (Allocation Failure)  951652K->627556K(1035776K), 0.0049565 secs]
48.457: Total time for which application threads were stopped: 0.0051066 seconds, Stopping threads took: 0.0000172 seconds
48.526: [GC (Allocation Failure)  951140K->627620K(1023488K), 0.0050966 secs]
48.531: Total time for which application threads were stopped: 0.0052683 seconds, Stopping threads took: 0.0000201 seconds
48.599: [GC (Allocation Failure)  951204K->635590K(1035264K), 0.0048370 secs]
48.604: Total time for which application threads were stopped: 0.0050162 seconds, Stopping threads took: 0.0000273 seconds
48.672: [GC (Allocation Failure)  958150K->635590K(1030144K), 0.0048896 secs]
48.677: Total time for which application threads were stopped: 0.0050522 seconds, Stopping threads took: 0.0000204 seconds
48.745: [GC (Allocation Failure)  958150K->635654K(1034752K), 0.0050149 secs]
48.750: Total time for which application threads were stopped: 0.0051917 seconds, Stopping threads took: 0.0000281 seconds
48.818: [GC (Allocation Failure)  957190K->643624K(1034752K), 0.0049397 secs]
48.823: Total time for which application threads were stopped: 0.0050999 seconds, Stopping threads took: 0.0000202 seconds
48.892: [GC (Allocation Failure)  965160K->643624K(1033728K), 0.0047021 secs]
48.897: Total time for which application threads were stopped: 0.0048670 seconds, Stopping threads took: 0.0000196 seconds
48.964: [GC (Allocation Failure)  964136K->643872K(1034240K), 0.0048315 secs]
48.969: Total time for which application threads were stopped: 0.0050254 seconds, Stopping threads took: 0.0000195 seconds
49.039: [GC (Allocation Failure)  964384K->651651K(1034240K), 0.0047025 secs]
49.043: Total time for which application threads were stopped: 0.0048592 seconds, Stopping threads took: 0.0000171 seconds
49.112: [GC (Allocation Failure)  972163K->651651K(1034240K), 0.0048830 secs]
49.117: Total time for which application threads were stopped: 0.0050744 seconds, Stopping threads took: 0.0000199 seconds
49.186: [GC (Allocation Failure)  972163K->652067K(1033216K), 0.0052907 secs]
49.191: Total time for which application threads were stopped: 0.0054474 seconds, Stopping threads took: 0.0000170 seconds
49.259: [GC (Allocation Failure)  971555K->659685K(1033728K), 0.0048404 secs]
49.264: Total time for which application threads were stopped: 0.0050326 seconds, Stopping threads took: 0.0000197 seconds
49.333: [GC (Allocation Failure)  979173K->659717K(1033728K), 0.0049727 secs]
49.338: Total time for which application threads were stopped: 0.0051305 seconds, Stopping threads took: 0.0000189 seconds
49.403: [GC (Allocation Failure)  979205K->659837K(1033728K), 0.0051040 secs]
49.408: Total time for which application threads were stopped: 0.0052723 seconds, Stopping threads took: 0.0000197 seconds
49.476: [GC (Allocation Failure)  979325K->667743K(1033728K), 0.0048849 secs]
49.481: Total time for which application threads were stopped: 0.0050738 seconds, Stopping threads took: 0.0000196 seconds
49.550: [GC (Allocation Failure)  987231K->667679K(1033728K), 0.0048418 secs]
49.555: Total time for which application threads were stopped: 0.0049881 seconds, Stopping threads took: 0.0000167 seconds
49.623: [GC (Allocation Failure)  987167K->667783K(1033728K), 0.0051713 secs]
49.629: Total time for which application threads were stopped: 0.0053394 seconds, Stopping threads took: 0.0000248 seconds
49.696: [GC (Allocation Failure)  987271K->675817K(1027072K), 0.0051208 secs]
49.702: Total time for which application threads were stopped: 0.0052854 seconds, Stopping threads took: 0.0000204 seconds
49.767: [GC (Allocation Failure)  995305K->671879K(1034240K), 0.0041844 secs]
49.771: Total time for which application threads were stopped: 0.0043892 seconds, Stopping threads took: 0.0000255 seconds
49.841: [GC (Allocation Failure)  991367K->675913K(1033216K), 0.0052205 secs]
49.846: Total time for which application threads were stopped: 0.0053798 seconds, Stopping threads took: 0.0000186 seconds
49.913: [GC (Allocation Failure)  995401K->679913K(1034752K), 0.0050838 secs]
49.919: Total time for which application threads were stopped: 0.0052440 seconds, Stopping threads took: 0.0000192 seconds
49.985: [GC (Allocation Failure)  1001449K->673127K(1034752K), 0.0023229 secs]
49.987: Total time for which application threads were stopped: 0.0024707 seconds, Stopping threads took: 0.0000185 seconds
50.054: [GC (Allocation Failure)  994663K->679977K(1034752K), 0.0050977 secs]
50.060: Total time for which application threads were stopped: 0.0052640 seconds, Stopping threads took: 0.0000223 seconds
50.127: [GC (Allocation Failure)  1001513K->684017K(1034752K), 0.0061012 secs]
50.133: Total time for which application threads were stopped: 0.0062782 seconds, Stopping threads took: 0.0000197 seconds
50.200: [GC (Allocation Failure)  1005553K->678479K(1034752K), 0.0030040 secs]
50.203: Total time for which application threads were stopped: 0.0031614 seconds, Stopping threads took: 0.0000207 seconds
50.270: [GC (Allocation Failure)  1000015K->684313K(1034752K), 0.0049451 secs]
50.275: Total time for which application threads were stopped: 0.0051118 seconds, Stopping threads took: 0.0000212 seconds
50.342: [GC (Allocation Failure)  1005849K->688153K(1035264K), 0.0054234 secs]
50.347: Total time for which application threads were stopped: 0.0056130 seconds, Stopping threads took: 0.0000191 seconds
50.415: [GC (Allocation Failure)  1010642K->684279K(1035264K), 0.0040141 secs]
50.419: Total time for which application threads were stopped: 0.0041708 seconds, Stopping threads took: 0.0000173 seconds
50.487: [GC (Allocation Failure)  1006839K->688313K(1036288K), 0.0096043 secs]
50.497: Total time for which application threads were stopped: 0.0097966 seconds, Stopping threads took: 0.0000194 seconds
50.567: [GC (Allocation Failure)  1012409K->692281K(1035776K), 0.0048868 secs]
50.572: Total time for which application threads were stopped: 0.0050449 seconds, Stopping threads took: 0.0000281 seconds
50.643: [GC (Allocation Failure)  1016377K->692281K(1035776K), 0.0049531 secs]
50.648: Total time for which application threads were stopped: 0.0051443 seconds, Stopping threads took: 0.0000249 seconds
50.716: [GC (Allocation Failure)  1015865K->692353K(1023488K), 0.0052356 secs]
50.722: [Full GC (Ergonomics)  692353K->8560K(1023488K), 0.0116363 secs]
50.733: Total time for which application threads were stopped: 0.0171443 seconds, Stopping threads took: 0.0000279 seconds
50.800: [GC (Allocation Failure)  332144K->16850K(1035264K), 0.0038617 secs]
50.804: Total time for which application threads were stopped: 0.0040121 seconds, Stopping threads took: 0.0000175 seconds
50.872: [GC (Allocation Failure)  339410K->16850K(1030144K), 0.0035282 secs]
50.875: Total time for which application threads were stopped: 0.0036870 seconds, Stopping threads took: 0.0000198 seconds
50.943: [GC (Allocation Failure)  339410K->16914K(1034752K), 0.0041245 secs]
50.947: Total time for which application threads were stopped: 0.0043031 seconds, Stopping threads took: 0.0000270 seconds
51.015: [GC (Allocation Failure)  338450K->24917K(1029120K), 0.0037770 secs]
51.019: Total time for which application threads were stopped: 0.0039353 seconds, Stopping threads took: 0.0000165 seconds
51.088: [GC (Allocation Failure)  346453K->24885K(1034240K), 0.0036168 secs]
51.091: Total time for which application threads were stopped: 0.0037931 seconds, Stopping threads took: 0.0000281 seconds
51.161: [GC (Allocation Failure)  345397K->25117K(1034240K), 0.0040916 secs]
51.165: Total time for which application threads were stopped: 0.0042600 seconds, Stopping threads took: 0.0000223 seconds
51.234: [GC (Allocation Failure)  345629K->32927K(1034240K), 0.0037749 secs]
51.238: Total time for which application threads were stopped: 0.0039421 seconds, Stopping threads took: 0.0000194 seconds
51.306: [GC (Allocation Failure)  353439K->32927K(1034240K), 0.0037380 secs]
51.310: Total time for which application threads were stopped: 0.0038978 seconds, Stopping threads took: 0.0000196 seconds
51.377: [GC (Allocation Failure)  353439K->33351K(1033216K), 0.0038811 secs]
51.381: Total time for which application threads were stopped: 0.0040446 seconds, Stopping threads took: 0.0000192 seconds
51.448: [GC (Allocation Failure)  352839K->41001K(1033728K), 0.0045660 secs]
51.453: Total time for which application threads were stopped: 0.0047597 seconds, Stopping threads took: 0.0000200 seconds
51.523: [GC (Allocation Failure)  360489K->40969K(1033728K), 0.0038949 secs]
51.527: Total time for which application threads were stopped: 0.0040534 seconds, Stopping threads took: 0.0000199 seconds
51.592: [GC (Allocation Failure)  360457K->41065K(1033728K), 0.0047511 secs]
51.597: Total time for which application threads were stopped: 0.0049051 seconds, Stopping threads took: 0.0000201 seconds
51.666: [GC (Allocation Failure)  360553K->49003K(1033728K), 0.0037311 secs]
51.670: Total time for which application threads were stopped: 0.0039072 seconds, Stopping threads took: 0.0000259 seconds
51.737: [GC (Allocation Failure)  368491K->48971K(1033728K), 0.0036364 secs]
51.741: Total time for which application threads were stopped: 0.0037978 seconds, Stopping threads took: 0.0000207 seconds
51.808: [GC (Allocation Failure)  368459K->49059K(1033728K), 0.0040806 secs]
51.812: Total time for which application threads were stopped: 0.0042780 seconds, Stopping threads took: 0.0000198 seconds
51.880: [GC (Allocation Failure)  368547K->56998K(1027072K), 0.0038377 secs]
51.884: Total time for which application threads were stopped: 0.0039851 seconds, Stopping threads took: 0.0000165 seconds
51.951: [GC (Allocation Failure)  376485K->53155K(1034240K), 0.0027552 secs]
51.954: Total time for which application threads were stopped: 0.0029398 seconds, Stopping threads took: 0.0000199 seconds
52.024: [GC (Allocation Failure)  372643K->57198K(1033216K), 0.0042439 secs]
52.028: Total time for which application threads were stopped: 0.0044082 seconds, Stopping threads took: 0.0000191 seconds
52.096: [GC (Allocation Failure)  376686K->61166K(1034752K), 0.0036685 secs]
52.100: Total time for which application threads were stopped: 0.0038784 seconds, Stopping threads took: 0.0000267 seconds
52.167: [GC (Allocation Failure)  382702K->54411K(1034752K), 0.0011800 secs]
52.168: Total time for which application threads were stopped: 0.0013048 seconds, Stopping threads took: 0.0000200 seconds
52.236: [GC (Allocation Failure)  375947K->61230K(1034752K), 0.0036654 secs]
52.239: Total time for which application threads were stopped: 0.0038359 seconds, Stopping threads took: 0.0000202 seconds
52.305: [GC (Allocation Failure)  382766K->65302K(1034752K), 0.0049125 secs]
52.310: Total time for which application threads were stopped: 0.0050789 seconds, Stopping threads took: 0.0000218 seconds
52.375: [GC (Allocation Failure)  386838K->59763K(1034752K), 0.0016756 secs]
52.377: Total time for which application threads were stopped: 0.0018209 seconds, Stopping threads took: 0.0000201 seconds
52.444: [GC (Allocation Failure)  381299K->65606K(1034752K), 0.0065163 secs]
52.451: Total time for which application threads were stopped: 0.0066865 seconds, Stopping threads took: 0.0000194 seconds
52.519: [GC (Allocation Failure)  387142K->69478K(1034752K), 0.0041591 secs]
52.523: Total time for which application threads were stopped: 0.0042995 seconds, Stopping threads took: 0.0000172 seconds
52.593: [GC (Allocation Failure)  391966K->65571K(1035264K), 0.0025144 secs]
52.596: Total time for which application threads were stopped: 0.0026809 seconds, Stopping threads took: 0.0000263 seconds
52.664: [GC (Allocation Failure)  388131K->69606K(1036288K), 0.0040194 secs]
52.668: Total time for which application threads were stopped: 0.0041870 seconds, Stopping threads took: 0.0000205 seconds
52.736: [GC (Allocation Failure)  393702K->73574K(1035776K), 0.0038397 secs]
52.740: Total time for which application threads were stopped: 0.0040130 seconds, Stopping threads took: 0.0000205 seconds
52.809: [GC (Allocation Failure)  397670K->73574K(1035776K), 0.0037812 secs]
52.813: Total time for which application threads were stopped: 0.0039610 seconds, Stopping threads took: 0.0000196 seconds
52.881: [GC (Allocation Failure)  397158K->73630K(1023488K), 0.0040774 secs]
52.885: Total time for which application threads were stopped: 0.0042409 seconds, Stopping threads took: 0.0000204 seconds
52.952: [GC (Allocation Failure)  397214K->81600K(1035264K), 0.0039236 secs]
52.956: Total time for which application threads were stopped: 0.0040863 seconds, Stopping threads took: 0.0000194 seconds
53.024: [GC (Allocation Failure)  404160K->81600K(1030144K), 0.0037796 secs]
53.028: Total time for which application threads were stopped: 0.0039766 seconds, Stopping threads took: 0.0000210 seconds
53.098: [GC (Allocation Failure)  404160K->81632K(1034752K), 0.0064739 secs]
53.104: Total time for which application threads were stopped: 0.0066454 seconds, Stopping threads took: 0.0000256 seconds
53.172: [GC (Allocation Failure)  403168K->89634K(1034752K), 0.0040798 secs]
53.177: Total time for which application threads were stopped: 0.0042400 seconds, Stopping threads took: 0.0000193 seconds
53.244: [GC (Allocation Failure)  411170K->89634K(1033728K), 0.0037343 secs]
53.248: Total time for which application threads were stopped: 0.0038914 seconds, Stopping threads took: 0.0000188 seconds
53.315: [GC (Allocation Failure)  410146K->89858K(1034240K), 0.0041451 secs]
53.319: Total time for which application threads were stopped: 0.0043052 seconds, Stopping threads took: 0.0000195 seconds
53.387: [GC (Allocation Failure)  410370K->97668K(1034240K), 0.0038802 secs]
53.391: Total time for which application threads were stopped: 0.0040491 seconds, Stopping threads took: 0.0000277 seconds
53.458: [GC (Allocation Failure)  418180K->97668K(1034240K), 0.0064393 secs]
53.465: Total time for which application threads were stopped: 0.0066302 seconds, Stopping threads took: 0.0000192 seconds
53.534: [GC (Allocation Failure)  418180K->98116K(1033216K), 0.0041822 secs]
53.538: Total time for which application threads were stopped: 0.0043319 seconds, Stopping threads took: 0.0000170 seconds
53.606: [GC (Allocation Failure)  417604K->105703K(1033728K), 0.0038885 secs]
53.610: Total time for which application threads were stopped: 0.0040470 seconds, Stopping threads took: 0.0000263 seconds
53.677: [GC (Allocation Failure)  425191K->105703K(1033728K), 0.0037645 secs]
53.681: Total time for which application threads were stopped: 0.0039348 seconds, Stopping threads took: 0.0000200 seconds
53.746: [GC (Allocation Failure)  425191K->105863K(1033728K), 0.0041422 secs]
53.750: Total time for which application threads were stopped: 0.0043034 seconds, Stopping threads took: 0.0000197 seconds
53.818: [GC (Allocation Failure)  425351K->113769K(1033728K), 0.0039217 secs]
53.822: Total time for which application threads were stopped: 0.0040843 seconds, Stopping threads took: 0.0000203 seconds
53.889: [GC (Allocation Failure)  433257K->113737K(1033728K), 0.0040182 secs]
53.893: Total time for which application threads were stopped: 0.0041908 seconds, Stopping threads took: 0.0000201 seconds
53.960: [GC (Allocation Failure)  433225K->113801K(1033728K), 0.0039490 secs]
53.964: Total time for which application threads were stopped: 0.0041087 seconds, Stopping threads took: 0.0000192 seconds
54.030: [GC (Allocation Failure)  433289K->121803K(1027072K), 0.0040724 secs]
54.035: Total time for which application threads were stopped: 0.0042662 seconds, Stopping threads took: 0.0000198 seconds
54.102: [GC (Allocation Failure)  441291K->117897K(1034240K), 0.0028166 secs]
54.105: Total time for which application threads were stopped: 0.0029691 seconds, Stopping threads took: 0.0000257 seconds
54.172: [GC (Allocation Failure)  437385K->121931K(1033216K), 0.0040022 secs]
54.176: Total time for which application threads were stopped: 0.0041960 seconds, Stopping threads took: 0.0000202 seconds
54.246: [GC (Allocation Failure)  441419K->125899K(1034752K), 0.0039293 secs]
54.250: Total time for which application threads were stopped: 0.0040807 seconds, Stopping threads took: 0.0000170 seconds
54.317: [GC (Allocation Failure)  447435K->119145K(1034752K), 0.0013314 secs]
54.318: Total time for which application threads were stopped: 0.0014549 seconds, Stopping threads took: 0.0000194 seconds
54.388: [GC (Allocation Failure)  440681K->125939K(1034752K), 0.0039812 secs]
54.392: Total time for which application threads were stopped: 0.0041644 seconds, Stopping threads took: 0.0000197 seconds
54.458: [GC (Allocation Failure)  447475K->130083K(1034752K), 0.0048726 secs]
54.463: Total time for which application threads were stopped: 0.0050443 seconds, Stopping threads took: 0.0000199 seconds
54.529: [GC (Allocation Failure)  451619K->124481K(1034752K), 0.0018241 secs]
54.531: Total time for which application threads were stopped: 0.0019657 seconds, Stopping threads took: 0.0000197 seconds
54.598: [GC (Allocation Failure)  446017K->130323K(1034752K), 0.0039814 secs]
54.602: Total time for which application threads were stopped: 0.0041618 seconds, Stopping threads took: 0.0000189 seconds
54.669: [GC (Allocation Failure)  451859K->134195K(1034752K), 0.0042893 secs]
54.674: Total time for which application threads were stopped: 0.0044488 seconds, Stopping threads took: 0.0000193 seconds
54.740: [GC (Allocation Failure)  456684K->130289K(1035264K), 0.0026164 secs]
54.743: Total time for which application threads were stopped: 0.0028281 seconds, Stopping threads took: 0.0000188 seconds
54.813: [GC (Allocation Failure)  452849K->134355K(1036288K), 0.0042486 secs]
54.817: Total time for which application threads were stopped: 0.0044054 seconds, Stopping threads took: 0.0000175 seconds
54.885: [GC (Allocation Failure)  458451K->138323K(1035776K), 0.0039663 secs]
54.889: Total time for which application threads were stopped: 0.0041410 seconds, Stopping threads took: 0.0000198 seconds
54.960: [GC (Allocation Failure)  462419K->138323K(1035776K), 0.0038189 secs]
54.964: Total time for which application threads were stopped: 0.0040004 seconds, Stopping threads took: 0.0000205 seconds
55.031: [GC (Allocation Failure)  461907K->138395K(1023488K), 0.0042295 secs]
55.036: Total time for which application threads were stopped: 0.0044314 seconds, Stopping threads took: 0.0000199 seconds
55.103: [GC (Allocation Failure)  461979K->146365K(1035264K), 0.0041476 secs]
55.107: Total time for which application threads were stopped: 0.0043158 seconds, Stopping threads took: 0.0000262 seconds
55.177: [GC (Allocation Failure)  468925K->146397K(1030144K), 0.0065065 secs]
55.183: Total time for which application threads were stopped: 0.0066786 seconds, Stopping threads took: 0.0000203 seconds
55.251: [GC (Allocation Failure)  468957K->146405K(1034752K), 0.0041969 secs]
55.256: Total time for which application threads were stopped: 0.0043739 seconds, Stopping threads took: 0.0000201 seconds
55.323: [GC (Allocation Failure)  467941K->154408K(1029120K), 0.0041839 secs]
55.327: Total time for which application threads were stopped: 0.0043626 seconds, Stopping threads took: 0.0000217 seconds
55.395: [GC (Allocation Failure)  475944K->154440K(1034240K), 0.0039738 secs]
55.399: Total time for which application threads were stopped: 0.0041452 seconds, Stopping threads took: 0.0000204 seconds
55.466: [GC (Allocation Failure)  474952K->154664K(1034240K), 0.0039027 secs]
55.470: Total time for which application threads were stopped: 0.0040734 seconds, Stopping threads took: 0.0000203 seconds
55.538: [GC (Allocation Failure)  475176K->162442K(1034240K), 0.0040082 secs]
55.542: Total time for which application threads were stopped: 0.0041845 seconds, Stopping threads took: 0.0000190 seconds
55.612: [GC (Allocation Failure)  482954K->162442K(1034240K), 0.0040102 secs]
55.616: Total time for which application threads were stopped: 0.0041683 seconds, Stopping threads took: 0.0000166 seconds
55.683: [GC (Allocation Failure)  482954K->162890K(1033216K), 0.0041236 secs]
55.687: Total time for which application threads were stopped: 0.0042762 seconds, Stopping threads took: 0.0000177 seconds
55.757: [GC (Allocation Failure)  482378K->170476K(1033728K), 0.0039869 secs]
55.761: Total time for which application threads were stopped: 0.0041809 seconds, Stopping threads took: 0.0000199 seconds
55.830: [GC (Allocation Failure)  489964K->170508K(1033728K), 0.0041101 secs]
55.834: Total time for which application threads were stopped: 0.0042983 seconds, Stopping threads took: 0.0000200 seconds
55.901: [GC (Allocation Failure)  489996K->170596K(1033728K), 0.0043124 secs]
55.905: Total time for which application threads were stopped: 0.0044622 seconds, Stopping threads took: 0.0000168 seconds
55.973: [GC (Allocation Failure)  490084K->178535K(1033728K), 0.0039825 secs]
55.977: Total time for which application threads were stopped: 0.0041524 seconds, Stopping threads took: 0.0000203 seconds
56.044: [GC (Allocation Failure)  498023K->178535K(1033728K), 0.0039376 secs]
56.048: Total time for which application threads were stopped: 0.0040971 seconds, Stopping threads took: 0.0000194 seconds
56.115: [GC (Allocation Failure)  498023K->178567K(1033728K), 0.0040852 secs]
56.119: Total time for which application threads were stopped: 0.0042644 seconds, Stopping threads took: 0.0000275 seconds
56.186: [GC (Allocation Failure)  498055K->186537K(1027072K), 0.0043408 secs]
56.190: Total time for which application threads were stopped: 0.0045082 seconds, Stopping threads took: 0.0000198 seconds
56.256: [GC (Allocation Failure)  506024K->182631K(1034240K), 0.0029147 secs]
56.259: Total time for which application threads were stopped: 0.0030857 seconds, Stopping threads took: 0.0000191 seconds
56.329: [GC (Allocation Failure)  502119K->186665K(1033216K), 0.0041297 secs]
56.333: Total time for which application threads were stopped: 0.0043105 seconds, Stopping threads took: 0.0000166 seconds
56.402: [GC (Allocation Failure)  506153K->190665K(1034752K), 0.0040568 secs]
56.406: Total time for which application threads were stopped: 0.0042376 seconds, Stopping threads took: 0.0000167 seconds
56.474: [GC (Allocation Failure)  512201K->183911K(1034752K), 0.0012882 secs]
56.476: Total time for which application threads were stopped: 0.0014107 seconds, Stopping threads took: 0.0000165 seconds
56.546: [GC (Allocation Failure)  505447K->190737K(1034752K), 0.0039985 secs]
56.550: Total time for which application threads were stopped: 0.0041537 seconds, Stopping threads took: 0.0000170 seconds
56.616: [GC (Allocation Failure)  512273K->194817K(1034752K), 0.0048462 secs]
56.621: Total time for which application threads were stopped: 0.0050352 seconds, Stopping threads took: 0.0000268 seconds
56.688: [GC (Allocation Failure)  516353K->189247K(1034752K), 0.0020321 secs]
56.690: Total time for which application threads were stopped: 0.0021848 seconds, Stopping threads took: 0.0000197 seconds
56.760: [GC (Allocation Failure)  510783K->195057K(1034752K), 0.0041670 secs]
56.764: Total time for which application threads were stopped: 0.0043314 seconds, Stopping threads took: 0.0000206 seconds
56.832: [GC (Allocation Failure)  516593K->198993K(1034752K), 0.0045330 secs]
56.836: Total time for which application threads were stopped: 0.0047496 seconds, Stopping threads took: 0.0000207 seconds
56.904: [GC (Allocation Failure)  521481K->195055K(1035264K), 0.0029161 secs]
56.907: Total time for which application threads were stopped: 0.0030811 seconds, Stopping threads took: 0.0000198 seconds
56.977: [GC (Allocation Failure)  517615K->199113K(1036288K), 0.0043737 secs]
56.982: Total time for which application threads were stopped: 0.0045366 seconds, Stopping threads took: 0.0000192 seconds
57.050: [GC (Allocation Failure)  523209K->203081K(1035776K), 0.0039949 secs]
57.054: Total time for which application threads were stopped: 0.0041638 seconds, Stopping threads took: 0.0000192 seconds
57.123: [GC (Allocation Failure)  527177K->203081K(1035776K), 0.0039862 secs]
57.127: Total time for which application threads were stopped: 0.0041532 seconds, Stopping threads took: 0.0000200 seconds
57.195: [GC (Allocation Failure)  526665K->203137K(1023488K), 0.0041670 secs]
57.199: Total time for which application threads were stopped: 0.0043257 seconds, Stopping threads took: 0.0000193 seconds
57.268: [GC (Allocation Failure)  526721K->211107K(1035264K), 0.0042351 secs]
57.272: Total time for which application threads were stopped: 0.0044040 seconds, Stopping threads took: 0.0000212 seconds
57.340: [GC (Allocation Failure)  533667K->211139K(1030144K), 0.0040380 secs]
57.344: Total time for which application threads were stopped: 0.0042047 seconds, Stopping threads took: 0.0000212 seconds
57.414: [GC (Allocation Failure)  533699K->211163K(1034752K), 0.0066174 secs]
57.421: Total time for which application threads were stopped: 0.0067840 seconds, Stopping threads took: 0.0000213 seconds
57.489: [GC (Allocation Failure)  532699K->219133K(1034752K), 0.0091766 secs]
57.498: Total time for which application threads were stopped: 0.0093497 seconds, Stopping threads took: 0.0000221 seconds
57.567: [GC (Allocation Failure)  540669K->219133K(1033728K), 0.0041760 secs]
57.571: Total time for which application threads were stopped: 0.0043488 seconds, Stopping threads took: 0.0000201 seconds
57.640: [GC (Allocation Failure)  539645K->219357K(1034240K), 0.0044765 secs]
57.644: Total time for which application threads were stopped: 0.0046477 seconds, Stopping threads took: 0.0000200 seconds
57.712: [GC (Allocation Failure)  539869K->227168K(1034240K), 0.0041802 secs]
57.716: Total time for which application threads were stopped: 0.0043486 seconds, Stopping threads took: 0.0000192 seconds
57.786: [GC (Allocation Failure)  547680K->227168K(1034240K), 0.0041163 secs]
57.791: Total time for which application threads were stopped: 0.0043032 seconds, Stopping threads took: 0.0000214 seconds
57.859: [GC (Allocation Failure)  547680K->227624K(1033216K), 0.0042162 secs]
57.863: Total time for which application threads were stopped: 0.0043853 seconds, Stopping threads took: 0.0000192 seconds
57.932: [GC (Allocation Failure)  547112K->235210K(1033728K), 0.0040620 secs]
57.936: Total time for which application threads were stopped: 0.0042105 seconds, Stopping threads took: 0.0000166 seconds
58.006: [GC (Allocation Failure)  554698K->235242K(1033728K), 0.0041726 secs]
58.011: Total time for which application threads were stopped: 0.0043636 seconds, Stopping threads took: 0.0000201 seconds
58.077: [GC (Allocation Failure)  554730K->235338K(1033728K), 0.0042827 secs]
58.082: Total time for which application threads were stopped: 0.0044462 seconds, Stopping threads took: 0.0000278 seconds
58.151: [GC (Allocation Failure)  554826K->243276K(1033728K), 0.0040937 secs]
58.155: Total time for which application threads were stopped: 0.0042643 seconds, Stopping threads took: 0.0000282 seconds
58.222: [GC (Allocation Failure)  562764K->243276K(1033728K), 0.0043500 secs]
58.226: Total time for which application threads were stopped: 0.0045158 seconds, Stopping threads took: 0.0000196 seconds
58.293: [GC (Allocation Failure)  562764K->243300K(1033728K), 0.0045313 secs]
58.298: Total time for which application threads were stopped: 0.0046891 seconds, Stopping threads took: 0.0000195 seconds
58.366: [GC (Allocation Failure)  562788K->251302K(1027072K), 0.0044584 secs]
58.371: Total time for which application threads were stopped: 0.0046264 seconds, Stopping threads took: 0.0000194 seconds
58.437: [GC (Allocation Failure)  570790K->247332K(1034240K), 0.0031425 secs]
58.440: Total time for which application threads were stopped: 0.0032964 seconds, Stopping threads took: 0.0000189 seconds
58.511: [GC (Allocation Failure)  566820K->251358K(1033216K), 0.0052459 secs]
58.516: Total time for which application threads were stopped: 0.0054066 seconds, Stopping threads took: 0.0000249 seconds
58.584: [GC (Allocation Failure)  570846K->255358K(1034752K), 0.0040308 secs]
58.589: Total time for which application threads were stopped: 0.0042072 seconds, Stopping threads took: 0.0000266 seconds
58.657: [GC (Allocation Failure)  576894K->248604K(1034752K), 0.0014679 secs]
58.658: Total time for which application threads were stopped: 0.0015929 seconds, Stopping threads took: 0.0000186 seconds
58.725: [GC (Allocation Failure)  570140K->255462K(1034752K), 0.0040820 secs]
58.729: Total time for which application threads were stopped: 0.0042515 seconds, Stopping threads took: 0.0000196 seconds
58.795: [GC (Allocation Failure)  576998K->259542K(1034752K), 0.0051756 secs]
58.800: Total time for which application threads were stopped: 0.0053472 seconds, Stopping threads took: 0.0000198 seconds
58.868: [GC (Allocation Failure)  581078K->254004K(1034752K), 0.0022897 secs]
58.870: Total time for which application threads were stopped: 0.0024448 seconds, Stopping threads took: 0.0000202 seconds
58.939: [GC (Allocation Failure)  575540K->259814K(1034752K), 0.0044227 secs]
58.943: Total time for which application threads were stopped: 0.0046363 seconds, Stopping threads took: 0.0000214 seconds
59.012: [GC (Allocation Failure)  581350K->263686K(1035264K), 0.0045012 secs]
59.017: Total time for which application threads were stopped: 0.0046686 seconds, Stopping threads took: 0.0000190 seconds
59.084: [GC (Allocation Failure)  586175K->259812K(1035264K), 0.0029009 secs]
59.087: Total time for which application threads were stopped: 0.0030715 seconds, Stopping threads took: 0.0000265 seconds
59.155: [GC (Allocation Failure)  582372K->263814K(1036288K), 0.0044397 secs]
59.160: Total time for which application threads were stopped: 0.0046202 seconds, Stopping threads took: 0.0000264 seconds
59.229: [GC (Allocation Failure)  587910K->267814K(1035776K), 0.0040780 secs]
59.233: Total time for which application threads were stopped: 0.0042387 seconds, Stopping threads took: 0.0000202 seconds
59.301: [GC (Allocation Failure)  591910K->267846K(1035776K), 0.0041694 secs]
59.306: Total time for which application threads were stopped: 0.0043279 seconds, Stopping threads took: 0.0000191 seconds
59.375: [GC (Allocation Failure)  591430K->267878K(1023488K), 0.0043945 secs]
59.380: Total time for which application threads were stopped: 0.0045798 seconds, Stopping threads took: 0.0000281 seconds
59.447: [GC (Allocation Failure)  591462K->275817K(1035264K), 0.0042385 secs]
59.451: Total time for which application threads were stopped: 0.0043989 seconds, Stopping threads took: 0.0000198 seconds
59.520: [GC (Allocation Failure)  598377K->275913K(1030144K), 0.0040759 secs]
59.524: Total time for which application threads were stopped: 0.0042436 seconds, Stopping threads took: 0.0000201 seconds
59.592: [GC (Allocation Failure)  598473K->275913K(1034752K), 0.0042561 secs]
59.597: Total time for which application threads were stopped: 0.0044158 seconds, Stopping threads took: 0.0000194 seconds
59.665: [GC (Allocation Failure)  597449K->283915K(1029120K), 0.0042464 secs]
59.669: Total time for which application threads were stopped: 0.0044435 seconds, Stopping threads took: 0.0000253 seconds
59.739: [GC (Allocation Failure)  605451K->283883K(1034240K), 0.0040349 secs]
59.743: Total time for which application threads were stopped: 0.0042179 seconds, Stopping threads took: 0.0000194 seconds
59.810: [GC (Allocation Failure)  604395K->284139K(1034240K), 0.0045018 secs]
59.814: Total time for which application threads were stopped: 0.0046684 seconds, Stopping threads took: 0.0000197 seconds
59.882: [GC (Allocation Failure)  604651K->291917K(1034240K), 0.0042498 secs]
59.886: Total time for which application threads were stopped: 0.0044107 seconds, Stopping threads took: 0.0000193 seconds
59.954: [GC (Allocation Failure)  612429K->291949K(1034240K), 0.0043337 secs]
59.958: Total time for which application threads were stopped: 0.0044992 seconds, Stopping threads took: 0.0000191 seconds
60.026: [GC (Allocation Failure)  612461K->292325K(1033216K), 0.0044902 secs]
60.030: Total time for which application threads were stopped: 0.0046590 seconds, Stopping threads took: 0.0000204 seconds
60.098: [GC (Allocation Failure)  611813K->299975K(1033728K), 0.0042331 secs]
60.102: Total time for which application threads were stopped: 0.0044086 seconds, Stopping threads took: 0.0000265 seconds
60.170: [GC (Allocation Failure)  619463K->299943K(1033728K), 0.0041531 secs]
60.174: Total time for which application threads were stopped: 0.0043202 seconds, Stopping threads took: 0.0000194 seconds
60.240: [GC (Allocation Failure)  619431K->300071K(1033728K), 0.0042608 secs]
60.245: Total time for which application threads were stopped: 0.0044212 seconds, Stopping threads took: 0.0000191 seconds
60.312: [GC (Allocation Failure)  619559K->307978K(1033728K), 0.0047427 secs]
60.317: Total time for which application threads were stopped: 0.0049001 seconds, Stopping threads took: 0.0000195 seconds
60.384: [GC (Allocation Failure)  627466K->307978K(1033728K), 0.0051089 secs]
60.389: Total time for which application threads were stopped: 0.0052774 seconds, Stopping threads took: 0.0000193 seconds
60.457: [GC (Allocation Failure)  627466K->308042K(1033728K), 0.0043810 secs]
60.461: Total time for which application threads were stopped: 0.0045523 seconds, Stopping threads took: 0.0000204 seconds
60.529: [GC (Allocation Failure)  627530K->316012K(1027072K), 0.0043445 secs]
60.533: Total time for which application threads were stopped: 0.0045054 seconds, Stopping threads took: 0.0000195 seconds
60.599: [GC (Allocation Failure)  635500K->312106K(1034240K), 0.0031402 secs]
60.602: Total time for which application threads were stopped: 0.0032955 seconds, Stopping threads took: 0.0000256 seconds
60.670: [GC (Allocation Failure)  631594K->316164K(1033216K), 0.0045192 secs]
60.675: Total time for which application threads were stopped: 0.0046844 seconds, Stopping threads took: 0.0000207 seconds
60.742: [GC (Allocation Failure)  635652K->320132K(1034752K), 0.0042319 secs]
60.747: Total time for which application threads were stopped: 0.0044075 seconds, Stopping threads took: 0.0000202 seconds
60.813: [GC (Allocation Failure)  641668K->313378K(1034752K), 0.0016904 secs]
60.815: Total time for which application threads were stopped: 0.0018222 seconds, Stopping threads took: 0.0000191 seconds
60.883: [GC (Allocation Failure)  634914K->320196K(1034752K), 0.0043196 secs]
60.887: Total time for which application threads were stopped: 0.0044914 seconds, Stopping threads took: 0.0000201 seconds
60.953: [GC (Allocation Failure)  641732K->324308K(1034752K), 0.0052358 secs]
60.958: Total time for which application threads were stopped: 0.0054052 seconds, Stopping threads took: 0.0000209 seconds
61.024: [GC (Allocation Failure)  645844K->318706K(1034752K), 0.0021800 secs]
61.026: Total time for which application threads were stopped: 0.0023335 seconds, Stopping threads took: 0.0000196 seconds
61.096: [GC (Allocation Failure)  640242K->324548K(1034752K), 0.0044288 secs]
61.100: Total time for which application threads were stopped: 0.0046075 seconds, Stopping threads took: 0.0000275 seconds
61.168: [GC (Allocation Failure)  646084K->328420K(1035264K), 0.0046197 secs]
61.172: Total time for which application threads were stopped: 0.0047954 seconds, Stopping threads took: 0.0000258 seconds
61.239: [GC (Allocation Failure)  650908K->324482K(1035264K), 0.0031702 secs]
61.243: Total time for which application threads were stopped: 0.0033649 seconds, Stopping threads took: 0.0000202 seconds
61.313: [GC (Allocation Failure)  647042K->328580K(1036288K), 0.0046009 secs]
61.317: Total time for which application threads were stopped: 0.0047912 seconds, Stopping threads took: 0.0000191 seconds
61.386: [GC (Allocation Failure)  652676K->332548K(1035776K), 0.0042233 secs]
61.391: Total time for which application threads were stopped: 0.0043737 seconds, Stopping threads took: 0.0000171 seconds
61.459: [GC (Allocation Failure)  656644K->332548K(1035776K), 0.0041467 secs]
61.463: Total time for which application threads were stopped: 0.0043145 seconds, Stopping threads took: 0.0000197 seconds
61.532: [GC (Allocation Failure)  656132K->332612K(1023488K), 0.0044330 secs]
61.537: Total time for which application threads were stopped: 0.0045853 seconds, Stopping threads took: 0.0000174 seconds
61.603: [GC (Allocation Failure)  656196K->340582K(1035264K), 0.0043583 secs]
61.608: Total time for which application threads were stopped: 0.0045254 seconds, Stopping threads took: 0.0000263 seconds
61.675: [GC (Allocation Failure)  663142K->340614K(1030144K), 0.0042542 secs]
61.680: Total time for which application threads were stopped: 0.0044219 seconds, Stopping threads took: 0.0000189 seconds
61.749: [GC (Allocation Failure)  663174K->340646K(1034752K), 0.0043789 secs]
61.753: Total time for which application threads were stopped: 0.0045479 seconds, Stopping threads took: 0.0000195 seconds
61.821: [GC (Allocation Failure)  662182K->348617K(1029120K), 0.0044716 secs]
61.825: Total time for which application threads were stopped: 0.0046319 seconds, Stopping threads took: 0.0000199 seconds
61.895: [GC (Allocation Failure)  670153K->348617K(1034240K), 0.0043120 secs]
61.899: Total time for which application threads were stopped: 0.0044803 seconds, Stopping threads took: 0.0000190 seconds
61.967: [GC (Allocation Failure)  669129K->348873K(1034240K), 0.0043183 secs]
61.971: Total time for which application threads were stopped: 0.0044765 seconds, Stopping threads took: 0.0000189 seconds
62.039: [GC (Allocation Failure)  669385K->356683K(1034240K), 0.0045277 secs]
62.043: Total time for which application threads were stopped: 0.0046947 seconds, Stopping threads took: 0.0000199 seconds
62.112: [GC (Allocation Failure)  677195K->356683K(1034240K), 0.0044766 secs]
62.116: Total time for which application threads were stopped: 0.0047089 seconds, Stopping threads took: 0.0000463 seconds
62.183: [GC (Allocation Failure)  677195K->357059K(1033216K), 0.0047741 secs]
62.188: Total time for which application threads were stopped: 0.0049357 seconds, Stopping threads took: 0.0000192 seconds
62.258: [GC (Allocation Failure)  676547K->364677K(1033728K), 0.0043303 secs]
62.262: Total time for which application threads were stopped: 0.0044998 seconds, Stopping threads took: 0.0000196 seconds
62.330: [GC (Allocation Failure)  684165K->364677K(1033728K), 0.0044933 secs]
62.335: Total time for which application threads were stopped: 0.0046621 seconds, Stopping threads took: 0.0000196 seconds
62.400: [GC (Allocation Failure)  684165K->364797K(1033728K), 0.0046168 secs]
62.405: Total time for which application threads were stopped: 0.0048104 seconds, Stopping threads took: 0.0000197 seconds
62.474: [GC (Allocation Failure)  684285K->372735K(1033728K), 0.0043766 secs]
62.479: Total time for which application threads were stopped: 0.0045375 seconds, Stopping threads took: 0.0000196 seconds
62.547: [GC (Allocation Failure)  692223K->372703K(1033728K), 0.0042844 secs]
62.552: Total time for which application threads were stopped: 0.0044524 seconds, Stopping threads took: 0.0000196 seconds
62.620: [GC (Allocation Failure)  692191K->372775K(1033728K), 0.0043665 secs]
62.624: Total time for which application threads were stopped: 0.0045308 seconds, Stopping threads took: 0.0000258 seconds
62.693: [GC (Allocation Failure)  692263K->380746K(1027072K), 0.0044447 secs]
62.697: Total time for which application threads were stopped: 0.0046212 seconds, Stopping threads took: 0.0000169 seconds
62.762: [GC (Allocation Failure)  700233K->376839K(1034240K), 0.0034308 secs]
62.766: Total time for which application threads were stopped: 0.0035855 seconds, Stopping threads took: 0.0000189 seconds
62.833: [GC (Allocation Failure)  696327K->380898K(1033216K), 0.0046119 secs]
62.838: Total time for which application threads were stopped: 0.0047722 seconds, Stopping threads took: 0.0000192 seconds
62.905: [GC (Allocation Failure)  700386K->384866K(1034752K), 0.0044108 secs]
62.909: Total time for which application threads were stopped: 0.0045782 seconds, Stopping threads took: 0.0000198 seconds
62.976: [GC (Allocation Failure)  706402K->378111K(1034752K), 0.0018048 secs]
62.978: Total time for which application threads were stopped: 0.0019582 seconds, Stopping threads took: 0.0000200 seconds
63.046: [GC (Allocation Failure)  699647K->384970K(1034752K), 0.0044399 secs]
63.051: Total time for which application threads were stopped: 0.0045999 seconds, Stopping threads took: 0.0000200 seconds
63.117: [GC (Allocation Failure)  706506K->389018K(1034752K), 0.0054083 secs]
63.123: Total time for which application threads were stopped: 0.0055633 seconds, Stopping threads took: 0.0000285 seconds
63.190: [GC (Allocation Failure)  710554K->383447K(1034752K), 0.0023361 secs]
63.192: Total time for which application threads were stopped: 0.0024919 seconds, Stopping threads took: 0.0000171 seconds
63.261: [GC (Allocation Failure)  704983K->389314K(1034752K), 0.0044744 secs]
63.266: Total time for which application threads were stopped: 0.0046610 seconds, Stopping threads took: 0.0000217 seconds
63.334: [GC (Allocation Failure)  710850K->393154K(1035264K), 0.0049184 secs]
63.339: Total time for which application threads were stopped: 0.0050783 seconds, Stopping threads took: 0.0000176 seconds
63.406: [GC (Allocation Failure)  715642K->389247K(1035264K), 0.0034091 secs]
63.410: Total time for which application threads were stopped: 0.0035788 seconds, Stopping threads took: 0.0000196 seconds
63.478: [GC (Allocation Failure)  711807K->393322K(1036288K), 0.0046482 secs]
63.482: Total time for which application threads were stopped: 0.0048501 seconds, Stopping threads took: 0.0000519 seconds
63.551: [GC (Allocation Failure)  717418K->397258K(1035776K), 0.0043597 secs]
63.555: Total time for which application threads were stopped: 0.0045472 seconds, Stopping threads took: 0.0000190 seconds
63.625: [GC (Allocation Failure)  721354K->397258K(1035776K), 0.0043410 secs]
63.630: Total time for which application threads were stopped: 0.0045071 seconds, Stopping threads took: 0.0000165 seconds
63.699: [GC (Allocation Failure)  720842K->397354K(1023488K), 0.0046601 secs]
63.704: Total time for which application threads were stopped: 0.0048338 seconds, Stopping threads took: 0.0000251 seconds
63.771: [GC (Allocation Failure)  720938K->405356K(1035264K), 0.0045504 secs]
63.775: Total time for which application threads were stopped: 0.0047285 seconds, Stopping threads took: 0.0000199 seconds
63.843: [GC (Allocation Failure)  727916K->405356K(1030144K), 0.0044648 secs]
63.848: Total time for which application threads were stopped: 0.0046422 seconds, Stopping threads took: 0.0000198 seconds
63.915: [GC (Allocation Failure)  727916K->405388K(1034752K), 0.0046669 secs]
63.920: Total time for which application threads were stopped: 0.0048369 seconds, Stopping threads took: 0.0000205 seconds
63.988: [GC (Allocation Failure)  726924K->413390K(1029120K), 0.0047010 secs]
63.993: Total time for which application threads were stopped: 0.0048823 seconds, Stopping threads took: 0.0000334 seconds
64.061: [GC (Allocation Failure)  734926K->413358K(1034240K), 0.0043249 secs]
64.066: Total time for which application threads were stopped: 0.0044893 seconds, Stopping threads took: 0.0000187 seconds
64.134: [GC (Allocation Failure)  733870K->413606K(1034240K), 0.0046659 secs]
64.138: Total time for which application threads were stopped: 0.0048429 seconds, Stopping threads took: 0.0000277 seconds
64.206: [GC (Allocation Failure)  734118K->421384K(1034240K), 0.0043563 secs]
64.211: Total time for which application threads were stopped: 0.0045487 seconds, Stopping threads took: 0.0000195 seconds
64.281: [GC (Allocation Failure)  741896K->421384K(1034240K), 0.0046438 secs]
64.285: Total time for which application threads were stopped: 0.0048021 seconds, Stopping threads took: 0.0000193 seconds
64.353: [GC (Allocation Failure)  741896K->421832K(1033216K), 0.0045302 secs]
64.358: Total time for which application threads were stopped: 0.0046990 seconds, Stopping threads took: 0.0000197 seconds
64.425: [GC (Allocation Failure)  741320K->429419K(1033728K), 0.0045920 secs]
64.430: Total time for which application threads were stopped: 0.0047541 seconds, Stopping threads took: 0.0000197 seconds
64.498: [GC (Allocation Failure)  748907K->429387K(1033728K), 0.0047614 secs]
64.503: Total time for which application threads were stopped: 0.0049532 seconds, Stopping threads took: 0.0000274 seconds
64.569: [GC (Allocation Failure)  748875K->429579K(1033728K), 0.0049006 secs]
64.574: Total time for which application threads were stopped: 0.0050606 seconds, Stopping threads took: 0.0000193 seconds
64.643: [GC (Allocation Failure)  749067K->437453K(1033728K), 0.0051784 secs]
64.648: Total time for which application threads were stopped: 0.0053383 seconds, Stopping threads took: 0.0000203 seconds
64.716: [GC (Allocation Failure)  756941K->437453K(1033728K), 0.0044601 secs]
64.720: Total time for which application threads were stopped: 0.0046248 seconds, Stopping threads took: 0.0000191 seconds
64.787: [GC (Allocation Failure)  756941K->437509K(1033728K), 0.0048816 secs]
64.792: Total time for which application threads were stopped: 0.0050514 seconds, Stopping threads took: 0.0000202 seconds
64.861: [GC (Allocation Failure)  756997K->445479K(1027072K), 0.0045901 secs]
64.865: Total time for which application threads were stopped: 0.0047639 seconds, Stopping threads took: 0.0000216 seconds
64.932: [GC (Allocation Failure)  764967K->441605K(1034240K), 0.0034634 secs]
64.935: Total time for which application threads were stopped: 0.0036222 seconds, Stopping threads took: 0.0000203 seconds
65.005: [GC (Allocation Failure)  761093K->445639K(1033216K), 0.0051167 secs]
65.010: Total time for which application threads were stopped: 0.0052855 seconds, Stopping threads took: 0.0000194 seconds
65.079: [GC (Allocation Failure)  765127K->449575K(1034752K), 0.0043654 secs]
65.084: Total time for which application threads were stopped: 0.0045293 seconds, Stopping threads took: 0.0000187 seconds
65.152: [GC (Allocation Failure)  771111K->442853K(1034752K), 0.0018083 secs]
65.154: Total time for which application threads were stopped: 0.0019474 seconds, Stopping threads took: 0.0000167 seconds
65.223: [GC (Allocation Failure)  764389K->449671K(1034752K), 0.0045922 secs]
65.228: Total time for which application threads were stopped: 0.0047516 seconds, Stopping threads took: 0.0000191 seconds
65.294: [GC (Allocation Failure)  771207K->453783K(1034752K), 0.0056812 secs]
65.300: Total time for which application threads were stopped: 0.0058834 seconds, Stopping threads took: 0.0000217 seconds
65.366: [GC (Allocation Failure)  775319K->448213K(1034752K), 0.0026365 secs]
65.368: Total time for which application threads were stopped: 0.0028051 seconds, Stopping threads took: 0.0000225 seconds
65.438: [GC (Allocation Failure)  769749K->453991K(1034752K), 0.0046086 secs]
65.442: Total time for which application threads were stopped: 0.0047710 seconds, Stopping threads took: 0.0000195 seconds
65.510: [GC (Allocation Failure)  775527K->457887K(1034752K), 0.0060964 secs]
65.516: Total time for which application threads were stopped: 0.0062518 seconds, Stopping threads took: 0.0000257 seconds
65.584: [GC (Allocation Failure)  780376K->453981K(1035264K), 0.0033011 secs]
65.588: Total time for which application threads were stopped: 0.0034661 seconds, Stopping threads took: 0.0000190 seconds
65.656: [GC (Allocation Failure)  776541K->458055K(1036288K), 0.0048894 secs]
65.661: Total time for which application threads were stopped: 0.0050625 seconds, Stopping threads took: 0.0000198 seconds
65.728: [GC (Allocation Failure)  782151K->462055K(1035776K), 0.0046623 secs]
65.733: Total time for which application threads were stopped: 0.0048524 seconds, Stopping threads took: 0.0000193 seconds
65.803: [GC (Allocation Failure)  786151K->462023K(1035776K), 0.0045626 secs]
65.807: Total time for which application threads were stopped: 0.0047249 seconds, Stopping threads took: 0.0000193 seconds
65.875: [GC (Allocation Failure)  785607K->462087K(1023488K), 0.0044913 secs]
65.880: Total time for which application threads were stopped: 0.0046843 seconds, Stopping threads took: 0.0000206 seconds
65.948: [GC (Allocation Failure)  785671K->470057K(1035264K), 0.0049025 secs]
65.953: Total time for which application threads were stopped: 0.0050617 seconds, Stopping threads took: 0.0000174 seconds
66.021: [GC (Allocation Failure)  792617K->470057K(1030144K), 0.0043896 secs]
66.025: Total time for which application threads were stopped: 0.0045777 seconds, Stopping threads took: 0.0000265 seconds
66.095: [GC (Allocation Failure)  792617K->470121K(1034752K), 0.0047326 secs]
66.100: Total time for which application threads were stopped: 0.0049051 seconds, Stopping threads took: 0.0000255 seconds
66.169: [GC (Allocation Failure)  791657K->478092K(1034752K), 0.0046573 secs]
66.174: Total time for which application threads were stopped: 0.0048273 seconds, Stopping threads took: 0.0000198 seconds
66.242: [GC (Allocation Failure)  799628K->478092K(1033728K), 0.0045282 secs]
66.247: Total time for which application threads were stopped: 0.0046876 seconds, Stopping threads took: 0.0000199 seconds
66.314: [GC (Allocation Failure)  798604K->478348K(1034240K), 0.0048426 secs]
66.318: Total time for which application threads were stopped: 0.0050116 seconds, Stopping threads took: 0.0000192 seconds
66.386: [GC (Allocation Failure)  798860K->486126K(1034240K), 0.0048142 secs]
66.391: Total time for which application threads were stopped: 0.0049851 seconds, Stopping threads took: 0.0000202 seconds
66.459: [GC (Allocation Failure)  806638K->486158K(1034240K), 0.0045767 secs]
66.463: Total time for which application threads were stopped: 0.0047449 seconds, Stopping threads took: 0.0000196 seconds
66.531: [GC (Allocation Failure)  806670K->486534K(1033216K), 0.0048116 secs]
66.536: Total time for which application threads were stopped: 0.0049635 seconds, Stopping threads took: 0.0000179 seconds
66.604: [GC (Allocation Failure)  806022K->494152K(1033728K), 0.0054773 secs]
66.609: Total time for which application threads were stopped: 0.0056664 seconds, Stopping threads took: 0.0000255 seconds
66.683: [GC (Allocation Failure)  813640K->494152K(1033728K), 0.0045710 secs]
66.687: Total time for which application threads were stopped: 0.0047449 seconds, Stopping threads took: 0.0000218 seconds
66.752: [GC (Allocation Failure)  813640K->494280K(1033728K), 0.0048102 secs]
66.757: Total time for which application threads were stopped: 0.0050055 seconds, Stopping threads took: 0.0000192 seconds
66.826: [GC (Allocation Failure)  813768K->502219K(1033728K), 0.0047340 secs]
66.831: Total time for which application threads were stopped: 0.0048940 seconds, Stopping threads took: 0.0000172 seconds
66.899: [GC (Allocation Failure)  821707K->502187K(1033728K), 0.0046213 secs]
66.904: Total time for which application threads were stopped: 0.0047921 seconds, Stopping threads took: 0.0000197 seconds
66.971: [GC (Allocation Failure)  821675K->502243K(1033728K), 0.0050559 secs]
66.976: Total time for which application threads were stopped: 0.0052171 seconds, Stopping threads took: 0.0000200 seconds
67.044: [GC (Allocation Failure)  821731K->510213K(1027072K), 0.0049468 secs]
67.049: Total time for which application threads were stopped: 0.0051181 seconds, Stopping threads took: 0.0000208 seconds
67.115: [GC (Allocation Failure)  829700K->506307K(1034240K), 0.0035687 secs]
67.119: Total time for which application threads were stopped: 0.0037392 seconds, Stopping threads took: 0.0000268 seconds
67.187: [GC (Allocation Failure)  825795K->510381K(1033216K), 0.0048859 secs]
67.192: Total time for which application threads were stopped: 0.0050762 seconds, Stopping threads took: 0.0000193 seconds
67.261: [GC (Allocation Failure)  829869K->514381K(1034752K), 0.0047253 secs]
67.266: Total time for which application threads were stopped: 0.0048847 seconds, Stopping threads took: 0.0000196 seconds
67.333: [GC (Allocation Failure)  835917K->507595K(1034752K), 0.0019674 secs]
67.335: Total time for which application threads were stopped: 0.0021060 seconds, Stopping threads took: 0.0000187 seconds
67.402: [GC (Allocation Failure)  829131K->514413K(1034752K), 0.0045233 secs]
67.407: Total time for which application threads were stopped: 0.0046911 seconds, Stopping threads took: 0.0000191 seconds
67.473: [GC (Allocation Failure)  835949K->518461K(1034752K), 0.0055674 secs]
67.478: Total time for which application threads were stopped: 0.0057303 seconds, Stopping threads took: 0.0000196 seconds
67.545: [GC (Allocation Failure)  839997K->512955K(1034752K), 0.0027892 secs]
67.548: Total time for which application threads were stopped: 0.0029353 seconds, Stopping threads took: 0.0000199 seconds
67.617: [GC (Allocation Failure)  834491K->518789K(1034752K), 0.0046279 secs]
67.622: Total time for which application threads were stopped: 0.0047945 seconds, Stopping threads took: 0.0000193 seconds
67.689: [GC (Allocation Failure)  840325K->522629K(1034752K), 0.0051101 secs]
67.694: Total time for which application threads were stopped: 0.0052786 seconds, Stopping threads took: 0.0000193 seconds
67.760: [GC (Allocation Failure)  845117K->518723K(1035264K), 0.0035141 secs]
67.764: Total time for which application threads were stopped: 0.0036828 seconds, Stopping threads took: 0.0000194 seconds
67.834: [GC (Allocation Failure)  841283K->522789K(1036288K), 0.0048603 secs]
67.839: Total time for which application threads were stopped: 0.0050201 seconds, Stopping threads took: 0.0000197 seconds
67.907: [GC (Allocation Failure)  846885K->526789K(1035776K), 0.0047584 secs]
67.912: Total time for which application threads were stopped: 0.0049297 seconds, Stopping threads took: 0.0000200 seconds
67.981: [GC (Allocation Failure)  850885K->526757K(1035776K), 0.0047722 secs]
67.986: Total time for which application threads were stopped: 0.0049533 seconds, Stopping threads took: 0.0000194 seconds
68.055: [GC (Allocation Failure)  850341K->526821K(1023488K), 0.0049597 secs]
68.060: Total time for which application threads were stopped: 0.0051367 seconds, Stopping threads took: 0.0000193 seconds
68.129: [GC (Allocation Failure)  850405K->534791K(1035264K), 0.0048309 secs]
68.134: Total time for which application threads were stopped: 0.0050084 seconds, Stopping threads took: 0.0000277 seconds
68.202: [GC (Allocation Failure)  857351K->534791K(1030144K), 0.0046652 secs]
68.207: Total time for which application threads were stopped: 0.0048564 seconds, Stopping threads took: 0.0000190 seconds
68.275: [GC (Allocation Failure)  857351K->534855K(1034752K), 0.0048226 secs]
68.280: Total time for which application threads were stopped: 0.0049814 seconds, Stopping threads took: 0.0000196 seconds
68.347: [GC (Allocation Failure)  856391K->542825K(1034752K), 0.0049372 secs]
68.352: Total time for which application threads were stopped: 0.0050951 seconds, Stopping threads took: 0.0000189 seconds
68.420: [GC (Allocation Failure)  864361K->542857K(1033728K), 0.0045998 secs]
68.425: Total time for which application threads were stopped: 0.0047888 seconds, Stopping threads took: 0.0000191 seconds
68.494: [GC (Allocation Failure)  863369K->543049K(1034240K), 0.0057167 secs]
68.499: Total time for which application threads were stopped: 0.0058850 seconds, Stopping threads took: 0.0000231 seconds
68.569: [GC (Allocation Failure)  863561K->550860K(1034240K), 0.0046234 secs]
68.573: Total time for which application threads were stopped: 0.0048181 seconds, Stopping threads took: 0.0000196 seconds
68.644: [GC (Allocation Failure)  871372K->550860K(1034240K), 0.0047694 secs]
68.649: Total time for which application threads were stopped: 0.0049361 seconds, Stopping threads took: 0.0000263 seconds
68.716: [GC (Allocation Failure)  871372K->551300K(1033216K), 0.0050944 secs]
68.722: Total time for which application threads were stopped: 0.0052652 seconds, Stopping threads took: 0.0000200 seconds
68.790: [GC (Allocation Failure)  870788K->558886K(1033728K), 0.0048478 secs]
68.795: Total time for which application threads were stopped: 0.0050419 seconds, Stopping threads took: 0.0000347 seconds
68.863: [GC (Allocation Failure)  878374K->558886K(1033728K), 0.0046597 secs]
68.868: Total time for which application threads were stopped: 0.0048196 seconds, Stopping threads took: 0.0000201 seconds
68.932: [GC (Allocation Failure)  878374K->559046K(1033728K), 0.0049905 secs]
68.938: Total time for which application threads were stopped: 0.0051516 seconds, Stopping threads took: 0.0000201 seconds
69.005: [GC (Allocation Failure)  878534K->566920K(1033728K), 0.0046470 secs]
69.010: Total time for which application threads were stopped: 0.0048416 seconds, Stopping threads took: 0.0000204 seconds
69.079: [GC (Allocation Failure)  886408K->566920K(1033728K), 0.0049791 secs]
69.084: Total time for which application threads were stopped: 0.0051343 seconds, Stopping threads took: 0.0000175 seconds
69.151: [GC (Allocation Failure)  886408K->566984K(1033728K), 0.0047319 secs]
69.156: Total time for which application threads were stopped: 0.0049131 seconds, Stopping threads took: 0.0000196 seconds
69.223: [GC (Allocation Failure)  886472K->574922K(1027072K), 0.0068706 secs]
69.230: Total time for which application threads were stopped: 0.0070391 seconds, Stopping threads took: 0.0000205 seconds
69.296: [GC (Allocation Failure)  894410K->571080K(1034240K), 0.0039610 secs]
69.300: Total time for which application threads were stopped: 0.0041155 seconds, Stopping threads took: 0.0000190 seconds
69.368: [GC (Allocation Failure)  890568K->575114K(1033216K), 0.0049535 secs]
69.373: Total time for which application threads were stopped: 0.0051304 seconds, Stopping threads took: 0.0000278 seconds
69.441: [GC (Allocation Failure)  894602K->579082K(1034752K), 0.0046708 secs]
69.445: Total time for which application threads were stopped: 0.0048438 seconds, Stopping threads took: 0.0000204 seconds
69.513: [GC (Allocation Failure)  900618K->572296K(1034752K), 0.0033817 secs]
69.517: Total time for which application threads were stopped: 0.0035296 seconds, Stopping threads took: 0.0000186 seconds
69.584: [GC (Allocation Failure)  893832K->579122K(1034752K), 0.0045464 secs]
69.589: Total time for which application threads were stopped: 0.0047110 seconds, Stopping threads took: 0.0000257 seconds
69.655: [GC (Allocation Failure)  900658K->583194K(1034752K), 0.0057146 secs]
69.661: Total time for which application threads were stopped: 0.0058844 seconds, Stopping threads took: 0.0000275 seconds
69.728: [GC (Allocation Failure)  904730K->577688K(1034752K), 0.0028939 secs]
69.731: Total time for which application threads were stopped: 0.0030670 seconds, Stopping threads took: 0.0000197 seconds
69.800: [GC (Allocation Failure)  899224K->583522K(1034752K), 0.0048188 secs]
69.805: Total time for which application threads were stopped: 0.0049784 seconds, Stopping threads took: 0.0000193 seconds
69.875: [GC (Allocation Failure)  905058K->587362K(1034752K), 0.0052416 secs]
69.880: Total time for which application threads were stopped: 0.0054002 seconds, Stopping threads took: 0.0000190 seconds
69.948: [GC (Allocation Failure)  909851K->583456K(1035264K), 0.0037834 secs]
69.952: Total time for which application threads were stopped: 0.0039664 seconds, Stopping threads took: 0.0000195 seconds
70.020: [GC (Allocation Failure)  906016K->587530K(1036288K), 0.0049495 secs]
70.025: Total time for which application threads were stopped: 0.0051460 seconds, Stopping threads took: 0.0000223 seconds
70.095: [GC (Allocation Failure)  911626K->591498K(1035776K), 0.0047256 secs]
70.100: Total time for which application threads were stopped: 0.0048980 seconds, Stopping threads took: 0.0000258 seconds
70.169: [GC (Allocation Failure)  915594K->591498K(1035776K), 0.0047166 secs]
70.174: Total time for which application threads were stopped: 0.0048838 seconds, Stopping threads took: 0.0000192 seconds
70.242: [GC (Allocation Failure)  915082K->591562K(1023488K), 0.0051428 secs]
70.247: Total time for which application threads were stopped: 0.0053137 seconds, Stopping threads took: 0.0000204 seconds
70.314: [GC (Allocation Failure)  915146K->599565K(1035264K), 0.0049211 secs]
70.319: Total time for which application threads were stopped: 0.0050925 seconds, Stopping threads took: 0.0000198 seconds
70.389: [GC (Allocation Failure)  922125K->599501K(1030144K), 0.0048653 secs]
70.394: Total time for which application threads were stopped: 0.0050410 seconds, Stopping threads took: 0.0000223 seconds
70.461: [GC (Allocation Failure)  922061K->599597K(1034752K), 0.0050671 secs]
70.467: Total time for which application threads were stopped: 0.0052316 seconds, Stopping threads took: 0.0000205 seconds
70.536: [GC (Allocation Failure)  921133K->607567K(1034752K), 0.0051028 secs]
70.541: Total time for which application threads were stopped: 0.0052915 seconds, Stopping threads took: 0.0000196 seconds
70.611: [GC (Allocation Failure)  929103K->607599K(1033728K), 0.0047506 secs]
70.616: Total time for which application threads were stopped: 0.0049311 seconds, Stopping threads took: 0.0000260 seconds
70.684: [GC (Allocation Failure)  928111K->607815K(1034240K), 0.0050425 secs]
70.689: Total time for which application threads were stopped: 0.0052156 seconds, Stopping threads took: 0.0000198 seconds
70.756: [GC (Allocation Failure)  928327K->615593K(1034240K), 0.0047457 secs]
70.761: Total time for which application threads were stopped: 0.0049076 seconds, Stopping threads took: 0.0000196 seconds
70.829: [GC (Allocation Failure)  936105K->615625K(1034240K), 0.0049551 secs]
70.834: Total time for which application threads were stopped: 0.0051205 seconds, Stopping threads took: 0.0000191 seconds
70.903: [GC (Allocation Failure)  936137K->616033K(1033216K), 0.0049229 secs]
70.908: Total time for which application threads were stopped: 0.0051272 seconds, Stopping threads took: 0.0000187 seconds
70.978: [GC (Allocation Failure)  935521K->623619K(1033728K), 0.0049585 secs]
70.983: Total time for which application threads were stopped: 0.0051277 seconds, Stopping threads took: 0.0000189 seconds
71.051: [GC (Allocation Failure)  943107K->623619K(1033728K), 0.0050184 secs]
71.056: Total time for which application threads were stopped: 0.0051899 seconds, Stopping threads took: 0.0000196 seconds
71.121: [GC (Allocation Failure)  943107K->623779K(1033728K), 0.0063083 secs]
71.128: Total time for which application threads were stopped: 0.0064860 seconds, Stopping threads took: 0.0000200 seconds
71.197: [GC (Allocation Failure)  943267K->631654K(1033728K), 0.0046824 secs]
71.202: Total time for which application threads were stopped: 0.0048441 seconds, Stopping threads took: 0.0000200 seconds
71.268: [GC (Allocation Failure)  951142K->631654K(1033728K), 0.0050536 secs]
71.274: Total time for which application threads were stopped: 0.0053305 seconds, Stopping threads took: 0.0000194 seconds
71.340: [GC (Allocation Failure)  951142K->631710K(1033728K), 0.0051260 secs]
71.345: Total time for which application threads were stopped: 0.0052885 seconds, Stopping threads took: 0.0000198 seconds
71.412: [GC (Allocation Failure)  951198K->639712K(1027072K), 0.0160485 secs]
71.428: Total time for which application threads were stopped: 0.0162204 seconds, Stopping threads took: 0.0000206 seconds
71.495: [GC (Allocation Failure)  959200K->635774K(1034240K), 0.0042899 secs]
71.500: Total time for which application threads were stopped: 0.0044672 seconds, Stopping threads took: 0.0000223 seconds
71.569: [GC (Allocation Failure)  955262K->639840K(1033216K), 0.0051612 secs]
71.574: Total time for which application threads were stopped: 0.0053393 seconds, Stopping threads took: 0.0000197 seconds
71.644: [GC (Allocation Failure)  959328K->643840K(1034752K), 0.0049157 secs]
71.649: Total time for which application threads were stopped: 0.0050943 seconds, Stopping threads took: 0.0000278 seconds
71.715: [GC (Allocation Failure)  965376K->637054K(1034752K), 0.0024272 secs]
71.718: Total time for which application threads were stopped: 0.0025988 seconds, Stopping threads took: 0.0000200 seconds
71.787: [GC (Allocation Failure)  958590K->643872K(1034752K), 0.0048419 secs]
71.792: Total time for which application threads were stopped: 0.0050277 seconds, Stopping threads took: 0.0000200 seconds
71.858: [GC (Allocation Failure)  965408K->647920K(1034752K), 0.0058943 secs]
71.864: Total time for which application threads were stopped: 0.0060785 seconds, Stopping threads took: 0.0000216 seconds
71.930: [GC (Allocation Failure)  969456K->642382K(1034752K), 0.0029238 secs]
71.933: Total time for which application threads were stopped: 0.0030764 seconds, Stopping threads took: 0.0000192 seconds
72.001: [GC (Allocation Failure)  963918K->648256K(1034752K), 0.0049050 secs]
72.006: Total time for which application threads were stopped: 0.0050784 seconds, Stopping threads took: 0.0000201 seconds
72.073: [GC (Allocation Failure)  969792K->652096K(1034752K), 0.0052823 secs]
72.078: Total time for which application threads were stopped: 0.0054486 seconds, Stopping threads took: 0.0000204 seconds
72.146: [GC (Allocation Failure)  974584K->648190K(1035264K), 0.0038037 secs]
72.150: Total time for which application threads were stopped: 0.0039623 seconds, Stopping threads took: 0.0000191 seconds
72.218: [GC (Allocation Failure)  970750K->652256K(1036288K), 0.0053868 secs]
72.224: Total time for which application threads were stopped: 0.0055590 seconds, Stopping threads took: 0.0000205 seconds
72.292: [GC (Allocation Failure)  976352K->656224K(1035776K), 0.0050017 secs]
72.297: Total time for which application threads were stopped: 0.0051717 seconds, Stopping threads took: 0.0000201 seconds
72.366: [GC (Allocation Failure)  980320K->656224K(1035776K), 0.0049393 secs]
72.371: Total time for which application threads were stopped: 0.0051020 seconds, Stopping threads took: 0.0000197 seconds
72.439: [GC (Allocation Failure)  979808K->656296K(1023488K), 0.0051950 secs]
72.444: Total time for which application threads were stopped: 0.0053644 seconds, Stopping threads took: 0.0000201 seconds
72.512: [GC (Allocation Failure)  979880K->664266K(1035264K), 0.0087405 secs]
72.521: Total time for which application threads were stopped: 0.0089064 seconds, Stopping threads took: 0.0000282 seconds
72.589: [GC (Allocation Failure)  986826K->664266K(1030144K), 0.0046970 secs]
72.593: Total time for which application threads were stopped: 0.0048664 seconds, Stopping threads took: 0.0000181 seconds
72.661: [GC (Allocation Failure)  986826K->664330K(1034752K), 0.0050867 secs]
72.666: Total time for which application threads were stopped: 0.0052573 seconds, Stopping threads took: 0.0000191 seconds
72.735: [GC (Allocation Failure)  985866K->672301K(1034752K), 0.0051500 secs]
72.740: Total time for which application threads were stopped: 0.0053250 seconds, Stopping threads took: 0.0000192 seconds
72.809: [GC (Allocation Failure)  993837K->672301K(1033728K), 0.0048815 secs]
72.814: Total time for which application threads were stopped: 0.0050520 seconds, Stopping threads took: 0.0000204 seconds
72.882: [GC (Allocation Failure)  992813K->672549K(1034240K), 0.0052393 secs]
72.887: Total time for which application threads were stopped: 0.0054305 seconds, Stopping threads took: 0.0000187 seconds
72.957: [GC (Allocation Failure)  993061K->680359K(1034240K), 0.0048758 secs]
72.962: Total time for which application threads were stopped: 0.0050517 seconds, Stopping threads took: 0.0000171 seconds
73.030: [GC (Allocation Failure)  1000871K->680327K(1034240K), 0.0051000 secs]
73.035: Total time for which application threads were stopped: 0.0052793 seconds, Stopping threads took: 0.0000197 seconds
73.105: [GC (Allocation Failure)  1000839K->680743K(1033216K), 0.0065426 secs]
73.111: Total time for which application threads were stopped: 0.0067133 seconds, Stopping threads took: 0.0000262 seconds
73.179: [GC (Allocation Failure)  1000231K->688361K(1033728K), 0.0051916 secs]
73.185: Total time for which application threads were stopped: 0.0053646 seconds, Stopping threads took: 0.0000165 seconds
73.253: [GC (Allocation Failure)  1007849K->688329K(1033728K), 0.0050525 secs]
73.258: Total time for which application threads were stopped: 0.0052242 seconds, Stopping threads took: 0.0000202 seconds
73.324: [GC (Allocation Failure)  1007817K->688481K(1033728K), 0.0053466 secs]
73.329: [Full GC (Ergonomics)  688481K->8568K(1033728K), 0.0140892 secs]
73.343: Total time for which application threads were stopped: 0.0196892 seconds, Stopping threads took: 0.0000195 seconds
73.411: [GC (Allocation Failure)  328056K->16698K(1033728K), 0.0037985 secs]
73.415: Total time for which application threads were stopped: 0.0039560 seconds, Stopping threads took: 0.0000170 seconds
73.484: [GC (Allocation Failure)  336186K->16690K(1033728K), 0.0037977 secs]
73.488: Total time for which application threads were stopped: 0.0039764 seconds, Stopping threads took: 0.0000198 seconds
73.556: [GC (Allocation Failure)  336178K->16746K(1033728K), 0.0041769 secs]
73.561: Total time for which application threads were stopped: 0.0043466 seconds, Stopping threads took: 0.0000198 seconds
73.630: [GC (Allocation Failure)  336234K->24716K(1027072K), 0.0045476 secs]
73.634: Total time for which application threads were stopped: 0.0047432 seconds, Stopping threads took: 0.0000259 seconds
73.701: [GC (Allocation Failure)  344204K->20810K(1034240K), 0.0026712 secs]
73.703: Total time for which application threads were stopped: 0.0028093 seconds, Stopping threads took: 0.0000171 seconds
73.773: [GC (Allocation Failure)  340298K->24876K(1033216K), 0.0041397 secs]
73.777: Total time for which application threads were stopped: 0.0043173 seconds, Stopping threads took: 0.0000197 seconds
73.845: [GC (Allocation Failure)  344364K->28844K(1034752K), 0.0038684 secs]
73.849: Total time for which application threads were stopped: 0.0040463 seconds, Stopping threads took: 0.0000217 seconds
73.916: [GC (Allocation Failure)  350380K->22090K(1034752K), 0.0010683 secs]
73.917: Total time for which application threads were stopped: 0.0011948 seconds, Stopping threads took: 0.0000203 seconds
73.988: [GC (Allocation Failure)  343626K->28916K(1034752K), 0.0038817 secs]
73.992: Total time for which application threads were stopped: 0.0040488 seconds, Stopping threads took: 0.0000197 seconds
74.058: [GC (Allocation Failure)  350452K->32996K(1034752K), 0.0049024 secs]
74.063: Total time for which application threads were stopped: 0.0050698 seconds, Stopping threads took: 0.0000203 seconds
74.129: [GC (Allocation Failure)  354532K->27426K(1034752K), 0.0016843 secs]
74.131: Total time for which application threads were stopped: 0.0018299 seconds, Stopping threads took: 0.0000192 seconds
74.199: [GC (Allocation Failure)  348962K->33300K(1034752K), 0.0038209 secs]
74.202: Total time for which application threads were stopped: 0.0039964 seconds, Stopping threads took: 0.0000203 seconds
74.271: [GC (Allocation Failure)  354836K->37140K(1035264K), 0.0040326 secs]
74.275: Total time for which application threads were stopped: 0.0042365 seconds, Stopping threads took: 0.0000205 seconds
74.344: [GC (Allocation Failure)  359629K->33234K(1035264K), 0.0024154 secs]
74.346: Total time for which application threads were stopped: 0.0025780 seconds, Stopping threads took: 0.0000174 seconds
74.416: [GC (Allocation Failure)  355794K->37292K(1036288K), 0.0040528 secs]
74.420: Total time for which application threads were stopped: 0.0042107 seconds, Stopping threads took: 0.0000259 seconds
74.489: [GC (Allocation Failure)  361388K->41292K(1035776K), 0.0085783 secs]
74.497: Total time for which application threads were stopped: 0.0087329 seconds, Stopping threads took: 0.0000196 seconds
74.567: [GC (Allocation Failure)  365388K->41260K(1035776K), 0.0036550 secs]
74.570: Total time for which application threads were stopped: 0.0038047 seconds, Stopping threads took: 0.0000174 seconds
74.639: [GC (Allocation Failure)  364844K->41316K(1023488K), 0.0039089 secs]
74.643: Total time for which application threads were stopped: 0.0040774 seconds, Stopping threads took: 0.0000267 seconds
74.710: [GC (Allocation Failure)  364900K->49319K(1035264K), 0.0037988 secs]
74.714: Total time for which application threads were stopped: 0.0039669 seconds, Stopping threads took: 0.0000205 seconds
74.781: [GC (Allocation Failure)  371879K->49287K(1030144K), 0.0036946 secs]
74.785: Total time for which application threads were stopped: 0.0038623 seconds, Stopping threads took: 0.0000199 seconds
74.854: [GC (Allocation Failure)  371847K->49351K(1034752K), 0.0041945 secs]
74.858: Total time for which application threads were stopped: 0.0043657 seconds, Stopping threads took: 0.0000207 seconds
74.926: [GC (Allocation Failure)  370887K->57353K(1029120K), 0.0039325 secs]
74.930: Total time for which application threads were stopped: 0.0041018 seconds, Stopping threads took: 0.0000197 seconds
74.998: [GC (Allocation Failure)  378889K->57353K(1034240K), 0.0035921 secs]
75.001: Total time for which application threads were stopped: 0.0037638 seconds, Stopping threads took: 0.0000197 seconds
75.068: [GC (Allocation Failure)  377865K->57545K(1034240K), 0.0038338 secs]
75.072: Total time for which application threads were stopped: 0.0040176 seconds, Stopping threads took: 0.0000256 seconds
75.140: [GC (Allocation Failure)  378057K->65355K(1034240K), 0.0038212 secs]
75.144: Total time for which application threads were stopped: 0.0040430 seconds, Stopping threads took: 0.0000268 seconds
75.214: [GC (Allocation Failure)  385867K->65355K(1034240K), 0.0036865 secs]
75.218: Total time for which application threads were stopped: 0.0038528 seconds, Stopping threads took: 0.0000172 seconds
75.287: [GC (Allocation Failure)  385867K->65763K(1033216K), 0.0039983 secs]
75.292: Total time for which application threads were stopped: 0.0041769 seconds, Stopping threads took: 0.0000280 seconds
75.361: [GC (Allocation Failure)  385251K->73381K(1033728K), 0.0039035 secs]
75.365: Total time for which application threads were stopped: 0.0040620 seconds, Stopping threads took: 0.0000196 seconds
75.435: [GC (Allocation Failure)  392869K->73381K(1033728K), 0.0036622 secs]
75.438: Total time for which application threads were stopped: 0.0038507 seconds, Stopping threads took: 0.0000190 seconds
75.506: [GC (Allocation Failure)  392869K->73509K(1033728K), 0.0046122 secs]
75.511: Total time for which application threads were stopped: 0.0048189 seconds, Stopping threads took: 0.0000247 seconds
75.580: [GC (Allocation Failure)  392997K->81416K(1033728K), 0.0037786 secs]
75.584: Total time for which application threads were stopped: 0.0039417 seconds, Stopping threads took: 0.0000194 seconds
75.651: [GC (Allocation Failure)  400904K->81416K(1033728K), 0.0037277 secs]
75.655: Total time for which application threads were stopped: 0.0038894 seconds, Stopping threads took: 0.0000198 seconds
75.722: [GC (Allocation Failure)  400904K->81480K(1033728K), 0.0040530 secs]
75.726: Total time for which application threads were stopped: 0.0042297 seconds, Stopping threads took: 0.0000222 seconds
75.793: [GC (Allocation Failure)  400968K->89450K(1027072K), 0.0041026 secs]
75.797: Total time for which application threads were stopped: 0.0042638 seconds, Stopping threads took: 0.0000201 seconds
75.862: [GC (Allocation Failure)  408937K->85512K(1034240K), 0.0026102 secs]
75.864: Total time for which application threads were stopped: 0.0027835 seconds, Stopping threads took: 0.0000207 seconds
75.934: [GC (Allocation Failure)  405000K->89578K(1033216K), 0.0040642 secs]
75.938: Total time for which application threads were stopped: 0.0042241 seconds, Stopping threads took: 0.0000164 seconds
76.006: [GC (Allocation Failure)  409066K->93578K(1034752K), 0.0038077 secs]
76.010: Total time for which application threads were stopped: 0.0039852 seconds, Stopping threads took: 0.0000193 seconds
76.078: [GC (Allocation Failure)  415114K->86792K(1034752K), 0.0013080 secs]
76.079: Total time for which application threads were stopped: 0.0014298 seconds, Stopping threads took: 0.0000198 seconds
76.147: [GC (Allocation Failure)  408328K->93642K(1034752K), 0.0037117 secs]
76.151: Total time for which application threads were stopped: 0.0038732 seconds, Stopping threads took: 0.0000190 seconds
76.216: [GC (Allocation Failure)  415178K->97754K(1034752K), 0.0048674 secs]
76.221: Total time for which application threads were stopped: 0.0050671 seconds, Stopping threads took: 0.0000218 seconds
76.289: [GC (Allocation Failure)  419290K->92152K(1034752K), 0.0017072 secs]
76.291: Total time for which application threads were stopped: 0.0018303 seconds, Stopping threads took: 0.0000165 seconds
76.358: [GC (Allocation Failure)  413688K->97994K(1034752K), 0.0037935 secs]
76.362: Total time for which application threads were stopped: 0.0039597 seconds, Stopping threads took: 0.0000257 seconds
76.429: [GC (Allocation Failure)  419530K->101866K(1035264K), 0.0042058 secs]
76.434: Total time for which application threads were stopped: 0.0043762 seconds, Stopping threads took: 0.0000209 seconds
76.501: [GC (Allocation Failure)  424354K->97960K(1035264K), 0.0033724 secs]
76.504: Total time for which application threads were stopped: 0.0035238 seconds, Stopping threads took: 0.0000260 seconds
76.574: [GC (Allocation Failure)  420520K->102026K(1036288K), 0.0040521 secs]
76.578: Total time for which application threads were stopped: 0.0042244 seconds, Stopping threads took: 0.0000177 seconds
76.648: [GC (Allocation Failure)  426122K->105994K(1035776K), 0.0038066 secs]
76.652: Total time for which application threads were stopped: 0.0039697 seconds, Stopping threads took: 0.0000248 seconds
76.722: [GC (Allocation Failure)  430090K->105962K(1035776K), 0.0038610 secs]
76.726: Total time for which application threads were stopped: 0.0040191 seconds, Stopping threads took: 0.0000201 seconds
76.793: [GC (Allocation Failure)  429546K->106090K(1023488K), 0.0040217 secs]
76.797: Total time for which application threads were stopped: 0.0041787 seconds, Stopping threads took: 0.0000190 seconds
76.864: [GC (Allocation Failure)  429674K->114028K(1035264K), 0.0040084 secs]
76.868: Total time for which application threads were stopped: 0.0041683 seconds, Stopping threads took: 0.0000196 seconds
76.938: [GC (Allocation Failure)  436588K->114060K(1030144K), 0.0037306 secs]
76.942: Total time for which application threads were stopped: 0.0038986 seconds, Stopping threads took: 0.0000191 seconds
77.010: [GC (Allocation Failure)  436620K->114092K(1034752K), 0.0040344 secs]
77.014: Total time for which application threads were stopped: 0.0041972 seconds, Stopping threads took: 0.0000190 seconds
77.081: [GC (Allocation Failure)  435628K->122062K(1034752K), 0.0039752 secs]
77.085: Total time for which application threads were stopped: 0.0041516 seconds, Stopping threads took: 0.0000194 seconds
77.153: [GC (Allocation Failure)  443598K->122062K(1033728K), 0.0038280 secs]
77.157: Total time for which application threads were stopped: 0.0040212 seconds, Stopping threads took: 0.0000189 seconds
77.226: [GC (Allocation Failure)  442574K->122318K(1034240K), 0.0065716 secs]
77.233: Total time for which application threads were stopped: 0.0067380 seconds, Stopping threads took: 0.0000168 seconds
77.301: [GC (Allocation Failure)  442830K->130129K(1034240K), 0.0038397 secs]
77.305: Total time for which application threads were stopped: 0.0040061 seconds, Stopping threads took: 0.0000194 seconds
77.374: [GC (Allocation Failure)  450641K->130097K(1034240K), 0.0065399 secs]
77.380: Total time for which application threads were stopped: 0.0067152 seconds, Stopping threads took: 0.0000209 seconds
77.448: [GC (Allocation Failure)  450609K->130505K(1033216K), 0.0039770 secs]
77.452: Total time for which application threads were stopped: 0.0041722 seconds, Stopping threads took: 0.0000208 seconds
77.523: [GC (Allocation Failure)  449993K->138123K(1033728K), 0.0041009 secs]
77.527: Total time for which application threads were stopped: 0.0042644 seconds, Stopping threads took: 0.0000199 seconds
77.595: [GC (Allocation Failure)  457611K->138155K(1033728K), 0.0038154 secs]
77.599: Total time for which application threads were stopped: 0.0040025 seconds, Stopping threads took: 0.0000252 seconds
77.666: [GC (Allocation Failure)  457643K->138283K(1033728K), 0.0042501 secs]
77.670: Total time for which application threads were stopped: 0.0044103 seconds, Stopping threads took: 0.0000243 seconds
77.739: [GC (Allocation Failure)  457771K->146157K(1033728K), 0.0038467 secs]
77.743: Total time for which application threads were stopped: 0.0040174 seconds, Stopping threads took: 0.0000191 seconds
77.811: [GC (Allocation Failure)  465645K->146125K(1033728K), 0.0040030 secs]
77.815: Total time for which application threads were stopped: 0.0041693 seconds, Stopping threads took: 0.0000194 seconds
77.882: [GC (Allocation Failure)  465613K->146229K(1033728K), 0.0042997 secs]
77.886: Total time for which application threads were stopped: 0.0044576 seconds, Stopping threads took: 0.0000193 seconds
77.953: [GC (Allocation Failure)  465717K->154231K(1027072K), 0.0041080 secs]
77.958: Total time for which application threads were stopped: 0.0042766 seconds, Stopping threads took: 0.0000199 seconds
78.023: [GC (Allocation Failure)  473719K->150293K(1034240K), 0.0031102 secs]
78.026: Total time for which application threads were stopped: 0.0032651 seconds, Stopping threads took: 0.0000196 seconds
78.094: [GC (Allocation Failure)  469781K->154359K(1033216K), 0.0040940 secs]
78.098: Total time for which application threads were stopped: 0.0042471 seconds, Stopping threads took: 0.0000196 seconds
78.166: [GC (Allocation Failure)  473847K->158359K(1034752K), 0.0038782 secs]
78.170: Total time for which application threads were stopped: 0.0040376 seconds, Stopping threads took: 0.0000198 seconds
78.237: [GC (Allocation Failure)  479895K->151541K(1034752K), 0.0012321 secs]
78.238: Total time for which application threads were stopped: 0.0013561 seconds, Stopping threads took: 0.0000193 seconds
78.308: [GC (Allocation Failure)  473077K->158399K(1034752K), 0.0040269 secs]
78.312: Total time for which application threads were stopped: 0.0041866 seconds, Stopping threads took: 0.0000197 seconds
78.380: [GC (Allocation Failure)  479935K->162447K(1034752K), 0.0050192 secs]
78.385: Total time for which application threads were stopped: 0.0052205 seconds, Stopping threads took: 0.0000196 seconds
78.451: [GC (Allocation Failure)  483983K->156909K(1034752K), 0.0018873 secs]
78.452: Total time for which application threads were stopped: 0.0020412 seconds, Stopping threads took: 0.0000197 seconds
78.523: [GC (Allocation Failure)  478445K->162743K(1034752K), 0.0039144 secs]
78.527: Total time for which application threads were stopped: 0.0040640 seconds, Stopping threads took: 0.0000161 seconds
78.594: [GC (Allocation Failure)  484279K->166615K(1034752K), 0.0042734 secs]
78.599: Total time for which application threads were stopped: 0.0044515 seconds, Stopping threads took: 0.0000187 seconds
78.666: [GC (Allocation Failure)  489104K->162709K(1035264K), 0.0028160 secs]
78.668: Total time for which application threads were stopped: 0.0029826 seconds, Stopping threads took: 0.0000205 seconds
78.737: [GC (Allocation Failure)  485269K->166775K(1036288K), 0.0042156 secs]
78.741: Total time for which application threads were stopped: 0.0043754 seconds, Stopping threads took: 0.0000203 seconds
78.809: [GC (Allocation Failure)  490871K->170743K(1035776K), 0.0040996 secs]
78.813: Total time for which application threads were stopped: 0.0042775 seconds, Stopping threads took: 0.0000200 seconds
78.882: [GC (Allocation Failure)  494839K->170743K(1035776K), 0.0039644 secs]
78.886: Total time for which application threads were stopped: 0.0041348 seconds, Stopping threads took: 0.0000199 seconds
78.955: [GC (Allocation Failure)  494327K->170831K(1023488K), 0.0041612 secs]
78.959: Total time for which application threads were stopped: 0.0043328 seconds, Stopping threads took: 0.0000204 seconds
79.026: [GC (Allocation Failure)  494415K->178770K(1035264K), 0.0041353 secs]
79.030: Total time for which application threads were stopped: 0.0043013 seconds, Stopping threads took: 0.0000215 seconds
79.099: [GC (Allocation Failure)  501330K->178770K(1030144K), 0.0064277 secs]
79.106: Total time for which application threads were stopped: 0.0065887 seconds, Stopping threads took: 0.0000265 seconds
79.175: [GC (Allocation Failure)  501330K->178834K(1034752K), 0.0042794 secs]
79.179: Total time for which application threads were stopped: 0.0044357 seconds, Stopping threads took: 0.0000199 seconds
79.248: [GC (Allocation Failure)  500370K->186836K(1034752K), 0.0042658 secs]
79.253: Total time for which application threads were stopped: 0.0044422 seconds, Stopping threads took: 0.0000194 seconds
79.321: [GC (Allocation Failure)  508372K->186804K(1033728K), 0.0039601 secs]
79.325: Total time for which application threads were stopped: 0.0041188 seconds, Stopping threads took: 0.0000199 seconds
79.391: [GC (Allocation Failure)  507316K->187068K(1034240K), 0.0043689 secs]
79.396: Total time for which application threads were stopped: 0.0045265 seconds, Stopping threads took: 0.0000189 seconds
79.463: [GC (Allocation Failure)  507580K->194878K(1034240K), 0.0039654 secs]
79.467: Total time for which application threads were stopped: 0.0041332 seconds, Stopping threads took: 0.0000195 seconds
79.536: [GC (Allocation Failure)  515390K->194846K(1034240K), 0.0040610 secs]
79.540: Total time for which application threads were stopped: 0.0042542 seconds, Stopping threads took: 0.0000195 seconds
79.609: [GC (Allocation Failure)  515358K->195294K(1033216K), 0.0042441 secs]
79.613: Total time for which application threads were stopped: 0.0044112 seconds, Stopping threads took: 0.0000259 seconds
79.681: [GC (Allocation Failure)  514782K->202913K(1033728K), 0.0040314 secs]
79.685: Total time for which application threads were stopped: 0.0042041 seconds, Stopping threads took: 0.0000258 seconds
79.752: [GC (Allocation Failure)  522401K->202881K(1033728K), 0.0039508 secs]
79.756: Total time for which application threads were stopped: 0.0041210 seconds, Stopping threads took: 0.0000196 seconds
79.821: [GC (Allocation Failure)  522369K->203041K(1033728K), 0.0042902 secs]
79.826: Total time for which application threads were stopped: 0.0044588 seconds, Stopping threads took: 0.0000197 seconds
79.895: [GC (Allocation Failure)  522529K->210915K(1033728K), 0.0039303 secs]
79.899: Total time for which application threads were stopped: 0.0040978 seconds, Stopping threads took: 0.0000200 seconds
79.967: [GC (Allocation Failure)  530403K->210883K(1033728K), 0.0040966 secs]
79.971: Total time for which application threads were stopped: 0.0042617 seconds, Stopping threads took: 0.0000195 seconds
80.039: [GC (Allocation Failure)  530371K->210939K(1033728K), 0.0047703 secs]
80.044: Total time for which application threads were stopped: 0.0049756 seconds, Stopping threads took: 0.0000275 seconds
80.111: [GC (Allocation Failure)  530427K->218909K(1027072K), 0.0049497 secs]
80.116: Total time for which application threads were stopped: 0.0051089 seconds, Stopping threads took: 0.0000250 seconds
80.180: [GC (Allocation Failure)  538397K->215035K(1034240K), 0.0068334 secs]
80.187: Total time for which application threads were stopped: 0.0069593 seconds, Stopping threads took: 0.0000171 seconds
80.251: [GC (Allocation Failure)  534523K->219069K(1033216K), 0.0068549 secs]
80.258: Total time for which application threads were stopped: 0.0069750 seconds, Stopping threads took: 0.0000167 seconds
80.322: [GC (Allocation Failure)  538557K->223069K(1034752K), 0.0038923 secs]
80.326: Total time for which application threads were stopped: 0.0040141 seconds, Stopping threads took: 0.0000161 seconds
80.390: [GC (Allocation Failure)  544605K->216283K(1034752K), 0.0016132 secs]
80.392: Total time for which application threads were stopped: 0.0017298 seconds, Stopping threads took: 0.0000162 seconds
80.456: [GC (Allocation Failure)  537819K->223109K(1034752K), 0.0039892 secs]
80.460: Total time for which application threads were stopped: 0.0041217 seconds, Stopping threads took: 0.0000186 seconds
80.527: [GC (Allocation Failure)  544645K->227221K(1034752K), 0.0050593 secs]
80.532: Total time for which application threads were stopped: 0.0052418 seconds, Stopping threads took: 0.0000169 seconds
80.599: [GC (Allocation Failure)  548757K->221651K(1034752K), 0.0019400 secs]
80.601: Total time for which application threads were stopped: 0.0020808 seconds, Stopping threads took: 0.0000185 seconds
80.668: [GC (Allocation Failure)  543187K->227493K(1034752K), 0.0040828 secs]
80.672: Total time for which application threads were stopped: 0.0042395 seconds, Stopping threads took: 0.0000191 seconds
80.742: [GC (Allocation Failure)  549029K->231397K(1034752K), 0.0045217 secs]
80.746: Total time for which application threads were stopped: 0.0046990 seconds, Stopping threads took: 0.0000192 seconds
80.814: [GC (Allocation Failure)  553885K->227459K(1035264K), 0.0028860 secs]
80.817: Total time for which application threads were stopped: 0.0030541 seconds, Stopping threads took: 0.0000205 seconds
80.888: [GC (Allocation Failure)  550019K->231461K(1036288K), 0.0050693 secs]
80.893: Total time for which application threads were stopped: 0.0052423 seconds, Stopping threads took: 0.0000202 seconds
80.961: [GC (Allocation Failure)  555557K->235493K(1035776K), 0.0039938 secs]
80.965: Total time for which application threads were stopped: 0.0041712 seconds, Stopping threads took: 0.0000204 seconds
81.034: [GC (Allocation Failure)  559589K->235461K(1035776K), 0.0046862 secs]
81.039: Total time for which application threads were stopped: 0.0048885 seconds, Stopping threads took: 0.0000250 seconds
81.108: [GC (Allocation Failure)  559045K->235557K(1023488K), 0.0042543 secs]
81.112: Total time for which application threads were stopped: 0.0044225 seconds, Stopping threads took: 0.0000196 seconds
81.179: [GC (Allocation Failure)  559141K->243527K(1035264K), 0.0042900 secs]
81.184: Total time for which application threads were stopped: 0.0044872 seconds, Stopping threads took: 0.0000200 seconds
81.252: [GC (Allocation Failure)  566087K->243559K(1030144K), 0.0039291 secs]
81.256: Total time for which application threads were stopped: 0.0041091 seconds, Stopping threads took: 0.0000194 seconds
81.324: [GC (Allocation Failure)  566119K->243551K(1034752K), 0.0064925 secs]
81.331: Total time for which application threads were stopped: 0.0066730 seconds, Stopping threads took: 0.0000171 seconds
81.399: [GC (Allocation Failure)  565087K->251554K(1029120K), 0.0043738 secs]
81.403: Total time for which application threads were stopped: 0.0045320 seconds, Stopping threads took: 0.0000190 seconds
81.474: [GC (Allocation Failure)  573090K->251586K(1034240K), 0.0041831 secs]
81.478: Total time for which application threads were stopped: 0.0043433 seconds, Stopping threads took: 0.0000204 seconds
81.546: [GC (Allocation Failure)  572098K->251786K(1034240K), 0.0044685 secs]
81.551: Total time for which application threads were stopped: 0.0046390 seconds, Stopping threads took: 0.0000199 seconds
81.621: [GC (Allocation Failure)  572298K->259628K(1034240K), 0.0040946 secs]
81.625: Total time for which application threads were stopped: 0.0042651 seconds, Stopping threads took: 0.0000275 seconds
81.694: [GC (Allocation Failure)  580140K->259628K(1028096K), 0.0042748 secs]
81.698: Total time for which application threads were stopped: 0.0044709 seconds, Stopping threads took: 0.0000210 seconds
81.767: [GC (Allocation Failure)  580140K->260004K(1033728K), 0.0045083 secs]
81.771: Total time for which application threads were stopped: 0.0046709 seconds, Stopping threads took: 0.0000196 seconds
81.838: [GC (Allocation Failure)  579492K->267622K(1033728K), 0.0041768 secs]
81.843: Total time for which application threads were stopped: 0.0043398 seconds, Stopping threads took: 0.0000204 seconds
81.911: [GC (Allocation Failure)  587110K->267590K(1033728K), 0.0040684 secs]
81.915: Total time for which application threads were stopped: 0.0042360 seconds, Stopping threads took: 0.0000196 seconds
81.980: [GC (Allocation Failure)  587078K->267750K(1033728K), 0.0044807 secs]
81.985: Total time for which application threads were stopped: 0.0046438 seconds, Stopping threads took: 0.0000198 seconds
82.052: [GC (Allocation Failure)  587238K->275688K(1033728K), 0.0041409 secs]
82.057: Total time for which application threads were stopped: 0.0043131 seconds, Stopping threads took: 0.0000196 seconds
82.126: [GC (Allocation Failure)  595176K->275688K(1033728K), 0.0041632 secs]
82.130: Total time for which application threads were stopped: 0.0043328 seconds, Stopping threads took: 0.0000288 seconds
82.198: [GC (Allocation Failure)  595176K->275720K(1032704K), 0.0041722 secs]
82.202: Total time for which application threads were stopped: 0.0043331 seconds, Stopping threads took: 0.0000200 seconds
82.270: [GC (Allocation Failure)  594184K->283723K(1033216K), 0.0042511 secs]
82.274: Total time for which application threads were stopped: 0.0044324 seconds, Stopping threads took: 0.0000219 seconds
82.341: [GC (Allocation Failure)  602187K->278088K(1033728K), 0.0021004 secs]
82.343: Total time for which application threads were stopped: 0.0022639 seconds, Stopping threads took: 0.0000219 seconds
82.412: [GC (Allocation Failure)  597064K->283939K(1033216K), 0.0049669 secs]
82.417: Total time for which application threads were stopped: 0.0051124 seconds, Stopping threads took: 0.0000171 seconds
82.486: [GC (Allocation Failure)  602915K->287827K(1034240K), 0.0047294 secs]
82.491: Total time for which application threads were stopped: 0.0048926 seconds, Stopping threads took: 0.0000192 seconds
82.559: [GC (Allocation Failure)  608339K->293744K(1034240K), 0.0067615 secs]
82.566: Total time for which application threads were stopped: 0.0069284 seconds, Stopping threads took: 0.0000266 seconds
82.634: [GC (Allocation Failure)  614256K->288051K(1030144K), 0.0044962 secs]
82.639: Total time for which application threads were stopped: 0.0046672 seconds, Stopping threads took: 0.0000194 seconds
82.707: [GC (Allocation Failure)  604467K->287795K(1032192K), 0.0041439 secs]
82.711: Total time for which application threads were stopped: 0.0043053 seconds, Stopping threads took: 0.0000193 seconds
82.777: [GC (Allocation Failure)  604211K->283696K(1033216K), 0.0026402 secs]
82.780: Total time for which application threads were stopped: 0.0028667 seconds, Stopping threads took: 0.0000186 seconds
82.849: [GC (Allocation Failure)  601648K->287955K(1032704K), 0.0043523 secs]
82.854: Total time for which application threads were stopped: 0.0045281 seconds, Stopping threads took: 0.0000197 seconds
82.919: [GC (Allocation Failure)  605907K->287827K(1033728K), 0.0043786 secs]
82.924: Total time for which application threads were stopped: 0.0045785 seconds, Stopping threads took: 0.0000216 seconds
82.991: [GC (Allocation Failure)  606803K->291411K(1033216K), 0.0052805 secs]
82.997: Total time for which application threads were stopped: 0.0054441 seconds, Stopping threads took: 0.0000250 seconds
83.064: [GC (Allocation Failure)  610387K->295957K(1034240K), 0.0041713 secs]
83.069: Total time for which application threads were stopped: 0.0043386 seconds, Stopping threads took: 0.0000204 seconds
83.135: [GC (Allocation Failure)  615957K->295861K(1033728K), 0.0042775 secs]
83.140: Total time for which application threads were stopped: 0.0044507 seconds, Stopping threads took: 0.0000284 seconds
83.205: [GC (Allocation Failure)  615861K->299165K(1034240K), 0.0052199 secs]
83.210: Total time for which application threads were stopped: 0.0053910 seconds, Stopping threads took: 0.0000198 seconds
83.278: [GC (Allocation Failure)  619677K->303903K(1034240K), 0.0044166 secs]
83.283: Total time for which application threads were stopped: 0.0045843 seconds, Stopping threads took: 0.0000186 seconds
83.351: [GC (Allocation Failure)  624415K->303871K(1034752K), 0.0040831 secs]
83.355: Total time for which application threads were stopped: 0.0042744 seconds, Stopping threads took: 0.0000196 seconds
83.422: [GC (Allocation Failure)  625407K->306375K(1034752K), 0.0049233 secs]
83.427: Total time for which application threads were stopped: 0.0050838 seconds, Stopping threads took: 0.0000166 seconds
83.497: [GC (Allocation Failure)  627911K->311945K(1034752K), 0.0055947 secs]
83.503: Total time for which application threads were stopped: 0.0057984 seconds, Stopping threads took: 0.0000259 seconds
83.571: [GC (Allocation Failure)  633481K->311945K(1034752K), 0.0043916 secs]
83.575: Total time for which application threads were stopped: 0.0045734 seconds, Stopping threads took: 0.0000194 seconds
83.642: [GC (Allocation Failure)  633481K->315649K(1035264K), 0.0053033 secs]
83.647: Total time for which application threads were stopped: 0.0054778 seconds, Stopping threads took: 0.0000206 seconds
83.714: [GC (Allocation Failure)  637697K->320004K(1034752K), 0.0045339 secs]
83.719: Total time for which application threads were stopped: 0.0047030 seconds, Stopping threads took: 0.0000196 seconds
83.788: [GC (Allocation Failure)  642052K->319972K(1035264K), 0.0041726 secs]
83.792: Total time for which application threads were stopped: 0.0043346 seconds, Stopping threads took: 0.0000195 seconds
83.859: [GC (Allocation Failure)  642532K->322852K(1035264K), 0.0049687 secs]
83.864: Total time for which application threads were stopped: 0.0051497 seconds, Stopping threads took: 0.0000196 seconds
83.931: [GC (Allocation Failure)  645412K->328134K(1035264K), 0.0041131 secs]
83.935: Total time for which application threads were stopped: 0.0043000 seconds, Stopping threads took: 0.0000204 seconds
84.005: [GC (Allocation Failure)  650694K->328006K(1035264K), 0.0041487 secs]
84.009: Total time for which application threads were stopped: 0.0043501 seconds, Stopping threads took: 0.0000271 seconds
84.078: [GC (Allocation Failure)  650566K->331078K(1035264K), 0.0052107 secs]
84.084: Total time for which application threads were stopped: 0.0053604 seconds, Stopping threads took: 0.0000169 seconds
84.152: [GC (Allocation Failure)  653638K->336072K(1035264K), 0.0045014 secs]
84.157: Total time for which application threads were stopped: 0.0046722 seconds, Stopping threads took: 0.0000197 seconds
84.226: [GC (Allocation Failure)  658632K->336072K(1035264K), 0.0044209 secs]
84.230: Total time for which application threads were stopped: 0.0045912 seconds, Stopping threads took: 0.0000197 seconds
84.298: [GC (Allocation Failure)  658632K->331270K(1035264K), 0.0025931 secs]
84.301: Total time for which application threads were stopped: 0.0027630 seconds, Stopping threads took: 0.0000200 seconds
84.369: [GC (Allocation Failure)  653830K->336296K(1035264K), 0.0043563 secs]
84.374: Total time for which application threads were stopped: 0.0045286 seconds, Stopping threads took: 0.0000202 seconds
84.443: [GC (Allocation Failure)  658856K->336040K(1035264K), 0.0043839 secs]
84.447: Total time for which application threads were stopped: 0.0045511 seconds, Stopping threads took: 0.0000200 seconds
84.516: [GC (Allocation Failure)  658600K->335590K(1035776K), 0.0041005 secs]
84.520: Total time for which application threads were stopped: 0.0042566 seconds, Stopping threads took: 0.0000165 seconds
84.588: [GC (Allocation Failure)  658662K->336232K(1035264K), 0.0043785 secs]
84.592: Total time for which application threads were stopped: 0.0045468 seconds, Stopping threads took: 0.0000195 seconds
84.660: [GC (Allocation Failure)  659304K->336072K(1035776K), 0.0042707 secs]
84.664: Total time for which application threads were stopped: 0.0044785 seconds, Stopping threads took: 0.0000283 seconds
84.734: [GC (Allocation Failure)  659656K->341886K(1035776K), 0.0071252 secs]
84.741: Total time for which application threads were stopped: 0.0072928 seconds, Stopping threads took: 0.0000170 seconds
84.811: [GC (Allocation Failure)  665470K->337312K(1032704K), 0.0044431 secs]
84.815: Total time for which application threads were stopped: 0.0046120 seconds, Stopping threads took: 0.0000185 seconds
84.883: [GC (Allocation Failure)  657824K->337152K(1034240K), 0.0045261 secs]
84.888: Total time for which application threads were stopped: 0.0046956 seconds, Stopping threads took: 0.0000198 seconds
84.955: [GC (Allocation Failure)  657664K->344230K(1030656K), 0.0078403 secs]
84.963: Total time for which application threads were stopped: 0.0079931 seconds, Stopping threads took: 0.0000189 seconds
85.031: [GC (Allocation Failure)  661670K->338536K(1032704K), 0.0044522 secs]
85.035: Total time for which application threads were stopped: 0.0046357 seconds, Stopping threads took: 0.0000201 seconds
85.104: [GC (Allocation Failure)  655976K->338504K(1033728K), 0.0041051 secs]
85.108: Total time for which application threads were stopped: 0.0043006 seconds, Stopping threads took: 0.0000194 seconds
85.175: [GC (Allocation Failure)  657480K->336070K(1033216K), 0.0033680 secs]
85.179: Total time for which application threads were stopped: 0.0035338 seconds, Stopping threads took: 0.0000192 seconds
85.246: [GC (Allocation Failure)  655046K->338536K(1034752K), 0.0041570 secs]
85.250: Total time for which application threads were stopped: 0.0043463 seconds, Stopping threads took: 0.0000196 seconds
85.319: [GC (Allocation Failure)  659560K->338504K(1034240K), 0.0041844 secs]
85.323: Total time for which application threads were stopped: 0.0043469 seconds, Stopping threads took: 0.0000174 seconds
85.391: [GC (Allocation Failure)  659528K->333702K(1034240K), 0.0024042 secs]
85.393: Total time for which application threads were stopped: 0.0025583 seconds, Stopping threads took: 0.0000172 seconds
85.461: [GC (Allocation Failure)  655238K->338728K(1034752K), 0.0043809 secs]
85.466: Total time for which application threads were stopped: 0.0045528 seconds, Stopping threads took: 0.0000202 seconds
85.534: [GC (Allocation Failure)  660264K->338504K(1035776K), 0.0046087 secs]
85.539: Total time for which application threads were stopped: 0.0047800 seconds, Stopping threads took: 0.0000198 seconds
85.605: [GC (Allocation Failure)  661576K->336422K(1035264K), 0.0035540 secs]
85.609: Total time for which application threads were stopped: 0.0037181 seconds, Stopping threads took: 0.0000187 seconds
85.677: [GC (Allocation Failure)  659494K->338632K(1036288K), 0.0044850 secs]
85.682: Total time for which application threads were stopped: 0.0046499 seconds, Stopping threads took: 0.0000162 seconds
85.752: [GC (Allocation Failure)  662728K->338504K(1035776K), 0.0041479 secs]
85.756: Total time for which application threads were stopped: 0.0043256 seconds, Stopping threads took: 0.0000193 seconds
85.824: [GC (Allocation Failure)  662600K->344294K(1032192K), 0.0072773 secs]
85.831: Total time for which application threads were stopped: 0.0074476 seconds, Stopping threads took: 0.0000196 seconds
85.898: [GC (Allocation Failure)  664806K->340232K(1034240K), 0.0044826 secs]
85.902: Total time for which application threads were stopped: 0.0046544 seconds, Stopping threads took: 0.0000201 seconds
85.972: [GC (Allocation Failure)  660744K->340104K(1035264K), 0.0041667 secs]
85.976: Total time for which application threads were stopped: 0.0043438 seconds, Stopping threads took: 0.0000202 seconds
86.044: [GC (Allocation Failure)  662664K->346094K(1035264K), 0.0072997 secs]
86.051: Total time for which application threads were stopped: 0.0074703 seconds, Stopping threads took: 0.0000193 seconds
86.119: [GC (Allocation Failure)  668654K->340880K(1033216K), 0.0052695 secs]
86.124: Total time for which application threads were stopped: 0.0054589 seconds, Stopping threads took: 0.0000265 seconds
86.193: [GC (Allocation Failure)  661392K->340880K(1034240K), 0.0044476 secs]
86.198: Total time for which application threads were stopped: 0.0046062 seconds, Stopping threads took: 0.0000194 seconds
86.265: [GC (Allocation Failure)  661392K->347046K(1031680K), 0.0072198 secs]
86.272: Total time for which application threads were stopped: 0.0074131 seconds, Stopping threads took: 0.0000194 seconds
86.341: [GC (Allocation Failure)  665510K->341512K(1033216K), 0.0043941 secs]
86.346: Total time for which application threads were stopped: 0.0045450 seconds, Stopping threads took: 0.0000171 seconds
86.412: [GC (Allocation Failure)  659976K->341288K(1033728K), 0.0043898 secs]
86.417: Total time for which application threads were stopped: 0.0045493 seconds, Stopping threads took: 0.0000198 seconds
86.481: [GC (Allocation Failure)  660776K->340582K(1033728K), 0.0041621 secs]
86.486: Total time for which application threads were stopped: 0.0043336 seconds, Stopping threads took: 0.0000195 seconds
86.554: [GC (Allocation Failure)  660070K->341480K(1034752K), 0.0043774 secs]
86.559: Total time for which application threads were stopped: 0.0045374 seconds, Stopping threads took: 0.0000194 seconds
86.625: [GC (Allocation Failure)  662504K->341320K(1034240K), 0.0042299 secs]
86.629: Total time for which application threads were stopped: 0.0043963 seconds, Stopping threads took: 0.0000280 seconds
86.694: [GC (Allocation Failure)  662344K->338694K(1034752K), 0.0033187 secs]
86.698: Total time for which application threads were stopped: 0.0035050 seconds, Stopping threads took: 0.0000181 seconds
86.767: [GC (Allocation Failure)  660230K->341416K(1034752K), 0.0043504 secs]
86.772: Total time for which application threads were stopped: 0.0045075 seconds, Stopping threads took: 0.0000196 seconds
86.839: [GC (Allocation Failure)  662952K->341288K(1035776K), 0.0044100 secs]
86.844: Total time for which application threads were stopped: 0.0045586 seconds, Stopping threads took: 0.0000169 seconds
86.910: [GC (Allocation Failure)  664360K->341446K(1035264K), 0.0045431 secs]
86.914: Total time for which application threads were stopped: 0.0047173 seconds, Stopping threads took: 0.0000193 seconds
86.983: [GC (Allocation Failure)  664518K->341384K(1036288K), 0.0044174 secs]
86.988: Total time for which application threads were stopped: 0.0045897 seconds, Stopping threads took: 0.0000201 seconds
87.055: [GC (Allocation Failure)  665992K->341320K(1036288K), 0.0045153 secs]
87.059: Total time for which application threads were stopped: 0.0047081 seconds, Stopping threads took: 0.0000199 seconds
87.127: [GC (Allocation Failure)  665928K->333990K(1034752K), 0.0013488 secs]
87.129: Total time for which application threads were stopped: 0.0014786 seconds, Stopping threads took: 0.0000252 seconds
87.198: [GC (Allocation Failure)  657574K->341344K(1035776K), 0.0043492 secs]
87.202: Total time for which application threads were stopped: 0.0045340 seconds, Stopping threads took: 0.0000199 seconds
87.271: [GC (Allocation Failure)  664928K->345472K(1036288K), 0.0056663 secs]
87.276: Total time for which application threads were stopped: 0.0058309 seconds, Stopping threads took: 0.0000208 seconds
87.345: [GC (Allocation Failure)  670080K->345440K(1036288K), 0.0066176 secs]
87.352: Total time for which application threads were stopped: 0.0067814 seconds, Stopping threads took: 0.0000204 seconds
87.419: [GC (Allocation Failure)  670048K->345704K(1034752K), 0.0046482 secs]
87.424: Total time for which application threads were stopped: 0.0048349 seconds, Stopping threads took: 0.0000224 seconds
87.492: [GC (Allocation Failure)  669288K->353482K(1035776K), 0.0051694 secs]
87.497: Total time for which application threads were stopped: 0.0053346 seconds, Stopping threads took: 0.0000146 seconds
87.566: [GC (Allocation Failure)  677066K->353482K(1036288K), 0.0043057 secs]
87.571: Total time for which application threads were stopped: 0.0044774 seconds, Stopping threads took: 0.0000202 seconds
87.638: [GC (Allocation Failure)  677578K->353698K(1024000K), 0.0044435 secs]
87.642: Total time for which application threads were stopped: 0.0046169 seconds, Stopping threads took: 0.0000277 seconds
87.712: [GC (Allocation Failure)  677794K->361509K(1035776K), 0.0043693 secs]
87.716: Total time for which application threads were stopped: 0.0045191 seconds, Stopping threads took: 0.0000170 seconds
87.787: [GC (Allocation Failure)  684581K->361509K(1035264K), 0.0043425 secs]
87.791: Total time for which application threads were stopped: 0.0045062 seconds, Stopping threads took: 0.0000200 seconds
87.857: [GC (Allocation Failure)  684581K->361677K(1034752K), 0.0044818 secs]
87.862: Total time for which application threads were stopped: 0.0046563 seconds, Stopping threads took: 0.0000245 seconds
87.930: [GC (Allocation Failure)  684237K->369551K(1035264K), 0.0045087 secs]
87.935: Total time for which application threads were stopped: 0.0046979 seconds, Stopping threads took: 0.0000200 seconds
88.004: [GC (Allocation Failure)  692111K->369551K(1035264K), 0.0045416 secs]
88.009: Total time for which application threads were stopped: 0.0047257 seconds, Stopping threads took: 0.0000195 seconds
88.076: [GC (Allocation Failure)  692111K->369687K(1022464K), 0.0052371 secs]
88.081: Total time for which application threads were stopped: 0.0053974 seconds, Stopping threads took: 0.0000198 seconds
88.149: [GC (Allocation Failure)  692247K->377593K(1034752K), 0.0045215 secs]
88.154: Total time for which application threads were stopped: 0.0046963 seconds, Stopping threads took: 0.0000279 seconds
88.222: [GC (Allocation Failure)  699129K->377593K(1034752K), 0.0044062 secs]
88.226: Total time for which application threads were stopped: 0.0045754 seconds, Stopping threads took: 0.0000196 seconds
88.292: [GC (Allocation Failure)  699129K->377913K(1033728K), 0.0045767 secs]
88.296: Total time for which application threads were stopped: 0.0047324 seconds, Stopping threads took: 0.0000192 seconds
88.363: [GC (Allocation Failure)  698425K->385628K(1034240K), 0.0042934 secs]
88.368: Total time for which application threads were stopped: 0.0044732 seconds, Stopping threads took: 0.0000185 seconds
88.435: [GC (Allocation Failure)  706140K->385596K(1034240K), 0.0045857 secs]
88.440: Total time for which application threads were stopped: 0.0047723 seconds, Stopping threads took: 0.0000198 seconds
88.507: [GC (Allocation Failure)  706108K->386132K(1034240K), 0.0052801 secs]
88.512: Total time for which application threads were stopped: 0.0054867 seconds, Stopping threads took: 0.0000245 seconds
88.581: [GC (Allocation Failure)  706644K->393686K(1034240K), 0.0046352 secs]
88.586: Total time for which application threads were stopped: 0.0047949 seconds, Stopping threads took: 0.0000169 seconds
88.654: [GC (Allocation Failure)  714198K->393622K(1034240K), 0.0043423 secs]
88.659: Total time for which application threads were stopped: 0.0045339 seconds, Stopping threads took: 0.0000260 seconds
88.727: [GC (Allocation Failure)  714134K->393878K(1033216K), 0.0045817 secs]
88.732: Total time for which application threads were stopped: 0.0047425 seconds, Stopping threads took: 0.0000194 seconds
88.799: [GC (Allocation Failure)  713366K->401688K(1033728K), 0.0042802 secs]
88.804: Total time for which application threads were stopped: 0.0044727 seconds, Stopping threads took: 0.0000201 seconds
88.872: [GC (Allocation Failure)  721176K->401720K(1033728K), 0.0044767 secs]
88.877: Total time for which application threads were stopped: 0.0046352 seconds, Stopping threads took: 0.0000194 seconds
88.943: [GC (Allocation Failure)  721208K->401848K(1033728K), 0.0044229 secs]
88.947: Total time for which application threads were stopped: 0.0045922 seconds, Stopping threads took: 0.0000196 seconds
89.014: [GC (Allocation Failure)  721336K->409754K(1033728K), 0.0045567 secs]
89.019: Total time for which application threads were stopped: 0.0047257 seconds, Stopping threads took: 0.0000204 seconds
89.086: [GC (Allocation Failure)  729242K->409690K(1033728K), 0.0044761 secs]
89.091: Total time for which application threads were stopped: 0.0046429 seconds, Stopping threads took: 0.0000223 seconds
89.158: [GC (Allocation Failure)  729178K->409786K(1033728K), 0.0047376 secs]
89.163: Total time for which application threads were stopped: 0.0048965 seconds, Stopping threads took: 0.0000194 seconds
89.230: [GC (Allocation Failure)  729274K->417789K(1033728K), 0.0044981 secs]
89.234: Total time for which application threads were stopped: 0.0046896 seconds, Stopping threads took: 0.0000196 seconds
89.304: [GC (Allocation Failure)  737277K->417757K(1033728K), 0.0042521 secs]
89.308: Total time for which application threads were stopped: 0.0044099 seconds, Stopping threads took: 0.0000165 seconds
89.375: [GC (Allocation Failure)  737245K->418037K(1019392K), 0.0065318 secs]
89.381: Total time for which application threads were stopped: 0.0067226 seconds, Stopping threads took: 0.0000204 seconds
89.449: [GC (Allocation Failure)  737525K->425783K(1033216K), 0.0046585 secs]
89.454: Total time for which application threads were stopped: 0.0048326 seconds, Stopping threads took: 0.0000211 seconds
89.523: [GC (Allocation Failure)  744247K->425815K(1033216K), 0.0044760 secs]
89.527: Total time for which application threads were stopped: 0.0046440 seconds, Stopping threads took: 0.0000194 seconds
89.592: [GC (Allocation Failure)  744279K->426047K(1033216K), 0.0044984 secs]
89.597: Total time for which application threads were stopped: 0.0046572 seconds, Stopping threads took: 0.0000192 seconds
89.665: [GC (Allocation Failure)  744511K->433793K(1033216K), 0.0045397 secs]
89.670: Total time for which application threads were stopped: 0.0047285 seconds, Stopping threads took: 0.0000283 seconds
89.736: [GC (Allocation Failure)  752257K->428959K(1033728K), 0.0029011 secs]
89.739: Total time for which application threads were stopped: 0.0030904 seconds, Stopping threads took: 0.0000201 seconds
89.808: [GC (Allocation Failure)  747935K->434025K(1033216K), 0.0046853 secs]
89.813: Total time for which application threads were stopped: 0.0048370 seconds, Stopping threads took: 0.0000171 seconds
89.880: [GC (Allocation Failure)  753001K->437921K(1034752K), 0.0048173 secs]
89.885: Total time for which application threads were stopped: 0.0049913 seconds, Stopping threads took: 0.0000216 seconds
89.951: [GC (Allocation Failure)  759457K->445535K(1034752K), 0.0082332 secs]
89.959: Total time for which application threads were stopped: 0.0084199 seconds, Stopping threads took: 0.0000206 seconds
90.029: [GC (Allocation Failure)  767071K->439873K(1029632K), 0.0043584 secs]
90.033: Total time for which application threads were stopped: 0.0045071 seconds, Stopping threads took: 0.0000171 seconds
90.100: [GC (Allocation Failure)  756289K->439809K(1032192K), 0.0044464 secs]
90.105: Total time for which application threads were stopped: 0.0046386 seconds, Stopping threads took: 0.0000200 seconds
90.171: [GC (Allocation Failure)  756225K->438367K(1033216K), 0.0040782 secs]
90.175: Total time for which application threads were stopped: 0.0042877 seconds, Stopping threads took: 0.0000193 seconds
90.242: [GC (Allocation Failure)  756319K->439777K(1032704K), 0.0046099 secs]
90.246: Total time for which application threads were stopped: 0.0047701 seconds, Stopping threads took: 0.0000190 seconds
90.313: [GC (Allocation Failure)  757729K->439777K(1034240K), 0.0041937 secs]
90.318: Total time for which application threads were stopped: 0.0043610 seconds, Stopping threads took: 0.0000199 seconds
90.385: [GC (Allocation Failure)  759777K->443041K(1033728K), 0.0052135 secs]
90.390: Total time for which application threads were stopped: 0.0053784 seconds, Stopping threads took: 0.0000204 seconds
90.455: [GC (Allocation Failure)  763041K->448067K(1034240K), 0.0045525 secs]
90.460: Total time for which application threads were stopped: 0.0047237 seconds, Stopping threads took: 0.0000201 seconds
90.528: [GC (Allocation Failure)  768579K->447811K(1034240K), 0.0045787 secs]
90.533: Total time for which application threads were stopped: 0.0047289 seconds, Stopping threads took: 0.0000178 seconds
90.600: [GC (Allocation Failure)  768323K->448731K(1033728K), 0.0049579 secs]
90.605: Total time for which application threads were stopped: 0.0051210 seconds, Stopping threads took: 0.0000199 seconds
90.675: [GC (Allocation Failure)  769243K->455870K(1034240K), 0.0045493 secs]
90.680: Total time for which application threads were stopped: 0.0047275 seconds, Stopping threads took: 0.0000278 seconds
90.748: [GC (Allocation Failure)  776382K->455838K(1034752K), 0.0046211 secs]
90.753: Total time for which application threads were stopped: 0.0047931 seconds, Stopping threads took: 0.0000219 seconds
90.820: [GC (Allocation Failure)  776862K->459486K(1034240K), 0.0056184 secs]
90.826: Total time for which application threads were stopped: 0.0058099 seconds, Stopping threads took: 0.0000201 seconds
90.893: [GC (Allocation Failure)  780510K->464000K(1034752K), 0.0047201 secs]
90.898: Total time for which application threads were stopped: 0.0048903 seconds, Stopping threads took: 0.0000198 seconds
90.966: [GC (Allocation Failure)  785536K->463872K(1034752K), 0.0045818 secs]
90.971: Total time for which application threads were stopped: 0.0047503 seconds, Stopping threads took: 0.0000199 seconds
91.037: [GC (Allocation Failure)  785408K->464192K(1034752K), 0.0045027 secs]
91.042: Total time for which application threads were stopped: 0.0046498 seconds, Stopping threads took: 0.0000166 seconds
91.112: [GC (Allocation Failure)  785728K->471970K(1034752K), 0.0044297 secs]
91.116: Total time for which application threads were stopped: 0.0045974 seconds, Stopping threads took: 0.0000257 seconds
91.184: [GC (Allocation Failure)  793506K->471938K(1034752K), 0.0046248 secs]
91.189: Total time for which application threads were stopped: 0.0047996 seconds, Stopping threads took: 0.0000252 seconds
91.255: [GC (Allocation Failure)  793474K->473442K(1034752K), 0.0050727 secs]
91.260: Total time for which application threads were stopped: 0.0052529 seconds, Stopping threads took: 0.0000206 seconds
91.328: [GC (Allocation Failure)  794978K->479940K(1034752K), 0.0064480 secs]
91.335: Total time for which application threads were stopped: 0.0066256 seconds, Stopping threads took: 0.0000191 seconds
91.403: [GC (Allocation Failure)  801476K->479940K(1034752K), 0.0046692 secs]
91.408: Total time for which application threads were stopped: 0.0048446 seconds, Stopping threads took: 0.0000201 seconds
91.475: [GC (Allocation Failure)  801476K->482684K(1034752K), 0.0053208 secs]
91.480: Total time for which application threads were stopped: 0.0054707 seconds, Stopping threads took: 0.0000168 seconds
91.550: [GC (Allocation Failure)  804220K->488159K(1034752K), 0.0045044 secs]
91.555: Total time for which application threads were stopped: 0.0046932 seconds, Stopping threads took: 0.0000186 seconds
91.622: [GC (Allocation Failure)  809695K->487967K(1034752K), 0.0045687 secs]
91.627: Total time for which application threads were stopped: 0.0047378 seconds, Stopping threads took: 0.0000276 seconds
91.692: [GC (Allocation Failure)  809503K->491935K(1034752K), 0.0056863 secs]
91.698: Total time for which application threads were stopped: 0.0058847 seconds, Stopping threads took: 0.0000267 seconds
91.765: [GC (Allocation Failure)  813471K->496193K(1034240K), 0.0045966 secs]
91.770: Total time for which application threads were stopped: 0.0047551 seconds, Stopping threads took: 0.0000171 seconds
91.836: [GC (Allocation Failure)  817729K->496033K(1034752K), 0.0047380 secs]
91.841: Total time for which application threads were stopped: 0.0049478 seconds, Stopping threads took: 0.0000255 seconds
91.908: [GC (Allocation Failure)  817569K->489023K(1034240K), 0.0017445 secs]
91.910: Total time for which application threads were stopped: 0.0018752 seconds, Stopping threads took: 0.0000187 seconds
91.976: [GC (Allocation Failure)  810559K->496129K(1034752K), 0.0046687 secs]
91.981: Total time for which application threads were stopped: 0.0048341 seconds, Stopping threads took: 0.0000190 seconds
92.048: [GC (Allocation Failure)  817665K->496001K(1034752K), 0.0046393 secs]
92.053: Total time for which application threads were stopped: 0.0048013 seconds, Stopping threads took: 0.0000201 seconds
92.119: [GC (Allocation Failure)  817537K->490239K(1034752K), 0.0023262 secs]
92.121: Total time for which application threads were stopped: 0.0024766 seconds, Stopping threads took: 0.0000251 seconds
92.190: [GC (Allocation Failure)  811775K->496097K(1034752K), 0.0049277 secs]
92.195: Total time for which application threads were stopped: 0.0051182 seconds, Stopping threads took: 0.0000196 seconds
92.263: [GC (Allocation Failure)  817633K->496001K(1034752K), 0.0047596 secs]
92.268: Total time for which application threads were stopped: 0.0049518 seconds, Stopping threads took: 0.0000200 seconds
92.335: [GC (Allocation Failure)  817537K->491519K(1035264K), 0.0029460 secs]
92.338: Total time for which application threads were stopped: 0.0031206 seconds, Stopping threads took: 0.0000193 seconds
92.407: [GC (Allocation Failure)  813567K->496001K(1034752K), 0.0044766 secs]
92.411: Total time for which application threads were stopped: 0.0046360 seconds, Stopping threads took: 0.0000197 seconds
92.481: [GC (Allocation Failure)  818049K->496033K(1035264K), 0.0045019 secs]
92.486: Total time for which application threads were stopped: 0.0046627 seconds, Stopping threads took: 0.0000198 seconds
92.554: [GC (Allocation Failure)  818593K->494751K(1035264K), 0.0042666 secs]
92.559: Total time for which application threads were stopped: 0.0044353 seconds, Stopping threads took: 0.0000192 seconds
92.626: [GC (Allocation Failure)  817311K->496193K(1035776K), 0.0045102 secs]
92.631: Total time for which application threads were stopped: 0.0046838 seconds, Stopping threads took: 0.0000262 seconds
92.698: [GC (Allocation Failure)  819777K->496001K(1035776K), 0.0047299 secs]
92.703: Total time for which application threads were stopped: 0.0049000 seconds, Stopping threads took: 0.0000194 seconds
92.769: [GC (Allocation Failure)  819585K->501071K(1031680K), 0.0070648 secs]
92.776: Total time for which application threads were stopped: 0.0072259 seconds, Stopping threads took: 0.0000264 seconds
92.844: [GC (Allocation Failure)  820559K->496497K(1033728K), 0.0046108 secs]
92.849: Total time for which application threads were stopped: 0.0047963 seconds, Stopping threads took: 0.0000200 seconds
92.915: [GC (Allocation Failure)  815985K->496337K(1034752K), 0.0047889 secs]
92.920: Total time for which application threads were stopped: 0.0049533 seconds, Stopping threads took: 0.0000194 seconds
92.987: [GC (Allocation Failure)  817361K->498095K(1034240K), 0.0053829 secs]
92.992: Total time for which application threads were stopped: 0.0055489 seconds, Stopping threads took: 0.0000188 seconds
93.060: [GC (Allocation Failure)  819119K->496433K(1035264K), 0.0046988 secs]
93.064: Total time for which application threads were stopped: 0.0048797 seconds, Stopping threads took: 0.0000206 seconds
93.132: [GC (Allocation Failure)  818481K->496337K(1034752K), 0.0063901 secs]
93.138: Total time for which application threads were stopped: 0.0065600 seconds, Stopping threads took: 0.0000269 seconds
93.208: [GC (Allocation Failure)  818385K->499823K(1034240K), 0.0061187 secs]
93.214: Total time for which application threads were stopped: 0.0063005 seconds, Stopping threads took: 0.0000164 seconds
93.283: [GC (Allocation Failure)  821359K->496401K(1034752K), 0.0045527 secs]
93.288: Total time for which application threads were stopped: 0.0047246 seconds, Stopping threads took: 0.0000196 seconds
93.354: [GC (Allocation Failure)  817937K->496369K(1035776K), 0.0046839 secs]
93.359: Total time for which application threads were stopped: 0.0048640 seconds, Stopping threads took: 0.0000198 seconds
93.425: [GC (Allocation Failure)  819441K->502543K(1035264K), 0.0077547 secs]
93.433: Total time for which application threads were stopped: 0.0079479 seconds, Stopping threads took: 0.0000192 seconds
93.503: [GC (Allocation Failure)  825615K->498065K(1033216K), 0.0052099 secs]
93.508: Total time for which application threads were stopped: 0.0054117 seconds, Stopping threads took: 0.0000197 seconds
93.576: [GC (Allocation Failure)  818577K->497809K(1034240K), 0.0046211 secs]
93.580: Total time for which application threads were stopped: 0.0047899 seconds, Stopping threads took: 0.0000196 seconds
93.650: [GC (Allocation Failure)  818321K->504719K(1030656K), 0.0079595 secs]
93.658: Total time for which application threads were stopped: 0.0081262 seconds, Stopping threads took: 0.0000277 seconds
93.725: [GC (Allocation Failure)  822159K->499153K(1032704K), 0.0046424 secs]
93.730: Total time for which application threads were stopped: 0.0048094 seconds, Stopping threads took: 0.0000282 seconds
93.797: [GC (Allocation Failure)  816593K->498961K(1033728K), 0.0045245 secs]
93.802: Total time for which application threads were stopped: 0.0047177 seconds, Stopping threads took: 0.0000193 seconds
93.871: [GC (Allocation Failure)  817937K->496399K(1033216K), 0.0038452 secs]
93.875: Total time for which application threads were stopped: 0.0040156 seconds, Stopping threads took: 0.0000190 seconds
93.942: [GC (Allocation Failure)  815375K->499121K(1034240K), 0.0046539 secs]
93.947: Total time for which application threads were stopped: 0.0048254 seconds, Stopping threads took: 0.0000206 seconds
94.015: [GC (Allocation Failure)  819121K->498993K(1033728K), 0.0044708 secs]
94.019: Total time for which application threads were stopped: 0.0046444 seconds, Stopping threads took: 0.0000203 seconds
94.085: [GC (Allocation Failure)  818993K->491951K(1032704K), 0.0019403 secs]
94.087: Total time for which application threads were stopped: 0.0020866 seconds, Stopping threads took: 0.0000258 seconds
94.155: [GC (Allocation Failure)  811439K->498993K(1033728K), 0.0064147 secs]
94.161: Total time for which application threads were stopped: 0.0066021 seconds, Stopping threads took: 0.0000269 seconds
94.230: [GC (Allocation Failure)  818481K->498961K(1034752K), 0.0046479 secs]
94.235: Total time for which application threads were stopped: 0.0048119 seconds, Stopping threads took: 0.0000170 seconds
94.300: [GC (Allocation Failure)  819985K->500721K(1034240K), 0.0049625 secs]
94.305: Total time for which application threads were stopped: 0.0051317 seconds, Stopping threads took: 0.0000197 seconds
94.373: [GC (Allocation Failure)  821745K->506995K(1034752K), 0.0044759 secs]
94.377: Total time for which application threads were stopped: 0.0046548 seconds, Stopping threads took: 0.0000205 seconds
94.446: [GC (Allocation Failure)  828019K->506995K(1034240K), 0.0048513 secs]
94.451: Total time for which application threads were stopped: 0.0050302 seconds, Stopping threads took: 0.0000199 seconds
94.519: [GC (Allocation Failure)  828019K->508475K(1034240K), 0.0050345 secs]
94.525: Total time for which application threads were stopped: 0.0051790 seconds, Stopping threads took: 0.0000151 seconds
94.592: [GC (Allocation Failure)  830011K->515262K(1034752K), 0.0046612 secs]
94.597: Total time for which application threads were stopped: 0.0048273 seconds, Stopping threads took: 0.0000200 seconds
94.665: [GC (Allocation Failure)  836798K->515006K(1035264K), 0.0046077 secs]
94.669: Total time for which application threads were stopped: 0.0047682 seconds, Stopping threads took: 0.0000202 seconds
94.736: [GC (Allocation Failure)  837054K->518278K(1034752K), 0.0054779 secs]
94.742: Total time for which application threads were stopped: 0.0056490 seconds, Stopping threads took: 0.0000255 seconds
94.809: [GC (Allocation Failure)  840326K->523240K(1035264K), 0.0046949 secs]
94.814: Total time for which application threads were stopped: 0.0048540 seconds, Stopping threads took: 0.0000199 seconds
94.883: [GC (Allocation Failure)  845800K->523112K(1035264K), 0.0047966 secs]
94.888: Total time for which application threads were stopped: 0.0049662 seconds, Stopping threads took: 0.0000194 seconds
94.958: [GC (Allocation Failure)  845672K->517926K(1035264K), 0.0026865 secs]
94.960: Total time for which application threads were stopped: 0.0028618 seconds, Stopping threads took: 0.0000189 seconds
95.029: [GC (Allocation Failure)  840486K->523208K(1035264K), 0.0046560 secs]
95.034: Total time for which application threads were stopped: 0.0048336 seconds, Stopping threads took: 0.0000280 seconds
95.102: [GC (Allocation Failure)  845768K->523080K(1035264K), 0.0045957 secs]
95.107: Total time for which application threads were stopped: 0.0047565 seconds, Stopping threads took: 0.0000202 seconds
95.175: [GC (Allocation Failure)  845640K->522214K(1035264K), 0.0044338 secs]
95.180: Total time for which application threads were stopped: 0.0046086 seconds, Stopping threads took: 0.0000260 seconds
95.248: [GC (Allocation Failure)  844774K->523176K(1035776K), 0.0048832 secs]
95.253: Total time for which application threads were stopped: 0.0050590 seconds, Stopping threads took: 0.0000208 seconds
95.321: [GC (Allocation Failure)  846760K->523080K(1035776K), 0.0046704 secs]
95.325: Total time for which application threads were stopped: 0.0048291 seconds, Stopping threads took: 0.0000191 seconds
95.392: [GC (Allocation Failure)  846664K->528550K(1032192K), 0.0097541 secs]
95.401: Total time for which application threads were stopped: 0.0099153 seconds, Stopping threads took: 0.0000190 seconds
95.471: [GC (Allocation Failure)  849062K->524360K(1034240K), 0.0048449 secs]
95.476: Total time for which application threads were stopped: 0.0050021 seconds, Stopping threads took: 0.0000194 seconds
95.547: [GC (Allocation Failure)  844872K->524328K(1035264K), 0.0047409 secs]
95.551: Total time for which application threads were stopped: 0.0049123 seconds, Stopping threads took: 0.0000199 seconds
95.619: [GC (Allocation Failure)  846376K->529510K(1034752K), 0.0069114 secs]
95.626: Total time for which application threads were stopped: 0.0070723 seconds, Stopping threads took: 0.0000183 seconds
95.694: [GC (Allocation Failure)  851558K->524520K(1033728K), 0.0048883 secs]
95.699: Total time for which application threads were stopped: 0.0050713 seconds, Stopping threads took: 0.0000201 seconds
95.769: [GC (Allocation Failure)  845032K->524296K(1034240K), 0.0045682 secs]
95.774: Total time for which application threads were stopped: 0.0047478 seconds, Stopping threads took: 0.0000196 seconds
95.843: [GC (Allocation Failure)  844808K->529190K(1032704K), 0.0067846 secs]
95.849: Total time for which application threads were stopped: 0.0069761 seconds, Stopping threads took: 0.0000197 seconds
95.918: [GC (Allocation Failure)  848678K->524488K(1033728K), 0.0048950 secs]
95.923: Total time for which application threads were stopped: 0.0050555 seconds, Stopping threads took: 0.0000180 seconds
95.990: [GC (Allocation Failure)  843976K->524328K(1034752K), 0.0065361 secs]
95.996: Total time for which application threads were stopped: 0.0067316 seconds, Stopping threads took: 0.0000357 seconds
96.064: [GC (Allocation Failure)  845352K->525798K(1034240K), 0.0054152 secs]
96.069: Total time for which application threads were stopped: 0.0055973 seconds, Stopping threads took: 0.0000191 seconds
96.137: [GC (Allocation Failure)  846822K->524456K(1035264K), 0.0044469 secs]
96.142: Total time for which application threads were stopped: 0.0046152 seconds, Stopping threads took: 0.0000261 seconds
96.209: [GC (Allocation Failure)  846504K->524360K(1034752K), 0.0047833 secs]
96.214: Total time for which application threads were stopped: 0.0049565 seconds, Stopping threads took: 0.0000190 seconds
96.281: [GC (Allocation Failure)  846408K->527558K(1034240K), 0.0059388 secs]
96.288: Total time for which application threads were stopped: 0.0061323 seconds, Stopping threads took: 0.0000194 seconds
96.357: [GC (Allocation Failure)  849094K->524360K(1034752K), 0.0045232 secs]
96.361: Total time for which application threads were stopped: 0.0046721 seconds, Stopping threads took: 0.0000166 seconds
96.427: [GC (Allocation Failure)  845896K->524360K(1035776K), 0.0046103 secs]
96.432: Total time for which application threads were stopped: 0.0047768 seconds, Stopping threads took: 0.0000191 seconds
96.498: [GC (Allocation Failure)  847432K->530278K(1035264K), 0.0078353 secs]
96.506: Total time for which application threads were stopped: 0.0080518 seconds, Stopping threads took: 0.0000250 seconds
96.572: [GC (Allocation Failure)  853350K->525800K(1033216K), 0.0048525 secs]
96.577: Total time for which application threads were stopped: 0.0050173 seconds, Stopping threads took: 0.0000196 seconds
96.645: [GC (Allocation Failure)  846312K->525544K(1034240K), 0.0044440 secs]
96.649: Total time for which application threads were stopped: 0.0046217 seconds, Stopping threads took: 0.0000283 seconds
96.718: [GC (Allocation Failure)  846056K->532206K(1031680K), 0.0077751 secs]
96.726: Total time for which application threads were stopped: 0.0079780 seconds, Stopping threads took: 0.0000191 seconds
96.795: [GC (Allocation Failure)  850670K->526640K(1033216K), 0.0047061 secs]
96.800: Total time for which application threads were stopped: 0.0048573 seconds, Stopping threads took: 0.0000167 seconds
96.867: [GC (Allocation Failure)  845104K->526480K(1033728K), 0.0048961 secs]
96.872: Total time for which application threads were stopped: 0.0050665 seconds, Stopping threads took: 0.0000193 seconds
96.941: [GC (Allocation Failure)  845456K->525678K(1033216K), 0.0046101 secs]
96.945: Total time for which application threads were stopped: 0.0047819 seconds, Stopping threads took: 0.0000195 seconds
97.014: [GC (Allocation Failure)  844654K->526608K(1034240K), 0.0047303 secs]
97.019: Total time for which application threads were stopped: 0.0049234 seconds, Stopping threads took: 0.0000189 seconds
97.087: [GC (Allocation Failure)  846608K->526448K(1033728K), 0.0047890 secs]
97.092: Total time for which application threads were stopped: 0.0049906 seconds, Stopping threads took: 0.0000199 seconds
97.159: [GC (Allocation Failure)  846448K->521294K(1033728K), 0.0025668 secs]
97.161: Total time for which application threads were stopped: 0.0027299 seconds, Stopping threads took: 0.0000276 seconds
97.229: [GC (Allocation Failure)  841806K->526576K(1034240K), 0.0046080 secs]
97.234: Total time for which application threads were stopped: 0.0047787 seconds, Stopping threads took: 0.0000197 seconds
97.302: [GC (Allocation Failure)  847088K->526448K(1035264K), 0.0047014 secs]
97.307: Total time for which application threads were stopped: 0.0048652 seconds, Stopping threads took: 0.0000204 seconds
97.374: [GC (Allocation Failure)  848496K->520942K(1034752K), 0.0063968 secs]
97.381: Total time for which application threads were stopped: 0.0065688 seconds, Stopping threads took: 0.0000194 seconds
97.450: [GC (Allocation Failure)  842990K->526480K(1035264K), 0.0081568 secs]
97.458: Total time for which application threads were stopped: 0.0083251 seconds, Stopping threads took: 0.0000214 seconds
97.528: [GC (Allocation Failure)  848528K->526480K(1034752K), 0.0045448 secs]
97.533: Total time for which application threads were stopped: 0.0046980 seconds, Stopping threads took: 0.0000175 seconds
97.600: [GC (Allocation Failure)  848528K->523726K(1035776K), 0.0037515 secs]
97.604: Total time for which application threads were stopped: 0.0039296 seconds, Stopping threads took: 0.0000189 seconds
97.675: [GC (Allocation Failure)  846798K->526704K(1035264K), 0.0046742 secs]
97.679: Total time for which application threads were stopped: 0.0048335 seconds, Stopping threads took: 0.0000187 seconds
97.747: [GC (Allocation Failure)  849776K->526448K(1036288K), 0.0049061 secs]
97.752: Total time for which application threads were stopped: 0.0050645 seconds, Stopping threads took: 0.0000193 seconds
97.819: [GC (Allocation Failure)  850544K->530606K(1035776K), 0.0065538 secs]
97.825: Total time for which application threads were stopped: 0.0067254 seconds, Stopping threads took: 0.0000191 seconds
97.893: [GC (Allocation Failure)  854702K->526640K(1034752K), 0.0047325 secs]
97.898: Total time for which application threads were stopped: 0.0048906 seconds, Stopping threads took: 0.0000193 seconds
97.965: [GC (Allocation Failure)  849200K->526448K(1035264K), 0.0046012 secs]
97.970: Total time for which application threads were stopped: 0.0047936 seconds, Stopping threads took: 0.0000190 seconds
98.039: [GC (Allocation Failure)  849008K->520046K(1034752K), 0.0021419 secs]
98.041: Total time for which application threads were stopped: 0.0022745 seconds, Stopping threads took: 0.0000172 seconds
98.108: [GC (Allocation Failure)  842606K->526608K(1035264K), 0.0046203 secs]
98.113: Total time for which application threads were stopped: 0.0048070 seconds, Stopping threads took: 0.0000286 seconds
98.182: [GC (Allocation Failure)  849168K->530592K(1035776K), 0.0053778 secs]
98.187: Total time for which application threads were stopped: 0.0055668 seconds, Stopping threads took: 0.0000268 seconds
98.252: [GC (Allocation Failure)  854176K->526654K(1035776K), 0.0035990 secs]
98.256: Total time for which application threads were stopped: 0.0037556 seconds, Stopping threads took: 0.0000192 seconds
98.324: [GC (Allocation Failure)  850238K->530760K(1035776K), 0.0050562 secs]
98.330: Total time for which application threads were stopped: 0.0052296 seconds, Stopping threads took: 0.0000191 seconds
98.397: [GC (Allocation Failure)  854344K->534728K(1035776K), 0.0046812 secs]
98.402: Total time for which application threads were stopped: 0.0048449 seconds, Stopping threads took: 0.0000201 seconds
98.470: [GC (Allocation Failure)  858312K->534696K(1036288K), 0.0045721 secs]
98.474: Total time for which application threads were stopped: 0.0047403 seconds, Stopping threads took: 0.0000196 seconds
98.541: [GC (Allocation Failure)  858792K->535080K(1024000K), 0.0048537 secs]
98.546: Total time for which application threads were stopped: 0.0050212 seconds, Stopping threads took: 0.0000200 seconds
98.614: [GC (Allocation Failure)  859176K->542762K(1035264K), 0.0047262 secs]
98.618: Total time for which application threads were stopped: 0.0048983 seconds, Stopping threads took: 0.0000195 seconds
98.686: [GC (Allocation Failure)  865322K->542762K(1035264K), 0.0046773 secs]
98.691: Total time for which application threads were stopped: 0.0048333 seconds, Stopping threads took: 0.0000249 seconds
98.758: [GC (Allocation Failure)  865322K->542826K(1034752K), 0.0048700 secs]
98.763: Total time for which application threads were stopped: 0.0050435 seconds, Stopping threads took: 0.0000278 seconds
98.831: [GC (Allocation Failure)  865386K->550796K(1035264K), 0.0045214 secs]
98.836: Total time for which application threads were stopped: 0.0047126 seconds, Stopping threads took: 0.0000191 seconds
98.906: [GC (Allocation Failure)  873356K->550828K(1035264K), 0.0046500 secs]
98.911: Total time for which application threads were stopped: 0.0048294 seconds, Stopping threads took: 0.0000203 seconds
98.979: [GC (Allocation Failure)  873388K->551052K(1022464K), 0.0049709 secs]
98.984: Total time for which application threads were stopped: 0.0051307 seconds, Stopping threads took: 0.0000203 seconds
99.052: [GC (Allocation Failure)  873612K->558863K(1034752K), 0.0048457 secs]
99.057: Total time for which application threads were stopped: 0.0050078 seconds, Stopping threads took: 0.0000197 seconds
99.125: [GC (Allocation Failure)  880399K->558831K(1034752K), 0.0046643 secs]
99.130: Total time for which application threads were stopped: 0.0048726 seconds, Stopping threads took: 0.0000250 seconds
99.196: [GC (Allocation Failure)  880367K->559239K(1033728K), 0.0048968 secs]
99.201: Total time for which application threads were stopped: 0.0050566 seconds, Stopping threads took: 0.0000193 seconds
99.268: [GC (Allocation Failure)  879751K->566857K(1034240K), 0.0048694 secs]
99.273: Total time for which application threads were stopped: 0.0050399 seconds, Stopping threads took: 0.0000194 seconds
99.342: [GC (Allocation Failure)  887369K->566857K(1034240K), 0.0047979 secs]
99.347: Total time for which application threads were stopped: 0.0049750 seconds, Stopping threads took: 0.0000190 seconds
99.414: [GC (Allocation Failure)  887369K->567017K(1034240K), 0.0048355 secs]
99.419: Total time for which application threads were stopped: 0.0049992 seconds, Stopping threads took: 0.0000197 seconds
99.487: [GC (Allocation Failure)  887529K->574859K(1034240K), 0.0065287 secs]
99.493: Total time for which application threads were stopped: 0.0067258 seconds, Stopping threads took: 0.0000198 seconds
99.561: [GC (Allocation Failure)  895371K->574891K(1034240K), 0.0047512 secs]
99.566: Total time for which application threads were stopped: 0.0049228 seconds, Stopping threads took: 0.0000191 seconds
99.634: [GC (Allocation Failure)  895403K->574947K(1033216K), 0.0050383 secs]
99.639: Total time for which application threads were stopped: 0.0052142 seconds, Stopping threads took: 0.0000259 seconds
99.705: [GC (Allocation Failure)  894435K->582917K(1033728K), 0.0048829 secs]
99.710: Total time for which application threads were stopped: 0.0050514 seconds, Stopping threads took: 0.0000265 seconds
99.776: [GC (Allocation Failure)  902405K->582917K(1033728K), 0.0056259 secs]
99.782: Total time for which application threads were stopped: 0.0057958 seconds, Stopping threads took: 0.0000195 seconds
99.847: [GC (Allocation Failure)  902405K->582981K(1033728K), 0.0048881 secs]
99.852: Total time for which application threads were stopped: 0.0050483 seconds, Stopping threads took: 0.0000203 seconds
99.921: [GC (Allocation Failure)  902469K->590984K(1033728K), 0.0046532 secs]
99.925: Total time for which application threads were stopped: 0.0048332 seconds, Stopping threads took: 0.0000193 seconds
99.993: [GC (Allocation Failure)  910472K->590952K(1033728K), 0.0049295 secs]
99.998: Total time for which application threads were stopped: 0.0051003 seconds, Stopping threads took: 0.0000198 seconds
100.064: [GC (Allocation Failure)  910440K->591208K(1033728K), 0.0048096 secs]
100.069: Total time for which application threads were stopped: 0.0050043 seconds, Stopping threads took: 0.0000206 seconds
100.137: [GC (Allocation Failure)  910696K->598986K(1027072K), 0.0047542 secs]
100.142: Total time for which application threads were stopped: 0.0049055 seconds, Stopping threads took: 0.0000252 seconds
100.209: [GC (Allocation Failure)  918474K->598954K(1033728K), 0.0048611 secs]
100.214: Total time for which application threads were stopped: 0.0050341 seconds, Stopping threads took: 0.0000256 seconds
100.281: [GC (Allocation Failure)  917930K->599146K(1033216K), 0.0049033 secs]
100.286: Total time for which application threads were stopped: 0.0050747 seconds, Stopping threads took: 0.0000192 seconds
100.354: [GC (Allocation Failure)  918122K->607052K(1033216K), 0.0048017 secs]
100.359: Total time for which application threads were stopped: 0.0049937 seconds, Stopping threads took: 0.0000200 seconds
100.425: [GC (Allocation Failure)  925516K->602058K(1033216K), 0.0031332 secs]
100.428: Total time for which application threads were stopped: 0.0032952 seconds, Stopping threads took: 0.0000171 seconds
100.495: [GC (Allocation Failure)  920522K->607076K(1034752K), 0.0079297 secs]
100.504: Total time for which application threads were stopped: 0.0081121 seconds, Stopping threads took: 0.0000246 seconds
100.571: [GC (Allocation Failure)  927588K->611148K(1033728K), 0.0049169 secs]
100.576: Total time for which application threads were stopped: 0.0050689 seconds, Stopping threads took: 0.0000170 seconds
100.644: [GC (Allocation Failure)  931660K->618658K(1028608K), 0.0085169 secs]
100.652: Total time for which application threads were stopped: 0.0087198 seconds, Stopping threads took: 0.0000285 seconds
100.721: [GC (Allocation Failure)  934050K->612932K(1031680K), 0.0050012 secs]
100.726: Total time for which application threads were stopped: 0.0051674 seconds, Stopping threads took: 0.0000204 seconds
100.791: [GC (Allocation Failure)  928324K->612900K(1032704K), 0.0047554 secs]
100.796: Total time for which application threads were stopped: 0.0049187 seconds, Stopping threads took: 0.0000206 seconds
100.862: [GC (Allocation Failure)  929828K->616932K(1032192K), 0.0060397 secs]
100.868: Total time for which application threads were stopped: 0.0062291 seconds, Stopping threads took: 0.0000201 seconds
100.935: [GC (Allocation Failure)  933860K->620966K(1033216K), 0.0048035 secs]
100.940: Total time for which application threads were stopped: 0.0049987 seconds, Stopping threads took: 0.0000201 seconds
101.007: [GC (Allocation Failure)  939430K->620934K(1033216K), 0.0048686 secs]
101.012: Total time for which application threads were stopped: 0.0050360 seconds, Stopping threads took: 0.0000167 seconds
101.077: [GC (Allocation Failure)  939398K->623622K(1033728K), 0.0053856 secs]
101.082: Total time for which application threads were stopped: 0.0055519 seconds, Stopping threads took: 0.0000193 seconds
101.150: [GC (Allocation Failure)  943110K->628969K(1033728K), 0.0046832 secs]
101.155: Total time for which application threads were stopped: 0.0048519 seconds, Stopping threads took: 0.0000192 seconds
101.224: [GC (Allocation Failure)  948457K->628969K(1034240K), 0.0048637 secs]
101.229: Total time for which application threads were stopped: 0.0050351 seconds, Stopping threads took: 0.0000203 seconds
101.296: [GC (Allocation Failure)  948969K->631337K(1033728K), 0.0053422 secs]
101.301: Total time for which application threads were stopped: 0.0055174 seconds, Stopping threads took: 0.0000205 seconds
101.369: [GC (Allocation Failure)  951337K->637099K(1034240K), 0.0049870 secs]
101.374: Total time for which application threads were stopped: 0.0051709 seconds, Stopping threads took: 0.0000208 seconds
101.441: [GC (Allocation Failure)  957611K->637003K(1034240K), 0.0047106 secs]
101.446: Total time for which application threads were stopped: 0.0048945 seconds, Stopping threads took: 0.0000203 seconds
101.513: [GC (Allocation Failure)  957515K->641067K(1034752K), 0.0073593 secs]
101.521: Total time for which application threads were stopped: 0.0075509 seconds, Stopping threads took: 0.0000253 seconds
101.592: [GC (Allocation Failure)  962091K->645101K(1034240K), 0.0049106 secs]
101.597: Total time for which application threads were stopped: 0.0051030 seconds, Stopping threads took: 0.0000184 seconds
101.666: [GC (Allocation Failure)  966125K->645037K(1034752K), 0.0049025 secs]
101.671: Total time for which application threads were stopped: 0.0050632 seconds, Stopping threads took: 0.0000194 seconds
101.738: [GC (Allocation Failure)  966573K->645261K(1034752K), 0.0051350 secs]
101.743: Total time for which application threads were stopped: 0.0052954 seconds, Stopping threads took: 0.0000191 seconds
101.811: [GC (Allocation Failure)  966797K->653104K(1034752K), 0.0050938 secs]
101.816: Total time for which application threads were stopped: 0.0052539 seconds, Stopping threads took: 0.0000203 seconds
101.883: [GC (Allocation Failure)  974640K->653072K(1034752K), 0.0051833 secs]
101.888: Total time for which application threads were stopped: 0.0053575 seconds, Stopping threads took: 0.0000194 seconds
101.954: [GC (Allocation Failure)  974608K->654512K(1034752K), 0.0050692 secs]
101.959: Total time for which application threads were stopped: 0.0052314 seconds, Stopping threads took: 0.0000200 seconds
102.027: [GC (Allocation Failure)  976048K->661170K(1029120K), 0.0049354 secs]
102.032: Total time for which application threads were stopped: 0.0051066 seconds, Stopping threads took: 0.0000196 seconds
102.099: [GC (Allocation Failure)  982706K->661106K(1034752K), 0.0049790 secs]
102.104: Total time for which application threads were stopped: 0.0051392 seconds, Stopping threads took: 0.0000199 seconds
102.172: [GC (Allocation Failure)  982130K->663258K(1034240K), 0.0054200 secs]
102.177: Total time for which application threads were stopped: 0.0056027 seconds, Stopping threads took: 0.0000259 seconds
102.245: [GC (Allocation Failure)  984282K->669148K(1034752K), 0.0049286 secs]
102.250: Total time for which application threads were stopped: 0.0051174 seconds, Stopping threads took: 0.0000188 seconds
102.320: [GC (Allocation Failure)  990684K->669148K(1034752K), 0.0047892 secs]
102.325: Total time for which application threads were stopped: 0.0049622 seconds, Stopping threads took: 0.0000263 seconds
102.390: [GC (Allocation Failure)  990684K->672036K(1034752K), 0.0057332 secs]
102.396: Total time for which application threads were stopped: 0.0059038 seconds, Stopping threads took: 0.0000200 seconds
102.461: [GC (Allocation Failure)  993572K->677286K(1034752K), 0.0048853 secs]
102.466: Total time for which application threads were stopped: 0.0050560 seconds, Stopping threads took: 0.0000200 seconds
102.533: [GC (Allocation Failure)  998822K->677222K(1034752K), 0.0050081 secs]
102.538: Total time for which application threads were stopped: 0.0051782 seconds, Stopping threads took: 0.0000188 seconds
102.604: [GC (Allocation Failure)  998758K->681286K(1034752K), 0.0059921 secs]
102.610: Total time for which application threads were stopped: 0.0061598 seconds, Stopping threads took: 0.0000193 seconds
102.677: [GC (Allocation Failure)  1002822K->685225K(1035264K), 0.0047800 secs]
102.681: Total time for which application threads were stopped: 0.0049531 seconds, Stopping threads took: 0.0000285 seconds
102.750: [GC (Allocation Failure)  1007785K->685193K(1035264K), 0.0059829 secs]
102.756: Total time for which application threads were stopped: 0.0063172 seconds, Stopping threads took: 0.0000198 seconds
102.823: [GC (Allocation Failure)  1007753K->688521K(1035264K), 0.0057878 secs]
102.829: [Full GC (Ergonomics)  688521K->11721K(1035264K), 0.0175456 secs]
102.847: Total time for which application threads were stopped: 0.0235871 seconds, Stopping threads took: 0.0000191 seconds
102.916: [GC (Allocation Failure)  334281K->20715K(1031168K), 0.0038536 secs]
102.920: Total time for which application threads were stopped: 0.0040041 seconds, Stopping threads took: 0.0000167 seconds
102.986: [GC (Allocation Failure)  343275K->20691K(1035264K), 0.0040167 secs]
102.990: Total time for which application threads were stopped: 0.0042033 seconds, Stopping threads took: 0.0000214 seconds
103.057: [GC (Allocation Failure)  342739K->23603K(1034752K), 0.0053170 secs]
103.063: Total time for which application threads were stopped: 0.0054680 seconds, Stopping threads took: 0.0000199 seconds
103.131: [GC (Allocation Failure)  345651K->28757K(1035264K), 0.0037507 secs]
103.135: Total time for which application threads were stopped: 0.0039227 seconds, Stopping threads took: 0.0000259 seconds
103.204: [GC (Allocation Failure)  351317K->28725K(1035264K), 0.0038698 secs]
103.208: Total time for which application threads were stopped: 0.0040385 seconds, Stopping threads took: 0.0000201 seconds
103.273: [GC (Allocation Failure)  351285K->31389K(1035264K), 0.0043909 secs]
103.278: Total time for which application threads were stopped: 0.0045433 seconds, Stopping threads took: 0.0000202 seconds
103.346: [GC (Allocation Failure)  353949K->36895K(1035264K), 0.0038846 secs]
103.350: Total time for which application threads were stopped: 0.0040472 seconds, Stopping threads took: 0.0000192 seconds
103.417: [GC (Allocation Failure)  359455K->36767K(1035264K), 0.0037056 secs]
103.421: Total time for which application threads were stopped: 0.0038651 seconds, Stopping threads took: 0.0000192 seconds
103.490: [GC (Allocation Failure)  359327K->31549K(1035264K), 0.0074555 secs]
103.498: Total time for which application threads were stopped: 0.0076489 seconds, Stopping threads took: 0.0000190 seconds
103.566: [GC (Allocation Failure)  354109K->36863K(1035264K), 0.0038127 secs]
103.570: Total time for which application threads were stopped: 0.0039885 seconds, Stopping threads took: 0.0000194 seconds
103.640: [GC (Allocation Failure)  359423K->36767K(1035264K), 0.0037348 secs]
103.644: Total time for which application threads were stopped: 0.0039029 seconds, Stopping threads took: 0.0000199 seconds
103.713: [GC (Allocation Failure)  359327K->35837K(1035776K), 0.0034891 secs]
103.717: Total time for which application threads were stopped: 0.0036448 seconds, Stopping threads took: 0.0000165 seconds
103.785: [GC (Allocation Failure)  358909K->36799K(1035264K), 0.0038308 secs]
103.789: Total time for which application threads were stopped: 0.0039970 seconds, Stopping threads took: 0.0000196 seconds
103.857: [GC (Allocation Failure)  359871K->36767K(1035776K), 0.0038670 secs]
103.861: Total time for which application threads were stopped: 0.0040402 seconds, Stopping threads took: 0.0000204 seconds
103.928: [GC (Allocation Failure)  360351K->42165K(1035776K), 0.0063357 secs]
103.935: Total time for which application threads were stopped: 0.0065169 seconds, Stopping threads took: 0.0000208 seconds
104.004: [GC (Allocation Failure)  365749K->37655K(1032704K), 0.0039576 secs]
104.009: Total time for which application threads were stopped: 0.0041247 seconds, Stopping threads took: 0.0000197 seconds
104.077: [GC (Allocation Failure)  358167K->37431K(1034240K), 0.0036377 secs]
104.080: Total time for which application threads were stopped: 0.0038193 seconds, Stopping threads took: 0.0000208 seconds
104.148: [GC (Allocation Failure)  357943K->44069K(1030656K), 0.0068186 secs]
104.155: Total time for which application threads were stopped: 0.0070071 seconds, Stopping threads took: 0.0000262 seconds
104.222: [GC (Allocation Failure)  361509K->38471K(1032704K), 0.0037464 secs]
104.226: Total time for which application threads were stopped: 0.0039075 seconds, Stopping threads took: 0.0000200 seconds
104.295: [GC (Allocation Failure)  355911K->38311K(1034240K), 0.0037793 secs]
104.299: Total time for which application threads were stopped: 0.0039460 seconds, Stopping threads took: 0.0000199 seconds
104.364: [GC (Allocation Failure)  358311K->36453K(1033728K), 0.0030033 secs]
104.368: Total time for which application threads were stopped: 0.0031930 seconds, Stopping threads took: 0.0000190 seconds
104.435: [GC (Allocation Failure)  356453K->38407K(1034752K), 0.0039219 secs]
104.439: Total time for which application threads were stopped: 0.0041160 seconds, Stopping threads took: 0.0000171 seconds
104.507: [GC (Allocation Failure)  359431K->38311K(1034240K), 0.0044460 secs]
104.512: Total time for which application threads were stopped: 0.0046177 seconds, Stopping threads took: 0.0000253 seconds
104.580: [GC (Allocation Failure)  359335K->35141K(1035264K), 0.0025407 secs]
104.582: Total time for which application threads were stopped: 0.0026881 seconds, Stopping threads took: 0.0000158 seconds
104.651: [GC (Allocation Failure)  357701K->38375K(1035264K), 0.0038308 secs]
104.654: Total time for which application threads were stopped: 0.0040378 seconds, Stopping threads took: 0.0000262 seconds
104.723: [GC (Allocation Failure)  360935K->38279K(1036288K), 0.0038149 secs]
104.727: Total time for which application threads were stopped: 0.0039773 seconds, Stopping threads took: 0.0000199 seconds
104.795: [GC (Allocation Failure)  362375K->40965K(1035776K), 0.0049874 secs]
104.800: Total time for which application threads were stopped: 0.0051571 seconds, Stopping threads took: 0.0000198 seconds
104.868: [GC (Allocation Failure)  365061K->38567K(1035776K), 0.0040852 secs]
104.873: Total time for which application threads were stopped: 0.0042592 seconds, Stopping threads took: 0.0000196 seconds
104.940: [GC (Allocation Failure)  362151K->38311K(1035776K), 0.0039153 secs]
104.944: Total time for which application threads were stopped: 0.0040802 seconds, Stopping threads took: 0.0000193 seconds
105.013: [GC (Allocation Failure)  361895K->32485K(1035264K), 0.0015137 secs]
105.014: Total time for which application threads were stopped: 0.0016611 seconds, Stopping threads took: 0.0000190 seconds
105.086: [GC (Allocation Failure)  356069K->38567K(1035776K), 0.0039585 secs]
105.090: Total time for which application threads were stopped: 0.0041215 seconds, Stopping threads took: 0.0000201 seconds
105.159: [GC (Allocation Failure)  362151K->42423K(1036288K), 0.0040609 secs]
105.163: Total time for which application threads were stopped: 0.0042296 seconds, Stopping threads took: 0.0000263 seconds
105.231: [GC (Allocation Failure)  366519K->42487K(1035776K), 0.0035875 secs]
105.235: Total time for which application threads were stopped: 0.0037634 seconds, Stopping threads took: 0.0000203 seconds
105.302: [GC (Allocation Failure)  366583K->42671K(1035264K), 0.0040165 secs]
105.306: Total time for which application threads were stopped: 0.0041990 seconds, Stopping threads took: 0.0000194 seconds
105.377: [GC (Allocation Failure)  366255K->50514K(1035776K), 0.0038450 secs]
105.381: Total time for which application threads were stopped: 0.0040094 seconds, Stopping threads took: 0.0000190 seconds
105.448: [GC (Allocation Failure)  374098K->50514K(1035776K), 0.0037939 secs]
105.452: Total time for which application threads were stopped: 0.0039622 seconds, Stopping threads took: 0.0000195 seconds
105.520: [GC (Allocation Failure)  374098K->50634K(1023488K), 0.0039441 secs]
105.524: Total time for which application threads were stopped: 0.0041160 seconds, Stopping threads took: 0.0000194 seconds
105.595: [GC (Allocation Failure)  374218K->58540K(1035264K), 0.0037598 secs]
105.599: Total time for which application threads were stopped: 0.0039627 seconds, Stopping threads took: 0.0000195 seconds
105.668: [GC (Allocation Failure)  381100K->58540K(1035264K), 0.0038411 secs]
105.672: Total time for which application threads were stopped: 0.0040327 seconds, Stopping threads took: 0.0000194 seconds
105.740: [GC (Allocation Failure)  381100K->58860K(1034240K), 0.0041367 secs]
105.745: Total time for which application threads were stopped: 0.0042866 seconds, Stopping threads took: 0.0000171 seconds
105.813: [GC (Allocation Failure)  380396K->66542K(1034752K), 0.0038091 secs]
105.817: Total time for which application threads were stopped: 0.0039805 seconds, Stopping threads took: 0.0000192 seconds
105.885: [GC (Allocation Failure)  388078K->66510K(1034752K), 0.0038336 secs]
105.889: Total time for which application threads were stopped: 0.0040313 seconds, Stopping threads took: 0.0000199 seconds
105.955: [GC (Allocation Failure)  388046K->67046K(1034752K), 0.0041710 secs]
105.959: Total time for which application threads were stopped: 0.0043316 seconds, Stopping threads took: 0.0000197 seconds
106.027: [GC (Allocation Failure)  388582K->74632K(1034752K), 0.0038898 secs]
106.031: Total time for which application threads were stopped: 0.0040620 seconds, Stopping threads took: 0.0000206 seconds
106.097: [GC (Allocation Failure)  396168K->74568K(1034752K), 0.0039388 secs]
106.101: Total time for which application threads were stopped: 0.0041067 seconds, Stopping threads took: 0.0000218 seconds
106.167: [GC (Allocation Failure)  396104K->74832K(1033728K), 0.0038176 secs]
106.171: Total time for which application threads were stopped: 0.0039865 seconds, Stopping threads took: 0.0000257 seconds
106.238: [GC (Allocation Failure)  395344K->82611K(1034240K), 0.0053765 secs]
106.244: Total time for which application threads were stopped: 0.0055386 seconds, Stopping threads took: 0.0000198 seconds
106.313: [GC (Allocation Failure)  403123K->82611K(1034240K), 0.0037772 secs]
106.317: Total time for which application threads were stopped: 0.0039542 seconds, Stopping threads took: 0.0000214 seconds
106.384: [GC (Allocation Failure)  403123K->82683K(1034240K), 0.0040348 secs]
106.388: Total time for which application threads were stopped: 0.0042235 seconds, Stopping threads took: 0.0000187 seconds
106.456: [GC (Allocation Failure)  403195K->90653K(1034240K), 0.0038337 secs]
106.460: Total time for which application threads were stopped: 0.0040040 seconds, Stopping threads took: 0.0000187 seconds
106.528: [GC (Allocation Failure)  411165K->90653K(1034240K), 0.0039534 secs]
106.532: Total time for which application threads were stopped: 0.0041136 seconds, Stopping threads took: 0.0000195 seconds
106.599: [GC (Allocation Failure)  411165K->90813K(1033216K), 0.0041643 secs]
106.603: Total time for which application threads were stopped: 0.0043432 seconds, Stopping threads took: 0.0000197 seconds
106.671: [GC (Allocation Failure)  410301K->98687K(1033728K), 0.0048711 secs]
106.675: Total time for which application threads were stopped: 0.0050433 seconds, Stopping threads took: 0.0000261 seconds
106.742: [GC (Allocation Failure)  418175K->98687K(1033728K), 0.0037703 secs]
106.746: Total time for which application threads were stopped: 0.0039478 seconds, Stopping threads took: 0.0000232 seconds
106.814: [GC (Allocation Failure)  418175K->99047K(1033728K), 0.0040198 secs]
106.818: Total time for which application threads were stopped: 0.0041999 seconds, Stopping threads took: 0.0000198 seconds
106.884: [GC (Allocation Failure)  418535K->106730K(1033728K), 0.0040552 secs]
106.889: Total time for which application threads were stopped: 0.0042173 seconds, Stopping threads took: 0.0000197 seconds
106.958: [GC (Allocation Failure)  426218K->106730K(1033728K), 0.0039497 secs]
106.962: Total time for which application threads were stopped: 0.0041041 seconds, Stopping threads took: 0.0000190 seconds
107.029: [GC (Allocation Failure)  426218K->107274K(1033728K), 0.0040782 secs]
107.034: Total time for which application threads were stopped: 0.0042387 seconds, Stopping threads took: 0.0000180 seconds
107.100: [GC (Allocation Failure)  426762K->114764K(1033728K), 0.0065136 secs]
107.107: Total time for which application threads were stopped: 0.0066857 seconds, Stopping threads took: 0.0000205 seconds
107.175: [GC (Allocation Failure)  434252K->114764K(1033728K), 0.0036767 secs]
107.179: Total time for which application threads were stopped: 0.0038622 seconds, Stopping threads took: 0.0000259 seconds
107.247: [GC (Allocation Failure)  434252K->115020K(1033728K), 0.0042694 secs]
107.251: Total time for which application threads were stopped: 0.0044210 seconds, Stopping threads took: 0.0000174 seconds
107.319: [GC (Allocation Failure)  434508K->122798K(1032704K), 0.0040846 secs]
107.323: Total time for which application threads were stopped: 0.0042588 seconds, Stopping threads took: 0.0000206 seconds
107.391: [GC (Allocation Failure)  441262K->118892K(1033216K), 0.0027072 secs]
107.394: Total time for which application threads were stopped: 0.0028595 seconds, Stopping threads took: 0.0000169 seconds
107.461: [GC (Allocation Failure)  437356K->122950K(1034752K), 0.0042693 secs]
107.465: Total time for which application threads were stopped: 0.0044325 seconds, Stopping threads took: 0.0000201 seconds
107.534: [GC (Allocation Failure)  443974K->126950K(1034240K), 0.0038410 secs]
107.537: Total time for which application threads were stopped: 0.0040020 seconds, Stopping threads took: 0.0000199 seconds
107.603: [GC (Allocation Failure)  447974K->120164K(1034752K), 0.0011470 secs]
107.604: Total time for which application threads were stopped: 0.0012659 seconds, Stopping threads took: 0.0000192 seconds
107.673: [GC (Allocation Failure)  441700K->126990K(1034752K), 0.0038662 secs]
107.677: Total time for which application threads were stopped: 0.0040239 seconds, Stopping threads took: 0.0000190 seconds
107.743: [GC (Allocation Failure)  448526K->131038K(1034752K), 0.0049976 secs]
107.748: Total time for which application threads were stopped: 0.0051615 seconds, Stopping threads took: 0.0000199 seconds
107.813: [GC (Allocation Failure)  452574K->125500K(1034752K), 0.0018785 secs]
107.815: Total time for which application threads were stopped: 0.0020106 seconds, Stopping threads took: 0.0000196 seconds
107.882: [GC (Allocation Failure)  447036K->131342K(1035776K), 0.0040810 secs]
107.886: Total time for which application threads were stopped: 0.0042738 seconds, Stopping threads took: 0.0000198 seconds
107.956: [GC (Allocation Failure)  453902K->135182K(1034752K), 0.0042432 secs]
107.960: Total time for which application threads were stopped: 0.0044060 seconds, Stopping threads took: 0.0000198 seconds
108.027: [GC (Allocation Failure)  457670K->131308K(1035776K), 0.0028322 secs]
108.029: Total time for which application threads were stopped: 0.0030079 seconds, Stopping threads took: 0.0000201 seconds
108.098: [GC (Allocation Failure)  454380K->135374K(1035264K), 0.0043418 secs]
108.103: Total time for which application threads were stopped: 0.0045277 seconds, Stopping threads took: 0.0000266 seconds
108.171: [GC (Allocation Failure)  458446K->139374K(1035264K), 0.0056300 secs]
108.177: Total time for which application threads were stopped: 0.0058106 seconds, Stopping threads took: 0.0000269 seconds
108.248: [GC (Allocation Failure)  462958K->139342K(1035776K), 0.0036717 secs]
108.252: Total time for which application threads were stopped: 0.0038317 seconds, Stopping threads took: 0.0000169 seconds
108.319: [GC (Allocation Failure)  462926K->139406K(1034752K), 0.0043743 secs]
108.324: Total time for which application threads were stopped: 0.0045547 seconds, Stopping threads took: 0.0000200 seconds
108.393: [GC (Allocation Failure)  461966K->147376K(1035264K), 0.0038939 secs]
108.397: Total time for which application threads were stopped: 0.0040666 seconds, Stopping threads took: 0.0000194 seconds
108.466: [GC (Allocation Failure)  469936K->147344K(1034240K), 0.0037340 secs]
108.470: Total time for which application threads were stopped: 0.0038984 seconds, Stopping threads took: 0.0000207 seconds
108.536: [GC (Allocation Failure)  468880K->147400K(1034752K), 0.0040759 secs]
108.540: Total time for which application threads were stopped: 0.0042449 seconds, Stopping threads took: 0.0000197 seconds
108.608: [GC (Allocation Failure)  468936K->155403K(1034752K), 0.0039828 secs]
108.612: Total time for which application threads were stopped: 0.0041518 seconds, Stopping threads took: 0.0000196 seconds
108.681: [GC (Allocation Failure)  476939K->155403K(1029120K), 0.0037752 secs]
108.685: Total time for which application threads were stopped: 0.0039446 seconds, Stopping threads took: 0.0000193 seconds
108.751: [GC (Allocation Failure)  476939K->155651K(1034240K), 0.0043238 secs]
108.755: Total time for which application threads were stopped: 0.0044964 seconds, Stopping threads took: 0.0000201 seconds
108.824: [GC (Allocation Failure)  476163K->163461K(1034240K), 0.0039857 secs]
108.828: Total time for which application threads were stopped: 0.0041644 seconds, Stopping threads took: 0.0000217 seconds
108.896: [GC (Allocation Failure)  483973K->163429K(1034240K), 0.0039687 secs]
108.900: Total time for which application threads were stopped: 0.0041387 seconds, Stopping threads took: 0.0000216 seconds
108.968: [GC (Allocation Failure)  483941K->163877K(1034240K), 0.0041688 secs]
108.972: Total time for which application threads were stopped: 0.0043507 seconds, Stopping threads took: 0.0000200 seconds
109.040: [GC (Allocation Failure)  484389K->171495K(1033216K), 0.0039066 secs]
109.044: Total time for which application threads were stopped: 0.0040869 seconds, Stopping threads took: 0.0000201 seconds
109.111: [GC (Allocation Failure)  490983K->171463K(1033728K), 0.0094517 secs]
109.120: Total time for which application threads were stopped: 0.0096387 seconds, Stopping threads took: 0.0000200 seconds
109.187: [GC (Allocation Failure)  490951K->171623K(1033728K), 0.0041454 secs]
109.191: Total time for which application threads were stopped: 0.0043159 seconds, Stopping threads took: 0.0000269 seconds
109.259: [GC (Allocation Failure)  491111K->179497K(1033728K), 0.0038753 secs]
109.263: Total time for which application threads were stopped: 0.0040501 seconds, Stopping threads took: 0.0000255 seconds
109.331: [GC (Allocation Failure)  498985K->179497K(1033728K), 0.0039733 secs]
109.335: Total time for which application threads were stopped: 0.0041337 seconds, Stopping threads took: 0.0000199 seconds
109.402: [GC (Allocation Failure)  498985K->179569K(1033728K), 0.0065082 secs]
109.408: Total time for which application threads were stopped: 0.0066775 seconds, Stopping threads took: 0.0000192 seconds
109.476: [GC (Allocation Failure)  499057K->187572K(1032704K), 0.0041164 secs]
109.480: Total time for which application threads were stopped: 0.0042913 seconds, Stopping threads took: 0.0000202 seconds
109.548: [GC (Allocation Failure)  506036K->181937K(1033216K), 0.0017237 secs]
109.550: Total time for which application threads were stopped: 0.0018658 seconds, Stopping threads took: 0.0000166 seconds
109.620: [GC (Allocation Failure)  500401K->187756K(1034752K), 0.0041033 secs]
109.624: Total time for which application threads were stopped: 0.0042689 seconds, Stopping threads took: 0.0000170 seconds
109.693: [GC (Allocation Failure)  508268K->191708K(1033728K), 0.0043535 secs]
109.698: Total time for which application threads were stopped: 0.0045201 seconds, Stopping threads took: 0.0000190 seconds
109.765: [GC (Allocation Failure)  512220K->198569K(1029120K), 0.0073143 secs]
109.773: Total time for which application threads were stopped: 0.0074784 seconds, Stopping threads took: 0.0000195 seconds
109.840: [GC (Allocation Failure)  513961K->192460K(1031680K), 0.0041646 secs]
109.844: Total time for which application threads were stopped: 0.0043364 seconds, Stopping threads took: 0.0000208 seconds
109.910: [GC (Allocation Failure)  507852K->192300K(1032704K), 0.0041667 secs]
109.914: Total time for which application threads were stopped: 0.0043474 seconds, Stopping threads took: 0.0000202 seconds
109.980: [GC (Allocation Failure)  509228K->195692K(1032192K), 0.0051684 secs]
109.985: Total time for which application threads were stopped: 0.0053617 seconds, Stopping threads took: 0.0000223 seconds
110.054: [GC (Allocation Failure)  512620K->200462K(1033216K), 0.0041645 secs]
110.059: Total time for which application threads were stopped: 0.0043432 seconds, Stopping threads took: 0.0000220 seconds
110.126: [GC (Allocation Failure)  518414K->200334K(1032704K), 0.0040579 secs]
110.130: Total time for which application threads were stopped: 0.0042173 seconds, Stopping threads took: 0.0000190 seconds
110.197: [GC (Allocation Failure)  518286K->201382K(1033216K), 0.0043905 secs]
110.202: Total time for which application threads were stopped: 0.0045592 seconds, Stopping threads took: 0.0000190 seconds
110.270: [GC (Allocation Failure)  519846K->208392K(1033216K), 0.0043223 secs]
110.275: Total time for which application threads were stopped: 0.0044858 seconds, Stopping threads took: 0.0000203 seconds
110.344: [GC (Allocation Failure)  526856K->208392K(1033728K), 0.0040501 secs]
110.348: Total time for which application threads were stopped: 0.0042155 seconds, Stopping threads took: 0.0000189 seconds
110.415: [GC (Allocation Failure)  527368K->210056K(1033216K), 0.0043637 secs]
110.419: Total time for which application threads were stopped: 0.0045330 seconds, Stopping threads took: 0.0000197 seconds
110.488: [GC (Allocation Failure)  529032K->216458K(1033728K), 0.0086931 secs]
110.497: Total time for which application threads were stopped: 0.0088590 seconds, Stopping threads took: 0.0000217 seconds
110.565: [GC (Allocation Failure)  535946K->216426K(1033728K), 0.0043095 secs]
110.569: Total time for which application threads were stopped: 0.0044791 seconds, Stopping threads took: 0.0000201 seconds
110.635: [GC (Allocation Failure)  535914K->216714K(1033728K), 0.0049994 secs]
110.640: Total time for which application threads were stopped: 0.0051640 seconds, Stopping threads took: 0.0000274 seconds
110.707: [GC (Allocation Failure)  536202K->224461K(1033728K), 0.0044396 secs]
110.712: Total time for which application threads were stopped: 0.0045978 seconds, Stopping threads took: 0.0000196 seconds
110.779: [GC (Allocation Failure)  543949K->224429K(1033728K), 0.0039730 secs]
110.783: Total time for which application threads were stopped: 0.0041361 seconds, Stopping threads took: 0.0000196 seconds
110.849: [GC (Allocation Failure)  543917K->228077K(1033728K), 0.0050466 secs]
110.854: Total time for which application threads were stopped: 0.0052384 seconds, Stopping threads took: 0.0000217 seconds
110.924: [GC (Allocation Failure)  547565K->232559K(1034240K), 0.0043695 secs]
110.929: Total time for which application threads were stopped: 0.0045400 seconds, Stopping threads took: 0.0000199 seconds
110.996: [GC (Allocation Failure)  553071K->232463K(1034240K), 0.0042703 secs]
111.000: Total time for which application threads were stopped: 0.0044423 seconds, Stopping threads took: 0.0000200 seconds
111.067: [GC (Allocation Failure)  552975K->233191K(1034240K), 0.0042729 secs]
111.071: Total time for which application threads were stopped: 0.0044685 seconds, Stopping threads took: 0.0000199 seconds
111.140: [GC (Allocation Failure)  553703K->240489K(1034240K), 0.0040622 secs]
111.144: Total time for which application threads were stopped: 0.0042302 seconds, Stopping threads took: 0.0000269 seconds
111.212: [GC (Allocation Failure)  561001K->240521K(1034240K), 0.0040853 secs]
111.217: Total time for which application threads were stopped: 0.0042644 seconds, Stopping threads took: 0.0000206 seconds
111.285: [GC (Allocation Failure)  561033K->241449K(1034240K), 0.0044787 secs]
111.290: Total time for which application threads were stopped: 0.0046545 seconds, Stopping threads took: 0.0000188 seconds
111.357: [GC (Allocation Failure)  561961K->248523K(1034240K), 0.0044144 secs]
111.362: Total time for which application threads were stopped: 0.0045820 seconds, Stopping threads took: 0.0000201 seconds
111.429: [GC (Allocation Failure)  569035K->248523K(1034240K), 0.0043253 secs]
111.434: Total time for which application threads were stopped: 0.0044967 seconds, Stopping threads took: 0.0000200 seconds
111.501: [GC (Allocation Failure)  569035K->249675K(1034240K), 0.0061707 secs]
111.507: Total time for which application threads were stopped: 0.0066166 seconds, Stopping threads took: 0.0002665 seconds
111.576: [GC (Allocation Failure)  570187K->256622K(1034240K), 0.0044670 secs]
111.581: Total time for which application threads were stopped: 0.0046176 seconds, Stopping threads took: 0.0000167 seconds
111.651: [GC (Allocation Failure)  577134K->256558K(1034240K), 0.0042418 secs]
111.655: Total time for which application threads were stopped: 0.0044049 seconds, Stopping threads took: 0.0000204 seconds
111.723: [GC (Allocation Failure)  577070K->256902K(1020416K), 0.0042585 secs]
111.728: Total time for which application threads were stopped: 0.0044329 seconds, Stopping threads took: 0.0000260 seconds
111.798: [GC (Allocation Failure)  577414K->264648K(1033728K), 0.0045506 secs]
111.803: Total time for which application threads were stopped: 0.0047286 seconds, Stopping threads took: 0.0000188 seconds
111.870: [GC (Allocation Failure)  584136K->264584K(1033728K), 0.0041638 secs]
111.874: Total time for which application threads were stopped: 0.0043339 seconds, Stopping threads took: 0.0000199 seconds
111.941: [GC (Allocation Failure)  584072K->265096K(1033728K), 0.0043432 secs]
111.945: Total time for which application threads were stopped: 0.0045141 seconds, Stopping threads took: 0.0000200 seconds
112.012: [GC (Allocation Failure)  584584K->272682K(1033728K), 0.0043027 secs]
112.017: Total time for which application threads were stopped: 0.0044723 seconds, Stopping threads took: 0.0000196 seconds
112.084: [GC (Allocation Failure)  592170K->272618K(1033728K), 0.0041685 secs]
112.088: Total time for which application threads were stopped: 0.0043362 seconds, Stopping threads took: 0.0000209 seconds
112.155: [GC (Allocation Failure)  592106K->273322K(1033728K), 0.0043615 secs]
112.159: Total time for which application threads were stopped: 0.0045332 seconds, Stopping threads took: 0.0000284 seconds
112.227: [GC (Allocation Failure)  592810K->280653K(1033728K), 0.0043471 secs]
112.232: Total time for which application threads were stopped: 0.0045234 seconds, Stopping threads took: 0.0000195 seconds
112.299: [GC (Allocation Failure)  600141K->280621K(1033728K), 0.0044971 secs]
112.303: Total time for which application threads were stopped: 0.0046673 seconds, Stopping threads took: 0.0000199 seconds
112.371: [GC (Allocation Failure)  600109K->282661K(1033728K), 0.0048234 secs]
112.376: Total time for which application threads were stopped: 0.0049819 seconds, Stopping threads took: 0.0000260 seconds
112.444: [GC (Allocation Failure)  602149K->288711K(1033728K), 0.0041451 secs]
112.448: Total time for which application threads were stopped: 0.0043161 seconds, Stopping threads took: 0.0000201 seconds
112.515: [GC (Allocation Failure)  608199K->288679K(1033728K), 0.0041482 secs]
112.519: Total time for which application threads were stopped: 0.0043252 seconds, Stopping threads took: 0.0000158 seconds
112.585: [GC (Allocation Failure)  608167K->289831K(1033728K), 0.0045520 secs]
112.590: Total time for which application threads were stopped: 0.0047030 seconds, Stopping threads took: 0.0000176 seconds
112.658: [GC (Allocation Failure)  609319K->296745K(1033728K), 0.0041600 secs]
112.662: Total time for which application threads were stopped: 0.0043519 seconds, Stopping threads took: 0.0000266 seconds
112.730: [GC (Allocation Failure)  616233K->296745K(1033728K), 0.0041829 secs]
112.735: Total time for which application threads were stopped: 0.0043316 seconds, Stopping threads took: 0.0000171 seconds
112.801: [GC (Allocation Failure)  616233K->297033K(1033728K), 0.0043671 secs]
112.805: Total time for which application threads were stopped: 0.0045430 seconds, Stopping threads took: 0.0000193 seconds
112.874: [GC (Allocation Failure)  616521K->304747K(1033728K), 0.0043685 secs]
112.878: Total time for which application threads were stopped: 0.0045422 seconds, Stopping threads took: 0.0000199 seconds
112.946: [GC (Allocation Failure)  624235K->304747K(1033728K), 0.0043777 secs]
112.951: Total time for which application threads were stopped: 0.0045631 seconds, Stopping threads took: 0.0000169 seconds
113.018: [GC (Allocation Failure)  624235K->305251K(1033728K), 0.0046001 secs]
113.023: Total time for which application threads were stopped: 0.0047843 seconds, Stopping threads took: 0.0000169 seconds
113.092: [GC (Allocation Failure)  624739K->312806K(1033728K), 0.0042101 secs]
113.097: Total time for which application threads were stopped: 0.0043919 seconds, Stopping threads took: 0.0000172 seconds
113.166: [GC (Allocation Failure)  632294K->312806K(1033728K), 0.0043380 secs]
113.170: Total time for which application threads were stopped: 0.0045028 seconds, Stopping threads took: 0.0000266 seconds
113.236: [GC (Allocation Failure)  632294K->313510K(1033728K), 0.0045501 secs]
113.241: Total time for which application threads were stopped: 0.0047181 seconds, Stopping threads took: 0.0000194 seconds
113.308: [GC (Allocation Failure)  632998K->320808K(1033728K), 0.0042243 secs]
113.312: Total time for which application threads were stopped: 0.0043878 seconds, Stopping threads took: 0.0000271 seconds
113.379: [GC (Allocation Failure)  640296K->320840K(1033728K), 0.0044231 secs]
113.383: Total time for which application threads were stopped: 0.0045923 seconds, Stopping threads took: 0.0000199 seconds
113.449: [GC (Allocation Failure)  640328K->321728K(1033728K), 0.0045379 secs]
113.454: Total time for which application threads were stopped: 0.0047062 seconds, Stopping threads took: 0.0000187 seconds
113.526: [GC (Allocation Failure)  641216K->328866K(1033728K), 0.0042171 secs]
113.530: Total time for which application threads were stopped: 0.0044119 seconds, Stopping threads took: 0.0000196 seconds
113.599: [GC (Allocation Failure)  648354K->328834K(1033728K), 0.0043931 secs]
113.603: Total time for which application threads were stopped: 0.0045595 seconds, Stopping threads took: 0.0000200 seconds
113.670: [GC (Allocation Failure)  648322K->328962K(1033728K), 0.0045695 secs]
113.675: Total time for which application threads were stopped: 0.0047629 seconds, Stopping threads took: 0.0000260 seconds
113.744: [GC (Allocation Failure)  648450K->336900K(1027072K), 0.0042908 secs]
113.749: Total time for which application threads were stopped: 0.0044663 seconds, Stopping threads took: 0.0000249 seconds
113.816: [GC (Allocation Failure)  656388K->336900K(1033216K), 0.0045099 secs]
113.820: Total time for which application threads were stopped: 0.0047062 seconds, Stopping threads took: 0.0000417 seconds
113.887: [GC (Allocation Failure)  655364K->337188K(1033216K), 0.0046429 secs]
113.892: Total time for which application threads were stopped: 0.0048351 seconds, Stopping threads took: 0.0000200 seconds
113.961: [GC (Allocation Failure)  655652K->344903K(1033216K), 0.0043164 secs]
113.966: Total time for which application threads were stopped: 0.0044770 seconds, Stopping threads took: 0.0000201 seconds
114.031: [GC (Allocation Failure)  663367K->344871K(1033216K), 0.0043824 secs]
114.036: Total time for which application threads were stopped: 0.0045422 seconds, Stopping threads took: 0.0000194 seconds
114.100: [GC (Allocation Failure)  663335K->345423K(1033216K), 0.0065452 secs]
114.107: Total time for which application threads were stopped: 0.0067231 seconds, Stopping threads took: 0.0000240 seconds
114.173: [GC (Allocation Failure)  663887K->352977K(1033216K), 0.0043732 secs]
114.177: Total time for which application threads were stopped: 0.0045396 seconds, Stopping threads took: 0.0000199 seconds
114.247: [GC (Allocation Failure)  671441K->352945K(1033216K), 0.0043045 secs]
114.251: Total time for which application threads were stopped: 0.0044739 seconds, Stopping threads took: 0.0000190 seconds
114.316: [GC (Allocation Failure)  671409K->353129K(1033216K), 0.0044302 secs]
114.320: Total time for which application threads were stopped: 0.0046021 seconds, Stopping threads took: 0.0000198 seconds
114.386: [GC (Allocation Failure)  671593K->360971K(1033216K), 0.0045431 secs]
114.391: Total time for which application threads were stopped: 0.0047064 seconds, Stopping threads took: 0.0000186 seconds
114.457: [GC (Allocation Failure)  679435K->361003K(1033216K), 0.0043779 secs]
114.462: Total time for which application threads were stopped: 0.0045354 seconds, Stopping threads took: 0.0000188 seconds
114.531: [GC (Allocation Failure)  679467K->361131K(1033216K), 0.0047674 secs]
114.535: Total time for which application threads were stopped: 0.0049278 seconds, Stopping threads took: 0.0000198 seconds
114.604: [GC (Allocation Failure)  679595K->369005K(1033216K), 0.0045533 secs]
114.608: Total time for which application threads were stopped: 0.0047133 seconds, Stopping threads took: 0.0000195 seconds
114.676: [GC (Allocation Failure)  687469K->369005K(1033216K), 0.0044049 secs]
114.680: Total time for which application threads were stopped: 0.0045627 seconds, Stopping threads took: 0.0000194 seconds
114.745: [GC (Allocation Failure)  687469K->369061K(1033216K), 0.0046673 secs]
114.750: Total time for which application threads were stopped: 0.0048420 seconds, Stopping threads took: 0.0000194 seconds
114.817: [GC (Allocation Failure)  687525K->377032K(1033216K), 0.0045564 secs]
114.821: Total time for which application threads were stopped: 0.0047396 seconds, Stopping threads took: 0.0000196 seconds
114.889: [GC (Allocation Failure)  695496K->377032K(1033216K), 0.0044835 secs]
114.894: Total time for which application threads were stopped: 0.0046530 seconds, Stopping threads took: 0.0000196 seconds
114.959: [GC (Allocation Failure)  695496K->377320K(1033216K), 0.0043505 secs]
114.963: Total time for which application threads were stopped: 0.0045210 seconds, Stopping threads took: 0.0000201 seconds
115.029: [GC (Allocation Failure)  695784K->385034K(1033216K), 0.0043403 secs]
115.033: Total time for which application threads were stopped: 0.0045096 seconds, Stopping threads took: 0.0000201 seconds
115.101: [GC (Allocation Failure)  703498K->385066K(1033216K), 0.0064429 secs]
115.107: Total time for which application threads were stopped: 0.0066105 seconds, Stopping threads took: 0.0000196 seconds
115.173: [GC (Allocation Failure)  703530K->385322K(1033216K), 0.0045642 secs]
115.177: Total time for which application threads were stopped: 0.0047362 seconds, Stopping threads took: 0.0000268 seconds
115.243: [GC (Allocation Failure)  703786K->393100K(1033216K), 0.0046735 secs]
115.248: Total time for which application threads were stopped: 0.0048499 seconds, Stopping threads took: 0.0000200 seconds
115.313: [GC (Allocation Failure)  711564K->389194K(1033216K), 0.0035765 secs]
115.316: Total time for which application threads were stopped: 0.0037489 seconds, Stopping threads took: 0.0000209 seconds
115.385: [GC (Allocation Failure)  707658K->393260K(1034752K), 0.0047370 secs]
115.390: Total time for which application threads were stopped: 0.0049192 seconds, Stopping threads took: 0.0000276 seconds
115.459: [GC (Allocation Failure)  713772K->397228K(1033728K), 0.0042842 secs]
115.464: Total time for which application threads were stopped: 0.0044533 seconds, Stopping threads took: 0.0000194 seconds
115.531: [GC (Allocation Failure)  717740K->389418K(1034240K), 0.0014019 secs]
115.533: Total time for which application threads were stopped: 0.0015253 seconds, Stopping threads took: 0.0000190 seconds
115.600: [GC (Allocation Failure)  709930K->397284K(1034240K), 0.0044044 secs]
115.605: Total time for which application threads were stopped: 0.0045652 seconds, Stopping threads took: 0.0000200 seconds
115.672: [GC (Allocation Failure)  717796K->401364K(1033216K), 0.0060087 secs]
115.678: Total time for which application threads were stopped: 0.0062002 seconds, Stopping threads took: 0.0000262 seconds
115.745: [GC (Allocation Failure)  720852K->407090K(1032704K), 0.0070234 secs]
115.752: Total time for which application threads were stopped: 0.0071934 seconds, Stopping threads took: 0.0000198 seconds
115.818: [GC (Allocation Failure)  726578K->401620K(1031680K), 0.0045486 secs]
115.823: Total time for which application threads were stopped: 0.0047288 seconds, Stopping threads took: 0.0000201 seconds
115.890: [GC (Allocation Failure)  718036K->401364K(1032192K), 0.0050127 secs]
115.895: Total time for which application threads were stopped: 0.0051888 seconds, Stopping threads took: 0.0000192 seconds
115.960: [GC (Allocation Failure)  717780K->396018K(1032704K), 0.0024143 secs]
115.963: Total time for which application threads were stopped: 0.0025920 seconds, Stopping threads took: 0.0000277 seconds
116.032: [GC (Allocation Failure)  713458K->401556K(1032704K), 0.0044929 secs]
116.036: Total time for which application threads were stopped: 0.0046563 seconds, Stopping threads took: 0.0000201 seconds
116.103: [GC (Allocation Failure)  718996K->401396K(1033216K), 0.0047504 secs]
116.108: Total time for which application threads were stopped: 0.0049504 seconds, Stopping threads took: 0.0000292 seconds
116.175: [GC (Allocation Failure)  719348K->401724K(1032704K), 0.0048706 secs]
116.180: Total time for which application threads were stopped: 0.0050381 seconds, Stopping threads took: 0.0000266 seconds
116.246: [GC (Allocation Failure)  719676K->409407K(1033216K), 0.0043823 secs]
116.251: Total time for which application threads were stopped: 0.0045567 seconds, Stopping threads took: 0.0000201 seconds
116.318: [GC (Allocation Failure)  727871K->409407K(1033216K), 0.0045901 secs]
116.323: Total time for which application threads were stopped: 0.0047592 seconds, Stopping threads took: 0.0000195 seconds
116.388: [GC (Allocation Failure)  727871K->413567K(1033728K), 0.0058294 secs]
116.394: Total time for which application threads were stopped: 0.0060139 seconds, Stopping threads took: 0.0000199 seconds
116.463: [GC (Allocation Failure)  732543K->417505K(1033216K), 0.0042195 secs]
116.467: Total time for which application threads were stopped: 0.0043826 seconds, Stopping threads took: 0.0000204 seconds
116.535: [GC (Allocation Failure)  736481K->417441K(1034240K), 0.0045486 secs]
116.540: Total time for which application threads were stopped: 0.0047099 seconds, Stopping threads took: 0.0000196 seconds
116.606: [GC (Allocation Failure)  737953K->420745K(1034240K), 0.0053485 secs]
116.612: Total time for which application threads were stopped: 0.0055294 seconds, Stopping threads took: 0.0000186 seconds
116.680: [GC (Allocation Failure)  741257K->425483K(1034240K), 0.0044225 secs]
116.684: Total time for which application threads were stopped: 0.0046100 seconds, Stopping threads took: 0.0000194 seconds
116.752: [GC (Allocation Failure)  745995K->425483K(1034240K), 0.0046779 secs]
116.757: Total time for which application threads were stopped: 0.0048501 seconds, Stopping threads took: 0.0000198 seconds
116.824: [GC (Allocation Failure)  745995K->426955K(1033728K), 0.0048230 secs]
116.828: Total time for which application threads were stopped: 0.0049962 seconds, Stopping threads took: 0.0000202 seconds
116.896: [GC (Allocation Failure)  747467K->433549K(1034240K), 0.0043473 secs]
116.901: Total time for which application threads were stopped: 0.0045110 seconds, Stopping threads took: 0.0000210 seconds
116.968: [GC (Allocation Failure)  754061K->433485K(1034752K), 0.0046782 secs]
116.973: Total time for which application threads were stopped: 0.0048518 seconds, Stopping threads took: 0.0000192 seconds
117.039: [GC (Allocation Failure)  754509K->433637K(1034240K), 0.0047750 secs]
117.044: Total time for which application threads were stopped: 0.0049317 seconds, Stopping threads took: 0.0000195 seconds
117.114: [GC (Allocation Failure)  754661K->441576K(1034240K), 0.0045655 secs]
117.118: Total time for which application threads were stopped: 0.0047296 seconds, Stopping threads took: 0.0000202 seconds
117.186: [GC (Allocation Failure)  762088K->441576K(1034240K), 0.0046537 secs]
117.191: Total time for which application threads were stopped: 0.0048133 seconds, Stopping threads took: 0.0000198 seconds
117.257: [GC (Allocation Failure)  762088K->444416K(1034240K), 0.0066581 secs]
117.264: Total time for which application threads were stopped: 0.0068658 seconds, Stopping threads took: 0.0000244 seconds
117.333: [GC (Allocation Failure)  764928K->449666K(1034240K), 0.0045036 secs]
117.338: Total time for which application threads were stopped: 0.0046886 seconds, Stopping threads took: 0.0000171 seconds
117.408: [GC (Allocation Failure)  770178K->449570K(1034752K), 0.0046038 secs]
117.413: Total time for which application threads were stopped: 0.0047498 seconds, Stopping threads took: 0.0000247 seconds
117.481: [GC (Allocation Failure)  770594K->451146K(1034240K), 0.0050430 secs]
117.486: Total time for which application threads were stopped: 0.0052215 seconds, Stopping threads took: 0.0000280 seconds
117.555: [GC (Allocation Failure)  772170K->457644K(1034240K), 0.0045269 secs]
117.560: Total time for which application threads were stopped: 0.0047180 seconds, Stopping threads took: 0.0000196 seconds
117.628: [GC (Allocation Failure)  778156K->457580K(1034240K), 0.0046070 secs]
117.633: Total time for which application threads were stopped: 0.0047767 seconds, Stopping threads took: 0.0000334 seconds
117.700: [GC (Allocation Failure)  778092K->457836K(1034240K), 0.0047637 secs]
117.705: Total time for which application threads were stopped: 0.0049609 seconds, Stopping threads took: 0.0000193 seconds
117.773: [GC (Allocation Failure)  778348K->465646K(1034240K), 0.0045810 secs]
117.777: Total time for which application threads were stopped: 0.0047396 seconds, Stopping threads took: 0.0000190 seconds
117.845: [GC (Allocation Failure)  786158K->465646K(1034240K), 0.0045895 secs]
117.849: Total time for which application threads were stopped: 0.0047586 seconds, Stopping threads took: 0.0000190 seconds
117.916: [GC (Allocation Failure)  786158K->468102K(1034240K), 0.0051121 secs]
117.921: Total time for which application threads were stopped: 0.0052836 seconds, Stopping threads took: 0.0000199 seconds
117.989: [GC (Allocation Failure)  788614K->473705K(1034240K), 0.0047213 secs]
117.994: Total time for which application threads were stopped: 0.0049074 seconds, Stopping threads took: 0.0000211 seconds
118.062: [GC (Allocation Failure)  794217K->473673K(1034240K), 0.0046272 secs]
118.066: Total time for which application threads were stopped: 0.0047971 seconds, Stopping threads took: 0.0000194 seconds
118.133: [GC (Allocation Failure)  794185K->474281K(1034240K), 0.0048807 secs]
118.138: Total time for which application threads were stopped: 0.0050581 seconds, Stopping threads took: 0.0000202 seconds
118.207: [GC (Allocation Failure)  794793K->481771K(1034240K), 0.0045285 secs]
118.212: Total time for which application threads were stopped: 0.0047168 seconds, Stopping threads took: 0.0000403 seconds
118.279: [GC (Allocation Failure)  802283K->481707K(1034240K), 0.0044791 secs]
118.284: Total time for which application threads were stopped: 0.0046488 seconds, Stopping threads took: 0.0000197 seconds
118.350: [GC (Allocation Failure)  802219K->482539K(1034240K), 0.0049595 secs]
118.356: Total time for which application threads were stopped: 0.0051289 seconds, Stopping threads took: 0.0000197 seconds
118.423: [GC (Allocation Failure)  803051K->489869K(1033216K), 0.0046845 secs]
118.428: Total time for which application threads were stopped: 0.0048411 seconds, Stopping threads took: 0.0000196 seconds
118.495: [GC (Allocation Failure)  809357K->489741K(1033728K), 0.0064076 secs]
118.502: Total time for which application threads were stopped: 0.0065852 seconds, Stopping threads took: 0.0000244 seconds
118.568: [GC (Allocation Failure)  809229K->490765K(1033216K), 0.0056310 secs]
118.574: Total time for which application threads were stopped: 0.0058128 seconds, Stopping threads took: 0.0000168 seconds
118.641: [GC (Allocation Failure)  810253K->497807K(1033728K), 0.0048068 secs]
118.646: Total time for which application threads were stopped: 0.0049737 seconds, Stopping threads took: 0.0000197 seconds
118.712: [GC (Allocation Failure)  817295K->497775K(1033728K), 0.0047282 secs]
118.717: Total time for which application threads were stopped: 0.0048906 seconds, Stopping threads took: 0.0000199 seconds
118.784: [GC (Allocation Failure)  817263K->497999K(1033728K), 0.0047937 secs]
118.789: Total time for which application threads were stopped: 0.0049890 seconds, Stopping threads took: 0.0000202 seconds
118.856: [GC (Allocation Failure)  817487K->505874K(1033728K), 0.0046237 secs]
118.861: Total time for which application threads were stopped: 0.0048032 seconds, Stopping threads took: 0.0000197 seconds
118.927: [GC (Allocation Failure)  825362K->505810K(1033728K), 0.0047741 secs]
118.932: Total time for which application threads were stopped: 0.0049454 seconds, Stopping threads took: 0.0000207 seconds
118.998: [GC (Allocation Failure)  825298K->507210K(1033728K), 0.0050341 secs]
119.003: Total time for which application threads were stopped: 0.0052054 seconds, Stopping threads took: 0.0000199 seconds
119.071: [GC (Allocation Failure)  826698K->513868K(1033728K), 0.0046489 secs]
119.076: Total time for which application threads were stopped: 0.0048280 seconds, Stopping threads took: 0.0000203 seconds
119.144: [GC (Allocation Failure)  833356K->513836K(1033728K), 0.0045656 secs]
119.149: Total time for which application threads were stopped: 0.0047212 seconds, Stopping threads took: 0.0000255 seconds
119.217: [GC (Allocation Failure)  833324K->514444K(1033728K), 0.0049905 secs]
119.222: Total time for which application threads were stopped: 0.0051608 seconds, Stopping threads took: 0.0000197 seconds
119.290: [GC (Allocation Failure)  833932K->521934K(1033728K), 0.0046262 secs]
119.295: Total time for which application threads were stopped: 0.0048042 seconds, Stopping threads took: 0.0000207 seconds
119.362: [GC (Allocation Failure)  841422K->521838K(1033728K), 0.0061862 secs]
119.369: Total time for which application threads were stopped: 0.0063709 seconds, Stopping threads took: 0.0000221 seconds
119.436: [GC (Allocation Failure)  841326K->521926K(1033728K), 0.0049195 secs]
119.441: Total time for which application threads were stopped: 0.0051104 seconds, Stopping threads took: 0.0000209 seconds
119.509: [GC (Allocation Failure)  841414K->529897K(1033728K), 0.0069868 secs]
119.516: Total time for which application threads were stopped: 0.0071313 seconds, Stopping threads took: 0.0000171 seconds
119.582: [GC (Allocation Failure)  849385K->529897K(1033728K), 0.0047539 secs]
119.587: Total time for which application threads were stopped: 0.0049272 seconds, Stopping threads took: 0.0000205 seconds
119.654: [GC (Allocation Failure)  849385K->530913K(1033728K), 0.0047138 secs]
119.658: Total time for which application threads were stopped: 0.0048840 seconds, Stopping threads took: 0.0000289 seconds
119.726: [GC (Allocation Failure)  850401K->537987K(1033728K), 0.0047237 secs]
119.731: Total time for which application threads were stopped: 0.0049043 seconds, Stopping threads took: 0.0000288 seconds
119.798: [GC (Allocation Failure)  857475K->537955K(1033728K), 0.0046157 secs]
119.803: Total time for which application threads were stopped: 0.0047863 seconds, Stopping threads took: 0.0000199 seconds
119.869: [GC (Allocation Failure)  857443K->538051K(1032704K), 0.0050950 secs]
119.874: Total time for which application threads were stopped: 0.0052560 seconds, Stopping threads took: 0.0000194 seconds
119.941: [GC (Allocation Failure)  856515K->545957K(1033216K), 0.0047474 secs]
119.946: Total time for which application threads were stopped: 0.0049245 seconds, Stopping threads took: 0.0000196 seconds
120.014: [GC (Allocation Failure)  864421K->545925K(1033216K), 0.0045575 secs]
120.018: Total time for which application threads were stopped: 0.0047309 seconds, Stopping threads took: 0.0000197 seconds
120.086: [GC (Allocation Failure)  864389K->546277K(1033216K), 0.0048943 secs]
120.091: Total time for which application threads were stopped: 0.0050555 seconds, Stopping threads took: 0.0000190 seconds
120.156: [GC (Allocation Failure)  864741K->554055K(1033216K), 0.0047130 secs]
120.161: Total time for which application threads were stopped: 0.0048687 seconds, Stopping threads took: 0.0000200 seconds
120.230: [GC (Allocation Failure)  872519K->553991K(1033216K), 0.0047822 secs]
120.235: Total time for which application threads were stopped: 0.0049767 seconds, Stopping threads took: 0.0000188 seconds
120.303: [GC (Allocation Failure)  872455K->554503K(1033216K), 0.0047540 secs]
120.308: Total time for which application threads were stopped: 0.0049234 seconds, Stopping threads took: 0.0000253 seconds
120.376: [GC (Allocation Failure)  872967K->562026K(1033216K), 0.0047462 secs]
120.380: Total time for which application threads were stopped: 0.0049211 seconds, Stopping threads took: 0.0000205 seconds
120.447: [GC (Allocation Failure)  880490K->562026K(1033216K), 0.0048438 secs]
120.452: Total time for which application threads were stopped: 0.0050339 seconds, Stopping threads took: 0.0000221 seconds
120.522: [GC (Allocation Failure)  880490K->562762K(1033216K), 0.0049748 secs]
120.527: Total time for which application threads were stopped: 0.0051554 seconds, Stopping threads took: 0.0000166 seconds
120.596: [GC (Allocation Failure)  881226K->570060K(1033216K), 0.0047012 secs]
120.601: Total time for which application threads were stopped: 0.0048950 seconds, Stopping threads took: 0.0000199 seconds
120.669: [GC (Allocation Failure)  888524K->570060K(1033216K), 0.0046804 secs]
120.674: Total time for which application threads were stopped: 0.0048344 seconds, Stopping threads took: 0.0000254 seconds
120.740: [GC (Allocation Failure)  888524K->570220K(1033216K), 0.0051560 secs]
120.745: Total time for which application threads were stopped: 0.0053158 seconds, Stopping threads took: 0.0000166 seconds
120.812: [GC (Allocation Failure)  888684K->578126K(1033216K), 0.0049416 secs]
120.817: Total time for which application threads were stopped: 0.0051024 seconds, Stopping threads took: 0.0000197 seconds
120.885: [GC (Allocation Failure)  896590K->578094K(1033216K), 0.0047391 secs]
120.890: Total time for which application threads were stopped: 0.0049095 seconds, Stopping threads took: 0.0000203 seconds
120.954: [GC (Allocation Failure)  896558K->578182K(1033216K), 0.0049313 secs]
120.959: Total time for which application threads were stopped: 0.0051463 seconds, Stopping threads took: 0.0000203 seconds
121.026: [GC (Allocation Failure)  896646K->586120K(1033216K), 0.0049501 secs]
121.031: Total time for which application threads were stopped: 0.0051149 seconds, Stopping threads took: 0.0000196 seconds
121.098: [GC (Allocation Failure)  904584K->586120K(1033216K), 0.0048378 secs]
121.102: Total time for which application threads were stopped: 0.0050000 seconds, Stopping threads took: 0.0000201 seconds
121.170: [GC (Allocation Failure)  904584K->586440K(1033216K), 0.0047473 secs]
121.175: Total time for which application threads were stopped: 0.0049132 seconds, Stopping threads took: 0.0000260 seconds
121.240: [GC (Allocation Failure)  904904K->594155K(1033216K), 0.0048254 secs]
121.245: Total time for which application threads were stopped: 0.0049859 seconds, Stopping threads took: 0.0000198 seconds
121.313: [GC (Allocation Failure)  912619K->594187K(1033216K), 0.0049795 secs]
121.318: Total time for which application threads were stopped: 0.0051511 seconds, Stopping threads took: 0.0000197 seconds
121.382: [GC (Allocation Failure)  912651K->594691K(1033216K), 0.0051449 secs]
121.387: Total time for which application threads were stopped: 0.0053094 seconds, Stopping threads took: 0.0000204 seconds
121.455: [GC (Allocation Failure)  913155K->602181K(1033216K), 0.0048316 secs]
121.460: Total time for which application threads were stopped: 0.0050146 seconds, Stopping threads took: 0.0000281 seconds
121.526: [GC (Allocation Failure)  920645K->602213K(1033216K), 0.0050010 secs]
121.531: Total time for which application threads were stopped: 0.0051695 seconds, Stopping threads took: 0.0000193 seconds
121.595: [GC (Allocation Failure)  920677K->602365K(1033216K), 0.0049990 secs]
121.601: Total time for which application threads were stopped: 0.0051794 seconds, Stopping threads took: 0.0000197 seconds
121.667: [GC (Allocation Failure)  920829K->610207K(1033216K), 0.0047402 secs]
121.672: Total time for which application threads were stopped: 0.0049056 seconds, Stopping threads took: 0.0000272 seconds
121.739: [GC (Allocation Failure)  928671K->606301K(1033728K), 0.0038737 secs]
121.743: Total time for which application threads were stopped: 0.0040229 seconds, Stopping threads took: 0.0000251 seconds
121.811: [GC (Allocation Failure)  925277K->610367K(1033216K), 0.0052284 secs]
121.816: Total time for which application threads were stopped: 0.0054120 seconds, Stopping threads took: 0.0000173 seconds
121.885: [GC (Allocation Failure)  929343K->614367K(1033728K), 0.0048387 secs]
121.890: Total time for which application threads were stopped: 0.0050007 seconds, Stopping threads took: 0.0000194 seconds
121.958: [GC (Allocation Failure)  934879K->621861K(1034240K), 0.0085235 secs]
121.967: Total time for which application threads were stopped: 0.0087029 seconds, Stopping threads took: 0.0000259 seconds
122.035: [GC (Allocation Failure)  942373K->615655K(1029120K), 0.0051897 secs]
122.040: Total time for which application threads were stopped: 0.0053626 seconds, Stopping threads took: 0.0000194 seconds
122.106: [GC (Allocation Failure)  931047K->615623K(1031680K), 0.0048184 secs]
122.111: Total time for which application threads were stopped: 0.0049739 seconds, Stopping threads took: 0.0000193 seconds
122.175: [GC (Allocation Failure)  931015K->611045K(1032704K), 0.0030332 secs]
122.178: Total time for which application threads were stopped: 0.0032018 seconds, Stopping threads took: 0.0000271 seconds
122.245: [GC (Allocation Failure)  927973K->615847K(1032192K), 0.0048736 secs]
122.250: Total time for which application threads were stopped: 0.0050472 seconds, Stopping threads took: 0.0000257 seconds
122.317: [GC (Allocation Failure)  932775K->615591K(1033216K), 0.0049670 secs]
122.322: Total time for which application threads were stopped: 0.0051369 seconds, Stopping threads took: 0.0000199 seconds
122.391: [GC (Allocation Failure)  933543K->615751K(1032704K), 0.0048511 secs]
122.396: Total time for which application threads were stopped: 0.0050258 seconds, Stopping threads took: 0.0000201 seconds
122.463: [GC (Allocation Failure)  933703K->623657K(1033216K), 0.0048654 secs]
122.468: Total time for which application threads were stopped: 0.0050337 seconds, Stopping threads took: 0.0000166 seconds
122.538: [GC (Allocation Failure)  942121K->623625K(1033216K), 0.0048541 secs]
122.543: Total time for which application threads were stopped: 0.0050233 seconds, Stopping threads took: 0.0000198 seconds
122.609: [GC (Allocation Failure)  942089K->627561K(1033728K), 0.0060729 secs]
122.615: Total time for which application threads were stopped: 0.0062539 seconds, Stopping threads took: 0.0000202 seconds
122.684: [GC (Allocation Failure)  946537K->631788K(1033216K), 0.0049088 secs]
122.689: Total time for which application threads were stopped: 0.0050698 seconds, Stopping threads took: 0.0000263 seconds
122.756: [GC (Allocation Failure)  950764K->631660K(1034240K), 0.0071320 secs]
122.764: Total time for which application threads were stopped: 0.0073039 seconds, Stopping threads took: 0.0000194 seconds
122.831: [GC (Allocation Failure)  951660K->634252K(1033728K), 0.0056408 secs]
122.837: Total time for which application threads were stopped: 0.0058110 seconds, Stopping threads took: 0.0000202 seconds
122.905: [GC (Allocation Failure)  954252K->639758K(1034240K), 0.0049900 secs]
122.910: Total time for which application threads were stopped: 0.0051596 seconds, Stopping threads took: 0.0000194 seconds
122.978: [GC (Allocation Failure)  960270K->639694K(1034240K), 0.0049256 secs]
122.983: Total time for which application threads were stopped: 0.0050917 seconds, Stopping threads took: 0.0000199 seconds
123.049: [GC (Allocation Failure)  960206K->639950K(1034240K), 0.0052593 secs]
123.055: Total time for which application threads were stopped: 0.0054366 seconds, Stopping threads took: 0.0000187 seconds
123.124: [GC (Allocation Failure)  960462K->647728K(1034240K), 0.0050979 secs]
123.129: Total time for which application threads were stopped: 0.0052776 seconds, Stopping threads took: 0.0000390 seconds
123.198: [GC (Allocation Failure)  968240K->647760K(1034240K), 0.0048552 secs]
123.203: Total time for which application threads were stopped: 0.0050328 seconds, Stopping threads took: 0.0000280 seconds
123.270: [GC (Allocation Failure)  968272K->650184K(1034240K), 0.0054959 secs]
123.275: Total time for which application threads were stopped: 0.0056560 seconds, Stopping threads took: 0.0000194 seconds
123.344: [GC (Allocation Failure)  970696K->655755K(1034240K), 0.0049206 secs]
123.349: Total time for which application threads were stopped: 0.0050855 seconds, Stopping threads took: 0.0000204 seconds
123.417: [GC (Allocation Failure)  976267K->655755K(1034240K), 0.0047562 secs]
123.421: Total time for which application threads were stopped: 0.0049494 seconds, Stopping threads took: 0.0000197 seconds
123.490: [GC (Allocation Failure)  976267K->656355K(1034240K), 0.0078843 secs]
123.498: Total time for which application threads were stopped: 0.0080899 seconds, Stopping threads took: 0.0000277 seconds
123.567: [GC (Allocation Failure)  976867K->663813K(1034240K), 0.0050091 secs]
123.572: Total time for which application threads were stopped: 0.0051786 seconds, Stopping threads took: 0.0000196 seconds
123.640: [GC (Allocation Failure)  984325K->663813K(1034240K), 0.0053825 secs]
123.645: Total time for which application threads were stopped: 0.0055458 seconds, Stopping threads took: 0.0000199 seconds
123.712: [GC (Allocation Failure)  984325K->666661K(1034240K), 0.0057669 secs]
123.718: Total time for which application threads were stopped: 0.0059299 seconds, Stopping threads took: 0.0000208 seconds
123.786: [GC (Allocation Failure)  987173K->671943K(1034240K), 0.0049618 secs]
123.791: Total time for which application threads were stopped: 0.0051358 seconds, Stopping threads took: 0.0000197 seconds
123.858: [GC (Allocation Failure)  992455K->671815K(1034240K), 0.0050359 secs]
123.863: Total time for which application threads were stopped: 0.0051955 seconds, Stopping threads took: 0.0000196 seconds
123.930: [GC (Allocation Failure)  992327K->672871K(1034240K), 0.0051903 secs]
123.935: Total time for which application threads were stopped: 0.0053850 seconds, Stopping threads took: 0.0000191 seconds
124.004: [GC (Allocation Failure)  993383K->679913K(1034240K), 0.0051496 secs]
124.010: Total time for which application threads were stopped: 0.0053004 seconds, Stopping threads took: 0.0000170 seconds
124.077: [GC (Allocation Failure)  1000425K->679849K(1034240K), 0.0052162 secs]
124.082: Total time for which application threads were stopped: 0.0054106 seconds, Stopping threads took: 0.0000198 seconds
124.149: [GC (Allocation Failure)  1000361K->680033K(1034240K), 0.0051670 secs]
124.155: Total time for which application threads were stopped: 0.0053402 seconds, Stopping threads took: 0.0000211 seconds
124.222: [GC (Allocation Failure)  1000545K->687908K(1034240K), 0.0049913 secs]
124.227: Total time for which application threads were stopped: 0.0051684 seconds, Stopping threads took: 0.0000191 seconds
124.296: [GC (Allocation Failure)  1008420K->687876K(1034240K), 0.0051405 secs]
124.301: Total time for which application threads were stopped: 0.0053255 seconds, Stopping threads took: 0.0000196 seconds
124.370: [GC (Allocation Failure)  1008388K->689316K(1034240K), 0.0054129 secs]
124.375: [Full GC (Ergonomics)  689316K->9898K(1034240K), 0.0145726 secs]
124.390: Total time for which application threads were stopped: 0.0202470 seconds, Stopping threads took: 0.0000198 seconds
124.458: [GC (Allocation Failure)  330410K->20749K(1031168K), 0.0048362 secs]
124.463: Total time for which application threads were stopped: 0.0049926 seconds, Stopping threads took: 0.0000187 seconds
124.532: [GC (Allocation Failure)  341261K->20701K(1033216K), 0.0044414 secs]
124.537: Total time for which application threads were stopped: 0.0046023 seconds, Stopping threads took: 0.0000190 seconds
124.602: [GC (Allocation Failure)  339165K->22373K(1033216K), 0.0042372 secs]
124.607: Total time for which application threads were stopped: 0.0044063 seconds, Stopping threads took: 0.0000204 seconds
124.674: [GC (Allocation Failure)  340837K->28743K(1033216K), 0.0036963 secs]
124.678: Total time for which application threads were stopped: 0.0038542 seconds, Stopping threads took: 0.0000187 seconds
124.743: [GC (Allocation Failure)  347207K->28775K(1033216K), 0.0038404 secs]
124.747: Total time for which application threads were stopped: 0.0040017 seconds, Stopping threads took: 0.0000204 seconds
124.811: [GC (Allocation Failure)  347239K->30567K(1033728K), 0.0042517 secs]
124.816: Total time for which application threads were stopped: 0.0044196 seconds, Stopping threads took: 0.0000205 seconds
124.883: [GC (Allocation Failure)  350055K->36809K(1033728K), 0.0037085 secs]
124.887: Total time for which application threads were stopped: 0.0038980 seconds, Stopping threads took: 0.0000195 seconds
124.957: [GC (Allocation Failure)  356297K->36777K(1033728K), 0.0037386 secs]
124.960: Total time for which application threads were stopped: 0.0039061 seconds, Stopping threads took: 0.0000197 seconds
125.025: [GC (Allocation Failure)  356265K->37761K(1033728K), 0.0041660 secs]
125.029: Total time for which application threads were stopped: 0.0043357 seconds, Stopping threads took: 0.0000191 seconds
125.095: [GC (Allocation Failure)  357249K->44803K(1033728K), 0.0039926 secs]
125.099: Total time for which application threads were stopped: 0.0041639 seconds, Stopping threads took: 0.0000210 seconds
125.167: [GC (Allocation Failure)  364291K->44803K(1033728K), 0.0036431 secs]
125.170: Total time for which application threads were stopped: 0.0037999 seconds, Stopping threads took: 0.0000197 seconds
125.235: [GC (Allocation Failure)  364291K->44995K(1033728K), 0.0039706 secs]
125.239: Total time for which application threads were stopped: 0.0041344 seconds, Stopping threads took: 0.0000201 seconds
125.305: [GC (Allocation Failure)  364483K->52870K(1033728K), 0.0039553 secs]
125.309: Total time for which application threads were stopped: 0.0041294 seconds, Stopping threads took: 0.0000195 seconds
125.378: [GC (Allocation Failure)  372358K->52838K(1033728K), 0.0037059 secs]
125.382: Total time for which application threads were stopped: 0.0038643 seconds, Stopping threads took: 0.0000202 seconds
125.447: [GC (Allocation Failure)  372326K->53214K(1033728K), 0.0040715 secs]
125.451: Total time for which application threads were stopped: 0.0042462 seconds, Stopping threads took: 0.0000196 seconds
125.520: [GC (Allocation Failure)  372702K->60864K(1033728K), 0.0039895 secs]
125.525: Total time for which application threads were stopped: 0.0041809 seconds, Stopping threads took: 0.0000198 seconds
125.594: [GC (Allocation Failure)  380352K->60864K(1033728K), 0.0040201 secs]
125.598: Total time for which application threads were stopped: 0.0041955 seconds, Stopping threads took: 0.0000193 seconds
125.667: [GC (Allocation Failure)  380352K->61472K(1033728K), 0.0039771 secs]
125.671: Total time for which application threads were stopped: 0.0041512 seconds, Stopping threads took: 0.0000264 seconds
125.739: [GC (Allocation Failure)  380960K->68930K(1033728K), 0.0037934 secs]
125.743: Total time for which application threads were stopped: 0.0039549 seconds, Stopping threads took: 0.0000201 seconds
125.811: [GC (Allocation Failure)  388418K->68898K(1033728K), 0.0039649 secs]
125.815: Total time for which application threads were stopped: 0.0041326 seconds, Stopping threads took: 0.0000197 seconds
125.880: [GC (Allocation Failure)  388386K->69666K(1033728K), 0.0042201 secs]
125.884: Total time for which application threads were stopped: 0.0044022 seconds, Stopping threads took: 0.0000198 seconds
125.953: [GC (Allocation Failure)  389154K->76965K(1033728K), 0.0038908 secs]
125.957: Total time for which application threads were stopped: 0.0040596 seconds, Stopping threads took: 0.0000202 seconds
126.025: [GC (Allocation Failure)  396453K->76933K(1033728K), 0.0037868 secs]
126.028: Total time for which application threads were stopped: 0.0039423 seconds, Stopping threads took: 0.0000194 seconds
126.093: [GC (Allocation Failure)  396421K->77885K(1033728K), 0.0064898 secs]
126.100: Total time for which application threads were stopped: 0.0066447 seconds, Stopping threads took: 0.0000188 seconds
126.166: [GC (Allocation Failure)  397373K->84959K(1033728K), 0.0039311 secs]
126.170: Total time for which application threads were stopped: 0.0041102 seconds, Stopping threads took: 0.0000285 seconds
126.237: [GC (Allocation Failure)  404447K->84959K(1033728K), 0.0041221 secs]
126.242: Total time for which application threads were stopped: 0.0043133 seconds, Stopping threads took: 0.0000197 seconds
126.308: [GC (Allocation Failure)  404447K->85119K(1033728K), 0.0041747 secs]
126.312: Total time for which application threads were stopped: 0.0043662 seconds, Stopping threads took: 0.0000192 seconds
126.381: [GC (Allocation Failure)  404607K->92961K(1032704K), 0.0041369 secs]
126.385: Total time for which application threads were stopped: 0.0043216 seconds, Stopping threads took: 0.0000199 seconds
126.453: [GC (Allocation Failure)  411425K->92961K(1033216K), 0.0040377 secs]
126.457: Total time for which application threads were stopped: 0.0041975 seconds, Stopping threads took: 0.0000209 seconds
126.522: [GC (Allocation Failure)  411425K->93345K(1032704K), 0.0041831 secs]
126.526: Total time for which application threads were stopped: 0.0043728 seconds, Stopping threads took: 0.0000207 seconds
126.595: [GC (Allocation Failure)  411809K->101027K(1033216K), 0.0041756 secs]
126.599: Total time for which application threads were stopped: 0.0043515 seconds, Stopping threads took: 0.0000205 seconds
126.665: [GC (Allocation Failure)  419491K->101027K(1033216K), 0.0040631 secs]
126.669: Total time for which application threads were stopped: 0.0042329 seconds, Stopping threads took: 0.0000261 seconds
126.733: [GC (Allocation Failure)  419491K->101563K(1033216K), 0.0047083 secs]
126.738: Total time for which application threads were stopped: 0.0048841 seconds, Stopping threads took: 0.0000283 seconds
126.805: [GC (Allocation Failure)  420027K->109054K(1033216K), 0.0040423 secs]
126.809: Total time for which application threads were stopped: 0.0042035 seconds, Stopping threads took: 0.0000201 seconds
126.876: [GC (Allocation Failure)  427518K->109054K(1033216K), 0.0045806 secs]
126.881: Total time for which application threads were stopped: 0.0047610 seconds, Stopping threads took: 0.0000195 seconds
126.947: [GC (Allocation Failure)  427518K->109318K(1033216K), 0.0040779 secs]
126.951: Total time for which application threads were stopped: 0.0042553 seconds, Stopping threads took: 0.0000223 seconds
127.020: [GC (Allocation Failure)  427782K->117128K(1033216K), 0.0040688 secs]
127.024: Total time for which application threads were stopped: 0.0042395 seconds, Stopping threads took: 0.0000214 seconds
127.089: [GC (Allocation Failure)  435592K->117096K(1033216K), 0.0041828 secs]
127.094: Total time for which application threads were stopped: 0.0043457 seconds, Stopping threads took: 0.0000190 seconds
127.160: [GC (Allocation Failure)  435560K->117160K(1033216K), 0.0040084 secs]
127.164: Total time for which application threads were stopped: 0.0041811 seconds, Stopping threads took: 0.0000265 seconds
127.231: [GC (Allocation Failure)  435624K->125130K(1033216K), 0.0040149 secs]
127.235: Total time for which application threads were stopped: 0.0041752 seconds, Stopping threads took: 0.0000192 seconds
127.301: [GC (Allocation Failure)  443594K->125162K(1033216K), 0.0041376 secs]
127.305: Total time for which application threads were stopped: 0.0042995 seconds, Stopping threads took: 0.0000194 seconds
127.369: [GC (Allocation Failure)  443626K->125290K(1033216K), 0.0044165 secs]
127.374: Total time for which application threads were stopped: 0.0045994 seconds, Stopping threads took: 0.0000205 seconds
127.443: [GC (Allocation Failure)  443754K->133164K(1033216K), 0.0038137 secs]
127.447: Total time for which application threads were stopped: 0.0039850 seconds, Stopping threads took: 0.0000200 seconds
127.513: [GC (Allocation Failure)  451628K->133196K(1033216K), 0.0045158 secs]
127.518: Total time for which application threads were stopped: 0.0046799 seconds, Stopping threads took: 0.0000203 seconds
127.583: [GC (Allocation Failure)  451660K->133508K(1033216K), 0.0043294 secs]
127.587: Total time for which application threads were stopped: 0.0044986 seconds, Stopping threads took: 0.0000194 seconds
127.656: [GC (Allocation Failure)  451972K->141191K(1033216K), 0.0040658 secs]
127.660: Total time for which application threads were stopped: 0.0042343 seconds, Stopping threads took: 0.0000260 seconds
127.728: [GC (Allocation Failure)  459655K->141159K(1033216K), 0.0039212 secs]
127.732: Total time for which application threads were stopped: 0.0040911 seconds, Stopping threads took: 0.0000222 seconds
127.797: [GC (Allocation Failure)  459623K->141471K(1033216K), 0.0042564 secs]
127.801: Total time for which application threads were stopped: 0.0044355 seconds, Stopping threads took: 0.0000201 seconds
127.868: [GC (Allocation Failure)  459935K->149249K(1033216K), 0.0039040 secs]
127.872: Total time for which application threads were stopped: 0.0040724 seconds, Stopping threads took: 0.0000201 seconds
127.937: [GC (Allocation Failure)  467713K->143359K(1033728K), 0.0016242 secs]
127.939: Total time for which application threads were stopped: 0.0017583 seconds, Stopping threads took: 0.0000192 seconds
128.007: [GC (Allocation Failure)  462335K->149433K(1033216K), 0.0041747 secs]
128.011: Total time for which application threads were stopped: 0.0043410 seconds, Stopping threads took: 0.0000197 seconds
128.079: [GC (Allocation Failure)  468409K->153393K(1033216K), 0.0041584 secs]
128.083: Total time for which application threads were stopped: 0.0043318 seconds, Stopping threads took: 0.0000200 seconds
128.149: [GC (Allocation Failure)  472881K->157935K(1031680K), 0.0064807 secs]
128.156: Total time for which application threads were stopped: 0.0066505 seconds, Stopping threads took: 0.0000202 seconds
128.222: [GC (Allocation Failure)  477423K->153489K(1032704K), 0.0041122 secs]
128.226: Total time for which application threads were stopped: 0.0042872 seconds, Stopping threads took: 0.0000198 seconds
128.293: [GC (Allocation Failure)  470417K->153361K(1032192K), 0.0038844 secs]
128.297: Total time for which application threads were stopped: 0.0040456 seconds, Stopping threads took: 0.0000201 seconds
128.361: [GC (Allocation Failure)  470289K->147951K(1033216K), 0.0017370 secs]
128.363: Total time for which application threads were stopped: 0.0018743 seconds, Stopping threads took: 0.0000186 seconds
128.430: [GC (Allocation Failure)  465903K->153457K(1032704K), 0.0039798 secs]
128.434: Total time for which application threads were stopped: 0.0041397 seconds, Stopping threads took: 0.0000198 seconds
128.504: [GC (Allocation Failure)  471409K->153329K(1033728K), 0.0050068 secs]
128.509: Total time for which application threads were stopped: 0.0052222 seconds, Stopping threads took: 0.0000267 seconds
128.576: [GC (Allocation Failure)  472305K->155625K(1033216K), 0.0043270 secs]
128.580: Total time for which application threads were stopped: 0.0045083 seconds, Stopping threads took: 0.0000198 seconds
128.648: [GC (Allocation Failure)  474601K->161419K(1033728K), 0.0041055 secs]
128.652: Total time for which application threads were stopped: 0.0042891 seconds, Stopping threads took: 0.0000194 seconds
128.721: [GC (Allocation Failure)  480907K->161419K(1033728K), 0.0040377 secs]
128.725: Total time for which application threads were stopped: 0.0042222 seconds, Stopping threads took: 0.0000287 seconds
128.793: [GC (Allocation Failure)  480907K->162307K(1033728K), 0.0042376 secs]
128.797: Total time for which application threads were stopped: 0.0043995 seconds, Stopping threads took: 0.0000164 seconds
128.866: [GC (Allocation Failure)  481795K->169413K(1033728K), 0.0039605 secs]
128.870: Total time for which application threads were stopped: 0.0041220 seconds, Stopping threads took: 0.0000205 seconds
128.939: [GC (Allocation Failure)  488901K->169445K(1033728K), 0.0040852 secs]
128.943: Total time for which application threads were stopped: 0.0042455 seconds, Stopping threads took: 0.0000199 seconds
129.009: [GC (Allocation Failure)  488933K->173541K(1033728K), 0.0052690 secs]
129.014: Total time for which application threads were stopped: 0.0054259 seconds, Stopping threads took: 0.0000198 seconds
129.082: [GC (Allocation Failure)  493029K->177512K(1034240K), 0.0040807 secs]
129.086: Total time for which application threads were stopped: 0.0042723 seconds, Stopping threads took: 0.0000187 seconds
129.154: [GC (Allocation Failure)  498024K->177448K(1034240K), 0.0042519 secs]
129.158: Total time for which application threads were stopped: 0.0044096 seconds, Stopping threads took: 0.0000164 seconds
129.223: [GC (Allocation Failure)  497960K->178696K(1033728K), 0.0043364 secs]
129.227: Total time for which application threads were stopped: 0.0045273 seconds, Stopping threads took: 0.0000282 seconds
129.295: [GC (Allocation Failure)  499208K->185514K(1034240K), 0.0038847 secs]
129.299: Total time for which application threads were stopped: 0.0040314 seconds, Stopping threads took: 0.0000267 seconds
129.365: [GC (Allocation Failure)  506026K->185514K(1034240K), 0.0040704 secs]
129.369: Total time for which application threads were stopped: 0.0042167 seconds, Stopping threads took: 0.0000174 seconds
129.433: [GC (Allocation Failure)  506026K->188994K(1034240K), 0.0062859 secs]
129.439: Total time for which application threads were stopped: 0.0064641 seconds, Stopping threads took: 0.0000272 seconds
129.508: [GC (Allocation Failure)  509506K->193508K(1034752K), 0.0050220 secs]
129.513: Total time for which application threads were stopped: 0.0051665 seconds, Stopping threads took: 0.0000253 seconds
129.581: [GC (Allocation Failure)  515044K->193540K(1034752K), 0.0041625 secs]
129.585: Total time for which application threads were stopped: 0.0043524 seconds, Stopping threads took: 0.0000191 seconds
129.651: [GC (Allocation Failure)  515076K->197244K(1035264K), 0.0052594 secs]
129.656: Total time for which application threads were stopped: 0.0054099 seconds, Stopping threads took: 0.0000169 seconds
129.724: [GC (Allocation Failure)  519292K->201567K(1034752K), 0.0043952 secs]
129.729: Total time for which application threads were stopped: 0.0045722 seconds, Stopping threads took: 0.0000274 seconds
129.797: [GC (Allocation Failure)  523615K->201535K(1035264K), 0.0041665 secs]
129.801: Total time for which application threads were stopped: 0.0043482 seconds, Stopping threads took: 0.0000206 seconds
129.868: [GC (Allocation Failure)  524095K->204447K(1035264K), 0.0048294 secs]
129.873: Total time for which application threads were stopped: 0.0050085 seconds, Stopping threads took: 0.0000205 seconds
129.940: [GC (Allocation Failure)  527007K->209729K(1035264K), 0.0041676 secs]
129.944: Total time for which application threads were stopped: 0.0043398 seconds, Stopping threads took: 0.0000207 seconds
130.013: [GC (Allocation Failure)  532289K->209537K(1035264K), 0.0038933 secs]
130.017: Total time for which application threads were stopped: 0.0040897 seconds, Stopping threads took: 0.0000200 seconds
130.084: [GC (Allocation Failure)  532097K->212705K(1035264K), 0.0047682 secs]
130.089: Total time for which application threads were stopped: 0.0049298 seconds, Stopping threads took: 0.0000176 seconds
130.157: [GC (Allocation Failure)  535265K->217667K(1035264K), 0.0040703 secs]
130.161: Total time for which application threads were stopped: 0.0042656 seconds, Stopping threads took: 0.0000199 seconds
130.230: [GC (Allocation Failure)  540227K->217603K(1035264K), 0.0040117 secs]
130.234: Total time for which application threads were stopped: 0.0041742 seconds, Stopping threads took: 0.0000200 seconds
130.302: [GC (Allocation Failure)  540163K->220907K(1035264K), 0.0049044 secs]
130.307: Total time for which application threads were stopped: 0.0050970 seconds, Stopping threads took: 0.0000200 seconds
130.375: [GC (Allocation Failure)  543467K->225677K(1035264K), 0.0042031 secs]
130.380: Total time for which application threads were stopped: 0.0043630 seconds, Stopping threads took: 0.0000196 seconds
130.448: [GC (Allocation Failure)  548237K->225677K(1035264K), 0.0041709 secs]
130.452: Total time for which application threads were stopped: 0.0043513 seconds, Stopping threads took: 0.0000191 seconds
130.519: [GC (Allocation Failure)  548237K->229157K(1035776K), 0.0052001 secs]
130.525: Total time for which application threads were stopped: 0.0053671 seconds, Stopping threads took: 0.0000180 seconds
130.593: [GC (Allocation Failure)  552229K->233928K(1035264K), 0.0039454 secs]
130.597: Total time for which application threads were stopped: 0.0041020 seconds, Stopping threads took: 0.0000192 seconds
130.667: [GC (Allocation Failure)  557000K->233672K(1035264K), 0.0040329 secs]
130.671: Total time for which application threads were stopped: 0.0041924 seconds, Stopping threads took: 0.0000258 seconds
130.739: [GC (Allocation Failure)  556232K->226277K(1035264K), 0.0011786 secs]
130.740: Total time for which application threads were stopped: 0.0013070 seconds, Stopping threads took: 0.0000249 seconds
130.808: [GC (Allocation Failure)  548837K->233864K(1034240K), 0.0042339 secs]
130.812: Total time for which application threads were stopped: 0.0044024 seconds, Stopping threads took: 0.0000200 seconds
130.880: [GC (Allocation Failure)  555400K->233672K(1034752K), 0.0040978 secs]
130.885: Total time for which application threads were stopped: 0.0042632 seconds, Stopping threads took: 0.0000210 seconds
130.950: [GC (Allocation Failure)  555208K->228517K(1035264K), 0.0021312 secs]
130.952: Total time for which application threads were stopped: 0.0022743 seconds, Stopping threads took: 0.0000179 seconds
131.022: [GC (Allocation Failure)  551077K->233768K(1035264K), 0.0041236 secs]
131.027: Total time for which application threads were stopped: 0.0042811 seconds, Stopping threads took: 0.0000189 seconds
131.095: [GC (Allocation Failure)  556328K->233672K(1035264K), 0.0040637 secs]
131.099: Total time for which application threads were stopped: 0.0042683 seconds, Stopping threads took: 0.0000278 seconds
131.167: [GC (Allocation Failure)  556232K->232805K(1035264K), 0.0038397 secs]
131.171: Total time for which application threads were stopped: 0.0039957 seconds, Stopping threads took: 0.0000256 seconds
131.238: [GC (Allocation Failure)  555365K->233736K(1035776K), 0.0042636 secs]
131.242: Total time for which application threads were stopped: 0.0044240 seconds, Stopping threads took: 0.0000188 seconds
131.310: [GC (Allocation Failure)  557320K->233704K(1035776K), 0.0043998 secs]
131.314: Total time for which application threads were stopped: 0.0045588 seconds, Stopping threads took: 0.0000200 seconds
131.383: [GC (Allocation Failure)  557288K->239109K(1031680K), 0.0068667 secs]
131.390: Total time for which application threads were stopped: 0.0070364 seconds, Stopping threads took: 0.0000186 seconds
131.457: [GC (Allocation Failure)  558597K->234376K(1033728K), 0.0042267 secs]
131.462: Total time for which application threads were stopped: 0.0044198 seconds, Stopping threads took: 0.0000193 seconds
131.532: [GC (Allocation Failure)  553864K->234344K(1034752K), 0.0041709 secs]
131.536: Total time for which application threads were stopped: 0.0043824 seconds, Stopping threads took: 0.0000198 seconds
131.606: [GC (Allocation Failure)  555368K->236517K(1034240K), 0.0068887 secs]
131.613: Total time for which application threads were stopped: 0.0070799 seconds, Stopping threads took: 0.0000245 seconds
131.682: [GC (Allocation Failure)  557541K->234568K(1034752K), 0.0040356 secs]
131.686: Total time for which application threads were stopped: 0.0041850 seconds, Stopping threads took: 0.0000263 seconds
131.755: [GC (Allocation Failure)  555592K->234408K(1034240K), 0.0040788 secs]
131.760: Total time for which application threads were stopped: 0.0042459 seconds, Stopping threads took: 0.0000279 seconds
131.825: [GC (Allocation Failure)  555432K->236165K(1035264K), 0.0049810 secs]
131.830: Total time for which application threads were stopped: 0.0051410 seconds, Stopping threads took: 0.0000190 seconds
131.898: [GC (Allocation Failure)  558725K->234504K(1035264K), 0.0052905 secs]
131.903: Total time for which application threads were stopped: 0.0054780 seconds, Stopping threads took: 0.0000196 seconds
131.972: [GC (Allocation Failure)  557064K->234408K(1036288K), 0.0048023 secs]
131.977: Total time for which application threads were stopped: 0.0049616 seconds, Stopping threads took: 0.0000170 seconds
132.046: [GC (Allocation Failure)  558504K->241957K(1035776K), 0.0081115 secs]
132.054: Total time for which application threads were stopped: 0.0082883 seconds, Stopping threads took: 0.0000185 seconds
132.124: [GC (Allocation Failure)  566053K->237832K(1032704K), 0.0040913 secs]
132.128: Total time for which application threads were stopped: 0.0042856 seconds, Stopping threads took: 0.0000203 seconds
132.195: [GC (Allocation Failure)  558344K->237768K(1034240K), 0.0041201 secs]
132.200: Total time for which application threads were stopped: 0.0043065 seconds, Stopping threads took: 0.0000260 seconds
132.269: [GC (Allocation Failure)  558280K->230725K(1032704K), 0.0013688 secs]
132.270: Total time for which application threads were stopped: 0.0015070 seconds, Stopping threads took: 0.0000189 seconds
132.340: [GC (Allocation Failure)  550213K->237800K(1033728K), 0.0040451 secs]
132.344: Total time for which application threads were stopped: 0.0041955 seconds, Stopping threads took: 0.0000169 seconds
132.412: [GC (Allocation Failure)  557288K->241880K(1034752K), 0.0052135 secs]
132.417: Total time for which application threads were stopped: 0.0053870 seconds, Stopping threads took: 0.0000194 seconds
132.486: [GC (Allocation Failure)  562904K->247837K(1034240K), 0.0112910 secs]
132.497: Total time for which application threads were stopped: 0.0114522 seconds, Stopping threads took: 0.0000188 seconds
132.564: [GC (Allocation Failure)  568861K->242360K(1033216K), 0.0042993 secs]
132.568: Total time for which application threads were stopped: 0.0044890 seconds, Stopping threads took: 0.0000190 seconds
132.635: [GC (Allocation Failure)  561848K->242104K(1033728K), 0.0042446 secs]
132.640: Total time for which application threads were stopped: 0.0044502 seconds, Stopping threads took: 0.0000201 seconds
132.707: [GC (Allocation Failure)  561592K->244725K(1034240K), 0.0052842 secs]
132.712: Total time for which application threads were stopped: 0.0054761 seconds, Stopping threads took: 0.0000194 seconds
132.781: [GC (Allocation Failure)  565237K->242296K(1034240K), 0.0041791 secs]
132.786: Total time for which application threads were stopped: 0.0043601 seconds, Stopping threads took: 0.0000191 seconds
132.854: [GC (Allocation Failure)  562808K->242104K(1034752K), 0.0040334 secs]
132.858: Total time for which application threads were stopped: 0.0041927 seconds, Stopping threads took: 0.0000190 seconds
132.923: [GC (Allocation Failure)  563640K->243861K(1034752K), 0.0051190 secs]
132.929: Total time for which application threads were stopped: 0.0052759 seconds, Stopping threads took: 0.0000193 seconds
132.997: [GC (Allocation Failure)  565397K->242200K(1035264K), 0.0050692 secs]
133.003: Total time for which application threads were stopped: 0.0052375 seconds, Stopping threads took: 0.0000191 seconds
133.071: [GC (Allocation Failure)  564248K->242104K(1034752K), 0.0057748 secs]
133.077: Total time for which application threads were stopped: 0.0059418 seconds, Stopping threads took: 0.0000195 seconds
133.145: [GC (Allocation Failure)  564152K->246133K(1033728K), 0.0059751 secs]
133.151: Total time for which application threads were stopped: 0.0061500 seconds, Stopping threads took: 0.0000200 seconds
133.218: [GC (Allocation Failure)  567669K->242168K(1034752K), 0.0043053 secs]
133.223: Total time for which application threads were stopped: 0.0044656 seconds, Stopping threads took: 0.0000193 seconds
133.288: [GC (Allocation Failure)  563704K->242136K(1035264K), 0.0041341 secs]
133.293: Total time for which application threads were stopped: 0.0043037 seconds, Stopping threads took: 0.0000196 seconds
133.361: [GC (Allocation Failure)  564696K->248325K(1035264K), 0.0071151 secs]
133.369: Total time for which application threads were stopped: 0.0073067 seconds, Stopping threads took: 0.0000194 seconds
133.438: [GC (Allocation Failure)  570885K->243080K(1033216K), 0.0049788 secs]
133.443: Total time for which application threads were stopped: 0.0051478 seconds, Stopping threads took: 0.0000193 seconds
133.510: [GC (Allocation Failure)  563592K->243080K(1034240K), 0.0064283 secs]
133.517: Total time for which application threads were stopped: 0.0066106 seconds, Stopping threads took: 0.0000252 seconds
133.585: [GC (Allocation Failure)  563592K->249517K(1031168K), 0.0069500 secs]
133.592: Total time for which application threads were stopped: 0.0071069 seconds, Stopping threads took: 0.0000163 seconds
133.658: [GC (Allocation Failure)  566957K->243480K(1032704K), 0.0044182 secs]
133.663: Total time for which application threads were stopped: 0.0045869 seconds, Stopping threads took: 0.0000198 seconds
133.730: [GC (Allocation Failure)  560920K->243288K(1033728K), 0.0042818 secs]
133.734: Total time for which application threads were stopped: 0.0044537 seconds, Stopping threads took: 0.0000205 seconds
133.802: [GC (Allocation Failure)  562264K->240213K(1033216K), 0.0030783 secs]
133.806: Total time for which application threads were stopped: 0.0032544 seconds, Stopping threads took: 0.0000195 seconds
133.875: [GC (Allocation Failure)  559189K->243448K(1033728K), 0.0042583 secs]
133.879: Total time for which application threads were stopped: 0.0044291 seconds, Stopping threads took: 0.0000191 seconds
133.948: [GC (Allocation Failure)  562424K->243256K(1033216K), 0.0042131 secs]
133.953: Total time for which application threads were stopped: 0.0043938 seconds, Stopping threads took: 0.0000167 seconds
134.020: [GC (Allocation Failure)  562232K->245904K(1033216K), 0.0045299 secs]
134.025: Total time for which application threads were stopped: 0.0046986 seconds, Stopping threads took: 0.0000198 seconds
134.092: [GC (Allocation Failure)  565392K->251410K(1033728K), 0.0042285 secs]
134.096: Total time for which application threads were stopped: 0.0044140 seconds, Stopping threads took: 0.0000188 seconds
134.163: [GC (Allocation Failure)  570898K->251314K(1034752K), 0.0042263 secs]
134.167: Total time for which application threads were stopped: 0.0043836 seconds, Stopping threads took: 0.0000250 seconds
134.234: [GC (Allocation Failure)  572338K->254618K(1034240K), 0.0065067 secs]
134.240: Total time for which application threads were stopped: 0.0066882 seconds, Stopping threads took: 0.0000277 seconds
134.308: [GC (Allocation Failure)  575642K->259420K(1035264K), 0.0040610 secs]
134.312: Total time for which application threads were stopped: 0.0042251 seconds, Stopping threads took: 0.0000187 seconds
134.379: [GC (Allocation Failure)  581468K->259356K(1034752K), 0.0044135 secs]
134.384: Total time for which application threads were stopped: 0.0045923 seconds, Stopping threads took: 0.0000196 seconds
134.451: [GC (Allocation Failure)  581404K->260324K(1034240K), 0.0044538 secs]
134.456: Total time for which application threads were stopped: 0.0046211 seconds, Stopping threads took: 0.0000188 seconds
134.524: [GC (Allocation Failure)  581860K->267366K(1034752K), 0.0043076 secs]
134.528: Total time for which application threads were stopped: 0.0044803 seconds, Stopping threads took: 0.0000193 seconds
134.598: [GC (Allocation Failure)  588902K->267366K(1035264K), 0.0043923 secs]
134.602: Total time for which application threads were stopped: 0.0045623 seconds, Stopping threads took: 0.0000203 seconds
134.671: [GC (Allocation Failure)  589926K->270630K(1035264K), 0.0051183 secs]
134.676: Total time for which application threads were stopped: 0.0053081 seconds, Stopping threads took: 0.0000258 seconds
134.745: [GC (Allocation Failure)  593190K->275625K(1035264K), 0.0040818 secs]
134.749: Total time for which application threads were stopped: 0.0042454 seconds, Stopping threads took: 0.0000205 seconds
134.817: [GC (Allocation Failure)  598185K->275401K(1035264K), 0.0042773 secs]
134.822: Total time for which application threads were stopped: 0.0044467 seconds, Stopping threads took: 0.0000201 seconds
134.888: [GC (Allocation Failure)  597961K->270758K(1035776K), 0.0023848 secs]
134.890: Total time for which application threads were stopped: 0.0025562 seconds, Stopping threads took: 0.0000266 seconds
134.958: [GC (Allocation Failure)  594342K->275529K(1035776K), 0.0043102 secs]
134.963: Total time for which application threads were stopped: 0.0044811 seconds, Stopping threads took: 0.0000216 seconds
135.031: [GC (Allocation Failure)  599113K->275433K(1035776K), 0.0040680 secs]
135.036: Total time for which application threads were stopped: 0.0042313 seconds, Stopping threads took: 0.0000201 seconds
135.104: [GC (Allocation Failure)  599017K->278182K(1034240K), 0.0054788 secs]
135.109: Total time for which application threads were stopped: 0.0056564 seconds, Stopping threads took: 0.0000196 seconds
135.178: [GC (Allocation Failure)  601766K->275529K(1035264K), 0.0054760 secs]
135.184: Total time for which application threads were stopped: 0.0056602 seconds, Stopping threads took: 0.0000273 seconds
135.253: [GC (Allocation Failure)  597577K->275401K(1034752K), 0.0040823 secs]
135.257: Total time for which application threads were stopped: 0.0042685 seconds, Stopping threads took: 0.0000214 seconds
135.325: [GC (Allocation Failure)  597449K->282438K(1030656K), 0.0076973 secs]
135.333: Total time for which application threads were stopped: 0.0078765 seconds, Stopping threads took: 0.0000186 seconds
135.401: [GC (Allocation Failure)  600902K->277769K(1033216K), 0.0044736 secs]
135.405: Total time for which application threads were stopped: 0.0046457 seconds, Stopping threads took: 0.0000195 seconds
135.473: [GC (Allocation Failure)  596233K->277705K(1034240K), 0.0065542 secs]
135.480: Total time for which application threads were stopped: 0.0067208 seconds, Stopping threads took: 0.0000193 seconds
135.547: [GC (Allocation Failure)  597705K->278310K(1033728K), 0.0047978 secs]
135.551: Total time for which application threads were stopped: 0.0049721 seconds, Stopping threads took: 0.0000196 seconds
135.622: [GC (Allocation Failure)  598310K->277961K(1035264K), 0.0041675 secs]
135.626: Total time for which application threads were stopped: 0.0043377 seconds, Stopping threads took: 0.0000217 seconds
135.696: [GC (Allocation Failure)  600009K->277705K(1034752K), 0.0039833 secs]
135.700: Total time for which application threads were stopped: 0.0041489 seconds, Stopping threads took: 0.0000260 seconds
135.767: [GC (Allocation Failure)  599753K->279014K(1035776K), 0.0051106 secs]
135.772: Total time for which application threads were stopped: 0.0052905 seconds, Stopping threads took: 0.0000253 seconds
135.842: [GC (Allocation Failure)  602598K->277929K(1035776K), 0.0042124 secs]
135.846: Total time for which application threads were stopped: 0.0043668 seconds, Stopping threads took: 0.0000199 seconds
135.913: [GC (Allocation Failure)  601513K->277705K(1036800K), 0.0042340 secs]
135.917: Total time for which application threads were stopped: 0.0043825 seconds, Stopping threads took: 0.0000204 seconds
135.980: [GC (Allocation Failure)  602825K->271526K(1026560K), 0.0020364 secs]
135.982: Total time for which application threads were stopped: 0.0021714 seconds, Stopping threads took: 0.0000198 seconds
136.051: [GC (Allocation Failure)  596646K->277849K(1036288K), 0.0043233 secs]
136.055: Total time for which application threads were stopped: 0.0044933 seconds, Stopping threads took: 0.0000194 seconds
136.122: [GC (Allocation Failure)  601945K->281857K(1035776K), 0.0048404 secs]
136.127: Total time for which application threads were stopped: 0.0050169 seconds, Stopping threads took: 0.0000209 seconds
136.196: [GC (Allocation Failure)  605953K->281857K(1036800K), 0.0069595 secs]
136.203: Total time for which application threads were stopped: 0.0071421 seconds, Stopping threads took: 0.0000263 seconds
136.269: [GC (Allocation Failure)  606977K->281993K(1025024K), 0.0042638 secs]
136.273: Total time for which application threads were stopped: 0.0044555 seconds, Stopping threads took: 0.0000190 seconds
136.344: [GC (Allocation Failure)  607113K->289899K(1035776K), 0.0065231 secs]
136.351: Total time for which application threads were stopped: 0.0066729 seconds, Stopping threads took: 0.0000169 seconds
136.420: [GC (Allocation Failure)  613483K->289899K(1035776K), 0.0045018 secs]
136.425: Total time for which application threads were stopped: 0.0046870 seconds, Stopping threads took: 0.0000248 seconds
136.493: [GC (Allocation Failure)  613483K->290219K(1034752K), 0.0071321 secs]
136.500: Total time for which application threads were stopped: 0.0073102 seconds, Stopping threads took: 0.0000255 seconds
136.568: [GC (Allocation Failure)  612779K->297997K(1035264K), 0.0040757 secs]
136.572: Total time for which application threads were stopped: 0.0042615 seconds, Stopping threads took: 0.0000175 seconds
136.640: [GC (Allocation Failure)  620557K->297965K(1035264K), 0.0043118 secs]
136.645: Total time for which application threads were stopped: 0.0044814 seconds, Stopping threads took: 0.0000198 seconds
136.713: [GC (Allocation Failure)  620525K->298469K(1035264K), 0.0045785 secs]
136.718: Total time for which application threads were stopped: 0.0047564 seconds, Stopping threads took: 0.0000262 seconds
136.785: [GC (Allocation Failure)  621029K->305959K(1035264K), 0.0042875 secs]
136.790: Total time for which application threads were stopped: 0.0044820 seconds, Stopping threads took: 0.0000203 seconds
136.860: [GC (Allocation Failure)  628519K->305959K(1035264K), 0.0042459 secs]
136.864: Total time for which application threads were stopped: 0.0044074 seconds, Stopping threads took: 0.0000190 seconds
136.931: [GC (Allocation Failure)  628519K->306215K(1034240K), 0.0043888 secs]
136.936: Total time for which application threads were stopped: 0.0046033 seconds, Stopping threads took: 0.0000198 seconds
137.004: [GC (Allocation Failure)  627751K->313994K(1034752K), 0.0045830 secs]
137.009: Total time for which application threads were stopped: 0.0047487 seconds, Stopping threads took: 0.0000207 seconds
137.076: [GC (Allocation Failure)  635530K->313962K(1034752K), 0.0044242 secs]
137.080: Total time for which application threads were stopped: 0.0046055 seconds, Stopping threads took: 0.0000201 seconds
137.146: [GC (Allocation Failure)  635498K->314058K(1021440K), 0.0045948 secs]
137.150: Total time for which application threads were stopped: 0.0047831 seconds, Stopping threads took: 0.0000208 seconds
137.218: [GC (Allocation Failure)  635594K->322060K(1034240K), 0.0043514 secs]
137.222: Total time for which application threads were stopped: 0.0045219 seconds, Stopping threads took: 0.0000283 seconds
137.289: [GC (Allocation Failure)  642572K->322028K(1034240K), 0.0045065 secs]
137.294: Total time for which application threads were stopped: 0.0046678 seconds, Stopping threads took: 0.0000201 seconds
137.361: [GC (Allocation Failure)  642540K->322148K(1034240K), 0.0045556 secs]
137.365: Total time for which application threads were stopped: 0.0047236 seconds, Stopping threads took: 0.0000195 seconds
137.433: [GC (Allocation Failure)  642660K->330086K(1034240K), 0.0042801 secs]
137.437: Total time for which application threads were stopped: 0.0044551 seconds, Stopping threads took: 0.0000193 seconds
137.505: [GC (Allocation Failure)  650598K->330054K(1034240K), 0.0051257 secs]
137.510: Total time for which application threads were stopped: 0.0052775 seconds, Stopping threads took: 0.0000252 seconds
137.577: [GC (Allocation Failure)  650566K->330366K(1020416K), 0.0045536 secs]
137.582: Total time for which application threads were stopped: 0.0047096 seconds, Stopping threads took: 0.0000197 seconds
137.651: [GC (Allocation Failure)  650878K->338080K(1033728K), 0.0044960 secs]
137.656: Total time for which application threads were stopped: 0.0046475 seconds, Stopping threads took: 0.0000170 seconds
137.724: [GC (Allocation Failure)  657568K->338080K(1033728K), 0.0041256 secs]
137.728: Total time for which application threads were stopped: 0.0043167 seconds, Stopping threads took: 0.0000251 seconds
137.794: [GC (Allocation Failure)  657568K->338592K(1033728K), 0.0044090 secs]
137.798: Total time for which application threads were stopped: 0.0045826 seconds, Stopping threads took: 0.0000200 seconds
137.868: [GC (Allocation Failure)  658080K->346115K(1033728K), 0.0045224 secs]
137.873: Total time for which application threads were stopped: 0.0047217 seconds, Stopping threads took: 0.0000281 seconds
137.941: [GC (Allocation Failure)  665603K->346147K(1033728K), 0.0042498 secs]
137.945: Total time for which application threads were stopped: 0.0044220 seconds, Stopping threads took: 0.0000191 seconds
138.013: [GC (Allocation Failure)  665635K->346339K(1033728K), 0.0045869 secs]
138.018: Total time for which application threads were stopped: 0.0047361 seconds, Stopping threads took: 0.0000173 seconds
138.085: [GC (Allocation Failure)  665827K->354149K(1033728K), 0.0044334 secs]
138.090: Total time for which application threads were stopped: 0.0046334 seconds, Stopping threads took: 0.0000202 seconds
138.159: [GC (Allocation Failure)  673637K->354149K(1033728K), 0.0041817 secs]
138.163: Total time for which application threads were stopped: 0.0043604 seconds, Stopping threads took: 0.0000285 seconds
138.230: [GC (Allocation Failure)  673637K->354309K(1033728K), 0.0045509 secs]
138.235: Total time for which application threads were stopped: 0.0047201 seconds, Stopping threads took: 0.0000264 seconds
138.303: [GC (Allocation Failure)  673797K->362183K(1027072K), 0.0042742 secs]
138.307: Total time for which application threads were stopped: 0.0044447 seconds, Stopping threads took: 0.0000257 seconds
138.374: [GC (Allocation Failure)  681671K->362215K(1033216K), 0.0042847 secs]
138.379: Total time for which application threads were stopped: 0.0044466 seconds, Stopping threads took: 0.0000199 seconds
138.445: [GC (Allocation Failure)  680679K->362279K(1033216K), 0.0053415 secs]
138.451: Total time for which application threads were stopped: 0.0055100 seconds, Stopping threads took: 0.0000189 seconds
138.520: [GC (Allocation Failure)  680743K->370218K(1033216K), 0.0045454 secs]
138.524: Total time for which application threads were stopped: 0.0047120 seconds, Stopping threads took: 0.0000201 seconds
138.589: [GC (Allocation Failure)  688682K->366279K(1033216K), 0.0034167 secs]
138.592: Total time for which application threads were stopped: 0.0035927 seconds, Stopping threads took: 0.0000193 seconds
138.660: [GC (Allocation Failure)  684743K->370378K(1034752K), 0.0045253 secs]
138.664: Total time for which application threads were stopped: 0.0046863 seconds, Stopping threads took: 0.0000196 seconds
138.734: [GC (Allocation Failure)  691402K->374346K(1034240K), 0.0044948 secs]
138.738: Total time for which application threads were stopped: 0.0046640 seconds, Stopping threads took: 0.0000282 seconds
138.804: [GC (Allocation Failure)  695370K->367559K(1034752K), 0.0017497 secs]
138.806: Total time for which application threads were stopped: 0.0018888 seconds, Stopping threads took: 0.0000193 seconds
138.876: [GC (Allocation Failure)  688583K->374450K(1034240K), 0.0043514 secs]
138.880: Total time for which application threads were stopped: 0.0045292 seconds, Stopping threads took: 0.0000192 seconds
138.949: [GC (Allocation Failure)  695474K->378498K(1034752K), 0.0053076 secs]
138.955: Total time for which application threads were stopped: 0.0054767 seconds, Stopping threads took: 0.0000192 seconds
139.020: [GC (Allocation Failure)  700034K->371903K(1034752K), 0.0018370 secs]
139.022: Total time for which application threads were stopped: 0.0019805 seconds, Stopping threads took: 0.0000197 seconds
139.089: [GC (Allocation Failure)  693439K->378802K(1034752K), 0.0045645 secs]
139.094: Total time for which application threads were stopped: 0.0047348 seconds, Stopping threads took: 0.0000197 seconds
139.161: [GC (Allocation Failure)  700338K->382642K(1034752K), 0.0053427 secs]
139.166: Total time for which application threads were stopped: 0.0055128 seconds, Stopping threads took: 0.0000205 seconds
139.233: [GC (Allocation Failure)  704178K->377295K(1034752K), 0.0024909 secs]
139.236: Total time for which application threads were stopped: 0.0026485 seconds, Stopping threads took: 0.0000271 seconds
139.303: [GC (Allocation Failure)  698831K->382858K(1034752K), 0.0044327 secs]
139.307: Total time for which application threads were stopped: 0.0045898 seconds, Stopping threads took: 0.0000269 seconds
139.375: [GC (Allocation Failure)  704394K->386786K(1034752K), 0.0046108 secs]
139.380: Total time for which application threads were stopped: 0.0047707 seconds, Stopping threads took: 0.0000256 seconds
139.446: [GC (Allocation Failure)  709326K->382879K(1035264K), 0.0034839 secs]
139.450: Total time for which application threads were stopped: 0.0036550 seconds, Stopping threads took: 0.0000219 seconds
139.520: [GC (Allocation Failure)  705439K->386922K(1036288K), 0.0047467 secs]
139.525: Total time for which application threads were stopped: 0.0049143 seconds, Stopping threads took: 0.0000189 seconds
139.593: [GC (Allocation Failure)  711018K->390954K(1035776K), 0.0046657 secs]
139.598: Total time for which application threads were stopped: 0.0048340 seconds, Stopping threads took: 0.0000196 seconds
139.666: [GC (Allocation Failure)  715050K->390922K(1035776K), 0.0046060 secs]
139.671: Total time for which application threads were stopped: 0.0047749 seconds, Stopping threads took: 0.0000201 seconds
139.738: [GC (Allocation Failure)  714506K->390986K(1023488K), 0.0046066 secs]
139.743: Total time for which application threads were stopped: 0.0047855 seconds, Stopping threads took: 0.0000206 seconds
139.811: [GC (Allocation Failure)  714570K->398956K(1035264K), 0.0043219 secs]
139.815: Total time for which application threads were stopped: 0.0045180 seconds, Stopping threads took: 0.0000199 seconds
139.883: [GC (Allocation Failure)  721516K->398988K(1030144K), 0.0045064 secs]
139.887: Total time for which application threads were stopped: 0.0047075 seconds, Stopping threads took: 0.0000195 seconds
139.953: [GC (Allocation Failure)  721548K->399012K(1034752K), 0.0047433 secs]
139.958: Total time for which application threads were stopped: 0.0049189 seconds, Stopping threads took: 0.0000201 seconds
140.027: [GC (Allocation Failure)  720548K->406982K(1034752K), 0.0044647 secs]
140.031: Total time for which application threads were stopped: 0.0046142 seconds, Stopping threads took: 0.0000164 seconds
140.100: [GC (Allocation Failure)  728518K->407014K(1033728K), 0.0046409 secs]
140.105: Total time for which application threads were stopped: 0.0048327 seconds, Stopping threads took: 0.0000192 seconds
140.175: [GC (Allocation Failure)  727526K->407230K(1034240K), 0.0045945 secs]
140.180: Total time for which application threads were stopped: 0.0047607 seconds, Stopping threads took: 0.0000261 seconds
140.248: [GC (Allocation Failure)  727742K->415040K(1034240K), 0.0043984 secs]
140.252: Total time for which application threads were stopped: 0.0045668 seconds, Stopping threads took: 0.0000198 seconds
140.318: [GC (Allocation Failure)  735552K->415072K(1034240K), 0.0103038 secs]
140.328: Total time for which application threads were stopped: 0.0104722 seconds, Stopping threads took: 0.0000193 seconds
140.397: [GC (Allocation Failure)  735584K->415432K(1033216K), 0.0047423 secs]
140.402: Total time for which application threads were stopped: 0.0049118 seconds, Stopping threads took: 0.0000212 seconds
140.471: [GC (Allocation Failure)  734920K->423083K(1033728K), 0.0045191 secs]
140.476: Total time for which application threads were stopped: 0.0046886 seconds, Stopping threads took: 0.0000196 seconds
140.545: [GC (Allocation Failure)  742571K->423051K(1033728K), 0.0045491 secs]
140.549: Total time for which application threads were stopped: 0.0047225 seconds, Stopping threads took: 0.0000198 seconds
140.616: [GC (Allocation Failure)  742539K->423211K(1033728K), 0.0046484 secs]
140.621: Total time for which application threads were stopped: 0.0048245 seconds, Stopping threads took: 0.0000271 seconds
140.689: [GC (Allocation Failure)  742699K->431085K(1033728K), 0.0044845 secs]
140.694: Total time for which application threads were stopped: 0.0046270 seconds, Stopping threads took: 0.0000168 seconds
140.761: [GC (Allocation Failure)  750573K->431085K(1033728K), 0.0044159 secs]
140.765: Total time for which application threads were stopped: 0.0045952 seconds, Stopping threads took: 0.0000283 seconds
140.833: [GC (Allocation Failure)  750573K->431149K(1033728K), 0.0048603 secs]
140.838: Total time for which application threads were stopped: 0.0050351 seconds, Stopping threads took: 0.0000204 seconds
140.907: [GC (Allocation Failure)  750637K->439119K(1027072K), 0.0044552 secs]
140.911: Total time for which application threads were stopped: 0.0046237 seconds, Stopping threads took: 0.0000202 seconds
140.978: [GC (Allocation Failure)  758607K->435181K(1034240K), 0.0035511 secs]
140.982: Total time for which application threads were stopped: 0.0037105 seconds, Stopping threads took: 0.0000191 seconds
141.051: [GC (Allocation Failure)  754669K->439271K(1033216K), 0.0048054 secs]
141.056: Total time for which application threads were stopped: 0.0049765 seconds, Stopping threads took: 0.0000201 seconds
141.123: [GC (Allocation Failure)  758759K->443271K(1034752K), 0.0047054 secs]
141.128: Total time for which application threads were stopped: 0.0048780 seconds, Stopping threads took: 0.0000203 seconds
141.195: [GC (Allocation Failure)  764807K->436485K(1034752K), 0.0019248 secs]
141.197: Total time for which application threads were stopped: 0.0020685 seconds, Stopping threads took: 0.0000260 seconds
141.264: [GC (Allocation Failure)  758021K->443311K(1034752K), 0.0046277 secs]
141.269: Total time for which application threads were stopped: 0.0048038 seconds, Stopping threads took: 0.0000210 seconds
141.336: [GC (Allocation Failure)  764847K->447391K(1034752K), 0.0053960 secs]
141.342: Total time for which application threads were stopped: 0.0055789 seconds, Stopping threads took: 0.0000169 seconds
141.409: [GC (Allocation Failure)  768927K->441853K(1034752K), 0.0025792 secs]
141.411: Total time for which application threads were stopped: 0.0027286 seconds, Stopping threads took: 0.0000165 seconds
141.481: [GC (Allocation Failure)  763389K->447663K(1034752K), 0.0064874 secs]
141.488: Total time for which application threads were stopped: 0.0066384 seconds, Stopping threads took: 0.0000170 seconds
141.556: [GC (Allocation Failure)  769199K->451503K(1034752K), 0.0050576 secs]
141.562: Total time for which application threads were stopped: 0.0052501 seconds, Stopping threads took: 0.0000193 seconds
141.630: [GC (Allocation Failure)  773991K->447629K(1035264K), 0.0034897 secs]
141.633: Total time for which application threads were stopped: 0.0036499 seconds, Stopping threads took: 0.0000190 seconds
141.703: [GC (Allocation Failure)  770189K->451687K(1036288K), 0.0050018 secs]
141.708: Total time for which application threads were stopped: 0.0051779 seconds, Stopping threads took: 0.0000260 seconds
141.776: [GC (Allocation Failure)  775783K->455655K(1035776K), 0.0046229 secs]
141.781: Total time for which application threads were stopped: 0.0047951 seconds, Stopping threads took: 0.0000200 seconds
141.851: [GC (Allocation Failure)  779751K->455687K(1035776K), 0.0045329 secs]
141.855: Total time for which application threads were stopped: 0.0047004 seconds, Stopping threads took: 0.0000279 seconds
141.923: [GC (Allocation Failure)  779271K->455719K(1023488K), 0.0045479 secs]
141.928: Total time for which application threads were stopped: 0.0047017 seconds, Stopping threads took: 0.0000196 seconds
141.994: [GC (Allocation Failure)  779303K->463657K(1035264K), 0.0045714 secs]
141.999: Total time for which application threads were stopped: 0.0047381 seconds, Stopping threads took: 0.0000190 seconds
142.067: [GC (Allocation Failure)  786217K->463657K(1030144K), 0.0045551 secs]
142.071: Total time for which application threads were stopped: 0.0046983 seconds, Stopping threads took: 0.0000187 seconds
142.140: [GC (Allocation Failure)  786217K->463753K(1034752K), 0.0047327 secs]
142.144: Total time for which application threads were stopped: 0.0049127 seconds, Stopping threads took: 0.0000171 seconds
142.214: [GC (Allocation Failure)  785289K->471692K(1034752K), 0.0047618 secs]
142.219: Total time for which application threads were stopped: 0.0049311 seconds, Stopping threads took: 0.0000253 seconds
142.287: [GC (Allocation Failure)  793228K->471724K(1033728K), 0.0044646 secs]
142.292: Total time for which application threads were stopped: 0.0046378 seconds, Stopping threads took: 0.0000258 seconds
142.359: [GC (Allocation Failure)  792236K->471972K(1034240K), 0.0047996 secs]
142.364: Total time for which application threads were stopped: 0.0049766 seconds, Stopping threads took: 0.0000263 seconds
142.432: [GC (Allocation Failure)  792484K->479782K(1034240K), 0.0045185 secs]
142.437: Total time for which application threads were stopped: 0.0047117 seconds, Stopping threads took: 0.0000207 seconds
142.507: [GC (Allocation Failure)  800294K->479718K(1034240K), 0.0070686 secs]
142.515: Total time for which application threads were stopped: 0.0072187 seconds, Stopping threads took: 0.0000249 seconds
142.581: [GC (Allocation Failure)  800230K->480206K(1034240K), 0.0049662 secs]
142.586: Total time for which application threads were stopped: 0.0051260 seconds, Stopping threads took: 0.0000198 seconds
142.654: [GC (Allocation Failure)  800718K->487824K(1028096K), 0.0045639 secs]
142.658: Total time for which application threads were stopped: 0.0047268 seconds, Stopping threads took: 0.0000193 seconds
142.726: [GC (Allocation Failure)  808336K->487792K(1033728K), 0.0045752 secs]
142.730: Total time for which application threads were stopped: 0.0047357 seconds, Stopping threads took: 0.0000192 seconds
142.795: [GC (Allocation Failure)  807280K->487944K(1033728K), 0.0047589 secs]
142.800: Total time for which application threads were stopped: 0.0049191 seconds, Stopping threads took: 0.0000191 seconds
142.867: [GC (Allocation Failure)  807432K->495818K(1033728K), 0.0046882 secs]
142.872: Total time for which application threads were stopped: 0.0048865 seconds, Stopping threads took: 0.0000213 seconds
142.942: [GC (Allocation Failure)  815306K->495818K(1033728K), 0.0046266 secs]
142.947: Total time for which application threads were stopped: 0.0048238 seconds, Stopping threads took: 0.0000206 seconds
143.015: [GC (Allocation Failure)  815306K->495882K(1033728K), 0.0050396 secs]
143.020: Total time for which application threads were stopped: 0.0052145 seconds, Stopping threads took: 0.0000198 seconds
143.086: [GC (Allocation Failure)  815370K->503853K(1027072K), 0.0048304 secs]
143.091: Total time for which application threads were stopped: 0.0049984 seconds, Stopping threads took: 0.0000199 seconds
143.157: [GC (Allocation Failure)  823340K->499946K(1034240K), 0.0037426 secs]
143.161: Total time for which application threads were stopped: 0.0039100 seconds, Stopping threads took: 0.0000192 seconds
143.230: [GC (Allocation Failure)  819434K->504005K(1033216K), 0.0048458 secs]
143.235: Total time for which application threads were stopped: 0.0050279 seconds, Stopping threads took: 0.0000263 seconds
143.304: [GC (Allocation Failure)  823493K->507973K(1034752K), 0.0045826 secs]
143.309: Total time for which application threads were stopped: 0.0047652 seconds, Stopping threads took: 0.0000175 seconds
143.377: [GC (Allocation Failure)  829509K->501218K(1034752K), 0.0020028 secs]
143.379: Total time for which application threads were stopped: 0.0021483 seconds, Stopping threads took: 0.0000195 seconds
143.448: [GC (Allocation Failure)  822754K->508013K(1034752K), 0.0045979 secs]
143.453: Total time for which application threads were stopped: 0.0047835 seconds, Stopping threads took: 0.0000210 seconds
143.519: [GC (Allocation Failure)  829549K->512125K(1034752K), 0.0057442 secs]
143.525: Total time for which application threads were stopped: 0.0059087 seconds, Stopping threads took: 0.0000189 seconds
143.591: [GC (Allocation Failure)  833661K->506586K(1034752K), 0.0027549 secs]
143.594: Total time for which application threads were stopped: 0.0029043 seconds, Stopping threads took: 0.0000186 seconds
143.661: [GC (Allocation Failure)  828122K->512397K(1034752K), 0.0046386 secs]
143.665: Total time for which application threads were stopped: 0.0048141 seconds, Stopping threads took: 0.0000184 seconds
143.734: [GC (Allocation Failure)  833933K->516261K(1034752K), 0.0051159 secs]
143.740: Total time for which application threads were stopped: 0.0052903 seconds, Stopping threads took: 0.0000272 seconds
143.806: [GC (Allocation Failure)  838749K->512386K(1035264K), 0.0035934 secs]
143.810: Total time for which application threads were stopped: 0.0037657 seconds, Stopping threads took: 0.0000195 seconds
143.880: [GC (Allocation Failure)  834946K->516421K(1036288K), 0.0049083 secs]
143.885: Total time for which application threads were stopped: 0.0050703 seconds, Stopping threads took: 0.0000201 seconds
143.953: [GC (Allocation Failure)  840517K->520389K(1035776K), 0.0046128 secs]
143.957: Total time for which application threads were stopped: 0.0047844 seconds, Stopping threads took: 0.0000200 seconds
144.026: [GC (Allocation Failure)  844485K->520389K(1035776K), 0.0047873 secs]
144.031: Total time for which application threads were stopped: 0.0049593 seconds, Stopping threads took: 0.0000206 seconds
144.099: [GC (Allocation Failure)  843973K->520453K(1023488K), 0.0050218 secs]
144.104: Total time for which application threads were stopped: 0.0051948 seconds, Stopping threads took: 0.0000209 seconds
144.171: [GC (Allocation Failure)  844037K->528423K(1035264K), 0.0049106 secs]
144.176: Total time for which application threads were stopped: 0.0050836 seconds, Stopping threads took: 0.0000199 seconds
144.244: [GC (Allocation Failure)  850983K->528423K(1030144K), 0.0046866 secs]
144.249: Total time for which application threads were stopped: 0.0048566 seconds, Stopping threads took: 0.0000198 seconds
144.317: [GC (Allocation Failure)  850983K->528487K(1034752K), 0.0048793 secs]
144.322: Total time for which application threads were stopped: 0.0050398 seconds, Stopping threads took: 0.0000205 seconds
144.392: [GC (Allocation Failure)  850023K->536489K(1034752K), 0.0049254 secs]
144.397: Total time for which application threads were stopped: 0.0050949 seconds, Stopping threads took: 0.0000196 seconds
144.465: [GC (Allocation Failure)  858025K->536489K(1033728K), 0.0044394 secs]
144.470: Total time for which application threads were stopped: 0.0046124 seconds, Stopping threads took: 0.0000198 seconds
144.539: [GC (Allocation Failure)  857001K->536713K(1034240K), 0.0047536 secs]
144.544: Total time for which application threads were stopped: 0.0049113 seconds, Stopping threads took: 0.0000192 seconds
144.611: [GC (Allocation Failure)  857225K->544524K(1034240K), 0.0047608 secs]
144.616: Total time for which application threads were stopped: 0.0049538 seconds, Stopping threads took: 0.0000188 seconds
144.686: [GC (Allocation Failure)  865036K->544524K(1034240K), 0.0048797 secs]
144.691: Total time for which application threads were stopped: 0.0050605 seconds, Stopping threads took: 0.0000258 seconds
144.758: [GC (Allocation Failure)  865036K->544932K(1033216K), 0.0051453 secs]
144.763: Total time for which application threads were stopped: 0.0053241 seconds, Stopping threads took: 0.0000193 seconds
144.832: [GC (Allocation Failure)  864420K->552518K(1033728K), 0.0049376 secs]
144.837: Total time for which application threads were stopped: 0.0051091 seconds, Stopping threads took: 0.0000201 seconds
144.905: [GC (Allocation Failure)  872006K->552518K(1033728K), 0.0046454 secs]
144.910: Total time for which application threads were stopped: 0.0048170 seconds, Stopping threads took: 0.0000202 seconds
144.975: [GC (Allocation Failure)  872006K->552638K(1033728K), 0.0049693 secs]
144.980: Total time for which application threads were stopped: 0.0051600 seconds, Stopping threads took: 0.0000280 seconds
145.048: [GC (Allocation Failure)  872126K->560576K(1033728K), 0.0048521 secs]
145.053: Total time for which application threads were stopped: 0.0050497 seconds, Stopping threads took: 0.0000209 seconds
145.122: [GC (Allocation Failure)  880064K->560576K(1033728K), 0.0063753 secs]
145.128: Total time for which application threads were stopped: 0.0065330 seconds, Stopping threads took: 0.0000190 seconds
145.195: [GC (Allocation Failure)  880064K->560616K(1033728K), 0.0048764 secs]
145.200: Total time for which application threads were stopped: 0.0050563 seconds, Stopping threads took: 0.0000277 seconds
145.267: [GC (Allocation Failure)  880104K->568586K(1027072K), 0.0049259 secs]
145.272: Total time for which application threads were stopped: 0.0050917 seconds, Stopping threads took: 0.0000192 seconds
145.337: [GC (Allocation Failure)  888074K->564680K(1034240K), 0.0039356 secs]
145.341: Total time for which application threads were stopped: 0.0041000 seconds, Stopping threads took: 0.0000198 seconds
145.408: [GC (Allocation Failure)  884168K->568746K(1033216K), 0.0049263 secs]
145.413: Total time for which application threads were stopped: 0.0050840 seconds, Stopping threads took: 0.0000193 seconds
145.480: [GC (Allocation Failure)  888234K->572714K(1034752K), 0.0048227 secs]
145.485: Total time for which application threads were stopped: 0.0049864 seconds, Stopping threads took: 0.0000196 seconds
145.553: [GC (Allocation Failure)  894250K->565960K(1034752K), 0.0028029 secs]
145.556: Total time for which application threads were stopped: 0.0029511 seconds, Stopping threads took: 0.0000198 seconds
145.624: [GC (Allocation Failure)  887496K->572778K(1034752K), 0.0047587 secs]
145.629: Total time for which application threads were stopped: 0.0049262 seconds, Stopping threads took: 0.0000189 seconds
145.695: [GC (Allocation Failure)  894314K->576890K(1034752K), 0.0056260 secs]
145.701: Total time for which application threads were stopped: 0.0058034 seconds, Stopping threads took: 0.0000280 seconds
145.767: [GC (Allocation Failure)  898426K->571320K(1034752K), 0.0028602 secs]
145.770: Total time for which application threads were stopped: 0.0030201 seconds, Stopping threads took: 0.0000280 seconds
145.837: [GC (Allocation Failure)  892856K->577098K(1034752K), 0.0050042 secs]
145.842: Total time for which application threads were stopped: 0.0051870 seconds, Stopping threads took: 0.0000199 seconds
145.911: [GC (Allocation Failure)  898634K->580994K(1034752K), 0.0053187 secs]
145.916: Total time for which application threads were stopped: 0.0054842 seconds, Stopping threads took: 0.0000194 seconds
145.983: [GC (Allocation Failure)  903483K->577088K(1035264K), 0.0036080 secs]
145.987: Total time for which application threads were stopped: 0.0037989 seconds, Stopping threads took: 0.0000194 seconds
146.057: [GC (Allocation Failure)  899648K->581154K(1036288K), 0.0048238 secs]
146.062: Total time for which application threads were stopped: 0.0049791 seconds, Stopping threads took: 0.0000170 seconds
146.131: [GC (Allocation Failure)  905250K->585122K(1035776K), 0.0047072 secs]
146.136: Total time for which application threads were stopped: 0.0048717 seconds, Stopping threads took: 0.0000196 seconds
146.205: [GC (Allocation Failure)  909218K->585122K(1035776K), 0.0046723 secs]
146.210: Total time for which application threads were stopped: 0.0048417 seconds, Stopping threads took: 0.0000259 seconds
146.278: [GC (Allocation Failure)  908706K->585186K(1023488K), 0.0051816 secs]
146.283: Total time for which application threads were stopped: 0.0053523 seconds, Stopping threads took: 0.0000268 seconds
146.350: [GC (Allocation Failure)  908770K->593157K(1035264K), 0.0050233 secs]
146.355: Total time for which application threads were stopped: 0.0052131 seconds, Stopping threads took: 0.0000194 seconds
146.425: [GC (Allocation Failure)  915717K->593157K(1030144K), 0.0047695 secs]
146.430: Total time for which application threads were stopped: 0.0049387 seconds, Stopping threads took: 0.0000276 seconds
146.498: [GC (Allocation Failure)  915717K->593189K(1034752K), 0.0058917 secs]
146.504: Total time for which application threads were stopped: 0.0060680 seconds, Stopping threads took: 0.0000194 seconds
146.572: [GC (Allocation Failure)  914725K->601191K(1034752K), 0.0048681 secs]
146.577: Total time for which application threads were stopped: 0.0050205 seconds, Stopping threads took: 0.0000163 seconds
146.646: [GC (Allocation Failure)  922727K->601191K(1033728K), 0.0047778 secs]
146.651: Total time for which application threads were stopped: 0.0049621 seconds, Stopping threads took: 0.0000202 seconds
146.720: [GC (Allocation Failure)  921703K->601415K(1034240K), 0.0049814 secs]
146.725: Total time for which application threads were stopped: 0.0051579 seconds, Stopping threads took: 0.0000258 seconds
146.794: [GC (Allocation Failure)  921927K->609257K(1034240K), 0.0049293 secs]
146.799: Total time for which application threads were stopped: 0.0050952 seconds, Stopping threads took: 0.0000200 seconds
146.867: [GC (Allocation Failure)  929769K->609225K(1034240K), 0.0050475 secs]
146.872: Total time for which application threads were stopped: 0.0052163 seconds, Stopping threads took: 0.0000196 seconds
146.939: [GC (Allocation Failure)  929737K->609641K(1033216K), 0.0050196 secs]
146.944: Total time for which application threads were stopped: 0.0052105 seconds, Stopping threads took: 0.0000215 seconds
147.013: [GC (Allocation Failure)  929129K->617259K(1033728K), 0.0060275 secs]
147.019: Total time for which application threads were stopped: 0.0062122 seconds, Stopping threads took: 0.0000219 seconds
147.087: [GC (Allocation Failure)  936747K->617259K(1033728K), 0.0050000 secs]
147.092: Total time for which application threads were stopped: 0.0051692 seconds, Stopping threads took: 0.0000200 seconds
147.157: [GC (Allocation Failure)  936747K->617379K(1033728K), 0.0052561 secs]
147.163: Total time for which application threads were stopped: 0.0054282 seconds, Stopping threads took: 0.0000222 seconds
147.231: [GC (Allocation Failure)  936867K->625318K(1033728K), 0.0046736 secs]
147.236: Total time for which application threads were stopped: 0.0048726 seconds, Stopping threads took: 0.0000268 seconds
147.304: [GC (Allocation Failure)  944806K->625286K(1033728K), 0.0050117 secs]
147.309: Total time for which application threads were stopped: 0.0052038 seconds, Stopping threads took: 0.0000192 seconds
147.377: [GC (Allocation Failure)  944774K->625350K(1033728K), 0.0050281 secs]
147.382: Total time for which application threads were stopped: 0.0052119 seconds, Stopping threads took: 0.0000165 seconds
147.450: [GC (Allocation Failure)  944838K->633320K(1027072K), 0.0050941 secs]
147.456: Total time for which application threads were stopped: 0.0052843 seconds, Stopping threads took: 0.0000201 seconds
147.523: [GC (Allocation Failure)  952807K->629414K(1034240K), 0.0040453 secs]
147.527: Total time for which application threads were stopped: 0.0042100 seconds, Stopping threads took: 0.0000187 seconds
147.597: [GC (Allocation Failure)  948902K->633480K(1033216K), 0.0050621 secs]
147.602: Total time for which application threads were stopped: 0.0052306 seconds, Stopping threads took: 0.0000199 seconds
147.669: [GC (Allocation Failure)  952968K->637480K(1034752K), 0.0051136 secs]
147.674: Total time for which application threads were stopped: 0.0052828 seconds, Stopping threads took: 0.0000194 seconds
147.741: [GC (Allocation Failure)  959016K->630662K(1034752K), 0.0023974 secs]
147.743: Total time for which application threads were stopped: 0.0025453 seconds, Stopping threads took: 0.0000200 seconds
147.810: [GC (Allocation Failure)  952198K->637520K(1034752K), 0.0048760 secs]
147.815: Total time for which application threads were stopped: 0.0050345 seconds, Stopping threads took: 0.0000192 seconds
147.881: [GC (Allocation Failure)  959056K->641600K(1034752K), 0.0059435 secs]
147.887: Total time for which application threads were stopped: 0.0061033 seconds, Stopping threads took: 0.0000198 seconds
147.952: [GC (Allocation Failure)  963136K->636062K(1034752K), 0.0031118 secs]
147.955: Total time for which application threads were stopped: 0.0032651 seconds, Stopping threads took: 0.0000187 seconds
148.022: [GC (Allocation Failure)  957598K->641872K(1034752K), 0.0049316 secs]
148.027: Total time for which application threads were stopped: 0.0050926 seconds, Stopping threads took: 0.0000191 seconds
148.094: [GC (Allocation Failure)  963408K->645776K(1034752K), 0.0053266 secs]
148.100: Total time for which application threads were stopped: 0.0055162 seconds, Stopping threads took: 0.0000191 seconds
148.168: [GC (Allocation Failure)  968264K->641838K(1035264K), 0.0038864 secs]
148.172: Total time for which application threads were stopped: 0.0040629 seconds, Stopping threads took: 0.0000162 seconds
148.241: [GC (Allocation Failure)  964398K->645896K(1036288K), 0.0051214 secs]
148.246: Total time for which application threads were stopped: 0.0053225 seconds, Stopping threads took: 0.0000261 seconds
148.315: [GC (Allocation Failure)  969992K->649864K(1035776K), 0.0082493 secs]
148.324: Total time for which application threads were stopped: 0.0084293 seconds, Stopping threads took: 0.0000196 seconds
148.394: [GC (Allocation Failure)  973960K->649896K(1035776K), 0.0048289 secs]
148.399: Total time for which application threads were stopped: 0.0049885 seconds, Stopping threads took: 0.0000190 seconds
148.467: [GC (Allocation Failure)  973480K->649928K(1023488K), 0.0050634 secs]
148.472: Total time for which application threads were stopped: 0.0052227 seconds, Stopping threads took: 0.0000194 seconds
148.540: [GC (Allocation Failure)  973512K->657898K(1035264K), 0.0051570 secs]
148.545: Total time for which application threads were stopped: 0.0053176 seconds, Stopping threads took: 0.0000195 seconds
148.613: [GC (Allocation Failure)  980458K->657898K(1030144K), 0.0048251 secs]
148.618: Total time for which application threads were stopped: 0.0050156 seconds, Stopping threads took: 0.0000195 seconds
148.686: [GC (Allocation Failure)  980458K->657954K(1034752K), 0.0051529 secs]
148.691: Total time for which application threads were stopped: 0.0053649 seconds, Stopping threads took: 0.0000276 seconds
148.761: [GC (Allocation Failure)  979490K->665924K(1034752K), 0.0050534 secs]
148.766: Total time for which application threads were stopped: 0.0052229 seconds, Stopping threads took: 0.0000210 seconds
148.834: [GC (Allocation Failure)  987460K->665924K(1033728K), 0.0047813 secs]
148.839: Total time for which application threads were stopped: 0.0049613 seconds, Stopping threads took: 0.0000201 seconds
148.907: [GC (Allocation Failure)  986436K->666180K(1034240K), 0.0053068 secs]
148.913: Total time for which application threads were stopped: 0.0054658 seconds, Stopping threads took: 0.0000192 seconds
148.980: [GC (Allocation Failure)  986692K->673959K(1034240K), 0.0048482 secs]
148.985: Total time for which application threads were stopped: 0.0050182 seconds, Stopping threads took: 0.0000191 seconds
149.055: [GC (Allocation Failure)  994471K->673991K(1034240K), 0.0051144 secs]
149.060: Total time for which application threads were stopped: 0.0052749 seconds, Stopping threads took: 0.0000198 seconds
149.127: [GC (Allocation Failure)  994503K->674407K(1033216K), 0.0051554 secs]
149.132: Total time for which application threads were stopped: 0.0053145 seconds, Stopping threads took: 0.0000186 seconds
149.200: [GC (Allocation Failure)  993895K->681993K(1033728K), 0.0059500 secs]
149.206: Total time for which application threads were stopped: 0.0061484 seconds, Stopping threads took: 0.0000260 seconds
149.275: [GC (Allocation Failure)  1001481K->681993K(1033728K), 0.0049740 secs]
149.280: Total time for which application threads were stopped: 0.0051433 seconds, Stopping threads took: 0.0000192 seconds
149.346: [GC (Allocation Failure)  1001481K->682153K(1033728K), 0.0049938 secs]
149.351: Total time for which application threads were stopped: 0.0051583 seconds, Stopping threads took: 0.0000198 seconds
149.419: [GC (Allocation Failure)  1001641K->689995K(1033728K), 0.0051195 secs]
149.424: Total time for which application threads were stopped: 0.0053016 seconds, Stopping threads took: 0.0000198 seconds
149.493: [GC (Allocation Failure)  1009483K->690027K(1033728K), 0.0061784 secs]
149.499: Total time for which application threads were stopped: 0.0063409 seconds, Stopping threads took: 0.0000168 seconds
149.567: [GC (Allocation Failure)  1009515K->690091K(1033728K), 0.0052263 secs]
149.572: [Full GC (Ergonomics)  690091K->8540K(1033728K), 0.0116320 secs]
149.584: Total time for which application threads were stopped: 0.0171600 seconds, Stopping threads took: 0.0000204 seconds
149.652: [GC (Allocation Failure)  328028K->16703K(1027072K), 0.0040446 secs]
149.656: Total time for which application threads were stopped: 0.0041930 seconds, Stopping threads took: 0.0000171 seconds
149.721: [GC (Allocation Failure)  336190K->12812K(1034240K), 0.0026473 secs]
149.724: Total time for which application threads were stopped: 0.0028066 seconds, Stopping threads took: 0.0000190 seconds
149.794: [GC (Allocation Failure)  332300K->16871K(1033216K), 0.0041387 secs]
149.798: Total time for which application threads were stopped: 0.0043002 seconds, Stopping threads took: 0.0000198 seconds
149.866: [GC (Allocation Failure)  336359K->20839K(1034752K), 0.0036032 secs]
149.869: Total time for which application threads were stopped: 0.0037727 seconds, Stopping threads took: 0.0000200 seconds
149.936: [GC (Allocation Failure)  342375K->14052K(1034752K), 0.0010255 secs]
149.937: Total time for which application threads were stopped: 0.0011640 seconds, Stopping threads took: 0.0000192 seconds
150.004: [GC (Allocation Failure)  335588K->20911K(1034752K), 0.0035821 secs]
150.008: Total time for which application threads were stopped: 0.0037515 seconds, Stopping threads took: 0.0000197 seconds
150.073: [GC (Allocation Failure)  342447K->24983K(1034752K), 0.0046855 secs]
150.078: Total time for which application threads were stopped: 0.0048480 seconds, Stopping threads took: 0.0000191 seconds
150.143: [GC (Allocation Failure)  346519K->19412K(1034752K), 0.0015486 secs]
150.145: Total time for which application threads were stopped: 0.0016979 seconds, Stopping threads took: 0.0000193 seconds
150.214: [GC (Allocation Failure)  340948K->25279K(1034752K), 0.0037832 secs]
150.218: Total time for which application threads were stopped: 0.0039418 seconds, Stopping threads took: 0.0000257 seconds
150.285: [GC (Allocation Failure)  346815K->29151K(1035264K), 0.0041336 secs]
150.289: Total time for which application threads were stopped: 0.0043296 seconds, Stopping threads took: 0.0000198 seconds
150.358: [GC (Allocation Failure)  351639K->25212K(1035264K), 0.0024357 secs]
150.360: Total time for which application threads were stopped: 0.0025935 seconds, Stopping threads took: 0.0000170 seconds
150.431: [GC (Allocation Failure)  347772K->29279K(1036288K), 0.0040477 secs]
150.435: Total time for which application threads were stopped: 0.0042273 seconds, Stopping threads took: 0.0000197 seconds
150.503: [GC (Allocation Failure)  353375K->33247K(1035776K), 0.0045555 secs]
150.508: Total time for which application threads were stopped: 0.0047642 seconds, Stopping threads took: 0.0000280 seconds
150.577: [GC (Allocation Failure)  357343K->33247K(1035776K), 0.0037453 secs]
150.581: Total time for which application threads were stopped: 0.0039137 seconds, Stopping threads took: 0.0000194 seconds
150.650: [GC (Allocation Failure)  356831K->33311K(1023488K), 0.0040971 secs]
150.654: Total time for which application threads were stopped: 0.0042583 seconds, Stopping threads took: 0.0000210 seconds
150.723: [GC (Allocation Failure)  356895K->41313K(1035264K), 0.0037504 secs]
150.727: Total time for which application threads were stopped: 0.0039101 seconds, Stopping threads took: 0.0000197 seconds
150.795: [GC (Allocation Failure)  363873K->41281K(1030144K), 0.0036768 secs]
150.799: Total time for which application threads were stopped: 0.0038357 seconds, Stopping threads took: 0.0000194 seconds
150.867: [GC (Allocation Failure)  363841K->41353K(1034752K), 0.0037783 secs]
150.871: Total time for which application threads were stopped: 0.0039469 seconds, Stopping threads took: 0.0000218 seconds
150.938: [GC (Allocation Failure)  362889K->49355K(1029120K), 0.0040732 secs]
150.942: Total time for which application threads were stopped: 0.0042338 seconds, Stopping threads took: 0.0000193 seconds
151.011: [GC (Allocation Failure)  370891K->49291K(1034240K), 0.0037817 secs]
151.015: Total time for which application threads were stopped: 0.0039531 seconds, Stopping threads took: 0.0000196 seconds
151.082: [GC (Allocation Failure)  369803K->49579K(1034240K), 0.0041586 secs]
151.086: Total time for which application threads were stopped: 0.0043346 seconds, Stopping threads took: 0.0000218 seconds
151.154: [GC (Allocation Failure)  370091K->57357K(1034240K), 0.0036892 secs]
151.158: Total time for which application threads were stopped: 0.0038598 seconds, Stopping threads took: 0.0000188 seconds
151.226: [GC (Allocation Failure)  377869K->57357K(1034240K), 0.0038200 secs]
151.230: Total time for which application threads were stopped: 0.0039972 seconds, Stopping threads took: 0.0000279 seconds
151.297: [GC (Allocation Failure)  377869K->57773K(1033216K), 0.0042125 secs]
151.302: Total time for which application threads were stopped: 0.0043850 seconds, Stopping threads took: 0.0000253 seconds
151.369: [GC (Allocation Failure)  377261K->65392K(1033728K), 0.0038174 secs]
151.373: Total time for which application threads were stopped: 0.0039910 seconds, Stopping threads took: 0.0000204 seconds
151.441: [GC (Allocation Failure)  384880K->65392K(1033728K), 0.0044081 secs]
151.446: Total time for which application threads were stopped: 0.0045808 seconds, Stopping threads took: 0.0000208 seconds
151.513: [GC (Allocation Failure)  384880K->65480K(1033728K), 0.0048218 secs]
151.518: Total time for which application threads were stopped: 0.0049864 seconds, Stopping threads took: 0.0000262 seconds
151.586: [GC (Allocation Failure)  384968K->73418K(1033728K), 0.0037117 secs]
151.589: Total time for which application threads were stopped: 0.0038758 seconds, Stopping threads took: 0.0000203 seconds
151.656: [GC (Allocation Failure)  392906K->73418K(1033728K), 0.0037052 secs]
151.660: Total time for which application threads were stopped: 0.0038728 seconds, Stopping threads took: 0.0000199 seconds
151.727: [GC (Allocation Failure)  392906K->73474K(1033728K), 0.0041005 secs]
151.731: Total time for which application threads were stopped: 0.0042598 seconds, Stopping threads took: 0.0000194 seconds
151.798: [GC (Allocation Failure)  392962K->81444K(1027072K), 0.0040863 secs]
151.802: Total time for which application threads were stopped: 0.0042485 seconds, Stopping threads took: 0.0000198 seconds
151.867: [GC (Allocation Failure)  400932K->77570K(1034240K), 0.0027293 secs]
151.870: Total time for which application threads were stopped: 0.0029010 seconds, Stopping threads took: 0.0000189 seconds
151.939: [GC (Allocation Failure)  397058K->81604K(1033216K), 0.0041993 secs]
151.943: Total time for which application threads were stopped: 0.0043654 seconds, Stopping threads took: 0.0000197 seconds
152.011: [GC (Allocation Failure)  401092K->85572K(1034752K), 0.0037225 secs]
152.014: Total time for which application threads were stopped: 0.0038895 seconds, Stopping threads took: 0.0000195 seconds
152.081: [GC (Allocation Failure)  407108K->78818K(1034752K), 0.0011240 secs]
152.082: Total time for which application threads were stopped: 0.0012552 seconds, Stopping threads took: 0.0000190 seconds
152.151: [GC (Allocation Failure)  400354K->85604K(1034752K), 0.0039340 secs]
152.155: Total time for which application threads were stopped: 0.0041029 seconds, Stopping threads took: 0.0000188 seconds
152.222: [GC (Allocation Failure)  407140K->89716K(1034752K), 0.0049036 secs]
152.227: Total time for which application threads were stopped: 0.0050776 seconds, Stopping threads took: 0.0000274 seconds
152.293: [GC (Allocation Failure)  411252K->84146K(1034752K), 0.0016476 secs]
152.295: Total time for which application threads were stopped: 0.0017823 seconds, Stopping threads took: 0.0000193 seconds
152.362: [GC (Allocation Failure)  405682K->89980K(1034752K), 0.0039856 secs]
152.366: Total time for which application threads were stopped: 0.0041486 seconds, Stopping threads took: 0.0000197 seconds
152.433: [GC (Allocation Failure)  411516K->93884K(1034752K), 0.0041746 secs]
152.438: Total time for which application threads were stopped: 0.0043393 seconds, Stopping threads took: 0.0000207 seconds
152.505: [GC (Allocation Failure)  416372K->89946K(1035264K), 0.0032537 secs]
152.509: Total time for which application threads were stopped: 0.0034162 seconds, Stopping threads took: 0.0000282 seconds
152.577: [GC (Allocation Failure)  412506K->94012K(1036288K), 0.0040694 secs]
152.581: Total time for which application threads were stopped: 0.0042420 seconds, Stopping threads took: 0.0000202 seconds
152.650: [GC (Allocation Failure)  418108K->97948K(1035776K), 0.0038921 secs]
152.654: Total time for which application threads were stopped: 0.0040526 seconds, Stopping threads took: 0.0000196 seconds
152.723: [GC (Allocation Failure)  422044K->97980K(1035776K), 0.0038349 secs]
152.727: Total time for which application threads were stopped: 0.0039966 seconds, Stopping threads took: 0.0000196 seconds
152.795: [GC (Allocation Failure)  421564K->98044K(1023488K), 0.0042144 secs]
152.799: Total time for which application threads were stopped: 0.0043763 seconds, Stopping threads took: 0.0000193 seconds
152.866: [GC (Allocation Failure)  421628K->106014K(1035264K), 0.0040097 secs]
152.870: Total time for which application threads were stopped: 0.0042034 seconds, Stopping threads took: 0.0000200 seconds
152.939: [GC (Allocation Failure)  428574K->105982K(1030144K), 0.0037064 secs]
152.943: Total time for which application threads were stopped: 0.0038782 seconds, Stopping threads took: 0.0000204 seconds
153.010: [GC (Allocation Failure)  428542K->106078K(1034752K), 0.0041340 secs]
153.014: Total time for which application threads were stopped: 0.0043282 seconds, Stopping threads took: 0.0000204 seconds
153.083: [GC (Allocation Failure)  427614K->114049K(1034752K), 0.0041918 secs]
153.088: Total time for which application threads were stopped: 0.0043497 seconds, Stopping threads took: 0.0000175 seconds
153.156: [GC (Allocation Failure)  435585K->114017K(1033728K), 0.0038160 secs]
153.160: Total time for which application threads were stopped: 0.0039981 seconds, Stopping threads took: 0.0000197 seconds
153.229: [GC (Allocation Failure)  434529K->114313K(1034240K), 0.0038965 secs]
153.233: Total time for which application threads were stopped: 0.0040958 seconds, Stopping threads took: 0.0000258 seconds
153.302: [GC (Allocation Failure)  434825K->122123K(1034240K), 0.0039982 secs]
153.306: Total time for which application threads were stopped: 0.0041669 seconds, Stopping threads took: 0.0000196 seconds
153.374: [GC (Allocation Failure)  442635K->122091K(1034240K), 0.0038541 secs]
153.378: Total time for which application threads were stopped: 0.0040429 seconds, Stopping threads took: 0.0000190 seconds
153.446: [GC (Allocation Failure)  442603K->122539K(1034240K), 0.0043561 secs]
153.450: Total time for which application threads were stopped: 0.0045506 seconds, Stopping threads took: 0.0000200 seconds
153.520: [GC (Allocation Failure)  443051K->130125K(1028096K), 0.0038863 secs]
153.524: Total time for which application threads were stopped: 0.0040538 seconds, Stopping threads took: 0.0000194 seconds
153.590: [GC (Allocation Failure)  450637K->130125K(1033728K), 0.0041441 secs]
153.595: Total time for which application threads were stopped: 0.0043181 seconds, Stopping threads took: 0.0000201 seconds
153.660: [GC (Allocation Failure)  449613K->130245K(1033728K), 0.0042613 secs]
153.664: Total time for which application threads were stopped: 0.0044423 seconds, Stopping threads took: 0.0000204 seconds
153.732: [GC (Allocation Failure)  449733K->138151K(1033728K), 0.0038907 secs]
153.736: Total time for which application threads were stopped: 0.0040660 seconds, Stopping threads took: 0.0000268 seconds
153.804: [GC (Allocation Failure)  457639K->138151K(1033728K), 0.0040497 secs]
153.808: Total time for which application threads were stopped: 0.0042112 seconds, Stopping threads took: 0.0000194 seconds
153.874: [GC (Allocation Failure)  457639K->138215K(1033728K), 0.0039561 secs]
153.879: Total time for which application threads were stopped: 0.0041303 seconds, Stopping threads took: 0.0000200 seconds
153.944: [GC (Allocation Failure)  457703K->146186K(1027072K), 0.0040026 secs]
153.948: Total time for which application threads were stopped: 0.0041857 seconds, Stopping threads took: 0.0000212 seconds
154.013: [GC (Allocation Failure)  465673K->142279K(1034240K), 0.0028433 secs]
154.016: Total time for which application threads were stopped: 0.0030091 seconds, Stopping threads took: 0.0000202 seconds
154.084: [GC (Allocation Failure)  461767K->146346K(1033216K), 0.0040772 secs]
154.088: Total time for which application threads were stopped: 0.0042554 seconds, Stopping threads took: 0.0000220 seconds
154.156: [GC (Allocation Failure)  465834K->150346K(1034752K), 0.0040057 secs]
154.160: Total time for which application threads were stopped: 0.0041735 seconds, Stopping threads took: 0.0000200 seconds
154.227: [GC (Allocation Failure)  471882K->143559K(1034752K), 0.0012117 secs]
154.228: Total time for which application threads were stopped: 0.0013384 seconds, Stopping threads took: 0.0000256 seconds
154.299: [GC (Allocation Failure)  465095K->150378K(1034752K), 0.0037892 secs]
154.303: Total time for which application threads were stopped: 0.0039807 seconds, Stopping threads took: 0.0000192 seconds
154.371: [GC (Allocation Failure)  471914K->154490K(1034752K), 0.0049810 secs]
154.376: Total time for which application threads were stopped: 0.0051428 seconds, Stopping threads took: 0.0000190 seconds
154.441: [GC (Allocation Failure)  476026K->148919K(1034752K), 0.0019718 secs]
154.443: Total time for which application threads were stopped: 0.0021093 seconds, Stopping threads took: 0.0000189 seconds
154.512: [GC (Allocation Failure)  470455K->154730K(1034752K), 0.0065226 secs]
154.519: Total time for which application threads were stopped: 0.0066879 seconds, Stopping threads took: 0.0000257 seconds
154.586: [GC (Allocation Failure)  476266K->158634K(1034752K), 0.0044892 secs]
154.590: Total time for which application threads were stopped: 0.0046598 seconds, Stopping threads took: 0.0000198 seconds
154.657: [GC (Allocation Failure)  481122K->154695K(1035264K), 0.0026397 secs]
154.659: Total time for which application threads were stopped: 0.0027905 seconds, Stopping threads took: 0.0000192 seconds
154.728: [GC (Allocation Failure)  477255K->158762K(1036288K), 0.0039746 secs]
154.732: Total time for which application threads were stopped: 0.0041675 seconds, Stopping threads took: 0.0000192 seconds
154.799: [GC (Allocation Failure)  482858K->162730K(1035776K), 0.0039824 secs]
154.803: Total time for which application threads were stopped: 0.0041754 seconds, Stopping threads took: 0.0000200 seconds
154.874: [GC (Allocation Failure)  486826K->162730K(1035776K), 0.0037865 secs]
154.878: Total time for which application threads were stopped: 0.0039442 seconds, Stopping threads took: 0.0000165 seconds
154.948: [GC (Allocation Failure)  486314K->162786K(1023488K), 0.0042896 secs]
154.952: Total time for which application threads were stopped: 0.0044530 seconds, Stopping threads took: 0.0000204 seconds
155.019: [GC (Allocation Failure)  486370K->170756K(1035264K), 0.0041723 secs]
155.023: Total time for which application threads were stopped: 0.0043464 seconds, Stopping threads took: 0.0000196 seconds
155.091: [GC (Allocation Failure)  493316K->170756K(1030144K), 0.0038342 secs]
155.095: Total time for which application threads were stopped: 0.0039992 seconds, Stopping threads took: 0.0000208 seconds
155.163: [GC (Allocation Failure)  493316K->170820K(1034752K), 0.0043826 secs]
155.167: Total time for which application threads were stopped: 0.0045557 seconds, Stopping threads took: 0.0000199 seconds
155.237: [GC (Allocation Failure)  492356K->178822K(1029120K), 0.0044230 secs]
155.241: Total time for which application threads were stopped: 0.0045971 seconds, Stopping threads took: 0.0000208 seconds
155.309: [GC (Allocation Failure)  500358K->178822K(1034240K), 0.0038226 secs]
155.313: Total time for which application threads were stopped: 0.0039820 seconds, Stopping threads took: 0.0000196 seconds
155.380: [GC (Allocation Failure)  499334K->179014K(1034240K), 0.0042696 secs]
155.384: Total time for which application threads were stopped: 0.0044263 seconds, Stopping threads took: 0.0000190 seconds
155.452: [GC (Allocation Failure)  499526K->186825K(1034240K), 0.0041926 secs]
155.456: Total time for which application threads were stopped: 0.0043922 seconds, Stopping threads took: 0.0000198 seconds
155.527: [GC (Allocation Failure)  507337K->186825K(1034240K), 0.0039992 secs]
155.531: Total time for which application threads were stopped: 0.0041597 seconds, Stopping threads took: 0.0000199 seconds
155.597: [GC (Allocation Failure)  507337K->187241K(1033216K), 0.0041917 secs]
155.602: Total time for which application threads were stopped: 0.0043525 seconds, Stopping threads took: 0.0000194 seconds
155.669: [GC (Allocation Failure)  506729K->194859K(1033728K), 0.0041607 secs]
155.673: Total time for which application threads were stopped: 0.0043495 seconds, Stopping threads took: 0.0000192 seconds
155.743: [GC (Allocation Failure)  514347K->194859K(1033728K), 0.0041003 secs]
155.747: Total time for which application threads were stopped: 0.0042578 seconds, Stopping threads took: 0.0000170 seconds
155.812: [GC (Allocation Failure)  514347K->194979K(1033728K), 0.0043938 secs]
155.817: Total time for which application threads were stopped: 0.0045641 seconds, Stopping threads took: 0.0000198 seconds
155.885: [GC (Allocation Failure)  514467K->202885K(1033728K), 0.0040644 secs]
155.889: Total time for which application threads were stopped: 0.0042594 seconds, Stopping threads took: 0.0000204 seconds
155.958: [GC (Allocation Failure)  522373K->202853K(1033728K), 0.0042205 secs]
155.962: Total time for which application threads were stopped: 0.0043693 seconds, Stopping threads took: 0.0000169 seconds
156.030: [GC (Allocation Failure)  522341K->202957K(1033728K), 0.0043907 secs]
156.035: Total time for which application threads were stopped: 0.0045597 seconds, Stopping threads took: 0.0000198 seconds
156.102: [GC (Allocation Failure)  522445K->210927K(1027072K), 0.0043948 secs]
156.106: Total time for which application threads were stopped: 0.0045636 seconds, Stopping threads took: 0.0000203 seconds
156.171: [GC (Allocation Failure)  530415K->207053K(1034240K), 0.0029554 secs]
156.174: Total time for which application threads were stopped: 0.0031236 seconds, Stopping threads took: 0.0000204 seconds
156.242: [GC (Allocation Failure)  526541K->211087K(1033216K), 0.0060118 secs]
156.248: Total time for which application threads were stopped: 0.0061814 seconds, Stopping threads took: 0.0000194 seconds
156.316: [GC (Allocation Failure)  530575K->215087K(1034752K), 0.0039761 secs]
156.320: Total time for which application threads were stopped: 0.0041471 seconds, Stopping threads took: 0.0000200 seconds
156.386: [GC (Allocation Failure)  536623K->208269K(1034752K), 0.0014189 secs]
156.388: Total time for which application threads were stopped: 0.0015458 seconds, Stopping threads took: 0.0000195 seconds
156.457: [GC (Allocation Failure)  529805K->215095K(1034752K), 0.0040914 secs]
156.461: Total time for which application threads were stopped: 0.0042537 seconds, Stopping threads took: 0.0000189 seconds
156.529: [GC (Allocation Failure)  536631K->219207K(1034752K), 0.0051083 secs]
156.534: Total time for which application threads were stopped: 0.0052999 seconds, Stopping threads took: 0.0000202 seconds
156.601: [GC (Allocation Failure)  540743K->213637K(1034752K), 0.0020737 secs]
156.603: Total time for which application threads were stopped: 0.0022252 seconds, Stopping threads took: 0.0000160 seconds
156.672: [GC (Allocation Failure)  535173K->219511K(1034752K), 0.0041681 secs]
156.676: Total time for which application threads were stopped: 0.0043619 seconds, Stopping threads took: 0.0000209 seconds
156.746: [GC (Allocation Failure)  541047K->223351K(1034752K), 0.0045243 secs]
156.750: Total time for which application threads were stopped: 0.0046908 seconds, Stopping threads took: 0.0000192 seconds
156.817: [GC (Allocation Failure)  545840K->219413K(1035264K), 0.0028129 secs]
156.820: Total time for which application threads were stopped: 0.0029777 seconds, Stopping threads took: 0.0000197 seconds
156.889: [GC (Allocation Failure)  541973K->223519K(1036288K), 0.0042989 secs]
156.894: Total time for which application threads were stopped: 0.0044739 seconds, Stopping threads took: 0.0000207 seconds
156.963: [GC (Allocation Failure)  547615K->227487K(1035776K), 0.0040951 secs]
156.967: Total time for which application threads were stopped: 0.0042682 seconds, Stopping threads took: 0.0000203 seconds
157.035: [GC (Allocation Failure)  551583K->227519K(1035776K), 0.0041445 secs]
157.039: Total time for which application threads were stopped: 0.0043018 seconds, Stopping threads took: 0.0000195 seconds
157.109: [GC (Allocation Failure)  551103K->227559K(1023488K), 0.0042393 secs]
157.113: Total time for which application threads were stopped: 0.0044326 seconds, Stopping threads took: 0.0000203 seconds
157.182: [GC (Allocation Failure)  551143K->235530K(1035264K), 0.0042552 secs]
157.186: Total time for which application threads were stopped: 0.0044214 seconds, Stopping threads took: 0.0000171 seconds
157.254: [GC (Allocation Failure)  558090K->235530K(1030144K), 0.0040265 secs]
157.259: Total time for which application threads were stopped: 0.0042276 seconds, Stopping threads took: 0.0000195 seconds
157.327: [GC (Allocation Failure)  558090K->235594K(1034752K), 0.0041909 secs]
157.332: Total time for which application threads were stopped: 0.0043427 seconds, Stopping threads took: 0.0000169 seconds
157.399: [GC (Allocation Failure)  557130K->243564K(1034752K), 0.0059121 secs]
157.405: Total time for which application threads were stopped: 0.0061097 seconds, Stopping threads took: 0.0000204 seconds
157.474: [GC (Allocation Failure)  565100K->243596K(1033728K), 0.0039061 secs]
157.478: Total time for which application threads were stopped: 0.0041060 seconds, Stopping threads took: 0.0000214 seconds
157.547: [GC (Allocation Failure)  564108K->243812K(1034240K), 0.0045408 secs]
157.552: Total time for which application threads were stopped: 0.0047126 seconds, Stopping threads took: 0.0000199 seconds
157.620: [GC (Allocation Failure)  564324K->251590K(1034240K), 0.0041749 secs]
157.624: Total time for which application threads were stopped: 0.0043566 seconds, Stopping threads took: 0.0000284 seconds
157.692: [GC (Allocation Failure)  572102K->251590K(1034240K), 0.0040792 secs]
157.697: Total time for which application threads were stopped: 0.0042442 seconds, Stopping threads took: 0.0000193 seconds
157.764: [GC (Allocation Failure)  572102K->252030K(1033216K), 0.0044119 secs]
157.768: Total time for which application threads were stopped: 0.0046088 seconds, Stopping threads took: 0.0000202 seconds
157.838: [GC (Allocation Failure)  571518K->259616K(1033728K), 0.0042551 secs]
157.842: Total time for which application threads were stopped: 0.0044371 seconds, Stopping threads took: 0.0000170 seconds
157.912: [GC (Allocation Failure)  579104K->259616K(1033728K), 0.0040799 secs]
157.916: Total time for which application threads were stopped: 0.0042393 seconds, Stopping threads took: 0.0000194 seconds
157.981: [GC (Allocation Failure)  579104K->259784K(1033728K), 0.0043510 secs]
157.985: Total time for which application threads were stopped: 0.0045128 seconds, Stopping threads took: 0.0000202 seconds
158.053: [GC (Allocation Failure)  579272K->267627K(1033728K), 0.0043127 secs]
158.057: Total time for which application threads were stopped: 0.0044718 seconds, Stopping threads took: 0.0000193 seconds
158.126: [GC (Allocation Failure)  587115K->267627K(1033728K), 0.0042217 secs]
158.130: Total time for which application threads were stopped: 0.0043813 seconds, Stopping threads took: 0.0000198 seconds
158.197: [GC (Allocation Failure)  587115K->267723K(1033728K), 0.0043254 secs]
158.201: Total time for which application threads were stopped: 0.0044948 seconds, Stopping threads took: 0.0000259 seconds
158.268: [GC (Allocation Failure)  587211K->275725K(1027072K), 0.0043753 secs]
158.273: Total time for which application threads were stopped: 0.0045405 seconds, Stopping threads took: 0.0000258 seconds
158.338: [GC (Allocation Failure)  595212K->271787K(1034240K), 0.0031008 secs]
158.341: Total time for which application threads were stopped: 0.0032688 seconds, Stopping threads took: 0.0000193 seconds
158.408: [GC (Allocation Failure)  591275K->275861K(1033216K), 0.0065025 secs]
158.415: Total time for which application threads were stopped: 0.0066773 seconds, Stopping threads took: 0.0000208 seconds
158.482: [GC (Allocation Failure)  595349K->279829K(1034752K), 0.0042737 secs]
158.487: Total time for which application threads were stopped: 0.0044487 seconds, Stopping threads took: 0.0000203 seconds
158.554: [GC (Allocation Failure)  601365K->273075K(1034752K), 0.0015725 secs]
158.556: Total time for which application threads were stopped: 0.0017101 seconds, Stopping threads took: 0.0000264 seconds
158.623: [GC (Allocation Failure)  594611K->279901K(1034752K), 0.0041808 secs]
158.627: Total time for which application threads were stopped: 0.0043754 seconds, Stopping threads took: 0.0000219 seconds
158.695: [GC (Allocation Failure)  601437K->283949K(1034752K), 0.0050870 secs]
158.700: Total time for which application threads were stopped: 0.0052502 seconds, Stopping threads took: 0.0000255 seconds
158.767: [GC (Allocation Failure)  605485K->278443K(1034752K), 0.0020759 secs]
158.769: Total time for which application threads were stopped: 0.0022175 seconds, Stopping threads took: 0.0000194 seconds
158.836: [GC (Allocation Failure)  599979K->284293K(1034752K), 0.0043385 secs]
158.841: Total time for which application threads were stopped: 0.0045411 seconds, Stopping threads took: 0.0000200 seconds
158.910: [GC (Allocation Failure)  605829K->288133K(1034752K), 0.0047003 secs]
158.915: Total time for which application threads were stopped: 0.0048623 seconds, Stopping threads took: 0.0000197 seconds
158.982: [GC (Allocation Failure)  610621K->284227K(1035264K), 0.0031199 secs]
158.985: Total time for which application threads were stopped: 0.0032992 seconds, Stopping threads took: 0.0000277 seconds
159.054: [GC (Allocation Failure)  606787K->288293K(1036288K), 0.0045720 secs]
159.059: Total time for which application threads were stopped: 0.0047333 seconds, Stopping threads took: 0.0000201 seconds
159.126: [GC (Allocation Failure)  612389K->292261K(1035776K), 0.0042713 secs]
159.131: Total time for which application threads were stopped: 0.0044348 seconds, Stopping threads took: 0.0000200 seconds
159.200: [GC (Allocation Failure)  616357K->292261K(1035776K), 0.0042016 secs]
159.204: Total time for which application threads were stopped: 0.0043821 seconds, Stopping threads took: 0.0000195 seconds
159.273: [GC (Allocation Failure)  615845K->292325K(1023488K), 0.0044539 secs]
159.277: Total time for which application threads were stopped: 0.0046530 seconds, Stopping threads took: 0.0000272 seconds
159.346: [GC (Allocation Failure)  615909K->300295K(1035264K), 0.0044119 secs]
159.350: Total time for which application threads were stopped: 0.0045690 seconds, Stopping threads took: 0.0000172 seconds
159.418: [GC (Allocation Failure)  622855K->300295K(1030144K), 0.0042758 secs]
159.422: Total time for which application threads were stopped: 0.0044563 seconds, Stopping threads took: 0.0000201 seconds
159.489: [GC (Allocation Failure)  622855K->300359K(1034752K), 0.0051716 secs]
159.494: Total time for which application threads were stopped: 0.0053247 seconds, Stopping threads took: 0.0000201 seconds
159.563: [GC (Allocation Failure)  621895K->308297K(1034752K), 0.0043568 secs]
159.567: Total time for which application threads were stopped: 0.0045151 seconds, Stopping threads took: 0.0000175 seconds
159.635: [GC (Allocation Failure)  629833K->308297K(1033728K), 0.0041925 secs]
159.639: Total time for which application threads were stopped: 0.0043625 seconds, Stopping threads took: 0.0000191 seconds
159.706: [GC (Allocation Failure)  628809K->308585K(1034240K), 0.0045103 secs]
159.711: Total time for which application threads were stopped: 0.0046895 seconds, Stopping threads took: 0.0000269 seconds
159.779: [GC (Allocation Failure)  629097K->316396K(1034240K), 0.0042970 secs]
159.783: Total time for which application threads were stopped: 0.0044582 seconds, Stopping threads took: 0.0000194 seconds
159.851: [GC (Allocation Failure)  636908K->316364K(1034240K), 0.0042733 secs]
159.855: Total time for which application threads were stopped: 0.0044413 seconds, Stopping threads took: 0.0000195 seconds
159.922: [GC (Allocation Failure)  636876K->316804K(1034240K), 0.0047081 secs]
159.927: Total time for which application threads were stopped: 0.0048737 seconds, Stopping threads took: 0.0000193 seconds
159.994: [GC (Allocation Failure)  637316K->324390K(1028096K), 0.0044332 secs]
159.998: Total time for which application threads were stopped: 0.0046025 seconds, Stopping threads took: 0.0000201 seconds
160.064: [GC (Allocation Failure)  644902K->324358K(1033728K), 0.0065954 secs]
160.071: Total time for which application threads were stopped: 0.0067599 seconds, Stopping threads took: 0.0000200 seconds
160.136: [GC (Allocation Failure)  643846K->324518K(1033728K), 0.0043618 secs]
160.141: Total time for which application threads were stopped: 0.0045090 seconds, Stopping threads took: 0.0000194 seconds
160.210: [GC (Allocation Failure)  644006K->332424K(1033728K), 0.0041483 secs]
160.214: Total time for which application threads were stopped: 0.0042975 seconds, Stopping threads took: 0.0000249 seconds
160.282: [GC (Allocation Failure)  651912K->332424K(1033728K), 0.0043375 secs]
160.287: Total time for which application threads were stopped: 0.0044977 seconds, Stopping threads took: 0.0000243 seconds
160.353: [GC (Allocation Failure)  651912K->332488K(1033728K), 0.0064333 secs]
160.360: Total time for which application threads were stopped: 0.0065982 seconds, Stopping threads took: 0.0000202 seconds
160.426: [GC (Allocation Failure)  651976K->340459K(1027072K), 0.0045657 secs]
160.431: Total time for which application threads were stopped: 0.0047505 seconds, Stopping threads took: 0.0000199 seconds
160.497: [GC (Allocation Failure)  659946K->336552K(1034240K), 0.0036879 secs]
160.501: Total time for which application threads were stopped: 0.0038412 seconds, Stopping threads took: 0.0000265 seconds
160.571: [GC (Allocation Failure)  656040K->340619K(1033216K), 0.0045907 secs]
160.575: Total time for which application threads were stopped: 0.0047561 seconds, Stopping threads took: 0.0000271 seconds
160.643: [GC (Allocation Failure)  660107K->344587K(1034752K), 0.0042724 secs]
160.647: Total time for which application threads were stopped: 0.0044523 seconds, Stopping threads took: 0.0000198 seconds
160.714: [GC (Allocation Failure)  666123K->337832K(1034752K), 0.0017087 secs]
160.716: Total time for which application threads were stopped: 0.0018491 seconds, Stopping threads took: 0.0000259 seconds
160.784: [GC (Allocation Failure)  659368K->344683K(1034752K), 0.0042184 secs]
160.788: Total time for which application threads were stopped: 0.0043883 seconds, Stopping threads took: 0.0000200 seconds
160.855: [GC (Allocation Failure)  666219K->348731K(1034752K), 0.0054006 secs]
160.860: Total time for which application threads were stopped: 0.0055748 seconds, Stopping threads took: 0.0000205 seconds
160.926: [GC (Allocation Failure)  670267K->343192K(1034752K), 0.0023881 secs]
160.928: Total time for which application threads were stopped: 0.0025467 seconds, Stopping threads took: 0.0000202 seconds
160.998: [GC (Allocation Failure)  664728K->349035K(1034752K), 0.0043673 secs]
161.003: Total time for which application threads were stopped: 0.0045522 seconds, Stopping threads took: 0.0000282 seconds
161.070: [GC (Allocation Failure)  670571K->352867K(1034752K), 0.0046256 secs]
161.075: Total time for which application threads were stopped: 0.0047964 seconds, Stopping threads took: 0.0000213 seconds
161.142: [GC (Allocation Failure)  675355K->348960K(1035264K), 0.0031477 secs]
161.146: Total time for which application threads were stopped: 0.0033250 seconds, Stopping threads took: 0.0000196 seconds
161.216: [GC (Allocation Failure)  671520K->353035K(1036288K), 0.0044324 secs]
161.220: Total time for which application threads were stopped: 0.0046070 seconds, Stopping threads took: 0.0000200 seconds
161.288: [GC (Allocation Failure)  677131K->357003K(1035776K), 0.0043407 secs]
161.292: Total time for which application threads were stopped: 0.0045387 seconds, Stopping threads took: 0.0000214 seconds
161.361: [GC (Allocation Failure)  681099K->357003K(1035776K), 0.0042149 secs]
161.365: Total time for which application threads were stopped: 0.0043935 seconds, Stopping threads took: 0.0000226 seconds
161.433: [GC (Allocation Failure)  680587K->357059K(1023488K), 0.0048068 secs]
161.438: Total time for which application threads were stopped: 0.0049682 seconds, Stopping threads took: 0.0000200 seconds
161.504: [GC (Allocation Failure)  680643K->365029K(1035264K), 0.0048902 secs]
161.509: Total time for which application threads were stopped: 0.0050340 seconds, Stopping threads took: 0.0000176 seconds
161.577: [GC (Allocation Failure)  687589K->365029K(1030144K), 0.0043220 secs]
161.582: Total time for which application threads were stopped: 0.0044799 seconds, Stopping threads took: 0.0000191 seconds
161.651: [GC (Allocation Failure)  687589K->365085K(1034752K), 0.0045844 secs]
161.656: Total time for which application threads were stopped: 0.0047323 seconds, Stopping threads took: 0.0000199 seconds
161.725: [GC (Allocation Failure)  686621K->373087K(1034752K), 0.0043870 secs]
161.729: Total time for which application threads were stopped: 0.0045748 seconds, Stopping threads took: 0.0000168 seconds
161.799: [GC (Allocation Failure)  694623K->373087K(1033728K), 0.0042884 secs]
161.803: Total time for which application threads were stopped: 0.0044480 seconds, Stopping threads took: 0.0000194 seconds
161.870: [GC (Allocation Failure)  693599K->373311K(1034240K), 0.0043994 secs]
161.874: Total time for which application threads were stopped: 0.0045900 seconds, Stopping threads took: 0.0000197 seconds
161.945: [GC (Allocation Failure)  693823K->381089K(1034240K), 0.0044194 secs]
161.949: Total time for which application threads were stopped: 0.0045821 seconds, Stopping threads took: 0.0000192 seconds
162.017: [GC (Allocation Failure)  701601K->381089K(1034240K), 0.0045595 secs]
162.022: Total time for which application threads were stopped: 0.0047387 seconds, Stopping threads took: 0.0000203 seconds
162.091: [GC (Allocation Failure)  701601K->381545K(1033216K), 0.0045005 secs]
162.095: Total time for which application threads were stopped: 0.0046571 seconds, Stopping threads took: 0.0000174 seconds
162.163: [GC (Allocation Failure)  701033K->389132K(1033728K), 0.0045754 secs]
162.168: Total time for which application threads were stopped: 0.0047477 seconds, Stopping threads took: 0.0000200 seconds
162.238: [GC (Allocation Failure)  708620K->389164K(1033728K), 0.0043801 secs]
162.242: Total time for which application threads were stopped: 0.0045544 seconds, Stopping threads took: 0.0000281 seconds
162.307: [GC (Allocation Failure)  708652K->389252K(1033728K), 0.0048025 secs]
162.312: Total time for which application threads were stopped: 0.0049628 seconds, Stopping threads took: 0.0000193 seconds
162.380: [GC (Allocation Failure)  708740K->397190K(1033728K), 0.0044051 secs]
162.384: Total time for which application threads were stopped: 0.0045724 seconds, Stopping threads took: 0.0000195 seconds
162.451: [GC (Allocation Failure)  716678K->397158K(1033728K), 0.0045813 secs]
162.456: Total time for which application threads were stopped: 0.0047502 seconds, Stopping threads took: 0.0000192 seconds
162.526: [GC (Allocation Failure)  716646K->397222K(1033728K), 0.0046835 secs]
162.530: Total time for which application threads were stopped: 0.0048454 seconds, Stopping threads took: 0.0000198 seconds
162.597: [GC (Allocation Failure)  716710K->405160K(1027072K), 0.0046206 secs]
162.602: Total time for which application threads were stopped: 0.0048141 seconds, Stopping threads took: 0.0000198 seconds
162.668: [GC (Allocation Failure)  724648K->401286K(1034240K), 0.0034658 secs]
162.672: Total time for which application threads were stopped: 0.0036192 seconds, Stopping threads took: 0.0000170 seconds
162.740: [GC (Allocation Failure)  720774K->405360K(1033216K), 0.0048748 secs]
162.745: Total time for which application threads were stopped: 0.0050763 seconds, Stopping threads took: 0.0000279 seconds
162.813: [GC (Allocation Failure)  724848K->409328K(1034752K), 0.0044532 secs]
162.818: Total time for which application threads were stopped: 0.0046223 seconds, Stopping threads took: 0.0000264 seconds
162.885: [GC (Allocation Failure)  730864K->402574K(1034752K), 0.0016805 secs]
162.886: Total time for which application threads were stopped: 0.0018291 seconds, Stopping threads took: 0.0000191 seconds
162.956: [GC (Allocation Failure)  724110K->409392K(1034752K), 0.0044655 secs]
162.961: Total time for which application threads were stopped: 0.0046333 seconds, Stopping threads took: 0.0000196 seconds
163.027: [GC (Allocation Failure)  730928K->413504K(1034752K), 0.0054816 secs]
163.033: Total time for which application threads were stopped: 0.0056554 seconds, Stopping threads took: 0.0000208 seconds
163.099: [GC (Allocation Failure)  735040K->407902K(1034752K), 0.0024898 secs]
163.101: Total time for which application threads were stopped: 0.0026388 seconds, Stopping threads took: 0.0000199 seconds
163.169: [GC (Allocation Failure)  729438K->413776K(1034752K), 0.0044902 secs]
163.173: Total time for which application threads were stopped: 0.0046810 seconds, Stopping threads took: 0.0000284 seconds
163.243: [GC (Allocation Failure)  735312K->417616K(1035264K), 0.0049339 secs]
163.248: Total time for which application threads were stopped: 0.0051082 seconds, Stopping threads took: 0.0000259 seconds
163.314: [GC (Allocation Failure)  740104K->413710K(1035264K), 0.0033778 secs]
163.318: Total time for which application threads were stopped: 0.0035445 seconds, Stopping threads took: 0.0000192 seconds
163.386: [GC (Allocation Failure)  736270K->417768K(1036288K), 0.0048750 secs]
163.391: Total time for which application threads were stopped: 0.0050378 seconds, Stopping threads took: 0.0000203 seconds
163.458: [GC (Allocation Failure)  741864K->421736K(1035776K), 0.0045088 secs]
163.463: Total time for which application threads were stopped: 0.0046657 seconds, Stopping threads took: 0.0000189 seconds
163.532: [GC (Allocation Failure)  745832K->421736K(1035776K), 0.0045807 secs]
163.537: Total time for which application threads were stopped: 0.0047472 seconds, Stopping threads took: 0.0000188 seconds
163.604: [GC (Allocation Failure)  745320K->421800K(1023488K), 0.0046477 secs]
163.609: Total time for which application threads were stopped: 0.0048288 seconds, Stopping threads took: 0.0000209 seconds
163.675: [GC (Allocation Failure)  745384K->429770K(1035264K), 0.0044736 secs]
163.680: Total time for which application threads were stopped: 0.0046663 seconds, Stopping threads took: 0.0000202 seconds
163.748: [GC (Allocation Failure)  752330K->429770K(1030144K), 0.0043081 secs]
163.752: Total time for which application threads were stopped: 0.0044777 seconds, Stopping threads took: 0.0000265 seconds
163.819: [GC (Allocation Failure)  752330K->429794K(1034752K), 0.0048333 secs]
163.824: Total time for which application threads were stopped: 0.0050226 seconds, Stopping threads took: 0.0000223 seconds
163.892: [GC (Allocation Failure)  751330K->437797K(1034752K), 0.0047859 secs]
163.896: Total time for which application threads were stopped: 0.0049782 seconds, Stopping threads took: 0.0000218 seconds
163.967: [GC (Allocation Failure)  759333K->437765K(1033728K), 0.0043206 secs]
163.971: Total time for which application threads were stopped: 0.0044900 seconds, Stopping threads took: 0.0000218 seconds
164.038: [GC (Allocation Failure)  758277K->438061K(1034240K), 0.0047802 secs]
164.043: Total time for which application threads were stopped: 0.0049735 seconds, Stopping threads took: 0.0000194 seconds
164.112: [GC (Allocation Failure)  758573K->445839K(1034240K), 0.0045594 secs]
164.117: Total time for which application threads were stopped: 0.0047484 seconds, Stopping threads took: 0.0000187 seconds
164.187: [GC (Allocation Failure)  766351K->445839K(1034240K), 0.0046557 secs]
164.192: Total time for which application threads were stopped: 0.0048159 seconds, Stopping threads took: 0.0000259 seconds
164.260: [GC (Allocation Failure)  766351K->446255K(1033216K), 0.0046367 secs]
164.264: Total time for which application threads were stopped: 0.0048153 seconds, Stopping threads took: 0.0000284 seconds
164.332: [GC (Allocation Failure)  765743K->453873K(1033728K), 0.0044985 secs]
164.337: Total time for which application threads were stopped: 0.0046618 seconds, Stopping threads took: 0.0000199 seconds
164.407: [GC (Allocation Failure)  773361K->453905K(1033728K), 0.0046214 secs]
164.411: Total time for which application threads were stopped: 0.0047977 seconds, Stopping threads took: 0.0000187 seconds
164.477: [GC (Allocation Failure)  773393K->453993K(1033728K), 0.0046984 secs]
164.482: Total time for which application threads were stopped: 0.0048645 seconds, Stopping threads took: 0.0000200 seconds
164.552: [GC (Allocation Failure)  773481K->461931K(1033728K), 0.0045074 secs]
164.557: Total time for which application threads were stopped: 0.0046999 seconds, Stopping threads took: 0.0000193 seconds
164.625: [GC (Allocation Failure)  781419K->461899K(1033728K), 0.0046434 secs]
164.630: Total time for which application threads were stopped: 0.0048058 seconds, Stopping threads took: 0.0000200 seconds
164.697: [GC (Allocation Failure)  781387K->461963K(1033728K), 0.0049993 secs]
164.702: Total time for which application threads were stopped: 0.0051697 seconds, Stopping threads took: 0.0000202 seconds
164.770: [GC (Allocation Failure)  781451K->469902K(1027072K), 0.0046811 secs]
164.774: Total time for which application threads were stopped: 0.0048549 seconds, Stopping threads took: 0.0000260 seconds
164.840: [GC (Allocation Failure)  789389K->466027K(1034240K), 0.0036039 secs]
164.844: Total time for which application threads were stopped: 0.0037601 seconds, Stopping threads took: 0.0000193 seconds
164.913: [GC (Allocation Failure)  785515K->470094K(1033216K), 0.0048990 secs]
164.918: Total time for which application threads were stopped: 0.0050632 seconds, Stopping threads took: 0.0000200 seconds
164.985: [GC (Allocation Failure)  789582K->474062K(1034752K), 0.0045519 secs]
164.989: Total time for which application threads were stopped: 0.0047320 seconds, Stopping threads took: 0.0000207 seconds
165.056: [GC (Allocation Failure)  795598K->467275K(1034752K), 0.0019080 secs]
165.058: Total time for which application threads were stopped: 0.0020658 seconds, Stopping threads took: 0.0000194 seconds
165.125: [GC (Allocation Failure)  788811K->474134K(1034752K), 0.0045228 secs]
165.129: Total time for which application threads were stopped: 0.0047127 seconds, Stopping threads took: 0.0000200 seconds
165.197: [GC (Allocation Failure)  795670K->478246K(1034752K), 0.0056617 secs]
165.203: Total time for which application threads were stopped: 0.0058274 seconds, Stopping threads took: 0.0000190 seconds
165.268: [GC (Allocation Failure)  799782K->472675K(1034752K), 0.0026538 secs]
165.271: Total time for which application threads were stopped: 0.0028107 seconds, Stopping threads took: 0.0000198 seconds
165.338: [GC (Allocation Failure)  794211K->478518K(1034752K), 0.0046762 secs]
165.342: Total time for which application threads were stopped: 0.0048464 seconds, Stopping threads took: 0.0000199 seconds
165.411: [GC (Allocation Failure)  800054K->482358K(1035264K), 0.0049653 secs]
165.416: Total time for which application threads were stopped: 0.0051281 seconds, Stopping threads took: 0.0000195 seconds
165.484: [GC (Allocation Failure)  804846K->478451K(1035264K), 0.0035025 secs]
165.487: Total time for which application threads were stopped: 0.0036897 seconds, Stopping threads took: 0.0000204 seconds
165.556: [GC (Allocation Failure)  801011K->482526K(1036288K), 0.0049376 secs]
165.561: Total time for which application threads were stopped: 0.0051045 seconds, Stopping threads took: 0.0000168 seconds
165.631: [GC (Allocation Failure)  806622K->486494K(1035776K), 0.0046708 secs]
165.636: Total time for which application threads were stopped: 0.0048404 seconds, Stopping threads took: 0.0000200 seconds
165.705: [GC (Allocation Failure)  810590K->486494K(1035776K), 0.0044580 secs]
165.709: Total time for which application threads were stopped: 0.0046167 seconds, Stopping threads took: 0.0000265 seconds
165.778: [GC (Allocation Failure)  810078K->486558K(1023488K), 0.0046628 secs]
165.783: Total time for which application threads were stopped: 0.0048635 seconds, Stopping threads took: 0.0000257 seconds
165.851: [GC (Allocation Failure)  810142K->494560K(1035264K), 0.0045874 secs]
165.856: Total time for which application threads were stopped: 0.0047704 seconds, Stopping threads took: 0.0000166 seconds
165.924: [GC (Allocation Failure)  817120K->494528K(1030144K), 0.0046519 secs]
165.929: Total time for which application threads were stopped: 0.0048278 seconds, Stopping threads took: 0.0000216 seconds
165.996: [GC (Allocation Failure)  817088K->494600K(1034752K), 0.0045839 secs]
166.001: Total time for which application threads were stopped: 0.0047530 seconds, Stopping threads took: 0.0000194 seconds
166.069: [GC (Allocation Failure)  816136K->502602K(1029120K), 0.0048933 secs]
166.074: Total time for which application threads were stopped: 0.0050580 seconds, Stopping threads took: 0.0000202 seconds
166.142: [GC (Allocation Failure)  824138K->502538K(1034240K), 0.0045025 secs]
166.147: Total time for which application threads were stopped: 0.0047154 seconds, Stopping threads took: 0.0000205 seconds
166.216: [GC (Allocation Failure)  823050K->502826K(1034240K), 0.0049647 secs]
166.221: Total time for which application threads were stopped: 0.0051351 seconds, Stopping threads took: 0.0000281 seconds
166.288: [GC (Allocation Failure)  823338K->510637K(1034240K), 0.0047593 secs]
166.293: Total time for which application threads were stopped: 0.0049249 seconds, Stopping threads took: 0.0000203 seconds
166.361: [GC (Allocation Failure)  831149K->510605K(1034240K), 0.0046179 secs]
166.366: Total time for which application threads were stopped: 0.0047831 seconds, Stopping threads took: 0.0000206 seconds
166.432: [GC (Allocation Failure)  831117K->511013K(1033216K), 0.0049304 secs]
166.437: Total time for which application threads were stopped: 0.0050909 seconds, Stopping threads took: 0.0000199 seconds
166.505: [GC (Allocation Failure)  830501K->518631K(1033728K), 0.0122832 secs]
166.517: Total time for which application threads were stopped: 0.0124929 seconds, Stopping threads took: 0.0000265 seconds
166.585: [GC (Allocation Failure)  838119K->518631K(1033728K), 0.0048737 secs]
166.590: Total time for which application threads were stopped: 0.0050325 seconds, Stopping threads took: 0.0000197 seconds
166.654: [GC (Allocation Failure)  838119K->518759K(1033728K), 0.0049809 secs]
166.659: Total time for which application threads were stopped: 0.0051390 seconds, Stopping threads took: 0.0000197 seconds
166.727: [GC (Allocation Failure)  838247K->526665K(1033728K), 0.0045107 secs]
166.732: Total time for which application threads were stopped: 0.0046896 seconds, Stopping threads took: 0.0000262 seconds
166.799: [GC (Allocation Failure)  846153K->526665K(1033728K), 0.0048321 secs]
166.804: Total time for which application threads were stopped: 0.0050175 seconds, Stopping threads took: 0.0000193 seconds
166.871: [GC (Allocation Failure)  846153K->526729K(1033728K), 0.0048667 secs]
166.876: Total time for which application threads were stopped: 0.0050494 seconds, Stopping threads took: 0.0000196 seconds
166.942: [GC (Allocation Failure)  846217K->534667K(1027072K), 0.0046616 secs]
166.947: Total time for which application threads were stopped: 0.0048571 seconds, Stopping threads took: 0.0000200 seconds
167.013: [GC (Allocation Failure)  854155K->530793K(1034240K), 0.0038203 secs]
167.017: Total time for which application threads were stopped: 0.0039755 seconds, Stopping threads took: 0.0000168 seconds
167.085: [GC (Allocation Failure)  850281K->534859K(1033216K), 0.0049881 secs]
167.090: Total time for which application threads were stopped: 0.0051501 seconds, Stopping threads took: 0.0000197 seconds
167.159: [GC (Allocation Failure)  854347K->538827K(1034752K), 0.0048021 secs]
167.164: Total time for which application threads were stopped: 0.0049701 seconds, Stopping threads took: 0.0000225 seconds
167.231: [GC (Allocation Failure)  860363K->532073K(1034752K), 0.0021272 secs]
167.233: Total time for which application threads were stopped: 0.0022787 seconds, Stopping threads took: 0.0000260 seconds
167.301: [GC (Allocation Failure)  853609K->538923K(1034752K), 0.0046641 secs]
167.306: Total time for which application threads were stopped: 0.0048218 seconds, Stopping threads took: 0.0000191 seconds
167.373: [GC (Allocation Failure)  860459K->542963K(1034752K), 0.0057152 secs]
167.379: Total time for which application threads were stopped: 0.0058744 seconds, Stopping threads took: 0.0000203 seconds
167.446: [GC (Allocation Failure)  864499K->537393K(1034752K), 0.0027189 secs]
167.448: Total time for which application threads were stopped: 0.0029003 seconds, Stopping threads took: 0.0000192 seconds
167.518: [GC (Allocation Failure)  858929K->543235K(1034752K), 0.0046905 secs]
167.523: Total time for which application threads were stopped: 0.0048341 seconds, Stopping threads took: 0.0000152 seconds
167.592: [GC (Allocation Failure)  864771K->547107K(1034752K), 0.0050090 secs]
167.597: Total time for which application threads were stopped: 0.0052002 seconds, Stopping threads took: 0.0000188 seconds
167.664: [GC (Allocation Failure)  869596K->543233K(1035264K), 0.0037069 secs]
167.668: Total time for which application threads were stopped: 0.0038763 seconds, Stopping threads took: 0.0000199 seconds
167.737: [GC (Allocation Failure)  865793K->547275K(1036288K), 0.0048355 secs]
167.742: Total time for which application threads were stopped: 0.0050421 seconds, Stopping threads took: 0.0000264 seconds
167.810: [GC (Allocation Failure)  871371K->551243K(1035776K), 0.0045023 secs]
167.815: Total time for which application threads were stopped: 0.0046672 seconds, Stopping threads took: 0.0000174 seconds
167.885: [GC (Allocation Failure)  875339K->551243K(1035776K), 0.0048152 secs]
167.890: Total time for which application threads were stopped: 0.0049834 seconds, Stopping threads took: 0.0000197 seconds
167.960: [GC (Allocation Failure)  874827K->551299K(1023488K), 0.0048885 secs]
167.965: Total time for which application threads were stopped: 0.0050671 seconds, Stopping threads took: 0.0000191 seconds
168.031: [GC (Allocation Failure)  874883K->559302K(1035264K), 0.0048511 secs]
168.036: Total time for which application threads were stopped: 0.0050474 seconds, Stopping threads took: 0.0000202 seconds
168.105: [GC (Allocation Failure)  881862K->559270K(1030144K), 0.0046450 secs]
168.109: Total time for which application threads were stopped: 0.0048038 seconds, Stopping threads took: 0.0000200 seconds
168.177: [GC (Allocation Failure)  881830K->559326K(1034752K), 0.0050675 secs]
168.182: Total time for which application threads were stopped: 0.0052456 seconds, Stopping threads took: 0.0000196 seconds
168.249: [GC (Allocation Failure)  880862K->567328K(1029120K), 0.0048893 secs]
168.254: Total time for which application threads were stopped: 0.0050661 seconds, Stopping threads took: 0.0000198 seconds
168.322: [GC (Allocation Failure)  888864K->567296K(1034240K), 0.0046687 secs]
168.327: Total time for which application threads were stopped: 0.0048409 seconds, Stopping threads took: 0.0000198 seconds
168.394: [GC (Allocation Failure)  887808K->567480K(1034240K), 0.0073597 secs]
168.401: Total time for which application threads were stopped: 0.0075407 seconds, Stopping threads took: 0.0000201 seconds
168.471: [GC (Allocation Failure)  887992K->575322K(1034240K), 0.0047953 secs]
168.476: Total time for which application threads were stopped: 0.0049548 seconds, Stopping threads took: 0.0000189 seconds
168.545: [GC (Allocation Failure)  895834K->575322K(1034240K), 0.0049056 secs]
168.550: Total time for which application threads were stopped: 0.0050662 seconds, Stopping threads took: 0.0000192 seconds
168.617: [GC (Allocation Failure)  895834K->575746K(1033216K), 0.0049533 secs]
168.622: Total time for which application threads were stopped: 0.0051173 seconds, Stopping threads took: 0.0000204 seconds
168.690: [GC (Allocation Failure)  895234K->583364K(1033728K), 0.0049021 secs]
168.695: Total time for which application threads were stopped: 0.0050760 seconds, Stopping threads took: 0.0000202 seconds
168.764: [GC (Allocation Failure)  902852K->583364K(1033728K), 0.0046396 secs]
168.768: Total time for which application threads were stopped: 0.0047861 seconds, Stopping threads took: 0.0000194 seconds
168.835: [GC (Allocation Failure)  902852K->583492K(1033728K), 0.0050757 secs]
168.840: Total time for which application threads were stopped: 0.0052257 seconds, Stopping threads took: 0.0000167 seconds
168.908: [GC (Allocation Failure)  902980K->591399K(1033728K), 0.0047672 secs]
168.913: Total time for which application threads were stopped: 0.0049358 seconds, Stopping threads took: 0.0000199 seconds
168.981: [GC (Allocation Failure)  910887K->591431K(1033728K), 0.0048213 secs]
168.986: Total time for which application threads were stopped: 0.0049830 seconds, Stopping threads took: 0.0000191 seconds
169.053: [GC (Allocation Failure)  910919K->591471K(1033728K), 0.0049991 secs]
169.058: Total time for which application threads were stopped: 0.0051644 seconds, Stopping threads took: 0.0000199 seconds
169.125: [GC (Allocation Failure)  910959K->599441K(1027072K), 0.0049396 secs]
169.130: Total time for which application threads were stopped: 0.0051122 seconds, Stopping threads took: 0.0000208 seconds
169.196: [GC (Allocation Failure)  918928K->595567K(1034240K), 0.0040132 secs]
169.200: Total time for which application threads were stopped: 0.0041887 seconds, Stopping threads took: 0.0000197 seconds
169.269: [GC (Allocation Failure)  915055K->599577K(1033216K), 0.0048805 secs]
169.274: Total time for which application threads were stopped: 0.0050571 seconds, Stopping threads took: 0.0000261 seconds
169.342: [GC (Allocation Failure)  919065K->603577K(1034752K), 0.0046708 secs]
169.347: Total time for which application threads were stopped: 0.0048423 seconds, Stopping threads took: 0.0000285 seconds
169.414: [GC (Allocation Failure)  925113K->596823K(1034752K), 0.0022727 secs]
169.416: Total time for which application threads were stopped: 0.0024306 seconds, Stopping threads took: 0.0000195 seconds
169.485: [GC (Allocation Failure)  918359K->603633K(1034752K), 0.0060912 secs]
169.491: Total time for which application threads were stopped: 0.0063041 seconds, Stopping threads took: 0.0000222 seconds
169.558: [GC (Allocation Failure)  925169K->607745K(1034752K), 0.0058358 secs]
169.564: Total time for which application threads were stopped: 0.0059948 seconds, Stopping threads took: 0.0000202 seconds
169.629: [GC (Allocation Failure)  929281K->602143K(1034752K), 0.0029506 secs]
169.632: Total time for which application threads were stopped: 0.0031214 seconds, Stopping threads took: 0.0000198 seconds
169.703: [GC (Allocation Failure)  923679K->607985K(1034752K), 0.0053333 secs]
169.708: Total time for which application threads were stopped: 0.0055078 seconds, Stopping threads took: 0.0000194 seconds
169.776: [GC (Allocation Failure)  929521K->611881K(1035264K), 0.0051500 secs]
169.781: Total time for which application threads were stopped: 0.0053179 seconds, Stopping threads took: 0.0000191 seconds
169.848: [GC (Allocation Failure)  934369K->607943K(1035264K), 0.0037545 secs]
169.852: Total time for which application threads were stopped: 0.0039469 seconds, Stopping threads took: 0.0000200 seconds
169.921: [GC (Allocation Failure)  930503K->611969K(1036288K), 0.0068222 secs]
169.927: Total time for which application threads were stopped: 0.0069931 seconds, Stopping threads took: 0.0000196 seconds
169.997: [GC (Allocation Failure)  936065K->615969K(1035776K), 0.0049075 secs]
170.002: Total time for which application threads were stopped: 0.0050848 seconds, Stopping threads took: 0.0000215 seconds
170.070: [GC (Allocation Failure)  940065K->616001K(1035776K), 0.0049838 secs]
170.075: Total time for which application threads were stopped: 0.0051534 seconds, Stopping threads took: 0.0000195 seconds
170.144: [GC (Allocation Failure)  939585K->616041K(1023488K), 0.0050086 secs]
170.149: Total time for which application threads were stopped: 0.0051798 seconds, Stopping threads took: 0.0000201 seconds
170.216: [GC (Allocation Failure)  939625K->624011K(1035264K), 0.0087436 secs]
170.224: Total time for which application threads were stopped: 0.0089490 seconds, Stopping threads took: 0.0000265 seconds
170.294: [GC (Allocation Failure)  946571K->624011K(1030144K), 0.0047975 secs]
170.299: Total time for which application threads were stopped: 0.0049580 seconds, Stopping threads took: 0.0000201 seconds
170.366: [GC (Allocation Failure)  946571K->624067K(1034752K), 0.0052370 secs]
170.372: Total time for which application threads were stopped: 0.0054050 seconds, Stopping threads took: 0.0000192 seconds
170.439: [GC (Allocation Failure)  945603K->632069K(1029120K), 0.0049081 secs]
170.444: Total time for which application threads were stopped: 0.0050665 seconds, Stopping threads took: 0.0000190 seconds
170.514: [GC (Allocation Failure)  953605K->632037K(1034240K), 0.0046660 secs]
170.518: Total time for which application threads were stopped: 0.0048401 seconds, Stopping threads took: 0.0000262 seconds
170.585: [GC (Allocation Failure)  952549K->632301K(1034240K), 0.0052084 secs]
170.590: Total time for which application threads were stopped: 0.0053700 seconds, Stopping threads took: 0.0000194 seconds
170.658: [GC (Allocation Failure)  952813K->640080K(1034240K), 0.0050407 secs]
170.663: Total time for which application threads were stopped: 0.0051970 seconds, Stopping threads took: 0.0000192 seconds
170.731: [GC (Allocation Failure)  960592K->640112K(1034240K), 0.0048639 secs]
170.736: Total time for which application threads were stopped: 0.0050209 seconds, Stopping threads took: 0.0000279 seconds
170.805: [GC (Allocation Failure)  960624K->640528K(1033216K), 0.0050208 secs]
170.810: Total time for which application threads were stopped: 0.0051805 seconds, Stopping threads took: 0.0000190 seconds
170.878: [GC (Allocation Failure)  960016K->648114K(1033728K), 0.0049554 secs]
170.883: Total time for which application threads were stopped: 0.0051183 seconds, Stopping threads took: 0.0000200 seconds
170.952: [GC (Allocation Failure)  967602K->648114K(1033728K), 0.0050298 secs]
170.957: Total time for which application threads were stopped: 0.0051974 seconds, Stopping threads took: 0.0000191 seconds
171.022: [GC (Allocation Failure)  967602K->648250K(1033728K), 0.0051870 secs]
171.027: Total time for which application threads were stopped: 0.0053489 seconds, Stopping threads took: 0.0000197 seconds
171.095: [GC (Allocation Failure)  967738K->656188K(1033728K), 0.0049450 secs]
171.100: Total time for which application threads were stopped: 0.0051135 seconds, Stopping threads took: 0.0000193 seconds
171.169: [GC (Allocation Failure)  975676K->656156K(1033728K), 0.0050444 secs]
171.174: Total time for which application threads were stopped: 0.0052089 seconds, Stopping threads took: 0.0000193 seconds
171.242: [GC (Allocation Failure)  975644K->656228K(1033728K), 0.0049997 secs]
171.247: Total time for which application threads were stopped: 0.0051633 seconds, Stopping threads took: 0.0000260 seconds
171.315: [GC (Allocation Failure)  975716K->664199K(1027072K), 0.0053097 secs]
171.320: Total time for which application threads were stopped: 0.0054753 seconds, Stopping threads took: 0.0000200 seconds
171.385: [GC (Allocation Failure)  983686K->660292K(1034240K), 0.0039805 secs]
171.389: Total time for which application threads were stopped: 0.0041463 seconds, Stopping threads took: 0.0000193 seconds
171.457: [GC (Allocation Failure)  979780K->664351K(1033216K), 0.0054563 secs]
171.462: Total time for which application threads were stopped: 0.0056261 seconds, Stopping threads took: 0.0000191 seconds
171.530: [GC (Allocation Failure)  983839K->668287K(1034752K), 0.0047466 secs]
171.535: Total time for which application threads were stopped: 0.0048967 seconds, Stopping threads took: 0.0000171 seconds
171.602: [GC (Allocation Failure)  989823K->661500K(1034752K), 0.0024637 secs]
171.604: Total time for which application threads were stopped: 0.0026142 seconds, Stopping threads took: 0.0000196 seconds
171.671: [GC (Allocation Failure)  983036K->668383K(1034752K), 0.0049067 secs]
171.676: Total time for which application threads were stopped: 0.0050796 seconds, Stopping threads took: 0.0000192 seconds
171.744: [GC (Allocation Failure)  989919K->672463K(1034752K), 0.0058970 secs]
171.750: Total time for which application threads were stopped: 0.0060773 seconds, Stopping threads took: 0.0000255 seconds
171.818: [GC (Allocation Failure)  993999K->666892K(1034752K), 0.0031437 secs]
171.821: Total time for which application threads were stopped: 0.0033344 seconds, Stopping threads took: 0.0000210 seconds
171.890: [GC (Allocation Failure)  988428K->672775K(1034752K), 0.0050944 secs]
171.895: Total time for which application threads were stopped: 0.0052540 seconds, Stopping threads took: 0.0000206 seconds
171.962: [GC (Allocation Failure)  994311K->676647K(1035264K), 0.0053890 secs]
171.968: Total time for which application threads were stopped: 0.0055823 seconds, Stopping threads took: 0.0000196 seconds
172.036: [GC (Allocation Failure)  999135K->672708K(1035264K), 0.0040232 secs]
172.040: Total time for which application threads were stopped: 0.0042131 seconds, Stopping threads took: 0.0000172 seconds
172.108: [GC (Allocation Failure)  995268K->676783K(1036288K), 0.0051368 secs]
172.113: Total time for which application threads were stopped: 0.0053029 seconds, Stopping threads took: 0.0000205 seconds
172.183: [GC (Allocation Failure)  1000879K->680751K(1035776K), 0.0050097 secs]
172.188: Total time for which application threads were stopped: 0.0051841 seconds, Stopping threads took: 0.0000201 seconds
172.257: [GC (Allocation Failure)  1004847K->680751K(1035776K), 0.0050877 secs]
172.262: Total time for which application threads were stopped: 0.0052520 seconds, Stopping threads took: 0.0000257 seconds
172.330: [GC (Allocation Failure)  1004335K->680807K(1023488K), 0.0051241 secs]
172.336: Total time for which application threads were stopped: 0.0053156 seconds, Stopping threads took: 0.0000199 seconds
172.404: [GC (Allocation Failure)  1004391K->688809K(1035264K), 0.0050038 secs]
172.409: Total time for which application threads were stopped: 0.0051610 seconds, Stopping threads took: 0.0000168 seconds
172.477: [GC (Allocation Failure)  1011369K->688809K(1030144K), 0.0047716 secs]
172.482: Total time for which application threads were stopped: 0.0049410 seconds, Stopping threads took: 0.0000196 seconds
172.550: [GC (Allocation Failure)  1011369K->688841K(1034752K), 0.0049558 secs]
172.555: [Full GC (Ergonomics)  688841K->8520K(1034752K), 0.0120471 secs]
172.567: Total time for which application threads were stopped: 0.0172534 seconds, Stopping threads took: 0.0000171 seconds
172.635: [GC (Allocation Failure)  330056K->16586K(1029120K), 0.0038130 secs]
172.639: Total time for which application threads were stopped: 0.0039651 seconds, Stopping threads took: 0.0000160 seconds
172.707: [GC (Allocation Failure)  338122K->16602K(1034240K), 0.0037878 secs]
172.710: Total time for which application threads were stopped: 0.0039424 seconds, Stopping threads took: 0.0000198 seconds
172.779: [GC (Allocation Failure)  337114K->16866K(1034240K), 0.0038493 secs]
172.783: Total time for which application threads were stopped: 0.0040407 seconds, Stopping threads took: 0.0000195 seconds
172.853: [GC (Allocation Failure)  337378K->24676K(1034240K), 0.0036192 secs]
172.857: Total time for which application threads were stopped: 0.0037759 seconds, Stopping threads took: 0.0000174 seconds
172.927: [GC (Allocation Failure)  345188K->24676K(1034240K), 0.0038108 secs]
172.931: Total time for which application threads were stopped: 0.0039810 seconds, Stopping threads took: 0.0000191 seconds
173.000: [GC (Allocation Failure)  345188K->25092K(1033216K), 0.0041668 secs]
173.004: Total time for which application threads were stopped: 0.0043280 seconds, Stopping threads took: 0.0000197 seconds
173.071: [GC (Allocation Failure)  344580K->32679K(1033728K), 0.0039492 secs]
173.075: Total time for which application threads were stopped: 0.0041122 seconds, Stopping threads took: 0.0000190 seconds
173.143: [GC (Allocation Failure)  352167K->32679K(1033728K), 0.0036276 secs]
173.146: Total time for which application threads were stopped: 0.0037846 seconds, Stopping threads took: 0.0000186 seconds
173.211: [GC (Allocation Failure)  352167K->32807K(1033728K), 0.0038349 secs]
173.215: Total time for which application threads were stopped: 0.0040093 seconds, Stopping threads took: 0.0000255 seconds
173.282: [GC (Allocation Failure)  352295K->40745K(1033728K), 0.0037371 secs]
173.286: Total time for which application threads were stopped: 0.0039070 seconds, Stopping threads took: 0.0000203 seconds
173.353: [GC (Allocation Failure)  360233K->40713K(1033728K), 0.0037238 secs]
173.357: Total time for which application threads were stopped: 0.0039115 seconds, Stopping threads took: 0.0000200 seconds
173.423: [GC (Allocation Failure)  360201K->40777K(1033728K), 0.0039124 secs]
173.427: Total time for which application threads were stopped: 0.0041112 seconds, Stopping threads took: 0.0000198 seconds
173.496: [GC (Allocation Failure)  360265K->48747K(1027072K), 0.0046464 secs]
173.501: Total time for which application threads were stopped: 0.0048003 seconds, Stopping threads took: 0.0000230 seconds
173.567: [GC (Allocation Failure)  368235K->44841K(1034240K), 0.0027353 secs]
173.570: Total time for which application threads were stopped: 0.0028954 seconds, Stopping threads took: 0.0000199 seconds
173.637: [GC (Allocation Failure)  364329K->48899K(1033216K), 0.0040420 secs]
173.641: Total time for which application threads were stopped: 0.0042215 seconds, Stopping threads took: 0.0000201 seconds
173.708: [GC (Allocation Failure)  368387K->52867K(1034752K), 0.0040291 secs]
173.713: Total time for which application threads were stopped: 0.0042131 seconds, Stopping threads took: 0.0000254 seconds
173.779: [GC (Allocation Failure)  374403K->46113K(1034752K), 0.0011010 secs]
173.780: Total time for which application threads were stopped: 0.0012359 seconds, Stopping threads took: 0.0000196 seconds
173.847: [GC (Allocation Failure)  367649K->52971K(1034752K), 0.0039467 secs]
173.851: Total time for which application threads were stopped: 0.0041344 seconds, Stopping threads took: 0.0000205 seconds
173.917: [GC (Allocation Failure)  374507K->56987K(1034752K), 0.0048614 secs]
173.922: Total time for which application threads were stopped: 0.0050357 seconds, Stopping threads took: 0.0000211 seconds
173.987: [GC (Allocation Failure)  378523K->51481K(1034752K), 0.0017757 secs]
173.989: Total time for which application threads were stopped: 0.0019127 seconds, Stopping threads took: 0.0000201 seconds
174.056: [GC (Allocation Failure)  373017K->57291K(1034752K), 0.0038005 secs]
174.060: Total time for which application threads were stopped: 0.0039936 seconds, Stopping threads took: 0.0000201 seconds
174.132: [GC (Allocation Failure)  378827K->61123K(1034752K), 0.0041733 secs]
174.137: Total time for which application threads were stopped: 0.0043306 seconds, Stopping threads took: 0.0000169 seconds
174.203: [GC (Allocation Failure)  383611K->57249K(1035264K), 0.0024440 secs]
174.206: Total time for which application threads were stopped: 0.0026029 seconds, Stopping threads took: 0.0000201 seconds
174.276: [GC (Allocation Failure)  379809K->61315K(1036288K), 0.0041702 secs]
174.280: Total time for which application threads were stopped: 0.0043299 seconds, Stopping threads took: 0.0000202 seconds
174.347: [GC (Allocation Failure)  385411K->65283K(1035776K), 0.0038017 secs]
174.351: Total time for which application threads were stopped: 0.0039707 seconds, Stopping threads took: 0.0000199 seconds
174.420: [GC (Allocation Failure)  389379K->65283K(1035776K), 0.0037612 secs]
174.423: Total time for which application threads were stopped: 0.0039296 seconds, Stopping threads took: 0.0000192 seconds
174.491: [GC (Allocation Failure)  388867K->65371K(1023488K), 0.0046991 secs]
174.496: Total time for which application threads were stopped: 0.0048649 seconds, Stopping threads took: 0.0000287 seconds
174.563: [GC (Allocation Failure)  388955K->73341K(1035264K), 0.0037814 secs]
174.567: Total time for which application threads were stopped: 0.0039569 seconds, Stopping threads took: 0.0000197 seconds
174.637: [GC (Allocation Failure)  395901K->73309K(1030144K), 0.0036915 secs]
174.640: Total time for which application threads were stopped: 0.0038734 seconds, Stopping threads took: 0.0000171 seconds
174.713: [GC (Allocation Failure)  395869K->73341K(1034752K), 0.0040536 secs]
174.717: Total time for which application threads were stopped: 0.0042128 seconds, Stopping threads took: 0.0000193 seconds
174.785: [GC (Allocation Failure)  394877K->81344K(1034752K), 0.0041724 secs]
174.789: Total time for which application threads were stopped: 0.0043309 seconds, Stopping threads took: 0.0000192 seconds
174.859: [GC (Allocation Failure)  402880K->81344K(1033728K), 0.0037423 secs]
174.863: Total time for which application threads were stopped: 0.0039006 seconds, Stopping threads took: 0.0000194 seconds
174.931: [GC (Allocation Failure)  401856K->81608K(1034240K), 0.0038905 secs]
174.935: Total time for which application threads were stopped: 0.0040835 seconds, Stopping threads took: 0.0000194 seconds
175.005: [GC (Allocation Failure)  402120K->89418K(1034240K), 0.0038428 secs]
175.009: Total time for which application threads were stopped: 0.0040055 seconds, Stopping threads took: 0.0000199 seconds
175.077: [GC (Allocation Failure)  409930K->89354K(1034240K), 0.0045388 secs]
175.082: Total time for which application threads were stopped: 0.0046994 seconds, Stopping threads took: 0.0000199 seconds
175.149: [GC (Allocation Failure)  409866K->89834K(1034240K), 0.0042111 secs]
175.154: Total time for which application threads were stopped: 0.0043895 seconds, Stopping threads took: 0.0000190 seconds
175.222: [GC (Allocation Failure)  410346K->97452K(1028096K), 0.0037435 secs]
175.226: Total time for which application threads were stopped: 0.0039062 seconds, Stopping threads took: 0.0000262 seconds
175.294: [GC (Allocation Failure)  417964K->97388K(1033728K), 0.0037573 secs]
175.298: Total time for which application threads were stopped: 0.0039104 seconds, Stopping threads took: 0.0000171 seconds
175.363: [GC (Allocation Failure)  416876K->97572K(1033728K), 0.0042333 secs]
175.367: Total time for which application threads were stopped: 0.0043998 seconds, Stopping threads took: 0.0000196 seconds
175.435: [GC (Allocation Failure)  417060K->105446K(1033728K), 0.0040039 secs]
175.439: Total time for which application threads were stopped: 0.0041728 seconds, Stopping threads took: 0.0000193 seconds
175.508: [GC (Allocation Failure)  424934K->105446K(1033728K), 0.0049251 secs]
175.513: Total time for which application threads were stopped: 0.0051047 seconds, Stopping threads took: 0.0000205 seconds
175.581: [GC (Allocation Failure)  424934K->105510K(1033728K), 0.0040267 secs]
175.585: Total time for which application threads were stopped: 0.0041858 seconds, Stopping threads took: 0.0000168 seconds
175.651: [GC (Allocation Failure)  424998K->113513K(1027072K), 0.0041613 secs]
175.656: Total time for which application threads were stopped: 0.0043424 seconds, Stopping threads took: 0.0000201 seconds
175.723: [GC (Allocation Failure)  433000K->109574K(1034240K), 0.0025846 secs]
175.725: Total time for which application threads were stopped: 0.0027340 seconds, Stopping threads took: 0.0000264 seconds
175.793: [GC (Allocation Failure)  429062K->113641K(1033216K), 0.0042924 secs]
175.797: Total time for which application threads were stopped: 0.0044635 seconds, Stopping threads took: 0.0000207 seconds
175.867: [GC (Allocation Failure)  433129K->117609K(1034752K), 0.0038409 secs]
175.871: Total time for which application threads were stopped: 0.0040019 seconds, Stopping threads took: 0.0000200 seconds
175.938: [GC (Allocation Failure)  439145K->110854K(1034752K), 0.0013317 secs]
175.939: Total time for which application threads were stopped: 0.0014570 seconds, Stopping threads took: 0.0000199 seconds
176.008: [GC (Allocation Failure)  432390K->117681K(1034752K), 0.0039959 secs]
176.012: Total time for which application threads were stopped: 0.0041651 seconds, Stopping threads took: 0.0000196 seconds
176.078: [GC (Allocation Failure)  439217K->121761K(1034752K), 0.0050138 secs]
176.083: Total time for which application threads were stopped: 0.0051869 seconds, Stopping threads took: 0.0000257 seconds
176.149: [GC (Allocation Failure)  443297K->116222K(1034752K), 0.0018647 secs]
176.151: Total time for which application threads were stopped: 0.0020139 seconds, Stopping threads took: 0.0000195 seconds
176.220: [GC (Allocation Failure)  437758K->122033K(1034752K), 0.0039241 secs]
176.224: Total time for which application threads were stopped: 0.0040906 seconds, Stopping threads took: 0.0000263 seconds
176.291: [GC (Allocation Failure)  443569K->125905K(1034752K), 0.0042022 secs]
176.295: Total time for which application threads were stopped: 0.0043638 seconds, Stopping threads took: 0.0000197 seconds
176.362: [GC (Allocation Failure)  448393K->121998K(1035264K), 0.0026810 secs]
176.365: Total time for which application threads were stopped: 0.0028594 seconds, Stopping threads took: 0.0000191 seconds
176.433: [GC (Allocation Failure)  444558K->126065K(1036288K), 0.0043169 secs]
176.437: Total time for which application threads were stopped: 0.0044934 seconds, Stopping threads took: 0.0000267 seconds
176.505: [GC (Allocation Failure)  450161K->130033K(1035776K), 0.0046953 secs]
176.510: Total time for which application threads were stopped: 0.0048799 seconds, Stopping threads took: 0.0000276 seconds
176.580: [GC (Allocation Failure)  454129K->130065K(1035776K), 0.0037437 secs]
176.584: Total time for which application threads were stopped: 0.0039128 seconds, Stopping threads took: 0.0000274 seconds
176.652: [GC (Allocation Failure)  453649K->130089K(1023488K), 0.0040987 secs]
176.657: Total time for which application threads were stopped: 0.0042676 seconds, Stopping threads took: 0.0000261 seconds
176.724: [GC (Allocation Failure)  453673K->138059K(1035264K), 0.0039481 secs]
176.728: Total time for which application threads were stopped: 0.0041276 seconds, Stopping threads took: 0.0000270 seconds
176.796: [GC (Allocation Failure)  460619K->138027K(1030144K), 0.0037397 secs]
176.800: Total time for which application threads were stopped: 0.0039213 seconds, Stopping threads took: 0.0000205 seconds
176.867: [GC (Allocation Failure)  460587K->138123K(1034752K), 0.0041642 secs]
176.871: Total time for which application threads were stopped: 0.0043509 seconds, Stopping threads took: 0.0000205 seconds
176.939: [GC (Allocation Failure)  459659K->146125K(1034752K), 0.0041035 secs]
176.944: Total time for which application threads were stopped: 0.0042969 seconds, Stopping threads took: 0.0000198 seconds
177.013: [GC (Allocation Failure)  467661K->146125K(1033728K), 0.0038705 secs]
177.017: Total time for which application threads were stopped: 0.0040568 seconds, Stopping threads took: 0.0000165 seconds
177.086: [GC (Allocation Failure)  466637K->146349K(1034240K), 0.0043241 secs]
177.090: Total time for which application threads were stopped: 0.0045110 seconds, Stopping threads took: 0.0000270 seconds
177.160: [GC (Allocation Failure)  466861K->154127K(1034240K), 0.0038373 secs]
177.164: Total time for which application threads were stopped: 0.0040189 seconds, Stopping threads took: 0.0000200 seconds
177.232: [GC (Allocation Failure)  474639K->154127K(1034240K), 0.0038975 secs]
177.236: Total time for which application threads were stopped: 0.0040600 seconds, Stopping threads took: 0.0000256 seconds
177.304: [GC (Allocation Failure)  474639K->154535K(1033216K), 0.0042136 secs]
177.308: Total time for which application threads were stopped: 0.0043909 seconds, Stopping threads took: 0.0000258 seconds
177.376: [GC (Allocation Failure)  474023K->162154K(1033728K), 0.0041748 secs]
177.380: Total time for which application threads were stopped: 0.0043644 seconds, Stopping threads took: 0.0000212 seconds
177.450: [GC (Allocation Failure)  481642K->162154K(1033728K), 0.0040535 secs]
177.454: Total time for which application threads were stopped: 0.0042148 seconds, Stopping threads took: 0.0000203 seconds
177.521: [GC (Allocation Failure)  481642K->162282K(1033728K), 0.0041849 secs]
177.525: Total time for which application threads were stopped: 0.0043638 seconds, Stopping threads took: 0.0000179 seconds
177.593: [GC (Allocation Failure)  481770K->170220K(1033728K), 0.0038472 secs]
177.597: Total time for which application threads were stopped: 0.0040431 seconds, Stopping threads took: 0.0000202 seconds
177.665: [GC (Allocation Failure)  489708K->170220K(1033728K), 0.0040250 secs]
177.669: Total time for which application threads were stopped: 0.0042004 seconds, Stopping threads took: 0.0000235 seconds
177.737: [GC (Allocation Failure)  489708K->170252K(1033728K), 0.0041953 secs]
177.741: Total time for which application threads were stopped: 0.0044770 seconds, Stopping threads took: 0.0000263 seconds
177.808: [GC (Allocation Failure)  489740K->178222K(1027072K), 0.0041024 secs]
177.812: Total time for which application threads were stopped: 0.0042864 seconds, Stopping threads took: 0.0000190 seconds
177.877: [GC (Allocation Failure)  497710K->174348K(1034240K), 0.0030462 secs]
177.880: Total time for which application threads were stopped: 0.0032059 seconds, Stopping threads took: 0.0000206 seconds
177.947: [GC (Allocation Failure)  493836K->178382K(1033216K), 0.0045183 secs]
177.952: Total time for which application threads were stopped: 0.0046866 seconds, Stopping threads took: 0.0000204 seconds
178.019: [GC (Allocation Failure)  497870K->182350K(1034752K), 0.0040839 secs]
178.023: Total time for which application threads were stopped: 0.0042539 seconds, Stopping threads took: 0.0000194 seconds
178.090: [GC (Allocation Failure)  503886K->175596K(1034752K), 0.0014010 secs]
178.091: Total time for which application threads were stopped: 0.0015137 seconds, Stopping threads took: 0.0000197 seconds
178.160: [GC (Allocation Failure)  497132K->182382K(1034752K), 0.0038885 secs]
178.164: Total time for which application threads were stopped: 0.0040356 seconds, Stopping threads took: 0.0000170 seconds
178.233: [GC (Allocation Failure)  503918K->186494K(1034752K), 0.0049127 secs]
178.238: Total time for which application threads were stopped: 0.0050726 seconds, Stopping threads took: 0.0000257 seconds
178.305: [GC (Allocation Failure)  508030K->180956K(1034752K), 0.0019304 secs]
178.307: Total time for which application threads were stopped: 0.0020850 seconds, Stopping threads took: 0.0000278 seconds
178.374: [GC (Allocation Failure)  502492K->186758K(1034752K), 0.0040745 secs]
178.378: Total time for which application threads were stopped: 0.0042378 seconds, Stopping threads took: 0.0000206 seconds
178.446: [GC (Allocation Failure)  508294K->190662K(1034752K), 0.0045447 secs]
178.451: Total time for which application threads were stopped: 0.0047121 seconds, Stopping threads took: 0.0000218 seconds
178.519: [GC (Allocation Failure)  513151K->186724K(1035264K), 0.0026887 secs]
178.522: Total time for which application threads were stopped: 0.0028743 seconds, Stopping threads took: 0.0000187 seconds
178.590: [GC (Allocation Failure)  509284K->190790K(1036288K), 0.0042308 secs]
178.595: Total time for which application threads were stopped: 0.0044249 seconds, Stopping threads took: 0.0000201 seconds
178.664: [GC (Allocation Failure)  514886K->194790K(1035776K), 0.0040417 secs]
178.668: Total time for which application threads were stopped: 0.0041940 seconds, Stopping threads took: 0.0000176 seconds
178.737: [GC (Allocation Failure)  518886K->194758K(1035776K), 0.0040231 secs]
178.741: Total time for which application threads were stopped: 0.0042214 seconds, Stopping threads took: 0.0000258 seconds
178.811: [GC (Allocation Failure)  518342K->194822K(1023488K), 0.0042849 secs]
178.815: Total time for which application threads were stopped: 0.0044809 seconds, Stopping threads took: 0.0000208 seconds
178.882: [GC (Allocation Failure)  518406K->202825K(1035264K), 0.0041623 secs]
178.886: Total time for which application threads were stopped: 0.0043258 seconds, Stopping threads took: 0.0000198 seconds
178.955: [GC (Allocation Failure)  525385K->202793K(1030144K), 0.0038245 secs]
178.959: Total time for which application threads were stopped: 0.0040160 seconds, Stopping threads took: 0.0000197 seconds
179.027: [GC (Allocation Failure)  525353K->202857K(1034752K), 0.0042354 secs]
179.031: Total time for which application threads were stopped: 0.0043912 seconds, Stopping threads took: 0.0000165 seconds
179.099: [GC (Allocation Failure)  524393K->210827K(1034752K), 0.0042296 secs]
179.104: Total time for which application threads were stopped: 0.0044055 seconds, Stopping threads took: 0.0000192 seconds
179.173: [GC (Allocation Failure)  532363K->210827K(1033728K), 0.0040129 secs]
179.177: Total time for which application threads were stopped: 0.0041702 seconds, Stopping threads took: 0.0000192 seconds
179.245: [GC (Allocation Failure)  531339K->211075K(1034240K), 0.0042738 secs]
179.249: Total time for which application threads were stopped: 0.0044399 seconds, Stopping threads took: 0.0000263 seconds
179.319: [GC (Allocation Failure)  531587K->218885K(1034240K), 0.0042162 secs]
179.323: Total time for which application threads were stopped: 0.0043759 seconds, Stopping threads took: 0.0000194 seconds
179.391: [GC (Allocation Failure)  539397K->218885K(1034240K), 0.0041238 secs]
179.395: Total time for which application threads were stopped: 0.0042941 seconds, Stopping threads took: 0.0000197 seconds
179.464: [GC (Allocation Failure)  539397K->219269K(1033216K), 0.0042976 secs]
179.468: Total time for which application threads were stopped: 0.0044672 seconds, Stopping threads took: 0.0000197 seconds
179.537: [GC (Allocation Failure)  538757K->226887K(1033728K), 0.0041655 secs]
179.542: Total time for which application threads were stopped: 0.0043363 seconds, Stopping threads took: 0.0000195 seconds
179.610: [GC (Allocation Failure)  546375K->226887K(1033728K), 0.0039905 secs]
179.614: Total time for which application threads were stopped: 0.0041669 seconds, Stopping threads took: 0.0000203 seconds
179.680: [GC (Allocation Failure)  546375K->227015K(1033728K), 0.0040809 secs]
179.684: Total time for which application threads were stopped: 0.0042587 seconds, Stopping threads took: 0.0000190 seconds
179.752: [GC (Allocation Failure)  546503K->234954K(1033728K), 0.0041229 secs]
179.756: Total time for which application threads were stopped: 0.0042913 seconds, Stopping threads took: 0.0000196 seconds
179.825: [GC (Allocation Failure)  554442K->234922K(1033728K), 0.0041256 secs]
179.829: Total time for which application threads were stopped: 0.0043159 seconds, Stopping threads took: 0.0000190 seconds
179.898: [GC (Allocation Failure)  554410K->234986K(1033728K), 0.0043912 secs]
179.903: Total time for which application threads were stopped: 0.0045469 seconds, Stopping threads took: 0.0000160 seconds
179.970: [GC (Allocation Failure)  554474K->242956K(1027072K), 0.0042866 secs]
179.974: Total time for which application threads were stopped: 0.0044648 seconds, Stopping threads took: 0.0000200 seconds
180.039: [GC (Allocation Failure)  562443K->239050K(1034240K), 0.0030029 secs]
180.042: Total time for which application threads were stopped: 0.0031593 seconds, Stopping threads took: 0.0000202 seconds
180.112: [GC (Allocation Failure)  558538K->243076K(1033216K), 0.0045560 secs]
180.116: Total time for which application threads were stopped: 0.0047243 seconds, Stopping threads took: 0.0000203 seconds
180.183: [GC (Allocation Failure)  562564K->247076K(1034752K), 0.0042748 secs]
180.188: Total time for which application threads were stopped: 0.0044314 seconds, Stopping threads took: 0.0000195 seconds
180.255: [GC (Allocation Failure)  568612K->240322K(1034752K), 0.0013997 secs]
180.256: Total time for which application threads were stopped: 0.0015284 seconds, Stopping threads took: 0.0000194 seconds
180.323: [GC (Allocation Failure)  561858K->247108K(1034752K), 0.0055318 secs]
180.329: Total time for which application threads were stopped: 0.0056944 seconds, Stopping threads took: 0.0000201 seconds
180.395: [GC (Allocation Failure)  568644K->251220K(1034752K), 0.0051904 secs]
180.400: Total time for which application threads were stopped: 0.0053520 seconds, Stopping threads took: 0.0000200 seconds
180.467: [GC (Allocation Failure)  572756K->245714K(1034752K), 0.0020451 secs]
180.470: Total time for which application threads were stopped: 0.0022207 seconds, Stopping threads took: 0.0000194 seconds
180.540: [GC (Allocation Failure)  567250K->251492K(1034752K), 0.0041525 secs]
180.544: Total time for which application threads were stopped: 0.0043579 seconds, Stopping threads took: 0.0000200 seconds
180.613: [GC (Allocation Failure)  573028K->255364K(1034752K), 0.0045824 secs]
180.618: Total time for which application threads were stopped: 0.0047422 seconds, Stopping threads took: 0.0000195 seconds
180.684: [GC (Allocation Failure)  577852K->251458K(1035264K), 0.0029328 secs]
180.687: Total time for which application threads were stopped: 0.0030895 seconds, Stopping threads took: 0.0000194 seconds
180.757: [GC (Allocation Failure)  574018K->255524K(1036288K), 0.0044513 secs]
180.762: Total time for which application threads were stopped: 0.0046124 seconds, Stopping threads took: 0.0000197 seconds
180.830: [GC (Allocation Failure)  579620K->259492K(1035776K), 0.0041879 secs]
180.834: Total time for which application threads were stopped: 0.0043509 seconds, Stopping threads took: 0.0000191 seconds
180.903: [GC (Allocation Failure)  583588K->259524K(1035776K), 0.0040410 secs]
180.907: Total time for which application threads were stopped: 0.0041906 seconds, Stopping threads took: 0.0000167 seconds
180.976: [GC (Allocation Failure)  583108K->259556K(1023488K), 0.0045786 secs]
180.980: Total time for which application threads were stopped: 0.0047463 seconds, Stopping threads took: 0.0000200 seconds
181.047: [GC (Allocation Failure)  583140K->267526K(1035264K), 0.0045176 secs]
181.052: Total time for which application threads were stopped: 0.0046898 seconds, Stopping threads took: 0.0000199 seconds
181.121: [GC (Allocation Failure)  590086K->267526K(1030144K), 0.0041998 secs]
181.125: Total time for which application threads were stopped: 0.0043723 seconds, Stopping threads took: 0.0000200 seconds
181.193: [GC (Allocation Failure)  590086K->267590K(1034752K), 0.0045812 secs]
181.198: Total time for which application threads were stopped: 0.0047727 seconds, Stopping threads took: 0.0000201 seconds
181.267: [GC (Allocation Failure)  589126K->275560K(1034752K), 0.0044227 secs]
181.271: Total time for which application threads were stopped: 0.0046162 seconds, Stopping threads took: 0.0000199 seconds
181.341: [GC (Allocation Failure)  597096K->275592K(1033728K), 0.0041414 secs]
181.345: Total time for which application threads were stopped: 0.0043249 seconds, Stopping threads took: 0.0000166 seconds
181.414: [GC (Allocation Failure)  596104K->275816K(1034240K), 0.0044160 secs]
181.419: Total time for which application threads were stopped: 0.0045732 seconds, Stopping threads took: 0.0000166 seconds
181.487: [GC (Allocation Failure)  596328K->283627K(1034240K), 0.0100463 secs]
181.497: Total time for which application threads were stopped: 0.0102215 seconds, Stopping threads took: 0.0000198 seconds
181.566: [GC (Allocation Failure)  604139K->283627K(1034240K), 0.0044308 secs]
181.570: Total time for which application threads were stopped: 0.0045985 seconds, Stopping threads took: 0.0000196 seconds
181.638: [GC (Allocation Failure)  604139K->284035K(1033216K), 0.0045329 secs]
181.643: Total time for which application threads were stopped: 0.0046972 seconds, Stopping threads took: 0.0000191 seconds
181.710: [GC (Allocation Failure)  603523K->291653K(1033728K), 0.0042992 secs]
181.715: Total time for which application threads were stopped: 0.0044794 seconds, Stopping threads took: 0.0000196 seconds
181.783: [GC (Allocation Failure)  611141K->291653K(1033728K), 0.0042175 secs]
181.788: Total time for which application threads were stopped: 0.0044160 seconds, Stopping threads took: 0.0000281 seconds
181.854: [GC (Allocation Failure)  611141K->291749K(1033728K), 0.0044917 secs]
181.859: Total time for which application threads were stopped: 0.0046469 seconds, Stopping threads took: 0.0000163 seconds
181.928: [GC (Allocation Failure)  611237K->299655K(1033728K), 0.0042332 secs]
181.933: Total time for which application threads were stopped: 0.0043924 seconds, Stopping threads took: 0.0000194 seconds
181.999: [GC (Allocation Failure)  619143K->299655K(1033728K), 0.0041926 secs]
182.004: Total time for which application threads were stopped: 0.0043575 seconds, Stopping threads took: 0.0000196 seconds
182.070: [GC (Allocation Failure)  619143K->299719K(1033728K), 0.0043700 secs]
182.075: Total time for which application threads were stopped: 0.0045802 seconds, Stopping threads took: 0.0000212 seconds
182.143: [GC (Allocation Failure)  619207K->307689K(1027072K), 0.0043077 secs]
182.147: Total time for which application threads were stopped: 0.0044873 seconds, Stopping threads took: 0.0000206 seconds
182.212: [GC (Allocation Failure)  627177K->303783K(1034240K), 0.0033508 secs]
182.216: Total time for which application threads were stopped: 0.0035093 seconds, Stopping threads took: 0.0000193 seconds
182.284: [GC (Allocation Failure)  623271K->307849K(1033216K), 0.0046185 secs]
182.289: Total time for which application threads were stopped: 0.0048062 seconds, Stopping threads took: 0.0000264 seconds
182.356: [GC (Allocation Failure)  627337K->311849K(1034752K), 0.0041835 secs]
182.360: Total time for which application threads were stopped: 0.0043543 seconds, Stopping threads took: 0.0000194 seconds
182.428: [GC (Allocation Failure)  633385K->305063K(1034752K), 0.0017066 secs]
182.430: Total time for which application threads were stopped: 0.0018503 seconds, Stopping threads took: 0.0000200 seconds
182.500: [GC (Allocation Failure)  626599K->311873K(1034752K), 0.0053714 secs]
182.505: Total time for which application threads were stopped: 0.0055710 seconds, Stopping threads took: 0.0000260 seconds
182.571: [GC (Allocation Failure)  633409K->315985K(1034752K), 0.0053951 secs]
182.577: Total time for which application threads were stopped: 0.0055633 seconds, Stopping threads took: 0.0000193 seconds
182.642: [GC (Allocation Failure)  637521K->310415K(1034752K), 0.0022490 secs]
182.645: Total time for which application threads were stopped: 0.0023953 seconds, Stopping threads took: 0.0000196 seconds
182.712: [GC (Allocation Failure)  631951K->316257K(1034752K), 0.0043457 secs]
182.716: Total time for which application threads were stopped: 0.0045207 seconds, Stopping threads took: 0.0000188 seconds
182.785: [GC (Allocation Failure)  637793K->320129K(1035264K), 0.0047549 secs]
182.790: Total time for which application threads were stopped: 0.0049141 seconds, Stopping threads took: 0.0000194 seconds
182.857: [GC (Allocation Failure)  642618K->316191K(1035264K), 0.0030241 secs]
182.860: Total time for which application threads were stopped: 0.0031889 seconds, Stopping threads took: 0.0000198 seconds
182.928: [GC (Allocation Failure)  638751K->320265K(1036288K), 0.0045116 secs]
182.932: Total time for which application threads were stopped: 0.0047321 seconds, Stopping threads took: 0.0000191 seconds
183.002: [GC (Allocation Failure)  644361K->324265K(1035776K), 0.0042200 secs]
183.006: Total time for which application threads were stopped: 0.0043775 seconds, Stopping threads took: 0.0000200 seconds
183.077: [GC (Allocation Failure)  648361K->324265K(1035776K), 0.0043247 secs]
183.081: Total time for which application threads were stopped: 0.0044817 seconds, Stopping threads took: 0.0000175 seconds
183.149: [GC (Allocation Failure)  647849K->324297K(1023488K), 0.0047375 secs]
183.154: Total time for which application threads were stopped: 0.0049085 seconds, Stopping threads took: 0.0000206 seconds
183.221: [GC (Allocation Failure)  647881K->332300K(1035264K), 0.0046815 secs]
183.225: Total time for which application threads were stopped: 0.0048575 seconds, Stopping threads took: 0.0000201 seconds
183.293: [GC (Allocation Failure)  654860K->332268K(1030144K), 0.0042813 secs]
183.298: Total time for which application threads were stopped: 0.0044568 seconds, Stopping threads took: 0.0000266 seconds
183.367: [GC (Allocation Failure)  654828K->332332K(1034752K), 0.0046960 secs]
183.371: Total time for which application threads were stopped: 0.0048754 seconds, Stopping threads took: 0.0000206 seconds
183.439: [GC (Allocation Failure)  653868K->340270K(1029120K), 0.0046418 secs]
183.443: Total time for which application threads were stopped: 0.0048217 seconds, Stopping threads took: 0.0000197 seconds
183.512: [GC (Allocation Failure)  661806K->340302K(1034240K), 0.0051357 secs]
183.517: Total time for which application threads were stopped: 0.0053110 seconds, Stopping threads took: 0.0000250 seconds
183.584: [GC (Allocation Failure)  660814K->340534K(1034240K), 0.0046160 secs]
183.589: Total time for which application threads were stopped: 0.0048004 seconds, Stopping threads took: 0.0000358 seconds
183.656: [GC (Allocation Failure)  661046K->348376K(1034240K), 0.0041925 secs]
183.660: Total time for which application threads were stopped: 0.0043953 seconds, Stopping threads took: 0.0000190 seconds
183.731: [GC (Allocation Failure)  668888K->348344K(1034240K), 0.0044184 secs]
183.735: Total time for which application threads were stopped: 0.0045910 seconds, Stopping threads took: 0.0000254 seconds
183.802: [GC (Allocation Failure)  668856K->348760K(1033216K), 0.0046434 secs]
183.807: Total time for which application threads were stopped: 0.0048099 seconds, Stopping threads took: 0.0000188 seconds
183.875: [GC (Allocation Failure)  668248K->356411K(1033728K), 0.0042915 secs]
183.879: Total time for which application threads were stopped: 0.0044531 seconds, Stopping threads took: 0.0000196 seconds
183.948: [GC (Allocation Failure)  675899K->356411K(1033728K), 0.0044524 secs]
183.953: Total time for which application threads were stopped: 0.0046134 seconds, Stopping threads took: 0.0000201 seconds
184.018: [GC (Allocation Failure)  675899K->356507K(1033728K), 0.0046588 secs]
184.023: Total time for which application threads were stopped: 0.0048238 seconds, Stopping threads took: 0.0000204 seconds
184.091: [GC (Allocation Failure)  675995K->364413K(1033728K), 0.0042540 secs]
184.095: Total time for which application threads were stopped: 0.0044254 seconds, Stopping threads took: 0.0000203 seconds
184.162: [GC (Allocation Failure)  683901K->364381K(1033728K), 0.0044566 secs]
184.167: Total time for which application threads were stopped: 0.0046347 seconds, Stopping threads took: 0.0000195 seconds
184.235: [GC (Allocation Failure)  683869K->364477K(1033728K), 0.0045655 secs]
184.240: Total time for which application threads were stopped: 0.0047347 seconds, Stopping threads took: 0.0000259 seconds
184.306: [GC (Allocation Failure)  683965K->372479K(1027072K), 0.0046572 secs]
184.311: Total time for which application threads were stopped: 0.0048241 seconds, Stopping threads took: 0.0000193 seconds
184.376: [GC (Allocation Failure)  691967K->368541K(1034240K), 0.0034474 secs]
184.380: Total time for which application threads were stopped: 0.0036049 seconds, Stopping threads took: 0.0000192 seconds
184.447: [GC (Allocation Failure)  688029K->372607K(1033216K), 0.0047367 secs]
184.452: Total time for which application threads were stopped: 0.0049068 seconds, Stopping threads took: 0.0000287 seconds
184.520: [GC (Allocation Failure)  692095K->376607K(1034752K), 0.0044920 secs]
184.525: Total time for which application threads were stopped: 0.0046575 seconds, Stopping threads took: 0.0000196 seconds
184.591: [GC (Allocation Failure)  698143K->369821K(1034752K), 0.0019111 secs]
184.593: Total time for which application threads were stopped: 0.0020428 seconds, Stopping threads took: 0.0000190 seconds
184.662: [GC (Allocation Failure)  691357K->376679K(1034752K), 0.0051040 secs]
184.667: Total time for which application threads were stopped: 0.0052713 seconds, Stopping threads took: 0.0000190 seconds
184.733: [GC (Allocation Failure)  698215K->380759K(1034752K), 0.0054366 secs]
184.738: Total time for which application threads were stopped: 0.0056032 seconds, Stopping threads took: 0.0000253 seconds
184.804: [GC (Allocation Failure)  702295K->375157K(1034752K), 0.0023991 secs]
184.806: Total time for which application threads were stopped: 0.0025556 seconds, Stopping threads took: 0.0000194 seconds
184.873: [GC (Allocation Failure)  696693K->380999K(1034752K), 0.0046352 secs]
184.878: Total time for which application threads were stopped: 0.0048236 seconds, Stopping threads took: 0.0000198 seconds
184.947: [GC (Allocation Failure)  702535K->384871K(1035264K), 0.0046829 secs]
184.951: Total time for which application threads were stopped: 0.0048670 seconds, Stopping threads took: 0.0000169 seconds
185.020: [GC (Allocation Failure)  707359K->380997K(1035264K), 0.0031436 secs]
185.023: Total time for which application threads were stopped: 0.0033035 seconds, Stopping threads took: 0.0000193 seconds
185.092: [GC (Allocation Failure)  703557K->385039K(1036288K), 0.0047791 secs]
185.097: Total time for which application threads were stopped: 0.0049516 seconds, Stopping threads took: 0.0000203 seconds
185.164: [GC (Allocation Failure)  709135K->389039K(1035776K), 0.0043241 secs]
185.169: Total time for which application threads were stopped: 0.0045183 seconds, Stopping threads took: 0.0000201 seconds
185.240: [GC (Allocation Failure)  713135K->389039K(1035776K), 0.0043719 secs]
185.244: Total time for which application threads were stopped: 0.0045372 seconds, Stopping threads took: 0.0000163 seconds
185.312: [GC (Allocation Failure)  712623K->389063K(1023488K), 0.0046704 secs]
185.317: Total time for which application threads were stopped: 0.0048415 seconds, Stopping threads took: 0.0000220 seconds
185.385: [GC (Allocation Failure)  712647K->397065K(1035264K), 0.0046500 secs]
185.390: Total time for which application threads were stopped: 0.0048446 seconds, Stopping threads took: 0.0000205 seconds
185.459: [GC (Allocation Failure)  719625K->397033K(1030144K), 0.0043349 secs]
185.463: Total time for which application threads were stopped: 0.0045194 seconds, Stopping threads took: 0.0000170 seconds
185.533: [GC (Allocation Failure)  719593K->397097K(1034752K), 0.0047183 secs]
185.538: Total time for which application threads were stopped: 0.0048803 seconds, Stopping threads took: 0.0000204 seconds
185.606: [GC (Allocation Failure)  718633K->405068K(1029120K), 0.0046855 secs]
185.611: Total time for which application threads were stopped: 0.0048661 seconds, Stopping threads took: 0.0000199 seconds
185.679: [GC (Allocation Failure)  726604K->405068K(1034240K), 0.0043725 secs]
185.683: Total time for which application threads were stopped: 0.0045655 seconds, Stopping threads took: 0.0000199 seconds
185.752: [GC (Allocation Failure)  725580K->405292K(1034240K), 0.0046111 secs]
185.757: Total time for which application threads were stopped: 0.0047813 seconds, Stopping threads took: 0.0000251 seconds
185.826: [GC (Allocation Failure)  725804K->413102K(1034240K), 0.0044718 secs]
185.831: Total time for which application threads were stopped: 0.0046322 seconds, Stopping threads took: 0.0000192 seconds
185.899: [GC (Allocation Failure)  733614K->413102K(1034240K), 0.0044219 secs]
185.903: Total time for which application threads were stopped: 0.0045711 seconds, Stopping threads took: 0.0000199 seconds
185.971: [GC (Allocation Failure)  733614K->413542K(1033216K), 0.0045865 secs]
185.976: Total time for which application threads were stopped: 0.0047656 seconds, Stopping threads took: 0.0000159 seconds
186.046: [GC (Allocation Failure)  733030K->421128K(1033728K), 0.0044951 secs]
186.050: Total time for which application threads were stopped: 0.0046720 seconds, Stopping threads took: 0.0000197 seconds
186.118: [GC (Allocation Failure)  740616K->421128K(1033728K), 0.0047359 secs]
186.123: Total time for which application threads were stopped: 0.0049046 seconds, Stopping threads took: 0.0000199 seconds
186.188: [GC (Allocation Failure)  740616K->421256K(1033728K), 0.0047409 secs]
186.193: Total time for which application threads were stopped: 0.0049095 seconds, Stopping threads took: 0.0000193 seconds
186.261: [GC (Allocation Failure)  740744K->429194K(1033728K), 0.0044332 secs]
186.266: Total time for which application threads were stopped: 0.0045957 seconds, Stopping threads took: 0.0000259 seconds
186.335: [GC (Allocation Failure)  748682K->429162K(1033728K), 0.0044086 secs]
186.339: Total time for which application threads were stopped: 0.0045566 seconds, Stopping threads took: 0.0000160 seconds
186.406: [GC (Allocation Failure)  748650K->429218K(1033728K), 0.0048350 secs]
186.411: Total time for which application threads were stopped: 0.0050112 seconds, Stopping threads took: 0.0000192 seconds
186.479: [GC (Allocation Failure)  748706K->437189K(1027072K), 0.0046346 secs]
186.483: Total time for which application threads were stopped: 0.0048054 seconds, Stopping threads took: 0.0000206 seconds
186.550: [GC (Allocation Failure)  756676K->433282K(1034240K), 0.0034916 secs]
186.553: Total time for which application threads were stopped: 0.0036595 seconds, Stopping threads took: 0.0000196 seconds
186.621: [GC (Allocation Failure)  752770K->437341K(1033216K), 0.0048395 secs]
186.626: Total time for which application threads were stopped: 0.0050064 seconds, Stopping threads took: 0.0000204 seconds
186.694: [GC (Allocation Failure)  756829K->441309K(1034752K), 0.0045623 secs]
186.699: Total time for which application threads were stopped: 0.0047235 seconds, Stopping threads took: 0.0000199 seconds
186.766: [GC (Allocation Failure)  762845K->434554K(1034752K), 0.0019079 secs]
186.768: Total time for which application threads were stopped: 0.0020423 seconds, Stopping threads took: 0.0000191 seconds
186.836: [GC (Allocation Failure)  756090K->441373K(1034752K), 0.0074870 secs]
186.843: Total time for which application threads were stopped: 0.0076852 seconds, Stopping threads took: 0.0000208 seconds
186.909: [GC (Allocation Failure)  762909K->445421K(1034752K), 0.0054317 secs]
186.915: Total time for which application threads were stopped: 0.0056080 seconds, Stopping threads took: 0.0000200 seconds
186.982: [GC (Allocation Failure)  766957K->439914K(1034752K), 0.0025939 secs]
186.984: Total time for which application threads were stopped: 0.0027491 seconds, Stopping threads took: 0.0000196 seconds
187.052: [GC (Allocation Failure)  761450K->445725K(1034752K), 0.0047449 secs]
187.057: Total time for which application threads were stopped: 0.0049127 seconds, Stopping threads took: 0.0000200 seconds
187.124: [GC (Allocation Failure)  767261K->449629K(1034752K), 0.0050704 secs]
187.129: Total time for which application threads were stopped: 0.0052475 seconds, Stopping threads took: 0.0000204 seconds
187.195: [GC (Allocation Failure)  772117K->445690K(1035264K), 0.0033163 secs]
187.199: Total time for which application threads were stopped: 0.0034781 seconds, Stopping threads took: 0.0000205 seconds
187.267: [GC (Allocation Failure)  768250K->449757K(1036288K), 0.0048725 secs]
187.272: Total time for which application threads were stopped: 0.0050470 seconds, Stopping threads took: 0.0000215 seconds
187.341: [GC (Allocation Failure)  773853K->453725K(1035776K), 0.0045584 secs]
187.346: Total time for which application threads were stopped: 0.0047190 seconds, Stopping threads took: 0.0000197 seconds
187.415: [GC (Allocation Failure)  777821K->453725K(1035776K), 0.0044277 secs]
187.419: Total time for which application threads were stopped: 0.0045976 seconds, Stopping threads took: 0.0000211 seconds
187.487: [GC (Allocation Failure)  777309K->453781K(1023488K), 0.0099166 secs]
187.497: Total time for which application threads were stopped: 0.0101064 seconds, Stopping threads took: 0.0000198 seconds
187.565: [GC (Allocation Failure)  777365K->461751K(1035264K), 0.0045350 secs]
187.569: Total time for which application threads were stopped: 0.0047278 seconds, Stopping threads took: 0.0000194 seconds
187.638: [GC (Allocation Failure)  784311K->461719K(1030144K), 0.0058856 secs]
187.644: Total time for which application threads were stopped: 0.0060522 seconds, Stopping threads took: 0.0000198 seconds
187.712: [GC (Allocation Failure)  784279K->461815K(1034752K), 0.0047988 secs]
187.717: Total time for which application threads were stopped: 0.0049658 seconds, Stopping threads took: 0.0000190 seconds
187.787: [GC (Allocation Failure)  783351K->469817K(1034752K), 0.0047266 secs]
187.792: Total time for which application threads were stopped: 0.0048942 seconds, Stopping threads took: 0.0000276 seconds
187.860: [GC (Allocation Failure)  791353K->469817K(1033728K), 0.0045121 secs]
187.865: Total time for which application threads were stopped: 0.0046716 seconds, Stopping threads took: 0.0000191 seconds
187.932: [GC (Allocation Failure)  790329K->470041K(1034240K), 0.0048956 secs]
187.937: Total time for which application threads were stopped: 0.0050740 seconds, Stopping threads took: 0.0000196 seconds
188.007: [GC (Allocation Failure)  790553K->477819K(1034240K), 0.0046028 secs]
188.012: Total time for which application threads were stopped: 0.0047758 seconds, Stopping threads took: 0.0000198 seconds
188.081: [GC (Allocation Failure)  798331K->477851K(1034240K), 0.0046429 secs]
188.086: Total time for which application threads were stopped: 0.0048151 seconds, Stopping threads took: 0.0000195 seconds
188.153: [GC (Allocation Failure)  798363K->478235K(1033216K), 0.0047899 secs]
188.158: Total time for which application threads were stopped: 0.0049695 seconds, Stopping threads took: 0.0000196 seconds
188.226: [GC (Allocation Failure)  797723K->485854K(1033728K), 0.0102990 secs]
188.236: Total time for which application threads were stopped: 0.0104827 seconds, Stopping threads took: 0.0000198 seconds
188.305: [GC (Allocation Failure)  805342K->485886K(1033728K), 0.0046609 secs]
188.310: Total time for which application threads were stopped: 0.0048493 seconds, Stopping threads took: 0.0000195 seconds
188.376: [GC (Allocation Failure)  805374K->486022K(1033728K), 0.0047611 secs]
188.381: Total time for which application threads were stopped: 0.0049304 seconds, Stopping threads took: 0.0000196 seconds
188.449: [GC (Allocation Failure)  805510K->493896K(1033728K), 0.0045895 secs]
188.453: Total time for which application threads were stopped: 0.0047647 seconds, Stopping threads took: 0.0000277 seconds
188.521: [GC (Allocation Failure)  813384K->493896K(1033728K), 0.0046715 secs]
188.526: Total time for which application threads were stopped: 0.0048565 seconds, Stopping threads took: 0.0000268 seconds
188.592: [GC (Allocation Failure)  813384K->493960K(1033728K), 0.0046628 secs]
188.597: Total time for which application threads were stopped: 0.0048544 seconds, Stopping threads took: 0.0000194 seconds
188.666: [GC (Allocation Failure)  813448K->501962K(1027072K), 0.0047882 secs]
188.670: Total time for which application threads were stopped: 0.0049410 seconds, Stopping threads took: 0.0000178 seconds
188.736: [GC (Allocation Failure)  821450K->498056K(1034240K), 0.0036615 secs]
188.739: Total time for which application threads were stopped: 0.0038324 seconds, Stopping threads took: 0.0000276 seconds
188.809: [GC (Allocation Failure)  817544K->502090K(1033216K), 0.0047425 secs]
188.814: Total time for which application threads were stopped: 0.0049084 seconds, Stopping threads took: 0.0000203 seconds
188.882: [GC (Allocation Failure)  821578K->506090K(1034752K), 0.0046107 secs]
188.886: Total time for which application threads were stopped: 0.0048111 seconds, Stopping threads took: 0.0000199 seconds
188.955: [GC (Allocation Failure)  827626K->499304K(1034752K), 0.0018786 secs]
188.957: Total time for which application threads were stopped: 0.0020127 seconds, Stopping threads took: 0.0000169 seconds
189.024: [GC (Allocation Failure)  820840K->506098K(1034752K), 0.0046270 secs]
189.029: Total time for which application threads were stopped: 0.0047992 seconds, Stopping threads took: 0.0000198 seconds
189.097: [GC (Allocation Failure)  827634K->510202K(1034752K), 0.0055465 secs]
189.103: Total time for which application threads were stopped: 0.0057413 seconds, Stopping threads took: 0.0000204 seconds
189.170: [GC (Allocation Failure)  831738K->504632K(1034752K), 0.0028219 secs]
189.173: Total time for which application threads were stopped: 0.0029826 seconds, Stopping threads took: 0.0000193 seconds
189.242: [GC (Allocation Failure)  826168K->510442K(1034752K), 0.0045939 secs]
189.246: Total time for which application threads were stopped: 0.0047597 seconds, Stopping threads took: 0.0000257 seconds
189.314: [GC (Allocation Failure)  831978K->514346K(1034752K), 0.0049506 secs]
189.319: Total time for which application threads were stopped: 0.0051451 seconds, Stopping threads took: 0.0000200 seconds
189.387: [GC (Allocation Failure)  836835K->510472K(1035264K), 0.0036699 secs]
189.390: Total time for which application threads were stopped: 0.0038191 seconds, Stopping threads took: 0.0000168 seconds
189.458: [GC (Allocation Failure)  833032K->514498K(1036288K), 0.0047708 secs]
189.463: Total time for which application threads were stopped: 0.0049416 seconds, Stopping threads took: 0.0000198 seconds
189.534: [GC (Allocation Failure)  838594K->518498K(1035776K), 0.0046015 secs]
189.539: Total time for which application threads were stopped: 0.0047642 seconds, Stopping threads took: 0.0000204 seconds
189.608: [GC (Allocation Failure)  842594K->518466K(1035776K), 0.0045570 secs]
189.612: Total time for which application threads were stopped: 0.0047466 seconds, Stopping threads took: 0.0000195 seconds
189.681: [GC (Allocation Failure)  842050K->518538K(1023488K), 0.0050211 secs]
189.686: Total time for which application threads were stopped: 0.0051925 seconds, Stopping threads took: 0.0000203 seconds
189.753: [GC (Allocation Failure)  842122K->526509K(1035264K), 0.0046538 secs]
189.758: Total time for which application threads were stopped: 0.0048285 seconds, Stopping threads took: 0.0000268 seconds
189.826: [GC (Allocation Failure)  849069K->526509K(1030144K), 0.0047384 secs]
189.831: Total time for which application threads were stopped: 0.0049012 seconds, Stopping threads took: 0.0000200 seconds
189.899: [GC (Allocation Failure)  849069K->526533K(1034752K), 0.0048357 secs]
189.904: Total time for which application threads were stopped: 0.0049991 seconds, Stopping threads took: 0.0000200 seconds
189.972: [GC (Allocation Failure)  848069K->534567K(1029120K), 0.0048424 secs]
189.977: Total time for which application threads were stopped: 0.0050056 seconds, Stopping threads took: 0.0000193 seconds
190.045: [GC (Allocation Failure)  856103K->534567K(1034240K), 0.0046164 secs]
190.050: Total time for which application threads were stopped: 0.0047958 seconds, Stopping threads took: 0.0000190 seconds
190.117: [GC (Allocation Failure)  855079K->534783K(1034240K), 0.0064398 secs]
190.123: Total time for which application threads were stopped: 0.0065992 seconds, Stopping threads took: 0.0000194 seconds
190.191: [GC (Allocation Failure)  855295K->542529K(1034240K), 0.0048057 secs]
190.196: Total time for which application threads were stopped: 0.0049700 seconds, Stopping threads took: 0.0000187 seconds
190.264: [GC (Allocation Failure)  863041K->542561K(1034240K), 0.0047721 secs]
190.269: Total time for which application threads were stopped: 0.0049586 seconds, Stopping threads took: 0.0000277 seconds
190.336: [GC (Allocation Failure)  863073K->542985K(1033216K), 0.0047658 secs]
190.341: Total time for which application threads were stopped: 0.0050865 seconds, Stopping threads took: 0.0000190 seconds
190.411: [GC (Allocation Failure)  862473K->550603K(1033728K), 0.0047304 secs]
190.415: Total time for which application threads were stopped: 0.0048806 seconds, Stopping threads took: 0.0000170 seconds
190.483: [GC (Allocation Failure)  870091K->550571K(1033728K), 0.0048952 secs]
190.488: Total time for which application threads were stopped: 0.0050715 seconds, Stopping threads took: 0.0000192 seconds
190.555: [GC (Allocation Failure)  870059K->550755K(1033728K), 0.0051565 secs]
190.560: Total time for which application threads were stopped: 0.0053249 seconds, Stopping threads took: 0.0000197 seconds
190.627: [GC (Allocation Failure)  870243K->558662K(1033728K), 0.0046011 secs]
190.632: Total time for which application threads were stopped: 0.0047727 seconds, Stopping threads took: 0.0000199 seconds
190.699: [GC (Allocation Failure)  878150K->558630K(1033728K), 0.0049057 secs]
190.704: Total time for which application threads were stopped: 0.0050973 seconds, Stopping threads took: 0.0000196 seconds
190.772: [GC (Allocation Failure)  878118K->558686K(1033728K), 0.0048566 secs]
190.777: Total time for which application threads were stopped: 0.0050271 seconds, Stopping threads took: 0.0000248 seconds
190.844: [GC (Allocation Failure)  878174K->566656K(1027072K), 0.0050291 secs]
190.849: Total time for which application threads were stopped: 0.0052234 seconds, Stopping threads took: 0.0000212 seconds
190.916: [GC (Allocation Failure)  886143K->562750K(1034240K), 0.0038244 secs]
190.920: Total time for which application threads were stopped: 0.0039800 seconds, Stopping threads took: 0.0000255 seconds
190.988: [GC (Allocation Failure)  882238K->566816K(1033216K), 0.0050384 secs]
190.993: Total time for which application threads were stopped: 0.0052273 seconds, Stopping threads took: 0.0000222 seconds
191.062: [GC (Allocation Failure)  886304K->570752K(1034752K), 0.0048458 secs]
191.067: Total time for which application threads were stopped: 0.0050166 seconds, Stopping threads took: 0.0000198 seconds
191.135: [GC (Allocation Failure)  892288K->563998K(1034752K), 0.0021419 secs]
191.137: Total time for which application threads were stopped: 0.0022882 seconds, Stopping threads took: 0.0000198 seconds
191.204: [GC (Allocation Failure)  885534K->570848K(1034752K), 0.0047222 secs]
191.209: Total time for which application threads were stopped: 0.0049093 seconds, Stopping threads took: 0.0000206 seconds
191.275: [GC (Allocation Failure)  892384K->574928K(1034752K), 0.0056960 secs]
191.281: Total time for which application threads were stopped: 0.0058547 seconds, Stopping threads took: 0.0000265 seconds
191.346: [GC (Allocation Failure)  896464K->569358K(1034752K), 0.0027510 secs]
191.349: Total time for which application threads were stopped: 0.0029019 seconds, Stopping threads took: 0.0000191 seconds
191.416: [GC (Allocation Failure)  890894K->575200K(1034752K), 0.0049265 secs]
191.421: Total time for which application threads were stopped: 0.0051326 seconds, Stopping threads took: 0.0000197 seconds
191.490: [GC (Allocation Failure)  896736K->579064K(1034752K), 0.0084858 secs]
191.499: Total time for which application threads were stopped: 0.0086607 seconds, Stopping threads took: 0.0000278 seconds
191.566: [GC (Allocation Failure)  901552K->575158K(1035264K), 0.0037553 secs]
191.570: Total time for which application threads were stopped: 0.0039463 seconds, Stopping threads took: 0.0000201 seconds
191.639: [GC (Allocation Failure)  897718K->579232K(1036288K), 0.0049539 secs]
191.644: Total time for which application threads were stopped: 0.0051236 seconds, Stopping threads took: 0.0000219 seconds
191.712: [GC (Allocation Failure)  903328K->583232K(1035776K), 0.0047675 secs]
191.717: Total time for which application threads were stopped: 0.0049394 seconds, Stopping threads took: 0.0000198 seconds
191.788: [GC (Allocation Failure)  907328K->583200K(1035776K), 0.0047788 secs]
191.792: Total time for which application threads were stopped: 0.0049361 seconds, Stopping threads took: 0.0000274 seconds
191.861: [GC (Allocation Failure)  906784K->583272K(1023488K), 0.0047119 secs]
191.866: Total time for which application threads were stopped: 0.0048606 seconds, Stopping threads took: 0.0000161 seconds
191.934: [GC (Allocation Failure)  906856K->591242K(1035264K), 0.0049716 secs]
191.939: Total time for which application threads were stopped: 0.0051334 seconds, Stopping threads took: 0.0000198 seconds
192.008: [GC (Allocation Failure)  913802K->591242K(1030144K), 0.0048005 secs]
192.013: Total time for which application threads were stopped: 0.0049766 seconds, Stopping threads took: 0.0000215 seconds
192.081: [GC (Allocation Failure)  913802K->591298K(1034752K), 0.0050815 secs]
192.086: Total time for which application threads were stopped: 0.0052446 seconds, Stopping threads took: 0.0000205 seconds
192.154: [GC (Allocation Failure)  912834K->599300K(1029120K), 0.0048890 secs]
192.159: Total time for which application threads were stopped: 0.0050492 seconds, Stopping threads took: 0.0000201 seconds
192.228: [GC (Allocation Failure)  920836K->599268K(1034240K), 0.0049672 secs]
192.233: Total time for which application threads were stopped: 0.0051580 seconds, Stopping threads took: 0.0000209 seconds
192.300: [GC (Allocation Failure)  919780K->599524K(1034240K), 0.0064667 secs]
192.306: Total time for which application threads were stopped: 0.0066153 seconds, Stopping threads took: 0.0000167 seconds
192.375: [GC (Allocation Failure)  920036K->607335K(1034240K), 0.0046564 secs]
192.380: Total time for which application threads were stopped: 0.0048473 seconds, Stopping threads took: 0.0000201 seconds
192.449: [GC (Allocation Failure)  927847K->607303K(1034240K), 0.0050344 secs]
192.454: Total time for which application threads were stopped: 0.0052410 seconds, Stopping threads took: 0.0000186 seconds
192.523: [GC (Allocation Failure)  927815K->607711K(1033216K), 0.0049307 secs]
192.528: Total time for which application threads were stopped: 0.0050986 seconds, Stopping threads took: 0.0000196 seconds
192.595: [GC (Allocation Failure)  927199K->615329K(1033728K), 0.0048790 secs]
192.600: Total time for which application threads were stopped: 0.0050486 seconds, Stopping threads took: 0.0000196 seconds
192.670: [GC (Allocation Failure)  934817K->615329K(1033728K), 0.0047444 secs]
192.675: Total time for which application threads were stopped: 0.0049080 seconds, Stopping threads took: 0.0000192 seconds
192.740: [GC (Allocation Failure)  934817K->615465K(1033728K), 0.0048467 secs]
192.745: Total time for which application threads were stopped: 0.0050155 seconds, Stopping threads took: 0.0000275 seconds
192.813: [GC (Allocation Failure)  934953K->623403K(1033728K), 0.0048959 secs]
192.818: Total time for which application threads were stopped: 0.0050724 seconds, Stopping threads took: 0.0000193 seconds
192.885: [GC (Allocation Failure)  942891K->623371K(1033728K), 0.0049445 secs]
192.890: Total time for which application threads were stopped: 0.0051060 seconds, Stopping threads took: 0.0000200 seconds
192.958: [GC (Allocation Failure)  942859K->623427K(1033728K), 0.0050927 secs]
192.964: Total time for which application threads were stopped: 0.0052862 seconds, Stopping threads took: 0.0000191 seconds
193.032: [GC (Allocation Failure)  942915K->631397K(1027072K), 0.0049478 secs]
193.037: Total time for which application threads were stopped: 0.0051322 seconds, Stopping threads took: 0.0000417 seconds
193.102: [GC (Allocation Failure)  950885K->627491K(1034240K), 0.0039497 secs]
193.106: Total time for which application threads were stopped: 0.0041080 seconds, Stopping threads took: 0.0000194 seconds
193.173: [GC (Allocation Failure)  946979K->631557K(1033216K), 0.0052884 secs]
193.179: Total time for which application threads were stopped: 0.0054577 seconds, Stopping threads took: 0.0000199 seconds
193.246: [GC (Allocation Failure)  951045K->635525K(1034752K), 0.0047584 secs]
193.251: Total time for which application threads were stopped: 0.0049213 seconds, Stopping threads took: 0.0000197 seconds
193.320: [GC (Allocation Failure)  957061K->628771K(1034752K), 0.0022585 secs]
193.322: Total time for which application threads were stopped: 0.0024070 seconds, Stopping threads took: 0.0000177 seconds
193.389: [GC (Allocation Failure)  950307K->635581K(1034752K), 0.0047236 secs]
193.394: Total time for which application threads were stopped: 0.0048983 seconds, Stopping threads took: 0.0000200 seconds
193.459: [GC (Allocation Failure)  957117K->639661K(1034752K), 0.0058648 secs]
193.465: Total time for which application threads were stopped: 0.0060276 seconds, Stopping threads took: 0.0000205 seconds
193.532: [GC (Allocation Failure)  961197K->634091K(1034752K), 0.0030631 secs]
193.535: Total time for which application threads were stopped: 0.0032153 seconds, Stopping threads took: 0.0000168 seconds
193.602: [GC (Allocation Failure)  955627K->639901K(1034752K), 0.0050857 secs]
193.607: Total time for which application threads were stopped: 0.0052757 seconds, Stopping threads took: 0.0000193 seconds
193.676: [GC (Allocation Failure)  961437K->643805K(1034752K), 0.0052356 secs]
193.681: Total time for which application threads were stopped: 0.0054156 seconds, Stopping threads took: 0.0000172 seconds
193.750: [GC (Allocation Failure)  966294K->639899K(1035264K), 0.0036457 secs]
193.754: Total time for which application threads were stopped: 0.0038076 seconds, Stopping threads took: 0.0000254 seconds
193.824: [GC (Allocation Failure)  962459K->643965K(1036288K), 0.0051364 secs]
193.829: Total time for which application threads were stopped: 0.0053154 seconds, Stopping threads took: 0.0000168 seconds
193.898: [GC (Allocation Failure)  968061K->647933K(1035776K), 0.0049379 secs]
193.903: Total time for which application threads were stopped: 0.0051142 seconds, Stopping threads took: 0.0000278 seconds
193.972: [GC (Allocation Failure)  972029K->647933K(1035776K), 0.0048531 secs]
193.976: Total time for which application threads were stopped: 0.0050125 seconds, Stopping threads took: 0.0000202 seconds
194.044: [GC (Allocation Failure)  971517K->648005K(1023488K), 0.0050413 secs]
194.049: Total time for which application threads were stopped: 0.0052093 seconds, Stopping threads took: 0.0000192 seconds
194.115: [GC (Allocation Failure)  971589K->655976K(1035264K), 0.0049047 secs]
194.120: Total time for which application threads were stopped: 0.0050651 seconds, Stopping threads took: 0.0000193 seconds
194.188: [GC (Allocation Failure)  978536K->655976K(1030144K), 0.0047162 secs]
194.193: Total time for which application threads were stopped: 0.0049066 seconds, Stopping threads took: 0.0000202 seconds
194.260: [GC (Allocation Failure)  978536K->656040K(1034752K), 0.0064874 secs]
194.267: Total time for which application threads were stopped: 0.0066633 seconds, Stopping threads took: 0.0000267 seconds
194.334: [GC (Allocation Failure)  977576K->664042K(1034752K), 0.0053027 secs]
194.340: Total time for which application threads were stopped: 0.0054784 seconds, Stopping threads took: 0.0000247 seconds
194.409: [GC (Allocation Failure)  985578K->664042K(1033728K), 0.0048751 secs]
194.414: Total time for which application threads were stopped: 0.0050710 seconds, Stopping threads took: 0.0000204 seconds
194.482: [GC (Allocation Failure)  984554K->664266K(1034240K), 0.0052512 secs]
194.488: Total time for which application threads were stopped: 0.0054120 seconds, Stopping threads took: 0.0000193 seconds
194.556: [GC (Allocation Failure)  984778K->672044K(1034240K), 0.0050267 secs]
194.561: Total time for which application threads were stopped: 0.0051872 seconds, Stopping threads took: 0.0000197 seconds
194.629: [GC (Allocation Failure)  992556K->672044K(1034240K), 0.0051198 secs]
194.634: Total time for which application threads were stopped: 0.0052872 seconds, Stopping threads took: 0.0000188 seconds
194.701: [GC (Allocation Failure)  992556K->672484K(1033216K), 0.0051076 secs]
194.706: Total time for which application threads were stopped: 0.0052954 seconds, Stopping threads took: 0.0000199 seconds
194.776: [GC (Allocation Failure)  991972K->680071K(1033728K), 0.0049209 secs]
194.781: Total time for which application threads were stopped: 0.0050772 seconds, Stopping threads took: 0.0000251 seconds
194.848: [GC (Allocation Failure)  999559K->680039K(1033728K), 0.0049063 secs]
194.853: Total time for which application threads were stopped: 0.0050672 seconds, Stopping threads took: 0.0000200 seconds
194.918: [GC (Allocation Failure)  999527K->680199K(1033728K), 0.0051504 secs]
194.923: Total time for which application threads were stopped: 0.0053097 seconds, Stopping threads took: 0.0000192 seconds
194.990: [GC (Allocation Failure)  999687K->688137K(1033728K), 0.0049935 secs]
194.996: Total time for which application threads were stopped: 0.0051583 seconds, Stopping threads took: 0.0000196 seconds
195.063: [GC (Allocation Failure)  1007625K->688105K(1033728K), 0.0051389 secs]
195.068: Total time for which application threads were stopped: 0.0053280 seconds, Stopping threads took: 0.0000198 seconds
195.135: [GC (Allocation Failure)  1007593K->688137K(1033728K), 0.0049305 secs]
195.140: [Full GC (Ergonomics)  688137K->8540K(1033728K), 0.0118939 secs]
195.152: Total time for which application threads were stopped: 0.0171145 seconds, Stopping threads took: 0.0000204 seconds
195.219: [GC (Allocation Failure)  328028K->16703K(1027072K), 0.0040780 secs]
195.223: Total time for which application threads were stopped: 0.0042472 seconds, Stopping threads took: 0.0000205 seconds
195.289: [GC (Allocation Failure)  336190K->12780K(1034240K), 0.0025874 secs]
195.292: Total time for which application threads were stopped: 0.0027548 seconds, Stopping threads took: 0.0000192 seconds
195.361: [GC (Allocation Failure)  332268K->16879K(1033216K), 0.0039124 secs]
195.365: Total time for which application threads were stopped: 0.0040867 seconds, Stopping threads took: 0.0000165 seconds
195.433: [GC (Allocation Failure)  336367K->20847K(1034752K), 0.0038268 secs]
195.437: Total time for which application threads were stopped: 0.0039940 seconds, Stopping threads took: 0.0000199 seconds
195.504: [GC (Allocation Failure)  342383K->14092K(1034752K), 0.0011773 secs]
195.505: Total time for which application threads were stopped: 0.0013297 seconds, Stopping threads took: 0.0000263 seconds
195.573: [GC (Allocation Failure)  335628K->20879K(1034752K), 0.0037364 secs]
195.577: Total time for which application threads were stopped: 0.0038968 seconds, Stopping threads took: 0.0000194 seconds
195.643: [GC (Allocation Failure)  342415K->24983K(1034752K), 0.0048214 secs]
195.648: Total time for which application threads were stopped: 0.0049828 seconds, Stopping threads took: 0.0000194 seconds
195.714: [GC (Allocation Failure)  346519K->19444K(1034752K), 0.0015463 secs]
195.716: Total time for which application threads were stopped: 0.0017139 seconds, Stopping threads took: 0.0000195 seconds
195.786: [GC (Allocation Failure)  340980K->25247K(1034752K), 0.0037344 secs]
195.790: Total time for which application threads were stopped: 0.0039008 seconds, Stopping threads took: 0.0000203 seconds
195.857: [GC (Allocation Failure)  346783K->29119K(1034752K), 0.0041536 secs]
195.861: Total time for which application threads were stopped: 0.0043527 seconds, Stopping threads took: 0.0000203 seconds
195.930: [GC (Allocation Failure)  351607K->25244K(1035264K), 0.0024935 secs]
195.933: Total time for which application threads were stopped: 0.0026559 seconds, Stopping threads took: 0.0000271 seconds
196.001: [GC (Allocation Failure)  347804K->29279K(1036288K), 0.0039536 secs]
196.005: Total time for which application threads were stopped: 0.0041209 seconds, Stopping threads took: 0.0000205 seconds
196.073: [GC (Allocation Failure)  353375K->33247K(1035776K), 0.0065434 secs]
196.080: Total time for which application threads were stopped: 0.0067178 seconds, Stopping threads took: 0.0000202 seconds
196.150: [GC (Allocation Failure)  357343K->33215K(1035776K), 0.0037356 secs]
196.154: Total time for which application threads were stopped: 0.0039107 seconds, Stopping threads took: 0.0000212 seconds
196.223: [GC (Allocation Failure)  356799K->33319K(1023488K), 0.0038284 secs]
196.227: Total time for which application threads were stopped: 0.0039922 seconds, Stopping threads took: 0.0000202 seconds
196.294: [GC (Allocation Failure)  356903K->41321K(1035264K), 0.0038700 secs]
196.298: Total time for which application threads were stopped: 0.0040450 seconds, Stopping threads took: 0.0000259 seconds
196.367: [GC (Allocation Failure)  363881K->41289K(1030144K), 0.0037108 secs]
196.370: Total time for which application threads were stopped: 0.0038897 seconds, Stopping threads took: 0.0000200 seconds
196.438: [GC (Allocation Failure)  363849K->41313K(1034752K), 0.0045722 secs]
196.443: Total time for which application threads were stopped: 0.0047434 seconds, Stopping threads took: 0.0000201 seconds
196.511: [GC (Allocation Failure)  362849K->49315K(1034752K), 0.0063848 secs]
196.518: Total time for which application threads were stopped: 0.0065878 seconds, Stopping threads took: 0.0000251 seconds
196.587: [GC (Allocation Failure)  370851K->49347K(1033728K), 0.0036351 secs]
196.591: Total time for which application threads were stopped: 0.0037941 seconds, Stopping threads took: 0.0000199 seconds
196.660: [GC (Allocation Failure)  369859K->49571K(1034240K), 0.0041195 secs]
196.664: Total time for which application threads were stopped: 0.0043156 seconds, Stopping threads took: 0.0000195 seconds
196.731: [GC (Allocation Failure)  370083K->57349K(1034240K), 0.0039122 secs]
196.735: Total time for which application threads were stopped: 0.0040917 seconds, Stopping threads took: 0.0000216 seconds
196.803: [GC (Allocation Failure)  377861K->57349K(1034240K), 0.0038160 secs]
196.807: Total time for which application threads were stopped: 0.0039826 seconds, Stopping threads took: 0.0000263 seconds
196.874: [GC (Allocation Failure)  377861K->57797K(1033216K), 0.0040885 secs]
196.878: Total time for which application threads were stopped: 0.0042594 seconds, Stopping threads took: 0.0000197 seconds
196.945: [GC (Allocation Failure)  377285K->65384K(1033728K), 0.0039309 secs]
196.950: Total time for which application threads were stopped: 0.0040916 seconds, Stopping threads took: 0.0000194 seconds
197.017: [GC (Allocation Failure)  384872K->65384K(1033728K), 0.0037086 secs]
197.021: Total time for which application threads were stopped: 0.0038764 seconds, Stopping threads took: 0.0000195 seconds
197.086: [GC (Allocation Failure)  384872K->65480K(1033728K), 0.0037617 secs]
197.090: Total time for which application threads were stopped: 0.0039527 seconds, Stopping threads took: 0.0000197 seconds
197.159: [GC (Allocation Failure)  384968K->73450K(1033728K), 0.0037941 secs]
197.162: Total time for which application threads were stopped: 0.0039464 seconds, Stopping threads took: 0.0000183 seconds
197.230: [GC (Allocation Failure)  392938K->73418K(1033728K), 0.0038203 secs]
197.234: Total time for which application threads were stopped: 0.0040012 seconds, Stopping threads took: 0.0000204 seconds
197.302: [GC (Allocation Failure)  392906K->73482K(1033728K), 0.0041664 secs]
197.306: Total time for which application threads were stopped: 0.0043436 seconds, Stopping threads took: 0.0000261 seconds
197.373: [GC (Allocation Failure)  392970K->81452K(1027072K), 0.0039085 secs]
197.377: Total time for which application threads were stopped: 0.0040753 seconds, Stopping threads took: 0.0000199 seconds
197.442: [GC (Allocation Failure)  400940K->77546K(1034240K), 0.0026180 secs]
197.445: Total time for which application threads were stopped: 0.0027705 seconds, Stopping threads took: 0.0000194 seconds
197.514: [GC (Allocation Failure)  397034K->81580K(1033216K), 0.0057912 secs]
197.519: Total time for which application threads were stopped: 0.0059390 seconds, Stopping threads took: 0.0000196 seconds
197.588: [GC (Allocation Failure)  401068K->85580K(1034752K), 0.0038199 secs]
197.592: Total time for which application threads were stopped: 0.0039705 seconds, Stopping threads took: 0.0000176 seconds
197.660: [GC (Allocation Failure)  407116K->78826K(1034752K), 0.0012085 secs]
197.661: Total time for which application threads were stopped: 0.0013345 seconds, Stopping threads took: 0.0000200 seconds
197.728: [GC (Allocation Failure)  400362K->85644K(1034752K), 0.0038532 secs]
197.732: Total time for which application threads were stopped: 0.0040272 seconds, Stopping threads took: 0.0000205 seconds
197.800: [GC (Allocation Failure)  407180K->89716K(1034752K), 0.0047604 secs]
197.805: Total time for which application threads were stopped: 0.0049597 seconds, Stopping threads took: 0.0000222 seconds
197.872: [GC (Allocation Failure)  411252K->84178K(1034752K), 0.0016320 secs]
197.874: Total time for which application threads were stopped: 0.0017826 seconds, Stopping threads took: 0.0000195 seconds
197.943: [GC (Allocation Failure)  405714K->90020K(1034752K), 0.0038185 secs]
197.946: Total time for which application threads were stopped: 0.0039772 seconds, Stopping threads took: 0.0000170 seconds
198.013: [GC (Allocation Failure)  411556K->93860K(1035264K), 0.0043675 secs]
198.018: Total time for which application threads were stopped: 0.0045370 seconds, Stopping threads took: 0.0000194 seconds
198.084: [GC (Allocation Failure)  416348K->89954K(1035264K), 0.0026618 secs]
198.087: Total time for which application threads were stopped: 0.0028462 seconds, Stopping threads took: 0.0000202 seconds
198.158: [GC (Allocation Failure)  412514K->94028K(1036288K), 0.0041951 secs]
198.162: Total time for which application threads were stopped: 0.0043656 seconds, Stopping threads took: 0.0000205 seconds
198.230: [GC (Allocation Failure)  418124K->97996K(1035776K), 0.0037682 secs]
198.234: Total time for which application threads were stopped: 0.0039400 seconds, Stopping threads took: 0.0000196 seconds
198.303: [GC (Allocation Failure)  422092K->97996K(1035776K), 0.0038065 secs]
198.307: Total time for which application threads were stopped: 0.0040108 seconds, Stopping threads took: 0.0000253 seconds
198.376: [GC (Allocation Failure)  421580K->98052K(1023488K), 0.0041313 secs]
198.380: Total time for which application threads were stopped: 0.0043127 seconds, Stopping threads took: 0.0000174 seconds
198.448: [GC (Allocation Failure)  421636K->106022K(1035264K), 0.0038448 secs]
198.452: Total time for which application threads were stopped: 0.0040370 seconds, Stopping threads took: 0.0000194 seconds
198.523: [GC (Allocation Failure)  428582K->106022K(1030144K), 0.0036993 secs]
198.527: Total time for which application threads were stopped: 0.0038599 seconds, Stopping threads took: 0.0000176 seconds
198.594: [GC (Allocation Failure)  428582K->106086K(1034752K), 0.0039899 secs]
198.598: Total time for which application threads were stopped: 0.0041652 seconds, Stopping threads took: 0.0000220 seconds
198.665: [GC (Allocation Failure)  427622K->114057K(1034752K), 0.0041965 secs]
198.669: Total time for which application threads were stopped: 0.0043544 seconds, Stopping threads took: 0.0000196 seconds
198.737: [GC (Allocation Failure)  435593K->114089K(1033728K), 0.0039842 secs]
198.742: Total time for which application threads were stopped: 0.0041525 seconds, Stopping threads took: 0.0000200 seconds
198.808: [GC (Allocation Failure)  434601K->114313K(1034240K), 0.0039597 secs]
198.812: Total time for which application threads were stopped: 0.0041295 seconds, Stopping threads took: 0.0000200 seconds
198.880: [GC (Allocation Failure)  434825K->122091K(1034240K), 0.0037757 secs]
198.884: Total time for which application threads were stopped: 0.0039359 seconds, Stopping threads took: 0.0000192 seconds
198.952: [GC (Allocation Failure)  442603K->122123K(1034240K), 0.0038939 secs]
198.956: Total time for which application threads were stopped: 0.0040558 seconds, Stopping threads took: 0.0000189 seconds
199.023: [GC (Allocation Failure)  442635K->122531K(1033216K), 0.0042271 secs]
199.027: Total time for which application threads were stopped: 0.0043924 seconds, Stopping threads took: 0.0000166 seconds
199.095: [GC (Allocation Failure)  442019K->130149K(1033728K), 0.0039701 secs]
199.099: Total time for which application threads were stopped: 0.0041345 seconds, Stopping threads took: 0.0000199 seconds
199.168: [GC (Allocation Failure)  449637K->130085K(1033728K), 0.0041925 secs]
199.172: Total time for which application threads were stopped: 0.0043673 seconds, Stopping threads took: 0.0000205 seconds
199.238: [GC (Allocation Failure)  449573K->130237K(1033728K), 0.0043420 secs]
199.242: Total time for which application threads were stopped: 0.0045130 seconds, Stopping threads took: 0.0000202 seconds
199.310: [GC (Allocation Failure)  449725K->138143K(1033728K), 0.0038149 secs]
199.314: Total time for which application threads were stopped: 0.0039813 seconds, Stopping threads took: 0.0000203 seconds
199.381: [GC (Allocation Failure)  457631K->138143K(1033728K), 0.0040026 secs]
199.385: Total time for which application threads were stopped: 0.0041839 seconds, Stopping threads took: 0.0000202 seconds
199.453: [GC (Allocation Failure)  457631K->138215K(1033728K), 0.0040138 secs]
199.457: Total time for which application threads were stopped: 0.0041888 seconds, Stopping threads took: 0.0000299 seconds
199.526: [GC (Allocation Failure)  457703K->146154K(1027072K), 0.0040610 secs]
199.531: Total time for which application threads were stopped: 0.0042276 seconds, Stopping threads took: 0.0000200 seconds
199.595: [GC (Allocation Failure)  465641K->142311K(1034240K), 0.0027587 secs]
199.598: Total time for which application threads were stopped: 0.0029446 seconds, Stopping threads took: 0.0000188 seconds
199.668: [GC (Allocation Failure)  461799K->146314K(1033216K), 0.0043010 secs]
199.672: Total time for which application threads were stopped: 0.0044827 seconds, Stopping threads took: 0.0000273 seconds
199.740: [GC (Allocation Failure)  465802K->150314K(1034752K), 0.0040480 secs]
199.744: Total time for which application threads were stopped: 0.0042573 seconds, Stopping threads took: 0.0000215 seconds
199.813: [GC (Allocation Failure)  471850K->143559K(1034752K), 0.0012505 secs]
199.814: Total time for which application threads were stopped: 0.0013923 seconds, Stopping threads took: 0.0000245 seconds
199.882: [GC (Allocation Failure)  465095K->150354K(1034752K), 0.0040803 secs]
199.887: Total time for which application threads were stopped: 0.0042467 seconds, Stopping threads took: 0.0000194 seconds
199.954: [GC (Allocation Failure)  471890K->154426K(1034752K), 0.0050930 secs]
199.960: Total time for which application threads were stopped: 0.0052635 seconds, Stopping threads took: 0.0000251 seconds
200.025: [GC (Allocation Failure)  475962K->148919K(1034752K), 0.0018160 secs]
200.027: Total time for which application threads were stopped: 0.0019489 seconds, Stopping threads took: 0.0000181 seconds
200.095: [GC (Allocation Failure)  470455K->154730K(1034752K), 0.0041135 secs]
200.099: Total time for which application threads were stopped: 0.0042863 seconds, Stopping threads took: 0.0000203 seconds
200.168: [GC (Allocation Failure)  476266K->158634K(1034752K), 0.0045274 secs]
200.173: Total time for which application threads were stopped: 0.0046989 seconds, Stopping threads took: 0.0000204 seconds
200.240: [GC (Allocation Failure)  481122K->154695K(1035264K), 0.0028889 secs]
200.243: Total time for which application threads were stopped: 0.0030622 seconds, Stopping threads took: 0.0000198 seconds
200.311: [GC (Allocation Failure)  477255K->158762K(1036288K), 0.0041142 secs]
200.315: Total time for which application threads were stopped: 0.0042800 seconds, Stopping threads took: 0.0000202 seconds
200.383: [GC (Allocation Failure)  482858K->162730K(1035776K), 0.0041625 secs]
200.387: Total time for which application threads were stopped: 0.0043397 seconds, Stopping threads took: 0.0000201 seconds
200.456: [GC (Allocation Failure)  486826K->162730K(1035776K), 0.0038348 secs]
200.460: Total time for which application threads were stopped: 0.0040126 seconds, Stopping threads took: 0.0000194 seconds
200.529: [GC (Allocation Failure)  486314K->162786K(1023488K), 0.0042443 secs]
200.533: Total time for which application threads were stopped: 0.0044362 seconds, Stopping threads took: 0.0000203 seconds
200.602: [GC (Allocation Failure)  486370K->170756K(1035264K), 0.0041239 secs]
200.606: Total time for which application threads were stopped: 0.0042735 seconds, Stopping threads took: 0.0000168 seconds
200.675: [GC (Allocation Failure)  493316K->170788K(1030144K), 0.0039656 secs]
200.679: Total time for which application threads were stopped: 0.0041437 seconds, Stopping threads took: 0.0000197 seconds
200.747: [GC (Allocation Failure)  493348K->170820K(1034752K), 0.0042037 secs]
200.751: Total time for which application threads were stopped: 0.0043727 seconds, Stopping threads took: 0.0000266 seconds
200.819: [GC (Allocation Failure)  492356K->178822K(1029120K), 0.0042192 secs]
200.823: Total time for which application threads were stopped: 0.0043930 seconds, Stopping threads took: 0.0000248 seconds
200.893: [GC (Allocation Failure)  500358K->178790K(1034240K), 0.0038201 secs]
200.897: Total time for which application threads were stopped: 0.0039845 seconds, Stopping threads took: 0.0000197 seconds
200.964: [GC (Allocation Failure)  499302K->179006K(1034240K), 0.0042943 secs]
200.968: Total time for which application threads were stopped: 0.0044542 seconds, Stopping threads took: 0.0000192 seconds
201.036: [GC (Allocation Failure)  499518K->186785K(1034240K), 0.0048592 secs]
201.041: Total time for which application threads were stopped: 0.0050398 seconds, Stopping threads took: 0.0000171 seconds
201.109: [GC (Allocation Failure)  507297K->186817K(1034240K), 0.0041520 secs]
201.113: Total time for which application threads were stopped: 0.0043326 seconds, Stopping threads took: 0.0000198 seconds
201.180: [GC (Allocation Failure)  507329K->187273K(1033216K), 0.0042686 secs]
201.184: Total time for which application threads were stopped: 0.0044552 seconds, Stopping threads took: 0.0000208 seconds
201.252: [GC (Allocation Failure)  506761K->194859K(1033728K), 0.0041393 secs]
201.256: Total time for which application threads were stopped: 0.0043151 seconds, Stopping threads took: 0.0000190 seconds
201.324: [GC (Allocation Failure)  514347K->194891K(1033728K), 0.0039535 secs]
201.328: Total time for which application threads were stopped: 0.0041543 seconds, Stopping threads took: 0.0000215 seconds
201.392: [GC (Allocation Failure)  514379K->194987K(1033728K), 0.0042387 secs]
201.397: Total time for which application threads were stopped: 0.0044334 seconds, Stopping threads took: 0.0000204 seconds
201.466: [GC (Allocation Failure)  514475K->202893K(1033728K), 0.0039112 secs]
201.470: Total time for which application threads were stopped: 0.0040679 seconds, Stopping threads took: 0.0000168 seconds
201.539: [GC (Allocation Failure)  522381K->202893K(1033728K), 0.0040143 secs]
201.543: Total time for which application threads were stopped: 0.0041834 seconds, Stopping threads took: 0.0000194 seconds
201.610: [GC (Allocation Failure)  522381K->202957K(1033728K), 0.0043277 secs]
201.614: Total time for which application threads were stopped: 0.0045028 seconds, Stopping threads took: 0.0000206 seconds
201.684: [GC (Allocation Failure)  522445K->210927K(1027072K), 0.0042677 secs]
201.689: Total time for which application threads were stopped: 0.0044286 seconds, Stopping threads took: 0.0000202 seconds
201.754: [GC (Allocation Failure)  530415K->207021K(1034240K), 0.0029597 secs]
201.757: Total time for which application threads were stopped: 0.0031204 seconds, Stopping threads took: 0.0000253 seconds
201.825: [GC (Allocation Failure)  526509K->211087K(1033216K), 0.0043282 secs]
201.830: Total time for which application threads were stopped: 0.0045232 seconds, Stopping threads took: 0.0000260 seconds
201.899: [GC (Allocation Failure)  530575K->215055K(1034752K), 0.0054775 secs]
201.904: Total time for which application threads were stopped: 0.0056521 seconds, Stopping threads took: 0.0000207 seconds
201.971: [GC (Allocation Failure)  536591K->208301K(1034752K), 0.0013455 secs]
201.972: Total time for which application threads were stopped: 0.0014705 seconds, Stopping threads took: 0.0000191 seconds
202.039: [GC (Allocation Failure)  529837K->215119K(1034752K), 0.0039197 secs]
202.043: Total time for which application threads were stopped: 0.0040812 seconds, Stopping threads took: 0.0000199 seconds
202.109: [GC (Allocation Failure)  536655K->219199K(1034752K), 0.0051903 secs]
202.114: Total time for which application threads were stopped: 0.0053605 seconds, Stopping threads took: 0.0000194 seconds
202.180: [GC (Allocation Failure)  540735K->213661K(1034752K), 0.0019933 secs]
202.182: Total time for which application threads were stopped: 0.0021402 seconds, Stopping threads took: 0.0000194 seconds
202.251: [GC (Allocation Failure)  535197K->219495K(1034752K), 0.0040230 secs]
202.255: Total time for which application threads were stopped: 0.0042230 seconds, Stopping threads took: 0.0000252 seconds
202.324: [GC (Allocation Failure)  541031K->223303K(1034752K), 0.0045563 secs]
202.329: Total time for which application threads were stopped: 0.0047210 seconds, Stopping threads took: 0.0000202 seconds
202.396: [GC (Allocation Failure)  545792K->219429K(1035264K), 0.0026958 secs]
202.398: Total time for which application threads were stopped: 0.0028622 seconds, Stopping threads took: 0.0000203 seconds
202.467: [GC (Allocation Failure)  541989K->223495K(1036288K), 0.0045440 secs]
202.472: Total time for which application threads were stopped: 0.0047210 seconds, Stopping threads took: 0.0000220 seconds
202.541: [GC (Allocation Failure)  547591K->227463K(1035776K), 0.0039939 secs]
202.545: Total time for which application threads were stopped: 0.0041539 seconds, Stopping threads took: 0.0000203 seconds
202.615: [GC (Allocation Failure)  551559K->227463K(1035776K), 0.0039734 secs]
202.619: Total time for which application threads were stopped: 0.0041675 seconds, Stopping threads took: 0.0000192 seconds
202.686: [GC (Allocation Failure)  551047K->227527K(1023488K), 0.0042366 secs]
202.691: Total time for which application threads were stopped: 0.0043975 seconds, Stopping threads took: 0.0000198 seconds
202.757: [GC (Allocation Failure)  551111K->235562K(1035264K), 0.0042234 secs]
202.762: Total time for which application threads were stopped: 0.0043827 seconds, Stopping threads took: 0.0000193 seconds
202.829: [GC (Allocation Failure)  558122K->235466K(1030144K), 0.0051884 secs]
202.835: Total time for which application threads were stopped: 0.0053601 seconds, Stopping threads took: 0.0000192 seconds
202.903: [GC (Allocation Failure)  558026K->235562K(1034752K), 0.0041469 secs]
202.907: Total time for which application threads were stopped: 0.0043226 seconds, Stopping threads took: 0.0000189 seconds
202.975: [GC (Allocation Failure)  557098K->243564K(1034752K), 0.0042989 secs]
202.980: Total time for which application threads were stopped: 0.0044673 seconds, Stopping threads took: 0.0000190 seconds
203.048: [GC (Allocation Failure)  565100K->243532K(1033728K), 0.0040572 secs]
203.052: Total time for which application threads were stopped: 0.0042537 seconds, Stopping threads took: 0.0000200 seconds
203.120: [GC (Allocation Failure)  564044K->243748K(1034240K), 0.0044630 secs]
203.125: Total time for which application threads were stopped: 0.0046237 seconds, Stopping threads took: 0.0000193 seconds
203.193: [GC (Allocation Failure)  564260K->251590K(1034240K), 0.0039960 secs]
203.197: Total time for which application threads were stopped: 0.0041664 seconds, Stopping threads took: 0.0000214 seconds
203.266: [GC (Allocation Failure)  572102K->251590K(1034240K), 0.0041336 secs]
203.270: Total time for which application threads were stopped: 0.0043040 seconds, Stopping threads took: 0.0000259 seconds
203.339: [GC (Allocation Failure)  572102K->251974K(1033216K), 0.0043948 secs]
203.343: Total time for which application threads were stopped: 0.0045517 seconds, Stopping threads took: 0.0000166 seconds
203.411: [GC (Allocation Failure)  571462K->259624K(1033728K), 0.0042473 secs]
203.415: Total time for which application threads were stopped: 0.0044273 seconds, Stopping threads took: 0.0000192 seconds
203.483: [GC (Allocation Failure)  579112K->259592K(1033728K), 0.0041723 secs]
203.488: Total time for which application threads were stopped: 0.0043370 seconds, Stopping threads took: 0.0000258 seconds
203.554: [GC (Allocation Failure)  579080K->259720K(1033728K), 0.0043730 secs]
203.559: Total time for which application threads were stopped: 0.0045423 seconds, Stopping threads took: 0.0000192 seconds
203.626: [GC (Allocation Failure)  579208K->267627K(1033728K), 0.0040079 secs]
203.630: Total time for which application threads were stopped: 0.0042010 seconds, Stopping threads took: 0.0000207 seconds
203.699: [GC (Allocation Failure)  587115K->267627K(1033728K), 0.0041452 secs]
203.703: Total time for which application threads were stopped: 0.0042933 seconds, Stopping threads took: 0.0000167 seconds
203.771: [GC (Allocation Failure)  587115K->267683K(1033728K), 0.0044422 secs]
203.775: Total time for which application threads were stopped: 0.0046064 seconds, Stopping threads took: 0.0000246 seconds
203.842: [GC (Allocation Failure)  587171K->275685K(1027072K), 0.0044243 secs]
203.846: Total time for which application threads were stopped: 0.0045830 seconds, Stopping threads took: 0.0000193 seconds
203.911: [GC (Allocation Failure)  595172K->271715K(1034240K), 0.0030752 secs]
203.914: Total time for which application threads were stopped: 0.0032378 seconds, Stopping threads took: 0.0000194 seconds
203.982: [GC (Allocation Failure)  591203K->275813K(1033216K), 0.0046300 secs]
203.986: Total time for which application threads were stopped: 0.0047930 seconds, Stopping threads took: 0.0000203 seconds
204.054: [GC (Allocation Failure)  595301K->279781K(1034752K), 0.0041131 secs]
204.058: Total time for which application threads were stopped: 0.0042847 seconds, Stopping threads took: 0.0000204 seconds
204.124: [GC (Allocation Failure)  601317K->273027K(1034752K), 0.0015085 secs]
204.126: Total time for which application threads were stopped: 0.0016370 seconds, Stopping threads took: 0.0000188 seconds
204.193: [GC (Allocation Failure)  594563K->279885K(1034752K), 0.0040511 secs]
204.197: Total time for which application threads were stopped: 0.0042224 seconds, Stopping threads took: 0.0000199 seconds
204.263: [GC (Allocation Failure)  601421K->283965K(1034752K), 0.0050802 secs]
204.268: Total time for which application threads were stopped: 0.0052385 seconds, Stopping threads took: 0.0000262 seconds
204.334: [GC (Allocation Failure)  605501K->278427K(1034752K), 0.0027753 secs]
204.337: Total time for which application threads were stopped: 0.0029255 seconds, Stopping threads took: 0.0000277 seconds
204.404: [GC (Allocation Failure)  599963K->284205K(1034752K), 0.0044093 secs]
204.408: Total time for which application threads were stopped: 0.0045768 seconds, Stopping threads took: 0.0000189 seconds
204.475: [GC (Allocation Failure)  605741K->288085K(1035264K), 0.0045681 secs]
204.480: Total time for which application threads were stopped: 0.0047576 seconds, Stopping threads took: 0.0000196 seconds
204.550: [GC (Allocation Failure)  610573K->284179K(1035264K), 0.0031296 secs]
204.553: Total time for which application threads were stopped: 0.0032839 seconds, Stopping threads took: 0.0000167 seconds
204.622: [GC (Allocation Failure)  606739K->288245K(1036288K), 0.0044671 secs]
204.626: Total time for which application threads were stopped: 0.0046656 seconds, Stopping threads took: 0.0000204 seconds
204.696: [GC (Allocation Failure)  612341K->292213K(1035776K), 0.0040791 secs]
204.700: Total time for which application threads were stopped: 0.0042402 seconds, Stopping threads took: 0.0000162 seconds
204.771: [GC (Allocation Failure)  616309K->292213K(1035776K), 0.0049445 secs]
204.776: Total time for which application threads were stopped: 0.0051458 seconds, Stopping threads took: 0.0000256 seconds
204.843: [GC (Allocation Failure)  615797K->292285K(1023488K), 0.0045311 secs]
204.848: Total time for which application threads were stopped: 0.0047127 seconds, Stopping threads took: 0.0000206 seconds
204.915: [GC (Allocation Failure)  615869K->300287K(1035264K), 0.0044231 secs]
204.920: Total time for which application threads were stopped: 0.0046002 seconds, Stopping threads took: 0.0000216 seconds
204.987: [GC (Allocation Failure)  622847K->300255K(1030144K), 0.0040152 secs]
204.992: Total time for which application threads were stopped: 0.0041824 seconds, Stopping threads took: 0.0000219 seconds
205.059: [GC (Allocation Failure)  622815K->300319K(1034752K), 0.0042535 secs]
205.063: Total time for which application threads were stopped: 0.0044488 seconds, Stopping threads took: 0.0000194 seconds
205.132: [GC (Allocation Failure)  621855K->308289K(1034752K), 0.0044752 secs]
205.137: Total time for which application threads were stopped: 0.0046390 seconds, Stopping threads took: 0.0000196 seconds
205.205: [GC (Allocation Failure)  629825K->308321K(1033728K), 0.0042110 secs]
205.209: Total time for which application threads were stopped: 0.0043798 seconds, Stopping threads took: 0.0000192 seconds
205.276: [GC (Allocation Failure)  628833K->308545K(1034240K), 0.0045009 secs]
205.281: Total time for which application threads were stopped: 0.0046849 seconds, Stopping threads took: 0.0000277 seconds
205.349: [GC (Allocation Failure)  629057K->316324K(1034240K), 0.0041463 secs]
205.353: Total time for which application threads were stopped: 0.0043193 seconds, Stopping threads took: 0.0000205 seconds
205.421: [GC (Allocation Failure)  636836K->316324K(1034240K), 0.0044082 secs]
205.425: Total time for which application threads were stopped: 0.0045844 seconds, Stopping threads took: 0.0000196 seconds
205.493: [GC (Allocation Failure)  636836K->316732K(1033216K), 0.0052614 secs]
205.499: Total time for which application threads were stopped: 0.0054377 seconds, Stopping threads took: 0.0000243 seconds
205.568: [GC (Allocation Failure)  636220K->324350K(1033728K), 0.0042857 secs]
205.572: Total time for which application threads were stopped: 0.0044704 seconds, Stopping threads took: 0.0000193 seconds
205.640: [GC (Allocation Failure)  643838K->324350K(1033728K), 0.0041789 secs]
205.644: Total time for which application threads were stopped: 0.0043346 seconds, Stopping threads took: 0.0000189 seconds
205.709: [GC (Allocation Failure)  643838K->324510K(1033728K), 0.0046067 secs]
205.714: Total time for which application threads were stopped: 0.0047644 seconds, Stopping threads took: 0.0000189 seconds
205.784: [GC (Allocation Failure)  643998K->332416K(1033728K), 0.0041734 secs]
205.789: Total time for which application threads were stopped: 0.0043522 seconds, Stopping threads took: 0.0000290 seconds
205.856: [GC (Allocation Failure)  651904K->332352K(1033728K), 0.0043761 secs]
205.861: Total time for which application threads were stopped: 0.0045382 seconds, Stopping threads took: 0.0000196 seconds
205.928: [GC (Allocation Failure)  651840K->332448K(1033728K), 0.0043295 secs]
205.932: Total time for which application threads were stopped: 0.0044969 seconds, Stopping threads took: 0.0000207 seconds
205.999: [GC (Allocation Failure)  651936K->340387K(1027072K), 0.0043870 secs]
206.004: Total time for which application threads were stopped: 0.0045828 seconds, Stopping threads took: 0.0000212 seconds
206.070: [GC (Allocation Failure)  659874K->336512K(1034240K), 0.0032359 secs]
206.074: Total time for which application threads were stopped: 0.0034120 seconds, Stopping threads took: 0.0000191 seconds
206.141: [GC (Allocation Failure)  656000K->340587K(1033216K), 0.0044144 secs]
206.146: Total time for which application threads were stopped: 0.0046193 seconds, Stopping threads took: 0.0000283 seconds
206.215: [GC (Allocation Failure)  660075K->344587K(1034752K), 0.0042766 secs]
206.219: Total time for which application threads were stopped: 0.0044517 seconds, Stopping threads took: 0.0000250 seconds
206.286: [GC (Allocation Failure)  666123K->337800K(1034752K), 0.0017212 secs]
206.287: Total time for which application threads were stopped: 0.0018566 seconds, Stopping threads took: 0.0000196 seconds
206.354: [GC (Allocation Failure)  659336K->344587K(1034752K), 0.0043173 secs]
206.359: Total time for which application threads were stopped: 0.0044944 seconds, Stopping threads took: 0.0000254 seconds
206.425: [GC (Allocation Failure)  666123K->348731K(1034752K), 0.0053163 secs]
206.430: Total time for which application threads were stopped: 0.0054845 seconds, Stopping threads took: 0.0000256 seconds
206.496: [GC (Allocation Failure)  670267K->343160K(1034752K), 0.0030599 secs]
206.499: Total time for which application threads were stopped: 0.0032177 seconds, Stopping threads took: 0.0000239 seconds
206.567: [GC (Allocation Failure)  664696K->349003K(1034752K), 0.0043036 secs]
206.571: Total time for which application threads were stopped: 0.0044645 seconds, Stopping threads took: 0.0000191 seconds
206.638: [GC (Allocation Failure)  670539K->352843K(1034752K), 0.0059640 secs]
206.644: Total time for which application threads were stopped: 0.0061514 seconds, Stopping threads took: 0.0000286 seconds
206.713: [GC (Allocation Failure)  675331K->348936K(1035264K), 0.0030106 secs]
206.716: Total time for which application threads were stopped: 0.0032052 seconds, Stopping threads took: 0.0000256 seconds
206.785: [GC (Allocation Failure)  671496K->352971K(1036288K), 0.0043518 secs]
206.789: Total time for which application threads were stopped: 0.0045227 seconds, Stopping threads took: 0.0000283 seconds
206.858: [GC (Allocation Failure)  677067K->356971K(1035776K), 0.0043359 secs]
206.863: Total time for which application threads were stopped: 0.0044982 seconds, Stopping threads took: 0.0000196 seconds
206.931: [GC (Allocation Failure)  681067K->356971K(1035776K), 0.0044241 secs]
206.936: Total time for which application threads were stopped: 0.0045819 seconds, Stopping threads took: 0.0000193 seconds
207.005: [GC (Allocation Failure)  680555K->357035K(1023488K), 0.0046605 secs]
207.009: Total time for which application threads were stopped: 0.0048274 seconds, Stopping threads took: 0.0000212 seconds
207.076: [GC (Allocation Failure)  680619K->365037K(1035264K), 0.0043825 secs]
207.080: Total time for which application threads were stopped: 0.0045400 seconds, Stopping threads took: 0.0000190 seconds
207.148: [GC (Allocation Failure)  687597K->364973K(1030144K), 0.0041822 secs]
207.152: Total time for which application threads were stopped: 0.0043750 seconds, Stopping threads took: 0.0000274 seconds
207.222: [GC (Allocation Failure)  687533K->365069K(1034752K), 0.0045723 secs]
207.226: Total time for which application threads were stopped: 0.0047314 seconds, Stopping threads took: 0.0000197 seconds
207.295: [GC (Allocation Failure)  686605K->373071K(1034752K), 0.0044089 secs]
207.299: Total time for which application threads were stopped: 0.0045827 seconds, Stopping threads took: 0.0000277 seconds
207.368: [GC (Allocation Failure)  694607K->373007K(1033728K), 0.0042916 secs]
207.372: Total time for which application threads were stopped: 0.0044611 seconds, Stopping threads took: 0.0000255 seconds
207.439: [GC (Allocation Failure)  693519K->373287K(1034240K), 0.0045331 secs]
207.444: Total time for which application threads were stopped: 0.0047063 seconds, Stopping threads took: 0.0000197 seconds
207.514: [GC (Allocation Failure)  693799K->381065K(1034240K), 0.0043020 secs]
207.519: Total time for which application threads were stopped: 0.0044639 seconds, Stopping threads took: 0.0000217 seconds
207.586: [GC (Allocation Failure)  701577K->381097K(1034240K), 0.0044761 secs]
207.591: Total time for which application threads were stopped: 0.0046376 seconds, Stopping threads took: 0.0000187 seconds
207.658: [GC (Allocation Failure)  701609K->381505K(1033216K), 0.0053191 secs]
207.663: Total time for which application threads were stopped: 0.0054799 seconds, Stopping threads took: 0.0000198 seconds
207.730: [GC (Allocation Failure)  700993K->389092K(1033728K), 0.0044621 secs]
207.735: Total time for which application threads were stopped: 0.0046363 seconds, Stopping threads took: 0.0000194 seconds
207.803: [GC (Allocation Failure)  708580K->389092K(1033728K), 0.0043834 secs]
207.807: Total time for which application threads were stopped: 0.0045585 seconds, Stopping threads took: 0.0000277 seconds
207.872: [GC (Allocation Failure)  708580K->389220K(1033728K), 0.0046493 secs]
207.877: Total time for which application threads were stopped: 0.0048184 seconds, Stopping threads took: 0.0000194 seconds
207.944: [GC (Allocation Failure)  708708K->397158K(1033728K), 0.0043759 secs]
207.949: Total time for which application threads were stopped: 0.0045470 seconds, Stopping threads took: 0.0000205 seconds
208.015: [GC (Allocation Failure)  716646K->397126K(1033728K), 0.0045786 secs]
208.020: Total time for which application threads were stopped: 0.0047550 seconds, Stopping threads took: 0.0000189 seconds
208.087: [GC (Allocation Failure)  716614K->397182K(1033728K), 0.0061672 secs]
208.093: Total time for which application threads were stopped: 0.0063175 seconds, Stopping threads took: 0.0000198 seconds
208.161: [GC (Allocation Failure)  716670K->405152K(1027072K), 0.0046564 secs]
208.166: Total time for which application threads were stopped: 0.0048193 seconds, Stopping threads took: 0.0000181 seconds
208.230: [GC (Allocation Failure)  724640K->401214K(1034240K), 0.0035769 secs]
208.234: Total time for which application threads were stopped: 0.0037465 seconds, Stopping threads took: 0.0000209 seconds
208.302: [GC (Allocation Failure)  720702K->405312K(1033216K), 0.0047469 secs]
208.307: Total time for which application threads were stopped: 0.0049205 seconds, Stopping threads took: 0.0000200 seconds
208.374: [GC (Allocation Failure)  724800K->409280K(1034752K), 0.0058205 secs]
208.380: Total time for which application threads were stopped: 0.0060070 seconds, Stopping threads took: 0.0000216 seconds
208.448: [GC (Allocation Failure)  730816K->402526K(1034752K), 0.0018888 secs]
208.450: Total time for which application threads were stopped: 0.0020557 seconds, Stopping threads took: 0.0000196 seconds
208.520: [GC (Allocation Failure)  724062K->409352K(1034752K), 0.0041948 secs]
208.524: Total time for which application threads were stopped: 0.0043745 seconds, Stopping threads took: 0.0000150 seconds
208.590: [GC (Allocation Failure)  730888K->413432K(1034752K), 0.0053011 secs]
208.595: Total time for which application threads were stopped: 0.0054503 seconds, Stopping threads took: 0.0000166 seconds
208.660: [GC (Allocation Failure)  734968K->407894K(1034752K), 0.0023933 secs]
208.663: Total time for which application threads were stopped: 0.0025561 seconds, Stopping threads took: 0.0000186 seconds
208.730: [GC (Allocation Failure)  729430K->413704K(1034752K), 0.0044570 secs]
208.734: Total time for which application threads were stopped: 0.0046189 seconds, Stopping threads took: 0.0000199 seconds
208.802: [GC (Allocation Failure)  735240K->417608K(1034752K), 0.0047942 secs]
208.807: Total time for which application threads were stopped: 0.0049976 seconds, Stopping threads took: 0.0000283 seconds
208.875: [GC (Allocation Failure)  740096K->413702K(1035264K), 0.0033508 secs]
208.878: Total time for which application threads were stopped: 0.0035082 seconds, Stopping threads took: 0.0000197 seconds
208.946: [GC (Allocation Failure)  736262K->417736K(1036288K), 0.0046224 secs]
208.951: Total time for which application threads were stopped: 0.0047834 seconds, Stopping threads took: 0.0000196 seconds
209.018: [GC (Allocation Failure)  741832K->421704K(1035776K), 0.0043797 secs]
209.023: Total time for which application threads were stopped: 0.0045606 seconds, Stopping threads took: 0.0000201 seconds
209.091: [GC (Allocation Failure)  745800K->421704K(1035776K), 0.0044362 secs]
209.096: Total time for which application threads were stopped: 0.0046204 seconds, Stopping threads took: 0.0000210 seconds
209.165: [GC (Allocation Failure)  745288K->421768K(1023488K), 0.0046050 secs]
209.170: Total time for which application threads were stopped: 0.0047874 seconds, Stopping threads took: 0.0000199 seconds
209.238: [GC (Allocation Failure)  745352K->429770K(1035264K), 0.0046465 secs]
209.243: Total time for which application threads were stopped: 0.0048411 seconds, Stopping threads took: 0.0000193 seconds
209.312: [GC (Allocation Failure)  752330K->429738K(1030144K), 0.0042035 secs]
209.316: Total time for which application threads were stopped: 0.0043986 seconds, Stopping threads took: 0.0000287 seconds
209.383: [GC (Allocation Failure)  752298K->429802K(1034752K), 0.0047150 secs]
209.388: Total time for which application threads were stopped: 0.0049055 seconds, Stopping threads took: 0.0000188 seconds
209.457: [GC (Allocation Failure)  751338K->437805K(1029120K), 0.0047492 secs]
209.462: Total time for which application threads were stopped: 0.0049113 seconds, Stopping threads took: 0.0000165 seconds
209.533: [GC (Allocation Failure)  759341K->437741K(1034240K), 0.0044450 secs]
209.537: Total time for which application threads were stopped: 0.0046365 seconds, Stopping threads took: 0.0000192 seconds
209.606: [GC (Allocation Failure)  758253K->438021K(1034240K), 0.0048783 secs]
209.611: Total time for which application threads were stopped: 0.0050368 seconds, Stopping threads took: 0.0000167 seconds
209.680: [GC (Allocation Failure)  758533K->445831K(1034240K), 0.0044613 secs]
209.684: Total time for which application threads were stopped: 0.0046218 seconds, Stopping threads took: 0.0000187 seconds
209.753: [GC (Allocation Failure)  766343K->445767K(1034240K), 0.0066716 secs]
209.760: Total time for which application threads were stopped: 0.0068897 seconds, Stopping threads took: 0.0000189 seconds
209.827: [GC (Allocation Failure)  766279K->446279K(1034240K), 0.0046694 secs]
209.832: Total time for which application threads were stopped: 0.0048552 seconds, Stopping threads took: 0.0000199 seconds
209.900: [GC (Allocation Failure)  766791K->453833K(1028096K), 0.0045740 secs]
209.905: Total time for which application threads were stopped: 0.0047865 seconds, Stopping threads took: 0.0000201 seconds
209.971: [GC (Allocation Failure)  774345K->453865K(1033728K), 0.0046645 secs]
209.976: Total time for which application threads were stopped: 0.0048451 seconds, Stopping threads took: 0.0000203 seconds
210.041: [GC (Allocation Failure)  773353K->453961K(1033728K), 0.0047321 secs]
210.046: Total time for which application threads were stopped: 0.0049064 seconds, Stopping threads took: 0.0000290 seconds
210.114: [GC (Allocation Failure)  773449K->461867K(1033728K), 0.0044685 secs]
210.118: Total time for which application threads were stopped: 0.0046419 seconds, Stopping threads took: 0.0000201 seconds
210.186: [GC (Allocation Failure)  781355K->461867K(1033728K), 0.0045565 secs]
210.191: Total time for which application threads were stopped: 0.0047356 seconds, Stopping threads took: 0.0000203 seconds
210.258: [GC (Allocation Failure)  781355K->461931K(1033728K), 0.0046486 secs]
210.262: Total time for which application threads were stopped: 0.0048077 seconds, Stopping threads took: 0.0000263 seconds
210.329: [GC (Allocation Failure)  781419K->469902K(1027072K), 0.0046696 secs]
210.334: Total time for which application threads were stopped: 0.0048344 seconds, Stopping threads took: 0.0000265 seconds
210.399: [GC (Allocation Failure)  789389K->465995K(1034240K), 0.0036506 secs]
210.403: Total time for which application threads were stopped: 0.0038282 seconds, Stopping threads took: 0.0000202 seconds
210.473: [GC (Allocation Failure)  785483K->470030K(1033216K), 0.0049037 secs]
210.478: Total time for which application threads were stopped: 0.0050762 seconds, Stopping threads took: 0.0000201 seconds
210.546: [GC (Allocation Failure)  789518K->474030K(1034752K), 0.0045831 secs]
210.551: Total time for which application threads were stopped: 0.0047764 seconds, Stopping threads took: 0.0000193 seconds
210.619: [GC (Allocation Failure)  795566K->467275K(1034752K), 0.0019811 secs]
210.621: Total time for which application threads were stopped: 0.0021094 seconds, Stopping threads took: 0.0000163 seconds
210.689: [GC (Allocation Failure)  788811K->474062K(1034752K), 0.0043935 secs]
210.693: Total time for which application threads were stopped: 0.0045634 seconds, Stopping threads took: 0.0000200 seconds
210.760: [GC (Allocation Failure)  795598K->478166K(1034752K), 0.0055144 secs]
210.766: Total time for which application threads were stopped: 0.0056848 seconds, Stopping threads took: 0.0000263 seconds
210.831: [GC (Allocation Failure)  799702K->472595K(1034752K), 0.0026495 secs]
210.834: Total time for which application threads were stopped: 0.0027993 seconds, Stopping threads took: 0.0000243 seconds
210.902: [GC (Allocation Failure)  794131K->478438K(1034752K), 0.0047604 secs]
210.907: Total time for which application threads were stopped: 0.0049403 seconds, Stopping threads took: 0.0000193 seconds
210.974: [GC (Allocation Failure)  799974K->482278K(1034752K), 0.0062645 secs]
210.981: Total time for which application threads were stopped: 0.0064362 seconds, Stopping threads took: 0.0000202 seconds
211.050: [GC (Allocation Failure)  804766K->478403K(1035264K), 0.0033995 secs]
211.054: Total time for which application threads were stopped: 0.0035576 seconds, Stopping threads took: 0.0000194 seconds
211.122: [GC (Allocation Failure)  800963K->482470K(1036288K), 0.0049097 secs]
211.127: Total time for which application threads were stopped: 0.0050815 seconds, Stopping threads took: 0.0000203 seconds
211.194: [GC (Allocation Failure)  806566K->486470K(1035776K), 0.0046311 secs]
211.199: Total time for which application threads were stopped: 0.0048009 seconds, Stopping threads took: 0.0000194 seconds
211.269: [GC (Allocation Failure)  810566K->486438K(1035776K), 0.0044525 secs]
211.274: Total time for which application threads were stopped: 0.0046477 seconds, Stopping threads took: 0.0000263 seconds
211.343: [GC (Allocation Failure)  810022K->486502K(1023488K), 0.0046148 secs]
211.348: Total time for which application threads were stopped: 0.0047982 seconds, Stopping threads took: 0.0000169 seconds
211.415: [GC (Allocation Failure)  810086K->494504K(1035264K), 0.0048801 secs]
211.420: Total time for which application threads were stopped: 0.0050497 seconds, Stopping threads took: 0.0000205 seconds
211.487: [GC (Allocation Failure)  817064K->494472K(1030144K), 0.0089356 secs]
211.497: Total time for which application threads were stopped: 0.0091288 seconds, Stopping threads took: 0.0000199 seconds
211.564: [GC (Allocation Failure)  817032K->494536K(1034752K), 0.0047838 secs]
211.569: Total time for which application threads were stopped: 0.0049522 seconds, Stopping threads took: 0.0000194 seconds
211.637: [GC (Allocation Failure)  816072K->502538K(1029120K), 0.0048934 secs]
211.642: Total time for which application threads were stopped: 0.0050511 seconds, Stopping threads took: 0.0000198 seconds
211.711: [GC (Allocation Failure)  824074K->502474K(1034240K), 0.0043847 secs]
211.716: Total time for which application threads were stopped: 0.0045539 seconds, Stopping threads took: 0.0000196 seconds
211.783: [GC (Allocation Failure)  822986K->502722K(1034240K), 0.0048635 secs]
211.788: Total time for which application threads were stopped: 0.0050271 seconds, Stopping threads took: 0.0000254 seconds
211.855: [GC (Allocation Failure)  823234K->510565K(1034240K), 0.0045642 secs]
211.860: Total time for which application threads were stopped: 0.0047459 seconds, Stopping threads took: 0.0000202 seconds
211.930: [GC (Allocation Failure)  831077K->510533K(1034240K), 0.0046132 secs]
211.934: Total time for which application threads were stopped: 0.0047773 seconds, Stopping threads took: 0.0000194 seconds
212.001: [GC (Allocation Failure)  831045K->510981K(1033216K), 0.0049205 secs]
212.006: Total time for which application threads were stopped: 0.0050936 seconds, Stopping threads took: 0.0000205 seconds
212.073: [GC (Allocation Failure)  830469K->518599K(1033728K), 0.0047192 secs]
212.078: Total time for which application threads were stopped: 0.0048982 seconds, Stopping threads took: 0.0000200 seconds
212.148: [GC (Allocation Failure)  838087K->518567K(1033728K), 0.0047674 secs]
212.153: Total time for which application threads were stopped: 0.0049376 seconds, Stopping threads took: 0.0000205 seconds
212.218: [GC (Allocation Failure)  838055K->518687K(1033728K), 0.0048415 secs]
212.223: Total time for which application threads were stopped: 0.0050145 seconds, Stopping threads took: 0.0000192 seconds
212.292: [GC (Allocation Failure)  838175K->526625K(1033728K), 0.0045154 secs]
212.297: Total time for which application threads were stopped: 0.0046768 seconds, Stopping threads took: 0.0000194 seconds
212.363: [GC (Allocation Failure)  846113K->526593K(1033728K), 0.0046942 secs]
212.368: Total time for which application threads were stopped: 0.0048649 seconds, Stopping threads took: 0.0000200 seconds
212.435: [GC (Allocation Failure)  846081K->526665K(1033728K), 0.0046874 secs]
212.440: Total time for which application threads were stopped: 0.0048453 seconds, Stopping threads took: 0.0000186 seconds
212.507: [GC (Allocation Failure)  846153K->534603K(1027072K), 0.0056210 secs]
212.512: Total time for which application threads were stopped: 0.0058032 seconds, Stopping threads took: 0.0000251 seconds
212.579: [GC (Allocation Failure)  854091K->530729K(1034240K), 0.0037477 secs]
212.583: Total time for which application threads were stopped: 0.0038946 seconds, Stopping threads took: 0.0000167 seconds
212.652: [GC (Allocation Failure)  850217K->534795K(1033216K), 0.0047968 secs]
212.657: Total time for which application threads were stopped: 0.0049877 seconds, Stopping threads took: 0.0000253 seconds
212.727: [GC (Allocation Failure)  854283K->538763K(1034752K), 0.0047782 secs]
212.732: Total time for which application threads were stopped: 0.0049523 seconds, Stopping threads took: 0.0000196 seconds
212.799: [GC (Allocation Failure)  860299K->532009K(1034752K), 0.0020421 secs]
212.801: Total time for which application threads were stopped: 0.0022187 seconds, Stopping threads took: 0.0000278 seconds
212.870: [GC (Allocation Failure)  853545K->538867K(1034752K), 0.0046193 secs]
212.875: Total time for which application threads were stopped: 0.0047907 seconds, Stopping threads took: 0.0000206 seconds
212.941: [GC (Allocation Failure)  860403K->542939K(1034752K), 0.0056469 secs]
212.947: Total time for which application threads were stopped: 0.0058164 seconds, Stopping threads took: 0.0000200 seconds
213.013: [GC (Allocation Failure)  864475K->537337K(1034752K), 0.0027946 secs]
213.016: Total time for which application threads were stopped: 0.0029571 seconds, Stopping threads took: 0.0000195 seconds
213.084: [GC (Allocation Failure)  858873K->543179K(1034752K), 0.0047852 secs]
213.089: Total time for which application threads were stopped: 0.0049687 seconds, Stopping threads took: 0.0000201 seconds
213.156: [GC (Allocation Failure)  864715K->547051K(1035264K), 0.0050884 secs]
213.161: Total time for which application threads were stopped: 0.0052757 seconds, Stopping threads took: 0.0000200 seconds
213.228: [GC (Allocation Failure)  869540K->543145K(1035264K), 0.0036583 secs]
213.232: Total time for which application threads were stopped: 0.0038230 seconds, Stopping threads took: 0.0000194 seconds
213.300: [GC (Allocation Failure)  865705K->547211K(1036288K), 0.0050224 secs]
213.305: Total time for which application threads were stopped: 0.0052003 seconds, Stopping threads took: 0.0000277 seconds
213.375: [GC (Allocation Failure)  871307K->551179K(1035776K), 0.0048305 secs]
213.380: Total time for which application threads were stopped: 0.0049884 seconds, Stopping threads took: 0.0000189 seconds
213.448: [GC (Allocation Failure)  875275K->551179K(1035776K), 0.0047283 secs]
213.453: Total time for which application threads were stopped: 0.0049051 seconds, Stopping threads took: 0.0000198 seconds
213.523: [GC (Allocation Failure)  874763K->551243K(1023488K), 0.0050684 secs]
213.528: Total time for which application threads were stopped: 0.0052362 seconds, Stopping threads took: 0.0000188 seconds
213.595: [GC (Allocation Failure)  874827K->559214K(1035264K), 0.0048813 secs]
213.600: Total time for which application threads were stopped: 0.0050444 seconds, Stopping threads took: 0.0000196 seconds
213.667: [GC (Allocation Failure)  881774K->559214K(1030144K), 0.0046516 secs]
213.672: Total time for which application threads were stopped: 0.0048168 seconds, Stopping threads took: 0.0000196 seconds
213.741: [GC (Allocation Failure)  881774K->559270K(1034752K), 0.0049521 secs]
213.746: Total time for which application threads were stopped: 0.0051098 seconds, Stopping threads took: 0.0000162 seconds
213.814: [GC (Allocation Failure)  880806K->567272K(1029120K), 0.0049714 secs]
213.819: Total time for which application threads were stopped: 0.0051460 seconds, Stopping threads took: 0.0000257 seconds
213.887: [GC (Allocation Failure)  888808K->567240K(1034240K), 0.0044918 secs]
213.892: Total time for which application threads were stopped: 0.0046699 seconds, Stopping threads took: 0.0000196 seconds
213.959: [GC (Allocation Failure)  887752K->567496K(1034240K), 0.0048637 secs]
213.964: Total time for which application threads were stopped: 0.0050228 seconds, Stopping threads took: 0.0000191 seconds
214.031: [GC (Allocation Failure)  888008K->575274K(1034240K), 0.0046897 secs]
214.036: Total time for which application threads were stopped: 0.0048642 seconds, Stopping threads took: 0.0000187 seconds
214.104: [GC (Allocation Failure)  895786K->575306K(1034240K), 0.0047070 secs]
214.109: Total time for which application threads were stopped: 0.0048919 seconds, Stopping threads took: 0.0000193 seconds
214.175: [GC (Allocation Failure)  895818K->575682K(1033216K), 0.0050812 secs]
214.181: Total time for which application threads were stopped: 0.0052411 seconds, Stopping threads took: 0.0000191 seconds
214.248: [GC (Allocation Failure)  895170K->583300K(1033728K), 0.0048859 secs]
214.253: Total time for which application threads were stopped: 0.0050588 seconds, Stopping threads took: 0.0000192 seconds
214.323: [GC (Allocation Failure)  902788K->583268K(1033728K), 0.0046972 secs]
214.328: Total time for which application threads were stopped: 0.0048499 seconds, Stopping threads took: 0.0000163 seconds
214.393: [GC (Allocation Failure)  902756K->583428K(1033728K), 0.0050564 secs]
214.398: Total time for which application threads were stopped: 0.0052302 seconds, Stopping threads took: 0.0000251 seconds
214.466: [GC (Allocation Failure)  902916K->591335K(1033728K), 0.0047863 secs]
214.471: Total time for which application threads were stopped: 0.0049525 seconds, Stopping threads took: 0.0000204 seconds
214.540: [GC (Allocation Failure)  910823K->591303K(1033728K), 0.0049070 secs]
214.545: Total time for which application threads were stopped: 0.0050589 seconds, Stopping threads took: 0.0000173 seconds
214.612: [GC (Allocation Failure)  910791K->591391K(1033728K), 0.0049763 secs]
214.617: Total time for which application threads were stopped: 0.0051531 seconds, Stopping threads took: 0.0000204 seconds
214.687: [GC (Allocation Failure)  910879K->599361K(1027072K), 0.0047558 secs]
214.692: Total time for which application threads were stopped: 0.0049198 seconds, Stopping threads took: 0.0000225 seconds
214.757: [GC (Allocation Failure)  918848K->595455K(1034240K), 0.0041080 secs]
214.761: Total time for which application threads were stopped: 0.0042638 seconds, Stopping threads took: 0.0000195 seconds
214.829: [GC (Allocation Failure)  914943K->599521K(1033216K), 0.0048831 secs]
214.834: Total time for which application threads were stopped: 0.0050616 seconds, Stopping threads took: 0.0000282 seconds
214.902: [GC (Allocation Failure)  919009K->603489K(1034752K), 0.0046945 secs]
214.907: Total time for which application threads were stopped: 0.0048756 seconds, Stopping threads took: 0.0000200 seconds
214.974: [GC (Allocation Failure)  925025K->596735K(1034752K), 0.0022816 secs]
214.976: Total time for which application threads were stopped: 0.0024302 seconds, Stopping threads took: 0.0000195 seconds
215.044: [GC (Allocation Failure)  918271K->603561K(1034752K), 0.0047446 secs]
215.049: Total time for which application threads were stopped: 0.0049186 seconds, Stopping threads took: 0.0000195 seconds
215.116: [GC (Allocation Failure)  925097K->607665K(1034752K), 0.0058733 secs]
215.122: Total time for which application threads were stopped: 0.0060441 seconds, Stopping threads took: 0.0000197 seconds
215.188: [GC (Allocation Failure)  929201K->602063K(1034752K), 0.0029184 secs]
215.191: Total time for which application threads were stopped: 0.0031006 seconds, Stopping threads took: 0.0000210 seconds
215.258: [GC (Allocation Failure)  923599K->607905K(1034752K), 0.0049503 secs]
215.263: Total time for which application threads were stopped: 0.0051096 seconds, Stopping threads took: 0.0000198 seconds
215.330: [GC (Allocation Failure)  929441K->611817K(1034752K), 0.0052474 secs]
215.336: Total time for which application threads were stopped: 0.0054088 seconds, Stopping threads took: 0.0000194 seconds
215.402: [GC (Allocation Failure)  934305K->607911K(1035264K), 0.0036690 secs]
215.406: Total time for which application threads were stopped: 0.0038387 seconds, Stopping threads took: 0.0000202 seconds
215.474: [GC (Allocation Failure)  930471K->611945K(1036288K), 0.0052002 secs]
215.479: Total time for which application threads were stopped: 0.0053745 seconds, Stopping threads took: 0.0000195 seconds
215.548: [GC (Allocation Failure)  936041K->615945K(1035776K), 0.0047066 secs]
215.553: Total time for which application threads were stopped: 0.0048994 seconds, Stopping threads took: 0.0000190 seconds
215.623: [GC (Allocation Failure)  940041K->615945K(1035776K), 0.0048687 secs]
215.628: Total time for which application threads were stopped: 0.0050520 seconds, Stopping threads took: 0.0000164 seconds
215.698: [GC (Allocation Failure)  939529K->615977K(1023488K), 0.0048883 secs]
215.703: Total time for which application threads were stopped: 0.0050387 seconds, Stopping threads took: 0.0000172 seconds
215.770: [GC (Allocation Failure)  939561K->623947K(1035264K), 0.0049315 secs]
215.775: Total time for which application threads were stopped: 0.0051015 seconds, Stopping threads took: 0.0000196 seconds
215.843: [GC (Allocation Failure)  946507K->623979K(1030144K), 0.0046343 secs]
215.848: Total time for which application threads were stopped: 0.0048123 seconds, Stopping threads took: 0.0000197 seconds
215.915: [GC (Allocation Failure)  946539K->624003K(1034752K), 0.0051431 secs]
215.921: Total time for which application threads were stopped: 0.0053028 seconds, Stopping threads took: 0.0000193 seconds
215.988: [GC (Allocation Failure)  945539K->631973K(1029120K), 0.0050192 secs]
215.994: Total time for which application threads were stopped: 0.0051812 seconds, Stopping threads took: 0.0000196 seconds
216.062: [GC (Allocation Failure)  953509K->631973K(1034240K), 0.0046026 secs]
216.067: Total time for which application threads were stopped: 0.0047921 seconds, Stopping threads took: 0.0000281 seconds
216.134: [GC (Allocation Failure)  952485K->632237K(1034240K), 0.0050771 secs]
216.139: Total time for which application threads were stopped: 0.0052410 seconds, Stopping threads took: 0.0000198 seconds
216.207: [GC (Allocation Failure)  952749K->639984K(1034240K), 0.0111402 secs]
216.219: Total time for which application threads were stopped: 0.0113188 seconds, Stopping threads took: 0.0000193 seconds
216.288: [GC (Allocation Failure)  960496K->640016K(1034240K), 0.0049542 secs]
216.293: Total time for which application threads were stopped: 0.0051211 seconds, Stopping threads took: 0.0000256 seconds
216.361: [GC (Allocation Failure)  960528K->640464K(1033216K), 0.0049754 secs]
216.366: Total time for which application threads were stopped: 0.0051388 seconds, Stopping threads took: 0.0000201 seconds
216.433: [GC (Allocation Failure)  959952K->648050K(1033728K), 0.0049537 secs]
216.438: Total time for which application threads were stopped: 0.0051421 seconds, Stopping threads took: 0.0000198 seconds
216.507: [GC (Allocation Failure)  967538K->648018K(1033728K), 0.0079955 secs]
216.515: Total time for which application threads were stopped: 0.0081486 seconds, Stopping threads took: 0.0000179 seconds
216.580: [GC (Allocation Failure)  967506K->648218K(1033728K), 0.0052369 secs]
216.585: Total time for which application threads were stopped: 0.0054080 seconds, Stopping threads took: 0.0000192 seconds
216.653: [GC (Allocation Failure)  967706K->656124K(1033728K), 0.0048399 secs]
216.658: Total time for which application threads were stopped: 0.0050311 seconds, Stopping threads took: 0.0000202 seconds
216.725: [GC (Allocation Failure)  975612K->656124K(1033728K), 0.0050030 secs]
216.730: Total time for which application threads were stopped: 0.0051752 seconds, Stopping threads took: 0.0000199 seconds
216.798: [GC (Allocation Failure)  975612K->656164K(1033728K), 0.0052013 secs]
216.803: Total time for which application threads were stopped: 0.0053976 seconds, Stopping threads took: 0.0000205 seconds
216.872: [GC (Allocation Failure)  975652K->664167K(1027072K), 0.0050355 secs]
216.877: Total time for which application threads were stopped: 0.0052090 seconds, Stopping threads took: 0.0000199 seconds
216.943: [GC (Allocation Failure)  983654K->660260K(1034240K), 0.0041137 secs]
216.948: Total time for which application threads were stopped: 0.0042897 seconds, Stopping threads took: 0.0000266 seconds
217.015: [GC (Allocation Failure)  979748K->664287K(1033216K), 0.0052569 secs]
217.020: Total time for which application threads were stopped: 0.0054466 seconds, Stopping threads took: 0.0000200 seconds
217.089: [GC (Allocation Failure)  983775K->668255K(1034752K), 0.0048444 secs]
217.094: Total time for which application threads were stopped: 0.0050398 seconds, Stopping threads took: 0.0000201 seconds
217.162: [GC (Allocation Failure)  989791K->661468K(1034752K), 0.0022931 secs]
217.165: Total time for which application threads were stopped: 0.0024566 seconds, Stopping threads took: 0.0000199 seconds
217.234: [GC (Allocation Failure)  983004K->668287K(1034752K), 0.0057101 secs]
217.240: Total time for which application threads were stopped: 0.0058852 seconds, Stopping threads took: 0.0000206 seconds
217.307: [GC (Allocation Failure)  989823K->672399K(1034752K), 0.0058580 secs]
217.313: Total time for which application threads were stopped: 0.0060261 seconds, Stopping threads took: 0.0000198 seconds
217.379: [GC (Allocation Failure)  993935K->666860K(1034752K), 0.0032323 secs]
217.382: Total time for which application threads were stopped: 0.0033972 seconds, Stopping threads took: 0.0000203 seconds
217.450: [GC (Allocation Failure)  988396K->672639K(1034752K), 0.0051180 secs]
217.456: Total time for which application threads were stopped: 0.0052812 seconds, Stopping threads took: 0.0000204 seconds
217.525: [GC (Allocation Failure)  994175K->676511K(1034752K), 0.0054204 secs]
217.531: Total time for which application threads were stopped: 0.0055788 seconds, Stopping threads took: 0.0000198 seconds
217.598: [GC (Allocation Failure)  998999K->672636K(1035264K), 0.0050247 secs]
217.603: Total time for which application threads were stopped: 0.0052025 seconds, Stopping threads took: 0.0000194 seconds
217.671: [GC (Allocation Failure)  995196K->676703K(1036288K), 0.0053516 secs]
217.677: Total time for which application threads were stopped: 0.0055190 seconds, Stopping threads took: 0.0000199 seconds
217.745: [GC (Allocation Failure)  1000799K->680671K(1035776K), 0.0051221 secs]
217.750: Total time for which application threads were stopped: 0.0052911 seconds, Stopping threads took: 0.0000195 seconds
217.820: [GC (Allocation Failure)  1004767K->680671K(1035776K), 0.0058677 secs]
217.826: Total time for which application threads were stopped: 0.0060348 seconds, Stopping threads took: 0.0000284 seconds
217.894: [GC (Allocation Failure)  1004255K->680735K(1023488K), 0.0049963 secs]
217.899: Total time for which application threads were stopped: 0.0051561 seconds, Stopping threads took: 0.0000191 seconds
217.966: [GC (Allocation Failure)  1004319K->688737K(1035264K), 0.0049148 secs]
217.971: Total time for which application threads were stopped: 0.0051083 seconds, Stopping threads took: 0.0000201 seconds
218.040: [GC (Allocation Failure)  1011297K->688705K(1030144K), 0.0046792 secs]
218.045: Total time for which application threads were stopped: 0.0048611 seconds, Stopping threads took: 0.0000173 seconds
218.114: [GC (Allocation Failure)  1011265K->688777K(1034752K), 0.0050248 secs]
218.119: [Full GC (Ergonomics)  688777K->8520K(1034752K), 0.0124493 secs]
218.131: Total time for which application threads were stopped: 0.0177076 seconds, Stopping threads took: 0.0000192 seconds
218.199: [GC (Allocation Failure)  330056K->16586K(1034752K), 0.0038558 secs]
218.203: Total time for which application threads were stopped: 0.0040161 seconds, Stopping threads took: 0.0000191 seconds
218.271: [GC (Allocation Failure)  338122K->16610K(1033728K), 0.0035496 secs]
218.275: Total time for which application threads were stopped: 0.0037150 seconds, Stopping threads took: 0.0000189 seconds
218.341: [GC (Allocation Failure)  337122K->16858K(1034240K), 0.0039550 secs]
218.345: Total time for which application threads were stopped: 0.0041215 seconds, Stopping threads took: 0.0000201 seconds
218.413: [GC (Allocation Failure)  337370K->24636K(1034240K), 0.0037668 secs]
218.417: Total time for which application threads were stopped: 0.0039333 seconds, Stopping threads took: 0.0000186 seconds
218.487: [GC (Allocation Failure)  345148K->24636K(1034240K), 0.0036732 secs]
218.490: Total time for which application threads were stopped: 0.0038703 seconds, Stopping threads took: 0.0000188 seconds
218.559: [GC (Allocation Failure)  345148K->25052K(1033216K), 0.0041527 secs]
218.564: Total time for which application threads were stopped: 0.0043137 seconds, Stopping threads took: 0.0000193 seconds
218.633: [GC (Allocation Failure)  344540K->32703K(1033728K), 0.0039515 secs]
218.637: Total time for which application threads were stopped: 0.0041298 seconds, Stopping threads took: 0.0000201 seconds
218.706: [GC (Allocation Failure)  352191K->32703K(1033728K), 0.0036628 secs]
218.710: Total time for which application threads were stopped: 0.0038219 seconds, Stopping threads took: 0.0000201 seconds
218.775: [GC (Allocation Failure)  352191K->32799K(1033728K), 0.0039386 secs]
218.779: Total time for which application threads were stopped: 0.0041090 seconds, Stopping threads took: 0.0000276 seconds
218.846: [GC (Allocation Failure)  352287K->40737K(1033728K), 0.0038647 secs]
218.850: Total time for which application threads were stopped: 0.0040530 seconds, Stopping threads took: 0.0000189 seconds
218.919: [GC (Allocation Failure)  360225K->40705K(1033728K), 0.0037773 secs]
218.923: Total time for which application threads were stopped: 0.0039351 seconds, Stopping threads took: 0.0000250 seconds
218.989: [GC (Allocation Failure)  360193K->40777K(1033728K), 0.0039788 secs]
218.993: Total time for which application threads were stopped: 0.0041408 seconds, Stopping threads took: 0.0000192 seconds
219.060: [GC (Allocation Failure)  360265K->48747K(1027072K), 0.0040169 secs]
219.064: Total time for which application threads were stopped: 0.0041790 seconds, Stopping threads took: 0.0000202 seconds
219.129: [GC (Allocation Failure)  368235K->44841K(1034240K), 0.0026578 secs]
219.132: Total time for which application threads were stopped: 0.0028433 seconds, Stopping threads took: 0.0000216 seconds
219.199: [GC (Allocation Failure)  364329K->48907K(1033216K), 0.0041241 secs]
219.204: Total time for which application threads were stopped: 0.0042907 seconds, Stopping threads took: 0.0000190 seconds
219.271: [GC (Allocation Failure)  368395K->52907K(1034752K), 0.0038562 secs]
219.275: Total time for which application threads were stopped: 0.0040424 seconds, Stopping threads took: 0.0000283 seconds
219.342: [GC (Allocation Failure)  374443K->46121K(1034752K), 0.0010435 secs]
219.343: Total time for which application threads were stopped: 0.0011811 seconds, Stopping threads took: 0.0000203 seconds
219.413: [GC (Allocation Failure)  367657K->52947K(1034752K), 0.0036781 secs]
219.417: Total time for which application threads were stopped: 0.0038467 seconds, Stopping threads took: 0.0000193 seconds
219.483: [GC (Allocation Failure)  374483K->57027K(1034752K), 0.0049134 secs]
219.488: Total time for which application threads were stopped: 0.0050828 seconds, Stopping threads took: 0.0000202 seconds
219.555: [GC (Allocation Failure)  378563K->51489K(1034752K), 0.0016912 secs]
219.557: Total time for which application threads were stopped: 0.0018214 seconds, Stopping threads took: 0.0000190 seconds
219.624: [GC (Allocation Failure)  373025K->57299K(1034752K), 0.0038641 secs]
219.628: Total time for which application threads were stopped: 0.0040308 seconds, Stopping threads took: 0.0000195 seconds
219.695: [GC (Allocation Failure)  378835K->61171K(1034752K), 0.0041649 secs]
219.700: Total time for which application threads were stopped: 0.0043331 seconds, Stopping threads took: 0.0000188 seconds
219.767: [GC (Allocation Failure)  383659K->57233K(1035264K), 0.0024539 secs]
219.769: Total time for which application threads were stopped: 0.0026214 seconds, Stopping threads took: 0.0000257 seconds
219.839: [GC (Allocation Failure)  379793K->61323K(1036288K), 0.0039195 secs]
219.843: Total time for which application threads were stopped: 0.0040863 seconds, Stopping threads took: 0.0000198 seconds
219.910: [GC (Allocation Failure)  385419K->65323K(1035776K), 0.0038244 secs]
219.914: Total time for which application threads were stopped: 0.0040017 seconds, Stopping threads took: 0.0000197 seconds
219.984: [GC (Allocation Failure)  389419K->65291K(1035776K), 0.0035775 secs]
219.988: Total time for which application threads were stopped: 0.0037404 seconds, Stopping threads took: 0.0000172 seconds
220.057: [GC (Allocation Failure)  388875K->65355K(1023488K), 0.0039905 secs]
220.062: Total time for which application threads were stopped: 0.0041574 seconds, Stopping threads took: 0.0000203 seconds
220.128: [GC (Allocation Failure)  388939K->73357K(1035264K), 0.0039906 secs]
220.132: Total time for which application threads were stopped: 0.0041788 seconds, Stopping threads took: 0.0000199 seconds
220.200: [GC (Allocation Failure)  395917K->73325K(1030144K), 0.0038593 secs]
220.204: Total time for which application threads were stopped: 0.0040305 seconds, Stopping threads took: 0.0000201 seconds
220.272: [GC (Allocation Failure)  395885K->73381K(1034752K), 0.0039639 secs]
220.276: Total time for which application threads were stopped: 0.0041208 seconds, Stopping threads took: 0.0000262 seconds
220.344: [GC (Allocation Failure)  394917K->81384K(1029120K), 0.0039153 secs]
220.348: Total time for which application threads were stopped: 0.0041025 seconds, Stopping threads took: 0.0000277 seconds
220.418: [GC (Allocation Failure)  402920K->81352K(1034240K), 0.0039058 secs]
220.422: Total time for which application threads were stopped: 0.0040686 seconds, Stopping threads took: 0.0000195 seconds
220.489: [GC (Allocation Failure)  401864K->81616K(1034240K), 0.0093378 secs]
220.498: Total time for which application threads were stopped: 0.0094840 seconds, Stopping threads took: 0.0000200 seconds
220.567: [GC (Allocation Failure)  402128K->89426K(1034240K), 0.0038943 secs]
220.571: Total time for which application threads were stopped: 0.0040615 seconds, Stopping threads took: 0.0000192 seconds
220.638: [GC (Allocation Failure)  409938K->89394K(1034240K), 0.0038100 secs]
220.642: Total time for which application threads were stopped: 0.0039701 seconds, Stopping threads took: 0.0000199 seconds
220.709: [GC (Allocation Failure)  409906K->89834K(1033216K), 0.0042478 secs]
220.714: Total time for which application threads were stopped: 0.0044085 seconds, Stopping threads took: 0.0000192 seconds
220.783: [GC (Allocation Failure)  409322K->97452K(1033728K), 0.0038378 secs]
220.787: Total time for which application threads were stopped: 0.0040016 seconds, Stopping threads took: 0.0000267 seconds
220.854: [GC (Allocation Failure)  416940K->97452K(1033728K), 0.0037100 secs]
220.858: Total time for which application threads were stopped: 0.0039014 seconds, Stopping threads took: 0.0000190 seconds
220.924: [GC (Allocation Failure)  416940K->97540K(1033728K), 0.0041105 secs]
220.928: Total time for which application threads were stopped: 0.0042722 seconds, Stopping threads took: 0.0000204 seconds
220.996: [GC (Allocation Failure)  417028K->105446K(1033728K), 0.0039020 secs]
221.000: Total time for which application threads were stopped: 0.0040610 seconds, Stopping threads took: 0.0000195 seconds
221.067: [GC (Allocation Failure)  424934K->105414K(1033728K), 0.0039428 secs]
221.071: Total time for which application threads were stopped: 0.0040997 seconds, Stopping threads took: 0.0000189 seconds
221.137: [GC (Allocation Failure)  424902K->105510K(1033728K), 0.0041664 secs]
221.142: Total time for which application threads were stopped: 0.0043331 seconds, Stopping threads took: 0.0000192 seconds
221.210: [GC (Allocation Failure)  424998K->113513K(1027072K), 0.0040852 secs]
221.214: Total time for which application threads were stopped: 0.0042454 seconds, Stopping threads took: 0.0000196 seconds
221.280: [GC (Allocation Failure)  433000K->109574K(1034240K), 0.0027328 secs]
221.282: Total time for which application threads were stopped: 0.0028839 seconds, Stopping threads took: 0.0000192 seconds
221.350: [GC (Allocation Failure)  429062K->113641K(1033216K), 0.0041709 secs]
221.354: Total time for which application threads were stopped: 0.0043300 seconds, Stopping threads took: 0.0000190 seconds
221.421: [GC (Allocation Failure)  433129K->117641K(1034752K), 0.0039767 secs]
221.426: Total time for which application threads were stopped: 0.0041447 seconds, Stopping threads took: 0.0000279 seconds
221.492: [GC (Allocation Failure)  439177K->110790K(1034752K), 0.0014996 secs]
221.494: Total time for which application threads were stopped: 0.0016463 seconds, Stopping threads took: 0.0000252 seconds
221.562: [GC (Allocation Failure)  432326K->117673K(1034752K), 0.0039184 secs]
221.566: Total time for which application threads were stopped: 0.0040891 seconds, Stopping threads took: 0.0000195 seconds
221.631: [GC (Allocation Failure)  439209K->121753K(1034752K), 0.0048464 secs]
221.636: Total time for which application threads were stopped: 0.0050080 seconds, Stopping threads took: 0.0000200 seconds
221.701: [GC (Allocation Failure)  443289K->116182K(1034752K), 0.0018756 secs]
221.703: Total time for which application threads were stopped: 0.0020304 seconds, Stopping threads took: 0.0000196 seconds
221.771: [GC (Allocation Failure)  437718K->122057K(1034752K), 0.0038625 secs]
221.775: Total time for which application threads were stopped: 0.0040650 seconds, Stopping threads took: 0.0000193 seconds
221.843: [GC (Allocation Failure)  443593K->125905K(1035264K), 0.0042199 secs]
221.847: Total time for which application threads were stopped: 0.0043902 seconds, Stopping threads took: 0.0000197 seconds
221.917: [GC (Allocation Failure)  448393K->122030K(1035264K), 0.0026342 secs]
221.920: Total time for which application threads were stopped: 0.0027875 seconds, Stopping threads took: 0.0000195 seconds
221.988: [GC (Allocation Failure)  444590K->126057K(1036288K), 0.0041027 secs]
221.992: Total time for which application threads were stopped: 0.0042622 seconds, Stopping threads took: 0.0000196 seconds
222.060: [GC (Allocation Failure)  450153K->130025K(1035776K), 0.0039502 secs]
222.064: Total time for which application threads were stopped: 0.0041092 seconds, Stopping threads took: 0.0000197 seconds
222.135: [GC (Allocation Failure)  454121K->130025K(1035776K), 0.0038354 secs]
222.139: Total time for which application threads were stopped: 0.0040052 seconds, Stopping threads took: 0.0000194 seconds
222.207: [GC (Allocation Failure)  453609K->130089K(1023488K), 0.0041895 secs]
222.212: Total time for which application threads were stopped: 0.0043557 seconds, Stopping threads took: 0.0000189 seconds
222.279: [GC (Allocation Failure)  453673K->138091K(1035264K), 0.0038965 secs]
222.283: Total time for which application threads were stopped: 0.0040607 seconds, Stopping threads took: 0.0000260 seconds
222.352: [GC (Allocation Failure)  460651K->138059K(1030144K), 0.0040454 secs]
222.356: Total time for which application threads were stopped: 0.0042292 seconds, Stopping threads took: 0.0000190 seconds
222.423: [GC (Allocation Failure)  460619K->138123K(1034752K), 0.0041212 secs]
222.427: Total time for which application threads were stopped: 0.0042788 seconds, Stopping threads took: 0.0000197 seconds
222.495: [GC (Allocation Failure)  459659K->146093K(1029120K), 0.0043986 secs]
222.499: Total time for which application threads were stopped: 0.0045558 seconds, Stopping threads took: 0.0000239 seconds
222.568: [GC (Allocation Failure)  467629K->146093K(1034240K), 0.0037548 secs]
222.572: Total time for which application threads were stopped: 0.0039135 seconds, Stopping threads took: 0.0000196 seconds
222.638: [GC (Allocation Failure)  466605K->146349K(1034240K), 0.0042585 secs]
222.643: Total time for which application threads were stopped: 0.0044254 seconds, Stopping threads took: 0.0000187 seconds
222.710: [GC (Allocation Failure)  466861K->154127K(1034240K), 0.0040349 secs]
222.714: Total time for which application threads were stopped: 0.0041953 seconds, Stopping threads took: 0.0000190 seconds
222.785: [GC (Allocation Failure)  474639K->154159K(1034240K), 0.0039105 secs]
222.789: Total time for which application threads were stopped: 0.0040859 seconds, Stopping threads took: 0.0000279 seconds
222.857: [GC (Allocation Failure)  474671K->154535K(1033216K), 0.0040462 secs]
222.861: Total time for which application threads were stopped: 0.0042418 seconds, Stopping threads took: 0.0000265 seconds
222.930: [GC (Allocation Failure)  474023K->162186K(1033728K), 0.0039539 secs]
222.934: Total time for which application threads were stopped: 0.0041315 seconds, Stopping threads took: 0.0000194 seconds
223.002: [GC (Allocation Failure)  481674K->162154K(1033728K), 0.0041890 secs]
223.006: Total time for which application threads were stopped: 0.0043520 seconds, Stopping threads took: 0.0000184 seconds
223.071: [GC (Allocation Failure)  481642K->162282K(1033728K), 0.0042469 secs]
223.075: Total time for which application threads were stopped: 0.0044179 seconds, Stopping threads took: 0.0000204 seconds
223.142: [GC (Allocation Failure)  481770K->170188K(1033728K), 0.0039580 secs]
223.146: Total time for which application threads were stopped: 0.0041328 seconds, Stopping threads took: 0.0000202 seconds
223.215: [GC (Allocation Failure)  489676K->170220K(1033728K), 0.0041299 secs]
223.219: Total time for which application threads were stopped: 0.0043115 seconds, Stopping threads took: 0.0000172 seconds
223.288: [GC (Allocation Failure)  489708K->170252K(1033728K), 0.0042741 secs]
223.293: Total time for which application threads were stopped: 0.0044423 seconds, Stopping threads took: 0.0000196 seconds
223.360: [GC (Allocation Failure)  489740K->178222K(1027072K), 0.0040963 secs]
223.364: Total time for which application threads were stopped: 0.0042722 seconds, Stopping threads took: 0.0000210 seconds
223.431: [GC (Allocation Failure)  497710K->174316K(1034240K), 0.0028670 secs]
223.434: Total time for which application threads were stopped: 0.0030289 seconds, Stopping threads took: 0.0000191 seconds
223.501: [GC (Allocation Failure)  493804K->178342K(1033216K), 0.0048652 secs]
223.506: Total time for which application threads were stopped: 0.0050696 seconds, Stopping threads took: 0.0000270 seconds
223.574: [GC (Allocation Failure)  497830K->182374K(1034752K), 0.0038247 secs]
223.578: Total time for which application threads were stopped: 0.0039919 seconds, Stopping threads took: 0.0000175 seconds
223.645: [GC (Allocation Failure)  503910K->175588K(1034752K), 0.0014752 secs]
223.647: Total time for which application threads were stopped: 0.0016000 seconds, Stopping threads took: 0.0000195 seconds
223.715: [GC (Allocation Failure)  497124K->182414K(1034752K), 0.0040084 secs]
223.719: Total time for which application threads were stopped: 0.0042017 seconds, Stopping threads took: 0.0000204 seconds
223.787: [GC (Allocation Failure)  503950K->186494K(1034752K), 0.0049319 secs]
223.792: Total time for which application threads were stopped: 0.0051049 seconds, Stopping threads took: 0.0000261 seconds
223.857: [GC (Allocation Failure)  508030K->180924K(1034752K), 0.0018804 secs]
223.859: Total time for which application threads were stopped: 0.0020039 seconds, Stopping threads took: 0.0000188 seconds
223.928: [GC (Allocation Failure)  502460K->186758K(1034752K), 0.0039742 secs]
223.933: Total time for which application threads were stopped: 0.0041606 seconds, Stopping threads took: 0.0000171 seconds
224.002: [GC (Allocation Failure)  508294K->190654K(1035264K), 0.0044928 secs]
224.007: Total time for which application threads were stopped: 0.0046853 seconds, Stopping threads took: 0.0000345 seconds
224.074: [GC (Allocation Failure)  513143K->186716K(1035264K), 0.0026805 secs]
224.077: Total time for which application threads were stopped: 0.0028389 seconds, Stopping threads took: 0.0000201 seconds
224.145: [GC (Allocation Failure)  509276K->190782K(1036288K), 0.0043972 secs]
224.150: Total time for which application threads were stopped: 0.0045710 seconds, Stopping threads took: 0.0000205 seconds
224.219: [GC (Allocation Failure)  514878K->194718K(1035776K), 0.0065842 secs]
224.226: Total time for which application threads were stopped: 0.0067717 seconds, Stopping threads took: 0.0000198 seconds
224.296: [GC (Allocation Failure)  518814K->194750K(1035776K), 0.0039556 secs]
224.300: Total time for which application threads were stopped: 0.0041232 seconds, Stopping threads took: 0.0000277 seconds
224.368: [GC (Allocation Failure)  518334K->194822K(1023488K), 0.0041991 secs]
224.373: Total time for which application threads were stopped: 0.0043795 seconds, Stopping threads took: 0.0000196 seconds
224.439: [GC (Allocation Failure)  518406K->202793K(1035264K), 0.0041683 secs]
224.444: Total time for which application threads were stopped: 0.0043342 seconds, Stopping threads took: 0.0000197 seconds
224.513: [GC (Allocation Failure)  525353K->202793K(1030144K), 0.0046555 secs]
224.517: Total time for which application threads were stopped: 0.0048030 seconds, Stopping threads took: 0.0000265 seconds
224.586: [GC (Allocation Failure)  525353K->202857K(1034752K), 0.0041502 secs]
224.590: Total time for which application threads were stopped: 0.0043467 seconds, Stopping threads took: 0.0000276 seconds
224.659: [GC (Allocation Failure)  524393K->210859K(1029120K), 0.0042351 secs]
224.663: Total time for which application threads were stopped: 0.0044033 seconds, Stopping threads took: 0.0000196 seconds
224.731: [GC (Allocation Failure)  532395K->210795K(1034240K), 0.0041827 secs]
224.736: Total time for which application threads were stopped: 0.0043528 seconds, Stopping threads took: 0.0000201 seconds
224.803: [GC (Allocation Failure)  531307K->211083K(1034240K), 0.0042439 secs]
224.807: Total time for which application threads were stopped: 0.0044139 seconds, Stopping threads took: 0.0000199 seconds
224.875: [GC (Allocation Failure)  531595K->218893K(1034240K), 0.0039740 secs]
224.879: Total time for which application threads were stopped: 0.0041368 seconds, Stopping threads took: 0.0000201 seconds
224.947: [GC (Allocation Failure)  539405K->218861K(1034240K), 0.0043452 secs]
224.951: Total time for which application threads were stopped: 0.0045141 seconds, Stopping threads took: 0.0000195 seconds
225.018: [GC (Allocation Failure)  539373K->219269K(1033216K), 0.0044200 secs]
225.022: Total time for which application threads were stopped: 0.0045904 seconds, Stopping threads took: 0.0000190 seconds
225.090: [GC (Allocation Failure)  538757K->226887K(1033728K), 0.0065816 secs]
225.096: Total time for which application threads were stopped: 0.0067384 seconds, Stopping threads took: 0.0000200 seconds
225.165: [GC (Allocation Failure)  546375K->226919K(1033728K), 0.0041344 secs]
225.169: Total time for which application threads were stopped: 0.0043075 seconds, Stopping threads took: 0.0000202 seconds
225.234: [GC (Allocation Failure)  546407K->227015K(1033728K), 0.0041818 secs]
225.238: Total time for which application threads were stopped: 0.0043443 seconds, Stopping threads took: 0.0000173 seconds
225.308: [GC (Allocation Failure)  546503K->234954K(1033728K), 0.0041589 secs]
225.312: Total time for which application threads were stopped: 0.0043469 seconds, Stopping threads took: 0.0000206 seconds
225.379: [GC (Allocation Failure)  554442K->234922K(1033728K), 0.0039979 secs]
225.383: Total time for which application threads were stopped: 0.0041910 seconds, Stopping threads took: 0.0000200 seconds
225.452: [GC (Allocation Failure)  554410K->234978K(1033728K), 0.0042612 secs]
225.457: Total time for which application threads were stopped: 0.0044316 seconds, Stopping threads took: 0.0000197 seconds
225.525: [GC (Allocation Failure)  554466K->242916K(1027072K), 0.0043113 secs]
225.529: Total time for which application threads were stopped: 0.0044825 seconds, Stopping threads took: 0.0000193 seconds
225.596: [GC (Allocation Failure)  562403K->239074K(1034240K), 0.0030290 secs]
225.599: Total time for which application threads were stopped: 0.0032013 seconds, Stopping threads took: 0.0000190 seconds
225.669: [GC (Allocation Failure)  558562K->243108K(1033216K), 0.0043066 secs]
225.673: Total time for which application threads were stopped: 0.0044579 seconds, Stopping threads took: 0.0000168 seconds
225.741: [GC (Allocation Failure)  562596K->247076K(1034752K), 0.0042253 secs]
225.745: Total time for which application threads were stopped: 0.0043860 seconds, Stopping threads took: 0.0000199 seconds
225.813: [GC (Allocation Failure)  568612K->240322K(1034752K), 0.0014274 secs]
225.814: Total time for which application threads were stopped: 0.0015538 seconds, Stopping threads took: 0.0000198 seconds
225.882: [GC (Allocation Failure)  561858K->247140K(1034752K), 0.0041608 secs]
225.886: Total time for which application threads were stopped: 0.0043230 seconds, Stopping threads took: 0.0000199 seconds
225.952: [GC (Allocation Failure)  568676K->251252K(1034752K), 0.0052111 secs]
225.958: Total time for which application threads were stopped: 0.0053802 seconds, Stopping threads took: 0.0000204 seconds
226.023: [GC (Allocation Failure)  572788K->245650K(1034752K), 0.0021094 secs]
226.026: Total time for which application threads were stopped: 0.0022818 seconds, Stopping threads took: 0.0000202 seconds
226.095: [GC (Allocation Failure)  567186K->251492K(1034752K), 0.0042998 secs]
226.099: Total time for which application threads were stopped: 0.0044616 seconds, Stopping threads took: 0.0000192 seconds
226.166: [GC (Allocation Failure)  573028K->255332K(1034752K), 0.0046899 secs]
226.171: Total time for which application threads were stopped: 0.0048599 seconds, Stopping threads took: 0.0000199 seconds
226.237: [GC (Allocation Failure)  577820K->251458K(1035264K), 0.0028250 secs]
226.240: Total time for which application threads were stopped: 0.0029938 seconds, Stopping threads took: 0.0000200 seconds
226.310: [GC (Allocation Failure)  574018K->255532K(1036288K), 0.0043292 secs]
226.315: Total time for which application threads were stopped: 0.0044908 seconds, Stopping threads took: 0.0000199 seconds
226.384: [GC (Allocation Failure)  579628K->259532K(1035776K), 0.0058839 secs]
226.390: Total time for which application threads were stopped: 0.0060644 seconds, Stopping threads took: 0.0000202 seconds
226.460: [GC (Allocation Failure)  583628K->259500K(1035776K), 0.0039981 secs]
226.465: Total time for which application threads were stopped: 0.0041904 seconds, Stopping threads took: 0.0000199 seconds
226.535: [GC (Allocation Failure)  583084K->259564K(1023488K), 0.0045019 secs]
226.540: Total time for which application threads were stopped: 0.0046982 seconds, Stopping threads took: 0.0000196 seconds
226.607: [GC (Allocation Failure)  583148K->267566K(1035264K), 0.0041831 secs]
226.611: Total time for which application threads were stopped: 0.0043842 seconds, Stopping threads took: 0.0000214 seconds
226.680: [GC (Allocation Failure)  590126K->267566K(1030144K), 0.0041673 secs]
226.684: Total time for which application threads were stopped: 0.0043421 seconds, Stopping threads took: 0.0000352 seconds
226.751: [GC (Allocation Failure)  590126K->267558K(1034752K), 0.0045470 secs]
226.756: Total time for which application threads were stopped: 0.0047187 seconds, Stopping threads took: 0.0000193 seconds
226.824: [GC (Allocation Failure)  589094K->275592K(1029120K), 0.0041925 secs]
226.828: Total time for which application threads were stopped: 0.0043619 seconds, Stopping threads took: 0.0000280 seconds
226.896: [GC (Allocation Failure)  597128K->275592K(1034240K), 0.0042276 secs]
226.900: Total time for which application threads were stopped: 0.0043999 seconds, Stopping threads took: 0.0000190 seconds
226.967: [GC (Allocation Failure)  596104K->275816K(1034240K), 0.0044274 secs]
226.972: Total time for which application threads were stopped: 0.0046375 seconds, Stopping threads took: 0.0000193 seconds
227.041: [GC (Allocation Failure)  596328K->283595K(1034240K), 0.0042047 secs]
227.046: Total time for which application threads were stopped: 0.0043729 seconds, Stopping threads took: 0.0000167 seconds
227.116: [GC (Allocation Failure)  604107K->283595K(1034240K), 0.0045505 secs]
227.120: Total time for which application threads were stopped: 0.0047245 seconds, Stopping threads took: 0.0000257 seconds
227.190: [GC (Allocation Failure)  604107K->284035K(1033216K), 0.0045747 secs]
227.194: Total time for which application threads were stopped: 0.0047410 seconds, Stopping threads took: 0.0000258 seconds
227.262: [GC (Allocation Failure)  603523K->291621K(1033728K), 0.0043080 secs]
227.267: Total time for which application threads were stopped: 0.0044801 seconds, Stopping threads took: 0.0000201 seconds
227.335: [GC (Allocation Failure)  611109K->291621K(1033728K), 0.0042392 secs]
227.339: Total time for which application threads were stopped: 0.0044112 seconds, Stopping threads took: 0.0000208 seconds
227.404: [GC (Allocation Failure)  611109K->291781K(1033728K), 0.0043607 secs]
227.409: Total time for which application threads were stopped: 0.0045851 seconds, Stopping threads took: 0.0000202 seconds
227.478: [GC (Allocation Failure)  611269K->299687K(1033728K), 0.0042036 secs]
227.482: Total time for which application threads were stopped: 0.0043622 seconds, Stopping threads took: 0.0000178 seconds
227.551: [GC (Allocation Failure)  619175K->299655K(1033728K), 0.0041347 secs]
227.555: Total time for which application threads were stopped: 0.0043214 seconds, Stopping threads took: 0.0000204 seconds
227.622: [GC (Allocation Failure)  619143K->299719K(1033728K), 0.0044100 secs]
227.627: Total time for which application threads were stopped: 0.0045798 seconds, Stopping threads took: 0.0000193 seconds
227.694: [GC (Allocation Failure)  619207K->307657K(1027072K), 0.0042929 secs]
227.698: Total time for which application threads were stopped: 0.0044859 seconds, Stopping threads took: 0.0000208 seconds
227.765: [GC (Allocation Failure)  627145K->303783K(1034240K), 0.0032873 secs]
227.768: Total time for which application threads were stopped: 0.0035839 seconds, Stopping threads took: 0.0000200 seconds
227.836: [GC (Allocation Failure)  623271K->307849K(1033216K), 0.0045242 secs]
227.841: Total time for which application threads were stopped: 0.0046905 seconds, Stopping threads took: 0.0000196 seconds
227.908: [GC (Allocation Failure)  627337K->311849K(1034752K), 0.0043083 secs]
227.913: Total time for which application threads were stopped: 0.0044781 seconds, Stopping threads took: 0.0000196 seconds
227.979: [GC (Allocation Failure)  633385K->305063K(1034752K), 0.0015598 secs]
227.981: Total time for which application threads were stopped: 0.0016863 seconds, Stopping threads took: 0.0000185 seconds
228.048: [GC (Allocation Failure)  626599K->311889K(1034752K), 0.0041750 secs]
228.052: Total time for which application threads were stopped: 0.0043344 seconds, Stopping threads took: 0.0000189 seconds
228.118: [GC (Allocation Failure)  633425K->315945K(1034752K), 0.0074582 secs]
228.125: Total time for which application threads were stopped: 0.0076265 seconds, Stopping threads took: 0.0000196 seconds
228.192: [GC (Allocation Failure)  637481K->310439K(1034752K), 0.0022469 secs]
228.194: Total time for which application threads were stopped: 0.0024102 seconds, Stopping threads took: 0.0000219 seconds
228.265: [GC (Allocation Failure)  631975K->316249K(1034752K), 0.0042454 secs]
228.269: Total time for which application threads were stopped: 0.0044025 seconds, Stopping threads took: 0.0000166 seconds
228.337: [GC (Allocation Failure)  637785K->320113K(1034752K), 0.0047562 secs]
228.341: Total time for which application threads were stopped: 0.0049504 seconds, Stopping threads took: 0.0000200 seconds
228.409: [GC (Allocation Failure)  642602K->316207K(1035264K), 0.0029245 secs]
228.412: Total time for which application threads were stopped: 0.0031050 seconds, Stopping threads took: 0.0000172 seconds
228.482: [GC (Allocation Failure)  638767K->320265K(1036288K), 0.0045335 secs]
228.487: Total time for which application threads were stopped: 0.0046943 seconds, Stopping threads took: 0.0000202 seconds
228.555: [GC (Allocation Failure)  644361K->324233K(1035776K), 0.0042044 secs]
228.560: Total time for which application threads were stopped: 0.0043823 seconds, Stopping threads took: 0.0000190 seconds
228.630: [GC (Allocation Failure)  648329K->324233K(1035776K), 0.0043457 secs]
228.635: Total time for which application threads were stopped: 0.0045135 seconds, Stopping threads took: 0.0000213 seconds
228.704: [GC (Allocation Failure)  647817K->324297K(1023488K), 0.0046361 secs]
228.708: Total time for which application threads were stopped: 0.0048052 seconds, Stopping threads took: 0.0000280 seconds
228.775: [GC (Allocation Failure)  647881K->332300K(1035264K), 0.0044308 secs]
228.780: Total time for which application threads were stopped: 0.0046049 seconds, Stopping threads took: 0.0000283 seconds
228.848: [GC (Allocation Failure)  654860K->332268K(1030144K), 0.0041859 secs]
228.852: Total time for which application threads were stopped: 0.0044131 seconds, Stopping threads took: 0.0000304 seconds
228.921: [GC (Allocation Failure)  654828K->332332K(1034752K), 0.0045958 secs]
228.926: Total time for which application threads were stopped: 0.0047688 seconds, Stopping threads took: 0.0000189 seconds
228.993: [GC (Allocation Failure)  653868K->340334K(1034752K), 0.0045800 secs]
228.998: Total time for which application threads were stopped: 0.0047602 seconds, Stopping threads took: 0.0000199 seconds
229.068: [GC (Allocation Failure)  661870K->340302K(1033728K), 0.0043698 secs]
229.072: Total time for which application threads were stopped: 0.0045402 seconds, Stopping threads took: 0.0000192 seconds
229.140: [GC (Allocation Failure)  660814K->340550K(1034240K), 0.0046545 secs]
229.144: Total time for which application threads were stopped: 0.0048262 seconds, Stopping threads took: 0.0000204 seconds
229.212: [GC (Allocation Failure)  661062K->348328K(1034240K), 0.0043774 secs]
229.217: Total time for which application threads were stopped: 0.0045528 seconds, Stopping threads took: 0.0000199 seconds
229.286: [GC (Allocation Failure)  668840K->348328K(1034240K), 0.0043364 secs]
229.290: Total time for which application threads were stopped: 0.0045054 seconds, Stopping threads took: 0.0000275 seconds
229.358: [GC (Allocation Failure)  668840K->348776K(1033216K), 0.0045042 secs]
229.362: Total time for which application threads were stopped: 0.0046640 seconds, Stopping threads took: 0.0000198 seconds
229.430: [GC (Allocation Failure)  668264K->356395K(1033728K), 0.0044991 secs]
229.435: Total time for which application threads were stopped: 0.0046611 seconds, Stopping threads took: 0.0000200 seconds
229.503: [GC (Allocation Failure)  675883K->356331K(1033728K), 0.0073680 secs]
229.511: Total time for which application threads were stopped: 0.0075840 seconds, Stopping threads took: 0.0000280 seconds
229.577: [GC (Allocation Failure)  675819K->356515K(1033728K), 0.0047620 secs]
229.582: Total time for which application threads were stopped: 0.0049329 seconds, Stopping threads took: 0.0000192 seconds
229.651: [GC (Allocation Failure)  676003K->364421K(1033728K), 0.0044123 secs]
229.656: Total time for which application threads were stopped: 0.0045907 seconds, Stopping threads took: 0.0000196 seconds
229.723: [GC (Allocation Failure)  683909K->364389K(1033728K), 0.0044386 secs]
229.727: Total time for which application threads were stopped: 0.0045953 seconds, Stopping threads took: 0.0000188 seconds
229.794: [GC (Allocation Failure)  683877K->364453K(1033728K), 0.0046819 secs]
229.799: Total time for which application threads were stopped: 0.0048467 seconds, Stopping threads took: 0.0000266 seconds
229.866: [GC (Allocation Failure)  683941K->372423K(1027072K), 0.0045138 secs]
229.870: Total time for which application threads were stopped: 0.0046799 seconds, Stopping threads took: 0.0000197 seconds
229.935: [GC (Allocation Failure)  691911K->368517K(1034240K), 0.0034902 secs]
229.939: Total time for which application threads were stopped: 0.0036544 seconds, Stopping threads took: 0.0000195 seconds
230.008: [GC (Allocation Failure)  688005K->372583K(1033216K), 0.0046180 secs]
230.013: Total time for which application threads were stopped: 0.0047860 seconds, Stopping threads took: 0.0000196 seconds
230.080: [GC (Allocation Failure)  692071K->376551K(1034752K), 0.0044129 secs]
230.084: Total time for which application threads were stopped: 0.0045850 seconds, Stopping threads took: 0.0000199 seconds
230.151: [GC (Allocation Failure)  698087K->369797K(1034752K), 0.0017893 secs]
230.153: Total time for which application threads were stopped: 0.0019405 seconds, Stopping threads took: 0.0000200 seconds
230.222: [GC (Allocation Failure)  691333K->376615K(1034752K), 0.0042996 secs]
230.226: Total time for which application threads were stopped: 0.0044553 seconds, Stopping threads took: 0.0000166 seconds
230.292: [GC (Allocation Failure)  698151K->380695K(1034752K), 0.0052885 secs]
230.298: Total time for which application threads were stopped: 0.0054547 seconds, Stopping threads took: 0.0000258 seconds
230.363: [GC (Allocation Failure)  702231K->375189K(1034752K), 0.0026342 secs]
230.366: Total time for which application threads were stopped: 0.0027830 seconds, Stopping threads took: 0.0000198 seconds
230.433: [GC (Allocation Failure)  696725K->380991K(1034752K), 0.0043706 secs]
230.438: Total time for which application threads were stopped: 0.0045678 seconds, Stopping threads took: 0.0000209 seconds
230.507: [GC (Allocation Failure)  702527K->384831K(1034752K), 0.0083881 secs]
230.516: Total time for which application threads were stopped: 0.0085702 seconds, Stopping threads took: 0.0000252 seconds
230.583: [GC (Allocation Failure)  707319K->380925K(1035264K), 0.0033248 secs]
230.586: Total time for which application threads were stopped: 0.0034853 seconds, Stopping threads took: 0.0000198 seconds
230.655: [GC (Allocation Failure)  703485K->384991K(1036288K), 0.0049335 secs]
230.660: Total time for which application threads were stopped: 0.0051093 seconds, Stopping threads took: 0.0000196 seconds
230.728: [GC (Allocation Failure)  709087K->388959K(1035776K), 0.0044528 secs]
230.733: Total time for which application threads were stopped: 0.0046179 seconds, Stopping threads took: 0.0000202 seconds
230.802: [GC (Allocation Failure)  713055K->388959K(1035776K), 0.0042748 secs]
230.806: Total time for which application threads were stopped: 0.0044351 seconds, Stopping threads took: 0.0000198 seconds
230.874: [GC (Allocation Failure)  712543K->389031K(1023488K), 0.0044097 secs]
230.879: Total time for which application threads were stopped: 0.0046002 seconds, Stopping threads took: 0.0000192 seconds
230.947: [GC (Allocation Failure)  712615K->397033K(1035264K), 0.0045304 secs]
230.952: Total time for which application threads were stopped: 0.0046924 seconds, Stopping threads took: 0.0000200 seconds
231.020: [GC (Allocation Failure)  719593K->397001K(1030144K), 0.0042456 secs]
231.024: Total time for which application threads were stopped: 0.0044021 seconds, Stopping threads took: 0.0000193 seconds
231.093: [GC (Allocation Failure)  719561K->397065K(1034752K), 0.0047151 secs]
231.098: Total time for which application threads were stopped: 0.0048788 seconds, Stopping threads took: 0.0000202 seconds
231.167: [GC (Allocation Failure)  718601K->405036K(1034752K), 0.0056625 secs]
231.173: Total time for which application threads were stopped: 0.0058207 seconds, Stopping threads took: 0.0000193 seconds
231.242: [GC (Allocation Failure)  726572K->405068K(1033728K), 0.0045484 secs]
231.247: Total time for which application threads were stopped: 0.0047148 seconds, Stopping threads took: 0.0000190 seconds
231.315: [GC (Allocation Failure)  725580K->405252K(1034240K), 0.0046814 secs]
231.320: Total time for which application threads were stopped: 0.0048693 seconds, Stopping threads took: 0.0000267 seconds
231.389: [GC (Allocation Failure)  725764K->413062K(1034240K), 0.0044643 secs]
231.394: Total time for which application threads were stopped: 0.0046240 seconds, Stopping threads took: 0.0000194 seconds
231.461: [GC (Allocation Failure)  733574K->413062K(1034240K), 0.0045743 secs]
231.466: Total time for which application threads were stopped: 0.0047754 seconds, Stopping threads took: 0.0000190 seconds
231.535: [GC (Allocation Failure)  733574K->413510K(1033216K), 0.0046256 secs]
231.540: Total time for which application threads were stopped: 0.0047842 seconds, Stopping threads took: 0.0000171 seconds
231.607: [GC (Allocation Failure)  732998K->421096K(1033728K), 0.0046782 secs]
231.612: Total time for which application threads were stopped: 0.0048707 seconds, Stopping threads took: 0.0000195 seconds
231.682: [GC (Allocation Failure)  740584K->421096K(1033728K), 0.0044320 secs]
231.687: Total time for which application threads were stopped: 0.0046267 seconds, Stopping threads took: 0.0000198 seconds
231.753: [GC (Allocation Failure)  740584K->421224K(1033728K), 0.0044749 secs]
231.757: Total time for which application threads were stopped: 0.0046313 seconds, Stopping threads took: 0.0000188 seconds
231.827: [GC (Allocation Failure)  740712K->429162K(1033728K), 0.0045322 secs]
231.832: Total time for which application threads were stopped: 0.0047103 seconds, Stopping threads took: 0.0000274 seconds
231.898: [GC (Allocation Failure)  748650K->429162K(1033728K), 0.0055304 secs]
231.904: Total time for which application threads were stopped: 0.0057054 seconds, Stopping threads took: 0.0000196 seconds
231.972: [GC (Allocation Failure)  748650K->429194K(1033728K), 0.0048275 secs]
231.977: Total time for which application threads were stopped: 0.0050259 seconds, Stopping threads took: 0.0000205 seconds
232.045: [GC (Allocation Failure)  748682K->437165K(1027072K), 0.0046720 secs]
232.050: Total time for which application threads were stopped: 0.0048416 seconds, Stopping threads took: 0.0000201 seconds
232.115: [GC (Allocation Failure)  756652K->433258K(1034240K), 0.0034576 secs]
232.118: Total time for which application threads were stopped: 0.0036174 seconds, Stopping threads took: 0.0000202 seconds
232.188: [GC (Allocation Failure)  752746K->437317K(1033216K), 0.0048988 secs]
232.193: Total time for which application threads were stopped: 0.0050704 seconds, Stopping threads took: 0.0000200 seconds
232.260: [GC (Allocation Failure)  756805K->441317K(1034752K), 0.0045367 secs]
232.265: Total time for which application threads were stopped: 0.0047351 seconds, Stopping threads took: 0.0000261 seconds
232.335: [GC (Allocation Failure)  762853K->434530K(1034752K), 0.0018551 secs]
232.336: Total time for which application threads were stopped: 0.0020035 seconds, Stopping threads took: 0.0000273 seconds
232.404: [GC (Allocation Failure)  756066K->441357K(1034752K), 0.0045513 secs]
232.409: Total time for which application threads were stopped: 0.0047182 seconds, Stopping threads took: 0.0000194 seconds
232.475: [GC (Allocation Failure)  762893K->445405K(1034752K), 0.0056260 secs]
232.481: Total time for which application threads were stopped: 0.0057869 seconds, Stopping threads took: 0.0000198 seconds
232.548: [GC (Allocation Failure)  766941K->439898K(1034752K), 0.0024460 secs]
232.551: Total time for which application threads were stopped: 0.0025956 seconds, Stopping threads took: 0.0000199 seconds
232.618: [GC (Allocation Failure)  761434K->445717K(1034752K), 0.0046910 secs]
232.623: Total time for which application threads were stopped: 0.0048948 seconds, Stopping threads took: 0.0000218 seconds
232.693: [GC (Allocation Failure)  767253K->449589K(1034752K), 0.0050617 secs]
232.698: Total time for which application threads were stopped: 0.0052317 seconds, Stopping threads took: 0.0000195 seconds
232.765: [GC (Allocation Failure)  772077K->445682K(1035264K), 0.0033327 secs]
232.769: Total time for which application threads were stopped: 0.0035076 seconds, Stopping threads took: 0.0000254 seconds
232.838: [GC (Allocation Failure)  768242K->449741K(1036288K), 0.0048057 secs]
232.843: Total time for which application threads were stopped: 0.0049828 seconds, Stopping threads took: 0.0000269 seconds
232.911: [GC (Allocation Failure)  773837K->453709K(1035776K), 0.0045614 secs]
232.915: Total time for which application threads were stopped: 0.0047354 seconds, Stopping threads took: 0.0000202 seconds
232.986: [GC (Allocation Failure)  777805K->453709K(1035776K), 0.0044658 secs]
232.990: Total time for which application threads were stopped: 0.0046297 seconds, Stopping threads took: 0.0000203 seconds
233.058: [GC (Allocation Failure)  777293K->453765K(1023488K), 0.0046882 secs]
233.063: Total time for which application threads were stopped: 0.0048854 seconds, Stopping threads took: 0.0000202 seconds
233.132: [GC (Allocation Failure)  777349K->461767K(1035264K), 0.0048317 secs]
233.137: Total time for which application threads were stopped: 0.0049798 seconds, Stopping threads took: 0.0000165 seconds
233.205: [GC (Allocation Failure)  784327K->461735K(1030144K), 0.0043609 secs]
233.209: Total time for which application threads were stopped: 0.0045315 seconds, Stopping threads took: 0.0000201 seconds
233.278: [GC (Allocation Failure)  784295K->461791K(1034752K), 0.0048600 secs]
233.283: Total time for which application threads were stopped: 0.0050271 seconds, Stopping threads took: 0.0000200 seconds
233.350: [GC (Allocation Failure)  783327K->469793K(1029120K), 0.0048474 secs]
233.355: Total time for which application threads were stopped: 0.0050328 seconds, Stopping threads took: 0.0000198 seconds
233.423: [GC (Allocation Failure)  791329K->469761K(1034240K), 0.0044698 secs]
233.428: Total time for which application threads were stopped: 0.0046366 seconds, Stopping threads took: 0.0000197 seconds
233.495: [GC (Allocation Failure)  790273K->469993K(1034240K), 0.0056525 secs]
233.501: Total time for which application threads were stopped: 0.0058154 seconds, Stopping threads took: 0.0000176 seconds
233.569: [GC (Allocation Failure)  790505K->477803K(1034240K), 0.0044727 secs]
233.574: Total time for which application threads were stopped: 0.0046340 seconds, Stopping threads took: 0.0000201 seconds
233.644: [GC (Allocation Failure)  798315K->477803K(1034240K), 0.0045965 secs]
233.648: Total time for which application threads were stopped: 0.0047569 seconds, Stopping threads took: 0.0000189 seconds
233.715: [GC (Allocation Failure)  798315K->478243K(1033216K), 0.0047873 secs]
233.720: Total time for which application threads were stopped: 0.0049816 seconds, Stopping threads took: 0.0000202 seconds
233.790: [GC (Allocation Failure)  797731K->485862K(1033728K), 0.0046574 secs]
233.795: Total time for which application threads were stopped: 0.0048151 seconds, Stopping threads took: 0.0000258 seconds
233.863: [GC (Allocation Failure)  805350K->485830K(1033728K), 0.0046673 secs]
233.868: Total time for which application threads were stopped: 0.0048645 seconds, Stopping threads took: 0.0000197 seconds
233.933: [GC (Allocation Failure)  805318K->485990K(1033728K), 0.0049047 secs]
233.938: Total time for which application threads were stopped: 0.0050802 seconds, Stopping threads took: 0.0000204 seconds
234.006: [GC (Allocation Failure)  805478K->493864K(1033728K), 0.0046348 secs]
234.011: Total time for which application threads were stopped: 0.0048042 seconds, Stopping threads took: 0.0000215 seconds
234.078: [GC (Allocation Failure)  813352K->493864K(1033728K), 0.0062545 secs]
234.084: Total time for which application threads were stopped: 0.0064027 seconds, Stopping threads took: 0.0000204 seconds
234.152: [GC (Allocation Failure)  813352K->493920K(1033728K), 0.0048737 secs]
234.157: Total time for which application threads were stopped: 0.0050299 seconds, Stopping threads took: 0.0000191 seconds
234.225: [GC (Allocation Failure)  813408K->501890K(1027072K), 0.0048486 secs]
234.230: Total time for which application threads were stopped: 0.0050154 seconds, Stopping threads took: 0.0000200 seconds
234.296: [GC (Allocation Failure)  821378K->497984K(1034240K), 0.0036748 secs]
234.299: Total time for which application threads were stopped: 0.0038424 seconds, Stopping threads took: 0.0000277 seconds
234.367: [GC (Allocation Failure)  817472K->502058K(1033216K), 0.0047300 secs]
234.371: Total time for which application threads were stopped: 0.0048913 seconds, Stopping threads took: 0.0000194 seconds
234.439: [GC (Allocation Failure)  821546K->505994K(1034752K), 0.0065499 secs]
234.445: Total time for which application threads were stopped: 0.0067232 seconds, Stopping threads took: 0.0000197 seconds
234.513: [GC (Allocation Failure)  827530K->499208K(1034752K), 0.0074731 secs]
234.521: Total time for which application threads were stopped: 0.0076437 seconds, Stopping threads took: 0.0000257 seconds
234.588: [GC (Allocation Failure)  820744K->506090K(1034752K), 0.0046250 secs]
234.593: Total time for which application threads were stopped: 0.0047742 seconds, Stopping threads took: 0.0000164 seconds
234.659: [GC (Allocation Failure)  827626K->510170K(1034752K), 0.0055548 secs]
234.665: Total time for which application threads were stopped: 0.0057296 seconds, Stopping threads took: 0.0000261 seconds
234.730: [GC (Allocation Failure)  831706K->504632K(1034752K), 0.0028803 secs]
234.733: Total time for which application threads were stopped: 0.0030397 seconds, Stopping threads took: 0.0000208 seconds
234.803: [GC (Allocation Failure)  826168K->510442K(1034752K), 0.0046639 secs]
234.807: Total time for which application threads were stopped: 0.0048314 seconds, Stopping threads took: 0.0000254 seconds
234.875: [GC (Allocation Failure)  831978K->514306K(1034752K), 0.0049919 secs]
234.880: Total time for which application threads were stopped: 0.0051551 seconds, Stopping threads took: 0.0000246 seconds
234.949: [GC (Allocation Failure)  836795K->510400K(1035264K), 0.0034632 secs]
234.952: Total time for which application threads were stopped: 0.0036588 seconds, Stopping threads took: 0.0000214 seconds
235.022: [GC (Allocation Failure)  832960K->514474K(1036288K), 0.0048663 secs]
235.027: Total time for which application threads were stopped: 0.0050164 seconds, Stopping threads took: 0.0000167 seconds
235.095: [GC (Allocation Failure)  838570K->518442K(1035776K), 0.0048388 secs]
235.100: Total time for which application threads were stopped: 0.0050078 seconds, Stopping threads took: 0.0000194 seconds
235.169: [GC (Allocation Failure)  842538K->518442K(1035776K), 0.0047163 secs]
235.174: Total time for which application threads were stopped: 0.0048899 seconds, Stopping threads took: 0.0000202 seconds
235.242: [GC (Allocation Failure)  842026K->518498K(1023488K), 0.0048306 secs]
235.247: Total time for which application threads were stopped: 0.0050128 seconds, Stopping threads took: 0.0000204 seconds
235.314: [GC (Allocation Failure)  842082K->526469K(1035264K), 0.0047277 secs]
235.319: Total time for which application threads were stopped: 0.0048942 seconds, Stopping threads took: 0.0000269 seconds
235.388: [GC (Allocation Failure)  849029K->526469K(1030144K), 0.0044801 secs]
235.392: Total time for which application threads were stopped: 0.0046418 seconds, Stopping threads took: 0.0000200 seconds
235.460: [GC (Allocation Failure)  849029K->526533K(1034752K), 0.0050050 secs]
235.465: Total time for which application threads were stopped: 0.0051780 seconds, Stopping threads took: 0.0000209 seconds
235.534: [GC (Allocation Failure)  848069K->534535K(1034752K), 0.0049188 secs]
235.539: Total time for which application threads were stopped: 0.0051088 seconds, Stopping threads took: 0.0000197 seconds
235.608: [GC (Allocation Failure)  856071K->534535K(1033728K), 0.0045966 secs]
235.613: Total time for which application threads were stopped: 0.0047631 seconds, Stopping threads took: 0.0000188 seconds
235.680: [GC (Allocation Failure)  855047K->534759K(1034240K), 0.0056771 secs]
235.686: Total time for which application threads were stopped: 0.0058518 seconds, Stopping threads took: 0.0000331 seconds
235.753: [GC (Allocation Failure)  855271K->542537K(1034240K), 0.0046945 secs]
235.758: Total time for which application threads were stopped: 0.0048670 seconds, Stopping threads took: 0.0000245 seconds
235.826: [GC (Allocation Failure)  863049K->542569K(1034240K), 0.0047075 secs]
235.831: Total time for which application threads were stopped: 0.0048811 seconds, Stopping threads took: 0.0000282 seconds
235.899: [GC (Allocation Failure)  863081K->542985K(1033216K), 0.0049131 secs]
235.904: Total time for which application threads were stopped: 0.0050751 seconds, Stopping threads took: 0.0000166 seconds
235.973: [GC (Allocation Failure)  862473K->550603K(1033728K), 0.0047948 secs]
235.978: Total time for which application threads were stopped: 0.0049542 seconds, Stopping threads took: 0.0000169 seconds
236.046: [GC (Allocation Failure)  870091K->550571K(1033728K), 0.0046660 secs]
236.051: Total time for which application threads were stopped: 0.0048446 seconds, Stopping threads took: 0.0000194 seconds
236.116: [GC (Allocation Failure)  870059K->550699K(1033728K), 0.0049948 secs]
236.121: Total time for which application threads were stopped: 0.0051591 seconds, Stopping threads took: 0.0000202 seconds
236.188: [GC (Allocation Failure)  870187K->558638K(1033728K), 0.0045516 secs]
236.193: Total time for which application threads were stopped: 0.0047754 seconds, Stopping threads took: 0.0000199 seconds
236.262: [GC (Allocation Failure)  878126K->558606K(1033728K), 0.0048759 secs]
236.267: Total time for which application threads were stopped: 0.0050548 seconds, Stopping threads took: 0.0000173 seconds
236.335: [GC (Allocation Failure)  878094K->558670K(1033728K), 0.0048690 secs]
236.340: Total time for which application threads were stopped: 0.0050358 seconds, Stopping threads took: 0.0000196 seconds
236.407: [GC (Allocation Failure)  878158K->566640K(1027072K), 0.0049155 secs]
236.412: Total time for which application threads were stopped: 0.0050699 seconds, Stopping threads took: 0.0000193 seconds
236.477: [GC (Allocation Failure)  886127K->562766K(1034240K), 0.0037728 secs]
236.480: Total time for which application threads were stopped: 0.0039435 seconds, Stopping threads took: 0.0000187 seconds
236.550: [GC (Allocation Failure)  882254K->566768K(1033216K), 0.0050968 secs]
236.555: Total time for which application threads were stopped: 0.0052601 seconds, Stopping threads took: 0.0000199 seconds
236.623: [GC (Allocation Failure)  886256K->570736K(1034752K), 0.0048378 secs]
236.628: Total time for which application threads were stopped: 0.0050177 seconds, Stopping threads took: 0.0000258 seconds
236.696: [GC (Allocation Failure)  892272K->563982K(1034752K), 0.0020809 secs]
236.698: Total time for which application threads were stopped: 0.0022377 seconds, Stopping threads took: 0.0000279 seconds
236.766: [GC (Allocation Failure)  885518K->570840K(1034752K), 0.0049249 secs]
236.771: Total time for which application threads were stopped: 0.0051026 seconds, Stopping threads took: 0.0000214 seconds
236.837: [GC (Allocation Failure)  892376K->574920K(1034752K), 0.0059219 secs]
236.843: Total time for which application threads were stopped: 0.0060993 seconds, Stopping threads took: 0.0000260 seconds
236.909: [GC (Allocation Failure)  896456K->569382K(1034752K), 0.0028536 secs]
236.912: Total time for which application threads were stopped: 0.0030121 seconds, Stopping threads took: 0.0000199 seconds
236.980: [GC (Allocation Failure)  890918K->575192K(1034752K), 0.0049607 secs]
236.985: Total time for which application threads were stopped: 0.0051407 seconds, Stopping threads took: 0.0000221 seconds
237.052: [GC (Allocation Failure)  896728K->579096K(1034752K), 0.0051744 secs]
237.057: Total time for which application threads were stopped: 0.0053681 seconds, Stopping threads took: 0.0000202 seconds
237.125: [GC (Allocation Failure)  901584K->575158K(1035264K), 0.0035336 secs]
237.129: Total time for which application threads were stopped: 0.0036803 seconds, Stopping threads took: 0.0000169 seconds
237.198: [GC (Allocation Failure)  897718K->579216K(1036288K), 0.0050160 secs]
237.203: Total time for which application threads were stopped: 0.0051770 seconds, Stopping threads took: 0.0000199 seconds
237.272: [GC (Allocation Failure)  903312K->583184K(1035776K), 0.0047678 secs]
237.277: Total time for which application threads were stopped: 0.0049295 seconds, Stopping threads took: 0.0000202 seconds
237.345: [GC (Allocation Failure)  907280K->583184K(1035776K), 0.0048882 secs]
237.350: Total time for which application threads were stopped: 0.0050614 seconds, Stopping threads took: 0.0000197 seconds
237.418: [GC (Allocation Failure)  906768K->583240K(1023488K), 0.0049544 secs]
237.423: Total time for which application threads were stopped: 0.0051257 seconds, Stopping threads took: 0.0000192 seconds
237.491: [GC (Allocation Failure)  906824K->591210K(1035264K), 0.0060702 secs]
237.497: Total time for which application threads were stopped: 0.0062621 seconds, Stopping threads took: 0.0000192 seconds
237.566: [GC (Allocation Failure)  913770K->591210K(1030144K), 0.0046969 secs]
237.571: Total time for which application threads were stopped: 0.0048447 seconds, Stopping threads took: 0.0000168 seconds
237.640: [GC (Allocation Failure)  913770K->591274K(1034752K), 0.0051856 secs]
237.645: Total time for which application threads were stopped: 0.0053522 seconds, Stopping threads took: 0.0000190 seconds
237.713: [GC (Allocation Failure)  912810K->599276K(1029120K), 0.0050616 secs]
237.719: Total time for which application threads were stopped: 0.0052352 seconds, Stopping threads took: 0.0000206 seconds
237.788: [GC (Allocation Failure)  920812K->599244K(1034240K), 0.0045178 secs]
237.793: Total time for which application threads were stopped: 0.0046717 seconds, Stopping threads took: 0.0000187 seconds
237.860: [GC (Allocation Failure)  919756K->599492K(1034240K), 0.0049369 secs]
237.865: Total time for which application threads were stopped: 0.0051181 seconds, Stopping threads took: 0.0000278 seconds
237.935: [GC (Allocation Failure)  920004K->607271K(1034240K), 0.0049063 secs]
237.940: Total time for which application threads were stopped: 0.0050752 seconds, Stopping threads took: 0.0000189 seconds
238.008: [GC (Allocation Failure)  927783K->607271K(1034240K), 0.0049373 secs]
238.013: Total time for which application threads were stopped: 0.0051214 seconds, Stopping threads took: 0.0000210 seconds
238.081: [GC (Allocation Failure)  927783K->607687K(1033216K), 0.0049280 secs]
238.086: Total time for which application threads were stopped: 0.0050848 seconds, Stopping threads took: 0.0000195 seconds
238.154: [GC (Allocation Failure)  927175K->615305K(1033728K), 0.0047814 secs]
238.158: Total time for which application threads were stopped: 0.0049750 seconds, Stopping threads took: 0.0000202 seconds
238.227: [GC (Allocation Failure)  934793K->615305K(1033728K), 0.0049252 secs]
238.232: Total time for which application threads were stopped: 0.0050957 seconds, Stopping threads took: 0.0000204 seconds
238.297: [GC (Allocation Failure)  934793K->615441K(1033728K), 0.0063703 secs]
238.304: Total time for which application threads were stopped: 0.0065440 seconds, Stopping threads took: 0.0000272 seconds
238.372: [GC (Allocation Failure)  934929K->623379K(1033728K), 0.0048254 secs]
238.377: Total time for which application threads were stopped: 0.0049751 seconds, Stopping threads took: 0.0000161 seconds
238.443: [GC (Allocation Failure)  942867K->623347K(1033728K), 0.0048257 secs]
238.448: Total time for which application threads were stopped: 0.0050045 seconds, Stopping threads took: 0.0000197 seconds
238.516: [GC (Allocation Failure)  942835K->623411K(1033728K), 0.0051117 secs]
238.521: Total time for which application threads were stopped: 0.0052553 seconds, Stopping threads took: 0.0000141 seconds
238.590: [GC (Allocation Failure)  942899K->631381K(1027072K), 0.0051036 secs]
238.595: Total time for which application threads were stopped: 0.0052621 seconds, Stopping threads took: 0.0000170 seconds
238.661: [GC (Allocation Failure)  950869K->627475K(1034240K), 0.0041944 secs]
238.665: Total time for which application threads were stopped: 0.0043734 seconds, Stopping threads took: 0.0000198 seconds
238.733: [GC (Allocation Failure)  946963K->631509K(1033216K), 0.0053522 secs]
238.738: Total time for which application threads were stopped: 0.0055497 seconds, Stopping threads took: 0.0000203 seconds
238.808: [GC (Allocation Failure)  950997K->635509K(1034752K), 0.0047596 secs]
238.812: Total time for which application threads were stopped: 0.0049501 seconds, Stopping threads took: 0.0000274 seconds
238.881: [GC (Allocation Failure)  957045K->628755K(1034752K), 0.0022311 secs]
238.883: Total time for which application threads were stopped: 0.0023882 seconds, Stopping threads took: 0.0000188 seconds
238.952: [GC (Allocation Failure)  950291K->635581K(1034752K), 0.0048798 secs]
238.957: Total time for which application threads were stopped: 0.0050433 seconds, Stopping threads took: 0.0000192 seconds
239.023: [GC (Allocation Failure)  957117K->639629K(1034752K), 0.0058155 secs]
239.029: Total time for which application threads were stopped: 0.0059787 seconds, Stopping threads took: 0.0000200 seconds
239.094: [GC (Allocation Failure)  961165K->634123K(1034752K), 0.0030511 secs]
239.097: Total time for which application threads were stopped: 0.0032144 seconds, Stopping threads took: 0.0000188 seconds
239.166: [GC (Allocation Failure)  955659K->639965K(1034752K), 0.0050234 secs]
239.171: Total time for which application threads were stopped: 0.0051905 seconds, Stopping threads took: 0.0000189 seconds
239.240: [GC (Allocation Failure)  961501K->643805K(1034752K), 0.0053561 secs]
239.245: Total time for which application threads were stopped: 0.0055157 seconds, Stopping threads took: 0.0000190 seconds
239.312: [GC (Allocation Failure)  966294K->639899K(1035264K), 0.0036780 secs]
239.316: Total time for which application threads were stopped: 0.0038416 seconds, Stopping threads took: 0.0000262 seconds
239.385: [GC (Allocation Failure)  962459K->643965K(1036288K), 0.0052174 secs]
239.390: Total time for which application threads were stopped: 0.0053833 seconds, Stopping threads took: 0.0000193 seconds
239.458: [GC (Allocation Failure)  968061K->647965K(1035776K), 0.0049120 secs]
239.463: Total time for which application threads were stopped: 0.0050717 seconds, Stopping threads took: 0.0000195 seconds
239.532: [GC (Allocation Failure)  972061K->647965K(1035776K), 0.0050698 secs]
239.537: Total time for which application threads were stopped: 0.0052582 seconds, Stopping threads took: 0.0000198 seconds
239.606: [GC (Allocation Failure)  971549K->647997K(1023488K), 0.0051811 secs]
239.612: Total time for which application threads were stopped: 0.0053316 seconds, Stopping threads took: 0.0000173 seconds
239.678: [GC (Allocation Failure)  971581K->656000K(1035264K), 0.0050755 secs]
239.683: Total time for which application threads were stopped: 0.0052388 seconds, Stopping threads took: 0.0000205 seconds
239.751: [GC (Allocation Failure)  978560K->655968K(1030144K), 0.0047334 secs]
239.755: Total time for which application threads were stopped: 0.0048940 seconds, Stopping threads took: 0.0000204 seconds
239.823: [GC (Allocation Failure)  978528K->656040K(1034752K), 0.0050054 secs]
239.828: Total time for which application threads were stopped: 0.0051731 seconds, Stopping threads took: 0.0000273 seconds
239.896: [GC (Allocation Failure)  977576K->664010K(1029120K), 0.0053966 secs]
239.901: Total time for which application threads were stopped: 0.0055731 seconds, Stopping threads took: 0.0000192 seconds
239.969: [GC (Allocation Failure)  985546K->664010K(1034240K), 0.0048590 secs]
239.974: Total time for which application threads were stopped: 0.0050170 seconds, Stopping threads took: 0.0000192 seconds
240.043: [GC (Allocation Failure)  984522K->664266K(1034240K), 0.0052617 secs]
240.048: Total time for which application threads were stopped: 0.0054275 seconds, Stopping threads took: 0.0000192 seconds
240.116: [GC (Allocation Failure)  984778K->672044K(1034240K), 0.0048047 secs]
240.121: Total time for which application threads were stopped: 0.0049752 seconds, Stopping threads took: 0.0000200 seconds
240.189: [GC (Allocation Failure)  992556K->672076K(1034240K), 0.0051606 secs]
240.195: Total time for which application threads were stopped: 0.0053283 seconds, Stopping threads took: 0.0000191 seconds
240.262: [GC (Allocation Failure)  992588K->672492K(1033216K), 0.0052982 secs]
240.267: Total time for which application threads were stopped: 0.0054591 seconds, Stopping threads took: 0.0000196 seconds
240.336: [GC (Allocation Failure)  991980K->680079K(1033728K), 0.0049809 secs]
240.341: Total time for which application threads were stopped: 0.0051592 seconds, Stopping threads took: 0.0000198 seconds
240.409: [GC (Allocation Failure)  999567K->680079K(1033728K), 0.0048929 secs]
240.414: Total time for which application threads were stopped: 0.0050529 seconds, Stopping threads took: 0.0000199 seconds
240.479: [GC (Allocation Failure)  999567K->680231K(1033728K), 0.0053140 secs]
240.484: Total time for which application threads were stopped: 0.0054799 seconds, Stopping threads took: 0.0000197 seconds
240.554: [GC (Allocation Failure)  999719K->688105K(1033728K), 0.0048926 secs]
240.559: Total time for which application threads were stopped: 0.0050884 seconds, Stopping threads took: 0.0000198 seconds
240.627: [GC (Allocation Failure)  1007593K->688105K(1033728K), 0.0049562 secs]
240.632: Total time for which application threads were stopped: 0.0051389 seconds, Stopping threads took: 0.0000171 seconds
240.700: [GC (Allocation Failure)  1007593K->688137K(1033728K), 0.0049971 secs]
240.705: [Full GC (Ergonomics)  688137K->8540K(1033728K), 0.0122294 secs]
240.717: Total time for which application threads were stopped: 0.0174674 seconds, Stopping threads took: 0.0000195 seconds
240.785: [GC (Allocation Failure)  328028K->16735K(1027584K), 0.0037738 secs]
240.789: Total time for which application threads were stopped: 0.0039267 seconds, Stopping threads took: 0.0000171 seconds
240.855: [GC (Allocation Failure)  336222K->12820K(1034240K), 0.0025372 secs]
240.858: Total time for which application threads were stopped: 0.0026942 seconds, Stopping threads took: 0.0000257 seconds
240.926: [GC (Allocation Failure)  332308K->16895K(1033216K), 0.0040643 secs]
240.930: Total time for which application threads were stopped: 0.0042422 seconds, Stopping threads took: 0.0000199 seconds
240.998: [GC (Allocation Failure)  336383K->20831K(1034752K), 0.0037465 secs]
241.002: Total time for which application threads were stopped: 0.0039163 seconds, Stopping threads took: 0.0000203 seconds
241.069: [GC (Allocation Failure)  342367K->14108K(1034752K), 0.0010092 secs]
241.070: Total time for which application threads were stopped: 0.0011437 seconds, Stopping threads took: 0.0000196 seconds
241.139: [GC (Allocation Failure)  335644K->20935K(1034752K), 0.0036831 secs]
241.142: Total time for which application threads were stopped: 0.0038405 seconds, Stopping threads took: 0.0000189 seconds
241.210: [GC (Allocation Failure)  342471K->25047K(1034752K), 0.0047122 secs]
241.215: Total time for which application threads were stopped: 0.0048802 seconds, Stopping threads took: 0.0000192 seconds
241.280: [GC (Allocation Failure)  346583K->19476K(1034752K), 0.0015738 secs]
241.282: Total time for which application threads were stopped: 0.0017303 seconds, Stopping threads took: 0.0000279 seconds
241.349: [GC (Allocation Failure)  341012K->25287K(1034752K), 0.0037767 secs]
241.353: Total time for which application threads were stopped: 0.0039456 seconds, Stopping threads took: 0.0000201 seconds
241.420: [GC (Allocation Failure)  346823K->29159K(1035264K), 0.0041485 secs]
241.424: Total time for which application threads were stopped: 0.0043295 seconds, Stopping threads took: 0.0000190 seconds
241.491: [GC (Allocation Failure)  351647K->25252K(1035264K), 0.0063784 secs]
241.497: Total time for which application threads were stopped: 0.0065793 seconds, Stopping threads took: 0.0000274 seconds
241.566: [GC (Allocation Failure)  347812K->29319K(1036288K), 0.0041354 secs]
241.571: Total time for which application threads were stopped: 0.0042932 seconds, Stopping threads took: 0.0000192 seconds
241.638: [GC (Allocation Failure)  353415K->33287K(1035776K), 0.0035873 secs]
241.642: Total time for which application threads were stopped: 0.0037811 seconds, Stopping threads took: 0.0000202 seconds
241.712: [GC (Allocation Failure)  357383K->33287K(1035776K), 0.0036033 secs]
241.716: Total time for which application threads were stopped: 0.0037774 seconds, Stopping threads took: 0.0000202 seconds
241.784: [GC (Allocation Failure)  356871K->33351K(1023488K), 0.0038431 secs]
241.788: Total time for which application threads were stopped: 0.0040194 seconds, Stopping threads took: 0.0000211 seconds
241.856: [GC (Allocation Failure)  356935K->41385K(1035264K), 0.0038367 secs]
241.860: Total time for which application threads were stopped: 0.0040127 seconds, Stopping threads took: 0.0000260 seconds
241.928: [GC (Allocation Failure)  363945K->41321K(1030144K), 0.0037724 secs]
241.932: Total time for which application threads were stopped: 0.0039488 seconds, Stopping threads took: 0.0000192 seconds
242.000: [GC (Allocation Failure)  363881K->41385K(1034752K), 0.0037958 secs]
242.004: Total time for which application threads were stopped: 0.0040063 seconds, Stopping threads took: 0.0000206 seconds
242.073: [GC (Allocation Failure)  362921K->49387K(1029120K), 0.0040441 secs]
242.077: Total time for which application threads were stopped: 0.0042022 seconds, Stopping threads took: 0.0000194 seconds
242.147: [GC (Allocation Failure)  370923K->49387K(1034240K), 0.0036906 secs]
242.151: Total time for which application threads were stopped: 0.0038591 seconds, Stopping threads took: 0.0000194 seconds
242.217: [GC (Allocation Failure)  369899K->49611K(1034240K), 0.0041686 secs]
242.222: Total time for which application threads were stopped: 0.0043382 seconds, Stopping threads took: 0.0000200 seconds
242.289: [GC (Allocation Failure)  370123K->57421K(1034240K), 0.0037943 secs]
242.293: Total time for which application threads were stopped: 0.0039664 seconds, Stopping threads took: 0.0000198 seconds
242.361: [GC (Allocation Failure)  377933K->57389K(1034240K), 0.0037407 secs]
242.365: Total time for which application threads were stopped: 0.0039081 seconds, Stopping threads took: 0.0000193 seconds
242.431: [GC (Allocation Failure)  377901K->57797K(1033216K), 0.0039494 secs]
242.435: Total time for which application threads were stopped: 0.0041087 seconds, Stopping threads took: 0.0000191 seconds
242.505: [GC (Allocation Failure)  377285K->65416K(1033728K), 0.0046971 secs]
242.510: Total time for which application threads were stopped: 0.0049051 seconds, Stopping threads took: 0.0000279 seconds
242.578: [GC (Allocation Failure)  384904K->65416K(1033728K), 0.0036549 secs]
242.582: Total time for which application threads were stopped: 0.0038101 seconds, Stopping threads took: 0.0000165 seconds
242.647: [GC (Allocation Failure)  384904K->65576K(1033728K), 0.0038267 secs]
242.651: Total time for which application threads were stopped: 0.0040351 seconds, Stopping threads took: 0.0000196 seconds
242.720: [GC (Allocation Failure)  385064K->73450K(1033728K), 0.0037666 secs]
242.724: Total time for which application threads were stopped: 0.0039422 seconds, Stopping threads took: 0.0000204 seconds
242.791: [GC (Allocation Failure)  392938K->73450K(1033728K), 0.0038906 secs]
242.795: Total time for which application threads were stopped: 0.0040564 seconds, Stopping threads took: 0.0000194 seconds
242.861: [GC (Allocation Failure)  392938K->73514K(1033728K), 0.0040859 secs]
242.865: Total time for which application threads were stopped: 0.0042613 seconds, Stopping threads took: 0.0000206 seconds
242.932: [GC (Allocation Failure)  393002K->81484K(1027072K), 0.0039558 secs]
242.936: Total time for which application threads were stopped: 0.0041248 seconds, Stopping threads took: 0.0000200 seconds
243.003: [GC (Allocation Failure)  400972K->77578K(1034240K), 0.0028210 secs]
243.006: Total time for which application threads were stopped: 0.0029830 seconds, Stopping threads took: 0.0000194 seconds
243.073: [GC (Allocation Failure)  397066K->81644K(1033216K), 0.0041704 secs]
243.078: Total time for which application threads were stopped: 0.0043415 seconds, Stopping threads took: 0.0000204 seconds
243.145: [GC (Allocation Failure)  401132K->85612K(1034752K), 0.0038768 secs]
243.149: Total time for which application threads were stopped: 0.0040411 seconds, Stopping threads took: 0.0000202 seconds
243.216: [GC (Allocation Failure)  407148K->78826K(1034752K), 0.0010893 secs]
243.217: Total time for which application threads were stopped: 0.0012109 seconds, Stopping threads took: 0.0000193 seconds
243.287: [GC (Allocation Failure)  400362K->85708K(1034752K), 0.0038229 secs]
243.291: Total time for which application threads were stopped: 0.0040150 seconds, Stopping threads took: 0.0000190 seconds
243.359: [GC (Allocation Failure)  407244K->89756K(1034752K), 0.0047510 secs]
243.364: Total time for which application threads were stopped: 0.0049122 seconds, Stopping threads took: 0.0000193 seconds
243.430: [GC (Allocation Failure)  411292K->84186K(1034752K), 0.0017831 secs]
243.432: Total time for which application threads were stopped: 0.0019160 seconds, Stopping threads took: 0.0000187 seconds
243.500: [GC (Allocation Failure)  405722K->90020K(1034752K), 0.0068989 secs]
243.507: Total time for which application threads were stopped: 0.0071252 seconds, Stopping threads took: 0.0000265 seconds
243.575: [GC (Allocation Failure)  411556K->93892K(1035264K), 0.0043527 secs]
243.579: Total time for which application threads were stopped: 0.0045277 seconds, Stopping threads took: 0.0000196 seconds
243.649: [GC (Allocation Failure)  416380K->90018K(1035264K), 0.0024533 secs]
243.651: Total time for which application threads were stopped: 0.0025982 seconds, Stopping threads took: 0.0000169 seconds
243.721: [GC (Allocation Failure)  412578K->94060K(1036288K), 0.0041490 secs]
243.725: Total time for which application threads were stopped: 0.0043210 seconds, Stopping threads took: 0.0000200 seconds
243.793: [GC (Allocation Failure)  418156K->97996K(1035776K), 0.0038198 secs]
243.797: Total time for which application threads were stopped: 0.0039918 seconds, Stopping threads took: 0.0000201 seconds
243.865: [GC (Allocation Failure)  422092K->98028K(1035776K), 0.0038667 secs]
243.869: Total time for which application threads were stopped: 0.0040366 seconds, Stopping threads took: 0.0000207 seconds
243.937: [GC (Allocation Failure)  421612K->98084K(1023488K), 0.0039864 secs]
243.941: Total time for which application threads were stopped: 0.0041558 seconds, Stopping threads took: 0.0000195 seconds
244.007: [GC (Allocation Failure)  421668K->106054K(1035264K), 0.0040923 secs]
244.011: Total time for which application threads were stopped: 0.0042667 seconds, Stopping threads took: 0.0000203 seconds
244.079: [GC (Allocation Failure)  428614K->106054K(1030144K), 0.0038455 secs]
244.083: Total time for which application threads were stopped: 0.0040178 seconds, Stopping threads took: 0.0000202 seconds
244.152: [GC (Allocation Failure)  428614K->106118K(1034752K), 0.0039994 secs]
244.156: Total time for which application threads were stopped: 0.0041865 seconds, Stopping threads took: 0.0000194 seconds
244.224: [GC (Allocation Failure)  427654K->114057K(1034752K), 0.0067177 secs]
244.230: Total time for which application threads were stopped: 0.0068883 seconds, Stopping threads took: 0.0000188 seconds
244.300: [GC (Allocation Failure)  435593K->114089K(1033728K), 0.0036934 secs]
244.304: Total time for which application threads were stopped: 0.0038605 seconds, Stopping threads took: 0.0000277 seconds
244.372: [GC (Allocation Failure)  434601K->114313K(1034240K), 0.0041083 secs]
244.376: Total time for which application threads were stopped: 0.0042946 seconds, Stopping threads took: 0.0000190 seconds
244.444: [GC (Allocation Failure)  434825K->122155K(1034240K), 0.0039171 secs]
244.448: Total time for which application threads were stopped: 0.0040876 seconds, Stopping threads took: 0.0000189 seconds
244.517: [GC (Allocation Failure)  442667K->122123K(1034240K), 0.0041397 secs]
244.521: Total time for which application threads were stopped: 0.0043061 seconds, Stopping threads took: 0.0000194 seconds
244.588: [GC (Allocation Failure)  442635K->122571K(1033216K), 0.0041129 secs]
244.593: Total time for which application threads were stopped: 0.0042844 seconds, Stopping threads took: 0.0000194 seconds
244.662: [GC (Allocation Failure)  442059K->130157K(1033728K), 0.0039361 secs]
244.666: Total time for which application threads were stopped: 0.0041101 seconds, Stopping threads took: 0.0000200 seconds
244.735: [GC (Allocation Failure)  449645K->130157K(1033728K), 0.0038868 secs]
244.739: Total time for which application threads were stopped: 0.0040465 seconds, Stopping threads took: 0.0000196 seconds
244.806: [GC (Allocation Failure)  449645K->130285K(1033728K), 0.0040334 secs]
244.810: Total time for which application threads were stopped: 0.0041918 seconds, Stopping threads took: 0.0000255 seconds
244.879: [GC (Allocation Failure)  449773K->138191K(1033728K), 0.0038784 secs]
244.883: Total time for which application threads were stopped: 0.0040336 seconds, Stopping threads took: 0.0000197 seconds
244.950: [GC (Allocation Failure)  457679K->138223K(1033728K), 0.0039120 secs]
244.954: Total time for which application threads were stopped: 0.0040910 seconds, Stopping threads took: 0.0000204 seconds
245.021: [GC (Allocation Failure)  457711K->138255K(1033728K), 0.0040160 secs]
245.025: Total time for which application threads were stopped: 0.0041835 seconds, Stopping threads took: 0.0000210 seconds
245.092: [GC (Allocation Failure)  457743K->146226K(1027072K), 0.0065136 secs]
245.099: Total time for which application threads were stopped: 0.0066822 seconds, Stopping threads took: 0.0000200 seconds
245.164: [GC (Allocation Failure)  465713K->142319K(1034240K), 0.0027750 secs]
245.167: Total time for which application threads were stopped: 0.0029299 seconds, Stopping threads took: 0.0000192 seconds
245.235: [GC (Allocation Failure)  461807K->146386K(1033216K), 0.0042429 secs]
245.239: Total time for which application threads were stopped: 0.0044280 seconds, Stopping threads took: 0.0000214 seconds
245.307: [GC (Allocation Failure)  465874K->150322K(1034752K), 0.0046362 secs]
245.312: Total time for which application threads were stopped: 0.0048043 seconds, Stopping threads took: 0.0000204 seconds
245.378: [GC (Allocation Failure)  471858K->143599K(1034752K), 0.0014147 secs]
245.380: Total time for which application threads were stopped: 0.0015538 seconds, Stopping threads took: 0.0000199 seconds
245.450: [GC (Allocation Failure)  465135K->150450K(1034752K), 0.0039296 secs]
245.454: Total time for which application threads were stopped: 0.0040927 seconds, Stopping threads took: 0.0000194 seconds
245.521: [GC (Allocation Failure)  471986K->154498K(1034752K), 0.0050456 secs]
245.526: Total time for which application threads were stopped: 0.0051958 seconds, Stopping threads took: 0.0000176 seconds
245.593: [GC (Allocation Failure)  476034K->148959K(1034752K), 0.0017866 secs]
245.595: Total time for which application threads were stopped: 0.0019419 seconds, Stopping threads took: 0.0000199 seconds
245.664: [GC (Allocation Failure)  470495K->154802K(1034752K), 0.0041308 secs]
245.668: Total time for which application threads were stopped: 0.0042894 seconds, Stopping threads took: 0.0000171 seconds
245.735: [GC (Allocation Failure)  476338K->158674K(1034752K), 0.0044552 secs]
245.740: Total time for which application threads were stopped: 0.0046541 seconds, Stopping threads took: 0.0000212 seconds
245.807: [GC (Allocation Failure)  481162K->154735K(1035264K), 0.0027538 secs]
245.810: Total time for which application threads were stopped: 0.0029578 seconds, Stopping threads took: 0.0000294 seconds
245.879: [GC (Allocation Failure)  477295K->158802K(1036288K), 0.0042496 secs]
245.884: Total time for which application threads were stopped: 0.0043996 seconds, Stopping threads took: 0.0000173 seconds
245.952: [GC (Allocation Failure)  482898K->162770K(1035776K), 0.0040500 secs]
245.956: Total time for which application threads were stopped: 0.0042218 seconds, Stopping threads took: 0.0000253 seconds
246.025: [GC (Allocation Failure)  486866K->162770K(1035776K), 0.0039229 secs]
246.029: Total time for which application threads were stopped: 0.0040964 seconds, Stopping threads took: 0.0000204 seconds
246.097: [GC (Allocation Failure)  486354K->162834K(1023488K), 0.0043768 secs]
246.102: Total time for which application threads were stopped: 0.0045461 seconds, Stopping threads took: 0.0000204 seconds
246.169: [GC (Allocation Failure)  486418K->170804K(1035264K), 0.0040865 secs]
246.173: Total time for which application threads were stopped: 0.0042481 seconds, Stopping threads took: 0.0000199 seconds
246.241: [GC (Allocation Failure)  493364K->170772K(1030144K), 0.0045298 secs]
246.246: Total time for which application threads were stopped: 0.0046904 seconds, Stopping threads took: 0.0000194 seconds
246.314: [GC (Allocation Failure)  493332K->170828K(1034752K), 0.0048456 secs]
246.319: Total time for which application threads were stopped: 0.0050009 seconds, Stopping threads took: 0.0000254 seconds
246.386: [GC (Allocation Failure)  492364K->178798K(1034752K), 0.0103382 secs]
246.397: Total time for which application threads were stopped: 0.0105335 seconds, Stopping threads took: 0.0000192 seconds
246.465: [GC (Allocation Failure)  500334K->178862K(1033728K), 0.0040033 secs]
246.469: Total time for which application threads were stopped: 0.0041864 seconds, Stopping threads took: 0.0000198 seconds
246.537: [GC (Allocation Failure)  499374K->179086K(1034240K), 0.0042781 secs]
246.541: Total time for which application threads were stopped: 0.0044396 seconds, Stopping threads took: 0.0000176 seconds
246.609: [GC (Allocation Failure)  499598K->186833K(1034240K), 0.0040944 secs]
246.613: Total time for which application threads were stopped: 0.0042645 seconds, Stopping threads took: 0.0000195 seconds
246.681: [GC (Allocation Failure)  507345K->186865K(1034240K), 0.0042239 secs]
246.685: Total time for which application threads were stopped: 0.0043917 seconds, Stopping threads took: 0.0000199 seconds
246.752: [GC (Allocation Failure)  507377K->187305K(1034240K), 0.0042820 secs]
246.756: Total time for which application threads were stopped: 0.0044627 seconds, Stopping threads took: 0.0000194 seconds
246.824: [GC (Allocation Failure)  507817K->194891K(1028096K), 0.0039850 secs]
246.828: Total time for which application threads were stopped: 0.0041505 seconds, Stopping threads took: 0.0000192 seconds
246.896: [GC (Allocation Failure)  515403K->194891K(1033728K), 0.0041103 secs]
246.900: Total time for which application threads were stopped: 0.0042917 seconds, Stopping threads took: 0.0000190 seconds
246.965: [GC (Allocation Failure)  514379K->195019K(1033728K), 0.0043433 secs]
246.969: Total time for which application threads were stopped: 0.0045221 seconds, Stopping threads took: 0.0000219 seconds
247.036: [GC (Allocation Failure)  514507K->202925K(1033728K), 0.0041276 secs]
247.041: Total time for which application threads were stopped: 0.0043005 seconds, Stopping threads took: 0.0000209 seconds
247.108: [GC (Allocation Failure)  522413K->202925K(1033728K), 0.0040294 secs]
247.112: Total time for which application threads were stopped: 0.0041857 seconds, Stopping threads took: 0.0000204 seconds
247.181: [GC (Allocation Failure)  522413K->202981K(1033728K), 0.0043267 secs]
247.185: Total time for which application threads were stopped: 0.0044846 seconds, Stopping threads took: 0.0000254 seconds
247.251: [GC (Allocation Failure)  522469K->210951K(1027072K), 0.0042131 secs]
247.255: Total time for which application threads were stopped: 0.0043734 seconds, Stopping threads took: 0.0000192 seconds
247.320: [GC (Allocation Failure)  530439K->207045K(1034240K), 0.0030264 secs]
247.323: Total time for which application threads were stopped: 0.0032018 seconds, Stopping threads took: 0.0000200 seconds
247.393: [GC (Allocation Failure)  526533K->211111K(1033216K), 0.0042495 secs]
247.397: Total time for which application threads were stopped: 0.0044108 seconds, Stopping threads took: 0.0000198 seconds
247.465: [GC (Allocation Failure)  530599K->215079K(1034752K), 0.0040665 secs]
247.469: Total time for which application threads were stopped: 0.0042469 seconds, Stopping threads took: 0.0000199 seconds
247.538: [GC (Allocation Failure)  536615K->208325K(1034752K), 0.0013902 secs]
247.539: Total time for which application threads were stopped: 0.0015155 seconds, Stopping threads took: 0.0000192 seconds
247.608: [GC (Allocation Failure)  529861K->215143K(1034752K), 0.0041414 secs]
247.612: Total time for which application threads were stopped: 0.0043118 seconds, Stopping threads took: 0.0000199 seconds
247.678: [GC (Allocation Failure)  536679K->219215K(1034752K), 0.0051914 secs]
247.684: Total time for which application threads were stopped: 0.0053535 seconds, Stopping threads took: 0.0000204 seconds
247.749: [GC (Allocation Failure)  540751K->213645K(1034752K), 0.0019409 secs]
247.751: Total time for which application threads were stopped: 0.0020889 seconds, Stopping threads took: 0.0000284 seconds
247.819: [GC (Allocation Failure)  535181K->219495K(1034752K), 0.0042465 secs]
247.823: Total time for which application threads were stopped: 0.0044228 seconds, Stopping threads took: 0.0000271 seconds
247.890: [GC (Allocation Failure)  541031K->223367K(1034752K), 0.0047117 secs]
247.895: Total time for which application threads were stopped: 0.0048824 seconds, Stopping threads took: 0.0000204 seconds
247.964: [GC (Allocation Failure)  545856K->219461K(1035264K), 0.0027346 secs]
247.967: Total time for which application threads were stopped: 0.0028914 seconds, Stopping threads took: 0.0000197 seconds
248.037: [GC (Allocation Failure)  542021K->223527K(1036288K), 0.0043947 secs]
248.041: Total time for which application threads were stopped: 0.0045630 seconds, Stopping threads took: 0.0000214 seconds
248.109: [GC (Allocation Failure)  547623K->227495K(1035776K), 0.0041597 secs]
248.114: Total time for which application threads were stopped: 0.0043300 seconds, Stopping threads took: 0.0000200 seconds
248.184: [GC (Allocation Failure)  551591K->227495K(1035776K), 0.0040539 secs]
248.188: Total time for which application threads were stopped: 0.0042275 seconds, Stopping threads took: 0.0000207 seconds
248.257: [GC (Allocation Failure)  551079K->227559K(1023488K), 0.0041771 secs]
248.262: Total time for which application threads were stopped: 0.0043475 seconds, Stopping threads took: 0.0000218 seconds
248.329: [GC (Allocation Failure)  551143K->235562K(1035264K), 0.0042203 secs]
248.333: Total time for which application threads were stopped: 0.0044058 seconds, Stopping threads took: 0.0000266 seconds
248.401: [GC (Allocation Failure)  558122K->235562K(1030144K), 0.0039275 secs]
248.405: Total time for which application threads were stopped: 0.0040934 seconds, Stopping threads took: 0.0000207 seconds
248.473: [GC (Allocation Failure)  558122K->235594K(1034752K), 0.0045175 secs]
248.477: Total time for which application threads were stopped: 0.0047062 seconds, Stopping threads took: 0.0000213 seconds
248.548: [GC (Allocation Failure)  557130K->243564K(1029120K), 0.0043574 secs]
248.552: Total time for which application threads were stopped: 0.0045276 seconds, Stopping threads took: 0.0000170 seconds
248.620: [GC (Allocation Failure)  565100K->243564K(1034240K), 0.0040744 secs]
248.624: Total time for which application threads were stopped: 0.0042415 seconds, Stopping threads took: 0.0000195 seconds
248.693: [GC (Allocation Failure)  564076K->243788K(1034240K), 0.0042881 secs]
248.698: Total time for which application threads were stopped: 0.0044482 seconds, Stopping threads took: 0.0000199 seconds
248.765: [GC (Allocation Failure)  564300K->251598K(1034240K), 0.0041186 secs]
248.770: Total time for which application threads were stopped: 0.0042882 seconds, Stopping threads took: 0.0000196 seconds
248.838: [GC (Allocation Failure)  572110K->251598K(1034240K), 0.0044541 secs]
248.843: Total time for which application threads were stopped: 0.0046344 seconds, Stopping threads took: 0.0000259 seconds
248.910: [GC (Allocation Failure)  572110K->252038K(1033216K), 0.0043087 secs]
248.915: Total time for which application threads were stopped: 0.0045105 seconds, Stopping threads took: 0.0000262 seconds
248.984: [GC (Allocation Failure)  571526K->259624K(1033728K), 0.0043301 secs]
248.988: Total time for which application threads were stopped: 0.0044821 seconds, Stopping threads took: 0.0000176 seconds
249.056: [GC (Allocation Failure)  579112K->259624K(1033728K), 0.0042278 secs]
249.061: Total time for which application threads were stopped: 0.0043949 seconds, Stopping threads took: 0.0000208 seconds
249.126: [GC (Allocation Failure)  579112K->259784K(1033728K), 0.0043310 secs]
249.130: Total time for which application threads were stopped: 0.0045014 seconds, Stopping threads took: 0.0000192 seconds
249.198: [GC (Allocation Failure)  579272K->267659K(1033728K), 0.0054327 secs]
249.204: Total time for which application threads were stopped: 0.0056015 seconds, Stopping threads took: 0.0000199 seconds
249.271: [GC (Allocation Failure)  587147K->267691K(1033728K), 0.0041835 secs]
249.276: Total time for which application threads were stopped: 0.0043578 seconds, Stopping threads took: 0.0000276 seconds
249.343: [GC (Allocation Failure)  587179K->267683K(1033728K), 0.0067855 secs]
249.350: Total time for which application threads were stopped: 0.0069824 seconds, Stopping threads took: 0.0000287 seconds
249.419: [GC (Allocation Failure)  587171K->275685K(1027072K), 0.0043817 secs]
249.423: Total time for which application threads were stopped: 0.0045636 seconds, Stopping threads took: 0.0000169 seconds
249.489: [GC (Allocation Failure)  595172K->271779K(1034240K), 0.0083590 secs]
249.497: Total time for which application threads were stopped: 0.0085182 seconds, Stopping threads took: 0.0000192 seconds
249.566: [GC (Allocation Failure)  591267K->275837K(1033216K), 0.0046086 secs]
249.571: Total time for which application threads were stopped: 0.0047700 seconds, Stopping threads took: 0.0000200 seconds
249.639: [GC (Allocation Failure)  595325K->279837K(1034752K), 0.0043327 secs]
249.643: Total time for which application threads were stopped: 0.0045018 seconds, Stopping threads took: 0.0000199 seconds
249.710: [GC (Allocation Failure)  601373K->273051K(1034752K), 0.0015954 secs]
249.712: Total time for which application threads were stopped: 0.0017271 seconds, Stopping threads took: 0.0000193 seconds
249.779: [GC (Allocation Failure)  594587K->279869K(1034752K), 0.0041759 secs]
249.784: Total time for which application threads were stopped: 0.0043688 seconds, Stopping threads took: 0.0000197 seconds
249.852: [GC (Allocation Failure)  601405K->283941K(1034752K), 0.0051935 secs]
249.857: Total time for which application threads were stopped: 0.0053782 seconds, Stopping threads took: 0.0000197 seconds
249.923: [GC (Allocation Failure)  605477K->278403K(1034752K), 0.0020515 secs]
249.925: Total time for which application threads were stopped: 0.0021972 seconds, Stopping threads took: 0.0000196 seconds
249.992: [GC (Allocation Failure)  599939K->284213K(1034752K), 0.0042922 secs]
249.996: Total time for which application threads were stopped: 0.0044874 seconds, Stopping threads took: 0.0000196 seconds
250.065: [GC (Allocation Failure)  605749K->288117K(1034752K), 0.0045554 secs]
250.070: Total time for which application threads were stopped: 0.0047403 seconds, Stopping threads took: 0.0000172 seconds
250.139: [GC (Allocation Failure)  610605K->284211K(1035264K), 0.0029010 secs]
250.142: Total time for which application threads were stopped: 0.0030608 seconds, Stopping threads took: 0.0000196 seconds
250.210: [GC (Allocation Failure)  606771K->288253K(1036288K), 0.0046172 secs]
250.215: Total time for which application threads were stopped: 0.0047916 seconds, Stopping threads took: 0.0000207 seconds
250.283: [GC (Allocation Failure)  612349K->292221K(1035776K), 0.0042813 secs]
250.288: Total time for which application threads were stopped: 0.0044576 seconds, Stopping threads took: 0.0000203 seconds
250.357: [GC (Allocation Failure)  616317K->292253K(1035776K), 0.0041396 secs]
250.361: Total time for which application threads were stopped: 0.0043114 seconds, Stopping threads took: 0.0000268 seconds
250.429: [GC (Allocation Failure)  615837K->292293K(1023488K), 0.0045442 secs]
250.433: Total time for which application threads were stopped: 0.0047157 seconds, Stopping threads took: 0.0000198 seconds
250.500: [GC (Allocation Failure)  615877K->300263K(1035264K), 0.0050735 secs]
250.505: Total time for which application threads were stopped: 0.0052328 seconds, Stopping threads took: 0.0000278 seconds
250.573: [GC (Allocation Failure)  622823K->300263K(1030144K), 0.0041599 secs]
250.577: Total time for which application threads were stopped: 0.0043187 seconds, Stopping threads took: 0.0000197 seconds
250.644: [GC (Allocation Failure)  622823K->300327K(1034752K), 0.0042801 secs]
250.649: Total time for which application threads were stopped: 0.0044410 seconds, Stopping threads took: 0.0000200 seconds
250.716: [GC (Allocation Failure)  621863K->308329K(1029120K), 0.0045893 secs]
250.721: Total time for which application threads were stopped: 0.0047531 seconds, Stopping threads took: 0.0000211 seconds
250.790: [GC (Allocation Failure)  629865K->308329K(1034240K), 0.0042696 secs]
250.795: Total time for which application threads were stopped: 0.0044513 seconds, Stopping threads took: 0.0000200 seconds
250.863: [GC (Allocation Failure)  628841K->308553K(1034240K), 0.0045407 secs]
250.867: Total time for which application threads were stopped: 0.0047098 seconds, Stopping threads took: 0.0000260 seconds
250.935: [GC (Allocation Failure)  629065K->316332K(1034240K), 0.0042577 secs]
250.939: Total time for which application threads were stopped: 0.0044504 seconds, Stopping threads took: 0.0000194 seconds
251.009: [GC (Allocation Failure)  636844K->316332K(1034240K), 0.0043793 secs]
251.014: Total time for which application threads were stopped: 0.0045331 seconds, Stopping threads took: 0.0000176 seconds
251.081: [GC (Allocation Failure)  636844K->316780K(1033216K), 0.0044689 secs]
251.086: Total time for which application threads were stopped: 0.0046312 seconds, Stopping threads took: 0.0000201 seconds
251.153: [GC (Allocation Failure)  636268K->324366K(1033728K), 0.0043437 secs]
251.158: Total time for which application threads were stopped: 0.0045046 seconds, Stopping threads took: 0.0000201 seconds
251.226: [GC (Allocation Failure)  643854K->324398K(1033728K), 0.0041775 secs]
251.230: Total time for which application threads were stopped: 0.0043483 seconds, Stopping threads took: 0.0000200 seconds
251.295: [GC (Allocation Failure)  643886K->324486K(1033728K), 0.0044754 secs]
251.300: Total time for which application threads were stopped: 0.0046465 seconds, Stopping threads took: 0.0000199 seconds
251.368: [GC (Allocation Failure)  643974K->332424K(1033728K), 0.0041559 secs]
251.372: Total time for which application threads were stopped: 0.0043198 seconds, Stopping threads took: 0.0000269 seconds
251.440: [GC (Allocation Failure)  651912K->332392K(1033728K), 0.0043185 secs]
251.444: Total time for which application threads were stopped: 0.0044794 seconds, Stopping threads took: 0.0000169 seconds
251.513: [GC (Allocation Failure)  651880K->332424K(1033728K), 0.0080358 secs]
251.521: Total time for which application threads were stopped: 0.0081837 seconds, Stopping threads took: 0.0000261 seconds
251.588: [GC (Allocation Failure)  651912K->340427K(1027072K), 0.0045335 secs]
251.592: Total time for which application threads were stopped: 0.0046999 seconds, Stopping threads took: 0.0000190 seconds
251.657: [GC (Allocation Failure)  659914K->336520K(1034240K), 0.0033877 secs]
251.661: Total time for which application threads were stopped: 0.0035469 seconds, Stopping threads took: 0.0000193 seconds
251.728: [GC (Allocation Failure)  656008K->340587K(1033216K), 0.0045048 secs]
251.733: Total time for which application threads were stopped: 0.0046790 seconds, Stopping threads took: 0.0000201 seconds
251.803: [GC (Allocation Failure)  660075K->344555K(1034752K), 0.0043674 secs]
251.807: Total time for which application threads were stopped: 0.0045604 seconds, Stopping threads took: 0.0000200 seconds
251.875: [GC (Allocation Failure)  666091K->337800K(1034752K), 0.0017630 secs]
251.877: Total time for which application threads were stopped: 0.0018923 seconds, Stopping threads took: 0.0000186 seconds
251.944: [GC (Allocation Failure)  659336K->344651K(1034752K), 0.0042739 secs]
251.949: Total time for which application threads were stopped: 0.0044516 seconds, Stopping threads took: 0.0000192 seconds
252.014: [GC (Allocation Failure)  666187K->348723K(1034752K), 0.0054496 secs]
252.020: Total time for which application threads were stopped: 0.0056318 seconds, Stopping threads took: 0.0000205 seconds
252.085: [GC (Allocation Failure)  670259K->343120K(1034752K), 0.0022677 secs]
252.087: Total time for which application threads were stopped: 0.0024150 seconds, Stopping threads took: 0.0000197 seconds
252.154: [GC (Allocation Failure)  664656K->348931K(1034752K), 0.0042972 secs]
252.159: Total time for which application threads were stopped: 0.0044924 seconds, Stopping threads took: 0.0000195 seconds
252.228: [GC (Allocation Failure)  670467K->352867K(1035264K), 0.0047867 secs]
252.233: Total time for which application threads were stopped: 0.0049434 seconds, Stopping threads took: 0.0000170 seconds
252.299: [GC (Allocation Failure)  675355K->348928K(1035264K), 0.0032179 secs]
252.303: Total time for which application threads were stopped: 0.0033856 seconds, Stopping threads took: 0.0000195 seconds
252.371: [GC (Allocation Failure)  671488K->352995K(1036288K), 0.0044222 secs]
252.376: Total time for which application threads were stopped: 0.0045935 seconds, Stopping threads took: 0.0000266 seconds
252.443: [GC (Allocation Failure)  677091K->356963K(1035776K), 0.0044002 secs]
252.448: Total time for which application threads were stopped: 0.0045654 seconds, Stopping threads took: 0.0000212 seconds
252.517: [GC (Allocation Failure)  681059K->356963K(1035776K), 0.0043587 secs]
252.522: Total time for which application threads were stopped: 0.0045179 seconds, Stopping threads took: 0.0000195 seconds
252.589: [GC (Allocation Failure)  680547K->357035K(1023488K), 0.0045203 secs]
252.594: Total time for which application threads were stopped: 0.0046918 seconds, Stopping threads took: 0.0000199 seconds
252.660: [GC (Allocation Failure)  680619K->365005K(1035264K), 0.0045416 secs]
252.665: Total time for which application threads were stopped: 0.0047047 seconds, Stopping threads took: 0.0000204 seconds
252.735: [GC (Allocation Failure)  687565K->365037K(1030144K), 0.0042852 secs]
252.739: Total time for which application threads were stopped: 0.0044466 seconds, Stopping threads took: 0.0000202 seconds
252.807: [GC (Allocation Failure)  687597K->365061K(1034752K), 0.0045137 secs]
252.812: Total time for which application threads were stopped: 0.0046812 seconds, Stopping threads took: 0.0000265 seconds
252.879: [GC (Allocation Failure)  686597K->373031K(1029120K), 0.0044335 secs]
252.884: Total time for which application threads were stopped: 0.0046156 seconds, Stopping threads took: 0.0000194 seconds
252.952: [GC (Allocation Failure)  694567K->373031K(1034240K), 0.0043506 secs]
252.957: Total time for which application threads were stopped: 0.0045301 seconds, Stopping threads took: 0.0000190 seconds
253.025: [GC (Allocation Failure)  693543K->373247K(1034240K), 0.0045278 secs]
253.030: Total time for which application threads were stopped: 0.0046930 seconds, Stopping threads took: 0.0000194 seconds
253.098: [GC (Allocation Failure)  693759K->381089K(1034240K), 0.0044606 secs]
253.102: Total time for which application threads were stopped: 0.0046227 seconds, Stopping threads took: 0.0000191 seconds
253.171: [GC (Allocation Failure)  701601K->381057K(1034240K), 0.0046056 secs]
253.175: Total time for which application threads were stopped: 0.0047751 seconds, Stopping threads took: 0.0000197 seconds
253.244: [GC (Allocation Failure)  701569K->381513K(1033216K), 0.0046018 secs]
253.248: Total time for which application threads were stopped: 0.0047654 seconds, Stopping threads took: 0.0000198 seconds
253.316: [GC (Allocation Failure)  701001K->389132K(1033728K), 0.0065832 secs]
253.322: Total time for which application threads were stopped: 0.0067704 seconds, Stopping threads took: 0.0000255 seconds
253.390: [GC (Allocation Failure)  708620K->389100K(1033728K), 0.0044260 secs]
253.395: Total time for which application threads were stopped: 0.0046238 seconds, Stopping threads took: 0.0000207 seconds
253.462: [GC (Allocation Failure)  708588K->389252K(1033728K), 0.0045059 secs]
253.466: Total time for which application threads were stopped: 0.0046882 seconds, Stopping threads took: 0.0000175 seconds
253.537: [GC (Allocation Failure)  708740K->397126K(1033728K), 0.0043671 secs]
253.542: Total time for which application threads were stopped: 0.0045622 seconds, Stopping threads took: 0.0000209 seconds
253.610: [GC (Allocation Failure)  716614K->397126K(1033728K), 0.0043768 secs]
253.614: Total time for which application threads were stopped: 0.0045467 seconds, Stopping threads took: 0.0000197 seconds
253.681: [GC (Allocation Failure)  716614K->397198K(1033728K), 0.0045842 secs]
253.686: Total time for which application threads were stopped: 0.0047746 seconds, Stopping threads took: 0.0000190 seconds
253.753: [GC (Allocation Failure)  716686K->405136K(1027072K), 0.0044438 secs]
253.757: Total time for which application threads were stopped: 0.0046370 seconds, Stopping threads took: 0.0000195 seconds
253.824: [GC (Allocation Failure)  724624K->401262K(1034240K), 0.0033512 secs]
253.827: Total time for which application threads were stopped: 0.0035234 seconds, Stopping threads took: 0.0000280 seconds
253.895: [GC (Allocation Failure)  720750K->405320K(1033216K), 0.0047697 secs]
253.899: Total time for which application threads were stopped: 0.0049563 seconds, Stopping threads took: 0.0000214 seconds
253.967: [GC (Allocation Failure)  724808K->409288K(1034752K), 0.0044592 secs]
253.971: Total time for which application threads were stopped: 0.0046277 seconds, Stopping threads took: 0.0000198 seconds
254.038: [GC (Allocation Failure)  730824K->402502K(1034752K), 0.0017587 secs]
254.039: Total time for which application threads were stopped: 0.0019001 seconds, Stopping threads took: 0.0000196 seconds
254.106: [GC (Allocation Failure)  724038K->409360K(1034752K), 0.0046092 secs]
254.111: Total time for which application threads were stopped: 0.0047938 seconds, Stopping threads took: 0.0000207 seconds
254.179: [GC (Allocation Failure)  730896K->413440K(1034752K), 0.0054744 secs]
254.185: Total time for which application threads were stopped: 0.0056356 seconds, Stopping threads took: 0.0000196 seconds
254.251: [GC (Allocation Failure)  734976K->407902K(1034752K), 0.0024346 secs]
254.253: Total time for which application threads were stopped: 0.0026005 seconds, Stopping threads took: 0.0000283 seconds
254.322: [GC (Allocation Failure)  729438K->413704K(1034752K), 0.0044318 secs]
254.327: Total time for which application threads were stopped: 0.0045957 seconds, Stopping threads took: 0.0000264 seconds
254.396: [GC (Allocation Failure)  735240K->417576K(1034752K), 0.0048669 secs]
254.401: Total time for which application threads were stopped: 0.0050515 seconds, Stopping threads took: 0.0000258 seconds
254.469: [GC (Allocation Failure)  740064K->413670K(1035264K), 0.0033426 secs]
254.473: Total time for which application threads were stopped: 0.0034904 seconds, Stopping threads took: 0.0000170 seconds
254.544: [GC (Allocation Failure)  736230K->417736K(1036288K), 0.0048695 secs]
254.549: Total time for which application threads were stopped: 0.0050476 seconds, Stopping threads took: 0.0000196 seconds
254.618: [GC (Allocation Failure)  741832K->421704K(1035776K), 0.0044290 secs]
254.622: Total time for which application threads were stopped: 0.0045960 seconds, Stopping threads took: 0.0000195 seconds
254.691: [GC (Allocation Failure)  745800K->421704K(1035776K), 0.0043109 secs]
254.695: Total time for which application threads were stopped: 0.0044699 seconds, Stopping threads took: 0.0000196 seconds
254.764: [GC (Allocation Failure)  745288K->421768K(1023488K), 0.0046028 secs]
254.769: Total time for which application threads were stopped: 0.0047932 seconds, Stopping threads took: 0.0000190 seconds
254.837: [GC (Allocation Failure)  745352K->429770K(1035264K), 0.0044460 secs]
254.842: Total time for which application threads were stopped: 0.0046205 seconds, Stopping threads took: 0.0000188 seconds
254.910: [GC (Allocation Failure)  752330K->429738K(1030144K), 0.0044010 secs]
254.914: Total time for which application threads were stopped: 0.0045729 seconds, Stopping threads took: 0.0000202 seconds
254.981: [GC (Allocation Failure)  752298K->429802K(1034752K), 0.0046455 secs]
254.986: Total time for which application threads were stopped: 0.0048423 seconds, Stopping threads took: 0.0000199 seconds
255.055: [GC (Allocation Failure)  751338K->437805K(1029120K), 0.0045609 secs]
255.060: Total time for which application threads were stopped: 0.0047202 seconds, Stopping threads took: 0.0000254 seconds
255.128: [GC (Allocation Failure)  759341K->437805K(1034240K), 0.0043602 secs]
255.133: Total time for which application threads were stopped: 0.0045357 seconds, Stopping threads took: 0.0000259 seconds
255.200: [GC (Allocation Failure)  758317K->437997K(1034240K), 0.0048224 secs]
255.205: Total time for which application threads were stopped: 0.0049964 seconds, Stopping threads took: 0.0000201 seconds
255.273: [GC (Allocation Failure)  758509K->445839K(1034240K), 0.0045034 secs]
255.278: Total time for which application threads were stopped: 0.0047003 seconds, Stopping threads took: 0.0000200 seconds
255.348: [GC (Allocation Failure)  766351K->445807K(1034240K), 0.0044649 secs]
255.353: Total time for which application threads were stopped: 0.0046139 seconds, Stopping threads took: 0.0000167 seconds
255.421: [GC (Allocation Failure)  766319K->446255K(1033216K), 0.0046667 secs]
255.426: Total time for which application threads were stopped: 0.0048360 seconds, Stopping threads took: 0.0000245 seconds
255.495: [GC (Allocation Failure)  765743K->453873K(1033728K), 0.0044912 secs]
255.499: Total time for which application threads were stopped: 0.0046876 seconds, Stopping threads took: 0.0000247 seconds
255.569: [GC (Allocation Failure)  773361K->453841K(1033728K), 0.0045452 secs]
255.573: Total time for which application threads were stopped: 0.0047185 seconds, Stopping threads took: 0.0000196 seconds
255.639: [GC (Allocation Failure)  773329K->454001K(1033728K), 0.0046358 secs]
255.644: Total time for which application threads were stopped: 0.0048303 seconds, Stopping threads took: 0.0000167 seconds
255.713: [GC (Allocation Failure)  773489K->461907K(1033728K), 0.0043309 secs]
255.717: Total time for which application threads were stopped: 0.0045234 seconds, Stopping threads took: 0.0000194 seconds
255.785: [GC (Allocation Failure)  781395K->461875K(1033728K), 0.0046621 secs]
255.790: Total time for which application threads were stopped: 0.0048093 seconds, Stopping threads took: 0.0000169 seconds
255.859: [GC (Allocation Failure)  781363K->461947K(1033728K), 0.0046662 secs]
255.864: Total time for which application threads were stopped: 0.0048158 seconds, Stopping threads took: 0.0000249 seconds
255.931: [GC (Allocation Failure)  781435K->469950K(1027072K), 0.0046532 secs]
255.936: Total time for which application threads were stopped: 0.0048235 seconds, Stopping threads took: 0.0000193 seconds
256.003: [GC (Allocation Failure)  789437K->466011K(1034240K), 0.0035206 secs]
256.006: Total time for which application threads were stopped: 0.0036775 seconds, Stopping threads took: 0.0000201 seconds
256.074: [GC (Allocation Failure)  785499K->470086K(1033216K), 0.0049094 secs]
256.079: Total time for which application threads were stopped: 0.0050687 seconds, Stopping threads took: 0.0000190 seconds
256.146: [GC (Allocation Failure)  789574K->474054K(1034752K), 0.0046457 secs]
256.151: Total time for which application threads were stopped: 0.0048082 seconds, Stopping threads took: 0.0000196 seconds
256.217: [GC (Allocation Failure)  795590K->467299K(1034752K), 0.0021095 secs]
256.219: Total time for which application threads were stopped: 0.0022516 seconds, Stopping threads took: 0.0000193 seconds
256.286: [GC (Allocation Failure)  788835K->474126K(1034752K), 0.0046536 secs]
256.291: Total time for which application threads were stopped: 0.0048146 seconds, Stopping threads took: 0.0000201 seconds
256.357: [GC (Allocation Failure)  795662K->478206K(1034752K), 0.0055475 secs]
256.363: Total time for which application threads were stopped: 0.0057237 seconds, Stopping threads took: 0.0000282 seconds
256.428: [GC (Allocation Failure)  799742K->472667K(1034752K), 0.0027064 secs]
256.431: Total time for which application threads were stopped: 0.0028833 seconds, Stopping threads took: 0.0000199 seconds
256.501: [GC (Allocation Failure)  794203K->478470K(1034752K), 0.0045852 secs]
256.505: Total time for which application threads were stopped: 0.0048122 seconds, Stopping threads took: 0.0000275 seconds
256.573: [GC (Allocation Failure)  800006K->482342K(1034752K), 0.0051137 secs]
256.579: Total time for which application threads were stopped: 0.0052869 seconds, Stopping threads took: 0.0000204 seconds
256.646: [GC (Allocation Failure)  804830K->478435K(1035264K), 0.0035177 secs]
256.649: Total time for which application threads were stopped: 0.0036964 seconds, Stopping threads took: 0.0000198 seconds
256.718: [GC (Allocation Failure)  800995K->482502K(1036288K), 0.0050225 secs]
256.723: Total time for which application threads were stopped: 0.0052018 seconds, Stopping threads took: 0.0000207 seconds
256.791: [GC (Allocation Failure)  806598K->486470K(1035776K), 0.0046321 secs]
256.795: Total time for which application threads were stopped: 0.0048047 seconds, Stopping threads took: 0.0000193 seconds
256.865: [GC (Allocation Failure)  810566K->486502K(1035776K), 0.0044796 secs]
256.870: Total time for which application threads were stopped: 0.0046657 seconds, Stopping threads took: 0.0000259 seconds
256.937: [GC (Allocation Failure)  810086K->486542K(1023488K), 0.0048423 secs]
256.942: Total time for which application threads were stopped: 0.0050096 seconds, Stopping threads took: 0.0000198 seconds
257.008: [GC (Allocation Failure)  810126K->494512K(1035264K), 0.0047364 secs]
257.013: Total time for which application threads were stopped: 0.0049324 seconds, Stopping threads took: 0.0000192 seconds
257.083: [GC (Allocation Failure)  817072K->494512K(1030144K), 0.0046670 secs]
257.087: Total time for which application threads were stopped: 0.0048318 seconds, Stopping threads took: 0.0000250 seconds
257.155: [GC (Allocation Failure)  817072K->494568K(1034752K), 0.0045475 secs]
257.159: Total time for which application threads were stopped: 0.0047433 seconds, Stopping threads took: 0.0000203 seconds
257.228: [GC (Allocation Failure)  816104K->502570K(1029120K), 0.0047511 secs]
257.233: Total time for which application threads were stopped: 0.0049239 seconds, Stopping threads took: 0.0000201 seconds
257.302: [GC (Allocation Failure)  824106K->502570K(1034240K), 0.0044175 secs]
257.306: Total time for which application threads were stopped: 0.0045895 seconds, Stopping threads took: 0.0000196 seconds
257.374: [GC (Allocation Failure)  823082K->502754K(1034240K), 0.0065523 secs]
257.381: Total time for which application threads were stopped: 0.0067294 seconds, Stopping threads took: 0.0000258 seconds
257.449: [GC (Allocation Failure)  823266K->510597K(1034240K), 0.0044949 secs]
257.454: Total time for which application threads were stopped: 0.0046922 seconds, Stopping threads took: 0.0000202 seconds
257.525: [GC (Allocation Failure)  831109K->510565K(1034240K), 0.0047066 secs]
257.530: Total time for which application threads were stopped: 0.0048687 seconds, Stopping threads took: 0.0000198 seconds
257.597: [GC (Allocation Failure)  831077K->510981K(1033216K), 0.0049122 secs]
257.602: Total time for which application threads were stopped: 0.0050869 seconds, Stopping threads took: 0.0000200 seconds
257.671: [GC (Allocation Failure)  830469K->518631K(1033728K), 0.0047123 secs]
257.676: Total time for which application threads were stopped: 0.0048808 seconds, Stopping threads took: 0.0000276 seconds
257.743: [GC (Allocation Failure)  838119K->518599K(1033728K), 0.0047529 secs]
257.748: Total time for which application threads were stopped: 0.0049210 seconds, Stopping threads took: 0.0000199 seconds
257.813: [GC (Allocation Failure)  838087K->518759K(1033728K), 0.0046029 secs]
257.818: Total time for which application threads were stopped: 0.0047657 seconds, Stopping threads took: 0.0000262 seconds
257.885: [GC (Allocation Failure)  838247K->526633K(1033728K), 0.0044932 secs]
257.890: Total time for which application threads were stopped: 0.0046635 seconds, Stopping threads took: 0.0000202 seconds
257.957: [GC (Allocation Failure)  846121K->526633K(1033728K), 0.0046499 secs]
257.961: Total time for which application threads were stopped: 0.0048199 seconds, Stopping threads took: 0.0000199 seconds
258.028: [GC (Allocation Failure)  846121K->526697K(1033728K), 0.0046753 secs]
258.033: Total time for which application threads were stopped: 0.0048642 seconds, Stopping threads took: 0.0000194 seconds
258.101: [GC (Allocation Failure)  846185K->534667K(1027072K), 0.0048300 secs]
258.106: Total time for which application threads were stopped: 0.0049955 seconds, Stopping threads took: 0.0000202 seconds
258.171: [GC (Allocation Failure)  854155K->530761K(1034240K), 0.0036796 secs]
258.175: Total time for which application threads were stopped: 0.0038450 seconds, Stopping threads took: 0.0000195 seconds
258.242: [GC (Allocation Failure)  850249K->534827K(1033216K), 0.0048376 secs]
258.247: Total time for which application threads were stopped: 0.0050134 seconds, Stopping threads took: 0.0000202 seconds
258.315: [GC (Allocation Failure)  854315K->538795K(1034752K), 0.0045648 secs]
258.319: Total time for which application threads were stopped: 0.0047247 seconds, Stopping threads took: 0.0000264 seconds
258.386: [GC (Allocation Failure)  860331K->532041K(1034752K), 0.0020710 secs]
258.388: Total time for which application threads were stopped: 0.0022288 seconds, Stopping threads took: 0.0000250 seconds
258.455: [GC (Allocation Failure)  853577K->538859K(1034752K), 0.0047402 secs]
258.460: Total time for which application threads were stopped: 0.0049102 seconds, Stopping threads took: 0.0000202 seconds
258.527: [GC (Allocation Failure)  860395K->542939K(1034752K), 0.0057094 secs]
258.533: Total time for which application threads were stopped: 0.0058682 seconds, Stopping threads took: 0.0000196 seconds
258.598: [GC (Allocation Failure)  864475K->537433K(1034752K), 0.0027038 secs]
258.601: Total time for which application threads were stopped: 0.0028580 seconds, Stopping threads took: 0.0000196 seconds
258.668: [GC (Allocation Failure)  858969K->543243K(1034752K), 0.0048673 secs]
258.673: Total time for which application threads were stopped: 0.0050343 seconds, Stopping threads took: 0.0000186 seconds
258.740: [GC (Allocation Failure)  864779K->547083K(1034752K), 0.0050184 secs]
258.745: Total time for which application threads were stopped: 0.0052115 seconds, Stopping threads took: 0.0000200 seconds
258.814: [GC (Allocation Failure)  869572K->543209K(1035264K), 0.0034739 secs]
258.818: Total time for which application threads were stopped: 0.0036402 seconds, Stopping threads took: 0.0000246 seconds
258.887: [GC (Allocation Failure)  865769K->547243K(1036288K), 0.0049180 secs]
258.892: Total time for which application threads were stopped: 0.0050749 seconds, Stopping threads took: 0.0000175 seconds
258.959: [GC (Allocation Failure)  871339K->551243K(1035776K), 0.0046787 secs]
258.964: Total time for which application threads were stopped: 0.0048766 seconds, Stopping threads took: 0.0000209 seconds
259.034: [GC (Allocation Failure)  875339K->551211K(1035776K), 0.0048430 secs]
259.039: Total time for which application threads were stopped: 0.0050364 seconds, Stopping threads took: 0.0000200 seconds
259.108: [GC (Allocation Failure)  874795K->551267K(1023488K), 0.0048809 secs]
259.113: Total time for which application threads were stopped: 0.0050376 seconds, Stopping threads took: 0.0000173 seconds
259.180: [GC (Allocation Failure)  874851K->559238K(1035264K), 0.0049190 secs]
259.185: Total time for which application threads were stopped: 0.0050885 seconds, Stopping threads took: 0.0000199 seconds
259.254: [GC (Allocation Failure)  881798K->559238K(1030144K), 0.0045215 secs]
259.259: Total time for which application threads were stopped: 0.0046874 seconds, Stopping threads took: 0.0000204 seconds
259.326: [GC (Allocation Failure)  881798K->559302K(1034752K), 0.0049015 secs]
259.331: Total time for which application threads were stopped: 0.0050702 seconds, Stopping threads took: 0.0000266 seconds
259.398: [GC (Allocation Failure)  880838K->567304K(1034752K), 0.0048317 secs]
259.403: Total time for which application threads were stopped: 0.0050039 seconds, Stopping threads took: 0.0000199 seconds
259.473: [GC (Allocation Failure)  888840K->567304K(1033728K), 0.0045108 secs]
259.478: Total time for which application threads were stopped: 0.0046804 seconds, Stopping threads took: 0.0000199 seconds
259.546: [GC (Allocation Failure)  887816K->567496K(1034240K), 0.0049238 secs]
259.551: Total time for which application threads were stopped: 0.0051030 seconds, Stopping threads took: 0.0000197 seconds
259.619: [GC (Allocation Failure)  888008K->575338K(1034240K), 0.0048280 secs]
259.624: Total time for which application threads were stopped: 0.0049963 seconds, Stopping threads took: 0.0000194 seconds
259.693: [GC (Allocation Failure)  895850K->575306K(1034240K), 0.0049498 secs]
259.698: Total time for which application threads were stopped: 0.0051230 seconds, Stopping threads took: 0.0000200 seconds
259.766: [GC (Allocation Failure)  895818K->575746K(1033216K), 0.0051284 secs]
259.771: Total time for which application threads were stopped: 0.0052967 seconds, Stopping threads took: 0.0000192 seconds
259.839: [GC (Allocation Failure)  895234K->583332K(1033728K), 0.0047469 secs]
259.844: Total time for which application threads were stopped: 0.0049302 seconds, Stopping threads took: 0.0000201 seconds
259.911: [GC (Allocation Failure)  902820K->583332K(1033728K), 0.0046815 secs]
259.916: Total time for which application threads were stopped: 0.0048458 seconds, Stopping threads took: 0.0000195 seconds
259.981: [GC (Allocation Failure)  902820K->583484K(1033728K), 0.0051275 secs]
259.986: Total time for which application threads were stopped: 0.0053111 seconds, Stopping threads took: 0.0000197 seconds
260.055: [GC (Allocation Failure)  902972K->591391K(1033728K), 0.0047904 secs]
260.060: Total time for which application threads were stopped: 0.0049651 seconds, Stopping threads took: 0.0000202 seconds
260.127: [GC (Allocation Failure)  910879K->591359K(1033728K), 0.0048974 secs]
260.132: Total time for which application threads were stopped: 0.0050737 seconds, Stopping threads took: 0.0000206 seconds
260.198: [GC (Allocation Failure)  910847K->591431K(1033728K), 0.0050749 secs]
260.204: Total time for which application threads were stopped: 0.0052428 seconds, Stopping threads took: 0.0000192 seconds
260.270: [GC (Allocation Failure)  910919K->599401K(1027072K), 0.0049297 secs]
260.275: Total time for which application threads were stopped: 0.0051225 seconds, Stopping threads took: 0.0000204 seconds
260.342: [GC (Allocation Failure)  918888K->595527K(1034240K), 0.0038404 secs]
260.346: Total time for which application threads were stopped: 0.0040169 seconds, Stopping threads took: 0.0000249 seconds
260.415: [GC (Allocation Failure)  915015K->599561K(1033216K), 0.0049971 secs]
260.420: Total time for which application threads were stopped: 0.0051558 seconds, Stopping threads took: 0.0000249 seconds
260.488: [GC (Allocation Failure)  919049K->603529K(1034752K), 0.0092980 secs]
260.497: Total time for which application threads were stopped: 0.0094656 seconds, Stopping threads took: 0.0000199 seconds
260.565: [GC (Allocation Failure)  925065K->596775K(1034752K), 0.0022810 secs]
260.567: Total time for which application threads were stopped: 0.0024477 seconds, Stopping threads took: 0.0000285 seconds
260.634: [GC (Allocation Failure)  918311K->603601K(1034752K), 0.0047721 secs]
260.639: Total time for which application threads were stopped: 0.0049453 seconds, Stopping threads took: 0.0000205 seconds
260.705: [GC (Allocation Failure)  925137K->607681K(1034752K), 0.0057383 secs]
260.711: Total time for which application threads were stopped: 0.0059335 seconds, Stopping threads took: 0.0000207 seconds
260.778: [GC (Allocation Failure)  929217K->602111K(1034752K), 0.0028883 secs]
260.781: Total time for which application threads were stopped: 0.0030285 seconds, Stopping threads took: 0.0000160 seconds
260.849: [GC (Allocation Failure)  923647K->607953K(1034752K), 0.0048013 secs]
260.854: Total time for which application threads were stopped: 0.0049624 seconds, Stopping threads took: 0.0000258 seconds
260.922: [GC (Allocation Failure)  929489K->611857K(1034752K), 0.0053943 secs]
260.927: Total time for which application threads were stopped: 0.0055621 seconds, Stopping threads took: 0.0000197 seconds
260.994: [GC (Allocation Failure)  934345K->607919K(1035264K), 0.0036073 secs]
260.998: Total time for which application threads were stopped: 0.0038014 seconds, Stopping threads took: 0.0000202 seconds
261.068: [GC (Allocation Failure)  930479K->611985K(1036288K), 0.0049322 secs]
261.073: Total time for which application threads were stopped: 0.0050918 seconds, Stopping threads took: 0.0000194 seconds
261.140: [GC (Allocation Failure)  936081K->615953K(1035776K), 0.0049737 secs]
261.145: Total time for which application threads were stopped: 0.0051389 seconds, Stopping threads took: 0.0000193 seconds
261.215: [GC (Allocation Failure)  940049K->615953K(1035776K), 0.0047836 secs]
261.220: Total time for which application threads were stopped: 0.0049496 seconds, Stopping threads took: 0.0000190 seconds
261.288: [GC (Allocation Failure)  939537K->616009K(1023488K), 0.0048342 secs]
261.293: Total time for which application threads were stopped: 0.0050269 seconds, Stopping threads took: 0.0000199 seconds
261.361: [GC (Allocation Failure)  939593K->623979K(1035264K), 0.0047785 secs]
261.366: Total time for which application threads were stopped: 0.0049205 seconds, Stopping threads took: 0.0000168 seconds
261.434: [GC (Allocation Failure)  946539K->623979K(1030144K), 0.0047535 secs]
261.439: Total time for which application threads were stopped: 0.0049309 seconds, Stopping threads took: 0.0000199 seconds
261.508: [GC (Allocation Failure)  946539K->624019K(1034752K), 0.0078758 secs]
261.516: Total time for which application threads were stopped: 0.0080491 seconds, Stopping threads took: 0.0000258 seconds
261.584: [GC (Allocation Failure)  945555K->632021K(1034752K), 0.0049111 secs]
261.589: Total time for which application threads were stopped: 0.0050808 seconds, Stopping threads took: 0.0000198 seconds
261.658: [GC (Allocation Failure)  953557K->632021K(1033728K), 0.0046351 secs]
261.662: Total time for which application threads were stopped: 0.0048053 seconds, Stopping threads took: 0.0000198 seconds
261.730: [GC (Allocation Failure)  952533K->632277K(1034240K), 0.0051367 secs]
261.735: Total time for which application threads were stopped: 0.0053090 seconds, Stopping threads took: 0.0000263 seconds
261.803: [GC (Allocation Failure)  952789K->640056K(1034240K), 0.0047216 secs]
261.808: Total time for which application threads were stopped: 0.0048944 seconds, Stopping threads took: 0.0000199 seconds
261.877: [GC (Allocation Failure)  960568K->640056K(1034240K), 0.0048602 secs]
261.882: Total time for which application threads were stopped: 0.0050279 seconds, Stopping threads took: 0.0000278 seconds
261.950: [GC (Allocation Failure)  960568K->640464K(1033216K), 0.0048128 secs]
261.955: Total time for which application threads were stopped: 0.0049884 seconds, Stopping threads took: 0.0000198 seconds
262.024: [GC (Allocation Failure)  959952K->648082K(1033728K), 0.0049449 secs]
262.029: Total time for which application threads were stopped: 0.0051397 seconds, Stopping threads took: 0.0000196 seconds
262.098: [GC (Allocation Failure)  967570K->648082K(1033728K), 0.0050499 secs]
262.103: Total time for which application threads were stopped: 0.0052195 seconds, Stopping threads took: 0.0000186 seconds
262.168: [GC (Allocation Failure)  967570K->648234K(1033728K), 0.0051132 secs]
262.173: Total time for which application threads were stopped: 0.0052821 seconds, Stopping threads took: 0.0000189 seconds
262.241: [GC (Allocation Failure)  967722K->656108K(1033728K), 0.0048931 secs]
262.246: Total time for which application threads were stopped: 0.0050570 seconds, Stopping threads took: 0.0000206 seconds
262.312: [GC (Allocation Failure)  975596K->656076K(1033728K), 0.0050309 secs]
262.318: Total time for which application threads were stopped: 0.0051899 seconds, Stopping threads took: 0.0000190 seconds
262.384: [GC (Allocation Failure)  975564K->656172K(1033728K), 0.0053073 secs]
262.390: Total time for which application threads were stopped: 0.0054722 seconds, Stopping threads took: 0.0000191 seconds
262.456: [GC (Allocation Failure)  975660K->664175K(1027072K), 0.0051886 secs]
262.461: Total time for which application threads were stopped: 0.0053715 seconds, Stopping threads took: 0.0000194 seconds
262.527: [GC (Allocation Failure)  983662K->660236K(1034240K), 0.0039420 secs]
262.531: Total time for which application threads were stopped: 0.0041098 seconds, Stopping threads took: 0.0000191 seconds
262.599: [GC (Allocation Failure)  979724K->664303K(1033216K), 0.0051414 secs]
262.604: Total time for which application threads were stopped: 0.0053038 seconds, Stopping threads took: 0.0000192 seconds
262.671: [GC (Allocation Failure)  983791K->668239K(1034752K), 0.0049352 secs]
262.676: Total time for which application threads were stopped: 0.0050996 seconds, Stopping threads took: 0.0000193 seconds
262.743: [GC (Allocation Failure)  989775K->661516K(1034752K), 0.0022821 secs]
262.745: Total time for which application threads were stopped: 0.0024386 seconds, Stopping threads took: 0.0000194 seconds
262.812: [GC (Allocation Failure)  983052K->668335K(1034752K), 0.0048700 secs]
262.817: Total time for which application threads were stopped: 0.0050755 seconds, Stopping threads took: 0.0000195 seconds
262.883: [GC (Allocation Failure)  989871K->672415K(1034752K), 0.0060697 secs]
262.889: Total time for which application threads were stopped: 0.0062416 seconds, Stopping threads took: 0.0000209 seconds
262.956: [GC (Allocation Failure)  993951K->666876K(1034752K), 0.0029794 secs]
262.959: Total time for which application threads were stopped: 0.0031503 seconds, Stopping threads took: 0.0000198 seconds
263.026: [GC (Allocation Failure)  988412K->672711K(1034752K), 0.0048654 secs]
263.031: Total time for which application threads were stopped: 0.0050421 seconds, Stopping threads took: 0.0000210 seconds
263.099: [GC (Allocation Failure)  994247K->676551K(1034752K), 0.0054288 secs]
263.104: Total time for which application threads were stopped: 0.0056128 seconds, Stopping threads took: 0.0000197 seconds
263.172: [GC (Allocation Failure)  999039K->672644K(1035264K), 0.0036861 secs]
263.176: Total time for which application threads were stopped: 0.0038660 seconds, Stopping threads took: 0.0000195 seconds
263.246: [GC (Allocation Failure)  995204K->676719K(1036288K), 0.0051402 secs]
263.251: Total time for which application threads were stopped: 0.0053075 seconds, Stopping threads took: 0.0000199 seconds
263.319: [GC (Allocation Failure)  1000815K->680687K(1035776K), 0.0048581 secs]
263.324: Total time for which application threads were stopped: 0.0050365 seconds, Stopping threads took: 0.0000196 seconds
263.392: [GC (Allocation Failure)  1004783K->680655K(1035776K), 0.0049569 secs]
263.397: Total time for which application threads were stopped: 0.0051363 seconds, Stopping threads took: 0.0000200 seconds
263.465: [GC (Allocation Failure)  1004239K->680743K(1023488K), 0.0049449 secs]
263.470: Total time for which application threads were stopped: 0.0051108 seconds, Stopping threads took: 0.0000202 seconds
263.537: [GC (Allocation Failure)  1004327K->688745K(1035264K), 0.0049238 secs]
263.542: Total time for which application threads were stopped: 0.0050731 seconds, Stopping threads took: 0.0000164 seconds
263.612: [GC (Allocation Failure)  1011305K->688745K(1030144K), 0.0049196 secs]
263.617: Total time for which application threads were stopped: 0.0050853 seconds, Stopping threads took: 0.0000215 seconds
263.685: [GC (Allocation Failure)  1011305K->688777K(1034752K), 0.0049213 secs]
263.690: [Full GC (Ergonomics)  688777K->8520K(1034752K), 0.0121165 secs]
263.702: Total time for which application threads were stopped: 0.0172823 seconds, Stopping threads took: 0.0000202 seconds
263.770: [GC (Allocation Failure)  330056K->16618K(1029120K), 0.0038319 secs]
263.774: Total time for which application threads were stopped: 0.0040075 seconds, Stopping threads took: 0.0000213 seconds
263.842: [GC (Allocation Failure)  338154K->16634K(1034240K), 0.0035400 secs]
263.846: Total time for which application threads were stopped: 0.0037102 seconds, Stopping threads took: 0.0000277 seconds
263.913: [GC (Allocation Failure)  337146K->16858K(1034240K), 0.0039576 secs]
263.917: Total time for which application threads were stopped: 0.0041164 seconds, Stopping threads took: 0.0000194 seconds
263.987: [GC (Allocation Failure)  337370K->24636K(1034240K), 0.0037530 secs]
263.991: Total time for which application threads were stopped: 0.0039119 seconds, Stopping threads took: 0.0000191 seconds
264.058: [GC (Allocation Failure)  345148K->24636K(1034240K), 0.0037217 secs]
264.062: Total time for which application threads were stopped: 0.0038817 seconds, Stopping threads took: 0.0000194 seconds
264.129: [GC (Allocation Failure)  345148K->25052K(1033216K), 0.0039689 secs]
264.133: Total time for which application threads were stopped: 0.0041290 seconds, Stopping threads took: 0.0000196 seconds
264.203: [GC (Allocation Failure)  344540K->32671K(1033728K), 0.0037585 secs]
264.207: Total time for which application threads were stopped: 0.0039154 seconds, Stopping threads took: 0.0000192 seconds
264.274: [GC (Allocation Failure)  352159K->32671K(1033728K), 0.0038985 secs]
264.278: Total time for which application threads were stopped: 0.0040600 seconds, Stopping threads took: 0.0000200 seconds
264.345: [GC (Allocation Failure)  352159K->32791K(1033728K), 0.0042917 secs]
264.349: Total time for which application threads were stopped: 0.0044410 seconds, Stopping threads took: 0.0000198 seconds
264.419: [GC (Allocation Failure)  352279K->40697K(1033728K), 0.0036478 secs]
264.423: Total time for which application threads were stopped: 0.0038281 seconds, Stopping threads took: 0.0000201 seconds
264.491: [GC (Allocation Failure)  360185K->40697K(1033728K), 0.0046431 secs]
264.495: Total time for which application threads were stopped: 0.0048403 seconds, Stopping threads took: 0.0000196 seconds
264.565: [GC (Allocation Failure)  360185K->40761K(1033728K), 0.0039385 secs]
264.569: Total time for which application threads were stopped: 0.0040969 seconds, Stopping threads took: 0.0000172 seconds
264.637: [GC (Allocation Failure)  360249K->48699K(1027072K), 0.0038500 secs]
264.641: Total time for which application threads were stopped: 0.0040157 seconds, Stopping threads took: 0.0000206 seconds
264.706: [GC (Allocation Failure)  368187K->44857K(1034240K), 0.0027937 secs]
264.709: Total time for which application threads were stopped: 0.0029538 seconds, Stopping threads took: 0.0000208 seconds
264.776: [GC (Allocation Failure)  364345K->48891K(1033216K), 0.0041195 secs]
264.780: Total time for which application threads were stopped: 0.0043031 seconds, Stopping threads took: 0.0000209 seconds
264.848: [GC (Allocation Failure)  368379K->52891K(1034752K), 0.0038291 secs]
264.852: Total time for which application threads were stopped: 0.0039956 seconds, Stopping threads took: 0.0000267 seconds
264.920: [GC (Allocation Failure)  374427K->46105K(1034752K), 0.0010385 secs]
264.922: Total time for which application threads were stopped: 0.0011642 seconds, Stopping threads took: 0.0000196 seconds
264.989: [GC (Allocation Failure)  367641K->52963K(1034752K), 0.0037635 secs]
264.993: Total time for which application threads were stopped: 0.0039632 seconds, Stopping threads took: 0.0000239 seconds
265.061: [GC (Allocation Failure)  374499K->57035K(1034752K), 0.0048776 secs]
265.065: Total time for which application threads were stopped: 0.0050492 seconds, Stopping threads took: 0.0000199 seconds
265.131: [GC (Allocation Failure)  378571K->51465K(1034752K), 0.0066057 secs]
265.137: Total time for which application threads were stopped: 0.0067456 seconds, Stopping threads took: 0.0000192 seconds
265.207: [GC (Allocation Failure)  373001K->57267K(1034752K), 0.0037553 secs]
265.211: Total time for which application threads were stopped: 0.0039165 seconds, Stopping threads took: 0.0000194 seconds
265.280: [GC (Allocation Failure)  378803K->61139K(1034752K), 0.0044305 secs]
265.285: Total time for which application threads were stopped: 0.0046015 seconds, Stopping threads took: 0.0000195 seconds
265.352: [GC (Allocation Failure)  383627K->57233K(1035264K), 0.0026090 secs]
265.354: Total time for which application threads were stopped: 0.0027968 seconds, Stopping threads took: 0.0000190 seconds
265.422: [GC (Allocation Failure)  379793K->61299K(1036288K), 0.0041372 secs]
265.426: Total time for which application threads were stopped: 0.0043037 seconds, Stopping threads took: 0.0000201 seconds
265.494: [GC (Allocation Failure)  385395K->65235K(1035776K), 0.0041678 secs]
265.498: Total time for which application threads were stopped: 0.0043220 seconds, Stopping threads took: 0.0000167 seconds
265.567: [GC (Allocation Failure)  389331K->65299K(1035776K), 0.0037535 secs]
265.571: Total time for which application threads were stopped: 0.0039127 seconds, Stopping threads took: 0.0000200 seconds
265.640: [GC (Allocation Failure)  388883K->65339K(1023488K), 0.0039754 secs]
265.644: Total time for which application threads were stopped: 0.0041384 seconds, Stopping threads took: 0.0000201 seconds
265.711: [GC (Allocation Failure)  388923K->73341K(1035264K), 0.0040634 secs]
265.715: Total time for which application threads were stopped: 0.0042376 seconds, Stopping threads took: 0.0000200 seconds
265.785: [GC (Allocation Failure)  395901K->73309K(1030144K), 0.0035907 secs]
265.788: Total time for which application threads were stopped: 0.0037539 seconds, Stopping threads took: 0.0000202 seconds
265.856: [GC (Allocation Failure)  395869K->73373K(1034752K), 0.0040321 secs]
265.861: Total time for which application threads were stopped: 0.0042045 seconds, Stopping threads took: 0.0000297 seconds
265.930: [GC (Allocation Failure)  394909K->81376K(1029120K), 0.0041711 secs]
265.934: Total time for which application threads were stopped: 0.0043298 seconds, Stopping threads took: 0.0000193 seconds
266.004: [GC (Allocation Failure)  402912K->81376K(1034240K), 0.0037397 secs]
266.008: Total time for which application threads were stopped: 0.0038996 seconds, Stopping threads took: 0.0000193 seconds
266.076: [GC (Allocation Failure)  401888K->81568K(1034240K), 0.0040138 secs]
266.081: Total time for which application threads were stopped: 0.0041812 seconds, Stopping threads took: 0.0000190 seconds
266.148: [GC (Allocation Failure)  402080K->89410K(1034240K), 0.0038225 secs]
266.152: Total time for which application threads were stopped: 0.0039919 seconds, Stopping threads took: 0.0000191 seconds
266.220: [GC (Allocation Failure)  409922K->89378K(1034240K), 0.0040456 secs]
266.224: Total time for which application threads were stopped: 0.0042455 seconds, Stopping threads took: 0.0000202 seconds
266.293: [GC (Allocation Failure)  409890K->89786K(1033216K), 0.0041460 secs]
266.297: Total time for which application threads were stopped: 0.0043081 seconds, Stopping threads took: 0.0000193 seconds
266.365: [GC (Allocation Failure)  409274K->97404K(1033728K), 0.0038698 secs]
266.369: Total time for which application threads were stopped: 0.0040568 seconds, Stopping threads took: 0.0000279 seconds
266.436: [GC (Allocation Failure)  416892K->97404K(1033728K), 0.0037185 secs]
266.440: Total time for which application threads were stopped: 0.0038842 seconds, Stopping threads took: 0.0000261 seconds
266.506: [GC (Allocation Failure)  416892K->97492K(1033728K), 0.0058550 secs]
266.511: Total time for which application threads were stopped: 0.0060595 seconds, Stopping threads took: 0.0000248 seconds
266.579: [GC (Allocation Failure)  416980K->105462K(1033728K), 0.0038619 secs]
266.583: Total time for which application threads were stopped: 0.0040207 seconds, Stopping threads took: 0.0000193 seconds
266.653: [GC (Allocation Failure)  424950K->105462K(1033728K), 0.0038755 secs]
266.657: Total time for which application threads were stopped: 0.0040446 seconds, Stopping threads took: 0.0000281 seconds
266.724: [GC (Allocation Failure)  424950K->105494K(1032704K), 0.0041679 secs]
266.728: Total time for which application threads were stopped: 0.0043330 seconds, Stopping threads took: 0.0000200 seconds
266.796: [GC (Allocation Failure)  423958K->113465K(1033216K), 0.0039825 secs]
266.800: Total time for which application threads were stopped: 0.0041518 seconds, Stopping threads took: 0.0000219 seconds
266.867: [GC (Allocation Failure)  431929K->107894K(1033728K), 0.0017017 secs]
266.869: Total time for which application threads were stopped: 0.0018444 seconds, Stopping threads took: 0.0000198 seconds
266.936: [GC (Allocation Failure)  426870K->113721K(1033216K), 0.0037549 secs]
266.940: Total time for which application threads were stopped: 0.0039575 seconds, Stopping threads took: 0.0000196 seconds
267.009: [GC (Allocation Failure)  432697K->117609K(1034240K), 0.0040933 secs]
267.013: Total time for which application threads were stopped: 0.0042521 seconds, Stopping threads took: 0.0000175 seconds
267.081: [GC (Allocation Failure)  438121K->123494K(1034240K), 0.0065691 secs]
267.088: Total time for which application threads were stopped: 0.0067491 seconds, Stopping threads took: 0.0000277 seconds
267.156: [GC (Allocation Failure)  444006K->117769K(1030144K), 0.0042339 secs]
267.160: Total time for which application threads were stopped: 0.0044138 seconds, Stopping threads took: 0.0000279 seconds
267.227: [GC (Allocation Failure)  434185K->117609K(1032192K), 0.0040402 secs]
267.231: Total time for which application threads were stopped: 0.0042209 seconds, Stopping threads took: 0.0000194 seconds
267.298: [GC (Allocation Failure)  434025K->113446K(1033216K), 0.0022809 secs]
267.300: Total time for which application threads were stopped: 0.0024423 seconds, Stopping threads took: 0.0000209 seconds
267.370: [GC (Allocation Failure)  431398K->117737K(1032704K), 0.0038234 secs]
267.374: Total time for which application threads were stopped: 0.0039929 seconds, Stopping threads took: 0.0000261 seconds
267.439: [GC (Allocation Failure)  435689K->117609K(1033728K), 0.0038568 secs]
267.443: Total time for which application threads were stopped: 0.0040519 seconds, Stopping threads took: 0.0000198 seconds
267.512: [GC (Allocation Failure)  436585K->121185K(1033216K), 0.0064465 secs]
267.519: Total time for which application threads were stopped: 0.0066471 seconds, Stopping threads took: 0.0000258 seconds
267.586: [GC (Allocation Failure)  440161K->125699K(1034240K), 0.0039187 secs]
267.590: Total time for which application threads were stopped: 0.0040812 seconds, Stopping threads took: 0.0000204 seconds
267.656: [GC (Allocation Failure)  445699K->125667K(1033728K), 0.0040055 secs]
267.660: Total time for which application threads were stopped: 0.0041851 seconds, Stopping threads took: 0.0000201 seconds
267.725: [GC (Allocation Failure)  445667K->128931K(1034240K), 0.0049686 secs]
267.730: Total time for which application threads were stopped: 0.0051487 seconds, Stopping threads took: 0.0000286 seconds
267.798: [GC (Allocation Failure)  449443K->133669K(1034240K), 0.0041587 secs]
267.802: Total time for which application threads were stopped: 0.0043203 seconds, Stopping threads took: 0.0000198 seconds
267.870: [GC (Allocation Failure)  454181K->133669K(1034752K), 0.0045813 secs]
267.875: Total time for which application threads were stopped: 0.0047420 seconds, Stopping threads took: 0.0000194 seconds
267.940: [GC (Allocation Failure)  455205K->136173K(1034752K), 0.0045517 secs]
267.944: Total time for which application threads were stopped: 0.0047489 seconds, Stopping threads took: 0.0000199 seconds
268.015: [GC (Allocation Failure)  457709K->141743K(1034752K), 0.0040062 secs]
268.019: Total time for which application threads were stopped: 0.0041542 seconds, Stopping threads took: 0.0000168 seconds
268.086: [GC (Allocation Failure)  463279K->141743K(1034752K), 0.0038812 secs]
268.090: Total time for which application threads were stopped: 0.0040503 seconds, Stopping threads took: 0.0000203 seconds
268.156: [GC (Allocation Failure)  463279K->145383K(1035264K), 0.0047954 secs]
268.161: Total time for which application threads were stopped: 0.0049526 seconds, Stopping threads took: 0.0000187 seconds
268.230: [GC (Allocation Failure)  467431K->149770K(1034752K), 0.0064115 secs]
268.236: Total time for which application threads were stopped: 0.0065684 seconds, Stopping threads took: 0.0000193 seconds
268.304: [GC (Allocation Failure)  471818K->149738K(1035264K), 0.0040194 secs]
268.308: Total time for which application threads were stopped: 0.0041889 seconds, Stopping threads took: 0.0000269 seconds
268.374: [GC (Allocation Failure)  472298K->152610K(1035264K), 0.0046565 secs]
268.379: Total time for which application threads were stopped: 0.0048345 seconds, Stopping threads took: 0.0000279 seconds
268.446: [GC (Allocation Failure)  475170K->157892K(1035264K), 0.0039257 secs]
268.450: Total time for which application threads were stopped: 0.0040999 seconds, Stopping threads took: 0.0000196 seconds
268.521: [GC (Allocation Failure)  480452K->157732K(1035264K), 0.0040909 secs]
268.526: Total time for which application threads were stopped: 0.0042638 seconds, Stopping threads took: 0.0000199 seconds
268.593: [GC (Allocation Failure)  480292K->160836K(1035264K), 0.0049710 secs]
268.598: Total time for which application threads were stopped: 0.0051465 seconds, Stopping threads took: 0.0000200 seconds
268.666: [GC (Allocation Failure)  483396K->165862K(1035264K), 0.0039166 secs]
268.670: Total time for which application threads were stopped: 0.0040830 seconds, Stopping threads took: 0.0000209 seconds
268.740: [GC (Allocation Failure)  488422K->165798K(1035264K), 0.0041280 secs]
268.745: Total time for which application threads were stopped: 0.0042906 seconds, Stopping threads took: 0.0000195 seconds
268.812: [GC (Allocation Failure)  488358K->161028K(1035264K), 0.0023435 secs]
268.814: Total time for which application threads were stopped: 0.0025064 seconds, Stopping threads took: 0.0000207 seconds
268.883: [GC (Allocation Failure)  483588K->166086K(1035264K), 0.0038378 secs]
268.887: Total time for which application threads were stopped: 0.0040157 seconds, Stopping threads took: 0.0000279 seconds
268.955: [GC (Allocation Failure)  488646K->165798K(1035264K), 0.0040013 secs]
268.959: Total time for which application threads were stopped: 0.0041645 seconds, Stopping threads took: 0.0000194 seconds
269.027: [GC (Allocation Failure)  488358K->165316K(1035776K), 0.0038046 secs]
269.031: Total time for which application threads were stopped: 0.0039654 seconds, Stopping threads took: 0.0000193 seconds
269.099: [GC (Allocation Failure)  488388K->165958K(1035264K), 0.0041290 secs]
269.104: Total time for which application threads were stopped: 0.0043035 seconds, Stopping threads took: 0.0000200 seconds
269.171: [GC (Allocation Failure)  489030K->165830K(1035776K), 0.0039685 secs]
269.176: Total time for which application threads were stopped: 0.0041465 seconds, Stopping threads took: 0.0000204 seconds
269.244: [GC (Allocation Failure)  489414K->171636K(1035776K), 0.0068214 secs]
269.251: Total time for which application threads were stopped: 0.0069970 seconds, Stopping threads took: 0.0000207 seconds
269.319: [GC (Allocation Failure)  495220K->167030K(1032704K), 0.0039522 secs]
269.323: Total time for which application threads were stopped: 0.0041241 seconds, Stopping threads took: 0.0000204 seconds
269.392: [GC (Allocation Failure)  487542K->166902K(1034240K), 0.0039585 secs]
269.396: Total time for which application threads were stopped: 0.0041473 seconds, Stopping threads took: 0.0000284 seconds
269.464: [GC (Allocation Failure)  487414K->173972K(1030656K), 0.0087628 secs]
269.472: Total time for which application threads were stopped: 0.0089133 seconds, Stopping threads took: 0.0000195 seconds
269.542: [GC (Allocation Failure)  491412K->168310K(1032704K), 0.0040972 secs]
269.546: Total time for which application threads were stopped: 0.0042669 seconds, Stopping threads took: 0.0000190 seconds
269.613: [GC (Allocation Failure)  485750K->168246K(1033728K), 0.0040780 secs]
269.617: Total time for which application threads were stopped: 0.0042460 seconds, Stopping threads took: 0.0000192 seconds
269.684: [GC (Allocation Failure)  487222K->165812K(1033216K), 0.0030026 secs]
269.687: Total time for which application threads were stopped: 0.0031597 seconds, Stopping threads took: 0.0000187 seconds
269.754: [GC (Allocation Failure)  484788K->168246K(1034752K), 0.0040898 secs]
269.758: Total time for which application threads were stopped: 0.0042461 seconds, Stopping threads took: 0.0000193 seconds
269.826: [GC (Allocation Failure)  489270K->168214K(1034240K), 0.0039316 secs]
269.830: Total time for which application threads were stopped: 0.0040971 seconds, Stopping threads took: 0.0000185 seconds
269.896: [GC (Allocation Failure)  489238K->163412K(1034240K), 0.0022128 secs]
269.898: Total time for which application threads were stopped: 0.0023708 seconds, Stopping threads took: 0.0000272 seconds
269.968: [GC (Allocation Failure)  484948K->168438K(1034752K), 0.0040913 secs]
269.972: Total time for which application threads were stopped: 0.0042590 seconds, Stopping threads took: 0.0000194 seconds
270.039: [GC (Allocation Failure)  489974K->168214K(1035776K), 0.0042346 secs]
270.044: Total time for which application threads were stopped: 0.0044099 seconds, Stopping threads took: 0.0000205 seconds
270.112: [GC (Allocation Failure)  491286K->166228K(1035264K), 0.0034079 secs]
270.115: Total time for which application threads were stopped: 0.0035778 seconds, Stopping threads took: 0.0000195 seconds
270.182: [GC (Allocation Failure)  489300K->168438K(1036288K), 0.0044005 secs]
270.187: Total time for which application threads were stopped: 0.0045898 seconds, Stopping threads took: 0.0000209 seconds
270.255: [GC (Allocation Failure)  492534K->168214K(1035776K), 0.0039904 secs]
270.259: Total time for which application threads were stopped: 0.0041714 seconds, Stopping threads took: 0.0000201 seconds
270.328: [GC (Allocation Failure)  492310K->174028K(1033216K), 0.0090605 secs]
270.337: Total time for which application threads were stopped: 0.0092464 seconds, Stopping threads took: 0.0000452 seconds
270.405: [GC (Allocation Failure)  495564K->169902K(1034752K), 0.0049798 secs]
270.410: Total time for which application threads were stopped: 0.0051504 seconds, Stopping threads took: 0.0000205 seconds
270.478: [GC (Allocation Failure)  491438K->169806K(1035264K), 0.0039511 secs]
270.482: Total time for which application threads were stopped: 0.0041229 seconds, Stopping threads took: 0.0000197 seconds
270.552: [GC (Allocation Failure)  492366K->177892K(1035264K), 0.0081565 secs]
270.560: Total time for which application threads were stopped: 0.0083174 seconds, Stopping threads took: 0.0000198 seconds
270.630: [GC (Allocation Failure)  500452K->172742K(1032192K), 0.0042478 secs]
270.634: Total time for which application threads were stopped: 0.0044083 seconds, Stopping threads took: 0.0000193 seconds
270.702: [GC (Allocation Failure)  492230K->172646K(1033728K), 0.0040711 secs]
270.706: Total time for which application threads were stopped: 0.0042343 seconds, Stopping threads took: 0.0000204 seconds
270.771: [GC (Allocation Failure)  492134K->178916K(1031680K), 0.0069230 secs]
270.778: Total time for which application threads were stopped: 0.0071139 seconds, Stopping threads took: 0.0000278 seconds
270.846: [GC (Allocation Failure)  496356K->172646K(1032704K), 0.0041159 secs]
270.851: Total time for which application threads were stopped: 0.0042750 seconds, Stopping threads took: 0.0000257 seconds
270.917: [GC (Allocation Failure)  490086K->172678K(1033216K), 0.0040217 secs]
270.921: Total time for which application threads were stopped: 0.0041919 seconds, Stopping threads took: 0.0000198 seconds
270.987: [GC (Allocation Failure)  490630K->168324K(1032704K), 0.0024964 secs]
270.990: Total time for which application threads were stopped: 0.0026702 seconds, Stopping threads took: 0.0000191 seconds
271.059: [GC (Allocation Failure)  486276K->172870K(1033728K), 0.0041077 secs]
271.063: Total time for which application threads were stopped: 0.0042818 seconds, Stopping threads took: 0.0000204 seconds
271.131: [GC (Allocation Failure)  491334K->172646K(1032704K), 0.0041341 secs]
271.135: Total time for which application threads were stopped: 0.0042960 seconds, Stopping threads took: 0.0000202 seconds
271.200: [GC (Allocation Failure)  491110K->176094K(1033216K), 0.0066535 secs]
271.207: Total time for which application threads were stopped: 0.0068538 seconds, Stopping threads took: 0.0000271 seconds
271.276: [GC (Allocation Failure)  495582K->180705K(1033728K), 0.0042058 secs]
271.280: Total time for which application threads were stopped: 0.0043685 seconds, Stopping threads took: 0.0000196 seconds
271.348: [GC (Allocation Failure)  500193K->180705K(1034752K), 0.0040715 secs]
271.352: Total time for which application threads were stopped: 0.0042646 seconds, Stopping threads took: 0.0000264 seconds
271.421: [GC (Allocation Failure)  501729K->180745K(1034240K), 0.0040459 secs]
271.425: Total time for which application threads were stopped: 0.0042168 seconds, Stopping threads took: 0.0000195 seconds
271.493: [GC (Allocation Failure)  501769K->188843K(1034752K), 0.0048660 secs]
271.498: Total time for which application threads were stopped: 0.0050362 seconds, Stopping threads took: 0.0000246 seconds
271.569: [GC (Allocation Failure)  509867K->188715K(1034240K), 0.0040759 secs]
271.573: Total time for which application threads were stopped: 0.0042377 seconds, Stopping threads took: 0.0000200 seconds
271.640: [GC (Allocation Failure)  509739K->192547K(1034752K), 0.0053157 secs]
271.645: Total time for which application threads were stopped: 0.0054821 seconds, Stopping threads took: 0.0000178 seconds
271.714: [GC (Allocation Failure)  514083K->196773K(1034752K), 0.0042446 secs]
271.718: Total time for which application threads were stopped: 0.0044066 seconds, Stopping threads took: 0.0000199 seconds
271.785: [GC (Allocation Failure)  518309K->196773K(1035264K), 0.0043316 secs]
271.789: Total time for which application threads were stopped: 0.0045001 seconds, Stopping threads took: 0.0000192 seconds
271.857: [GC (Allocation Failure)  519333K->198757K(1035264K), 0.0044317 secs]
271.862: Total time for which application threads were stopped: 0.0046196 seconds, Stopping threads took: 0.0000259 seconds
271.931: [GC (Allocation Failure)  521317K->204807K(1035264K), 0.0038556 secs]
271.935: Total time for which application threads were stopped: 0.0040325 seconds, Stopping threads took: 0.0000198 seconds
272.005: [GC (Allocation Failure)  527367K->204775K(1035264K), 0.0041734 secs]
272.009: Total time for which application threads were stopped: 0.0043370 seconds, Stopping threads took: 0.0000198 seconds
272.075: [GC (Allocation Failure)  527335K->206983K(1035264K), 0.0045278 secs]
272.080: Total time for which application threads were stopped: 0.0047123 seconds, Stopping threads took: 0.0000193 seconds
272.148: [GC (Allocation Failure)  529543K->213002K(1035264K), 0.0043854 secs]
272.153: Total time for which application threads were stopped: 0.0045695 seconds, Stopping threads took: 0.0000211 seconds
272.220: [GC (Allocation Failure)  535562K->212810K(1035264K), 0.0041504 secs]
272.224: Total time for which application threads were stopped: 0.0043379 seconds, Stopping threads took: 0.0000198 seconds
272.293: [GC (Allocation Failure)  535370K->207143K(1035264K), 0.0018862 secs]
272.295: Total time for which application threads were stopped: 0.0020334 seconds, Stopping threads took: 0.0000194 seconds
272.363: [GC (Allocation Failure)  529703K->212970K(1035264K), 0.0043575 secs]
272.368: Total time for which application threads were stopped: 0.0045568 seconds, Stopping threads took: 0.0000196 seconds
272.436: [GC (Allocation Failure)  535530K->212842K(1035264K), 0.0042160 secs]
272.440: Total time for which application threads were stopped: 0.0043771 seconds, Stopping threads took: 0.0000200 seconds
272.506: [GC (Allocation Failure)  535402K->211431K(1035776K), 0.0048620 secs]
272.511: Total time for which application threads were stopped: 0.0050530 seconds, Stopping threads took: 0.0000257 seconds
272.581: [GC (Allocation Failure)  534503K->212906K(1035264K), 0.0041245 secs]
272.585: Total time for which application threads were stopped: 0.0042737 seconds, Stopping threads took: 0.0000172 seconds
272.654: [GC (Allocation Failure)  535978K->212842K(1036288K), 0.0043380 secs]
272.659: Total time for which application threads were stopped: 0.0045325 seconds, Stopping threads took: 0.0000198 seconds
272.727: [GC (Allocation Failure)  536938K->218279K(1035776K), 0.0067060 secs]
272.734: Total time for which application threads were stopped: 0.0068711 seconds, Stopping threads took: 0.0000203 seconds
272.802: [GC (Allocation Failure)  542375K->214090K(1033728K), 0.0042993 secs]
272.807: Total time for which application threads were stopped: 0.0044944 seconds, Stopping threads took: 0.0000201 seconds
272.877: [GC (Allocation Failure)  535626K->214058K(1034752K), 0.0037902 secs]
272.881: Total time for which application threads were stopped: 0.0039392 seconds, Stopping threads took: 0.0000252 seconds
272.947: [GC (Allocation Failure)  535594K->206951K(1033216K), 0.0012072 secs]
272.948: Total time for which application threads were stopped: 0.0013446 seconds, Stopping threads took: 0.0000189 seconds
273.015: [GC (Allocation Failure)  527463K->214322K(1034240K), 0.0040799 secs]
273.019: Total time for which application threads were stopped: 0.0042406 seconds, Stopping threads took: 0.0000188 seconds
273.087: [GC (Allocation Failure)  534834K->218234K(1035264K), 0.0050702 secs]
273.092: Total time for which application threads were stopped: 0.0052317 seconds, Stopping threads took: 0.0000190 seconds
273.161: [GC (Allocation Failure)  540794K->211319K(1023488K), 0.0013146 secs]
273.162: Total time for which application threads were stopped: 0.0014434 seconds, Stopping threads took: 0.0000196 seconds
273.232: [GC (Allocation Failure)  533879K->218410K(1035264K), 0.0039912 secs]
273.236: Total time for which application threads were stopped: 0.0041593 seconds, Stopping threads took: 0.0000195 seconds
273.302: [GC (Allocation Failure)  540458K->222370K(1034752K), 0.0052425 secs]
273.308: Total time for which application threads were stopped: 0.0054252 seconds, Stopping threads took: 0.0000208 seconds
273.377: [GC (Allocation Failure)  544418K->218431K(1035776K), 0.0030482 secs]
273.380: Total time for which application threads were stopped: 0.0032302 seconds, Stopping threads took: 0.0000268 seconds
273.450: [GC (Allocation Failure)  541503K->222474K(1035264K), 0.0043313 secs]
273.455: Total time for which application threads were stopped: 0.0045416 seconds, Stopping threads took: 0.0000199 seconds
273.526: [GC (Allocation Failure)  545546K->226442K(1035776K), 0.0040481 secs]
273.530: Total time for which application threads were stopped: 0.0041986 seconds, Stopping threads took: 0.0000165 seconds
273.598: [GC (Allocation Failure)  550026K->226474K(1035776K), 0.0038815 secs]
273.602: Total time for which application threads were stopped: 0.0040732 seconds, Stopping threads took: 0.0000198 seconds
273.669: [GC (Allocation Failure)  550058K->226530K(1034752K), 0.0042132 secs]
273.673: Total time for which application threads were stopped: 0.0043731 seconds, Stopping threads took: 0.0000193 seconds
273.741: [GC (Allocation Failure)  549090K->234532K(1035264K), 0.0041461 secs]
273.745: Total time for which application threads were stopped: 0.0043089 seconds, Stopping threads took: 0.0000202 seconds
273.811: [GC (Allocation Failure)  557092K->234500K(1035264K), 0.0040652 secs]
273.815: Total time for which application threads were stopped: 0.0042442 seconds, Stopping threads took: 0.0000194 seconds
273.882: [GC (Allocation Failure)  557060K->234572K(1022464K), 0.0046100 secs]
273.887: Total time for which application threads were stopped: 0.0047854 seconds, Stopping threads took: 0.0000257 seconds
273.955: [GC (Allocation Failure)  557132K->242510K(1034752K), 0.0040252 secs]
273.959: Total time for which application threads were stopped: 0.0042062 seconds, Stopping threads took: 0.0000202 seconds
274.027: [GC (Allocation Failure)  564046K->242542K(1034752K), 0.0043139 secs]
274.031: Total time for which application threads were stopped: 0.0044848 seconds, Stopping threads took: 0.0000198 seconds
274.100: [GC (Allocation Failure)  564078K->242790K(1033728K), 0.0042562 secs]
274.104: Total time for which application threads were stopped: 0.0044260 seconds, Stopping threads took: 0.0000194 seconds
274.171: [GC (Allocation Failure)  563302K->250600K(1034240K), 0.0065797 secs]
274.178: Total time for which application threads were stopped: 0.0067589 seconds, Stopping threads took: 0.0000199 seconds
274.246: [GC (Allocation Failure)  571112K->250568K(1034240K), 0.0043972 secs]
274.250: Total time for which application threads were stopped: 0.0045895 seconds, Stopping threads took: 0.0000217 seconds
274.319: [GC (Allocation Failure)  571080K->250984K(1034240K), 0.0043448 secs]
274.323: Total time for which application threads were stopped: 0.0045227 seconds, Stopping threads took: 0.0000198 seconds
274.392: [GC (Allocation Failure)  571496K->258635K(1034240K), 0.0040947 secs]
274.396: Total time for which application threads were stopped: 0.0042643 seconds, Stopping threads took: 0.0000269 seconds
274.462: [GC (Allocation Failure)  579147K->258635K(1034240K), 0.0043147 secs]
274.466: Total time for which application threads were stopped: 0.0044863 seconds, Stopping threads took: 0.0000257 seconds
274.535: [GC (Allocation Failure)  579147K->258723K(1033216K), 0.0043260 secs]
274.539: Total time for which application threads were stopped: 0.0044759 seconds, Stopping threads took: 0.0000170 seconds
274.606: [GC (Allocation Failure)  578211K->266629K(1033728K), 0.0040765 secs]
274.610: Total time for which application threads were stopped: 0.0042422 seconds, Stopping threads took: 0.0000202 seconds
274.678: [GC (Allocation Failure)  586117K->266629K(1033728K), 0.0044080 secs]
274.682: Total time for which application threads were stopped: 0.0045726 seconds, Stopping threads took: 0.0000202 seconds
274.748: [GC (Allocation Failure)  586117K->266693K(1033728K), 0.0045377 secs]
274.753: Total time for which application threads were stopped: 0.0047110 seconds, Stopping threads took: 0.0000209 seconds
274.818: [GC (Allocation Failure)  586181K->274631K(1033728K), 0.0050494 secs]
274.823: Total time for which application threads were stopped: 0.0052322 seconds, Stopping threads took: 0.0000206 seconds
274.889: [GC (Allocation Failure)  594119K->270725K(1033728K), 0.0031073 secs]
274.892: Total time for which application threads were stopped: 0.0032795 seconds, Stopping threads took: 0.0000211 seconds
274.960: [GC (Allocation Failure)  590213K->274823K(1034752K), 0.0045868 secs]
274.964: Total time for which application threads were stopped: 0.0047626 seconds, Stopping threads took: 0.0000196 seconds
275.032: [GC (Allocation Failure)  595847K->278791K(1034240K), 0.0041246 secs]
275.036: Total time for which application threads were stopped: 0.0043117 seconds, Stopping threads took: 0.0000221 seconds
275.103: [GC (Allocation Failure)  599815K->273061K(1034752K), 0.0020083 secs]
275.105: Total time for which application threads were stopped: 0.0021517 seconds, Stopping threads took: 0.0000195 seconds
275.172: [GC (Allocation Failure)  594597K->278863K(1034752K), 0.0044562 secs]
275.177: Total time for which application threads were stopped: 0.0046163 seconds, Stopping threads took: 0.0000196 seconds
275.245: [GC (Allocation Failure)  600399K->282975K(1034752K), 0.0048808 secs]
275.250: Total time for which application threads were stopped: 0.0050459 seconds, Stopping threads took: 0.0000209 seconds
275.319: [GC (Allocation Failure)  605273K->279037K(1035264K), 0.0028823 secs]
275.322: Total time for which application threads were stopped: 0.0030411 seconds, Stopping threads took: 0.0000208 seconds
275.391: [GC (Allocation Failure)  601597K->283103K(1036288K), 0.0046456 secs]
275.396: Total time for which application threads were stopped: 0.0048165 seconds, Stopping threads took: 0.0000208 seconds
275.464: [GC (Allocation Failure)  607199K->287071K(1035776K), 0.0045040 secs]
275.469: Total time for which application threads were stopped: 0.0046675 seconds, Stopping threads took: 0.0000189 seconds
275.536: [GC (Allocation Failure)  611167K->287103K(1035776K), 0.0041060 secs]
275.541: Total time for which application threads were stopped: 0.0042554 seconds, Stopping threads took: 0.0000166 seconds
275.609: [GC (Allocation Failure)  610687K->287127K(1023488K), 0.0050896 secs]
275.614: Total time for which application threads were stopped: 0.0052664 seconds, Stopping threads took: 0.0000205 seconds
275.683: [GC (Allocation Failure)  610711K->295097K(1035264K), 0.0042751 secs]
275.688: Total time for which application threads were stopped: 0.0044379 seconds, Stopping threads took: 0.0000193 seconds
275.757: [GC (Allocation Failure)  617657K->295097K(1030144K), 0.0043150 secs]
275.761: Total time for which application threads were stopped: 0.0044708 seconds, Stopping threads took: 0.0000194 seconds
275.829: [GC (Allocation Failure)  617657K->295169K(1034752K), 0.0043929 secs]
275.833: Total time for which application threads were stopped: 0.0045625 seconds, Stopping threads took: 0.0000285 seconds
275.901: [GC (Allocation Failure)  616705K->303172K(1034752K), 0.0042613 secs]
275.906: Total time for which application threads were stopped: 0.0044326 seconds, Stopping threads took: 0.0000200 seconds
275.973: [GC (Allocation Failure)  624708K->303140K(1033728K), 0.0045007 secs]
275.978: Total time for which application threads were stopped: 0.0046731 seconds, Stopping threads took: 0.0000200 seconds
276.045: [GC (Allocation Failure)  623652K->303396K(1034240K), 0.0047014 secs]
276.050: Total time for which application threads were stopped: 0.0048589 seconds, Stopping threads took: 0.0000187 seconds
276.119: [GC (Allocation Failure)  623908K->311174K(1034240K), 0.0044999 secs]
276.123: Total time for which application threads were stopped: 0.0046640 seconds, Stopping threads took: 0.0000187 seconds
276.191: [GC (Allocation Failure)  631686K->311206K(1034240K), 0.0039957 secs]
276.195: Total time for which application threads were stopped: 0.0041732 seconds, Stopping threads took: 0.0000270 seconds
276.262: [GC (Allocation Failure)  631718K->311582K(1033216K), 0.0061054 secs]
276.268: Total time for which application threads were stopped: 0.0062846 seconds, Stopping threads took: 0.0000200 seconds
276.336: [GC (Allocation Failure)  631070K->319200K(1033728K), 0.0042939 secs]
276.340: Total time for which application threads were stopped: 0.0044636 seconds, Stopping threads took: 0.0000202 seconds
276.408: [GC (Allocation Failure)  638688K->319168K(1033728K), 0.0043466 secs]
276.412: Total time for which application threads were stopped: 0.0045151 seconds, Stopping threads took: 0.0000198 seconds
276.477: [GC (Allocation Failure)  638656K->319336K(1033728K), 0.0044396 secs]
276.482: Total time for which application threads were stopped: 0.0046272 seconds, Stopping threads took: 0.0000213 seconds
276.550: [GC (Allocation Failure)  638824K->327243K(1033728K), 0.0042603 secs]
276.554: Total time for which application threads were stopped: 0.0044577 seconds, Stopping threads took: 0.0000200 seconds
276.623: [GC (Allocation Failure)  646731K->327243K(1033728K), 0.0040674 secs]
276.628: Total time for which application threads were stopped: 0.0042603 seconds, Stopping threads took: 0.0000169 seconds
276.694: [GC (Allocation Failure)  646731K->327299K(1033728K), 0.0046213 secs]
276.699: Total time for which application threads were stopped: 0.0048042 seconds, Stopping threads took: 0.0000166 seconds
276.766: [GC (Allocation Failure)  646787K->335269K(1027072K), 0.0044351 secs]
276.770: Total time for which application threads were stopped: 0.0045834 seconds, Stopping threads took: 0.0000169 seconds
276.836: [GC (Allocation Failure)  654756K->331363K(1034240K), 0.0031931 secs]
276.839: Total time for which application threads were stopped: 0.0033494 seconds, Stopping threads took: 0.0000256 seconds
276.907: [GC (Allocation Failure)  650851K->335437K(1033216K), 0.0046605 secs]
276.912: Total time for which application threads were stopped: 0.0048370 seconds, Stopping threads took: 0.0000257 seconds
276.980: [GC (Allocation Failure)  654925K->339437K(1034752K), 0.0044432 secs]
276.984: Total time for which application threads were stopped: 0.0046319 seconds, Stopping threads took: 0.0000382 seconds
277.051: [GC (Allocation Failure)  660973K->332651K(1034752K), 0.0071016 secs]
277.059: Total time for which application threads were stopped: 0.0072527 seconds, Stopping threads took: 0.0000193 seconds
277.127: [GC (Allocation Failure)  654187K->339445K(1034752K), 0.0041860 secs]
277.131: Total time for which application threads were stopped: 0.0043870 seconds, Stopping threads took: 0.0000217 seconds
277.199: [GC (Allocation Failure)  660981K->343549K(1034752K), 0.0053015 secs]
277.204: Total time for which application threads were stopped: 0.0054685 seconds, Stopping threads took: 0.0000197 seconds
277.270: [GC (Allocation Failure)  665085K->338011K(1034752K), 0.0023994 secs]
277.272: Total time for which application threads were stopped: 0.0025433 seconds, Stopping threads took: 0.0000194 seconds
277.339: [GC (Allocation Failure)  659547K->343853K(1034752K), 0.0053280 secs]
277.345: Total time for which application threads were stopped: 0.0054939 seconds, Stopping threads took: 0.0000259 seconds
277.412: [GC (Allocation Failure)  665389K->347693K(1034752K), 0.0048346 secs]
277.417: Total time for which application threads were stopped: 0.0049958 seconds, Stopping threads took: 0.0000199 seconds
277.483: [GC (Allocation Failure)  670181K->343787K(1035264K), 0.0031127 secs]
277.487: Total time for which application threads were stopped: 0.0032580 seconds, Stopping threads took: 0.0000191 seconds
277.557: [GC (Allocation Failure)  666347K->347853K(1036288K), 0.0045116 secs]
277.562: Total time for which application threads were stopped: 0.0046968 seconds, Stopping threads took: 0.0000175 seconds
277.631: [GC (Allocation Failure)  671949K->351853K(1035776K), 0.0044273 secs]
277.636: Total time for which application threads were stopped: 0.0045907 seconds, Stopping threads took: 0.0000174 seconds
277.705: [GC (Allocation Failure)  675949K->351853K(1035776K), 0.0042930 secs]
277.709: Total time for which application threads were stopped: 0.0044557 seconds, Stopping threads took: 0.0000209 seconds
277.779: [GC (Allocation Failure)  675437K->351893K(1023488K), 0.0046395 secs]
277.784: Total time for which application threads were stopped: 0.0048113 seconds, Stopping threads took: 0.0000197 seconds
277.851: [GC (Allocation Failure)  675477K->359895K(1035264K), 0.0043183 secs]
277.855: Total time for which application threads were stopped: 0.0044862 seconds, Stopping threads took: 0.0000254 seconds
277.923: [GC (Allocation Failure)  682455K->359863K(1030144K), 0.0043282 secs]
277.928: Total time for which application threads were stopped: 0.0044992 seconds, Stopping threads took: 0.0000195 seconds
277.997: [GC (Allocation Failure)  682423K->359919K(1034752K), 0.0046618 secs]
278.001: Total time for which application threads were stopped: 0.0048396 seconds, Stopping threads took: 0.0000273 seconds
278.069: [GC (Allocation Failure)  681455K->367889K(1029120K), 0.0045920 secs]
278.073: Total time for which application threads were stopped: 0.0047525 seconds, Stopping threads took: 0.0000196 seconds
278.143: [GC (Allocation Failure)  689425K->367889K(1034240K), 0.0043980 secs]
278.148: Total time for which application threads were stopped: 0.0045660 seconds, Stopping threads took: 0.0000196 seconds
278.215: [GC (Allocation Failure)  688401K->368137K(1034240K), 0.0047529 secs]
278.219: Total time for which application threads were stopped: 0.0049314 seconds, Stopping threads took: 0.0000198 seconds
278.287: [GC (Allocation Failure)  688649K->375948K(1034240K), 0.0042441 secs]
278.291: Total time for which application threads were stopped: 0.0044412 seconds, Stopping threads took: 0.0000200 seconds
278.361: [GC (Allocation Failure)  696460K->375948K(1034240K), 0.0043013 secs]
278.366: Total time for which application threads were stopped: 0.0044624 seconds, Stopping threads took: 0.0000250 seconds
278.435: [GC (Allocation Failure)  696460K->376324K(1033216K), 0.0048287 secs]
278.439: Total time for which application threads were stopped: 0.0049845 seconds, Stopping threads took: 0.0000166 seconds
278.508: [GC (Allocation Failure)  695812K->383974K(1033728K), 0.0052390 secs]
278.513: Total time for which application threads were stopped: 0.0054165 seconds, Stopping threads took: 0.0000456 seconds
278.582: [GC (Allocation Failure)  703462K->383974K(1033728K), 0.0045542 secs]
278.586: Total time for which application threads were stopped: 0.0047319 seconds, Stopping threads took: 0.0000196 seconds
278.652: [GC (Allocation Failure)  703462K->384070K(1033728K), 0.0046853 secs]
278.657: Total time for which application threads were stopped: 0.0048564 seconds, Stopping threads took: 0.0000204 seconds
278.724: [GC (Allocation Failure)  703558K->391976K(1033728K), 0.0044915 secs]
278.729: Total time for which application threads were stopped: 0.0046654 seconds, Stopping threads took: 0.0000206 seconds
278.796: [GC (Allocation Failure)  711464K->391976K(1033728K), 0.0045090 secs]
278.800: Total time for which application threads were stopped: 0.0046895 seconds, Stopping threads took: 0.0000199 seconds
278.867: [GC (Allocation Failure)  711464K->392040K(1033728K), 0.0045470 secs]
278.872: Total time for which application threads were stopped: 0.0047230 seconds, Stopping threads took: 0.0000201 seconds
278.938: [GC (Allocation Failure)  711528K->400010K(1027072K), 0.0046471 secs]
278.943: Total time for which application threads were stopped: 0.0048162 seconds, Stopping threads took: 0.0000198 seconds
279.008: [GC (Allocation Failure)  719498K->396104K(1034240K), 0.0036965 secs]
279.012: Total time for which application threads were stopped: 0.0038764 seconds, Stopping threads took: 0.0000213 seconds
279.079: [GC (Allocation Failure)  715592K->400170K(1033216K), 0.0044719 secs]
279.084: Total time for which application threads were stopped: 0.0046468 seconds, Stopping threads took: 0.0000197 seconds
279.152: [GC (Allocation Failure)  719658K->404170K(1034752K), 0.0044982 secs]
279.157: Total time for which application threads were stopped: 0.0046552 seconds, Stopping threads took: 0.0000174 seconds
279.224: [GC (Allocation Failure)  725706K->397384K(1034752K), 0.0018437 secs]
279.225: Total time for which application threads were stopped: 0.0019923 seconds, Stopping threads took: 0.0000195 seconds
279.295: [GC (Allocation Failure)  718920K->404170K(1034752K), 0.0045254 secs]
279.299: Total time for which application threads were stopped: 0.0046965 seconds, Stopping threads took: 0.0000197 seconds
279.366: [GC (Allocation Failure)  725706K->408282K(1034752K), 0.0054092 secs]
279.371: Total time for which application threads were stopped: 0.0055885 seconds, Stopping threads took: 0.0000283 seconds
279.437: [GC (Allocation Failure)  729818K->402712K(1034752K), 0.0024044 secs]
279.440: Total time for which application threads were stopped: 0.0025549 seconds, Stopping threads took: 0.0000209 seconds
279.508: [GC (Allocation Failure)  724248K->408586K(1034752K), 0.0080037 secs]
279.516: Total time for which application threads were stopped: 0.0081583 seconds, Stopping threads took: 0.0000269 seconds
279.583: [GC (Allocation Failure)  730122K->412394K(1035264K), 0.0049205 secs]
279.588: Total time for which application threads were stopped: 0.0050834 seconds, Stopping threads took: 0.0000184 seconds
279.655: [GC (Allocation Failure)  734883K->408520K(1035264K), 0.0032444 secs]
279.658: Total time for which application threads were stopped: 0.0034190 seconds, Stopping threads took: 0.0000199 seconds
279.727: [GC (Allocation Failure)  731080K->412586K(1036288K), 0.0047301 secs]
279.732: Total time for which application threads were stopped: 0.0049360 seconds, Stopping threads took: 0.0000283 seconds
279.800: [GC (Allocation Failure)  736682K->416554K(1035776K), 0.0044914 secs]
279.805: Total time for which application threads were stopped: 0.0046623 seconds, Stopping threads took: 0.0000206 seconds
279.874: [GC (Allocation Failure)  740650K->416554K(1035776K), 0.0044317 secs]
279.879: Total time for which application threads were stopped: 0.0046073 seconds, Stopping threads took: 0.0000254 seconds
279.947: [GC (Allocation Failure)  740138K->416610K(1023488K), 0.0048366 secs]
279.952: Total time for which application threads were stopped: 0.0050555 seconds, Stopping threads took: 0.0000202 seconds
280.018: [GC (Allocation Failure)  740194K->424581K(1035264K), 0.0047453 secs]
280.023: Total time for which application threads were stopped: 0.0049177 seconds, Stopping threads took: 0.0000192 seconds
280.090: [GC (Allocation Failure)  747141K->424581K(1030144K), 0.0045310 secs]
280.095: Total time for which application threads were stopped: 0.0047112 seconds, Stopping threads took: 0.0000200 seconds
280.164: [GC (Allocation Failure)  747141K->424645K(1034752K), 0.0047101 secs]
280.169: Total time for which application threads were stopped: 0.0048885 seconds, Stopping threads took: 0.0000203 seconds
280.236: [GC (Allocation Failure)  746181K->432615K(1034752K), 0.0047020 secs]
280.241: Total time for which application threads were stopped: 0.0048672 seconds, Stopping threads took: 0.0000196 seconds
280.309: [GC (Allocation Failure)  754151K->432647K(1033728K), 0.0044310 secs]
280.314: Total time for which application threads were stopped: 0.0046118 seconds, Stopping threads took: 0.0000201 seconds
280.381: [GC (Allocation Failure)  753159K->432871K(1034240K), 0.0046475 secs]
280.386: Total time for which application threads were stopped: 0.0048440 seconds, Stopping threads took: 0.0000268 seconds
280.456: [GC (Allocation Failure)  753383K->440681K(1034240K), 0.0044454 secs]
280.460: Total time for which application threads were stopped: 0.0046141 seconds, Stopping threads took: 0.0000190 seconds
280.530: [GC (Allocation Failure)  761193K->440649K(1034240K), 0.0046792 secs]
280.535: Total time for which application threads were stopped: 0.0048691 seconds, Stopping threads took: 0.0000191 seconds
280.603: [GC (Allocation Failure)  761161K->441065K(1033216K), 0.0047765 secs]
280.608: Total time for which application threads were stopped: 0.0049401 seconds, Stopping threads took: 0.0000188 seconds
280.675: [GC (Allocation Failure)  760553K->448683K(1033728K), 0.0044843 secs]
280.679: Total time for which application threads were stopped: 0.0046533 seconds, Stopping threads took: 0.0000200 seconds
280.747: [GC (Allocation Failure)  768171K->448683K(1033728K), 0.0046732 secs]
280.752: Total time for which application threads were stopped: 0.0048395 seconds, Stopping threads took: 0.0000192 seconds
280.816: [GC (Allocation Failure)  768171K->448843K(1033728K), 0.0048237 secs]
280.821: Total time for which application threads were stopped: 0.0049947 seconds, Stopping threads took: 0.0000198 seconds
280.889: [GC (Allocation Failure)  768331K->456718K(1033728K), 0.0044299 secs]
280.893: Total time for which application threads were stopped: 0.0045980 seconds, Stopping threads took: 0.0000194 seconds
280.962: [GC (Allocation Failure)  776206K->456718K(1033728K), 0.0047882 secs]
280.967: Total time for which application threads were stopped: 0.0049645 seconds, Stopping threads took: 0.0000195 seconds
281.034: [GC (Allocation Failure)  776206K->456782K(1033728K), 0.0048103 secs]
281.038: Total time for which application threads were stopped: 0.0049799 seconds, Stopping threads took: 0.0000192 seconds
281.105: [GC (Allocation Failure)  776270K->464752K(1027072K), 0.0065777 secs]
281.112: Total time for which application threads were stopped: 0.0067482 seconds, Stopping threads took: 0.0000199 seconds
281.177: [GC (Allocation Failure)  784240K->460846K(1034240K), 0.0037820 secs]
281.181: Total time for which application threads were stopped: 0.0039525 seconds, Stopping threads took: 0.0000202 seconds
281.249: [GC (Allocation Failure)  780334K->464880K(1033216K), 0.0048816 secs]
281.254: Total time for which application threads were stopped: 0.0050817 seconds, Stopping threads took: 0.0000264 seconds
281.323: [GC (Allocation Failure)  784368K->468912K(1034752K), 0.0045704 secs]
281.328: Total time for which application threads were stopped: 0.0047361 seconds, Stopping threads took: 0.0000203 seconds
281.395: [GC (Allocation Failure)  790448K->462126K(1034752K), 0.0019638 secs]
281.397: Total time for which application threads were stopped: 0.0021219 seconds, Stopping threads took: 0.0000284 seconds
281.464: [GC (Allocation Failure)  783662K->468976K(1034752K), 0.0045555 secs]
281.469: Total time for which application threads were stopped: 0.0047367 seconds, Stopping threads took: 0.0000193 seconds
281.536: [GC (Allocation Failure)  790512K->473024K(1034752K), 0.0054582 secs]
281.542: Total time for which application threads were stopped: 0.0056094 seconds, Stopping threads took: 0.0000170 seconds
281.607: [GC (Allocation Failure)  794560K->467422K(1034752K), 0.0027490 secs]
281.610: Total time for which application threads were stopped: 0.0028984 seconds, Stopping threads took: 0.0000195 seconds
281.678: [GC (Allocation Failure)  788958K->473288K(1034752K), 0.0046258 secs]
281.682: Total time for which application threads were stopped: 0.0047851 seconds, Stopping threads took: 0.0000169 seconds
281.750: [GC (Allocation Failure)  794824K->477160K(1035264K), 0.0049334 secs]
281.755: Total time for which application threads were stopped: 0.0051061 seconds, Stopping threads took: 0.0000201 seconds
281.822: [GC (Allocation Failure)  799648K->473254K(1035264K), 0.0035754 secs]
281.826: Total time for which application threads were stopped: 0.0037454 seconds, Stopping threads took: 0.0000197 seconds
281.895: [GC (Allocation Failure)  795814K->477320K(1036288K), 0.0048582 secs]
281.900: Total time for which application threads were stopped: 0.0050279 seconds, Stopping threads took: 0.0000202 seconds
281.968: [GC (Allocation Failure)  801416K->481288K(1035776K), 0.0046421 secs]
281.973: Total time for which application threads were stopped: 0.0048214 seconds, Stopping threads took: 0.0000277 seconds
282.041: [GC (Allocation Failure)  805384K->481256K(1035776K), 0.0046452 secs]
282.046: Total time for which application threads were stopped: 0.0048058 seconds, Stopping threads took: 0.0000204 seconds
282.114: [GC (Allocation Failure)  804840K->481352K(1023488K), 0.0047544 secs]
282.119: Total time for which application threads were stopped: 0.0049176 seconds, Stopping threads took: 0.0000205 seconds
282.187: [GC (Allocation Failure)  804936K->489354K(1035264K), 0.0046800 secs]
282.192: Total time for which application threads were stopped: 0.0048509 seconds, Stopping threads took: 0.0000199 seconds
282.259: [GC (Allocation Failure)  811914K->489290K(1030144K), 0.0045730 secs]
282.264: Total time for which application threads were stopped: 0.0047340 seconds, Stopping threads took: 0.0000202 seconds
282.331: [GC (Allocation Failure)  811850K->489386K(1034752K), 0.0049730 secs]
282.336: Total time for which application threads were stopped: 0.0051328 seconds, Stopping threads took: 0.0000200 seconds
282.404: [GC (Allocation Failure)  810922K->497389K(1034752K), 0.0047347 secs]
282.409: Total time for which application threads were stopped: 0.0049011 seconds, Stopping threads took: 0.0000201 seconds
282.479: [GC (Allocation Failure)  818925K->497357K(1033728K), 0.0045369 secs]
282.483: Total time for which application threads were stopped: 0.0046853 seconds, Stopping threads took: 0.0000158 seconds
282.551: [GC (Allocation Failure)  817869K->497605K(1034240K), 0.0049056 secs]
282.556: Total time for which application threads were stopped: 0.0051058 seconds, Stopping threads took: 0.0000200 seconds
282.624: [GC (Allocation Failure)  818117K->505383K(1034240K), 0.0044739 secs]
282.628: Total time for which application threads were stopped: 0.0046912 seconds, Stopping threads took: 0.0000380 seconds
282.699: [GC (Allocation Failure)  825895K->505383K(1034240K), 0.0049142 secs]
282.704: Total time for which application threads were stopped: 0.0051113 seconds, Stopping threads took: 0.0000197 seconds
282.772: [GC (Allocation Failure)  825895K->505799K(1033216K), 0.0047646 secs]
282.777: Total time for which application threads were stopped: 0.0049440 seconds, Stopping threads took: 0.0000165 seconds
282.846: [GC (Allocation Failure)  825287K->513417K(1033728K), 0.0047259 secs]
282.851: Total time for which application threads were stopped: 0.0048863 seconds, Stopping threads took: 0.0000255 seconds
282.919: [GC (Allocation Failure)  832905K->513417K(1033728K), 0.0046583 secs]
282.923: Total time for which application threads were stopped: 0.0048147 seconds, Stopping threads took: 0.0000192 seconds
282.988: [GC (Allocation Failure)  832905K->513577K(1033728K), 0.0047763 secs]
282.993: Total time for which application threads were stopped: 0.0049566 seconds, Stopping threads took: 0.0000197 seconds
283.060: [GC (Allocation Failure)  833065K->521483K(1033728K), 0.0047042 secs]
283.065: Total time for which application threads were stopped: 0.0048697 seconds, Stopping threads took: 0.0000193 seconds
283.132: [GC (Allocation Failure)  840971K->521451K(1033728K), 0.0048078 secs]
283.137: Total time for which application threads were stopped: 0.0049795 seconds, Stopping threads took: 0.0000200 seconds
283.204: [GC (Allocation Failure)  840939K->521483K(1033728K), 0.0055320 secs]
283.209: Total time for which application threads were stopped: 0.0057169 seconds, Stopping threads took: 0.0000208 seconds
283.278: [GC (Allocation Failure)  840971K->529486K(1027072K), 0.0047520 secs]
283.283: Total time for which application threads were stopped: 0.0049559 seconds, Stopping threads took: 0.0000221 seconds
283.350: [GC (Allocation Failure)  848973K->525579K(1034240K), 0.0036276 secs]
283.353: Total time for which application threads were stopped: 0.0037839 seconds, Stopping threads took: 0.0000267 seconds
283.422: [GC (Allocation Failure)  845067K->529638K(1033216K), 0.0049546 secs]
283.427: Total time for which application threads were stopped: 0.0051338 seconds, Stopping threads took: 0.0000249 seconds
283.495: [GC (Allocation Failure)  849126K->533638K(1034752K), 0.0048143 secs]
283.500: Total time for which application threads were stopped: 0.0049800 seconds, Stopping threads took: 0.0000249 seconds
283.569: [GC (Allocation Failure)  855174K->526851K(1034752K), 0.0020393 secs]
283.571: Total time for which application threads were stopped: 0.0021853 seconds, Stopping threads took: 0.0000209 seconds
283.638: [GC (Allocation Failure)  848387K->533670K(1034752K), 0.0045618 secs]
283.643: Total time for which application threads were stopped: 0.0047226 seconds, Stopping threads took: 0.0000198 seconds
283.711: [GC (Allocation Failure)  855206K->537782K(1034752K), 0.0056440 secs]
283.716: Total time for which application threads were stopped: 0.0058033 seconds, Stopping threads took: 0.0000198 seconds
283.783: [GC (Allocation Failure)  859318K->532211K(1034752K), 0.0029381 secs]
283.786: Total time for which application threads were stopped: 0.0031159 seconds, Stopping threads took: 0.0000291 seconds
283.854: [GC (Allocation Failure)  853747K->538054K(1034752K), 0.0047516 secs]
283.858: Total time for which application threads were stopped: 0.0049102 seconds, Stopping threads took: 0.0000191 seconds
283.925: [GC (Allocation Failure)  859590K->541926K(1035264K), 0.0051172 secs]
283.931: Total time for which application threads were stopped: 0.0052841 seconds, Stopping threads took: 0.0000192 seconds
283.997: [GC (Allocation Failure)  864414K->537987K(1035264K), 0.0035155 secs]
284.001: Total time for which application threads were stopped: 0.0037020 seconds, Stopping threads took: 0.0000188 seconds
284.070: [GC (Allocation Failure)  860547K->542054K(1036288K), 0.0050443 secs]
284.075: Total time for which application threads were stopped: 0.0051919 seconds, Stopping threads took: 0.0000172 seconds
284.143: [GC (Allocation Failure)  866150K->546022K(1035776K), 0.0045890 secs]
284.147: Total time for which application threads were stopped: 0.0047858 seconds, Stopping threads took: 0.0000201 seconds
284.217: [GC (Allocation Failure)  870118K->546022K(1035776K), 0.0048260 secs]
284.222: Total time for which application threads were stopped: 0.0050121 seconds, Stopping threads took: 0.0000199 seconds
284.290: [GC (Allocation Failure)  869606K->546086K(1023488K), 0.0048353 secs]
284.295: Total time for which application threads were stopped: 0.0050342 seconds, Stopping threads took: 0.0000208 seconds
284.364: [GC (Allocation Failure)  869670K->554088K(1035264K), 0.0050278 secs]
284.369: Total time for which application threads were stopped: 0.0051994 seconds, Stopping threads took: 0.0000199 seconds
284.437: [GC (Allocation Failure)  876648K->554056K(1030144K), 0.0045670 secs]
284.442: Total time for which application threads were stopped: 0.0047469 seconds, Stopping threads took: 0.0000287 seconds
284.511: [GC (Allocation Failure)  876616K->554080K(1034752K), 0.0063850 secs]
284.517: Total time for which application threads were stopped: 0.0065273 seconds, Stopping threads took: 0.0000254 seconds
284.585: [GC (Allocation Failure)  875616K->562114K(1029120K), 0.0047807 secs]
284.590: Total time for which application threads were stopped: 0.0049318 seconds, Stopping threads took: 0.0000172 seconds
284.658: [GC (Allocation Failure)  883650K->562082K(1034240K), 0.0047213 secs]
284.663: Total time for which application threads were stopped: 0.0048938 seconds, Stopping threads took: 0.0000193 seconds
284.731: [GC (Allocation Failure)  882594K->562338K(1034240K), 0.0052459 secs]
284.736: Total time for which application threads were stopped: 0.0054267 seconds, Stopping threads took: 0.0000170 seconds
284.806: [GC (Allocation Failure)  882850K->570116K(1034240K), 0.0047294 secs]
284.811: Total time for which application threads were stopped: 0.0049113 seconds, Stopping threads took: 0.0000283 seconds
284.879: [GC (Allocation Failure)  890628K->570084K(1034240K), 0.0047341 secs]
284.884: Total time for which application threads were stopped: 0.0049266 seconds, Stopping threads took: 0.0000199 seconds
284.953: [GC (Allocation Failure)  890596K->570532K(1033216K), 0.0051451 secs]
284.958: Total time for which application threads were stopped: 0.0053140 seconds, Stopping threads took: 0.0000190 seconds
285.025: [GC (Allocation Failure)  890020K->578183K(1033728K), 0.0048534 secs]
285.030: Total time for which application threads were stopped: 0.0050288 seconds, Stopping threads took: 0.0000209 seconds
285.099: [GC (Allocation Failure)  897671K->578151K(1033728K), 0.0084540 secs]
285.108: Total time for which application threads were stopped: 0.0086179 seconds, Stopping threads took: 0.0000200 seconds
285.174: [GC (Allocation Failure)  897639K->578311K(1033728K), 0.0048734 secs]
285.179: Total time for which application threads were stopped: 0.0050514 seconds, Stopping threads took: 0.0000205 seconds
285.247: [GC (Allocation Failure)  897799K->586185K(1033728K), 0.0049071 secs]
285.252: Total time for which application threads were stopped: 0.0050794 seconds, Stopping threads took: 0.0000221 seconds
285.319: [GC (Allocation Failure)  905673K->586217K(1033728K), 0.0049212 secs]
285.324: Total time for which application threads were stopped: 0.0050921 seconds, Stopping threads took: 0.0000194 seconds
285.391: [GC (Allocation Failure)  905705K->586249K(1033728K), 0.0047710 secs]
285.396: Total time for which application threads were stopped: 0.0049613 seconds, Stopping threads took: 0.0000270 seconds
285.465: [GC (Allocation Failure)  905737K->594251K(1027072K), 0.0047763 secs]
285.470: Total time for which application threads were stopped: 0.0049587 seconds, Stopping threads took: 0.0000181 seconds
285.538: [GC (Allocation Failure)  913739K->590313K(1034240K), 0.0038653 secs]
285.542: Total time for which application threads were stopped: 0.0040247 seconds, Stopping threads took: 0.0000179 seconds
285.609: [GC (Allocation Failure)  909801K->594379K(1033216K), 0.0051104 secs]
285.615: Total time for which application threads were stopped: 0.0052710 seconds, Stopping threads took: 0.0000198 seconds
285.682: [GC (Allocation Failure)  913867K->598347K(1034752K), 0.0049611 secs]
285.687: Total time for which application threads were stopped: 0.0051527 seconds, Stopping threads took: 0.0000198 seconds
285.755: [GC (Allocation Failure)  919883K->591593K(1034752K), 0.0022461 secs]
285.758: Total time for which application threads were stopped: 0.0023883 seconds, Stopping threads took: 0.0000189 seconds
285.827: [GC (Allocation Failure)  913129K->598451K(1034752K), 0.0047950 secs]
285.832: Total time for which application threads were stopped: 0.0049556 seconds, Stopping threads took: 0.0000195 seconds
285.898: [GC (Allocation Failure)  919987K->602531K(1034752K), 0.0058892 secs]
285.904: Total time for which application threads were stopped: 0.0060584 seconds, Stopping threads took: 0.0000272 seconds
285.969: [GC (Allocation Failure)  924067K->596929K(1034752K), 0.0029752 secs]
285.972: Total time for which application threads were stopped: 0.0031350 seconds, Stopping threads took: 0.0000191 seconds
286.039: [GC (Allocation Failure)  918465K->602771K(1034752K), 0.0049337 secs]
286.044: Total time for which application threads were stopped: 0.0050969 seconds, Stopping threads took: 0.0000200 seconds
286.111: [GC (Allocation Failure)  924307K->606611K(1035264K), 0.0051489 secs]
286.116: Total time for which application threads were stopped: 0.0053108 seconds, Stopping threads took: 0.0000197 seconds
286.183: [GC (Allocation Failure)  929099K->602705K(1035264K), 0.0049261 secs]
286.188: Total time for which application threads were stopped: 0.0051220 seconds, Stopping threads took: 0.0000202 seconds
286.258: [GC (Allocation Failure)  925265K->606795K(1036288K), 0.0049385 secs]
286.263: Total time for which application threads were stopped: 0.0051064 seconds, Stopping threads took: 0.0000191 seconds
286.331: [GC (Allocation Failure)  930891K->610763K(1035776K), 0.0049146 secs]
286.336: Total time for which application threads were stopped: 0.0050941 seconds, Stopping threads took: 0.0000191 seconds
286.405: [GC (Allocation Failure)  934859K->610763K(1035776K), 0.0048448 secs]
286.410: Total time for which application threads were stopped: 0.0050320 seconds, Stopping threads took: 0.0000273 seconds
286.478: [GC (Allocation Failure)  934347K->610819K(1023488K), 0.0052232 secs]
286.483: Total time for which application threads were stopped: 0.0053881 seconds, Stopping threads took: 0.0000200 seconds
286.551: [GC (Allocation Failure)  934403K->618821K(1035264K), 0.0050350 secs]
286.556: Total time for which application threads were stopped: 0.0052036 seconds, Stopping threads took: 0.0000196 seconds
286.624: [GC (Allocation Failure)  941381K->618789K(1030144K), 0.0048275 secs]
286.629: Total time for which application threads were stopped: 0.0049899 seconds, Stopping threads took: 0.0000201 seconds
286.696: [GC (Allocation Failure)  941349K->618853K(1034752K), 0.0050825 secs]
286.701: Total time for which application threads were stopped: 0.0052662 seconds, Stopping threads took: 0.0000166 seconds
286.771: [GC (Allocation Failure)  940389K->626856K(1029120K), 0.0050500 secs]
286.776: Total time for which application threads were stopped: 0.0052190 seconds, Stopping threads took: 0.0000257 seconds
286.844: [GC (Allocation Failure)  948392K->626824K(1034240K), 0.0048476 secs]
286.849: Total time for which application threads were stopped: 0.0050279 seconds, Stopping threads took: 0.0000203 seconds
286.917: [GC (Allocation Failure)  947336K->627080K(1034240K), 0.0050323 secs]
286.923: Total time for which application threads were stopped: 0.0052012 seconds, Stopping threads took: 0.0000197 seconds
286.991: [GC (Allocation Failure)  947592K->634858K(1034240K), 0.0049868 secs]
286.996: Total time for which application threads were stopped: 0.0051587 seconds, Stopping threads took: 0.0000197 seconds
287.065: [GC (Allocation Failure)  955370K->634858K(1034240K), 0.0049738 secs]
287.070: Total time for which application threads were stopped: 0.0051354 seconds, Stopping threads took: 0.0000196 seconds
287.137: [GC (Allocation Failure)  955370K->635274K(1033216K), 0.0050862 secs]
287.142: Total time for which application threads were stopped: 0.0052448 seconds, Stopping threads took: 0.0000188 seconds
287.210: [GC (Allocation Failure)  954762K->642892K(1033728K), 0.0049905 secs]
287.215: Total time for which application threads were stopped: 0.0051822 seconds, Stopping threads took: 0.0000194 seconds
287.284: [GC (Allocation Failure)  962380K->642892K(1033728K), 0.0051306 secs]
287.289: Total time for which application threads were stopped: 0.0053040 seconds, Stopping threads took: 0.0000200 seconds
287.354: [GC (Allocation Failure)  962380K->643012K(1033728K), 0.0051544 secs]
287.359: Total time for which application threads were stopped: 0.0053355 seconds, Stopping threads took: 0.0000197 seconds
287.426: [GC (Allocation Failure)  962500K->650919K(1033728K), 0.0047650 secs]
287.431: Total time for which application threads were stopped: 0.0049307 seconds, Stopping threads took: 0.0000205 seconds
287.498: [GC (Allocation Failure)  970407K->650951K(1033728K), 0.0050008 secs]
287.503: Total time for which application threads were stopped: 0.0051740 seconds, Stopping threads took: 0.0000267 seconds
287.572: [GC (Allocation Failure)  970439K->650983K(1033728K), 0.0051850 secs]
287.577: Total time for which application threads were stopped: 0.0053362 seconds, Stopping threads took: 0.0000171 seconds
287.646: [GC (Allocation Failure)  970471K->658953K(1027072K), 0.0051628 secs]
287.651: Total time for which application threads were stopped: 0.0053237 seconds, Stopping threads took: 0.0000191 seconds
287.717: [GC (Allocation Failure)  978440K->655015K(1034240K), 0.0041912 secs]
287.721: Total time for which application threads were stopped: 0.0043554 seconds, Stopping threads took: 0.0000188 seconds
287.789: [GC (Allocation Failure)  974503K->659121K(1033216K), 0.0049908 secs]
287.794: Total time for which application threads were stopped: 0.0051911 seconds, Stopping threads took: 0.0000283 seconds
287.862: [GC (Allocation Failure)  978609K->663121K(1034752K), 0.0049056 secs]
287.867: Total time for which application threads were stopped: 0.0050802 seconds, Stopping threads took: 0.0000278 seconds
287.934: [GC (Allocation Failure)  984657K->656335K(1034752K), 0.0024516 secs]
287.937: Total time for which application threads were stopped: 0.0026019 seconds, Stopping threads took: 0.0000196 seconds
288.004: [GC (Allocation Failure)  977871K->663161K(1034752K), 0.0049480 secs]
288.009: Total time for which application threads were stopped: 0.0051124 seconds, Stopping threads took: 0.0000197 seconds
288.076: [GC (Allocation Failure)  984697K->667233K(1034752K), 0.0073078 secs]
288.083: Total time for which application threads were stopped: 0.0074817 seconds, Stopping threads took: 0.0000199 seconds
288.150: [GC (Allocation Failure)  988769K->661695K(1034752K), 0.0065191 secs]
288.156: Total time for which application threads were stopped: 0.0066765 seconds, Stopping threads took: 0.0000189 seconds
288.224: [GC (Allocation Failure)  983231K->667505K(1034752K), 0.0051034 secs]
288.229: Total time for which application threads were stopped: 0.0052878 seconds, Stopping threads took: 0.0000200 seconds
288.298: [GC (Allocation Failure)  989041K->671409K(1034752K), 0.0053253 secs]
288.304: Total time for which application threads were stopped: 0.0054885 seconds, Stopping threads took: 0.0000211 seconds
288.371: [GC (Allocation Failure)  993897K->667471K(1035264K), 0.0040395 secs]
288.375: Total time for which application threads were stopped: 0.0042009 seconds, Stopping threads took: 0.0000191 seconds
288.443: [GC (Allocation Failure)  990031K->671537K(1036288K), 0.0052500 secs]
288.448: Total time for which application threads were stopped: 0.0054434 seconds, Stopping threads took: 0.0000194 seconds
288.518: [GC (Allocation Failure)  995633K->675505K(1035776K), 0.0049773 secs]
288.523: Total time for which application threads were stopped: 0.0051463 seconds, Stopping threads took: 0.0000199 seconds
288.592: [GC (Allocation Failure)  999601K->675505K(1035776K), 0.0050180 secs]
288.597: Total time for which application threads were stopped: 0.0051971 seconds, Stopping threads took: 0.0000193 seconds
288.665: [GC (Allocation Failure)  999089K->675561K(1023488K), 0.0049772 secs]
288.670: Total time for which application threads were stopped: 0.0051527 seconds, Stopping threads took: 0.0000205 seconds
288.738: [GC (Allocation Failure)  999145K->683563K(1035264K), 0.0052484 secs]
288.744: Total time for which application threads were stopped: 0.0054544 seconds, Stopping threads took: 0.0000198 seconds
288.811: [GC (Allocation Failure)  1006123K->683531K(1030144K), 0.0049657 secs]
288.816: Total time for which application threads were stopped: 0.0051471 seconds, Stopping threads took: 0.0000204 seconds
288.884: [GC (Allocation Failure)  1006091K->683595K(1034752K), 0.0051273 secs]
288.889: Total time for which application threads were stopped: 0.0053199 seconds, Stopping threads took: 0.0000193 seconds
288.958: [GC (Allocation Failure)  1005131K->691565K(1034752K), 0.0052678 secs]
288.963: Total time for which application threads were stopped: 0.0054374 seconds, Stopping threads took: 0.0000198 seconds
289.031: [GC (Allocation Failure)  1013101K->691565K(1033728K), 0.0048320 secs]
289.036: Total time for which application threads were stopped: 0.0050002 seconds, Stopping threads took: 0.0000193 seconds
289.103: [GC (Allocation Failure)  1012077K->691813K(1034240K), 0.0051884 secs]
289.108: [Full GC (Ergonomics)  691813K->8704K(1034240K), 0.0129419 secs]
289.121: Total time for which application threads were stopped: 0.0183826 seconds, Stopping threads took: 0.0000203 seconds
289.189: [GC (Allocation Failure)  329216K->17634K(1033216K), 0.0038313 secs]
289.193: Total time for which application threads were stopped: 0.0039897 seconds, Stopping threads took: 0.0000168 seconds
289.260: [GC (Allocation Failure)  337122K->17618K(1033728K), 0.0040274 secs]
289.264: Total time for which application threads were stopped: 0.0042034 seconds, Stopping threads took: 0.0000280 seconds
289.329: [GC (Allocation Failure)  337106K->18034K(1033728K), 0.0038749 secs]
289.333: Total time for which application threads were stopped: 0.0040531 seconds, Stopping threads took: 0.0000198 seconds
289.399: [GC (Allocation Failure)  337522K->25685K(1033728K), 0.0038498 secs]
289.403: Total time for which application threads were stopped: 0.0040133 seconds, Stopping threads took: 0.0000268 seconds
289.470: [GC (Allocation Failure)  345173K->25685K(1033728K), 0.0037876 secs]
289.474: Total time for which application threads were stopped: 0.0039679 seconds, Stopping threads took: 0.0000207 seconds
289.540: [GC (Allocation Failure)  345173K->25773K(1033728K), 0.0040439 secs]
289.544: Total time for which application threads were stopped: 0.0042276 seconds, Stopping threads took: 0.0000205 seconds
289.611: [GC (Allocation Failure)  345261K->33679K(1032704K), 0.0045966 secs]
289.616: Total time for which application threads were stopped: 0.0047722 seconds, Stopping threads took: 0.0000196 seconds
289.680: [GC (Allocation Failure)  352141K->29741K(1033216K), 0.0025154 secs]
289.683: Total time for which application threads were stopped: 0.0026789 seconds, Stopping threads took: 0.0000195 seconds
289.749: [GC (Allocation Failure)  348205K->33831K(1034752K), 0.0041856 secs]
289.753: Total time for which application threads were stopped: 0.0043446 seconds, Stopping threads took: 0.0000169 seconds
289.821: [GC (Allocation Failure)  354855K->37799K(1034240K), 0.0036123 secs]
289.824: Total time for which application threads were stopped: 0.0037838 seconds, Stopping threads took: 0.0000196 seconds
289.894: [GC (Allocation Failure)  358823K->31045K(1034752K), 0.0010570 secs]
289.895: Total time for which application threads were stopped: 0.0011915 seconds, Stopping threads took: 0.0000278 seconds
289.963: [GC (Allocation Failure)  352581K->37871K(1034752K), 0.0036269 secs]
289.967: Total time for which application threads were stopped: 0.0037887 seconds, Stopping threads took: 0.0000199 seconds
290.033: [GC (Allocation Failure)  359407K->41951K(1034752K), 0.0048221 secs]
290.038: Total time for which application threads were stopped: 0.0049844 seconds, Stopping threads took: 0.0000197 seconds
290.104: [GC (Allocation Failure)  363487K->36381K(1034752K), 0.0019867 secs]
290.106: Total time for which application threads were stopped: 0.0021540 seconds, Stopping threads took: 0.0000388 seconds
290.174: [GC (Allocation Failure)  357917K->42247K(1035776K), 0.0038023 secs]
290.177: Total time for which application threads were stopped: 0.0039742 seconds, Stopping threads took: 0.0000198 seconds
290.246: [GC (Allocation Failure)  364807K->46087K(1034752K), 0.0043487 secs]
290.250: Total time for which application threads were stopped: 0.0045282 seconds, Stopping threads took: 0.0000204 seconds
290.317: [GC (Allocation Failure)  368575K->42181K(1035776K), 0.0023835 secs]
290.320: Total time for which application threads were stopped: 0.0025756 seconds, Stopping threads took: 0.0000199 seconds
290.390: [GC (Allocation Failure)  365253K->46247K(1035264K), 0.0039683 secs]
290.394: Total time for which application threads were stopped: 0.0041692 seconds, Stopping threads took: 0.0000274 seconds
290.464: [GC (Allocation Failure)  369319K->50247K(1035264K), 0.0038815 secs]
290.468: Total time for which application threads were stopped: 0.0040479 seconds, Stopping threads took: 0.0000189 seconds
290.537: [GC (Allocation Failure)  373831K->50247K(1035776K), 0.0034417 secs]
290.540: Total time for which application threads were stopped: 0.0036368 seconds, Stopping threads took: 0.0000195 seconds
290.609: [GC (Allocation Failure)  373831K->50279K(1034752K), 0.0039660 secs]
290.613: Total time for which application threads were stopped: 0.0041453 seconds, Stopping threads took: 0.0000190 seconds
290.681: [GC (Allocation Failure)  372839K->58249K(1035264K), 0.0035681 secs]
290.685: Total time for which application threads were stopped: 0.0037366 seconds, Stopping threads took: 0.0000204 seconds
290.753: [GC (Allocation Failure)  380809K->58217K(1034240K), 0.0036897 secs]
290.756: Total time for which application threads were stopped: 0.0038629 seconds, Stopping threads took: 0.0000216 seconds
290.822: [GC (Allocation Failure)  379753K->58313K(1034752K), 0.0037787 secs]
290.825: Total time for which application threads were stopped: 0.0039388 seconds, Stopping threads took: 0.0000192 seconds
290.893: [GC (Allocation Failure)  379849K->66315K(1034752K), 0.0036549 secs]
290.897: Total time for which application threads were stopped: 0.0038592 seconds, Stopping threads took: 0.0000278 seconds
290.967: [GC (Allocation Failure)  387851K->66315K(1029120K), 0.0035552 secs]
290.971: Total time for which application threads were stopped: 0.0037169 seconds, Stopping threads took: 0.0000196 seconds
291.038: [GC (Allocation Failure)  387851K->66539K(1034240K), 0.0039916 secs]
291.042: Total time for which application threads were stopped: 0.0041706 seconds, Stopping threads took: 0.0000199 seconds
291.111: [GC (Allocation Failure)  387051K->74350K(1034240K), 0.0038304 secs]
291.115: Total time for which application threads were stopped: 0.0040253 seconds, Stopping threads took: 0.0000194 seconds
291.184: [GC (Allocation Failure)  394862K->74286K(1034240K), 0.0039651 secs]
291.188: Total time for which application threads were stopped: 0.0041467 seconds, Stopping threads took: 0.0000190 seconds
291.255: [GC (Allocation Failure)  394798K->74766K(1020416K), 0.0041300 secs]
291.260: Total time for which application threads were stopped: 0.0043064 seconds, Stopping threads took: 0.0000207 seconds
291.328: [GC (Allocation Failure)  395278K->82352K(1033728K), 0.0039128 secs]
291.332: Total time for which application threads were stopped: 0.0040830 seconds, Stopping threads took: 0.0000209 seconds
291.399: [GC (Allocation Failure)  401840K->82384K(1033728K), 0.0038113 secs]
291.403: Total time for which application threads were stopped: 0.0039956 seconds, Stopping threads took: 0.0000257 seconds
291.470: [GC (Allocation Failure)  401872K->82504K(1033728K), 0.0037790 secs]
291.473: Total time for which application threads were stopped: 0.0039377 seconds, Stopping threads took: 0.0000166 seconds
291.542: [GC (Allocation Failure)  401992K->90410K(1033728K), 0.0037996 secs]
291.546: Total time for which application threads were stopped: 0.0039514 seconds, Stopping threads took: 0.0000176 seconds
291.614: [GC (Allocation Failure)  409898K->90378K(1033728K), 0.0036134 secs]
291.618: Total time for which application threads were stopped: 0.0037814 seconds, Stopping threads took: 0.0000212 seconds
291.684: [GC (Allocation Failure)  409866K->90442K(1033728K), 0.0040485 secs]
291.688: Total time for which application threads were stopped: 0.0042100 seconds, Stopping threads took: 0.0000190 seconds
291.757: [GC (Allocation Failure)  409930K->98413K(1032704K), 0.0039074 secs]
291.761: Total time for which application threads were stopped: 0.0040778 seconds, Stopping threads took: 0.0000207 seconds
291.828: [GC (Allocation Failure)  416877K->92842K(1033216K), 0.0015931 secs]
291.830: Total time for which application threads were stopped: 0.0017332 seconds, Stopping threads took: 0.0000196 seconds
291.899: [GC (Allocation Failure)  411306K->98669K(1034752K), 0.0049581 secs]
291.904: Total time for which application threads were stopped: 0.0051302 seconds, Stopping threads took: 0.0000272 seconds
291.971: [GC (Allocation Failure)  419181K->102557K(1033728K), 0.0040485 secs]
291.976: Total time for which application threads were stopped: 0.0042225 seconds, Stopping threads took: 0.0000166 seconds
292.043: [GC (Allocation Failure)  423069K->109450K(1029120K), 0.0070964 secs]
292.050: Total time for which application threads were stopped: 0.0072453 seconds, Stopping threads took: 0.0000164 seconds
292.118: [GC (Allocation Failure)  424842K->103341K(1031680K), 0.0039667 secs]
292.122: Total time for which application threads were stopped: 0.0041293 seconds, Stopping threads took: 0.0000200 seconds
292.188: [GC (Allocation Failure)  418733K->103181K(1032704K), 0.0039523 secs]
292.192: Total time for which application threads were stopped: 0.0041265 seconds, Stopping threads took: 0.0000202 seconds
292.257: [GC (Allocation Failure)  420109K->106573K(1032192K), 0.0049242 secs]
292.262: Total time for which application threads were stopped: 0.0051004 seconds, Stopping threads took: 0.0000189 seconds
292.330: [GC (Allocation Failure)  423501K->111343K(1033216K), 0.0039338 secs]
292.334: Total time for which application threads were stopped: 0.0041059 seconds, Stopping threads took: 0.0000199 seconds
292.402: [GC (Allocation Failure)  429295K->111247K(1032704K), 0.0038700 secs]
292.406: Total time for which application threads were stopped: 0.0040434 seconds, Stopping threads took: 0.0000190 seconds
292.472: [GC (Allocation Failure)  429199K->112239K(1033216K), 0.0041328 secs]
292.476: Total time for which application threads were stopped: 0.0042990 seconds, Stopping threads took: 0.0000192 seconds
292.544: [GC (Allocation Failure)  430703K->119249K(1033216K), 0.0041108 secs]
292.549: Total time for which application threads were stopped: 0.0042801 seconds, Stopping threads took: 0.0000196 seconds
292.616: [GC (Allocation Failure)  437713K->119281K(1033728K), 0.0040087 secs]
292.620: Total time for which application threads were stopped: 0.0041918 seconds, Stopping threads took: 0.0000289 seconds
292.687: [GC (Allocation Failure)  438257K->120937K(1033216K), 0.0042481 secs]
292.691: Total time for which application threads were stopped: 0.0044246 seconds, Stopping threads took: 0.0000195 seconds
292.761: [GC (Allocation Failure)  439913K->127339K(1033728K), 0.0040026 secs]
292.765: Total time for which application threads were stopped: 0.0041722 seconds, Stopping threads took: 0.0000203 seconds
292.832: [GC (Allocation Failure)  446827K->127307K(1033728K), 0.0044059 secs]
292.836: Total time for which application threads were stopped: 0.0045784 seconds, Stopping threads took: 0.0000205 seconds
292.904: [GC (Allocation Failure)  446795K->127627K(1033728K), 0.0041483 secs]
292.909: Total time for which application threads were stopped: 0.0043101 seconds, Stopping threads took: 0.0000196 seconds
292.975: [GC (Allocation Failure)  447115K->135342K(1033728K), 0.0042251 secs]
292.980: Total time for which application threads were stopped: 0.0044157 seconds, Stopping threads took: 0.0000195 seconds
293.047: [GC (Allocation Failure)  454830K->135342K(1033728K), 0.0039696 secs]
293.051: Total time for which application threads were stopped: 0.0041422 seconds, Stopping threads took: 0.0000208 seconds
293.117: [GC (Allocation Failure)  454830K->138926K(1033728K), 0.0048416 secs]
293.122: Total time for which application threads were stopped: 0.0049998 seconds, Stopping threads took: 0.0000206 seconds
293.191: [GC (Allocation Failure)  458414K->143376K(1034240K), 0.0057680 secs]
293.197: Total time for which application threads were stopped: 0.0059262 seconds, Stopping threads took: 0.0000166 seconds
293.266: [GC (Allocation Failure)  463888K->143344K(1034240K), 0.0040345 secs]
293.270: Total time for which application threads were stopped: 0.0042089 seconds, Stopping threads took: 0.0000187 seconds
293.336: [GC (Allocation Failure)  463856K->144080K(1034240K), 0.0065923 secs]
293.343: Total time for which application threads were stopped: 0.0067494 seconds, Stopping threads took: 0.0000188 seconds
293.413: [GC (Allocation Failure)  464592K->151410K(1034240K), 0.0038901 secs]
293.417: Total time for which application threads were stopped: 0.0040468 seconds, Stopping threads took: 0.0000251 seconds
293.485: [GC (Allocation Failure)  471922K->151410K(1034240K), 0.0038472 secs]
293.489: Total time for which application threads were stopped: 0.0040060 seconds, Stopping threads took: 0.0000193 seconds
293.557: [GC (Allocation Failure)  471922K->152298K(1034240K), 0.0041231 secs]
293.561: Total time for which application threads were stopped: 0.0042821 seconds, Stopping threads took: 0.0000193 seconds
293.631: [GC (Allocation Failure)  472810K->159404K(1034240K), 0.0042622 secs]
293.635: Total time for which application threads were stopped: 0.0044344 seconds, Stopping threads took: 0.0000189 seconds
293.703: [GC (Allocation Failure)  479916K->159436K(1034240K), 0.0042445 secs]
293.708: Total time for which application threads were stopped: 0.0044404 seconds, Stopping threads took: 0.0000207 seconds
293.776: [GC (Allocation Failure)  479948K->160548K(1034240K), 0.0042199 secs]
293.781: Total time for which application threads were stopped: 0.0043827 seconds, Stopping threads took: 0.0000192 seconds
293.849: [GC (Allocation Failure)  481060K->167463K(1034240K), 0.0041358 secs]
293.853: Total time for which application threads were stopped: 0.0043008 seconds, Stopping threads took: 0.0000206 seconds
293.923: [GC (Allocation Failure)  487975K->167431K(1034240K), 0.0041137 secs]
293.927: Total time for which application threads were stopped: 0.0042860 seconds, Stopping threads took: 0.0000203 seconds
293.994: [GC (Allocation Failure)  487943K->167783K(1020416K), 0.0041950 secs]
293.998: Total time for which application threads were stopped: 0.0043576 seconds, Stopping threads took: 0.0000196 seconds
294.066: [GC (Allocation Failure)  488295K->175529K(1033728K), 0.0042454 secs]
294.070: Total time for which application threads were stopped: 0.0044043 seconds, Stopping threads took: 0.0000189 seconds
294.137: [GC (Allocation Failure)  495017K->175433K(1033728K), 0.0040780 secs]
294.141: Total time for which application threads were stopped: 0.0042449 seconds, Stopping threads took: 0.0000196 seconds
294.207: [GC (Allocation Failure)  494921K->176009K(1033728K), 0.0041873 secs]
294.211: Total time for which application threads were stopped: 0.0043473 seconds, Stopping threads took: 0.0000191 seconds
294.278: [GC (Allocation Failure)  495497K->183563K(1033728K), 0.0041117 secs]
294.282: Total time for which application threads were stopped: 0.0042909 seconds, Stopping threads took: 0.0000204 seconds
294.351: [GC (Allocation Failure)  503051K->183499K(1033728K), 0.0043376 secs]
294.355: Total time for which application threads were stopped: 0.0044958 seconds, Stopping threads took: 0.0000197 seconds
294.421: [GC (Allocation Failure)  502987K->184203K(1033728K), 0.0041864 secs]
294.425: Total time for which application threads were stopped: 0.0043775 seconds, Stopping threads took: 0.0000199 seconds
294.495: [GC (Allocation Failure)  503691K->191533K(1033728K), 0.0047217 secs]
294.499: Total time for which application threads were stopped: 0.0048983 seconds, Stopping threads took: 0.0000221 seconds
294.568: [GC (Allocation Failure)  511021K->191533K(1033728K), 0.0039882 secs]
294.572: Total time for which application threads were stopped: 0.0041349 seconds, Stopping threads took: 0.0000200 seconds
294.640: [GC (Allocation Failure)  511021K->193549K(1033728K), 0.0045697 secs]
294.645: Total time for which application threads were stopped: 0.0047413 seconds, Stopping threads took: 0.0000203 seconds
294.712: [GC (Allocation Failure)  513037K->199568K(1033728K), 0.0042586 secs]
294.717: Total time for which application threads were stopped: 0.0044276 seconds, Stopping threads took: 0.0000196 seconds
294.783: [GC (Allocation Failure)  519056K->199536K(1033728K), 0.0039382 secs]
294.787: Total time for which application threads were stopped: 0.0040904 seconds, Stopping threads took: 0.0000194 seconds
294.855: [GC (Allocation Failure)  519024K->200720K(1033728K), 0.0041348 secs]
294.859: Total time for which application threads were stopped: 0.0042916 seconds, Stopping threads took: 0.0000259 seconds
294.929: [GC (Allocation Failure)  520208K->207634K(1033728K), 0.0041185 secs]
294.933: Total time for which application threads were stopped: 0.0043099 seconds, Stopping threads took: 0.0000245 seconds
295.000: [GC (Allocation Failure)  527122K->207602K(1033728K), 0.0040544 secs]
295.004: Total time for which application threads were stopped: 0.0042305 seconds, Stopping threads took: 0.0000227 seconds
295.071: [GC (Allocation Failure)  527090K->207946K(1033728K), 0.0042837 secs]
295.075: Total time for which application threads were stopped: 0.0044744 seconds, Stopping threads took: 0.0000199 seconds
295.145: [GC (Allocation Failure)  527434K->215660K(1033728K), 0.0042335 secs]
295.149: Total time for which application threads were stopped: 0.0044259 seconds, Stopping threads took: 0.0000194 seconds
295.216: [GC (Allocation Failure)  535148K->215628K(1033728K), 0.0040532 secs]
295.220: Total time for which application threads were stopped: 0.0042128 seconds, Stopping threads took: 0.0000198 seconds
295.286: [GC (Allocation Failure)  535116K->216140K(1033728K), 0.0043124 secs]
295.291: Total time for which application threads were stopped: 0.0044810 seconds, Stopping threads took: 0.0000198 seconds
295.358: [GC (Allocation Failure)  535628K->223694K(1033728K), 0.0064463 secs]
295.364: Total time for which application threads were stopped: 0.0066163 seconds, Stopping threads took: 0.0000190 seconds
295.432: [GC (Allocation Failure)  543182K->223662K(1033728K), 0.0043437 secs]
295.436: Total time for which application threads were stopped: 0.0045038 seconds, Stopping threads took: 0.0000194 seconds
295.503: [GC (Allocation Failure)  543150K->224390K(1033728K), 0.0053314 secs]
295.508: Total time for which application threads were stopped: 0.0055297 seconds, Stopping threads took: 0.0000196 seconds
295.576: [GC (Allocation Failure)  543878K->231689K(1033728K), 0.0041211 secs]
295.580: Total time for which application threads were stopped: 0.0042892 seconds, Stopping threads took: 0.0000193 seconds
295.647: [GC (Allocation Failure)  551177K->231721K(1033728K), 0.0043371 secs]
295.651: Total time for which application threads were stopped: 0.0045022 seconds, Stopping threads took: 0.0000194 seconds
295.718: [GC (Allocation Failure)  551209K->232649K(1033728K), 0.0043042 secs]
295.722: Total time for which application threads were stopped: 0.0044728 seconds, Stopping threads took: 0.0000203 seconds
295.789: [GC (Allocation Failure)  552137K->239755K(1033728K), 0.0041701 secs]
295.793: Total time for which application threads were stopped: 0.0043390 seconds, Stopping threads took: 0.0000191 seconds
295.860: [GC (Allocation Failure)  559243K->239755K(1033728K), 0.0041422 secs]
295.865: Total time for which application threads were stopped: 0.0043136 seconds, Stopping threads took: 0.0000252 seconds
295.931: [GC (Allocation Failure)  559243K->239859K(1033728K), 0.0043562 secs]
295.935: Total time for which application threads were stopped: 0.0045247 seconds, Stopping threads took: 0.0000199 seconds
296.003: [GC (Allocation Failure)  559347K->247733K(1027072K), 0.0042666 secs]
296.007: Total time for which application threads were stopped: 0.0044351 seconds, Stopping threads took: 0.0000204 seconds
296.072: [GC (Allocation Failure)  567221K->247733K(1033728K), 0.0043561 secs]
296.076: Total time for which application threads were stopped: 0.0045308 seconds, Stopping threads took: 0.0000284 seconds
296.142: [GC (Allocation Failure)  566709K->248605K(1033216K), 0.0043447 secs]
296.146: Total time for which application threads were stopped: 0.0045105 seconds, Stopping threads took: 0.0000284 seconds
296.214: [GC (Allocation Failure)  567581K->255808K(1032704K), 0.0042799 secs]
296.218: Total time for which application threads were stopped: 0.0044455 seconds, Stopping threads took: 0.0000201 seconds
296.281: [GC (Allocation Failure)  574272K->255776K(1033216K), 0.0043226 secs]
296.285: Total time for which application threads were stopped: 0.0044851 seconds, Stopping threads took: 0.0000200 seconds
296.347: [GC (Allocation Failure)  574240K->256360K(1033728K), 0.0041979 secs]
296.351: Total time for which application threads were stopped: 0.0043494 seconds, Stopping threads took: 0.0000286 seconds
296.417: [GC (Allocation Failure)  575848K->263850K(1027072K), 0.0040379 secs]
296.421: Total time for which application threads were stopped: 0.0041829 seconds, Stopping threads took: 0.0000202 seconds
296.486: [GC (Allocation Failure)  583338K->263850K(1033216K), 0.0050648 secs]
296.491: Total time for which application threads were stopped: 0.0052396 seconds, Stopping threads took: 0.0000187 seconds
296.559: [GC (Allocation Failure)  582314K->264074K(1033216K), 0.0043861 secs]
296.564: Total time for which application threads were stopped: 0.0045585 seconds, Stopping threads took: 0.0000200 seconds
296.631: [GC (Allocation Failure)  582538K->271916K(1033216K), 0.0044564 secs]
296.636: Total time for which application threads were stopped: 0.0046287 seconds, Stopping threads took: 0.0000196 seconds
296.704: [GC (Allocation Failure)  590380K->271884K(1033216K), 0.0042992 secs]
296.709: Total time for which application threads were stopped: 0.0044712 seconds, Stopping threads took: 0.0000257 seconds
296.773: [GC (Allocation Failure)  590348K->272036K(1033216K), 0.0044001 secs]
296.778: Total time for which application threads were stopped: 0.0045984 seconds, Stopping threads took: 0.0000207 seconds
296.845: [GC (Allocation Failure)  590500K->279910K(1033216K), 0.0042925 secs]
296.849: Total time for which application threads were stopped: 0.0044615 seconds, Stopping threads took: 0.0000192 seconds
296.915: [GC (Allocation Failure)  598374K->279910K(1033216K), 0.0042508 secs]
296.919: Total time for which application threads were stopped: 0.0044306 seconds, Stopping threads took: 0.0000262 seconds
296.986: [GC (Allocation Failure)  598374K->279966K(1033216K), 0.0044661 secs]
296.990: Total time for which application threads were stopped: 0.0046371 seconds, Stopping threads took: 0.0000199 seconds
297.057: [GC (Allocation Failure)  598430K->288001K(1033216K), 0.0043602 secs]
297.062: Total time for which application threads were stopped: 0.0045214 seconds, Stopping threads took: 0.0000208 seconds
297.128: [GC (Allocation Failure)  606465K->287969K(1033216K), 0.0044828 secs]
297.132: Total time for which application threads were stopped: 0.0046511 seconds, Stopping threads took: 0.0000197 seconds
297.197: [GC (Allocation Failure)  606433K->288233K(1033216K), 0.0044291 secs]
297.202: Total time for which application threads were stopped: 0.0045912 seconds, Stopping threads took: 0.0000208 seconds
297.270: [GC (Allocation Failure)  606697K->296011K(1033216K), 0.0065575 secs]
297.276: Total time for which application threads were stopped: 0.0067274 seconds, Stopping threads took: 0.0000196 seconds
297.343: [GC (Allocation Failure)  614475K->295979K(1033216K), 0.0043738 secs]
297.348: Total time for which application threads were stopped: 0.0045415 seconds, Stopping threads took: 0.0000200 seconds
297.413: [GC (Allocation Failure)  614443K->296235K(1033216K), 0.0044255 secs]
297.418: Total time for which application threads were stopped: 0.0045939 seconds, Stopping threads took: 0.0000259 seconds
297.485: [GC (Allocation Failure)  614699K->304013K(1033216K), 0.0041086 secs]
297.489: Total time for which application threads were stopped: 0.0042884 seconds, Stopping threads took: 0.0000289 seconds
297.557: [GC (Allocation Failure)  622477K->300139K(1033216K), 0.0031616 secs]
297.560: Total time for which application threads were stopped: 0.0033342 seconds, Stopping threads took: 0.0000205 seconds
297.628: [GC (Allocation Failure)  618603K->304165K(1034752K), 0.0046012 secs]
297.632: Total time for which application threads were stopped: 0.0047942 seconds, Stopping threads took: 0.0000200 seconds
297.700: [GC (Allocation Failure)  624677K->308133K(1033728K), 0.0043761 secs]
297.704: Total time for which application threads were stopped: 0.0045742 seconds, Stopping threads took: 0.0000214 seconds
297.773: [GC (Allocation Failure)  628645K->300323K(1034240K), 0.0012459 secs]
297.775: Total time for which application threads were stopped: 0.0013631 seconds, Stopping threads took: 0.0000186 seconds
297.844: [GC (Allocation Failure)  620835K->308197K(1034240K), 0.0042988 secs]
297.848: Total time for which application threads were stopped: 0.0044952 seconds, Stopping threads took: 0.0000193 seconds
297.918: [GC (Allocation Failure)  628709K->312309K(1033216K), 0.0059244 secs]
297.924: Total time for which application threads were stopped: 0.0061078 seconds, Stopping threads took: 0.0000222 seconds
297.990: [GC (Allocation Failure)  631797K->317971K(1032704K), 0.0067585 secs]
297.997: Total time for which application threads were stopped: 0.0069302 seconds, Stopping threads took: 0.0000194 seconds
298.065: [GC (Allocation Failure)  637459K->312501K(1031680K), 0.0044397 secs]
298.069: Total time for which application threads were stopped: 0.0046168 seconds, Stopping threads took: 0.0000211 seconds
298.136: [GC (Allocation Failure)  628917K->312309K(1032192K), 0.0043216 secs]
298.140: Total time for which application threads were stopped: 0.0045149 seconds, Stopping threads took: 0.0000198 seconds
298.208: [GC (Allocation Failure)  628725K->306931K(1032704K), 0.0022373 secs]
298.210: Total time for which application threads were stopped: 0.0023894 seconds, Stopping threads took: 0.0000192 seconds
298.278: [GC (Allocation Failure)  624371K->312469K(1032704K), 0.0043685 secs]
298.283: Total time for which application threads were stopped: 0.0045413 seconds, Stopping threads took: 0.0000208 seconds
298.351: [GC (Allocation Failure)  629909K->312309K(1033216K), 0.0044748 secs]
298.355: Total time for which application threads were stopped: 0.0046485 seconds, Stopping threads took: 0.0000213 seconds
298.422: [GC (Allocation Failure)  630261K->312629K(1032704K), 0.0046128 secs]
298.427: Total time for which application threads were stopped: 0.0047815 seconds, Stopping threads took: 0.0000261 seconds
298.494: [GC (Allocation Failure)  630581K->320471K(1033216K), 0.0045642 secs]
298.499: Total time for which application threads were stopped: 0.0047287 seconds, Stopping threads took: 0.0000247 seconds
298.566: [GC (Allocation Failure)  638935K->320343K(1033216K), 0.0042548 secs]
298.571: Total time for which application threads were stopped: 0.0044138 seconds, Stopping threads took: 0.0000198 seconds
298.636: [GC (Allocation Failure)  638807K->324447K(1033728K), 0.0052118 secs]
298.641: Total time for which application threads were stopped: 0.0053692 seconds, Stopping threads took: 0.0000197 seconds
298.708: [GC (Allocation Failure)  643423K->328450K(1033216K), 0.0044052 secs]
298.713: Total time for which application threads were stopped: 0.0045723 seconds, Stopping threads took: 0.0000199 seconds
298.777: [GC (Allocation Failure)  647426K->328354K(1034240K), 0.0042340 secs]
298.781: Total time for which application threads were stopped: 0.0044052 seconds, Stopping threads took: 0.0000199 seconds
298.847: [GC (Allocation Failure)  648354K->331178K(1033728K), 0.0050152 secs]
298.852: Total time for which application threads were stopped: 0.0052266 seconds, Stopping threads took: 0.0000200 seconds
298.920: [GC (Allocation Failure)  651178K->336428K(1034240K), 0.0043429 secs]
298.925: Total time for which application threads were stopped: 0.0045315 seconds, Stopping threads took: 0.0000277 seconds
298.993: [GC (Allocation Failure)  656940K->336396K(1034240K), 0.0043337 secs]
298.998: Total time for which application threads were stopped: 0.0044929 seconds, Stopping threads took: 0.0000166 seconds
299.064: [GC (Allocation Failure)  656908K->336836K(1034240K), 0.0045696 secs]
299.069: Total time for which application threads were stopped: 0.0047445 seconds, Stopping threads took: 0.0000199 seconds
299.139: [GC (Allocation Failure)  657348K->344454K(1034240K), 0.0045051 secs]
299.143: Total time for which application threads were stopped: 0.0046677 seconds, Stopping threads took: 0.0000206 seconds
299.211: [GC (Allocation Failure)  664966K->344422K(1034240K), 0.0043995 secs]
299.216: Total time for which application threads were stopped: 0.0045629 seconds, Stopping threads took: 0.0000198 seconds
299.285: [GC (Allocation Failure)  664934K->347110K(1034240K), 0.0050475 secs]
299.290: Total time for which application threads were stopped: 0.0052084 seconds, Stopping threads took: 0.0000194 seconds
299.357: [GC (Allocation Failure)  667622K->352488K(1034240K), 0.0044692 secs]
299.362: Total time for which application threads were stopped: 0.0046387 seconds, Stopping threads took: 0.0000204 seconds
299.430: [GC (Allocation Failure)  673000K->352424K(1034240K), 0.0045464 secs]
299.434: Total time for which application threads were stopped: 0.0047155 seconds, Stopping threads took: 0.0000192 seconds
299.503: [GC (Allocation Failure)  672936K->353280K(1033728K), 0.0051778 secs]
299.508: Total time for which application threads were stopped: 0.0053794 seconds, Stopping threads took: 0.0000255 seconds
299.578: [GC (Allocation Failure)  673792K->360611K(1034240K), 0.0044161 secs]
299.582: Total time for which application threads were stopped: 0.0045845 seconds, Stopping threads took: 0.0000188 seconds
299.650: [GC (Allocation Failure)  681123K->360515K(1034240K), 0.0046448 secs]
299.655: Total time for which application threads were stopped: 0.0048157 seconds, Stopping threads took: 0.0000205 seconds
299.723: [GC (Allocation Failure)  681027K->363555K(1034240K), 0.0051052 secs]
299.728: Total time for which application threads were stopped: 0.0052669 seconds, Stopping threads took: 0.0000193 seconds
299.797: [GC (Allocation Failure)  684067K->368549K(1034752K), 0.0043617 secs]
299.801: Total time for which application threads were stopped: 0.0045245 seconds, Stopping threads took: 0.0000202 seconds
299.870: [GC (Allocation Failure)  690085K->368485K(1034752K), 0.0042575 secs]
299.874: Total time for which application threads were stopped: 0.0044420 seconds, Stopping threads took: 0.0000258 seconds
299.941: [GC (Allocation Failure)  690021K->371805K(1034752K), 0.0052093 secs]
299.946: Total time for which application threads were stopped: 0.0053819 seconds, Stopping threads took: 0.0000196 seconds
300.016: [GC (Allocation Failure)  693341K->376575K(1034752K), 0.0045535 secs]
300.020: Total time for which application threads were stopped: 0.0047434 seconds, Stopping threads took: 0.0000206 seconds
300.088: [GC (Allocation Failure)  698111K->376575K(1034752K), 0.0045938 secs]
300.092: Total time for which application threads were stopped: 0.0047787 seconds, Stopping threads took: 0.0000193 seconds
300.158: [GC (Allocation Failure)  698111K->376967K(1034752K), 0.0045354 secs]
300.162: Total time for which application threads were stopped: 0.0047368 seconds, Stopping threads took: 0.0000212 seconds
300.232: [GC (Allocation Failure)  698503K->384618K(1034752K), 0.0045707 secs]
300.237: Total time for which application threads were stopped: 0.0047315 seconds, Stopping threads took: 0.0000197 seconds
300.305: [GC (Allocation Failure)  706154K->384554K(1034752K), 0.0046742 secs]
300.309: Total time for which application threads were stopped: 0.0048401 seconds, Stopping threads took: 0.0000197 seconds
300.375: [GC (Allocation Failure)  706090K->386250K(1034752K), 0.0047417 secs]
300.380: Total time for which application threads were stopped: 0.0049370 seconds, Stopping threads took: 0.0000190 seconds
300.450: [GC (Allocation Failure)  707786K->392652K(1029120K), 0.0046074 secs]
300.455: Total time for which application threads were stopped: 0.0047954 seconds, Stopping threads took: 0.0000185 seconds
300.523: [GC (Allocation Failure)  714188K->392620K(1034752K), 0.0045453 secs]
300.528: Total time for which application threads were stopped: 0.0047329 seconds, Stopping threads took: 0.0000196 seconds
300.595: [GC (Allocation Failure)  713644K->394980K(1034240K), 0.0049304 secs]
300.600: Total time for which application threads were stopped: 0.0051249 seconds, Stopping threads took: 0.0000190 seconds
300.670: [GC (Allocation Failure)  716004K->400742K(1034752K), 0.0044223 secs]
300.674: Total time for which application threads were stopped: 0.0046058 seconds, Stopping threads took: 0.0000168 seconds
300.745: [GC (Allocation Failure)  722278K->400646K(1034752K), 0.0044476 secs]
300.750: Total time for which application threads were stopped: 0.0046094 seconds, Stopping threads took: 0.0000198 seconds
300.815: [GC (Allocation Failure)  722182K->403726K(1034752K), 0.0052152 secs]
300.820: Total time for which application threads were stopped: 0.0053866 seconds, Stopping threads took: 0.0000213 seconds
300.887: [GC (Allocation Failure)  725262K->408720K(1034752K), 0.0045498 secs]
300.892: Total time for which application threads were stopped: 0.0047520 seconds, Stopping threads took: 0.0000280 seconds
300.958: [GC (Allocation Failure)  730256K->408720K(1034752K), 0.0044205 secs]
300.963: Total time for which application threads were stopped: 0.0045832 seconds, Stopping threads took: 0.0000199 seconds
301.028: [GC (Allocation Failure)  730256K->408880K(1021440K), 0.0061555 secs]
301.035: Total time for which application threads were stopped: 0.0063306 seconds, Stopping threads took: 0.0000196 seconds
301.104: [GC (Allocation Failure)  730416K->416723K(1034240K), 0.0045106 secs]
301.109: Total time for which application threads were stopped: 0.0046887 seconds, Stopping threads took: 0.0000192 seconds
301.176: [GC (Allocation Failure)  737235K->416723K(1034240K), 0.0046210 secs]
301.180: Total time for which application threads were stopped: 0.0048277 seconds, Stopping threads took: 0.0000205 seconds
301.249: [GC (Allocation Failure)  737235K->420123K(1034752K), 0.0054441 secs]
301.255: Total time for which application threads were stopped: 0.0056426 seconds, Stopping threads took: 0.0000200 seconds
301.322: [GC (Allocation Failure)  741147K->424861K(1034240K), 0.0045885 secs]
301.327: Total time for which application threads were stopped: 0.0047651 seconds, Stopping threads took: 0.0000285 seconds
301.395: [GC (Allocation Failure)  745885K->424765K(1034752K), 0.0044468 secs]
301.399: Total time for which application threads were stopped: 0.0046215 seconds, Stopping threads took: 0.0000195 seconds
301.467: [GC (Allocation Failure)  746301K->428349K(1034752K), 0.0055934 secs]
301.473: Total time for which application threads were stopped: 0.0057642 seconds, Stopping threads took: 0.0000199 seconds
301.542: [GC (Allocation Failure)  749885K->432863K(1034752K), 0.0045685 secs]
301.547: Total time for which application threads were stopped: 0.0047185 seconds, Stopping threads took: 0.0000167 seconds
301.615: [GC (Allocation Failure)  754399K->432799K(1034752K), 0.0046310 secs]
301.620: Total time for which application threads were stopped: 0.0047931 seconds, Stopping threads took: 0.0000194 seconds
301.688: [GC (Allocation Failure)  754335K->433543K(1034752K), 0.0045605 secs]
301.692: Total time for which application threads were stopped: 0.0047184 seconds, Stopping threads took: 0.0000225 seconds
301.762: [GC (Allocation Failure)  755079K->440841K(1034752K), 0.0045992 secs]
301.766: Total time for which application threads were stopped: 0.0047669 seconds, Stopping threads took: 0.0000202 seconds
301.834: [GC (Allocation Failure)  762377K->440873K(1034752K), 0.0043069 secs]
301.839: Total time for which application threads were stopped: 0.0044672 seconds, Stopping threads took: 0.0000196 seconds
301.906: [GC (Allocation Failure)  762409K->442721K(1034752K), 0.0082596 secs]
301.914: Total time for which application threads were stopped: 0.0084428 seconds, Stopping threads took: 0.0000161 seconds
301.982: [GC (Allocation Failure)  764257K->448868K(1034752K), 0.0046124 secs]
301.986: Total time for which application threads were stopped: 0.0047891 seconds, Stopping threads took: 0.0000194 seconds
302.054: [GC (Allocation Failure)  770404K->448868K(1034752K), 0.0057980 secs]
302.060: Total time for which application threads were stopped: 0.0059937 seconds, Stopping threads took: 0.0000199 seconds
302.129: [GC (Allocation Failure)  770404K->452028K(1034752K), 0.0054113 secs]
302.134: Total time for which application threads were stopped: 0.0055686 seconds, Stopping threads took: 0.0000163 seconds
302.202: [GC (Allocation Failure)  773564K->457022K(1034752K), 0.0046921 secs]
302.206: Total time for which application threads were stopped: 0.0048874 seconds, Stopping threads took: 0.0000202 seconds
302.276: [GC (Allocation Failure)  778558K->456894K(1034752K), 0.0046824 secs]
302.281: Total time for which application threads were stopped: 0.0048578 seconds, Stopping threads took: 0.0000157 seconds
302.346: [GC (Allocation Failure)  778430K->457214K(1034752K), 0.0047052 secs]
302.351: Total time for which application threads were stopped: 0.0048831 seconds, Stopping threads took: 0.0000196 seconds
302.420: [GC (Allocation Failure)  778750K->464992K(1033728K), 0.0046617 secs]
302.424: Total time for which application threads were stopped: 0.0048218 seconds, Stopping threads took: 0.0000195 seconds
302.492: [GC (Allocation Failure)  785504K->464928K(1034240K), 0.0055942 secs]
302.497: Total time for which application threads were stopped: 0.0057635 seconds, Stopping threads took: 0.0000274 seconds
302.566: [GC (Allocation Failure)  785440K->468488K(1034752K), 0.0055818 secs]
302.571: Total time for which application threads were stopped: 0.0057416 seconds, Stopping threads took: 0.0000169 seconds
302.638: [GC (Allocation Failure)  789512K->472970K(1034240K), 0.0047195 secs]
302.643: Total time for which application threads were stopped: 0.0048892 seconds, Stopping threads took: 0.0000198 seconds
302.710: [GC (Allocation Failure)  793994K->472970K(1034752K), 0.0046684 secs]
302.715: Total time for which application threads were stopped: 0.0048442 seconds, Stopping threads took: 0.0000262 seconds
302.782: [GC (Allocation Failure)  794506K->476778K(1034752K), 0.0056408 secs]
302.788: Total time for which application threads were stopped: 0.0058233 seconds, Stopping threads took: 0.0000204 seconds
302.856: [GC (Allocation Failure)  798314K->481037K(1035264K), 0.0047390 secs]
302.861: Total time for which application threads were stopped: 0.0049108 seconds, Stopping threads took: 0.0000206 seconds
302.929: [GC (Allocation Failure)  803597K->480973K(1035264K), 0.0046694 secs]
302.934: Total time for which application threads were stopped: 0.0048406 seconds, Stopping threads took: 0.0000201 seconds
303.001: [GC (Allocation Failure)  803533K->483941K(1035264K), 0.0054301 secs]
303.006: Total time for which application threads were stopped: 0.0056207 seconds, Stopping threads took: 0.0000200 seconds
303.075: [GC (Allocation Failure)  806501K->489063K(1035264K), 0.0045081 secs]
303.080: Total time for which application threads were stopped: 0.0046775 seconds, Stopping threads took: 0.0000199 seconds
303.148: [GC (Allocation Failure)  811623K->489063K(1035264K), 0.0045393 secs]
303.153: Total time for which application threads were stopped: 0.0046999 seconds, Stopping threads took: 0.0000199 seconds
303.220: [GC (Allocation Failure)  811623K->492199K(1035264K), 0.0052957 secs]
303.225: Total time for which application threads were stopped: 0.0054641 seconds, Stopping threads took: 0.0000199 seconds
303.294: [GC (Allocation Failure)  814759K->497193K(1035264K), 0.0045613 secs]
303.298: Total time for which application threads were stopped: 0.0047246 seconds, Stopping threads took: 0.0000201 seconds
303.367: [GC (Allocation Failure)  819753K->497065K(1035264K), 0.0045180 secs]
303.372: Total time for which application threads were stopped: 0.0046959 seconds, Stopping threads took: 0.0000266 seconds
303.440: [GC (Allocation Failure)  819625K->500417K(1035264K), 0.0055046 secs]
303.445: Total time for which application threads were stopped: 0.0056746 seconds, Stopping threads took: 0.0000251 seconds
303.516: [GC (Allocation Failure)  822977K->505156K(1035264K), 0.0046638 secs]
303.521: Total time for which application threads were stopped: 0.0048271 seconds, Stopping threads took: 0.0000252 seconds
303.588: [GC (Allocation Failure)  827716K->505092K(1035264K), 0.0048014 secs]
303.593: Total time for which application threads were stopped: 0.0049936 seconds, Stopping threads took: 0.0000190 seconds
303.663: [GC (Allocation Failure)  827652K->508636K(1035264K), 0.0054985 secs]
303.668: Total time for which application threads were stopped: 0.0056824 seconds, Stopping threads took: 0.0000166 seconds
303.737: [GC (Allocation Failure)  831196K->513150K(1034752K), 0.0045590 secs]
303.742: Total time for which application threads were stopped: 0.0047160 seconds, Stopping threads took: 0.0000169 seconds
303.811: [GC (Allocation Failure)  835710K->513086K(1035264K), 0.0047450 secs]
303.815: Total time for which application threads were stopped: 0.0049158 seconds, Stopping threads took: 0.0000205 seconds
303.884: [GC (Allocation Failure)  835646K->516862K(1035776K), 0.0057119 secs]
303.889: Total time for which application threads were stopped: 0.0058717 seconds, Stopping threads took: 0.0000200 seconds
303.956: [GC (Allocation Failure)  840446K->521376K(1035776K), 0.0047336 secs]
303.961: Total time for which application threads were stopped: 0.0049085 seconds, Stopping threads took: 0.0000193 seconds
304.031: [GC (Allocation Failure)  844960K->521184K(1035776K), 0.0048073 secs]
304.036: Total time for which application threads were stopped: 0.0049977 seconds, Stopping threads took: 0.0000252 seconds
304.105: [GC (Allocation Failure)  844768K->520126K(1035776K), 0.0043585 secs]
304.109: Total time for which application threads were stopped: 0.0045277 seconds, Stopping threads took: 0.0000165 seconds
304.179: [GC (Allocation Failure)  843710K->521312K(1036288K), 0.0045769 secs]
304.184: Total time for which application threads were stopped: 0.0047376 seconds, Stopping threads took: 0.0000193 seconds
304.252: [GC (Allocation Failure)  845920K->521152K(1036288K), 0.0046780 secs]
304.257: Total time for which application threads were stopped: 0.0048345 seconds, Stopping threads took: 0.0000194 seconds
304.325: [GC (Allocation Failure)  845760K->513182K(1035264K), 0.0016186 secs]
304.327: Total time for which application threads were stopped: 0.0017430 seconds, Stopping threads took: 0.0000188 seconds
304.397: [GC (Allocation Failure)  836766K->521280K(1031168K), 0.0048646 secs]
304.402: Total time for which application threads were stopped: 0.0050346 seconds, Stopping threads took: 0.0000187 seconds
304.470: [GC (Allocation Failure)  844864K->525304K(1035776K), 0.0063687 secs]
304.477: Total time for which application threads were stopped: 0.0065242 seconds, Stopping threads took: 0.0000193 seconds
304.542: [GC (Allocation Failure)  848376K->521430K(1035264K), 0.0036639 secs]
304.546: Total time for which application threads were stopped: 0.0038385 seconds, Stopping threads took: 0.0000194 seconds
304.616: [GC (Allocation Failure)  844502K->525472K(1035776K), 0.0050279 secs]
304.622: Total time for which application threads were stopped: 0.0051885 seconds, Stopping threads took: 0.0000193 seconds
304.690: [GC (Allocation Failure)  849056K->529440K(1035776K), 0.0045902 secs]
304.695: Total time for which application threads were stopped: 0.0047614 seconds, Stopping threads took: 0.0000198 seconds
304.763: [GC (Allocation Failure)  853024K->529472K(1035776K), 0.0046087 secs]
304.768: Total time for which application threads were stopped: 0.0047724 seconds, Stopping threads took: 0.0000200 seconds
304.833: [GC (Allocation Failure)  853056K->529792K(1023488K), 0.0047046 secs]
304.838: Total time for which application threads were stopped: 0.0049020 seconds, Stopping threads took: 0.0000194 seconds
304.908: [GC (Allocation Failure)  853376K->537506K(1035264K), 0.0048347 secs]
304.913: Total time for which application threads were stopped: 0.0050279 seconds, Stopping threads took: 0.0000193 seconds
304.982: [GC (Allocation Failure)  860066K->537442K(1035264K), 0.0046079 secs]
304.987: Total time for which application threads were stopped: 0.0048017 seconds, Stopping threads took: 0.0000207 seconds
305.056: [GC (Allocation Failure)  860002K->537962K(1034240K), 0.0049138 secs]
305.061: Total time for which application threads were stopped: 0.0050657 seconds, Stopping threads took: 0.0000166 seconds
305.128: [GC (Allocation Failure)  859498K->545581K(1034752K), 0.0048095 secs]
305.133: Total time for which application threads were stopped: 0.0049866 seconds, Stopping threads took: 0.0000192 seconds
305.203: [GC (Allocation Failure)  867117K->545517K(1034752K), 0.0045587 secs]
305.208: Total time for which application threads were stopped: 0.0047086 seconds, Stopping threads took: 0.0000166 seconds
305.273: [GC (Allocation Failure)  867053K->545701K(1034752K), 0.0049063 secs]
305.278: Total time for which application threads were stopped: 0.0050850 seconds, Stopping threads took: 0.0000199 seconds
305.345: [GC (Allocation Failure)  867237K->553575K(1033728K), 0.0049175 secs]
305.350: Total time for which application threads were stopped: 0.0051148 seconds, Stopping threads took: 0.0000203 seconds
305.421: [GC (Allocation Failure)  874087K->553543K(1034240K), 0.0047344 secs]
305.426: Total time for which application threads were stopped: 0.0049074 seconds, Stopping threads took: 0.0000252 seconds
305.493: [GC (Allocation Failure)  874055K->553647K(1034240K), 0.0057064 secs]
305.499: Total time for which application threads were stopped: 0.0058746 seconds, Stopping threads took: 0.0000273 seconds
305.568: [GC (Allocation Failure)  874159K->561617K(1034240K), 0.0048961 secs]
305.573: Total time for which application threads were stopped: 0.0050672 seconds, Stopping threads took: 0.0000200 seconds
305.639: [GC (Allocation Failure)  882129K->561585K(1034240K), 0.0049294 secs]
305.644: Total time for which application threads were stopped: 0.0051300 seconds, Stopping threads took: 0.0000198 seconds
305.711: [GC (Allocation Failure)  882097K->561609K(1020416K), 0.0056463 secs]
305.717: Total time for which application threads were stopped: 0.0058174 seconds, Stopping threads took: 0.0000200 seconds
305.785: [GC (Allocation Failure)  882121K->569611K(1033728K), 0.0048583 secs]
305.790: Total time for which application threads were stopped: 0.0050316 seconds, Stopping threads took: 0.0000197 seconds
305.857: [GC (Allocation Failure)  889099K->569643K(1033728K), 0.0047181 secs]
305.862: Total time for which application threads were stopped: 0.0048871 seconds, Stopping threads took: 0.0000204 seconds
305.927: [GC (Allocation Failure)  889131K->569859K(1033728K), 0.0049640 secs]
305.932: Total time for which application threads were stopped: 0.0051262 seconds, Stopping threads took: 0.0000203 seconds
306.001: [GC (Allocation Failure)  889347K->577670K(1033728K), 0.0048979 secs]
306.006: Total time for which application threads were stopped: 0.0050599 seconds, Stopping threads took: 0.0000199 seconds
306.073: [GC (Allocation Failure)  897158K->577670K(1033728K), 0.0050239 secs]
306.079: Total time for which application threads were stopped: 0.0052048 seconds, Stopping threads took: 0.0000196 seconds
306.145: [GC (Allocation Failure)  897158K->577830K(1033728K), 0.0063958 secs]
306.151: Total time for which application threads were stopped: 0.0065710 seconds, Stopping threads took: 0.0000205 seconds
306.219: [GC (Allocation Failure)  897318K->585672K(1032704K), 0.0050087 secs]
306.224: Total time for which application threads were stopped: 0.0052056 seconds, Stopping threads took: 0.0000177 seconds
306.291: [GC (Allocation Failure)  904136K->581798K(1033216K), 0.0038552 secs]
306.295: Total time for which application threads were stopped: 0.0040101 seconds, Stopping threads took: 0.0000192 seconds
306.364: [GC (Allocation Failure)  900262K->585832K(1034752K), 0.0054005 secs]
306.369: Total time for which application threads were stopped: 0.0055638 seconds, Stopping threads took: 0.0000204 seconds
306.439: [GC (Allocation Failure)  906856K->589768K(1034240K), 0.0047626 secs]
306.443: Total time for which application threads were stopped: 0.0049451 seconds, Stopping threads took: 0.0000274 seconds
306.510: [GC (Allocation Failure)  910792K->583046K(1034752K), 0.0021611 secs]
306.512: Total time for which application threads were stopped: 0.0023284 seconds, Stopping threads took: 0.0000253 seconds
306.581: [GC (Allocation Failure)  904582K->589872K(1034752K), 0.0048971 secs]
306.586: Total time for which application threads were stopped: 0.0050700 seconds, Stopping threads took: 0.0000206 seconds
306.654: [GC (Allocation Failure)  911408K->593976K(1034752K), 0.0058599 secs]
306.660: Total time for which application threads were stopped: 0.0060549 seconds, Stopping threads took: 0.0000201 seconds
306.728: [GC (Allocation Failure)  915512K->588374K(1034752K), 0.0029012 secs]
306.731: Total time for which application threads were stopped: 0.0030553 seconds, Stopping threads took: 0.0000166 seconds
306.800: [GC (Allocation Failure)  909910K->594208K(1035776K), 0.0049742 secs]
306.805: Total time for which application threads were stopped: 0.0051507 seconds, Stopping threads took: 0.0000205 seconds
306.875: [GC (Allocation Failure)  916768K->598080K(1034752K), 0.0049243 secs]
306.880: Total time for which application threads were stopped: 0.0050870 seconds, Stopping threads took: 0.0000193 seconds
306.947: [GC (Allocation Failure)  920640K->594142K(1035776K), 0.0038016 secs]
306.951: Total time for which application threads were stopped: 0.0039934 seconds, Stopping threads took: 0.0000193 seconds
307.020: [GC (Allocation Failure)  917214K->598232K(1035264K), 0.0049952 secs]
307.025: Total time for which application threads were stopped: 0.0051796 seconds, Stopping threads took: 0.0000171 seconds
307.097: [GC (Allocation Failure)  921304K->602200K(1035264K), 0.0047610 secs]
307.102: Total time for which application threads were stopped: 0.0049119 seconds, Stopping threads took: 0.0000168 seconds
307.170: [GC (Allocation Failure)  925784K->602200K(1035776K), 0.0049267 secs]
307.175: Total time for which application threads were stopped: 0.0050966 seconds, Stopping threads took: 0.0000199 seconds
307.240: [GC (Allocation Failure)  925784K->602264K(1034752K), 0.0050659 secs]
307.245: Total time for which application threads were stopped: 0.0052389 seconds, Stopping threads took: 0.0000200 seconds
307.313: [GC (Allocation Failure)  924824K->610266K(1035264K), 0.0049681 secs]
307.318: Total time for which application threads were stopped: 0.0051419 seconds, Stopping threads took: 0.0000204 seconds
307.386: [GC (Allocation Failure)  932826K->610234K(1034240K), 0.0047557 secs]
307.390: Total time for which application threads were stopped: 0.0049226 seconds, Stopping threads took: 0.0000277 seconds
307.457: [GC (Allocation Failure)  931770K->610298K(1034752K), 0.0051591 secs]
307.462: Total time for which application threads were stopped: 0.0053280 seconds, Stopping threads took: 0.0000197 seconds
307.530: [GC (Allocation Failure)  931834K->618268K(1034752K), 0.0050694 secs]
307.535: Total time for which application threads were stopped: 0.0052304 seconds, Stopping threads took: 0.0000199 seconds
307.603: [GC (Allocation Failure)  939804K->618268K(1029120K), 0.0048505 secs]
307.608: Total time for which application threads were stopped: 0.0050289 seconds, Stopping threads took: 0.0000203 seconds
307.674: [GC (Allocation Failure)  939804K->618524K(1034240K), 0.0050292 secs]
307.679: Total time for which application threads were stopped: 0.0052063 seconds, Stopping threads took: 0.0000223 seconds
307.747: [GC (Allocation Failure)  939036K->626303K(1034240K), 0.0048447 secs]
307.752: Total time for which application threads were stopped: 0.0050050 seconds, Stopping threads took: 0.0000195 seconds
307.819: [GC (Allocation Failure)  946815K->626303K(1034240K), 0.0048828 secs]
307.824: Total time for which application threads were stopped: 0.0050395 seconds, Stopping threads took: 0.0000189 seconds
307.891: [GC (Allocation Failure)  946815K->626727K(1034240K), 0.0049808 secs]
307.896: Total time for which application threads were stopped: 0.0051486 seconds, Stopping threads took: 0.0000279 seconds
307.963: [GC (Allocation Failure)  947239K->634377K(1033216K), 0.0050187 secs]
307.968: Total time for which application threads were stopped: 0.0051889 seconds, Stopping threads took: 0.0000202 seconds
308.034: [GC (Allocation Failure)  953865K->634377K(1033728K), 0.0048088 secs]
308.039: Total time for which application threads were stopped: 0.0049913 seconds, Stopping threads took: 0.0000208 seconds
308.106: [GC (Allocation Failure)  953865K->634505K(1033728K), 0.0049594 secs]
308.111: Total time for which application threads were stopped: 0.0051661 seconds, Stopping threads took: 0.0000245 seconds
308.180: [GC (Allocation Failure)  953993K->642411K(1033728K), 0.0048726 secs]
308.185: Total time for which application threads were stopped: 0.0050315 seconds, Stopping threads took: 0.0000183 seconds
308.252: [GC (Allocation Failure)  961899K->642411K(1033728K), 0.0050388 secs]
308.257: Total time for which application threads were stopped: 0.0052105 seconds, Stopping threads took: 0.0000196 seconds
308.325: [GC (Allocation Failure)  961899K->642443K(1033728K), 0.0052266 secs]
308.330: Total time for which application threads were stopped: 0.0053940 seconds, Stopping threads took: 0.0000249 seconds
308.397: [GC (Allocation Failure)  961931K->650446K(1032704K), 0.0050827 secs]
308.402: Total time for which application threads were stopped: 0.0052533 seconds, Stopping threads took: 0.0000204 seconds
308.469: [GC (Allocation Failure)  968910K->644875K(1033216K), 0.0030561 secs]
308.473: Total time for which application threads were stopped: 0.0032316 seconds, Stopping threads took: 0.0000206 seconds
308.541: [GC (Allocation Failure)  963339K->650670K(1034752K), 0.0057477 secs]
308.547: Total time for which application threads were stopped: 0.0059043 seconds, Stopping threads took: 0.0000171 seconds
308.616: [GC (Allocation Failure)  971182K->654558K(1033728K), 0.0052124 secs]
308.621: Total time for which application threads were stopped: 0.0053769 seconds, Stopping threads took: 0.0000214 seconds
308.689: [GC (Allocation Failure)  975070K->661451K(1029120K), 0.0081232 secs]
308.697: Total time for which application threads were stopped: 0.0083157 seconds, Stopping threads took: 0.0000192 seconds
308.766: [GC (Allocation Failure)  976843K->655374K(1031680K), 0.0050422 secs]
308.771: Total time for which application threads were stopped: 0.0052335 seconds, Stopping threads took: 0.0000280 seconds
308.837: [GC (Allocation Failure)  970766K->655214K(1032704K), 0.0048658 secs]
308.842: Total time for which application threads were stopped: 0.0050274 seconds, Stopping threads took: 0.0000174 seconds
308.906: [GC (Allocation Failure)  972142K->658574K(1032192K), 0.0059800 secs]
308.912: Total time for which application threads were stopped: 0.0061495 seconds, Stopping threads took: 0.0000185 seconds
308.979: [GC (Allocation Failure)  975502K->663376K(1033216K), 0.0048485 secs]
308.984: Total time for which application threads were stopped: 0.0049961 seconds, Stopping threads took: 0.0000196 seconds
309.053: [GC (Allocation Failure)  981328K->663216K(1032704K), 0.0047952 secs]
309.058: Total time for which application threads were stopped: 0.0049628 seconds, Stopping threads took: 0.0000164 seconds
309.126: [GC (Allocation Failure)  981168K->664232K(1033216K), 0.0051231 secs]
309.131: Total time for which application threads were stopped: 0.0052852 seconds, Stopping threads took: 0.0000201 seconds
309.198: [GC (Allocation Failure)  982696K->671242K(1033216K), 0.0048894 secs]
309.203: Total time for which application threads were stopped: 0.0050515 seconds, Stopping threads took: 0.0000203 seconds
309.270: [GC (Allocation Failure)  989706K->671242K(1033728K), 0.0050328 secs]
309.276: Total time for which application threads were stopped: 0.0052028 seconds, Stopping threads took: 0.0000192 seconds
309.344: [GC (Allocation Failure)  990218K->672938K(1033216K), 0.0051738 secs]
309.349: Total time for which application threads were stopped: 0.0053699 seconds, Stopping threads took: 0.0000208 seconds
309.418: [GC (Allocation Failure)  991914K->679340K(1033728K), 0.0050458 secs]
309.423: Total time for which application threads were stopped: 0.0052086 seconds, Stopping threads took: 0.0000208 seconds
309.490: [GC (Allocation Failure)  998828K->679244K(1033728K), 0.0079744 secs]
309.498: Total time for which application threads were stopped: 0.0081392 seconds, Stopping threads took: 0.0000199 seconds
309.565: [GC (Allocation Failure)  998732K->679596K(1033728K), 0.0053635 secs]
309.570: Total time for which application threads were stopped: 0.0055342 seconds, Stopping threads took: 0.0000202 seconds
309.637: [GC (Allocation Failure)  999084K->687343K(1033728K), 0.0050275 secs]
309.642: Total time for which application threads were stopped: 0.0051907 seconds, Stopping threads took: 0.0000200 seconds
309.709: [GC (Allocation Failure)  1006831K->687311K(1033728K), 0.0047727 secs]
309.714: Total time for which application threads were stopped: 0.0049654 seconds, Stopping threads took: 0.0000189 seconds
309.782: [GC (Allocation Failure)  1006799K->690959K(1033728K), 0.0059974 secs]
309.788: [Full GC (Ergonomics)  690959K->12090K(1033728K), 0.0179022 secs]
309.806: Total time for which application threads were stopped: 0.0241412 seconds, Stopping threads took: 0.0000196 seconds
309.874: [GC (Allocation Failure)  331578K->20732K(1034240K), 0.0037929 secs]
309.878: Total time for which application threads were stopped: 0.0039413 seconds, Stopping threads took: 0.0000167 seconds
309.945: [GC (Allocation Failure)  341244K->20692K(1034240K), 0.0037114 secs]
309.949: Total time for which application threads were stopped: 0.0040140 seconds, Stopping threads took: 0.0000190 seconds
310.015: [GC (Allocation Failure)  341204K->21436K(1034240K), 0.0041619 secs]
310.019: Total time for which application threads were stopped: 0.0043348 seconds, Stopping threads took: 0.0000190 seconds
310.089: [GC (Allocation Failure)  341948K->28766K(1034240K), 0.0038133 secs]
310.093: Total time for which application threads were stopped: 0.0039741 seconds, Stopping threads took: 0.0000198 seconds
310.161: [GC (Allocation Failure)  349278K->28734K(1034240K), 0.0037336 secs]
310.165: Total time for which application threads were stopped: 0.0038980 seconds, Stopping threads took: 0.0000204 seconds
310.232: [GC (Allocation Failure)  349246K->29702K(1034240K), 0.0039362 secs]
310.236: Total time for which application threads were stopped: 0.0041212 seconds, Stopping threads took: 0.0000196 seconds
310.304: [GC (Allocation Failure)  350214K->36745K(1034240K), 0.0038458 secs]
310.308: Total time for which application threads were stopped: 0.0040432 seconds, Stopping threads took: 0.0000214 seconds
310.376: [GC (Allocation Failure)  357257K->36777K(1034240K), 0.0036933 secs]
310.380: Total time for which application threads were stopped: 0.0038723 seconds, Stopping threads took: 0.0000194 seconds
310.448: [GC (Allocation Failure)  357289K->37921K(1034240K), 0.0046594 secs]
310.452: Total time for which application threads were stopped: 0.0048573 seconds, Stopping threads took: 0.0000264 seconds
310.524: [GC (Allocation Failure)  358433K->44867K(1034240K), 0.0039165 secs]
310.528: Total time for which application threads were stopped: 0.0041091 seconds, Stopping threads took: 0.0000194 seconds
310.597: [GC (Allocation Failure)  365379K->44771K(1034240K), 0.0040244 secs]
310.601: Total time for which application threads were stopped: 0.0041870 seconds, Stopping threads took: 0.0000196 seconds
310.668: [GC (Allocation Failure)  365283K->45131K(1020416K), 0.0039940 secs]
310.672: Total time for which application threads were stopped: 0.0041603 seconds, Stopping threads took: 0.0000191 seconds
310.740: [GC (Allocation Failure)  365643K->52941K(1033728K), 0.0039040 secs]
310.744: Total time for which application threads were stopped: 0.0040670 seconds, Stopping threads took: 0.0000198 seconds
310.810: [GC (Allocation Failure)  372429K->52845K(1033728K), 0.0065716 secs]
310.817: Total time for which application threads were stopped: 0.0067489 seconds, Stopping threads took: 0.0000224 seconds
310.884: [GC (Allocation Failure)  372333K->53381K(1033728K), 0.0039508 secs]
310.888: Total time for which application threads were stopped: 0.0041191 seconds, Stopping threads took: 0.0000196 seconds
310.955: [GC (Allocation Failure)  372869K->60935K(1033728K), 0.0039617 secs]
310.959: Total time for which application threads were stopped: 0.0041447 seconds, Stopping threads took: 0.0000218 seconds
311.026: [GC (Allocation Failure)  380423K->60871K(1033728K), 0.0038746 secs]
311.030: Total time for which application threads were stopped: 0.0040784 seconds, Stopping threads took: 0.0000217 seconds
311.098: [GC (Allocation Failure)  380359K->61607K(1033728K), 0.0039179 secs]
311.102: Total time for which application threads were stopped: 0.0041018 seconds, Stopping threads took: 0.0000170 seconds
311.171: [GC (Allocation Failure)  381095K->68938K(1033728K), 0.0036913 secs]
311.175: Total time for which application threads were stopped: 0.0038724 seconds, Stopping threads took: 0.0000165 seconds
311.243: [GC (Allocation Failure)  388426K->68906K(1033728K), 0.0039898 secs]
311.247: Total time for which application threads were stopped: 0.0041561 seconds, Stopping threads took: 0.0000197 seconds
311.313: [GC (Allocation Failure)  388394K->70882K(1033728K), 0.0043154 secs]
311.317: Total time for which application threads were stopped: 0.0044807 seconds, Stopping threads took: 0.0000192 seconds
311.387: [GC (Allocation Failure)  390370K->76900K(1033728K), 0.0039954 secs]
311.391: Total time for which application threads were stopped: 0.0041658 seconds, Stopping threads took: 0.0000280 seconds
311.460: [GC (Allocation Failure)  396388K->76932K(1033728K), 0.0038896 secs]
311.464: Total time for which application threads were stopped: 0.0040595 seconds, Stopping threads took: 0.0000200 seconds
311.531: [GC (Allocation Failure)  396420K->78084K(1033728K), 0.0042386 secs]
311.536: Total time for which application threads were stopped: 0.0044019 seconds, Stopping threads took: 0.0000206 seconds
311.603: [GC (Allocation Failure)  397572K->84966K(1033728K), 0.0040361 secs]
311.608: Total time for which application threads were stopped: 0.0042075 seconds, Stopping threads took: 0.0000200 seconds
311.675: [GC (Allocation Failure)  404454K->84966K(1033728K), 0.0038784 secs]
311.679: Total time for which application threads were stopped: 0.0040516 seconds, Stopping threads took: 0.0000201 seconds
311.745: [GC (Allocation Failure)  404454K->85278K(1033728K), 0.0040985 secs]
311.749: Total time for which application threads were stopped: 0.0042733 seconds, Stopping threads took: 0.0000266 seconds
311.817: [GC (Allocation Failure)  404766K->93024K(1033728K), 0.0037825 secs]
311.821: Total time for which application threads were stopped: 0.0039553 seconds, Stopping threads took: 0.0000196 seconds
311.888: [GC (Allocation Failure)  412512K->93024K(1033728K), 0.0038795 secs]
311.892: Total time for which application threads were stopped: 0.0040749 seconds, Stopping threads took: 0.0000283 seconds
311.961: [GC (Allocation Failure)  412512K->93512K(1033728K), 0.0040450 secs]
311.965: Total time for which application threads were stopped: 0.0042369 seconds, Stopping threads took: 0.0000245 seconds
312.034: [GC (Allocation Failure)  413000K->101035K(1033728K), 0.0039242 secs]
312.038: Total time for which application threads were stopped: 0.0040852 seconds, Stopping threads took: 0.0000202 seconds
312.105: [GC (Allocation Failure)  420523K->101035K(1033728K), 0.0039998 secs]
312.109: Total time for which application threads were stopped: 0.0041672 seconds, Stopping threads took: 0.0000196 seconds
312.176: [GC (Allocation Failure)  420523K->101771K(1033728K), 0.0042412 secs]
312.180: Total time for which application threads were stopped: 0.0044555 seconds, Stopping threads took: 0.0000201 seconds
312.249: [GC (Allocation Failure)  421259K->109069K(1033728K), 0.0040088 secs]
312.253: Total time for which application threads were stopped: 0.0041998 seconds, Stopping threads took: 0.0000197 seconds
312.322: [GC (Allocation Failure)  428557K->109101K(1033728K), 0.0040035 secs]
312.326: Total time for which application threads were stopped: 0.0041999 seconds, Stopping threads took: 0.0000197 seconds
312.394: [GC (Allocation Failure)  428589K->109997K(1033728K), 0.0042341 secs]
312.399: Total time for which application threads were stopped: 0.0044051 seconds, Stopping threads took: 0.0000283 seconds
312.466: [GC (Allocation Failure)  429485K->117135K(1033728K), 0.0038586 secs]
312.470: Total time for which application threads were stopped: 0.0040319 seconds, Stopping threads took: 0.0000206 seconds
312.538: [GC (Allocation Failure)  436623K->117103K(1033728K), 0.0040050 secs]
312.542: Total time for which application threads were stopped: 0.0041716 seconds, Stopping threads took: 0.0000190 seconds
312.609: [GC (Allocation Failure)  436591K->117223K(1033728K), 0.0039590 secs]
312.613: Total time for which application threads were stopped: 0.0041244 seconds, Stopping threads took: 0.0000198 seconds
312.683: [GC (Allocation Failure)  436711K->125130K(1027072K), 0.0038978 secs]
312.687: Total time for which application threads were stopped: 0.0040636 seconds, Stopping threads took: 0.0000207 seconds
312.754: [GC (Allocation Failure)  444618K->125130K(1033216K), 0.0041698 secs]
312.758: Total time for which application threads were stopped: 0.0043406 seconds, Stopping threads took: 0.0000201 seconds
312.825: [GC (Allocation Failure)  443594K->125450K(1033216K), 0.0041892 secs]
312.829: Total time for which application threads were stopped: 0.0043681 seconds, Stopping threads took: 0.0000203 seconds
312.897: [GC (Allocation Failure)  443914K->133164K(1033216K), 0.0046572 secs]
312.902: Total time for which application threads were stopped: 0.0048199 seconds, Stopping threads took: 0.0000203 seconds
312.967: [GC (Allocation Failure)  451628K->133164K(1033216K), 0.0041393 secs]
312.971: Total time for which application threads were stopped: 0.0043116 seconds, Stopping threads took: 0.0000209 seconds
313.037: [GC (Allocation Failure)  451628K->133676K(1033216K), 0.0043109 secs]
313.042: Total time for which application threads were stopped: 0.0044832 seconds, Stopping threads took: 0.0000201 seconds
313.107: [GC (Allocation Failure)  452140K->141198K(1033216K), 0.0055913 secs]
313.113: Total time for which application threads were stopped: 0.0057626 seconds, Stopping threads took: 0.0000204 seconds
313.181: [GC (Allocation Failure)  459662K->141230K(1033216K), 0.0038552 secs]
313.184: Total time for which application threads were stopped: 0.0040316 seconds, Stopping threads took: 0.0000251 seconds
313.249: [GC (Allocation Failure)  459694K->141390K(1033216K), 0.0040768 secs]
313.253: Total time for which application threads were stopped: 0.0042443 seconds, Stopping threads took: 0.0000206 seconds
313.318: [GC (Allocation Failure)  459854K->149232K(1033216K), 0.0039892 secs]
313.322: Total time for which application threads were stopped: 0.0041602 seconds, Stopping threads took: 0.0000198 seconds
313.388: [GC (Allocation Failure)  467696K->149232K(1033216K), 0.0039198 secs]
313.392: Total time for which application threads were stopped: 0.0040754 seconds, Stopping threads took: 0.0000261 seconds
313.458: [GC (Allocation Failure)  467696K->149392K(1033216K), 0.0064542 secs]
313.465: Total time for which application threads were stopped: 0.0066365 seconds, Stopping threads took: 0.0000214 seconds
313.533: [GC (Allocation Failure)  467856K->157267K(1033216K), 0.0040796 secs]
313.537: Total time for which application threads were stopped: 0.0042408 seconds, Stopping threads took: 0.0000196 seconds
313.605: [GC (Allocation Failure)  475731K->157267K(1033216K), 0.0040721 secs]
313.609: Total time for which application threads were stopped: 0.0042352 seconds, Stopping threads took: 0.0000191 seconds
313.674: [GC (Allocation Failure)  475731K->157339K(1033216K), 0.0043006 secs]
313.678: Total time for which application threads were stopped: 0.0044610 seconds, Stopping threads took: 0.0000202 seconds
313.746: [GC (Allocation Failure)  475803K->165309K(1033216K), 0.0041114 secs]
313.750: Total time for which application threads were stopped: 0.0042715 seconds, Stopping threads took: 0.0000190 seconds
313.816: [GC (Allocation Failure)  483773K->165277K(1033216K), 0.0040471 secs]
313.820: Total time for which application threads were stopped: 0.0042019 seconds, Stopping threads took: 0.0000185 seconds
313.886: [GC (Allocation Failure)  483741K->165597K(1033216K), 0.0042531 secs]
313.891: Total time for which application threads were stopped: 0.0044593 seconds, Stopping threads took: 0.0000259 seconds
313.957: [GC (Allocation Failure)  484061K->173343K(1033216K), 0.0040188 secs]
313.962: Total time for which application threads were stopped: 0.0041760 seconds, Stopping threads took: 0.0000166 seconds
314.029: [GC (Allocation Failure)  491807K->173343K(1033216K), 0.0039834 secs]
314.033: Total time for which application threads were stopped: 0.0041442 seconds, Stopping threads took: 0.0000199 seconds
314.098: [GC (Allocation Failure)  491807K->173599K(1033216K), 0.0041586 secs]
314.102: Total time for which application threads were stopped: 0.0043326 seconds, Stopping threads took: 0.0000191 seconds
314.167: [GC (Allocation Failure)  492063K->181409K(1033216K), 0.0040826 secs]
314.171: Total time for which application threads were stopped: 0.0042424 seconds, Stopping threads took: 0.0000200 seconds
314.236: [GC (Allocation Failure)  499873K->177503K(1033216K), 0.0030183 secs]
314.239: Total time for which application threads were stopped: 0.0031726 seconds, Stopping threads took: 0.0000187 seconds
314.308: [GC (Allocation Failure)  495967K->181537K(1034752K), 0.0042364 secs]
314.312: Total time for which application threads were stopped: 0.0043965 seconds, Stopping threads took: 0.0000186 seconds
314.380: [GC (Allocation Failure)  502049K->185473K(1033728K), 0.0046859 secs]
314.384: Total time for which application threads were stopped: 0.0048552 seconds, Stopping threads took: 0.0000196 seconds
314.452: [GC (Allocation Failure)  505985K->177695K(1034240K), 0.0008745 secs]
314.453: Total time for which application threads were stopped: 0.0009908 seconds, Stopping threads took: 0.0000184 seconds
314.524: [GC (Allocation Failure)  498207K->185577K(1034240K), 0.0041161 secs]
314.528: Total time for which application threads were stopped: 0.0042780 seconds, Stopping threads took: 0.0000197 seconds
314.595: [GC (Allocation Failure)  506089K->189657K(1033216K), 0.0056350 secs]
314.601: Total time for which application threads were stopped: 0.0057948 seconds, Stopping threads took: 0.0000196 seconds
314.668: [GC (Allocation Failure)  509145K->195351K(1032704K), 0.0065805 secs]
314.675: Total time for which application threads were stopped: 0.0067410 seconds, Stopping threads took: 0.0000191 seconds
314.742: [GC (Allocation Failure)  514839K->189913K(1031680K), 0.0040843 secs]
314.746: Total time for which application threads were stopped: 0.0042810 seconds, Stopping threads took: 0.0000203 seconds
314.814: [GC (Allocation Failure)  506329K->189657K(1032192K), 0.0040746 secs]
314.819: Total time for which application threads were stopped: 0.0042353 seconds, Stopping threads took: 0.0000191 seconds
314.883: [GC (Allocation Failure)  506073K->184311K(1032704K), 0.0018829 secs]
314.885: Total time for which application threads were stopped: 0.0020468 seconds, Stopping threads took: 0.0000252 seconds
314.951: [GC (Allocation Failure)  501751K->189817K(1032704K), 0.0040954 secs]
314.955: Total time for which application threads were stopped: 0.0042546 seconds, Stopping threads took: 0.0000194 seconds
315.022: [GC (Allocation Failure)  507257K->189689K(1033216K), 0.0042616 secs]
315.026: Total time for which application threads were stopped: 0.0044507 seconds, Stopping threads took: 0.0000195 seconds
315.092: [GC (Allocation Failure)  508153K->190497K(1033216K), 0.0043201 secs]
315.097: Total time for which application threads were stopped: 0.0044994 seconds, Stopping threads took: 0.0000164 seconds
315.163: [GC (Allocation Failure)  508961K->197732K(1033216K), 0.0041983 secs]
315.168: Total time for which application threads were stopped: 0.0043804 seconds, Stopping threads took: 0.0000171 seconds
315.235: [GC (Allocation Failure)  516196K->197700K(1033216K), 0.0041072 secs]
315.239: Total time for which application threads were stopped: 0.0042854 seconds, Stopping threads took: 0.0000280 seconds
315.304: [GC (Allocation Failure)  516164K->198756K(1032704K), 0.0043610 secs]
315.309: Total time for which application threads were stopped: 0.0045231 seconds, Stopping threads took: 0.0000199 seconds
315.376: [GC (Allocation Failure)  517220K->205830K(1033216K), 0.0045728 secs]
315.381: Total time for which application threads were stopped: 0.0047428 seconds, Stopping threads took: 0.0000206 seconds
315.448: [GC (Allocation Failure)  524294K->205734K(1033728K), 0.0041720 secs]
315.452: Total time for which application threads were stopped: 0.0043384 seconds, Stopping threads took: 0.0000200 seconds
315.519: [GC (Allocation Failure)  525222K->208006K(1033728K), 0.0046027 secs]
315.524: Total time for which application threads were stopped: 0.0047979 seconds, Stopping threads took: 0.0000192 seconds
315.593: [GC (Allocation Failure)  527494K->213800K(1033728K), 0.0039761 secs]
315.597: Total time for which application threads were stopped: 0.0041439 seconds, Stopping threads took: 0.0000193 seconds
315.663: [GC (Allocation Failure)  533288K->213768K(1033728K), 0.0042238 secs]
315.667: Total time for which application threads were stopped: 0.0043910 seconds, Stopping threads took: 0.0000197 seconds
315.733: [GC (Allocation Failure)  533256K->215240K(1033216K), 0.0042848 secs]
315.738: Total time for which application threads were stopped: 0.0044445 seconds, Stopping threads took: 0.0000202 seconds
315.805: [GC (Allocation Failure)  534728K->221802K(1033728K), 0.0043072 secs]
315.810: Total time for which application threads were stopped: 0.0044658 seconds, Stopping threads took: 0.0000198 seconds
315.876: [GC (Allocation Failure)  541290K->221834K(1034240K), 0.0044129 secs]
315.881: Total time for which application threads were stopped: 0.0046035 seconds, Stopping threads took: 0.0000195 seconds
315.948: [GC (Allocation Failure)  542346K->223466K(1034240K), 0.0045831 secs]
315.953: Total time for which application threads were stopped: 0.0047653 seconds, Stopping threads took: 0.0000168 seconds
316.023: [GC (Allocation Failure)  543978K->229869K(1034240K), 0.0042414 secs]
316.027: Total time for which application threads were stopped: 0.0044126 seconds, Stopping threads took: 0.0000208 seconds
316.095: [GC (Allocation Failure)  550381K->229805K(1034240K), 0.0041318 secs]
316.099: Total time for which application threads were stopped: 0.0042929 seconds, Stopping threads took: 0.0000196 seconds
316.167: [GC (Allocation Failure)  550317K->229893K(1033216K), 0.0044477 secs]
316.171: Total time for which application threads were stopped: 0.0046184 seconds, Stopping threads took: 0.0000192 seconds
316.239: [GC (Allocation Failure)  549381K->237959K(1033728K), 0.0041386 secs]
316.243: Total time for which application threads were stopped: 0.0043022 seconds, Stopping threads took: 0.0000201 seconds
316.310: [GC (Allocation Failure)  557447K->237831K(1033728K), 0.0047908 secs]
316.315: Total time for which application threads were stopped: 0.0049653 seconds, Stopping threads took: 0.0000199 seconds
316.382: [GC (Allocation Failure)  557319K->238919K(1033728K), 0.0043816 secs]
316.387: Total time for which application threads were stopped: 0.0046162 seconds, Stopping threads took: 0.0000270 seconds
316.455: [GC (Allocation Failure)  558407K->245961K(1033728K), 0.0042214 secs]
316.460: Total time for which application threads were stopped: 0.0043937 seconds, Stopping threads took: 0.0000201 seconds
316.530: [GC (Allocation Failure)  565449K->245897K(1033728K), 0.0043436 secs]
316.534: Total time for which application threads were stopped: 0.0045215 seconds, Stopping threads took: 0.0000194 seconds
316.602: [GC (Allocation Failure)  565385K->246121K(1033728K), 0.0044360 secs]
316.607: Total time for which application threads were stopped: 0.0046162 seconds, Stopping threads took: 0.0000199 seconds
316.674: [GC (Allocation Failure)  565609K->253996K(1033728K), 0.0043822 secs]
316.678: Total time for which application threads were stopped: 0.0045480 seconds, Stopping threads took: 0.0000201 seconds
316.746: [GC (Allocation Failure)  573484K->253932K(1033728K), 0.0042341 secs]
316.751: Total time for which application threads were stopped: 0.0044154 seconds, Stopping threads took: 0.0000204 seconds
316.818: [GC (Allocation Failure)  573420K->255364K(1033728K), 0.0044663 secs]
316.823: Total time for which application threads were stopped: 0.0046316 seconds, Stopping threads took: 0.0000210 seconds
316.891: [GC (Allocation Failure)  574852K->261958K(1033728K), 0.0043301 secs]
316.896: Total time for which application threads were stopped: 0.0045052 seconds, Stopping threads took: 0.0000258 seconds
316.963: [GC (Allocation Failure)  581446K->261958K(1033728K), 0.0043491 secs]
316.967: Total time for which application threads were stopped: 0.0045308 seconds, Stopping threads took: 0.0000216 seconds
317.033: [GC (Allocation Failure)  581446K->262606K(1033728K), 0.0045727 secs]
317.038: Total time for which application threads were stopped: 0.0047342 seconds, Stopping threads took: 0.0000222 seconds
317.106: [GC (Allocation Failure)  582094K->269968K(1033728K), 0.0039991 secs]
317.110: Total time for which application threads were stopped: 0.0041441 seconds, Stopping threads took: 0.0000175 seconds
317.176: [GC (Allocation Failure)  589456K->270000K(1033728K), 0.0041772 secs]
317.180: Total time for which application threads were stopped: 0.0043443 seconds, Stopping threads took: 0.0000192 seconds
317.244: [GC (Allocation Failure)  589488K->270056K(1033728K), 0.0042927 secs]
317.248: Total time for which application threads were stopped: 0.0044364 seconds, Stopping threads took: 0.0000195 seconds
317.311: [GC (Allocation Failure)  589544K->278026K(1033728K), 0.0041985 secs]
317.316: Total time for which application threads were stopped: 0.0043333 seconds, Stopping threads took: 0.0000189 seconds
317.381: [GC (Allocation Failure)  597514K->278026K(1033728K), 0.0042814 secs]
317.385: Total time for which application threads were stopped: 0.0044172 seconds, Stopping threads took: 0.0000187 seconds
317.448: [GC (Allocation Failure)  597514K->279050K(1033728K), 0.0044557 secs]
317.453: Total time for which application threads were stopped: 0.0046053 seconds, Stopping threads took: 0.0000199 seconds
317.520: [GC (Allocation Failure)  598538K->286125K(1033728K), 0.0044123 secs]
317.525: Total time for which application threads were stopped: 0.0045933 seconds, Stopping threads took: 0.0000169 seconds
317.591: [GC (Allocation Failure)  605613K->286061K(1033728K), 0.0043596 secs]
317.595: Total time for which application threads were stopped: 0.0045304 seconds, Stopping threads took: 0.0000197 seconds
317.662: [GC (Allocation Failure)  605549K->286181K(1033728K), 0.0043351 secs]
317.666: Total time for which application threads were stopped: 0.0044796 seconds, Stopping threads took: 0.0000172 seconds
317.733: [GC (Allocation Failure)  605669K->294087K(1032704K), 0.0042632 secs]
317.737: Total time for which application threads were stopped: 0.0044191 seconds, Stopping threads took: 0.0000168 seconds
317.802: [GC (Allocation Failure)  612551K->294055K(1033216K), 0.0044427 secs]
317.807: Total time for which application threads were stopped: 0.0046172 seconds, Stopping threads took: 0.0000203 seconds
317.873: [GC (Allocation Failure)  612519K->294407K(1033216K), 0.0044655 secs]
317.877: Total time for which application threads were stopped: 0.0046275 seconds, Stopping threads took: 0.0000255 seconds
317.944: [GC (Allocation Failure)  612871K->302153K(1033216K), 0.0044209 secs]
317.949: Total time for which application threads were stopped: 0.0045791 seconds, Stopping threads took: 0.0000201 seconds
318.015: [GC (Allocation Failure)  620617K->302121K(1033216K), 0.0044949 secs]
318.019: Total time for which application threads were stopped: 0.0046889 seconds, Stopping threads took: 0.0000195 seconds
318.088: [GC (Allocation Failure)  620585K->302625K(1033216K), 0.0057398 secs]
318.093: Total time for which application threads were stopped: 0.0058857 seconds, Stopping threads took: 0.0000178 seconds
318.161: [GC (Allocation Failure)  621089K->310179K(1033216K), 0.0043023 secs]
318.165: Total time for which application threads were stopped: 0.0044898 seconds, Stopping threads took: 0.0000200 seconds
318.230: [GC (Allocation Failure)  628643K->310147K(1033216K), 0.0041643 secs]
318.234: Total time for which application threads were stopped: 0.0043130 seconds, Stopping threads took: 0.0000192 seconds
318.297: [GC (Allocation Failure)  628611K->310859K(1033216K), 0.0046084 secs]
318.302: Total time for which application threads were stopped: 0.0047583 seconds, Stopping threads took: 0.0000302 seconds
318.366: [GC (Allocation Failure)  629323K->318222K(1033216K), 0.0041699 secs]
318.370: Total time for which application threads were stopped: 0.0043062 seconds, Stopping threads took: 0.0000187 seconds
318.433: [GC (Allocation Failure)  636686K->318222K(1033216K), 0.0042886 secs]
318.437: Total time for which application threads were stopped: 0.0044435 seconds, Stopping threads took: 0.0000192 seconds
318.501: [GC (Allocation Failure)  636686K->318310K(1033216K), 0.0051168 secs]
318.506: Total time for which application threads were stopped: 0.0052591 seconds, Stopping threads took: 0.0000238 seconds
318.573: [GC (Allocation Failure)  636774K->326248K(1033216K), 0.0042179 secs]
318.577: Total time for which application threads were stopped: 0.0043723 seconds, Stopping threads took: 0.0000193 seconds
318.645: [GC (Allocation Failure)  644712K->326184K(1033216K), 0.0045191 secs]
318.650: Total time for which application threads were stopped: 0.0046829 seconds, Stopping threads took: 0.0000195 seconds
318.714: [GC (Allocation Failure)  644648K->326280K(1033216K), 0.0042836 secs]
318.718: Total time for which application threads were stopped: 0.0044403 seconds, Stopping threads took: 0.0000202 seconds
318.785: [GC (Allocation Failure)  644744K->334282K(1033216K), 0.0044072 secs]
318.789: Total time for which application threads were stopped: 0.0045610 seconds, Stopping threads took: 0.0000201 seconds
318.854: [GC (Allocation Failure)  652746K->334282K(1033216K), 0.0044127 secs]
318.859: Total time for which application threads were stopped: 0.0045639 seconds, Stopping threads took: 0.0000193 seconds
318.925: [GC (Allocation Failure)  652746K->334570K(1033216K), 0.0045591 secs]
318.929: Total time for which application threads were stopped: 0.0047285 seconds, Stopping threads took: 0.0000277 seconds
318.994: [GC (Allocation Failure)  653034K->342316K(1033216K), 0.0045678 secs]
318.999: Total time for which application threads were stopped: 0.0047318 seconds, Stopping threads took: 0.0000191 seconds
319.064: [GC (Allocation Failure)  660780K->342316K(1033216K), 0.0045667 secs]
319.069: Total time for which application threads were stopped: 0.0047843 seconds, Stopping threads took: 0.0000442 seconds
319.132: [GC (Allocation Failure)  660780K->342796K(1033216K), 0.0047258 secs]
319.137: Total time for which application threads were stopped: 0.0048908 seconds, Stopping threads took: 0.0000196 seconds
319.206: [GC (Allocation Failure)  661260K->350319K(1033216K), 0.0044000 secs]
319.210: Total time for which application threads were stopped: 0.0045550 seconds, Stopping threads took: 0.0000170 seconds
319.275: [GC (Allocation Failure)  668783K->350319K(1033216K), 0.0046798 secs]
319.280: Total time for which application threads were stopped: 0.0048503 seconds, Stopping threads took: 0.0000193 seconds
319.344: [GC (Allocation Failure)  668783K->350511K(1033216K), 0.0045396 secs]
319.348: Total time for which application threads were stopped: 0.0047045 seconds, Stopping threads took: 0.0000201 seconds
319.415: [GC (Allocation Failure)  668975K->358353K(1033216K), 0.0043270 secs]
319.419: Total time for which application threads were stopped: 0.0045162 seconds, Stopping threads took: 0.0000261 seconds
319.488: [GC (Allocation Failure)  676817K->358353K(1033216K), 0.0093200 secs]
319.497: Total time for which application threads were stopped: 0.0094881 seconds, Stopping threads took: 0.0000198 seconds
319.562: [GC (Allocation Failure)  676817K->358513K(1033216K), 0.0044678 secs]
319.567: Total time for which application threads were stopped: 0.0046504 seconds, Stopping threads took: 0.0000172 seconds
319.634: [GC (Allocation Failure)  676977K->366387K(1033216K), 0.0044782 secs]
319.638: Total time for which application threads were stopped: 0.0046378 seconds, Stopping threads took: 0.0000259 seconds
319.703: [GC (Allocation Failure)  684851K->358833K(1033216K), 0.0014215 secs]
319.705: Total time for which application threads were stopped: 0.0015734 seconds, Stopping threads took: 0.0000197 seconds
319.774: [GC (Allocation Failure)  677297K->366475K(1033216K), 0.0046036 secs]
319.779: Total time for which application threads were stopped: 0.0047828 seconds, Stopping threads took: 0.0000200 seconds
319.846: [GC (Allocation Failure)  684939K->370523K(1033216K), 0.0058595 secs]
319.852: Total time for which application threads were stopped: 0.0060539 seconds, Stopping threads took: 0.0000211 seconds
319.917: [GC (Allocation Failure)  688987K->371385K(1027072K), 0.0048592 secs]
319.922: Total time for which application threads were stopped: 0.0050567 seconds, Stopping threads took: 0.0000257 seconds
319.992: [GC (Allocation Failure)  689849K->370747K(1032704K), 0.0045568 secs]
319.997: Total time for which application threads were stopped: 0.0047276 seconds, Stopping threads took: 0.0000198 seconds
320.064: [GC (Allocation Failure)  688187K->370555K(1032704K), 0.0044407 secs]
320.068: Total time for which application threads were stopped: 0.0046356 seconds, Stopping threads took: 0.0000199 seconds
320.135: [GC (Allocation Failure)  687995K->373467K(1033216K), 0.0050643 secs]
320.140: Total time for which application threads were stopped: 0.0052503 seconds, Stopping threads took: 0.0000199 seconds
320.209: [GC (Allocation Failure)  691931K->378590K(1033216K), 0.0045366 secs]
320.213: Total time for which application threads were stopped: 0.0046932 seconds, Stopping threads took: 0.0000173 seconds
320.279: [GC (Allocation Failure)  697054K->378558K(1033728K), 0.0044059 secs]
320.283: Total time for which application threads were stopped: 0.0045727 seconds, Stopping threads took: 0.0000199 seconds
320.350: [GC (Allocation Failure)  698046K->378630K(1033728K), 0.0045082 secs]
320.354: Total time for which application threads were stopped: 0.0046815 seconds, Stopping threads took: 0.0000196 seconds
320.423: [GC (Allocation Failure)  698118K->386728K(1033728K), 0.0045938 secs]
320.428: Total time for which application threads were stopped: 0.0047730 seconds, Stopping threads took: 0.0000283 seconds
320.494: [GC (Allocation Failure)  706216K->386632K(1033728K), 0.0047913 secs]
320.499: Total time for which application threads were stopped: 0.0049520 seconds, Stopping threads took: 0.0000247 seconds
320.565: [GC (Allocation Failure)  706120K->389928K(1033728K), 0.0050882 secs]
320.571: Total time for which application threads were stopped: 0.0052821 seconds, Stopping threads took: 0.0000198 seconds
320.638: [GC (Allocation Failure)  709416K->394730K(1033728K), 0.0053212 secs]
320.644: Total time for which application threads were stopped: 0.0055001 seconds, Stopping threads took: 0.0000202 seconds
320.712: [GC (Allocation Failure)  714218K->394634K(1034240K), 0.0046013 secs]
320.716: Total time for which application threads were stopped: 0.0047704 seconds, Stopping threads took: 0.0000219 seconds
320.785: [GC (Allocation Failure)  714634K->397674K(1033728K), 0.0054163 secs]
320.790: Total time for which application threads were stopped: 0.0055929 seconds, Stopping threads took: 0.0000215 seconds
320.858: [GC (Allocation Failure)  717674K->402700K(1034240K), 0.0044470 secs]
320.863: Total time for which application threads were stopped: 0.0046109 seconds, Stopping threads took: 0.0000203 seconds
320.929: [GC (Allocation Failure)  723212K->402668K(1034240K), 0.0044501 secs]
320.934: Total time for which application threads were stopped: 0.0046344 seconds, Stopping threads took: 0.0000259 seconds
320.999: [GC (Allocation Failure)  723180K->403332K(1034240K), 0.0047599 secs]
321.004: Total time for which application threads were stopped: 0.0049057 seconds, Stopping threads took: 0.0000199 seconds
321.071: [GC (Allocation Failure)  723844K->410695K(1034240K), 0.0045348 secs]
321.076: Total time for which application threads were stopped: 0.0046958 seconds, Stopping threads took: 0.0000191 seconds
321.142: [GC (Allocation Failure)  731207K->410727K(1034240K), 0.0043605 secs]
321.146: Total time for which application threads were stopped: 0.0045197 seconds, Stopping threads took: 0.0000196 seconds
321.211: [GC (Allocation Failure)  731239K->413639K(1034240K), 0.0052554 secs]
321.216: Total time for which application threads were stopped: 0.0054215 seconds, Stopping threads took: 0.0000196 seconds
321.284: [GC (Allocation Failure)  734151K->418793K(1034240K), 0.0046326 secs]
321.289: Total time for which application threads were stopped: 0.0048256 seconds, Stopping threads took: 0.0000202 seconds
321.357: [GC (Allocation Failure)  739305K->418729K(1034240K), 0.0044665 secs]
321.362: Total time for which application threads were stopped: 0.0046249 seconds, Stopping threads took: 0.0000199 seconds
321.429: [GC (Allocation Failure)  739241K->419849K(1033728K), 0.0045496 secs]
321.433: Total time for which application threads were stopped: 0.0047044 seconds, Stopping threads took: 0.0000193 seconds
321.502: [GC (Allocation Failure)  740361K->426859K(1034240K), 0.0056110 secs]
321.508: Total time for which application threads were stopped: 0.0058098 seconds, Stopping threads took: 0.0000267 seconds
321.577: [GC (Allocation Failure)  747371K->426795K(1034240K), 0.0045752 secs]
321.581: Total time for which application threads were stopped: 0.0047389 seconds, Stopping threads took: 0.0000192 seconds
321.649: [GC (Allocation Failure)  747307K->430115K(1034240K), 0.0054549 secs]
321.654: Total time for which application threads were stopped: 0.0056177 seconds, Stopping threads took: 0.0000193 seconds
321.723: [GC (Allocation Failure)  750627K->434789K(1034752K), 0.0052255 secs]
321.728: Total time for which application threads were stopped: 0.0053861 seconds, Stopping threads took: 0.0000195 seconds
321.796: [GC (Allocation Failure)  756325K->434821K(1034752K), 0.0044581 secs]
321.801: Total time for which application threads were stopped: 0.0046224 seconds, Stopping threads took: 0.0000200 seconds
321.867: [GC (Allocation Failure)  756357K->438341K(1034752K), 0.0055877 secs]
321.872: Total time for which application threads were stopped: 0.0057609 seconds, Stopping threads took: 0.0000198 seconds
321.940: [GC (Allocation Failure)  759877K->442856K(1034752K), 0.0046122 secs]
321.944: Total time for which application threads were stopped: 0.0047847 seconds, Stopping threads took: 0.0000195 seconds
322.012: [GC (Allocation Failure)  764392K->442792K(1034752K), 0.0048701 secs]
322.017: Total time for which application threads were stopped: 0.0050410 seconds, Stopping threads took: 0.0000203 seconds
322.082: [GC (Allocation Failure)  764328K->443496K(1034752K), 0.0047473 secs]
322.087: Total time for which application threads were stopped: 0.0049083 seconds, Stopping threads took: 0.0000194 seconds
322.155: [GC (Allocation Failure)  765032K->450890K(1034752K), 0.0048222 secs]
322.160: Total time for which application threads were stopped: 0.0049828 seconds, Stopping threads took: 0.0000196 seconds
322.227: [GC (Allocation Failure)  772426K->450890K(1034752K), 0.0046243 secs]
322.231: Total time for which application threads were stopped: 0.0047853 seconds, Stopping threads took: 0.0000198 seconds
322.296: [GC (Allocation Failure)  772426K->452778K(1034752K), 0.0050554 secs]
322.302: Total time for which application threads were stopped: 0.0052519 seconds, Stopping threads took: 0.0000194 seconds
322.370: [GC (Allocation Failure)  774314K->458924K(1034752K), 0.0048274 secs]
322.375: Total time for which application threads were stopped: 0.0049980 seconds, Stopping threads took: 0.0000204 seconds
322.442: [GC (Allocation Failure)  780460K->458924K(1034752K), 0.0047148 secs]
322.447: Total time for which application threads were stopped: 0.0048809 seconds, Stopping threads took: 0.0000263 seconds
322.513: [GC (Allocation Failure)  780460K->462020K(1034752K), 0.0066171 secs]
322.520: Total time for which application threads were stopped: 0.0067836 seconds, Stopping threads took: 0.0000178 seconds
322.589: [GC (Allocation Failure)  783556K->467014K(1034752K), 0.0046368 secs]
322.594: Total time for which application threads were stopped: 0.0047994 seconds, Stopping threads took: 0.0000196 seconds
322.660: [GC (Allocation Failure)  788550K->466886K(1034752K), 0.0046076 secs]
322.665: Total time for which application threads were stopped: 0.0047993 seconds, Stopping threads took: 0.0000199 seconds
322.731: [GC (Allocation Failure)  788422K->467174K(1034752K), 0.0049558 secs]
322.736: Total time for which application threads were stopped: 0.0051283 seconds, Stopping threads took: 0.0000192 seconds
322.802: [GC (Allocation Failure)  788710K->474953K(1029120K), 0.0045752 secs]
322.807: Total time for which application threads were stopped: 0.0047551 seconds, Stopping threads took: 0.0000193 seconds
322.873: [GC (Allocation Failure)  796489K->474953K(1034752K), 0.0047219 secs]
322.878: Total time for which application threads were stopped: 0.0048864 seconds, Stopping threads took: 0.0000204 seconds
322.945: [GC (Allocation Failure)  795977K->475913K(1034240K), 0.0048723 secs]
322.950: Total time for which application threads were stopped: 0.0050368 seconds, Stopping threads took: 0.0000200 seconds
323.018: [GC (Allocation Failure)  796937K->482987K(1034240K), 0.0046057 secs]
323.023: Total time for which application threads were stopped: 0.0047778 seconds, Stopping threads took: 0.0000198 seconds
323.089: [GC (Allocation Failure)  803499K->483019K(1034240K), 0.0045300 secs]
323.094: Total time for which application threads were stopped: 0.0047003 seconds, Stopping threads took: 0.0000208 seconds
323.160: [GC (Allocation Failure)  803531K->486731K(1034752K), 0.0058468 secs]
323.165: Total time for which application threads were stopped: 0.0060028 seconds, Stopping threads took: 0.0000202 seconds
323.235: [GC (Allocation Failure)  807755K->491085K(1034240K), 0.0045274 secs]
323.240: Total time for which application threads were stopped: 0.0046895 seconds, Stopping threads took: 0.0000196 seconds
323.310: [GC (Allocation Failure)  812109K->491021K(1034752K), 0.0047946 secs]
323.314: Total time for which application threads were stopped: 0.0049630 seconds, Stopping threads took: 0.0000208 seconds
323.381: [GC (Allocation Failure)  812557K->494917K(1034752K), 0.0057777 secs]
323.387: Total time for which application threads were stopped: 0.0059506 seconds, Stopping threads took: 0.0000186 seconds
323.457: [GC (Allocation Failure)  816453K->499208K(1034240K), 0.0046280 secs]
323.462: Total time for which application threads were stopped: 0.0047810 seconds, Stopping threads took: 0.0000169 seconds
323.531: [GC (Allocation Failure)  820744K->499048K(1034752K), 0.0049535 secs]
323.536: Total time for which application threads were stopped: 0.0051252 seconds, Stopping threads took: 0.0000195 seconds
323.603: [GC (Allocation Failure)  820584K->500104K(1034752K), 0.0046900 secs]
323.607: Total time for which application threads were stopped: 0.0048620 seconds, Stopping threads took: 0.0000197 seconds
323.674: [GC (Allocation Failure)  821640K->507146K(1034752K), 0.0046078 secs]
323.678: Total time for which application threads were stopped: 0.0047813 seconds, Stopping threads took: 0.0000202 seconds
323.744: [GC (Allocation Failure)  828682K->507082K(1034752K), 0.0046339 secs]
323.749: Total time for which application threads were stopped: 0.0048271 seconds, Stopping threads took: 0.0000200 seconds
323.816: [GC (Allocation Failure)  828618K->509386K(1034752K), 0.0052453 secs]
323.821: Total time for which application threads were stopped: 0.0054241 seconds, Stopping threads took: 0.0000171 seconds
323.888: [GC (Allocation Failure)  830922K->515116K(1034752K), 0.0047052 secs]
323.892: Total time for which application threads were stopped: 0.0048905 seconds, Stopping threads took: 0.0000189 seconds
323.958: [GC (Allocation Failure)  836652K->515116K(1034752K), 0.0046459 secs]
323.963: Total time for which application threads were stopped: 0.0048130 seconds, Stopping threads took: 0.0000196 seconds
324.027: [GC (Allocation Failure)  836652K->518628K(1035264K), 0.0056649 secs]
324.032: Total time for which application threads were stopped: 0.0058013 seconds, Stopping threads took: 0.0000164 seconds
324.098: [GC (Allocation Failure)  840676K->523142K(1034752K), 0.0046213 secs]
324.103: Total time for which application threads were stopped: 0.0047499 seconds, Stopping threads took: 0.0000201 seconds
324.168: [GC (Allocation Failure)  845190K->523142K(1035264K), 0.0044608 secs]
324.173: Total time for which application threads were stopped: 0.0045954 seconds, Stopping threads took: 0.0000201 seconds
324.237: [GC (Allocation Failure)  845702K->525830K(1035264K), 0.0052684 secs]
324.243: Total time for which application threads were stopped: 0.0053978 seconds, Stopping threads took: 0.0000173 seconds
324.306: [GC (Allocation Failure)  848390K->531209K(1035264K), 0.0048279 secs]
324.311: Total time for which application threads were stopped: 0.0049838 seconds, Stopping threads took: 0.0000199 seconds
324.379: [GC (Allocation Failure)  853769K->531177K(1035264K), 0.0044461 secs]
324.384: Total time for which application threads were stopped: 0.0046217 seconds, Stopping threads took: 0.0000171 seconds
324.451: [GC (Allocation Failure)  853737K->534057K(1035264K), 0.0051952 secs]
324.456: Total time for which application threads were stopped: 0.0053394 seconds, Stopping threads took: 0.0000176 seconds
324.526: [GC (Allocation Failure)  856617K->539339K(1035264K), 0.0048693 secs]
324.531: Total time for which application threads were stopped: 0.0050523 seconds, Stopping threads took: 0.0000169 seconds
324.601: [GC (Allocation Failure)  861899K->539243K(1035264K), 0.0048022 secs]
324.605: Total time for which application threads were stopped: 0.0049695 seconds, Stopping threads took: 0.0000278 seconds
324.672: [GC (Allocation Failure)  861803K->542307K(1035264K), 0.0054000 secs]
324.677: Total time for which application threads were stopped: 0.0055700 seconds, Stopping threads took: 0.0000192 seconds
324.745: [GC (Allocation Failure)  864867K->547301K(1035264K), 0.0047862 secs]
324.750: Total time for which application threads were stopped: 0.0049541 seconds, Stopping threads took: 0.0000194 seconds
324.818: [GC (Allocation Failure)  869861K->547237K(1035264K), 0.0047555 secs]
324.822: Total time for which application threads were stopped: 0.0049239 seconds, Stopping threads took: 0.0000196 seconds
324.890: [GC (Allocation Failure)  869797K->550533K(1035264K), 0.0057590 secs]
324.896: Total time for which application threads were stopped: 0.0059349 seconds, Stopping threads took: 0.0000275 seconds
324.963: [GC (Allocation Failure)  873093K->555271K(1035264K), 0.0049810 secs]
324.968: Total time for which application threads were stopped: 0.0051647 seconds, Stopping threads took: 0.0000217 seconds
325.036: [GC (Allocation Failure)  877831K->555303K(1035264K), 0.0047773 secs]
325.041: Total time for which application threads were stopped: 0.0049823 seconds, Stopping threads took: 0.0000205 seconds
325.108: [GC (Allocation Failure)  877863K->550725K(1035264K), 0.0032317 secs]
325.111: Total time for which application threads were stopped: 0.0033999 seconds, Stopping threads took: 0.0000191 seconds
325.179: [GC (Allocation Failure)  873285K->555495K(1035264K), 0.0047101 secs]
325.184: Total time for which application threads were stopped: 0.0048861 seconds, Stopping threads took: 0.0000258 seconds
325.254: [GC (Allocation Failure)  878055K->555271K(1035264K), 0.0048045 secs]
325.259: Total time for which application threads were stopped: 0.0049667 seconds, Stopping threads took: 0.0000201 seconds
325.325: [GC (Allocation Failure)  877831K->555013K(1035776K), 0.0047319 secs]
325.330: Total time for which application threads were stopped: 0.0049014 seconds, Stopping threads took: 0.0000198 seconds
325.399: [GC (Allocation Failure)  878085K->555463K(1035264K), 0.0045692 secs]
325.403: Total time for which application threads were stopped: 0.0047266 seconds, Stopping threads took: 0.0000191 seconds
325.472: [GC (Allocation Failure)  878535K->555271K(1035776K), 0.0049126 secs]
325.477: Total time for which application threads were stopped: 0.0050811 seconds, Stopping threads took: 0.0000260 seconds
325.546: [GC (Allocation Failure)  878855K->561325K(1035776K), 0.0076459 secs]
325.554: Total time for which application threads were stopped: 0.0078159 seconds, Stopping threads took: 0.0000194 seconds
325.623: [GC (Allocation Failure)  884909K->556623K(1032704K), 0.0050110 secs]
325.628: Total time for which application threads were stopped: 0.0051981 seconds, Stopping threads took: 0.0000205 seconds
325.697: [GC (Allocation Failure)  877135K->556591K(1034240K), 0.0046012 secs]
325.702: Total time for which application threads were stopped: 0.0047766 seconds, Stopping threads took: 0.0000195 seconds
325.770: [GC (Allocation Failure)  877103K->563797K(1030656K), 0.0083089 secs]
325.778: Total time for which application threads were stopped: 0.0084619 seconds, Stopping threads took: 0.0000187 seconds
325.845: [GC (Allocation Failure)  881237K->558263K(1032704K), 0.0048894 secs]
325.850: Total time for which application threads were stopped: 0.0050569 seconds, Stopping threads took: 0.0000192 seconds
325.919: [GC (Allocation Failure)  875703K->558071K(1033728K), 0.0047348 secs]
325.924: Total time for which application threads were stopped: 0.0049053 seconds, Stopping threads took: 0.0000277 seconds
325.990: [GC (Allocation Failure)  877047K->555765K(1033216K), 0.0039480 secs]
325.994: Total time for which application threads were stopped: 0.0041292 seconds, Stopping threads took: 0.0000262 seconds
326.063: [GC (Allocation Failure)  874741K->558231K(1034752K), 0.0046656 secs]
326.068: Total time for which application threads were stopped: 0.0048175 seconds, Stopping threads took: 0.0000167 seconds
