Java HotSpot(TM) 64-Bit Server VM (25.171-b11) for linux-amd64 JRE (1.8.0_171-b11), built on Mar 28 2018 17:07:08 by "java_re" with gcc 4.3.0 20080428 (Red Hat 4.3.0-8)
Memory: 4k page, physical 32883000k(29361932k free), swap 8000508k(8000508k free)
CommandLine flags: -XX:InitialHeapSize=1073741824 -XX:MaxHeapSize=1073741824 -XX:+PrintGC -XX:+PrintGCApplicationStoppedTime -XX:+PrintGCTimeStamps -XX:+UseCompressedClassPointers -XX:+UseCompressedOops -XX:+UseParallelGC 
0.282: [GC (Allocation Failure)  262144K->10348K(1005056K), 0.0052176 secs]
0.287: Total time for which application threads were stopped: 0.0054422 seconds, Stopping threads took: 0.0000170 seconds
0.351: [GC (Allocation Failure)  272492K->8658K(1005056K), 0.0037019 secs]
0.355: Total time for which application threads were stopped: 0.0039006 seconds, Stopping threads took: 0.0000167 seconds
0.411: [GC (Allocation Failure)  270802K->8594K(1005056K), 0.0028017 secs]
0.414: Total time for which application threads were stopped: 0.0029536 seconds, Stopping threads took: 0.0000168 seconds
0.470: [GC (Allocation Failure)  270738K->8530K(1005056K), 0.0035545 secs]
0.474: Total time for which application threads were stopped: 0.0037249 seconds, Stopping threads took: 0.0000299 seconds
0.530: [GC (Allocation Failure)  270674K->8690K(1005056K), 0.0034773 secs]
0.533: Total time for which application threads were stopped: 0.0036420 seconds, Stopping threads took: 0.0000191 seconds
0.589: [GC (Allocation Failure)  270834K->8562K(1038336K), 0.0044529 secs]
0.593: Total time for which application threads were stopped: 0.0046294 seconds, Stopping threads took: 0.0000200 seconds
0.671: [GC (Allocation Failure)  336754K->8584K(1037824K), 0.0038551 secs]
0.675: Total time for which application threads were stopped: 0.0040329 seconds, Stopping threads took: 0.0000268 seconds
0.745: [GC (Allocation Failure)  336776K->8680K(1038336K), 0.0038330 secs]
0.749: Total time for which application threads were stopped: 0.0039990 seconds, Stopping threads took: 0.0000255 seconds
0.818: [GC (Allocation Failure)  337384K->8584K(1038336K), 0.0036025 secs]
0.822: Total time for which application threads were stopped: 0.0037528 seconds, Stopping threads took: 0.0000194 seconds
0.890: [GC (Allocation Failure)  337288K->10312K(1037312K), 0.0032848 secs]
0.893: Total time for which application threads were stopped: 0.0034765 seconds, Stopping threads took: 0.0000193 seconds
0.964: [GC (Allocation Failure)  337992K->8616K(1037824K), 0.0034206 secs]
0.968: Total time for which application threads were stopped: 0.0035686 seconds, Stopping threads took: 0.0000171 seconds
1.035: [GC (Allocation Failure)  336296K->8584K(1037824K), 0.0037405 secs]
1.039: Total time for which application threads were stopped: 0.0038981 seconds, Stopping threads took: 0.0000192 seconds
1.107: [GC (Allocation Failure)  336264K->9544K(1028096K), 0.0043201 secs]
1.112: Total time for which application threads were stopped: 0.0044993 seconds, Stopping threads took: 0.0000213 seconds
1.180: [GC (Allocation Failure)  337224K->16842K(1037312K), 0.0038581 secs]
1.184: Total time for which application threads were stopped: 0.0040220 seconds, Stopping threads took: 0.0000198 seconds
1.253: [GC (Allocation Failure)  342986K->16618K(1036800K), 0.0036288 secs]
1.257: Total time for which application threads were stopped: 0.0038016 seconds, Stopping threads took: 0.0000260 seconds
1.325: [GC (Allocation Failure)  342762K->21960K(1034240K), 0.0083997 secs]
1.333: Total time for which application threads were stopped: 0.0086066 seconds, Stopping threads took: 0.0000276 seconds
1.401: [GC (Allocation Failure)  345544K->18954K(1035776K), 0.0038782 secs]
1.405: Total time for which application threads were stopped: 0.0040418 seconds, Stopping threads took: 0.0000198 seconds
1.474: [GC (Allocation Failure)  342538K->18794K(1036288K), 0.0038918 secs]
1.478: Total time for which application threads were stopped: 0.0040439 seconds, Stopping threads took: 0.0000188 seconds
1.544: [GC (Allocation Failure)  343399K->14888K(1028608K), 0.0024651 secs]
1.546: Total time for which application threads were stopped: 0.0026379 seconds, Stopping threads took: 0.0000186 seconds
1.614: [GC (Allocation Failure)  339496K->18922K(1035776K), 0.0039761 secs]
1.618: Total time for which application threads were stopped: 0.0041336 seconds, Stopping threads took: 0.0000192 seconds
1.684: [GC (Allocation Failure)  342506K->22922K(1035776K), 0.0037011 secs]
1.688: Total time for which application threads were stopped: 0.0038766 seconds, Stopping threads took: 0.0000195 seconds
1.755: [GC (Allocation Failure)  346506K->22890K(1036288K), 0.0036160 secs]
1.758: Total time for which application threads were stopped: 0.0038323 seconds, Stopping threads took: 0.0000260 seconds
1.827: [GC (Allocation Failure)  347498K->22954K(1024512K), 0.0045601 secs]
1.831: Total time for which application threads were stopped: 0.0047135 seconds, Stopping threads took: 0.0000163 seconds
1.899: [GC (Allocation Failure)  347562K->30924K(1035776K), 0.0036870 secs]
1.903: Total time for which application threads were stopped: 0.0038512 seconds, Stopping threads took: 0.0000193 seconds
1.972: [GC (Allocation Failure)  354508K->30924K(1035776K), 0.0036855 secs]
1.976: Total time for which application threads were stopped: 0.0038408 seconds, Stopping threads took: 0.0000191 seconds
2.044: [GC (Allocation Failure)  354508K->30980K(1034752K), 0.0046027 secs]
2.049: Total time for which application threads were stopped: 0.0047756 seconds, Stopping threads took: 0.0000196 seconds
2.117: [GC (Allocation Failure)  353540K->38982K(1035264K), 0.0038433 secs]
2.121: Total time for which application threads were stopped: 0.0040118 seconds, Stopping threads took: 0.0000199 seconds
2.190: [GC (Allocation Failure)  361542K->38982K(1035264K), 0.0037315 secs]
2.194: Total time for which application threads were stopped: 0.0038864 seconds, Stopping threads took: 0.0000188 seconds
2.263: [GC (Allocation Failure)  361542K->39206K(1022464K), 0.0045653 secs]
2.268: Total time for which application threads were stopped: 0.0047387 seconds, Stopping threads took: 0.0000277 seconds
2.338: [GC (Allocation Failure)  361766K->46985K(1034752K), 0.0065871 secs]
2.344: Total time for which application threads were stopped: 0.0067373 seconds, Stopping threads took: 0.0000223 seconds
2.415: [GC (Allocation Failure)  368521K->46985K(1034752K), 0.0034870 secs]
2.418: Total time for which application threads were stopped: 0.0036777 seconds, Stopping threads took: 0.0000196 seconds
2.484: [GC (Allocation Failure)  368521K->47433K(1034752K), 0.0045608 secs]
2.489: Total time for which application threads were stopped: 0.0047305 seconds, Stopping threads took: 0.0000190 seconds
2.557: [GC (Allocation Failure)  368969K->55051K(1034752K), 0.0038947 secs]
2.561: Total time for which application threads were stopped: 0.0040841 seconds, Stopping threads took: 0.0000190 seconds
2.630: [GC (Allocation Failure)  376587K->55019K(1034752K), 0.0035670 secs]
2.633: Total time for which application threads were stopped: 0.0037502 seconds, Stopping threads took: 0.0000169 seconds
2.700: [GC (Allocation Failure)  376555K->55179K(1021440K), 0.0044597 secs]
2.704: Total time for which application threads were stopped: 0.0046062 seconds, Stopping threads took: 0.0000171 seconds
2.773: [GC (Allocation Failure)  376715K->63085K(1034240K), 0.0037692 secs]
2.776: Total time for which application threads were stopped: 0.0039468 seconds, Stopping threads took: 0.0000195 seconds
2.844: [GC (Allocation Failure)  383597K->63053K(1034240K), 0.0038177 secs]
2.848: Total time for which application threads were stopped: 0.0039837 seconds, Stopping threads took: 0.0000199 seconds
2.913: [GC (Allocation Failure)  383565K->63117K(1034240K), 0.0045556 secs]
2.917: Total time for which application threads were stopped: 0.0047141 seconds, Stopping threads took: 0.0000194 seconds
2.985: [GC (Allocation Failure)  383629K->71087K(1028096K), 0.0036895 secs]
2.989: Total time for which application threads were stopped: 0.0038561 seconds, Stopping threads took: 0.0000197 seconds
3.056: [GC (Allocation Failure)  391599K->71087K(1034240K), 0.0039478 secs]
3.060: Total time for which application threads were stopped: 0.0041124 seconds, Stopping threads took: 0.0000194 seconds
3.126: [GC (Allocation Failure)  391087K->71623K(1033728K), 0.0045798 secs]
3.131: Total time for which application threads were stopped: 0.0047376 seconds, Stopping threads took: 0.0000208 seconds
3.198: [GC (Allocation Failure)  391623K->79114K(1033728K), 0.0039568 secs]
3.202: Total time for which application threads were stopped: 0.0041245 seconds, Stopping threads took: 0.0000190 seconds
3.272: [GC (Allocation Failure)  398602K->79114K(1033728K), 0.0064614 secs]
3.279: Total time for which application threads were stopped: 0.0066274 seconds, Stopping threads took: 0.0000270 seconds
3.345: [GC (Allocation Failure)  398602K->79338K(1033728K), 0.0047416 secs]
3.350: Total time for which application threads were stopped: 0.0049202 seconds, Stopping threads took: 0.0000201 seconds
3.418: [GC (Allocation Failure)  398826K->87148K(1033728K), 0.0039707 secs]
3.422: Total time for which application threads were stopped: 0.0041379 seconds, Stopping threads took: 0.0000191 seconds
3.488: [GC (Allocation Failure)  406636K->87148K(1033728K), 0.0038768 secs]
3.492: Total time for which application threads were stopped: 0.0040538 seconds, Stopping threads took: 0.0000206 seconds
3.559: [GC (Allocation Failure)  406636K->87596K(1033728K), 0.0047294 secs]
3.564: Total time for which application threads were stopped: 0.0048841 seconds, Stopping threads took: 0.0000169 seconds
3.632: [GC (Allocation Failure)  407084K->95182K(1033728K), 0.0037474 secs]
3.635: Total time for which application threads were stopped: 0.0039391 seconds, Stopping threads took: 0.0000198 seconds
3.703: [GC (Allocation Failure)  414670K->95182K(1033728K), 0.0040108 secs]
3.707: Total time for which application threads were stopped: 0.0041798 seconds, Stopping threads took: 0.0000181 seconds
3.771: [GC (Allocation Failure)  414670K->95310K(1033728K), 0.0048520 secs]
3.776: Total time for which application threads were stopped: 0.0050080 seconds, Stopping threads took: 0.0000197 seconds
3.844: [GC (Allocation Failure)  414798K->103281K(1027072K), 0.0039010 secs]
3.848: Total time for which application threads were stopped: 0.0040625 seconds, Stopping threads took: 0.0000194 seconds
3.913: [GC (Allocation Failure)  422769K->103217K(1033216K), 0.0038322 secs]
3.917: Total time for which application threads were stopped: 0.0040238 seconds, Stopping threads took: 0.0000191 seconds
3.986: [GC (Allocation Failure)  421681K->103273K(1033216K), 0.0046074 secs]
3.990: Total time for which application threads were stopped: 0.0047643 seconds, Stopping threads took: 0.0000198 seconds
4.056: Total time for which application threads were stopped: 0.0001306 seconds, Stopping threads took: 0.0000586 seconds
4.059: [GC (Allocation Failure)  421737K->111243K(1033216K), 0.0039115 secs]
4.063: Total time for which application threads were stopped: 0.0040727 seconds, Stopping threads took: 0.0000160 seconds
4.130: [GC (Allocation Failure)  429707K->106697K(1033216K), 0.0020440 secs]
4.132: Total time for which application threads were stopped: 0.0022074 seconds, Stopping threads took: 0.0000208 seconds
4.199: [GC (Allocation Failure)  425161K->111483K(1034752K), 0.0041310 secs]
4.203: Total time for which application threads were stopped: 0.0043065 seconds, Stopping threads took: 0.0000212 seconds
4.273: [GC (Allocation Failure)  431995K->115387K(1033728K), 0.0037208 secs]
4.277: Total time for which application threads were stopped: 0.0038849 seconds, Stopping threads took: 0.0000243 seconds
4.346: [GC (Allocation Failure)  435899K->123297K(1028608K), 0.0073729 secs]
4.353: Total time for which application threads were stopped: 0.0075298 seconds, Stopping threads took: 0.0000186 seconds
4.420: [GC (Allocation Failure)  438689K->117699K(1031680K), 0.0037357 secs]
4.424: Total time for which application threads were stopped: 0.0039263 seconds, Stopping threads took: 0.0000198 seconds
4.491: [GC (Allocation Failure)  433091K->117571K(1032192K), 0.0039305 secs]
4.495: Total time for which application threads were stopped: 0.0041119 seconds, Stopping threads took: 0.0000171 seconds
4.562: [GC (Allocation Failure)  433475K->120939K(1031680K), 0.0049299 secs]
4.567: Total time for which application threads were stopped: 0.0051044 seconds, Stopping threads took: 0.0000191 seconds
4.635: [GC (Allocation Failure)  436843K->125677K(1033216K), 0.0039057 secs]
4.639: Total time for which application threads were stopped: 0.0040628 seconds, Stopping threads took: 0.0000201 seconds
4.708: [GC (Allocation Failure)  443629K->125581K(1032704K), 0.0037762 secs]
4.712: Total time for which application threads were stopped: 0.0039297 seconds, Stopping threads took: 0.0000188 seconds
4.778: [GC (Allocation Failure)  443533K->129677K(1033728K), 0.0051385 secs]
4.784: Total time for which application threads were stopped: 0.0053263 seconds, Stopping threads took: 0.0000194 seconds
4.852: [GC (Allocation Failure)  448653K->133647K(1033216K), 0.0040524 secs]
4.856: Total time for which application threads were stopped: 0.0042179 seconds, Stopping threads took: 0.0000172 seconds
4.926: [GC (Allocation Failure)  452623K->133647K(1034240K), 0.0036359 secs]
4.929: Total time for which application threads were stopped: 0.0038089 seconds, Stopping threads took: 0.0000259 seconds
4.996: [GC (Allocation Failure)  453647K->136367K(1033728K), 0.0047759 secs]
5.001: Total time for which application threads were stopped: 0.0049199 seconds, Stopping threads took: 0.0000161 seconds
5.070: [GC (Allocation Failure)  456367K->141682K(1034240K), 0.0039238 secs]
5.074: Total time for which application threads were stopped: 0.0040805 seconds, Stopping threads took: 0.0000193 seconds
5.144: [GC (Allocation Failure)  462194K->141618K(1034240K), 0.0039552 secs]
5.148: Total time for which application threads were stopped: 0.0041353 seconds, Stopping threads took: 0.0000275 seconds
5.216: [GC (Allocation Failure)  462130K->142058K(1033728K), 0.0046989 secs]
5.221: Total time for which application threads were stopped: 0.0048679 seconds, Stopping threads took: 0.0000198 seconds
5.290: [GC (Allocation Failure)  462570K->149740K(1034240K), 0.0038249 secs]
5.294: Total time for which application threads were stopped: 0.0040244 seconds, Stopping threads took: 0.0000260 seconds
5.364: [GC (Allocation Failure)  470252K->149644K(1034240K), 0.0038998 secs]
5.368: Total time for which application threads were stopped: 0.0040562 seconds, Stopping threads took: 0.0000164 seconds
5.437: [GC (Allocation Failure)  470156K->152332K(1034240K), 0.0048849 secs]
5.442: Total time for which application threads were stopped: 0.0050552 seconds, Stopping threads took: 0.0000194 seconds
5.510: [GC (Allocation Failure)  472844K->157710K(1034752K), 0.0041197 secs]
5.514: Total time for which application threads were stopped: 0.0042980 seconds, Stopping threads took: 0.0000201 seconds
5.584: [GC (Allocation Failure)  479246K->157710K(1034752K), 0.0036652 secs]
5.588: Total time for which application threads were stopped: 0.0038351 seconds, Stopping threads took: 0.0000200 seconds
5.653: [GC (Allocation Failure)  479246K->160590K(1034752K), 0.0049379 secs]
5.658: Total time for which application threads were stopped: 0.0051098 seconds, Stopping threads took: 0.0000205 seconds
5.727: [GC (Allocation Failure)  482126K->165840K(1034752K), 0.0038223 secs]
5.731: Total time for which application threads were stopped: 0.0039937 seconds, Stopping threads took: 0.0000274 seconds
5.800: [GC (Allocation Failure)  487376K->165744K(1034752K), 0.0040622 secs]
5.804: Total time for which application threads were stopped: 0.0042228 seconds, Stopping threads took: 0.0000195 seconds
5.869: [GC (Allocation Failure)  487280K->169832K(1034752K), 0.0051676 secs]
5.875: Total time for which application threads were stopped: 0.0053613 seconds, Stopping threads took: 0.0000201 seconds
5.941: [GC (Allocation Failure)  491368K->173803K(1035264K), 0.0038665 secs]
5.945: Total time for which application threads were stopped: 0.0040582 seconds, Stopping threads took: 0.0000201 seconds
6.015: [GC (Allocation Failure)  496363K->173803K(1035264K), 0.0039953 secs]
6.019: Total time for which application threads were stopped: 0.0041612 seconds, Stopping threads took: 0.0000190 seconds
6.086: [GC (Allocation Failure)  496363K->177035K(1035264K), 0.0050735 secs]
6.091: Total time for which application threads were stopped: 0.0052453 seconds, Stopping threads took: 0.0000197 seconds
6.159: [GC (Allocation Failure)  499595K->181869K(1035264K), 0.0038192 secs]
6.163: Total time for which application threads were stopped: 0.0039762 seconds, Stopping threads took: 0.0000208 seconds
6.232: [GC (Allocation Failure)  504429K->181773K(1035264K), 0.0039099 secs]
6.236: Total time for which application threads were stopped: 0.0040820 seconds, Stopping threads took: 0.0000259 seconds
6.304: [GC (Allocation Failure)  504333K->185261K(1035264K), 0.0050301 secs]
6.309: Total time for which application threads were stopped: 0.0051910 seconds, Stopping threads took: 0.0000197 seconds
6.376: [GC (Allocation Failure)  507821K->189871K(1035264K), 0.0040731 secs]
6.381: Total time for which application threads were stopped: 0.0042422 seconds, Stopping threads took: 0.0000192 seconds
6.449: [GC (Allocation Failure)  512431K->189871K(1035264K), 0.0038553 secs]
6.453: Total time for which application threads were stopped: 0.0040151 seconds, Stopping threads took: 0.0000198 seconds
6.520: [GC (Allocation Failure)  512431K->193519K(1035776K), 0.0050181 secs]
6.525: Total time for which application threads were stopped: 0.0052120 seconds, Stopping threads took: 0.0000209 seconds
6.595: [GC (Allocation Failure)  516591K->198001K(1035264K), 0.0041869 secs]
6.599: Total time for which application threads were stopped: 0.0043645 seconds, Stopping threads took: 0.0000179 seconds
6.667: [GC (Allocation Failure)  521073K->197873K(1035776K), 0.0040511 secs]
6.671: Total time for which application threads were stopped: 0.0042167 seconds, Stopping threads took: 0.0000195 seconds
6.739: [GC (Allocation Failure)  521457K->199657K(1025024K), 0.0047629 secs]
6.744: Total time for which application threads were stopped: 0.0049175 seconds, Stopping threads took: 0.0000198 seconds
6.813: [GC (Allocation Failure)  523241K->205964K(1035264K), 0.0038820 secs]
6.817: Total time for which application threads were stopped: 0.0040419 seconds, Stopping threads took: 0.0000191 seconds
6.885: [GC (Allocation Failure)  528524K->205900K(1035264K), 0.0040040 secs]
6.889: Total time for which application threads were stopped: 0.0041634 seconds, Stopping threads took: 0.0000196 seconds
6.956: [GC (Allocation Failure)  528460K->200873K(1035264K), 0.0021608 secs]
6.958: Total time for which application threads were stopped: 0.0023193 seconds, Stopping threads took: 0.0000195 seconds
7.027: [GC (Allocation Failure)  523433K->205900K(1035264K), 0.0040519 secs]
7.031: Total time for which application threads were stopped: 0.0042122 seconds, Stopping threads took: 0.0000198 seconds
7.099: [GC (Allocation Failure)  528460K->205932K(1035264K), 0.0039647 secs]
7.103: Total time for which application threads were stopped: 0.0041371 seconds, Stopping threads took: 0.0000215 seconds
7.171: [GC (Allocation Failure)  528492K->205193K(1035264K), 0.0038400 secs]
7.175: Total time for which application threads were stopped: 0.0039932 seconds, Stopping threads took: 0.0000191 seconds
7.243: [GC (Allocation Failure)  527753K->206124K(1035776K), 0.0064084 secs]
7.250: Total time for which application threads were stopped: 0.0065741 seconds, Stopping threads took: 0.0000263 seconds
7.318: [GC (Allocation Failure)  529708K->205900K(1035776K), 0.0049046 secs]
7.323: Total time for which application threads were stopped: 0.0051083 seconds, Stopping threads took: 0.0000266 seconds
7.390: [GC (Allocation Failure)  529484K->211497K(1031680K), 0.0066822 secs]
7.397: Total time for which application threads were stopped: 0.0068537 seconds, Stopping threads took: 0.0000192 seconds
7.463: [GC (Allocation Failure)  530985K->206892K(1033728K), 0.0040327 secs]
7.468: Total time for which application threads were stopped: 0.0042393 seconds, Stopping threads took: 0.0000192 seconds
7.535: [GC (Allocation Failure)  526380K->206764K(1034752K), 0.0040433 secs]
7.539: Total time for which application threads were stopped: 0.0042060 seconds, Stopping threads took: 0.0000198 seconds
7.606: [GC (Allocation Failure)  527788K->209033K(1034240K), 0.0049736 secs]
7.611: Total time for which application threads were stopped: 0.0051327 seconds, Stopping threads took: 0.0000196 seconds
7.679: [GC (Allocation Failure)  530057K->206860K(1034752K), 0.0041049 secs]
7.683: Total time for which application threads were stopped: 0.0042668 seconds, Stopping threads took: 0.0000194 seconds
7.751: [GC (Allocation Failure)  527884K->206764K(1034240K), 0.0040451 secs]
7.755: Total time for which application threads were stopped: 0.0042138 seconds, Stopping threads took: 0.0000195 seconds
7.823: [GC (Allocation Failure)  527788K->208713K(1035264K), 0.0048615 secs]
7.828: Total time for which application threads were stopped: 0.0050583 seconds, Stopping threads took: 0.0000206 seconds
7.898: [GC (Allocation Failure)  531273K->206828K(1035264K), 0.0040689 secs]
7.902: Total time for which application threads were stopped: 0.0042248 seconds, Stopping threads took: 0.0000172 seconds
7.970: [GC (Allocation Failure)  529388K->206764K(1036288K), 0.0040418 secs]
7.974: Total time for which application threads were stopped: 0.0042136 seconds, Stopping threads took: 0.0000257 seconds
8.043: [GC (Allocation Failure)  530860K->214513K(1035776K), 0.0079795 secs]
8.051: Total time for which application threads were stopped: 0.0081550 seconds, Stopping threads took: 0.0000195 seconds
8.120: [GC (Allocation Failure)  538609K->210324K(1032704K), 0.0040584 secs]
8.124: Total time for which application threads were stopped: 0.0042208 seconds, Stopping threads took: 0.0000201 seconds
8.192: [GC (Allocation Failure)  530836K->210292K(1034240K), 0.0040405 secs]
8.196: Total time for which application threads were stopped: 0.0042179 seconds, Stopping threads took: 0.0000280 seconds
8.264: [GC (Allocation Failure)  530804K->203441K(1032704K), 0.0012047 secs]
8.266: Total time for which application threads were stopped: 0.0013170 seconds, Stopping threads took: 0.0000161 seconds
8.334: [GC (Allocation Failure)  522929K->210492K(1033728K), 0.0046962 secs]
8.339: Total time for which application threads were stopped: 0.0048704 seconds, Stopping threads took: 0.0000234 seconds
8.405: [GC (Allocation Failure)  529980K->214476K(1034752K), 0.0050363 secs]
8.410: Total time for which application threads were stopped: 0.0051939 seconds, Stopping threads took: 0.0000192 seconds
8.477: [GC (Allocation Failure)  535500K->220553K(1034240K), 0.0067564 secs]
8.484: Total time for which application threads were stopped: 0.0069092 seconds, Stopping threads took: 0.0000192 seconds
8.552: [GC (Allocation Failure)  541577K->214860K(1033216K), 0.0040670 secs]
8.557: Total time for which application threads were stopped: 0.0042277 seconds, Stopping threads took: 0.0000192 seconds
8.624: [GC (Allocation Failure)  534348K->214796K(1033728K), 0.0038162 secs]
8.628: Total time for which application threads were stopped: 0.0039903 seconds, Stopping threads took: 0.0000205 seconds
8.696: [GC (Allocation Failure)  534284K->217481K(1033216K), 0.0049771 secs]
8.701: Total time for which application threads were stopped: 0.0051291 seconds, Stopping threads took: 0.0000162 seconds
8.769: [GC (Allocation Failure)  536969K->214796K(1033728K), 0.0040412 secs]
8.773: Total time for which application threads were stopped: 0.0042100 seconds, Stopping threads took: 0.0000197 seconds
8.840: [GC (Allocation Failure)  534284K->214828K(1034752K), 0.0039729 secs]
8.844: Total time for which application threads were stopped: 0.0041403 seconds, Stopping threads took: 0.0000195 seconds
8.910: [GC (Allocation Failure)  535852K->214121K(1034240K), 0.0037932 secs]
8.914: Total time for which application threads were stopped: 0.0039709 seconds, Stopping threads took: 0.0000192 seconds
8.982: [GC (Allocation Failure)  535145K->215020K(1035776K), 0.0039983 secs]
8.986: Total time for which application threads were stopped: 0.0041607 seconds, Stopping threads took: 0.0000198 seconds
9.053: [GC (Allocation Failure)  538092K->214796K(1035264K), 0.0040133 secs]
9.058: Total time for which application threads were stopped: 0.0041751 seconds, Stopping threads took: 0.0000206 seconds
9.126: [GC (Allocation Failure)  537868K->217897K(1034752K), 0.0080510 secs]
9.134: Total time for which application threads were stopped: 0.0082181 seconds, Stopping threads took: 0.0000192 seconds
9.204: [GC (Allocation Failure)  540457K->214956K(1035264K), 0.0041193 secs]
9.208: Total time for which application threads were stopped: 0.0042829 seconds, Stopping threads took: 0.0000208 seconds
9.277: [GC (Allocation Failure)  537516K->214764K(1035776K), 0.0040346 secs]
9.281: Total time for which application threads were stopped: 0.0041987 seconds, Stopping threads took: 0.0000263 seconds
9.349: [GC (Allocation Failure)  538348K->206825K(1023488K), 0.0008594 secs]
9.350: Total time for which application threads were stopped: 0.0009642 seconds, Stopping threads took: 0.0000166 seconds
9.418: [GC (Allocation Failure)  530409K->214940K(1035264K), 0.0042103 secs]
9.422: Total time for which application threads were stopped: 0.0043757 seconds, Stopping threads took: 0.0000194 seconds
9.490: [GC (Allocation Failure)  536988K->218948K(1034752K), 0.0055201 secs]
9.496: Total time for which application threads were stopped: 0.0056768 seconds, Stopping threads took: 0.0000200 seconds
9.563: [GC (Allocation Failure)  540996K->215041K(1035776K), 0.0028602 secs]
9.566: Total time for which application threads were stopped: 0.0030244 seconds, Stopping threads took: 0.0000196 seconds
9.634: [GC (Allocation Failure)  538625K->219084K(1035776K), 0.0044830 secs]
9.638: Total time for which application threads were stopped: 0.0046409 seconds, Stopping threads took: 0.0000194 seconds
9.706: [GC (Allocation Failure)  542668K->223052K(1035776K), 0.0048243 secs]
9.711: Total time for which application threads were stopped: 0.0049857 seconds, Stopping threads took: 0.0000197 seconds
9.779: [GC (Allocation Failure)  546636K->223084K(1035776K), 0.0040379 secs]
9.783: Total time for which application threads were stopped: 0.0042217 seconds, Stopping threads took: 0.0000267 seconds
9.849: [GC (Allocation Failure)  546668K->223148K(1034752K), 0.0048744 secs]
9.854: Total time for which application threads were stopped: 0.0050306 seconds, Stopping threads took: 0.0000194 seconds
9.923: [GC (Allocation Failure)  545708K->231118K(1035264K), 0.0041030 secs]
9.927: Total time for which application threads were stopped: 0.0042687 seconds, Stopping threads took: 0.0000194 seconds
9.994: [GC (Allocation Failure)  553678K->231118K(1035264K), 0.0041580 secs]
9.998: Total time for which application threads were stopped: 0.0043136 seconds, Stopping threads took: 0.0000187 seconds
10.065: [GC (Allocation Failure)  553678K->231182K(1022464K), 0.0049962 secs]
10.070: Total time for which application threads were stopped: 0.0051597 seconds, Stopping threads took: 0.0000206 seconds
10.140: [GC (Allocation Failure)  553742K->239152K(1034752K), 0.0042295 secs]
10.144: Total time for which application threads were stopped: 0.0043976 seconds, Stopping threads took: 0.0000198 seconds
10.213: [GC (Allocation Failure)  560688K->239152K(1034752K), 0.0040489 secs]
10.217: Total time for which application threads were stopped: 0.0042174 seconds, Stopping threads took: 0.0000201 seconds
10.285: [GC (Allocation Failure)  560688K->239400K(1034240K), 0.0047439 secs]
10.289: Total time for which application threads were stopped: 0.0049133 seconds, Stopping threads took: 0.0000279 seconds
10.358: [GC (Allocation Failure)  560936K->247179K(1034752K), 0.0041999 secs]
10.363: Total time for which application threads were stopped: 0.0043704 seconds, Stopping threads took: 0.0000201 seconds
10.431: [GC (Allocation Failure)  568715K->247147K(1034752K), 0.0043721 secs]
10.436: Total time for which application threads were stopped: 0.0045763 seconds, Stopping threads took: 0.0000211 seconds
10.501: [GC (Allocation Failure)  568683K->247627K(1021440K), 0.0051513 secs]
10.506: Total time for which application threads were stopped: 0.0053107 seconds, Stopping threads took: 0.0000196 seconds
10.573: [GC (Allocation Failure)  569163K->255213K(1034240K), 0.0042530 secs]
10.578: Total time for which application threads were stopped: 0.0044316 seconds, Stopping threads took: 0.0000283 seconds
10.647: [GC (Allocation Failure)  575725K->255245K(1034240K), 0.0040929 secs]
10.651: Total time for which application threads were stopped: 0.0042626 seconds, Stopping threads took: 0.0000193 seconds
10.718: [GC (Allocation Failure)  575757K->255373K(1034240K), 0.0050607 secs]
10.724: Total time for which application threads were stopped: 0.0052189 seconds, Stopping threads took: 0.0000197 seconds
10.792: [GC (Allocation Failure)  575885K->263247K(1034240K), 0.0042514 secs]
10.796: Total time for which application threads were stopped: 0.0044197 seconds, Stopping threads took: 0.0000279 seconds
10.863: [GC (Allocation Failure)  583759K->263279K(1034240K), 0.0040769 secs]
10.867: Total time for which application threads were stopped: 0.0042510 seconds, Stopping threads took: 0.0000202 seconds
10.933: [GC (Allocation Failure)  583791K->263303K(1020416K), 0.0071158 secs]
10.940: Total time for which application threads were stopped: 0.0072791 seconds, Stopping threads took: 0.0000202 seconds
11.009: [GC (Allocation Failure)  583815K->271273K(1033728K), 0.0041169 secs]
11.013: Total time for which application threads were stopped: 0.0043163 seconds, Stopping threads took: 0.0000216 seconds
11.080: [GC (Allocation Failure)  590761K->271273K(1033728K), 0.0041573 secs]
11.085: Total time for which application threads were stopped: 0.0043210 seconds, Stopping threads took: 0.0000189 seconds
11.150: [GC (Allocation Failure)  590761K->271337K(1033728K), 0.0060441 secs]
11.156: Total time for which application threads were stopped: 0.0062021 seconds, Stopping threads took: 0.0000191 seconds
11.224: [GC (Allocation Failure)  590825K->279340K(1033728K), 0.0043121 secs]
11.228: Total time for which application threads were stopped: 0.0044671 seconds, Stopping threads took: 0.0000188 seconds
11.294: [GC (Allocation Failure)  598828K->279308K(1033728K), 0.0042295 secs]
11.298: Total time for which application threads were stopped: 0.0044070 seconds, Stopping threads took: 0.0000278 seconds
11.365: [GC (Allocation Failure)  598796K->279532K(1033728K), 0.0047767 secs]
11.370: Total time for which application threads were stopped: 0.0049715 seconds, Stopping threads took: 0.0000193 seconds
11.438: [GC (Allocation Failure)  599020K->287374K(1032704K), 0.0041139 secs]
11.442: Total time for which application threads were stopped: 0.0042995 seconds, Stopping threads took: 0.0000172 seconds
11.510: [GC (Allocation Failure)  605838K->283436K(1033216K), 0.0028618 secs]
11.513: Total time for which application threads were stopped: 0.0030122 seconds, Stopping threads took: 0.0000171 seconds
11.581: [GC (Allocation Failure)  601900K->287502K(1034752K), 0.0043943 secs]
11.585: Total time for which application threads were stopped: 0.0045722 seconds, Stopping threads took: 0.0000197 seconds
11.654: [GC (Allocation Failure)  608526K->291502K(1034240K), 0.0043404 secs]
11.658: Total time for which application threads were stopped: 0.0045107 seconds, Stopping threads took: 0.0000200 seconds
11.724: [GC (Allocation Failure)  612526K->284684K(1034752K), 0.0015955 secs]
11.725: Total time for which application threads were stopped: 0.0017270 seconds, Stopping threads took: 0.0000194 seconds
11.794: [GC (Allocation Failure)  606220K->291502K(1034752K), 0.0041377 secs]
11.798: Total time for which application threads were stopped: 0.0043054 seconds, Stopping threads took: 0.0000267 seconds
11.865: [GC (Allocation Failure)  613038K->295582K(1034752K), 0.0053700 secs]
11.871: Total time for which application threads were stopped: 0.0055600 seconds, Stopping threads took: 0.0000216 seconds
11.937: [GC (Allocation Failure)  617118K->290076K(1034752K), 0.0022533 secs]
11.940: Total time for which application threads were stopped: 0.0024117 seconds, Stopping threads took: 0.0000258 seconds
12.007: [GC (Allocation Failure)  611612K->295886K(1035776K), 0.0044220 secs]
12.012: Total time for which application threads were stopped: 0.0046004 seconds, Stopping threads took: 0.0000289 seconds
12.080: [GC (Allocation Failure)  618446K->299726K(1034752K), 0.0044472 secs]
12.085: Total time for which application threads were stopped: 0.0046242 seconds, Stopping threads took: 0.0000194 seconds
12.151: [GC (Allocation Failure)  622214K->295820K(1035776K), 0.0030204 secs]
12.154: Total time for which application threads were stopped: 0.0031845 seconds, Stopping threads took: 0.0000194 seconds
12.223: [GC (Allocation Failure)  618892K->299918K(1035264K), 0.0044288 secs]
12.228: Total time for which application threads were stopped: 0.0046197 seconds, Stopping threads took: 0.0000197 seconds
12.296: [GC (Allocation Failure)  622990K->303918K(1035264K), 0.0041988 secs]
12.301: Total time for which application threads were stopped: 0.0043671 seconds, Stopping threads took: 0.0000205 seconds
12.372: [GC (Allocation Failure)  627502K->303886K(1035776K), 0.0041229 secs]
12.376: Total time for which application threads were stopped: 0.0042825 seconds, Stopping threads took: 0.0000190 seconds
12.444: [GC (Allocation Failure)  627470K->303950K(1034752K), 0.0052101 secs]
12.450: Total time for which application threads were stopped: 0.0053824 seconds, Stopping threads took: 0.0000193 seconds
12.519: [GC (Allocation Failure)  626510K->311952K(1035264K), 0.0041154 secs]
12.523: Total time for which application threads were stopped: 0.0042642 seconds, Stopping threads took: 0.0000170 seconds
12.592: [GC (Allocation Failure)  634512K->311920K(1034240K), 0.0040313 secs]
12.596: Total time for which application threads were stopped: 0.0042009 seconds, Stopping threads took: 0.0000200 seconds
12.661: [GC (Allocation Failure)  633456K->311976K(1034752K), 0.0049736 secs]
12.666: Total time for which application threads were stopped: 0.0051756 seconds, Stopping threads took: 0.0000277 seconds
12.735: [GC (Allocation Failure)  633512K->319978K(1034752K), 0.0040942 secs]
12.740: Total time for which application threads were stopped: 0.0042620 seconds, Stopping threads took: 0.0000258 seconds
12.810: [GC (Allocation Failure)  641514K->319946K(1029120K), 0.0040940 secs]
12.814: Total time for which application threads were stopped: 0.0042886 seconds, Stopping threads took: 0.0000204 seconds
12.881: [GC (Allocation Failure)  641482K->320202K(1034240K), 0.0049880 secs]
12.886: Total time for which application threads were stopped: 0.0051571 seconds, Stopping threads took: 0.0000277 seconds
12.953: [GC (Allocation Failure)  640714K->327981K(1034240K), 0.0043989 secs]
12.958: Total time for which application threads were stopped: 0.0045638 seconds, Stopping threads took: 0.0000191 seconds
13.025: [GC (Allocation Failure)  648493K->327981K(1034240K), 0.0042851 secs]
13.030: Total time for which application threads were stopped: 0.0044710 seconds, Stopping threads took: 0.0000192 seconds
13.098: [GC (Allocation Failure)  648493K->328421K(1034240K), 0.0051553 secs]
13.103: Total time for which application threads were stopped: 0.0053338 seconds, Stopping threads took: 0.0000160 seconds
13.172: [GC (Allocation Failure)  648933K->336007K(1033216K), 0.0042434 secs]
13.177: Total time for which application threads were stopped: 0.0043942 seconds, Stopping threads took: 0.0000166 seconds
13.244: [GC (Allocation Failure)  655495K->336039K(1033728K), 0.0041486 secs]
13.248: Total time for which application threads were stopped: 0.0043122 seconds, Stopping threads took: 0.0000257 seconds
13.314: [GC (Allocation Failure)  655527K->336103K(1033728K), 0.0071838 secs]
13.321: Total time for which application threads were stopped: 0.0073832 seconds, Stopping threads took: 0.0000270 seconds
13.391: [GC (Allocation Failure)  655591K->344073K(1033728K), 0.0042774 secs]
13.395: Total time for which application threads were stopped: 0.0044559 seconds, Stopping threads took: 0.0000204 seconds
13.464: [GC (Allocation Failure)  663561K->344073K(1033728K), 0.0043791 secs]
13.469: Total time for which application threads were stopped: 0.0045386 seconds, Stopping threads took: 0.0000195 seconds
13.536: [GC (Allocation Failure)  663561K->344105K(1033728K), 0.0051037 secs]
13.541: Total time for which application threads were stopped: 0.0052924 seconds, Stopping threads took: 0.0000190 seconds
13.609: [GC (Allocation Failure)  663593K->352107K(1032704K), 0.0043447 secs]
13.614: Total time for which application threads were stopped: 0.0045288 seconds, Stopping threads took: 0.0000171 seconds
13.682: [GC (Allocation Failure)  670571K->346505K(1033216K), 0.0020875 secs]
13.684: Total time for which application threads were stopped: 0.0022282 seconds, Stopping threads took: 0.0000168 seconds
13.754: [GC (Allocation Failure)  664969K->352323K(1034240K), 0.0043865 secs]
13.758: Total time for which application threads were stopped: 0.0045560 seconds, Stopping threads took: 0.0000272 seconds
13.825: [GC (Allocation Failure)  672323K->356219K(1033728K), 0.0048112 secs]
13.830: Total time for which application threads were stopped: 0.0049914 seconds, Stopping threads took: 0.0000197 seconds
13.897: [GC (Allocation Failure)  676219K->362105K(1030144K), 0.0067574 secs]
13.903: Total time for which application threads were stopped: 0.0069514 seconds, Stopping threads took: 0.0000199 seconds
13.971: [GC (Allocation Failure)  678521K->356379K(1032192K), 0.0044404 secs]
13.976: Total time for which application threads were stopped: 0.0045897 seconds, Stopping threads took: 0.0000167 seconds
14.041: [GC (Allocation Failure)  672795K->356219K(1032704K), 0.0042514 secs]
14.045: Total time for which application threads were stopped: 0.0044224 seconds, Stopping threads took: 0.0000201 seconds
14.113: [GC (Allocation Failure)  673147K->348505K(1032192K), 0.0013543 secs]
14.115: Total time for which application threads were stopped: 0.0014930 seconds, Stopping threads took: 0.0000193 seconds
14.182: [GC (Allocation Failure)  665433K->356315K(1032704K), 0.0043260 secs]
14.186: Total time for which application threads were stopped: 0.0045080 seconds, Stopping threads took: 0.0000199 seconds
14.254: [GC (Allocation Failure)  673755K->356219K(1032704K), 0.0043826 secs]
14.258: Total time for which application threads were stopped: 0.0045518 seconds, Stopping threads took: 0.0000198 seconds
14.325: [GC (Allocation Failure)  673659K->357235K(1033216K), 0.0058960 secs]
14.331: Total time for which application threads were stopped: 0.0061048 seconds, Stopping threads took: 0.0000194 seconds
14.399: [GC (Allocation Failure)  675699K->364246K(1033216K), 0.0043453 secs]
14.403: Total time for which application threads were stopped: 0.0045058 seconds, Stopping threads took: 0.0000196 seconds
14.470: [GC (Allocation Failure)  682710K->364246K(1033216K), 0.0043579 secs]
14.474: Total time for which application threads were stopped: 0.0045256 seconds, Stopping threads took: 0.0000197 seconds
14.539: [GC (Allocation Failure)  682710K->365398K(1033216K), 0.0072941 secs]
14.546: Total time for which application threads were stopped: 0.0074398 seconds, Stopping threads took: 0.0000189 seconds
14.613: [GC (Allocation Failure)  683862K->372344K(1033216K), 0.0042407 secs]
14.617: Total time for which application threads were stopped: 0.0043887 seconds, Stopping threads took: 0.0000170 seconds
14.684: [GC (Allocation Failure)  690808K->372280K(1033216K), 0.0044434 secs]
14.689: Total time for which application threads were stopped: 0.0046119 seconds, Stopping threads took: 0.0000205 seconds
14.755: [GC (Allocation Failure)  690744K->373656K(1033728K), 0.0051121 secs]
14.761: Total time for which application threads were stopped: 0.0052822 seconds, Stopping threads took: 0.0000270 seconds
14.827: [GC (Allocation Failure)  693144K->380346K(1033728K), 0.0044996 secs]
14.832: Total time for which application threads were stopped: 0.0046798 seconds, Stopping threads took: 0.0000202 seconds
14.901: [GC (Allocation Failure)  699834K->380346K(1033728K), 0.0046586 secs]
14.906: Total time for which application threads were stopped: 0.0048196 seconds, Stopping threads took: 0.0000203 seconds
14.972: [GC (Allocation Failure)  699834K->380858K(1033728K), 0.0050869 secs]
14.977: Total time for which application threads were stopped: 0.0052576 seconds, Stopping threads took: 0.0000196 seconds
15.044: [GC (Allocation Failure)  700346K->388445K(1033728K), 0.0043164 secs]
15.049: Total time for which application threads were stopped: 0.0044870 seconds, Stopping threads took: 0.0000200 seconds
15.115: [GC (Allocation Failure)  707933K->388381K(1033728K), 0.0044936 secs]
15.120: Total time for which application threads were stopped: 0.0046618 seconds, Stopping threads took: 0.0000196 seconds
15.186: [GC (Allocation Failure)  707869K->388613K(1033728K), 0.0055503 secs]
15.192: Total time for which application threads were stopped: 0.0057297 seconds, Stopping threads took: 0.0000208 seconds
15.259: [GC (Allocation Failure)  708101K->396423K(1027072K), 0.0043942 secs]
15.264: Total time for which application threads were stopped: 0.0045705 seconds, Stopping threads took: 0.0000251 seconds
15.332: [GC (Allocation Failure)  715911K->396391K(1033728K), 0.0050039 secs]
15.337: Total time for which application threads were stopped: 0.0051671 seconds, Stopping threads took: 0.0000249 seconds
15.403: [GC (Allocation Failure)  715367K->396839K(1033216K), 0.0053807 secs]
15.409: Total time for which application threads were stopped: 0.0055476 seconds, Stopping threads took: 0.0000197 seconds
15.477: [GC (Allocation Failure)  715815K->404457K(1033216K), 0.0041900 secs]
15.481: Total time for which application threads were stopped: 0.0043809 seconds, Stopping threads took: 0.0000190 seconds
15.548: [GC (Allocation Failure)  722921K->404457K(1033216K), 0.0043336 secs]
15.553: Total time for which application threads were stopped: 0.0045029 seconds, Stopping threads took: 0.0000191 seconds
15.617: [GC (Allocation Failure)  722921K->404585K(1033216K), 0.0052779 secs]
15.623: Total time for which application threads were stopped: 0.0054506 seconds, Stopping threads took: 0.0000198 seconds
15.688: [GC (Allocation Failure)  723049K->412491K(1033216K), 0.0044533 secs]
15.692: Total time for which application threads were stopped: 0.0046138 seconds, Stopping threads took: 0.0000196 seconds
15.759: [GC (Allocation Failure)  730955K->412459K(1033216K), 0.0047109 secs]
15.764: Total time for which application threads were stopped: 0.0049023 seconds, Stopping threads took: 0.0000190 seconds
15.832: [GC (Allocation Failure)  730923K->412811K(1033216K), 0.0051518 secs]
15.837: Total time for which application threads were stopped: 0.0053231 seconds, Stopping threads took: 0.0000259 seconds
15.902: [GC (Allocation Failure)  731275K->420526K(1033216K), 0.0045632 secs]
15.907: Total time for which application threads were stopped: 0.0047226 seconds, Stopping threads took: 0.0000201 seconds
15.975: [GC (Allocation Failure)  738990K->420494K(1033216K), 0.0044352 secs]
15.979: Total time for which application threads were stopped: 0.0046072 seconds, Stopping threads took: 0.0000183 seconds
16.044: [GC (Allocation Failure)  738958K->421006K(1033216K), 0.0060859 secs]
16.050: Total time for which application threads were stopped: 0.0062778 seconds, Stopping threads took: 0.0000196 seconds
16.117: [GC (Allocation Failure)  739470K->428560K(1033216K), 0.0042892 secs]
16.121: Total time for which application threads were stopped: 0.0044549 seconds, Stopping threads took: 0.0000195 seconds
16.187: [GC (Allocation Failure)  747024K->428528K(1033216K), 0.0045118 secs]
16.191: Total time for which application threads were stopped: 0.0046777 seconds, Stopping threads took: 0.0000191 seconds
16.256: [GC (Allocation Failure)  746992K->429256K(1033216K), 0.0050869 secs]
16.261: Total time for which application threads were stopped: 0.0052517 seconds, Stopping threads took: 0.0000265 seconds
16.329: [GC (Allocation Failure)  747720K->436554K(1033216K), 0.0054181 secs]
16.334: Total time for which application threads were stopped: 0.0055649 seconds, Stopping threads took: 0.0000261 seconds
16.401: [GC (Allocation Failure)  755018K->436554K(1033216K), 0.0046422 secs]
16.406: Total time for which application threads were stopped: 0.0048275 seconds, Stopping threads took: 0.0000194 seconds
16.472: [GC (Allocation Failure)  755018K->437482K(1033216K), 0.0053220 secs]
16.477: Total time for which application threads were stopped: 0.0054845 seconds, Stopping threads took: 0.0000188 seconds
16.543: [GC (Allocation Failure)  755946K->444620K(1033216K), 0.0045174 secs]
16.547: Total time for which application threads were stopped: 0.0046721 seconds, Stopping threads took: 0.0000196 seconds
16.613: [GC (Allocation Failure)  763084K->444588K(1033216K), 0.0043295 secs]
16.618: Total time for which application threads were stopped: 0.0044958 seconds, Stopping threads took: 0.0000201 seconds
16.684: [GC (Allocation Failure)  763052K->444684K(1033216K), 0.0054338 secs]
16.690: Total time for which application threads were stopped: 0.0056084 seconds, Stopping threads took: 0.0000192 seconds
16.758: [GC (Allocation Failure)  763148K->452623K(1033216K), 0.0046890 secs]
16.763: Total time for which application threads were stopped: 0.0048657 seconds, Stopping threads took: 0.0000196 seconds
16.829: [GC (Allocation Failure)  771087K->452655K(1033216K), 0.0047399 secs]
16.833: Total time for which application threads were stopped: 0.0049181 seconds, Stopping threads took: 0.0000208 seconds
16.898: [GC (Allocation Failure)  771119K->452943K(1033216K), 0.0053983 secs]
16.904: Total time for which application threads were stopped: 0.0055656 seconds, Stopping threads took: 0.0000220 seconds
16.973: [GC (Allocation Failure)  771407K->460657K(1033216K), 0.0045704 secs]
16.978: Total time for which application threads were stopped: 0.0047470 seconds, Stopping threads took: 0.0000205 seconds
17.043: [GC (Allocation Failure)  779121K->460657K(1033216K), 0.0045120 secs]
17.047: Total time for which application threads were stopped: 0.0046789 seconds, Stopping threads took: 0.0000198 seconds
17.112: [GC (Allocation Failure)  779121K->461161K(1033216K), 0.0052162 secs]
17.117: Total time for which application threads were stopped: 0.0053854 seconds, Stopping threads took: 0.0000201 seconds
17.185: [GC (Allocation Failure)  779625K->468715K(1033216K), 0.0047257 secs]
17.190: Total time for which application threads were stopped: 0.0048935 seconds, Stopping threads took: 0.0000196 seconds
17.257: [GC (Allocation Failure)  787179K->468683K(1033216K), 0.0042906 secs]
17.262: Total time for which application threads were stopped: 0.0044559 seconds, Stopping threads took: 0.0000275 seconds
17.327: [GC (Allocation Failure)  787147K->468843K(1033216K), 0.0060891 secs]
17.333: Total time for which application threads were stopped: 0.0062877 seconds, Stopping threads took: 0.0000253 seconds
17.400: [GC (Allocation Failure)  787307K->476717K(1033216K), 0.0046297 secs]
17.404: Total time for which application threads were stopped: 0.0047844 seconds, Stopping threads took: 0.0000178 seconds
17.470: [GC (Allocation Failure)  795181K->476717K(1033216K), 0.0047102 secs]
17.475: Total time for which application threads were stopped: 0.0048915 seconds, Stopping threads took: 0.0000197 seconds
17.542: [GC (Allocation Failure)  795181K->476869K(1033216K), 0.0054525 secs]
17.548: Total time for which application threads were stopped: 0.0056210 seconds, Stopping threads took: 0.0000268 seconds
17.615: [GC (Allocation Failure)  795333K->484744K(1033216K), 0.0044736 secs]
17.620: Total time for which application threads were stopped: 0.0046661 seconds, Stopping threads took: 0.0000198 seconds
17.687: [GC (Allocation Failure)  803208K->484744K(1033216K), 0.0045467 secs]
17.692: Total time for which application threads were stopped: 0.0047024 seconds, Stopping threads took: 0.0000171 seconds
17.759: [GC (Allocation Failure)  803208K->484808K(1033216K), 0.0051924 secs]
17.764: Total time for which application threads were stopped: 0.0053832 seconds, Stopping threads took: 0.0000258 seconds
17.831: [GC (Allocation Failure)  803272K->492778K(1033216K), 0.0045450 secs]
17.836: Total time for which application threads were stopped: 0.0047355 seconds, Stopping threads took: 0.0000193 seconds
17.905: [GC (Allocation Failure)  811242K->492778K(1033216K), 0.0043837 secs]
17.909: Total time for which application threads were stopped: 0.0045507 seconds, Stopping threads took: 0.0000193 seconds
17.975: [GC (Allocation Failure)  811242K->493034K(1033216K), 0.0054735 secs]
17.981: Total time for which application threads were stopped: 0.0056458 seconds, Stopping threads took: 0.0000196 seconds
18.047: [GC (Allocation Failure)  811498K->500812K(1033216K), 0.0045660 secs]
18.052: Total time for which application threads were stopped: 0.0047292 seconds, Stopping threads took: 0.0000201 seconds
18.119: [GC (Allocation Failure)  819276K->493610K(1033216K), 0.0018419 secs]
18.121: Total time for which application threads were stopped: 0.0019718 seconds, Stopping threads took: 0.0000198 seconds
18.187: [GC (Allocation Failure)  812074K->501028K(1033216K), 0.0045706 secs]
18.192: Total time for which application threads were stopped: 0.0047268 seconds, Stopping threads took: 0.0000195 seconds
18.260: [GC (Allocation Failure)  819492K->504964K(1033216K), 0.0057154 secs]
18.265: Total time for which application threads were stopped: 0.0058828 seconds, Stopping threads took: 0.0000280 seconds
18.331: [GC (Allocation Failure)  823428K->506210K(1032192K), 0.0069866 secs]
18.338: Total time for which application threads were stopped: 0.0071233 seconds, Stopping threads took: 0.0000251 seconds
18.405: [GC (Allocation Failure)  823650K->505060K(1032704K), 0.0043712 secs]
18.410: Total time for which application threads were stopped: 0.0045521 seconds, Stopping threads took: 0.0000170 seconds
18.478: [GC (Allocation Failure)  822500K->504996K(1033216K), 0.0043269 secs]
18.483: Total time for which application threads were stopped: 0.0045115 seconds, Stopping threads took: 0.0000176 seconds
18.549: [GC (Allocation Failure)  823460K->508300K(1033216K), 0.0056014 secs]
18.555: Total time for which application threads were stopped: 0.0057702 seconds, Stopping threads took: 0.0000197 seconds
18.620: [GC (Allocation Failure)  826764K->513038K(1033728K), 0.0046201 secs]
18.625: Total time for which application threads were stopped: 0.0047911 seconds, Stopping threads took: 0.0000203 seconds
18.693: [GC (Allocation Failure)  832526K->513038K(1033728K), 0.0048136 secs]
18.698: Total time for which application threads were stopped: 0.0050069 seconds, Stopping threads took: 0.0000197 seconds
18.766: [GC (Allocation Failure)  832526K->514510K(1033728K), 0.0055806 secs]
18.772: Total time for which application threads were stopped: 0.0057792 seconds, Stopping threads took: 0.0000262 seconds
18.839: [GC (Allocation Failure)  833998K->521041K(1033728K), 0.0047996 secs]
18.844: Total time for which application threads were stopped: 0.0049565 seconds, Stopping threads took: 0.0000196 seconds
18.913: [GC (Allocation Failure)  840529K->521041K(1034240K), 0.0046147 secs]
18.918: Total time for which application threads were stopped: 0.0047749 seconds, Stopping threads took: 0.0000195 seconds
18.984: [GC (Allocation Failure)  841041K->522257K(1033728K), 0.0072345 secs]
18.992: Total time for which application threads were stopped: 0.0074337 seconds, Stopping threads took: 0.0000270 seconds
19.060: [GC (Allocation Failure)  842257K->529075K(1033728K), 0.0049011 secs]
19.065: Total time for which application threads were stopped: 0.0050953 seconds, Stopping threads took: 0.0000193 seconds
19.135: [GC (Allocation Failure)  848563K->529107K(1033728K), 0.0044798 secs]
19.140: Total time for which application threads were stopped: 0.0046341 seconds, Stopping threads took: 0.0000167 seconds
19.204: [GC (Allocation Failure)  848595K->529971K(1033216K), 0.0055225 secs]
19.210: Total time for which application threads were stopped: 0.0056911 seconds, Stopping threads took: 0.0000194 seconds
19.279: [GC (Allocation Failure)  849459K->537141K(1033728K), 0.0046866 secs]
19.283: Total time for which application threads were stopped: 0.0048707 seconds, Stopping threads took: 0.0000262 seconds
19.350: [GC (Allocation Failure)  856629K->537109K(1033728K), 0.0046899 secs]
19.355: Total time for which application threads were stopped: 0.0048393 seconds, Stopping threads took: 0.0000167 seconds
19.420: [GC (Allocation Failure)  856597K->537165K(1033728K), 0.0056269 secs]
19.425: Total time for which application threads were stopped: 0.0057965 seconds, Stopping threads took: 0.0000190 seconds
19.493: [GC (Allocation Failure)  856653K->545264K(1033728K), 0.0045871 secs]
19.498: Total time for which application threads were stopped: 0.0047557 seconds, Stopping threads took: 0.0000197 seconds
19.564: [GC (Allocation Failure)  864752K->545168K(1033728K), 0.0047029 secs]
19.569: Total time for which application threads were stopped: 0.0048638 seconds, Stopping threads took: 0.0000195 seconds
19.634: [GC (Allocation Failure)  864656K->548456K(1034240K), 0.0056193 secs]
19.640: Total time for which application threads were stopped: 0.0057840 seconds, Stopping threads took: 0.0000201 seconds
19.708: [GC (Allocation Failure)  868456K->553226K(1033728K), 0.0045601 secs]
19.712: Total time for which application threads were stopped: 0.0047180 seconds, Stopping threads took: 0.0000194 seconds
19.779: [GC (Allocation Failure)  873226K->553130K(1034240K), 0.0045934 secs]
19.784: Total time for which application threads were stopped: 0.0047548 seconds, Stopping threads took: 0.0000197 seconds
19.850: [GC (Allocation Failure)  873642K->553610K(1034240K), 0.0057030 secs]
19.856: Total time for which application threads were stopped: 0.0058765 seconds, Stopping threads took: 0.0000185 seconds
19.924: [GC (Allocation Failure)  874122K->561196K(1033216K), 0.0053756 secs]
19.930: Total time for which application threads were stopped: 0.0055346 seconds, Stopping threads took: 0.0000194 seconds
19.997: [GC (Allocation Failure)  880684K->561196K(1033728K), 0.0049558 secs]
20.002: Total time for which application threads were stopped: 0.0051219 seconds, Stopping threads took: 0.0000187 seconds
20.068: [GC (Allocation Failure)  880684K->561836K(1033216K), 0.0057835 secs]
20.074: Total time for which application threads were stopped: 0.0059621 seconds, Stopping threads took: 0.0000196 seconds
20.142: [GC (Allocation Failure)  881324K->569198K(1033728K), 0.0054383 secs]
20.148: Total time for which application threads were stopped: 0.0055867 seconds, Stopping threads took: 0.0000167 seconds
20.214: [GC (Allocation Failure)  888686K->569230K(1033728K), 0.0047692 secs]
20.219: Total time for which application threads were stopped: 0.0049380 seconds, Stopping threads took: 0.0000191 seconds
20.286: [GC (Allocation Failure)  888718K->569358K(1033728K), 0.0056582 secs]
20.291: Total time for which application threads were stopped: 0.0058236 seconds, Stopping threads took: 0.0000263 seconds
20.360: [GC (Allocation Failure)  888846K->577265K(1033728K), 0.0048654 secs]
20.365: Total time for which application threads were stopped: 0.0050545 seconds, Stopping threads took: 0.0000197 seconds
20.433: [GC (Allocation Failure)  896753K->577265K(1033728K), 0.0048654 secs]
20.438: Total time for which application threads were stopped: 0.0050204 seconds, Stopping threads took: 0.0000172 seconds
20.504: [GC (Allocation Failure)  896753K->578313K(1033728K), 0.0054205 secs]
20.510: Total time for which application threads were stopped: 0.0055900 seconds, Stopping threads took: 0.0000199 seconds
20.578: [GC (Allocation Failure)  897801K->585323K(1033728K), 0.0046785 secs]
20.583: Total time for which application threads were stopped: 0.0048716 seconds, Stopping threads took: 0.0000201 seconds
20.651: [GC (Allocation Failure)  904811K->585291K(1033728K), 0.0048479 secs]
20.656: Total time for which application threads were stopped: 0.0050055 seconds, Stopping threads took: 0.0000165 seconds
20.722: [GC (Allocation Failure)  904779K->585547K(1033728K), 0.0056764 secs]
20.728: Total time for which application threads were stopped: 0.0058464 seconds, Stopping threads took: 0.0000202 seconds
20.797: [GC (Allocation Failure)  905035K->593325K(1033728K), 0.0048010 secs]
20.802: Total time for which application threads were stopped: 0.0049658 seconds, Stopping threads took: 0.0000247 seconds
20.870: [GC (Allocation Failure)  912813K->593293K(1033728K), 0.0049867 secs]
20.875: Total time for which application threads were stopped: 0.0051466 seconds, Stopping threads took: 0.0000202 seconds
20.940: [GC (Allocation Failure)  912781K->594821K(1033728K), 0.0056795 secs]
20.946: Total time for which application threads were stopped: 0.0058418 seconds, Stopping threads took: 0.0000191 seconds
21.014: [GC (Allocation Failure)  914309K->601415K(1033728K), 0.0046795 secs]
21.018: Total time for which application threads were stopped: 0.0048658 seconds, Stopping threads took: 0.0000181 seconds
21.086: [GC (Allocation Failure)  920903K->601351K(1033728K), 0.0078465 secs]
21.094: Total time for which application threads were stopped: 0.0080077 seconds, Stopping threads took: 0.0000168 seconds
21.162: [GC (Allocation Failure)  920839K->601991K(1033728K), 0.0055322 secs]
21.168: Total time for which application threads were stopped: 0.0057278 seconds, Stopping threads took: 0.0000286 seconds
21.237: [GC (Allocation Failure)  921479K->609418K(1033728K), 0.0048881 secs]
21.242: Total time for which application threads were stopped: 0.0050589 seconds, Stopping threads took: 0.0000287 seconds
21.309: [GC (Allocation Failure)  928906K->609418K(1033728K), 0.0105887 secs]
21.320: Total time for which application threads were stopped: 0.0107406 seconds, Stopping threads took: 0.0000203 seconds
21.387: [GC (Allocation Failure)  928906K->609450K(1033728K), 0.0056438 secs]
21.393: Total time for which application threads were stopped: 0.0058332 seconds, Stopping threads took: 0.0000189 seconds
21.462: [GC (Allocation Failure)  928938K->617452K(1027072K), 0.0047036 secs]
21.466: Total time for which application threads were stopped: 0.0048631 seconds, Stopping threads took: 0.0000187 seconds
21.533: [GC (Allocation Failure)  936940K->617452K(1033216K), 0.0048270 secs]
21.538: Total time for which application threads were stopped: 0.0049950 seconds, Stopping threads took: 0.0000196 seconds
21.604: [GC (Allocation Failure)  935916K->618476K(1033216K), 0.0056993 secs]
21.610: Total time for which application threads were stopped: 0.0058732 seconds, Stopping threads took: 0.0000202 seconds
21.676: [GC (Allocation Failure)  936940K->625486K(1032704K), 0.0050277 secs]
21.682: Total time for which application threads were stopped: 0.0051885 seconds, Stopping threads took: 0.0000204 seconds
21.750: [GC (Allocation Failure)  943950K->625486K(1033216K), 0.0048061 secs]
21.755: Total time for which application threads were stopped: 0.0049731 seconds, Stopping threads took: 0.0000278 seconds
21.820: [GC (Allocation Failure)  943950K->625710K(1032704K), 0.0057603 secs]
21.825: Total time for which application threads were stopped: 0.0059540 seconds, Stopping threads took: 0.0000196 seconds
21.892: [GC (Allocation Failure)  944174K->633488K(1033216K), 0.0046890 secs]
21.896: Total time for which application threads were stopped: 0.0048479 seconds, Stopping threads took: 0.0000196 seconds
21.964: [GC (Allocation Failure)  951952K->633520K(1033216K), 0.0048463 secs]
21.968: Total time for which application threads were stopped: 0.0050074 seconds, Stopping threads took: 0.0000201 seconds
22.033: [GC (Allocation Failure)  951984K->633928K(1033216K), 0.0057497 secs]
22.039: Total time for which application threads were stopped: 0.0059323 seconds, Stopping threads took: 0.0000204 seconds
22.104: [GC (Allocation Failure)  952392K->641547K(1033216K), 0.0047917 secs]
22.109: Total time for which application threads were stopped: 0.0049512 seconds, Stopping threads took: 0.0000205 seconds
22.175: [GC (Allocation Failure)  960011K->641547K(1033216K), 0.0050036 secs]
22.180: Total time for which application threads were stopped: 0.0052063 seconds, Stopping threads took: 0.0000190 seconds
22.246: [GC (Allocation Failure)  960011K->642155K(1033216K), 0.0056592 secs]
22.252: Total time for which application threads were stopped: 0.0058162 seconds, Stopping threads took: 0.0000262 seconds
22.319: [GC (Allocation Failure)  960619K->649517K(1033216K), 0.0131026 secs]
22.332: Total time for which application threads were stopped: 0.0133089 seconds, Stopping threads took: 0.0000234 seconds
22.397: [GC (Allocation Failure)  967981K->649549K(1033216K), 0.0048688 secs]
22.402: Total time for which application threads were stopped: 0.0050178 seconds, Stopping threads took: 0.0000170 seconds
22.466: [GC (Allocation Failure)  968013K->649613K(1033216K), 0.0057593 secs]
22.472: Total time for which application threads were stopped: 0.0059168 seconds, Stopping threads took: 0.0000201 seconds
22.542: [GC (Allocation Failure)  968077K->657615K(1033216K), 0.0049073 secs]
22.547: Total time for which application threads were stopped: 0.0050943 seconds, Stopping threads took: 0.0000196 seconds
22.612: [GC (Allocation Failure)  976079K->657583K(1033216K), 0.0049901 secs]
22.617: Total time for which application threads were stopped: 0.0051519 seconds, Stopping threads took: 0.0000204 seconds
22.682: [GC (Allocation Failure)  976047K->657647K(1033216K), 0.0057472 secs]
22.688: Total time for which application threads were stopped: 0.0059076 seconds, Stopping threads took: 0.0000209 seconds
22.754: [GC (Allocation Failure)  976111K->665618K(1033216K), 0.0048317 secs]
22.759: Total time for which application threads were stopped: 0.0050038 seconds, Stopping threads took: 0.0000276 seconds
22.827: [GC (Allocation Failure)  984082K->665650K(1033216K), 0.0049831 secs]
22.832: Total time for which application threads were stopped: 0.0051698 seconds, Stopping threads took: 0.0000265 seconds
22.897: [GC (Allocation Failure)  984114K->665834K(1033216K), 0.0055878 secs]
22.902: Total time for which application threads were stopped: 0.0057522 seconds, Stopping threads took: 0.0000206 seconds
22.968: [GC (Allocation Failure)  984298K->673676K(1033216K), 0.0049200 secs]
22.973: Total time for which application threads were stopped: 0.0050857 seconds, Stopping threads took: 0.0000202 seconds
23.038: [GC (Allocation Failure)  992140K->673644K(1033216K), 0.0047325 secs]
23.043: Total time for which application threads were stopped: 0.0049245 seconds, Stopping threads took: 0.0000200 seconds
23.111: [GC (Allocation Failure)  992108K->674060K(1033216K), 0.0057833 secs]
23.117: Total time for which application threads were stopped: 0.0059427 seconds, Stopping threads took: 0.0000190 seconds
23.184: [GC (Allocation Failure)  992524K->681678K(1033216K), 0.0049718 secs]
23.189: Total time for which application threads were stopped: 0.0051526 seconds, Stopping threads took: 0.0000203 seconds
23.255: [GC (Allocation Failure)  1000142K->681678K(1033216K), 0.0048687 secs]
23.260: Total time for which application threads were stopped: 0.0050296 seconds, Stopping threads took: 0.0000192 seconds
23.326: [GC (Allocation Failure)  1000142K->681774K(1033216K), 0.0081078 secs]
23.334: [Full GC (Ergonomics)  681774K->8581K(1033216K), 0.0169920 secs]
23.351: Total time for which application threads were stopped: 0.0253701 seconds, Stopping threads took: 0.0000265 seconds
23.420: [GC (Allocation Failure)  327045K->16743K(1033216K), 0.0036379 secs]
23.423: Total time for which application threads were stopped: 0.0037862 seconds, Stopping threads took: 0.0000170 seconds
23.487: [GC (Allocation Failure)  335207K->12813K(1033216K), 0.0024701 secs]
23.490: Total time for which application threads were stopped: 0.0026301 seconds, Stopping threads took: 0.0000201 seconds
23.559: [GC (Allocation Failure)  331277K->16871K(1034240K), 0.0038743 secs]
23.563: Total time for which application threads were stopped: 0.0040578 seconds, Stopping threads took: 0.0000213 seconds
23.632: [GC (Allocation Failure)  336871K->20839K(1033728K), 0.0037064 secs]
23.636: Total time for which application threads were stopped: 0.0038780 seconds, Stopping threads took: 0.0000234 seconds
23.703: [GC (Allocation Failure)  340839K->28357K(1028096K), 0.0070693 secs]
23.710: Total time for which application threads were stopped: 0.0072681 seconds, Stopping threads took: 0.0000195 seconds
23.777: [GC (Allocation Failure)  342725K->22151K(1031168K), 0.0037488 secs]
23.781: Total time for which application threads were stopped: 0.0039108 seconds, Stopping threads took: 0.0000194 seconds
23.848: [GC (Allocation Failure)  336519K->22087K(1032192K), 0.0035734 secs]
23.851: Total time for which application threads were stopped: 0.0037361 seconds, Stopping threads took: 0.0000200 seconds
23.918: [GC (Allocation Failure)  337991K->23079K(1031680K), 0.0038958 secs]
23.922: Total time for which application threads were stopped: 0.0040573 seconds, Stopping threads took: 0.0000201 seconds
23.989: [GC (Allocation Failure)  338983K->30121K(1032704K), 0.0036061 secs]
23.992: Total time for which application threads were stopped: 0.0037759 seconds, Stopping threads took: 0.0000208 seconds
24.060: [GC (Allocation Failure)  347049K->30121K(1032192K), 0.0038253 secs]
24.064: Total time for which application threads were stopped: 0.0039824 seconds, Stopping threads took: 0.0000195 seconds
24.131: [GC (Allocation Failure)  347049K->33865K(1033216K), 0.0044614 secs]
24.135: Total time for which application threads were stopped: 0.0046192 seconds, Stopping threads took: 0.0000193 seconds
24.202: [GC (Allocation Failure)  351817K->38219K(1032704K), 0.0036795 secs]
24.206: Total time for which application threads were stopped: 0.0038376 seconds, Stopping threads took: 0.0000197 seconds
24.274: [GC (Allocation Failure)  356171K->38155K(1033728K), 0.0037149 secs]
24.278: Total time for which application threads were stopped: 0.0038818 seconds, Stopping threads took: 0.0000269 seconds
24.345: [GC (Allocation Failure)  357643K->42091K(1033728K), 0.0045526 secs]
24.350: Total time for which application threads were stopped: 0.0047209 seconds, Stopping threads took: 0.0000195 seconds
24.417: [GC (Allocation Failure)  361579K->46350K(1034240K), 0.0036977 secs]
24.421: Total time for which application threads were stopped: 0.0038546 seconds, Stopping threads took: 0.0000196 seconds
24.488: [GC (Allocation Failure)  366862K->46222K(1034240K), 0.0037308 secs]
24.492: Total time for which application threads were stopped: 0.0038973 seconds, Stopping threads took: 0.0000189 seconds
24.557: [GC (Allocation Failure)  366734K->47214K(1034240K), 0.0038521 secs]
24.561: Total time for which application threads were stopped: 0.0040261 seconds, Stopping threads took: 0.0000196 seconds
24.631: [GC (Allocation Failure)  367726K->54256K(1034240K), 0.0034455 secs]
24.634: Total time for which application threads were stopped: 0.0036350 seconds, Stopping threads took: 0.0000339 seconds
24.702: [GC (Allocation Failure)  374768K->54224K(1034240K), 0.0036671 secs]
24.706: Total time for which application threads were stopped: 0.0038345 seconds, Stopping threads took: 0.0000191 seconds
24.772: [GC (Allocation Failure)  374736K->57544K(1034240K), 0.0043237 secs]
24.776: Total time for which application threads were stopped: 0.0044828 seconds, Stopping threads took: 0.0000191 seconds
24.844: [GC (Allocation Failure)  378056K->62250K(1034752K), 0.0037974 secs]
24.848: Total time for which application threads were stopped: 0.0039866 seconds, Stopping threads took: 0.0000188 seconds
24.915: [GC (Allocation Failure)  383786K->62250K(1034752K), 0.0038968 secs]
24.919: Total time for which application threads were stopped: 0.0040508 seconds, Stopping threads took: 0.0000167 seconds
24.983: [GC (Allocation Failure)  383786K->65770K(1034752K), 0.0064693 secs]
24.990: Total time for which application threads were stopped: 0.0066209 seconds, Stopping threads took: 0.0000201 seconds
25.057: [GC (Allocation Failure)  387306K->70317K(1034752K), 0.0038864 secs]
25.061: Total time for which application threads were stopped: 0.0040376 seconds, Stopping threads took: 0.0000199 seconds
25.124: [GC (Allocation Failure)  391853K->70285K(1035264K), 0.0039404 secs]
25.128: Total time for which application threads were stopped: 0.0040887 seconds, Stopping threads took: 0.0000189 seconds
25.191: [GC (Allocation Failure)  392333K->71437K(1034752K), 0.0037092 secs]
25.195: Total time for which application threads were stopped: 0.0038481 seconds, Stopping threads took: 0.0000187 seconds
25.262: [GC (Allocation Failure)  393485K->78383K(1034752K), 0.0035003 secs]
25.266: Total time for which application threads were stopped: 0.0036325 seconds, Stopping threads took: 0.0000253 seconds
25.329: [GC (Allocation Failure)  399919K->78319K(1034752K), 0.0044541 secs]
25.334: Total time for which application threads were stopped: 0.0046003 seconds, Stopping threads took: 0.0000258 seconds
25.399: [GC (Allocation Failure)  399855K->81223K(1034752K), 0.0045085 secs]
25.404: Total time for which application threads were stopped: 0.0046681 seconds, Stopping threads took: 0.0000192 seconds
25.470: [GC (Allocation Failure)  402759K->86473K(1034752K), 0.0038476 secs]
25.474: Total time for which application threads were stopped: 0.0040080 seconds, Stopping threads took: 0.0000193 seconds
25.540: [GC (Allocation Failure)  408009K->86345K(1034752K), 0.0038318 secs]
25.544: Total time for which application threads were stopped: 0.0040017 seconds, Stopping threads took: 0.0000195 seconds
25.609: [GC (Allocation Failure)  407881K->90473K(1034752K), 0.0048437 secs]
25.614: Total time for which application threads were stopped: 0.0050215 seconds, Stopping threads took: 0.0000198 seconds
25.681: [GC (Allocation Failure)  412009K->94443K(1035264K), 0.0039939 secs]
25.685: Total time for which application threads were stopped: 0.0041568 seconds, Stopping threads took: 0.0000204 seconds
25.754: [GC (Allocation Failure)  417003K->94411K(1035264K), 0.0035506 secs]
25.757: Total time for which application threads were stopped: 0.0037067 seconds, Stopping threads took: 0.0000272 seconds
25.824: [GC (Allocation Failure)  416971K->97667K(1035264K), 0.0046396 secs]
25.829: Total time for which application threads were stopped: 0.0048347 seconds, Stopping threads took: 0.0000264 seconds
25.898: [GC (Allocation Failure)  420227K->102438K(1035264K), 0.0037830 secs]
25.902: Total time for which application threads were stopped: 0.0039424 seconds, Stopping threads took: 0.0000167 seconds
25.968: [GC (Allocation Failure)  424998K->102406K(1035264K), 0.0040956 secs]
25.973: Total time for which application threads were stopped: 0.0042659 seconds, Stopping threads took: 0.0000201 seconds
26.040: [GC (Allocation Failure)  424966K->105894K(1035264K), 0.0045217 secs]
26.045: Total time for which application threads were stopped: 0.0046827 seconds, Stopping threads took: 0.0000194 seconds
26.113: [GC (Allocation Failure)  428454K->110440K(1035776K), 0.0040785 secs]
26.117: Total time for which application threads were stopped: 0.0042466 seconds, Stopping threads took: 0.0000186 seconds
26.186: [GC (Allocation Failure)  434024K->110440K(1035776K), 0.0038277 secs]
26.190: Total time for which application threads were stopped: 0.0039986 seconds, Stopping threads took: 0.0000206 seconds
26.258: [GC (Allocation Failure)  434024K->112104K(1034752K), 0.0038787 secs]
26.262: Total time for which application threads were stopped: 0.0040455 seconds, Stopping threads took: 0.0000263 seconds
26.331: [GC (Allocation Failure)  434664K->118506K(1035264K), 0.0076903 secs]
26.339: Total time for which application threads were stopped: 0.0078386 seconds, Stopping threads took: 0.0000252 seconds
26.407: [GC (Allocation Failure)  441066K->118474K(1035264K), 0.0040054 secs]
26.411: Total time for which application threads were stopped: 0.0041787 seconds, Stopping threads took: 0.0000191 seconds
26.479: [GC (Allocation Failure)  441034K->120330K(1035264K), 0.0041047 secs]
26.483: Total time for which application threads were stopped: 0.0042958 seconds, Stopping threads took: 0.0000192 seconds
26.553: [GC (Allocation Failure)  442890K->126636K(1035264K), 0.0037881 secs]
26.557: Total time for which application threads were stopped: 0.0039701 seconds, Stopping threads took: 0.0000175 seconds
26.625: [GC (Allocation Failure)  449196K->126540K(1035264K), 0.0039311 secs]
26.629: Total time for which application threads were stopped: 0.0040931 seconds, Stopping threads took: 0.0000202 seconds
26.696: [GC (Allocation Failure)  449100K->128556K(1035264K), 0.0041722 secs]
26.700: Total time for which application threads were stopped: 0.0043421 seconds, Stopping threads took: 0.0000197 seconds
26.768: [GC (Allocation Failure)  451116K->134575K(1035264K), 0.0039382 secs]
26.772: Total time for which application threads were stopped: 0.0041164 seconds, Stopping threads took: 0.0000258 seconds
26.840: [GC (Allocation Failure)  457135K->134543K(1035264K), 0.0037604 secs]
26.843: Total time for which application threads were stopped: 0.0039290 seconds, Stopping threads took: 0.0000205 seconds
26.911: [GC (Allocation Failure)  457103K->128748K(1035264K), 0.0015028 secs]
26.912: Total time for which application threads were stopped: 0.0016446 seconds, Stopping threads took: 0.0000199 seconds
26.979: [GC (Allocation Failure)  451308K->134799K(1034240K), 0.0038160 secs]
26.983: Total time for which application threads were stopped: 0.0039862 seconds, Stopping threads took: 0.0000210 seconds
27.051: [GC (Allocation Failure)  456335K->134543K(1034752K), 0.0040410 secs]
27.055: Total time for which application threads were stopped: 0.0042051 seconds, Stopping threads took: 0.0000198 seconds
27.120: [GC (Allocation Failure)  456079K->130988K(1035264K), 0.0024391 secs]
27.123: Total time for which application threads were stopped: 0.0026068 seconds, Stopping threads took: 0.0000194 seconds
27.193: [GC (Allocation Failure)  453036K->134735K(1034752K), 0.0038202 secs]
27.197: Total time for which application threads were stopped: 0.0039772 seconds, Stopping threads took: 0.0000192 seconds
27.265: [GC (Allocation Failure)  456783K->134511K(1035264K), 0.0038924 secs]
27.269: Total time for which application threads were stopped: 0.0040605 seconds, Stopping threads took: 0.0000270 seconds
27.338: [GC (Allocation Failure)  457071K->134252K(1035264K), 0.0048152 secs]
27.343: Total time for which application threads were stopped: 0.0049688 seconds, Stopping threads took: 0.0000161 seconds
27.410: [GC (Allocation Failure)  456812K->134671K(1035776K), 0.0038954 secs]
27.414: Total time for which application threads were stopped: 0.0040649 seconds, Stopping threads took: 0.0000193 seconds
27.482: [GC (Allocation Failure)  457743K->134575K(1035264K), 0.0038153 secs]
27.486: Total time for which application threads were stopped: 0.0040085 seconds, Stopping threads took: 0.0000205 seconds
27.552: [GC (Allocation Failure)  457647K->139548K(1032704K), 0.0061911 secs]
27.558: Total time for which application threads were stopped: 0.0063624 seconds, Stopping threads took: 0.0000205 seconds
27.626: [GC (Allocation Failure)  460060K->134911K(1034240K), 0.0038891 secs]
27.630: Total time for which application threads were stopped: 0.0040681 seconds, Stopping threads took: 0.0000199 seconds
27.700: [GC (Allocation Failure)  455423K->134815K(1034752K), 0.0037520 secs]
27.704: Total time for which application threads were stopped: 0.0039060 seconds, Stopping threads took: 0.0000167 seconds
27.772: [GC (Allocation Failure)  455839K->138556K(1032704K), 0.0053195 secs]
27.778: Total time for which application threads were stopped: 0.0055101 seconds, Stopping threads took: 0.0000243 seconds
27.846: [GC (Allocation Failure)  459580K->134847K(1034752K), 0.0040603 secs]
27.850: Total time for which application threads were stopped: 0.0042634 seconds, Stopping threads took: 0.0000155 seconds
27.919: [GC (Allocation Failure)  455359K->134815K(1033728K), 0.0040343 secs]
27.923: Total time for which application threads were stopped: 0.0041999 seconds, Stopping threads took: 0.0000196 seconds
27.990: [GC (Allocation Failure)  455327K->137212K(1034240K), 0.0048533 secs]
27.995: Total time for which application threads were stopped: 0.0050101 seconds, Stopping threads took: 0.0000253 seconds
28.062: [GC (Allocation Failure)  458748K->135071K(1034752K), 0.0039414 secs]
28.067: Total time for which application threads were stopped: 0.0041091 seconds, Stopping threads took: 0.0000193 seconds
28.133: [GC (Allocation Failure)  456607K->134847K(1035776K), 0.0039508 secs]
28.138: Total time for which application threads were stopped: 0.0041170 seconds, Stopping threads took: 0.0000199 seconds
28.203: [GC (Allocation Failure)  457919K->139916K(1035264K), 0.0061543 secs]
28.209: Total time for which application threads were stopped: 0.0063240 seconds, Stopping threads took: 0.0000186 seconds
28.276: [GC (Allocation Failure)  462988K->135311K(1034240K), 0.0038881 secs]
28.280: Total time for which application threads were stopped: 0.0040614 seconds, Stopping threads took: 0.0000258 seconds
28.347: [GC (Allocation Failure)  456847K->135215K(1034752K), 0.0039197 secs]
28.351: Total time for which application threads were stopped: 0.0040968 seconds, Stopping threads took: 0.0000285 seconds
28.417: [GC (Allocation Failure)  456751K->143052K(1030144K), 0.0074702 secs]
28.424: Total time for which application threads were stopped: 0.0076281 seconds, Stopping threads took: 0.0000191 seconds
28.490: [GC (Allocation Failure)  460492K->137903K(1032704K), 0.0039487 secs]
28.494: Total time for which application threads were stopped: 0.0041062 seconds, Stopping threads took: 0.0000191 seconds
28.561: [GC (Allocation Failure)  455343K->137807K(1033728K), 0.0039150 secs]
28.565: Total time for which application threads were stopped: 0.0040800 seconds, Stopping threads took: 0.0000200 seconds
28.631: [GC (Allocation Failure)  456783K->136204K(1033216K), 0.0033521 secs]
28.635: Total time for which application threads were stopped: 0.0035282 seconds, Stopping threads took: 0.0000192 seconds
28.701: [GC (Allocation Failure)  455180K->137871K(1034240K), 0.0037769 secs]
28.705: Total time for which application threads were stopped: 0.0039427 seconds, Stopping threads took: 0.0000187 seconds
28.774: [GC (Allocation Failure)  457871K->137839K(1033728K), 0.0040469 secs]
28.778: Total time for which application threads were stopped: 0.0042218 seconds, Stopping threads took: 0.0000204 seconds
28.843: [GC (Allocation Failure)  457839K->131756K(1032704K), 0.0015701 secs]
28.845: Total time for which application threads were stopped: 0.0017159 seconds, Stopping threads took: 0.0000195 seconds
28.915: [GC (Allocation Failure)  451244K->137775K(1033728K), 0.0038301 secs]
28.919: Total time for which application threads were stopped: 0.0040212 seconds, Stopping threads took: 0.0000197 seconds
28.988: [GC (Allocation Failure)  457263K->137807K(1035264K), 0.0037929 secs]
28.992: Total time for which application threads were stopped: 0.0039687 seconds, Stopping threads took: 0.0000192 seconds
29.060: [GC (Allocation Failure)  459855K->141543K(1034752K), 0.0046963 secs]
29.065: Total time for which application threads were stopped: 0.0048554 seconds, Stopping threads took: 0.0000177 seconds
29.133: [GC (Allocation Failure)  463591K->146057K(1035264K), 0.0039752 secs]
29.137: Total time for which application threads were stopped: 0.0041702 seconds, Stopping threads took: 0.0000201 seconds
29.207: [GC (Allocation Failure)  468105K->145833K(1034752K), 0.0040721 secs]
29.211: Total time for which application threads were stopped: 0.0042300 seconds, Stopping threads took: 0.0000176 seconds
29.279: [GC (Allocation Failure)  467881K->140199K(1034752K), 0.0016460 secs]
29.280: Total time for which application threads were stopped: 0.0017926 seconds, Stopping threads took: 0.0000269 seconds
29.349: [GC (Allocation Failure)  462759K->145961K(1035264K), 0.0039528 secs]
29.353: Total time for which application threads were stopped: 0.0041025 seconds, Stopping threads took: 0.0000168 seconds
29.421: [GC (Allocation Failure)  468521K->145833K(1035776K), 0.0037304 secs]
29.425: Total time for which application threads were stopped: 0.0038901 seconds, Stopping threads took: 0.0000196 seconds
29.493: [GC (Allocation Failure)  468905K->145031K(1035264K), 0.0035485 secs]
29.497: Total time for which application threads were stopped: 0.0037181 seconds, Stopping threads took: 0.0000195 seconds
29.564: [GC (Allocation Failure)  468103K->145961K(1036288K), 0.0041408 secs]
29.568: Total time for which application threads were stopped: 0.0043219 seconds, Stopping threads took: 0.0000205 seconds
29.637: [GC (Allocation Failure)  470569K->145801K(1036288K), 0.0039245 secs]
29.641: Total time for which application threads were stopped: 0.0040941 seconds, Stopping threads took: 0.0000205 seconds
29.707: [GC (Allocation Failure)  470409K->153895K(1030656K), 0.0079408 secs]
29.715: Total time for which application threads were stopped: 0.0081439 seconds, Stopping threads took: 0.0000275 seconds
29.783: [GC (Allocation Failure)  473383K->150217K(1033728K), 0.0039202 secs]
29.787: Total time for which application threads were stopped: 0.0040955 seconds, Stopping threads took: 0.0000266 seconds
29.857: [GC (Allocation Failure)  469705K->150185K(1034752K), 0.0040206 secs]
29.861: Total time for which application threads were stopped: 0.0041936 seconds, Stopping threads took: 0.0000189 seconds
29.928: [GC (Allocation Failure)  471209K->154887K(1033216K), 0.0058840 secs]
29.934: Total time for which application threads were stopped: 0.0060777 seconds, Stopping threads took: 0.0000195 seconds
30.003: [GC (Allocation Failure)  475911K->150441K(1034240K), 0.0040809 secs]
30.007: Total time for which application threads were stopped: 0.0042462 seconds, Stopping threads took: 0.0000264 seconds
30.074: [GC (Allocation Failure)  470441K->150153K(1033728K), 0.0065808 secs]
30.081: Total time for which application threads were stopped: 0.0067579 seconds, Stopping threads took: 0.0000197 seconds
30.149: [GC (Allocation Failure)  470153K->152551K(1034752K), 0.0049643 secs]
30.154: Total time for which application threads were stopped: 0.0051329 seconds, Stopping threads took: 0.0000194 seconds
30.222: [GC (Allocation Failure)  474087K->150345K(1034752K), 0.0038277 secs]
30.226: Total time for which application threads were stopped: 0.0040075 seconds, Stopping threads took: 0.0000204 seconds
30.293: [GC (Allocation Failure)  471881K->150185K(1035264K), 0.0039034 secs]
30.297: Total time for which application threads were stopped: 0.0040780 seconds, Stopping threads took: 0.0000279 seconds
30.365: [GC (Allocation Failure)  472233K->154247K(1033728K), 0.0053836 secs]
30.370: Total time for which application threads were stopped: 0.0055475 seconds, Stopping threads took: 0.0000193 seconds
30.438: [GC (Allocation Failure)  476295K->150345K(1034752K), 0.0039635 secs]
30.442: Total time for which application threads were stopped: 0.0041387 seconds, Stopping threads took: 0.0000200 seconds
30.509: [GC (Allocation Failure)  471369K->150185K(1034240K), 0.0045665 secs]
30.514: Total time for which application threads were stopped: 0.0047327 seconds, Stopping threads took: 0.0000197 seconds
30.582: [GC (Allocation Failure)  471209K->154983K(1033216K), 0.0058356 secs]
30.588: Total time for which application threads were stopped: 0.0060017 seconds, Stopping threads took: 0.0000194 seconds
30.654: [GC (Allocation Failure)  475495K->150281K(1034240K), 0.0038616 secs]
30.658: Total time for which application threads were stopped: 0.0040393 seconds, Stopping threads took: 0.0000194 seconds
30.727: [GC (Allocation Failure)  470793K->150185K(1034752K), 0.0038824 secs]
30.731: Total time for which application threads were stopped: 0.0040583 seconds, Stopping threads took: 0.0000216 seconds
30.800: [GC (Allocation Failure)  471209K->153671K(1034240K), 0.0052870 secs]
30.806: Total time for which application threads were stopped: 0.0054692 seconds, Stopping threads took: 0.0000253 seconds
30.873: [GC (Allocation Failure)  474695K->150249K(1034240K), 0.0037067 secs]
30.876: Total time for which application threads were stopped: 0.0038760 seconds, Stopping threads took: 0.0000196 seconds
30.944: [GC (Allocation Failure)  470761K->150217K(1034240K), 0.0040976 secs]
30.948: Total time for which application threads were stopped: 0.0042769 seconds, Stopping threads took: 0.0000203 seconds
31.015: [GC (Allocation Failure)  470729K->152295K(1034752K), 0.0048689 secs]
31.020: Total time for which application threads were stopped: 0.0050380 seconds, Stopping threads took: 0.0000191 seconds
31.088: [GC (Allocation Failure)  473831K->150441K(1034752K), 0.0063958 secs]
31.095: Total time for which application threads were stopped: 0.0065888 seconds, Stopping threads took: 0.0000201 seconds
31.163: [GC (Allocation Failure)  471977K->150185K(1035264K), 0.0040126 secs]
31.167: Total time for which application threads were stopped: 0.0041880 seconds, Stopping threads took: 0.0000276 seconds
31.234: [GC (Allocation Failure)  472745K->154599K(1034752K), 0.0056078 secs]
31.240: Total time for which application threads were stopped: 0.0057652 seconds, Stopping threads took: 0.0000188 seconds
31.308: [GC (Allocation Failure)  477159K->150377K(1034752K), 0.0038776 secs]
31.312: Total time for which application threads were stopped: 0.0040341 seconds, Stopping threads took: 0.0000255 seconds
31.381: [GC (Allocation Failure)  471913K->150217K(1034752K), 0.0037294 secs]
31.384: Total time for which application threads were stopped: 0.0038872 seconds, Stopping threads took: 0.0000197 seconds
31.452: [GC (Allocation Failure)  471753K->156783K(1031680K), 0.0067767 secs]
31.459: Total time for which application threads were stopped: 0.0069353 seconds, Stopping threads took: 0.0000191 seconds
31.528: [GC (Allocation Failure)  475247K->151153K(1033216K), 0.0038399 secs]
31.532: Total time for which application threads were stopped: 0.0040038 seconds, Stopping threads took: 0.0000200 seconds
31.599: [GC (Allocation Failure)  469617K->151025K(1033728K), 0.0041066 secs]
31.603: Total time for which application threads were stopped: 0.0043037 seconds, Stopping threads took: 0.0000196 seconds
31.670: [GC (Allocation Failure)  470513K->150671K(1033728K), 0.0037164 secs]
31.674: Total time for which application threads were stopped: 0.0038944 seconds, Stopping threads took: 0.0000192 seconds
31.741: [GC (Allocation Failure)  470159K->151089K(1034240K), 0.0039437 secs]
31.745: Total time for which application threads were stopped: 0.0041135 seconds, Stopping threads took: 0.0000195 seconds
31.813: [GC (Allocation Failure)  471601K->151025K(1034240K), 0.0040278 secs]
31.817: Total time for which application threads were stopped: 0.0042107 seconds, Stopping threads took: 0.0000265 seconds
31.885: [GC (Allocation Failure)  471537K->147823K(1033728K), 0.0026307 secs]
31.887: Total time for which application threads were stopped: 0.0027911 seconds, Stopping threads took: 0.0000197 seconds
31.955: [GC (Allocation Failure)  468335K->151057K(1034240K), 0.0042637 secs]
31.960: Total time for which application threads were stopped: 0.0044324 seconds, Stopping threads took: 0.0000197 seconds
32.028: [GC (Allocation Failure)  471569K->151025K(1035264K), 0.0038706 secs]
32.032: Total time for which application threads were stopped: 0.0040464 seconds, Stopping threads took: 0.0000224 seconds
32.099: [GC (Allocation Failure)  473073K->147503K(1034752K), 0.0025754 secs]
32.102: Total time for which application threads were stopped: 0.0027432 seconds, Stopping threads took: 0.0000198 seconds
32.171: [GC (Allocation Failure)  469551K->151281K(1035776K), 0.0038166 secs]
32.175: Total time for which application threads were stopped: 0.0039878 seconds, Stopping threads took: 0.0000205 seconds
32.245: [GC (Allocation Failure)  474353K->151025K(1035264K), 0.0039048 secs]
32.249: Total time for which application threads were stopped: 0.0040969 seconds, Stopping threads took: 0.0000199 seconds
32.316: [GC (Allocation Failure)  474097K->152303K(1035776K), 0.0056072 secs]
32.321: Total time for which application threads were stopped: 0.0057674 seconds, Stopping threads took: 0.0000225 seconds
32.392: [GC (Allocation Failure)  475887K->151185K(1035776K), 0.0037911 secs]
32.395: Total time for which application threads were stopped: 0.0039491 seconds, Stopping threads took: 0.0000167 seconds
32.464: [GC (Allocation Failure)  474769K->151025K(1036800K), 0.0038898 secs]
32.468: Total time for which application threads were stopped: 0.0040691 seconds, Stopping threads took: 0.0000209 seconds
32.536: [GC (Allocation Failure)  476145K->144815K(1026560K), 0.0014015 secs]
32.538: Total time for which application threads were stopped: 0.0015530 seconds, Stopping threads took: 0.0000209 seconds
32.608: [GC (Allocation Failure)  469935K->151161K(1036288K), 0.0039771 secs]
32.612: Total time for which application threads were stopped: 0.0041346 seconds, Stopping threads took: 0.0000188 seconds
32.681: [GC (Allocation Failure)  475257K->155129K(1035776K), 0.0044311 secs]
32.686: Total time for which application threads were stopped: 0.0046010 seconds, Stopping threads took: 0.0000196 seconds
32.755: [GC (Allocation Failure)  479225K->155161K(1036800K), 0.0037993 secs]
32.759: Total time for which application threads were stopped: 0.0040066 seconds, Stopping threads took: 0.0000272 seconds
32.826: [GC (Allocation Failure)  480281K->155249K(1025024K), 0.0041114 secs]
32.831: Total time for which application threads were stopped: 0.0042937 seconds, Stopping threads took: 0.0000198 seconds
32.899: [GC (Allocation Failure)  480369K->163219K(1035776K), 0.0039931 secs]
32.903: Total time for which application threads were stopped: 0.0041623 seconds, Stopping threads took: 0.0000194 seconds
32.973: [GC (Allocation Failure)  486803K->163219K(1035776K), 0.0041410 secs]
32.978: Total time for which application threads were stopped: 0.0043261 seconds, Stopping threads took: 0.0000225 seconds
33.046: [GC (Allocation Failure)  486803K->163467K(1034240K), 0.0046744 secs]
33.051: Total time for which application threads were stopped: 0.0048395 seconds, Stopping threads took: 0.0000189 seconds
33.118: [GC (Allocation Failure)  486027K->171213K(1035264K), 0.0039455 secs]
33.122: Total time for which application threads were stopped: 0.0041448 seconds, Stopping threads took: 0.0000218 seconds
33.192: [GC (Allocation Failure)  493773K->171213K(1035776K), 0.0039900 secs]
33.196: Total time for which application threads were stopped: 0.0041474 seconds, Stopping threads took: 0.0000173 seconds
33.264: [GC (Allocation Failure)  494285K->171237K(1035264K), 0.0039601 secs]
33.268: Total time for which application threads were stopped: 0.0041282 seconds, Stopping threads took: 0.0000267 seconds
33.337: [GC (Allocation Failure)  494309K->179240K(1034240K), 0.0067778 secs]
33.344: Total time for which application threads were stopped: 0.0069245 seconds, Stopping threads took: 0.0000143 seconds
33.413: [GC (Allocation Failure)  500776K->179208K(1034752K), 0.0041840 secs]
33.417: Total time for which application threads were stopped: 0.0043518 seconds, Stopping threads took: 0.0000222 seconds
33.483: [GC (Allocation Failure)  500744K->179432K(1034240K), 0.0040048 secs]
33.487: Total time for which application threads were stopped: 0.0042172 seconds, Stopping threads took: 0.0000447 seconds
33.555: [GC (Allocation Failure)  500968K->187274K(1034752K), 0.0040057 secs]
33.559: Total time for which application threads were stopped: 0.0041870 seconds, Stopping threads took: 0.0000205 seconds
33.626: [GC (Allocation Failure)  508810K->187274K(1034752K), 0.0048093 secs]
33.631: Total time for which application threads were stopped: 0.0049791 seconds, Stopping threads took: 0.0000205 seconds
33.696: [GC (Allocation Failure)  508810K->187426K(1021440K), 0.0041054 secs]
33.700: Total time for which application threads were stopped: 0.0042647 seconds, Stopping threads took: 0.0000199 seconds
33.768: [GC (Allocation Failure)  508962K->195300K(1034240K), 0.0039691 secs]
33.773: Total time for which application threads were stopped: 0.0041371 seconds, Stopping threads took: 0.0000280 seconds
33.840: [GC (Allocation Failure)  515812K->195300K(1034240K), 0.0039604 secs]
33.844: Total time for which application threads were stopped: 0.0041413 seconds, Stopping threads took: 0.0000252 seconds
33.911: [GC (Allocation Failure)  515812K->195364K(1034240K), 0.0042457 secs]
33.916: Total time for which application threads were stopped: 0.0044623 seconds, Stopping threads took: 0.0000197 seconds
33.985: [GC (Allocation Failure)  515876K->203334K(1034240K), 0.0040472 secs]
33.989: Total time for which application threads were stopped: 0.0042146 seconds, Stopping threads took: 0.0000198 seconds
34.057: [GC (Allocation Failure)  523846K->203334K(1034240K), 0.0039536 secs]
34.061: Total time for which application threads were stopped: 0.0041119 seconds, Stopping threads took: 0.0000194 seconds
34.127: [GC (Allocation Failure)  523846K->203622K(1020416K), 0.0039374 secs]
34.131: Total time for which application threads were stopped: 0.0041057 seconds, Stopping threads took: 0.0000198 seconds
34.199: [GC (Allocation Failure)  524134K->211369K(1033728K), 0.0039372 secs]
34.203: Total time for which application threads were stopped: 0.0040953 seconds, Stopping threads took: 0.0000193 seconds
34.270: [GC (Allocation Failure)  530857K->211369K(1033728K), 0.0040008 secs]
34.274: Total time for which application threads were stopped: 0.0042115 seconds, Stopping threads took: 0.0000582 seconds
34.341: [GC (Allocation Failure)  530857K->211881K(1033728K), 0.0040832 secs]
34.345: Total time for which application threads were stopped: 0.0042432 seconds, Stopping threads took: 0.0000191 seconds
34.413: [GC (Allocation Failure)  531369K->219403K(1033728K), 0.0039503 secs]
34.417: Total time for which application threads were stopped: 0.0041294 seconds, Stopping threads took: 0.0000198 seconds
34.484: [GC (Allocation Failure)  538891K->219403K(1033728K), 0.0041967 secs]
34.489: Total time for which application threads were stopped: 0.0043814 seconds, Stopping threads took: 0.0000199 seconds
34.555: [GC (Allocation Failure)  538891K->219595K(1033728K), 0.0040750 secs]
34.559: Total time for which application threads were stopped: 0.0042462 seconds, Stopping threads took: 0.0000202 seconds
34.627: [GC (Allocation Failure)  539083K->227437K(1033728K), 0.0039397 secs]
34.631: Total time for which application threads were stopped: 0.0041097 seconds, Stopping threads took: 0.0000195 seconds
34.700: [GC (Allocation Failure)  546925K->227437K(1033728K), 0.0041826 secs]
34.704: Total time for which application threads were stopped: 0.0043569 seconds, Stopping threads took: 0.0000211 seconds
34.771: [GC (Allocation Failure)  546925K->227565K(1032704K), 0.0041410 secs]
34.775: Total time for which application threads were stopped: 0.0043145 seconds, Stopping threads took: 0.0000261 seconds
34.842: [GC (Allocation Failure)  546029K->235504K(1033216K), 0.0048842 secs]
34.847: Total time for which application threads were stopped: 0.0050578 seconds, Stopping threads took: 0.0000203 seconds
34.913: [GC (Allocation Failure)  553968K->235472K(1033216K), 0.0040152 secs]
34.917: Total time for which application threads were stopped: 0.0041819 seconds, Stopping threads took: 0.0000198 seconds
34.982: [GC (Allocation Failure)  553936K->235528K(1033216K), 0.0040594 secs]
34.986: Total time for which application threads were stopped: 0.0042298 seconds, Stopping threads took: 0.0000204 seconds
35.053: [GC (Allocation Failure)  553992K->243498K(1033216K), 0.0042525 secs]
35.057: Total time for which application threads were stopped: 0.0044211 seconds, Stopping threads took: 0.0000206 seconds
35.123: [GC (Allocation Failure)  561962K->239208K(1033216K), 0.0026858 secs]
35.125: Total time for which application threads were stopped: 0.0028603 seconds, Stopping threads took: 0.0000329 seconds
35.193: [GC (Allocation Failure)  557672K->243794K(1034752K), 0.0041703 secs]
35.197: Total time for which application threads were stopped: 0.0043668 seconds, Stopping threads took: 0.0000213 seconds
35.265: [GC (Allocation Failure)  564306K->247666K(1033728K), 0.0042799 secs]
35.270: Total time for which application threads were stopped: 0.0044523 seconds, Stopping threads took: 0.0000260 seconds
35.338: [GC (Allocation Failure)  568178K->255816K(1028096K), 0.0076595 secs]
35.345: Total time for which application threads were stopped: 0.0078556 seconds, Stopping threads took: 0.0000176 seconds
35.411: [GC (Allocation Failure)  570184K->249738K(1031168K), 0.0041403 secs]
35.415: Total time for which application threads were stopped: 0.0042988 seconds, Stopping threads took: 0.0000165 seconds
35.482: [GC (Allocation Failure)  564106K->249546K(1032192K), 0.0040001 secs]
35.486: Total time for which application threads were stopped: 0.0041695 seconds, Stopping threads took: 0.0000203 seconds
35.552: [GC (Allocation Failure)  565450K->251138K(1031680K), 0.0045194 secs]
35.557: Total time for which application threads were stopped: 0.0047190 seconds, Stopping threads took: 0.0000211 seconds
35.625: [GC (Allocation Failure)  567042K->257668K(1032704K), 0.0041183 secs]
35.629: Total time for which application threads were stopped: 0.0042868 seconds, Stopping threads took: 0.0000166 seconds
35.697: [GC (Allocation Failure)  574596K->257604K(1032192K), 0.0041935 secs]
35.701: Total time for which application threads were stopped: 0.0043636 seconds, Stopping threads took: 0.0000189 seconds
35.765: [GC (Allocation Failure)  574532K->257828K(1032704K), 0.0041983 secs]
35.770: Total time for which application threads were stopped: 0.0043691 seconds, Stopping threads took: 0.0000254 seconds
35.836: [GC (Allocation Failure)  575268K->265670K(1032704K), 0.0042206 secs]
35.840: Total time for which application threads were stopped: 0.0043928 seconds, Stopping threads took: 0.0000283 seconds
35.907: [GC (Allocation Failure)  583110K->265638K(1033216K), 0.0040259 secs]
35.911: Total time for which application threads were stopped: 0.0041917 seconds, Stopping threads took: 0.0000194 seconds
35.977: [GC (Allocation Failure)  583590K->267662K(1032704K), 0.0043151 secs]
35.981: Total time for which application threads were stopped: 0.0044726 seconds, Stopping threads took: 0.0000192 seconds
36.049: [GC (Allocation Failure)  585614K->273649K(1033216K), 0.0042401 secs]
36.053: Total time for which application threads were stopped: 0.0044161 seconds, Stopping threads took: 0.0000197 seconds
36.122: [GC (Allocation Failure)  592113K->273649K(1033216K), 0.0041472 secs]
36.127: Total time for which application threads were stopped: 0.0043010 seconds, Stopping threads took: 0.0000176 seconds
36.191: [GC (Allocation Failure)  592113K->275337K(1033728K), 0.0042758 secs]
36.195: Total time for which application threads were stopped: 0.0044356 seconds, Stopping threads took: 0.0000198 seconds
36.264: [GC (Allocation Failure)  594825K->281707K(1033728K), 0.0039903 secs]
36.268: Total time for which application threads were stopped: 0.0041478 seconds, Stopping threads took: 0.0000254 seconds
36.335: [GC (Allocation Failure)  601195K->281707K(1033728K), 0.0047713 secs]
36.340: Total time for which application threads were stopped: 0.0049330 seconds, Stopping threads took: 0.0000217 seconds
36.406: [GC (Allocation Failure)  601195K->282563K(1033728K), 0.0049782 secs]
36.411: Total time for which application threads were stopped: 0.0051372 seconds, Stopping threads took: 0.0000172 seconds
36.480: [GC (Allocation Failure)  602051K->289733K(1033728K), 0.0040789 secs]
36.484: Total time for which application threads were stopped: 0.0042468 seconds, Stopping threads took: 0.0000215 seconds
36.550: [GC (Allocation Failure)  609221K->289701K(1033728K), 0.0044328 secs]
36.555: Total time for which application threads were stopped: 0.0045967 seconds, Stopping threads took: 0.0000190 seconds
36.619: [GC (Allocation Failure)  609189K->289741K(1033728K), 0.0042523 secs]
36.624: Total time for which application threads were stopped: 0.0044334 seconds, Stopping threads took: 0.0000201 seconds
36.693: [GC (Allocation Failure)  609229K->297775K(1033728K), 0.0041047 secs]
36.697: Total time for which application threads were stopped: 0.0042693 seconds, Stopping threads took: 0.0000196 seconds
36.763: [GC (Allocation Failure)  617263K->297775K(1033728K), 0.0040301 secs]
36.767: Total time for which application threads were stopped: 0.0041949 seconds, Stopping threads took: 0.0000258 seconds
36.832: [GC (Allocation Failure)  617263K->297991K(1033728K), 0.0043689 secs]
36.836: Total time for which application threads were stopped: 0.0045367 seconds, Stopping threads took: 0.0000277 seconds
36.904: [GC (Allocation Failure)  617479K->305802K(1033728K), 0.0043124 secs]
36.908: Total time for which application threads were stopped: 0.0044752 seconds, Stopping threads took: 0.0000196 seconds
36.974: [GC (Allocation Failure)  625290K->305802K(1033728K), 0.0042305 secs]
36.979: Total time for which application threads were stopped: 0.0043987 seconds, Stopping threads took: 0.0000196 seconds
37.043: [GC (Allocation Failure)  625290K->306226K(1033728K), 0.0065236 secs]
37.050: Total time for which application threads were stopped: 0.0066920 seconds, Stopping threads took: 0.0000192 seconds
37.117: [GC (Allocation Failure)  625714K->313844K(1027072K), 0.0041260 secs]
37.122: Total time for which application threads were stopped: 0.0042995 seconds, Stopping threads took: 0.0000191 seconds
37.187: [GC (Allocation Failure)  633332K->313812K(1033728K), 0.0043719 secs]
37.191: Total time for which application threads were stopped: 0.0045415 seconds, Stopping threads took: 0.0000187 seconds
37.259: [GC (Allocation Failure)  632788K->314988K(1033216K), 0.0043555 secs]
37.263: Total time for which application threads were stopped: 0.0045146 seconds, Stopping threads took: 0.0000179 seconds
37.331: [GC (Allocation Failure)  633964K->321838K(1033728K), 0.0049706 secs]
37.336: Total time for which application threads were stopped: 0.0051275 seconds, Stopping threads took: 0.0000248 seconds
37.403: [GC (Allocation Failure)  641326K->321838K(1033728K), 0.0043289 secs]
37.408: Total time for which application threads were stopped: 0.0044914 seconds, Stopping threads took: 0.0000200 seconds
37.474: [GC (Allocation Failure)  641326K->322694K(1033728K), 0.0044879 secs]
37.479: Total time for which application threads were stopped: 0.0046878 seconds, Stopping threads took: 0.0000201 seconds
37.546: [GC (Allocation Failure)  642182K->329928K(1033728K), 0.0043001 secs]
37.550: Total time for which application threads were stopped: 0.0044749 seconds, Stopping threads took: 0.0000207 seconds
37.618: [GC (Allocation Failure)  649416K->329832K(1033728K), 0.0041541 secs]
37.622: Total time for which application threads were stopped: 0.0043222 seconds, Stopping threads took: 0.0000203 seconds
37.686: [GC (Allocation Failure)  649320K->330952K(1033728K), 0.0044110 secs]
37.691: Total time for which application threads were stopped: 0.0045738 seconds, Stopping threads took: 0.0000194 seconds
37.756: [GC (Allocation Failure)  650440K->337931K(1033728K), 0.0042369 secs]
37.761: Total time for which application threads were stopped: 0.0044040 seconds, Stopping threads took: 0.0000213 seconds
37.828: [GC (Allocation Failure)  657419K->337899K(1033728K), 0.0041016 secs]
37.832: Total time for which application threads were stopped: 0.0042940 seconds, Stopping threads took: 0.0000198 seconds
37.899: [GC (Allocation Failure)  657387K->338147K(1033728K), 0.0047905 secs]
37.904: Total time for which application threads were stopped: 0.0049469 seconds, Stopping threads took: 0.0000172 seconds
37.970: [GC (Allocation Failure)  657635K->345925K(1033728K), 0.0044453 secs]
37.974: Total time for which application threads were stopped: 0.0046033 seconds, Stopping threads took: 0.0000195 seconds
38.042: [GC (Allocation Failure)  665413K->345925K(1033728K), 0.0042903 secs]
38.046: Total time for which application threads were stopped: 0.0044510 seconds, Stopping threads took: 0.0000194 seconds
38.111: [GC (Allocation Failure)  665413K->346373K(1033728K), 0.0043823 secs]
38.116: Total time for which application threads were stopped: 0.0045441 seconds, Stopping threads took: 0.0000194 seconds
38.185: [GC (Allocation Failure)  665861K->353991K(1032704K), 0.0046209 secs]
38.190: Total time for which application threads were stopped: 0.0048021 seconds, Stopping threads took: 0.0000198 seconds
38.258: [GC (Allocation Failure)  672455K->353959K(1033216K), 0.0044804 secs]
38.263: Total time for which application threads were stopped: 0.0046730 seconds, Stopping threads took: 0.0000196 seconds
38.328: [GC (Allocation Failure)  672423K->354599K(1033216K), 0.0049838 secs]
38.333: Total time for which application threads were stopped: 0.0051523 seconds, Stopping threads took: 0.0000200 seconds
38.401: [GC (Allocation Failure)  673063K->362026K(1033216K), 0.0046629 secs]
38.406: Total time for which application threads were stopped: 0.0048304 seconds, Stopping threads took: 0.0000197 seconds
38.472: [GC (Allocation Failure)  680490K->362026K(1033216K), 0.0043258 secs]
38.476: Total time for which application threads were stopped: 0.0044862 seconds, Stopping threads took: 0.0000195 seconds
38.541: [GC (Allocation Failure)  680490K->362826K(1033216K), 0.0046576 secs]
38.545: Total time for which application threads were stopped: 0.0048246 seconds, Stopping threads took: 0.0000197 seconds
38.611: [GC (Allocation Failure)  681290K->370060K(1033216K), 0.0042511 secs]
38.615: Total time for which application threads were stopped: 0.0044229 seconds, Stopping threads took: 0.0000202 seconds
38.684: [GC (Allocation Failure)  688524K->370028K(1033216K), 0.0044263 secs]
38.689: Total time for which application threads were stopped: 0.0046215 seconds, Stopping threads took: 0.0000204 seconds
38.756: [GC (Allocation Failure)  688492K->370092K(1033216K), 0.0043405 secs]
38.760: Total time for which application threads were stopped: 0.0045137 seconds, Stopping threads took: 0.0000263 seconds
38.829: [GC (Allocation Failure)  688556K->378094K(1033216K), 0.0042118 secs]
38.833: Total time for which application threads were stopped: 0.0043949 seconds, Stopping threads took: 0.0000173 seconds
38.900: [GC (Allocation Failure)  696558K->378062K(1033216K), 0.0043989 secs]
38.904: Total time for which application threads were stopped: 0.0045541 seconds, Stopping threads took: 0.0000166 seconds
38.970: [GC (Allocation Failure)  696526K->378278K(1033216K), 0.0043075 secs]
38.975: Total time for which application threads were stopped: 0.0044817 seconds, Stopping threads took: 0.0000191 seconds
39.041: [GC (Allocation Failure)  696742K->386120K(1033216K), 0.0042790 secs]
39.046: Total time for which application threads were stopped: 0.0044594 seconds, Stopping threads took: 0.0000214 seconds
39.111: [GC (Allocation Failure)  704584K->386088K(1033216K), 0.0045531 secs]
39.116: Total time for which application threads were stopped: 0.0047257 seconds, Stopping threads took: 0.0000200 seconds
39.180: [GC (Allocation Failure)  704552K->386536K(1033216K), 0.0045279 secs]
39.185: Total time for which application threads were stopped: 0.0047027 seconds, Stopping threads took: 0.0000205 seconds
39.252: [GC (Allocation Failure)  705000K->394123K(1033216K), 0.0040598 secs]
39.256: Total time for which application threads were stopped: 0.0042334 seconds, Stopping threads took: 0.0000210 seconds
39.322: [GC (Allocation Failure)  712587K->394091K(1033216K), 0.0043895 secs]
39.326: Total time for which application threads were stopped: 0.0045546 seconds, Stopping threads took: 0.0000269 seconds
39.391: [GC (Allocation Failure)  712555K->394251K(1033216K), 0.0043196 secs]
39.396: Total time for which application threads were stopped: 0.0044879 seconds, Stopping threads took: 0.0000197 seconds
39.461: [GC (Allocation Failure)  712715K->402189K(1033216K), 0.0043986 secs]
39.465: Total time for which application threads were stopped: 0.0045582 seconds, Stopping threads took: 0.0000198 seconds
39.532: [GC (Allocation Failure)  720653K->402157K(1033216K), 0.0046794 secs]
39.537: Total time for which application threads were stopped: 0.0048453 seconds, Stopping threads took: 0.0000196 seconds
39.601: [GC (Allocation Failure)  720621K->402221K(1033216K), 0.0043846 secs]
39.606: Total time for which application threads were stopped: 0.0045601 seconds, Stopping threads took: 0.0000194 seconds
39.672: [GC (Allocation Failure)  720685K->410223K(1033216K), 0.0044534 secs]
39.677: Total time for which application threads were stopped: 0.0046232 seconds, Stopping threads took: 0.0000207 seconds
39.743: [GC (Allocation Failure)  728687K->405613K(1033728K), 0.0030390 secs]
39.746: Total time for which application threads were stopped: 0.0032099 seconds, Stopping threads took: 0.0000200 seconds
39.814: [GC (Allocation Failure)  724589K->410431K(1033216K), 0.0045543 secs]
39.818: Total time for which application threads were stopped: 0.0047293 seconds, Stopping threads took: 0.0000255 seconds
39.886: [GC (Allocation Failure)  729407K->414335K(1033728K), 0.0043241 secs]
39.890: Total time for which application threads were stopped: 0.0044955 seconds, Stopping threads took: 0.0000209 seconds
39.958: [GC (Allocation Failure)  734847K->421221K(1034240K), 0.0073929 secs]
39.965: Total time for which application threads were stopped: 0.0075663 seconds, Stopping threads took: 0.0000197 seconds
40.034: [GC (Allocation Failure)  741733K->415111K(1030144K), 0.0045288 secs]
40.039: Total time for which application threads were stopped: 0.0047089 seconds, Stopping threads took: 0.0000204 seconds
40.106: [GC (Allocation Failure)  731527K->414951K(1032192K), 0.0043775 secs]
40.110: Total time for which application threads were stopped: 0.0045370 seconds, Stopping threads took: 0.0000201 seconds
40.176: [GC (Allocation Failure)  731367K->411845K(1033216K), 0.0031310 secs]
40.180: Total time for which application threads were stopped: 0.0032837 seconds, Stopping threads took: 0.0000192 seconds
40.248: [GC (Allocation Failure)  729797K->415079K(1032704K), 0.0045614 secs]
40.252: Total time for which application threads were stopped: 0.0047320 seconds, Stopping threads took: 0.0000195 seconds
40.319: [GC (Allocation Failure)  733031K->414951K(1033728K), 0.0059964 secs]
40.326: Total time for which application threads were stopped: 0.0061598 seconds, Stopping threads took: 0.0000255 seconds
40.392: [GC (Allocation Failure)  733927K->415463K(1033216K), 0.0044108 secs]
40.396: Total time for which application threads were stopped: 0.0045806 seconds, Stopping threads took: 0.0000198 seconds
40.463: [GC (Allocation Failure)  734439K->423017K(1033728K), 0.0045547 secs]
40.468: Total time for which application threads were stopped: 0.0047186 seconds, Stopping threads took: 0.0000202 seconds
40.535: [GC (Allocation Failure)  741993K->422985K(1033216K), 0.0043181 secs]
40.539: Total time for which application threads were stopped: 0.0044772 seconds, Stopping threads took: 0.0000189 seconds
40.606: [GC (Allocation Failure)  741961K->425257K(1033728K), 0.0048680 secs]
40.611: Total time for which application threads were stopped: 0.0050262 seconds, Stopping threads took: 0.0000194 seconds
40.677: [GC (Allocation Failure)  744745K->431052K(1033728K), 0.0044171 secs]
40.681: Total time for which application threads were stopped: 0.0045937 seconds, Stopping threads took: 0.0000195 seconds
40.748: [GC (Allocation Failure)  750540K->430988K(1034240K), 0.0045028 secs]
40.753: Total time for which application threads were stopped: 0.0046602 seconds, Stopping threads took: 0.0000185 seconds
40.818: [GC (Allocation Failure)  751500K->433484K(1034240K), 0.0048744 secs]
40.823: Total time for which application threads were stopped: 0.0050357 seconds, Stopping threads took: 0.0000194 seconds
40.890: [GC (Allocation Failure)  753996K->439118K(1034240K), 0.0047161 secs]
40.895: Total time for which application threads were stopped: 0.0048821 seconds, Stopping threads took: 0.0000197 seconds
40.963: [GC (Allocation Failure)  759630K->439054K(1034240K), 0.0045069 secs]
40.967: Total time for which application threads were stopped: 0.0046980 seconds, Stopping threads took: 0.0000191 seconds
41.036: [GC (Allocation Failure)  759566K->439662K(1034240K), 0.0045025 secs]
41.040: Total time for which application threads were stopped: 0.0046588 seconds, Stopping threads took: 0.0000164 seconds
41.108: [GC (Allocation Failure)  760174K->447088K(1034240K), 0.0050069 secs]
41.113: Total time for which application threads were stopped: 0.0051876 seconds, Stopping threads took: 0.0000198 seconds
41.182: [GC (Allocation Failure)  767600K->447088K(1034240K), 0.0044591 secs]
41.187: Total time for which application threads were stopped: 0.0046516 seconds, Stopping threads took: 0.0000197 seconds
41.256: [GC (Allocation Failure)  767600K->449928K(1034240K), 0.0049106 secs]
41.261: Total time for which application threads were stopped: 0.0050692 seconds, Stopping threads took: 0.0000161 seconds
41.330: [GC (Allocation Failure)  770440K->455178K(1034240K), 0.0049427 secs]
41.335: Total time for which application threads were stopped: 0.0051527 seconds, Stopping threads took: 0.0000257 seconds
41.403: [GC (Allocation Failure)  775690K->455082K(1034240K), 0.0045832 secs]
41.408: Total time for which application threads were stopped: 0.0047507 seconds, Stopping threads took: 0.0000194 seconds
41.476: [GC (Allocation Failure)  775594K->456138K(1033728K), 0.0046828 secs]
41.481: Total time for which application threads were stopped: 0.0048519 seconds, Stopping threads took: 0.0000196 seconds
41.550: [GC (Allocation Failure)  776650K->463181K(1034240K), 0.0044092 secs]
41.554: Total time for which application threads were stopped: 0.0045689 seconds, Stopping threads took: 0.0000194 seconds
41.622: [GC (Allocation Failure)  783693K->463181K(1034240K), 0.0045368 secs]
41.626: Total time for which application threads were stopped: 0.0047066 seconds, Stopping threads took: 0.0000190 seconds
41.695: [GC (Allocation Failure)  783693K->466373K(1034240K), 0.0051556 secs]
41.700: Total time for which application threads were stopped: 0.0053538 seconds, Stopping threads took: 0.0000193 seconds
41.769: [GC (Allocation Failure)  786885K->471175K(1034752K), 0.0043539 secs]
41.774: Total time for which application threads were stopped: 0.0045132 seconds, Stopping threads took: 0.0000255 seconds
41.841: [GC (Allocation Failure)  792711K->471207K(1034752K), 0.0046146 secs]
41.846: Total time for which application threads were stopped: 0.0048112 seconds, Stopping threads took: 0.0000204 seconds
41.913: [GC (Allocation Failure)  792743K->474631K(1034752K), 0.0054474 secs]
41.918: Total time for which application threads were stopped: 0.0056120 seconds, Stopping threads took: 0.0000200 seconds
41.987: [GC (Allocation Failure)  796167K->479273K(1034752K), 0.0046446 secs]
41.992: Total time for which application threads were stopped: 0.0048159 seconds, Stopping threads took: 0.0000199 seconds
42.058: [GC (Allocation Failure)  800809K->479241K(1034752K), 0.0047483 secs]
42.063: Total time for which application threads were stopped: 0.0049433 seconds, Stopping threads took: 0.0000206 seconds
42.128: [GC (Allocation Failure)  800777K->479817K(1034752K), 0.0045051 secs]
42.132: Total time for which application threads were stopped: 0.0047007 seconds, Stopping threads took: 0.0000198 seconds
42.200: [GC (Allocation Failure)  801353K->487372K(1034752K), 0.0044832 secs]
42.205: Total time for which application threads were stopped: 0.0046339 seconds, Stopping threads took: 0.0000169 seconds
42.272: [GC (Allocation Failure)  808908K->487276K(1034752K), 0.0045630 secs]
42.276: Total time for which application threads were stopped: 0.0047221 seconds, Stopping threads took: 0.0000189 seconds
42.343: [GC (Allocation Failure)  808812K->489068K(1034752K), 0.0049341 secs]
42.348: Total time for which application threads were stopped: 0.0051002 seconds, Stopping threads took: 0.0000195 seconds
42.414: [GC (Allocation Failure)  810604K->495374K(1034752K), 0.0046418 secs]
42.419: Total time for which application threads were stopped: 0.0048053 seconds, Stopping threads took: 0.0000194 seconds
42.486: [GC (Allocation Failure)  816910K->495278K(1034752K), 0.0046536 secs]
42.491: Total time for which application threads were stopped: 0.0048303 seconds, Stopping threads took: 0.0000196 seconds
42.558: [GC (Allocation Failure)  816814K->498286K(1034752K), 0.0052707 secs]
42.564: Total time for which application threads were stopped: 0.0054537 seconds, Stopping threads took: 0.0000198 seconds
42.633: [GC (Allocation Failure)  819822K->503312K(1034752K), 0.0046192 secs]
42.638: Total time for which application threads were stopped: 0.0047970 seconds, Stopping threads took: 0.0000204 seconds
42.707: [GC (Allocation Failure)  824848K->503312K(1034752K), 0.0046981 secs]
42.712: Total time for which application threads were stopped: 0.0048896 seconds, Stopping threads took: 0.0000200 seconds
42.780: [GC (Allocation Failure)  824848K->503464K(1033728K), 0.0046368 secs]
42.785: Total time for which application threads were stopped: 0.0048138 seconds, Stopping threads took: 0.0000284 seconds
42.851: [GC (Allocation Failure)  823976K->511370K(1034240K), 0.0046343 secs]
42.856: Total time for which application threads were stopped: 0.0048077 seconds, Stopping threads took: 0.0000197 seconds
42.924: [GC (Allocation Failure)  831882K->511338K(1034240K), 0.0047605 secs]
42.929: Total time for which application threads were stopped: 0.0049313 seconds, Stopping threads took: 0.0000201 seconds
42.995: [GC (Allocation Failure)  831850K->513762K(1034240K), 0.0050085 secs]
43.000: Total time for which application threads were stopped: 0.0051699 seconds, Stopping threads took: 0.0000198 seconds
43.068: [GC (Allocation Failure)  834274K->519365K(1034752K), 0.0045561 secs]
43.072: Total time for which application threads were stopped: 0.0047288 seconds, Stopping threads took: 0.0000202 seconds
43.140: [GC (Allocation Failure)  840901K->519397K(1034752K), 0.0048054 secs]
43.144: Total time for which application threads were stopped: 0.0049774 seconds, Stopping threads took: 0.0000204 seconds
43.209: [GC (Allocation Failure)  840933K->521965K(1034752K), 0.0050796 secs]
43.214: Total time for which application threads were stopped: 0.0052520 seconds, Stopping threads took: 0.0000202 seconds
43.284: [GC (Allocation Failure)  843501K->527535K(1034752K), 0.0046515 secs]
43.289: Total time for which application threads were stopped: 0.0048345 seconds, Stopping threads took: 0.0000265 seconds
43.356: [GC (Allocation Failure)  849071K->527407K(1034752K), 0.0046824 secs]
43.361: Total time for which application threads were stopped: 0.0048468 seconds, Stopping threads took: 0.0000194 seconds
43.426: [GC (Allocation Failure)  848943K->531239K(1034752K), 0.0054785 secs]
43.432: Total time for which application threads were stopped: 0.0056720 seconds, Stopping threads took: 0.0000192 seconds
43.501: [GC (Allocation Failure)  852775K->535465K(1034752K), 0.0048221 secs]
43.506: Total time for which application threads were stopped: 0.0049722 seconds, Stopping threads took: 0.0000172 seconds
43.573: [GC (Allocation Failure)  857001K->535433K(1034752K), 0.0048426 secs]
43.578: Total time for which application threads were stopped: 0.0050055 seconds, Stopping threads took: 0.0000198 seconds
43.643: [GC (Allocation Failure)  856969K->536425K(1034752K), 0.0048145 secs]
43.648: Total time for which application threads were stopped: 0.0050097 seconds, Stopping threads took: 0.0000197 seconds
43.718: [GC (Allocation Failure)  857961K->543467K(1034752K), 0.0047741 secs]
43.723: Total time for which application threads were stopped: 0.0049671 seconds, Stopping threads took: 0.0000276 seconds
43.790: [GC (Allocation Failure)  865003K->543467K(1034752K), 0.0046295 secs]
43.795: Total time for which application threads were stopped: 0.0047921 seconds, Stopping threads took: 0.0000262 seconds
43.862: [GC (Allocation Failure)  865003K->545675K(1034752K), 0.0048776 secs]
43.867: Total time for which application threads were stopped: 0.0050388 seconds, Stopping threads took: 0.0000196 seconds
43.935: [GC (Allocation Failure)  867211K->551566K(1034752K), 0.0048412 secs]
43.940: Total time for which application threads were stopped: 0.0050405 seconds, Stopping threads took: 0.0000448 seconds
44.005: [GC (Allocation Failure)  873102K->551502K(1034752K), 0.0048382 secs]
44.010: Total time for which application threads were stopped: 0.0050106 seconds, Stopping threads took: 0.0000203 seconds
44.075: [GC (Allocation Failure)  873038K->554918K(1034752K), 0.0053980 secs]
44.080: Total time for which application threads were stopped: 0.0055631 seconds, Stopping threads took: 0.0000204 seconds
44.146: [GC (Allocation Failure)  876454K->559528K(1034752K), 0.0048709 secs]
44.151: Total time for which application threads were stopped: 0.0050565 seconds, Stopping threads took: 0.0000258 seconds
44.217: [GC (Allocation Failure)  881064K->559560K(1034752K), 0.0047591 secs]
44.222: Total time for which application threads were stopped: 0.0049254 seconds, Stopping threads took: 0.0000210 seconds
44.287: [GC (Allocation Failure)  881096K->560072K(1034752K), 0.0047534 secs]
44.292: Total time for which application threads were stopped: 0.0049155 seconds, Stopping threads took: 0.0000195 seconds
44.358: [GC (Allocation Failure)  881608K->567658K(1034752K), 0.0047270 secs]
44.363: Total time for which application threads were stopped: 0.0049052 seconds, Stopping threads took: 0.0000203 seconds
44.432: [GC (Allocation Failure)  889194K->567626K(1034752K), 0.0046677 secs]
44.437: Total time for which application threads were stopped: 0.0048276 seconds, Stopping threads took: 0.0000193 seconds
44.502: [GC (Allocation Failure)  889162K->569354K(1034752K), 0.0050008 secs]
44.507: Total time for which application threads were stopped: 0.0051657 seconds, Stopping threads took: 0.0000203 seconds
44.576: [GC (Allocation Failure)  890890K->575628K(1034752K), 0.0047582 secs]
44.580: Total time for which application threads were stopped: 0.0049187 seconds, Stopping threads took: 0.0000202 seconds
44.648: [GC (Allocation Failure)  897164K->575628K(1034752K), 0.0045974 secs]
44.652: Total time for which application threads were stopped: 0.0047568 seconds, Stopping threads took: 0.0000194 seconds
44.718: [GC (Allocation Failure)  897164K->578604K(1034752K), 0.0053451 secs]
44.723: Total time for which application threads were stopped: 0.0055157 seconds, Stopping threads took: 0.0000194 seconds
44.792: [GC (Allocation Failure)  900140K->583631K(1034752K), 0.0048397 secs]
44.796: Total time for which application threads were stopped: 0.0050183 seconds, Stopping threads took: 0.0000196 seconds
44.864: [GC (Allocation Failure)  905167K->583631K(1034752K), 0.0046416 secs]
44.868: Total time for which application threads were stopped: 0.0048126 seconds, Stopping threads took: 0.0000203 seconds
44.934: [GC (Allocation Failure)  905167K->583727K(1033728K), 0.0072492 secs]
44.941: Total time for which application threads were stopped: 0.0074321 seconds, Stopping threads took: 0.0000202 seconds
45.009: [GC (Allocation Failure)  904239K->591697K(1034240K), 0.0049289 secs]
45.014: Total time for which application threads were stopped: 0.0051231 seconds, Stopping threads took: 0.0000199 seconds
45.083: [GC (Allocation Failure)  912209K->591665K(1034240K), 0.0047229 secs]
45.088: Total time for which application threads were stopped: 0.0048983 seconds, Stopping threads took: 0.0000211 seconds
45.155: [GC (Allocation Failure)  912177K->594057K(1034240K), 0.0050877 secs]
45.160: Total time for which application threads were stopped: 0.0052513 seconds, Stopping threads took: 0.0000196 seconds
45.227: [GC (Allocation Failure)  914569K->599819K(1033728K), 0.0047838 secs]
45.232: Total time for which application threads were stopped: 0.0049739 seconds, Stopping threads took: 0.0000196 seconds
45.302: [GC (Allocation Failure)  920331K->599691K(1034240K), 0.0045253 secs]
45.307: Total time for which application threads were stopped: 0.0046852 seconds, Stopping threads took: 0.0000253 seconds
45.375: [GC (Allocation Failure)  920203K->600235K(1034240K), 0.0048291 secs]
45.380: Total time for which application threads were stopped: 0.0050030 seconds, Stopping threads took: 0.0000177 seconds
45.449: [GC (Allocation Failure)  920747K->607822K(1034240K), 0.0048615 secs]
45.454: Total time for which application threads were stopped: 0.0050334 seconds, Stopping threads took: 0.0000202 seconds
45.521: [GC (Allocation Failure)  928334K->607694K(1034240K), 0.0048691 secs]
45.526: Total time for which application threads were stopped: 0.0050396 seconds, Stopping threads took: 0.0000195 seconds
45.594: [GC (Allocation Failure)  928206K->610502K(1034240K), 0.0053603 secs]
45.599: Total time for which application threads were stopped: 0.0055722 seconds, Stopping threads took: 0.0000194 seconds
45.669: [GC (Allocation Failure)  931014K->615784K(1034240K), 0.0047605 secs]
45.674: Total time for which application threads were stopped: 0.0049320 seconds, Stopping threads took: 0.0000196 seconds
45.743: [GC (Allocation Failure)  936296K->615752K(1034240K), 0.0047786 secs]
45.748: Total time for which application threads were stopped: 0.0049461 seconds, Stopping threads took: 0.0000192 seconds
45.816: [GC (Allocation Failure)  936264K->616680K(1034240K), 0.0047860 secs]
45.821: Total time for which application threads were stopped: 0.0049550 seconds, Stopping threads took: 0.0000271 seconds
45.888: [GC (Allocation Failure)  937192K->623818K(1034240K), 0.0049563 secs]
45.893: Total time for which application threads were stopped: 0.0051206 seconds, Stopping threads took: 0.0000196 seconds
45.961: [GC (Allocation Failure)  944330K->623786K(1034240K), 0.0048118 secs]
45.966: Total time for which application threads were stopped: 0.0049994 seconds, Stopping threads took: 0.0000195 seconds
46.034: [GC (Allocation Failure)  944298K->626986K(1034240K), 0.0055275 secs]
46.039: Total time for which application threads were stopped: 0.0056849 seconds, Stopping threads took: 0.0000160 seconds
46.107: [GC (Allocation Failure)  947498K->631852K(1034752K), 0.0049199 secs]
46.112: Total time for which application threads were stopped: 0.0050889 seconds, Stopping threads took: 0.0000201 seconds
46.180: [GC (Allocation Failure)  953388K->631820K(1034752K), 0.0048007 secs]
46.185: Total time for which application threads were stopped: 0.0049718 seconds, Stopping threads took: 0.0000201 seconds
46.251: [GC (Allocation Failure)  953356K->635244K(1034752K), 0.0056548 secs]
46.257: Total time for which application threads were stopped: 0.0058353 seconds, Stopping threads took: 0.0000276 seconds
46.327: [GC (Allocation Failure)  956780K->639983K(1034752K), 0.0056488 secs]
46.333: Total time for which application threads were stopped: 0.0057979 seconds, Stopping threads took: 0.0000262 seconds
46.400: [GC (Allocation Failure)  961519K->639887K(1034752K), 0.0047411 secs]
46.405: Total time for which application threads were stopped: 0.0049085 seconds, Stopping threads took: 0.0000189 seconds
46.472: [GC (Allocation Failure)  961423K->640391K(1034752K), 0.0047797 secs]
46.476: Total time for which application threads were stopped: 0.0049597 seconds, Stopping threads took: 0.0000194 seconds
46.546: [GC (Allocation Failure)  961927K->647913K(1033728K), 0.0047975 secs]
46.551: Total time for which application threads were stopped: 0.0049673 seconds, Stopping threads took: 0.0000199 seconds
46.618: [GC (Allocation Failure)  968425K->647913K(1034240K), 0.0050259 secs]
46.623: Total time for which application threads were stopped: 0.0051969 seconds, Stopping threads took: 0.0000194 seconds
46.691: [GC (Allocation Failure)  968425K->651689K(1034752K), 0.0057797 secs]
46.697: Total time for which application threads were stopped: 0.0059487 seconds, Stopping threads took: 0.0000194 seconds
46.765: [GC (Allocation Failure)  973225K->655915K(1034752K), 0.0048890 secs]
46.770: Total time for which application threads were stopped: 0.0050709 seconds, Stopping threads took: 0.0000193 seconds
46.837: [GC (Allocation Failure)  977451K->655915K(1034752K), 0.0050310 secs]
46.842: Total time for which application threads were stopped: 0.0051941 seconds, Stopping threads took: 0.0000258 seconds
46.908: [GC (Allocation Failure)  977451K->656843K(1034752K), 0.0066460 secs]
46.915: Total time for which application threads were stopped: 0.0068689 seconds, Stopping threads took: 0.0000214 seconds
46.984: [GC (Allocation Failure)  978379K->663981K(1034752K), 0.0050588 secs]
46.989: Total time for which application threads were stopped: 0.0052142 seconds, Stopping threads took: 0.0000189 seconds
47.058: [GC (Allocation Failure)  985517K->663949K(1034752K), 0.0048883 secs]
47.063: Total time for which application threads were stopped: 0.0050638 seconds, Stopping threads took: 0.0000210 seconds
47.128: [GC (Allocation Failure)  985485K->666093K(1034752K), 0.0051634 secs]
47.133: Total time for which application threads were stopped: 0.0053228 seconds, Stopping threads took: 0.0000200 seconds
47.203: [GC (Allocation Failure)  987629K->672016K(1034752K), 0.0048833 secs]
47.208: Total time for which application threads were stopped: 0.0050683 seconds, Stopping threads took: 0.0000181 seconds
47.275: [GC (Allocation Failure)  993552K->671984K(1034752K), 0.0048045 secs]
47.280: Total time for which application threads were stopped: 0.0050066 seconds, Stopping threads took: 0.0000263 seconds
47.346: [GC (Allocation Failure)  993520K->675368K(1034752K), 0.0054546 secs]
47.352: Total time for which application threads were stopped: 0.0056201 seconds, Stopping threads took: 0.0000198 seconds
47.418: [GC (Allocation Failure)  996904K->680106K(1034752K), 0.0050701 secs]
47.423: Total time for which application threads were stopped: 0.0052424 seconds, Stopping threads took: 0.0000205 seconds
47.489: [GC (Allocation Failure)  1001642K->680010K(1034752K), 0.0049440 secs]
47.494: Total time for which application threads were stopped: 0.0051048 seconds, Stopping threads took: 0.0000205 seconds
47.561: [GC (Allocation Failure)  1001546K->680522K(1034752K), 0.0049864 secs]
47.566: Total time for which application threads were stopped: 0.0051670 seconds, Stopping threads took: 0.0000198 seconds
47.632: [GC (Allocation Failure)  1002058K->688076K(1034752K), 0.0047948 secs]
47.637: Total time for which application threads were stopped: 0.0049626 seconds, Stopping threads took: 0.0000255 seconds
47.704: [GC (Allocation Failure)  1009612K->688044K(1034752K), 0.0049930 secs]
47.709: Total time for which application threads were stopped: 0.0051531 seconds, Stopping threads took: 0.0000202 seconds
47.774: [GC (Allocation Failure)  1009580K->689740K(1034752K), 0.0053945 secs]
47.780: [Full GC (Ergonomics)  689740K->10199K(1034752K), 0.0144229 secs]
47.794: Total time for which application threads were stopped: 0.0200869 seconds, Stopping threads took: 0.0000193 seconds
47.862: [GC (Allocation Failure)  331735K->18618K(1033728K), 0.0064749 secs]
47.869: Total time for which application threads were stopped: 0.0066319 seconds, Stopping threads took: 0.0000176 seconds
47.937: [GC (Allocation Failure)  339130K->18642K(1034240K), 0.0037691 secs]
47.941: Total time for which application threads were stopped: 0.0039402 seconds, Stopping threads took: 0.0000198 seconds
48.008: [GC (Allocation Failure)  339154K->19562K(1034240K), 0.0037008 secs]
48.011: Total time for which application threads were stopped: 0.0038637 seconds, Stopping threads took: 0.0000196 seconds
48.079: [GC (Allocation Failure)  340074K->26732K(1034240K), 0.0039778 secs]
48.083: Total time for which application threads were stopped: 0.0041669 seconds, Stopping threads took: 0.0000203 seconds
48.150: [GC (Allocation Failure)  347244K->26668K(1034240K), 0.0039037 secs]
48.154: Total time for which application threads were stopped: 0.0040856 seconds, Stopping threads took: 0.0000213 seconds
48.221: [GC (Allocation Failure)  347180K->29796K(1034240K), 0.0044977 secs]
48.225: Total time for which application threads were stopped: 0.0046734 seconds, Stopping threads took: 0.0000201 seconds
48.293: [GC (Allocation Failure)  350308K->34790K(1033728K), 0.0035064 secs]
48.296: Total time for which application threads were stopped: 0.0036742 seconds, Stopping threads took: 0.0000196 seconds
48.365: [GC (Allocation Failure)  355302K->34694K(1034240K), 0.0035508 secs]
48.369: Total time for which application threads were stopped: 0.0037413 seconds, Stopping threads took: 0.0000192 seconds
48.437: [GC (Allocation Failure)  355206K->36014K(1033728K), 0.0039526 secs]
48.441: Total time for which application threads were stopped: 0.0041102 seconds, Stopping threads took: 0.0000168 seconds
48.510: [GC (Allocation Failure)  356526K->42833K(1034240K), 0.0037623 secs]
48.514: Total time for which application threads were stopped: 0.0039252 seconds, Stopping threads took: 0.0000196 seconds
48.582: [GC (Allocation Failure)  363345K->42737K(1034240K), 0.0035718 secs]
48.586: Total time for which application threads were stopped: 0.0037297 seconds, Stopping threads took: 0.0000202 seconds
48.653: [GC (Allocation Failure)  363249K->46281K(1034240K), 0.0043961 secs]
48.658: Total time for which application threads were stopped: 0.0045596 seconds, Stopping threads took: 0.0000193 seconds
48.726: [GC (Allocation Failure)  366793K->50795K(1034752K), 0.0037447 secs]
48.729: Total time for which application threads were stopped: 0.0039054 seconds, Stopping threads took: 0.0000195 seconds
48.798: [GC (Allocation Failure)  372331K->50763K(1034752K), 0.0042015 secs]
48.802: Total time for which application threads were stopped: 0.0043725 seconds, Stopping threads took: 0.0000287 seconds
48.868: [GC (Allocation Failure)  372299K->54507K(1035264K), 0.0058112 secs]
48.874: Total time for which application threads were stopped: 0.0059831 seconds, Stopping threads took: 0.0000280 seconds
48.941: [GC (Allocation Failure)  376555K->58829K(1034752K), 0.0037198 secs]
48.945: Total time for which application threads were stopped: 0.0038844 seconds, Stopping threads took: 0.0000200 seconds
49.015: [GC (Allocation Failure)  380877K->58829K(1035264K), 0.0037969 secs]
49.019: Total time for which application threads were stopped: 0.0039660 seconds, Stopping threads took: 0.0000196 seconds
49.088: [GC (Allocation Failure)  381389K->61733K(1035264K), 0.0042390 secs]
49.092: Total time for which application threads were stopped: 0.0044145 seconds, Stopping threads took: 0.0000189 seconds
49.160: [GC (Allocation Failure)  384293K->66887K(1035264K), 0.0037668 secs]
49.164: Total time for which application threads were stopped: 0.0039323 seconds, Stopping threads took: 0.0000201 seconds
49.233: [GC (Allocation Failure)  389447K->66823K(1035264K), 0.0036874 secs]
49.236: Total time for which application threads were stopped: 0.0038590 seconds, Stopping threads took: 0.0000196 seconds
49.304: [GC (Allocation Failure)  389383K->69959K(1035264K), 0.0042064 secs]
49.308: Total time for which application threads were stopped: 0.0043653 seconds, Stopping threads took: 0.0000257 seconds
49.378: [GC (Allocation Failure)  392519K->74954K(1035264K), 0.0038803 secs]
49.382: Total time for which application threads were stopped: 0.0040518 seconds, Stopping threads took: 0.0000201 seconds
49.450: [GC (Allocation Failure)  397514K->74826K(1035264K), 0.0038130 secs]
49.454: Total time for which application threads were stopped: 0.0039754 seconds, Stopping threads took: 0.0000199 seconds
49.523: [GC (Allocation Failure)  397386K->78218K(1035264K), 0.0044641 secs]
49.527: Total time for which application threads were stopped: 0.0046569 seconds, Stopping threads took: 0.0000400 seconds
49.595: [GC (Allocation Failure)  400778K->82956K(1035264K), 0.0037712 secs]
49.599: Total time for which application threads were stopped: 0.0039644 seconds, Stopping threads took: 0.0000200 seconds
49.669: [GC (Allocation Failure)  405516K->82924K(1035264K), 0.0038955 secs]
49.673: Total time for which application threads were stopped: 0.0040755 seconds, Stopping threads took: 0.0000171 seconds
49.741: [GC (Allocation Failure)  405484K->86412K(1035264K), 0.0046387 secs]
49.746: Total time for which application threads were stopped: 0.0047991 seconds, Stopping threads took: 0.0000198 seconds
49.813: [GC (Allocation Failure)  408972K->90926K(1035264K), 0.0039505 secs]
49.818: Total time for which application threads were stopped: 0.0041419 seconds, Stopping threads took: 0.0000276 seconds
49.888: [GC (Allocation Failure)  413486K->90926K(1035776K), 0.0037824 secs]
49.892: Total time for which application threads were stopped: 0.0039410 seconds, Stopping threads took: 0.0000194 seconds
49.960: [GC (Allocation Failure)  413998K->87148K(1035264K), 0.0022531 secs]
49.962: Total time for which application threads were stopped: 0.0024089 seconds, Stopping threads took: 0.0000188 seconds
50.031: [GC (Allocation Failure)  410220K->91118K(1035776K), 0.0039134 secs]
50.035: Total time for which application threads were stopped: 0.0041459 seconds, Stopping threads took: 0.0000193 seconds
50.105: [GC (Allocation Failure)  414702K->90958K(1035776K), 0.0039006 secs]
50.109: Total time for which application threads were stopped: 0.0040485 seconds, Stopping threads took: 0.0000176 seconds
50.178: [GC (Allocation Failure)  414542K->93996K(1033728K), 0.0051885 secs]
50.183: Total time for which application threads were stopped: 0.0053593 seconds, Stopping threads took: 0.0000201 seconds
50.251: [GC (Allocation Failure)  415532K->91118K(1034752K), 0.0037493 secs]
50.255: Total time for which application threads were stopped: 0.0039137 seconds, Stopping threads took: 0.0000189 seconds
50.322: [GC (Allocation Failure)  412654K->90926K(1035264K), 0.0046704 secs]
50.327: Total time for which application threads were stopped: 0.0048188 seconds, Stopping threads took: 0.0000192 seconds
50.395: [GC (Allocation Failure)  412974K->95724K(1034752K), 0.0056219 secs]
50.400: Total time for which application threads were stopped: 0.0058057 seconds, Stopping threads took: 0.0000193 seconds
50.470: [GC (Allocation Failure)  417772K->90990K(1033728K), 0.0038185 secs]
50.474: Total time for which application threads were stopped: 0.0039900 seconds, Stopping threads took: 0.0000201 seconds
50.544: [GC (Allocation Failure)  411502K->90926K(1034240K), 0.0037921 secs]
50.548: Total time for which application threads were stopped: 0.0039609 seconds, Stopping threads took: 0.0000201 seconds
50.615: [GC (Allocation Failure)  411438K->95436K(1032704K), 0.0054993 secs]
50.621: Total time for which application threads were stopped: 0.0056965 seconds, Stopping threads took: 0.0000199 seconds
50.689: [GC (Allocation Failure)  414924K->90958K(1033728K), 0.0036773 secs]
50.693: Total time for which application threads were stopped: 0.0038342 seconds, Stopping threads took: 0.0000162 seconds
50.760: [GC (Allocation Failure)  410446K->90958K(1034752K), 0.0040647 secs]
50.764: Total time for which application threads were stopped: 0.0042350 seconds, Stopping threads took: 0.0000202 seconds
50.831: [GC (Allocation Failure)  411982K->92076K(1034240K), 0.0042215 secs]
50.836: Total time for which application threads were stopped: 0.0043880 seconds, Stopping threads took: 0.0000256 seconds
50.904: [GC (Allocation Failure)  413100K->91182K(1035264K), 0.0038870 secs]
50.908: Total time for which application threads were stopped: 0.0040510 seconds, Stopping threads took: 0.0000203 seconds
50.975: [GC (Allocation Failure)  413742K->90926K(1035264K), 0.0040235 secs]
50.979: Total time for which application threads were stopped: 0.0041874 seconds, Stopping threads took: 0.0000204 seconds
51.047: [GC (Allocation Failure)  413486K->94828K(1033728K), 0.0054214 secs]
51.053: Total time for which application threads were stopped: 0.0055927 seconds, Stopping threads took: 0.0000219 seconds
51.122: [GC (Allocation Failure)  416364K->91118K(1034752K), 0.0037860 secs]
51.126: Total time for which application threads were stopped: 0.0039633 seconds, Stopping threads took: 0.0000196 seconds
51.192: [GC (Allocation Failure)  412654K->90958K(1035776K), 0.0039186 secs]
51.196: Total time for which application threads were stopped: 0.0040782 seconds, Stopping threads took: 0.0000197 seconds
51.262: [GC (Allocation Failure)  414030K->97548K(1035264K), 0.0069242 secs]
51.269: Total time for which application threads were stopped: 0.0070861 seconds, Stopping threads took: 0.0000194 seconds
51.339: [GC (Allocation Failure)  420620K->92942K(1033216K), 0.0037609 secs]
51.343: Total time for which application threads were stopped: 0.0038968 seconds, Stopping threads took: 0.0000138 seconds
51.410: [GC (Allocation Failure)  413454K->92814K(1034240K), 0.0037678 secs]
51.414: Total time for which application threads were stopped: 0.0039370 seconds, Stopping threads took: 0.0000192 seconds
51.483: [GC (Allocation Failure)  413326K->100140K(1031168K), 0.0070444 secs]
51.490: Total time for which application threads were stopped: 0.0072319 seconds, Stopping threads took: 0.0000212 seconds
51.558: [GC (Allocation Failure)  417580K->93966K(1032704K), 0.0039027 secs]
51.562: Total time for which application threads were stopped: 0.0040680 seconds, Stopping threads took: 0.0000203 seconds
51.629: [GC (Allocation Failure)  411406K->93870K(1033216K), 0.0045959 secs]
51.634: Total time for which application threads were stopped: 0.0047731 seconds, Stopping threads took: 0.0000268 seconds
51.699: [GC (Allocation Failure)  412334K->91212K(1033216K), 0.0027554 secs]
51.701: Total time for which application threads were stopped: 0.0029482 seconds, Stopping threads took: 0.0000370 seconds
51.767: [GC (Allocation Failure)  409676K->93902K(1033728K), 0.0039691 secs]
51.771: Total time for which application threads were stopped: 0.0041446 seconds, Stopping threads took: 0.0000197 seconds
51.839: [GC (Allocation Failure)  412878K->93870K(1033216K), 0.0037514 secs]
51.843: Total time for which application threads were stopped: 0.0039201 seconds, Stopping threads took: 0.0000266 seconds
51.910: [GC (Allocation Failure)  412846K->96366K(1033216K), 0.0051848 secs]
51.915: Total time for which application threads were stopped: 0.0053720 seconds, Stopping threads took: 0.0000206 seconds
51.983: [GC (Allocation Failure)  415854K->101936K(1033728K), 0.0038698 secs]
51.987: Total time for which application threads were stopped: 0.0040435 seconds, Stopping threads took: 0.0000207 seconds
52.055: [GC (Allocation Failure)  421424K->101872K(1034752K), 0.0040449 secs]
52.059: Total time for which application threads were stopped: 0.0042315 seconds, Stopping threads took: 0.0000220 seconds
52.126: [GC (Allocation Failure)  422896K->105096K(1034240K), 0.0045762 secs]
52.130: Total time for which application threads were stopped: 0.0047504 seconds, Stopping threads took: 0.0000208 seconds
52.199: [GC (Allocation Failure)  426120K->109995K(1034752K), 0.0037074 secs]
52.202: Total time for which application threads were stopped: 0.0038762 seconds, Stopping threads took: 0.0000198 seconds
52.270: [GC (Allocation Failure)  431019K->109931K(1034240K), 0.0038411 secs]
52.274: Total time for which application threads were stopped: 0.0040188 seconds, Stopping threads took: 0.0000213 seconds
52.343: [GC (Allocation Failure)  430955K->112811K(1035264K), 0.0042241 secs]
52.347: Total time for which application threads were stopped: 0.0044049 seconds, Stopping threads took: 0.0000228 seconds
52.415: [GC (Allocation Failure)  435371K->118061K(1035264K), 0.0038396 secs]
52.419: Total time for which application threads were stopped: 0.0040014 seconds, Stopping threads took: 0.0000198 seconds
52.488: [GC (Allocation Failure)  440621K->117997K(1035776K), 0.0039989 secs]
52.492: Total time for which application threads were stopped: 0.0041614 seconds, Stopping threads took: 0.0000209 seconds
52.558: [GC (Allocation Failure)  441069K->121573K(1035264K), 0.0047076 secs]
52.563: Total time for which application threads were stopped: 0.0048722 seconds, Stopping threads took: 0.0000198 seconds
52.632: [GC (Allocation Failure)  444645K->126023K(1035776K), 0.0039493 secs]
52.636: Total time for which application threads were stopped: 0.0041595 seconds, Stopping threads took: 0.0000249 seconds
52.704: [GC (Allocation Failure)  449095K->125991K(1035264K), 0.0038121 secs]
52.708: Total time for which application threads were stopped: 0.0039725 seconds, Stopping threads took: 0.0000199 seconds
52.775: [GC (Allocation Failure)  449063K->123269K(1036288K), 0.0029027 secs]
52.778: Total time for which application threads were stopped: 0.0030722 seconds, Stopping threads took: 0.0000195 seconds
52.849: [GC (Allocation Failure)  447365K->125959K(1035776K), 0.0039130 secs]
52.853: Total time for which application threads were stopped: 0.0040893 seconds, Stopping threads took: 0.0000222 seconds
52.921: [GC (Allocation Failure)  450055K->125991K(1036288K), 0.0039541 secs]
52.925: Total time for which application threads were stopped: 0.0041095 seconds, Stopping threads took: 0.0000195 seconds
52.994: [GC (Allocation Failure)  450599K->132677K(1036288K), 0.0071020 secs]
53.001: Total time for which application threads were stopped: 0.0072783 seconds, Stopping threads took: 0.0000184 seconds
53.070: [GC (Allocation Failure)  457285K->128647K(1033216K), 0.0038745 secs]
53.074: Total time for which application threads were stopped: 0.0040360 seconds, Stopping threads took: 0.0000198 seconds
53.140: [GC (Allocation Failure)  450183K->128487K(1034752K), 0.0038656 secs]
53.143: Total time for which application threads were stopped: 0.0040286 seconds, Stopping threads took: 0.0000192 seconds
53.209: [GC (Allocation Failure)  450023K->123077K(1034240K), 0.0020168 secs]
53.211: Total time for which application threads were stopped: 0.0021621 seconds, Stopping threads took: 0.0000196 seconds
53.276: [GC (Allocation Failure)  444613K->128671K(1034752K), 0.0039382 secs]
53.280: Total time for which application threads were stopped: 0.0041069 seconds, Stopping threads took: 0.0000204 seconds
53.347: [GC (Allocation Failure)  450207K->132631K(1035264K), 0.0040543 secs]
53.351: Total time for which application threads were stopped: 0.0042139 seconds, Stopping threads took: 0.0000195 seconds
53.418: [GC (Allocation Failure)  455191K->128725K(1035264K), 0.0026072 secs]
53.421: Total time for which application threads were stopped: 0.0027735 seconds, Stopping threads took: 0.0000197 seconds
53.489: [GC (Allocation Failure)  451285K->132735K(1035264K), 0.0039641 secs]
53.493: Total time for which application threads were stopped: 0.0041204 seconds, Stopping threads took: 0.0000187 seconds
53.563: [GC (Allocation Failure)  455295K->136767K(1035264K), 0.0040683 secs]
53.567: Total time for which application threads were stopped: 0.0042449 seconds, Stopping threads took: 0.0000195 seconds
53.633: [GC (Allocation Failure)  458373K->132829K(1035776K), 0.0027170 secs]
53.636: Total time for which application threads were stopped: 0.0028690 seconds, Stopping threads took: 0.0000191 seconds
53.706: [GC (Allocation Failure)  456413K->136903K(1035776K), 0.0041220 secs]
53.711: Total time for which application threads were stopped: 0.0042834 seconds, Stopping threads took: 0.0000196 seconds
53.781: [GC (Allocation Failure)  460487K->140871K(1035776K), 0.0042173 secs]
53.785: Total time for which application threads were stopped: 0.0043882 seconds, Stopping threads took: 0.0000285 seconds
53.854: [GC (Allocation Failure)  464455K->140871K(1035776K), 0.0036782 secs]
53.857: Total time for which application threads were stopped: 0.0038657 seconds, Stopping threads took: 0.0000279 seconds
53.925: [GC (Allocation Failure)  464455K->140935K(1034752K), 0.0038512 secs]
53.929: Total time for which application threads were stopped: 0.0040337 seconds, Stopping threads took: 0.0000207 seconds
53.998: [GC (Allocation Failure)  463495K->148905K(1035264K), 0.0040406 secs]
54.002: Total time for which application threads were stopped: 0.0042040 seconds, Stopping threads took: 0.0000202 seconds
54.070: [GC (Allocation Failure)  471465K->148937K(1035264K), 0.0039791 secs]
54.074: Total time for which application threads were stopped: 0.0041492 seconds, Stopping threads took: 0.0000205 seconds
54.140: [GC (Allocation Failure)  471497K->148969K(1022464K), 0.0041316 secs]
54.145: Total time for which application threads were stopped: 0.0043030 seconds, Stopping threads took: 0.0000202 seconds
54.214: [GC (Allocation Failure)  471529K->156940K(1034752K), 0.0040421 secs]
54.219: Total time for which application threads were stopped: 0.0042328 seconds, Stopping threads took: 0.0000197 seconds
54.286: [GC (Allocation Failure)  478476K->156940K(1034752K), 0.0036563 secs]
54.290: Total time for which application threads were stopped: 0.0038125 seconds, Stopping threads took: 0.0000249 seconds
54.360: [GC (Allocation Failure)  478476K->157164K(1033728K), 0.0038593 secs]
54.364: Total time for which application threads were stopped: 0.0040405 seconds, Stopping threads took: 0.0000201 seconds
54.431: [GC (Allocation Failure)  477676K->164942K(1034240K), 0.0041414 secs]
54.435: Total time for which application threads were stopped: 0.0043351 seconds, Stopping threads took: 0.0000268 seconds
54.502: [GC (Allocation Failure)  485454K->164974K(1034240K), 0.0039205 secs]
54.506: Total time for which application threads were stopped: 0.0040813 seconds, Stopping threads took: 0.0000196 seconds
54.575: [GC (Allocation Failure)  485486K->165422K(1034240K), 0.0041028 secs]
54.579: Total time for which application threads were stopped: 0.0042815 seconds, Stopping threads took: 0.0000193 seconds
54.649: [GC (Allocation Failure)  485934K->173008K(1034240K), 0.0038464 secs]
54.653: Total time for which application threads were stopped: 0.0040258 seconds, Stopping threads took: 0.0000195 seconds
54.720: [GC (Allocation Failure)  493520K->173008K(1034240K), 0.0040459 secs]
54.724: Total time for which application threads were stopped: 0.0042152 seconds, Stopping threads took: 0.0000197 seconds
54.791: [GC (Allocation Failure)  493520K->173128K(1033216K), 0.0039557 secs]
54.795: Total time for which application threads were stopped: 0.0041449 seconds, Stopping threads took: 0.0000258 seconds
54.864: [GC (Allocation Failure)  492616K->181035K(1033728K), 0.0042143 secs]
54.869: Total time for which application threads were stopped: 0.0043951 seconds, Stopping threads took: 0.0000192 seconds
54.936: [GC (Allocation Failure)  500523K->181067K(1033728K), 0.0038922 secs]
54.940: Total time for which application threads were stopped: 0.0040855 seconds, Stopping threads took: 0.0000198 seconds
55.008: [GC (Allocation Failure)  500555K->181099K(1033728K), 0.0039653 secs]
55.012: Total time for which application threads were stopped: 0.0041290 seconds, Stopping threads took: 0.0000248 seconds
55.079: [GC (Allocation Failure)  500587K->189101K(1033728K), 0.0041501 secs]
55.083: Total time for which application threads were stopped: 0.0043196 seconds, Stopping threads took: 0.0000200 seconds
55.149: [GC (Allocation Failure)  508589K->189037K(1033728K), 0.0040920 secs]
55.153: Total time for which application threads were stopped: 0.0042620 seconds, Stopping threads took: 0.0000203 seconds
55.218: [GC (Allocation Failure)  508525K->189325K(1033728K), 0.0041502 secs]
55.222: Total time for which application threads were stopped: 0.0043148 seconds, Stopping threads took: 0.0000204 seconds
55.289: [GC (Allocation Failure)  508813K->197135K(1033728K), 0.0039367 secs]
55.293: Total time for which application threads were stopped: 0.0040959 seconds, Stopping threads took: 0.0000255 seconds
55.363: [GC (Allocation Failure)  516623K->192749K(1034240K), 0.0025219 secs]
55.365: Total time for which application threads were stopped: 0.0026847 seconds, Stopping threads took: 0.0000199 seconds
55.432: [GC (Allocation Failure)  512749K->197303K(1033728K), 0.0039904 secs]
55.437: Total time for which application threads were stopped: 0.0041813 seconds, Stopping threads took: 0.0000195 seconds
55.504: [GC (Allocation Failure)  517303K->201247K(1034752K), 0.0041473 secs]
55.508: Total time for which application threads were stopped: 0.0043157 seconds, Stopping threads took: 0.0000195 seconds
55.574: [GC (Allocation Failure)  522783K->195069K(1034752K), 0.0017034 secs]
55.576: Total time for which application threads were stopped: 0.0018551 seconds, Stopping threads took: 0.0000200 seconds
55.644: [GC (Allocation Failure)  516605K->201423K(1035264K), 0.0040763 secs]
55.648: Total time for which application threads were stopped: 0.0042817 seconds, Stopping threads took: 0.0000204 seconds
55.717: [GC (Allocation Failure)  523471K->205391K(1034752K), 0.0045836 secs]
55.722: Total time for which application threads were stopped: 0.0047567 seconds, Stopping threads took: 0.0000196 seconds
55.791: [GC (Allocation Failure)  527439K->201453K(1035264K), 0.0025966 secs]
55.794: Total time for which application threads were stopped: 0.0027700 seconds, Stopping threads took: 0.0000276 seconds
55.861: [GC (Allocation Failure)  523501K->205455K(1034752K), 0.0041892 secs]
55.866: Total time for which application threads were stopped: 0.0043629 seconds, Stopping threads took: 0.0000202 seconds
55.933: [GC (Allocation Failure)  527503K->209527K(1035776K), 0.0043117 secs]
55.938: Total time for which application threads were stopped: 0.0044810 seconds, Stopping threads took: 0.0000203 seconds
56.006: [GC (Allocation Failure)  533111K->209559K(1031168K), 0.0038222 secs]
56.010: Total time for which application threads were stopped: 0.0040178 seconds, Stopping threads took: 0.0000201 seconds
56.079: [GC (Allocation Failure)  533143K->209591K(1035264K), 0.0040079 secs]
56.083: Total time for which application threads were stopped: 0.0041639 seconds, Stopping threads took: 0.0000167 seconds
56.150: [GC (Allocation Failure)  532151K->217561K(1030144K), 0.0038798 secs]
56.154: Total time for which application threads were stopped: 0.0040714 seconds, Stopping threads took: 0.0000196 seconds
56.223: [GC (Allocation Failure)  540121K->217561K(1034752K), 0.0040720 secs]
56.228: Total time for which application threads were stopped: 0.0042531 seconds, Stopping threads took: 0.0000171 seconds
56.296: [GC (Allocation Failure)  539097K->217617K(1034752K), 0.0040687 secs]
56.301: Total time for which application threads were stopped: 0.0042433 seconds, Stopping threads took: 0.0000275 seconds
56.369: [GC (Allocation Failure)  539153K->225620K(1033728K), 0.0041764 secs]
56.373: Total time for which application threads were stopped: 0.0043367 seconds, Stopping threads took: 0.0000195 seconds
56.440: [GC (Allocation Failure)  546132K->225620K(1034240K), 0.0039099 secs]
56.444: Total time for which application threads were stopped: 0.0040640 seconds, Stopping threads took: 0.0000191 seconds
56.513: [GC (Allocation Failure)  546132K->225804K(1034240K), 0.0042573 secs]
56.517: Total time for which application threads were stopped: 0.0044358 seconds, Stopping threads took: 0.0000193 seconds
56.586: [GC (Allocation Failure)  546316K->233614K(1034240K), 0.0042743 secs]
56.591: Total time for which application threads were stopped: 0.0044401 seconds, Stopping threads took: 0.0000195 seconds
56.658: [GC (Allocation Failure)  554126K->233614K(1033216K), 0.0040572 secs]
56.662: Total time for which application threads were stopped: 0.0042106 seconds, Stopping threads took: 0.0000188 seconds
56.729: [GC (Allocation Failure)  553102K->233766K(1033728K), 0.0041516 secs]
56.734: Total time for which application threads were stopped: 0.0043300 seconds, Stopping threads took: 0.0000193 seconds
56.805: [GC (Allocation Failure)  553254K->241608K(1033728K), 0.0040352 secs]
56.809: Total time for which application threads were stopped: 0.0042065 seconds, Stopping threads took: 0.0000207 seconds
56.876: [GC (Allocation Failure)  561096K->237702K(1033728K), 0.0030363 secs]
56.879: Total time for which application threads were stopped: 0.0032021 seconds, Stopping threads took: 0.0000187 seconds
56.945: [GC (Allocation Failure)  557190K->241808K(1035264K), 0.0042426 secs]
56.950: Total time for which application threads were stopped: 0.0044073 seconds, Stopping threads took: 0.0000200 seconds
57.017: [GC (Allocation Failure)  563344K->245744K(1034240K), 0.0042171 secs]
57.022: Total time for which application threads were stopped: 0.0043875 seconds, Stopping threads took: 0.0000203 seconds
57.089: [GC (Allocation Failure)  567280K->241038K(1035264K), 0.0029957 secs]
57.092: Total time for which application threads were stopped: 0.0031479 seconds, Stopping threads took: 0.0000194 seconds
57.159: [GC (Allocation Failure)  563086K->245832K(1034752K), 0.0042135 secs]
57.164: Total time for which application threads were stopped: 0.0043726 seconds, Stopping threads took: 0.0000193 seconds
57.233: [GC (Allocation Failure)  567880K->249904K(1035776K), 0.0042777 secs]
57.238: Total time for which application threads were stopped: 0.0044428 seconds, Stopping threads took: 0.0000210 seconds
57.304: [GC (Allocation Failure)  573225K->246030K(1035776K), 0.0029325 secs]
57.307: Total time for which application threads were stopped: 0.0030957 seconds, Stopping threads took: 0.0000199 seconds
57.378: [GC (Allocation Failure)  569614K->250064K(1036800K), 0.0041106 secs]
57.382: Total time for which application threads were stopped: 0.0042815 seconds, Stopping threads took: 0.0000193 seconds
57.450: [GC (Allocation Failure)  575184K->254032K(1036288K), 0.0048703 secs]
57.455: Total time for which application threads were stopped: 0.0050394 seconds, Stopping threads took: 0.0000196 seconds
57.524: [GC (Allocation Failure)  579152K->254000K(1035264K), 0.0041877 secs]
57.528: Total time for which application threads were stopped: 0.0043524 seconds, Stopping threads took: 0.0000208 seconds
57.596: [GC (Allocation Failure)  577584K->254088K(1035776K), 0.0040311 secs]
57.601: Total time for which application threads were stopped: 0.0041899 seconds, Stopping threads took: 0.0000194 seconds
57.668: [GC (Allocation Failure)  577672K->262058K(1034752K), 0.0039723 secs]
57.672: Total time for which application threads were stopped: 0.0041187 seconds, Stopping threads took: 0.0000194 seconds
57.742: [GC (Allocation Failure)  584618K->262090K(1035264K), 0.0038741 secs]
57.746: Total time for which application threads were stopped: 0.0040573 seconds, Stopping threads took: 0.0000171 seconds
57.816: [GC (Allocation Failure)  584650K->262122K(1034240K), 0.0040041 secs]
57.820: Total time for which application threads were stopped: 0.0041744 seconds, Stopping threads took: 0.0000165 seconds
57.887: [GC (Allocation Failure)  583658K->270157K(1034752K), 0.0040433 secs]
57.892: Total time for which application threads were stopped: 0.0042100 seconds, Stopping threads took: 0.0000194 seconds
57.958: [GC (Allocation Failure)  591693K->270061K(1034752K), 0.0043359 secs]
57.963: Total time for which application threads were stopped: 0.0045050 seconds, Stopping threads took: 0.0000193 seconds
58.028: [GC (Allocation Failure)  591597K->270309K(1021440K), 0.0042249 secs]
58.032: Total time for which application threads were stopped: 0.0044003 seconds, Stopping threads took: 0.0000197 seconds
58.102: [GC (Allocation Failure)  591845K->278119K(1034240K), 0.0041466 secs]
58.106: Total time for which application threads were stopped: 0.0043154 seconds, Stopping threads took: 0.0000191 seconds
58.172: [GC (Allocation Failure)  598631K->278119K(1034240K), 0.0064013 secs]
58.178: Total time for which application threads were stopped: 0.0065549 seconds, Stopping threads took: 0.0000183 seconds
58.246: [GC (Allocation Failure)  598631K->278535K(1034240K), 0.0042191 secs]
58.250: Total time for which application threads were stopped: 0.0043937 seconds, Stopping threads took: 0.0000192 seconds
58.317: [GC (Allocation Failure)  599047K->286153K(1028096K), 0.0049517 secs]
58.322: Total time for which application threads were stopped: 0.0051308 seconds, Stopping threads took: 0.0000241 seconds
58.389: [GC (Allocation Failure)  606665K->286185K(1033728K), 0.0041319 secs]
58.393: Total time for which application threads were stopped: 0.0043251 seconds, Stopping threads took: 0.0000196 seconds
58.461: [GC (Allocation Failure)  605673K->286281K(1033728K), 0.0040890 secs]
58.465: Total time for which application threads were stopped: 0.0042587 seconds, Stopping threads took: 0.0000195 seconds
58.532: [GC (Allocation Failure)  605769K->294187K(1033728K), 0.0042593 secs]
58.537: Total time for which application threads were stopped: 0.0044288 seconds, Stopping threads took: 0.0000194 seconds
58.604: [GC (Allocation Failure)  613675K->294219K(1033728K), 0.0041104 secs]
58.608: Total time for which application threads were stopped: 0.0042680 seconds, Stopping threads took: 0.0000197 seconds
58.676: [GC (Allocation Failure)  613707K->294251K(1033728K), 0.0043172 secs]
58.680: Total time for which application threads were stopped: 0.0044879 seconds, Stopping threads took: 0.0000199 seconds
58.746: [GC (Allocation Failure)  613739K->302190K(1027072K), 0.0041375 secs]
58.751: Total time for which application threads were stopped: 0.0042953 seconds, Stopping threads took: 0.0000193 seconds
58.817: [GC (Allocation Failure)  621678K->302190K(1033216K), 0.0040475 secs]
58.821: Total time for which application threads were stopped: 0.0042279 seconds, Stopping threads took: 0.0000270 seconds
58.887: [GC (Allocation Failure)  620654K->302478K(1033216K), 0.0041722 secs]
58.891: Total time for which application threads were stopped: 0.0043332 seconds, Stopping threads took: 0.0000194 seconds
58.958: [GC (Allocation Failure)  620942K->310224K(1033216K), 0.0056485 secs]
58.964: Total time for which application threads were stopped: 0.0058267 seconds, Stopping threads took: 0.0000192 seconds
59.031: [GC (Allocation Failure)  628688K->305902K(1033216K), 0.0028768 secs]
59.034: Total time for which application threads were stopped: 0.0030386 seconds, Stopping threads took: 0.0000191 seconds
59.099: [GC (Allocation Failure)  624366K->310456K(1034752K), 0.0064491 secs]
59.106: Total time for which application threads were stopped: 0.0066149 seconds, Stopping threads took: 0.0000196 seconds
59.173: [GC (Allocation Failure)  630968K->314432K(1033728K), 0.0044119 secs]
59.178: Total time for which application threads were stopped: 0.0045900 seconds, Stopping threads took: 0.0000188 seconds
59.245: [GC (Allocation Failure)  634944K->322526K(1027584K), 0.0080613 secs]
59.253: Total time for which application threads were stopped: 0.0082306 seconds, Stopping threads took: 0.0000277 seconds
59.319: [GC (Allocation Failure)  636894K->316896K(1031168K), 0.0066098 secs]
59.326: Total time for which application threads were stopped: 0.0067959 seconds, Stopping threads took: 0.0000136 seconds
59.393: [GC (Allocation Failure)  631264K->316768K(1032192K), 0.0043447 secs]
59.398: Total time for which application threads were stopped: 0.0045198 seconds, Stopping threads took: 0.0000196 seconds
59.464: [GC (Allocation Failure)  632672K->318312K(1031680K), 0.0043780 secs]
59.469: Total time for which application threads were stopped: 0.0045503 seconds, Stopping threads took: 0.0000284 seconds
59.536: [GC (Allocation Failure)  634216K->324842K(1032704K), 0.0041591 secs]
59.540: Total time for which application threads were stopped: 0.0043206 seconds, Stopping threads took: 0.0000199 seconds
59.607: [GC (Allocation Failure)  641770K->324842K(1032192K), 0.0042446 secs]
59.612: Total time for which application threads were stopped: 0.0044335 seconds, Stopping threads took: 0.0000192 seconds
59.678: [GC (Allocation Failure)  641770K->325034K(1032192K), 0.0041698 secs]
59.682: Total time for which application threads were stopped: 0.0043366 seconds, Stopping threads took: 0.0000201 seconds
59.749: [GC (Allocation Failure)  642474K->332845K(1032704K), 0.0043971 secs]
59.753: Total time for which application threads were stopped: 0.0045700 seconds, Stopping threads took: 0.0000201 seconds
59.821: [GC (Allocation Failure)  650285K->332845K(1033216K), 0.0040932 secs]
59.825: Total time for which application threads were stopped: 0.0042542 seconds, Stopping threads took: 0.0000267 seconds
59.891: [GC (Allocation Failure)  650797K->334789K(1032704K), 0.0045924 secs]
59.896: Total time for which application threads were stopped: 0.0048002 seconds, Stopping threads took: 0.0000495 seconds
59.965: [GC (Allocation Failure)  652741K->340871K(1033216K), 0.0044033 secs]
59.969: Total time for which application threads were stopped: 0.0045607 seconds, Stopping threads took: 0.0000174 seconds
60.037: [GC (Allocation Failure)  659335K->340871K(1033216K), 0.0046089 secs]
60.041: Total time for which application threads were stopped: 0.0047721 seconds, Stopping threads took: 0.0000202 seconds
60.108: [GC (Allocation Failure)  659335K->342535K(1033728K), 0.0044634 secs]
60.112: Total time for which application threads were stopped: 0.0046573 seconds, Stopping threads took: 0.0000210 seconds
60.182: [GC (Allocation Failure)  662023K->348905K(1033728K), 0.0041196 secs]
60.186: Total time for which application threads were stopped: 0.0042684 seconds, Stopping threads took: 0.0000171 seconds
60.255: [GC (Allocation Failure)  668393K->348905K(1033728K), 0.0045246 secs]
60.260: Total time for which application threads were stopped: 0.0046939 seconds, Stopping threads took: 0.0000196 seconds
60.325: [GC (Allocation Failure)  668393K->349729K(1033728K), 0.0055294 secs]
60.331: Total time for which application threads were stopped: 0.0057277 seconds, Stopping threads took: 0.0000189 seconds
60.399: [GC (Allocation Failure)  669217K->356963K(1033728K), 0.0042606 secs]
60.404: Total time for which application threads were stopped: 0.0044261 seconds, Stopping threads took: 0.0000191 seconds
60.470: [GC (Allocation Failure)  676451K->356931K(1033728K), 0.0044914 secs]
60.475: Total time for which application threads were stopped: 0.0046511 seconds, Stopping threads took: 0.0000191 seconds
60.540: [GC (Allocation Failure)  676419K->356995K(1033728K), 0.0045095 secs]
60.544: Total time for which application threads were stopped: 0.0046833 seconds, Stopping threads took: 0.0000217 seconds
60.612: [GC (Allocation Failure)  676483K->365030K(1033728K), 0.0043705 secs]
60.616: Total time for which application threads were stopped: 0.0045318 seconds, Stopping threads took: 0.0000197 seconds
60.683: [GC (Allocation Failure)  684518K->364966K(1033728K), 0.0044292 secs]
60.687: Total time for which application threads were stopped: 0.0045967 seconds, Stopping threads took: 0.0000199 seconds
60.752: [GC (Allocation Failure)  684454K->365166K(1033728K), 0.0043632 secs]
60.757: Total time for which application threads were stopped: 0.0046179 seconds, Stopping threads took: 0.0001151 seconds
60.825: [GC (Allocation Failure)  684654K->373040K(1033728K), 0.0044521 secs]
60.830: Total time for which application threads were stopped: 0.0046283 seconds, Stopping threads took: 0.0000262 seconds
60.896: [GC (Allocation Failure)  692528K->373040K(1033728K), 0.0044461 secs]
60.900: Total time for which application threads were stopped: 0.0046258 seconds, Stopping threads took: 0.0000199 seconds
60.965: [GC (Allocation Failure)  692528K->373424K(1033728K), 0.0107829 secs]
60.976: Total time for which application threads were stopped: 0.0109317 seconds, Stopping threads took: 0.0000201 seconds
61.044: [GC (Allocation Failure)  692912K->381042K(1027072K), 0.0043604 secs]
61.049: Total time for which application threads were stopped: 0.0045409 seconds, Stopping threads took: 0.0000195 seconds
61.115: [GC (Allocation Failure)  700530K->381042K(1033728K), 0.0044922 secs]
61.119: Total time for which application threads were stopped: 0.0046533 seconds, Stopping threads took: 0.0000194 seconds
61.186: [GC (Allocation Failure)  700018K->382122K(1033216K), 0.0044518 secs]
61.190: Total time for which application threads were stopped: 0.0046452 seconds, Stopping threads took: 0.0000203 seconds
61.259: [GC (Allocation Failure)  701098K->389100K(1033728K), 0.0064820 secs]
61.265: Total time for which application threads were stopped: 0.0066909 seconds, Stopping threads took: 0.0000371 seconds
61.334: [GC (Allocation Failure)  708588K->389100K(1033728K), 0.0049377 secs]
61.339: Total time for which application threads were stopped: 0.0050996 seconds, Stopping threads took: 0.0000274 seconds
61.406: [GC (Allocation Failure)  708588K->389868K(1033728K), 0.0043749 secs]
61.410: Total time for which application threads were stopped: 0.0045427 seconds, Stopping threads took: 0.0000186 seconds
61.477: [GC (Allocation Failure)  709356K->397167K(1033728K), 0.0045794 secs]
61.482: Total time for which application threads were stopped: 0.0047489 seconds, Stopping threads took: 0.0000202 seconds
61.549: [GC (Allocation Failure)  716655K->397103K(1033728K), 0.0042290 secs]
61.554: Total time for which application threads were stopped: 0.0044259 seconds, Stopping threads took: 0.0000278 seconds
61.620: [GC (Allocation Failure)  716591K->398087K(1033728K), 0.0044212 secs]
61.625: Total time for which application threads were stopped: 0.0045716 seconds, Stopping threads took: 0.0000163 seconds
61.690: [GC (Allocation Failure)  717575K->405129K(1033728K), 0.0051127 secs]
61.696: Total time for which application threads were stopped: 0.0052850 seconds, Stopping threads took: 0.0000200 seconds
61.764: [GC (Allocation Failure)  724617K->405129K(1033728K), 0.0041045 secs]
61.768: Total time for which application threads were stopped: 0.0043148 seconds, Stopping threads took: 0.0000187 seconds
61.834: [GC (Allocation Failure)  724617K->405289K(1033728K), 0.0045282 secs]
61.839: Total time for which application threads were stopped: 0.0047048 seconds, Stopping threads took: 0.0000272 seconds
61.904: [GC (Allocation Failure)  724777K->413163K(1027072K), 0.0060976 secs]
61.910: Total time for which application threads were stopped: 0.0062761 seconds, Stopping threads took: 0.0000258 seconds
61.979: [GC (Allocation Failure)  732651K->413163K(1033216K), 0.0046264 secs]
61.984: Total time for which application threads were stopped: 0.0047962 seconds, Stopping threads took: 0.0000221 seconds
62.051: [GC (Allocation Failure)  731627K->413515K(1033216K), 0.0043406 secs]
62.055: Total time for which application threads were stopped: 0.0045537 seconds, Stopping threads took: 0.0000206 seconds
62.124: [GC (Allocation Failure)  731979K->421197K(1033216K), 0.0044703 secs]
62.128: Total time for which application threads were stopped: 0.0046388 seconds, Stopping threads took: 0.0000202 seconds
62.194: [GC (Allocation Failure)  739661K->421197K(1033216K), 0.0046015 secs]
62.199: Total time for which application threads were stopped: 0.0047973 seconds, Stopping threads took: 0.0000202 seconds
62.265: [GC (Allocation Failure)  739661K->421805K(1033216K), 0.0044388 secs]
62.270: Total time for which application threads were stopped: 0.0046169 seconds, Stopping threads took: 0.0000279 seconds
62.338: [GC (Allocation Failure)  740269K->429232K(1033216K), 0.0042667 secs]
62.343: Total time for which application threads were stopped: 0.0044479 seconds, Stopping threads took: 0.0000170 seconds
62.410: [GC (Allocation Failure)  747696K->429232K(1033216K), 0.0043691 secs]
62.414: Total time for which application threads were stopped: 0.0045634 seconds, Stopping threads took: 0.0000250 seconds
62.480: [GC (Allocation Failure)  747696K->430024K(1033216K), 0.0045375 secs]
62.485: Total time for which application threads were stopped: 0.0047024 seconds, Stopping threads took: 0.0000201 seconds
62.552: [GC (Allocation Failure)  748488K->437258K(1033216K), 0.0046629 secs]
62.557: Total time for which application threads were stopped: 0.0048335 seconds, Stopping threads took: 0.0000201 seconds
62.624: [GC (Allocation Failure)  755722K->437258K(1033216K), 0.0043837 secs]
62.629: Total time for which application threads were stopped: 0.0045554 seconds, Stopping threads took: 0.0000201 seconds
62.695: [GC (Allocation Failure)  755722K->437322K(1033216K), 0.0044506 secs]
62.700: Total time for which application threads were stopped: 0.0046115 seconds, Stopping threads took: 0.0000201 seconds
62.767: [GC (Allocation Failure)  755786K->445292K(1033216K), 0.0043730 secs]
62.771: Total time for which application threads were stopped: 0.0045365 seconds, Stopping threads took: 0.0000195 seconds
62.838: [GC (Allocation Failure)  763756K->445324K(1033216K), 0.0045392 secs]
62.842: Total time for which application threads were stopped: 0.0047075 seconds, Stopping threads took: 0.0000263 seconds
62.909: [GC (Allocation Failure)  763788K->445444K(1033216K), 0.0046966 secs]
62.914: Total time for which application threads were stopped: 0.0048725 seconds, Stopping threads took: 0.0000249 seconds
62.981: [GC (Allocation Failure)  763908K->453319K(1033216K), 0.0047335 secs]
62.985: Total time for which application threads were stopped: 0.0049078 seconds, Stopping threads took: 0.0000201 seconds
63.051: [GC (Allocation Failure)  771783K->453319K(1033216K), 0.0046449 secs]
63.055: Total time for which application threads were stopped: 0.0048254 seconds, Stopping threads took: 0.0000200 seconds
63.121: [GC (Allocation Failure)  771783K->453671K(1033216K), 0.0045683 secs]
63.126: Total time for which application threads were stopped: 0.0047378 seconds, Stopping threads took: 0.0000204 seconds
63.193: [GC (Allocation Failure)  772135K->461353K(1033216K), 0.0043915 secs]
63.197: Total time for which application threads were stopped: 0.0045634 seconds, Stopping threads took: 0.0000203 seconds
63.262: [GC (Allocation Failure)  779817K->461353K(1033216K), 0.0045756 secs]
63.267: Total time for which application threads were stopped: 0.0047300 seconds, Stopping threads took: 0.0000189 seconds
63.333: [GC (Allocation Failure)  779817K->461377K(1033216K), 0.0056012 secs]
63.338: Total time for which application threads were stopped: 0.0057634 seconds, Stopping threads took: 0.0000260 seconds
63.405: [GC (Allocation Failure)  779841K->469379K(1033216K), 0.0045630 secs]
63.409: Total time for which application threads were stopped: 0.0047237 seconds, Stopping threads took: 0.0000195 seconds
63.476: [GC (Allocation Failure)  787843K->469379K(1033216K), 0.0044604 secs]
63.481: Total time for which application threads were stopped: 0.0046183 seconds, Stopping threads took: 0.0000198 seconds
63.545: [GC (Allocation Failure)  787843K->469643K(1033216K), 0.0044733 secs]
63.550: Total time for which application threads were stopped: 0.0046455 seconds, Stopping threads took: 0.0000192 seconds
63.616: [GC (Allocation Failure)  788107K->477421K(1033216K), 0.0045514 secs]
63.620: Total time for which application threads were stopped: 0.0047438 seconds, Stopping threads took: 0.0000203 seconds
63.686: [GC (Allocation Failure)  795885K->470731K(1033216K), 0.0020110 secs]
63.688: Total time for which application threads were stopped: 0.0021435 seconds, Stopping threads took: 0.0000165 seconds
63.757: [GC (Allocation Failure)  789195K->477597K(1033216K), 0.0044115 secs]
63.762: Total time for which application threads were stopped: 0.0045811 seconds, Stopping threads took: 0.0000195 seconds
63.827: [GC (Allocation Failure)  796061K->481573K(1033728K), 0.0053590 secs]
63.833: Total time for which application threads were stopped: 0.0055267 seconds, Stopping threads took: 0.0000257 seconds
63.900: [GC (Allocation Failure)  801061K->484323K(1030144K), 0.0056192 secs]
63.906: Total time for which application threads were stopped: 0.0057922 seconds, Stopping threads took: 0.0000252 seconds
63.974: [GC (Allocation Failure)  803811K->481669K(1032704K), 0.0044425 secs]
63.979: Total time for which application threads were stopped: 0.0046073 seconds, Stopping threads took: 0.0000195 seconds
64.046: [GC (Allocation Failure)  799109K->481573K(1032704K), 0.0044751 secs]
64.051: Total time for which application threads were stopped: 0.0046464 seconds, Stopping threads took: 0.0000204 seconds
64.117: [GC (Allocation Failure)  799013K->475331K(1033216K), 0.0022475 secs]
64.119: Total time for which application threads were stopped: 0.0024305 seconds, Stopping threads took: 0.0000196 seconds
64.189: [GC (Allocation Failure)  793795K->481605K(1033216K), 0.0045106 secs]
64.194: Total time for which application threads were stopped: 0.0046814 seconds, Stopping threads took: 0.0000198 seconds
64.261: [GC (Allocation Failure)  800069K->481573K(1033216K), 0.0047062 secs]
64.265: Total time for which application threads were stopped: 0.0048679 seconds, Stopping threads took: 0.0000205 seconds
64.331: [GC (Allocation Failure)  800037K->483517K(1033216K), 0.0069246 secs]
64.338: Total time for which application threads were stopped: 0.0070728 seconds, Stopping threads took: 0.0000265 seconds
64.405: [GC (Allocation Failure)  801981K->489632K(1033728K), 0.0044191 secs]
64.409: Total time for which application threads were stopped: 0.0045766 seconds, Stopping threads took: 0.0000192 seconds
64.477: [GC (Allocation Failure)  809120K->489600K(1033728K), 0.0045451 secs]
64.481: Total time for which application threads were stopped: 0.0047373 seconds, Stopping threads took: 0.0000191 seconds
64.549: [GC (Allocation Failure)  809088K->489736K(1033728K), 0.0045970 secs]
64.554: Total time for which application threads were stopped: 0.0047780 seconds, Stopping threads took: 0.0000164 seconds
64.621: [GC (Allocation Failure)  809224K->497674K(1033728K), 0.0045863 secs]
64.625: Total time for which application threads were stopped: 0.0047660 seconds, Stopping threads took: 0.0000285 seconds
64.693: [GC (Allocation Failure)  817162K->497674K(1033728K), 0.0046108 secs]
64.698: Total time for which application threads were stopped: 0.0047742 seconds, Stopping threads took: 0.0000196 seconds
64.763: [GC (Allocation Failure)  817162K->501058K(1033728K), 0.0055607 secs]
64.768: Total time for which application threads were stopped: 0.0057396 seconds, Stopping threads took: 0.0000194 seconds
64.837: [GC (Allocation Failure)  820546K->505796K(1034240K), 0.0045607 secs]
64.842: Total time for which application threads were stopped: 0.0047616 seconds, Stopping threads took: 0.0000261 seconds
64.910: [GC (Allocation Failure)  826308K->505668K(1034240K), 0.0045857 secs]
64.915: Total time for which application threads were stopped: 0.0047819 seconds, Stopping threads took: 0.0000201 seconds
64.983: [GC (Allocation Failure)  826180K->506220K(1033216K), 0.0048291 secs]
64.988: Total time for which application threads were stopped: 0.0049902 seconds, Stopping threads took: 0.0000192 seconds
65.055: [GC (Allocation Failure)  825708K->513774K(1033728K), 0.0046298 secs]
65.060: Total time for which application threads were stopped: 0.0047891 seconds, Stopping threads took: 0.0000203 seconds
65.129: [GC (Allocation Failure)  833262K->513742K(1034240K), 0.0043568 secs]
65.134: Total time for which application threads were stopped: 0.0045197 seconds, Stopping threads took: 0.0000194 seconds
65.200: [GC (Allocation Failure)  833742K->513926K(1033728K), 0.0048260 secs]
65.205: Total time for which application threads were stopped: 0.0049914 seconds, Stopping threads took: 0.0000205 seconds
65.271: [GC (Allocation Failure)  833926K->521769K(1033728K), 0.0046752 secs]
65.276: Total time for which application threads were stopped: 0.0048450 seconds, Stopping threads took: 0.0000198 seconds
65.345: [GC (Allocation Failure)  841257K->521737K(1033728K), 0.0047333 secs]
65.350: Total time for which application threads were stopped: 0.0049239 seconds, Stopping threads took: 0.0000196 seconds
65.416: [GC (Allocation Failure)  841225K->525769K(1034240K), 0.0056409 secs]
65.422: Total time for which application threads were stopped: 0.0057991 seconds, Stopping threads took: 0.0000160 seconds
65.490: [GC (Allocation Failure)  845769K->529803K(1033728K), 0.0045184 secs]
65.495: Total time for which application threads were stopped: 0.0047002 seconds, Stopping threads took: 0.0000199 seconds
65.563: [GC (Allocation Failure)  849803K->529771K(1034240K), 0.0044958 secs]
65.567: Total time for which application threads were stopped: 0.0046639 seconds, Stopping threads took: 0.0000276 seconds
65.636: [GC (Allocation Failure)  850283K->530923K(1034240K), 0.0047629 secs]
65.641: Total time for which application threads were stopped: 0.0049274 seconds, Stopping threads took: 0.0000197 seconds
65.709: [GC (Allocation Failure)  851435K->537869K(1034240K), 0.0045825 secs]
65.713: Total time for which application threads were stopped: 0.0047456 seconds, Stopping threads took: 0.0000201 seconds
65.782: [GC (Allocation Failure)  858381K->537805K(1034240K), 0.0048025 secs]
65.787: Total time for which application threads were stopped: 0.0049969 seconds, Stopping threads took: 0.0000196 seconds
65.856: [GC (Allocation Failure)  858317K->538117K(1034240K), 0.0046045 secs]
65.860: Total time for which application threads were stopped: 0.0047956 seconds, Stopping threads took: 0.0000276 seconds
65.929: [GC (Allocation Failure)  858629K->545927K(1034240K), 0.0047113 secs]
65.934: Total time for which application threads were stopped: 0.0048915 seconds, Stopping threads took: 0.0000167 seconds
66.003: [GC (Allocation Failure)  866439K->545799K(1034240K), 0.0043971 secs]
66.008: Total time for which application threads were stopped: 0.0045791 seconds, Stopping threads took: 0.0000198 seconds
66.076: [GC (Allocation Failure)  866311K->547367K(1034240K), 0.0047812 secs]
66.081: Total time for which application threads were stopped: 0.0049399 seconds, Stopping threads took: 0.0000196 seconds
66.149: [GC (Allocation Failure)  867879K->553930K(1034240K), 0.0046074 secs]
66.154: Total time for which application threads were stopped: 0.0047667 seconds, Stopping threads took: 0.0000189 seconds
66.221: [GC (Allocation Failure)  874442K->553898K(1034240K), 0.0047200 secs]
66.226: Total time for which application threads were stopped: 0.0048904 seconds, Stopping threads took: 0.0000195 seconds
66.293: [GC (Allocation Failure)  874410K->554090K(1033216K), 0.0049366 secs]
66.298: Total time for which application threads were stopped: 0.0050957 seconds, Stopping threads took: 0.0000197 seconds
66.366: [GC (Allocation Failure)  873578K->561964K(1033728K), 0.0046242 secs]
66.371: Total time for which application threads were stopped: 0.0048021 seconds, Stopping threads took: 0.0000189 seconds
66.438: [GC (Allocation Failure)  881452K->561900K(1033728K), 0.0048960 secs]
66.443: Total time for which application threads were stopped: 0.0050733 seconds, Stopping threads took: 0.0000197 seconds
66.510: [GC (Allocation Failure)  881388K->562820K(1033728K), 0.0050347 secs]
66.515: Total time for which application threads were stopped: 0.0052043 seconds, Stopping threads took: 0.0000196 seconds
66.583: [GC (Allocation Failure)  882308K->569990K(1033728K), 0.0050236 secs]
66.588: Total time for which application threads were stopped: 0.0051942 seconds, Stopping threads took: 0.0000205 seconds
66.655: [GC (Allocation Failure)  889478K->569926K(1033728K), 0.0046318 secs]
66.660: Total time for which application threads were stopped: 0.0047998 seconds, Stopping threads took: 0.0000196 seconds
66.726: [GC (Allocation Failure)  889414K->569990K(1033728K), 0.0047991 secs]
66.731: Total time for which application threads were stopped: 0.0049909 seconds, Stopping threads took: 0.0000205 seconds
66.800: [GC (Allocation Failure)  889478K->577960K(1033728K), 0.0045420 secs]
66.804: Total time for which application threads were stopped: 0.0046930 seconds, Stopping threads took: 0.0000254 seconds
66.873: [GC (Allocation Failure)  897448K->577960K(1033728K), 0.0046894 secs]
66.878: Total time for which application threads were stopped: 0.0048614 seconds, Stopping threads took: 0.0000206 seconds
66.944: [GC (Allocation Failure)  897448K->579280K(1033728K), 0.0066425 secs]
66.951: Total time for which application threads were stopped: 0.0068531 seconds, Stopping threads took: 0.0000200 seconds
67.019: [GC (Allocation Failure)  898768K->586035K(1033728K), 0.0049058 secs]
67.024: Total time for which application threads were stopped: 0.0050707 seconds, Stopping threads took: 0.0000247 seconds
67.092: [GC (Allocation Failure)  905523K->586003K(1033728K), 0.0048571 secs]
67.097: Total time for which application threads were stopped: 0.0050354 seconds, Stopping threads took: 0.0000204 seconds
67.163: [GC (Allocation Failure)  905491K->586507K(1033728K), 0.0048194 secs]
67.168: Total time for which application threads were stopped: 0.0050051 seconds, Stopping threads took: 0.0000217 seconds
67.235: [GC (Allocation Failure)  905995K->594061K(1033728K), 0.0066315 secs]
67.242: Total time for which application threads were stopped: 0.0067955 seconds, Stopping threads took: 0.0000194 seconds
67.311: [GC (Allocation Failure)  913549K->593997K(1033728K), 0.0082923 secs]
67.319: Total time for which application threads were stopped: 0.0084520 seconds, Stopping threads took: 0.0000253 seconds
67.386: [GC (Allocation Failure)  913485K->594245K(1033728K), 0.0049344 secs]
67.391: Total time for which application threads were stopped: 0.0051112 seconds, Stopping threads took: 0.0000193 seconds
67.459: [GC (Allocation Failure)  913733K->602087K(1032704K), 0.0046474 secs]
67.464: Total time for which application threads were stopped: 0.0048115 seconds, Stopping threads took: 0.0000195 seconds
67.531: [GC (Allocation Failure)  920551K->602055K(1033216K), 0.0048288 secs]
67.536: Total time for which application threads were stopped: 0.0049973 seconds, Stopping threads took: 0.0000201 seconds
67.600: [GC (Allocation Failure)  920519K->602983K(1033728K), 0.0049051 secs]
67.605: Total time for which application threads were stopped: 0.0050732 seconds, Stopping threads took: 0.0000192 seconds
67.672: [GC (Allocation Failure)  921959K->610122K(1033216K), 0.0046592 secs]
67.677: Total time for which application threads were stopped: 0.0048194 seconds, Stopping threads took: 0.0000201 seconds
67.744: [GC (Allocation Failure)  929098K->610090K(1033728K), 0.0046683 secs]
67.748: Total time for which application threads were stopped: 0.0048589 seconds, Stopping threads took: 0.0000184 seconds
67.816: [GC (Allocation Failure)  929066K->610634K(1033216K), 0.0048013 secs]
67.821: Total time for which application threads were stopped: 0.0049662 seconds, Stopping threads took: 0.0000246 seconds
67.889: [GC (Allocation Failure)  929610K->618188K(1032704K), 0.0047452 secs]
67.893: Total time for which application threads were stopped: 0.0049165 seconds, Stopping threads took: 0.0000257 seconds
67.960: [GC (Allocation Failure)  936652K->618124K(1033216K), 0.0094542 secs]
67.970: Total time for which application threads were stopped: 0.0096134 seconds, Stopping threads took: 0.0000194 seconds
68.037: [GC (Allocation Failure)  936588K->618340K(1033216K), 0.0048844 secs]
68.042: Total time for which application threads were stopped: 0.0050619 seconds, Stopping threads took: 0.0000187 seconds
68.108: [GC (Allocation Failure)  936804K->626182K(1033216K), 0.0048038 secs]
68.112: Total time for which application threads were stopped: 0.0049811 seconds, Stopping threads took: 0.0000199 seconds
68.179: [GC (Allocation Failure)  944646K->626182K(1033216K), 0.0046167 secs]
68.184: Total time for which application threads were stopped: 0.0047901 seconds, Stopping threads took: 0.0000205 seconds
68.253: [GC (Allocation Failure)  944646K->626574K(1033216K), 0.0050389 secs]
68.258: Total time for which application threads were stopped: 0.0052110 seconds, Stopping threads took: 0.0000206 seconds
68.327: [GC (Allocation Failure)  945038K->634192K(1033216K), 0.0056187 secs]
68.332: Total time for which application threads were stopped: 0.0057786 seconds, Stopping threads took: 0.0000179 seconds
68.400: [GC (Allocation Failure)  952656K->634192K(1033216K), 0.0046689 secs]
68.404: Total time for which application threads were stopped: 0.0048270 seconds, Stopping threads took: 0.0000253 seconds
68.471: [GC (Allocation Failure)  952656K->634280K(1033216K), 0.0048575 secs]
68.476: Total time for which application threads were stopped: 0.0050195 seconds, Stopping threads took: 0.0000191 seconds
68.544: [GC (Allocation Failure)  952744K->642251K(1033216K), 0.0049633 secs]
68.549: Total time for which application threads were stopped: 0.0051261 seconds, Stopping threads took: 0.0000203 seconds
68.614: [GC (Allocation Failure)  960715K->642219K(1033216K), 0.0050309 secs]
68.620: Total time for which application threads were stopped: 0.0052309 seconds, Stopping threads took: 0.0000205 seconds
68.686: [GC (Allocation Failure)  960683K->642283K(1033216K), 0.0048765 secs]
68.691: Total time for which application threads were stopped: 0.0050479 seconds, Stopping threads took: 0.0000207 seconds
68.758: [GC (Allocation Failure)  960747K->650253K(1033216K), 0.0049489 secs]
68.763: Total time for which application threads were stopped: 0.0051273 seconds, Stopping threads took: 0.0000210 seconds
68.831: [GC (Allocation Failure)  968717K->650253K(1033216K), 0.0047708 secs]
68.836: Total time for which application threads were stopped: 0.0049458 seconds, Stopping threads took: 0.0000260 seconds
68.901: [GC (Allocation Failure)  968717K->650317K(1033216K), 0.0048524 secs]
68.906: Total time for which application threads were stopped: 0.0050507 seconds, Stopping threads took: 0.0000254 seconds
68.972: [GC (Allocation Failure)  968781K->658319K(1033216K), 0.0049902 secs]
68.978: Total time for which application threads were stopped: 0.0051462 seconds, Stopping threads took: 0.0000191 seconds
69.045: [GC (Allocation Failure)  976783K->658319K(1033216K), 0.0105295 secs]
69.055: Total time for which application threads were stopped: 0.0107054 seconds, Stopping threads took: 0.0000188 seconds
69.124: [GC (Allocation Failure)  976783K->658503K(1033216K), 0.0048312 secs]
69.129: Total time for which application threads were stopped: 0.0049882 seconds, Stopping threads took: 0.0000194 seconds
69.196: [GC (Allocation Failure)  976967K->666377K(1033216K), 0.0049125 secs]
69.201: Total time for which application threads were stopped: 0.0050741 seconds, Stopping threads took: 0.0000198 seconds
69.267: [GC (Allocation Failure)  984841K->666313K(1033216K), 0.0050554 secs]
69.272: Total time for which application threads were stopped: 0.0052531 seconds, Stopping threads took: 0.0000199 seconds
69.337: [GC (Allocation Failure)  984777K->666729K(1033216K), 0.0049456 secs]
69.342: Total time for which application threads were stopped: 0.0051294 seconds, Stopping threads took: 0.0000138 seconds
69.409: [GC (Allocation Failure)  985193K->674380K(1033216K), 0.0050256 secs]
69.414: Total time for which application threads were stopped: 0.0052249 seconds, Stopping threads took: 0.0000199 seconds
69.481: [GC (Allocation Failure)  992844K->674348K(1033216K), 0.0049551 secs]
69.486: Total time for which application threads were stopped: 0.0051275 seconds, Stopping threads took: 0.0000198 seconds
69.553: [GC (Allocation Failure)  992812K->674412K(1033216K), 0.0050058 secs]
69.558: Total time for which application threads were stopped: 0.0051698 seconds, Stopping threads took: 0.0000198 seconds
69.625: [GC (Allocation Failure)  992876K->682414K(1033216K), 0.0049848 secs]
69.630: Total time for which application threads were stopped: 0.0051647 seconds, Stopping threads took: 0.0000206 seconds
69.697: [GC (Allocation Failure)  1000878K->674508K(1033216K), 0.0018479 secs]
69.699: Total time for which application threads were stopped: 0.0019777 seconds, Stopping threads took: 0.0000193 seconds
69.766: [GC (Allocation Failure)  992972K->682598K(1032192K), 0.0049881 secs]
69.771: Total time for which application threads were stopped: 0.0051649 seconds, Stopping threads took: 0.0000198 seconds
69.836: [GC (Allocation Failure)  1000038K->686518K(1032704K), 0.0063885 secs]
69.842: Total time for which application threads were stopped: 0.0065503 seconds, Stopping threads took: 0.0000260 seconds
69.908: [GC (Allocation Failure)  1003958K->684916K(1033728K), 0.0043229 secs]
69.912: Total time for which application threads were stopped: 0.0044981 seconds, Stopping threads took: 0.0000184 seconds
69.977: [GC (Allocation Failure)  1003380K->686646K(1032704K), 0.0050259 secs]
69.982: Total time for which application threads were stopped: 0.0051934 seconds, Stopping threads took: 0.0000203 seconds
70.050: [GC (Allocation Failure)  1005110K->686550K(1033728K), 0.0050373 secs]
70.055: Total time for which application threads were stopped: 0.0052242 seconds, Stopping threads took: 0.0000215 seconds
70.120: [GC (Allocation Failure)  1006038K->690174K(1033728K), 0.0056252 secs]
70.126: [Full GC (Ergonomics)  690174K->12064K(1033728K), 0.0190500 secs]
70.145: Total time for which application threads were stopped: 0.0249416 seconds, Stopping threads took: 0.0000201 seconds
70.211: [GC (Allocation Failure)  331552K->20738K(1033216K), 0.0039277 secs]
70.215: Total time for which application threads were stopped: 0.0040958 seconds, Stopping threads took: 0.0000201 seconds
70.281: [GC (Allocation Failure)  340226K->20666K(1033728K), 0.0038864 secs]
70.285: Total time for which application threads were stopped: 0.0040517 seconds, Stopping threads took: 0.0000194 seconds
70.351: [GC (Allocation Failure)  340154K->23450K(1034240K), 0.0041320 secs]
70.355: Total time for which application threads were stopped: 0.0042995 seconds, Stopping threads took: 0.0000190 seconds
70.423: [GC (Allocation Failure)  343450K->28732K(1033728K), 0.0036170 secs]
70.426: Total time for which application threads were stopped: 0.0037887 seconds, Stopping threads took: 0.0000208 seconds
70.492: [GC (Allocation Failure)  348732K->28700K(1034240K), 0.0038999 secs]
70.496: Total time for which application threads were stopped: 0.0040848 seconds, Stopping threads took: 0.0000209 seconds
70.565: [GC (Allocation Failure)  349212K->32772K(1034240K), 0.0046248 secs]
70.569: Total time for which application threads were stopped: 0.0047954 seconds, Stopping threads took: 0.0000198 seconds
70.637: [GC (Allocation Failure)  353284K->36743K(1034752K), 0.0039700 secs]
70.641: Total time for which application threads were stopped: 0.0041376 seconds, Stopping threads took: 0.0000199 seconds
70.709: [GC (Allocation Failure)  358279K->36711K(1034752K), 0.0038714 secs]
70.713: Total time for which application threads were stopped: 0.0040518 seconds, Stopping threads took: 0.0000204 seconds
70.778: [GC (Allocation Failure)  358247K->36903K(1033728K), 0.0036503 secs]
70.782: Total time for which application threads were stopped: 0.0038417 seconds, Stopping threads took: 0.0000189 seconds
70.852: [GC (Allocation Failure)  357415K->44809K(1034240K), 0.0036877 secs]
70.856: Total time for which application threads were stopped: 0.0039819 seconds, Stopping threads took: 0.0000280 seconds
70.923: [GC (Allocation Failure)  365321K->44809K(1034240K), 0.0034497 secs]
70.927: Total time for which application threads were stopped: 0.0036122 seconds, Stopping threads took: 0.0000188 seconds
70.993: [GC (Allocation Failure)  365321K->47145K(1034240K), 0.0041756 secs]
70.997: Total time for which application threads were stopped: 0.0043443 seconds, Stopping threads took: 0.0000194 seconds
71.064: [GC (Allocation Failure)  367657K->52971K(1033728K), 0.0036254 secs]
71.068: Total time for which application threads were stopped: 0.0037930 seconds, Stopping threads took: 0.0000192 seconds
71.135: [GC (Allocation Failure)  373483K->52811K(1034240K), 0.0034675 secs]
71.138: Total time for which application threads were stopped: 0.0036338 seconds, Stopping threads took: 0.0000191 seconds
71.204: [GC (Allocation Failure)  373323K->53347K(1033728K), 0.0063749 secs]
71.210: Total time for which application threads were stopped: 0.0065442 seconds, Stopping threads took: 0.0000192 seconds
71.279: [GC (Allocation Failure)  373859K->60901K(1034240K), 0.0037605 secs]
71.282: Total time for which application threads were stopped: 0.0039303 seconds, Stopping threads took: 0.0000170 seconds
71.351: [GC (Allocation Failure)  381413K->60837K(1034240K), 0.0037903 secs]
71.355: Total time for which application threads were stopped: 0.0039729 seconds, Stopping threads took: 0.0000167 seconds
71.423: [GC (Allocation Failure)  381349K->63661K(1034240K), 0.0040721 secs]
71.427: Total time for which application threads were stopped: 0.0042218 seconds, Stopping threads took: 0.0000167 seconds
71.495: [GC (Allocation Failure)  384173K->68880K(1033728K), 0.0037083 secs]
71.499: Total time for which application threads were stopped: 0.0038842 seconds, Stopping threads took: 0.0000203 seconds
71.567: [GC (Allocation Failure)  389392K->68880K(1034240K), 0.0037763 secs]
71.571: Total time for which application threads were stopped: 0.0039386 seconds, Stopping threads took: 0.0000196 seconds
71.638: [GC (Allocation Failure)  389392K->69800K(1033728K), 0.0039020 secs]
71.642: Total time for which application threads were stopped: 0.0040737 seconds, Stopping threads took: 0.0000194 seconds
71.710: [GC (Allocation Failure)  390312K->76938K(1034240K), 0.0039198 secs]
71.714: Total time for which application threads were stopped: 0.0040915 seconds, Stopping threads took: 0.0000204 seconds
71.782: [GC (Allocation Failure)  397450K->76906K(1034240K), 0.0036448 secs]
71.786: Total time for which application threads were stopped: 0.0038163 seconds, Stopping threads took: 0.0000198 seconds
71.854: [GC (Allocation Failure)  397418K->80106K(1034240K), 0.0043759 secs]
71.858: Total time for which application threads were stopped: 0.0045433 seconds, Stopping threads took: 0.0000258 seconds
71.926: [GC (Allocation Failure)  400618K->85004K(1034752K), 0.0037308 secs]
71.930: Total time for which application threads were stopped: 0.0038920 seconds, Stopping threads took: 0.0000193 seconds
71.998: [GC (Allocation Failure)  406540K->84940K(1034752K), 0.0037874 secs]
72.002: Total time for which application threads were stopped: 0.0039764 seconds, Stopping threads took: 0.0000203 seconds
72.067: [GC (Allocation Failure)  406476K->88332K(1034752K), 0.0046107 secs]
72.072: Total time for which application threads were stopped: 0.0047877 seconds, Stopping threads took: 0.0000205 seconds
72.141: [GC (Allocation Failure)  409868K->93103K(1034752K), 0.0038244 secs]
72.144: Total time for which application threads were stopped: 0.0040228 seconds, Stopping threads took: 0.0000218 seconds
72.213: [GC (Allocation Failure)  414639K->92975K(1034752K), 0.0037471 secs]
72.217: Total time for which application threads were stopped: 0.0039167 seconds, Stopping threads took: 0.0000276 seconds
72.282: [GC (Allocation Failure)  414511K->93511K(1034752K), 0.0041229 secs]
72.286: Total time for which application threads were stopped: 0.0043052 seconds, Stopping threads took: 0.0000241 seconds
72.357: [GC (Allocation Failure)  415047K->101097K(1034752K), 0.0036743 secs]
72.361: Total time for which application threads were stopped: 0.0038576 seconds, Stopping threads took: 0.0000168 seconds
72.429: [GC (Allocation Failure)  422633K->101001K(1034752K), 0.0038361 secs]
72.432: Total time for which application threads were stopped: 0.0040064 seconds, Stopping threads took: 0.0000194 seconds
72.498: [GC (Allocation Failure)  422537K->102761K(1034752K), 0.0041151 secs]
72.502: Total time for which application threads were stopped: 0.0042747 seconds, Stopping threads took: 0.0000184 seconds
72.570: [GC (Allocation Failure)  424297K->109067K(1029120K), 0.0039027 secs]
72.574: Total time for which application threads were stopped: 0.0040599 seconds, Stopping threads took: 0.0000194 seconds
72.640: [GC (Allocation Failure)  430603K->109035K(1034752K), 0.0040116 secs]
72.644: Total time for which application threads were stopped: 0.0041769 seconds, Stopping threads took: 0.0000191 seconds
72.710: [GC (Allocation Failure)  430059K->111499K(1034240K), 0.0041097 secs]
72.714: Total time for which application threads were stopped: 0.0042784 seconds, Stopping threads took: 0.0000189 seconds
72.782: [GC (Allocation Failure)  432523K->117101K(1034752K), 0.0038077 secs]
72.786: Total time for which application threads were stopped: 0.0039773 seconds, Stopping threads took: 0.0000198 seconds
72.854: [GC (Allocation Failure)  438637K->117069K(1034752K), 0.0038151 secs]
72.858: Total time for which application threads were stopped: 0.0039815 seconds, Stopping threads took: 0.0000278 seconds
72.923: [GC (Allocation Failure)  438605K->120237K(1034752K), 0.0046637 secs]
72.928: Total time for which application threads were stopped: 0.0048207 seconds, Stopping threads took: 0.0000193 seconds
72.993: [GC (Allocation Failure)  441773K->125104K(1034752K), 0.0039962 secs]
72.998: Total time for which application threads were stopped: 0.0041653 seconds, Stopping threads took: 0.0000197 seconds
73.066: [GC (Allocation Failure)  446640K->125136K(1034752K), 0.0041398 secs]
73.070: Total time for which application threads were stopped: 0.0043223 seconds, Stopping threads took: 0.0000173 seconds
73.137: [GC (Allocation Failure)  446672K->125416K(1034752K), 0.0039275 secs]
73.141: Total time for which application threads were stopped: 0.0040955 seconds, Stopping threads took: 0.0000277 seconds
73.207: [GC (Allocation Failure)  446952K->133226K(1033728K), 0.0040510 secs]
73.211: Total time for which application threads were stopped: 0.0042066 seconds, Stopping threads took: 0.0000188 seconds
73.278: [GC (Allocation Failure)  453738K->133130K(1034240K), 0.0040110 secs]
73.282: Total time for which application threads were stopped: 0.0041803 seconds, Stopping threads took: 0.0000195 seconds
73.349: [GC (Allocation Failure)  453642K->136714K(1034752K), 0.0047510 secs]
73.354: Total time for which application threads were stopped: 0.0049275 seconds, Stopping threads took: 0.0000192 seconds
73.421: [GC (Allocation Failure)  457738K->141196K(1034240K), 0.0039332 secs]
73.425: Total time for which application threads were stopped: 0.0040987 seconds, Stopping threads took: 0.0000197 seconds
73.492: [GC (Allocation Failure)  462220K->141164K(1034752K), 0.0038047 secs]
73.496: Total time for which application threads were stopped: 0.0039619 seconds, Stopping threads took: 0.0000192 seconds
73.562: [GC (Allocation Failure)  462700K->144972K(1034752K), 0.0047665 secs]
73.567: Total time for which application threads were stopped: 0.0049277 seconds, Stopping threads took: 0.0000194 seconds
73.633: [GC (Allocation Failure)  466508K->149198K(1035264K), 0.0040421 secs]
73.637: Total time for which application threads were stopped: 0.0041982 seconds, Stopping threads took: 0.0000188 seconds
73.706: [GC (Allocation Failure)  471758K->149198K(1035264K), 0.0040020 secs]
73.710: Total time for which application threads were stopped: 0.0041699 seconds, Stopping threads took: 0.0000196 seconds
73.776: [GC (Allocation Failure)  471758K->152134K(1035264K), 0.0046359 secs]
73.781: Total time for which application threads were stopped: 0.0048288 seconds, Stopping threads took: 0.0000193 seconds
73.851: [GC (Allocation Failure)  474694K->157289K(1035264K), 0.0038966 secs]
73.855: Total time for which application threads were stopped: 0.0040586 seconds, Stopping threads took: 0.0000253 seconds
73.925: [GC (Allocation Failure)  479849K->157225K(1035264K), 0.0040774 secs]
73.929: Total time for which application threads were stopped: 0.0042347 seconds, Stopping threads took: 0.0000192 seconds
73.996: [GC (Allocation Failure)  479785K->160393K(1035264K), 0.0044647 secs]
74.000: Total time for which application threads were stopped: 0.0046376 seconds, Stopping threads took: 0.0000185 seconds
74.069: [GC (Allocation Failure)  482953K->165259K(1035264K), 0.0037554 secs]
74.072: Total time for which application threads were stopped: 0.0039200 seconds, Stopping threads took: 0.0000204 seconds
74.141: [GC (Allocation Failure)  487819K->165291K(1035264K), 0.0041272 secs]
74.145: Total time for which application threads were stopped: 0.0042887 seconds, Stopping threads took: 0.0000202 seconds
74.214: [GC (Allocation Failure)  487851K->168619K(1035264K), 0.0046746 secs]
74.218: Total time for which application threads were stopped: 0.0048450 seconds, Stopping threads took: 0.0000198 seconds
74.286: [GC (Allocation Failure)  491179K->173389K(1035264K), 0.0040145 secs]
74.290: Total time for which application threads were stopped: 0.0041796 seconds, Stopping threads took: 0.0000210 seconds
74.361: [GC (Allocation Failure)  495949K->173293K(1035264K), 0.0039758 secs]
74.365: Total time for which application threads were stopped: 0.0041358 seconds, Stopping threads took: 0.0000195 seconds
74.432: [GC (Allocation Failure)  495853K->168811K(1035264K), 0.0021543 secs]
74.434: Total time for which application threads were stopped: 0.0023081 seconds, Stopping threads took: 0.0000194 seconds
74.503: [GC (Allocation Failure)  491371K->173325K(1034752K), 0.0038994 secs]
74.507: Total time for which application threads were stopped: 0.0040749 seconds, Stopping threads took: 0.0000194 seconds
74.576: [GC (Allocation Failure)  495885K->173325K(1035264K), 0.0039512 secs]
74.580: Total time for which application threads were stopped: 0.0041233 seconds, Stopping threads took: 0.0000198 seconds
74.649: [GC (Allocation Failure)  495885K->173131K(1035776K), 0.0038416 secs]
74.653: Total time for which application threads were stopped: 0.0040020 seconds, Stopping threads took: 0.0000197 seconds
74.721: [GC (Allocation Failure)  496715K->173549K(1035776K), 0.0041771 secs]
74.725: Total time for which application threads were stopped: 0.0043371 seconds, Stopping threads took: 0.0000198 seconds
74.795: [GC (Allocation Failure)  497133K->173293K(1035776K), 0.0039644 secs]
74.799: Total time for which application threads were stopped: 0.0041215 seconds, Stopping threads took: 0.0000189 seconds
74.867: [GC (Allocation Failure)  496877K->180459K(1035776K), 0.0072226 secs]
74.875: Total time for which application threads were stopped: 0.0074196 seconds, Stopping threads took: 0.0000186 seconds
74.943: [GC (Allocation Failure)  504043K->175917K(1031680K), 0.0042523 secs]
74.947: Total time for which application threads were stopped: 0.0044103 seconds, Stopping threads took: 0.0000197 seconds
75.016: [GC (Allocation Failure)  495405K->175725K(1033728K), 0.0039493 secs]
75.020: Total time for which application threads were stopped: 0.0041212 seconds, Stopping threads took: 0.0000200 seconds
75.087: [GC (Allocation Failure)  495213K->182051K(1031168K), 0.0064831 secs]
75.093: Total time for which application threads were stopped: 0.0066445 seconds, Stopping threads took: 0.0000197 seconds
75.161: [GC (Allocation Failure)  499491K->175933K(1032704K), 0.0040154 secs]
75.165: Total time for which application threads were stopped: 0.0041812 seconds, Stopping threads took: 0.0000200 seconds
75.232: [GC (Allocation Failure)  493373K->175805K(1033728K), 0.0039206 secs]
75.236: Total time for which application threads were stopped: 0.0040846 seconds, Stopping threads took: 0.0000203 seconds
75.305: [GC (Allocation Failure)  494781K->172603K(1033216K), 0.0026411 secs]
75.307: Total time for which application threads were stopped: 0.0028184 seconds, Stopping threads took: 0.0000197 seconds
75.376: [GC (Allocation Failure)  491579K->175869K(1034752K), 0.0039521 secs]
75.380: Total time for which application threads were stopped: 0.0041122 seconds, Stopping threads took: 0.0000190 seconds
75.447: [GC (Allocation Failure)  496381K->175805K(1033728K), 0.0040476 secs]
75.451: Total time for which application threads were stopped: 0.0042161 seconds, Stopping threads took: 0.0000195 seconds
75.520: [GC (Allocation Failure)  496317K->169243K(1033216K), 0.0013890 secs]
75.522: Total time for which application threads were stopped: 0.0015114 seconds, Stopping threads took: 0.0000184 seconds
75.591: [GC (Allocation Failure)  489755K->175869K(1034240K), 0.0039316 secs]
75.595: Total time for which application threads were stopped: 0.0041364 seconds, Stopping threads took: 0.0000195 seconds
75.663: [GC (Allocation Failure)  496381K->175805K(1035264K), 0.0038170 secs]
75.667: Total time for which application threads were stopped: 0.0039843 seconds, Stopping threads took: 0.0000166 seconds
75.735: [GC (Allocation Failure)  497853K->168955K(1034752K), 0.0013677 secs]
75.736: Total time for which application threads were stopped: 0.0014991 seconds, Stopping threads took: 0.0000277 seconds
75.804: [GC (Allocation Failure)  491003K->176029K(1034752K), 0.0039088 secs]
75.808: Total time for which application threads were stopped: 0.0041017 seconds, Stopping threads took: 0.0000260 seconds
75.876: [GC (Allocation Failure)  497565K->175837K(1034752K), 0.0040165 secs]
75.880: Total time for which application threads were stopped: 0.0042121 seconds, Stopping threads took: 0.0000243 seconds
75.945: [GC (Allocation Failure)  497373K->170683K(1035264K), 0.0019949 secs]
75.947: Total time for which application threads were stopped: 0.0021512 seconds, Stopping threads took: 0.0000195 seconds
76.015: [GC (Allocation Failure)  493243K->175965K(1035264K), 0.0038140 secs]
76.019: Total time for which application threads were stopped: 0.0039874 seconds, Stopping threads took: 0.0000211 seconds
76.087: [GC (Allocation Failure)  498525K->175805K(1035264K), 0.0039130 secs]
76.091: Total time for which application threads were stopped: 0.0040804 seconds, Stopping threads took: 0.0000203 seconds
76.158: [GC (Allocation Failure)  498365K->175003K(1035264K), 0.0037441 secs]
76.162: Total time for which application threads were stopped: 0.0039100 seconds, Stopping threads took: 0.0000187 seconds
76.228: [GC (Allocation Failure)  497563K->175901K(1035776K), 0.0038192 secs]
76.232: Total time for which application threads were stopped: 0.0039819 seconds, Stopping threads took: 0.0000201 seconds
76.299: [GC (Allocation Failure)  499485K->175805K(1035776K), 0.0064122 secs]
76.305: Total time for which application threads were stopped: 0.0065916 seconds, Stopping threads took: 0.0000201 seconds
76.375: [GC (Allocation Failure)  499389K->181291K(1032192K), 0.0065163 secs]
76.382: Total time for which application threads were stopped: 0.0067078 seconds, Stopping threads took: 0.0000190 seconds
76.451: [GC (Allocation Failure)  501803K->177165K(1034240K), 0.0041507 secs]
76.455: Total time for which application threads were stopped: 0.0043177 seconds, Stopping threads took: 0.0000191 seconds
76.523: [GC (Allocation Failure)  497677K->177069K(1035264K), 0.0039923 secs]
76.527: Total time for which application threads were stopped: 0.0041820 seconds, Stopping threads took: 0.0000270 seconds
76.595: [GC (Allocation Failure)  499117K->182283K(1034752K), 0.0060871 secs]
76.601: Total time for which application threads were stopped: 0.0062644 seconds, Stopping threads took: 0.0000188 seconds
76.670: [GC (Allocation Failure)  504331K->177325K(1033728K), 0.0040628 secs]
76.675: Total time for which application threads were stopped: 0.0042584 seconds, Stopping threads took: 0.0000203 seconds
76.743: [GC (Allocation Failure)  497837K->177101K(1034240K), 0.0039987 secs]
76.747: Total time for which application threads were stopped: 0.0041587 seconds, Stopping threads took: 0.0000196 seconds
76.814: [GC (Allocation Failure)  497613K->181995K(1032704K), 0.0060313 secs]
76.820: Total time for which application threads were stopped: 0.0061921 seconds, Stopping threads took: 0.0000189 seconds
76.887: [GC (Allocation Failure)  501483K->177261K(1033728K), 0.0044598 secs]
76.892: Total time for which application threads were stopped: 0.0046194 seconds, Stopping threads took: 0.0000192 seconds
76.958: [GC (Allocation Failure)  496749K->177069K(1034752K), 0.0039607 secs]
76.962: Total time for which application threads were stopped: 0.0041290 seconds, Stopping threads took: 0.0000192 seconds
77.029: [GC (Allocation Failure)  498093K->178603K(1034240K), 0.0045851 secs]
77.033: Total time for which application threads were stopped: 0.0047588 seconds, Stopping threads took: 0.0000191 seconds
77.103: [GC (Allocation Failure)  499627K->177229K(1035264K), 0.0041168 secs]
77.107: Total time for which application threads were stopped: 0.0042758 seconds, Stopping threads took: 0.0000165 seconds
77.176: [GC (Allocation Failure)  499277K->177069K(1034752K), 0.0040825 secs]
77.180: Total time for which application threads were stopped: 0.0042528 seconds, Stopping threads took: 0.0000199 seconds
77.247: [GC (Allocation Failure)  499117K->180363K(1034240K), 0.0052965 secs]
77.253: Total time for which application threads were stopped: 0.0054770 seconds, Stopping threads took: 0.0000200 seconds
77.320: [GC (Allocation Failure)  501899K->177165K(1034752K), 0.0067973 secs]
77.327: Total time for which application threads were stopped: 0.0069577 seconds, Stopping threads took: 0.0000172 seconds
77.393: [GC (Allocation Failure)  498701K->177069K(1035264K), 0.0040280 secs]
77.398: Total time for which application threads were stopped: 0.0042220 seconds, Stopping threads took: 0.0000199 seconds
77.467: [GC (Allocation Failure)  499629K->182539K(1035264K), 0.0062099 secs]
77.473: Total time for which application threads were stopped: 0.0063666 seconds, Stopping threads took: 0.0000169 seconds
77.541: [GC (Allocation Failure)  505099K->177325K(1033216K), 0.0040192 secs]
77.545: Total time for which application threads were stopped: 0.0041992 seconds, Stopping threads took: 0.0000202 seconds
77.615: [GC (Allocation Failure)  497837K->177293K(1034240K), 0.0039693 secs]
77.619: Total time for which application threads were stopped: 0.0041385 seconds, Stopping threads took: 0.0000205 seconds
77.686: [GC (Allocation Failure)  497805K->183019K(1031680K), 0.0063990 secs]
77.693: Total time for which application threads were stopped: 0.0065685 seconds, Stopping threads took: 0.0000190 seconds
77.758: [GC (Allocation Failure)  501483K->177549K(1033216K), 0.0041665 secs]
77.762: Total time for which application threads were stopped: 0.0043319 seconds, Stopping threads took: 0.0000201 seconds
77.829: [GC (Allocation Failure)  496013K->177325K(1034240K), 0.0038488 secs]
77.833: Total time for which application threads were stopped: 0.0040096 seconds, Stopping threads took: 0.0000196 seconds
77.899: [GC (Allocation Failure)  497325K->176587K(1033728K), 0.0038339 secs]
77.903: Total time for which application threads were stopped: 0.0040359 seconds, Stopping threads took: 0.0000191 seconds
77.968: [GC (Allocation Failure)  496587K->177485K(1034752K), 0.0040711 secs]
77.972: Total time for which application threads were stopped: 0.0042419 seconds, Stopping threads took: 0.0000218 seconds
78.041: [GC (Allocation Failure)  498509K->177293K(1034240K), 0.0049194 secs]
78.046: Total time for which application threads were stopped: 0.0050927 seconds, Stopping threads took: 0.0000201 seconds
78.114: [GC (Allocation Failure)  498317K->175211K(1034752K), 0.0032224 secs]
78.117: Total time for which application threads were stopped: 0.0033895 seconds, Stopping threads took: 0.0000206 seconds
78.185: [GC (Allocation Failure)  496747K->177421K(1034752K), 0.0040646 secs]
78.189: Total time for which application threads were stopped: 0.0042366 seconds, Stopping threads took: 0.0000198 seconds
78.255: [GC (Allocation Failure)  498957K->177293K(1035776K), 0.0065742 secs]
78.262: Total time for which application threads were stopped: 0.0067469 seconds, Stopping threads took: 0.0000208 seconds
78.329: [GC (Allocation Failure)  500365K->177995K(1035264K), 0.0077733 secs]
78.337: Total time for which application threads were stopped: 0.0079672 seconds, Stopping threads took: 0.0000257 seconds
78.405: [GC (Allocation Failure)  501067K->177389K(1036288K), 0.0041873 secs]
78.410: Total time for which application threads were stopped: 0.0043688 seconds, Stopping threads took: 0.0000208 seconds
78.479: [GC (Allocation Failure)  501485K->177293K(1035776K), 0.0039710 secs]
78.483: Total time for which application threads were stopped: 0.0041332 seconds, Stopping threads took: 0.0000203 seconds
78.551: [GC (Allocation Failure)  501389K->169451K(1033728K), 0.0009616 secs]
78.552: Total time for which application threads were stopped: 0.0011008 seconds, Stopping threads took: 0.0000202 seconds
78.620: [GC (Allocation Failure)  492011K->177333K(1035264K), 0.0041962 secs]
78.624: Total time for which application threads were stopped: 0.0043704 seconds, Stopping threads took: 0.0000197 seconds
78.692: [GC (Allocation Failure)  499893K->181437K(1036288K), 0.0053982 secs]
78.698: Total time for which application threads were stopped: 0.0055668 seconds, Stopping threads took: 0.0000199 seconds
78.766: [GC (Allocation Failure)  505533K->177531K(1035776K), 0.0026075 secs]
78.768: Total time for which application threads were stopped: 0.0027628 seconds, Stopping threads took: 0.0000205 seconds
78.839: [GC (Allocation Failure)  501627K->181597K(1035264K), 0.0039209 secs]
78.843: Total time for which application threads were stopped: 0.0041181 seconds, Stopping threads took: 0.0000261 seconds
78.912: [GC (Allocation Failure)  505181K->185565K(1035776K), 0.0040065 secs]
78.916: Total time for which application threads were stopped: 0.0041545 seconds, Stopping threads took: 0.0000171 seconds
78.985: [GC (Allocation Failure)  509149K->185565K(1036288K), 0.0040912 secs]
78.989: Total time for which application threads were stopped: 0.0042584 seconds, Stopping threads took: 0.0000191 seconds
79.054: [GC (Allocation Failure)  510173K->185917K(1024512K), 0.0040752 secs]
79.059: Total time for which application threads were stopped: 0.0042560 seconds, Stopping threads took: 0.0000199 seconds
79.127: [GC (Allocation Failure)  510525K->193631K(1035776K), 0.0038792 secs]
79.131: Total time for which application threads were stopped: 0.0040963 seconds, Stopping threads took: 0.0000264 seconds
79.201: [GC (Allocation Failure)  517215K->193567K(1035776K), 0.0039523 secs]
79.205: Total time for which application threads were stopped: 0.0041184 seconds, Stopping threads took: 0.0000168 seconds
79.272: [GC (Allocation Failure)  517151K->194151K(1034752K), 0.0039281 secs]
79.276: Total time for which application threads were stopped: 0.0041086 seconds, Stopping threads took: 0.0000212 seconds
79.347: [GC (Allocation Failure)  516711K->201642K(1035264K), 0.0040608 secs]
79.351: Total time for which application threads were stopped: 0.0042306 seconds, Stopping threads took: 0.0000204 seconds
79.418: [GC (Allocation Failure)  524202K->201674K(1035264K), 0.0042568 secs]
79.423: Total time for which application threads were stopped: 0.0044156 seconds, Stopping threads took: 0.0000170 seconds
79.490: [GC (Allocation Failure)  524234K->201866K(1022464K), 0.0041929 secs]
79.495: Total time for which application threads were stopped: 0.0043587 seconds, Stopping threads took: 0.0000211 seconds
79.563: [GC (Allocation Failure)  524426K->209676K(1034752K), 0.0040547 secs]
79.567: Total time for which application threads were stopped: 0.0042193 seconds, Stopping threads took: 0.0000197 seconds
79.635: [GC (Allocation Failure)  531212K->209708K(1034752K), 0.0039034 secs]
79.639: Total time for which application threads were stopped: 0.0040812 seconds, Stopping threads took: 0.0000207 seconds
79.704: [GC (Allocation Failure)  531244K->209740K(1034752K), 0.0039522 secs]
79.708: Total time for which application threads were stopped: 0.0041192 seconds, Stopping threads took: 0.0000207 seconds
79.777: [GC (Allocation Failure)  531276K->217742K(1029120K), 0.0040624 secs]
79.781: Total time for which application threads were stopped: 0.0042250 seconds, Stopping threads took: 0.0000202 seconds
79.849: [GC (Allocation Failure)  539278K->217742K(1034240K), 0.0038017 secs]
79.853: Total time for which application threads were stopped: 0.0039685 seconds, Stopping threads took: 0.0000280 seconds
79.921: [GC (Allocation Failure)  538254K->217830K(1034240K), 0.0041085 secs]
79.925: Total time for which application threads were stopped: 0.0042779 seconds, Stopping threads took: 0.0000278 seconds
79.992: [GC (Allocation Failure)  538342K->225737K(1034240K), 0.0065539 secs]
79.999: Total time for which application threads were stopped: 0.0067242 seconds, Stopping threads took: 0.0000197 seconds
80.065: [GC (Allocation Failure)  546249K->225737K(1034240K), 0.0059035 secs]
80.071: Total time for which application threads were stopped: 0.0060619 seconds, Stopping threads took: 0.0000185 seconds
80.138: [GC (Allocation Failure)  546249K->226057K(1033216K), 0.0040062 secs]
80.142: Total time for which application threads were stopped: 0.0041757 seconds, Stopping threads took: 0.0000208 seconds
80.210: [GC (Allocation Failure)  545545K->233771K(1033728K), 0.0042721 secs]
80.214: Total time for which application threads were stopped: 0.0044412 seconds, Stopping threads took: 0.0000194 seconds
80.280: [GC (Allocation Failure)  553259K->233771K(1033728K), 0.0039271 secs]
80.284: Total time for which application threads were stopped: 0.0041248 seconds, Stopping threads took: 0.0000209 seconds
80.351: [GC (Allocation Failure)  553259K->234315K(1033728K), 0.0042778 secs]
80.355: Total time for which application threads were stopped: 0.0044569 seconds, Stopping threads took: 0.0000201 seconds
80.420: [GC (Allocation Failure)  553803K->241805K(1033728K), 0.0040922 secs]
80.425: Total time for which application threads were stopped: 0.0042588 seconds, Stopping threads took: 0.0000191 seconds
80.492: [GC (Allocation Failure)  561293K->241837K(1033728K), 0.0039606 secs]
80.496: Total time for which application threads were stopped: 0.0041522 seconds, Stopping threads took: 0.0000197 seconds
80.562: [GC (Allocation Failure)  561325K->242021K(1033728K), 0.0041630 secs]
80.567: Total time for which application threads were stopped: 0.0043486 seconds, Stopping threads took: 0.0000192 seconds
80.633: [GC (Allocation Failure)  561509K->249863K(1033728K), 0.0042879 secs]
80.638: Total time for which application threads were stopped: 0.0044541 seconds, Stopping threads took: 0.0000212 seconds
80.705: [GC (Allocation Failure)  569351K->249863K(1033728K), 0.0040756 secs]
80.709: Total time for which application threads were stopped: 0.0042348 seconds, Stopping threads took: 0.0000197 seconds
80.774: [GC (Allocation Failure)  569351K->249951K(1033728K), 0.0048784 secs]
80.779: Total time for which application threads were stopped: 0.0050382 seconds, Stopping threads took: 0.0000198 seconds
80.846: [GC (Allocation Failure)  569439K->257890K(1032704K), 0.0041229 secs]
80.850: Total time for which application threads were stopped: 0.0043013 seconds, Stopping threads took: 0.0000274 seconds
80.917: [GC (Allocation Failure)  576354K->257826K(1033216K), 0.0041352 secs]
80.921: Total time for which application threads were stopped: 0.0043022 seconds, Stopping threads took: 0.0000199 seconds
80.985: [GC (Allocation Failure)  576290K->257962K(1033216K), 0.0041878 secs]
80.990: Total time for which application threads were stopped: 0.0043428 seconds, Stopping threads took: 0.0000190 seconds
81.059: [GC (Allocation Failure)  576426K->265932K(1033216K), 0.0039752 secs]
81.063: Total time for which application threads were stopped: 0.0041395 seconds, Stopping threads took: 0.0000198 seconds
81.128: [GC (Allocation Failure)  584396K->259594K(1033728K), 0.0018208 secs]
81.130: Total time for which application threads were stopped: 0.0019598 seconds, Stopping threads took: 0.0000203 seconds
81.196: [GC (Allocation Failure)  578570K->265932K(1033216K), 0.0042758 secs]
81.201: Total time for which application threads were stopped: 0.0044584 seconds, Stopping threads took: 0.0000197 seconds
81.268: [GC (Allocation Failure)  584908K->270076K(1033216K), 0.0046678 secs]
81.273: Total time for which application threads were stopped: 0.0048364 seconds, Stopping threads took: 0.0000206 seconds
81.342: [GC (Allocation Failure)  589564K->274234K(1031168K), 0.0057512 secs]
81.348: Total time for which application threads were stopped: 0.0059501 seconds, Stopping threads took: 0.0000247 seconds
81.416: [GC (Allocation Failure)  593722K->270236K(1032704K), 0.0041574 secs]
81.420: Total time for which application threads were stopped: 0.0043256 seconds, Stopping threads took: 0.0000192 seconds
81.487: [GC (Allocation Failure)  587164K->270012K(1032192K), 0.0040977 secs]
81.491: Total time for which application threads were stopped: 0.0042828 seconds, Stopping threads took: 0.0000374 seconds
81.557: [GC (Allocation Failure)  586940K->264154K(1033216K), 0.0018568 secs]
81.559: Total time for which application threads were stopped: 0.0020217 seconds, Stopping threads took: 0.0000273 seconds
81.628: [GC (Allocation Failure)  582106K->270172K(1032704K), 0.0040966 secs]
81.633: Total time for which application threads were stopped: 0.0042885 seconds, Stopping threads took: 0.0000224 seconds
81.700: [GC (Allocation Failure)  588124K->270076K(1033216K), 0.0043201 secs]
81.705: Total time for which application threads were stopped: 0.0044777 seconds, Stopping threads took: 0.0000192 seconds
81.771: [GC (Allocation Failure)  588540K->271396K(1033216K), 0.0045037 secs]
81.776: Total time for which application threads were stopped: 0.0046654 seconds, Stopping threads took: 0.0000194 seconds
81.843: [GC (Allocation Failure)  589860K->278182K(1033728K), 0.0040740 secs]
81.847: Total time for which application threads were stopped: 0.0042337 seconds, Stopping threads took: 0.0000268 seconds
81.914: [GC (Allocation Failure)  597158K->278086K(1033216K), 0.0040542 secs]
81.918: Total time for which application threads were stopped: 0.0042110 seconds, Stopping threads took: 0.0000196 seconds
81.985: [GC (Allocation Failure)  597062K->280646K(1033728K), 0.0046937 secs]
81.990: Total time for which application threads were stopped: 0.0048770 seconds, Stopping threads took: 0.0000195 seconds
82.058: [GC (Allocation Failure)  600134K->286152K(1033728K), 0.0040887 secs]
82.062: Total time for which application threads were stopped: 0.0042488 seconds, Stopping threads took: 0.0000197 seconds
82.130: [GC (Allocation Failure)  605640K->286120K(1034240K), 0.0059555 secs]
82.136: Total time for which application threads were stopped: 0.0061210 seconds, Stopping threads took: 0.0000192 seconds
82.203: [GC (Allocation Failure)  606120K->288392K(1033728K), 0.0044915 secs]
82.208: Total time for which application threads were stopped: 0.0046871 seconds, Stopping threads took: 0.0000192 seconds
82.276: [GC (Allocation Failure)  608392K->294155K(1034240K), 0.0041015 secs]
82.280: Total time for which application threads were stopped: 0.0042943 seconds, Stopping threads took: 0.0000176 seconds
82.351: [GC (Allocation Failure)  614667K->294187K(1034240K), 0.0043895 secs]
82.355: Total time for which application threads were stopped: 0.0045465 seconds, Stopping threads took: 0.0000165 seconds
82.422: [GC (Allocation Failure)  614699K->298155K(1034752K), 0.0050625 secs]
82.427: Total time for which application threads were stopped: 0.0052553 seconds, Stopping threads took: 0.0000194 seconds
82.496: [GC (Allocation Failure)  619179K->302221K(1034240K), 0.0040450 secs]
82.500: Total time for which application threads were stopped: 0.0042009 seconds, Stopping threads took: 0.0000285 seconds
82.570: [GC (Allocation Failure)  623245K->302189K(1034752K), 0.0042149 secs]
82.574: Total time for which application threads were stopped: 0.0043733 seconds, Stopping threads took: 0.0000192 seconds
82.642: [GC (Allocation Failure)  623725K->302253K(1021440K), 0.0042796 secs]
82.646: Total time for which application threads were stopped: 0.0044510 seconds, Stopping threads took: 0.0000200 seconds
82.712: [GC (Allocation Failure)  623789K->310255K(1034240K), 0.0042462 secs]
82.717: Total time for which application threads were stopped: 0.0044223 seconds, Stopping threads took: 0.0000281 seconds
82.785: [GC (Allocation Failure)  630767K->310223K(1034240K), 0.0042189 secs]
82.789: Total time for which application threads were stopped: 0.0043804 seconds, Stopping threads took: 0.0000194 seconds
82.857: [GC (Allocation Failure)  630735K->313575K(1034752K), 0.0047313 secs]
82.862: Total time for which application threads were stopped: 0.0048937 seconds, Stopping threads took: 0.0000196 seconds
82.929: [GC (Allocation Failure)  634599K->318345K(1034240K), 0.0042622 secs]
82.933: Total time for which application threads were stopped: 0.0044318 seconds, Stopping threads took: 0.0000201 seconds
83.001: [GC (Allocation Failure)  639369K->318249K(1034752K), 0.0043133 secs]
83.005: Total time for which application threads were stopped: 0.0044907 seconds, Stopping threads took: 0.0000188 seconds
83.073: [GC (Allocation Failure)  639785K->321833K(1034752K), 0.0048862 secs]
83.078: Total time for which application threads were stopped: 0.0050487 seconds, Stopping threads took: 0.0000195 seconds
83.146: [GC (Allocation Failure)  643369K->326284K(1034752K), 0.0043916 secs]
83.151: Total time for which application threads were stopped: 0.0045537 seconds, Stopping threads took: 0.0000201 seconds
83.217: [GC (Allocation Failure)  647820K->326284K(1034752K), 0.0064033 secs]
83.223: Total time for which application threads were stopped: 0.0065933 seconds, Stopping threads took: 0.0000195 seconds
83.289: [GC (Allocation Failure)  647820K->326988K(1034240K), 0.0044440 secs]
83.294: Total time for which application threads were stopped: 0.0046337 seconds, Stopping threads took: 0.0000192 seconds
83.363: [GC (Allocation Failure)  648524K->334318K(1034752K), 0.0041509 secs]
83.367: Total time for which application threads were stopped: 0.0043637 seconds, Stopping threads took: 0.0000199 seconds
83.435: [GC (Allocation Failure)  655854K->334350K(1034752K), 0.0043655 secs]
83.439: Total time for which application threads were stopped: 0.0045222 seconds, Stopping threads took: 0.0000165 seconds
83.504: [GC (Allocation Failure)  655886K->336238K(1034752K), 0.0046405 secs]
83.509: Total time for which application threads were stopped: 0.0048013 seconds, Stopping threads took: 0.0000196 seconds
83.577: [GC (Allocation Failure)  657774K->342416K(1034752K), 0.0043217 secs]
83.581: Total time for which application threads were stopped: 0.0044836 seconds, Stopping threads took: 0.0000205 seconds
83.650: [GC (Allocation Failure)  663952K->342352K(1034752K), 0.0041248 secs]
83.655: Total time for which application threads were stopped: 0.0042928 seconds, Stopping threads took: 0.0000193 seconds
83.721: [GC (Allocation Failure)  663888K->345512K(1034752K), 0.0049573 secs]
83.726: Total time for which application threads were stopped: 0.0051231 seconds, Stopping threads took: 0.0000260 seconds
83.796: [GC (Allocation Failure)  667048K->350506K(1034752K), 0.0042632 secs]
83.800: Total time for which application threads were stopped: 0.0044244 seconds, Stopping threads took: 0.0000207 seconds
83.868: [GC (Allocation Failure)  672042K->350378K(1034752K), 0.0041667 secs]
83.872: Total time for which application threads were stopped: 0.0043404 seconds, Stopping threads took: 0.0000264 seconds
83.938: [GC (Allocation Failure)  671914K->350634K(1034752K), 0.0043530 secs]
83.942: Total time for which application threads were stopped: 0.0045112 seconds, Stopping threads took: 0.0000192 seconds
84.010: [GC (Allocation Failure)  672170K->358445K(1033728K), 0.0049890 secs]
84.015: Total time for which application threads were stopped: 0.0051603 seconds, Stopping threads took: 0.0000198 seconds
84.084: [GC (Allocation Failure)  678957K->358445K(1034240K), 0.0043251 secs]
84.088: Total time for which application threads were stopped: 0.0044930 seconds, Stopping threads took: 0.0000192 seconds
84.155: [GC (Allocation Failure)  678957K->361957K(1034752K), 0.0050354 secs]
84.160: Total time for which application threads were stopped: 0.0052107 seconds, Stopping threads took: 0.0000188 seconds
84.228: [GC (Allocation Failure)  682981K->366439K(1034240K), 0.0042315 secs]
84.233: Total time for which application threads were stopped: 0.0043949 seconds, Stopping threads took: 0.0000204 seconds
84.302: [GC (Allocation Failure)  687463K->366471K(1034752K), 0.0043136 secs]
84.306: Total time for which application threads were stopped: 0.0044666 seconds, Stopping threads took: 0.0000180 seconds
84.374: [GC (Allocation Failure)  688007K->370183K(1034752K), 0.0052083 secs]
84.379: Total time for which application threads were stopped: 0.0053659 seconds, Stopping threads took: 0.0000196 seconds
84.449: [GC (Allocation Failure)  691719K->374473K(1035264K), 0.0045624 secs]
84.453: Total time for which application threads were stopped: 0.0047245 seconds, Stopping threads took: 0.0000203 seconds
84.520: [GC (Allocation Failure)  697033K->374441K(1035264K), 0.0044374 secs]
84.525: Total time for which application threads were stopped: 0.0046163 seconds, Stopping threads took: 0.0000166 seconds
84.591: [GC (Allocation Failure)  697001K->377417K(1035264K), 0.0049223 secs]
84.596: Total time for which application threads were stopped: 0.0051163 seconds, Stopping threads took: 0.0000189 seconds
84.666: [GC (Allocation Failure)  699977K->382540K(1035264K), 0.0044102 secs]
84.670: Total time for which application threads were stopped: 0.0045605 seconds, Stopping threads took: 0.0000174 seconds
84.740: [GC (Allocation Failure)  705100K->382508K(1035264K), 0.0042477 secs]
84.744: Total time for which application threads were stopped: 0.0044356 seconds, Stopping threads took: 0.0000222 seconds
84.813: [GC (Allocation Failure)  705068K->385676K(1035264K), 0.0050026 secs]
84.818: Total time for which application threads were stopped: 0.0051793 seconds, Stopping threads took: 0.0000205 seconds
84.888: [GC (Allocation Failure)  708236K->390670K(1035264K), 0.0043799 secs]
84.892: Total time for which application threads were stopped: 0.0045400 seconds, Stopping threads took: 0.0000262 seconds
84.961: [GC (Allocation Failure)  713230K->390542K(1035264K), 0.0044097 secs]
84.965: Total time for which application threads were stopped: 0.0045743 seconds, Stopping threads took: 0.0000256 seconds
85.032: [GC (Allocation Failure)  713102K->393862K(1035264K), 0.0049909 secs]
85.037: Total time for which application threads were stopped: 0.0051546 seconds, Stopping threads took: 0.0000204 seconds
85.106: [GC (Allocation Failure)  716422K->398600K(1035264K), 0.0056403 secs]
85.111: Total time for which application threads were stopped: 0.0058137 seconds, Stopping threads took: 0.0000205 seconds
85.180: [GC (Allocation Failure)  721160K->398600K(1035264K), 0.0044972 secs]
85.185: Total time for which application threads were stopped: 0.0046796 seconds, Stopping threads took: 0.0000222 seconds
85.252: [GC (Allocation Failure)  721160K->402112K(1035264K), 0.0063148 secs]
85.258: Total time for which application threads were stopped: 0.0065176 seconds, Stopping threads took: 0.0000283 seconds
85.327: [GC (Allocation Failure)  724672K->406594K(1034752K), 0.0051281 secs]
85.332: Total time for which application threads were stopped: 0.0053188 seconds, Stopping threads took: 0.0000257 seconds
85.402: [GC (Allocation Failure)  729154K->406594K(1035264K), 0.0042691 secs]
85.406: Total time for which application threads were stopped: 0.0044619 seconds, Stopping threads took: 0.0000260 seconds
85.474: [GC (Allocation Failure)  729154K->402304K(1035776K), 0.0028327 secs]
85.477: Total time for which application threads were stopped: 0.0030213 seconds, Stopping threads took: 0.0000186 seconds
85.547: [GC (Allocation Failure)  725888K->406818K(1035776K), 0.0045649 secs]
85.552: Total time for which application threads were stopped: 0.0047338 seconds, Stopping threads took: 0.0000195 seconds
85.618: [GC (Allocation Failure)  730402K->406594K(1035776K), 0.0044651 secs]
85.622: Total time for which application threads were stopped: 0.0046322 seconds, Stopping threads took: 0.0000191 seconds
85.690: [GC (Allocation Failure)  730178K->409664K(1034240K), 0.0056386 secs]
85.695: Total time for which application threads were stopped: 0.0057910 seconds, Stopping threads took: 0.0000181 seconds
85.764: [GC (Allocation Failure)  733248K->406786K(1034752K), 0.0041218 secs]
85.768: Total time for which application threads were stopped: 0.0044038 seconds, Stopping threads took: 0.0000194 seconds
85.836: [GC (Allocation Failure)  728322K->406594K(1034752K), 0.0041681 secs]
85.840: Total time for which application threads were stopped: 0.0043500 seconds, Stopping threads took: 0.0000262 seconds
85.907: [GC (Allocation Failure)  728130K->412904K(1031168K), 0.0074151 secs]
85.915: Total time for which application threads were stopped: 0.0076049 seconds, Stopping threads took: 0.0000189 seconds
85.983: [GC (Allocation Failure)  731368K->407754K(1033216K), 0.0043981 secs]
85.988: Total time for which application threads were stopped: 0.0045881 seconds, Stopping threads took: 0.0000200 seconds
86.056: [GC (Allocation Failure)  726218K->407626K(1034240K), 0.0043403 secs]
86.060: Total time for which application threads were stopped: 0.0044892 seconds, Stopping threads took: 0.0000167 seconds
86.125: [GC (Allocation Failure)  727626K->407560K(1033728K), 0.0045348 secs]
86.130: Total time for which application threads were stopped: 0.0046994 seconds, Stopping threads took: 0.0000194 seconds
86.197: [GC (Allocation Failure)  727560K->407690K(1035264K), 0.0046023 secs]
86.202: Total time for which application threads were stopped: 0.0048003 seconds, Stopping threads took: 0.0000202 seconds
86.272: [GC (Allocation Failure)  730250K->407690K(1035264K), 0.0043995 secs]
86.276: Total time for which application threads were stopped: 0.0045519 seconds, Stopping threads took: 0.0000172 seconds
86.345: [GC (Allocation Failure)  730250K->409320K(1035776K), 0.0049657 secs]
86.350: Total time for which application threads were stopped: 0.0051218 seconds, Stopping threads took: 0.0000181 seconds
86.417: [GC (Allocation Failure)  732904K->407914K(1035776K), 0.0043315 secs]
86.422: Total time for which application threads were stopped: 0.0044981 seconds, Stopping threads took: 0.0000186 seconds
86.490: [GC (Allocation Failure)  731498K->407658K(1036288K), 0.0042181 secs]
86.495: Total time for which application threads were stopped: 0.0043981 seconds, Stopping threads took: 0.0000203 seconds
86.564: [GC (Allocation Failure)  732266K->401320K(1026048K), 0.0019212 secs]
86.566: Total time for which application threads were stopped: 0.0020490 seconds, Stopping threads took: 0.0000165 seconds
86.632: [GC (Allocation Failure)  725928K->407882K(1036288K), 0.0043503 secs]
86.636: Total time for which application threads were stopped: 0.0045085 seconds, Stopping threads took: 0.0000186 seconds
86.707: [GC (Allocation Failure)  731978K->411842K(1035776K), 0.0051483 secs]
86.712: Total time for which application threads were stopped: 0.0053513 seconds, Stopping threads took: 0.0000197 seconds
86.782: [GC (Allocation Failure)  735938K->411842K(1036800K), 0.0044362 secs]
86.787: Total time for which application threads were stopped: 0.0046225 seconds, Stopping threads took: 0.0000194 seconds
86.856: [GC (Allocation Failure)  736962K->411882K(1025024K), 0.0043396 secs]
86.860: Total time for which application threads were stopped: 0.0045038 seconds, Stopping threads took: 0.0000251 seconds
86.929: [GC (Allocation Failure)  737002K->419853K(1035776K), 0.0045493 secs]
86.934: Total time for which application threads were stopped: 0.0047194 seconds, Stopping threads took: 0.0000194 seconds
87.003: [GC (Allocation Failure)  743437K->419853K(1035776K), 0.0044372 secs]
87.007: Total time for which application threads were stopped: 0.0046069 seconds, Stopping threads took: 0.0000208 seconds
87.076: [GC (Allocation Failure)  743437K->419973K(1034752K), 0.0047347 secs]
87.081: Total time for which application threads were stopped: 0.0049095 seconds, Stopping threads took: 0.0000210 seconds
87.150: [GC (Allocation Failure)  742533K->427879K(1035264K), 0.0043353 secs]
87.154: Total time for which application threads were stopped: 0.0045178 seconds, Stopping threads took: 0.0000193 seconds
87.223: [GC (Allocation Failure)  750439K->427911K(1035264K), 0.0043542 secs]
87.227: Total time for which application threads were stopped: 0.0045425 seconds, Stopping threads took: 0.0000190 seconds
87.296: [GC (Allocation Failure)  750471K->427943K(1022464K), 0.0045691 secs]
87.301: Total time for which application threads were stopped: 0.0047488 seconds, Stopping threads took: 0.0000192 seconds
87.369: [GC (Allocation Failure)  750503K->435913K(1034752K), 0.0044861 secs]
87.374: Total time for which application threads were stopped: 0.0046418 seconds, Stopping threads took: 0.0000174 seconds
87.441: [GC (Allocation Failure)  757449K->435945K(1034752K), 0.0044265 secs]
87.446: Total time for which application threads were stopped: 0.0045958 seconds, Stopping threads took: 0.0000201 seconds
87.511: [GC (Allocation Failure)  757481K->435977K(1034752K), 0.0043371 secs]
87.515: Total time for which application threads were stopped: 0.0045315 seconds, Stopping threads took: 0.0000201 seconds
87.585: [GC (Allocation Failure)  757513K->443947K(1034752K), 0.0044276 secs]
87.589: Total time for which application threads were stopped: 0.0045792 seconds, Stopping threads took: 0.0000170 seconds
87.655: [GC (Allocation Failure)  765483K->443947K(1034752K), 0.0044966 secs]
87.660: Total time for which application threads were stopped: 0.0046663 seconds, Stopping threads took: 0.0000199 seconds
87.727: [GC (Allocation Failure)  765483K->444171K(1021440K), 0.0044861 secs]
87.731: Total time for which application threads were stopped: 0.0046729 seconds, Stopping threads took: 0.0000197 seconds
87.798: [GC (Allocation Failure)  765707K->451982K(1034240K), 0.0044306 secs]
87.803: Total time for which application threads were stopped: 0.0045923 seconds, Stopping threads took: 0.0000201 seconds
87.870: [GC (Allocation Failure)  772494K->451982K(1034240K), 0.0042731 secs]
87.875: Total time for which application threads were stopped: 0.0044624 seconds, Stopping threads took: 0.0000273 seconds
87.941: [GC (Allocation Failure)  772494K->452390K(1034240K), 0.0046669 secs]
87.946: Total time for which application threads were stopped: 0.0048418 seconds, Stopping threads took: 0.0000203 seconds
88.016: [GC (Allocation Failure)  772902K->460008K(1034240K), 0.0045544 secs]
88.021: Total time for which application threads were stopped: 0.0047269 seconds, Stopping threads took: 0.0000197 seconds
88.088: [GC (Allocation Failure)  780520K->460040K(1034240K), 0.0064815 secs]
88.095: Total time for which application threads were stopped: 0.0066415 seconds, Stopping threads took: 0.0000199 seconds
88.163: [GC (Allocation Failure)  780552K->460136K(1020416K), 0.0043365 secs]
88.168: Total time for which application threads were stopped: 0.0045373 seconds, Stopping threads took: 0.0000211 seconds
88.237: [GC (Allocation Failure)  780648K->468042K(1033728K), 0.0043489 secs]
88.241: Total time for which application threads were stopped: 0.0045362 seconds, Stopping threads took: 0.0000182 seconds
88.309: [GC (Allocation Failure)  787530K->468010K(1033728K), 0.0046502 secs]
88.314: Total time for which application threads were stopped: 0.0048398 seconds, Stopping threads took: 0.0000194 seconds
88.381: [GC (Allocation Failure)  787498K->468106K(1033728K), 0.0044108 secs]
88.385: Total time for which application threads were stopped: 0.0045823 seconds, Stopping threads took: 0.0000204 seconds
88.452: [GC (Allocation Failure)  787594K->476076K(1033728K), 0.0046114 secs]
88.457: Total time for which application threads were stopped: 0.0047783 seconds, Stopping threads took: 0.0000202 seconds
88.524: [GC (Allocation Failure)  795564K->476076K(1033728K), 0.0044406 secs]
88.529: Total time for which application threads were stopped: 0.0046127 seconds, Stopping threads took: 0.0000201 seconds
88.596: [GC (Allocation Failure)  795564K->476140K(1033728K), 0.0046018 secs]
88.601: Total time for which application threads were stopped: 0.0047970 seconds, Stopping threads took: 0.0000202 seconds
88.670: [GC (Allocation Failure)  795628K->484111K(1032704K), 0.0045014 secs]
88.675: Total time for which application threads were stopped: 0.0046599 seconds, Stopping threads took: 0.0000197 seconds
88.743: [GC (Allocation Failure)  802575K->484111K(1033216K), 0.0045129 secs]
88.748: Total time for which application threads were stopped: 0.0046743 seconds, Stopping threads took: 0.0000202 seconds
88.812: [GC (Allocation Failure)  802575K->484327K(1033216K), 0.0045515 secs]
88.817: Total time for which application threads were stopped: 0.0047448 seconds, Stopping threads took: 0.0000187 seconds
88.886: [GC (Allocation Failure)  802791K->492137K(1033216K), 0.0045626 secs]
88.890: Total time for which application threads were stopped: 0.0047242 seconds, Stopping threads took: 0.0000266 seconds
88.955: [GC (Allocation Failure)  810601K->488231K(1034240K), 0.0034123 secs]
88.958: Total time for which application threads were stopped: 0.0035794 seconds, Stopping threads took: 0.0000205 seconds
89.026: [GC (Allocation Failure)  807719K->492297K(1033216K), 0.0046669 secs]
89.030: Total time for which application threads were stopped: 0.0048291 seconds, Stopping threads took: 0.0000197 seconds
89.098: [GC (Allocation Failure)  811785K->496297K(1033728K), 0.0046167 secs]
89.103: Total time for which application threads were stopped: 0.0047834 seconds, Stopping threads took: 0.0000216 seconds
89.168: [GC (Allocation Failure)  816809K->488423K(1034240K), 0.0022875 secs]
89.170: Total time for which application threads were stopped: 0.0024230 seconds, Stopping threads took: 0.0000271 seconds
89.237: [GC (Allocation Failure)  808935K->496329K(1034240K), 0.0045536 secs]
89.242: Total time for which application threads were stopped: 0.0047137 seconds, Stopping threads took: 0.0000193 seconds
89.309: [GC (Allocation Failure)  816841K->500409K(1034240K), 0.0108690 secs]
89.320: Total time for which application threads were stopped: 0.0110216 seconds, Stopping threads took: 0.0000188 seconds
89.387: [GC (Allocation Failure)  820921K->507119K(1029120K), 0.0074767 secs]
89.395: Total time for which application threads were stopped: 0.0076425 seconds, Stopping threads took: 0.0000165 seconds
89.463: [GC (Allocation Failure)  822511K->501105K(1031680K), 0.0046946 secs]
89.468: Total time for which application threads were stopped: 0.0048903 seconds, Stopping threads took: 0.0000251 seconds
89.536: [GC (Allocation Failure)  816497K->500849K(1032192K), 0.0045313 secs]
89.540: Total time for which application threads were stopped: 0.0047143 seconds, Stopping threads took: 0.0000193 seconds
89.606: [GC (Allocation Failure)  816753K->503017K(1031680K), 0.0048828 secs]
89.611: Total time for which application threads were stopped: 0.0050515 seconds, Stopping threads took: 0.0000205 seconds
89.678: [GC (Allocation Failure)  818921K->508907K(1032704K), 0.0071592 secs]
89.685: Total time for which application threads were stopped: 0.0073490 seconds, Stopping threads took: 0.0000196 seconds
89.752: [GC (Allocation Failure)  826347K->508875K(1032704K), 0.0044785 secs]
89.757: Total time for which application threads were stopped: 0.0046382 seconds, Stopping threads took: 0.0000196 seconds
89.823: [GC (Allocation Failure)  826315K->510763K(1033216K), 0.0047677 secs]
89.828: Total time for which application threads were stopped: 0.0049307 seconds, Stopping threads took: 0.0000191 seconds
89.894: [GC (Allocation Failure)  829227K->517038K(1033216K), 0.0045313 secs]
89.899: Total time for which application threads were stopped: 0.0047015 seconds, Stopping threads took: 0.0000198 seconds
89.966: [GC (Allocation Failure)  835502K->516878K(1033728K), 0.0073356 secs]
89.973: Total time for which application threads were stopped: 0.0075030 seconds, Stopping threads took: 0.0000192 seconds
90.041: [GC (Allocation Failure)  835854K->519494K(1033216K), 0.0051199 secs]
90.046: Total time for which application threads were stopped: 0.0052812 seconds, Stopping threads took: 0.0000193 seconds
90.116: [GC (Allocation Failure)  838470K->525000K(1033728K), 0.0047165 secs]
90.121: Total time for which application threads were stopped: 0.0048843 seconds, Stopping threads took: 0.0000196 seconds
90.189: [GC (Allocation Failure)  844488K->524936K(1033728K), 0.0046538 secs]
90.194: Total time for which application threads were stopped: 0.0048106 seconds, Stopping threads took: 0.0000193 seconds
90.261: [GC (Allocation Failure)  844424K->526184K(1033216K), 0.0098869 secs]
90.271: Total time for which application threads were stopped: 0.0100632 seconds, Stopping threads took: 0.0000272 seconds
90.340: [GC (Allocation Failure)  845672K->533002K(1033728K), 0.0047587 secs]
90.345: Total time for which application threads were stopped: 0.0049223 seconds, Stopping threads took: 0.0000181 seconds
90.411: [GC (Allocation Failure)  852490K->532970K(1034240K), 0.0047367 secs]
90.416: Total time for which application threads were stopped: 0.0049143 seconds, Stopping threads took: 0.0000275 seconds
90.483: [GC (Allocation Failure)  852970K->533898K(1033728K), 0.0046724 secs]
90.487: Total time for which application threads were stopped: 0.0048685 seconds, Stopping threads took: 0.0000255 seconds
90.555: [GC (Allocation Failure)  853898K->541004K(1034240K), 0.0046536 secs]
90.560: Total time for which application threads were stopped: 0.0048142 seconds, Stopping threads took: 0.0000191 seconds
90.626: [GC (Allocation Failure)  861004K->541036K(1033728K), 0.0045171 secs]
90.630: Total time for which application threads were stopped: 0.0046828 seconds, Stopping threads took: 0.0000192 seconds
90.695: [GC (Allocation Failure)  861036K->542660K(1034240K), 0.0049012 secs]
90.700: Total time for which application threads were stopped: 0.0050967 seconds, Stopping threads took: 0.0000197 seconds
90.769: [GC (Allocation Failure)  863172K->549095K(1034240K), 0.0047509 secs]
90.774: Total time for which application threads were stopped: 0.0049164 seconds, Stopping threads took: 0.0000254 seconds
90.843: [GC (Allocation Failure)  869607K->549031K(1034240K), 0.0046448 secs]
90.848: Total time for which application threads were stopped: 0.0048327 seconds, Stopping threads took: 0.0000276 seconds
90.915: [GC (Allocation Failure)  869543K->549095K(1020416K), 0.0045292 secs]
90.919: Total time for which application threads were stopped: 0.0047244 seconds, Stopping threads took: 0.0000277 seconds
90.987: [GC (Allocation Failure)  869607K->557097K(1033728K), 0.0047265 secs]
90.992: Total time for which application threads were stopped: 0.0048888 seconds, Stopping threads took: 0.0000200 seconds
91.058: [GC (Allocation Failure)  876585K->557065K(1033728K), 0.0046889 secs]
91.062: Total time for which application threads were stopped: 0.0048830 seconds, Stopping threads took: 0.0000206 seconds
91.129: [GC (Allocation Failure)  876553K->557129K(1033728K), 0.0047915 secs]
91.134: Total time for which application threads were stopped: 0.0049481 seconds, Stopping threads took: 0.0000170 seconds
91.201: [GC (Allocation Failure)  876617K->565131K(1033728K), 0.0058074 secs]
91.207: Total time for which application threads were stopped: 0.0059885 seconds, Stopping threads took: 0.0000199 seconds
91.273: [GC (Allocation Failure)  884619K->565099K(1033728K), 0.0048477 secs]
91.278: Total time for which application threads were stopped: 0.0050380 seconds, Stopping threads took: 0.0000205 seconds
91.347: [GC (Allocation Failure)  884587K->565323K(1033728K), 0.0047227 secs]
91.352: Total time for which application threads were stopped: 0.0049138 seconds, Stopping threads took: 0.0000197 seconds
91.421: [GC (Allocation Failure)  884811K->573197K(1033728K), 0.0048315 secs]
91.426: Total time for which application threads were stopped: 0.0049883 seconds, Stopping threads took: 0.0000172 seconds
91.492: [GC (Allocation Failure)  892685K->573133K(1033728K), 0.0044442 secs]
91.497: Total time for which application threads were stopped: 0.0046039 seconds, Stopping threads took: 0.0000194 seconds
91.563: [GC (Allocation Failure)  892621K->573549K(1033728K), 0.0046412 secs]
91.567: Total time for which application threads were stopped: 0.0048069 seconds, Stopping threads took: 0.0000191 seconds
91.635: [GC (Allocation Failure)  893037K->581232K(1027072K), 0.0047711 secs]
91.640: Total time for which application threads were stopped: 0.0050903 seconds, Stopping threads took: 0.0000195 seconds
91.708: [GC (Allocation Failure)  900720K->581168K(1033216K), 0.0046687 secs]
91.712: Total time for which application threads were stopped: 0.0048194 seconds, Stopping threads took: 0.0000169 seconds
91.779: [GC (Allocation Failure)  899632K->581800K(1033216K), 0.0047431 secs]
91.784: Total time for which application threads were stopped: 0.0049139 seconds, Stopping threads took: 0.0000207 seconds
91.850: [GC (Allocation Failure)  900264K->589258K(1032704K), 0.0047070 secs]
91.855: Total time for which application threads were stopped: 0.0048772 seconds, Stopping threads took: 0.0000276 seconds
91.921: [GC (Allocation Failure)  907722K->589194K(1033216K), 0.0045456 secs]
91.926: Total time for which application threads were stopped: 0.0047343 seconds, Stopping threads took: 0.0000224 seconds
91.991: [GC (Allocation Failure)  907658K->590018K(1033728K), 0.0050148 secs]
91.996: Total time for which application threads were stopped: 0.0051797 seconds, Stopping threads took: 0.0000205 seconds
92.063: [GC (Allocation Failure)  908994K->597188K(1033216K), 0.0048816 secs]
92.068: Total time for which application threads were stopped: 0.0050464 seconds, Stopping threads took: 0.0000204 seconds
92.136: [GC (Allocation Failure)  916164K->597252K(1033216K), 0.0046586 secs]
92.140: Total time for which application threads were stopped: 0.0048387 seconds, Stopping threads took: 0.0000203 seconds
92.205: [GC (Allocation Failure)  915716K->598252K(1033216K), 0.0048864 secs]
92.210: Total time for which application threads were stopped: 0.0050493 seconds, Stopping threads took: 0.0000202 seconds
92.278: [GC (Allocation Failure)  916716K->605262K(1033728K), 0.0047384 secs]
92.282: Total time for which application threads were stopped: 0.0049038 seconds, Stopping threads took: 0.0000197 seconds
92.352: [GC (Allocation Failure)  924750K->605262K(1033728K), 0.0043839 secs]
92.356: Total time for which application threads were stopped: 0.0045900 seconds, Stopping threads took: 0.0000240 seconds
92.424: [GC (Allocation Failure)  924750K->605486K(1032704K), 0.0048252 secs]
92.429: Total time for which application threads were stopped: 0.0050334 seconds, Stopping threads took: 0.0000195 seconds
92.496: [GC (Allocation Failure)  923950K->613329K(1033216K), 0.0047189 secs]
92.501: Total time for which application threads were stopped: 0.0048757 seconds, Stopping threads took: 0.0000177 seconds
92.568: [GC (Allocation Failure)  931793K->613297K(1033216K), 0.0048880 secs]
92.573: Total time for which application threads were stopped: 0.0050565 seconds, Stopping threads took: 0.0000193 seconds
92.638: [GC (Allocation Failure)  931761K->613705K(1033216K), 0.0050065 secs]
92.643: Total time for which application threads were stopped: 0.0051766 seconds, Stopping threads took: 0.0000197 seconds
92.711: [GC (Allocation Failure)  932169K->621291K(1033216K), 0.0045753 secs]
92.715: Total time for which application threads were stopped: 0.0047464 seconds, Stopping threads took: 0.0000200 seconds
92.781: [GC (Allocation Failure)  939755K->621291K(1033216K), 0.0048325 secs]
92.785: Total time for which application threads were stopped: 0.0050026 seconds, Stopping threads took: 0.0000195 seconds
92.852: [GC (Allocation Failure)  939755K->621931K(1033216K), 0.0047895 secs]
92.857: Total time for which application threads were stopped: 0.0049602 seconds, Stopping threads took: 0.0000199 seconds
92.924: [GC (Allocation Failure)  940395K->629389K(1033216K), 0.0047840 secs]
92.929: Total time for which application threads were stopped: 0.0049522 seconds, Stopping threads took: 0.0000198 seconds
92.994: [GC (Allocation Failure)  947853K->629357K(1033216K), 0.0047616 secs]
92.999: Total time for which application threads were stopped: 0.0049230 seconds, Stopping threads took: 0.0000198 seconds
93.063: [GC (Allocation Failure)  947821K->629645K(1033216K), 0.0049599 secs]
93.068: Total time for which application threads were stopped: 0.0051224 seconds, Stopping threads took: 0.0000201 seconds
93.135: [GC (Allocation Failure)  948109K->637392K(1033216K), 0.0046255 secs]
93.140: Total time for which application threads were stopped: 0.0047894 seconds, Stopping threads took: 0.0000194 seconds
93.205: [GC (Allocation Failure)  955856K->637392K(1033216K), 0.0048602 secs]
93.210: Total time for which application threads were stopped: 0.0050194 seconds, Stopping threads took: 0.0000192 seconds
93.275: [GC (Allocation Failure)  955856K->637480K(1033216K), 0.0048467 secs]
93.279: Total time for which application threads were stopped: 0.0050091 seconds, Stopping threads took: 0.0000201 seconds
93.347: [GC (Allocation Failure)  955944K->645450K(1033216K), 0.0046496 secs]
93.352: Total time for which application threads were stopped: 0.0048079 seconds, Stopping threads took: 0.0000248 seconds
93.419: [GC (Allocation Failure)  963914K->645418K(1033216K), 0.0047117 secs]
93.424: Total time for which application threads were stopped: 0.0048682 seconds, Stopping threads took: 0.0000200 seconds
93.490: [GC (Allocation Failure)  963882K->645578K(1033216K), 0.0047750 secs]
93.495: Total time for which application threads were stopped: 0.0049472 seconds, Stopping threads took: 0.0000170 seconds
93.561: [GC (Allocation Failure)  964042K->653484K(1033216K), 0.0047942 secs]
93.566: Total time for which application threads were stopped: 0.0049878 seconds, Stopping threads took: 0.0000192 seconds
93.633: [GC (Allocation Failure)  971948K->653452K(1033216K), 0.0048577 secs]
93.638: Total time for which application threads were stopped: 0.0050057 seconds, Stopping threads took: 0.0000170 seconds
93.705: [GC (Allocation Failure)  971916K->653796K(1033216K), 0.0049204 secs]
93.710: Total time for which application threads were stopped: 0.0050888 seconds, Stopping threads took: 0.0000192 seconds
93.777: [GC (Allocation Failure)  972260K->661510K(1033216K), 0.0046762 secs]
93.782: Total time for which application threads were stopped: 0.0048453 seconds, Stopping threads took: 0.0000192 seconds
93.848: [GC (Allocation Failure)  979974K->661478K(1033216K), 0.0048067 secs]
93.853: Total time for which application threads were stopped: 0.0049825 seconds, Stopping threads took: 0.0000264 seconds
93.917: [GC (Allocation Failure)  979942K->661542K(1033216K), 0.0049545 secs]
93.922: Total time for which application threads were stopped: 0.0051276 seconds, Stopping threads took: 0.0000201 seconds
93.990: [GC (Allocation Failure)  980006K->669513K(1033216K), 0.0048144 secs]
93.995: Total time for which application threads were stopped: 0.0049944 seconds, Stopping threads took: 0.0000205 seconds
94.061: [GC (Allocation Failure)  987977K->665574K(1033216K), 0.0039240 secs]
94.065: Total time for which application threads were stopped: 0.0041298 seconds, Stopping threads took: 0.0000192 seconds
94.134: [GC (Allocation Failure)  984038K->669641K(1034240K), 0.0050910 secs]
94.139: Total time for which application threads were stopped: 0.0052671 seconds, Stopping threads took: 0.0000198 seconds
94.206: [GC (Allocation Failure)  989641K->673641K(1033728K), 0.0047467 secs]
94.210: Total time for which application threads were stopped: 0.0049041 seconds, Stopping threads took: 0.0000195 seconds
94.278: [GC (Allocation Failure)  993641K->681158K(1029120K), 0.0080810 secs]
94.286: Total time for which application threads were stopped: 0.0082567 seconds, Stopping threads took: 0.0000267 seconds
94.353: [GC (Allocation Failure)  996550K->674921K(1031680K), 0.0050143 secs]
94.358: Total time for which application threads were stopped: 0.0051745 seconds, Stopping threads took: 0.0000196 seconds
94.424: [GC (Allocation Failure)  990313K->674857K(1032192K), 0.0049464 secs]
94.429: Total time for which application threads were stopped: 0.0051127 seconds, Stopping threads took: 0.0000189 seconds
94.494: [GC (Allocation Failure)  990761K->677897K(1031680K), 0.0055381 secs]
94.500: Total time for which application threads were stopped: 0.0057066 seconds, Stopping threads took: 0.0000190 seconds
94.567: [GC (Allocation Failure)  993801K->682955K(1032704K), 0.0050137 secs]
94.572: Total time for which application threads were stopped: 0.0052101 seconds, Stopping threads took: 0.0000345 seconds
94.640: [GC (Allocation Failure)  1000395K->682923K(1032704K), 0.0048973 secs]
94.645: Total time for which application threads were stopped: 0.0050522 seconds, Stopping threads took: 0.0000192 seconds
94.711: [GC (Allocation Failure)  1000363K->685603K(1033216K), 0.0056443 secs]
94.717: Total time for which application threads were stopped: 0.0058255 seconds, Stopping threads took: 0.0000198 seconds
94.784: [GC (Allocation Failure)  1004067K->691013K(1033216K), 0.0049389 secs]
94.789: Total time for which application threads were stopped: 0.0051161 seconds, Stopping threads took: 0.0000197 seconds
94.857: [GC (Allocation Failure)  1009477K->690981K(1033728K), 0.0050093 secs]
94.863: Total time for which application threads were stopped: 0.0051780 seconds, Stopping threads took: 0.0000284 seconds
94.929: [GC (Allocation Failure)  1010469K->694885K(1033728K), 0.0060623 secs]
94.935: [Full GC (Ergonomics)  694885K->12392K(1033728K), 0.0181916 secs]
94.954: Total time for which application threads were stopped: 0.0244974 seconds, Stopping threads took: 0.0000188 seconds
95.021: [GC (Allocation Failure)  331880K->20778K(1034240K), 0.0036275 secs]
95.025: Total time for which application threads were stopped: 0.0037844 seconds, Stopping threads took: 0.0000196 seconds
95.093: [GC (Allocation Failure)  341290K->20690K(1034240K), 0.0035717 secs]
95.096: Total time for which application threads were stopped: 0.0037297 seconds, Stopping threads took: 0.0000195 seconds
95.161: [GC (Allocation Failure)  341202K->21738K(1034240K), 0.0039444 secs]
95.165: Total time for which application threads were stopped: 0.0041175 seconds, Stopping threads took: 0.0000282 seconds
95.234: [GC (Allocation Failure)  342250K->28812K(1034240K), 0.0037813 secs]
95.238: Total time for which application threads were stopped: 0.0039434 seconds, Stopping threads took: 0.0000198 seconds
95.305: [GC (Allocation Failure)  349324K->28716K(1034240K), 0.0037922 secs]
95.309: Total time for which application threads were stopped: 0.0039917 seconds, Stopping threads took: 0.0000213 seconds
95.378: [GC (Allocation Failure)  349228K->32012K(1034240K), 0.0042657 secs]
95.382: Total time for which application threads were stopped: 0.0044170 seconds, Stopping threads took: 0.0000169 seconds
95.448: [GC (Allocation Failure)  352524K->36751K(1034752K), 0.0038959 secs]
95.452: Total time for which application threads were stopped: 0.0040571 seconds, Stopping threads took: 0.0000202 seconds
95.518: [GC (Allocation Failure)  358287K->36751K(1034752K), 0.0036568 secs]
95.522: Total time for which application threads were stopped: 0.0038440 seconds, Stopping threads took: 0.0000202 seconds
95.589: [GC (Allocation Failure)  358287K->40263K(1034752K), 0.0044594 secs]
95.594: Total time for which application threads were stopped: 0.0046180 seconds, Stopping threads took: 0.0000189 seconds
95.659: [GC (Allocation Failure)  361799K->44841K(1034752K), 0.0037652 secs]
95.663: Total time for which application threads were stopped: 0.0039275 seconds, Stopping threads took: 0.0000200 seconds
95.729: [GC (Allocation Failure)  366377K->44777K(1035264K), 0.0036766 secs]
95.733: Total time for which application threads were stopped: 0.0038436 seconds, Stopping threads took: 0.0000196 seconds
95.802: [GC (Allocation Failure)  366825K->45929K(1034752K), 0.0038536 secs]
95.805: Total time for which application threads were stopped: 0.0040150 seconds, Stopping threads took: 0.0000195 seconds
95.875: [GC (Allocation Failure)  367977K->52843K(1034752K), 0.0036480 secs]
95.878: Total time for which application threads were stopped: 0.0038239 seconds, Stopping threads took: 0.0000265 seconds
95.945: [GC (Allocation Failure)  374379K->52811K(1034752K), 0.0039228 secs]
95.949: Total time for which application threads were stopped: 0.0040911 seconds, Stopping threads took: 0.0000216 seconds
96.014: [GC (Allocation Failure)  374347K->55691K(1034752K), 0.0042457 secs]
96.019: Total time for which application threads were stopped: 0.0044176 seconds, Stopping threads took: 0.0000201 seconds
96.087: [GC (Allocation Failure)  377227K->60973K(1034752K), 0.0037839 secs]
96.091: Total time for which application threads were stopped: 0.0039517 seconds, Stopping threads took: 0.0000211 seconds
96.158: [GC (Allocation Failure)  382509K->60845K(1034752K), 0.0039045 secs]
96.162: Total time for which application threads were stopped: 0.0040742 seconds, Stopping threads took: 0.0000220 seconds
96.227: [GC (Allocation Failure)  382381K->64973K(1034752K), 0.0049062 secs]
96.232: Total time for which application threads were stopped: 0.0050739 seconds, Stopping threads took: 0.0000196 seconds
96.298: [GC (Allocation Failure)  386509K->68944K(1035264K), 0.0039188 secs]
96.302: Total time for which application threads were stopped: 0.0040880 seconds, Stopping threads took: 0.0000202 seconds
96.371: [GC (Allocation Failure)  391504K->68880K(1035264K), 0.0036603 secs]
96.375: Total time for which application threads were stopped: 0.0038203 seconds, Stopping threads took: 0.0000189 seconds
96.442: [GC (Allocation Failure)  391440K->72168K(1035264K), 0.0045846 secs]
96.447: Total time for which application threads were stopped: 0.0047727 seconds, Stopping threads took: 0.0000196 seconds
96.517: [GC (Allocation Failure)  394728K->76906K(1035264K), 0.0038453 secs]
96.521: Total time for which application threads were stopped: 0.0040179 seconds, Stopping threads took: 0.0000205 seconds
96.590: [GC (Allocation Failure)  399466K->76906K(1035264K), 0.0039663 secs]
96.594: Total time for which application threads were stopped: 0.0041591 seconds, Stopping threads took: 0.0000194 seconds
96.662: [GC (Allocation Failure)  399466K->80426K(1035264K), 0.0046277 secs]
96.667: Total time for which application threads were stopped: 0.0047951 seconds, Stopping threads took: 0.0000190 seconds
96.733: [GC (Allocation Failure)  402986K->84940K(1035776K), 0.0039997 secs]
96.737: Total time for which application threads were stopped: 0.0041750 seconds, Stopping threads took: 0.0000203 seconds
96.806: [GC (Allocation Failure)  408524K->84940K(1035776K), 0.0036058 secs]
96.810: Total time for which application threads were stopped: 0.0037698 seconds, Stopping threads took: 0.0000191 seconds
96.877: [GC (Allocation Failure)  408524K->86596K(1034752K), 0.0041621 secs]
96.882: Total time for which application threads were stopped: 0.0043318 seconds, Stopping threads took: 0.0000271 seconds
96.949: [GC (Allocation Failure)  409156K->92966K(1035264K), 0.0037626 secs]
96.953: Total time for which application threads were stopped: 0.0039350 seconds, Stopping threads took: 0.0000257 seconds
97.020: [GC (Allocation Failure)  415526K->92966K(1035264K), 0.0038336 secs]
97.024: Total time for which application threads were stopped: 0.0040257 seconds, Stopping threads took: 0.0000197 seconds
97.092: [GC (Allocation Failure)  415526K->94830K(1035264K), 0.0040409 secs]
97.097: Total time for which application threads were stopped: 0.0041984 seconds, Stopping threads took: 0.0000170 seconds
97.165: [GC (Allocation Failure)  417390K->101105K(1035264K), 0.0038034 secs]
97.169: Total time for which application threads were stopped: 0.0039663 seconds, Stopping threads took: 0.0000192 seconds
97.237: [GC (Allocation Failure)  423665K->100977K(1035264K), 0.0038934 secs]
97.241: Total time for which application threads were stopped: 0.0040896 seconds, Stopping threads took: 0.0000205 seconds
97.309: [GC (Allocation Failure)  423537K->94990K(1035264K), 0.0013508 secs]
97.311: Total time for which application threads were stopped: 0.0014890 seconds, Stopping threads took: 0.0000243 seconds
97.380: [GC (Allocation Failure)  417550K->101009K(1035264K), 0.0036153 secs]
97.384: Total time for which application threads were stopped: 0.0038080 seconds, Stopping threads took: 0.0000195 seconds
97.453: [GC (Allocation Failure)  423569K->101041K(1035264K), 0.0036265 secs]
97.457: Total time for which application threads were stopped: 0.0038045 seconds, Stopping threads took: 0.0000163 seconds
97.526: [GC (Allocation Failure)  423601K->99310K(1035264K), 0.0030804 secs]
97.529: Total time for which application threads were stopped: 0.0032360 seconds, Stopping threads took: 0.0000154 seconds
97.596: [GC (Allocation Failure)  421870K->101265K(1035776K), 0.0038009 secs]
97.600: Total time for which application threads were stopped: 0.0039727 seconds, Stopping threads took: 0.0000201 seconds
97.668: [GC (Allocation Failure)  424849K->101041K(1035776K), 0.0039801 secs]
97.672: Total time for which application threads were stopped: 0.0041816 seconds, Stopping threads took: 0.0000281 seconds
97.739: [GC (Allocation Failure)  424625K->105678K(1032704K), 0.0057806 secs]
97.745: Total time for which application threads were stopped: 0.0059307 seconds, Stopping threads took: 0.0000171 seconds
97.813: [GC (Allocation Failure)  426190K->101201K(1034240K), 0.0038178 secs]
97.817: Total time for which application threads were stopped: 0.0039823 seconds, Stopping threads took: 0.0000206 seconds
97.886: [GC (Allocation Failure)  421713K->101009K(1034752K), 0.0050757 secs]
97.891: Total time for which application threads were stopped: 0.0052398 seconds, Stopping threads took: 0.0000267 seconds
97.958: [GC (Allocation Failure)  422033K->104334K(1034240K), 0.0050988 secs]
97.964: Total time for which application threads were stopped: 0.0052731 seconds, Stopping threads took: 0.0000261 seconds
98.030: [GC (Allocation Failure)  425358K->101137K(1034752K), 0.0038495 secs]
98.034: Total time for which application threads were stopped: 0.0040544 seconds, Stopping threads took: 0.0000196 seconds
98.103: [GC (Allocation Failure)  422161K->101009K(1034240K), 0.0038322 secs]
98.107: Total time for which application threads were stopped: 0.0040044 seconds, Stopping threads took: 0.0000200 seconds
98.174: [GC (Allocation Failure)  422033K->103982K(1033216K), 0.0050444 secs]
98.179: Total time for which application threads were stopped: 0.0052367 seconds, Stopping threads took: 0.0000195 seconds
98.248: [GC (Allocation Failure)  424494K->101105K(1034240K), 0.0039534 secs]
98.252: Total time for which application threads were stopped: 0.0041138 seconds, Stopping threads took: 0.0000189 seconds
98.320: [GC (Allocation Failure)  421617K->100977K(1035264K), 0.0043941 secs]
98.325: Total time for which application threads were stopped: 0.0045599 seconds, Stopping threads took: 0.0000285 seconds
98.394: [GC (Allocation Failure)  423025K->103694K(1034752K), 0.0049041 secs]
98.399: Total time for which application threads were stopped: 0.0050680 seconds, Stopping threads took: 0.0000198 seconds
98.468: [GC (Allocation Failure)  425742K->101041K(1035264K), 0.0038609 secs]
98.472: Total time for which application threads were stopped: 0.0040576 seconds, Stopping threads took: 0.0000201 seconds
98.540: [GC (Allocation Failure)  423089K->101009K(1034752K), 0.0038297 secs]
98.544: Total time for which application threads were stopped: 0.0039907 seconds, Stopping threads took: 0.0000200 seconds
98.613: [GC (Allocation Failure)  423057K->106438K(1032704K), 0.0061536 secs]
98.619: Total time for which application threads were stopped: 0.0063503 seconds, Stopping threads took: 0.0000197 seconds
98.688: [GC (Allocation Failure)  426950K->101929K(1034240K), 0.0039003 secs]
98.692: Total time for which application threads were stopped: 0.0040726 seconds, Stopping threads took: 0.0000197 seconds
98.760: [GC (Allocation Failure)  422441K->101737K(1035264K), 0.0037812 secs]
98.764: Total time for which application threads were stopped: 0.0039499 seconds, Stopping threads took: 0.0000198 seconds
98.832: [GC (Allocation Failure)  423785K->106854K(1034752K), 0.0062365 secs]
98.838: Total time for which application threads were stopped: 0.0064015 seconds, Stopping threads took: 0.0000191 seconds
98.906: [GC (Allocation Failure)  428902K->101897K(1033728K), 0.0037174 secs]
98.910: Total time for which application threads were stopped: 0.0038902 seconds, Stopping threads took: 0.0000191 seconds
98.978: [GC (Allocation Failure)  422409K->101737K(1034240K), 0.0038707 secs]
98.982: Total time for which application threads were stopped: 0.0040397 seconds, Stopping threads took: 0.0000202 seconds
99.049: [GC (Allocation Failure)  422249K->106566K(1032704K), 0.0057836 secs]
99.055: Total time for which application threads were stopped: 0.0059515 seconds, Stopping threads took: 0.0000192 seconds
99.122: [GC (Allocation Failure)  426054K->101833K(1033728K), 0.0037840 secs]
99.126: Total time for which application threads were stopped: 0.0039397 seconds, Stopping threads took: 0.0000186 seconds
99.195: [GC (Allocation Failure)  421321K->101705K(1034240K), 0.0038419 secs]
99.199: Total time for which application threads were stopped: 0.0040086 seconds, Stopping threads took: 0.0000189 seconds
99.266: [GC (Allocation Failure)  421705K->102150K(1033728K), 0.0064052 secs]
99.272: Total time for which application threads were stopped: 0.0065715 seconds, Stopping threads took: 0.0000185 seconds
99.342: [GC (Allocation Failure)  422150K->101801K(1034752K), 0.0038304 secs]
99.346: Total time for which application threads were stopped: 0.0039996 seconds, Stopping threads took: 0.0000193 seconds
99.413: [GC (Allocation Failure)  423337K->101737K(1034752K), 0.0038597 secs]
99.417: Total time for which application threads were stopped: 0.0040511 seconds, Stopping threads took: 0.0000296 seconds
99.483: [GC (Allocation Failure)  423273K->101798K(1035264K), 0.0041017 secs]
99.487: Total time for which application threads were stopped: 0.0042688 seconds, Stopping threads took: 0.0000196 seconds
99.555: [GC (Allocation Failure)  424358K->101737K(1035264K), 0.0037299 secs]
99.559: Total time for which application threads were stopped: 0.0038998 seconds, Stopping threads took: 0.0000217 seconds
99.628: [GC (Allocation Failure)  424297K->101705K(1035776K), 0.0044669 secs]
99.632: Total time for which application threads were stopped: 0.0046385 seconds, Stopping threads took: 0.0000250 seconds
99.699: [GC (Allocation Failure)  425289K->107102K(1035776K), 0.0078100 secs]
99.707: Total time for which application threads were stopped: 0.0079860 seconds, Stopping threads took: 0.0000233 seconds
99.776: [GC (Allocation Failure)  430686K->102593K(1033728K), 0.0038471 secs]
99.780: Total time for which application threads were stopped: 0.0040182 seconds, Stopping threads took: 0.0000196 seconds
99.847: [GC (Allocation Failure)  424129K->102401K(1034752K), 0.0038225 secs]
99.851: Total time for which application threads were stopped: 0.0039917 seconds, Stopping threads took: 0.0000269 seconds
99.917: [GC (Allocation Failure)  423937K->94686K(1033216K), 0.0007397 secs]
99.917: Total time for which application threads were stopped: 0.0008644 seconds, Stopping threads took: 0.0000193 seconds
99.985: [GC (Allocation Failure)  415198K->102569K(1034240K), 0.0039833 secs]
99.989: Total time for which application threads were stopped: 0.0041554 seconds, Stopping threads took: 0.0000197 seconds
100.058: [GC (Allocation Failure)  423081K->106521K(1035264K), 0.0052333 secs]
100.063: Total time for which application threads were stopped: 0.0053938 seconds, Stopping threads took: 0.0000198 seconds
100.130: [GC (Allocation Failure)  428569K->98550K(1021952K), 0.0007149 secs]
100.131: Total time for which application threads were stopped: 0.0008382 seconds, Stopping threads took: 0.0000194 seconds
100.198: [GC (Allocation Failure)  420598K->106697K(1034752K), 0.0041731 secs]
100.203: Total time for which application threads were stopped: 0.0043442 seconds, Stopping threads took: 0.0000192 seconds
100.269: [GC (Allocation Failure)  427721K->110641K(1034240K), 0.0095147 secs]
100.279: Total time for which application threads were stopped: 0.0096657 seconds, Stopping threads took: 0.0000196 seconds
100.348: [GC (Allocation Failure)  431665K->103406K(1034240K), 0.0010165 secs]
100.349: Total time for which application threads were stopped: 0.0011408 seconds, Stopping threads took: 0.0000254 seconds
100.418: [GC (Allocation Failure)  424942K->110761K(1034752K), 0.0037564 secs]
100.422: Total time for which application threads were stopped: 0.0039092 seconds, Stopping threads took: 0.0000176 seconds
100.489: [GC (Allocation Failure)  432297K->114849K(1035264K), 0.0049893 secs]
100.494: Total time for which application threads were stopped: 0.0051620 seconds, Stopping threads took: 0.0000199 seconds
100.561: [GC (Allocation Failure)  437409K->109790K(1035264K), 0.0019903 secs]
100.563: Total time for which application threads were stopped: 0.0021414 seconds, Stopping threads took: 0.0000191 seconds
100.633: [GC (Allocation Failure)  432350K->114889K(1035776K), 0.0041379 secs]
100.637: Total time for which application threads were stopped: 0.0043283 seconds, Stopping threads took: 0.0000210 seconds
100.707: [GC (Allocation Failure)  437961K->118929K(1035264K), 0.0039865 secs]
100.711: Total time for which application threads were stopped: 0.0041858 seconds, Stopping threads took: 0.0000201 seconds
100.777: [GC (Allocation Failure)  442001K->118961K(1035776K), 0.0035973 secs]
100.781: Total time for which application threads were stopped: 0.0037593 seconds, Stopping threads took: 0.0000198 seconds
100.849: [GC (Allocation Failure)  442545K->119209K(1023488K), 0.0036998 secs]
100.852: Total time for which application threads were stopped: 0.0038917 seconds, Stopping threads took: 0.0000567 seconds
100.922: [GC (Allocation Failure)  442793K->127019K(1035264K), 0.0039675 secs]
100.926: Total time for which application threads were stopped: 0.0041308 seconds, Stopping threads took: 0.0000199 seconds
100.994: [GC (Allocation Failure)  449579K->126987K(1035264K), 0.0039198 secs]
100.998: Total time for which application threads were stopped: 0.0040997 seconds, Stopping threads took: 0.0000198 seconds
101.064: [GC (Allocation Failure)  449547K->127051K(1034240K), 0.0038700 secs]
101.068: Total time for which application threads were stopped: 0.0040415 seconds, Stopping threads took: 0.0000209 seconds
101.136: [GC (Allocation Failure)  448587K->135053K(1034752K), 0.0038971 secs]
101.140: Total time for which application threads were stopped: 0.0040553 seconds, Stopping threads took: 0.0000199 seconds
101.206: [GC (Allocation Failure)  456589K->135021K(1034752K), 0.0047089 secs]
101.210: Total time for which application threads were stopped: 0.0048830 seconds, Stopping threads took: 0.0000278 seconds
101.275: [GC (Allocation Failure)  456557K->135173K(1021440K), 0.0039866 secs]
101.279: Total time for which application threads were stopped: 0.0041617 seconds, Stopping threads took: 0.0000195 seconds
101.348: [GC (Allocation Failure)  456709K->143079K(1034240K), 0.0039435 secs]
101.352: Total time for which application threads were stopped: 0.0041209 seconds, Stopping threads took: 0.0000272 seconds
101.419: [GC (Allocation Failure)  463591K->143047K(1034240K), 0.0038771 secs]
101.422: Total time for which application threads were stopped: 0.0040452 seconds, Stopping threads took: 0.0000188 seconds
101.489: [GC (Allocation Failure)  463559K->143399K(1034240K), 0.0038158 secs]
101.493: Total time for which application threads were stopped: 0.0039873 seconds, Stopping threads took: 0.0000205 seconds
101.560: [GC (Allocation Failure)  463911K->151114K(1034240K), 0.0039943 secs]
101.564: Total time for which application threads were stopped: 0.0041638 seconds, Stopping threads took: 0.0000201 seconds
101.632: [GC (Allocation Failure)  471626K->151082K(1034240K), 0.0039433 secs]
101.636: Total time for which application threads were stopped: 0.0041123 seconds, Stopping threads took: 0.0000197 seconds
101.703: [GC (Allocation Failure)  471594K->151626K(1020928K), 0.0039612 secs]
101.707: Total time for which application threads were stopped: 0.0041191 seconds, Stopping threads took: 0.0000203 seconds
101.774: [GC (Allocation Failure)  472138K->159116K(1033728K), 0.0046041 secs]
101.779: Total time for which application threads were stopped: 0.0047593 seconds, Stopping threads took: 0.0000186 seconds
101.846: [GC (Allocation Failure)  478604K->159148K(1033728K), 0.0038109 secs]
101.850: Total time for which application threads were stopped: 0.0040045 seconds, Stopping threads took: 0.0000253 seconds
101.918: [GC (Allocation Failure)  478636K->159372K(1033728K), 0.0038871 secs]
101.922: Total time for which application threads were stopped: 0.0040604 seconds, Stopping threads took: 0.0000166 seconds
101.989: [GC (Allocation Failure)  478860K->167182K(1033728K), 0.0039471 secs]
101.993: Total time for which application threads were stopped: 0.0041149 seconds, Stopping threads took: 0.0000189 seconds
102.058: [GC (Allocation Failure)  486670K->163212K(1034240K), 0.0025903 secs]
102.061: Total time for which application threads were stopped: 0.0027609 seconds, Stopping threads took: 0.0000200 seconds
102.131: [GC (Allocation Failure)  483212K->167310K(1033728K), 0.0041078 secs]
102.135: Total time for which application threads were stopped: 0.0042653 seconds, Stopping threads took: 0.0000188 seconds
102.203: [GC (Allocation Failure)  487310K->171278K(1034752K), 0.0038473 secs]
102.207: Total time for which application threads were stopped: 0.0040180 seconds, Stopping threads took: 0.0000199 seconds
102.275: [GC (Allocation Failure)  492814K->165548K(1034752K), 0.0017079 secs]
102.277: Total time for which application threads were stopped: 0.0018571 seconds, Stopping threads took: 0.0000272 seconds
102.348: [GC (Allocation Failure)  487084K->171334K(1035776K), 0.0039108 secs]
102.352: Total time for which application threads were stopped: 0.0040682 seconds, Stopping threads took: 0.0000249 seconds
102.420: [GC (Allocation Failure)  493894K->175414K(1034752K), 0.0042317 secs]
102.424: Total time for which application threads were stopped: 0.0043974 seconds, Stopping threads took: 0.0000265 seconds
102.489: [GC (Allocation Failure)  497713K->171508K(1035776K), 0.0029259 secs]
102.492: Total time for which application threads were stopped: 0.0030986 seconds, Stopping threads took: 0.0000280 seconds
102.560: [GC (Allocation Failure)  494580K->175534K(1035264K), 0.0040470 secs]
102.564: Total time for which application threads were stopped: 0.0042266 seconds, Stopping threads took: 0.0000200 seconds
102.632: [GC (Allocation Failure)  498606K->179566K(1035264K), 0.0039840 secs]
102.636: Total time for which application threads were stopped: 0.0041524 seconds, Stopping threads took: 0.0000199 seconds
102.704: [GC (Allocation Failure)  503150K->179534K(1035776K), 0.0039517 secs]
102.708: Total time for which application threads were stopped: 0.0041088 seconds, Stopping threads took: 0.0000202 seconds
102.776: [GC (Allocation Failure)  503118K->179598K(1034752K), 0.0041263 secs]
102.780: Total time for which application threads were stopped: 0.0043251 seconds, Stopping threads took: 0.0000194 seconds
102.847: [GC (Allocation Failure)  502158K->187569K(1035264K), 0.0040479 secs]
102.852: Total time for which application threads were stopped: 0.0042141 seconds, Stopping threads took: 0.0000260 seconds
102.918: [GC (Allocation Failure)  510129K->187569K(1034240K), 0.0040480 secs]
102.922: Total time for which application threads were stopped: 0.0042179 seconds, Stopping threads took: 0.0000259 seconds
102.989: [GC (Allocation Failure)  509105K->187593K(1034752K), 0.0040380 secs]
102.993: Total time for which application threads were stopped: 0.0041982 seconds, Stopping threads took: 0.0000196 seconds
103.058: [GC (Allocation Failure)  509129K->195563K(1034752K), 0.0041969 secs]
103.063: Total time for which application threads were stopped: 0.0043582 seconds, Stopping threads took: 0.0000197 seconds
103.130: [GC (Allocation Failure)  517099K->195595K(1029120K), 0.0040023 secs]
103.134: Total time for which application threads were stopped: 0.0041737 seconds, Stopping threads took: 0.0000199 seconds
103.201: [GC (Allocation Failure)  517131K->195819K(1034240K), 0.0040874 secs]
103.205: Total time for which application threads were stopped: 0.0042820 seconds, Stopping threads took: 0.0000202 seconds
103.274: [GC (Allocation Failure)  516331K->203629K(1034240K), 0.0038023 secs]
103.278: Total time for which application threads were stopped: 0.0039959 seconds, Stopping threads took: 0.0000195 seconds
103.349: [GC (Allocation Failure)  524141K->203629K(1034240K), 0.0040354 secs]
103.353: Total time for which application threads were stopped: 0.0042010 seconds, Stopping threads took: 0.0000270 seconds
103.419: [GC (Allocation Failure)  524141K->204077K(1034240K), 0.0040473 secs]
103.424: Total time for which application threads were stopped: 0.0042159 seconds, Stopping threads took: 0.0000194 seconds
103.490: [GC (Allocation Failure)  524589K->211695K(1033216K), 0.0040357 secs]
103.495: Total time for which application threads were stopped: 0.0042129 seconds, Stopping threads took: 0.0000196 seconds
103.563: [GC (Allocation Failure)  531183K->211695K(1033728K), 0.0043226 secs]
103.567: Total time for which application threads were stopped: 0.0045024 seconds, Stopping threads took: 0.0000196 seconds
103.633: [GC (Allocation Failure)  531183K->211783K(1033728K), 0.0041194 secs]
103.637: Total time for which application threads were stopped: 0.0042803 seconds, Stopping threads took: 0.0000200 seconds
103.706: [GC (Allocation Failure)  531271K->219690K(1033728K), 0.0040080 secs]
103.710: Total time for which application threads were stopped: 0.0041758 seconds, Stopping threads took: 0.0000195 seconds
103.777: [GC (Allocation Failure)  539178K->219690K(1033728K), 0.0038241 secs]
103.781: Total time for which application threads were stopped: 0.0039920 seconds, Stopping threads took: 0.0000195 seconds
103.847: [GC (Allocation Failure)  539178K->219754K(1033728K), 0.0040151 secs]
103.851: Total time for which application threads were stopped: 0.0042126 seconds, Stopping threads took: 0.0000254 seconds
103.920: [GC (Allocation Failure)  539242K->227756K(1032704K), 0.0038372 secs]
103.924: Total time for which application threads were stopped: 0.0040224 seconds, Stopping threads took: 0.0000180 seconds
103.992: [GC (Allocation Failure)  546220K->222154K(1033216K), 0.0019388 secs]
103.994: Total time for which application threads were stopped: 0.0020811 seconds, Stopping threads took: 0.0000201 seconds
104.061: [GC (Allocation Failure)  540618K->227972K(1034752K), 0.0042415 secs]
104.066: Total time for which application threads were stopped: 0.0044228 seconds, Stopping threads took: 0.0000197 seconds
104.133: [GC (Allocation Failure)  548484K->231860K(1033728K), 0.0043312 secs]
104.138: Total time for which application threads were stopped: 0.0045394 seconds, Stopping threads took: 0.0000263 seconds
104.206: [GC (Allocation Failure)  552372K->238762K(1029120K), 0.0068647 secs]
104.213: Total time for which application threads were stopped: 0.0070574 seconds, Stopping threads took: 0.0000181 seconds
104.281: [GC (Allocation Failure)  554154K->232684K(1031680K), 0.0042836 secs]
104.285: Total time for which application threads were stopped: 0.0044761 seconds, Stopping threads took: 0.0000192 seconds
104.353: [GC (Allocation Failure)  548076K->232492K(1032704K), 0.0040123 secs]
104.357: Total time for which application threads were stopped: 0.0042015 seconds, Stopping threads took: 0.0000278 seconds
104.421: [GC (Allocation Failure)  549420K->235876K(1032192K), 0.0048452 secs]
104.426: Total time for which application threads were stopped: 0.0050413 seconds, Stopping threads took: 0.0000199 seconds
104.495: [GC (Allocation Failure)  552804K->240614K(1033216K), 0.0039596 secs]
104.499: Total time for which application threads were stopped: 0.0041092 seconds, Stopping threads took: 0.0000166 seconds
104.567: [GC (Allocation Failure)  558566K->240550K(1032704K), 0.0041005 secs]
104.571: Total time for which application threads were stopped: 0.0042891 seconds, Stopping threads took: 0.0000206 seconds
104.639: [GC (Allocation Failure)  558502K->241542K(1033216K), 0.0042810 secs]
104.644: Total time for which application threads were stopped: 0.0044503 seconds, Stopping threads took: 0.0000210 seconds
104.710: [GC (Allocation Failure)  560006K->248584K(1033216K), 0.0043512 secs]
104.715: Total time for which application threads were stopped: 0.0045201 seconds, Stopping threads took: 0.0000201 seconds
104.781: [GC (Allocation Failure)  567048K->248584K(1033728K), 0.0042658 secs]
104.786: Total time for which application threads were stopped: 0.0044447 seconds, Stopping threads took: 0.0000193 seconds
104.852: [GC (Allocation Failure)  567560K->250216K(1033216K), 0.0041960 secs]
104.857: Total time for which application threads were stopped: 0.0043545 seconds, Stopping threads took: 0.0000255 seconds
104.925: [GC (Allocation Failure)  569192K->256651K(1033728K), 0.0041241 secs]
104.929: Total time for which application threads were stopped: 0.0042950 seconds, Stopping threads took: 0.0000200 seconds
104.998: [GC (Allocation Failure)  576139K->256587K(1033728K), 0.0042903 secs]
105.002: Total time for which application threads were stopped: 0.0044588 seconds, Stopping threads took: 0.0000267 seconds
105.068: [GC (Allocation Failure)  576075K->256939K(1033728K), 0.0042090 secs]
105.072: Total time for which application threads were stopped: 0.0043870 seconds, Stopping threads took: 0.0000185 seconds
105.141: [GC (Allocation Failure)  576427K->264621K(1033728K), 0.0044140 secs]
105.145: Total time for which application threads were stopped: 0.0045972 seconds, Stopping threads took: 0.0000204 seconds
105.214: [GC (Allocation Failure)  584109K->264589K(1033728K), 0.0042240 secs]
105.218: Total time for which application threads were stopped: 0.0043990 seconds, Stopping threads took: 0.0000207 seconds
105.285: [GC (Allocation Failure)  584077K->268229K(1033728K), 0.0049823 secs]
105.290: Total time for which application threads were stopped: 0.0051544 seconds, Stopping threads took: 0.0000196 seconds
105.360: [GC (Allocation Failure)  587717K->272743K(1034240K), 0.0043458 secs]
105.364: Total time for which application threads were stopped: 0.0045271 seconds, Stopping threads took: 0.0000277 seconds
105.431: [GC (Allocation Failure)  593255K->272647K(1034240K), 0.0040489 secs]
105.435: Total time for which application threads were stopped: 0.0042136 seconds, Stopping threads took: 0.0000203 seconds
105.502: [GC (Allocation Failure)  593159K->273415K(1034240K), 0.0041390 secs]
105.506: Total time for which application threads were stopped: 0.0043114 seconds, Stopping threads took: 0.0000198 seconds
105.574: [GC (Allocation Failure)  593927K->280681K(1034240K), 0.0040430 secs]
105.579: Total time for which application threads were stopped: 0.0042578 seconds, Stopping threads took: 0.0000201 seconds
105.646: [GC (Allocation Failure)  601193K->280649K(1034240K), 0.0039988 secs]
105.650: Total time for which application threads were stopped: 0.0041624 seconds, Stopping threads took: 0.0000200 seconds
105.717: [GC (Allocation Failure)  601161K->281641K(1034240K), 0.0041972 secs]
105.722: Total time for which application threads were stopped: 0.0043827 seconds, Stopping threads took: 0.0000173 seconds
105.790: [GC (Allocation Failure)  602153K->288716K(1034240K), 0.0043613 secs]
105.795: Total time for which application threads were stopped: 0.0045332 seconds, Stopping threads took: 0.0000207 seconds
105.863: [GC (Allocation Failure)  609228K->288716K(1034240K), 0.0041289 secs]
105.867: Total time for which application threads were stopped: 0.0042989 seconds, Stopping threads took: 0.0000199 seconds
105.935: [GC (Allocation Failure)  609228K->289868K(1034240K), 0.0043151 secs]
105.939: Total time for which application threads were stopped: 0.0044719 seconds, Stopping threads took: 0.0000191 seconds
106.007: [GC (Allocation Failure)  610380K->296814K(1034240K), 0.0043958 secs]
106.011: Total time for which application threads were stopped: 0.0046017 seconds, Stopping threads took: 0.0000187 seconds
106.078: [GC (Allocation Failure)  617326K->296782K(1034240K), 0.0042009 secs]
106.083: Total time for which application threads were stopped: 0.0043522 seconds, Stopping threads took: 0.0000165 seconds
106.149: [GC (Allocation Failure)  617294K->297102K(1020416K), 0.0041424 secs]
106.153: Total time for which application threads were stopped: 0.0042805 seconds, Stopping threads took: 0.0000166 seconds
106.218: [GC (Allocation Failure)  617614K->304880K(1033728K), 0.0042573 secs]
106.223: Total time for which application threads were stopped: 0.0044051 seconds, Stopping threads took: 0.0000184 seconds
106.285: [GC (Allocation Failure)  624368K->304784K(1033728K), 0.0040366 secs]
106.289: Total time for which application threads were stopped: 0.0041785 seconds, Stopping threads took: 0.0000189 seconds
106.354: [GC (Allocation Failure)  624272K->305320K(1033728K), 0.0040831 secs]
106.358: Total time for which application threads were stopped: 0.0042393 seconds, Stopping threads took: 0.0000255 seconds
106.425: [GC (Allocation Failure)  624808K->312843K(1033728K), 0.0048945 secs]
106.430: Total time for which application threads were stopped: 0.0050631 seconds, Stopping threads took: 0.0000277 seconds
106.495: [GC (Allocation Failure)  632331K->312811K(1033728K), 0.0043967 secs]
106.500: Total time for which application threads were stopped: 0.0045683 seconds, Stopping threads took: 0.0000198 seconds
106.565: [GC (Allocation Failure)  632299K->313547K(1033728K), 0.0042245 secs]
106.569: Total time for which application threads were stopped: 0.0043873 seconds, Stopping threads took: 0.0000183 seconds
106.636: [GC (Allocation Failure)  633035K->320877K(1033728K), 0.0041550 secs]
106.641: Total time for which application threads were stopped: 0.0043275 seconds, Stopping threads took: 0.0000201 seconds
106.709: [GC (Allocation Failure)  640365K->320813K(1033728K), 0.0043342 secs]
106.713: Total time for which application threads were stopped: 0.0044965 seconds, Stopping threads took: 0.0000197 seconds
106.780: [GC (Allocation Failure)  640301K->322853K(1033728K), 0.0046174 secs]
106.784: Total time for which application threads were stopped: 0.0047907 seconds, Stopping threads took: 0.0000203 seconds
106.853: [GC (Allocation Failure)  642341K->328903K(1033728K), 0.0041183 secs]
106.857: Total time for which application threads were stopped: 0.0042758 seconds, Stopping threads took: 0.0000255 seconds
106.924: [GC (Allocation Failure)  648391K->328903K(1033728K), 0.0043178 secs]
106.928: Total time for which application threads were stopped: 0.0044845 seconds, Stopping threads took: 0.0000196 seconds
106.994: [GC (Allocation Failure)  648391K->329991K(1033728K), 0.0044541 secs]
106.999: Total time for which application threads were stopped: 0.0046193 seconds, Stopping threads took: 0.0000188 seconds
107.066: [GC (Allocation Failure)  649479K->336937K(1033728K), 0.0043323 secs]
107.070: Total time for which application threads were stopped: 0.0044942 seconds, Stopping threads took: 0.0000193 seconds
107.137: [GC (Allocation Failure)  656425K->336905K(1033728K), 0.0043364 secs]
107.142: Total time for which application threads were stopped: 0.0045012 seconds, Stopping threads took: 0.0000203 seconds
107.208: [GC (Allocation Failure)  656393K->337225K(1033728K), 0.0042488 secs]
107.212: Total time for which application threads were stopped: 0.0044452 seconds, Stopping threads took: 0.0000205 seconds
107.281: [GC (Allocation Failure)  656713K->345004K(1033728K), 0.0042346 secs]
107.286: Total time for which application threads were stopped: 0.0043837 seconds, Stopping threads took: 0.0000172 seconds
107.354: [GC (Allocation Failure)  664492K->344940K(1033728K), 0.0041403 secs]
107.358: Total time for which application threads were stopped: 0.0043175 seconds, Stopping threads took: 0.0000282 seconds
107.424: [GC (Allocation Failure)  664428K->345452K(1033728K), 0.0043951 secs]
107.429: Total time for which application threads were stopped: 0.0045613 seconds, Stopping threads took: 0.0000196 seconds
107.496: [GC (Allocation Failure)  664940K->353006K(1033728K), 0.0045776 secs]
107.501: Total time for which application threads were stopped: 0.0047405 seconds, Stopping threads took: 0.0000193 seconds
107.570: [GC (Allocation Failure)  672494K->353006K(1033728K), 0.0043491 secs]
107.574: Total time for which application threads were stopped: 0.0045176 seconds, Stopping threads took: 0.0000198 seconds
107.640: [GC (Allocation Failure)  672494K->353710K(1033728K), 0.0043749 secs]
107.645: Total time for which application threads were stopped: 0.0045586 seconds, Stopping threads took: 0.0000237 seconds
107.712: [GC (Allocation Failure)  673198K->361008K(1033728K), 0.0042687 secs]
107.716: Total time for which application threads were stopped: 0.0044392 seconds, Stopping threads took: 0.0000207 seconds
107.783: [GC (Allocation Failure)  680496K->361040K(1033728K), 0.0043097 secs]
107.787: Total time for which application threads were stopped: 0.0044693 seconds, Stopping threads took: 0.0000191 seconds
107.853: [GC (Allocation Failure)  680528K->361928K(1033728K), 0.0044478 secs]
107.858: Total time for which application threads were stopped: 0.0046093 seconds, Stopping threads took: 0.0000192 seconds
107.925: [GC (Allocation Failure)  681416K->369034K(1033728K), 0.0043074 secs]
107.929: Total time for which application threads were stopped: 0.0045027 seconds, Stopping threads took: 0.0000198 seconds
107.997: [GC (Allocation Failure)  688522K->369034K(1033728K), 0.0042055 secs]
108.001: Total time for which application threads were stopped: 0.0043612 seconds, Stopping threads took: 0.0000162 seconds
108.067: [GC (Allocation Failure)  688522K->369162K(1033728K), 0.0042712 secs]
108.071: Total time for which application threads were stopped: 0.0044364 seconds, Stopping threads took: 0.0000183 seconds
108.139: [GC (Allocation Failure)  688650K->377101K(1027072K), 0.0043109 secs]
108.143: Total time for which application threads were stopped: 0.0044771 seconds, Stopping threads took: 0.0000192 seconds
108.210: [GC (Allocation Failure)  696589K->377069K(1033216K), 0.0068185 secs]
108.217: Total time for which application threads were stopped: 0.0070028 seconds, Stopping threads took: 0.0000193 seconds
108.283: [GC (Allocation Failure)  695533K->377357K(1033216K), 0.0045430 secs]
108.288: Total time for which application threads were stopped: 0.0047162 seconds, Stopping threads took: 0.0000227 seconds
108.356: [GC (Allocation Failure)  695821K->385135K(1033216K), 0.0043272 secs]
108.360: Total time for which application threads were stopped: 0.0044954 seconds, Stopping threads took: 0.0000265 seconds
108.426: [GC (Allocation Failure)  703599K->385103K(1033216K), 0.0045176 secs]
108.430: Total time for which application threads were stopped: 0.0046978 seconds, Stopping threads took: 0.0000198 seconds
108.495: [GC (Allocation Failure)  703567K->385583K(1033216K), 0.0058826 secs]
108.501: Total time for which application threads were stopped: 0.0061920 seconds, Stopping threads took: 0.0000196 seconds
108.566: [GC (Allocation Failure)  704047K->393137K(1033216K), 0.0044653 secs]
108.571: Total time for which application threads were stopped: 0.0046419 seconds, Stopping threads took: 0.0000191 seconds
108.638: [GC (Allocation Failure)  711601K->393169K(1033216K), 0.0043884 secs]
108.642: Total time for which application threads were stopped: 0.0045675 seconds, Stopping threads took: 0.0000199 seconds
108.706: [GC (Allocation Failure)  711633K->393289K(1033216K), 0.0050873 secs]
108.711: Total time for which application threads were stopped: 0.0052634 seconds, Stopping threads took: 0.0000219 seconds
108.777: [GC (Allocation Failure)  711753K->401227K(1033216K), 0.0044437 secs]
108.782: Total time for which application threads were stopped: 0.0046107 seconds, Stopping threads took: 0.0000192 seconds
108.847: [GC (Allocation Failure)  719691K->401195K(1033216K), 0.0046342 secs]
108.852: Total time for which application threads were stopped: 0.0048020 seconds, Stopping threads took: 0.0000197 seconds
108.918: [GC (Allocation Failure)  719659K->401323K(1033216K), 0.0045472 secs]
108.923: Total time for which application threads were stopped: 0.0047336 seconds, Stopping threads took: 0.0000203 seconds
108.989: [GC (Allocation Failure)  719787K->409198K(1033216K), 0.0052460 secs]
108.995: Total time for which application threads were stopped: 0.0054500 seconds, Stopping threads took: 0.0000204 seconds
109.060: [GC (Allocation Failure)  727662K->409230K(1033216K), 0.0045959 secs]
109.064: Total time for which application threads were stopped: 0.0047847 seconds, Stopping threads took: 0.0000223 seconds
109.129: [GC (Allocation Failure)  727694K->409262K(1033216K), 0.0045149 secs]
109.133: Total time for which application threads were stopped: 0.0046770 seconds, Stopping threads took: 0.0000200 seconds
109.200: [GC (Allocation Failure)  727726K->417232K(1033216K), 0.0051690 secs]
109.206: Total time for which application threads were stopped: 0.0053500 seconds, Stopping threads took: 0.0000277 seconds
109.271: [GC (Allocation Failure)  735696K->417264K(1033216K), 0.0045385 secs]
109.275: Total time for which application threads were stopped: 0.0047142 seconds, Stopping threads took: 0.0000192 seconds
109.343: [GC (Allocation Failure)  735728K->417544K(1033216K), 0.0043189 secs]
109.347: Total time for which application threads were stopped: 0.0044963 seconds, Stopping threads took: 0.0000284 seconds
109.415: [GC (Allocation Failure)  736008K->425290K(1033216K), 0.0044579 secs]
109.420: Total time for which application threads were stopped: 0.0046332 seconds, Stopping threads took: 0.0000271 seconds
109.487: [GC (Allocation Failure)  743754K->425226K(1033216K), 0.0044065 secs]
109.492: Total time for which application threads were stopped: 0.0045702 seconds, Stopping threads took: 0.0000203 seconds
109.557: [GC (Allocation Failure)  743690K->425514K(1033216K), 0.0045063 secs]
109.561: Total time for which application threads were stopped: 0.0046709 seconds, Stopping threads took: 0.0000201 seconds
109.628: [GC (Allocation Failure)  743978K->433293K(1033216K), 0.0045411 secs]
109.632: Total time for which application threads were stopped: 0.0047035 seconds, Stopping threads took: 0.0000201 seconds
109.698: [GC (Allocation Failure)  751757K->429386K(1033216K), 0.0034777 secs]
109.701: Total time for which application threads were stopped: 0.0036414 seconds, Stopping threads took: 0.0000275 seconds
109.768: [GC (Allocation Failure)  747850K->433453K(1034752K), 0.0044852 secs]
109.773: Total time for which application threads were stopped: 0.0046510 seconds, Stopping threads took: 0.0000205 seconds
109.840: [GC (Allocation Failure)  753965K->437389K(1033728K), 0.0042766 secs]
109.845: Total time for which application threads were stopped: 0.0044404 seconds, Stopping threads took: 0.0000200 seconds
109.914: [GC (Allocation Failure)  757901K->429610K(1034240K), 0.0065438 secs]
109.920: Total time for which application threads were stopped: 0.0066874 seconds, Stopping threads took: 0.0000254 seconds
109.989: [GC (Allocation Failure)  750122K->437485K(1034240K), 0.0044091 secs]
109.994: Total time for which application threads were stopped: 0.0045856 seconds, Stopping threads took: 0.0000214 seconds
110.061: [GC (Allocation Failure)  757997K->441573K(1033216K), 0.0060259 secs]
110.067: Total time for which application threads were stopped: 0.0062158 seconds, Stopping threads took: 0.0000197 seconds
110.135: [GC (Allocation Failure)  761061K->447298K(1032704K), 0.0068804 secs]
110.142: Total time for which application threads were stopped: 0.0070838 seconds, Stopping threads took: 0.0000184 seconds
110.210: [GC (Allocation Failure)  766786K->441797K(1031680K), 0.0059768 secs]
110.216: Total time for which application threads were stopped: 0.0061470 seconds, Stopping threads took: 0.0000201 seconds
110.283: [GC (Allocation Failure)  758213K->441573K(1032192K), 0.0044039 secs]
110.288: Total time for which application threads were stopped: 0.0045793 seconds, Stopping threads took: 0.0000206 seconds
110.355: [GC (Allocation Failure)  757989K->436226K(1032704K), 0.0023505 secs]
110.357: Total time for which application threads were stopped: 0.0025008 seconds, Stopping threads took: 0.0000261 seconds
110.423: [GC (Allocation Failure)  753666K->441765K(1032704K), 0.0043960 secs]
110.428: Total time for which application threads were stopped: 0.0045795 seconds, Stopping threads took: 0.0000202 seconds
110.495: [GC (Allocation Failure)  759205K->441573K(1033216K), 0.0074651 secs]
110.502: Total time for which application threads were stopped: 0.0076823 seconds, Stopping threads took: 0.0000210 seconds
110.570: [GC (Allocation Failure)  759525K->441933K(1032704K), 0.0044682 secs]
110.575: Total time for which application threads were stopped: 0.0046366 seconds, Stopping threads took: 0.0000166 seconds
110.641: [GC (Allocation Failure)  759885K->449647K(1033216K), 0.0043858 secs]
110.646: Total time for which application threads were stopped: 0.0045538 seconds, Stopping threads took: 0.0000192 seconds
110.713: [GC (Allocation Failure)  768111K->449647K(1033216K), 0.0044721 secs]
110.718: Total time for which application threads were stopped: 0.0046429 seconds, Stopping threads took: 0.0000202 seconds
110.782: [GC (Allocation Failure)  768111K->453767K(1033728K), 0.0054938 secs]
110.788: Total time for which application threads were stopped: 0.0056450 seconds, Stopping threads took: 0.0000166 seconds
110.856: [GC (Allocation Failure)  772743K->457737K(1033216K), 0.0042074 secs]
110.860: Total time for which application threads were stopped: 0.0043806 seconds, Stopping threads took: 0.0000206 seconds
110.928: [GC (Allocation Failure)  776713K->457673K(1034240K), 0.0044074 secs]
110.932: Total time for which application threads were stopped: 0.0045717 seconds, Stopping threads took: 0.0000198 seconds
110.998: [GC (Allocation Failure)  777673K->460425K(1033728K), 0.0049934 secs]
111.003: Total time for which application threads were stopped: 0.0051895 seconds, Stopping threads took: 0.0000188 seconds
111.071: [GC (Allocation Failure)  780425K->465707K(1034240K), 0.0054513 secs]
111.076: Total time for which application threads were stopped: 0.0056373 seconds, Stopping threads took: 0.0000200 seconds
111.144: [GC (Allocation Failure)  786219K->465675K(1034240K), 0.0045356 secs]
111.149: Total time for which application threads were stopped: 0.0047210 seconds, Stopping threads took: 0.0000226 seconds
111.216: [GC (Allocation Failure)  786187K->466091K(1034240K), 0.0045391 secs]
111.221: Total time for which application threads were stopped: 0.0047028 seconds, Stopping threads took: 0.0000192 seconds
111.289: [GC (Allocation Failure)  786603K->473742K(1034240K), 0.0046147 secs]
111.294: Total time for which application threads were stopped: 0.0047908 seconds, Stopping threads took: 0.0000190 seconds
111.363: [GC (Allocation Failure)  794254K->473710K(1034240K), 0.0044410 secs]
111.367: Total time for which application threads were stopped: 0.0046118 seconds, Stopping threads took: 0.0000255 seconds
111.436: [GC (Allocation Failure)  794222K->476390K(1034240K), 0.0050788 secs]
111.441: Total time for which application threads were stopped: 0.0052713 seconds, Stopping threads took: 0.0000189 seconds
111.510: [GC (Allocation Failure)  796902K->481768K(1034240K), 0.0044074 secs]
111.515: Total time for which application threads were stopped: 0.0045618 seconds, Stopping threads took: 0.0000179 seconds
111.582: [GC (Allocation Failure)  802280K->481736K(1034240K), 0.0046513 secs]
111.587: Total time for which application threads were stopped: 0.0048678 seconds, Stopping threads took: 0.0000201 seconds
111.655: [GC (Allocation Failure)  802248K->482568K(1033728K), 0.0045265 secs]
111.659: Total time for which application threads were stopped: 0.0046913 seconds, Stopping threads took: 0.0000200 seconds
111.727: [GC (Allocation Failure)  803080K->489898K(1034240K), 0.0045301 secs]
111.732: Total time for which application threads were stopped: 0.0047267 seconds, Stopping threads took: 0.0000208 seconds
111.801: [GC (Allocation Failure)  810410K->489770K(1034240K), 0.0046892 secs]
111.806: Total time for which application threads were stopped: 0.0048789 seconds, Stopping threads took: 0.0000190 seconds
111.876: [GC (Allocation Failure)  810282K->492842K(1034240K), 0.0051068 secs]
111.881: Total time for which application threads were stopped: 0.0052647 seconds, Stopping threads took: 0.0000254 seconds
111.948: [GC (Allocation Failure)  813354K->497868K(1034752K), 0.0044874 secs]
111.953: Total time for which application threads were stopped: 0.0046522 seconds, Stopping threads took: 0.0000188 seconds
112.021: [GC (Allocation Failure)  819404K->497772K(1034752K), 0.0045565 secs]
112.025: Total time for which application threads were stopped: 0.0047500 seconds, Stopping threads took: 0.0000194 seconds
112.091: [GC (Allocation Failure)  819308K->501092K(1034752K), 0.0054885 secs]
112.097: Total time for which application threads were stopped: 0.0056647 seconds, Stopping threads took: 0.0000202 seconds
112.166: [GC (Allocation Failure)  822628K->505831K(1034752K), 0.0047790 secs]
112.171: Total time for which application threads were stopped: 0.0049387 seconds, Stopping threads took: 0.0000174 seconds
112.238: [GC (Allocation Failure)  827367K->505831K(1034752K), 0.0048141 secs]
112.243: Total time for which application threads were stopped: 0.0049871 seconds, Stopping threads took: 0.0000198 seconds
112.308: [GC (Allocation Failure)  827367K->506247K(1034752K), 0.0063693 secs]
112.315: Total time for which application threads were stopped: 0.0065676 seconds, Stopping threads took: 0.0000205 seconds
112.385: [GC (Allocation Failure)  827783K->513897K(1034752K), 0.0046452 secs]
112.389: Total time for which application threads were stopped: 0.0048135 seconds, Stopping threads took: 0.0000172 seconds
112.456: [GC (Allocation Failure)  835433K->513833K(1034752K), 0.0046321 secs]
112.461: Total time for which application threads were stopped: 0.0048148 seconds, Stopping threads took: 0.0000207 seconds
112.526: [GC (Allocation Failure)  835369K->515497K(1034752K), 0.0058013 secs]
112.532: Total time for which application threads were stopped: 0.0059661 seconds, Stopping threads took: 0.0000202 seconds
112.602: [GC (Allocation Failure)  837033K->521899K(1029120K), 0.0048298 secs]
112.607: Total time for which application threads were stopped: 0.0050198 seconds, Stopping threads took: 0.0000197 seconds
112.673: [GC (Allocation Failure)  843435K->521931K(1034752K), 0.0047229 secs]
112.678: Total time for which application threads were stopped: 0.0049187 seconds, Stopping threads took: 0.0000201 seconds
112.746: [GC (Allocation Failure)  842955K->524267K(1034240K), 0.0048969 secs]
112.751: Total time for which application threads were stopped: 0.0050817 seconds, Stopping threads took: 0.0000160 seconds
112.821: [GC (Allocation Failure)  845291K->530029K(1034752K), 0.0046381 secs]
112.826: Total time for which application threads were stopped: 0.0048321 seconds, Stopping threads took: 0.0000198 seconds
112.895: [GC (Allocation Failure)  851565K->529965K(1034752K), 0.0044911 secs]
112.899: Total time for which application threads were stopped: 0.0046817 seconds, Stopping threads took: 0.0000282 seconds
112.965: [GC (Allocation Failure)  851501K->533005K(1034752K), 0.0052130 secs]
112.970: Total time for which application threads were stopped: 0.0054223 seconds, Stopping threads took: 0.0000168 seconds
113.037: [GC (Allocation Failure)  854541K->538000K(1034752K), 0.0045976 secs]
113.041: Total time for which application threads were stopped: 0.0047917 seconds, Stopping threads took: 0.0000196 seconds
113.108: [GC (Allocation Failure)  859536K->537968K(1034752K), 0.0046954 secs]
113.113: Total time for which application threads were stopped: 0.0048642 seconds, Stopping threads took: 0.0000202 seconds
113.177: [GC (Allocation Failure)  859504K->538184K(1021440K), 0.0045033 secs]
113.181: Total time for which application threads were stopped: 0.0046948 seconds, Stopping threads took: 0.0000204 seconds
113.250: [GC (Allocation Failure)  859720K->545994K(1034240K), 0.0046527 secs]
113.255: Total time for which application threads were stopped: 0.0048130 seconds, Stopping threads took: 0.0000169 seconds
113.323: [GC (Allocation Failure)  866506K->545994K(1034240K), 0.0056896 secs]
113.329: Total time for which application threads were stopped: 0.0058852 seconds, Stopping threads took: 0.0000191 seconds
113.395: [GC (Allocation Failure)  866506K->549418K(1034752K), 0.0054990 secs]
113.400: Total time for which application threads were stopped: 0.0056573 seconds, Stopping threads took: 0.0000195 seconds
113.468: [GC (Allocation Failure)  870442K->554188K(1034240K), 0.0047392 secs]
113.473: Total time for which application threads were stopped: 0.0049175 seconds, Stopping threads took: 0.0000200 seconds
113.540: [GC (Allocation Failure)  875212K->554060K(1034752K), 0.0047656 secs]
113.545: Total time for which application threads were stopped: 0.0049273 seconds, Stopping threads took: 0.0000191 seconds
113.611: [GC (Allocation Failure)  875596K->557668K(1034752K), 0.0058732 secs]
113.617: Total time for which application threads were stopped: 0.0060353 seconds, Stopping threads took: 0.0000194 seconds
113.687: [GC (Allocation Failure)  879204K->562119K(1034752K), 0.0047276 secs]
113.692: Total time for which application threads were stopped: 0.0048862 seconds, Stopping threads took: 0.0000190 seconds
113.760: [GC (Allocation Failure)  883655K->562055K(1034752K), 0.0045485 secs]
113.764: Total time for which application threads were stopped: 0.0047197 seconds, Stopping threads took: 0.0000198 seconds
113.833: [GC (Allocation Failure)  883591K->562767K(1034752K), 0.0048654 secs]
113.838: Total time for which application threads were stopped: 0.0050444 seconds, Stopping threads took: 0.0000277 seconds
113.907: [GC (Allocation Failure)  884303K->570129K(1034752K), 0.0048408 secs]
113.912: Total time for which application threads were stopped: 0.0050241 seconds, Stopping threads took: 0.0000266 seconds
113.979: [GC (Allocation Failure)  891665K->570129K(1034752K), 0.0048170 secs]
113.984: Total time for which application threads were stopped: 0.0049949 seconds, Stopping threads took: 0.0000198 seconds
114.049: [GC (Allocation Failure)  891665K->572041K(1034752K), 0.0050083 secs]
114.054: Total time for which application threads were stopped: 0.0051839 seconds, Stopping threads took: 0.0000199 seconds
114.122: [GC (Allocation Failure)  893577K->578155K(1034752K), 0.0047699 secs]
114.127: Total time for which application threads were stopped: 0.0049684 seconds, Stopping threads took: 0.0000198 seconds
114.195: [GC (Allocation Failure)  899691K->578123K(1034752K), 0.0045068 secs]
114.199: Total time for which application threads were stopped: 0.0046750 seconds, Stopping threads took: 0.0000194 seconds
114.266: [GC (Allocation Failure)  899659K->581283K(1034752K), 0.0056146 secs]
114.272: Total time for which application threads were stopped: 0.0058010 seconds, Stopping threads took: 0.0000206 seconds
114.341: [GC (Allocation Failure)  902819K->586245K(1034752K), 0.0048445 secs]
114.346: Total time for which application threads were stopped: 0.0050260 seconds, Stopping threads took: 0.0000201 seconds
114.415: [GC (Allocation Failure)  907781K->586117K(1034752K), 0.0049097 secs]
114.420: Total time for which application threads were stopped: 0.0050895 seconds, Stopping threads took: 0.0000257 seconds
114.485: [GC (Allocation Failure)  907653K->586405K(1034752K), 0.0048847 secs]
114.490: Total time for which application threads were stopped: 0.0050564 seconds, Stopping threads took: 0.0000259 seconds
114.557: [GC (Allocation Failure)  907941K->594248K(1033728K), 0.0047878 secs]
114.562: Total time for which application threads were stopped: 0.0049785 seconds, Stopping threads took: 0.0000197 seconds
114.630: [GC (Allocation Failure)  914760K->594184K(1034240K), 0.0046468 secs]
114.635: Total time for which application threads were stopped: 0.0048286 seconds, Stopping threads took: 0.0000192 seconds
114.701: [GC (Allocation Failure)  914696K->597736K(1034752K), 0.0055096 secs]
114.707: Total time for which application threads were stopped: 0.0056672 seconds, Stopping threads took: 0.0000184 seconds
114.774: [GC (Allocation Failure)  918760K->602250K(1034240K), 0.0048714 secs]
114.779: Total time for which application threads were stopped: 0.0050734 seconds, Stopping threads took: 0.0000197 seconds
114.848: [GC (Allocation Failure)  923274K->602218K(1034752K), 0.0048989 secs]
114.853: Total time for which application threads were stopped: 0.0050906 seconds, Stopping threads took: 0.0000201 seconds
114.922: [GC (Allocation Failure)  923754K->605994K(1034752K), 0.0056764 secs]
114.927: Total time for which application threads were stopped: 0.0058456 seconds, Stopping threads took: 0.0000166 seconds
114.996: [GC (Allocation Failure)  927530K->610284K(1035264K), 0.0048921 secs]
115.001: Total time for which application threads were stopped: 0.0050570 seconds, Stopping threads took: 0.0000201 seconds
115.068: [GC (Allocation Failure)  932844K->610220K(1035264K), 0.0048046 secs]
115.073: Total time for which application threads were stopped: 0.0049794 seconds, Stopping threads took: 0.0000200 seconds
115.140: [GC (Allocation Failure)  932780K->613196K(1035264K), 0.0054163 secs]
115.146: Total time for which application threads were stopped: 0.0056036 seconds, Stopping threads took: 0.0000214 seconds
115.214: [GC (Allocation Failure)  935756K->618318K(1035264K), 0.0048745 secs]
115.219: Total time for which application threads were stopped: 0.0050352 seconds, Stopping threads took: 0.0000198 seconds
115.287: [GC (Allocation Failure)  940878K->618318K(1035264K), 0.0045823 secs]
115.292: Total time for which application threads were stopped: 0.0047738 seconds, Stopping threads took: 0.0000193 seconds
115.361: [GC (Allocation Failure)  940878K->621414K(1035264K), 0.0052569 secs]
115.366: Total time for which application threads were stopped: 0.0054224 seconds, Stopping threads took: 0.0000191 seconds
115.436: [GC (Allocation Failure)  943974K->626409K(1035264K), 0.0047714 secs]
115.441: Total time for which application threads were stopped: 0.0049431 seconds, Stopping threads took: 0.0000175 seconds
115.509: [GC (Allocation Failure)  948969K->626313K(1035264K), 0.0048891 secs]
115.514: Total time for which application threads were stopped: 0.0050589 seconds, Stopping threads took: 0.0000193 seconds
115.581: [GC (Allocation Failure)  948873K->629673K(1035264K), 0.0054060 secs]
115.586: Total time for which application threads were stopped: 0.0055759 seconds, Stopping threads took: 0.0000192 seconds
115.654: [GC (Allocation Failure)  952233K->634411K(1035264K), 0.0048060 secs]
115.659: Total time for which application threads were stopped: 0.0049703 seconds, Stopping threads took: 0.0000189 seconds
115.727: [GC (Allocation Failure)  956971K->634347K(1035264K), 0.0052425 secs]
115.732: Total time for which application threads were stopped: 0.0054204 seconds, Stopping threads took: 0.0000303 seconds
115.801: [GC (Allocation Failure)  956907K->637859K(1035264K), 0.0057682 secs]
115.807: Total time for which application threads were stopped: 0.0059634 seconds, Stopping threads took: 0.0000190 seconds
115.876: [GC (Allocation Failure)  960419K->642341K(1035776K), 0.0045313 secs]
115.880: Total time for which application threads were stopped: 0.0047049 seconds, Stopping threads took: 0.0000279 seconds
115.949: [GC (Allocation Failure)  965925K->642373K(1035776K), 0.0061896 secs]
115.956: Total time for which application threads were stopped: 0.0063581 seconds, Stopping threads took: 0.0000204 seconds
116.022: [GC (Allocation Failure)  965957K->636067K(1034752K), 0.0024351 secs]
116.024: Total time for which application threads were stopped: 0.0026132 seconds, Stopping threads took: 0.0000198 seconds
116.094: [GC (Allocation Failure)  958627K->642597K(1035264K), 0.0049683 secs]
116.099: Total time for which application threads were stopped: 0.0051481 seconds, Stopping threads took: 0.0000200 seconds
116.167: [GC (Allocation Failure)  965157K->642405K(1035264K), 0.0047545 secs]
116.171: Total time for which application threads were stopped: 0.0049494 seconds, Stopping threads took: 0.0000221 seconds
116.240: [GC (Allocation Failure)  964965K->640323K(1035264K), 0.0041797 secs]
116.244: Total time for which application threads were stopped: 0.0043429 seconds, Stopping threads took: 0.0000196 seconds
116.312: [GC (Allocation Failure)  962883K->642533K(1035776K), 0.0079638 secs]
116.320: Total time for which application threads were stopped: 0.0081353 seconds, Stopping threads took: 0.0000278 seconds
116.389: [GC (Allocation Failure)  966117K->642373K(1035776K), 0.0048224 secs]
116.394: Total time for which application threads were stopped: 0.0049832 seconds, Stopping threads took: 0.0000259 seconds
116.461: [GC (Allocation Failure)  965957K->646691K(1032704K), 0.0067066 secs]
116.468: Total time for which application threads were stopped: 0.0068710 seconds, Stopping threads took: 0.0000162 seconds
116.535: [GC (Allocation Failure)  967203K->642437K(1034240K), 0.0047635 secs]
116.540: Total time for which application threads were stopped: 0.0049427 seconds, Stopping threads took: 0.0000189 seconds
116.607: [GC (Allocation Failure)  962949K->642405K(1035264K), 0.0049389 secs]
116.612: Total time for which application threads were stopped: 0.0051127 seconds, Stopping threads took: 0.0000205 seconds
116.680: [GC (Allocation Failure)  964453K->646371K(1033728K), 0.0064828 secs]
116.686: Total time for which application threads were stopped: 0.0066810 seconds, Stopping threads took: 0.0000265 seconds
116.756: [GC (Allocation Failure)  968419K->642437K(1034752K), 0.0051054 secs]
116.761: Total time for which application threads were stopped: 0.0052764 seconds, Stopping threads took: 0.0000199 seconds
116.829: [GC (Allocation Failure)  962949K->642373K(1033728K), 0.0047894 secs]
116.834: Total time for which application threads were stopped: 0.0049560 seconds, Stopping threads took: 0.0000211 seconds
116.903: [GC (Allocation Failure)  962885K->646051K(1033216K), 0.0063462 secs]
116.909: Total time for which application threads were stopped: 0.0065037 seconds, Stopping threads took: 0.0000252 seconds
116.977: [GC (Allocation Failure)  966563K->642597K(1034240K), 0.0096395 secs]
116.987: Total time for which application threads were stopped: 0.0098027 seconds, Stopping threads took: 0.0000194 seconds
117.055: [GC (Allocation Failure)  963109K->642405K(1035264K), 0.0048727 secs]
117.060: Total time for which application threads were stopped: 0.0050417 seconds, Stopping threads took: 0.0000199 seconds
117.127: [GC (Allocation Failure)  964453K->645763K(1034752K), 0.0062498 secs]
117.133: Total time for which application threads were stopped: 0.0064206 seconds, Stopping threads took: 0.0000196 seconds
117.201: [GC (Allocation Failure)  967811K->642565K(1035264K), 0.0047123 secs]
117.206: Total time for which application threads were stopped: 0.0048905 seconds, Stopping threads took: 0.0000190 seconds
117.273: [GC (Allocation Failure)  964613K->642405K(1034752K), 0.0054192 secs]
117.279: Total time for which application threads were stopped: 0.0055902 seconds, Stopping threads took: 0.0000208 seconds
117.347: [GC (Allocation Failure)  964453K->648467K(1032192K), 0.0076879 secs]
117.355: Total time for which application threads were stopped: 0.0078647 seconds, Stopping threads took: 0.0000256 seconds
117.422: [GC (Allocation Failure)  967955K->643349K(1033728K), 0.0051143 secs]
117.427: Total time for which application threads were stopped: 0.0052968 seconds, Stopping threads took: 0.0000190 seconds
117.492: [GC (Allocation Failure)  962837K->643221K(1034752K), 0.0049358 secs]
117.497: Total time for which application threads were stopped: 0.0051165 seconds, Stopping threads took: 0.0000194 seconds
117.565: [GC (Allocation Failure)  964245K->645907K(1034240K), 0.0062063 secs]
117.572: Total time for which application threads were stopped: 0.0063556 seconds, Stopping threads took: 0.0000164 seconds
117.639: [GC (Allocation Failure)  966931K->643253K(1034752K), 0.0048336 secs]
117.644: Total time for which application threads were stopped: 0.0050042 seconds, Stopping threads took: 0.0000197 seconds
117.711: [GC (Allocation Failure)  964277K->643221K(1034240K), 0.0049446 secs]
117.716: Total time for which application threads were stopped: 0.0051342 seconds, Stopping threads took: 0.0000196 seconds
117.783: [GC (Allocation Failure)  964245K->645651K(1034752K), 0.0059846 secs]
117.789: Total time for which application threads were stopped: 0.0061569 seconds, Stopping threads took: 0.0000196 seconds
117.857: [GC (Allocation Failure)  967187K->643477K(1034752K), 0.0052022 secs]
117.862: Total time for which application threads were stopped: 0.0053735 seconds, Stopping threads took: 0.0000207 seconds
117.930: [GC (Allocation Failure)  965013K->643253K(1035264K), 0.0047771 secs]
117.934: Total time for which application threads were stopped: 0.0049457 seconds, Stopping threads took: 0.0000202 seconds
118.002: [GC (Allocation Failure)  965813K->647891K(1034752K), 0.0067321 secs]
118.009: Total time for which application threads were stopped: 0.0069132 seconds, Stopping threads took: 0.0000195 seconds
118.075: [GC (Allocation Failure)  970451K->643413K(1034752K), 0.0063890 secs]
118.082: Total time for which application threads were stopped: 0.0065839 seconds, Stopping threads took: 0.0000202 seconds
118.151: [GC (Allocation Failure)  964949K->643221K(1034752K), 0.0065389 secs]
118.157: Total time for which application threads were stopped: 0.0067045 seconds, Stopping threads took: 0.0000259 seconds
118.222: [GC (Allocation Failure)  964757K->650091K(1031680K), 0.0081056 secs]
118.231: Total time for which application threads were stopped: 0.0082773 seconds, Stopping threads took: 0.0000197 seconds
118.297: [GC (Allocation Failure)  968555K->644461K(1033216K), 0.0049258 secs]
118.302: Total time for which application threads were stopped: 0.0051018 seconds, Stopping threads took: 0.0000202 seconds
118.372: [GC (Allocation Failure)  962925K->644333K(1033728K), 0.0047571 secs]
118.377: Total time for which application threads were stopped: 0.0049159 seconds, Stopping threads took: 0.0000254 seconds
118.444: [GC (Allocation Failure)  963821K->644267K(1033728K), 0.0048074 secs]
118.449: Total time for which application threads were stopped: 0.0049772 seconds, Stopping threads took: 0.0000195 seconds
118.516: [GC (Allocation Failure)  963755K->644429K(1034240K), 0.0047853 secs]
118.521: Total time for which application threads were stopped: 0.0049781 seconds, Stopping threads took: 0.0000200 seconds
118.590: [GC (Allocation Failure)  964941K->644333K(1034240K), 0.0049103 secs]
118.595: Total time for which application threads were stopped: 0.0050851 seconds, Stopping threads took: 0.0000281 seconds
118.661: [GC (Allocation Failure)  964845K->641419K(1033728K), 0.0038007 secs]
118.665: Total time for which application threads were stopped: 0.0039661 seconds, Stopping threads took: 0.0000181 seconds
118.733: [GC (Allocation Failure)  961931K->644365K(1034240K), 0.0048897 secs]
118.738: Total time for which application threads were stopped: 0.0050662 seconds, Stopping threads took: 0.0000192 seconds
118.805: [GC (Allocation Failure)  964877K->644365K(1035264K), 0.0046164 secs]
118.810: Total time for which application threads were stopped: 0.0047735 seconds, Stopping threads took: 0.0000193 seconds
118.877: [GC (Allocation Failure)  966413K->641099K(1034752K), 0.0035491 secs]
118.881: Total time for which application threads were stopped: 0.0037432 seconds, Stopping threads took: 0.0000196 seconds
118.950: [GC (Allocation Failure)  963147K->644589K(1035776K), 0.0047403 secs]
118.955: Total time for which application threads were stopped: 0.0049208 seconds, Stopping threads took: 0.0000201 seconds
119.023: [GC (Allocation Failure)  967661K->644333K(1035264K), 0.0046890 secs]
119.028: Total time for which application threads were stopped: 0.0048504 seconds, Stopping threads took: 0.0000204 seconds
119.095: [GC (Allocation Failure)  967405K->645899K(1035776K), 0.0057221 secs]
119.101: Total time for which application threads were stopped: 0.0058830 seconds, Stopping threads took: 0.0000189 seconds
119.169: [GC (Allocation Failure)  969483K->644525K(1035776K), 0.0047083 secs]
119.174: Total time for which application threads were stopped: 0.0048840 seconds, Stopping threads took: 0.0000188 seconds
119.242: [GC (Allocation Failure)  968109K->644301K(1036800K), 0.0047915 secs]
119.247: Total time for which application threads were stopped: 0.0049612 seconds, Stopping threads took: 0.0000204 seconds
119.316: [GC (Allocation Failure)  969421K->638379K(1027072K), 0.0045351 secs]
119.320: Total time for which application threads were stopped: 0.0046950 seconds, Stopping threads took: 0.0000166 seconds
119.390: [GC (Allocation Failure)  963499K->644493K(1036288K), 0.0048822 secs]
119.395: Total time for which application threads were stopped: 0.0050473 seconds, Stopping threads took: 0.0000262 seconds
119.463: [GC (Allocation Failure)  968589K->648485K(1035776K), 0.0053104 secs]
119.469: Total time for which application threads were stopped: 0.0054869 seconds, Stopping threads took: 0.0000198 seconds
119.538: [GC (Allocation Failure)  972581K->648517K(1036800K), 0.0048246 secs]
119.543: Total time for which application threads were stopped: 0.0050154 seconds, Stopping threads took: 0.0000196 seconds
119.608: [GC (Allocation Failure)  973637K->648613K(1025024K), 0.0049828 secs]
119.613: Total time for which application threads were stopped: 0.0051454 seconds, Stopping threads took: 0.0000195 seconds
119.681: [GC (Allocation Failure)  973733K->656551K(1035776K), 0.0050425 secs]
119.686: Total time for which application threads were stopped: 0.0052041 seconds, Stopping threads took: 0.0000196 seconds
119.754: [GC (Allocation Failure)  980135K->656551K(1035776K), 0.0049420 secs]
119.759: Total time for which application threads were stopped: 0.0051114 seconds, Stopping threads took: 0.0000200 seconds
119.826: [GC (Allocation Failure)  980135K->656583K(1034752K), 0.0047285 secs]
119.831: Total time for which application threads were stopped: 0.0048929 seconds, Stopping threads took: 0.0000202 seconds
119.899: [GC (Allocation Failure)  979143K->664554K(1035264K), 0.0046459 secs]
119.903: Total time for which application threads were stopped: 0.0048162 seconds, Stopping threads took: 0.0000257 seconds
119.970: [GC (Allocation Failure)  987114K->664586K(1035264K), 0.0067629 secs]
119.977: Total time for which application threads were stopped: 0.0069363 seconds, Stopping threads took: 0.0000207 seconds
120.045: [GC (Allocation Failure)  987146K->664842K(1022464K), 0.0067736 secs]
120.052: Total time for which application threads were stopped: 0.0069386 seconds, Stopping threads took: 0.0000203 seconds
120.120: [GC (Allocation Failure)  987402K->672620K(1034752K), 0.0049210 secs]
120.125: Total time for which application threads were stopped: 0.0050851 seconds, Stopping threads took: 0.0000205 seconds
120.191: [GC (Allocation Failure)  994156K->672588K(1034752K), 0.0050399 secs]
120.196: Total time for which application threads were stopped: 0.0052041 seconds, Stopping threads took: 0.0000204 seconds
120.262: [GC (Allocation Failure)  994124K->672620K(1034240K), 0.0063148 secs]
120.269: Total time for which application threads were stopped: 0.0064942 seconds, Stopping threads took: 0.0000198 seconds
120.338: [GC (Allocation Failure)  994156K->680622K(1034752K), 0.0049528 secs]
120.343: Total time for which application threads were stopped: 0.0051099 seconds, Stopping threads took: 0.0000165 seconds
120.410: [GC (Allocation Failure)  1002158K->680622K(1034752K), 0.0048832 secs]
120.415: Total time for which application threads were stopped: 0.0050494 seconds, Stopping threads took: 0.0000262 seconds
120.483: [GC (Allocation Failure)  1002158K->680774K(1021440K), 0.0050733 secs]
120.488: Total time for which application threads were stopped: 0.0052481 seconds, Stopping threads took: 0.0000252 seconds
120.555: [GC (Allocation Failure)  1002310K->688648K(1034240K), 0.0048375 secs]
120.560: Total time for which application threads were stopped: 0.0050095 seconds, Stopping threads took: 0.0000204 seconds
120.626: [GC (Allocation Failure)  1009160K->688648K(1034240K), 0.0047750 secs]
120.631: Total time for which application threads were stopped: 0.0049573 seconds, Stopping threads took: 0.0000205 seconds
120.697: [GC (Allocation Failure)  1009160K->688968K(1034240K), 0.0050460 secs]
120.702: [Full GC (Ergonomics)  688968K->8811K(1034240K), 0.0125972 secs]
120.715: Total time for which application threads were stopped: 0.0179304 seconds, Stopping threads took: 0.0000206 seconds
120.783: [GC (Allocation Failure)  329323K->17613K(1029120K), 0.0038083 secs]
120.787: Total time for which application threads were stopped: 0.0039786 seconds, Stopping threads took: 0.0000198 seconds
120.854: [GC (Allocation Failure)  338125K->17653K(1033728K), 0.0039080 secs]
120.858: Total time for which application threads were stopped: 0.0040981 seconds, Stopping threads took: 0.0000199 seconds
120.926: [GC (Allocation Failure)  337141K->18157K(1033728K), 0.0036444 secs]
120.929: Total time for which application threads were stopped: 0.0038032 seconds, Stopping threads took: 0.0000198 seconds
120.996: [GC (Allocation Failure)  337645K->25615K(1033728K), 0.0039891 secs]
121.001: Total time for which application threads were stopped: 0.0041582 seconds, Stopping threads took: 0.0000194 seconds
121.067: [GC (Allocation Failure)  345103K->25679K(1033728K), 0.0037072 secs]
121.071: Total time for which application threads were stopped: 0.0038775 seconds, Stopping threads took: 0.0000197 seconds
121.138: [GC (Allocation Failure)  345167K->25895K(1033728K), 0.0037347 secs]
121.142: Total time for which application threads were stopped: 0.0038947 seconds, Stopping threads took: 0.0000203 seconds
121.209: [GC (Allocation Failure)  345383K->33673K(1033728K), 0.0037933 secs]
121.213: Total time for which application threads were stopped: 0.0039779 seconds, Stopping threads took: 0.0000198 seconds
121.279: [GC (Allocation Failure)  353161K->33673K(1033728K), 0.0036966 secs]
121.283: Total time for which application threads were stopped: 0.0038597 seconds, Stopping threads took: 0.0000205 seconds
121.350: [GC (Allocation Failure)  353161K->33737K(1019392K), 0.0038633 secs]
121.354: Total time for which application threads were stopped: 0.0040317 seconds, Stopping threads took: 0.0000193 seconds
121.422: [GC (Allocation Failure)  353225K->41708K(1033216K), 0.0035518 secs]
121.425: Total time for which application threads were stopped: 0.0037174 seconds, Stopping threads took: 0.0000258 seconds
121.492: [GC (Allocation Failure)  360172K->41708K(1033216K), 0.0037543 secs]
121.496: Total time for which application threads were stopped: 0.0039341 seconds, Stopping threads took: 0.0000212 seconds
121.561: [GC (Allocation Failure)  360172K->41836K(1033216K), 0.0036861 secs]
121.564: Total time for which application threads were stopped: 0.0038554 seconds, Stopping threads took: 0.0000196 seconds
121.630: [GC (Allocation Failure)  360300K->49742K(1033216K), 0.0038828 secs]
121.634: Total time for which application threads were stopped: 0.0040562 seconds, Stopping threads took: 0.0000206 seconds
121.698: [GC (Allocation Failure)  368206K->45868K(1034240K), 0.0024629 secs]
121.701: Total time for which application threads were stopped: 0.0026366 seconds, Stopping threads took: 0.0000201 seconds
121.768: [GC (Allocation Failure)  365356K->49870K(1033216K), 0.0037793 secs]
121.772: Total time for which application threads were stopped: 0.0039402 seconds, Stopping threads took: 0.0000194 seconds
121.839: [GC (Allocation Failure)  369358K->53838K(1033728K), 0.0037735 secs]
121.843: Total time for which application threads were stopped: 0.0039663 seconds, Stopping threads took: 0.0000194 seconds
121.910: [GC (Allocation Failure)  374350K->46092K(1034240K), 0.0006152 secs]
121.911: Total time for which application threads were stopped: 0.0007348 seconds, Stopping threads took: 0.0000192 seconds
121.980: [GC (Allocation Failure)  366604K->53942K(1034240K), 0.0037321 secs]
121.984: Total time for which application threads were stopped: 0.0038822 seconds, Stopping threads took: 0.0000167 seconds
122.051: [GC (Allocation Failure)  374454K->58030K(1034240K), 0.0051195 secs]
122.057: Total time for which application threads were stopped: 0.0052769 seconds, Stopping threads took: 0.0000198 seconds
122.125: [GC (Allocation Failure)  378542K->64732K(1029120K), 0.0065174 secs]
122.131: Total time for which application threads were stopped: 0.0066774 seconds, Stopping threads took: 0.0000184 seconds
122.197: [GC (Allocation Failure)  380124K->58718K(1031680K), 0.0038669 secs]
122.201: Total time for which application threads were stopped: 0.0040282 seconds, Stopping threads took: 0.0000194 seconds
122.267: [GC (Allocation Failure)  374110K->58462K(1032192K), 0.0037642 secs]
122.271: Total time for which application threads were stopped: 0.0040508 seconds, Stopping threads took: 0.0001377 seconds
122.339: [GC (Allocation Failure)  374366K->60662K(1031680K), 0.0038476 secs]
122.343: Total time for which application threads were stopped: 0.0040137 seconds, Stopping threads took: 0.0000164 seconds
122.411: [GC (Allocation Failure)  376566K->66552K(1032704K), 0.0036033 secs]
122.415: Total time for which application threads were stopped: 0.0037536 seconds, Stopping threads took: 0.0000253 seconds
122.482: [GC (Allocation Failure)  383992K->66520K(1032704K), 0.0038463 secs]
122.486: Total time for which application threads were stopped: 0.0040088 seconds, Stopping threads took: 0.0000248 seconds
122.552: [GC (Allocation Failure)  383960K->68376K(1033216K), 0.0038743 secs]
122.556: Total time for which application threads were stopped: 0.0040537 seconds, Stopping threads took: 0.0000218 seconds
122.625: [GC (Allocation Failure)  386840K->74618K(1033216K), 0.0037186 secs]
122.628: Total time for which application threads were stopped: 0.0039120 seconds, Stopping threads took: 0.0000201 seconds
122.697: [GC (Allocation Failure)  393082K->74490K(1033728K), 0.0037945 secs]
122.701: Total time for which application threads were stopped: 0.0039618 seconds, Stopping threads took: 0.0000191 seconds
122.769: [GC (Allocation Failure)  393466K->77106K(1033216K), 0.0053469 secs]
122.774: Total time for which application threads were stopped: 0.0055065 seconds, Stopping threads took: 0.0000190 seconds
122.842: [GC (Allocation Failure)  396082K->82613K(1033728K), 0.0038147 secs]
122.846: Total time for which application threads were stopped: 0.0040117 seconds, Stopping threads took: 0.0000202 seconds
122.916: [GC (Allocation Failure)  402101K->82549K(1033728K), 0.0039343 secs]
122.920: Total time for which application threads were stopped: 0.0041021 seconds, Stopping threads took: 0.0000190 seconds
122.987: [GC (Allocation Failure)  402037K->83789K(1033216K), 0.0039288 secs]
122.991: Total time for which application threads were stopped: 0.0040973 seconds, Stopping threads took: 0.0000199 seconds
123.058: [GC (Allocation Failure)  403277K->90607K(1033728K), 0.0039336 secs]
123.063: Total time for which application threads were stopped: 0.0041063 seconds, Stopping threads took: 0.0000195 seconds
123.129: [GC (Allocation Failure)  410095K->90607K(1034240K), 0.0040362 secs]
123.133: Total time for which application threads were stopped: 0.0042016 seconds, Stopping threads took: 0.0000200 seconds
123.201: [GC (Allocation Failure)  411119K->92039K(1034240K), 0.0040143 secs]
123.205: Total time for which application threads were stopped: 0.0042114 seconds, Stopping threads took: 0.0000196 seconds
123.272: [GC (Allocation Failure)  412551K->98633K(1034240K), 0.0038462 secs]
123.276: Total time for which application threads were stopped: 0.0040143 seconds, Stopping threads took: 0.0000194 seconds
123.344: [GC (Allocation Failure)  419145K->98633K(1034240K), 0.0036099 secs]
123.348: Total time for which application threads were stopped: 0.0037670 seconds, Stopping threads took: 0.0000169 seconds
123.415: [GC (Allocation Failure)  419145K->98729K(1033216K), 0.0039441 secs]
123.419: Total time for which application threads were stopped: 0.0041252 seconds, Stopping threads took: 0.0000284 seconds
123.488: [GC (Allocation Failure)  418217K->106635K(1033728K), 0.0039418 secs]
123.492: Total time for which application threads were stopped: 0.0041129 seconds, Stopping threads took: 0.0000202 seconds
123.559: [GC (Allocation Failure)  426123K->106667K(1033728K), 0.0039392 secs]
123.563: Total time for which application threads were stopped: 0.0041117 seconds, Stopping threads took: 0.0000201 seconds
123.630: [GC (Allocation Failure)  426155K->107467K(1033728K), 0.0037729 secs]
123.634: Total time for which application threads were stopped: 0.0040804 seconds, Stopping threads took: 0.0000214 seconds
123.702: [GC (Allocation Failure)  426955K->114702K(1033728K), 0.0037315 secs]
123.706: Total time for which application threads were stopped: 0.0039098 seconds, Stopping threads took: 0.0000188 seconds
123.772: [GC (Allocation Failure)  434190K->114670K(1033728K), 0.0039112 secs]
123.776: Total time for which application threads were stopped: 0.0041024 seconds, Stopping threads took: 0.0000198 seconds
123.844: [GC (Allocation Failure)  434158K->116782K(1034240K), 0.0040980 secs]
123.848: Total time for which application threads were stopped: 0.0042661 seconds, Stopping threads took: 0.0000258 seconds
123.916: [GC (Allocation Failure)  436782K->122736K(1033728K), 0.0039142 secs]
123.920: Total time for which application threads were stopped: 0.0040810 seconds, Stopping threads took: 0.0000254 seconds
123.986: [GC (Allocation Failure)  442736K->122704K(1034240K), 0.0045912 secs]
123.991: Total time for which application threads were stopped: 0.0047490 seconds, Stopping threads took: 0.0000197 seconds
124.058: [GC (Allocation Failure)  443216K->122928K(1020416K), 0.0045909 secs]
124.063: Total time for which application threads were stopped: 0.0047595 seconds, Stopping threads took: 0.0000196 seconds
124.130: [GC (Allocation Failure)  443440K->130834K(1033728K), 0.0038938 secs]
124.134: Total time for which application threads were stopped: 0.0040549 seconds, Stopping threads took: 0.0000196 seconds
124.201: [GC (Allocation Failure)  450322K->130706K(1033728K), 0.0037999 secs]
124.205: Total time for which application threads were stopped: 0.0039896 seconds, Stopping threads took: 0.0000195 seconds
124.272: [GC (Allocation Failure)  450194K->131146K(1033728K), 0.0039425 secs]
124.276: Total time for which application threads were stopped: 0.0041199 seconds, Stopping threads took: 0.0000168 seconds
124.346: [GC (Allocation Failure)  450634K->138829K(1033728K), 0.0041003 secs]
124.350: Total time for which application threads were stopped: 0.0042880 seconds, Stopping threads took: 0.0000166 seconds
124.419: [GC (Allocation Failure)  458317K->138765K(1033728K), 0.0040228 secs]
124.423: Total time for which application threads were stopped: 0.0042212 seconds, Stopping threads took: 0.0000467 seconds
124.487: [GC (Allocation Failure)  458253K->139365K(1033728K), 0.0040432 secs]
124.491: Total time for which application threads were stopped: 0.0042229 seconds, Stopping threads took: 0.0000200 seconds
124.558: [GC (Allocation Failure)  458853K->146887K(1033728K), 0.0041540 secs]
124.563: Total time for which application threads were stopped: 0.0043271 seconds, Stopping threads took: 0.0000206 seconds
124.628: [GC (Allocation Failure)  466375K->146791K(1033728K), 0.0040378 secs]
124.632: Total time for which application threads were stopped: 0.0042184 seconds, Stopping threads took: 0.0000213 seconds
124.698: [GC (Allocation Failure)  466279K->148647K(1033728K), 0.0042323 secs]
124.703: Total time for which application threads were stopped: 0.0044157 seconds, Stopping threads took: 0.0000167 seconds
124.771: [GC (Allocation Failure)  468135K->154793K(1033728K), 0.0039143 secs]
124.775: Total time for which application threads were stopped: 0.0040852 seconds, Stopping threads took: 0.0000191 seconds
124.845: [GC (Allocation Failure)  474281K->154857K(1033728K), 0.0038898 secs]
124.849: Total time for which application threads were stopped: 0.0040616 seconds, Stopping threads took: 0.0000198 seconds
124.916: [GC (Allocation Failure)  474345K->155849K(1033728K), 0.0039827 secs]
124.920: Total time for which application threads were stopped: 0.0041426 seconds, Stopping threads took: 0.0000196 seconds
124.988: [GC (Allocation Failure)  475337K->162859K(1033728K), 0.0039269 secs]
124.992: Total time for which application threads were stopped: 0.0040950 seconds, Stopping threads took: 0.0000206 seconds
125.060: [GC (Allocation Failure)  482347K->162859K(1033728K), 0.0040265 secs]
125.064: Total time for which application threads were stopped: 0.0041901 seconds, Stopping threads took: 0.0000195 seconds
125.129: [GC (Allocation Failure)  482347K->163051K(1033728K), 0.0040365 secs]
125.133: Total time for which application threads were stopped: 0.0042093 seconds, Stopping threads took: 0.0000196 seconds
125.199: [GC (Allocation Failure)  482539K->170926K(1033728K), 0.0039173 secs]
125.203: Total time for which application threads were stopped: 0.0040882 seconds, Stopping threads took: 0.0000210 seconds
125.271: [GC (Allocation Failure)  490414K->170894K(1033728K), 0.0040593 secs]
125.275: Total time for which application threads were stopped: 0.0042307 seconds, Stopping threads took: 0.0000196 seconds
125.342: [GC (Allocation Failure)  490382K->171270K(1033728K), 0.0040343 secs]
125.346: Total time for which application threads were stopped: 0.0041910 seconds, Stopping threads took: 0.0000160 seconds
125.413: [GC (Allocation Failure)  490758K->178920K(1033728K), 0.0039351 secs]
125.417: Total time for which application threads were stopped: 0.0041035 seconds, Stopping threads took: 0.0000198 seconds
125.485: [GC (Allocation Failure)  498408K->178920K(1033728K), 0.0040255 secs]
125.489: Total time for which application threads were stopped: 0.0041842 seconds, Stopping threads took: 0.0000192 seconds
125.553: [GC (Allocation Failure)  498408K->179528K(1033728K), 0.0041135 secs]
125.558: Total time for which application threads were stopped: 0.0043074 seconds, Stopping threads took: 0.0000187 seconds
125.627: [GC (Allocation Failure)  499016K->187018K(1027072K), 0.0040281 secs]
125.631: Total time for which application threads were stopped: 0.0041875 seconds, Stopping threads took: 0.0000168 seconds
125.698: [GC (Allocation Failure)  506506K->186954K(1033728K), 0.0042738 secs]
125.703: Total time for which application threads were stopped: 0.0044426 seconds, Stopping threads took: 0.0000188 seconds
125.769: [GC (Allocation Failure)  505930K->187242K(1033216K), 0.0039988 secs]
125.773: Total time for which application threads were stopped: 0.0041969 seconds, Stopping threads took: 0.0000195 seconds
125.841: [GC (Allocation Failure)  506218K->195020K(1033216K), 0.0040752 secs]
125.845: Total time for which application threads were stopped: 0.0042554 seconds, Stopping threads took: 0.0000171 seconds
125.913: [GC (Allocation Failure)  513484K->194988K(1033216K), 0.0041952 secs]
125.917: Total time for which application threads were stopped: 0.0043821 seconds, Stopping threads took: 0.0000261 seconds
125.984: [GC (Allocation Failure)  513452K->196004K(1033728K), 0.0041311 secs]
125.988: Total time for which application threads were stopped: 0.0042889 seconds, Stopping threads took: 0.0000171 seconds
126.055: [GC (Allocation Failure)  514980K->202983K(1033216K), 0.0041098 secs]
126.060: Total time for which application threads were stopped: 0.0042844 seconds, Stopping threads took: 0.0000202 seconds
126.128: [GC (Allocation Failure)  521959K->203015K(1033216K), 0.0040340 secs]
126.132: Total time for which application threads were stopped: 0.0042130 seconds, Stopping threads took: 0.0000193 seconds
126.196: [GC (Allocation Failure)  521479K->203175K(1033216K), 0.0040799 secs]
126.200: Total time for which application threads were stopped: 0.0043985 seconds, Stopping threads took: 0.0000198 seconds
126.267: [GC (Allocation Failure)  521639K->211049K(1033216K), 0.0042141 secs]
126.271: Total time for which application threads were stopped: 0.0043968 seconds, Stopping threads took: 0.0000205 seconds
126.339: [GC (Allocation Failure)  529513K->211049K(1033216K), 0.0039716 secs]
126.343: Total time for which application threads were stopped: 0.0041543 seconds, Stopping threads took: 0.0000145 seconds
126.408: [GC (Allocation Failure)  529513K->211401K(1033216K), 0.0039706 secs]
126.412: Total time for which application threads were stopped: 0.0041473 seconds, Stopping threads took: 0.0000258 seconds
126.480: [GC (Allocation Failure)  529865K->219083K(1033216K), 0.0039938 secs]
126.484: Total time for which application threads were stopped: 0.0041746 seconds, Stopping threads took: 0.0000206 seconds
126.551: [GC (Allocation Failure)  537547K->219083K(1033216K), 0.0042906 secs]
126.555: Total time for which application threads were stopped: 0.0044718 seconds, Stopping threads took: 0.0000204 seconds
126.621: [GC (Allocation Failure)  537547K->219147K(1033216K), 0.0041042 secs]
126.626: Total time for which application threads were stopped: 0.0042853 seconds, Stopping threads took: 0.0000216 seconds
126.693: [GC (Allocation Failure)  537611K->227181K(1033216K), 0.0042682 secs]
126.698: Total time for which application threads were stopped: 0.0044281 seconds, Stopping threads took: 0.0000167 seconds
126.765: [GC (Allocation Failure)  545645K->227149K(1033216K), 0.0042223 secs]
126.769: Total time for which application threads were stopped: 0.0043969 seconds, Stopping threads took: 0.0000201 seconds
126.835: [GC (Allocation Failure)  545613K->227373K(1033216K), 0.0041556 secs]
126.839: Total time for which application threads were stopped: 0.0043140 seconds, Stopping threads took: 0.0000196 seconds
126.906: [GC (Allocation Failure)  545837K->235152K(1033216K), 0.0039612 secs]
126.910: Total time for which application threads were stopped: 0.0041262 seconds, Stopping threads took: 0.0000257 seconds
126.976: [GC (Allocation Failure)  553616K->235120K(1033216K), 0.0040693 secs]
126.980: Total time for which application threads were stopped: 0.0042379 seconds, Stopping threads took: 0.0000196 seconds
127.046: [GC (Allocation Failure)  553584K->235368K(1033216K), 0.0042657 secs]
127.050: Total time for which application threads were stopped: 0.0044315 seconds, Stopping threads took: 0.0000187 seconds
127.117: [GC (Allocation Failure)  553832K->243210K(1033216K), 0.0041417 secs]
127.121: Total time for which application threads were stopped: 0.0043157 seconds, Stopping threads took: 0.0000206 seconds
127.185: [GC (Allocation Failure)  561674K->239304K(1033216K), 0.0029656 secs]
127.188: Total time for which application threads were stopped: 0.0031293 seconds, Stopping threads took: 0.0000194 seconds
127.257: [GC (Allocation Failure)  557768K->243338K(1034752K), 0.0042601 secs]
127.261: Total time for which application threads were stopped: 0.0044330 seconds, Stopping threads took: 0.0000187 seconds
127.329: [GC (Allocation Failure)  563850K->247306K(1033728K), 0.0057946 secs]
127.335: Total time for which application threads were stopped: 0.0059854 seconds, Stopping threads took: 0.0000179 seconds
127.402: [GC (Allocation Failure)  567818K->239464K(1034240K), 0.0009925 secs]
127.403: Total time for which application threads were stopped: 0.0011213 seconds, Stopping threads took: 0.0000172 seconds
127.471: [GC (Allocation Failure)  559976K->247402K(1034240K), 0.0042283 secs]
127.475: Total time for which application threads were stopped: 0.0044095 seconds, Stopping threads took: 0.0000254 seconds
127.542: [GC (Allocation Failure)  567914K->251418K(1033216K), 0.0054819 secs]
127.547: Total time for which application threads were stopped: 0.0056627 seconds, Stopping threads took: 0.0000198 seconds
127.613: [GC (Allocation Failure)  570906K->257144K(1032704K), 0.0064400 secs]
127.620: Total time for which application threads were stopped: 0.0066039 seconds, Stopping threads took: 0.0000194 seconds
127.687: [GC (Allocation Failure)  576632K->251706K(1031680K), 0.0042832 secs]
127.691: Total time for which application threads were stopped: 0.0044524 seconds, Stopping threads took: 0.0000198 seconds
127.757: [GC (Allocation Failure)  568122K->251450K(1032192K), 0.0041975 secs]
127.761: Total time for which application threads were stopped: 0.0043711 seconds, Stopping threads took: 0.0000206 seconds
127.827: [GC (Allocation Failure)  567866K->246104K(1032704K), 0.0019520 secs]
127.829: Total time for which application threads were stopped: 0.0021033 seconds, Stopping threads took: 0.0000199 seconds
127.896: [GC (Allocation Failure)  563544K->251610K(1032704K), 0.0041195 secs]
127.900: Total time for which application threads were stopped: 0.0042950 seconds, Stopping threads took: 0.0000283 seconds
127.969: [GC (Allocation Failure)  569050K->251450K(1033216K), 0.0042805 secs]
127.974: Total time for which application threads were stopped: 0.0044406 seconds, Stopping threads took: 0.0000168 seconds
128.042: [GC (Allocation Failure)  569914K->252282K(1033216K), 0.0041889 secs]
128.046: Total time for which application threads were stopped: 0.0043452 seconds, Stopping threads took: 0.0000163 seconds
128.113: [GC (Allocation Failure)  570746K->259612K(1033216K), 0.0041267 secs]
128.117: Total time for which application threads were stopped: 0.0043102 seconds, Stopping threads took: 0.0000208 seconds
128.188: [GC (Allocation Failure)  578076K->259484K(1033216K), 0.0039836 secs]
128.192: Total time for which application threads were stopped: 0.0041475 seconds, Stopping threads took: 0.0000198 seconds
128.257: [GC (Allocation Failure)  577948K->260500K(1032704K), 0.0042052 secs]
128.261: Total time for which application threads were stopped: 0.0043724 seconds, Stopping threads took: 0.0000204 seconds
128.329: [GC (Allocation Failure)  578964K->267575K(1033216K), 0.0069048 secs]
128.336: Total time for which application threads were stopped: 0.0070672 seconds, Stopping threads took: 0.0000258 seconds
128.404: [GC (Allocation Failure)  586039K->267543K(1033728K), 0.0040781 secs]
128.408: Total time for which application threads were stopped: 0.0042336 seconds, Stopping threads took: 0.0000170 seconds
128.474: [GC (Allocation Failure)  587031K->269783K(1033728K), 0.0046017 secs]
128.479: Total time for which application threads were stopped: 0.0047728 seconds, Stopping threads took: 0.0000199 seconds
128.547: [GC (Allocation Failure)  589271K->275545K(1033728K), 0.0041944 secs]
128.551: Total time for which application threads were stopped: 0.0043660 seconds, Stopping threads took: 0.0000203 seconds
128.618: [GC (Allocation Failure)  595033K->275545K(1033728K), 0.0041626 secs]
128.622: Total time for which application threads were stopped: 0.0043353 seconds, Stopping threads took: 0.0000191 seconds
128.689: [GC (Allocation Failure)  595033K->276985K(1033728K), 0.0043236 secs]
128.694: Total time for which application threads were stopped: 0.0044742 seconds, Stopping threads took: 0.0000170 seconds
128.764: [GC (Allocation Failure)  596473K->283611K(1033728K), 0.0044631 secs]
128.768: Total time for which application threads were stopped: 0.0046455 seconds, Stopping threads took: 0.0000192 seconds
128.836: [GC (Allocation Failure)  603099K->283579K(1034240K), 0.0043982 secs]
128.841: Total time for which application threads were stopped: 0.0045650 seconds, Stopping threads took: 0.0000188 seconds
128.908: [GC (Allocation Failure)  603579K->284763K(1033728K), 0.0041406 secs]
128.912: Total time for which application threads were stopped: 0.0043190 seconds, Stopping threads took: 0.0000252 seconds
128.980: [GC (Allocation Failure)  604763K->291677K(1034240K), 0.0042307 secs]
128.984: Total time for which application threads were stopped: 0.0044248 seconds, Stopping threads took: 0.0000196 seconds
129.052: [GC (Allocation Failure)  612189K->291613K(1034240K), 0.0042565 secs]
129.056: Total time for which application threads were stopped: 0.0044267 seconds, Stopping threads took: 0.0000162 seconds
129.123: [GC (Allocation Failure)  612125K->292445K(1033216K), 0.0042006 secs]
129.128: Total time for which application threads were stopped: 0.0043611 seconds, Stopping threads took: 0.0000194 seconds
129.193: [GC (Allocation Failure)  611933K->299744K(1033728K), 0.0042277 secs]
129.197: Total time for which application threads were stopped: 0.0043785 seconds, Stopping threads took: 0.0000195 seconds
129.260: [GC (Allocation Failure)  619232K->299648K(1033728K), 0.0039425 secs]
129.264: Total time for which application threads were stopped: 0.0040864 seconds, Stopping threads took: 0.0000182 seconds
129.328: [GC (Allocation Failure)  619136K->301728K(1033728K), 0.0057369 secs]
129.334: Total time for which application threads were stopped: 0.0059026 seconds, Stopping threads took: 0.0000161 seconds
129.402: [GC (Allocation Failure)  621216K->307746K(1034240K), 0.0042399 secs]
129.407: Total time for which application threads were stopped: 0.0044190 seconds, Stopping threads took: 0.0000176 seconds
129.473: [GC (Allocation Failure)  628258K->307650K(1034240K), 0.0042312 secs]
129.477: Total time for which application threads were stopped: 0.0043964 seconds, Stopping threads took: 0.0000257 seconds
129.544: [GC (Allocation Failure)  628162K->307914K(1033216K), 0.0044568 secs]
129.549: Total time for which application threads were stopped: 0.0046282 seconds, Stopping threads took: 0.0000198 seconds
129.616: [GC (Allocation Failure)  627402K->315788K(1033728K), 0.0043013 secs]
129.621: Total time for which application threads were stopped: 0.0044712 seconds, Stopping threads took: 0.0000191 seconds
129.687: [GC (Allocation Failure)  635276K->315724K(1033728K), 0.0044224 secs]
129.692: Total time for which application threads were stopped: 0.0046026 seconds, Stopping threads took: 0.0000197 seconds
129.758: [GC (Allocation Failure)  635212K->316140K(1033728K), 0.0043138 secs]
129.762: Total time for which application threads were stopped: 0.0045136 seconds, Stopping threads took: 0.0000207 seconds
129.831: [GC (Allocation Failure)  635628K->323758K(1033728K), 0.0042619 secs]
129.836: Total time for which application threads were stopped: 0.0044345 seconds, Stopping threads took: 0.0000186 seconds
129.903: [GC (Allocation Failure)  643246K->323758K(1033728K), 0.0040753 secs]
129.907: Total time for which application threads were stopped: 0.0042658 seconds, Stopping threads took: 0.0000435 seconds
129.973: [GC (Allocation Failure)  643246K->325422K(1033728K), 0.0045107 secs]
129.977: Total time for which application threads were stopped: 0.0046885 seconds, Stopping threads took: 0.0000191 seconds
130.045: [GC (Allocation Failure)  644910K->331761K(1033728K), 0.0050002 secs]
130.050: Total time for which application threads were stopped: 0.0051634 seconds, Stopping threads took: 0.0000195 seconds
130.116: [GC (Allocation Failure)  651249K->331793K(1033728K), 0.0051614 secs]
130.121: Total time for which application threads were stopped: 0.0053315 seconds, Stopping threads took: 0.0000205 seconds
130.187: [GC (Allocation Failure)  651281K->332617K(1033728K), 0.0042076 secs]
130.192: Total time for which application threads were stopped: 0.0044015 seconds, Stopping threads took: 0.0000196 seconds
130.260: [GC (Allocation Failure)  652105K->339851K(1033728K), 0.0065076 secs]
130.267: Total time for which application threads were stopped: 0.0066710 seconds, Stopping threads took: 0.0000195 seconds
130.335: [GC (Allocation Failure)  659339K->339787K(1033728K), 0.0064505 secs]
130.342: Total time for which application threads were stopped: 0.0066299 seconds, Stopping threads took: 0.0000173 seconds
130.410: [GC (Allocation Failure)  659275K->339883K(1033728K), 0.0042335 secs]
130.414: Total time for which application threads were stopped: 0.0044021 seconds, Stopping threads took: 0.0000257 seconds
130.482: [GC (Allocation Failure)  659371K->347885K(1033728K), 0.0044725 secs]
130.486: Total time for which application threads were stopped: 0.0046407 seconds, Stopping threads took: 0.0000201 seconds
130.553: [GC (Allocation Failure)  667373K->347885K(1033728K), 0.0041974 secs]
130.558: Total time for which application threads were stopped: 0.0043553 seconds, Stopping threads took: 0.0000193 seconds
130.624: [GC (Allocation Failure)  667373K->348069K(1033728K), 0.0045696 secs]
130.628: Total time for which application threads were stopped: 0.0047505 seconds, Stopping threads took: 0.0000199 seconds
130.696: [GC (Allocation Failure)  667557K->355911K(1032704K), 0.0042042 secs]
130.700: Total time for which application threads were stopped: 0.0043751 seconds, Stopping threads took: 0.0000196 seconds
130.769: [GC (Allocation Failure)  674375K->355879K(1033216K), 0.0044545 secs]
130.774: Total time for which application threads were stopped: 0.0046257 seconds, Stopping threads took: 0.0000201 seconds
130.838: [GC (Allocation Failure)  674343K->356295K(1032704K), 0.0043370 secs]
130.842: Total time for which application threads were stopped: 0.0045012 seconds, Stopping threads took: 0.0000200 seconds
130.912: [GC (Allocation Failure)  674759K->363978K(1033216K), 0.0044928 secs]
130.917: Total time for which application threads were stopped: 0.0046631 seconds, Stopping threads took: 0.0000264 seconds
130.984: [GC (Allocation Failure)  682442K->363914K(1033216K), 0.0045698 secs]
130.989: Total time for which application threads were stopped: 0.0047428 seconds, Stopping threads took: 0.0000194 seconds
131.054: [GC (Allocation Failure)  682378K->364522K(1033216K), 0.0044372 secs]
131.058: Total time for which application threads were stopped: 0.0046030 seconds, Stopping threads took: 0.0000202 seconds
131.126: [GC (Allocation Failure)  682986K->371948K(1033216K), 0.0042976 secs]
131.130: Total time for which application threads were stopped: 0.0044731 seconds, Stopping threads took: 0.0000205 seconds
131.198: [GC (Allocation Failure)  690412K->371948K(1033216K), 0.0045665 secs]
131.202: Total time for which application threads were stopped: 0.0047432 seconds, Stopping threads took: 0.0000207 seconds
131.267: [GC (Allocation Failure)  690412K->372684K(1033216K), 0.0045879 secs]
131.272: Total time for which application threads were stopped: 0.0047694 seconds, Stopping threads took: 0.0000206 seconds
131.341: [GC (Allocation Failure)  691148K->380046K(1033216K), 0.0042280 secs]
131.345: Total time for which application threads were stopped: 0.0043700 seconds, Stopping threads took: 0.0000172 seconds
131.414: [GC (Allocation Failure)  698510K->379982K(1033216K), 0.0041977 secs]
131.418: Total time for which application threads were stopped: 0.0043661 seconds, Stopping threads took: 0.0000284 seconds
131.484: [GC (Allocation Failure)  698446K->380902K(1033216K), 0.0043951 secs]
131.489: Total time for which application threads were stopped: 0.0045545 seconds, Stopping threads took: 0.0000193 seconds
131.556: [GC (Allocation Failure)  699366K->388041K(1033216K), 0.0044818 secs]
131.560: Total time for which application threads were stopped: 0.0046504 seconds, Stopping threads took: 0.0000200 seconds
131.626: [GC (Allocation Failure)  706505K->388009K(1033216K), 0.0044081 secs]
131.631: Total time for which application threads were stopped: 0.0046029 seconds, Stopping threads took: 0.0000206 seconds
131.699: [GC (Allocation Failure)  706473K->388105K(1033216K), 0.0042717 secs]
131.704: Total time for which application threads were stopped: 0.0044232 seconds, Stopping threads took: 0.0000174 seconds
131.771: [GC (Allocation Failure)  706569K->396043K(1033216K), 0.0042521 secs]
131.776: Total time for which application threads were stopped: 0.0044317 seconds, Stopping threads took: 0.0000198 seconds
131.844: [GC (Allocation Failure)  714507K->396075K(1033216K), 0.0043891 secs]
131.849: Total time for which application threads were stopped: 0.0045781 seconds, Stopping threads took: 0.0000201 seconds
131.916: [GC (Allocation Failure)  714539K->396387K(1033216K), 0.0045235 secs]
131.921: Total time for which application threads were stopped: 0.0046963 seconds, Stopping threads took: 0.0000267 seconds
131.989: [GC (Allocation Failure)  714851K->404101K(1033216K), 0.0045492 secs]
131.994: Total time for which application threads were stopped: 0.0047229 seconds, Stopping threads took: 0.0000275 seconds
132.059: [GC (Allocation Failure)  722565K->404101K(1033216K), 0.0044297 secs]
132.064: Total time for which application threads were stopped: 0.0046191 seconds, Stopping threads took: 0.0000192 seconds
132.130: [GC (Allocation Failure)  722565K->404621K(1033216K), 0.0045028 secs]
132.135: Total time for which application threads were stopped: 0.0046730 seconds, Stopping threads took: 0.0000171 seconds
132.202: [GC (Allocation Failure)  723085K->412111K(1033216K), 0.0045198 secs]
132.207: Total time for which application threads were stopped: 0.0047037 seconds, Stopping threads took: 0.0000199 seconds
132.274: [GC (Allocation Failure)  730575K->412111K(1033216K), 0.0044713 secs]
132.279: Total time for which application threads were stopped: 0.0046341 seconds, Stopping threads took: 0.0000201 seconds
132.346: [GC (Allocation Failure)  730575K->412327K(1033216K), 0.0043470 secs]
132.350: Total time for which application threads were stopped: 0.0044954 seconds, Stopping threads took: 0.0000175 seconds
132.418: [GC (Allocation Failure)  730791K->420138K(1033216K), 0.0045382 secs]
132.422: Total time for which application threads were stopped: 0.0047098 seconds, Stopping threads took: 0.0000270 seconds
132.489: [GC (Allocation Failure)  738602K->420138K(1033216K), 0.0043362 secs]
132.494: Total time for which application threads were stopped: 0.0045177 seconds, Stopping threads took: 0.0000244 seconds
132.560: [GC (Allocation Failure)  738602K->420298K(1033216K), 0.0045589 secs]
132.565: Total time for which application threads were stopped: 0.0047279 seconds, Stopping threads took: 0.0000193 seconds
132.631: [GC (Allocation Failure)  738762K->428172K(1033216K), 0.0044631 secs]
132.636: Total time for which application threads were stopped: 0.0046268 seconds, Stopping threads took: 0.0000200 seconds
132.701: [GC (Allocation Failure)  746636K->421674K(1033216K), 0.0018869 secs]
132.703: Total time for which application threads were stopped: 0.0020270 seconds, Stopping threads took: 0.0000204 seconds
132.771: [GC (Allocation Failure)  740138K->428244K(1033216K), 0.0044076 secs]
132.775: Total time for which application threads were stopped: 0.0046008 seconds, Stopping threads took: 0.0000196 seconds
132.844: [GC (Allocation Failure)  746708K->432348K(1033728K), 0.0051069 secs]
132.850: Total time for which application threads were stopped: 0.0052638 seconds, Stopping threads took: 0.0000166 seconds
132.917: [GC (Allocation Failure)  751836K->435258K(1030144K), 0.0055051 secs]
132.923: Total time for which application threads were stopped: 0.0056954 seconds, Stopping threads took: 0.0000191 seconds
132.990: [GC (Allocation Failure)  754746K->432572K(1032704K), 0.0046777 secs]
132.995: Total time for which application threads were stopped: 0.0048680 seconds, Stopping threads took: 0.0000193 seconds
133.063: [GC (Allocation Failure)  750012K->432284K(1032704K), 0.0044836 secs]
133.068: Total time for which application threads were stopped: 0.0046426 seconds, Stopping threads took: 0.0000202 seconds
133.133: [GC (Allocation Failure)  749724K->426202K(1033216K), 0.0021556 secs]
133.135: Total time for which application threads were stopped: 0.0023140 seconds, Stopping threads took: 0.0000273 seconds
133.202: [GC (Allocation Failure)  744666K->432540K(1033216K), 0.0045266 secs]
133.207: Total time for which application threads were stopped: 0.0046947 seconds, Stopping threads took: 0.0000199 seconds
133.273: [GC (Allocation Failure)  751004K->432316K(1033216K), 0.0045745 secs]
133.278: Total time for which application threads were stopped: 0.0047341 seconds, Stopping threads took: 0.0000195 seconds
133.343: [GC (Allocation Failure)  750780K->434436K(1033216K), 0.0048189 secs]
133.348: Total time for which application threads were stopped: 0.0049870 seconds, Stopping threads took: 0.0000237 seconds
133.413: [GC (Allocation Failure)  752900K->440390K(1033728K), 0.0045020 secs]
133.418: Total time for which application threads were stopped: 0.0046704 seconds, Stopping threads took: 0.0000265 seconds
133.485: [GC (Allocation Failure)  759878K->440390K(1033728K), 0.0044277 secs]
133.490: Total time for which application threads were stopped: 0.0045855 seconds, Stopping threads took: 0.0000192 seconds
133.556: [GC (Allocation Failure)  759878K->440686K(1033728K), 0.0046017 secs]
133.561: Total time for which application threads were stopped: 0.0047764 seconds, Stopping threads took: 0.0000197 seconds
133.626: [GC (Allocation Failure)  760174K->448464K(1033728K), 0.0045755 secs]
133.630: Total time for which application threads were stopped: 0.0047458 seconds, Stopping threads took: 0.0000203 seconds
133.697: [GC (Allocation Failure)  767952K->448400K(1033728K), 0.0045015 secs]
133.701: Total time for which application threads were stopped: 0.0046948 seconds, Stopping threads took: 0.0000194 seconds
133.769: [GC (Allocation Failure)  767888K->451944K(1033728K), 0.0051257 secs]
133.774: Total time for which application threads were stopped: 0.0053198 seconds, Stopping threads took: 0.0000190 seconds
133.843: [GC (Allocation Failure)  771432K->456459K(1034240K), 0.0046625 secs]
133.848: Total time for which application threads were stopped: 0.0048153 seconds, Stopping threads took: 0.0000182 seconds
133.916: [GC (Allocation Failure)  776971K->456427K(1034240K), 0.0045126 secs]
133.920: Total time for which application threads were stopped: 0.0046753 seconds, Stopping threads took: 0.0000265 seconds
133.988: [GC (Allocation Failure)  776939K->457123K(1034240K), 0.0048147 secs]
133.993: Total time for which application threads were stopped: 0.0049876 seconds, Stopping threads took: 0.0000195 seconds
134.062: [GC (Allocation Failure)  777635K->464421K(1034240K), 0.0044577 secs]
134.066: Total time for which application threads were stopped: 0.0046183 seconds, Stopping threads took: 0.0000201 seconds
134.134: [GC (Allocation Failure)  784933K->464485K(1034240K), 0.0045458 secs]
134.138: Total time for which application threads were stopped: 0.0047242 seconds, Stopping threads took: 0.0000202 seconds
134.205: [GC (Allocation Failure)  784997K->467397K(1034240K), 0.0052362 secs]
134.210: Total time for which application threads were stopped: 0.0054330 seconds, Stopping threads took: 0.0000197 seconds
134.278: [GC (Allocation Failure)  787909K->472519K(1034240K), 0.0043565 secs]
134.282: Total time for which application threads were stopped: 0.0045301 seconds, Stopping threads took: 0.0000201 seconds
134.350: [GC (Allocation Failure)  793031K->472487K(1034240K), 0.0045061 secs]
134.355: Total time for which application threads were stopped: 0.0046664 seconds, Stopping threads took: 0.0000193 seconds
134.422: [GC (Allocation Failure)  792999K->473575K(1034240K), 0.0045963 secs]
134.426: Total time for which application threads were stopped: 0.0047665 seconds, Stopping threads took: 0.0000278 seconds
134.495: [GC (Allocation Failure)  794087K->480617K(1034240K), 0.0043418 secs]
134.500: Total time for which application threads were stopped: 0.0044934 seconds, Stopping threads took: 0.0000166 seconds
134.567: [GC (Allocation Failure)  801129K->480521K(1034240K), 0.0046689 secs]
134.572: Total time for which application threads were stopped: 0.0048614 seconds, Stopping threads took: 0.0000192 seconds
134.641: [GC (Allocation Failure)  801033K->483881K(1034240K), 0.0052241 secs]
134.646: Total time for which application threads were stopped: 0.0054209 seconds, Stopping threads took: 0.0000190 seconds
134.716: [GC (Allocation Failure)  804393K->488620K(1034752K), 0.0047759 secs]
134.721: Total time for which application threads were stopped: 0.0049453 seconds, Stopping threads took: 0.0000204 seconds
134.789: [GC (Allocation Failure)  810156K->488556K(1034752K), 0.0045786 secs]
134.794: Total time for which application threads were stopped: 0.0047424 seconds, Stopping threads took: 0.0000194 seconds
134.860: [GC (Allocation Failure)  810092K->492108K(1034752K), 0.0054643 secs]
134.865: Total time for which application threads were stopped: 0.0056383 seconds, Stopping threads took: 0.0000205 seconds
134.934: [GC (Allocation Failure)  813644K->496590K(1034752K), 0.0045994 secs]
134.938: Total time for which application threads were stopped: 0.0047666 seconds, Stopping threads took: 0.0000201 seconds
135.005: [GC (Allocation Failure)  818126K->496590K(1034752K), 0.0046249 secs]
135.009: Total time for which application threads were stopped: 0.0047872 seconds, Stopping threads took: 0.0000199 seconds
135.075: [GC (Allocation Failure)  818126K->497286K(1034752K), 0.0047209 secs]
135.080: Total time for which application threads were stopped: 0.0049000 seconds, Stopping threads took: 0.0000204 seconds
135.150: [GC (Allocation Failure)  818822K->504648K(1034752K), 0.0045211 secs]
135.154: Total time for which application threads were stopped: 0.0046997 seconds, Stopping threads took: 0.0000253 seconds
135.223: [GC (Allocation Failure)  826184K->504616K(1034752K), 0.0045413 secs]
135.227: Total time for which application threads were stopped: 0.0047215 seconds, Stopping threads took: 0.0000285 seconds
135.292: [GC (Allocation Failure)  826152K->506536K(1034752K), 0.0047029 secs]
135.297: Total time for which application threads were stopped: 0.0048715 seconds, Stopping threads took: 0.0000210 seconds
135.366: [GC (Allocation Failure)  828072K->512682K(1034752K), 0.0046498 secs]
135.371: Total time for which application threads were stopped: 0.0048634 seconds, Stopping threads took: 0.0000200 seconds
135.440: [GC (Allocation Failure)  834218K->512650K(1034752K), 0.0045486 secs]
135.445: Total time for which application threads were stopped: 0.0047305 seconds, Stopping threads took: 0.0000259 seconds
135.510: [GC (Allocation Failure)  834186K->515786K(1034752K), 0.0053534 secs]
135.515: Total time for which application threads were stopped: 0.0055357 seconds, Stopping threads took: 0.0000220 seconds
135.583: [GC (Allocation Failure)  837322K->520781K(1034752K), 0.0046397 secs]
135.588: Total time for which application threads were stopped: 0.0048021 seconds, Stopping threads took: 0.0000199 seconds
135.654: [GC (Allocation Failure)  842317K->520685K(1034752K), 0.0047982 secs]
135.659: Total time for which application threads were stopped: 0.0049688 seconds, Stopping threads took: 0.0000191 seconds
135.724: [GC (Allocation Failure)  842221K->520941K(1034752K), 0.0056357 secs]
135.730: Total time for which application threads were stopped: 0.0058133 seconds, Stopping threads took: 0.0000227 seconds
135.798: [GC (Allocation Failure)  842477K->528783K(1029120K), 0.0047854 secs]
135.802: Total time for which application threads were stopped: 0.0049718 seconds, Stopping threads took: 0.0000207 seconds
135.869: [GC (Allocation Failure)  850319K->528719K(1034240K), 0.0048679 secs]
135.874: Total time for which application threads were stopped: 0.0050445 seconds, Stopping threads took: 0.0000224 seconds
135.941: [GC (Allocation Failure)  849231K->529159K(1034240K), 0.0045506 secs]
135.945: Total time for which application threads were stopped: 0.0047411 seconds, Stopping threads took: 0.0000258 seconds
136.013: [GC (Allocation Failure)  849671K->536745K(1034240K), 0.0046274 secs]
136.018: Total time for which application threads were stopped: 0.0047915 seconds, Stopping threads took: 0.0000201 seconds
136.086: [GC (Allocation Failure)  857257K->536745K(1034240K), 0.0047315 secs]
136.091: Total time for which application threads were stopped: 0.0048974 seconds, Stopping threads took: 0.0000212 seconds
136.160: [GC (Allocation Failure)  857257K->539433K(1034240K), 0.0050257 secs]
136.165: Total time for which application threads were stopped: 0.0051883 seconds, Stopping threads took: 0.0000192 seconds
136.232: [GC (Allocation Failure)  859945K->544780K(1034240K), 0.0045880 secs]
136.237: Total time for which application threads were stopped: 0.0047573 seconds, Stopping threads took: 0.0000189 seconds
136.304: [GC (Allocation Failure)  865292K->544812K(1034240K), 0.0047870 secs]
136.309: Total time for which application threads were stopped: 0.0049538 seconds, Stopping threads took: 0.0000195 seconds
136.377: [GC (Allocation Failure)  865324K->545644K(1034240K), 0.0048114 secs]
136.382: Total time for which application threads were stopped: 0.0049827 seconds, Stopping threads took: 0.0000198 seconds
136.450: [GC (Allocation Failure)  866156K->552814K(1034240K), 0.0045324 secs]
136.455: Total time for which application threads were stopped: 0.0046939 seconds, Stopping threads took: 0.0000263 seconds
136.522: [GC (Allocation Failure)  873326K->552846K(1034240K), 0.0045818 secs]
136.527: Total time for which application threads were stopped: 0.0047809 seconds, Stopping threads took: 0.0000258 seconds
136.596: [GC (Allocation Failure)  873358K->555918K(1034752K), 0.0052594 secs]
136.601: Total time for which application threads were stopped: 0.0054217 seconds, Stopping threads took: 0.0000196 seconds
136.670: [GC (Allocation Failure)  876942K->560912K(1034240K), 0.0047336 secs]
136.675: Total time for which application threads were stopped: 0.0049356 seconds, Stopping threads took: 0.0000512 seconds
136.742: [GC (Allocation Failure)  881936K->560848K(1034752K), 0.0045766 secs]
136.746: Total time for which application threads were stopped: 0.0047393 seconds, Stopping threads took: 0.0000199 seconds
136.812: [GC (Allocation Failure)  881872K->563656K(1034240K), 0.0050697 secs]
136.817: Total time for which application threads were stopped: 0.0052634 seconds, Stopping threads took: 0.0000196 seconds
136.887: [GC (Allocation Failure)  884680K->568906K(1034752K), 0.0045954 secs]
136.891: Total time for which application threads were stopped: 0.0047453 seconds, Stopping threads took: 0.0000172 seconds
136.959: [GC (Allocation Failure)  890442K->568906K(1034752K), 0.0045196 secs]
136.964: Total time for which application threads were stopped: 0.0046698 seconds, Stopping threads took: 0.0000172 seconds
137.029: [GC (Allocation Failure)  890442K->572426K(1034752K), 0.0055161 secs]
137.034: Total time for which application threads were stopped: 0.0056809 seconds, Stopping threads took: 0.0000208 seconds
137.100: [GC (Allocation Failure)  893962K->576909K(1034752K), 0.0049284 secs]
137.105: Total time for which application threads were stopped: 0.0050872 seconds, Stopping threads took: 0.0000203 seconds
137.172: [GC (Allocation Failure)  898445K->576909K(1034752K), 0.0049120 secs]
137.177: Total time for which application threads were stopped: 0.0050707 seconds, Stopping threads took: 0.0000194 seconds
137.242: [GC (Allocation Failure)  898445K->577541K(1034752K), 0.0049765 secs]
137.248: Total time for which application threads were stopped: 0.0051681 seconds, Stopping threads took: 0.0000198 seconds
137.317: [GC (Allocation Failure)  899077K->584999K(1034752K), 0.0050795 secs]
137.322: Total time for which application threads were stopped: 0.0052458 seconds, Stopping threads took: 0.0000235 seconds
137.390: [GC (Allocation Failure)  906535K->584935K(1034752K), 0.0047067 secs]
137.395: Total time for which application threads were stopped: 0.0048544 seconds, Stopping threads took: 0.0000255 seconds
137.460: [GC (Allocation Failure)  906471K->586823K(1034752K), 0.0049612 secs]
137.465: Total time for which application threads were stopped: 0.0051314 seconds, Stopping threads took: 0.0000276 seconds
137.533: [GC (Allocation Failure)  908359K->593097K(1034752K), 0.0049295 secs]
137.538: Total time for which application threads were stopped: 0.0050867 seconds, Stopping threads took: 0.0000189 seconds
137.605: [GC (Allocation Failure)  914633K->592969K(1034752K), 0.0056641 secs]
137.611: Total time for which application threads were stopped: 0.0058242 seconds, Stopping threads took: 0.0000195 seconds
137.677: [GC (Allocation Failure)  914505K->596073K(1034752K), 0.0053250 secs]
137.682: Total time for which application threads were stopped: 0.0054943 seconds, Stopping threads took: 0.0000194 seconds
137.751: [GC (Allocation Failure)  917609K->601067K(1034752K), 0.0047770 secs]
137.756: Total time for which application threads were stopped: 0.0049482 seconds, Stopping threads took: 0.0000190 seconds
137.824: [GC (Allocation Failure)  922603K->601003K(1034752K), 0.0049643 secs]
137.829: Total time for which application threads were stopped: 0.0051264 seconds, Stopping threads took: 0.0000199 seconds
137.895: [GC (Allocation Failure)  922539K->601227K(1033728K), 0.0047888 secs]
137.900: Total time for which application threads were stopped: 0.0049676 seconds, Stopping threads took: 0.0000284 seconds
137.967: [GC (Allocation Failure)  921739K->609070K(1034240K), 0.0047852 secs]
137.972: Total time for which application threads were stopped: 0.0049518 seconds, Stopping threads took: 0.0000195 seconds
138.040: [GC (Allocation Failure)  929582K->609038K(1034240K), 0.0048970 secs]
138.045: Total time for which application threads were stopped: 0.0050655 seconds, Stopping threads took: 0.0000196 seconds
138.111: [GC (Allocation Failure)  929550K->611534K(1034240K), 0.0051777 secs]
138.117: Total time for which application threads were stopped: 0.0053401 seconds, Stopping threads took: 0.0000196 seconds
138.184: [GC (Allocation Failure)  932046K->617104K(1034752K), 0.0064863 secs]
138.191: Total time for which application threads were stopped: 0.0066643 seconds, Stopping threads took: 0.0000201 seconds
138.260: [GC (Allocation Failure)  938640K->617072K(1034752K), 0.0046120 secs]
138.264: Total time for which application threads were stopped: 0.0047857 seconds, Stopping threads took: 0.0000199 seconds
138.330: [GC (Allocation Failure)  938608K->619720K(1034752K), 0.0071779 secs]
138.337: Total time for which application threads were stopped: 0.0073489 seconds, Stopping threads took: 0.0000258 seconds
138.407: [GC (Allocation Failure)  941256K->625162K(1034752K), 0.0046992 secs]
138.411: Total time for which application threads were stopped: 0.0048760 seconds, Stopping threads took: 0.0000278 seconds
138.478: [GC (Allocation Failure)  946698K->625130K(1034752K), 0.0047232 secs]
138.483: Total time for which application threads were stopped: 0.0048724 seconds, Stopping threads took: 0.0000170 seconds
138.548: [GC (Allocation Failure)  946666K->629002K(1034752K), 0.0057136 secs]
138.554: Total time for which application threads were stopped: 0.0058769 seconds, Stopping threads took: 0.0000202 seconds
138.622: [GC (Allocation Failure)  950538K->633228K(1034752K), 0.0049857 secs]
138.627: Total time for which application threads were stopped: 0.0051570 seconds, Stopping threads took: 0.0000206 seconds
138.692: [GC (Allocation Failure)  954764K->633132K(1034752K), 0.0049359 secs]
138.697: Total time for which application threads were stopped: 0.0051005 seconds, Stopping threads took: 0.0000198 seconds
138.762: [GC (Allocation Failure)  954668K->634156K(1034240K), 0.0059974 secs]
138.768: Total time for which application threads were stopped: 0.0061471 seconds, Stopping threads took: 0.0000202 seconds
138.836: [GC (Allocation Failure)  955692K->641199K(1034752K), 0.0050128 secs]
138.841: Total time for which application threads were stopped: 0.0051641 seconds, Stopping threads took: 0.0000181 seconds
138.908: [GC (Allocation Failure)  962735K->641167K(1034752K), 0.0065313 secs]
138.914: Total time for which application threads were stopped: 0.0067057 seconds, Stopping threads took: 0.0000262 seconds
138.980: [GC (Allocation Failure)  962703K->643399K(1034752K), 0.0053418 secs]
138.985: Total time for which application threads were stopped: 0.0055207 seconds, Stopping threads took: 0.0000265 seconds
139.052: [GC (Allocation Failure)  964935K->649225K(1034752K), 0.0050796 secs]
139.057: Total time for which application threads were stopped: 0.0052586 seconds, Stopping threads took: 0.0000204 seconds
139.126: [GC (Allocation Failure)  970761K->649161K(1034752K), 0.0049190 secs]
139.131: Total time for which application threads were stopped: 0.0051189 seconds, Stopping threads took: 0.0000203 seconds
139.197: [GC (Allocation Failure)  970697K->652681K(1035264K), 0.0057040 secs]
139.202: Total time for which application threads were stopped: 0.0058672 seconds, Stopping threads took: 0.0000198 seconds
139.270: [GC (Allocation Failure)  974729K->657259K(1034752K), 0.0078806 secs]
139.278: Total time for which application threads were stopped: 0.0080625 seconds, Stopping threads took: 0.0000196 seconds
139.348: [GC (Allocation Failure)  979307K->657227K(1035264K), 0.0049622 secs]
139.353: Total time for which application threads were stopped: 0.0051226 seconds, Stopping threads took: 0.0000197 seconds
139.422: [GC (Allocation Failure)  979275K->659371K(1034752K), 0.0050829 secs]
139.428: Total time for which application threads were stopped: 0.0052727 seconds, Stopping threads took: 0.0000258 seconds
139.497: [GC (Allocation Failure)  981419K->665294K(1034752K), 0.0046292 secs]
139.502: Total time for which application threads were stopped: 0.0048037 seconds, Stopping threads took: 0.0000199 seconds
139.571: [GC (Allocation Failure)  986830K->665262K(1034752K), 0.0049669 secs]
139.577: Total time for which application threads were stopped: 0.0051288 seconds, Stopping threads took: 0.0000200 seconds
139.642: [GC (Allocation Failure)  986798K->669158K(1035264K), 0.0058663 secs]
139.648: Total time for which application threads were stopped: 0.0060438 seconds, Stopping threads took: 0.0000272 seconds
139.715: [GC (Allocation Failure)  991206K->673384K(1034752K), 0.0049774 secs]
139.721: Total time for which application threads were stopped: 0.0051503 seconds, Stopping threads took: 0.0000207 seconds
139.789: [GC (Allocation Failure)  995432K->673288K(1035264K), 0.0045414 secs]
139.794: Total time for which application threads were stopped: 0.0047133 seconds, Stopping threads took: 0.0000201 seconds
139.861: [GC (Allocation Failure)  995848K->676360K(1035264K), 0.0056069 secs]
139.866: Total time for which application threads were stopped: 0.0057766 seconds, Stopping threads took: 0.0000198 seconds
139.934: [GC (Allocation Failure)  998920K->681386K(1035264K), 0.0048094 secs]
139.939: Total time for which application threads were stopped: 0.0049792 seconds, Stopping threads took: 0.0000280 seconds
140.008: [GC (Allocation Failure)  1003946K->681322K(1035264K), 0.0050723 secs]
140.013: Total time for which application threads were stopped: 0.0052528 seconds, Stopping threads took: 0.0000197 seconds
140.080: [GC (Allocation Failure)  1003882K->684586K(1035264K), 0.0057048 secs]
140.086: [Full GC (Ergonomics)  684586K->11738K(1035264K), 0.0171942 secs]
140.103: Total time for which application threads were stopped: 0.0231708 seconds, Stopping threads took: 0.0000196 seconds
140.171: [GC (Allocation Failure)  334298K->20668K(1035264K), 0.0035583 secs]
140.175: Total time for which application threads were stopped: 0.0037316 seconds, Stopping threads took: 0.0000172 seconds
140.245: [GC (Allocation Failure)  343228K->20732K(1035264K), 0.0040219 secs]
140.249: Total time for which application threads were stopped: 0.0041890 seconds, Stopping threads took: 0.0000268 seconds
140.315: [GC (Allocation Failure)  343292K->24156K(1035264K), 0.0052996 secs]
140.321: Total time for which application threads were stopped: 0.0054675 seconds, Stopping threads took: 0.0000244 seconds
140.390: [GC (Allocation Failure)  346716K->28926K(1035264K), 0.0035299 secs]
140.393: Total time for which application threads were stopped: 0.0036876 seconds, Stopping threads took: 0.0000251 seconds
140.461: [GC (Allocation Failure)  351486K->28734K(1035264K), 0.0036764 secs]
140.465: Total time for which application threads were stopped: 0.0038765 seconds, Stopping threads took: 0.0000267 seconds
140.534: [GC (Allocation Failure)  351294K->24348K(1035264K), 0.0018594 secs]
140.536: Total time for which application threads were stopped: 0.0020335 seconds, Stopping threads took: 0.0000276 seconds
140.605: [GC (Allocation Failure)  346908K->28862K(1035264K), 0.0037590 secs]
140.609: Total time for which application threads were stopped: 0.0039145 seconds, Stopping threads took: 0.0000167 seconds
140.678: [GC (Allocation Failure)  351422K->28734K(1035264K), 0.0035453 secs]
140.681: Total time for which application threads were stopped: 0.0037141 seconds, Stopping threads took: 0.0000205 seconds
140.749: [GC (Allocation Failure)  351294K->28668K(1035264K), 0.0036479 secs]
140.753: Total time for which application threads were stopped: 0.0038459 seconds, Stopping threads took: 0.0000183 seconds
140.822: [GC (Allocation Failure)  351228K->28830K(1035776K), 0.0036729 secs]
140.826: Total time for which application threads were stopped: 0.0038295 seconds, Stopping threads took: 0.0000192 seconds
140.893: [GC (Allocation Failure)  352414K->28734K(1035776K), 0.0036475 secs]
140.897: Total time for which application threads were stopped: 0.0038291 seconds, Stopping threads took: 0.0000257 seconds
140.962: [GC (Allocation Failure)  352318K->34988K(1031680K), 0.0066669 secs]
140.969: Total time for which application threads were stopped: 0.0068313 seconds, Stopping threads took: 0.0000253 seconds
141.036: [GC (Allocation Failure)  354476K->30286K(1033728K), 0.0036654 secs]
141.039: Total time for which application threads were stopped: 0.0038266 seconds, Stopping threads took: 0.0000196 seconds
141.106: [GC (Allocation Failure)  349774K->30254K(1034752K), 0.0036911 secs]
141.110: Total time for which application threads were stopped: 0.0038615 seconds, Stopping threads took: 0.0000198 seconds
141.176: [GC (Allocation Failure)  351278K->33132K(1034240K), 0.0061441 secs]
141.182: Total time for which application threads were stopped: 0.0063149 seconds, Stopping threads took: 0.0000191 seconds
141.249: [GC (Allocation Failure)  354156K->30478K(1034752K), 0.0055893 secs]
141.255: Total time for which application threads were stopped: 0.0057848 seconds, Stopping threads took: 0.0000198 seconds
141.322: [GC (Allocation Failure)  351502K->30222K(1034240K), 0.0044304 secs]
141.326: Total time for which application threads were stopped: 0.0046400 seconds, Stopping threads took: 0.0000282 seconds
141.394: [GC (Allocation Failure)  351246K->32844K(1034240K), 0.0045382 secs]
141.399: Total time for which application threads were stopped: 0.0046939 seconds, Stopping threads took: 0.0000248 seconds
141.466: [GC (Allocation Failure)  354380K->30414K(1034752K), 0.0037295 secs]
141.470: Total time for which application threads were stopped: 0.0039002 seconds, Stopping threads took: 0.0000167 seconds
141.537: [GC (Allocation Failure)  351950K->30222K(1035776K), 0.0038777 secs]
141.541: Total time for which application threads were stopped: 0.0040536 seconds, Stopping threads took: 0.0000216 seconds
141.606: [GC (Allocation Failure)  353294K->35564K(1035264K), 0.0059792 secs]
141.612: Total time for which application threads were stopped: 0.0061726 seconds, Stopping threads took: 0.0000193 seconds
141.680: [GC (Allocation Failure)  358636K->30990K(1034240K), 0.0039392 secs]
141.684: Total time for which application threads were stopped: 0.0040903 seconds, Stopping threads took: 0.0000173 seconds
141.752: [GC (Allocation Failure)  352526K->30862K(1034752K), 0.0036956 secs]
141.755: Total time for which application threads were stopped: 0.0038886 seconds, Stopping threads took: 0.0000202 seconds
141.822: [GC (Allocation Failure)  352398K->38924K(1030144K), 0.0074859 secs]
141.830: Total time for which application threads were stopped: 0.0076799 seconds, Stopping threads took: 0.0000195 seconds
141.897: [GC (Allocation Failure)  356364K->33774K(1032704K), 0.0036209 secs]
141.901: Total time for which application threads were stopped: 0.0037901 seconds, Stopping threads took: 0.0000281 seconds
141.968: [GC (Allocation Failure)  351214K->33678K(1033728K), 0.0037609 secs]
141.972: Total time for which application threads were stopped: 0.0039517 seconds, Stopping threads took: 0.0000195 seconds
142.041: [GC (Allocation Failure)  352654K->32268K(1033216K), 0.0030937 secs]
142.044: Total time for which application threads were stopped: 0.0033009 seconds, Stopping threads took: 0.0000160 seconds
142.113: [GC (Allocation Failure)  351244K->33678K(1034240K), 0.0036640 secs]
142.117: Total time for which application threads were stopped: 0.0038212 seconds, Stopping threads took: 0.0000166 seconds
142.184: [GC (Allocation Failure)  353678K->33710K(1033728K), 0.0038035 secs]
142.188: Total time for which application threads were stopped: 0.0039756 seconds, Stopping threads took: 0.0000252 seconds
142.253: [GC (Allocation Failure)  353710K->27852K(1033216K), 0.0014366 secs]
142.254: Total time for which application threads were stopped: 0.0015645 seconds, Stopping threads took: 0.0000281 seconds
142.322: [GC (Allocation Failure)  347340K->33870K(1033728K), 0.0044854 secs]
142.327: Total time for which application threads were stopped: 0.0046932 seconds, Stopping threads took: 0.0000267 seconds
142.395: [GC (Allocation Failure)  353358K->33678K(1035264K), 0.0034297 secs]
142.398: Total time for which application threads were stopped: 0.0035992 seconds, Stopping threads took: 0.0000194 seconds
142.465: [GC (Allocation Failure)  355214K->37166K(1034240K), 0.0045408 secs]
142.470: Total time for which application threads were stopped: 0.0047453 seconds, Stopping threads took: 0.0000202 seconds
142.537: [GC (Allocation Failure)  358702K->41873K(1035264K), 0.0038163 secs]
142.541: Total time for which application threads were stopped: 0.0039767 seconds, Stopping threads took: 0.0000197 seconds
142.608: [GC (Allocation Failure)  363921K->41713K(1034752K), 0.0036332 secs]
142.612: Total time for which application threads were stopped: 0.0037958 seconds, Stopping threads took: 0.0000194 seconds
142.679: [GC (Allocation Failure)  363761K->35278K(1034752K), 0.0011133 secs]
142.680: Total time for which application threads were stopped: 0.0012445 seconds, Stopping threads took: 0.0000205 seconds
142.747: [GC (Allocation Failure)  357838K->41841K(1035264K), 0.0036570 secs]
142.751: Total time for which application threads were stopped: 0.0038288 seconds, Stopping threads took: 0.0000203 seconds
142.818: [GC (Allocation Failure)  364401K->41713K(1035776K), 0.0035230 secs]
142.822: Total time for which application threads were stopped: 0.0036978 seconds, Stopping threads took: 0.0000211 seconds
142.889: [GC (Allocation Failure)  364785K->40078K(1035264K), 0.0031170 secs]
142.892: Total time for which application threads were stopped: 0.0032755 seconds, Stopping threads took: 0.0000196 seconds
142.960: [GC (Allocation Failure)  363150K->41777K(1036288K), 0.0037022 secs]
142.964: Total time for which application threads were stopped: 0.0038737 seconds, Stopping threads took: 0.0000196 seconds
143.031: [GC (Allocation Failure)  365873K->41745K(1035776K), 0.0038232 secs]
143.035: Total time for which application threads were stopped: 0.0039916 seconds, Stopping threads took: 0.0000199 seconds
143.102: [GC (Allocation Failure)  365841K->47934K(1032192K), 0.0064685 secs]
143.109: Total time for which application threads were stopped: 0.0066353 seconds, Stopping threads took: 0.0000190 seconds
143.177: [GC (Allocation Failure)  368446K->43745K(1034240K), 0.0039163 secs]
143.181: Total time for which application threads were stopped: 0.0040858 seconds, Stopping threads took: 0.0000191 seconds
143.248: [GC (Allocation Failure)  364257K->43745K(1035264K), 0.0036603 secs]
143.252: Total time for which application threads were stopped: 0.0038375 seconds, Stopping threads took: 0.0000192 seconds
143.319: [GC (Allocation Failure)  365793K->49606K(1034752K), 0.0080297 secs]
143.327: Total time for which application threads were stopped: 0.0081730 seconds, Stopping threads took: 0.0000163 seconds
143.395: [GC (Allocation Failure)  371654K->44585K(1033728K), 0.0035855 secs]
143.399: Total time for which application threads were stopped: 0.0037451 seconds, Stopping threads took: 0.0000279 seconds
143.468: [GC (Allocation Failure)  365097K->44393K(1034240K), 0.0037491 secs]
143.472: Total time for which application threads were stopped: 0.0039053 seconds, Stopping threads took: 0.0000171 seconds
143.539: [GC (Allocation Failure)  364905K->49990K(1031680K), 0.0061294 secs]
143.545: Total time for which application threads were stopped: 0.0063069 seconds, Stopping threads took: 0.0000190 seconds
143.610: [GC (Allocation Failure)  368454K->44489K(1033216K), 0.0039482 secs]
143.614: Total time for which application threads were stopped: 0.0041132 seconds, Stopping threads took: 0.0000204 seconds
143.682: [GC (Allocation Failure)  362953K->44361K(1034240K), 0.0038463 secs]
143.686: Total time for which application threads were stopped: 0.0040102 seconds, Stopping threads took: 0.0000200 seconds
143.751: [GC (Allocation Failure)  364361K->43558K(1033728K), 0.0035411 secs]
143.755: Total time for which application threads were stopped: 0.0037187 seconds, Stopping threads took: 0.0000210 seconds
143.821: [GC (Allocation Failure)  363558K->44489K(1034752K), 0.0036545 secs]
143.825: Total time for which application threads were stopped: 0.0038295 seconds, Stopping threads took: 0.0000206 seconds
143.894: [GC (Allocation Failure)  365513K->44361K(1034240K), 0.0036341 secs]
143.898: Total time for which application threads were stopped: 0.0038094 seconds, Stopping threads took: 0.0000262 seconds
143.965: [GC (Allocation Failure)  365385K->42214K(1035264K), 0.0030309 secs]
143.968: Total time for which application threads were stopped: 0.0032029 seconds, Stopping threads took: 0.0000216 seconds
144.038: [GC (Allocation Failure)  364774K->44393K(1035264K), 0.0038259 secs]
144.042: Total time for which application threads were stopped: 0.0040109 seconds, Stopping threads took: 0.0000201 seconds
144.110: [GC (Allocation Failure)  366953K->44361K(1035776K), 0.0037538 secs]
144.113: Total time for which application threads were stopped: 0.0039268 seconds, Stopping threads took: 0.0000258 seconds
144.181: [GC (Allocation Failure)  367945K->47526K(1034240K), 0.0048948 secs]
144.186: Total time for which application threads were stopped: 0.0050673 seconds, Stopping threads took: 0.0000191 seconds
144.254: [GC (Allocation Failure)  371110K->44585K(1035776K), 0.0064346 secs]
144.261: Total time for which application threads were stopped: 0.0066195 seconds, Stopping threads took: 0.0000196 seconds
144.330: [GC (Allocation Failure)  367657K->44361K(1035264K), 0.0038366 secs]
144.334: Total time for which application threads were stopped: 0.0040317 seconds, Stopping threads took: 0.0000256 seconds
144.400: [GC (Allocation Failure)  367433K->37478K(1034752K), 0.0008747 secs]
144.401: Total time for which application threads were stopped: 0.0009961 seconds, Stopping threads took: 0.0000192 seconds
144.469: [GC (Allocation Failure)  360038K->44569K(1035264K), 0.0037341 secs]
144.473: Total time for which application threads were stopped: 0.0039037 seconds, Stopping threads took: 0.0000197 seconds
144.541: [GC (Allocation Failure)  367129K->48529K(1035776K), 0.0046409 secs]
144.546: Total time for which application threads were stopped: 0.0048247 seconds, Stopping threads took: 0.0000247 seconds
144.614: [GC (Allocation Failure)  372112K->44590K(1035776K), 0.0024258 secs]
144.616: Total time for which application threads were stopped: 0.0025786 seconds, Stopping threads took: 0.0000202 seconds
144.685: [GC (Allocation Failure)  368174K->48649K(1035776K), 0.0039731 secs]
144.689: Total time for which application threads were stopped: 0.0041374 seconds, Stopping threads took: 0.0000199 seconds
144.758: [GC (Allocation Failure)  372233K->52649K(1035776K), 0.0037027 secs]
144.761: Total time for which application threads were stopped: 0.0038853 seconds, Stopping threads took: 0.0000194 seconds
144.830: [GC (Allocation Failure)  376233K->52585K(1036288K), 0.0035104 secs]
144.833: Total time for which application threads were stopped: 0.0036939 seconds, Stopping threads took: 0.0000217 seconds
144.900: [GC (Allocation Failure)  376681K->52969K(1024000K), 0.0035882 secs]
144.904: Total time for which application threads were stopped: 0.0037580 seconds, Stopping threads took: 0.0000251 seconds
144.972: [GC (Allocation Failure)  377065K->60651K(1035264K), 0.0064188 secs]
144.978: Total time for which application threads were stopped: 0.0066085 seconds, Stopping threads took: 0.0000193 seconds
145.048: [GC (Allocation Failure)  383211K->60651K(1035264K), 0.0038095 secs]
145.051: Total time for which application threads were stopped: 0.0039916 seconds, Stopping threads took: 0.0000172 seconds
145.120: [GC (Allocation Failure)  383211K->60715K(1034752K), 0.0038143 secs]
145.124: Total time for which application threads were stopped: 0.0040054 seconds, Stopping threads took: 0.0000200 seconds
145.194: [GC (Allocation Failure)  383275K->68685K(1035264K), 0.0036472 secs]
145.198: Total time for which application threads were stopped: 0.0038253 seconds, Stopping threads took: 0.0000211 seconds
145.265: [GC (Allocation Failure)  391245K->68685K(1035264K), 0.0038220 secs]
145.269: Total time for which application threads were stopped: 0.0039881 seconds, Stopping threads took: 0.0000203 seconds
145.337: [GC (Allocation Failure)  391245K->68901K(1022464K), 0.0042974 secs]
145.341: Total time for which application threads were stopped: 0.0044886 seconds, Stopping threads took: 0.0000225 seconds
145.408: [GC (Allocation Failure)  391461K->76743K(1034752K), 0.0036086 secs]
145.412: Total time for which application threads were stopped: 0.0038162 seconds, Stopping threads took: 0.0000282 seconds
145.481: [GC (Allocation Failure)  398279K->76711K(1034752K), 0.0038148 secs]
145.485: Total time for which application threads were stopped: 0.0039626 seconds, Stopping threads took: 0.0000171 seconds
145.552: [GC (Allocation Failure)  398247K->77159K(1033728K), 0.0038132 secs]
145.555: Total time for which application threads were stopped: 0.0039801 seconds, Stopping threads took: 0.0000198 seconds
145.624: [GC (Allocation Failure)  397671K->84714K(1034240K), 0.0037778 secs]
145.627: Total time for which application threads were stopped: 0.0039426 seconds, Stopping threads took: 0.0000204 seconds
145.695: [GC (Allocation Failure)  405226K->84746K(1034240K), 0.0039539 secs]
145.699: Total time for which application threads were stopped: 0.0041156 seconds, Stopping threads took: 0.0000201 seconds
145.767: [GC (Allocation Failure)  405258K->84874K(1034240K), 0.0037989 secs]
145.771: Total time for which application threads were stopped: 0.0039938 seconds, Stopping threads took: 0.0000196 seconds
145.838: [GC (Allocation Failure)  405386K->92812K(1034240K), 0.0038688 secs]
145.842: Total time for which application threads were stopped: 0.0040560 seconds, Stopping threads took: 0.0000207 seconds
145.910: [GC (Allocation Failure)  413324K->92748K(1034240K), 0.0038234 secs]
145.914: Total time for which application threads were stopped: 0.0040083 seconds, Stopping threads took: 0.0000267 seconds
145.981: [GC (Allocation Failure)  413260K->92844K(1033216K), 0.0040054 secs]
145.985: Total time for which application threads were stopped: 0.0041845 seconds, Stopping threads took: 0.0000210 seconds
146.053: [GC (Allocation Failure)  412332K->100846K(1033728K), 0.0037782 secs]
146.057: Total time for which application threads were stopped: 0.0039518 seconds, Stopping threads took: 0.0000198 seconds
146.122: [GC (Allocation Failure)  420334K->100814K(1033728K), 0.0037844 secs]
146.126: Total time for which application threads were stopped: 0.0039544 seconds, Stopping threads took: 0.0000201 seconds
146.193: [GC (Allocation Failure)  420302K->100870K(1033728K), 0.0037378 secs]
146.197: Total time for which application threads were stopped: 0.0039317 seconds, Stopping threads took: 0.0000192 seconds
146.265: [GC (Allocation Failure)  420358K->108873K(1033728K), 0.0041384 secs]
146.269: Total time for which application threads were stopped: 0.0043003 seconds, Stopping threads took: 0.0000192 seconds
146.338: [GC (Allocation Failure)  428361K->108873K(1033728K), 0.0053254 secs]
146.343: Total time for which application threads were stopped: 0.0055000 seconds, Stopping threads took: 0.0000215 seconds
146.408: [GC (Allocation Failure)  428361K->109065K(1033728K), 0.0038766 secs]
146.412: Total time for which application threads were stopped: 0.0040604 seconds, Stopping threads took: 0.0000246 seconds
146.479: [GC (Allocation Failure)  428553K->116875K(1033728K), 0.0038935 secs]
146.483: Total time for which application threads were stopped: 0.0040595 seconds, Stopping threads took: 0.0000260 seconds
146.551: [GC (Allocation Failure)  436363K->116907K(1033728K), 0.0037373 secs]
146.554: Total time for which application threads were stopped: 0.0039099 seconds, Stopping threads took: 0.0000203 seconds
146.619: [GC (Allocation Failure)  436395K->117035K(1019392K), 0.0038167 secs]
146.623: Total time for which application threads were stopped: 0.0040015 seconds, Stopping threads took: 0.0000194 seconds
146.691: [GC (Allocation Failure)  436523K->124909K(1033216K), 0.0040080 secs]
146.695: Total time for which application threads were stopped: 0.0041643 seconds, Stopping threads took: 0.0000165 seconds
146.762: [GC (Allocation Failure)  443373K->120971K(1033216K), 0.0025542 secs]
146.764: Total time for which application threads were stopped: 0.0027287 seconds, Stopping threads took: 0.0000196 seconds
146.831: [GC (Allocation Failure)  439435K->125005K(1034752K), 0.0039919 secs]
146.835: Total time for which application threads were stopped: 0.0041579 seconds, Stopping threads took: 0.0000168 seconds
146.905: [GC (Allocation Failure)  446029K->129045K(1034240K), 0.0037597 secs]
146.909: Total time for which application threads were stopped: 0.0039112 seconds, Stopping threads took: 0.0000260 seconds
146.977: [GC (Allocation Failure)  450069K->122227K(1034752K), 0.0012010 secs]
146.978: Total time for which application threads were stopped: 0.0013440 seconds, Stopping threads took: 0.0000256 seconds
147.048: [GC (Allocation Failure)  443763K->129069K(1034752K), 0.0040721 secs]
147.052: Total time for which application threads were stopped: 0.0042386 seconds, Stopping threads took: 0.0000196 seconds
147.118: [GC (Allocation Failure)  450605K->133205K(1034752K), 0.0048477 secs]
147.123: Total time for which application threads were stopped: 0.0050052 seconds, Stopping threads took: 0.0000197 seconds
147.190: [GC (Allocation Failure)  454741K->127635K(1034752K), 0.0016764 secs]
147.192: Total time for which application threads were stopped: 0.0018216 seconds, Stopping threads took: 0.0000195 seconds
147.260: [GC (Allocation Failure)  449171K->133381K(1035264K), 0.0039110 secs]
147.264: Total time for which application threads were stopped: 0.0040743 seconds, Stopping threads took: 0.0000200 seconds
147.332: [GC (Allocation Failure)  455429K->137349K(1034752K), 0.0055516 secs]
147.337: Total time for which application threads were stopped: 0.0057263 seconds, Stopping threads took: 0.0000260 seconds
147.406: [GC (Allocation Failure)  459397K->133411K(1035776K), 0.0023720 secs]
147.408: Total time for which application threads were stopped: 0.0025608 seconds, Stopping threads took: 0.0000266 seconds
147.476: [GC (Allocation Failure)  456483K->137477K(1035264K), 0.0040926 secs]
147.480: Total time for which application threads were stopped: 0.0042429 seconds, Stopping threads took: 0.0000163 seconds
147.548: [GC (Allocation Failure)  460549K->141477K(1035264K), 0.0040504 secs]
147.552: Total time for which application threads were stopped: 0.0042233 seconds, Stopping threads took: 0.0000198 seconds
147.620: [GC (Allocation Failure)  465061K->141445K(1035776K), 0.0037314 secs]
147.624: Total time for which application threads were stopped: 0.0039096 seconds, Stopping threads took: 0.0000202 seconds
147.691: [GC (Allocation Failure)  465029K->141509K(1034752K), 0.0038963 secs]
147.695: Total time for which application threads were stopped: 0.0040450 seconds, Stopping threads took: 0.0000191 seconds
147.765: [GC (Allocation Failure)  464069K->149479K(1035264K), 0.0040523 secs]
147.769: Total time for which application threads were stopped: 0.0042014 seconds, Stopping threads took: 0.0000170 seconds
147.835: [GC (Allocation Failure)  472039K->149479K(1034240K), 0.0039505 secs]
147.839: Total time for which application threads were stopped: 0.0041381 seconds, Stopping threads took: 0.0000199 seconds
147.906: [GC (Allocation Failure)  471015K->149511K(1034752K), 0.0047019 secs]
147.911: Total time for which application threads were stopped: 0.0048533 seconds, Stopping threads took: 0.0000261 seconds
147.979: [GC (Allocation Failure)  471047K->157546K(1033728K), 0.0039971 secs]
147.983: Total time for which application threads were stopped: 0.0041644 seconds, Stopping threads took: 0.0000195 seconds
148.051: [GC (Allocation Failure)  478058K->157514K(1034240K), 0.0036869 secs]
148.055: Total time for which application threads were stopped: 0.0038807 seconds, Stopping threads took: 0.0000191 seconds
148.121: [GC (Allocation Failure)  478026K->157770K(1034240K), 0.0040162 secs]
148.125: Total time for which application threads were stopped: 0.0041861 seconds, Stopping threads took: 0.0000195 seconds
148.192: [GC (Allocation Failure)  478282K->165548K(1034240K), 0.0040138 secs]
148.197: Total time for which application threads were stopped: 0.0041846 seconds, Stopping threads took: 0.0000201 seconds
148.262: [GC (Allocation Failure)  486060K->165580K(1034240K), 0.0038442 secs]
148.266: Total time for which application threads were stopped: 0.0040439 seconds, Stopping threads took: 0.0000197 seconds
148.335: [GC (Allocation Failure)  486092K->165964K(1020416K), 0.0050668 secs]
148.340: Total time for which application threads were stopped: 0.0052277 seconds, Stopping threads took: 0.0000188 seconds
148.409: [GC (Allocation Failure)  486476K->173582K(1033728K), 0.0037634 secs]
148.413: Total time for which application threads were stopped: 0.0039343 seconds, Stopping threads took: 0.0000170 seconds
148.480: [GC (Allocation Failure)  493070K->173582K(1033728K), 0.0037019 secs]
148.483: Total time for which application threads were stopped: 0.0038499 seconds, Stopping threads took: 0.0000200 seconds
148.552: [GC (Allocation Failure)  493070K->173702K(1033728K), 0.0040063 secs]
148.556: Total time for which application threads were stopped: 0.0041615 seconds, Stopping threads took: 0.0000186 seconds
148.623: [GC (Allocation Failure)  493190K->181608K(1033728K), 0.0038871 secs]
148.627: Total time for which application threads were stopped: 0.0040567 seconds, Stopping threads took: 0.0000204 seconds
148.693: [GC (Allocation Failure)  501095K->177702K(1034240K), 0.0027251 secs]
148.696: Total time for which application threads were stopped: 0.0028871 seconds, Stopping threads took: 0.0000197 seconds
148.763: [GC (Allocation Failure)  497702K->181776K(1033728K), 0.0042016 secs]
148.767: Total time for which application threads were stopped: 0.0043578 seconds, Stopping threads took: 0.0000194 seconds
148.835: [GC (Allocation Failure)  501776K->185744K(1034752K), 0.0040962 secs]
148.839: Total time for which application threads were stopped: 0.0042449 seconds, Stopping threads took: 0.0000170 seconds
148.906: [GC (Allocation Failure)  507280K->179982K(1034752K), 0.0017872 secs]
148.908: Total time for which application threads were stopped: 0.0019495 seconds, Stopping threads took: 0.0000279 seconds
148.975: [GC (Allocation Failure)  501518K->185816K(1035776K), 0.0038981 secs]
148.979: Total time for which application threads were stopped: 0.0040609 seconds, Stopping threads took: 0.0000202 seconds
149.050: [GC (Allocation Failure)  508376K->189920K(1034752K), 0.0042897 secs]
149.054: Total time for which application threads were stopped: 0.0044500 seconds, Stopping threads took: 0.0000193 seconds
149.121: [GC (Allocation Failure)  512218K->185982K(1035776K), 0.0028606 secs]
149.124: Total time for which application threads were stopped: 0.0030178 seconds, Stopping threads took: 0.0000198 seconds
149.193: [GC (Allocation Failure)  509054K->190048K(1035264K), 0.0042383 secs]
149.197: Total time for which application threads were stopped: 0.0044005 seconds, Stopping threads took: 0.0000195 seconds
149.264: [GC (Allocation Failure)  513120K->194016K(1035264K), 0.0040351 secs]
149.269: Total time for which application threads were stopped: 0.0042041 seconds, Stopping threads took: 0.0000276 seconds
149.337: [GC (Allocation Failure)  517600K->194016K(1035776K), 0.0040322 secs]
149.341: Total time for which application threads were stopped: 0.0042017 seconds, Stopping threads took: 0.0000245 seconds
149.407: [GC (Allocation Failure)  517600K->194080K(1034752K), 0.0039429 secs]
149.411: Total time for which application threads were stopped: 0.0041127 seconds, Stopping threads took: 0.0000271 seconds
149.479: [GC (Allocation Failure)  516640K->202083K(1035264K), 0.0041545 secs]
149.484: Total time for which application threads were stopped: 0.0043370 seconds, Stopping threads took: 0.0000283 seconds
149.550: [GC (Allocation Failure)  524643K->202051K(1034240K), 0.0039370 secs]
149.554: Total time for which application threads were stopped: 0.0041057 seconds, Stopping threads took: 0.0000198 seconds
149.621: [GC (Allocation Failure)  523587K->202123K(1034752K), 0.0041188 secs]
149.626: Total time for which application threads were stopped: 0.0042790 seconds, Stopping threads took: 0.0000189 seconds
149.692: [GC (Allocation Failure)  523659K->210125K(1033728K), 0.0040140 secs]
149.696: Total time for which application threads were stopped: 0.0041839 seconds, Stopping threads took: 0.0000206 seconds
149.764: [GC (Allocation Failure)  530637K->210093K(1034240K), 0.0037908 secs]
149.768: Total time for which application threads were stopped: 0.0039819 seconds, Stopping threads took: 0.0000245 seconds
149.834: [GC (Allocation Failure)  530605K->210341K(1034240K), 0.0040763 secs]
149.838: Total time for which application threads were stopped: 0.0042478 seconds, Stopping threads took: 0.0000201 seconds
149.904: [GC (Allocation Failure)  530853K->218119K(1034240K), 0.0040023 secs]
149.908: Total time for which application threads were stopped: 0.0041695 seconds, Stopping threads took: 0.0000260 seconds
149.974: [GC (Allocation Failure)  538631K->218119K(1034240K), 0.0040899 secs]
149.978: Total time for which application threads were stopped: 0.0042490 seconds, Stopping threads took: 0.0000198 seconds
150.045: [GC (Allocation Failure)  538631K->218527K(1020416K), 0.0052413 secs]
150.051: Total time for which application threads were stopped: 0.0054017 seconds, Stopping threads took: 0.0000194 seconds
150.120: [GC (Allocation Failure)  539039K->226145K(1033728K), 0.0041693 secs]
150.125: Total time for which application threads were stopped: 0.0043424 seconds, Stopping threads took: 0.0000200 seconds
150.191: [GC (Allocation Failure)  545633K->226145K(1033728K), 0.0043101 secs]
150.196: Total time for which application threads were stopped: 0.0044828 seconds, Stopping threads took: 0.0000202 seconds
150.260: [GC (Allocation Failure)  545633K->226281K(1033728K), 0.0041190 secs]
150.264: Total time for which application threads were stopped: 0.0042913 seconds, Stopping threads took: 0.0000201 seconds
150.332: [GC (Allocation Failure)  545769K->234156K(1033728K), 0.0069798 secs]
150.339: Total time for which application threads were stopped: 0.0071274 seconds, Stopping threads took: 0.0000263 seconds
150.405: [GC (Allocation Failure)  553642K->230281K(1034240K), 0.0028118 secs]
150.408: Total time for which application threads were stopped: 0.0029714 seconds, Stopping threads took: 0.0000256 seconds
150.476: [GC (Allocation Failure)  550281K->234348K(1033728K), 0.0040417 secs]
150.480: Total time for which application threads were stopped: 0.0042137 seconds, Stopping threads took: 0.0000192 seconds
150.547: [GC (Allocation Failure)  554348K->238316K(1034752K), 0.0040432 secs]
150.551: Total time for which application threads were stopped: 0.0042023 seconds, Stopping threads took: 0.0000196 seconds
150.619: [GC (Allocation Failure)  559852K->232585K(1034752K), 0.0017720 secs]
150.621: Total time for which application threads were stopped: 0.0019249 seconds, Stopping threads took: 0.0000188 seconds
150.690: [GC (Allocation Failure)  554121K->238388K(1035776K), 0.0041365 secs]
150.694: Total time for which application threads were stopped: 0.0042925 seconds, Stopping threads took: 0.0000166 seconds
150.762: [GC (Allocation Failure)  560948K->242492K(1034752K), 0.0044272 secs]
150.766: Total time for which application threads were stopped: 0.0045975 seconds, Stopping threads took: 0.0000191 seconds
150.833: [GC (Allocation Failure)  564789K->238553K(1035776K), 0.0029232 secs]
150.836: Total time for which application threads were stopped: 0.0031005 seconds, Stopping threads took: 0.0000204 seconds
150.905: [GC (Allocation Failure)  561625K->242588K(1035264K), 0.0041123 secs]
150.909: Total time for which application threads were stopped: 0.0042817 seconds, Stopping threads took: 0.0000258 seconds
150.977: [GC (Allocation Failure)  565660K->246588K(1035264K), 0.0039599 secs]
150.981: Total time for which application threads were stopped: 0.0041149 seconds, Stopping threads took: 0.0000253 seconds
151.050: [GC (Allocation Failure)  570172K->246588K(1035776K), 0.0038777 secs]
151.054: Total time for which application threads were stopped: 0.0040573 seconds, Stopping threads took: 0.0000197 seconds
151.122: [GC (Allocation Failure)  570172K->246660K(1034752K), 0.0040384 secs]
151.126: Total time for which application threads were stopped: 0.0041978 seconds, Stopping threads took: 0.0000189 seconds
151.194: [GC (Allocation Failure)  569220K->254630K(1035264K), 0.0040804 secs]
151.198: Total time for which application threads were stopped: 0.0042421 seconds, Stopping threads took: 0.0000194 seconds
151.264: [GC (Allocation Failure)  577190K->254630K(1034240K), 0.0040354 secs]
151.268: Total time for which application threads were stopped: 0.0041962 seconds, Stopping threads took: 0.0000196 seconds
151.336: [GC (Allocation Failure)  576166K->254654K(1034752K), 0.0048500 secs]
151.341: Total time for which application threads were stopped: 0.0049940 seconds, Stopping threads took: 0.0000162 seconds
151.406: [GC (Allocation Failure)  576190K->262656K(1033728K), 0.0041469 secs]
151.411: Total time for which application threads were stopped: 0.0043147 seconds, Stopping threads took: 0.0000260 seconds
151.478: [GC (Allocation Failure)  583168K->262656K(1034240K), 0.0040043 secs]
151.482: Total time for which application threads were stopped: 0.0041724 seconds, Stopping threads took: 0.0000196 seconds
151.549: [GC (Allocation Failure)  583168K->262888K(1034240K), 0.0042343 secs]
151.553: Total time for which application threads were stopped: 0.0044039 seconds, Stopping threads took: 0.0000194 seconds
151.620: [GC (Allocation Failure)  583400K->270699K(1034240K), 0.0041903 secs]
151.624: Total time for which application threads were stopped: 0.0043846 seconds, Stopping threads took: 0.0000192 seconds
151.691: [GC (Allocation Failure)  591211K->270731K(1034240K), 0.0040952 secs]
151.695: Total time for which application threads were stopped: 0.0042511 seconds, Stopping threads took: 0.0000166 seconds
151.764: [GC (Allocation Failure)  591243K->271147K(1020416K), 0.0040928 secs]
151.768: Total time for which application threads were stopped: 0.0042501 seconds, Stopping threads took: 0.0000164 seconds
151.835: [GC (Allocation Failure)  591659K->278733K(1033728K), 0.0042923 secs]
151.839: Total time for which application threads were stopped: 0.0044614 seconds, Stopping threads took: 0.0000197 seconds
151.907: [GC (Allocation Failure)  598221K->278765K(1033728K), 0.0041429 secs]
151.911: Total time for which application threads were stopped: 0.0043097 seconds, Stopping threads took: 0.0000252 seconds
151.976: [GC (Allocation Failure)  598253K->278861K(1033728K), 0.0042276 secs]
151.980: Total time for which application threads were stopped: 0.0043920 seconds, Stopping threads took: 0.0000198 seconds
152.050: [GC (Allocation Failure)  598349K->286799K(1033728K), 0.0042836 secs]
152.054: Total time for which application threads were stopped: 0.0044582 seconds, Stopping threads took: 0.0000209 seconds
152.121: [GC (Allocation Failure)  606285K->282861K(1034240K), 0.0031062 secs]
152.124: Total time for which application threads were stopped: 0.0032719 seconds, Stopping threads took: 0.0000205 seconds
152.192: [GC (Allocation Failure)  602861K->286887K(1033728K), 0.0043684 secs]
152.196: Total time for which application threads were stopped: 0.0045329 seconds, Stopping threads took: 0.0000206 seconds
152.262: [GC (Allocation Failure)  606887K->290887K(1034752K), 0.0042139 secs]
152.266: Total time for which application threads were stopped: 0.0043848 seconds, Stopping threads took: 0.0000204 seconds
152.335: [GC (Allocation Failure)  612423K->285125K(1034752K), 0.0077007 secs]
152.343: Total time for which application threads were stopped: 0.0078504 seconds, Stopping threads took: 0.0000251 seconds
152.411: [GC (Allocation Failure)  606661K->290951K(1035264K), 0.0047633 secs]
152.416: Total time for which application threads were stopped: 0.0049198 seconds, Stopping threads took: 0.0000262 seconds
152.482: [GC (Allocation Failure)  612999K->294991K(1034752K), 0.0046495 secs]
152.487: Total time for which application threads were stopped: 0.0048171 seconds, Stopping threads took: 0.0000221 seconds
152.553: [GC (Allocation Failure)  616777K->291149K(1035776K), 0.0033637 secs]
152.556: Total time for which application threads were stopped: 0.0035317 seconds, Stopping threads took: 0.0000201 seconds
152.626: [GC (Allocation Failure)  614221K->295183K(1035264K), 0.0043072 secs]
152.631: Total time for which application threads were stopped: 0.0045112 seconds, Stopping threads took: 0.0000201 seconds
152.700: [GC (Allocation Failure)  618255K->299151K(1035264K), 0.0040768 secs]
152.704: Total time for which application threads were stopped: 0.0042538 seconds, Stopping threads took: 0.0000275 seconds
152.774: [GC (Allocation Failure)  622735K->299151K(1035776K), 0.0043508 secs]
152.778: Total time for which application threads were stopped: 0.0045188 seconds, Stopping threads took: 0.0000195 seconds
152.846: [GC (Allocation Failure)  622735K->299207K(1034752K), 0.0042902 secs]
152.850: Total time for which application threads were stopped: 0.0044699 seconds, Stopping threads took: 0.0000198 seconds
152.919: [GC (Allocation Failure)  621767K->307177K(1035264K), 0.0040986 secs]
152.923: Total time for which application threads were stopped: 0.0042552 seconds, Stopping threads took: 0.0000260 seconds
152.989: [GC (Allocation Failure)  629737K->307209K(1034240K), 0.0041494 secs]
152.993: Total time for which application threads were stopped: 0.0043487 seconds, Stopping threads took: 0.0000209 seconds
153.062: [GC (Allocation Failure)  628745K->307241K(1034752K), 0.0041680 secs]
153.066: Total time for which application threads were stopped: 0.0043211 seconds, Stopping threads took: 0.0000174 seconds
153.134: [GC (Allocation Failure)  628777K->315244K(1033728K), 0.0042324 secs]
153.139: Total time for which application threads were stopped: 0.0044012 seconds, Stopping threads took: 0.0000259 seconds
153.207: [GC (Allocation Failure)  635756K->315212K(1034240K), 0.0043319 secs]
153.211: Total time for which application threads were stopped: 0.0045180 seconds, Stopping threads took: 0.0000198 seconds
153.277: [GC (Allocation Failure)  635724K->315468K(1034240K), 0.0042720 secs]
153.282: Total time for which application threads were stopped: 0.0044405 seconds, Stopping threads took: 0.0000195 seconds
153.348: [GC (Allocation Failure)  635980K->323246K(1034240K), 0.0043751 secs]
153.353: Total time for which application threads were stopped: 0.0045419 seconds, Stopping threads took: 0.0000271 seconds
153.420: [GC (Allocation Failure)  643758K->323246K(1034240K), 0.0042936 secs]
153.424: Total time for which application threads were stopped: 0.0044622 seconds, Stopping threads took: 0.0000276 seconds
153.491: [GC (Allocation Failure)  643758K->323686K(1020416K), 0.0043987 secs]
153.496: Total time for which application threads were stopped: 0.0045702 seconds, Stopping threads took: 0.0000196 seconds
153.562: [GC (Allocation Failure)  644198K->331304K(1033728K), 0.0044973 secs]
153.567: Total time for which application threads were stopped: 0.0046724 seconds, Stopping threads took: 0.0000204 seconds
153.633: [GC (Allocation Failure)  650792K->331304K(1033728K), 0.0042928 secs]
153.638: Total time for which application threads were stopped: 0.0044723 seconds, Stopping threads took: 0.0000219 seconds
153.702: [GC (Allocation Failure)  650792K->331400K(1033728K), 0.0043422 secs]
153.707: Total time for which application threads were stopped: 0.0045153 seconds, Stopping threads took: 0.0000196 seconds
153.776: [GC (Allocation Failure)  650888K->339306K(1033728K), 0.0043931 secs]
153.780: Total time for which application threads were stopped: 0.0045555 seconds, Stopping threads took: 0.0000199 seconds
153.847: [GC (Allocation Failure)  658793K->335432K(1034240K), 0.0030812 secs]
153.850: Total time for which application threads were stopped: 0.0032402 seconds, Stopping threads took: 0.0000201 seconds
153.918: [GC (Allocation Failure)  655432K->339466K(1033728K), 0.0041741 secs]
153.923: Total time for which application threads were stopped: 0.0043372 seconds, Stopping threads took: 0.0000255 seconds
153.990: [GC (Allocation Failure)  659466K->343434K(1034752K), 0.0043453 secs]
153.995: Total time for which application threads were stopped: 0.0045183 seconds, Stopping threads took: 0.0000190 seconds
154.064: [GC (Allocation Failure)  664970K->337672K(1034752K), 0.0021429 secs]
154.066: Total time for which application threads were stopped: 0.0023199 seconds, Stopping threads took: 0.0000169 seconds
154.135: [GC (Allocation Failure)  659208K->343506K(1035776K), 0.0043286 secs]
154.140: Total time for which application threads were stopped: 0.0045107 seconds, Stopping threads took: 0.0000172 seconds
154.210: [GC (Allocation Failure)  666066K->347578K(1034752K), 0.0045417 secs]
154.214: Total time for which application threads were stopped: 0.0047388 seconds, Stopping threads took: 0.0000250 seconds
154.283: [GC (Allocation Failure)  669876K->343640K(1035776K), 0.0033259 secs]
154.286: Total time for which application threads were stopped: 0.0036491 seconds, Stopping threads took: 0.0001378 seconds
154.357: [GC (Allocation Failure)  666712K->347738K(1035264K), 0.0043264 secs]
154.361: Total time for which application threads were stopped: 0.0044880 seconds, Stopping threads took: 0.0000192 seconds
154.429: [GC (Allocation Failure)  670810K->351706K(1035264K), 0.0041464 secs]
154.433: Total time for which application threads were stopped: 0.0043541 seconds, Stopping threads took: 0.0000284 seconds
154.503: [GC (Allocation Failure)  675290K->351738K(1035776K), 0.0040408 secs]
154.507: Total time for which application threads were stopped: 0.0041984 seconds, Stopping threads took: 0.0000164 seconds
154.573: [GC (Allocation Failure)  675322K->351770K(1034752K), 0.0042366 secs]
154.577: Total time for which application threads were stopped: 0.0044058 seconds, Stopping threads took: 0.0000188 seconds
154.645: [GC (Allocation Failure)  674330K->359773K(1035264K), 0.0044069 secs]
154.650: Total time for which application threads were stopped: 0.0045779 seconds, Stopping threads took: 0.0000205 seconds
154.717: [GC (Allocation Failure)  682333K->359741K(1034240K), 0.0044066 secs]
154.721: Total time for which application threads were stopped: 0.0045769 seconds, Stopping threads took: 0.0000202 seconds
154.789: [GC (Allocation Failure)  681277K->359805K(1034752K), 0.0043897 secs]
154.793: Total time for which application threads were stopped: 0.0045842 seconds, Stopping threads took: 0.0000206 seconds
154.860: [GC (Allocation Failure)  681341K->367775K(1033728K), 0.0043450 secs]
154.864: Total time for which application threads were stopped: 0.0045060 seconds, Stopping threads took: 0.0000197 seconds
154.932: [GC (Allocation Failure)  688287K->367775K(1034240K), 0.0041394 secs]
154.937: Total time for which application threads were stopped: 0.0043181 seconds, Stopping threads took: 0.0000276 seconds
155.003: [GC (Allocation Failure)  688287K->368039K(1034240K), 0.0045730 secs]
155.007: Total time for which application threads were stopped: 0.0047622 seconds, Stopping threads took: 0.0000191 seconds
155.074: [GC (Allocation Failure)  688551K->375849K(1034240K), 0.0044824 secs]
155.079: Total time for which application threads were stopped: 0.0046550 seconds, Stopping threads took: 0.0000165 seconds
155.145: [GC (Allocation Failure)  696361K->375785K(1034240K), 0.0057133 secs]
155.151: Total time for which application threads were stopped: 0.0058755 seconds, Stopping threads took: 0.0000273 seconds
155.219: [GC (Allocation Failure)  696297K->376265K(1020416K), 0.0043613 secs]
155.223: Total time for which application threads were stopped: 0.0045221 seconds, Stopping threads took: 0.0000164 seconds
155.291: [GC (Allocation Failure)  696777K->383883K(1033728K), 0.0044242 secs]
155.296: Total time for which application threads were stopped: 0.0045875 seconds, Stopping threads took: 0.0000197 seconds
155.364: [GC (Allocation Failure)  703371K->383851K(1033728K), 0.0044595 secs]
155.369: Total time for which application threads were stopped: 0.0046203 seconds, Stopping threads took: 0.0000193 seconds
155.435: [GC (Allocation Failure)  703339K->383979K(1033728K), 0.0043362 secs]
155.440: Total time for which application threads were stopped: 0.0045012 seconds, Stopping threads took: 0.0000262 seconds
155.507: [GC (Allocation Failure)  703467K->391886K(1033728K), 0.0044580 secs]
155.511: Total time for which application threads were stopped: 0.0046442 seconds, Stopping threads took: 0.0000367 seconds
155.577: [GC (Allocation Failure)  711372K->387979K(1034240K), 0.0034361 secs]
155.581: Total time for which application threads were stopped: 0.0035995 seconds, Stopping threads took: 0.0000194 seconds
155.650: [GC (Allocation Failure)  707979K->392014K(1033728K), 0.0044213 secs]
155.655: Total time for which application threads were stopped: 0.0045997 seconds, Stopping threads took: 0.0000192 seconds
155.720: [GC (Allocation Failure)  712014K->396014K(1034752K), 0.0059946 secs]
155.726: Total time for which application threads were stopped: 0.0061561 seconds, Stopping threads took: 0.0000196 seconds
155.795: [GC (Allocation Failure)  717550K->390283K(1034752K), 0.0022686 secs]
155.797: Total time for which application threads were stopped: 0.0024203 seconds, Stopping threads took: 0.0000198 seconds
155.865: [GC (Allocation Failure)  711819K->396118K(1035776K), 0.0043892 secs]
155.870: Total time for which application threads were stopped: 0.0045594 seconds, Stopping threads took: 0.0000195 seconds
155.939: [GC (Allocation Failure)  718678K->400158K(1034752K), 0.0048300 secs]
155.944: Total time for which application threads were stopped: 0.0050041 seconds, Stopping threads took: 0.0000259 seconds
156.010: [GC (Allocation Failure)  722455K->396219K(1035776K), 0.0032356 secs]
156.014: Total time for which application threads were stopped: 0.0034057 seconds, Stopping threads took: 0.0000206 seconds
156.083: [GC (Allocation Failure)  719291K->400318K(1035264K), 0.0044974 secs]
156.088: Total time for which application threads were stopped: 0.0046797 seconds, Stopping threads took: 0.0000211 seconds
156.157: [GC (Allocation Failure)  723390K->404318K(1035264K), 0.0044922 secs]
156.162: Total time for which application threads were stopped: 0.0046572 seconds, Stopping threads took: 0.0000202 seconds
156.229: [GC (Allocation Failure)  727902K->404318K(1035776K), 0.0042321 secs]
156.233: Total time for which application threads were stopped: 0.0043977 seconds, Stopping threads took: 0.0000199 seconds
156.299: [GC (Allocation Failure)  727902K->404358K(1034752K), 0.0044888 secs]
156.303: Total time for which application threads were stopped: 0.0046606 seconds, Stopping threads took: 0.0000198 seconds
156.372: [GC (Allocation Failure)  726918K->412360K(1035264K), 0.0043134 secs]
156.377: Total time for which application threads were stopped: 0.0044697 seconds, Stopping threads took: 0.0000172 seconds
156.443: [GC (Allocation Failure)  734920K->412360K(1034240K), 0.0042934 secs]
156.447: Total time for which application threads were stopped: 0.0044630 seconds, Stopping threads took: 0.0000283 seconds
156.514: [GC (Allocation Failure)  733896K->412392K(1034752K), 0.0044067 secs]
156.519: Total time for which application threads were stopped: 0.0046042 seconds, Stopping threads took: 0.0000213 seconds
156.584: [GC (Allocation Failure)  733928K->420394K(1033728K), 0.0044848 secs]
156.589: Total time for which application threads were stopped: 0.0046456 seconds, Stopping threads took: 0.0000200 seconds
156.657: [GC (Allocation Failure)  740906K->420330K(1034240K), 0.0045361 secs]
156.661: Total time for which application threads were stopped: 0.0047046 seconds, Stopping threads took: 0.0000193 seconds
156.727: [GC (Allocation Failure)  740842K->420610K(1034240K), 0.0048612 secs]
156.732: Total time for which application threads were stopped: 0.0050458 seconds, Stopping threads took: 0.0000191 seconds
156.798: [GC (Allocation Failure)  741122K->428420K(1034240K), 0.0044595 secs]
156.802: Total time for which application threads were stopped: 0.0046210 seconds, Stopping threads took: 0.0000191 seconds
156.868: [GC (Allocation Failure)  748932K->428388K(1034240K), 0.0044529 secs]
156.872: Total time for which application threads were stopped: 0.0046274 seconds, Stopping threads took: 0.0000204 seconds
156.941: [GC (Allocation Failure)  748900K->428836K(1020416K), 0.0045026 secs]
156.946: Total time for which application threads were stopped: 0.0046660 seconds, Stopping threads took: 0.0000255 seconds
157.015: [GC (Allocation Failure)  749348K->436455K(1033728K), 0.0045065 secs]
157.019: Total time for which application threads were stopped: 0.0047025 seconds, Stopping threads took: 0.0000195 seconds
157.088: [GC (Allocation Failure)  755943K->436455K(1033728K), 0.0045661 secs]
157.092: Total time for which application threads were stopped: 0.0047250 seconds, Stopping threads took: 0.0000198 seconds
157.157: [GC (Allocation Failure)  755943K->436551K(1033728K), 0.0044291 secs]
157.161: Total time for which application threads were stopped: 0.0046187 seconds, Stopping threads took: 0.0000190 seconds
157.230: [GC (Allocation Failure)  756039K->444457K(1033728K), 0.0045753 secs]
157.235: Total time for which application threads were stopped: 0.0047258 seconds, Stopping threads took: 0.0000165 seconds
157.301: [GC (Allocation Failure)  763943K->440551K(1034240K), 0.0034207 secs]
157.304: Total time for which application threads were stopped: 0.0035962 seconds, Stopping threads took: 0.0000191 seconds
157.373: [GC (Allocation Failure)  760551K->444585K(1033728K), 0.0044269 secs]
157.377: Total time for which application threads were stopped: 0.0045885 seconds, Stopping threads took: 0.0000198 seconds
157.443: [GC (Allocation Failure)  764585K->448585K(1034752K), 0.0044019 secs]
157.448: Total time for which application threads were stopped: 0.0045620 seconds, Stopping threads took: 0.0000272 seconds
157.515: [GC (Allocation Failure)  770121K->442855K(1034752K), 0.0025154 secs]
157.517: Total time for which application threads were stopped: 0.0026923 seconds, Stopping threads took: 0.0000249 seconds
157.585: [GC (Allocation Failure)  764391K->448681K(1035264K), 0.0044476 secs]
157.589: Total time for which application threads were stopped: 0.0046297 seconds, Stopping threads took: 0.0000283 seconds
157.655: [GC (Allocation Failure)  770729K->452729K(1034752K), 0.0048073 secs]
157.660: Total time for which application threads were stopped: 0.0050172 seconds, Stopping threads took: 0.0000291 seconds
157.727: [GC (Allocation Failure)  774515K->448823K(1035776K), 0.0034744 secs]
157.731: Total time for which application threads were stopped: 0.0036529 seconds, Stopping threads took: 0.0000162 seconds
157.800: [GC (Allocation Failure)  771895K->452889K(1035264K), 0.0047433 secs]
157.805: Total time for which application threads were stopped: 0.0048967 seconds, Stopping threads took: 0.0000173 seconds
157.873: [GC (Allocation Failure)  775961K->456889K(1035264K), 0.0045111 secs]
157.877: Total time for which application threads were stopped: 0.0047060 seconds, Stopping threads took: 0.0000208 seconds
157.948: [GC (Allocation Failure)  780473K->456825K(1035776K), 0.0044847 secs]
157.952: Total time for which application threads were stopped: 0.0046525 seconds, Stopping threads took: 0.0000275 seconds
158.019: [GC (Allocation Failure)  780409K->456921K(1034752K), 0.0046302 secs]
158.024: Total time for which application threads were stopped: 0.0048038 seconds, Stopping threads took: 0.0000190 seconds
158.093: [GC (Allocation Failure)  779481K->464923K(1035264K), 0.0045773 secs]
158.098: Total time for which application threads were stopped: 0.0047363 seconds, Stopping threads took: 0.0000192 seconds
158.164: [GC (Allocation Failure)  787483K->464923K(1034240K), 0.0044333 secs]
158.168: Total time for which application threads were stopped: 0.0045900 seconds, Stopping threads took: 0.0000195 seconds
158.237: [GC (Allocation Failure)  786459K->464955K(1034752K), 0.0045794 secs]
158.242: Total time for which application threads were stopped: 0.0047595 seconds, Stopping threads took: 0.0000199 seconds
158.310: [GC (Allocation Failure)  786491K->472958K(1033728K), 0.0095203 secs]
158.319: Total time for which application threads were stopped: 0.0096722 seconds, Stopping threads took: 0.0000192 seconds
158.388: [GC (Allocation Failure)  793470K->472926K(1034240K), 0.0045860 secs]
158.393: Total time for which application threads were stopped: 0.0047427 seconds, Stopping threads took: 0.0000191 seconds
158.461: [GC (Allocation Failure)  793438K->473158K(1034240K), 0.0045949 secs]
158.466: Total time for which application threads were stopped: 0.0047826 seconds, Stopping threads took: 0.0000197 seconds
158.533: [GC (Allocation Failure)  793670K->480968K(1034240K), 0.0044296 secs]
158.538: Total time for which application threads were stopped: 0.0045960 seconds, Stopping threads took: 0.0000256 seconds
158.604: [GC (Allocation Failure)  801480K->481000K(1033216K), 0.0047307 secs]
158.609: Total time for which application threads were stopped: 0.0049006 seconds, Stopping threads took: 0.0000199 seconds
158.676: [GC (Allocation Failure)  800488K->481128K(1033728K), 0.0045414 secs]
158.680: Total time for which application threads were stopped: 0.0047108 seconds, Stopping threads took: 0.0000196 seconds
158.748: [GC (Allocation Failure)  800616K->489002K(1033728K), 0.0045665 secs]
158.753: Total time for which application threads were stopped: 0.0047363 seconds, Stopping threads took: 0.0000195 seconds
158.821: [GC (Allocation Failure)  808490K->489034K(1033728K), 0.0045511 secs]
158.826: Total time for which application threads were stopped: 0.0047242 seconds, Stopping threads took: 0.0000202 seconds
158.891: [GC (Allocation Failure)  808522K->489122K(1033728K), 0.0048443 secs]
158.896: Total time for which application threads were stopped: 0.0050074 seconds, Stopping threads took: 0.0000199 seconds
158.964: [GC (Allocation Failure)  808610K->497028K(1033728K), 0.0047312 secs]
158.969: Total time for which application threads were stopped: 0.0049033 seconds, Stopping threads took: 0.0000264 seconds
159.035: [GC (Allocation Failure)  816515K->493122K(1034240K), 0.0035138 secs]
159.039: Total time for which application threads were stopped: 0.0037046 seconds, Stopping threads took: 0.0000197 seconds
159.108: [GC (Allocation Failure)  813122K->497196K(1033728K), 0.0046995 secs]
159.113: Total time for which application threads were stopped: 0.0048572 seconds, Stopping threads took: 0.0000171 seconds
159.181: [GC (Allocation Failure)  817196K->501164K(1034752K), 0.0047417 secs]
159.185: Total time for which application threads were stopped: 0.0049345 seconds, Stopping threads took: 0.0000261 seconds
159.253: [GC (Allocation Failure)  822700K->495434K(1034752K), 0.0025221 secs]
159.256: Total time for which application threads were stopped: 0.0026758 seconds, Stopping threads took: 0.0000190 seconds
159.324: [GC (Allocation Failure)  816970K->501236K(1035264K), 0.0052510 secs]
159.330: Total time for which application threads were stopped: 0.0054508 seconds, Stopping threads took: 0.0000191 seconds
159.396: [GC (Allocation Failure)  823284K->505308K(1034752K), 0.0050351 secs]
159.401: Total time for which application threads were stopped: 0.0051987 seconds, Stopping threads took: 0.0000201 seconds
159.468: [GC (Allocation Failure)  827094K->501402K(1035776K), 0.0046263 secs]
159.473: Total time for which application threads were stopped: 0.0047923 seconds, Stopping threads took: 0.0000263 seconds
159.541: [GC (Allocation Failure)  824474K->505468K(1035264K), 0.0047274 secs]
159.546: Total time for which application threads were stopped: 0.0049093 seconds, Stopping threads took: 0.0000221 seconds
159.615: [GC (Allocation Failure)  828540K->509468K(1035264K), 0.0045692 secs]
159.620: Total time for which application threads were stopped: 0.0047410 seconds, Stopping threads took: 0.0000222 seconds
159.690: [GC (Allocation Failure)  833052K->509436K(1035776K), 0.0045599 secs]
159.694: Total time for which application threads were stopped: 0.0047509 seconds, Stopping threads took: 0.0000198 seconds
159.764: [GC (Allocation Failure)  833020K->509500K(1034752K), 0.0046681 secs]
159.769: Total time for which application threads were stopped: 0.0048344 seconds, Stopping threads took: 0.0000178 seconds
159.836: [GC (Allocation Failure)  832060K->517535K(1035264K), 0.0046397 secs]
159.841: Total time for which application threads were stopped: 0.0048366 seconds, Stopping threads took: 0.0000206 seconds
159.909: [GC (Allocation Failure)  840095K->517439K(1034240K), 0.0048329 secs]
159.914: Total time for which application threads were stopped: 0.0049829 seconds, Stopping threads took: 0.0000167 seconds
159.981: [GC (Allocation Failure)  838975K->517511K(1034752K), 0.0046813 secs]
159.986: Total time for which application threads were stopped: 0.0048548 seconds, Stopping threads took: 0.0000200 seconds
160.053: [GC (Allocation Failure)  839047K->525513K(1033728K), 0.0047179 secs]
160.058: Total time for which application threads were stopped: 0.0049068 seconds, Stopping threads took: 0.0000195 seconds
160.127: [GC (Allocation Failure)  846025K->525513K(1034240K), 0.0047365 secs]
160.132: Total time for which application threads were stopped: 0.0049011 seconds, Stopping threads took: 0.0000196 seconds
160.198: [GC (Allocation Failure)  846025K->525737K(1034240K), 0.0045419 secs]
160.202: Total time for which application threads were stopped: 0.0047015 seconds, Stopping threads took: 0.0000188 seconds
160.268: [GC (Allocation Failure)  846249K->533579K(1034240K), 0.0045928 secs]
160.272: Total time for which application threads were stopped: 0.0047578 seconds, Stopping threads took: 0.0000189 seconds
160.339: [GC (Allocation Failure)  854091K->533579K(1033216K), 0.0045811 secs]
160.344: Total time for which application threads were stopped: 0.0047443 seconds, Stopping threads took: 0.0000180 seconds
160.409: [GC (Allocation Failure)  853067K->533707K(1033728K), 0.0048916 secs]
160.414: Total time for which application threads were stopped: 0.0050510 seconds, Stopping threads took: 0.0000181 seconds
160.481: [GC (Allocation Failure)  853195K->541581K(1033728K), 0.0045052 secs]
160.486: Total time for which application threads were stopped: 0.0046747 seconds, Stopping threads took: 0.0000188 seconds
160.554: [GC (Allocation Failure)  861069K->541581K(1033728K), 0.0048273 secs]
160.558: Total time for which application threads were stopped: 0.0049856 seconds, Stopping threads took: 0.0000192 seconds
160.623: [GC (Allocation Failure)  861069K->541701K(1033728K), 0.0047481 secs]
160.628: Total time for which application threads were stopped: 0.0049086 seconds, Stopping threads took: 0.0000185 seconds
160.695: [GC (Allocation Failure)  861189K->549608K(1033728K), 0.0046724 secs]
160.700: Total time for which application threads were stopped: 0.0048522 seconds, Stopping threads took: 0.0000202 seconds
160.768: [GC (Allocation Failure)  869094K->545701K(1034240K), 0.0037889 secs]
160.772: Total time for which application threads were stopped: 0.0039600 seconds, Stopping threads took: 0.0000194 seconds
160.841: [GC (Allocation Failure)  865701K->549736K(1033728K), 0.0048327 secs]
160.846: Total time for which application threads were stopped: 0.0049854 seconds, Stopping threads took: 0.0000170 seconds
160.913: [GC (Allocation Failure)  869736K->553768K(1034752K), 0.0046519 secs]
160.918: Total time for which application threads were stopped: 0.0048196 seconds, Stopping threads took: 0.0000265 seconds
160.986: [GC (Allocation Failure)  875304K->547973K(1034752K), 0.0027070 secs]
160.989: Total time for which application threads were stopped: 0.0028620 seconds, Stopping threads took: 0.0000201 seconds
161.057: [GC (Allocation Failure)  869509K->553808K(1035264K), 0.0047491 secs]
161.062: Total time for which application threads were stopped: 0.0049321 seconds, Stopping threads took: 0.0000200 seconds
161.128: [GC (Allocation Failure)  875856K->557888K(1034752K), 0.0050287 secs]
161.133: Total time for which application threads were stopped: 0.0051995 seconds, Stopping threads took: 0.0000195 seconds
161.200: [GC (Allocation Failure)  879674K->553981K(1035776K), 0.0036360 secs]
161.203: Total time for which application threads were stopped: 0.0038025 seconds, Stopping threads took: 0.0000197 seconds
161.271: [GC (Allocation Failure)  877053K->558048K(1035264K), 0.0046711 secs]
161.275: Total time for which application threads were stopped: 0.0048291 seconds, Stopping threads took: 0.0000191 seconds
161.343: [GC (Allocation Failure)  881120K->562048K(1035264K), 0.0047018 secs]
161.348: Total time for which application threads were stopped: 0.0048696 seconds, Stopping threads took: 0.0000197 seconds
161.417: [GC (Allocation Failure)  885632K->562016K(1035776K), 0.0046134 secs]
161.421: Total time for which application threads were stopped: 0.0048089 seconds, Stopping threads took: 0.0000188 seconds
161.490: [GC (Allocation Failure)  885600K->562088K(1034752K), 0.0046964 secs]
161.495: Total time for which application threads were stopped: 0.0048793 seconds, Stopping threads took: 0.0000168 seconds
161.565: [GC (Allocation Failure)  884648K->570026K(1035264K), 0.0047756 secs]
161.569: Total time for which application threads were stopped: 0.0049241 seconds, Stopping threads took: 0.0000169 seconds
161.637: [GC (Allocation Failure)  892586K->570058K(1034240K), 0.0046538 secs]
161.641: Total time for which application threads were stopped: 0.0048145 seconds, Stopping threads took: 0.0000187 seconds
161.709: [GC (Allocation Failure)  891594K->570122K(1034752K), 0.0046830 secs]
161.714: Total time for which application threads were stopped: 0.0048590 seconds, Stopping threads took: 0.0000196 seconds
161.780: [GC (Allocation Failure)  891658K->578092K(1033728K), 0.0047804 secs]
161.785: Total time for which application threads were stopped: 0.0049449 seconds, Stopping threads took: 0.0000199 seconds
161.853: [GC (Allocation Failure)  898604K->578092K(1034240K), 0.0047618 secs]
161.858: Total time for which application threads were stopped: 0.0049285 seconds, Stopping threads took: 0.0000202 seconds
161.926: [GC (Allocation Failure)  898604K->578348K(1034240K), 0.0045793 secs]
161.930: Total time for which application threads were stopped: 0.0047704 seconds, Stopping threads took: 0.0000278 seconds
161.997: [GC (Allocation Failure)  898860K->586158K(1034240K), 0.0047962 secs]
162.002: Total time for which application threads were stopped: 0.0049541 seconds, Stopping threads took: 0.0000172 seconds
162.068: [GC (Allocation Failure)  906670K->586094K(1034240K), 0.0047114 secs]
162.072: Total time for which application threads were stopped: 0.0048902 seconds, Stopping threads took: 0.0000196 seconds
162.139: [GC (Allocation Failure)  906606K->586574K(1020416K), 0.0064464 secs]
162.146: Total time for which application threads were stopped: 0.0066334 seconds, Stopping threads took: 0.0000245 seconds
162.214: [GC (Allocation Failure)  907086K->594193K(1033728K), 0.0050846 secs]
162.219: Total time for which application threads were stopped: 0.0052561 seconds, Stopping threads took: 0.0000199 seconds
162.286: [GC (Allocation Failure)  913681K->594193K(1033728K), 0.0047466 secs]
162.291: Total time for which application threads were stopped: 0.0049175 seconds, Stopping threads took: 0.0000192 seconds
162.356: [GC (Allocation Failure)  913681K->594281K(1033728K), 0.0048109 secs]
162.361: Total time for which application threads were stopped: 0.0049753 seconds, Stopping threads took: 0.0000197 seconds
162.429: [GC (Allocation Failure)  913769K->602219K(1033728K), 0.0047311 secs]
162.434: Total time for which application threads were stopped: 0.0048990 seconds, Stopping threads took: 0.0000259 seconds
162.500: [GC (Allocation Failure)  921705K->598281K(1034240K), 0.0037404 secs]
162.504: Total time for which application threads were stopped: 0.0039103 seconds, Stopping threads took: 0.0000200 seconds
162.572: [GC (Allocation Failure)  918281K->602347K(1033728K), 0.0047278 secs]
162.577: Total time for which application threads were stopped: 0.0049034 seconds, Stopping threads took: 0.0000200 seconds
162.643: [GC (Allocation Failure)  922347K->606315K(1034752K), 0.0048935 secs]
162.648: Total time for which application threads were stopped: 0.0050651 seconds, Stopping threads took: 0.0000207 seconds
162.716: [GC (Allocation Failure)  927851K->600553K(1034752K), 0.0027883 secs]
162.719: Total time for which application threads were stopped: 0.0029531 seconds, Stopping threads took: 0.0000197 seconds
162.787: [GC (Allocation Failure)  922089K->606379K(1035776K), 0.0048460 secs]
162.791: Total time for which application threads were stopped: 0.0050167 seconds, Stopping threads took: 0.0000215 seconds
162.859: [GC (Allocation Failure)  928939K->610483K(1034752K), 0.0050335 secs]
162.864: Total time for which application threads were stopped: 0.0052163 seconds, Stopping threads took: 0.0000202 seconds
162.931: [GC (Allocation Failure)  932781K->606545K(1035776K), 0.0037011 secs]
162.935: Total time for which application threads were stopped: 0.0038596 seconds, Stopping threads took: 0.0000264 seconds
163.002: [GC (Allocation Failure)  929617K->610603K(1035264K), 0.0046925 secs]
163.007: Total time for which application threads were stopped: 0.0048892 seconds, Stopping threads took: 0.0000253 seconds
163.076: [GC (Allocation Failure)  933675K->614603K(1035264K), 0.0047707 secs]
163.081: Total time for which application threads were stopped: 0.0049652 seconds, Stopping threads took: 0.0000195 seconds
163.150: [GC (Allocation Failure)  938187K->614571K(1035776K), 0.0046293 secs]
163.155: Total time for which application threads were stopped: 0.0048219 seconds, Stopping threads took: 0.0000194 seconds
163.222: [GC (Allocation Failure)  938155K->614635K(1034752K), 0.0047896 secs]
163.227: Total time for which application threads were stopped: 0.0049751 seconds, Stopping threads took: 0.0000196 seconds
163.295: [GC (Allocation Failure)  937195K->622637K(1035264K), 0.0049157 secs]
163.300: Total time for which application threads were stopped: 0.0050919 seconds, Stopping threads took: 0.0000202 seconds
163.368: [GC (Allocation Failure)  945197K->622605K(1034240K), 0.0049260 secs]
163.373: Total time for which application threads were stopped: 0.0050932 seconds, Stopping threads took: 0.0000194 seconds
163.441: [GC (Allocation Failure)  944141K->622669K(1034752K), 0.0048645 secs]
163.446: Total time for which application threads were stopped: 0.0050398 seconds, Stopping threads took: 0.0000197 seconds
163.512: [GC (Allocation Failure)  944205K->630672K(1033728K), 0.0046974 secs]
163.517: Total time for which application threads were stopped: 0.0048641 seconds, Stopping threads took: 0.0000210 seconds
163.585: [GC (Allocation Failure)  951184K->630672K(1034240K), 0.0045440 secs]
163.590: Total time for which application threads were stopped: 0.0047126 seconds, Stopping threads took: 0.0000199 seconds
163.657: [GC (Allocation Failure)  951184K->630888K(1034240K), 0.0049379 secs]
163.662: Total time for which application threads were stopped: 0.0051092 seconds, Stopping threads took: 0.0000202 seconds
163.727: [GC (Allocation Failure)  951400K->638666K(1034240K), 0.0050377 secs]
163.732: Total time for which application threads were stopped: 0.0051966 seconds, Stopping threads took: 0.0000188 seconds
163.800: [GC (Allocation Failure)  959178K->638666K(1034240K), 0.0048794 secs]
163.805: Total time for which application threads were stopped: 0.0050598 seconds, Stopping threads took: 0.0000193 seconds
163.872: [GC (Allocation Failure)  959178K->639114K(1020416K), 0.0049641 secs]
163.877: Total time for which application threads were stopped: 0.0051417 seconds, Stopping threads took: 0.0000194 seconds
163.946: [GC (Allocation Failure)  959626K->646700K(1033728K), 0.0047085 secs]
163.951: Total time for which application threads were stopped: 0.0048745 seconds, Stopping threads took: 0.0000251 seconds
164.018: [GC (Allocation Failure)  966188K->646700K(1033728K), 0.0048402 secs]
164.023: Total time for which application threads were stopped: 0.0050400 seconds, Stopping threads took: 0.0000216 seconds
164.089: [GC (Allocation Failure)  966188K->646820K(1033728K), 0.0050192 secs]
164.094: Total time for which application threads were stopped: 0.0051910 seconds, Stopping threads took: 0.0000199 seconds
164.162: [GC (Allocation Failure)  966308K->654726K(1033728K), 0.0047841 secs]
164.166: Total time for which application threads were stopped: 0.0049573 seconds, Stopping threads took: 0.0000203 seconds
164.233: [GC (Allocation Failure)  974213K->650820K(1034240K), 0.0037501 secs]
164.237: Total time for which application threads were stopped: 0.0039441 seconds, Stopping threads took: 0.0000205 seconds
164.305: [GC (Allocation Failure)  970820K->654886K(1033728K), 0.0050721 secs]
164.310: Total time for which application threads were stopped: 0.0052289 seconds, Stopping threads took: 0.0000165 seconds
164.377: [GC (Allocation Failure)  974886K->658854K(1034752K), 0.0048357 secs]
164.382: Total time for which application threads were stopped: 0.0049947 seconds, Stopping threads took: 0.0000196 seconds
164.451: [GC (Allocation Failure)  980390K->653124K(1034752K), 0.0028219 secs]
164.453: Total time for which application threads were stopped: 0.0029939 seconds, Stopping threads took: 0.0000277 seconds
164.522: [GC (Allocation Failure)  974660K->658926K(1035776K), 0.0049006 secs]
164.527: Total time for which application threads were stopped: 0.0050820 seconds, Stopping threads took: 0.0000214 seconds
164.596: [GC (Allocation Failure)  981486K->663038K(1034752K), 0.0051705 secs]
164.601: Total time for which application threads were stopped: 0.0053395 seconds, Stopping threads took: 0.0000197 seconds
164.668: [GC (Allocation Failure)  985336K->659100K(1035776K), 0.0038275 secs]
164.672: Total time for which application threads were stopped: 0.0039946 seconds, Stopping threads took: 0.0000207 seconds
164.740: [GC (Allocation Failure)  982172K->663166K(1035264K), 0.0049939 secs]
164.745: Total time for which application threads were stopped: 0.0051535 seconds, Stopping threads took: 0.0000189 seconds
164.812: [GC (Allocation Failure)  986238K->667134K(1035264K), 0.0050206 secs]
164.817: Total time for which application threads were stopped: 0.0051908 seconds, Stopping threads took: 0.0000200 seconds
164.885: [GC (Allocation Failure)  990718K->667134K(1035776K), 0.0048714 secs]
164.890: Total time for which application threads were stopped: 0.0050381 seconds, Stopping threads took: 0.0000199 seconds
164.956: [GC (Allocation Failure)  990718K->667190K(1034752K), 0.0104653 secs]
164.967: Total time for which application threads were stopped: 0.0106439 seconds, Stopping threads took: 0.0000264 seconds
165.037: [GC (Allocation Failure)  989750K->675161K(1035264K), 0.0056888 secs]
165.043: Total time for which application threads were stopped: 0.0058576 seconds, Stopping threads took: 0.0000198 seconds
165.110: [GC (Allocation Failure)  997721K->675161K(1034240K), 0.0049967 secs]
165.115: Total time for which application threads were stopped: 0.0051894 seconds, Stopping threads took: 0.0000203 seconds
165.183: [GC (Allocation Failure)  996697K->675225K(1034752K), 0.0048708 secs]
165.188: Total time for which application threads were stopped: 0.0050301 seconds, Stopping threads took: 0.0000174 seconds
165.256: [GC (Allocation Failure)  996761K->683227K(1033728K), 0.0047831 secs]
165.261: Total time for which application threads were stopped: 0.0049426 seconds, Stopping threads took: 0.0000196 seconds
165.329: [GC (Allocation Failure)  1003739K->683195K(1034240K), 0.0056670 secs]
165.335: Total time for which application threads were stopped: 0.0058284 seconds, Stopping threads took: 0.0000249 seconds
165.402: [GC (Allocation Failure)  1003707K->683451K(1034240K), 0.0049327 secs]
165.407: Total time for which application threads were stopped: 0.0050947 seconds, Stopping threads took: 0.0000192 seconds
165.475: [GC (Allocation Failure)  1003963K->691261K(1034240K), 0.0048782 secs]
165.480: Total time for which application threads were stopped: 0.0050476 seconds, Stopping threads took: 0.0000259 seconds
165.546: [GC (Allocation Failure)  1011773K->691229K(1034240K), 0.0049915 secs]
165.551: Total time for which application threads were stopped: 0.0051556 seconds, Stopping threads took: 0.0000259 seconds
165.619: [GC (Allocation Failure)  1011741K->691685K(1020416K), 0.0050291 secs]
165.625: [Full GC (Ergonomics)  691685K->8906K(1020416K), 0.0127194 secs]
165.637: Total time for which application threads were stopped: 0.0179921 seconds, Stopping threads took: 0.0000207 seconds
165.705: [GC (Allocation Failure)  329418K->17612K(1033728K), 0.0037571 secs]
165.709: Total time for which application threads were stopped: 0.0039255 seconds, Stopping threads took: 0.0000192 seconds
165.777: [GC (Allocation Failure)  337100K->17620K(1033728K), 0.0039024 secs]
165.781: Total time for which application threads were stopped: 0.0040708 seconds, Stopping threads took: 0.0000198 seconds
165.846: [GC (Allocation Failure)  337108K->17740K(1033728K), 0.0036287 secs]
165.850: Total time for which application threads were stopped: 0.0037898 seconds, Stopping threads took: 0.0000183 seconds
165.917: [GC (Allocation Failure)  337228K->25710K(1027072K), 0.0038261 secs]
165.921: Total time for which application threads were stopped: 0.0040051 seconds, Stopping threads took: 0.0000218 seconds
165.988: [GC (Allocation Failure)  345197K->21740K(1034240K), 0.0024639 secs]
165.990: Total time for which application threads were stopped: 0.0026128 seconds, Stopping threads took: 0.0000189 seconds
166.060: [GC (Allocation Failure)  341228K->25806K(1033216K), 0.0039788 secs]
166.064: Total time for which application threads were stopped: 0.0041660 seconds, Stopping threads took: 0.0000217 seconds
166.131: [GC (Allocation Failure)  345294K->29774K(1034752K), 0.0037227 secs]
166.135: Total time for which application threads were stopped: 0.0039292 seconds, Stopping threads took: 0.0000207 seconds
166.204: [GC (Allocation Failure)  351310K->23020K(1034752K), 0.0009466 secs]
166.205: Total time for which application threads were stopped: 0.0010554 seconds, Stopping threads took: 0.0000174 seconds
166.276: [GC (Allocation Failure)  344556K->29846K(1034752K), 0.0037993 secs]
166.280: Total time for which application threads were stopped: 0.0039507 seconds, Stopping threads took: 0.0000170 seconds
166.349: [GC (Allocation Failure)  351382K->33926K(1034752K), 0.0045071 secs]
166.353: Total time for which application threads were stopped: 0.0046984 seconds, Stopping threads took: 0.0000201 seconds
166.422: [GC (Allocation Failure)  355462K->28388K(1034752K), 0.0014483 secs]
166.423: Total time for which application threads were stopped: 0.0015819 seconds, Stopping threads took: 0.0000191 seconds
166.491: [GC (Allocation Failure)  349924K->34198K(1034752K), 0.0038928 secs]
166.495: Total time for which application threads were stopped: 0.0040639 seconds, Stopping threads took: 0.0000199 seconds
166.563: [GC (Allocation Failure)  355734K->38070K(1034752K), 0.0039812 secs]
166.567: Total time for which application threads were stopped: 0.0041497 seconds, Stopping threads took: 0.0000206 seconds
166.632: [GC (Allocation Failure)  360558K->34164K(1035264K), 0.0025871 secs]
166.635: Total time for which application threads were stopped: 0.0027539 seconds, Stopping threads took: 0.0000210 seconds
166.703: [GC (Allocation Failure)  356724K->38222K(1036288K), 0.0038172 secs]
166.706: Total time for which application threads were stopped: 0.0040029 seconds, Stopping threads took: 0.0000198 seconds
166.774: [GC (Allocation Failure)  362318K->42190K(1035776K), 0.0037688 secs]
166.778: Total time for which application threads were stopped: 0.0039261 seconds, Stopping threads took: 0.0000190 seconds
166.846: [GC (Allocation Failure)  366286K->42190K(1035776K), 0.0035869 secs]
166.850: Total time for which application threads were stopped: 0.0037524 seconds, Stopping threads took: 0.0000186 seconds
166.917: [GC (Allocation Failure)  365774K->42246K(1023488K), 0.0040098 secs]
166.921: Total time for which application threads were stopped: 0.0041759 seconds, Stopping threads took: 0.0000219 seconds
166.991: [GC (Allocation Failure)  365830K->50217K(1035264K), 0.0037798 secs]
166.995: Total time for which application threads were stopped: 0.0039388 seconds, Stopping threads took: 0.0000192 seconds
167.064: [GC (Allocation Failure)  372777K->50249K(1030144K), 0.0034192 secs]
167.067: Total time for which application threads were stopped: 0.0036165 seconds, Stopping threads took: 0.0000208 seconds
167.135: [GC (Allocation Failure)  372809K->50281K(1034752K), 0.0038234 secs]
167.138: Total time for which application threads were stopped: 0.0039892 seconds, Stopping threads took: 0.0000204 seconds
167.207: [GC (Allocation Failure)  371817K->58251K(1034752K), 0.0036782 secs]
167.210: Total time for which application threads were stopped: 0.0038912 seconds, Stopping threads took: 0.0000202 seconds
167.281: [GC (Allocation Failure)  379787K->58251K(1033728K), 0.0038659 secs]
167.285: Total time for which application threads were stopped: 0.0040564 seconds, Stopping threads took: 0.0000192 seconds
167.354: [GC (Allocation Failure)  378763K->58475K(1034240K), 0.0037288 secs]
167.357: Total time for which application threads were stopped: 0.0038778 seconds, Stopping threads took: 0.0000167 seconds
167.425: [GC (Allocation Failure)  378987K->66317K(1034240K), 0.0037842 secs]
167.429: Total time for which application threads were stopped: 0.0039758 seconds, Stopping threads took: 0.0000193 seconds
167.497: [GC (Allocation Failure)  386829K->66285K(1034240K), 0.0037320 secs]
167.501: Total time for which application threads were stopped: 0.0039017 seconds, Stopping threads took: 0.0000192 seconds
167.567: [GC (Allocation Failure)  386797K->66733K(1033216K), 0.0039944 secs]
167.571: Total time for which application threads were stopped: 0.0041664 seconds, Stopping threads took: 0.0000202 seconds
167.639: [GC (Allocation Failure)  386221K->74319K(1033728K), 0.0036850 secs]
167.642: Total time for which application threads were stopped: 0.0038979 seconds, Stopping threads took: 0.0000203 seconds
167.712: [GC (Allocation Failure)  393807K->74351K(1033728K), 0.0036519 secs]
167.716: Total time for which application threads were stopped: 0.0038014 seconds, Stopping threads took: 0.0000169 seconds
167.781: [GC (Allocation Failure)  393839K->74471K(1033728K), 0.0038703 secs]
167.785: Total time for which application threads were stopped: 0.0040294 seconds, Stopping threads took: 0.0000192 seconds
167.854: [GC (Allocation Failure)  393959K->82378K(1033728K), 0.0038879 secs]
167.858: Total time for which application threads were stopped: 0.0040479 seconds, Stopping threads took: 0.0000199 seconds
167.927: [GC (Allocation Failure)  401866K->82346K(1033728K), 0.0034252 secs]
167.930: Total time for which application threads were stopped: 0.0035874 seconds, Stopping threads took: 0.0000253 seconds
167.997: [GC (Allocation Failure)  401834K->82418K(1033728K), 0.0064130 secs]
168.003: Total time for which application threads were stopped: 0.0065802 seconds, Stopping threads took: 0.0000202 seconds
168.070: [GC (Allocation Failure)  401906K->90388K(1027072K), 0.0038133 secs]
168.074: Total time for which application threads were stopped: 0.0039684 seconds, Stopping threads took: 0.0000189 seconds
168.139: [GC (Allocation Failure)  409875K->86482K(1034240K), 0.0024688 secs]
168.142: Total time for which application threads were stopped: 0.0026164 seconds, Stopping threads took: 0.0000191 seconds
168.209: [GC (Allocation Failure)  405970K->90540K(1033216K), 0.0041452 secs]
168.213: Total time for which application threads were stopped: 0.0043471 seconds, Stopping threads took: 0.0000219 seconds
168.282: [GC (Allocation Failure)  410028K->94540K(1034752K), 0.0036466 secs]
168.286: Total time for which application threads were stopped: 0.0038314 seconds, Stopping threads took: 0.0000178 seconds
168.355: [GC (Allocation Failure)  416076K->87690K(1034752K), 0.0010687 secs]
168.356: Total time for which application threads were stopped: 0.0012020 seconds, Stopping threads took: 0.0000288 seconds
168.426: [GC (Allocation Failure)  409226K->94540K(1034752K), 0.0036113 secs]
168.430: Total time for which application threads were stopped: 0.0037823 seconds, Stopping threads took: 0.0000256 seconds
168.495: [GC (Allocation Failure)  416076K->98652K(1034752K), 0.0047258 secs]
168.500: Total time for which application threads were stopped: 0.0049186 seconds, Stopping threads took: 0.0000198 seconds
168.567: [GC (Allocation Failure)  420188K->93082K(1034752K), 0.0017398 secs]
168.569: Total time for which application threads were stopped: 0.0018783 seconds, Stopping threads took: 0.0000193 seconds
168.636: [GC (Allocation Failure)  414618K->98956K(1034752K), 0.0039125 secs]
168.640: Total time for which application threads were stopped: 0.0040769 seconds, Stopping threads took: 0.0000188 seconds
168.708: [GC (Allocation Failure)  420492K->102796K(1035264K), 0.0040771 secs]
168.712: Total time for which application threads were stopped: 0.0042536 seconds, Stopping threads took: 0.0000193 seconds
168.779: [GC (Allocation Failure)  425284K->98890K(1035264K), 0.0025388 secs]
168.781: Total time for which application threads were stopped: 0.0026942 seconds, Stopping threads took: 0.0000196 seconds
168.851: [GC (Allocation Failure)  421450K->102948K(1036288K), 0.0039768 secs]
168.855: Total time for which application threads were stopped: 0.0041341 seconds, Stopping threads took: 0.0000192 seconds
168.923: [GC (Allocation Failure)  427044K->106884K(1035776K), 0.0035810 secs]
168.926: Total time for which application threads were stopped: 0.0037492 seconds, Stopping threads took: 0.0000251 seconds
168.996: [GC (Allocation Failure)  430980K->106948K(1035776K), 0.0036415 secs]
169.000: Total time for which application threads were stopped: 0.0038082 seconds, Stopping threads took: 0.0000191 seconds
169.067: [GC (Allocation Failure)  430532K->106980K(1023488K), 0.0041053 secs]
169.071: Total time for which application threads were stopped: 0.0042622 seconds, Stopping threads took: 0.0000192 seconds
169.137: [GC (Allocation Failure)  430564K->114982K(1035264K), 0.0038173 secs]
169.141: Total time for which application threads were stopped: 0.0039738 seconds, Stopping threads took: 0.0000187 seconds
169.208: [GC (Allocation Failure)  437542K->114950K(1030144K), 0.0043855 secs]
169.213: Total time for which application threads were stopped: 0.0045531 seconds, Stopping threads took: 0.0000193 seconds
169.281: [GC (Allocation Failure)  437510K->115014K(1034752K), 0.0038069 secs]
169.285: Total time for which application threads were stopped: 0.0039760 seconds, Stopping threads took: 0.0000195 seconds
169.353: [GC (Allocation Failure)  436550K->122984K(1029120K), 0.0040978 secs]
169.357: Total time for which application threads were stopped: 0.0042544 seconds, Stopping threads took: 0.0000174 seconds
169.425: [GC (Allocation Failure)  444520K->122984K(1034240K), 0.0035609 secs]
169.429: Total time for which application threads were stopped: 0.0037267 seconds, Stopping threads took: 0.0000264 seconds
169.496: [GC (Allocation Failure)  443496K->123208K(1034240K), 0.0038597 secs]
169.500: Total time for which application threads were stopped: 0.0040334 seconds, Stopping threads took: 0.0000264 seconds
169.567: [GC (Allocation Failure)  443720K->131019K(1034240K), 0.0038409 secs]
169.571: Total time for which application threads were stopped: 0.0040325 seconds, Stopping threads took: 0.0000202 seconds
169.640: [GC (Allocation Failure)  451531K->131019K(1034240K), 0.0039311 secs]
169.644: Total time for which application threads were stopped: 0.0040807 seconds, Stopping threads took: 0.0000167 seconds
169.711: [GC (Allocation Failure)  451531K->131467K(1033216K), 0.0040076 secs]
169.715: Total time for which application threads were stopped: 0.0041832 seconds, Stopping threads took: 0.0000195 seconds
169.782: [GC (Allocation Failure)  450955K->139053K(1033728K), 0.0040461 secs]
169.786: Total time for which application threads were stopped: 0.0042068 seconds, Stopping threads took: 0.0000195 seconds
169.855: [GC (Allocation Failure)  458541K->139053K(1033728K), 0.0037469 secs]
169.859: Total time for which application threads were stopped: 0.0039255 seconds, Stopping threads took: 0.0000211 seconds
169.924: [GC (Allocation Failure)  458541K->139181K(1033728K), 0.0039417 secs]
169.929: Total time for which application threads were stopped: 0.0041165 seconds, Stopping threads took: 0.0000297 seconds
169.997: [GC (Allocation Failure)  458669K->147119K(1033728K), 0.0038159 secs]
170.000: Total time for which application threads were stopped: 0.0039782 seconds, Stopping threads took: 0.0000195 seconds
170.068: [GC (Allocation Failure)  466607K->147119K(1033728K), 0.0039370 secs]
170.072: Total time for which application threads were stopped: 0.0041005 seconds, Stopping threads took: 0.0000200 seconds
170.139: [GC (Allocation Failure)  466607K->147143K(1033728K), 0.0038226 secs]
170.143: Total time for which application threads were stopped: 0.0040178 seconds, Stopping threads took: 0.0000194 seconds
170.211: [GC (Allocation Failure)  466631K->155145K(1027072K), 0.0040369 secs]
170.215: Total time for which application threads were stopped: 0.0043337 seconds, Stopping threads took: 0.0000210 seconds
170.280: [GC (Allocation Failure)  474633K->151207K(1034240K), 0.0029695 secs]
170.283: Total time for which application threads were stopped: 0.0031359 seconds, Stopping threads took: 0.0000197 seconds
170.351: [GC (Allocation Failure)  470695K->155273K(1033216K), 0.0041518 secs]
170.355: Total time for which application threads were stopped: 0.0043108 seconds, Stopping threads took: 0.0000189 seconds
170.422: [GC (Allocation Failure)  474761K->159273K(1034752K), 0.0040889 secs]
170.427: Total time for which application threads were stopped: 0.0042686 seconds, Stopping threads took: 0.0000198 seconds
170.493: [GC (Allocation Failure)  480809K->152455K(1034752K), 0.0014810 secs]
170.494: Total time for which application threads were stopped: 0.0016049 seconds, Stopping threads took: 0.0000189 seconds
170.561: [GC (Allocation Failure)  473991K->159305K(1034752K), 0.0040033 secs]
170.565: Total time for which application threads were stopped: 0.0041711 seconds, Stopping threads took: 0.0000190 seconds
170.631: [GC (Allocation Failure)  480841K->163385K(1034752K), 0.0049121 secs]
170.636: Total time for which application threads were stopped: 0.0050814 seconds, Stopping threads took: 0.0000280 seconds
170.702: [GC (Allocation Failure)  484921K->157847K(1034752K), 0.0019068 secs]
170.704: Total time for which application threads were stopped: 0.0020459 seconds, Stopping threads took: 0.0000192 seconds
170.771: [GC (Allocation Failure)  479383K->163689K(1034752K), 0.0040313 secs]
170.776: Total time for which application threads were stopped: 0.0041880 seconds, Stopping threads took: 0.0000190 seconds
170.842: [GC (Allocation Failure)  485225K->167529K(1035264K), 0.0043841 secs]
170.847: Total time for which application threads were stopped: 0.0045447 seconds, Stopping threads took: 0.0000197 seconds
170.913: [GC (Allocation Failure)  490018K->163623K(1035264K), 0.0026707 secs]
170.916: Total time for which application threads were stopped: 0.0028487 seconds, Stopping threads took: 0.0000222 seconds
170.986: [GC (Allocation Failure)  486183K->167689K(1036288K), 0.0041351 secs]
170.990: Total time for which application threads were stopped: 0.0043029 seconds, Stopping threads took: 0.0000207 seconds
171.058: [GC (Allocation Failure)  491785K->171689K(1035776K), 0.0040518 secs]
171.062: Total time for which application threads were stopped: 0.0042116 seconds, Stopping threads took: 0.0000198 seconds
171.131: [GC (Allocation Failure)  495785K->171657K(1035776K), 0.0038168 secs]
171.135: Total time for which application threads were stopped: 0.0039761 seconds, Stopping threads took: 0.0000191 seconds
171.203: [GC (Allocation Failure)  495241K->171721K(1023488K), 0.0040098 secs]
171.207: Total time for which application threads were stopped: 0.0041898 seconds, Stopping threads took: 0.0000239 seconds
171.274: [GC (Allocation Failure)  495305K->179724K(1035264K), 0.0039409 secs]
171.278: Total time for which application threads were stopped: 0.0041003 seconds, Stopping threads took: 0.0000259 seconds
171.347: [GC (Allocation Failure)  502284K->179692K(1030144K), 0.0038006 secs]
171.351: Total time for which application threads were stopped: 0.0039614 seconds, Stopping threads took: 0.0000199 seconds
171.418: [GC (Allocation Failure)  502252K->179756K(1034752K), 0.0040390 secs]
171.422: Total time for which application threads were stopped: 0.0042130 seconds, Stopping threads took: 0.0000211 seconds
171.491: [GC (Allocation Failure)  501292K->187694K(1034752K), 0.0040883 secs]
171.495: Total time for which application threads were stopped: 0.0042572 seconds, Stopping threads took: 0.0000260 seconds
171.563: [GC (Allocation Failure)  509230K->187758K(1033728K), 0.0038697 secs]
171.567: Total time for which application threads were stopped: 0.0040356 seconds, Stopping threads took: 0.0000255 seconds
171.635: [GC (Allocation Failure)  508270K->187950K(1034240K), 0.0047404 secs]
171.639: Total time for which application threads were stopped: 0.0049365 seconds, Stopping threads took: 0.0000392 seconds
171.707: [GC (Allocation Failure)  508462K->195760K(1034240K), 0.0046265 secs]
171.712: Total time for which application threads were stopped: 0.0048061 seconds, Stopping threads took: 0.0000201 seconds
171.782: [GC (Allocation Failure)  516272K->195760K(1034240K), 0.0042304 secs]
171.786: Total time for which application threads were stopped: 0.0044479 seconds, Stopping threads took: 0.0000215 seconds
171.855: [GC (Allocation Failure)  516272K->196200K(1033216K), 0.0042007 secs]
171.859: Total time for which application threads were stopped: 0.0043955 seconds, Stopping threads took: 0.0000219 seconds
171.926: [GC (Allocation Failure)  515688K->203787K(1033728K), 0.0064649 secs]
171.932: Total time for which application threads were stopped: 0.0066414 seconds, Stopping threads took: 0.0000283 seconds
172.000: [GC (Allocation Failure)  523275K->203787K(1033728K), 0.0040373 secs]
172.005: Total time for which application threads were stopped: 0.0041954 seconds, Stopping threads took: 0.0000189 seconds
172.069: [GC (Allocation Failure)  523275K->203907K(1033728K), 0.0045454 secs]
172.074: Total time for which application threads were stopped: 0.0047049 seconds, Stopping threads took: 0.0000191 seconds
172.141: [GC (Allocation Failure)  523395K->211813K(1033728K), 0.0040393 secs]
172.145: Total time for which application threads were stopped: 0.0042063 seconds, Stopping threads took: 0.0000189 seconds
172.212: [GC (Allocation Failure)  531301K->211781K(1033728K), 0.0042040 secs]
172.216: Total time for which application threads were stopped: 0.0043704 seconds, Stopping threads took: 0.0000196 seconds
172.282: [GC (Allocation Failure)  531269K->211885K(1033728K), 0.0040379 secs]
172.286: Total time for which application threads were stopped: 0.0042003 seconds, Stopping threads took: 0.0000197 seconds
172.356: [GC (Allocation Failure)  531373K->219887K(1027072K), 0.0040839 secs]
172.360: Total time for which application threads were stopped: 0.0042733 seconds, Stopping threads took: 0.0000195 seconds
172.426: [GC (Allocation Failure)  539375K->215917K(1034240K), 0.0042665 secs]
172.431: Total time for which application threads were stopped: 0.0044351 seconds, Stopping threads took: 0.0000274 seconds
172.498: [GC (Allocation Failure)  535405K->219983K(1033216K), 0.0042265 secs]
172.503: Total time for which application threads were stopped: 0.0043915 seconds, Stopping threads took: 0.0000198 seconds
172.570: [GC (Allocation Failure)  539471K->223983K(1034752K), 0.0041578 secs]
172.575: Total time for which application threads were stopped: 0.0043382 seconds, Stopping threads took: 0.0000223 seconds
172.641: [GC (Allocation Failure)  545519K->217229K(1034752K), 0.0014653 secs]
172.643: Total time for which application threads were stopped: 0.0016215 seconds, Stopping threads took: 0.0000222 seconds
172.712: [GC (Allocation Failure)  538765K->224047K(1034752K), 0.0039824 secs]
172.716: Total time for which application threads were stopped: 0.0041640 seconds, Stopping threads took: 0.0000222 seconds
172.782: [GC (Allocation Failure)  545583K->228095K(1034752K), 0.0051051 secs]
172.788: Total time for which application threads were stopped: 0.0052677 seconds, Stopping threads took: 0.0000197 seconds
172.853: [GC (Allocation Failure)  549631K->222589K(1034752K), 0.0020929 secs]
172.855: Total time for which application threads were stopped: 0.0022429 seconds, Stopping threads took: 0.0000203 seconds
172.923: [GC (Allocation Failure)  544125K->228367K(1034752K), 0.0040391 secs]
172.927: Total time for which application threads were stopped: 0.0042334 seconds, Stopping threads took: 0.0000200 seconds
172.996: [GC (Allocation Failure)  549903K->232247K(1034752K), 0.0044084 secs]
173.000: Total time for which application threads were stopped: 0.0045877 seconds, Stopping threads took: 0.0000283 seconds
173.067: [GC (Allocation Failure)  554735K->228373K(1035264K), 0.0028441 secs]
173.070: Total time for which application threads were stopped: 0.0030092 seconds, Stopping threads took: 0.0000192 seconds
173.138: [GC (Allocation Failure)  550933K->232431K(1036288K), 0.0042421 secs]
173.142: Total time for which application threads were stopped: 0.0044021 seconds, Stopping threads took: 0.0000192 seconds
173.209: [GC (Allocation Failure)  556527K->236399K(1035776K), 0.0041849 secs]
173.214: Total time for which application threads were stopped: 0.0043749 seconds, Stopping threads took: 0.0000194 seconds
173.284: [GC (Allocation Failure)  560495K->236399K(1035776K), 0.0039676 secs]
173.288: Total time for which application threads were stopped: 0.0041245 seconds, Stopping threads took: 0.0000164 seconds
173.356: [GC (Allocation Failure)  559983K->236455K(1023488K), 0.0040365 secs]
173.360: Total time for which application threads were stopped: 0.0041974 seconds, Stopping threads took: 0.0000198 seconds
173.426: [GC (Allocation Failure)  560039K->244457K(1035264K), 0.0041525 secs]
173.431: Total time for which application threads were stopped: 0.0043348 seconds, Stopping threads took: 0.0000204 seconds
173.500: [GC (Allocation Failure)  567017K->244393K(1030144K), 0.0040664 secs]
173.505: Total time for which application threads were stopped: 0.0042447 seconds, Stopping threads took: 0.0000201 seconds
173.572: [GC (Allocation Failure)  566953K->244489K(1034752K), 0.0040306 secs]
173.576: Total time for which application threads were stopped: 0.0041954 seconds, Stopping threads took: 0.0000206 seconds
173.644: [GC (Allocation Failure)  566025K->252460K(1034752K), 0.0043229 secs]
173.648: Total time for which application threads were stopped: 0.0044924 seconds, Stopping threads took: 0.0000197 seconds
173.716: [GC (Allocation Failure)  573996K->252460K(1033728K), 0.0038618 secs]
173.720: Total time for which application threads were stopped: 0.0040563 seconds, Stopping threads took: 0.0000202 seconds
173.788: [GC (Allocation Failure)  572972K->252708K(1034240K), 0.0043845 secs]
173.793: Total time for which application threads were stopped: 0.0045801 seconds, Stopping threads took: 0.0000197 seconds
173.862: [GC (Allocation Failure)  573220K->260518K(1034240K), 0.0041408 secs]
173.866: Total time for which application threads were stopped: 0.0043086 seconds, Stopping threads took: 0.0000195 seconds
173.934: [GC (Allocation Failure)  581030K->260486K(1034240K), 0.0041646 secs]
173.938: Total time for which application threads were stopped: 0.0043639 seconds, Stopping threads took: 0.0000275 seconds
174.005: [GC (Allocation Failure)  580998K->260910K(1033216K), 0.0041722 secs]
174.009: Total time for which application threads were stopped: 0.0043490 seconds, Stopping threads took: 0.0000269 seconds
174.076: [GC (Allocation Failure)  580398K->268560K(1033728K), 0.0042658 secs]
174.081: Total time for which application threads were stopped: 0.0044344 seconds, Stopping threads took: 0.0000192 seconds
174.148: [GC (Allocation Failure)  588048K->268528K(1033728K), 0.0041842 secs]
174.152: Total time for which application threads were stopped: 0.0043730 seconds, Stopping threads took: 0.0000186 seconds
174.218: [GC (Allocation Failure)  588016K->268648K(1033728K), 0.0040266 secs]
174.222: Total time for which application threads were stopped: 0.0042114 seconds, Stopping threads took: 0.0000159 seconds
174.291: [GC (Allocation Failure)  588136K->276586K(1033728K), 0.0040143 secs]
174.295: Total time for which application threads were stopped: 0.0041768 seconds, Stopping threads took: 0.0000194 seconds
174.363: [GC (Allocation Failure)  596074K->276554K(1033728K), 0.0042231 secs]
174.368: Total time for which application threads were stopped: 0.0043866 seconds, Stopping threads took: 0.0000189 seconds
174.435: [GC (Allocation Failure)  596042K->276618K(1033728K), 0.0041251 secs]
174.439: Total time for which application threads were stopped: 0.0043071 seconds, Stopping threads took: 0.0000250 seconds
174.506: [GC (Allocation Failure)  596106K->284589K(1027072K), 0.0050759 secs]
174.512: Total time for which application threads were stopped: 0.0052515 seconds, Stopping threads took: 0.0000251 seconds
174.577: [GC (Allocation Failure)  604076K->280714K(1034240K), 0.0030816 secs]
174.580: Total time for which application threads were stopped: 0.0032552 seconds, Stopping threads took: 0.0000226 seconds
174.647: [GC (Allocation Failure)  600202K->284741K(1033216K), 0.0044171 secs]
174.652: Total time for which application threads were stopped: 0.0045950 seconds, Stopping threads took: 0.0000200 seconds
174.719: [GC (Allocation Failure)  604229K->288677K(1034752K), 0.0041913 secs]
174.724: Total time for which application threads were stopped: 0.0043604 seconds, Stopping threads took: 0.0000197 seconds
174.790: [GC (Allocation Failure)  610213K->281890K(1034752K), 0.0016799 secs]
174.792: Total time for which application threads were stopped: 0.0018232 seconds, Stopping threads took: 0.0000206 seconds
174.862: [GC (Allocation Failure)  603426K->288781K(1034752K), 0.0042256 secs]
174.866: Total time for which application threads were stopped: 0.0043904 seconds, Stopping threads took: 0.0000193 seconds
174.933: [GC (Allocation Failure)  610317K->292893K(1034752K), 0.0049828 secs]
174.938: Total time for which application threads were stopped: 0.0051546 seconds, Stopping threads took: 0.0000203 seconds
175.003: [GC (Allocation Failure)  614429K->287322K(1034752K), 0.0022058 secs]
175.006: Total time for which application threads were stopped: 0.0023651 seconds, Stopping threads took: 0.0000288 seconds
175.075: [GC (Allocation Failure)  608858K->293101K(1034752K), 0.0044211 secs]
175.079: Total time for which application threads were stopped: 0.0046192 seconds, Stopping threads took: 0.0000353 seconds
175.146: [GC (Allocation Failure)  614637K->297037K(1034752K), 0.0046568 secs]
175.151: Total time for which application threads were stopped: 0.0048348 seconds, Stopping threads took: 0.0000211 seconds
175.217: [GC (Allocation Failure)  619525K->293098K(1035264K), 0.0030224 secs]
175.220: Total time for which application threads were stopped: 0.0031969 seconds, Stopping threads took: 0.0000190 seconds
175.288: [GC (Allocation Failure)  615658K->297101K(1036288K), 0.0050388 secs]
175.293: Total time for which application threads were stopped: 0.0052133 seconds, Stopping threads took: 0.0000218 seconds
175.361: [GC (Allocation Failure)  621197K->301133K(1035776K), 0.0041218 secs]
175.366: Total time for which application threads were stopped: 0.0042840 seconds, Stopping threads took: 0.0000197 seconds
175.434: [GC (Allocation Failure)  625229K->301133K(1035776K), 0.0040175 secs]
175.438: Total time for which application threads were stopped: 0.0041765 seconds, Stopping threads took: 0.0000190 seconds
175.506: [GC (Allocation Failure)  624717K->301197K(1023488K), 0.0045096 secs]
175.510: Total time for which application threads were stopped: 0.0046872 seconds, Stopping threads took: 0.0000272 seconds
175.578: [GC (Allocation Failure)  624781K->309167K(1035264K), 0.0045422 secs]
175.583: Total time for which application threads were stopped: 0.0047016 seconds, Stopping threads took: 0.0000189 seconds
175.651: [GC (Allocation Failure)  631727K->309167K(1030144K), 0.0042749 secs]
175.655: Total time for which application threads were stopped: 0.0044733 seconds, Stopping threads took: 0.0000270 seconds
175.724: [GC (Allocation Failure)  631727K->309231K(1034752K), 0.0048848 secs]
175.729: Total time for which application threads were stopped: 0.0050279 seconds, Stopping threads took: 0.0000173 seconds
175.796: [GC (Allocation Failure)  630767K->317201K(1034752K), 0.0045003 secs]
175.801: Total time for which application threads were stopped: 0.0046946 seconds, Stopping threads took: 0.0000196 seconds
175.871: [GC (Allocation Failure)  638737K->317201K(1033728K), 0.0041567 secs]
175.875: Total time for which application threads were stopped: 0.0043308 seconds, Stopping threads took: 0.0000379 seconds
175.942: [GC (Allocation Failure)  637713K->317417K(1034240K), 0.0041638 secs]
175.946: Total time for which application threads were stopped: 0.0043536 seconds, Stopping threads took: 0.0000192 seconds
176.015: [GC (Allocation Failure)  637929K->325259K(1034240K), 0.0043655 secs]
176.019: Total time for which application threads were stopped: 0.0045133 seconds, Stopping threads took: 0.0000166 seconds
176.087: [GC (Allocation Failure)  645771K->325259K(1034240K), 0.0043847 secs]
176.091: Total time for which application threads were stopped: 0.0045662 seconds, Stopping threads took: 0.0000208 seconds
176.160: [GC (Allocation Failure)  645771K->325635K(1033216K), 0.0046464 secs]
176.165: Total time for which application threads were stopped: 0.0048197 seconds, Stopping threads took: 0.0000203 seconds
176.234: [GC (Allocation Failure)  645123K->333286K(1033728K), 0.0044155 secs]
176.238: Total time for which application threads were stopped: 0.0045958 seconds, Stopping threads took: 0.0000195 seconds
176.305: [GC (Allocation Failure)  652774K->333254K(1033728K), 0.0043395 secs]
176.310: Total time for which application threads were stopped: 0.0045129 seconds, Stopping threads took: 0.0000206 seconds
176.375: [GC (Allocation Failure)  652742K->333390K(1033728K), 0.0044771 secs]
176.380: Total time for which application threads were stopped: 0.0046501 seconds, Stopping threads took: 0.0000192 seconds
176.447: [GC (Allocation Failure)  652878K->341328K(1033728K), 0.0041873 secs]
176.452: Total time for which application threads were stopped: 0.0043653 seconds, Stopping threads took: 0.0000261 seconds
176.521: [GC (Allocation Failure)  660816K->341296K(1033728K), 0.0043266 secs]
176.525: Total time for which application threads were stopped: 0.0044955 seconds, Stopping threads took: 0.0000196 seconds
176.592: [GC (Allocation Failure)  660784K->341352K(1033728K), 0.0043138 secs]
176.596: Total time for which application threads were stopped: 0.0044849 seconds, Stopping threads took: 0.0000194 seconds
176.663: [GC (Allocation Failure)  660840K->349290K(1027072K), 0.0044828 secs]
176.668: Total time for which application threads were stopped: 0.0046423 seconds, Stopping threads took: 0.0000204 seconds
176.733: [GC (Allocation Failure)  668778K->345416K(1034240K), 0.0034184 secs]
176.736: Total time for which application threads were stopped: 0.0035685 seconds, Stopping threads took: 0.0000186 seconds
176.805: [GC (Allocation Failure)  664904K->349450K(1033216K), 0.0044039 secs]
176.809: Total time for which application threads were stopped: 0.0045703 seconds, Stopping threads took: 0.0000188 seconds
176.877: [GC (Allocation Failure)  668938K->353450K(1034752K), 0.0042395 secs]
176.881: Total time for which application threads were stopped: 0.0044116 seconds, Stopping threads took: 0.0000197 seconds
176.947: [GC (Allocation Failure)  674986K->346696K(1034752K), 0.0016560 secs]
176.949: Total time for which application threads were stopped: 0.0017876 seconds, Stopping threads took: 0.0000262 seconds
177.016: [GC (Allocation Failure)  668232K->353554K(1034752K), 0.0051188 secs]
177.021: Total time for which application threads were stopped: 0.0052772 seconds, Stopping threads took: 0.0000192 seconds
177.087: [GC (Allocation Failure)  675090K->357594K(1034752K), 0.0053005 secs]
177.092: Total time for which application threads were stopped: 0.0054565 seconds, Stopping threads took: 0.0000190 seconds
177.159: [GC (Allocation Failure)  679130K->352024K(1034752K), 0.0022535 secs]
177.162: Total time for which application threads were stopped: 0.0024041 seconds, Stopping threads took: 0.0000195 seconds
177.229: [GC (Allocation Failure)  673560K->357866K(1034752K), 0.0044618 secs]
177.233: Total time for which application threads were stopped: 0.0046220 seconds, Stopping threads took: 0.0000193 seconds
177.301: [GC (Allocation Failure)  679402K->361746K(1035264K), 0.0047067 secs]
177.305: Total time for which application threads were stopped: 0.0048704 seconds, Stopping threads took: 0.0000204 seconds
177.374: [GC (Allocation Failure)  684235K->357840K(1035264K), 0.0032899 secs]
177.377: Total time for which application threads were stopped: 0.0034495 seconds, Stopping threads took: 0.0000201 seconds
177.445: [GC (Allocation Failure)  680400K->361898K(1036288K), 0.0043655 secs]
177.450: Total time for which application threads were stopped: 0.0045246 seconds, Stopping threads took: 0.0000263 seconds
177.518: [GC (Allocation Failure)  685994K->365898K(1035776K), 0.0043906 secs]
177.523: Total time for which application threads were stopped: 0.0045545 seconds, Stopping threads took: 0.0000259 seconds
177.593: [GC (Allocation Failure)  689994K->365898K(1035776K), 0.0043113 secs]
177.598: Total time for which application threads were stopped: 0.0044770 seconds, Stopping threads took: 0.0000189 seconds
177.665: [GC (Allocation Failure)  689482K->365930K(1023488K), 0.0042780 secs]
177.669: Total time for which application threads were stopped: 0.0044680 seconds, Stopping threads took: 0.0000194 seconds
177.737: [GC (Allocation Failure)  689514K->373933K(1035264K), 0.0046258 secs]
177.742: Total time for which application threads were stopped: 0.0047954 seconds, Stopping threads took: 0.0000198 seconds
177.809: [GC (Allocation Failure)  696493K->373901K(1030144K), 0.0043042 secs]
177.813: Total time for which application threads were stopped: 0.0045245 seconds, Stopping threads took: 0.0000199 seconds
177.882: [GC (Allocation Failure)  696461K->373965K(1034752K), 0.0043466 secs]
177.887: Total time for which application threads were stopped: 0.0045149 seconds, Stopping threads took: 0.0000168 seconds
177.954: [GC (Allocation Failure)  695501K->381967K(1029120K), 0.0044848 secs]
177.959: Total time for which application threads were stopped: 0.0046877 seconds, Stopping threads took: 0.0000282 seconds
178.029: [GC (Allocation Failure)  703503K->381967K(1034240K), 0.0043096 secs]
178.034: Total time for which application threads were stopped: 0.0045011 seconds, Stopping threads took: 0.0000196 seconds
178.101: [GC (Allocation Failure)  702479K->382183K(1034240K), 0.0044211 secs]
178.106: Total time for which application threads were stopped: 0.0045949 seconds, Stopping threads took: 0.0000196 seconds
178.173: [GC (Allocation Failure)  702695K->389961K(1034240K), 0.0041996 secs]
178.178: Total time for which application threads were stopped: 0.0043632 seconds, Stopping threads took: 0.0000191 seconds
178.245: [GC (Allocation Failure)  710473K->389961K(1034240K), 0.0045541 secs]
178.250: Total time for which application threads were stopped: 0.0047362 seconds, Stopping threads took: 0.0000196 seconds
178.317: [GC (Allocation Failure)  710473K->390377K(1033216K), 0.0099646 secs]
178.327: Total time for which application threads were stopped: 0.0101601 seconds, Stopping threads took: 0.0000252 seconds
178.395: [GC (Allocation Failure)  709865K->397995K(1033728K), 0.0045548 secs]
178.399: Total time for which application threads were stopped: 0.0047688 seconds, Stopping threads took: 0.0000276 seconds
178.467: [GC (Allocation Failure)  717483K->397963K(1033728K), 0.0043512 secs]
178.472: Total time for which application threads were stopped: 0.0045284 seconds, Stopping threads took: 0.0000278 seconds
178.537: [GC (Allocation Failure)  717451K->398123K(1033728K), 0.0043672 secs]
178.542: Total time for which application threads were stopped: 0.0045431 seconds, Stopping threads took: 0.0000253 seconds
178.610: [GC (Allocation Failure)  717611K->406030K(1033728K), 0.0042683 secs]
178.615: Total time for which application threads were stopped: 0.0044683 seconds, Stopping threads took: 0.0000199 seconds
178.683: [GC (Allocation Failure)  725518K->406030K(1033728K), 0.0045564 secs]
178.688: Total time for which application threads were stopped: 0.0047233 seconds, Stopping threads took: 0.0000187 seconds
178.754: [GC (Allocation Failure)  725518K->406094K(1033728K), 0.0046018 secs]
178.759: Total time for which application threads were stopped: 0.0047755 seconds, Stopping threads took: 0.0000196 seconds
178.825: [GC (Allocation Failure)  725582K->414096K(1027072K), 0.0046255 secs]
178.830: Total time for which application threads were stopped: 0.0047951 seconds, Stopping threads took: 0.0000196 seconds
178.895: [GC (Allocation Failure)  733583K->410158K(1034240K), 0.0033810 secs]
178.898: Total time for which application threads were stopped: 0.0035414 seconds, Stopping threads took: 0.0000201 seconds
178.966: [GC (Allocation Failure)  729646K->414224K(1033216K), 0.0045655 secs]
178.970: Total time for which application threads were stopped: 0.0047398 seconds, Stopping threads took: 0.0000263 seconds
179.037: [GC (Allocation Failure)  733712K->418192K(1034752K), 0.0044487 secs]
179.042: Total time for which application threads were stopped: 0.0046458 seconds, Stopping threads took: 0.0000199 seconds
179.110: [GC (Allocation Failure)  739728K->411406K(1034752K), 0.0017549 secs]
179.112: Total time for which application threads were stopped: 0.0018821 seconds, Stopping threads took: 0.0000173 seconds
179.179: [GC (Allocation Failure)  732942K->418264K(1034752K), 0.0044549 secs]
179.183: Total time for which application threads were stopped: 0.0046165 seconds, Stopping threads took: 0.0000197 seconds
179.249: [GC (Allocation Failure)  739800K->422344K(1034752K), 0.0054609 secs]
179.255: Total time for which application threads were stopped: 0.0056761 seconds, Stopping threads took: 0.0000207 seconds
179.322: [GC (Allocation Failure)  743880K->416806K(1034752K), 0.0025285 secs]
179.324: Total time for which application threads were stopped: 0.0026792 seconds, Stopping threads took: 0.0000237 seconds
179.393: [GC (Allocation Failure)  738342K->422648K(1034752K), 0.0044952 secs]
179.397: Total time for which application threads were stopped: 0.0046668 seconds, Stopping threads took: 0.0000198 seconds
179.466: [GC (Allocation Failure)  744184K->426480K(1035264K), 0.0048247 secs]
179.471: Total time for which application threads were stopped: 0.0050009 seconds, Stopping threads took: 0.0000261 seconds
179.537: [GC (Allocation Failure)  748968K->422574K(1035264K), 0.0033313 secs]
179.541: Total time for which application threads were stopped: 0.0035022 seconds, Stopping threads took: 0.0000206 seconds
179.608: [GC (Allocation Failure)  745134K->426640K(1036288K), 0.0044769 secs]
179.613: Total time for which application threads were stopped: 0.0046470 seconds, Stopping threads took: 0.0000202 seconds
179.680: [GC (Allocation Failure)  750736K->430608K(1035776K), 0.0043535 secs]
179.685: Total time for which application threads were stopped: 0.0045314 seconds, Stopping threads took: 0.0000195 seconds
179.753: [GC (Allocation Failure)  754704K->430640K(1035776K), 0.0045256 secs]
179.757: Total time for which application threads were stopped: 0.0046868 seconds, Stopping threads took: 0.0000200 seconds
179.825: [GC (Allocation Failure)  754224K->430664K(1023488K), 0.0046096 secs]
179.829: Total time for which application threads were stopped: 0.0047794 seconds, Stopping threads took: 0.0000191 seconds
179.895: [GC (Allocation Failure)  754248K->438666K(1035264K), 0.0045125 secs]
179.900: Total time for which application threads were stopped: 0.0046852 seconds, Stopping threads took: 0.0000191 seconds
179.968: [GC (Allocation Failure)  761226K->438666K(1030144K), 0.0043984 secs]
179.972: Total time for which application threads were stopped: 0.0045659 seconds, Stopping threads took: 0.0000275 seconds
180.039: [GC (Allocation Failure)  761226K->438698K(1034752K), 0.0044603 secs]
180.044: Total time for which application threads were stopped: 0.0046547 seconds, Stopping threads took: 0.0000200 seconds
180.113: [GC (Allocation Failure)  760234K->446668K(1029120K), 0.0048049 secs]
180.117: Total time for which application threads were stopped: 0.0049799 seconds, Stopping threads took: 0.0000201 seconds
180.185: [GC (Allocation Failure)  768204K->446668K(1034240K), 0.0055845 secs]
180.191: Total time for which application threads were stopped: 0.0057683 seconds, Stopping threads took: 0.0000213 seconds
180.259: [GC (Allocation Failure)  767180K->446916K(1034240K), 0.0047497 secs]
180.264: Total time for which application threads were stopped: 0.0049245 seconds, Stopping threads took: 0.0000199 seconds
180.332: [GC (Allocation Failure)  767428K->454727K(1034240K), 0.0056759 secs]
180.338: Total time for which application threads were stopped: 0.0058615 seconds, Stopping threads took: 0.0000266 seconds
180.408: [GC (Allocation Failure)  775239K->454695K(1034240K), 0.0046109 secs]
180.412: Total time for which application threads were stopped: 0.0047734 seconds, Stopping threads took: 0.0000175 seconds
180.480: [GC (Allocation Failure)  775207K->455143K(1033216K), 0.0046153 secs]
180.485: Total time for which application threads were stopped: 0.0048072 seconds, Stopping threads took: 0.0000193 seconds
180.553: [GC (Allocation Failure)  774631K->462729K(1033728K), 0.0046305 secs]
180.557: Total time for which application threads were stopped: 0.0047944 seconds, Stopping threads took: 0.0000187 seconds
180.625: [GC (Allocation Failure)  782217K->462729K(1033728K), 0.0045791 secs]
180.629: Total time for which application threads were stopped: 0.0047671 seconds, Stopping threads took: 0.0000188 seconds
180.696: [GC (Allocation Failure)  782217K->462857K(1033728K), 0.0045301 secs]
180.700: Total time for which application threads were stopped: 0.0047083 seconds, Stopping threads took: 0.0000189 seconds
180.767: [GC (Allocation Failure)  782345K->470795K(1033728K), 0.0044115 secs]
180.772: Total time for which application threads were stopped: 0.0045814 seconds, Stopping threads took: 0.0000199 seconds
180.839: [GC (Allocation Failure)  790283K->470795K(1033728K), 0.0045775 secs]
180.843: Total time for which application threads were stopped: 0.0047654 seconds, Stopping threads took: 0.0000196 seconds
180.910: [GC (Allocation Failure)  790283K->470819K(1033728K), 0.0046740 secs]
180.915: Total time for which application threads were stopped: 0.0048575 seconds, Stopping threads took: 0.0000191 seconds
180.981: [GC (Allocation Failure)  790307K->478789K(1027072K), 0.0047572 secs]
180.986: Total time for which application threads were stopped: 0.0049286 seconds, Stopping threads took: 0.0000274 seconds
181.051: [GC (Allocation Failure)  798277K->474883K(1034240K), 0.0035354 secs]
181.054: Total time for which application threads were stopped: 0.0036938 seconds, Stopping threads took: 0.0000204 seconds
181.122: [GC (Allocation Failure)  794371K->478957K(1033216K), 0.0045435 secs]
181.126: Total time for which application threads were stopped: 0.0047040 seconds, Stopping threads took: 0.0000192 seconds
181.193: [GC (Allocation Failure)  798445K->482925K(1034752K), 0.0069808 secs]
181.200: Total time for which application threads were stopped: 0.0071658 seconds, Stopping threads took: 0.0000210 seconds
181.267: [GC (Allocation Failure)  804461K->476139K(1034752K), 0.0025467 secs]
181.269: Total time for which application threads were stopped: 0.0026834 seconds, Stopping threads took: 0.0000186 seconds
181.337: [GC (Allocation Failure)  797675K->482989K(1034752K), 0.0050755 secs]
181.342: Total time for which application threads were stopped: 0.0052391 seconds, Stopping threads took: 0.0000162 seconds
181.410: [GC (Allocation Failure)  804525K->487101K(1034752K), 0.0055887 secs]
181.416: Total time for which application threads were stopped: 0.0057687 seconds, Stopping threads took: 0.0000200 seconds
181.483: [GC (Allocation Failure)  808637K->481499K(1034752K), 0.0025855 secs]
181.486: Total time for which application threads were stopped: 0.0027552 seconds, Stopping threads took: 0.0000276 seconds
181.555: [GC (Allocation Failure)  803035K->487341K(1034752K), 0.0046186 secs]
181.559: Total time for which application threads were stopped: 0.0047717 seconds, Stopping threads took: 0.0000175 seconds
181.627: [GC (Allocation Failure)  808877K->491213K(1035264K), 0.0048447 secs]
181.632: Total time for which application threads were stopped: 0.0050551 seconds, Stopping threads took: 0.0000199 seconds
181.699: [GC (Allocation Failure)  813702K->487307K(1035264K), 0.0034104 secs]
181.703: Total time for which application threads were stopped: 0.0035785 seconds, Stopping threads took: 0.0000195 seconds
181.771: [GC (Allocation Failure)  809867K->491365K(1036288K), 0.0048904 secs]
181.776: Total time for which application threads were stopped: 0.0050749 seconds, Stopping threads took: 0.0000206 seconds
181.845: [GC (Allocation Failure)  815461K->495365K(1035776K), 0.0044590 secs]
181.850: Total time for which application threads were stopped: 0.0046520 seconds, Stopping threads took: 0.0000200 seconds
181.920: [GC (Allocation Failure)  819461K->495333K(1035776K), 0.0046940 secs]
181.924: Total time for which application threads were stopped: 0.0048488 seconds, Stopping threads took: 0.0000193 seconds
181.992: [GC (Allocation Failure)  818917K->495405K(1023488K), 0.0047094 secs]
181.997: Total time for which application threads were stopped: 0.0048901 seconds, Stopping threads took: 0.0000284 seconds
182.063: [GC (Allocation Failure)  818989K->503408K(1035264K), 0.0048244 secs]
182.068: Total time for which application threads were stopped: 0.0050067 seconds, Stopping threads took: 0.0000189 seconds
182.135: [GC (Allocation Failure)  825968K->503376K(1030144K), 0.0043746 secs]
182.139: Total time for which application threads were stopped: 0.0045319 seconds, Stopping threads took: 0.0000191 seconds
182.206: [GC (Allocation Failure)  825936K->503432K(1034752K), 0.0046802 secs]
182.211: Total time for which application threads were stopped: 0.0048720 seconds, Stopping threads took: 0.0000197 seconds
182.280: [GC (Allocation Failure)  824968K->511402K(1029120K), 0.0047622 secs]
182.285: Total time for which application threads were stopped: 0.0049255 seconds, Stopping threads took: 0.0000172 seconds
182.355: [GC (Allocation Failure)  832938K->511434K(1034240K), 0.0044034 secs]
182.360: Total time for which application threads were stopped: 0.0045533 seconds, Stopping threads took: 0.0000169 seconds
182.427: [GC (Allocation Failure)  831946K->511666K(1034240K), 0.0049803 secs]
182.432: Total time for which application threads were stopped: 0.0051523 seconds, Stopping threads took: 0.0000195 seconds
182.501: [GC (Allocation Failure)  832178K->519444K(1034240K), 0.0046681 secs]
182.505: Total time for which application threads were stopped: 0.0048507 seconds, Stopping threads took: 0.0000199 seconds
182.573: [GC (Allocation Failure)  839956K->519476K(1034240K), 0.0046817 secs]
182.578: Total time for which application threads were stopped: 0.0048531 seconds, Stopping threads took: 0.0000193 seconds
182.644: [GC (Allocation Failure)  839988K->519884K(1033216K), 0.0047367 secs]
182.649: Total time for which application threads were stopped: 0.0049579 seconds, Stopping threads took: 0.0000204 seconds
182.718: [GC (Allocation Failure)  839372K->527502K(1033728K), 0.0046084 secs]
182.723: Total time for which application threads were stopped: 0.0047745 seconds, Stopping threads took: 0.0000162 seconds
182.792: [GC (Allocation Failure)  846990K->527470K(1033728K), 0.0046867 secs]
182.796: Total time for which application threads were stopped: 0.0048912 seconds, Stopping threads took: 0.0000504 seconds
182.861: [GC (Allocation Failure)  846958K->527590K(1033728K), 0.0047404 secs]
182.866: Total time for which application threads were stopped: 0.0049015 seconds, Stopping threads took: 0.0000192 seconds
182.934: [GC (Allocation Failure)  847078K->535497K(1033728K), 0.0046776 secs]
182.939: Total time for which application threads were stopped: 0.0048490 seconds, Stopping threads took: 0.0000197 seconds
183.006: [GC (Allocation Failure)  854985K->535497K(1033728K), 0.0047738 secs]
183.011: Total time for which application threads were stopped: 0.0049787 seconds, Stopping threads took: 0.0000257 seconds
183.080: [GC (Allocation Failure)  854985K->535561K(1033728K), 0.0047466 secs]
183.084: Total time for which application threads were stopped: 0.0049053 seconds, Stopping threads took: 0.0000188 seconds
183.151: [GC (Allocation Failure)  855049K->543595K(1027072K), 0.0048426 secs]
183.156: Total time for which application threads were stopped: 0.0050036 seconds, Stopping threads took: 0.0000193 seconds
183.222: [GC (Allocation Failure)  863083K->539625K(1034240K), 0.0068636 secs]
183.229: Total time for which application threads were stopped: 0.0070443 seconds, Stopping threads took: 0.0000250 seconds
183.297: [GC (Allocation Failure)  859113K->543659K(1033216K), 0.0047348 secs]
183.301: Total time for which application threads were stopped: 0.0048979 seconds, Stopping threads took: 0.0000196 seconds
183.370: [GC (Allocation Failure)  863147K->547659K(1034752K), 0.0045956 secs]
183.374: Total time for which application threads were stopped: 0.0047459 seconds, Stopping threads took: 0.0000193 seconds
183.442: [GC (Allocation Failure)  869195K->540841K(1034752K), 0.0020314 secs]
183.445: Total time for which application threads were stopped: 0.0021748 seconds, Stopping threads took: 0.0000259 seconds
183.511: [GC (Allocation Failure)  862377K->547691K(1034752K), 0.0046965 secs]
183.516: Total time for which application threads were stopped: 0.0048892 seconds, Stopping threads took: 0.0000198 seconds
183.584: [GC (Allocation Failure)  869227K->551827K(1034752K), 0.0059000 secs]
183.590: Total time for which application threads were stopped: 0.0060514 seconds, Stopping threads took: 0.0000179 seconds
183.655: [GC (Allocation Failure)  873363K->546257K(1034752K), 0.0026703 secs]
183.658: Total time for which application threads were stopped: 0.0028371 seconds, Stopping threads took: 0.0000196 seconds
183.725: [GC (Allocation Failure)  867793K->552099K(1034752K), 0.0047709 secs]
183.730: Total time for which application threads were stopped: 0.0049394 seconds, Stopping threads took: 0.0000269 seconds
183.797: [GC (Allocation Failure)  873635K->555971K(1035264K), 0.0050055 secs]
183.802: Total time for which application threads were stopped: 0.0051819 seconds, Stopping threads took: 0.0000205 seconds
183.869: [GC (Allocation Failure)  878459K->552033K(1035264K), 0.0045894 secs]
183.874: Total time for which application threads were stopped: 0.0047597 seconds, Stopping threads took: 0.0000212 seconds
183.944: [GC (Allocation Failure)  874593K->556099K(1036288K), 0.0046892 secs]
183.949: Total time for which application threads were stopped: 0.0048551 seconds, Stopping threads took: 0.0000254 seconds
184.016: [GC (Allocation Failure)  880195K->560067K(1035776K), 0.0047133 secs]
184.021: Total time for which application threads were stopped: 0.0048741 seconds, Stopping threads took: 0.0000198 seconds
184.090: [GC (Allocation Failure)  884163K->560067K(1035776K), 0.0047495 secs]
184.095: Total time for which application threads were stopped: 0.0049112 seconds, Stopping threads took: 0.0000201 seconds
184.163: [GC (Allocation Failure)  883651K->560139K(1023488K), 0.0046251 secs]
184.167: Total time for which application threads were stopped: 0.0048129 seconds, Stopping threads took: 0.0000249 seconds
184.235: [GC (Allocation Failure)  883723K->568141K(1035264K), 0.0049707 secs]
184.240: Total time for which application threads were stopped: 0.0051426 seconds, Stopping threads took: 0.0000203 seconds
184.307: [GC (Allocation Failure)  890701K->568109K(1030144K), 0.0045144 secs]
184.312: Total time for which application threads were stopped: 0.0046843 seconds, Stopping threads took: 0.0000205 seconds
184.380: [GC (Allocation Failure)  890669K->568133K(1034752K), 0.0049073 secs]
184.385: Total time for which application threads were stopped: 0.0050761 seconds, Stopping threads took: 0.0000197 seconds
184.452: [GC (Allocation Failure)  889669K->576168K(1029120K), 0.0047250 secs]
184.457: Total time for which application threads were stopped: 0.0049176 seconds, Stopping threads took: 0.0000256 seconds
184.527: [GC (Allocation Failure)  897704K->576136K(1034240K), 0.0046407 secs]
184.531: Total time for which application threads were stopped: 0.0048227 seconds, Stopping threads took: 0.0000198 seconds
184.598: [GC (Allocation Failure)  896648K->576392K(1034240K), 0.0047618 secs]
184.603: Total time for which application threads were stopped: 0.0049700 seconds, Stopping threads took: 0.0000197 seconds
184.672: [GC (Allocation Failure)  896904K->584170K(1034240K), 0.0046995 secs]
184.677: Total time for which application threads were stopped: 0.0048503 seconds, Stopping threads took: 0.0000176 seconds
184.746: [GC (Allocation Failure)  904682K->584170K(1034240K), 0.0047198 secs]
184.751: Total time for which application threads were stopped: 0.0048877 seconds, Stopping threads took: 0.0000196 seconds
184.817: [GC (Allocation Failure)  904682K->584618K(1033216K), 0.0048855 secs]
184.822: Total time for which application threads were stopped: 0.0050556 seconds, Stopping threads took: 0.0000212 seconds
184.889: [GC (Allocation Failure)  904106K->592236K(1033728K), 0.0046840 secs]
184.894: Total time for which application threads were stopped: 0.0048775 seconds, Stopping threads took: 0.0000192 seconds
184.963: [GC (Allocation Failure)  911724K->592172K(1033728K), 0.0050164 secs]
184.968: Total time for which application threads were stopped: 0.0052118 seconds, Stopping threads took: 0.0000264 seconds
185.035: [GC (Allocation Failure)  911660K->592324K(1033728K), 0.0048293 secs]
185.039: Total time for which application threads were stopped: 0.0049792 seconds, Stopping threads took: 0.0000165 seconds
185.107: [GC (Allocation Failure)  911812K->600230K(1033728K), 0.0048379 secs]
185.112: Total time for which application threads were stopped: 0.0050082 seconds, Stopping threads took: 0.0000201 seconds
185.179: [GC (Allocation Failure)  919718K->600198K(1033728K), 0.0049894 secs]
185.184: Total time for which application threads were stopped: 0.0051571 seconds, Stopping threads took: 0.0000199 seconds
185.251: [GC (Allocation Failure)  919686K->600294K(1033728K), 0.0064681 secs]
185.257: Total time for which application threads were stopped: 0.0066477 seconds, Stopping threads took: 0.0000203 seconds
185.326: [GC (Allocation Failure)  919782K->608265K(1027072K), 0.0058558 secs]
185.332: Total time for which application threads were stopped: 0.0060610 seconds, Stopping threads took: 0.0000275 seconds
185.398: [GC (Allocation Failure)  927752K->604358K(1034240K), 0.0039650 secs]
185.402: Total time for which application threads were stopped: 0.0041374 seconds, Stopping threads took: 0.0000197 seconds
185.471: [GC (Allocation Failure)  923846K->608393K(1033216K), 0.0050344 secs]
185.476: Total time for which application threads were stopped: 0.0052338 seconds, Stopping threads took: 0.0000255 seconds
185.545: [GC (Allocation Failure)  927881K->612393K(1034752K), 0.0048489 secs]
185.550: Total time for which application threads were stopped: 0.0049967 seconds, Stopping threads took: 0.0000166 seconds
185.616: [GC (Allocation Failure)  933929K->605606K(1034752K), 0.0023489 secs]
185.619: Total time for which application threads were stopped: 0.0025197 seconds, Stopping threads took: 0.0000205 seconds
185.687: [GC (Allocation Failure)  927142K->612465K(1034752K), 0.0048093 secs]
185.692: Total time for which application threads were stopped: 0.0049719 seconds, Stopping threads took: 0.0000196 seconds
185.759: [GC (Allocation Failure)  934001K->616577K(1034752K), 0.0057376 secs]
185.765: Total time for which application threads were stopped: 0.0059312 seconds, Stopping threads took: 0.0000207 seconds
185.831: [GC (Allocation Failure)  938113K->611006K(1034752K), 0.0029576 secs]
185.834: Total time for which application threads were stopped: 0.0031432 seconds, Stopping threads took: 0.0000190 seconds
185.903: [GC (Allocation Failure)  932542K->616817K(1034752K), 0.0049310 secs]
185.908: Total time for which application threads were stopped: 0.0051008 seconds, Stopping threads took: 0.0000196 seconds
185.976: [GC (Allocation Failure)  938353K->620689K(1034752K), 0.0051652 secs]
185.981: Total time for which application threads were stopped: 0.0053332 seconds, Stopping threads took: 0.0000265 seconds
186.048: [GC (Allocation Failure)  943177K->616750K(1035264K), 0.0036130 secs]
186.052: Total time for which application threads were stopped: 0.0037721 seconds, Stopping threads took: 0.0000201 seconds
186.121: [GC (Allocation Failure)  939310K->620841K(1036288K), 0.0050802 secs]
186.127: Total time for which application threads were stopped: 0.0052517 seconds, Stopping threads took: 0.0000203 seconds
186.194: [GC (Allocation Failure)  944937K->624841K(1035776K), 0.0048733 secs]
186.199: Total time for which application threads were stopped: 0.0050360 seconds, Stopping threads took: 0.0000202 seconds
186.269: [GC (Allocation Failure)  948937K->624841K(1035776K), 0.0048110 secs]
186.274: Total time for which application threads were stopped: 0.0049714 seconds, Stopping threads took: 0.0000191 seconds
186.343: [GC (Allocation Failure)  948425K->624873K(1023488K), 0.0049118 secs]
186.348: Total time for which application threads were stopped: 0.0050676 seconds, Stopping threads took: 0.0000260 seconds
186.414: [GC (Allocation Failure)  948457K->632843K(1035264K), 0.0048793 secs]
186.419: Total time for which application threads were stopped: 0.0050590 seconds, Stopping threads took: 0.0000195 seconds
186.486: [GC (Allocation Failure)  955403K->632843K(1030144K), 0.0046218 secs]
186.491: Total time for which application threads were stopped: 0.0047932 seconds, Stopping threads took: 0.0000199 seconds
186.558: [GC (Allocation Failure)  955403K->632899K(1034752K), 0.0050527 secs]
186.563: Total time for which application threads were stopped: 0.0052275 seconds, Stopping threads took: 0.0000205 seconds
186.630: [GC (Allocation Failure)  954435K->640869K(1029120K), 0.0062569 secs]
186.637: Total time for which application threads were stopped: 0.0064438 seconds, Stopping threads took: 0.0000219 seconds
186.708: [GC (Allocation Failure)  962405K->640869K(1034240K), 0.0048128 secs]
186.713: Total time for which application threads were stopped: 0.0049805 seconds, Stopping threads took: 0.0000192 seconds
186.780: [GC (Allocation Failure)  961381K->641101K(1034240K), 0.0048473 secs]
186.785: Total time for which application threads were stopped: 0.0050101 seconds, Stopping threads took: 0.0000188 seconds
186.853: [GC (Allocation Failure)  961613K->648943K(1034240K), 0.0046474 secs]
186.857: Total time for which application threads were stopped: 0.0048424 seconds, Stopping threads took: 0.0000201 seconds
186.927: [GC (Allocation Failure)  969455K->648911K(1034240K), 0.0051530 secs]
186.932: Total time for which application threads were stopped: 0.0053049 seconds, Stopping threads took: 0.0000169 seconds
187.001: [GC (Allocation Failure)  969423K->649351K(1033216K), 0.0046987 secs]
187.006: Total time for which application threads were stopped: 0.0048832 seconds, Stopping threads took: 0.0000258 seconds
187.073: [GC (Allocation Failure)  968839K->656938K(1033728K), 0.0048608 secs]
187.078: Total time for which application threads were stopped: 0.0050218 seconds, Stopping threads took: 0.0000192 seconds
187.146: [GC (Allocation Failure)  976426K->656970K(1033728K), 0.0049999 secs]
187.151: Total time for which application threads were stopped: 0.0051807 seconds, Stopping threads took: 0.0000200 seconds
187.216: [GC (Allocation Failure)  976458K->657034K(1033728K), 0.0058819 secs]
187.222: Total time for which application threads were stopped: 0.0060434 seconds, Stopping threads took: 0.0000202 seconds
187.291: [GC (Allocation Failure)  976522K->664972K(1033728K), 0.0049605 secs]
187.296: Total time for which application threads were stopped: 0.0051310 seconds, Stopping threads took: 0.0000198 seconds
187.363: [GC (Allocation Failure)  984460K->664972K(1033728K), 0.0049735 secs]
187.368: Total time for which application threads were stopped: 0.0051244 seconds, Stopping threads took: 0.0000172 seconds
187.435: [GC (Allocation Failure)  984460K->665028K(1033728K), 0.0049424 secs]
187.440: Total time for which application threads were stopped: 0.0051344 seconds, Stopping threads took: 0.0000192 seconds
187.508: [GC (Allocation Failure)  984516K->672966K(1027072K), 0.0050570 secs]
187.513: Total time for which application threads were stopped: 0.0052421 seconds, Stopping threads took: 0.0000270 seconds
187.578: [GC (Allocation Failure)  992454K->669092K(1034240K), 0.0040646 secs]
187.583: Total time for which application threads were stopped: 0.0042416 seconds, Stopping threads took: 0.0000198 seconds
187.652: [GC (Allocation Failure)  988580K->673158K(1033216K), 0.0050128 secs]
187.657: Total time for which application threads were stopped: 0.0051792 seconds, Stopping threads took: 0.0000242 seconds
187.725: [GC (Allocation Failure)  992646K->677126K(1034752K), 0.0050101 secs]
187.730: Total time for which application threads were stopped: 0.0051800 seconds, Stopping threads took: 0.0000203 seconds
187.798: [GC (Allocation Failure)  998662K->670340K(1034752K), 0.0025074 secs]
187.800: Total time for which application threads were stopped: 0.0026597 seconds, Stopping threads took: 0.0000204 seconds
187.869: [GC (Allocation Failure)  991876K->677166K(1034752K), 0.0049802 secs]
187.874: Total time for which application threads were stopped: 0.0051378 seconds, Stopping threads took: 0.0000191 seconds
187.939: [GC (Allocation Failure)  998702K->681342K(1034752K), 0.0058239 secs]
187.945: Total time for which application threads were stopped: 0.0060055 seconds, Stopping threads took: 0.0000195 seconds
188.011: [GC (Allocation Failure)  1002878K->675740K(1034752K), 0.0029431 secs]
188.014: Total time for which application threads were stopped: 0.0031108 seconds, Stopping threads took: 0.0000204 seconds
188.081: [GC (Allocation Failure)  997276K->681582K(1034752K), 0.0058181 secs]
188.087: Total time for which application threads were stopped: 0.0059903 seconds, Stopping threads took: 0.0000203 seconds
188.155: [GC (Allocation Failure)  1003118K->685414K(1035264K), 0.0052440 secs]
188.160: Total time for which application threads were stopped: 0.0054181 seconds, Stopping threads took: 0.0000203 seconds
188.226: [GC (Allocation Failure)  1007903K->681508K(1035264K), 0.0039986 secs]
188.231: Total time for which application threads were stopped: 0.0041911 seconds, Stopping threads took: 0.0000210 seconds
188.298: [GC (Allocation Failure)  1004068K->685582K(1036288K), 0.0049448 secs]
188.303: Total time for which application threads were stopped: 0.0051161 seconds, Stopping threads took: 0.0000219 seconds
188.372: [GC (Allocation Failure)  1009678K->689518K(1035776K), 0.0049268 secs]
188.377: Total time for which application threads were stopped: 0.0050753 seconds, Stopping threads took: 0.0000170 seconds
188.447: [GC (Allocation Failure)  1013614K->689582K(1035776K), 0.0050012 secs]
188.453: Total time for which application threads were stopped: 0.0051568 seconds, Stopping threads took: 0.0000194 seconds
188.520: [GC (Allocation Failure)  1013166K->689606K(1023488K), 0.0048940 secs]
188.525: [Full GC (Ergonomics)  689606K->8558K(1023488K), 0.0123805 secs]
188.538: Total time for which application threads were stopped: 0.0175053 seconds, Stopping threads took: 0.0000164 seconds
188.605: [GC (Allocation Failure)  332142K->16848K(1035264K), 0.0037878 secs]
188.608: Total time for which application threads were stopped: 0.0039452 seconds, Stopping threads took: 0.0000166 seconds
188.679: [GC (Allocation Failure)  339408K->16848K(1030144K), 0.0034793 secs]
188.682: Total time for which application threads were stopped: 0.0036512 seconds, Stopping threads took: 0.0000275 seconds
188.750: [GC (Allocation Failure)  339408K->16872K(1034752K), 0.0037688 secs]
188.754: Total time for which application threads were stopped: 0.0039458 seconds, Stopping threads took: 0.0000220 seconds
188.821: [GC (Allocation Failure)  338408K->24907K(1029120K), 0.0039569 secs]
188.825: Total time for which application threads were stopped: 0.0041354 seconds, Stopping threads took: 0.0000220 seconds
188.894: [GC (Allocation Failure)  346443K->24875K(1034240K), 0.0035458 secs]
188.897: Total time for which application threads were stopped: 0.0037458 seconds, Stopping threads took: 0.0000206 seconds
188.966: [GC (Allocation Failure)  345387K->25131K(1034240K), 0.0036290 secs]
188.969: Total time for which application threads were stopped: 0.0038083 seconds, Stopping threads took: 0.0000282 seconds
189.037: [GC (Allocation Failure)  345643K->32941K(1034240K), 0.0036693 secs]
189.041: Total time for which application threads were stopped: 0.0038412 seconds, Stopping threads took: 0.0000248 seconds
189.108: [GC (Allocation Failure)  353453K->32909K(1028096K), 0.0038195 secs]
189.112: Total time for which application threads were stopped: 0.0039896 seconds, Stopping threads took: 0.0000189 seconds
189.179: [GC (Allocation Failure)  353421K->33357K(1033728K), 0.0037243 secs]
189.183: Total time for which application threads were stopped: 0.0039068 seconds, Stopping threads took: 0.0000214 seconds
189.250: [GC (Allocation Failure)  352845K->40975K(1033728K), 0.0037661 secs]
189.253: Total time for which application threads were stopped: 0.0039269 seconds, Stopping threads took: 0.0000199 seconds
189.321: [GC (Allocation Failure)  360463K->40975K(1033728K), 0.0045199 secs]
189.325: Total time for which application threads were stopped: 0.0046792 seconds, Stopping threads took: 0.0000180 seconds
189.391: [GC (Allocation Failure)  360463K->41063K(1033728K), 0.0037417 secs]
189.394: Total time for which application threads were stopped: 0.0039090 seconds, Stopping threads took: 0.0000189 seconds
189.462: [GC (Allocation Failure)  360551K->48970K(1033728K), 0.0037267 secs]
189.466: Total time for which application threads were stopped: 0.0039007 seconds, Stopping threads took: 0.0000253 seconds
189.533: [GC (Allocation Failure)  368458K->48970K(1033728K), 0.0035401 secs]
189.536: Total time for which application threads were stopped: 0.0037301 seconds, Stopping threads took: 0.0000188 seconds
189.604: [GC (Allocation Failure)  368458K->49026K(1032704K), 0.0039316 secs]
189.608: Total time for which application threads were stopped: 0.0041202 seconds, Stopping threads took: 0.0000188 seconds
189.677: [GC (Allocation Failure)  367490K->56996K(1033216K), 0.0037475 secs]
189.681: Total time for which application threads were stopped: 0.0039086 seconds, Stopping threads took: 0.0000171 seconds
189.748: [GC (Allocation Failure)  375460K->51426K(1033728K), 0.0015106 secs]
189.750: Total time for which application threads were stopped: 0.0016769 seconds, Stopping threads took: 0.0000280 seconds
189.818: [GC (Allocation Failure)  370402K->57220K(1033216K), 0.0036708 secs]
189.822: Total time for which application threads were stopped: 0.0038426 seconds, Stopping threads took: 0.0000201 seconds
189.889: [GC (Allocation Failure)  376196K->61140K(1033728K), 0.0041097 secs]
189.893: Total time for which application threads were stopped: 0.0042804 seconds, Stopping threads took: 0.0000202 seconds
189.961: [GC (Allocation Failure)  381652K->67058K(1034240K), 0.0061849 secs]
189.967: Total time for which application threads were stopped: 0.0063623 seconds, Stopping threads took: 0.0000268 seconds
190.036: [GC (Allocation Failure)  387570K->61332K(1030144K), 0.0040510 secs]
190.040: Total time for which application threads were stopped: 0.0042272 seconds, Stopping threads took: 0.0000252 seconds
190.107: [GC (Allocation Failure)  377748K->61140K(1032192K), 0.0038027 secs]
190.111: Total time for which application threads were stopped: 0.0039661 seconds, Stopping threads took: 0.0000203 seconds
190.177: [GC (Allocation Failure)  377556K->56978K(1033216K), 0.0020790 secs]
190.179: Total time for which application threads were stopped: 0.0022364 seconds, Stopping threads took: 0.0000267 seconds
190.246: [GC (Allocation Failure)  374930K->61300K(1032704K), 0.0037995 secs]
190.250: Total time for which application threads were stopped: 0.0039545 seconds, Stopping threads took: 0.0000187 seconds
190.318: [GC (Allocation Failure)  379252K->61140K(1033728K), 0.0037639 secs]
190.321: Total time for which application threads were stopped: 0.0039535 seconds, Stopping threads took: 0.0000229 seconds
190.389: [GC (Allocation Failure)  380116K->64748K(1033216K), 0.0047870 secs]
190.394: Total time for which application threads were stopped: 0.0049488 seconds, Stopping threads took: 0.0000194 seconds
190.461: [GC (Allocation Failure)  383724K->69230K(1034240K), 0.0037877 secs]
190.465: Total time for which application threads were stopped: 0.0039572 seconds, Stopping threads took: 0.0000199 seconds
190.530: [GC (Allocation Failure)  389230K->69166K(1033728K), 0.0038580 secs]
190.534: Total time for which application threads were stopped: 0.0040386 seconds, Stopping threads took: 0.0000196 seconds
190.601: [GC (Allocation Failure)  389166K->72422K(1034240K), 0.0043846 secs]
190.606: Total time for which application threads were stopped: 0.0045680 seconds, Stopping threads took: 0.0000163 seconds
190.675: [GC (Allocation Failure)  392934K->77224K(1034240K), 0.0036576 secs]
190.679: Total time for which application threads were stopped: 0.0038287 seconds, Stopping threads took: 0.0000195 seconds
190.748: [GC (Allocation Failure)  397736K->77192K(1034752K), 0.0034573 secs]
190.752: Total time for which application threads were stopped: 0.0036525 seconds, Stopping threads took: 0.0000196 seconds
190.818: [GC (Allocation Failure)  398728K->79624K(1034752K), 0.0040973 secs]
190.823: Total time for which application threads were stopped: 0.0043020 seconds, Stopping threads took: 0.0000170 seconds
190.893: [GC (Allocation Failure)  401160K->85259K(1034752K), 0.0037083 secs]
190.897: Total time for which application threads were stopped: 0.0038908 seconds, Stopping threads took: 0.0000171 seconds
190.966: [GC (Allocation Failure)  406795K->85259K(1034752K), 0.0037805 secs]
190.969: Total time for which application threads were stopped: 0.0039551 seconds, Stopping threads took: 0.0000165 seconds
191.035: [GC (Allocation Failure)  406795K->88899K(1035264K), 0.0047801 secs]
191.040: Total time for which application threads were stopped: 0.0049459 seconds, Stopping threads took: 0.0000256 seconds
191.107: [GC (Allocation Failure)  410947K->93285K(1034752K), 0.0040230 secs]
191.111: Total time for which application threads were stopped: 0.0041932 seconds, Stopping threads took: 0.0000198 seconds
191.180: [GC (Allocation Failure)  415333K->93253K(1035264K), 0.0038641 secs]
191.184: Total time for which application threads were stopped: 0.0040269 seconds, Stopping threads took: 0.0000200 seconds
191.251: [GC (Allocation Failure)  415813K->96141K(1035264K), 0.0044685 secs]
191.255: Total time for which application threads were stopped: 0.0046472 seconds, Stopping threads took: 0.0000200 seconds
191.323: [GC (Allocation Failure)  418701K->101423K(1035264K), 0.0057712 secs]
191.329: Total time for which application threads were stopped: 0.0059457 seconds, Stopping threads took: 0.0000191 seconds
191.398: [GC (Allocation Failure)  423983K->101295K(1035264K), 0.0038452 secs]
191.402: Total time for which application threads were stopped: 0.0040675 seconds, Stopping threads took: 0.0000196 seconds
191.469: [GC (Allocation Failure)  423855K->104359K(1035264K), 0.0042475 secs]
191.474: Total time for which application threads were stopped: 0.0044473 seconds, Stopping threads took: 0.0000193 seconds
191.543: [GC (Allocation Failure)  426919K->109385K(1035264K), 0.0038920 secs]
191.547: Total time for which application threads were stopped: 0.0040636 seconds, Stopping threads took: 0.0000191 seconds
191.615: [GC (Allocation Failure)  431945K->109321K(1035264K), 0.0037833 secs]
191.619: Total time for which application threads were stopped: 0.0039749 seconds, Stopping threads took: 0.0000194 seconds
191.688: [GC (Allocation Failure)  431881K->104519K(1035264K), 0.0019050 secs]
191.690: Total time for which application threads were stopped: 0.0020547 seconds, Stopping threads took: 0.0000159 seconds
191.760: [GC (Allocation Failure)  427079K->109577K(1035264K), 0.0038497 secs]
191.764: Total time for which application threads were stopped: 0.0040258 seconds, Stopping threads took: 0.0000270 seconds
191.832: [GC (Allocation Failure)  432137K->109353K(1035264K), 0.0036709 secs]
191.836: Total time for which application threads were stopped: 0.0038344 seconds, Stopping threads took: 0.0000197 seconds
191.904: [GC (Allocation Failure)  431913K->108871K(1035776K), 0.0037856 secs]
191.907: Total time for which application threads were stopped: 0.0039591 seconds, Stopping threads took: 0.0000199 seconds
191.976: [GC (Allocation Failure)  431943K->109513K(1035264K), 0.0038684 secs]
191.980: Total time for which application threads were stopped: 0.0040478 seconds, Stopping threads took: 0.0000255 seconds
192.048: [GC (Allocation Failure)  432585K->109353K(1035776K), 0.0039049 secs]
192.052: Total time for which application threads were stopped: 0.0040749 seconds, Stopping threads took: 0.0000197 seconds
192.120: [GC (Allocation Failure)  432937K->115167K(1035776K), 0.0065031 secs]
192.126: Total time for which application threads were stopped: 0.0066830 seconds, Stopping threads took: 0.0000279 seconds
192.195: [GC (Allocation Failure)  438751K->110561K(1032704K), 0.0039502 secs]
192.199: Total time for which application threads were stopped: 0.0041146 seconds, Stopping threads took: 0.0000201 seconds
192.267: [GC (Allocation Failure)  431073K->110465K(1034240K), 0.0040790 secs]
192.271: Total time for which application threads were stopped: 0.0042617 seconds, Stopping threads took: 0.0000211 seconds
192.339: [GC (Allocation Failure)  430977K->117511K(1030656K), 0.0069620 secs]
192.346: Total time for which application threads were stopped: 0.0071191 seconds, Stopping threads took: 0.0000161 seconds
192.414: [GC (Allocation Failure)  434951K->111881K(1032704K), 0.0041026 secs]
192.418: Total time for which application threads were stopped: 0.0042663 seconds, Stopping threads took: 0.0000197 seconds
192.485: [GC (Allocation Failure)  429321K->111785K(1033728K), 0.0036929 secs]
192.489: Total time for which application threads were stopped: 0.0038517 seconds, Stopping threads took: 0.0000267 seconds
192.556: [GC (Allocation Failure)  430761K->109319K(1033216K), 0.0027641 secs]
192.558: Total time for which application threads were stopped: 0.0029282 seconds, Stopping threads took: 0.0000257 seconds
192.625: [GC (Allocation Failure)  428295K->111785K(1034752K), 0.0038342 secs]
192.629: Total time for which application threads were stopped: 0.0040026 seconds, Stopping threads took: 0.0000195 seconds
192.696: [GC (Allocation Failure)  432809K->111785K(1034240K), 0.0037370 secs]
192.700: Total time for which application threads were stopped: 0.0039080 seconds, Stopping threads took: 0.0000196 seconds
192.766: [GC (Allocation Failure)  432809K->106983K(1034240K), 0.0020300 secs]
192.768: Total time for which application threads were stopped: 0.0021888 seconds, Stopping threads took: 0.0000264 seconds
192.836: [GC (Allocation Failure)  428519K->112009K(1034752K), 0.0038031 secs]
192.840: Total time for which application threads were stopped: 0.0039979 seconds, Stopping threads took: 0.0000198 seconds
192.909: [GC (Allocation Failure)  433545K->111721K(1035776K), 0.0038889 secs]
192.913: Total time for which application threads were stopped: 0.0040582 seconds, Stopping threads took: 0.0000171 seconds
192.980: [GC (Allocation Failure)  434793K->109735K(1035264K), 0.0029753 secs]
192.983: Total time for which application threads were stopped: 0.0031860 seconds, Stopping threads took: 0.0000581 seconds
193.050: [GC (Allocation Failure)  432807K->111977K(1036288K), 0.0040900 secs]
193.054: Total time for which application threads were stopped: 0.0042597 seconds, Stopping threads took: 0.0000193 seconds
193.122: [GC (Allocation Failure)  436073K->111785K(1035776K), 0.0039339 secs]
193.126: Total time for which application threads were stopped: 0.0040972 seconds, Stopping threads took: 0.0000200 seconds
193.194: [GC (Allocation Failure)  435881K->117575K(1032192K), 0.0064157 secs]
193.201: Total time for which application threads were stopped: 0.0065890 seconds, Stopping threads took: 0.0000199 seconds
193.268: [GC (Allocation Failure)  438087K->113481K(1034240K), 0.0039350 secs]
193.272: Total time for which application threads were stopped: 0.0041061 seconds, Stopping threads took: 0.0000205 seconds
193.341: [GC (Allocation Failure)  433993K->113353K(1035264K), 0.0036065 secs]
193.345: Total time for which application threads were stopped: 0.0037989 seconds, Stopping threads took: 0.0000194 seconds
193.412: [GC (Allocation Failure)  435913K->119367K(1035264K), 0.0063129 secs]
193.418: Total time for which application threads were stopped: 0.0064595 seconds, Stopping threads took: 0.0000163 seconds
193.486: [GC (Allocation Failure)  441927K->114153K(1033216K), 0.0039728 secs]
193.490: Total time for which application threads were stopped: 0.0041424 seconds, Stopping threads took: 0.0000196 seconds
193.558: [GC (Allocation Failure)  434665K->114089K(1034240K), 0.0046152 secs]
193.563: Total time for which application threads were stopped: 0.0047958 seconds, Stopping threads took: 0.0000212 seconds
193.631: [GC (Allocation Failure)  434601K->120319K(1031680K), 0.0064456 secs]
193.638: Total time for which application threads were stopped: 0.0066168 seconds, Stopping threads took: 0.0000222 seconds
193.706: [GC (Allocation Failure)  438783K->114817K(1033216K), 0.0040843 secs]
193.710: Total time for which application threads were stopped: 0.0042467 seconds, Stopping threads took: 0.0000199 seconds
193.777: [GC (Allocation Failure)  433281K->114561K(1033728K), 0.0037078 secs]
193.781: Total time for which application threads were stopped: 0.0039022 seconds, Stopping threads took: 0.0000208 seconds
193.847: [GC (Allocation Failure)  434049K->113823K(1033728K), 0.0038171 secs]
193.850: Total time for which application threads were stopped: 0.0039914 seconds, Stopping threads took: 0.0000265 seconds
193.917: [GC (Allocation Failure)  433311K->114753K(1034752K), 0.0039111 secs]
193.921: Total time for which application threads were stopped: 0.0040828 seconds, Stopping threads took: 0.0000195 seconds
193.989: [GC (Allocation Failure)  435777K->114529K(1034240K), 0.0038620 secs]
193.993: Total time for which application threads were stopped: 0.0040173 seconds, Stopping threads took: 0.0000257 seconds
194.059: [GC (Allocation Failure)  435553K->111999K(1034752K), 0.0028958 secs]
194.062: Total time for which application threads were stopped: 0.0030575 seconds, Stopping threads took: 0.0000255 seconds
194.132: [GC (Allocation Failure)  433535K->114689K(1034752K), 0.0039004 secs]
194.136: Total time for which application threads were stopped: 0.0040718 seconds, Stopping threads took: 0.0000221 seconds
194.203: [GC (Allocation Failure)  436225K->114561K(1035776K), 0.0040729 secs]
194.207: Total time for which application threads were stopped: 0.0042429 seconds, Stopping threads took: 0.0000209 seconds
194.273: [GC (Allocation Failure)  437633K->114751K(1035264K), 0.0041175 secs]
194.277: Total time for which application threads were stopped: 0.0042789 seconds, Stopping threads took: 0.0000195 seconds
194.347: [GC (Allocation Failure)  437823K->114625K(1036288K), 0.0038446 secs]
194.351: Total time for which application threads were stopped: 0.0040357 seconds, Stopping threads took: 0.0000192 seconds
194.419: [GC (Allocation Failure)  439233K->114529K(1036288K), 0.0038881 secs]
194.423: Total time for which application threads were stopped: 0.0040496 seconds, Stopping threads took: 0.0000188 seconds
194.489: [GC (Allocation Failure)  439137K->107263K(1034752K), 0.0010021 secs]
194.490: Total time for which application threads were stopped: 0.0011273 seconds, Stopping threads took: 0.0000254 seconds
194.559: [GC (Allocation Failure)  430847K->114585K(1035776K), 0.0040883 secs]
194.564: Total time for which application threads were stopped: 0.0042483 seconds, Stopping threads took: 0.0000194 seconds
194.634: [GC (Allocation Failure)  438169K->118745K(1036288K), 0.0052233 secs]
194.639: Total time for which application threads were stopped: 0.0054131 seconds, Stopping threads took: 0.0000198 seconds
194.709: [GC (Allocation Failure)  443353K->118713K(1036288K), 0.0035961 secs]
194.712: Total time for which application threads were stopped: 0.0037898 seconds, Stopping threads took: 0.0000199 seconds
194.780: [GC (Allocation Failure)  443321K->118969K(1034752K), 0.0038335 secs]
194.784: Total time for which application threads were stopped: 0.0040070 seconds, Stopping threads took: 0.0000194 seconds
194.854: [GC (Allocation Failure)  442553K->126748K(1035776K), 0.0038173 secs]
194.858: Total time for which application threads were stopped: 0.0039815 seconds, Stopping threads took: 0.0000192 seconds
194.926: [GC (Allocation Failure)  450332K->126748K(1036288K), 0.0038448 secs]
194.930: Total time for which application threads were stopped: 0.0040117 seconds, Stopping threads took: 0.0000200 seconds
194.997: [GC (Allocation Failure)  450844K->126972K(1024000K), 0.0038008 secs]
195.001: Total time for which application threads were stopped: 0.0039703 seconds, Stopping threads took: 0.0000277 seconds
195.068: [GC (Allocation Failure)  451068K->134782K(1035776K), 0.0046664 secs]
195.073: Total time for which application threads were stopped: 0.0048333 seconds, Stopping threads took: 0.0000197 seconds
195.141: [GC (Allocation Failure)  457854K->134782K(1035264K), 0.0040146 secs]
195.145: Total time for which application threads were stopped: 0.0041865 seconds, Stopping threads took: 0.0000199 seconds
195.210: [GC (Allocation Failure)  457854K->134942K(1034752K), 0.0038885 secs]
195.214: Total time for which application threads were stopped: 0.0040712 seconds, Stopping threads took: 0.0000209 seconds
195.284: [GC (Allocation Failure)  457502K->142848K(1035264K), 0.0038831 secs]
195.288: Total time for which application threads were stopped: 0.0040712 seconds, Stopping threads took: 0.0000220 seconds
195.357: [GC (Allocation Failure)  465408K->142848K(1035264K), 0.0040762 secs]
195.361: Total time for which application threads were stopped: 0.0042462 seconds, Stopping threads took: 0.0000201 seconds
195.429: [GC (Allocation Failure)  465408K->142952K(1022464K), 0.0040598 secs]
195.433: Total time for which application threads were stopped: 0.0042173 seconds, Stopping threads took: 0.0000171 seconds
195.501: [GC (Allocation Failure)  465512K->150858K(1034752K), 0.0038071 secs]
195.505: Total time for which application threads were stopped: 0.0039682 seconds, Stopping threads took: 0.0000197 seconds
195.573: [GC (Allocation Failure)  472394K->150858K(1034752K), 0.0039542 secs]
195.577: Total time for which application threads were stopped: 0.0041236 seconds, Stopping threads took: 0.0000200 seconds
195.643: [GC (Allocation Failure)  472394K->151178K(1033728K), 0.0038795 secs]
195.646: Total time for which application threads were stopped: 0.0040504 seconds, Stopping threads took: 0.0000202 seconds
195.714: [GC (Allocation Failure)  471690K->158893K(1034240K), 0.0040501 secs]
195.718: Total time for which application threads were stopped: 0.0042429 seconds, Stopping threads took: 0.0000199 seconds
195.787: [GC (Allocation Failure)  479405K->158893K(1034240K), 0.0042016 secs]
195.792: Total time for which application threads were stopped: 0.0043656 seconds, Stopping threads took: 0.0000189 seconds
195.859: [GC (Allocation Failure)  479405K->159437K(1034240K), 0.0041316 secs]
195.863: Total time for which application threads were stopped: 0.0043225 seconds, Stopping threads took: 0.0000201 seconds
195.932: [GC (Allocation Failure)  479949K->166959K(1034240K), 0.0041048 secs]
195.936: Total time for which application threads were stopped: 0.0042921 seconds, Stopping threads took: 0.0000190 seconds
196.006: [GC (Allocation Failure)  487471K->166959K(1034240K), 0.0041830 secs]
196.010: Total time for which application threads were stopped: 0.0043590 seconds, Stopping threads took: 0.0000250 seconds
196.077: [GC (Allocation Failure)  487471K->167143K(1033216K), 0.0039887 secs]
196.081: Total time for which application threads were stopped: 0.0041948 seconds, Stopping threads took: 0.0000212 seconds
196.150: [GC (Allocation Failure)  486631K->174985K(1033728K), 0.0039100 secs]
196.154: Total time for which application threads were stopped: 0.0040675 seconds, Stopping threads took: 0.0000163 seconds
196.220: [GC (Allocation Failure)  494473K->174953K(1033728K), 0.0040456 secs]
196.225: Total time for which application threads were stopped: 0.0042140 seconds, Stopping threads took: 0.0000190 seconds
196.291: [GC (Allocation Failure)  494441K->175113K(1033728K), 0.0040697 secs]
196.295: Total time for which application threads were stopped: 0.0042424 seconds, Stopping threads took: 0.0000198 seconds
196.365: [GC (Allocation Failure)  494601K->183020K(1033728K), 0.0040499 secs]
196.369: Total time for which application threads were stopped: 0.0042021 seconds, Stopping threads took: 0.0000167 seconds
196.437: [GC (Allocation Failure)  502508K->183020K(1033728K), 0.0039758 secs]
196.441: Total time for which application threads were stopped: 0.0041367 seconds, Stopping threads took: 0.0000192 seconds
196.508: [GC (Allocation Failure)  502508K->183044K(1033728K), 0.0040042 secs]
196.512: Total time for which application threads were stopped: 0.0041726 seconds, Stopping threads took: 0.0000262 seconds
196.579: [GC (Allocation Failure)  502532K->190982K(1033728K), 0.0041479 secs]
196.583: Total time for which application threads were stopped: 0.0043489 seconds, Stopping threads took: 0.0000204 seconds
196.652: [GC (Allocation Failure)  510470K->190982K(1033728K), 0.0045057 secs]
196.656: Total time for which application threads were stopped: 0.0046940 seconds, Stopping threads took: 0.0000202 seconds
196.724: [GC (Allocation Failure)  510470K->191342K(1019392K), 0.0042952 secs]
196.728: Total time for which application threads were stopped: 0.0044978 seconds, Stopping threads took: 0.0000220 seconds
196.797: [GC (Allocation Failure)  510830K->199056K(1033216K), 0.0043265 secs]
196.801: Total time for which application threads were stopped: 0.0044957 seconds, Stopping threads took: 0.0000188 seconds
196.870: [GC (Allocation Failure)  517520K->199088K(1033216K), 0.0040745 secs]
196.874: Total time for which application threads were stopped: 0.0042540 seconds, Stopping threads took: 0.0000201 seconds
196.938: [GC (Allocation Failure)  517552K->199304K(1033216K), 0.0039730 secs]
196.942: Total time for which application threads were stopped: 0.0041431 seconds, Stopping threads took: 0.0000198 seconds
197.009: [GC (Allocation Failure)  517768K->207082K(1033216K), 0.0041850 secs]
197.014: Total time for which application threads were stopped: 0.0043587 seconds, Stopping threads took: 0.0000263 seconds
197.078: [GC (Allocation Failure)  525546K->202216K(1033728K), 0.0023060 secs]
197.081: Total time for which application threads were stopped: 0.0024731 seconds, Stopping threads took: 0.0000212 seconds
197.149: [GC (Allocation Failure)  521192K->207250K(1033216K), 0.0054518 secs]
197.155: Total time for which application threads were stopped: 0.0056106 seconds, Stopping threads took: 0.0000166 seconds
197.223: [GC (Allocation Failure)  526226K->211250K(1034752K), 0.0043250 secs]
197.227: Total time for which application threads were stopped: 0.0045111 seconds, Stopping threads took: 0.0000206 seconds
197.293: [GC (Allocation Failure)  532786K->218792K(1034752K), 0.0083062 secs]
197.301: Total time for which application threads were stopped: 0.0084943 seconds, Stopping threads took: 0.0000305 seconds
197.370: [GC (Allocation Failure)  540328K->213130K(1029632K), 0.0041123 secs]
197.375: Total time for which application threads were stopped: 0.0042853 seconds, Stopping threads took: 0.0000198 seconds
197.441: [GC (Allocation Failure)  529546K->213034K(1032192K), 0.0040530 secs]
197.446: Total time for which application threads were stopped: 0.0042104 seconds, Stopping threads took: 0.0000170 seconds
197.511: [GC (Allocation Failure)  529450K->211624K(1033216K), 0.0036032 secs]
197.514: Total time for which application threads were stopped: 0.0037868 seconds, Stopping threads took: 0.0000192 seconds
197.582: [GC (Allocation Failure)  529576K->213066K(1032704K), 0.0041314 secs]
197.586: Total time for which application threads were stopped: 0.0042961 seconds, Stopping threads took: 0.0000198 seconds
197.654: [GC (Allocation Failure)  531018K->213034K(1034240K), 0.0039712 secs]
197.658: Total time for which application threads were stopped: 0.0041470 seconds, Stopping threads took: 0.0000277 seconds
197.726: [GC (Allocation Failure)  533034K->216266K(1033728K), 0.0045914 secs]
197.731: Total time for which application threads were stopped: 0.0047542 seconds, Stopping threads took: 0.0000195 seconds
197.798: [GC (Allocation Failure)  536266K->221293K(1034240K), 0.0043698 secs]
197.802: Total time for which application threads were stopped: 0.0045478 seconds, Stopping threads took: 0.0000221 seconds
197.869: [GC (Allocation Failure)  541805K->221069K(1034240K), 0.0040997 secs]
197.873: Total time for which application threads were stopped: 0.0042743 seconds, Stopping threads took: 0.0000201 seconds
197.940: [GC (Allocation Failure)  541581K->221957K(1033728K), 0.0041322 secs]
197.944: Total time for which application threads were stopped: 0.0043357 seconds, Stopping threads took: 0.0000214 seconds
198.014: [GC (Allocation Failure)  542469K->229127K(1034240K), 0.0041592 secs]
198.018: Total time for which application threads were stopped: 0.0043344 seconds, Stopping threads took: 0.0000260 seconds
198.086: [GC (Allocation Failure)  549639K->229095K(1034752K), 0.0068215 secs]
198.093: Total time for which application threads were stopped: 0.0069949 seconds, Stopping threads took: 0.0000199 seconds
198.161: [GC (Allocation Failure)  550119K->232775K(1034240K), 0.0049043 secs]
198.166: Total time for which application threads were stopped: 0.0050830 seconds, Stopping threads took: 0.0000264 seconds
198.233: [GC (Allocation Failure)  553799K->237257K(1034752K), 0.0042610 secs]
198.238: Total time for which application threads were stopped: 0.0044382 seconds, Stopping threads took: 0.0000207 seconds
198.307: [GC (Allocation Failure)  558793K->237129K(1034752K), 0.0040723 secs]
198.311: Total time for which application threads were stopped: 0.0042590 seconds, Stopping threads took: 0.0000348 seconds
198.376: [GC (Allocation Failure)  558665K->237385K(1034752K), 0.0042748 secs]
198.381: Total time for which application threads were stopped: 0.0044383 seconds, Stopping threads took: 0.0000199 seconds
198.449: [GC (Allocation Failure)  558921K->245227K(1034752K), 0.0039771 secs]
198.453: Total time for which application threads were stopped: 0.0041520 seconds, Stopping threads took: 0.0000200 seconds
198.520: [GC (Allocation Failure)  566763K->245163K(1034752K), 0.0040328 secs]
198.524: Total time for which application threads were stopped: 0.0042012 seconds, Stopping threads took: 0.0000284 seconds
198.589: [GC (Allocation Failure)  566699K->246667K(1034752K), 0.0043987 secs]
198.593: Total time for which application threads were stopped: 0.0045682 seconds, Stopping threads took: 0.0000276 seconds
198.661: [GC (Allocation Failure)  568203K->253198K(1034752K), 0.0040709 secs]
198.666: Total time for which application threads were stopped: 0.0042370 seconds, Stopping threads took: 0.0000190 seconds
198.732: [GC (Allocation Failure)  574734K->253230K(1034752K), 0.0041792 secs]
198.737: Total time for which application threads were stopped: 0.0043487 seconds, Stopping threads took: 0.0000204 seconds
198.802: [GC (Allocation Failure)  574766K->255910K(1034752K), 0.0046255 secs]
198.806: Total time for which application threads were stopped: 0.0047975 seconds, Stopping threads took: 0.0000193 seconds
198.874: [GC (Allocation Failure)  577446K->261448K(1034752K), 0.0043478 secs]
198.879: Total time for which application threads were stopped: 0.0045317 seconds, Stopping threads took: 0.0000208 seconds
198.944: [GC (Allocation Failure)  582984K->261224K(1034752K), 0.0065750 secs]
198.951: Total time for which application threads were stopped: 0.0067530 seconds, Stopping threads took: 0.0000206 seconds
199.017: [GC (Allocation Failure)  582760K->265192K(1034752K), 0.0051236 secs]
199.023: Total time for which application threads were stopped: 0.0053179 seconds, Stopping threads took: 0.0000258 seconds
199.088: [GC (Allocation Failure)  586728K->269450K(1034752K), 0.0041741 secs]
199.093: Total time for which application threads were stopped: 0.0043437 seconds, Stopping threads took: 0.0000196 seconds
199.158: [GC (Allocation Failure)  590986K->269258K(1034752K), 0.0070421 secs]
199.165: Total time for which application threads were stopped: 0.0072156 seconds, Stopping threads took: 0.0000201 seconds
199.232: [GC (Allocation Failure)  590794K->262312K(1034240K), 0.0013969 secs]
199.233: Total time for which application threads were stopped: 0.0015404 seconds, Stopping threads took: 0.0000205 seconds
199.299: [GC (Allocation Failure)  583848K->269386K(1034752K), 0.0044705 secs]
199.303: Total time for which application threads were stopped: 0.0046527 seconds, Stopping threads took: 0.0000223 seconds
199.371: [GC (Allocation Failure)  590922K->269258K(1034752K), 0.0042008 secs]
199.375: Total time for which application threads were stopped: 0.0043712 seconds, Stopping threads took: 0.0000196 seconds
199.440: [GC (Allocation Failure)  590794K->263528K(1034752K), 0.0018177 secs]
199.442: Total time for which application threads were stopped: 0.0019873 seconds, Stopping threads took: 0.0000196 seconds
199.511: [GC (Allocation Failure)  585064K->269354K(1034752K), 0.0041979 secs]
199.515: Total time for which application threads were stopped: 0.0043747 seconds, Stopping threads took: 0.0000209 seconds
199.584: [GC (Allocation Failure)  590890K->269290K(1034752K), 0.0042157 secs]
199.588: Total time for which application threads were stopped: 0.0043651 seconds, Stopping threads took: 0.0000174 seconds
199.653: [GC (Allocation Failure)  590826K->264776K(1035264K), 0.0023951 secs]
199.656: Total time for which application threads were stopped: 0.0025724 seconds, Stopping threads took: 0.0000196 seconds
199.724: [GC (Allocation Failure)  586824K->269258K(1034752K), 0.0041590 secs]
199.729: Total time for which application threads were stopped: 0.0043047 seconds, Stopping threads took: 0.0000164 seconds
199.799: [GC (Allocation Failure)  591306K->269290K(1035264K), 0.0041899 secs]
199.803: Total time for which application threads were stopped: 0.0043385 seconds, Stopping threads took: 0.0000169 seconds
199.870: [GC (Allocation Failure)  591850K->268040K(1035264K), 0.0038118 secs]
199.874: Total time for which application threads were stopped: 0.0039796 seconds, Stopping threads took: 0.0000193 seconds
199.942: [GC (Allocation Failure)  590600K->269482K(1035776K), 0.0040710 secs]
199.946: Total time for which application threads were stopped: 0.0042342 seconds, Stopping threads took: 0.0000203 seconds
200.015: [GC (Allocation Failure)  593066K->269258K(1035776K), 0.0042050 secs]
200.020: Total time for which application threads were stopped: 0.0043877 seconds, Stopping threads took: 0.0000265 seconds
200.086: [GC (Allocation Failure)  592842K->274344K(1031680K), 0.0063667 secs]
200.092: Total time for which application threads were stopped: 0.0065905 seconds, Stopping threads took: 0.0000205 seconds
200.160: [GC (Allocation Failure)  593832K->269770K(1033728K), 0.0040660 secs]
200.164: Total time for which application threads were stopped: 0.0042266 seconds, Stopping threads took: 0.0000188 seconds
200.233: [GC (Allocation Failure)  589258K->269610K(1034752K), 0.0042707 secs]
200.237: Total time for which application threads were stopped: 0.0044338 seconds, Stopping threads took: 0.0000198 seconds
200.304: [GC (Allocation Failure)  590634K->271368K(1034240K), 0.0049066 secs]
200.309: Total time for which application threads were stopped: 0.0050662 seconds, Stopping threads took: 0.0000191 seconds
200.377: [GC (Allocation Failure)  592392K->269738K(1035264K), 0.0041631 secs]
200.382: Total time for which application threads were stopped: 0.0043418 seconds, Stopping threads took: 0.0000196 seconds
200.449: [GC (Allocation Failure)  591786K->269642K(1034752K), 0.0040241 secs]
200.453: Total time for which application threads were stopped: 0.0041886 seconds, Stopping threads took: 0.0000196 seconds
200.521: [GC (Allocation Failure)  591690K->273096K(1034240K), 0.0055675 secs]
200.527: Total time for which application threads were stopped: 0.0057239 seconds, Stopping threads took: 0.0000192 seconds
200.595: [GC (Allocation Failure)  594632K->269642K(1034752K), 0.0041087 secs]
200.599: Total time for which application threads were stopped: 0.0043008 seconds, Stopping threads took: 0.0000189 seconds
200.667: [GC (Allocation Failure)  591178K->269610K(1035776K), 0.0042995 secs]
200.671: Total time for which application threads were stopped: 0.0044687 seconds, Stopping threads took: 0.0000199 seconds
200.737: [GC (Allocation Failure)  592682K->275816K(1035264K), 0.0070112 secs]
200.744: Total time for which application threads were stopped: 0.0071894 seconds, Stopping threads took: 0.0000211 seconds
200.812: [GC (Allocation Failure)  598888K->271338K(1033216K), 0.0041352 secs]
200.816: Total time for which application threads were stopped: 0.0042960 seconds, Stopping threads took: 0.0000191 seconds
200.885: [GC (Allocation Failure)  591850K->271050K(1034240K), 0.0039791 secs]
200.890: Total time for which application threads were stopped: 0.0041562 seconds, Stopping threads took: 0.0000278 seconds
200.957: [GC (Allocation Failure)  591562K->277992K(1030656K), 0.0072455 secs]
200.964: Total time for which application threads were stopped: 0.0074174 seconds, Stopping threads took: 0.0000250 seconds
201.031: [GC (Allocation Failure)  595432K->272458K(1032704K), 0.0040722 secs]
201.035: Total time for which application threads were stopped: 0.0042749 seconds, Stopping threads took: 0.0000483 seconds
201.104: [GC (Allocation Failure)  589898K->272234K(1033728K), 0.0043274 secs]
201.108: Total time for which application threads were stopped: 0.0045020 seconds, Stopping threads took: 0.0000204 seconds
201.175: [GC (Allocation Failure)  591210K->269640K(1033216K), 0.0031394 secs]
201.178: Total time for which application threads were stopped: 0.0033327 seconds, Stopping threads took: 0.0000192 seconds
201.247: [GC (Allocation Failure)  588616K->272394K(1034240K), 0.0042258 secs]
201.252: Total time for which application threads were stopped: 0.0044062 seconds, Stopping threads took: 0.0000194 seconds
201.318: [GC (Allocation Failure)  592394K->272266K(1033728K), 0.0040802 secs]
201.323: Total time for which application threads were stopped: 0.0042578 seconds, Stopping threads took: 0.0000239 seconds
201.388: [GC (Allocation Failure)  592266K->265288K(1032704K), 0.0015359 secs]
201.390: Total time for which application threads were stopped: 0.0016613 seconds, Stopping threads took: 0.0000188 seconds
201.459: [GC (Allocation Failure)  584776K->272330K(1033728K), 0.0043643 secs]
201.463: Total time for which application threads were stopped: 0.0045066 seconds, Stopping threads took: 0.0000188 seconds
201.531: [GC (Allocation Failure)  591818K->272234K(1034752K), 0.0043186 secs]
201.535: Total time for which application threads were stopped: 0.0044845 seconds, Stopping threads took: 0.0000273 seconds
201.600: [GC (Allocation Failure)  593258K->273994K(1034240K), 0.0042894 secs]
201.604: Total time for which application threads were stopped: 0.0044600 seconds, Stopping threads took: 0.0000192 seconds
201.672: [GC (Allocation Failure)  595018K->280268K(1034752K), 0.0040383 secs]
201.676: Total time for which application threads were stopped: 0.0041935 seconds, Stopping threads took: 0.0000187 seconds
201.745: [GC (Allocation Failure)  601292K->280268K(1034240K), 0.0042437 secs]
201.749: Total time for which application threads were stopped: 0.0044253 seconds, Stopping threads took: 0.0000166 seconds
201.818: [GC (Allocation Failure)  601292K->281740K(1034240K), 0.0041677 secs]
201.822: Total time for which application threads were stopped: 0.0043250 seconds, Stopping threads took: 0.0000160 seconds
201.890: [GC (Allocation Failure)  603276K->288559K(1034752K), 0.0041899 secs]
201.894: Total time for which application threads were stopped: 0.0043510 seconds, Stopping threads took: 0.0000193 seconds
201.962: [GC (Allocation Failure)  610095K->288335K(1035264K), 0.0044999 secs]
201.966: Total time for which application threads were stopped: 0.0046635 seconds, Stopping threads took: 0.0000204 seconds
202.033: [GC (Allocation Failure)  610383K->291495K(1034752K), 0.0048292 secs]
202.038: Total time for which application threads were stopped: 0.0050133 seconds, Stopping threads took: 0.0000298 seconds
202.106: [GC (Allocation Failure)  613543K->296521K(1035264K), 0.0041624 secs]
202.111: Total time for which application threads were stopped: 0.0043426 seconds, Stopping threads took: 0.0000199 seconds
202.178: [GC (Allocation Failure)  619081K->296361K(1035264K), 0.0041730 secs]
202.183: Total time for which application threads were stopped: 0.0043434 seconds, Stopping threads took: 0.0000208 seconds
202.250: [GC (Allocation Failure)  618921K->291175K(1035264K), 0.0023707 secs]
202.252: Total time for which application threads were stopped: 0.0025274 seconds, Stopping threads took: 0.0000196 seconds
202.321: [GC (Allocation Failure)  613735K->296425K(1035264K), 0.0047742 secs]
202.325: Total time for which application threads were stopped: 0.0049422 seconds, Stopping threads took: 0.0000175 seconds
202.394: [GC (Allocation Failure)  618985K->296329K(1035264K), 0.0043081 secs]
202.398: Total time for which application threads were stopped: 0.0044872 seconds, Stopping threads took: 0.0000199 seconds
202.468: [GC (Allocation Failure)  618889K->295495K(1035264K), 0.0037649 secs]
202.471: Total time for which application threads were stopped: 0.0039234 seconds, Stopping threads took: 0.0000190 seconds
202.540: [GC (Allocation Failure)  618055K->296393K(1035776K), 0.0041421 secs]
202.544: Total time for which application threads were stopped: 0.0042944 seconds, Stopping threads took: 0.0000253 seconds
202.612: [GC (Allocation Failure)  619977K->296361K(1035776K), 0.0042020 secs]
202.616: Total time for which application threads were stopped: 0.0043683 seconds, Stopping threads took: 0.0000200 seconds
202.682: [GC (Allocation Failure)  619945K->301775K(1032192K), 0.0068709 secs]
202.689: Total time for which application threads were stopped: 0.0070436 seconds, Stopping threads took: 0.0000190 seconds
202.757: [GC (Allocation Failure)  622287K->297553K(1034240K), 0.0044173 secs]
202.762: Total time for which application threads were stopped: 0.0045791 seconds, Stopping threads took: 0.0000190 seconds
202.829: [GC (Allocation Failure)  618065K->297553K(1035264K), 0.0042311 secs]
202.834: Total time for which application threads were stopped: 0.0044100 seconds, Stopping threads took: 0.0000198 seconds
202.901: [GC (Allocation Failure)  619601K->302735K(1034752K), 0.0077282 secs]
202.908: Total time for which application threads were stopped: 0.0079001 seconds, Stopping threads took: 0.0000200 seconds
202.977: [GC (Allocation Failure)  624783K->297745K(1033728K), 0.0043593 secs]
202.981: Total time for which application threads were stopped: 0.0045331 seconds, Stopping threads took: 0.0000268 seconds
203.049: [GC (Allocation Failure)  618257K->297553K(1034240K), 0.0041146 secs]
203.053: Total time for which application threads were stopped: 0.0042810 seconds, Stopping threads took: 0.0000197 seconds
203.120: [GC (Allocation Failure)  618065K->302447K(1032704K), 0.0062730 secs]
203.126: Total time for which application threads were stopped: 0.0064433 seconds, Stopping threads took: 0.0000198 seconds
203.192: [GC (Allocation Failure)  621935K->297713K(1033728K), 0.0042930 secs]
203.197: Total time for which application threads were stopped: 0.0044636 seconds, Stopping threads took: 0.0000206 seconds
203.263: [GC (Allocation Failure)  617201K->297585K(1034752K), 0.0043375 secs]
203.268: Total time for which application threads were stopped: 0.0045069 seconds, Stopping threads took: 0.0000198 seconds
203.335: [GC (Allocation Failure)  618609K->299023K(1034240K), 0.0070892 secs]
203.342: Total time for which application threads were stopped: 0.0072480 seconds, Stopping threads took: 0.0000187 seconds
203.409: [GC (Allocation Failure)  620047K->297681K(1035264K), 0.0040681 secs]
203.414: Total time for which application threads were stopped: 0.0042461 seconds, Stopping threads took: 0.0000188 seconds
203.481: [GC (Allocation Failure)  619729K->297585K(1034752K), 0.0042064 secs]
203.485: Total time for which application threads were stopped: 0.0043626 seconds, Stopping threads took: 0.0000256 seconds
203.553: [GC (Allocation Failure)  619633K->300783K(1034240K), 0.0055221 secs]
203.558: Total time for which application threads were stopped: 0.0056821 seconds, Stopping threads took: 0.0000199 seconds
203.626: [GC (Allocation Failure)  622319K->297585K(1034752K), 0.0041106 secs]
203.630: Total time for which application threads were stopped: 0.0042730 seconds, Stopping threads took: 0.0000204 seconds
203.698: [GC (Allocation Failure)  619121K->297553K(1035776K), 0.0043667 secs]
203.703: Total time for which application threads were stopped: 0.0045433 seconds, Stopping threads took: 0.0000220 seconds
203.768: [GC (Allocation Failure)  620625K->303495K(1035264K), 0.0070286 secs]
203.776: Total time for which application threads were stopped: 0.0072150 seconds, Stopping threads took: 0.0000272 seconds
203.843: [GC (Allocation Failure)  626567K->299017K(1033216K), 0.0044627 secs]
203.847: Total time for which application threads were stopped: 0.0046415 seconds, Stopping threads took: 0.0000204 seconds
203.914: [GC (Allocation Failure)  619529K->298761K(1034240K), 0.0040159 secs]
203.918: Total time for which application threads were stopped: 0.0041874 seconds, Stopping threads took: 0.0000205 seconds
203.985: [GC (Allocation Failure)  619273K->305415K(1031680K), 0.0070771 secs]
203.992: Total time for which application threads were stopped: 0.0072560 seconds, Stopping threads took: 0.0000271 seconds
204.059: [GC (Allocation Failure)  623879K->299849K(1033216K), 0.0040800 secs]
204.064: Total time for which application threads were stopped: 0.0042541 seconds, Stopping threads took: 0.0000252 seconds
204.130: [GC (Allocation Failure)  618313K->299657K(1033728K), 0.0042615 secs]
204.134: Total time for which application threads were stopped: 0.0044358 seconds, Stopping threads took: 0.0000203 seconds
204.200: [GC (Allocation Failure)  618633K->298887K(1033216K), 0.0039777 secs]
204.204: Total time for which application threads were stopped: 0.0041434 seconds, Stopping threads took: 0.0000196 seconds
204.271: [GC (Allocation Failure)  617863K->299849K(1034240K), 0.0043528 secs]
204.275: Total time for which application threads were stopped: 0.0045307 seconds, Stopping threads took: 0.0000193 seconds
204.343: [GC (Allocation Failure)  619849K->299657K(1033728K), 0.0041333 secs]
204.347: Total time for which application threads were stopped: 0.0042910 seconds, Stopping threads took: 0.0000194 seconds
204.412: [GC (Allocation Failure)  619657K->294471K(1033728K), 0.0020665 secs]
204.414: Total time for which application threads were stopped: 0.0022288 seconds, Stopping threads took: 0.0000185 seconds
204.483: [GC (Allocation Failure)  614983K->299753K(1034240K), 0.0042013 secs]
204.487: Total time for which application threads were stopped: 0.0043576 seconds, Stopping threads took: 0.0000245 seconds
204.556: [GC (Allocation Failure)  620265K->299625K(1035264K), 0.0042152 secs]
204.560: Total time for which application threads were stopped: 0.0043946 seconds, Stopping threads took: 0.0000269 seconds
204.627: [GC (Allocation Failure)  621673K->294151K(1034752K), 0.0021416 secs]
204.629: Total time for which application threads were stopped: 0.0023046 seconds, Stopping threads took: 0.0000197 seconds
204.697: [GC (Allocation Failure)  616199K->299721K(1035264K), 0.0041866 secs]
204.701: Total time for which application threads were stopped: 0.0043567 seconds, Stopping threads took: 0.0000195 seconds
204.769: [GC (Allocation Failure)  621769K->299689K(1034752K), 0.0041416 secs]
204.773: Total time for which application threads were stopped: 0.0043090 seconds, Stopping threads took: 0.0000190 seconds
204.840: [GC (Allocation Failure)  621737K->296935K(1035776K), 0.0030868 secs]
204.844: Total time for which application threads were stopped: 0.0032483 seconds, Stopping threads took: 0.0000190 seconds
204.911: [GC (Allocation Failure)  620007K->299913K(1035264K), 0.0041726 secs]
204.916: Total time for which application threads were stopped: 0.0043438 seconds, Stopping threads took: 0.0000197 seconds
204.983: [GC (Allocation Failure)  622985K->299689K(1036288K), 0.0042352 secs]
204.988: Total time for which application threads were stopped: 0.0044152 seconds, Stopping threads took: 0.0000264 seconds
205.057: [GC (Allocation Failure)  623785K->303783K(1035776K), 0.0058955 secs]
205.063: Total time for which application threads were stopped: 0.0060681 seconds, Stopping threads took: 0.0000195 seconds
205.132: [GC (Allocation Failure)  627879K->299817K(1034752K), 0.0041998 secs]
205.136: Total time for which application threads were stopped: 0.0043816 seconds, Stopping threads took: 0.0000199 seconds
205.205: [GC (Allocation Failure)  622377K->299657K(1035264K), 0.0042241 secs]
205.209: Total time for which application threads were stopped: 0.0043860 seconds, Stopping threads took: 0.0000202 seconds
205.277: [GC (Allocation Failure)  622217K->293223K(1034752K), 0.0017547 secs]
205.278: Total time for which application threads were stopped: 0.0019075 seconds, Stopping threads took: 0.0000197 seconds
205.348: [GC (Allocation Failure)  615783K->299817K(1035264K), 0.0042483 secs]
205.353: Total time for which application threads were stopped: 0.0044210 seconds, Stopping threads took: 0.0000195 seconds
205.420: [GC (Allocation Failure)  622377K->303801K(1035776K), 0.0048725 secs]
205.425: Total time for which application threads were stopped: 0.0050666 seconds, Stopping threads took: 0.0000198 seconds
205.492: [GC (Allocation Failure)  627385K->299895K(1035776K), 0.0029548 secs]
205.495: Total time for which application threads were stopped: 0.0031108 seconds, Stopping threads took: 0.0000254 seconds
205.564: [GC (Allocation Failure)  623479K->303961K(1035776K), 0.0045894 secs]
205.569: Total time for which application threads were stopped: 0.0047860 seconds, Stopping threads took: 0.0000199 seconds
205.638: [GC (Allocation Failure)  627545K->307961K(1035776K), 0.0042992 secs]
205.642: Total time for which application threads were stopped: 0.0044725 seconds, Stopping threads took: 0.0000199 seconds
205.710: [GC (Allocation Failure)  631545K->307961K(1036288K), 0.0041911 secs]
205.714: Total time for which application threads were stopped: 0.0043666 seconds, Stopping threads took: 0.0000257 seconds
205.781: [GC (Allocation Failure)  632057K->308281K(1024000K), 0.0043242 secs]
205.785: Total time for which application threads were stopped: 0.0044823 seconds, Stopping threads took: 0.0000193 seconds
205.853: [GC (Allocation Failure)  632377K->316027K(1035264K), 0.0044402 secs]
205.858: Total time for which application threads were stopped: 0.0046296 seconds, Stopping threads took: 0.0000276 seconds
205.925: [GC (Allocation Failure)  638587K->315963K(1035264K), 0.0043229 secs]
205.929: Total time for which application threads were stopped: 0.0044870 seconds, Stopping threads took: 0.0000206 seconds
205.996: [GC (Allocation Failure)  638523K->315987K(1033728K), 0.0049109 secs]
206.001: Total time for which application threads were stopped: 0.0050933 seconds, Stopping threads took: 0.0000264 seconds
206.068: [GC (Allocation Failure)  637523K->323990K(1034752K), 0.0054072 secs]
206.074: Total time for which application threads were stopped: 0.0055683 seconds, Stopping threads took: 0.0000197 seconds
206.141: [GC (Allocation Failure)  645526K->323958K(1035264K), 0.0044005 secs]
206.146: Total time for which application threads were stopped: 0.0045605 seconds, Stopping threads took: 0.0000196 seconds
206.212: [GC (Allocation Failure)  646006K->324246K(1034752K), 0.0043202 secs]
206.217: Total time for which application threads were stopped: 0.0044771 seconds, Stopping threads took: 0.0000190 seconds
206.284: [GC (Allocation Failure)  646294K->332024K(1034752K), 0.0042306 secs]
206.289: Total time for which application threads were stopped: 0.0044027 seconds, Stopping threads took: 0.0000201 seconds
206.358: [GC (Allocation Failure)  653560K->332056K(1034752K), 0.0043230 secs]
206.362: Total time for which application threads were stopped: 0.0045031 seconds, Stopping threads took: 0.0000200 seconds
206.428: [GC (Allocation Failure)  653592K->332440K(1033728K), 0.0044143 secs]
206.433: Total time for which application threads were stopped: 0.0046119 seconds, Stopping threads took: 0.0000201 seconds
206.502: [GC (Allocation Failure)  652952K->340058K(1034240K), 0.0043233 secs]
206.506: Total time for which application threads were stopped: 0.0044903 seconds, Stopping threads took: 0.0000265 seconds
206.573: [GC (Allocation Failure)  660570K->340090K(1034240K), 0.0043137 secs]
206.578: Total time for which application threads were stopped: 0.0045041 seconds, Stopping threads took: 0.0000246 seconds
206.646: [GC (Allocation Failure)  660602K->340186K(1034240K), 0.0041962 secs]
206.651: Total time for which application threads were stopped: 0.0043962 seconds, Stopping threads took: 0.0000251 seconds
206.719: [GC (Allocation Failure)  660698K->348092K(1034240K), 0.0041690 secs]
206.723: Total time for which application threads were stopped: 0.0043336 seconds, Stopping threads took: 0.0000197 seconds
206.791: [GC (Allocation Failure)  668604K->348060K(1034240K), 0.0045241 secs]
206.795: Total time for which application threads were stopped: 0.0046925 seconds, Stopping threads took: 0.0000197 seconds
206.863: [GC (Allocation Failure)  668572K->348164K(1033216K), 0.0046994 secs]
206.867: Total time for which application threads were stopped: 0.0048693 seconds, Stopping threads took: 0.0000198 seconds
206.934: [GC (Allocation Failure)  667652K->356135K(1033728K), 0.0042462 secs]
206.939: Total time for which application threads were stopped: 0.0044293 seconds, Stopping threads took: 0.0000196 seconds
207.005: [GC (Allocation Failure)  675623K->356167K(1033728K), 0.0042508 secs]
207.009: Total time for which application threads were stopped: 0.0044217 seconds, Stopping threads took: 0.0000264 seconds
207.074: [GC (Allocation Failure)  675655K->356199K(1033728K), 0.0044545 secs]
207.079: Total time for which application threads were stopped: 0.0046173 seconds, Stopping threads took: 0.0000198 seconds
207.146: [GC (Allocation Failure)  675687K->364169K(1033728K), 0.0045066 secs]
207.150: Total time for which application threads were stopped: 0.0047036 seconds, Stopping threads took: 0.0000195 seconds
207.220: [GC (Allocation Failure)  683657K->364201K(1033728K), 0.0044863 secs]
207.224: Total time for which application threads were stopped: 0.0046521 seconds, Stopping threads took: 0.0000214 seconds
207.289: [GC (Allocation Failure)  683689K->364393K(1033728K), 0.0044952 secs]
207.294: Total time for which application threads were stopped: 0.0046598 seconds, Stopping threads took: 0.0000194 seconds
207.360: [GC (Allocation Failure)  683881K->372203K(1027072K), 0.0043081 secs]
207.365: Total time for which application threads were stopped: 0.0045246 seconds, Stopping threads took: 0.0000198 seconds
207.432: [GC (Allocation Failure)  691691K->368297K(1034240K), 0.0033338 secs]
207.436: Total time for which application threads were stopped: 0.0034945 seconds, Stopping threads took: 0.0000192 seconds
207.503: [GC (Allocation Failure)  687785K->372363K(1033216K), 0.0044906 secs]
207.508: Total time for which application threads were stopped: 0.0046594 seconds, Stopping threads took: 0.0000276 seconds
207.575: [GC (Allocation Failure)  691851K->376363K(1034752K), 0.0044723 secs]
207.579: Total time for which application threads were stopped: 0.0046386 seconds, Stopping threads took: 0.0000197 seconds
207.646: [GC (Allocation Failure)  697899K->369545K(1034752K), 0.0017863 secs]
207.648: Total time for which application threads were stopped: 0.0019232 seconds, Stopping threads took: 0.0000205 seconds
207.714: [GC (Allocation Failure)  691081K->376403K(1034752K), 0.0043607 secs]
207.719: Total time for which application threads were stopped: 0.0045222 seconds, Stopping threads took: 0.0000198 seconds
207.788: [GC (Allocation Failure)  697939K->380483K(1034752K), 0.0051602 secs]
207.793: Total time for which application threads were stopped: 0.0053297 seconds, Stopping threads took: 0.0000201 seconds
207.859: [GC (Allocation Failure)  702019K->374945K(1034752K), 0.0023246 secs]
207.861: Total time for which application threads were stopped: 0.0024772 seconds, Stopping threads took: 0.0000202 seconds
207.929: [GC (Allocation Failure)  696481K->380747K(1034752K), 0.0045359 secs]
207.933: Total time for which application threads were stopped: 0.0047078 seconds, Stopping threads took: 0.0000201 seconds
208.001: [GC (Allocation Failure)  702283K->384619K(1034752K), 0.0045459 secs]
208.005: Total time for which application threads were stopped: 0.0047137 seconds, Stopping threads took: 0.0000264 seconds
208.072: [GC (Allocation Failure)  707107K->380713K(1035264K), 0.0031683 secs]
208.076: Total time for which application threads were stopped: 0.0033352 seconds, Stopping threads took: 0.0000201 seconds
208.144: [GC (Allocation Failure)  703273K->384779K(1036288K), 0.0043917 secs]
208.148: Total time for which application threads were stopped: 0.0045708 seconds, Stopping threads took: 0.0000198 seconds
208.217: [GC (Allocation Failure)  708875K->388747K(1035776K), 0.0056612 secs]
208.222: Total time for which application threads were stopped: 0.0058199 seconds, Stopping threads took: 0.0000199 seconds
208.291: [GC (Allocation Failure)  712843K->388747K(1035776K), 0.0044073 secs]
208.296: Total time for which application threads were stopped: 0.0045755 seconds, Stopping threads took: 0.0000270 seconds
208.365: [GC (Allocation Failure)  712331K->388811K(1023488K), 0.0103328 secs]
208.376: Total time for which application threads were stopped: 0.0105036 seconds, Stopping threads took: 0.0000192 seconds
208.442: [GC (Allocation Failure)  712395K->396781K(1035264K), 0.0045366 secs]
208.446: Total time for which application threads were stopped: 0.0047068 seconds, Stopping threads took: 0.0000193 seconds
208.514: [GC (Allocation Failure)  719341K->396781K(1030144K), 0.0041420 secs]
208.518: Total time for which application threads were stopped: 0.0044734 seconds, Stopping threads took: 0.0001400 seconds
208.588: [GC (Allocation Failure)  719341K->396845K(1034752K), 0.0044841 secs]
208.592: Total time for which application threads were stopped: 0.0046815 seconds, Stopping threads took: 0.0000200 seconds
208.662: [GC (Allocation Failure)  718381K->404848K(1034752K), 0.0043970 secs]
208.667: Total time for which application threads were stopped: 0.0045877 seconds, Stopping threads took: 0.0000167 seconds
208.736: [GC (Allocation Failure)  726384K->404816K(1033728K), 0.0042840 secs]
208.741: Total time for which application threads were stopped: 0.0044507 seconds, Stopping threads took: 0.0000198 seconds
208.807: [GC (Allocation Failure)  725328K->405064K(1034240K), 0.0043608 secs]
208.812: Total time for which application threads were stopped: 0.0045679 seconds, Stopping threads took: 0.0000187 seconds
208.879: [GC (Allocation Failure)  725576K->412842K(1034240K), 0.0044494 secs]
208.884: Total time for which application threads were stopped: 0.0046282 seconds, Stopping threads took: 0.0000188 seconds
208.951: [GC (Allocation Failure)  733354K->412874K(1034240K), 0.0043370 secs]
208.956: Total time for which application threads were stopped: 0.0045303 seconds, Stopping threads took: 0.0000195 seconds
209.024: [GC (Allocation Failure)  733386K->413290K(1033216K), 0.0044432 secs]
209.029: Total time for which application threads were stopped: 0.0046105 seconds, Stopping threads took: 0.0000264 seconds
209.096: [GC (Allocation Failure)  732778K->420876K(1033728K), 0.0045860 secs]
209.101: Total time for which application threads were stopped: 0.0047508 seconds, Stopping threads took: 0.0000193 seconds
209.168: [GC (Allocation Failure)  740364K->420908K(1033728K), 0.0044261 secs]
209.173: Total time for which application threads were stopped: 0.0045871 seconds, Stopping threads took: 0.0000189 seconds
209.237: [GC (Allocation Failure)  740396K->420996K(1033728K), 0.0062035 secs]
209.244: Total time for which application threads were stopped: 0.0063667 seconds, Stopping threads took: 0.0000191 seconds
209.311: [GC (Allocation Failure)  740484K->428902K(1033728K), 0.0084182 secs]
209.320: Total time for which application threads were stopped: 0.0085855 seconds, Stopping threads took: 0.0000219 seconds
209.387: [GC (Allocation Failure)  748390K->428934K(1033728K), 0.0044954 secs]
209.392: Total time for which application threads were stopped: 0.0046590 seconds, Stopping threads took: 0.0000192 seconds
209.458: [GC (Allocation Failure)  748422K->428966K(1033728K), 0.0043837 secs]
209.463: Total time for which application threads were stopped: 0.0045773 seconds, Stopping threads took: 0.0000189 seconds
209.531: [GC (Allocation Failure)  748454K->436905K(1027072K), 0.0044394 secs]
209.536: Total time for which application threads were stopped: 0.0046005 seconds, Stopping threads took: 0.0000273 seconds
209.601: [GC (Allocation Failure)  756392K->433030K(1034240K), 0.0035983 secs]
209.605: Total time for which application threads were stopped: 0.0037825 seconds, Stopping threads took: 0.0000198 seconds
209.674: [GC (Allocation Failure)  752518K->437073K(1033216K), 0.0046092 secs]
209.679: Total time for which application threads were stopped: 0.0047729 seconds, Stopping threads took: 0.0000196 seconds
209.746: [GC (Allocation Failure)  756561K->441073K(1034752K), 0.0044991 secs]
209.751: Total time for which application threads were stopped: 0.0047004 seconds, Stopping threads took: 0.0000198 seconds
209.818: [GC (Allocation Failure)  762609K->434286K(1034752K), 0.0017607 secs]
209.820: Total time for which application threads were stopped: 0.0019025 seconds, Stopping threads took: 0.0000166 seconds
209.889: [GC (Allocation Failure)  755822K->441145K(1034752K), 0.0043923 secs]
209.894: Total time for which application threads were stopped: 0.0045424 seconds, Stopping threads took: 0.0000165 seconds
209.960: [GC (Allocation Failure)  762681K->445225K(1034752K), 0.0053243 secs]
209.965: Total time for which application threads were stopped: 0.0054857 seconds, Stopping threads took: 0.0000199 seconds
210.032: [GC (Allocation Failure)  766761K->439686K(1034752K), 0.0025161 secs]
210.035: Total time for which application threads were stopped: 0.0026956 seconds, Stopping threads took: 0.0000264 seconds
210.102: [GC (Allocation Failure)  761222K->445529K(1034752K), 0.0045705 secs]
210.107: Total time for which application threads were stopped: 0.0047614 seconds, Stopping threads took: 0.0000201 seconds
210.173: [GC (Allocation Failure)  767065K->449337K(1034752K), 0.0049773 secs]
210.178: Total time for which application threads were stopped: 0.0051368 seconds, Stopping threads took: 0.0000192 seconds
210.245: [GC (Allocation Failure)  771825K->445462K(1035264K), 0.0049006 secs]
210.250: Total time for which application threads were stopped: 0.0050694 seconds, Stopping threads took: 0.0000193 seconds
210.320: [GC (Allocation Failure)  768022K->449497K(1036288K), 0.0062853 secs]
210.326: Total time for which application threads were stopped: 0.0064868 seconds, Stopping threads took: 0.0000181 seconds
210.394: [GC (Allocation Failure)  773593K->453497K(1035776K), 0.0046457 secs]
210.399: Total time for which application threads were stopped: 0.0048126 seconds, Stopping threads took: 0.0000196 seconds
210.467: [GC (Allocation Failure)  777593K->453497K(1035776K), 0.0043853 secs]
210.471: Total time for which application threads were stopped: 0.0045512 seconds, Stopping threads took: 0.0000189 seconds
210.539: [GC (Allocation Failure)  777081K->453561K(1023488K), 0.0045515 secs]
210.544: Total time for which application threads were stopped: 0.0047499 seconds, Stopping threads took: 0.0000273 seconds
210.612: [GC (Allocation Failure)  777145K->461531K(1035264K), 0.0044318 secs]
210.616: Total time for which application threads were stopped: 0.0045826 seconds, Stopping threads took: 0.0000177 seconds
210.683: [GC (Allocation Failure)  784091K->461531K(1030144K), 0.0044177 secs]
210.688: Total time for which application threads were stopped: 0.0045749 seconds, Stopping threads took: 0.0000189 seconds
210.755: [GC (Allocation Failure)  784091K->461603K(1034752K), 0.0045247 secs]
210.760: Total time for which application threads were stopped: 0.0046910 seconds, Stopping threads took: 0.0000194 seconds
210.827: [GC (Allocation Failure)  783139K->469605K(1034752K), 0.0047765 secs]
210.832: Total time for which application threads were stopped: 0.0049465 seconds, Stopping threads took: 0.0000198 seconds
210.900: [GC (Allocation Failure)  791141K->469573K(1033728K), 0.0066161 secs]
210.906: Total time for which application threads were stopped: 0.0067913 seconds, Stopping threads took: 0.0000277 seconds
210.973: [GC (Allocation Failure)  790085K->469797K(1034240K), 0.0047880 secs]
210.978: Total time for which application threads were stopped: 0.0049492 seconds, Stopping threads took: 0.0000195 seconds
211.045: [GC (Allocation Failure)  790309K->477639K(1034240K), 0.0043882 secs]
211.050: Total time for which application threads were stopped: 0.0045566 seconds, Stopping threads took: 0.0000192 seconds
211.118: [GC (Allocation Failure)  798151K->477639K(1034240K), 0.0045653 secs]
211.122: Total time for which application threads were stopped: 0.0047367 seconds, Stopping threads took: 0.0000201 seconds
211.189: [GC (Allocation Failure)  798151K->478055K(1033216K), 0.0046132 secs]
211.194: Total time for which application threads were stopped: 0.0047958 seconds, Stopping threads took: 0.0000195 seconds
211.261: [GC (Allocation Failure)  797543K->485642K(1033728K), 0.0063987 secs]
211.267: Total time for which application threads were stopped: 0.0065849 seconds, Stopping threads took: 0.0000193 seconds
211.336: [GC (Allocation Failure)  805130K->485674K(1033728K), 0.0044745 secs]
211.341: Total time for which application threads were stopped: 0.0046341 seconds, Stopping threads took: 0.0000239 seconds
211.405: [GC (Allocation Failure)  805162K->485770K(1033728K), 0.0045472 secs]
211.410: Total time for which application threads were stopped: 0.0047077 seconds, Stopping threads took: 0.0000182 seconds
211.477: [GC (Allocation Failure)  805258K->493676K(1033728K), 0.0043588 secs]
211.482: Total time for which application threads were stopped: 0.0045058 seconds, Stopping threads took: 0.0000177 seconds
211.549: [GC (Allocation Failure)  813164K->493676K(1033728K), 0.0045988 secs]
211.554: Total time for which application threads were stopped: 0.0047860 seconds, Stopping threads took: 0.0000244 seconds
211.622: [GC (Allocation Failure)  813164K->493740K(1033728K), 0.0046753 secs]
211.627: Total time for which application threads were stopped: 0.0048702 seconds, Stopping threads took: 0.0000196 seconds
211.694: [GC (Allocation Failure)  813228K->501710K(1027072K), 0.0046379 secs]
211.699: Total time for which application threads were stopped: 0.0048035 seconds, Stopping threads took: 0.0000210 seconds
211.764: [GC (Allocation Failure)  821198K->497804K(1034240K), 0.0038592 secs]
211.768: Total time for which application threads were stopped: 0.0040367 seconds, Stopping threads took: 0.0000202 seconds
211.835: [GC (Allocation Failure)  817292K->501870K(1033216K), 0.0045608 secs]
211.840: Total time for which application threads were stopped: 0.0047301 seconds, Stopping threads took: 0.0000196 seconds
211.907: [GC (Allocation Failure)  821358K->505838K(1034752K), 0.0045792 secs]
211.912: Total time for which application threads were stopped: 0.0047402 seconds, Stopping threads took: 0.0000188 seconds
211.979: [GC (Allocation Failure)  827374K->499052K(1034752K), 0.0025387 secs]
211.982: Total time for which application threads were stopped: 0.0026671 seconds, Stopping threads took: 0.0000188 seconds
212.049: [GC (Allocation Failure)  820588K->505902K(1034752K), 0.0045482 secs]
212.053: Total time for which application threads were stopped: 0.0047489 seconds, Stopping threads took: 0.0000215 seconds
212.120: [GC (Allocation Failure)  827438K->509982K(1034752K), 0.0056023 secs]
212.126: Total time for which application threads were stopped: 0.0057853 seconds, Stopping threads took: 0.0000171 seconds
212.193: [GC (Allocation Failure)  831518K->504444K(1034752K), 0.0027265 secs]
212.195: Total time for which application threads were stopped: 0.0029012 seconds, Stopping threads took: 0.0000274 seconds
212.262: [GC (Allocation Failure)  825980K->510286K(1034752K), 0.0046732 secs]
212.267: Total time for which application threads were stopped: 0.0048682 seconds, Stopping threads took: 0.0000196 seconds
212.337: [GC (Allocation Failure)  831822K->514118K(1035264K), 0.0062079 secs]
212.343: Total time for which application threads were stopped: 0.0063788 seconds, Stopping threads took: 0.0000242 seconds
212.410: [GC (Allocation Failure)  836607K->510212K(1035264K), 0.0033684 secs]
212.413: Total time for which application threads were stopped: 0.0035267 seconds, Stopping threads took: 0.0000196 seconds
212.481: [GC (Allocation Failure)  832772K->514278K(1036288K), 0.0047776 secs]
212.486: Total time for which application threads were stopped: 0.0049459 seconds, Stopping threads took: 0.0000253 seconds
212.554: [GC (Allocation Failure)  838374K->518246K(1035776K), 0.0045030 secs]
212.559: Total time for which application threads were stopped: 0.0046847 seconds, Stopping threads took: 0.0000254 seconds
212.627: [GC (Allocation Failure)  842342K->518246K(1035776K), 0.0046942 secs]
212.632: Total time for which application threads were stopped: 0.0048646 seconds, Stopping threads took: 0.0000197 seconds
212.699: [GC (Allocation Failure)  841830K->518310K(1023488K), 0.0048230 secs]
212.704: Total time for which application threads were stopped: 0.0050031 seconds, Stopping threads took: 0.0000204 seconds
212.770: [GC (Allocation Failure)  841894K->526313K(1035264K), 0.0045662 secs]
212.775: Total time for which application threads were stopped: 0.0047619 seconds, Stopping threads took: 0.0000200 seconds
212.844: [GC (Allocation Failure)  848873K->526313K(1030144K), 0.0044614 secs]
212.848: Total time for which application threads were stopped: 0.0046545 seconds, Stopping threads took: 0.0000201 seconds
212.917: [GC (Allocation Failure)  848873K->526345K(1034752K), 0.0044583 secs]
212.922: Total time for which application threads were stopped: 0.0046373 seconds, Stopping threads took: 0.0000178 seconds
212.991: [GC (Allocation Failure)  847881K->534315K(1029120K), 0.0046714 secs]
212.996: Total time for which application threads were stopped: 0.0048436 seconds, Stopping threads took: 0.0000256 seconds
213.064: [GC (Allocation Failure)  855851K->534315K(1034240K), 0.0046909 secs]
213.069: Total time for which application threads were stopped: 0.0048626 seconds, Stopping threads took: 0.0000197 seconds
213.135: [GC (Allocation Failure)  854827K->534539K(1034240K), 0.0047113 secs]
213.140: Total time for which application threads were stopped: 0.0049043 seconds, Stopping threads took: 0.0000188 seconds
213.209: [GC (Allocation Failure)  855051K->542349K(1034240K), 0.0044393 secs]
213.214: Total time for which application threads were stopped: 0.0045962 seconds, Stopping threads took: 0.0000165 seconds
213.281: [GC (Allocation Failure)  862861K->542349K(1034240K), 0.0046832 secs]
213.286: Total time for which application threads were stopped: 0.0048535 seconds, Stopping threads took: 0.0000191 seconds
213.354: [GC (Allocation Failure)  862861K->542797K(1033216K), 0.0046302 secs]
213.358: Total time for which application threads were stopped: 0.0047991 seconds, Stopping threads took: 0.0000203 seconds
213.426: [GC (Allocation Failure)  862285K->550415K(1033728K), 0.0047142 secs]
213.430: Total time for which application threads were stopped: 0.0049101 seconds, Stopping threads took: 0.0000194 seconds
213.501: [GC (Allocation Failure)  869903K->550383K(1033728K), 0.0045369 secs]
213.505: Total time for which application threads were stopped: 0.0046866 seconds, Stopping threads took: 0.0000251 seconds
213.570: [GC (Allocation Failure)  869871K->550503K(1033728K), 0.0046269 secs]
213.575: Total time for which application threads were stopped: 0.0047989 seconds, Stopping threads took: 0.0000196 seconds
213.643: [GC (Allocation Failure)  869991K->558410K(1033728K), 0.0047047 secs]
213.648: Total time for which application threads were stopped: 0.0048813 seconds, Stopping threads took: 0.0000213 seconds
213.715: [GC (Allocation Failure)  877898K->558410K(1033728K), 0.0048210 secs]
213.720: Total time for which application threads were stopped: 0.0049931 seconds, Stopping threads took: 0.0000201 seconds
213.788: [GC (Allocation Failure)  877898K->558474K(1033728K), 0.0046236 secs]
213.792: Total time for which application threads were stopped: 0.0047994 seconds, Stopping threads took: 0.0000219 seconds
213.859: [GC (Allocation Failure)  877962K->566444K(1027072K), 0.0047056 secs]
213.863: Total time for which application threads were stopped: 0.0048698 seconds, Stopping threads took: 0.0000196 seconds
213.928: [GC (Allocation Failure)  885931K->562538K(1034240K), 0.0037265 secs]
213.932: Total time for which application threads were stopped: 0.0039172 seconds, Stopping threads took: 0.0000200 seconds
214.001: [GC (Allocation Failure)  882026K->566604K(1033216K), 0.0048790 secs]
214.006: Total time for which application threads were stopped: 0.0050635 seconds, Stopping threads took: 0.0000257 seconds
214.073: [GC (Allocation Failure)  886092K->570572K(1034752K), 0.0046609 secs]
214.078: Total time for which application threads were stopped: 0.0048320 seconds, Stopping threads took: 0.0000202 seconds
214.144: [GC (Allocation Failure)  892108K->563754K(1034752K), 0.0021550 secs]
214.147: Total time for which application threads were stopped: 0.0023422 seconds, Stopping threads took: 0.0000199 seconds
214.216: [GC (Allocation Failure)  885290K->570644K(1034752K), 0.0045297 secs]
214.220: Total time for which application threads were stopped: 0.0047124 seconds, Stopping threads took: 0.0000164 seconds
214.287: [GC (Allocation Failure)  892180K->574724K(1034752K), 0.0057232 secs]
214.293: Total time for which application threads were stopped: 0.0058740 seconds, Stopping threads took: 0.0000172 seconds
214.360: [GC (Allocation Failure)  896260K->569218K(1034752K), 0.0027854 secs]
214.362: Total time for which application threads were stopped: 0.0029317 seconds, Stopping threads took: 0.0000172 seconds
214.430: [GC (Allocation Failure)  890754K->574996K(1034752K), 0.0048272 secs]
214.435: Total time for which application threads were stopped: 0.0049862 seconds, Stopping threads took: 0.0000196 seconds
214.503: [GC (Allocation Failure)  896532K->578868K(1034752K), 0.0051366 secs]
214.508: Total time for which application threads were stopped: 0.0052940 seconds, Stopping threads took: 0.0000193 seconds
214.577: [GC (Allocation Failure)  901356K->574962K(1035264K), 0.0036005 secs]
214.581: Total time for which application threads were stopped: 0.0037586 seconds, Stopping threads took: 0.0000195 seconds
214.649: [GC (Allocation Failure)  897522K->579020K(1036288K), 0.0047084 secs]
214.654: Total time for which application threads were stopped: 0.0048802 seconds, Stopping threads took: 0.0000201 seconds
214.721: [GC (Allocation Failure)  903116K->583020K(1035776K), 0.0046557 secs]
214.726: Total time for which application threads were stopped: 0.0048348 seconds, Stopping threads took: 0.0000199 seconds
214.795: [GC (Allocation Failure)  907116K->582988K(1035776K), 0.0045893 secs]
214.800: Total time for which application threads were stopped: 0.0047824 seconds, Stopping threads took: 0.0000201 seconds
214.869: [GC (Allocation Failure)  906572K->583052K(1023488K), 0.0045923 secs]
214.874: Total time for which application threads were stopped: 0.0047764 seconds, Stopping threads took: 0.0000165 seconds
214.941: [GC (Allocation Failure)  906636K->591054K(1035264K), 0.0065144 secs]
214.948: Total time for which application threads were stopped: 0.0066829 seconds, Stopping threads took: 0.0000195 seconds
215.016: [GC (Allocation Failure)  913614K->591022K(1030144K), 0.0045937 secs]
215.021: Total time for which application threads were stopped: 0.0047627 seconds, Stopping threads took: 0.0000283 seconds
215.088: [GC (Allocation Failure)  913582K->591078K(1034752K), 0.0049694 secs]
215.093: Total time for which application threads were stopped: 0.0051385 seconds, Stopping threads took: 0.0000197 seconds
215.160: [GC (Allocation Failure)  912614K->599048K(1034752K), 0.0048364 secs]
215.165: Total time for which application threads were stopped: 0.0050155 seconds, Stopping threads took: 0.0000194 seconds
215.235: [GC (Allocation Failure)  920584K->599048K(1033728K), 0.0045975 secs]
215.239: Total time for which application threads were stopped: 0.0047648 seconds, Stopping threads took: 0.0000194 seconds
215.306: [GC (Allocation Failure)  919560K->599240K(1034240K), 0.0055888 secs]
215.312: Total time for which application threads were stopped: 0.0057501 seconds, Stopping threads took: 0.0000195 seconds
215.381: [GC (Allocation Failure)  919752K->607115K(1034240K), 0.0046996 secs]
215.386: Total time for which application threads were stopped: 0.0048908 seconds, Stopping threads took: 0.0000193 seconds
215.454: [GC (Allocation Failure)  927627K->607115K(1034240K), 0.0046409 secs]
215.459: Total time for which application threads were stopped: 0.0048196 seconds, Stopping threads took: 0.0000159 seconds
215.528: [GC (Allocation Failure)  927627K->607531K(1033216K), 0.0047685 secs]
215.533: Total time for which application threads were stopped: 0.0049462 seconds, Stopping threads took: 0.0000275 seconds
215.600: [GC (Allocation Failure)  927019K->615117K(1033728K), 0.0048957 secs]
215.605: Total time for which application threads were stopped: 0.0050543 seconds, Stopping threads took: 0.0000187 seconds
215.673: [GC (Allocation Failure)  934605K->615117K(1033728K), 0.0048612 secs]
215.677: Total time for which application threads were stopped: 0.0050536 seconds, Stopping threads took: 0.0000193 seconds
215.744: [GC (Allocation Failure)  934605K->615277K(1033728K), 0.0048113 secs]
215.749: Total time for which application threads were stopped: 0.0049712 seconds, Stopping threads took: 0.0000191 seconds
215.816: [GC (Allocation Failure)  934765K->623183K(1033728K), 0.0047436 secs]
215.821: Total time for which application threads were stopped: 0.0049019 seconds, Stopping threads took: 0.0000197 seconds
215.889: [GC (Allocation Failure)  942671K->623151K(1033728K), 0.0049325 secs]
215.894: Total time for which application threads were stopped: 0.0050921 seconds, Stopping threads took: 0.0000198 seconds
215.960: [GC (Allocation Failure)  942639K->623207K(1033728K), 0.0048988 secs]
215.966: Total time for which application threads were stopped: 0.0050819 seconds, Stopping threads took: 0.0000184 seconds
216.033: [GC (Allocation Failure)  942695K->631145K(1027072K), 0.0048816 secs]
216.038: Total time for which application threads were stopped: 0.0050503 seconds, Stopping threads took: 0.0000192 seconds
216.102: [GC (Allocation Failure)  950633K->627271K(1034240K), 0.0040165 secs]
216.106: Total time for which application threads were stopped: 0.0042033 seconds, Stopping threads took: 0.0000188 seconds
216.174: [GC (Allocation Failure)  946759K->631305K(1033216K), 0.0049637 secs]
216.179: Total time for which application threads were stopped: 0.0051658 seconds, Stopping threads took: 0.0000210 seconds
216.246: [GC (Allocation Failure)  950793K->635273K(1034752K), 0.0056728 secs]
216.251: Total time for which application threads were stopped: 0.0058391 seconds, Stopping threads took: 0.0000209 seconds
216.319: [GC (Allocation Failure)  956809K->628487K(1034752K), 0.0039078 secs]
216.323: Total time for which application threads were stopped: 0.0041087 seconds, Stopping threads took: 0.0000258 seconds
216.392: [GC (Allocation Failure)  950023K->635377K(1034752K), 0.0049738 secs]
216.397: Total time for which application threads were stopped: 0.0051444 seconds, Stopping threads took: 0.0000200 seconds
216.464: [GC (Allocation Failure)  956913K->639457K(1034752K), 0.0056411 secs]
216.470: Total time for which application threads were stopped: 0.0058363 seconds, Stopping threads took: 0.0000200 seconds
216.537: [GC (Allocation Failure)  960993K->633919K(1034752K), 0.0029812 secs]
216.540: Total time for which application threads were stopped: 0.0031426 seconds, Stopping threads took: 0.0000256 seconds
216.610: [GC (Allocation Failure)  955455K->639729K(1034752K), 0.0047982 secs]
216.615: Total time for which application threads were stopped: 0.0049606 seconds, Stopping threads took: 0.0000199 seconds
216.682: [GC (Allocation Failure)  961265K->643601K(1034752K), 0.0050861 secs]
216.688: Total time for which application threads were stopped: 0.0052920 seconds, Stopping threads took: 0.0000287 seconds
216.755: [GC (Allocation Failure)  966090K->639663K(1035264K), 0.0036810 secs]
216.758: Total time for which application threads were stopped: 0.0038464 seconds, Stopping threads took: 0.0000185 seconds
216.826: [GC (Allocation Failure)  962223K->643753K(1036288K), 0.0049676 secs]
216.831: Total time for which application threads were stopped: 0.0051418 seconds, Stopping threads took: 0.0000195 seconds
216.898: [GC (Allocation Failure)  967849K->647721K(1035776K), 0.0049496 secs]
216.904: Total time for which application threads were stopped: 0.0051041 seconds, Stopping threads took: 0.0000190 seconds
216.972: [GC (Allocation Failure)  971817K->647753K(1035776K), 0.0047017 secs]
216.976: Total time for which application threads were stopped: 0.0048625 seconds, Stopping threads took: 0.0000191 seconds
217.044: [GC (Allocation Failure)  971337K->647785K(1023488K), 0.0049964 secs]
217.049: Total time for which application threads were stopped: 0.0051553 seconds, Stopping threads took: 0.0000186 seconds
217.115: [GC (Allocation Failure)  971369K->655820K(1035264K), 0.0048589 secs]
217.120: Total time for which application threads were stopped: 0.0050291 seconds, Stopping threads took: 0.0000194 seconds
217.189: [GC (Allocation Failure)  978380K->655756K(1030144K), 0.0047786 secs]
217.194: Total time for which application threads were stopped: 0.0049376 seconds, Stopping threads took: 0.0000202 seconds
217.261: [GC (Allocation Failure)  978316K->655788K(1034752K), 0.0071318 secs]
217.269: Total time for which application threads were stopped: 0.0073248 seconds, Stopping threads took: 0.0000192 seconds
217.338: [GC (Allocation Failure)  977324K->663758K(1029120K), 0.0061131 secs]
217.344: Total time for which application threads were stopped: 0.0063125 seconds, Stopping threads took: 0.0000256 seconds
217.412: [GC (Allocation Failure)  985294K->663790K(1034240K), 0.0049131 secs]
217.417: Total time for which application threads were stopped: 0.0050750 seconds, Stopping threads took: 0.0000196 seconds
217.483: [GC (Allocation Failure)  984302K->664038K(1034240K), 0.0048620 secs]
217.488: Total time for which application threads were stopped: 0.0050263 seconds, Stopping threads took: 0.0000260 seconds
217.555: [GC (Allocation Failure)  984550K->671816K(1034240K), 0.0049234 secs]
217.560: Total time for which application threads were stopped: 0.0050917 seconds, Stopping threads took: 0.0000196 seconds
217.628: [GC (Allocation Failure)  992328K->671816K(1034240K), 0.0048962 secs]
217.633: Total time for which application threads were stopped: 0.0050695 seconds, Stopping threads took: 0.0000201 seconds
217.700: [GC (Allocation Failure)  992328K->672224K(1033216K), 0.0058537 secs]
217.706: Total time for which application threads were stopped: 0.0060258 seconds, Stopping threads took: 0.0000198 seconds
217.773: [GC (Allocation Failure)  991712K->679843K(1033728K), 0.0049043 secs]
217.778: Total time for which application threads were stopped: 0.0050846 seconds, Stopping threads took: 0.0000218 seconds
217.847: [GC (Allocation Failure)  999331K->679843K(1033728K), 0.0049968 secs]
217.852: Total time for which application threads were stopped: 0.0051766 seconds, Stopping threads took: 0.0000195 seconds
217.916: [GC (Allocation Failure)  999331K->679979K(1033728K), 0.0048904 secs]
217.921: Total time for which application threads were stopped: 0.0050611 seconds, Stopping threads took: 0.0000203 seconds
217.988: [GC (Allocation Failure)  999467K->687885K(1033728K), 0.0047835 secs]
217.993: Total time for which application threads were stopped: 0.0049539 seconds, Stopping threads took: 0.0000253 seconds
218.060: [GC (Allocation Failure)  1007373K->687885K(1033728K), 0.0049741 secs]
218.065: Total time for which application threads were stopped: 0.0051430 seconds, Stopping threads took: 0.0000203 seconds
218.132: [GC (Allocation Failure)  1007373K->687949K(1033728K), 0.0051528 secs]
218.137: [Full GC (Ergonomics)  687949K->8540K(1033728K), 0.0119265 secs]
218.149: Total time for which application threads were stopped: 0.0173448 seconds, Stopping threads took: 0.0000193 seconds
218.216: [GC (Allocation Failure)  328028K->16703K(1027072K), 0.0037586 secs]
218.220: Total time for which application threads were stopped: 0.0039440 seconds, Stopping threads took: 0.0000181 seconds
218.286: [GC (Allocation Failure)  336190K->12812K(1034240K), 0.0025341 secs]
218.289: Total time for which application threads were stopped: 0.0026759 seconds, Stopping threads took: 0.0000164 seconds
218.359: [GC (Allocation Failure)  332300K->16871K(1033216K), 0.0039671 secs]
218.363: Total time for which application threads were stopped: 0.0041366 seconds, Stopping threads took: 0.0000192 seconds
218.432: [GC (Allocation Failure)  336359K->20871K(1034752K), 0.0036572 secs]
218.435: Total time for which application threads were stopped: 0.0038151 seconds, Stopping threads took: 0.0000191 seconds
218.502: [GC (Allocation Failure)  342407K->14084K(1034752K), 0.0008944 secs]
218.503: Total time for which application threads were stopped: 0.0010112 seconds, Stopping threads took: 0.0000257 seconds
218.570: [GC (Allocation Failure)  335620K->20903K(1034752K), 0.0034684 secs]
218.573: Total time for which application threads were stopped: 0.0036279 seconds, Stopping threads took: 0.0000192 seconds
218.639: [GC (Allocation Failure)  342439K->24983K(1034752K), 0.0046812 secs]
218.644: Total time for which application threads were stopped: 0.0048431 seconds, Stopping threads took: 0.0000198 seconds
218.709: [GC (Allocation Failure)  346519K->19412K(1034752K), 0.0014439 secs]
218.710: Total time for which application threads were stopped: 0.0015846 seconds, Stopping threads took: 0.0000191 seconds
218.780: [GC (Allocation Failure)  340948K->25295K(1034752K), 0.0036663 secs]
218.783: Total time for which application threads were stopped: 0.0038617 seconds, Stopping threads took: 0.0000204 seconds
218.852: [GC (Allocation Failure)  346831K->29135K(1035264K), 0.0040732 secs]
218.856: Total time for which application threads were stopped: 0.0042362 seconds, Stopping threads took: 0.0000201 seconds
218.924: [GC (Allocation Failure)  351623K->25228K(1035264K), 0.0024155 secs]
218.926: Total time for which application threads were stopped: 0.0025779 seconds, Stopping threads took: 0.0000200 seconds
218.996: [GC (Allocation Failure)  347788K->29263K(1036288K), 0.0042524 secs]
219.001: Total time for which application threads were stopped: 0.0044431 seconds, Stopping threads took: 0.0000258 seconds
219.069: [GC (Allocation Failure)  353359K->33263K(1035776K), 0.0036906 secs]
219.073: Total time for which application threads were stopped: 0.0038658 seconds, Stopping threads took: 0.0000197 seconds
219.143: [GC (Allocation Failure)  357359K->33263K(1035776K), 0.0034501 secs]
219.147: Total time for which application threads were stopped: 0.0036180 seconds, Stopping threads took: 0.0000168 seconds
219.214: [GC (Allocation Failure)  356847K->33319K(1023488K), 0.0039071 secs]
219.218: Total time for which application threads were stopped: 0.0040788 seconds, Stopping threads took: 0.0000245 seconds
219.284: [GC (Allocation Failure)  356903K->41289K(1035264K), 0.0038400 secs]
219.288: Total time for which application threads were stopped: 0.0040254 seconds, Stopping threads took: 0.0000201 seconds
219.356: [GC (Allocation Failure)  363849K->41289K(1030144K), 0.0035342 secs]
219.360: Total time for which application threads were stopped: 0.0036983 seconds, Stopping threads took: 0.0000172 seconds
219.429: [GC (Allocation Failure)  363849K->41353K(1034752K), 0.0038532 secs]
219.433: Total time for which application threads were stopped: 0.0040008 seconds, Stopping threads took: 0.0000170 seconds
219.501: [GC (Allocation Failure)  362889K->49355K(1029120K), 0.0038897 secs]
219.505: Total time for which application threads were stopped: 0.0040608 seconds, Stopping threads took: 0.0000204 seconds
219.573: [GC (Allocation Failure)  370891K->49323K(1034240K), 0.0034873 secs]
219.576: Total time for which application threads were stopped: 0.0036516 seconds, Stopping threads took: 0.0000202 seconds
219.644: [GC (Allocation Failure)  369835K->49579K(1034240K), 0.0037349 secs]
219.647: Total time for which application threads were stopped: 0.0038948 seconds, Stopping threads took: 0.0000197 seconds
219.717: [GC (Allocation Failure)  370091K->57357K(1034240K), 0.0037290 secs]
219.721: Total time for which application threads were stopped: 0.0038905 seconds, Stopping threads took: 0.0000197 seconds
219.788: [GC (Allocation Failure)  377869K->57389K(1034240K), 0.0038100 secs]
219.792: Total time for which application threads were stopped: 0.0039810 seconds, Stopping threads took: 0.0000194 seconds
219.861: [GC (Allocation Failure)  377901K->57805K(1033216K), 0.0038605 secs]
219.865: Total time for which application threads were stopped: 0.0040246 seconds, Stopping threads took: 0.0000202 seconds
219.932: [GC (Allocation Failure)  377293K->65392K(1033728K), 0.0038244 secs]
219.936: Total time for which application threads were stopped: 0.0040163 seconds, Stopping threads took: 0.0000196 seconds
220.006: [GC (Allocation Failure)  384880K->65392K(1033728K), 0.0036695 secs]
220.010: Total time for which application threads were stopped: 0.0038506 seconds, Stopping threads took: 0.0000256 seconds
220.074: [GC (Allocation Failure)  384880K->65544K(1033728K), 0.0036999 secs]
220.078: Total time for which application threads were stopped: 0.0038672 seconds, Stopping threads took: 0.0000190 seconds
220.145: [GC (Allocation Failure)  385032K->73418K(1033728K), 0.0038666 secs]
220.149: Total time for which application threads were stopped: 0.0040439 seconds, Stopping threads took: 0.0000215 seconds
220.216: [GC (Allocation Failure)  392906K->73418K(1033728K), 0.0038307 secs]
220.220: Total time for which application threads were stopped: 0.0040004 seconds, Stopping threads took: 0.0000204 seconds
220.288: [GC (Allocation Failure)  392906K->73482K(1033728K), 0.0037350 secs]
220.292: Total time for which application threads were stopped: 0.0039075 seconds, Stopping threads took: 0.0000195 seconds
220.362: [GC (Allocation Failure)  392970K->81484K(1027072K), 0.0039696 secs]
220.366: Total time for which application threads were stopped: 0.0041468 seconds, Stopping threads took: 0.0000194 seconds
220.430: [GC (Allocation Failure)  400972K->77546K(1034240K), 0.0026154 secs]
220.433: Total time for which application threads were stopped: 0.0027794 seconds, Stopping threads took: 0.0000191 seconds
220.503: [GC (Allocation Failure)  397034K->81580K(1033216K), 0.0037602 secs]
220.506: Total time for which application threads were stopped: 0.0039631 seconds, Stopping threads took: 0.0000366 seconds
220.576: [GC (Allocation Failure)  401068K->85548K(1034752K), 0.0038519 secs]
220.580: Total time for which application threads were stopped: 0.0039991 seconds, Stopping threads took: 0.0000172 seconds
220.647: [GC (Allocation Failure)  407084K->78794K(1034752K), 0.0012068 secs]
220.648: Total time for which application threads were stopped: 0.0013333 seconds, Stopping threads took: 0.0000198 seconds
220.718: [GC (Allocation Failure)  400330K->85644K(1034752K), 0.0038889 secs]
220.722: Total time for which application threads were stopped: 0.0040749 seconds, Stopping threads took: 0.0000226 seconds
220.788: [GC (Allocation Failure)  407180K->89756K(1034752K), 0.0047438 secs]
220.793: Total time for which application threads were stopped: 0.0049107 seconds, Stopping threads took: 0.0000194 seconds
220.858: [GC (Allocation Failure)  411292K->84186K(1034752K), 0.0015313 secs]
220.860: Total time for which application threads were stopped: 0.0016839 seconds, Stopping threads took: 0.0000192 seconds
220.928: [GC (Allocation Failure)  405722K->89988K(1034752K), 0.0039632 secs]
220.932: Total time for which application threads were stopped: 0.0041137 seconds, Stopping threads took: 0.0000175 seconds
220.999: [GC (Allocation Failure)  411524K->93852K(1034752K), 0.0040385 secs]
221.003: Total time for which application threads were stopped: 0.0042148 seconds, Stopping threads took: 0.0000267 seconds
221.070: [GC (Allocation Failure)  416340K->89946K(1035264K), 0.0024389 secs]
221.072: Total time for which application threads were stopped: 0.0026130 seconds, Stopping threads took: 0.0000208 seconds
221.140: [GC (Allocation Failure)  412506K->94020K(1036288K), 0.0039294 secs]
221.144: Total time for which application threads were stopped: 0.0040913 seconds, Stopping threads took: 0.0000196 seconds
221.213: [GC (Allocation Failure)  418116K->98020K(1035776K), 0.0036946 secs]
221.217: Total time for which application threads were stopped: 0.0038673 seconds, Stopping threads took: 0.0000201 seconds
221.286: [GC (Allocation Failure)  422116K->98020K(1035776K), 0.0035782 secs]
221.289: Total time for which application threads were stopped: 0.0037544 seconds, Stopping threads took: 0.0000201 seconds
221.358: [GC (Allocation Failure)  421604K->98060K(1023488K), 0.0038624 secs]
221.362: Total time for which application threads were stopped: 0.0040303 seconds, Stopping threads took: 0.0000174 seconds
221.430: [GC (Allocation Failure)  421644K->106030K(1035264K), 0.0039729 secs]
221.434: Total time for which application threads were stopped: 0.0041441 seconds, Stopping threads took: 0.0000219 seconds
221.502: [GC (Allocation Failure)  428590K->106030K(1030144K), 0.0035528 secs]
221.506: Total time for which application threads were stopped: 0.0037229 seconds, Stopping threads took: 0.0000278 seconds
221.573: [GC (Allocation Failure)  428590K->106054K(1034752K), 0.0038640 secs]
221.577: Total time for which application threads were stopped: 0.0040622 seconds, Stopping threads took: 0.0000218 seconds
221.646: [GC (Allocation Failure)  427590K->114089K(1029120K), 0.0041052 secs]
221.650: Total time for which application threads were stopped: 0.0042779 seconds, Stopping threads took: 0.0000197 seconds
221.720: [GC (Allocation Failure)  435625K->114057K(1034240K), 0.0037032 secs]
221.724: Total time for which application threads were stopped: 0.0038692 seconds, Stopping threads took: 0.0000191 seconds
221.791: [GC (Allocation Failure)  434569K->114281K(1034240K), 0.0040364 secs]
221.795: Total time for which application threads were stopped: 0.0042154 seconds, Stopping threads took: 0.0000196 seconds
221.863: [GC (Allocation Failure)  434793K->122091K(1034240K), 0.0038674 secs]
221.867: Total time for which application threads were stopped: 0.0040308 seconds, Stopping threads took: 0.0000201 seconds
221.935: [GC (Allocation Failure)  442603K->122123K(1034240K), 0.0039060 secs]
221.939: Total time for which application threads were stopped: 0.0040825 seconds, Stopping threads took: 0.0000211 seconds
222.008: [GC (Allocation Failure)  442635K->122499K(1033216K), 0.0041282 secs]
222.012: Total time for which application threads were stopped: 0.0042967 seconds, Stopping threads took: 0.0000216 seconds
222.079: [GC (Allocation Failure)  441987K->130117K(1033728K), 0.0039264 secs]
222.083: Total time for which application threads were stopped: 0.0040913 seconds, Stopping threads took: 0.0000259 seconds
222.150: [GC (Allocation Failure)  449605K->130117K(1033728K), 0.0037850 secs]
222.154: Total time for which application threads were stopped: 0.0039444 seconds, Stopping threads took: 0.0000196 seconds
222.219: [GC (Allocation Failure)  449605K->130245K(1033728K), 0.0040191 secs]
222.223: Total time for which application threads were stopped: 0.0041872 seconds, Stopping threads took: 0.0000189 seconds
222.290: [GC (Allocation Failure)  449733K->138151K(1033728K), 0.0038625 secs]
222.294: Total time for which application threads were stopped: 0.0040186 seconds, Stopping threads took: 0.0000185 seconds
222.361: [GC (Allocation Failure)  457639K->138151K(1033728K), 0.0039632 secs]
222.366: Total time for which application threads were stopped: 0.0041392 seconds, Stopping threads took: 0.0000188 seconds
222.432: [GC (Allocation Failure)  457639K->138215K(1033728K), 0.0039926 secs]
222.436: Total time for which application threads were stopped: 0.0041626 seconds, Stopping threads took: 0.0000190 seconds
222.504: [GC (Allocation Failure)  457703K->146186K(1027072K), 0.0039571 secs]
222.508: Total time for which application threads were stopped: 0.0041394 seconds, Stopping threads took: 0.0000260 seconds
222.574: [GC (Allocation Failure)  465673K->142279K(1034240K), 0.0028565 secs]
222.577: Total time for which application threads were stopped: 0.0030134 seconds, Stopping threads took: 0.0000203 seconds
222.644: [GC (Allocation Failure)  461767K->146346K(1033216K), 0.0040689 secs]
222.648: Total time for which application threads were stopped: 0.0042284 seconds, Stopping threads took: 0.0000194 seconds
222.717: [GC (Allocation Failure)  465834K->150314K(1034752K), 0.0039942 secs]
222.722: Total time for which application threads were stopped: 0.0041573 seconds, Stopping threads took: 0.0000196 seconds
222.789: [GC (Allocation Failure)  471850K->143527K(1034752K), 0.0011972 secs]
222.791: Total time for which application threads were stopped: 0.0013514 seconds, Stopping threads took: 0.0000200 seconds
222.857: [GC (Allocation Failure)  465063K->150418K(1034752K), 0.0039895 secs]
222.861: Total time for which application threads were stopped: 0.0041640 seconds, Stopping threads took: 0.0000202 seconds
222.927: [GC (Allocation Failure)  471954K->154466K(1034752K), 0.0048975 secs]
222.932: Total time for which application threads were stopped: 0.0050618 seconds, Stopping threads took: 0.0000201 seconds
222.997: [GC (Allocation Failure)  476002K->148895K(1034752K), 0.0018324 secs]
222.999: Total time for which application threads were stopped: 0.0019766 seconds, Stopping threads took: 0.0000194 seconds
223.066: [GC (Allocation Failure)  470431K->154762K(1034752K), 0.0038436 secs]
223.070: Total time for which application threads were stopped: 0.0040195 seconds, Stopping threads took: 0.0000205 seconds
223.137: [GC (Allocation Failure)  476298K->158634K(1035264K), 0.0043359 secs]
223.141: Total time for which application threads were stopped: 0.0045120 seconds, Stopping threads took: 0.0000210 seconds
223.207: [GC (Allocation Failure)  481122K->154695K(1035264K), 0.0026380 secs]
223.210: Total time for which application threads were stopped: 0.0028010 seconds, Stopping threads took: 0.0000222 seconds
223.278: [GC (Allocation Failure)  477255K->158754K(1036288K), 0.0056819 secs]
223.284: Total time for which application threads were stopped: 0.0058338 seconds, Stopping threads took: 0.0000197 seconds
223.353: [GC (Allocation Failure)  482850K->162722K(1035776K), 0.0039771 secs]
223.357: Total time for which application threads were stopped: 0.0041450 seconds, Stopping threads took: 0.0000197 seconds
223.425: [GC (Allocation Failure)  486818K->162722K(1035776K), 0.0038763 secs]
223.429: Total time for which application threads were stopped: 0.0040370 seconds, Stopping threads took: 0.0000202 seconds
223.497: [GC (Allocation Failure)  486306K->162794K(1023488K), 0.0038526 secs]
223.501: Total time for which application threads were stopped: 0.0040332 seconds, Stopping threads took: 0.0000207 seconds
223.568: [GC (Allocation Failure)  486378K->170764K(1035264K), 0.0050555 secs]
223.573: Total time for which application threads were stopped: 0.0052342 seconds, Stopping threads took: 0.0000258 seconds
223.640: [GC (Allocation Failure)  493324K->170764K(1030144K), 0.0038649 secs]
223.644: Total time for which application threads were stopped: 0.0040424 seconds, Stopping threads took: 0.0000216 seconds
223.712: [GC (Allocation Failure)  493324K->170820K(1034752K), 0.0040637 secs]
223.716: Total time for which application threads were stopped: 0.0042632 seconds, Stopping threads took: 0.0000198 seconds
223.785: [GC (Allocation Failure)  492356K->178822K(1029120K), 0.0041557 secs]
223.789: Total time for which application threads were stopped: 0.0043145 seconds, Stopping threads took: 0.0000201 seconds
223.857: [GC (Allocation Failure)  500358K->178758K(1034240K), 0.0039040 secs]
223.861: Total time for which application threads were stopped: 0.0040643 seconds, Stopping threads took: 0.0000191 seconds
223.927: [GC (Allocation Failure)  499270K->179046K(1034240K), 0.0039881 secs]
223.932: Total time for which application threads were stopped: 0.0041882 seconds, Stopping threads took: 0.0000279 seconds
224.001: [GC (Allocation Failure)  499558K->186825K(1034240K), 0.0038361 secs]
224.005: Total time for which application threads were stopped: 0.0039964 seconds, Stopping threads took: 0.0000168 seconds
224.073: [GC (Allocation Failure)  507337K->186825K(1034240K), 0.0040325 secs]
224.077: Total time for which application threads were stopped: 0.0041893 seconds, Stopping threads took: 0.0000189 seconds
224.143: [GC (Allocation Failure)  507337K->187273K(1033216K), 0.0039558 secs]
224.147: Total time for which application threads were stopped: 0.0041177 seconds, Stopping threads took: 0.0000195 seconds
224.214: [GC (Allocation Failure)  506761K->194859K(1033728K), 0.0040287 secs]
224.219: Total time for which application threads were stopped: 0.0042063 seconds, Stopping threads took: 0.0000207 seconds
224.286: [GC (Allocation Failure)  514347K->194859K(1033728K), 0.0041155 secs]
224.290: Total time for which application threads were stopped: 0.0042762 seconds, Stopping threads took: 0.0000202 seconds
224.356: [GC (Allocation Failure)  514347K->194987K(1033728K), 0.0041910 secs]
224.360: Total time for which application threads were stopped: 0.0043605 seconds, Stopping threads took: 0.0000192 seconds
224.427: [GC (Allocation Failure)  514475K->202893K(1033728K), 0.0038654 secs]
224.431: Total time for which application threads were stopped: 0.0040320 seconds, Stopping threads took: 0.0000196 seconds
224.498: [GC (Allocation Failure)  522381K->202893K(1033728K), 0.0039518 secs]
224.502: Total time for which application threads were stopped: 0.0041146 seconds, Stopping threads took: 0.0000261 seconds
224.569: [GC (Allocation Failure)  522381K->202957K(1033728K), 0.0040378 secs]
224.573: Total time for which application threads were stopped: 0.0041938 seconds, Stopping threads took: 0.0000186 seconds
224.639: [GC (Allocation Failure)  522445K->210927K(1027072K), 0.0042556 secs]
224.644: Total time for which application threads were stopped: 0.0044152 seconds, Stopping threads took: 0.0000196 seconds
224.710: [GC (Allocation Failure)  530415K->207053K(1034240K), 0.0030920 secs]
224.714: Total time for which application threads were stopped: 0.0032594 seconds, Stopping threads took: 0.0000278 seconds
224.781: [GC (Allocation Failure)  526541K->211079K(1033216K), 0.0042582 secs]
224.786: Total time for which application threads were stopped: 0.0044185 seconds, Stopping threads took: 0.0000185 seconds
224.853: [GC (Allocation Failure)  530567K->215047K(1034752K), 0.0040321 secs]
224.857: Total time for which application threads were stopped: 0.0041997 seconds, Stopping threads took: 0.0000197 seconds
224.924: [GC (Allocation Failure)  536583K->208261K(1034752K), 0.0013132 secs]
224.925: Total time for which application threads were stopped: 0.0014423 seconds, Stopping threads took: 0.0000206 seconds
224.993: [GC (Allocation Failure)  529797K->215111K(1034752K), 0.0039237 secs]
224.997: Total time for which application threads were stopped: 0.0040845 seconds, Stopping threads took: 0.0000191 seconds
225.063: [GC (Allocation Failure)  536647K->219183K(1034752K), 0.0049459 secs]
225.068: Total time for which application threads were stopped: 0.0051042 seconds, Stopping threads took: 0.0000195 seconds
225.133: [GC (Allocation Failure)  540719K->213613K(1034752K), 0.0020584 secs]
225.135: Total time for which application threads were stopped: 0.0022175 seconds, Stopping threads took: 0.0000201 seconds
225.204: [GC (Allocation Failure)  535149K->219463K(1034752K), 0.0040972 secs]
225.208: Total time for which application threads were stopped: 0.0042614 seconds, Stopping threads took: 0.0000210 seconds
225.277: [GC (Allocation Failure)  540999K->223343K(1034752K), 0.0044641 secs]
225.281: Total time for which application threads were stopped: 0.0046235 seconds, Stopping threads took: 0.0000194 seconds
225.349: [GC (Allocation Failure)  545832K->219469K(1035264K), 0.0027872 secs]
225.352: Total time for which application threads were stopped: 0.0029513 seconds, Stopping threads took: 0.0000193 seconds
225.421: [GC (Allocation Failure)  542029K->223503K(1036288K), 0.0042047 secs]
225.425: Total time for which application threads were stopped: 0.0043766 seconds, Stopping threads took: 0.0000206 seconds
225.493: [GC (Allocation Failure)  547599K->227471K(1035776K), 0.0040054 secs]
225.497: Total time for which application threads were stopped: 0.0041759 seconds, Stopping threads took: 0.0000263 seconds
225.565: [GC (Allocation Failure)  551567K->227471K(1035776K), 0.0038584 secs]
225.569: Total time for which application threads were stopped: 0.0040254 seconds, Stopping threads took: 0.0000201 seconds
225.636: [GC (Allocation Failure)  551055K->227527K(1023488K), 0.0041360 secs]
225.641: Total time for which application threads were stopped: 0.0043031 seconds, Stopping threads took: 0.0000194 seconds
225.709: [GC (Allocation Failure)  551111K->235498K(1035264K), 0.0041278 secs]
225.713: Total time for which application threads were stopped: 0.0043182 seconds, Stopping threads took: 0.0000187 seconds
225.782: [GC (Allocation Failure)  558058K->235498K(1030144K), 0.0038253 secs]
225.786: Total time for which application threads were stopped: 0.0039911 seconds, Stopping threads took: 0.0000194 seconds
225.853: [GC (Allocation Failure)  558058K->235562K(1034752K), 0.0040735 secs]
225.857: Total time for which application threads were stopped: 0.0042396 seconds, Stopping threads took: 0.0000194 seconds
225.925: [GC (Allocation Failure)  557098K->243532K(1034752K), 0.0044174 secs]
225.929: Total time for which application threads were stopped: 0.0045781 seconds, Stopping threads took: 0.0000199 seconds
225.999: [GC (Allocation Failure)  565068K->243532K(1033728K), 0.0037616 secs]
226.003: Total time for which application threads were stopped: 0.0039439 seconds, Stopping threads took: 0.0000273 seconds
226.072: [GC (Allocation Failure)  564044K->243748K(1034240K), 0.0043198 secs]
226.076: Total time for which application threads were stopped: 0.0044780 seconds, Stopping threads took: 0.0000176 seconds
226.144: [GC (Allocation Failure)  564260K->251558K(1034240K), 0.0039686 secs]
226.148: Total time for which application threads were stopped: 0.0041582 seconds, Stopping threads took: 0.0000195 seconds
226.217: [GC (Allocation Failure)  572070K->251590K(1034240K), 0.0040865 secs]
226.221: Total time for which application threads were stopped: 0.0042876 seconds, Stopping threads took: 0.0000166 seconds
226.288: [GC (Allocation Failure)  572102K->251974K(1033216K), 0.0041027 secs]
226.292: Total time for which application threads were stopped: 0.0042718 seconds, Stopping threads took: 0.0000193 seconds
226.362: [GC (Allocation Failure)  571462K->259592K(1033728K), 0.0042152 secs]
226.366: Total time for which application threads were stopped: 0.0043662 seconds, Stopping threads took: 0.0000165 seconds
226.435: [GC (Allocation Failure)  579080K->259560K(1033728K), 0.0039733 secs]
226.440: Total time for which application threads were stopped: 0.0041469 seconds, Stopping threads took: 0.0000220 seconds
226.504: [GC (Allocation Failure)  579048K->259720K(1033728K), 0.0039896 secs]
226.508: Total time for which application threads were stopped: 0.0041605 seconds, Stopping threads took: 0.0000186 seconds
226.575: [GC (Allocation Failure)  579208K->267627K(1033728K), 0.0039398 secs]
226.579: Total time for which application threads were stopped: 0.0041305 seconds, Stopping threads took: 0.0000188 seconds
226.648: [GC (Allocation Failure)  587115K->267595K(1033728K), 0.0040286 secs]
226.652: Total time for which application threads were stopped: 0.0042061 seconds, Stopping threads took: 0.0000195 seconds
226.720: [GC (Allocation Failure)  587083K->267691K(1033728K), 0.0040572 secs]
226.724: Total time for which application threads were stopped: 0.0042287 seconds, Stopping threads took: 0.0000195 seconds
226.791: [GC (Allocation Failure)  587179K->275661K(1027072K), 0.0041288 secs]
226.795: Total time for which application threads were stopped: 0.0043232 seconds, Stopping threads took: 0.0000203 seconds
226.862: [GC (Allocation Failure)  595148K->271755K(1034240K), 0.0032365 secs]
226.865: Total time for which application threads were stopped: 0.0033913 seconds, Stopping threads took: 0.0000192 seconds
226.932: [GC (Allocation Failure)  591243K->275813K(1033216K), 0.0044515 secs]
226.937: Total time for which application threads were stopped: 0.0046166 seconds, Stopping threads took: 0.0000193 seconds
227.004: [GC (Allocation Failure)  595301K->279781K(1034752K), 0.0040920 secs]
227.008: Total time for which application threads were stopped: 0.0042953 seconds, Stopping threads took: 0.0000257 seconds
227.076: [GC (Allocation Failure)  601317K->272995K(1034752K), 0.0014387 secs]
227.077: Total time for which application threads were stopped: 0.0015890 seconds, Stopping threads took: 0.0000157 seconds
227.147: [GC (Allocation Failure)  594531K->279853K(1034752K), 0.0041276 secs]
227.151: Total time for which application threads were stopped: 0.0042878 seconds, Stopping threads took: 0.0000168 seconds
227.218: [GC (Allocation Failure)  601389K->283933K(1034752K), 0.0051942 secs]
227.224: Total time for which application threads were stopped: 0.0053647 seconds, Stopping threads took: 0.0000204 seconds
227.289: [GC (Allocation Failure)  605469K->278363K(1034752K), 0.0020366 secs]
227.291: Total time for which application threads were stopped: 0.0021895 seconds, Stopping threads took: 0.0000198 seconds
227.359: [GC (Allocation Failure)  599899K->284237K(1034752K), 0.0042131 secs]
227.363: Total time for which application threads were stopped: 0.0043890 seconds, Stopping threads took: 0.0000202 seconds
227.430: [GC (Allocation Failure)  605773K->288109K(1034752K), 0.0045547 secs]
227.434: Total time for which application threads were stopped: 0.0047362 seconds, Stopping threads took: 0.0000228 seconds
227.501: [GC (Allocation Failure)  610597K->284171K(1035264K), 0.0028473 secs]
227.504: Total time for which application threads were stopped: 0.0030140 seconds, Stopping threads took: 0.0000281 seconds
227.572: [GC (Allocation Failure)  606731K->288229K(1036288K), 0.0044651 secs]
227.576: Total time for which application threads were stopped: 0.0046246 seconds, Stopping threads took: 0.0000189 seconds
227.643: [GC (Allocation Failure)  612325K->292197K(1035776K), 0.0040249 secs]
227.647: Total time for which application threads were stopped: 0.0042151 seconds, Stopping threads took: 0.0000196 seconds
227.718: [GC (Allocation Failure)  616293K->292197K(1035776K), 0.0040246 secs]
227.722: Total time for which application threads were stopped: 0.0041880 seconds, Stopping threads took: 0.0000166 seconds
227.789: [GC (Allocation Failure)  615781K->292261K(1023488K), 0.0044627 secs]
227.794: Total time for which application threads were stopped: 0.0046384 seconds, Stopping threads took: 0.0000210 seconds
227.860: [GC (Allocation Failure)  615845K->300231K(1035264K), 0.0042330 secs]
227.864: Total time for which application threads were stopped: 0.0044028 seconds, Stopping threads took: 0.0000200 seconds
227.932: [GC (Allocation Failure)  622791K->300231K(1030144K), 0.0041421 secs]
227.936: Total time for which application threads were stopped: 0.0043112 seconds, Stopping threads took: 0.0000197 seconds
228.003: [GC (Allocation Failure)  622791K->300295K(1034752K), 0.0041139 secs]
228.007: Total time for which application threads were stopped: 0.0042826 seconds, Stopping threads took: 0.0000271 seconds
228.075: [GC (Allocation Failure)  621831K->308265K(1034752K), 0.0050140 secs]
228.080: Total time for which application threads were stopped: 0.0052267 seconds, Stopping threads took: 0.0000280 seconds
228.149: [GC (Allocation Failure)  629801K->308265K(1033728K), 0.0039543 secs]
228.153: Total time for which application threads were stopped: 0.0041218 seconds, Stopping threads took: 0.0000193 seconds
228.220: [GC (Allocation Failure)  628777K->308521K(1034240K), 0.0043581 secs]
228.224: Total time for which application threads were stopped: 0.0045396 seconds, Stopping threads took: 0.0000199 seconds
228.293: [GC (Allocation Failure)  629033K->316300K(1034240K), 0.0042813 secs]
228.298: Total time for which application threads were stopped: 0.0044557 seconds, Stopping threads took: 0.0000195 seconds
228.368: [GC (Allocation Failure)  636812K->316300K(1034240K), 0.0044259 secs]
228.373: Total time for which application threads were stopped: 0.0045901 seconds, Stopping threads took: 0.0000197 seconds
228.440: [GC (Allocation Failure)  636812K->316748K(1033216K), 0.0042682 secs]
228.444: Total time for which application threads were stopped: 0.0044326 seconds, Stopping threads took: 0.0000198 seconds
228.512: [GC (Allocation Failure)  636236K->324366K(1033728K), 0.0041968 secs]
228.517: Total time for which application threads were stopped: 0.0043658 seconds, Stopping threads took: 0.0000262 seconds
228.584: [GC (Allocation Failure)  643854K->324302K(1033728K), 0.0042210 secs]
228.589: Total time for which application threads were stopped: 0.0043849 seconds, Stopping threads took: 0.0000199 seconds
228.654: [GC (Allocation Failure)  643790K->324422K(1033728K), 0.0048761 secs]
228.659: Total time for which application threads were stopped: 0.0050349 seconds, Stopping threads took: 0.0000191 seconds
228.727: [GC (Allocation Failure)  643910K->332392K(1033728K), 0.0042055 secs]
228.731: Total time for which application threads were stopped: 0.0044163 seconds, Stopping threads took: 0.0000195 seconds
228.799: [GC (Allocation Failure)  651880K->332360K(1033728K), 0.0043479 secs]
228.804: Total time for which application threads were stopped: 0.0045028 seconds, Stopping threads took: 0.0000196 seconds
228.870: [GC (Allocation Failure)  651848K->332424K(1033728K), 0.0042787 secs]
228.875: Total time for which application threads were stopped: 0.0044936 seconds, Stopping threads took: 0.0000497 seconds
228.941: [GC (Allocation Failure)  651912K->340363K(1027072K), 0.0043716 secs]
228.946: Total time for which application threads were stopped: 0.0045608 seconds, Stopping threads took: 0.0000196 seconds
229.012: [GC (Allocation Failure)  659850K->336520K(1034240K), 0.0031806 secs]
229.015: Total time for which application threads were stopped: 0.0033311 seconds, Stopping threads took: 0.0000168 seconds
229.082: [GC (Allocation Failure)  656008K->340555K(1033216K), 0.0043184 secs]
229.087: Total time for which application threads were stopped: 0.0044842 seconds, Stopping threads took: 0.0000192 seconds
229.154: [GC (Allocation Failure)  660043K->344555K(1034752K), 0.0042691 secs]
229.159: Total time for which application threads were stopped: 0.0044936 seconds, Stopping threads took: 0.0000206 seconds
229.227: [GC (Allocation Failure)  666091K->337736K(1034752K), 0.0015183 secs]
229.228: Total time for which application threads were stopped: 0.0016511 seconds, Stopping threads took: 0.0000169 seconds
229.297: [GC (Allocation Failure)  659272K->344619K(1034752K), 0.0042135 secs]
229.302: Total time for which application threads were stopped: 0.0043769 seconds, Stopping threads took: 0.0000205 seconds
229.369: [GC (Allocation Failure)  666155K->348699K(1034752K), 0.0052249 secs]
229.374: Total time for which application threads were stopped: 0.0053855 seconds, Stopping threads took: 0.0000198 seconds
229.440: [GC (Allocation Failure)  670235K->343128K(1034752K), 0.0021758 secs]
229.442: Total time for which application threads were stopped: 0.0023477 seconds, Stopping threads took: 0.0000201 seconds
229.512: [GC (Allocation Failure)  664664K->348971K(1034752K), 0.0043010 secs]
229.516: Total time for which application threads were stopped: 0.0044594 seconds, Stopping threads took: 0.0000255 seconds
229.583: [GC (Allocation Failure)  670507K->352843K(1035264K), 0.0047071 secs]
229.588: Total time for which application threads were stopped: 0.0048781 seconds, Stopping threads took: 0.0000194 seconds
229.656: [GC (Allocation Failure)  675331K->348872K(1035264K), 0.0030723 secs]
229.659: Total time for which application threads were stopped: 0.0032303 seconds, Stopping threads took: 0.0000197 seconds
229.727: [GC (Allocation Failure)  671432K->352971K(1036288K), 0.0043915 secs]
229.731: Total time for which application threads were stopped: 0.0045540 seconds, Stopping threads took: 0.0000205 seconds
229.799: [GC (Allocation Failure)  677067K->356939K(1035776K), 0.0042125 secs]
229.803: Total time for which application threads were stopped: 0.0043679 seconds, Stopping threads took: 0.0000196 seconds
229.873: [GC (Allocation Failure)  681035K->356971K(1035776K), 0.0042776 secs]
229.878: Total time for which application threads were stopped: 0.0044440 seconds, Stopping threads took: 0.0000188 seconds
229.946: [GC (Allocation Failure)  680555K->357003K(1023488K), 0.0043590 secs]
229.951: Total time for which application threads were stopped: 0.0045659 seconds, Stopping threads took: 0.0000190 seconds
230.019: [GC (Allocation Failure)  680587K->364973K(1035264K), 0.0044248 secs]
230.024: Total time for which application threads were stopped: 0.0046034 seconds, Stopping threads took: 0.0000263 seconds
230.092: [GC (Allocation Failure)  687533K->365005K(1030144K), 0.0040457 secs]
230.096: Total time for which application threads were stopped: 0.0042397 seconds, Stopping threads took: 0.0000207 seconds
230.165: [GC (Allocation Failure)  687565K->365037K(1034752K), 0.0042955 secs]
230.169: Total time for which application threads were stopped: 0.0044633 seconds, Stopping threads took: 0.0000195 seconds
230.237: [GC (Allocation Failure)  686573K->373039K(1029120K), 0.0044925 secs]
230.242: Total time for which application threads were stopped: 0.0046867 seconds, Stopping threads took: 0.0000196 seconds
230.310: [GC (Allocation Failure)  694575K->373039K(1034240K), 0.0092874 secs]
230.320: Total time for which application threads were stopped: 0.0094503 seconds, Stopping threads took: 0.0000196 seconds
230.387: [GC (Allocation Failure)  693551K->373255K(1034240K), 0.0042096 secs]
230.391: Total time for which application threads were stopped: 0.0044040 seconds, Stopping threads took: 0.0000194 seconds
230.461: [GC (Allocation Failure)  693767K->381033K(1034240K), 0.0042459 secs]
230.465: Total time for which application threads were stopped: 0.0044297 seconds, Stopping threads took: 0.0000166 seconds
230.535: [GC (Allocation Failure)  701545K->381065K(1034240K), 0.0043499 secs]
230.539: Total time for which application threads were stopped: 0.0045449 seconds, Stopping threads took: 0.0000247 seconds
230.609: [GC (Allocation Failure)  701577K->381481K(1033216K), 0.0043014 secs]
230.613: Total time for which application threads were stopped: 0.0045005 seconds, Stopping threads took: 0.0000207 seconds
230.682: [GC (Allocation Failure)  700969K->389068K(1033728K), 0.0043411 secs]
230.686: Total time for which application threads were stopped: 0.0045308 seconds, Stopping threads took: 0.0000199 seconds
230.755: [GC (Allocation Failure)  708556K->389068K(1033728K), 0.0042356 secs]
230.759: Total time for which application threads were stopped: 0.0043900 seconds, Stopping threads took: 0.0000162 seconds
230.824: [GC (Allocation Failure)  708556K->389196K(1033728K), 0.0042686 secs]
230.828: Total time for which application threads were stopped: 0.0044310 seconds, Stopping threads took: 0.0000188 seconds
230.895: [GC (Allocation Failure)  708684K->397134K(1033728K), 0.0043894 secs]
230.900: Total time for which application threads were stopped: 0.0045549 seconds, Stopping threads took: 0.0000193 seconds
230.967: [GC (Allocation Failure)  716622K->397102K(1033728K), 0.0064826 secs]
230.973: Total time for which application threads were stopped: 0.0066597 seconds, Stopping threads took: 0.0000199 seconds
231.042: [GC (Allocation Failure)  716590K->397158K(1033728K), 0.0042386 secs]
231.046: Total time for which application threads were stopped: 0.0043975 seconds, Stopping threads took: 0.0000246 seconds
231.113: [GC (Allocation Failure)  716646K->405128K(1027072K), 0.0043993 secs]
231.118: Total time for which application threads were stopped: 0.0045596 seconds, Stopping threads took: 0.0000199 seconds
231.183: [GC (Allocation Failure)  724616K->401222K(1034240K), 0.0033917 secs]
231.186: Total time for which application threads were stopped: 0.0035486 seconds, Stopping threads took: 0.0000195 seconds
231.254: [GC (Allocation Failure)  720710K->405296K(1033216K), 0.0046430 secs]
231.259: Total time for which application threads were stopped: 0.0048121 seconds, Stopping threads took: 0.0000195 seconds
231.327: [GC (Allocation Failure)  724784K->409264K(1034752K), 0.0051021 secs]
231.332: Total time for which application threads were stopped: 0.0052548 seconds, Stopping threads took: 0.0000275 seconds
231.399: [GC (Allocation Failure)  730800K->402478K(1034752K), 0.0017267 secs]
231.401: Total time for which application threads were stopped: 0.0018670 seconds, Stopping threads took: 0.0000199 seconds
231.470: [GC (Allocation Failure)  724014K->409336K(1034752K), 0.0043501 secs]
231.475: Total time for which application threads were stopped: 0.0045284 seconds, Stopping threads took: 0.0000198 seconds
231.541: [GC (Allocation Failure)  730872K->413416K(1034752K), 0.0053176 secs]
231.546: Total time for which application threads were stopped: 0.0054882 seconds, Stopping threads took: 0.0000280 seconds
231.611: [GC (Allocation Failure)  734952K->407878K(1034752K), 0.0026225 secs]
231.614: Total time for which application threads were stopped: 0.0027926 seconds, Stopping threads took: 0.0000192 seconds
231.681: [GC (Allocation Failure)  729414K->413688K(1034752K), 0.0044057 secs]
231.685: Total time for which application threads were stopped: 0.0045790 seconds, Stopping threads took: 0.0000195 seconds
231.754: [GC (Allocation Failure)  735224K->417560K(1034752K), 0.0047530 secs]
231.759: Total time for which application threads were stopped: 0.0048954 seconds, Stopping threads took: 0.0000179 seconds
231.825: [GC (Allocation Failure)  740048K->413654K(1035264K), 0.0031140 secs]
231.829: Total time for which application threads were stopped: 0.0032712 seconds, Stopping threads took: 0.0000197 seconds
231.896: [GC (Allocation Failure)  736214K->417712K(1036288K), 0.0044774 secs]
231.901: Total time for which application threads were stopped: 0.0046554 seconds, Stopping threads took: 0.0000206 seconds
231.968: [GC (Allocation Failure)  741808K->421680K(1035776K), 0.0045196 secs]
231.973: Total time for which application threads were stopped: 0.0046791 seconds, Stopping threads took: 0.0000206 seconds
232.042: [GC (Allocation Failure)  745776K->421712K(1035776K), 0.0043268 secs]
232.046: Total time for which application threads were stopped: 0.0044987 seconds, Stopping threads took: 0.0000280 seconds
232.113: [GC (Allocation Failure)  745296K->421736K(1023488K), 0.0045004 secs]
232.118: Total time for which application threads were stopped: 0.0046602 seconds, Stopping threads took: 0.0000200 seconds
232.186: [GC (Allocation Failure)  745320K->429738K(1035264K), 0.0045270 secs]
232.191: Total time for which application threads were stopped: 0.0047099 seconds, Stopping threads took: 0.0000168 seconds
232.261: [GC (Allocation Failure)  752298K->429706K(1030144K), 0.0042938 secs]
232.265: Total time for which application threads were stopped: 0.0044771 seconds, Stopping threads took: 0.0000286 seconds
232.335: [GC (Allocation Failure)  752266K->429738K(1034752K), 0.0060211 secs]
232.341: Total time for which application threads were stopped: 0.0061825 seconds, Stopping threads took: 0.0000259 seconds
232.409: [GC (Allocation Failure)  751274K->437773K(1029120K), 0.0047302 secs]
232.414: Total time for which application threads were stopped: 0.0048991 seconds, Stopping threads took: 0.0000192 seconds
232.483: [GC (Allocation Failure)  759309K->437741K(1034240K), 0.0043966 secs]
232.487: Total time for which application threads were stopped: 0.0045566 seconds, Stopping threads took: 0.0000195 seconds
232.555: [GC (Allocation Failure)  758253K->437933K(1034240K), 0.0051406 secs]
232.560: Total time for which application threads were stopped: 0.0053024 seconds, Stopping threads took: 0.0000192 seconds
232.628: [GC (Allocation Failure)  758445K->445807K(1034240K), 0.0042983 secs]
232.632: Total time for which application threads were stopped: 0.0044874 seconds, Stopping threads took: 0.0000254 seconds
232.702: [GC (Allocation Failure)  766319K->445807K(1028096K), 0.0044274 secs]
232.707: Total time for which application threads were stopped: 0.0046069 seconds, Stopping threads took: 0.0000166 seconds
232.775: [GC (Allocation Failure)  766319K->446215K(1033728K), 0.0043672 secs]
232.780: Total time for which application threads were stopped: 0.0045459 seconds, Stopping threads took: 0.0000190 seconds
232.847: [GC (Allocation Failure)  765703K->453833K(1033728K), 0.0045574 secs]
232.851: Total time for which application threads were stopped: 0.0047283 seconds, Stopping threads took: 0.0000194 seconds
232.921: [GC (Allocation Failure)  773321K->453801K(1033728K), 0.0045914 secs]
232.925: Total time for which application threads were stopped: 0.0047752 seconds, Stopping threads took: 0.0000203 seconds
232.990: [GC (Allocation Failure)  773289K->453929K(1033728K), 0.0045285 secs]
232.994: Total time for which application threads were stopped: 0.0046907 seconds, Stopping threads took: 0.0000198 seconds
233.062: [GC (Allocation Failure)  773417K->461899K(1033728K), 0.0043210 secs]
233.067: Total time for which application threads were stopped: 0.0044810 seconds, Stopping threads took: 0.0000196 seconds
233.134: [GC (Allocation Failure)  781387K->461867K(1033728K), 0.0046004 secs]
233.138: Total time for which application threads were stopped: 0.0047677 seconds, Stopping threads took: 0.0000193 seconds
233.205: [GC (Allocation Failure)  781355K->461899K(1032704K), 0.0046901 secs]
233.210: Total time for which application threads were stopped: 0.0048592 seconds, Stopping threads took: 0.0000191 seconds
233.276: [GC (Allocation Failure)  780363K->469902K(1033216K), 0.0064391 secs]
233.283: Total time for which application threads were stopped: 0.0065918 seconds, Stopping threads took: 0.0000199 seconds
233.352: [GC (Allocation Failure)  788366K->464331K(1033728K), 0.0024210 secs]
233.355: Total time for which application threads were stopped: 0.0025865 seconds, Stopping threads took: 0.0000180 seconds
233.423: [GC (Allocation Failure)  783307K->470126K(1033216K), 0.0045300 secs]
233.427: Total time for which application threads were stopped: 0.0047155 seconds, Stopping threads took: 0.0000212 seconds
233.494: [GC (Allocation Failure)  789102K->474014K(1034240K), 0.0050194 secs]
233.499: Total time for which application threads were stopped: 0.0052292 seconds, Stopping threads took: 0.0000191 seconds
233.567: [GC (Allocation Failure)  794526K->479931K(1034240K), 0.0069738 secs]
233.574: Total time for which application threads were stopped: 0.0071453 seconds, Stopping threads took: 0.0000274 seconds
233.642: [GC (Allocation Failure)  800443K->474174K(1030144K), 0.0047393 secs]
233.647: Total time for which application threads were stopped: 0.0049369 seconds, Stopping threads took: 0.0000279 seconds
233.713: [GC (Allocation Failure)  790590K->474046K(1032192K), 0.0044522 secs]
233.718: Total time for which application threads were stopped: 0.0046307 seconds, Stopping threads took: 0.0000196 seconds
233.784: [GC (Allocation Failure)  790462K->469883K(1033216K), 0.0030146 secs]
233.787: Total time for which application threads were stopped: 0.0032118 seconds, Stopping threads took: 0.0000273 seconds
233.856: [GC (Allocation Failure)  787835K->474142K(1032704K), 0.0044326 secs]
233.861: Total time for which application threads were stopped: 0.0046018 seconds, Stopping threads took: 0.0000168 seconds
233.928: [GC (Allocation Failure)  792094K->474014K(1033728K), 0.0047986 secs]
233.933: Total time for which application threads were stopped: 0.0049989 seconds, Stopping threads took: 0.0000410 seconds
233.998: [GC (Allocation Failure)  792990K->477638K(1033216K), 0.0055990 secs]
234.004: Total time for which application threads were stopped: 0.0057670 seconds, Stopping threads took: 0.0000195 seconds
234.071: [GC (Allocation Failure)  796614K->482120K(1034240K), 0.0045764 secs]
234.076: Total time for which application threads were stopped: 0.0047485 seconds, Stopping threads took: 0.0000200 seconds
234.141: [GC (Allocation Failure)  802120K->482088K(1033728K), 0.0046560 secs]
234.146: Total time for which application threads were stopped: 0.0048293 seconds, Stopping threads took: 0.0000197 seconds
234.210: [GC (Allocation Failure)  802088K->485352K(1034240K), 0.0053089 secs]
234.216: Total time for which application threads were stopped: 0.0054722 seconds, Stopping threads took: 0.0000210 seconds
234.286: [GC (Allocation Failure)  805864K->490122K(1034240K), 0.0045307 secs]
234.290: Total time for which application threads were stopped: 0.0046980 seconds, Stopping threads took: 0.0000194 seconds
234.359: [GC (Allocation Failure)  810634K->490090K(1034752K), 0.0043991 secs]
234.363: Total time for which application threads were stopped: 0.0045649 seconds, Stopping threads took: 0.0000197 seconds
234.429: [GC (Allocation Failure)  811626K->492586K(1034752K), 0.0050101 secs]
234.434: Total time for which application threads were stopped: 0.0051849 seconds, Stopping threads took: 0.0000200 seconds
234.502: [GC (Allocation Failure)  814122K->498125K(1034752K), 0.0057759 secs]
234.508: Total time for which application threads were stopped: 0.0059502 seconds, Stopping threads took: 0.0000289 seconds
234.575: [GC (Allocation Failure)  819661K->498157K(1034752K), 0.0045571 secs]
234.580: Total time for which application threads were stopped: 0.0047185 seconds, Stopping threads took: 0.0000203 seconds
234.645: [GC (Allocation Failure)  819693K->501805K(1035264K), 0.0052843 secs]
234.651: Total time for which application threads were stopped: 0.0054771 seconds, Stopping threads took: 0.0000201 seconds
234.719: [GC (Allocation Failure)  823853K->506191K(1034752K), 0.0046759 secs]
234.724: Total time for which application threads were stopped: 0.0048373 seconds, Stopping threads took: 0.0000192 seconds
234.792: [GC (Allocation Failure)  828239K->506159K(1035264K), 0.0046488 secs]
234.797: Total time for which application threads were stopped: 0.0048120 seconds, Stopping threads took: 0.0000203 seconds
234.864: [GC (Allocation Failure)  828719K->509031K(1035264K), 0.0051631 secs]
234.869: Total time for which application threads were stopped: 0.0053350 seconds, Stopping threads took: 0.0000197 seconds
234.937: [GC (Allocation Failure)  831591K->514281K(1035264K), 0.0058855 secs]
234.943: Total time for which application threads were stopped: 0.0060786 seconds, Stopping threads took: 0.0000201 seconds
235.012: [GC (Allocation Failure)  836841K->514185K(1035264K), 0.0045806 secs]
235.017: Total time for which application threads were stopped: 0.0047443 seconds, Stopping threads took: 0.0000191 seconds
235.083: [GC (Allocation Failure)  836745K->517257K(1035264K), 0.0051182 secs]
235.088: Total time for which application threads were stopped: 0.0053121 seconds, Stopping threads took: 0.0000193 seconds
235.158: [GC (Allocation Failure)  839817K->522283K(1035264K), 0.0045454 secs]
235.163: Total time for which application threads were stopped: 0.0047286 seconds, Stopping threads took: 0.0000172 seconds
235.232: [GC (Allocation Failure)  844843K->522187K(1035264K), 0.0047220 secs]
235.237: Total time for which application threads were stopped: 0.0048876 seconds, Stopping threads took: 0.0000171 seconds
235.305: [GC (Allocation Failure)  844747K->517449K(1035264K), 0.0028508 secs]
235.308: Total time for which application threads were stopped: 0.0029976 seconds, Stopping threads took: 0.0000162 seconds
235.378: [GC (Allocation Failure)  840009K->522475K(1035264K), 0.0043823 secs]
235.382: Total time for which application threads were stopped: 0.0045453 seconds, Stopping threads took: 0.0000198 seconds
235.450: [GC (Allocation Failure)  845035K->522219K(1035264K), 0.0045686 secs]
235.454: Total time for which application threads were stopped: 0.0047393 seconds, Stopping threads took: 0.0000203 seconds
235.522: [GC (Allocation Failure)  844779K->521769K(1035776K), 0.0044266 secs]
235.526: Total time for which application threads were stopped: 0.0045822 seconds, Stopping threads took: 0.0000254 seconds
235.594: [GC (Allocation Failure)  844841K->522411K(1035264K), 0.0047675 secs]
235.599: Total time for which application threads were stopped: 0.0049360 seconds, Stopping threads took: 0.0000201 seconds
235.668: [GC (Allocation Failure)  845483K->522219K(1035776K), 0.0044879 secs]
235.673: Total time for which application threads were stopped: 0.0046543 seconds, Stopping threads took: 0.0000211 seconds
235.740: [GC (Allocation Failure)  845803K->528065K(1035776K), 0.0073149 secs]
235.748: Total time for which application threads were stopped: 0.0075031 seconds, Stopping threads took: 0.0000265 seconds
235.816: [GC (Allocation Failure)  851649K->523459K(1032704K), 0.0047300 secs]
235.821: Total time for which application threads were stopped: 0.0048952 seconds, Stopping threads took: 0.0000191 seconds
235.888: [GC (Allocation Failure)  843971K->523363K(1034240K), 0.0046768 secs]
235.893: Total time for which application threads were stopped: 0.0048440 seconds, Stopping threads took: 0.0000200 seconds
235.960: [GC (Allocation Failure)  843875K->530409K(1030656K), 0.0078694 secs]
235.967: Total time for which application threads were stopped: 0.0080401 seconds, Stopping threads took: 0.0000186 seconds
236.034: [GC (Allocation Failure)  847849K->524747K(1032704K), 0.0046447 secs]
236.039: Total time for which application threads were stopped: 0.0048171 seconds, Stopping threads took: 0.0000265 seconds
236.107: [GC (Allocation Failure)  842187K->524651K(1033728K), 0.0044873 secs]
236.112: Total time for which application threads were stopped: 0.0046473 seconds, Stopping threads took: 0.0000196 seconds
236.179: [GC (Allocation Failure)  843627K->522249K(1033216K), 0.0038104 secs]
236.183: Total time for which application threads were stopped: 0.0039750 seconds, Stopping threads took: 0.0000197 seconds
236.252: [GC (Allocation Failure)  841225K->524683K(1034752K), 0.0044544 secs]
236.256: Total time for which application threads were stopped: 0.0046239 seconds, Stopping threads took: 0.0000218 seconds
236.323: [GC (Allocation Failure)  845707K->524651K(1034240K), 0.0061915 secs]
236.330: Total time for which application threads were stopped: 0.0063983 seconds, Stopping threads took: 0.0000189 seconds
236.396: [GC (Allocation Failure)  845675K->519849K(1034240K), 0.0028235 secs]
236.399: Total time for which application threads were stopped: 0.0029899 seconds, Stopping threads took: 0.0000191 seconds
236.466: [GC (Allocation Failure)  841385K->524875K(1034752K), 0.0053844 secs]
236.472: Total time for which application threads were stopped: 0.0055726 seconds, Stopping threads took: 0.0000198 seconds
236.539: [GC (Allocation Failure)  846411K->524683K(1035776K), 0.0047092 secs]
236.544: Total time for which application threads were stopped: 0.0049063 seconds, Stopping threads took: 0.0000275 seconds
236.609: [GC (Allocation Failure)  847755K->522601K(1035264K), 0.0037537 secs]
236.613: Total time for which application threads were stopped: 0.0039469 seconds, Stopping threads took: 0.0000185 seconds
236.680: [GC (Allocation Failure)  845673K->524811K(1036288K), 0.0047377 secs]
236.685: Total time for which application threads were stopped: 0.0049330 seconds, Stopping threads took: 0.0000194 seconds
236.755: [GC (Allocation Failure)  848907K->524651K(1035776K), 0.0045429 secs]
236.760: Total time for which application threads were stopped: 0.0047019 seconds, Stopping threads took: 0.0000192 seconds
236.828: [GC (Allocation Failure)  848747K->530473K(1033216K), 0.0073740 secs]
236.836: Total time for which application threads were stopped: 0.0075438 seconds, Stopping threads took: 0.0000198 seconds
236.903: [GC (Allocation Failure)  852009K->526411K(1034752K), 0.0047252 secs]
236.908: Total time for which application threads were stopped: 0.0048927 seconds, Stopping threads took: 0.0000192 seconds
236.975: [GC (Allocation Failure)  847947K->526251K(1035264K), 0.0046319 secs]
236.980: Total time for which application threads were stopped: 0.0047953 seconds, Stopping threads took: 0.0000202 seconds
237.048: [GC (Allocation Failure)  848811K->534337K(1035264K), 0.0083410 secs]
237.056: Total time for which application threads were stopped: 0.0085050 seconds, Stopping threads took: 0.0000191 seconds
237.124: [GC (Allocation Failure)  856897K->529155K(1032192K), 0.0048742 secs]
237.129: Total time for which application threads were stopped: 0.0050505 seconds, Stopping threads took: 0.0000187 seconds
237.198: [GC (Allocation Failure)  848643K->529091K(1033728K), 0.0047186 secs]
237.203: Total time for which application threads were stopped: 0.0048898 seconds, Stopping threads took: 0.0000199 seconds
237.268: [GC (Allocation Failure)  848579K->535393K(1031680K), 0.0074100 secs]
237.275: Total time for which application threads were stopped: 0.0075789 seconds, Stopping threads took: 0.0000268 seconds
237.343: [GC (Allocation Failure)  852833K->529155K(1032704K), 0.0046581 secs]
237.348: Total time for which application threads were stopped: 0.0047967 seconds, Stopping threads took: 0.0000167 seconds
237.415: [GC (Allocation Failure)  846595K->529123K(1033216K), 0.0046678 secs]
237.420: Total time for which application threads were stopped: 0.0048370 seconds, Stopping threads took: 0.0000200 seconds
237.486: [GC (Allocation Failure)  847075K->524801K(1032704K), 0.0029928 secs]
237.489: Total time for which application threads were stopped: 0.0031512 seconds, Stopping threads took: 0.0000190 seconds
237.555: [GC (Allocation Failure)  842753K->529315K(1033728K), 0.0048224 secs]
237.560: Total time for which application threads were stopped: 0.0050225 seconds, Stopping threads took: 0.0000272 seconds
237.630: [GC (Allocation Failure)  847779K->529091K(1032704K), 0.0044056 secs]
237.635: Total time for which application threads were stopped: 0.0045567 seconds, Stopping threads took: 0.0000174 seconds
237.700: [GC (Allocation Failure)  847555K->532523K(1033216K), 0.0055754 secs]
237.705: Total time for which application threads were stopped: 0.0057602 seconds, Stopping threads took: 0.0000197 seconds
237.774: [GC (Allocation Failure)  852011K->537134K(1033728K), 0.0047965 secs]
237.779: Total time for which application threads were stopped: 0.0049764 seconds, Stopping threads took: 0.0000200 seconds
237.846: [GC (Allocation Failure)  856622K->537102K(1035264K), 0.0046811 secs]
237.851: Total time for which application threads were stopped: 0.0048571 seconds, Stopping threads took: 0.0000295 seconds
237.918: [GC (Allocation Failure)  858638K->537702K(1034240K), 0.0046569 secs]
237.923: Total time for which application threads were stopped: 0.0048482 seconds, Stopping threads took: 0.0000190 seconds
237.989: [GC (Allocation Failure)  859238K->545256K(1034752K), 0.0046247 secs]
237.994: Total time for which application threads were stopped: 0.0047851 seconds, Stopping threads took: 0.0000173 seconds
238.062: [GC (Allocation Failure)  866280K->545128K(1034240K), 0.0046181 secs]
238.067: Total time for which application threads were stopped: 0.0047868 seconds, Stopping threads took: 0.0000271 seconds
238.134: [GC (Allocation Failure)  866152K->545960K(1033216K), 0.0047049 secs]
238.139: Total time for which application threads were stopped: 0.0048935 seconds, Stopping threads took: 0.0000212 seconds
238.206: [GC (Allocation Failure)  866472K->553258K(1034240K), 0.0046406 secs]
238.211: Total time for which application threads were stopped: 0.0048006 seconds, Stopping threads took: 0.0000200 seconds
238.281: [GC (Allocation Failure)  873770K->553194K(1034752K), 0.0047424 secs]
238.285: Total time for which application threads were stopped: 0.0049136 seconds, Stopping threads took: 0.0000264 seconds
238.352: [GC (Allocation Failure)  874730K->557258K(1034752K), 0.0057420 secs]
238.358: Total time for which application threads were stopped: 0.0059328 seconds, Stopping threads took: 0.0000194 seconds
238.426: [GC (Allocation Failure)  878794K->561228K(1035264K), 0.0066414 secs]
238.433: Total time for which application threads were stopped: 0.0068485 seconds, Stopping threads took: 0.0000206 seconds
238.504: [GC (Allocation Failure)  883788K->561260K(1035264K), 0.0049320 secs]
238.509: Total time for which application threads were stopped: 0.0050983 seconds, Stopping threads took: 0.0000192 seconds
238.576: [GC (Allocation Failure)  883820K->564452K(1035264K), 0.0053656 secs]
238.582: Total time for which application threads were stopped: 0.0055334 seconds, Stopping threads took: 0.0000192 seconds
238.650: [GC (Allocation Failure)  887012K->569287K(1035264K), 0.0044644 secs]
238.654: Total time for which application threads were stopped: 0.0046548 seconds, Stopping threads took: 0.0000193 seconds
238.723: [GC (Allocation Failure)  891847K->569255K(1035776K), 0.0047592 secs]
238.728: Total time for which application threads were stopped: 0.0049172 seconds, Stopping threads took: 0.0000193 seconds
238.797: [GC (Allocation Failure)  892327K->573191K(1035264K), 0.0057876 secs]
238.803: Total time for which application threads were stopped: 0.0059612 seconds, Stopping threads took: 0.0000201 seconds
238.871: [GC (Allocation Failure)  896263K->577449K(1035776K), 0.0047257 secs]
238.876: Total time for which application threads were stopped: 0.0048945 seconds, Stopping threads took: 0.0000196 seconds
238.944: [GC (Allocation Failure)  901033K->577321K(1035776K), 0.0049521 secs]
238.949: Total time for which application threads were stopped: 0.0051342 seconds, Stopping threads took: 0.0000199 seconds
239.019: [GC (Allocation Failure)  900905K->575943K(1036288K), 0.0041912 secs]
239.023: Total time for which application threads were stopped: 0.0043665 seconds, Stopping threads took: 0.0000351 seconds
239.092: [GC (Allocation Failure)  900039K->577417K(1035776K), 0.0046853 secs]
239.097: Total time for which application threads were stopped: 0.0048627 seconds, Stopping threads took: 0.0000196 seconds
239.164: [GC (Allocation Failure)  901513K->577289K(1036288K), 0.0046129 secs]
239.169: Total time for which application threads were stopped: 0.0047834 seconds, Stopping threads took: 0.0000203 seconds
239.237: [GC (Allocation Failure)  901897K->585351K(1036288K), 0.0086910 secs]
239.245: Total time for which application threads were stopped: 0.0088621 seconds, Stopping threads took: 0.0000194 seconds
239.313: [GC (Allocation Failure)  909959K->581161K(1032192K), 0.0054637 secs]
239.319: Total time for which application threads were stopped: 0.0056638 seconds, Stopping threads took: 0.0000197 seconds
239.386: [GC (Allocation Failure)  901673K->581129K(1034240K), 0.0049092 secs]
239.391: Total time for which application threads were stopped: 0.0050854 seconds, Stopping threads took: 0.0000194 seconds
239.458: [GC (Allocation Failure)  901641K->575079K(1033728K), 0.0025988 secs]
239.461: Total time for which application threads were stopped: 0.0027511 seconds, Stopping threads took: 0.0000184 seconds
239.528: [GC (Allocation Failure)  895591K->581433K(1034240K), 0.0046752 secs]
239.533: Total time for which application threads were stopped: 0.0048496 seconds, Stopping threads took: 0.0000280 seconds
239.601: [GC (Allocation Failure)  901945K->585273K(1035264K), 0.0054826 secs]
239.606: Total time for which application threads were stopped: 0.0056540 seconds, Stopping threads took: 0.0000260 seconds
239.673: [GC (Allocation Failure)  907321K->578903K(1034752K), 0.0023742 secs]
239.676: Total time for which application threads were stopped: 0.0025390 seconds, Stopping threads took: 0.0000198 seconds
239.746: [GC (Allocation Failure)  900951K->585449K(1035264K), 0.0048964 secs]
239.751: Total time for which application threads were stopped: 0.0050799 seconds, Stopping threads took: 0.0000220 seconds
239.819: [GC (Allocation Failure)  907497K->589377K(1034752K), 0.0053510 secs]
239.824: Total time for which application threads were stopped: 0.0055102 seconds, Stopping threads took: 0.0000202 seconds
239.892: [GC (Allocation Failure)  911425K->585503K(1035776K), 0.0037239 secs]
239.896: Total time for which application threads were stopped: 0.0039014 seconds, Stopping threads took: 0.0000196 seconds
239.966: [GC (Allocation Failure)  909087K->589545K(1035776K), 0.0049997 secs]
239.971: Total time for which application threads were stopped: 0.0051732 seconds, Stopping threads took: 0.0000203 seconds
240.039: [GC (Allocation Failure)  913129K->593545K(1035776K), 0.0045779 secs]
240.044: Total time for which application threads were stopped: 0.0047415 seconds, Stopping threads took: 0.0000200 seconds
240.112: [GC (Allocation Failure)  917129K->593545K(1035776K), 0.0047244 secs]
240.117: Total time for which application threads were stopped: 0.0048878 seconds, Stopping threads took: 0.0000196 seconds
240.183: [GC (Allocation Failure)  917129K->593609K(1034752K), 0.0046585 secs]
240.187: Total time for which application threads were stopped: 0.0048222 seconds, Stopping threads took: 0.0000197 seconds
240.255: [GC (Allocation Failure)  916169K->601611K(1035264K), 0.0047088 secs]
240.260: Total time for which application threads were stopped: 0.0048745 seconds, Stopping threads took: 0.0000198 seconds
240.327: [GC (Allocation Failure)  924171K->601579K(1035264K), 0.0046643 secs]
240.332: Total time for which application threads were stopped: 0.0048090 seconds, Stopping threads took: 0.0000254 seconds
240.399: [GC (Allocation Failure)  924139K->601635K(1022464K), 0.0049647 secs]
240.404: Total time for which application threads were stopped: 0.0051362 seconds, Stopping threads took: 0.0000194 seconds
240.473: [GC (Allocation Failure)  924195K->609605K(1034752K), 0.0047086 secs]
240.478: Total time for which application threads were stopped: 0.0048984 seconds, Stopping threads took: 0.0000195 seconds
240.548: [GC (Allocation Failure)  931141K->609605K(1034752K), 0.0046856 secs]
240.552: Total time for which application threads were stopped: 0.0048535 seconds, Stopping threads took: 0.0000199 seconds
240.619: [GC (Allocation Failure)  931141K->609861K(1033728K), 0.0048600 secs]
240.624: Total time for which application threads were stopped: 0.0050385 seconds, Stopping threads took: 0.0000198 seconds
240.693: [GC (Allocation Failure)  930373K->617672K(1034240K), 0.0048442 secs]
240.698: Total time for which application threads were stopped: 0.0050148 seconds, Stopping threads took: 0.0000195 seconds
240.766: [GC (Allocation Failure)  938184K->617672K(1034240K), 0.0049409 secs]
240.771: Total time for which application threads were stopped: 0.0051041 seconds, Stopping threads took: 0.0000202 seconds
240.838: [GC (Allocation Failure)  938184K->618088K(1034240K), 0.0049494 secs]
240.843: Total time for which application threads were stopped: 0.0051187 seconds, Stopping threads took: 0.0000192 seconds
240.910: [GC (Allocation Failure)  938600K->625674K(1034240K), 0.0047906 secs]
240.915: Total time for which application threads were stopped: 0.0049527 seconds, Stopping threads took: 0.0000190 seconds
240.981: [GC (Allocation Failure)  946186K->625674K(1034240K), 0.0046141 secs]
240.986: Total time for which application threads were stopped: 0.0047873 seconds, Stopping threads took: 0.0000186 seconds
241.054: [GC (Allocation Failure)  946186K->625802K(1033216K), 0.0048037 secs]
241.058: Total time for which application threads were stopped: 0.0049822 seconds, Stopping threads took: 0.0000281 seconds
241.127: [GC (Allocation Failure)  945290K->633740K(1033728K), 0.0048157 secs]
241.132: Total time for which application threads were stopped: 0.0049773 seconds, Stopping threads took: 0.0000194 seconds
241.201: [GC (Allocation Failure)  953228K->633708K(1033728K), 0.0048716 secs]
241.206: Total time for which application threads were stopped: 0.0050472 seconds, Stopping threads took: 0.0000209 seconds
241.272: [GC (Allocation Failure)  953196K->633764K(1033728K), 0.0048524 secs]
241.277: Total time for which application threads were stopped: 0.0050232 seconds, Stopping threads took: 0.0000195 seconds
241.344: [GC (Allocation Failure)  953252K->641767K(1033728K), 0.0049807 secs]
241.349: Total time for which application threads were stopped: 0.0051426 seconds, Stopping threads took: 0.0000192 seconds
241.415: [GC (Allocation Failure)  961255K->641735K(1033728K), 0.0048141 secs]
241.420: Total time for which application threads were stopped: 0.0049764 seconds, Stopping threads took: 0.0000200 seconds
241.484: [GC (Allocation Failure)  961223K->641991K(1033728K), 0.0049250 secs]
241.489: Total time for which application threads were stopped: 0.0050837 seconds, Stopping threads took: 0.0000194 seconds
241.556: [GC (Allocation Failure)  961479K->649801K(1033728K), 0.0046531 secs]
241.561: Total time for which application threads were stopped: 0.0048215 seconds, Stopping threads took: 0.0000266 seconds
241.627: [GC (Allocation Failure)  969289K->645415K(1034240K), 0.0034487 secs]
241.631: Total time for which application threads were stopped: 0.0036143 seconds, Stopping threads took: 0.0000196 seconds
241.698: [GC (Allocation Failure)  965415K->649969K(1033728K), 0.0050444 secs]
241.703: Total time for which application threads were stopped: 0.0052192 seconds, Stopping threads took: 0.0000198 seconds
241.769: [GC (Allocation Failure)  969969K->653881K(1034752K), 0.0049176 secs]
241.774: Total time for which application threads were stopped: 0.0050872 seconds, Stopping threads took: 0.0000196 seconds
241.839: [GC (Allocation Failure)  975417K->647703K(1034752K), 0.0032856 secs]
241.843: Total time for which application threads were stopped: 0.0034552 seconds, Stopping threads took: 0.0000194 seconds
241.909: [GC (Allocation Failure)  969239K->654057K(1035264K), 0.0049653 secs]
241.914: Total time for which application threads were stopped: 0.0051356 seconds, Stopping threads took: 0.0000201 seconds
241.982: [GC (Allocation Failure)  976105K->658057K(1034752K), 0.0055934 secs]
241.988: Total time for which application threads were stopped: 0.0057626 seconds, Stopping threads took: 0.0000195 seconds
242.055: [GC (Allocation Failure)  980105K->654151K(1035264K), 0.0035565 secs]
242.059: Total time for which application threads were stopped: 0.0037403 seconds, Stopping threads took: 0.0000276 seconds
242.126: [GC (Allocation Failure)  976199K->658145K(1034752K), 0.0050239 secs]
242.132: Total time for which application threads were stopped: 0.0051788 seconds, Stopping threads took: 0.0000187 seconds
242.199: [GC (Allocation Failure)  980193K->662225K(1035776K), 0.0050233 secs]
242.204: Total time for which application threads were stopped: 0.0051829 seconds, Stopping threads took: 0.0000196 seconds
242.274: [GC (Allocation Failure)  985809K->662193K(1031168K), 0.0058539 secs]
242.280: Total time for which application threads were stopped: 0.0060311 seconds, Stopping threads took: 0.0000188 seconds
242.348: [GC (Allocation Failure)  985777K->662249K(1035264K), 0.0049839 secs]
242.354: Total time for which application threads were stopped: 0.0051523 seconds, Stopping threads took: 0.0000197 seconds
242.421: [GC (Allocation Failure)  984809K->670219K(1030144K), 0.0046617 secs]
242.426: Total time for which application threads were stopped: 0.0048515 seconds, Stopping threads took: 0.0000189 seconds
242.493: [GC (Allocation Failure)  992779K->670251K(1034752K), 0.0057480 secs]
242.499: Total time for which application threads were stopped: 0.0059375 seconds, Stopping threads took: 0.0000190 seconds
242.566: [GC (Allocation Failure)  991787K->670251K(1034752K), 0.0057118 secs]
242.572: Total time for which application threads were stopped: 0.0058801 seconds, Stopping threads took: 0.0000192 seconds
242.639: [GC (Allocation Failure)  991787K->678285K(1033728K), 0.0050918 secs]
242.644: Total time for which application threads were stopped: 0.0052525 seconds, Stopping threads took: 0.0000199 seconds
242.712: [GC (Allocation Failure)  998797K->678221K(1034240K), 0.0049172 secs]
242.717: Total time for which application threads were stopped: 0.0050849 seconds, Stopping threads took: 0.0000195 seconds
242.784: [GC (Allocation Failure)  998733K->678477K(1034240K), 0.0049865 secs]
242.789: Total time for which application threads were stopped: 0.0051620 seconds, Stopping threads took: 0.0000196 seconds
242.856: [GC (Allocation Failure)  998989K->686288K(1034240K), 0.0050742 secs]
242.861: Total time for which application threads were stopped: 0.0052396 seconds, Stopping threads took: 0.0000207 seconds
242.929: [GC (Allocation Failure)  1006800K->686288K(1033216K), 0.0085096 secs]
242.937: Total time for which application threads were stopped: 0.0086844 seconds, Stopping threads took: 0.0000276 seconds
243.004: [GC (Allocation Failure)  1005776K->686440K(1033728K), 0.0049473 secs]
243.009: [Full GC (Ergonomics)  686440K->8617K(1033728K), 0.0122679 secs]
243.022: Total time for which application threads were stopped: 0.0174679 seconds, Stopping threads took: 0.0000189 seconds
243.088: [GC (Allocation Failure)  328105K->16747K(1033728K), 0.0038008 secs]
243.092: Total time for which application threads were stopped: 0.0039693 seconds, Stopping threads took: 0.0000195 seconds
243.157: [GC (Allocation Failure)  336235K->12817K(1033728K), 0.0024165 secs]
243.160: Total time for which application threads were stopped: 0.0025657 seconds, Stopping threads took: 0.0000191 seconds
243.226: [GC (Allocation Failure)  332305K->16843K(1035264K), 0.0036986 secs]
243.230: Total time for which application threads were stopped: 0.0038673 seconds, Stopping threads took: 0.0000193 seconds
243.299: [GC (Allocation Failure)  338379K->20875K(1034240K), 0.0035897 secs]
243.303: Total time for which application threads were stopped: 0.0037573 seconds, Stopping threads took: 0.0000198 seconds
243.371: [GC (Allocation Failure)  342411K->16105K(1035264K), 0.0017832 secs]
243.373: Total time for which application threads were stopped: 0.0019268 seconds, Stopping threads took: 0.0000194 seconds
243.441: [GC (Allocation Failure)  338153K->20915K(1034752K), 0.0036687 secs]
243.445: Total time for which application threads were stopped: 0.0038263 seconds, Stopping threads took: 0.0000198 seconds
243.515: [GC (Allocation Failure)  342963K->25019K(1035776K), 0.0035587 secs]
243.518: Total time for which application threads were stopped: 0.0037457 seconds, Stopping threads took: 0.0000270 seconds
243.584: [GC (Allocation Failure)  348340K->21081K(1035776K), 0.0022927 secs]
243.587: Total time for which application threads were stopped: 0.0024394 seconds, Stopping threads took: 0.0000192 seconds
243.655: [GC (Allocation Failure)  344665K->25139K(1036288K), 0.0036612 secs]
243.659: Total time for which application threads were stopped: 0.0038072 seconds, Stopping threads took: 0.0000188 seconds
243.729: [GC (Allocation Failure)  349747K->29139K(1036288K), 0.0038534 secs]
243.733: Total time for which application threads were stopped: 0.0040232 seconds, Stopping threads took: 0.0000196 seconds
243.801: [GC (Allocation Failure)  353747K->29107K(1035264K), 0.0035712 secs]
243.805: Total time for which application threads were stopped: 0.0037267 seconds, Stopping threads took: 0.0000167 seconds
243.870: [GC (Allocation Failure)  352691K->29163K(1035776K), 0.0036905 secs]
243.874: Total time for which application threads were stopped: 0.0038615 seconds, Stopping threads took: 0.0000198 seconds
243.942: [GC (Allocation Failure)  352747K->37133K(1034752K), 0.0038640 secs]
243.946: Total time for which application threads were stopped: 0.0040662 seconds, Stopping threads took: 0.0000219 seconds
244.016: [GC (Allocation Failure)  359693K->37165K(1035264K), 0.0033526 secs]
244.020: Total time for which application threads were stopped: 0.0035090 seconds, Stopping threads took: 0.0000171 seconds
244.088: [GC (Allocation Failure)  359725K->37197K(1034240K), 0.0037639 secs]
244.092: Total time for which application threads were stopped: 0.0039254 seconds, Stopping threads took: 0.0000195 seconds
244.158: [GC (Allocation Failure)  358733K->45200K(1034752K), 0.0037174 secs]
244.161: Total time for which application threads were stopped: 0.0038829 seconds, Stopping threads took: 0.0000206 seconds
244.229: [GC (Allocation Failure)  366736K->45200K(1033728K), 0.0038568 secs]
244.232: Total time for which application threads were stopped: 0.0040255 seconds, Stopping threads took: 0.0000196 seconds
244.300: [GC (Allocation Failure)  365712K->45416K(1034240K), 0.0036998 secs]
244.304: Total time for which application threads were stopped: 0.0038566 seconds, Stopping threads took: 0.0000191 seconds
244.372: [GC (Allocation Failure)  365928K->53194K(1034240K), 0.0037017 secs]
244.376: Total time for which application threads were stopped: 0.0038742 seconds, Stopping threads took: 0.0000194 seconds
244.445: [GC (Allocation Failure)  373706K->53226K(1034240K), 0.0035936 secs]
244.449: Total time for which application threads were stopped: 0.0037456 seconds, Stopping threads took: 0.0000167 seconds
244.516: [GC (Allocation Failure)  373738K->53602K(1034240K), 0.0037012 secs]
244.520: Total time for which application threads were stopped: 0.0038573 seconds, Stopping threads took: 0.0000256 seconds
244.589: [GC (Allocation Failure)  374114K->61252K(1028096K), 0.0036122 secs]
244.592: Total time for which application threads were stopped: 0.0037719 seconds, Stopping threads took: 0.0000170 seconds
244.659: [GC (Allocation Failure)  381764K->61252K(1033728K), 0.0038128 secs]
244.663: Total time for which application threads were stopped: 0.0040145 seconds, Stopping threads took: 0.0000199 seconds
244.730: [GC (Allocation Failure)  380740K->61356K(1033728K), 0.0038086 secs]
244.734: Total time for which application threads were stopped: 0.0040021 seconds, Stopping threads took: 0.0000193 seconds
244.802: [GC (Allocation Failure)  380844K->69295K(1033728K), 0.0036825 secs]
244.806: Total time for which application threads were stopped: 0.0038403 seconds, Stopping threads took: 0.0000189 seconds
244.873: [GC (Allocation Failure)  388783K->69263K(1033728K), 0.0038429 secs]
244.877: Total time for which application threads were stopped: 0.0040039 seconds, Stopping threads took: 0.0000194 seconds
244.943: [GC (Allocation Failure)  388751K->69327K(1033728K), 0.0039620 secs]
244.947: Total time for which application threads were stopped: 0.0041246 seconds, Stopping threads took: 0.0000192 seconds
245.013: [GC (Allocation Failure)  388815K->77297K(1027072K), 0.0039316 secs]
245.017: Total time for which application threads were stopped: 0.0040985 seconds, Stopping threads took: 0.0000192 seconds
245.083: [GC (Allocation Failure)  396785K->77297K(1033216K), 0.0036877 secs]
245.087: Total time for which application threads were stopped: 0.0038941 seconds, Stopping threads took: 0.0000196 seconds
245.155: [GC (Allocation Failure)  395761K->77545K(1033216K), 0.0039849 secs]
245.159: Total time for which application threads were stopped: 0.0041580 seconds, Stopping threads took: 0.0000200 seconds
245.226: [GC (Allocation Failure)  396009K->85323K(1033216K), 0.0040293 secs]
245.230: Total time for which application threads were stopped: 0.0042120 seconds, Stopping threads took: 0.0000224 seconds
245.295: [GC (Allocation Failure)  403787K->77897K(1033216K), 0.0009537 secs]
245.296: Total time for which application threads were stopped: 0.0010792 seconds, Stopping threads took: 0.0000202 seconds
245.365: [GC (Allocation Failure)  396361K->85523K(1033216K), 0.0038419 secs]
245.369: Total time for which application threads were stopped: 0.0040123 seconds, Stopping threads took: 0.0000199 seconds
245.434: [GC (Allocation Failure)  403987K->89499K(1033216K), 0.0049003 secs]
245.439: Total time for which application threads were stopped: 0.0051060 seconds, Stopping threads took: 0.0000308 seconds
245.508: [GC (Allocation Failure)  407963K->90457K(1033216K), 0.0042318 secs]
245.512: Total time for which application threads were stopped: 0.0044138 seconds, Stopping threads took: 0.0000160 seconds
245.582: [GC (Allocation Failure)  408921K->89595K(1033216K), 0.0038767 secs]
245.586: Total time for which application threads were stopped: 0.0040543 seconds, Stopping threads took: 0.0000276 seconds
245.652: [GC (Allocation Failure)  408059K->89467K(1033216K), 0.0039163 secs]
245.656: Total time for which application threads were stopped: 0.0040762 seconds, Stopping threads took: 0.0000200 seconds
245.720: [GC (Allocation Failure)  407931K->82425K(1033216K), 0.0011012 secs]
245.722: Total time for which application threads were stopped: 0.0012347 seconds, Stopping threads took: 0.0000273 seconds
245.789: [GC (Allocation Failure)  400889K->89531K(1033216K), 0.0038231 secs]
245.793: Total time for which application threads were stopped: 0.0039985 seconds, Stopping threads took: 0.0000198 seconds
245.859: [GC (Allocation Failure)  407995K->89467K(1033216K), 0.0040430 secs]
245.863: Total time for which application threads were stopped: 0.0042151 seconds, Stopping threads took: 0.0000198 seconds
245.928: [GC (Allocation Failure)  407931K->90683K(1033216K), 0.0039140 secs]
245.932: Total time for which application threads were stopped: 0.0040833 seconds, Stopping threads took: 0.0000201 seconds
245.997: [GC (Allocation Failure)  409147K->97533K(1033216K), 0.0037824 secs]
246.000: Total time for which application threads were stopped: 0.0039452 seconds, Stopping threads took: 0.0000198 seconds
246.068: [GC (Allocation Failure)  415997K->97501K(1033728K), 0.0039440 secs]
246.072: Total time for which application threads were stopped: 0.0041172 seconds, Stopping threads took: 0.0000193 seconds
246.138: [GC (Allocation Failure)  416989K->99973K(1033728K), 0.0043380 secs]
246.142: Total time for which application threads were stopped: 0.0045016 seconds, Stopping threads took: 0.0000194 seconds
246.210: [GC (Allocation Failure)  419461K->105544K(1033728K), 0.0037981 secs]
246.213: Total time for which application threads were stopped: 0.0039789 seconds, Stopping threads took: 0.0000228 seconds
246.280: [GC (Allocation Failure)  425032K->105576K(1033728K), 0.0039904 secs]
246.284: Total time for which application threads were stopped: 0.0041659 seconds, Stopping threads took: 0.0000203 seconds
246.351: [GC (Allocation Failure)  425064K->107208K(1034240K), 0.0040045 secs]
246.355: Total time for which application threads were stopped: 0.0041554 seconds, Stopping threads took: 0.0000162 seconds
246.422: [GC (Allocation Failure)  427208K->113610K(1033728K), 0.0038150 secs]
246.426: Total time for which application threads were stopped: 0.0039975 seconds, Stopping threads took: 0.0000204 seconds
246.496: [GC (Allocation Failure)  433610K->113610K(1034240K), 0.0039689 secs]
246.500: Total time for which application threads were stopped: 0.0041458 seconds, Stopping threads took: 0.0000203 seconds
246.568: [GC (Allocation Failure)  434122K->116458K(1034240K), 0.0043189 secs]
246.572: Total time for which application threads were stopped: 0.0044874 seconds, Stopping threads took: 0.0000278 seconds
246.641: [GC (Allocation Failure)  436970K->121708K(1034240K), 0.0037880 secs]
246.644: Total time for which application threads were stopped: 0.0039574 seconds, Stopping threads took: 0.0000272 seconds
246.712: [GC (Allocation Failure)  442220K->121612K(1034240K), 0.0040583 secs]
246.716: Total time for which application threads were stopped: 0.0042267 seconds, Stopping threads took: 0.0000196 seconds
246.783: [GC (Allocation Failure)  442124K->122636K(1034240K), 0.0039209 secs]
246.787: Total time for which application threads were stopped: 0.0040919 seconds, Stopping threads took: 0.0000282 seconds
246.855: [GC (Allocation Failure)  443148K->129710K(1034240K), 0.0037952 secs]
246.859: Total time for which application threads were stopped: 0.0039885 seconds, Stopping threads took: 0.0000196 seconds
246.929: [GC (Allocation Failure)  450222K->129678K(1034240K), 0.0037725 secs]
246.933: Total time for which application threads were stopped: 0.0039404 seconds, Stopping threads took: 0.0000249 seconds
247.000: [GC (Allocation Failure)  450190K->132902K(1034240K), 0.0044786 secs]
247.005: Total time for which application threads were stopped: 0.0046627 seconds, Stopping threads took: 0.0000197 seconds
247.073: [GC (Allocation Failure)  453414K->137705K(1034752K), 0.0040163 secs]
247.077: Total time for which application threads were stopped: 0.0041955 seconds, Stopping threads took: 0.0000263 seconds
247.145: [GC (Allocation Failure)  459241K->137705K(1034752K), 0.0039594 secs]
247.150: Total time for which application threads were stopped: 0.0041445 seconds, Stopping threads took: 0.0000211 seconds
247.215: [GC (Allocation Failure)  459241K->141129K(1034752K), 0.0056747 secs]
247.221: Total time for which application threads were stopped: 0.0058475 seconds, Stopping threads took: 0.0000202 seconds
247.287: [GC (Allocation Failure)  462665K->145771K(1034752K), 0.0040905 secs]
247.291: Total time for which application threads were stopped: 0.0042619 seconds, Stopping threads took: 0.0000196 seconds
247.358: [GC (Allocation Failure)  467307K->145707K(1034752K), 0.0037480 secs]
247.362: Total time for which application threads were stopped: 0.0038980 seconds, Stopping threads took: 0.0000166 seconds
247.428: [GC (Allocation Failure)  467243K->146315K(1034752K), 0.0039324 secs]
247.432: Total time for which application threads were stopped: 0.0040939 seconds, Stopping threads took: 0.0000194 seconds
247.500: [GC (Allocation Failure)  467851K->153741K(1034752K), 0.0039972 secs]
247.504: Total time for which application threads were stopped: 0.0041910 seconds, Stopping threads took: 0.0000195 seconds
247.573: [GC (Allocation Failure)  475277K->153741K(1034752K), 0.0039396 secs]
247.577: Total time for which application threads were stopped: 0.0041110 seconds, Stopping threads took: 0.0000278 seconds
247.642: [GC (Allocation Failure)  475277K->155565K(1034752K), 0.0041514 secs]
247.646: Total time for which application threads were stopped: 0.0043103 seconds, Stopping threads took: 0.0000190 seconds
247.714: [GC (Allocation Failure)  477101K->161871K(1034752K), 0.0038263 secs]
247.718: Total time for which application threads were stopped: 0.0039865 seconds, Stopping threads took: 0.0000189 seconds
247.785: [GC (Allocation Failure)  483407K->161775K(1034752K), 0.0040061 secs]
247.789: Total time for which application threads were stopped: 0.0041647 seconds, Stopping threads took: 0.0000194 seconds
247.854: [GC (Allocation Failure)  483311K->164807K(1034752K), 0.0045357 secs]
247.858: Total time for which application threads were stopped: 0.0047052 seconds, Stopping threads took: 0.0000194 seconds
247.927: [GC (Allocation Failure)  486343K->169802K(1034752K), 0.0040888 secs]
247.931: Total time for which application threads were stopped: 0.0042571 seconds, Stopping threads took: 0.0000195 seconds
247.997: [GC (Allocation Failure)  491338K->169802K(1034752K), 0.0040472 secs]
248.001: Total time for which application threads were stopped: 0.0042059 seconds, Stopping threads took: 0.0000190 seconds
248.069: [GC (Allocation Failure)  491338K->169962K(1033728K), 0.0039415 secs]
248.073: Total time for which application threads were stopped: 0.0041016 seconds, Stopping threads took: 0.0000250 seconds
248.140: [GC (Allocation Failure)  490474K->177900K(1034240K), 0.0040830 secs]
248.144: Total time for which application threads were stopped: 0.0042450 seconds, Stopping threads took: 0.0000197 seconds
248.212: [GC (Allocation Failure)  498412K->177836K(1034240K), 0.0042070 secs]
248.216: Total time for which application threads were stopped: 0.0043876 seconds, Stopping threads took: 0.0000198 seconds
248.283: [GC (Allocation Failure)  498348K->180268K(1034240K), 0.0045278 secs]
248.288: Total time for which application threads were stopped: 0.0046993 seconds, Stopping threads took: 0.0000198 seconds
248.358: [GC (Allocation Failure)  500780K->185934K(1033728K), 0.0039080 secs]
248.362: Total time for which application threads were stopped: 0.0040773 seconds, Stopping threads took: 0.0000192 seconds
248.431: [GC (Allocation Failure)  506446K->185838K(1034240K), 0.0039193 secs]
248.435: Total time for which application threads were stopped: 0.0041113 seconds, Stopping threads took: 0.0000197 seconds
248.504: [GC (Allocation Failure)  506350K->186470K(1033728K), 0.0041082 secs]
248.508: Total time for which application threads were stopped: 0.0042671 seconds, Stopping threads took: 0.0000165 seconds
248.576: [GC (Allocation Failure)  506982K->194025K(1034240K), 0.0038312 secs]
248.580: Total time for which application threads were stopped: 0.0040015 seconds, Stopping threads took: 0.0000201 seconds
248.648: [GC (Allocation Failure)  514537K->193865K(1034240K), 0.0039461 secs]
248.652: Total time for which application threads were stopped: 0.0041170 seconds, Stopping threads took: 0.0000196 seconds
248.719: [GC (Allocation Failure)  514377K->196713K(1034240K), 0.0044302 secs]
248.724: Total time for which application threads were stopped: 0.0046267 seconds, Stopping threads took: 0.0000195 seconds
248.793: [GC (Allocation Failure)  517225K->201995K(1034240K), 0.0041889 secs]
248.798: Total time for which application threads were stopped: 0.0043570 seconds, Stopping threads took: 0.0000193 seconds
248.865: [GC (Allocation Failure)  522507K->201963K(1034240K), 0.0040363 secs]
248.870: Total time for which application threads were stopped: 0.0042078 seconds, Stopping threads took: 0.0000197 seconds
248.938: [GC (Allocation Failure)  522475K->202923K(1034240K), 0.0040288 secs]
248.942: Total time for which application threads were stopped: 0.0041910 seconds, Stopping threads took: 0.0000185 seconds
249.010: [GC (Allocation Failure)  523435K->209965K(1034240K), 0.0041266 secs]
249.014: Total time for which application threads were stopped: 0.0043028 seconds, Stopping threads took: 0.0000197 seconds
249.083: [GC (Allocation Failure)  530477K->209965K(1034240K), 0.0040485 secs]
249.087: Total time for which application threads were stopped: 0.0042158 seconds, Stopping threads took: 0.0000259 seconds
249.156: [GC (Allocation Failure)  530477K->213197K(1034240K), 0.0048107 secs]
249.161: Total time for which application threads were stopped: 0.0049743 seconds, Stopping threads took: 0.0000195 seconds
249.230: [GC (Allocation Failure)  533709K->217999K(1034752K), 0.0038840 secs]
249.234: Total time for which application threads were stopped: 0.0040539 seconds, Stopping threads took: 0.0000200 seconds
249.301: [GC (Allocation Failure)  539535K->217999K(1034752K), 0.0040617 secs]
249.305: Total time for which application threads were stopped: 0.0042539 seconds, Stopping threads took: 0.0000196 seconds
249.372: [GC (Allocation Failure)  539535K->221415K(1034752K), 0.0048634 secs]
249.377: Total time for which application threads were stopped: 0.0050280 seconds, Stopping threads took: 0.0000194 seconds
249.445: [GC (Allocation Failure)  542951K->226026K(1034752K), 0.0043370 secs]
249.450: Total time for which application threads were stopped: 0.0045019 seconds, Stopping threads took: 0.0000202 seconds
249.516: [GC (Allocation Failure)  547562K->226026K(1034752K), 0.0042307 secs]
249.521: Total time for which application threads were stopped: 0.0043999 seconds, Stopping threads took: 0.0000197 seconds
249.586: [GC (Allocation Failure)  547562K->226570K(1034752K), 0.0040909 secs]
249.590: Total time for which application threads were stopped: 0.0042592 seconds, Stopping threads took: 0.0000194 seconds
249.661: [GC (Allocation Failure)  548106K->234156K(1034752K), 0.0043398 secs]
249.666: Total time for which application threads were stopped: 0.0045039 seconds, Stopping threads took: 0.0000167 seconds
249.732: [GC (Allocation Failure)  555692K->234060K(1034752K), 0.0040579 secs]
249.737: Total time for which application threads were stopped: 0.0042544 seconds, Stopping threads took: 0.0000201 seconds
249.803: [GC (Allocation Failure)  555596K->235844K(1034752K), 0.0044959 secs]
249.808: Total time for which application threads were stopped: 0.0046661 seconds, Stopping threads took: 0.0000198 seconds
249.874: [GC (Allocation Failure)  557380K->242150K(1034752K), 0.0043457 secs]
249.879: Total time for which application threads were stopped: 0.0045477 seconds, Stopping threads took: 0.0000205 seconds
249.946: [GC (Allocation Failure)  563686K->242118K(1034752K), 0.0040384 secs]
249.950: Total time for which application threads were stopped: 0.0042193 seconds, Stopping threads took: 0.0000198 seconds
250.015: [GC (Allocation Failure)  563654K->245094K(1034752K), 0.0047822 secs]
250.020: Total time for which application threads were stopped: 0.0049435 seconds, Stopping threads took: 0.0000199 seconds
250.086: [GC (Allocation Failure)  566630K->250184K(1034752K), 0.0041125 secs]
250.090: Total time for which application threads were stopped: 0.0043038 seconds, Stopping threads took: 0.0000195 seconds
250.157: [GC (Allocation Failure)  571720K->250120K(1034752K), 0.0041674 secs]
250.161: Total time for which application threads were stopped: 0.0043212 seconds, Stopping threads took: 0.0000166 seconds
250.225: [GC (Allocation Failure)  571656K->250280K(1033728K), 0.0041986 secs]
250.229: Total time for which application threads were stopped: 0.0043640 seconds, Stopping threads took: 0.0000196 seconds
250.297: [GC (Allocation Failure)  570792K->258219K(1034240K), 0.0041330 secs]
250.301: Total time for which application threads were stopped: 0.0042860 seconds, Stopping threads took: 0.0000194 seconds
250.370: [GC (Allocation Failure)  578731K->258155K(1034240K), 0.0042408 secs]
250.374: Total time for which application threads were stopped: 0.0044140 seconds, Stopping threads took: 0.0000201 seconds
250.442: [GC (Allocation Failure)  578667K->260555K(1034240K), 0.0045406 secs]
250.446: Total time for which application threads were stopped: 0.0046988 seconds, Stopping threads took: 0.0000194 seconds
250.515: [GC (Allocation Failure)  581067K->266221K(1033728K), 0.0041680 secs]
250.519: Total time for which application threads were stopped: 0.0043293 seconds, Stopping threads took: 0.0000191 seconds
250.587: [GC (Allocation Failure)  586733K->266189K(1034240K), 0.0041225 secs]
250.591: Total time for which application threads were stopped: 0.0042808 seconds, Stopping threads took: 0.0000256 seconds
250.658: [GC (Allocation Failure)  586701K->266733K(1034240K), 0.0043167 secs]
250.662: Total time for which application threads were stopped: 0.0044816 seconds, Stopping threads took: 0.0000251 seconds
250.730: [GC (Allocation Failure)  587245K->274319K(1034240K), 0.0042516 secs]
250.734: Total time for which application threads were stopped: 0.0044071 seconds, Stopping threads took: 0.0000186 seconds
250.801: [GC (Allocation Failure)  594831K->274223K(1034240K), 0.0041868 secs]
250.805: Total time for which application threads were stopped: 0.0043476 seconds, Stopping threads took: 0.0000190 seconds
250.873: [GC (Allocation Failure)  594735K->277031K(1034240K), 0.0057036 secs]
250.879: Total time for which application threads were stopped: 0.0058627 seconds, Stopping threads took: 0.0000191 seconds
250.947: [GC (Allocation Failure)  597543K->282281K(1034240K), 0.0042398 secs]
250.951: Total time for which application threads were stopped: 0.0044420 seconds, Stopping threads took: 0.0000199 seconds
251.018: [GC (Allocation Failure)  602793K->282249K(1034240K), 0.0041919 secs]
251.022: Total time for which application threads were stopped: 0.0043648 seconds, Stopping threads took: 0.0000194 seconds
251.089: [GC (Allocation Failure)  602761K->283209K(1034240K), 0.0042538 secs]
251.094: Total time for which application threads were stopped: 0.0044313 seconds, Stopping threads took: 0.0000265 seconds
251.161: [GC (Allocation Failure)  603721K->290284K(1034240K), 0.0040860 secs]
251.165: Total time for which application threads were stopped: 0.0042540 seconds, Stopping threads took: 0.0000200 seconds
251.232: [GC (Allocation Failure)  610796K->290316K(1034240K), 0.0039636 secs]
251.236: Total time for which application threads were stopped: 0.0041386 seconds, Stopping threads took: 0.0000197 seconds
251.304: [GC (Allocation Failure)  610828K->290444K(1034240K), 0.0041071 secs]
251.308: Total time for which application threads were stopped: 0.0042610 seconds, Stopping threads took: 0.0000163 seconds
251.377: [GC (Allocation Failure)  610956K->298382K(1034240K), 0.0044589 secs]
251.381: Total time for which application threads were stopped: 0.0046259 seconds, Stopping threads took: 0.0000194 seconds
251.449: [GC (Allocation Failure)  618894K->298318K(1034240K), 0.0043823 secs]
251.453: Total time for which application threads were stopped: 0.0045456 seconds, Stopping threads took: 0.0000185 seconds
251.520: [GC (Allocation Failure)  618830K->299694K(1034240K), 0.0044901 secs]
251.524: Total time for which application threads were stopped: 0.0046434 seconds, Stopping threads took: 0.0000190 seconds
251.592: [GC (Allocation Failure)  620206K->306384K(1028096K), 0.0043053 secs]
251.596: Total time for which application threads were stopped: 0.0044909 seconds, Stopping threads took: 0.0000242 seconds
251.665: [GC (Allocation Failure)  626896K->306384K(1034240K), 0.0043333 secs]
251.670: Total time for which application threads were stopped: 0.0045129 seconds, Stopping threads took: 0.0000192 seconds
251.734: [GC (Allocation Failure)  626384K->307400K(1033728K), 0.0043810 secs]
251.738: Total time for which application threads were stopped: 0.0045598 seconds, Stopping threads took: 0.0000210 seconds
251.804: [GC (Allocation Failure)  627400K->314379K(1033728K), 0.0041529 secs]
251.809: Total time for which application threads were stopped: 0.0043102 seconds, Stopping threads took: 0.0000193 seconds
251.874: [GC (Allocation Failure)  633867K->314379K(1033728K), 0.0043458 secs]
251.878: Total time for which application threads were stopped: 0.0045086 seconds, Stopping threads took: 0.0000192 seconds
251.944: [GC (Allocation Failure)  633867K->315115K(1033728K), 0.0043497 secs]
251.948: Total time for which application threads were stopped: 0.0045275 seconds, Stopping threads took: 0.0000189 seconds
252.014: [GC (Allocation Failure)  634603K->322445K(1033728K), 0.0042483 secs]
252.019: Total time for which application threads were stopped: 0.0044455 seconds, Stopping threads took: 0.0000239 seconds
252.087: [GC (Allocation Failure)  641933K->322413K(1033728K), 0.0042274 secs]
252.091: Total time for which application threads were stopped: 0.0043901 seconds, Stopping threads took: 0.0000195 seconds
252.155: [GC (Allocation Failure)  641901K->324397K(1033728K), 0.0046582 secs]
252.160: Total time for which application threads were stopped: 0.0048210 seconds, Stopping threads took: 0.0000193 seconds
252.226: [GC (Allocation Failure)  643885K->330479K(1033216K), 0.0044211 secs]
252.231: Total time for which application threads were stopped: 0.0045844 seconds, Stopping threads took: 0.0000200 seconds
252.298: [GC (Allocation Failure)  649967K->330447K(1033728K), 0.0042828 secs]
252.302: Total time for which application threads were stopped: 0.0044512 seconds, Stopping threads took: 0.0000196 seconds
252.367: [GC (Allocation Failure)  649935K->331591K(1034240K), 0.0043137 secs]
252.372: Total time for which application threads were stopped: 0.0045214 seconds, Stopping threads took: 0.0000203 seconds
252.441: [GC (Allocation Failure)  652103K->338505K(1028096K), 0.0045004 secs]
252.445: Total time for which application threads were stopped: 0.0046604 seconds, Stopping threads took: 0.0000189 seconds
252.514: [GC (Allocation Failure)  659017K->338473K(1033728K), 0.0044497 secs]
252.519: Total time for which application threads were stopped: 0.0046266 seconds, Stopping threads took: 0.0000193 seconds
252.586: [GC (Allocation Failure)  657961K->338793K(1033728K), 0.0043927 secs]
252.590: Total time for which application threads were stopped: 0.0045550 seconds, Stopping threads took: 0.0000203 seconds
252.657: [GC (Allocation Failure)  658281K->346540K(1033728K), 0.0042940 secs]
252.662: Total time for which application threads were stopped: 0.0044656 seconds, Stopping threads took: 0.0000279 seconds
252.727: [GC (Allocation Failure)  666028K->346508K(1033728K), 0.0042510 secs]
252.731: Total time for which application threads were stopped: 0.0044173 seconds, Stopping threads took: 0.0000192 seconds
252.798: [GC (Allocation Failure)  665996K->348076K(1033728K), 0.0043789 secs]
252.802: Total time for which application threads were stopped: 0.0045399 seconds, Stopping threads took: 0.0000199 seconds
252.869: [GC (Allocation Failure)  667564K->354574K(1033728K), 0.0043614 secs]
252.874: Total time for which application threads were stopped: 0.0045316 seconds, Stopping threads took: 0.0000194 seconds
252.940: [GC (Allocation Failure)  674062K->354542K(1033728K), 0.0044528 secs]
252.944: Total time for which application threads were stopped: 0.0046233 seconds, Stopping threads took: 0.0000198 seconds
253.011: [GC (Allocation Failure)  674030K->355238K(1033728K), 0.0045594 secs]
253.015: Total time for which application threads were stopped: 0.0047728 seconds, Stopping threads took: 0.0000452 seconds
253.083: [GC (Allocation Failure)  674726K->362600K(1033728K), 0.0043917 secs]
253.087: Total time for which application threads were stopped: 0.0045498 seconds, Stopping threads took: 0.0000163 seconds
253.155: [GC (Allocation Failure)  682088K->362600K(1033728K), 0.0043780 secs]
253.159: Total time for which application threads were stopped: 0.0045596 seconds, Stopping threads took: 0.0000201 seconds
253.228: [GC (Allocation Failure)  682088K->363496K(1033728K), 0.0045588 secs]
253.233: Total time for which application threads were stopped: 0.0047327 seconds, Stopping threads took: 0.0000211 seconds
253.298: [GC (Allocation Failure)  682984K->370602K(1033728K), 0.0069470 secs]
253.305: Total time for which application threads were stopped: 0.0071363 seconds, Stopping threads took: 0.0000207 seconds
253.373: [GC (Allocation Failure)  690090K->370602K(1033728K), 0.0045432 secs]
253.378: Total time for which application threads were stopped: 0.0047144 seconds, Stopping threads took: 0.0000194 seconds
253.444: [GC (Allocation Failure)  690090K->370666K(1033728K), 0.0044174 secs]
253.449: Total time for which application threads were stopped: 0.0046064 seconds, Stopping threads took: 0.0000237 seconds
253.516: [GC (Allocation Failure)  690154K->378637K(1033728K), 0.0042552 secs]
253.521: Total time for which application threads were stopped: 0.0044286 seconds, Stopping threads took: 0.0000207 seconds
253.587: [GC (Allocation Failure)  698125K->378669K(1033728K), 0.0043770 secs]
253.591: Total time for which application threads were stopped: 0.0045852 seconds, Stopping threads took: 0.0000199 seconds
253.660: [GC (Allocation Failure)  698157K->378957K(1033728K), 0.0044800 secs]
253.664: Total time for which application threads were stopped: 0.0046389 seconds, Stopping threads took: 0.0000189 seconds
253.732: [GC (Allocation Failure)  698445K->386703K(1027072K), 0.0043842 secs]
253.737: Total time for which application threads were stopped: 0.0045554 seconds, Stopping threads took: 0.0000278 seconds
253.802: [GC (Allocation Failure)  706191K->386671K(1033216K), 0.0046236 secs]
253.807: Total time for which application threads were stopped: 0.0047867 seconds, Stopping threads took: 0.0000192 seconds
253.874: [GC (Allocation Failure)  705135K->387175K(1033216K), 0.0046785 secs]
253.879: Total time for which application threads were stopped: 0.0048827 seconds, Stopping threads took: 0.0000221 seconds
253.947: [GC (Allocation Failure)  705639K->394697K(1033216K), 0.0044646 secs]
253.951: Total time for which application threads were stopped: 0.0046271 seconds, Stopping threads took: 0.0000195 seconds
254.018: [GC (Allocation Failure)  713161K->394729K(1033216K), 0.0043928 secs]
254.023: Total time for which application threads were stopped: 0.0045551 seconds, Stopping threads took: 0.0000191 seconds
254.087: [GC (Allocation Failure)  713193K->395401K(1033216K), 0.0044077 secs]
254.092: Total time for which application threads were stopped: 0.0045853 seconds, Stopping threads took: 0.0000201 seconds
254.159: [GC (Allocation Failure)  713865K->402731K(1033216K), 0.0043695 secs]
254.163: Total time for which application threads were stopped: 0.0045486 seconds, Stopping threads took: 0.0000281 seconds
254.228: [GC (Allocation Failure)  721195K->402699K(1033216K), 0.0045425 secs]
254.233: Total time for which application threads were stopped: 0.0047171 seconds, Stopping threads took: 0.0000201 seconds
254.301: [GC (Allocation Failure)  721163K->402891K(1033216K), 0.0044075 secs]
254.305: Total time for which application threads were stopped: 0.0045654 seconds, Stopping threads took: 0.0000162 seconds
254.371: [GC (Allocation Failure)  721355K->410766K(1033216K), 0.0045309 secs]
254.376: Total time for which application threads were stopped: 0.0047156 seconds, Stopping threads took: 0.0000174 seconds
254.443: [GC (Allocation Failure)  729230K->410766K(1033216K), 0.0045354 secs]
254.448: Total time for which application threads were stopped: 0.0047074 seconds, Stopping threads took: 0.0000206 seconds
254.513: [GC (Allocation Failure)  729230K->410822K(1033216K), 0.0044963 secs]
254.517: Total time for which application threads were stopped: 0.0046606 seconds, Stopping threads took: 0.0000205 seconds
254.585: [GC (Allocation Failure)  729286K->418824K(1033216K), 0.0043719 secs]
254.589: Total time for which application threads were stopped: 0.0045328 seconds, Stopping threads took: 0.0000195 seconds
254.655: [GC (Allocation Failure)  737288K->418760K(1033216K), 0.0060008 secs]
254.661: Total time for which application threads were stopped: 0.0061783 seconds, Stopping threads took: 0.0000278 seconds
254.727: [GC (Allocation Failure)  737224K->419048K(1033216K), 0.0044820 secs]
254.731: Total time for which application threads were stopped: 0.0046431 seconds, Stopping threads took: 0.0000201 seconds
254.798: [GC (Allocation Failure)  737512K->426826K(1033216K), 0.0044803 secs]
254.803: Total time for which application threads were stopped: 0.0046515 seconds, Stopping threads took: 0.0000275 seconds
254.870: [GC (Allocation Failure)  745290K->426858K(1033216K), 0.0044145 secs]
254.874: Total time for which application threads were stopped: 0.0046055 seconds, Stopping threads took: 0.0000197 seconds
254.940: [GC (Allocation Failure)  745322K->427274K(1033216K), 0.0046092 secs]
254.945: Total time for which application threads were stopped: 0.0047730 seconds, Stopping threads took: 0.0000196 seconds
255.012: [GC (Allocation Failure)  745738K->434829K(1033216K), 0.0043148 secs]
255.016: Total time for which application threads were stopped: 0.0045110 seconds, Stopping threads took: 0.0000197 seconds
255.084: [GC (Allocation Failure)  753293K->434861K(1033216K), 0.0044032 secs]
255.088: Total time for which application threads were stopped: 0.0045682 seconds, Stopping threads took: 0.0000250 seconds
255.155: [GC (Allocation Failure)  753325K->435013K(1033216K), 0.0046278 secs]
255.159: Total time for which application threads were stopped: 0.0047895 seconds, Stopping threads took: 0.0000195 seconds
255.225: [GC (Allocation Failure)  753477K->442887K(1033216K), 0.0045371 secs]
255.229: Total time for which application threads were stopped: 0.0047174 seconds, Stopping threads took: 0.0000284 seconds
255.294: [GC (Allocation Failure)  761351K->438981K(1033216K), 0.0033632 secs]
255.298: Total time for which application threads were stopped: 0.0035438 seconds, Stopping threads took: 0.0000208 seconds
255.366: [GC (Allocation Failure)  757445K->442975K(1034752K), 0.0053201 secs]
255.371: Total time for which application threads were stopped: 0.0054957 seconds, Stopping threads took: 0.0000195 seconds
255.439: [GC (Allocation Failure)  763487K->447039K(1033728K), 0.0045973 secs]
255.443: Total time for which application threads were stopped: 0.0047958 seconds, Stopping threads took: 0.0000204 seconds
255.511: [GC (Allocation Failure)  767551K->439229K(1034240K), 0.0014445 secs]
255.513: Total time for which application threads were stopped: 0.0015627 seconds, Stopping threads took: 0.0000190 seconds
255.582: [GC (Allocation Failure)  759741K->447071K(1034240K), 0.0045794 secs]
255.587: Total time for which application threads were stopped: 0.0047358 seconds, Stopping threads took: 0.0000161 seconds
255.655: [GC (Allocation Failure)  767583K->451183K(1033216K), 0.0059113 secs]
255.661: Total time for which application threads were stopped: 0.0060800 seconds, Stopping threads took: 0.0000198 seconds
255.728: [GC (Allocation Failure)  770671K->456877K(1032704K), 0.0099135 secs]
255.738: Total time for which application threads were stopped: 0.0100818 seconds, Stopping threads took: 0.0000255 seconds
255.805: [GC (Allocation Failure)  776365K->451407K(1031680K), 0.0046638 secs]
255.809: Total time for which application threads were stopped: 0.0048572 seconds, Stopping threads took: 0.0000191 seconds
255.877: [GC (Allocation Failure)  767823K->451151K(1032192K), 0.0047377 secs]
255.881: Total time for which application threads were stopped: 0.0049189 seconds, Stopping threads took: 0.0000173 seconds
255.947: [GC (Allocation Failure)  767567K->445773K(1032704K), 0.0031104 secs]
255.951: Total time for which application threads were stopped: 0.0032933 seconds, Stopping threads took: 0.0000189 seconds
256.018: [GC (Allocation Failure)  763213K->451343K(1032704K), 0.0047145 secs]
256.023: Total time for which application threads were stopped: 0.0048790 seconds, Stopping threads took: 0.0000203 seconds
256.091: [GC (Allocation Failure)  768783K->451151K(1033216K), 0.0044820 secs]
256.096: Total time for which application threads were stopped: 0.0046623 seconds, Stopping threads took: 0.0000291 seconds
256.162: [GC (Allocation Failure)  769103K->451495K(1032704K), 0.0045769 secs]
256.167: Total time for which application threads were stopped: 0.0047794 seconds, Stopping threads took: 0.0000190 seconds
256.235: [GC (Allocation Failure)  769447K->459337K(1033216K), 0.0045263 secs]
256.239: Total time for which application threads were stopped: 0.0046915 seconds, Stopping threads took: 0.0000212 seconds
256.306: [GC (Allocation Failure)  777801K->459209K(1033216K), 0.0043827 secs]
256.311: Total time for which application threads were stopped: 0.0045530 seconds, Stopping threads took: 0.0000195 seconds
256.378: [GC (Allocation Failure)  777673K->463305K(1033728K), 0.0055711 secs]
256.384: Total time for which application threads were stopped: 0.0057547 seconds, Stopping threads took: 0.0000197 seconds
256.451: [GC (Allocation Failure)  782281K->467275K(1033216K), 0.0061934 secs]
256.457: Total time for which application threads were stopped: 0.0063961 seconds, Stopping threads took: 0.0000206 seconds
256.524: [GC (Allocation Failure)  786251K->467243K(1034240K), 0.0043790 secs]
256.528: Total time for which application threads were stopped: 0.0045448 seconds, Stopping threads took: 0.0000200 seconds
256.596: [GC (Allocation Failure)  787243K->469995K(1033728K), 0.0050336 secs]
256.601: Total time for which application threads were stopped: 0.0052042 seconds, Stopping threads took: 0.0000279 seconds
256.669: [GC (Allocation Failure)  789995K->475246K(1034240K), 0.0045203 secs]
256.673: Total time for which application threads were stopped: 0.0046853 seconds, Stopping threads took: 0.0000207 seconds
256.740: [GC (Allocation Failure)  795758K->475214K(1034240K), 0.0044844 secs]
256.745: Total time for which application threads were stopped: 0.0046481 seconds, Stopping threads took: 0.0000198 seconds
256.812: [GC (Allocation Failure)  795726K->475694K(1034240K), 0.0046465 secs]
256.816: Total time for which application threads were stopped: 0.0048036 seconds, Stopping threads took: 0.0000194 seconds
256.886: [GC (Allocation Failure)  796206K->483344K(1034240K), 0.0046907 secs]
256.891: Total time for which application threads were stopped: 0.0048511 seconds, Stopping threads took: 0.0000192 seconds
256.958: [GC (Allocation Failure)  803856K->483248K(1034240K), 0.0044446 secs]
256.963: Total time for which application threads were stopped: 0.0045972 seconds, Stopping threads took: 0.0000253 seconds
257.030: [GC (Allocation Failure)  803760K->485960K(1034240K), 0.0048229 secs]
257.035: Total time for which application threads were stopped: 0.0049787 seconds, Stopping threads took: 0.0000249 seconds
257.103: [GC (Allocation Failure)  806472K->491338K(1034240K), 0.0045848 secs]
257.108: Total time for which application threads were stopped: 0.0047483 seconds, Stopping threads took: 0.0000197 seconds
257.175: [GC (Allocation Failure)  811850K->491338K(1034240K), 0.0052974 secs]
257.181: Total time for which application threads were stopped: 0.0054701 seconds, Stopping threads took: 0.0000197 seconds
257.248: [GC (Allocation Failure)  811850K->492138K(1033728K), 0.0044940 secs]
257.253: Total time for which application threads were stopped: 0.0046888 seconds, Stopping threads took: 0.0000193 seconds
257.323: [GC (Allocation Failure)  812650K->499436K(1034240K), 0.0051469 secs]
257.328: Total time for which application threads were stopped: 0.0053525 seconds, Stopping threads took: 0.0000273 seconds
257.396: [GC (Allocation Failure)  819948K->499372K(1034240K), 0.0047686 secs]
257.401: Total time for which application threads were stopped: 0.0049367 seconds, Stopping threads took: 0.0000190 seconds
257.470: [GC (Allocation Failure)  819884K->502412K(1034240K), 0.0051922 secs]
257.475: Total time for which application threads were stopped: 0.0053532 seconds, Stopping threads took: 0.0000193 seconds
257.543: [GC (Allocation Failure)  822924K->507439K(1034752K), 0.0043929 secs]
257.548: Total time for which application threads were stopped: 0.0045547 seconds, Stopping threads took: 0.0000194 seconds
257.616: [GC (Allocation Failure)  828975K->507375K(1034752K), 0.0046265 secs]
257.621: Total time for which application threads were stopped: 0.0047922 seconds, Stopping threads took: 0.0000213 seconds
257.686: [GC (Allocation Failure)  828911K->510695K(1034752K), 0.0053975 secs]
257.691: Total time for which application threads were stopped: 0.0055682 seconds, Stopping threads took: 0.0000200 seconds
257.760: [GC (Allocation Failure)  832231K->515401K(1034752K), 0.0048522 secs]
257.765: Total time for which application threads were stopped: 0.0050211 seconds, Stopping threads took: 0.0000196 seconds
257.832: [GC (Allocation Failure)  836937K->515401K(1034752K), 0.0047681 secs]
257.836: Total time for which application threads were stopped: 0.0049448 seconds, Stopping threads took: 0.0000189 seconds
257.902: [GC (Allocation Failure)  836937K->515809K(1034752K), 0.0068204 secs]
257.909: Total time for which application threads were stopped: 0.0070220 seconds, Stopping threads took: 0.0000215 seconds
257.978: [GC (Allocation Failure)  837345K->523459K(1034752K), 0.0048320 secs]
257.983: Total time for which application threads were stopped: 0.0050039 seconds, Stopping threads took: 0.0000207 seconds
258.050: [GC (Allocation Failure)  844995K->523427K(1034752K), 0.0047481 secs]
258.055: Total time for which application threads were stopped: 0.0049185 seconds, Stopping threads took: 0.0000263 seconds
258.120: [GC (Allocation Failure)  844963K->525099K(1034752K), 0.0048235 secs]
258.125: Total time for which application threads were stopped: 0.0050011 seconds, Stopping threads took: 0.0000198 seconds
258.193: [GC (Allocation Failure)  846635K->531501K(1029120K), 0.0048222 secs]
258.198: Total time for which application threads were stopped: 0.0049909 seconds, Stopping threads took: 0.0000209 seconds
258.262: [GC (Allocation Failure)  853037K->531469K(1034752K), 0.0046227 secs]
258.266: Total time for which application threads were stopped: 0.0048154 seconds, Stopping threads took: 0.0000198 seconds
258.335: [GC (Allocation Failure)  852493K->533813K(1034240K), 0.0131268 secs]
258.348: Total time for which application threads were stopped: 0.0132816 seconds, Stopping threads took: 0.0000167 seconds
258.417: [GC (Allocation Failure)  854837K->539576K(1034752K), 0.0047572 secs]
258.422: Total time for which application threads were stopped: 0.0049479 seconds, Stopping threads took: 0.0000191 seconds
258.491: [GC (Allocation Failure)  861112K->539512K(1034752K), 0.0045056 secs]
258.495: Total time for which application threads were stopped: 0.0046736 seconds, Stopping threads took: 0.0000177 seconds
258.561: [GC (Allocation Failure)  861048K->542584K(1034752K), 0.0051340 secs]
258.566: Total time for which application threads were stopped: 0.0052940 seconds, Stopping threads took: 0.0000258 seconds
258.632: [GC (Allocation Failure)  864120K->547642K(1034752K), 0.0048332 secs]
258.637: Total time for which application threads were stopped: 0.0050230 seconds, Stopping threads took: 0.0000253 seconds
258.703: [GC (Allocation Failure)  869178K->547578K(1034752K), 0.0046814 secs]
258.707: Total time for which application threads were stopped: 0.0048595 seconds, Stopping threads took: 0.0000200 seconds
258.775: [GC (Allocation Failure)  869114K->547770K(1021440K), 0.0046745 secs]
258.779: Total time for which application threads were stopped: 0.0048358 seconds, Stopping threads took: 0.0000192 seconds
258.848: [GC (Allocation Failure)  869306K->555580K(1034240K), 0.0046466 secs]
258.853: Total time for which application threads were stopped: 0.0048182 seconds, Stopping threads took: 0.0000203 seconds
258.920: [GC (Allocation Failure)  876092K->555580K(1034240K), 0.0048045 secs]
258.925: Total time for which application threads were stopped: 0.0049785 seconds, Stopping threads took: 0.0000198 seconds
258.992: [GC (Allocation Failure)  876092K->558980K(1034752K), 0.0054529 secs]
258.997: Total time for which application threads were stopped: 0.0056194 seconds, Stopping threads took: 0.0000203 seconds
259.064: [GC (Allocation Failure)  880004K->563718K(1034240K), 0.0055509 secs]
259.070: Total time for which application threads were stopped: 0.0057298 seconds, Stopping threads took: 0.0000260 seconds
259.137: [GC (Allocation Failure)  884742K->563654K(1034752K), 0.0047206 secs]
259.142: Total time for which application threads were stopped: 0.0049008 seconds, Stopping threads took: 0.0000205 seconds
259.210: [GC (Allocation Failure)  885190K->567238K(1034752K), 0.0054222 secs]
259.215: Total time for which application threads were stopped: 0.0055805 seconds, Stopping threads took: 0.0000196 seconds
259.285: [GC (Allocation Failure)  888774K->571721K(1034752K), 0.0046529 secs]
259.290: Total time for which application threads were stopped: 0.0048507 seconds, Stopping threads took: 0.0000209 seconds
259.361: [GC (Allocation Failure)  893257K->571689K(1034752K), 0.0048566 secs]
259.366: Total time for which application threads were stopped: 0.0050262 seconds, Stopping threads took: 0.0000194 seconds
259.433: [GC (Allocation Failure)  893225K->572361K(1034752K), 0.0046748 secs]
259.438: Total time for which application threads were stopped: 0.0048379 seconds, Stopping threads took: 0.0000199 seconds
259.506: [GC (Allocation Failure)  893897K->579691K(1034752K), 0.0048783 secs]
259.511: Total time for which application threads were stopped: 0.0050432 seconds, Stopping threads took: 0.0000207 seconds
259.580: [GC (Allocation Failure)  901227K->579691K(1034752K), 0.0043596 secs]
259.584: Total time for which application threads were stopped: 0.0045354 seconds, Stopping threads took: 0.0000256 seconds
259.652: [GC (Allocation Failure)  901227K->581643K(1034752K), 0.0049190 secs]
259.657: Total time for which application threads were stopped: 0.0051356 seconds, Stopping threads took: 0.0000205 seconds
259.725: [GC (Allocation Failure)  903179K->587725K(1034752K), 0.0048936 secs]
259.730: Total time for which application threads were stopped: 0.0050835 seconds, Stopping threads took: 0.0000201 seconds
259.798: [GC (Allocation Failure)  909261K->587693K(1034752K), 0.0044749 secs]
259.803: Total time for which application threads were stopped: 0.0046883 seconds, Stopping threads took: 0.0000202 seconds
259.872: [GC (Allocation Failure)  909229K->590893K(1034752K), 0.0053517 secs]
259.878: Total time for which application threads were stopped: 0.0055297 seconds, Stopping threads took: 0.0000251 seconds
259.945: [GC (Allocation Failure)  912429K->595888K(1034752K), 0.0048942 secs]
259.950: Total time for which application threads were stopped: 0.0050851 seconds, Stopping threads took: 0.0000257 seconds
260.019: [GC (Allocation Failure)  917424K->595760K(1034752K), 0.0048284 secs]
260.024: Total time for which application threads were stopped: 0.0049980 seconds, Stopping threads took: 0.0000199 seconds
260.089: [GC (Allocation Failure)  917296K->596008K(1034752K), 0.0046954 secs]
260.094: Total time for which application threads were stopped: 0.0048584 seconds, Stopping threads took: 0.0000199 seconds
260.160: [GC (Allocation Failure)  917544K->603850K(1033728K), 0.0049033 secs]
260.165: Total time for which application threads were stopped: 0.0050659 seconds, Stopping threads took: 0.0000197 seconds
260.232: [GC (Allocation Failure)  924362K->603786K(1034240K), 0.0047629 secs]
260.237: Total time for which application threads were stopped: 0.0049430 seconds, Stopping threads took: 0.0000198 seconds
260.304: [GC (Allocation Failure)  924298K->607330K(1034752K), 0.0068979 secs]
260.311: Total time for which application threads were stopped: 0.0070599 seconds, Stopping threads took: 0.0000196 seconds
260.379: [GC (Allocation Failure)  928354K->611844K(1034240K), 0.0048930 secs]
260.384: Total time for which application threads were stopped: 0.0050716 seconds, Stopping threads took: 0.0000196 seconds
260.452: [GC (Allocation Failure)  932868K->611780K(1034752K), 0.0056344 secs]
260.457: Total time for which application threads were stopped: 0.0058105 seconds, Stopping threads took: 0.0000194 seconds
260.524: [GC (Allocation Failure)  933316K->615564K(1034752K), 0.0056010 secs]
260.530: Total time for which application threads were stopped: 0.0057804 seconds, Stopping threads took: 0.0000193 seconds
260.600: [GC (Allocation Failure)  937100K->619886K(1035264K), 0.0049457 secs]
260.605: Total time for which application threads were stopped: 0.0051128 seconds, Stopping threads took: 0.0000250 seconds
260.674: [GC (Allocation Failure)  942446K->619886K(1035264K), 0.0046729 secs]
260.679: Total time for which application threads were stopped: 0.0048434 seconds, Stopping threads took: 0.0000195 seconds
260.746: [GC (Allocation Failure)  942446K->622790K(1035264K), 0.0053710 secs]
260.751: Total time for which application threads were stopped: 0.0055218 seconds, Stopping threads took: 0.0000176 seconds
260.819: [GC (Allocation Failure)  945350K->627913K(1035264K), 0.0047214 secs]
260.824: Total time for which application threads were stopped: 0.0048910 seconds, Stopping threads took: 0.0000192 seconds
260.893: [GC (Allocation Failure)  950473K->627881K(1035264K), 0.0049024 secs]
260.898: Total time for which application threads were stopped: 0.0050812 seconds, Stopping threads took: 0.0000203 seconds
260.965: [GC (Allocation Failure)  950441K->631017K(1035264K), 0.0053732 secs]
260.970: Total time for which application threads were stopped: 0.0055342 seconds, Stopping threads took: 0.0000199 seconds
261.038: [GC (Allocation Failure)  953577K->636043K(1035264K), 0.0047555 secs]
261.043: Total time for which application threads were stopped: 0.0049255 seconds, Stopping threads took: 0.0000262 seconds
261.111: [GC (Allocation Failure)  958603K->635915K(1035264K), 0.0048893 secs]
261.116: Total time for which application threads were stopped: 0.0050811 seconds, Stopping threads took: 0.0000188 seconds
261.184: [GC (Allocation Failure)  958475K->639243K(1035264K), 0.0056062 secs]
261.190: Total time for which application threads were stopped: 0.0057714 seconds, Stopping threads took: 0.0000168 seconds
261.258: [GC (Allocation Failure)  961803K->643981K(1035264K), 0.0047675 secs]
261.263: Total time for which application threads were stopped: 0.0049490 seconds, Stopping threads took: 0.0000195 seconds
261.331: [GC (Allocation Failure)  966541K->643949K(1035264K), 0.0082214 secs]
261.339: Total time for which application threads were stopped: 0.0084052 seconds, Stopping threads took: 0.0000253 seconds
261.408: [GC (Allocation Failure)  966509K->647501K(1035264K), 0.0055565 secs]
261.414: Total time for which application threads were stopped: 0.0057353 seconds, Stopping threads took: 0.0000158 seconds
261.482: [GC (Allocation Failure)  970061K->651983K(1034752K), 0.0046552 secs]
261.487: Total time for which application threads were stopped: 0.0048138 seconds, Stopping threads took: 0.0000196 seconds
261.556: [GC (Allocation Failure)  974543K->651983K(1035264K), 0.0047496 secs]
261.560: Total time for which application threads were stopped: 0.0049193 seconds, Stopping threads took: 0.0000275 seconds
261.627: [GC (Allocation Failure)  974543K->655751K(1035776K), 0.0057386 secs]
261.633: Total time for which application threads were stopped: 0.0059001 seconds, Stopping threads took: 0.0000190 seconds
261.698: [GC (Allocation Failure)  979335K->660234K(1035776K), 0.0049395 secs]
261.703: Total time for which application threads were stopped: 0.0051050 seconds, Stopping threads took: 0.0000196 seconds
261.771: [GC (Allocation Failure)  983818K->660074K(1035776K), 0.0049389 secs]
261.776: Total time for which application threads were stopped: 0.0051100 seconds, Stopping threads took: 0.0000198 seconds
261.843: [GC (Allocation Failure)  983658K->658983K(1035776K), 0.0044824 secs]
261.848: Total time for which application threads were stopped: 0.0046479 seconds, Stopping threads took: 0.0000191 seconds
261.915: [GC (Allocation Failure)  982567K->660170K(1036288K), 0.0046992 secs]
261.920: Total time for which application threads were stopped: 0.0048586 seconds, Stopping threads took: 0.0000191 seconds
261.989: [GC (Allocation Failure)  984778K->660010K(1036288K), 0.0049576 secs]
261.994: Total time for which application threads were stopped: 0.0051293 seconds, Stopping threads took: 0.0000201 seconds
262.061: [GC (Allocation Failure)  984618K->652007K(1034240K), 0.0017988 secs]
262.063: Total time for which application threads were stopped: 0.0019122 seconds, Stopping threads took: 0.0000157 seconds
262.132: [GC (Allocation Failure)  974567K->660122K(1035264K), 0.0050040 secs]
262.137: Total time for which application threads were stopped: 0.0051864 seconds, Stopping threads took: 0.0000203 seconds
262.205: [GC (Allocation Failure)  982682K->664138K(1035776K), 0.0062158 secs]
262.211: Total time for which application threads were stopped: 0.0063781 seconds, Stopping threads took: 0.0000206 seconds
262.278: [GC (Allocation Failure)  987209K->660263K(1035264K), 0.0038518 secs]
262.282: Total time for which application threads were stopped: 0.0040198 seconds, Stopping threads took: 0.0000195 seconds
262.350: [GC (Allocation Failure)  983335K->664298K(1035776K), 0.0050105 secs]
262.355: Total time for which application threads were stopped: 0.0051724 seconds, Stopping threads took: 0.0000199 seconds
262.423: [GC (Allocation Failure)  987882K->668298K(1035776K), 0.0048533 secs]
262.428: Total time for which application threads were stopped: 0.0050140 seconds, Stopping threads took: 0.0000195 seconds
262.496: [GC (Allocation Failure)  991882K->668266K(1035776K), 0.0047137 secs]
262.501: Total time for which application threads were stopped: 0.0048762 seconds, Stopping threads took: 0.0000193 seconds
262.568: [GC (Allocation Failure)  991850K->668618K(1023488K), 0.0049993 secs]
262.573: Total time for which application threads were stopped: 0.0051679 seconds, Stopping threads took: 0.0000197 seconds
262.641: [GC (Allocation Failure)  992202K->676332K(1035264K), 0.0050100 secs]
262.646: Total time for which application threads were stopped: 0.0051701 seconds, Stopping threads took: 0.0000195 seconds
262.714: [GC (Allocation Failure)  998892K->676300K(1035264K), 0.0048851 secs]
262.719: Total time for which application threads were stopped: 0.0050521 seconds, Stopping threads took: 0.0000191 seconds
262.787: [GC (Allocation Failure)  998860K->676812K(1034240K), 0.0048893 secs]
262.792: Total time for which application threads were stopped: 0.0050543 seconds, Stopping threads took: 0.0000201 seconds
262.859: [GC (Allocation Failure)  998348K->684366K(1034752K), 0.0052248 secs]
262.864: Total time for which application threads were stopped: 0.0053974 seconds, Stopping threads took: 0.0000208 seconds
262.933: [GC (Allocation Failure)  1005902K->684366K(1034752K), 0.0047797 secs]
262.938: Total time for which application threads were stopped: 0.0049733 seconds, Stopping threads took: 0.0000196 seconds
263.004: [GC (Allocation Failure)  1005902K->684502K(1034752K), 0.0063784 secs]
263.011: [Full GC (Ergonomics)  684502K->8654K(1034752K), 0.0126724 secs]
263.024: Total time for which application threads were stopped: 0.0192933 seconds, Stopping threads took: 0.0000197 seconds
263.093: [GC (Allocation Failure)  330190K->17104K(1033728K), 0.0039802 secs]
263.097: Total time for which application threads were stopped: 0.0041505 seconds, Stopping threads took: 0.0000258 seconds
263.165: [GC (Allocation Failure)  337616K->17104K(1034240K), 0.0038695 secs]
263.169: Total time for which application threads were stopped: 0.0040365 seconds, Stopping threads took: 0.0000200 seconds
263.236: [GC (Allocation Failure)  337616K->17224K(1034240K), 0.0035778 secs]
263.240: Total time for which application threads were stopped: 0.0037500 seconds, Stopping threads took: 0.0000199 seconds
263.307: [GC (Allocation Failure)  337736K->25162K(1034240K), 0.0037520 secs]
263.311: Total time for which application threads were stopped: 0.0039165 seconds, Stopping threads took: 0.0000201 seconds
263.378: [GC (Allocation Failure)  345674K->25130K(1034240K), 0.0036906 secs]
263.382: Total time for which application threads were stopped: 0.0038735 seconds, Stopping threads took: 0.0000165 seconds
263.450: [GC (Allocation Failure)  345642K->25194K(1020416K), 0.0037471 secs]
263.454: Total time for which application threads were stopped: 0.0039095 seconds, Stopping threads took: 0.0000190 seconds
263.523: [GC (Allocation Failure)  345706K->33164K(1033728K), 0.0036328 secs]
263.527: Total time for which application threads were stopped: 0.0037969 seconds, Stopping threads took: 0.0000171 seconds
263.596: [GC (Allocation Failure)  352652K->33132K(1033728K), 0.0036310 secs]
263.600: Total time for which application threads were stopped: 0.0038015 seconds, Stopping threads took: 0.0000271 seconds
263.665: [GC (Allocation Failure)  352620K->33412K(1033728K), 0.0037581 secs]
263.669: Total time for which application threads were stopped: 0.0039533 seconds, Stopping threads took: 0.0000203 seconds
263.738: [GC (Allocation Failure)  352900K->41223K(1033728K), 0.0037236 secs]
263.742: Total time for which application threads were stopped: 0.0038724 seconds, Stopping threads took: 0.0000166 seconds
263.810: [GC (Allocation Failure)  360711K->41191K(1033728K), 0.0035954 secs]
263.813: Total time for which application threads were stopped: 0.0037652 seconds, Stopping threads took: 0.0000188 seconds
263.880: [GC (Allocation Failure)  360679K->41415K(1033728K), 0.0038215 secs]
263.884: Total time for which application threads were stopped: 0.0039880 seconds, Stopping threads took: 0.0000271 seconds
263.951: [GC (Allocation Failure)  360903K->49225K(1032704K), 0.0038336 secs]
263.955: Total time for which application threads were stopped: 0.0040111 seconds, Stopping threads took: 0.0000273 seconds
264.024: [GC (Allocation Failure)  367689K->45287K(1033216K), 0.0026298 secs]
264.027: Total time for which application threads were stopped: 0.0027903 seconds, Stopping threads took: 0.0000190 seconds
264.096: [GC (Allocation Failure)  363751K->49385K(1034752K), 0.0037041 secs]
264.099: Total time for which application threads were stopped: 0.0038762 seconds, Stopping threads took: 0.0000188 seconds
264.169: [GC (Allocation Failure)  370409K->53385K(1034240K), 0.0037972 secs]
264.172: Total time for which application threads were stopped: 0.0039824 seconds, Stopping threads took: 0.0000171 seconds
264.240: [GC (Allocation Failure)  374409K->46535K(1034752K), 0.0009650 secs]
264.241: Total time for which application threads were stopped: 0.0010762 seconds, Stopping threads took: 0.0000168 seconds
264.310: [GC (Allocation Failure)  368071K->53449K(1034752K), 0.0035737 secs]
264.313: Total time for which application threads were stopped: 0.0037468 seconds, Stopping threads took: 0.0000199 seconds
264.382: [GC (Allocation Failure)  374985K->57497K(1034752K), 0.0046640 secs]
264.387: Total time for which application threads were stopped: 0.0048740 seconds, Stopping threads took: 0.0000202 seconds
264.455: [GC (Allocation Failure)  379033K->51959K(1034752K), 0.0014346 secs]
264.456: Total time for which application threads were stopped: 0.0015679 seconds, Stopping threads took: 0.0000196 seconds
264.525: [GC (Allocation Failure)  373495K->57769K(1035776K), 0.0038995 secs]
264.529: Total time for which application threads were stopped: 0.0042209 seconds, Stopping threads took: 0.0000190 seconds
264.597: [GC (Allocation Failure)  380329K->61641K(1034752K), 0.0038848 secs]
264.601: Total time for which application threads were stopped: 0.0040621 seconds, Stopping threads took: 0.0000280 seconds
264.669: [GC (Allocation Failure)  384201K->57767K(1035776K), 0.0024342 secs]
264.671: Total time for which application threads were stopped: 0.0026067 seconds, Stopping threads took: 0.0000193 seconds
264.738: [GC (Allocation Failure)  380839K->61801K(1035264K), 0.0039209 secs]
264.742: Total time for which application threads were stopped: 0.0040906 seconds, Stopping threads took: 0.0000190 seconds
264.812: [GC (Allocation Failure)  384873K->65801K(1035264K), 0.0036497 secs]
264.816: Total time for which application threads were stopped: 0.0038217 seconds, Stopping threads took: 0.0000196 seconds
264.883: [GC (Allocation Failure)  389385K->65801K(1035776K), 0.0034546 secs]
264.887: Total time for which application threads were stopped: 0.0036129 seconds, Stopping threads took: 0.0000188 seconds
264.953: [GC (Allocation Failure)  389385K->65833K(1034752K), 0.0065856 secs]
264.959: Total time for which application threads were stopped: 0.0067889 seconds, Stopping threads took: 0.0000211 seconds
265.027: [GC (Allocation Failure)  388393K->73835K(1035264K), 0.0040507 secs]
265.032: Total time for which application threads were stopped: 0.0042240 seconds, Stopping threads took: 0.0000210 seconds
265.098: [GC (Allocation Failure)  396395K->73835K(1034240K), 0.0037513 secs]
265.102: Total time for which application threads were stopped: 0.0039462 seconds, Stopping threads took: 0.0000190 seconds
265.170: [GC (Allocation Failure)  395371K->73867K(1034752K), 0.0037915 secs]
265.174: Total time for which application threads were stopped: 0.0039408 seconds, Stopping threads took: 0.0000166 seconds
265.242: [GC (Allocation Failure)  395403K->81837K(1034752K), 0.0039105 secs]
265.246: Total time for which application threads were stopped: 0.0040974 seconds, Stopping threads took: 0.0000202 seconds
265.313: [GC (Allocation Failure)  403373K->81805K(1029120K), 0.0068459 secs]
265.320: Total time for which application threads were stopped: 0.0070050 seconds, Stopping threads took: 0.0000204 seconds
265.388: [GC (Allocation Failure)  403341K->82085K(1034240K), 0.0038302 secs]
265.392: Total time for which application threads were stopped: 0.0039906 seconds, Stopping threads took: 0.0000196 seconds
265.460: [GC (Allocation Failure)  402597K->89896K(1034240K), 0.0035901 secs]
265.464: Total time for which application threads were stopped: 0.0037877 seconds, Stopping threads took: 0.0000206 seconds
265.533: [GC (Allocation Failure)  410408K->89896K(1034240K), 0.0039347 secs]
265.537: Total time for which application threads were stopped: 0.0040826 seconds, Stopping threads took: 0.0000168 seconds
265.606: [GC (Allocation Failure)  410408K->90280K(1020416K), 0.0036806 secs]
265.609: Total time for which application threads were stopped: 0.0038673 seconds, Stopping threads took: 0.0000247 seconds
265.677: [GC (Allocation Failure)  410792K->97898K(1033728K), 0.0040009 secs]
265.681: Total time for which application threads were stopped: 0.0041616 seconds, Stopping threads took: 0.0000195 seconds
265.747: [GC (Allocation Failure)  417386K->97898K(1033728K), 0.0037640 secs]
265.751: Total time for which application threads were stopped: 0.0039299 seconds, Stopping threads took: 0.0000197 seconds
265.818: [GC (Allocation Failure)  417386K->98058K(1033728K), 0.0038160 secs]
265.822: Total time for which application threads were stopped: 0.0039893 seconds, Stopping threads took: 0.0000245 seconds
265.891: [GC (Allocation Failure)  417546K->105964K(1033728K), 0.0037578 secs]
265.895: Total time for which application threads were stopped: 0.0039257 seconds, Stopping threads took: 0.0000197 seconds
265.962: [GC (Allocation Failure)  425452K->105964K(1033728K), 0.0036959 secs]
265.966: Total time for which application threads were stopped: 0.0038547 seconds, Stopping threads took: 0.0000188 seconds
266.033: [GC (Allocation Failure)  425452K->105996K(1033728K), 0.0045706 secs]
266.038: Total time for which application threads were stopped: 0.0047391 seconds, Stopping threads took: 0.0000186 seconds
266.105: [GC (Allocation Failure)  425484K->113966K(1032704K), 0.0040317 secs]
266.109: Total time for which application threads were stopped: 0.0041902 seconds, Stopping threads took: 0.0000192 seconds
266.176: [GC (Allocation Failure)  432430K->108460K(1033216K), 0.0017627 secs]
266.178: Total time for which application threads were stopped: 0.0019002 seconds, Stopping threads took: 0.0000197 seconds
266.245: [GC (Allocation Failure)  426924K->114254K(1034752K), 0.0045889 secs]
266.250: Total time for which application threads were stopped: 0.0047712 seconds, Stopping threads took: 0.0000278 seconds
266.319: [GC (Allocation Failure)  434766K->118134K(1033728K), 0.0039053 secs]
266.323: Total time for which application threads were stopped: 0.0040820 seconds, Stopping threads took: 0.0000238 seconds
266.391: [GC (Allocation Failure)  438646K->125004K(1029120K), 0.0067618 secs]
266.398: Total time for which application threads were stopped: 0.0069204 seconds, Stopping threads took: 0.0000191 seconds
266.466: [GC (Allocation Failure)  440396K->118926K(1031680K), 0.0045603 secs]
266.471: Total time for which application threads were stopped: 0.0047207 seconds, Stopping threads took: 0.0000188 seconds
266.537: [GC (Allocation Failure)  434318K->118734K(1032704K), 0.0039111 secs]
266.541: Total time for which application threads were stopped: 0.0040711 seconds, Stopping threads took: 0.0000186 seconds
266.606: [GC (Allocation Failure)  435662K->122150K(1032192K), 0.0044803 secs]
266.611: Total time for which application threads were stopped: 0.0046427 seconds, Stopping threads took: 0.0000164 seconds
266.678: [GC (Allocation Failure)  439078K->126889K(1033216K), 0.0039747 secs]
266.682: Total time for which application threads were stopped: 0.0041691 seconds, Stopping threads took: 0.0000202 seconds
266.750: [GC (Allocation Failure)  444841K->126793K(1032704K), 0.0037834 secs]
266.754: Total time for which application threads were stopped: 0.0039650 seconds, Stopping threads took: 0.0000168 seconds
266.821: [GC (Allocation Failure)  444745K->127785K(1033216K), 0.0038889 secs]
266.825: Total time for which application threads were stopped: 0.0040747 seconds, Stopping threads took: 0.0000204 seconds
266.896: [GC (Allocation Failure)  446249K->134827K(1033216K), 0.0039459 secs]
266.900: Total time for which application threads were stopped: 0.0041102 seconds, Stopping threads took: 0.0000207 seconds
266.967: [GC (Allocation Failure)  453291K->134763K(1033728K), 0.0045666 secs]
266.971: Total time for which application threads were stopped: 0.0047269 seconds, Stopping threads took: 0.0000198 seconds
267.037: [GC (Allocation Failure)  453739K->136459K(1033216K), 0.0041230 secs]
267.041: Total time for which application threads were stopped: 0.0042852 seconds, Stopping threads took: 0.0000190 seconds
267.108: [GC (Allocation Failure)  455435K->142893K(1033728K), 0.0040666 secs]
267.112: Total time for which application threads were stopped: 0.0042366 seconds, Stopping threads took: 0.0000194 seconds
267.182: [GC (Allocation Failure)  462381K->142829K(1033728K), 0.0039808 secs]
267.186: Total time for which application threads were stopped: 0.0041448 seconds, Stopping threads took: 0.0000186 seconds
267.252: [GC (Allocation Failure)  462317K->143173K(1033728K), 0.0042168 secs]
267.256: Total time for which application threads were stopped: 0.0043785 seconds, Stopping threads took: 0.0000185 seconds
267.325: [GC (Allocation Failure)  462661K->150888K(1033728K), 0.0040687 secs]
267.329: Total time for which application threads were stopped: 0.0042433 seconds, Stopping threads took: 0.0000284 seconds
267.397: [GC (Allocation Failure)  470376K->150888K(1033728K), 0.0038097 secs]
267.400: Total time for which application threads were stopped: 0.0039821 seconds, Stopping threads took: 0.0000196 seconds
267.468: [GC (Allocation Failure)  470376K->154472K(1033728K), 0.0045715 secs]
267.472: Total time for which application threads were stopped: 0.0047365 seconds, Stopping threads took: 0.0000202 seconds
267.540: [GC (Allocation Failure)  473960K->158954K(1034240K), 0.0042777 secs]
267.544: Total time for which application threads were stopped: 0.0044379 seconds, Stopping threads took: 0.0000203 seconds
267.611: [GC (Allocation Failure)  479466K->158890K(1034240K), 0.0038285 secs]
267.615: Total time for which application threads were stopped: 0.0039954 seconds, Stopping threads took: 0.0000194 seconds
267.681: [GC (Allocation Failure)  479402K->159658K(1034240K), 0.0039936 secs]
267.685: Total time for which application threads were stopped: 0.0041585 seconds, Stopping threads took: 0.0000188 seconds
267.753: [GC (Allocation Failure)  480170K->166956K(1034240K), 0.0039109 secs]
267.757: Total time for which application threads were stopped: 0.0040790 seconds, Stopping threads took: 0.0000195 seconds
267.824: [GC (Allocation Failure)  487468K->166924K(1034240K), 0.0037785 secs]
267.828: Total time for which application threads were stopped: 0.0039492 seconds, Stopping threads took: 0.0000192 seconds
267.894: [GC (Allocation Failure)  487436K->167916K(1034240K), 0.0040568 secs]
267.899: Total time for which application threads were stopped: 0.0042357 seconds, Stopping threads took: 0.0000196 seconds
267.966: [GC (Allocation Failure)  488428K->174926K(1034240K), 0.0041233 secs]
267.970: Total time for which application threads were stopped: 0.0042836 seconds, Stopping threads took: 0.0000186 seconds
268.038: [GC (Allocation Failure)  495438K->174926K(1034240K), 0.0046844 secs]
268.042: Total time for which application threads were stopped: 0.0048750 seconds, Stopping threads took: 0.0000190 seconds
268.109: [GC (Allocation Failure)  495438K->176142K(1034240K), 0.0042082 secs]
268.114: Total time for which application threads were stopped: 0.0043705 seconds, Stopping threads took: 0.0000194 seconds
268.181: [GC (Allocation Failure)  496654K->183025K(1034240K), 0.0041683 secs]
268.185: Total time for which application threads were stopped: 0.0043652 seconds, Stopping threads took: 0.0000204 seconds
268.254: [GC (Allocation Failure)  503537K->183025K(1034240K), 0.0040640 secs]
268.258: Total time for which application threads were stopped: 0.0042145 seconds, Stopping threads took: 0.0000166 seconds
268.325: [GC (Allocation Failure)  503537K->183313K(1020416K), 0.0050982 secs]
268.330: Total time for which application threads were stopped: 0.0052626 seconds, Stopping threads took: 0.0000205 seconds
268.399: [GC (Allocation Failure)  503825K->191091K(1033728K), 0.0041234 secs]
268.403: Total time for which application threads were stopped: 0.0043194 seconds, Stopping threads took: 0.0000197 seconds
268.470: [GC (Allocation Failure)  510579K->191027K(1033728K), 0.0039987 secs]
268.474: Total time for which application threads were stopped: 0.0041956 seconds, Stopping threads took: 0.0000203 seconds
268.541: [GC (Allocation Failure)  510515K->191563K(1033728K), 0.0042880 secs]
268.545: Total time for which application threads were stopped: 0.0044546 seconds, Stopping threads took: 0.0000202 seconds
268.612: [GC (Allocation Failure)  511051K->199117K(1033728K), 0.0041537 secs]
268.616: Total time for which application threads were stopped: 0.0043209 seconds, Stopping threads took: 0.0000281 seconds
268.682: [GC (Allocation Failure)  518605K->199053K(1033728K), 0.0040759 secs]
268.686: Total time for which application threads were stopped: 0.0042340 seconds, Stopping threads took: 0.0000195 seconds
268.752: [GC (Allocation Failure)  518541K->199789K(1033728K), 0.0039896 secs]
268.756: Total time for which application threads were stopped: 0.0041560 seconds, Stopping threads took: 0.0000190 seconds
268.824: [GC (Allocation Failure)  519277K->207119K(1033728K), 0.0041016 secs]
268.828: Total time for which application threads were stopped: 0.0042680 seconds, Stopping threads took: 0.0000188 seconds
268.894: [GC (Allocation Failure)  526607K->207087K(1033728K), 0.0041232 secs]
268.899: Total time for which application threads were stopped: 0.0043014 seconds, Stopping threads took: 0.0000195 seconds
268.966: [GC (Allocation Failure)  526575K->209095K(1033728K), 0.0041952 secs]
268.970: Total time for which application threads were stopped: 0.0043562 seconds, Stopping threads took: 0.0000193 seconds
269.038: [GC (Allocation Failure)  528583K->215146K(1033728K), 0.0039265 secs]
269.042: Total time for which application threads were stopped: 0.0040911 seconds, Stopping threads took: 0.0000199 seconds
269.109: [GC (Allocation Failure)  534634K->215114K(1033728K), 0.0039289 secs]
269.113: Total time for which application threads were stopped: 0.0041043 seconds, Stopping threads took: 0.0000196 seconds
269.180: [GC (Allocation Failure)  534602K->216266K(1033728K), 0.0041119 secs]
269.185: Total time for which application threads were stopped: 0.0043043 seconds, Stopping threads took: 0.0000198 seconds
269.253: [GC (Allocation Failure)  535754K->223212K(1033728K), 0.0041715 secs]
269.257: Total time for which application threads were stopped: 0.0043435 seconds, Stopping threads took: 0.0000197 seconds
269.326: [GC (Allocation Failure)  542700K->223148K(1033728K), 0.0048116 secs]
269.331: Total time for which application threads were stopped: 0.0049790 seconds, Stopping threads took: 0.0000192 seconds
269.397: [GC (Allocation Failure)  542636K->223468K(1033728K), 0.0041243 secs]
269.402: Total time for which application threads were stopped: 0.0042949 seconds, Stopping threads took: 0.0000197 seconds
269.469: [GC (Allocation Failure)  542956K->231214K(1033728K), 0.0041129 secs]
269.473: Total time for which application threads were stopped: 0.0042735 seconds, Stopping threads took: 0.0000195 seconds
269.539: [GC (Allocation Failure)  550702K->231150K(1033728K), 0.0040348 secs]
269.544: Total time for which application threads were stopped: 0.0042034 seconds, Stopping threads took: 0.0000197 seconds
269.610: [GC (Allocation Failure)  550638K->231718K(1033728K), 0.0041656 secs]
269.614: Total time for which application threads were stopped: 0.0043347 seconds, Stopping threads took: 0.0000184 seconds
269.681: [GC (Allocation Failure)  551206K->239240K(1033728K), 0.0041997 secs]
269.685: Total time for which application threads were stopped: 0.0043562 seconds, Stopping threads took: 0.0000186 seconds
269.752: [GC (Allocation Failure)  558728K->239208K(1033728K), 0.0048354 secs]
269.757: Total time for which application threads were stopped: 0.0049994 seconds, Stopping threads took: 0.0000189 seconds
269.822: [GC (Allocation Failure)  558696K->239944K(1033728K), 0.0042111 secs]
269.827: Total time for which application threads were stopped: 0.0044289 seconds, Stopping threads took: 0.0000185 seconds
269.896: [GC (Allocation Failure)  559432K->247243K(1033728K), 0.0065648 secs]
269.903: Total time for which application threads were stopped: 0.0067293 seconds, Stopping threads took: 0.0000172 seconds
269.970: [GC (Allocation Failure)  566731K->247243K(1033728K), 0.0040922 secs]
269.975: Total time for which application threads were stopped: 0.0042674 seconds, Stopping threads took: 0.0000191 seconds
270.041: [GC (Allocation Failure)  566731K->248171K(1033728K), 0.0042690 secs]
270.045: Total time for which application threads were stopped: 0.0044307 seconds, Stopping threads took: 0.0000195 seconds
270.113: [GC (Allocation Failure)  567659K->255277K(1033728K), 0.0040283 secs]
270.117: Total time for which application threads were stopped: 0.0041969 seconds, Stopping threads took: 0.0000201 seconds
270.183: [GC (Allocation Failure)  574765K->255245K(1033728K), 0.0041792 secs]
270.188: Total time for which application threads were stopped: 0.0043503 seconds, Stopping threads took: 0.0000191 seconds
270.256: [GC (Allocation Failure)  574733K->255397K(1033728K), 0.0043689 secs]
270.260: Total time for which application threads were stopped: 0.0045313 seconds, Stopping threads took: 0.0000197 seconds
270.329: [GC (Allocation Failure)  574885K->263303K(1027072K), 0.0070538 secs]
270.336: Total time for which application threads were stopped: 0.0072694 seconds, Stopping threads took: 0.0000251 seconds
270.402: [GC (Allocation Failure)  582791K->263303K(1033728K), 0.0042768 secs]
270.407: Total time for which application threads were stopped: 0.0044910 seconds, Stopping threads took: 0.0000274 seconds
270.471: [GC (Allocation Failure)  582279K->264135K(1033216K), 0.0040319 secs]
270.475: Total time for which application threads were stopped: 0.0041992 seconds, Stopping threads took: 0.0000195 seconds
270.542: [GC (Allocation Failure)  583111K->271370K(1032704K), 0.0044128 secs]
270.547: Total time for which application threads were stopped: 0.0046018 seconds, Stopping threads took: 0.0000197 seconds
270.613: [GC (Allocation Failure)  589834K->271338K(1033216K), 0.0042252 secs]
270.617: Total time for which application threads were stopped: 0.0043757 seconds, Stopping threads took: 0.0000171 seconds
270.682: [GC (Allocation Failure)  589802K->271850K(1032704K), 0.0041941 secs]
270.686: Total time for which application threads were stopped: 0.0043644 seconds, Stopping threads took: 0.0000196 seconds
270.753: [GC (Allocation Failure)  590314K->279372K(1033216K), 0.0041628 secs]
270.757: Total time for which application threads were stopped: 0.0043502 seconds, Stopping threads took: 0.0000220 seconds
270.825: [GC (Allocation Failure)  597836K->279404K(1033216K), 0.0044315 secs]
270.830: Total time for which application threads were stopped: 0.0045944 seconds, Stopping threads took: 0.0000197 seconds
270.894: [GC (Allocation Failure)  597868K->279588K(1033216K), 0.0044404 secs]
270.899: Total time for which application threads were stopped: 0.0046118 seconds, Stopping threads took: 0.0000204 seconds
270.966: [GC (Allocation Failure)  598052K->287430K(1033216K), 0.0041041 secs]
270.971: Total time for which application threads were stopped: 0.0043245 seconds, Stopping threads took: 0.0000223 seconds
271.038: [GC (Allocation Failure)  605894K->287430K(1033216K), 0.0041996 secs]
271.042: Total time for which application threads were stopped: 0.0043783 seconds, Stopping threads took: 0.0000211 seconds
271.107: [GC (Allocation Failure)  605894K->287558K(1033216K), 0.0042927 secs]
271.112: Total time for which application threads were stopped: 0.0044564 seconds, Stopping threads took: 0.0000194 seconds
271.178: [GC (Allocation Failure)  606022K->295464K(1033216K), 0.0044352 secs]
271.183: Total time for which application threads were stopped: 0.0046088 seconds, Stopping threads took: 0.0000190 seconds
271.250: [GC (Allocation Failure)  613928K->295432K(1033216K), 0.0040935 secs]
271.254: Total time for which application threads were stopped: 0.0042861 seconds, Stopping threads took: 0.0000194 seconds
271.320: [GC (Allocation Failure)  613896K->295520K(1033216K), 0.0055706 secs]
271.326: Total time for which application threads were stopped: 0.0057291 seconds, Stopping threads took: 0.0000255 seconds
271.394: [GC (Allocation Failure)  613984K->303491K(1033216K), 0.0042481 secs]
271.398: Total time for which application threads were stopped: 0.0044468 seconds, Stopping threads took: 0.0000204 seconds
271.465: [GC (Allocation Failure)  621955K->303459K(1033216K), 0.0044514 secs]
271.470: Total time for which application threads were stopped: 0.0046088 seconds, Stopping threads took: 0.0000162 seconds
271.537: [GC (Allocation Failure)  621923K->303787K(1033216K), 0.0043048 secs]
271.541: Total time for which application threads were stopped: 0.0044710 seconds, Stopping threads took: 0.0000208 seconds
271.608: [GC (Allocation Failure)  622251K->311533K(1033216K), 0.0044609 secs]
271.613: Total time for which application threads were stopped: 0.0046356 seconds, Stopping threads took: 0.0000269 seconds
271.679: [GC (Allocation Failure)  629997K->311469K(1033216K), 0.0041412 secs]
271.683: Total time for which application threads were stopped: 0.0043018 seconds, Stopping threads took: 0.0000286 seconds
271.747: [GC (Allocation Failure)  629933K->311757K(1033216K), 0.0041827 secs]
271.752: Total time for which application threads were stopped: 0.0043467 seconds, Stopping threads took: 0.0000192 seconds
271.819: [GC (Allocation Failure)  630221K->319567K(1033216K), 0.0042228 secs]
271.824: Total time for which application threads were stopped: 0.0043883 seconds, Stopping threads took: 0.0000202 seconds
271.888: [GC (Allocation Failure)  638031K->315661K(1033216K), 0.0064110 secs]
271.895: Total time for which application threads were stopped: 0.0065990 seconds, Stopping threads took: 0.0000197 seconds
271.963: [GC (Allocation Failure)  634125K->319663K(1034752K), 0.0044285 secs]
271.968: Total time for which application threads were stopped: 0.0045972 seconds, Stopping threads took: 0.0000198 seconds
272.034: [GC (Allocation Failure)  640175K->323663K(1033728K), 0.0043879 secs]
272.039: Total time for which application threads were stopped: 0.0045476 seconds, Stopping threads took: 0.0000190 seconds
272.106: [GC (Allocation Failure)  644175K->315821K(1034240K), 0.0011311 secs]
272.108: Total time for which application threads were stopped: 0.0012552 seconds, Stopping threads took: 0.0000203 seconds
272.174: [GC (Allocation Failure)  636333K->323727K(1034240K), 0.0044008 secs]
272.179: Total time for which application threads were stopped: 0.0045790 seconds, Stopping threads took: 0.0000195 seconds
272.245: [GC (Allocation Failure)  644239K->327775K(1033216K), 0.0056523 secs]
272.251: Total time for which application threads were stopped: 0.0058269 seconds, Stopping threads took: 0.0000351 seconds
272.317: [GC (Allocation Failure)  647263K->333501K(1032704K), 0.0077219 secs]
272.325: Total time for which application threads were stopped: 0.0079332 seconds, Stopping threads took: 0.0000235 seconds
272.393: [GC (Allocation Failure)  652989K->328063K(1031680K), 0.0045440 secs]
272.398: Total time for which application threads were stopped: 0.0047133 seconds, Stopping threads took: 0.0000192 seconds
272.464: [GC (Allocation Failure)  644479K->327839K(1032192K), 0.0042841 secs]
272.468: Total time for which application threads were stopped: 0.0044539 seconds, Stopping threads took: 0.0000197 seconds
272.535: [GC (Allocation Failure)  644255K->322493K(1032704K), 0.0021136 secs]
272.537: Total time for which application threads were stopped: 0.0022617 seconds, Stopping threads took: 0.0000187 seconds
272.604: [GC (Allocation Failure)  639933K->327999K(1032704K), 0.0043342 secs]
272.609: Total time for which application threads were stopped: 0.0044962 seconds, Stopping threads took: 0.0000200 seconds
272.676: [GC (Allocation Failure)  645439K->327807K(1033216K), 0.0042834 secs]
272.680: Total time for which application threads were stopped: 0.0044519 seconds, Stopping threads took: 0.0000197 seconds
272.747: [GC (Allocation Failure)  646271K->328679K(1033216K), 0.0044664 secs]
272.752: Total time for which application threads were stopped: 0.0046412 seconds, Stopping threads took: 0.0000201 seconds
272.818: [GC (Allocation Failure)  647143K->335977K(1033216K), 0.0043916 secs]
272.823: Total time for which application threads were stopped: 0.0045549 seconds, Stopping threads took: 0.0000205 seconds
272.890: [GC (Allocation Failure)  654441K->335881K(1033216K), 0.0041382 secs]
272.894: Total time for which application threads were stopped: 0.0043030 seconds, Stopping threads took: 0.0000196 seconds
272.960: [GC (Allocation Failure)  654345K->336905K(1032704K), 0.0042970 secs]
272.965: Total time for which application threads were stopped: 0.0044692 seconds, Stopping threads took: 0.0000193 seconds
273.032: [GC (Allocation Failure)  655369K->343948K(1033216K), 0.0065105 secs]
273.039: Total time for which application threads were stopped: 0.0067078 seconds, Stopping threads took: 0.0000194 seconds
273.107: [GC (Allocation Failure)  662412K->343884K(1033728K), 0.0044310 secs]
273.111: Total time for which application threads were stopped: 0.0046026 seconds, Stopping threads took: 0.0000278 seconds
273.178: [GC (Allocation Failure)  663372K->346188K(1033728K), 0.0067281 secs]
273.184: Total time for which application threads were stopped: 0.0068787 seconds, Stopping threads took: 0.0000194 seconds
273.253: [GC (Allocation Failure)  665676K->351950K(1033728K), 0.0044034 secs]
273.258: Total time for which application threads were stopped: 0.0045724 seconds, Stopping threads took: 0.0000197 seconds
273.324: [GC (Allocation Failure)  671438K->351918K(1033728K), 0.0057251 secs]
273.330: Total time for which application threads were stopped: 0.0058974 seconds, Stopping threads took: 0.0000278 seconds
273.395: [GC (Allocation Failure)  671406K->353350K(1033216K), 0.0044361 secs]
273.399: Total time for which application threads were stopped: 0.0045954 seconds, Stopping threads took: 0.0000189 seconds
273.467: [GC (Allocation Failure)  672838K->359976K(1033728K), 0.0045334 secs]
273.472: Total time for which application threads were stopped: 0.0047070 seconds, Stopping threads took: 0.0000214 seconds
273.541: [GC (Allocation Failure)  679464K->359976K(1034240K), 0.0043621 secs]
273.545: Total time for which application threads were stopped: 0.0045695 seconds, Stopping threads took: 0.0000199 seconds
273.613: [GC (Allocation Failure)  679976K->361064K(1033728K), 0.0062430 secs]
273.619: Total time for which application threads were stopped: 0.0063955 seconds, Stopping threads took: 0.0000245 seconds
273.686: [GC (Allocation Failure)  681064K->368010K(1033728K), 0.0043409 secs]
273.690: Total time for which application threads were stopped: 0.0045191 seconds, Stopping threads took: 0.0000197 seconds
273.758: [GC (Allocation Failure)  687498K->368010K(1033728K), 0.0045144 secs]
273.762: Total time for which application threads were stopped: 0.0046817 seconds, Stopping threads took: 0.0000188 seconds
273.827: [GC (Allocation Failure)  687498K->368810K(1033216K), 0.0044251 secs]
273.832: Total time for which application threads were stopped: 0.0045977 seconds, Stopping threads took: 0.0000203 seconds
273.899: [GC (Allocation Failure)  688298K->376045K(1033728K), 0.0044834 secs]
273.904: Total time for which application threads were stopped: 0.0046660 seconds, Stopping threads took: 0.0000195 seconds
273.969: [GC (Allocation Failure)  695533K->375981K(1033728K), 0.0050932 secs]
273.975: Total time for which application threads were stopped: 0.0052972 seconds, Stopping threads took: 0.0000201 seconds
274.041: [GC (Allocation Failure)  695469K->376085K(1033728K), 0.0042341 secs]
274.045: Total time for which application threads were stopped: 0.0043868 seconds, Stopping threads took: 0.0000174 seconds
274.114: [GC (Allocation Failure)  695573K->384119K(1033728K), 0.0043324 secs]
274.118: Total time for which application threads were stopped: 0.0045140 seconds, Stopping threads took: 0.0000197 seconds
274.183: [GC (Allocation Failure)  703607K->384087K(1033728K), 0.0044074 secs]
274.188: Total time for which application threads were stopped: 0.0045934 seconds, Stopping threads took: 0.0000190 seconds
274.253: [GC (Allocation Failure)  703575K->384279K(1033728K), 0.0045103 secs]
274.258: Total time for which application threads were stopped: 0.0046790 seconds, Stopping threads took: 0.0000272 seconds
274.326: [GC (Allocation Failure)  703767K->392153K(1033728K), 0.0049715 secs]
274.331: Total time for which application threads were stopped: 0.0051554 seconds, Stopping threads took: 0.0000277 seconds
274.397: [GC (Allocation Failure)  711641K->392089K(1033728K), 0.0042583 secs]
274.401: Total time for which application threads were stopped: 0.0044278 seconds, Stopping threads took: 0.0000192 seconds
274.466: [GC (Allocation Failure)  711577K->392513K(1033728K), 0.0043147 secs]
274.470: Total time for which application threads were stopped: 0.0044848 seconds, Stopping threads took: 0.0000201 seconds
274.539: [GC (Allocation Failure)  712001K->400164K(1032704K), 0.0043082 secs]
274.543: Total time for which application threads were stopped: 0.0044778 seconds, Stopping threads took: 0.0000196 seconds
274.611: [GC (Allocation Failure)  718628K->400132K(1033216K), 0.0046648 secs]
274.616: Total time for which application threads were stopped: 0.0048426 seconds, Stopping threads took: 0.0000269 seconds
274.682: [GC (Allocation Failure)  718596K->400196K(1032704K), 0.0044667 secs]
274.686: Total time for which application threads were stopped: 0.0046621 seconds, Stopping threads took: 0.0000211 seconds
274.753: [GC (Allocation Failure)  718660K->408230K(1033216K), 0.0043868 secs]
274.758: Total time for which application threads were stopped: 0.0045531 seconds, Stopping threads took: 0.0000200 seconds
274.824: [GC (Allocation Failure)  726694K->408166K(1033216K), 0.0045178 secs]
274.829: Total time for which application threads were stopped: 0.0047107 seconds, Stopping threads took: 0.0000200 seconds
274.895: [GC (Allocation Failure)  726630K->408998K(1033216K), 0.0044776 secs]
274.899: Total time for which application threads were stopped: 0.0046677 seconds, Stopping threads took: 0.0000196 seconds
274.968: [GC (Allocation Failure)  727462K->416264K(1033216K), 0.0045267 secs]
274.972: Total time for which application threads were stopped: 0.0046869 seconds, Stopping threads took: 0.0000198 seconds
275.038: [GC (Allocation Failure)  734728K->416200K(1033216K), 0.0044245 secs]
275.042: Total time for which application threads were stopped: 0.0046190 seconds, Stopping threads took: 0.0000256 seconds
275.107: [GC (Allocation Failure)  734664K->417224K(1033216K), 0.0046098 secs]
275.111: Total time for which application threads were stopped: 0.0047798 seconds, Stopping threads took: 0.0000194 seconds
275.178: [GC (Allocation Failure)  735688K->424234K(1033216K), 0.0051005 secs]
275.183: Total time for which application threads were stopped: 0.0052750 seconds, Stopping threads took: 0.0000201 seconds
275.250: [GC (Allocation Failure)  742698K->424234K(1033216K), 0.0043334 secs]
275.255: Total time for which application threads were stopped: 0.0044989 seconds, Stopping threads took: 0.0000193 seconds
275.319: [GC (Allocation Failure)  742698K->424394K(1033216K), 0.0051268 secs]
275.324: Total time for which application threads were stopped: 0.0052820 seconds, Stopping threads took: 0.0000161 seconds
275.390: [GC (Allocation Failure)  742858K->432269K(1033216K), 0.0044568 secs]
275.395: Total time for which application threads were stopped: 0.0046699 seconds, Stopping threads took: 0.0000191 seconds
275.462: [GC (Allocation Failure)  750733K->432269K(1033216K), 0.0046334 secs]
275.466: Total time for which application threads were stopped: 0.0047993 seconds, Stopping threads took: 0.0000258 seconds
275.533: [GC (Allocation Failure)  750733K->432685K(1033216K), 0.0045310 secs]
275.537: Total time for which application threads were stopped: 0.0046995 seconds, Stopping threads took: 0.0000195 seconds
275.603: [GC (Allocation Failure)  751149K->440335K(1033216K), 0.0044648 secs]
275.607: Total time for which application threads were stopped: 0.0046296 seconds, Stopping threads took: 0.0000208 seconds
275.673: [GC (Allocation Failure)  758799K->440335K(1033216K), 0.0043235 secs]
275.677: Total time for which application threads were stopped: 0.0044948 seconds, Stopping threads took: 0.0000265 seconds
275.742: [GC (Allocation Failure)  758799K->440903K(1033216K), 0.0045020 secs]
275.747: Total time for which application threads were stopped: 0.0046725 seconds, Stopping threads took: 0.0000197 seconds
275.814: [GC (Allocation Failure)  759367K->448361K(1033216K), 0.0044487 secs]
275.818: Total time for which application threads were stopped: 0.0046069 seconds, Stopping threads took: 0.0000209 seconds
275.885: [GC (Allocation Failure)  766825K->448329K(1033216K), 0.0046613 secs]
275.890: Total time for which application threads were stopped: 0.0048291 seconds, Stopping threads took: 0.0000194 seconds
275.954: [GC (Allocation Failure)  766793K->448617K(1033216K), 0.0044284 secs]
275.959: Total time for which application threads were stopped: 0.0045961 seconds, Stopping threads took: 0.0000194 seconds
276.025: [GC (Allocation Failure)  767081K->456395K(1033216K), 0.0046954 secs]
276.030: Total time for which application threads were stopped: 0.0048573 seconds, Stopping threads took: 0.0000199 seconds
276.098: [GC (Allocation Failure)  774859K->456331K(1033216K), 0.0052428 secs]
276.103: Total time for which application threads were stopped: 0.0054147 seconds, Stopping threads took: 0.0000263 seconds
276.169: [GC (Allocation Failure)  774795K->456427K(1033216K), 0.0046176 secs]
276.173: Total time for which application threads were stopped: 0.0047858 seconds, Stopping threads took: 0.0000200 seconds
276.238: [GC (Allocation Failure)  774891K->464398K(1033216K), 0.0055608 secs]
276.244: Total time for which application threads were stopped: 0.0057224 seconds, Stopping threads took: 0.0000201 seconds
276.309: [GC (Allocation Failure)  782862K->464398K(1033216K), 0.0044851 secs]
276.314: Total time for which application threads were stopped: 0.0046497 seconds, Stopping threads took: 0.0000194 seconds
276.381: [GC (Allocation Failure)  782862K->464558K(1033216K), 0.0045043 secs]
276.386: Total time for which application threads were stopped: 0.0046686 seconds, Stopping threads took: 0.0000196 seconds
276.451: [GC (Allocation Failure)  783022K->472432K(1033216K), 0.0045141 secs]
276.455: Total time for which application threads were stopped: 0.0046747 seconds, Stopping threads took: 0.0000200 seconds
276.523: [GC (Allocation Failure)  790896K->472432K(1033216K), 0.0047868 secs]
276.528: Total time for which application threads were stopped: 0.0049545 seconds, Stopping threads took: 0.0000191 seconds
276.593: [GC (Allocation Failure)  790896K->472808K(1033216K), 0.0045782 secs]
276.598: Total time for which application threads were stopped: 0.0047510 seconds, Stopping threads took: 0.0000282 seconds
276.666: [GC (Allocation Failure)  791272K->480490K(1033216K), 0.0045708 secs]
276.670: Total time for which application threads were stopped: 0.0047515 seconds, Stopping threads took: 0.0000285 seconds
276.736: [GC (Allocation Failure)  798954K->480458K(1033216K), 0.0045986 secs]
276.741: Total time for which application threads were stopped: 0.0047767 seconds, Stopping threads took: 0.0000192 seconds
276.805: [GC (Allocation Failure)  798922K->480522K(1033216K), 0.0045253 secs]
276.810: Total time for which application threads were stopped: 0.0046976 seconds, Stopping threads took: 0.0000193 seconds
276.877: [GC (Allocation Failure)  798986K->488492K(1033216K), 0.0044713 secs]
276.881: Total time for which application threads were stopped: 0.0046453 seconds, Stopping threads took: 0.0000198 seconds
276.949: [GC (Allocation Failure)  806956K->481642K(1033216K), 0.0019783 secs]
276.951: Total time for which application threads were stopped: 0.0021283 seconds, Stopping threads took: 0.0000205 seconds
277.020: [GC (Allocation Failure)  800106K->488740K(1033216K), 0.0045811 secs]
277.025: Total time for which application threads were stopped: 0.0047869 seconds, Stopping threads took: 0.0000200 seconds
277.090: [GC (Allocation Failure)  807204K->492676K(1032704K), 0.0055582 secs]
277.096: Total time for which application threads were stopped: 0.0057252 seconds, Stopping threads took: 0.0000197 seconds
277.160: [GC (Allocation Failure)  811140K->494178K(1027584K), 0.0072362 secs]
277.168: Total time for which application threads were stopped: 0.0073996 seconds, Stopping threads took: 0.0000205 seconds
277.235: [GC (Allocation Failure)  812642K->492804K(1033216K), 0.0044557 secs]
277.239: Total time for which application threads were stopped: 0.0046260 seconds, Stopping threads took: 0.0000220 seconds
277.309: [GC (Allocation Failure)  810756K->492644K(1032704K), 0.0045044 secs]
277.313: Total time for which application threads were stopped: 0.0046863 seconds, Stopping threads took: 0.0000193 seconds
277.383: [GC (Allocation Failure)  810596K->485186K(1033216K), 0.0017752 secs]
277.384: Total time for which application threads were stopped: 0.0018990 seconds, Stopping threads took: 0.0000190 seconds
277.453: [GC (Allocation Failure)  803650K->492740K(1033216K), 0.0045137 secs]
277.458: Total time for which application threads were stopped: 0.0046772 seconds, Stopping threads took: 0.0000199 seconds
277.525: [GC (Allocation Failure)  811204K->492612K(1033216K), 0.0046356 secs]
277.530: Total time for which application threads were stopped: 0.0047989 seconds, Stopping threads took: 0.0000200 seconds
277.595: [GC (Allocation Failure)  811076K->493452K(1033216K), 0.0047511 secs]
277.600: Total time for which application threads were stopped: 0.0049514 seconds, Stopping threads took: 0.0000262 seconds
277.669: [GC (Allocation Failure)  811916K->500751K(1033216K), 0.0046848 secs]
277.674: Total time for which application threads were stopped: 0.0048349 seconds, Stopping threads took: 0.0000169 seconds
277.739: [GC (Allocation Failure)  819215K->500719K(1033216K), 0.0045569 secs]
277.744: Total time for which application threads were stopped: 0.0047641 seconds, Stopping threads took: 0.0000248 seconds
277.812: [GC (Allocation Failure)  819183K->501671K(1033216K), 0.0046866 secs]
277.817: Total time for which application threads were stopped: 0.0048488 seconds, Stopping threads took: 0.0000193 seconds
277.884: [GC (Allocation Failure)  820135K->508713K(1033216K), 0.0046554 secs]
277.889: Total time for which application threads were stopped: 0.0048238 seconds, Stopping threads took: 0.0000198 seconds
277.954: [GC (Allocation Failure)  827177K->508713K(1033728K), 0.0045836 secs]
277.958: Total time for which application threads were stopped: 0.0047481 seconds, Stopping threads took: 0.0000208 seconds
278.024: [GC (Allocation Failure)  827689K->510377K(1033216K), 0.0066068 secs]
278.031: Total time for which application threads were stopped: 0.0067688 seconds, Stopping threads took: 0.0000199 seconds
278.099: [GC (Allocation Failure)  829353K->516747K(1033728K), 0.0046360 secs]
278.104: Total time for which application threads were stopped: 0.0048072 seconds, Stopping threads took: 0.0000285 seconds
278.172: [GC (Allocation Failure)  836235K->516747K(1033728K), 0.0047502 secs]
278.177: Total time for which application threads were stopped: 0.0049439 seconds, Stopping threads took: 0.0000195 seconds
278.243: [GC (Allocation Failure)  836235K->517091K(1033728K), 0.0049237 secs]
278.248: Total time for which application threads were stopped: 0.0050736 seconds, Stopping threads took: 0.0000174 seconds
278.315: [GC (Allocation Failure)  836579K->524805K(1033728K), 0.0052944 secs]
278.320: Total time for which application threads were stopped: 0.0054544 seconds, Stopping threads took: 0.0000243 seconds
278.387: [GC (Allocation Failure)  844293K->524773K(1033728K), 0.0047147 secs]
278.392: Total time for which application threads were stopped: 0.0048834 seconds, Stopping threads took: 0.0000194 seconds
278.458: [GC (Allocation Failure)  844261K->524845K(1033728K), 0.0046346 secs]
278.463: Total time for which application threads were stopped: 0.0048339 seconds, Stopping threads took: 0.0000205 seconds
278.530: [GC (Allocation Failure)  844333K->532912K(1032704K), 0.0048425 secs]
278.535: Total time for which application threads were stopped: 0.0050285 seconds, Stopping threads took: 0.0000201 seconds
278.602: [GC (Allocation Failure)  851376K->532816K(1033216K), 0.0046439 secs]
278.607: Total time for which application threads were stopped: 0.0048217 seconds, Stopping threads took: 0.0000256 seconds
278.672: [GC (Allocation Failure)  851280K->533576K(1033728K), 0.0044934 secs]
278.676: Total time for which application threads were stopped: 0.0046944 seconds, Stopping threads took: 0.0000265 seconds
278.744: [GC (Allocation Failure)  853064K->540842K(1027072K), 0.0047509 secs]
278.748: Total time for which application threads were stopped: 0.0049304 seconds, Stopping threads took: 0.0000198 seconds
278.816: [GC (Allocation Failure)  860330K->540842K(1033728K), 0.0045249 secs]
278.820: Total time for which application threads were stopped: 0.0047372 seconds, Stopping threads took: 0.0000275 seconds
278.888: [GC (Allocation Failure)  859818K->541282K(1033216K), 0.0049423 secs]
278.893: Total time for which application threads were stopped: 0.0051019 seconds, Stopping threads took: 0.0000175 seconds
278.961: [GC (Allocation Failure)  860258K->548900K(1033216K), 0.0047403 secs]
278.966: Total time for which application threads were stopped: 0.0049113 seconds, Stopping threads took: 0.0000187 seconds
279.032: [GC (Allocation Failure)  867364K->548868K(1033216K), 0.0047694 secs]
279.036: Total time for which application threads were stopped: 0.0049474 seconds, Stopping threads took: 0.0000204 seconds
279.103: [GC (Allocation Failure)  867332K->549036K(1033216K), 0.0046890 secs]
279.108: Total time for which application threads were stopped: 0.0048637 seconds, Stopping threads took: 0.0000257 seconds
279.176: [GC (Allocation Failure)  867500K->556975K(1033216K), 0.0048714 secs]
279.181: Total time for which application threads were stopped: 0.0050637 seconds, Stopping threads took: 0.0000205 seconds
279.247: [GC (Allocation Failure)  875439K->556911K(1033216K), 0.0046504 secs]
279.252: Total time for which application threads were stopped: 0.0048381 seconds, Stopping threads took: 0.0000275 seconds
279.320: [GC (Allocation Failure)  875375K->557223K(1033216K), 0.0047983 secs]
279.325: Total time for which application threads were stopped: 0.0050014 seconds, Stopping threads took: 0.0000231 seconds
279.393: [GC (Allocation Failure)  875687K->565001K(1033216K), 0.0047775 secs]
279.398: Total time for which application threads were stopped: 0.0049382 seconds, Stopping threads took: 0.0000171 seconds
279.466: [GC (Allocation Failure)  883465K->564937K(1033216K), 0.0046771 secs]
279.470: Total time for which application threads were stopped: 0.0048434 seconds, Stopping threads took: 0.0000201 seconds
279.535: [GC (Allocation Failure)  883401K->565481K(1033216K), 0.0046747 secs]
279.540: Total time for which application threads were stopped: 0.0048457 seconds, Stopping threads took: 0.0000192 seconds
279.607: [GC (Allocation Failure)  883945K->572971K(1033216K), 0.0044381 secs]
279.612: Total time for which application threads were stopped: 0.0046052 seconds, Stopping threads took: 0.0000191 seconds
279.678: [GC (Allocation Failure)  891435K->572939K(1033216K), 0.0048088 secs]
279.683: Total time for which application threads were stopped: 0.0049788 seconds, Stopping threads took: 0.0000190 seconds
279.748: [GC (Allocation Failure)  891403K->573707K(1033216K), 0.0048267 secs]
279.752: Total time for which application threads were stopped: 0.0049872 seconds, Stopping threads took: 0.0000194 seconds
279.818: [GC (Allocation Failure)  892171K->580973K(1033216K), 0.0048301 secs]
279.823: Total time for which application threads were stopped: 0.0049874 seconds, Stopping threads took: 0.0000190 seconds
279.890: [GC (Allocation Failure)  899437K->581005K(1033216K), 0.0048454 secs]
279.895: Total time for which application threads were stopped: 0.0050157 seconds, Stopping threads took: 0.0000202 seconds
279.961: [GC (Allocation Failure)  899469K->581933K(1033216K), 0.0067699 secs]
279.968: Total time for which application threads were stopped: 0.0069474 seconds, Stopping threads took: 0.0000212 seconds
280.036: [GC (Allocation Failure)  900397K->589072K(1033216K), 0.0049090 secs]
280.041: Total time for which application threads were stopped: 0.0050892 seconds, Stopping threads took: 0.0000221 seconds
280.108: [GC (Allocation Failure)  907536K->589040K(1033216K), 0.0047558 secs]
280.113: Total time for which application threads were stopped: 0.0049520 seconds, Stopping threads took: 0.0000253 seconds
280.181: [GC (Allocation Failure)  907504K->589160K(1033216K), 0.0046057 secs]
280.186: Total time for which application threads were stopped: 0.0048015 seconds, Stopping threads took: 0.0000192 seconds
280.254: [GC (Allocation Failure)  907624K->597066K(1033216K), 0.0048066 secs]
280.259: Total time for which application threads were stopped: 0.0049578 seconds, Stopping threads took: 0.0000175 seconds
280.325: [GC (Allocation Failure)  915530K->597066K(1033216K), 0.0057484 secs]
280.331: Total time for which application threads were stopped: 0.0059658 seconds, Stopping threads took: 0.0000277 seconds
280.395: [GC (Allocation Failure)  915530K->597386K(1033216K), 0.0050841 secs]
280.400: Total time for which application threads were stopped: 0.0052594 seconds, Stopping threads took: 0.0000190 seconds
280.468: [GC (Allocation Failure)  915850K->605100K(1033216K), 0.0048884 secs]
280.473: Total time for which application threads were stopped: 0.0050583 seconds, Stopping threads took: 0.0000202 seconds
280.538: [GC (Allocation Failure)  923564K->605100K(1033216K), 0.0046504 secs]
280.543: Total time for which application threads were stopped: 0.0048198 seconds, Stopping threads took: 0.0000189 seconds
280.607: [GC (Allocation Failure)  923564K->605612K(1033216K), 0.0049430 secs]
280.612: Total time for which application threads were stopped: 0.0051177 seconds, Stopping threads took: 0.0000203 seconds
280.678: [GC (Allocation Failure)  924076K->613134K(1033216K), 0.0049235 secs]
280.683: Total time for which application threads were stopped: 0.0051054 seconds, Stopping threads took: 0.0000205 seconds
280.750: [GC (Allocation Failure)  931598K->613166K(1033216K), 0.0044352 secs]
280.754: Total time for which application threads were stopped: 0.0046170 seconds, Stopping threads took: 0.0000199 seconds
280.818: [GC (Allocation Failure)  931630K->613350K(1033216K), 0.0047430 secs]
280.823: Total time for which application threads were stopped: 0.0049189 seconds, Stopping threads took: 0.0000273 seconds
280.890: [GC (Allocation Failure)  931814K->621161K(1033216K), 0.0049961 secs]
280.895: Total time for which application threads were stopped: 0.0051709 seconds, Stopping threads took: 0.0000199 seconds
280.960: [GC (Allocation Failure)  939625K->621161K(1033216K), 0.0048753 secs]
280.965: Total time for which application threads were stopped: 0.0050512 seconds, Stopping threads took: 0.0000203 seconds
281.033: [GC (Allocation Failure)  939625K->621321K(1033216K), 0.0046916 secs]
281.038: Total time for which application threads were stopped: 0.0048511 seconds, Stopping threads took: 0.0000173 seconds
281.106: [GC (Allocation Failure)  939785K->629227K(1033216K), 0.0048117 secs]
281.111: Total time for which application threads were stopped: 0.0049971 seconds, Stopping threads took: 0.0000261 seconds
281.176: [GC (Allocation Failure)  947691K->629195K(1033216K), 0.0050773 secs]
281.181: Total time for which application threads were stopped: 0.0052413 seconds, Stopping threads took: 0.0000199 seconds
281.248: [GC (Allocation Failure)  947659K->629259K(1033216K), 0.0048808 secs]
281.253: Total time for which application threads were stopped: 0.0050521 seconds, Stopping threads took: 0.0000202 seconds
281.320: [GC (Allocation Failure)  947723K->637197K(1033216K), 0.0057157 secs]
281.326: Total time for which application threads were stopped: 0.0059253 seconds, Stopping threads took: 0.0000269 seconds
281.391: [GC (Allocation Failure)  955661K->633323K(1033728K), 0.0037063 secs]
281.395: Total time for which application threads were stopped: 0.0038676 seconds, Stopping threads took: 0.0000191 seconds
281.461: [GC (Allocation Failure)  952299K->637389K(1033216K), 0.0049625 secs]
281.466: Total time for which application threads were stopped: 0.0051302 seconds, Stopping threads took: 0.0000199 seconds
281.532: [GC (Allocation Failure)  956365K->641389K(1033728K), 0.0048505 secs]
281.537: Total time for which application threads were stopped: 0.0050121 seconds, Stopping threads took: 0.0000197 seconds
281.605: [GC (Allocation Failure)  961901K->648875K(1034240K), 0.0080491 secs]
281.613: Total time for which application threads were stopped: 0.0082143 seconds, Stopping threads took: 0.0000261 seconds
281.680: [GC (Allocation Failure)  969387K->642637K(1029120K), 0.0049192 secs]
281.685: Total time for which application threads were stopped: 0.0051021 seconds, Stopping threads took: 0.0000202 seconds
281.751: [GC (Allocation Failure)  958029K->642605K(1031680K), 0.0057098 secs]
281.756: Total time for which application threads were stopped: 0.0058820 seconds, Stopping threads took: 0.0000205 seconds
281.820: [GC (Allocation Failure)  957997K->638091K(1032704K), 0.0031740 secs]
281.823: Total time for which application threads were stopped: 0.0033451 seconds, Stopping threads took: 0.0000200 seconds
281.892: [GC (Allocation Failure)  955019K->642861K(1032192K), 0.0048278 secs]
281.897: Total time for which application threads were stopped: 0.0050083 seconds, Stopping threads took: 0.0000194 seconds
281.964: [GC (Allocation Failure)  959789K->642637K(1033216K), 0.0050910 secs]
281.970: Total time for which application threads were stopped: 0.0052540 seconds, Stopping threads took: 0.0000196 seconds
282.036: [GC (Allocation Failure)  960589K->642757K(1032704K), 0.0098142 secs]
282.046: Total time for which application threads were stopped: 0.0100100 seconds, Stopping threads took: 0.0000196 seconds
282.114: [GC (Allocation Failure)  960709K->650727K(1033216K), 0.0047492 secs]
282.119: Total time for which application threads were stopped: 0.0049397 seconds, Stopping threads took: 0.0000280 seconds
282.187: [GC (Allocation Failure)  969191K->650631K(1033216K), 0.0046424 secs]
282.192: Total time for which application threads were stopped: 0.0048234 seconds, Stopping threads took: 0.0000193 seconds
282.258: [GC (Allocation Failure)  969095K->654567K(1033728K), 0.0057918 secs]
282.264: Total time for which application threads were stopped: 0.0059654 seconds, Stopping threads took: 0.0000192 seconds
282.333: [GC (Allocation Failure)  973543K->658762K(1033216K), 0.0066147 secs]
282.340: Total time for which application threads were stopped: 0.0067877 seconds, Stopping threads took: 0.0000269 seconds
282.407: [GC (Allocation Failure)  977738K->658666K(1034240K), 0.0050542 secs]
282.413: Total time for which application threads were stopped: 0.0052157 seconds, Stopping threads took: 0.0000198 seconds
282.480: [GC (Allocation Failure)  978666K->661258K(1033728K), 0.0053839 secs]
282.485: Total time for which application threads were stopped: 0.0055621 seconds, Stopping threads took: 0.0000190 seconds
282.553: [GC (Allocation Failure)  981258K->666764K(1034240K), 0.0049432 secs]
282.558: Total time for which application threads were stopped: 0.0051077 seconds, Stopping threads took: 0.0000198 seconds
282.628: [GC (Allocation Failure)  987276K->666700K(1034240K), 0.0048052 secs]
282.632: Total time for which application threads were stopped: 0.0049784 seconds, Stopping threads took: 0.0000283 seconds
282.700: [GC (Allocation Failure)  987212K->666892K(1034240K), 0.0057305 secs]
282.705: Total time for which application threads were stopped: 0.0059042 seconds, Stopping threads took: 0.0000194 seconds
282.774: [GC (Allocation Failure)  987404K->674734K(1034240K), 0.0059931 secs]
282.780: Total time for which application threads were stopped: 0.0061724 seconds, Stopping threads took: 0.0000202 seconds
282.848: [GC (Allocation Failure)  995246K->674734K(1034240K), 0.0047590 secs]
282.853: Total time for which application threads were stopped: 0.0049743 seconds, Stopping threads took: 0.0000243 seconds
282.920: [GC (Allocation Failure)  995246K->677222K(1034240K), 0.0053711 secs]
282.925: Total time for which application threads were stopped: 0.0055650 seconds, Stopping threads took: 0.0000187 seconds
282.994: [GC (Allocation Failure)  997734K->682761K(1034240K), 0.0049746 secs]
282.999: Total time for which application threads were stopped: 0.0051322 seconds, Stopping threads took: 0.0000167 seconds
283.067: [GC (Allocation Failure)  1003273K->682761K(1034240K), 0.0047175 secs]
283.072: Total time for which application threads were stopped: 0.0048835 seconds, Stopping threads took: 0.0000197 seconds
283.140: [GC (Allocation Failure)  1003273K->683401K(1034240K), 0.0049741 secs]
283.145: [Full GC (Ergonomics)  683401K->9099K(1034240K), 0.0127535 secs]
283.158: Total time for which application threads were stopped: 0.0180030 seconds, Stopping threads took: 0.0000202 seconds
283.226: [GC (Allocation Failure)  329611K->18637K(1029632K), 0.0039863 secs]
283.230: Total time for which application threads were stopped: 0.0041365 seconds, Stopping threads took: 0.0000171 seconds
283.297: [GC (Allocation Failure)  339149K->18645K(1033728K), 0.0039096 secs]
283.301: Total time for which application threads were stopped: 0.0040873 seconds, Stopping threads took: 0.0000202 seconds
283.368: [GC (Allocation Failure)  338133K->20509K(1033728K), 0.0038284 secs]
283.371: Total time for which application threads were stopped: 0.0039972 seconds, Stopping threads took: 0.0000196 seconds
283.438: [GC (Allocation Failure)  339997K->26783K(1033728K), 0.0039373 secs]
283.442: Total time for which application threads were stopped: 0.0041061 seconds, Stopping threads took: 0.0000196 seconds
283.508: [GC (Allocation Failure)  346271K->26687K(1033728K), 0.0037210 secs]
283.512: Total time for which application threads were stopped: 0.0038987 seconds, Stopping threads took: 0.0000254 seconds
283.579: [GC (Allocation Failure)  346175K->27719K(1033216K), 0.0036574 secs]
283.583: Total time for which application threads were stopped: 0.0038290 seconds, Stopping threads took: 0.0000270 seconds
283.652: [GC (Allocation Failure)  347207K->34762K(1033728K), 0.0036014 secs]
283.656: Total time for which application threads were stopped: 0.0037715 seconds, Stopping threads took: 0.0000196 seconds
283.720: [GC (Allocation Failure)  354250K->34762K(1034240K), 0.0038254 secs]
283.724: Total time for which application threads were stopped: 0.0039911 seconds, Stopping threads took: 0.0000195 seconds
283.789: [GC (Allocation Failure)  354762K->35466K(1033728K), 0.0035897 secs]
283.793: Total time for which application threads were stopped: 0.0037271 seconds, Stopping threads took: 0.0000189 seconds
283.858: [GC (Allocation Failure)  355466K->42828K(1033728K), 0.0037493 secs]
283.862: Total time for which application threads were stopped: 0.0038961 seconds, Stopping threads took: 0.0000185 seconds
283.926: [GC (Allocation Failure)  362316K->42796K(1033728K), 0.0036075 secs]
283.929: Total time for which application threads were stopped: 0.0037635 seconds, Stopping threads took: 0.0000194 seconds
283.990: [GC (Allocation Failure)  362284K->43212K(1033728K), 0.0035743 secs]
283.993: Total time for which application threads were stopped: 0.0037234 seconds, Stopping threads took: 0.0000239 seconds
284.058: [GC (Allocation Failure)  362700K->50862K(1033728K), 0.0034759 secs]
284.061: Total time for which application threads were stopped: 0.0036272 seconds, Stopping threads took: 0.0000175 seconds
284.125: [GC (Allocation Failure)  370350K->50798K(1033728K), 0.0035964 secs]
284.128: Total time for which application threads were stopped: 0.0037326 seconds, Stopping threads took: 0.0000246 seconds
284.189: [GC (Allocation Failure)  370286K->50886K(1033728K), 0.0035457 secs]
284.193: Total time for which application threads were stopped: 0.0036784 seconds, Stopping threads took: 0.0000180 seconds
284.259: [GC (Allocation Failure)  370374K->58888K(1033728K), 0.0037427 secs]
284.262: Total time for which application threads were stopped: 0.0039239 seconds, Stopping threads took: 0.0000326 seconds
284.329: [GC (Allocation Failure)  378376K->58792K(1033728K), 0.0044521 secs]
284.334: Total time for which application threads were stopped: 0.0046570 seconds, Stopping threads took: 0.0000254 seconds
284.398: [GC (Allocation Failure)  378280K->59624K(1033728K), 0.0036910 secs]
284.402: Total time for which application threads were stopped: 0.0038612 seconds, Stopping threads took: 0.0000202 seconds
284.470: [GC (Allocation Failure)  379112K->66923K(1033728K), 0.0037670 secs]
284.473: Total time for which application threads were stopped: 0.0039395 seconds, Stopping threads took: 0.0000196 seconds
284.541: [GC (Allocation Failure)  386411K->66859K(1033728K), 0.0037968 secs]
284.545: Total time for which application threads were stopped: 0.0039598 seconds, Stopping threads took: 0.0000196 seconds
284.611: [GC (Allocation Failure)  386347K->68907K(1033728K), 0.0042900 secs]
284.615: Total time for which application threads were stopped: 0.0044599 seconds, Stopping threads took: 0.0000267 seconds
284.683: [GC (Allocation Failure)  388395K->74925K(1033728K), 0.0036096 secs]
284.686: Total time for which application threads were stopped: 0.0037821 seconds, Stopping threads took: 0.0000197 seconds
284.753: [GC (Allocation Failure)  394413K->74893K(1033728K), 0.0036801 secs]
284.757: Total time for which application threads were stopped: 0.0038759 seconds, Stopping threads took: 0.0000206 seconds
284.822: [GC (Allocation Failure)  394381K->76109K(1033728K), 0.0040078 secs]
284.826: Total time for which application threads were stopped: 0.0041831 seconds, Stopping threads took: 0.0000206 seconds
284.894: [GC (Allocation Failure)  395597K->82959K(1033728K), 0.0038534 secs]
284.897: Total time for which application threads were stopped: 0.0040172 seconds, Stopping threads took: 0.0000199 seconds
284.965: [GC (Allocation Failure)  402447K->82927K(1033728K), 0.0039085 secs]
284.969: Total time for which application threads were stopped: 0.0040832 seconds, Stopping threads took: 0.0000259 seconds
285.033: [GC (Allocation Failure)  402415K->83303K(1033728K), 0.0039576 secs]
285.037: Total time for which application threads were stopped: 0.0041278 seconds, Stopping threads took: 0.0000200 seconds
285.105: [GC (Allocation Failure)  402791K->90954K(1033728K), 0.0037359 secs]
285.109: Total time for which application threads were stopped: 0.0039198 seconds, Stopping threads took: 0.0000254 seconds
285.175: [GC (Allocation Failure)  410442K->90954K(1033728K), 0.0037112 secs]
285.178: Total time for which application threads were stopped: 0.0038857 seconds, Stopping threads took: 0.0000358 seconds
285.245: [GC (Allocation Failure)  410442K->91562K(1033728K), 0.0040507 secs]
285.249: Total time for which application threads were stopped: 0.0042092 seconds, Stopping threads took: 0.0000167 seconds
285.317: [GC (Allocation Failure)  411050K->98988K(1033728K), 0.0038965 secs]
285.321: Total time for which application threads were stopped: 0.0040585 seconds, Stopping threads took: 0.0000235 seconds
285.388: [GC (Allocation Failure)  418476K->98956K(1033728K), 0.0039362 secs]
285.392: Total time for which application threads were stopped: 0.0041134 seconds, Stopping threads took: 0.0000187 seconds
285.456: [GC (Allocation Failure)  418444K->99748K(1033728K), 0.0041486 secs]
285.461: Total time for which application threads were stopped: 0.0043242 seconds, Stopping threads took: 0.0000198 seconds
285.528: [GC (Allocation Failure)  419236K->107046K(1033728K), 0.0036945 secs]
285.532: Total time for which application threads were stopped: 0.0038629 seconds, Stopping threads took: 0.0000211 seconds
285.598: [GC (Allocation Failure)  426534K->107046K(1033728K), 0.0037994 secs]
285.602: Total time for which application threads were stopped: 0.0039650 seconds, Stopping threads took: 0.0000194 seconds
285.667: [GC (Allocation Failure)  426534K->108046K(1033728K), 0.0040813 secs]
285.671: Total time for which application threads were stopped: 0.0042604 seconds, Stopping threads took: 0.0000195 seconds
285.740: [GC (Allocation Failure)  427534K->115056K(1033728K), 0.0037775 secs]
285.744: Total time for which application threads were stopped: 0.0039386 seconds, Stopping threads took: 0.0000196 seconds
285.810: [GC (Allocation Failure)  434544K->115056K(1033728K), 0.0040827 secs]
285.814: Total time for which application threads were stopped: 0.0042537 seconds, Stopping threads took: 0.0000196 seconds
285.880: [GC (Allocation Failure)  434544K->115208K(1033728K), 0.0037531 secs]
285.884: Total time for which application threads were stopped: 0.0039542 seconds, Stopping threads took: 0.0000209 seconds
285.953: [GC (Allocation Failure)  434696K->123083K(1032704K), 0.0038768 secs]
285.957: Total time for which application threads were stopped: 0.0040689 seconds, Stopping threads took: 0.0000199 seconds
286.025: [GC (Allocation Failure)  441547K->123083K(1033216K), 0.0038795 secs]
286.029: Total time for which application threads were stopped: 0.0040618 seconds, Stopping threads took: 0.0000195 seconds
286.096: [GC (Allocation Failure)  441547K->123435K(1032704K), 0.0038054 secs]
286.100: Total time for which application threads were stopped: 0.0039947 seconds, Stopping threads took: 0.0000261 seconds
286.167: [GC (Allocation Failure)  441899K->131149K(1033216K), 0.0039768 secs]
286.171: Total time for which application threads were stopped: 0.0041288 seconds, Stopping threads took: 0.0000174 seconds
286.238: [GC (Allocation Failure)  449613K->131085K(1033216K), 0.0038997 secs]
286.242: Total time for which application threads were stopped: 0.0040763 seconds, Stopping threads took: 0.0000198 seconds
286.306: [GC (Allocation Failure)  449549K->131173K(1033216K), 0.0039855 secs]
286.310: Total time for which application threads were stopped: 0.0041516 seconds, Stopping threads took: 0.0000212 seconds
286.379: [GC (Allocation Failure)  449637K->139207K(1033216K), 0.0038319 secs]
286.383: Total time for which application threads were stopped: 0.0039937 seconds, Stopping threads took: 0.0000187 seconds
286.448: [GC (Allocation Failure)  457671K->139175K(1033216K), 0.0040492 secs]
286.452: Total time for which application threads were stopped: 0.0042213 seconds, Stopping threads took: 0.0000201 seconds
286.517: [GC (Allocation Failure)  457639K->139399K(1033216K), 0.0039053 secs]
286.521: Total time for which application threads were stopped: 0.0040851 seconds, Stopping threads took: 0.0000265 seconds
286.590: [GC (Allocation Failure)  457863K->147209K(1033216K), 0.0038921 secs]
286.594: Total time for which application threads were stopped: 0.0040634 seconds, Stopping threads took: 0.0000163 seconds
286.663: [GC (Allocation Failure)  465673K->147177K(1033216K), 0.0037557 secs]
286.667: Total time for which application threads were stopped: 0.0039146 seconds, Stopping threads took: 0.0000195 seconds
286.731: [GC (Allocation Failure)  465641K->147241K(1033216K), 0.0039172 secs]
286.735: Total time for which application threads were stopped: 0.0041124 seconds, Stopping threads took: 0.0000197 seconds
286.802: [GC (Allocation Failure)  465705K->155244K(1033216K), 0.0041156 secs]
286.806: Total time for which application threads were stopped: 0.0042637 seconds, Stopping threads took: 0.0000167 seconds
286.872: [GC (Allocation Failure)  473708K->155244K(1033216K), 0.0037941 secs]
286.876: Total time for which application threads were stopped: 0.0039643 seconds, Stopping threads took: 0.0000199 seconds
286.944: [GC (Allocation Failure)  473708K->155372K(1033216K), 0.0039911 secs]
286.948: Total time for which application threads were stopped: 0.0041618 seconds, Stopping threads took: 0.0000205 seconds
287.014: [GC (Allocation Failure)  473836K->163278K(1033216K), 0.0040491 secs]
287.019: Total time for which application threads were stopped: 0.0042494 seconds, Stopping threads took: 0.0000202 seconds
287.086: [GC (Allocation Failure)  481742K->163278K(1033216K), 0.0039189 secs]
287.090: Total time for which application threads were stopped: 0.0041025 seconds, Stopping threads took: 0.0000257 seconds
287.154: [GC (Allocation Failure)  481742K->163310K(1033216K), 0.0040482 secs]
287.158: Total time for which application threads were stopped: 0.0042455 seconds, Stopping threads took: 0.0000243 seconds
287.228: [GC (Allocation Failure)  481774K->171280K(1033216K), 0.0040666 secs]
287.232: Total time for which application threads were stopped: 0.0042541 seconds, Stopping threads took: 0.0000280 seconds
287.296: [GC (Allocation Failure)  489744K->166254K(1033216K), 0.0020851 secs]
287.298: Total time for which application threads were stopped: 0.0022292 seconds, Stopping threads took: 0.0000196 seconds
287.364: [GC (Allocation Failure)  484718K->171584K(1034240K), 0.0041667 secs]
287.368: Total time for which application threads were stopped: 0.0043274 seconds, Stopping threads took: 0.0000193 seconds
287.435: [GC (Allocation Failure)  491584K->175424K(1033728K), 0.0040874 secs]
287.439: Total time for which application threads were stopped: 0.0042814 seconds, Stopping threads took: 0.0000195 seconds
287.506: [GC (Allocation Failure)  495424K->181830K(1029120K), 0.0067852 secs]
287.513: Total time for which application threads were stopped: 0.0069692 seconds, Stopping threads took: 0.0000164 seconds
287.581: [GC (Allocation Failure)  497222K->175752K(1031680K), 0.0038668 secs]
287.585: Total time for which application threads were stopped: 0.0040391 seconds, Stopping threads took: 0.0000253 seconds
287.653: [GC (Allocation Failure)  491144K->175560K(1032704K), 0.0040183 secs]
287.657: Total time for which application threads were stopped: 0.0041871 seconds, Stopping threads took: 0.0000271 seconds
287.721: [GC (Allocation Failure)  492488K->178472K(1032192K), 0.0045736 secs]
287.726: Total time for which application threads were stopped: 0.0047420 seconds, Stopping threads took: 0.0000188 seconds
287.793: [GC (Allocation Failure)  495400K->183594K(1033216K), 0.0039949 secs]
287.797: Total time for which application threads were stopped: 0.0041635 seconds, Stopping threads took: 0.0000192 seconds
287.864: [GC (Allocation Failure)  501546K->183594K(1032704K), 0.0041022 secs]
287.868: Total time for which application threads were stopped: 0.0042594 seconds, Stopping threads took: 0.0000192 seconds
287.932: [GC (Allocation Failure)  501546K->184138K(1033216K), 0.0065645 secs]
287.939: Total time for which application threads were stopped: 0.0067239 seconds, Stopping threads took: 0.0000198 seconds
288.007: [GC (Allocation Failure)  502602K->191693K(1033216K), 0.0038671 secs]
288.011: Total time for which application threads were stopped: 0.0040245 seconds, Stopping threads took: 0.0000199 seconds
288.077: [GC (Allocation Failure)  510157K->191661K(1033728K), 0.0041842 secs]
288.081: Total time for which application threads were stopped: 0.0043547 seconds, Stopping threads took: 0.0000276 seconds
288.147: [GC (Allocation Failure)  510637K->192877K(1033216K), 0.0042768 secs]
288.151: Total time for which application threads were stopped: 0.0044414 seconds, Stopping threads took: 0.0000187 seconds
288.219: [GC (Allocation Failure)  511853K->199695K(1033728K), 0.0039581 secs]
288.223: Total time for which application threads were stopped: 0.0041283 seconds, Stopping threads took: 0.0000195 seconds
288.292: [GC (Allocation Failure)  519183K->199663K(1033728K), 0.0041321 secs]
288.296: Total time for which application threads were stopped: 0.0042928 seconds, Stopping threads took: 0.0000193 seconds
288.363: [GC (Allocation Failure)  519151K->203719K(1034240K), 0.0048109 secs]
288.368: Total time for which application threads were stopped: 0.0049695 seconds, Stopping threads took: 0.0000193 seconds
288.437: [GC (Allocation Failure)  523719K->207721K(1033728K), 0.0039808 secs]
288.441: Total time for which application threads were stopped: 0.0041497 seconds, Stopping threads took: 0.0000193 seconds
288.506: [GC (Allocation Failure)  527721K->207721K(1034240K), 0.0040068 secs]
288.510: Total time for which application threads were stopped: 0.0041740 seconds, Stopping threads took: 0.0000183 seconds
288.577: [GC (Allocation Failure)  528233K->208841K(1034240K), 0.0041820 secs]
288.581: Total time for which application threads were stopped: 0.0043532 seconds, Stopping threads took: 0.0000273 seconds
288.649: [GC (Allocation Failure)  529353K->215788K(1034240K), 0.0040300 secs]
288.653: Total time for which application threads were stopped: 0.0041896 seconds, Stopping threads took: 0.0000193 seconds
288.722: [GC (Allocation Failure)  536300K->215724K(1034240K), 0.0042179 secs]
288.726: Total time for which application threads were stopped: 0.0043856 seconds, Stopping threads took: 0.0000192 seconds
288.793: [GC (Allocation Failure)  536236K->219148K(1034752K), 0.0047571 secs]
288.798: Total time for which application threads were stopped: 0.0049240 seconds, Stopping threads took: 0.0000187 seconds
288.865: [GC (Allocation Failure)  540172K->223854K(1034240K), 0.0040294 secs]
288.869: Total time for which application threads were stopped: 0.0042081 seconds, Stopping threads took: 0.0000194 seconds
288.935: [GC (Allocation Failure)  544878K->223790K(1034752K), 0.0042125 secs]
288.940: Total time for which application threads were stopped: 0.0043830 seconds, Stopping threads took: 0.0000199 seconds
289.006: [GC (Allocation Failure)  545326K->227374K(1034752K), 0.0051865 secs]
289.012: Total time for which application threads were stopped: 0.0053609 seconds, Stopping threads took: 0.0000209 seconds
289.080: [GC (Allocation Failure)  548910K->231888K(1034752K), 0.0042239 secs]
289.084: Total time for which application threads were stopped: 0.0044012 seconds, Stopping threads took: 0.0000267 seconds
289.150: [GC (Allocation Failure)  553424K->231824K(1034752K), 0.0042010 secs]
289.154: Total time for which application threads were stopped: 0.0043780 seconds, Stopping threads took: 0.0000201 seconds
289.220: [GC (Allocation Failure)  553360K->232520K(1034752K), 0.0040763 secs]
289.225: Total time for which application threads were stopped: 0.0042524 seconds, Stopping threads took: 0.0000194 seconds
289.295: [GC (Allocation Failure)  554056K->239882K(1034752K), 0.0042726 secs]
289.299: Total time for which application threads were stopped: 0.0044325 seconds, Stopping threads took: 0.0000175 seconds
289.366: [GC (Allocation Failure)  561418K->239850K(1034752K), 0.0040904 secs]
289.370: Total time for which application threads were stopped: 0.0042540 seconds, Stopping threads took: 0.0000198 seconds
289.435: [GC (Allocation Failure)  561386K->241770K(1034752K), 0.0043111 secs]
289.439: Total time for which application threads were stopped: 0.0044820 seconds, Stopping threads took: 0.0000202 seconds
289.505: [GC (Allocation Failure)  563306K->247885K(1034752K), 0.0041205 secs]
289.509: Total time for which application threads were stopped: 0.0042879 seconds, Stopping threads took: 0.0000196 seconds
289.575: [GC (Allocation Failure)  569421K->247821K(1034752K), 0.0041494 secs]
289.579: Total time for which application threads were stopped: 0.0043285 seconds, Stopping threads took: 0.0000260 seconds
289.646: [GC (Allocation Failure)  569357K->251077K(1034752K), 0.0049772 secs]
289.651: Total time for which application threads were stopped: 0.0051344 seconds, Stopping threads took: 0.0000161 seconds
289.717: [GC (Allocation Failure)  572613K->255911K(1034752K), 0.0042908 secs]
289.721: Total time for which application threads were stopped: 0.0044879 seconds, Stopping threads took: 0.0000208 seconds
289.789: [GC (Allocation Failure)  577447K->255879K(1034752K), 0.0042032 secs]
289.793: Total time for which application threads were stopped: 0.0043837 seconds, Stopping threads took: 0.0000197 seconds
289.858: [GC (Allocation Failure)  577415K->256199K(1034752K), 0.0043267 secs]
289.862: Total time for which application threads were stopped: 0.0044992 seconds, Stopping threads took: 0.0000200 seconds
289.931: [GC (Allocation Failure)  577735K->264009K(1034752K), 0.0041964 secs]
289.935: Total time for which application threads were stopped: 0.0043541 seconds, Stopping threads took: 0.0000194 seconds
290.002: [GC (Allocation Failure)  585545K->263913K(1034752K), 0.0040261 secs]
290.006: Total time for which application threads were stopped: 0.0042248 seconds, Stopping threads took: 0.0000206 seconds
290.074: [GC (Allocation Failure)  585449K->265449K(1033728K), 0.0042201 secs]
290.078: Total time for which application threads were stopped: 0.0043839 seconds, Stopping threads took: 0.0000264 seconds
290.145: [GC (Allocation Failure)  585961K->271979K(1034240K), 0.0039443 secs]
290.149: Total time for which application threads were stopped: 0.0041289 seconds, Stopping threads took: 0.0000172 seconds
290.217: [GC (Allocation Failure)  592491K->271947K(1034240K), 0.0041366 secs]
290.221: Total time for which application threads were stopped: 0.0042993 seconds, Stopping threads took: 0.0000190 seconds
290.288: [GC (Allocation Failure)  592459K->275755K(1034240K), 0.0050457 secs]
290.294: Total time for which application threads were stopped: 0.0052093 seconds, Stopping threads took: 0.0000192 seconds
290.363: [GC (Allocation Failure)  596267K->279982K(1034752K), 0.0042125 secs]
290.367: Total time for which application threads were stopped: 0.0043841 seconds, Stopping threads took: 0.0000196 seconds
290.434: [GC (Allocation Failure)  601518K->279982K(1034752K), 0.0040942 secs]
290.439: Total time for which application threads were stopped: 0.0044362 seconds, Stopping threads took: 0.0000217 seconds
290.504: [GC (Allocation Failure)  601518K->283974K(1035264K), 0.0051491 secs]
290.509: Total time for which application threads were stopped: 0.0053248 seconds, Stopping threads took: 0.0000285 seconds
290.579: [GC (Allocation Failure)  606022K->288104K(1034752K), 0.0041205 secs]
290.583: Total time for which application threads were stopped: 0.0043015 seconds, Stopping threads took: 0.0000289 seconds
290.652: [GC (Allocation Failure)  610152K->288008K(1035264K), 0.0041746 secs]
290.657: Total time for which application threads were stopped: 0.0043314 seconds, Stopping threads took: 0.0000200 seconds
290.725: [GC (Allocation Failure)  610568K->291208K(1035264K), 0.0047207 secs]
290.729: Total time for which application threads were stopped: 0.0048834 seconds, Stopping threads took: 0.0000196 seconds
290.796: [GC (Allocation Failure)  613768K->296042K(1035264K), 0.0041782 secs]
290.801: Total time for which application threads were stopped: 0.0043441 seconds, Stopping threads took: 0.0000197 seconds
290.868: [GC (Allocation Failure)  618602K->296042K(1035264K), 0.0042327 secs]
290.873: Total time for which application threads were stopped: 0.0044249 seconds, Stopping threads took: 0.0000193 seconds
290.941: [GC (Allocation Failure)  618602K->299402K(1035264K), 0.0048733 secs]
290.945: Total time for which application threads were stopped: 0.0050227 seconds, Stopping threads took: 0.0000165 seconds
291.013: [GC (Allocation Failure)  621962K->304172K(1035264K), 0.0038976 secs]
291.017: Total time for which application threads were stopped: 0.0040546 seconds, Stopping threads took: 0.0000194 seconds
291.087: [GC (Allocation Failure)  626732K->304108K(1035264K), 0.0040436 secs]
291.091: Total time for which application threads were stopped: 0.0042517 seconds, Stopping threads took: 0.0000259 seconds
291.160: [GC (Allocation Failure)  626668K->307620K(1035264K), 0.0050029 secs]
291.165: Total time for which application threads were stopped: 0.0051977 seconds, Stopping threads took: 0.0000191 seconds
291.233: [GC (Allocation Failure)  630180K->312135K(1034752K), 0.0043543 secs]
291.238: Total time for which application threads were stopped: 0.0045234 seconds, Stopping threads took: 0.0000198 seconds
291.306: [GC (Allocation Failure)  634695K->312135K(1035264K), 0.0042315 secs]
291.310: Total time for which application threads were stopped: 0.0043925 seconds, Stopping threads took: 0.0000202 seconds
291.377: [GC (Allocation Failure)  634695K->315879K(1035776K), 0.0051092 secs]
291.382: Total time for which application threads were stopped: 0.0052722 seconds, Stopping threads took: 0.0000199 seconds
291.451: [GC (Allocation Failure)  639463K->320137K(1035776K), 0.0044778 secs]
291.455: Total time for which application threads were stopped: 0.0046600 seconds, Stopping threads took: 0.0000202 seconds
291.522: [GC (Allocation Failure)  643721K->320169K(1035776K), 0.0054003 secs]
291.528: Total time for which application threads were stopped: 0.0055644 seconds, Stopping threads took: 0.0000215 seconds
291.597: [GC (Allocation Failure)  643753K->323113K(1035776K), 0.0048862 secs]
291.602: Total time for which application threads were stopped: 0.0050728 seconds, Stopping threads took: 0.0000209 seconds
291.673: [GC (Allocation Failure)  646697K->328395K(1035776K), 0.0041704 secs]
291.677: Total time for which application threads were stopped: 0.0043426 seconds, Stopping threads took: 0.0000195 seconds
291.746: [GC (Allocation Failure)  651979K->328171K(1035776K), 0.0043520 secs]
291.750: Total time for which application threads were stopped: 0.0045278 seconds, Stopping threads took: 0.0000197 seconds
291.818: [GC (Allocation Failure)  651755K->326345K(1036288K), 0.0036957 secs]
291.822: Total time for which application threads were stopped: 0.0038511 seconds, Stopping threads took: 0.0000179 seconds
291.890: [GC (Allocation Failure)  650441K->328331K(1035776K), 0.0042885 secs]
291.894: Total time for which application threads were stopped: 0.0044593 seconds, Stopping threads took: 0.0000196 seconds
291.963: [GC (Allocation Failure)  652427K->328203K(1036288K), 0.0041752 secs]
291.967: Total time for which application threads were stopped: 0.0043353 seconds, Stopping threads took: 0.0000196 seconds
292.035: [GC (Allocation Failure)  652811K->335745K(1036288K), 0.0197951 secs]
292.055: Total time for which application threads were stopped: 0.0199523 seconds, Stopping threads took: 0.0000192 seconds
292.124: [GC (Allocation Failure)  660353K->331619K(1032192K), 0.0063896 secs]
292.130: Total time for which application threads were stopped: 0.0065483 seconds, Stopping threads took: 0.0000250 seconds
292.198: [GC (Allocation Failure)  652131K->331491K(1034240K), 0.0042113 secs]
292.202: Total time for which application threads were stopped: 0.0043686 seconds, Stopping threads took: 0.0000196 seconds
292.269: [GC (Allocation Failure)  652003K->324961K(1033728K), 0.0017170 secs]
292.271: Total time for which application threads were stopped: 0.0018529 seconds, Stopping threads took: 0.0000193 seconds
292.342: [GC (Allocation Failure)  645473K->331611K(1034240K), 0.0043325 secs]
292.347: Total time for which application threads were stopped: 0.0044893 seconds, Stopping threads took: 0.0000159 seconds
292.414: [GC (Allocation Failure)  652123K->335667K(1035264K), 0.0052042 secs]
292.420: Total time for which application threads were stopped: 0.0053738 seconds, Stopping threads took: 0.0000192 seconds
292.487: [GC (Allocation Failure)  657715K->328849K(1034752K), 0.0015186 secs]
292.489: Total time for which application threads were stopped: 0.0016452 seconds, Stopping threads took: 0.0000196 seconds
292.559: [GC (Allocation Failure)  650897K->335923K(1035264K), 0.0043051 secs]
292.563: Total time for which application threads were stopped: 0.0044630 seconds, Stopping threads took: 0.0000169 seconds
292.631: [GC (Allocation Failure)  657971K->339819K(1034752K), 0.0053327 secs]
292.636: Total time for which application threads were stopped: 0.0055035 seconds, Stopping threads took: 0.0000258 seconds
292.703: [GC (Allocation Failure)  661867K->335753K(1035264K), 0.0029803 secs]
292.706: Total time for which application threads were stopped: 0.0031404 seconds, Stopping threads took: 0.0000205 seconds
292.773: [GC (Allocation Failure)  658313K->340019K(1035264K), 0.0042817 secs]
292.778: Total time for which application threads were stopped: 0.0044320 seconds, Stopping threads took: 0.0000197 seconds
292.846: [GC (Allocation Failure)  662579K->343947K(1035776K), 0.0042937 secs]
292.851: Total time for which application threads were stopped: 0.0044500 seconds, Stopping threads took: 0.0000172 seconds
292.917: [GC (Allocation Failure)  667531K->343947K(1035776K), 0.0043565 secs]
292.921: Total time for which application threads were stopped: 0.0045560 seconds, Stopping threads took: 0.0000199 seconds
292.988: [GC (Allocation Failure)  667531K->344099K(1034752K), 0.0046436 secs]
292.993: Total time for which application threads were stopped: 0.0048015 seconds, Stopping threads took: 0.0000164 seconds
293.060: [GC (Allocation Failure)  666659K->351973K(1035264K), 0.0064628 secs]
293.067: Total time for which application threads were stopped: 0.0066319 seconds, Stopping threads took: 0.0000200 seconds
293.137: [GC (Allocation Failure)  674533K->351973K(1035264K), 0.0042663 secs]
293.141: Total time for which application threads were stopped: 0.0044400 seconds, Stopping threads took: 0.0000263 seconds
293.209: [GC (Allocation Failure)  674533K->352109K(1022464K), 0.0042748 secs]
293.213: Total time for which application threads were stopped: 0.0044748 seconds, Stopping threads took: 0.0000217 seconds
293.282: [GC (Allocation Failure)  674669K->360016K(1034752K), 0.0042591 secs]
293.286: Total time for which application threads were stopped: 0.0044189 seconds, Stopping threads took: 0.0000197 seconds
293.355: [GC (Allocation Failure)  681552K->360016K(1034752K), 0.0041871 secs]
293.359: Total time for which application threads were stopped: 0.0043654 seconds, Stopping threads took: 0.0000200 seconds
293.424: [GC (Allocation Failure)  681552K->360072K(1033728K), 0.0041851 secs]
293.428: Total time for which application threads were stopped: 0.0043505 seconds, Stopping threads took: 0.0000192 seconds
293.496: [GC (Allocation Failure)  680584K->368042K(1034240K), 0.0043582 secs]
293.500: Total time for which application threads were stopped: 0.0045161 seconds, Stopping threads took: 0.0000188 seconds
293.568: [GC (Allocation Failure)  688554K->368042K(1034240K), 0.0041099 secs]
293.572: Total time for which application threads were stopped: 0.0043000 seconds, Stopping threads took: 0.0000190 seconds
293.639: [GC (Allocation Failure)  688554K->368202K(1034240K), 0.0043398 secs]
293.643: Total time for which application threads were stopped: 0.0044896 seconds, Stopping threads took: 0.0000167 seconds
293.710: [GC (Allocation Failure)  688714K->376108K(1034240K), 0.0043915 secs]
293.715: Total time for which application threads were stopped: 0.0045679 seconds, Stopping threads took: 0.0000198 seconds
293.782: [GC (Allocation Failure)  696620K->376076K(1034240K), 0.0042836 secs]
293.786: Total time for which application threads were stopped: 0.0044436 seconds, Stopping threads took: 0.0000197 seconds
293.853: [GC (Allocation Failure)  696588K->376428K(1033216K), 0.0042749 secs]
293.857: Total time for which application threads were stopped: 0.0044489 seconds, Stopping threads took: 0.0000198 seconds
293.924: [GC (Allocation Failure)  695916K->384111K(1033728K), 0.0045010 secs]
293.929: Total time for which application threads were stopped: 0.0046661 seconds, Stopping threads took: 0.0000195 seconds
293.995: [GC (Allocation Failure)  703599K->384111K(1033728K), 0.0044612 secs]
293.999: Total time for which application threads were stopped: 0.0046237 seconds, Stopping threads took: 0.0000200 seconds
294.066: [GC (Allocation Failure)  703599K->384167K(1033728K), 0.0044288 secs]
294.071: Total time for which application threads were stopped: 0.0046234 seconds, Stopping threads took: 0.0000196 seconds
294.139: [GC (Allocation Failure)  703655K->392137K(1033728K), 0.0041787 secs]
294.144: Total time for which application threads were stopped: 0.0043404 seconds, Stopping threads took: 0.0000199 seconds
294.209: [GC (Allocation Failure)  711624K->388231K(1033728K), 0.0032894 secs]
294.212: Total time for which application threads were stopped: 0.0034599 seconds, Stopping threads took: 0.0000193 seconds
294.281: [GC (Allocation Failure)  707719K->392297K(1034752K), 0.0044457 secs]
294.286: Total time for which application threads were stopped: 0.0046225 seconds, Stopping threads took: 0.0000193 seconds
294.355: [GC (Allocation Failure)  713321K->396265K(1034240K), 0.0043692 secs]
294.359: Total time for which application threads were stopped: 0.0045294 seconds, Stopping threads took: 0.0000174 seconds
294.425: [GC (Allocation Failure)  717289K->390471K(1034752K), 0.0023001 secs]
294.427: Total time for which application threads were stopped: 0.0024633 seconds, Stopping threads took: 0.0000194 seconds
294.496: [GC (Allocation Failure)  712007K->396369K(1034752K), 0.0043221 secs]
294.500: Total time for which application threads were stopped: 0.0044998 seconds, Stopping threads took: 0.0000170 seconds
294.567: [GC (Allocation Failure)  717905K->400409K(1035264K), 0.0048371 secs]
294.571: Total time for which application threads were stopped: 0.0050150 seconds, Stopping threads took: 0.0000199 seconds
294.640: [GC (Allocation Failure)  722707K->396471K(1035264K), 0.0032314 secs]
294.643: Total time for which application threads were stopped: 0.0034121 seconds, Stopping threads took: 0.0000204 seconds
294.713: [GC (Allocation Failure)  719031K->400569K(1036288K), 0.0045430 secs]
294.717: Total time for which application threads were stopped: 0.0047200 seconds, Stopping threads took: 0.0000209 seconds
294.786: [GC (Allocation Failure)  724665K->404537K(1035776K), 0.0042694 secs]
294.790: Total time for which application threads were stopped: 0.0044336 seconds, Stopping threads took: 0.0000202 seconds
294.857: [GC (Allocation Failure)  728633K->404537K(1035776K), 0.0043930 secs]
294.861: Total time for which application threads were stopped: 0.0045687 seconds, Stopping threads took: 0.0000215 seconds
294.929: [GC (Allocation Failure)  728121K->404601K(1023488K), 0.0044591 secs]
294.933: Total time for which application threads were stopped: 0.0046397 seconds, Stopping threads took: 0.0000281 seconds
295.001: [GC (Allocation Failure)  728185K->412603K(1035264K), 0.0044092 secs]
295.006: Total time for which application threads were stopped: 0.0045854 seconds, Stopping threads took: 0.0000202 seconds
295.077: [GC (Allocation Failure)  735163K->412539K(1030144K), 0.0040504 secs]
295.081: Total time for which application threads were stopped: 0.0042148 seconds, Stopping threads took: 0.0000260 seconds
295.149: [GC (Allocation Failure)  735099K->412643K(1034752K), 0.0046313 secs]
295.153: Total time for which application threads were stopped: 0.0047918 seconds, Stopping threads took: 0.0000197 seconds
295.220: [GC (Allocation Failure)  734179K->420613K(1034752K), 0.0065563 secs]
295.227: Total time for which application threads were stopped: 0.0067326 seconds, Stopping threads took: 0.0000196 seconds
295.296: [GC (Allocation Failure)  742149K->420613K(1033728K), 0.0044074 secs]
295.300: Total time for which application threads were stopped: 0.0045705 seconds, Stopping threads took: 0.0000199 seconds
295.368: [GC (Allocation Failure)  741125K->420877K(1034240K), 0.0045494 secs]
295.373: Total time for which application threads were stopped: 0.0047140 seconds, Stopping threads took: 0.0000185 seconds
295.440: [GC (Allocation Failure)  741389K->428688K(1034240K), 0.0044047 secs]
295.444: Total time for which application threads were stopped: 0.0045777 seconds, Stopping threads took: 0.0000195 seconds
295.512: [GC (Allocation Failure)  749200K->428656K(1034240K), 0.0045132 secs]
295.517: Total time for which application threads were stopped: 0.0046823 seconds, Stopping threads took: 0.0000194 seconds
295.584: [GC (Allocation Failure)  749168K->429096K(1033216K), 0.0043200 secs]
295.589: Total time for which application threads were stopped: 0.0044812 seconds, Stopping threads took: 0.0000190 seconds
295.656: [GC (Allocation Failure)  748584K->436682K(1033728K), 0.0045020 secs]
295.660: Total time for which application threads were stopped: 0.0046785 seconds, Stopping threads took: 0.0000256 seconds
295.730: [GC (Allocation Failure)  756170K->436682K(1033728K), 0.0044490 secs]
295.735: Total time for which application threads were stopped: 0.0046098 seconds, Stopping threads took: 0.0000279 seconds
295.800: [GC (Allocation Failure)  756170K->436810K(1033728K), 0.0045293 secs]
295.805: Total time for which application threads were stopped: 0.0047233 seconds, Stopping threads took: 0.0000196 seconds
295.872: [GC (Allocation Failure)  756298K->444748K(1033728K), 0.0045250 secs]
295.877: Total time for which application threads were stopped: 0.0046915 seconds, Stopping threads took: 0.0000195 seconds
295.945: [GC (Allocation Failure)  764236K->444716K(1033728K), 0.0045251 secs]
295.949: Total time for which application threads were stopped: 0.0046880 seconds, Stopping threads took: 0.0000195 seconds
296.016: [GC (Allocation Failure)  764204K->444780K(1033728K), 0.0044459 secs]
296.020: Total time for which application threads were stopped: 0.0046165 seconds, Stopping threads took: 0.0000195 seconds
296.088: [GC (Allocation Failure)  764268K->452750K(1027072K), 0.0045923 secs]
296.092: Total time for which application threads were stopped: 0.0047525 seconds, Stopping threads took: 0.0000257 seconds
296.158: [GC (Allocation Failure)  772238K->448844K(1034240K), 0.0036116 secs]
296.162: Total time for which application threads were stopped: 0.0037769 seconds, Stopping threads took: 0.0000201 seconds
296.229: [GC (Allocation Failure)  768332K->452878K(1033216K), 0.0044624 secs]
296.234: Total time for which application threads were stopped: 0.0046186 seconds, Stopping threads took: 0.0000189 seconds
296.301: [GC (Allocation Failure)  772366K->456878K(1034752K), 0.0044807 secs]
296.306: Total time for which application threads were stopped: 0.0046491 seconds, Stopping threads took: 0.0000195 seconds
296.373: [GC (Allocation Failure)  778414K->450060K(1034752K), 0.0018154 secs]
296.375: Total time for which application threads were stopped: 0.0019544 seconds, Stopping threads took: 0.0000171 seconds
296.441: [GC (Allocation Failure)  771596K->456910K(1034752K), 0.0045007 secs]
296.446: Total time for which application threads were stopped: 0.0046845 seconds, Stopping threads took: 0.0000202 seconds
296.513: [GC (Allocation Failure)  778446K->461054K(1034752K), 0.0053255 secs]
296.518: Total time for which application threads were stopped: 0.0055050 seconds, Stopping threads took: 0.0000202 seconds
296.585: [GC (Allocation Failure)  782590K->455452K(1034752K), 0.0025656 secs]
296.587: Total time for which application threads were stopped: 0.0027569 seconds, Stopping threads took: 0.0000262 seconds
296.656: [GC (Allocation Failure)  776988K->461318K(1034752K), 0.0046867 secs]
296.661: Total time for which application threads were stopped: 0.0048556 seconds, Stopping threads took: 0.0000197 seconds
296.728: [GC (Allocation Failure)  782854K->465190K(1035264K), 0.0048126 secs]
296.733: Total time for which application threads were stopped: 0.0049795 seconds, Stopping threads took: 0.0000197 seconds
296.799: [GC (Allocation Failure)  787679K->461252K(1035264K), 0.0032034 secs]
296.802: Total time for which application threads were stopped: 0.0033696 seconds, Stopping threads took: 0.0000195 seconds
296.870: [GC (Allocation Failure)  783812K->465326K(1036288K), 0.0046247 secs]
296.875: Total time for which application threads were stopped: 0.0048055 seconds, Stopping threads took: 0.0000199 seconds
296.942: [GC (Allocation Failure)  789422K->469262K(1035776K), 0.0045348 secs]
296.947: Total time for which application threads were stopped: 0.0047109 seconds, Stopping threads took: 0.0000194 seconds
297.015: [GC (Allocation Failure)  793358K->469326K(1035776K), 0.0064473 secs]
297.021: Total time for which application threads were stopped: 0.0066093 seconds, Stopping threads took: 0.0000277 seconds
297.089: [GC (Allocation Failure)  792910K->469350K(1023488K), 0.0043571 secs]
297.094: Total time for which application threads were stopped: 0.0045113 seconds, Stopping threads took: 0.0000253 seconds
297.161: [GC (Allocation Failure)  792934K->477353K(1035264K), 0.0045063 secs]
297.166: Total time for which application threads were stopped: 0.0046789 seconds, Stopping threads took: 0.0000206 seconds
297.233: [GC (Allocation Failure)  799913K->477321K(1030144K), 0.0044915 secs]
297.238: Total time for which application threads were stopped: 0.0046698 seconds, Stopping threads took: 0.0000199 seconds
297.305: [GC (Allocation Failure)  799881K->477385K(1034752K), 0.0046082 secs]
297.310: Total time for which application threads were stopped: 0.0047715 seconds, Stopping threads took: 0.0000200 seconds
297.378: [GC (Allocation Failure)  798921K->485387K(1029120K), 0.0046181 secs]
297.382: Total time for which application threads were stopped: 0.0048016 seconds, Stopping threads took: 0.0000284 seconds
297.450: [GC (Allocation Failure)  806923K->485355K(1034240K), 0.0044603 secs]
297.455: Total time for which application threads were stopped: 0.0046299 seconds, Stopping threads took: 0.0000216 seconds
297.522: [GC (Allocation Failure)  805867K->485579K(1034240K), 0.0045864 secs]
297.526: Total time for which application threads were stopped: 0.0047429 seconds, Stopping threads took: 0.0000184 seconds
297.596: [GC (Allocation Failure)  806091K->493389K(1034240K), 0.0045101 secs]
297.600: Total time for which application threads were stopped: 0.0046712 seconds, Stopping threads took: 0.0000193 seconds
297.668: [GC (Allocation Failure)  813901K->493421K(1034240K), 0.0045140 secs]
297.673: Total time for which application threads were stopped: 0.0046764 seconds, Stopping threads took: 0.0000200 seconds
297.740: [GC (Allocation Failure)  813933K->493837K(1033216K), 0.0047133 secs]
297.745: Total time for which application threads were stopped: 0.0049084 seconds, Stopping threads took: 0.0000195 seconds
297.814: [GC (Allocation Failure)  813325K->501455K(1033728K), 0.0046409 secs]
297.818: Total time for which application threads were stopped: 0.0047912 seconds, Stopping threads took: 0.0000167 seconds
297.886: [GC (Allocation Failure)  820943K->501423K(1033728K), 0.0046387 secs]
297.890: Total time for which application threads were stopped: 0.0048071 seconds, Stopping threads took: 0.0000193 seconds
297.955: [GC (Allocation Failure)  820911K->501543K(1033728K), 0.0044327 secs]
297.959: Total time for which application threads were stopped: 0.0046065 seconds, Stopping threads took: 0.0000192 seconds
298.028: [GC (Allocation Failure)  821031K->509482K(1033728K), 0.0046816 secs]
298.033: Total time for which application threads were stopped: 0.0048534 seconds, Stopping threads took: 0.0000199 seconds
298.100: [GC (Allocation Failure)  828970K->509450K(1033728K), 0.0046687 secs]
298.105: Total time for which application threads were stopped: 0.0048332 seconds, Stopping threads took: 0.0000252 seconds
298.172: [GC (Allocation Failure)  828938K->509514K(1033728K), 0.0064857 secs]
298.178: Total time for which application threads were stopped: 0.0066542 seconds, Stopping threads took: 0.0000194 seconds
298.245: [GC (Allocation Failure)  829002K->517484K(1027072K), 0.0047034 secs]
298.250: Total time for which application threads were stopped: 0.0048496 seconds, Stopping threads took: 0.0000170 seconds
298.317: [GC (Allocation Failure)  836972K->513578K(1034240K), 0.0048458 secs]
298.322: Total time for which application threads were stopped: 0.0050082 seconds, Stopping threads took: 0.0000245 seconds
298.390: [GC (Allocation Failure)  833066K->517644K(1033216K), 0.0047283 secs]
298.395: Total time for which application threads were stopped: 0.0049230 seconds, Stopping threads took: 0.0000196 seconds
298.463: [GC (Allocation Failure)  837132K->521644K(1034752K), 0.0047012 secs]
298.468: Total time for which application threads were stopped: 0.0048586 seconds, Stopping threads took: 0.0000173 seconds
298.534: [GC (Allocation Failure)  843180K->514858K(1034752K), 0.0019848 secs]
298.536: Total time for which application threads were stopped: 0.0021253 seconds, Stopping threads took: 0.0000194 seconds
298.603: [GC (Allocation Failure)  836394K->521684K(1034752K), 0.0045131 secs]
298.608: Total time for which application threads were stopped: 0.0046743 seconds, Stopping threads took: 0.0000270 seconds
298.673: [GC (Allocation Failure)  843220K->525788K(1034752K), 0.0055774 secs]
298.679: Total time for which application threads were stopped: 0.0057503 seconds, Stopping threads took: 0.0000199 seconds
298.744: [GC (Allocation Failure)  847324K->520218K(1034752K), 0.0034678 secs]
298.748: Total time for which application threads were stopped: 0.0036342 seconds, Stopping threads took: 0.0000203 seconds
298.814: [GC (Allocation Failure)  841754K->526028K(1034752K), 0.0047788 secs]
298.819: Total time for which application threads were stopped: 0.0049494 seconds, Stopping threads took: 0.0000196 seconds
298.886: [GC (Allocation Failure)  847564K->529900K(1035264K), 0.0049110 secs]
298.891: Total time for which application threads were stopped: 0.0050744 seconds, Stopping threads took: 0.0000200 seconds
298.957: [GC (Allocation Failure)  852388K->525994K(1035264K), 0.0035329 secs]
298.961: Total time for which application threads were stopped: 0.0036934 seconds, Stopping threads took: 0.0000192 seconds
299.029: [GC (Allocation Failure)  848554K->530060K(1036288K), 0.0046114 secs]
299.033: Total time for which application threads were stopped: 0.0047827 seconds, Stopping threads took: 0.0000200 seconds
299.101: [GC (Allocation Failure)  854156K->534060K(1035776K), 0.0058795 secs]
299.107: Total time for which application threads were stopped: 0.0060583 seconds, Stopping threads took: 0.0000279 seconds
299.176: [GC (Allocation Failure)  858156K->534028K(1035776K), 0.0064987 secs]
299.183: Total time for which application threads were stopped: 0.0066721 seconds, Stopping threads took: 0.0000198 seconds
299.251: [GC (Allocation Failure)  857612K->534092K(1023488K), 0.0047458 secs]
299.256: Total time for which application threads were stopped: 0.0049274 seconds, Stopping threads took: 0.0000198 seconds
299.322: [GC (Allocation Failure)  857676K->542094K(1035264K), 0.0045830 secs]
299.327: Total time for which application threads were stopped: 0.0047823 seconds, Stopping threads took: 0.0000273 seconds
299.395: [GC (Allocation Failure)  864654K->542062K(1030144K), 0.0043708 secs]
299.399: Total time for which application threads were stopped: 0.0045688 seconds, Stopping threads took: 0.0000192 seconds
299.467: [GC (Allocation Failure)  864622K->542126K(1034752K), 0.0048213 secs]
299.472: Total time for which application threads were stopped: 0.0049937 seconds, Stopping threads took: 0.0000196 seconds
299.539: [GC (Allocation Failure)  863662K->550129K(1029120K), 0.0048796 secs]
299.544: Total time for which application threads were stopped: 0.0050551 seconds, Stopping threads took: 0.0000205 seconds
299.612: [GC (Allocation Failure)  871665K->550097K(1034240K), 0.0045274 secs]
299.617: Total time for which application threads were stopped: 0.0046996 seconds, Stopping threads took: 0.0000205 seconds
299.683: [GC (Allocation Failure)  870609K->550345K(1034240K), 0.0046696 secs]
299.688: Total time for which application threads were stopped: 0.0048499 seconds, Stopping threads took: 0.0000197 seconds
299.757: [GC (Allocation Failure)  870857K->558155K(1034240K), 0.0046671 secs]
299.762: Total time for which application threads were stopped: 0.0048419 seconds, Stopping threads took: 0.0000204 seconds
299.830: [GC (Allocation Failure)  878667K->558123K(1034240K), 0.0048463 secs]
299.835: Total time for which application threads were stopped: 0.0050161 seconds, Stopping threads took: 0.0000196 seconds
299.903: [GC (Allocation Failure)  878635K->558571K(1033216K), 0.0048419 secs]
299.908: Total time for which application threads were stopped: 0.0050414 seconds, Stopping threads took: 0.0000196 seconds
299.975: [GC (Allocation Failure)  878059K->566157K(1033728K), 0.0046452 secs]
299.980: Total time for which application threads were stopped: 0.0048037 seconds, Stopping threads took: 0.0000204 seconds
300.048: [GC (Allocation Failure)  885645K->566157K(1033728K), 0.0045260 secs]
300.052: Total time for which application threads were stopped: 0.0047293 seconds, Stopping threads took: 0.0000284 seconds
300.119: [GC (Allocation Failure)  885645K->566285K(1033728K), 0.0046944 secs]
300.124: Total time for which application threads were stopped: 0.0048671 seconds, Stopping threads took: 0.0000253 seconds
300.191: [GC (Allocation Failure)  885773K->574223K(1033728K), 0.0045688 secs]
300.195: Total time for which application threads were stopped: 0.0047369 seconds, Stopping threads took: 0.0000272 seconds
300.265: [GC (Allocation Failure)  893711K->574159K(1033728K), 0.0047751 secs]
300.269: Total time for which application threads were stopped: 0.0049450 seconds, Stopping threads took: 0.0000281 seconds
300.338: [GC (Allocation Failure)  893647K->574247K(1033728K), 0.0047447 secs]
300.343: Total time for which application threads were stopped: 0.0049028 seconds, Stopping threads took: 0.0000143 seconds
300.409: [GC (Allocation Failure)  893735K->582218K(1027072K), 0.0047770 secs]
300.414: Total time for which application threads were stopped: 0.0049437 seconds, Stopping threads took: 0.0000278 seconds
300.479: [GC (Allocation Failure)  901705K->578311K(1034240K), 0.0037310 secs]
300.483: Total time for which application threads were stopped: 0.0039125 seconds, Stopping threads took: 0.0000276 seconds
300.550: [GC (Allocation Failure)  897799K->582378K(1033216K), 0.0049209 secs]
300.555: Total time for which application threads were stopped: 0.0050994 seconds, Stopping threads took: 0.0000212 seconds
300.622: [GC (Allocation Failure)  901866K->586378K(1034752K), 0.0046116 secs]
300.627: Total time for which application threads were stopped: 0.0047783 seconds, Stopping threads took: 0.0000266 seconds
300.693: [GC (Allocation Failure)  907914K->579559K(1034752K), 0.0021684 secs]
300.696: Total time for which application threads were stopped: 0.0023393 seconds, Stopping threads took: 0.0000194 seconds
300.762: [GC (Allocation Failure)  901095K->586442K(1034752K), 0.0046627 secs]
300.767: Total time for which application threads were stopped: 0.0048239 seconds, Stopping threads took: 0.0000199 seconds
300.833: [GC (Allocation Failure)  907978K->590522K(1034752K), 0.0105579 secs]
300.843: Total time for which application threads were stopped: 0.0107178 seconds, Stopping threads took: 0.0000197 seconds
300.909: [GC (Allocation Failure)  912058K->584919K(1034752K), 0.0028939 secs]
300.912: Total time for which application threads were stopped: 0.0030715 seconds, Stopping threads took: 0.0000279 seconds
300.979: [GC (Allocation Failure)  906455K->590794K(1034752K), 0.0046471 secs]
300.984: Total time for which application threads were stopped: 0.0048158 seconds, Stopping threads took: 0.0000187 seconds
301.053: [GC (Allocation Failure)  912330K->594674K(1035264K), 0.0050629 secs]
301.058: Total time for which application threads were stopped: 0.0052374 seconds, Stopping threads took: 0.0000203 seconds
301.125: [GC (Allocation Failure)  917162K->590735K(1035264K), 0.0064142 secs]
301.131: Total time for which application threads were stopped: 0.0065804 seconds, Stopping threads took: 0.0000260 seconds
301.200: [GC (Allocation Failure)  913295K->594794K(1036288K), 0.0049411 secs]
301.205: Total time for which application threads were stopped: 0.0051280 seconds, Stopping threads took: 0.0000194 seconds
301.272: [GC (Allocation Failure)  918890K->598794K(1035776K), 0.0048921 secs]
301.277: Total time for which application threads were stopped: 0.0050639 seconds, Stopping threads took: 0.0000219 seconds
301.346: [GC (Allocation Failure)  922890K->598762K(1035776K), 0.0046627 secs]
301.351: Total time for which application threads were stopped: 0.0048553 seconds, Stopping threads took: 0.0000188 seconds
301.420: [GC (Allocation Failure)  922346K->598818K(1023488K), 0.0050041 secs]
301.425: Total time for which application threads were stopped: 0.0051545 seconds, Stopping threads took: 0.0000171 seconds
301.491: [GC (Allocation Failure)  922402K->606820K(1035264K), 0.0047478 secs]
301.496: Total time for which application threads were stopped: 0.0049118 seconds, Stopping threads took: 0.0000203 seconds
301.563: [GC (Allocation Failure)  929380K->606820K(1030144K), 0.0047532 secs]
301.568: Total time for which application threads were stopped: 0.0049229 seconds, Stopping threads took: 0.0000201 seconds
301.636: [GC (Allocation Failure)  929380K->606860K(1034752K), 0.0046982 secs]
301.640: Total time for which application threads were stopped: 0.0048744 seconds, Stopping threads took: 0.0000276 seconds
301.708: [GC (Allocation Failure)  928396K->614830K(1029120K), 0.0049804 secs]
301.713: Total time for which application threads were stopped: 0.0051379 seconds, Stopping threads took: 0.0000192 seconds
301.782: [GC (Allocation Failure)  936366K->614830K(1034240K), 0.0047826 secs]
301.787: Total time for which application threads were stopped: 0.0049440 seconds, Stopping threads took: 0.0000199 seconds
301.853: [GC (Allocation Failure)  935342K->615078K(1034240K), 0.0048933 secs]
301.858: Total time for which application threads were stopped: 0.0050647 seconds, Stopping threads took: 0.0000198 seconds
301.926: [GC (Allocation Failure)  935590K->622888K(1034240K), 0.0047620 secs]
301.931: Total time for which application threads were stopped: 0.0049260 seconds, Stopping threads took: 0.0000200 seconds
301.998: [GC (Allocation Failure)  943400K->622856K(1034240K), 0.0048824 secs]
302.003: Total time for which application threads were stopped: 0.0050607 seconds, Stopping threads took: 0.0000202 seconds
302.070: [GC (Allocation Failure)  943368K->623304K(1033216K), 0.0047417 secs]
302.075: Total time for which application threads were stopped: 0.0049309 seconds, Stopping threads took: 0.0000207 seconds
302.142: [GC (Allocation Failure)  942792K->630923K(1033728K), 0.0050191 secs]
302.147: Total time for which application threads were stopped: 0.0051961 seconds, Stopping threads took: 0.0000275 seconds
302.214: [GC (Allocation Failure)  950411K->630923K(1033728K), 0.0048338 secs]
302.219: Total time for which application threads were stopped: 0.0050036 seconds, Stopping threads took: 0.0000194 seconds
302.284: [GC (Allocation Failure)  950411K->631027K(1033728K), 0.0065362 secs]
302.291: Total time for which application threads were stopped: 0.0066935 seconds, Stopping threads took: 0.0000188 seconds
302.360: [GC (Allocation Failure)  950515K->638933K(1033728K), 0.0048363 secs]
302.365: Total time for which application threads were stopped: 0.0050051 seconds, Stopping threads took: 0.0000191 seconds
302.431: [GC (Allocation Failure)  958421K->638901K(1033728K), 0.0049472 secs]
302.436: Total time for which application threads were stopped: 0.0051018 seconds, Stopping threads took: 0.0000185 seconds
302.503: [GC (Allocation Failure)  958389K->638997K(1033728K), 0.0049225 secs]
302.508: Total time for which application threads were stopped: 0.0050869 seconds, Stopping threads took: 0.0000226 seconds
302.574: [GC (Allocation Failure)  958485K->646967K(1027072K), 0.0049054 secs]
302.579: Total time for which application threads were stopped: 0.0050675 seconds, Stopping threads took: 0.0000201 seconds
302.644: [GC (Allocation Failure)  966455K->643093K(1034240K), 0.0039352 secs]
302.648: Total time for which application threads were stopped: 0.0041005 seconds, Stopping threads took: 0.0000192 seconds
302.715: [GC (Allocation Failure)  962581K->647119K(1033216K), 0.0051232 secs]
302.721: Total time for which application threads were stopped: 0.0053139 seconds, Stopping threads took: 0.0000193 seconds
302.790: [GC (Allocation Failure)  966607K->651087K(1034752K), 0.0048894 secs]
302.795: Total time for which application threads were stopped: 0.0050757 seconds, Stopping threads took: 0.0000201 seconds
302.863: [GC (Allocation Failure)  972623K->644269K(1034752K), 0.0021721 secs]
302.865: Total time for which application threads were stopped: 0.0023225 seconds, Stopping threads took: 0.0000253 seconds
302.932: [GC (Allocation Failure)  965805K->651127K(1034752K), 0.0048430 secs]
302.937: Total time for which application threads were stopped: 0.0050318 seconds, Stopping threads took: 0.0000196 seconds
303.003: [GC (Allocation Failure)  972663K->655271K(1034752K), 0.0057882 secs]
303.009: Total time for which application threads were stopped: 0.0059663 seconds, Stopping threads took: 0.0000223 seconds
303.074: [GC (Allocation Failure)  976807K->649669K(1034752K), 0.0029872 secs]
303.077: Total time for which application threads were stopped: 0.0031881 seconds, Stopping threads took: 0.0000192 seconds
303.145: [GC (Allocation Failure)  971205K->655511K(1034752K), 0.0049495 secs]
303.150: Total time for which application threads were stopped: 0.0051238 seconds, Stopping threads took: 0.0000207 seconds
303.217: [GC (Allocation Failure)  977047K->659391K(1034752K), 0.0073508 secs]
303.224: Total time for which application threads were stopped: 0.0075203 seconds, Stopping threads took: 0.0000262 seconds
303.292: [GC (Allocation Failure)  981880K->655485K(1035264K), 0.0039009 secs]
303.296: Total time for which application threads were stopped: 0.0040795 seconds, Stopping threads took: 0.0000201 seconds
303.365: [GC (Allocation Failure)  978045K->659551K(1036288K), 0.0050331 secs]
303.370: Total time for which application threads were stopped: 0.0052045 seconds, Stopping threads took: 0.0000200 seconds
303.437: [GC (Allocation Failure)  983647K->663551K(1035776K), 0.0047450 secs]
303.442: Total time for which application threads were stopped: 0.0049044 seconds, Stopping threads took: 0.0000199 seconds
303.511: [GC (Allocation Failure)  987647K->663551K(1035776K), 0.0048546 secs]
303.516: Total time for which application threads were stopped: 0.0050493 seconds, Stopping threads took: 0.0000206 seconds
303.585: [GC (Allocation Failure)  987135K->663623K(1023488K), 0.0049350 secs]
303.590: Total time for which application threads were stopped: 0.0051174 seconds, Stopping threads took: 0.0000253 seconds
303.656: [GC (Allocation Failure)  987207K->671593K(1035264K), 0.0050917 secs]
303.661: Total time for which application threads were stopped: 0.0052590 seconds, Stopping threads took: 0.0000254 seconds
303.728: [GC (Allocation Failure)  994153K->671561K(1030144K), 0.0047560 secs]
303.733: Total time for which application threads were stopped: 0.0049480 seconds, Stopping threads took: 0.0000194 seconds
303.802: [GC (Allocation Failure)  994121K->671625K(1034752K), 0.0049019 secs]
303.807: Total time for which application threads were stopped: 0.0050825 seconds, Stopping threads took: 0.0000201 seconds
303.874: [GC (Allocation Failure)  993161K->679564K(1034752K), 0.0050039 secs]
303.879: Total time for which application threads were stopped: 0.0051656 seconds, Stopping threads took: 0.0000201 seconds
303.947: [GC (Allocation Failure)  1001100K->679596K(1033728K), 0.0047820 secs]
303.952: Total time for which application threads were stopped: 0.0049744 seconds, Stopping threads took: 0.0000218 seconds
304.018: [GC (Allocation Failure)  1000108K->679780K(1034240K), 0.0057421 secs]
304.024: Total time for which application threads were stopped: 0.0059118 seconds, Stopping threads took: 0.0000197 seconds
304.092: [GC (Allocation Failure)  1000292K->687654K(1034240K), 0.0048620 secs]
304.097: Total time for which application threads were stopped: 0.0050313 seconds, Stopping threads took: 0.0000272 seconds
304.165: [GC (Allocation Failure)  1008166K->687622K(1034240K), 0.0049623 secs]
304.170: Total time for which application threads were stopped: 0.0051485 seconds, Stopping threads took: 0.0000283 seconds
304.238: [GC (Allocation Failure)  1008134K->688070K(1033216K), 0.0050700 secs]
304.244: [Full GC (Ergonomics)  688070K->8905K(1033216K), 0.0130641 secs]
304.257: Total time for which application threads were stopped: 0.0183841 seconds, Stopping threads took: 0.0000197 seconds
304.325: [GC (Allocation Failure)  328393K->17612K(1033728K), 0.0043703 secs]
304.329: Total time for which application threads were stopped: 0.0045261 seconds, Stopping threads took: 0.0000258 seconds
304.398: [GC (Allocation Failure)  337100K->17652K(1033728K), 0.0035344 secs]
304.401: Total time for which application threads were stopped: 0.0036914 seconds, Stopping threads took: 0.0000195 seconds
304.466: [GC (Allocation Failure)  337140K->17740K(1033728K), 0.0037636 secs]
304.470: Total time for which application threads were stopped: 0.0039209 seconds, Stopping threads took: 0.0000190 seconds
304.538: [GC (Allocation Failure)  337228K->25678K(1032704K), 0.0035565 secs]
304.541: Total time for which application threads were stopped: 0.0037359 seconds, Stopping threads took: 0.0000194 seconds
304.609: [GC (Allocation Failure)  344142K->25678K(1033216K), 0.0034971 secs]
304.612: Total time for which application threads were stopped: 0.0036766 seconds, Stopping threads took: 0.0000267 seconds
304.678: [GC (Allocation Failure)  344142K->25710K(1033216K), 0.0036581 secs]
304.682: Total time for which application threads were stopped: 0.0038150 seconds, Stopping threads took: 0.0000187 seconds
304.748: [GC (Allocation Failure)  344174K->33712K(1033216K), 0.0037687 secs]
304.752: Total time for which application threads were stopped: 0.0039363 seconds, Stopping threads took: 0.0000201 seconds
304.819: [GC (Allocation Failure)  352176K->26094K(1033216K), 0.0006485 secs]
304.819: Total time for which application threads were stopped: 0.0007689 seconds, Stopping threads took: 0.0000186 seconds
304.886: [GC (Allocation Failure)  344558K->33928K(1033216K), 0.0037616 secs]
304.890: Total time for which application threads were stopped: 0.0039378 seconds, Stopping threads took: 0.0000197 seconds
304.955: [GC (Allocation Failure)  352392K->37824K(1033216K), 0.0051018 secs]
304.960: Total time for which application threads were stopped: 0.0052771 seconds, Stopping threads took: 0.0000223 seconds
305.025: [GC (Allocation Failure)  356288K->38590K(1033216K), 0.0042670 secs]
305.029: Total time for which application threads were stopped: 0.0044303 seconds, Stopping threads took: 0.0000200 seconds
305.097: [GC (Allocation Failure)  357054K->38016K(1033216K), 0.0037920 secs]
305.101: Total time for which application threads were stopped: 0.0039637 seconds, Stopping threads took: 0.0000281 seconds
305.168: [GC (Allocation Failure)  356480K->37856K(1033216K), 0.0037588 secs]
305.172: Total time for which application threads were stopped: 0.0039263 seconds, Stopping threads took: 0.0000195 seconds
305.236: [GC (Allocation Failure)  356320K->30622K(1033216K), 0.0008336 secs]
305.237: Total time for which application threads were stopped: 0.0009492 seconds, Stopping threads took: 0.0000184 seconds
305.305: [GC (Allocation Failure)  349086K->37920K(1033216K), 0.0038386 secs]
305.309: Total time for which application threads were stopped: 0.0039899 seconds, Stopping threads took: 0.0000167 seconds
305.377: [GC (Allocation Failure)  356384K->37824K(1033216K), 0.0038406 secs]
305.381: Total time for which application threads were stopped: 0.0040104 seconds, Stopping threads took: 0.0000201 seconds
305.447: [GC (Allocation Failure)  356288K->38856K(1033216K), 0.0041148 secs]
305.451: Total time for which application threads were stopped: 0.0042962 seconds, Stopping threads took: 0.0000280 seconds
305.518: [GC (Allocation Failure)  357320K->45899K(1033216K), 0.0037203 secs]
305.522: Total time for which application threads were stopped: 0.0038991 seconds, Stopping threads took: 0.0000220 seconds
305.588: [GC (Allocation Failure)  364363K->45867K(1033216K), 0.0039619 secs]
305.592: Total time for which application threads were stopped: 0.0041324 seconds, Stopping threads took: 0.0000189 seconds
305.658: [GC (Allocation Failure)  364331K->47115K(1033728K), 0.0038210 secs]
305.662: Total time for which application threads were stopped: 0.0039951 seconds, Stopping threads took: 0.0000203 seconds
305.730: [GC (Allocation Failure)  366603K->53933K(1033728K), 0.0037119 secs]
305.734: Total time for which application threads were stopped: 0.0038840 seconds, Stopping threads took: 0.0000337 seconds
305.800: [GC (Allocation Failure)  373421K->53933K(1033728K), 0.0037433 secs]
305.804: Total time for which application threads were stopped: 0.0039557 seconds, Stopping threads took: 0.0000196 seconds
305.871: [GC (Allocation Failure)  373421K->54317K(1033728K), 0.0038717 secs]
305.875: Total time for which application threads were stopped: 0.0040370 seconds, Stopping threads took: 0.0000203 seconds
305.941: [GC (Allocation Failure)  373805K->61935K(1033728K), 0.0050833 secs]
305.946: Total time for which application threads were stopped: 0.0052768 seconds, Stopping threads took: 0.0000202 seconds
306.013: [GC (Allocation Failure)  381423K->61935K(1033728K), 0.0037535 secs]
306.017: Total time for which application threads were stopped: 0.0039442 seconds, Stopping threads took: 0.0000190 seconds
306.085: [GC (Allocation Failure)  381423K->65647K(1034240K), 0.0046993 secs]
306.090: Total time for which application threads were stopped: 0.0048995 seconds, Stopping threads took: 0.0000196 seconds
306.159: [GC (Allocation Failure)  385647K->70001K(1033728K), 0.0037969 secs]
306.163: Total time for which application threads were stopped: 0.0039539 seconds, Stopping threads took: 0.0000167 seconds
306.231: [GC (Allocation Failure)  390001K->69969K(1034240K), 0.0038391 secs]
306.234: Total time for which application threads were stopped: 0.0040141 seconds, Stopping threads took: 0.0000198 seconds
306.303: [GC (Allocation Failure)  390481K->70793K(1034240K), 0.0038487 secs]
306.307: Total time for which application threads were stopped: 0.0040405 seconds, Stopping threads took: 0.0000190 seconds
306.377: [GC (Allocation Failure)  391305K->78092K(1033216K), 0.0038881 secs]
306.381: Total time for which application threads were stopped: 0.0041682 seconds, Stopping threads took: 0.0000192 seconds
306.448: [GC (Allocation Failure)  397580K->77996K(1033728K), 0.0040660 secs]
306.453: Total time for which application threads were stopped: 0.0042317 seconds, Stopping threads took: 0.0000195 seconds
306.519: [GC (Allocation Failure)  397484K->79020K(1033216K), 0.0038851 secs]
306.523: Total time for which application threads were stopped: 0.0040532 seconds, Stopping threads took: 0.0000187 seconds
306.588: [GC (Allocation Failure)  398508K->86062K(1033728K), 0.0039805 secs]
306.592: Total time for which application threads were stopped: 0.0041379 seconds, Stopping threads took: 0.0000191 seconds
306.659: [GC (Allocation Failure)  405550K->86030K(1034240K), 0.0039638 secs]
306.663: Total time for which application threads were stopped: 0.0041324 seconds, Stopping threads took: 0.0000194 seconds
306.730: [GC (Allocation Failure)  406030K->86726K(1033728K), 0.0040550 secs]
306.734: Total time for which application threads were stopped: 0.0042293 seconds, Stopping threads took: 0.0000209 seconds
306.803: [GC (Allocation Failure)  406726K->94088K(1033728K), 0.0038923 secs]
306.807: Total time for which application threads were stopped: 0.0040957 seconds, Stopping threads took: 0.0000200 seconds
306.874: [GC (Allocation Failure)  413576K->94056K(1033728K), 0.0037112 secs]
306.878: Total time for which application threads were stopped: 0.0038730 seconds, Stopping threads took: 0.0000194 seconds
306.940: [GC (Allocation Failure)  413544K->94440K(1033728K), 0.0038766 secs]
306.944: Total time for which application threads were stopped: 0.0040328 seconds, Stopping threads took: 0.0000187 seconds
307.011: [GC (Allocation Failure)  413928K->102122K(1033728K), 0.0038049 secs]
307.015: Total time for which application threads were stopped: 0.0039760 seconds, Stopping threads took: 0.0000270 seconds
307.079: [GC (Allocation Failure)  421610K->102122K(1033728K), 0.0037570 secs]
307.083: Total time for which application threads were stopped: 0.0039187 seconds, Stopping threads took: 0.0000194 seconds
307.148: [GC (Allocation Failure)  421610K->102154K(1033728K), 0.0037369 secs]
307.152: Total time for which application threads were stopped: 0.0038877 seconds, Stopping threads took: 0.0000256 seconds
307.219: [GC (Allocation Failure)  421642K->110189K(1033728K), 0.0038332 secs]
307.223: Total time for which application threads were stopped: 0.0040146 seconds, Stopping threads took: 0.0000244 seconds
307.287: [GC (Allocation Failure)  429677K->110125K(1033728K), 0.0038749 secs]
307.291: Total time for which application threads were stopped: 0.0040444 seconds, Stopping threads took: 0.0000214 seconds
307.356: [GC (Allocation Failure)  429613K->110957K(1033728K), 0.0040058 secs]
307.360: Total time for which application threads were stopped: 0.0041651 seconds, Stopping threads took: 0.0000182 seconds
307.428: [GC (Allocation Failure)  430445K->118223K(1033728K), 0.0038130 secs]
307.432: Total time for which application threads were stopped: 0.0040044 seconds, Stopping threads took: 0.0000188 seconds
307.500: [GC (Allocation Failure)  437711K->118159K(1033728K), 0.0039133 secs]
307.504: Total time for which application threads were stopped: 0.0040893 seconds, Stopping threads took: 0.0000348 seconds
307.568: [GC (Allocation Failure)  437647K->120167K(1033728K), 0.0042419 secs]
307.573: Total time for which application threads were stopped: 0.0044121 seconds, Stopping threads took: 0.0000196 seconds
307.643: [GC (Allocation Failure)  439655K->126249K(1033728K), 0.0038712 secs]
307.647: Total time for which application threads were stopped: 0.0040717 seconds, Stopping threads took: 0.0000427 seconds
307.713: [GC (Allocation Failure)  445737K->126185K(1033728K), 0.0038858 secs]
307.717: Total time for which application threads were stopped: 0.0040641 seconds, Stopping threads took: 0.0000193 seconds
307.783: [GC (Allocation Failure)  445673K->127401K(1033728K), 0.0040831 secs]
307.787: Total time for which application threads were stopped: 0.0042474 seconds, Stopping threads took: 0.0000202 seconds
307.854: [GC (Allocation Failure)  446889K->134283K(1033728K), 0.0038131 secs]
307.858: Total time for which application threads were stopped: 0.0039890 seconds, Stopping threads took: 0.0000206 seconds
307.923: [GC (Allocation Failure)  453771K->134219K(1033728K), 0.0038045 secs]
307.927: Total time for which application threads were stopped: 0.0039743 seconds, Stopping threads took: 0.0000195 seconds
307.992: [GC (Allocation Failure)  453707K->134563K(1033728K), 0.0039734 secs]
307.996: Total time for which application threads were stopped: 0.0041478 seconds, Stopping threads took: 0.0000208 seconds
308.063: [GC (Allocation Failure)  454051K->142246K(1033728K), 0.0038614 secs]
308.067: Total time for which application threads were stopped: 0.0040536 seconds, Stopping threads took: 0.0000374 seconds
308.133: [GC (Allocation Failure)  461734K->142278K(1033728K), 0.0038759 secs]
308.137: Total time for which application threads were stopped: 0.0040517 seconds, Stopping threads took: 0.0000273 seconds
308.201: [GC (Allocation Failure)  461766K->142790K(1033728K), 0.0041198 secs]
308.206: Total time for which application threads were stopped: 0.0042986 seconds, Stopping threads took: 0.0000192 seconds
308.273: [GC (Allocation Failure)  462278K->150280K(1033728K), 0.0038065 secs]
308.276: Total time for which application threads were stopped: 0.0039768 seconds, Stopping threads took: 0.0000198 seconds
308.344: [GC (Allocation Failure)  469768K->150280K(1033728K), 0.0040570 secs]
308.348: Total time for which application threads were stopped: 0.0042064 seconds, Stopping threads took: 0.0000150 seconds
308.413: [GC (Allocation Failure)  469768K->151080K(1033728K), 0.0040760 secs]
308.417: Total time for which application threads were stopped: 0.0042474 seconds, Stopping threads took: 0.0000191 seconds
308.484: [GC (Allocation Failure)  470568K->158314K(1033728K), 0.0040235 secs]
308.488: Total time for which application threads were stopped: 0.0041983 seconds, Stopping threads took: 0.0000204 seconds
308.554: [GC (Allocation Failure)  477802K->158282K(1033728K), 0.0046474 secs]
308.558: Total time for which application threads were stopped: 0.0048074 seconds, Stopping threads took: 0.0000196 seconds
308.623: [GC (Allocation Failure)  477770K->159266K(1033728K), 0.0047655 secs]
308.628: Total time for which application threads were stopped: 0.0049345 seconds, Stopping threads took: 0.0000196 seconds
308.697: [GC (Allocation Failure)  478754K->166373K(1033728K), 0.0039015 secs]
308.701: Total time for which application threads were stopped: 0.0040743 seconds, Stopping threads took: 0.0000206 seconds
308.767: [GC (Allocation Failure)  485861K->166341K(1033728K), 0.0040620 secs]
308.771: Total time for which application threads were stopped: 0.0042299 seconds, Stopping threads took: 0.0000191 seconds
308.835: [GC (Allocation Failure)  485829K->166509K(1033728K), 0.0042606 secs]
308.840: Total time for which application threads were stopped: 0.0044393 seconds, Stopping threads took: 0.0000194 seconds
308.907: [GC (Allocation Failure)  485997K->174415K(1032704K), 0.0039209 secs]
308.911: Total time for which application threads were stopped: 0.0040843 seconds, Stopping threads took: 0.0000202 seconds
308.978: [GC (Allocation Failure)  492879K->174383K(1033216K), 0.0041059 secs]
308.982: Total time for which application threads were stopped: 0.0042757 seconds, Stopping threads took: 0.0000199 seconds
309.048: [GC (Allocation Failure)  492847K->174727K(1033216K), 0.0040922 secs]
309.053: Total time for which application threads were stopped: 0.0042513 seconds, Stopping threads took: 0.0000188 seconds
309.120: [GC (Allocation Failure)  493191K->182409K(1033216K), 0.0039418 secs]
309.124: Total time for which application threads were stopped: 0.0041045 seconds, Stopping threads took: 0.0000202 seconds
309.189: [GC (Allocation Failure)  500873K->182409K(1033216K), 0.0039415 secs]
309.193: Total time for which application threads were stopped: 0.0041130 seconds, Stopping threads took: 0.0000190 seconds
309.259: [GC (Allocation Failure)  500873K->182985K(1033216K), 0.0041850 secs]
309.263: Total time for which application threads were stopped: 0.0043543 seconds, Stopping threads took: 0.0000193 seconds
309.332: [GC (Allocation Failure)  501449K->190411K(1033216K), 0.0061479 secs]
309.338: Total time for which application threads were stopped: 0.0063005 seconds, Stopping threads took: 0.0000250 seconds
309.405: [GC (Allocation Failure)  508875K->190411K(1033216K), 0.0041636 secs]
309.409: Total time for which application threads were stopped: 0.0043227 seconds, Stopping threads took: 0.0000189 seconds
309.473: [GC (Allocation Failure)  508875K->190699K(1033216K), 0.0043374 secs]
309.477: Total time for which application threads were stopped: 0.0045117 seconds, Stopping threads took: 0.0000202 seconds
309.543: [GC (Allocation Failure)  509163K->198478K(1033216K), 0.0040973 secs]
309.547: Total time for which application threads were stopped: 0.0043101 seconds, Stopping threads took: 0.0000196 seconds
309.614: [GC (Allocation Failure)  516942K->198478K(1033216K), 0.0040435 secs]
309.618: Total time for which application threads were stopped: 0.0042239 seconds, Stopping threads took: 0.0000280 seconds
309.682: [GC (Allocation Failure)  516942K->198534K(1033216K), 0.0040833 secs]
309.687: Total time for which application threads were stopped: 0.0042782 seconds, Stopping threads took: 0.0000256 seconds
309.753: [GC (Allocation Failure)  516998K->206504K(1033216K), 0.0039619 secs]
309.757: Total time for which application threads were stopped: 0.0041655 seconds, Stopping threads took: 0.0000213 seconds
309.824: [GC (Allocation Failure)  524968K->206472K(1033216K), 0.0040049 secs]
309.828: Total time for which application threads were stopped: 0.0041547 seconds, Stopping threads took: 0.0000173 seconds
309.894: [GC (Allocation Failure)  524936K->206632K(1033216K), 0.0038808 secs]
309.898: Total time for which application threads were stopped: 0.0040753 seconds, Stopping threads took: 0.0000191 seconds
309.966: [GC (Allocation Failure)  525096K->214570K(1033216K), 0.0042585 secs]
309.970: Total time for which application threads were stopped: 0.0044172 seconds, Stopping threads took: 0.0000169 seconds
310.036: [GC (Allocation Failure)  533034K->214570K(1033216K), 0.0042219 secs]
310.040: Total time for which application threads were stopped: 0.0043984 seconds, Stopping threads took: 0.0000198 seconds
310.105: [GC (Allocation Failure)  533034K->214602K(1033216K), 0.0039384 secs]
310.109: Total time for which application threads were stopped: 0.0041031 seconds, Stopping threads took: 0.0000276 seconds
310.177: [GC (Allocation Failure)  533066K->222604K(1033216K), 0.0041337 secs]
310.181: Total time for which application threads were stopped: 0.0042963 seconds, Stopping threads took: 0.0000250 seconds
310.247: [GC (Allocation Failure)  541068K->218666K(1033216K), 0.0029442 secs]
310.250: Total time for which application threads were stopped: 0.0030848 seconds, Stopping threads took: 0.0000163 seconds
310.318: [GC (Allocation Failure)  537130K->222668K(1034240K), 0.0041520 secs]
310.322: Total time for which application threads were stopped: 0.0043232 seconds, Stopping threads took: 0.0000244 seconds
310.391: [GC (Allocation Failure)  542668K->226700K(1033728K), 0.0039938 secs]
310.395: Total time for which application threads were stopped: 0.0041912 seconds, Stopping threads took: 0.0000346 seconds
310.462: [GC (Allocation Failure)  546700K->234226K(1028096K), 0.0073621 secs]
310.469: Total time for which application threads were stopped: 0.0075535 seconds, Stopping threads took: 0.0000191 seconds
310.537: [GC (Allocation Failure)  548594K->227988K(1031168K), 0.0041959 secs]
310.541: Total time for which application threads were stopped: 0.0043596 seconds, Stopping threads took: 0.0000193 seconds
310.607: [GC (Allocation Failure)  542356K->227956K(1032192K), 0.0041068 secs]
310.611: Total time for which application threads were stopped: 0.0042813 seconds, Stopping threads took: 0.0000256 seconds
310.677: [GC (Allocation Failure)  543860K->228908K(1031680K), 0.0043861 secs]
310.682: Total time for which application threads were stopped: 0.0045769 seconds, Stopping threads took: 0.0000196 seconds
310.750: [GC (Allocation Failure)  544812K->235983K(1032704K), 0.0038676 secs]
310.754: Total time for which application threads were stopped: 0.0040445 seconds, Stopping threads took: 0.0000168 seconds
310.820: [GC (Allocation Failure)  552911K->235983K(1032192K), 0.0042077 secs]
310.825: Total time for which application threads were stopped: 0.0043718 seconds, Stopping threads took: 0.0000201 seconds
310.890: [GC (Allocation Failure)  552911K->239695K(1033216K), 0.0048021 secs]
310.895: Total time for which application threads were stopped: 0.0049969 seconds, Stopping threads took: 0.0000195 seconds
310.964: [GC (Allocation Failure)  557647K->244049K(1032704K), 0.0041036 secs]
310.968: Total time for which application threads were stopped: 0.0042617 seconds, Stopping threads took: 0.0000170 seconds
311.036: [GC (Allocation Failure)  562001K->244017K(1033728K), 0.0040629 secs]
311.040: Total time for which application threads were stopped: 0.0042318 seconds, Stopping threads took: 0.0000194 seconds
311.107: [GC (Allocation Failure)  563505K->247945K(1033728K), 0.0048285 secs]
311.112: Total time for which application threads were stopped: 0.0049971 seconds, Stopping threads took: 0.0000270 seconds
311.180: [GC (Allocation Failure)  567433K->252171K(1034240K), 0.0041487 secs]
311.184: Total time for which application threads were stopped: 0.0043327 seconds, Stopping threads took: 0.0000265 seconds
311.253: [GC (Allocation Failure)  572683K->252075K(1034240K), 0.0043938 secs]
311.257: Total time for which application threads were stopped: 0.0045660 seconds, Stopping threads took: 0.0000194 seconds
311.322: [GC (Allocation Failure)  572587K->253099K(1034240K), 0.0067233 secs]
311.329: Total time for which application threads were stopped: 0.0069218 seconds, Stopping threads took: 0.0000281 seconds
311.397: [GC (Allocation Failure)  573611K->260141K(1034240K), 0.0041646 secs]
311.401: Total time for which application threads were stopped: 0.0043458 seconds, Stopping threads took: 0.0000197 seconds
311.469: [GC (Allocation Failure)  580653K->260077K(1034240K), 0.0041018 secs]
311.473: Total time for which application threads were stopped: 0.0042832 seconds, Stopping threads took: 0.0000194 seconds
311.539: [GC (Allocation Failure)  580589K->263397K(1034240K), 0.0047341 secs]
311.544: Total time for which application threads were stopped: 0.0048991 seconds, Stopping threads took: 0.0000201 seconds
311.612: [GC (Allocation Failure)  583909K->268104K(1034752K), 0.0039318 secs]
311.616: Total time for which application threads were stopped: 0.0041123 seconds, Stopping threads took: 0.0000257 seconds
311.685: [GC (Allocation Failure)  589640K->268136K(1034752K), 0.0041867 secs]
311.689: Total time for which application threads were stopped: 0.0043672 seconds, Stopping threads took: 0.0000278 seconds
311.756: [GC (Allocation Failure)  589672K->271624K(1034752K), 0.0049261 secs]
311.761: Total time for which application threads were stopped: 0.0051064 seconds, Stopping threads took: 0.0000198 seconds
311.829: [GC (Allocation Failure)  593160K->276170K(1034752K), 0.0042069 secs]
311.833: Total time for which application threads were stopped: 0.0043699 seconds, Stopping threads took: 0.0000200 seconds
311.898: [GC (Allocation Failure)  597706K->276170K(1035264K), 0.0044665 secs]
311.903: Total time for which application threads were stopped: 0.0046470 seconds, Stopping threads took: 0.0000201 seconds
311.968: [GC (Allocation Failure)  598218K->277290K(1034752K), 0.0041888 secs]
311.973: Total time for which application threads were stopped: 0.0043778 seconds, Stopping threads took: 0.0000197 seconds
312.040: [GC (Allocation Failure)  599338K->284204K(1034752K), 0.0041168 secs]
312.044: Total time for which application threads were stopped: 0.0042579 seconds, Stopping threads took: 0.0000159 seconds
312.108: [GC (Allocation Failure)  605740K->284204K(1034752K), 0.0041242 secs]
312.113: Total time for which application threads were stopped: 0.0042553 seconds, Stopping threads took: 0.0000178 seconds
312.174: [GC (Allocation Failure)  605740K->287052K(1034752K), 0.0046703 secs]
312.178: Total time for which application threads were stopped: 0.0048160 seconds, Stopping threads took: 0.0000242 seconds
312.241: [GC (Allocation Failure)  608588K->292334K(1034752K), 0.0041813 secs]
312.246: Total time for which application threads were stopped: 0.0042978 seconds, Stopping threads took: 0.0000146 seconds
312.307: [GC (Allocation Failure)  613870K->292206K(1034752K), 0.0040891 secs]
312.311: Total time for which application threads were stopped: 0.0042239 seconds, Stopping threads took: 0.0000250 seconds
312.376: [GC (Allocation Failure)  613742K->296326K(1034752K), 0.0052489 secs]
312.381: Total time for which application threads were stopped: 0.0054165 seconds, Stopping threads took: 0.0000189 seconds
312.445: [GC (Allocation Failure)  617862K->300297K(1035264K), 0.0043675 secs]
312.450: Total time for which application threads were stopped: 0.0045189 seconds, Stopping threads took: 0.0000193 seconds
312.516: [GC (Allocation Failure)  622857K->300233K(1035264K), 0.0040562 secs]
312.520: Total time for which application threads were stopped: 0.0042172 seconds, Stopping threads took: 0.0000328 seconds
312.584: [GC (Allocation Failure)  622793K->303497K(1035264K), 0.0048330 secs]
312.589: Total time for which application threads were stopped: 0.0049789 seconds, Stopping threads took: 0.0000182 seconds
312.656: [GC (Allocation Failure)  626057K->308267K(1035264K), 0.0040739 secs]
312.660: Total time for which application threads were stopped: 0.0042298 seconds, Stopping threads took: 0.0000269 seconds
312.725: [GC (Allocation Failure)  630827K->308267K(1035264K), 0.0044474 secs]
312.729: Total time for which application threads were stopped: 0.0046257 seconds, Stopping threads took: 0.0000196 seconds
312.795: [GC (Allocation Failure)  630827K->311747K(1035264K), 0.0051156 secs]
312.800: Total time for which application threads were stopped: 0.0052692 seconds, Stopping threads took: 0.0000188 seconds
312.868: [GC (Allocation Failure)  634307K->316293K(1035776K), 0.0043126 secs]
312.872: Total time for which application threads were stopped: 0.0044837 seconds, Stopping threads took: 0.0000197 seconds
312.939: [GC (Allocation Failure)  639877K->316293K(1035776K), 0.0044516 secs]
312.943: Total time for which application threads were stopped: 0.0046275 seconds, Stopping threads took: 0.0000202 seconds
313.012: [GC (Allocation Failure)  639877K->317933K(1034752K), 0.0043767 secs]
313.017: Total time for which application threads were stopped: 0.0045393 seconds, Stopping threads took: 0.0000245 seconds
313.084: [GC (Allocation Failure)  640493K->324400K(1035264K), 0.0043516 secs]
313.088: Total time for which application threads were stopped: 0.0045714 seconds, Stopping threads took: 0.0000211 seconds
313.157: [GC (Allocation Failure)  646960K->324304K(1035264K), 0.0044035 secs]
313.162: Total time for which application threads were stopped: 0.0045689 seconds, Stopping threads took: 0.0000165 seconds
313.229: [GC (Allocation Failure)  646864K->326152K(1035264K), 0.0045174 secs]
313.234: Total time for which application threads were stopped: 0.0046890 seconds, Stopping threads took: 0.0000198 seconds
313.302: [GC (Allocation Failure)  648712K->332458K(1035264K), 0.0042113 secs]
313.306: Total time for which application threads were stopped: 0.0043724 seconds, Stopping threads took: 0.0000198 seconds
313.375: [GC (Allocation Failure)  655018K->332330K(1035264K), 0.0042443 secs]
313.379: Total time for which application threads were stopped: 0.0044148 seconds, Stopping threads took: 0.0000198 seconds
313.445: [GC (Allocation Failure)  654890K->334410K(1035264K), 0.0046771 secs]
313.450: Total time for which application threads were stopped: 0.0048519 seconds, Stopping threads took: 0.0000206 seconds
313.520: [GC (Allocation Failure)  656970K->340428K(1035264K), 0.0042484 secs]
313.524: Total time for which application threads were stopped: 0.0044014 seconds, Stopping threads took: 0.0000174 seconds
313.593: [GC (Allocation Failure)  662988K->340396K(1035264K), 0.0043927 secs]
313.598: Total time for which application threads were stopped: 0.0045454 seconds, Stopping threads took: 0.0000211 seconds
313.666: [GC (Allocation Failure)  662956K->334570K(1035264K), 0.0019468 secs]
313.668: Total time for which application threads were stopped: 0.0021032 seconds, Stopping threads took: 0.0000166 seconds
313.735: [GC (Allocation Failure)  657130K->340652K(1034240K), 0.0043186 secs]
313.740: Total time for which application threads were stopped: 0.0044824 seconds, Stopping threads took: 0.0000195 seconds
313.808: [GC (Allocation Failure)  662188K->340396K(1034752K), 0.0043569 secs]
313.812: Total time for which application threads were stopped: 0.0045279 seconds, Stopping threads took: 0.0000197 seconds
313.879: [GC (Allocation Failure)  661932K->336874K(1035264K), 0.0029411 secs]
313.882: Total time for which application threads were stopped: 0.0031051 seconds, Stopping threads took: 0.0000188 seconds
313.950: [GC (Allocation Failure)  658922K->340588K(1034752K), 0.0043295 secs]
313.955: Total time for which application threads were stopped: 0.0045070 seconds, Stopping threads took: 0.0000272 seconds
314.023: [GC (Allocation Failure)  662636K->340396K(1035264K), 0.0042531 secs]
314.027: Total time for which application threads were stopped: 0.0044128 seconds, Stopping threads took: 0.0000192 seconds
314.094: [GC (Allocation Failure)  662956K->340106K(1035264K), 0.0058771 secs]
314.100: Total time for which application threads were stopped: 0.0060722 seconds, Stopping threads took: 0.0000204 seconds
314.168: [GC (Allocation Failure)  662666K->340524K(1035776K), 0.0041328 secs]
314.172: Total time for which application threads were stopped: 0.0043366 seconds, Stopping threads took: 0.0000220 seconds
314.243: [GC (Allocation Failure)  663596K->340396K(1035264K), 0.0042928 secs]
314.247: Total time for which application threads were stopped: 0.0044562 seconds, Stopping threads took: 0.0000168 seconds
314.313: [GC (Allocation Failure)  663468K->345418K(1032704K), 0.0080245 secs]
314.321: Total time for which application threads were stopped: 0.0081955 seconds, Stopping threads took: 0.0000194 seconds
314.390: [GC (Allocation Failure)  665930K->340748K(1034240K), 0.0042442 secs]
314.394: Total time for which application threads were stopped: 0.0044239 seconds, Stopping threads took: 0.0000199 seconds
314.464: [GC (Allocation Failure)  661260K->340684K(1034752K), 0.0043650 secs]
314.469: Total time for which application threads were stopped: 0.0045308 seconds, Stopping threads took: 0.0000197 seconds
314.535: [GC (Allocation Failure)  661708K->344426K(1032704K), 0.0057843 secs]
314.541: Total time for which application threads were stopped: 0.0059770 seconds, Stopping threads took: 0.0000187 seconds
314.609: [GC (Allocation Failure)  665450K->340748K(1034752K), 0.0042672 secs]
314.614: Total time for which application threads were stopped: 0.0044505 seconds, Stopping threads took: 0.0000263 seconds
314.682: [GC (Allocation Failure)  661260K->340684K(1033728K), 0.0042735 secs]
314.686: Total time for which application threads were stopped: 0.0044321 seconds, Stopping threads took: 0.0000196 seconds
314.753: [GC (Allocation Failure)  661196K->343082K(1034240K), 0.0053604 secs]
314.758: Total time for which application threads were stopped: 0.0055276 seconds, Stopping threads took: 0.0000188 seconds
314.826: [GC (Allocation Failure)  664618K->340908K(1034752K), 0.0044726 secs]
314.830: Total time for which application threads were stopped: 0.0046313 seconds, Stopping threads took: 0.0000192 seconds
314.897: [GC (Allocation Failure)  662444K->340716K(1035776K), 0.0044548 secs]
314.902: Total time for which application threads were stopped: 0.0046244 seconds, Stopping threads took: 0.0000199 seconds
314.967: [GC (Allocation Failure)  663788K->345794K(1035264K), 0.0065662 secs]
314.974: Total time for which application threads were stopped: 0.0067480 seconds, Stopping threads took: 0.0000198 seconds
315.039: [GC (Allocation Failure)  668866K->341252K(1034240K), 0.0056776 secs]
315.045: Total time for which application threads were stopped: 0.0058504 seconds, Stopping threads took: 0.0000198 seconds
315.112: [GC (Allocation Failure)  662788K->341060K(1034752K), 0.0063376 secs]
315.119: Total time for which application threads were stopped: 0.0065129 seconds, Stopping threads took: 0.0000265 seconds
315.185: [GC (Allocation Failure)  662596K->348954K(1030144K), 0.0121488 secs]
315.197: Total time for which application threads were stopped: 0.0123443 seconds, Stopping threads took: 0.0000249 seconds
315.265: [GC (Allocation Failure)  666394K->343836K(1032704K), 0.0043693 secs]
315.269: Total time for which application threads were stopped: 0.0045199 seconds, Stopping threads took: 0.0000168 seconds
315.337: [GC (Allocation Failure)  661276K->343740K(1033728K), 0.0042639 secs]
315.341: Total time for which application threads were stopped: 0.0044310 seconds, Stopping threads took: 0.0000138 seconds
315.409: [GC (Allocation Failure)  662716K->342106K(1033216K), 0.0036974 secs]
315.413: Total time for which application threads were stopped: 0.0038587 seconds, Stopping threads took: 0.0000186 seconds
315.482: [GC (Allocation Failure)  661082K->343804K(1034240K), 0.0042716 secs]
315.486: Total time for which application threads were stopped: 0.0044358 seconds, Stopping threads took: 0.0000191 seconds
315.554: [GC (Allocation Failure)  663804K->343740K(1033728K), 0.0043895 secs]
315.558: Total time for which application threads were stopped: 0.0045516 seconds, Stopping threads took: 0.0000198 seconds
315.624: [GC (Allocation Failure)  663740K->337658K(1032704K), 0.0019057 secs]
315.626: Total time for which application threads were stopped: 0.0020657 seconds, Stopping threads took: 0.0000248 seconds
315.693: [GC (Allocation Failure)  657146K->343772K(1033728K), 0.0044203 secs]
315.698: Total time for which application threads were stopped: 0.0045997 seconds, Stopping threads took: 0.0000210 seconds
315.766: [GC (Allocation Failure)  663260K->343708K(1035264K), 0.0040264 secs]
315.771: Total time for which application threads were stopped: 0.0042075 seconds, Stopping threads took: 0.0000189 seconds
315.837: [GC (Allocation Failure)  665756K->347460K(1034752K), 0.0050218 secs]
315.843: Total time for which application threads were stopped: 0.0051846 seconds, Stopping threads took: 0.0000196 seconds
315.911: [GC (Allocation Failure)  669508K->351942K(1035264K), 0.0043895 secs]
315.915: Total time for which application threads were stopped: 0.0045547 seconds, Stopping threads took: 0.0000199 seconds
315.984: [GC (Allocation Failure)  673990K->351750K(1034752K), 0.0049909 secs]
315.989: Total time for which application threads were stopped: 0.0051593 seconds, Stopping threads took: 0.0000199 seconds
316.056: [GC (Allocation Failure)  673798K->346148K(1034752K), 0.0021751 secs]
316.059: Total time for which application threads were stopped: 0.0023418 seconds, Stopping threads took: 0.0000266 seconds
316.126: [GC (Allocation Failure)  668708K->351878K(1035264K), 0.0041909 secs]
316.130: Total time for which application threads were stopped: 0.0043614 seconds, Stopping threads took: 0.0000261 seconds
316.198: [GC (Allocation Failure)  674438K->351782K(1035776K), 0.0043042 secs]
316.203: Total time for which application threads were stopped: 0.0045025 seconds, Stopping threads took: 0.0000223 seconds
316.270: [GC (Allocation Failure)  674854K->350948K(1035264K), 0.0039343 secs]
316.274: Total time for which application threads were stopped: 0.0041143 seconds, Stopping threads took: 0.0000197 seconds
316.342: [GC (Allocation Failure)  674020K->351846K(1036288K), 0.0045969 secs]
316.347: Total time for which application threads were stopped: 0.0047473 seconds, Stopping threads took: 0.0000165 seconds
316.415: [GC (Allocation Failure)  676454K->351782K(1036288K), 0.0041784 secs]
316.419: Total time for which application threads were stopped: 0.0043279 seconds, Stopping threads took: 0.0000167 seconds
316.486: [GC (Allocation Failure)  676390K->359820K(1030656K), 0.0084925 secs]
316.494: Total time for which application threads were stopped: 0.0086582 seconds, Stopping threads took: 0.0000205 seconds
316.562: [GC (Allocation Failure)  679308K->356174K(1033728K), 0.0043836 secs]
316.566: Total time for which application threads were stopped: 0.0045879 seconds, Stopping threads took: 0.0000279 seconds
316.636: [GC (Allocation Failure)  675662K->356142K(1034752K), 0.0042557 secs]
316.641: Total time for which application threads were stopped: 0.0044583 seconds, Stopping threads took: 0.0000259 seconds
316.707: [GC (Allocation Failure)  677166K->360844K(1033216K), 0.0063368 secs]
316.714: Total time for which application threads were stopped: 0.0065203 seconds, Stopping threads took: 0.0000267 seconds
316.783: [GC (Allocation Failure)  681868K->356334K(1034240K), 0.0044819 secs]
316.788: Total time for which application threads were stopped: 0.0046595 seconds, Stopping threads took: 0.0000188 seconds
316.857: [GC (Allocation Failure)  676334K->356110K(1033728K), 0.0041641 secs]
316.862: Total time for which application threads were stopped: 0.0043551 seconds, Stopping threads took: 0.0000196 seconds
316.930: [GC (Allocation Failure)  676110K->358444K(1034752K), 0.0052976 secs]
316.935: Total time for which application threads were stopped: 0.0054533 seconds, Stopping threads took: 0.0000185 seconds
317.003: [GC (Allocation Failure)  679980K->356334K(1034752K), 0.0043755 secs]
317.008: Total time for which application threads were stopped: 0.0045551 seconds, Stopping threads took: 0.0000192 seconds
317.074: [GC (Allocation Failure)  677870K->356110K(1035264K), 0.0042114 secs]
317.079: Total time for which application threads were stopped: 0.0043902 seconds, Stopping threads took: 0.0000201 seconds
317.146: [GC (Allocation Failure)  678158K->360204K(1033728K), 0.0099471 secs]
317.156: Total time for which application threads were stopped: 0.0101318 seconds, Stopping threads took: 0.0000274 seconds
317.226: [GC (Allocation Failure)  682252K->356270K(1034752K), 0.0043666 secs]
317.231: Total time for which application threads were stopped: 0.0045432 seconds, Stopping threads took: 0.0000194 seconds
317.297: [GC (Allocation Failure)  677294K->356142K(1034240K), 0.0044945 secs]
317.302: Total time for which application threads were stopped: 0.0046506 seconds, Stopping threads took: 0.0000193 seconds
317.369: [GC (Allocation Failure)  677166K->360940K(1033216K), 0.0062971 secs]
317.375: Total time for which application threads were stopped: 0.0064578 seconds, Stopping threads took: 0.0000191 seconds
317.441: [GC (Allocation Failure)  681452K->356206K(1034240K), 0.0051482 secs]
317.446: Total time for which application threads were stopped: 0.0053174 seconds, Stopping threads took: 0.0000192 seconds
317.515: [GC (Allocation Failure)  676718K->356110K(1034752K), 0.0041662 secs]
317.519: Total time for which application threads were stopped: 0.0043499 seconds, Stopping threads took: 0.0000211 seconds
317.585: [GC (Allocation Failure)  677134K->359596K(1034240K), 0.0056556 secs]
317.591: Total time for which application threads were stopped: 0.0058186 seconds, Stopping threads took: 0.0000192 seconds
317.658: [GC (Allocation Failure)  680620K->356142K(1034240K), 0.0042854 secs]
317.663: Total time for which application threads were stopped: 0.0044719 seconds, Stopping threads took: 0.0000194 seconds
317.729: [GC (Allocation Failure)  676654K->356078K(1034240K), 0.0044481 secs]
317.734: Total time for which application threads were stopped: 0.0046050 seconds, Stopping threads took: 0.0000192 seconds
317.801: [GC (Allocation Failure)  676590K->358252K(1034752K), 0.0051198 secs]
317.806: Total time for which application threads were stopped: 0.0052892 seconds, Stopping threads took: 0.0000188 seconds
317.873: [GC (Allocation Failure)  679788K->356366K(1034752K), 0.0041912 secs]
317.878: Total time for which application threads were stopped: 0.0043578 seconds, Stopping threads took: 0.0000204 seconds
317.944: [GC (Allocation Failure)  677902K->356110K(1035264K), 0.0044350 secs]
317.949: Total time for which application threads were stopped: 0.0046305 seconds, Stopping threads took: 0.0000200 seconds
318.018: [GC (Allocation Failure)  678670K->360492K(1034752K), 0.0061379 secs]
318.024: Total time for which application threads were stopped: 0.0062943 seconds, Stopping threads took: 0.0000168 seconds
318.092: [GC (Allocation Failure)  683052K->356302K(1034752K), 0.0044995 secs]
318.097: Total time for which application threads were stopped: 0.0046694 seconds, Stopping threads took: 0.0000197 seconds
318.166: [GC (Allocation Failure)  677838K->356142K(1034752K), 0.0065433 secs]
318.172: Total time for which application threads were stopped: 0.0067268 seconds, Stopping threads took: 0.0000263 seconds
318.239: [GC (Allocation Failure)  677678K->362700K(1031680K), 0.0072556 secs]
318.247: Total time for which application threads were stopped: 0.0074297 seconds, Stopping threads took: 0.0000295 seconds
318.315: [GC (Allocation Failure)  681164K->357070K(1033216K), 0.0049718 secs]
318.320: Total time for which application threads were stopped: 0.0051454 seconds, Stopping threads took: 0.0000259 seconds
318.388: [GC (Allocation Failure)  675534K->356942K(1033728K), 0.0042967 secs]
318.393: Total time for which application threads were stopped: 0.0044747 seconds, Stopping threads took: 0.0000170 seconds
318.460: [GC (Allocation Failure)  676430K->356588K(1033728K), 0.0041770 secs]
318.464: Total time for which application threads were stopped: 0.0043597 seconds, Stopping threads took: 0.0000192 seconds
318.532: [GC (Allocation Failure)  676076K->357006K(1034240K), 0.0048663 secs]
318.537: Total time for which application threads were stopped: 0.0050281 seconds, Stopping threads took: 0.0000198 seconds
318.604: [GC (Allocation Failure)  677518K->356942K(1034240K), 0.0042821 secs]
318.609: Total time for which application threads were stopped: 0.0044630 seconds, Stopping threads took: 0.0000189 seconds
318.677: [GC (Allocation Failure)  677454K->353740K(1033728K), 0.0038718 secs]
318.681: Total time for which application threads were stopped: 0.0040426 seconds, Stopping threads took: 0.0000192 seconds
318.748: [GC (Allocation Failure)  674252K->356942K(1034240K), 0.0043484 secs]
318.753: Total time for which application threads were stopped: 0.0045174 seconds, Stopping threads took: 0.0000207 seconds
318.823: [GC (Allocation Failure)  677454K->356942K(1035264K), 0.0043634 secs]
318.827: Total time for which application threads were stopped: 0.0045271 seconds, Stopping threads took: 0.0000197 seconds
318.894: [GC (Allocation Failure)  678990K->353420K(1034752K), 0.0028675 secs]
318.897: Total time for which application threads were stopped: 0.0030367 seconds, Stopping threads took: 0.0000204 seconds
318.965: [GC (Allocation Failure)  675468K->357198K(1035776K), 0.0043556 secs]
318.970: Total time for which application threads were stopped: 0.0045315 seconds, Stopping threads took: 0.0000204 seconds
319.038: [GC (Allocation Failure)  680270K->356942K(1035264K), 0.0041799 secs]
319.042: Total time for which application threads were stopped: 0.0043528 seconds, Stopping threads took: 0.0000200 seconds
319.110: [GC (Allocation Failure)  680014K->358220K(1035776K), 0.0048848 secs]
319.115: Total time for which application threads were stopped: 0.0050536 seconds, Stopping threads took: 0.0000259 seconds
319.183: [GC (Allocation Failure)  681804K->357070K(1035776K), 0.0042011 secs]
319.187: Total time for which application threads were stopped: 0.0043734 seconds, Stopping threads took: 0.0000250 seconds
319.255: [GC (Allocation Failure)  680654K->356974K(1036800K), 0.0041263 secs]
319.259: Total time for which application threads were stopped: 0.0042973 seconds, Stopping threads took: 0.0000201 seconds
319.328: [GC (Allocation Failure)  682094K->350732K(1026560K), 0.0025175 secs]
319.330: Total time for which application threads were stopped: 0.0026830 seconds, Stopping threads took: 0.0000246 seconds
319.400: [GC (Allocation Failure)  675852K->357078K(1036288K), 0.0044343 secs]
319.405: Total time for which application threads were stopped: 0.0045914 seconds, Stopping threads took: 0.0000163 seconds
319.472: [GC (Allocation Failure)  681174K->361078K(1035776K), 0.0048808 secs]
319.477: Total time for which application threads were stopped: 0.0050725 seconds, Stopping threads took: 0.0000194 seconds
319.546: [GC (Allocation Failure)  685174K->361078K(1036800K), 0.0042793 secs]
319.551: Total time for which application threads were stopped: 0.0044529 seconds, Stopping threads took: 0.0000190 seconds
319.616: [GC (Allocation Failure)  686198K->361174K(1025024K), 0.0044334 secs]
319.621: Total time for which application threads were stopped: 0.0046114 seconds, Stopping threads took: 0.0000195 seconds
319.689: [GC (Allocation Failure)  686294K->369145K(1035776K), 0.0044593 secs]
319.693: Total time for which application threads were stopped: 0.0046385 seconds, Stopping threads took: 0.0000192 seconds
319.761: [GC (Allocation Failure)  692729K->369145K(1035776K), 0.0042332 secs]
319.766: Total time for which application threads were stopped: 0.0044258 seconds, Stopping threads took: 0.0000191 seconds
319.834: [GC (Allocation Failure)  692729K->369433K(1034240K), 0.0044093 secs]
319.838: Total time for which application threads were stopped: 0.0045610 seconds, Stopping threads took: 0.0000167 seconds
319.905: [GC (Allocation Failure)  691993K->377147K(1035264K), 0.0043325 secs]
319.910: Total time for which application threads were stopped: 0.0044956 seconds, Stopping threads took: 0.0000193 seconds
319.977: [GC (Allocation Failure)  699707K->377147K(1035776K), 0.0043926 secs]
319.981: Total time for which application threads were stopped: 0.0045554 seconds, Stopping threads took: 0.0000200 seconds
320.048: [GC (Allocation Failure)  700219K->377211K(1035264K), 0.0042836 secs]
320.053: Total time for which application threads were stopped: 0.0044569 seconds, Stopping threads took: 0.0000202 seconds
320.122: [GC (Allocation Failure)  700283K->385213K(1034240K), 0.0043222 secs]
320.127: Total time for which application threads were stopped: 0.0044800 seconds, Stopping threads took: 0.0000253 seconds
320.193: [GC (Allocation Failure)  706749K->385181K(1034752K), 0.0045806 secs]
320.198: Total time for which application threads were stopped: 0.0047511 seconds, Stopping threads took: 0.0000196 seconds
320.263: [GC (Allocation Failure)  706717K->385413K(1034240K), 0.0044811 secs]
320.267: Total time for which application threads were stopped: 0.0046456 seconds, Stopping threads took: 0.0000200 seconds
320.336: [GC (Allocation Failure)  706949K->393223K(1034752K), 0.0064836 secs]
320.343: Total time for which application threads were stopped: 0.0066463 seconds, Stopping threads took: 0.0000186 seconds
320.410: [GC (Allocation Failure)  714759K->393223K(1034752K), 0.0047166 secs]
320.414: Total time for which application threads were stopped: 0.0048761 seconds, Stopping threads took: 0.0000203 seconds
320.481: [GC (Allocation Failure)  714759K->393383K(1021440K), 0.0044687 secs]
320.485: Total time for which application threads were stopped: 0.0046386 seconds, Stopping threads took: 0.0000199 seconds
320.553: [GC (Allocation Failure)  714919K->401290K(1034240K), 0.0045890 secs]
320.557: Total time for which application threads were stopped: 0.0047699 seconds, Stopping threads took: 0.0000200 seconds
320.624: [GC (Allocation Failure)  721802K->401258K(1034240K), 0.0045928 secs]
320.629: Total time for which application threads were stopped: 0.0047617 seconds, Stopping threads took: 0.0000280 seconds
320.696: [GC (Allocation Failure)  721770K->401322K(1034240K), 0.0044851 secs]
320.700: Total time for which application threads were stopped: 0.0046494 seconds, Stopping threads took: 0.0000192 seconds
320.768: [GC (Allocation Failure)  721834K->409292K(1028096K), 0.0042644 secs]
320.772: Total time for which application threads were stopped: 0.0044250 seconds, Stopping threads took: 0.0000197 seconds
320.839: [GC (Allocation Failure)  729804K->409324K(1033728K), 0.0041563 secs]
320.844: Total time for which application threads were stopped: 0.0043502 seconds, Stopping threads took: 0.0000201 seconds
320.909: [GC (Allocation Failure)  728812K->409580K(1033728K), 0.0043710 secs]
320.914: Total time for which application threads were stopped: 0.0045307 seconds, Stopping threads took: 0.0000198 seconds
320.980: [GC (Allocation Failure)  729068K->417326K(1033728K), 0.0044267 secs]
320.985: Total time for which application threads were stopped: 0.0046006 seconds, Stopping threads took: 0.0000188 seconds
321.053: [GC (Allocation Failure)  736814K->417326K(1033728K), 0.0045898 secs]
321.058: Total time for which application threads were stopped: 0.0047495 seconds, Stopping threads took: 0.0000168 seconds
321.125: [GC (Allocation Failure)  736814K->417830K(1033728K), 0.0043940 secs]
321.129: Total time for which application threads were stopped: 0.0045854 seconds, Stopping threads took: 0.0000259 seconds
321.198: [GC (Allocation Failure)  737318K->425384K(1033728K), 0.0042437 secs]
321.202: Total time for which application threads were stopped: 0.0044108 seconds, Stopping threads took: 0.0000197 seconds
321.269: [GC (Allocation Failure)  744872K->425384K(1033728K), 0.0044598 secs]
321.273: Total time for which application threads were stopped: 0.0046368 seconds, Stopping threads took: 0.0000194 seconds
321.340: [GC (Allocation Failure)  744872K->425544K(1033728K), 0.0044027 secs]
321.345: Total time for which application threads were stopped: 0.0045774 seconds, Stopping threads took: 0.0000172 seconds
321.412: [GC (Allocation Failure)  745032K->433387K(1033728K), 0.0043910 secs]
321.417: Total time for which application threads were stopped: 0.0045855 seconds, Stopping threads took: 0.0000196 seconds
321.485: [GC (Allocation Failure)  752875K->433387K(1033728K), 0.0043442 secs]
321.490: Total time for which application threads were stopped: 0.0045069 seconds, Stopping threads took: 0.0000162 seconds
321.558: [GC (Allocation Failure)  752875K->433547K(1032704K), 0.0043664 secs]
321.562: Total time for which application threads were stopped: 0.0045586 seconds, Stopping threads took: 0.0000196 seconds
321.632: [GC (Allocation Failure)  752011K->441421K(1033216K), 0.0041882 secs]
321.636: Total time for which application threads were stopped: 0.0043484 seconds, Stopping threads took: 0.0000190 seconds
321.701: [GC (Allocation Failure)  759885K->441421K(1033216K), 0.0043348 secs]
321.706: Total time for which application threads were stopped: 0.0045058 seconds, Stopping threads took: 0.0000282 seconds
321.770: [GC (Allocation Failure)  759885K->441477K(1033216K), 0.0046434 secs]
321.775: Total time for which application threads were stopped: 0.0048052 seconds, Stopping threads took: 0.0000196 seconds
321.841: [GC (Allocation Failure)  759941K->449415K(1033216K), 0.0047137 secs]
321.846: Total time for which application threads were stopped: 0.0049230 seconds, Stopping threads took: 0.0000193 seconds
321.910: [GC (Allocation Failure)  767879K->443109K(1033216K), 0.0021303 secs]
321.912: Total time for which application threads were stopped: 0.0022967 seconds, Stopping threads took: 0.0000201 seconds
321.977: [GC (Allocation Failure)  761573K->449703K(1033728K), 0.0043343 secs]
321.982: Total time for which application threads were stopped: 0.0045011 seconds, Stopping threads took: 0.0000208 seconds
322.049: [GC (Allocation Failure)  769191K->453583K(1033728K), 0.0067893 secs]
322.055: Total time for which application threads were stopped: 0.0069631 seconds, Stopping threads took: 0.0000202 seconds
322.121: [GC (Allocation Failure)  773071K->457709K(1030656K), 0.0062301 secs]
322.127: Total time for which application threads were stopped: 0.0063943 seconds, Stopping threads took: 0.0000189 seconds
322.192: [GC (Allocation Failure)  774125K->453775K(1032192K), 0.0046089 secs]
322.196: Total time for which application threads were stopped: 0.0047713 seconds, Stopping threads took: 0.0000197 seconds
322.262: [GC (Allocation Failure)  770191K->453583K(1032704K), 0.0072486 secs]
322.269: Total time for which application threads were stopped: 0.0074437 seconds, Stopping threads took: 0.0000193 seconds
322.337: [GC (Allocation Failure)  771023K->456743K(1032704K), 0.0066815 secs]
322.343: Total time for which application threads were stopped: 0.0068596 seconds, Stopping threads took: 0.0000284 seconds
322.410: [GC (Allocation Failure)  774183K->461738K(1033216K), 0.0046079 secs]
322.415: Total time for which application threads were stopped: 0.0047814 seconds, Stopping threads took: 0.0000200 seconds
322.481: [GC (Allocation Failure)  780202K->461610K(1033216K), 0.0045527 secs]
322.486: Total time for which application threads were stopped: 0.0047131 seconds, Stopping threads took: 0.0000195 seconds
322.551: [GC (Allocation Failure)  780074K->463946K(1033728K), 0.0060674 secs]
322.557: Total time for which application threads were stopped: 0.0062431 seconds, Stopping threads took: 0.0000196 seconds
322.625: [GC (Allocation Failure)  783434K->469676K(1033728K), 0.0046505 secs]
322.629: Total time for which application threads were stopped: 0.0048171 seconds, Stopping threads took: 0.0000252 seconds
322.697: [GC (Allocation Failure)  789164K->469644K(1034240K), 0.0052047 secs]
322.702: Total time for which application threads were stopped: 0.0053663 seconds, Stopping threads took: 0.0000195 seconds
322.770: [GC (Allocation Failure)  789644K->471652K(1033728K), 0.0050326 secs]
322.775: Total time for which application threads were stopped: 0.0052137 seconds, Stopping threads took: 0.0000214 seconds
322.843: [GC (Allocation Failure)  791652K->477702K(1034240K), 0.0046031 secs]
322.848: Total time for which application threads were stopped: 0.0047982 seconds, Stopping threads took: 0.0000204 seconds
322.916: [GC (Allocation Failure)  798214K->477702K(1034240K), 0.0046113 secs]
322.921: Total time for which application threads were stopped: 0.0047998 seconds, Stopping threads took: 0.0000236 seconds
322.987: [GC (Allocation Failure)  798214K->481454K(1034752K), 0.0053712 secs]
322.993: Total time for which application threads were stopped: 0.0055335 seconds, Stopping threads took: 0.0000197 seconds
323.060: [GC (Allocation Failure)  802478K->485744K(1034240K), 0.0046485 secs]
323.065: Total time for which application threads were stopped: 0.0048202 seconds, Stopping threads took: 0.0000192 seconds
323.132: [GC (Allocation Failure)  806768K->485744K(1034752K), 0.0044044 secs]
323.136: Total time for which application threads were stopped: 0.0045721 seconds, Stopping threads took: 0.0000282 seconds
323.203: [GC (Allocation Failure)  807280K->489672K(1034752K), 0.0055773 secs]
323.209: Total time for which application threads were stopped: 0.0057482 seconds, Stopping threads took: 0.0000197 seconds
323.277: [GC (Allocation Failure)  811208K->493771K(1035264K), 0.0047303 secs]
323.281: Total time for which application threads were stopped: 0.0049187 seconds, Stopping threads took: 0.0000190 seconds
323.352: [GC (Allocation Failure)  815819K->493739K(1034752K), 0.0046003 secs]
323.356: Total time for which application threads were stopped: 0.0047845 seconds, Stopping threads took: 0.0000166 seconds
323.425: [GC (Allocation Failure)  815787K->495843K(1034240K), 0.0049758 secs]
323.430: Total time for which application threads were stopped: 0.0051362 seconds, Stopping threads took: 0.0000166 seconds
323.500: [GC (Allocation Failure)  817379K->501861K(1034752K), 0.0046825 secs]
323.504: Total time for which application threads were stopped: 0.0048785 seconds, Stopping threads took: 0.0000204 seconds
323.572: [GC (Allocation Failure)  823397K->501765K(1035264K), 0.0047750 secs]
323.577: Total time for which application threads were stopped: 0.0049249 seconds, Stopping threads took: 0.0000172 seconds
323.644: [GC (Allocation Failure)  823813K->505645K(1034752K), 0.0052890 secs]
323.650: Total time for which application threads were stopped: 0.0055019 seconds, Stopping threads took: 0.0000260 seconds
323.719: [GC (Allocation Failure)  827693K->509839K(1035264K), 0.0048064 secs]
323.724: Total time for which application threads were stopped: 0.0049616 seconds, Stopping threads took: 0.0000168 seconds
323.792: [GC (Allocation Failure)  832399K->509839K(1035264K), 0.0048642 secs]
323.797: Total time for which application threads were stopped: 0.0050590 seconds, Stopping threads took: 0.0000193 seconds
323.865: [GC (Allocation Failure)  832399K->513319K(1035264K), 0.0054003 secs]
323.870: Total time for which application threads were stopped: 0.0055472 seconds, Stopping threads took: 0.0000160 seconds
323.939: [GC (Allocation Failure)  835879K->517833K(1035264K), 0.0046952 secs]
323.944: Total time for which application threads were stopped: 0.0048686 seconds, Stopping threads took: 0.0000195 seconds
324.013: [GC (Allocation Failure)  840393K->517833K(1035776K), 0.0045504 secs]
324.017: Total time for which application threads were stopped: 0.0047236 seconds, Stopping threads took: 0.0000196 seconds
324.086: [GC (Allocation Failure)  840905K->517985K(1035264K), 0.0050042 secs]
324.091: Total time for which application threads were stopped: 0.0051793 seconds, Stopping threads took: 0.0000190 seconds
324.159: [GC (Allocation Failure)  841057K->526052K(1034240K), 0.0044991 secs]
324.164: Total time for which application threads were stopped: 0.0046918 seconds, Stopping threads took: 0.0000265 seconds
324.233: [GC (Allocation Failure)  847588K->525860K(1034752K), 0.0045828 secs]
324.238: Total time for which application threads were stopped: 0.0047528 seconds, Stopping threads took: 0.0000199 seconds
324.303: [GC (Allocation Failure)  847396K->528780K(1035264K), 0.0052450 secs]
324.308: Total time for which application threads were stopped: 0.0054191 seconds, Stopping threads took: 0.0000206 seconds
324.376: [GC (Allocation Failure)  850828K->534030K(1034752K), 0.0046548 secs]
324.381: Total time for which application threads were stopped: 0.0048371 seconds, Stopping threads took: 0.0000201 seconds
324.449: [GC (Allocation Failure)  856078K->533902K(1035264K), 0.0047661 secs]
324.454: Total time for which application threads were stopped: 0.0049388 seconds, Stopping threads took: 0.0000203 seconds
324.522: [GC (Allocation Failure)  855950K->527468K(1034752K), 0.0020390 secs]
324.524: Total time for which application threads were stopped: 0.0021976 seconds, Stopping threads took: 0.0000188 seconds
324.593: [GC (Allocation Failure)  849516K->533998K(1034752K), 0.0046225 secs]
324.598: Total time for which application threads were stopped: 0.0047811 seconds, Stopping threads took: 0.0000167 seconds
