Java HotSpot(TM) 64-Bit Server VM (25.171-b11) for linux-amd64 JRE (1.8.0_171-b11), built on Mar 28 2018 17:07:08 by "java_re" with gcc 4.3.0 20080428 (Red Hat 4.3.0-8)
Memory: 4k page, physical 32883000k(29318408k free), swap 8000508k(8000508k free)
CommandLine flags: -XX:InitialHeapSize=1073741824 -XX:MaxHeapSize=1073741824 -XX:+PrintGC -XX:+PrintGCApplicationStoppedTime -XX:+PrintGCTimeStamps -XX:+UseCompressedClassPointers -XX:+UseCompressedOops -XX:+UseParallelGC 
0.283: [GC (Allocation Failure)  262144K->10348K(1005056K), 0.0053514 secs]
0.289: Total time for which application threads were stopped: 0.0055582 seconds, Stopping threads took: 0.0000168 seconds
0.354: [GC (Allocation Failure)  272492K->8665K(1005056K), 0.0036847 secs]
0.358: Total time for which application threads were stopped: 0.0038512 seconds, Stopping threads took: 0.0000273 seconds
0.415: [GC (Allocation Failure)  270809K->8594K(1005056K), 0.0029094 secs]
0.418: Total time for which application threads were stopped: 0.0030648 seconds, Stopping threads took: 0.0000175 seconds
0.475: [GC (Allocation Failure)  270738K->8594K(1005056K), 0.0037810 secs]
0.479: Total time for which application threads were stopped: 0.0039852 seconds, Stopping threads took: 0.0000305 seconds
0.534: [GC (Allocation Failure)  270738K->8626K(1005056K), 0.0032647 secs]
0.538: Total time for which application threads were stopped: 0.0034183 seconds, Stopping threads took: 0.0000175 seconds
0.593: [GC (Allocation Failure)  270770K->8562K(1038336K), 0.0048683 secs]
0.598: Total time for which application threads were stopped: 0.0050397 seconds, Stopping threads took: 0.0000227 seconds
0.674: [GC (Allocation Failure)  336754K->8776K(1037824K), 0.0039169 secs]
0.678: Total time for which application threads were stopped: 0.0040723 seconds, Stopping threads took: 0.0000180 seconds
0.748: [GC (Allocation Failure)  336968K->8616K(1038336K), 0.0037458 secs]
0.752: Total time for which application threads were stopped: 0.0039089 seconds, Stopping threads took: 0.0000212 seconds
0.821: [GC (Allocation Failure)  337320K->8584K(1038336K), 0.0036819 secs]
0.825: Total time for which application threads were stopped: 0.0038521 seconds, Stopping threads took: 0.0000265 seconds
0.893: [GC (Allocation Failure)  337288K->10504K(1037312K), 0.0036129 secs]
0.896: Total time for which application threads were stopped: 0.0037897 seconds, Stopping threads took: 0.0000219 seconds
0.965: [GC (Allocation Failure)  338184K->8584K(1037824K), 0.0038080 secs]
0.969: Total time for which application threads were stopped: 0.0039797 seconds, Stopping threads took: 0.0000199 seconds
1.039: [GC (Allocation Failure)  336264K->8584K(1037824K), 0.0035547 secs]
1.042: Total time for which application threads were stopped: 0.0037232 seconds, Stopping threads took: 0.0000200 seconds
1.109: [GC (Allocation Failure)  336264K->9736K(1028608K), 0.0045180 secs]
1.114: Total time for which application threads were stopped: 0.0046941 seconds, Stopping threads took: 0.0000277 seconds
1.183: [GC (Allocation Failure)  337416K->16778K(1037312K), 0.0038381 secs]
1.187: Total time for which application threads were stopped: 0.0040049 seconds, Stopping threads took: 0.0000203 seconds
1.256: [GC (Allocation Failure)  342922K->16618K(1036800K), 0.0036927 secs]
1.260: Total time for which application threads were stopped: 0.0038555 seconds, Stopping threads took: 0.0000187 seconds
1.329: [GC (Allocation Failure)  342762K->22184K(1034240K), 0.0063914 secs]
1.336: Total time for which application threads were stopped: 0.0065881 seconds, Stopping threads took: 0.0000271 seconds
1.406: [GC (Allocation Failure)  345768K->19114K(1035776K), 0.0038264 secs]
1.410: Total time for which application threads were stopped: 0.0039930 seconds, Stopping threads took: 0.0000194 seconds
1.478: [GC (Allocation Failure)  342698K->18986K(1036288K), 0.0038210 secs]
1.482: Total time for which application threads were stopped: 0.0039865 seconds, Stopping threads took: 0.0000218 seconds
1.551: [GC (Allocation Failure)  343079K->15080K(1035776K), 0.0023927 secs]
1.554: Total time for which application threads were stopped: 0.0026004 seconds, Stopping threads took: 0.0000212 seconds
1.622: [GC (Allocation Failure)  339176K->19146K(1035776K), 0.0039484 secs]
1.626: Total time for which application threads were stopped: 0.0041388 seconds, Stopping threads took: 0.0000226 seconds
1.693: [GC (Allocation Failure)  342730K->23146K(1035776K), 0.0036389 secs]
1.697: Total time for which application threads were stopped: 0.0038188 seconds, Stopping threads took: 0.0000198 seconds
1.763: [GC (Allocation Failure)  346730K->23114K(1036288K), 0.0036416 secs]
1.767: Total time for which application threads were stopped: 0.0037991 seconds, Stopping threads took: 0.0000194 seconds
1.834: [GC (Allocation Failure)  347210K->23178K(1024000K), 0.0044733 secs]
1.839: Total time for which application threads were stopped: 0.0046374 seconds, Stopping threads took: 0.0000263 seconds
1.909: [GC (Allocation Failure)  347274K->31148K(1035776K), 0.0037590 secs]
1.913: Total time for which application threads were stopped: 0.0039141 seconds, Stopping threads took: 0.0000188 seconds
1.980: [GC (Allocation Failure)  354220K->31148K(1035264K), 0.0039037 secs]
1.984: Total time for which application threads were stopped: 0.0040628 seconds, Stopping threads took: 0.0000195 seconds
2.052: [GC (Allocation Failure)  354220K->31684K(1034752K), 0.0046703 secs]
2.056: Total time for which application threads were stopped: 0.0048475 seconds, Stopping threads took: 0.0000202 seconds
2.124: [GC (Allocation Failure)  354244K->39174K(1035264K), 0.0036638 secs]
2.128: Total time for which application threads were stopped: 0.0038517 seconds, Stopping threads took: 0.0000197 seconds
2.197: [GC (Allocation Failure)  361734K->39174K(1035264K), 0.0044593 secs]
2.202: Total time for which application threads were stopped: 0.0046396 seconds, Stopping threads took: 0.0000169 seconds
2.271: [GC (Allocation Failure)  361734K->39430K(1022464K), 0.0045782 secs]
2.275: Total time for which application threads were stopped: 0.0047341 seconds, Stopping threads took: 0.0000195 seconds
2.344: [GC (Allocation Failure)  361990K->47209K(1034752K), 0.0040056 secs]
2.348: Total time for which application threads were stopped: 0.0041857 seconds, Stopping threads took: 0.0000254 seconds
2.416: [GC (Allocation Failure)  368745K->47209K(1034752K), 0.0037273 secs]
2.420: Total time for which application threads were stopped: 0.0039050 seconds, Stopping threads took: 0.0000209 seconds
2.487: [GC (Allocation Failure)  368745K->47273K(1034240K), 0.0043550 secs]
2.491: Total time for which application threads were stopped: 0.0045111 seconds, Stopping threads took: 0.0000170 seconds
2.559: [GC (Allocation Failure)  368809K->55307K(1034752K), 0.0039495 secs]
2.563: Total time for which application threads were stopped: 0.0041334 seconds, Stopping threads took: 0.0000250 seconds
2.631: [GC (Allocation Failure)  376843K->55243K(1034752K), 0.0036772 secs]
2.635: Total time for which application threads were stopped: 0.0038682 seconds, Stopping threads took: 0.0000204 seconds
2.703: [GC (Allocation Failure)  376779K->55371K(1021440K), 0.0045025 secs]
2.708: Total time for which application threads were stopped: 0.0046594 seconds, Stopping threads took: 0.0000196 seconds
2.776: [GC (Allocation Failure)  376907K->63309K(1034240K), 0.0039302 secs]
2.781: Total time for which application threads were stopped: 0.0041195 seconds, Stopping threads took: 0.0000201 seconds
2.850: [GC (Allocation Failure)  383821K->63277K(1034240K), 0.0036722 secs]
2.854: Total time for which application threads were stopped: 0.0038364 seconds, Stopping threads took: 0.0000277 seconds
2.921: [GC (Allocation Failure)  383789K->63621K(1034240K), 0.0046459 secs]
2.925: Total time for which application threads were stopped: 0.0048027 seconds, Stopping threads took: 0.0000201 seconds
2.995: [GC (Allocation Failure)  384133K->71335K(1034240K), 0.0039195 secs]
2.999: Total time for which application threads were stopped: 0.0040877 seconds, Stopping threads took: 0.0000196 seconds
3.067: [GC (Allocation Failure)  391847K->71303K(1034240K), 0.0036780 secs]
3.071: Total time for which application threads were stopped: 0.0038428 seconds, Stopping threads took: 0.0000194 seconds
3.138: [GC (Allocation Failure)  391815K->71847K(1020928K), 0.0046051 secs]
3.143: Total time for which application threads were stopped: 0.0047681 seconds, Stopping threads took: 0.0000186 seconds
3.212: [GC (Allocation Failure)  392359K->79306K(1033728K), 0.0037735 secs]
3.216: Total time for which application threads were stopped: 0.0039411 seconds, Stopping threads took: 0.0000198 seconds
3.281: [GC (Allocation Failure)  398794K->79338K(1033728K), 0.0040099 secs]
3.285: Total time for which application threads were stopped: 0.0042016 seconds, Stopping threads took: 0.0000392 seconds
3.351: [GC (Allocation Failure)  398826K->79562K(1033728K), 0.0046284 secs]
3.355: Total time for which application threads were stopped: 0.0048046 seconds, Stopping threads took: 0.0000290 seconds
3.423: [GC (Allocation Failure)  399050K->87404K(1033728K), 0.0039059 secs]
3.427: Total time for which application threads were stopped: 0.0040848 seconds, Stopping threads took: 0.0000178 seconds
3.496: [GC (Allocation Failure)  406892K->87372K(1033728K), 0.0037389 secs]
3.500: Total time for which application threads were stopped: 0.0039067 seconds, Stopping threads took: 0.0000202 seconds
3.565: [GC (Allocation Failure)  406860K->87532K(1033728K), 0.0044275 secs]
3.569: Total time for which application threads were stopped: 0.0045835 seconds, Stopping threads took: 0.0000201 seconds
3.638: [GC (Allocation Failure)  407020K->95406K(1033728K), 0.0038316 secs]
3.642: Total time for which application threads were stopped: 0.0040883 seconds, Stopping threads took: 0.0000191 seconds
3.711: [GC (Allocation Failure)  414894K->95406K(1033728K), 0.0037538 secs]
3.715: Total time for which application threads were stopped: 0.0039211 seconds, Stopping threads took: 0.0000188 seconds
3.781: [GC (Allocation Failure)  414894K->95534K(1032704K), 0.0047359 secs]
3.786: Total time for which application threads were stopped: 0.0048944 seconds, Stopping threads took: 0.0000193 seconds
3.853: [GC (Allocation Failure)  413998K->103473K(1033216K), 0.0037656 secs]
3.857: Total time for which application threads were stopped: 0.0039687 seconds, Stopping threads took: 0.0000258 seconds
3.925: [GC (Allocation Failure)  421936K->99534K(1034240K), 0.0026077 secs]
3.928: Total time for which application threads were stopped: 0.0027569 seconds, Stopping threads took: 0.0000197 seconds
3.996: [GC (Allocation Failure)  419022K->103601K(1033216K), 0.0042943 secs]
4.001: Total time for which application threads were stopped: 0.0044762 seconds, Stopping threads took: 0.0000207 seconds
4.060: Total time for which application threads were stopped: 0.0001264 seconds, Stopping threads took: 0.0000499 seconds
4.070: [GC (Allocation Failure)  423089K->107569K(1034752K), 0.0039091 secs]
4.074: Total time for which application threads were stopped: 0.0040763 seconds, Stopping threads took: 0.0000198 seconds
4.140: [GC (Allocation Failure)  429105K->100750K(1034752K), 0.0012522 secs]
4.141: Total time for which application threads were stopped: 0.0013753 seconds, Stopping threads took: 0.0000196 seconds
4.208: [GC (Allocation Failure)  422286K->107641K(1034752K), 0.0037969 secs]
4.212: Total time for which application threads were stopped: 0.0039556 seconds, Stopping threads took: 0.0000199 seconds
4.278: [GC (Allocation Failure)  429177K->111721K(1034752K), 0.0050301 secs]
4.283: Total time for which application threads were stopped: 0.0052134 seconds, Stopping threads took: 0.0000193 seconds
4.349: [GC (Allocation Failure)  433257K->106150K(1034752K), 0.0018711 secs]
4.350: Total time for which application threads were stopped: 0.0020301 seconds, Stopping threads took: 0.0000260 seconds
4.418: [GC (Allocation Failure)  427686K->111993K(1034752K), 0.0041184 secs]
4.422: Total time for which application threads were stopped: 0.0042861 seconds, Stopping threads took: 0.0000201 seconds
4.492: [GC (Allocation Failure)  433529K->115865K(1035264K), 0.0041696 secs]
4.496: Total time for which application threads were stopped: 0.0043273 seconds, Stopping threads took: 0.0000200 seconds
4.562: [GC (Allocation Failure)  438353K->111958K(1035264K), 0.0026042 secs]
4.565: Total time for which application threads were stopped: 0.0027623 seconds, Stopping threads took: 0.0000194 seconds
4.633: [GC (Allocation Failure)  434518K->116017K(1036288K), 0.0044237 secs]
4.638: Total time for which application threads were stopped: 0.0045993 seconds, Stopping threads took: 0.0000192 seconds
4.705: [GC (Allocation Failure)  440113K->120017K(1035776K), 0.0038718 secs]
4.709: Total time for which application threads were stopped: 0.0040464 seconds, Stopping threads took: 0.0000196 seconds
4.777: [GC (Allocation Failure)  444113K->119985K(1035776K), 0.0038681 secs]
4.781: Total time for which application threads were stopped: 0.0040701 seconds, Stopping threads took: 0.0000230 seconds
4.851: [GC (Allocation Failure)  443569K->120041K(1023488K), 0.0045568 secs]
4.856: Total time for which application threads were stopped: 0.0047541 seconds, Stopping threads took: 0.0000255 seconds
4.924: [GC (Allocation Failure)  443625K->128043K(1035264K), 0.0039717 secs]
4.928: Total time for which application threads were stopped: 0.0041203 seconds, Stopping threads took: 0.0000171 seconds
4.996: [GC (Allocation Failure)  450603K->128011K(1030144K), 0.0038049 secs]
5.000: Total time for which application threads were stopped: 0.0039716 seconds, Stopping threads took: 0.0000193 seconds
5.068: [GC (Allocation Failure)  450571K->128075K(1034752K), 0.0046386 secs]
5.073: Total time for which application threads were stopped: 0.0048047 seconds, Stopping threads took: 0.0000193 seconds
5.140: [GC (Allocation Failure)  449611K->136045K(1034752K), 0.0040728 secs]
5.145: Total time for which application threads were stopped: 0.0042677 seconds, Stopping threads took: 0.0000203 seconds
5.214: [GC (Allocation Failure)  457581K->136045K(1033728K), 0.0036658 secs]
5.218: Total time for which application threads were stopped: 0.0038320 seconds, Stopping threads took: 0.0000183 seconds
5.284: [GC (Allocation Failure)  456557K->136301K(1034240K), 0.0047231 secs]
5.289: Total time for which application threads were stopped: 0.0048794 seconds, Stopping threads took: 0.0000199 seconds
5.357: [GC (Allocation Failure)  456813K->144111K(1034240K), 0.0037281 secs]
5.361: Total time for which application threads were stopped: 0.0039023 seconds, Stopping threads took: 0.0000197 seconds
5.432: [GC (Allocation Failure)  464623K->144111K(1034240K), 0.0039759 secs]
5.436: Total time for which application threads were stopped: 0.0041319 seconds, Stopping threads took: 0.0000195 seconds
5.505: [GC (Allocation Failure)  464623K->144527K(1033216K), 0.0047759 secs]
5.509: Total time for which application threads were stopped: 0.0049551 seconds, Stopping threads took: 0.0000191 seconds
5.578: [GC (Allocation Failure)  464015K->152114K(1033728K), 0.0040083 secs]
5.582: Total time for which application threads were stopped: 0.0041779 seconds, Stopping threads took: 0.0000205 seconds
5.652: [GC (Allocation Failure)  471602K->152114K(1033728K), 0.0040633 secs]
5.656: Total time for which application threads were stopped: 0.0042419 seconds, Stopping threads took: 0.0000214 seconds
5.722: [GC (Allocation Failure)  471602K->152234K(1033728K), 0.0047381 secs]
5.727: Total time for which application threads were stopped: 0.0049068 seconds, Stopping threads took: 0.0000203 seconds
5.795: [GC (Allocation Failure)  471722K->160204K(1033728K), 0.0039588 secs]
5.799: Total time for which application threads were stopped: 0.0041257 seconds, Stopping threads took: 0.0000191 seconds
5.867: [GC (Allocation Failure)  479692K->160172K(1033728K), 0.0038133 secs]
5.871: Total time for which application threads were stopped: 0.0039766 seconds, Stopping threads took: 0.0000204 seconds
5.938: [GC (Allocation Failure)  479660K->160196K(1032704K), 0.0047868 secs]
5.943: Total time for which application threads were stopped: 0.0049451 seconds, Stopping threads took: 0.0000199 seconds
6.010: [GC (Allocation Failure)  478660K->168166K(1033216K), 0.0040005 secs]
6.015: Total time for which application threads were stopped: 0.0041692 seconds, Stopping threads took: 0.0000201 seconds
6.082: [GC (Allocation Failure)  486630K->162596K(1033728K), 0.0018483 secs]
6.084: Total time for which application threads were stopped: 0.0019760 seconds, Stopping threads took: 0.0000203 seconds
6.152: [GC (Allocation Failure)  481572K->168422K(1033216K), 0.0041065 secs]
6.156: Total time for which application threads were stopped: 0.0042833 seconds, Stopping threads took: 0.0000204 seconds
6.225: [GC (Allocation Failure)  487398K->172310K(1033728K), 0.0043947 secs]
6.230: Total time for which application threads were stopped: 0.0045851 seconds, Stopping threads took: 0.0000204 seconds
6.297: [GC (Allocation Failure)  492822K->178228K(1034240K), 0.0062657 secs]
6.304: Total time for which application threads were stopped: 0.0064303 seconds, Stopping threads took: 0.0000187 seconds
6.372: [GC (Allocation Failure)  498740K->172470K(1030144K), 0.0100897 secs]
6.382: Total time for which application threads were stopped: 0.0102534 seconds, Stopping threads took: 0.0000281 seconds
6.450: [GC (Allocation Failure)  488886K->172342K(1032192K), 0.0038046 secs]
6.454: Total time for which application threads were stopped: 0.0039840 seconds, Stopping threads took: 0.0000171 seconds
6.521: [GC (Allocation Failure)  488758K->168180K(1033216K), 0.0024006 secs]
6.524: Total time for which application threads were stopped: 0.0025642 seconds, Stopping threads took: 0.0000189 seconds
6.593: [GC (Allocation Failure)  486132K->172406K(1032704K), 0.0040246 secs]
6.597: Total time for which application threads were stopped: 0.0042266 seconds, Stopping threads took: 0.0000214 seconds
6.664: [GC (Allocation Failure)  490358K->172310K(1033728K), 0.0041267 secs]
6.668: Total time for which application threads were stopped: 0.0042961 seconds, Stopping threads took: 0.0000206 seconds
6.734: [GC (Allocation Failure)  491286K->175886K(1033216K), 0.0051209 secs]
6.739: Total time for which application threads were stopped: 0.0053099 seconds, Stopping threads took: 0.0000285 seconds
6.807: [GC (Allocation Failure)  494862K->180400K(1034240K), 0.0039163 secs]
6.811: Total time for which application threads were stopped: 0.0040831 seconds, Stopping threads took: 0.0000288 seconds
6.879: [GC (Allocation Failure)  500400K->180336K(1033728K), 0.0040842 secs]
6.883: Total time for which application threads were stopped: 0.0042311 seconds, Stopping threads took: 0.0000175 seconds
6.950: [GC (Allocation Failure)  500336K->183624K(1034240K), 0.0050260 secs]
6.955: Total time for which application threads were stopped: 0.0052075 seconds, Stopping threads took: 0.0000196 seconds
7.022: [GC (Allocation Failure)  504136K->188331K(1034240K), 0.0064752 secs]
7.029: Total time for which application threads were stopped: 0.0066472 seconds, Stopping threads took: 0.0000198 seconds
7.097: [GC (Allocation Failure)  508843K->188363K(1034752K), 0.0038818 secs]
7.101: Total time for which application threads were stopped: 0.0040562 seconds, Stopping threads took: 0.0000217 seconds
7.166: [GC (Allocation Failure)  509899K->190827K(1034752K), 0.0048793 secs]
7.171: Total time for which application threads were stopped: 0.0050371 seconds, Stopping threads took: 0.0000195 seconds
7.240: [GC (Allocation Failure)  512363K->196397K(1034752K), 0.0039061 secs]
7.244: Total time for which application threads were stopped: 0.0040746 seconds, Stopping threads took: 0.0000204 seconds
7.312: [GC (Allocation Failure)  517933K->196429K(1034752K), 0.0039097 secs]
7.316: Total time for which application threads were stopped: 0.0040707 seconds, Stopping threads took: 0.0000259 seconds
7.382: [GC (Allocation Failure)  517965K->200069K(1035264K), 0.0068557 secs]
7.389: Total time for which application threads were stopped: 0.0070349 seconds, Stopping threads took: 0.0000178 seconds
7.457: [GC (Allocation Failure)  522117K->204455K(1034752K), 0.0041789 secs]
7.461: Total time for which application threads were stopped: 0.0043760 seconds, Stopping threads took: 0.0000192 seconds
7.529: [GC (Allocation Failure)  526503K->204423K(1035264K), 0.0040600 secs]
7.533: Total time for which application threads were stopped: 0.0042510 seconds, Stopping threads took: 0.0000194 seconds
7.601: [GC (Allocation Failure)  526983K->207271K(1035264K), 0.0047544 secs]
7.606: Total time for which application threads were stopped: 0.0049114 seconds, Stopping threads took: 0.0000170 seconds
7.674: [GC (Allocation Failure)  529831K->212553K(1035264K), 0.0040081 secs]
7.678: Total time for which application threads were stopped: 0.0041804 seconds, Stopping threads took: 0.0000200 seconds
7.748: [GC (Allocation Failure)  535113K->212457K(1035264K), 0.0054459 secs]
7.754: Total time for which application threads were stopped: 0.0056052 seconds, Stopping threads took: 0.0000203 seconds
7.822: [GC (Allocation Failure)  535017K->215561K(1035264K), 0.0048242 secs]
7.827: Total time for which application threads were stopped: 0.0050120 seconds, Stopping threads took: 0.0000190 seconds
7.897: [GC (Allocation Failure)  538121K->220556K(1035264K), 0.0040107 secs]
7.901: Total time for which application threads were stopped: 0.0041765 seconds, Stopping threads took: 0.0000194 seconds
7.969: [GC (Allocation Failure)  543116K->220524K(1035264K), 0.0040048 secs]
7.973: Total time for which application threads were stopped: 0.0041746 seconds, Stopping threads took: 0.0000200 seconds
8.039: [GC (Allocation Failure)  543084K->215721K(1035264K), 0.0022036 secs]
8.042: Total time for which application threads were stopped: 0.0023723 seconds, Stopping threads took: 0.0000188 seconds
8.110: [GC (Allocation Failure)  538281K->220748K(1035264K), 0.0045945 secs]
8.114: Total time for which application threads were stopped: 0.0047798 seconds, Stopping threads took: 0.0000215 seconds
8.182: [GC (Allocation Failure)  543308K->220492K(1035264K), 0.0041833 secs]
8.186: Total time for which application threads were stopped: 0.0043506 seconds, Stopping threads took: 0.0000197 seconds
8.253: [GC (Allocation Failure)  543052K->220009K(1035776K), 0.0040018 secs]
8.257: Total time for which application threads were stopped: 0.0041872 seconds, Stopping threads took: 0.0000207 seconds
8.330: [GC (Allocation Failure)  543081K->220716K(1035264K), 0.0040306 secs]
8.334: Total time for which application threads were stopped: 0.0042038 seconds, Stopping threads took: 0.0000286 seconds
8.403: [GC (Allocation Failure)  543788K->220492K(1035776K), 0.0040799 secs]
8.407: Total time for which application threads were stopped: 0.0042522 seconds, Stopping threads took: 0.0000194 seconds
8.476: [GC (Allocation Failure)  544076K->226337K(1035776K), 0.0069432 secs]
8.483: Total time for which application threads were stopped: 0.0071070 seconds, Stopping threads took: 0.0000186 seconds
8.551: [GC (Allocation Failure)  549921K->221764K(1032704K), 0.0039711 secs]
8.555: Total time for which application threads were stopped: 0.0041364 seconds, Stopping threads took: 0.0000192 seconds
8.623: [GC (Allocation Failure)  542276K->221604K(1034240K), 0.0041026 secs]
8.627: Total time for which application threads were stopped: 0.0042702 seconds, Stopping threads took: 0.0000195 seconds
8.695: [GC (Allocation Failure)  542116K->228681K(1030656K), 0.0071551 secs]
8.703: Total time for which application threads were stopped: 0.0073310 seconds, Stopping threads took: 0.0000193 seconds
8.769: [GC (Allocation Failure)  546121K->222988K(1032704K), 0.0041193 secs]
8.774: Total time for which application threads were stopped: 0.0042851 seconds, Stopping threads took: 0.0000197 seconds
8.841: [GC (Allocation Failure)  540428K->222924K(1033728K), 0.0038836 secs]
8.845: Total time for which application threads were stopped: 0.0040503 seconds, Stopping threads took: 0.0000275 seconds
8.912: [GC (Allocation Failure)  541900K->220489K(1033216K), 0.0030420 secs]
8.915: Total time for which application threads were stopped: 0.0032109 seconds, Stopping threads took: 0.0000245 seconds
8.982: [GC (Allocation Failure)  539465K->222956K(1034752K), 0.0065066 secs]
8.989: Total time for which application threads were stopped: 0.0066739 seconds, Stopping threads took: 0.0000199 seconds
9.056: [GC (Allocation Failure)  543980K->222924K(1034240K), 0.0040457 secs]
9.061: Total time for which application threads were stopped: 0.0042054 seconds, Stopping threads took: 0.0000199 seconds
9.127: [GC (Allocation Failure)  543948K->218153K(1034240K), 0.0023015 secs]
9.129: Total time for which application threads were stopped: 0.0024732 seconds, Stopping threads took: 0.0000193 seconds
9.199: [GC (Allocation Failure)  539689K->223116K(1034752K), 0.0038497 secs]
9.203: Total time for which application threads were stopped: 0.0039925 seconds, Stopping threads took: 0.0000191 seconds
9.272: [GC (Allocation Failure)  544652K->222924K(1035776K), 0.0041800 secs]
9.276: Total time for which application threads were stopped: 0.0043262 seconds, Stopping threads took: 0.0000170 seconds
9.343: [GC (Allocation Failure)  545996K->220905K(1035264K), 0.0031943 secs]
9.346: Total time for which application threads were stopped: 0.0033797 seconds, Stopping threads took: 0.0000282 seconds
9.415: [GC (Allocation Failure)  543977K->223148K(1036288K), 0.0040714 secs]
9.419: Total time for which application threads were stopped: 0.0042383 seconds, Stopping threads took: 0.0000212 seconds
9.487: [GC (Allocation Failure)  547244K->222924K(1035776K), 0.0039991 secs]
9.491: Total time for which application threads were stopped: 0.0041539 seconds, Stopping threads took: 0.0000197 seconds
9.559: [GC (Allocation Failure)  547020K->228745K(1033216K), 0.0068869 secs]
9.566: Total time for which application threads were stopped: 0.0070607 seconds, Stopping threads took: 0.0000197 seconds
9.635: [GC (Allocation Failure)  550281K->224620K(1034752K), 0.0043140 secs]
9.639: Total time for which application threads were stopped: 0.0044918 seconds, Stopping threads took: 0.0000203 seconds
9.708: [GC (Allocation Failure)  546156K->224524K(1035264K), 0.0040787 secs]
9.712: Total time for which application threads were stopped: 0.0042403 seconds, Stopping threads took: 0.0000205 seconds
9.780: [GC (Allocation Failure)  547084K->232617K(1035264K), 0.0080967 secs]
9.788: Total time for which application threads were stopped: 0.0082645 seconds, Stopping threads took: 0.0000196 seconds
9.857: [GC (Allocation Failure)  555177K->227468K(1032192K), 0.0041752 secs]
9.861: Total time for which application threads were stopped: 0.0043308 seconds, Stopping threads took: 0.0000261 seconds
9.928: [GC (Allocation Failure)  546956K->227404K(1033728K), 0.0040110 secs]
9.933: Total time for which application threads were stopped: 0.0041834 seconds, Stopping threads took: 0.0000251 seconds
9.998: [GC (Allocation Failure)  546892K->233609K(1031680K), 0.0065973 secs]
10.005: Total time for which application threads were stopped: 0.0067669 seconds, Stopping threads took: 0.0000201 seconds
10.071: [GC (Allocation Failure)  551049K->227372K(1032704K), 0.0064771 secs]
10.078: Total time for which application threads were stopped: 0.0066335 seconds, Stopping threads took: 0.0000185 seconds
10.145: [GC (Allocation Failure)  544812K->227372K(1033216K), 0.0056582 secs]
10.151: Total time for which application threads were stopped: 0.0058370 seconds, Stopping threads took: 0.0000215 seconds
10.218: [GC (Allocation Failure)  545324K->223049K(1032704K), 0.0023877 secs]
10.220: Total time for which application threads were stopped: 0.0025689 seconds, Stopping threads took: 0.0000202 seconds
10.287: [GC (Allocation Failure)  541001K->227564K(1033728K), 0.0042970 secs]
10.291: Total time for which application threads were stopped: 0.0044826 seconds, Stopping threads took: 0.0000220 seconds
10.362: [GC (Allocation Failure)  546028K->227372K(1032704K), 0.0040207 secs]
10.366: Total time for which application threads were stopped: 0.0041897 seconds, Stopping threads took: 0.0000268 seconds
10.433: [GC (Allocation Failure)  545836K->230828K(1033216K), 0.0050088 secs]
10.438: Total time for which application threads were stopped: 0.0051926 seconds, Stopping threads took: 0.0000195 seconds
10.507: [GC (Allocation Failure)  550316K->235438K(1033728K), 0.0041284 secs]
10.511: Total time for which application threads were stopped: 0.0042885 seconds, Stopping threads took: 0.0000199 seconds
10.579: [GC (Allocation Failure)  554926K->235438K(1034752K), 0.0042378 secs]
10.583: Total time for which application threads were stopped: 0.0043958 seconds, Stopping threads took: 0.0000194 seconds
10.650: [GC (Allocation Failure)  556462K->235470K(1034240K), 0.0050108 secs]
10.655: Total time for which application threads were stopped: 0.0051862 seconds, Stopping threads took: 0.0000202 seconds
10.724: [GC (Allocation Failure)  556494K->243568K(1034752K), 0.0043029 secs]
10.729: Total time for which application threads were stopped: 0.0044689 seconds, Stopping threads took: 0.0000194 seconds
10.797: [GC (Allocation Failure)  564592K->243440K(1034240K), 0.0041699 secs]
10.801: Total time for which application threads were stopped: 0.0043396 seconds, Stopping threads took: 0.0000201 seconds
10.867: [GC (Allocation Failure)  564464K->247304K(1034752K), 0.0051642 secs]
10.872: Total time for which application threads were stopped: 0.0053332 seconds, Stopping threads took: 0.0000201 seconds
10.941: [GC (Allocation Failure)  568840K->251531K(1034752K), 0.0041180 secs]
10.945: Total time for which application threads were stopped: 0.0042833 seconds, Stopping threads took: 0.0000206 seconds
11.012: [GC (Allocation Failure)  573067K->251435K(1035264K), 0.0042384 secs]
11.016: Total time for which application threads were stopped: 0.0043875 seconds, Stopping threads took: 0.0000163 seconds
11.085: [GC (Allocation Failure)  573995K->253451K(1035264K), 0.0049042 secs]
11.090: Total time for which application threads were stopped: 0.0050755 seconds, Stopping threads took: 0.0000206 seconds
11.158: [GC (Allocation Failure)  576011K->259501K(1035264K), 0.0039932 secs]
11.162: Total time for which application threads were stopped: 0.0041630 seconds, Stopping threads took: 0.0000209 seconds
11.231: [GC (Allocation Failure)  582061K->259501K(1035264K), 0.0042236 secs]
11.236: Total time for which application threads were stopped: 0.0043939 seconds, Stopping threads took: 0.0000199 seconds
11.301: [GC (Allocation Failure)  582061K->261701K(1035264K), 0.0054843 secs]
11.306: Total time for which application threads were stopped: 0.0056512 seconds, Stopping threads took: 0.0000201 seconds
11.375: [GC (Allocation Failure)  584261K->267687K(1035264K), 0.0048420 secs]
11.379: Total time for which application threads were stopped: 0.0050534 seconds, Stopping threads took: 0.0000252 seconds
11.448: [GC (Allocation Failure)  590247K->267527K(1035264K), 0.0040945 secs]
11.452: Total time for which application threads were stopped: 0.0042546 seconds, Stopping threads took: 0.0000172 seconds
11.520: [GC (Allocation Failure)  590087K->261861K(1035264K), 0.0019421 secs]
11.522: Total time for which application threads were stopped: 0.0020905 seconds, Stopping threads took: 0.0000195 seconds
11.591: [GC (Allocation Failure)  584421K->267687K(1035264K), 0.0042065 secs]
11.595: Total time for which application threads were stopped: 0.0043981 seconds, Stopping threads took: 0.0000195 seconds
11.665: [GC (Allocation Failure)  590247K->267527K(1035264K), 0.0042562 secs]
11.669: Total time for which application threads were stopped: 0.0044233 seconds, Stopping threads took: 0.0000193 seconds
11.734: [GC (Allocation Failure)  590087K->266213K(1035776K), 0.0036909 secs]
11.738: Total time for which application threads were stopped: 0.0038613 seconds, Stopping threads took: 0.0000283 seconds
11.806: [GC (Allocation Failure)  589285K->267623K(1035264K), 0.0040230 secs]
11.810: Total time for which application threads were stopped: 0.0041868 seconds, Stopping threads took: 0.0000255 seconds
11.878: [GC (Allocation Failure)  590695K->267495K(1036288K), 0.0051267 secs]
11.883: Total time for which application threads were stopped: 0.0052883 seconds, Stopping threads took: 0.0000191 seconds
11.950: [GC (Allocation Failure)  591591K->272997K(1035776K), 0.0066834 secs]
11.957: Total time for which application threads were stopped: 0.0068559 seconds, Stopping threads took: 0.0000207 seconds
12.025: [GC (Allocation Failure)  597093K->268807K(1033728K), 0.0068522 secs]
12.032: Total time for which application threads were stopped: 0.0070235 seconds, Stopping threads took: 0.0000207 seconds
12.101: [GC (Allocation Failure)  590343K->268807K(1034752K), 0.0040630 secs]
12.105: Total time for which application threads were stopped: 0.0042434 seconds, Stopping threads took: 0.0000197 seconds
12.173: [GC (Allocation Failure)  590343K->261669K(1034240K), 0.0014613 secs]
12.174: Total time for which application threads were stopped: 0.0015996 seconds, Stopping threads took: 0.0000206 seconds
12.243: [GC (Allocation Failure)  583205K->269039K(1034752K), 0.0043484 secs]
12.247: Total time for which application threads were stopped: 0.0045284 seconds, Stopping threads took: 0.0000208 seconds
12.317: [GC (Allocation Failure)  590575K->272919K(1035264K), 0.0053706 secs]
12.323: Total time for which application threads were stopped: 0.0055328 seconds, Stopping threads took: 0.0000174 seconds
12.391: [GC (Allocation Failure)  595479K->268085K(1035264K), 0.0031722 secs]
12.394: Total time for which application threads were stopped: 0.0033242 seconds, Stopping threads took: 0.0000245 seconds
12.463: [GC (Allocation Failure)  590645K->273167K(1035776K), 0.0044449 secs]
12.468: Total time for which application threads were stopped: 0.0046124 seconds, Stopping threads took: 0.0000187 seconds
12.537: [GC (Allocation Failure)  596239K->277071K(1035264K), 0.0043694 secs]
12.541: Total time for which application threads were stopped: 0.0045729 seconds, Stopping threads took: 0.0000258 seconds
12.609: [GC (Allocation Failure)  600143K->277071K(1035776K), 0.0041960 secs]
12.613: Total time for which application threads were stopped: 0.0043621 seconds, Stopping threads took: 0.0000192 seconds
12.680: [GC (Allocation Failure)  600655K->277231K(1023488K), 0.0049389 secs]
12.685: Total time for which application threads were stopped: 0.0051309 seconds, Stopping threads took: 0.0000191 seconds
12.754: [GC (Allocation Failure)  600815K->285137K(1035264K), 0.0042108 secs]
12.759: Total time for which application threads were stopped: 0.0043798 seconds, Stopping threads took: 0.0000200 seconds
12.826: [GC (Allocation Failure)  607697K->285137K(1035264K), 0.0042243 secs]
12.831: Total time for which application threads were stopped: 0.0043934 seconds, Stopping threads took: 0.0000207 seconds
12.897: [GC (Allocation Failure)  607697K->285225K(1034240K), 0.0048583 secs]
12.902: Total time for which application threads were stopped: 0.0050272 seconds, Stopping threads took: 0.0000201 seconds
12.970: [GC (Allocation Failure)  606761K->293164K(1034752K), 0.0042366 secs]
12.974: Total time for which application threads were stopped: 0.0044078 seconds, Stopping threads took: 0.0000202 seconds
13.040: [GC (Allocation Failure)  614700K->293100K(1034752K), 0.0057570 secs]
13.046: Total time for which application threads were stopped: 0.0059142 seconds, Stopping threads took: 0.0000168 seconds
13.112: [GC (Allocation Failure)  614636K->293484K(1034752K), 0.0049443 secs]
13.117: Total time for which application threads were stopped: 0.0051084 seconds, Stopping threads took: 0.0000199 seconds
13.184: [GC (Allocation Failure)  615020K->301166K(1033728K), 0.0042231 secs]
13.189: Total time for which application threads were stopped: 0.0043836 seconds, Stopping threads took: 0.0000198 seconds
13.256: [GC (Allocation Failure)  621678K->301166K(1034240K), 0.0041697 secs]
13.260: Total time for which application threads were stopped: 0.0043375 seconds, Stopping threads took: 0.0000193 seconds
13.327: [GC (Allocation Failure)  621678K->301670K(1034240K), 0.0053251 secs]
13.332: Total time for which application threads were stopped: 0.0054955 seconds, Stopping threads took: 0.0000257 seconds
13.401: [GC (Allocation Failure)  622182K->309192K(1034240K), 0.0041677 secs]
13.405: Total time for which application threads were stopped: 0.0043260 seconds, Stopping threads took: 0.0000191 seconds
13.473: [GC (Allocation Failure)  629704K->309192K(1034240K), 0.0041109 secs]
13.477: Total time for which application threads were stopped: 0.0042825 seconds, Stopping threads took: 0.0000196 seconds
13.544: [GC (Allocation Failure)  629704K->309416K(1034240K), 0.0051240 secs]
13.549: Total time for which application threads were stopped: 0.0052948 seconds, Stopping threads took: 0.0000203 seconds
13.616: [GC (Allocation Failure)  629928K->317258K(1033216K), 0.0042478 secs]
13.621: Total time for which application threads were stopped: 0.0044218 seconds, Stopping threads took: 0.0000203 seconds
13.689: [GC (Allocation Failure)  636746K->317226K(1033728K), 0.0041275 secs]
13.693: Total time for which application threads were stopped: 0.0042773 seconds, Stopping threads took: 0.0000166 seconds
13.760: [GC (Allocation Failure)  636714K->317386K(1033728K), 0.0049761 secs]
13.765: Total time for which application threads were stopped: 0.0051239 seconds, Stopping threads took: 0.0000206 seconds
13.833: [GC (Allocation Failure)  636874K->325261K(1033728K), 0.0040738 secs]
13.837: Total time for which application threads were stopped: 0.0042213 seconds, Stopping threads took: 0.0000167 seconds
13.904: [GC (Allocation Failure)  644749K->321354K(1034240K), 0.0031663 secs]
13.907: Total time for which application threads were stopped: 0.0033235 seconds, Stopping threads took: 0.0000255 seconds
13.975: [GC (Allocation Failure)  641354K->325421K(1033728K), 0.0046925 secs]
13.980: Total time for which application threads were stopped: 0.0048770 seconds, Stopping threads took: 0.0000213 seconds
14.048: [GC (Allocation Failure)  645421K->329389K(1034752K), 0.0040262 secs]
14.052: Total time for which application threads were stopped: 0.0041969 seconds, Stopping threads took: 0.0000197 seconds
14.120: [GC (Allocation Failure)  650925K->323658K(1034752K), 0.0021329 secs]
14.122: Total time for which application threads were stopped: 0.0023236 seconds, Stopping threads took: 0.0000198 seconds
14.191: [GC (Allocation Failure)  645194K->329493K(1035776K), 0.0045826 secs]
14.196: Total time for which application threads were stopped: 0.0047499 seconds, Stopping threads took: 0.0000200 seconds
14.264: [GC (Allocation Failure)  652053K->333541K(1034752K), 0.0047058 secs]
14.269: Total time for which application threads were stopped: 0.0048710 seconds, Stopping threads took: 0.0000190 seconds
14.334: [GC (Allocation Failure)  655839K->329666K(1035776K), 0.0032050 secs]
14.338: Total time for which application threads were stopped: 0.0033673 seconds, Stopping threads took: 0.0000274 seconds
14.409: [GC (Allocation Failure)  652738K->333709K(1035264K), 0.0046798 secs]
14.414: Total time for which application threads were stopped: 0.0048365 seconds, Stopping threads took: 0.0000195 seconds
14.483: [GC (Allocation Failure)  656781K->337709K(1035264K), 0.0043145 secs]
14.487: Total time for which application threads were stopped: 0.0044700 seconds, Stopping threads took: 0.0000185 seconds
14.557: [GC (Allocation Failure)  661293K->337677K(1035776K), 0.0041817 secs]
14.561: Total time for which application threads were stopped: 0.0043525 seconds, Stopping threads took: 0.0000203 seconds
14.629: [GC (Allocation Failure)  661261K->337733K(1034752K), 0.0052935 secs]
14.634: Total time for which application threads were stopped: 0.0054530 seconds, Stopping threads took: 0.0000191 seconds
14.703: [GC (Allocation Failure)  660293K->345703K(1035264K), 0.0041988 secs]
14.708: Total time for which application threads were stopped: 0.0043669 seconds, Stopping threads took: 0.0000200 seconds
14.774: [GC (Allocation Failure)  668263K->345703K(1034240K), 0.0042598 secs]
14.778: Total time for which application threads were stopped: 0.0044202 seconds, Stopping threads took: 0.0000201 seconds
14.848: [GC (Allocation Failure)  667239K->345767K(1034752K), 0.0049730 secs]
14.853: Total time for which application threads were stopped: 0.0051341 seconds, Stopping threads took: 0.0000195 seconds
14.919: [GC (Allocation Failure)  667303K->353737K(1034752K), 0.0045058 secs]
14.923: Total time for which application threads were stopped: 0.0046617 seconds, Stopping threads took: 0.0000196 seconds
14.991: [GC (Allocation Failure)  675273K->353769K(1029120K), 0.0043441 secs]
14.996: Total time for which application threads were stopped: 0.0045014 seconds, Stopping threads took: 0.0000187 seconds
15.062: [GC (Allocation Failure)  675305K->353961K(1034240K), 0.0052484 secs]
15.067: Total time for which application threads were stopped: 0.0054232 seconds, Stopping threads took: 0.0000193 seconds
15.138: [GC (Allocation Failure)  674473K->361771K(1034240K), 0.0048486 secs]
15.143: Total time for which application threads were stopped: 0.0050226 seconds, Stopping threads took: 0.0000197 seconds
15.210: [GC (Allocation Failure)  682283K->361771K(1034240K), 0.0042931 secs]
15.215: Total time for which application threads were stopped: 0.0044606 seconds, Stopping threads took: 0.0000197 seconds
15.282: [GC (Allocation Failure)  682283K->362219K(1034240K), 0.0052494 secs]
15.287: Total time for which application threads were stopped: 0.0054097 seconds, Stopping threads took: 0.0000196 seconds
15.354: [GC (Allocation Failure)  682731K->369806K(1033216K), 0.0043163 secs]
15.358: Total time for which application threads were stopped: 0.0044939 seconds, Stopping threads took: 0.0000272 seconds
15.426: [GC (Allocation Failure)  689294K->369806K(1033728K), 0.0049624 secs]
15.431: Total time for which application threads were stopped: 0.0051149 seconds, Stopping threads took: 0.0000178 seconds
15.496: [GC (Allocation Failure)  689294K->369934K(1033728K), 0.0054446 secs]
15.502: Total time for which application threads were stopped: 0.0056329 seconds, Stopping threads took: 0.0000219 seconds
15.571: [GC (Allocation Failure)  689422K->377872K(1033728K), 0.0043604 secs]
15.575: Total time for which application threads were stopped: 0.0045213 seconds, Stopping threads took: 0.0000195 seconds
15.643: [GC (Allocation Failure)  697360K->377840K(1033728K), 0.0042501 secs]
15.648: Total time for which application threads were stopped: 0.0044139 seconds, Stopping threads took: 0.0000204 seconds
15.714: [GC (Allocation Failure)  697328K->377896K(1033728K), 0.0052822 secs]
15.719: Total time for which application threads were stopped: 0.0054448 seconds, Stopping threads took: 0.0000202 seconds
15.787: [GC (Allocation Failure)  697384K->385866K(1032704K), 0.0043404 secs]
15.791: Total time for which application threads were stopped: 0.0045021 seconds, Stopping threads took: 0.0000192 seconds
15.859: [GC (Allocation Failure)  704330K->380296K(1033216K), 0.0021905 secs]
15.861: Total time for which application threads were stopped: 0.0023546 seconds, Stopping threads took: 0.0000262 seconds
15.930: [GC (Allocation Failure)  698760K->386122K(1034752K), 0.0044283 secs]
15.934: Total time for which application threads were stopped: 0.0046003 seconds, Stopping threads took: 0.0000200 seconds
16.004: [GC (Allocation Failure)  706634K->390010K(1033728K), 0.0047703 secs]
16.009: Total time for which application threads were stopped: 0.0049424 seconds, Stopping threads took: 0.0000200 seconds
16.076: [GC (Allocation Failure)  710522K->396904K(1029120K), 0.0073155 secs]
16.083: Total time for which application threads were stopped: 0.0074771 seconds, Stopping threads took: 0.0000198 seconds
16.150: [GC (Allocation Failure)  712296K->390794K(1031680K), 0.0046595 secs]
16.155: Total time for which application threads were stopped: 0.0048298 seconds, Stopping threads took: 0.0000202 seconds
16.219: [GC (Allocation Failure)  706186K->390634K(1032704K), 0.0044922 secs]
16.224: Total time for which application threads were stopped: 0.0046640 seconds, Stopping threads took: 0.0000205 seconds
16.288: [GC (Allocation Failure)  707562K->394026K(1032192K), 0.0053667 secs]
16.294: Total time for which application threads were stopped: 0.0055348 seconds, Stopping threads took: 0.0000196 seconds
16.361: [GC (Allocation Failure)  710954K->398797K(1033216K), 0.0042959 secs]
16.365: Total time for which application threads were stopped: 0.0044636 seconds, Stopping threads took: 0.0000256 seconds
16.434: [GC (Allocation Failure)  716748K->398669K(1032704K), 0.0044164 secs]
16.438: Total time for which application threads were stopped: 0.0045813 seconds, Stopping threads took: 0.0000166 seconds
16.504: [GC (Allocation Failure)  716620K->399693K(1033216K), 0.0052408 secs]
16.510: Total time for which application threads were stopped: 0.0054096 seconds, Stopping threads took: 0.0000219 seconds
16.577: [GC (Allocation Failure)  718157K->406703K(1033216K), 0.0046384 secs]
16.581: Total time for which application threads were stopped: 0.0048179 seconds, Stopping threads took: 0.0000201 seconds
16.648: [GC (Allocation Failure)  725167K->406703K(1033728K), 0.0043428 secs]
16.652: Total time for which application threads were stopped: 0.0045132 seconds, Stopping threads took: 0.0000203 seconds
16.719: [GC (Allocation Failure)  725679K->408399K(1033216K), 0.0053374 secs]
16.724: Total time for which application threads were stopped: 0.0055056 seconds, Stopping threads took: 0.0000207 seconds
16.791: [GC (Allocation Failure)  727375K->414769K(1033728K), 0.0044254 secs]
16.796: Total time for which application threads were stopped: 0.0045947 seconds, Stopping threads took: 0.0000208 seconds
16.863: [GC (Allocation Failure)  734257K->414737K(1033728K), 0.0052597 secs]
16.869: Total time for which application threads were stopped: 0.0054472 seconds, Stopping threads took: 0.0000266 seconds
16.935: [GC (Allocation Failure)  734225K->415049K(1033728K), 0.0058988 secs]
16.941: Total time for which application threads were stopped: 0.0060753 seconds, Stopping threads took: 0.0000191 seconds
17.007: [GC (Allocation Failure)  734537K->422795K(1033728K), 0.0065138 secs]
17.014: Total time for which application threads were stopped: 0.0067985 seconds, Stopping threads took: 0.0000197 seconds
17.082: [GC (Allocation Failure)  742283K->422763K(1033728K), 0.0044197 secs]
17.086: Total time for which application threads were stopped: 0.0046291 seconds, Stopping threads took: 0.0000367 seconds
17.152: [GC (Allocation Failure)  742251K->426379K(1033728K), 0.0056233 secs]
17.158: Total time for which application threads were stopped: 0.0057889 seconds, Stopping threads took: 0.0000193 seconds
17.226: [GC (Allocation Failure)  745867K->430862K(1034240K), 0.0047068 secs]
17.231: Total time for which application threads were stopped: 0.0048742 seconds, Stopping threads took: 0.0000197 seconds
17.298: [GC (Allocation Failure)  751374K->430830K(1034240K), 0.0042965 secs]
17.302: Total time for which application threads were stopped: 0.0044977 seconds, Stopping threads took: 0.0000209 seconds
17.370: [GC (Allocation Failure)  751342K->431534K(1034240K), 0.0061115 secs]
17.377: Total time for which application threads were stopped: 0.0062952 seconds, Stopping threads took: 0.0000172 seconds
17.446: [GC (Allocation Failure)  752046K->438832K(1034240K), 0.0045726 secs]
17.451: Total time for which application threads were stopped: 0.0047399 seconds, Stopping threads took: 0.0000199 seconds
17.518: [GC (Allocation Failure)  759344K->438832K(1034240K), 0.0042526 secs]
17.522: Total time for which application threads were stopped: 0.0044416 seconds, Stopping threads took: 0.0000197 seconds
17.589: [GC (Allocation Failure)  759344K->439784K(1034240K), 0.0051960 secs]
17.594: Total time for which application threads were stopped: 0.0053590 seconds, Stopping threads took: 0.0000201 seconds
17.662: [GC (Allocation Failure)  760296K->446890K(1034240K), 0.0046760 secs]
17.667: Total time for which application threads were stopped: 0.0048758 seconds, Stopping threads took: 0.0000281 seconds
17.736: [GC (Allocation Failure)  767402K->446890K(1034240K), 0.0045865 secs]
17.740: Total time for which application threads were stopped: 0.0047404 seconds, Stopping threads took: 0.0000163 seconds
17.808: [GC (Allocation Failure)  767402K->448010K(1034240K), 0.0056183 secs]
17.813: Total time for which application threads were stopped: 0.0058377 seconds, Stopping threads took: 0.0000190 seconds
17.883: [GC (Allocation Failure)  768522K->454956K(1034240K), 0.0046563 secs]
17.888: Total time for which application threads were stopped: 0.0048067 seconds, Stopping threads took: 0.0000170 seconds
17.955: [GC (Allocation Failure)  775468K->454892K(1034240K), 0.0044508 secs]
17.960: Total time for which application threads were stopped: 0.0046312 seconds, Stopping threads took: 0.0000201 seconds
18.027: [GC (Allocation Failure)  775404K->455244K(1020416K), 0.0053052 secs]
18.032: Total time for which application threads were stopped: 0.0054745 seconds, Stopping threads took: 0.0000195 seconds
18.100: [GC (Allocation Failure)  775756K->462991K(1033728K), 0.0047153 secs]
18.105: Total time for which application threads were stopped: 0.0048967 seconds, Stopping threads took: 0.0000202 seconds
18.174: [GC (Allocation Failure)  782479K->462927K(1033728K), 0.0044294 secs]
18.178: Total time for which application threads were stopped: 0.0046012 seconds, Stopping threads took: 0.0000201 seconds
18.246: [GC (Allocation Failure)  782415K->463471K(1033728K), 0.0055975 secs]
18.251: Total time for which application threads were stopped: 0.0057648 seconds, Stopping threads took: 0.0000216 seconds
18.318: [GC (Allocation Failure)  782959K->471057K(1033728K), 0.0046106 secs]
18.323: Total time for which application threads were stopped: 0.0047885 seconds, Stopping threads took: 0.0000195 seconds
18.390: [GC (Allocation Failure)  790545K->470961K(1033728K), 0.0052568 secs]
18.396: Total time for which application threads were stopped: 0.0054634 seconds, Stopping threads took: 0.0000281 seconds
18.461: [GC (Allocation Failure)  790449K->471689K(1033728K), 0.0053846 secs]
18.467: Total time for which application threads were stopped: 0.0055568 seconds, Stopping threads took: 0.0000197 seconds
18.534: [GC (Allocation Failure)  791177K->478955K(1033728K), 0.0045565 secs]
18.539: Total time for which application threads were stopped: 0.0047498 seconds, Stopping threads took: 0.0000190 seconds
18.607: [GC (Allocation Failure)  798443K->479019K(1033728K), 0.0045460 secs]
18.612: Total time for which application threads were stopped: 0.0046927 seconds, Stopping threads took: 0.0000167 seconds
18.678: [GC (Allocation Failure)  798507K->480971K(1033728K), 0.0053457 secs]
18.683: Total time for which application threads were stopped: 0.0055090 seconds, Stopping threads took: 0.0000198 seconds
18.753: [GC (Allocation Failure)  800459K->487021K(1033728K), 0.0045605 secs]
18.758: Total time for which application threads were stopped: 0.0047205 seconds, Stopping threads took: 0.0000192 seconds
18.825: [GC (Allocation Failure)  806509K->487021K(1033728K), 0.0045849 secs]
18.830: Total time for which application threads were stopped: 0.0047601 seconds, Stopping threads took: 0.0000257 seconds
18.896: [GC (Allocation Failure)  806509K->488173K(1033728K), 0.0055760 secs]
18.902: Total time for which application threads were stopped: 0.0057374 seconds, Stopping threads took: 0.0000202 seconds
18.970: [GC (Allocation Failure)  807661K->495088K(1033728K), 0.0045264 secs]
18.974: Total time for which application threads were stopped: 0.0047146 seconds, Stopping threads took: 0.0000202 seconds
19.043: [GC (Allocation Failure)  814576K->495088K(1033728K), 0.0043930 secs]
19.047: Total time for which application threads were stopped: 0.0045604 seconds, Stopping threads took: 0.0000218 seconds
19.113: [GC (Allocation Failure)  814576K->495400K(1033728K), 0.0054119 secs]
19.119: Total time for which application threads were stopped: 0.0055747 seconds, Stopping threads took: 0.0000203 seconds
19.186: [GC (Allocation Failure)  814888K->503114K(1033728K), 0.0044680 secs]
19.191: Total time for which application threads were stopped: 0.0046250 seconds, Stopping threads took: 0.0000195 seconds
19.257: [GC (Allocation Failure)  822602K->503082K(1033728K), 0.0046589 secs]
19.262: Total time for which application threads were stopped: 0.0048285 seconds, Stopping threads took: 0.0000202 seconds
19.328: [GC (Allocation Failure)  822570K->503626K(1033728K), 0.0055585 secs]
19.334: Total time for which application threads were stopped: 0.0057365 seconds, Stopping threads took: 0.0000199 seconds
19.403: [GC (Allocation Failure)  823114K->511148K(1033728K), 0.0047336 secs]
19.408: Total time for which application threads were stopped: 0.0048945 seconds, Stopping threads took: 0.0000202 seconds
19.475: [GC (Allocation Failure)  830636K->511084K(1033728K), 0.0048813 secs]
19.480: Total time for which application threads were stopped: 0.0050515 seconds, Stopping threads took: 0.0000201 seconds
19.546: [GC (Allocation Failure)  830572K->511852K(1033728K), 0.0055664 secs]
19.551: Total time for which application threads were stopped: 0.0057357 seconds, Stopping threads took: 0.0000197 seconds
19.619: [GC (Allocation Failure)  831340K->519118K(1033728K), 0.0045653 secs]
19.623: Total time for which application threads were stopped: 0.0047346 seconds, Stopping threads took: 0.0000195 seconds
19.690: [GC (Allocation Failure)  838606K->519182K(1033728K), 0.0045469 secs]
19.695: Total time for which application threads were stopped: 0.0047078 seconds, Stopping threads took: 0.0000204 seconds
19.761: [GC (Allocation Failure)  838670K->520078K(1033728K), 0.0055414 secs]
19.766: Total time for which application threads were stopped: 0.0057017 seconds, Stopping threads took: 0.0000200 seconds
19.834: [GC (Allocation Failure)  839566K->527153K(1033728K), 0.0047337 secs]
19.839: Total time for which application threads were stopped: 0.0049065 seconds, Stopping threads took: 0.0000201 seconds
19.906: [GC (Allocation Failure)  846641K->527185K(1033728K), 0.0045479 secs]
19.910: Total time for which application threads were stopped: 0.0047111 seconds, Stopping threads took: 0.0000203 seconds
19.976: [GC (Allocation Failure)  846673K->527273K(1033728K), 0.0054546 secs]
19.981: Total time for which application threads were stopped: 0.0056197 seconds, Stopping threads took: 0.0000210 seconds
20.050: [GC (Allocation Failure)  846761K->535211K(1027072K), 0.0044623 secs]
20.055: Total time for which application threads were stopped: 0.0046313 seconds, Stopping threads took: 0.0000191 seconds
20.123: [GC (Allocation Failure)  854699K->535243K(1033216K), 0.0047049 secs]
20.128: Total time for which application threads were stopped: 0.0048796 seconds, Stopping threads took: 0.0000212 seconds
20.196: [GC (Allocation Failure)  853707K->535531K(1033216K), 0.0054226 secs]
20.202: Total time for which application threads were stopped: 0.0056198 seconds, Stopping threads took: 0.0000201 seconds
20.269: [GC (Allocation Failure)  853995K->543277K(1033216K), 0.0045481 secs]
20.274: Total time for which application threads were stopped: 0.0047112 seconds, Stopping threads took: 0.0000206 seconds
20.340: [GC (Allocation Failure)  861741K->543213K(1033216K), 0.0047054 secs]
20.345: Total time for which application threads were stopped: 0.0048802 seconds, Stopping threads took: 0.0000256 seconds
20.412: [GC (Allocation Failure)  861677K->543789K(1033216K), 0.0056158 secs]
20.418: Total time for which application threads were stopped: 0.0057837 seconds, Stopping threads took: 0.0000193 seconds
20.486: [GC (Allocation Failure)  862253K->551248K(1033216K), 0.0047053 secs]
20.491: Total time for which application threads were stopped: 0.0048751 seconds, Stopping threads took: 0.0000198 seconds
20.559: [GC (Allocation Failure)  869712K->551280K(1033216K), 0.0046732 secs]
20.564: Total time for which application threads were stopped: 0.0048438 seconds, Stopping threads took: 0.0000200 seconds
20.628: [GC (Allocation Failure)  869744K->551464K(1033216K), 0.0056095 secs]
20.634: Total time for which application threads were stopped: 0.0057718 seconds, Stopping threads took: 0.0000199 seconds
20.699: [GC (Allocation Failure)  869928K->559338K(1033216K), 0.0048212 secs]
20.704: Total time for which application threads were stopped: 0.0049795 seconds, Stopping threads took: 0.0000199 seconds
20.772: [GC (Allocation Failure)  877802K->559338K(1033216K), 0.0047691 secs]
20.776: Total time for which application threads were stopped: 0.0049356 seconds, Stopping threads took: 0.0000198 seconds
20.843: [GC (Allocation Failure)  877802K->559466K(1033216K), 0.0055401 secs]
20.849: Total time for which application threads were stopped: 0.0057070 seconds, Stopping threads took: 0.0000277 seconds
20.916: [GC (Allocation Failure)  877930K->567340K(1033216K), 0.0049365 secs]
20.921: Total time for which application threads were stopped: 0.0051123 seconds, Stopping threads took: 0.0000278 seconds
20.987: [GC (Allocation Failure)  885804K->567340K(1033216K), 0.0046685 secs]
20.991: Total time for which application threads were stopped: 0.0048384 seconds, Stopping threads took: 0.0000203 seconds
21.056: [GC (Allocation Failure)  885804K->567404K(1033216K), 0.0056792 secs]
21.062: Total time for which application threads were stopped: 0.0058463 seconds, Stopping threads took: 0.0000198 seconds
21.131: [GC (Allocation Failure)  885868K->575406K(1033216K), 0.0046611 secs]
21.136: Total time for which application threads were stopped: 0.0048221 seconds, Stopping threads took: 0.0000259 seconds
21.202: [GC (Allocation Failure)  893870K->575374K(1033216K), 0.0047612 secs]
21.207: Total time for which application threads were stopped: 0.0049403 seconds, Stopping threads took: 0.0000205 seconds
21.272: [GC (Allocation Failure)  893838K->575654K(1033216K), 0.0054278 secs]
21.278: Total time for which application threads were stopped: 0.0056011 seconds, Stopping threads took: 0.0000285 seconds
21.344: [GC (Allocation Failure)  894118K->583401K(1033216K), 0.0047633 secs]
21.348: Total time for which application threads were stopped: 0.0049258 seconds, Stopping threads took: 0.0000204 seconds
21.417: [GC (Allocation Failure)  901865K->583401K(1033216K), 0.0047064 secs]
21.422: Total time for which application threads were stopped: 0.0048971 seconds, Stopping threads took: 0.0000190 seconds
21.488: [GC (Allocation Failure)  901865K->583657K(1033216K), 0.0056054 secs]
21.494: Total time for which application threads were stopped: 0.0057971 seconds, Stopping threads took: 0.0000196 seconds
21.560: [GC (Allocation Failure)  902121K->591403K(1033216K), 0.0049725 secs]
21.565: Total time for which application threads were stopped: 0.0051413 seconds, Stopping threads took: 0.0000203 seconds
21.630: [GC (Allocation Failure)  909867K->587529K(1033216K), 0.0038653 secs]
21.634: Total time for which application threads were stopped: 0.0040398 seconds, Stopping threads took: 0.0000199 seconds
21.702: [GC (Allocation Failure)  905993K->591595K(1034752K), 0.0050401 secs]
21.707: Total time for which application threads were stopped: 0.0051976 seconds, Stopping threads took: 0.0000174 seconds
21.775: [GC (Allocation Failure)  912107K->595595K(1033728K), 0.0047228 secs]
21.780: Total time for which application threads were stopped: 0.0048927 seconds, Stopping threads took: 0.0000201 seconds
21.848: [GC (Allocation Failure)  916107K->587721K(1034240K), 0.0016877 secs]
21.850: Total time for which application threads were stopped: 0.0018201 seconds, Stopping threads took: 0.0000258 seconds
21.918: [GC (Allocation Failure)  908233K->595667K(1034240K), 0.0045793 secs]
21.923: Total time for which application threads were stopped: 0.0047663 seconds, Stopping threads took: 0.0000184 seconds
21.991: [GC (Allocation Failure)  916179K->599715K(1033216K), 0.0065745 secs]
21.998: Total time for which application threads were stopped: 0.0067242 seconds, Stopping threads took: 0.0000171 seconds
22.065: [GC (Allocation Failure)  919203K->605441K(1032704K), 0.0070990 secs]
22.072: Total time for which application threads were stopped: 0.0072546 seconds, Stopping threads took: 0.0000196 seconds
22.140: [GC (Allocation Failure)  924929K->599971K(1031680K), 0.0047973 secs]
22.145: Total time for which application threads were stopped: 0.0049681 seconds, Stopping threads took: 0.0000199 seconds
22.212: [GC (Allocation Failure)  916387K->599715K(1032192K), 0.0060441 secs]
22.218: Total time for which application threads were stopped: 0.0062410 seconds, Stopping threads took: 0.0000195 seconds
22.284: [GC (Allocation Failure)  916131K->594401K(1032704K), 0.0028379 secs]
22.287: Total time for which application threads were stopped: 0.0030015 seconds, Stopping threads took: 0.0000192 seconds
22.353: [GC (Allocation Failure)  911841K->599907K(1032704K), 0.0046306 secs]
22.358: Total time for which application threads were stopped: 0.0048017 seconds, Stopping threads took: 0.0000278 seconds
22.426: [GC (Allocation Failure)  917347K->599747K(1033216K), 0.0048621 secs]
22.431: Total time for which application threads were stopped: 0.0050339 seconds, Stopping threads took: 0.0000283 seconds
22.497: [GC (Allocation Failure)  917699K->600075K(1032704K), 0.0056917 secs]
22.502: Total time for which application threads were stopped: 0.0058648 seconds, Stopping threads took: 0.0000201 seconds
22.569: [GC (Allocation Failure)  918027K->607757K(1033216K), 0.0048461 secs]
22.574: Total time for which application threads were stopped: 0.0050264 seconds, Stopping threads took: 0.0000198 seconds
22.641: [GC (Allocation Failure)  926221K->607757K(1033216K), 0.0048990 secs]
22.646: Total time for which application threads were stopped: 0.0050700 seconds, Stopping threads took: 0.0000204 seconds
22.711: [GC (Allocation Failure)  926221K->611885K(1033728K), 0.0060850 secs]
22.717: Total time for which application threads were stopped: 0.0062565 seconds, Stopping threads took: 0.0000202 seconds
22.786: [GC (Allocation Failure)  930861K->615887K(1033216K), 0.0044857 secs]
22.791: Total time for which application threads were stopped: 0.0046571 seconds, Stopping threads took: 0.0000202 seconds
22.859: [GC (Allocation Failure)  934863K->615823K(1034240K), 0.0046795 secs]
22.864: Total time for which application threads were stopped: 0.0048496 seconds, Stopping threads took: 0.0000284 seconds
22.929: [GC (Allocation Failure)  935823K->618575K(1033728K), 0.0057157 secs]
22.935: Total time for which application threads were stopped: 0.0058804 seconds, Stopping threads took: 0.0000250 seconds
23.003: [GC (Allocation Failure)  938575K->623858K(1034240K), 0.0049907 secs]
23.008: Total time for which application threads were stopped: 0.0051625 seconds, Stopping threads took: 0.0000200 seconds
23.077: [GC (Allocation Failure)  944370K->623826K(1034240K), 0.0046648 secs]
23.082: Total time for which application threads were stopped: 0.0048354 seconds, Stopping threads took: 0.0000204 seconds
23.151: [GC (Allocation Failure)  944338K->624274K(1034240K), 0.0055557 secs]
23.157: Total time for which application threads were stopped: 0.0057327 seconds, Stopping threads took: 0.0000211 seconds
23.226: [GC (Allocation Failure)  944786K->631892K(1034240K), 0.0049918 secs]
23.231: Total time for which application threads were stopped: 0.0051618 seconds, Stopping threads took: 0.0000192 seconds
23.301: [GC (Allocation Failure)  952404K->631860K(1034240K), 0.0048058 secs]
23.306: Total time for which application threads were stopped: 0.0049666 seconds, Stopping threads took: 0.0000201 seconds
23.373: [GC (Allocation Failure)  952372K->634540K(1034240K), 0.0071880 secs]
23.380: Total time for which application threads were stopped: 0.0073619 seconds, Stopping threads took: 0.0000287 seconds
23.449: [GC (Allocation Failure)  955052K->639982K(1034240K), 0.0048868 secs]
23.454: Total time for which application threads were stopped: 0.0050561 seconds, Stopping threads took: 0.0000196 seconds
23.523: [GC (Allocation Failure)  960494K->639854K(1034240K), 0.0051027 secs]
23.528: Total time for which application threads were stopped: 0.0052825 seconds, Stopping threads took: 0.0000199 seconds
23.594: [GC (Allocation Failure)  960366K->640718K(1033728K), 0.0058230 secs]
23.600: Total time for which application threads were stopped: 0.0060108 seconds, Stopping threads took: 0.0000257 seconds
23.668: [GC (Allocation Failure)  961230K->648048K(1034240K), 0.0047224 secs]
23.673: Total time for which application threads were stopped: 0.0049189 seconds, Stopping threads took: 0.0000200 seconds
23.742: [GC (Allocation Failure)  968560K->647952K(1034240K), 0.0050376 secs]
23.747: Total time for which application threads were stopped: 0.0051852 seconds, Stopping threads took: 0.0000171 seconds
23.814: [GC (Allocation Failure)  968464K->650984K(1034240K), 0.0057958 secs]
23.820: Total time for which application threads were stopped: 0.0059663 seconds, Stopping threads took: 0.0000254 seconds
23.887: [GC (Allocation Failure)  971496K->656011K(1034752K), 0.0047469 secs]
23.892: Total time for which application threads were stopped: 0.0049059 seconds, Stopping threads took: 0.0000200 seconds
23.960: [GC (Allocation Failure)  977547K->655947K(1034752K), 0.0047916 secs]
23.965: Total time for which application threads were stopped: 0.0049610 seconds, Stopping threads took: 0.0000191 seconds
24.030: [GC (Allocation Failure)  977483K->659243K(1034752K), 0.0059029 secs]
24.036: Total time for which application threads were stopped: 0.0060653 seconds, Stopping threads took: 0.0000199 seconds
24.104: [GC (Allocation Failure)  980779K->664013K(1034752K), 0.0050635 secs]
24.109: Total time for which application threads were stopped: 0.0052215 seconds, Stopping threads took: 0.0000198 seconds
24.175: [GC (Allocation Failure)  985549K->664013K(1034752K), 0.0052843 secs]
24.181: Total time for which application threads were stopped: 0.0054542 seconds, Stopping threads took: 0.0000192 seconds
24.248: [GC (Allocation Failure)  985549K->664429K(1034752K), 0.0074285 secs]
24.255: Total time for which application threads were stopped: 0.0076030 seconds, Stopping threads took: 0.0000194 seconds
24.325: [GC (Allocation Failure)  985965K->672047K(1034752K), 0.0048562 secs]
24.330: Total time for which application threads were stopped: 0.0050269 seconds, Stopping threads took: 0.0000268 seconds
24.398: [GC (Allocation Failure)  993583K->672015K(1034752K), 0.0048400 secs]
24.403: Total time for which application threads were stopped: 0.0050103 seconds, Stopping threads took: 0.0000164 seconds
24.469: [GC (Allocation Failure)  993551K->673647K(1034752K), 0.0058198 secs]
24.474: Total time for which application threads were stopped: 0.0059678 seconds, Stopping threads took: 0.0000167 seconds
24.543: [GC (Allocation Failure)  995183K->680114K(1029120K), 0.0050507 secs]
24.548: Total time for which application threads were stopped: 0.0052408 seconds, Stopping threads took: 0.0000198 seconds
24.616: [GC (Allocation Failure)  1001650K->680050K(1034240K), 0.0050498 secs]
24.621: Total time for which application threads were stopped: 0.0052077 seconds, Stopping threads took: 0.0000170 seconds
24.689: [GC (Allocation Failure)  1000562K->681898K(1034240K), 0.0058588 secs]
24.695: Total time for which application threads were stopped: 0.0060187 seconds, Stopping threads took: 0.0000194 seconds
24.763: [GC (Allocation Failure)  1002410K->688204K(1033728K), 0.0048747 secs]
24.768: Total time for which application threads were stopped: 0.0050411 seconds, Stopping threads took: 0.0000192 seconds
24.837: [GC (Allocation Failure)  1008716K->688076K(1034240K), 0.0049177 secs]
24.842: Total time for which application threads were stopped: 0.0050920 seconds, Stopping threads took: 0.0000252 seconds
24.909: [GC (Allocation Failure)  1008588K->692140K(1034752K), 0.0063485 secs]
24.915: [Full GC (Ergonomics)  692140K->12570K(1034752K), 0.0219361 secs]
24.937: Total time for which application threads were stopped: 0.0285285 seconds, Stopping threads took: 0.0000198 seconds
25.006: [GC (Allocation Failure)  333594K->20701K(1034240K), 0.0037573 secs]
25.010: Total time for which application threads were stopped: 0.0039087 seconds, Stopping threads took: 0.0000178 seconds
25.077: [GC (Allocation Failure)  341725K->20693K(1034752K), 0.0036783 secs]
25.081: Total time for which application threads were stopped: 0.0038636 seconds, Stopping threads took: 0.0000260 seconds
25.150: [GC (Allocation Failure)  342229K->20909K(1034752K), 0.0038000 secs]
25.154: Total time for which application threads were stopped: 0.0040320 seconds, Stopping threads took: 0.0000385 seconds
25.222: [GC (Allocation Failure)  342445K->28719K(1033728K), 0.0037855 secs]
25.226: Total time for which application threads were stopped: 0.0039540 seconds, Stopping threads took: 0.0000198 seconds
25.293: [GC (Allocation Failure)  349231K->28719K(1034240K), 0.0038200 secs]
25.297: Total time for which application threads were stopped: 0.0040218 seconds, Stopping threads took: 0.0000226 seconds
25.366: [GC (Allocation Failure)  349231K->32231K(1034752K), 0.0044228 secs]
25.371: Total time for which application threads were stopped: 0.0045716 seconds, Stopping threads took: 0.0000171 seconds
25.440: [GC (Allocation Failure)  353767K->36841K(1034752K), 0.0038870 secs]
25.444: Total time for which application threads were stopped: 0.0040469 seconds, Stopping threads took: 0.0000197 seconds
25.511: [GC (Allocation Failure)  358377K->36745K(1034752K), 0.0039905 secs]
25.515: Total time for which application threads were stopped: 0.0041610 seconds, Stopping threads took: 0.0000202 seconds
25.580: [GC (Allocation Failure)  358281K->37353K(1034752K), 0.0038546 secs]
25.584: Total time for which application threads were stopped: 0.0040294 seconds, Stopping threads took: 0.0000260 seconds
25.654: [GC (Allocation Failure)  358889K->44811K(1033728K), 0.0038704 secs]
25.658: Total time for which application threads were stopped: 0.0040550 seconds, Stopping threads took: 0.0000203 seconds
25.725: [GC (Allocation Failure)  365323K->44811K(1034240K), 0.0038434 secs]
25.729: Total time for which application threads were stopped: 0.0040183 seconds, Stopping threads took: 0.0000215 seconds
25.796: [GC (Allocation Failure)  365323K->48643K(1034752K), 0.0047872 secs]
25.801: Total time for which application threads were stopped: 0.0049618 seconds, Stopping threads took: 0.0000218 seconds
25.870: [GC (Allocation Failure)  370179K->52902K(1034752K), 0.0037244 secs]
25.874: Total time for which application threads were stopped: 0.0039160 seconds, Stopping threads took: 0.0000199 seconds
25.943: [GC (Allocation Failure)  374438K->52806K(1034752K), 0.0038043 secs]
25.947: Total time for which application threads were stopped: 0.0039888 seconds, Stopping threads took: 0.0000199 seconds
26.012: [GC (Allocation Failure)  374342K->53830K(1034752K), 0.0039797 secs]
26.016: Total time for which application threads were stopped: 0.0041410 seconds, Stopping threads took: 0.0000194 seconds
26.084: [GC (Allocation Failure)  375366K->60872K(1034752K), 0.0038774 secs]
26.088: Total time for which application threads were stopped: 0.0040438 seconds, Stopping threads took: 0.0000197 seconds
26.155: [GC (Allocation Failure)  382408K->60872K(1034752K), 0.0063926 secs]
26.161: Total time for which application threads were stopped: 0.0065498 seconds, Stopping threads took: 0.0000203 seconds
26.227: [GC (Allocation Failure)  382408K->63048K(1034752K), 0.0042925 secs]
26.232: Total time for which application threads were stopped: 0.0044472 seconds, Stopping threads took: 0.0000168 seconds
26.298: [GC (Allocation Failure)  384584K->68874K(1034752K), 0.0039120 secs]
26.302: Total time for which application threads were stopped: 0.0041237 seconds, Stopping threads took: 0.0000198 seconds
26.368: [GC (Allocation Failure)  390410K->68906K(1034752K), 0.0037600 secs]
26.372: Total time for which application threads were stopped: 0.0039389 seconds, Stopping threads took: 0.0000279 seconds
26.439: [GC (Allocation Failure)  390442K->72322K(1034752K), 0.0047680 secs]
26.444: Total time for which application threads were stopped: 0.0049166 seconds, Stopping threads took: 0.0000170 seconds
26.510: [GC (Allocation Failure)  393858K->76933K(1034752K), 0.0039022 secs]
26.514: Total time for which application threads were stopped: 0.0040719 seconds, Stopping threads took: 0.0000201 seconds
26.580: [GC (Allocation Failure)  398469K->76901K(1034752K), 0.0039357 secs]
26.584: Total time for which application threads were stopped: 0.0041003 seconds, Stopping threads took: 0.0000208 seconds
26.649: [GC (Allocation Failure)  398437K->77485K(1034752K), 0.0038921 secs]
26.653: Total time for which application threads were stopped: 0.0040734 seconds, Stopping threads took: 0.0000194 seconds
26.721: [GC (Allocation Failure)  399021K->85039K(1034752K), 0.0039262 secs]
26.725: Total time for which application threads were stopped: 0.0040917 seconds, Stopping threads took: 0.0000193 seconds
26.792: [GC (Allocation Failure)  406575K->84975K(1034752K), 0.0040495 secs]
26.796: Total time for which application threads were stopped: 0.0042176 seconds, Stopping threads took: 0.0000205 seconds
26.861: [GC (Allocation Failure)  406511K->86727K(1034752K), 0.0040022 secs]
26.865: Total time for which application threads were stopped: 0.0041647 seconds, Stopping threads took: 0.0000263 seconds
26.933: [GC (Allocation Failure)  408263K->93033K(1034752K), 0.0065225 secs]
26.940: Total time for which application threads were stopped: 0.0066876 seconds, Stopping threads took: 0.0000194 seconds
27.008: [GC (Allocation Failure)  414569K->92937K(1034752K), 0.0039934 secs]
27.012: Total time for which application threads were stopped: 0.0041814 seconds, Stopping threads took: 0.0000194 seconds
27.079: [GC (Allocation Failure)  414473K->96001K(1034752K), 0.0054530 secs]
27.084: Total time for which application threads were stopped: 0.0056022 seconds, Stopping threads took: 0.0000166 seconds
27.153: [GC (Allocation Failure)  417537K->101027K(1034752K), 0.0038905 secs]
27.157: Total time for which application threads were stopped: 0.0040403 seconds, Stopping threads took: 0.0000173 seconds
27.227: [GC (Allocation Failure)  422563K->100995K(1034752K), 0.0039285 secs]
27.231: Total time for which application threads were stopped: 0.0041063 seconds, Stopping threads took: 0.0000224 seconds
27.296: [GC (Allocation Failure)  422531K->101163K(1021440K), 0.0039738 secs]
27.300: Total time for which application threads were stopped: 0.0041455 seconds, Stopping threads took: 0.0000209 seconds
27.368: [GC (Allocation Failure)  422699K->109070K(1034240K), 0.0037861 secs]
27.371: Total time for which application threads were stopped: 0.0039456 seconds, Stopping threads took: 0.0000261 seconds
27.441: [GC (Allocation Failure)  429582K->109038K(1034240K), 0.0038136 secs]
27.445: Total time for which application threads were stopped: 0.0039847 seconds, Stopping threads took: 0.0000204 seconds
27.512: [GC (Allocation Failure)  429550K->112486K(1034752K), 0.0045712 secs]
27.516: Total time for which application threads were stopped: 0.0047323 seconds, Stopping threads took: 0.0000200 seconds
27.583: [GC (Allocation Failure)  433510K->117064K(1034240K), 0.0038237 secs]
27.587: Total time for which application threads were stopped: 0.0039825 seconds, Stopping threads took: 0.0000198 seconds
27.654: [GC (Allocation Failure)  438088K->117096K(1034752K), 0.0039642 secs]
27.658: Total time for which application threads were stopped: 0.0041312 seconds, Stopping threads took: 0.0000275 seconds
27.725: [GC (Allocation Failure)  438632K->120712K(1034752K), 0.0046860 secs]
27.730: Total time for which application threads were stopped: 0.0048745 seconds, Stopping threads took: 0.0000195 seconds
27.800: [GC (Allocation Failure)  442248K->125194K(1034752K), 0.0038437 secs]
27.804: Total time for which application threads were stopped: 0.0040104 seconds, Stopping threads took: 0.0000274 seconds
27.870: [GC (Allocation Failure)  446730K->125130K(1034752K), 0.0038558 secs]
27.874: Total time for which application threads were stopped: 0.0040531 seconds, Stopping threads took: 0.0000197 seconds
27.941: [GC (Allocation Failure)  446666K->125834K(1034752K), 0.0039306 secs]
27.946: Total time for which application threads were stopped: 0.0041152 seconds, Stopping threads took: 0.0000176 seconds
28.014: [GC (Allocation Failure)  447370K->133164K(1034752K), 0.0038306 secs]
28.018: Total time for which application threads were stopped: 0.0039985 seconds, Stopping threads took: 0.0000200 seconds
28.085: [GC (Allocation Failure)  454700K->133132K(1034752K), 0.0038537 secs]
28.089: Total time for which application threads were stopped: 0.0040231 seconds, Stopping threads took: 0.0000199 seconds
28.154: [GC (Allocation Failure)  454668K->135116K(1034752K), 0.0044467 secs]
28.159: Total time for which application threads were stopped: 0.0046182 seconds, Stopping threads took: 0.0000209 seconds
28.225: [GC (Allocation Failure)  456652K->141135K(1034752K), 0.0039516 secs]
28.229: Total time for which application threads were stopped: 0.0041245 seconds, Stopping threads took: 0.0000200 seconds
28.297: [GC (Allocation Failure)  462671K->141199K(1034752K), 0.0039677 secs]
28.301: Total time for which application threads were stopped: 0.0041363 seconds, Stopping threads took: 0.0000198 seconds
28.368: [GC (Allocation Failure)  462735K->144391K(1034752K), 0.0046338 secs]
28.372: Total time for which application threads were stopped: 0.0048108 seconds, Stopping threads took: 0.0000257 seconds
28.443: [GC (Allocation Failure)  465927K->149225K(1034752K), 0.0037925 secs]
28.447: Total time for which application threads were stopped: 0.0039489 seconds, Stopping threads took: 0.0000171 seconds
28.515: [GC (Allocation Failure)  470761K->149225K(1034752K), 0.0040302 secs]
28.519: Total time for which application threads were stopped: 0.0041987 seconds, Stopping threads took: 0.0000198 seconds
28.584: [GC (Allocation Failure)  470761K->149545K(1034752K), 0.0041660 secs]
28.589: Total time for which application threads were stopped: 0.0043404 seconds, Stopping threads took: 0.0000209 seconds
28.657: [GC (Allocation Failure)  471081K->157259K(1034752K), 0.0039980 secs]
28.661: Total time for which application threads were stopped: 0.0041698 seconds, Stopping threads took: 0.0000205 seconds
28.729: [GC (Allocation Failure)  478795K->157227K(1034752K), 0.0039440 secs]
28.733: Total time for which application threads were stopped: 0.0041077 seconds, Stopping threads took: 0.0000201 seconds
28.798: [GC (Allocation Failure)  478763K->158827K(1034752K), 0.0040578 secs]
28.803: Total time for which application threads were stopped: 0.0042299 seconds, Stopping threads took: 0.0000203 seconds
28.872: [GC (Allocation Failure)  480363K->165325K(1029120K), 0.0064868 secs]
28.878: Total time for which application threads were stopped: 0.0066414 seconds, Stopping threads took: 0.0000256 seconds
28.946: [GC (Allocation Failure)  486861K->165261K(1034240K), 0.0041076 secs]
28.951: Total time for which application threads were stopped: 0.0042828 seconds, Stopping threads took: 0.0000195 seconds
29.017: [GC (Allocation Failure)  485773K->167045K(1034240K), 0.0043534 secs]
29.021: Total time for which application threads were stopped: 0.0045268 seconds, Stopping threads took: 0.0000203 seconds
29.089: [GC (Allocation Failure)  487557K->173320K(1034240K), 0.0041204 secs]
29.093: Total time for which application threads were stopped: 0.0042957 seconds, Stopping threads took: 0.0000200 seconds
29.163: [GC (Allocation Failure)  493832K->173288K(1034240K), 0.0038678 secs]
29.167: Total time for which application threads were stopped: 0.0040536 seconds, Stopping threads took: 0.0000216 seconds
29.234: [GC (Allocation Failure)  493800K->177320K(1034752K), 0.0059931 secs]
29.240: Total time for which application threads were stopped: 0.0061725 seconds, Stopping threads took: 0.0000205 seconds
29.308: [GC (Allocation Failure)  498344K->181322K(1034240K), 0.0037848 secs]
29.312: Total time for which application threads were stopped: 0.0039465 seconds, Stopping threads took: 0.0000195 seconds
29.380: [GC (Allocation Failure)  502346K->181322K(1034752K), 0.0048983 secs]
29.385: Total time for which application threads were stopped: 0.0051024 seconds, Stopping threads took: 0.0000253 seconds
29.452: [GC (Allocation Failure)  502858K->181474K(1034752K), 0.0043023 secs]
29.456: Total time for which application threads were stopped: 0.0044616 seconds, Stopping threads took: 0.0000199 seconds
29.524: [GC (Allocation Failure)  503010K->189380K(1033728K), 0.0040815 secs]
29.529: Total time for which application threads were stopped: 0.0042513 seconds, Stopping threads took: 0.0000199 seconds
29.596: [GC (Allocation Failure)  509892K->189348K(1034240K), 0.0042870 secs]
29.601: Total time for which application threads were stopped: 0.0044550 seconds, Stopping threads took: 0.0000199 seconds
29.667: [GC (Allocation Failure)  509860K->192780K(1034752K), 0.0047405 secs]
29.672: Total time for which application threads were stopped: 0.0049011 seconds, Stopping threads took: 0.0000203 seconds
29.739: [GC (Allocation Failure)  513804K->197487K(1034240K), 0.0046737 secs]
29.744: Total time for which application threads were stopped: 0.0048413 seconds, Stopping threads took: 0.0000281 seconds
29.811: [GC (Allocation Failure)  518511K->197423K(1034752K), 0.0040406 secs]
29.815: Total time for which application threads were stopped: 0.0042049 seconds, Stopping threads took: 0.0000194 seconds
29.883: [GC (Allocation Failure)  518959K->200999K(1034752K), 0.0048500 secs]
29.888: Total time for which application threads were stopped: 0.0050270 seconds, Stopping threads took: 0.0000167 seconds
29.958: [GC (Allocation Failure)  522535K->205513K(1034752K), 0.0041717 secs]
29.962: Total time for which application threads were stopped: 0.0043198 seconds, Stopping threads took: 0.0000172 seconds
30.031: [GC (Allocation Failure)  527049K->205449K(1034752K), 0.0042352 secs]
30.035: Total time for which application threads were stopped: 0.0044140 seconds, Stopping threads took: 0.0000201 seconds
30.102: [GC (Allocation Failure)  526985K->206153K(1034752K), 0.0041164 secs]
30.106: Total time for which application threads were stopped: 0.0042849 seconds, Stopping threads took: 0.0000286 seconds
30.175: [GC (Allocation Failure)  527689K->213483K(1034752K), 0.0040879 secs]
30.179: Total time for which application threads were stopped: 0.0042484 seconds, Stopping threads took: 0.0000192 seconds
30.246: [GC (Allocation Failure)  535019K->213419K(1034752K), 0.0040889 secs]
30.251: Total time for which application threads were stopped: 0.0042699 seconds, Stopping threads took: 0.0000205 seconds
30.318: [GC (Allocation Failure)  534955K->215435K(1034752K), 0.0043041 secs]
30.322: Total time for which application threads were stopped: 0.0044703 seconds, Stopping threads took: 0.0000205 seconds
30.391: [GC (Allocation Failure)  536971K->221485K(1034752K), 0.0053526 secs]
30.397: Total time for which application threads were stopped: 0.0055135 seconds, Stopping threads took: 0.0000258 seconds
30.463: [GC (Allocation Failure)  543021K->221485K(1034752K), 0.0040235 secs]
30.467: Total time for which application threads were stopped: 0.0041824 seconds, Stopping threads took: 0.0000257 seconds
30.533: [GC (Allocation Failure)  543021K->224677K(1034752K), 0.0048728 secs]
30.538: Total time for which application threads were stopped: 0.0050436 seconds, Stopping threads took: 0.0000200 seconds
30.604: [GC (Allocation Failure)  546213K->229544K(1034752K), 0.0041156 secs]
30.608: Total time for which application threads were stopped: 0.0042766 seconds, Stopping threads took: 0.0000212 seconds
30.676: [GC (Allocation Failure)  551080K->229512K(1034752K), 0.0042145 secs]
30.680: Total time for which application threads were stopped: 0.0043792 seconds, Stopping threads took: 0.0000171 seconds
30.747: [GC (Allocation Failure)  551048K->229832K(1034752K), 0.0042600 secs]
30.751: Total time for which application threads were stopped: 0.0045663 seconds, Stopping threads took: 0.0000192 seconds
30.817: [GC (Allocation Failure)  551368K->237674K(1033728K), 0.0041402 secs]
30.821: Total time for which application threads were stopped: 0.0043264 seconds, Stopping threads took: 0.0000198 seconds
30.889: [GC (Allocation Failure)  558186K->237546K(1034240K), 0.0040239 secs]
30.893: Total time for which application threads were stopped: 0.0041957 seconds, Stopping threads took: 0.0000279 seconds
30.961: [GC (Allocation Failure)  558058K->241162K(1034752K), 0.0049593 secs]
30.966: Total time for which application threads were stopped: 0.0051407 seconds, Stopping threads took: 0.0000169 seconds
31.034: [GC (Allocation Failure)  562698K->245644K(1034752K), 0.0040094 secs]
31.038: Total time for which application threads were stopped: 0.0041817 seconds, Stopping threads took: 0.0000199 seconds
31.106: [GC (Allocation Failure)  567180K->245580K(1034752K), 0.0040362 secs]
31.110: Total time for which application threads were stopped: 0.0042287 seconds, Stopping threads took: 0.0000215 seconds
31.176: [GC (Allocation Failure)  567116K->246308K(1034752K), 0.0042994 secs]
31.180: Total time for which application threads were stopped: 0.0045940 seconds, Stopping threads took: 0.0000176 seconds
31.250: [GC (Allocation Failure)  567844K->253670K(1034752K), 0.0040725 secs]
31.254: Total time for which application threads were stopped: 0.0042817 seconds, Stopping threads took: 0.0000345 seconds
31.323: [GC (Allocation Failure)  575206K->253638K(1034752K), 0.0042233 secs]
31.327: Total time for which application threads were stopped: 0.0043794 seconds, Stopping threads took: 0.0000173 seconds
31.395: [GC (Allocation Failure)  575174K->255494K(1034752K), 0.0056043 secs]
31.401: Total time for which application threads were stopped: 0.0057755 seconds, Stopping threads took: 0.0000257 seconds
31.469: [GC (Allocation Failure)  577030K->261609K(1034752K), 0.0047210 secs]
31.474: Total time for which application threads were stopped: 0.0048886 seconds, Stopping threads took: 0.0000200 seconds
31.542: [GC (Allocation Failure)  583145K->261609K(1034752K), 0.0054714 secs]
31.547: Total time for which application threads were stopped: 0.0056326 seconds, Stopping threads took: 0.0000204 seconds
31.614: [GC (Allocation Failure)  583145K->264713K(1034752K), 0.0047596 secs]
31.619: Total time for which application threads were stopped: 0.0049318 seconds, Stopping threads took: 0.0000197 seconds
31.686: [GC (Allocation Failure)  586249K->269771K(1034752K), 0.0043110 secs]
31.690: Total time for which application threads were stopped: 0.0044705 seconds, Stopping threads took: 0.0000197 seconds
31.759: [GC (Allocation Failure)  591307K->269707K(1034752K), 0.0041481 secs]
31.763: Total time for which application threads were stopped: 0.0043149 seconds, Stopping threads took: 0.0000192 seconds
31.830: [GC (Allocation Failure)  591243K->269931K(1033728K), 0.0041701 secs]
31.835: Total time for which application threads were stopped: 0.0043445 seconds, Stopping threads took: 0.0000265 seconds
31.904: [GC (Allocation Failure)  590443K->277741K(1034240K), 0.0040944 secs]
31.909: Total time for which application threads were stopped: 0.0042430 seconds, Stopping threads took: 0.0000166 seconds
31.976: [GC (Allocation Failure)  598253K->277741K(1034240K), 0.0040056 secs]
31.980: Total time for which application threads were stopped: 0.0041694 seconds, Stopping threads took: 0.0000191 seconds
32.047: [GC (Allocation Failure)  598253K->280197K(1034240K), 0.0046850 secs]
32.052: Total time for which application threads were stopped: 0.0048571 seconds, Stopping threads took: 0.0000200 seconds
32.121: [GC (Allocation Failure)  600709K->285767K(1033728K), 0.0040536 secs]
32.125: Total time for which application threads were stopped: 0.0042154 seconds, Stopping threads took: 0.0000197 seconds
32.193: [GC (Allocation Failure)  606279K->285767K(1034240K), 0.0041614 secs]
32.197: Total time for which application threads were stopped: 0.0043305 seconds, Stopping threads took: 0.0000206 seconds
32.264: [GC (Allocation Failure)  606279K->286375K(1033728K), 0.0041909 secs]
32.268: Total time for which application threads were stopped: 0.0043531 seconds, Stopping threads took: 0.0000201 seconds
32.336: [GC (Allocation Failure)  606887K->293834K(1034240K), 0.0041753 secs]
32.340: Total time for which application threads were stopped: 0.0043407 seconds, Stopping threads took: 0.0000264 seconds
32.409: [GC (Allocation Failure)  614346K->293738K(1034240K), 0.0042690 secs]
32.413: Total time for which application threads were stopped: 0.0044400 seconds, Stopping threads took: 0.0000204 seconds
32.481: [GC (Allocation Failure)  614250K->296642K(1034240K), 0.0048500 secs]
32.486: Total time for which application threads were stopped: 0.0050227 seconds, Stopping threads took: 0.0000206 seconds
32.554: [GC (Allocation Failure)  617154K->301924K(1033728K), 0.0041614 secs]
32.559: Total time for which application threads were stopped: 0.0043313 seconds, Stopping threads took: 0.0000224 seconds
32.627: [GC (Allocation Failure)  622436K->301796K(1034240K), 0.0042318 secs]
32.631: Total time for which application threads were stopped: 0.0044151 seconds, Stopping threads took: 0.0000209 seconds
32.698: [GC (Allocation Failure)  622308K->302852K(1034240K), 0.0043431 secs]
32.702: Total time for which application threads were stopped: 0.0045236 seconds, Stopping threads took: 0.0000209 seconds
32.770: [GC (Allocation Failure)  623364K->309894K(1034240K), 0.0040740 secs]
32.774: Total time for which application threads were stopped: 0.0042383 seconds, Stopping threads took: 0.0000200 seconds
32.843: [GC (Allocation Failure)  630406K->309830K(1034240K), 0.0042363 secs]
32.847: Total time for which application threads were stopped: 0.0043970 seconds, Stopping threads took: 0.0000268 seconds
32.915: [GC (Allocation Failure)  630342K->313126K(1034240K), 0.0048504 secs]
32.919: Total time for which application threads were stopped: 0.0050106 seconds, Stopping threads took: 0.0000251 seconds
32.987: [GC (Allocation Failure)  633638K->317864K(1034752K), 0.0065179 secs]
32.994: Total time for which application threads were stopped: 0.0066784 seconds, Stopping threads took: 0.0000190 seconds
33.063: [GC (Allocation Failure)  639400K->317864K(1034752K), 0.0041617 secs]
33.067: Total time for which application threads were stopped: 0.0043626 seconds, Stopping threads took: 0.0000225 seconds
33.136: [GC (Allocation Failure)  639400K->321352K(1034752K), 0.0105596 secs]
33.147: Total time for which application threads were stopped: 0.0107096 seconds, Stopping threads took: 0.0000167 seconds
33.215: [GC (Allocation Failure)  642888K->325931K(1034752K), 0.0042901 secs]
33.220: Total time for which application threads were stopped: 0.0044495 seconds, Stopping threads took: 0.0000201 seconds
33.290: [GC (Allocation Failure)  647467K->325899K(1034752K), 0.0042785 secs]
33.294: Total time for which application threads were stopped: 0.0044477 seconds, Stopping threads took: 0.0000190 seconds
33.361: [GC (Allocation Failure)  647435K->326539K(1034752K), 0.0042301 secs]
33.365: Total time for which application threads were stopped: 0.0043958 seconds, Stopping threads took: 0.0000185 seconds
33.436: [GC (Allocation Failure)  648075K->333997K(1034752K), 0.0041126 secs]
33.440: Total time for which application threads were stopped: 0.0042768 seconds, Stopping threads took: 0.0000192 seconds
33.507: [GC (Allocation Failure)  655533K->333933K(1034752K), 0.0043207 secs]
33.512: Total time for which application threads were stopped: 0.0044789 seconds, Stopping threads took: 0.0000196 seconds
33.577: [GC (Allocation Failure)  655469K->335789K(1034752K), 0.0046220 secs]
33.582: Total time for which application threads were stopped: 0.0048032 seconds, Stopping threads took: 0.0000199 seconds
33.652: [GC (Allocation Failure)  657325K->342063K(1034752K), 0.0043560 secs]
33.656: Total time for which application threads were stopped: 0.0045186 seconds, Stopping threads took: 0.0000201 seconds
33.723: [GC (Allocation Failure)  663599K->341999K(1034752K), 0.0044673 secs]
33.727: Total time for which application threads were stopped: 0.0046314 seconds, Stopping threads took: 0.0000202 seconds
33.794: [GC (Allocation Failure)  663535K->345031K(1034752K), 0.0048982 secs]
33.799: Total time for which application threads were stopped: 0.0050925 seconds, Stopping threads took: 0.0000199 seconds
33.869: [GC (Allocation Failure)  666567K->349994K(1034752K), 0.0044802 secs]
33.874: Total time for which application threads were stopped: 0.0046486 seconds, Stopping threads took: 0.0000258 seconds
33.940: [GC (Allocation Failure)  671530K->349994K(1034752K), 0.0044677 secs]
33.944: Total time for which application threads were stopped: 0.0046319 seconds, Stopping threads took: 0.0000201 seconds
34.012: [GC (Allocation Failure)  671530K->350186K(1033728K), 0.0044492 secs]
34.016: Total time for which application threads were stopped: 0.0046126 seconds, Stopping threads took: 0.0000199 seconds
34.083: [GC (Allocation Failure)  670698K->358060K(1034240K), 0.0044540 secs]
34.088: Total time for which application threads were stopped: 0.0046246 seconds, Stopping threads took: 0.0000198 seconds
34.156: [GC (Allocation Failure)  678572K->358028K(1034240K), 0.0041124 secs]
34.160: Total time for which application threads were stopped: 0.0042838 seconds, Stopping threads took: 0.0000205 seconds
34.229: [GC (Allocation Failure)  678540K->360492K(1034240K), 0.0044903 secs]
34.233: Total time for which application threads were stopped: 0.0047153 seconds, Stopping threads took: 0.0000419 seconds
34.302: [GC (Allocation Failure)  681004K->366126K(1034752K), 0.0044981 secs]
34.307: Total time for which application threads were stopped: 0.0046469 seconds, Stopping threads took: 0.0000165 seconds
34.374: [GC (Allocation Failure)  687662K->366094K(1034752K), 0.0050704 secs]
34.380: Total time for which application threads were stopped: 0.0052382 seconds, Stopping threads took: 0.0000252 seconds
34.445: [GC (Allocation Failure)  687630K->368710K(1034752K), 0.0047088 secs]
34.450: Total time for which application threads were stopped: 0.0048980 seconds, Stopping threads took: 0.0000186 seconds
34.518: [GC (Allocation Failure)  690246K->374088K(1034752K), 0.0043061 secs]
34.522: Total time for which application threads were stopped: 0.0044553 seconds, Stopping threads took: 0.0000173 seconds
34.589: [GC (Allocation Failure)  695624K->374088K(1034752K), 0.0045250 secs]
34.593: Total time for which application threads were stopped: 0.0046963 seconds, Stopping threads took: 0.0000204 seconds
34.659: [GC (Allocation Failure)  695624K->377992K(1034752K), 0.0052308 secs]
34.664: Total time for which application threads were stopped: 0.0054257 seconds, Stopping threads took: 0.0000214 seconds
34.732: [GC (Allocation Failure)  699528K->382187K(1034752K), 0.0044659 secs]
34.737: Total time for which application threads were stopped: 0.0046584 seconds, Stopping threads took: 0.0000200 seconds
34.803: [GC (Allocation Failure)  703723K->382123K(1034752K), 0.0045361 secs]
34.808: Total time for which application threads were stopped: 0.0047161 seconds, Stopping threads took: 0.0000203 seconds
34.874: [GC (Allocation Failure)  703659K->383139K(1034240K), 0.0045869 secs]
34.879: Total time for which application threads were stopped: 0.0047442 seconds, Stopping threads took: 0.0000260 seconds
34.947: [GC (Allocation Failure)  704675K->390181K(1034752K), 0.0043944 secs]
34.952: Total time for which application threads were stopped: 0.0045569 seconds, Stopping threads took: 0.0000205 seconds
35.020: [GC (Allocation Failure)  711717K->390149K(1034752K), 0.0046066 secs]
35.025: Total time for which application threads were stopped: 0.0047748 seconds, Stopping threads took: 0.0000195 seconds
35.090: [GC (Allocation Failure)  711685K->392397K(1034752K), 0.0047232 secs]
35.095: Total time for which application threads were stopped: 0.0049242 seconds, Stopping threads took: 0.0000218 seconds
35.166: [GC (Allocation Failure)  713933K->398223K(1034752K), 0.0045366 secs]
35.170: Total time for which application threads were stopped: 0.0046856 seconds, Stopping threads took: 0.0000176 seconds
35.238: [GC (Allocation Failure)  719759K->398223K(1034752K), 0.0045413 secs]
35.242: Total time for which application threads were stopped: 0.0047112 seconds, Stopping threads took: 0.0000206 seconds
35.308: [GC (Allocation Failure)  719759K->401647K(1035264K), 0.0050533 secs]
35.313: Total time for which application threads were stopped: 0.0052142 seconds, Stopping threads took: 0.0000198 seconds
35.382: [GC (Allocation Failure)  723695K->406257K(1034752K), 0.0064163 secs]
35.389: Total time for which application threads were stopped: 0.0066051 seconds, Stopping threads took: 0.0000272 seconds
35.457: [GC (Allocation Failure)  728305K->406225K(1035264K), 0.0044042 secs]
35.462: Total time for which application threads were stopped: 0.0045679 seconds, Stopping threads took: 0.0000199 seconds
35.529: [GC (Allocation Failure)  728273K->408329K(1034752K), 0.0047059 secs]
35.534: Total time for which application threads were stopped: 0.0048682 seconds, Stopping threads took: 0.0000195 seconds
35.602: [GC (Allocation Failure)  730377K->414348K(1034752K), 0.0045318 secs]
35.606: Total time for which application threads were stopped: 0.0047032 seconds, Stopping threads took: 0.0000206 seconds
35.674: [GC (Allocation Failure)  735884K->414284K(1034752K), 0.0043091 secs]
35.678: Total time for which application threads were stopped: 0.0044727 seconds, Stopping threads took: 0.0000201 seconds
35.743: [GC (Allocation Failure)  735820K->418084K(1035264K), 0.0054950 secs]
35.749: Total time for which application threads were stopped: 0.0056727 seconds, Stopping threads took: 0.0000206 seconds
35.818: [GC (Allocation Failure)  740132K->422342K(1034752K), 0.0045078 secs]
35.823: Total time for which application threads were stopped: 0.0047016 seconds, Stopping threads took: 0.0000201 seconds
35.894: [GC (Allocation Failure)  744390K->422278K(1035264K), 0.0044632 secs]
35.898: Total time for which application threads were stopped: 0.0046430 seconds, Stopping threads took: 0.0000255 seconds
35.965: [GC (Allocation Failure)  744838K->425350K(1035264K), 0.0049391 secs]
35.970: Total time for which application threads were stopped: 0.0051001 seconds, Stopping threads took: 0.0000193 seconds
36.038: [GC (Allocation Failure)  747910K->430344K(1035264K), 0.0043336 secs]
36.042: Total time for which application threads were stopped: 0.0045079 seconds, Stopping threads took: 0.0000200 seconds
36.112: [GC (Allocation Failure)  752904K->430344K(1035264K), 0.0046222 secs]
36.117: Total time for which application threads were stopped: 0.0047833 seconds, Stopping threads took: 0.0000199 seconds
36.185: [GC (Allocation Failure)  752904K->425542K(1035264K), 0.0027628 secs]
36.188: Total time for which application threads were stopped: 0.0029163 seconds, Stopping threads took: 0.0000188 seconds
36.256: [GC (Allocation Failure)  748102K->430536K(1035264K), 0.0044367 secs]
36.260: Total time for which application threads were stopped: 0.0046064 seconds, Stopping threads took: 0.0000197 seconds
36.328: [GC (Allocation Failure)  753096K->430344K(1035264K), 0.0046734 secs]
36.333: Total time for which application threads were stopped: 0.0048360 seconds, Stopping threads took: 0.0000188 seconds
36.401: [GC (Allocation Failure)  752904K->429830K(1035264K), 0.0043403 secs]
36.405: Total time for which application threads were stopped: 0.0044994 seconds, Stopping threads took: 0.0000174 seconds
36.473: [GC (Allocation Failure)  752390K->430472K(1035776K), 0.0043569 secs]
36.477: Total time for which application threads were stopped: 0.0045503 seconds, Stopping threads took: 0.0000184 seconds
36.547: [GC (Allocation Failure)  754056K->430280K(1035776K), 0.0046419 secs]
36.552: Total time for which application threads were stopped: 0.0047998 seconds, Stopping threads took: 0.0000169 seconds
36.618: [GC (Allocation Failure)  753864K->436118K(1031680K), 0.0073100 secs]
36.625: Total time for which application threads were stopped: 0.0074901 seconds, Stopping threads took: 0.0000191 seconds
36.692: [GC (Allocation Failure)  755606K->431544K(1033728K), 0.0046127 secs]
36.697: Total time for which application threads were stopped: 0.0047804 seconds, Stopping threads took: 0.0000201 seconds
36.764: [GC (Allocation Failure)  751032K->431416K(1034752K), 0.0046170 secs]
36.768: Total time for which application threads were stopped: 0.0048011 seconds, Stopping threads took: 0.0000204 seconds
36.836: [GC (Allocation Failure)  752440K->433878K(1034240K), 0.0053386 secs]
36.842: Total time for which application threads were stopped: 0.0054976 seconds, Stopping threads took: 0.0000190 seconds
36.911: [GC (Allocation Failure)  754902K->431416K(1034752K), 0.0045424 secs]
36.915: Total time for which application threads were stopped: 0.0047192 seconds, Stopping threads took: 0.0000261 seconds
36.984: [GC (Allocation Failure)  752440K->431416K(1034240K), 0.0044532 secs]
36.988: Total time for which application threads were stopped: 0.0046103 seconds, Stopping threads took: 0.0000194 seconds
37.055: [GC (Allocation Failure)  752440K->433526K(1035264K), 0.0054568 secs]
37.061: Total time for which application threads were stopped: 0.0056243 seconds, Stopping threads took: 0.0000190 seconds
37.128: [GC (Allocation Failure)  756086K->431416K(1035264K), 0.0045949 secs]
37.132: Total time for which application threads were stopped: 0.0047751 seconds, Stopping threads took: 0.0000198 seconds
37.200: [GC (Allocation Failure)  753976K->431384K(1035776K), 0.0102952 secs]
37.211: Total time for which application threads were stopped: 0.0104412 seconds, Stopping threads took: 0.0000191 seconds
37.277: [GC (Allocation Failure)  754968K->438830K(1035776K), 0.0080955 secs]
37.285: Total time for which application threads were stopped: 0.0082598 seconds, Stopping threads took: 0.0000191 seconds
37.354: [GC (Allocation Failure)  762414K->434320K(1032704K), 0.0044692 secs]
37.359: Total time for which application threads were stopped: 0.0046347 seconds, Stopping threads took: 0.0000284 seconds
37.429: [GC (Allocation Failure)  754832K->434128K(1034240K), 0.0045277 secs]
37.433: Total time for which application threads were stopped: 0.0046941 seconds, Stopping threads took: 0.0000198 seconds
37.501: [GC (Allocation Failure)  754640K->426382K(1032704K), 0.0014023 secs]
37.502: Total time for which application threads were stopped: 0.0015242 seconds, Stopping threads took: 0.0000189 seconds
37.569: [GC (Allocation Failure)  745870K->434280K(1033728K), 0.0044669 secs]
37.573: Total time for which application threads were stopped: 0.0046235 seconds, Stopping threads took: 0.0000194 seconds
37.640: [GC (Allocation Failure)  753768K->438248K(1034752K), 0.0059417 secs]
37.646: Total time for which application threads were stopped: 0.0061031 seconds, Stopping threads took: 0.0000201 seconds
37.713: [GC (Allocation Failure)  759272K->443526K(1034240K), 0.0086528 secs]
37.722: Total time for which application threads were stopped: 0.0088540 seconds, Stopping threads took: 0.0000192 seconds
37.790: [GC (Allocation Failure)  764550K->438344K(1033216K), 0.0063504 secs]
37.797: Total time for which application threads were stopped: 0.0066433 seconds, Stopping threads took: 0.0000307 seconds
37.864: [GC (Allocation Failure)  757832K->438248K(1033728K), 0.0050920 secs]
37.869: Total time for which application threads were stopped: 0.0052618 seconds, Stopping threads took: 0.0000261 seconds
37.937: [GC (Allocation Failure)  757736K->440166K(1033728K), 0.0066549 secs]
37.944: Total time for which application threads were stopped: 0.0068304 seconds, Stopping threads took: 0.0000282 seconds
38.012: [GC (Allocation Failure)  760678K->438280K(1034240K), 0.0046586 secs]
38.016: Total time for which application threads were stopped: 0.0048198 seconds, Stopping threads took: 0.0000195 seconds
38.084: [GC (Allocation Failure)  758792K->438216K(1035264K), 0.0044324 secs]
38.089: Total time for which application threads were stopped: 0.0046042 seconds, Stopping threads took: 0.0000201 seconds
38.155: [GC (Allocation Failure)  760264K->439910K(1034752K), 0.0053739 secs]
38.160: Total time for which application threads were stopped: 0.0055463 seconds, Stopping threads took: 0.0000199 seconds
38.228: [GC (Allocation Failure)  761958K->438472K(1035776K), 0.0045463 secs]
38.233: Total time for which application threads were stopped: 0.0047449 seconds, Stopping threads took: 0.0000210 seconds
38.303: [GC (Allocation Failure)  761544K->438248K(1035264K), 0.0042593 secs]
38.307: Total time for which application threads were stopped: 0.0044111 seconds, Stopping threads took: 0.0000169 seconds
38.374: [GC (Allocation Failure)  761320K->444646K(1032704K), 0.0096789 secs]
38.383: Total time for which application threads were stopped: 0.0100118 seconds, Stopping threads took: 0.0000140 seconds
38.451: [GC (Allocation Failure)  765158K->440104K(1034240K), 0.0045140 secs]
38.456: Total time for which application threads were stopped: 0.0046982 seconds, Stopping threads took: 0.0000199 seconds
38.523: [GC (Allocation Failure)  760616K->439912K(1034752K), 0.0042027 secs]
38.528: Total time for which application threads were stopped: 0.0043972 seconds, Stopping threads took: 0.0000193 seconds
38.595: [GC (Allocation Failure)  761448K->445542K(1034752K), 0.0068814 secs]
38.602: Total time for which application threads were stopped: 0.0070729 seconds, Stopping threads took: 0.0000187 seconds
38.669: [GC (Allocation Failure)  767078K->440072K(1032704K), 0.0045004 secs]
38.674: Total time for which application threads were stopped: 0.0046664 seconds, Stopping threads took: 0.0000189 seconds
38.742: [GC (Allocation Failure)  759560K->439912K(1033728K), 0.0044227 secs]
38.746: Total time for which application threads were stopped: 0.0045915 seconds, Stopping threads took: 0.0000207 seconds
38.813: [GC (Allocation Failure)  759400K->442662K(1034240K), 0.0054713 secs]
38.819: Total time for which application threads were stopped: 0.0056528 seconds, Stopping threads took: 0.0000221 seconds
38.888: [GC (Allocation Failure)  763174K->440008K(1034240K), 0.0044324 secs]
38.892: Total time for which application threads were stopped: 0.0046123 seconds, Stopping threads took: 0.0000290 seconds
38.962: [GC (Allocation Failure)  760520K->439912K(1034752K), 0.0045575 secs]
38.967: Total time for which application threads were stopped: 0.0047282 seconds, Stopping threads took: 0.0000285 seconds
39.034: [GC (Allocation Failure)  760936K->441350K(1034240K), 0.0050797 secs]
39.039: Total time for which application threads were stopped: 0.0052422 seconds, Stopping threads took: 0.0000207 seconds
39.107: [GC (Allocation Failure)  762374K->439912K(1035264K), 0.0046226 secs]
39.112: Total time for which application threads were stopped: 0.0047944 seconds, Stopping threads took: 0.0000195 seconds
39.179: [GC (Allocation Failure)  761960K->439912K(1034752K), 0.0045508 secs]
39.184: Total time for which application threads were stopped: 0.0047402 seconds, Stopping threads took: 0.0000204 seconds
39.253: [GC (Allocation Failure)  761960K->443078K(1034240K), 0.0058292 secs]
39.259: Total time for which application threads were stopped: 0.0060168 seconds, Stopping threads took: 0.0000195 seconds
39.328: [GC (Allocation Failure)  764614K->440136K(1034752K), 0.0046524 secs]
39.332: Total time for which application threads were stopped: 0.0048223 seconds, Stopping threads took: 0.0000197 seconds
39.400: [GC (Allocation Failure)  761672K->439912K(1035264K), 0.0044439 secs]
39.404: Total time for which application threads were stopped: 0.0046363 seconds, Stopping threads took: 0.0000176 seconds
39.472: [GC (Allocation Failure)  762472K->445270K(1035264K), 0.0066799 secs]
39.478: Total time for which application threads were stopped: 0.0068275 seconds, Stopping threads took: 0.0000168 seconds
39.546: [GC (Allocation Failure)  767830K->440184K(1033216K), 0.0043701 secs]
39.551: Total time for which application threads were stopped: 0.0045175 seconds, Stopping threads took: 0.0000194 seconds
39.620: [GC (Allocation Failure)  760696K->440024K(1034240K), 0.0045936 secs]
39.625: Total time for which application threads were stopped: 0.0047443 seconds, Stopping threads took: 0.0000172 seconds
39.692: [GC (Allocation Failure)  760536K->445654K(1032704K), 0.0068851 secs]
39.699: Total time for which application threads were stopped: 0.0070470 seconds, Stopping threads took: 0.0000198 seconds
39.766: [GC (Allocation Failure)  765142K->440152K(1033728K), 0.0045753 secs]
39.771: Total time for which application threads were stopped: 0.0047467 seconds, Stopping threads took: 0.0000206 seconds
39.840: [GC (Allocation Failure)  759640K->440024K(1034240K), 0.0044698 secs]
39.845: Total time for which application threads were stopped: 0.0046302 seconds, Stopping threads took: 0.0000195 seconds
39.912: [GC (Allocation Failure)  760024K->441270K(1033728K), 0.0050023 secs]
39.917: Total time for which application threads were stopped: 0.0051638 seconds, Stopping threads took: 0.0000200 seconds
39.985: [GC (Allocation Failure)  761270K->440088K(1034752K), 0.0045133 secs]
39.989: Total time for which application threads were stopped: 0.0046798 seconds, Stopping threads took: 0.0000198 seconds
40.056: [GC (Allocation Failure)  761624K->440024K(1034752K), 0.0047031 secs]
40.061: Total time for which application threads were stopped: 0.0048715 seconds, Stopping threads took: 0.0000197 seconds
40.126: [GC (Allocation Failure)  761560K->440918K(1035264K), 0.0048445 secs]
40.131: Total time for which application threads were stopped: 0.0050334 seconds, Stopping threads took: 0.0000186 seconds
40.200: [GC (Allocation Failure)  762966K->440056K(1034752K), 0.0042785 secs]
40.204: Total time for which application threads were stopped: 0.0044463 seconds, Stopping threads took: 0.0000195 seconds
40.272: [GC (Allocation Failure)  762104K->440056K(1035776K), 0.0104488 secs]
40.283: Total time for which application threads were stopped: 0.0106235 seconds, Stopping threads took: 0.0000204 seconds
40.351: [GC (Allocation Failure)  763640K->445166K(1035776K), 0.0066142 secs]
40.358: Total time for which application threads were stopped: 0.0067662 seconds, Stopping threads took: 0.0000244 seconds
40.429: [GC (Allocation Failure)  768750K->440656K(1033728K), 0.0042987 secs]
40.433: Total time for which application threads were stopped: 0.0044916 seconds, Stopping threads took: 0.0000196 seconds
40.503: [GC (Allocation Failure)  762192K->440432K(1034752K), 0.0043933 secs]
40.507: Total time for which application threads were stopped: 0.0045827 seconds, Stopping threads took: 0.0000197 seconds
40.574: [GC (Allocation Failure)  761968K->432462K(1032192K), 0.0013669 secs]
40.575: Total time for which application threads were stopped: 0.0014815 seconds, Stopping threads took: 0.0000157 seconds
40.643: [GC (Allocation Failure)  751950K->440616K(1033728K), 0.0045988 secs]
40.647: Total time for which application threads were stopped: 0.0047752 seconds, Stopping threads took: 0.0000221 seconds
40.714: [GC (Allocation Failure)  760104K->444584K(1035264K), 0.0060503 secs]
40.721: Total time for which application threads were stopped: 0.0062108 seconds, Stopping threads took: 0.0000198 seconds
40.789: [GC (Allocation Failure)  766632K->450630K(1034752K), 0.0072346 secs]
40.797: Total time for which application threads were stopped: 0.0075463 seconds, Stopping threads took: 0.0000193 seconds
40.865: [GC (Allocation Failure)  772678K->445416K(1032704K), 0.0045253 secs]
40.870: Total time for which application threads were stopped: 0.0047108 seconds, Stopping threads took: 0.0000261 seconds
40.937: [GC (Allocation Failure)  764904K->445416K(1033728K), 0.0046599 secs]
40.941: Total time for which application threads were stopped: 0.0048165 seconds, Stopping threads took: 0.0000194 seconds
41.011: [GC (Allocation Failure)  764904K->449030K(1033216K), 0.0058679 secs]
41.016: Total time for which application threads were stopped: 0.0060470 seconds, Stopping threads took: 0.0000276 seconds
41.085: [GC (Allocation Failure)  768518K->445608K(1033728K), 0.0047175 secs]
41.089: Total time for which application threads were stopped: 0.0048885 seconds, Stopping threads took: 0.0000201 seconds
41.156: [GC (Allocation Failure)  765096K->445416K(1034752K), 0.0047311 secs]
41.161: Total time for which application threads were stopped: 0.0049169 seconds, Stopping threads took: 0.0000193 seconds
41.226: [GC (Allocation Failure)  766440K->445638K(1034240K), 0.0047476 secs]
41.231: Total time for which application threads were stopped: 0.0049536 seconds, Stopping threads took: 0.0000248 seconds
41.300: [GC (Allocation Failure)  766662K->445544K(1035264K), 0.0074522 secs]
41.308: Total time for which application threads were stopped: 0.0076008 seconds, Stopping threads took: 0.0000179 seconds
41.377: [GC (Allocation Failure)  768104K->445416K(1035264K), 0.0053384 secs]
41.382: Total time for which application threads were stopped: 0.0054924 seconds, Stopping threads took: 0.0000175 seconds
41.451: [GC (Allocation Failure)  767976K->448422K(1034752K), 0.0057628 secs]
41.456: Total time for which application threads were stopped: 0.0059349 seconds, Stopping threads took: 0.0000195 seconds
41.524: [GC (Allocation Failure)  770982K->445512K(1035264K), 0.0044712 secs]
41.528: Total time for which application threads were stopped: 0.0046408 seconds, Stopping threads took: 0.0000193 seconds
41.595: [GC (Allocation Failure)  768072K->445384K(1035776K), 0.0046002 secs]
41.600: Total time for which application threads were stopped: 0.0047935 seconds, Stopping threads took: 0.0000198 seconds
41.669: [GC (Allocation Failure)  768456K->453190K(1035264K), 0.0081809 secs]
41.677: Total time for which application threads were stopped: 0.0083718 seconds, Stopping threads took: 0.0000193 seconds
41.747: [GC (Allocation Failure)  776262K->448520K(1032192K), 0.0045222 secs]
41.751: Total time for which application threads were stopped: 0.0047096 seconds, Stopping threads took: 0.0000186 seconds
41.819: [GC (Allocation Failure)  768008K->448424K(1033728K), 0.0043283 secs]
41.824: Total time for which application threads were stopped: 0.0044834 seconds, Stopping threads took: 0.0000169 seconds
41.889: [GC (Allocation Failure)  767912K->454926K(1031168K), 0.0072538 secs]
41.897: Total time for which application threads were stopped: 0.0074275 seconds, Stopping threads took: 0.0000151 seconds
41.963: [GC (Allocation Failure)  772366K->448912K(1032704K), 0.0044137 secs]
41.967: Total time for which application threads were stopped: 0.0045765 seconds, Stopping threads took: 0.0000205 seconds
42.036: [GC (Allocation Failure)  766352K->448688K(1033216K), 0.0046572 secs]
42.040: Total time for which application threads were stopped: 0.0048468 seconds, Stopping threads took: 0.0000198 seconds
42.106: [GC (Allocation Failure)  767152K->445134K(1033216K), 0.0032173 secs]
42.110: Total time for which application threads were stopped: 0.0034154 seconds, Stopping threads took: 0.0000191 seconds
42.179: [GC (Allocation Failure)  763598K->448880K(1033728K), 0.0046818 secs]
42.184: Total time for which application threads were stopped: 0.0048520 seconds, Stopping threads took: 0.0000202 seconds
42.251: [GC (Allocation Failure)  767856K->448656K(1033216K), 0.0045121 secs]
42.256: Total time for which application threads were stopped: 0.0046755 seconds, Stopping threads took: 0.0000202 seconds
42.322: [GC (Allocation Failure)  767632K->450280K(1032192K), 0.0045923 secs]
42.327: Total time for which application threads were stopped: 0.0047612 seconds, Stopping threads took: 0.0000262 seconds
42.396: [GC (Allocation Failure)  768744K->456682K(1033216K), 0.0050440 secs]
42.401: Total time for which application threads were stopped: 0.0051871 seconds, Stopping threads took: 0.0000178 seconds
42.466: [GC (Allocation Failure)  775146K->456650K(1034752K), 0.0044919 secs]
42.471: Total time for which application threads were stopped: 0.0046603 seconds, Stopping threads took: 0.0000202 seconds
42.538: [GC (Allocation Failure)  777674K->456994K(1020928K), 0.0046489 secs]
42.543: Total time for which application threads were stopped: 0.0048219 seconds, Stopping threads took: 0.0000210 seconds
42.610: [GC (Allocation Failure)  778018K->464805K(1034240K), 0.0047034 secs]
42.615: Total time for which application threads were stopped: 0.0048781 seconds, Stopping threads took: 0.0000192 seconds
42.684: [GC (Allocation Failure)  784805K->464709K(1033728K), 0.0044250 secs]
42.689: Total time for which application threads were stopped: 0.0045939 seconds, Stopping threads took: 0.0000194 seconds
42.753: [GC (Allocation Failure)  784709K->466725K(1033728K), 0.0047956 secs]
42.758: Total time for which application threads were stopped: 0.0049890 seconds, Stopping threads took: 0.0000201 seconds
42.826: [GC (Allocation Failure)  787237K->472743K(1034240K), 0.0046954 secs]
42.831: Total time for which application threads were stopped: 0.0048683 seconds, Stopping threads took: 0.0000193 seconds
42.901: [GC (Allocation Failure)  793255K->472711K(1034752K), 0.0042389 secs]
42.905: Total time for which application threads were stopped: 0.0043983 seconds, Stopping threads took: 0.0000252 seconds
42.971: [GC (Allocation Failure)  794247K->473959K(1034752K), 0.0046713 secs]
42.976: Total time for which application threads were stopped: 0.0048360 seconds, Stopping threads took: 0.0000258 seconds
43.044: [GC (Allocation Failure)  795495K->480777K(1034752K), 0.0045854 secs]
43.049: Total time for which application threads were stopped: 0.0047511 seconds, Stopping threads took: 0.0000201 seconds
43.117: [GC (Allocation Failure)  802313K->480777K(1034752K), 0.0045548 secs]
43.121: Total time for which application threads were stopped: 0.0047190 seconds, Stopping threads took: 0.0000205 seconds
43.187: [GC (Allocation Failure)  802313K->483209K(1034752K), 0.0049613 secs]
43.192: Total time for which application threads were stopped: 0.0051273 seconds, Stopping threads took: 0.0000184 seconds
43.260: [GC (Allocation Failure)  804745K->488844K(1034752K), 0.0044070 secs]
43.265: Total time for which application threads were stopped: 0.0046030 seconds, Stopping threads took: 0.0000204 seconds
43.333: [GC (Allocation Failure)  810380K->488812K(1035264K), 0.0044410 secs]
43.338: Total time for which application threads were stopped: 0.0046311 seconds, Stopping threads took: 0.0000191 seconds
43.406: [GC (Allocation Failure)  810860K->488876K(1034752K), 0.0044030 secs]
43.411: Total time for which application threads were stopped: 0.0045701 seconds, Stopping threads took: 0.0000170 seconds
43.481: [GC (Allocation Failure)  810924K->497006K(1034752K), 0.0046077 secs]
43.485: Total time for which application threads were stopped: 0.0047757 seconds, Stopping threads took: 0.0000172 seconds
43.552: [GC (Allocation Failure)  818542K->496878K(1034752K), 0.0045445 secs]
43.556: Total time for which application threads were stopped: 0.0047222 seconds, Stopping threads took: 0.0000219 seconds
43.622: [GC (Allocation Failure)  818414K->498662K(1034752K), 0.0048512 secs]
43.627: Total time for which application threads were stopped: 0.0050246 seconds, Stopping threads took: 0.0000209 seconds
43.693: [GC (Allocation Failure)  820198K->504936K(1034752K), 0.0046537 secs]
43.698: Total time for which application threads were stopped: 0.0048284 seconds, Stopping threads took: 0.0000208 seconds
43.764: [GC (Allocation Failure)  826472K->504904K(1034752K), 0.0046195 secs]
43.769: Total time for which application threads were stopped: 0.0047955 seconds, Stopping threads took: 0.0000218 seconds
43.835: [GC (Allocation Failure)  826440K->507944K(1034752K), 0.0051971 secs]
43.840: Total time for which application threads were stopped: 0.0053471 seconds, Stopping threads took: 0.0000163 seconds
43.910: [GC (Allocation Failure)  829480K->512970K(1034752K), 0.0045678 secs]
43.914: Total time for which application threads were stopped: 0.0047522 seconds, Stopping threads took: 0.0000423 seconds
43.982: [GC (Allocation Failure)  834506K->512938K(1034752K), 0.0044182 secs]
43.986: Total time for which application threads were stopped: 0.0046185 seconds, Stopping threads took: 0.0000288 seconds
44.053: [GC (Allocation Failure)  834474K->513034K(1033728K), 0.0046540 secs]
44.058: Total time for which application threads were stopped: 0.0048489 seconds, Stopping threads took: 0.0000197 seconds
44.128: [GC (Allocation Failure)  833546K->520973K(1034240K), 0.0046934 secs]
44.132: Total time for which application threads were stopped: 0.0048499 seconds, Stopping threads took: 0.0000168 seconds
44.199: [GC (Allocation Failure)  841485K->520973K(1034240K), 0.0046894 secs]
44.204: Total time for which application threads were stopped: 0.0048597 seconds, Stopping threads took: 0.0000205 seconds
44.271: [GC (Allocation Failure)  841485K->523333K(1034240K), 0.0051395 secs]
44.276: Total time for which application threads were stopped: 0.0053032 seconds, Stopping threads took: 0.0000202 seconds
44.343: [GC (Allocation Failure)  843845K->529095K(1033728K), 0.0046101 secs]
44.348: Total time for which application threads were stopped: 0.0047771 seconds, Stopping threads took: 0.0000196 seconds
44.419: [GC (Allocation Failure)  849607K->528967K(1034240K), 0.0048454 secs]
44.424: Total time for which application threads were stopped: 0.0050037 seconds, Stopping threads took: 0.0000171 seconds
44.492: [GC (Allocation Failure)  849479K->529511K(1033728K), 0.0047568 secs]
44.496: Total time for which application threads were stopped: 0.0049306 seconds, Stopping threads took: 0.0000200 seconds
44.565: [GC (Allocation Failure)  850023K->537033K(1034240K), 0.0046092 secs]
44.570: Total time for which application threads were stopped: 0.0047807 seconds, Stopping threads took: 0.0000202 seconds
44.639: [GC (Allocation Failure)  857545K->537001K(1034240K), 0.0048062 secs]
44.644: Total time for which application threads were stopped: 0.0049776 seconds, Stopping threads took: 0.0000204 seconds
44.711: [GC (Allocation Failure)  857513K->539785K(1034240K), 0.0051896 secs]
44.716: Total time for which application threads were stopped: 0.0053675 seconds, Stopping threads took: 0.0000194 seconds
44.784: [GC (Allocation Failure)  860297K->545035K(1033728K), 0.0047774 secs]
44.788: Total time for which application threads were stopped: 0.0049490 seconds, Stopping threads took: 0.0000196 seconds
44.856: [GC (Allocation Failure)  865547K->545035K(1034240K), 0.0045877 secs]
44.861: Total time for which application threads were stopped: 0.0047882 seconds, Stopping threads took: 0.0000258 seconds
44.929: [GC (Allocation Failure)  865547K->545963K(1033728K), 0.0047697 secs]
44.934: Total time for which application threads were stopped: 0.0049378 seconds, Stopping threads took: 0.0000248 seconds
45.002: [GC (Allocation Failure)  866475K->553070K(1034240K), 0.0047896 secs]
45.007: Total time for which application threads were stopped: 0.0049620 seconds, Stopping threads took: 0.0000202 seconds
45.075: [GC (Allocation Failure)  873582K->553070K(1034240K), 0.0046899 secs]
45.080: Total time for which application threads were stopped: 0.0048630 seconds, Stopping threads took: 0.0000201 seconds
45.148: [GC (Allocation Failure)  873582K->556230K(1034240K), 0.0077050 secs]
45.156: Total time for which application threads were stopped: 0.0078777 seconds, Stopping threads took: 0.0000209 seconds
45.225: [GC (Allocation Failure)  876742K->561128K(1034752K), 0.0049425 secs]
45.230: Total time for which application threads were stopped: 0.0051186 seconds, Stopping threads took: 0.0000205 seconds
45.298: [GC (Allocation Failure)  882664K->561096K(1034752K), 0.0046576 secs]
45.303: Total time for which application threads were stopped: 0.0048347 seconds, Stopping threads took: 0.0000363 seconds
45.370: [GC (Allocation Failure)  882632K->564480K(1034752K), 0.0087867 secs]
45.379: Total time for which application threads were stopped: 0.0089516 seconds, Stopping threads took: 0.0000195 seconds
45.446: [GC (Allocation Failure)  886016K->569218K(1034752K), 0.0048627 secs]
45.450: Total time for which application threads were stopped: 0.0050223 seconds, Stopping threads took: 0.0000193 seconds
45.516: [GC (Allocation Failure)  890754K->569122K(1034752K), 0.0048344 secs]
45.521: Total time for which application threads were stopped: 0.0050305 seconds, Stopping threads took: 0.0000201 seconds
45.588: [GC (Allocation Failure)  890658K->569642K(1034752K), 0.0046945 secs]
45.593: Total time for which application threads were stopped: 0.0048462 seconds, Stopping threads took: 0.0000177 seconds
45.659: [GC (Allocation Failure)  891178K->577228K(1034752K), 0.0049564 secs]
45.664: Total time for which application threads were stopped: 0.0051262 seconds, Stopping threads took: 0.0000201 seconds
45.731: [GC (Allocation Failure)  898764K->577164K(1034752K), 0.0048745 secs]
45.736: Total time for which application threads were stopped: 0.0050535 seconds, Stopping threads took: 0.0000280 seconds
45.802: [GC (Allocation Failure)  898700K->578916K(1034752K), 0.0049938 secs]
45.807: Total time for which application threads were stopped: 0.0051513 seconds, Stopping threads took: 0.0000194 seconds
45.875: [GC (Allocation Failure)  900452K->585223K(1029120K), 0.0047834 secs]
45.880: Total time for which application threads were stopped: 0.0049837 seconds, Stopping threads took: 0.0000272 seconds
45.948: [GC (Allocation Failure)  906759K->585223K(1034752K), 0.0048599 secs]
45.953: Total time for which application threads were stopped: 0.0050389 seconds, Stopping threads took: 0.0000202 seconds
46.020: [GC (Allocation Failure)  906247K->587623K(1034240K), 0.0071748 secs]
46.027: Total time for which application threads were stopped: 0.0073399 seconds, Stopping threads took: 0.0000204 seconds
46.096: [GC (Allocation Failure)  908647K->593321K(1034752K), 0.0050258 secs]
46.101: Total time for which application threads were stopped: 0.0051872 seconds, Stopping threads took: 0.0000201 seconds
46.169: [GC (Allocation Failure)  914857K->593225K(1034752K), 0.0044272 secs]
46.173: Total time for which application threads were stopped: 0.0045826 seconds, Stopping threads took: 0.0000193 seconds
46.241: [GC (Allocation Failure)  914761K->596393K(1034752K), 0.0052424 secs]
46.246: Total time for which application threads were stopped: 0.0054205 seconds, Stopping threads took: 0.0000169 seconds
46.316: [GC (Allocation Failure)  917929K->601387K(1034752K), 0.0047767 secs]
46.321: Total time for which application threads were stopped: 0.0049324 seconds, Stopping threads took: 0.0000169 seconds
46.390: [GC (Allocation Failure)  922923K->601259K(1034752K), 0.0080640 secs]
46.398: Total time for which application threads were stopped: 0.0082003 seconds, Stopping threads took: 0.0000174 seconds
46.463: [GC (Allocation Failure)  922795K->601515K(1021440K), 0.0048365 secs]
46.468: Total time for which application threads were stopped: 0.0050203 seconds, Stopping threads took: 0.0000267 seconds
46.536: [GC (Allocation Failure)  923051K->609390K(1034240K), 0.0048342 secs]
46.541: Total time for which application threads were stopped: 0.0050090 seconds, Stopping threads took: 0.0000208 seconds
46.609: [GC (Allocation Failure)  929902K->609294K(1034240K), 0.0047471 secs]
46.614: Total time for which application threads were stopped: 0.0049194 seconds, Stopping threads took: 0.0000206 seconds
46.681: [GC (Allocation Failure)  929806K->612838K(1034752K), 0.0056452 secs]
46.687: Total time for which application threads were stopped: 0.0058399 seconds, Stopping threads took: 0.0000289 seconds
46.755: [GC (Allocation Failure)  933862K->617384K(1034240K), 0.0047870 secs]
46.760: Total time for which application threads were stopped: 0.0049567 seconds, Stopping threads took: 0.0000201 seconds
46.828: [GC (Allocation Failure)  938408K->617352K(1034752K), 0.0048197 secs]
46.833: Total time for which application threads were stopped: 0.0050110 seconds, Stopping threads took: 0.0000204 seconds
46.901: [GC (Allocation Failure)  938888K->621096K(1034752K), 0.0056860 secs]
46.907: Total time for which application threads were stopped: 0.0058717 seconds, Stopping threads took: 0.0000273 seconds
46.978: [GC (Allocation Failure)  942632K->625386K(1034240K), 0.0048992 secs]
46.983: Total time for which application threads were stopped: 0.0050602 seconds, Stopping threads took: 0.0000176 seconds
47.050: [GC (Allocation Failure)  946922K->625354K(1034752K), 0.0048148 secs]
47.055: Total time for which application threads were stopped: 0.0049849 seconds, Stopping threads took: 0.0000197 seconds
47.120: [GC (Allocation Failure)  946890K->626250K(1034240K), 0.0049457 secs]
47.126: Total time for which application threads were stopped: 0.0051428 seconds, Stopping threads took: 0.0000203 seconds
47.193: [GC (Allocation Failure)  947786K->633452K(1034752K), 0.0050019 secs]
47.198: Total time for which application threads were stopped: 0.0051817 seconds, Stopping threads took: 0.0000197 seconds
47.264: [GC (Allocation Failure)  954988K->633388K(1034752K), 0.0047228 secs]
47.269: Total time for which application threads were stopped: 0.0048832 seconds, Stopping threads took: 0.0000200 seconds
47.333: [GC (Allocation Failure)  954924K->635524K(1034752K), 0.0052197 secs]
47.339: Total time for which application threads were stopped: 0.0053886 seconds, Stopping threads took: 0.0000188 seconds
47.406: [GC (Allocation Failure)  957060K->641511K(1034752K), 0.0048816 secs]
47.411: Total time for which application threads were stopped: 0.0050320 seconds, Stopping threads took: 0.0000173 seconds
47.478: [GC (Allocation Failure)  963047K->641415K(1034752K), 0.0048933 secs]
47.483: Total time for which application threads were stopped: 0.0050578 seconds, Stopping threads took: 0.0000203 seconds
47.548: [GC (Allocation Failure)  962951K->644775K(1034752K), 0.0056873 secs]
47.554: Total time for which application threads were stopped: 0.0058595 seconds, Stopping threads took: 0.0000201 seconds
47.622: [GC (Allocation Failure)  966311K->649513K(1034752K), 0.0049243 secs]
47.627: Total time for which application threads were stopped: 0.0050957 seconds, Stopping threads took: 0.0000201 seconds
47.694: [GC (Allocation Failure)  971049K->649449K(1034752K), 0.0049950 secs]
47.699: Total time for which application threads were stopped: 0.0051653 seconds, Stopping threads took: 0.0000203 seconds
47.764: [GC (Allocation Failure)  970985K->649897K(1034752K), 0.0050092 secs]
47.769: Total time for which application threads were stopped: 0.0051682 seconds, Stopping threads took: 0.0000195 seconds
47.838: [GC (Allocation Failure)  971433K->657515K(1034752K), 0.0049537 secs]
47.843: Total time for which application threads were stopped: 0.0051212 seconds, Stopping threads took: 0.0000193 seconds
47.910: [GC (Allocation Failure)  979051K->657451K(1034752K), 0.0047459 secs]
47.915: Total time for which application threads were stopped: 0.0049168 seconds, Stopping threads took: 0.0000282 seconds
47.980: [GC (Allocation Failure)  978987K->659179K(1034752K), 0.0063081 secs]
47.987: Total time for which application threads were stopped: 0.0064653 seconds, Stopping threads took: 0.0000196 seconds
48.055: [GC (Allocation Failure)  980715K->665709K(1029632K), 0.0051378 secs]
48.060: Total time for which application threads were stopped: 0.0053063 seconds, Stopping threads took: 0.0000199 seconds
48.129: [GC (Allocation Failure)  987245K->665549K(1034752K), 0.0049346 secs]
48.134: Total time for which application threads were stopped: 0.0051160 seconds, Stopping threads took: 0.0000200 seconds
48.202: [GC (Allocation Failure)  986573K->667941K(1034240K), 0.0052527 secs]
48.207: Total time for which application threads were stopped: 0.0054101 seconds, Stopping threads took: 0.0000196 seconds
48.277: [GC (Allocation Failure)  988965K->673704K(1034752K), 0.0049759 secs]
48.282: Total time for which application threads were stopped: 0.0051329 seconds, Stopping threads took: 0.0000194 seconds
48.351: [GC (Allocation Failure)  995240K->673544K(1034752K), 0.0048332 secs]
48.356: Total time for which application threads were stopped: 0.0049995 seconds, Stopping threads took: 0.0000259 seconds
48.422: [GC (Allocation Failure)  995080K->676712K(1034752K), 0.0055331 secs]
48.428: Total time for which application threads were stopped: 0.0057260 seconds, Stopping threads took: 0.0000198 seconds
48.495: [GC (Allocation Failure)  998248K->681642K(1034752K), 0.0048613 secs]
48.500: Total time for which application threads were stopped: 0.0050201 seconds, Stopping threads took: 0.0000168 seconds
48.566: [GC (Allocation Failure)  1003178K->681578K(1034752K), 0.0050712 secs]
48.571: Total time for which application threads were stopped: 0.0052428 seconds, Stopping threads took: 0.0000201 seconds
48.636: [GC (Allocation Failure)  1003114K->673768K(1021440K), 0.0020409 secs]
48.638: Total time for which application threads were stopped: 0.0021804 seconds, Stopping threads took: 0.0000196 seconds
48.706: [GC (Allocation Failure)  995304K->681642K(1034240K), 0.0048586 secs]
48.711: Total time for which application threads were stopped: 0.0050316 seconds, Stopping threads took: 0.0000199 seconds
48.780: [GC (Allocation Failure)  1002154K->681578K(1034240K), 0.0049629 secs]
48.785: Total time for which application threads were stopped: 0.0051754 seconds, Stopping threads took: 0.0000199 seconds
48.853: [GC (Allocation Failure)  1002090K->685098K(1034752K), 0.0056508 secs]
48.859: Total time for which application threads were stopped: 0.0058158 seconds, Stopping threads took: 0.0000190 seconds
48.927: [GC (Allocation Failure)  1006122K->689868K(1034240K), 0.0047850 secs]
48.932: Total time for which application threads were stopped: 0.0049411 seconds, Stopping threads took: 0.0000168 seconds
48.999: [GC (Allocation Failure)  1010892K->689612K(1034752K), 0.0049864 secs]
49.004: Total time for which application threads were stopped: 0.0051574 seconds, Stopping threads took: 0.0000204 seconds
49.073: [GC (Allocation Failure)  1011148K->693356K(1034752K), 0.0060181 secs]
49.079: [Full GC (Ergonomics)  693356K->12201K(1034752K), 0.0176863 secs]
49.097: Total time for which application threads were stopped: 0.0239743 seconds, Stopping threads took: 0.0000208 seconds
49.162: [GC (Allocation Failure)  333737K->20875K(1034752K), 0.0037926 secs]
49.166: Total time for which application threads were stopped: 0.0039417 seconds, Stopping threads took: 0.0000178 seconds
49.232: [GC (Allocation Failure)  342411K->20691K(1034752K), 0.0037182 secs]
49.236: Total time for which application threads were stopped: 0.0039035 seconds, Stopping threads took: 0.0000207 seconds
49.303: [GC (Allocation Failure)  342227K->13489K(1034752K), 0.0008088 secs]
49.304: Total time for which application threads were stopped: 0.0009337 seconds, Stopping threads took: 0.0000271 seconds
49.370: [GC (Allocation Failure)  335025K->20819K(1034752K), 0.0082820 secs]
49.378: Total time for which application threads were stopped: 0.0084753 seconds, Stopping threads took: 0.0000196 seconds
49.447: [GC (Allocation Failure)  342355K->20723K(1034752K), 0.0035149 secs]
49.450: Total time for which application threads were stopped: 0.0036747 seconds, Stopping threads took: 0.0000198 seconds
49.516: [GC (Allocation Failure)  342259K->14705K(1034752K), 0.0012150 secs]
49.517: Total time for which application threads were stopped: 0.0013409 seconds, Stopping threads took: 0.0000183 seconds
49.585: [GC (Allocation Failure)  336241K->20787K(1034752K), 0.0036919 secs]
49.589: Total time for which application threads were stopped: 0.0038542 seconds, Stopping threads took: 0.0000195 seconds
49.658: [GC (Allocation Failure)  342323K->20691K(1034752K), 0.0036773 secs]
49.662: Total time for which application threads were stopped: 0.0038904 seconds, Stopping threads took: 0.0000192 seconds
49.729: [GC (Allocation Failure)  342227K->15921K(1034752K), 0.0016901 secs]
49.730: Total time for which application threads were stopped: 0.0018285 seconds, Stopping threads took: 0.0000167 seconds
49.798: [GC (Allocation Failure)  337457K->20723K(1034752K), 0.0035945 secs]
49.802: Total time for which application threads were stopped: 0.0037664 seconds, Stopping threads took: 0.0000207 seconds
49.869: [GC (Allocation Failure)  342259K->20723K(1034752K), 0.0035353 secs]
49.873: Total time for which application threads were stopped: 0.0036951 seconds, Stopping threads took: 0.0000261 seconds
49.939: [GC (Allocation Failure)  342259K->17137K(1034752K), 0.0021734 secs]
49.941: Total time for which application threads were stopped: 0.0023293 seconds, Stopping threads took: 0.0000188 seconds
50.012: [GC (Allocation Failure)  338673K->20915K(1035264K), 0.0064487 secs]
50.018: Total time for which application threads were stopped: 0.0066430 seconds, Stopping threads took: 0.0000197 seconds
50.087: [GC (Allocation Failure)  343475K->20691K(1035264K), 0.0035691 secs]
50.091: Total time for which application threads were stopped: 0.0037382 seconds, Stopping threads took: 0.0000195 seconds
50.158: [GC (Allocation Failure)  343251K->20433K(1035264K), 0.0035322 secs]
50.162: Total time for which application threads were stopped: 0.0036870 seconds, Stopping threads took: 0.0000191 seconds
50.230: [GC (Allocation Failure)  342993K->20883K(1035264K), 0.0036519 secs]
50.233: Total time for which application threads were stopped: 0.0038216 seconds, Stopping threads took: 0.0000194 seconds
50.301: [GC (Allocation Failure)  343443K->20691K(1035776K), 0.0037197 secs]
50.304: Total time for which application threads were stopped: 0.0038773 seconds, Stopping threads took: 0.0000193 seconds
50.372: [GC (Allocation Failure)  343763K->25233K(1035264K), 0.0153626 secs]
50.388: Total time for which application threads were stopped: 0.0155122 seconds, Stopping threads took: 0.0000257 seconds
50.454: [GC (Allocation Failure)  348305K->20787K(1034240K), 0.0037854 secs]
50.458: Total time for which application threads were stopped: 0.0039352 seconds, Stopping threads took: 0.0000171 seconds
50.525: [GC (Allocation Failure)  342323K->20723K(1034752K), 0.0039150 secs]
50.529: Total time for which application threads were stopped: 0.0040872 seconds, Stopping threads took: 0.0000199 seconds
50.594: [GC (Allocation Failure)  342259K->27985K(1030144K), 0.0071596 secs]
50.601: Total time for which application threads were stopped: 0.0073184 seconds, Stopping threads took: 0.0000185 seconds
50.667: [GC (Allocation Failure)  345425K->22803K(1032704K), 0.0039101 secs]
50.671: Total time for which application threads were stopped: 0.0040903 seconds, Stopping threads took: 0.0000204 seconds
50.739: [GC (Allocation Failure)  340243K->22739K(1034240K), 0.0037028 secs]
50.743: Total time for which application threads were stopped: 0.0038754 seconds, Stopping threads took: 0.0000200 seconds
50.810: [GC (Allocation Failure)  342227K->21041K(1033216K), 0.0031995 secs]
50.814: Total time for which application threads were stopped: 0.0034118 seconds, Stopping threads took: 0.0000276 seconds
50.881: [GC (Allocation Failure)  340529K->22771K(1034752K), 0.0035787 secs]
50.884: Total time for which application threads were stopped: 0.0037470 seconds, Stopping threads took: 0.0000258 seconds
50.951: [GC (Allocation Failure)  343795K->22707K(1034240K), 0.0038497 secs]
50.955: Total time for which application threads were stopped: 0.0040089 seconds, Stopping threads took: 0.0000194 seconds
51.022: [GC (Allocation Failure)  343731K->19185K(1035264K), 0.0022905 secs]
51.025: Total time for which application threads were stopped: 0.0024334 seconds, Stopping threads took: 0.0000202 seconds
51.095: [GC (Allocation Failure)  341745K->22963K(1035264K), 0.0065156 secs]
51.102: Total time for which application threads were stopped: 0.0066746 seconds, Stopping threads took: 0.0000166 seconds
51.170: [GC (Allocation Failure)  345523K->22739K(1035776K), 0.0036492 secs]
51.174: Total time for which application threads were stopped: 0.0038698 seconds, Stopping threads took: 0.0000398 seconds
51.241: [GC (Allocation Failure)  346323K->24529K(1035776K), 0.0044006 secs]
51.246: Total time for which application threads were stopped: 0.0045803 seconds, Stopping threads took: 0.0000161 seconds
51.315: [GC (Allocation Failure)  348113K->22899K(1036288K), 0.0037566 secs]
51.319: Total time for which application threads were stopped: 0.0039166 seconds, Stopping threads took: 0.0000190 seconds
51.388: [GC (Allocation Failure)  346995K->22739K(1035776K), 0.0063952 secs]
51.394: Total time for which application threads were stopped: 0.0065447 seconds, Stopping threads took: 0.0000181 seconds
51.462: [GC (Allocation Failure)  346835K->16529K(1035264K), 0.0011987 secs]
51.464: Total time for which application threads were stopped: 0.0013360 seconds, Stopping threads took: 0.0000199 seconds
51.532: [GC (Allocation Failure)  340113K->22835K(1035776K), 0.0036645 secs]
51.536: Total time for which application threads were stopped: 0.0038206 seconds, Stopping threads took: 0.0000191 seconds
51.605: [GC (Allocation Failure)  346419K->26907K(1036288K), 0.0041546 secs]
51.609: Total time for which application threads were stopped: 0.0043215 seconds, Stopping threads took: 0.0000199 seconds
51.678: [GC (Allocation Failure)  351515K->26843K(1036288K), 0.0037372 secs]
51.681: Total time for which application threads were stopped: 0.0039206 seconds, Stopping threads took: 0.0000201 seconds
51.749: [GC (Allocation Failure)  351451K->26947K(1034752K), 0.0036346 secs]
51.753: Total time for which application threads were stopped: 0.0037964 seconds, Stopping threads took: 0.0000199 seconds
51.821: [GC (Allocation Failure)  350531K->34918K(1035776K), 0.0036149 secs]
51.825: Total time for which application threads were stopped: 0.0038127 seconds, Stopping threads took: 0.0000198 seconds
51.898: [GC (Allocation Failure)  358502K->34918K(1035776K), 0.0037090 secs]
51.902: Total time for which application threads were stopped: 0.0038827 seconds, Stopping threads took: 0.0000253 seconds
51.970: [GC (Allocation Failure)  358502K->35238K(1023488K), 0.0039143 secs]
51.974: Total time for which application threads were stopped: 0.0040745 seconds, Stopping threads took: 0.0000195 seconds
52.041: [GC (Allocation Failure)  358822K->42952K(1035264K), 0.0038877 secs]
52.045: Total time for which application threads were stopped: 0.0040564 seconds, Stopping threads took: 0.0000194 seconds
52.113: [GC (Allocation Failure)  365512K->42984K(1035264K), 0.0036261 secs]
52.117: Total time for which application threads were stopped: 0.0039305 seconds, Stopping threads took: 0.0000195 seconds
52.183: [GC (Allocation Failure)  365544K->43016K(1034240K), 0.0035401 secs]
52.186: Total time for which application threads were stopped: 0.0036963 seconds, Stopping threads took: 0.0000192 seconds
52.256: [GC (Allocation Failure)  364552K->51018K(1034752K), 0.0044689 secs]
52.261: Total time for which application threads were stopped: 0.0046294 seconds, Stopping threads took: 0.0000193 seconds
52.327: [GC (Allocation Failure)  372554K->51018K(1034752K), 0.0037695 secs]
52.331: Total time for which application threads were stopped: 0.0039381 seconds, Stopping threads took: 0.0000213 seconds
52.398: [GC (Allocation Failure)  372554K->51178K(1034752K), 0.0037607 secs]
52.402: Total time for which application threads were stopped: 0.0039254 seconds, Stopping threads took: 0.0000179 seconds
52.468: [GC (Allocation Failure)  372714K->59052K(1034752K), 0.0036726 secs]
52.472: Total time for which application threads were stopped: 0.0038543 seconds, Stopping threads took: 0.0000169 seconds
52.539: [GC (Allocation Failure)  380588K->58988K(1034752K), 0.0036549 secs]
52.543: Total time for which application threads were stopped: 0.0038232 seconds, Stopping threads took: 0.0000274 seconds
52.608: [GC (Allocation Failure)  380524K->59404K(1033728K), 0.0036814 secs]
52.612: Total time for which application threads were stopped: 0.0038415 seconds, Stopping threads took: 0.0000197 seconds
52.679: [GC (Allocation Failure)  379916K->67087K(1034240K), 0.0039393 secs]
52.683: Total time for which application threads were stopped: 0.0041066 seconds, Stopping threads took: 0.0000191 seconds
52.750: [GC (Allocation Failure)  387599K->67087K(1034240K), 0.0038081 secs]
52.754: Total time for which application threads were stopped: 0.0039674 seconds, Stopping threads took: 0.0000200 seconds
52.821: [GC (Allocation Failure)  387599K->67111K(1034240K), 0.0036940 secs]
52.824: Total time for which application threads were stopped: 0.0038628 seconds, Stopping threads took: 0.0000191 seconds
52.894: [GC (Allocation Failure)  387623K->75081K(1033216K), 0.0036456 secs]
52.898: Total time for which application threads were stopped: 0.0038053 seconds, Stopping threads took: 0.0000195 seconds
52.965: [GC (Allocation Failure)  394569K->75049K(1033728K), 0.0050443 secs]
52.970: Total time for which application threads were stopped: 0.0052025 seconds, Stopping threads took: 0.0000195 seconds
53.037: [GC (Allocation Failure)  394537K->75337K(1033728K), 0.0036983 secs]
53.041: Total time for which application threads were stopped: 0.0038577 seconds, Stopping threads took: 0.0000193 seconds
53.109: [GC (Allocation Failure)  394825K->83115K(1033728K), 0.0039713 secs]
53.113: Total time for which application threads were stopped: 0.0041401 seconds, Stopping threads took: 0.0000198 seconds
53.180: [GC (Allocation Failure)  402603K->83115K(1033728K), 0.0038521 secs]
53.184: Total time for which application threads were stopped: 0.0040433 seconds, Stopping threads took: 0.0000189 seconds
53.251: [GC (Allocation Failure)  402603K->83179K(1033728K), 0.0037049 secs]
53.255: Total time for which application threads were stopped: 0.0038641 seconds, Stopping threads took: 0.0000172 seconds
53.322: [GC (Allocation Failure)  402667K->91149K(1033728K), 0.0039214 secs]
53.326: Total time for which application threads were stopped: 0.0040850 seconds, Stopping threads took: 0.0000195 seconds
53.394: [GC (Allocation Failure)  410637K->91149K(1033728K), 0.0082517 secs]
53.403: Total time for which application threads were stopped: 0.0084084 seconds, Stopping threads took: 0.0000166 seconds
53.469: [GC (Allocation Failure)  410637K->91333K(1033728K), 0.0039513 secs]
53.473: Total time for which application threads were stopped: 0.0041282 seconds, Stopping threads took: 0.0000192 seconds
53.541: [GC (Allocation Failure)  410821K->99176K(1027072K), 0.0037839 secs]
53.544: Total time for which application threads were stopped: 0.0039606 seconds, Stopping threads took: 0.0000215 seconds
53.611: [GC (Allocation Failure)  418664K->99208K(1033216K), 0.0036038 secs]
53.615: Total time for which application threads were stopped: 0.0037649 seconds, Stopping threads took: 0.0000198 seconds
53.681: [GC (Allocation Failure)  417672K->99336K(1033216K), 0.0037327 secs]
53.685: Total time for which application threads were stopped: 0.0039063 seconds, Stopping threads took: 0.0000201 seconds
53.751: [GC (Allocation Failure)  417800K->107210K(1033216K), 0.0040471 secs]
53.755: Total time for which application threads were stopped: 0.0042199 seconds, Stopping threads took: 0.0000205 seconds
53.820: [GC (Allocation Failure)  425674K->101192K(1033216K), 0.0015387 secs]
53.822: Total time for which application threads were stopped: 0.0016839 seconds, Stopping threads took: 0.0000198 seconds
53.887: [GC (Allocation Failure)  419656K->107226K(1034240K), 0.0036974 secs]
53.891: Total time for which application threads were stopped: 0.0038801 seconds, Stopping threads took: 0.0000269 seconds
53.960: [GC (Allocation Failure)  427226K->111354K(1033728K), 0.0044192 secs]
53.964: Total time for which application threads were stopped: 0.0045924 seconds, Stopping threads took: 0.0000198 seconds
54.029: [GC (Allocation Failure)  431354K->116792K(1030144K), 0.0061617 secs]
54.036: Total time for which application threads were stopped: 0.0063410 seconds, Stopping threads took: 0.0000190 seconds
54.103: [GC (Allocation Failure)  433208K->111578K(1032192K), 0.0039841 secs]
54.107: Total time for which application threads were stopped: 0.0041590 seconds, Stopping threads took: 0.0000254 seconds
54.172: [GC (Allocation Failure)  427994K->111354K(1032704K), 0.0038274 secs]
54.176: Total time for which application threads were stopped: 0.0039911 seconds, Stopping threads took: 0.0000206 seconds
54.242: [GC (Allocation Failure)  428282K->115290K(1032192K), 0.0048305 secs]
54.247: Total time for which application threads were stopped: 0.0050139 seconds, Stopping threads took: 0.0000198 seconds
54.314: [GC (Allocation Failure)  432218K->119420K(1033216K), 0.0037399 secs]
54.318: Total time for which application threads were stopped: 0.0039066 seconds, Stopping threads took: 0.0000197 seconds
54.385: [GC (Allocation Failure)  437884K->119388K(1033216K), 0.0045026 secs]
54.389: Total time for which application threads were stopped: 0.0046705 seconds, Stopping threads took: 0.0000268 seconds
54.454: [GC (Allocation Failure)  437852K->122020K(1033728K), 0.0043563 secs]
54.459: Total time for which application threads were stopped: 0.0045282 seconds, Stopping threads took: 0.0000203 seconds
54.526: [GC (Allocation Failure)  441508K->127558K(1033728K), 0.0038126 secs]
54.530: Total time for which application threads were stopped: 0.0039717 seconds, Stopping threads took: 0.0000191 seconds
54.598: [GC (Allocation Failure)  447046K->127462K(1034240K), 0.0039276 secs]
54.602: Total time for which application threads were stopped: 0.0040854 seconds, Stopping threads took: 0.0000190 seconds
54.669: [GC (Allocation Failure)  447462K->129734K(1033728K), 0.0041309 secs]
54.673: Total time for which application threads were stopped: 0.0043144 seconds, Stopping threads took: 0.0000198 seconds
54.743: [GC (Allocation Failure)  449734K->135529K(1034240K), 0.0038184 secs]
54.747: Total time for which application threads were stopped: 0.0039815 seconds, Stopping threads took: 0.0000191 seconds
54.814: [GC (Allocation Failure)  456041K->135497K(1034240K), 0.0039379 secs]
54.818: Total time for which application threads were stopped: 0.0041133 seconds, Stopping threads took: 0.0000203 seconds
54.885: [GC (Allocation Failure)  456009K->139529K(1034752K), 0.0046854 secs]
54.890: Total time for which application threads were stopped: 0.0048730 seconds, Stopping threads took: 0.0000265 seconds
54.958: [GC (Allocation Failure)  460553K->143499K(1034240K), 0.0040069 secs]
54.962: Total time for which application threads were stopped: 0.0041927 seconds, Stopping threads took: 0.0000181 seconds
55.031: [GC (Allocation Failure)  464523K->143499K(1034752K), 0.0037610 secs]
55.035: Total time for which application threads were stopped: 0.0039290 seconds, Stopping threads took: 0.0000178 seconds
55.104: [GC (Allocation Failure)  465035K->143659K(1021440K), 0.0039482 secs]
55.108: Total time for which application threads were stopped: 0.0041125 seconds, Stopping threads took: 0.0000202 seconds
55.178: [GC (Allocation Failure)  465195K->151533K(1034752K), 0.0039504 secs]
55.182: Total time for which application threads were stopped: 0.0041194 seconds, Stopping threads took: 0.0000279 seconds
55.252: [GC (Allocation Failure)  472557K->151533K(1034240K), 0.0038679 secs]
55.255: Total time for which application threads were stopped: 0.0040293 seconds, Stopping threads took: 0.0000199 seconds
55.324: [GC (Allocation Failure)  472557K->151877K(1033728K), 0.0041368 secs]
55.329: Total time for which application threads were stopped: 0.0042987 seconds, Stopping threads took: 0.0000203 seconds
55.398: [GC (Allocation Failure)  472389K->159592K(1034240K), 0.0040755 secs]
55.402: Total time for which application threads were stopped: 0.0042354 seconds, Stopping threads took: 0.0000155 seconds
55.470: [GC (Allocation Failure)  480104K->159592K(1034240K), 0.0040483 secs]
55.474: Total time for which application threads were stopped: 0.0042403 seconds, Stopping threads took: 0.0000197 seconds
55.543: [GC (Allocation Failure)  480104K->162184K(1034240K), 0.0042975 secs]
55.548: Total time for which application threads were stopped: 0.0044508 seconds, Stopping threads took: 0.0000177 seconds
55.616: [GC (Allocation Failure)  482696K->167594K(1034240K), 0.0037959 secs]
55.620: Total time for which application threads were stopped: 0.0039746 seconds, Stopping threads took: 0.0000206 seconds
55.689: [GC (Allocation Failure)  488106K->167594K(1034240K), 0.0038811 secs]
55.693: Total time for which application threads were stopped: 0.0040503 seconds, Stopping threads took: 0.0000264 seconds
55.760: [GC (Allocation Failure)  488106K->168298K(1033728K), 0.0041965 secs]
55.764: Total time for which application threads were stopped: 0.0043689 seconds, Stopping threads took: 0.0000201 seconds
55.831: [GC (Allocation Failure)  488810K->175628K(1034240K), 0.0039423 secs]
55.835: Total time for which application threads were stopped: 0.0041057 seconds, Stopping threads took: 0.0000196 seconds
55.903: [GC (Allocation Failure)  496140K->175660K(1034240K), 0.0040281 secs]
55.907: Total time for which application threads were stopped: 0.0041970 seconds, Stopping threads took: 0.0000281 seconds
55.974: [GC (Allocation Failure)  496172K->178572K(1034240K), 0.0044822 secs]
55.978: Total time for which application threads were stopped: 0.0046409 seconds, Stopping threads took: 0.0000192 seconds
56.046: [GC (Allocation Failure)  499084K->183726K(1033728K), 0.0065823 secs]
56.053: Total time for which application threads were stopped: 0.0067668 seconds, Stopping threads took: 0.0000200 seconds
56.120: [GC (Allocation Failure)  504238K->183662K(1034240K), 0.0040686 secs]
56.125: Total time for which application threads were stopped: 0.0042376 seconds, Stopping threads took: 0.0000208 seconds
56.189: [GC (Allocation Failure)  504174K->184750K(1033728K), 0.0041437 secs]
56.193: Total time for which application threads were stopped: 0.0043083 seconds, Stopping threads took: 0.0000204 seconds
56.264: [GC (Allocation Failure)  505262K->191825K(1034240K), 0.0041435 secs]
56.268: Total time for which application threads were stopped: 0.0043011 seconds, Stopping threads took: 0.0000194 seconds
56.336: [GC (Allocation Failure)  512337K->191729K(1034240K), 0.0038186 secs]
56.340: Total time for which application threads were stopped: 0.0039988 seconds, Stopping threads took: 0.0000283 seconds
56.408: [GC (Allocation Failure)  512241K->195089K(1034240K), 0.0047574 secs]
56.413: Total time for which application threads were stopped: 0.0049086 seconds, Stopping threads took: 0.0000169 seconds
56.481: [GC (Allocation Failure)  515601K->199795K(1034752K), 0.0039432 secs]
56.486: Total time for which application threads were stopped: 0.0041137 seconds, Stopping threads took: 0.0000198 seconds
56.554: [GC (Allocation Failure)  521331K->199731K(1034752K), 0.0041025 secs]
56.558: Total time for which application threads were stopped: 0.0042907 seconds, Stopping threads took: 0.0000200 seconds
56.625: [GC (Allocation Failure)  521267K->203275K(1034752K), 0.0047352 secs]
56.630: Total time for which application threads were stopped: 0.0049005 seconds, Stopping threads took: 0.0000200 seconds
56.697: [GC (Allocation Failure)  524811K->207757K(1034752K), 0.0039763 secs]
56.701: Total time for which application threads were stopped: 0.0041433 seconds, Stopping threads took: 0.0000197 seconds
56.767: [GC (Allocation Failure)  529293K->207757K(1034752K), 0.0040307 secs]
56.771: Total time for which application threads were stopped: 0.0041992 seconds, Stopping threads took: 0.0000189 seconds
56.839: [GC (Allocation Failure)  529293K->208461K(1034752K), 0.0042589 secs]
56.843: Total time for which application threads were stopped: 0.0044561 seconds, Stopping threads took: 0.0000203 seconds
56.914: [GC (Allocation Failure)  529997K->215823K(1034752K), 0.0039409 secs]
56.918: Total time for which application threads were stopped: 0.0040813 seconds, Stopping threads took: 0.0000167 seconds
56.984: [GC (Allocation Failure)  537359K->215823K(1034752K), 0.0039627 secs]
56.988: Total time for which application threads were stopped: 0.0041441 seconds, Stopping threads took: 0.0000255 seconds
57.054: [GC (Allocation Failure)  537359K->217671K(1034752K), 0.0042504 secs]
57.058: Total time for which application threads were stopped: 0.0044254 seconds, Stopping threads took: 0.0000260 seconds
57.126: [GC (Allocation Failure)  539207K->223850K(1034752K), 0.0041523 secs]
57.130: Total time for which application threads were stopped: 0.0043221 seconds, Stopping threads took: 0.0000198 seconds
57.197: [GC (Allocation Failure)  545386K->223818K(1034752K), 0.0040429 secs]
57.201: Total time for which application threads were stopped: 0.0042273 seconds, Stopping threads took: 0.0000217 seconds
57.268: [GC (Allocation Failure)  545354K->226954K(1034752K), 0.0045855 secs]
57.273: Total time for which application threads were stopped: 0.0047363 seconds, Stopping threads took: 0.0000201 seconds
57.344: [GC (Allocation Failure)  548490K->231948K(1034752K), 0.0039857 secs]
57.348: Total time for which application threads were stopped: 0.0041800 seconds, Stopping threads took: 0.0000201 seconds
57.417: [GC (Allocation Failure)  553484K->231852K(1034752K), 0.0041090 secs]
57.421: Total time for which application threads were stopped: 0.0042785 seconds, Stopping threads took: 0.0000190 seconds
57.489: [GC (Allocation Failure)  553388K->232108K(1034752K), 0.0040319 secs]
57.493: Total time for which application threads were stopped: 0.0042000 seconds, Stopping threads took: 0.0000196 seconds
57.559: [GC (Allocation Failure)  553644K->239950K(1029120K), 0.0042024 secs]
57.563: Total time for which application threads were stopped: 0.0043594 seconds, Stopping threads took: 0.0000196 seconds
57.632: [GC (Allocation Failure)  561486K->239886K(1034240K), 0.0040669 secs]
57.636: Total time for which application threads were stopped: 0.0042606 seconds, Stopping threads took: 0.0000194 seconds
57.703: [GC (Allocation Failure)  560398K->240334K(1034240K), 0.0041961 secs]
57.708: Total time for which application threads were stopped: 0.0043636 seconds, Stopping threads took: 0.0000188 seconds
57.775: [GC (Allocation Failure)  560846K->247920K(1034240K), 0.0042409 secs]
57.780: Total time for which application threads were stopped: 0.0044191 seconds, Stopping threads took: 0.0000191 seconds
57.848: [GC (Allocation Failure)  568432K->247952K(1034240K), 0.0039996 secs]
57.852: Total time for which application threads were stopped: 0.0041943 seconds, Stopping threads took: 0.0000199 seconds
57.920: [GC (Allocation Failure)  568464K->250600K(1034240K), 0.0044419 secs]
57.925: Total time for which application threads were stopped: 0.0046010 seconds, Stopping threads took: 0.0000167 seconds
57.992: [GC (Allocation Failure)  571112K->255947K(1034240K), 0.0041329 secs]
57.996: Total time for which application threads were stopped: 0.0043102 seconds, Stopping threads took: 0.0000202 seconds
58.066: [GC (Allocation Failure)  576459K->255947K(1034240K), 0.0041195 secs]
58.070: Total time for which application threads were stopped: 0.0042878 seconds, Stopping threads took: 0.0000198 seconds
58.137: [GC (Allocation Failure)  576459K->256811K(1034240K), 0.0043403 secs]
58.142: Total time for which application threads were stopped: 0.0045364 seconds, Stopping threads took: 0.0000215 seconds
58.210: [GC (Allocation Failure)  577323K->264045K(1034240K), 0.0041454 secs]
58.214: Total time for which application threads were stopped: 0.0043122 seconds, Stopping threads took: 0.0000191 seconds
58.282: [GC (Allocation Failure)  584557K->263981K(1034240K), 0.0043537 secs]
58.287: Total time for which application threads were stopped: 0.0045202 seconds, Stopping threads took: 0.0000208 seconds
58.355: [GC (Allocation Failure)  584493K->267085K(1034752K), 0.0048332 secs]
58.360: Total time for which application threads were stopped: 0.0049957 seconds, Stopping threads took: 0.0000193 seconds
58.428: [GC (Allocation Failure)  588109K->272111K(1034240K), 0.0042310 secs]
58.432: Total time for which application threads were stopped: 0.0043984 seconds, Stopping threads took: 0.0000199 seconds
58.499: [GC (Allocation Failure)  593135K->272015K(1034240K), 0.0039800 secs]
58.503: Total time for which application threads were stopped: 0.0041472 seconds, Stopping threads took: 0.0000204 seconds
58.570: [GC (Allocation Failure)  592527K->274311K(1034240K), 0.0045148 secs]
58.574: Total time for which application threads were stopped: 0.0046944 seconds, Stopping threads took: 0.0000380 seconds
58.642: [GC (Allocation Failure)  594823K->280073K(1034752K), 0.0042635 secs]
58.647: Total time for which application threads were stopped: 0.0044382 seconds, Stopping threads took: 0.0000197 seconds
58.717: [GC (Allocation Failure)  601609K->280041K(1034752K), 0.0042036 secs]
58.721: Total time for which application threads were stopped: 0.0043537 seconds, Stopping threads took: 0.0000169 seconds
58.786: [GC (Allocation Failure)  601577K->282537K(1034752K), 0.0044837 secs]
58.791: Total time for which application threads were stopped: 0.0046553 seconds, Stopping threads took: 0.0000200 seconds
58.857: [GC (Allocation Failure)  604073K->288076K(1034752K), 0.0044286 secs]
58.862: Total time for which application threads were stopped: 0.0045879 seconds, Stopping threads took: 0.0000196 seconds
58.928: [GC (Allocation Failure)  609612K->288044K(1034752K), 0.0042495 secs]
58.933: Total time for which application threads were stopped: 0.0044219 seconds, Stopping threads took: 0.0000202 seconds
58.998: [GC (Allocation Failure)  609580K->291820K(1034752K), 0.0049561 secs]
59.003: Total time for which application threads were stopped: 0.0051149 seconds, Stopping threads took: 0.0000192 seconds
59.069: [GC (Allocation Failure)  613356K->296142K(1034240K), 0.0071838 secs]
59.077: Total time for which application threads were stopped: 0.0073503 seconds, Stopping threads took: 0.0000195 seconds
59.145: [GC (Allocation Failure)  617678K->296110K(1034752K), 0.0041499 secs]
59.150: Total time for which application threads were stopped: 0.0043188 seconds, Stopping threads took: 0.0000213 seconds
59.217: [GC (Allocation Failure)  617646K->296942K(1034240K), 0.0042802 secs]
59.221: Total time for which application threads were stopped: 0.0044679 seconds, Stopping threads took: 0.0000212 seconds
59.290: [GC (Allocation Failure)  618478K->304240K(1034752K), 0.0041055 secs]
59.295: Total time for which application threads were stopped: 0.0042690 seconds, Stopping threads took: 0.0000195 seconds
59.361: [GC (Allocation Failure)  625776K->304144K(1034752K), 0.0042097 secs]
59.366: Total time for which application threads were stopped: 0.0043874 seconds, Stopping threads took: 0.0000195 seconds
59.434: [GC (Allocation Failure)  625680K->306248K(1034752K), 0.0043481 secs]
59.438: Total time for which application threads were stopped: 0.0045080 seconds, Stopping threads took: 0.0000196 seconds
59.508: [GC (Allocation Failure)  627784K->312235K(1034752K), 0.0041787 secs]
59.512: Total time for which application threads were stopped: 0.0043683 seconds, Stopping threads took: 0.0000196 seconds
59.581: [GC (Allocation Failure)  633771K->312203K(1034752K), 0.0042954 secs]
59.585: Total time for which application threads were stopped: 0.0044913 seconds, Stopping threads took: 0.0000196 seconds
59.652: [GC (Allocation Failure)  633739K->315499K(1034752K), 0.0049228 secs]
59.657: Total time for which application threads were stopped: 0.0051113 seconds, Stopping threads took: 0.0000165 seconds
59.727: [GC (Allocation Failure)  637035K->320237K(1034752K), 0.0041862 secs]
59.731: Total time for which application threads were stopped: 0.0043639 seconds, Stopping threads took: 0.0000167 seconds
59.800: [GC (Allocation Failure)  641773K->320237K(1034752K), 0.0042666 secs]
59.804: Total time for which application threads were stopped: 0.0044330 seconds, Stopping threads took: 0.0000194 seconds
59.869: [GC (Allocation Failure)  641773K->320645K(1034752K), 0.0044605 secs]
59.874: Total time for which application threads were stopped: 0.0046463 seconds, Stopping threads took: 0.0000255 seconds
59.939: [GC (Allocation Failure)  642181K->328263K(1034752K), 0.0043955 secs]
59.944: Total time for which application threads were stopped: 0.0045556 seconds, Stopping threads took: 0.0000192 seconds
60.010: [GC (Allocation Failure)  649799K->328231K(1034752K), 0.0044402 secs]
60.014: Total time for which application threads were stopped: 0.0046069 seconds, Stopping threads took: 0.0000196 seconds
60.079: [GC (Allocation Failure)  649767K->329863K(1034752K), 0.0044902 secs]
60.084: Total time for which application threads were stopped: 0.0047891 seconds, Stopping threads took: 0.0000194 seconds
60.151: [GC (Allocation Failure)  651399K->336265K(1034752K), 0.0043602 secs]
60.156: Total time for which application threads were stopped: 0.0045269 seconds, Stopping threads took: 0.0000198 seconds
60.222: [GC (Allocation Failure)  657801K->336265K(1034752K), 0.0063959 secs]
60.229: Total time for which application threads were stopped: 0.0065647 seconds, Stopping threads took: 0.0000194 seconds
60.294: [GC (Allocation Failure)  657801K->339145K(1034752K), 0.0051870 secs]
60.299: Total time for which application threads were stopped: 0.0053600 seconds, Stopping threads took: 0.0000192 seconds
60.368: [GC (Allocation Failure)  660681K->344396K(1034752K), 0.0043405 secs]
60.373: Total time for which application threads were stopped: 0.0045157 seconds, Stopping threads took: 0.0000259 seconds
60.441: [GC (Allocation Failure)  665932K->344300K(1034752K), 0.0044210 secs]
60.445: Total time for which application threads were stopped: 0.0046145 seconds, Stopping threads took: 0.0000196 seconds
60.513: [GC (Allocation Failure)  665836K->348388K(1035264K), 0.0054997 secs]
60.518: Total time for which application threads were stopped: 0.0056820 seconds, Stopping threads took: 0.0000170 seconds
60.587: [GC (Allocation Failure)  670436K->352390K(1034752K), 0.0044166 secs]
60.591: Total time for which application threads were stopped: 0.0045864 seconds, Stopping threads took: 0.0000197 seconds
60.659: [GC (Allocation Failure)  674438K->352326K(1035264K), 0.0042413 secs]
60.664: Total time for which application threads were stopped: 0.0044096 seconds, Stopping threads took: 0.0000190 seconds
60.732: [GC (Allocation Failure)  674886K->355622K(1035264K), 0.0049110 secs]
60.737: Total time for which application threads were stopped: 0.0050726 seconds, Stopping threads took: 0.0000195 seconds
60.806: [GC (Allocation Failure)  678182K->360360K(1035264K), 0.0042700 secs]
60.810: Total time for which application threads were stopped: 0.0044513 seconds, Stopping threads took: 0.0000194 seconds
60.878: [GC (Allocation Failure)  682920K->360360K(1035264K), 0.0043294 secs]
60.883: Total time for which application threads were stopped: 0.0044965 seconds, Stopping threads took: 0.0000260 seconds
60.950: [GC (Allocation Failure)  682920K->363848K(1035264K), 0.0050356 secs]
60.955: Total time for which application threads were stopped: 0.0051947 seconds, Stopping threads took: 0.0000201 seconds
61.025: [GC (Allocation Failure)  686408K->368394K(1035264K), 0.0045689 secs]
61.030: Total time for which application threads were stopped: 0.0047368 seconds, Stopping threads took: 0.0000197 seconds
61.098: [GC (Allocation Failure)  690954K->368394K(1035264K), 0.0043819 secs]
61.103: Total time for which application threads were stopped: 0.0045589 seconds, Stopping threads took: 0.0000221 seconds
61.169: [GC (Allocation Failure)  690954K->372074K(1035264K), 0.0050314 secs]
61.175: Total time for which application threads were stopped: 0.0051964 seconds, Stopping threads took: 0.0000197 seconds
61.243: [GC (Allocation Failure)  694634K->376589K(1034752K), 0.0044721 secs]
61.247: Total time for which application threads were stopped: 0.0046352 seconds, Stopping threads took: 0.0000206 seconds
61.315: [GC (Allocation Failure)  699149K->376429K(1035264K), 0.0065102 secs]
61.322: Total time for which application threads were stopped: 0.0066997 seconds, Stopping threads took: 0.0000196 seconds
61.391: [GC (Allocation Failure)  698989K->380293K(1035776K), 0.0067703 secs]
61.398: Total time for which application threads were stopped: 0.0069234 seconds, Stopping threads took: 0.0000253 seconds
61.464: [GC (Allocation Failure)  703877K->384551K(1035776K), 0.0043177 secs]
61.469: Total time for which application threads were stopped: 0.0044796 seconds, Stopping threads took: 0.0000206 seconds
61.537: [GC (Allocation Failure)  708135K->384487K(1035776K), 0.0044426 secs]
61.542: Total time for which application threads were stopped: 0.0046211 seconds, Stopping threads took: 0.0000217 seconds
61.611: [GC (Allocation Failure)  708071K->383589K(1035776K), 0.0041041 secs]
61.615: Total time for which application threads were stopped: 0.0042925 seconds, Stopping threads took: 0.0000189 seconds
61.685: [GC (Allocation Failure)  707173K->384487K(1036288K), 0.0043883 secs]
61.689: Total time for which application threads were stopped: 0.0045727 seconds, Stopping threads took: 0.0000166 seconds
61.759: [GC (Allocation Failure)  709095K->384455K(1036288K), 0.0044366 secs]
61.764: Total time for which application threads were stopped: 0.0046083 seconds, Stopping threads took: 0.0000203 seconds
61.830: [GC (Allocation Failure)  709063K->376613K(1035264K), 0.0012366 secs]
61.831: Total time for which application threads were stopped: 0.0013721 seconds, Stopping threads took: 0.0000206 seconds
61.902: [GC (Allocation Failure)  700197K->384767K(1035776K), 0.0043024 secs]
61.906: Total time for which application threads were stopped: 0.0044903 seconds, Stopping threads took: 0.0000177 seconds
61.976: [GC (Allocation Failure)  708351K->388615K(1035776K), 0.0059295 secs]
61.982: Total time for which application threads were stopped: 0.0061014 seconds, Stopping threads took: 0.0000197 seconds
62.049: [GC (Allocation Failure)  712199K->384709K(1035776K), 0.0034187 secs]
62.052: Total time for which application threads were stopped: 0.0036052 seconds, Stopping threads took: 0.0000203 seconds
62.120: [GC (Allocation Failure)  708293K->388743K(1035776K), 0.0047554 secs]
62.125: Total time for which application threads were stopped: 0.0049262 seconds, Stopping threads took: 0.0000196 seconds
62.193: [GC (Allocation Failure)  712327K->392775K(1035776K), 0.0045454 secs]
62.198: Total time for which application threads were stopped: 0.0047213 seconds, Stopping threads took: 0.0000199 seconds
62.265: [GC (Allocation Failure)  716359K->392743K(1035776K), 0.0043264 secs]
62.270: Total time for which application threads were stopped: 0.0045379 seconds, Stopping threads took: 0.0000199 seconds
62.337: [GC (Allocation Failure)  716327K->392807K(1023488K), 0.0043899 secs]
62.341: Total time for which application threads were stopped: 0.0045715 seconds, Stopping threads took: 0.0000172 seconds
62.413: [GC (Allocation Failure)  716391K->400809K(1035264K), 0.0043229 secs]
62.418: Total time for which application threads were stopped: 0.0044702 seconds, Stopping threads took: 0.0000195 seconds
62.488: [GC (Allocation Failure)  723369K->400777K(1035264K), 0.0041579 secs]
62.492: Total time for which application threads were stopped: 0.0043488 seconds, Stopping threads took: 0.0000200 seconds
62.560: [GC (Allocation Failure)  723337K->400841K(1034240K), 0.0043165 secs]
62.564: Total time for which application threads were stopped: 0.0044719 seconds, Stopping threads took: 0.0000166 seconds
62.631: [GC (Allocation Failure)  722377K->408811K(1034752K), 0.0044060 secs]
62.636: Total time for which application threads were stopped: 0.0045957 seconds, Stopping threads took: 0.0000195 seconds
62.706: [GC (Allocation Failure)  730347K->408811K(1034752K), 0.0042898 secs]
62.710: Total time for which application threads were stopped: 0.0044764 seconds, Stopping threads took: 0.0000169 seconds
62.779: [GC (Allocation Failure)  730347K->409059K(1021440K), 0.0045625 secs]
62.784: Total time for which application threads were stopped: 0.0047209 seconds, Stopping threads took: 0.0000196 seconds
62.851: [GC (Allocation Failure)  730595K->416838K(1034240K), 0.0044867 secs]
62.856: Total time for which application threads were stopped: 0.0046466 seconds, Stopping threads took: 0.0000202 seconds
62.925: [GC (Allocation Failure)  737350K->416838K(1034240K), 0.0043275 secs]
62.930: Total time for which application threads were stopped: 0.0045153 seconds, Stopping threads took: 0.0000200 seconds
62.996: [GC (Allocation Failure)  737350K->417254K(1034240K), 0.0046035 secs]
63.000: Total time for which application threads were stopped: 0.0047830 seconds, Stopping threads took: 0.0000178 seconds
63.069: [GC (Allocation Failure)  737766K->424904K(1034240K), 0.0046066 secs]
63.074: Total time for which application threads were stopped: 0.0047753 seconds, Stopping threads took: 0.0000193 seconds
63.143: [GC (Allocation Failure)  745416K->424872K(1034240K), 0.0043544 secs]
63.147: Total time for which application threads were stopped: 0.0045244 seconds, Stopping threads took: 0.0000197 seconds
63.214: [GC (Allocation Failure)  745384K->425000K(1020416K), 0.0043661 secs]
63.218: Total time for which application threads were stopped: 0.0045359 seconds, Stopping threads took: 0.0000204 seconds
63.285: [GC (Allocation Failure)  745512K->432938K(1033728K), 0.0046549 secs]
63.290: Total time for which application threads were stopped: 0.0048309 seconds, Stopping threads took: 0.0000204 seconds
63.357: [GC (Allocation Failure)  752426K->432906K(1033728K), 0.0043622 secs]
63.361: Total time for which application threads were stopped: 0.0045574 seconds, Stopping threads took: 0.0000216 seconds
63.428: [GC (Allocation Failure)  752394K->432970K(1033728K), 0.0043613 secs]
63.433: Total time for which application threads were stopped: 0.0045550 seconds, Stopping threads took: 0.0000196 seconds
63.501: [GC (Allocation Failure)  752458K->440973K(1033728K), 0.0043439 secs]
63.506: Total time for which application threads were stopped: 0.0045064 seconds, Stopping threads took: 0.0000189 seconds
63.571: [GC (Allocation Failure)  760461K->440973K(1033728K), 0.0043967 secs]
63.576: Total time for which application threads were stopped: 0.0045819 seconds, Stopping threads took: 0.0000213 seconds
63.642: [GC (Allocation Failure)  760461K->441189K(1033728K), 0.0044983 secs]
63.647: Total time for which application threads were stopped: 0.0046598 seconds, Stopping threads took: 0.0000204 seconds
63.714: [GC (Allocation Failure)  760677K->448999K(1032704K), 0.0045949 secs]
63.719: Total time for which application threads were stopped: 0.0047518 seconds, Stopping threads took: 0.0000193 seconds
63.785: [GC (Allocation Failure)  767463K->445061K(1033216K), 0.0034270 secs]
63.789: Total time for which application threads were stopped: 0.0035794 seconds, Stopping threads took: 0.0000189 seconds
63.856: [GC (Allocation Failure)  763525K->449135K(1034752K), 0.0044667 secs]
63.861: Total time for which application threads were stopped: 0.0046300 seconds, Stopping threads took: 0.0000193 seconds
63.930: [GC (Allocation Failure)  770159K->453103K(1034240K), 0.0044274 secs]
63.935: Total time for which application threads were stopped: 0.0045941 seconds, Stopping threads took: 0.0000194 seconds
64.000: [GC (Allocation Failure)  774127K->446317K(1034752K), 0.0019771 secs]
64.002: Total time for which application threads were stopped: 0.0021306 seconds, Stopping threads took: 0.0000207 seconds
64.069: [GC (Allocation Failure)  767853K->453167K(1034752K), 0.0045877 secs]
64.073: Total time for which application threads were stopped: 0.0047882 seconds, Stopping threads took: 0.0000210 seconds
64.139: [GC (Allocation Failure)  774703K->457279K(1034752K), 0.0054407 secs]
64.145: Total time for which application threads were stopped: 0.0056134 seconds, Stopping threads took: 0.0000200 seconds
64.210: [GC (Allocation Failure)  778815K->451709K(1034752K), 0.0025237 secs]
64.212: Total time for which application threads were stopped: 0.0028093 seconds, Stopping threads took: 0.0000203 seconds
64.279: [GC (Allocation Failure)  773245K->457519K(1035776K), 0.0046631 secs]
64.284: Total time for which application threads were stopped: 0.0048554 seconds, Stopping threads took: 0.0000197 seconds
64.354: [GC (Allocation Failure)  780079K->461391K(1034752K), 0.0047611 secs]
64.358: Total time for which application threads were stopped: 0.0049103 seconds, Stopping threads took: 0.0000167 seconds
64.427: [GC (Allocation Failure)  783879K->457485K(1035776K), 0.0035464 secs]
64.430: Total time for which application threads were stopped: 0.0036923 seconds, Stopping threads took: 0.0000169 seconds
64.499: [GC (Allocation Failure)  780557K->461511K(1035264K), 0.0048029 secs]
64.504: Total time for which application threads were stopped: 0.0049737 seconds, Stopping threads took: 0.0000194 seconds
64.572: [GC (Allocation Failure)  784583K->465543K(1035264K), 0.0047486 secs]
64.577: Total time for which application threads were stopped: 0.0049192 seconds, Stopping threads took: 0.0000204 seconds
64.645: [GC (Allocation Failure)  789127K->465511K(1035776K), 0.0042571 secs]
64.649: Total time for which application threads were stopped: 0.0044288 seconds, Stopping threads took: 0.0000199 seconds
64.716: [GC (Allocation Failure)  789095K->465575K(1034752K), 0.0044963 secs]
64.720: Total time for which application threads were stopped: 0.0046660 seconds, Stopping threads took: 0.0000196 seconds
64.788: [GC (Allocation Failure)  788135K->473577K(1035264K), 0.0044057 secs]
64.793: Total time for which application threads were stopped: 0.0045764 seconds, Stopping threads took: 0.0000199 seconds
64.863: [GC (Allocation Failure)  796137K->473513K(1034240K), 0.0045991 secs]
64.867: Total time for which application threads were stopped: 0.0047678 seconds, Stopping threads took: 0.0000194 seconds
64.934: [GC (Allocation Failure)  795049K->473609K(1034752K), 0.0045766 secs]
64.939: Total time for which application threads were stopped: 0.0047526 seconds, Stopping threads took: 0.0000216 seconds
65.006: [GC (Allocation Failure)  795145K->481579K(1034752K), 0.0064271 secs]
65.013: Total time for which application threads were stopped: 0.0066435 seconds, Stopping threads took: 0.0000556 seconds
65.081: [GC (Allocation Failure)  803115K->481547K(1029120K), 0.0044097 secs]
65.085: Total time for which application threads were stopped: 0.0045680 seconds, Stopping threads took: 0.0000198 seconds
65.152: [GC (Allocation Failure)  803083K->481803K(1034240K), 0.0044385 secs]
65.156: Total time for which application threads were stopped: 0.0046056 seconds, Stopping threads took: 0.0000198 seconds
65.223: [GC (Allocation Failure)  802315K->489614K(1034240K), 0.0046142 secs]
65.228: Total time for which application threads were stopped: 0.0047837 seconds, Stopping threads took: 0.0000195 seconds
65.298: [GC (Allocation Failure)  810126K->489614K(1034240K), 0.0047154 secs]
65.303: Total time for which application threads were stopped: 0.0048924 seconds, Stopping threads took: 0.0000277 seconds
65.370: [GC (Allocation Failure)  810126K->490062K(1034240K), 0.0089061 secs]
65.379: Total time for which application threads were stopped: 0.0090709 seconds, Stopping threads took: 0.0000264 seconds
65.448: [GC (Allocation Failure)  810574K->497680K(1033216K), 0.0045603 secs]
65.452: Total time for which application threads were stopped: 0.0047226 seconds, Stopping threads took: 0.0000200 seconds
65.520: [GC (Allocation Failure)  817168K->497648K(1033728K), 0.0046020 secs]
65.525: Total time for which application threads were stopped: 0.0047736 seconds, Stopping threads took: 0.0000209 seconds
65.590: [GC (Allocation Failure)  817136K->497768K(1033728K), 0.0045095 secs]
65.595: Total time for which application threads were stopped: 0.0047029 seconds, Stopping threads took: 0.0000200 seconds
65.664: [GC (Allocation Failure)  817256K->505706K(1033728K), 0.0044370 secs]
65.669: Total time for which application threads were stopped: 0.0045939 seconds, Stopping threads took: 0.0000169 seconds
65.736: [GC (Allocation Failure)  825194K->505706K(1033728K), 0.0044963 secs]
65.741: Total time for which application threads were stopped: 0.0046903 seconds, Stopping threads took: 0.0000204 seconds
65.808: [GC (Allocation Failure)  825194K->505738K(1033728K), 0.0045282 secs]
65.813: Total time for which application threads were stopped: 0.0046809 seconds, Stopping threads took: 0.0000169 seconds
65.880: [GC (Allocation Failure)  825226K->513740K(1032704K), 0.0044384 secs]
65.884: Total time for which application threads were stopped: 0.0046130 seconds, Stopping threads took: 0.0000265 seconds
65.951: [GC (Allocation Failure)  832204K->508138K(1033216K), 0.0024992 secs]
65.954: Total time for which application threads were stopped: 0.0026802 seconds, Stopping threads took: 0.0000204 seconds
66.021: [GC (Allocation Failure)  826602K->513956K(1034752K), 0.0048067 secs]
66.026: Total time for which application threads were stopped: 0.0049829 seconds, Stopping threads took: 0.0000206 seconds
66.094: [GC (Allocation Failure)  834468K->517844K(1033728K), 0.0050936 secs]
66.099: Total time for which application threads were stopped: 0.0052694 seconds, Stopping threads took: 0.0000215 seconds
66.166: [GC (Allocation Failure)  838356K->524746K(1029120K), 0.0075714 secs]
66.174: Total time for which application threads were stopped: 0.0077591 seconds, Stopping threads took: 0.0000195 seconds
66.241: [GC (Allocation Failure)  840138K->518668K(1031680K), 0.0049059 secs]
66.246: Total time for which application threads were stopped: 0.0050738 seconds, Stopping threads took: 0.0000256 seconds
66.312: [GC (Allocation Failure)  834060K->518476K(1032704K), 0.0049515 secs]
66.317: Total time for which application threads were stopped: 0.0051449 seconds, Stopping threads took: 0.0000197 seconds
66.384: [GC (Allocation Failure)  835404K->521860K(1032192K), 0.0075323 secs]
66.391: Total time for which application threads were stopped: 0.0077444 seconds, Stopping threads took: 0.0000260 seconds
66.459: [GC (Allocation Failure)  838788K->526631K(1033216K), 0.0047339 secs]
66.464: Total time for which application threads were stopped: 0.0049190 seconds, Stopping threads took: 0.0000204 seconds
66.532: [GC (Allocation Failure)  844583K->526503K(1032704K), 0.0047031 secs]
66.537: Total time for which application threads were stopped: 0.0048844 seconds, Stopping threads took: 0.0000200 seconds
66.605: [GC (Allocation Failure)  844455K->527527K(1033216K), 0.0050290 secs]
66.610: Total time for which application threads were stopped: 0.0052390 seconds, Stopping threads took: 0.0000216 seconds
66.678: [GC (Allocation Failure)  845991K->534569K(1033216K), 0.0046532 secs]
66.683: Total time for which application threads were stopped: 0.0048456 seconds, Stopping threads took: 0.0000192 seconds
66.752: [GC (Allocation Failure)  853033K->534537K(1033728K), 0.0046460 secs]
66.757: Total time for which application threads were stopped: 0.0048026 seconds, Stopping threads took: 0.0000165 seconds
66.823: [GC (Allocation Failure)  853513K->536201K(1033216K), 0.0047062 secs]
66.828: Total time for which application threads were stopped: 0.0049033 seconds, Stopping threads took: 0.0000200 seconds
66.897: [GC (Allocation Failure)  855177K->542667K(1033728K), 0.0045051 secs]
66.902: Total time for which application threads were stopped: 0.0046611 seconds, Stopping threads took: 0.0000177 seconds
66.969: [GC (Allocation Failure)  862155K->542571K(1033728K), 0.0048153 secs]
66.974: Total time for which application threads were stopped: 0.0049745 seconds, Stopping threads took: 0.0000193 seconds
67.040: [GC (Allocation Failure)  862059K->542923K(1033728K), 0.0048212 secs]
67.045: Total time for which application threads were stopped: 0.0049959 seconds, Stopping threads took: 0.0000193 seconds
67.112: [GC (Allocation Failure)  862411K->550605K(1033728K), 0.0046786 secs]
67.117: Total time for which application threads were stopped: 0.0048498 seconds, Stopping threads took: 0.0000200 seconds
67.184: [GC (Allocation Failure)  870093K->550605K(1033728K), 0.0046368 secs]
67.189: Total time for which application threads were stopped: 0.0047948 seconds, Stopping threads took: 0.0000195 seconds
67.256: [GC (Allocation Failure)  870093K->554213K(1033728K), 0.0055473 secs]
67.261: Total time for which application threads were stopped: 0.0057098 seconds, Stopping threads took: 0.0000191 seconds
67.331: [GC (Allocation Failure)  873701K->558696K(1034240K), 0.0047163 secs]
67.336: Total time for which application threads were stopped: 0.0048879 seconds, Stopping threads took: 0.0000200 seconds
67.404: [GC (Allocation Failure)  879208K->558632K(1034240K), 0.0047500 secs]
67.409: Total time for which application threads were stopped: 0.0049193 seconds, Stopping threads took: 0.0000195 seconds
67.476: [GC (Allocation Failure)  879144K->559400K(1034240K), 0.0048012 secs]
67.481: Total time for which application threads were stopped: 0.0049630 seconds, Stopping threads took: 0.0000199 seconds
67.549: [GC (Allocation Failure)  879912K->566698K(1034240K), 0.0047513 secs]
67.554: Total time for which application threads were stopped: 0.0049422 seconds, Stopping threads took: 0.0000202 seconds
67.624: [GC (Allocation Failure)  887210K->566698K(1034240K), 0.0044624 secs]
67.628: Total time for which application threads were stopped: 0.0046484 seconds, Stopping threads took: 0.0000176 seconds
67.697: [GC (Allocation Failure)  887210K->567586K(1034240K), 0.0050828 secs]
67.702: Total time for which application threads were stopped: 0.0052445 seconds, Stopping threads took: 0.0000169 seconds
67.771: [GC (Allocation Failure)  888098K->574724K(1034240K), 0.0048891 secs]
67.776: Total time for which application threads were stopped: 0.0050588 seconds, Stopping threads took: 0.0000195 seconds
67.844: [GC (Allocation Failure)  895236K->574724K(1034240K), 0.0050118 secs]
67.849: Total time for which application threads were stopped: 0.0051740 seconds, Stopping threads took: 0.0000195 seconds
67.916: [GC (Allocation Failure)  895236K->575852K(1034240K), 0.0047789 secs]
67.921: Total time for which application threads were stopped: 0.0049479 seconds, Stopping threads took: 0.0000281 seconds
67.988: [GC (Allocation Failure)  896364K->582799K(1034240K), 0.0049154 secs]
67.993: Total time for which application threads were stopped: 0.0051043 seconds, Stopping threads took: 0.0000197 seconds
68.062: [GC (Allocation Failure)  903311K->582735K(1034240K), 0.0047790 secs]
68.067: Total time for which application threads were stopped: 0.0049360 seconds, Stopping threads took: 0.0000251 seconds
68.134: [GC (Allocation Failure)  903247K->583047K(1020416K), 0.0048700 secs]
68.139: Total time for which application threads were stopped: 0.0050291 seconds, Stopping threads took: 0.0000200 seconds
68.207: [GC (Allocation Failure)  903559K->590793K(1033728K), 0.0057569 secs]
68.212: Total time for which application threads were stopped: 0.0059181 seconds, Stopping threads took: 0.0000198 seconds
68.279: [GC (Allocation Failure)  910281K->590761K(1033728K), 0.0047691 secs]
68.284: Total time for which application threads were stopped: 0.0049354 seconds, Stopping threads took: 0.0000192 seconds
68.350: [GC (Allocation Failure)  910249K->591305K(1033728K), 0.0049111 secs]
68.355: Total time for which application threads were stopped: 0.0050908 seconds, Stopping threads took: 0.0000212 seconds
68.423: [GC (Allocation Failure)  910793K->598859K(1033728K), 0.0048327 secs]
68.428: Total time for which application threads were stopped: 0.0049994 seconds, Stopping threads took: 0.0000184 seconds
68.496: [GC (Allocation Failure)  918347K->598795K(1033728K), 0.0047496 secs]
68.501: Total time for which application threads were stopped: 0.0049309 seconds, Stopping threads took: 0.0000201 seconds
68.568: [GC (Allocation Failure)  918283K->599523K(1033728K), 0.0050190 secs]
68.573: Total time for which application threads were stopped: 0.0051810 seconds, Stopping threads took: 0.0000203 seconds
68.640: [GC (Allocation Failure)  919011K->606853K(1033728K), 0.0046711 secs]
68.645: Total time for which application threads were stopped: 0.0048320 seconds, Stopping threads took: 0.0000198 seconds
68.712: [GC (Allocation Failure)  926341K->606821K(1033728K), 0.0050387 secs]
68.717: Total time for which application threads were stopped: 0.0052080 seconds, Stopping threads took: 0.0000193 seconds
68.783: [GC (Allocation Failure)  926309K->608845K(1033728K), 0.0051658 secs]
68.788: Total time for which application threads were stopped: 0.0053373 seconds, Stopping threads took: 0.0000194 seconds
68.858: [GC (Allocation Failure)  928333K->614864K(1033728K), 0.0047447 secs]
68.862: Total time for which application threads were stopped: 0.0048870 seconds, Stopping threads took: 0.0000162 seconds
68.933: [GC (Allocation Failure)  934352K->614864K(1033728K), 0.0046152 secs]
68.937: Total time for which application threads were stopped: 0.0047827 seconds, Stopping threads took: 0.0000166 seconds
69.004: [GC (Allocation Failure)  934352K->616016K(1033728K), 0.0067233 secs]
69.011: Total time for which application threads were stopped: 0.0068738 seconds, Stopping threads took: 0.0000250 seconds
69.079: [GC (Allocation Failure)  935504K->622930K(1033728K), 0.0048068 secs]
69.084: Total time for which application threads were stopped: 0.0049865 seconds, Stopping threads took: 0.0000194 seconds
69.151: [GC (Allocation Failure)  942418K->622898K(1033728K), 0.0046140 secs]
69.155: Total time for which application threads were stopped: 0.0047737 seconds, Stopping threads took: 0.0000207 seconds
69.221: [GC (Allocation Failure)  942386K->623210K(1033728K), 0.0047786 secs]
69.226: Total time for which application threads were stopped: 0.0049461 seconds, Stopping threads took: 0.0000191 seconds
69.293: [GC (Allocation Failure)  942698K->630924K(1033728K), 0.0051083 secs]
69.298: Total time for which application threads were stopped: 0.0052747 seconds, Stopping threads took: 0.0000194 seconds
69.365: [GC (Allocation Failure)  950412K->630924K(1033728K), 0.0062457 secs]
69.371: Total time for which application threads were stopped: 0.0064131 seconds, Stopping threads took: 0.0000199 seconds
69.438: [GC (Allocation Failure)  950412K->631468K(1033728K), 0.0048615 secs]
69.443: Total time for which application threads were stopped: 0.0050315 seconds, Stopping threads took: 0.0000193 seconds
69.512: [GC (Allocation Failure)  950956K->638990K(1033728K), 0.0049098 secs]
69.517: Total time for which application threads were stopped: 0.0050719 seconds, Stopping threads took: 0.0000196 seconds
69.585: [GC (Allocation Failure)  958478K->638958K(1033728K), 0.0049942 secs]
69.590: Total time for which application threads were stopped: 0.0051655 seconds, Stopping threads took: 0.0000208 seconds
69.656: [GC (Allocation Failure)  958446K->639686K(1033728K), 0.0049675 secs]
69.661: Total time for which application threads were stopped: 0.0051334 seconds, Stopping threads took: 0.0000209 seconds
69.729: [GC (Allocation Failure)  959174K->647017K(1033728K), 0.0048481 secs]
69.734: Total time for which application threads were stopped: 0.0050497 seconds, Stopping threads took: 0.0000201 seconds
69.802: [GC (Allocation Failure)  966505K->647017K(1033728K), 0.0048357 secs]
69.807: Total time for which application threads were stopped: 0.0050174 seconds, Stopping threads took: 0.0000179 seconds
69.875: [GC (Allocation Failure)  966505K->647913K(1033728K), 0.0048897 secs]
69.880: Total time for which application threads were stopped: 0.0050479 seconds, Stopping threads took: 0.0000256 seconds
69.947: [GC (Allocation Failure)  967401K->655019K(1033728K), 0.0049259 secs]
69.952: Total time for which application threads were stopped: 0.0050935 seconds, Stopping threads took: 0.0000279 seconds
70.019: [GC (Allocation Failure)  974507K->655051K(1033728K), 0.0049898 secs]
70.024: Total time for which application threads were stopped: 0.0051505 seconds, Stopping threads took: 0.0000193 seconds
70.091: [GC (Allocation Failure)  974539K->655147K(1033728K), 0.0050101 secs]
70.097: Total time for which application threads were stopped: 0.0051711 seconds, Stopping threads took: 0.0000195 seconds
70.166: [GC (Allocation Failure)  974635K->663085K(1027072K), 0.0049805 secs]
70.171: Total time for which application threads were stopped: 0.0051574 seconds, Stopping threads took: 0.0000193 seconds
70.238: [GC (Allocation Failure)  982573K->663085K(1033216K), 0.0049602 secs]
70.243: Total time for which application threads were stopped: 0.0051222 seconds, Stopping threads took: 0.0000190 seconds
70.310: [GC (Allocation Failure)  981549K->663365K(1033216K), 0.0050388 secs]
70.315: Total time for which application threads were stopped: 0.0052038 seconds, Stopping threads took: 0.0000201 seconds
70.385: [GC (Allocation Failure)  981829K->671047K(1033216K), 0.0066010 secs]
70.392: Total time for which application threads were stopped: 0.0068055 seconds, Stopping threads took: 0.0000177 seconds
70.458: [GC (Allocation Failure)  989511K->671079K(1033216K), 0.0050481 secs]
70.463: Total time for which application threads were stopped: 0.0052067 seconds, Stopping threads took: 0.0000190 seconds
70.529: [GC (Allocation Failure)  989543K->671591K(1033216K), 0.0050062 secs]
70.534: Total time for which application threads were stopped: 0.0051702 seconds, Stopping threads took: 0.0000200 seconds
70.599: [GC (Allocation Failure)  990055K->679114K(1033216K), 0.0049178 secs]
70.604: Total time for which application threads were stopped: 0.0050890 seconds, Stopping threads took: 0.0000209 seconds
70.672: [GC (Allocation Failure)  997578K->679146K(1033216K), 0.0048874 secs]
70.677: Total time for which application threads were stopped: 0.0050597 seconds, Stopping threads took: 0.0000203 seconds
70.743: [GC (Allocation Failure)  997610K->679338K(1033216K), 0.0050801 secs]
70.748: Total time for which application threads were stopped: 0.0052436 seconds, Stopping threads took: 0.0000203 seconds
70.813: [GC (Allocation Failure)  997802K->687180K(1033216K), 0.0050669 secs]
70.818: Total time for which application threads were stopped: 0.0052484 seconds, Stopping threads took: 0.0000203 seconds
70.884: [GC (Allocation Failure)  1005644K->687180K(1033216K), 0.0047772 secs]
70.889: Total time for which application threads were stopped: 0.0049431 seconds, Stopping threads took: 0.0000268 seconds
70.957: [GC (Allocation Failure)  1005644K->687300K(1033216K), 0.0052005 secs]
70.962: [Full GC (Ergonomics)  687300K->8589K(1033216K), 0.0140965 secs]
70.976: Total time for which application threads were stopped: 0.0197074 seconds, Stopping threads took: 0.0000192 seconds
71.044: [GC (Allocation Failure)  327053K->16815K(1033216K), 0.0038454 secs]
71.048: Total time for which application threads were stopped: 0.0040088 seconds, Stopping threads took: 0.0000186 seconds
71.114: [GC (Allocation Failure)  335279K->16855K(1033216K), 0.0037422 secs]
71.118: Total time for which application threads were stopped: 0.0039063 seconds, Stopping threads took: 0.0000203 seconds
71.184: [GC (Allocation Failure)  335319K->16879K(1033216K), 0.0036777 secs]
71.188: Total time for which application threads were stopped: 0.0038408 seconds, Stopping threads took: 0.0000200 seconds
71.255: [GC (Allocation Failure)  335343K->24849K(1033216K), 0.0038373 secs]
71.259: Total time for which application threads were stopped: 0.0040206 seconds, Stopping threads took: 0.0000203 seconds
71.326: [GC (Allocation Failure)  343313K->24849K(1033216K), 0.0037440 secs]
71.330: Total time for which application threads were stopped: 0.0038995 seconds, Stopping threads took: 0.0000194 seconds
71.396: [GC (Allocation Failure)  343313K->25129K(1033216K), 0.0036957 secs]
71.400: Total time for which application threads were stopped: 0.0038546 seconds, Stopping threads took: 0.0000171 seconds
71.466: [GC (Allocation Failure)  343593K->32876K(1033216K), 0.0037106 secs]
71.470: Total time for which application threads were stopped: 0.0039122 seconds, Stopping threads took: 0.0000202 seconds
71.537: [GC (Allocation Failure)  351340K->32876K(1033216K), 0.0035826 secs]
71.541: Total time for which application threads were stopped: 0.0037508 seconds, Stopping threads took: 0.0000206 seconds
71.606: [GC (Allocation Failure)  351340K->33132K(1033216K), 0.0038114 secs]
71.610: Total time for which application threads were stopped: 0.0039946 seconds, Stopping threads took: 0.0000204 seconds
71.677: [GC (Allocation Failure)  351596K->40942K(1033216K), 0.0038666 secs]
71.681: Total time for which application threads were stopped: 0.0040266 seconds, Stopping threads took: 0.0000198 seconds
71.746: [GC (Allocation Failure)  359406K->37004K(1033216K), 0.0025330 secs]
71.748: Total time for which application threads were stopped: 0.0027016 seconds, Stopping threads took: 0.0000199 seconds
71.815: [GC (Allocation Failure)  355468K->41062K(1034240K), 0.0039006 secs]
71.819: Total time for which application threads were stopped: 0.0040940 seconds, Stopping threads took: 0.0000219 seconds
71.886: [GC (Allocation Failure)  361062K->45030K(1033728K), 0.0036073 secs]
71.889: Total time for which application threads were stopped: 0.0037937 seconds, Stopping threads took: 0.0000454 seconds
71.954: [GC (Allocation Failure)  365030K->52556K(1028096K), 0.0197645 secs]
71.974: Total time for which application threads were stopped: 0.0199722 seconds, Stopping threads took: 0.0000282 seconds
72.044: [GC (Allocation Failure)  366924K->46350K(1031168K), 0.0038238 secs]
72.047: Total time for which application threads were stopped: 0.0039981 seconds, Stopping threads took: 0.0000206 seconds
72.114: [GC (Allocation Failure)  360718K->46318K(1032192K), 0.0037415 secs]
72.118: Total time for which application threads were stopped: 0.0039523 seconds, Stopping threads took: 0.0000211 seconds
72.183: [GC (Allocation Failure)  362222K->47246K(1031680K), 0.0038327 secs]
72.187: Total time for which application threads were stopped: 0.0040030 seconds, Stopping threads took: 0.0000199 seconds
72.253: [GC (Allocation Failure)  363150K->54320K(1032704K), 0.0037600 secs]
72.257: Total time for which application threads were stopped: 0.0039256 seconds, Stopping threads took: 0.0000208 seconds
72.324: [GC (Allocation Failure)  371248K->54288K(1032192K), 0.0036575 secs]
72.327: Total time for which application threads were stopped: 0.0038249 seconds, Stopping threads took: 0.0000199 seconds
72.395: [GC (Allocation Failure)  371216K->58024K(1033216K), 0.0057387 secs]
72.400: Total time for which application threads were stopped: 0.0058993 seconds, Stopping threads took: 0.0000270 seconds
72.467: [GC (Allocation Failure)  375976K->62442K(1032704K), 0.0038517 secs]
72.471: Total time for which application threads were stopped: 0.0040220 seconds, Stopping threads took: 0.0000213 seconds
72.539: [GC (Allocation Failure)  380394K->62410K(1033728K), 0.0037334 secs]
72.542: Total time for which application threads were stopped: 0.0039041 seconds, Stopping threads took: 0.0000200 seconds
72.607: [GC (Allocation Failure)  381898K->66282K(1033728K), 0.0047497 secs]
72.612: Total time for which application threads were stopped: 0.0049197 seconds, Stopping threads took: 0.0000202 seconds
72.677: [GC (Allocation Failure)  385770K->70509K(1034240K), 0.0036834 secs]
72.681: Total time for which application threads were stopped: 0.0038429 seconds, Stopping threads took: 0.0000198 seconds
72.748: [GC (Allocation Failure)  391021K->70381K(1034240K), 0.0036901 secs]
72.752: Total time for which application threads were stopped: 0.0038475 seconds, Stopping threads took: 0.0000193 seconds
72.820: [GC (Allocation Failure)  390893K->71429K(1034240K), 0.0040413 secs]
72.824: Total time for which application threads were stopped: 0.0041927 seconds, Stopping threads took: 0.0000167 seconds
72.893: [GC (Allocation Failure)  391941K->78471K(1034240K), 0.0038240 secs]
72.897: Total time for which application threads were stopped: 0.0039940 seconds, Stopping threads took: 0.0000273 seconds
72.964: [GC (Allocation Failure)  398983K->78407K(1034240K), 0.0038127 secs]
72.968: Total time for which application threads were stopped: 0.0039925 seconds, Stopping threads took: 0.0000203 seconds
73.037: [GC (Allocation Failure)  398919K->81703K(1034240K), 0.0045168 secs]
73.041: Total time for which application threads were stopped: 0.0046947 seconds, Stopping threads took: 0.0000273 seconds
73.113: [GC (Allocation Failure)  402215K->86473K(1034752K), 0.0037416 secs]
73.117: Total time for which application threads were stopped: 0.0039042 seconds, Stopping threads took: 0.0000201 seconds
73.185: [GC (Allocation Failure)  408009K->86473K(1034752K), 0.0040551 secs]
73.189: Total time for which application threads were stopped: 0.0042364 seconds, Stopping threads took: 0.0000216 seconds
73.254: [GC (Allocation Failure)  408009K->89961K(1034752K), 0.0046723 secs]
73.258: Total time for which application threads were stopped: 0.0048465 seconds, Stopping threads took: 0.0000204 seconds
73.328: [GC (Allocation Failure)  411497K->94539K(1034752K), 0.0037365 secs]
73.332: Total time for which application threads were stopped: 0.0039044 seconds, Stopping threads took: 0.0000205 seconds
73.400: [GC (Allocation Failure)  416075K->94507K(1035264K), 0.0036898 secs]
73.403: Total time for which application threads were stopped: 0.0038690 seconds, Stopping threads took: 0.0000145 seconds
73.470: [GC (Allocation Failure)  416555K->95627K(1034752K), 0.0040007 secs]
73.474: Total time for which application threads were stopped: 0.0041763 seconds, Stopping threads took: 0.0000193 seconds
73.542: [GC (Allocation Failure)  417675K->102542K(1034752K), 0.0064887 secs]
73.548: Total time for which application threads were stopped: 0.0066833 seconds, Stopping threads took: 0.0000421 seconds
73.616: [GC (Allocation Failure)  424078K->102510K(1034752K), 0.0038375 secs]
73.620: Total time for which application threads were stopped: 0.0040313 seconds, Stopping threads took: 0.0000190 seconds
73.687: [GC (Allocation Failure)  424046K->105382K(1034752K), 0.0044751 secs]
73.691: Total time for which application threads were stopped: 0.0046370 seconds, Stopping threads took: 0.0000190 seconds
73.757: [GC (Allocation Failure)  426918K->110664K(1034752K), 0.0037977 secs]
73.761: Total time for which application threads were stopped: 0.0039860 seconds, Stopping threads took: 0.0000197 seconds
73.829: [GC (Allocation Failure)  432200K->110536K(1034752K), 0.0038391 secs]
73.833: Total time for which application threads were stopped: 0.0039977 seconds, Stopping threads took: 0.0000170 seconds
73.898: [GC (Allocation Failure)  432072K->114632K(1034752K), 0.0046663 secs]
73.903: Total time for which application threads were stopped: 0.0048304 seconds, Stopping threads took: 0.0000260 seconds
73.971: [GC (Allocation Failure)  436168K->118634K(1035264K), 0.0038621 secs]
73.975: Total time for which application threads were stopped: 0.0040161 seconds, Stopping threads took: 0.0000178 seconds
74.043: [GC (Allocation Failure)  441194K->118570K(1035264K), 0.0040344 secs]
74.047: Total time for which application threads were stopped: 0.0042044 seconds, Stopping threads took: 0.0000202 seconds
74.115: [GC (Allocation Failure)  441130K->121866K(1035264K), 0.0045900 secs]
74.119: Total time for which application threads were stopped: 0.0047465 seconds, Stopping threads took: 0.0000194 seconds
74.188: [GC (Allocation Failure)  444426K->126604K(1035264K), 0.0039369 secs]
74.192: Total time for which application threads were stopped: 0.0041167 seconds, Stopping threads took: 0.0000197 seconds
74.258: [GC (Allocation Failure)  449164K->126604K(1035264K), 0.0037950 secs]
74.262: Total time for which application threads were stopped: 0.0039611 seconds, Stopping threads took: 0.0000204 seconds
74.329: [GC (Allocation Failure)  449164K->130092K(1035264K), 0.0047743 secs]
74.334: Total time for which application threads were stopped: 0.0049366 seconds, Stopping threads took: 0.0000193 seconds
74.404: [GC (Allocation Failure)  452652K->134639K(1035776K), 0.0038588 secs]
74.408: Total time for which application threads were stopped: 0.0040536 seconds, Stopping threads took: 0.0000196 seconds
74.478: [GC (Allocation Failure)  458223K->134639K(1035776K), 0.0040120 secs]
74.482: Total time for which application threads were stopped: 0.0041583 seconds, Stopping threads took: 0.0000165 seconds
74.550: [GC (Allocation Failure)  458223K->136303K(1034752K), 0.0040120 secs]
74.554: Total time for which application threads were stopped: 0.0041809 seconds, Stopping threads took: 0.0000192 seconds
74.622: [GC (Allocation Failure)  458863K->142673K(1035264K), 0.0040515 secs]
74.626: Total time for which application threads were stopped: 0.0042228 seconds, Stopping threads took: 0.0000198 seconds
74.694: [GC (Allocation Failure)  465233K->142673K(1035264K), 0.0038624 secs]
74.698: Total time for which application threads were stopped: 0.0040347 seconds, Stopping threads took: 0.0000199 seconds
74.766: [GC (Allocation Failure)  465233K->144489K(1035264K), 0.0041425 secs]
74.771: Total time for which application threads were stopped: 0.0043125 seconds, Stopping threads took: 0.0000194 seconds
74.838: [GC (Allocation Failure)  467049K->150795K(1035264K), 0.0039851 secs]
74.842: Total time for which application threads were stopped: 0.0041514 seconds, Stopping threads took: 0.0000210 seconds
74.911: [GC (Allocation Failure)  473355K->150699K(1035264K), 0.0042464 secs]
74.915: Total time for which application threads were stopped: 0.0044236 seconds, Stopping threads took: 0.0000263 seconds
74.982: [GC (Allocation Failure)  473259K->152747K(1035264K), 0.0040850 secs]
74.986: Total time for which application threads were stopped: 0.0042872 seconds, Stopping threads took: 0.0000199 seconds
75.055: [GC (Allocation Failure)  475307K->158765K(1035264K), 0.0039836 secs]
75.059: Total time for which application threads were stopped: 0.0041705 seconds, Stopping threads took: 0.0000222 seconds
75.129: [GC (Allocation Failure)  481325K->158733K(1035264K), 0.0037994 secs]
75.132: Total time for which application threads were stopped: 0.0039627 seconds, Stopping threads took: 0.0000203 seconds
75.200: [GC (Allocation Failure)  481293K->152939K(1035264K), 0.0015319 secs]
75.202: Total time for which application threads were stopped: 0.0016770 seconds, Stopping threads took: 0.0000193 seconds
75.269: [GC (Allocation Failure)  475499K->158989K(1034240K), 0.0041789 secs]
75.274: Total time for which application threads were stopped: 0.0043478 seconds, Stopping threads took: 0.0000216 seconds
75.342: [GC (Allocation Failure)  480525K->158765K(1034752K), 0.0037023 secs]
75.346: Total time for which application threads were stopped: 0.0038770 seconds, Stopping threads took: 0.0000213 seconds
75.413: [GC (Allocation Failure)  480301K->155211K(1035264K), 0.0026606 secs]
75.415: Total time for which application threads were stopped: 0.0028338 seconds, Stopping threads took: 0.0000271 seconds
75.484: [GC (Allocation Failure)  477259K->158925K(1034752K), 0.0039775 secs]
75.488: Total time for which application threads were stopped: 0.0041334 seconds, Stopping threads took: 0.0000191 seconds
75.556: [GC (Allocation Failure)  480973K->158733K(1035264K), 0.0039414 secs]
75.560: Total time for which application threads were stopped: 0.0041182 seconds, Stopping threads took: 0.0000207 seconds
75.628: [GC (Allocation Failure)  481293K->158475K(1035264K), 0.0037273 secs]
75.632: Total time for which application threads were stopped: 0.0038951 seconds, Stopping threads took: 0.0000193 seconds
75.699: [GC (Allocation Failure)  481035K->158893K(1035776K), 0.0039096 secs]
75.703: Total time for which application threads were stopped: 0.0040708 seconds, Stopping threads took: 0.0000204 seconds
75.771: [GC (Allocation Failure)  481965K->158733K(1035264K), 0.0036701 secs]
75.775: Total time for which application threads were stopped: 0.0038456 seconds, Stopping threads took: 0.0000196 seconds
75.842: [GC (Allocation Failure)  481805K->163755K(1032704K), 0.0062190 secs]
75.848: Total time for which application threads were stopped: 0.0063961 seconds, Stopping threads took: 0.0000211 seconds
75.916: [GC (Allocation Failure)  484267K->159117K(1034240K), 0.0041321 secs]
75.920: Total time for which application threads were stopped: 0.0043045 seconds, Stopping threads took: 0.0000196 seconds
75.988: [GC (Allocation Failure)  479629K->159021K(1034752K), 0.0036966 secs]
75.992: Total time for which application threads were stopped: 0.0038768 seconds, Stopping threads took: 0.0000201 seconds
76.058: [GC (Allocation Failure)  480045K->162731K(1032192K), 0.0054682 secs]
76.064: Total time for which application threads were stopped: 0.0056282 seconds, Stopping threads took: 0.0000202 seconds
76.132: [GC (Allocation Failure)  483755K->159053K(1034752K), 0.0037906 secs]
76.136: Total time for which application threads were stopped: 0.0039490 seconds, Stopping threads took: 0.0000192 seconds
76.203: [GC (Allocation Failure)  479565K->159021K(1033728K), 0.0065802 secs]
76.209: Total time for which application threads were stopped: 0.0067432 seconds, Stopping threads took: 0.0000192 seconds
76.277: [GC (Allocation Failure)  479533K->161419K(1034240K), 0.0047837 secs]
76.281: Total time for which application threads were stopped: 0.0049564 seconds, Stopping threads took: 0.0000201 seconds
76.349: [GC (Allocation Failure)  482955K->159277K(1034752K), 0.0040031 secs]
76.353: Total time for which application threads were stopped: 0.0041779 seconds, Stopping threads took: 0.0000210 seconds
76.423: [GC (Allocation Failure)  480813K->159021K(1035776K), 0.0039371 secs]
76.427: Total time for which application threads were stopped: 0.0041189 seconds, Stopping threads took: 0.0000199 seconds
76.493: [GC (Allocation Failure)  482093K->164139K(1035264K), 0.0061498 secs]
76.500: Total time for which application threads were stopped: 0.0063448 seconds, Stopping threads took: 0.0000204 seconds
76.567: [GC (Allocation Failure)  487211K->159629K(1034240K), 0.0039835 secs]
76.571: Total time for which application threads were stopped: 0.0041530 seconds, Stopping threads took: 0.0000199 seconds
76.638: [GC (Allocation Failure)  481165K->159405K(1034752K), 0.0038733 secs]
76.642: Total time for which application threads were stopped: 0.0040406 seconds, Stopping threads took: 0.0000201 seconds
76.707: [GC (Allocation Failure)  480941K->167275K(1030144K), 0.0076686 secs]
76.715: Total time for which application threads were stopped: 0.0078282 seconds, Stopping threads took: 0.0000197 seconds
76.782: [GC (Allocation Failure)  484715K->162213K(1032704K), 0.0038127 secs]
76.786: Total time for which application threads were stopped: 0.0040032 seconds, Stopping threads took: 0.0000187 seconds
76.855: [GC (Allocation Failure)  479653K->162085K(1033728K), 0.0038719 secs]
76.859: Total time for which application threads were stopped: 0.0040422 seconds, Stopping threads took: 0.0000196 seconds
76.928: [GC (Allocation Failure)  481061K->160419K(1033216K), 0.0033495 secs]
76.931: Total time for which application threads were stopped: 0.0035169 seconds, Stopping threads took: 0.0000282 seconds
76.999: [GC (Allocation Failure)  479395K->162149K(1034240K), 0.0040453 secs]
77.003: Total time for which application threads were stopped: 0.0042164 seconds, Stopping threads took: 0.0000202 seconds
77.070: [GC (Allocation Failure)  482149K->162053K(1033728K), 0.0039514 secs]
77.074: Total time for which application threads were stopped: 0.0041493 seconds, Stopping threads took: 0.0000207 seconds
77.141: [GC (Allocation Failure)  482053K->156035K(1032704K), 0.0014897 secs]
77.143: Total time for which application threads were stopped: 0.0016244 seconds, Stopping threads took: 0.0000194 seconds
77.212: [GC (Allocation Failure)  475523K->162053K(1033728K), 0.0038241 secs]
77.216: Total time for which application threads were stopped: 0.0039847 seconds, Stopping threads took: 0.0000204 seconds
77.283: [GC (Allocation Failure)  481541K->162053K(1035264K), 0.0041750 secs]
77.287: Total time for which application threads were stopped: 0.0043330 seconds, Stopping threads took: 0.0000197 seconds
77.354: [GC (Allocation Failure)  484101K->165797K(1034752K), 0.0047069 secs]
77.358: Total time for which application threads were stopped: 0.0048764 seconds, Stopping threads took: 0.0000201 seconds
77.427: [GC (Allocation Failure)  487845K->170280K(1035264K), 0.0041011 secs]
77.431: Total time for which application threads were stopped: 0.0042899 seconds, Stopping threads took: 0.0000193 seconds
77.501: [GC (Allocation Failure)  492328K->170088K(1034752K), 0.0039731 secs]
77.505: Total time for which application threads were stopped: 0.0041570 seconds, Stopping threads took: 0.0000169 seconds
77.574: [GC (Allocation Failure)  492136K->164485K(1034752K), 0.0015988 secs]
77.575: Total time for which application threads were stopped: 0.0017534 seconds, Stopping threads took: 0.0000163 seconds
77.645: [GC (Allocation Failure)  487045K->170248K(1035264K), 0.0042768 secs]
77.649: Total time for which application threads were stopped: 0.0044632 seconds, Stopping threads took: 0.0000216 seconds
77.717: [GC (Allocation Failure)  492808K->170120K(1035776K), 0.0040693 secs]
77.722: Total time for which application threads were stopped: 0.0042395 seconds, Stopping threads took: 0.0000218 seconds
77.790: [GC (Allocation Failure)  493192K->169285K(1035264K), 0.0034779 secs]
77.793: Total time for which application threads were stopped: 0.0036410 seconds, Stopping threads took: 0.0000267 seconds
77.860: [GC (Allocation Failure)  492357K->170216K(1036288K), 0.0040182 secs]
77.864: Total time for which application threads were stopped: 0.0042132 seconds, Stopping threads took: 0.0000195 seconds
77.934: [GC (Allocation Failure)  494824K->170120K(1036288K), 0.0039948 secs]
77.938: Total time for which application threads were stopped: 0.0041601 seconds, Stopping threads took: 0.0000269 seconds
78.004: [GC (Allocation Failure)  494728K->178149K(1030656K), 0.0082079 secs]
78.012: Total time for which application threads were stopped: 0.0083698 seconds, Stopping threads took: 0.0000198 seconds
78.081: [GC (Allocation Failure)  497637K->174504K(1033728K), 0.0041715 secs]
78.085: Total time for which application threads were stopped: 0.0043326 seconds, Stopping threads took: 0.0000196 seconds
78.154: [GC (Allocation Failure)  493992K->174472K(1034752K), 0.0039836 secs]
78.158: Total time for which application threads were stopped: 0.0041625 seconds, Stopping threads took: 0.0000204 seconds
78.223: [GC (Allocation Failure)  495496K->179141K(1033216K), 0.0060466 secs]
78.229: Total time for which application threads were stopped: 0.0062358 seconds, Stopping threads took: 0.0000206 seconds
78.298: [GC (Allocation Failure)  500165K->174696K(1034240K), 0.0041412 secs]
78.302: Total time for which application threads were stopped: 0.0043130 seconds, Stopping threads took: 0.0000202 seconds
78.370: [GC (Allocation Failure)  494696K->174440K(1033728K), 0.0087536 secs]
78.379: Total time for which application threads were stopped: 0.0089717 seconds, Stopping threads took: 0.0000219 seconds
78.449: [GC (Allocation Failure)  494440K->176805K(1034752K), 0.0049076 secs]
78.454: Total time for which application threads were stopped: 0.0050759 seconds, Stopping threads took: 0.0000195 seconds
78.522: [GC (Allocation Failure)  498341K->174632K(1034752K), 0.0041723 secs]
78.526: Total time for which application threads were stopped: 0.0043450 seconds, Stopping threads took: 0.0000203 seconds
78.595: [GC (Allocation Failure)  496168K->174440K(1035264K), 0.0040864 secs]
78.599: Total time for which application threads were stopped: 0.0042904 seconds, Stopping threads took: 0.0000222 seconds
78.668: [GC (Allocation Failure)  496488K->178533K(1033728K), 0.0055556 secs]
78.674: Total time for which application threads were stopped: 0.0057280 seconds, Stopping threads took: 0.0000200 seconds
78.742: [GC (Allocation Failure)  500581K->174568K(1034752K), 0.0041402 secs]
78.746: Total time for which application threads were stopped: 0.0043111 seconds, Stopping threads took: 0.0000215 seconds
78.814: [GC (Allocation Failure)  495592K->174440K(1034240K), 0.0050218 secs]
78.819: Total time for which application threads were stopped: 0.0052177 seconds, Stopping threads took: 0.0000201 seconds
78.887: [GC (Allocation Failure)  495464K->179269K(1033216K), 0.0058157 secs]
78.893: Total time for which application threads were stopped: 0.0059643 seconds, Stopping threads took: 0.0000166 seconds
78.959: [GC (Allocation Failure)  499781K->174536K(1034240K), 0.0041207 secs]
78.963: Total time for which application threads were stopped: 0.0042861 seconds, Stopping threads took: 0.0000266 seconds
79.031: [GC (Allocation Failure)  495048K->174440K(1034752K), 0.0039865 secs]
79.035: Total time for which application threads were stopped: 0.0041575 seconds, Stopping threads took: 0.0000201 seconds
79.102: [GC (Allocation Failure)  495464K->177893K(1034240K), 0.0053557 secs]
79.108: Total time for which application threads were stopped: 0.0055185 seconds, Stopping threads took: 0.0000201 seconds
79.175: [GC (Allocation Failure)  498917K->174472K(1034240K), 0.0039772 secs]
79.179: Total time for which application threads were stopped: 0.0041487 seconds, Stopping threads took: 0.0000203 seconds
79.246: [GC (Allocation Failure)  494984K->174440K(1034240K), 0.0038444 secs]
79.250: Total time for which application threads were stopped: 0.0040070 seconds, Stopping threads took: 0.0000203 seconds
79.318: [GC (Allocation Failure)  494952K->176613K(1034752K), 0.0064777 secs]
79.324: Total time for which application threads were stopped: 0.0066711 seconds, Stopping threads took: 0.0000340 seconds
79.393: [GC (Allocation Failure)  498149K->174632K(1034752K), 0.0061571 secs]
79.400: Total time for which application threads were stopped: 0.0063172 seconds, Stopping threads took: 0.0000256 seconds
79.467: [GC (Allocation Failure)  496168K->174440K(1035264K), 0.0041071 secs]
79.471: Total time for which application threads were stopped: 0.0042774 seconds, Stopping threads took: 0.0000201 seconds
79.538: [GC (Allocation Failure)  497000K->178853K(1034752K), 0.0056029 secs]
79.544: Total time for which application threads were stopped: 0.0057635 seconds, Stopping threads took: 0.0000190 seconds
79.612: [GC (Allocation Failure)  501413K->174632K(1034752K), 0.0038758 secs]
79.616: Total time for which application threads were stopped: 0.0040394 seconds, Stopping threads took: 0.0000192 seconds
79.686: [GC (Allocation Failure)  496168K->174440K(1034752K), 0.0040035 secs]
79.690: Total time for which application threads were stopped: 0.0041781 seconds, Stopping threads took: 0.0000335 seconds
79.757: [GC (Allocation Failure)  495976K->181037K(1031680K), 0.0071624 secs]
79.764: Total time for which application threads were stopped: 0.0073286 seconds, Stopping threads took: 0.0000195 seconds
79.831: [GC (Allocation Failure)  499501K->175408K(1033216K), 0.0041660 secs]
79.836: Total time for which application threads were stopped: 0.0043611 seconds, Stopping threads took: 0.0000195 seconds
79.904: [GC (Allocation Failure)  493872K->175280K(1033728K), 0.0038461 secs]
79.908: Total time for which application threads were stopped: 0.0039960 seconds, Stopping threads took: 0.0000246 seconds
79.975: [GC (Allocation Failure)  494768K->174957K(1033728K), 0.0039275 secs]
79.979: Total time for which application threads were stopped: 0.0040954 seconds, Stopping threads took: 0.0000248 seconds
80.046: [GC (Allocation Failure)  494445K->175376K(1034240K), 0.0038916 secs]
80.050: Total time for which application threads were stopped: 0.0040877 seconds, Stopping threads took: 0.0000200 seconds
80.119: [GC (Allocation Failure)  495888K->175280K(1034240K), 0.0039330 secs]
80.123: Total time for which application threads were stopped: 0.0040930 seconds, Stopping threads took: 0.0000193 seconds
80.190: [GC (Allocation Failure)  495792K->172077K(1033728K), 0.0028826 secs]
80.193: Total time for which application threads were stopped: 0.0030589 seconds, Stopping threads took: 0.0000276 seconds
80.261: [GC (Allocation Failure)  492589K->175280K(1034240K), 0.0040781 secs]
80.265: Total time for which application threads were stopped: 0.0042557 seconds, Stopping threads took: 0.0000204 seconds
80.333: [GC (Allocation Failure)  495792K->175312K(1035264K), 0.0039853 secs]
80.338: Total time for which application threads were stopped: 0.0041623 seconds, Stopping threads took: 0.0000261 seconds
80.408: [GC (Allocation Failure)  497360K->171789K(1034752K), 0.0025079 secs]
80.410: Total time for which application threads were stopped: 0.0026811 seconds, Stopping threads took: 0.0000269 seconds
80.478: [GC (Allocation Failure)  493837K->175504K(1035776K), 0.0040822 secs]
80.482: Total time for which application threads were stopped: 0.0042541 seconds, Stopping threads took: 0.0000193 seconds
80.550: [GC (Allocation Failure)  498576K->175280K(1035264K), 0.0039857 secs]
80.554: Total time for which application threads were stopped: 0.0041498 seconds, Stopping threads took: 0.0000194 seconds
80.619: [GC (Allocation Failure)  498352K->176589K(1035776K), 0.0044483 secs]
80.624: Total time for which application threads were stopped: 0.0046152 seconds, Stopping threads took: 0.0000196 seconds
80.692: [GC (Allocation Failure)  500173K->175472K(1035776K), 0.0040521 secs]
80.696: Total time for which application threads were stopped: 0.0042107 seconds, Stopping threads took: 0.0000185 seconds
80.764: [GC (Allocation Failure)  499056K->175280K(1036800K), 0.0046103 secs]
80.769: Total time for which application threads were stopped: 0.0047807 seconds, Stopping threads took: 0.0000193 seconds
80.836: [GC (Allocation Failure)  500400K->169133K(1026560K), 0.0015905 secs]
80.838: Total time for which application threads were stopped: 0.0017432 seconds, Stopping threads took: 0.0000219 seconds
80.908: [GC (Allocation Failure)  494253K->175432K(1036288K), 0.0039466 secs]
80.912: Total time for which application threads were stopped: 0.0041183 seconds, Stopping threads took: 0.0000262 seconds
80.980: [GC (Allocation Failure)  499528K->179400K(1035776K), 0.0046544 secs]
80.985: Total time for which application threads were stopped: 0.0048141 seconds, Stopping threads took: 0.0000203 seconds
81.054: [GC (Allocation Failure)  503496K->179464K(1036800K), 0.0040148 secs]
81.058: Total time for which application threads were stopped: 0.0041735 seconds, Stopping threads took: 0.0000198 seconds
81.126: [GC (Allocation Failure)  504584K->179560K(1025024K), 0.0039541 secs]
81.130: Total time for which application threads were stopped: 0.0041216 seconds, Stopping threads took: 0.0000200 seconds
81.199: [GC (Allocation Failure)  504680K->187498K(1035776K), 0.0040640 secs]
81.203: Total time for which application threads were stopped: 0.0042455 seconds, Stopping threads took: 0.0000199 seconds
81.271: [GC (Allocation Failure)  511082K->187466K(1035776K), 0.0038818 secs]
81.275: Total time for which application threads were stopped: 0.0040792 seconds, Stopping threads took: 0.0000213 seconds
81.344: [GC (Allocation Failure)  511050K->187786K(1034240K), 0.0041025 secs]
81.349: Total time for which application threads were stopped: 0.0042640 seconds, Stopping threads took: 0.0000196 seconds
81.417: [GC (Allocation Failure)  510346K->195500K(1035264K), 0.0040607 secs]
81.421: Total time for which application threads were stopped: 0.0042232 seconds, Stopping threads took: 0.0000202 seconds
81.488: [GC (Allocation Failure)  518060K->195532K(1035776K), 0.0038425 secs]
81.492: Total time for which application threads were stopped: 0.0040356 seconds, Stopping threads took: 0.0000194 seconds
81.561: [GC (Allocation Failure)  518604K->195564K(1035264K), 0.0039518 secs]
81.565: Total time for which application threads were stopped: 0.0041092 seconds, Stopping threads took: 0.0000170 seconds
81.633: [GC (Allocation Failure)  518636K->203535K(1034240K), 0.0040318 secs]
81.637: Total time for which application threads were stopped: 0.0042124 seconds, Stopping threads took: 0.0000201 seconds
81.703: [GC (Allocation Failure)  525071K->203567K(1034752K), 0.0040585 secs]
81.707: Total time for which application threads were stopped: 0.0042304 seconds, Stopping threads took: 0.0000202 seconds
81.774: [GC (Allocation Failure)  525103K->203759K(1034240K), 0.0040079 secs]
81.778: Total time for which application threads were stopped: 0.0041719 seconds, Stopping threads took: 0.0000203 seconds
81.847: [GC (Allocation Failure)  525295K->211569K(1034752K), 0.0040580 secs]
81.851: Total time for which application threads were stopped: 0.0042397 seconds, Stopping threads took: 0.0000198 seconds
81.920: [GC (Allocation Failure)  533105K->211569K(1034752K), 0.0040614 secs]
81.924: Total time for which application threads were stopped: 0.0042327 seconds, Stopping threads took: 0.0000199 seconds
81.989: [GC (Allocation Failure)  533105K->211721K(1021440K), 0.0041684 secs]
81.994: Total time for which application threads were stopped: 0.0043409 seconds, Stopping threads took: 0.0000202 seconds
82.063: [GC (Allocation Failure)  533257K->219627K(1034240K), 0.0041438 secs]
82.067: Total time for which application threads were stopped: 0.0043149 seconds, Stopping threads took: 0.0000199 seconds
82.135: [GC (Allocation Failure)  540139K->219595K(1034240K), 0.0039968 secs]
82.139: Total time for which application threads were stopped: 0.0041623 seconds, Stopping threads took: 0.0000204 seconds
82.207: [GC (Allocation Failure)  540107K->219651K(1034240K), 0.0041174 secs]
82.211: Total time for which application threads were stopped: 0.0042813 seconds, Stopping threads took: 0.0000204 seconds
82.279: [GC (Allocation Failure)  540163K->227621K(1034240K), 0.0043042 secs]
82.283: Total time for which application threads were stopped: 0.0044962 seconds, Stopping threads took: 0.0000207 seconds
82.352: [GC (Allocation Failure)  548133K->227621K(1034240K), 0.0041408 secs]
82.357: Total time for which application threads were stopped: 0.0043034 seconds, Stopping threads took: 0.0000201 seconds
82.424: [GC (Allocation Failure)  548133K->227941K(1020416K), 0.0042144 secs]
82.428: Total time for which application threads were stopped: 0.0043723 seconds, Stopping threads took: 0.0000198 seconds
82.497: [GC (Allocation Failure)  548453K->235688K(1033728K), 0.0043026 secs]
82.502: Total time for which application threads were stopped: 0.0044769 seconds, Stopping threads took: 0.0000167 seconds
82.568: [GC (Allocation Failure)  555176K->235688K(1033728K), 0.0040099 secs]
82.573: Total time for which application threads were stopped: 0.0041797 seconds, Stopping threads took: 0.0000205 seconds
82.638: [GC (Allocation Failure)  555176K->236168K(1033728K), 0.0041337 secs]
82.643: Total time for which application threads were stopped: 0.0043297 seconds, Stopping threads took: 0.0000201 seconds
82.709: [GC (Allocation Failure)  555656K->243690K(1033728K), 0.0041996 secs]
82.714: Total time for which application threads were stopped: 0.0043721 seconds, Stopping threads took: 0.0000199 seconds
82.783: [GC (Allocation Failure)  563178K->243722K(1033728K), 0.0041211 secs]
82.787: Total time for which application threads were stopped: 0.0043095 seconds, Stopping threads took: 0.0000193 seconds
82.854: [GC (Allocation Failure)  563210K->243914K(1033728K), 0.0041910 secs]
82.859: Total time for which application threads were stopped: 0.0043801 seconds, Stopping threads took: 0.0000207 seconds
82.928: [GC (Allocation Failure)  563402K->251724K(1033728K), 0.0040880 secs]
82.933: Total time for which application threads were stopped: 0.0042497 seconds, Stopping threads took: 0.0000268 seconds
83.000: [GC (Allocation Failure)  571212K->251756K(1033728K), 0.0064429 secs]
83.006: Total time for which application threads were stopped: 0.0066135 seconds, Stopping threads took: 0.0000200 seconds
83.073: [GC (Allocation Failure)  571244K->251876K(1032704K), 0.0042287 secs]
83.077: Total time for which application threads were stopped: 0.0044084 seconds, Stopping threads took: 0.0000227 seconds
83.146: [GC (Allocation Failure)  570340K->259750K(1033216K), 0.0040266 secs]
83.150: Total time for which application threads were stopped: 0.0041897 seconds, Stopping threads took: 0.0000201 seconds
83.216: [GC (Allocation Failure)  578214K->259750K(1033216K), 0.0040662 secs]
83.220: Total time for which application threads were stopped: 0.0042338 seconds, Stopping threads took: 0.0000197 seconds
83.285: [GC (Allocation Failure)  578214K->259814K(1033216K), 0.0043231 secs]
83.289: Total time for which application threads were stopped: 0.0044833 seconds, Stopping threads took: 0.0000202 seconds
83.357: [GC (Allocation Failure)  578278K->267817K(1033216K), 0.0042909 secs]
83.361: Total time for which application threads were stopped: 0.0044531 seconds, Stopping threads took: 0.0000196 seconds
83.429: [GC (Allocation Failure)  586281K->263494K(1033216K), 0.0028682 secs]
83.432: Total time for which application threads were stopped: 0.0030264 seconds, Stopping threads took: 0.0000179 seconds
83.497: [GC (Allocation Failure)  581958K->268017K(1034752K), 0.0043536 secs]
83.501: Total time for which application threads were stopped: 0.0045289 seconds, Stopping threads took: 0.0000203 seconds
83.570: [GC (Allocation Failure)  588529K->271953K(1033728K), 0.0042289 secs]
83.575: Total time for which application threads were stopped: 0.0044120 seconds, Stopping threads took: 0.0000209 seconds
83.642: [GC (Allocation Failure)  592465K->280102K(1028096K), 0.0079753 secs]
83.650: Total time for which application threads were stopped: 0.0081863 seconds, Stopping threads took: 0.0000266 seconds
83.715: [GC (Allocation Failure)  594470K->273993K(1031168K), 0.0041959 secs]
83.719: Total time for which application threads were stopped: 0.0043806 seconds, Stopping threads took: 0.0000214 seconds
83.787: [GC (Allocation Failure)  588361K->273833K(1032192K), 0.0040432 secs]
83.791: Total time for which application threads were stopped: 0.0042181 seconds, Stopping threads took: 0.0000206 seconds
83.859: [GC (Allocation Failure)  589737K->275433K(1031680K), 0.0042374 secs]
83.863: Total time for which application threads were stopped: 0.0044242 seconds, Stopping threads took: 0.0000168 seconds
83.932: [GC (Allocation Failure)  591337K->281995K(1032704K), 0.0041327 secs]
83.936: Total time for which application threads were stopped: 0.0043007 seconds, Stopping threads took: 0.0000287 seconds
84.004: [GC (Allocation Failure)  598923K->281867K(1032192K), 0.0043325 secs]
84.008: Total time for which application threads were stopped: 0.0044994 seconds, Stopping threads took: 0.0000191 seconds
84.072: [GC (Allocation Failure)  598795K->282123K(1032704K), 0.0042399 secs]
84.076: Total time for which application threads were stopped: 0.0044194 seconds, Stopping threads took: 0.0000196 seconds
84.143: [GC (Allocation Failure)  599563K->289997K(1032704K), 0.0065073 secs]
84.149: Total time for which application threads were stopped: 0.0066957 seconds, Stopping threads took: 0.0000190 seconds
84.218: [GC (Allocation Failure)  607437K->289901K(1033216K), 0.0042120 secs]
84.222: Total time for which application threads were stopped: 0.0043989 seconds, Stopping threads took: 0.0000179 seconds
84.290: [GC (Allocation Failure)  607853K->291909K(1032704K), 0.0044294 secs]
84.295: Total time for which application threads were stopped: 0.0046086 seconds, Stopping threads took: 0.0000253 seconds
84.363: [GC (Allocation Failure)  609861K->297959K(1033216K), 0.0041443 secs]
84.367: Total time for which application threads were stopped: 0.0043093 seconds, Stopping threads took: 0.0000198 seconds
84.435: [GC (Allocation Failure)  616423K->297927K(1033216K), 0.0041767 secs]
84.440: Total time for which application threads were stopped: 0.0043409 seconds, Stopping threads took: 0.0000199 seconds
84.504: [GC (Allocation Failure)  616391K->299623K(1033728K), 0.0044310 secs]
84.508: Total time for which application threads were stopped: 0.0045913 seconds, Stopping threads took: 0.0000194 seconds
84.576: [GC (Allocation Failure)  619111K->305962K(1033728K), 0.0043969 secs]
84.580: Total time for which application threads were stopped: 0.0045744 seconds, Stopping threads took: 0.0000205 seconds
84.649: [GC (Allocation Failure)  625450K->305962K(1033728K), 0.0040737 secs]
84.654: Total time for which application threads were stopped: 0.0042349 seconds, Stopping threads took: 0.0000171 seconds
84.719: [GC (Allocation Failure)  625450K->306890K(1033728K), 0.0042692 secs]
84.723: Total time for which application threads were stopped: 0.0044631 seconds, Stopping threads took: 0.0000204 seconds
84.793: [GC (Allocation Failure)  626378K->314028K(1033728K), 0.0042190 secs]
84.797: Total time for which application threads were stopped: 0.0043786 seconds, Stopping threads took: 0.0000174 seconds
84.864: [GC (Allocation Failure)  633516K->313996K(1033728K), 0.0040669 secs]
84.868: Total time for which application threads were stopped: 0.0042373 seconds, Stopping threads took: 0.0000206 seconds
84.934: [GC (Allocation Failure)  633484K->314060K(1033728K), 0.0041076 secs]
84.938: Total time for which application threads were stopped: 0.0043051 seconds, Stopping threads took: 0.0000255 seconds
85.007: [GC (Allocation Failure)  633548K->322062K(1033728K), 0.0042683 secs]
85.011: Total time for which application threads were stopped: 0.0044361 seconds, Stopping threads took: 0.0000196 seconds
85.077: [GC (Allocation Failure)  641550K->322062K(1033728K), 0.0044415 secs]
85.082: Total time for which application threads were stopped: 0.0046043 seconds, Stopping threads took: 0.0000205 seconds
85.147: [GC (Allocation Failure)  641550K->322278K(1033728K), 0.0044614 secs]
85.151: Total time for which application threads were stopped: 0.0046505 seconds, Stopping threads took: 0.0000255 seconds
85.218: [GC (Allocation Failure)  641766K->330089K(1033728K), 0.0042147 secs]
85.223: Total time for which application threads were stopped: 0.0043768 seconds, Stopping threads took: 0.0000203 seconds
85.289: [GC (Allocation Failure)  649577K->330025K(1033728K), 0.0056058 secs]
85.294: Total time for which application threads were stopped: 0.0057667 seconds, Stopping threads took: 0.0000198 seconds
85.360: [GC (Allocation Failure)  649513K->330537K(1033728K), 0.0043524 secs]
85.364: Total time for which application threads were stopped: 0.0045259 seconds, Stopping threads took: 0.0000228 seconds
85.433: [GC (Allocation Failure)  650025K->338091K(1033728K), 0.0043859 secs]
85.437: Total time for which application threads were stopped: 0.0045373 seconds, Stopping threads took: 0.0000174 seconds
85.503: [GC (Allocation Failure)  657579K->338091K(1033728K), 0.0043090 secs]
85.507: Total time for which application threads were stopped: 0.0044715 seconds, Stopping threads took: 0.0000202 seconds
85.572: [GC (Allocation Failure)  657579K->339819K(1033728K), 0.0045778 secs]
85.576: Total time for which application threads were stopped: 0.0047484 seconds, Stopping threads took: 0.0000204 seconds
85.646: [GC (Allocation Failure)  659307K->346125K(1033728K), 0.0042455 secs]
85.650: Total time for which application threads were stopped: 0.0044268 seconds, Stopping threads took: 0.0000215 seconds
85.717: [GC (Allocation Failure)  665613K->346125K(1033728K), 0.0042937 secs]
85.721: Total time for which application threads were stopped: 0.0044885 seconds, Stopping threads took: 0.0000204 seconds
85.788: [GC (Allocation Failure)  665613K->346989K(1033728K), 0.0044492 secs]
85.793: Total time for which application threads were stopped: 0.0045863 seconds, Stopping threads took: 0.0000167 seconds
85.862: [GC (Allocation Failure)  666477K->354191K(1033728K), 0.0042973 secs]
85.866: Total time for which application threads were stopped: 0.0044839 seconds, Stopping threads took: 0.0000273 seconds
85.933: [GC (Allocation Failure)  673679K->354191K(1033728K), 0.0042682 secs]
85.938: Total time for which application threads were stopped: 0.0044375 seconds, Stopping threads took: 0.0000281 seconds
86.003: [GC (Allocation Failure)  673679K->355239K(1033728K), 0.0045263 secs]
86.007: Total time for which application threads were stopped: 0.0047053 seconds, Stopping threads took: 0.0000274 seconds
86.076: [GC (Allocation Failure)  674727K->362186K(1033728K), 0.0042545 secs]
86.081: Total time for which application threads were stopped: 0.0044348 seconds, Stopping threads took: 0.0000198 seconds
86.147: [GC (Allocation Failure)  681674K->362186K(1033728K), 0.0043509 secs]
86.151: Total time for which application threads were stopped: 0.0045335 seconds, Stopping threads took: 0.0000201 seconds
86.216: [GC (Allocation Failure)  681674K->362442K(1033728K), 0.0043632 secs]
86.220: Total time for which application threads were stopped: 0.0045345 seconds, Stopping threads took: 0.0000199 seconds
86.288: [GC (Allocation Failure)  681930K->370188K(1033728K), 0.0044396 secs]
86.292: Total time for which application threads were stopped: 0.0046120 seconds, Stopping threads took: 0.0000202 seconds
86.358: [GC (Allocation Failure)  689676K->370188K(1033728K), 0.0045585 secs]
86.362: Total time for which application threads were stopped: 0.0047296 seconds, Stopping threads took: 0.0000204 seconds
86.428: [GC (Allocation Failure)  689676K->370668K(1033728K), 0.0045549 secs]
86.433: Total time for which application threads were stopped: 0.0047289 seconds, Stopping threads took: 0.0000199 seconds
86.500: [GC (Allocation Failure)  690156K->378254K(1033728K), 0.0043186 secs]
86.504: Total time for which application threads were stopped: 0.0044966 seconds, Stopping threads took: 0.0000206 seconds
86.570: [GC (Allocation Failure)  697742K->378254K(1033728K), 0.0043366 secs]
86.574: Total time for which application threads were stopped: 0.0045000 seconds, Stopping threads took: 0.0000201 seconds
86.639: [GC (Allocation Failure)  697742K->378894K(1033728K), 0.0044837 secs]
86.643: Total time for which application threads were stopped: 0.0046505 seconds, Stopping threads took: 0.0000194 seconds
86.711: [GC (Allocation Failure)  698382K->386320K(1027072K), 0.0047825 secs]
86.716: Total time for which application threads were stopped: 0.0049669 seconds, Stopping threads took: 0.0000200 seconds
86.783: [GC (Allocation Failure)  705808K->386320K(1033728K), 0.0043838 secs]
86.788: Total time for which application threads were stopped: 0.0045630 seconds, Stopping threads took: 0.0000194 seconds
86.854: [GC (Allocation Failure)  705296K->386632K(1033216K), 0.0042697 secs]
86.858: Total time for which application threads were stopped: 0.0044427 seconds, Stopping threads took: 0.0000206 seconds
86.926: [GC (Allocation Failure)  705608K->394347K(1033216K), 0.0045361 secs]
86.931: Total time for which application threads were stopped: 0.0047119 seconds, Stopping threads took: 0.0000203 seconds
86.997: [GC (Allocation Failure)  712811K->394315K(1033216K), 0.0052780 secs]
87.002: Total time for which application threads were stopped: 0.0054490 seconds, Stopping threads took: 0.0000203 seconds
87.068: [GC (Allocation Failure)  712779K->395339K(1033728K), 0.0062479 secs]
87.074: Total time for which application threads were stopped: 0.0064348 seconds, Stopping threads took: 0.0000212 seconds
87.141: [GC (Allocation Failure)  714315K->402381K(1033216K), 0.0044562 secs]
87.146: Total time for which application threads were stopped: 0.0046287 seconds, Stopping threads took: 0.0000228 seconds
87.213: [GC (Allocation Failure)  721357K->402381K(1033216K), 0.0045077 secs]
87.218: Total time for which application threads were stopped: 0.0046849 seconds, Stopping threads took: 0.0000217 seconds
87.282: [GC (Allocation Failure)  720845K->402573K(1033216K), 0.0045368 secs]
87.287: Total time for which application threads were stopped: 0.0046984 seconds, Stopping threads took: 0.0000203 seconds
87.356: [GC (Allocation Failure)  721037K->410383K(1033216K), 0.0044294 secs]
87.360: Total time for which application threads were stopped: 0.0045924 seconds, Stopping threads took: 0.0000197 seconds
87.427: [GC (Allocation Failure)  728847K->410415K(1033216K), 0.0043674 secs]
87.431: Total time for which application threads were stopped: 0.0045303 seconds, Stopping threads took: 0.0000202 seconds
87.496: [GC (Allocation Failure)  728879K->410823K(1033216K), 0.0044774 secs]
87.501: Total time for which application threads were stopped: 0.0046389 seconds, Stopping threads took: 0.0000198 seconds
87.568: [GC (Allocation Failure)  729287K->418441K(1033216K), 0.0042786 secs]
87.572: Total time for which application threads were stopped: 0.0044477 seconds, Stopping threads took: 0.0000198 seconds
87.641: [GC (Allocation Failure)  736905K->418409K(1033216K), 0.0042926 secs]
87.645: Total time for which application threads were stopped: 0.0044396 seconds, Stopping threads took: 0.0000174 seconds
87.710: [GC (Allocation Failure)  736873K->418529K(1033216K), 0.0046064 secs]
87.715: Total time for which application threads were stopped: 0.0047767 seconds, Stopping threads took: 0.0000200 seconds
87.781: [GC (Allocation Failure)  736993K->426436K(1033216K), 0.0071408 secs]
87.788: Total time for which application threads were stopped: 0.0073099 seconds, Stopping threads took: 0.0000200 seconds
87.854: [GC (Allocation Failure)  744900K->426436K(1033216K), 0.0044127 secs]
87.859: Total time for which application threads were stopped: 0.0045939 seconds, Stopping threads took: 0.0000200 seconds
87.927: [GC (Allocation Failure)  744900K->426500K(1033216K), 0.0045650 secs]
87.931: Total time for which application threads were stopped: 0.0047343 seconds, Stopping threads took: 0.0000289 seconds
87.996: [GC (Allocation Failure)  744964K->434470K(1033216K), 0.0043816 secs]
88.001: Total time for which application threads were stopped: 0.0045423 seconds, Stopping threads took: 0.0000206 seconds
88.066: [GC (Allocation Failure)  752934K->434502K(1033216K), 0.0042180 secs]
88.071: Total time for which application threads were stopped: 0.0043960 seconds, Stopping threads took: 0.0000199 seconds
88.137: [GC (Allocation Failure)  752966K->434734K(1033216K), 0.0046697 secs]
88.142: Total time for which application threads were stopped: 0.0048676 seconds, Stopping threads took: 0.0000210 seconds
88.209: [GC (Allocation Failure)  753198K->442544K(1033216K), 0.0044794 secs]
88.214: Total time for which application threads were stopped: 0.0046729 seconds, Stopping threads took: 0.0000194 seconds
88.280: [GC (Allocation Failure)  761008K->437166K(1033216K), 0.0024386 secs]
88.283: Total time for which application threads were stopped: 0.0025925 seconds, Stopping threads took: 0.0000201 seconds
88.348: [GC (Allocation Failure)  755630K->442736K(1034240K), 0.0044373 secs]
88.353: Total time for which application threads were stopped: 0.0046118 seconds, Stopping threads took: 0.0000208 seconds
88.421: [GC (Allocation Failure)  762736K->446632K(1033728K), 0.0048401 secs]
88.426: Total time for which application threads were stopped: 0.0050085 seconds, Stopping threads took: 0.0000199 seconds
88.492: [GC (Allocation Failure)  766632K->452742K(1029120K), 0.0071695 secs]
88.499: Total time for which application threads were stopped: 0.0073398 seconds, Stopping threads took: 0.0000275 seconds
88.566: [GC (Allocation Failure)  768134K->446728K(1031680K), 0.0045295 secs]
88.571: Total time for which application threads were stopped: 0.0046934 seconds, Stopping threads took: 0.0000201 seconds
88.638: [GC (Allocation Failure)  762120K->446664K(1032704K), 0.0045201 secs]
88.642: Total time for which application threads were stopped: 0.0047265 seconds, Stopping threads took: 0.0000202 seconds
88.707: [GC (Allocation Failure)  763592K->449224K(1032192K), 0.0048850 secs]
88.712: Total time for which application threads were stopped: 0.0050607 seconds, Stopping threads took: 0.0000205 seconds
88.781: [GC (Allocation Failure)  766152K->454731K(1033216K), 0.0045967 secs]
88.785: Total time for which application threads were stopped: 0.0047586 seconds, Stopping threads took: 0.0000196 seconds
88.852: [GC (Allocation Failure)  772683K->454731K(1032704K), 0.0045996 secs]
88.857: Total time for which application threads were stopped: 0.0047630 seconds, Stopping threads took: 0.0000200 seconds
88.922: [GC (Allocation Failure)  772683K->454891K(1033216K), 0.0043539 secs]
88.926: Total time for which application threads were stopped: 0.0045321 seconds, Stopping threads took: 0.0000279 seconds
88.993: [GC (Allocation Failure)  773355K->462765K(1033216K), 0.0047355 secs]
88.998: Total time for which application threads were stopped: 0.0049064 seconds, Stopping threads took: 0.0000200 seconds
89.064: [GC (Allocation Failure)  781229K->462733K(1033216K), 0.0046728 secs]
89.069: Total time for which application threads were stopped: 0.0048329 seconds, Stopping threads took: 0.0000193 seconds
89.135: [GC (Allocation Failure)  781197K->463149K(1033216K), 0.0046083 secs]
89.140: Total time for which application threads were stopped: 0.0048054 seconds, Stopping threads took: 0.0000195 seconds
89.206: [GC (Allocation Failure)  781613K->470799K(1033216K), 0.0045478 secs]
89.211: Total time for which application threads were stopped: 0.0047051 seconds, Stopping threads took: 0.0000168 seconds
89.276: [GC (Allocation Failure)  789263K->470735K(1033216K), 0.0058987 secs]
89.282: Total time for which application threads were stopped: 0.0060801 seconds, Stopping threads took: 0.0000205 seconds
89.347: [GC (Allocation Failure)  789199K->471367K(1032704K), 0.0047013 secs]
89.352: Total time for which application threads were stopped: 0.0048718 seconds, Stopping threads took: 0.0000196 seconds
89.420: [GC (Allocation Failure)  789831K->478761K(1033216K), 0.0044839 secs]
89.425: Total time for which application threads were stopped: 0.0046343 seconds, Stopping threads took: 0.0000174 seconds
89.493: [GC (Allocation Failure)  797225K->478793K(1033728K), 0.0044641 secs]
89.497: Total time for which application threads were stopped: 0.0046272 seconds, Stopping threads took: 0.0000198 seconds
89.564: [GC (Allocation Failure)  798281K->480649K(1033728K), 0.0049368 secs]
89.569: Total time for which application threads were stopped: 0.0051065 seconds, Stopping threads took: 0.0000225 seconds
89.637: [GC (Allocation Failure)  800137K->486860K(1033728K), 0.0047258 secs]
89.642: Total time for which application threads were stopped: 0.0049069 seconds, Stopping threads took: 0.0000201 seconds
89.709: [GC (Allocation Failure)  806348K->486828K(1033728K), 0.0046907 secs]
89.713: Total time for which application threads were stopped: 0.0048510 seconds, Stopping threads took: 0.0000200 seconds
89.778: [GC (Allocation Failure)  806316K->487852K(1033728K), 0.0046272 secs]
89.783: Total time for which application threads were stopped: 0.0048023 seconds, Stopping threads took: 0.0000193 seconds
89.851: [GC (Allocation Failure)  807340K->494894K(1033728K), 0.0045257 secs]
89.856: Total time for which application threads were stopped: 0.0047162 seconds, Stopping threads took: 0.0000215 seconds
89.925: [GC (Allocation Failure)  814382K->494894K(1033728K), 0.0045525 secs]
89.929: Total time for which application threads were stopped: 0.0047325 seconds, Stopping threads took: 0.0000169 seconds
89.996: [GC (Allocation Failure)  814382K->495014K(1033728K), 0.0046925 secs]
90.000: Total time for which application threads were stopped: 0.0048640 seconds, Stopping threads took: 0.0000207 seconds
90.068: [GC (Allocation Failure)  814502K->502920K(1033728K), 0.0044356 secs]
90.073: Total time for which application threads were stopped: 0.0046076 seconds, Stopping threads took: 0.0000197 seconds
90.140: [GC (Allocation Failure)  822408K->502888K(1033728K), 0.0047844 secs]
90.145: Total time for which application threads were stopped: 0.0049562 seconds, Stopping threads took: 0.0000194 seconds
90.210: [GC (Allocation Failure)  822376K->503272K(1033728K), 0.0046443 secs]
90.215: Total time for which application threads were stopped: 0.0048079 seconds, Stopping threads took: 0.0000203 seconds
90.283: [GC (Allocation Failure)  822760K->510986K(1033728K), 0.0046536 secs]
90.288: Total time for which application threads were stopped: 0.0048165 seconds, Stopping threads took: 0.0000210 seconds
90.354: [GC (Allocation Failure)  830474K->510922K(1033728K), 0.0066074 secs]
90.361: Total time for which application threads were stopped: 0.0067683 seconds, Stopping threads took: 0.0000193 seconds
90.427: [GC (Allocation Failure)  830410K->511498K(1033728K), 0.0047079 secs]
90.432: Total time for which application threads were stopped: 0.0048804 seconds, Stopping threads took: 0.0000199 seconds
90.500: [GC (Allocation Failure)  830986K->518989K(1032704K), 0.0043153 secs]
90.504: Total time for which application threads were stopped: 0.0044768 seconds, Stopping threads took: 0.0000205 seconds
90.571: [GC (Allocation Failure)  837453K->518957K(1033216K), 0.0047472 secs]
90.576: Total time for which application threads were stopped: 0.0049106 seconds, Stopping threads took: 0.0000201 seconds
90.645: [GC (Allocation Failure)  837421K->519213K(1032704K), 0.0047927 secs]
90.650: Total time for which application threads were stopped: 0.0049761 seconds, Stopping threads took: 0.0000205 seconds
90.718: [GC (Allocation Failure)  837677K->527023K(1033216K), 0.0046403 secs]
90.722: Total time for which application threads were stopped: 0.0048475 seconds, Stopping threads took: 0.0000205 seconds
90.788: [GC (Allocation Failure)  845487K->527023K(1033216K), 0.0047345 secs]
90.793: Total time for which application threads were stopped: 0.0049327 seconds, Stopping threads took: 0.0000214 seconds
90.859: [GC (Allocation Failure)  845487K->527975K(1033216K), 0.0047947 secs]
90.864: Total time for which application threads were stopped: 0.0049678 seconds, Stopping threads took: 0.0000197 seconds
90.932: [GC (Allocation Failure)  846439K->535049K(1033216K), 0.0045198 secs]
90.937: Total time for which application threads were stopped: 0.0047181 seconds, Stopping threads took: 0.0000265 seconds
91.005: [GC (Allocation Failure)  853513K->535017K(1033216K), 0.0067079 secs]
91.011: Total time for which application threads were stopped: 0.0068585 seconds, Stopping threads took: 0.0000180 seconds
91.077: [GC (Allocation Failure)  853481K->535177K(1033216K), 0.0046922 secs]
91.082: Total time for which application threads were stopped: 0.0048670 seconds, Stopping threads took: 0.0000194 seconds
91.149: [GC (Allocation Failure)  853641K->543051K(1033216K), 0.0046333 secs]
91.153: Total time for which application threads were stopped: 0.0048065 seconds, Stopping threads took: 0.0000205 seconds
91.221: [GC (Allocation Failure)  861515K->543083K(1033216K), 0.0045277 secs]
91.225: Total time for which application threads were stopped: 0.0046933 seconds, Stopping threads took: 0.0000201 seconds
91.289: [GC (Allocation Failure)  861547K->543403K(1033216K), 0.0045740 secs]
91.294: Total time for which application threads were stopped: 0.0047473 seconds, Stopping threads took: 0.0000206 seconds
91.361: [GC (Allocation Failure)  861867K->551118K(1033216K), 0.0048139 secs]
91.366: Total time for which application threads were stopped: 0.0049871 seconds, Stopping threads took: 0.0000199 seconds
91.432: [GC (Allocation Failure)  869582K->551054K(1033216K), 0.0045787 secs]
91.437: Total time for which application threads were stopped: 0.0047711 seconds, Stopping threads took: 0.0000196 seconds
91.505: [GC (Allocation Failure)  869518K->551622K(1033216K), 0.0047082 secs]
91.510: Total time for which application threads were stopped: 0.0048736 seconds, Stopping threads took: 0.0000169 seconds
91.577: [GC (Allocation Failure)  870086K->559144K(1033216K), 0.0048361 secs]
91.582: Total time for which application threads were stopped: 0.0050293 seconds, Stopping threads took: 0.0000202 seconds
91.649: [GC (Allocation Failure)  877608K->559112K(1033216K), 0.0046797 secs]
91.654: Total time for which application threads were stopped: 0.0048565 seconds, Stopping threads took: 0.0000253 seconds
91.719: [GC (Allocation Failure)  877576K->559368K(1033216K), 0.0048248 secs]
91.724: Total time for which application threads were stopped: 0.0050211 seconds, Stopping threads took: 0.0000201 seconds
91.793: [GC (Allocation Failure)  877832K->567178K(1033216K), 0.0047113 secs]
91.798: Total time for which application threads were stopped: 0.0048874 seconds, Stopping threads took: 0.0000202 seconds
91.863: [GC (Allocation Failure)  885642K->567146K(1033216K), 0.0048328 secs]
91.868: Total time for which application threads were stopped: 0.0049914 seconds, Stopping threads took: 0.0000201 seconds
91.933: [GC (Allocation Failure)  885610K->567210K(1033216K), 0.0046245 secs]
91.938: Total time for which application threads were stopped: 0.0047904 seconds, Stopping threads took: 0.0000258 seconds
92.004: [GC (Allocation Failure)  885674K->575213K(1033216K), 0.0046979 secs]
92.009: Total time for which application threads were stopped: 0.0048685 seconds, Stopping threads took: 0.0000277 seconds
92.076: [GC (Allocation Failure)  893677K->575181K(1033216K), 0.0047047 secs]
92.081: Total time for which application threads were stopped: 0.0048743 seconds, Stopping threads took: 0.0000210 seconds
92.145: [GC (Allocation Failure)  893645K->575333K(1033216K), 0.0049519 secs]
92.150: Total time for which application threads were stopped: 0.0051255 seconds, Stopping threads took: 0.0000196 seconds
92.217: [GC (Allocation Failure)  893797K->583207K(1033216K), 0.0047425 secs]
92.221: Total time for which application threads were stopped: 0.0049230 seconds, Stopping threads took: 0.0000197 seconds
92.289: [GC (Allocation Failure)  901671K->583239K(1033216K), 0.0048734 secs]
92.294: Total time for which application threads were stopped: 0.0050525 seconds, Stopping threads took: 0.0000217 seconds
92.361: [GC (Allocation Failure)  901703K->583551K(1033216K), 0.0073577 secs]
92.368: Total time for which application threads were stopped: 0.0075255 seconds, Stopping threads took: 0.0000197 seconds
92.438: [GC (Allocation Failure)  902015K->591233K(1033216K), 0.0046332 secs]
92.443: Total time for which application threads were stopped: 0.0048017 seconds, Stopping threads took: 0.0000283 seconds
92.510: [GC (Allocation Failure)  909697K->591201K(1033216K), 0.0049460 secs]
92.515: Total time for which application threads were stopped: 0.0051347 seconds, Stopping threads took: 0.0000193 seconds
92.579: [GC (Allocation Failure)  909665K->591529K(1033216K), 0.0048360 secs]
92.584: Total time for which application threads were stopped: 0.0049949 seconds, Stopping threads took: 0.0000195 seconds
92.651: [GC (Allocation Failure)  909993K->599275K(1033216K), 0.0046973 secs]
92.656: Total time for which application threads were stopped: 0.0048656 seconds, Stopping threads took: 0.0000198 seconds
92.720: [GC (Allocation Failure)  917739K->595369K(1033216K), 0.0036837 secs]
92.724: Total time for which application threads were stopped: 0.0038453 seconds, Stopping threads took: 0.0000200 seconds
92.791: [GC (Allocation Failure)  913833K->599435K(1034752K), 0.0050190 secs]
92.796: Total time for which application threads were stopped: 0.0052004 seconds, Stopping threads took: 0.0000205 seconds
92.865: [GC (Allocation Failure)  919947K->603403K(1033728K), 0.0048214 secs]
92.870: Total time for which application threads were stopped: 0.0049776 seconds, Stopping threads took: 0.0000193 seconds
92.937: [GC (Allocation Failure)  923915K->595593K(1034240K), 0.0054931 secs]
92.942: Total time for which application threads were stopped: 0.0056313 seconds, Stopping threads took: 0.0000282 seconds
93.010: [GC (Allocation Failure)  916105K->603467K(1034240K), 0.0048844 secs]
93.015: Total time for which application threads were stopped: 0.0050592 seconds, Stopping threads took: 0.0000197 seconds
93.083: [GC (Allocation Failure)  923979K->607515K(1034240K), 0.0064064 secs]
93.090: Total time for which application threads were stopped: 0.0065772 seconds, Stopping threads took: 0.0000172 seconds
93.157: [GC (Allocation Failure)  928027K->614249K(1034240K), 0.0078646 secs]
93.165: Total time for which application threads were stopped: 0.0080375 seconds, Stopping threads took: 0.0000200 seconds
93.233: [GC (Allocation Failure)  934761K->608203K(1029120K), 0.0048010 secs]
93.237: Total time for which application threads were stopped: 0.0049673 seconds, Stopping threads took: 0.0000201 seconds
93.305: [GC (Allocation Failure)  923595K->608011K(1031680K), 0.0045498 secs]
93.309: Total time for which application threads were stopped: 0.0047132 seconds, Stopping threads took: 0.0000200 seconds
93.374: [GC (Allocation Failure)  923403K->602633K(1032704K), 0.0035542 secs]
93.377: Total time for which application threads were stopped: 0.0037148 seconds, Stopping threads took: 0.0000244 seconds
93.445: [GC (Allocation Failure)  919561K->608171K(1032192K), 0.0045660 secs]
93.450: Total time for which application threads were stopped: 0.0047475 seconds, Stopping threads took: 0.0000261 seconds
93.517: [GC (Allocation Failure)  925099K->607979K(1033216K), 0.0047923 secs]
93.521: Total time for which application threads were stopped: 0.0049631 seconds, Stopping threads took: 0.0000198 seconds
93.586: [GC (Allocation Failure)  925931K->611403K(1032704K), 0.0054017 secs]
93.592: Total time for which application threads were stopped: 0.0055734 seconds, Stopping threads took: 0.0000196 seconds
93.659: [GC (Allocation Failure)  929355K->616142K(1033728K), 0.0049352 secs]
93.664: Total time for which application threads were stopped: 0.0050888 seconds, Stopping threads took: 0.0000169 seconds
93.732: [GC (Allocation Failure)  935118K->615982K(1033216K), 0.0055032 secs]
93.738: Total time for which application threads were stopped: 0.0056928 seconds, Stopping threads took: 0.0000203 seconds
93.803: [GC (Allocation Failure)  934958K->620134K(1034240K), 0.0058607 secs]
93.809: Total time for which application threads were stopped: 0.0060396 seconds, Stopping threads took: 0.0000216 seconds
93.877: [GC (Allocation Failure)  940134K->624136K(1033728K), 0.0048049 secs]
93.882: Total time for which application threads were stopped: 0.0049870 seconds, Stopping threads took: 0.0000199 seconds
93.951: [GC (Allocation Failure)  944136K->624040K(1034752K), 0.0048265 secs]
93.956: Total time for which application threads were stopped: 0.0049753 seconds, Stopping threads took: 0.0000166 seconds
94.024: [GC (Allocation Failure)  945064K->625832K(1034240K), 0.0049722 secs]
94.029: Total time for which application threads were stopped: 0.0051437 seconds, Stopping threads took: 0.0000206 seconds
94.095: [GC (Allocation Failure)  946856K->632106K(1034752K), 0.0049249 secs]
94.100: Total time for which application threads were stopped: 0.0050854 seconds, Stopping threads took: 0.0000197 seconds
94.166: [GC (Allocation Failure)  953130K->632074K(1034240K), 0.0047925 secs]
94.170: Total time for which application threads were stopped: 0.0049508 seconds, Stopping threads took: 0.0000196 seconds
94.235: [GC (Allocation Failure)  953098K->633546K(1033728K), 0.0049527 secs]
94.240: Total time for which application threads were stopped: 0.0051153 seconds, Stopping threads took: 0.0000201 seconds
94.307: [GC (Allocation Failure)  954058K->640140K(1034240K), 0.0046347 secs]
94.312: Total time for which application threads were stopped: 0.0048379 seconds, Stopping threads took: 0.0000196 seconds
94.382: [GC (Allocation Failure)  960652K->640108K(1034752K), 0.0066170 secs]
94.389: Total time for which application threads were stopped: 0.0068180 seconds, Stopping threads took: 0.0000183 seconds
94.455: [GC (Allocation Failure)  961644K->640740K(1021952K), 0.0048744 secs]
94.460: Total time for which application threads were stopped: 0.0050739 seconds, Stopping threads took: 0.0000269 seconds
94.528: [GC (Allocation Failure)  962276K->648199K(1034240K), 0.0046927 secs]
94.533: Total time for which application threads were stopped: 0.0048427 seconds, Stopping threads took: 0.0000167 seconds
94.601: [GC (Allocation Failure)  968711K->648135K(1034240K), 0.0049372 secs]
94.606: Total time for which application threads were stopped: 0.0051016 seconds, Stopping threads took: 0.0000198 seconds
94.673: [GC (Allocation Failure)  968647K->652039K(1034752K), 0.0056524 secs]
94.679: Total time for which application threads were stopped: 0.0058177 seconds, Stopping threads took: 0.0000200 seconds
94.746: [GC (Allocation Failure)  973063K->656297K(1034240K), 0.0047839 secs]
94.751: Total time for which application threads were stopped: 0.0049502 seconds, Stopping threads took: 0.0000208 seconds
94.819: [GC (Allocation Failure)  977321K->656201K(1034752K), 0.0049617 secs]
94.824: Total time for which application threads were stopped: 0.0051322 seconds, Stopping threads took: 0.0000206 seconds
94.891: [GC (Allocation Failure)  977737K->660297K(1034752K), 0.0058563 secs]
94.897: Total time for which application threads were stopped: 0.0060161 seconds, Stopping threads took: 0.0000194 seconds
94.964: [GC (Allocation Failure)  981833K->664267K(1035264K), 0.0047398 secs]
94.969: Total time for which application threads were stopped: 0.0049221 seconds, Stopping threads took: 0.0000260 seconds
95.038: [GC (Allocation Failure)  986827K->664203K(1035264K), 0.0049363 secs]
95.043: Total time for which application threads were stopped: 0.0051141 seconds, Stopping threads took: 0.0000198 seconds
95.110: [GC (Allocation Failure)  986763K->667499K(1035264K), 0.0057320 secs]
95.116: Total time for which application threads were stopped: 0.0059041 seconds, Stopping threads took: 0.0000197 seconds
95.186: [GC (Allocation Failure)  990059K->672237K(1035264K), 0.0047702 secs]
95.191: Total time for which application threads were stopped: 0.0049464 seconds, Stopping threads took: 0.0000354 seconds
95.258: [GC (Allocation Failure)  994797K->672237K(1035264K), 0.0066327 secs]
95.265: Total time for which application threads were stopped: 0.0068067 seconds, Stopping threads took: 0.0000200 seconds
95.333: [GC (Allocation Failure)  994797K->675749K(1035264K), 0.0056787 secs]
95.338: Total time for which application threads were stopped: 0.0058498 seconds, Stopping threads took: 0.0000206 seconds
95.406: [GC (Allocation Failure)  998309K->680264K(1035264K), 0.0048249 secs]
95.411: Total time for which application threads were stopped: 0.0049723 seconds, Stopping threads took: 0.0000174 seconds
95.481: [GC (Allocation Failure)  1002824K->680264K(1035264K), 0.0048638 secs]
95.486: Total time for which application threads were stopped: 0.0050419 seconds, Stopping threads took: 0.0000167 seconds
95.552: [GC (Allocation Failure)  1002824K->683944K(1035776K), 0.0057855 secs]
95.558: Total time for which application threads were stopped: 0.0059663 seconds, Stopping threads took: 0.0000200 seconds
95.627: [GC (Allocation Failure)  1007016K->688362K(1035264K), 0.0048262 secs]
95.632: Total time for which application threads were stopped: 0.0049974 seconds, Stopping threads took: 0.0000198 seconds
95.699: [GC (Allocation Failure)  1011434K->688298K(1035776K), 0.0047567 secs]
95.703: Total time for which application threads were stopped: 0.0049256 seconds, Stopping threads took: 0.0000207 seconds
95.771: [GC (Allocation Failure)  1011882K->690154K(1025024K), 0.0050706 secs]
95.776: [Full GC (Ergonomics)  690154K->10311K(1025024K), 0.0157921 secs]
95.792: Total time for which application threads were stopped: 0.0211961 seconds, Stopping threads took: 0.0000195 seconds
95.861: [GC (Allocation Failure)  333895K->18697K(1035264K), 0.0037599 secs]
95.865: Total time for which application threads were stopped: 0.0039292 seconds, Stopping threads took: 0.0000281 seconds
95.935: [GC (Allocation Failure)  341257K->18609K(1035264K), 0.0034726 secs]
95.939: Total time for which application threads were stopped: 0.0036403 seconds, Stopping threads took: 0.0000274 seconds
96.005: [GC (Allocation Failure)  341169K->13679K(1035264K), 0.0018007 secs]
96.007: Total time for which application threads were stopped: 0.0019420 seconds, Stopping threads took: 0.0000191 seconds
96.074: [GC (Allocation Failure)  336239K->18673K(1035264K), 0.0039430 secs]
96.078: Total time for which application threads were stopped: 0.0041083 seconds, Stopping threads took: 0.0000199 seconds
96.146: [GC (Allocation Failure)  341233K->18673K(1035264K), 0.0035303 secs]
96.149: Total time for which application threads were stopped: 0.0037087 seconds, Stopping threads took: 0.0000311 seconds
96.217: [GC (Allocation Failure)  341233K->17967K(1035264K), 0.0034211 secs]
96.220: Total time for which application threads were stopped: 0.0036216 seconds, Stopping threads took: 0.0000268 seconds
96.289: [GC (Allocation Failure)  340527K->18897K(1035776K), 0.0038871 secs]
96.293: Total time for which application threads were stopped: 0.0040357 seconds, Stopping threads took: 0.0000177 seconds
96.361: [GC (Allocation Failure)  342481K->18641K(1035776K), 0.0035499 secs]
96.364: Total time for which application threads were stopped: 0.0037196 seconds, Stopping threads took: 0.0000199 seconds
96.431: [GC (Allocation Failure)  342225K->24263K(1031680K), 0.0063479 secs]
96.438: Total time for which application threads were stopped: 0.0065199 seconds, Stopping threads took: 0.0000254 seconds
96.504: [GC (Allocation Failure)  343751K->19753K(1033728K), 0.0037835 secs]
96.508: Total time for which application threads were stopped: 0.0039622 seconds, Stopping threads took: 0.0000196 seconds
96.575: [GC (Allocation Failure)  339241K->19561K(1034752K), 0.0043281 secs]
96.579: Total time for which application threads were stopped: 0.0045004 seconds, Stopping threads took: 0.0000193 seconds
96.645: [GC (Allocation Failure)  340585K->21831K(1034240K), 0.0047175 secs]
96.650: Total time for which application threads were stopped: 0.0048835 seconds, Stopping threads took: 0.0000197 seconds
96.718: [GC (Allocation Failure)  342855K->19689K(1034752K), 0.0036509 secs]
96.721: Total time for which application threads were stopped: 0.0038115 seconds, Stopping threads took: 0.0000201 seconds
96.788: [GC (Allocation Failure)  340713K->19529K(1034240K), 0.0037644 secs]
96.792: Total time for which application threads were stopped: 0.0039266 seconds, Stopping threads took: 0.0000203 seconds
96.859: [GC (Allocation Failure)  340553K->21479K(1035264K), 0.0043877 secs]
96.864: Total time for which application threads were stopped: 0.0045660 seconds, Stopping threads took: 0.0000204 seconds
96.933: [GC (Allocation Failure)  344039K->19657K(1035264K), 0.0036166 secs]
96.937: Total time for which application threads were stopped: 0.0037839 seconds, Stopping threads took: 0.0000278 seconds
97.005: [GC (Allocation Failure)  342217K->19529K(1036288K), 0.0035349 secs]
97.009: Total time for which application threads were stopped: 0.0037008 seconds, Stopping threads took: 0.0000194 seconds
97.077: [GC (Allocation Failure)  343625K->27319K(1035776K), 0.0073859 secs]
97.084: Total time for which application threads were stopped: 0.0075514 seconds, Stopping threads took: 0.0000194 seconds
97.153: [GC (Allocation Failure)  351415K->23129K(1032704K), 0.0039558 secs]
97.157: Total time for which application threads were stopped: 0.0041200 seconds, Stopping threads took: 0.0000208 seconds
97.223: [GC (Allocation Failure)  343641K->23065K(1034240K), 0.0044608 secs]
97.227: Total time for which application threads were stopped: 0.0046318 seconds, Stopping threads took: 0.0000203 seconds
97.296: [GC (Allocation Failure)  343577K->16279K(1033216K), 0.0009529 secs]
97.297: Total time for which application threads were stopped: 0.0010786 seconds, Stopping threads took: 0.0000210 seconds
97.363: [GC (Allocation Failure)  335767K->23361K(1033728K), 0.0058169 secs]
97.369: Total time for which application threads were stopped: 0.0059808 seconds, Stopping threads took: 0.0000193 seconds
97.437: [GC (Allocation Failure)  342849K->27241K(1034752K), 0.0044705 secs]
97.442: Total time for which application threads were stopped: 0.0046326 seconds, Stopping threads took: 0.0000195 seconds
97.508: [GC (Allocation Failure)  348265K->33375K(1034240K), 0.0064009 secs]
97.514: Total time for which application threads were stopped: 0.0065746 seconds, Stopping threads took: 0.0000202 seconds
97.582: [GC (Allocation Failure)  354399K->27809K(1033216K), 0.0037350 secs]
97.586: Total time for which application threads were stopped: 0.0039582 seconds, Stopping threads took: 0.0000264 seconds
97.655: [GC (Allocation Failure)  347297K->27649K(1033728K), 0.0037833 secs]
97.659: Total time for which application threads were stopped: 0.0039425 seconds, Stopping threads took: 0.0000170 seconds
97.725: [GC (Allocation Failure)  347137K->30463K(1033216K), 0.0048442 secs]
97.730: Total time for which application threads were stopped: 0.0050064 seconds, Stopping threads took: 0.0000194 seconds
97.798: [GC (Allocation Failure)  349951K->27713K(1033728K), 0.0036687 secs]
97.802: Total time for which application threads were stopped: 0.0038569 seconds, Stopping threads took: 0.0000279 seconds
97.870: [GC (Allocation Failure)  347201K->27649K(1034752K), 0.0036287 secs]
97.873: Total time for which application threads were stopped: 0.0038252 seconds, Stopping threads took: 0.0000198 seconds
97.941: [GC (Allocation Failure)  348673K->27039K(1034240K), 0.0034537 secs]
97.945: Total time for which application threads were stopped: 0.0036193 seconds, Stopping threads took: 0.0000275 seconds
98.012: [GC (Allocation Failure)  348063K->27713K(1035264K), 0.0037917 secs]
98.016: Total time for which application threads were stopped: 0.0039952 seconds, Stopping threads took: 0.0000286 seconds
98.086: [GC (Allocation Failure)  350273K->27649K(1035264K), 0.0038334 secs]
98.090: Total time for which application threads were stopped: 0.0039970 seconds, Stopping threads took: 0.0000199 seconds
98.156: [GC (Allocation Failure)  350209K->29791K(1035776K), 0.0046452 secs]
98.161: Total time for which application threads were stopped: 0.0048222 seconds, Stopping threads took: 0.0000221 seconds
98.230: [GC (Allocation Failure)  353375K->27617K(1035776K), 0.0036000 secs]
98.233: Total time for which application threads were stopped: 0.0037814 seconds, Stopping threads took: 0.0000205 seconds
98.300: [GC (Allocation Failure)  351201K->27585K(1036288K), 0.0037199 secs]
98.303: Total time for which application threads were stopped: 0.0038912 seconds, Stopping threads took: 0.0000206 seconds
98.370: [GC (Allocation Failure)  351681K->21311K(1025536K), 0.0010743 secs]
98.371: Total time for which application threads were stopped: 0.0011986 seconds, Stopping threads took: 0.0000200 seconds
98.442: [GC (Allocation Failure)  345407K->27873K(1035776K), 0.0039765 secs]
98.446: Total time for which application threads were stopped: 0.0041527 seconds, Stopping threads took: 0.0000268 seconds
98.514: [GC (Allocation Failure)  350945K->31761K(1035264K), 0.0043158 secs]
98.519: Total time for which application threads were stopped: 0.0044890 seconds, Stopping threads took: 0.0000201 seconds
98.586: [GC (Allocation Failure)  354833K->31761K(1036288K), 0.0035258 secs]
98.589: Total time for which application threads were stopped: 0.0037224 seconds, Stopping threads took: 0.0000207 seconds
98.657: [GC (Allocation Failure)  356369K->31977K(1024512K), 0.0037163 secs]
98.661: Total time for which application threads were stopped: 0.0038705 seconds, Stopping threads took: 0.0000172 seconds
98.729: [GC (Allocation Failure)  356585K->39819K(1035776K), 0.0037207 secs]
98.733: Total time for which application threads were stopped: 0.0039460 seconds, Stopping threads took: 0.0000203 seconds
98.802: [GC (Allocation Failure)  363403K->39787K(1035776K), 0.0036849 secs]
98.806: Total time for which application threads were stopped: 0.0038517 seconds, Stopping threads took: 0.0000191 seconds
98.873: [GC (Allocation Failure)  363371K->39947K(1034752K), 0.0036146 secs]
98.877: Total time for which application threads were stopped: 0.0037875 seconds, Stopping threads took: 0.0000195 seconds
98.947: [GC (Allocation Failure)  362507K->47790K(1035264K), 0.0036285 secs]
98.951: Total time for which application threads were stopped: 0.0038405 seconds, Stopping threads took: 0.0000210 seconds
99.020: [GC (Allocation Failure)  370350K->47854K(1035264K), 0.0037148 secs]
99.024: Total time for which application threads were stopped: 0.0038792 seconds, Stopping threads took: 0.0000168 seconds
99.092: [GC (Allocation Failure)  370414K->48166K(1022464K), 0.0038657 secs]
99.096: Total time for which application threads were stopped: 0.0040516 seconds, Stopping threads took: 0.0000200 seconds
99.166: [GC (Allocation Failure)  370726K->55880K(1034752K), 0.0036594 secs]
99.170: Total time for which application threads were stopped: 0.0038238 seconds, Stopping threads took: 0.0000191 seconds
99.238: [GC (Allocation Failure)  377416K->55880K(1034752K), 0.0036345 secs]
99.241: Total time for which application threads were stopped: 0.0038071 seconds, Stopping threads took: 0.0000194 seconds
99.308: [GC (Allocation Failure)  377416K->55912K(1034240K), 0.0038393 secs]
99.312: Total time for which application threads were stopped: 0.0040003 seconds, Stopping threads took: 0.0000199 seconds
99.380: [GC (Allocation Failure)  377448K->63882K(1034752K), 0.0044536 secs]
99.384: Total time for which application threads were stopped: 0.0046048 seconds, Stopping threads took: 0.0000247 seconds
99.451: [GC (Allocation Failure)  385418K->63882K(1034752K), 0.0037899 secs]
99.455: Total time for which application threads were stopped: 0.0039567 seconds, Stopping threads took: 0.0000283 seconds
99.519: [GC (Allocation Failure)  385418K->64130K(1021440K), 0.0039779 secs]
99.524: Total time for which application threads were stopped: 0.0041716 seconds, Stopping threads took: 0.0000197 seconds
99.591: [GC (Allocation Failure)  385666K->71908K(1034240K), 0.0037520 secs]
99.595: Total time for which application threads were stopped: 0.0039010 seconds, Stopping threads took: 0.0000177 seconds
99.664: [GC (Allocation Failure)  392420K->71908K(1034240K), 0.0037037 secs]
99.668: Total time for which application threads were stopped: 0.0038645 seconds, Stopping threads took: 0.0000201 seconds
99.735: [GC (Allocation Failure)  392420K->71972K(1034240K), 0.0038215 secs]
99.739: Total time for which application threads were stopped: 0.0040151 seconds, Stopping threads took: 0.0000202 seconds
99.808: [GC (Allocation Failure)  392484K->79975K(1034240K), 0.0037757 secs]
99.812: Total time for which application threads were stopped: 0.0039715 seconds, Stopping threads took: 0.0000196 seconds
99.881: [GC (Allocation Failure)  400487K->79943K(1034240K), 0.0037318 secs]
99.885: Total time for which application threads were stopped: 0.0038814 seconds, Stopping threads took: 0.0000173 seconds
99.951: [GC (Allocation Failure)  400455K->80103K(1020416K), 0.0040474 secs]
99.956: Total time for which application threads were stopped: 0.0042173 seconds, Stopping threads took: 0.0000199 seconds
100.023: [GC (Allocation Failure)  400615K->87977K(1033728K), 0.0039569 secs]
100.027: Total time for which application threads were stopped: 0.0041140 seconds, Stopping threads took: 0.0000193 seconds
100.094: [GC (Allocation Failure)  407465K->87977K(1033728K), 0.0049422 secs]
100.099: Total time for which application threads were stopped: 0.0051247 seconds, Stopping threads took: 0.0000203 seconds
100.166: [GC (Allocation Failure)  407465K->88329K(1033728K), 0.0038333 secs]
100.170: Total time for which application threads were stopped: 0.0040165 seconds, Stopping threads took: 0.0000219 seconds
100.237: [GC (Allocation Failure)  407817K->96011K(1033728K), 0.0037291 secs]
100.241: Total time for which application threads were stopped: 0.0039191 seconds, Stopping threads took: 0.0000190 seconds
100.309: [GC (Allocation Failure)  415499K->96011K(1033728K), 0.0037116 secs]
100.313: Total time for which application threads were stopped: 0.0038744 seconds, Stopping threads took: 0.0000193 seconds
100.379: [GC (Allocation Failure)  415499K->96035K(1033728K), 0.0047850 secs]
100.384: Total time for which application threads were stopped: 0.0049988 seconds, Stopping threads took: 0.0000255 seconds
100.452: [GC (Allocation Failure)  415523K->104037K(1032704K), 0.0036608 secs]
100.456: Total time for which application threads were stopped: 0.0038239 seconds, Stopping threads took: 0.0000205 seconds
100.524: [GC (Allocation Failure)  422501K->104069K(1033216K), 0.0037286 secs]
100.528: Total time for which application threads were stopped: 0.0038905 seconds, Stopping threads took: 0.0000201 seconds
100.592: [GC (Allocation Failure)  422533K->104293K(1033216K), 0.0039764 secs]
100.596: Total time for which application threads were stopped: 0.0041416 seconds, Stopping threads took: 0.0000203 seconds
100.662: [GC (Allocation Failure)  422757K->112072K(1033216K), 0.0040170 secs]
100.666: Total time for which application threads were stopped: 0.0042023 seconds, Stopping threads took: 0.0000208 seconds
100.731: [GC (Allocation Failure)  430536K->108165K(1034240K), 0.0025141 secs]
100.733: Total time for which application threads were stopped: 0.0026698 seconds, Stopping threads took: 0.0000200 seconds
100.802: [GC (Allocation Failure)  427653K->112240K(1033216K), 0.0039982 secs]
100.806: Total time for which application threads were stopped: 0.0041691 seconds, Stopping threads took: 0.0000206 seconds
100.873: [GC (Allocation Failure)  431728K->116208K(1034752K), 0.0038014 secs]
100.877: Total time for which application threads were stopped: 0.0039602 seconds, Stopping threads took: 0.0000195 seconds
100.945: [GC (Allocation Failure)  437744K->109389K(1034752K), 0.0011060 secs]
100.946: Total time for which application threads were stopped: 0.0012474 seconds, Stopping threads took: 0.0000202 seconds
101.013: [GC (Allocation Failure)  430925K->116280K(1034752K), 0.0038798 secs]
101.017: Total time for which application threads were stopped: 0.0040614 seconds, Stopping threads took: 0.0000262 seconds
101.083: [GC (Allocation Failure)  437816K->120360K(1034752K), 0.0048583 secs]
101.088: Total time for which application threads were stopped: 0.0050539 seconds, Stopping threads took: 0.0000216 seconds
101.155: [GC (Allocation Failure)  441896K->114821K(1034752K), 0.0016784 secs]
101.157: Total time for which application threads were stopped: 0.0018264 seconds, Stopping threads took: 0.0000268 seconds
101.225: [GC (Allocation Failure)  436357K->120632K(1034752K), 0.0040864 secs]
101.229: Total time for which application threads were stopped: 0.0042686 seconds, Stopping threads took: 0.0000212 seconds
101.296: [GC (Allocation Failure)  442168K->124536K(1035264K), 0.0042004 secs]
101.301: Total time for which application threads were stopped: 0.0044031 seconds, Stopping threads took: 0.0000288 seconds
101.369: [GC (Allocation Failure)  447024K->120565K(1035264K), 0.0026148 secs]
101.371: Total time for which application threads were stopped: 0.0027711 seconds, Stopping threads took: 0.0000195 seconds
101.442: [GC (Allocation Failure)  443125K->124656K(1036288K), 0.0041418 secs]
101.446: Total time for which application threads were stopped: 0.0042914 seconds, Stopping threads took: 0.0000196 seconds
101.516: [GC (Allocation Failure)  448752K->128656K(1035776K), 0.0040364 secs]
101.520: Total time for which application threads were stopped: 0.0042040 seconds, Stopping threads took: 0.0000174 seconds
101.590: [GC (Allocation Failure)  452752K->128624K(1035776K), 0.0037863 secs]
101.593: Total time for which application threads were stopped: 0.0039577 seconds, Stopping threads took: 0.0000203 seconds
101.661: [GC (Allocation Failure)  452208K->128680K(1023488K), 0.0037979 secs]
101.665: Total time for which application threads were stopped: 0.0039666 seconds, Stopping threads took: 0.0000206 seconds
101.731: [GC (Allocation Failure)  452264K->136682K(1035264K), 0.0039356 secs]
101.735: Total time for which application threads were stopped: 0.0041297 seconds, Stopping threads took: 0.0000196 seconds
101.805: [GC (Allocation Failure)  459242K->136650K(1030144K), 0.0037612 secs]
101.809: Total time for which application threads were stopped: 0.0039244 seconds, Stopping threads took: 0.0000196 seconds
101.876: [GC (Allocation Failure)  459210K->136682K(1034752K), 0.0040222 secs]
101.880: Total time for which application threads were stopped: 0.0041953 seconds, Stopping threads took: 0.0000200 seconds
101.950: [GC (Allocation Failure)  458218K->144716K(1029120K), 0.0041028 secs]
101.954: Total time for which application threads were stopped: 0.0042830 seconds, Stopping threads took: 0.0000251 seconds
102.024: [GC (Allocation Failure)  466252K->144684K(1034240K), 0.0037448 secs]
102.028: Total time for which application threads were stopped: 0.0039270 seconds, Stopping threads took: 0.0000198 seconds
102.097: [GC (Allocation Failure)  465196K->144940K(1034240K), 0.0039976 secs]
102.101: Total time for which application threads were stopped: 0.0041688 seconds, Stopping threads took: 0.0000210 seconds
102.169: [GC (Allocation Failure)  465452K->152718K(1034240K), 0.0038027 secs]
102.173: Total time for which application threads were stopped: 0.0039771 seconds, Stopping threads took: 0.0000206 seconds
102.242: [GC (Allocation Failure)  473230K->152718K(1034240K), 0.0039560 secs]
102.246: Total time for which application threads were stopped: 0.0041337 seconds, Stopping threads took: 0.0000216 seconds
102.313: [GC (Allocation Failure)  473230K->153158K(1033216K), 0.0039843 secs]
102.317: Total time for which application threads were stopped: 0.0041562 seconds, Stopping threads took: 0.0000205 seconds
102.385: [GC (Allocation Failure)  472646K->160713K(1033728K), 0.0045314 secs]
102.389: Total time for which application threads were stopped: 0.0047409 seconds, Stopping threads took: 0.0000278 seconds
102.458: [GC (Allocation Failure)  480201K->160713K(1033728K), 0.0039151 secs]
102.462: Total time for which application threads were stopped: 0.0040816 seconds, Stopping threads took: 0.0000252 seconds
102.527: [GC (Allocation Failure)  480201K->160905K(1033728K), 0.0040143 secs]
102.531: Total time for which application threads were stopped: 0.0042139 seconds, Stopping threads took: 0.0000202 seconds
102.600: [GC (Allocation Failure)  480393K->168779K(1033728K), 0.0037767 secs]
102.604: Total time for which application threads were stopped: 0.0039486 seconds, Stopping threads took: 0.0000199 seconds
102.671: [GC (Allocation Failure)  488267K->168779K(1033728K), 0.0040066 secs]
102.675: Total time for which application threads were stopped: 0.0041850 seconds, Stopping threads took: 0.0000196 seconds
102.742: [GC (Allocation Failure)  488267K->168843K(1033728K), 0.0040641 secs]
102.746: Total time for which application threads were stopped: 0.0042443 seconds, Stopping threads took: 0.0000345 seconds
102.813: [GC (Allocation Failure)  488331K->176813K(1027072K), 0.0041917 secs]
102.817: Total time for which application threads were stopped: 0.0043664 seconds, Stopping threads took: 0.0000202 seconds
102.884: [GC (Allocation Failure)  496301K->172907K(1034240K), 0.0029195 secs]
102.887: Total time for which application threads were stopped: 0.0030781 seconds, Stopping threads took: 0.0000207 seconds
102.956: [GC (Allocation Failure)  492395K->176973K(1033216K), 0.0038816 secs]
102.960: Total time for which application threads were stopped: 0.0040432 seconds, Stopping threads took: 0.0000264 seconds
103.027: [GC (Allocation Failure)  496461K->180941K(1034752K), 0.0039965 secs]
103.031: Total time for which application threads were stopped: 0.0041668 seconds, Stopping threads took: 0.0000197 seconds
103.098: [GC (Allocation Failure)  502477K->174123K(1034752K), 0.0013970 secs]
103.100: Total time for which application threads were stopped: 0.0015209 seconds, Stopping threads took: 0.0000206 seconds
103.168: [GC (Allocation Failure)  495659K->181005K(1034752K), 0.0039087 secs]
103.172: Total time for which application threads were stopped: 0.0040775 seconds, Stopping threads took: 0.0000198 seconds
103.238: [GC (Allocation Failure)  502541K->185109K(1034752K), 0.0049937 secs]
103.243: Total time for which application threads were stopped: 0.0051653 seconds, Stopping threads took: 0.0000201 seconds
103.308: [GC (Allocation Failure)  506645K->179539K(1034752K), 0.0019336 secs]
103.310: Total time for which application threads were stopped: 0.0020657 seconds, Stopping threads took: 0.0000206 seconds
103.380: [GC (Allocation Failure)  501075K->185341K(1034752K), 0.0046195 secs]
103.385: Total time for which application threads were stopped: 0.0047710 seconds, Stopping threads took: 0.0000137 seconds
103.453: [GC (Allocation Failure)  506877K->189213K(1034752K), 0.0041332 secs]
103.457: Total time for which application threads were stopped: 0.0043354 seconds, Stopping threads took: 0.0000265 seconds
103.526: [GC (Allocation Failure)  511702K->185307K(1035264K), 0.0027945 secs]
103.529: Total time for which application threads were stopped: 0.0029501 seconds, Stopping threads took: 0.0000252 seconds
103.598: [GC (Allocation Failure)  507867K->189373K(1036288K), 0.0040076 secs]
103.602: Total time for which application threads were stopped: 0.0041996 seconds, Stopping threads took: 0.0000199 seconds
103.670: [GC (Allocation Failure)  513469K->193341K(1035776K), 0.0039596 secs]
103.674: Total time for which application threads were stopped: 0.0041800 seconds, Stopping threads took: 0.0000179 seconds
103.744: [GC (Allocation Failure)  517437K->193341K(1035776K), 0.0039195 secs]
103.748: Total time for which application threads were stopped: 0.0040867 seconds, Stopping threads took: 0.0000219 seconds
103.815: [GC (Allocation Failure)  516925K->193413K(1023488K), 0.0041490 secs]
103.820: Total time for which application threads were stopped: 0.0043201 seconds, Stopping threads took: 0.0000199 seconds
103.886: [GC (Allocation Failure)  516997K->201383K(1035264K), 0.0040640 secs]
103.890: Total time for which application threads were stopped: 0.0042418 seconds, Stopping threads took: 0.0000248 seconds
103.960: [GC (Allocation Failure)  523943K->201415K(1030144K), 0.0038702 secs]
103.964: Total time for which application threads were stopped: 0.0040405 seconds, Stopping threads took: 0.0000202 seconds
104.031: [GC (Allocation Failure)  523975K->201447K(1034752K), 0.0038939 secs]
104.035: Total time for which application threads were stopped: 0.0040541 seconds, Stopping threads took: 0.0000195 seconds
104.102: [GC (Allocation Failure)  522983K->209450K(1029120K), 0.0040569 secs]
104.106: Total time for which application threads were stopped: 0.0042540 seconds, Stopping threads took: 0.0000207 seconds
104.177: [GC (Allocation Failure)  530986K->209418K(1034240K), 0.0038001 secs]
104.180: Total time for which application threads were stopped: 0.0039590 seconds, Stopping threads took: 0.0000170 seconds
104.247: [GC (Allocation Failure)  529930K->209642K(1034240K), 0.0040827 secs]
104.252: Total time for which application threads were stopped: 0.0042540 seconds, Stopping threads took: 0.0000199 seconds
104.321: [GC (Allocation Failure)  530154K->217452K(1034240K), 0.0040019 secs]
104.325: Total time for which application threads were stopped: 0.0041835 seconds, Stopping threads took: 0.0000203 seconds
104.393: [GC (Allocation Failure)  537964K->217452K(1034240K), 0.0040534 secs]
104.397: Total time for which application threads were stopped: 0.0042439 seconds, Stopping threads took: 0.0000261 seconds
104.466: [GC (Allocation Failure)  537964K->217860K(1033216K), 0.0043151 secs]
104.470: Total time for which application threads were stopped: 0.0044663 seconds, Stopping threads took: 0.0000172 seconds
104.538: [GC (Allocation Failure)  537348K->225478K(1033728K), 0.0041749 secs]
104.542: Total time for which application threads were stopped: 0.0043757 seconds, Stopping threads took: 0.0000196 seconds
104.612: [GC (Allocation Failure)  544966K->225478K(1033728K), 0.0038554 secs]
104.616: Total time for which application threads were stopped: 0.0040072 seconds, Stopping threads took: 0.0000172 seconds
104.681: [GC (Allocation Failure)  544966K->225606K(1033728K), 0.0041314 secs]
104.685: Total time for which application threads were stopped: 0.0042925 seconds, Stopping threads took: 0.0000192 seconds
104.753: [GC (Allocation Failure)  545094K->233513K(1033728K), 0.0040377 secs]
104.757: Total time for which application threads were stopped: 0.0042146 seconds, Stopping threads took: 0.0000201 seconds
104.826: [GC (Allocation Failure)  553001K->233513K(1033728K), 0.0040959 secs]
104.830: Total time for which application threads were stopped: 0.0042638 seconds, Stopping threads took: 0.0000201 seconds
104.896: [GC (Allocation Failure)  553001K->233577K(1033728K), 0.0041556 secs]
104.901: Total time for which application threads were stopped: 0.0043394 seconds, Stopping threads took: 0.0000216 seconds
104.968: [GC (Allocation Failure)  553065K->241547K(1027072K), 0.0042694 secs]
104.972: Total time for which application threads were stopped: 0.0044468 seconds, Stopping threads took: 0.0000277 seconds
105.037: [GC (Allocation Failure)  561034K->237641K(1034240K), 0.0031271 secs]
105.040: Total time for which application threads were stopped: 0.0032865 seconds, Stopping threads took: 0.0000199 seconds
105.110: [GC (Allocation Failure)  557129K->241707K(1033216K), 0.0041247 secs]
105.114: Total time for which application threads were stopped: 0.0042962 seconds, Stopping threads took: 0.0000219 seconds
105.182: [GC (Allocation Failure)  561195K->245643K(1034752K), 0.0046369 secs]
105.187: Total time for which application threads were stopped: 0.0048165 seconds, Stopping threads took: 0.0000204 seconds
105.254: [GC (Allocation Failure)  567179K->238889K(1034752K), 0.0018319 secs]
105.255: Total time for which application threads were stopped: 0.0019854 seconds, Stopping threads took: 0.0000224 seconds
105.323: [GC (Allocation Failure)  560425K->245779K(1034752K), 0.0050466 secs]
105.328: Total time for which application threads were stopped: 0.0052309 seconds, Stopping threads took: 0.0000223 seconds
105.395: [GC (Allocation Failure)  567315K->249819K(1034752K), 0.0060970 secs]
105.402: Total time for which application threads were stopped: 0.0062532 seconds, Stopping threads took: 0.0000143 seconds
105.470: [GC (Allocation Failure)  571355K->244281K(1034752K), 0.0020724 secs]
105.472: Total time for which application threads were stopped: 0.0022415 seconds, Stopping threads took: 0.0000279 seconds
105.539: [GC (Allocation Failure)  565817K->250091K(1034752K), 0.0041499 secs]
105.543: Total time for which application threads were stopped: 0.0043278 seconds, Stopping threads took: 0.0000195 seconds
105.610: [GC (Allocation Failure)  571627K->253963K(1034752K), 0.0045028 secs]
105.614: Total time for which application threads were stopped: 0.0046648 seconds, Stopping threads took: 0.0000195 seconds
105.681: [GC (Allocation Failure)  576451K->250057K(1035264K), 0.0027943 secs]
105.684: Total time for which application threads were stopped: 0.0029513 seconds, Stopping threads took: 0.0000195 seconds
105.752: [GC (Allocation Failure)  572617K->254091K(1036288K), 0.0042684 secs]
105.756: Total time for which application threads were stopped: 0.0044293 seconds, Stopping threads took: 0.0000194 seconds
105.824: [GC (Allocation Failure)  578187K->258123K(1035776K), 0.0039468 secs]
105.828: Total time for which application threads were stopped: 0.0041119 seconds, Stopping threads took: 0.0000207 seconds
105.898: [GC (Allocation Failure)  582219K->258123K(1035776K), 0.0039070 secs]
105.902: Total time for which application threads were stopped: 0.0040806 seconds, Stopping threads took: 0.0000205 seconds
105.970: [GC (Allocation Failure)  581707K->258155K(1023488K), 0.0042048 secs]
105.975: Total time for which application threads were stopped: 0.0043851 seconds, Stopping threads took: 0.0000292 seconds
106.043: [GC (Allocation Failure)  581739K->266125K(1035264K), 0.0042542 secs]
106.047: Total time for which application threads were stopped: 0.0044221 seconds, Stopping threads took: 0.0000207 seconds
106.115: [GC (Allocation Failure)  588685K->266093K(1030144K), 0.0040153 secs]
106.119: Total time for which application threads were stopped: 0.0041969 seconds, Stopping threads took: 0.0000199 seconds
106.188: [GC (Allocation Failure)  588653K->266189K(1034752K), 0.0041177 secs]
106.192: Total time for which application threads were stopped: 0.0042891 seconds, Stopping threads took: 0.0000207 seconds
106.260: [GC (Allocation Failure)  587725K->274159K(1034752K), 0.0043703 secs]
106.264: Total time for which application threads were stopped: 0.0045505 seconds, Stopping threads took: 0.0000213 seconds
106.332: [GC (Allocation Failure)  595695K->274127K(1033728K), 0.0040863 secs]
106.336: Total time for which application threads were stopped: 0.0042539 seconds, Stopping threads took: 0.0000189 seconds
106.404: [GC (Allocation Failure)  594639K->274407K(1034240K), 0.0041860 secs]
106.408: Total time for which application threads were stopped: 0.0043492 seconds, Stopping threads took: 0.0000194 seconds
106.478: [GC (Allocation Failure)  594919K->282186K(1034240K), 0.0039340 secs]
106.482: Total time for which application threads were stopped: 0.0041028 seconds, Stopping threads took: 0.0000260 seconds
106.550: [GC (Allocation Failure)  602698K->282186K(1034240K), 0.0042079 secs]
106.554: Total time for which application threads were stopped: 0.0043814 seconds, Stopping threads took: 0.0000264 seconds
106.622: [GC (Allocation Failure)  602698K->282602K(1033216K), 0.0041007 secs]
106.626: Total time for which application threads were stopped: 0.0043074 seconds, Stopping threads took: 0.0000212 seconds
106.695: [GC (Allocation Failure)  602090K->290220K(1033728K), 0.0042214 secs]
106.700: Total time for which application threads were stopped: 0.0044050 seconds, Stopping threads took: 0.0000173 seconds
106.769: [GC (Allocation Failure)  609708K->290220K(1033728K), 0.0041740 secs]
106.773: Total time for which application threads were stopped: 0.0043343 seconds, Stopping threads took: 0.0000192 seconds
106.837: [GC (Allocation Failure)  609708K->290348K(1033728K), 0.0043527 secs]
106.842: Total time for which application threads were stopped: 0.0045301 seconds, Stopping threads took: 0.0000201 seconds
106.911: [GC (Allocation Failure)  609836K->298286K(1033728K), 0.0040228 secs]
106.915: Total time for which application threads were stopped: 0.0042237 seconds, Stopping threads took: 0.0000367 seconds
106.982: [GC (Allocation Failure)  617774K->298254K(1033728K), 0.0040848 secs]
106.987: Total time for which application threads were stopped: 0.0042515 seconds, Stopping threads took: 0.0000254 seconds
107.053: [GC (Allocation Failure)  617742K->298310K(1033728K), 0.0043713 secs]
107.058: Total time for which application threads were stopped: 0.0045440 seconds, Stopping threads took: 0.0000250 seconds
107.124: [GC (Allocation Failure)  617798K->306280K(1027072K), 0.0043031 secs]
107.129: Total time for which application threads were stopped: 0.0044603 seconds, Stopping threads took: 0.0000196 seconds
107.195: [GC (Allocation Failure)  625768K->302374K(1034240K), 0.0031813 secs]
107.198: Total time for which application threads were stopped: 0.0033346 seconds, Stopping threads took: 0.0000170 seconds
107.265: [GC (Allocation Failure)  621862K->306440K(1033216K), 0.0042661 secs]
107.270: Total time for which application threads were stopped: 0.0044334 seconds, Stopping threads took: 0.0000194 seconds
107.337: [GC (Allocation Failure)  625928K->310408K(1034752K), 0.0042551 secs]
107.342: Total time for which application threads were stopped: 0.0044376 seconds, Stopping threads took: 0.0000199 seconds
107.409: [GC (Allocation Failure)  631944K->303622K(1034752K), 0.0015648 secs]
107.411: Total time for which application threads were stopped: 0.0016977 seconds, Stopping threads took: 0.0000188 seconds
107.479: [GC (Allocation Failure)  625158K->310472K(1034752K), 0.0041498 secs]
107.483: Total time for which application threads were stopped: 0.0043228 seconds, Stopping threads took: 0.0000265 seconds
107.549: [GC (Allocation Failure)  632008K->314616K(1034752K), 0.0052033 secs]
107.555: Total time for which application threads were stopped: 0.0053745 seconds, Stopping threads took: 0.0000202 seconds
107.620: [GC (Allocation Failure)  636152K->309014K(1034752K), 0.0022530 secs]
107.623: Total time for which application threads were stopped: 0.0024126 seconds, Stopping threads took: 0.0000200 seconds
107.691: [GC (Allocation Failure)  630550K->314824K(1034752K), 0.0044039 secs]
107.696: Total time for which application threads were stopped: 0.0045613 seconds, Stopping threads took: 0.0000176 seconds
107.765: [GC (Allocation Failure)  636360K->318696K(1035264K), 0.0047270 secs]
107.770: Total time for which application threads were stopped: 0.0048983 seconds, Stopping threads took: 0.0000200 seconds
107.838: [GC (Allocation Failure)  641185K->314790K(1035264K), 0.0029601 secs]
107.841: Total time for which application threads were stopped: 0.0031171 seconds, Stopping threads took: 0.0000190 seconds
107.909: [GC (Allocation Failure)  637350K->318824K(1036288K), 0.0043258 secs]
107.913: Total time for which application threads were stopped: 0.0044860 seconds, Stopping threads took: 0.0000196 seconds
107.982: [GC (Allocation Failure)  642920K->322792K(1035776K), 0.0041449 secs]
107.986: Total time for which application threads were stopped: 0.0043033 seconds, Stopping threads took: 0.0000285 seconds
108.056: [GC (Allocation Failure)  646888K->322824K(1035776K), 0.0041334 secs]
108.061: Total time for which application threads were stopped: 0.0043016 seconds, Stopping threads took: 0.0000203 seconds
108.128: [GC (Allocation Failure)  646408K->322888K(1023488K), 0.0042474 secs]
108.132: Total time for which application threads were stopped: 0.0044088 seconds, Stopping threads took: 0.0000194 seconds
108.199: [GC (Allocation Failure)  646472K->330891K(1035264K), 0.0043622 secs]
108.203: Total time for which application threads were stopped: 0.0045216 seconds, Stopping threads took: 0.0000195 seconds
108.272: [GC (Allocation Failure)  653451K->330859K(1030144K), 0.0040365 secs]
108.276: Total time for which application threads were stopped: 0.0041949 seconds, Stopping threads took: 0.0000190 seconds
108.343: [GC (Allocation Failure)  653419K->330891K(1034752K), 0.0044383 secs]
108.348: Total time for which application threads were stopped: 0.0046080 seconds, Stopping threads took: 0.0000199 seconds
108.416: [GC (Allocation Failure)  652427K->338893K(1029120K), 0.0046297 secs]
108.421: Total time for which application threads were stopped: 0.0047844 seconds, Stopping threads took: 0.0000181 seconds
108.488: [GC (Allocation Failure)  660429K->338893K(1034240K), 0.0041975 secs]
108.493: Total time for which application threads were stopped: 0.0043712 seconds, Stopping threads took: 0.0000200 seconds
108.561: [GC (Allocation Failure)  659405K->339149K(1034240K), 0.0043080 secs]
108.566: Total time for which application threads were stopped: 0.0044926 seconds, Stopping threads took: 0.0000215 seconds
108.633: [GC (Allocation Failure)  659661K->346959K(1034240K), 0.0040856 secs]
108.638: Total time for which application threads were stopped: 0.0042647 seconds, Stopping threads took: 0.0000200 seconds
108.706: [GC (Allocation Failure)  667471K->346895K(1034240K), 0.0044253 secs]
108.710: Total time for which application threads were stopped: 0.0045982 seconds, Stopping threads took: 0.0000205 seconds
108.777: [GC (Allocation Failure)  667407K->347335K(1033216K), 0.0043551 secs]
108.782: Total time for which application threads were stopped: 0.0045278 seconds, Stopping threads took: 0.0000224 seconds
108.849: [GC (Allocation Failure)  666823K->354953K(1033728K), 0.0043839 secs]
108.854: Total time for which application threads were stopped: 0.0045734 seconds, Stopping threads took: 0.0000206 seconds
108.922: [GC (Allocation Failure)  674441K->354985K(1033728K), 0.0042753 secs]
108.926: Total time for which application threads were stopped: 0.0044511 seconds, Stopping threads took: 0.0000261 seconds
108.991: [GC (Allocation Failure)  674473K->355081K(1033728K), 0.0066118 secs]
108.998: Total time for which application threads were stopped: 0.0068053 seconds, Stopping threads took: 0.0000201 seconds
109.067: [GC (Allocation Failure)  674569K->362988K(1033728K), 0.0042519 secs]
109.071: Total time for which application threads were stopped: 0.0044340 seconds, Stopping threads took: 0.0000166 seconds
109.140: [GC (Allocation Failure)  682476K->362956K(1033728K), 0.0043902 secs]
109.145: Total time for which application threads were stopped: 0.0045677 seconds, Stopping threads took: 0.0000193 seconds
109.211: [GC (Allocation Failure)  682444K->363052K(1033728K), 0.0043771 secs]
109.215: Total time for which application threads were stopped: 0.0045631 seconds, Stopping threads took: 0.0000414 seconds
109.282: [GC (Allocation Failure)  682540K->371022K(1027072K), 0.0043158 secs]
109.286: Total time for which application threads were stopped: 0.0044993 seconds, Stopping threads took: 0.0000203 seconds
109.353: [GC (Allocation Failure)  690510K->367116K(1034240K), 0.0033906 secs]
109.356: Total time for which application threads were stopped: 0.0035504 seconds, Stopping threads took: 0.0000200 seconds
109.425: [GC (Allocation Failure)  686604K->371182K(1033216K), 0.0042697 secs]
109.429: Total time for which application threads were stopped: 0.0044193 seconds, Stopping threads took: 0.0000254 seconds
109.496: [GC (Allocation Failure)  690670K->375118K(1034752K), 0.0042808 secs]
109.501: Total time for which application threads were stopped: 0.0044642 seconds, Stopping threads took: 0.0000255 seconds
109.569: [GC (Allocation Failure)  696654K->368364K(1034752K), 0.0016747 secs]
109.571: Total time for which application threads were stopped: 0.0018108 seconds, Stopping threads took: 0.0000255 seconds
109.639: [GC (Allocation Failure)  689900K->375214K(1034752K), 0.0043984 secs]
109.644: Total time for which application threads were stopped: 0.0045664 seconds, Stopping threads took: 0.0000188 seconds
109.710: [GC (Allocation Failure)  696750K->379294K(1034752K), 0.0053171 secs]
109.715: Total time for which application threads were stopped: 0.0054883 seconds, Stopping threads took: 0.0000197 seconds
109.780: [GC (Allocation Failure)  700830K->373724K(1034752K), 0.0022487 secs]
109.782: Total time for which application threads were stopped: 0.0023923 seconds, Stopping threads took: 0.0000189 seconds
109.849: [GC (Allocation Failure)  695260K->379566K(1034752K), 0.0044809 secs]
109.854: Total time for which application threads were stopped: 0.0046485 seconds, Stopping threads took: 0.0000200 seconds
109.921: [GC (Allocation Failure)  701102K->383438K(1034752K), 0.0045115 secs]
109.926: Total time for which application threads were stopped: 0.0046680 seconds, Stopping threads took: 0.0000261 seconds
109.992: [GC (Allocation Failure)  705926K->379532K(1035264K), 0.0031626 secs]
109.995: Total time for which application threads were stopped: 0.0033569 seconds, Stopping threads took: 0.0000278 seconds
110.065: [GC (Allocation Failure)  702092K->383598K(1036288K), 0.0044723 secs]
110.070: Total time for which application threads were stopped: 0.0046326 seconds, Stopping threads took: 0.0000170 seconds
110.137: [GC (Allocation Failure)  707694K->387534K(1035776K), 0.0068290 secs]
110.144: Total time for which application threads were stopped: 0.0070239 seconds, Stopping threads took: 0.0000229 seconds
110.214: [GC (Allocation Failure)  711630K->387566K(1035776K), 0.0042334 secs]
110.218: Total time for which application threads were stopped: 0.0044171 seconds, Stopping threads took: 0.0000221 seconds
110.285: [GC (Allocation Failure)  711150K->387662K(1023488K), 0.0050955 secs]
110.291: Total time for which application threads were stopped: 0.0053043 seconds, Stopping threads took: 0.0000242 seconds
110.359: [GC (Allocation Failure)  711246K->395632K(1035264K), 0.0046331 secs]
110.364: Total time for which application threads were stopped: 0.0048096 seconds, Stopping threads took: 0.0000199 seconds
110.434: [GC (Allocation Failure)  718192K->395600K(1030144K), 0.0040922 secs]
110.438: Total time for which application threads were stopped: 0.0042535 seconds, Stopping threads took: 0.0000257 seconds
110.506: [GC (Allocation Failure)  718160K->395656K(1034752K), 0.0043830 secs]
110.511: Total time for which application threads were stopped: 0.0045542 seconds, Stopping threads took: 0.0000276 seconds
110.578: [GC (Allocation Failure)  717192K->403627K(1034752K), 0.0045535 secs]
110.583: Total time for which application threads were stopped: 0.0047289 seconds, Stopping threads took: 0.0000191 seconds
110.652: [GC (Allocation Failure)  725163K->403627K(1033728K), 0.0041676 secs]
110.656: Total time for which application threads were stopped: 0.0043478 seconds, Stopping threads took: 0.0000193 seconds
110.724: [GC (Allocation Failure)  724139K->403883K(1034240K), 0.0043186 secs]
110.729: Total time for which application threads were stopped: 0.0044901 seconds, Stopping threads took: 0.0000207 seconds
110.796: [GC (Allocation Failure)  724395K->411693K(1034240K), 0.0044124 secs]
110.800: Total time for which application threads were stopped: 0.0045854 seconds, Stopping threads took: 0.0000203 seconds
110.870: [GC (Allocation Failure)  732205K->411661K(1034240K), 0.0045557 secs]
110.875: Total time for which application threads were stopped: 0.0047328 seconds, Stopping threads took: 0.0000208 seconds
110.942: [GC (Allocation Failure)  732173K->412109K(1033216K), 0.0044940 secs]
110.946: Total time for which application threads were stopped: 0.0046672 seconds, Stopping threads took: 0.0000262 seconds
111.013: [GC (Allocation Failure)  731597K->419727K(1033728K), 0.0046201 secs]
111.018: Total time for which application threads were stopped: 0.0047954 seconds, Stopping threads took: 0.0000206 seconds
111.085: [GC (Allocation Failure)  739215K->419695K(1033728K), 0.0044555 secs]
111.090: Total time for which application threads were stopped: 0.0046448 seconds, Stopping threads took: 0.0000195 seconds
111.155: [GC (Allocation Failure)  739183K->419815K(1033728K), 0.0044571 secs]
111.160: Total time for which application threads were stopped: 0.0046067 seconds, Stopping threads took: 0.0000168 seconds
111.227: [GC (Allocation Failure)  739303K->427753K(1033728K), 0.0044064 secs]
111.232: Total time for which application threads were stopped: 0.0045774 seconds, Stopping threads took: 0.0000195 seconds
111.299: [GC (Allocation Failure)  747241K->427689K(1033728K), 0.0045442 secs]
111.303: Total time for which application threads were stopped: 0.0047140 seconds, Stopping threads took: 0.0000201 seconds
111.370: [GC (Allocation Failure)  747177K->427785K(1033728K), 0.0086173 secs]
111.379: Total time for which application threads were stopped: 0.0087955 seconds, Stopping threads took: 0.0000206 seconds
111.448: [GC (Allocation Failure)  747273K->435788K(1027072K), 0.0045424 secs]
111.452: Total time for which application threads were stopped: 0.0047227 seconds, Stopping threads took: 0.0000262 seconds
111.520: [GC (Allocation Failure)  755275K->431849K(1034240K), 0.0035429 secs]
111.524: Total time for which application threads were stopped: 0.0036961 seconds, Stopping threads took: 0.0000158 seconds
111.591: [GC (Allocation Failure)  751337K->435916K(1033216K), 0.0045888 secs]
111.596: Total time for which application threads were stopped: 0.0047496 seconds, Stopping threads took: 0.0000191 seconds
111.664: [GC (Allocation Failure)  755404K->439884K(1034752K), 0.0045026 secs]
111.668: Total time for which application threads were stopped: 0.0046781 seconds, Stopping threads took: 0.0000198 seconds
111.737: [GC (Allocation Failure)  761420K->433129K(1034752K), 0.0018977 secs]
111.739: Total time for which application threads were stopped: 0.0020467 seconds, Stopping threads took: 0.0000205 seconds
111.808: [GC (Allocation Failure)  754665K->439948K(1034752K), 0.0044478 secs]
111.812: Total time for which application threads were stopped: 0.0046233 seconds, Stopping threads took: 0.0000170 seconds
111.879: [GC (Allocation Failure)  761484K->444028K(1034752K), 0.0054061 secs]
111.884: Total time for which application threads were stopped: 0.0055675 seconds, Stopping threads took: 0.0000200 seconds
111.951: [GC (Allocation Failure)  765564K->438425K(1034752K), 0.0026113 secs]
111.954: Total time for which application threads were stopped: 0.0027763 seconds, Stopping threads took: 0.0000277 seconds
112.021: [GC (Allocation Failure)  759961K->444300K(1034752K), 0.0045564 secs]
112.025: Total time for which application threads were stopped: 0.0047334 seconds, Stopping threads took: 0.0000215 seconds
112.092: [GC (Allocation Failure)  765836K->448196K(1034752K), 0.0049199 secs]
112.097: Total time for which application threads were stopped: 0.0051001 seconds, Stopping threads took: 0.0000196 seconds
112.166: [GC (Allocation Failure)  770684K->444257K(1035264K), 0.0033697 secs]
112.169: Total time for which application threads were stopped: 0.0035388 seconds, Stopping threads took: 0.0000202 seconds
112.238: [GC (Allocation Failure)  766817K->448332K(1036288K), 0.0044745 secs]
112.242: Total time for which application threads were stopped: 0.0046565 seconds, Stopping threads took: 0.0000204 seconds
112.310: [GC (Allocation Failure)  772428K->452300K(1035776K), 0.0045139 secs]
112.315: Total time for which application threads were stopped: 0.0046839 seconds, Stopping threads took: 0.0000217 seconds
112.385: [GC (Allocation Failure)  776396K->452268K(1035776K), 0.0051177 secs]
112.390: Total time for which application threads were stopped: 0.0053001 seconds, Stopping threads took: 0.0000199 seconds
112.458: [GC (Allocation Failure)  775852K->452364K(1023488K), 0.0045226 secs]
112.463: Total time for which application threads were stopped: 0.0046988 seconds, Stopping threads took: 0.0000283 seconds
112.529: [GC (Allocation Failure)  775948K->460334K(1035264K), 0.0046181 secs]
112.534: Total time for which application threads were stopped: 0.0047837 seconds, Stopping threads took: 0.0000191 seconds
112.603: [GC (Allocation Failure)  782894K->460334K(1030144K), 0.0043322 secs]
112.607: Total time for which application threads were stopped: 0.0045237 seconds, Stopping threads took: 0.0000197 seconds
112.676: [GC (Allocation Failure)  782894K->460398K(1034752K), 0.0044185 secs]
112.680: Total time for which application threads were stopped: 0.0045734 seconds, Stopping threads took: 0.0000168 seconds
112.747: [GC (Allocation Failure)  781934K->468368K(1034752K), 0.0047454 secs]
112.752: Total time for which application threads were stopped: 0.0049238 seconds, Stopping threads took: 0.0000199 seconds
112.822: [GC (Allocation Failure)  789904K->468400K(1033728K), 0.0042747 secs]
112.826: Total time for which application threads were stopped: 0.0044568 seconds, Stopping threads took: 0.0000202 seconds
112.895: [GC (Allocation Failure)  788912K->468616K(1034240K), 0.0045471 secs]
112.900: Total time for which application threads were stopped: 0.0047159 seconds, Stopping threads took: 0.0000205 seconds
112.968: [GC (Allocation Failure)  789128K->476394K(1034240K), 0.0043547 secs]
112.972: Total time for which application threads were stopped: 0.0045332 seconds, Stopping threads took: 0.0000264 seconds
113.042: [GC (Allocation Failure)  796906K->476394K(1034240K), 0.0046526 secs]
113.046: Total time for which application threads were stopped: 0.0048183 seconds, Stopping threads took: 0.0000204 seconds
113.114: [GC (Allocation Failure)  796906K->476842K(1033216K), 0.0065737 secs]
113.120: Total time for which application threads were stopped: 0.0067390 seconds, Stopping threads took: 0.0000202 seconds
113.188: [GC (Allocation Failure)  796330K->484429K(1033728K), 0.0046122 secs]
113.193: Total time for which application threads were stopped: 0.0047806 seconds, Stopping threads took: 0.0000200 seconds
113.261: [GC (Allocation Failure)  803917K->484429K(1033728K), 0.0045765 secs]
113.265: Total time for which application threads were stopped: 0.0047677 seconds, Stopping threads took: 0.0000214 seconds
113.330: [GC (Allocation Failure)  803917K->484557K(1033728K), 0.0046602 secs]
113.335: Total time for which application threads were stopped: 0.0048338 seconds, Stopping threads took: 0.0000207 seconds
113.404: [GC (Allocation Failure)  804045K->492495K(1033728K), 0.0043691 secs]
113.409: Total time for which application threads were stopped: 0.0045371 seconds, Stopping threads took: 0.0000203 seconds
113.476: [GC (Allocation Failure)  811983K->492463K(1033728K), 0.0046178 secs]
113.481: Total time for which application threads were stopped: 0.0047973 seconds, Stopping threads took: 0.0000277 seconds
113.548: [GC (Allocation Failure)  811951K->492519K(1033728K), 0.0045739 secs]
113.553: Total time for which application threads were stopped: 0.0047362 seconds, Stopping threads took: 0.0000197 seconds
113.619: [GC (Allocation Failure)  812007K->500489K(1027072K), 0.0047066 secs]
113.624: Total time for which application threads were stopped: 0.0048821 seconds, Stopping threads took: 0.0000204 seconds
113.689: [GC (Allocation Failure)  819977K->496583K(1034240K), 0.0038468 secs]
113.693: Total time for which application threads were stopped: 0.0040227 seconds, Stopping threads took: 0.0000202 seconds
113.761: [GC (Allocation Failure)  816071K->500649K(1033216K), 0.0047051 secs]
113.766: Total time for which application threads were stopped: 0.0048973 seconds, Stopping threads took: 0.0000205 seconds
113.833: [GC (Allocation Failure)  820137K->504617K(1034752K), 0.0046500 secs]
113.838: Total time for which application threads were stopped: 0.0048461 seconds, Stopping threads took: 0.0000202 seconds
113.906: [GC (Allocation Failure)  826153K->497799K(1034752K), 0.0032073 secs]
113.909: Total time for which application threads were stopped: 0.0033518 seconds, Stopping threads took: 0.0000202 seconds
113.977: [GC (Allocation Failure)  819335K->504681K(1034752K), 0.0061160 secs]
113.983: Total time for which application threads were stopped: 0.0062682 seconds, Stopping threads took: 0.0000167 seconds
114.049: [GC (Allocation Failure)  826217K->508761K(1034752K), 0.0055778 secs]
114.055: Total time for which application threads were stopped: 0.0057493 seconds, Stopping threads took: 0.0000201 seconds
114.120: [GC (Allocation Failure)  830297K->503223K(1034752K), 0.0027310 secs]
114.123: Total time for which application threads were stopped: 0.0028957 seconds, Stopping threads took: 0.0000206 seconds
114.191: [GC (Allocation Failure)  824759K->509025K(1034752K), 0.0045629 secs]
114.196: Total time for which application threads were stopped: 0.0047277 seconds, Stopping threads took: 0.0000201 seconds
114.263: [GC (Allocation Failure)  830561K->512929K(1034752K), 0.0050045 secs]
114.268: Total time for which application threads were stopped: 0.0051780 seconds, Stopping threads took: 0.0000202 seconds
114.335: [GC (Allocation Failure)  835418K->509023K(1035264K), 0.0034819 secs]
114.338: Total time for which application threads were stopped: 0.0036403 seconds, Stopping threads took: 0.0000197 seconds
114.407: [GC (Allocation Failure)  831583K->513065K(1036288K), 0.0048159 secs]
114.412: Total time for which application threads were stopped: 0.0049859 seconds, Stopping threads took: 0.0000195 seconds
114.483: [GC (Allocation Failure)  837161K->517033K(1035776K), 0.0045668 secs]
114.487: Total time for which application threads were stopped: 0.0047382 seconds, Stopping threads took: 0.0000278 seconds
114.557: [GC (Allocation Failure)  841129K->517033K(1035776K), 0.0045506 secs]
114.561: Total time for which application threads were stopped: 0.0047284 seconds, Stopping threads took: 0.0000210 seconds
114.631: [GC (Allocation Failure)  840617K->517097K(1023488K), 0.0046279 secs]
114.636: Total time for which application threads were stopped: 0.0048076 seconds, Stopping threads took: 0.0000203 seconds
114.704: [GC (Allocation Failure)  840681K->525099K(1035264K), 0.0047909 secs]
114.709: Total time for which application threads were stopped: 0.0049729 seconds, Stopping threads took: 0.0000213 seconds
114.777: [GC (Allocation Failure)  847659K->525067K(1030144K), 0.0045670 secs]
114.782: Total time for which application threads were stopped: 0.0047268 seconds, Stopping threads took: 0.0000189 seconds
114.849: [GC (Allocation Failure)  847627K->525131K(1034752K), 0.0046661 secs]
114.854: Total time for which application threads were stopped: 0.0048264 seconds, Stopping threads took: 0.0000202 seconds
114.922: [GC (Allocation Failure)  846667K->533102K(1034752K), 0.0048230 secs]
114.927: Total time for which application threads were stopped: 0.0049920 seconds, Stopping threads took: 0.0000201 seconds
114.995: [GC (Allocation Failure)  854638K->533102K(1033728K), 0.0045576 secs]
115.000: Total time for which application threads were stopped: 0.0047322 seconds, Stopping threads took: 0.0000208 seconds
115.067: [GC (Allocation Failure)  853614K->533350K(1034240K), 0.0047763 secs]
115.071: Total time for which application threads were stopped: 0.0049405 seconds, Stopping threads took: 0.0000212 seconds
115.139: [GC (Allocation Failure)  853862K->541128K(1034240K), 0.0044499 secs]
115.143: Total time for which application threads were stopped: 0.0046110 seconds, Stopping threads took: 0.0000197 seconds
115.211: [GC (Allocation Failure)  861640K->541160K(1034240K), 0.0046508 secs]
115.216: Total time for which application threads were stopped: 0.0048311 seconds, Stopping threads took: 0.0000204 seconds
115.283: [GC (Allocation Failure)  861672K->541576K(1033216K), 0.0047316 secs]
115.287: Total time for which application threads were stopped: 0.0049037 seconds, Stopping threads took: 0.0000201 seconds
115.355: [GC (Allocation Failure)  861064K->549162K(1033728K), 0.0065619 secs]
115.361: Total time for which application threads were stopped: 0.0067317 seconds, Stopping threads took: 0.0000191 seconds
115.430: [GC (Allocation Failure)  868650K->549130K(1033728K), 0.0044664 secs]
115.435: Total time for which application threads were stopped: 0.0046447 seconds, Stopping threads took: 0.0000171 seconds
115.501: [GC (Allocation Failure)  868618K->549290K(1033728K), 0.0047565 secs]
115.506: Total time for which application threads were stopped: 0.0049050 seconds, Stopping threads took: 0.0000160 seconds
115.574: [GC (Allocation Failure)  868778K->557261K(1033728K), 0.0045045 secs]
115.578: Total time for which application threads were stopped: 0.0046959 seconds, Stopping threads took: 0.0000192 seconds
115.647: [GC (Allocation Failure)  876749K->557197K(1033728K), 0.0045457 secs]
115.652: Total time for which application threads were stopped: 0.0047265 seconds, Stopping threads took: 0.0000168 seconds
115.719: [GC (Allocation Failure)  876685K->557261K(1033728K), 0.0045498 secs]
115.724: Total time for which application threads were stopped: 0.0047275 seconds, Stopping threads took: 0.0000281 seconds
115.790: [GC (Allocation Failure)  876749K->565231K(1027072K), 0.0048716 secs]
115.795: Total time for which application threads were stopped: 0.0050301 seconds, Stopping threads took: 0.0000193 seconds
115.860: [GC (Allocation Failure)  884718K->561325K(1034240K), 0.0039344 secs]
115.864: Total time for which application threads were stopped: 0.0041039 seconds, Stopping threads took: 0.0000192 seconds
115.932: [GC (Allocation Failure)  880813K->565383K(1033216K), 0.0047934 secs]
115.937: Total time for which application threads were stopped: 0.0049575 seconds, Stopping threads took: 0.0000187 seconds
116.004: [GC (Allocation Failure)  884871K->569351K(1034752K), 0.0045676 secs]
116.009: Total time for which application threads were stopped: 0.0047359 seconds, Stopping threads took: 0.0000199 seconds
116.075: [GC (Allocation Failure)  890887K->562565K(1034752K), 0.0022409 secs]
116.077: Total time for which application threads were stopped: 0.0023893 seconds, Stopping threads took: 0.0000210 seconds
116.144: [GC (Allocation Failure)  884101K->569423K(1034752K), 0.0047982 secs]
116.149: Total time for which application threads were stopped: 0.0049786 seconds, Stopping threads took: 0.0000283 seconds
116.216: [GC (Allocation Failure)  890959K->573503K(1034752K), 0.0057007 secs]
116.222: Total time for which application threads were stopped: 0.0059144 seconds, Stopping threads took: 0.0000203 seconds
116.288: [GC (Allocation Failure)  895039K->567933K(1034752K), 0.0027580 secs]
116.291: Total time for which application threads were stopped: 0.0029167 seconds, Stopping threads took: 0.0000209 seconds
116.358: [GC (Allocation Failure)  889469K->573743K(1034752K), 0.0046888 secs]
116.363: Total time for which application threads were stopped: 0.0048861 seconds, Stopping threads took: 0.0000208 seconds
116.432: [GC (Allocation Failure)  895279K->577647K(1034752K), 0.0048798 secs]
116.437: Total time for which application threads were stopped: 0.0050306 seconds, Stopping threads took: 0.0000197 seconds
116.505: [GC (Allocation Failure)  900135K->573741K(1035264K), 0.0036333 secs]
116.509: Total time for which application threads were stopped: 0.0037996 seconds, Stopping threads took: 0.0000166 seconds
116.576: [GC (Allocation Failure)  896301K->577775K(1036288K), 0.0066614 secs]
116.583: Total time for which application threads were stopped: 0.0068353 seconds, Stopping threads took: 0.0000198 seconds
116.651: [GC (Allocation Failure)  901871K->581807K(1035776K), 0.0047122 secs]
116.656: Total time for which application threads were stopped: 0.0048829 seconds, Stopping threads took: 0.0000202 seconds
116.725: [GC (Allocation Failure)  905903K->581743K(1035776K), 0.0046029 secs]
116.729: Total time for which application threads were stopped: 0.0047811 seconds, Stopping threads took: 0.0000200 seconds
116.797: [GC (Allocation Failure)  905327K->581831K(1023488K), 0.0046800 secs]
116.801: Total time for which application threads were stopped: 0.0048516 seconds, Stopping threads took: 0.0000205 seconds
116.869: [GC (Allocation Failure)  905415K->589801K(1035264K), 0.0047843 secs]
116.874: Total time for which application threads were stopped: 0.0049424 seconds, Stopping threads took: 0.0000170 seconds
116.942: [GC (Allocation Failure)  912361K->589801K(1030144K), 0.0044784 secs]
116.947: Total time for which application threads were stopped: 0.0046444 seconds, Stopping threads took: 0.0000260 seconds
117.014: [GC (Allocation Failure)  912361K->589865K(1034752K), 0.0046124 secs]
117.019: Total time for which application threads were stopped: 0.0048106 seconds, Stopping threads took: 0.0000207 seconds
117.088: [GC (Allocation Failure)  911401K->597835K(1034752K), 0.0049221 secs]
117.093: Total time for which application threads were stopped: 0.0050816 seconds, Stopping threads took: 0.0000170 seconds
117.161: [GC (Allocation Failure)  919371K->597867K(1033728K), 0.0061344 secs]
117.167: Total time for which application threads were stopped: 0.0063023 seconds, Stopping threads took: 0.0000274 seconds
117.235: [GC (Allocation Failure)  918379K->598091K(1034240K), 0.0048026 secs]
117.240: Total time for which application threads were stopped: 0.0049885 seconds, Stopping threads took: 0.0000201 seconds
117.307: [GC (Allocation Failure)  918603K->605870K(1034240K), 0.0045870 secs]
117.312: Total time for which application threads were stopped: 0.0047636 seconds, Stopping threads took: 0.0000210 seconds
117.380: [GC (Allocation Failure)  926382K->605870K(1034240K), 0.0056848 secs]
117.385: Total time for which application threads were stopped: 0.0059007 seconds, Stopping threads took: 0.0000260 seconds
117.454: [GC (Allocation Failure)  926382K->606318K(1033216K), 0.0047753 secs]
117.458: Total time for which application threads were stopped: 0.0049428 seconds, Stopping threads took: 0.0000262 seconds
117.526: [GC (Allocation Failure)  925806K->613904K(1033728K), 0.0049171 secs]
117.531: Total time for which application threads were stopped: 0.0050884 seconds, Stopping threads took: 0.0000192 seconds
117.600: [GC (Allocation Failure)  933392K->613904K(1033728K), 0.0048562 secs]
117.605: Total time for which application threads were stopped: 0.0050275 seconds, Stopping threads took: 0.0000200 seconds
117.669: [GC (Allocation Failure)  933392K->614024K(1033728K), 0.0046943 secs]
117.674: Total time for which application threads were stopped: 0.0048773 seconds, Stopping threads took: 0.0000205 seconds
117.745: [GC (Allocation Failure)  933512K->621930K(1033728K), 0.0047600 secs]
117.750: Total time for which application threads were stopped: 0.0049390 seconds, Stopping threads took: 0.0000206 seconds
117.817: [GC (Allocation Failure)  941418K->621930K(1033728K), 0.0047991 secs]
117.822: Total time for which application threads were stopped: 0.0049683 seconds, Stopping threads took: 0.0000193 seconds
117.890: [GC (Allocation Failure)  941418K->621994K(1033728K), 0.0046762 secs]
117.895: Total time for which application threads were stopped: 0.0048568 seconds, Stopping threads took: 0.0000169 seconds
117.964: [GC (Allocation Failure)  941482K->629996K(1027072K), 0.0048950 secs]
117.969: Total time for which application threads were stopped: 0.0050445 seconds, Stopping threads took: 0.0000200 seconds
118.035: [GC (Allocation Failure)  949484K->626090K(1034240K), 0.0037698 secs]
118.039: Total time for which application threads were stopped: 0.0039200 seconds, Stopping threads took: 0.0000167 seconds
118.107: [GC (Allocation Failure)  945578K->630124K(1033216K), 0.0050664 secs]
118.112: Total time for which application threads were stopped: 0.0052395 seconds, Stopping threads took: 0.0000199 seconds
118.180: [GC (Allocation Failure)  949612K->634092K(1034752K), 0.0047050 secs]
118.184: Total time for which application threads were stopped: 0.0048671 seconds, Stopping threads took: 0.0000201 seconds
118.251: [GC (Allocation Failure)  955628K->627274K(1034752K), 0.0023001 secs]
118.253: Total time for which application threads were stopped: 0.0024567 seconds, Stopping threads took: 0.0000190 seconds
118.324: [GC (Allocation Failure)  948810K->634164K(1034752K), 0.0049731 secs]
118.329: Total time for which application threads were stopped: 0.0051549 seconds, Stopping threads took: 0.0000203 seconds
118.396: [GC (Allocation Failure)  955700K->638276K(1034752K), 0.0056038 secs]
118.402: Total time for which application threads were stopped: 0.0057719 seconds, Stopping threads took: 0.0000144 seconds
118.468: [GC (Allocation Failure)  959812K->632674K(1034752K), 0.0028100 secs]
118.471: Total time for which application threads were stopped: 0.0029729 seconds, Stopping threads took: 0.0000261 seconds
118.540: [GC (Allocation Failure)  954210K->638516K(1034752K), 0.0049102 secs]
118.545: Total time for which application threads were stopped: 0.0050701 seconds, Stopping threads took: 0.0000201 seconds
118.612: [GC (Allocation Failure)  960052K->642388K(1035264K), 0.0050844 secs]
118.617: Total time for which application threads were stopped: 0.0052457 seconds, Stopping threads took: 0.0000191 seconds
118.684: [GC (Allocation Failure)  964877K->638450K(1035264K), 0.0036776 secs]
118.687: Total time for which application threads were stopped: 0.0038470 seconds, Stopping threads took: 0.0000194 seconds
118.755: [GC (Allocation Failure)  961010K->642548K(1036288K), 0.0050591 secs]
118.760: Total time for which application threads were stopped: 0.0052223 seconds, Stopping threads took: 0.0000199 seconds
118.828: [GC (Allocation Failure)  966644K->646516K(1035776K), 0.0047068 secs]
118.833: Total time for which application threads were stopped: 0.0048827 seconds, Stopping threads took: 0.0000203 seconds
118.902: [GC (Allocation Failure)  970612K->646484K(1035776K), 0.0055807 secs]
118.908: Total time for which application threads were stopped: 0.0057501 seconds, Stopping threads took: 0.0000225 seconds
118.977: [GC (Allocation Failure)  970068K->646572K(1023488K), 0.0047304 secs]
118.982: Total time for which application threads were stopped: 0.0048895 seconds, Stopping threads took: 0.0000264 seconds
119.049: [GC (Allocation Failure)  970156K->654575K(1035264K), 0.0047881 secs]
119.054: Total time for which application threads were stopped: 0.0049519 seconds, Stopping threads took: 0.0000245 seconds
119.122: [GC (Allocation Failure)  977135K->654511K(1030144K), 0.0048905 secs]
119.127: Total time for which application threads were stopped: 0.0050539 seconds, Stopping threads took: 0.0000205 seconds
119.194: [GC (Allocation Failure)  977071K->654599K(1034752K), 0.0049735 secs]
119.199: Total time for which application threads were stopped: 0.0051331 seconds, Stopping threads took: 0.0000202 seconds
119.267: [GC (Allocation Failure)  976135K->662601K(1034752K), 0.0050449 secs]
119.272: Total time for which application threads were stopped: 0.0052192 seconds, Stopping threads took: 0.0000200 seconds
119.341: [GC (Allocation Failure)  984137K->662569K(1033728K), 0.0050190 secs]
119.347: Total time for which application threads were stopped: 0.0051918 seconds, Stopping threads took: 0.0000191 seconds
119.414: [GC (Allocation Failure)  983081K->662825K(1034240K), 0.0047576 secs]
119.419: Total time for which application threads were stopped: 0.0049272 seconds, Stopping threads took: 0.0000204 seconds
119.487: [GC (Allocation Failure)  983337K->670635K(1034240K), 0.0046907 secs]
119.492: Total time for which application threads were stopped: 0.0048910 seconds, Stopping threads took: 0.0000273 seconds
119.561: [GC (Allocation Failure)  991147K->670571K(1034240K), 0.0048967 secs]
119.566: Total time for which application threads were stopped: 0.0050769 seconds, Stopping threads took: 0.0000173 seconds
119.635: [GC (Allocation Failure)  991083K->671043K(1033216K), 0.0049426 secs]
119.640: Total time for which application threads were stopped: 0.0051040 seconds, Stopping threads took: 0.0000259 seconds
119.707: [GC (Allocation Failure)  990531K->678629K(1033728K), 0.0049892 secs]
119.712: Total time for which application threads were stopped: 0.0051825 seconds, Stopping threads took: 0.0000204 seconds
119.782: [GC (Allocation Failure)  998117K->678629K(1033728K), 0.0049621 secs]
119.787: Total time for which application threads were stopped: 0.0051606 seconds, Stopping threads took: 0.0000200 seconds
119.852: [GC (Allocation Failure)  998117K->678757K(1033728K), 0.0050044 secs]
119.857: Total time for which application threads were stopped: 0.0051701 seconds, Stopping threads took: 0.0000204 seconds
119.925: [GC (Allocation Failure)  998245K->686696K(1033728K), 0.0047735 secs]
119.930: Total time for which application threads were stopped: 0.0049543 seconds, Stopping threads took: 0.0000201 seconds
119.998: [GC (Allocation Failure)  1006184K->686664K(1033728K), 0.0059227 secs]
120.004: Total time for which application threads were stopped: 0.0061008 seconds, Stopping threads took: 0.0000253 seconds
120.071: [GC (Allocation Failure)  1006152K->686728K(1033728K), 0.0048748 secs]
120.076: [Full GC (Ergonomics)  686728K->8540K(1033728K), 0.0122121 secs]
120.088: Total time for which application threads were stopped: 0.0173471 seconds, Stopping threads took: 0.0000188 seconds
120.155: [GC (Allocation Failure)  328028K->16703K(1027072K), 0.0039086 secs]
120.159: Total time for which application threads were stopped: 0.0040787 seconds, Stopping threads took: 0.0000192 seconds
120.225: [GC (Allocation Failure)  336190K->12804K(1034240K), 0.0025139 secs]
120.227: Total time for which application threads were stopped: 0.0027158 seconds, Stopping threads took: 0.0000203 seconds
120.296: [GC (Allocation Failure)  332292K->16879K(1033216K), 0.0039126 secs]
120.300: Total time for which application threads were stopped: 0.0040817 seconds, Stopping threads took: 0.0000195 seconds
120.367: [GC (Allocation Failure)  336367K->20847K(1034752K), 0.0036701 secs]
120.371: Total time for which application threads were stopped: 0.0038359 seconds, Stopping threads took: 0.0000208 seconds
120.440: [GC (Allocation Failure)  342383K->14028K(1034752K), 0.0008769 secs]
120.441: Total time for which application threads were stopped: 0.0009970 seconds, Stopping threads took: 0.0000254 seconds
120.509: [GC (Allocation Failure)  335564K->20919K(1034752K), 0.0037750 secs]
120.512: Total time for which application threads were stopped: 0.0039364 seconds, Stopping threads took: 0.0000196 seconds
120.579: [GC (Allocation Failure)  342455K->25031K(1034752K), 0.0045299 secs]
120.583: Total time for which application threads were stopped: 0.0047001 seconds, Stopping threads took: 0.0000201 seconds
120.649: [GC (Allocation Failure)  346567K->19492K(1034752K), 0.0014759 secs]
120.650: Total time for which application threads were stopped: 0.0016241 seconds, Stopping threads took: 0.0000200 seconds
120.720: [GC (Allocation Failure)  341028K->25271K(1034752K), 0.0039243 secs]
120.724: Total time for which application threads were stopped: 0.0041168 seconds, Stopping threads took: 0.0000198 seconds
120.792: [GC (Allocation Failure)  346807K->29167K(1035264K), 0.0040922 secs]
120.796: Total time for which application threads were stopped: 0.0042832 seconds, Stopping threads took: 0.0000197 seconds
120.864: [GC (Allocation Failure)  351655K->25228K(1035264K), 0.0024251 secs]
120.867: Total time for which application threads were stopped: 0.0025771 seconds, Stopping threads took: 0.0000170 seconds
120.935: [GC (Allocation Failure)  347788K->29263K(1036288K), 0.0037472 secs]
120.939: Total time for which application threads were stopped: 0.0039139 seconds, Stopping threads took: 0.0000260 seconds
121.006: [GC (Allocation Failure)  353359K->33295K(1035776K), 0.0036797 secs]
121.010: Total time for which application threads were stopped: 0.0038840 seconds, Stopping threads took: 0.0000331 seconds
121.080: [GC (Allocation Failure)  357391K->33295K(1035776K), 0.0035344 secs]
121.083: Total time for which application threads were stopped: 0.0036940 seconds, Stopping threads took: 0.0000174 seconds
121.152: [GC (Allocation Failure)  356879K->33319K(1023488K), 0.0038733 secs]
121.156: Total time for which application threads were stopped: 0.0040452 seconds, Stopping threads took: 0.0000203 seconds
121.222: [GC (Allocation Failure)  356903K->41289K(1035264K), 0.0038512 secs]
121.226: Total time for which application threads were stopped: 0.0040140 seconds, Stopping threads took: 0.0000198 seconds
121.293: [GC (Allocation Failure)  363849K->41289K(1030144K), 0.0036647 secs]
121.297: Total time for which application threads were stopped: 0.0038356 seconds, Stopping threads took: 0.0000195 seconds
121.364: [GC (Allocation Failure)  363849K->41353K(1034752K), 0.0038721 secs]
121.368: Total time for which application threads were stopped: 0.0040644 seconds, Stopping threads took: 0.0000197 seconds
121.438: [GC (Allocation Failure)  362889K->49323K(1029120K), 0.0038244 secs]
121.442: Total time for which application threads were stopped: 0.0039959 seconds, Stopping threads took: 0.0000173 seconds
121.510: [GC (Allocation Failure)  370859K->49323K(1034240K), 0.0035979 secs]
121.513: Total time for which application threads were stopped: 0.0038300 seconds, Stopping threads took: 0.0000282 seconds
121.582: [GC (Allocation Failure)  369835K->49547K(1034240K), 0.0038071 secs]
121.586: Total time for which application threads were stopped: 0.0039665 seconds, Stopping threads took: 0.0000202 seconds
121.656: [GC (Allocation Failure)  370059K->57357K(1034240K), 0.0035123 secs]
121.659: Total time for which application threads were stopped: 0.0036581 seconds, Stopping threads took: 0.0000194 seconds
121.728: [GC (Allocation Failure)  377869K->57389K(1034240K), 0.0037734 secs]
121.732: Total time for which application threads were stopped: 0.0039363 seconds, Stopping threads took: 0.0000199 seconds
121.800: [GC (Allocation Failure)  377901K->57797K(1033216K), 0.0038711 secs]
121.804: Total time for which application threads were stopped: 0.0040429 seconds, Stopping threads took: 0.0000197 seconds
121.871: [GC (Allocation Failure)  377285K->65416K(1033728K), 0.0038941 secs]
121.875: Total time for which application threads were stopped: 0.0040568 seconds, Stopping threads took: 0.0000204 seconds
121.943: [GC (Allocation Failure)  384904K->65416K(1033728K), 0.0035966 secs]
121.947: Total time for which application threads were stopped: 0.0037464 seconds, Stopping threads took: 0.0000259 seconds
122.012: [GC (Allocation Failure)  384904K->65512K(1033728K), 0.0038401 secs]
122.016: Total time for which application threads were stopped: 0.0040428 seconds, Stopping threads took: 0.0000192 seconds
122.085: [GC (Allocation Failure)  385000K->73450K(1033728K), 0.0037376 secs]
122.089: Total time for which application threads were stopped: 0.0039286 seconds, Stopping threads took: 0.0000190 seconds
122.157: [GC (Allocation Failure)  392938K->73418K(1033728K), 0.0038584 secs]
122.161: Total time for which application threads were stopped: 0.0040216 seconds, Stopping threads took: 0.0000200 seconds
122.230: [GC (Allocation Failure)  392906K->73482K(1032704K), 0.0037226 secs]
122.234: Total time for which application threads were stopped: 0.0038856 seconds, Stopping threads took: 0.0000198 seconds
122.302: [GC (Allocation Failure)  391946K->81484K(1033216K), 0.0038118 secs]
122.305: Total time for which application threads were stopped: 0.0039758 seconds, Stopping threads took: 0.0000198 seconds
122.372: [GC (Allocation Failure)  399948K->75882K(1033728K), 0.0064846 secs]
122.379: Total time for which application threads were stopped: 0.0066592 seconds, Stopping threads took: 0.0000203 seconds
122.447: [GC (Allocation Failure)  394858K->81708K(1033216K), 0.0037284 secs]
122.451: Total time for which application threads were stopped: 0.0038884 seconds, Stopping threads took: 0.0000265 seconds
122.520: [GC (Allocation Failure)  400684K->85620K(1034240K), 0.0039565 secs]
122.524: Total time for which application threads were stopped: 0.0041292 seconds, Stopping threads took: 0.0000264 seconds
122.591: [GC (Allocation Failure)  406132K->91506K(1034240K), 0.0062372 secs]
122.598: Total time for which application threads were stopped: 0.0064318 seconds, Stopping threads took: 0.0000199 seconds
122.666: [GC (Allocation Failure)  412018K->85780K(1030144K), 0.0038877 secs]
122.670: Total time for which application threads were stopped: 0.0040489 seconds, Stopping threads took: 0.0000198 seconds
122.737: [GC (Allocation Failure)  402196K->85588K(1032192K), 0.0038609 secs]
122.741: Total time for which application threads were stopped: 0.0040201 seconds, Stopping threads took: 0.0000193 seconds
122.807: [GC (Allocation Failure)  402004K->81458K(1033216K), 0.0020744 secs]
122.809: Total time for which application threads were stopped: 0.0022359 seconds, Stopping threads took: 0.0000199 seconds
122.876: [GC (Allocation Failure)  399410K->85716K(1032704K), 0.0040076 secs]
122.880: Total time for which application threads were stopped: 0.0041873 seconds, Stopping threads took: 0.0000213 seconds
122.945: [GC (Allocation Failure)  403668K->85620K(1033728K), 0.0039075 secs]
122.949: Total time for which application threads were stopped: 0.0040714 seconds, Stopping threads took: 0.0000199 seconds
123.015: [GC (Allocation Failure)  404596K->89164K(1033216K), 0.0045398 secs]
123.020: Total time for which application threads were stopped: 0.0047073 seconds, Stopping threads took: 0.0000194 seconds
123.087: [GC (Allocation Failure)  408140K->93710K(1034240K), 0.0036970 secs]
123.091: Total time for which application threads were stopped: 0.0038821 seconds, Stopping threads took: 0.0000228 seconds
123.156: [GC (Allocation Failure)  413710K->93614K(1033728K), 0.0040283 secs]
123.160: Total time for which application threads were stopped: 0.0042054 seconds, Stopping threads took: 0.0000197 seconds
123.227: [GC (Allocation Failure)  413614K->96902K(1034240K), 0.0046823 secs]
123.232: Total time for which application threads were stopped: 0.0048556 seconds, Stopping threads took: 0.0000199 seconds
123.300: [GC (Allocation Failure)  417414K->101641K(1034240K), 0.0038988 secs]
123.304: Total time for which application threads were stopped: 0.0040728 seconds, Stopping threads took: 0.0000198 seconds
123.373: [GC (Allocation Failure)  422153K->101641K(1034752K), 0.0044902 secs]
123.377: Total time for which application threads were stopped: 0.0046464 seconds, Stopping threads took: 0.0000269 seconds
123.443: [GC (Allocation Failure)  423177K->104097K(1034752K), 0.0042775 secs]
123.448: Total time for which application threads were stopped: 0.0044316 seconds, Stopping threads took: 0.0000267 seconds
123.516: [GC (Allocation Failure)  425633K->109699K(1034752K), 0.0038655 secs]
123.520: Total time for which application threads were stopped: 0.0040133 seconds, Stopping threads took: 0.0000171 seconds
123.587: [GC (Allocation Failure)  431235K->109667K(1034752K), 0.0038360 secs]
123.591: Total time for which application threads were stopped: 0.0040070 seconds, Stopping threads took: 0.0000286 seconds
123.656: [GC (Allocation Failure)  431203K->113387K(1035264K), 0.0049449 secs]
123.661: Total time for which application threads were stopped: 0.0051230 seconds, Stopping threads took: 0.0000191 seconds
123.728: [GC (Allocation Failure)  435435K->117709K(1034752K), 0.0040010 secs]
123.732: Total time for which application threads were stopped: 0.0041727 seconds, Stopping threads took: 0.0000198 seconds
123.800: [GC (Allocation Failure)  439757K->117709K(1035264K), 0.0036513 secs]
123.804: Total time for which application threads were stopped: 0.0038486 seconds, Stopping threads took: 0.0000204 seconds
123.873: [GC (Allocation Failure)  440269K->120581K(1035264K), 0.0044566 secs]
123.877: Total time for which application threads were stopped: 0.0046519 seconds, Stopping threads took: 0.0000172 seconds
123.947: [GC (Allocation Failure)  443141K->125831K(1035264K), 0.0036528 secs]
123.950: Total time for which application threads were stopped: 0.0038100 seconds, Stopping threads took: 0.0000250 seconds
124.019: [GC (Allocation Failure)  448391K->125735K(1035264K), 0.0037901 secs]
124.023: Total time for which application threads were stopped: 0.0039717 seconds, Stopping threads took: 0.0000195 seconds
124.090: [GC (Allocation Failure)  448295K->128839K(1035264K), 0.0044452 secs]
124.095: Total time for which application threads were stopped: 0.0046207 seconds, Stopping threads took: 0.0000200 seconds
124.164: [GC (Allocation Failure)  451399K->133834K(1035264K), 0.0037260 secs]
124.168: Total time for which application threads were stopped: 0.0039381 seconds, Stopping threads took: 0.0000274 seconds
124.238: [GC (Allocation Failure)  456394K->133802K(1035264K), 0.0038328 secs]
124.242: Total time for which application threads were stopped: 0.0039926 seconds, Stopping threads took: 0.0000175 seconds
124.308: [GC (Allocation Failure)  456362K->128999K(1035264K), 0.0020101 secs]
124.310: Total time for which application threads were stopped: 0.0021692 seconds, Stopping threads took: 0.0000188 seconds
124.380: [GC (Allocation Failure)  451559K->134026K(1035264K), 0.0044914 secs]
124.385: Total time for which application threads were stopped: 0.0046972 seconds, Stopping threads took: 0.0000262 seconds
124.454: [GC (Allocation Failure)  456586K->133738K(1035264K), 0.0037116 secs]
124.457: Total time for which application threads were stopped: 0.0038829 seconds, Stopping threads took: 0.0000285 seconds
124.526: [GC (Allocation Failure)  456298K->133255K(1035776K), 0.0035740 secs]
124.529: Total time for which application threads were stopped: 0.0037750 seconds, Stopping threads took: 0.0000259 seconds
124.599: [GC (Allocation Failure)  456327K->133994K(1035264K), 0.0039215 secs]
124.603: Total time for which application threads were stopped: 0.0040817 seconds, Stopping threads took: 0.0000172 seconds
124.671: [GC (Allocation Failure)  457066K->133770K(1035776K), 0.0039460 secs]
124.675: Total time for which application threads were stopped: 0.0041277 seconds, Stopping threads took: 0.0000203 seconds
124.743: [GC (Allocation Failure)  457354K->139607K(1035776K), 0.0065406 secs]
124.750: Total time for which application threads were stopped: 0.0067055 seconds, Stopping threads took: 0.0000199 seconds
124.818: [GC (Allocation Failure)  463191K->135002K(1032704K), 0.0040210 secs]
124.822: Total time for which application threads were stopped: 0.0041854 seconds, Stopping threads took: 0.0000199 seconds
124.890: [GC (Allocation Failure)  455514K->134874K(1034240K), 0.0039836 secs]
124.894: Total time for which application threads were stopped: 0.0041658 seconds, Stopping threads took: 0.0000202 seconds
124.963: [GC (Allocation Failure)  455386K->141935K(1030656K), 0.0070752 secs]
124.970: Total time for which application threads were stopped: 0.0072463 seconds, Stopping threads took: 0.0000253 seconds
125.037: [GC (Allocation Failure)  459375K->136274K(1032704K), 0.0040391 secs]
125.041: Total time for which application threads were stopped: 0.0042110 seconds, Stopping threads took: 0.0000195 seconds
125.108: [GC (Allocation Failure)  453714K->136178K(1033728K), 0.0053317 secs]
125.113: Total time for which application threads were stopped: 0.0054942 seconds, Stopping threads took: 0.0000195 seconds
125.180: [GC (Allocation Failure)  455154K->133775K(1033216K), 0.0030172 secs]
125.183: Total time for which application threads were stopped: 0.0031993 seconds, Stopping threads took: 0.0000206 seconds
125.253: [GC (Allocation Failure)  452751K->136210K(1034752K), 0.0039259 secs]
125.257: Total time for which application threads were stopped: 0.0040977 seconds, Stopping threads took: 0.0000201 seconds
125.324: [GC (Allocation Failure)  457234K->136242K(1034240K), 0.0036964 secs]
125.328: Total time for which application threads were stopped: 0.0038588 seconds, Stopping threads took: 0.0000206 seconds
125.395: [GC (Allocation Failure)  457266K->131407K(1034240K), 0.0073351 secs]
125.402: Total time for which application threads were stopped: 0.0074862 seconds, Stopping threads took: 0.0000171 seconds
125.471: [GC (Allocation Failure)  452943K->136434K(1034752K), 0.0037853 secs]
125.475: Total time for which application threads were stopped: 0.0039648 seconds, Stopping threads took: 0.0000275 seconds
125.543: [GC (Allocation Failure)  457970K->136146K(1035776K), 0.0040929 secs]
125.547: Total time for which application threads were stopped: 0.0042731 seconds, Stopping threads took: 0.0000198 seconds
125.614: [GC (Allocation Failure)  459218K->134159K(1035264K), 0.0031658 secs]
125.617: Total time for which application threads were stopped: 0.0033351 seconds, Stopping threads took: 0.0000242 seconds
125.683: [GC (Allocation Failure)  457231K->136370K(1036288K), 0.0040926 secs]
125.687: Total time for which application threads were stopped: 0.0042531 seconds, Stopping threads took: 0.0000198 seconds
125.758: [GC (Allocation Failure)  460466K->136178K(1035776K), 0.0037067 secs]
125.761: Total time for which application threads were stopped: 0.0038743 seconds, Stopping threads took: 0.0000195 seconds
125.829: [GC (Allocation Failure)  460274K->141991K(1033216K), 0.0065532 secs]
125.836: Total time for which application threads were stopped: 0.0067289 seconds, Stopping threads took: 0.0000215 seconds
125.904: [GC (Allocation Failure)  463527K->137898K(1034752K), 0.0039356 secs]
125.908: Total time for which application threads were stopped: 0.0041115 seconds, Stopping threads took: 0.0000194 seconds
125.976: [GC (Allocation Failure)  459434K->137802K(1035264K), 0.0039552 secs]
125.980: Total time for which application threads were stopped: 0.0041224 seconds, Stopping threads took: 0.0000199 seconds
126.048: [GC (Allocation Failure)  460362K->145855K(1035264K), 0.0076002 secs]
126.055: Total time for which application threads were stopped: 0.0077667 seconds, Stopping threads took: 0.0000198 seconds
126.123: [GC (Allocation Failure)  468415K->140674K(1032192K), 0.0039948 secs]
126.128: Total time for which application threads were stopped: 0.0041652 seconds, Stopping threads took: 0.0000197 seconds
126.194: [GC (Allocation Failure)  460162K->140578K(1033728K), 0.0038370 secs]
126.198: Total time for which application threads were stopped: 0.0040096 seconds, Stopping threads took: 0.0000203 seconds
126.263: [GC (Allocation Failure)  460066K->146879K(1031680K), 0.0065638 secs]
126.270: Total time for which application threads were stopped: 0.0067171 seconds, Stopping threads took: 0.0000190 seconds
126.338: [GC (Allocation Failure)  464319K->140642K(1032704K), 0.0039930 secs]
126.342: Total time for which application threads were stopped: 0.0041691 seconds, Stopping threads took: 0.0000207 seconds
126.410: [GC (Allocation Failure)  458082K->140610K(1033216K), 0.0038278 secs]
126.414: Total time for which application threads were stopped: 0.0040191 seconds, Stopping threads took: 0.0000198 seconds
126.480: [GC (Allocation Failure)  458562K->136351K(1032704K), 0.0022408 secs]
126.482: Total time for which application threads were stopped: 0.0024086 seconds, Stopping threads took: 0.0000265 seconds
126.549: [GC (Allocation Failure)  454303K->140834K(1033728K), 0.0041160 secs]
126.553: Total time for which application threads were stopped: 0.0042828 seconds, Stopping threads took: 0.0000205 seconds
126.619: [GC (Allocation Failure)  459810K->140610K(1033216K), 0.0039374 secs]
126.623: Total time for which application threads were stopped: 0.0041122 seconds, Stopping threads took: 0.0000213 seconds
126.690: [GC (Allocation Failure)  459586K->140962K(1032192K), 0.0043322 secs]
126.694: Total time for which application threads were stopped: 0.0044960 seconds, Stopping threads took: 0.0000200 seconds
126.762: [GC (Allocation Failure)  459426K->148644K(1033216K), 0.0040390 secs]
126.767: Total time for which application threads were stopped: 0.0042057 seconds, Stopping threads took: 0.0000212 seconds
126.835: [GC (Allocation Failure)  467108K->148676K(1034240K), 0.0039758 secs]
126.839: Total time for which application threads were stopped: 0.0041710 seconds, Stopping threads took: 0.0000207 seconds
126.906: [GC (Allocation Failure)  468676K->150764K(1033728K), 0.0042843 secs]
126.910: Total time for which application threads were stopped: 0.0044680 seconds, Stopping threads took: 0.0000164 seconds
126.979: [GC (Allocation Failure)  470764K->156782K(1034240K), 0.0046084 secs]
126.984: Total time for which application threads were stopped: 0.0047806 seconds, Stopping threads took: 0.0000284 seconds
127.051: [GC (Allocation Failure)  477294K->156686K(1034240K), 0.0039397 secs]
127.055: Total time for which application threads were stopped: 0.0041252 seconds, Stopping threads took: 0.0000201 seconds
127.123: [GC (Allocation Failure)  477198K->160526K(1034752K), 0.0049910 secs]
127.128: Total time for which application threads were stopped: 0.0051730 seconds, Stopping threads took: 0.0000290 seconds
127.195: [GC (Allocation Failure)  482062K->164785K(1034752K), 0.0041463 secs]
127.199: Total time for which application threads were stopped: 0.0043167 seconds, Stopping threads took: 0.0000207 seconds
127.265: [GC (Allocation Failure)  486321K->164721K(1035264K), 0.0039892 secs]
127.269: Total time for which application threads were stopped: 0.0041590 seconds, Stopping threads took: 0.0000201 seconds
127.339: [GC (Allocation Failure)  487281K->166697K(1035264K), 0.0040946 secs]
127.343: Total time for which application threads were stopped: 0.0042685 seconds, Stopping threads took: 0.0000211 seconds
127.413: [GC (Allocation Failure)  489257K->172747K(1035264K), 0.0037949 secs]
127.416: Total time for which application threads were stopped: 0.0039548 seconds, Stopping threads took: 0.0000178 seconds
127.486: [GC (Allocation Failure)  495307K->172747K(1035264K), 0.0039381 secs]
127.490: Total time for which application threads were stopped: 0.0041067 seconds, Stopping threads took: 0.0000266 seconds
127.556: [GC (Allocation Failure)  495307K->174987K(1035264K), 0.0042745 secs]
127.561: Total time for which application threads were stopped: 0.0044469 seconds, Stopping threads took: 0.0000205 seconds
127.629: [GC (Allocation Failure)  497547K->180781K(1035264K), 0.0039617 secs]
127.633: Total time for which application threads were stopped: 0.0041237 seconds, Stopping threads took: 0.0000204 seconds
127.701: [GC (Allocation Failure)  503341K->180813K(1035264K), 0.0040536 secs]
127.705: Total time for which application threads were stopped: 0.0042204 seconds, Stopping threads took: 0.0000194 seconds
127.772: [GC (Allocation Failure)  503373K->183173K(1035264K), 0.0044859 secs]
127.777: Total time for which application threads were stopped: 0.0046633 seconds, Stopping threads took: 0.0000199 seconds
127.846: [GC (Allocation Failure)  505733K->188967K(1035264K), 0.0041262 secs]
127.850: Total time for which application threads were stopped: 0.0043177 seconds, Stopping threads took: 0.0000204 seconds
127.920: [GC (Allocation Failure)  511527K->188807K(1035264K), 0.0038469 secs]
127.924: Total time for which application threads were stopped: 0.0040384 seconds, Stopping threads took: 0.0000191 seconds
127.991: [GC (Allocation Failure)  511367K->183365K(1035264K), 0.0017249 secs]
127.993: Total time for which application threads were stopped: 0.0018797 seconds, Stopping threads took: 0.0000259 seconds
128.061: [GC (Allocation Failure)  505925K->188903K(1035264K), 0.0039883 secs]
128.065: Total time for which application threads were stopped: 0.0041617 seconds, Stopping threads took: 0.0000200 seconds
128.132: [GC (Allocation Failure)  511463K->188839K(1035264K), 0.0039602 secs]
128.136: Total time for which application threads were stopped: 0.0041336 seconds, Stopping threads took: 0.0000209 seconds
128.203: [GC (Allocation Failure)  511399K->187685K(1035264K), 0.0036195 secs]
128.207: Total time for which application threads were stopped: 0.0037798 seconds, Stopping threads took: 0.0000194 seconds
128.273: [GC (Allocation Failure)  510245K->188839K(1035776K), 0.0041273 secs]
128.277: Total time for which application threads were stopped: 0.0042920 seconds, Stopping threads took: 0.0000201 seconds
128.346: [GC (Allocation Failure)  512423K->188775K(1035776K), 0.0039024 secs]
128.350: Total time for which application threads were stopped: 0.0040519 seconds, Stopping threads took: 0.0000176 seconds
128.418: [GC (Allocation Failure)  512359K->193973K(1032704K), 0.0062474 secs]
128.424: Total time for which application threads were stopped: 0.0064224 seconds, Stopping threads took: 0.0000196 seconds
128.492: [GC (Allocation Failure)  514485K->189495K(1034240K), 0.0040163 secs]
128.496: Total time for which application threads were stopped: 0.0041922 seconds, Stopping threads took: 0.0000264 seconds
128.566: [GC (Allocation Failure)  510007K->189239K(1035264K), 0.0039036 secs]
128.570: Total time for which application threads were stopped: 0.0040949 seconds, Stopping threads took: 0.0000204 seconds
128.639: [GC (Allocation Failure)  511287K->194133K(1034752K), 0.0059715 secs]
128.645: Total time for which application threads were stopped: 0.0061332 seconds, Stopping threads took: 0.0000194 seconds
128.712: [GC (Allocation Failure)  516181K->189431K(1033728K), 0.0040870 secs]
128.717: Total time for which application threads were stopped: 0.0042493 seconds, Stopping threads took: 0.0000200 seconds
128.784: [GC (Allocation Failure)  509943K->189271K(1034240K), 0.0037108 secs]
128.788: Total time for which application threads were stopped: 0.0038800 seconds, Stopping threads took: 0.0000192 seconds
128.855: [GC (Allocation Failure)  509783K->193813K(1032704K), 0.0058403 secs]
128.861: Total time for which application threads were stopped: 0.0059996 seconds, Stopping threads took: 0.0000193 seconds
128.927: [GC (Allocation Failure)  513301K->189367K(1033728K), 0.0041907 secs]
128.931: Total time for which application threads were stopped: 0.0043850 seconds, Stopping threads took: 0.0000518 seconds
128.998: [GC (Allocation Failure)  508855K->189239K(1034752K), 0.0039808 secs]
129.002: Total time for which application threads were stopped: 0.0041482 seconds, Stopping threads took: 0.0000192 seconds
129.069: [GC (Allocation Failure)  510263K->190453K(1034240K), 0.0044065 secs]
129.073: Total time for which application threads were stopped: 0.0045810 seconds, Stopping threads took: 0.0000208 seconds
129.140: [GC (Allocation Failure)  511477K->189335K(1035264K), 0.0039272 secs]
129.145: Total time for which application threads were stopped: 0.0040990 seconds, Stopping threads took: 0.0000205 seconds
129.212: [GC (Allocation Failure)  511383K->189207K(1034752K), 0.0064420 secs]
129.218: Total time for which application threads were stopped: 0.0066148 seconds, Stopping threads took: 0.0000203 seconds
129.287: [GC (Allocation Failure)  511255K->192181K(1034752K), 0.0053876 secs]
129.292: Total time for which application threads were stopped: 0.0055668 seconds, Stopping threads took: 0.0000221 seconds
129.359: [GC (Allocation Failure)  514741K->189303K(1035264K), 0.0042187 secs]
129.364: Total time for which application threads were stopped: 0.0043814 seconds, Stopping threads took: 0.0000195 seconds
129.432: [GC (Allocation Failure)  511863K->189239K(1035776K), 0.0040458 secs]
129.436: Total time for which application threads were stopped: 0.0042178 seconds, Stopping threads took: 0.0000202 seconds
129.506: [GC (Allocation Failure)  512311K->196973K(1035264K), 0.0075724 secs]
129.514: Total time for which application threads were stopped: 0.0077627 seconds, Stopping threads took: 0.0000255 seconds
129.583: [GC (Allocation Failure)  520045K->192463K(1032192K), 0.0040957 secs]
129.587: Total time for which application threads were stopped: 0.0042667 seconds, Stopping threads took: 0.0000205 seconds
129.654: [GC (Allocation Failure)  511951K->192271K(1033728K), 0.0040362 secs]
129.658: Total time for which application threads were stopped: 0.0042113 seconds, Stopping threads took: 0.0000200 seconds
129.727: [GC (Allocation Failure)  511759K->198621K(1031168K), 0.0065376 secs]
129.734: Total time for which application threads were stopped: 0.0066944 seconds, Stopping threads took: 0.0000165 seconds
129.800: [GC (Allocation Failure)  516061K->192543K(1032704K), 0.0040749 secs]
129.804: Total time for which application threads were stopped: 0.0042448 seconds, Stopping threads took: 0.0000201 seconds
129.870: [GC (Allocation Failure)  509983K->192319K(1033216K), 0.0041666 secs]
129.875: Total time for which application threads were stopped: 0.0043488 seconds, Stopping threads took: 0.0000198 seconds
129.941: [GC (Allocation Failure)  510783K->188733K(1033216K), 0.0024826 secs]
129.944: Total time for which application threads were stopped: 0.0026363 seconds, Stopping threads took: 0.0000167 seconds
130.012: [GC (Allocation Failure)  507197K->192511K(1033728K), 0.0041245 secs]
130.017: Total time for which application threads were stopped: 0.0042997 seconds, Stopping threads took: 0.0000209 seconds
130.084: [GC (Allocation Failure)  511487K->192383K(1033216K), 0.0039541 secs]
130.088: Total time for which application threads were stopped: 0.0041199 seconds, Stopping threads took: 0.0000209 seconds
130.155: [GC (Allocation Failure)  511359K->193927K(1032192K), 0.0041983 secs]
130.159: Total time for which application threads were stopped: 0.0043930 seconds, Stopping threads took: 0.0000202 seconds
130.229: [GC (Allocation Failure)  512391K->200426K(1033216K), 0.0039112 secs]
130.233: Total time for which application threads were stopped: 0.0040831 seconds, Stopping threads took: 0.0000200 seconds
130.299: [GC (Allocation Failure)  518890K->200426K(1034752K), 0.0039501 secs]
130.303: Total time for which application threads were stopped: 0.0041266 seconds, Stopping threads took: 0.0000216 seconds
130.370: [GC (Allocation Failure)  521450K->200618K(1020928K), 0.0089747 secs]
130.379: Total time for which application threads were stopped: 0.0091410 seconds, Stopping threads took: 0.0000210 seconds
130.448: [GC (Allocation Failure)  521642K->208428K(1034240K), 0.0039679 secs]
130.452: Total time for which application threads were stopped: 0.0041183 seconds, Stopping threads took: 0.0000190 seconds
130.520: [GC (Allocation Failure)  528428K->208428K(1033728K), 0.0038771 secs]
130.524: Total time for which application threads were stopped: 0.0040348 seconds, Stopping threads took: 0.0000187 seconds
130.589: [GC (Allocation Failure)  528428K->210372K(1033728K), 0.0044768 secs]
130.594: Total time for which application threads were stopped: 0.0046520 seconds, Stopping threads took: 0.0000199 seconds
130.661: [GC (Allocation Failure)  530884K->216454K(1034240K), 0.0042435 secs]
130.665: Total time for which application threads were stopped: 0.0044189 seconds, Stopping threads took: 0.0000200 seconds
130.733: [GC (Allocation Failure)  536966K->216454K(1034752K), 0.0037468 secs]
130.737: Total time for which application threads were stopped: 0.0039594 seconds, Stopping threads took: 0.0000197 seconds
130.802: [GC (Allocation Failure)  537990K->217574K(1034752K), 0.0041590 secs]
130.807: Total time for which application threads were stopped: 0.0043456 seconds, Stopping threads took: 0.0000204 seconds
130.877: [GC (Allocation Failure)  539110K->224488K(1034752K), 0.0039294 secs]
130.881: Total time for which application threads were stopped: 0.0040946 seconds, Stopping threads took: 0.0000205 seconds
130.949: [GC (Allocation Failure)  546024K->224520K(1034752K), 0.0039305 secs]
130.953: Total time for which application threads were stopped: 0.0040955 seconds, Stopping threads took: 0.0000193 seconds
131.018: [GC (Allocation Failure)  546056K->226856K(1034752K), 0.0044454 secs]
131.023: Total time for which application threads were stopped: 0.0046372 seconds, Stopping threads took: 0.0000210 seconds
131.093: [GC (Allocation Failure)  548392K->232651K(1034752K), 0.0040988 secs]
131.097: Total time for which application threads were stopped: 0.0042704 seconds, Stopping threads took: 0.0000203 seconds
131.164: [GC (Allocation Failure)  554187K->232555K(1034752K), 0.0041705 secs]
131.168: Total time for which application threads were stopped: 0.0043302 seconds, Stopping threads took: 0.0000197 seconds
131.233: [GC (Allocation Failure)  554091K->236107K(1034752K), 0.0051046 secs]
131.238: Total time for which application threads were stopped: 0.0052634 seconds, Stopping threads took: 0.0000192 seconds
131.308: [GC (Allocation Failure)  557643K->240621K(1035264K), 0.0041922 secs]
131.312: Total time for which application threads were stopped: 0.0043852 seconds, Stopping threads took: 0.0000197 seconds
131.383: [GC (Allocation Failure)  563181K->240557K(1035264K), 0.0047838 secs]
131.388: Total time for which application threads were stopped: 0.0049916 seconds, Stopping threads took: 0.0000268 seconds
131.456: [GC (Allocation Failure)  563117K->243309K(1035264K), 0.0045472 secs]
131.460: Total time for which application threads were stopped: 0.0047039 seconds, Stopping threads took: 0.0000195 seconds
131.529: [GC (Allocation Failure)  565869K->248591K(1035264K), 0.0041998 secs]
131.533: Total time for which application threads were stopped: 0.0043810 seconds, Stopping threads took: 0.0000207 seconds
131.601: [GC (Allocation Failure)  571151K->248591K(1035264K), 0.0039960 secs]
131.605: Total time for which application threads were stopped: 0.0041801 seconds, Stopping threads took: 0.0000221 seconds
131.674: [GC (Allocation Failure)  571151K->251527K(1035264K), 0.0046480 secs]
131.679: Total time for which application threads were stopped: 0.0047974 seconds, Stopping threads took: 0.0000166 seconds
131.745: [GC (Allocation Failure)  574087K->256809K(1035264K), 0.0043180 secs]
131.750: Total time for which application threads were stopped: 0.0044868 seconds, Stopping threads took: 0.0000191 seconds
131.818: [GC (Allocation Failure)  579369K->256649K(1035264K), 0.0041581 secs]
131.823: Total time for which application threads were stopped: 0.0043486 seconds, Stopping threads took: 0.0000217 seconds
131.888: [GC (Allocation Failure)  579209K->251719K(1035264K), 0.0021334 secs]
131.891: Total time for which application threads were stopped: 0.0022873 seconds, Stopping threads took: 0.0000202 seconds
131.959: [GC (Allocation Failure)  574279K->256745K(1035264K), 0.0041554 secs]
131.964: Total time for which application threads were stopped: 0.0043221 seconds, Stopping threads took: 0.0000257 seconds
132.031: [GC (Allocation Failure)  579305K->256649K(1035264K), 0.0042230 secs]
132.035: Total time for which application threads were stopped: 0.0043960 seconds, Stopping threads took: 0.0000204 seconds
132.102: [GC (Allocation Failure)  579209K->256007K(1035264K), 0.0040158 secs]
132.106: Total time for which application threads were stopped: 0.0041858 seconds, Stopping threads took: 0.0000276 seconds
132.172: [GC (Allocation Failure)  578567K->256681K(1035776K), 0.0041936 secs]
132.176: Total time for which application threads were stopped: 0.0043682 seconds, Stopping threads took: 0.0000214 seconds
132.244: [GC (Allocation Failure)  580265K->256617K(1035776K), 0.0041853 secs]
132.248: Total time for which application threads were stopped: 0.0043459 seconds, Stopping threads took: 0.0000197 seconds
132.316: [GC (Allocation Failure)  580201K->262343K(1031680K), 0.0064322 secs]
132.322: Total time for which application threads were stopped: 0.0066268 seconds, Stopping threads took: 0.0000186 seconds
132.391: [GC (Allocation Failure)  581831K->257609K(1033728K), 0.0064811 secs]
132.398: Total time for which application threads were stopped: 0.0066425 seconds, Stopping threads took: 0.0000251 seconds
132.466: [GC (Allocation Failure)  577097K->257641K(1034752K), 0.0040506 secs]
132.470: Total time for which application threads were stopped: 0.0042235 seconds, Stopping threads took: 0.0000257 seconds
132.538: [GC (Allocation Failure)  578665K->259975K(1034240K), 0.0049120 secs]
132.543: Total time for which application threads were stopped: 0.0051133 seconds, Stopping threads took: 0.0000278 seconds
132.613: [GC (Allocation Failure)  580999K->257801K(1034752K), 0.0041638 secs]
132.618: Total time for which application threads were stopped: 0.0043360 seconds, Stopping threads took: 0.0000178 seconds
132.686: [GC (Allocation Failure)  579337K->257609K(1034752K), 0.0042413 secs]
132.690: Total time for which application threads were stopped: 0.0044100 seconds, Stopping threads took: 0.0000198 seconds
132.756: [GC (Allocation Failure)  579145K->260679K(1034240K), 0.0055157 secs]
132.762: Total time for which application threads were stopped: 0.0056967 seconds, Stopping threads took: 0.0000203 seconds
132.830: [GC (Allocation Failure)  582215K->257801K(1034752K), 0.0041639 secs]
132.834: Total time for which application threads were stopped: 0.0043512 seconds, Stopping threads took: 0.0000257 seconds
132.902: [GC (Allocation Failure)  579337K->257641K(1035776K), 0.0042173 secs]
132.906: Total time for which application threads were stopped: 0.0043792 seconds, Stopping threads took: 0.0000195 seconds
132.974: [GC (Allocation Failure)  580713K->263423K(1035264K), 0.0090681 secs]
132.984: Total time for which application threads were stopped: 0.0092358 seconds, Stopping threads took: 0.0000273 seconds
133.051: [GC (Allocation Failure)  586495K->258793K(1034240K), 0.0042137 secs]
133.055: Total time for which application threads were stopped: 0.0043838 seconds, Stopping threads took: 0.0000280 seconds
133.123: [GC (Allocation Failure)  580329K->258729K(1034752K), 0.0042228 secs]
133.127: Total time for which application threads were stopped: 0.0043839 seconds, Stopping threads took: 0.0000201 seconds
133.194: [GC (Allocation Failure)  580265K->250919K(1032704K), 0.0011377 secs]
133.195: Total time for which application threads were stopped: 0.0012585 seconds, Stopping threads took: 0.0000201 seconds
133.264: [GC (Allocation Failure)  570407K->258753K(1033728K), 0.0056635 secs]
133.270: Total time for which application threads were stopped: 0.0058139 seconds, Stopping threads took: 0.0000171 seconds
133.338: [GC (Allocation Failure)  578241K->262841K(1035264K), 0.0056295 secs]
133.343: Total time for which application threads were stopped: 0.0059442 seconds, Stopping threads took: 0.0000228 seconds
133.412: [GC (Allocation Failure)  584889K->268991K(1034752K), 0.0067512 secs]
133.419: Total time for which application threads were stopped: 0.0069194 seconds, Stopping threads took: 0.0000273 seconds
133.487: [GC (Allocation Failure)  591039K->263969K(1032704K), 0.0042556 secs]
133.492: Total time for which application threads were stopped: 0.0044602 seconds, Stopping threads took: 0.0000271 seconds
133.562: [GC (Allocation Failure)  583457K->263745K(1033728K), 0.0039077 secs]
133.566: Total time for which application threads were stopped: 0.0040917 seconds, Stopping threads took: 0.0000173 seconds
133.634: [GC (Allocation Failure)  583233K->267583K(1033216K), 0.0057447 secs]
133.640: Total time for which application threads were stopped: 0.0059041 seconds, Stopping threads took: 0.0000193 seconds
133.705: [GC (Allocation Failure)  587071K->263905K(1033728K), 0.0044301 secs]
133.710: Total time for which application threads were stopped: 0.0045945 seconds, Stopping threads took: 0.0000192 seconds
133.779: [GC (Allocation Failure)  583393K->263713K(1034752K), 0.0039620 secs]
133.783: Total time for which application threads were stopped: 0.0041273 seconds, Stopping threads took: 0.0000192 seconds
133.849: [GC (Allocation Failure)  584737K->264191K(1034240K), 0.0044162 secs]
133.854: Total time for which application threads were stopped: 0.0045806 seconds, Stopping threads took: 0.0000193 seconds
133.921: [GC (Allocation Failure)  585215K->263841K(1035264K), 0.0043041 secs]
133.926: Total time for which application threads were stopped: 0.0045048 seconds, Stopping threads took: 0.0000201 seconds
133.993: [GC (Allocation Failure)  586401K->263745K(1035264K), 0.0040416 secs]
133.997: Total time for which application threads were stopped: 0.0042449 seconds, Stopping threads took: 0.0000288 seconds
134.067: [GC (Allocation Failure)  586305K->266975K(1034752K), 0.0056309 secs]
134.073: Total time for which application threads were stopped: 0.0058031 seconds, Stopping threads took: 0.0000200 seconds
134.142: [GC (Allocation Failure)  589535K->263777K(1035264K), 0.0043302 secs]
134.147: Total time for which application threads were stopped: 0.0045047 seconds, Stopping threads took: 0.0000207 seconds
134.215: [GC (Allocation Failure)  586337K->263777K(1035776K), 0.0039840 secs]
134.219: Total time for which application threads were stopped: 0.0041494 seconds, Stopping threads took: 0.0000205 seconds
134.288: [GC (Allocation Failure)  586849K->271751K(1035264K), 0.0077851 secs]
134.296: Total time for which application threads were stopped: 0.0079466 seconds, Stopping threads took: 0.0000196 seconds
134.365: [GC (Allocation Failure)  594823K->267273K(1032192K), 0.0042713 secs]
134.369: Total time for which application threads were stopped: 0.0044297 seconds, Stopping threads took: 0.0000194 seconds
134.437: [GC (Allocation Failure)  586761K->267017K(1033728K), 0.0040303 secs]
134.441: Total time for which application threads were stopped: 0.0042012 seconds, Stopping threads took: 0.0000196 seconds
134.506: [GC (Allocation Failure)  586505K->273671K(1031168K), 0.0069683 secs]
134.513: Total time for which application threads were stopped: 0.0071443 seconds, Stopping threads took: 0.0000270 seconds
134.579: [GC (Allocation Failure)  591111K->267593K(1032704K), 0.0041905 secs]
134.584: Total time for which application threads were stopped: 0.0043624 seconds, Stopping threads took: 0.0000192 seconds
134.650: [GC (Allocation Failure)  585033K->267433K(1033216K), 0.0044660 secs]
134.654: Total time for which application threads were stopped: 0.0046456 seconds, Stopping threads took: 0.0000275 seconds
134.720: [GC (Allocation Failure)  585385K->263527K(1032704K), 0.0027367 secs]
134.723: Total time for which application threads were stopped: 0.0029080 seconds, Stopping threads took: 0.0000289 seconds
134.791: [GC (Allocation Failure)  581479K->267529K(1033216K), 0.0042340 secs]
134.795: Total time for which application threads were stopped: 0.0043886 seconds, Stopping threads took: 0.0000172 seconds
134.862: [GC (Allocation Failure)  585481K->267401K(1032704K), 0.0041975 secs]
134.866: Total time for which application threads were stopped: 0.0044004 seconds, Stopping threads took: 0.0000211 seconds
134.933: [GC (Allocation Failure)  585353K->270249K(1032704K), 0.0047150 secs]
134.938: Total time for which application threads were stopped: 0.0048968 seconds, Stopping threads took: 0.0000168 seconds
135.006: [GC (Allocation Failure)  588713K->275532K(1033216K), 0.0038969 secs]
135.010: Total time for which application threads were stopped: 0.0040808 seconds, Stopping threads took: 0.0000193 seconds
135.079: [GC (Allocation Failure)  593996K->275436K(1034752K), 0.0041777 secs]
135.083: Total time for which application threads were stopped: 0.0043268 seconds, Stopping threads took: 0.0000178 seconds
135.149: [GC (Allocation Failure)  596460K->276972K(1034240K), 0.0044302 secs]
135.153: Total time for which application threads were stopped: 0.0046094 seconds, Stopping threads took: 0.0000201 seconds
135.220: [GC (Allocation Failure)  597996K->283502K(1034752K), 0.0041790 secs]
135.225: Total time for which application threads were stopped: 0.0043784 seconds, Stopping threads took: 0.0000206 seconds
135.294: [GC (Allocation Failure)  604526K->283502K(1034240K), 0.0041640 secs]
135.298: Total time for which application threads were stopped: 0.0043378 seconds, Stopping threads took: 0.0000176 seconds
135.365: [GC (Allocation Failure)  604526K->284686K(1033728K), 0.0044074 secs]
135.370: Total time for which application threads were stopped: 0.0045819 seconds, Stopping threads took: 0.0000204 seconds
135.441: [GC (Allocation Failure)  605198K->291504K(1034240K), 0.0042738 secs]
135.445: Total time for which application threads were stopped: 0.0044426 seconds, Stopping threads took: 0.0000198 seconds
135.515: [GC (Allocation Failure)  612016K->291504K(1035264K), 0.0041307 secs]
135.519: Total time for which application threads were stopped: 0.0043027 seconds, Stopping threads took: 0.0000266 seconds
135.587: [GC (Allocation Failure)  613552K->292392K(1034752K), 0.0041997 secs]
135.591: Total time for which application threads were stopped: 0.0043602 seconds, Stopping threads took: 0.0000190 seconds
135.659: [GC (Allocation Failure)  614440K->299595K(1034752K), 0.0041389 secs]
135.664: Total time for which application threads were stopped: 0.0043144 seconds, Stopping threads took: 0.0000199 seconds
135.732: [GC (Allocation Failure)  621131K->299531K(1034752K), 0.0042870 secs]
135.736: Total time for which application threads were stopped: 0.0044464 seconds, Stopping threads took: 0.0000191 seconds
135.802: [GC (Allocation Failure)  621067K->302147K(1034752K), 0.0047041 secs]
135.807: Total time for which application threads were stopped: 0.0048682 seconds, Stopping threads took: 0.0000196 seconds
135.875: [GC (Allocation Failure)  623683K->307653K(1034752K), 0.0043232 secs]
135.880: Total time for which application threads were stopped: 0.0044967 seconds, Stopping threads took: 0.0000208 seconds
135.947: [GC (Allocation Failure)  629189K->307589K(1035264K), 0.0045169 secs]
135.952: Total time for which application threads were stopped: 0.0046859 seconds, Stopping threads took: 0.0000209 seconds
136.018: [GC (Allocation Failure)  629637K->307805K(1034752K), 0.0063897 secs]
136.025: Total time for which application threads were stopped: 0.0065858 seconds, Stopping threads took: 0.0000202 seconds
136.094: [GC (Allocation Failure)  629853K->315679K(1034752K), 0.0042514 secs]
136.099: Total time for which application threads were stopped: 0.0044224 seconds, Stopping threads took: 0.0000193 seconds
136.165: [GC (Allocation Failure)  637215K->315583K(1034752K), 0.0042602 secs]
136.169: Total time for which application threads were stopped: 0.0044337 seconds, Stopping threads took: 0.0000210 seconds
136.234: [GC (Allocation Failure)  637119K->317607K(1034752K), 0.0045842 secs]
136.239: Total time for which application threads were stopped: 0.0047459 seconds, Stopping threads took: 0.0000196 seconds
136.304: [GC (Allocation Failure)  639143K->323625K(1034752K), 0.0042142 secs]
136.309: Total time for which application threads were stopped: 0.0044053 seconds, Stopping threads took: 0.0000281 seconds
136.375: [GC (Allocation Failure)  645161K->323593K(1034752K), 0.0048983 secs]
136.380: Total time for which application threads were stopped: 0.0050608 seconds, Stopping threads took: 0.0000254 seconds
136.445: [GC (Allocation Failure)  645129K->326857K(1034752K), 0.0051297 secs]
136.451: Total time for which application threads were stopped: 0.0052993 seconds, Stopping threads took: 0.0000208 seconds
136.520: [GC (Allocation Failure)  648393K->331660K(1034752K), 0.0042822 secs]
136.524: Total time for which application threads were stopped: 0.0044518 seconds, Stopping threads took: 0.0000284 seconds
136.591: [GC (Allocation Failure)  653196K->331692K(1034752K), 0.0044201 secs]
136.595: Total time for which application threads were stopped: 0.0045871 seconds, Stopping threads took: 0.0000200 seconds
136.660: [GC (Allocation Failure)  653228K->332004K(1034752K), 0.0046416 secs]
136.665: Total time for which application threads were stopped: 0.0048111 seconds, Stopping threads took: 0.0000194 seconds
136.733: [GC (Allocation Failure)  653540K->339718K(1034752K), 0.0042606 secs]
136.737: Total time for which application threads were stopped: 0.0044338 seconds, Stopping threads took: 0.0000199 seconds
136.806: [GC (Allocation Failure)  661254K->339718K(1034752K), 0.0041562 secs]
136.810: Total time for which application threads were stopped: 0.0043581 seconds, Stopping threads took: 0.0000225 seconds
136.878: [GC (Allocation Failure)  661254K->341294K(1034752K), 0.0044062 secs]
136.882: Total time for which application threads were stopped: 0.0045668 seconds, Stopping threads took: 0.0000200 seconds
136.951: [GC (Allocation Failure)  662830K->347856K(1033728K), 0.0046105 secs]
136.955: Total time for which application threads were stopped: 0.0047805 seconds, Stopping threads took: 0.0000200 seconds
137.023: [GC (Allocation Failure)  668368K->347760K(1034240K), 0.0045049 secs]
137.027: Total time for which application threads were stopped: 0.0046672 seconds, Stopping threads took: 0.0000201 seconds
137.096: [GC (Allocation Failure)  668272K->348520K(1033728K), 0.0042937 secs]
137.100: Total time for which application threads were stopped: 0.0044558 seconds, Stopping threads took: 0.0000202 seconds
137.169: [GC (Allocation Failure)  669032K->355818K(1034240K), 0.0044969 secs]
137.174: Total time for which application threads were stopped: 0.0046574 seconds, Stopping threads took: 0.0000199 seconds
137.242: [GC (Allocation Failure)  676330K->355754K(1034240K), 0.0043015 secs]
137.246: Total time for which application threads were stopped: 0.0044646 seconds, Stopping threads took: 0.0000200 seconds
137.313: [GC (Allocation Failure)  676266K->358794K(1034240K), 0.0049478 secs]
137.318: Total time for which application threads were stopped: 0.0051377 seconds, Stopping threads took: 0.0000206 seconds
137.386: [GC (Allocation Failure)  679306K->363757K(1034752K), 0.0050392 secs]
137.391: Total time for which application threads were stopped: 0.0051870 seconds, Stopping threads took: 0.0000201 seconds
137.459: [GC (Allocation Failure)  685293K->363789K(1034752K), 0.0043181 secs]
137.464: Total time for which application threads were stopped: 0.0044877 seconds, Stopping threads took: 0.0000281 seconds
137.529: [GC (Allocation Failure)  685325K->367013K(1034752K), 0.0050033 secs]
137.534: Total time for which application threads were stopped: 0.0051702 seconds, Stopping threads took: 0.0000258 seconds
137.603: [GC (Allocation Failure)  688549K->371847K(1034752K), 0.0043915 secs]
137.607: Total time for which application threads were stopped: 0.0045640 seconds, Stopping threads took: 0.0000202 seconds
137.674: [GC (Allocation Failure)  693383K->371847K(1034752K), 0.0044109 secs]
137.679: Total time for which application threads were stopped: 0.0045748 seconds, Stopping threads took: 0.0000207 seconds
137.744: [GC (Allocation Failure)  693383K->372167K(1034752K), 0.0043288 secs]
137.748: Total time for which application threads were stopped: 0.0044986 seconds, Stopping threads took: 0.0000193 seconds
137.817: [GC (Allocation Failure)  693703K->379881K(1033728K), 0.0045277 secs]
137.821: Total time for which application threads were stopped: 0.0047241 seconds, Stopping threads took: 0.0000201 seconds
137.890: [GC (Allocation Failure)  700393K->379849K(1034240K), 0.0043599 secs]
137.894: Total time for which application threads were stopped: 0.0045275 seconds, Stopping threads took: 0.0000260 seconds
137.962: [GC (Allocation Failure)  700361K->383465K(1034752K), 0.0050560 secs]
137.967: Total time for which application threads were stopped: 0.0052299 seconds, Stopping threads took: 0.0000261 seconds
138.035: [GC (Allocation Failure)  704489K->387979K(1034240K), 0.0043839 secs]
138.039: Total time for which application threads were stopped: 0.0045993 seconds, Stopping threads took: 0.0000207 seconds
138.109: [GC (Allocation Failure)  709003K->387883K(1034752K), 0.0044893 secs]
138.113: Total time for which application threads were stopped: 0.0046530 seconds, Stopping threads took: 0.0000201 seconds
138.180: [GC (Allocation Failure)  709419K->391723K(1034752K), 0.0052538 secs]
138.186: Total time for which application threads were stopped: 0.0054358 seconds, Stopping threads took: 0.0000205 seconds
138.254: [GC (Allocation Failure)  713259K->395950K(1035264K), 0.0042645 secs]
138.259: Total time for which application threads were stopped: 0.0044272 seconds, Stopping threads took: 0.0000203 seconds
138.327: [GC (Allocation Failure)  718510K->395950K(1035264K), 0.0045910 secs]
138.331: Total time for which application threads were stopped: 0.0047549 seconds, Stopping threads took: 0.0000202 seconds
138.399: [GC (Allocation Failure)  718510K->398950K(1035264K), 0.0049582 secs]
138.404: Total time for which application threads were stopped: 0.0050976 seconds, Stopping threads took: 0.0000142 seconds
138.473: [GC (Allocation Failure)  721510K->404168K(1035264K), 0.0045215 secs]
138.478: Total time for which application threads were stopped: 0.0047048 seconds, Stopping threads took: 0.0000278 seconds
138.548: [GC (Allocation Failure)  726728K->403944K(1035264K), 0.0041755 secs]
138.552: Total time for which application threads were stopped: 0.0043604 seconds, Stopping threads took: 0.0000168 seconds
138.620: [GC (Allocation Failure)  726504K->399110K(1035264K), 0.0025372 secs]
138.623: Total time for which application threads were stopped: 0.0027234 seconds, Stopping threads took: 0.0000193 seconds
138.693: [GC (Allocation Failure)  721670K->404104K(1035264K), 0.0045890 secs]
138.697: Total time for which application threads were stopped: 0.0047613 seconds, Stopping threads took: 0.0000196 seconds
138.765: [GC (Allocation Failure)  726664K->403944K(1035264K), 0.0045318 secs]
138.770: Total time for which application threads were stopped: 0.0046986 seconds, Stopping threads took: 0.0000196 seconds
138.836: [GC (Allocation Failure)  726504K->403430K(1035776K), 0.0041652 secs]
138.841: Total time for which application threads were stopped: 0.0043407 seconds, Stopping threads took: 0.0000196 seconds
138.911: [GC (Allocation Failure)  726502K->404072K(1035264K), 0.0045786 secs]
138.916: Total time for which application threads were stopped: 0.0047448 seconds, Stopping threads took: 0.0000202 seconds
138.984: [GC (Allocation Failure)  727144K->403944K(1035776K), 0.0044247 secs]
138.988: Total time for which application threads were stopped: 0.0045959 seconds, Stopping threads took: 0.0000283 seconds
139.056: [GC (Allocation Failure)  727528K->409710K(1035776K), 0.0070954 secs]
139.063: Total time for which application threads were stopped: 0.0072578 seconds, Stopping threads took: 0.0000202 seconds
139.132: [GC (Allocation Failure)  733294K->405072K(1032704K), 0.0045988 secs]
139.137: Total time for which application threads were stopped: 0.0047639 seconds, Stopping threads took: 0.0000202 seconds
139.204: [GC (Allocation Failure)  725584K->404976K(1034240K), 0.0047631 secs]
139.209: Total time for which application threads were stopped: 0.0049486 seconds, Stopping threads took: 0.0000209 seconds
139.277: [GC (Allocation Failure)  725488K->411982K(1030656K), 0.0075084 secs]
139.285: Total time for which application threads were stopped: 0.0076820 seconds, Stopping threads took: 0.0000255 seconds
139.352: [GC (Allocation Failure)  729422K->406256K(1032704K), 0.0042943 secs]
139.356: Total time for which application threads were stopped: 0.0044681 seconds, Stopping threads took: 0.0000295 seconds
139.424: [GC (Allocation Failure)  723696K->406224K(1033728K), 0.0046378 secs]
139.429: Total time for which application threads were stopped: 0.0048152 seconds, Stopping threads took: 0.0000194 seconds
139.496: [GC (Allocation Failure)  725200K->403726K(1033216K), 0.0034940 secs]
139.500: Total time for which application threads were stopped: 0.0036541 seconds, Stopping threads took: 0.0000195 seconds
139.567: [GC (Allocation Failure)  722702K->406416K(1034752K), 0.0045008 secs]
139.571: Total time for which application threads were stopped: 0.0046650 seconds, Stopping threads took: 0.0000200 seconds
139.638: [GC (Allocation Failure)  727440K->406224K(1034240K), 0.0043847 secs]
139.643: Total time for which application threads were stopped: 0.0045615 seconds, Stopping threads took: 0.0000193 seconds
139.709: [GC (Allocation Failure)  727248K->401390K(1034240K), 0.0027073 secs]
139.711: Total time for which application threads were stopped: 0.0028742 seconds, Stopping threads took: 0.0000200 seconds
139.781: [GC (Allocation Failure)  722926K->406384K(1034752K), 0.0045776 secs]
139.785: Total time for which application threads were stopped: 0.0047581 seconds, Stopping threads took: 0.0000198 seconds
139.853: [GC (Allocation Failure)  727920K->406224K(1035776K), 0.0044208 secs]
139.857: Total time for which application threads were stopped: 0.0045839 seconds, Stopping threads took: 0.0000201 seconds
139.923: [GC (Allocation Failure)  729296K->404142K(1035264K), 0.0037321 secs]
139.926: Total time for which application threads were stopped: 0.0039010 seconds, Stopping threads took: 0.0000263 seconds
139.993: [GC (Allocation Failure)  727214K->406352K(1036288K), 0.0044438 secs]
139.997: Total time for which application threads were stopped: 0.0046103 seconds, Stopping threads took: 0.0000256 seconds
140.067: [GC (Allocation Failure)  730448K->406224K(1035776K), 0.0043921 secs]
140.072: Total time for which application threads were stopped: 0.0045626 seconds, Stopping threads took: 0.0000204 seconds
140.140: [GC (Allocation Failure)  730320K->411974K(1032192K), 0.0072392 secs]
140.147: Total time for which application threads were stopped: 0.0074053 seconds, Stopping threads took: 0.0000192 seconds
140.215: [GC (Allocation Failure)  732486K->407848K(1034240K), 0.0044725 secs]
140.219: Total time for which application threads were stopped: 0.0046322 seconds, Stopping threads took: 0.0000201 seconds
140.287: [GC (Allocation Failure)  728360K->407720K(1035264K), 0.0043356 secs]
140.292: Total time for which application threads were stopped: 0.0045054 seconds, Stopping threads took: 0.0000201 seconds
140.359: [GC (Allocation Failure)  730280K->413702K(1035264K), 0.0071713 secs]
140.366: Total time for which application threads were stopped: 0.0073447 seconds, Stopping threads took: 0.0000200 seconds
140.435: [GC (Allocation Failure)  736262K->408488K(1033216K), 0.0046259 secs]
140.439: Total time for which application threads were stopped: 0.0047877 seconds, Stopping threads took: 0.0000197 seconds
140.507: [GC (Allocation Failure)  729000K->408456K(1034240K), 0.0060777 secs]
140.514: Total time for which application threads were stopped: 0.0062454 seconds, Stopping threads took: 0.0000281 seconds
140.581: [GC (Allocation Failure)  728968K->414622K(1031680K), 0.0071536 secs]
140.588: Total time for which application threads were stopped: 0.0073249 seconds, Stopping threads took: 0.0000195 seconds
140.656: [GC (Allocation Failure)  733086K->408992K(1033216K), 0.0044163 secs]
140.661: Total time for which application threads were stopped: 0.0045886 seconds, Stopping threads took: 0.0000201 seconds
140.729: [GC (Allocation Failure)  727456K->408896K(1033728K), 0.0043645 secs]
140.734: Total time for which application threads were stopped: 0.0045613 seconds, Stopping threads took: 0.0000199 seconds
140.798: [GC (Allocation Failure)  728384K->407998K(1033728K), 0.0041571 secs]
140.803: Total time for which application threads were stopped: 0.0043431 seconds, Stopping threads took: 0.0000195 seconds
140.870: [GC (Allocation Failure)  727486K->408896K(1034752K), 0.0044624 secs]
140.874: Total time for which application threads were stopped: 0.0046816 seconds, Stopping threads took: 0.0000215 seconds
140.940: [GC (Allocation Failure)  729920K->408864K(1034240K), 0.0044076 secs]
140.945: Total time for which application threads were stopped: 0.0045764 seconds, Stopping threads took: 0.0000194 seconds
141.012: [GC (Allocation Failure)  729888K->406174K(1034752K), 0.0034534 secs]
141.016: Total time for which application threads were stopped: 0.0036523 seconds, Stopping threads took: 0.0000263 seconds
141.085: [GC (Allocation Failure)  727710K->408864K(1034752K), 0.0044414 secs]
141.090: Total time for which application threads were stopped: 0.0046002 seconds, Stopping threads took: 0.0000166 seconds
141.158: [GC (Allocation Failure)  730400K->408864K(1035776K), 0.0044565 secs]
141.162: Total time for which application threads were stopped: 0.0046207 seconds, Stopping threads took: 0.0000202 seconds
141.230: [GC (Allocation Failure)  731936K->408926K(1035264K), 0.0046298 secs]
141.235: Total time for which application threads were stopped: 0.0047904 seconds, Stopping threads took: 0.0000192 seconds
141.303: [GC (Allocation Failure)  731998K->409088K(1036288K), 0.0042948 secs]
141.308: Total time for which application threads were stopped: 0.0044648 seconds, Stopping threads took: 0.0000196 seconds
141.376: [GC (Allocation Failure)  733696K->408832K(1036288K), 0.0043851 secs]
141.381: Total time for which application threads were stopped: 0.0045608 seconds, Stopping threads took: 0.0000167 seconds
141.447: [GC (Allocation Failure)  733440K->401438K(1034752K), 0.0015933 secs]
141.449: Total time for which application threads were stopped: 0.0017215 seconds, Stopping threads took: 0.0000191 seconds
141.517: [GC (Allocation Failure)  725022K->409056K(1035776K), 0.0046388 secs]
141.522: Total time for which application threads were stopped: 0.0048167 seconds, Stopping threads took: 0.0000259 seconds
141.590: [GC (Allocation Failure)  732640K->413008K(1036288K), 0.0072078 secs]
141.597: Total time for which application threads were stopped: 0.0073904 seconds, Stopping threads took: 0.0000225 seconds
141.665: [GC (Allocation Failure)  737616K->413008K(1036288K), 0.0042717 secs]
141.670: Total time for which application threads were stopped: 0.0044496 seconds, Stopping threads took: 0.0000220 seconds
141.737: [GC (Allocation Failure)  737616K->413160K(1034752K), 0.0045013 secs]
141.742: Total time for which application threads were stopped: 0.0046654 seconds, Stopping threads took: 0.0000197 seconds
141.811: [GC (Allocation Failure)  736744K->421066K(1035776K), 0.0044060 secs]
141.815: Total time for which application threads were stopped: 0.0045833 seconds, Stopping threads took: 0.0000215 seconds
141.884: [GC (Allocation Failure)  744650K->421034K(1036288K), 0.0045942 secs]
141.889: Total time for which application threads were stopped: 0.0047659 seconds, Stopping threads took: 0.0000203 seconds
141.957: [GC (Allocation Failure)  745130K->421098K(1024000K), 0.0047787 secs]
141.962: Total time for which application threads were stopped: 0.0049597 seconds, Stopping threads took: 0.0000224 seconds
142.029: [GC (Allocation Failure)  745194K->429069K(1035264K), 0.0043364 secs]
142.033: Total time for which application threads were stopped: 0.0045335 seconds, Stopping threads took: 0.0000204 seconds
142.102: [GC (Allocation Failure)  751629K->429037K(1035264K), 0.0044781 secs]
142.107: Total time for which application threads were stopped: 0.0046556 seconds, Stopping threads took: 0.0000284 seconds
142.174: [GC (Allocation Failure)  751597K->429133K(1034752K), 0.0045754 secs]
142.179: Total time for which application threads were stopped: 0.0047719 seconds, Stopping threads took: 0.0000201 seconds
142.248: [GC (Allocation Failure)  751693K->437103K(1035264K), 0.0044290 secs]
142.253: Total time for which application threads were stopped: 0.0045980 seconds, Stopping threads took: 0.0000175 seconds
142.322: [GC (Allocation Failure)  759663K->437103K(1035264K), 0.0043568 secs]
142.326: Total time for which application threads were stopped: 0.0045240 seconds, Stopping threads took: 0.0000207 seconds
142.394: [GC (Allocation Failure)  759663K->437127K(1022464K), 0.0064978 secs]
142.400: Total time for which application threads were stopped: 0.0066633 seconds, Stopping threads took: 0.0000261 seconds
142.469: [GC (Allocation Failure)  759687K->445129K(1034752K), 0.0043181 secs]
142.473: Total time for which application threads were stopped: 0.0044768 seconds, Stopping threads took: 0.0000251 seconds
142.541: [GC (Allocation Failure)  766665K->445097K(1034752K), 0.0045920 secs]
142.546: Total time for which application threads were stopped: 0.0047579 seconds, Stopping threads took: 0.0000211 seconds
142.611: [GC (Allocation Failure)  766633K->445353K(1033728K), 0.0047113 secs]
142.616: Total time for which application threads were stopped: 0.0048839 seconds, Stopping threads took: 0.0000196 seconds
142.685: [GC (Allocation Failure)  765865K->453195K(1034240K), 0.0045417 secs]
142.690: Total time for which application threads were stopped: 0.0047045 seconds, Stopping threads took: 0.0000205 seconds
142.757: [GC (Allocation Failure)  773707K->453163K(1034240K), 0.0043447 secs]
142.761: Total time for which application threads were stopped: 0.0045385 seconds, Stopping threads took: 0.0000204 seconds
142.829: [GC (Allocation Failure)  773675K->453571K(1034240K), 0.0047889 secs]
142.834: Total time for which application threads were stopped: 0.0049612 seconds, Stopping threads took: 0.0000195 seconds
142.902: [GC (Allocation Failure)  774083K->461222K(1034240K), 0.0043915 secs]
142.906: Total time for which application threads were stopped: 0.0045658 seconds, Stopping threads took: 0.0000201 seconds
142.974: [GC (Allocation Failure)  781734K->461190K(1034240K), 0.0042444 secs]
142.978: Total time for which application threads were stopped: 0.0044208 seconds, Stopping threads took: 0.0000281 seconds
143.045: [GC (Allocation Failure)  781702K->461262K(1033216K), 0.0044474 secs]
143.050: Total time for which application threads were stopped: 0.0046054 seconds, Stopping threads took: 0.0000193 seconds
143.118: [GC (Allocation Failure)  780750K->469264K(1033728K), 0.0045666 secs]
143.123: Total time for which application threads were stopped: 0.0047493 seconds, Stopping threads took: 0.0000173 seconds
143.191: [GC (Allocation Failure)  788752K->469232K(1033728K), 0.0047204 secs]
143.196: Total time for which application threads were stopped: 0.0048990 seconds, Stopping threads took: 0.0000202 seconds
143.263: [GC (Allocation Failure)  788720K->469544K(1033728K), 0.0045820 secs]
143.267: Total time for which application threads were stopped: 0.0047804 seconds, Stopping threads took: 0.0000221 seconds
143.335: [GC (Allocation Failure)  789032K->477258K(1033728K), 0.0046874 secs]
143.340: Total time for which application threads were stopped: 0.0048493 seconds, Stopping threads took: 0.0000202 seconds
143.408: [GC (Allocation Failure)  796746K->477258K(1033728K), 0.0045097 secs]
143.412: Total time for which application threads were stopped: 0.0046696 seconds, Stopping threads took: 0.0000202 seconds
143.478: [GC (Allocation Failure)  796746K->477314K(1033728K), 0.0046594 secs]
143.483: Total time for which application threads were stopped: 0.0048338 seconds, Stopping threads took: 0.0000262 seconds
143.550: [GC (Allocation Failure)  796802K->485284K(1027072K), 0.0047891 secs]
143.555: Total time for which application threads were stopped: 0.0049501 seconds, Stopping threads took: 0.0000193 seconds
143.624: [GC (Allocation Failure)  804772K->485316K(1033216K), 0.0046996 secs]
143.629: Total time for which application threads were stopped: 0.0048625 seconds, Stopping threads took: 0.0000191 seconds
143.694: [GC (Allocation Failure)  803780K->485452K(1033216K), 0.0047334 secs]
143.699: Total time for which application threads were stopped: 0.0049054 seconds, Stopping threads took: 0.0000207 seconds
143.766: [GC (Allocation Failure)  803916K->493327K(1033216K), 0.0045523 secs]
143.771: Total time for which application threads were stopped: 0.0047261 seconds, Stopping threads took: 0.0000206 seconds
143.836: [GC (Allocation Failure)  811790K->489420K(1033216K), 0.0035992 secs]
143.840: Total time for which application threads were stopped: 0.0037724 seconds, Stopping threads took: 0.0000208 seconds
143.908: [GC (Allocation Failure)  807884K->493487K(1034752K), 0.0047337 secs]
143.913: Total time for which application threads were stopped: 0.0049296 seconds, Stopping threads took: 0.0000199 seconds
143.982: [GC (Allocation Failure)  814511K->497455K(1034240K), 0.0043186 secs]
143.986: Total time for which application threads were stopped: 0.0044890 seconds, Stopping threads took: 0.0000277 seconds
144.054: [GC (Allocation Failure)  818479K->490668K(1034752K), 0.0019640 secs]
144.056: Total time for which application threads were stopped: 0.0021096 seconds, Stopping threads took: 0.0000213 seconds
144.124: [GC (Allocation Failure)  812204K->497519K(1034752K), 0.0045384 secs]
144.128: Total time for which application threads were stopped: 0.0047312 seconds, Stopping threads took: 0.0000201 seconds
144.195: [GC (Allocation Failure)  819055K->501599K(1034752K), 0.0054084 secs]
144.200: Total time for which application threads were stopped: 0.0055742 seconds, Stopping threads took: 0.0000208 seconds
144.266: [GC (Allocation Failure)  823135K->496028K(1034752K), 0.0026998 secs]
144.269: Total time for which application threads were stopped: 0.0028718 seconds, Stopping threads took: 0.0000193 seconds
144.338: [GC (Allocation Failure)  817564K->501903K(1035264K), 0.0046914 secs]
144.343: Total time for which application threads were stopped: 0.0048664 seconds, Stopping threads took: 0.0000205 seconds
144.410: [GC (Allocation Failure)  823951K->505743K(1034752K), 0.0047656 secs]
144.415: Total time for which application threads were stopped: 0.0049475 seconds, Stopping threads took: 0.0000204 seconds
144.482: [GC (Allocation Failure)  827719K->501868K(1035776K), 0.0035345 secs]
144.486: Total time for which application threads were stopped: 0.0037101 seconds, Stopping threads took: 0.0000272 seconds
144.554: [GC (Allocation Failure)  824940K->505903K(1035264K), 0.0048074 secs]
144.558: Total time for which application threads were stopped: 0.0049766 seconds, Stopping threads took: 0.0000195 seconds
144.626: [GC (Allocation Failure)  828975K->509871K(1035264K), 0.0047768 secs]
144.631: Total time for which application threads were stopped: 0.0049476 seconds, Stopping threads took: 0.0000288 seconds
144.701: [GC (Allocation Failure)  833455K->509871K(1035776K), 0.0045328 secs]
144.706: Total time for which application threads were stopped: 0.0046928 seconds, Stopping threads took: 0.0000192 seconds
144.773: [GC (Allocation Failure)  833455K->509927K(1034752K), 0.0046586 secs]
144.778: Total time for which application threads were stopped: 0.0048506 seconds, Stopping threads took: 0.0000204 seconds
144.847: [GC (Allocation Failure)  832487K->517897K(1035264K), 0.0045002 secs]
144.852: Total time for which application threads were stopped: 0.0046626 seconds, Stopping threads took: 0.0000200 seconds
144.920: [GC (Allocation Failure)  840457K->517897K(1034240K), 0.0044119 secs]
144.924: Total time for which application threads were stopped: 0.0045806 seconds, Stopping threads took: 0.0000199 seconds
144.990: [GC (Allocation Failure)  839433K->517961K(1034752K), 0.0045331 secs]
144.995: Total time for which application threads were stopped: 0.0047100 seconds, Stopping threads took: 0.0000280 seconds
145.062: [GC (Allocation Failure)  839497K->525931K(1034752K), 0.0044282 secs]
145.067: Total time for which application threads were stopped: 0.0045930 seconds, Stopping threads took: 0.0000258 seconds
145.137: [GC (Allocation Failure)  847467K->525963K(1029120K), 0.0044474 secs]
145.141: Total time for which application threads were stopped: 0.0046381 seconds, Stopping threads took: 0.0000194 seconds
145.209: [GC (Allocation Failure)  847499K->526155K(1034240K), 0.0046599 secs]
145.214: Total time for which application threads were stopped: 0.0048420 seconds, Stopping threads took: 0.0000174 seconds
145.283: [GC (Allocation Failure)  846667K->533965K(1034240K), 0.0046428 secs]
145.287: Total time for which application threads were stopped: 0.0048340 seconds, Stopping threads took: 0.0000195 seconds
145.356: [GC (Allocation Failure)  854477K->533965K(1034240K), 0.0047053 secs]
145.361: Total time for which application threads were stopped: 0.0048528 seconds, Stopping threads took: 0.0000166 seconds
145.429: [GC (Allocation Failure)  854477K->534405K(1020416K), 0.0049728 secs]
145.434: Total time for which application threads were stopped: 0.0051439 seconds, Stopping threads took: 0.0000205 seconds
145.502: [GC (Allocation Failure)  854917K->541992K(1033728K), 0.0046396 secs]
145.507: Total time for which application threads were stopped: 0.0048246 seconds, Stopping threads took: 0.0000259 seconds
145.573: [GC (Allocation Failure)  861480K->541992K(1033728K), 0.0047169 secs]
145.578: Total time for which application threads were stopped: 0.0048917 seconds, Stopping threads took: 0.0000210 seconds
145.644: [GC (Allocation Failure)  861480K->542120K(1033728K), 0.0047416 secs]
145.649: Total time for which application threads were stopped: 0.0049146 seconds, Stopping threads took: 0.0000216 seconds
145.717: [GC (Allocation Failure)  861608K->550026K(1033728K), 0.0046254 secs]
145.721: Total time for which application threads were stopped: 0.0047886 seconds, Stopping threads took: 0.0000198 seconds
145.789: [GC (Allocation Failure)  869514K->550026K(1033728K), 0.0045817 secs]
145.794: Total time for which application threads were stopped: 0.0047434 seconds, Stopping threads took: 0.0000198 seconds
145.860: [GC (Allocation Failure)  869514K->550090K(1033728K), 0.0048871 secs]
145.865: Total time for which application threads were stopped: 0.0050577 seconds, Stopping threads took: 0.0000204 seconds
145.935: [GC (Allocation Failure)  869578K->558092K(1032704K), 0.0047839 secs]
145.939: Total time for which application threads were stopped: 0.0049645 seconds, Stopping threads took: 0.0000220 seconds
146.008: [GC (Allocation Failure)  876556K->552522K(1033216K), 0.0025589 secs]
146.011: Total time for which application threads were stopped: 0.0027088 seconds, Stopping threads took: 0.0000252 seconds
146.077: [GC (Allocation Failure)  870986K->558316K(1034752K), 0.0047543 secs]
146.082: Total time for which application threads were stopped: 0.0049128 seconds, Stopping threads took: 0.0000194 seconds
146.150: [GC (Allocation Failure)  878828K->562204K(1033728K), 0.0048791 secs]
146.155: Total time for which application threads were stopped: 0.0050717 seconds, Stopping threads took: 0.0000195 seconds
146.224: [GC (Allocation Failure)  882716K->569098K(1029120K), 0.0075336 secs]
146.231: Total time for which application threads were stopped: 0.0077135 seconds, Stopping threads took: 0.0000169 seconds
146.300: [GC (Allocation Failure)  884490K->562988K(1031680K), 0.0047800 secs]
146.305: Total time for which application threads were stopped: 0.0049618 seconds, Stopping threads took: 0.0000201 seconds
146.371: [GC (Allocation Failure)  878380K->562860K(1032704K), 0.0073689 secs]
146.378: Total time for which application threads were stopped: 0.0075348 seconds, Stopping threads took: 0.0000206 seconds
146.444: [GC (Allocation Failure)  879788K->566220K(1032192K), 0.0056323 secs]
146.450: Total time for which application threads were stopped: 0.0058124 seconds, Stopping threads took: 0.0000222 seconds
146.518: [GC (Allocation Failure)  883148K->570991K(1033216K), 0.0047549 secs]
146.523: Total time for which application threads were stopped: 0.0049232 seconds, Stopping threads took: 0.0000262 seconds
146.591: [GC (Allocation Failure)  888942K->570863K(1032704K), 0.0047938 secs]
146.595: Total time for which application threads were stopped: 0.0049902 seconds, Stopping threads took: 0.0000205 seconds
146.663: [GC (Allocation Failure)  888814K->571879K(1033216K), 0.0048898 secs]
146.668: Total time for which application threads were stopped: 0.0050493 seconds, Stopping threads took: 0.0000195 seconds
146.735: [GC (Allocation Failure)  890343K->578921K(1033216K), 0.0049768 secs]
146.740: Total time for which application threads were stopped: 0.0051396 seconds, Stopping threads took: 0.0000197 seconds
146.806: [GC (Allocation Failure)  897385K->578889K(1033728K), 0.0046372 secs]
146.811: Total time for which application threads were stopped: 0.0048492 seconds, Stopping threads took: 0.0000193 seconds
146.878: [GC (Allocation Failure)  897865K->580553K(1033216K), 0.0049082 secs]
146.883: Total time for which application threads were stopped: 0.0050667 seconds, Stopping threads took: 0.0000199 seconds
146.950: [GC (Allocation Failure)  899529K->586987K(1033728K), 0.0047217 secs]
146.955: Total time for which application threads were stopped: 0.0048913 seconds, Stopping threads took: 0.0000195 seconds
147.022: [GC (Allocation Failure)  906475K->586955K(1033728K), 0.0048880 secs]
147.027: Total time for which application threads were stopped: 0.0050842 seconds, Stopping threads took: 0.0000280 seconds
147.093: [GC (Allocation Failure)  906443K->587267K(1033728K), 0.0049603 secs]
147.098: Total time for which application threads were stopped: 0.0051459 seconds, Stopping threads took: 0.0000209 seconds
147.164: [GC (Allocation Failure)  906755K->594981K(1033728K), 0.0050001 secs]
147.169: Total time for which application threads were stopped: 0.0051985 seconds, Stopping threads took: 0.0000205 seconds
147.238: [GC (Allocation Failure)  914469K->594949K(1033728K), 0.0048667 secs]
147.243: Total time for which application threads were stopped: 0.0050246 seconds, Stopping threads took: 0.0000173 seconds
147.310: [GC (Allocation Failure)  914437K->598573K(1033728K), 0.0056094 secs]
147.315: Total time for which application threads were stopped: 0.0058035 seconds, Stopping threads took: 0.0000194 seconds
147.387: [GC (Allocation Failure)  918061K->603056K(1034240K), 0.0058606 secs]
147.393: Total time for which application threads were stopped: 0.0060507 seconds, Stopping threads took: 0.0000257 seconds
147.460: [GC (Allocation Failure)  923568K->602992K(1034240K), 0.0047816 secs]
147.464: Total time for which application threads were stopped: 0.0049606 seconds, Stopping threads took: 0.0000275 seconds
147.532: [GC (Allocation Failure)  923504K->603720K(1034240K), 0.0048735 secs]
147.537: Total time for which application threads were stopped: 0.0050483 seconds, Stopping threads took: 0.0000262 seconds
147.604: [GC (Allocation Failure)  924232K->611050K(1034240K), 0.0047655 secs]
147.609: Total time for which application threads were stopped: 0.0049450 seconds, Stopping threads took: 0.0000203 seconds
147.676: [GC (Allocation Failure)  931562K->611050K(1034240K), 0.0047325 secs]
147.681: Total time for which application threads were stopped: 0.0049026 seconds, Stopping threads took: 0.0000194 seconds
147.748: [GC (Allocation Failure)  931562K->611946K(1034240K), 0.0049087 secs]
147.753: Total time for which application threads were stopped: 0.0050824 seconds, Stopping threads took: 0.0000199 seconds
147.823: [GC (Allocation Failure)  932458K->619052K(1034240K), 0.0050001 secs]
147.828: Total time for which application threads were stopped: 0.0051698 seconds, Stopping threads took: 0.0000203 seconds
147.896: [GC (Allocation Failure)  939564K->619084K(1034240K), 0.0047862 secs]
147.901: Total time for which application threads were stopped: 0.0049567 seconds, Stopping threads took: 0.0000193 seconds
147.968: [GC (Allocation Failure)  939596K->620204K(1034240K), 0.0049749 secs]
147.973: Total time for which application threads were stopped: 0.0051484 seconds, Stopping threads took: 0.0000262 seconds
148.041: [GC (Allocation Failure)  940716K->627150K(1034240K), 0.0050001 secs]
148.046: Total time for which application threads were stopped: 0.0051634 seconds, Stopping threads took: 0.0000199 seconds
148.114: [GC (Allocation Failure)  947662K->627118K(1034240K), 0.0049961 secs]
148.119: Total time for which application threads were stopped: 0.0051788 seconds, Stopping threads took: 0.0000198 seconds
148.187: [GC (Allocation Failure)  947630K->627398K(1020416K), 0.0049156 secs]
148.192: Total time for which application threads were stopped: 0.0050834 seconds, Stopping threads took: 0.0000200 seconds
148.260: [GC (Allocation Failure)  947910K->635177K(1033728K), 0.0048953 secs]
148.265: Total time for which application threads were stopped: 0.0050765 seconds, Stopping threads took: 0.0000194 seconds
148.334: [GC (Allocation Failure)  954665K->635113K(1033728K), 0.0049821 secs]
148.339: Total time for which application threads were stopped: 0.0051731 seconds, Stopping threads took: 0.0000205 seconds
148.408: [GC (Allocation Failure)  954601K->635657K(1033728K), 0.0047535 secs]
148.413: Total time for which application threads were stopped: 0.0049031 seconds, Stopping threads took: 0.0000169 seconds
148.480: [GC (Allocation Failure)  955145K->643211K(1033728K), 0.0047685 secs]
148.485: Total time for which application threads were stopped: 0.0049309 seconds, Stopping threads took: 0.0000261 seconds
148.553: [GC (Allocation Failure)  962699K->643147K(1033728K), 0.0047458 secs]
148.558: Total time for which application threads were stopped: 0.0049256 seconds, Stopping threads took: 0.0000278 seconds
148.624: [GC (Allocation Failure)  962635K->643883K(1033728K), 0.0048663 secs]
148.629: Total time for which application threads were stopped: 0.0050511 seconds, Stopping threads took: 0.0000205 seconds
148.696: [GC (Allocation Failure)  963371K->651181K(1033728K), 0.0047833 secs]
148.701: Total time for which application threads were stopped: 0.0049485 seconds, Stopping threads took: 0.0000204 seconds
148.767: [GC (Allocation Failure)  970669K->651181K(1033728K), 0.0051010 secs]
148.773: Total time for which application threads were stopped: 0.0052734 seconds, Stopping threads took: 0.0000204 seconds
148.838: [GC (Allocation Failure)  970669K->653197K(1033728K), 0.0053433 secs]
148.844: Total time for which application threads were stopped: 0.0055070 seconds, Stopping threads took: 0.0000198 seconds
148.911: [GC (Allocation Failure)  972685K->659183K(1033728K), 0.0047310 secs]
148.916: Total time for which application threads were stopped: 0.0048900 seconds, Stopping threads took: 0.0000200 seconds
148.983: [GC (Allocation Failure)  978671K->659247K(1033728K), 0.0048725 secs]
148.988: Total time for which application threads were stopped: 0.0050445 seconds, Stopping threads took: 0.0000257 seconds
149.053: [GC (Allocation Failure)  978735K->660327K(1033728K), 0.0069121 secs]
149.060: Total time for which application threads were stopped: 0.0070910 seconds, Stopping threads took: 0.0000193 seconds
149.128: [GC (Allocation Failure)  979815K->667274K(1033728K), 0.0051173 secs]
149.133: Total time for which application threads were stopped: 0.0052787 seconds, Stopping threads took: 0.0000197 seconds
149.202: [GC (Allocation Failure)  986762K->667242K(1033728K), 0.0047123 secs]
149.207: Total time for which application threads were stopped: 0.0048722 seconds, Stopping threads took: 0.0000192 seconds
149.272: [GC (Allocation Failure)  986730K->667562K(1033728K), 0.0049866 secs]
149.278: Total time for which application threads were stopped: 0.0051552 seconds, Stopping threads took: 0.0000198 seconds
149.345: [GC (Allocation Failure)  987050K->675308K(1033728K), 0.0049351 secs]
149.350: Total time for which application threads were stopped: 0.0051254 seconds, Stopping threads took: 0.0000193 seconds
149.419: [GC (Allocation Failure)  994796K->675244K(1033728K), 0.0050003 secs]
149.424: Total time for which application threads were stopped: 0.0051705 seconds, Stopping threads took: 0.0000196 seconds
149.491: [GC (Allocation Failure)  994732K->675788K(1033728K), 0.0049602 secs]
149.496: Total time for which application threads were stopped: 0.0051368 seconds, Stopping threads took: 0.0000260 seconds
149.563: [GC (Allocation Failure)  995276K->683310K(1033728K), 0.0051141 secs]
149.568: Total time for which application threads were stopped: 0.0052913 seconds, Stopping threads took: 0.0000272 seconds
149.636: [GC (Allocation Failure)  1002798K->683310K(1033728K), 0.0051019 secs]
149.641: Total time for which application threads were stopped: 0.0052661 seconds, Stopping threads took: 0.0000204 seconds
149.707: [GC (Allocation Failure)  1002798K->684038K(1033728K), 0.0051287 secs]
149.712: [Full GC (Ergonomics)  684038K->9199K(1033728K), 0.0134961 secs]
149.726: Total time for which application threads were stopped: 0.0189251 seconds, Stopping threads took: 0.0000202 seconds
149.794: [GC (Allocation Failure)  328687K->17585K(1027584K), 0.0036271 secs]
149.798: Total time for which application threads were stopped: 0.0037869 seconds, Stopping threads took: 0.0000198 seconds
149.866: [GC (Allocation Failure)  337073K->17625K(1033728K), 0.0037132 secs]
149.870: Total time for which application threads were stopped: 0.0038796 seconds, Stopping threads took: 0.0000190 seconds
149.934: [GC (Allocation Failure)  336601K->18073K(1033216K), 0.0036422 secs]
149.938: Total time for which application threads were stopped: 0.0038157 seconds, Stopping threads took: 0.0000206 seconds
150.006: [GC (Allocation Failure)  337049K->25659K(1033216K), 0.0037339 secs]
150.010: Total time for which application threads were stopped: 0.0039157 seconds, Stopping threads took: 0.0000371 seconds
150.077: [GC (Allocation Failure)  344123K->25691K(1033216K), 0.0035916 secs]
150.081: Total time for which application threads were stopped: 0.0037850 seconds, Stopping threads took: 0.0000192 seconds
150.147: [GC (Allocation Failure)  344155K->25723K(1033216K), 0.0037924 secs]
150.151: Total time for which application threads were stopped: 0.0039830 seconds, Stopping threads took: 0.0000205 seconds
150.220: [GC (Allocation Failure)  344187K->33725K(1033216K), 0.0036889 secs]
150.223: Total time for which application threads were stopped: 0.0038535 seconds, Stopping threads took: 0.0000202 seconds
150.288: [GC (Allocation Failure)  352189K->33693K(1033216K), 0.0038679 secs]
150.292: Total time for which application threads were stopped: 0.0040387 seconds, Stopping threads took: 0.0000203 seconds
150.357: [GC (Allocation Failure)  352157K->34013K(1033216K), 0.0038507 secs]
150.361: Total time for which application threads were stopped: 0.0040089 seconds, Stopping threads took: 0.0000201 seconds
150.430: [GC (Allocation Failure)  352477K->41728K(1033216K), 0.0035469 secs]
150.434: Total time for which application threads were stopped: 0.0037054 seconds, Stopping threads took: 0.0000176 seconds
150.499: [GC (Allocation Failure)  360192K->41760K(1033216K), 0.0037103 secs]
150.503: Total time for which application threads were stopped: 0.0038859 seconds, Stopping threads took: 0.0000265 seconds
150.568: [GC (Allocation Failure)  360224K->42248K(1033216K), 0.0038661 secs]
150.572: Total time for which application threads were stopped: 0.0040373 seconds, Stopping threads took: 0.0000254 seconds
150.639: [GC (Allocation Failure)  360712K->49802K(1033216K), 0.0038703 secs]
150.643: Total time for which application threads were stopped: 0.0040422 seconds, Stopping threads took: 0.0000209 seconds
150.710: [GC (Allocation Failure)  368266K->49802K(1033216K), 0.0038359 secs]
150.714: Total time for which application threads were stopped: 0.0040135 seconds, Stopping threads took: 0.0000212 seconds
150.778: [GC (Allocation Failure)  368266K->49994K(1033216K), 0.0036799 secs]
150.782: Total time for which application threads were stopped: 0.0038909 seconds, Stopping threads took: 0.0000213 seconds
150.849: [GC (Allocation Failure)  368458K->57836K(1033216K), 0.0037471 secs]
150.853: Total time for which application threads were stopped: 0.0039242 seconds, Stopping threads took: 0.0000207 seconds
150.921: [GC (Allocation Failure)  376300K->57836K(1033216K), 0.0038212 secs]
150.925: Total time for which application threads were stopped: 0.0039922 seconds, Stopping threads took: 0.0000168 seconds
150.992: [GC (Allocation Failure)  376300K->57964K(1033216K), 0.0036505 secs]
150.996: Total time for which application threads were stopped: 0.0038177 seconds, Stopping threads took: 0.0000198 seconds
151.063: [GC (Allocation Failure)  376428K->65839K(1033216K), 0.0037596 secs]
151.067: Total time for which application threads were stopped: 0.0039532 seconds, Stopping threads took: 0.0000194 seconds
151.133: [GC (Allocation Failure)  384303K->65839K(1033216K), 0.0037458 secs]
151.137: Total time for which application threads were stopped: 0.0038959 seconds, Stopping threads took: 0.0000174 seconds
151.201: [GC (Allocation Failure)  384303K->65903K(1033216K), 0.0040186 secs]
151.205: Total time for which application threads were stopped: 0.0041900 seconds, Stopping threads took: 0.0000202 seconds
151.272: [GC (Allocation Failure)  384367K->73905K(1033216K), 0.0037290 secs]
151.276: Total time for which application threads were stopped: 0.0038890 seconds, Stopping threads took: 0.0000196 seconds
151.342: [GC (Allocation Failure)  392369K->73873K(1033216K), 0.0038044 secs]
151.345: Total time for which application threads were stopped: 0.0039749 seconds, Stopping threads took: 0.0000201 seconds
151.413: [GC (Allocation Failure)  392337K->74121K(1033216K), 0.0039004 secs]
151.417: Total time for which application threads were stopped: 0.0040687 seconds, Stopping threads took: 0.0000197 seconds
151.483: [GC (Allocation Failure)  392585K->81931K(1033216K), 0.0038755 secs]
151.487: Total time for which application threads were stopped: 0.0040465 seconds, Stopping threads took: 0.0000261 seconds
151.553: [GC (Allocation Failure)  400395K->77993K(1033728K), 0.0023395 secs]
151.555: Total time for which application threads were stopped: 0.0024988 seconds, Stopping threads took: 0.0000192 seconds
151.622: [GC (Allocation Failure)  396969K->82059K(1033216K), 0.0040015 secs]
151.626: Total time for which application threads were stopped: 0.0041869 seconds, Stopping threads took: 0.0000191 seconds
151.692: [GC (Allocation Failure)  401035K->86059K(1034240K), 0.0038779 secs]
151.696: Total time for which application threads were stopped: 0.0040699 seconds, Stopping threads took: 0.0000197 seconds
151.764: [GC (Allocation Failure)  406571K->93545K(1034240K), 0.0071088 secs]
151.772: Total time for which application threads were stopped: 0.0072733 seconds, Stopping threads took: 0.0000163 seconds
151.839: [GC (Allocation Failure)  414057K->87307K(1029120K), 0.0038869 secs]
151.843: Total time for which application threads were stopped: 0.0040565 seconds, Stopping threads took: 0.0000190 seconds
151.909: [GC (Allocation Failure)  402699K->87275K(1031680K), 0.0038498 secs]
151.913: Total time for which application threads were stopped: 0.0040468 seconds, Stopping threads took: 0.0000209 seconds
151.978: [GC (Allocation Failure)  402667K->82761K(1032704K), 0.0019451 secs]
151.980: Total time for which application threads were stopped: 0.0020898 seconds, Stopping threads took: 0.0000162 seconds
152.049: [GC (Allocation Failure)  399689K->87499K(1032192K), 0.0037534 secs]
152.053: Total time for which application threads were stopped: 0.0039037 seconds, Stopping threads took: 0.0000166 seconds
152.120: [GC (Allocation Failure)  404427K->87275K(1033216K), 0.0040638 secs]
152.125: Total time for which application threads were stopped: 0.0042362 seconds, Stopping threads took: 0.0000203 seconds
152.191: [GC (Allocation Failure)  405227K->87435K(1032704K), 0.0038118 secs]
152.195: Total time for which application threads were stopped: 0.0040089 seconds, Stopping threads took: 0.0000202 seconds
152.264: [GC (Allocation Failure)  405387K->95341K(1033216K), 0.0036853 secs]
152.268: Total time for which application threads were stopped: 0.0038502 seconds, Stopping threads took: 0.0000189 seconds
152.335: [GC (Allocation Failure)  413805K->95341K(1033216K), 0.0038328 secs]
152.339: Total time for which application threads were stopped: 0.0040031 seconds, Stopping threads took: 0.0000199 seconds
152.405: [GC (Allocation Failure)  413805K->99245K(1033728K), 0.0047709 secs]
152.410: Total time for which application threads were stopped: 0.0049397 seconds, Stopping threads took: 0.0000196 seconds
152.478: [GC (Allocation Failure)  418221K->103440K(1033216K), 0.0038449 secs]
152.482: Total time for which application threads were stopped: 0.0040187 seconds, Stopping threads took: 0.0000265 seconds
152.548: [GC (Allocation Failure)  422416K->103344K(1034240K), 0.0039167 secs]
152.552: Total time for which application threads were stopped: 0.0040737 seconds, Stopping threads took: 0.0000194 seconds
152.619: [GC (Allocation Failure)  423344K->105928K(1033728K), 0.0043367 secs]
152.623: Total time for which application threads were stopped: 0.0045160 seconds, Stopping threads took: 0.0000194 seconds
152.691: [GC (Allocation Failure)  425928K->111402K(1034240K), 0.0038789 secs]
152.695: Total time for which application threads were stopped: 0.0040395 seconds, Stopping threads took: 0.0000191 seconds
152.762: [GC (Allocation Failure)  431914K->111402K(1034240K), 0.0039624 secs]
152.766: Total time for which application threads were stopped: 0.0041226 seconds, Stopping threads took: 0.0000196 seconds
152.833: [GC (Allocation Failure)  431914K->111626K(1034240K), 0.0039146 secs]
152.837: Total time for which application threads were stopped: 0.0040881 seconds, Stopping threads took: 0.0000198 seconds
152.906: [GC (Allocation Failure)  432138K->119404K(1034240K), 0.0041693 secs]
152.910: Total time for which application threads were stopped: 0.0043187 seconds, Stopping threads took: 0.0000176 seconds
152.978: [GC (Allocation Failure)  439916K->119404K(1034240K), 0.0037282 secs]
152.981: Total time for which application threads were stopped: 0.0039276 seconds, Stopping threads took: 0.0000265 seconds
153.051: [GC (Allocation Failure)  439916K->121892K(1034240K), 0.0042867 secs]
153.055: Total time for which application threads were stopped: 0.0044628 seconds, Stopping threads took: 0.0000266 seconds
153.123: [GC (Allocation Failure)  442404K->127462K(1034240K), 0.0039092 secs]
153.127: Total time for which application threads were stopped: 0.0040835 seconds, Stopping threads took: 0.0000214 seconds
153.195: [GC (Allocation Failure)  447974K->127430K(1034240K), 0.0038728 secs]
153.199: Total time for which application threads were stopped: 0.0040539 seconds, Stopping threads took: 0.0000199 seconds
153.266: [GC (Allocation Failure)  447942K->128062K(1034240K), 0.0046137 secs]
153.271: Total time for which application threads were stopped: 0.0047842 seconds, Stopping threads took: 0.0000194 seconds
153.339: [GC (Allocation Failure)  448574K->135457K(1034240K), 0.0038431 secs]
153.343: Total time for which application threads were stopped: 0.0040157 seconds, Stopping threads took: 0.0000210 seconds
153.411: [GC (Allocation Failure)  455969K->135489K(1034240K), 0.0040423 secs]
153.415: Total time for which application threads were stopped: 0.0041928 seconds, Stopping threads took: 0.0000171 seconds
153.482: [GC (Allocation Failure)  456001K->138345K(1034240K), 0.0045169 secs]
153.487: Total time for which application threads were stopped: 0.0046869 seconds, Stopping threads took: 0.0000263 seconds
153.555: [GC (Allocation Failure)  458857K->143627K(1034240K), 0.0037853 secs]
153.559: Total time for which application threads were stopped: 0.0039848 seconds, Stopping threads took: 0.0000211 seconds
153.629: [GC (Allocation Failure)  464139K->143531K(1034240K), 0.0037765 secs]
153.633: Total time for which application threads were stopped: 0.0039366 seconds, Stopping threads took: 0.0000168 seconds
153.700: [GC (Allocation Failure)  464043K->144515K(1034240K), 0.0042427 secs]
153.704: Total time for which application threads were stopped: 0.0044141 seconds, Stopping threads took: 0.0000198 seconds
153.772: [GC (Allocation Failure)  465027K->151557K(1034240K), 0.0039707 secs]
153.776: Total time for which application threads were stopped: 0.0041355 seconds, Stopping threads took: 0.0000201 seconds
153.844: [GC (Allocation Failure)  472069K->151525K(1034240K), 0.0041409 secs]
153.848: Total time for which application threads were stopped: 0.0043142 seconds, Stopping threads took: 0.0000197 seconds
153.916: [GC (Allocation Failure)  472037K->151709K(1034240K), 0.0046449 secs]
153.920: Total time for which application threads were stopped: 0.0048265 seconds, Stopping threads took: 0.0000282 seconds
153.989: [GC (Allocation Failure)  472221K->159551K(1034240K), 0.0103383 secs]
153.999: Total time for which application threads were stopped: 0.0105120 seconds, Stopping threads took: 0.0000200 seconds
154.069: [GC (Allocation Failure)  480063K->159551K(1034240K), 0.0040101 secs]
154.073: Total time for which application threads were stopped: 0.0042114 seconds, Stopping threads took: 0.0000277 seconds
154.142: [GC (Allocation Failure)  480063K->160999K(1034240K), 0.0041576 secs]
154.146: Total time for which application threads were stopped: 0.0043295 seconds, Stopping threads took: 0.0000200 seconds
154.214: [GC (Allocation Failure)  481511K->167690K(1034240K), 0.0040566 secs]
154.218: Total time for which application threads were stopped: 0.0042537 seconds, Stopping threads took: 0.0000209 seconds
154.288: [GC (Allocation Failure)  488202K->167594K(1034240K), 0.0038768 secs]
154.292: Total time for which application threads were stopped: 0.0040722 seconds, Stopping threads took: 0.0000198 seconds
154.360: [GC (Allocation Failure)  488106K->167658K(1020416K), 0.0040638 secs]
154.364: Total time for which application threads were stopped: 0.0042334 seconds, Stopping threads took: 0.0000253 seconds
154.435: [GC (Allocation Failure)  488170K->175628K(1033728K), 0.0038315 secs]
154.438: Total time for which application threads were stopped: 0.0039901 seconds, Stopping threads took: 0.0000174 seconds
154.506: [GC (Allocation Failure)  495116K->175660K(1033728K), 0.0039182 secs]
154.510: Total time for which application threads were stopped: 0.0041117 seconds, Stopping threads took: 0.0000259 seconds
154.575: [GC (Allocation Failure)  495148K->175916K(1033728K), 0.0041691 secs]
154.579: Total time for which application threads were stopped: 0.0043397 seconds, Stopping threads took: 0.0000254 seconds
154.647: [GC (Allocation Failure)  495404K->183630K(1033728K), 0.0040811 secs]
154.652: Total time for which application threads were stopped: 0.0042517 seconds, Stopping threads took: 0.0000197 seconds
154.719: [GC (Allocation Failure)  503118K->183630K(1033728K), 0.0038998 secs]
154.723: Total time for which application threads were stopped: 0.0040624 seconds, Stopping threads took: 0.0000201 seconds
154.788: [GC (Allocation Failure)  503118K->184646K(1033728K), 0.0041959 secs]
154.793: Total time for which application threads were stopped: 0.0044346 seconds, Stopping threads took: 0.0000286 seconds
154.861: [GC (Allocation Failure)  504134K->191688K(1033728K), 0.0047777 secs]
154.866: Total time for which application threads were stopped: 0.0049625 seconds, Stopping threads took: 0.0000206 seconds
154.933: [GC (Allocation Failure)  511176K->191688K(1033728K), 0.0047969 secs]
154.938: Total time for which application threads were stopped: 0.0049794 seconds, Stopping threads took: 0.0000220 seconds
155.005: [GC (Allocation Failure)  511176K->191848K(1033728K), 0.0040350 secs]
155.009: Total time for which application threads were stopped: 0.0042187 seconds, Stopping threads took: 0.0000263 seconds
155.075: [GC (Allocation Failure)  511336K->199723K(1033728K), 0.0042403 secs]
155.079: Total time for which application threads were stopped: 0.0044101 seconds, Stopping threads took: 0.0000194 seconds
155.147: [GC (Allocation Failure)  519211K->199723K(1033728K), 0.0040683 secs]
155.151: Total time for which application threads were stopped: 0.0042457 seconds, Stopping threads took: 0.0000215 seconds
155.216: [GC (Allocation Failure)  519211K->201099K(1033728K), 0.0041500 secs]
155.221: Total time for which application threads were stopped: 0.0043332 seconds, Stopping threads took: 0.0000201 seconds
155.290: [GC (Allocation Failure)  520587K->207821K(1033728K), 0.0040954 secs]
155.294: Total time for which application threads were stopped: 0.0042584 seconds, Stopping threads took: 0.0000203 seconds
155.362: [GC (Allocation Failure)  527309K->207757K(1033728K), 0.0041435 secs]
155.367: Total time for which application threads were stopped: 0.0043126 seconds, Stopping threads took: 0.0000197 seconds
155.433: [GC (Allocation Failure)  527245K->208325K(1033728K), 0.0041652 secs]
155.437: Total time for which application threads were stopped: 0.0043590 seconds, Stopping threads took: 0.0000202 seconds
155.506: [GC (Allocation Failure)  527813K->215815K(1033728K), 0.0038797 secs]
155.510: Total time for which application threads were stopped: 0.0040487 seconds, Stopping threads took: 0.0000261 seconds
155.577: [GC (Allocation Failure)  535303K->215751K(1033728K), 0.0039347 secs]
155.581: Total time for which application threads were stopped: 0.0041324 seconds, Stopping threads took: 0.0000202 seconds
155.648: [GC (Allocation Failure)  535239K->216583K(1033728K), 0.0041409 secs]
155.652: Total time for which application threads were stopped: 0.0043218 seconds, Stopping threads took: 0.0000170 seconds
155.721: [GC (Allocation Failure)  536071K->223850K(1033728K), 0.0040334 secs]
155.725: Total time for which application threads were stopped: 0.0041826 seconds, Stopping threads took: 0.0000172 seconds
155.793: [GC (Allocation Failure)  543338K->223850K(1033728K), 0.0038608 secs]
155.797: Total time for which application threads were stopped: 0.0040193 seconds, Stopping threads took: 0.0000194 seconds
155.862: [GC (Allocation Failure)  543338K->224810K(1033728K), 0.0042350 secs]
155.867: Total time for which application threads were stopped: 0.0044211 seconds, Stopping threads took: 0.0000256 seconds
155.932: [GC (Allocation Failure)  544298K->231884K(1033728K), 0.0042803 secs]
155.937: Total time for which application threads were stopped: 0.0044525 seconds, Stopping threads took: 0.0000200 seconds
156.005: [GC (Allocation Failure)  551372K->231852K(1033728K), 0.0038642 secs]
156.009: Total time for which application threads were stopped: 0.0040435 seconds, Stopping threads took: 0.0000282 seconds
156.073: [GC (Allocation Failure)  551340K->232012K(1019392K), 0.0041257 secs]
156.078: Total time for which application threads were stopped: 0.0043194 seconds, Stopping threads took: 0.0000199 seconds
156.145: [GC (Allocation Failure)  551500K->239886K(1033216K), 0.0042735 secs]
156.149: Total time for which application threads were stopped: 0.0044289 seconds, Stopping threads took: 0.0000167 seconds
156.217: [GC (Allocation Failure)  558350K->239886K(1033216K), 0.0039963 secs]
156.221: Total time for which application threads were stopped: 0.0041577 seconds, Stopping threads took: 0.0000201 seconds
156.286: [GC (Allocation Failure)  558350K->240238K(1033216K), 0.0043106 secs]
156.291: Total time for which application threads were stopped: 0.0044772 seconds, Stopping threads took: 0.0000199 seconds
156.358: [GC (Allocation Failure)  558702K->247920K(1033216K), 0.0042335 secs]
156.363: Total time for which application threads were stopped: 0.0043990 seconds, Stopping threads took: 0.0000206 seconds
156.430: [GC (Allocation Failure)  566384K->247920K(1033216K), 0.0041412 secs]
156.434: Total time for which application threads were stopped: 0.0043183 seconds, Stopping threads took: 0.0000275 seconds
156.499: [GC (Allocation Failure)  566384K->248456K(1033216K), 0.0041797 secs]
156.503: Total time for which application threads were stopped: 0.0043504 seconds, Stopping threads took: 0.0000276 seconds
156.572: [GC (Allocation Failure)  566920K->255979K(1033216K), 0.0048186 secs]
156.577: Total time for which application threads were stopped: 0.0049943 seconds, Stopping threads took: 0.0000199 seconds
156.644: [GC (Allocation Failure)  574443K->255979K(1033216K), 0.0041277 secs]
156.649: Total time for which application threads were stopped: 0.0043003 seconds, Stopping threads took: 0.0000215 seconds
156.713: [GC (Allocation Failure)  574443K->256203K(1033216K), 0.0042001 secs]
156.718: Total time for which application threads were stopped: 0.0043875 seconds, Stopping threads took: 0.0000200 seconds
156.785: [GC (Allocation Failure)  574667K->264013K(1033216K), 0.0041590 secs]
156.790: Total time for which application threads were stopped: 0.0043107 seconds, Stopping threads took: 0.0000199 seconds
156.855: [GC (Allocation Failure)  582477K->263981K(1033216K), 0.0042957 secs]
156.860: Total time for which application threads were stopped: 0.0044545 seconds, Stopping threads took: 0.0000197 seconds
156.927: [GC (Allocation Failure)  582445K->264037K(1033216K), 0.0041383 secs]
156.931: Total time for which application threads were stopped: 0.0043659 seconds, Stopping threads took: 0.0000279 seconds
157.000: [GC (Allocation Failure)  582501K->272007K(1033216K), 0.0041151 secs]
157.004: Total time for which application threads were stopped: 0.0043022 seconds, Stopping threads took: 0.0000258 seconds
157.071: [GC (Allocation Failure)  590471K->271975K(1033216K), 0.0043189 secs]
157.075: Total time for which application threads were stopped: 0.0044696 seconds, Stopping threads took: 0.0000170 seconds
157.140: [GC (Allocation Failure)  590439K->272167K(1033216K), 0.0042593 secs]
157.144: Total time for which application threads were stopped: 0.0044699 seconds, Stopping threads took: 0.0000532 seconds
157.211: [GC (Allocation Failure)  590631K->280073K(1033216K), 0.0044559 secs]
157.216: Total time for which application threads were stopped: 0.0046264 seconds, Stopping threads took: 0.0000204 seconds
157.281: [GC (Allocation Failure)  598537K->280041K(1033216K), 0.0043177 secs]
157.286: Total time for which application threads were stopped: 0.0045232 seconds, Stopping threads took: 0.0000206 seconds
157.350: [GC (Allocation Failure)  598505K->280361K(1033216K), 0.0042283 secs]
157.355: Total time for which application threads were stopped: 0.0044098 seconds, Stopping threads took: 0.0000218 seconds
157.422: [GC (Allocation Failure)  598825K->288076K(1033216K), 0.0043583 secs]
157.427: Total time for which application threads were stopped: 0.0045551 seconds, Stopping threads took: 0.0000199 seconds
157.496: [GC (Allocation Failure)  606540K->288076K(1033216K), 0.0040110 secs]
157.500: Total time for which application threads were stopped: 0.0041945 seconds, Stopping threads took: 0.0000266 seconds
157.565: [GC (Allocation Failure)  606540K->288620K(1033216K), 0.0041485 secs]
157.569: Total time for which application threads were stopped: 0.0043205 seconds, Stopping threads took: 0.0000208 seconds
157.636: [GC (Allocation Failure)  607084K->296110K(1033216K), 0.0042520 secs]
157.640: Total time for which application threads were stopped: 0.0044148 seconds, Stopping threads took: 0.0000203 seconds
157.706: [GC (Allocation Failure)  614574K->296110K(1033216K), 0.0043227 secs]
157.710: Total time for which application threads were stopped: 0.0044914 seconds, Stopping threads took: 0.0000197 seconds
157.777: [GC (Allocation Failure)  614574K->296326K(1033216K), 0.0043751 secs]
157.781: Total time for which application threads were stopped: 0.0045448 seconds, Stopping threads took: 0.0000205 seconds
157.848: [GC (Allocation Failure)  614790K->304168K(1033216K), 0.0043616 secs]
157.853: Total time for which application threads were stopped: 0.0045310 seconds, Stopping threads took: 0.0000197 seconds
157.918: [GC (Allocation Failure)  622632K->296422K(1033216K), 0.0011429 secs]
157.919: Total time for which application threads were stopped: 0.0012654 seconds, Stopping threads took: 0.0000200 seconds
157.990: [GC (Allocation Failure)  614886K->304328K(1033216K), 0.0041860 secs]
157.994: Total time for which application threads were stopped: 0.0043513 seconds, Stopping threads took: 0.0000250 seconds
158.062: [GC (Allocation Failure)  622792K->308312K(1033216K), 0.0054169 secs]
158.068: Total time for which application threads were stopped: 0.0055975 seconds, Stopping threads took: 0.0000213 seconds
158.133: [GC (Allocation Failure)  626776K->308950K(1032192K), 0.0045556 secs]
158.137: Total time for which application threads were stopped: 0.0047234 seconds, Stopping threads took: 0.0000200 seconds
158.204: [GC (Allocation Failure)  626390K->308376K(1032704K), 0.0042614 secs]
158.208: Total time for which application threads were stopped: 0.0044300 seconds, Stopping threads took: 0.0000202 seconds
158.276: [GC (Allocation Failure)  625816K->308280K(1033216K), 0.0047465 secs]
158.281: Total time for which application threads were stopped: 0.0049387 seconds, Stopping threads took: 0.0000208 seconds
158.349: [GC (Allocation Failure)  626744K->311064K(1033216K), 0.0046846 secs]
158.354: Total time for which application threads were stopped: 0.0048523 seconds, Stopping threads took: 0.0000191 seconds
158.422: [GC (Allocation Failure)  629528K->316314K(1033728K), 0.0044481 secs]
158.426: Total time for which application threads were stopped: 0.0046179 seconds, Stopping threads took: 0.0000195 seconds
158.495: [GC (Allocation Failure)  635290K->316314K(1033216K), 0.0043569 secs]
158.500: Total time for which application threads were stopped: 0.0045212 seconds, Stopping threads took: 0.0000264 seconds
158.567: [GC (Allocation Failure)  635290K->320354K(1034240K), 0.0052853 secs]
158.572: Total time for which application threads were stopped: 0.0054477 seconds, Stopping threads took: 0.0000196 seconds
158.640: [GC (Allocation Failure)  640354K->324389K(1033728K), 0.0044391 secs]
158.645: Total time for which application threads were stopped: 0.0046261 seconds, Stopping threads took: 0.0000195 seconds
158.712: [GC (Allocation Failure)  644389K->324389K(1034240K), 0.0045107 secs]
158.716: Total time for which application threads were stopped: 0.0046759 seconds, Stopping threads took: 0.0000193 seconds
158.783: [GC (Allocation Failure)  644901K->325517K(1034240K), 0.0044556 secs]
158.788: Total time for which application threads were stopped: 0.0046211 seconds, Stopping threads took: 0.0000201 seconds
158.855: [GC (Allocation Failure)  646029K->332463K(1034240K), 0.0044833 secs]
158.860: Total time for which application threads were stopped: 0.0046558 seconds, Stopping threads took: 0.0000192 seconds
158.930: [GC (Allocation Failure)  652975K->332399K(1034240K), 0.0043221 secs]
158.934: Total time for which application threads were stopped: 0.0045149 seconds, Stopping threads took: 0.0000195 seconds
159.003: [GC (Allocation Failure)  652911K->335791K(1034752K), 0.0065207 secs]
159.010: Total time for which application threads were stopped: 0.0067000 seconds, Stopping threads took: 0.0000281 seconds
159.077: [GC (Allocation Failure)  656815K->340593K(1034240K), 0.0042545 secs]
159.081: Total time for which application threads were stopped: 0.0044485 seconds, Stopping threads took: 0.0000197 seconds
159.150: [GC (Allocation Failure)  661617K->340465K(1034752K), 0.0042283 secs]
159.154: Total time for which application threads were stopped: 0.0044078 seconds, Stopping threads took: 0.0000203 seconds
159.221: [GC (Allocation Failure)  662001K->344041K(1034752K), 0.0052174 secs]
159.226: Total time for which application threads were stopped: 0.0053953 seconds, Stopping threads took: 0.0000203 seconds
159.294: [GC (Allocation Failure)  665577K->348524K(1034752K), 0.0043185 secs]
159.299: Total time for which application threads were stopped: 0.0045011 seconds, Stopping threads took: 0.0000204 seconds
159.366: [GC (Allocation Failure)  670060K->348492K(1034752K), 0.0043507 secs]
159.371: Total time for which application threads were stopped: 0.0045146 seconds, Stopping threads took: 0.0000203 seconds
159.437: [GC (Allocation Failure)  670028K->349188K(1034752K), 0.0046514 secs]
159.442: Total time for which application threads were stopped: 0.0048147 seconds, Stopping threads took: 0.0000203 seconds
159.512: [GC (Allocation Failure)  670724K->356550K(1034752K), 0.0042832 secs]
159.517: Total time for which application threads were stopped: 0.0044580 seconds, Stopping threads took: 0.0000264 seconds
159.584: [GC (Allocation Failure)  678086K->356486K(1034752K), 0.0039911 secs]
159.588: Total time for which application threads were stopped: 0.0041514 seconds, Stopping threads took: 0.0000192 seconds
159.655: [GC (Allocation Failure)  678022K->358382K(1034752K), 0.0045147 secs]
159.660: Total time for which application threads were stopped: 0.0047153 seconds, Stopping threads took: 0.0000221 seconds
159.729: [GC (Allocation Failure)  679918K->364560K(1034752K), 0.0041401 secs]
159.733: Total time for which application threads were stopped: 0.0043230 seconds, Stopping threads took: 0.0000171 seconds
159.802: [GC (Allocation Failure)  686096K->364528K(1034752K), 0.0041495 secs]
159.806: Total time for which application threads were stopped: 0.0043158 seconds, Stopping threads took: 0.0000171 seconds
159.875: [GC (Allocation Failure)  686064K->367656K(1034752K), 0.0049751 secs]
159.880: Total time for which application threads were stopped: 0.0051558 seconds, Stopping threads took: 0.0000189 seconds
159.948: [GC (Allocation Failure)  689192K->372650K(1034752K), 0.0043880 secs]
159.953: Total time for which application threads were stopped: 0.0045831 seconds, Stopping threads took: 0.0000202 seconds
160.023: [GC (Allocation Failure)  694186K->372554K(1034752K), 0.0043523 secs]
160.028: Total time for which application threads were stopped: 0.0045209 seconds, Stopping threads took: 0.0000258 seconds
160.095: [GC (Allocation Failure)  694090K->372810K(1034752K), 0.0042866 secs]
160.099: Total time for which application threads were stopped: 0.0044497 seconds, Stopping threads took: 0.0000254 seconds
160.166: [GC (Allocation Failure)  694346K->380621K(1033728K), 0.0044381 secs]
160.171: Total time for which application threads were stopped: 0.0046005 seconds, Stopping threads took: 0.0000195 seconds
160.238: [GC (Allocation Failure)  701133K->380589K(1034240K), 0.0045440 secs]
160.243: Total time for which application threads were stopped: 0.0047062 seconds, Stopping threads took: 0.0000198 seconds
160.311: [GC (Allocation Failure)  701101K->384133K(1034752K), 0.0051025 secs]
160.316: Total time for which application threads were stopped: 0.0052711 seconds, Stopping threads took: 0.0000195 seconds
160.385: [GC (Allocation Failure)  705669K->388615K(1034752K), 0.0050549 secs]
160.390: Total time for which application threads were stopped: 0.0051947 seconds, Stopping threads took: 0.0000174 seconds
160.457: [GC (Allocation Failure)  710151K->388647K(1034752K), 0.0044700 secs]
160.462: Total time for which application threads were stopped: 0.0046401 seconds, Stopping threads took: 0.0000193 seconds
160.529: [GC (Allocation Failure)  710183K->389255K(1034752K), 0.0044846 secs]
160.534: Total time for which application threads were stopped: 0.0046470 seconds, Stopping threads took: 0.0000189 seconds
160.600: [GC (Allocation Failure)  710791K->396681K(1034752K), 0.0046052 secs]
160.605: Total time for which application threads were stopped: 0.0047789 seconds, Stopping threads took: 0.0000200 seconds
160.671: [GC (Allocation Failure)  718217K->396649K(1034752K), 0.0044936 secs]
160.676: Total time for which application threads were stopped: 0.0046656 seconds, Stopping threads took: 0.0000212 seconds
160.741: [GC (Allocation Failure)  718185K->398537K(1034752K), 0.0047263 secs]
160.746: Total time for which application threads were stopped: 0.0049010 seconds, Stopping threads took: 0.0000205 seconds
160.812: [GC (Allocation Failure)  720073K->404779K(1029120K), 0.0052595 secs]
160.817: Total time for which application threads were stopped: 0.0054405 seconds, Stopping threads took: 0.0000201 seconds
160.884: [GC (Allocation Failure)  726315K->404683K(1034752K), 0.0045242 secs]
160.889: Total time for which application threads were stopped: 0.0046854 seconds, Stopping threads took: 0.0000193 seconds
160.956: [GC (Allocation Failure)  725707K->407275K(1034240K), 0.0048291 secs]
160.961: Total time for which application threads were stopped: 0.0049879 seconds, Stopping threads took: 0.0000175 seconds
161.029: [GC (Allocation Failure)  728299K->412782K(1034752K), 0.0042029 secs]
161.033: Total time for which application threads were stopped: 0.0043754 seconds, Stopping threads took: 0.0000324 seconds
161.102: [GC (Allocation Failure)  734318K->412750K(1034752K), 0.0044267 secs]
161.106: Total time for which application threads were stopped: 0.0045895 seconds, Stopping threads took: 0.0000195 seconds
161.172: [GC (Allocation Failure)  734286K->416046K(1034752K), 0.0052281 secs]
161.177: Total time for which application threads were stopped: 0.0053991 seconds, Stopping threads took: 0.0000212 seconds
161.245: [GC (Allocation Failure)  737582K->420784K(1034752K), 0.0046103 secs]
161.250: Total time for which application threads were stopped: 0.0047760 seconds, Stopping threads took: 0.0000199 seconds
161.317: [GC (Allocation Failure)  742320K->420752K(1034752K), 0.0046493 secs]
161.322: Total time for which application threads were stopped: 0.0048314 seconds, Stopping threads took: 0.0000198 seconds
161.390: [GC (Allocation Failure)  742288K->421160K(1034752K), 0.0074405 secs]
161.398: Total time for which application threads were stopped: 0.0075953 seconds, Stopping threads took: 0.0000253 seconds
161.466: [GC (Allocation Failure)  742696K->428810K(1034752K), 0.0045105 secs]
161.471: Total time for which application threads were stopped: 0.0046752 seconds, Stopping threads took: 0.0000200 seconds
161.539: [GC (Allocation Failure)  750346K->428810K(1034752K), 0.0045226 secs]
161.544: Total time for which application threads were stopped: 0.0047271 seconds, Stopping threads took: 0.0000266 seconds
161.610: [GC (Allocation Failure)  750346K->430434K(1034752K), 0.0047978 secs]
161.615: Total time for which application threads were stopped: 0.0049622 seconds, Stopping threads took: 0.0000265 seconds
161.683: [GC (Allocation Failure)  751970K->436964K(1029632K), 0.0045151 secs]
161.688: Total time for which application threads were stopped: 0.0046831 seconds, Stopping threads took: 0.0000190 seconds
161.755: [GC (Allocation Failure)  758500K->436804K(1034240K), 0.0053782 secs]
161.760: Total time for which application threads were stopped: 0.0055363 seconds, Stopping threads took: 0.0000189 seconds
161.826: [GC (Allocation Failure)  757316K->438652K(1034240K), 0.0047202 secs]
161.831: Total time for which application threads were stopped: 0.0049023 seconds, Stopping threads took: 0.0000197 seconds
161.901: [GC (Allocation Failure)  759164K->444959K(1034240K), 0.0046245 secs]
161.905: Total time for which application threads were stopped: 0.0047818 seconds, Stopping threads took: 0.0000161 seconds
161.973: [GC (Allocation Failure)  765471K->444799K(1034240K), 0.0044475 secs]
161.977: Total time for which application threads were stopped: 0.0046271 seconds, Stopping threads took: 0.0000207 seconds
162.044: [GC (Allocation Failure)  765311K->448935K(1034752K), 0.0054934 secs]
162.050: Total time for which application threads were stopped: 0.0056987 seconds, Stopping threads took: 0.0000269 seconds
162.119: [GC (Allocation Failure)  769959K->452937K(1034240K), 0.0044477 secs]
162.123: Total time for which application threads were stopped: 0.0046048 seconds, Stopping threads took: 0.0000167 seconds
162.191: [GC (Allocation Failure)  773961K->452905K(1034752K), 0.0046964 secs]
162.195: Total time for which application threads were stopped: 0.0048882 seconds, Stopping threads took: 0.0000197 seconds
162.265: [GC (Allocation Failure)  774441K->453097K(1034752K), 0.0045065 secs]
162.269: Total time for which application threads were stopped: 0.0046974 seconds, Stopping threads took: 0.0000191 seconds
162.338: [GC (Allocation Failure)  774633K->460939K(1033728K), 0.0045601 secs]
162.342: Total time for which application threads were stopped: 0.0047424 seconds, Stopping threads took: 0.0000271 seconds
162.413: [GC (Allocation Failure)  781451K->460939K(1034240K), 0.0046691 secs]
162.418: Total time for which application threads were stopped: 0.0048359 seconds, Stopping threads took: 0.0000199 seconds
162.484: [GC (Allocation Failure)  781451K->464395K(1034752K), 0.0051557 secs]
162.490: Total time for which application threads were stopped: 0.0053134 seconds, Stopping threads took: 0.0000255 seconds
162.557: [GC (Allocation Failure)  785419K->468942K(1034240K), 0.0047002 secs]
162.562: Total time for which application threads were stopped: 0.0048679 seconds, Stopping threads took: 0.0000198 seconds
162.629: [GC (Allocation Failure)  789966K->468974K(1034752K), 0.0045521 secs]
162.633: Total time for which application threads were stopped: 0.0047087 seconds, Stopping threads took: 0.0000199 seconds
162.700: [GC (Allocation Failure)  790510K->472646K(1034752K), 0.0052883 secs]
162.705: Total time for which application threads were stopped: 0.0054478 seconds, Stopping threads took: 0.0000193 seconds
162.773: [GC (Allocation Failure)  794182K->476968K(1035264K), 0.0044503 secs]
162.778: Total time for which application threads were stopped: 0.0046180 seconds, Stopping threads took: 0.0000200 seconds
162.845: [GC (Allocation Failure)  799528K->476968K(1035264K), 0.0046829 secs]
162.850: Total time for which application threads were stopped: 0.0048695 seconds, Stopping threads took: 0.0000192 seconds
162.916: [GC (Allocation Failure)  799528K->479848K(1035264K), 0.0050883 secs]
162.921: Total time for which application threads were stopped: 0.0052667 seconds, Stopping threads took: 0.0000211 seconds
162.989: [GC (Allocation Failure)  802408K->485066K(1035264K), 0.0067516 secs]
162.996: Total time for which application threads were stopped: 0.0069227 seconds, Stopping threads took: 0.0000282 seconds
163.066: [GC (Allocation Failure)  807626K->485034K(1035264K), 0.0043553 secs]
163.070: Total time for which application threads were stopped: 0.0045320 seconds, Stopping threads took: 0.0000262 seconds
163.136: [GC (Allocation Failure)  807594K->480008K(1035264K), 0.0026175 secs]
163.139: Total time for which application threads were stopped: 0.0027813 seconds, Stopping threads took: 0.0000218 seconds
163.207: [GC (Allocation Failure)  802568K->485034K(1035264K), 0.0047123 secs]
163.212: Total time for which application threads were stopped: 0.0048729 seconds, Stopping threads took: 0.0000188 seconds
163.280: [GC (Allocation Failure)  807594K->485034K(1035264K), 0.0056582 secs]
163.285: Total time for which application threads were stopped: 0.0058145 seconds, Stopping threads took: 0.0000192 seconds
163.353: [GC (Allocation Failure)  807594K->484328K(1035776K), 0.0042867 secs]
163.358: Total time for which application threads were stopped: 0.0044440 seconds, Stopping threads took: 0.0000190 seconds
163.429: [GC (Allocation Failure)  807400K->485258K(1035264K), 0.0045732 secs]
163.434: Total time for which application threads were stopped: 0.0047371 seconds, Stopping threads took: 0.0000197 seconds
163.502: [GC (Allocation Failure)  808330K->485002K(1035776K), 0.0047663 secs]
163.506: Total time for which application threads were stopped: 0.0049389 seconds, Stopping threads took: 0.0000264 seconds
163.575: [GC (Allocation Failure)  808586K->490632K(1035776K), 0.0071772 secs]
163.582: Total time for which application threads were stopped: 0.0073582 seconds, Stopping threads took: 0.0000283 seconds
163.651: [GC (Allocation Failure)  814216K->486090K(1032704K), 0.0048190 secs]
163.656: Total time for which application threads were stopped: 0.0050022 seconds, Stopping threads took: 0.0000203 seconds
163.724: [GC (Allocation Failure)  806602K->485898K(1034240K), 0.0045002 secs]
163.728: Total time for which application threads were stopped: 0.0046828 seconds, Stopping threads took: 0.0000211 seconds
163.797: [GC (Allocation Failure)  806410K->492744K(1030656K), 0.0074419 secs]
163.804: Total time for which application threads were stopped: 0.0075971 seconds, Stopping threads took: 0.0000200 seconds
163.871: [GC (Allocation Failure)  810184K->487146K(1032704K), 0.0045746 secs]
163.875: Total time for which application threads were stopped: 0.0047555 seconds, Stopping threads took: 0.0000204 seconds
163.942: [GC (Allocation Failure)  804586K->486954K(1033728K), 0.0046117 secs]
163.947: Total time for which application threads were stopped: 0.0049146 seconds, Stopping threads took: 0.0000188 seconds
164.016: [GC (Allocation Failure)  805930K->484328K(1033216K), 0.0034679 secs]
164.019: Total time for which application threads were stopped: 0.0036255 seconds, Stopping threads took: 0.0000253 seconds
164.086: [GC (Allocation Failure)  803304K->487050K(1034752K), 0.0045784 secs]
164.091: Total time for which application threads were stopped: 0.0047500 seconds, Stopping threads took: 0.0000196 seconds
164.158: [GC (Allocation Failure)  808074K->486954K(1034240K), 0.0047179 secs]
164.163: Total time for which application threads were stopped: 0.0048838 seconds, Stopping threads took: 0.0000207 seconds
164.231: [GC (Allocation Failure)  807978K->481992K(1034240K), 0.0026816 secs]
164.234: Total time for which application threads were stopped: 0.0028578 seconds, Stopping threads took: 0.0000168 seconds
164.302: [GC (Allocation Failure)  803528K->487018K(1034752K), 0.0046367 secs]
164.307: Total time for which application threads were stopped: 0.0048069 seconds, Stopping threads took: 0.0000218 seconds
164.374: [GC (Allocation Failure)  808554K->486954K(1035776K), 0.0052549 secs]
164.380: Total time for which application threads were stopped: 0.0054122 seconds, Stopping threads took: 0.0000179 seconds
164.447: [GC (Allocation Failure)  810026K->484744K(1035264K), 0.0036308 secs]
164.450: Total time for which application threads were stopped: 0.0037992 seconds, Stopping threads took: 0.0000194 seconds
164.517: [GC (Allocation Failure)  807816K->487210K(1035776K), 0.0045077 secs]
164.522: Total time for which application threads were stopped: 0.0046692 seconds, Stopping threads took: 0.0000258 seconds
164.592: [GC (Allocation Failure)  810794K->487018K(1035776K), 0.0046480 secs]
164.597: Total time for which application threads were stopped: 0.0048215 seconds, Stopping threads took: 0.0000191 seconds
164.664: [GC (Allocation Failure)  810602K->491576K(1033216K), 0.0065537 secs]
164.671: Total time for which application threads were stopped: 0.0067084 seconds, Stopping threads took: 0.0000187 seconds
164.737: [GC (Allocation Failure)  813112K->487482K(1034752K), 0.0045011 secs]
164.741: Total time for which application threads were stopped: 0.0046710 seconds, Stopping threads took: 0.0000192 seconds
164.807: [GC (Allocation Failure)  809018K->487354K(1035776K), 0.0044777 secs]
164.812: Total time for which application threads were stopped: 0.0046500 seconds, Stopping threads took: 0.0000197 seconds
164.877: [GC (Allocation Failure)  810426K->494712K(1035264K), 0.0157921 secs]
164.893: Total time for which application threads were stopped: 0.0159647 seconds, Stopping threads took: 0.0000201 seconds
164.961: [GC (Allocation Failure)  817784K->490074K(1033216K), 0.0048646 secs]
164.966: Total time for which application threads were stopped: 0.0050509 seconds, Stopping threads took: 0.0000221 seconds
165.034: [GC (Allocation Failure)  810586K->490010K(1034240K), 0.0044752 secs]
165.038: Total time for which application threads were stopped: 0.0046817 seconds, Stopping threads took: 0.0000440 seconds
165.107: [GC (Allocation Failure)  810522K->498056K(1030144K), 0.0082332 secs]
165.115: Total time for which application threads were stopped: 0.0083895 seconds, Stopping threads took: 0.0000168 seconds
165.182: [GC (Allocation Failure)  814472K->491882K(1032192K), 0.0046312 secs]
165.187: Total time for which application threads were stopped: 0.0048011 seconds, Stopping threads took: 0.0000198 seconds
165.253: [GC (Allocation Failure)  808298K->491786K(1033216K), 0.0045212 secs]
165.258: Total time for which application threads were stopped: 0.0046821 seconds, Stopping threads took: 0.0000203 seconds
165.325: [GC (Allocation Failure)  809738K->487272K(1032704K), 0.0030727 secs]
165.328: Total time for which application threads were stopped: 0.0032412 seconds, Stopping threads took: 0.0000190 seconds
165.398: [GC (Allocation Failure)  805224K->491818K(1033216K), 0.0045454 secs]
165.402: Total time for which application threads were stopped: 0.0047355 seconds, Stopping threads took: 0.0000179 seconds
165.469: [GC (Allocation Failure)  809770K->491818K(1032704K), 0.0045648 secs]
165.474: Total time for which application threads were stopped: 0.0047577 seconds, Stopping threads took: 0.0000206 seconds
165.541: [GC (Allocation Failure)  809770K->494026K(1032704K), 0.0048778 secs]
165.546: Total time for which application threads were stopped: 0.0050462 seconds, Stopping threads took: 0.0000281 seconds
165.614: [GC (Allocation Failure)  812490K->499884K(1033216K), 0.0046904 secs]
165.619: Total time for which application threads were stopped: 0.0048577 seconds, Stopping threads took: 0.0000201 seconds
165.686: [GC (Allocation Failure)  818348K->499820K(1034752K), 0.0044922 secs]
165.691: Total time for which application threads were stopped: 0.0046547 seconds, Stopping threads took: 0.0000197 seconds
165.760: [GC (Allocation Failure)  820844K->500716K(1034240K), 0.0048049 secs]
165.764: Total time for which application threads were stopped: 0.0049875 seconds, Stopping threads took: 0.0000197 seconds
165.832: [GC (Allocation Failure)  821740K->507887K(1034240K), 0.0045926 secs]
165.837: Total time for which application threads were stopped: 0.0047566 seconds, Stopping threads took: 0.0000199 seconds
165.904: [GC (Allocation Failure)  828399K->507887K(1034240K), 0.0045549 secs]
165.909: Total time for which application threads were stopped: 0.0047197 seconds, Stopping threads took: 0.0000203 seconds
165.976: [GC (Allocation Failure)  828399K->511495K(1034752K), 0.0053332 secs]
165.982: Total time for which application threads were stopped: 0.0055160 seconds, Stopping threads took: 0.0000209 seconds
166.049: [GC (Allocation Failure)  833031K->515977K(1034752K), 0.0046011 secs]
166.054: Total time for which application threads were stopped: 0.0047768 seconds, Stopping threads took: 0.0000258 seconds
166.120: [GC (Allocation Failure)  837513K->515881K(1035264K), 0.0045647 secs]
166.125: Total time for which application threads were stopped: 0.0047361 seconds, Stopping threads took: 0.0000200 seconds
166.194: [GC (Allocation Failure)  837929K->517161K(1034752K), 0.0048744 secs]
166.199: Total time for which application threads were stopped: 0.0050466 seconds, Stopping threads took: 0.0000198 seconds
166.267: [GC (Allocation Failure)  839209K->523979K(1034752K), 0.0047328 secs]
166.272: Total time for which application threads were stopped: 0.0049059 seconds, Stopping threads took: 0.0000201 seconds
166.340: [GC (Allocation Failure)  845515K->523947K(1034752K), 0.0047088 secs]
166.345: Total time for which application threads were stopped: 0.0048799 seconds, Stopping threads took: 0.0000198 seconds
166.411: [GC (Allocation Failure)  845483K->526955K(1035264K), 0.0052480 secs]
166.416: Total time for which application threads were stopped: 0.0054209 seconds, Stopping threads took: 0.0000200 seconds
166.484: [GC (Allocation Failure)  849515K->531949K(1035264K), 0.0047566 secs]
166.489: Total time for which application threads were stopped: 0.0049394 seconds, Stopping threads took: 0.0000204 seconds
166.558: [GC (Allocation Failure)  854509K->531949K(1035264K), 0.0047309 secs]
166.562: Total time for which application threads were stopped: 0.0049017 seconds, Stopping threads took: 0.0000196 seconds
166.630: [GC (Allocation Failure)  854509K->535181K(1035264K), 0.0053920 secs]
166.635: Total time for which application threads were stopped: 0.0055669 seconds, Stopping threads took: 0.0000198 seconds
166.704: [GC (Allocation Failure)  857741K->540048K(1035264K), 0.0046984 secs]
166.709: Total time for which application threads were stopped: 0.0048842 seconds, Stopping threads took: 0.0000200 seconds
166.777: [GC (Allocation Failure)  862608K->540016K(1035264K), 0.0046793 secs]
166.782: Total time for which application threads were stopped: 0.0048734 seconds, Stopping threads took: 0.0000209 seconds
166.849: [GC (Allocation Failure)  862576K->543400K(1035776K), 0.0054558 secs]
166.854: Total time for which application threads were stopped: 0.0056385 seconds, Stopping threads took: 0.0000200 seconds
166.922: [GC (Allocation Failure)  866472K->548170K(1035264K), 0.0047721 secs]
166.927: Total time for which application threads were stopped: 0.0049382 seconds, Stopping threads took: 0.0000201 seconds
166.995: [GC (Allocation Failure)  871242K->548010K(1035776K), 0.0045582 secs]
166.999: Total time for which application threads were stopped: 0.0047261 seconds, Stopping threads took: 0.0000284 seconds
167.065: [GC (Allocation Failure)  871082K->545096K(1035264K), 0.0036425 secs]
167.068: Total time for which application threads were stopped: 0.0038040 seconds, Stopping threads took: 0.0000194 seconds
167.134: [GC (Allocation Failure)  868168K->548106K(1035776K), 0.0047982 secs]
167.139: Total time for which application threads were stopped: 0.0049631 seconds, Stopping threads took: 0.0000200 seconds
167.207: [GC (Allocation Failure)  871690K->548010K(1035776K), 0.0048038 secs]
167.212: Total time for which application threads were stopped: 0.0049672 seconds, Stopping threads took: 0.0000205 seconds
167.280: [GC (Allocation Failure)  871594K->552008K(1033728K), 0.0062034 secs]
167.286: Total time for which application threads were stopped: 0.0063570 seconds, Stopping threads took: 0.0000191 seconds
167.353: [GC (Allocation Failure)  873544K->548010K(1034752K), 0.0076907 secs]
167.361: Total time for which application threads were stopped: 0.0078523 seconds, Stopping threads took: 0.0000199 seconds
167.430: [GC (Allocation Failure)  869546K->548042K(1035264K), 0.0048066 secs]
167.435: Total time for which application threads were stopped: 0.0049711 seconds, Stopping threads took: 0.0000190 seconds
167.503: [GC (Allocation Failure)  870602K->554184K(1035264K), 0.0074370 secs]
167.510: Total time for which application threads were stopped: 0.0076154 seconds, Stopping threads took: 0.0000193 seconds
167.579: [GC (Allocation Failure)  876744K->549162K(1033216K), 0.0048267 secs]
167.583: Total time for which application threads were stopped: 0.0050049 seconds, Stopping threads took: 0.0000193 seconds
167.651: [GC (Allocation Failure)  869674K->548938K(1034240K), 0.0045506 secs]
167.655: Total time for which application threads were stopped: 0.0047230 seconds, Stopping threads took: 0.0000204 seconds
167.722: [GC (Allocation Failure)  869450K->555328K(1030656K), 0.0074930 secs]
167.730: Total time for which application threads were stopped: 0.0076557 seconds, Stopping threads took: 0.0000192 seconds
167.797: [GC (Allocation Failure)  872768K->549762K(1032704K), 0.0046090 secs]
167.802: Total time for which application threads were stopped: 0.0047982 seconds, Stopping threads took: 0.0000198 seconds
167.869: [GC (Allocation Failure)  867202K->549602K(1033728K), 0.0045804 secs]
167.874: Total time for which application threads were stopped: 0.0047779 seconds, Stopping threads took: 0.0000170 seconds
167.941: [GC (Allocation Failure)  868578K->546496K(1033216K), 0.0036412 secs]
167.945: Total time for which application threads were stopped: 0.0038193 seconds, Stopping threads took: 0.0000167 seconds
168.014: [GC (Allocation Failure)  865472K->549698K(1034240K), 0.0046785 secs]
168.019: Total time for which application threads were stopped: 0.0048469 seconds, Stopping threads took: 0.0000276 seconds
168.086: [GC (Allocation Failure)  869698K->549602K(1033728K), 0.0047358 secs]
168.091: Total time for which application threads were stopped: 0.0049059 seconds, Stopping threads took: 0.0000198 seconds
168.158: [GC (Allocation Failure)  869602K->542080K(1033728K), 0.0017215 secs]
168.160: Total time for which application threads were stopped: 0.0018555 seconds, Stopping threads took: 0.0000195 seconds
168.227: [GC (Allocation Failure)  862592K->549634K(1034240K), 0.0047909 secs]
168.232: Total time for which application threads were stopped: 0.0049459 seconds, Stopping threads took: 0.0000188 seconds
168.300: [GC (Allocation Failure)  870146K->549570K(1035264K), 0.0047433 secs]
168.305: Total time for which application threads were stopped: 0.0049049 seconds, Stopping threads took: 0.0000193 seconds
168.372: [GC (Allocation Failure)  871618K->541760K(1021952K), 0.0073171 secs]
168.380: Total time for which application threads were stopped: 0.0075060 seconds, Stopping threads took: 0.0000189 seconds
168.449: [GC (Allocation Failure)  863808K->549570K(1034752K), 0.0047432 secs]
168.454: Total time for which application threads were stopped: 0.0049146 seconds, Stopping threads took: 0.0000199 seconds
168.522: [GC (Allocation Failure)  870594K->549570K(1034240K), 0.0047059 secs]
168.527: Total time for which application threads were stopped: 0.0048735 seconds, Stopping threads took: 0.0000263 seconds
168.593: [GC (Allocation Failure)  870594K->542496K(1033728K), 0.0019958 secs]
168.595: Total time for which application threads were stopped: 0.0021407 seconds, Stopping threads took: 0.0000210 seconds
168.661: [GC (Allocation Failure)  863008K->549794K(1034240K), 0.0049183 secs]
168.666: Total time for which application threads were stopped: 0.0050995 seconds, Stopping threads took: 0.0000218 seconds
168.735: [GC (Allocation Failure)  870306K->549538K(1034752K), 0.0045336 secs]
168.740: Total time for which application threads were stopped: 0.0047167 seconds, Stopping threads took: 0.0000176 seconds
168.809: [GC (Allocation Failure)  871074K->541600K(1021440K), 0.0015844 secs]
168.810: Total time for which application threads were stopped: 0.0017229 seconds, Stopping threads took: 0.0000196 seconds
168.876: [GC (Allocation Failure)  863136K->549762K(1034240K), 0.0048210 secs]
168.881: Total time for which application threads were stopped: 0.0049932 seconds, Stopping threads took: 0.0000203 seconds
168.949: [GC (Allocation Failure)  870274K->549570K(1034240K), 0.0047236 secs]
168.954: Total time for which application threads were stopped: 0.0048863 seconds, Stopping threads took: 0.0000201 seconds
169.021: [GC (Allocation Failure)  870082K->552922K(1034752K), 0.0097504 secs]
169.031: Total time for which application threads were stopped: 0.0099403 seconds, Stopping threads took: 0.0000195 seconds
169.101: [GC (Allocation Failure)  873946K->557660K(1034240K), 0.0068076 secs]
169.108: Total time for which application threads were stopped: 0.0070040 seconds, Stopping threads took: 0.0000232 seconds
169.177: [GC (Allocation Failure)  878684K->557596K(1034752K), 0.0047716 secs]
169.182: Total time for which application threads were stopped: 0.0049734 seconds, Stopping threads took: 0.0000227 seconds
169.250: [GC (Allocation Failure)  879132K->561188K(1034752K), 0.0065719 secs]
169.257: Total time for which application threads were stopped: 0.0067400 seconds, Stopping threads took: 0.0000190 seconds
169.323: [GC (Allocation Failure)  882724K->565702K(1034752K), 0.0048500 secs]
169.328: Total time for which application threads were stopped: 0.0050188 seconds, Stopping threads took: 0.0000193 seconds
169.394: [GC (Allocation Failure)  887238K->565638K(1034752K), 0.0045560 secs]
169.399: Total time for which application threads were stopped: 0.0047473 seconds, Stopping threads took: 0.0000193 seconds
169.466: [GC (Allocation Failure)  887174K->558308K(1034240K), 0.0017286 secs]
169.468: Total time for which application threads were stopped: 0.0018664 seconds, Stopping threads took: 0.0000172 seconds
169.535: [GC (Allocation Failure)  879844K->565862K(1034752K), 0.0047241 secs]
169.540: Total time for which application threads were stopped: 0.0049014 seconds, Stopping threads took: 0.0000263 seconds
169.609: [GC (Allocation Failure)  887398K->565638K(1034752K), 0.0045965 secs]
169.613: Total time for which application threads were stopped: 0.0047848 seconds, Stopping threads took: 0.0000206 seconds
169.681: [GC (Allocation Failure)  887174K->559460K(1034752K), 0.0023834 secs]
169.683: Total time for which application threads were stopped: 0.0025398 seconds, Stopping threads took: 0.0000198 seconds
169.753: [GC (Allocation Failure)  880996K->565734K(1034752K), 0.0046389 secs]
169.757: Total time for which application threads were stopped: 0.0048171 seconds, Stopping threads took: 0.0000216 seconds
169.825: [GC (Allocation Failure)  887270K->565670K(1034752K), 0.0047209 secs]
169.830: Total time for which application threads were stopped: 0.0048993 seconds, Stopping threads took: 0.0000219 seconds
169.895: [GC (Allocation Failure)  887206K->560676K(1034752K), 0.0027561 secs]
169.898: Total time for which application threads were stopped: 0.0029260 seconds, Stopping threads took: 0.0000192 seconds
169.966: [GC (Allocation Failure)  882212K->565670K(1034752K), 0.0049141 secs]
169.971: Total time for which application threads were stopped: 0.0050917 seconds, Stopping threads took: 0.0000214 seconds
170.039: [GC (Allocation Failure)  887206K->565638K(1034752K), 0.0046438 secs]
170.043: Total time for which application threads were stopped: 0.0048171 seconds, Stopping threads took: 0.0000289 seconds
170.110: [GC (Allocation Failure)  887174K->561892K(1034752K), 0.0034825 secs]
170.113: Total time for which application threads were stopped: 0.0036497 seconds, Stopping threads took: 0.0000196 seconds
170.181: [GC (Allocation Failure)  883428K->565862K(1035264K), 0.0047736 secs]
170.186: Total time for which application threads were stopped: 0.0049483 seconds, Stopping threads took: 0.0000194 seconds
170.254: [GC (Allocation Failure)  888422K->565638K(1035264K), 0.0047012 secs]
170.259: Total time for which application threads were stopped: 0.0048834 seconds, Stopping threads took: 0.0000200 seconds
170.324: [GC (Allocation Failure)  888198K->565156K(1035264K), 0.0046604 secs]
170.329: Total time for which application threads were stopped: 0.0048425 seconds, Stopping threads took: 0.0000352 seconds
170.397: [GC (Allocation Failure)  887716K->565862K(1035264K), 0.0046996 secs]
170.402: Total time for which application threads were stopped: 0.0048680 seconds, Stopping threads took: 0.0000174 seconds
170.470: [GC (Allocation Failure)  888422K->565638K(1035776K), 0.0046436 secs]
170.475: Total time for which application threads were stopped: 0.0048209 seconds, Stopping threads took: 0.0000202 seconds
170.544: [GC (Allocation Failure)  889222K->570452K(1035776K), 0.0066394 secs]
170.551: Total time for which application threads were stopped: 0.0067932 seconds, Stopping threads took: 0.0000156 seconds
170.620: [GC (Allocation Failure)  894036K->565878K(1032704K), 0.0047383 secs]
170.624: Total time for which application threads were stopped: 0.0049114 seconds, Stopping threads took: 0.0000200 seconds
170.692: [GC (Allocation Failure)  886390K->565718K(1034240K), 0.0048232 secs]
170.697: Total time for which application threads were stopped: 0.0049947 seconds, Stopping threads took: 0.0000199 seconds
170.765: [GC (Allocation Failure)  886230K->571756K(1031680K), 0.0074335 secs]
170.772: Total time for which application threads were stopped: 0.0076145 seconds, Stopping threads took: 0.0000198 seconds
170.839: [GC (Allocation Failure)  890220K->566126K(1033216K), 0.0048229 secs]
170.843: Total time for which application threads were stopped: 0.0049961 seconds, Stopping threads took: 0.0000205 seconds
170.910: [GC (Allocation Failure)  884590K->566030K(1034240K), 0.0047312 secs]
170.915: Total time for which application threads were stopped: 0.0049142 seconds, Stopping threads took: 0.0000202 seconds
170.979: [GC (Allocation Failure)  886030K->565612K(1033728K), 0.0046625 secs]
170.984: Total time for which application threads were stopped: 0.0048418 seconds, Stopping threads took: 0.0000192 seconds
171.052: [GC (Allocation Failure)  885612K->566062K(1035264K), 0.0047443 secs]
171.057: Total time for which application threads were stopped: 0.0049220 seconds, Stopping threads took: 0.0000261 seconds
171.126: [GC (Allocation Failure)  888110K->565998K(1034752K), 0.0046392 secs]
171.131: Total time for which application threads were stopped: 0.0048097 seconds, Stopping threads took: 0.0000198 seconds
171.198: [GC (Allocation Failure)  888046K->566316K(1036288K), 0.0049794 secs]
171.204: Total time for which application threads were stopped: 0.0051513 seconds, Stopping threads took: 0.0000193 seconds
171.271: [GC (Allocation Failure)  890412K->566254K(1035776K), 0.0047355 secs]
171.276: Total time for which application threads were stopped: 0.0049148 seconds, Stopping threads took: 0.0000263 seconds
171.344: [GC (Allocation Failure)  890350K->565998K(1036800K), 0.0046683 secs]
171.349: Total time for which application threads were stopped: 0.0048323 seconds, Stopping threads took: 0.0000207 seconds
171.416: [GC (Allocation Failure)  891118K->559916K(1036288K), 0.0024733 secs]
171.419: Total time for which application threads were stopped: 0.0026220 seconds, Stopping threads took: 0.0000198 seconds
171.485: [GC (Allocation Failure)  885036K->566206K(1036288K), 0.0049191 secs]
171.490: Total time for which application threads were stopped: 0.0050987 seconds, Stopping threads took: 0.0000192 seconds
171.561: [GC (Allocation Failure)  890814K->570174K(1036288K), 0.0051879 secs]
171.566: Total time for which application threads were stopped: 0.0053557 seconds, Stopping threads took: 0.0000277 seconds
171.633: [GC (Allocation Failure)  894782K->570174K(1036800K), 0.0047048 secs]
171.638: Total time for which application threads were stopped: 0.0048999 seconds, Stopping threads took: 0.0000196 seconds
171.707: [GC (Allocation Failure)  895806K->570310K(1025536K), 0.0047004 secs]
171.712: Total time for which application threads were stopped: 0.0048660 seconds, Stopping threads took: 0.0000205 seconds
171.780: [GC (Allocation Failure)  895942K->578217K(1035776K), 0.0048805 secs]
171.785: Total time for which application threads were stopped: 0.0050520 seconds, Stopping threads took: 0.0000202 seconds
171.853: [GC (Allocation Failure)  901801K->578185K(1035776K), 0.0046079 secs]
171.858: Total time for which application threads were stopped: 0.0047797 seconds, Stopping threads took: 0.0000196 seconds
171.927: [GC (Allocation Failure)  901769K->578569K(1035264K), 0.0047592 secs]
171.932: Total time for which application threads were stopped: 0.0049312 seconds, Stopping threads took: 0.0000206 seconds
172.001: [GC (Allocation Failure)  902153K->586251K(1035776K), 0.0045227 secs]
172.006: Total time for which application threads were stopped: 0.0046994 seconds, Stopping threads took: 0.0000279 seconds
172.075: [GC (Allocation Failure)  909835K->586251K(1035776K), 0.0046445 secs]
172.080: Total time for which application threads were stopped: 0.0048093 seconds, Stopping threads took: 0.0000192 seconds
172.148: [GC (Allocation Failure)  909835K->586243K(1023488K), 0.0081267 secs]
172.156: Total time for which application threads were stopped: 0.0082976 seconds, Stopping threads took: 0.0000200 seconds
172.225: [GC (Allocation Failure)  909827K->594245K(1035264K), 0.0048300 secs]
172.230: Total time for which application threads were stopped: 0.0050067 seconds, Stopping threads took: 0.0000201 seconds
172.297: [GC (Allocation Failure)  916805K->594277K(1035264K), 0.0049488 secs]
172.302: Total time for which application threads were stopped: 0.0051092 seconds, Stopping threads took: 0.0000196 seconds
172.369: [GC (Allocation Failure)  916837K->594501K(1034240K), 0.0103745 secs]
172.379: Total time for which application threads were stopped: 0.0105729 seconds, Stopping threads took: 0.0000203 seconds
172.448: [GC (Allocation Failure)  916037K->602312K(1034752K), 0.0046848 secs]
172.453: Total time for which application threads were stopped: 0.0048361 seconds, Stopping threads took: 0.0000172 seconds
172.519: [GC (Allocation Failure)  923848K->602280K(1034752K), 0.0048530 secs]
172.524: Total time for which application threads were stopped: 0.0050254 seconds, Stopping threads took: 0.0000260 seconds
172.589: [GC (Allocation Failure)  923816K->602344K(1021440K), 0.0046650 secs]
172.594: Total time for which application threads were stopped: 0.0048370 seconds, Stopping threads took: 0.0000204 seconds
172.660: [GC (Allocation Failure)  923880K->610346K(1034240K), 0.0047378 secs]
172.665: Total time for which application threads were stopped: 0.0049084 seconds, Stopping threads took: 0.0000201 seconds
172.732: [GC (Allocation Failure)  930858K->610314K(1034240K), 0.0046912 secs]
172.736: Total time for which application threads were stopped: 0.0048634 seconds, Stopping threads took: 0.0000205 seconds
172.803: [GC (Allocation Failure)  930826K->610474K(1034240K), 0.0047402 secs]
172.808: Total time for which application threads were stopped: 0.0049128 seconds, Stopping threads took: 0.0000202 seconds
172.876: [GC (Allocation Failure)  930986K->618380K(1034240K), 0.0048789 secs]
172.881: Total time for which application threads were stopped: 0.0050561 seconds, Stopping threads took: 0.0000201 seconds
172.950: [GC (Allocation Failure)  938892K->618348K(1034240K), 0.0066236 secs]
172.956: Total time for which application threads were stopped: 0.0067858 seconds, Stopping threads took: 0.0000171 seconds
173.024: [GC (Allocation Failure)  938860K->618700K(1020416K), 0.0048956 secs]
173.029: Total time for which application threads were stopped: 0.0051006 seconds, Stopping threads took: 0.0000260 seconds
173.098: [GC (Allocation Failure)  939212K->626382K(1033728K), 0.0047707 secs]
173.102: Total time for which application threads were stopped: 0.0049528 seconds, Stopping threads took: 0.0000200 seconds
173.171: [GC (Allocation Failure)  945870K->626382K(1033728K), 0.0050817 secs]
173.176: Total time for which application threads were stopped: 0.0052535 seconds, Stopping threads took: 0.0000202 seconds
173.243: [GC (Allocation Failure)  945870K->626438K(1033728K), 0.0049607 secs]
173.248: Total time for which application threads were stopped: 0.0051314 seconds, Stopping threads took: 0.0000205 seconds
173.315: [GC (Allocation Failure)  945926K->634409K(1033728K), 0.0048746 secs]
173.320: Total time for which application threads were stopped: 0.0050387 seconds, Stopping threads took: 0.0000195 seconds
173.388: [GC (Allocation Failure)  953897K->634409K(1033728K), 0.0055190 secs]
173.393: Total time for which application threads were stopped: 0.0057073 seconds, Stopping threads took: 0.0000253 seconds
173.460: [GC (Allocation Failure)  953897K->634665K(1033728K), 0.0050283 secs]
173.465: Total time for which application threads were stopped: 0.0051927 seconds, Stopping threads took: 0.0000205 seconds
173.534: [GC (Allocation Failure)  954153K->642475K(1032704K), 0.0047680 secs]
173.539: Total time for which application threads were stopped: 0.0049497 seconds, Stopping threads took: 0.0000261 seconds
173.606: [GC (Allocation Failure)  960939K->642443K(1033216K), 0.0047865 secs]
173.611: Total time for which application threads were stopped: 0.0049635 seconds, Stopping threads took: 0.0000219 seconds
173.676: [GC (Allocation Failure)  960907K->642507K(1033216K), 0.0049055 secs]
173.681: Total time for which application threads were stopped: 0.0050717 seconds, Stopping threads took: 0.0000203 seconds
173.747: [GC (Allocation Failure)  960971K->650477K(1033216K), 0.0048185 secs]
173.752: Total time for which application threads were stopped: 0.0049851 seconds, Stopping threads took: 0.0000201 seconds
173.818: [GC (Allocation Failure)  968941K->650477K(1033216K), 0.0050871 secs]
173.823: Total time for which application threads were stopped: 0.0052518 seconds, Stopping threads took: 0.0000198 seconds
173.890: [GC (Allocation Failure)  968941K->650533K(1033216K), 0.0049781 secs]
173.895: Total time for which application threads were stopped: 0.0051526 seconds, Stopping threads took: 0.0000202 seconds
173.964: [GC (Allocation Failure)  968997K->658535K(1033216K), 0.0048256 secs]
173.969: Total time for which application threads were stopped: 0.0049964 seconds, Stopping threads took: 0.0000205 seconds
174.036: [GC (Allocation Failure)  976999K->658503K(1033216K), 0.0046868 secs]
174.041: Total time for which application threads were stopped: 0.0048862 seconds, Stopping threads took: 0.0000263 seconds
174.107: [GC (Allocation Failure)  976967K->658759K(1033216K), 0.0050616 secs]
174.112: Total time for which application threads were stopped: 0.0052434 seconds, Stopping threads took: 0.0000166 seconds
174.181: [GC (Allocation Failure)  977223K->666538K(1033216K), 0.0050759 secs]
174.186: Total time for which application threads were stopped: 0.0052280 seconds, Stopping threads took: 0.0000166 seconds
174.252: [GC (Allocation Failure)  985002K->659367K(1033216K), 0.0021132 secs]
174.254: Total time for which application threads were stopped: 0.0022693 seconds, Stopping threads took: 0.0000195 seconds
174.322: [GC (Allocation Failure)  977831K->666738K(1033216K), 0.0048912 secs]
174.327: Total time for which application threads were stopped: 0.0050546 seconds, Stopping threads took: 0.0000195 seconds
174.395: [GC (Allocation Failure)  985202K->670674K(1033216K), 0.0075704 secs]
174.403: Total time for which application threads were stopped: 0.0077600 seconds, Stopping threads took: 0.0000257 seconds
174.470: [GC (Allocation Failure)  989138K->671951K(1027584K), 0.0055691 secs]
174.476: Total time for which application threads were stopped: 0.0057250 seconds, Stopping threads took: 0.0000171 seconds
174.542: [GC (Allocation Failure)  990415K->670802K(1033216K), 0.0047285 secs]
174.547: Total time for which application threads were stopped: 0.0048933 seconds, Stopping threads took: 0.0000200 seconds
174.613: [GC (Allocation Failure)  988754K->670706K(1032704K), 0.0048696 secs]
174.618: Total time for which application threads were stopped: 0.0050508 seconds, Stopping threads took: 0.0000205 seconds
174.683: [GC (Allocation Failure)  988658K->662895K(1033216K), 0.0018233 secs]
174.685: Total time for which application threads were stopped: 0.0019579 seconds, Stopping threads took: 0.0000198 seconds
174.751: [GC (Allocation Failure)  981359K->670770K(1033216K), 0.0049391 secs]
174.756: Total time for which application threads were stopped: 0.0050995 seconds, Stopping threads took: 0.0000200 seconds
174.823: [GC (Allocation Failure)  989234K->670674K(1033216K), 0.0051253 secs]
174.828: Total time for which application threads were stopped: 0.0052916 seconds, Stopping threads took: 0.0000224 seconds
174.894: [GC (Allocation Failure)  989138K->671114K(1033216K), 0.0050952 secs]
174.900: Total time for which application threads were stopped: 0.0052639 seconds, Stopping threads took: 0.0000172 seconds
174.967: [GC (Allocation Failure)  989578K->678732K(1033216K), 0.0047769 secs]
174.972: Total time for which application threads were stopped: 0.0049683 seconds, Stopping threads took: 0.0000199 seconds
175.040: [GC (Allocation Failure)  997196K->678700K(1033216K), 0.0050112 secs]
175.045: Total time for which application threads were stopped: 0.0051689 seconds, Stopping threads took: 0.0000259 seconds
175.110: [GC (Allocation Failure)  997164K->679372K(1033216K), 0.0050139 secs]
175.115: Total time for which application threads were stopped: 0.0051962 seconds, Stopping threads took: 0.0000201 seconds
175.183: [GC (Allocation Failure)  997836K->686734K(1033216K), 0.0048173 secs]
175.188: Total time for which application threads were stopped: 0.0049898 seconds, Stopping threads took: 0.0000204 seconds
175.255: [GC (Allocation Failure)  1005198K->686766K(1033216K), 0.0048319 secs]
175.260: Total time for which application threads were stopped: 0.0049983 seconds, Stopping threads took: 0.0000195 seconds
175.325: [GC (Allocation Failure)  1005230K->687630K(1033216K), 0.0050213 secs]
175.330: [Full GC (Ergonomics)  687630K->9348K(1033216K), 0.0138771 secs]
175.344: Total time for which application threads were stopped: 0.0191509 seconds, Stopping threads took: 0.0000196 seconds
175.413: [GC (Allocation Failure)  327812K->18663K(1032192K), 0.0038733 secs]
175.417: Total time for which application threads were stopped: 0.0040430 seconds, Stopping threads took: 0.0000196 seconds
175.483: [GC (Allocation Failure)  336103K->18679K(1032704K), 0.0040772 secs]
175.487: Total time for which application threads were stopped: 0.0042471 seconds, Stopping threads took: 0.0000198 seconds
175.553: [GC (Allocation Failure)  336119K->18711K(1033216K), 0.0038334 secs]
175.557: Total time for which application threads were stopped: 0.0040096 seconds, Stopping threads took: 0.0000256 seconds
175.624: [GC (Allocation Failure)  337175K->26745K(1033216K), 0.0038982 secs]
175.628: Total time for which application threads were stopped: 0.0040710 seconds, Stopping threads took: 0.0000209 seconds
175.696: [GC (Allocation Failure)  345209K->26681K(1033216K), 0.0037474 secs]
175.700: Total time for which application threads were stopped: 0.0039191 seconds, Stopping threads took: 0.0000201 seconds
175.765: [GC (Allocation Failure)  345145K->26937K(1033216K), 0.0036438 secs]
175.769: Total time for which application threads were stopped: 0.0038396 seconds, Stopping threads took: 0.0000195 seconds
175.838: [GC (Allocation Failure)  345401K->34747K(1033216K), 0.0039285 secs]
175.842: Total time for which application threads were stopped: 0.0041127 seconds, Stopping threads took: 0.0000203 seconds
175.908: [GC (Allocation Failure)  353211K->34715K(1033216K), 0.0037063 secs]
175.912: Total time for which application threads were stopped: 0.0039251 seconds, Stopping threads took: 0.0000204 seconds
175.978: [GC (Allocation Failure)  353179K->35171K(1033216K), 0.0037686 secs]
175.982: Total time for which application threads were stopped: 0.0039508 seconds, Stopping threads took: 0.0000205 seconds
176.049: [GC (Allocation Failure)  353635K->42789K(1033216K), 0.0036454 secs]
176.052: Total time for which application threads were stopped: 0.0038309 seconds, Stopping threads took: 0.0000277 seconds
176.119: [GC (Allocation Failure)  361253K->42789K(1033216K), 0.0037465 secs]
176.123: Total time for which application threads were stopped: 0.0039163 seconds, Stopping threads took: 0.0000262 seconds
176.187: [GC (Allocation Failure)  361253K->42925K(1033216K), 0.0065097 secs]
176.194: Total time for which application threads were stopped: 0.0066800 seconds, Stopping threads took: 0.0000199 seconds
176.262: [GC (Allocation Failure)  361389K->50832K(1033216K), 0.0045171 secs]
176.267: Total time for which application threads were stopped: 0.0047041 seconds, Stopping threads took: 0.0000208 seconds
176.333: [GC (Allocation Failure)  369296K->50800K(1033216K), 0.0037720 secs]
176.337: Total time for which application threads were stopped: 0.0039515 seconds, Stopping threads took: 0.0000216 seconds
176.403: [GC (Allocation Failure)  369264K->51656K(1033216K), 0.0037101 secs]
176.407: Total time for which application threads were stopped: 0.0038927 seconds, Stopping threads took: 0.0000156 seconds
176.476: [GC (Allocation Failure)  370120K->58858K(1033216K), 0.0037492 secs]
176.480: Total time for which application threads were stopped: 0.0039099 seconds, Stopping threads took: 0.0000167 seconds
176.548: [GC (Allocation Failure)  377322K->58826K(1033216K), 0.0036817 secs]
176.551: Total time for which application threads were stopped: 0.0038543 seconds, Stopping threads took: 0.0000210 seconds
176.616: [GC (Allocation Failure)  377290K->59914K(1033216K), 0.0039544 secs]
176.620: Total time for which application threads were stopped: 0.0041374 seconds, Stopping threads took: 0.0000201 seconds
176.688: [GC (Allocation Failure)  378378K->66860K(1033216K), 0.0037499 secs]
176.692: Total time for which application threads were stopped: 0.0039166 seconds, Stopping threads took: 0.0000210 seconds
176.758: [GC (Allocation Failure)  385324K->66860K(1033216K), 0.0037884 secs]
176.762: Total time for which application threads were stopped: 0.0039876 seconds, Stopping threads took: 0.0000278 seconds
176.829: [GC (Allocation Failure)  385324K->67116K(1033216K), 0.0037634 secs]
176.833: Total time for which application threads were stopped: 0.0039251 seconds, Stopping threads took: 0.0000194 seconds
176.898: [GC (Allocation Failure)  385580K->74894K(1033216K), 0.0039716 secs]
176.902: Total time for which application threads were stopped: 0.0041297 seconds, Stopping threads took: 0.0000198 seconds
176.968: [GC (Allocation Failure)  393358K->74894K(1033216K), 0.0036499 secs]
176.972: Total time for which application threads were stopped: 0.0038187 seconds, Stopping threads took: 0.0000195 seconds
177.036: [GC (Allocation Failure)  393358K->75342K(1033216K), 0.0039699 secs]
177.040: Total time for which application threads were stopped: 0.0041380 seconds, Stopping threads took: 0.0000276 seconds
177.108: [GC (Allocation Failure)  393806K->82929K(1033216K), 0.0045563 secs]
177.112: Total time for which application threads were stopped: 0.0047178 seconds, Stopping threads took: 0.0000203 seconds
177.178: [GC (Allocation Failure)  401393K->82929K(1033216K), 0.0039681 secs]
177.182: Total time for which application threads were stopped: 0.0041303 seconds, Stopping threads took: 0.0000206 seconds
177.246: [GC (Allocation Failure)  401393K->83561K(1033216K), 0.0040146 secs]
177.250: Total time for which application threads were stopped: 0.0041893 seconds, Stopping threads took: 0.0000197 seconds
177.319: [GC (Allocation Failure)  402025K->90987K(1033216K), 0.0038362 secs]
177.323: Total time for which application threads were stopped: 0.0039964 seconds, Stopping threads took: 0.0000172 seconds
177.390: [GC (Allocation Failure)  409451K->90955K(1033216K), 0.0047538 secs]
177.395: Total time for which application threads were stopped: 0.0049192 seconds, Stopping threads took: 0.0000266 seconds
177.460: [GC (Allocation Failure)  409419K->91019K(1033216K), 0.0037867 secs]
177.464: Total time for which application threads were stopped: 0.0039800 seconds, Stopping threads took: 0.0000194 seconds
177.533: [GC (Allocation Failure)  409483K->98989K(1033216K), 0.0039685 secs]
177.537: Total time for which application threads were stopped: 0.0041292 seconds, Stopping threads took: 0.0000265 seconds
177.602: [GC (Allocation Failure)  417453K->98989K(1033216K), 0.0039498 secs]
177.606: Total time for which application threads were stopped: 0.0041277 seconds, Stopping threads took: 0.0000263 seconds
177.673: [GC (Allocation Failure)  417453K->99053K(1033216K), 0.0039691 secs]
177.677: Total time for which application threads were stopped: 0.0041195 seconds, Stopping threads took: 0.0000204 seconds
177.744: [GC (Allocation Failure)  417517K->107055K(1033216K), 0.0037224 secs]
177.748: Total time for which application threads were stopped: 0.0039262 seconds, Stopping threads took: 0.0000283 seconds
177.815: [GC (Allocation Failure)  425519K->107023K(1033216K), 0.0038351 secs]
177.819: Total time for which application threads were stopped: 0.0040243 seconds, Stopping threads took: 0.0000191 seconds
177.885: [GC (Allocation Failure)  425487K->107239K(1033216K), 0.0038575 secs]
177.889: Total time for which application threads were stopped: 0.0040072 seconds, Stopping threads took: 0.0000165 seconds
177.956: [GC (Allocation Failure)  425703K->115082K(1033216K), 0.0037113 secs]
177.960: Total time for which application threads were stopped: 0.0038823 seconds, Stopping threads took: 0.0000205 seconds
178.026: [GC (Allocation Failure)  433546K->115050K(1033216K), 0.0039146 secs]
178.030: Total time for which application threads were stopped: 0.0041168 seconds, Stopping threads took: 0.0000291 seconds
178.096: [GC (Allocation Failure)  433514K->115458K(1033216K), 0.0042314 secs]
178.100: Total time for which application threads were stopped: 0.0043986 seconds, Stopping threads took: 0.0000175 seconds
178.169: [GC (Allocation Failure)  433922K->123076K(1033216K), 0.0039998 secs]
178.173: Total time for which application threads were stopped: 0.0041680 seconds, Stopping threads took: 0.0000192 seconds
178.241: [GC (Allocation Failure)  441540K->123076K(1033216K), 0.0036715 secs]
178.245: Total time for which application threads were stopped: 0.0038355 seconds, Stopping threads took: 0.0000201 seconds
178.310: [GC (Allocation Failure)  441540K->123172K(1033216K), 0.0040760 secs]
178.314: Total time for which application threads were stopped: 0.0042403 seconds, Stopping threads took: 0.0000197 seconds
178.381: [GC (Allocation Failure)  441636K->131142K(1033216K), 0.0038066 secs]
178.385: Total time for which application threads were stopped: 0.0039679 seconds, Stopping threads took: 0.0000209 seconds
178.451: [GC (Allocation Failure)  449606K->124292K(1033216K), 0.0012150 secs]
178.452: Total time for which application threads were stopped: 0.0013415 seconds, Stopping threads took: 0.0000203 seconds
178.521: [GC (Allocation Failure)  442756K->131150K(1033728K), 0.0039790 secs]
178.525: Total time for which application threads were stopped: 0.0041554 seconds, Stopping threads took: 0.0000281 seconds
178.592: [GC (Allocation Failure)  450126K->135286K(1033216K), 0.0048801 secs]
178.597: Total time for which application threads were stopped: 0.0050800 seconds, Stopping threads took: 0.0000212 seconds
178.666: [GC (Allocation Failure)  454262K->137908K(1031680K), 0.0050365 secs]
178.671: Total time for which application threads were stopped: 0.0052265 seconds, Stopping threads took: 0.0000277 seconds
178.739: [GC (Allocation Failure)  455348K->135478K(1032704K), 0.0038315 secs]
178.743: Total time for which application threads were stopped: 0.0040123 seconds, Stopping threads took: 0.0000203 seconds
178.810: [GC (Allocation Failure)  452918K->135222K(1032704K), 0.0037746 secs]
178.813: Total time for which application threads were stopped: 0.0039566 seconds, Stopping threads took: 0.0000210 seconds
178.880: [GC (Allocation Failure)  452662K->138966K(1032704K), 0.0048147 secs]
178.884: Total time for which application threads were stopped: 0.0049831 seconds, Stopping threads took: 0.0000218 seconds
178.951: [GC (Allocation Failure)  456406K->143321K(1033728K), 0.0039435 secs]
178.955: Total time for which application threads were stopped: 0.0041058 seconds, Stopping threads took: 0.0000195 seconds
179.023: [GC (Allocation Failure)  462297K->143321K(1033216K), 0.0039073 secs]
179.027: Total time for which application threads were stopped: 0.0040843 seconds, Stopping threads took: 0.0000266 seconds
179.093: [GC (Allocation Failure)  462297K->147193K(1034240K), 0.0048997 secs]
179.098: Total time for which application threads were stopped: 0.0050822 seconds, Stopping threads took: 0.0000286 seconds
179.166: [GC (Allocation Failure)  467193K->151419K(1033728K), 0.0041453 secs]
179.170: Total time for which application threads were stopped: 0.0043018 seconds, Stopping threads took: 0.0000194 seconds
179.237: [GC (Allocation Failure)  471419K->151355K(1034240K), 0.0039648 secs]
179.241: Total time for which application threads were stopped: 0.0041365 seconds, Stopping threads took: 0.0000202 seconds
179.307: [GC (Allocation Failure)  471867K->152347K(1034240K), 0.0040759 secs]
179.311: Total time for which application threads were stopped: 0.0042535 seconds, Stopping threads took: 0.0000202 seconds
179.379: [GC (Allocation Failure)  472859K->159389K(1034240K), 0.0049627 secs]
179.384: Total time for which application threads were stopped: 0.0051776 seconds, Stopping threads took: 0.0000254 seconds
179.453: [GC (Allocation Failure)  479901K->159357K(1034240K), 0.0039605 secs]
179.457: Total time for which application threads were stopped: 0.0041110 seconds, Stopping threads took: 0.0000170 seconds
179.524: [GC (Allocation Failure)  479869K->162653K(1034752K), 0.0044939 secs]
179.529: Total time for which application threads were stopped: 0.0047041 seconds, Stopping threads took: 0.0000287 seconds
179.597: [GC (Allocation Failure)  483677K->167391K(1034240K), 0.0039103 secs]
179.601: Total time for which application threads were stopped: 0.0041120 seconds, Stopping threads took: 0.0000279 seconds
179.670: [GC (Allocation Failure)  488415K->167391K(1034752K), 0.0040160 secs]
179.674: Total time for which application threads were stopped: 0.0041798 seconds, Stopping threads took: 0.0000207 seconds
179.741: [GC (Allocation Failure)  488927K->170919K(1034752K), 0.0048181 secs]
179.746: Total time for which application threads were stopped: 0.0049949 seconds, Stopping threads took: 0.0000202 seconds
179.812: [GC (Allocation Failure)  492455K->175498K(1034752K), 0.0040541 secs]
179.816: Total time for which application threads were stopped: 0.0042259 seconds, Stopping threads took: 0.0000199 seconds
179.882: [GC (Allocation Failure)  497034K->175466K(1034752K), 0.0040412 secs]
179.886: Total time for which application threads were stopped: 0.0042136 seconds, Stopping threads took: 0.0000202 seconds
179.951: [GC (Allocation Failure)  497002K->176042K(1034752K), 0.0041269 secs]
179.955: Total time for which application threads were stopped: 0.0042876 seconds, Stopping threads took: 0.0000199 seconds
180.024: [GC (Allocation Failure)  497578K->183500K(1034752K), 0.0037873 secs]
180.027: Total time for which application threads were stopped: 0.0039633 seconds, Stopping threads took: 0.0000284 seconds
180.096: [GC (Allocation Failure)  505036K->183500K(1034752K), 0.0038471 secs]
180.100: Total time for which application threads were stopped: 0.0040073 seconds, Stopping threads took: 0.0000191 seconds
180.165: [GC (Allocation Failure)  505036K->185284K(1034752K), 0.0044292 secs]
180.169: Total time for which application threads were stopped: 0.0046295 seconds, Stopping threads took: 0.0000273 seconds
180.239: [GC (Allocation Failure)  506820K->191590K(1034752K), 0.0040282 secs]
180.243: Total time for which application threads were stopped: 0.0041796 seconds, Stopping threads took: 0.0000166 seconds
180.310: [GC (Allocation Failure)  513126K->191494K(1034752K), 0.0039724 secs]
180.314: Total time for which application threads were stopped: 0.0041586 seconds, Stopping threads took: 0.0000193 seconds
180.379: [GC (Allocation Failure)  513030K->194526K(1034752K), 0.0058575 secs]
180.385: Total time for which application threads were stopped: 0.0060245 seconds, Stopping threads took: 0.0000275 seconds
180.454: [GC (Allocation Failure)  516062K->199552K(1034752K), 0.0040499 secs]
180.458: Total time for which application threads were stopped: 0.0042109 seconds, Stopping threads took: 0.0000209 seconds
180.527: [GC (Allocation Failure)  521088K->199520K(1034752K), 0.0039485 secs]
180.531: Total time for which application threads were stopped: 0.0041245 seconds, Stopping threads took: 0.0000200 seconds
180.598: [GC (Allocation Failure)  521056K->199688K(1034752K), 0.0040326 secs]
180.603: Total time for which application threads were stopped: 0.0041958 seconds, Stopping threads took: 0.0000203 seconds
180.672: [GC (Allocation Failure)  521224K->207563K(1033728K), 0.0041109 secs]
180.677: Total time for which application threads were stopped: 0.0043027 seconds, Stopping threads took: 0.0000202 seconds
180.746: [GC (Allocation Failure)  528075K->207563K(1034240K), 0.0040210 secs]
180.750: Total time for which application threads were stopped: 0.0042068 seconds, Stopping threads took: 0.0000207 seconds
180.817: [GC (Allocation Failure)  528075K->211019K(1034752K), 0.0046824 secs]
180.821: Total time for which application threads were stopped: 0.0048570 seconds, Stopping threads took: 0.0000208 seconds
180.888: [GC (Allocation Failure)  532043K->215661K(1034240K), 0.0040668 secs]
180.892: Total time for which application threads were stopped: 0.0042386 seconds, Stopping threads took: 0.0000209 seconds
180.960: [GC (Allocation Failure)  536685K->215629K(1034752K), 0.0040137 secs]
180.964: Total time for which application threads were stopped: 0.0041964 seconds, Stopping threads took: 0.0000206 seconds
181.031: [GC (Allocation Failure)  537165K->219277K(1034752K), 0.0048580 secs]
181.036: Total time for which application threads were stopped: 0.0050189 seconds, Stopping threads took: 0.0000271 seconds
181.104: [GC (Allocation Failure)  540813K->223791K(1034240K), 0.0042896 secs]
181.108: Total time for which application threads were stopped: 0.0044518 seconds, Stopping threads took: 0.0000206 seconds
181.176: [GC (Allocation Failure)  545327K->223631K(1034752K), 0.0042230 secs]
181.180: Total time for which application threads were stopped: 0.0043938 seconds, Stopping threads took: 0.0000202 seconds
181.245: [GC (Allocation Failure)  545167K->224423K(1034240K), 0.0040885 secs]
181.249: Total time for which application threads were stopped: 0.0042691 seconds, Stopping threads took: 0.0000278 seconds
181.315: [GC (Allocation Failure)  545959K->231753K(1034752K), 0.0041487 secs]
181.319: Total time for which application threads were stopped: 0.0043153 seconds, Stopping threads took: 0.0000204 seconds
181.388: [GC (Allocation Failure)  553289K->231625K(1034752K), 0.0059646 secs]
181.394: Total time for which application threads were stopped: 0.0061172 seconds, Stopping threads took: 0.0000203 seconds
181.459: [GC (Allocation Failure)  553161K->233673K(1034752K), 0.0042684 secs]
181.464: Total time for which application threads were stopped: 0.0044406 seconds, Stopping threads took: 0.0000192 seconds
181.531: [GC (Allocation Failure)  555209K->239692K(1034752K), 0.0039647 secs]
181.535: Total time for which application threads were stopped: 0.0041256 seconds, Stopping threads took: 0.0000249 seconds
181.601: [GC (Allocation Failure)  561228K->239692K(1034752K), 0.0041481 secs]
181.606: Total time for which application threads were stopped: 0.0043159 seconds, Stopping threads took: 0.0000257 seconds
181.671: [GC (Allocation Failure)  561228K->242924K(1034752K), 0.0051168 secs]
181.676: Total time for which application threads were stopped: 0.0052898 seconds, Stopping threads took: 0.0000205 seconds
181.746: [GC (Allocation Failure)  564460K->247758K(1034752K), 0.0041316 secs]
181.750: Total time for which application threads were stopped: 0.0043131 seconds, Stopping threads took: 0.0000198 seconds
181.819: [GC (Allocation Failure)  569294K->247758K(1034752K), 0.0040183 secs]
181.823: Total time for which application threads were stopped: 0.0042029 seconds, Stopping threads took: 0.0000203 seconds
181.890: [GC (Allocation Failure)  569294K->248078K(1034752K), 0.0040999 secs]
181.894: Total time for which application threads were stopped: 0.0042730 seconds, Stopping threads took: 0.0000218 seconds
181.963: [GC (Allocation Failure)  569614K->255824K(1034752K), 0.0065188 secs]
181.969: Total time for which application threads were stopped: 0.0066982 seconds, Stopping threads took: 0.0000215 seconds
182.038: [GC (Allocation Failure)  577360K->255760K(1034752K), 0.0041358 secs]
182.042: Total time for which application threads were stopped: 0.0043325 seconds, Stopping threads took: 0.0000202 seconds
182.109: [GC (Allocation Failure)  577296K->257352K(1034752K), 0.0042149 secs]
182.113: Total time for which application threads were stopped: 0.0043791 seconds, Stopping threads took: 0.0000191 seconds
182.181: [GC (Allocation Failure)  578888K->263915K(1029632K), 0.0040401 secs]
182.185: Total time for which application threads were stopped: 0.0042029 seconds, Stopping threads took: 0.0000193 seconds
182.252: [GC (Allocation Failure)  585451K->263787K(1034240K), 0.0040589 secs]
182.256: Total time for which application threads were stopped: 0.0042203 seconds, Stopping threads took: 0.0000201 seconds
182.322: [GC (Allocation Failure)  584299K->265579K(1034240K), 0.0042645 secs]
182.327: Total time for which application threads were stopped: 0.0044269 seconds, Stopping threads took: 0.0000199 seconds
182.397: [GC (Allocation Failure)  586091K->271885K(1034240K), 0.0041334 secs]
182.401: Total time for which application threads were stopped: 0.0042965 seconds, Stopping threads took: 0.0000164 seconds
182.470: [GC (Allocation Failure)  592397K->271853K(1034240K), 0.0043469 secs]
182.474: Total time for which application threads were stopped: 0.0045066 seconds, Stopping threads took: 0.0000201 seconds
182.542: [GC (Allocation Failure)  592365K->275845K(1034752K), 0.0050014 secs]
182.547: Total time for which application threads were stopped: 0.0051757 seconds, Stopping threads took: 0.0000260 seconds
182.614: [GC (Allocation Failure)  596869K->279879K(1034240K), 0.0041562 secs]
182.619: Total time for which application threads were stopped: 0.0043462 seconds, Stopping threads took: 0.0000196 seconds
182.688: [GC (Allocation Failure)  600903K->279847K(1034752K), 0.0042426 secs]
182.693: Total time for which application threads were stopped: 0.0044220 seconds, Stopping threads took: 0.0000176 seconds
182.761: [GC (Allocation Failure)  601383K->280007K(1034752K), 0.0043038 secs]
182.765: Total time for which application threads were stopped: 0.0045059 seconds, Stopping threads took: 0.0000509 seconds
182.835: [GC (Allocation Failure)  601543K->287881K(1033728K), 0.0042391 secs]
182.840: Total time for which application threads were stopped: 0.0044014 seconds, Stopping threads took: 0.0000196 seconds
182.908: [GC (Allocation Failure)  608393K->287881K(1034240K), 0.0042813 secs]
182.912: Total time for which application threads were stopped: 0.0044533 seconds, Stopping threads took: 0.0000208 seconds
182.979: [GC (Allocation Failure)  608393K->291337K(1034752K), 0.0049101 secs]
182.984: Total time for which application threads were stopped: 0.0050804 seconds, Stopping threads took: 0.0000196 seconds
183.052: [GC (Allocation Failure)  612361K->295948K(1034240K), 0.0042002 secs]
183.056: Total time for which application threads were stopped: 0.0043785 seconds, Stopping threads took: 0.0000264 seconds
183.124: [GC (Allocation Failure)  616972K->295916K(1034752K), 0.0042284 secs]
183.128: Total time for which application threads were stopped: 0.0044168 seconds, Stopping threads took: 0.0000211 seconds
183.195: [GC (Allocation Failure)  617452K->299564K(1034752K), 0.0049813 secs]
183.200: Total time for which application threads were stopped: 0.0051533 seconds, Stopping threads took: 0.0000209 seconds
183.270: [GC (Allocation Failure)  621100K->304014K(1035264K), 0.0044004 secs]
183.274: Total time for which application threads were stopped: 0.0045760 seconds, Stopping threads took: 0.0000197 seconds
183.346: [GC (Allocation Failure)  626574K->303950K(1035264K), 0.0042204 secs]
183.350: Total time for which application threads were stopped: 0.0043807 seconds, Stopping threads took: 0.0000197 seconds
183.420: [GC (Allocation Failure)  626510K->306726K(1035264K), 0.0048317 secs]
183.425: Total time for which application threads were stopped: 0.0049991 seconds, Stopping threads took: 0.0000191 seconds
183.492: [GC (Allocation Failure)  629286K->312040K(1035264K), 0.0040730 secs]
183.496: Total time for which application threads were stopped: 0.0042356 seconds, Stopping threads took: 0.0000200 seconds
183.564: [GC (Allocation Failure)  634600K->312008K(1035264K), 0.0042866 secs]
183.569: Total time for which application threads were stopped: 0.0044639 seconds, Stopping threads took: 0.0000278 seconds
183.635: [GC (Allocation Failure)  634568K->306950K(1035264K), 0.0022500 secs]
183.638: Total time for which application threads were stopped: 0.0024133 seconds, Stopping threads took: 0.0000194 seconds
183.705: [GC (Allocation Failure)  629510K->312232K(1035264K), 0.0042936 secs]
183.710: Total time for which application threads were stopped: 0.0044648 seconds, Stopping threads took: 0.0000204 seconds
183.778: [GC (Allocation Failure)  634792K->311976K(1035264K), 0.0044096 secs]
183.782: Total time for which application threads were stopped: 0.0045868 seconds, Stopping threads took: 0.0000218 seconds
183.849: [GC (Allocation Failure)  634536K->311206K(1035264K), 0.0040992 secs]
183.853: Total time for which application threads were stopped: 0.0042777 seconds, Stopping threads took: 0.0000209 seconds
183.921: [GC (Allocation Failure)  633766K->312136K(1035264K), 0.0043540 secs]
183.925: Total time for which application threads were stopped: 0.0045285 seconds, Stopping threads took: 0.0000200 seconds
183.993: [GC (Allocation Failure)  634696K->311976K(1035776K), 0.0056133 secs]
183.998: Total time for which application threads were stopped: 0.0057634 seconds, Stopping threads took: 0.0000194 seconds
184.066: [GC (Allocation Failure)  635560K->316550K(1035776K), 0.0061958 secs]
184.072: Total time for which application threads were stopped: 0.0063661 seconds, Stopping threads took: 0.0000256 seconds
184.140: [GC (Allocation Failure)  640134K->312104K(1033728K), 0.0043488 secs]
184.144: Total time for which application threads were stopped: 0.0045196 seconds, Stopping threads took: 0.0000198 seconds
184.211: [GC (Allocation Failure)  633640K->311976K(1034752K), 0.0042747 secs]
184.215: Total time for which application threads were stopped: 0.0044464 seconds, Stopping threads took: 0.0000202 seconds
184.282: [GC (Allocation Failure)  633512K->319814K(1030656K), 0.0079599 secs]
184.290: Total time for which application threads were stopped: 0.0081383 seconds, Stopping threads took: 0.0000192 seconds
184.357: [GC (Allocation Failure)  637254K->314152K(1032704K), 0.0043744 secs]
184.362: Total time for which application threads were stopped: 0.0045585 seconds, Stopping threads took: 0.0000200 seconds
184.431: [GC (Allocation Failure)  631592K->314056K(1033728K), 0.0041940 secs]
184.436: Total time for which application threads were stopped: 0.0043752 seconds, Stopping threads took: 0.0000199 seconds
184.504: [GC (Allocation Failure)  633032K->312358K(1033216K), 0.0036973 secs]
184.508: Total time for which application threads were stopped: 0.0038762 seconds, Stopping threads took: 0.0000195 seconds
184.578: [GC (Allocation Failure)  631334K->314088K(1034752K), 0.0040155 secs]
184.582: Total time for which application threads were stopped: 0.0041815 seconds, Stopping threads took: 0.0000168 seconds
184.650: [GC (Allocation Failure)  635112K->314056K(1034240K), 0.0040661 secs]
184.654: Total time for which application threads were stopped: 0.0042312 seconds, Stopping threads took: 0.0000207 seconds
184.721: [GC (Allocation Failure)  635080K->310022K(1034240K), 0.0028189 secs]
184.724: Total time for which application threads were stopped: 0.0030056 seconds, Stopping threads took: 0.0000239 seconds
184.792: [GC (Allocation Failure)  631558K->314280K(1034752K), 0.0041891 secs]
184.797: Total time for which application threads were stopped: 0.0043745 seconds, Stopping threads took: 0.0000213 seconds
184.864: [GC (Allocation Failure)  635816K->314056K(1035776K), 0.0044079 secs]
184.868: Total time for which application threads were stopped: 0.0045711 seconds, Stopping threads took: 0.0000203 seconds
184.934: [GC (Allocation Failure)  637128K->312774K(1035264K), 0.0039466 secs]
184.938: Total time for which application threads were stopped: 0.0041386 seconds, Stopping threads took: 0.0000195 seconds
185.006: [GC (Allocation Failure)  635846K->314216K(1036288K), 0.0044376 secs]
185.011: Total time for which application threads were stopped: 0.0045937 seconds, Stopping threads took: 0.0000191 seconds
185.078: [GC (Allocation Failure)  638824K->314056K(1036288K), 0.0042416 secs]
185.082: Total time for which application threads were stopped: 0.0044131 seconds, Stopping threads took: 0.0000199 seconds
185.150: [GC (Allocation Failure)  638664K->321670K(1031680K), 0.0080889 secs]
185.158: Total time for which application threads were stopped: 0.0082784 seconds, Stopping threads took: 0.0000207 seconds
185.227: [GC (Allocation Failure)  642182K->318088K(1034240K), 0.0064728 secs]
185.233: Total time for which application threads were stopped: 0.0066402 seconds, Stopping threads took: 0.0000168 seconds
185.302: [GC (Allocation Failure)  638600K->317960K(1035264K), 0.0039701 secs]
185.306: Total time for which application threads were stopped: 0.0041380 seconds, Stopping threads took: 0.0000216 seconds
185.373: [GC (Allocation Failure)  640008K->325262K(1034752K), 0.0088238 secs]
185.382: Total time for which application threads were stopped: 0.0090135 seconds, Stopping threads took: 0.0000198 seconds
185.451: [GC (Allocation Failure)  647310K->320080K(1031680K), 0.0040838 secs]
185.456: Total time for which application threads were stopped: 0.0042343 seconds, Stopping threads took: 0.0000170 seconds
185.522: [GC (Allocation Failure)  638544K->320016K(1033216K), 0.0042796 secs]
185.527: Total time for which application threads were stopped: 0.0044651 seconds, Stopping threads took: 0.0000244 seconds
185.593: [GC (Allocation Failure)  638480K->322926K(1033728K), 0.0055669 secs]
185.599: Total time for which application threads were stopped: 0.0057309 seconds, Stopping threads took: 0.0000197 seconds
185.667: [GC (Allocation Failure)  642414K->320016K(1033728K), 0.0044020 secs]
185.671: Total time for which application threads were stopped: 0.0045677 seconds, Stopping threads took: 0.0000204 seconds
185.740: [GC (Allocation Failure)  639504K->320016K(1034240K), 0.0043106 secs]
185.745: Total time for which application threads were stopped: 0.0044726 seconds, Stopping threads took: 0.0000200 seconds
185.811: [GC (Allocation Failure)  640528K->319054K(1034240K), 0.0039023 secs]
185.815: Total time for which application threads were stopped: 0.0040584 seconds, Stopping threads took: 0.0000190 seconds
185.882: [GC (Allocation Failure)  639566K->320240K(1034752K), 0.0041989 secs]
185.886: Total time for which application threads were stopped: 0.0043657 seconds, Stopping threads took: 0.0000194 seconds
185.952: [GC (Allocation Failure)  641776K->320016K(1034752K), 0.0044682 secs]
185.957: Total time for which application threads were stopped: 0.0046305 seconds, Stopping threads took: 0.0000193 seconds
186.022: [GC (Allocation Failure)  641552K->319246K(1035264K), 0.0041900 secs]
186.026: Total time for which application threads were stopped: 0.0043691 seconds, Stopping threads took: 0.0000274 seconds
186.096: [GC (Allocation Failure)  641806K->320176K(1035264K), 0.0042158 secs]
186.101: Total time for which application threads were stopped: 0.0043814 seconds, Stopping threads took: 0.0000247 seconds
186.169: [GC (Allocation Failure)  642736K->320048K(1036288K), 0.0040396 secs]
186.173: Total time for which application threads were stopped: 0.0042096 seconds, Stopping threads took: 0.0000195 seconds
186.241: [GC (Allocation Failure)  644144K->325038K(1035776K), 0.0066151 secs]
186.247: Total time for which application threads were stopped: 0.0067795 seconds, Stopping threads took: 0.0000202 seconds
186.316: [GC (Allocation Failure)  649134K->320912K(1034752K), 0.0044303 secs]
186.321: Total time for which application threads were stopped: 0.0045949 seconds, Stopping threads took: 0.0000200 seconds
186.389: [GC (Allocation Failure)  643472K->320784K(1035264K), 0.0048740 secs]
186.393: Total time for which application threads were stopped: 0.0050194 seconds, Stopping threads took: 0.0000253 seconds
186.462: [GC (Allocation Failure)  643344K->315342K(1034240K), 0.0022296 secs]
186.464: Total time for which application threads were stopped: 0.0023784 seconds, Stopping threads took: 0.0000194 seconds
186.533: [GC (Allocation Failure)  636878K->320896K(1034752K), 0.0042631 secs]
186.537: Total time for which application threads were stopped: 0.0044413 seconds, Stopping threads took: 0.0000260 seconds
186.604: [GC (Allocation Failure)  642432K->324968K(1035264K), 0.0044074 secs]
186.608: Total time for which application threads were stopped: 0.0046060 seconds, Stopping threads took: 0.0000278 seconds
186.676: [GC (Allocation Failure)  647016K->321062K(1034752K), 0.0029905 secs]
186.679: Total time for which application threads were stopped: 0.0031385 seconds, Stopping threads took: 0.0000169 seconds
186.747: [GC (Allocation Failure)  643110K->325128K(1035264K), 0.0044424 secs]
186.752: Total time for which application threads were stopped: 0.0046393 seconds, Stopping threads took: 0.0000201 seconds
186.821: [GC (Allocation Failure)  647688K->329096K(1035264K), 0.0041029 secs]
186.825: Total time for which application threads were stopped: 0.0043125 seconds, Stopping threads took: 0.0000200 seconds
186.893: [GC (Allocation Failure)  650703K->325190K(1035776K), 0.0030139 secs]
186.896: Total time for which application threads were stopped: 0.0031710 seconds, Stopping threads took: 0.0000206 seconds
186.966: [GC (Allocation Failure)  648262K->329256K(1035264K), 0.0044394 secs]
186.970: Total time for which application threads were stopped: 0.0046020 seconds, Stopping threads took: 0.0000198 seconds
187.039: [GC (Allocation Failure)  652328K->333192K(1035776K), 0.0041242 secs]
187.043: Total time for which application threads were stopped: 0.0043203 seconds, Stopping threads took: 0.0000286 seconds
187.113: [GC (Allocation Failure)  656776K->333192K(1035776K), 0.0040993 secs]
187.117: Total time for which application threads were stopped: 0.0042508 seconds, Stopping threads took: 0.0000168 seconds
187.187: [GC (Allocation Failure)  656776K->333288K(1034752K), 0.0042973 secs]
187.191: Total time for which application threads were stopped: 0.0044763 seconds, Stopping threads took: 0.0000193 seconds
187.259: [GC (Allocation Failure)  655848K->341290K(1035264K), 0.0042394 secs]
187.263: Total time for which application threads were stopped: 0.0044103 seconds, Stopping threads took: 0.0000198 seconds
187.332: [GC (Allocation Failure)  663850K->341258K(1035264K), 0.0043184 secs]
187.336: Total time for which application threads were stopped: 0.0045110 seconds, Stopping threads took: 0.0000201 seconds
187.405: [GC (Allocation Failure)  663818K->341322K(1022464K), 0.0043562 secs]
187.409: Total time for which application threads were stopped: 0.0045293 seconds, Stopping threads took: 0.0000198 seconds
187.477: [GC (Allocation Failure)  663882K->349325K(1034752K), 0.0044561 secs]
187.482: Total time for which application threads were stopped: 0.0046230 seconds, Stopping threads took: 0.0000192 seconds
187.549: [GC (Allocation Failure)  670861K->349293K(1034752K), 0.0042714 secs]
187.553: Total time for which application threads were stopped: 0.0044345 seconds, Stopping threads took: 0.0000197 seconds
187.620: [GC (Allocation Failure)  670829K->349549K(1034752K), 0.0042390 secs]
187.625: Total time for which application threads were stopped: 0.0044113 seconds, Stopping threads took: 0.0000196 seconds
187.694: [GC (Allocation Failure)  671085K->357327K(1029120K), 0.0041428 secs]
187.698: Total time for which application threads were stopped: 0.0043046 seconds, Stopping threads took: 0.0000191 seconds
187.767: [GC (Allocation Failure)  678863K->357327K(1034240K), 0.0043992 secs]
187.771: Total time for which application threads were stopped: 0.0045801 seconds, Stopping threads took: 0.0000196 seconds
187.840: [GC (Allocation Failure)  677839K->357767K(1034240K), 0.0044484 secs]
187.844: Total time for which application threads were stopped: 0.0046537 seconds, Stopping threads took: 0.0000512 seconds
187.912: [GC (Allocation Failure)  678279K->365353K(1034240K), 0.0044144 secs]
187.916: Total time for which application threads were stopped: 0.0045715 seconds, Stopping threads took: 0.0000196 seconds
187.986: [GC (Allocation Failure)  685865K->365353K(1034240K), 0.0041690 secs]
187.990: Total time for which application threads were stopped: 0.0043676 seconds, Stopping threads took: 0.0000422 seconds
188.059: [GC (Allocation Failure)  685865K->365481K(1034240K), 0.0044056 secs]
188.064: Total time for which application threads were stopped: 0.0045764 seconds, Stopping threads took: 0.0000281 seconds
188.131: [GC (Allocation Failure)  685993K->373387K(1028096K), 0.0044100 secs]
188.136: Total time for which application threads were stopped: 0.0045851 seconds, Stopping threads took: 0.0000195 seconds
188.205: [GC (Allocation Failure)  693899K->373387K(1033728K), 0.0042983 secs]
188.209: Total time for which application threads were stopped: 0.0044913 seconds, Stopping threads took: 0.0000199 seconds
188.277: [GC (Allocation Failure)  692875K->373451K(1033728K), 0.0044938 secs]
188.282: Total time for which application threads were stopped: 0.0046639 seconds, Stopping threads took: 0.0000206 seconds
188.349: [GC (Allocation Failure)  692939K->381422K(1033728K), 0.0042166 secs]
188.353: Total time for which application threads were stopped: 0.0044127 seconds, Stopping threads took: 0.0000204 seconds
188.421: [GC (Allocation Failure)  700910K->381390K(1033728K), 0.0043482 secs]
188.425: Total time for which application threads were stopped: 0.0045157 seconds, Stopping threads took: 0.0000197 seconds
188.490: [GC (Allocation Failure)  700878K->381670K(1033728K), 0.0044890 secs]
188.495: Total time for which application threads were stopped: 0.0046600 seconds, Stopping threads took: 0.0000200 seconds
188.560: [GC (Allocation Failure)  701158K->389448K(1033728K), 0.0044355 secs]
188.565: Total time for which application threads were stopped: 0.0046369 seconds, Stopping threads took: 0.0000274 seconds
188.632: [GC (Allocation Failure)  708936K->385542K(1034240K), 0.0033120 secs]
188.635: Total time for which application threads were stopped: 0.0034570 seconds, Stopping threads took: 0.0000169 seconds
188.703: [GC (Allocation Failure)  705542K->389584K(1033728K), 0.0044466 secs]
188.707: Total time for which application threads were stopped: 0.0046096 seconds, Stopping threads took: 0.0000200 seconds
188.775: [GC (Allocation Failure)  709584K->393584K(1034752K), 0.0044917 secs]
188.779: Total time for which application threads were stopped: 0.0046620 seconds, Stopping threads took: 0.0000194 seconds
188.846: [GC (Allocation Failure)  715120K->387822K(1034752K), 0.0023321 secs]
188.848: Total time for which application threads were stopped: 0.0024901 seconds, Stopping threads took: 0.0000274 seconds
188.915: [GC (Allocation Failure)  709358K->393680K(1035264K), 0.0045242 secs]
188.920: Total time for which application threads were stopped: 0.0046855 seconds, Stopping threads took: 0.0000198 seconds
188.990: [GC (Allocation Failure)  715728K->397728K(1034752K), 0.0048827 secs]
188.995: Total time for which application threads were stopped: 0.0050733 seconds, Stopping threads took: 0.0000206 seconds
189.063: [GC (Allocation Failure)  719514K->393822K(1035776K), 0.0030722 secs]
189.067: Total time for which application threads were stopped: 0.0032383 seconds, Stopping threads took: 0.0000266 seconds
189.134: [GC (Allocation Failure)  716894K->397896K(1035264K), 0.0045581 secs]
189.139: Total time for which application threads were stopped: 0.0047192 seconds, Stopping threads took: 0.0000202 seconds
189.207: [GC (Allocation Failure)  720968K->401864K(1035264K), 0.0064340 secs]
189.213: Total time for which application threads were stopped: 0.0065973 seconds, Stopping threads took: 0.0000206 seconds
189.283: [GC (Allocation Failure)  725448K->401896K(1035776K), 0.0044920 secs]
189.287: Total time for which application threads were stopped: 0.0046632 seconds, Stopping threads took: 0.0000198 seconds
189.356: [GC (Allocation Failure)  725480K->401928K(1034752K), 0.0044962 secs]
189.360: Total time for which application threads were stopped: 0.0046740 seconds, Stopping threads took: 0.0000193 seconds
189.429: [GC (Allocation Failure)  724488K->409898K(1035264K), 0.0044823 secs]
189.433: Total time for which application threads were stopped: 0.0046616 seconds, Stopping threads took: 0.0000197 seconds
189.501: [GC (Allocation Failure)  732458K->409930K(1034240K), 0.0045903 secs]
189.505: Total time for which application threads were stopped: 0.0047608 seconds, Stopping threads took: 0.0000208 seconds
189.573: [GC (Allocation Failure)  731466K->409962K(1034752K), 0.0043783 secs]
189.578: Total time for which application threads were stopped: 0.0045548 seconds, Stopping threads took: 0.0000275 seconds
189.643: [GC (Allocation Failure)  731498K->417933K(1033728K), 0.0045887 secs]
189.648: Total time for which application threads were stopped: 0.0047466 seconds, Stopping threads took: 0.0000196 seconds
189.716: [GC (Allocation Failure)  738445K->417933K(1034240K), 0.0045806 secs]
189.720: Total time for which application threads were stopped: 0.0047455 seconds, Stopping threads took: 0.0000194 seconds
189.786: [GC (Allocation Failure)  738445K->418189K(1034240K), 0.0045571 secs]
189.791: Total time for which application threads were stopped: 0.0047464 seconds, Stopping threads took: 0.0000193 seconds
189.858: [GC (Allocation Failure)  738701K->425967K(1034240K), 0.0043338 secs]
189.863: Total time for which application threads were stopped: 0.0045193 seconds, Stopping threads took: 0.0000174 seconds
189.930: [GC (Allocation Failure)  746479K->425967K(1034240K), 0.0045269 secs]
189.935: Total time for which application threads were stopped: 0.0046830 seconds, Stopping threads took: 0.0000164 seconds
190.002: [GC (Allocation Failure)  746479K->426375K(1020416K), 0.0045802 secs]
190.006: Total time for which application threads were stopped: 0.0047490 seconds, Stopping threads took: 0.0000200 seconds
190.074: [GC (Allocation Failure)  746887K->434025K(1033728K), 0.0045606 secs]
190.079: Total time for which application threads were stopped: 0.0047357 seconds, Stopping threads took: 0.0000264 seconds
190.146: [GC (Allocation Failure)  753513K->433993K(1033728K), 0.0042837 secs]
190.151: Total time for which application threads were stopped: 0.0044602 seconds, Stopping threads took: 0.0000195 seconds
190.216: [GC (Allocation Failure)  753481K->434121K(1033728K), 0.0045240 secs]
190.221: Total time for which application threads were stopped: 0.0046965 seconds, Stopping threads took: 0.0000205 seconds
190.290: [GC (Allocation Failure)  753609K->442027K(1033728K), 0.0045479 secs]
190.295: Total time for which application threads were stopped: 0.0047425 seconds, Stopping threads took: 0.0000205 seconds
190.363: [GC (Allocation Failure)  761514K->438121K(1034240K), 0.0033811 secs]
190.366: Total time for which application threads were stopped: 0.0035369 seconds, Stopping threads took: 0.0000192 seconds
190.435: [GC (Allocation Failure)  758121K->442187K(1033728K), 0.0047396 secs]
190.439: Total time for which application threads were stopped: 0.0049258 seconds, Stopping threads took: 0.0000197 seconds
190.505: [GC (Allocation Failure)  762187K->446187K(1034752K), 0.0046508 secs]
190.510: Total time for which application threads were stopped: 0.0048285 seconds, Stopping threads took: 0.0000199 seconds
190.578: [GC (Allocation Failure)  767723K->440425K(1034752K), 0.0023129 secs]
190.580: Total time for which application threads were stopped: 0.0024707 seconds, Stopping threads took: 0.0000275 seconds
190.647: [GC (Allocation Failure)  761961K->446219K(1035776K), 0.0044915 secs]
190.652: Total time for which application threads were stopped: 0.0046604 seconds, Stopping threads took: 0.0000197 seconds
190.720: [GC (Allocation Failure)  768779K->450299K(1034752K), 0.0047656 secs]
190.725: Total time for which application threads were stopped: 0.0049349 seconds, Stopping threads took: 0.0000194 seconds
190.791: [GC (Allocation Failure)  772597K->446393K(1035776K), 0.0036204 secs]
190.795: Total time for which application threads were stopped: 0.0037911 seconds, Stopping threads took: 0.0000205 seconds
190.864: [GC (Allocation Failure)  769465K->450459K(1035264K), 0.0046159 secs]
190.869: Total time for which application threads were stopped: 0.0047860 seconds, Stopping threads took: 0.0000195 seconds
190.936: [GC (Allocation Failure)  773531K->454427K(1035264K), 0.0045197 secs]
190.941: Total time for which application threads were stopped: 0.0046922 seconds, Stopping threads took: 0.0000211 seconds
191.009: [GC (Allocation Failure)  778011K->454427K(1035776K), 0.0042376 secs]
191.013: Total time for which application threads were stopped: 0.0044339 seconds, Stopping threads took: 0.0000209 seconds
191.080: [GC (Allocation Failure)  778011K->454491K(1034752K), 0.0044839 secs]
191.085: Total time for which application threads were stopped: 0.0046510 seconds, Stopping threads took: 0.0000172 seconds
191.153: [GC (Allocation Failure)  777051K->462494K(1035264K), 0.0045455 secs]
191.158: Total time for which application threads were stopped: 0.0047243 seconds, Stopping threads took: 0.0000195 seconds
191.226: [GC (Allocation Failure)  785054K->462462K(1034240K), 0.0044249 secs]
191.230: Total time for which application threads were stopped: 0.0046279 seconds, Stopping threads took: 0.0000219 seconds
191.299: [GC (Allocation Failure)  783998K->462526K(1034752K), 0.0044856 secs]
191.304: Total time for which application threads were stopped: 0.0046801 seconds, Stopping threads took: 0.0000201 seconds
191.372: [GC (Allocation Failure)  784062K->470464K(1034752K), 0.0073868 secs]
191.379: Total time for which application threads were stopped: 0.0075323 seconds, Stopping threads took: 0.0000165 seconds
191.448: [GC (Allocation Failure)  792000K->470496K(1029120K), 0.0043116 secs]
191.452: Total time for which application threads were stopped: 0.0044810 seconds, Stopping threads took: 0.0000199 seconds
191.518: [GC (Allocation Failure)  792032K->470760K(1034240K), 0.0043934 secs]
191.522: Total time for which application threads were stopped: 0.0045602 seconds, Stopping threads took: 0.0000264 seconds
191.591: [GC (Allocation Failure)  791272K->478538K(1034240K), 0.0046200 secs]
191.596: Total time for which application threads were stopped: 0.0047779 seconds, Stopping threads took: 0.0000178 seconds
191.664: [GC (Allocation Failure)  799050K->478506K(1034240K), 0.0043321 secs]
191.668: Total time for which application threads were stopped: 0.0044928 seconds, Stopping threads took: 0.0000198 seconds
191.736: [GC (Allocation Failure)  799018K->478954K(1034240K), 0.0046446 secs]
191.740: Total time for which application threads were stopped: 0.0048220 seconds, Stopping threads took: 0.0000253 seconds
191.806: [GC (Allocation Failure)  799466K->486540K(1033216K), 0.0046375 secs]
191.811: Total time for which application threads were stopped: 0.0048141 seconds, Stopping threads took: 0.0000200 seconds
191.878: [GC (Allocation Failure)  806028K->486540K(1033728K), 0.0046593 secs]
191.883: Total time for which application threads were stopped: 0.0048431 seconds, Stopping threads took: 0.0000196 seconds
191.949: [GC (Allocation Failure)  806028K->486700K(1033728K), 0.0046898 secs]
191.954: Total time for which application threads were stopped: 0.0048714 seconds, Stopping threads took: 0.0000198 seconds
192.021: [GC (Allocation Failure)  806188K->494607K(1033728K), 0.0045237 secs]
192.026: Total time for which application threads were stopped: 0.0047053 seconds, Stopping threads took: 0.0000280 seconds
192.093: [GC (Allocation Failure)  814095K->494639K(1033728K), 0.0043988 secs]
192.098: Total time for which application threads were stopped: 0.0045734 seconds, Stopping threads took: 0.0000199 seconds
192.165: [GC (Allocation Failure)  814127K->494663K(1033728K), 0.0047073 secs]
192.169: Total time for which application threads were stopped: 0.0048721 seconds, Stopping threads took: 0.0000200 seconds
192.236: [GC (Allocation Failure)  814151K->502633K(1032704K), 0.0047397 secs]
192.241: Total time for which application threads were stopped: 0.0049123 seconds, Stopping threads took: 0.0000200 seconds
192.307: [GC (Allocation Failure)  821097K->497095K(1033216K), 0.0025539 secs]
192.310: Total time for which application threads were stopped: 0.0027348 seconds, Stopping threads took: 0.0000256 seconds
192.377: [GC (Allocation Failure)  815559K->502889K(1034752K), 0.0052763 secs]
192.382: Total time for which application threads were stopped: 0.0054389 seconds, Stopping threads took: 0.0000244 seconds
192.451: [GC (Allocation Failure)  823401K->506809K(1033728K), 0.0047335 secs]
192.455: Total time for which application threads were stopped: 0.0048847 seconds, Stopping threads took: 0.0000168 seconds
192.523: [GC (Allocation Failure)  827321K->513671K(1029120K), 0.0075712 secs]
192.530: Total time for which application threads were stopped: 0.0077337 seconds, Stopping threads took: 0.0000258 seconds
192.597: [GC (Allocation Failure)  829063K->507561K(1031680K), 0.0045316 secs]
192.602: Total time for which application threads were stopped: 0.0047001 seconds, Stopping threads took: 0.0000200 seconds
192.667: [GC (Allocation Failure)  822953K->507401K(1032704K), 0.0048197 secs]
192.671: Total time for which application threads were stopped: 0.0049910 seconds, Stopping threads took: 0.0000201 seconds
192.736: [GC (Allocation Failure)  824329K->510825K(1032192K), 0.0052796 secs]
192.741: Total time for which application threads were stopped: 0.0054802 seconds, Stopping threads took: 0.0000198 seconds
192.809: [GC (Allocation Failure)  827753K->515563K(1033216K), 0.0044539 secs]
192.814: Total time for which application threads were stopped: 0.0046118 seconds, Stopping threads took: 0.0000171 seconds
192.881: [GC (Allocation Failure)  833515K->515435K(1032704K), 0.0047388 secs]
192.886: Total time for which application threads were stopped: 0.0049101 seconds, Stopping threads took: 0.0000200 seconds
192.954: [GC (Allocation Failure)  833387K->516459K(1033216K), 0.0049476 secs]
192.959: Total time for which application threads were stopped: 0.0051816 seconds, Stopping threads took: 0.0000563 seconds
193.026: [GC (Allocation Failure)  834923K->523469K(1033216K), 0.0044912 secs]
193.031: Total time for which application threads were stopped: 0.0046650 seconds, Stopping threads took: 0.0000265 seconds
193.098: [GC (Allocation Failure)  841933K->523501K(1033728K), 0.0046154 secs]
193.103: Total time for which application threads were stopped: 0.0048091 seconds, Stopping threads took: 0.0000203 seconds
193.171: [GC (Allocation Failure)  842477K->525165K(1033216K), 0.0049008 secs]
193.176: Total time for which application threads were stopped: 0.0050638 seconds, Stopping threads took: 0.0000203 seconds
193.245: [GC (Allocation Failure)  844141K->531568K(1033728K), 0.0047227 secs]
193.250: Total time for which application threads were stopped: 0.0048920 seconds, Stopping threads took: 0.0000200 seconds
193.317: [GC (Allocation Failure)  851056K->531504K(1033728K), 0.0049041 secs]
193.322: Total time for which application threads were stopped: 0.0051010 seconds, Stopping threads took: 0.0000219 seconds
193.389: [GC (Allocation Failure)  850992K->531856K(1033728K), 0.0092996 secs]
193.398: Total time for which application threads were stopped: 0.0094596 seconds, Stopping threads took: 0.0000256 seconds
193.465: [GC (Allocation Failure)  851344K->539570K(1033728K), 0.0046989 secs]
193.470: Total time for which application threads were stopped: 0.0048622 seconds, Stopping threads took: 0.0000203 seconds
193.538: [GC (Allocation Failure)  859058K->539538K(1033728K), 0.0044470 secs]
193.543: Total time for which application threads were stopped: 0.0046072 seconds, Stopping threads took: 0.0000193 seconds
193.610: [GC (Allocation Failure)  859026K->543146K(1033728K), 0.0055072 secs]
193.615: Total time for which application threads were stopped: 0.0056927 seconds, Stopping threads took: 0.0000251 seconds
193.683: [GC (Allocation Failure)  862634K->547660K(1034240K), 0.0047565 secs]
193.688: Total time for which application threads were stopped: 0.0049208 seconds, Stopping threads took: 0.0000201 seconds
193.756: [GC (Allocation Failure)  868172K->547564K(1034240K), 0.0047884 secs]
193.761: Total time for which application threads were stopped: 0.0049846 seconds, Stopping threads took: 0.0000201 seconds
193.828: [GC (Allocation Failure)  868076K->548300K(1034240K), 0.0046229 secs]
193.832: Total time for which application threads were stopped: 0.0048128 seconds, Stopping threads took: 0.0000190 seconds
193.902: [GC (Allocation Failure)  868812K->555599K(1034240K), 0.0045436 secs]
193.906: Total time for which application threads were stopped: 0.0047015 seconds, Stopping threads took: 0.0000174 seconds
193.974: [GC (Allocation Failure)  876111K->555599K(1034240K), 0.0065403 secs]
193.980: Total time for which application threads were stopped: 0.0067179 seconds, Stopping threads took: 0.0000205 seconds
194.049: [GC (Allocation Failure)  876111K->556551K(1034240K), 0.0046487 secs]
194.054: Total time for which application threads were stopped: 0.0048404 seconds, Stopping threads took: 0.0000204 seconds
194.122: [GC (Allocation Failure)  877063K->563625K(1034240K), 0.0047757 secs]
194.127: Total time for which application threads were stopped: 0.0049513 seconds, Stopping threads took: 0.0000284 seconds
194.195: [GC (Allocation Failure)  884137K->563657K(1034240K), 0.0047711 secs]
194.199: Total time for which application threads were stopped: 0.0049294 seconds, Stopping threads took: 0.0000188 seconds
194.266: [GC (Allocation Failure)  884169K->564777K(1034240K), 0.0046893 secs]
194.271: Total time for which application threads were stopped: 0.0048525 seconds, Stopping threads took: 0.0000201 seconds
194.339: [GC (Allocation Failure)  885289K->571691K(1034240K), 0.0049700 secs]
194.344: Total time for which application threads were stopped: 0.0051318 seconds, Stopping threads took: 0.0000200 seconds
194.413: [GC (Allocation Failure)  892203K->571659K(1034240K), 0.0049004 secs]
194.418: Total time for which application threads were stopped: 0.0050935 seconds, Stopping threads took: 0.0000194 seconds
194.487: [GC (Allocation Failure)  892171K->571979K(1020416K), 0.0050320 secs]
194.492: Total time for which application threads were stopped: 0.0051886 seconds, Stopping threads took: 0.0000166 seconds
194.561: [GC (Allocation Failure)  892491K->579725K(1033728K), 0.0050494 secs]
194.566: Total time for which application threads were stopped: 0.0052301 seconds, Stopping threads took: 0.0000199 seconds
194.633: [GC (Allocation Failure)  899213K->579693K(1033728K), 0.0047080 secs]
194.638: Total time for which application threads were stopped: 0.0048747 seconds, Stopping threads took: 0.0000209 seconds
194.704: [GC (Allocation Failure)  899181K->580205K(1033728K), 0.0048676 secs]
194.709: Total time for which application threads were stopped: 0.0050368 seconds, Stopping threads took: 0.0000200 seconds
194.778: [GC (Allocation Failure)  899693K->587760K(1033728K), 0.0048872 secs]
194.783: Total time for which application threads were stopped: 0.0050501 seconds, Stopping threads took: 0.0000200 seconds
194.850: [GC (Allocation Failure)  907248K->587760K(1033728K), 0.0048236 secs]
194.855: Total time for which application threads were stopped: 0.0049887 seconds, Stopping threads took: 0.0000210 seconds
194.921: [GC (Allocation Failure)  907248K->588456K(1033728K), 0.0048061 secs]
194.926: Total time for which application threads were stopped: 0.0049875 seconds, Stopping threads took: 0.0000193 seconds
194.995: [GC (Allocation Failure)  907944K->595754K(1033728K), 0.0048813 secs]
195.000: Total time for which application threads were stopped: 0.0050418 seconds, Stopping threads took: 0.0000195 seconds
195.067: [GC (Allocation Failure)  915242K->595786K(1033728K), 0.0046883 secs]
195.071: Total time for which application threads were stopped: 0.0048508 seconds, Stopping threads took: 0.0000205 seconds
195.137: [GC (Allocation Failure)  915274K->597730K(1033728K), 0.0090329 secs]
195.146: Total time for which application threads were stopped: 0.0091946 seconds, Stopping threads took: 0.0000195 seconds
195.215: [GC (Allocation Failure)  917218K->603812K(1033728K), 0.0047744 secs]
195.220: Total time for which application threads were stopped: 0.0049490 seconds, Stopping threads took: 0.0000191 seconds
195.287: [GC (Allocation Failure)  923300K->603780K(1033728K), 0.0048193 secs]
195.292: Total time for which application threads were stopped: 0.0049838 seconds, Stopping threads took: 0.0000202 seconds
195.360: [GC (Allocation Failure)  923268K->604900K(1033728K), 0.0049527 secs]
195.365: Total time for which application threads were stopped: 0.0051180 seconds, Stopping threads took: 0.0000193 seconds
195.433: [GC (Allocation Failure)  924388K->611846K(1033728K), 0.0048688 secs]
195.438: Total time for which application threads were stopped: 0.0050336 seconds, Stopping threads took: 0.0000203 seconds
195.506: [GC (Allocation Failure)  931334K->611814K(1033728K), 0.0047670 secs]
195.510: Total time for which application threads were stopped: 0.0049348 seconds, Stopping threads took: 0.0000213 seconds
195.577: [GC (Allocation Failure)  931302K->612166K(1033728K), 0.0050499 secs]
195.582: Total time for which application threads were stopped: 0.0052204 seconds, Stopping threads took: 0.0000197 seconds
195.649: [GC (Allocation Failure)  931654K->619881K(1033728K), 0.0047961 secs]
195.654: Total time for which application threads were stopped: 0.0049589 seconds, Stopping threads took: 0.0000195 seconds
195.724: [GC (Allocation Failure)  939369K->619849K(1033728K), 0.0049507 secs]
195.729: Total time for which application threads were stopped: 0.0051220 seconds, Stopping threads took: 0.0000220 seconds
195.795: [GC (Allocation Failure)  939337K->620361K(1033728K), 0.0049326 secs]
195.800: Total time for which application threads were stopped: 0.0051107 seconds, Stopping threads took: 0.0000248 seconds
195.868: [GC (Allocation Failure)  939849K->627915K(1033728K), 0.0049596 secs]
195.873: Total time for which application threads were stopped: 0.0051190 seconds, Stopping threads took: 0.0000195 seconds
195.940: [GC (Allocation Failure)  947403K->627915K(1033728K), 0.0050036 secs]
195.945: Total time for which application threads were stopped: 0.0052008 seconds, Stopping threads took: 0.0000410 seconds
196.012: [GC (Allocation Failure)  947403K->628611K(1033728K), 0.0052781 secs]
196.018: Total time for which application threads were stopped: 0.0054523 seconds, Stopping threads took: 0.0000194 seconds
196.086: [GC (Allocation Failure)  948099K->635877K(1033728K), 0.0045839 secs]
196.091: Total time for which application threads were stopped: 0.0047471 seconds, Stopping threads took: 0.0000197 seconds
196.157: [GC (Allocation Failure)  955365K->635941K(1033728K), 0.0049545 secs]
196.162: Total time for which application threads were stopped: 0.0051263 seconds, Stopping threads took: 0.0000192 seconds
196.228: [GC (Allocation Failure)  955429K->636837K(1033728K), 0.0050697 secs]
196.233: Total time for which application threads were stopped: 0.0052613 seconds, Stopping threads took: 0.0000194 seconds
196.302: [GC (Allocation Failure)  956325K->643911K(1033728K), 0.0049776 secs]
196.307: Total time for which application threads were stopped: 0.0051372 seconds, Stopping threads took: 0.0000169 seconds
196.374: [GC (Allocation Failure)  963399K->643943K(1033728K), 0.0055180 secs]
196.380: Total time for which application threads were stopped: 0.0056755 seconds, Stopping threads took: 0.0000161 seconds
196.447: [GC (Allocation Failure)  963431K->644071K(1033728K), 0.0047423 secs]
196.452: Total time for which application threads were stopped: 0.0049200 seconds, Stopping threads took: 0.0000196 seconds
196.520: [GC (Allocation Failure)  963559K->651978K(1027072K), 0.0051058 secs]
196.525: Total time for which application threads were stopped: 0.0052832 seconds, Stopping threads took: 0.0000222 seconds
196.593: [GC (Allocation Failure)  971466K->652010K(1033216K), 0.0048707 secs]
196.598: Total time for which application threads were stopped: 0.0050447 seconds, Stopping threads took: 0.0000195 seconds
196.664: [GC (Allocation Failure)  970474K->652298K(1033216K), 0.0049082 secs]
196.669: Total time for which application threads were stopped: 0.0050796 seconds, Stopping threads took: 0.0000201 seconds
196.739: [GC (Allocation Failure)  970762K->660012K(1033216K), 0.0049032 secs]
196.744: Total time for which application threads were stopped: 0.0050634 seconds, Stopping threads took: 0.0000194 seconds
196.810: [GC (Allocation Failure)  978476K->660012K(1033216K), 0.0050914 secs]
196.815: Total time for which application threads were stopped: 0.0052813 seconds, Stopping threads took: 0.0000198 seconds
196.881: [GC (Allocation Failure)  978476K->660524K(1033216K), 0.0050225 secs]
196.886: Total time for which application threads were stopped: 0.0051831 seconds, Stopping threads took: 0.0000195 seconds
196.951: [GC (Allocation Failure)  978988K->668078K(1033216K), 0.0051894 secs]
196.956: Total time for which application threads were stopped: 0.0053584 seconds, Stopping threads took: 0.0000196 seconds
197.024: [GC (Allocation Failure)  986542K->668046K(1033216K), 0.0048703 secs]
197.029: Total time for which application threads were stopped: 0.0050658 seconds, Stopping threads took: 0.0000442 seconds
197.093: [GC (Allocation Failure)  986510K->668230K(1033216K), 0.0048441 secs]
197.098: Total time for which application threads were stopped: 0.0050435 seconds, Stopping threads took: 0.0000195 seconds
197.164: [GC (Allocation Failure)  986694K->676104K(1033216K), 0.0049343 secs]
197.169: Total time for which application threads were stopped: 0.0051208 seconds, Stopping threads took: 0.0000178 seconds
197.236: [GC (Allocation Failure)  994568K->676104K(1033216K), 0.0049272 secs]
197.241: Total time for which application threads were stopped: 0.0050930 seconds, Stopping threads took: 0.0000211 seconds
197.308: [GC (Allocation Failure)  994568K->676232K(1033216K), 0.0048043 secs]
197.313: Total time for which application threads were stopped: 0.0049857 seconds, Stopping threads took: 0.0000199 seconds
197.380: [GC (Allocation Failure)  994696K->684107K(1033216K), 0.0061807 secs]
197.387: Total time for which application threads were stopped: 0.0063946 seconds, Stopping threads took: 0.0000254 seconds
197.453: [GC (Allocation Failure)  1002571K->684107K(1033216K), 0.0050127 secs]
197.458: Total time for which application threads were stopped: 0.0052029 seconds, Stopping threads took: 0.0000199 seconds
197.523: [GC (Allocation Failure)  1002571K->684203K(1033216K), 0.0050495 secs]
197.528: [Full GC (Ergonomics)  684203K->8560K(1033216K), 0.0122888 secs]
197.540: Total time for which application threads were stopped: 0.0176412 seconds, Stopping threads took: 0.0000203 seconds
197.608: [GC (Allocation Failure)  327024K->17618K(1032192K), 0.0037690 secs]
197.612: Total time for which application threads were stopped: 0.0039430 seconds, Stopping threads took: 0.0000203 seconds
197.678: [GC (Allocation Failure)  335058K->17626K(1032704K), 0.0039874 secs]
197.682: Total time for which application threads were stopped: 0.0041520 seconds, Stopping threads took: 0.0000202 seconds
197.749: [GC (Allocation Failure)  335066K->17914K(1032704K), 0.0036332 secs]
197.753: Total time for which application threads were stopped: 0.0038064 seconds, Stopping threads took: 0.0000206 seconds
197.820: [GC (Allocation Failure)  335354K->25661K(1032704K), 0.0036993 secs]
197.824: Total time for which application threads were stopped: 0.0038892 seconds, Stopping threads took: 0.0000193 seconds
197.893: [GC (Allocation Failure)  343101K->25661K(1032704K), 0.0033831 secs]
197.897: Total time for which application threads were stopped: 0.0035776 seconds, Stopping threads took: 0.0000199 seconds
197.964: [GC (Allocation Failure)  343101K->25917K(1032704K), 0.0037477 secs]
197.967: Total time for which application threads were stopped: 0.0039064 seconds, Stopping threads took: 0.0000195 seconds
198.034: [GC (Allocation Failure)  343357K->33695K(1032704K), 0.0034811 secs]
198.038: Total time for which application threads were stopped: 0.0036499 seconds, Stopping threads took: 0.0000279 seconds
198.104: [GC (Allocation Failure)  351135K->39037K(1030656K), 0.0059740 secs]
198.110: Total time for which application threads were stopped: 0.0061643 seconds, Stopping threads took: 0.0000187 seconds
198.178: [GC (Allocation Failure)  356477K->33823K(1031168K), 0.0039506 secs]
198.182: Total time for which application threads were stopped: 0.0041245 seconds, Stopping threads took: 0.0000199 seconds
198.248: [GC (Allocation Failure)  348191K->33727K(1031168K), 0.0035856 secs]
198.252: Total time for which application threads were stopped: 0.0037547 seconds, Stopping threads took: 0.0000199 seconds
198.320: [GC (Allocation Failure)  348095K->34023K(1031680K), 0.0040134 secs]
198.324: Total time for which application threads were stopped: 0.0041867 seconds, Stopping threads took: 0.0000210 seconds
198.394: [GC (Allocation Failure)  349415K->41801K(1031680K), 0.0045551 secs]
198.399: Total time for which application threads were stopped: 0.0047612 seconds, Stopping threads took: 0.0000282 seconds
198.465: [GC (Allocation Failure)  357193K->41737K(1032192K), 0.0037021 secs]
198.469: Total time for which application threads were stopped: 0.0039184 seconds, Stopping threads took: 0.0000195 seconds
198.535: [GC (Allocation Failure)  358153K->42249K(1032192K), 0.0037207 secs]
198.539: Total time for which application threads were stopped: 0.0038856 seconds, Stopping threads took: 0.0000266 seconds
198.607: [GC (Allocation Failure)  358665K->49803K(1032704K), 0.0038277 secs]
198.611: Total time for which application threads were stopped: 0.0039884 seconds, Stopping threads took: 0.0000197 seconds
198.678: [GC (Allocation Failure)  366731K->49771K(1032192K), 0.0038539 secs]
198.682: Total time for which application threads were stopped: 0.0040188 seconds, Stopping threads took: 0.0000203 seconds
198.748: [GC (Allocation Failure)  366699K->49923K(1032704K), 0.0039843 secs]
198.753: Total time for which application threads were stopped: 0.0041884 seconds, Stopping threads took: 0.0000218 seconds
198.820: [GC (Allocation Failure)  367363K->57830K(1032704K), 0.0038268 secs]
198.824: Total time for which application threads were stopped: 0.0039878 seconds, Stopping threads took: 0.0000196 seconds
198.893: [GC (Allocation Failure)  375270K->57798K(1032704K), 0.0035697 secs]
198.897: Total time for which application threads were stopped: 0.0037518 seconds, Stopping threads took: 0.0000219 seconds
198.963: [GC (Allocation Failure)  375238K->58726K(1032704K), 0.0040121 secs]
198.967: Total time for which application threads were stopped: 0.0041846 seconds, Stopping threads took: 0.0000206 seconds
199.035: [GC (Allocation Failure)  376166K->65864K(1033216K), 0.0037453 secs]
199.039: Total time for which application threads were stopped: 0.0039239 seconds, Stopping threads took: 0.0000280 seconds
199.106: [GC (Allocation Failure)  383816K->65832K(1032704K), 0.0039094 secs]
199.110: Total time for which application threads were stopped: 0.0040780 seconds, Stopping threads took: 0.0000200 seconds
199.175: [GC (Allocation Failure)  383784K->65896K(1033216K), 0.0037070 secs]
199.179: Total time for which application threads were stopped: 0.0039002 seconds, Stopping threads took: 0.0000200 seconds
199.248: [GC (Allocation Failure)  384360K->73898K(1033216K), 0.0038168 secs]
199.252: Total time for which application threads were stopped: 0.0039973 seconds, Stopping threads took: 0.0000169 seconds
199.319: [GC (Allocation Failure)  392362K->73866K(1033216K), 0.0038633 secs]
199.323: Total time for which application threads were stopped: 0.0040250 seconds, Stopping threads took: 0.0000193 seconds
199.388: [GC (Allocation Failure)  392330K->74114K(1033216K), 0.0046335 secs]
199.392: Total time for which application threads were stopped: 0.0048068 seconds, Stopping threads took: 0.0000282 seconds
199.460: [GC (Allocation Failure)  392578K->81925K(1033216K), 0.0040945 secs]
199.464: Total time for which application threads were stopped: 0.0042563 seconds, Stopping threads took: 0.0000196 seconds
199.532: [GC (Allocation Failure)  400389K->81893K(1033216K), 0.0036228 secs]
199.536: Total time for which application threads were stopped: 0.0037908 seconds, Stopping threads took: 0.0000267 seconds
199.602: [GC (Allocation Failure)  400357K->82309K(1033216K), 0.0038928 secs]
199.606: Total time for which application threads were stopped: 0.0040685 seconds, Stopping threads took: 0.0000260 seconds
199.672: [GC (Allocation Failure)  400773K->89959K(1033216K), 0.0039074 secs]
199.676: Total time for which application threads were stopped: 0.0040691 seconds, Stopping threads took: 0.0000196 seconds
199.743: [GC (Allocation Failure)  408423K->89959K(1033216K), 0.0037581 secs]
199.747: Total time for which application threads were stopped: 0.0039191 seconds, Stopping threads took: 0.0000195 seconds
199.812: [GC (Allocation Failure)  408423K->90535K(1033216K), 0.0039834 secs]
199.816: Total time for which application threads were stopped: 0.0041544 seconds, Stopping threads took: 0.0000201 seconds
199.883: [GC (Allocation Failure)  408999K->98025K(1033216K), 0.0039319 secs]
199.887: Total time for which application threads were stopped: 0.0041050 seconds, Stopping threads took: 0.0000205 seconds
199.953: [GC (Allocation Failure)  416489K->97929K(1033216K), 0.0038129 secs]
199.957: Total time for which application threads were stopped: 0.0039722 seconds, Stopping threads took: 0.0000198 seconds
200.025: [GC (Allocation Failure)  416393K->98761K(1033216K), 0.0041338 secs]
200.030: Total time for which application threads were stopped: 0.0042983 seconds, Stopping threads took: 0.0000200 seconds
200.097: [GC (Allocation Failure)  417225K->106027K(1033216K), 0.0038983 secs]
200.101: Total time for which application threads were stopped: 0.0040573 seconds, Stopping threads took: 0.0000198 seconds
200.168: [GC (Allocation Failure)  424491K->105963K(1033216K), 0.0038940 secs]
200.172: Total time for which application threads were stopped: 0.0040549 seconds, Stopping threads took: 0.0000198 seconds
200.238: [GC (Allocation Failure)  424427K->107019K(1033216K), 0.0066348 secs]
200.245: Total time for which application threads were stopped: 0.0067981 seconds, Stopping threads took: 0.0000201 seconds
200.313: [GC (Allocation Failure)  425483K->114062K(1033216K), 0.0037743 secs]
200.317: Total time for which application threads were stopped: 0.0039530 seconds, Stopping threads took: 0.0000217 seconds
200.384: [GC (Allocation Failure)  432526K->114030K(1033216K), 0.0046404 secs]
200.389: Total time for which application threads were stopped: 0.0048525 seconds, Stopping threads took: 0.0000250 seconds
200.454: [GC (Allocation Failure)  432494K->114182K(1033216K), 0.0040466 secs]
200.458: Total time for which application threads were stopped: 0.0042343 seconds, Stopping threads took: 0.0000197 seconds
200.523: [GC (Allocation Failure)  432646K->122088K(1033216K), 0.0039769 secs]
200.527: Total time for which application threads were stopped: 0.0041516 seconds, Stopping threads took: 0.0000209 seconds
200.595: [GC (Allocation Failure)  440552K->122056K(1033216K), 0.0038681 secs]
200.599: Total time for which application threads were stopped: 0.0040863 seconds, Stopping threads took: 0.0000200 seconds
200.664: [GC (Allocation Failure)  440520K->122408K(1033216K), 0.0037947 secs]
200.668: Total time for which application threads were stopped: 0.0039637 seconds, Stopping threads took: 0.0000172 seconds
200.734: [GC (Allocation Failure)  440872K->130122K(1033216K), 0.0037440 secs]
200.738: Total time for which application threads were stopped: 0.0039406 seconds, Stopping threads took: 0.0000210 seconds
200.805: [GC (Allocation Failure)  448586K->130090K(1033216K), 0.0039898 secs]
200.809: Total time for which application threads were stopped: 0.0041650 seconds, Stopping threads took: 0.0000199 seconds
200.876: [GC (Allocation Failure)  448554K->130154K(1033216K), 0.0037968 secs]
200.879: Total time for which application threads were stopped: 0.0039951 seconds, Stopping threads took: 0.0000202 seconds
200.948: [GC (Allocation Failure)  448618K->138156K(1033216K), 0.0039279 secs]
200.952: Total time for which application threads were stopped: 0.0041085 seconds, Stopping threads took: 0.0000173 seconds
201.020: [GC (Allocation Failure)  456620K->138124K(1033216K), 0.0037841 secs]
201.024: Total time for which application threads were stopped: 0.0039345 seconds, Stopping threads took: 0.0000170 seconds
201.089: [GC (Allocation Failure)  456588K->138380K(1033216K), 0.0039481 secs]
201.093: Total time for which application threads were stopped: 0.0041177 seconds, Stopping threads took: 0.0000277 seconds
201.160: [GC (Allocation Failure)  456844K->146159K(1033216K), 0.0040342 secs]
201.164: Total time for which application threads were stopped: 0.0042157 seconds, Stopping threads took: 0.0000224 seconds
201.230: [GC (Allocation Failure)  464623K->146191K(1033216K), 0.0039725 secs]
201.234: Total time for which application threads were stopped: 0.0041341 seconds, Stopping threads took: 0.0000201 seconds
201.298: [GC (Allocation Failure)  464655K->146375K(1033216K), 0.0039738 secs]
201.302: Total time for which application threads were stopped: 0.0041656 seconds, Stopping threads took: 0.0000192 seconds
201.369: [GC (Allocation Failure)  464839K->154185K(1033216K), 0.0094677 secs]
201.379: Total time for which application threads were stopped: 0.0096193 seconds, Stopping threads took: 0.0000171 seconds
201.446: [GC (Allocation Failure)  472649K->150311K(1033728K), 0.0025867 secs]
201.448: Total time for which application threads were stopped: 0.0027331 seconds, Stopping threads took: 0.0000180 seconds
201.515: [GC (Allocation Failure)  469287K->154345K(1033216K), 0.0042802 secs]
201.519: Total time for which application threads were stopped: 0.0044717 seconds, Stopping threads took: 0.0000201 seconds
201.588: [GC (Allocation Failure)  473321K->158345K(1033728K), 0.0037983 secs]
201.592: Total time for which application threads were stopped: 0.0039763 seconds, Stopping threads took: 0.0000253 seconds
201.661: [GC (Allocation Failure)  478857K->165839K(1034240K), 0.0073210 secs]
201.668: Total time for which application threads were stopped: 0.0074716 seconds, Stopping threads took: 0.0000166 seconds
201.736: [GC (Allocation Failure)  486351K->159601K(1029120K), 0.0041876 secs]
201.741: Total time for which application threads were stopped: 0.0043607 seconds, Stopping threads took: 0.0000205 seconds
201.807: [GC (Allocation Failure)  474993K->159601K(1031680K), 0.0039478 secs]
201.811: Total time for which application threads were stopped: 0.0041187 seconds, Stopping threads took: 0.0000201 seconds
201.875: [GC (Allocation Failure)  474993K->155055K(1032704K), 0.0021735 secs]
201.878: Total time for which application threads were stopped: 0.0023378 seconds, Stopping threads took: 0.0000205 seconds
201.946: [GC (Allocation Failure)  471983K->159825K(1032192K), 0.0039514 secs]
201.950: Total time for which application threads were stopped: 0.0041207 seconds, Stopping threads took: 0.0000199 seconds
202.017: [GC (Allocation Failure)  476753K->159601K(1033216K), 0.0039735 secs]
202.021: Total time for which application threads were stopped: 0.0041519 seconds, Stopping threads took: 0.0000213 seconds
202.088: [GC (Allocation Failure)  477553K->159689K(1032704K), 0.0039790 secs]
202.092: Total time for which application threads were stopped: 0.0041620 seconds, Stopping threads took: 0.0000285 seconds
202.159: [GC (Allocation Failure)  477641K->167627K(1033216K), 0.0038421 secs]
202.162: Total time for which application threads were stopped: 0.0039989 seconds, Stopping threads took: 0.0000261 seconds
202.230: [GC (Allocation Failure)  486091K->167563K(1033216K), 0.0037528 secs]
202.233: Total time for which application threads were stopped: 0.0039248 seconds, Stopping threads took: 0.0000202 seconds
202.299: [GC (Allocation Failure)  486027K->171531K(1033728K), 0.0049099 secs]
202.304: Total time for which application threads were stopped: 0.0050891 seconds, Stopping threads took: 0.0000225 seconds
202.371: [GC (Allocation Failure)  490507K->175757K(1033216K), 0.0088310 secs]
202.380: Total time for which application threads were stopped: 0.0090214 seconds, Stopping threads took: 0.0000202 seconds
202.448: [GC (Allocation Failure)  494733K->175629K(1034240K), 0.0040640 secs]
202.452: Total time for which application threads were stopped: 0.0042246 seconds, Stopping threads took: 0.0000182 seconds
202.519: [GC (Allocation Failure)  495629K->178221K(1033728K), 0.0044024 secs]
202.523: Total time for which application threads were stopped: 0.0045956 seconds, Stopping threads took: 0.0000248 seconds
202.592: [GC (Allocation Failure)  498221K->183760K(1034240K), 0.0039721 secs]
202.596: Total time for which application threads were stopped: 0.0041493 seconds, Stopping threads took: 0.0000197 seconds
202.666: [GC (Allocation Failure)  504272K->183664K(1034240K), 0.0041431 secs]
202.670: Total time for which application threads were stopped: 0.0043072 seconds, Stopping threads took: 0.0000198 seconds
202.737: [GC (Allocation Failure)  504176K->183880K(1034240K), 0.0040695 secs]
202.741: Total time for which application threads were stopped: 0.0042427 seconds, Stopping threads took: 0.0000218 seconds
202.809: [GC (Allocation Failure)  504392K->191690K(1034240K), 0.0040554 secs]
202.813: Total time for which application threads were stopped: 0.0042403 seconds, Stopping threads took: 0.0000206 seconds
202.881: [GC (Allocation Failure)  512202K->191690K(1034240K), 0.0040737 secs]
202.885: Total time for which application threads were stopped: 0.0042402 seconds, Stopping threads took: 0.0000206 seconds
202.952: [GC (Allocation Failure)  512202K->194146K(1034240K), 0.0047409 secs]
202.957: Total time for which application threads were stopped: 0.0049098 seconds, Stopping threads took: 0.0000190 seconds
203.025: [GC (Allocation Failure)  514658K->199748K(1034240K), 0.0039577 secs]
203.029: Total time for which application threads were stopped: 0.0041305 seconds, Stopping threads took: 0.0000197 seconds
203.098: [GC (Allocation Failure)  520260K->199748K(1034240K), 0.0037918 secs]
203.102: Total time for which application threads were stopped: 0.0040085 seconds, Stopping threads took: 0.0000265 seconds
203.171: [GC (Allocation Failure)  520260K->200364K(1034240K), 0.0040631 secs]
203.175: Total time for which application threads were stopped: 0.0042330 seconds, Stopping threads took: 0.0000191 seconds
203.243: [GC (Allocation Failure)  520876K->207758K(1034240K), 0.0038901 secs]
203.247: Total time for which application threads were stopped: 0.0041244 seconds, Stopping threads took: 0.0000521 seconds
203.316: [GC (Allocation Failure)  528270K->207758K(1034240K), 0.0042499 secs]
203.321: Total time for which application threads were stopped: 0.0044433 seconds, Stopping threads took: 0.0000199 seconds
203.389: [GC (Allocation Failure)  528270K->210638K(1034240K), 0.0066545 secs]
203.396: Total time for which application threads were stopped: 0.0068640 seconds, Stopping threads took: 0.0000197 seconds
203.464: [GC (Allocation Failure)  531150K->215889K(1034240K), 0.0038895 secs]
203.468: Total time for which application threads were stopped: 0.0040470 seconds, Stopping threads took: 0.0000195 seconds
203.535: [GC (Allocation Failure)  536401K->215793K(1034240K), 0.0039099 secs]
203.539: Total time for which application threads were stopped: 0.0040947 seconds, Stopping threads took: 0.0000257 seconds
203.606: [GC (Allocation Failure)  536305K->216809K(1033728K), 0.0042123 secs]
203.610: Total time for which application threads were stopped: 0.0043926 seconds, Stopping threads took: 0.0000244 seconds
203.680: [GC (Allocation Failure)  537321K->223883K(1034240K), 0.0041931 secs]
203.684: Total time for which application threads were stopped: 0.0043647 seconds, Stopping threads took: 0.0000206 seconds
203.751: [GC (Allocation Failure)  544395K->223819K(1034240K), 0.0040647 secs]
203.755: Total time for which application threads were stopped: 0.0042456 seconds, Stopping threads took: 0.0000206 seconds
203.822: [GC (Allocation Failure)  544331K->224011K(1034240K), 0.0047951 secs]
203.827: Total time for which application threads were stopped: 0.0049853 seconds, Stopping threads took: 0.0000197 seconds
203.894: [GC (Allocation Failure)  544523K->231853K(1034240K), 0.0041060 secs]
203.898: Total time for which application threads were stopped: 0.0042802 seconds, Stopping threads took: 0.0000206 seconds
203.966: [GC (Allocation Failure)  552365K->231885K(1034240K), 0.0041423 secs]
203.970: Total time for which application threads were stopped: 0.0043331 seconds, Stopping threads took: 0.0000197 seconds
204.037: [GC (Allocation Failure)  552397K->233293K(1034240K), 0.0040636 secs]
204.041: Total time for which application threads were stopped: 0.0042261 seconds, Stopping threads took: 0.0000192 seconds
204.109: [GC (Allocation Failure)  553805K->239984K(1034240K), 0.0043128 secs]
204.113: Total time for which application threads were stopped: 0.0044947 seconds, Stopping threads took: 0.0000205 seconds
204.182: [GC (Allocation Failure)  560496K->239888K(1034240K), 0.0040119 secs]
204.186: Total time for which application threads were stopped: 0.0042098 seconds, Stopping threads took: 0.0000211 seconds
204.254: [GC (Allocation Failure)  560400K->239952K(1020416K), 0.0040940 secs]
204.258: Total time for which application threads were stopped: 0.0042550 seconds, Stopping threads took: 0.0000196 seconds
204.326: [GC (Allocation Failure)  560464K->247954K(1033728K), 0.0041250 secs]
204.330: Total time for which application threads were stopped: 0.0042855 seconds, Stopping threads took: 0.0000201 seconds
204.398: [GC (Allocation Failure)  567442K->247922K(1033728K), 0.0041555 secs]
204.403: Total time for which application threads were stopped: 0.0043070 seconds, Stopping threads took: 0.0000167 seconds
204.467: [GC (Allocation Failure)  567410K->248234K(1033728K), 0.0039877 secs]
204.471: Total time for which application threads were stopped: 0.0041735 seconds, Stopping threads took: 0.0000166 seconds
204.541: [GC (Allocation Failure)  567722K->255980K(1033728K), 0.0039678 secs]
204.545: Total time for which application threads were stopped: 0.0041269 seconds, Stopping threads took: 0.0000260 seconds
204.614: [GC (Allocation Failure)  575468K->255980K(1033728K), 0.0040906 secs]
204.618: Total time for which application threads were stopped: 0.0042585 seconds, Stopping threads took: 0.0000198 seconds
204.683: [GC (Allocation Failure)  575468K->256964K(1033728K), 0.0042598 secs]
204.687: Total time for which application threads were stopped: 0.0044218 seconds, Stopping threads took: 0.0000196 seconds
204.755: [GC (Allocation Failure)  576452K->264038K(1033728K), 0.0043504 secs]
204.760: Total time for which application threads were stopped: 0.0045297 seconds, Stopping threads took: 0.0000202 seconds
204.827: [GC (Allocation Failure)  583526K->263942K(1033728K), 0.0040194 secs]
204.831: Total time for which application threads were stopped: 0.0042149 seconds, Stopping threads took: 0.0000194 seconds
204.898: [GC (Allocation Failure)  583430K->264142K(1033728K), 0.0042984 secs]
204.902: Total time for which application threads were stopped: 0.0044650 seconds, Stopping threads took: 0.0000167 seconds
204.968: [GC (Allocation Failure)  583630K->272017K(1033728K), 0.0043204 secs]
204.972: Total time for which application threads were stopped: 0.0044990 seconds, Stopping threads took: 0.0000199 seconds
205.040: [GC (Allocation Failure)  591505K->272017K(1033728K), 0.0040727 secs]
205.044: Total time for which application threads were stopped: 0.0042391 seconds, Stopping threads took: 0.0000262 seconds
205.110: [GC (Allocation Failure)  591505K->273417K(1033728K), 0.0041682 secs]
205.114: Total time for which application threads were stopped: 0.0043397 seconds, Stopping threads took: 0.0000207 seconds
205.182: [GC (Allocation Failure)  592905K->280043K(1033728K), 0.0043116 secs]
205.186: Total time for which application threads were stopped: 0.0045197 seconds, Stopping threads took: 0.0000201 seconds
205.254: [GC (Allocation Failure)  599531K->280043K(1033728K), 0.0043024 secs]
205.259: Total time for which application threads were stopped: 0.0044625 seconds, Stopping threads took: 0.0000199 seconds
205.323: [GC (Allocation Failure)  599531K->280643K(1033728K), 0.0045444 secs]
205.328: Total time for which application threads were stopped: 0.0047385 seconds, Stopping threads took: 0.0000196 seconds
205.398: [GC (Allocation Failure)  600131K->288133K(1033728K), 0.0040296 secs]
205.402: Total time for which application threads were stopped: 0.0042105 seconds, Stopping threads took: 0.0000147 seconds
205.469: [GC (Allocation Failure)  607621K->288069K(1033728K), 0.0042495 secs]
205.474: Total time for which application threads were stopped: 0.0044299 seconds, Stopping threads took: 0.0000264 seconds
205.539: [GC (Allocation Failure)  607557K->288877K(1033728K), 0.0041701 secs]
205.543: Total time for which application threads were stopped: 0.0043289 seconds, Stopping threads took: 0.0000261 seconds
205.610: [GC (Allocation Failure)  608365K->296175K(1033728K), 0.0044063 secs]
205.614: Total time for which application threads were stopped: 0.0045785 seconds, Stopping threads took: 0.0000249 seconds
205.684: [GC (Allocation Failure)  615663K->296111K(1033728K), 0.0043004 secs]
205.688: Total time for which application threads were stopped: 0.0044740 seconds, Stopping threads took: 0.0000202 seconds
205.753: [GC (Allocation Failure)  615599K->297095K(1033728K), 0.0043200 secs]
205.758: Total time for which application threads were stopped: 0.0045067 seconds, Stopping threads took: 0.0000206 seconds
205.823: [GC (Allocation Failure)  616583K->304138K(1033728K), 0.0041714 secs]
205.828: Total time for which application threads were stopped: 0.0043350 seconds, Stopping threads took: 0.0000196 seconds
205.895: [GC (Allocation Failure)  623626K->304106K(1033728K), 0.0041399 secs]
205.900: Total time for which application threads were stopped: 0.0043041 seconds, Stopping threads took: 0.0000205 seconds
205.965: [GC (Allocation Failure)  623594K->304298K(1033728K), 0.0041317 secs]
205.969: Total time for which application threads were stopped: 0.0043129 seconds, Stopping threads took: 0.0000287 seconds
206.035: [GC (Allocation Failure)  623786K->312172K(1032704K), 0.0042348 secs]
206.039: Total time for which application threads were stopped: 0.0044107 seconds, Stopping threads took: 0.0000278 seconds
206.108: [GC (Allocation Failure)  630636K->312140K(1033216K), 0.0042443 secs]
206.112: Total time for which application threads were stopped: 0.0044393 seconds, Stopping threads took: 0.0000200 seconds
206.177: [GC (Allocation Failure)  630604K->312524K(1033216K), 0.0043628 secs]
206.182: Total time for which application threads were stopped: 0.0045229 seconds, Stopping threads took: 0.0000195 seconds
206.249: [GC (Allocation Failure)  630988K->320206K(1033216K), 0.0042022 secs]
206.253: Total time for which application threads were stopped: 0.0043647 seconds, Stopping threads took: 0.0000195 seconds
206.319: [GC (Allocation Failure)  638670K->320206K(1033216K), 0.0065134 secs]
206.325: Total time for which application threads were stopped: 0.0066807 seconds, Stopping threads took: 0.0000196 seconds
206.391: [GC (Allocation Failure)  638670K->320782K(1033216K), 0.0051365 secs]
206.396: Total time for which application threads were stopped: 0.0053393 seconds, Stopping threads took: 0.0000178 seconds
206.465: [GC (Allocation Failure)  639246K->328208K(1033216K), 0.0040930 secs]
206.469: Total time for which application threads were stopped: 0.0042748 seconds, Stopping threads took: 0.0000178 seconds
206.537: [GC (Allocation Failure)  646672K->328240K(1033216K), 0.0039527 secs]
206.541: Total time for which application threads were stopped: 0.0041090 seconds, Stopping threads took: 0.0000169 seconds
206.607: [GC (Allocation Failure)  646704K->328488K(1033216K), 0.0043384 secs]
206.611: Total time for which application threads were stopped: 0.0044932 seconds, Stopping threads took: 0.0000171 seconds
206.679: [GC (Allocation Failure)  646952K->336299K(1033216K), 0.0045604 secs]
206.684: Total time for which application threads were stopped: 0.0047310 seconds, Stopping threads took: 0.0000200 seconds
206.749: [GC (Allocation Failure)  654763K->336267K(1033216K), 0.0045497 secs]
206.754: Total time for which application threads were stopped: 0.0047204 seconds, Stopping threads took: 0.0000203 seconds
206.821: [GC (Allocation Failure)  654731K->336331K(1033216K), 0.0045334 secs]
206.825: Total time for which application threads were stopped: 0.0047162 seconds, Stopping threads took: 0.0000218 seconds
206.894: [GC (Allocation Failure)  654795K->344301K(1033216K), 0.0043666 secs]
206.898: Total time for which application threads were stopped: 0.0045583 seconds, Stopping threads took: 0.0000229 seconds
206.964: [GC (Allocation Failure)  662765K->344301K(1033216K), 0.0045512 secs]
206.969: Total time for which application threads were stopped: 0.0047232 seconds, Stopping threads took: 0.0000199 seconds
207.035: [GC (Allocation Failure)  662765K->344429K(1033216K), 0.0050159 secs]
207.040: Total time for which application threads were stopped: 0.0052030 seconds, Stopping threads took: 0.0000201 seconds
207.108: [GC (Allocation Failure)  662893K->352335K(1033216K), 0.0044646 secs]
207.113: Total time for which application threads were stopped: 0.0046497 seconds, Stopping threads took: 0.0000211 seconds
207.179: [GC (Allocation Failure)  670799K->352367K(1033216K), 0.0041645 secs]
207.183: Total time for which application threads were stopped: 0.0043368 seconds, Stopping threads took: 0.0000203 seconds
207.248: [GC (Allocation Failure)  670831K->352687K(1033216K), 0.0064355 secs]
207.254: Total time for which application threads were stopped: 0.0066161 seconds, Stopping threads took: 0.0000205 seconds
207.322: [GC (Allocation Failure)  671151K->360402K(1033216K), 0.0043726 secs]
207.327: Total time for which application threads were stopped: 0.0045472 seconds, Stopping threads took: 0.0000201 seconds
207.395: [GC (Allocation Failure)  678866K->360338K(1033216K), 0.0063749 secs]
207.402: Total time for which application threads were stopped: 0.0065602 seconds, Stopping threads took: 0.0000175 seconds
207.467: [GC (Allocation Failure)  678802K->360946K(1033216K), 0.0044497 secs]
207.471: Total time for which application threads were stopped: 0.0046285 seconds, Stopping threads took: 0.0000165 seconds
207.540: [GC (Allocation Failure)  679410K->368436K(1033216K), 0.0042710 secs]
207.544: Total time for which application threads were stopped: 0.0044373 seconds, Stopping threads took: 0.0000274 seconds
207.609: [GC (Allocation Failure)  686900K->368404K(1033216K), 0.0043088 secs]
207.614: Total time for which application threads were stopped: 0.0044906 seconds, Stopping threads took: 0.0000280 seconds
207.680: [GC (Allocation Failure)  686868K->368620K(1033216K), 0.0042878 secs]
207.684: Total time for which application threads were stopped: 0.0044595 seconds, Stopping threads took: 0.0000198 seconds
207.753: [GC (Allocation Failure)  687084K->376430K(1033216K), 0.0045909 secs]
207.758: Total time for which application threads were stopped: 0.0047832 seconds, Stopping threads took: 0.0000209 seconds
207.825: [GC (Allocation Failure)  694894K->368716K(1033216K), 0.0014283 secs]
207.826: Total time for which application threads were stopped: 0.0015510 seconds, Stopping threads took: 0.0000192 seconds
207.896: [GC (Allocation Failure)  687180K->376590K(1033216K), 0.0044202 secs]
207.900: Total time for which application threads were stopped: 0.0045716 seconds, Stopping threads took: 0.0000171 seconds
207.968: [GC (Allocation Failure)  695054K->380582K(1033216K), 0.0055898 secs]
207.974: Total time for which application threads were stopped: 0.0057701 seconds, Stopping threads took: 0.0000288 seconds
208.039: [GC (Allocation Failure)  699046K->381284K(1032192K), 0.0046613 secs]
208.043: Total time for which application threads were stopped: 0.0048346 seconds, Stopping threads took: 0.0000256 seconds
208.111: [GC (Allocation Failure)  698724K->380646K(1032704K), 0.0043905 secs]
208.116: Total time for which application threads were stopped: 0.0045604 seconds, Stopping threads took: 0.0000193 seconds
208.183: [GC (Allocation Failure)  698086K->380614K(1033216K), 0.0041356 secs]
208.187: Total time for which application threads were stopped: 0.0043328 seconds, Stopping threads took: 0.0000202 seconds
208.253: [GC (Allocation Failure)  699078K->383374K(1033216K), 0.0049307 secs]
208.258: Total time for which application threads were stopped: 0.0050819 seconds, Stopping threads took: 0.0000168 seconds
208.325: [GC (Allocation Failure)  701838K->388656K(1033728K), 0.0043664 secs]
208.330: Total time for which application threads were stopped: 0.0045653 seconds, Stopping threads took: 0.0000504 seconds
208.398: [GC (Allocation Failure)  708144K->388624K(1033728K), 0.0045826 secs]
208.403: Total time for which application threads were stopped: 0.0047470 seconds, Stopping threads took: 0.0000172 seconds
208.469: [GC (Allocation Failure)  708112K->389544K(1033728K), 0.0045061 secs]
208.474: Total time for which application threads were stopped: 0.0046714 seconds, Stopping threads took: 0.0000195 seconds
208.540: [GC (Allocation Failure)  709032K->396651K(1033728K), 0.0042850 secs]
208.544: Total time for which application threads were stopped: 0.0044486 seconds, Stopping threads took: 0.0000270 seconds
208.612: [GC (Allocation Failure)  716139K->396619K(1033728K), 0.0044410 secs]
208.616: Total time for which application threads were stopped: 0.0045896 seconds, Stopping threads took: 0.0000167 seconds
208.681: [GC (Allocation Failure)  716107K->396779K(1033728K), 0.0045011 secs]
208.686: Total time for which application threads were stopped: 0.0046715 seconds, Stopping threads took: 0.0000195 seconds
208.751: [GC (Allocation Failure)  716267K->404717K(1033728K), 0.0042973 secs]
208.755: Total time for which application threads were stopped: 0.0044691 seconds, Stopping threads took: 0.0000198 seconds
208.823: [GC (Allocation Failure)  724205K->404685K(1033728K), 0.0044452 secs]
208.827: Total time for which application threads were stopped: 0.0046035 seconds, Stopping threads took: 0.0000199 seconds
208.892: [GC (Allocation Failure)  724173K->408077K(1034240K), 0.0051573 secs]
208.897: Total time for which application threads were stopped: 0.0053156 seconds, Stopping threads took: 0.0000197 seconds
208.964: [GC (Allocation Failure)  728077K->412815K(1033728K), 0.0051015 secs]
208.969: Total time for which application threads were stopped: 0.0052699 seconds, Stopping threads took: 0.0000199 seconds
209.035: [GC (Allocation Failure)  732815K->412751K(1034240K), 0.0045818 secs]
209.040: Total time for which application threads were stopped: 0.0047492 seconds, Stopping threads took: 0.0000194 seconds
209.106: [GC (Allocation Failure)  733263K->413231K(1020928K), 0.0045003 secs]
209.110: Total time for which application threads were stopped: 0.0046583 seconds, Stopping threads took: 0.0000198 seconds
209.178: [GC (Allocation Failure)  733743K->420817K(1033728K), 0.0044748 secs]
209.182: Total time for which application threads were stopped: 0.0046451 seconds, Stopping threads took: 0.0000198 seconds
209.249: [GC (Allocation Failure)  740305K->420785K(1033728K), 0.0045725 secs]
209.254: Total time for which application threads were stopped: 0.0047688 seconds, Stopping threads took: 0.0000203 seconds
209.320: [GC (Allocation Failure)  740273K->421449K(1033728K), 0.0045191 secs]
209.324: Total time for which application threads were stopped: 0.0047061 seconds, Stopping threads took: 0.0000226 seconds
209.392: [GC (Allocation Failure)  740937K->428780K(1033728K), 0.0149909 secs]
209.407: Total time for which application threads were stopped: 0.0151458 seconds, Stopping threads took: 0.0000178 seconds
209.473: [GC (Allocation Failure)  748268K->428780K(1033728K), 0.0045800 secs]
209.478: Total time for which application threads were stopped: 0.0047607 seconds, Stopping threads took: 0.0000204 seconds
209.545: [GC (Allocation Failure)  748268K->432780K(1033728K), 0.0051953 secs]
209.550: Total time for which application threads were stopped: 0.0053613 seconds, Stopping threads took: 0.0000273 seconds
209.618: [GC (Allocation Failure)  752268K->436782K(1034240K), 0.0045415 secs]
209.623: Total time for which application threads were stopped: 0.0046979 seconds, Stopping threads took: 0.0000199 seconds
209.691: [GC (Allocation Failure)  757294K->436846K(1034240K), 0.0045908 secs]
209.696: Total time for which application threads were stopped: 0.0047490 seconds, Stopping threads took: 0.0000169 seconds
209.764: [GC (Allocation Failure)  757358K->437902K(1034240K), 0.0046512 secs]
209.768: Total time for which application threads were stopped: 0.0048302 seconds, Stopping threads took: 0.0000194 seconds
209.836: [GC (Allocation Failure)  758414K->444944K(1034240K), 0.0045846 secs]
209.841: Total time for which application threads were stopped: 0.0047562 seconds, Stopping threads took: 0.0000200 seconds
209.909: [GC (Allocation Failure)  765456K->444848K(1034240K), 0.0044641 secs]
209.913: Total time for which application threads were stopped: 0.0046313 seconds, Stopping threads took: 0.0000197 seconds
209.980: [GC (Allocation Failure)  765360K->445096K(1034240K), 0.0045972 secs]
209.985: Total time for which application threads were stopped: 0.0047780 seconds, Stopping threads took: 0.0000199 seconds
210.054: [GC (Allocation Failure)  765608K->452906K(1034240K), 0.0052890 secs]
210.059: Total time for which application threads were stopped: 0.0054705 seconds, Stopping threads took: 0.0000283 seconds
210.126: [GC (Allocation Failure)  773418K->452874K(1034240K), 0.0044307 secs]
210.131: Total time for which application threads were stopped: 0.0046035 seconds, Stopping threads took: 0.0000201 seconds
210.196: [GC (Allocation Failure)  773386K->454338K(1034240K), 0.0048830 secs]
210.201: Total time for which application threads were stopped: 0.0050764 seconds, Stopping threads took: 0.0000204 seconds
210.271: [GC (Allocation Failure)  774850K->460965K(1034240K), 0.0046622 secs]
210.275: Total time for which application threads were stopped: 0.0048270 seconds, Stopping threads took: 0.0000257 seconds
210.343: [GC (Allocation Failure)  781477K->460901K(1034240K), 0.0044521 secs]
210.348: Total time for which application threads were stopped: 0.0046327 seconds, Stopping threads took: 0.0000198 seconds
210.416: [GC (Allocation Failure)  781413K->461061K(1020416K), 0.0047112 secs]
210.421: Total time for which application threads were stopped: 0.0049033 seconds, Stopping threads took: 0.0000196 seconds
210.490: [GC (Allocation Failure)  781573K->468935K(1033728K), 0.0045556 secs]
210.495: Total time for which application threads were stopped: 0.0047175 seconds, Stopping threads took: 0.0000198 seconds
210.563: [GC (Allocation Failure)  788423K->468935K(1033728K), 0.0044630 secs]
210.567: Total time for which application threads were stopped: 0.0046219 seconds, Stopping threads took: 0.0000260 seconds
210.632: [GC (Allocation Failure)  788423K->468999K(1033728K), 0.0046352 secs]
210.637: Total time for which application threads were stopped: 0.0048063 seconds, Stopping threads took: 0.0000204 seconds
210.704: [GC (Allocation Failure)  788487K->477001K(1033728K), 0.0044579 secs]
210.709: Total time for which application threads were stopped: 0.0046275 seconds, Stopping threads took: 0.0000200 seconds
210.777: [GC (Allocation Failure)  796489K->477001K(1033728K), 0.0045618 secs]
210.782: Total time for which application threads were stopped: 0.0047232 seconds, Stopping threads took: 0.0000202 seconds
210.849: [GC (Allocation Failure)  796489K->478025K(1033728K), 0.0044709 secs]
210.853: Total time for which application threads were stopped: 0.0046648 seconds, Stopping threads took: 0.0000195 seconds
210.923: [GC (Allocation Failure)  797513K->485036K(1033728K), 0.0046410 secs]
210.928: Total time for which application threads were stopped: 0.0048224 seconds, Stopping threads took: 0.0000170 seconds
210.997: [GC (Allocation Failure)  804524K->485036K(1033728K), 0.0044854 secs]
211.001: Total time for which application threads were stopped: 0.0046529 seconds, Stopping threads took: 0.0000201 seconds
211.066: [GC (Allocation Failure)  804524K->485260K(1033728K), 0.0046036 secs]
211.071: Total time for which application threads were stopped: 0.0047658 seconds, Stopping threads took: 0.0000193 seconds
211.136: [GC (Allocation Failure)  804748K->493038K(1033728K), 0.0048056 secs]
211.141: Total time for which application threads were stopped: 0.0049682 seconds, Stopping threads took: 0.0000200 seconds
211.209: [GC (Allocation Failure)  812526K->493038K(1033728K), 0.0045788 secs]
211.213: Total time for which application threads were stopped: 0.0047413 seconds, Stopping threads took: 0.0000198 seconds
211.278: [GC (Allocation Failure)  812526K->494502K(1033728K), 0.0046674 secs]
211.283: Total time for which application threads were stopped: 0.0048391 seconds, Stopping threads took: 0.0000197 seconds
211.350: [GC (Allocation Failure)  813990K->501096K(1033728K), 0.0047270 secs]
211.355: Total time for which application threads were stopped: 0.0048890 seconds, Stopping threads took: 0.0000192 seconds
211.424: [GC (Allocation Failure)  820584K->501064K(1033728K), 0.0046405 secs]
211.429: Total time for which application threads were stopped: 0.0048139 seconds, Stopping threads took: 0.0000199 seconds
211.494: [GC (Allocation Failure)  820552K->501704K(1033728K), 0.0044786 secs]
211.499: Total time for which application threads were stopped: 0.0046711 seconds, Stopping threads took: 0.0000201 seconds
211.569: [GC (Allocation Failure)  821192K->509130K(1033728K), 0.0045570 secs]
211.574: Total time for which application threads were stopped: 0.0047335 seconds, Stopping threads took: 0.0000278 seconds
211.642: [GC (Allocation Failure)  828618K->509098K(1033728K), 0.0045841 secs]
211.646: Total time for which application threads were stopped: 0.0047479 seconds, Stopping threads took: 0.0000256 seconds
211.711: [GC (Allocation Failure)  828586K->509930K(1033728K), 0.0047641 secs]
211.716: Total time for which application threads were stopped: 0.0049399 seconds, Stopping threads took: 0.0000198 seconds
211.784: [GC (Allocation Failure)  829418K->517165K(1033728K), 0.0046546 secs]
211.789: Total time for which application threads were stopped: 0.0048347 seconds, Stopping threads took: 0.0000222 seconds
211.858: [GC (Allocation Failure)  836653K->517133K(1033728K), 0.0044474 secs]
211.863: Total time for which application threads were stopped: 0.0046081 seconds, Stopping threads took: 0.0000206 seconds
211.928: [GC (Allocation Failure)  836621K->518157K(1033728K), 0.0047872 secs]
211.933: Total time for which application threads were stopped: 0.0049467 seconds, Stopping threads took: 0.0000191 seconds
211.998: [GC (Allocation Failure)  837645K->525199K(1033728K), 0.0045918 secs]
212.003: Total time for which application threads were stopped: 0.0047705 seconds, Stopping threads took: 0.0000195 seconds
212.071: [GC (Allocation Failure)  844687K->525135K(1033728K), 0.0044272 secs]
212.076: Total time for which application threads were stopped: 0.0046016 seconds, Stopping threads took: 0.0000260 seconds
212.141: [GC (Allocation Failure)  844623K->525383K(1033728K), 0.0046821 secs]
212.146: Total time for which application threads were stopped: 0.0048749 seconds, Stopping threads took: 0.0000197 seconds
212.212: [GC (Allocation Failure)  844871K->533193K(1032704K), 0.0055916 secs]
212.217: Total time for which application threads were stopped: 0.0057634 seconds, Stopping threads took: 0.0000200 seconds
212.287: [GC (Allocation Failure)  851657K->533193K(1033216K), 0.0045819 secs]
212.291: Total time for which application threads were stopped: 0.0047458 seconds, Stopping threads took: 0.0000203 seconds
212.356: [GC (Allocation Failure)  851657K->533609K(1032704K), 0.0047733 secs]
212.361: Total time for which application threads were stopped: 0.0049390 seconds, Stopping threads took: 0.0000209 seconds
212.430: [GC (Allocation Failure)  852073K->541259K(1033216K), 0.0048961 secs]
212.435: Total time for which application threads were stopped: 0.0051145 seconds, Stopping threads took: 0.0000194 seconds
212.501: [GC (Allocation Failure)  859723K->541227K(1033216K), 0.0049010 secs]
212.506: Total time for which application threads were stopped: 0.0050670 seconds, Stopping threads took: 0.0000205 seconds
212.572: [GC (Allocation Failure)  859691K->541867K(1033216K), 0.0045497 secs]
212.577: Total time for which application threads were stopped: 0.0047180 seconds, Stopping threads took: 0.0000260 seconds
212.644: [GC (Allocation Failure)  860331K->549294K(1033216K), 0.0046961 secs]
212.649: Total time for which application threads were stopped: 0.0048869 seconds, Stopping threads took: 0.0000247 seconds
212.718: [GC (Allocation Failure)  867758K->549230K(1033216K), 0.0046536 secs]
212.722: Total time for which application threads were stopped: 0.0048382 seconds, Stopping threads took: 0.0000200 seconds
212.787: [GC (Allocation Failure)  867694K->549318K(1033216K), 0.0049048 secs]
212.792: Total time for which application threads were stopped: 0.0050734 seconds, Stopping threads took: 0.0000190 seconds
212.859: [GC (Allocation Failure)  867782K->557288K(1033216K), 0.0048479 secs]
212.864: Total time for which application threads were stopped: 0.0050069 seconds, Stopping threads took: 0.0000192 seconds
212.929: [GC (Allocation Failure)  875752K->557288K(1033216K), 0.0047677 secs]
212.933: Total time for which application threads were stopped: 0.0049282 seconds, Stopping threads took: 0.0000198 seconds
213.000: [GC (Allocation Failure)  875752K->557352K(1033216K), 0.0047453 secs]
213.004: Total time for which application threads were stopped: 0.0049054 seconds, Stopping threads took: 0.0000191 seconds
213.072: [GC (Allocation Failure)  875816K->565322K(1033216K), 0.0046501 secs]
213.076: Total time for which application threads were stopped: 0.0048157 seconds, Stopping threads took: 0.0000197 seconds
213.142: [GC (Allocation Failure)  883786K->565322K(1033216K), 0.0048348 secs]
213.147: Total time for which application threads were stopped: 0.0049970 seconds, Stopping threads took: 0.0000198 seconds
213.212: [GC (Allocation Failure)  883786K->565546K(1033216K), 0.0047701 secs]
213.217: Total time for which application threads were stopped: 0.0049409 seconds, Stopping threads took: 0.0000199 seconds
213.284: [GC (Allocation Failure)  884010K->573324K(1033216K), 0.0063587 secs]
213.290: Total time for which application threads were stopped: 0.0065523 seconds, Stopping threads took: 0.0000208 seconds
213.356: [GC (Allocation Failure)  891788K->573388K(1033216K), 0.0047478 secs]
213.361: Total time for which application threads were stopped: 0.0049113 seconds, Stopping threads took: 0.0000203 seconds
213.426: [GC (Allocation Failure)  891852K->573764K(1033216K), 0.0048224 secs]
213.431: Total time for which application threads were stopped: 0.0049800 seconds, Stopping threads took: 0.0000191 seconds
213.498: [GC (Allocation Failure)  892228K->581415K(1033216K), 0.0049220 secs]
213.503: Total time for which application threads were stopped: 0.0051004 seconds, Stopping threads took: 0.0000195 seconds
213.572: [GC (Allocation Failure)  899879K->581383K(1033216K), 0.0046764 secs]
213.577: Total time for which application threads were stopped: 0.0048371 seconds, Stopping threads took: 0.0000200 seconds
213.641: [GC (Allocation Failure)  899847K->581447K(1033216K), 0.0048346 secs]
213.646: Total time for which application threads were stopped: 0.0050090 seconds, Stopping threads took: 0.0000278 seconds
213.712: [GC (Allocation Failure)  899911K->589417K(1033216K), 0.0046856 secs]
213.717: Total time for which application threads were stopped: 0.0048544 seconds, Stopping threads took: 0.0000194 seconds
213.783: [GC (Allocation Failure)  907881K->589417K(1033216K), 0.0048309 secs]
213.788: Total time for which application threads were stopped: 0.0050015 seconds, Stopping threads took: 0.0000200 seconds
213.854: [GC (Allocation Failure)  907881K->589737K(1033216K), 0.0049883 secs]
213.859: Total time for which application threads were stopped: 0.0051602 seconds, Stopping threads took: 0.0000208 seconds
213.925: [GC (Allocation Failure)  908201K->597419K(1033216K), 0.0049063 secs]
213.930: Total time for which application threads were stopped: 0.0050723 seconds, Stopping threads took: 0.0000190 seconds
213.995: [GC (Allocation Failure)  915883K->589833K(1033216K), 0.0017112 secs]
213.997: Total time for which application threads were stopped: 0.0018382 seconds, Stopping threads took: 0.0000197 seconds
214.067: [GC (Allocation Failure)  908297K->597675K(1033216K), 0.0045880 secs]
214.072: Total time for which application threads were stopped: 0.0047358 seconds, Stopping threads took: 0.0000252 seconds
214.141: [GC (Allocation Failure)  916139K->601603K(1033216K), 0.0057925 secs]
214.147: Total time for which application threads were stopped: 0.0059594 seconds, Stopping threads took: 0.0000276 seconds
214.213: [GC (Allocation Failure)  920067K->602369K(1032192K), 0.0053581 secs]
214.218: Total time for which application threads were stopped: 0.0055379 seconds, Stopping threads took: 0.0000192 seconds
214.285: [GC (Allocation Failure)  919809K->601763K(1032704K), 0.0046250 secs]
214.289: Total time for which application threads were stopped: 0.0047874 seconds, Stopping threads took: 0.0000193 seconds
214.357: [GC (Allocation Failure)  919203K->601571K(1033216K), 0.0069073 secs]
214.364: Total time for which application threads were stopped: 0.0070736 seconds, Stopping threads took: 0.0000210 seconds
214.431: [GC (Allocation Failure)  919523K->603979K(1032704K), 0.0051418 secs]
214.437: Total time for which application threads were stopped: 0.0052930 seconds, Stopping threads took: 0.0000168 seconds
214.503: [GC (Allocation Failure)  921931K->609710K(1033216K), 0.0047635 secs]
214.508: Total time for which application threads were stopped: 0.0049445 seconds, Stopping threads took: 0.0000199 seconds
214.576: [GC (Allocation Failure)  928174K->609678K(1033216K), 0.0048864 secs]
214.581: Total time for which application threads were stopped: 0.0050572 seconds, Stopping threads took: 0.0000192 seconds
214.646: [GC (Allocation Failure)  928142K->611654K(1033728K), 0.0051429 secs]
214.652: Total time for which application threads were stopped: 0.0053066 seconds, Stopping threads took: 0.0000172 seconds
214.720: [GC (Allocation Failure)  931142K->617704K(1033728K), 0.0047798 secs]
214.725: Total time for which application threads were stopped: 0.0049735 seconds, Stopping threads took: 0.0000196 seconds
214.794: [GC (Allocation Failure)  937192K->617672K(1033728K), 0.0048064 secs]
214.799: Total time for which application threads were stopped: 0.0049570 seconds, Stopping threads took: 0.0000176 seconds
214.864: [GC (Allocation Failure)  937160K->618888K(1033728K), 0.0051260 secs]
214.869: Total time for which application threads were stopped: 0.0052917 seconds, Stopping threads took: 0.0000204 seconds
214.937: [GC (Allocation Failure)  938376K->625738K(1033728K), 0.0048239 secs]
214.942: Total time for which application threads were stopped: 0.0050174 seconds, Stopping threads took: 0.0000203 seconds
215.010: [GC (Allocation Failure)  945226K->625706K(1033728K), 0.0046806 secs]
215.015: Total time for which application threads were stopped: 0.0048391 seconds, Stopping threads took: 0.0000193 seconds
215.080: [GC (Allocation Failure)  945194K->626090K(1033728K), 0.0049263 secs]
215.085: Total time for which application threads were stopped: 0.0051147 seconds, Stopping threads took: 0.0000263 seconds
215.154: [GC (Allocation Failure)  945578K->633772K(1033728K), 0.0049434 secs]
215.159: Total time for which application threads were stopped: 0.0050944 seconds, Stopping threads took: 0.0000165 seconds
215.226: [GC (Allocation Failure)  953260K->633740K(1033728K), 0.0048644 secs]
215.231: Total time for which application threads were stopped: 0.0050374 seconds, Stopping threads took: 0.0000201 seconds
215.295: [GC (Allocation Failure)  953228K->637420K(1033728K), 0.0057639 secs]
215.301: Total time for which application threads were stopped: 0.0059290 seconds, Stopping threads took: 0.0000198 seconds
215.368: [GC (Allocation Failure)  956908K->641903K(1034240K), 0.0098888 secs]
215.378: Total time for which application threads were stopped: 0.0100808 seconds, Stopping threads took: 0.0000199 seconds
215.446: [GC (Allocation Failure)  962415K->641807K(1034240K), 0.0047936 secs]
215.451: Total time for which application threads were stopped: 0.0049665 seconds, Stopping threads took: 0.0000197 seconds
215.518: [GC (Allocation Failure)  962319K->642567K(1034240K), 0.0050655 secs]
215.523: Total time for which application threads were stopped: 0.0052304 seconds, Stopping threads took: 0.0000202 seconds
215.592: [GC (Allocation Failure)  963079K->649865K(1034240K), 0.0047190 secs]
215.596: Total time for which application threads were stopped: 0.0048871 seconds, Stopping threads took: 0.0000267 seconds
215.664: [GC (Allocation Failure)  970377K->649833K(1034240K), 0.0051180 secs]
215.670: Total time for which application threads were stopped: 0.0052907 seconds, Stopping threads took: 0.0000206 seconds
215.737: [GC (Allocation Failure)  970345K->652841K(1034240K), 0.0054691 secs]
215.742: Total time for which application threads were stopped: 0.0056324 seconds, Stopping threads took: 0.0000198 seconds
215.810: [GC (Allocation Failure)  973353K->657803K(1034240K), 0.0048535 secs]
215.815: Total time for which application threads were stopped: 0.0050197 seconds, Stopping threads took: 0.0000191 seconds
215.883: [GC (Allocation Failure)  978315K->657835K(1034240K), 0.0050500 secs]
215.888: Total time for which application threads were stopped: 0.0052201 seconds, Stopping threads took: 0.0000198 seconds
215.955: [GC (Allocation Failure)  978347K->659051K(1034240K), 0.0051839 secs]
215.960: Total time for which application threads were stopped: 0.0053506 seconds, Stopping threads took: 0.0000198 seconds
216.029: [GC (Allocation Failure)  979563K->665901K(1034240K), 0.0048012 secs]
216.033: Total time for which application threads were stopped: 0.0049844 seconds, Stopping threads took: 0.0000199 seconds
216.102: [GC (Allocation Failure)  986413K->665869K(1034240K), 0.0065007 secs]
216.109: Total time for which application threads were stopped: 0.0066701 seconds, Stopping threads took: 0.0000263 seconds
216.176: [GC (Allocation Failure)  986381K->666221K(1034240K), 0.0048061 secs]
216.181: Total time for which application threads were stopped: 0.0049874 seconds, Stopping threads took: 0.0000250 seconds
216.251: [GC (Allocation Failure)  986733K->673936K(1034240K), 0.0050345 secs]
216.256: Total time for which application threads were stopped: 0.0052202 seconds, Stopping threads took: 0.0000291 seconds
216.324: [GC (Allocation Failure)  994448K->673904K(1034240K), 0.0049319 secs]
216.329: Total time for which application threads were stopped: 0.0051073 seconds, Stopping threads took: 0.0000256 seconds
216.397: [GC (Allocation Failure)  994416K->675528K(1034240K), 0.0050746 secs]
216.402: Total time for which application threads were stopped: 0.0052489 seconds, Stopping threads took: 0.0000140 seconds
216.470: [GC (Allocation Failure)  996040K->682026K(1034240K), 0.0050691 secs]
216.476: Total time for which application threads were stopped: 0.0052293 seconds, Stopping threads took: 0.0000175 seconds
216.544: [GC (Allocation Failure)  1002538K->681930K(1034240K), 0.0050515 secs]
216.550: Total time for which application threads were stopped: 0.0052466 seconds, Stopping threads took: 0.0000199 seconds
216.616: [GC (Allocation Failure)  1002442K->682186K(1020416K), 0.0049208 secs]
216.621: [Full GC (Ergonomics)  682186K->8727K(1020416K), 0.0128689 secs]
216.634: Total time for which application threads were stopped: 0.0180841 seconds, Stopping threads took: 0.0000198 seconds
216.703: [GC (Allocation Failure)  329239K->17114K(1033728K), 0.0039202 secs]
216.707: Total time for which application threads were stopped: 0.0041016 seconds, Stopping threads took: 0.0000200 seconds
216.774: [GC (Allocation Failure)  336602K->17074K(1033728K), 0.0036170 secs]
216.778: Total time for which application threads were stopped: 0.0038184 seconds, Stopping threads took: 0.0000359 seconds
216.842: [GC (Allocation Failure)  336562K->17258K(1033728K), 0.0036386 secs]
216.846: Total time for which application threads were stopped: 0.0038120 seconds, Stopping threads took: 0.0000217 seconds
216.913: [GC (Allocation Failure)  336746K->25196K(1033728K), 0.0038229 secs]
216.917: Total time for which application threads were stopped: 0.0039878 seconds, Stopping threads took: 0.0000215 seconds
216.984: [GC (Allocation Failure)  344684K->25132K(1033728K), 0.0035183 secs]
216.988: Total time for which application threads were stopped: 0.0036855 seconds, Stopping threads took: 0.0000192 seconds
217.054: [GC (Allocation Failure)  344620K->25196K(1033728K), 0.0036226 secs]
217.058: Total time for which application threads were stopped: 0.0037986 seconds, Stopping threads took: 0.0000278 seconds
217.126: [GC (Allocation Failure)  344684K->33166K(1032704K), 0.0038574 secs]
217.129: Total time for which application threads were stopped: 0.0040375 seconds, Stopping threads took: 0.0000262 seconds
217.195: [GC (Allocation Failure)  351630K->33198K(1033216K), 0.0035890 secs]
217.199: Total time for which application threads were stopped: 0.0037831 seconds, Stopping threads took: 0.0000208 seconds
217.267: [GC (Allocation Failure)  351662K->33478K(1032704K), 0.0037576 secs]
217.271: Total time for which application threads were stopped: 0.0039209 seconds, Stopping threads took: 0.0000170 seconds
217.340: [GC (Allocation Failure)  351942K->41193K(1033216K), 0.0037411 secs]
217.344: Total time for which application threads were stopped: 0.0039012 seconds, Stopping threads took: 0.0000171 seconds
217.412: [GC (Allocation Failure)  359657K->41193K(1033216K), 0.0039272 secs]
217.416: Total time for which application threads were stopped: 0.0041009 seconds, Stopping threads took: 0.0000196 seconds
217.483: [GC (Allocation Failure)  359657K->41705K(1033216K), 0.0036268 secs]
217.487: Total time for which application threads were stopped: 0.0038211 seconds, Stopping threads took: 0.0000205 seconds
217.556: [GC (Allocation Failure)  360169K->49195K(1033216K), 0.0037271 secs]
217.559: Total time for which application threads were stopped: 0.0038975 seconds, Stopping threads took: 0.0000277 seconds
217.627: [GC (Allocation Failure)  367659K->49227K(1033216K), 0.0038067 secs]
217.631: Total time for which application threads were stopped: 0.0039727 seconds, Stopping threads took: 0.0000194 seconds
217.695: [GC (Allocation Failure)  367691K->49931K(1033216K), 0.0039170 secs]
217.699: Total time for which application threads were stopped: 0.0040863 seconds, Stopping threads took: 0.0000198 seconds
217.766: [GC (Allocation Failure)  368395K->57293K(1033216K), 0.0035858 secs]
217.770: Total time for which application threads were stopped: 0.0037546 seconds, Stopping threads took: 0.0000191 seconds
217.836: [GC (Allocation Failure)  375757K->57261K(1033216K), 0.0043074 secs]
217.841: Total time for which application threads were stopped: 0.0044768 seconds, Stopping threads took: 0.0000193 seconds
217.905: [GC (Allocation Failure)  375725K->58181K(1033216K), 0.0041444 secs]
217.909: Total time for which application threads were stopped: 0.0043158 seconds, Stopping threads took: 0.0000203 seconds
217.975: [GC (Allocation Failure)  376645K->65287K(1033216K), 0.0037438 secs]
217.979: Total time for which application threads were stopped: 0.0039171 seconds, Stopping threads took: 0.0000197 seconds
218.046: [GC (Allocation Failure)  383751K->65319K(1033216K), 0.0037764 secs]
218.050: Total time for which application threads were stopped: 0.0039754 seconds, Stopping threads took: 0.0000283 seconds
218.115: [GC (Allocation Failure)  383783K->65351K(1033216K), 0.0036039 secs]
218.119: Total time for which application threads were stopped: 0.0037866 seconds, Stopping threads took: 0.0000174 seconds
218.188: [GC (Allocation Failure)  383815K->73354K(1033216K), 0.0039260 secs]
218.192: Total time for which application threads were stopped: 0.0041188 seconds, Stopping threads took: 0.0000193 seconds
218.259: [GC (Allocation Failure)  391818K->73290K(1033216K), 0.0039766 secs]
218.263: Total time for which application threads were stopped: 0.0041445 seconds, Stopping threads took: 0.0000192 seconds
218.329: [GC (Allocation Failure)  391754K->73578K(1033216K), 0.0038947 secs]
218.333: Total time for which application threads were stopped: 0.0040535 seconds, Stopping threads took: 0.0000186 seconds
218.402: [GC (Allocation Failure)  392042K->81388K(1033216K), 0.0037950 secs]
218.406: Total time for which application threads were stopped: 0.0039547 seconds, Stopping threads took: 0.0000191 seconds
218.471: [GC (Allocation Failure)  399852K->81356K(1033216K), 0.0038374 secs]
218.475: Total time for which application threads were stopped: 0.0039973 seconds, Stopping threads took: 0.0000197 seconds
218.541: [GC (Allocation Failure)  399820K->81828K(1033216K), 0.0041371 secs]
218.546: Total time for which application threads were stopped: 0.0042963 seconds, Stopping threads took: 0.0000193 seconds
218.613: [GC (Allocation Failure)  400292K->89350K(1033216K), 0.0038817 secs]
218.617: Total time for which application threads were stopped: 0.0040845 seconds, Stopping threads took: 0.0000281 seconds
218.684: [GC (Allocation Failure)  407814K->89350K(1033216K), 0.0038481 secs]
218.688: Total time for which application threads were stopped: 0.0040102 seconds, Stopping threads took: 0.0000194 seconds
218.753: [GC (Allocation Failure)  407814K->89542K(1033216K), 0.0037869 secs]
218.757: Total time for which application threads were stopped: 0.0039588 seconds, Stopping threads took: 0.0000200 seconds
218.822: [GC (Allocation Failure)  408006K->97416K(1033216K), 0.0038687 secs]
218.826: Total time for which application threads were stopped: 0.0040310 seconds, Stopping threads took: 0.0000206 seconds
218.893: [GC (Allocation Failure)  415880K->97384K(1033216K), 0.0035520 secs]
218.897: Total time for which application threads were stopped: 0.0037204 seconds, Stopping threads took: 0.0000216 seconds
218.961: [GC (Allocation Failure)  415848K->97576K(1033216K), 0.0037824 secs]
218.965: Total time for which application threads were stopped: 0.0039513 seconds, Stopping threads took: 0.0000201 seconds
219.032: [GC (Allocation Failure)  416040K->105451K(1033216K), 0.0038847 secs]
219.036: Total time for which application threads were stopped: 0.0040443 seconds, Stopping threads took: 0.0000188 seconds
219.102: [GC (Allocation Failure)  423915K->105451K(1033216K), 0.0039596 secs]
219.106: Total time for which application threads were stopped: 0.0041375 seconds, Stopping threads took: 0.0000349 seconds
219.172: [GC (Allocation Failure)  423915K->105515K(1033216K), 0.0039839 secs]
219.176: Total time for which application threads were stopped: 0.0041469 seconds, Stopping threads took: 0.0000198 seconds
219.244: [GC (Allocation Failure)  423979K->113485K(1033216K), 0.0037389 secs]
219.248: Total time for which application threads were stopped: 0.0039072 seconds, Stopping threads took: 0.0000196 seconds
219.314: [GC (Allocation Failure)  431949K->113485K(1033216K), 0.0038794 secs]
219.318: Total time for which application threads were stopped: 0.0040393 seconds, Stopping threads took: 0.0000197 seconds
219.382: [GC (Allocation Failure)  431949K->113709K(1033216K), 0.0046556 secs]
219.387: Total time for which application threads were stopped: 0.0048754 seconds, Stopping threads took: 0.0000190 seconds
219.454: [GC (Allocation Failure)  432173K->121487K(1033216K), 0.0039090 secs]
219.458: Total time for which application threads were stopped: 0.0040789 seconds, Stopping threads took: 0.0000180 seconds
219.523: [GC (Allocation Failure)  439951K->117613K(1033728K), 0.0028152 secs]
219.526: Total time for which application threads were stopped: 0.0029918 seconds, Stopping threads took: 0.0000205 seconds
219.595: [GC (Allocation Failure)  436589K->121679K(1033216K), 0.0041259 secs]
219.599: Total time for which application threads were stopped: 0.0043075 seconds, Stopping threads took: 0.0000203 seconds
219.666: [GC (Allocation Failure)  440655K->125679K(1033728K), 0.0038935 secs]
219.670: Total time for which application threads were stopped: 0.0040574 seconds, Stopping threads took: 0.0000199 seconds
219.737: [GC (Allocation Failure)  446191K->133189K(1034240K), 0.0071495 secs]
219.744: Total time for which application threads were stopped: 0.0073325 seconds, Stopping threads took: 0.0000220 seconds
219.812: [GC (Allocation Failure)  453701K->126983K(1029120K), 0.0041227 secs]
219.816: Total time for which application threads were stopped: 0.0043061 seconds, Stopping threads took: 0.0000212 seconds
219.883: [GC (Allocation Failure)  442375K->126951K(1031680K), 0.0039714 secs]
219.888: Total time for which application threads were stopped: 0.0041471 seconds, Stopping threads took: 0.0000203 seconds
219.953: [GC (Allocation Failure)  442343K->122405K(1032704K), 0.0021836 secs]
219.955: Total time for which application threads were stopped: 0.0023255 seconds, Stopping threads took: 0.0000168 seconds
220.024: [GC (Allocation Failure)  439333K->127175K(1032192K), 0.0039904 secs]
220.029: Total time for which application threads were stopped: 0.0041653 seconds, Stopping threads took: 0.0000192 seconds
220.097: [GC (Allocation Failure)  444103K->126951K(1033216K), 0.0040124 secs]
220.101: Total time for which application threads were stopped: 0.0041810 seconds, Stopping threads took: 0.0000266 seconds
220.167: [GC (Allocation Failure)  444903K->127079K(1032704K), 0.0039434 secs]
220.171: Total time for which application threads were stopped: 0.0041090 seconds, Stopping threads took: 0.0000201 seconds
220.239: [GC (Allocation Failure)  445031K->135017K(1033216K), 0.0038458 secs]
220.243: Total time for which application threads were stopped: 0.0040102 seconds, Stopping threads took: 0.0000206 seconds
220.310: [GC (Allocation Failure)  452969K->134985K(1032704K), 0.0037578 secs]
220.314: Total time for which application threads were stopped: 0.0039296 seconds, Stopping threads took: 0.0000202 seconds
220.381: [GC (Allocation Failure)  452937K->137833K(1033728K), 0.0043631 secs]
220.386: Total time for which application threads were stopped: 0.0045313 seconds, Stopping threads took: 0.0000265 seconds
220.453: [GC (Allocation Failure)  456809K->143116K(1033216K), 0.0041039 secs]
220.458: Total time for which application threads were stopped: 0.0042778 seconds, Stopping threads took: 0.0000209 seconds
220.526: [GC (Allocation Failure)  462092K->142988K(1033728K), 0.0038035 secs]
220.529: Total time for which application threads were stopped: 0.0039526 seconds, Stopping threads took: 0.0000169 seconds
220.595: [GC (Allocation Failure)  462476K->144012K(1033728K), 0.0047510 secs]
220.600: Total time for which application threads were stopped: 0.0049237 seconds, Stopping threads took: 0.0000261 seconds
220.668: [GC (Allocation Failure)  463500K->151086K(1033728K), 0.0038894 secs]
220.672: Total time for which application threads were stopped: 0.0040591 seconds, Stopping threads took: 0.0000205 seconds
220.740: [GC (Allocation Failure)  470574K->151022K(1033728K), 0.0039576 secs]
220.744: Total time for which application threads were stopped: 0.0041533 seconds, Stopping threads took: 0.0000204 seconds
220.812: [GC (Allocation Failure)  470510K->151246K(1033728K), 0.0039298 secs]
220.816: Total time for which application threads were stopped: 0.0041220 seconds, Stopping threads took: 0.0000194 seconds
220.884: [GC (Allocation Failure)  470734K->159056K(1033728K), 0.0040465 secs]
220.888: Total time for which application threads were stopped: 0.0041976 seconds, Stopping threads took: 0.0000169 seconds
220.953: [GC (Allocation Failure)  478544K->159088K(1033728K), 0.0041361 secs]
220.958: Total time for which application threads were stopped: 0.0043150 seconds, Stopping threads took: 0.0000198 seconds
221.022: [GC (Allocation Failure)  478576K->159496K(1033728K), 0.0041793 secs]
221.027: Total time for which application threads were stopped: 0.0043761 seconds, Stopping threads took: 0.0000201 seconds
221.097: [GC (Allocation Failure)  478984K->167083K(1033728K), 0.0039717 secs]
221.101: Total time for which application threads were stopped: 0.0041341 seconds, Stopping threads took: 0.0000263 seconds
221.169: [GC (Allocation Failure)  486571K->167051K(1033728K), 0.0039027 secs]
221.173: Total time for which application threads were stopped: 0.0041014 seconds, Stopping threads took: 0.0000206 seconds
221.239: [GC (Allocation Failure)  486539K->167723K(1033728K), 0.0039546 secs]
221.243: Total time for which application threads were stopped: 0.0041138 seconds, Stopping threads took: 0.0000170 seconds
221.309: [GC (Allocation Failure)  487211K->175117K(1033728K), 0.0061190 secs]
221.316: Total time for which application threads were stopped: 0.0062908 seconds, Stopping threads took: 0.0000255 seconds
221.386: [GC (Allocation Failure)  494605K->175117K(1033728K), 0.0046480 secs]
221.391: Total time for which application threads were stopped: 0.0048421 seconds, Stopping threads took: 0.0000257 seconds
221.456: [GC (Allocation Failure)  494605K->176965K(1033728K), 0.0042882 secs]
221.460: Total time for which application threads were stopped: 0.0044685 seconds, Stopping threads took: 0.0000191 seconds
221.529: [GC (Allocation Failure)  496453K->183175K(1033728K), 0.0039677 secs]
221.533: Total time for which application threads were stopped: 0.0041456 seconds, Stopping threads took: 0.0000200 seconds
221.601: [GC (Allocation Failure)  502663K->183143K(1033728K), 0.0038837 secs]
221.605: Total time for which application threads were stopped: 0.0040482 seconds, Stopping threads took: 0.0000258 seconds
221.670: [GC (Allocation Failure)  502631K->184167K(1033728K), 0.0040655 secs]
221.675: Total time for which application threads were stopped: 0.0042303 seconds, Stopping threads took: 0.0000215 seconds
221.742: [GC (Allocation Failure)  503655K->191209K(1033728K), 0.0042314 secs]
221.747: Total time for which application threads were stopped: 0.0043974 seconds, Stopping threads took: 0.0000207 seconds
221.814: [GC (Allocation Failure)  510697K->191209K(1033728K), 0.0041828 secs]
221.819: Total time for which application threads were stopped: 0.0043803 seconds, Stopping threads took: 0.0000210 seconds
221.884: [GC (Allocation Failure)  510697K->191401K(1033728K), 0.0040031 secs]
221.888: Total time for which application threads were stopped: 0.0041936 seconds, Stopping threads took: 0.0000198 seconds
221.957: [GC (Allocation Failure)  510889K->199244K(1033728K), 0.0054373 secs]
221.963: Total time for which application threads were stopped: 0.0055943 seconds, Stopping threads took: 0.0000168 seconds
222.031: [GC (Allocation Failure)  518732K->199244K(1033728K), 0.0040576 secs]
222.036: Total time for which application threads were stopped: 0.0042491 seconds, Stopping threads took: 0.0000273 seconds
222.102: [GC (Allocation Failure)  518732K->199628K(1033728K), 0.0039586 secs]
222.106: Total time for which application threads were stopped: 0.0041266 seconds, Stopping threads took: 0.0000267 seconds
222.172: [GC (Allocation Failure)  519116K->207278K(1033728K), 0.0041636 secs]
222.176: Total time for which application threads were stopped: 0.0043610 seconds, Stopping threads took: 0.0000270 seconds
222.243: [GC (Allocation Failure)  526766K->207246K(1033728K), 0.0041557 secs]
222.248: Total time for which application threads were stopped: 0.0043368 seconds, Stopping threads took: 0.0000199 seconds
222.312: [GC (Allocation Failure)  526734K->207846K(1033728K), 0.0043035 secs]
222.317: Total time for which application threads were stopped: 0.0044762 seconds, Stopping threads took: 0.0000203 seconds
222.382: [GC (Allocation Failure)  527334K->215304K(1033728K), 0.0053195 secs]
222.388: Total time for which application threads were stopped: 0.0054724 seconds, Stopping threads took: 0.0000199 seconds
222.456: [GC (Allocation Failure)  534792K->215272K(1033728K), 0.0040668 secs]
222.460: Total time for which application threads were stopped: 0.0042376 seconds, Stopping threads took: 0.0000196 seconds
222.526: [GC (Allocation Failure)  534760K->216072K(1033728K), 0.0041916 secs]
222.531: Total time for which application threads were stopped: 0.0043540 seconds, Stopping threads took: 0.0000195 seconds
222.599: [GC (Allocation Failure)  535560K->223338K(1033728K), 0.0040043 secs]
222.603: Total time for which application threads were stopped: 0.0041556 seconds, Stopping threads took: 0.0000262 seconds
222.672: [GC (Allocation Failure)  542826K->223306K(1033728K), 0.0039507 secs]
222.676: Total time for which application threads were stopped: 0.0041521 seconds, Stopping threads took: 0.0000194 seconds
222.742: [GC (Allocation Failure)  542794K->224330K(1033728K), 0.0043207 secs]
222.747: Total time for which application threads were stopped: 0.0044847 seconds, Stopping threads took: 0.0000249 seconds
222.814: [GC (Allocation Failure)  543818K->231373K(1033728K), 0.0042533 secs]
222.818: Total time for which application threads were stopped: 0.0044453 seconds, Stopping threads took: 0.0000354 seconds
222.888: [GC (Allocation Failure)  550861K->231373K(1033728K), 0.0039983 secs]
222.892: Total time for which application threads were stopped: 0.0041651 seconds, Stopping threads took: 0.0000172 seconds
222.957: [GC (Allocation Failure)  550861K->231493K(1032704K), 0.0044143 secs]
222.961: Total time for which application threads were stopped: 0.0045913 seconds, Stopping threads took: 0.0000259 seconds
223.031: [GC (Allocation Failure)  549957K->239367K(1033216K), 0.0039909 secs]
223.035: Total time for which application threads were stopped: 0.0041529 seconds, Stopping threads took: 0.0000198 seconds
223.103: [GC (Allocation Failure)  557831K->239367K(1033216K), 0.0040102 secs]
223.107: Total time for which application threads were stopped: 0.0041783 seconds, Stopping threads took: 0.0000262 seconds
223.172: [GC (Allocation Failure)  557831K->239783K(1033216K), 0.0042336 secs]
223.177: Total time for which application threads were stopped: 0.0044100 seconds, Stopping threads took: 0.0000202 seconds
223.244: [GC (Allocation Failure)  558247K->247401K(1033216K), 0.0052029 secs]
223.249: Total time for which application threads were stopped: 0.0053719 seconds, Stopping threads took: 0.0000197 seconds
223.315: [GC (Allocation Failure)  565865K->247401K(1033216K), 0.0042031 secs]
223.319: Total time for which application threads were stopped: 0.0043742 seconds, Stopping threads took: 0.0000199 seconds
223.387: [GC (Allocation Failure)  565865K->247969K(1033216K), 0.0053681 secs]
223.392: Total time for which application threads were stopped: 0.0055761 seconds, Stopping threads took: 0.0000257 seconds
223.460: [GC (Allocation Failure)  566433K->255459K(1033216K), 0.0042811 secs]
223.464: Total time for which application threads were stopped: 0.0044527 seconds, Stopping threads took: 0.0000198 seconds
223.531: [GC (Allocation Failure)  573923K->255427K(1033216K), 0.0053528 secs]
223.536: Total time for which application threads were stopped: 0.0055137 seconds, Stopping threads took: 0.0000198 seconds
223.602: [GC (Allocation Failure)  573891K->255723K(1033216K), 0.0042329 secs]
223.606: Total time for which application threads were stopped: 0.0043914 seconds, Stopping threads took: 0.0000260 seconds
223.674: [GC (Allocation Failure)  574187K->263470K(1033216K), 0.0040792 secs]
223.679: Total time for which application threads were stopped: 0.0042530 seconds, Stopping threads took: 0.0000257 seconds
223.744: [GC (Allocation Failure)  581934K->263470K(1033216K), 0.0043539 secs]
223.749: Total time for which application threads were stopped: 0.0045305 seconds, Stopping threads took: 0.0000254 seconds
223.814: [GC (Allocation Failure)  581934K->263526K(1033216K), 0.0042587 secs]
223.818: Total time for which application threads were stopped: 0.0044638 seconds, Stopping threads took: 0.0000207 seconds
223.885: [GC (Allocation Failure)  581990K->271496K(1033216K), 0.0042077 secs]
223.890: Total time for which application threads were stopped: 0.0044234 seconds, Stopping threads took: 0.0000213 seconds
223.957: [GC (Allocation Failure)  589960K->271496K(1033216K), 0.0041838 secs]
223.962: Total time for which application threads were stopped: 0.0043857 seconds, Stopping threads took: 0.0000200 seconds
224.027: [GC (Allocation Failure)  589960K->271656K(1033216K), 0.0041310 secs]
224.031: Total time for which application threads were stopped: 0.0043204 seconds, Stopping threads took: 0.0000189 seconds
224.100: [GC (Allocation Failure)  590120K->279562K(1033216K), 0.0042640 secs]
224.104: Total time for which application threads were stopped: 0.0044166 seconds, Stopping threads took: 0.0000174 seconds
224.170: [GC (Allocation Failure)  598026K->279562K(1033216K), 0.0043576 secs]
224.174: Total time for which application threads were stopped: 0.0045192 seconds, Stopping threads took: 0.0000196 seconds
224.240: [GC (Allocation Failure)  598026K->279882K(1033216K), 0.0042472 secs]
224.245: Total time for which application threads were stopped: 0.0044096 seconds, Stopping threads took: 0.0000196 seconds
224.314: [GC (Allocation Failure)  598346K->287564K(1033216K), 0.0041602 secs]
224.318: Total time for which application threads were stopped: 0.0043606 seconds, Stopping threads took: 0.0000265 seconds
224.386: [GC (Allocation Failure)  606028K->287564K(1033216K), 0.0056331 secs]
224.392: Total time for which application threads were stopped: 0.0058283 seconds, Stopping threads took: 0.0000260 seconds
224.457: [GC (Allocation Failure)  606028K->287628K(1033216K), 0.0044149 secs]
224.462: Total time for which application threads were stopped: 0.0045879 seconds, Stopping threads took: 0.0000195 seconds
224.531: [GC (Allocation Failure)  606092K->295599K(1033216K), 0.0042719 secs]
224.535: Total time for which application threads were stopped: 0.0044478 seconds, Stopping threads took: 0.0000228 seconds
224.600: [GC (Allocation Failure)  614063K->291692K(1033216K), 0.0029689 secs]
224.603: Total time for which application threads were stopped: 0.0031331 seconds, Stopping threads took: 0.0000195 seconds
224.670: [GC (Allocation Failure)  610156K->295687K(1034240K), 0.0050462 secs]
224.675: Total time for which application threads were stopped: 0.0052106 seconds, Stopping threads took: 0.0000205 seconds
224.742: [GC (Allocation Failure)  615687K->299687K(1033728K), 0.0049113 secs]
224.747: Total time for which application threads were stopped: 0.0050751 seconds, Stopping threads took: 0.0000193 seconds
224.814: [GC (Allocation Failure)  619687K->307244K(1029120K), 0.0076312 secs]
224.821: Total time for which application threads were stopped: 0.0077986 seconds, Stopping threads took: 0.0000197 seconds
224.888: [GC (Allocation Failure)  622636K->301039K(1031680K), 0.0044588 secs]
224.892: Total time for which application threads were stopped: 0.0046307 seconds, Stopping threads took: 0.0000196 seconds
224.961: [GC (Allocation Failure)  616431K->300975K(1032192K), 0.0040690 secs]
224.965: Total time for which application threads were stopped: 0.0042598 seconds, Stopping threads took: 0.0000190 seconds
225.033: [GC (Allocation Failure)  616879K->304007K(1031680K), 0.0047935 secs]
225.038: Total time for which application threads were stopped: 0.0049512 seconds, Stopping threads took: 0.0000170 seconds
225.107: [GC (Allocation Failure)  619911K->309033K(1032704K), 0.0043691 secs]
225.111: Total time for which application threads were stopped: 0.0045659 seconds, Stopping threads took: 0.0000257 seconds
225.179: [GC (Allocation Failure)  626473K->309033K(1032704K), 0.0042365 secs]
225.183: Total time for which application threads were stopped: 0.0043864 seconds, Stopping threads took: 0.0000176 seconds
225.249: [GC (Allocation Failure)  626473K->311721K(1033216K), 0.0046217 secs]
225.254: Total time for which application threads were stopped: 0.0047848 seconds, Stopping threads took: 0.0000195 seconds
225.324: [GC (Allocation Failure)  630185K->317099K(1033216K), 0.0043103 secs]
225.328: Total time for which application threads were stopped: 0.0044714 seconds, Stopping threads took: 0.0000198 seconds
225.396: [GC (Allocation Failure)  635563K->317003K(1033728K), 0.0056953 secs]
225.402: Total time for which application threads were stopped: 0.0058500 seconds, Stopping threads took: 0.0000186 seconds
225.468: [GC (Allocation Failure)  636491K->320971K(1033728K), 0.0053442 secs]
225.474: Total time for which application threads were stopped: 0.0055247 seconds, Stopping threads took: 0.0000199 seconds
225.542: [GC (Allocation Failure)  640459K->325230K(1034240K), 0.0043625 secs]
225.547: Total time for which application threads were stopped: 0.0045233 seconds, Stopping threads took: 0.0000198 seconds
225.615: [GC (Allocation Failure)  645742K->325070K(1034240K), 0.0040391 secs]
225.619: Total time for which application threads were stopped: 0.0042176 seconds, Stopping threads took: 0.0000281 seconds
225.684: [GC (Allocation Failure)  645582K->326126K(1034240K), 0.0044822 secs]
225.689: Total time for which application threads were stopped: 0.0046732 seconds, Stopping threads took: 0.0000195 seconds
225.757: [GC (Allocation Failure)  646638K->333200K(1034240K), 0.0040794 secs]
225.762: Total time for which application threads were stopped: 0.0042481 seconds, Stopping threads took: 0.0000173 seconds
225.827: [GC (Allocation Failure)  653712K->333104K(1034240K), 0.0043319 secs]
225.832: Total time for which application threads were stopped: 0.0045269 seconds, Stopping threads took: 0.0000220 seconds
225.900: [GC (Allocation Failure)  653616K->336392K(1034240K), 0.0050071 secs]
225.905: Total time for which application threads were stopped: 0.0051905 seconds, Stopping threads took: 0.0000226 seconds
225.972: [GC (Allocation Failure)  656904K->341162K(1034752K), 0.0042576 secs]
225.976: Total time for which application threads were stopped: 0.0044543 seconds, Stopping threads took: 0.0000201 seconds
226.045: [GC (Allocation Failure)  662698K->341162K(1034752K), 0.0043593 secs]
226.049: Total time for which application threads were stopped: 0.0045102 seconds, Stopping threads took: 0.0000166 seconds
226.118: [GC (Allocation Failure)  662698K->344682K(1034752K), 0.0050240 secs]
226.123: Total time for which application threads were stopped: 0.0052008 seconds, Stopping threads took: 0.0000265 seconds
226.189: [GC (Allocation Failure)  666218K->349164K(1034752K), 0.0044168 secs]
226.194: Total time for which application threads were stopped: 0.0045898 seconds, Stopping threads took: 0.0000206 seconds
226.261: [GC (Allocation Failure)  670700K->349196K(1035264K), 0.0042328 secs]
226.266: Total time for which application threads were stopped: 0.0044252 seconds, Stopping threads took: 0.0000204 seconds
226.332: [GC (Allocation Failure)  671244K->350308K(1034752K), 0.0047228 secs]
226.337: Total time for which application threads were stopped: 0.0048976 seconds, Stopping threads took: 0.0000203 seconds
226.406: [GC (Allocation Failure)  672356K->357223K(1034752K), 0.0044665 secs]
226.410: Total time for which application threads were stopped: 0.0046250 seconds, Stopping threads took: 0.0000172 seconds
226.477: [GC (Allocation Failure)  678759K->357191K(1034752K), 0.0046701 secs]
226.482: Total time for which application threads were stopped: 0.0048485 seconds, Stopping threads took: 0.0000199 seconds
226.549: [GC (Allocation Failure)  678727K->360071K(1034752K), 0.0050661 secs]
226.554: Total time for which application threads were stopped: 0.0052287 seconds, Stopping threads took: 0.0000198 seconds
226.625: [GC (Allocation Failure)  681607K->365321K(1034752K), 0.0043676 secs]
226.629: Total time for which application threads were stopped: 0.0045521 seconds, Stopping threads took: 0.0000264 seconds
226.696: [GC (Allocation Failure)  686857K->365257K(1034752K), 0.0043446 secs]
226.701: Total time for which application threads were stopped: 0.0045081 seconds, Stopping threads took: 0.0000256 seconds
226.766: [GC (Allocation Failure)  686793K->369321K(1034752K), 0.0072205 secs]
226.774: Total time for which application threads were stopped: 0.0073965 seconds, Stopping threads took: 0.0000198 seconds
226.840: [GC (Allocation Failure)  690857K->373355K(1035264K), 0.0045056 secs]
226.845: Total time for which application threads were stopped: 0.0046673 seconds, Stopping threads took: 0.0000203 seconds
226.913: [GC (Allocation Failure)  695915K->373291K(1035264K), 0.0043896 secs]
226.917: Total time for which application threads were stopped: 0.0045512 seconds, Stopping threads took: 0.0000195 seconds
226.985: [GC (Allocation Failure)  695851K->376555K(1035264K), 0.0051967 secs]
226.990: Total time for which application threads were stopped: 0.0053780 seconds, Stopping threads took: 0.0000206 seconds
227.059: [GC (Allocation Failure)  699115K->381293K(1035264K), 0.0052099 secs]
227.064: Total time for which application threads were stopped: 0.0053720 seconds, Stopping threads took: 0.0000200 seconds
227.132: [GC (Allocation Failure)  703853K->381293K(1035264K), 0.0046215 secs]
227.137: Total time for which application threads were stopped: 0.0048011 seconds, Stopping threads took: 0.0000210 seconds
227.204: [GC (Allocation Failure)  703853K->384773K(1035264K), 0.0050856 secs]
227.209: Total time for which application threads were stopped: 0.0052801 seconds, Stopping threads took: 0.0000200 seconds
227.276: [GC (Allocation Failure)  707333K->389352K(1034752K), 0.0043521 secs]
227.281: Total time for which application threads were stopped: 0.0045459 seconds, Stopping threads took: 0.0000190 seconds
227.350: [GC (Allocation Failure)  711912K->389352K(1035264K), 0.0044695 secs]
227.355: Total time for which application threads were stopped: 0.0046301 seconds, Stopping threads took: 0.0000171 seconds
227.421: [GC (Allocation Failure)  711912K->393000K(1035776K), 0.0051950 secs]
227.426: Total time for which application threads were stopped: 0.0053462 seconds, Stopping threads took: 0.0000172 seconds
227.493: [GC (Allocation Failure)  716584K->397386K(1035776K), 0.0045149 secs]
227.498: Total time for which application threads were stopped: 0.0046902 seconds, Stopping threads took: 0.0000203 seconds
227.566: [GC (Allocation Failure)  720970K->397354K(1035776K), 0.0043258 secs]
227.571: Total time for which application threads were stopped: 0.0044977 seconds, Stopping threads took: 0.0000259 seconds
227.638: [GC (Allocation Failure)  720938K->400202K(1035776K), 0.0060619 secs]
227.644: Total time for which application threads were stopped: 0.0062203 seconds, Stopping threads took: 0.0000259 seconds
227.712: [GC (Allocation Failure)  723786K->405484K(1035776K), 0.0045013 secs]
227.717: Total time for which application threads were stopped: 0.0046778 seconds, Stopping threads took: 0.0000191 seconds
227.785: [GC (Allocation Failure)  729068K->405388K(1035776K), 0.0060803 secs]
227.792: Total time for which application threads were stopped: 0.0062540 seconds, Stopping threads took: 0.0000333 seconds
227.859: [GC (Allocation Failure)  728972K->403466K(1036288K), 0.0038285 secs]
227.863: Total time for which application threads were stopped: 0.0040068 seconds, Stopping threads took: 0.0000278 seconds
227.931: [GC (Allocation Failure)  727562K->405452K(1035776K), 0.0044956 secs]
227.935: Total time for which application threads were stopped: 0.0046957 seconds, Stopping threads took: 0.0000211 seconds
228.006: [GC (Allocation Failure)  729548K->405388K(1036288K), 0.0042875 secs]
228.010: Total time for which application threads were stopped: 0.0044489 seconds, Stopping threads took: 0.0000200 seconds
228.078: [GC (Allocation Failure)  729996K->412874K(1036288K), 0.0078551 secs]
228.086: Total time for which application threads were stopped: 0.0080175 seconds, Stopping threads took: 0.0000196 seconds
228.155: [GC (Allocation Failure)  737482K->408876K(1032192K), 0.0043212 secs]
228.159: Total time for which application threads were stopped: 0.0045233 seconds, Stopping threads took: 0.0000258 seconds
228.228: [GC (Allocation Failure)  729388K->408652K(1034240K), 0.0044942 secs]
228.233: Total time for which application threads were stopped: 0.0046432 seconds, Stopping threads took: 0.0000165 seconds
228.300: [GC (Allocation Failure)  729164K->402026K(1033728K), 0.0019476 secs]
228.302: Total time for which application threads were stopped: 0.0020980 seconds, Stopping threads took: 0.0000197 seconds
228.370: [GC (Allocation Failure)  722538K->408860K(1034240K), 0.0086460 secs]
228.379: Total time for which application threads were stopped: 0.0088091 seconds, Stopping threads took: 0.0000210 seconds
228.448: [GC (Allocation Failure)  729372K->412780K(1035264K), 0.0051223 secs]
228.453: Total time for which application threads were stopped: 0.0052842 seconds, Stopping threads took: 0.0000199 seconds
228.521: [GC (Allocation Failure)  734828K->405834K(1034752K), 0.0018379 secs]
228.523: Total time for which application threads were stopped: 0.0019753 seconds, Stopping threads took: 0.0000196 seconds
228.592: [GC (Allocation Failure)  727882K->412948K(1035264K), 0.0041878 secs]
228.596: Total time for which application threads were stopped: 0.0043869 seconds, Stopping threads took: 0.0000270 seconds
228.665: [GC (Allocation Failure)  734996K->416900K(1034752K), 0.0053488 secs]
228.671: Total time for which application threads were stopped: 0.0055165 seconds, Stopping threads took: 0.0000194 seconds
228.738: [GC (Allocation Failure)  738948K->412738K(1035264K), 0.0032696 secs]
228.741: Total time for which application threads were stopped: 0.0034610 seconds, Stopping threads took: 0.0000197 seconds
228.811: [GC (Allocation Failure)  735298K->417068K(1035264K), 0.0046938 secs]
228.816: Total time for which application threads were stopped: 0.0048668 seconds, Stopping threads took: 0.0000200 seconds
228.883: [GC (Allocation Failure)  739628K->421092K(1035776K), 0.0047261 secs]
228.888: Total time for which application threads were stopped: 0.0049029 seconds, Stopping threads took: 0.0000201 seconds
228.954: [GC (Allocation Failure)  744676K->421092K(1035776K), 0.0042900 secs]
228.958: Total time for which application threads were stopped: 0.0044551 seconds, Stopping threads took: 0.0000204 seconds
229.026: [GC (Allocation Failure)  744676K->421132K(1034752K), 0.0046866 secs]
229.031: Total time for which application threads were stopped: 0.0048565 seconds, Stopping threads took: 0.0000195 seconds
229.099: [GC (Allocation Failure)  743692K->429134K(1035264K), 0.0043665 secs]
229.103: Total time for which application threads were stopped: 0.0045733 seconds, Stopping threads took: 0.0000173 seconds
229.171: [GC (Allocation Failure)  751694K->429102K(1035264K), 0.0045111 secs]
229.176: Total time for which application threads were stopped: 0.0046902 seconds, Stopping threads took: 0.0000201 seconds
229.243: [GC (Allocation Failure)  751662K->429350K(1022464K), 0.0045532 secs]
229.248: Total time for which application threads were stopped: 0.0047262 seconds, Stopping threads took: 0.0000201 seconds
229.316: [GC (Allocation Failure)  751910K->437097K(1034752K), 0.0046967 secs]
229.320: Total time for which application threads were stopped: 0.0048678 seconds, Stopping threads took: 0.0000195 seconds
229.391: [GC (Allocation Failure)  758633K->437097K(1034752K), 0.0063510 secs]
229.398: Total time for which application threads were stopped: 0.0065168 seconds, Stopping threads took: 0.0000177 seconds
229.464: [GC (Allocation Failure)  758633K->437193K(1033728K), 0.0043600 secs]
229.469: Total time for which application threads were stopped: 0.0045551 seconds, Stopping threads took: 0.0000193 seconds
229.537: [GC (Allocation Failure)  757705K->445163K(1034240K), 0.0043411 secs]
229.542: Total time for which application threads were stopped: 0.0045204 seconds, Stopping threads took: 0.0000191 seconds
229.611: [GC (Allocation Failure)  765675K->445131K(1034240K), 0.0046629 secs]
229.616: Total time for which application threads were stopped: 0.0048239 seconds, Stopping threads took: 0.0000200 seconds
229.683: [GC (Allocation Failure)  765643K->445323K(1034240K), 0.0045188 secs]
229.688: Total time for which application threads were stopped: 0.0046940 seconds, Stopping threads took: 0.0000202 seconds
229.756: [GC (Allocation Failure)  765835K->453229K(1034240K), 0.0045563 secs]
229.761: Total time for which application threads were stopped: 0.0047085 seconds, Stopping threads took: 0.0000170 seconds
229.827: [GC (Allocation Failure)  773741K->453197K(1034240K), 0.0045833 secs]
229.832: Total time for which application threads were stopped: 0.0047555 seconds, Stopping threads took: 0.0000200 seconds
229.900: [GC (Allocation Failure)  773709K->453549K(1033216K), 0.0046097 secs]
229.905: Total time for which application threads were stopped: 0.0047932 seconds, Stopping threads took: 0.0000204 seconds
229.973: [GC (Allocation Failure)  773037K->461232K(1033728K), 0.0046839 secs]
229.978: Total time for which application threads were stopped: 0.0048498 seconds, Stopping threads took: 0.0000206 seconds
230.045: [GC (Allocation Failure)  780720K->461264K(1033728K), 0.0045711 secs]
230.050: Total time for which application threads were stopped: 0.0047557 seconds, Stopping threads took: 0.0000203 seconds
230.117: [GC (Allocation Failure)  780752K->461288K(1033728K), 0.0042996 secs]
230.122: Total time for which application threads were stopped: 0.0044606 seconds, Stopping threads took: 0.0000261 seconds
230.188: [GC (Allocation Failure)  780776K->469290K(1033728K), 0.0044463 secs]
230.192: Total time for which application threads were stopped: 0.0046188 seconds, Stopping threads took: 0.0000201 seconds
230.259: [GC (Allocation Failure)  788778K->465352K(1033728K), 0.0034622 secs]
230.262: Total time for which application threads were stopped: 0.0036208 seconds, Stopping threads took: 0.0000198 seconds
230.332: [GC (Allocation Failure)  784840K->469418K(1034752K), 0.0045261 secs]
230.336: Total time for which application threads were stopped: 0.0047021 seconds, Stopping threads took: 0.0000215 seconds
230.406: [GC (Allocation Failure)  790442K->473386K(1034240K), 0.0044633 secs]
230.410: Total time for which application threads were stopped: 0.0046308 seconds, Stopping threads took: 0.0000199 seconds
230.477: [GC (Allocation Failure)  794410K->467656K(1034752K), 0.0024955 secs]
230.480: Total time for which application threads were stopped: 0.0026470 seconds, Stopping threads took: 0.0000196 seconds
230.547: [GC (Allocation Failure)  789192K->473482K(1034752K), 0.0045379 secs]
230.551: Total time for which application threads were stopped: 0.0047060 seconds, Stopping threads took: 0.0000200 seconds
230.618: [GC (Allocation Failure)  795018K->477554K(1035264K), 0.0048096 secs]
230.623: Total time for which application threads were stopped: 0.0049784 seconds, Stopping threads took: 0.0000282 seconds
230.693: [GC (Allocation Failure)  799852K->473616K(1035264K), 0.0034507 secs]
230.696: Total time for which application threads were stopped: 0.0036102 seconds, Stopping threads took: 0.0000161 seconds
230.764: [GC (Allocation Failure)  796176K->477642K(1036288K), 0.0052941 secs]
230.769: Total time for which application threads were stopped: 0.0054695 seconds, Stopping threads took: 0.0000210 seconds
230.837: [GC (Allocation Failure)  801738K->481674K(1035776K), 0.0054564 secs]
230.843: Total time for which application threads were stopped: 0.0056184 seconds, Stopping threads took: 0.0000203 seconds
230.910: [GC (Allocation Failure)  805770K->481642K(1035776K), 0.0045025 secs]
230.914: Total time for which application threads were stopped: 0.0046711 seconds, Stopping threads took: 0.0000196 seconds
230.982: [GC (Allocation Failure)  805226K->481706K(1023488K), 0.0045894 secs]
230.987: Total time for which application threads were stopped: 0.0047574 seconds, Stopping threads took: 0.0000212 seconds
231.055: [GC (Allocation Failure)  805290K->489676K(1035264K), 0.0045414 secs]
231.060: Total time for which application threads were stopped: 0.0047022 seconds, Stopping threads took: 0.0000195 seconds
231.129: [GC (Allocation Failure)  812236K->489676K(1030144K), 0.0045883 secs]
231.134: Total time for which application threads were stopped: 0.0047850 seconds, Stopping threads took: 0.0000263 seconds
231.203: [GC (Allocation Failure)  812236K->489740K(1034752K), 0.0047463 secs]
231.207: Total time for which application threads were stopped: 0.0049389 seconds, Stopping threads took: 0.0000193 seconds
231.276: [GC (Allocation Failure)  811276K->497710K(1034752K), 0.0045897 secs]
231.281: Total time for which application threads were stopped: 0.0047591 seconds, Stopping threads took: 0.0000172 seconds
231.348: [GC (Allocation Failure)  819246K->497710K(1033728K), 0.0046918 secs]
231.353: Total time for which application threads were stopped: 0.0048558 seconds, Stopping threads took: 0.0000206 seconds
231.421: [GC (Allocation Failure)  818222K->497966K(1034240K), 0.0046204 secs]
231.425: Total time for which application threads were stopped: 0.0047717 seconds, Stopping threads took: 0.0000169 seconds
231.492: [GC (Allocation Failure)  818478K->505777K(1034240K), 0.0047729 secs]
231.497: Total time for which application threads were stopped: 0.0049371 seconds, Stopping threads took: 0.0000199 seconds
231.565: [GC (Allocation Failure)  826289K->505745K(1034240K), 0.0042709 secs]
231.569: Total time for which application threads were stopped: 0.0044398 seconds, Stopping threads took: 0.0000318 seconds
231.636: [GC (Allocation Failure)  826257K->506185K(1033216K), 0.0045206 secs]
231.641: Total time for which application threads were stopped: 0.0047028 seconds, Stopping threads took: 0.0000266 seconds
231.707: [GC (Allocation Failure)  825673K->513771K(1033728K), 0.0052905 secs]
231.713: Total time for which application threads were stopped: 0.0054601 seconds, Stopping threads took: 0.0000200 seconds
231.780: [GC (Allocation Failure)  833259K->513771K(1033728K), 0.0046459 secs]
231.785: Total time for which application threads were stopped: 0.0048138 seconds, Stopping threads took: 0.0000215 seconds
231.849: [GC (Allocation Failure)  833259K->513899K(1033728K), 0.0047111 secs]
231.854: Total time for which application threads were stopped: 0.0048813 seconds, Stopping threads took: 0.0000195 seconds
231.921: [GC (Allocation Failure)  833387K->521837K(1033728K), 0.0046786 secs]
231.926: Total time for which application threads were stopped: 0.0048752 seconds, Stopping threads took: 0.0000213 seconds
231.995: [GC (Allocation Failure)  841325K->521805K(1033728K), 0.0047010 secs]
232.000: Total time for which application threads were stopped: 0.0048578 seconds, Stopping threads took: 0.0000167 seconds
232.066: [GC (Allocation Failure)  841293K->521869K(1033728K), 0.0052791 secs]
232.072: Total time for which application threads were stopped: 0.0054488 seconds, Stopping threads took: 0.0000279 seconds
232.138: [GC (Allocation Failure)  841357K->529839K(1027072K), 0.0047394 secs]
232.143: Total time for which application threads were stopped: 0.0049129 seconds, Stopping threads took: 0.0000200 seconds
232.208: [GC (Allocation Failure)  849327K->525933K(1034240K), 0.0065771 secs]
232.215: Total time for which application threads were stopped: 0.0067406 seconds, Stopping threads took: 0.0000204 seconds
232.283: [GC (Allocation Failure)  845421K->529991K(1033216K), 0.0047301 secs]
232.288: Total time for which application threads were stopped: 0.0049090 seconds, Stopping threads took: 0.0000205 seconds
232.356: [GC (Allocation Failure)  849479K->533959K(1034752K), 0.0047669 secs]
232.361: Total time for which application threads were stopped: 0.0049575 seconds, Stopping threads took: 0.0000227 seconds
232.428: [GC (Allocation Failure)  855495K->527173K(1034752K), 0.0019896 secs]
232.430: Total time for which application threads were stopped: 0.0021433 seconds, Stopping threads took: 0.0000193 seconds
232.500: [GC (Allocation Failure)  848709K->534031K(1034752K), 0.0045760 secs]
232.505: Total time for which application threads were stopped: 0.0047251 seconds, Stopping threads took: 0.0000169 seconds
232.572: [GC (Allocation Failure)  855567K->538143K(1034752K), 0.0054615 secs]
232.578: Total time for which application threads were stopped: 0.0056119 seconds, Stopping threads took: 0.0000198 seconds
232.644: [GC (Allocation Failure)  859679K->532573K(1034752K), 0.0027195 secs]
232.647: Total time for which application threads were stopped: 0.0028797 seconds, Stopping threads took: 0.0000284 seconds
232.716: [GC (Allocation Failure)  854109K->538383K(1034752K), 0.0047509 secs]
232.721: Total time for which application threads were stopped: 0.0049143 seconds, Stopping threads took: 0.0000196 seconds
232.788: [GC (Allocation Failure)  859919K->542255K(1034752K), 0.0048920 secs]
232.793: Total time for which application threads were stopped: 0.0050427 seconds, Stopping threads took: 0.0000169 seconds
232.859: [GC (Allocation Failure)  864744K->538349K(1035264K), 0.0034590 secs]
232.863: Total time for which application threads were stopped: 0.0036500 seconds, Stopping threads took: 0.0000193 seconds
232.933: [GC (Allocation Failure)  860909K->542407K(1036288K), 0.0048814 secs]
232.938: Total time for which application threads were stopped: 0.0050421 seconds, Stopping threads took: 0.0000168 seconds
233.006: [GC (Allocation Failure)  866503K->546375K(1035776K), 0.0047127 secs]
233.011: Total time for which application threads were stopped: 0.0049162 seconds, Stopping threads took: 0.0000417 seconds
233.080: [GC (Allocation Failure)  870471K->546375K(1035776K), 0.0044687 secs]
233.084: Total time for which application threads were stopped: 0.0046257 seconds, Stopping threads took: 0.0000268 seconds
233.152: [GC (Allocation Failure)  869959K->546439K(1023488K), 0.0046924 secs]
233.157: Total time for which application threads were stopped: 0.0048659 seconds, Stopping threads took: 0.0000206 seconds
233.224: [GC (Allocation Failure)  870023K->554442K(1035264K), 0.0047775 secs]
233.229: Total time for which application threads were stopped: 0.0049483 seconds, Stopping threads took: 0.0000199 seconds
233.298: [GC (Allocation Failure)  877002K->554410K(1030144K), 0.0045901 secs]
233.302: Total time for which application threads were stopped: 0.0047909 seconds, Stopping threads took: 0.0000273 seconds
233.371: [GC (Allocation Failure)  876970K->554474K(1034752K), 0.0075049 secs]
233.379: Total time for which application threads were stopped: 0.0077005 seconds, Stopping threads took: 0.0000193 seconds
233.447: [GC (Allocation Failure)  876010K->562444K(1034752K), 0.0048625 secs]
233.452: Total time for which application threads were stopped: 0.0050235 seconds, Stopping threads took: 0.0000200 seconds
233.521: [GC (Allocation Failure)  883980K->562444K(1033728K), 0.0046572 secs]
233.526: Total time for which application threads were stopped: 0.0048276 seconds, Stopping threads took: 0.0000200 seconds
233.595: [GC (Allocation Failure)  882956K->562700K(1034240K), 0.0046669 secs]
233.600: Total time for which application threads were stopped: 0.0048335 seconds, Stopping threads took: 0.0000270 seconds
233.668: [GC (Allocation Failure)  883212K->570510K(1034240K), 0.0044965 secs]
233.672: Total time for which application threads were stopped: 0.0046657 seconds, Stopping threads took: 0.0000279 seconds
233.742: [GC (Allocation Failure)  891022K->570478K(1034240K), 0.0048228 secs]
233.747: Total time for which application threads were stopped: 0.0049851 seconds, Stopping threads took: 0.0000199 seconds
233.814: [GC (Allocation Failure)  890990K->570926K(1033216K), 0.0048416 secs]
233.819: Total time for which application threads were stopped: 0.0050131 seconds, Stopping threads took: 0.0000206 seconds
233.887: [GC (Allocation Failure)  890414K->578512K(1033728K), 0.0046837 secs]
233.891: Total time for which application threads were stopped: 0.0048533 seconds, Stopping threads took: 0.0000195 seconds
233.959: [GC (Allocation Failure)  898000K->578512K(1033728K), 0.0047150 secs]
233.964: Total time for which application threads were stopped: 0.0049166 seconds, Stopping threads took: 0.0000478 seconds
234.029: [GC (Allocation Failure)  898000K->578632K(1033728K), 0.0048767 secs]
234.034: Total time for which application threads were stopped: 0.0050491 seconds, Stopping threads took: 0.0000202 seconds
234.102: [GC (Allocation Failure)  898120K->586539K(1033728K), 0.0045453 secs]
234.107: Total time for which application threads were stopped: 0.0047636 seconds, Stopping threads took: 0.0000270 seconds
234.175: [GC (Allocation Failure)  906027K->586507K(1033728K), 0.0048331 secs]
234.180: Total time for which application threads were stopped: 0.0049879 seconds, Stopping threads took: 0.0000170 seconds
234.246: [GC (Allocation Failure)  905995K->586603K(1033728K), 0.0046570 secs]
234.251: Total time for which application threads were stopped: 0.0048282 seconds, Stopping threads took: 0.0000254 seconds
234.318: [GC (Allocation Failure)  906091K->594573K(1027072K), 0.0047506 secs]
234.323: Total time for which application threads were stopped: 0.0049189 seconds, Stopping threads took: 0.0000199 seconds
234.388: [GC (Allocation Failure)  914061K->590667K(1034240K), 0.0050971 secs]
234.393: Total time for which application threads were stopped: 0.0053006 seconds, Stopping threads took: 0.0000251 seconds
234.460: [GC (Allocation Failure)  910155K->594733K(1033216K), 0.0048665 secs]
234.465: Total time for which application threads were stopped: 0.0050255 seconds, Stopping threads took: 0.0000195 seconds
234.533: [GC (Allocation Failure)  914221K->598701K(1034752K), 0.0046391 secs]
234.537: Total time for which application threads were stopped: 0.0048101 seconds, Stopping threads took: 0.0000197 seconds
234.604: [GC (Allocation Failure)  920237K->591947K(1034752K), 0.0021938 secs]
234.606: Total time for which application threads were stopped: 0.0023370 seconds, Stopping threads took: 0.0000266 seconds
234.673: [GC (Allocation Failure)  913483K->598805K(1034752K), 0.0047487 secs]
234.678: Total time for which application threads were stopped: 0.0049094 seconds, Stopping threads took: 0.0000192 seconds
234.746: [GC (Allocation Failure)  920341K->602885K(1034752K), 0.0057746 secs]
234.752: Total time for which application threads were stopped: 0.0059511 seconds, Stopping threads took: 0.0000217 seconds
234.818: [GC (Allocation Failure)  924421K->597315K(1034752K), 0.0027895 secs]
234.821: Total time for which application threads were stopped: 0.0029556 seconds, Stopping threads took: 0.0000187 seconds
234.888: [GC (Allocation Failure)  918851K->603149K(1034752K), 0.0049295 secs]
234.893: Total time for which application threads were stopped: 0.0051007 seconds, Stopping threads took: 0.0000197 seconds
234.961: [GC (Allocation Failure)  924685K->606989K(1035264K), 0.0052374 secs]
234.966: Total time for which application threads were stopped: 0.0054084 seconds, Stopping threads took: 0.0000206 seconds
235.033: [GC (Allocation Failure)  929477K->603083K(1035264K), 0.0037464 secs]
235.037: Total time for which application threads were stopped: 0.0039182 seconds, Stopping threads took: 0.0000201 seconds
235.108: [GC (Allocation Failure)  925643K->607149K(1036288K), 0.0048961 secs]
235.113: Total time for which application threads were stopped: 0.0050665 seconds, Stopping threads took: 0.0000258 seconds
235.181: [GC (Allocation Failure)  931245K->611149K(1035776K), 0.0047898 secs]
235.186: Total time for which application threads were stopped: 0.0049880 seconds, Stopping threads took: 0.0000207 seconds
235.255: [GC (Allocation Failure)  935245K->611149K(1035776K), 0.0047964 secs]
235.260: Total time for which application threads were stopped: 0.0049919 seconds, Stopping threads took: 0.0000204 seconds
235.329: [GC (Allocation Failure)  934733K->611181K(1023488K), 0.0048001 secs]
235.334: Total time for which application threads were stopped: 0.0049639 seconds, Stopping threads took: 0.0000168 seconds
235.403: [GC (Allocation Failure)  934765K->619183K(1035264K), 0.0049595 secs]
235.408: Total time for which application threads were stopped: 0.0051782 seconds, Stopping threads took: 0.0000196 seconds
235.477: [GC (Allocation Failure)  941743K->619151K(1030144K), 0.0046171 secs]
235.482: Total time for which application threads were stopped: 0.0047985 seconds, Stopping threads took: 0.0000168 seconds
235.550: [GC (Allocation Failure)  941711K->619207K(1034752K), 0.0047906 secs]
235.555: Total time for which application threads were stopped: 0.0049537 seconds, Stopping threads took: 0.0000195 seconds
235.623: [GC (Allocation Failure)  940743K->627210K(1029120K), 0.0049450 secs]
235.628: Total time for which application threads were stopped: 0.0051231 seconds, Stopping threads took: 0.0000287 seconds
235.696: [GC (Allocation Failure)  948746K->627178K(1034240K), 0.0048027 secs]
235.700: Total time for which application threads were stopped: 0.0049845 seconds, Stopping threads took: 0.0000203 seconds
235.767: [GC (Allocation Failure)  947690K->627426K(1034240K), 0.0051664 secs]
235.772: Total time for which application threads were stopped: 0.0053324 seconds, Stopping threads took: 0.0000212 seconds
235.840: [GC (Allocation Failure)  947938K->635236K(1034240K), 0.0047741 secs]
235.845: Total time for which application threads were stopped: 0.0049759 seconds, Stopping threads took: 0.0000205 seconds
235.914: [GC (Allocation Failure)  955748K->635172K(1034240K), 0.0048298 secs]
235.919: Total time for which application threads were stopped: 0.0050166 seconds, Stopping threads took: 0.0000171 seconds
235.987: [GC (Allocation Failure)  955684K->635660K(1033216K), 0.0050232 secs]
235.993: Total time for which application threads were stopped: 0.0052147 seconds, Stopping threads took: 0.0000286 seconds
236.060: [GC (Allocation Failure)  955148K->643278K(1033728K), 0.0049771 secs]
236.065: Total time for which application threads were stopped: 0.0051480 seconds, Stopping threads took: 0.0000196 seconds
236.134: [GC (Allocation Failure)  962766K->643246K(1033728K), 0.0047784 secs]
236.139: Total time for which application threads were stopped: 0.0049667 seconds, Stopping threads took: 0.0000266 seconds
236.204: [GC (Allocation Failure)  962734K->643366K(1033728K), 0.0048873 secs]
236.209: Total time for which application threads were stopped: 0.0050552 seconds, Stopping threads took: 0.0000199 seconds
236.276: [GC (Allocation Failure)  962854K->651304K(1033728K), 0.0048747 secs]
236.281: Total time for which application threads were stopped: 0.0050485 seconds, Stopping threads took: 0.0000203 seconds
236.350: [GC (Allocation Failure)  970792K->651272K(1033728K), 0.0050710 secs]
236.355: Total time for which application threads were stopped: 0.0052348 seconds, Stopping threads took: 0.0000201 seconds
236.423: [GC (Allocation Failure)  970760K->651336K(1033728K), 0.0049355 secs]
236.428: Total time for which application threads were stopped: 0.0051141 seconds, Stopping threads took: 0.0000282 seconds
236.495: [GC (Allocation Failure)  970824K->659307K(1027072K), 0.0050443 secs]
236.500: Total time for which application threads were stopped: 0.0052254 seconds, Stopping threads took: 0.0000204 seconds
236.566: [GC (Allocation Failure)  978794K->655432K(1034240K), 0.0039939 secs]
236.571: Total time for which application threads were stopped: 0.0041586 seconds, Stopping threads took: 0.0000201 seconds
236.638: [GC (Allocation Failure)  974920K->659435K(1033216K), 0.0048209 secs]
236.643: Total time for which application threads were stopped: 0.0049881 seconds, Stopping threads took: 0.0000169 seconds
236.710: [GC (Allocation Failure)  978923K->663403K(1034752K), 0.0047575 secs]
236.715: Total time for which application threads were stopped: 0.0049187 seconds, Stopping threads took: 0.0000190 seconds
236.782: [GC (Allocation Failure)  984939K->656648K(1034752K), 0.0023199 secs]
236.784: Total time for which application threads were stopped: 0.0024674 seconds, Stopping threads took: 0.0000193 seconds
236.851: [GC (Allocation Failure)  978184K->663539K(1034752K), 0.0048727 secs]
236.856: Total time for which application threads were stopped: 0.0050434 seconds, Stopping threads took: 0.0000196 seconds
236.922: [GC (Allocation Failure)  985075K->667619K(1034752K), 0.0058767 secs]
236.928: Total time for which application threads were stopped: 0.0060282 seconds, Stopping threads took: 0.0000173 seconds
236.995: [GC (Allocation Failure)  989155K->662080K(1034752K), 0.0029125 secs]
236.998: Total time for which application threads were stopped: 0.0030833 seconds, Stopping threads took: 0.0000193 seconds
237.067: [GC (Allocation Failure)  983616K->667859K(1034752K), 0.0051625 secs]
237.072: Total time for which application threads were stopped: 0.0053370 seconds, Stopping threads took: 0.0000215 seconds
237.139: [GC (Allocation Failure)  989395K->671699K(1034752K), 0.0053331 secs]
237.144: Total time for which application threads were stopped: 0.0055004 seconds, Stopping threads took: 0.0000214 seconds
237.211: [GC (Allocation Failure)  994187K->667824K(1035264K), 0.0038352 secs]
237.215: Total time for which application threads were stopped: 0.0040322 seconds, Stopping threads took: 0.0000202 seconds
237.282: [GC (Allocation Failure)  990384K->671883K(1036288K), 0.0050415 secs]
237.288: Total time for which application threads were stopped: 0.0052065 seconds, Stopping threads took: 0.0000205 seconds
237.355: [GC (Allocation Failure)  995979K->675851K(1035776K), 0.0049230 secs]
237.360: Total time for which application threads were stopped: 0.0050848 seconds, Stopping threads took: 0.0000203 seconds
237.431: [GC (Allocation Failure)  999947K->675819K(1035776K), 0.0047963 secs]
237.435: Total time for which application threads were stopped: 0.0049592 seconds, Stopping threads took: 0.0000206 seconds
237.505: [GC (Allocation Failure)  999403K->675947K(1023488K), 0.0049653 secs]
237.510: Total time for which application threads were stopped: 0.0051573 seconds, Stopping threads took: 0.0000204 seconds
237.577: [GC (Allocation Failure)  999531K->683917K(1035264K), 0.0049041 secs]
237.582: Total time for which application threads were stopped: 0.0050673 seconds, Stopping threads took: 0.0000257 seconds
237.650: [GC (Allocation Failure)  1006477K->683885K(1030144K), 0.0046799 secs]
237.655: Total time for which application threads were stopped: 0.0048742 seconds, Stopping threads took: 0.0000201 seconds
237.723: [GC (Allocation Failure)  1006445K->683949K(1034752K), 0.0048019 secs]
237.728: Total time for which application threads were stopped: 0.0049823 seconds, Stopping threads took: 0.0000165 seconds
237.797: [GC (Allocation Failure)  1005485K->691887K(1034752K), 0.0050683 secs]
237.803: Total time for which application threads were stopped: 0.0052371 seconds, Stopping threads took: 0.0000191 seconds
237.871: [GC (Allocation Failure)  1013423K->691919K(1033728K), 0.0048247 secs]
237.876: Total time for which application threads were stopped: 0.0049984 seconds, Stopping threads took: 0.0000201 seconds
237.944: [GC (Allocation Failure)  1012431K->692175K(1034240K), 0.0050674 secs]
237.950: [Full GC (Ergonomics)  692175K->8704K(1034240K), 0.0130152 secs]
237.963: Total time for which application threads were stopped: 0.0183337 seconds, Stopping threads took: 0.0000198 seconds
238.030: [GC (Allocation Failure)  329216K->17634K(1033216K), 0.0036847 secs]
238.034: Total time for which application threads were stopped: 0.0038381 seconds, Stopping threads took: 0.0000167 seconds
238.101: [GC (Allocation Failure)  337122K->17618K(1033728K), 0.0037044 secs]
238.105: Total time for which application threads were stopped: 0.0038669 seconds, Stopping threads took: 0.0000262 seconds
238.169: [GC (Allocation Failure)  337106K->18058K(1033728K), 0.0037922 secs]
238.173: Total time for which application threads were stopped: 0.0039695 seconds, Stopping threads took: 0.0000220 seconds
238.241: [GC (Allocation Failure)  337546K->25613K(1033728K), 0.0036946 secs]
238.245: Total time for which application threads were stopped: 0.0038566 seconds, Stopping threads took: 0.0000191 seconds
238.313: [GC (Allocation Failure)  345101K->25645K(1033728K), 0.0036411 secs]
238.316: Total time for which application threads were stopped: 0.0038430 seconds, Stopping threads took: 0.0000192 seconds
238.382: [GC (Allocation Failure)  345133K->25765K(1033728K), 0.0037879 secs]
238.386: Total time for which application threads were stopped: 0.0039660 seconds, Stopping threads took: 0.0000166 seconds
238.454: [GC (Allocation Failure)  345253K->33703K(1032704K), 0.0039151 secs]
238.458: Total time for which application threads were stopped: 0.0040775 seconds, Stopping threads took: 0.0000194 seconds
238.523: [GC (Allocation Failure)  352165K->29733K(1033216K), 0.0026140 secs]
238.525: Total time for which application threads were stopped: 0.0027902 seconds, Stopping threads took: 0.0000205 seconds
238.594: [GC (Allocation Failure)  348197K->33831K(1034752K), 0.0037655 secs]
238.598: Total time for which application threads were stopped: 0.0039261 seconds, Stopping threads took: 0.0000194 seconds
238.665: [GC (Allocation Failure)  354855K->37799K(1034240K), 0.0037268 secs]
238.668: Total time for which application threads were stopped: 0.0038909 seconds, Stopping threads took: 0.0000191 seconds
238.735: [GC (Allocation Failure)  358823K->31013K(1034752K), 0.0009863 secs]
238.736: Total time for which application threads were stopped: 0.0011161 seconds, Stopping threads took: 0.0000197 seconds
238.803: [GC (Allocation Failure)  352549K->37903K(1034752K), 0.0035793 secs]
238.807: Total time for which application threads were stopped: 0.0037507 seconds, Stopping threads took: 0.0000201 seconds
238.875: [GC (Allocation Failure)  359439K->41951K(1034752K), 0.0045111 secs]
238.880: Total time for which application threads were stopped: 0.0046687 seconds, Stopping threads took: 0.0000201 seconds
238.945: [GC (Allocation Failure)  363487K->36413K(1034752K), 0.0016106 secs]
238.947: Total time for which application threads were stopped: 0.0017464 seconds, Stopping threads took: 0.0000202 seconds
239.016: [GC (Allocation Failure)  357949K->42255K(1035776K), 0.0036630 secs]
239.020: Total time for which application threads were stopped: 0.0038407 seconds, Stopping threads took: 0.0000194 seconds
239.088: [GC (Allocation Failure)  364815K->46087K(1034752K), 0.0050776 secs]
239.093: Total time for which application threads were stopped: 0.0052458 seconds, Stopping threads took: 0.0000263 seconds
239.159: [GC (Allocation Failure)  368575K->42181K(1035776K), 0.0024939 secs]
239.162: Total time for which application threads were stopped: 0.0026669 seconds, Stopping threads took: 0.0000216 seconds
239.232: [GC (Allocation Failure)  365253K->46215K(1035264K), 0.0039532 secs]
239.236: Total time for which application threads were stopped: 0.0041239 seconds, Stopping threads took: 0.0000203 seconds
239.304: [GC (Allocation Failure)  369287K->50215K(1035264K), 0.0039001 secs]
239.308: Total time for which application threads were stopped: 0.0040615 seconds, Stopping threads took: 0.0000192 seconds
239.377: [GC (Allocation Failure)  373799K->50183K(1035776K), 0.0042557 secs]
239.381: Total time for which application threads were stopped: 0.0044220 seconds, Stopping threads took: 0.0000236 seconds
239.449: [GC (Allocation Failure)  373767K->50279K(1034752K), 0.0036533 secs]
239.453: Total time for which application threads were stopped: 0.0038215 seconds, Stopping threads took: 0.0000195 seconds
239.521: [GC (Allocation Failure)  372839K->58281K(1035264K), 0.0036388 secs]
239.525: Total time for which application threads were stopped: 0.0038089 seconds, Stopping threads took: 0.0000201 seconds
239.595: [GC (Allocation Failure)  380841K->58281K(1034240K), 0.0035009 secs]
239.598: Total time for which application threads were stopped: 0.0036689 seconds, Stopping threads took: 0.0000261 seconds
239.664: [GC (Allocation Failure)  379817K->58313K(1034752K), 0.0038630 secs]
239.668: Total time for which application threads were stopped: 0.0040349 seconds, Stopping threads took: 0.0000206 seconds
239.736: [GC (Allocation Failure)  379849K->66251K(1034752K), 0.0037102 secs]
239.740: Total time for which application threads were stopped: 0.0038745 seconds, Stopping threads took: 0.0000203 seconds
239.808: [GC (Allocation Failure)  387787K->66315K(1029120K), 0.0035558 secs]
239.812: Total time for which application threads were stopped: 0.0037243 seconds, Stopping threads took: 0.0000261 seconds
239.878: [GC (Allocation Failure)  387851K->66499K(1034240K), 0.0044465 secs]
239.883: Total time for which application threads were stopped: 0.0046203 seconds, Stopping threads took: 0.0000256 seconds
239.951: [GC (Allocation Failure)  387011K->74310K(1034240K), 0.0038022 secs]
239.954: Total time for which application threads were stopped: 0.0039752 seconds, Stopping threads took: 0.0000202 seconds
240.022: [GC (Allocation Failure)  394822K->74310K(1034240K), 0.0038786 secs]
240.026: Total time for which application threads were stopped: 0.0040432 seconds, Stopping threads took: 0.0000202 seconds
240.094: [GC (Allocation Failure)  394822K->74758K(1020416K), 0.0037957 secs]
240.098: Total time for which application threads were stopped: 0.0039575 seconds, Stopping threads took: 0.0000265 seconds
240.166: [GC (Allocation Failure)  395270K->82312K(1033728K), 0.0043856 secs]
240.170: Total time for which application threads were stopped: 0.0045478 seconds, Stopping threads took: 0.0000255 seconds
240.238: [GC (Allocation Failure)  401800K->82344K(1033728K), 0.0036753 secs]
240.241: Total time for which application threads were stopped: 0.0038370 seconds, Stopping threads took: 0.0000197 seconds
240.307: [GC (Allocation Failure)  401832K->82504K(1033728K), 0.0038374 secs]
240.310: Total time for which application threads were stopped: 0.0040174 seconds, Stopping threads took: 0.0000298 seconds
240.379: [GC (Allocation Failure)  401992K->90410K(1033728K), 0.0045807 secs]
240.384: Total time for which application threads were stopped: 0.0047518 seconds, Stopping threads took: 0.0000263 seconds
240.452: [GC (Allocation Failure)  409898K->90410K(1033728K), 0.0037000 secs]
240.456: Total time for which application threads were stopped: 0.0038709 seconds, Stopping threads took: 0.0000200 seconds
240.522: [GC (Allocation Failure)  409898K->90442K(1033728K), 0.0039523 secs]
240.526: Total time for which application threads were stopped: 0.0041104 seconds, Stopping threads took: 0.0000195 seconds
240.592: [GC (Allocation Failure)  409930K->98381K(1032704K), 0.0044557 secs]
240.597: Total time for which application threads were stopped: 0.0046130 seconds, Stopping threads took: 0.0000258 seconds
240.663: [GC (Allocation Failure)  416845K->92874K(1033216K), 0.0017019 secs]
240.665: Total time for which application threads were stopped: 0.0018613 seconds, Stopping threads took: 0.0000216 seconds
240.732: [GC (Allocation Failure)  411338K->98669K(1034752K), 0.0037882 secs]
240.736: Total time for which application threads were stopped: 0.0039546 seconds, Stopping threads took: 0.0000217 seconds
240.805: [GC (Allocation Failure)  419181K->102557K(1033728K), 0.0040165 secs]
240.810: Total time for which application threads were stopped: 0.0041739 seconds, Stopping threads took: 0.0000169 seconds
240.877: [GC (Allocation Failure)  423069K->109450K(1029120K), 0.0067062 secs]
240.884: Total time for which application threads were stopped: 0.0068561 seconds, Stopping threads took: 0.0000166 seconds
240.951: [GC (Allocation Failure)  424842K->103341K(1031680K), 0.0040526 secs]
240.955: Total time for which application threads were stopped: 0.0042152 seconds, Stopping threads took: 0.0000197 seconds
241.022: [GC (Allocation Failure)  418733K->103181K(1032704K), 0.0039496 secs]
241.026: Total time for which application threads were stopped: 0.0041071 seconds, Stopping threads took: 0.0000197 seconds
241.090: [GC (Allocation Failure)  420109K->106597K(1032192K), 0.0045557 secs]
241.095: Total time for which application threads were stopped: 0.0047231 seconds, Stopping threads took: 0.0000253 seconds
241.161: [GC (Allocation Failure)  423525K->111335K(1033216K), 0.0039595 secs]
241.166: Total time for which application threads were stopped: 0.0041380 seconds, Stopping threads took: 0.0000194 seconds
241.235: [GC (Allocation Failure)  429287K->111207K(1032704K), 0.0040455 secs]
241.239: Total time for which application threads were stopped: 0.0042163 seconds, Stopping threads took: 0.0000200 seconds
241.306: [GC (Allocation Failure)  429159K->112263K(1033216K), 0.0040357 secs]
241.310: Total time for which application threads were stopped: 0.0042141 seconds, Stopping threads took: 0.0000249 seconds
241.377: [GC (Allocation Failure)  430727K->119273K(1033216K), 0.0040242 secs]
241.381: Total time for which application threads were stopped: 0.0041932 seconds, Stopping threads took: 0.0000268 seconds
241.450: [GC (Allocation Failure)  437737K->119241K(1033728K), 0.0039399 secs]
241.454: Total time for which application threads were stopped: 0.0041357 seconds, Stopping threads took: 0.0000206 seconds
241.520: [GC (Allocation Failure)  438217K->120905K(1033216K), 0.0041325 secs]
241.525: Total time for which application threads were stopped: 0.0043012 seconds, Stopping threads took: 0.0000193 seconds
241.593: [GC (Allocation Failure)  439881K->127339K(1033728K), 0.0037970 secs]
241.597: Total time for which application threads were stopped: 0.0039724 seconds, Stopping threads took: 0.0000268 seconds
241.664: [GC (Allocation Failure)  446827K->127275K(1033728K), 0.0047335 secs]
241.668: Total time for which application threads were stopped: 0.0048963 seconds, Stopping threads took: 0.0000202 seconds
241.734: [GC (Allocation Failure)  446763K->127627K(1033728K), 0.0038866 secs]
241.738: Total time for which application threads were stopped: 0.0040808 seconds, Stopping threads took: 0.0000198 seconds
241.807: [GC (Allocation Failure)  447115K->135342K(1033728K), 0.0038895 secs]
241.811: Total time for which application threads were stopped: 0.0040420 seconds, Stopping threads took: 0.0000172 seconds
241.879: [GC (Allocation Failure)  454830K->135310K(1033728K), 0.0038475 secs]
241.883: Total time for which application threads were stopped: 0.0040302 seconds, Stopping threads took: 0.0000205 seconds
241.950: [GC (Allocation Failure)  454798K->138926K(1033728K), 0.0046859 secs]
241.955: Total time for which application threads were stopped: 0.0048613 seconds, Stopping threads took: 0.0000199 seconds
242.022: [GC (Allocation Failure)  458414K->143440K(1034240K), 0.0039382 secs]
242.026: Total time for which application threads were stopped: 0.0040990 seconds, Stopping threads took: 0.0000201 seconds
242.093: [GC (Allocation Failure)  463952K->143312K(1034240K), 0.0065013 secs]
242.100: Total time for which application threads were stopped: 0.0066666 seconds, Stopping threads took: 0.0000256 seconds
242.166: [GC (Allocation Failure)  463824K->144072K(1034240K), 0.0038989 secs]
242.170: Total time for which application threads were stopped: 0.0040598 seconds, Stopping threads took: 0.0000192 seconds
242.238: [GC (Allocation Failure)  464584K->151402K(1034240K), 0.0039907 secs]
242.242: Total time for which application threads were stopped: 0.0041539 seconds, Stopping threads took: 0.0000202 seconds
242.311: [GC (Allocation Failure)  471914K->151370K(1034240K), 0.0038509 secs]
242.315: Total time for which application threads were stopped: 0.0040148 seconds, Stopping threads took: 0.0000203 seconds
242.383: [GC (Allocation Failure)  471882K->152290K(1034240K), 0.0049418 secs]
242.388: Total time for which application threads were stopped: 0.0051164 seconds, Stopping threads took: 0.0000178 seconds
242.456: [GC (Allocation Failure)  472802K->159428K(1034240K), 0.0040364 secs]
242.461: Total time for which application threads were stopped: 0.0041993 seconds, Stopping threads took: 0.0000204 seconds
242.528: [GC (Allocation Failure)  479940K->159428K(1034240K), 0.0039914 secs]
242.532: Total time for which application threads were stopped: 0.0041611 seconds, Stopping threads took: 0.0000194 seconds
242.603: [GC (Allocation Failure)  479940K->160588K(1034240K), 0.0041769 secs]
242.607: Total time for which application threads were stopped: 0.0043571 seconds, Stopping threads took: 0.0000278 seconds
242.675: [GC (Allocation Failure)  481100K->167471K(1034240K), 0.0041516 secs]
242.679: Total time for which application threads were stopped: 0.0043474 seconds, Stopping threads took: 0.0000200 seconds
242.749: [GC (Allocation Failure)  487983K->167471K(1034240K), 0.0039988 secs]
242.753: Total time for which application threads were stopped: 0.0041469 seconds, Stopping threads took: 0.0000173 seconds
242.821: [GC (Allocation Failure)  487983K->167751K(1020416K), 0.0041625 secs]
242.825: Total time for which application threads were stopped: 0.0043337 seconds, Stopping threads took: 0.0000192 seconds
242.894: [GC (Allocation Failure)  488263K->175497K(1033728K), 0.0040434 secs]
242.899: Total time for which application threads were stopped: 0.0042143 seconds, Stopping threads took: 0.0000203 seconds
242.965: [GC (Allocation Failure)  494985K->175497K(1033728K), 0.0039946 secs]
242.969: Total time for which application threads were stopped: 0.0041695 seconds, Stopping threads took: 0.0000204 seconds
243.035: [GC (Allocation Failure)  494985K->176009K(1033728K), 0.0064846 secs]
243.042: Total time for which application threads were stopped: 0.0066590 seconds, Stopping threads took: 0.0000212 seconds
243.109: [GC (Allocation Failure)  495497K->183595K(1033728K), 0.0039293 secs]
243.113: Total time for which application threads were stopped: 0.0040944 seconds, Stopping threads took: 0.0000255 seconds
243.180: [GC (Allocation Failure)  503083K->183499K(1033728K), 0.0040105 secs]
243.184: Total time for which application threads were stopped: 0.0041741 seconds, Stopping threads took: 0.0000198 seconds
243.250: [GC (Allocation Failure)  502987K->184267K(1033728K), 0.0041077 secs]
243.254: Total time for which application threads were stopped: 0.0042768 seconds, Stopping threads took: 0.0000203 seconds
243.321: [GC (Allocation Failure)  503755K->191533K(1033728K), 0.0054163 secs]
243.327: Total time for which application threads were stopped: 0.0055770 seconds, Stopping threads took: 0.0000198 seconds
243.395: [GC (Allocation Failure)  511021K->191565K(1033728K), 0.0038580 secs]
243.399: Total time for which application threads were stopped: 0.0040274 seconds, Stopping threads took: 0.0000225 seconds
243.465: [GC (Allocation Failure)  511053K->193541K(1033728K), 0.0043391 secs]
243.470: Total time for which application threads were stopped: 0.0045213 seconds, Stopping threads took: 0.0000195 seconds
243.537: [GC (Allocation Failure)  513029K->199528K(1033728K), 0.0040123 secs]
243.541: Total time for which application threads were stopped: 0.0041871 seconds, Stopping threads took: 0.0000196 seconds
243.608: [GC (Allocation Failure)  519016K->199560K(1033728K), 0.0039612 secs]
243.612: Total time for which application threads were stopped: 0.0041281 seconds, Stopping threads took: 0.0000260 seconds
243.678: [GC (Allocation Failure)  519048K->200712K(1033728K), 0.0040236 secs]
243.682: Total time for which application threads were stopped: 0.0041893 seconds, Stopping threads took: 0.0000205 seconds
243.750: [GC (Allocation Failure)  520200K->207594K(1033728K), 0.0041384 secs]
243.754: Total time for which application threads were stopped: 0.0043354 seconds, Stopping threads took: 0.0000202 seconds
243.823: [GC (Allocation Failure)  527082K->207562K(1033728K), 0.0046173 secs]
243.827: Total time for which application threads were stopped: 0.0047668 seconds, Stopping threads took: 0.0000202 seconds
243.895: [GC (Allocation Failure)  527050K->207946K(1033728K), 0.0041052 secs]
243.899: Total time for which application threads were stopped: 0.0042675 seconds, Stopping threads took: 0.0000202 seconds
243.967: [GC (Allocation Failure)  527434K->215660K(1033728K), 0.0040140 secs]
243.971: Total time for which application threads were stopped: 0.0041867 seconds, Stopping threads took: 0.0000192 seconds
244.038: [GC (Allocation Failure)  535148K->215628K(1033728K), 0.0042897 secs]
244.043: Total time for which application threads were stopped: 0.0044701 seconds, Stopping threads took: 0.0000202 seconds
244.109: [GC (Allocation Failure)  535116K->216140K(1033728K), 0.0048679 secs]
244.114: Total time for which application threads were stopped: 0.0050477 seconds, Stopping threads took: 0.0000261 seconds
244.181: [GC (Allocation Failure)  535628K->223694K(1033728K), 0.0040083 secs]
244.185: Total time for which application threads were stopped: 0.0042557 seconds, Stopping threads took: 0.0000571 seconds
244.254: [GC (Allocation Failure)  543182K->223662K(1033728K), 0.0042415 secs]
244.258: Total time for which application threads were stopped: 0.0044004 seconds, Stopping threads took: 0.0000173 seconds
244.324: [GC (Allocation Failure)  543150K->224398K(1033728K), 0.0042887 secs]
244.328: Total time for which application threads were stopped: 0.0044567 seconds, Stopping threads took: 0.0000201 seconds
244.397: [GC (Allocation Failure)  543886K->231697K(1033728K), 0.0039891 secs]
244.401: Total time for which application threads were stopped: 0.0041755 seconds, Stopping threads took: 0.0000143 seconds
244.467: [GC (Allocation Failure)  551185K->231665K(1033728K), 0.0041746 secs]
244.472: Total time for which application threads were stopped: 0.0043462 seconds, Stopping threads took: 0.0000196 seconds
244.538: [GC (Allocation Failure)  551153K->232625K(1033728K), 0.0054351 secs]
244.543: Total time for which application threads were stopped: 0.0056301 seconds, Stopping threads took: 0.0000203 seconds
244.614: [GC (Allocation Failure)  552113K->239731K(1033728K), 0.0040821 secs]
244.618: Total time for which application threads were stopped: 0.0042877 seconds, Stopping threads took: 0.0000278 seconds
244.686: [GC (Allocation Failure)  559219K->239731K(1033728K), 0.0041468 secs]
244.691: Total time for which application threads were stopped: 0.0043087 seconds, Stopping threads took: 0.0000196 seconds
244.756: [GC (Allocation Failure)  559219K->239851K(1033728K), 0.0041617 secs]
244.761: Total time for which application threads were stopped: 0.0043422 seconds, Stopping threads took: 0.0000286 seconds
244.830: [GC (Allocation Failure)  559339K->247757K(1027072K), 0.0040709 secs]
244.834: Total time for which application threads were stopped: 0.0042401 seconds, Stopping threads took: 0.0000198 seconds
244.901: [GC (Allocation Failure)  567245K->247757K(1033728K), 0.0041428 secs]
244.905: Total time for which application threads were stopped: 0.0043203 seconds, Stopping threads took: 0.0000216 seconds
244.972: [GC (Allocation Failure)  566733K->248581K(1033216K), 0.0043712 secs]
244.976: Total time for which application threads were stopped: 0.0045542 seconds, Stopping threads took: 0.0000225 seconds
245.044: [GC (Allocation Failure)  567557K->255784K(1032704K), 0.0041695 secs]
245.048: Total time for which application threads were stopped: 0.0043327 seconds, Stopping threads took: 0.0000206 seconds
245.113: [GC (Allocation Failure)  574248K->255816K(1033216K), 0.0042511 secs]
245.117: Total time for which application threads were stopped: 0.0044134 seconds, Stopping threads took: 0.0000197 seconds
245.183: [GC (Allocation Failure)  574280K->256296K(1032704K), 0.0042009 secs]
245.187: Total time for which application threads were stopped: 0.0043611 seconds, Stopping threads took: 0.0000202 seconds
245.254: [GC (Allocation Failure)  574760K->263818K(1033216K), 0.0042714 secs]
245.259: Total time for which application threads were stopped: 0.0044332 seconds, Stopping threads took: 0.0000201 seconds
245.324: [GC (Allocation Failure)  582282K->263818K(1033216K), 0.0043141 secs]
245.329: Total time for which application threads were stopped: 0.0045197 seconds, Stopping threads took: 0.0000273 seconds
245.396: [GC (Allocation Failure)  582282K->264002K(1033216K), 0.0070201 secs]
245.403: Total time for which application threads were stopped: 0.0072026 seconds, Stopping threads took: 0.0000220 seconds
245.470: [GC (Allocation Failure)  582466K->271876K(1033216K), 0.0040634 secs]
245.475: Total time for which application threads were stopped: 0.0042141 seconds, Stopping threads took: 0.0000175 seconds
245.540: [GC (Allocation Failure)  590340K->271844K(1033216K), 0.0040298 secs]
245.544: Total time for which application threads were stopped: 0.0042217 seconds, Stopping threads took: 0.0000206 seconds
245.609: [GC (Allocation Failure)  590308K->272004K(1033216K), 0.0043393 secs]
245.614: Total time for which application threads were stopped: 0.0045199 seconds, Stopping threads took: 0.0000285 seconds
245.681: [GC (Allocation Failure)  590468K->279910K(1033216K), 0.0042952 secs]
245.685: Total time for which application threads were stopped: 0.0044661 seconds, Stopping threads took: 0.0000202 seconds
245.753: [GC (Allocation Failure)  598374K->279878K(1033216K), 0.0040028 secs]
245.757: Total time for which application threads were stopped: 0.0041631 seconds, Stopping threads took: 0.0000205 seconds
245.824: [GC (Allocation Failure)  598342K->279942K(1033216K), 0.0042477 secs]
245.829: Total time for which application threads were stopped: 0.0044160 seconds, Stopping threads took: 0.0000278 seconds
245.897: [GC (Allocation Failure)  598406K->287945K(1033216K), 0.0042413 secs]
245.901: Total time for which application threads were stopped: 0.0044055 seconds, Stopping threads took: 0.0000205 seconds
245.966: [GC (Allocation Failure)  606409K->287913K(1033216K), 0.0041868 secs]
245.970: Total time for which application threads were stopped: 0.0043822 seconds, Stopping threads took: 0.0000202 seconds
246.039: [GC (Allocation Failure)  606377K->288233K(1033216K), 0.0044069 secs]
246.043: Total time for which application threads were stopped: 0.0045696 seconds, Stopping threads took: 0.0000178 seconds
246.112: [GC (Allocation Failure)  606697K->295947K(1033216K), 0.0042546 secs]
246.116: Total time for which application threads were stopped: 0.0044225 seconds, Stopping threads took: 0.0000252 seconds
246.182: [GC (Allocation Failure)  614411K->295947K(1033216K), 0.0040069 secs]
246.186: Total time for which application threads were stopped: 0.0041826 seconds, Stopping threads took: 0.0000268 seconds
246.251: [GC (Allocation Failure)  614411K->296203K(1033216K), 0.0065566 secs]
246.258: Total time for which application threads were stopped: 0.0067395 seconds, Stopping threads took: 0.0000202 seconds
246.326: [GC (Allocation Failure)  614667K->304013K(1033216K), 0.0041983 secs]
246.330: Total time for which application threads were stopped: 0.0043785 seconds, Stopping threads took: 0.0000229 seconds
246.397: [GC (Allocation Failure)  622477K->300107K(1033216K), 0.0032016 secs]
246.400: Total time for which application threads were stopped: 0.0033339 seconds, Stopping threads took: 0.0000140 seconds
246.467: [GC (Allocation Failure)  618571K->304141K(1034752K), 0.0042776 secs]
246.471: Total time for which application threads were stopped: 0.0044292 seconds, Stopping threads took: 0.0000178 seconds
246.538: [GC (Allocation Failure)  624653K->308109K(1033728K), 0.0043520 secs]
246.543: Total time for which application threads were stopped: 0.0045264 seconds, Stopping threads took: 0.0000262 seconds
246.610: [GC (Allocation Failure)  628621K->300267K(1034240K), 0.0012398 secs]
246.611: Total time for which application threads were stopped: 0.0013647 seconds, Stopping threads took: 0.0000199 seconds
246.678: [GC (Allocation Failure)  620779K->308181K(1034240K), 0.0043386 secs]
246.683: Total time for which application threads were stopped: 0.0045225 seconds, Stopping threads took: 0.0000195 seconds
246.749: [GC (Allocation Failure)  628693K->312293K(1033216K), 0.0055100 secs]
246.755: Total time for which application threads were stopped: 0.0056853 seconds, Stopping threads took: 0.0000200 seconds
246.821: [GC (Allocation Failure)  631781K->317987K(1032704K), 0.0067053 secs]
246.828: Total time for which application threads were stopped: 0.0068767 seconds, Stopping threads took: 0.0000195 seconds
246.897: [GC (Allocation Failure)  637475K->312485K(1031680K), 0.0044935 secs]
246.902: Total time for which application threads were stopped: 0.0046822 seconds, Stopping threads took: 0.0000279 seconds
246.968: [GC (Allocation Failure)  628901K->312261K(1032192K), 0.0043833 secs]
246.973: Total time for which application threads were stopped: 0.0046919 seconds, Stopping threads took: 0.0000194 seconds
247.039: [GC (Allocation Failure)  628677K->306947K(1032704K), 0.0022430 secs]
247.042: Total time for which application threads were stopped: 0.0024057 seconds, Stopping threads took: 0.0000192 seconds
247.109: [GC (Allocation Failure)  624387K->312453K(1032704K), 0.0043079 secs]
247.114: Total time for which application threads were stopped: 0.0044861 seconds, Stopping threads took: 0.0000277 seconds
247.181: [GC (Allocation Failure)  629893K->312293K(1033216K), 0.0042745 secs]
247.186: Total time for which application threads were stopped: 0.0044367 seconds, Stopping threads took: 0.0000193 seconds
247.252: [GC (Allocation Failure)  630757K->313093K(1033216K), 0.0044369 secs]
247.257: Total time for which application threads were stopped: 0.0046030 seconds, Stopping threads took: 0.0000206 seconds
247.323: [GC (Allocation Failure)  631557K->320455K(1033216K), 0.0042798 secs]
247.328: Total time for which application threads were stopped: 0.0044461 seconds, Stopping threads took: 0.0000200 seconds
247.396: [GC (Allocation Failure)  638919K->320295K(1033216K), 0.0040072 secs]
247.400: Total time for which application threads were stopped: 0.0041857 seconds, Stopping threads took: 0.0000140 seconds
247.468: [GC (Allocation Failure)  638759K->321351K(1033216K), 0.0043369 secs]
247.473: Total time for which application threads were stopped: 0.0045228 seconds, Stopping threads took: 0.0000175 seconds
247.541: [GC (Allocation Failure)  639815K->328426K(1033216K), 0.0043723 secs]
247.546: Total time for which application threads were stopped: 0.0045590 seconds, Stopping threads took: 0.0000202 seconds
247.612: [GC (Allocation Failure)  646890K->328330K(1033728K), 0.0044835 secs]
247.617: Total time for which application threads were stopped: 0.0046604 seconds, Stopping threads took: 0.0000260 seconds
247.681: [GC (Allocation Failure)  647306K->330122K(1033216K), 0.0045140 secs]
247.686: Total time for which application threads were stopped: 0.0046746 seconds, Stopping threads took: 0.0000196 seconds
247.754: [GC (Allocation Failure)  649098K->336396K(1033728K), 0.0044166 secs]
247.758: Total time for which application threads were stopped: 0.0045974 seconds, Stopping threads took: 0.0000272 seconds
247.825: [GC (Allocation Failure)  655884K->336396K(1033728K), 0.0043572 secs]
247.830: Total time for which application threads were stopped: 0.0045277 seconds, Stopping threads took: 0.0000195 seconds
247.894: [GC (Allocation Failure)  655884K->336804K(1033728K), 0.0041894 secs]
247.898: Total time for which application threads were stopped: 0.0043875 seconds, Stopping threads took: 0.0000198 seconds
247.968: [GC (Allocation Failure)  656292K->344454K(1033728K), 0.0041592 secs]
247.973: Total time for which application threads were stopped: 0.0043121 seconds, Stopping threads took: 0.0000176 seconds
248.038: [GC (Allocation Failure)  663942K->344390K(1033728K), 0.0041598 secs]
248.043: Total time for which application threads were stopped: 0.0043205 seconds, Stopping threads took: 0.0000193 seconds
248.110: [GC (Allocation Failure)  663878K->344518K(1033728K), 0.0042869 secs]
248.114: Total time for which application threads were stopped: 0.0044568 seconds, Stopping threads took: 0.0000262 seconds
248.182: [GC (Allocation Failure)  664006K->352488K(1033728K), 0.0043975 secs]
248.187: Total time for which application threads were stopped: 0.0045811 seconds, Stopping threads took: 0.0000207 seconds
248.253: [GC (Allocation Failure)  671976K->352392K(1033728K), 0.0045987 secs]
248.258: Total time for which application threads were stopped: 0.0047959 seconds, Stopping threads took: 0.0000261 seconds
248.327: [GC (Allocation Failure)  671880K->353256K(1033728K), 0.0043022 secs]
248.331: Total time for which application threads were stopped: 0.0044740 seconds, Stopping threads took: 0.0000219 seconds
248.401: [GC (Allocation Failure)  672744K->360523K(1033728K), 0.0042502 secs]
248.405: Total time for which application threads were stopped: 0.0044048 seconds, Stopping threads took: 0.0000142 seconds
248.472: [GC (Allocation Failure)  680011K->360459K(1033728K), 0.0043956 secs]
248.477: Total time for which application threads were stopped: 0.0045577 seconds, Stopping threads took: 0.0000199 seconds
248.543: [GC (Allocation Failure)  679947K->362539K(1033728K), 0.0047836 secs]
248.548: Total time for which application threads were stopped: 0.0049530 seconds, Stopping threads took: 0.0000198 seconds
248.616: [GC (Allocation Failure)  682027K->368525K(1033728K), 0.0043485 secs]
248.621: Total time for which application threads were stopped: 0.0045195 seconds, Stopping threads took: 0.0000201 seconds
248.687: [GC (Allocation Failure)  688013K->368493K(1033728K), 0.0044656 secs]
248.691: Total time for which application threads were stopped: 0.0046340 seconds, Stopping threads took: 0.0000199 seconds
248.758: [GC (Allocation Failure)  687981K->369701K(1033728K), 0.0045409 secs]
248.763: Total time for which application threads were stopped: 0.0047247 seconds, Stopping threads took: 0.0000206 seconds
248.830: [GC (Allocation Failure)  689189K->376583K(1033728K), 0.0043836 secs]
248.835: Total time for which application threads were stopped: 0.0045591 seconds, Stopping threads took: 0.0000248 seconds
248.903: [GC (Allocation Failure)  696071K->376519K(1033728K), 0.0044401 secs]
248.907: Total time for which application threads were stopped: 0.0045901 seconds, Stopping threads took: 0.0000168 seconds
248.975: [GC (Allocation Failure)  696007K->376935K(1033728K), 0.0045409 secs]
248.980: Total time for which application threads were stopped: 0.0047207 seconds, Stopping threads took: 0.0000193 seconds
249.048: [GC (Allocation Failure)  696423K->384618K(1033728K), 0.0043809 secs]
249.052: Total time for which application threads were stopped: 0.0045660 seconds, Stopping threads took: 0.0000216 seconds
249.119: [GC (Allocation Failure)  704106K->384554K(1033728K), 0.0045101 secs]
249.123: Total time for which application threads were stopped: 0.0046882 seconds, Stopping threads took: 0.0000277 seconds
249.190: [GC (Allocation Failure)  704042K->384618K(1033728K), 0.0043019 secs]
249.194: Total time for which application threads were stopped: 0.0044865 seconds, Stopping threads took: 0.0000203 seconds
249.260: [GC (Allocation Failure)  704106K->392652K(1033728K), 0.0044144 secs]
249.264: Total time for which application threads were stopped: 0.0045722 seconds, Stopping threads took: 0.0000193 seconds
249.332: [GC (Allocation Failure)  712140K->392620K(1033728K), 0.0042456 secs]
249.336: Total time for which application threads were stopped: 0.0044525 seconds, Stopping threads took: 0.0000519 seconds
249.404: [GC (Allocation Failure)  712108K->393420K(1033728K), 0.0045546 secs]
249.409: Total time for which application threads were stopped: 0.0047230 seconds, Stopping threads took: 0.0000196 seconds
249.476: [GC (Allocation Failure)  712908K->400686K(1033728K), 0.0044408 secs]
249.481: Total time for which application threads were stopped: 0.0046038 seconds, Stopping threads took: 0.0000195 seconds
249.548: [GC (Allocation Failure)  720174K->400622K(1033728K), 0.0044901 secs]
249.552: Total time for which application threads were stopped: 0.0046893 seconds, Stopping threads took: 0.0000202 seconds
249.621: [GC (Allocation Failure)  720110K->401638K(1033728K), 0.0044818 secs]
249.625: Total time for which application threads were stopped: 0.0046823 seconds, Stopping threads took: 0.0000275 seconds
249.694: [GC (Allocation Failure)  721126K->408680K(1033728K), 0.0042332 secs]
249.698: Total time for which application threads were stopped: 0.0044015 seconds, Stopping threads took: 0.0000174 seconds
249.766: [GC (Allocation Failure)  728168K->408680K(1033728K), 0.0043717 secs]
249.770: Total time for which application threads were stopped: 0.0045421 seconds, Stopping threads took: 0.0000197 seconds
249.839: [GC (Allocation Failure)  728168K->408872K(1019392K), 0.0045464 secs]
249.843: Total time for which application threads were stopped: 0.0047138 seconds, Stopping threads took: 0.0000202 seconds
249.910: [GC (Allocation Failure)  728360K->416715K(1033216K), 0.0045937 secs]
249.915: Total time for which application threads were stopped: 0.0047529 seconds, Stopping threads took: 0.0000197 seconds
249.982: [GC (Allocation Failure)  735179K->416715K(1033216K), 0.0064286 secs]
249.989: Total time for which application threads were stopped: 0.0066105 seconds, Stopping threads took: 0.0000397 seconds
250.055: [GC (Allocation Failure)  735179K->417107K(1033216K), 0.0060032 secs]
250.061: Total time for which application threads were stopped: 0.0061739 seconds, Stopping threads took: 0.0000200 seconds
250.129: [GC (Allocation Failure)  735571K->424757K(1033216K), 0.0043857 secs]
250.134: Total time for which application threads were stopped: 0.0045526 seconds, Stopping threads took: 0.0000277 seconds
250.199: [GC (Allocation Failure)  743221K->424757K(1033216K), 0.0044532 secs]
250.203: Total time for which application threads were stopped: 0.0046156 seconds, Stopping threads took: 0.0000194 seconds
250.268: [GC (Allocation Failure)  743221K->425325K(1033216K), 0.0045069 secs]
250.272: Total time for which application threads were stopped: 0.0046696 seconds, Stopping threads took: 0.0000206 seconds
250.340: [GC (Allocation Failure)  743789K->432751K(1033216K), 0.0044115 secs]
250.344: Total time for which application threads were stopped: 0.0045836 seconds, Stopping threads took: 0.0000196 seconds
250.411: [GC (Allocation Failure)  751215K->432751K(1033216K), 0.0044567 secs]
250.415: Total time for which application threads were stopped: 0.0046165 seconds, Stopping threads took: 0.0000196 seconds
250.479: [GC (Allocation Failure)  751215K->433543K(1033216K), 0.0045297 secs]
250.484: Total time for which application threads were stopped: 0.0047068 seconds, Stopping threads took: 0.0000196 seconds
250.549: [GC (Allocation Failure)  752007K->440777K(1033216K), 0.0045679 secs]
250.554: Total time for which application threads were stopped: 0.0047309 seconds, Stopping threads took: 0.0000199 seconds
250.622: [GC (Allocation Failure)  759241K->440777K(1033216K), 0.0043537 secs]
250.626: Total time for which application threads were stopped: 0.0045243 seconds, Stopping threads took: 0.0000281 seconds
250.690: [GC (Allocation Failure)  759241K->440841K(1033216K), 0.0045011 secs]
250.695: Total time for which application threads were stopped: 0.0046557 seconds, Stopping threads took: 0.0000190 seconds
250.762: [GC (Allocation Failure)  759305K->448812K(1033216K), 0.0045749 secs]
250.767: Total time for which application threads were stopped: 0.0047330 seconds, Stopping threads took: 0.0000195 seconds
250.834: [GC (Allocation Failure)  767276K->448844K(1033216K), 0.0045486 secs]
250.838: Total time for which application threads were stopped: 0.0047387 seconds, Stopping threads took: 0.0000320 seconds
250.905: [GC (Allocation Failure)  767308K->449004K(1033216K), 0.0045764 secs]
250.910: Total time for which application threads were stopped: 0.0047252 seconds, Stopping threads took: 0.0000169 seconds
250.977: [GC (Allocation Failure)  767468K->456878K(1033216K), 0.0046704 secs]
250.982: Total time for which application threads were stopped: 0.0048607 seconds, Stopping threads took: 0.0000224 seconds
251.049: [GC (Allocation Failure)  775342K->456846K(1033216K), 0.0046781 secs]
251.054: Total time for which application threads were stopped: 0.0048492 seconds, Stopping threads took: 0.0000201 seconds
251.119: [GC (Allocation Failure)  775310K->457198K(1033216K), 0.0046441 secs]
251.124: Total time for which application threads were stopped: 0.0048122 seconds, Stopping threads took: 0.0000267 seconds
251.192: [GC (Allocation Failure)  775662K->464880K(1033216K), 0.0044149 secs]
251.196: Total time for which application threads were stopped: 0.0046087 seconds, Stopping threads took: 0.0000204 seconds
251.264: [GC (Allocation Failure)  783344K->464880K(1033216K), 0.0043915 secs]
251.268: Total time for which application threads were stopped: 0.0045615 seconds, Stopping threads took: 0.0000200 seconds
251.333: [GC (Allocation Failure)  783344K->464936K(1033216K), 0.0044580 secs]
251.337: Total time for which application threads were stopped: 0.0046413 seconds, Stopping threads took: 0.0000203 seconds
251.403: [GC (Allocation Failure)  783400K->472938K(1033216K), 0.0044449 secs]
251.408: Total time for which application threads were stopped: 0.0046189 seconds, Stopping threads took: 0.0000194 seconds
251.476: [GC (Allocation Failure)  791402K->472938K(1033216K), 0.0045402 secs]
251.481: Total time for which application threads were stopped: 0.0046978 seconds, Stopping threads took: 0.0000174 seconds
251.545: [GC (Allocation Failure)  791402K->473162K(1033216K), 0.0045925 secs]
251.550: Total time for which application threads were stopped: 0.0047883 seconds, Stopping threads took: 0.0000194 seconds
251.619: [GC (Allocation Failure)  791626K->480973K(1033216K), 0.0044871 secs]
251.623: Total time for which application threads were stopped: 0.0046595 seconds, Stopping threads took: 0.0000263 seconds
251.690: [GC (Allocation Failure)  799437K->476330K(1033216K), 0.0031703 secs]
251.693: Total time for which application threads were stopped: 0.0033288 seconds, Stopping threads took: 0.0000172 seconds
251.762: [GC (Allocation Failure)  794794K->481157K(1034752K), 0.0045820 secs]
251.767: Total time for which application threads were stopped: 0.0047564 seconds, Stopping threads took: 0.0000209 seconds
251.836: [GC (Allocation Failure)  801669K->485077K(1033728K), 0.0047022 secs]
251.841: Total time for which application threads were stopped: 0.0048983 seconds, Stopping threads took: 0.0000203 seconds
251.909: [GC (Allocation Failure)  805589K->492938K(1028096K), 0.0079923 secs]
251.917: Total time for which application threads were stopped: 0.0081698 seconds, Stopping threads took: 0.0000271 seconds
251.983: [GC (Allocation Failure)  807306K->486765K(1031168K), 0.0047592 secs]
251.988: Total time for which application threads were stopped: 0.0049326 seconds, Stopping threads took: 0.0000205 seconds
252.054: [GC (Allocation Failure)  801133K->486669K(1032192K), 0.0046450 secs]
252.059: Total time for which application threads were stopped: 0.0048080 seconds, Stopping threads took: 0.0000192 seconds
252.128: [GC (Allocation Failure)  802573K->487949K(1031680K), 0.0045732 secs]
252.132: Total time for which application threads were stopped: 0.0047347 seconds, Stopping threads took: 0.0000165 seconds
252.200: [GC (Allocation Failure)  803853K->494735K(1032704K), 0.0045283 secs]
252.205: Total time for which application threads were stopped: 0.0047048 seconds, Stopping threads took: 0.0000190 seconds
252.271: [GC (Allocation Failure)  811663K->494735K(1032192K), 0.0045326 secs]
252.276: Total time for which application threads were stopped: 0.0046997 seconds, Stopping threads took: 0.0000194 seconds
252.340: [GC (Allocation Failure)  811663K->498759K(1033216K), 0.0055629 secs]
252.345: Total time for which application threads were stopped: 0.0057524 seconds, Stopping threads took: 0.0000187 seconds
252.414: [GC (Allocation Failure)  816711K->502761K(1032704K), 0.0043767 secs]
252.419: Total time for which application threads were stopped: 0.0045420 seconds, Stopping threads took: 0.0000198 seconds
252.486: [GC (Allocation Failure)  820713K->502729K(1033728K), 0.0043360 secs]
252.490: Total time for which application threads were stopped: 0.0045021 seconds, Stopping threads took: 0.0000202 seconds
252.555: [GC (Allocation Failure)  822217K->502889K(1033728K), 0.0047618 secs]
252.560: Total time for which application threads were stopped: 0.0049651 seconds, Stopping threads took: 0.0000216 seconds
252.629: [GC (Allocation Failure)  822377K->510828K(1033728K), 0.0043635 secs]
252.634: Total time for which application threads were stopped: 0.0045689 seconds, Stopping threads took: 0.0000256 seconds
252.703: [GC (Allocation Failure)  830316K->510796K(1033728K), 0.0047014 secs]
252.707: Total time for which application threads were stopped: 0.0048740 seconds, Stopping threads took: 0.0000205 seconds
252.772: [GC (Allocation Failure)  830284K->514188K(1034240K), 0.0054160 secs]
252.778: Total time for which application threads were stopped: 0.0056499 seconds, Stopping threads took: 0.0000195 seconds
252.847: [GC (Allocation Failure)  834188K->518798K(1033728K), 0.0047589 secs]
252.852: Total time for which application threads were stopped: 0.0049518 seconds, Stopping threads took: 0.0000190 seconds
252.919: [GC (Allocation Failure)  838798K->518830K(1034240K), 0.0046325 secs]
252.923: Total time for which application threads were stopped: 0.0048180 seconds, Stopping threads took: 0.0000169 seconds
252.992: [GC (Allocation Failure)  839342K->519334K(1034240K), 0.0047496 secs]
252.997: Total time for which application threads were stopped: 0.0049306 seconds, Stopping threads took: 0.0000200 seconds
253.065: [GC (Allocation Failure)  839846K->526920K(1034240K), 0.0046483 secs]
253.070: Total time for which application threads were stopped: 0.0048152 seconds, Stopping threads took: 0.0000205 seconds
253.138: [GC (Allocation Failure)  847432K->526824K(1034240K), 0.0045369 secs]
253.142: Total time for which application threads were stopped: 0.0047153 seconds, Stopping threads took: 0.0000269 seconds
253.209: [GC (Allocation Failure)  847336K->527560K(1034240K), 0.0048725 secs]
253.214: Total time for which application threads were stopped: 0.0050634 seconds, Stopping threads took: 0.0000199 seconds
253.282: [GC (Allocation Failure)  848072K->534890K(1034240K), 0.0048342 secs]
253.287: Total time for which application threads were stopped: 0.0050115 seconds, Stopping threads took: 0.0000215 seconds
253.355: [GC (Allocation Failure)  855402K->534858K(1034240K), 0.0046100 secs]
253.360: Total time for which application threads were stopped: 0.0047858 seconds, Stopping threads took: 0.0000204 seconds
253.428: [GC (Allocation Failure)  855370K->535818K(1020928K), 0.0047819 secs]
253.432: Total time for which application threads were stopped: 0.0049577 seconds, Stopping threads took: 0.0000206 seconds
253.501: [GC (Allocation Failure)  856330K->542893K(1033728K), 0.0049045 secs]
253.506: Total time for which application threads were stopped: 0.0050785 seconds, Stopping threads took: 0.0000201 seconds
253.572: [GC (Allocation Failure)  862381K->542925K(1033728K), 0.0047083 secs]
253.577: Total time for which application threads were stopped: 0.0048740 seconds, Stopping threads took: 0.0000204 seconds
253.644: [GC (Allocation Failure)  862413K->544069K(1034240K), 0.0050131 secs]
253.649: Total time for which application threads were stopped: 0.0051923 seconds, Stopping threads took: 0.0000259 seconds
253.717: [GC (Allocation Failure)  864581K->550951K(1028096K), 0.0046267 secs]
253.722: Total time for which application threads were stopped: 0.0048014 seconds, Stopping threads took: 0.0000206 seconds
253.790: [GC (Allocation Failure)  871463K->550919K(1034240K), 0.0046008 secs]
253.795: Total time for which application threads were stopped: 0.0047727 seconds, Stopping threads took: 0.0000203 seconds
253.861: [GC (Allocation Failure)  870919K->551783K(1033728K), 0.0047984 secs]
253.866: Total time for which application threads were stopped: 0.0049804 seconds, Stopping threads took: 0.0000203 seconds
253.934: [GC (Allocation Failure)  871783K->558985K(1033728K), 0.0056617 secs]
253.940: Total time for which application threads were stopped: 0.0058447 seconds, Stopping threads took: 0.0000212 seconds
254.009: [GC (Allocation Failure)  878473K->558985K(1033728K), 0.0047299 secs]
254.014: Total time for which application threads were stopped: 0.0049025 seconds, Stopping threads took: 0.0000219 seconds
254.081: [GC (Allocation Failure)  878473K->559497K(1033728K), 0.0049743 secs]
254.086: Total time for which application threads were stopped: 0.0051632 seconds, Stopping threads took: 0.0000215 seconds
254.155: [GC (Allocation Failure)  878985K->567051K(1033728K), 0.0047684 secs]
254.160: Total time for which application threads were stopped: 0.0049456 seconds, Stopping threads took: 0.0000293 seconds
254.226: [GC (Allocation Failure)  886539K->567019K(1033728K), 0.0048162 secs]
254.231: Total time for which application threads were stopped: 0.0049798 seconds, Stopping threads took: 0.0000196 seconds
254.300: [GC (Allocation Failure)  886507K->568779K(1033728K), 0.0049901 secs]
254.305: Total time for which application threads were stopped: 0.0051664 seconds, Stopping threads took: 0.0000202 seconds
254.373: [GC (Allocation Failure)  888267K->575086K(1033728K), 0.0062082 secs]
254.379: Total time for which application threads were stopped: 0.0063756 seconds, Stopping threads took: 0.0000284 seconds
254.447: [GC (Allocation Failure)  894574K->575022K(1033728K), 0.0047126 secs]
254.452: Total time for which application threads were stopped: 0.0048838 seconds, Stopping threads took: 0.0000193 seconds
254.518: [GC (Allocation Failure)  894510K->575950K(1033728K), 0.0048685 secs]
254.523: Total time for which application threads were stopped: 0.0050306 seconds, Stopping threads took: 0.0000203 seconds
254.591: [GC (Allocation Failure)  895438K->583120K(1033728K), 0.0047039 secs]
254.595: Total time for which application threads were stopped: 0.0048726 seconds, Stopping threads took: 0.0000188 seconds
254.663: [GC (Allocation Failure)  902608K->583088K(1033728K), 0.0046689 secs]
254.668: Total time for which application threads were stopped: 0.0048519 seconds, Stopping threads took: 0.0000206 seconds
254.734: [GC (Allocation Failure)  902576K->583176K(1033728K), 0.0048821 secs]
254.739: Total time for which application threads were stopped: 0.0050569 seconds, Stopping threads took: 0.0000222 seconds
254.806: [GC (Allocation Failure)  902664K->591114K(1033728K), 0.0047801 secs]
254.811: Total time for which application threads were stopped: 0.0049523 seconds, Stopping threads took: 0.0000203 seconds
254.877: [GC (Allocation Failure)  910602K->591082K(1033728K), 0.0048789 secs]
254.882: Total time for which application threads were stopped: 0.0050580 seconds, Stopping threads took: 0.0000201 seconds
254.949: [GC (Allocation Failure)  910570K->591402K(1033728K), 0.0048753 secs]
254.954: Total time for which application threads were stopped: 0.0050299 seconds, Stopping threads took: 0.0000173 seconds
255.022: [GC (Allocation Failure)  910890K->599148K(1033728K), 0.0049858 secs]
255.027: Total time for which application threads were stopped: 0.0051490 seconds, Stopping threads took: 0.0000201 seconds
255.093: [GC (Allocation Failure)  918636K->599084K(1033728K), 0.0065349 secs]
255.099: Total time for which application threads were stopped: 0.0067188 seconds, Stopping threads took: 0.0000205 seconds
255.167: [GC (Allocation Failure)  918572K->599628K(1033728K), 0.0047533 secs]
255.172: Total time for which application threads were stopped: 0.0049269 seconds, Stopping threads took: 0.0000216 seconds
255.237: [GC (Allocation Failure)  919116K->607151K(1032704K), 0.0048180 secs]
255.242: Total time for which application threads were stopped: 0.0049889 seconds, Stopping threads took: 0.0000194 seconds
255.309: [GC (Allocation Failure)  925615K->607151K(1033216K), 0.0047621 secs]
255.314: Total time for which application threads were stopped: 0.0049578 seconds, Stopping threads took: 0.0000201 seconds
255.380: [GC (Allocation Failure)  925615K->607847K(1033728K), 0.0048281 secs]
255.385: Total time for which application threads were stopped: 0.0050238 seconds, Stopping threads took: 0.0000237 seconds
255.454: [GC (Allocation Failure)  927335K->615209K(1027072K), 0.0047432 secs]
255.459: Total time for which application threads were stopped: 0.0049032 seconds, Stopping threads took: 0.0000193 seconds
255.526: [GC (Allocation Failure)  934697K->615177K(1033216K), 0.0047409 secs]
255.531: Total time for which application threads were stopped: 0.0049130 seconds, Stopping threads took: 0.0000203 seconds
255.598: [GC (Allocation Failure)  933641K->616105K(1033216K), 0.0048504 secs]
255.602: Total time for which application threads were stopped: 0.0050322 seconds, Stopping threads took: 0.0000259 seconds
255.669: [GC (Allocation Failure)  934569K->623243K(1032704K), 0.0049051 secs]
255.674: Total time for which application threads were stopped: 0.0050775 seconds, Stopping threads took: 0.0000250 seconds
255.741: [GC (Allocation Failure)  941707K->623179K(1033216K), 0.0047453 secs]
255.746: Total time for which application threads were stopped: 0.0049068 seconds, Stopping threads took: 0.0000203 seconds
255.810: [GC (Allocation Failure)  941643K->623275K(1032704K), 0.0048863 secs]
255.815: Total time for which application threads were stopped: 0.0050785 seconds, Stopping threads took: 0.0000195 seconds
255.884: [GC (Allocation Failure)  941739K->631278K(1033216K), 0.0047322 secs]
255.889: Total time for which application threads were stopped: 0.0049175 seconds, Stopping threads took: 0.0000174 seconds
255.956: [GC (Allocation Failure)  949742K->631246K(1033216K), 0.0049310 secs]
255.961: Total time for which application threads were stopped: 0.0051258 seconds, Stopping threads took: 0.0000269 seconds
256.029: [GC (Allocation Failure)  949710K->631534K(1033216K), 0.0048440 secs]
256.034: Total time for which application threads were stopped: 0.0050332 seconds, Stopping threads took: 0.0000198 seconds
256.102: [GC (Allocation Failure)  949998K->639312K(1033216K), 0.0049536 secs]
256.107: Total time for which application threads were stopped: 0.0051223 seconds, Stopping threads took: 0.0000271 seconds
256.172: [GC (Allocation Failure)  957776K->639280K(1033216K), 0.0048677 secs]
256.177: Total time for which application threads were stopped: 0.0050422 seconds, Stopping threads took: 0.0000202 seconds
256.242: [GC (Allocation Failure)  957744K->639784K(1033216K), 0.0048540 secs]
256.247: Total time for which application threads were stopped: 0.0050264 seconds, Stopping threads took: 0.0000204 seconds
256.315: [GC (Allocation Failure)  958248K->647338K(1033216K), 0.0047974 secs]
256.320: Total time for which application threads were stopped: 0.0049616 seconds, Stopping threads took: 0.0000196 seconds
256.387: [GC (Allocation Failure)  965802K->647306K(1033216K), 0.0065729 secs]
256.394: Total time for which application threads were stopped: 0.0067324 seconds, Stopping threads took: 0.0000258 seconds
256.459: [GC (Allocation Failure)  965770K->647466K(1033216K), 0.0048142 secs]
256.463: Total time for which application threads were stopped: 0.0049754 seconds, Stopping threads took: 0.0000197 seconds
256.530: [GC (Allocation Failure)  965930K->655308K(1033216K), 0.0049372 secs]
256.535: Total time for which application threads were stopped: 0.0051067 seconds, Stopping threads took: 0.0000192 seconds
256.602: [GC (Allocation Failure)  973772K->655372K(1033216K), 0.0049117 secs]
256.607: Total time for which application threads were stopped: 0.0050817 seconds, Stopping threads took: 0.0000283 seconds
256.672: [GC (Allocation Failure)  973836K->655492K(1033216K), 0.0049303 secs]
256.677: Total time for which application threads were stopped: 0.0051204 seconds, Stopping threads took: 0.0000205 seconds
256.745: [GC (Allocation Failure)  973956K->663399K(1033216K), 0.0050401 secs]
256.750: Total time for which application threads were stopped: 0.0051988 seconds, Stopping threads took: 0.0000169 seconds
256.815: [GC (Allocation Failure)  981863K->663335K(1033216K), 0.0049877 secs]
256.820: Total time for which application threads were stopped: 0.0051844 seconds, Stopping threads took: 0.0000201 seconds
256.888: [GC (Allocation Failure)  981799K->663439K(1033216K), 0.0051624 secs]
256.894: Total time for which application threads were stopped: 0.0053229 seconds, Stopping threads took: 0.0000168 seconds
256.960: [GC (Allocation Failure)  981903K->671409K(1033216K), 0.0048811 secs]
256.965: Total time for which application threads were stopped: 0.0050737 seconds, Stopping threads took: 0.0000197 seconds
257.032: [GC (Allocation Failure)  989873K->667503K(1033216K), 0.0039157 secs]
257.036: Total time for which application threads were stopped: 0.0040838 seconds, Stopping threads took: 0.0000198 seconds
257.103: [GC (Allocation Failure)  985967K->671561K(1034752K), 0.0049656 secs]
257.108: Total time for which application threads were stopped: 0.0051261 seconds, Stopping threads took: 0.0000269 seconds
257.176: [GC (Allocation Failure)  992073K->675529K(1033728K), 0.0050128 secs]
257.181: Total time for which application threads were stopped: 0.0051837 seconds, Stopping threads took: 0.0000205 seconds
257.248: [GC (Allocation Failure)  996041K->667687K(1034240K), 0.0018810 secs]
257.250: Total time for which application threads were stopped: 0.0020201 seconds, Stopping threads took: 0.0000201 seconds
257.319: [GC (Allocation Failure)  988199K->675585K(1034240K), 0.0050120 secs]
257.324: Total time for which application threads were stopped: 0.0051820 seconds, Stopping threads took: 0.0000198 seconds
257.391: [GC (Allocation Failure)  996097K->679625K(1033216K), 0.0093514 secs]
257.400: Total time for which application threads were stopped: 0.0095226 seconds, Stopping threads took: 0.0000259 seconds
257.466: [GC (Allocation Failure)  999113K->685383K(1032704K), 0.0072988 secs]
257.474: Total time for which application threads were stopped: 0.0074601 seconds, Stopping threads took: 0.0000195 seconds
257.541: [GC (Allocation Failure)  1004871K->679881K(1031680K), 0.0049754 secs]
257.546: Total time for which application threads were stopped: 0.0051518 seconds, Stopping threads took: 0.0000203 seconds
257.612: [GC (Allocation Failure)  996297K->679689K(1032192K), 0.0049713 secs]
257.617: Total time for which application threads were stopped: 0.0051578 seconds, Stopping threads took: 0.0000260 seconds
257.685: [GC (Allocation Failure)  996105K->674311K(1032704K), 0.0028427 secs]
257.688: Total time for which application threads were stopped: 0.0030234 seconds, Stopping threads took: 0.0000171 seconds
257.757: [GC (Allocation Failure)  991751K->679817K(1032704K), 0.0050784 secs]
257.762: Total time for which application threads were stopped: 0.0052503 seconds, Stopping threads took: 0.0000193 seconds
257.830: [GC (Allocation Failure)  997257K->679657K(1033216K), 0.0051370 secs]
257.836: Total time for which application threads were stopped: 0.0053051 seconds, Stopping threads took: 0.0000197 seconds
257.902: [GC (Allocation Failure)  997609K->680009K(1032704K), 0.0050331 secs]
257.907: Total time for which application threads were stopped: 0.0051967 seconds, Stopping threads took: 0.0000196 seconds
257.975: [GC (Allocation Failure)  997961K->687819K(1033216K), 0.0049640 secs]
257.980: Total time for which application threads were stopped: 0.0051320 seconds, Stopping threads took: 0.0000209 seconds
258.047: [GC (Allocation Failure)  1006283K->687723K(1033216K), 0.0048251 secs]
258.052: Total time for which application threads were stopped: 0.0049987 seconds, Stopping threads took: 0.0000190 seconds
258.119: [GC (Allocation Failure)  1006187K->691843K(1033728K), 0.0059244 secs]
258.125: [Full GC (Ergonomics)  691843K->12594K(1033728K), 0.0184334 secs]
258.143: Total time for which application threads were stopped: 0.0246399 seconds, Stopping threads took: 0.0000268 seconds
258.211: [GC (Allocation Failure)  331570K->20757K(1033216K), 0.0037664 secs]
258.214: Total time for which application threads were stopped: 0.0039351 seconds, Stopping threads took: 0.0000257 seconds
258.282: [GC (Allocation Failure)  339733K->20717K(1034240K), 0.0038759 secs]
258.286: Total time for which application threads were stopped: 0.0040477 seconds, Stopping threads took: 0.0000199 seconds
258.353: [GC (Allocation Failure)  340717K->23469K(1033728K), 0.0043400 secs]
258.357: Total time for which application threads were stopped: 0.0045096 seconds, Stopping threads took: 0.0000200 seconds
258.425: [GC (Allocation Failure)  343469K->28751K(1034240K), 0.0036381 secs]
258.429: Total time for which application threads were stopped: 0.0037883 seconds, Stopping threads took: 0.0000171 seconds
258.496: [GC (Allocation Failure)  349263K->28719K(1034240K), 0.0036292 secs]
258.500: Total time for which application threads were stopped: 0.0038093 seconds, Stopping threads took: 0.0000201 seconds
258.569: [GC (Allocation Failure)  349231K->29159K(1034240K), 0.0038771 secs]
258.573: Total time for which application threads were stopped: 0.0040394 seconds, Stopping threads took: 0.0000193 seconds
258.641: [GC (Allocation Failure)  349671K->36777K(1034240K), 0.0037938 secs]
258.645: Total time for which application threads were stopped: 0.0039715 seconds, Stopping threads took: 0.0000266 seconds
258.714: [GC (Allocation Failure)  357289K->36713K(1034240K), 0.0036751 secs]
258.718: Total time for which application threads were stopped: 0.0038547 seconds, Stopping threads took: 0.0000204 seconds
258.787: [GC (Allocation Failure)  357225K->39433K(1034240K), 0.0042098 secs]
258.791: Total time for which application threads were stopped: 0.0043810 seconds, Stopping threads took: 0.0000192 seconds
258.859: [GC (Allocation Failure)  359945K->44812K(1034240K), 0.0035895 secs]
258.862: Total time for which application threads were stopped: 0.0037539 seconds, Stopping threads took: 0.0000206 seconds
258.929: [GC (Allocation Failure)  365324K->44780K(1034240K), 0.0037035 secs]
258.933: Total time for which application threads were stopped: 0.0038672 seconds, Stopping threads took: 0.0000202 seconds
259.000: [GC (Allocation Failure)  365292K->45604K(1033728K), 0.0038857 secs]
259.004: Total time for which application threads were stopped: 0.0040760 seconds, Stopping threads took: 0.0000196 seconds
259.073: [GC (Allocation Failure)  366116K->52966K(1034240K), 0.0036677 secs]
259.077: Total time for which application threads were stopped: 0.0038385 seconds, Stopping threads took: 0.0000198 seconds
259.144: [GC (Allocation Failure)  373478K->52838K(1034240K), 0.0038160 secs]
259.148: Total time for which application threads were stopped: 0.0039896 seconds, Stopping threads took: 0.0000284 seconds
259.215: [GC (Allocation Failure)  373350K->55918K(1034240K), 0.0044086 secs]
259.219: Total time for which application threads were stopped: 0.0045930 seconds, Stopping threads took: 0.0000203 seconds
259.287: [GC (Allocation Failure)  376430K->60880K(1034752K), 0.0043651 secs]
259.292: Total time for which application threads were stopped: 0.0045404 seconds, Stopping threads took: 0.0000203 seconds
259.359: [GC (Allocation Failure)  382416K->60880K(1034752K), 0.0038604 secs]
259.363: Total time for which application threads were stopped: 0.0040293 seconds, Stopping threads took: 0.0000196 seconds
259.429: [GC (Allocation Failure)  382416K->64136K(1034752K), 0.0044326 secs]
259.434: Total time for which application threads were stopped: 0.0045851 seconds, Stopping threads took: 0.0000170 seconds
259.502: [GC (Allocation Failure)  385672K->68874K(1034752K), 0.0048136 secs]
259.506: Total time for which application threads were stopped: 0.0049728 seconds, Stopping threads took: 0.0000200 seconds
259.576: [GC (Allocation Failure)  390410K->68842K(1034752K), 0.0038164 secs]
259.580: Total time for which application threads were stopped: 0.0039823 seconds, Stopping threads took: 0.0000205 seconds
259.646: [GC (Allocation Failure)  390378K->69290K(1034752K), 0.0038596 secs]
259.650: Total time for which application threads were stopped: 0.0040341 seconds, Stopping threads took: 0.0000264 seconds
259.719: [GC (Allocation Failure)  390826K->76941K(1034752K), 0.0041209 secs]
259.723: Total time for which application threads were stopped: 0.0042856 seconds, Stopping threads took: 0.0000205 seconds
259.791: [GC (Allocation Failure)  398477K->76909K(1034752K), 0.0039485 secs]
259.795: Total time for which application threads were stopped: 0.0041181 seconds, Stopping threads took: 0.0000199 seconds
259.860: [GC (Allocation Failure)  398445K->78565K(1034752K), 0.0040238 secs]
259.864: Total time for which application threads were stopped: 0.0041981 seconds, Stopping threads took: 0.0000204 seconds
259.932: [GC (Allocation Failure)  400101K->84935K(1029120K), 0.0039123 secs]
259.936: Total time for which application threads were stopped: 0.0040860 seconds, Stopping threads took: 0.0000202 seconds
260.004: [GC (Allocation Failure)  406471K->84935K(1034752K), 0.0037629 secs]
260.008: Total time for which application threads were stopped: 0.0039313 seconds, Stopping threads took: 0.0000191 seconds
260.077: [GC (Allocation Failure)  405959K->87335K(1034240K), 0.0040566 secs]
260.081: Total time for which application threads were stopped: 0.0042150 seconds, Stopping threads took: 0.0000198 seconds
260.149: [GC (Allocation Failure)  408359K->93065K(1034752K), 0.0038522 secs]
260.153: Total time for which application threads were stopped: 0.0040118 seconds, Stopping threads took: 0.0000194 seconds
260.221: [GC (Allocation Failure)  414601K->92969K(1034752K), 0.0040052 secs]
260.225: Total time for which application threads were stopped: 0.0041626 seconds, Stopping threads took: 0.0000190 seconds
260.291: [GC (Allocation Failure)  414505K->96041K(1034752K), 0.0044210 secs]
260.295: Total time for which application threads were stopped: 0.0045923 seconds, Stopping threads took: 0.0000201 seconds
260.361: [GC (Allocation Failure)  417577K->101067K(1034752K), 0.0038784 secs]
260.365: Total time for which application threads were stopped: 0.0040612 seconds, Stopping threads took: 0.0000204 seconds
260.435: [GC (Allocation Failure)  422603K->101035K(1034752K), 0.0038556 secs]
260.439: Total time for which application threads were stopped: 0.0040516 seconds, Stopping threads took: 0.0000201 seconds
260.505: [GC (Allocation Failure)  422571K->101219K(1021440K), 0.0041579 secs]
260.510: Total time for which application threads were stopped: 0.0043413 seconds, Stopping threads took: 0.0000197 seconds
260.578: [GC (Allocation Failure)  422755K->109030K(1034240K), 0.0038553 secs]
260.582: Total time for which application threads were stopped: 0.0040145 seconds, Stopping threads took: 0.0000201 seconds
260.649: [GC (Allocation Failure)  429542K->109062K(1034240K), 0.0037289 secs]
260.653: Total time for which application threads were stopped: 0.0038934 seconds, Stopping threads took: 0.0000205 seconds
260.720: [GC (Allocation Failure)  429574K->112430K(1034752K), 0.0046676 secs]
260.724: Total time for which application threads were stopped: 0.0048237 seconds, Stopping threads took: 0.0000191 seconds
260.792: [GC (Allocation Failure)  433454K->117200K(1034240K), 0.0039080 secs]
260.796: Total time for which application threads were stopped: 0.0040798 seconds, Stopping threads took: 0.0000205 seconds
260.862: [GC (Allocation Failure)  438224K->117104K(1034752K), 0.0037301 secs]
260.866: Total time for which application threads were stopped: 0.0038949 seconds, Stopping threads took: 0.0000208 seconds
260.933: [GC (Allocation Failure)  438640K->120648K(1034752K), 0.0046347 secs]
260.938: Total time for which application threads were stopped: 0.0048045 seconds, Stopping threads took: 0.0000198 seconds
261.006: [GC (Allocation Failure)  442184K->125162K(1034752K), 0.0038366 secs]
261.010: Total time for which application threads were stopped: 0.0040429 seconds, Stopping threads took: 0.0000433 seconds
261.078: [GC (Allocation Failure)  446698K->125130K(1034752K), 0.0037882 secs]
261.082: Total time for which application threads were stopped: 0.0039556 seconds, Stopping threads took: 0.0000191 seconds
261.149: [GC (Allocation Failure)  446666K->125802K(1034752K), 0.0041039 secs]
261.153: Total time for which application threads were stopped: 0.0042737 seconds, Stopping threads took: 0.0000195 seconds
261.221: [GC (Allocation Failure)  447338K->133164K(1034752K), 0.0040408 secs]
261.225: Total time for which application threads were stopped: 0.0042048 seconds, Stopping threads took: 0.0000198 seconds
261.293: [GC (Allocation Failure)  454700K->133132K(1034752K), 0.0046266 secs]
261.298: Total time for which application threads were stopped: 0.0048079 seconds, Stopping threads took: 0.0000200 seconds
261.364: [GC (Allocation Failure)  454668K->135076K(1034752K), 0.0041486 secs]
261.368: Total time for which application threads were stopped: 0.0043203 seconds, Stopping threads took: 0.0000202 seconds
261.436: [GC (Allocation Failure)  456612K->141223K(1034752K), 0.0040050 secs]
261.440: Total time for which application threads were stopped: 0.0041755 seconds, Stopping threads took: 0.0000197 seconds
261.508: [GC (Allocation Failure)  462759K->141159K(1034752K), 0.0038768 secs]
261.512: Total time for which application threads were stopped: 0.0040549 seconds, Stopping threads took: 0.0000196 seconds
261.581: [GC (Allocation Failure)  462695K->144327K(1034752K), 0.0044442 secs]
261.586: Total time for which application threads were stopped: 0.0046182 seconds, Stopping threads took: 0.0000195 seconds
261.653: [GC (Allocation Failure)  465863K->149353K(1034752K), 0.0040397 secs]
261.658: Total time for which application threads were stopped: 0.0042035 seconds, Stopping threads took: 0.0000201 seconds
261.726: [GC (Allocation Failure)  470889K->149225K(1034752K), 0.0040518 secs]
261.730: Total time for which application threads were stopped: 0.0042400 seconds, Stopping threads took: 0.0000365 seconds
261.795: [GC (Allocation Failure)  470761K->149449K(1021440K), 0.0040340 secs]
261.800: Total time for which application threads were stopped: 0.0042317 seconds, Stopping threads took: 0.0000220 seconds
261.866: [GC (Allocation Failure)  470985K->157291K(1034240K), 0.0039076 secs]
261.870: Total time for which application threads were stopped: 0.0040866 seconds, Stopping threads took: 0.0000214 seconds
261.937: [GC (Allocation Failure)  477803K->157227K(1034240K), 0.0040541 secs]
261.942: Total time for which application threads were stopped: 0.0042150 seconds, Stopping threads took: 0.0000204 seconds
262.010: [GC (Allocation Failure)  477739K->160771K(1034752K), 0.0048872 secs]
262.015: Total time for which application threads were stopped: 0.0050883 seconds, Stopping threads took: 0.0000198 seconds
262.084: [GC (Allocation Failure)  481795K->165286K(1034240K), 0.0064160 secs]
262.091: Total time for which application threads were stopped: 0.0065649 seconds, Stopping threads took: 0.0000255 seconds
262.160: [GC (Allocation Failure)  486310K->165254K(1034752K), 0.0039510 secs]
262.164: Total time for which application threads were stopped: 0.0041106 seconds, Stopping threads took: 0.0000253 seconds
262.232: [GC (Allocation Failure)  486790K->169038K(1034752K), 0.0048752 secs]
262.237: Total time for which application threads were stopped: 0.0050481 seconds, Stopping threads took: 0.0000201 seconds
262.305: [GC (Allocation Failure)  490574K->173360K(1035264K), 0.0039758 secs]
262.309: Total time for which application threads were stopped: 0.0041402 seconds, Stopping threads took: 0.0000199 seconds
262.377: [GC (Allocation Failure)  495920K->173264K(1035264K), 0.0045611 secs]
262.382: Total time for which application threads were stopped: 0.0047281 seconds, Stopping threads took: 0.0000245 seconds
262.450: [GC (Allocation Failure)  495824K->176232K(1035264K), 0.0045533 secs]
262.455: Total time for which application threads were stopped: 0.0047310 seconds, Stopping threads took: 0.0000210 seconds
262.522: [GC (Allocation Failure)  498792K->181322K(1035264K), 0.0044875 secs]
262.527: Total time for which application threads were stopped: 0.0046608 seconds, Stopping threads took: 0.0000202 seconds
262.596: [GC (Allocation Failure)  503882K->181354K(1035264K), 0.0039136 secs]
262.600: Total time for which application threads were stopped: 0.0040817 seconds, Stopping threads took: 0.0000202 seconds
262.667: [GC (Allocation Failure)  503914K->184490K(1035264K), 0.0045718 secs]
262.672: Total time for which application threads were stopped: 0.0047517 seconds, Stopping threads took: 0.0000275 seconds
262.740: [GC (Allocation Failure)  507050K->189452K(1035264K), 0.0040318 secs]
262.744: Total time for which application threads were stopped: 0.0041957 seconds, Stopping threads took: 0.0000202 seconds
262.813: [GC (Allocation Failure)  512012K->189388K(1035264K), 0.0039709 secs]
262.817: Total time for which application threads were stopped: 0.0041401 seconds, Stopping threads took: 0.0000193 seconds
262.884: [GC (Allocation Failure)  511948K->192716K(1035264K), 0.0047329 secs]
262.889: Total time for which application threads were stopped: 0.0049106 seconds, Stopping threads took: 0.0000203 seconds
262.957: [GC (Allocation Failure)  515276K->197455K(1035264K), 0.0039653 secs]
262.961: Total time for which application threads were stopped: 0.0041557 seconds, Stopping threads took: 0.0000205 seconds
263.029: [GC (Allocation Failure)  520015K->197391K(1035264K), 0.0040184 secs]
263.033: Total time for which application threads were stopped: 0.0042235 seconds, Stopping threads took: 0.0000221 seconds
263.102: [GC (Allocation Failure)  519951K->200943K(1035264K), 0.0049884 secs]
263.108: Total time for which application threads were stopped: 0.0051378 seconds, Stopping threads took: 0.0000192 seconds
263.176: [GC (Allocation Failure)  523503K->205425K(1035264K), 0.0037782 secs]
263.180: Total time for which application threads were stopped: 0.0039627 seconds, Stopping threads took: 0.0000171 seconds
263.248: [GC (Allocation Failure)  527985K->205425K(1035264K), 0.0047364 secs]
263.253: Total time for which application threads were stopped: 0.0049025 seconds, Stopping threads took: 0.0000203 seconds
263.320: [GC (Allocation Failure)  527985K->209161K(1035776K), 0.0050025 secs]
263.325: Total time for which application threads were stopped: 0.0051760 seconds, Stopping threads took: 0.0000197 seconds
263.393: [GC (Allocation Failure)  532745K->213643K(1035776K), 0.0064425 secs]
263.400: Total time for which application threads were stopped: 0.0066066 seconds, Stopping threads took: 0.0000254 seconds
263.468: [GC (Allocation Failure)  537227K->213451K(1035776K), 0.0042598 secs]
263.472: Total time for which application threads were stopped: 0.0044301 seconds, Stopping threads took: 0.0000195 seconds
263.541: [GC (Allocation Failure)  537035K->212457K(1035776K), 0.0035586 secs]
263.544: Total time for which application threads were stopped: 0.0037254 seconds, Stopping threads took: 0.0000191 seconds
263.612: [GC (Allocation Failure)  536041K->213611K(1036288K), 0.0037351 secs]
263.616: Total time for which application threads were stopped: 0.0039223 seconds, Stopping threads took: 0.0000273 seconds
263.685: [GC (Allocation Failure)  538219K->213419K(1036288K), 0.0038897 secs]
263.689: Total time for which application threads were stopped: 0.0040498 seconds, Stopping threads took: 0.0000199 seconds
263.756: [GC (Allocation Failure)  538027K->205481K(1035264K), 0.0009451 secs]
263.757: Total time for which application threads were stopped: 0.0010700 seconds, Stopping threads took: 0.0000206 seconds
263.825: [GC (Allocation Failure)  529065K->213579K(1031168K), 0.0042110 secs]
263.829: Total time for which application threads were stopped: 0.0043733 seconds, Stopping threads took: 0.0000198 seconds
263.897: [GC (Allocation Failure)  537163K->217595K(1035776K), 0.0058118 secs]
263.903: Total time for which application threads were stopped: 0.0059767 seconds, Stopping threads took: 0.0000205 seconds
263.970: [GC (Allocation Failure)  540667K->213657K(1035264K), 0.0030151 secs]
263.973: Total time for which application threads were stopped: 0.0031810 seconds, Stopping threads took: 0.0000194 seconds
264.041: [GC (Allocation Failure)  536729K->217755K(1035776K), 0.0041925 secs]
264.045: Total time for which application threads were stopped: 0.0043525 seconds, Stopping threads took: 0.0000196 seconds
264.113: [GC (Allocation Failure)  541339K->221755K(1035776K), 0.0039148 secs]
264.117: Total time for which application threads were stopped: 0.0040899 seconds, Stopping threads took: 0.0000262 seconds
264.185: [GC (Allocation Failure)  545339K->221723K(1035776K), 0.0039091 secs]
264.189: Total time for which application threads were stopped: 0.0041074 seconds, Stopping threads took: 0.0000252 seconds
264.254: [GC (Allocation Failure)  545307K->222075K(1023488K), 0.0042067 secs]
264.258: Total time for which application threads were stopped: 0.0043657 seconds, Stopping threads took: 0.0000172 seconds
264.326: [GC (Allocation Failure)  545659K->229789K(1035264K), 0.0039965 secs]
264.330: Total time for which application threads were stopped: 0.0041589 seconds, Stopping threads took: 0.0000194 seconds
264.400: [GC (Allocation Failure)  552349K->229757K(1035264K), 0.0037806 secs]
264.403: Total time for which application threads were stopped: 0.0039614 seconds, Stopping threads took: 0.0000158 seconds
264.471: [GC (Allocation Failure)  552317K->230277K(1034240K), 0.0042087 secs]
264.475: Total time for which application threads were stopped: 0.0043725 seconds, Stopping threads took: 0.0000200 seconds
264.542: [GC (Allocation Failure)  551813K->237832K(1034752K), 0.0040851 secs]
264.546: Total time for which application threads were stopped: 0.0042799 seconds, Stopping threads took: 0.0000193 seconds
264.617: [GC (Allocation Failure)  559368K->237800K(1034752K), 0.0039283 secs]
264.621: Total time for which application threads were stopped: 0.0040987 seconds, Stopping threads took: 0.0000278 seconds
264.686: [GC (Allocation Failure)  559336K->237960K(1034752K), 0.0042286 secs]
264.690: Total time for which application threads were stopped: 0.0044110 seconds, Stopping threads took: 0.0000205 seconds
264.758: [GC (Allocation Failure)  559496K->245866K(1033728K), 0.0042719 secs]
264.762: Total time for which application threads were stopped: 0.0044504 seconds, Stopping threads took: 0.0000199 seconds
264.830: [GC (Allocation Failure)  566378K->245802K(1034240K), 0.0040524 secs]
264.834: Total time for which application threads were stopped: 0.0042536 seconds, Stopping threads took: 0.0000219 seconds
264.903: [GC (Allocation Failure)  566314K->245962K(1034240K), 0.0042341 secs]
264.907: Total time for which application threads were stopped: 0.0043955 seconds, Stopping threads took: 0.0000264 seconds
264.975: [GC (Allocation Failure)  566474K->253868K(1034240K), 0.0041906 secs]
264.979: Total time for which application threads were stopped: 0.0043533 seconds, Stopping threads took: 0.0000198 seconds
265.045: [GC (Allocation Failure)  574380K->253900K(1034240K), 0.0043564 secs]
265.050: Total time for which application threads were stopped: 0.0045268 seconds, Stopping threads took: 0.0000193 seconds
265.118: [GC (Allocation Failure)  574412K->253932K(1020416K), 0.0040427 secs]
265.122: Total time for which application threads were stopped: 0.0042035 seconds, Stopping threads took: 0.0000262 seconds
265.189: [GC (Allocation Failure)  574444K->261902K(1033728K), 0.0047354 secs]
265.194: Total time for which application threads were stopped: 0.0049025 seconds, Stopping threads took: 0.0000258 seconds
265.262: [GC (Allocation Failure)  581390K->261902K(1033728K), 0.0041243 secs]
265.266: Total time for which application threads were stopped: 0.0042857 seconds, Stopping threads took: 0.0000194 seconds
265.331: [GC (Allocation Failure)  581390K->262158K(1033728K), 0.0043339 secs]
265.335: Total time for which application threads were stopped: 0.0044990 seconds, Stopping threads took: 0.0000203 seconds
265.403: [GC (Allocation Failure)  581646K->269969K(1033728K), 0.0040765 secs]
265.408: Total time for which application threads were stopped: 0.0042285 seconds, Stopping threads took: 0.0000175 seconds
265.475: [GC (Allocation Failure)  589457K->269937K(1033728K), 0.0041621 secs]
265.479: Total time for which application threads were stopped: 0.0043193 seconds, Stopping threads took: 0.0000196 seconds
265.545: [GC (Allocation Failure)  589425K->270153K(1033728K), 0.0041854 secs]
265.549: Total time for which application threads were stopped: 0.0043427 seconds, Stopping threads took: 0.0000193 seconds
265.616: [GC (Allocation Failure)  589641K->277963K(1033728K), 0.0042046 secs]
265.620: Total time for which application threads were stopped: 0.0043759 seconds, Stopping threads took: 0.0000262 seconds
265.687: [GC (Allocation Failure)  597450K->274057K(1033728K), 0.0031393 secs]
265.690: Total time for which application threads were stopped: 0.0033195 seconds, Stopping threads took: 0.0000171 seconds
265.759: [GC (Allocation Failure)  593545K->278123K(1034752K), 0.0041055 secs]
265.764: Total time for which application threads were stopped: 0.0042625 seconds, Stopping threads took: 0.0000171 seconds
265.832: [GC (Allocation Failure)  599147K->282123K(1034240K), 0.0041580 secs]
265.836: Total time for which application threads were stopped: 0.0043282 seconds, Stopping threads took: 0.0000201 seconds
265.903: [GC (Allocation Failure)  603147K->276361K(1034752K), 0.0020224 secs]
265.905: Total time for which application threads were stopped: 0.0021740 seconds, Stopping threads took: 0.0000213 seconds
265.974: [GC (Allocation Failure)  597897K->282195K(1034752K), 0.0044028 secs]
265.979: Total time for which application threads were stopped: 0.0045742 seconds, Stopping threads took: 0.0000201 seconds
266.044: [GC (Allocation Failure)  603731K->286235K(1035264K), 0.0046725 secs]
266.049: Total time for which application threads were stopped: 0.0048468 seconds, Stopping threads took: 0.0000202 seconds
266.119: [GC (Allocation Failure)  608533K->282329K(1035264K), 0.0027592 secs]
266.122: Total time for which application threads were stopped: 0.0029557 seconds, Stopping threads took: 0.0000264 seconds
266.190: [GC (Allocation Failure)  604889K->286395K(1036288K), 0.0042900 secs]
266.194: Total time for which application threads were stopped: 0.0044545 seconds, Stopping threads took: 0.0000200 seconds
266.262: [GC (Allocation Failure)  610491K->290363K(1035776K), 0.0043527 secs]
266.266: Total time for which application threads were stopped: 0.0045148 seconds, Stopping threads took: 0.0000197 seconds
266.333: [GC (Allocation Failure)  614459K->290395K(1035776K), 0.0040815 secs]
266.338: Total time for which application threads were stopped: 0.0042454 seconds, Stopping threads took: 0.0000200 seconds
266.407: [GC (Allocation Failure)  613979K->290427K(1023488K), 0.0048269 secs]
266.412: Total time for which application threads were stopped: 0.0049882 seconds, Stopping threads took: 0.0000203 seconds
266.479: [GC (Allocation Failure)  614011K->298397K(1035264K), 0.0040400 secs]
266.483: Total time for which application threads were stopped: 0.0042247 seconds, Stopping threads took: 0.0000196 seconds
266.552: [GC (Allocation Failure)  620957K->298429K(1030144K), 0.0049319 secs]
266.557: Total time for which application threads were stopped: 0.0050982 seconds, Stopping threads took: 0.0000221 seconds
266.625: [GC (Allocation Failure)  620989K->298469K(1034752K), 0.0041414 secs]
266.629: Total time for which application threads were stopped: 0.0043085 seconds, Stopping threads took: 0.0000278 seconds
266.697: [GC (Allocation Failure)  620005K->306471K(1029120K), 0.0042237 secs]
266.701: Total time for which application threads were stopped: 0.0044204 seconds, Stopping threads took: 0.0000203 seconds
266.770: [GC (Allocation Failure)  628007K->306439K(1034240K), 0.0041762 secs]
266.774: Total time for which application threads were stopped: 0.0043689 seconds, Stopping threads took: 0.0000192 seconds
266.842: [GC (Allocation Failure)  626951K->306695K(1034240K), 0.0040892 secs]
266.846: Total time for which application threads were stopped: 0.0042680 seconds, Stopping threads took: 0.0000196 seconds
266.913: [GC (Allocation Failure)  627207K->314474K(1034240K), 0.0044647 secs]
266.917: Total time for which application threads were stopped: 0.0046340 seconds, Stopping threads took: 0.0000222 seconds
266.986: [GC (Allocation Failure)  634986K->314474K(1034240K), 0.0040413 secs]
266.990: Total time for which application threads were stopped: 0.0042101 seconds, Stopping threads took: 0.0000195 seconds
267.057: [GC (Allocation Failure)  634986K->314890K(1033216K), 0.0042642 secs]
267.061: Total time for which application threads were stopped: 0.0044333 seconds, Stopping threads took: 0.0000196 seconds
267.129: [GC (Allocation Failure)  634378K->322540K(1033728K), 0.0042376 secs]
267.133: Total time for which application threads were stopped: 0.0044099 seconds, Stopping threads took: 0.0000272 seconds
267.200: [GC (Allocation Failure)  642028K->322508K(1033728K), 0.0042530 secs]
267.205: Total time for which application threads were stopped: 0.0044149 seconds, Stopping threads took: 0.0000201 seconds
267.269: [GC (Allocation Failure)  641996K->322668K(1033728K), 0.0042491 secs]
267.273: Total time for which application threads were stopped: 0.0044076 seconds, Stopping threads took: 0.0000187 seconds
267.341: [GC (Allocation Failure)  642156K->330574K(1033728K), 0.0043888 secs]
267.345: Total time for which application threads were stopped: 0.0045605 seconds, Stopping threads took: 0.0000199 seconds
267.415: [GC (Allocation Failure)  650062K->330510K(1033728K), 0.0047992 secs]
267.420: Total time for which application threads were stopped: 0.0049932 seconds, Stopping threads took: 0.0000192 seconds
267.487: [GC (Allocation Failure)  649998K->330598K(1033728K), 0.0045112 secs]
267.491: Total time for which application threads were stopped: 0.0046786 seconds, Stopping threads took: 0.0000190 seconds
267.558: [GC (Allocation Failure)  650086K->338537K(1027072K), 0.0042572 secs]
267.562: Total time for which application threads were stopped: 0.0044138 seconds, Stopping threads took: 0.0000193 seconds
267.627: [GC (Allocation Failure)  658024K->334662K(1034240K), 0.0030372 secs]
267.630: Total time for which application threads were stopped: 0.0032067 seconds, Stopping threads took: 0.0000259 seconds
267.697: [GC (Allocation Failure)  654150K->338737K(1033216K), 0.0044650 secs]
267.702: Total time for which application threads were stopped: 0.0046355 seconds, Stopping threads took: 0.0000192 seconds
267.771: [GC (Allocation Failure)  658225K->342705K(1034752K), 0.0041470 secs]
267.776: Total time for which application threads were stopped: 0.0043042 seconds, Stopping threads took: 0.0000189 seconds
267.844: [GC (Allocation Failure)  664241K->335918K(1034752K), 0.0016677 secs]
267.845: Total time for which application threads were stopped: 0.0018015 seconds, Stopping threads took: 0.0000189 seconds
267.912: [GC (Allocation Failure)  657454K->342777K(1034752K), 0.0041065 secs]
267.916: Total time for which application threads were stopped: 0.0043003 seconds, Stopping threads took: 0.0000195 seconds
267.984: [GC (Allocation Failure)  664313K->346857K(1034752K), 0.0052162 secs]
267.989: Total time for which application threads were stopped: 0.0053794 seconds, Stopping threads took: 0.0000198 seconds
268.054: [GC (Allocation Failure)  668393K->341286K(1034752K), 0.0022230 secs]
268.057: Total time for which application threads were stopped: 0.0023728 seconds, Stopping threads took: 0.0000194 seconds
268.124: [GC (Allocation Failure)  662822K->347129K(1034752K), 0.0042333 secs]
268.128: Total time for which application threads were stopped: 0.0044015 seconds, Stopping threads took: 0.0000196 seconds
268.195: [GC (Allocation Failure)  668665K->351001K(1034752K), 0.0046428 secs]
268.200: Total time for which application threads were stopped: 0.0048160 seconds, Stopping threads took: 0.0000252 seconds
268.267: [GC (Allocation Failure)  673489K->347094K(1035264K), 0.0030717 secs]
268.270: Total time for which application threads were stopped: 0.0032783 seconds, Stopping threads took: 0.0000197 seconds
268.340: [GC (Allocation Failure)  669654K->351153K(1036288K), 0.0045791 secs]
268.344: Total time for which application threads were stopped: 0.0047589 seconds, Stopping threads took: 0.0000221 seconds
268.414: [GC (Allocation Failure)  675249K->355153K(1035776K), 0.0042652 secs]
268.419: Total time for which application threads were stopped: 0.0044212 seconds, Stopping threads took: 0.0000174 seconds
268.487: [GC (Allocation Failure)  679249K->355121K(1035776K), 0.0042975 secs]
268.491: Total time for which application threads were stopped: 0.0044608 seconds, Stopping threads took: 0.0000209 seconds
268.559: [GC (Allocation Failure)  678705K->355177K(1023488K), 0.0044752 secs]
268.563: Total time for which application threads were stopped: 0.0046688 seconds, Stopping threads took: 0.0000197 seconds
268.631: [GC (Allocation Failure)  678761K->363179K(1035264K), 0.0042839 secs]
268.636: Total time for which application threads were stopped: 0.0044343 seconds, Stopping threads took: 0.0000251 seconds
268.703: [GC (Allocation Failure)  685739K->363179K(1030144K), 0.0042380 secs]
268.708: Total time for which application threads were stopped: 0.0044090 seconds, Stopping threads took: 0.0000246 seconds
268.775: [GC (Allocation Failure)  685739K->363211K(1034752K), 0.0043545 secs]
268.779: Total time for which application threads were stopped: 0.0045441 seconds, Stopping threads took: 0.0000257 seconds
268.847: [GC (Allocation Failure)  684747K->371181K(1029120K), 0.0044971 secs]
268.851: Total time for which application threads were stopped: 0.0046703 seconds, Stopping threads took: 0.0000201 seconds
268.921: [GC (Allocation Failure)  692717K->371181K(1034240K), 0.0043530 secs]
268.925: Total time for which application threads were stopped: 0.0045258 seconds, Stopping threads took: 0.0000200 seconds
268.993: [GC (Allocation Failure)  691693K->371405K(1034240K), 0.0043836 secs]
268.997: Total time for which application threads were stopped: 0.0045713 seconds, Stopping threads took: 0.0000256 seconds
269.066: [GC (Allocation Failure)  691917K->379247K(1034240K), 0.0061375 secs]
269.072: Total time for which application threads were stopped: 0.0063150 seconds, Stopping threads took: 0.0000205 seconds
269.142: [GC (Allocation Failure)  699759K->379215K(1034240K), 0.0044962 secs]
269.147: Total time for which application threads were stopped: 0.0046572 seconds, Stopping threads took: 0.0000192 seconds
269.214: [GC (Allocation Failure)  699727K->379623K(1033216K), 0.0045319 secs]
269.218: Total time for which application threads were stopped: 0.0047093 seconds, Stopping threads took: 0.0000195 seconds
269.288: [GC (Allocation Failure)  699111K->387274K(1033728K), 0.0045045 secs]
269.292: Total time for which application threads were stopped: 0.0046852 seconds, Stopping threads took: 0.0000221 seconds
269.360: [GC (Allocation Failure)  706762K->387242K(1033728K), 0.0043979 secs]
269.365: Total time for which application threads were stopped: 0.0045703 seconds, Stopping threads took: 0.0000198 seconds
269.431: [GC (Allocation Failure)  706730K->387370K(1033728K), 0.0045267 secs]
269.436: Total time for which application threads were stopped: 0.0046985 seconds, Stopping threads took: 0.0000200 seconds
269.503: [GC (Allocation Failure)  706858K->395308K(1033728K), 0.0049407 secs]
269.508: Total time for which application threads were stopped: 0.0051141 seconds, Stopping threads took: 0.0000207 seconds
269.576: [GC (Allocation Failure)  714796K->395244K(1033728K), 0.0050946 secs]
269.581: Total time for which application threads were stopped: 0.0052753 seconds, Stopping threads took: 0.0000203 seconds
269.648: [GC (Allocation Failure)  714732K->395340K(1033728K), 0.0042594 secs]
269.653: Total time for which application threads were stopped: 0.0044244 seconds, Stopping threads took: 0.0000192 seconds
269.721: [GC (Allocation Failure)  714828K->403310K(1027072K), 0.0044193 secs]
269.725: Total time for which application threads were stopped: 0.0046199 seconds, Stopping threads took: 0.0000261 seconds
269.790: [GC (Allocation Failure)  722798K->399404K(1034240K), 0.0034583 secs]
269.794: Total time for which application threads were stopped: 0.0036124 seconds, Stopping threads took: 0.0000193 seconds
269.861: [GC (Allocation Failure)  718892K->403470K(1033216K), 0.0044809 secs]
269.866: Total time for which application threads were stopped: 0.0046514 seconds, Stopping threads took: 0.0000192 seconds
269.933: [GC (Allocation Failure)  722958K->407438K(1034752K), 0.0042713 secs]
269.937: Total time for which application threads were stopped: 0.0044340 seconds, Stopping threads took: 0.0000199 seconds
270.003: [GC (Allocation Failure)  728974K->400620K(1034752K), 0.0019864 secs]
270.005: Total time for which application threads were stopped: 0.0021226 seconds, Stopping threads took: 0.0000192 seconds
270.072: [GC (Allocation Failure)  722156K->407510K(1034752K), 0.0043203 secs]
270.077: Total time for which application threads were stopped: 0.0044771 seconds, Stopping threads took: 0.0000188 seconds
270.144: [GC (Allocation Failure)  729046K->411622K(1034752K), 0.0051870 secs]
270.149: Total time for which application threads were stopped: 0.0053467 seconds, Stopping threads took: 0.0000254 seconds
270.214: [GC (Allocation Failure)  733158K->406052K(1034752K), 0.0025427 secs]
270.217: Total time for which application threads were stopped: 0.0027112 seconds, Stopping threads took: 0.0000261 seconds
270.286: [GC (Allocation Failure)  727588K->411862K(1034752K), 0.0045768 secs]
270.291: Total time for which application threads were stopped: 0.0047484 seconds, Stopping threads took: 0.0000210 seconds
270.358: [GC (Allocation Failure)  733398K->415734K(1035264K), 0.0046481 secs]
270.363: Total time for which application threads were stopped: 0.0048264 seconds, Stopping threads took: 0.0000207 seconds
270.432: [GC (Allocation Failure)  738222K->411860K(1035264K), 0.0031158 secs]
270.435: Total time for which application threads were stopped: 0.0032619 seconds, Stopping threads took: 0.0000172 seconds
270.504: [GC (Allocation Failure)  734420K->415886K(1036288K), 0.0047136 secs]
270.508: Total time for which application threads were stopped: 0.0048761 seconds, Stopping threads took: 0.0000203 seconds
270.578: [GC (Allocation Failure)  739982K->419854K(1035776K), 0.0051006 secs]
270.583: Total time for which application threads were stopped: 0.0052640 seconds, Stopping threads took: 0.0000204 seconds
270.652: [GC (Allocation Failure)  743950K->419886K(1035776K), 0.0042312 secs]
270.656: Total time for which application threads were stopped: 0.0044112 seconds, Stopping threads took: 0.0000285 seconds
270.723: [GC (Allocation Failure)  743470K->419910K(1023488K), 0.0046992 secs]
270.728: Total time for which application threads were stopped: 0.0048599 seconds, Stopping threads took: 0.0000196 seconds
270.794: [GC (Allocation Failure)  743494K->427912K(1035264K), 0.0045526 secs]
270.799: Total time for which application threads were stopped: 0.0047166 seconds, Stopping threads took: 0.0000199 seconds
270.866: [GC (Allocation Failure)  750472K->427848K(1030144K), 0.0042895 secs]
270.871: Total time for which application threads were stopped: 0.0044515 seconds, Stopping threads took: 0.0000198 seconds
270.938: [GC (Allocation Failure)  750408K->427912K(1034752K), 0.0043224 secs]
270.942: Total time for which application threads were stopped: 0.0044822 seconds, Stopping threads took: 0.0000195 seconds
271.009: [GC (Allocation Failure)  749448K->435915K(1034752K), 0.0046183 secs]
271.014: Total time for which application threads were stopped: 0.0047924 seconds, Stopping threads took: 0.0000203 seconds
271.082: [GC (Allocation Failure)  757451K->435915K(1033728K), 0.0042623 secs]
271.086: Total time for which application threads were stopped: 0.0044738 seconds, Stopping threads took: 0.0000204 seconds
271.156: [GC (Allocation Failure)  756427K->436171K(1034240K), 0.0045046 secs]
271.160: Total time for which application threads were stopped: 0.0047022 seconds, Stopping threads took: 0.0000199 seconds
271.228: [GC (Allocation Failure)  756683K->443981K(1034240K), 0.0043631 secs]
271.233: Total time for which application threads were stopped: 0.0045143 seconds, Stopping threads took: 0.0000172 seconds
271.301: [GC (Allocation Failure)  764493K->443949K(1034240K), 0.0045232 secs]
271.305: Total time for which application threads were stopped: 0.0046918 seconds, Stopping threads took: 0.0000172 seconds
271.373: [GC (Allocation Failure)  764461K->444365K(1033216K), 0.0053437 secs]
271.379: Total time for which application threads were stopped: 0.0055073 seconds, Stopping threads took: 0.0000266 seconds
271.447: [GC (Allocation Failure)  763853K->452015K(1033728K), 0.0045301 secs]
271.451: Total time for which application threads were stopped: 0.0047042 seconds, Stopping threads took: 0.0000201 seconds
271.519: [GC (Allocation Failure)  771503K->451983K(1033728K), 0.0043734 secs]
271.523: Total time for which application threads were stopped: 0.0045455 seconds, Stopping threads took: 0.0000200 seconds
271.588: [GC (Allocation Failure)  771471K->452103K(1033728K), 0.0044032 secs]
271.592: Total time for which application threads were stopped: 0.0045854 seconds, Stopping threads took: 0.0000205 seconds
271.660: [GC (Allocation Failure)  771591K->460041K(1033728K), 0.0045614 secs]
271.665: Total time for which application threads were stopped: 0.0047795 seconds, Stopping threads took: 0.0000262 seconds
271.732: [GC (Allocation Failure)  779529K->459977K(1033728K), 0.0044400 secs]
271.736: Total time for which application threads were stopped: 0.0046078 seconds, Stopping threads took: 0.0000194 seconds
271.803: [GC (Allocation Failure)  779465K->460073K(1033728K), 0.0046520 secs]
271.807: Total time for which application threads were stopped: 0.0048245 seconds, Stopping threads took: 0.0000203 seconds
271.874: [GC (Allocation Failure)  779561K->468012K(1027072K), 0.0045253 secs]
271.879: Total time for which application threads were stopped: 0.0046868 seconds, Stopping threads took: 0.0000198 seconds
271.943: [GC (Allocation Failure)  787499K->464169K(1034240K), 0.0034701 secs]
271.947: Total time for which application threads were stopped: 0.0036641 seconds, Stopping threads took: 0.0000201 seconds
272.016: [GC (Allocation Failure)  783657K->468204K(1033216K), 0.0045969 secs]
272.021: Total time for which application threads were stopped: 0.0047483 seconds, Stopping threads took: 0.0000173 seconds
272.089: [GC (Allocation Failure)  787692K->472172K(1034752K), 0.0045971 secs]
272.093: Total time for which application threads were stopped: 0.0047688 seconds, Stopping threads took: 0.0000194 seconds
272.160: [GC (Allocation Failure)  793708K->465385K(1034752K), 0.0019025 secs]
272.162: Total time for which application threads were stopped: 0.0020501 seconds, Stopping threads took: 0.0000282 seconds
272.230: [GC (Allocation Failure)  786921K->472244K(1034752K), 0.0045046 secs]
272.234: Total time for which application threads were stopped: 0.0046929 seconds, Stopping threads took: 0.0000275 seconds
272.300: [GC (Allocation Failure)  793780K->476348K(1034752K), 0.0071890 secs]
272.308: Total time for which application threads were stopped: 0.0073709 seconds, Stopping threads took: 0.0000200 seconds
272.374: [GC (Allocation Failure)  797884K->470777K(1034752K), 0.0035621 secs]
272.378: Total time for which application threads were stopped: 0.0037271 seconds, Stopping threads took: 0.0000245 seconds
272.447: [GC (Allocation Failure)  792313K->476588K(1034752K), 0.0045747 secs]
272.451: Total time for which application threads were stopped: 0.0047715 seconds, Stopping threads took: 0.0000202 seconds
272.520: [GC (Allocation Failure)  798124K->480460K(1034752K), 0.0048581 secs]
272.525: Total time for which application threads were stopped: 0.0050176 seconds, Stopping threads took: 0.0000180 seconds
272.592: [GC (Allocation Failure)  802948K->476553K(1035264K), 0.0032879 secs]
272.596: Total time for which application threads were stopped: 0.0034579 seconds, Stopping threads took: 0.0000200 seconds
272.664: [GC (Allocation Failure)  799113K->480620K(1036288K), 0.0045904 secs]
272.669: Total time for which application threads were stopped: 0.0047679 seconds, Stopping threads took: 0.0000285 seconds
272.737: [GC (Allocation Failure)  804716K->484588K(1035776K), 0.0045498 secs]
272.742: Total time for which application threads were stopped: 0.0047106 seconds, Stopping threads took: 0.0000199 seconds
272.812: [GC (Allocation Failure)  808684K->484588K(1035776K), 0.0045373 secs]
272.816: Total time for which application threads were stopped: 0.0047035 seconds, Stopping threads took: 0.0000206 seconds
272.884: [GC (Allocation Failure)  808172K->484660K(1023488K), 0.0045443 secs]
272.889: Total time for which application threads were stopped: 0.0047081 seconds, Stopping threads took: 0.0000199 seconds
272.956: [GC (Allocation Failure)  808244K->492662K(1035264K), 0.0047216 secs]
272.961: Total time for which application threads were stopped: 0.0048951 seconds, Stopping threads took: 0.0000199 seconds
273.028: [GC (Allocation Failure)  815222K->492598K(1030144K), 0.0050532 secs]
273.034: Total time for which application threads were stopped: 0.0052257 seconds, Stopping threads took: 0.0000197 seconds
273.101: [GC (Allocation Failure)  815158K->492662K(1034752K), 0.0053408 secs]
273.107: Total time for which application threads were stopped: 0.0055296 seconds, Stopping threads took: 0.0000202 seconds
273.175: [GC (Allocation Failure)  814198K->500696K(1029120K), 0.0047139 secs]
273.180: Total time for which application threads were stopped: 0.0048752 seconds, Stopping threads took: 0.0000196 seconds
273.248: [GC (Allocation Failure)  822232K->500696K(1034240K), 0.0045370 secs]
273.253: Total time for which application threads were stopped: 0.0047068 seconds, Stopping threads took: 0.0000198 seconds
273.320: [GC (Allocation Failure)  821208K->500920K(1034240K), 0.0047503 secs]
273.325: Total time for which application threads were stopped: 0.0049355 seconds, Stopping threads took: 0.0000211 seconds
273.393: [GC (Allocation Failure)  821432K->508667K(1034240K), 0.0050549 secs]
273.398: Total time for which application threads were stopped: 0.0052320 seconds, Stopping threads took: 0.0000173 seconds
273.465: [GC (Allocation Failure)  829179K->508699K(1034240K), 0.0046930 secs]
273.470: Total time for which application threads were stopped: 0.0048683 seconds, Stopping threads took: 0.0000195 seconds
273.539: [GC (Allocation Failure)  829211K->509139K(1033216K), 0.0048361 secs]
273.544: Total time for which application threads were stopped: 0.0050159 seconds, Stopping threads took: 0.0000173 seconds
273.613: [GC (Allocation Failure)  828627K->516725K(1033728K), 0.0047602 secs]
273.618: Total time for which application threads were stopped: 0.0049110 seconds, Stopping threads took: 0.0000166 seconds
273.686: [GC (Allocation Failure)  836213K->516725K(1033728K), 0.0046597 secs]
273.691: Total time for which application threads were stopped: 0.0048621 seconds, Stopping threads took: 0.0000342 seconds
273.756: [GC (Allocation Failure)  836213K->516853K(1033728K), 0.0047965 secs]
273.760: Total time for which application threads were stopped: 0.0049705 seconds, Stopping threads took: 0.0000201 seconds
273.828: [GC (Allocation Failure)  836341K->524759K(1033728K), 0.0046655 secs]
273.833: Total time for which application threads were stopped: 0.0048401 seconds, Stopping threads took: 0.0000210 seconds
273.900: [GC (Allocation Failure)  844247K->524759K(1033728K), 0.0047308 secs]
273.905: Total time for which application threads were stopped: 0.0049130 seconds, Stopping threads took: 0.0000199 seconds
273.972: [GC (Allocation Failure)  844247K->524783K(1033728K), 0.0054778 secs]
273.977: Total time for which application threads were stopped: 0.0056596 seconds, Stopping threads took: 0.0000280 seconds
274.045: [GC (Allocation Failure)  844271K->532785K(1027072K), 0.0048208 secs]
274.050: Total time for which application threads were stopped: 0.0049958 seconds, Stopping threads took: 0.0000215 seconds
274.115: [GC (Allocation Failure)  852273K->528847K(1034240K), 0.0036183 secs]
274.119: Total time for which application threads were stopped: 0.0037852 seconds, Stopping threads took: 0.0000219 seconds
274.186: [GC (Allocation Failure)  848335K->532937K(1033216K), 0.0047335 secs]
274.191: Total time for which application threads were stopped: 0.0048922 seconds, Stopping threads took: 0.0000197 seconds
274.260: [GC (Allocation Failure)  852425K->536905K(1034752K), 0.0060161 secs]
274.266: Total time for which application threads were stopped: 0.0061743 seconds, Stopping threads took: 0.0000175 seconds
274.334: [GC (Allocation Failure)  858441K->530119K(1034752K), 0.0019950 secs]
274.336: Total time for which application threads were stopped: 0.0021309 seconds, Stopping threads took: 0.0000194 seconds
274.407: [GC (Allocation Failure)  851655K->536977K(1034752K), 0.0047082 secs]
274.411: Total time for which application threads were stopped: 0.0048587 seconds, Stopping threads took: 0.0000165 seconds
274.478: [GC (Allocation Failure)  858513K->541057K(1034752K), 0.0056159 secs]
274.483: Total time for which application threads were stopped: 0.0058094 seconds, Stopping threads took: 0.0000196 seconds
274.549: [GC (Allocation Failure)  862593K->535487K(1034752K), 0.0026819 secs]
274.552: Total time for which application threads were stopped: 0.0028457 seconds, Stopping threads took: 0.0000272 seconds
274.619: [GC (Allocation Failure)  857023K->541321K(1034752K), 0.0050413 secs]
274.624: Total time for which application threads were stopped: 0.0052114 seconds, Stopping threads took: 0.0000203 seconds
274.691: [GC (Allocation Failure)  862857K->545225K(1034752K), 0.0050837 secs]
274.696: Total time for which application threads were stopped: 0.0052434 seconds, Stopping threads took: 0.0000200 seconds
274.763: [GC (Allocation Failure)  867714K->541287K(1035264K), 0.0034624 secs]
274.766: Total time for which application threads were stopped: 0.0036244 seconds, Stopping threads took: 0.0000193 seconds
274.834: [GC (Allocation Failure)  863847K->545345K(1036288K), 0.0047476 secs]
274.839: Total time for which application threads were stopped: 0.0049113 seconds, Stopping threads took: 0.0000200 seconds
274.906: [GC (Allocation Failure)  869441K->549345K(1035776K), 0.0046568 secs]
274.911: Total time for which application threads were stopped: 0.0048258 seconds, Stopping threads took: 0.0000201 seconds
274.979: [GC (Allocation Failure)  873441K->549313K(1035776K), 0.0064113 secs]
274.986: Total time for which application threads were stopped: 0.0065910 seconds, Stopping threads took: 0.0000211 seconds
275.054: [GC (Allocation Failure)  872897K->549385K(1023488K), 0.0048600 secs]
275.058: Total time for which application threads were stopped: 0.0050335 seconds, Stopping threads took: 0.0000198 seconds
275.125: [GC (Allocation Failure)  872969K->557356K(1035264K), 0.0046101 secs]
275.129: Total time for which application threads were stopped: 0.0047729 seconds, Stopping threads took: 0.0000259 seconds
275.197: [GC (Allocation Failure)  879916K->557356K(1030144K), 0.0045011 secs]
275.202: Total time for which application threads were stopped: 0.0046758 seconds, Stopping threads took: 0.0000195 seconds
275.269: [GC (Allocation Failure)  879916K->557420K(1034752K), 0.0048507 secs]
275.274: Total time for which application threads were stopped: 0.0050125 seconds, Stopping threads took: 0.0000196 seconds
275.341: [GC (Allocation Failure)  878956K->565422K(1029120K), 0.0047430 secs]
275.346: Total time for which application threads were stopped: 0.0049334 seconds, Stopping threads took: 0.0000194 seconds
275.417: [GC (Allocation Failure)  886958K->565422K(1034240K), 0.0046598 secs]
275.422: Total time for which application threads were stopped: 0.0048513 seconds, Stopping threads took: 0.0000196 seconds
275.488: [GC (Allocation Failure)  885934K->565638K(1034240K), 0.0048982 secs]
275.493: Total time for which application threads were stopped: 0.0050610 seconds, Stopping threads took: 0.0000203 seconds
275.563: [GC (Allocation Failure)  886150K->573448K(1034240K), 0.0045184 secs]
275.567: Total time for which application threads were stopped: 0.0047134 seconds, Stopping threads took: 0.0000204 seconds
275.637: [GC (Allocation Failure)  893960K->573384K(1034240K), 0.0047603 secs]
275.642: Total time for which application threads were stopped: 0.0049283 seconds, Stopping threads took: 0.0000261 seconds
275.709: [GC (Allocation Failure)  893896K->573864K(1033216K), 0.0046111 secs]
275.714: Total time for which application threads were stopped: 0.0048064 seconds, Stopping threads took: 0.0000204 seconds
275.783: [GC (Allocation Failure)  893352K->581482K(1033728K), 0.0050389 secs]
275.789: Total time for which application threads were stopped: 0.0053585 seconds, Stopping threads took: 0.0000192 seconds
275.856: [GC (Allocation Failure)  900970K->581450K(1033728K), 0.0046050 secs]
275.861: Total time for which application threads were stopped: 0.0047733 seconds, Stopping threads took: 0.0000271 seconds
275.925: [GC (Allocation Failure)  900938K->581578K(1033728K), 0.0047453 secs]
275.930: Total time for which application threads were stopped: 0.0049040 seconds, Stopping threads took: 0.0000194 seconds
275.997: [GC (Allocation Failure)  901066K->589517K(1033728K), 0.0046105 secs]
276.002: Total time for which application threads were stopped: 0.0047809 seconds, Stopping threads took: 0.0000201 seconds
276.069: [GC (Allocation Failure)  909005K->589517K(1033728K), 0.0049744 secs]
276.074: Total time for which application threads were stopped: 0.0051522 seconds, Stopping threads took: 0.0000197 seconds
276.140: [GC (Allocation Failure)  909005K->589541K(1033728K), 0.0048684 secs]
276.145: Total time for which application threads were stopped: 0.0051429 seconds, Stopping threads took: 0.0000258 seconds
276.212: [GC (Allocation Failure)  909029K->597511K(1027072K), 0.0062469 secs]
276.218: Total time for which application threads were stopped: 0.0064083 seconds, Stopping threads took: 0.0000198 seconds
276.283: [GC (Allocation Failure)  916998K->593573K(1034240K), 0.0038986 secs]
276.287: Total time for which application threads were stopped: 0.0040585 seconds, Stopping threads took: 0.0000199 seconds
276.355: [GC (Allocation Failure)  913061K->597647K(1033216K), 0.0050447 secs]
276.360: Total time for which application threads were stopped: 0.0052439 seconds, Stopping threads took: 0.0000205 seconds
276.430: [GC (Allocation Failure)  917135K->601647K(1034752K), 0.0047740 secs]
276.435: Total time for which application threads were stopped: 0.0049323 seconds, Stopping threads took: 0.0000194 seconds
276.503: [GC (Allocation Failure)  923183K->594861K(1034752K), 0.0023364 secs]
276.505: Total time for which application threads were stopped: 0.0025050 seconds, Stopping threads took: 0.0000172 seconds
276.574: [GC (Allocation Failure)  916397K->601711K(1034752K), 0.0045986 secs]
276.579: Total time for which application threads were stopped: 0.0047599 seconds, Stopping threads took: 0.0000173 seconds
276.645: [GC (Allocation Failure)  923247K->605823K(1034752K), 0.0056785 secs]
276.651: Total time for which application threads were stopped: 0.0058426 seconds, Stopping threads took: 0.0000256 seconds
276.716: [GC (Allocation Failure)  927359K->600221K(1034752K), 0.0029116 secs]
276.719: Total time for which application threads were stopped: 0.0030857 seconds, Stopping threads took: 0.0000191 seconds
276.787: [GC (Allocation Failure)  921757K->606063K(1034752K), 0.0049597 secs]
276.792: Total time for which application threads were stopped: 0.0051305 seconds, Stopping threads took: 0.0000194 seconds
276.859: [GC (Allocation Failure)  927599K->609967K(1035264K), 0.0051240 secs]
276.865: Total time for which application threads were stopped: 0.0052956 seconds, Stopping threads took: 0.0000196 seconds
276.931: [GC (Allocation Failure)  932455K->606029K(1035264K), 0.0036394 secs]
276.935: Total time for which application threads were stopped: 0.0038348 seconds, Stopping threads took: 0.0000203 seconds
277.005: [GC (Allocation Failure)  928589K->610063K(1036288K), 0.0050161 secs]
277.010: Total time for which application threads were stopped: 0.0051705 seconds, Stopping threads took: 0.0000174 seconds
277.078: [GC (Allocation Failure)  934159K->614063K(1035776K), 0.0048137 secs]
277.083: Total time for which application threads were stopped: 0.0050096 seconds, Stopping threads took: 0.0000208 seconds
277.154: [GC (Allocation Failure)  938159K->614063K(1035776K), 0.0046467 secs]
277.159: Total time for which application threads were stopped: 0.0048164 seconds, Stopping threads took: 0.0000270 seconds
277.227: [GC (Allocation Failure)  937647K->614119K(1023488K), 0.0047265 secs]
277.232: Total time for which application threads were stopped: 0.0048902 seconds, Stopping threads took: 0.0000193 seconds
277.299: [GC (Allocation Failure)  937703K->622121K(1035264K), 0.0049223 secs]
277.304: Total time for which application threads were stopped: 0.0050857 seconds, Stopping threads took: 0.0000195 seconds
277.373: [GC (Allocation Failure)  944681K->622089K(1030144K), 0.0067487 secs]
277.380: Total time for which application threads were stopped: 0.0069114 seconds, Stopping threads took: 0.0000280 seconds
277.448: [GC (Allocation Failure)  944649K->622153K(1034752K), 0.0047244 secs]
277.452: Total time for which application threads were stopped: 0.0048944 seconds, Stopping threads took: 0.0000199 seconds
277.519: [GC (Allocation Failure)  943689K->630155K(1029120K), 0.0051884 secs]
277.525: Total time for which application threads were stopped: 0.0053595 seconds, Stopping threads took: 0.0000199 seconds
277.592: [GC (Allocation Failure)  951691K->630123K(1034240K), 0.0048115 secs]
277.597: Total time for which application threads were stopped: 0.0049723 seconds, Stopping threads took: 0.0000199 seconds
277.665: [GC (Allocation Failure)  950635K->630307K(1034240K), 0.0060460 secs]
277.671: Total time for which application threads were stopped: 0.0062246 seconds, Stopping threads took: 0.0000282 seconds
277.738: [GC (Allocation Failure)  950819K->638150K(1034240K), 0.0049235 secs]
277.743: Total time for which application threads were stopped: 0.0050820 seconds, Stopping threads took: 0.0000193 seconds
277.812: [GC (Allocation Failure)  958662K->638150K(1034240K), 0.0050621 secs]
277.817: Total time for which application threads were stopped: 0.0052322 seconds, Stopping threads took: 0.0000194 seconds
277.883: [GC (Allocation Failure)  958662K->638598K(1033216K), 0.0049719 secs]
277.889: Total time for which application threads were stopped: 0.0051341 seconds, Stopping threads took: 0.0000199 seconds
277.958: [GC (Allocation Failure)  958086K->646152K(1033728K), 0.0050189 secs]
277.963: Total time for which application threads were stopped: 0.0052050 seconds, Stopping threads took: 0.0000195 seconds
278.032: [GC (Allocation Failure)  965640K->646216K(1033728K), 0.0049203 secs]
278.037: Total time for which application threads were stopped: 0.0051140 seconds, Stopping threads took: 0.0000197 seconds
278.102: [GC (Allocation Failure)  965704K->646312K(1033728K), 0.0050390 secs]
278.107: Total time for which application threads were stopped: 0.0052108 seconds, Stopping threads took: 0.0000191 seconds
278.175: [GC (Allocation Failure)  965800K->654282K(1033728K), 0.0048770 secs]
278.180: Total time for which application threads were stopped: 0.0050385 seconds, Stopping threads took: 0.0000193 seconds
278.247: [GC (Allocation Failure)  973770K->654218K(1033728K), 0.0050134 secs]
278.252: Total time for which application threads were stopped: 0.0051904 seconds, Stopping threads took: 0.0000197 seconds
278.320: [GC (Allocation Failure)  973706K->654282K(1032704K), 0.0050324 secs]
278.325: Total time for which application threads were stopped: 0.0051947 seconds, Stopping threads took: 0.0000197 seconds
278.393: [GC (Allocation Failure)  972746K->662253K(1033216K), 0.0060678 secs]
278.399: Total time for which application threads were stopped: 0.0062380 seconds, Stopping threads took: 0.0000270 seconds
278.466: [GC (Allocation Failure)  980717K->656682K(1033728K), 0.0029399 secs]
278.469: Total time for which application threads were stopped: 0.0031066 seconds, Stopping threads took: 0.0000201 seconds
278.536: [GC (Allocation Failure)  975658K->662509K(1033216K), 0.0049669 secs]
278.541: Total time for which application threads were stopped: 0.0051258 seconds, Stopping threads took: 0.0000195 seconds
278.608: [GC (Allocation Failure)  981485K->666397K(1034240K), 0.0053173 secs]
278.614: Total time for which application threads were stopped: 0.0055097 seconds, Stopping threads took: 0.0000192 seconds
278.683: [GC (Allocation Failure)  986909K->672314K(1034240K), 0.0074118 secs]
278.690: Total time for which application threads were stopped: 0.0075857 seconds, Stopping threads took: 0.0000289 seconds
278.758: [GC (Allocation Failure)  992826K->666589K(1030144K), 0.0051056 secs]
278.763: Total time for which application threads were stopped: 0.0052833 seconds, Stopping threads took: 0.0000202 seconds
278.832: [GC (Allocation Failure)  983005K->666397K(1032192K), 0.0049697 secs]
278.837: Total time for which application threads were stopped: 0.0051398 seconds, Stopping threads took: 0.0000196 seconds
278.903: [GC (Allocation Failure)  982813K->662234K(1033216K), 0.0035532 secs]
278.907: Total time for which application threads were stopped: 0.0037310 seconds, Stopping threads took: 0.0000205 seconds
278.974: [GC (Allocation Failure)  980186K->666525K(1032704K), 0.0049749 secs]
278.979: Total time for which application threads were stopped: 0.0052289 seconds, Stopping threads took: 0.0000195 seconds
279.044: [GC (Allocation Failure)  984477K->666365K(1033728K), 0.0059593 secs]
279.050: Total time for which application threads were stopped: 0.0061405 seconds, Stopping threads took: 0.0000195 seconds
279.119: [GC (Allocation Failure)  985341K->670013K(1033216K), 0.0056489 secs]
279.125: Total time for which application threads were stopped: 0.0058193 seconds, Stopping threads took: 0.0000198 seconds
279.193: [GC (Allocation Failure)  988989K->674495K(1034240K), 0.0049161 secs]
279.198: Total time for which application threads were stopped: 0.0051135 seconds, Stopping threads took: 0.0000265 seconds
279.264: [GC (Allocation Failure)  994495K->674399K(1033728K), 0.0050849 secs]
279.269: Total time for which application threads were stopped: 0.0052560 seconds, Stopping threads took: 0.0000193 seconds
279.336: [GC (Allocation Failure)  994399K->677735K(1034240K), 0.0058315 secs]
279.342: Total time for which application threads were stopped: 0.0059945 seconds, Stopping threads took: 0.0000197 seconds
279.411: [GC (Allocation Failure)  998247K->682473K(1034240K), 0.0049239 secs]
279.416: Total time for which application threads were stopped: 0.0050730 seconds, Stopping threads took: 0.0000172 seconds
279.484: [GC (Allocation Failure)  1002985K->682473K(1034752K), 0.0048167 secs]
279.489: Total time for which application threads were stopped: 0.0050148 seconds, Stopping threads took: 0.0000220 seconds
279.556: [GC (Allocation Failure)  1004009K->684937K(1034752K), 0.0053822 secs]
279.561: Total time for which application threads were stopped: 0.0055419 seconds, Stopping threads took: 0.0000195 seconds
279.629: [GC (Allocation Failure)  1006473K->690539K(1034752K), 0.0047553 secs]
279.634: Total time for which application threads were stopped: 0.0049199 seconds, Stopping threads took: 0.0000189 seconds
279.701: [GC (Allocation Failure)  1012075K->690507K(1034752K), 0.0049584 secs]
279.707: Total time for which application threads were stopped: 0.0051264 seconds, Stopping threads took: 0.0000167 seconds
279.772: [GC (Allocation Failure)  1012043K->694219K(1035264K), 0.0059171 secs]
279.778: [Full GC (Ergonomics)  694219K->12159K(1035264K), 0.0177185 secs]
279.795: Total time for which application threads were stopped: 0.0238832 seconds, Stopping threads took: 0.0000209 seconds
279.862: [GC (Allocation Failure)  334207K->20705K(1034752K), 0.0038951 secs]
279.866: Total time for which application threads were stopped: 0.0040651 seconds, Stopping threads took: 0.0000204 seconds
279.934: [GC (Allocation Failure)  342753K->20689K(1035264K), 0.0035987 secs]
279.938: Total time for which application threads were stopped: 0.0037626 seconds, Stopping threads took: 0.0000202 seconds
280.005: [GC (Allocation Failure)  342737K->23049K(1034752K), 0.0039285 secs]
280.009: Total time for which application threads were stopped: 0.0040898 seconds, Stopping threads took: 0.0000277 seconds
280.079: [GC (Allocation Failure)  345097K->28812K(1035264K), 0.0037323 secs]
280.083: Total time for which application threads were stopped: 0.0039105 seconds, Stopping threads took: 0.0000209 seconds
280.151: [GC (Allocation Failure)  351372K->28716K(1035264K), 0.0038178 secs]
280.155: Total time for which application threads were stopped: 0.0040080 seconds, Stopping threads took: 0.0000285 seconds
280.222: [GC (Allocation Failure)  351276K->30764K(1034240K), 0.0038866 secs]
280.226: Total time for which application threads were stopped: 0.0040657 seconds, Stopping threads took: 0.0000197 seconds
280.294: [GC (Allocation Failure)  352300K->36814K(1034752K), 0.0035952 secs]
280.298: Total time for which application threads were stopped: 0.0037667 seconds, Stopping threads took: 0.0000200 seconds
280.365: [GC (Allocation Failure)  358350K->36718K(1035264K), 0.0036711 secs]
280.369: Total time for which application threads were stopped: 0.0038464 seconds, Stopping threads took: 0.0000210 seconds
280.438: [GC (Allocation Failure)  358766K->40518K(1034752K), 0.0046667 secs]
280.442: Total time for which application threads were stopped: 0.0048280 seconds, Stopping threads took: 0.0000196 seconds
280.510: [GC (Allocation Failure)  362566K->45032K(1035264K), 0.0038834 secs]
280.514: Total time for which application threads were stopped: 0.0040833 seconds, Stopping threads took: 0.0000194 seconds
280.582: [GC (Allocation Failure)  367592K->44776K(1035264K), 0.0036607 secs]
280.586: Total time for which application threads were stopped: 0.0038577 seconds, Stopping threads took: 0.0000207 seconds
280.655: [GC (Allocation Failure)  367336K->40198K(1035264K), 0.0018150 secs]
280.657: Total time for which application threads were stopped: 0.0019732 seconds, Stopping threads took: 0.0000277 seconds
280.726: [GC (Allocation Failure)  362758K->44968K(1035264K), 0.0035415 secs]
280.729: Total time for which application threads were stopped: 0.0037072 seconds, Stopping threads took: 0.0000203 seconds
280.797: [GC (Allocation Failure)  367528K->44808K(1035264K), 0.0037888 secs]
280.801: Total time for which application threads were stopped: 0.0039709 seconds, Stopping threads took: 0.0000216 seconds
280.869: [GC (Allocation Failure)  367368K->44518K(1035264K), 0.0037099 secs]
280.873: Total time for which application threads were stopped: 0.0038751 seconds, Stopping threads took: 0.0000203 seconds
280.940: [GC (Allocation Failure)  367078K->44872K(1035776K), 0.0038486 secs]
280.944: Total time for which application threads were stopped: 0.0040119 seconds, Stopping threads took: 0.0000190 seconds
281.012: [GC (Allocation Failure)  368456K->44776K(1035776K), 0.0037166 secs]
281.016: Total time for which application threads were stopped: 0.0038922 seconds, Stopping threads took: 0.0000249 seconds
281.083: [GC (Allocation Failure)  368360K->50822K(1031680K), 0.0064286 secs]
281.089: Total time for which application threads were stopped: 0.0066117 seconds, Stopping threads took: 0.0000282 seconds
281.156: [GC (Allocation Failure)  370310K->46184K(1033728K), 0.0038088 secs]
281.160: Total time for which application threads were stopped: 0.0039891 seconds, Stopping threads took: 0.0000267 seconds
281.227: [GC (Allocation Failure)  365672K->46120K(1034752K), 0.0036285 secs]
281.231: Total time for which application threads were stopped: 0.0037918 seconds, Stopping threads took: 0.0000199 seconds
281.297: [GC (Allocation Failure)  367144K->48806K(1034240K), 0.0048401 secs]
281.302: Total time for which application threads were stopped: 0.0050117 seconds, Stopping threads took: 0.0000275 seconds
281.369: [GC (Allocation Failure)  369830K->46120K(1034752K), 0.0036390 secs]
281.373: Total time for which application threads were stopped: 0.0038383 seconds, Stopping threads took: 0.0000205 seconds
281.441: [GC (Allocation Failure)  367144K->46088K(1034240K), 0.0038704 secs]
281.445: Total time for which application threads were stopped: 0.0040305 seconds, Stopping threads took: 0.0000201 seconds
281.512: [GC (Allocation Failure)  367112K->48486K(1034240K), 0.0048148 secs]
281.517: Total time for which application threads were stopped: 0.0049787 seconds, Stopping threads took: 0.0000203 seconds
281.584: [GC (Allocation Failure)  370022K->46344K(1034752K), 0.0038880 secs]
281.588: Total time for which application threads were stopped: 0.0040518 seconds, Stopping threads took: 0.0000198 seconds
281.656: [GC (Allocation Failure)  367880K->46056K(1035776K), 0.0043617 secs]
281.660: Total time for which application threads were stopped: 0.0045287 seconds, Stopping threads took: 0.0000200 seconds
281.725: [GC (Allocation Failure)  369128K->51198K(1035264K), 0.0061106 secs]
281.732: Total time for which application threads were stopped: 0.0062878 seconds, Stopping threads took: 0.0000189 seconds
281.798: [GC (Allocation Failure)  374270K->46624K(1034240K), 0.0038394 secs]
281.802: Total time for which application threads were stopped: 0.0040202 seconds, Stopping threads took: 0.0000201 seconds
281.869: [GC (Allocation Failure)  368160K->46496K(1034752K), 0.0040293 secs]
281.873: Total time for which application threads were stopped: 0.0042451 seconds, Stopping threads took: 0.0000201 seconds
281.940: [GC (Allocation Failure)  368032K->54350K(1031168K), 0.0074863 secs]
281.947: Total time for which application threads were stopped: 0.0076628 seconds, Stopping threads took: 0.0000285 seconds
282.015: [GC (Allocation Failure)  372814K->49264K(1033216K), 0.0038349 secs]
282.019: Total time for which application threads were stopped: 0.0040002 seconds, Stopping threads took: 0.0000201 seconds
282.084: [GC (Allocation Failure)  367728K->49136K(1033728K), 0.0036860 secs]
282.088: Total time for which application threads were stopped: 0.0038532 seconds, Stopping threads took: 0.0000209 seconds
282.155: [GC (Allocation Failure)  368112K->49550K(1033216K), 0.0038276 secs]
282.158: Total time for which application threads were stopped: 0.0040084 seconds, Stopping threads took: 0.0000257 seconds
282.226: [GC (Allocation Failure)  368526K->49200K(1034752K), 0.0036146 secs]
282.230: Total time for which application threads were stopped: 0.0037774 seconds, Stopping threads took: 0.0000204 seconds
282.297: [GC (Allocation Failure)  370224K->49104K(1034240K), 0.0038853 secs]
282.301: Total time for which application threads were stopped: 0.0040453 seconds, Stopping threads took: 0.0000199 seconds
282.369: [GC (Allocation Failure)  370128K->47182K(1034752K), 0.0031409 secs]
282.373: Total time for which application threads were stopped: 0.0033225 seconds, Stopping threads took: 0.0000279 seconds
282.442: [GC (Allocation Failure)  368718K->49136K(1034752K), 0.0038459 secs]
282.446: Total time for which application threads were stopped: 0.0040038 seconds, Stopping threads took: 0.0000190 seconds
282.512: [GC (Allocation Failure)  370672K->49136K(1035776K), 0.0037817 secs]
282.516: Total time for which application threads were stopped: 0.0039589 seconds, Stopping threads took: 0.0000276 seconds
282.582: [GC (Allocation Failure)  372208K->49902K(1035264K), 0.0041238 secs]
282.586: Total time for which application threads were stopped: 0.0042860 seconds, Stopping threads took: 0.0000200 seconds
282.657: [GC (Allocation Failure)  372974K->49328K(1036288K), 0.0037877 secs]
282.661: Total time for which application threads were stopped: 0.0039475 seconds, Stopping threads took: 0.0000195 seconds
282.729: [GC (Allocation Failure)  373424K->49136K(1035776K), 0.0037736 secs]
282.733: Total time for which application threads were stopped: 0.0039348 seconds, Stopping threads took: 0.0000193 seconds
282.801: [GC (Allocation Failure)  373232K->41422K(1034240K), 0.0006648 secs]
282.801: Total time for which application threads were stopped: 0.0007886 seconds, Stopping threads took: 0.0000194 seconds
282.870: [GC (Allocation Failure)  363982K->49304K(1035264K), 0.0036944 secs]
282.873: Total time for which application threads were stopped: 0.0038843 seconds, Stopping threads took: 0.0000208 seconds
282.940: [GC (Allocation Failure)  371864K->53256K(1036288K), 0.0069285 secs]
282.947: Total time for which application threads were stopped: 0.0071011 seconds, Stopping threads took: 0.0000217 seconds
283.015: [GC (Allocation Failure)  377352K->49350K(1035776K), 0.0024603 secs]
283.017: Total time for which application threads were stopped: 0.0026626 seconds, Stopping threads took: 0.0000298 seconds
283.088: [GC (Allocation Failure)  373446K->53424K(1035264K), 0.0038758 secs]
283.092: Total time for which application threads were stopped: 0.0040278 seconds, Stopping threads took: 0.0000178 seconds
283.160: [GC (Allocation Failure)  377008K->57392K(1035776K), 0.0037261 secs]
283.164: Total time for which application threads were stopped: 0.0039155 seconds, Stopping threads took: 0.0000264 seconds
283.233: [GC (Allocation Failure)  380976K->57392K(1036288K), 0.0036829 secs]
283.236: Total time for which application threads were stopped: 0.0038576 seconds, Stopping threads took: 0.0000198 seconds
283.303: [GC (Allocation Failure)  382000K->57736K(1024512K), 0.0037266 secs]
283.306: Total time for which application threads were stopped: 0.0038993 seconds, Stopping threads took: 0.0000206 seconds
283.375: [GC (Allocation Failure)  382344K->65418K(1035776K), 0.0043622 secs]
283.380: Total time for which application threads were stopped: 0.0045166 seconds, Stopping threads took: 0.0000161 seconds
283.449: [GC (Allocation Failure)  389002K->65418K(1035776K), 0.0038027 secs]
283.453: Total time for which application threads were stopped: 0.0039846 seconds, Stopping threads took: 0.0000197 seconds
283.522: [GC (Allocation Failure)  389002K->65962K(1034752K), 0.0038742 secs]
283.526: Total time for which application threads were stopped: 0.0040401 seconds, Stopping threads took: 0.0000208 seconds
283.594: [GC (Allocation Failure)  388522K->73485K(1035264K), 0.0037485 secs]
283.598: Total time for which application threads were stopped: 0.0039213 seconds, Stopping threads took: 0.0000203 seconds
283.665: [GC (Allocation Failure)  396045K->73485K(1035264K), 0.0038764 secs]
283.669: Total time for which application threads were stopped: 0.0040545 seconds, Stopping threads took: 0.0000263 seconds
283.738: [GC (Allocation Failure)  396045K->73709K(1022464K), 0.0039436 secs]
283.742: Total time for which application threads were stopped: 0.0041092 seconds, Stopping threads took: 0.0000205 seconds
283.810: [GC (Allocation Failure)  396269K->81519K(1034752K), 0.0038176 secs]
283.813: Total time for which application threads were stopped: 0.0039803 seconds, Stopping threads took: 0.0000195 seconds
283.881: [GC (Allocation Failure)  403055K->81519K(1034752K), 0.0037550 secs]
283.884: Total time for which application threads were stopped: 0.0039333 seconds, Stopping threads took: 0.0000201 seconds
283.951: [GC (Allocation Failure)  403055K->81543K(1033728K), 0.0036908 secs]
283.955: Total time for which application threads were stopped: 0.0038631 seconds, Stopping threads took: 0.0000216 seconds
284.022: [GC (Allocation Failure)  402055K->89513K(1034240K), 0.0040623 secs]
284.026: Total time for which application threads were stopped: 0.0042339 seconds, Stopping threads took: 0.0000203 seconds
284.094: [GC (Allocation Failure)  410025K->89513K(1034240K), 0.0039484 secs]
284.098: Total time for which application threads were stopped: 0.0041190 seconds, Stopping threads took: 0.0000197 seconds
284.165: [GC (Allocation Failure)  410025K->89641K(1034240K), 0.0037211 secs]
284.169: Total time for which application threads were stopped: 0.0038888 seconds, Stopping threads took: 0.0000272 seconds
284.237: [GC (Allocation Failure)  410153K->97547K(1034240K), 0.0038381 secs]
284.241: Total time for which application threads were stopped: 0.0040025 seconds, Stopping threads took: 0.0000206 seconds
284.307: [GC (Allocation Failure)  418059K->97547K(1034240K), 0.0038365 secs]
284.311: Total time for which application threads were stopped: 0.0039967 seconds, Stopping threads took: 0.0000198 seconds
284.380: [GC (Allocation Failure)  418059K->97867K(1033216K), 0.0052225 secs]
284.385: Total time for which application threads were stopped: 0.0054361 seconds, Stopping threads took: 0.0000314 seconds
284.453: [GC (Allocation Failure)  417355K->105614K(1033728K), 0.0037656 secs]
284.457: Total time for which application threads were stopped: 0.0039277 seconds, Stopping threads took: 0.0000199 seconds
284.523: [GC (Allocation Failure)  425102K->105582K(1033728K), 0.0038179 secs]
284.527: Total time for which application threads were stopped: 0.0040047 seconds, Stopping threads took: 0.0000276 seconds
284.593: [GC (Allocation Failure)  425070K->106086K(1033728K), 0.0038692 secs]
284.597: Total time for which application threads were stopped: 0.0040625 seconds, Stopping threads took: 0.0000209 seconds
284.665: [GC (Allocation Failure)  425574K->113608K(1033728K), 0.0037588 secs]
284.668: Total time for which application threads were stopped: 0.0039287 seconds, Stopping threads took: 0.0000253 seconds
284.736: [GC (Allocation Failure)  433096K->113608K(1033728K), 0.0035657 secs]
284.740: Total time for which application threads were stopped: 0.0037330 seconds, Stopping threads took: 0.0000251 seconds
284.805: [GC (Allocation Failure)  433096K->113832K(1033728K), 0.0040236 secs]
284.809: Total time for which application threads were stopped: 0.0041889 seconds, Stopping threads took: 0.0000204 seconds
284.874: [GC (Allocation Failure)  433320K->121610K(1033728K), 0.0040814 secs]
284.879: Total time for which application threads were stopped: 0.0042628 seconds, Stopping threads took: 0.0000203 seconds
284.946: [GC (Allocation Failure)  441098K->121642K(1033728K), 0.0064831 secs]
284.953: Total time for which application threads were stopped: 0.0066469 seconds, Stopping threads took: 0.0000199 seconds
285.019: [GC (Allocation Failure)  441130K->121802K(1033728K), 0.0040009 secs]
285.023: Total time for which application threads were stopped: 0.0041935 seconds, Stopping threads took: 0.0000201 seconds
285.092: [GC (Allocation Failure)  441290K->129709K(1032704K), 0.0039212 secs]
285.096: Total time for which application threads were stopped: 0.0041027 seconds, Stopping threads took: 0.0000199 seconds
285.164: [GC (Allocation Failure)  448172K->125802K(1033216K), 0.0025898 secs]
285.167: Total time for which application threads were stopped: 0.0027527 seconds, Stopping threads took: 0.0000262 seconds
285.236: [GC (Allocation Failure)  444266K->129837K(1034752K), 0.0040688 secs]
285.240: Total time for which application threads were stopped: 0.0042331 seconds, Stopping threads took: 0.0000200 seconds
285.309: [GC (Allocation Failure)  450861K->133773K(1034240K), 0.0039706 secs]
285.313: Total time for which application threads were stopped: 0.0041642 seconds, Stopping threads took: 0.0000198 seconds
285.380: [GC (Allocation Failure)  454797K->127018K(1034752K), 0.0068779 secs]
285.387: Total time for which application threads were stopped: 0.0070773 seconds, Stopping threads took: 0.0000235 seconds
285.455: [GC (Allocation Failure)  448554K->133877K(1034752K), 0.0039263 secs]
285.459: Total time for which application threads were stopped: 0.0040880 seconds, Stopping threads took: 0.0000191 seconds
285.525: [GC (Allocation Failure)  455413K->137989K(1034752K), 0.0047761 secs]
285.530: Total time for which application threads were stopped: 0.0049503 seconds, Stopping threads took: 0.0000210 seconds
285.596: [GC (Allocation Failure)  459525K->132418K(1034752K), 0.0017748 secs]
285.598: Total time for which application threads were stopped: 0.0019216 seconds, Stopping threads took: 0.0000207 seconds
285.665: [GC (Allocation Failure)  453954K->138229K(1035776K), 0.0039951 secs]
285.669: Total time for which application threads were stopped: 0.0041696 seconds, Stopping threads took: 0.0000209 seconds
285.737: [GC (Allocation Failure)  460789K->142101K(1034752K), 0.0041569 secs]
285.741: Total time for which application threads were stopped: 0.0043252 seconds, Stopping threads took: 0.0000196 seconds
285.807: [GC (Allocation Failure)  464589K->138162K(1035776K), 0.0027267 secs]
285.810: Total time for which application threads were stopped: 0.0028985 seconds, Stopping threads took: 0.0000199 seconds
285.879: [GC (Allocation Failure)  461234K->142221K(1035264K), 0.0040447 secs]
285.883: Total time for which application threads were stopped: 0.0042467 seconds, Stopping threads took: 0.0000223 seconds
285.953: [GC (Allocation Failure)  465293K->146253K(1035264K), 0.0040822 secs]
285.957: Total time for which application threads were stopped: 0.0042401 seconds, Stopping threads took: 0.0000191 seconds
286.027: [GC (Allocation Failure)  469837K->146221K(1035776K), 0.0035617 secs]
286.030: Total time for which application threads were stopped: 0.0037217 seconds, Stopping threads took: 0.0000171 seconds
286.098: [GC (Allocation Failure)  469805K->146285K(1034752K), 0.0039647 secs]
286.102: Total time for which application threads were stopped: 0.0041384 seconds, Stopping threads took: 0.0000194 seconds
286.170: [GC (Allocation Failure)  468845K->154255K(1035264K), 0.0036876 secs]
286.174: Total time for which application threads were stopped: 0.0038744 seconds, Stopping threads took: 0.0000273 seconds
286.244: [GC (Allocation Failure)  476815K->154255K(1034240K), 0.0037795 secs]
286.248: Total time for which application threads were stopped: 0.0039507 seconds, Stopping threads took: 0.0000169 seconds
286.314: [GC (Allocation Failure)  475791K->154311K(1034752K), 0.0038536 secs]
286.318: Total time for which application threads were stopped: 0.0040134 seconds, Stopping threads took: 0.0000204 seconds
286.389: [GC (Allocation Failure)  475847K->162281K(1034752K), 0.0054117 secs]
286.395: Total time for which application threads were stopped: 0.0056204 seconds, Stopping threads took: 0.0000249 seconds
286.463: [GC (Allocation Failure)  483817K->162281K(1029120K), 0.0037124 secs]
286.467: Total time for which application threads were stopped: 0.0039057 seconds, Stopping threads took: 0.0000199 seconds
286.534: [GC (Allocation Failure)  483817K->162505K(1034240K), 0.0038706 secs]
286.538: Total time for which application threads were stopped: 0.0040642 seconds, Stopping threads took: 0.0000194 seconds
286.607: [GC (Allocation Failure)  483017K->170315K(1034240K), 0.0039562 secs]
286.611: Total time for which application threads were stopped: 0.0041214 seconds, Stopping threads took: 0.0000166 seconds
286.681: [GC (Allocation Failure)  490827K->170283K(1034240K), 0.0038200 secs]
286.685: Total time for which application threads were stopped: 0.0039910 seconds, Stopping threads took: 0.0000265 seconds
286.752: [GC (Allocation Failure)  490795K->170763K(1034240K), 0.0040510 secs]
286.756: Total time for which application threads were stopped: 0.0042366 seconds, Stopping threads took: 0.0000215 seconds
286.824: [GC (Allocation Failure)  491275K->178350K(1033216K), 0.0038310 secs]
286.828: Total time for which application threads were stopped: 0.0040230 seconds, Stopping threads took: 0.0000200 seconds
286.896: [GC (Allocation Failure)  497838K->178350K(1033728K), 0.0037463 secs]
286.900: Total time for which application threads were stopped: 0.0038952 seconds, Stopping threads took: 0.0000166 seconds
286.965: [GC (Allocation Failure)  497838K->178470K(1033728K), 0.0041388 secs]
286.970: Total time for which application threads were stopped: 0.0043316 seconds, Stopping threads took: 0.0000197 seconds
287.039: [GC (Allocation Failure)  497958K->186408K(1033728K), 0.0038908 secs]
287.043: Total time for which application threads were stopped: 0.0040808 seconds, Stopping threads took: 0.0000274 seconds
287.111: [GC (Allocation Failure)  505896K->186344K(1033728K), 0.0038837 secs]
287.115: Total time for which application threads were stopped: 0.0040371 seconds, Stopping threads took: 0.0000178 seconds
287.181: [GC (Allocation Failure)  505832K->186440K(1033728K), 0.0038787 secs]
287.185: Total time for which application threads were stopped: 0.0040643 seconds, Stopping threads took: 0.0000255 seconds
287.252: [GC (Allocation Failure)  505928K->194410K(1032704K), 0.0038603 secs]
287.256: Total time for which application threads were stopped: 0.0040411 seconds, Stopping threads took: 0.0000257 seconds
287.323: [GC (Allocation Failure)  512874K->188840K(1033216K), 0.0019558 secs]
287.325: Total time for which application threads were stopped: 0.0021210 seconds, Stopping threads took: 0.0000199 seconds
287.392: [GC (Allocation Failure)  507304K->194690K(1034752K), 0.0057768 secs]
287.398: Total time for which application threads were stopped: 0.0059305 seconds, Stopping threads took: 0.0000250 seconds
287.466: [GC (Allocation Failure)  515202K->198546K(1033728K), 0.0042294 secs]
287.470: Total time for which application threads were stopped: 0.0043897 seconds, Stopping threads took: 0.0000195 seconds
287.539: [GC (Allocation Failure)  519058K->205448K(1029120K), 0.0070081 secs]
287.546: Total time for which application threads were stopped: 0.0071892 seconds, Stopping threads took: 0.0000278 seconds
287.613: [GC (Allocation Failure)  520840K->199338K(1031680K), 0.0042618 secs]
287.618: Total time for which application threads were stopped: 0.0044506 seconds, Stopping threads took: 0.0000221 seconds
287.683: [GC (Allocation Failure)  514730K->199178K(1032704K), 0.0040057 secs]
287.687: Total time for which application threads were stopped: 0.0041725 seconds, Stopping threads took: 0.0000263 seconds
287.753: [GC (Allocation Failure)  516106K->202570K(1032192K), 0.0048498 secs]
287.758: Total time for which application threads were stopped: 0.0050223 seconds, Stopping threads took: 0.0000194 seconds
287.825: [GC (Allocation Failure)  519498K->207340K(1033216K), 0.0040792 secs]
287.829: Total time for which application threads were stopped: 0.0042609 seconds, Stopping threads took: 0.0000196 seconds
287.897: [GC (Allocation Failure)  525292K->207180K(1032704K), 0.0041349 secs]
287.901: Total time for which application threads were stopped: 0.0043018 seconds, Stopping threads took: 0.0000204 seconds
287.967: [GC (Allocation Failure)  525132K->208236K(1033216K), 0.0041464 secs]
287.972: Total time for which application threads were stopped: 0.0043122 seconds, Stopping threads took: 0.0000204 seconds
288.039: [GC (Allocation Failure)  526700K->215247K(1033216K), 0.0041836 secs]
288.043: Total time for which application threads were stopped: 0.0043795 seconds, Stopping threads took: 0.0000201 seconds
288.112: [GC (Allocation Failure)  533711K->215279K(1033728K), 0.0040945 secs]
288.116: Total time for which application threads were stopped: 0.0042452 seconds, Stopping threads took: 0.0000181 seconds
288.184: [GC (Allocation Failure)  534255K->216935K(1033216K), 0.0041844 secs]
288.188: Total time for which application threads were stopped: 0.0043539 seconds, Stopping threads took: 0.0000263 seconds
288.256: [GC (Allocation Failure)  535911K->223337K(1033728K), 0.0040277 secs]
288.260: Total time for which application threads were stopped: 0.0041873 seconds, Stopping threads took: 0.0000198 seconds
288.326: [GC (Allocation Failure)  542825K->223273K(1033728K), 0.0049883 secs]
288.332: Total time for which application threads were stopped: 0.0051627 seconds, Stopping threads took: 0.0000198 seconds
288.400: [GC (Allocation Failure)  542761K->223625K(1033728K), 0.0041256 secs]
288.404: Total time for which application threads were stopped: 0.0042726 seconds, Stopping threads took: 0.0000173 seconds
288.471: [GC (Allocation Failure)  543113K->231339K(1033728K), 0.0040934 secs]
288.476: Total time for which application threads were stopped: 0.0042809 seconds, Stopping threads took: 0.0000277 seconds
288.543: [GC (Allocation Failure)  550827K->231339K(1033728K), 0.0040474 secs]
288.547: Total time for which application threads were stopped: 0.0042117 seconds, Stopping threads took: 0.0000203 seconds
288.614: [GC (Allocation Failure)  550827K->234955K(1033728K), 0.0048821 secs]
288.619: Total time for which application threads were stopped: 0.0050723 seconds, Stopping threads took: 0.0000200 seconds
288.687: [GC (Allocation Failure)  554443K->239405K(1034240K), 0.0042774 secs]
288.691: Total time for which application threads were stopped: 0.0044411 seconds, Stopping threads took: 0.0000205 seconds
288.758: [GC (Allocation Failure)  559917K->239373K(1034240K), 0.0040969 secs]
288.762: Total time for which application threads were stopped: 0.0042622 seconds, Stopping threads took: 0.0000199 seconds
288.829: [GC (Allocation Failure)  559885K->240069K(1034240K), 0.0042739 secs]
288.833: Total time for which application threads were stopped: 0.0044490 seconds, Stopping threads took: 0.0000198 seconds
288.903: [GC (Allocation Failure)  560581K->247400K(1034240K), 0.0041289 secs]
288.907: Total time for which application threads were stopped: 0.0042954 seconds, Stopping threads took: 0.0000210 seconds
288.974: [GC (Allocation Failure)  567912K->247368K(1034240K), 0.0038968 secs]
288.978: Total time for which application threads were stopped: 0.0040632 seconds, Stopping threads took: 0.0000199 seconds
289.045: [GC (Allocation Failure)  567880K->248328K(1034240K), 0.0059226 secs]
289.051: Total time for which application threads were stopped: 0.0061069 seconds, Stopping threads took: 0.0000211 seconds
289.119: [GC (Allocation Failure)  568840K->255402K(1034240K), 0.0042774 secs]
289.123: Total time for which application threads were stopped: 0.0044799 seconds, Stopping threads took: 0.0000214 seconds
289.192: [GC (Allocation Failure)  575914K->255402K(1034240K), 0.0041625 secs]
289.196: Total time for which application threads were stopped: 0.0043298 seconds, Stopping threads took: 0.0000263 seconds
289.263: [GC (Allocation Failure)  575914K->256554K(1034240K), 0.0043829 secs]
289.267: Total time for which application threads were stopped: 0.0045559 seconds, Stopping threads took: 0.0000203 seconds
289.335: [GC (Allocation Failure)  577066K->263468K(1034240K), 0.0043455 secs]
289.339: Total time for which application threads were stopped: 0.0045300 seconds, Stopping threads took: 0.0000207 seconds
289.410: [GC (Allocation Failure)  583980K->263436K(1034240K), 0.0042256 secs]
289.414: Total time for which application threads were stopped: 0.0043881 seconds, Stopping threads took: 0.0000197 seconds
289.483: [GC (Allocation Failure)  583948K->263756K(1020416K), 0.0041986 secs]
289.487: Total time for which application threads were stopped: 0.0043625 seconds, Stopping threads took: 0.0000196 seconds
289.556: [GC (Allocation Failure)  584268K->271535K(1033728K), 0.0041876 secs]
289.561: Total time for which application threads were stopped: 0.0043561 seconds, Stopping threads took: 0.0000198 seconds
289.628: [GC (Allocation Failure)  591023K->271503K(1033728K), 0.0040571 secs]
289.632: Total time for which application threads were stopped: 0.0042191 seconds, Stopping threads took: 0.0000203 seconds
289.698: [GC (Allocation Failure)  590991K->272007K(1033728K), 0.0042167 secs]
289.703: Total time for which application threads were stopped: 0.0043862 seconds, Stopping threads took: 0.0000264 seconds
289.770: [GC (Allocation Failure)  591495K->279561K(1033728K), 0.0042155 secs]
289.774: Total time for which application threads were stopped: 0.0044110 seconds, Stopping threads took: 0.0000200 seconds
289.843: [GC (Allocation Failure)  599049K->279529K(1033728K), 0.0043042 secs]
289.847: Total time for which application threads were stopped: 0.0044721 seconds, Stopping threads took: 0.0000198 seconds
289.913: [GC (Allocation Failure)  599017K->280233K(1033728K), 0.0043246 secs]
289.917: Total time for which application threads were stopped: 0.0044950 seconds, Stopping threads took: 0.0000192 seconds
289.985: [GC (Allocation Failure)  599721K->287531K(1033728K), 0.0056214 secs]
289.990: Total time for which application threads were stopped: 0.0057816 seconds, Stopping threads took: 0.0000193 seconds
290.057: [GC (Allocation Failure)  607019K->287531K(1033728K), 0.0068575 secs]
290.064: Total time for which application threads were stopped: 0.0070392 seconds, Stopping threads took: 0.0000199 seconds
290.131: [GC (Allocation Failure)  607019K->289507K(1033728K), 0.0047708 secs]
290.135: Total time for which application threads were stopped: 0.0049480 seconds, Stopping threads took: 0.0000213 seconds
290.203: [GC (Allocation Failure)  608995K->295557K(1033728K), 0.0041801 secs]
290.208: Total time for which application threads were stopped: 0.0043699 seconds, Stopping threads took: 0.0000264 seconds
290.274: [GC (Allocation Failure)  615045K->295589K(1033728K), 0.0063721 secs]
290.281: Total time for which application threads were stopped: 0.0065331 seconds, Stopping threads took: 0.0000194 seconds
290.347: [GC (Allocation Failure)  615077K->296717K(1033728K), 0.0043651 secs]
290.351: Total time for which application threads were stopped: 0.0045273 seconds, Stopping threads took: 0.0000192 seconds
290.420: [GC (Allocation Failure)  616205K->303632K(1033728K), 0.0042929 secs]
290.425: Total time for which application threads were stopped: 0.0044673 seconds, Stopping threads took: 0.0000197 seconds
290.493: [GC (Allocation Failure)  623120K->303600K(1033728K), 0.0041827 secs]
290.497: Total time for which application threads were stopped: 0.0043658 seconds, Stopping threads took: 0.0000169 seconds
290.565: [GC (Allocation Failure)  623088K->303912K(1033728K), 0.0042035 secs]
290.569: Total time for which application threads were stopped: 0.0043839 seconds, Stopping threads took: 0.0000170 seconds
290.638: [GC (Allocation Failure)  623400K->311658K(1033728K), 0.0042186 secs]
290.642: Total time for which application threads were stopped: 0.0043641 seconds, Stopping threads took: 0.0000164 seconds
290.710: [GC (Allocation Failure)  631146K->311626K(1033728K), 0.0043060 secs]
290.714: Total time for which application threads were stopped: 0.0044867 seconds, Stopping threads took: 0.0000194 seconds
290.781: [GC (Allocation Failure)  631114K->312138K(1033728K), 0.0043312 secs]
290.785: Total time for which application threads were stopped: 0.0045046 seconds, Stopping threads took: 0.0000219 seconds
290.853: [GC (Allocation Failure)  631626K->319724K(1033728K), 0.0043812 secs]
290.857: Total time for which application threads were stopped: 0.0045539 seconds, Stopping threads took: 0.0000200 seconds
290.925: [GC (Allocation Failure)  639212K->319692K(1033728K), 0.0044398 secs]
290.930: Total time for which application threads were stopped: 0.0046109 seconds, Stopping threads took: 0.0000199 seconds
290.996: [GC (Allocation Failure)  639180K->320388K(1033728K), 0.0045541 secs]
291.000: Total time for which application threads were stopped: 0.0047162 seconds, Stopping threads took: 0.0000194 seconds
291.070: [GC (Allocation Failure)  639876K->327686K(1033728K), 0.0040237 secs]
291.075: Total time for which application threads were stopped: 0.0041981 seconds, Stopping threads took: 0.0000203 seconds
291.143: [GC (Allocation Failure)  647174K->327686K(1033728K), 0.0040967 secs]
291.147: Total time for which application threads were stopped: 0.0042617 seconds, Stopping threads took: 0.0000253 seconds
291.214: [GC (Allocation Failure)  647174K->328614K(1033728K), 0.0043131 secs]
291.219: Total time for which application threads were stopped: 0.0044856 seconds, Stopping threads took: 0.0000202 seconds
291.287: [GC (Allocation Failure)  648102K->335721K(1033728K), 0.0043896 secs]
291.291: Total time for which application threads were stopped: 0.0045572 seconds, Stopping threads took: 0.0000192 seconds
291.359: [GC (Allocation Failure)  655209K->335721K(1033728K), 0.0043472 secs]
291.363: Total time for which application threads were stopped: 0.0045238 seconds, Stopping threads took: 0.0000248 seconds
291.430: [GC (Allocation Failure)  655209K->335849K(1033728K), 0.0043898 secs]
291.435: Total time for which application threads were stopped: 0.0045653 seconds, Stopping threads took: 0.0000194 seconds
291.502: [GC (Allocation Failure)  655337K->343755K(1027072K), 0.0041066 secs]
291.506: Total time for which application threads were stopped: 0.0042875 seconds, Stopping threads took: 0.0000202 seconds
291.573: [GC (Allocation Failure)  663243K->343755K(1033216K), 0.0044823 secs]
291.577: Total time for which application threads were stopped: 0.0046730 seconds, Stopping threads took: 0.0000207 seconds
291.646: [GC (Allocation Failure)  662219K->344067K(1033216K), 0.0041595 secs]
291.650: Total time for which application threads were stopped: 0.0043280 seconds, Stopping threads took: 0.0000257 seconds
291.717: [GC (Allocation Failure)  662531K->351781K(1033216K), 0.0041953 secs]
291.721: Total time for which application threads were stopped: 0.0043755 seconds, Stopping threads took: 0.0000197 seconds
291.788: [GC (Allocation Failure)  670245K->351781K(1033216K), 0.0044655 secs]
291.793: Total time for which application threads were stopped: 0.0046411 seconds, Stopping threads took: 0.0000214 seconds
291.857: [GC (Allocation Failure)  670245K->352301K(1033216K), 0.0043798 secs]
291.862: Total time for which application threads were stopped: 0.0045518 seconds, Stopping threads took: 0.0000199 seconds
291.928: [GC (Allocation Failure)  670765K->359791K(1033216K), 0.0044593 secs]
291.933: Total time for which application threads were stopped: 0.0046275 seconds, Stopping threads took: 0.0000212 seconds
292.000: [GC (Allocation Failure)  678255K->359823K(1033216K), 0.0042195 secs]
292.004: Total time for which application threads were stopped: 0.0043814 seconds, Stopping threads took: 0.0000195 seconds
292.069: [GC (Allocation Failure)  678287K->360007K(1033216K), 0.0043582 secs]
292.073: Total time for which application threads were stopped: 0.0045356 seconds, Stopping threads took: 0.0000250 seconds
292.141: [GC (Allocation Failure)  678471K->367882K(1033216K), 0.0045969 secs]
292.145: Total time for which application threads were stopped: 0.0047502 seconds, Stopping threads took: 0.0000175 seconds
292.211: [GC (Allocation Failure)  686346K->367882K(1033216K), 0.0044400 secs]
292.216: Total time for which application threads were stopped: 0.0046125 seconds, Stopping threads took: 0.0000201 seconds
292.282: [GC (Allocation Failure)  686346K->368010K(1033216K), 0.0057832 secs]
292.288: Total time for which application threads were stopped: 0.0059121 seconds, Stopping threads took: 0.0000203 seconds
292.356: [GC (Allocation Failure)  686474K->375916K(1033216K), 0.0044720 secs]
292.360: Total time for which application threads were stopped: 0.0046668 seconds, Stopping threads took: 0.0000200 seconds
292.428: [GC (Allocation Failure)  694380K->375884K(1033216K), 0.0045045 secs]
292.433: Total time for which application threads were stopped: 0.0046665 seconds, Stopping threads took: 0.0000202 seconds
292.498: [GC (Allocation Failure)  694348K->375948K(1033216K), 0.0042529 secs]
292.502: Total time for which application threads were stopped: 0.0044242 seconds, Stopping threads took: 0.0000199 seconds
292.570: [GC (Allocation Failure)  694412K->383918K(1033216K), 0.0045015 secs]
292.575: Total time for which application threads were stopped: 0.0047000 seconds, Stopping threads took: 0.0000216 seconds
292.642: [GC (Allocation Failure)  702382K->383918K(1033216K), 0.0044092 secs]
292.646: Total time for which application threads were stopped: 0.0045715 seconds, Stopping threads took: 0.0000191 seconds
292.711: [GC (Allocation Failure)  702382K->384230K(1033216K), 0.0044776 secs]
292.715: Total time for which application threads were stopped: 0.0046702 seconds, Stopping threads took: 0.0000199 seconds
292.782: [GC (Allocation Failure)  702694K->391977K(1033216K), 0.0043237 secs]
292.786: Total time for which application threads were stopped: 0.0044637 seconds, Stopping threads took: 0.0000178 seconds
292.856: [GC (Allocation Failure)  710441K->391945K(1033216K), 0.0042784 secs]
292.860: Total time for which application threads were stopped: 0.0044459 seconds, Stopping threads took: 0.0000255 seconds
292.925: [GC (Allocation Failure)  710409K->392201K(1033216K), 0.0044208 secs]
292.929: Total time for which application threads were stopped: 0.0045937 seconds, Stopping threads took: 0.0000204 seconds
292.995: [GC (Allocation Failure)  710665K->399979K(1033216K), 0.0045480 secs]
293.000: Total time for which application threads were stopped: 0.0047310 seconds, Stopping threads took: 0.0000198 seconds
293.066: [GC (Allocation Failure)  718443K->396073K(1033216K), 0.0035544 secs]
293.069: Total time for which application threads were stopped: 0.0037357 seconds, Stopping threads took: 0.0000353 seconds
293.136: [GC (Allocation Failure)  714537K->400139K(1034752K), 0.0044320 secs]
293.140: Total time for which application threads were stopped: 0.0045958 seconds, Stopping threads took: 0.0000196 seconds
293.208: [GC (Allocation Failure)  720651K->404139K(1033728K), 0.0043051 secs]
293.212: Total time for which application threads were stopped: 0.0044687 seconds, Stopping threads took: 0.0000262 seconds
293.281: [GC (Allocation Failure)  724651K->396329K(1034240K), 0.0064610 secs]
293.287: Total time for which application threads were stopped: 0.0065758 seconds, Stopping threads took: 0.0000173 seconds
293.356: [GC (Allocation Failure)  716841K->404211K(1034240K), 0.0043599 secs]
293.360: Total time for which application threads were stopped: 0.0045391 seconds, Stopping threads took: 0.0000196 seconds
293.428: [GC (Allocation Failure)  724723K->408259K(1033216K), 0.0060411 secs]
293.434: Total time for which application threads were stopped: 0.0062200 seconds, Stopping threads took: 0.0000201 seconds
293.500: [GC (Allocation Failure)  727747K->414017K(1032704K), 0.0069126 secs]
293.507: Total time for which application threads were stopped: 0.0070725 seconds, Stopping threads took: 0.0000187 seconds
293.574: [GC (Allocation Failure)  733505K->408515K(1031680K), 0.0045031 secs]
293.578: Total time for which application threads were stopped: 0.0046877 seconds, Stopping threads took: 0.0000194 seconds
293.647: [GC (Allocation Failure)  724931K->408259K(1032192K), 0.0042760 secs]
293.651: Total time for which application threads were stopped: 0.0044360 seconds, Stopping threads took: 0.0000191 seconds
293.715: [GC (Allocation Failure)  724675K->402881K(1032704K), 0.0023566 secs]
293.718: Total time for which application threads were stopped: 0.0025146 seconds, Stopping threads took: 0.0000274 seconds
293.784: [GC (Allocation Failure)  720321K->408451K(1032704K), 0.0045057 secs]
293.788: Total time for which application threads were stopped: 0.0046694 seconds, Stopping threads took: 0.0000195 seconds
293.855: [GC (Allocation Failure)  725891K->408291K(1033216K), 0.0045776 secs]
293.859: Total time for which application threads were stopped: 0.0047738 seconds, Stopping threads took: 0.0000412 seconds
293.925: [GC (Allocation Failure)  726243K->408619K(1032704K), 0.0044715 secs]
293.929: Total time for which application threads were stopped: 0.0046669 seconds, Stopping threads took: 0.0000209 seconds
293.997: [GC (Allocation Failure)  726571K->416301K(1033216K), 0.0042680 secs]
294.002: Total time for which application threads were stopped: 0.0044504 seconds, Stopping threads took: 0.0000169 seconds
294.071: [GC (Allocation Failure)  734765K->416301K(1033216K), 0.0044346 secs]
294.076: Total time for which application threads were stopped: 0.0046090 seconds, Stopping threads took: 0.0000205 seconds
294.140: [GC (Allocation Failure)  734765K->420389K(1033728K), 0.0067426 secs]
294.147: Total time for which application threads were stopped: 0.0069052 seconds, Stopping threads took: 0.0000195 seconds
294.215: [GC (Allocation Failure)  739365K->424359K(1033216K), 0.0064987 secs]
294.221: Total time for which application threads were stopped: 0.0066715 seconds, Stopping threads took: 0.0000195 seconds
294.290: [GC (Allocation Failure)  743335K->424327K(1034240K), 0.0046277 secs]
294.295: Total time for which application threads were stopped: 0.0048089 seconds, Stopping threads took: 0.0000220 seconds
294.362: [GC (Allocation Failure)  744839K->427623K(1034240K), 0.0049335 secs]
294.367: Total time for which application threads were stopped: 0.0051094 seconds, Stopping threads took: 0.0000246 seconds
294.436: [GC (Allocation Failure)  748135K->432394K(1034240K), 0.0043737 secs]
294.441: Total time for which application threads were stopped: 0.0045379 seconds, Stopping threads took: 0.0000196 seconds
294.509: [GC (Allocation Failure)  752906K->432394K(1034240K), 0.0044705 secs]
294.513: Total time for which application threads were stopped: 0.0046350 seconds, Stopping threads took: 0.0000204 seconds
294.581: [GC (Allocation Failure)  752906K->433802K(1033728K), 0.0045347 secs]
294.586: Total time for which application threads were stopped: 0.0047064 seconds, Stopping threads took: 0.0000192 seconds
294.654: [GC (Allocation Failure)  754314K->440460K(1034240K), 0.0043215 secs]
294.659: Total time for which application threads were stopped: 0.0045073 seconds, Stopping threads took: 0.0000308 seconds
294.727: [GC (Allocation Failure)  760972K->440396K(1034752K), 0.0044857 secs]
294.731: Total time for which application threads were stopped: 0.0046541 seconds, Stopping threads took: 0.0000260 seconds
294.798: [GC (Allocation Failure)  761420K->440516K(1034240K), 0.0045822 secs]
294.803: Total time for which application threads were stopped: 0.0047471 seconds, Stopping threads took: 0.0000202 seconds
294.870: [GC (Allocation Failure)  761540K->448486K(1034240K), 0.0045649 secs]
294.875: Total time for which application threads were stopped: 0.0047474 seconds, Stopping threads took: 0.0000211 seconds
294.941: [GC (Allocation Failure)  768998K->448422K(1034240K), 0.0046306 secs]
294.946: Total time for which application threads were stopped: 0.0048415 seconds, Stopping threads took: 0.0000202 seconds
295.014: [GC (Allocation Failure)  768934K->451334K(1034240K), 0.0049193 secs]
295.019: Total time for which application threads were stopped: 0.0050843 seconds, Stopping threads took: 0.0000189 seconds
295.087: [GC (Allocation Failure)  771846K->456552K(1034240K), 0.0045392 secs]
295.092: Total time for which application threads were stopped: 0.0047097 seconds, Stopping threads took: 0.0000192 seconds
295.161: [GC (Allocation Failure)  777064K->456456K(1034752K), 0.0045225 secs]
295.166: Total time for which application threads were stopped: 0.0047103 seconds, Stopping threads took: 0.0000260 seconds
295.234: [GC (Allocation Failure)  777480K->457992K(1034240K), 0.0045887 secs]
295.239: Total time for which application threads were stopped: 0.0047475 seconds, Stopping threads took: 0.0000258 seconds
295.306: [GC (Allocation Failure)  779016K->464587K(1034240K), 0.0042549 secs]
295.311: Total time for which application threads were stopped: 0.0044566 seconds, Stopping threads took: 0.0000280 seconds
295.379: [GC (Allocation Failure)  785099K->464523K(1034240K), 0.0054978 secs]
295.385: Total time for which application threads were stopped: 0.0056641 seconds, Stopping threads took: 0.0000251 seconds
295.452: [GC (Allocation Failure)  785035K->464715K(1034240K), 0.0045888 secs]
295.457: Total time for which application threads were stopped: 0.0047737 seconds, Stopping threads took: 0.0000200 seconds
295.525: [GC (Allocation Failure)  785227K->472557K(1034240K), 0.0044797 secs]
295.530: Total time for which application threads were stopped: 0.0046423 seconds, Stopping threads took: 0.0000200 seconds
295.598: [GC (Allocation Failure)  793069K->472525K(1034240K), 0.0047068 secs]
295.603: Total time for which application threads were stopped: 0.0048769 seconds, Stopping threads took: 0.0000205 seconds
295.670: [GC (Allocation Failure)  793037K->474989K(1034240K), 0.0048429 secs]
295.675: Total time for which application threads were stopped: 0.0050064 seconds, Stopping threads took: 0.0000256 seconds
295.745: [GC (Allocation Failure)  795501K->480559K(1034240K), 0.0045310 secs]
295.750: Total time for which application threads were stopped: 0.0047041 seconds, Stopping threads took: 0.0000286 seconds
295.817: [GC (Allocation Failure)  801071K->480559K(1034240K), 0.0044268 secs]
295.822: Total time for which application threads were stopped: 0.0045968 seconds, Stopping threads took: 0.0000199 seconds
295.888: [GC (Allocation Failure)  801071K->481191K(1034240K), 0.0046513 secs]
295.893: Total time for which application threads were stopped: 0.0048430 seconds, Stopping threads took: 0.0000195 seconds
295.962: [GC (Allocation Failure)  801703K->488649K(1034240K), 0.0045309 secs]
295.967: Total time for which application threads were stopped: 0.0047170 seconds, Stopping threads took: 0.0000178 seconds
296.034: [GC (Allocation Failure)  809161K->488585K(1034240K), 0.0043315 secs]
296.038: Total time for which application threads were stopped: 0.0045259 seconds, Stopping threads took: 0.0000205 seconds
296.107: [GC (Allocation Failure)  809097K->489417K(1034240K), 0.0044649 secs]
296.111: Total time for which application threads were stopped: 0.0046218 seconds, Stopping threads took: 0.0000172 seconds
296.180: [GC (Allocation Failure)  809929K->496716K(1033216K), 0.0044945 secs]
296.184: Total time for which application threads were stopped: 0.0046886 seconds, Stopping threads took: 0.0000285 seconds
296.253: [GC (Allocation Failure)  816204K->496652K(1033728K), 0.0046740 secs]
296.258: Total time for which application threads were stopped: 0.0048646 seconds, Stopping threads took: 0.0000194 seconds
296.324: [GC (Allocation Failure)  816140K->497644K(1033216K), 0.0047006 secs]
296.329: Total time for which application threads were stopped: 0.0048648 seconds, Stopping threads took: 0.0000199 seconds
296.397: [GC (Allocation Failure)  817132K->504686K(1033728K), 0.0044186 secs]
296.402: Total time for which application threads were stopped: 0.0045665 seconds, Stopping threads took: 0.0000143 seconds
296.469: [GC (Allocation Failure)  824174K->504622K(1033728K), 0.0047934 secs]
296.474: Total time for which application threads were stopped: 0.0049814 seconds, Stopping threads took: 0.0000204 seconds
296.542: [GC (Allocation Failure)  824110K->504870K(1033728K), 0.0046295 secs]
296.546: Total time for which application threads were stopped: 0.0048209 seconds, Stopping threads took: 0.0000204 seconds
296.614: [GC (Allocation Failure)  824358K->512712K(1033728K), 0.0044489 secs]
296.618: Total time for which application threads were stopped: 0.0046197 seconds, Stopping threads took: 0.0000206 seconds
296.685: [GC (Allocation Failure)  832200K->512680K(1033728K), 0.0046350 secs]
296.690: Total time for which application threads were stopped: 0.0047970 seconds, Stopping threads took: 0.0000259 seconds
296.756: [GC (Allocation Failure)  832168K->514120K(1033728K), 0.0048116 secs]
296.761: Total time for which application threads were stopped: 0.0049964 seconds, Stopping threads took: 0.0000206 seconds
296.830: [GC (Allocation Failure)  833608K->520778K(1033728K), 0.0044930 secs]
296.834: Total time for which application threads were stopped: 0.0046671 seconds, Stopping threads took: 0.0000205 seconds
296.901: [GC (Allocation Failure)  840266K->520714K(1033728K), 0.0044683 secs]
296.906: Total time for which application threads were stopped: 0.0046345 seconds, Stopping threads took: 0.0000212 seconds
296.971: [GC (Allocation Failure)  840202K->521322K(1033728K), 0.0047027 secs]
296.976: Total time for which application threads were stopped: 0.0048638 seconds, Stopping threads took: 0.0000203 seconds
297.044: [GC (Allocation Failure)  840810K->528845K(1033728K), 0.0046264 secs]
297.048: Total time for which application threads were stopped: 0.0047879 seconds, Stopping threads took: 0.0000196 seconds
297.115: [GC (Allocation Failure)  848333K->528781K(1033728K), 0.0045747 secs]
297.119: Total time for which application threads were stopped: 0.0047511 seconds, Stopping threads took: 0.0000278 seconds
297.186: [GC (Allocation Failure)  848269K->528813K(1033728K), 0.0046398 secs]
297.190: Total time for which application threads were stopped: 0.0048419 seconds, Stopping threads took: 0.0000258 seconds
297.258: [GC (Allocation Failure)  848301K->536815K(1033728K), 0.0047785 secs]
297.263: Total time for which application threads were stopped: 0.0049613 seconds, Stopping threads took: 0.0000205 seconds
297.329: [GC (Allocation Failure)  856303K->536783K(1033728K), 0.0045507 secs]
297.334: Total time for which application threads were stopped: 0.0047233 seconds, Stopping threads took: 0.0000198 seconds
297.401: [GC (Allocation Failure)  856271K->537799K(1033728K), 0.0046338 secs]
297.405: Total time for which application threads were stopped: 0.0048008 seconds, Stopping threads took: 0.0000180 seconds
297.473: [GC (Allocation Failure)  857287K->544905K(1033728K), 0.0046817 secs]
297.477: Total time for which application threads were stopped: 0.0048432 seconds, Stopping threads took: 0.0000197 seconds
297.545: [GC (Allocation Failure)  864393K->544809K(1033728K), 0.0046556 secs]
297.550: Total time for which application threads were stopped: 0.0048378 seconds, Stopping threads took: 0.0000219 seconds
297.615: [GC (Allocation Failure)  864297K->544937K(1032704K), 0.0047881 secs]
297.620: Total time for which application threads were stopped: 0.0049656 seconds, Stopping threads took: 0.0000205 seconds
297.687: [GC (Allocation Failure)  863401K->552844K(1033216K), 0.0047069 secs]
297.692: Total time for which application threads were stopped: 0.0048895 seconds, Stopping threads took: 0.0000200 seconds
297.761: [GC (Allocation Failure)  871308K->552844K(1033216K), 0.0047078 secs]
297.766: Total time for which application threads were stopped: 0.0048812 seconds, Stopping threads took: 0.0000199 seconds
297.833: [GC (Allocation Failure)  871308K->553196K(1033216K), 0.0047945 secs]
297.838: Total time for which application threads were stopped: 0.0049687 seconds, Stopping threads took: 0.0000204 seconds
297.903: [GC (Allocation Failure)  871660K->560910K(1033216K), 0.0048805 secs]
297.908: Total time for which application threads were stopped: 0.0050430 seconds, Stopping threads took: 0.0000198 seconds
297.976: [GC (Allocation Failure)  879374K->560878K(1033216K), 0.0045366 secs]
297.980: Total time for which application threads were stopped: 0.0047326 seconds, Stopping threads took: 0.0000198 seconds
298.048: [GC (Allocation Failure)  879342K->561390K(1033216K), 0.0049061 secs]
298.053: Total time for which application threads were stopped: 0.0050659 seconds, Stopping threads took: 0.0000172 seconds
298.121: [GC (Allocation Failure)  879854K->568944K(1033216K), 0.0047426 secs]
298.126: Total time for which application threads were stopped: 0.0049139 seconds, Stopping threads took: 0.0000195 seconds
298.193: [GC (Allocation Failure)  887408K->568912K(1033216K), 0.0048561 secs]
298.198: Total time for which application threads were stopped: 0.0050540 seconds, Stopping threads took: 0.0000264 seconds
298.266: [GC (Allocation Failure)  887376K->569640K(1033216K), 0.0048143 secs]
298.271: Total time for which application threads were stopped: 0.0050095 seconds, Stopping threads took: 0.0000194 seconds
298.339: [GC (Allocation Failure)  888104K->576970K(1033216K), 0.0048874 secs]
298.344: Total time for which application threads were stopped: 0.0050487 seconds, Stopping threads took: 0.0000167 seconds
298.410: [GC (Allocation Failure)  895434K->576938K(1033216K), 0.0048974 secs]
298.415: Total time for which application threads were stopped: 0.0050701 seconds, Stopping threads took: 0.0000204 seconds
298.480: [GC (Allocation Failure)  895402K->577098K(1033216K), 0.0046443 secs]
298.484: Total time for which application threads were stopped: 0.0048188 seconds, Stopping threads took: 0.0000203 seconds
298.551: [GC (Allocation Failure)  895562K->585005K(1033216K), 0.0048297 secs]
298.556: Total time for which application threads were stopped: 0.0050293 seconds, Stopping threads took: 0.0000205 seconds
298.625: [GC (Allocation Failure)  903469K->585005K(1033216K), 0.0047690 secs]
298.630: Total time for which application threads were stopped: 0.0049653 seconds, Stopping threads took: 0.0000196 seconds
298.698: [GC (Allocation Failure)  903469K->585029K(1033216K), 0.0048572 secs]
298.702: Total time for which application threads were stopped: 0.0050426 seconds, Stopping threads took: 0.0000271 seconds
298.768: [GC (Allocation Failure)  903493K->592999K(1033216K), 0.0049329 secs]
298.773: Total time for which application threads were stopped: 0.0051059 seconds, Stopping threads took: 0.0000196 seconds
298.839: [GC (Allocation Failure)  911463K->592999K(1033216K), 0.0046209 secs]
298.844: Total time for which application threads were stopped: 0.0047838 seconds, Stopping threads took: 0.0000203 seconds
298.911: [GC (Allocation Failure)  911463K->593319K(1033216K), 0.0046914 secs]
298.916: Total time for which application threads were stopped: 0.0048880 seconds, Stopping threads took: 0.0000195 seconds
298.982: [GC (Allocation Failure)  911783K->601065K(1033216K), 0.0048563 secs]
298.987: Total time for which application threads were stopped: 0.0050180 seconds, Stopping threads took: 0.0000200 seconds
299.053: [GC (Allocation Failure)  919529K->601033K(1033216K), 0.0048140 secs]
299.057: Total time for which application threads were stopped: 0.0049931 seconds, Stopping threads took: 0.0000198 seconds
299.122: [GC (Allocation Failure)  919497K->601537K(1033216K), 0.0064955 secs]
299.128: Total time for which application threads were stopped: 0.0066543 seconds, Stopping threads took: 0.0000196 seconds
299.197: [GC (Allocation Failure)  920001K->609059K(1033216K), 0.0047717 secs]
299.202: Total time for which application threads were stopped: 0.0049126 seconds, Stopping threads took: 0.0000166 seconds
299.267: [GC (Allocation Failure)  927523K->609059K(1033216K), 0.0050308 secs]
299.273: Total time for which application threads were stopped: 0.0051932 seconds, Stopping threads took: 0.0000195 seconds
299.337: [GC (Allocation Failure)  927523K->609291K(1033216K), 0.0049093 secs]
299.342: Total time for which application threads were stopped: 0.0050609 seconds, Stopping threads took: 0.0000175 seconds
299.410: [GC (Allocation Failure)  927755K->617070K(1033216K), 0.0048456 secs]
299.415: Total time for which application threads were stopped: 0.0050072 seconds, Stopping threads took: 0.0000197 seconds
299.480: [GC (Allocation Failure)  935533K->613195K(1033728K), 0.0058508 secs]
299.486: Total time for which application threads were stopped: 0.0060180 seconds, Stopping threads took: 0.0000193 seconds
299.554: [GC (Allocation Failure)  932171K->617262K(1033216K), 0.0050381 secs]
299.559: Total time for which application threads were stopped: 0.0051951 seconds, Stopping threads took: 0.0000189 seconds
299.625: [GC (Allocation Failure)  936238K->621230K(1033728K), 0.0046844 secs]
299.630: Total time for which application threads were stopped: 0.0048560 seconds, Stopping threads took: 0.0000195 seconds
299.699: [GC (Allocation Failure)  941742K->628747K(1034240K), 0.0080458 secs]
299.707: Total time for which application threads were stopped: 0.0082158 seconds, Stopping threads took: 0.0000202 seconds
299.776: [GC (Allocation Failure)  949259K->622542K(1029120K), 0.0048153 secs]
299.781: Total time for which application threads were stopped: 0.0049812 seconds, Stopping threads took: 0.0000258 seconds
299.847: [GC (Allocation Failure)  937934K->622510K(1031680K), 0.0047838 secs]
299.852: Total time for which application threads were stopped: 0.0049538 seconds, Stopping threads took: 0.0000198 seconds
299.917: [GC (Allocation Failure)  937902K->617963K(1032704K), 0.0031257 secs]
299.920: Total time for which application threads were stopped: 0.0033031 seconds, Stopping threads took: 0.0000195 seconds
299.987: [GC (Allocation Failure)  934891K->622734K(1032192K), 0.0049057 secs]
299.992: Total time for which application threads were stopped: 0.0050678 seconds, Stopping threads took: 0.0000201 seconds
300.059: [GC (Allocation Failure)  939662K->622446K(1033216K), 0.0064906 secs]
300.065: Total time for which application threads were stopped: 0.0066724 seconds, Stopping threads took: 0.0000207 seconds
300.133: [GC (Allocation Failure)  940910K->623110K(1033216K), 0.0051288 secs]
300.138: Total time for which application threads were stopped: 0.0053011 seconds, Stopping threads took: 0.0000201 seconds
300.206: [GC (Allocation Failure)  941574K->630568K(1033216K), 0.0047440 secs]
300.211: Total time for which application threads were stopped: 0.0049246 seconds, Stopping threads took: 0.0000282 seconds
300.278: [GC (Allocation Failure)  949032K->630504K(1033216K), 0.0049826 secs]
300.283: Total time for which application threads were stopped: 0.0051479 seconds, Stopping threads took: 0.0000197 seconds
300.349: [GC (Allocation Failure)  948968K->631336K(1032704K), 0.0049247 secs]
300.354: Total time for which application threads were stopped: 0.0051131 seconds, Stopping threads took: 0.0000206 seconds
300.423: [GC (Allocation Failure)  949800K->638666K(1033216K), 0.0049083 secs]
300.428: Total time for which application threads were stopped: 0.0050905 seconds, Stopping threads took: 0.0000175 seconds
300.496: [GC (Allocation Failure)  957130K->638538K(1033728K), 0.0048718 secs]
300.501: Total time for which application threads were stopped: 0.0050418 seconds, Stopping threads took: 0.0000202 seconds
300.566: [GC (Allocation Failure)  958026K->640650K(1033728K), 0.0051664 secs]
300.571: Total time for which application threads were stopped: 0.0053611 seconds, Stopping threads took: 0.0000197 seconds
300.640: [GC (Allocation Failure)  960138K->646636K(1033728K), 0.0048315 secs]
300.645: Total time for which application threads were stopped: 0.0049912 seconds, Stopping threads took: 0.0000170 seconds
300.713: [GC (Allocation Failure)  966124K->646572K(1033728K), 0.0049048 secs]
300.718: Total time for which application threads were stopped: 0.0050832 seconds, Stopping threads took: 0.0000264 seconds
300.784: [GC (Allocation Failure)  966060K->647852K(1033728K), 0.0051702 secs]
300.789: Total time for which application threads were stopped: 0.0053424 seconds, Stopping threads took: 0.0000199 seconds
300.857: [GC (Allocation Failure)  967340K->654607K(1033728K), 0.0049745 secs]
300.862: Total time for which application threads were stopped: 0.0051469 seconds, Stopping threads took: 0.0000209 seconds
300.928: [GC (Allocation Failure)  974095K->654639K(1034240K), 0.0048889 secs]
300.933: Total time for which application threads were stopped: 0.0050639 seconds, Stopping threads took: 0.0000206 seconds
300.999: [GC (Allocation Failure)  974639K->655527K(1033728K), 0.0050440 secs]
301.005: Total time for which application threads were stopped: 0.0052406 seconds, Stopping threads took: 0.0000197 seconds
301.072: [GC (Allocation Failure)  975527K->662665K(1033728K), 0.0049665 secs]
301.077: Total time for which application threads were stopped: 0.0051456 seconds, Stopping threads took: 0.0000178 seconds
301.145: [GC (Allocation Failure)  982153K->662633K(1033728K), 0.0049631 secs]
301.150: Total time for which application threads were stopped: 0.0051588 seconds, Stopping threads took: 0.0000200 seconds
301.217: [GC (Allocation Failure)  982121K->663273K(1033216K), 0.0049406 secs]
301.222: Total time for which application threads were stopped: 0.0051102 seconds, Stopping threads took: 0.0000164 seconds
301.291: [GC (Allocation Failure)  982761K->670699K(1033728K), 0.0047650 secs]
301.296: Total time for which application threads were stopped: 0.0049575 seconds, Stopping threads took: 0.0000192 seconds
301.363: [GC (Allocation Failure)  990187K->670699K(1033728K), 0.0050001 secs]
301.368: Total time for which application threads were stopped: 0.0051658 seconds, Stopping threads took: 0.0000197 seconds
301.434: [GC (Allocation Failure)  990187K->670731K(1033728K), 0.0048972 secs]
301.439: Total time for which application threads were stopped: 0.0050678 seconds, Stopping threads took: 0.0000194 seconds
301.507: [GC (Allocation Failure)  990219K->678766K(1033728K), 0.0047374 secs]
301.512: Total time for which application threads were stopped: 0.0049016 seconds, Stopping threads took: 0.0000206 seconds
301.577: [GC (Allocation Failure)  998254K->678734K(1033728K), 0.0051877 secs]
301.582: Total time for which application threads were stopped: 0.0053601 seconds, Stopping threads took: 0.0000200 seconds
301.647: [GC (Allocation Failure)  998222K->679758K(1033728K), 0.0051468 secs]
301.653: Total time for which application threads were stopped: 0.0053219 seconds, Stopping threads took: 0.0000202 seconds
301.722: [GC (Allocation Failure)  999246K->686800K(1033728K), 0.0048761 secs]
301.727: Total time for which application threads were stopped: 0.0050591 seconds, Stopping threads took: 0.0000290 seconds
301.794: [GC (Allocation Failure)  1006288K->686736K(1033728K), 0.0051216 secs]
301.799: Total time for which application threads were stopped: 0.0052851 seconds, Stopping threads took: 0.0000195 seconds
301.864: [GC (Allocation Failure)  1006224K->686952K(1033728K), 0.0050009 secs]
301.869: [Full GC (Ergonomics)  686952K->8680K(1033728K), 0.0130207 secs]
301.882: Total time for which application threads were stopped: 0.0183029 seconds, Stopping threads took: 0.0000195 seconds
301.951: [GC (Allocation Failure)  328168K->18667K(1031680K), 0.0041036 secs]
301.955: Total time for which application threads were stopped: 0.0042596 seconds, Stopping threads took: 0.0000167 seconds
302.022: [GC (Allocation Failure)  336107K->18651K(1032704K), 0.0042168 secs]
302.026: Total time for which application threads were stopped: 0.0043968 seconds, Stopping threads took: 0.0000201 seconds
302.093: [GC (Allocation Failure)  336091K->20091K(1033216K), 0.0039621 secs]
302.097: Total time for which application threads were stopped: 0.0041443 seconds, Stopping threads took: 0.0000198 seconds
302.166: [GC (Allocation Failure)  338555K->26717K(1033216K), 0.0037893 secs]
302.170: Total time for which application threads were stopped: 0.0039798 seconds, Stopping threads took: 0.0000279 seconds
302.237: [GC (Allocation Failure)  345181K->26717K(1033216K), 0.0039079 secs]
302.241: Total time for which application threads were stopped: 0.0041029 seconds, Stopping threads took: 0.0000216 seconds
302.305: [GC (Allocation Failure)  345181K->27325K(1033216K), 0.0038713 secs]
302.309: Total time for which application threads were stopped: 0.0040337 seconds, Stopping threads took: 0.0000195 seconds
302.376: [GC (Allocation Failure)  345789K->34719K(1033216K), 0.0037101 secs]
302.380: Total time for which application threads were stopped: 0.0038691 seconds, Stopping threads took: 0.0000235 seconds
302.447: [GC (Allocation Failure)  353183K->34751K(1033216K), 0.0039061 secs]
302.451: Total time for which application threads were stopped: 0.0040759 seconds, Stopping threads took: 0.0000193 seconds
302.515: [GC (Allocation Failure)  353215K->35527K(1033216K), 0.0038404 secs]
302.519: Total time for which application threads were stopped: 0.0040219 seconds, Stopping threads took: 0.0000193 seconds
302.584: [GC (Allocation Failure)  353991K->42761K(1033216K), 0.0037247 secs]
302.588: Total time for which application threads were stopped: 0.0039190 seconds, Stopping threads took: 0.0000195 seconds
302.657: [GC (Allocation Failure)  361225K->42793K(1033216K), 0.0039374 secs]
302.661: Total time for which application threads were stopped: 0.0041012 seconds, Stopping threads took: 0.0000191 seconds
302.726: [GC (Allocation Failure)  361257K->43785K(1033216K), 0.0039057 secs]
302.730: Total time for which application threads were stopped: 0.0041075 seconds, Stopping threads took: 0.0000356 seconds
302.797: [GC (Allocation Failure)  362249K->50796K(1033216K), 0.0038773 secs]
302.801: Total time for which application threads were stopped: 0.0040606 seconds, Stopping threads took: 0.0000260 seconds
302.868: [GC (Allocation Failure)  369260K->50828K(1033216K), 0.0038659 secs]
302.872: Total time for which application threads were stopped: 0.0040376 seconds, Stopping threads took: 0.0000198 seconds
302.938: [GC (Allocation Failure)  369292K->50956K(1032704K), 0.0036818 secs]
302.942: Total time for which application threads were stopped: 0.0038624 seconds, Stopping threads took: 0.0000200 seconds
303.011: [GC (Allocation Failure)  369420K->58830K(1033216K), 0.0039151 secs]
303.015: Total time for which application threads were stopped: 0.0040774 seconds, Stopping threads took: 0.0000204 seconds
303.080: [GC (Allocation Failure)  377294K->58862K(1033216K), 0.0037873 secs]
303.084: Total time for which application threads were stopped: 0.0039687 seconds, Stopping threads took: 0.0000282 seconds
303.149: [GC (Allocation Failure)  377326K->59238K(1033216K), 0.0055609 secs]
303.154: Total time for which application threads were stopped: 0.0057414 seconds, Stopping threads took: 0.0000197 seconds
303.223: [GC (Allocation Failure)  377702K->66856K(1033216K), 0.0035933 secs]
303.226: Total time for which application threads were stopped: 0.0037663 seconds, Stopping threads took: 0.0000203 seconds
303.292: [GC (Allocation Failure)  385320K->66856K(1033216K), 0.0038136 secs]
303.296: Total time for which application threads were stopped: 0.0039878 seconds, Stopping threads took: 0.0000219 seconds
303.360: [GC (Allocation Failure)  385320K->66920K(1033216K), 0.0038361 secs]
303.364: Total time for which application threads were stopped: 0.0040090 seconds, Stopping threads took: 0.0000200 seconds
303.431: [GC (Allocation Failure)  385384K->74891K(1033216K), 0.0044633 secs]
303.435: Total time for which application threads were stopped: 0.0046231 seconds, Stopping threads took: 0.0000196 seconds
303.502: [GC (Allocation Failure)  393355K->74891K(1033216K), 0.0042169 secs]
303.507: Total time for which application threads were stopped: 0.0043838 seconds, Stopping threads took: 0.0000200 seconds
303.571: [GC (Allocation Failure)  393355K->75147K(1033216K), 0.0038476 secs]
303.575: Total time for which application threads were stopped: 0.0040506 seconds, Stopping threads took: 0.0000291 seconds
303.644: [GC (Allocation Failure)  393611K->82957K(1033216K), 0.0037892 secs]
303.647: Total time for which application threads were stopped: 0.0039491 seconds, Stopping threads took: 0.0000178 seconds
303.714: [GC (Allocation Failure)  401421K->82893K(1033216K), 0.0037905 secs]
303.717: Total time for which application threads were stopped: 0.0039529 seconds, Stopping threads took: 0.0000206 seconds
303.784: [GC (Allocation Failure)  401357K->82989K(1033216K), 0.0039377 secs]
303.788: Total time for which application threads were stopped: 0.0041082 seconds, Stopping threads took: 0.0000279 seconds
303.856: [GC (Allocation Failure)  401453K->90991K(1033216K), 0.0039054 secs]
303.860: Total time for which application threads were stopped: 0.0040711 seconds, Stopping threads took: 0.0000194 seconds
303.926: [GC (Allocation Failure)  409455K->90959K(1033216K), 0.0038427 secs]
303.930: Total time for which application threads were stopped: 0.0039998 seconds, Stopping threads took: 0.0000199 seconds
303.996: [GC (Allocation Failure)  409423K->91111K(1033216K), 0.0037392 secs]
304.000: Total time for which application threads were stopped: 0.0039339 seconds, Stopping threads took: 0.0000199 seconds
304.069: [GC (Allocation Failure)  409575K->99017K(1033216K), 0.0038538 secs]
304.073: Total time for which application threads were stopped: 0.0040486 seconds, Stopping threads took: 0.0000195 seconds
304.139: [GC (Allocation Failure)  417481K->95111K(1033216K), 0.0025406 secs]
304.141: Total time for which application threads were stopped: 0.0026927 seconds, Stopping threads took: 0.0000170 seconds
304.209: [GC (Allocation Failure)  413575K->99145K(1034752K), 0.0038816 secs]
304.213: Total time for which application threads were stopped: 0.0040711 seconds, Stopping threads took: 0.0000300 seconds
304.281: [GC (Allocation Failure)  419657K->103145K(1033728K), 0.0039857 secs]
304.285: Total time for which application threads were stopped: 0.0041563 seconds, Stopping threads took: 0.0000206 seconds
304.352: [GC (Allocation Failure)  423657K->95303K(1034240K), 0.0008914 secs]
304.353: Total time for which application threads were stopped: 0.0010144 seconds, Stopping threads took: 0.0000195 seconds
304.423: [GC (Allocation Failure)  415815K->103185K(1034240K), 0.0040128 secs]
304.427: Total time for which application threads were stopped: 0.0041828 seconds, Stopping threads took: 0.0000201 seconds
304.494: [GC (Allocation Failure)  423697K->107265K(1033216K), 0.0053150 secs]
304.499: Total time for which application threads were stopped: 0.0055069 seconds, Stopping threads took: 0.0000199 seconds
304.567: [GC (Allocation Failure)  426753K->112991K(1032704K), 0.0063091 secs]
304.573: Total time for which application threads were stopped: 0.0064892 seconds, Stopping threads took: 0.0000158 seconds
304.642: [GC (Allocation Failure)  432479K->107553K(1031680K), 0.0040294 secs]
304.647: Total time for which application threads were stopped: 0.0041962 seconds, Stopping threads took: 0.0000260 seconds
304.714: [GC (Allocation Failure)  423969K->107297K(1032192K), 0.0039811 secs]
304.718: Total time for which application threads were stopped: 0.0041444 seconds, Stopping threads took: 0.0000201 seconds
304.784: [GC (Allocation Failure)  423713K->101951K(1032704K), 0.0016921 secs]
304.786: Total time for which application threads were stopped: 0.0018681 seconds, Stopping threads took: 0.0000272 seconds
304.853: [GC (Allocation Failure)  419391K->107425K(1032704K), 0.0041180 secs]
304.857: Total time for which application threads were stopped: 0.0042944 seconds, Stopping threads took: 0.0000207 seconds
304.926: [GC (Allocation Failure)  424865K->107265K(1033216K), 0.0040006 secs]
304.930: Total time for which application threads were stopped: 0.0041638 seconds, Stopping threads took: 0.0000198 seconds
304.997: [GC (Allocation Failure)  425217K->107625K(1032704K), 0.0039756 secs]
305.001: Total time for which application threads were stopped: 0.0041401 seconds, Stopping threads took: 0.0000202 seconds
305.069: [GC (Allocation Failure)  425577K->115436K(1033216K), 0.0038848 secs]
305.073: Total time for which application threads were stopped: 0.0040717 seconds, Stopping threads took: 0.0000257 seconds
305.140: [GC (Allocation Failure)  433900K->115340K(1033216K), 0.0038808 secs]
305.144: Total time for which application threads were stopped: 0.0040451 seconds, Stopping threads took: 0.0000199 seconds
305.210: [GC (Allocation Failure)  433804K->119428K(1033728K), 0.0049160 secs]
305.215: Total time for which application threads were stopped: 0.0050971 seconds, Stopping threads took: 0.0000291 seconds
305.282: [GC (Allocation Failure)  438404K->123398K(1033216K), 0.0038667 secs]
305.286: Total time for which application threads were stopped: 0.0040415 seconds, Stopping threads took: 0.0000208 seconds
305.354: [GC (Allocation Failure)  442374K->123334K(1034240K), 0.0040135 secs]
305.359: Total time for which application threads were stopped: 0.0041796 seconds, Stopping threads took: 0.0000209 seconds
305.426: [GC (Allocation Failure)  443334K->126150K(1033728K), 0.0043358 secs]
305.431: Total time for which application threads were stopped: 0.0045286 seconds, Stopping threads took: 0.0000194 seconds
305.499: [GC (Allocation Failure)  446150K->131400K(1034240K), 0.0039760 secs]
305.503: Total time for which application threads were stopped: 0.0041390 seconds, Stopping threads took: 0.0000195 seconds
305.570: [GC (Allocation Failure)  451912K->131336K(1034240K), 0.0039561 secs]
305.574: Total time for which application threads were stopped: 0.0041508 seconds, Stopping threads took: 0.0000214 seconds
305.642: [GC (Allocation Failure)  451848K->131816K(1033728K), 0.0039435 secs]
305.646: Total time for which application threads were stopped: 0.0041188 seconds, Stopping threads took: 0.0000171 seconds
305.716: [GC (Allocation Failure)  452328K->139434K(1034240K), 0.0038917 secs]
305.720: Total time for which application threads were stopped: 0.0040711 seconds, Stopping threads took: 0.0000195 seconds
305.787: [GC (Allocation Failure)  459946K->139434K(1034240K), 0.0039106 secs]
305.791: Total time for which application threads were stopped: 0.0040832 seconds, Stopping threads took: 0.0000197 seconds
305.858: [GC (Allocation Failure)  459946K->142090K(1034240K), 0.0044776 secs]
305.863: Total time for which application threads were stopped: 0.0046502 seconds, Stopping threads took: 0.0000201 seconds
305.930: [GC (Allocation Failure)  462602K->147469K(1034240K), 0.0037874 secs]
305.934: Total time for which application threads were stopped: 0.0039589 seconds, Stopping threads took: 0.0000200 seconds
306.001: [GC (Allocation Failure)  467981K->147469K(1034240K), 0.0041541 secs]
306.006: Total time for which application threads were stopped: 0.0043248 seconds, Stopping threads took: 0.0000206 seconds
306.072: [GC (Allocation Failure)  467981K->148261K(1033728K), 0.0042246 secs]
306.076: Total time for which application threads were stopped: 0.0044146 seconds, Stopping threads took: 0.0000199 seconds
306.144: [GC (Allocation Failure)  468773K->155591K(1034240K), 0.0072617 secs]
306.152: Total time for which application threads were stopped: 0.0074337 seconds, Stopping threads took: 0.0000254 seconds
306.220: [GC (Allocation Failure)  476103K->155495K(1034240K), 0.0040258 secs]
306.224: Total time for which application threads were stopped: 0.0042065 seconds, Stopping threads took: 0.0000287 seconds
306.292: [GC (Allocation Failure)  476007K->158535K(1034240K), 0.0046993 secs]
306.297: Total time for which application threads were stopped: 0.0048795 seconds, Stopping threads took: 0.0000200 seconds
306.365: [GC (Allocation Failure)  479047K->163593K(1034752K), 0.0039306 secs]
306.369: Total time for which application threads were stopped: 0.0040948 seconds, Stopping threads took: 0.0000203 seconds
306.437: [GC (Allocation Failure)  485129K->163529K(1034752K), 0.0038940 secs]
306.441: Total time for which application threads were stopped: 0.0040744 seconds, Stopping threads took: 0.0000199 seconds
306.506: [GC (Allocation Failure)  485065K->166761K(1034752K), 0.0049884 secs]
306.511: Total time for which application threads were stopped: 0.0052055 seconds, Stopping threads took: 0.0000215 seconds
306.581: [GC (Allocation Failure)  488297K->171563K(1034752K), 0.0040245 secs]
306.586: Total time for which application threads were stopped: 0.0041914 seconds, Stopping threads took: 0.0000197 seconds
306.656: [GC (Allocation Failure)  493099K->171531K(1034752K), 0.0040347 secs]
306.660: Total time for which application threads were stopped: 0.0041988 seconds, Stopping threads took: 0.0000203 seconds
306.726: [GC (Allocation Failure)  493067K->171939K(1034752K), 0.0042791 secs]
306.730: Total time for which application threads were stopped: 0.0044461 seconds, Stopping threads took: 0.0000257 seconds
306.799: [GC (Allocation Failure)  493475K->179558K(1034752K), 0.0040484 secs]
306.803: Total time for which application threads were stopped: 0.0042191 seconds, Stopping threads took: 0.0000196 seconds
306.870: [GC (Allocation Failure)  501094K->179590K(1034752K), 0.0040325 secs]
306.874: Total time for which application threads were stopped: 0.0041968 seconds, Stopping threads took: 0.0000200 seconds
306.940: [GC (Allocation Failure)  501126K->181190K(1033728K), 0.0042941 secs]
306.944: Total time for which application threads were stopped: 0.0044869 seconds, Stopping threads took: 0.0000196 seconds
307.013: [GC (Allocation Failure)  501702K->187624K(1034240K), 0.0039174 secs]
307.017: Total time for which application threads were stopped: 0.0040860 seconds, Stopping threads took: 0.0000197 seconds
307.087: [GC (Allocation Failure)  508136K->187592K(1034240K), 0.0040626 secs]
307.091: Total time for which application threads were stopped: 0.0042323 seconds, Stopping threads took: 0.0000196 seconds
307.158: [GC (Allocation Failure)  508104K->191496K(1034240K), 0.0050911 secs]
307.163: Total time for which application threads were stopped: 0.0052572 seconds, Stopping threads took: 0.0000197 seconds
307.231: [GC (Allocation Failure)  512008K->195722K(1034752K), 0.0064126 secs]
307.238: Total time for which application threads were stopped: 0.0065899 seconds, Stopping threads took: 0.0000195 seconds
307.307: [GC (Allocation Failure)  517258K->195658K(1034752K), 0.0038825 secs]
307.311: Total time for which application threads were stopped: 0.0040510 seconds, Stopping threads took: 0.0000191 seconds
307.378: [GC (Allocation Failure)  517194K->199754K(1035264K), 0.0051079 secs]
307.383: Total time for which application threads were stopped: 0.0052727 seconds, Stopping threads took: 0.0000241 seconds
307.451: [GC (Allocation Failure)  521802K->203725K(1034752K), 0.0040113 secs]
307.455: Total time for which application threads were stopped: 0.0042032 seconds, Stopping threads took: 0.0000196 seconds
307.525: [GC (Allocation Failure)  525773K->203693K(1035264K), 0.0039766 secs]
307.529: Total time for which application threads were stopped: 0.0041362 seconds, Stopping threads took: 0.0000172 seconds
307.595: [GC (Allocation Failure)  526253K->206925K(1035264K), 0.0047677 secs]
307.600: Total time for which application threads were stopped: 0.0049388 seconds, Stopping threads took: 0.0000196 seconds
307.668: [GC (Allocation Failure)  529485K->211695K(1035264K), 0.0040478 secs]
307.672: Total time for which application threads were stopped: 0.0042065 seconds, Stopping threads took: 0.0000265 seconds
307.740: [GC (Allocation Failure)  534255K->211695K(1035264K), 0.0041050 secs]
307.744: Total time for which application threads were stopped: 0.0042756 seconds, Stopping threads took: 0.0000249 seconds
307.811: [GC (Allocation Failure)  534255K->215175K(1035264K), 0.0049847 secs]
307.816: Total time for which application threads were stopped: 0.0051621 seconds, Stopping threads took: 0.0000198 seconds
307.885: [GC (Allocation Failure)  537735K->219721K(1035264K), 0.0041379 secs]
307.889: Total time for which application threads were stopped: 0.0043140 seconds, Stopping threads took: 0.0000214 seconds
307.957: [GC (Allocation Failure)  542281K->219721K(1035264K), 0.0041527 secs]
307.961: Total time for which application threads were stopped: 0.0043351 seconds, Stopping threads took: 0.0000194 seconds
308.027: [GC (Allocation Failure)  542281K->223401K(1035264K), 0.0049100 secs]
308.032: Total time for which application threads were stopped: 0.0050930 seconds, Stopping threads took: 0.0000206 seconds
308.102: [GC (Allocation Failure)  545961K->227755K(1035776K), 0.0037631 secs]
308.106: Total time for which application threads were stopped: 0.0039134 seconds, Stopping threads took: 0.0000163 seconds
308.173: [GC (Allocation Failure)  551339K->227755K(1035776K), 0.0040021 secs]
308.177: Total time for which application threads were stopped: 0.0041620 seconds, Stopping threads took: 0.0000196 seconds
308.243: [GC (Allocation Failure)  551339K->229611K(1034752K), 0.0044557 secs]
308.247: Total time for which application threads were stopped: 0.0046335 seconds, Stopping threads took: 0.0000279 seconds
308.315: [GC (Allocation Failure)  552171K->235886K(1035264K), 0.0040930 secs]
308.319: Total time for which application threads were stopped: 0.0042634 seconds, Stopping threads took: 0.0000196 seconds
308.387: [GC (Allocation Failure)  558446K->235758K(1035264K), 0.0046278 secs]
308.392: Total time for which application threads were stopped: 0.0047817 seconds, Stopping threads took: 0.0000170 seconds
308.459: [GC (Allocation Failure)  558318K->237830K(1035264K), 0.0043984 secs]
308.464: Total time for which application threads were stopped: 0.0045704 seconds, Stopping threads took: 0.0000198 seconds
308.532: [GC (Allocation Failure)  560390K->243848K(1035264K), 0.0041571 secs]
308.536: Total time for which application threads were stopped: 0.0043430 seconds, Stopping threads took: 0.0000199 seconds
308.607: [GC (Allocation Failure)  566408K->243816K(1035264K), 0.0043283 secs]
308.611: Total time for which application threads were stopped: 0.0044999 seconds, Stopping threads took: 0.0000203 seconds
308.679: [GC (Allocation Failure)  566376K->246056K(1035264K), 0.0043919 secs]
308.683: Total time for which application threads were stopped: 0.0045702 seconds, Stopping threads took: 0.0000262 seconds
308.752: [GC (Allocation Failure)  568616K->252074K(1035264K), 0.0049053 secs]
308.757: Total time for which application threads were stopped: 0.0050829 seconds, Stopping threads took: 0.0000256 seconds
308.826: [GC (Allocation Failure)  574634K->251850K(1035264K), 0.0039988 secs]
308.830: Total time for which application threads were stopped: 0.0041884 seconds, Stopping threads took: 0.0000221 seconds
308.897: [GC (Allocation Failure)  574410K->246216K(1035264K), 0.0018776 secs]
308.899: Total time for which application threads were stopped: 0.0020362 seconds, Stopping threads took: 0.0000213 seconds
308.968: [GC (Allocation Failure)  568776K->252042K(1035264K), 0.0042223 secs]
308.972: Total time for which application threads were stopped: 0.0043843 seconds, Stopping threads took: 0.0000192 seconds
309.040: [GC (Allocation Failure)  574602K->251882K(1035264K), 0.0041246 secs]
309.045: Total time for which application threads were stopped: 0.0042847 seconds, Stopping threads took: 0.0000199 seconds
309.112: [GC (Allocation Failure)  574442K->250568K(1035776K), 0.0037363 secs]
309.116: Total time for which application threads were stopped: 0.0039048 seconds, Stopping threads took: 0.0000182 seconds
309.184: [GC (Allocation Failure)  573640K->251978K(1035264K), 0.0040503 secs]
309.188: Total time for which application threads were stopped: 0.0042192 seconds, Stopping threads took: 0.0000194 seconds
309.255: [GC (Allocation Failure)  575050K->251850K(1035776K), 0.0043430 secs]
309.260: Total time for which application threads were stopped: 0.0044982 seconds, Stopping threads took: 0.0000188 seconds
309.327: [GC (Allocation Failure)  575434K->256856K(1035776K), 0.0063842 secs]
309.333: Total time for which application threads were stopped: 0.0065402 seconds, Stopping threads took: 0.0000183 seconds
309.402: [GC (Allocation Failure)  580440K->252218K(1032704K), 0.0048984 secs]
309.407: Total time for which application threads were stopped: 0.0050488 seconds, Stopping threads took: 0.0000160 seconds
309.477: [GC (Allocation Failure)  572730K->252122K(1034240K), 0.0038498 secs]
309.481: Total time for which application threads were stopped: 0.0040125 seconds, Stopping threads took: 0.0000200 seconds
309.548: [GC (Allocation Failure)  572634K->258344K(1030656K), 0.0068506 secs]
309.555: Total time for which application threads were stopped: 0.0070130 seconds, Stopping threads took: 0.0000194 seconds
309.622: [GC (Allocation Failure)  575784K->252618K(1032704K), 0.0041936 secs]
309.627: Total time for which application threads were stopped: 0.0043885 seconds, Stopping threads took: 0.0000203 seconds
309.696: [GC (Allocation Failure)  570058K->252554K(1034240K), 0.0040322 secs]
309.700: Total time for which application threads were stopped: 0.0041825 seconds, Stopping threads took: 0.0000162 seconds
309.766: [GC (Allocation Failure)  572554K->250344K(1033728K), 0.0032720 secs]
309.769: Total time for which application threads were stopped: 0.0034506 seconds, Stopping threads took: 0.0000383 seconds
309.835: [GC (Allocation Failure)  570344K->252810K(1034752K), 0.0042915 secs]
309.839: Total time for which application threads were stopped: 0.0044574 seconds, Stopping threads took: 0.0000205 seconds
309.908: [GC (Allocation Failure)  573834K->252586K(1034240K), 0.0041615 secs]
309.912: Total time for which application threads were stopped: 0.0043583 seconds, Stopping threads took: 0.0000203 seconds
309.980: [GC (Allocation Failure)  573610K->249000K(1035264K), 0.0027686 secs]
309.983: Total time for which application threads were stopped: 0.0029365 seconds, Stopping threads took: 0.0000197 seconds
310.051: [GC (Allocation Failure)  571560K->252778K(1035264K), 0.0043535 secs]
310.055: Total time for which application threads were stopped: 0.0045252 seconds, Stopping threads took: 0.0000192 seconds
310.123: [GC (Allocation Failure)  575338K->252586K(1035776K), 0.0064495 secs]
310.130: Total time for which application threads were stopped: 0.0066072 seconds, Stopping threads took: 0.0000192 seconds
310.198: [GC (Allocation Failure)  576170K->254376K(1035776K), 0.0048190 secs]
310.203: Total time for which application threads were stopped: 0.0049880 seconds, Stopping threads took: 0.0000262 seconds
310.271: [GC (Allocation Failure)  577960K->252714K(1036288K), 0.0040272 secs]
310.275: Total time for which application threads were stopped: 0.0042069 seconds, Stopping threads took: 0.0000198 seconds
310.343: [GC (Allocation Failure)  576810K->252586K(1035776K), 0.0041088 secs]
310.348: Total time for which application threads were stopped: 0.0043004 seconds, Stopping threads took: 0.0000203 seconds
310.418: [GC (Allocation Failure)  576682K->246376K(1035264K), 0.0017302 secs]
310.419: Total time for which application threads were stopped: 0.0018588 seconds, Stopping threads took: 0.0000173 seconds
310.486: [GC (Allocation Failure)  569960K->252650K(1035776K), 0.0044184 secs]
310.491: Total time for which application threads were stopped: 0.0045790 seconds, Stopping threads took: 0.0000197 seconds
310.560: [GC (Allocation Failure)  576234K->256698K(1036288K), 0.0063029 secs]
310.566: Total time for which application threads were stopped: 0.0064796 seconds, Stopping threads took: 0.0000206 seconds
310.635: [GC (Allocation Failure)  581306K->256762K(1036288K), 0.0042194 secs]
310.639: Total time for which application threads were stopped: 0.0043789 seconds, Stopping threads took: 0.0000195 seconds
310.706: [GC (Allocation Failure)  581370K->256802K(1035264K), 0.0040430 secs]
310.710: Total time for which application threads were stopped: 0.0042067 seconds, Stopping threads took: 0.0000261 seconds
310.779: [GC (Allocation Failure)  580386K->264772K(1035776K), 0.0042010 secs]
310.783: Total time for which application threads were stopped: 0.0043668 seconds, Stopping threads took: 0.0000207 seconds
310.852: [GC (Allocation Failure)  588356K->264772K(1035776K), 0.0043004 secs]
310.857: Total time for which application threads were stopped: 0.0044699 seconds, Stopping threads took: 0.0000199 seconds
310.924: [GC (Allocation Failure)  588356K->265028K(1023488K), 0.0042154 secs]
310.929: Total time for which application threads were stopped: 0.0043971 seconds, Stopping threads took: 0.0000199 seconds
310.997: [GC (Allocation Failure)  588612K->272807K(1035264K), 0.0048604 secs]
311.002: Total time for which application threads were stopped: 0.0050252 seconds, Stopping threads took: 0.0000202 seconds
311.070: [GC (Allocation Failure)  595367K->272807K(1035264K), 0.0040832 secs]
311.074: Total time for which application threads were stopped: 0.0042602 seconds, Stopping threads took: 0.0000215 seconds
311.141: [GC (Allocation Failure)  595367K->272871K(1034240K), 0.0043305 secs]
311.145: Total time for which application threads were stopped: 0.0045063 seconds, Stopping threads took: 0.0000206 seconds
311.214: [GC (Allocation Failure)  594407K->280873K(1034752K), 0.0040915 secs]
311.219: Total time for which application threads were stopped: 0.0042606 seconds, Stopping threads took: 0.0000257 seconds
311.285: [GC (Allocation Failure)  602409K->280841K(1034752K), 0.0043351 secs]
311.290: Total time for which application threads were stopped: 0.0045059 seconds, Stopping threads took: 0.0000197 seconds
311.355: [GC (Allocation Failure)  602377K->281001K(1034752K), 0.0041515 secs]
311.359: Total time for which application threads were stopped: 0.0043450 seconds, Stopping threads took: 0.0000202 seconds
311.427: [GC (Allocation Failure)  602537K->288843K(1034752K), 0.0042495 secs]
311.431: Total time for which application threads were stopped: 0.0044115 seconds, Stopping threads took: 0.0000198 seconds
311.498: [GC (Allocation Failure)  610379K->288875K(1034752K), 0.0043081 secs]
311.502: Total time for which application threads were stopped: 0.0044822 seconds, Stopping threads took: 0.0000199 seconds
311.567: [GC (Allocation Failure)  610411K->289227K(1033728K), 0.0042101 secs]
311.571: Total time for which application threads were stopped: 0.0043696 seconds, Stopping threads took: 0.0000200 seconds
311.638: [GC (Allocation Failure)  609739K->296909K(1034240K), 0.0042325 secs]
311.642: Total time for which application threads were stopped: 0.0043795 seconds, Stopping threads took: 0.0000199 seconds
311.712: [GC (Allocation Failure)  617421K->296941K(1034240K), 0.0042567 secs]
311.717: Total time for which application threads were stopped: 0.0044355 seconds, Stopping threads took: 0.0000270 seconds
311.783: [GC (Allocation Failure)  617453K->297493K(1034240K), 0.0043813 secs]
311.788: Total time for which application threads were stopped: 0.0045512 seconds, Stopping threads took: 0.0000199 seconds
311.855: [GC (Allocation Failure)  618005K->304920K(1034240K), 0.0039450 secs]
311.859: Total time for which application threads were stopped: 0.0041013 seconds, Stopping threads took: 0.0000256 seconds
311.927: [GC (Allocation Failure)  625432K->304984K(1034240K), 0.0041860 secs]
311.931: Total time for which application threads were stopped: 0.0043586 seconds, Stopping threads took: 0.0000202 seconds
311.998: [GC (Allocation Failure)  625496K->305208K(1033216K), 0.0042564 secs]
312.002: Total time for which application threads were stopped: 0.0044314 seconds, Stopping threads took: 0.0000199 seconds
312.071: [GC (Allocation Failure)  624696K->312986K(1033728K), 0.0042695 secs]
312.076: Total time for which application threads were stopped: 0.0044589 seconds, Stopping threads took: 0.0000254 seconds
312.144: [GC (Allocation Failure)  632474K->312986K(1033728K), 0.0042047 secs]
312.148: Total time for which application threads were stopped: 0.0043619 seconds, Stopping threads took: 0.0000168 seconds
312.215: [GC (Allocation Failure)  632474K->313050K(1033728K), 0.0041401 secs]
312.219: Total time for which application threads were stopped: 0.0043134 seconds, Stopping threads took: 0.0000267 seconds
312.288: [GC (Allocation Failure)  632538K->321084K(1033728K), 0.0044705 secs]
312.292: Total time for which application threads were stopped: 0.0046384 seconds, Stopping threads took: 0.0000195 seconds
312.359: [GC (Allocation Failure)  640572K->321020K(1033728K), 0.0041348 secs]
312.364: Total time for which application threads were stopped: 0.0042945 seconds, Stopping threads took: 0.0000192 seconds
312.433: [GC (Allocation Failure)  640508K->321148K(1033728K), 0.0043892 secs]
312.438: Total time for which application threads were stopped: 0.0045697 seconds, Stopping threads took: 0.0000200 seconds
312.505: [GC (Allocation Failure)  640636K->329055K(1027072K), 0.0044963 secs]
312.510: Total time for which application threads were stopped: 0.0046649 seconds, Stopping threads took: 0.0000194 seconds
312.578: [GC (Allocation Failure)  648543K->329087K(1033216K), 0.0044492 secs]
312.582: Total time for which application threads were stopped: 0.0046207 seconds, Stopping threads took: 0.0000196 seconds
312.647: [GC (Allocation Failure)  647551K->329127K(1033216K), 0.0045238 secs]
312.651: Total time for which application threads were stopped: 0.0046932 seconds, Stopping threads took: 0.0000192 seconds
312.719: [GC (Allocation Failure)  647591K->337097K(1033216K), 0.0043538 secs]
312.723: Total time for which application threads were stopped: 0.0045244 seconds, Stopping threads took: 0.0000277 seconds
312.789: [GC (Allocation Failure)  655561K->333063K(1033216K), 0.0029588 secs]
312.792: Total time for which application threads were stopped: 0.0031266 seconds, Stopping threads took: 0.0000197 seconds
312.861: [GC (Allocation Failure)  651527K->337353K(1034752K), 0.0046986 secs]
312.866: Total time for which application threads were stopped: 0.0048733 seconds, Stopping threads took: 0.0000200 seconds
312.934: [GC (Allocation Failure)  658377K->341273K(1034240K), 0.0042683 secs]
312.938: Total time for which application threads were stopped: 0.0044405 seconds, Stopping threads took: 0.0000285 seconds
313.005: [GC (Allocation Failure)  662297K->334327K(1034752K), 0.0018684 secs]
313.007: Total time for which application threads were stopped: 0.0020159 seconds, Stopping threads took: 0.0000204 seconds
313.076: [GC (Allocation Failure)  655351K->341425K(1034240K), 0.0065282 secs]
313.082: Total time for which application threads were stopped: 0.0067154 seconds, Stopping threads took: 0.0000214 seconds
313.152: [GC (Allocation Failure)  662449K->345377K(1034752K), 0.0054623 secs]
313.158: Total time for which application threads were stopped: 0.0056398 seconds, Stopping threads took: 0.0000202 seconds
313.226: [GC (Allocation Failure)  666913K->338687K(1034752K), 0.0015687 secs]
313.228: Total time for which application threads were stopped: 0.0017126 seconds, Stopping threads took: 0.0000266 seconds
313.296: [GC (Allocation Failure)  660223K->345513K(1034752K), 0.0044231 secs]
313.301: Total time for which application threads were stopped: 0.0046090 seconds, Stopping threads took: 0.0000248 seconds
313.368: [GC (Allocation Failure)  667049K->349521K(1034752K), 0.0099288 secs]
313.378: Total time for which application threads were stopped: 0.0101087 seconds, Stopping threads took: 0.0000204 seconds
313.445: [GC (Allocation Failure)  671057K->344079K(1034752K), 0.0022419 secs]
313.447: Total time for which application threads were stopped: 0.0023923 seconds, Stopping threads took: 0.0000191 seconds
313.514: [GC (Allocation Failure)  665615K->349577K(1034752K), 0.0044466 secs]
313.519: Total time for which application threads were stopped: 0.0046297 seconds, Stopping threads took: 0.0000221 seconds
313.585: [GC (Allocation Failure)  671113K->353665K(1034752K), 0.0045819 secs]
313.589: Total time for which application threads were stopped: 0.0047582 seconds, Stopping threads took: 0.0000201 seconds
313.658: [GC (Allocation Failure)  676225K->349791K(1035264K), 0.0030736 secs]
313.661: Total time for which application threads were stopped: 0.0032365 seconds, Stopping threads took: 0.0000202 seconds
313.730: [GC (Allocation Failure)  672351K->353833K(1036288K), 0.0045912 secs]
313.734: Total time for which application threads were stopped: 0.0047847 seconds, Stopping threads took: 0.0000279 seconds
313.803: [GC (Allocation Failure)  677929K->357801K(1035776K), 0.0046858 secs]
313.808: Total time for which application threads were stopped: 0.0048622 seconds, Stopping threads took: 0.0000216 seconds
313.876: [GC (Allocation Failure)  681897K->357801K(1035776K), 0.0043707 secs]
313.881: Total time for which application threads were stopped: 0.0045522 seconds, Stopping threads took: 0.0000212 seconds
313.948: [GC (Allocation Failure)  681385K->357865K(1023488K), 0.0044450 secs]
313.953: Total time for which application threads were stopped: 0.0046073 seconds, Stopping threads took: 0.0000198 seconds
314.021: [GC (Allocation Failure)  681449K->365867K(1035264K), 0.0044595 secs]
314.025: Total time for which application threads were stopped: 0.0046172 seconds, Stopping threads took: 0.0000195 seconds
314.095: [GC (Allocation Failure)  688427K->365803K(1030144K), 0.0040893 secs]
314.100: Total time for which application threads were stopped: 0.0042866 seconds, Stopping threads took: 0.0000198 seconds
314.167: [GC (Allocation Failure)  688363K->365899K(1034752K), 0.0047639 secs]
314.172: Total time for which application threads were stopped: 0.0049334 seconds, Stopping threads took: 0.0000202 seconds
314.239: [GC (Allocation Failure)  687435K->373869K(1034752K), 0.0043781 secs]
314.243: Total time for which application threads were stopped: 0.0045637 seconds, Stopping threads took: 0.0000206 seconds
314.313: [GC (Allocation Failure)  695405K->373901K(1033728K), 0.0041608 secs]
314.317: Total time for which application threads were stopped: 0.0043306 seconds, Stopping threads took: 0.0000195 seconds
314.384: [GC (Allocation Failure)  694413K->374053K(1034240K), 0.0045799 secs]
314.389: Total time for which application threads were stopped: 0.0047619 seconds, Stopping threads took: 0.0000279 seconds
314.457: [GC (Allocation Failure)  694565K->381928K(1034240K), 0.0043999 secs]
314.461: Total time for which application threads were stopped: 0.0045692 seconds, Stopping threads took: 0.0000198 seconds
314.529: [GC (Allocation Failure)  702440K->381896K(1034240K), 0.0042964 secs]
314.533: Total time for which application threads were stopped: 0.0044558 seconds, Stopping threads took: 0.0000195 seconds
314.600: [GC (Allocation Failure)  702408K->382336K(1034240K), 0.0043260 secs]
314.604: Total time for which application threads were stopped: 0.0044908 seconds, Stopping threads took: 0.0000205 seconds
314.671: [GC (Allocation Failure)  702848K->389954K(1028096K), 0.0044735 secs]
314.676: Total time for which application threads were stopped: 0.0046415 seconds, Stopping threads took: 0.0000193 seconds
314.743: [GC (Allocation Failure)  710466K->389922K(1033728K), 0.0043047 secs]
314.748: Total time for which application threads were stopped: 0.0044867 seconds, Stopping threads took: 0.0000205 seconds
314.815: [GC (Allocation Failure)  709410K->390058K(1033728K), 0.0042992 secs]
314.819: Total time for which application threads were stopped: 0.0044624 seconds, Stopping threads took: 0.0000196 seconds
314.886: [GC (Allocation Failure)  709546K->397964K(1033728K), 0.0044499 secs]
314.891: Total time for which application threads were stopped: 0.0046153 seconds, Stopping threads took: 0.0000197 seconds
314.958: [GC (Allocation Failure)  717452K->397964K(1033728K), 0.0044030 secs]
314.962: Total time for which application threads were stopped: 0.0045666 seconds, Stopping threads took: 0.0000207 seconds
315.029: [GC (Allocation Failure)  717452K->397996K(1033728K), 0.0069669 secs]
315.036: Total time for which application threads were stopped: 0.0071550 seconds, Stopping threads took: 0.0000205 seconds
315.102: [GC (Allocation Failure)  717484K->406030K(1027072K), 0.0046473 secs]
315.107: Total time for which application threads were stopped: 0.0048305 seconds, Stopping threads took: 0.0000197 seconds
315.172: [GC (Allocation Failure)  725518K->402060K(1034240K), 0.0033062 secs]
315.175: Total time for which application threads were stopped: 0.0034790 seconds, Stopping threads took: 0.0000317 seconds
315.244: [GC (Allocation Failure)  721548K->406158K(1033216K), 0.0045621 secs]
315.248: Total time for which application threads were stopped: 0.0047615 seconds, Stopping threads took: 0.0000262 seconds
315.316: [GC (Allocation Failure)  725646K->410126K(1034752K), 0.0043029 secs]
315.320: Total time for which application threads were stopped: 0.0044753 seconds, Stopping threads took: 0.0000202 seconds
315.388: [GC (Allocation Failure)  731662K->403340K(1034752K), 0.0023054 secs]
315.390: Total time for which application threads were stopped: 0.0024771 seconds, Stopping threads took: 0.0000248 seconds
315.458: [GC (Allocation Failure)  724876K->410230K(1034752K), 0.0043631 secs]
315.462: Total time for which application threads were stopped: 0.0045582 seconds, Stopping threads took: 0.0000198 seconds
315.530: [GC (Allocation Failure)  731766K->414278K(1034752K), 0.0053348 secs]
315.536: Total time for which application threads were stopped: 0.0054989 seconds, Stopping threads took: 0.0000203 seconds
315.601: [GC (Allocation Failure)  735814K->408740K(1034752K), 0.0023852 secs]
315.603: Total time for which application threads were stopped: 0.0025608 seconds, Stopping threads took: 0.0000196 seconds
315.670: [GC (Allocation Failure)  730276K->414542K(1034752K), 0.0046007 secs]
315.675: Total time for which application threads were stopped: 0.0047765 seconds, Stopping threads took: 0.0000204 seconds
315.742: [GC (Allocation Failure)  736078K->418446K(1035264K), 0.0048732 secs]
315.747: Total time for which application threads were stopped: 0.0050353 seconds, Stopping threads took: 0.0000198 seconds
315.814: [GC (Allocation Failure)  740935K->414508K(1035264K), 0.0031658 secs]
315.817: Total time for which application threads were stopped: 0.0033378 seconds, Stopping threads took: 0.0000211 seconds
315.885: [GC (Allocation Failure)  737068K->418574K(1036288K), 0.0046838 secs]
315.889: Total time for which application threads were stopped: 0.0048586 seconds, Stopping threads took: 0.0000207 seconds
315.957: [GC (Allocation Failure)  742670K->422542K(1035776K), 0.0045264 secs]
315.961: Total time for which application threads were stopped: 0.0046994 seconds, Stopping threads took: 0.0000215 seconds
316.030: [GC (Allocation Failure)  746638K->422542K(1035776K), 0.0043979 secs]
316.034: Total time for which application threads were stopped: 0.0045682 seconds, Stopping threads took: 0.0000201 seconds
316.102: [GC (Allocation Failure)  746126K->422598K(1023488K), 0.0043690 secs]
316.106: Total time for which application threads were stopped: 0.0045659 seconds, Stopping threads took: 0.0000198 seconds
316.175: [GC (Allocation Failure)  746182K->430569K(1035264K), 0.0044079 secs]
316.179: Total time for which application threads were stopped: 0.0045731 seconds, Stopping threads took: 0.0000255 seconds
316.247: [GC (Allocation Failure)  753129K->430537K(1030144K), 0.0043116 secs]
316.251: Total time for which application threads were stopped: 0.0045079 seconds, Stopping threads took: 0.0000247 seconds
316.321: [GC (Allocation Failure)  753097K->430633K(1034752K), 0.0044644 secs]
316.325: Total time for which application threads were stopped: 0.0046471 seconds, Stopping threads took: 0.0000178 seconds
316.395: [GC (Allocation Failure)  752169K->438603K(1034752K), 0.0082634 secs]
316.403: Total time for which application threads were stopped: 0.0084538 seconds, Stopping threads took: 0.0000261 seconds
316.471: [GC (Allocation Failure)  760139K->438635K(1033728K), 0.0044561 secs]
316.476: Total time for which application threads were stopped: 0.0046398 seconds, Stopping threads took: 0.0000171 seconds
316.544: [GC (Allocation Failure)  759147K->438859K(1034240K), 0.0044713 secs]
316.549: Total time for which application threads were stopped: 0.0046230 seconds, Stopping threads took: 0.0000173 seconds
316.617: [GC (Allocation Failure)  759371K->446637K(1034240K), 0.0043040 secs]
316.621: Total time for which application threads were stopped: 0.0044656 seconds, Stopping threads took: 0.0000194 seconds
316.689: [GC (Allocation Failure)  767149K->446605K(1034240K), 0.0043698 secs]
316.694: Total time for which application threads were stopped: 0.0045489 seconds, Stopping threads took: 0.0000279 seconds
316.762: [GC (Allocation Failure)  767117K->447077K(1034240K), 0.0045577 secs]
316.766: Total time for which application threads were stopped: 0.0047185 seconds, Stopping threads took: 0.0000188 seconds
316.834: [GC (Allocation Failure)  767589K->454663K(1028096K), 0.0046830 secs]
316.838: Total time for which application threads were stopped: 0.0048777 seconds, Stopping threads took: 0.0000198 seconds
316.906: [GC (Allocation Failure)  775175K->454663K(1033728K), 0.0045011 secs]
316.911: Total time for which application threads were stopped: 0.0046733 seconds, Stopping threads took: 0.0000199 seconds
316.976: [GC (Allocation Failure)  774151K->454791K(1033728K), 0.0045715 secs]
316.981: Total time for which application threads were stopped: 0.0047502 seconds, Stopping threads took: 0.0000278 seconds
317.048: [GC (Allocation Failure)  774279K->462698K(1033728K), 0.0043627 secs]
317.053: Total time for which application threads were stopped: 0.0045591 seconds, Stopping threads took: 0.0000203 seconds
317.122: [GC (Allocation Failure)  782186K->462698K(1033728K), 0.0044678 secs]
317.126: Total time for which application threads were stopped: 0.0046287 seconds, Stopping threads took: 0.0000200 seconds
317.192: [GC (Allocation Failure)  782186K->462762K(1033728K), 0.0044150 secs]
317.197: Total time for which application threads were stopped: 0.0045904 seconds, Stopping threads took: 0.0000263 seconds
317.262: [GC (Allocation Failure)  782250K->470732K(1027072K), 0.0046265 secs]
317.267: Total time for which application threads were stopped: 0.0047868 seconds, Stopping threads took: 0.0000192 seconds
317.331: [GC (Allocation Failure)  790220K->466826K(1034240K), 0.0036634 secs]
317.335: Total time for which application threads were stopped: 0.0038318 seconds, Stopping threads took: 0.0000197 seconds
317.403: [GC (Allocation Failure)  786314K->470892K(1033216K), 0.0046257 secs]
317.408: Total time for which application threads were stopped: 0.0047951 seconds, Stopping threads took: 0.0000198 seconds
317.475: [GC (Allocation Failure)  790380K->474860K(1034752K), 0.0045209 secs]
317.479: Total time for which application threads were stopped: 0.0046816 seconds, Stopping threads took: 0.0000192 seconds
317.546: [GC (Allocation Failure)  796396K->468074K(1034752K), 0.0019104 secs]
317.548: Total time for which application threads were stopped: 0.0020535 seconds, Stopping threads took: 0.0000195 seconds
317.615: [GC (Allocation Failure)  789610K->474924K(1034752K), 0.0043390 secs]
317.619: Total time for which application threads were stopped: 0.0045080 seconds, Stopping threads took: 0.0000196 seconds
317.685: [GC (Allocation Failure)  796460K->479004K(1034752K), 0.0053827 secs]
317.691: Total time for which application threads were stopped: 0.0055533 seconds, Stopping threads took: 0.0000278 seconds
317.756: [GC (Allocation Failure)  800540K->473466K(1034752K), 0.0024760 secs]
317.759: Total time for which application threads were stopped: 0.0026360 seconds, Stopping threads took: 0.0000279 seconds
317.828: [GC (Allocation Failure)  795002K->479308K(1034752K), 0.0045830 secs]
317.833: Total time for which application threads were stopped: 0.0047548 seconds, Stopping threads took: 0.0000197 seconds
317.900: [GC (Allocation Failure)  800844K->483148K(1034752K), 0.0048440 secs]
317.905: Total time for which application threads were stopped: 0.0050059 seconds, Stopping threads took: 0.0000196 seconds
317.972: [GC (Allocation Failure)  805636K->479274K(1035264K), 0.0034292 secs]
317.975: Total time for which application threads were stopped: 0.0035914 seconds, Stopping threads took: 0.0000186 seconds
318.043: [GC (Allocation Failure)  801834K->483308K(1036288K), 0.0048223 secs]
318.048: Total time for which application threads were stopped: 0.0049810 seconds, Stopping threads took: 0.0000199 seconds
318.115: [GC (Allocation Failure)  807404K->487308K(1035776K), 0.0052747 secs]
318.121: Total time for which application threads were stopped: 0.0054615 seconds, Stopping threads took: 0.0000195 seconds
318.189: [GC (Allocation Failure)  811404K->487244K(1035776K), 0.0044098 secs]
318.194: Total time for which application threads were stopped: 0.0045659 seconds, Stopping threads took: 0.0000261 seconds
318.261: [GC (Allocation Failure)  810828K->487332K(1023488K), 0.0054688 secs]
318.267: Total time for which application threads were stopped: 0.0056726 seconds, Stopping threads took: 0.0000281 seconds
318.335: [GC (Allocation Failure)  810916K->495334K(1035264K), 0.0047144 secs]
318.340: Total time for which application threads were stopped: 0.0048848 seconds, Stopping threads took: 0.0000195 seconds
318.408: [GC (Allocation Failure)  817894K->495302K(1030144K), 0.0044470 secs]
318.413: Total time for which application threads were stopped: 0.0046171 seconds, Stopping threads took: 0.0000195 seconds
318.481: [GC (Allocation Failure)  817862K->495366K(1034752K), 0.0046686 secs]
318.485: Total time for which application threads were stopped: 0.0048304 seconds, Stopping threads took: 0.0000193 seconds
318.553: [GC (Allocation Failure)  816902K->503337K(1034752K), 0.0047547 secs]
318.558: Total time for which application threads were stopped: 0.0049143 seconds, Stopping threads took: 0.0000197 seconds
318.627: [GC (Allocation Failure)  824873K->503305K(1033728K), 0.0043344 secs]
318.631: Total time for which application threads were stopped: 0.0044951 seconds, Stopping threads took: 0.0000205 seconds
318.698: [GC (Allocation Failure)  823817K->503593K(1034240K), 0.0044502 secs]
318.703: Total time for which application threads were stopped: 0.0046251 seconds, Stopping threads took: 0.0000268 seconds
318.770: [GC (Allocation Failure)  824105K->511403K(1034240K), 0.0045318 secs]
318.775: Total time for which application threads were stopped: 0.0046986 seconds, Stopping threads took: 0.0000274 seconds
318.844: [GC (Allocation Failure)  831915K->511371K(1034240K), 0.0046925 secs]
318.849: Total time for which application threads were stopped: 0.0048613 seconds, Stopping threads took: 0.0000216 seconds
318.916: [GC (Allocation Failure)  831883K->511819K(1033216K), 0.0047720 secs]
318.921: Total time for which application threads were stopped: 0.0049669 seconds, Stopping threads took: 0.0000195 seconds
318.990: [GC (Allocation Failure)  831307K->519405K(1033728K), 0.0045852 secs]
318.995: Total time for which application threads were stopped: 0.0047506 seconds, Stopping threads took: 0.0000254 seconds
319.062: [GC (Allocation Failure)  838893K->519405K(1033728K), 0.0045987 secs]
319.067: Total time for which application threads were stopped: 0.0047610 seconds, Stopping threads took: 0.0000192 seconds
319.132: [GC (Allocation Failure)  838893K->519533K(1033728K), 0.0046776 secs]
319.137: Total time for which application threads were stopped: 0.0048403 seconds, Stopping threads took: 0.0000201 seconds
319.206: [GC (Allocation Failure)  839021K->527439K(1033728K), 0.0046121 secs]
319.211: Total time for which application threads were stopped: 0.0047887 seconds, Stopping threads took: 0.0000283 seconds
319.279: [GC (Allocation Failure)  846927K->527439K(1033728K), 0.0046778 secs]
319.284: Total time for which application threads were stopped: 0.0048452 seconds, Stopping threads took: 0.0000197 seconds
319.351: [GC (Allocation Failure)  846927K->527495K(1033728K), 0.0047621 secs]
319.356: Total time for which application threads were stopped: 0.0049297 seconds, Stopping threads took: 0.0000190 seconds
319.424: [GC (Allocation Failure)  846983K->535466K(1027072K), 0.0048080 secs]
319.429: Total time for which application threads were stopped: 0.0049771 seconds, Stopping threads took: 0.0000196 seconds
319.494: [GC (Allocation Failure)  854953K->531559K(1034240K), 0.0036343 secs]
319.497: Total time for which application threads were stopped: 0.0038279 seconds, Stopping threads took: 0.0000203 seconds
319.568: [GC (Allocation Failure)  851047K->535626K(1033216K), 0.0049848 secs]
319.573: Total time for which application threads were stopped: 0.0051551 seconds, Stopping threads took: 0.0000200 seconds
319.641: [GC (Allocation Failure)  855114K->539594K(1034752K), 0.0045514 secs]
319.646: Total time for which application threads were stopped: 0.0047259 seconds, Stopping threads took: 0.0000206 seconds
319.713: [GC (Allocation Failure)  861130K->532807K(1034752K), 0.0020597 secs]
319.715: Total time for which application threads were stopped: 0.0022152 seconds, Stopping threads took: 0.0000285 seconds
319.784: [GC (Allocation Failure)  854343K->539658K(1034752K), 0.0046058 secs]
319.788: Total time for which application threads were stopped: 0.0047768 seconds, Stopping threads took: 0.0000204 seconds
319.854: [GC (Allocation Failure)  861194K->543762K(1034752K), 0.0056488 secs]
319.860: Total time for which application threads were stopped: 0.0058319 seconds, Stopping threads took: 0.0000248 seconds
319.925: [GC (Allocation Failure)  865298K->538159K(1034752K), 0.0028440 secs]
319.928: Total time for which application threads were stopped: 0.0030149 seconds, Stopping threads took: 0.0000261 seconds
319.995: [GC (Allocation Failure)  859695K->544042K(1034752K), 0.0046372 secs]
320.000: Total time for which application threads were stopped: 0.0048002 seconds, Stopping threads took: 0.0000196 seconds
320.067: [GC (Allocation Failure)  865578K->547882K(1035264K), 0.0050346 secs]
320.072: Total time for which application threads were stopped: 0.0052216 seconds, Stopping threads took: 0.0000280 seconds
320.138: [GC (Allocation Failure)  870370K->544007K(1035264K), 0.0034299 secs]
320.142: Total time for which application threads were stopped: 0.0035872 seconds, Stopping threads took: 0.0000192 seconds
320.210: [GC (Allocation Failure)  866567K->548042K(1036288K), 0.0051338 secs]
320.215: Total time for which application threads were stopped: 0.0053022 seconds, Stopping threads took: 0.0000279 seconds
320.283: [GC (Allocation Failure)  872138K->552010K(1035776K), 0.0045855 secs]
320.287: Total time for which application threads were stopped: 0.0047454 seconds, Stopping threads took: 0.0000201 seconds
320.356: [GC (Allocation Failure)  876106K->552010K(1035776K), 0.0045248 secs]
320.360: Total time for which application threads were stopped: 0.0046843 seconds, Stopping threads took: 0.0000201 seconds
320.428: [GC (Allocation Failure)  875594K->552074K(1023488K), 0.0045461 secs]
320.433: Total time for which application threads were stopped: 0.0047392 seconds, Stopping threads took: 0.0000198 seconds
320.501: [GC (Allocation Failure)  875658K->560076K(1035264K), 0.0046250 secs]
320.505: Total time for which application threads were stopped: 0.0047750 seconds, Stopping threads took: 0.0000169 seconds
320.575: [GC (Allocation Failure)  882636K->560044K(1030144K), 0.0044835 secs]
320.580: Total time for which application threads were stopped: 0.0046496 seconds, Stopping threads took: 0.0000197 seconds
320.648: [GC (Allocation Failure)  882604K->560100K(1034752K), 0.0049781 secs]
320.653: Total time for which application threads were stopped: 0.0051492 seconds, Stopping threads took: 0.0000197 seconds
320.721: [GC (Allocation Failure)  881636K->568102K(1029120K), 0.0049136 secs]
320.726: Total time for which application threads were stopped: 0.0050822 seconds, Stopping threads took: 0.0000268 seconds
320.794: [GC (Allocation Failure)  889638K->568070K(1034240K), 0.0045522 secs]
320.799: Total time for which application threads were stopped: 0.0047218 seconds, Stopping threads took: 0.0000197 seconds
320.866: [GC (Allocation Failure)  888582K->568334K(1034240K), 0.0047941 secs]
320.871: Total time for which application threads were stopped: 0.0049905 seconds, Stopping threads took: 0.0000206 seconds
320.940: [GC (Allocation Failure)  888846K->576112K(1034240K), 0.0045650 secs]
320.945: Total time for which application threads were stopped: 0.0047324 seconds, Stopping threads took: 0.0000193 seconds
321.014: [GC (Allocation Failure)  896624K->576144K(1034240K), 0.0052211 secs]
321.019: Total time for which application threads were stopped: 0.0053881 seconds, Stopping threads took: 0.0000189 seconds
321.086: [GC (Allocation Failure)  896656K->576552K(1033216K), 0.0049019 secs]
321.091: Total time for which application threads were stopped: 0.0050902 seconds, Stopping threads took: 0.0000216 seconds
321.159: [GC (Allocation Failure)  896040K->584139K(1033728K), 0.0048950 secs]
321.164: Total time for which application threads were stopped: 0.0050654 seconds, Stopping threads took: 0.0000201 seconds
321.231: [GC (Allocation Failure)  903627K->584107K(1033728K), 0.0046526 secs]
321.236: Total time for which application threads were stopped: 0.0048358 seconds, Stopping threads took: 0.0000259 seconds
321.303: [GC (Allocation Failure)  903595K->584267K(1033728K), 0.0049064 secs]
321.308: Total time for which application threads were stopped: 0.0050904 seconds, Stopping threads took: 0.0000172 seconds
321.377: [GC (Allocation Failure)  903755K->592173K(1033728K), 0.0056551 secs]
321.382: Total time for which application threads were stopped: 0.0058250 seconds, Stopping threads took: 0.0000248 seconds
321.450: [GC (Allocation Failure)  911661K->592173K(1033728K), 0.0049005 secs]
321.455: Total time for which application threads were stopped: 0.0050517 seconds, Stopping threads took: 0.0000170 seconds
321.521: [GC (Allocation Failure)  911661K->592229K(1033728K), 0.0049980 secs]
321.526: Total time for which application threads were stopped: 0.0051799 seconds, Stopping threads took: 0.0000206 seconds
321.594: [GC (Allocation Failure)  911717K->600199K(1027072K), 0.0049368 secs]
321.599: Total time for which application threads were stopped: 0.0051081 seconds, Stopping threads took: 0.0000207 seconds
321.664: [GC (Allocation Failure)  919687K->596325K(1034240K), 0.0039645 secs]
321.668: Total time for which application threads were stopped: 0.0041351 seconds, Stopping threads took: 0.0000198 seconds
321.736: [GC (Allocation Failure)  915813K->600359K(1033216K), 0.0049887 secs]
321.742: Total time for which application threads were stopped: 0.0051641 seconds, Stopping threads took: 0.0000262 seconds
321.809: [GC (Allocation Failure)  919847K->604327K(1034752K), 0.0047916 secs]
321.814: Total time for which application threads were stopped: 0.0049669 seconds, Stopping threads took: 0.0000195 seconds
321.880: [GC (Allocation Failure)  925863K->597541K(1034752K), 0.0021502 secs]
321.882: Total time for which application threads were stopped: 0.0023069 seconds, Stopping threads took: 0.0000195 seconds
321.951: [GC (Allocation Failure)  919077K->604391K(1034752K), 0.0047835 secs]
321.956: Total time for which application threads were stopped: 0.0049539 seconds, Stopping threads took: 0.0000171 seconds
322.023: [GC (Allocation Failure)  925927K->608471K(1034752K), 0.0057169 secs]
322.028: Total time for which application threads were stopped: 0.0058970 seconds, Stopping threads took: 0.0000203 seconds
322.094: [GC (Allocation Failure)  930007K->602933K(1034752K), 0.0030200 secs]
322.097: Total time for which application threads were stopped: 0.0031792 seconds, Stopping threads took: 0.0000206 seconds
322.165: [GC (Allocation Failure)  924469K->608743K(1034752K), 0.0047368 secs]
322.169: Total time for which application threads were stopped: 0.0049037 seconds, Stopping threads took: 0.0000193 seconds
322.238: [GC (Allocation Failure)  930279K->612615K(1034752K), 0.0051546 secs]
322.243: Total time for which application threads were stopped: 0.0053409 seconds, Stopping threads took: 0.0000282 seconds
322.311: [GC (Allocation Failure)  935103K->608709K(1035264K), 0.0035609 secs]
322.315: Total time for which application threads were stopped: 0.0037212 seconds, Stopping threads took: 0.0000199 seconds
322.383: [GC (Allocation Failure)  931269K->612703K(1036288K), 0.0059284 secs]
322.389: Total time for which application threads were stopped: 0.0061311 seconds, Stopping threads took: 0.0000278 seconds
322.456: [GC (Allocation Failure)  936799K->616735K(1035776K), 0.0048337 secs]
322.461: Total time for which application threads were stopped: 0.0050280 seconds, Stopping threads took: 0.0000201 seconds
322.531: [GC (Allocation Failure)  940831K->616735K(1035776K), 0.0047949 secs]
322.536: Total time for which application threads were stopped: 0.0049690 seconds, Stopping threads took: 0.0000169 seconds
322.603: [GC (Allocation Failure)  940319K->616807K(1023488K), 0.0050711 secs]
322.609: Total time for which application threads were stopped: 0.0052577 seconds, Stopping threads took: 0.0000207 seconds
322.675: [GC (Allocation Failure)  940391K->624777K(1035264K), 0.0049303 secs]
322.680: Total time for which application threads were stopped: 0.0050938 seconds, Stopping threads took: 0.0000198 seconds
322.747: [GC (Allocation Failure)  947337K->624777K(1030144K), 0.0047460 secs]
322.752: Total time for which application threads were stopped: 0.0049142 seconds, Stopping threads took: 0.0000273 seconds
322.821: [GC (Allocation Failure)  947337K->624841K(1034752K), 0.0048577 secs]
322.826: Total time for which application threads were stopped: 0.0050184 seconds, Stopping threads took: 0.0000197 seconds
322.894: [GC (Allocation Failure)  946377K->632844K(1029120K), 0.0050271 secs]
322.899: Total time for which application threads were stopped: 0.0051909 seconds, Stopping threads took: 0.0000192 seconds
322.967: [GC (Allocation Failure)  954380K->632780K(1034240K), 0.0047086 secs]
322.972: Total time for which application threads were stopped: 0.0048879 seconds, Stopping threads took: 0.0000283 seconds
323.039: [GC (Allocation Failure)  953292K->633060K(1034240K), 0.0049256 secs]
323.044: Total time for which application threads were stopped: 0.0051198 seconds, Stopping threads took: 0.0000206 seconds
323.113: [GC (Allocation Failure)  953572K->640870K(1034240K), 0.0047949 secs]
323.118: Total time for which application threads were stopped: 0.0049724 seconds, Stopping threads took: 0.0000196 seconds
323.186: [GC (Allocation Failure)  961382K->640838K(1034240K), 0.0048681 secs]
323.191: Total time for which application threads were stopped: 0.0050302 seconds, Stopping threads took: 0.0000256 seconds
323.258: [GC (Allocation Failure)  961350K->641294K(1033216K), 0.0050366 secs]
323.264: Total time for which application threads were stopped: 0.0052079 seconds, Stopping threads took: 0.0000194 seconds
323.331: [GC (Allocation Failure)  960782K->648880K(1033728K), 0.0049922 secs]
323.336: Total time for which application threads were stopped: 0.0051637 seconds, Stopping threads took: 0.0000198 seconds
323.405: [GC (Allocation Failure)  968368K->648880K(1033728K), 0.0048045 secs]
323.410: Total time for which application threads were stopped: 0.0049971 seconds, Stopping threads took: 0.0000196 seconds
323.476: [GC (Allocation Failure)  968368K->649000K(1033728K), 0.0049813 secs]
323.482: Total time for which application threads were stopped: 0.0051426 seconds, Stopping threads took: 0.0000191 seconds
323.549: [GC (Allocation Failure)  968488K->656906K(1033728K), 0.0048021 secs]
323.554: Total time for which application threads were stopped: 0.0050100 seconds, Stopping threads took: 0.0000187 seconds
323.622: [GC (Allocation Failure)  976394K->656906K(1033728K), 0.0050632 secs]
323.627: Total time for which application threads were stopped: 0.0052479 seconds, Stopping threads took: 0.0000352 seconds
323.694: [GC (Allocation Failure)  976394K->656970K(1033728K), 0.0048487 secs]
323.699: Total time for which application threads were stopped: 0.0050332 seconds, Stopping threads took: 0.0000269 seconds
323.766: [GC (Allocation Failure)  976458K->664909K(1027072K), 0.0050288 secs]
323.771: Total time for which application threads were stopped: 0.0051946 seconds, Stopping threads took: 0.0000282 seconds
323.838: [GC (Allocation Failure)  984396K->661034K(1034240K), 0.0039598 secs]
323.842: Total time for which application threads were stopped: 0.0041335 seconds, Stopping threads took: 0.0000218 seconds
323.910: [GC (Allocation Failure)  980522K->665093K(1033216K), 0.0051719 secs]
323.915: Total time for which application threads were stopped: 0.0053714 seconds, Stopping threads took: 0.0000376 seconds
323.983: [GC (Allocation Failure)  984581K->669093K(1034752K), 0.0049475 secs]
323.988: Total time for which application threads were stopped: 0.0051122 seconds, Stopping threads took: 0.0000203 seconds
324.055: [GC (Allocation Failure)  990629K->662274K(1034752K), 0.0023398 secs]
324.057: Total time for which application threads were stopped: 0.0024900 seconds, Stopping threads took: 0.0000202 seconds
324.125: [GC (Allocation Failure)  983810K->669157K(1034752K), 0.0049343 secs]
324.130: Total time for which application threads were stopped: 0.0051123 seconds, Stopping threads took: 0.0000210 seconds
324.196: [GC (Allocation Failure)  990693K->673205K(1034752K), 0.0059160 secs]
324.202: Total time for which application threads were stopped: 0.0061002 seconds, Stopping threads took: 0.0000263 seconds
324.268: [GC (Allocation Failure)  994741K->667666K(1034752K), 0.0031060 secs]
324.271: Total time for which application threads were stopped: 0.0032701 seconds, Stopping threads took: 0.0000193 seconds
324.340: [GC (Allocation Failure)  989202K->673477K(1034752K), 0.0048332 secs]
324.345: Total time for which application threads were stopped: 0.0050098 seconds, Stopping threads took: 0.0000197 seconds
324.412: [GC (Allocation Failure)  995013K->677349K(1034752K), 0.0054178 secs]
324.418: Total time for which application threads were stopped: 0.0055850 seconds, Stopping threads took: 0.0000193 seconds
324.485: [GC (Allocation Failure)  999837K->673442K(1035264K), 0.0037607 secs]
324.488: Total time for which application threads were stopped: 0.0039292 seconds, Stopping threads took: 0.0000197 seconds
324.556: [GC (Allocation Failure)  996002K->677509K(1036288K), 0.0052739 secs]
324.562: Total time for which application threads were stopped: 0.0054858 seconds, Stopping threads took: 0.0000205 seconds
324.631: [GC (Allocation Failure)  1001605K->681509K(1035776K), 0.0047560 secs]
324.636: Total time for which application threads were stopped: 0.0049301 seconds, Stopping threads took: 0.0000177 seconds
324.707: [GC (Allocation Failure)  1005605K->681477K(1035776K), 0.0047105 secs]
324.711: Total time for which application threads were stopped: 0.0048799 seconds, Stopping threads took: 0.0000264 seconds
324.780: [GC (Allocation Failure)  1005061K->681549K(1023488K), 0.0049641 secs]
324.785: Total time for which application threads were stopped: 0.0051395 seconds, Stopping threads took: 0.0000197 seconds
324.851: [GC (Allocation Failure)  1005133K->689551K(1035264K), 0.0049737 secs]
324.856: Total time for which application threads were stopped: 0.0051333 seconds, Stopping threads took: 0.0000191 seconds
324.924: [GC (Allocation Failure)  1012111K->689519K(1030144K), 0.0048739 secs]
324.929: Total time for which application threads were stopped: 0.0050303 seconds, Stopping threads took: 0.0000196 seconds
324.996: [GC (Allocation Failure)  1012079K->689583K(1034752K), 0.0067215 secs]
325.003: [Full GC (Ergonomics)  689583K->8520K(1034752K), 0.0123192 secs]
325.015: Total time for which application threads were stopped: 0.0192856 seconds, Stopping threads took: 0.0000197 seconds
325.083: [GC (Allocation Failure)  330056K->16618K(1029120K), 0.0036882 secs]
325.087: Total time for which application threads were stopped: 0.0038446 seconds, Stopping threads took: 0.0000169 seconds
325.155: [GC (Allocation Failure)  338154K->16602K(1034240K), 0.0035178 secs]
325.158: Total time for which application threads were stopped: 0.0036767 seconds, Stopping threads took: 0.0000188 seconds
325.226: [GC (Allocation Failure)  337114K->16818K(1034240K), 0.0064734 secs]
325.232: Total time for which application threads were stopped: 0.0066679 seconds, Stopping threads took: 0.0000264 seconds
325.301: [GC (Allocation Failure)  337330K->24660K(1034240K), 0.0054340 secs]
325.306: Total time for which application threads were stopped: 0.0056033 seconds, Stopping threads took: 0.0000199 seconds
325.374: [GC (Allocation Failure)  345172K->24596K(1034240K), 0.0044504 secs]
325.379: Total time for which application threads were stopped: 0.0046066 seconds, Stopping threads took: 0.0000242 seconds
325.446: [GC (Allocation Failure)  345108K->25036K(1033216K), 0.0036772 secs]
325.450: Total time for which application threads were stopped: 0.0038839 seconds, Stopping threads took: 0.0000202 seconds
